[0.007s][info][gc,init] Initializing The Z Garbage Collector
[0.007s][info][gc,init] Version: 17.0.12+7-adhoc..jdk17u (release)
[0.007s][info][gc,init] NUMA Support: Disabled
[0.007s][info][gc,init] CPUs: 6 total, 6 available
[0.007s][info][gc,init] Memory: 15591M
[0.007s][info][gc,init] Large Page Support: Disabled
[0.007s][info][gc,init] GC Workers: 2 (dynamic)
[0.007s][info][gc,init] Address Space Type: Contiguous/Unrestricted/Complete
[0.007s][info][gc,init] Address Space Size: 32768M x 3 = 98304M
[0.008s][info][gc,init] Min Capacity: 2048M
[0.008s][info][gc,init] Initial Capacity: 2048M
[0.008s][info][gc,init] Max Capacity: 2048M
[0.013s][info][gc,init] Medium Page Size: 32M
[0.013s][info][gc,init] Pre-touch: Disabled
[0.013s][info][gc,init] Uncommit: Implicitly Disabled (-Xms equals -Xmx)
[0.090s][info][gc,init] Runtime Workers: 4
[0.091s][info][gc     ] Using The Z Garbage Collector
[0.099s][info][gc,metaspace] CDS archive(s) mapped at: [0x0000019837000000-0x0000019837bc0000-0x0000019837bc0000), size 12320768, SharedBaseAddress: 0x0000019837000000, ArchiveRelocationMode: 1.
[0.099s][info][gc,metaspace] Compressed class space mapped at: 0x0000019838000000-0x0000019878000000, reserved size: 1073741824
[0.099s][info][gc,metaspace] Narrow klass base: 0x0000019837000000, Narrow klass shift: 0, Narrow klass range: 0x100000000
[7.361s][info][gc,start    ] GC(0) Garbage Collection (Metadata GC Threshold)
[7.361s][info][gc,task     ] GC(0) Using 2 workers
[7.361s][info][gc,phases   ] GC(0) Pause Mark Start 0.005ms
[7.394s][info][gc,phases   ] GC(0) Concurrent Mark 32.741ms
[7.395s][info][gc,phases   ] GC(0) Pause Mark End 0.092ms
[7.395s][info][gc,phases   ] GC(0) Concurrent Mark Free 0.001ms
[7.397s][info][gc,phases   ] GC(0) Concurrent Process Non-Strong References 2.179ms
[7.398s][info][gc,phases   ] GC(0) Concurrent Reset Relocation Set 0.006ms
[7.405s][info][gc,phases   ] GC(0) Concurrent Select Relocation Set 7.348ms
[7.405s][info][gc,phases   ] GC(0) Pause Relocate Start 0.008ms
[7.411s][info][gc,phases   ] GC(0) Concurrent Relocate 5.505ms
[7.411s][info][gc,load     ] GC(0) Load: 0.00/0.00/0.00
[7.411s][info][gc,mmu      ] GC(0) MMU: 2ms/95.4%, 5ms/98.2%, 10ms/99.0%, 20ms/99.5%, 50ms/99.8%, 100ms/99.9%
[7.411s][info][gc,marking  ] GC(0) Mark: 2 stripe(s), 2 proactive flush(es), 1 terminate flush(es), 1 completion(s), 0 continuation(s) 
[7.411s][info][gc,marking  ] GC(0) Mark Stack Usage: 32M
[7.411s][info][gc,nmethod  ] GC(0) NMethods: 1972 registered, 0 unregistered
[7.411s][info][gc,metaspace] GC(0) Metaspace: 21M used, 21M committed, 1088M reserved
[7.411s][info][gc,ref      ] GC(0) Soft: 3512 encountered, 0 discovered, 0 enqueued
[7.411s][info][gc,ref      ] GC(0) Weak: 1294 encountered, 927 discovered, 315 enqueued
[7.411s][info][gc,ref      ] GC(0) Final: 0 encountered, 0 discovered, 0 enqueued
[7.411s][info][gc,ref      ] GC(0) Phantom: 873 encountered, 658 discovered, 319 enqueued
[7.411s][info][gc,reloc    ] GC(0) Small Pages: 43 / 86M, Empty: 0M, Relocated: 6M, In-Place: 0
[7.411s][info][gc,reloc    ] GC(0) Medium Pages: 1 / 32M, Empty: 0M, Relocated: 0M, In-Place: 0
[7.411s][info][gc,reloc    ] GC(0) Large Pages: 0 / 0M, Empty: 0M, Relocated: 0M, In-Place: 0
[7.411s][info][gc,reloc    ] GC(0) Forwarding Usage: 2M
[7.411s][info][gc,heap     ] GC(0) Min Capacity: 2048M(100%)
[7.411s][info][gc,heap     ] GC(0) Max Capacity: 2048M(100%)
[7.411s][info][gc,heap     ] GC(0) Soft Max Capacity: 2048M(100%)
[7.411s][info][gc,heap     ] GC(0)                Mark Start          Mark End        Relocate Start      Relocate End           High               Low         
[7.411s][info][gc,heap     ] GC(0)  Capacity:     2048M (100%)       2048M (100%)       2048M (100%)       2048M (100%)       2048M (100%)       2048M (100%)   
[7.411s][info][gc,heap     ] GC(0)      Free:     1930M (94%)        1924M (94%)        1924M (94%)        1988M (97%)        1988M (97%)        1920M (94%)    
[7.411s][info][gc,heap     ] GC(0)      Used:      118M (6%)          124M (6%)          124M (6%)           60M (3%)          128M (6%)           60M (3%)     
[7.411s][info][gc,heap     ] GC(0)      Live:         -                20M (1%)           20M (1%)           20M (1%)             -                  -          
[7.411s][info][gc,heap     ] GC(0) Allocated:         -                 6M (0%)            6M (0%)            5M (0%)             -                  -          
[7.411s][info][gc,heap     ] GC(0)   Garbage:         -                97M (5%)           97M (5%)           33M (2%)             -                  -          
[7.411s][info][gc,heap     ] GC(0) Reclaimed:         -                  -                 0M (0%)           63M (3%)             -                  -          
[7.411s][info][gc          ] GC(0) Garbage Collection (Metadata GC Threshold) 118M(6%)->60M(3%)
[8.336s][info][gc,start    ] GC(1) Garbage Collection (Metadata GC Threshold)
[8.336s][info][gc,task     ] GC(1) Using 2 workers
[8.336s][info][gc,phases   ] GC(1) Pause Mark Start 0.005ms
[8.371s][info][gc,phases   ] GC(1) Concurrent Mark 34.925ms
[8.372s][info][gc,phases   ] GC(1) Pause Mark End 0.011ms
[8.372s][info][gc,phases   ] GC(1) Concurrent Mark Free 0.001ms
[8.375s][info][gc,phases   ] GC(1) Concurrent Process Non-Strong References 3.082ms
[8.375s][info][gc,phases   ] GC(1) Concurrent Reset Relocation Set 0.004ms
[8.379s][info][gc,phases   ] GC(1) Concurrent Select Relocation Set 4.293ms
[8.379s][info][gc,phases   ] GC(1) Pause Relocate Start 0.009ms
[8.385s][info][gc,phases   ] GC(1) Concurrent Relocate 5.304ms
[8.385s][info][gc,load     ] GC(1) Load: 0.00/0.00/0.00
[8.385s][info][gc,mmu      ] GC(1) MMU: 2ms/95.4%, 5ms/98.2%, 10ms/99.0%, 20ms/99.5%, 50ms/99.8%, 100ms/99.9%
[8.385s][info][gc,marking  ] GC(1) Mark: 2 stripe(s), 2 proactive flush(es), 1 terminate flush(es), 0 completion(s), 0 continuation(s) 
[8.385s][info][gc,marking  ] GC(1) Mark Stack Usage: 32M
[8.385s][info][gc,nmethod  ] GC(1) NMethods: 2786 registered, 0 unregistered
[8.385s][info][gc,metaspace] GC(1) Metaspace: 36M used, 37M committed, 1088M reserved
[8.385s][info][gc,ref      ] GC(1) Soft: 3995 encountered, 0 discovered, 0 enqueued
[8.385s][info][gc,ref      ] GC(1) Weak: 2205 encountered, 326 discovered, 250 enqueued
[8.385s][info][gc,ref      ] GC(1) Final: 49 encountered, 0 discovered, 0 enqueued
[8.385s][info][gc,ref      ] GC(1) Phantom: 909 encountered, 817 discovered, 349 enqueued
[8.385s][info][gc,reloc    ] GC(1) Small Pages: 44 / 88M, Empty: 0M, Relocated: 10M, In-Place: 0
[8.385s][info][gc,reloc    ] GC(1) Medium Pages: 1 / 32M, Empty: 0M, Relocated: 0M, In-Place: 0
[8.385s][info][gc,reloc    ] GC(1) Large Pages: 0 / 0M, Empty: 0M, Relocated: 0M, In-Place: 0
[8.385s][info][gc,reloc    ] GC(1) Forwarding Usage: 2M
[8.385s][info][gc,heap     ] GC(1) Min Capacity: 2048M(100%)
[8.385s][info][gc,heap     ] GC(1) Max Capacity: 2048M(100%)
[8.385s][info][gc,heap     ] GC(1) Soft Max Capacity: 2048M(100%)
[8.385s][info][gc,heap     ] GC(1)                Mark Start          Mark End        Relocate Start      Relocate End           High               Low         
[8.385s][info][gc,heap     ] GC(1)  Capacity:     2048M (100%)       2048M (100%)       2048M (100%)       2048M (100%)       2048M (100%)       2048M (100%)   
[8.385s][info][gc,heap     ] GC(1)      Free:     1928M (94%)        1924M (94%)        1924M (94%)        1986M (97%)        1986M (97%)        1920M (94%)    
[8.385s][info][gc,heap     ] GC(1)      Used:      120M (6%)          124M (6%)          124M (6%)           62M (3%)          128M (6%)           62M (3%)     
[8.385s][info][gc,heap     ] GC(1)      Live:         -                25M (1%)           25M (1%)           25M (1%)             -                  -          
[8.385s][info][gc,heap     ] GC(1) Allocated:         -                 4M (0%)            4M (0%)            4M (0%)             -                  -          
[8.385s][info][gc,heap     ] GC(1)   Garbage:         -                94M (5%)           94M (5%)           31M (2%)             -                  -          
[8.385s][info][gc,heap     ] GC(1) Reclaimed:         -                  -                 0M (0%)           62M (3%)             -                  -          
[8.385s][info][gc          ] GC(1) Garbage Collection (Metadata GC Threshold) 120M(6%)->62M(3%)
[9.621s][info][gc,start    ] GC(2) Garbage Collection (Warmup)
[9.621s][info][gc,task     ] GC(2) Using 2 workers
[9.622s][info][gc,phases   ] GC(2) Pause Mark Start 0.010ms
[9.669s][info][gc,phases   ] GC(2) Concurrent Mark 46.917ms
[9.669s][info][gc,phases   ] GC(2) Pause Mark End 0.014ms
[9.669s][info][gc,phases   ] GC(2) Concurrent Mark Free 0.001ms
[9.675s][info][gc,phases   ] GC(2) Concurrent Process Non-Strong References 5.366ms
[9.675s][info][gc,phases   ] GC(2) Concurrent Reset Relocation Set 0.006ms
[9.677s][info][gc,phases   ] GC(2) Concurrent Select Relocation Set 2.004ms
[9.677s][info][gc,phases   ] GC(2) Pause Relocate Start 0.008ms
[9.683s][info][gc,phases   ] GC(2) Concurrent Relocate 5.814ms
[9.683s][info][gc,load     ] GC(2) Load: 0.00/0.00/0.00
[9.683s][info][gc,mmu      ] GC(2) MMU: 2ms/95.4%, 5ms/98.2%, 10ms/99.0%, 20ms/99.5%, 50ms/99.8%, 100ms/99.9%
[9.683s][info][gc,marking  ] GC(2) Mark: 2 stripe(s), 2 proactive flush(es), 1 terminate flush(es), 0 completion(s), 0 continuation(s) 
[9.683s][info][gc,marking  ] GC(2) Mark Stack Usage: 32M
[9.683s][info][gc,nmethod  ] GC(2) NMethods: 3569 registered, 0 unregistered
[9.683s][info][gc,metaspace] GC(2) Metaspace: 59M used, 60M committed, 1088M reserved
[9.683s][info][gc,ref      ] GC(2) Soft: 4722 encountered, 0 discovered, 0 enqueued
[9.683s][info][gc,ref      ] GC(2) Weak: 3944 encountered, 1030 discovered, 636 enqueued
[9.683s][info][gc,ref      ] GC(2) Final: 53 encountered, 0 discovered, 0 enqueued
[9.683s][info][gc,ref      ] GC(2) Phantom: 990 encountered, 783 discovered, 423 enqueued
[9.683s][info][gc,reloc    ] GC(2) Small Pages: 72 / 144M, Empty: 0M, Relocated: 12M, In-Place: 0
[9.683s][info][gc,reloc    ] GC(2) Medium Pages: 2 / 64M, Empty: 32M, Relocated: 0M, In-Place: 0
[9.683s][info][gc,reloc    ] GC(2) Large Pages: 0 / 0M, Empty: 0M, Relocated: 0M, In-Place: 0
[9.683s][info][gc,reloc    ] GC(2) Forwarding Usage: 2M
[9.683s][info][gc,heap     ] GC(2) Min Capacity: 2048M(100%)
[9.683s][info][gc,heap     ] GC(2) Max Capacity: 2048M(100%)
[9.683s][info][gc,heap     ] GC(2) Soft Max Capacity: 2048M(100%)
[9.683s][info][gc,heap     ] GC(2)                Mark Start          Mark End        Relocate Start      Relocate End           High               Low         
[9.683s][info][gc,heap     ] GC(2)  Capacity:     2048M (100%)       2048M (100%)       2048M (100%)       2048M (100%)       2048M (100%)       2048M (100%)   
[9.683s][info][gc,heap     ] GC(2)      Free:     1840M (90%)        1836M (90%)        1866M (91%)        1978M (97%)        1978M (97%)        1834M (90%)    
[9.683s][info][gc,heap     ] GC(2)      Used:      208M (10%)         212M (10%)         182M (9%)           70M (3%)          214M (10%)          70M (3%)     
[9.683s][info][gc,heap     ] GC(2)      Live:         -                33M (2%)           33M (2%)           33M (2%)             -                  -          
[9.683s][info][gc,heap     ] GC(2) Allocated:         -                 4M (0%)            6M (0%)            7M (0%)             -                  -          
[9.683s][info][gc,heap     ] GC(2)   Garbage:         -               174M (9%)          142M (7%)           28M (1%)             -                  -          
[9.683s][info][gc,heap     ] GC(2) Reclaimed:         -                  -                32M (2%)          145M (7%)             -                  -          
[9.683s][info][gc          ] GC(2) Garbage Collection (Warmup) 208M(10%)->70M(3%)
[10.117s][info][gc,stats    ] === Garbage Collection Statistics =======================================================================================================================
[10.117s][info][gc,stats    ]                                                              Last 10s              Last 10m              Last 10h                Total
[10.117s][info][gc,stats    ]                                                              Avg / Max             Avg / Max             Avg / Max             Avg / Max
[10.117s][info][gc,stats    ]   Collector: Garbage Collection Cycle                     53.228 / 61.448       53.228 / 61.448       53.228 / 61.448       53.228 / 61.448      ms
[10.117s][info][gc,stats    ]  Contention: Mark Segment Reset Contention                     0 / 0                 0 / 0                 0 / 0                 0 / 0           ops/s
[10.117s][info][gc,stats    ]  Contention: Mark SeqNum Reset Contention                      0 / 0                 0 / 0                 0 / 0                 0 / 0           ops/s
[10.117s][info][gc,stats    ]    Critical: Allocation Stall                                  0 / 0                 0 / 0                 0 / 0                 0 / 0           ops/s
[10.117s][info][gc,stats    ]    Critical: Allocation Stall                              0.000 / 0.000         0.000 / 0.000         0.000 / 0.000         0.000 / 0.000       ms
[10.117s][info][gc,stats    ]    Critical: GC Locker Stall                                   0 / 0                 0 / 0                 0 / 0                 0 / 0           ops/s
[10.117s][info][gc,stats    ]    Critical: GC Locker Stall                               0.000 / 0.000         0.000 / 0.000         0.000 / 0.000         0.000 / 0.000       ms
[10.117s][info][gc,stats    ]    Critical: Relocation Stall                                  0 / 0                 0 / 0                 0 / 0                 0 / 0           ops/s
[10.117s][info][gc,stats    ]    Critical: Relocation Stall                              0.000 / 0.000         0.000 / 0.000         0.000 / 0.000         0.000 / 0.000       ms
[10.117s][info][gc,stats    ]      Memory: Allocation Rate                                  40 / 148              40 / 148              40 / 148              40 / 148         MB/s
[10.117s][info][gc,stats    ]      Memory: Out Of Memory                                     0 / 0                 0 / 0                 0 / 0                 0 / 0           ops/s
[10.117s][info][gc,stats    ]      Memory: Page Cache Flush                                  0 / 0                 0 / 0                 0 / 0                 0 / 0           MB/s
[10.117s][info][gc,stats    ]      Memory: Page Cache Hit L1                                 9 / 50                9 / 50                9 / 50                9 / 50          ops/s
[10.117s][info][gc,stats    ]      Memory: Page Cache Hit L2                                 0 / 0                 0 / 0                 0 / 0                 0 / 0           ops/s
[10.117s][info][gc,stats    ]      Memory: Page Cache Hit L3                                 7 / 26                7 / 26                7 / 26                7 / 26          ops/s
[10.117s][info][gc,stats    ]      Memory: Page Cache Miss                                   0 / 1                 0 / 1                 0 / 1                 0 / 1           ops/s
[10.117s][info][gc,stats    ]      Memory: Uncommit                                          0 / 0                 0 / 0                 0 / 0                 0 / 0           MB/s
[10.117s][info][gc,stats    ]      Memory: Undo Object Allocation Failed                     0 / 0                 0 / 0                 0 / 0                 0 / 0           ops/s
[10.117s][info][gc,stats    ]      Memory: Undo Object Allocation Succeeded                  0 / 0                 0 / 0                 0 / 0                 0 / 0           ops/s
[10.117s][info][gc,stats    ]      Memory: Undo Page Allocation                              0 / 0                 0 / 0                 0 / 0                 0 / 0           ops/s
[10.117s][info][gc,stats    ]       Phase: Concurrent Mark                              38.194 / 46.917       38.194 / 46.917       38.194 / 46.917       38.194 / 46.917      ms
[10.117s][info][gc,stats    ]       Phase: Concurrent Mark Continue                      0.000 / 0.000         0.000 / 0.000         0.000 / 0.000         0.000 / 0.000       ms
[10.117s][info][gc,stats    ]       Phase: Concurrent Mark Free                          0.001 / 0.001         0.001 / 0.001         0.001 / 0.001         0.001 / 0.001       ms
[10.117s][info][gc,stats    ]       Phase: Concurrent Process Non-Strong References      3.542 / 5.366         3.542 / 5.366         3.542 / 5.366         3.542 / 5.366       ms
[10.117s][info][gc,stats    ]       Phase: Concurrent Relocate                           5.541 / 5.814         5.541 / 5.814         5.541 / 5.814         5.541 / 5.814       ms
[10.117s][info][gc,stats    ]       Phase: Concurrent Reset Relocation Set               0.005 / 0.006         0.005 / 0.006         0.005 / 0.006         0.005 / 0.006       ms
[10.117s][info][gc,stats    ]       Phase: Concurrent Select Relocation Set              4.549 / 7.348         4.549 / 7.348         4.549 / 7.348         4.549 / 7.348       ms
[10.117s][info][gc,stats    ]       Phase: Pause Mark End                                0.039 / 0.092         0.039 / 0.092         0.039 / 0.092         0.039 / 0.092       ms
[10.117s][info][gc,stats    ]       Phase: Pause Mark Start                              0.007 / 0.010         0.007 / 0.010         0.007 / 0.010         0.007 / 0.010       ms
[10.117s][info][gc,stats    ]       Phase: Pause Relocate Start                          0.008 / 0.009         0.008 / 0.009         0.008 / 0.009         0.008 / 0.009       ms
[10.117s][info][gc,stats    ]    Subphase: Concurrent Classes Purge                      0.133 / 0.195         0.133 / 0.195         0.133 / 0.195         0.133 / 0.195       ms
[10.117s][info][gc,stats    ]    Subphase: Concurrent Classes Unlink                     2.259 / 3.104         2.259 / 3.104         2.259 / 3.104         2.259 / 3.104       ms
[10.117s][info][gc,stats    ]    Subphase: Concurrent Mark                              29.345 / 42.572       29.345 / 42.572       29.345 / 42.572       29.345 / 42.572      ms
[10.117s][info][gc,stats    ]    Subphase: Concurrent Mark Try Flush                     0.164 / 0.905         0.164 / 0.905         0.164 / 0.905         0.164 / 0.905       ms
[10.117s][info][gc,stats    ]    Subphase: Concurrent Mark Try Terminate                 3.815 / 14.900        3.815 / 14.900        3.815 / 14.900        3.815 / 14.900      ms
[10.117s][info][gc,stats    ]    Subphase: Concurrent References Enqueue                 0.006 / 0.009         0.006 / 0.009         0.006 / 0.009         0.006 / 0.009       ms
[10.117s][info][gc,stats    ]    Subphase: Concurrent References Process                 0.192 / 0.296         0.192 / 0.296         0.192 / 0.296         0.192 / 0.296       ms
[10.117s][info][gc,stats    ]    Subphase: Concurrent Roots ClassLoaderDataGraph         0.119 / 0.335         0.119 / 0.335         0.119 / 0.335         0.119 / 0.335       ms
[10.117s][info][gc,stats    ]    Subphase: Concurrent Roots CodeCache                    0.000 / 0.000         0.000 / 0.000         0.000 / 0.000         0.000 / 0.000       ms
[10.117s][info][gc,stats    ]    Subphase: Concurrent Roots JavaThreads                  2.694 / 4.061         2.694 / 4.061         2.694 / 4.061         2.694 / 4.061       ms
[10.117s][info][gc,stats    ]    Subphase: Concurrent Roots OopStorageSet                0.040 / 0.063         0.040 / 0.063         0.040 / 0.063         0.040 / 0.063       ms
[10.117s][info][gc,stats    ]    Subphase: Concurrent Weak Roots OopStorageSet           0.586 / 1.021         0.586 / 1.021         0.586 / 1.021         0.586 / 1.021       ms
[10.117s][info][gc,stats    ]    Subphase: Pause Mark Try Complete                       0.002 / 0.003         0.002 / 0.003         0.002 / 0.003         0.002 / 0.003       ms
[10.117s][info][gc,stats    ]      System: Java Threads                                     33 / 56               33 / 56               33 / 56               33 / 56          threads
[10.117s][info][gc,stats    ] =========================================================================================================================================================
[10.804s][info][gc,start    ] GC(3) Garbage Collection (System.gc())
[10.804s][info][gc,task     ] GC(3) Using 2 workers
[10.804s][info][gc,phases   ] GC(3) Pause Mark Start 0.004ms
[10.838s][info][gc,phases   ] GC(3) Concurrent Mark 34.363ms
[10.838s][info][gc,phases   ] GC(3) Pause Mark End 0.023ms
[10.839s][info][gc,phases   ] GC(3) Concurrent Mark Free 0.001ms
[10.843s][info][gc,phases   ] GC(3) Concurrent Process Non-Strong References 4.858ms
[10.844s][info][gc,phases   ] GC(3) Concurrent Reset Relocation Set 0.005ms
[10.845s][info][gc,phases   ] GC(3) Concurrent Select Relocation Set 1.478ms
[10.845s][info][gc,phases   ] GC(3) Pause Relocate Start 0.005ms
[10.848s][info][gc,phases   ] GC(3) Concurrent Relocate 2.690ms
[10.848s][info][gc,load     ] GC(3) Load: 0.00/0.00/0.00
[10.848s][info][gc,mmu      ] GC(3) MMU: 2ms/95.4%, 5ms/98.2%, 10ms/99.0%, 20ms/99.5%, 50ms/99.8%, 100ms/99.9%
[10.848s][info][gc,marking  ] GC(3) Mark: 2 stripe(s), 1 proactive flush(es), 1 terminate flush(es), 0 completion(s), 0 continuation(s) 
[10.848s][info][gc,marking  ] GC(3) Mark Stack Usage: 32M
[10.848s][info][gc,nmethod  ] GC(3) NMethods: 4074 registered, 0 unregistered
[10.848s][info][gc,metaspace] GC(3) Metaspace: 79M used, 79M committed, 1152M reserved
[10.848s][info][gc,ref      ] GC(3) Soft: 5256 encountered, 0 discovered, 0 enqueued
[10.848s][info][gc,ref      ] GC(3) Weak: 4679 encountered, 972 discovered, 761 enqueued
[10.848s][info][gc,ref      ] GC(3) Final: 53 encountered, 0 discovered, 0 enqueued
[10.848s][info][gc,ref      ] GC(3) Phantom: 1238 encountered, 948 discovered, 671 enqueued
[10.848s][info][gc,reloc    ] GC(3) Small Pages: 63 / 126M, Empty: 2M, Relocated: 5M, In-Place: 0
[10.848s][info][gc,reloc    ] GC(3) Medium Pages: 2 / 64M, Empty: 32M, Relocated: 0M, In-Place: 0
[10.848s][info][gc,reloc    ] GC(3) Large Pages: 0 / 0M, Empty: 0M, Relocated: 0M, In-Place: 0
[10.848s][info][gc,reloc    ] GC(3) Forwarding Usage: 1M
[10.848s][info][gc,heap     ] GC(3) Min Capacity: 2048M(100%)
[10.848s][info][gc,heap     ] GC(3) Max Capacity: 2048M(100%)
[10.848s][info][gc,heap     ] GC(3) Soft Max Capacity: 2048M(100%)
[10.848s][info][gc,heap     ] GC(3)                Mark Start          Mark End        Relocate Start      Relocate End           High               Low         
[10.848s][info][gc,heap     ] GC(3)  Capacity:     2048M (100%)       2048M (100%)       2048M (100%)       2048M (100%)       2048M (100%)       2048M (100%)   
[10.848s][info][gc,heap     ] GC(3)      Free:     1858M (91%)        1858M (91%)        1890M (92%)        1974M (96%)        1974M (96%)        1856M (91%)    
[10.848s][info][gc,heap     ] GC(3)      Used:      190M (9%)          190M (9%)          158M (8%)           74M (4%)          192M (9%)           74M (4%)     
[10.848s][info][gc,heap     ] GC(3)      Live:         -                38M (2%)           38M (2%)           38M (2%)             -                  -          
[10.848s][info][gc,heap     ] GC(3) Allocated:         -                 0M (0%)            2M (0%)            2M (0%)             -                  -          
[10.848s][info][gc,heap     ] GC(3)   Garbage:         -               151M (7%)          117M (6%)           33M (2%)             -                  -          
[10.848s][info][gc,heap     ] GC(3) Reclaimed:         -                  -                34M (2%)          118M (6%)             -                  -          
[10.848s][info][gc          ] GC(3) Garbage Collection (System.gc()) 190M(9%)->74M(4%)
[13.216s][info][gc,start    ] GC(4) Garbage Collection (Warmup)
[13.216s][info][gc,task     ] GC(4) Using 2 workers
[13.216s][info][gc,phases   ] GC(4) Pause Mark Start 0.011ms
[13.310s][info][gc,phases   ] GC(4) Concurrent Mark 93.796ms
[13.311s][info][gc,phases   ] GC(4) Pause Mark End 0.013ms
[13.311s][info][gc,phases   ] GC(4) Concurrent Mark Free 0.001ms
[13.342s][info][gc,phases   ] GC(4) Concurrent Process Non-Strong References 31.617ms
[13.342s][info][gc,phases   ] GC(4) Concurrent Reset Relocation Set 0.004ms
[13.346s][info][gc,phases   ] GC(4) Concurrent Select Relocation Set 3.859ms
[13.347s][info][gc,phases   ] GC(4) Pause Relocate Start 0.009ms
[13.366s][info][gc,phases   ] GC(4) Concurrent Relocate 18.227ms
[13.366s][info][gc,load     ] GC(4) Load: 0.00/0.00/0.00
[13.366s][info][gc,mmu      ] GC(4) MMU: 2ms/95.4%, 5ms/98.2%, 10ms/99.0%, 20ms/99.5%, 50ms/99.8%, 100ms/99.9%
[13.366s][info][gc,marking  ] GC(4) Mark: 2 stripe(s), 2 proactive flush(es), 1 terminate flush(es), 0 completion(s), 0 continuation(s) 
[13.366s][info][gc,marking  ] GC(4) Mark Stack Usage: 32M
[13.366s][info][gc,nmethod  ] GC(4) NMethods: 6539 registered, 3 unregistered
[13.366s][info][gc,metaspace] GC(4) Metaspace: 110M used, 111M committed, 1152M reserved
[13.366s][info][gc,ref      ] GC(4) Soft: 6762 encountered, 0 discovered, 0 enqueued
[13.366s][info][gc,ref      ] GC(4) Weak: 14405 encountered, 5543 discovered, 3031 enqueued
[13.366s][info][gc,ref      ] GC(4) Final: 53 encountered, 0 discovered, 0 enqueued
[13.366s][info][gc,ref      ] GC(4) Phantom: 2164 encountered, 1871 discovered, 1578 enqueued
[13.366s][info][gc,reloc    ] GC(4) Small Pages: 176 / 352M, Empty: 88M, Relocated: 13M, In-Place: 0
[13.366s][info][gc,reloc    ] GC(4) Medium Pages: 2 / 64M, Empty: 0M, Relocated: 8M, In-Place: 0
[13.366s][info][gc,reloc    ] GC(4) Large Pages: 2 / 12M, Empty: 12M, Relocated: 0M, In-Place: 0
[13.366s][info][gc,reloc    ] GC(4) Forwarding Usage: 4M
[13.366s][info][gc,heap     ] GC(4) Min Capacity: 2048M(100%)
[13.366s][info][gc,heap     ] GC(4) Max Capacity: 2048M(100%)
[13.366s][info][gc,heap     ] GC(4) Soft Max Capacity: 2048M(100%)
[13.366s][info][gc,heap     ] GC(4)                Mark Start          Mark End        Relocate Start      Relocate End           High               Low         
[13.366s][info][gc,heap     ] GC(4)  Capacity:     2048M (100%)       2048M (100%)       2048M (100%)       2048M (100%)       2048M (100%)       2048M (100%)   
[13.366s][info][gc,heap     ] GC(4)      Free:     1620M (79%)        1384M (68%)        1386M (68%)        1540M (75%)        1620M (79%)        1290M (63%)    
[13.366s][info][gc,heap     ] GC(4)      Used:      428M (21%)         664M (32%)         662M (32%)         508M (25%)         758M (37%)         428M (21%)    
[13.366s][info][gc,heap     ] GC(4)      Live:         -                54M (3%)           54M (3%)           54M (3%)             -                  -          
[13.366s][info][gc,heap     ] GC(4) Allocated:         -               236M (12%)         334M (16%)         423M (21%)            -                  -          
[13.366s][info][gc,heap     ] GC(4)   Garbage:         -               373M (18%)         273M (13%)          30M (1%)             -                  -          
[13.366s][info][gc,heap     ] GC(4) Reclaimed:         -                  -               100M (5%)          343M (17%)            -                  -          
[13.366s][info][gc          ] GC(4) Garbage Collection (Warmup) 428M(21%)->508M(25%)
[13.420s][info][gc,start    ] GC(5) Garbage Collection (Warmup)
[13.420s][info][gc,task     ] GC(5) Using 2 workers
[13.420s][info][gc,phases   ] GC(5) Pause Mark Start 0.005ms
[13.499s][info][gc,phases   ] GC(5) Concurrent Mark 78.338ms
[13.499s][info][gc,phases   ] GC(5) Pause Mark End 0.011ms
[13.499s][info][gc,phases   ] GC(5) Concurrent Mark Free 0.001ms
[13.508s][info][gc,phases   ] GC(5) Concurrent Process Non-Strong References 8.557ms
[13.508s][info][gc,phases   ] GC(5) Concurrent Reset Relocation Set 0.012ms
[13.512s][info][gc,phases   ] GC(5) Concurrent Select Relocation Set 4.434ms
[13.512s][info][gc,phases   ] GC(5) Pause Relocate Start 0.008ms
[13.521s][info][gc,phases   ] GC(5) Concurrent Relocate 8.751ms
[13.521s][info][gc,load     ] GC(5) Load: 0.00/0.00/0.00
[13.521s][info][gc,mmu      ] GC(5) MMU: 2ms/95.4%, 5ms/98.2%, 10ms/99.0%, 20ms/99.5%, 50ms/99.8%, 100ms/99.9%
[13.521s][info][gc,marking  ] GC(5) Mark: 2 stripe(s), 2 proactive flush(es), 1 terminate flush(es), 0 completion(s), 0 continuation(s) 
[13.521s][info][gc,marking  ] GC(5) Mark Stack Usage: 32M
[13.521s][info][gc,nmethod  ] GC(5) NMethods: 6648 registered, 3 unregistered
[13.521s][info][gc,metaspace] GC(5) Metaspace: 110M used, 111M committed, 1152M reserved
[13.521s][info][gc,ref      ] GC(5) Soft: 6806 encountered, 0 discovered, 0 enqueued
[13.521s][info][gc,ref      ] GC(5) Weak: 11548 encountered, 2510 discovered, 98 enqueued
[13.521s][info][gc,ref      ] GC(5) Final: 53 encountered, 0 discovered, 0 enqueued
[13.521s][info][gc,ref      ] GC(5) Phantom: 635 encountered, 350 discovered, 50 enqueued
[13.521s][info][gc,reloc    ] GC(5) Small Pages: 301 / 602M, Empty: 496M, Relocated: 1M, In-Place: 0
[13.521s][info][gc,reloc    ] GC(5) Medium Pages: 3 / 96M, Empty: 0M, Relocated: 21M, In-Place: 0
[13.521s][info][gc,reloc    ] GC(5) Large Pages: 3 / 24M, Empty: 24M, Relocated: 0M, In-Place: 0
[13.521s][info][gc,reloc    ] GC(5) Forwarding Usage: 0M
[13.521s][info][gc,heap     ] GC(5) Min Capacity: 2048M(100%)
[13.521s][info][gc,heap     ] GC(5) Max Capacity: 2048M(100%)
[13.521s][info][gc,heap     ] GC(5) Soft Max Capacity: 2048M(100%)
[13.521s][info][gc,heap     ] GC(5)                Mark Start          Mark End        Relocate Start      Relocate End           High               Low         
[13.521s][info][gc,heap     ] GC(5)  Capacity:     2048M (100%)       2048M (100%)       2048M (100%)       2048M (100%)       2048M (100%)       2048M (100%)   
[13.521s][info][gc,heap     ] GC(5)      Free:     1326M (65%)        1148M (56%)        1650M (81%)        1758M (86%)        1758M (86%)        1134M (55%)    
[13.521s][info][gc,heap     ] GC(5)      Used:      722M (35%)         900M (44%)         398M (19%)         290M (14%)         914M (45%)         290M (14%)    
[13.521s][info][gc,heap     ] GC(5)      Live:         -                66M (3%)           66M (3%)           66M (3%)             -                  -          
[13.521s][info][gc,heap     ] GC(5) Allocated:         -               178M (9%)          196M (10%)         207M (10%)            -                  -          
[13.521s][info][gc,heap     ] GC(5)   Garbage:         -               655M (32%)         135M (7%)           15M (1%)             -                  -          
[13.521s][info][gc,heap     ] GC(5) Reclaimed:         -                  -               520M (25%)         639M (31%)            -                  -          
[13.521s][info][gc          ] GC(5) Garbage Collection (Warmup) 722M(35%)->290M(14%)
[16.717s][info][gc,start    ] GC(6) Garbage Collection (Allocation Rate)
[16.717s][info][gc,task     ] GC(6) Using 2 workers
[16.717s][info][gc,phases   ] GC(6) Pause Mark Start 0.008ms
[16.780s][info][gc,phases   ] GC(6) Concurrent Mark 62.256ms
[16.780s][info][gc,phases   ] GC(6) Pause Mark End 0.019ms
[16.780s][info][gc,phases   ] GC(6) Concurrent Mark Free 0.001ms
[16.841s][info][gc,phases   ] GC(6) Concurrent Process Non-Strong References 60.857ms
[16.841s][info][gc,phases   ] GC(6) Concurrent Reset Relocation Set 0.003ms
[16.845s][info][gc,phases   ] GC(6) Concurrent Select Relocation Set 3.769ms
[16.846s][info][gc,phases   ] GC(6) Pause Relocate Start 0.010ms
[16.860s][info][gc,phases   ] GC(6) Concurrent Relocate 13.744ms
[16.860s][info][gc,load     ] GC(6) Load: 0.00/0.00/0.00
[16.860s][info][gc,mmu      ] GC(6) MMU: 2ms/95.4%, 5ms/98.2%, 10ms/99.0%, 20ms/99.5%, 50ms/99.8%, 100ms/99.9%
[16.860s][info][gc,marking  ] GC(6) Mark: 2 stripe(s), 2 proactive flush(es), 1 terminate flush(es), 0 completion(s), 0 continuation(s) 
[16.860s][info][gc,marking  ] GC(6) Mark Stack Usage: 32M
[16.860s][info][gc,nmethod  ] GC(6) NMethods: 9949 registered, 741 unregistered
[16.860s][info][gc,metaspace] GC(6) Metaspace: 123M used, 125M committed, 1152M reserved
[16.860s][info][gc,ref      ] GC(6) Soft: 8487 encountered, 0 discovered, 0 enqueued
[16.860s][info][gc,ref      ] GC(6) Weak: 15876 encountered, 5283 discovered, 1815 enqueued
[16.860s][info][gc,ref      ] GC(6) Final: 53 encountered, 0 discovered, 0 enqueued
[16.860s][info][gc,ref      ] GC(6) Phantom: 1885 encountered, 1599 discovered, 1299 enqueued
[16.860s][info][gc,reloc    ] GC(6) Small Pages: 710 / 1420M, Empty: 986M, Relocated: 13M, In-Place: 0
[16.860s][info][gc,reloc    ] GC(6) Medium Pages: 3 / 96M, Empty: 32M, Relocated: 22M, In-Place: 0
[16.860s][info][gc,reloc    ] GC(6) Large Pages: 6 / 36M, Empty: 36M, Relocated: 0M, In-Place: 0
[16.860s][info][gc,reloc    ] GC(6) Forwarding Usage: 4M
[16.860s][info][gc,heap     ] GC(6) Min Capacity: 2048M(100%)
[16.860s][info][gc,heap     ] GC(6) Max Capacity: 2048M(100%)
[16.860s][info][gc,heap     ] GC(6) Soft Max Capacity: 2048M(100%)
[16.860s][info][gc,heap     ] GC(6)                Mark Start          Mark End        Relocate Start      Relocate End           High               Low         
[16.860s][info][gc,heap     ] GC(6)  Capacity:     2048M (100%)       2048M (100%)       2048M (100%)       2048M (100%)       2048M (100%)       2048M (100%)   
[16.860s][info][gc,heap     ] GC(6)      Free:      496M (24%)         414M (20%)        1374M (67%)        1776M (87%)        1776M (87%)         326M (16%)    
[16.860s][info][gc,heap     ] GC(6)      Used:     1552M (76%)        1634M (80%)         674M (33%)         272M (13%)        1722M (84%)         272M (13%)    
[16.861s][info][gc,heap     ] GC(6)      Live:         -                78M (4%)           78M (4%)           78M (4%)             -                  -          
[16.861s][info][gc,heap     ] GC(6) Allocated:         -                82M (4%)          176M (9%)          177M (9%)             -                  -          
[16.861s][info][gc,heap     ] GC(6)   Garbage:         -              1473M (72%)         419M (20%)          15M (1%)             -                  -          
[16.861s][info][gc,heap     ] GC(6) Reclaimed:         -                  -              1054M (51%)        1457M (71%)            -                  -          
[16.861s][info][gc          ] GC(6) Garbage Collection (Allocation Rate) 1552M(76%)->272M(13%)
[17.917s][info][gc,start    ] GC(7) Garbage Collection (System.gc())
[17.917s][info][gc,task     ] GC(7) Using 2 workers
[17.917s][info][gc,phases   ] GC(7) Pause Mark Start 0.005ms
[17.982s][info][gc,phases   ] GC(7) Concurrent Mark 64.308ms
[17.982s][info][gc,phases   ] GC(7) Pause Mark End 0.018ms
[17.982s][info][gc,phases   ] GC(7) Concurrent Mark Free 0.001ms
[18.007s][info][gc,phases   ] GC(7) Concurrent Process Non-Strong References 24.518ms
[18.007s][info][gc,phases   ] GC(7) Concurrent Reset Relocation Set 0.015ms
[18.009s][info][gc,phases   ] GC(7) Concurrent Select Relocation Set 2.369ms
[18.009s][info][gc,phases   ] GC(7) Pause Relocate Start 0.008ms
[18.013s][info][gc,phases   ] GC(7) Concurrent Relocate 3.135ms
[18.013s][info][gc,load     ] GC(7) Load: 0.00/0.00/0.00
[18.013s][info][gc,mmu      ] GC(7) MMU: 2ms/95.4%, 5ms/98.2%, 10ms/99.0%, 20ms/99.5%, 50ms/99.8%, 100ms/99.9%
[18.013s][info][gc,marking  ] GC(7) Mark: 2 stripe(s), 2 proactive flush(es), 1 terminate flush(es), 0 completion(s), 0 continuation(s) 
[18.013s][info][gc,marking  ] GC(7) Mark Stack Usage: 32M
[18.013s][info][gc,nmethod  ] GC(7) NMethods: 11129 registered, 0 unregistered
[18.013s][info][gc,metaspace] GC(7) Metaspace: 125M used, 126M committed, 1152M reserved
[18.013s][info][gc,ref      ] GC(7) Soft: 8709 encountered, 0 discovered, 0 enqueued
[18.013s][info][gc,ref      ] GC(7) Weak: 15218 encountered, 3551 discovered, 732 enqueued
[18.013s][info][gc,ref      ] GC(7) Final: 53 encountered, 0 discovered, 0 enqueued
[18.013s][info][gc,ref      ] GC(7) Phantom: 809 encountered, 521 discovered, 221 enqueued
[18.013s][info][gc,reloc    ] GC(7) Small Pages: 322 / 644M, Empty: 442M, Relocated: 3M, In-Place: 0
[18.013s][info][gc,reloc    ] GC(7) Medium Pages: 2 / 64M, Empty: 32M, Relocated: 0M, In-Place: 0
[18.013s][info][gc,reloc    ] GC(7) Large Pages: 8 / 48M, Empty: 48M, Relocated: 0M, In-Place: 0
[18.013s][info][gc,reloc    ] GC(7) Forwarding Usage: 0M
[18.013s][info][gc,heap     ] GC(7) Min Capacity: 2048M(100%)
[18.013s][info][gc,heap     ] GC(7) Max Capacity: 2048M(100%)
[18.013s][info][gc,heap     ] GC(7) Soft Max Capacity: 2048M(100%)
[18.013s][info][gc,heap     ] GC(7)                Mark Start          Mark End        Relocate Start      Relocate End           High               Low         
[18.013s][info][gc,heap     ] GC(7)  Capacity:     2048M (100%)       2048M (100%)       2048M (100%)       2048M (100%)       2048M (100%)       2048M (100%)   
[18.013s][info][gc,heap     ] GC(7)      Free:     1292M (63%)        1292M (63%)        1806M (88%)        1942M (95%)        1944M (95%)        1292M (63%)    
[18.013s][info][gc,heap     ] GC(7)      Used:      756M (37%)         756M (37%)         242M (12%)         106M (5%)          756M (37%)         104M (5%)     
[18.013s][info][gc,heap     ] GC(7)      Live:         -                77M (4%)           77M (4%)           77M (4%)             -                  -          
[18.013s][info][gc,heap     ] GC(7) Allocated:         -                 0M (0%)            8M (0%)            9M (0%)             -                  -          
[18.013s][info][gc,heap     ] GC(7)   Garbage:         -               678M (33%)         156M (8%)           18M (1%)             -                  -          
[18.013s][info][gc,heap     ] GC(7) Reclaimed:         -                  -               522M (25%)         659M (32%)            -                  -          
[18.013s][info][gc          ] GC(7) Garbage Collection (System.gc()) 756M(37%)->106M(5%)
[19.216s][info][gc,start    ] GC(8) Garbage Collection (Allocation Rate)
[19.216s][info][gc,task     ] GC(8) Using 2 workers
[19.217s][info][gc,phases   ] GC(8) Pause Mark Start 0.005ms
[19.290s][info][gc,phases   ] GC(8) Concurrent Mark 73.299ms
[19.290s][info][gc,phases   ] GC(8) Pause Mark End 0.019ms
[19.290s][info][gc,phases   ] GC(8) Concurrent Mark Free 0.001ms
[19.320s][info][gc,phases   ] GC(8) Concurrent Process Non-Strong References 29.753ms
[19.320s][info][gc,phases   ] GC(8) Concurrent Reset Relocation Set 0.005ms
[19.323s][info][gc,phases   ] GC(8) Concurrent Select Relocation Set 2.909ms
[19.323s][info][gc,phases   ] GC(8) Pause Relocate Start 0.008ms
[19.327s][info][gc,phases   ] GC(8) Concurrent Relocate 3.587ms
[19.327s][info][gc,load     ] GC(8) Load: 0.00/0.00/0.00
[19.327s][info][gc,mmu      ] GC(8) MMU: 2ms/95.4%, 5ms/98.2%, 10ms/99.0%, 20ms/99.5%, 50ms/99.8%, 100ms/99.9%
[19.327s][info][gc,marking  ] GC(8) Mark: 2 stripe(s), 2 proactive flush(es), 1 terminate flush(es), 0 completion(s), 0 continuation(s) 
[19.327s][info][gc,marking  ] GC(8) Mark Stack Usage: 32M
[19.327s][info][gc,nmethod  ] GC(8) NMethods: 11482 registered, 857 unregistered
[19.327s][info][gc,metaspace] GC(8) Metaspace: 125M used, 127M committed, 1152M reserved
[19.327s][info][gc,ref      ] GC(8) Soft: 8735 encountered, 0 discovered, 0 enqueued
[19.327s][info][gc,ref      ] GC(8) Weak: 15568 encountered, 3948 discovered, 780 enqueued
[19.327s][info][gc,ref      ] GC(8) Final: 53 encountered, 0 discovered, 0 enqueued
[19.327s][info][gc,ref      ] GC(8) Phantom: 591 encountered, 398 discovered, 3 enqueued
[19.327s][info][gc,reloc    ] GC(8) Small Pages: 624 / 1248M, Empty: 996M, Relocated: 5M, In-Place: 0
[19.327s][info][gc,reloc    ] GC(8) Medium Pages: 2 / 64M, Empty: 32M, Relocated: 0M, In-Place: 0
[19.327s][info][gc,reloc    ] GC(8) Large Pages: 6 / 36M, Empty: 36M, Relocated: 0M, In-Place: 0
[19.327s][info][gc,reloc    ] GC(8) Forwarding Usage: 1M
[19.327s][info][gc,heap     ] GC(8) Min Capacity: 2048M(100%)
[19.327s][info][gc,heap     ] GC(8) Max Capacity: 2048M(100%)
[19.327s][info][gc,heap     ] GC(8) Soft Max Capacity: 2048M(100%)
[19.327s][info][gc,heap     ] GC(8)                Mark Start          Mark End        Relocate Start      Relocate End           High               Low         
[19.327s][info][gc,heap     ] GC(8)  Capacity:     2048M (100%)       2048M (100%)       2048M (100%)       2048M (100%)       2048M (100%)       2048M (100%)   
[19.327s][info][gc,heap     ] GC(8)      Free:      700M (34%)         622M (30%)        1662M (81%)        1848M (90%)        1848M (90%)         604M (29%)    
[19.327s][info][gc,heap     ] GC(8)      Used:     1348M (66%)        1426M (70%)         386M (19%)         200M (10%)        1444M (71%)         200M (10%)    
[19.327s][info][gc,heap     ] GC(8)      Live:         -                78M (4%)           78M (4%)           78M (4%)             -                  -          
[19.327s][info][gc,heap     ] GC(8) Allocated:         -                78M (4%)          102M (5%)          101M (5%)             -                  -          
[19.327s][info][gc,heap     ] GC(8)   Garbage:         -              1269M (62%)         205M (10%)          19M (1%)             -                  -          
[19.327s][info][gc,heap     ] GC(8) Reclaimed:         -                  -              1064M (52%)        1249M (61%)            -                  -          
[19.327s][info][gc          ] GC(8) Garbage Collection (Allocation Rate) 1348M(66%)->200M(10%)
[19.770s][info][gc,start    ] GC(9) Garbage Collection (System.gc())
[19.770s][info][gc,task     ] GC(9) Using 2 workers
[19.772s][info][gc,phases   ] GC(9) Pause Mark Start 0.008ms
[19.833s][info][gc,phases   ] GC(9) Concurrent Mark 60.416ms
[19.833s][info][gc,phases   ] GC(9) Pause Mark End 0.014ms
[19.833s][info][gc,phases   ] GC(9) Concurrent Mark Free 0.001ms
[19.845s][info][gc,phases   ] GC(9) Concurrent Process Non-Strong References 12.101ms
[19.845s][info][gc,phases   ] GC(9) Concurrent Reset Relocation Set 0.006ms
[19.847s][info][gc,phases   ] GC(9) Concurrent Select Relocation Set 2.227ms
[19.848s][info][gc,phases   ] GC(9) Pause Relocate Start 0.007ms
[19.851s][info][gc,phases   ] GC(9) Concurrent Relocate 2.880ms
[19.851s][info][gc,load     ] GC(9) Load: 0.00/0.00/0.00
[19.851s][info][gc,mmu      ] GC(9) MMU: 2ms/95.4%, 5ms/98.2%, 10ms/99.0%, 20ms/99.5%, 50ms/99.8%, 100ms/99.9%
[19.851s][info][gc,marking  ] GC(9) Mark: 2 stripe(s), 2 proactive flush(es), 1 terminate flush(es), 0 completion(s), 0 continuation(s) 
[19.851s][info][gc,marking  ] GC(9) Mark Stack Usage: 32M
[19.851s][info][gc,nmethod  ] GC(9) NMethods: 11847 registered, 857 unregistered
[19.851s][info][gc,metaspace] GC(9) Metaspace: 125M used, 127M committed, 1152M reserved
[19.851s][info][gc,ref      ] GC(9) Soft: 8735 encountered, 0 discovered, 0 enqueued
[19.851s][info][gc,ref      ] GC(9) Weak: 15262 encountered, 4872 discovered, 525 enqueued
[19.851s][info][gc,ref      ] GC(9) Final: 53 encountered, 0 discovered, 0 enqueued
[19.851s][info][gc,ref      ] GC(9) Phantom: 588 encountered, 408 discovered, 0 enqueued
[19.851s][info][gc,reloc    ] GC(9) Small Pages: 255 / 510M, Empty: 338M, Relocated: 5M, In-Place: 0
[19.851s][info][gc,reloc    ] GC(9) Medium Pages: 2 / 64M, Empty: 32M, Relocated: 0M, In-Place: 0
[19.851s][info][gc,reloc    ] GC(9) Large Pages: 8 / 48M, Empty: 48M, Relocated: 0M, In-Place: 0
[19.851s][info][gc,reloc    ] GC(9) Forwarding Usage: 1M
[19.851s][info][gc,heap     ] GC(9) Min Capacity: 2048M(100%)
[19.851s][info][gc,heap     ] GC(9) Max Capacity: 2048M(100%)
[19.851s][info][gc,heap     ] GC(9) Soft Max Capacity: 2048M(100%)
[19.851s][info][gc,heap     ] GC(9)                Mark Start          Mark End        Relocate Start      Relocate End           High               Low         
[19.851s][info][gc,heap     ] GC(9)  Capacity:     2048M (100%)       2048M (100%)       2048M (100%)       2048M (100%)       2048M (100%)       2048M (100%)   
[19.851s][info][gc,heap     ] GC(9)      Free:     1426M (70%)        1418M (69%)        1834M (90%)        1940M (95%)        1940M (95%)        1418M (69%)    
[19.851s][info][gc,heap     ] GC(9)      Used:      622M (30%)         630M (31%)         214M (10%)         108M (5%)          630M (31%)         108M (5%)     
[19.851s][info][gc,heap     ] GC(9)      Live:         -                77M (4%)           77M (4%)           77M (4%)             -                  -          
[19.851s][info][gc,heap     ] GC(9) Allocated:         -                 8M (0%)           10M (0%)           11M (1%)             -                  -          
[19.851s][info][gc,heap     ] GC(9)   Garbage:         -               544M (27%)         126M (6%)           18M (1%)             -                  -          
[19.851s][info][gc,heap     ] GC(9) Reclaimed:         -                  -               418M (20%)         525M (26%)            -                  -          
[19.851s][info][gc          ] GC(9) Garbage Collection (System.gc()) 622M(30%)->108M(5%)
[20.114s][info][gc,stats    ] === Garbage Collection Statistics =======================================================================================================================
[20.114s][info][gc,stats    ]                                                              Last 10s              Last 10m              Last 10h                Total
[20.114s][info][gc,stats    ]                                                              Avg / Max             Avg / Max             Avg / Max             Avg / Max
[20.114s][info][gc,stats    ]   Collector: Garbage Collection Cycle                    103.604 / 149.766      88.491 / 149.766      88.491 / 149.766      88.491 / 149.766     ms
[20.115s][info][gc,stats    ]  Contention: Mark Segment Reset Contention                     0 / 3                 0 / 3                 0 / 3                 0 / 3           ops/s
[20.115s][info][gc,stats    ]  Contention: Mark SeqNum Reset Contention                      0 / 1                 0 / 1                 0 / 1                 0 / 1           ops/s
[20.115s][info][gc,stats    ]    Critical: Allocation Stall                                  0 / 0                 0 / 0                 0 / 0                 0 / 0           ops/s
[20.115s][info][gc,stats    ]    Critical: Allocation Stall                              0.000 / 0.000         0.000 / 0.000         0.000 / 0.000         0.000 / 0.000       ms
[20.115s][info][gc,stats    ]    Critical: GC Locker Stall                                   0 / 0                 0 / 0                 0 / 0                 0 / 0           ops/s
[20.115s][info][gc,stats    ]    Critical: GC Locker Stall                               0.000 / 0.000         0.000 / 0.000         0.000 / 0.000         0.000 / 0.000       ms
[20.115s][info][gc,stats    ]    Critical: Relocation Stall                                  0 / 0                 0 / 0                 0 / 0                 0 / 0           ops/s
[20.115s][info][gc,stats    ]    Critical: Relocation Stall                              0.000 / 0.000         0.000 / 0.000         0.000 / 0.000         0.000 / 0.000       ms
[20.115s][info][gc,stats    ]      Memory: Allocation Rate                                 512 / 1026            276 / 1026            276 / 1026            276 / 1026        MB/s
[20.115s][info][gc,stats    ]      Memory: Out Of Memory                                     0 / 0                 0 / 0                 0 / 0                 0 / 0           ops/s
[20.115s][info][gc,stats    ]      Memory: Page Cache Flush                                  0 / 0                 0 / 0                 0 / 0                 0 / 0           MB/s
[20.115s][info][gc,stats    ]      Memory: Page Cache Hit L1                               167 / 488              88 / 488              88 / 488              88 / 488         ops/s
[20.115s][info][gc,stats    ]      Memory: Page Cache Hit L2                                 0 / 0                 0 / 0                 0 / 0                 0 / 0           ops/s
[20.115s][info][gc,stats    ]      Memory: Page Cache Hit L3                                71 / 385              39 / 385              39 / 385              39 / 385         ops/s
[20.115s][info][gc,stats    ]      Memory: Page Cache Miss                                   0 / 0                 0 / 1                 0 / 1                 0 / 1           ops/s
[20.115s][info][gc,stats    ]      Memory: Uncommit                                          0 / 0                 0 / 0                 0 / 0                 0 / 0           MB/s
[20.115s][info][gc,stats    ]      Memory: Undo Object Allocation Failed                     0 / 0                 0 / 0                 0 / 0                 0 / 0           ops/s
[20.115s][info][gc,stats    ]      Memory: Undo Object Allocation Succeeded                  0 / 6                 0 / 6                 0 / 6                 0 / 6           ops/s
[20.115s][info][gc,stats    ]      Memory: Undo Page Allocation                              0 / 1                 0 / 1                 0 / 1                 0 / 1           ops/s
[20.115s][info][gc,stats    ]       Phase: Concurrent Mark                              66.682 / 93.796       58.136 / 93.796       58.136 / 93.796       58.136 / 93.796      ms
[20.115s][info][gc,stats    ]       Phase: Concurrent Mark Continue                      0.000 / 0.000         0.000 / 0.000         0.000 / 0.000         0.000 / 0.000       ms
[20.115s][info][gc,stats    ]       Phase: Concurrent Mark Free                          0.001 / 0.001         0.001 / 0.001         0.001 / 0.001         0.001 / 0.001       ms
[20.115s][info][gc,stats    ]       Phase: Concurrent Process Non-Strong References     24.609 / 60.857       18.289 / 60.857       18.289 / 60.857       18.289 / 60.857      ms
[20.115s][info][gc,stats    ]       Phase: Concurrent Relocate                           7.573 / 18.227        6.964 / 18.227        6.964 / 18.227        6.964 / 18.227      ms
[20.115s][info][gc,stats    ]       Phase: Concurrent Reset Relocation Set               0.007 / 0.015         0.007 / 0.015         0.007 / 0.015         0.007 / 0.015       ms
[20.115s][info][gc,stats    ]       Phase: Concurrent Select Relocation Set              3.006 / 4.434         3.469 / 7.348         3.469 / 7.348         3.469 / 7.348       ms
[20.115s][info][gc,stats    ]       Phase: Pause Mark End                                0.017 / 0.023         0.024 / 0.092         0.024 / 0.092         0.024 / 0.092       ms
[20.115s][info][gc,stats    ]       Phase: Pause Mark Start                              0.007 / 0.011         0.007 / 0.011         0.007 / 0.011         0.007 / 0.011       ms
[20.115s][info][gc,stats    ]       Phase: Pause Relocate Start                          0.008 / 0.010         0.008 / 0.010         0.008 / 0.010         0.008 / 0.010       ms
[20.115s][info][gc,stats    ]    Subphase: Concurrent Classes Purge                      0.520 / 0.810         0.404 / 0.810         0.404 / 0.810         0.404 / 0.810       ms
[20.115s][info][gc,stats    ]    Subphase: Concurrent Classes Unlink                    16.538 / 27.717       12.254 / 27.717       12.254 / 27.717       12.254 / 27.717      ms
[20.115s][info][gc,stats    ]    Subphase: Concurrent Mark                              56.132 / 86.386       48.096 / 86.386       48.096 / 86.386       48.096 / 86.386      ms
[20.115s][info][gc,stats    ]    Subphase: Concurrent Mark Try Flush                     0.233 / 2.252         0.211 / 2.252         0.211 / 2.252         0.211 / 2.252       ms
[20.115s][info][gc,stats    ]    Subphase: Concurrent Mark Try Terminate                 2.949 / 15.713        3.209 / 15.713        3.209 / 15.713        3.209 / 15.713      ms
[20.115s][info][gc,stats    ]    Subphase: Concurrent References Enqueue                 0.007 / 0.010         0.007 / 0.010         0.007 / 0.010         0.007 / 0.010       ms
[20.115s][info][gc,stats    ]    Subphase: Concurrent References Process                 0.500 / 0.888         0.408 / 0.888         0.408 / 0.888         0.408 / 0.888       ms
[20.115s][info][gc,stats    ]    Subphase: Concurrent Roots ClassLoaderDataGraph         0.122 / 0.217         0.121 / 0.335         0.121 / 0.335         0.121 / 0.335       ms
[20.115s][info][gc,stats    ]    Subphase: Concurrent Roots CodeCache                    0.000 / 0.000         0.000 / 0.000         0.000 / 0.000         0.000 / 0.000       ms
[20.115s][info][gc,stats    ]    Subphase: Concurrent Roots JavaThreads                  6.683 / 13.544        5.486 / 13.544        5.486 / 13.544        5.486 / 13.544      ms
[20.115s][info][gc,stats    ]    Subphase: Concurrent Roots OopStorageSet                0.043 / 0.077         0.042 / 0.077         0.042 / 0.077         0.042 / 0.077       ms
[20.115s][info][gc,stats    ]    Subphase: Concurrent Weak Roots OopStorageSet           1.100 / 1.485         0.946 / 1.485         0.946 / 1.485         0.946 / 1.485       ms
[20.115s][info][gc,stats    ]    Subphase: Pause Mark Try Complete                       0.000 / 0.000         0.002 / 0.003         0.002 / 0.003         0.002 / 0.003       ms
[20.115s][info][gc,stats    ]      System: Java Threads                                    116 / 246              91 / 246              91 / 246              91 / 246         threads
[20.115s][info][gc,stats    ] =========================================================================================================================================================
[20.824s][info][gc,start    ] GC(10) Garbage Collection (Allocation Rate)
[20.824s][info][gc,task     ] GC(10) Using 2 workers
[20.824s][info][gc,phases   ] GC(10) Pause Mark Start 0.010ms
[20.902s][info][gc,phases   ] GC(10) Concurrent Mark 78.104ms
[20.903s][info][gc,phases   ] GC(10) Pause Mark End 0.018ms
[20.903s][info][gc,phases   ] GC(10) Concurrent Mark Free 0.001ms
[20.930s][info][gc,phases   ] GC(10) Concurrent Process Non-Strong References 27.557ms
[20.930s][info][gc,phases   ] GC(10) Concurrent Reset Relocation Set 0.004ms
[20.933s][info][gc,phases   ] GC(10) Concurrent Select Relocation Set 2.650ms
[20.933s][info][gc,phases   ] GC(10) Pause Relocate Start 0.007ms
[20.941s][info][gc,phases   ] GC(10) Concurrent Relocate 7.500ms
[20.941s][info][gc,load     ] GC(10) Load: 0.00/0.00/0.00
[20.941s][info][gc,mmu      ] GC(10) MMU: 2ms/95.4%, 5ms/98.2%, 10ms/99.0%, 20ms/99.5%, 50ms/99.8%, 100ms/99.9%
[20.941s][info][gc,marking  ] GC(10) Mark: 2 stripe(s), 2 proactive flush(es), 1 terminate flush(es), 0 completion(s), 0 continuation(s) 
[20.941s][info][gc,marking  ] GC(10) Mark Stack Usage: 32M
[20.941s][info][gc,nmethod  ] GC(10) NMethods: 12821 registered, 862 unregistered
[20.941s][info][gc,metaspace] GC(10) Metaspace: 126M used, 128M committed, 1152M reserved
[20.941s][info][gc,ref      ] GC(10) Soft: 8751 encountered, 0 discovered, 0 enqueued
[20.941s][info][gc,ref      ] GC(10) Weak: 15927 encountered, 6197 discovered, 958 enqueued
[20.941s][info][gc,ref      ] GC(10) Final: 53 encountered, 0 discovered, 0 enqueued
[20.941s][info][gc,ref      ] GC(10) Phantom: 588 encountered, 300 discovered, 0 enqueued
[20.941s][info][gc,reloc    ] GC(10) Small Pages: 734 / 1468M, Empty: 1060M, Relocated: 18M, In-Place: 0
[20.941s][info][gc,reloc    ] GC(10) Medium Pages: 2 / 64M, Empty: 32M, Relocated: 0M, In-Place: 0
[20.941s][info][gc,reloc    ] GC(10) Large Pages: 10 / 60M, Empty: 60M, Relocated: 0M, In-Place: 0
[20.941s][info][gc,reloc    ] GC(10) Forwarding Usage: 1M
[20.941s][info][gc,heap     ] GC(10) Min Capacity: 2048M(100%)
[20.941s][info][gc,heap     ] GC(10) Max Capacity: 2048M(100%)
[20.941s][info][gc,heap     ] GC(10) Soft Max Capacity: 2048M(100%)
[20.941s][info][gc,heap     ] GC(10)                Mark Start          Mark End        Relocate Start      Relocate End           High               Low         
[20.941s][info][gc,heap     ] GC(10)  Capacity:     2048M (100%)       2048M (100%)       2048M (100%)       2048M (100%)       2048M (100%)       2048M (100%)   
[20.941s][info][gc,heap     ] GC(10)      Free:      456M (22%)         318M (16%)        1440M (70%)        1758M (86%)        1758M (86%)         290M (14%)    
[20.941s][info][gc,heap     ] GC(10)      Used:     1592M (78%)        1730M (84%)         608M (30%)         290M (14%)        1758M (86%)         290M (14%)    
[20.941s][info][gc,heap     ] GC(10)      Live:         -                94M (5%)           94M (5%)           94M (5%)             -                  -          
[20.941s][info][gc,heap     ] GC(10) Allocated:         -               138M (7%)          168M (8%)          175M (9%)             -                  -          
[20.941s][info][gc,heap     ] GC(10)   Garbage:         -              1497M (73%)         345M (17%)          19M (1%)             -                  -          
[20.941s][info][gc,heap     ] GC(10) Reclaimed:         -                  -              1152M (56%)        1477M (72%)            -                  -          
[20.941s][info][gc          ] GC(10) Garbage Collection (Allocation Rate) 1592M(78%)->290M(14%)
[21.125s][info][gc,start    ] GC(11) Garbage Collection (System.gc())
[21.125s][info][gc,task     ] GC(11) Using 2 workers
[21.125s][info][gc,phases   ] GC(11) Pause Mark Start 0.007ms
[21.186s][info][gc,phases   ] GC(11) Concurrent Mark 61.280ms
[21.186s][info][gc,phases   ] GC(11) Pause Mark End 0.029ms
[21.187s][info][gc,phases   ] GC(11) Concurrent Mark Free 0.001ms
[21.200s][info][gc,phases   ] GC(11) Concurrent Process Non-Strong References 13.160ms
[21.200s][info][gc,phases   ] GC(11) Concurrent Reset Relocation Set 0.010ms
[21.202s][info][gc,phases   ] GC(11) Concurrent Select Relocation Set 1.792ms
[21.202s][info][gc,phases   ] GC(11) Pause Relocate Start 0.007ms
[21.204s][info][gc,phases   ] GC(11) Concurrent Relocate 2.494ms
[21.204s][info][gc,load     ] GC(11) Load: 0.00/0.00/0.00
[21.204s][info][gc,mmu      ] GC(11) MMU: 2ms/95.4%, 5ms/98.2%, 10ms/99.0%, 20ms/99.5%, 50ms/99.8%, 100ms/99.9%
[21.204s][info][gc,marking  ] GC(11) Mark: 2 stripe(s), 2 proactive flush(es), 1 terminate flush(es), 0 completion(s), 0 continuation(s) 
[21.204s][info][gc,marking  ] GC(11) Mark Stack Usage: 32M
[21.204s][info][gc,nmethod  ] GC(11) NMethods: 12952 registered, 862 unregistered
[21.204s][info][gc,metaspace] GC(11) Metaspace: 126M used, 128M committed, 1152M reserved
[21.204s][info][gc,ref      ] GC(11) Soft: 8750 encountered, 0 discovered, 0 enqueued
[21.204s][info][gc,ref      ] GC(11) Weak: 15230 encountered, 5465 discovered, 366 enqueued
[21.205s][info][gc,ref      ] GC(11) Final: 53 encountered, 0 discovered, 0 enqueued
[21.205s][info][gc,ref      ] GC(11) Phantom: 588 encountered, 304 discovered, 0 enqueued
[21.205s][info][gc,reloc    ] GC(11) Small Pages: 154 / 308M, Empty: 172M, Relocated: 3M, In-Place: 0
[21.205s][info][gc,reloc    ] GC(11) Medium Pages: 2 / 64M, Empty: 32M, Relocated: 0M, In-Place: 0
[21.205s][info][gc,reloc    ] GC(11) Large Pages: 4 / 24M, Empty: 24M, Relocated: 0M, In-Place: 0
[21.205s][info][gc,reloc    ] GC(11) Forwarding Usage: 1M
[21.205s][info][gc,heap     ] GC(11) Min Capacity: 2048M(100%)
[21.205s][info][gc,heap     ] GC(11) Max Capacity: 2048M(100%)
[21.205s][info][gc,heap     ] GC(11) Soft Max Capacity: 2048M(100%)
[21.205s][info][gc,heap     ] GC(11)                Mark Start          Mark End        Relocate Start      Relocate End           High               Low         
[21.205s][info][gc,heap     ] GC(11)  Capacity:     2048M (100%)       2048M (100%)       2048M (100%)       2048M (100%)       2048M (100%)       2048M (100%)   
[21.205s][info][gc,heap     ] GC(11)      Free:     1652M (81%)        1650M (81%)        1872M (91%)        1944M (95%)        1944M (95%)        1650M (81%)    
[21.205s][info][gc,heap     ] GC(11)      Used:      396M (19%)         398M (19%)         176M (9%)          104M (5%)          398M (19%)         104M (5%)     
[21.205s][info][gc,heap     ] GC(11)      Live:         -                77M (4%)           77M (4%)           77M (4%)             -                  -          
[21.205s][info][gc,heap     ] GC(11) Allocated:         -                 2M (0%)            8M (0%)            9M (0%)             -                  -          
[21.205s][info][gc,heap     ] GC(11)   Garbage:         -               318M (16%)          90M (4%)           16M (1%)             -                  -          
[21.205s][info][gc,heap     ] GC(11) Reclaimed:         -                  -               228M (11%)         301M (15%)            -                  -          
[21.205s][info][gc          ] GC(11) Garbage Collection (System.gc()) 396M(19%)->104M(5%)
[22.114s][info][gc,start    ] GC(12) Garbage Collection (Allocation Rate)
[22.114s][info][gc,task     ] GC(12) Using 2 workers
[22.115s][info][gc,phases   ] GC(12) Pause Mark Start 0.011ms
[22.177s][info][gc,phases   ] GC(12) Concurrent Mark 62.294ms
[22.177s][info][gc,phases   ] GC(12) Pause Mark End 0.026ms
[22.177s][info][gc,phases   ] GC(12) Concurrent Mark Free 0.001ms
[22.209s][info][gc,phases   ] GC(12) Concurrent Process Non-Strong References 31.200ms
[22.209s][info][gc,phases   ] GC(12) Concurrent Reset Relocation Set 0.003ms
[22.211s][info][gc,phases   ] GC(12) Concurrent Select Relocation Set 2.555ms
[22.212s][info][gc,phases   ] GC(12) Pause Relocate Start 0.027ms
[22.220s][info][gc,phases   ] GC(12) Concurrent Relocate 8.345ms
[22.220s][info][gc,load     ] GC(12) Load: 0.00/0.00/0.00
[22.220s][info][gc,mmu      ] GC(12) MMU: 2ms/95.4%, 5ms/98.2%, 10ms/99.0%, 20ms/99.5%, 50ms/99.8%, 100ms/99.9%
[22.220s][info][gc,marking  ] GC(12) Mark: 2 stripe(s), 2 proactive flush(es), 1 terminate flush(es), 0 completion(s), 0 continuation(s) 
[22.220s][info][gc,marking  ] GC(12) Mark Stack Usage: 32M
[22.220s][info][gc,nmethod  ] GC(12) NMethods: 13730 registered, 862 unregistered
[22.220s][info][gc,metaspace] GC(12) Metaspace: 126M used, 128M committed, 1152M reserved
[22.220s][info][gc,ref      ] GC(12) Soft: 8760 encountered, 0 discovered, 0 enqueued
[22.220s][info][gc,ref      ] GC(12) Weak: 15968 encountered, 3882 discovered, 951 enqueued
[22.220s][info][gc,ref      ] GC(12) Final: 53 encountered, 0 discovered, 0 enqueued
[22.220s][info][gc,ref      ] GC(12) Phantom: 588 encountered, 398 discovered, 0 enqueued
[22.220s][info][gc,reloc    ] GC(12) Small Pages: 757 / 1514M, Empty: 1066M, Relocated: 23M, In-Place: 0
[22.220s][info][gc,reloc    ] GC(12) Medium Pages: 2 / 64M, Empty: 32M, Relocated: 0M, In-Place: 0
[22.220s][info][gc,reloc    ] GC(12) Large Pages: 10 / 60M, Empty: 60M, Relocated: 0M, In-Place: 0
[22.220s][info][gc,reloc    ] GC(12) Forwarding Usage: 1M
[22.220s][info][gc,heap     ] GC(12) Min Capacity: 2048M(100%)
[22.220s][info][gc,heap     ] GC(12) Max Capacity: 2048M(100%)
[22.220s][info][gc,heap     ] GC(12) Soft Max Capacity: 2048M(100%)
[22.220s][info][gc,heap     ] GC(12)                Mark Start          Mark End        Relocate Start      Relocate End           High               Low         
[22.220s][info][gc,heap     ] GC(12)  Capacity:     2048M (100%)       2048M (100%)       2048M (100%)       2048M (100%)       2048M (100%)       2048M (100%)   
[22.220s][info][gc,heap     ] GC(12)      Free:      410M (20%)         296M (14%)        1442M (70%)        1800M (88%)        1800M (88%)         284M (14%)    
[22.220s][info][gc,heap     ] GC(12)      Used:     1638M (80%)        1752M (86%)         606M (30%)         248M (12%)        1764M (86%)         248M (12%)    
[22.220s][info][gc,heap     ] GC(12)      Live:         -                99M (5%)           99M (5%)           99M (5%)             -                  -          
[22.220s][info][gc,heap     ] GC(12) Allocated:         -               114M (6%)          126M (6%)          131M (6%)             -                  -          
[22.220s][info][gc,heap     ] GC(12)   Garbage:         -              1538M (75%)         380M (19%)          16M (1%)             -                  -          
[22.220s][info][gc,heap     ] GC(12) Reclaimed:         -                  -              1158M (57%)        1521M (74%)            -                  -          
[22.220s][info][gc          ] GC(12) Garbage Collection (Allocation Rate) 1638M(80%)->248M(12%)
[22.339s][info][gc,start    ] GC(13) Garbage Collection (System.gc())
[22.339s][info][gc,task     ] GC(13) Using 2 workers
[22.339s][info][gc,phases   ] GC(13) Pause Mark Start 0.007ms
[22.386s][info][gc,phases   ] GC(13) Concurrent Mark 47.168ms
[22.387s][info][gc,phases   ] GC(13) Pause Mark End 0.027ms
[22.387s][info][gc,phases   ] GC(13) Concurrent Mark Free 0.002ms
[22.400s][info][gc,phases   ] GC(13) Concurrent Process Non-Strong References 13.480ms
[22.401s][info][gc,phases   ] GC(13) Concurrent Reset Relocation Set 0.010ms
[22.403s][info][gc,phases   ] GC(13) Concurrent Select Relocation Set 2.076ms
[22.403s][info][gc,phases   ] GC(13) Pause Relocate Start 0.008ms
[22.405s][info][gc,phases   ] GC(13) Concurrent Relocate 1.870ms
[22.405s][info][gc,load     ] GC(13) Load: 0.00/0.00/0.00
[22.405s][info][gc,mmu      ] GC(13) MMU: 2ms/95.4%, 5ms/98.2%, 10ms/99.0%, 20ms/99.5%, 50ms/99.8%, 100ms/99.9%
[22.405s][info][gc,marking  ] GC(13) Mark: 2 stripe(s), 2 proactive flush(es), 1 terminate flush(es), 0 completion(s), 0 continuation(s) 
[22.405s][info][gc,marking  ] GC(13) Mark Stack Usage: 32M
[22.405s][info][gc,nmethod  ] GC(13) NMethods: 13824 registered, 862 unregistered
[22.405s][info][gc,metaspace] GC(13) Metaspace: 126M used, 128M committed, 1152M reserved
[22.405s][info][gc,ref      ] GC(13) Soft: 8759 encountered, 0 discovered, 0 enqueued
[22.405s][info][gc,ref      ] GC(13) Weak: 15257 encountered, 4817 discovered, 354 enqueued
[22.405s][info][gc,ref      ] GC(13) Final: 53 encountered, 0 discovered, 0 enqueued
[22.405s][info][gc,ref      ] GC(13) Phantom: 588 encountered, 339 discovered, 0 enqueued
[22.405s][info][gc,reloc    ] GC(13) Small Pages: 128 / 256M, Empty: 124M, Relocated: 3M, In-Place: 0
[22.405s][info][gc,reloc    ] GC(13) Medium Pages: 2 / 64M, Empty: 32M, Relocated: 0M, In-Place: 0
[22.405s][info][gc,reloc    ] GC(13) Large Pages: 4 / 24M, Empty: 24M, Relocated: 0M, In-Place: 0
[22.405s][info][gc,reloc    ] GC(13) Forwarding Usage: 1M
[22.405s][info][gc,heap     ] GC(13) Min Capacity: 2048M(100%)
[22.405s][info][gc,heap     ] GC(13) Max Capacity: 2048M(100%)
[22.405s][info][gc,heap     ] GC(13) Soft Max Capacity: 2048M(100%)
[22.405s][info][gc,heap     ] GC(13)                Mark Start          Mark End        Relocate Start      Relocate End           High               Low         
[22.405s][info][gc,heap     ] GC(13)  Capacity:     2048M (100%)       2048M (100%)       2048M (100%)       2048M (100%)       2048M (100%)       2048M (100%)   
[22.405s][info][gc,heap     ] GC(13)      Free:     1704M (83%)        1704M (83%)        1876M (92%)        1944M (95%)        1944M (95%)        1702M (83%)    
[22.405s][info][gc,heap     ] GC(13)      Used:      344M (17%)         344M (17%)         172M (8%)          104M (5%)          346M (17%)         104M (5%)     
[22.405s][info][gc,heap     ] GC(13)      Live:         -                78M (4%)           78M (4%)           78M (4%)             -                  -          
[22.405s][info][gc,heap     ] GC(13) Allocated:         -                 0M (0%)            8M (0%)            9M (0%)             -                  -          
[22.405s][info][gc,heap     ] GC(13)   Garbage:         -               265M (13%)          85M (4%)           15M (1%)             -                  -          
[22.405s][info][gc,heap     ] GC(13) Reclaimed:         -                  -               180M (9%)          249M (12%)            -                  -          
[22.405s][info][gc          ] GC(13) Garbage Collection (System.gc()) 344M(17%)->104M(5%)
[23.121s][info][gc,start    ] GC(14) Garbage Collection (Allocation Rate)
[23.121s][info][gc,task     ] GC(14) Using 1 workers
[23.122s][info][gc,phases   ] GC(14) Pause Mark Start 0.008ms
[23.219s][info][gc,phases   ] GC(14) Concurrent Mark 97.100ms
[23.219s][info][gc,phases   ] GC(14) Pause Mark End 0.024ms
[23.219s][info][gc,phases   ] GC(14) Concurrent Mark Free 0.002ms
[23.263s][info][gc,phases   ] GC(14) Concurrent Process Non-Strong References 44.106ms
[23.263s][info][gc,phases   ] GC(14) Concurrent Reset Relocation Set 0.003ms
[23.266s][info][gc,phases   ] GC(14) Concurrent Select Relocation Set 2.730ms
[23.266s][info][gc,phases   ] GC(14) Pause Relocate Start 0.008ms
[23.272s][info][gc,phases   ] GC(14) Concurrent Relocate 5.925ms
[23.272s][info][gc,load     ] GC(14) Load: 0.00/0.00/0.00
[23.272s][info][gc,mmu      ] GC(14) MMU: 2ms/95.4%, 5ms/98.2%, 10ms/99.0%, 20ms/99.5%, 50ms/99.8%, 100ms/99.9%
[23.272s][info][gc,marking  ] GC(14) Mark: 1 stripe(s), 2 proactive flush(es), 1 terminate flush(es), 0 completion(s), 0 continuation(s) 
[23.272s][info][gc,marking  ] GC(14) Mark Stack Usage: 32M
[23.272s][info][gc,nmethod  ] GC(14) NMethods: 14579 registered, 862 unregistered
[23.272s][info][gc,metaspace] GC(14) Metaspace: 127M used, 129M committed, 1152M reserved
[23.272s][info][gc,ref      ] GC(14) Soft: 8767 encountered, 0 discovered, 0 enqueued
[23.272s][info][gc,ref      ] GC(14) Weak: 15957 encountered, 4017 discovered, 730 enqueued
[23.272s][info][gc,ref      ] GC(14) Final: 53 encountered, 0 discovered, 0 enqueued
[23.272s][info][gc,ref      ] GC(14) Phantom: 605 encountered, 371 discovered, 16 enqueued
[23.272s][info][gc,reloc    ] GC(14) Small Pages: 631 / 1262M, Empty: 1038M, Relocated: 5M, In-Place: 0
[23.272s][info][gc,reloc    ] GC(14) Medium Pages: 2 / 64M, Empty: 32M, Relocated: 0M, In-Place: 0
[23.272s][info][gc,reloc    ] GC(14) Large Pages: 7 / 42M, Empty: 42M, Relocated: 0M, In-Place: 0
[23.272s][info][gc,reloc    ] GC(14) Forwarding Usage: 1M
[23.273s][info][gc,heap     ] GC(14) Min Capacity: 2048M(100%)
[23.273s][info][gc,heap     ] GC(14) Max Capacity: 2048M(100%)
[23.273s][info][gc,heap     ] GC(14) Soft Max Capacity: 2048M(100%)
[23.273s][info][gc,heap     ] GC(14)                Mark Start          Mark End        Relocate Start      Relocate End           High               Low         
[23.273s][info][gc,heap     ] GC(14)  Capacity:     2048M (100%)       2048M (100%)       2048M (100%)       2048M (100%)       2048M (100%)       2048M (100%)   
[23.273s][info][gc,heap     ] GC(14)      Free:      680M (33%)         526M (26%)        1536M (75%)        1680M (82%)        1686M (82%)         428M (21%)    
[23.273s][info][gc,heap     ] GC(14)      Used:     1368M (67%)        1522M (74%)         512M (25%)         368M (18%)        1620M (79%)         362M (18%)    
[23.273s][info][gc,heap     ] GC(14)      Live:         -                79M (4%)           79M (4%)           79M (4%)             -                  -          
[23.273s][info][gc,heap     ] GC(14) Allocated:         -               154M (8%)          256M (12%)         271M (13%)            -                  -          
[23.273s][info][gc,heap     ] GC(14)   Garbage:         -              1288M (63%)         176M (9%)           16M (1%)             -                  -          
[23.273s][info][gc,heap     ] GC(14) Reclaimed:         -                  -              1112M (54%)        1271M (62%)            -                  -          
[23.273s][info][gc          ] GC(14) Garbage Collection (Allocation Rate) 1368M(67%)->368M(18%)
[23.502s][info][gc,start    ] GC(15) Garbage Collection (System.gc())
[23.502s][info][gc,task     ] GC(15) Using 2 workers
[23.502s][info][gc,phases   ] GC(15) Pause Mark Start 0.006ms
[23.564s][info][gc,phases   ] GC(15) Concurrent Mark 61.204ms
[23.564s][info][gc,phases   ] GC(15) Pause Mark End 0.022ms
[23.564s][info][gc,phases   ] GC(15) Concurrent Mark Free 0.001ms
[23.577s][info][gc,phases   ] GC(15) Concurrent Process Non-Strong References 13.085ms
[23.577s][info][gc,phases   ] GC(15) Concurrent Reset Relocation Set 0.006ms
[23.580s][info][gc,phases   ] GC(15) Concurrent Select Relocation Set 2.560ms
[23.580s][info][gc,phases   ] GC(15) Pause Relocate Start 0.010ms
[23.583s][info][gc,phases   ] GC(15) Concurrent Relocate 2.955ms
[23.583s][info][gc,load     ] GC(15) Load: 0.00/0.00/0.00
[23.583s][info][gc,mmu      ] GC(15) MMU: 2ms/95.4%, 5ms/98.2%, 10ms/99.0%, 20ms/99.5%, 50ms/99.8%, 100ms/99.9%
[23.583s][info][gc,marking  ] GC(15) Mark: 2 stripe(s), 2 proactive flush(es), 1 terminate flush(es), 0 completion(s), 0 continuation(s) 
[23.583s][info][gc,marking  ] GC(15) Mark Stack Usage: 32M
[23.583s][info][gc,nmethod  ] GC(15) NMethods: 13719 registered, 1817 unregistered
[23.583s][info][gc,metaspace] GC(15) Metaspace: 127M used, 129M committed, 1152M reserved
[23.583s][info][gc,ref      ] GC(15) Soft: 8764 encountered, 0 discovered, 0 enqueued
[23.583s][info][gc,ref      ] GC(15) Weak: 15579 encountered, 4061 discovered, 598 enqueued
[23.583s][info][gc,ref      ] GC(15) Final: 53 encountered, 0 discovered, 0 enqueued
[23.583s][info][gc,ref      ] GC(15) Phantom: 589 encountered, 399 discovered, 0 enqueued
[23.583s][info][gc,reloc    ] GC(15) Small Pages: 241 / 482M, Empty: 318M, Relocated: 5M, In-Place: 0
[23.583s][info][gc,reloc    ] GC(15) Medium Pages: 2 / 64M, Empty: 32M, Relocated: 0M, In-Place: 0
[23.583s][info][gc,reloc    ] GC(15) Large Pages: 7 / 42M, Empty: 42M, Relocated: 0M, In-Place: 0
[23.583s][info][gc,reloc    ] GC(15) Forwarding Usage: 1M
[23.583s][info][gc,heap     ] GC(15) Min Capacity: 2048M(100%)
[23.583s][info][gc,heap     ] GC(15) Max Capacity: 2048M(100%)
[23.583s][info][gc,heap     ] GC(15) Soft Max Capacity: 2048M(100%)
[23.583s][info][gc,heap     ] GC(15)                Mark Start          Mark End        Relocate Start      Relocate End           High               Low         
[23.583s][info][gc,heap     ] GC(15)  Capacity:     2048M (100%)       2048M (100%)       2048M (100%)       2048M (100%)       2048M (100%)       2048M (100%)   
[23.583s][info][gc,heap     ] GC(15)      Free:     1460M (71%)        1454M (71%)        1840M (90%)        1940M (95%)        1940M (95%)        1454M (71%)    
[23.583s][info][gc,heap     ] GC(15)      Used:      588M (29%)         594M (29%)         208M (10%)         108M (5%)          594M (29%)         108M (5%)     
[23.583s][info][gc,heap     ] GC(15)      Live:         -                78M (4%)           78M (4%)           78M (4%)             -                  -          
[23.583s][info][gc,heap     ] GC(15) Allocated:         -                 6M (0%)           12M (1%)           13M (1%)             -                  -          
[23.583s][info][gc,heap     ] GC(15)   Garbage:         -               509M (25%)         117M (6%)           15M (1%)             -                  -          
[23.583s][info][gc,heap     ] GC(15) Reclaimed:         -                  -               392M (19%)         493M (24%)            -                  -          
[23.583s][info][gc          ] GC(15) Garbage Collection (System.gc()) 588M(29%)->108M(5%)
[24.323s][info][gc,start    ] GC(16) Garbage Collection (Allocation Rate)
[24.323s][info][gc,task     ] GC(16) Using 1 workers
[24.324s][info][gc,phases   ] GC(16) Pause Mark Start 0.004ms
[24.431s][info][gc,phases   ] GC(16) Concurrent Mark 107.483ms
[24.431s][info][gc,phases   ] GC(16) Pause Mark End 0.017ms
[24.431s][info][gc,phases   ] GC(16) Concurrent Mark Free 0.001ms
[24.474s][info][gc,phases   ] GC(16) Concurrent Process Non-Strong References 42.511ms
[24.474s][info][gc,phases   ] GC(16) Concurrent Reset Relocation Set 0.005ms
[24.477s][info][gc,phases   ] GC(16) Concurrent Select Relocation Set 3.275ms
[24.477s][info][gc,phases   ] GC(16) Pause Relocate Start 0.011ms
[24.486s][info][gc,phases   ] GC(16) Concurrent Relocate 7.738ms
[24.486s][info][gc,load     ] GC(16) Load: 0.00/0.00/0.00
[24.486s][info][gc,mmu      ] GC(16) MMU: 2ms/95.4%, 5ms/98.2%, 10ms/99.0%, 20ms/99.5%, 50ms/99.8%, 100ms/99.9%
[24.486s][info][gc,marking  ] GC(16) Mark: 1 stripe(s), 2 proactive flush(es), 1 terminate flush(es), 0 completion(s), 0 continuation(s) 
[24.486s][info][gc,marking  ] GC(16) Mark Stack Usage: 32M
[24.486s][info][gc,nmethod  ] GC(16) NMethods: 14296 registered, 1817 unregistered
[24.486s][info][gc,metaspace] GC(16) Metaspace: 127M used, 129M committed, 1152M reserved
[24.486s][info][gc,ref      ] GC(16) Soft: 8772 encountered, 0 discovered, 0 enqueued
[24.486s][info][gc,ref      ] GC(16) Weak: 16052 encountered, 4007 discovered, 938 enqueued
[24.486s][info][gc,ref      ] GC(16) Final: 53 encountered, 0 discovered, 0 enqueued
[24.486s][info][gc,ref      ] GC(16) Phantom: 589 encountered, 355 discovered, 0 enqueued
[24.486s][info][gc,reloc    ] GC(16) Small Pages: 647 / 1294M, Empty: 1052M, Relocated: 6M, In-Place: 0
[24.486s][info][gc,reloc    ] GC(16) Medium Pages: 2 / 64M, Empty: 32M, Relocated: 0M, In-Place: 0
[24.486s][info][gc,reloc    ] GC(16) Large Pages: 10 / 60M, Empty: 60M, Relocated: 0M, In-Place: 0
[24.486s][info][gc,reloc    ] GC(16) Forwarding Usage: 2M
[24.486s][info][gc,heap     ] GC(16) Min Capacity: 2048M(100%)
[24.486s][info][gc,heap     ] GC(16) Max Capacity: 2048M(100%)
[24.486s][info][gc,heap     ] GC(16) Soft Max Capacity: 2048M(100%)
[24.486s][info][gc,heap     ] GC(16)                Mark Start          Mark End        Relocate Start      Relocate End           High               Low         
[24.486s][info][gc,heap     ] GC(16)  Capacity:     2048M (100%)       2048M (100%)       2048M (100%)       2048M (100%)       2048M (100%)       2048M (100%)   
[24.486s][info][gc,heap     ] GC(16)      Free:      630M (31%)         376M (18%)        1446M (71%)        1606M (78%)        1614M (79%)         308M (15%)    
[24.486s][info][gc,heap     ] GC(16)      Used:     1418M (69%)        1672M (82%)         602M (29%)         442M (22%)        1740M (85%)         434M (21%)    
[24.486s][info][gc,heap     ] GC(16)      Live:         -                80M (4%)           80M (4%)           80M (4%)             -                  -          
[24.486s][info][gc,heap     ] GC(16) Allocated:         -               254M (12%)         328M (16%)         345M (17%)            -                  -          
[24.486s][info][gc,heap     ] GC(16)   Garbage:         -              1337M (65%)         193M (9%)           15M (1%)             -                  -          
[24.486s][info][gc,heap     ] GC(16) Reclaimed:         -                  -              1144M (56%)        1321M (65%)            -                  -          
[24.486s][info][gc          ] GC(16) Garbage Collection (Allocation Rate) 1418M(69%)->442M(22%)
[24.640s][info][gc,start    ] GC(17) Garbage Collection (System.gc())
[24.640s][info][gc,task     ] GC(17) Using 2 workers
[24.640s][info][gc,phases   ] GC(17) Pause Mark Start 0.004ms
[24.703s][info][gc,phases   ] GC(17) Concurrent Mark 62.811ms
[24.704s][info][gc,phases   ] GC(17) Pause Mark End 0.028ms
[24.704s][info][gc,phases   ] GC(17) Concurrent Mark Free 0.002ms
[24.727s][info][gc,phases   ] GC(17) Concurrent Process Non-Strong References 23.716ms
[24.728s][info][gc,phases   ] GC(17) Concurrent Reset Relocation Set 0.007ms
[24.730s][info][gc,phases   ] GC(17) Concurrent Select Relocation Set 2.580ms
[24.730s][info][gc,phases   ] GC(17) Pause Relocate Start 0.011ms
[24.732s][info][gc,phases   ] GC(17) Concurrent Relocate 1.260ms
[24.732s][info][gc,load     ] GC(17) Load: 0.00/0.00/0.00
[24.732s][info][gc,mmu      ] GC(17) MMU: 2ms/95.4%, 5ms/98.2%, 10ms/99.0%, 20ms/99.5%, 50ms/99.8%, 100ms/99.9%
[24.732s][info][gc,marking  ] GC(17) Mark: 2 stripe(s), 2 proactive flush(es), 1 terminate flush(es), 0 completion(s), 0 continuation(s) 
[24.732s][info][gc,marking  ] GC(17) Mark Stack Usage: 32M
[24.732s][info][gc,nmethod  ] GC(17) NMethods: 14400 registered, 1817 unregistered
[24.732s][info][gc,metaspace] GC(17) Metaspace: 127M used, 129M committed, 1152M reserved
[24.732s][info][gc,ref      ] GC(17) Soft: 8769 encountered, 0 discovered, 0 enqueued
[24.732s][info][gc,ref      ] GC(17) Weak: 15340 encountered, 5341 discovered, 360 enqueued
[24.732s][info][gc,ref      ] GC(17) Final: 53 encountered, 0 discovered, 0 enqueued
[24.732s][info][gc,ref      ] GC(17) Phantom: 589 encountered, 408 discovered, 0 enqueued
[24.732s][info][gc,reloc    ] GC(17) Small Pages: 229 / 458M, Empty: 316M, Relocated: 1M, In-Place: 0
[24.732s][info][gc,reloc    ] GC(17) Medium Pages: 2 / 64M, Empty: 32M, Relocated: 0M, In-Place: 0
[24.732s][info][gc,reloc    ] GC(17) Large Pages: 4 / 24M, Empty: 24M, Relocated: 0M, In-Place: 0
[24.732s][info][gc,reloc    ] GC(17) Forwarding Usage: 0M
[24.732s][info][gc,heap     ] GC(17) Min Capacity: 2048M(100%)
[24.732s][info][gc,heap     ] GC(17) Max Capacity: 2048M(100%)
[24.732s][info][gc,heap     ] GC(17) Soft Max Capacity: 2048M(100%)
[24.732s][info][gc,heap     ] GC(17)                Mark Start          Mark End        Relocate Start      Relocate End           High               Low         
[24.732s][info][gc,heap     ] GC(17)  Capacity:     2048M (100%)       2048M (100%)       2048M (100%)       2048M (100%)       2048M (100%)       2048M (100%)   
[24.732s][info][gc,heap     ] GC(17)      Free:     1502M (73%)        1494M (73%)        1862M (91%)        1940M (95%)        1940M (95%)        1494M (73%)    
[24.732s][info][gc,heap     ] GC(17)      Used:      546M (27%)         554M (27%)         186M (9%)          108M (5%)          554M (27%)         108M (5%)     
[24.732s][info][gc,heap     ] GC(17)      Live:         -                78M (4%)           78M (4%)           78M (4%)             -                  -          
[24.732s][info][gc,heap     ] GC(17) Allocated:         -                 8M (0%)           12M (1%)           11M (1%)             -                  -          
[24.732s][info][gc,heap     ] GC(17)   Garbage:         -               467M (23%)          95M (5%)           17M (1%)             -                  -          
[24.732s][info][gc,heap     ] GC(17) Reclaimed:         -                  -               372M (18%)         449M (22%)            -                  -          
[24.732s][info][gc          ] GC(17) Garbage Collection (System.gc()) 546M(27%)->108M(5%)
[25.420s][info][gc,start    ] GC(18) Garbage Collection (Allocation Rate)
[25.420s][info][gc,task     ] GC(18) Using 1 workers
[25.437s][info][gc,phases   ] GC(18) Pause Mark Start 0.019ms
[25.536s][info][gc,phases   ] GC(18) Concurrent Mark 98.597ms
[25.536s][info][gc,phases   ] GC(18) Pause Mark End 0.019ms
[25.536s][info][gc,phases   ] GC(18) Concurrent Mark Free 0.001ms
[25.585s][info][gc,phases   ] GC(18) Concurrent Process Non-Strong References 49.599ms
[25.585s][info][gc,phases   ] GC(18) Concurrent Reset Relocation Set 0.003ms
[25.588s][info][gc,phases   ] GC(18) Concurrent Select Relocation Set 2.880ms
[25.589s][info][gc,phases   ] GC(18) Pause Relocate Start 0.009ms
[25.592s][info][gc,phases   ] GC(18) Concurrent Relocate 3.629ms
[25.592s][info][gc,load     ] GC(18) Load: 0.00/0.00/0.00
[25.592s][info][gc,mmu      ] GC(18) MMU: 2ms/95.4%, 5ms/98.2%, 10ms/99.0%, 20ms/99.5%, 50ms/99.8%, 100ms/99.9%
[25.592s][info][gc,marking  ] GC(18) Mark: 1 stripe(s), 2 proactive flush(es), 1 terminate flush(es), 0 completion(s), 0 continuation(s) 
[25.592s][info][gc,marking  ] GC(18) Mark Stack Usage: 32M
[25.592s][info][gc,nmethod  ] GC(18) NMethods: 14897 registered, 1817 unregistered
[25.592s][info][gc,metaspace] GC(18) Metaspace: 128M used, 129M committed, 1152M reserved
[25.592s][info][gc,ref      ] GC(18) Soft: 8772 encountered, 0 discovered, 0 enqueued
[25.592s][info][gc,ref      ] GC(18) Weak: 15981 encountered, 3939 discovered, 717 enqueued
[25.592s][info][gc,ref      ] GC(18) Final: 53 encountered, 0 discovered, 0 enqueued
[25.592s][info][gc,ref      ] GC(18) Phantom: 589 encountered, 306 discovered, 0 enqueued
[25.592s][info][gc,reloc    ] GC(18) Small Pages: 625 / 1250M, Empty: 1038M, Relocated: 3M, In-Place: 0
[25.593s][info][gc,reloc    ] GC(18) Medium Pages: 2 / 64M, Empty: 32M, Relocated: 0M, In-Place: 0
[25.593s][info][gc,reloc    ] GC(18) Large Pages: 7 / 42M, Empty: 42M, Relocated: 0M, In-Place: 0
[25.593s][info][gc,reloc    ] GC(18) Forwarding Usage: 0M
[25.593s][info][gc,heap     ] GC(18) Min Capacity: 2048M(100%)
[25.593s][info][gc,heap     ] GC(18) Max Capacity: 2048M(100%)
[25.593s][info][gc,heap     ] GC(18) Soft Max Capacity: 2048M(100%)
[25.593s][info][gc,heap     ] GC(18)                Mark Start          Mark End        Relocate Start      Relocate End           High               Low         
[25.593s][info][gc,heap     ] GC(18)  Capacity:     2048M (100%)       2048M (100%)       2048M (100%)       2048M (100%)       2048M (100%)       2048M (100%)   
[25.593s][info][gc,heap     ] GC(18)      Free:      692M (34%)         552M (27%)        1568M (77%)        1708M (83%)        1708M (83%)         462M (23%)    
[25.593s][info][gc,heap     ] GC(18)      Used:     1356M (66%)        1496M (73%)         480M (23%)         340M (17%)        1586M (77%)         340M (17%)    
[25.593s][info][gc,heap     ] GC(18)      Live:         -                79M (4%)           79M (4%)           79M (4%)             -                  -          
[25.593s][info][gc,heap     ] GC(18) Allocated:         -               140M (7%)          236M (12%)         243M (12%)            -                  -          
[25.593s][info][gc,heap     ] GC(18)   Garbage:         -              1276M (62%)         164M (8%)           16M (1%)             -                  -          
[25.593s][info][gc,heap     ] GC(18) Reclaimed:         -                  -              1112M (54%)        1259M (62%)            -                  -          
[25.593s][info][gc          ] GC(18) Garbage Collection (Allocation Rate) 1356M(66%)->340M(17%)
[25.831s][info][gc,start    ] GC(19) Garbage Collection (System.gc())
[25.831s][info][gc,task     ] GC(19) Using 2 workers
[25.831s][info][gc,phases   ] GC(19) Pause Mark Start 0.005ms
[25.877s][info][gc,phases   ] GC(19) Concurrent Mark 46.340ms
[25.878s][info][gc,phases   ] GC(19) Pause Mark End 0.034ms
[25.878s][info][gc,phases   ] GC(19) Concurrent Mark Free 0.002ms
[25.891s][info][gc,phases   ] GC(19) Concurrent Process Non-Strong References 13.481ms
[25.891s][info][gc,phases   ] GC(19) Concurrent Reset Relocation Set 0.004ms
[25.893s][info][gc,phases   ] GC(19) Concurrent Select Relocation Set 1.812ms
[25.893s][info][gc,phases   ] GC(19) Pause Relocate Start 0.012ms
[25.896s][info][gc,phases   ] GC(19) Concurrent Relocate 1.668ms
[25.896s][info][gc,load     ] GC(19) Load: 0.00/0.00/0.00
[25.896s][info][gc,mmu      ] GC(19) MMU: 2ms/95.4%, 5ms/98.2%, 10ms/99.0%, 20ms/99.5%, 50ms/99.8%, 100ms/99.9%
[25.896s][info][gc,marking  ] GC(19) Mark: 2 stripe(s), 2 proactive flush(es), 1 terminate flush(es), 0 completion(s), 0 continuation(s) 
[25.896s][info][gc,marking  ] GC(19) Mark Stack Usage: 32M
[25.896s][info][gc,nmethod  ] GC(19) NMethods: 14985 registered, 1817 unregistered
[25.896s][info][gc,metaspace] GC(19) Metaspace: 128M used, 129M committed, 1152M reserved
[25.896s][info][gc,ref      ] GC(19) Soft: 8769 encountered, 0 discovered, 0 enqueued
[25.896s][info][gc,ref      ] GC(19) Weak: 15610 encountered, 5271 discovered, 599 enqueued
[25.896s][info][gc,ref      ] GC(19) Final: 53 encountered, 0 discovered, 0 enqueued
[25.896s][info][gc,ref      ] GC(19) Phantom: 589 encountered, 300 discovered, 0 enqueued
[25.896s][info][gc,reloc    ] GC(19) Small Pages: 249 / 498M, Empty: 332M, Relocated: 3M, In-Place: 0
[25.896s][info][gc,reloc    ] GC(19) Medium Pages: 2 / 64M, Empty: 32M, Relocated: 0M, In-Place: 0
[25.896s][info][gc,reloc    ] GC(19) Large Pages: 7 / 42M, Empty: 42M, Relocated: 0M, In-Place: 0
[25.896s][info][gc,reloc    ] GC(19) Forwarding Usage: 1M
[25.896s][info][gc,heap     ] GC(19) Min Capacity: 2048M(100%)
[25.896s][info][gc,heap     ] GC(19) Max Capacity: 2048M(100%)
[25.896s][info][gc,heap     ] GC(19) Soft Max Capacity: 2048M(100%)
[25.896s][info][gc,heap     ] GC(19)                Mark Start          Mark End        Relocate Start      Relocate End           High               Low         
[25.896s][info][gc,heap     ] GC(19)  Capacity:     2048M (100%)       2048M (100%)       2048M (100%)       2048M (100%)       2048M (100%)       2048M (100%)   
[25.896s][info][gc,heap     ] GC(19)      Free:     1444M (71%)        1438M (70%)        1842M (90%)        1942M (95%)        1944M (95%)        1438M (70%)    
[25.896s][info][gc,heap     ] GC(19)      Used:      604M (29%)         610M (30%)         206M (10%)         106M (5%)          610M (30%)         104M (5%)     
[25.896s][info][gc,heap     ] GC(19)      Live:         -                78M (4%)           78M (4%)           78M (4%)             -                  -          
[25.896s][info][gc,heap     ] GC(19) Allocated:         -                 6M (0%)            8M (0%)            9M (0%)             -                  -          
[25.896s][info][gc,heap     ] GC(19)   Garbage:         -               525M (26%)         119M (6%)           17M (1%)             -                  -          
[25.896s][info][gc,heap     ] GC(19) Reclaimed:         -                  -               406M (20%)         507M (25%)            -                  -          
[25.896s][info][gc          ] GC(19) Garbage Collection (System.gc()) 604M(29%)->106M(5%)
[26.613s][info][gc,start    ] GC(20) Garbage Collection (Allocation Rate)
[26.613s][info][gc,task     ] GC(20) Using 1 workers
[26.613s][info][gc,phases   ] GC(20) Pause Mark Start 0.006ms
[26.711s][info][gc,phases   ] GC(20) Concurrent Mark 98.395ms
[26.712s][info][gc,phases   ] GC(20) Pause Mark End 0.013ms
[26.712s][info][gc,phases   ] GC(20) Concurrent Mark Free 0.001ms
[26.756s][info][gc,phases   ] GC(20) Concurrent Process Non-Strong References 44.539ms
[26.756s][info][gc,phases   ] GC(20) Concurrent Reset Relocation Set 0.004ms
[26.759s][info][gc,phases   ] GC(20) Concurrent Select Relocation Set 2.271ms
[26.759s][info][gc,phases   ] GC(20) Pause Relocate Start 0.008ms
[26.762s][info][gc,phases   ] GC(20) Concurrent Relocate 3.380ms
[26.762s][info][gc,load     ] GC(20) Load: 0.00/0.00/0.00
[26.762s][info][gc,mmu      ] GC(20) MMU: 2ms/95.4%, 5ms/98.2%, 10ms/99.0%, 20ms/99.5%, 50ms/99.8%, 100ms/99.9%
[26.762s][info][gc,marking  ] GC(20) Mark: 1 stripe(s), 2 proactive flush(es), 1 terminate flush(es), 0 completion(s), 0 continuation(s) 
[26.762s][info][gc,marking  ] GC(20) Mark Stack Usage: 32M
[26.762s][info][gc,nmethod  ] GC(20) NMethods: 15424 registered, 1824 unregistered
[26.762s][info][gc,metaspace] GC(20) Metaspace: 128M used, 130M committed, 1152M reserved
[26.762s][info][gc,ref      ] GC(20) Soft: 8771 encountered, 0 discovered, 0 enqueued
[26.762s][info][gc,ref      ] GC(20) Weak: 16063 encountered, 3988 discovered, 936 enqueued
[26.762s][info][gc,ref      ] GC(20) Final: 53 encountered, 0 discovered, 0 enqueued
[26.762s][info][gc,ref      ] GC(20) Phantom: 589 encountered, 355 discovered, 0 enqueued
[26.762s][info][gc,reloc    ] GC(20) Small Pages: 645 / 1290M, Empty: 1060M, Relocated: 3M, In-Place: 0
[26.762s][info][gc,reloc    ] GC(20) Medium Pages: 2 / 64M, Empty: 32M, Relocated: 0M, In-Place: 0
[26.762s][info][gc,reloc    ] GC(20) Large Pages: 9 / 54M, Empty: 54M, Relocated: 0M, In-Place: 0
[26.762s][info][gc,reloc    ] GC(20) Forwarding Usage: 0M
[26.762s][info][gc,heap     ] GC(20) Min Capacity: 2048M(100%)
[26.762s][info][gc,heap     ] GC(20) Max Capacity: 2048M(100%)
[26.762s][info][gc,heap     ] GC(20) Soft Max Capacity: 2048M(100%)
[26.762s][info][gc,heap     ] GC(20)                Mark Start          Mark End        Relocate Start      Relocate End           High               Low         
[26.762s][info][gc,heap     ] GC(20)  Capacity:     2048M (100%)       2048M (100%)       2048M (100%)       2048M (100%)       2048M (100%)       2048M (100%)   
[26.762s][info][gc,heap     ] GC(20)      Free:      640M (31%)         396M (19%)        1462M (71%)        1618M (79%)        1620M (79%)         322M (16%)    
[26.762s][info][gc,heap     ] GC(20)      Used:     1408M (69%)        1652M (81%)         586M (29%)         430M (21%)        1726M (84%)         428M (21%)    
[26.762s][info][gc,heap     ] GC(20)      Live:         -                80M (4%)           80M (4%)           80M (4%)             -                  -          
[26.762s][info][gc,heap     ] GC(20) Allocated:         -               244M (12%)         324M (16%)         333M (16%)            -                  -          
[26.763s][info][gc,heap     ] GC(20)   Garbage:         -              1327M (65%)         181M (9%)           15M (1%)             -                  -          
[26.763s][info][gc,heap     ] GC(20) Reclaimed:         -                  -              1146M (56%)        1311M (64%)            -                  -          
[26.763s][info][gc          ] GC(20) Garbage Collection (Allocation Rate) 1408M(69%)->430M(21%)
[26.923s][info][gc,start    ] GC(21) Garbage Collection (System.gc())
[26.923s][info][gc,task     ] GC(21) Using 2 workers
[26.923s][info][gc,phases   ] GC(21) Pause Mark Start 0.008ms
[26.985s][info][gc,phases   ] GC(21) Concurrent Mark 61.636ms
[26.985s][info][gc,phases   ] GC(21) Pause Mark End 0.042ms
[26.986s][info][gc,phases   ] GC(21) Concurrent Mark Free 0.004ms
[26.999s][info][gc,phases   ] GC(21) Concurrent Process Non-Strong References 13.761ms
[26.999s][info][gc,phases   ] GC(21) Concurrent Reset Relocation Set 0.007ms
[27.002s][info][gc,phases   ] GC(21) Concurrent Select Relocation Set 2.078ms
[27.002s][info][gc,phases   ] GC(21) Pause Relocate Start 0.007ms
[27.005s][info][gc,phases   ] GC(21) Concurrent Relocate 2.992ms
[27.005s][info][gc,load     ] GC(21) Load: 0.00/0.00/0.00
[27.005s][info][gc,mmu      ] GC(21) MMU: 2ms/95.4%, 5ms/98.2%, 10ms/99.0%, 20ms/99.5%, 50ms/99.8%, 100ms/99.9%
[27.005s][info][gc,marking  ] GC(21) Mark: 2 stripe(s), 2 proactive flush(es), 1 terminate flush(es), 0 completion(s), 0 continuation(s) 
[27.005s][info][gc,marking  ] GC(21) Mark Stack Usage: 32M
[27.005s][info][gc,nmethod  ] GC(21) NMethods: 15482 registered, 1824 unregistered
[27.005s][info][gc,metaspace] GC(21) Metaspace: 128M used, 130M committed, 1152M reserved
[27.005s][info][gc,ref      ] GC(21) Soft: 8771 encountered, 0 discovered, 0 enqueued
[27.005s][info][gc,ref      ] GC(21) Weak: 15362 encountered, 3915 discovered, 360 enqueued
[27.005s][info][gc,ref      ] GC(21) Final: 53 encountered, 0 discovered, 0 enqueued
[27.005s][info][gc,ref      ] GC(21) Phantom: 589 encountered, 304 discovered, 0 enqueued
[27.005s][info][gc,reloc    ] GC(21) Small Pages: 229 / 458M, Empty: 210M, Relocated: 11M, In-Place: 0
[27.005s][info][gc,reloc    ] GC(21) Medium Pages: 2 / 64M, Empty: 32M, Relocated: 0M, In-Place: 0
[27.005s][info][gc,reloc    ] GC(21) Large Pages: 5 / 30M, Empty: 30M, Relocated: 0M, In-Place: 0
[27.005s][info][gc,reloc    ] GC(21) Forwarding Usage: 0M
[27.005s][info][gc,heap     ] GC(21) Min Capacity: 2048M(100%)
[27.005s][info][gc,heap     ] GC(21) Max Capacity: 2048M(100%)
[27.005s][info][gc,heap     ] GC(21) Soft Max Capacity: 2048M(100%)
[27.005s][info][gc,heap     ] GC(21)                Mark Start          Mark End        Relocate Start      Relocate End           High               Low         
[27.005s][info][gc,heap     ] GC(21)  Capacity:     2048M (100%)       2048M (100%)       2048M (100%)       2048M (100%)       2048M (100%)       2048M (100%)   
[27.005s][info][gc,heap     ] GC(21)      Free:     1496M (73%)        1488M (73%)        1756M (86%)        1928M (94%)        1928M (94%)        1488M (73%)    
[27.005s][info][gc,heap     ] GC(21)      Used:      552M (27%)         560M (27%)         292M (14%)         120M (6%)          560M (27%)         120M (6%)     
[27.005s][info][gc,heap     ] GC(21)      Live:         -                89M (4%)           89M (4%)           89M (4%)             -                  -          
[27.005s][info][gc,heap     ] GC(21) Allocated:         -                 8M (0%)           12M (1%)           11M (1%)             -                  -          
[27.005s][info][gc,heap     ] GC(21)   Garbage:         -               462M (23%)         190M (9%)           18M (1%)             -                  -          
[27.005s][info][gc,heap     ] GC(21) Reclaimed:         -                  -               272M (13%)         443M (22%)            -                  -          
[27.005s][info][gc          ] GC(21) Garbage Collection (System.gc()) 552M(27%)->120M(6%)
[27.711s][info][gc,start    ] GC(22) Garbage Collection (Allocation Rate)
[27.712s][info][gc,task     ] GC(22) Using 1 workers
[27.712s][info][gc,phases   ] GC(22) Pause Mark Start 0.006ms
[27.809s][info][gc,phases   ] GC(22) Concurrent Mark 97.636ms
[27.810s][info][gc,phases   ] GC(22) Pause Mark End 0.015ms
[27.810s][info][gc,phases   ] GC(22) Concurrent Mark Free 0.001ms
[27.853s][info][gc,phases   ] GC(22) Concurrent Process Non-Strong References 43.813ms
[27.854s][info][gc,phases   ] GC(22) Concurrent Reset Relocation Set 0.006ms
[27.856s][info][gc,phases   ] GC(22) Concurrent Select Relocation Set 2.727ms
[27.856s][info][gc,phases   ] GC(22) Pause Relocate Start 0.010ms
[27.862s][info][gc,phases   ] GC(22) Concurrent Relocate 5.632ms
[27.862s][info][gc,load     ] GC(22) Load: 0.00/0.00/0.00
[27.862s][info][gc,mmu      ] GC(22) MMU: 2ms/95.4%, 5ms/98.2%, 10ms/99.0%, 20ms/99.5%, 50ms/99.8%, 100ms/99.9%
[27.862s][info][gc,marking  ] GC(22) Mark: 1 stripe(s), 2 proactive flush(es), 1 terminate flush(es), 0 completion(s), 0 continuation(s) 
[27.862s][info][gc,marking  ] GC(22) Mark Stack Usage: 32M
[27.862s][info][gc,nmethod  ] GC(22) NMethods: 15873 registered, 1824 unregistered
[27.862s][info][gc,metaspace] GC(22) Metaspace: 129M used, 130M committed, 1152M reserved
[27.862s][info][gc,ref      ] GC(22) Soft: 8782 encountered, 0 discovered, 0 enqueued
[27.862s][info][gc,ref      ] GC(22) Weak: 16195 encountered, 4071 discovered, 983 enqueued
[27.862s][info][gc,ref      ] GC(22) Final: 53 encountered, 0 discovered, 0 enqueued
[27.862s][info][gc,ref      ] GC(22) Phantom: 610 encountered, 376 discovered, 21 enqueued
[27.862s][info][gc,reloc    ] GC(22) Small Pages: 658 / 1316M, Empty: 1060M, Relocated: 4M, In-Place: 0
[27.862s][info][gc,reloc    ] GC(22) Medium Pages: 2 / 64M, Empty: 32M, Relocated: 0M, In-Place: 0
[27.862s][info][gc,reloc    ] GC(22) Large Pages: 10 / 60M, Empty: 60M, Relocated: 0M, In-Place: 0
[27.862s][info][gc,reloc    ] GC(22) Forwarding Usage: 1M
[27.862s][info][gc,heap     ] GC(22) Min Capacity: 2048M(100%)
[27.862s][info][gc,heap     ] GC(22) Max Capacity: 2048M(100%)
[27.862s][info][gc,heap     ] GC(22) Soft Max Capacity: 2048M(100%)
[27.862s][info][gc,heap     ] GC(22)                Mark Start          Mark End        Relocate Start      Relocate End           High               Low         
[27.862s][info][gc,heap     ] GC(22)  Capacity:     2048M (100%)       2048M (100%)       2048M (100%)       2048M (100%)       2048M (100%)       2048M (100%)   
[27.862s][info][gc,heap     ] GC(22)      Free:      608M (30%)         356M (17%)        1426M (70%)        1610M (79%)        1610M (79%)         284M (14%)    
[27.862s][info][gc,heap     ] GC(22)      Used:     1440M (70%)        1692M (83%)         622M (30%)         438M (21%)        1764M (86%)         438M (21%)    
[27.862s][info][gc,heap     ] GC(22)      Live:         -                82M (4%)           82M (4%)           82M (4%)             -                  -          
[27.862s][info][gc,heap     ] GC(22) Allocated:         -               252M (12%)         334M (16%)         337M (16%)            -                  -          
[27.862s][info][gc,heap     ] GC(22)   Garbage:         -              1357M (66%)         205M (10%)          18M (1%)             -                  -          
[27.862s][info][gc,heap     ] GC(22) Reclaimed:         -                  -              1152M (56%)        1339M (65%)            -                  -          
[27.862s][info][gc          ] GC(22) Garbage Collection (Allocation Rate) 1440M(70%)->438M(21%)
[28.009s][info][gc,start    ] GC(23) Garbage Collection (System.gc())
[28.009s][info][gc,task     ] GC(23) Using 2 workers
[28.010s][info][gc,phases   ] GC(23) Pause Mark Start 0.006ms
[28.072s][info][gc,phases   ] GC(23) Concurrent Mark 61.874ms
[28.072s][info][gc,phases   ] GC(23) Pause Mark End 0.029ms
[28.072s][info][gc,phases   ] GC(23) Concurrent Mark Free 0.003ms
[28.088s][info][gc,phases   ] GC(23) Concurrent Process Non-Strong References 15.574ms
[28.088s][info][gc,phases   ] GC(23) Concurrent Reset Relocation Set 0.010ms
[28.089s][info][gc,phases   ] GC(23) Concurrent Select Relocation Set 1.718ms
[28.090s][info][gc,phases   ] GC(23) Pause Relocate Start 0.007ms
[28.093s][info][gc,phases   ] GC(23) Concurrent Relocate 3.369ms
[28.093s][info][gc,load     ] GC(23) Load: 0.00/0.00/0.00
[28.093s][info][gc,mmu      ] GC(23) MMU: 2ms/95.4%, 5ms/98.2%, 10ms/99.0%, 20ms/99.5%, 50ms/99.8%, 100ms/99.9%
[28.093s][info][gc,marking  ] GC(23) Mark: 2 stripe(s), 2 proactive flush(es), 1 terminate flush(es), 0 completion(s), 0 continuation(s) 
[28.093s][info][gc,marking  ] GC(23) Mark Stack Usage: 32M
[28.093s][info][gc,nmethod  ] GC(23) NMethods: 15957 registered, 1824 unregistered
[28.093s][info][gc,metaspace] GC(23) Metaspace: 129M used, 130M committed, 1152M reserved
[28.093s][info][gc,ref      ] GC(23) Soft: 8779 encountered, 0 discovered, 0 enqueued
[28.093s][info][gc,ref      ] GC(23) Weak: 15443 encountered, 3662 discovered, 366 enqueued
[28.093s][info][gc,ref      ] GC(23) Final: 53 encountered, 0 discovered, 0 enqueued
[28.093s][info][gc,ref      ] GC(23) Phantom: 589 encountered, 398 discovered, 0 enqueued
[28.093s][info][gc,reloc    ] GC(23) Small Pages: 226 / 452M, Empty: 216M, Relocated: 13M, In-Place: 0
[28.093s][info][gc,reloc    ] GC(23) Medium Pages: 2 / 64M, Empty: 32M, Relocated: 0M, In-Place: 0
[28.093s][info][gc,reloc    ] GC(23) Large Pages: 4 / 24M, Empty: 24M, Relocated: 0M, In-Place: 0
[28.093s][info][gc,reloc    ] GC(23) Forwarding Usage: 0M
[28.093s][info][gc,heap     ] GC(23) Min Capacity: 2048M(100%)
[28.093s][info][gc,heap     ] GC(23) Max Capacity: 2048M(100%)
[28.093s][info][gc,heap     ] GC(23) Soft Max Capacity: 2048M(100%)
[28.093s][info][gc,heap     ] GC(23)                Mark Start          Mark End        Relocate Start      Relocate End           High               Low         
[28.093s][info][gc,heap     ] GC(23)  Capacity:     2048M (100%)       2048M (100%)       2048M (100%)       2048M (100%)       2048M (100%)       2048M (100%)   
[28.093s][info][gc,heap     ] GC(23)      Free:     1508M (74%)        1500M (73%)        1768M (86%)        1924M (94%)        1926M (94%)        1500M (73%)    
[28.093s][info][gc,heap     ] GC(23)      Used:      540M (26%)         548M (27%)         280M (14%)         124M (6%)          548M (27%)         122M (6%)     
[28.093s][info][gc,heap     ] GC(23)      Live:         -                89M (4%)           89M (4%)           89M (4%)             -                  -          
[28.093s][info][gc,heap     ] GC(23) Allocated:         -                 8M (0%)           12M (1%)           15M (1%)             -                  -          
[28.093s][info][gc,heap     ] GC(23)   Garbage:         -               450M (22%)         178M (9%)           18M (1%)             -                  -          
[28.093s][info][gc,heap     ] GC(23) Reclaimed:         -                  -               272M (13%)         431M (21%)            -                  -          
[28.093s][info][gc          ] GC(23) Garbage Collection (System.gc()) 540M(26%)->124M(6%)
[28.818s][info][gc,start    ] GC(24) Garbage Collection (Allocation Rate)
[28.818s][info][gc,task     ] GC(24) Using 1 workers
[28.819s][info][gc,phases   ] GC(24) Pause Mark Start 0.014ms
[28.920s][info][gc,phases   ] GC(24) Concurrent Mark 101.746ms
[28.921s][info][gc,phases   ] GC(24) Pause Mark End 0.011ms
[28.921s][info][gc,phases   ] GC(24) Concurrent Mark Free 0.001ms
[28.963s][info][gc,phases   ] GC(24) Concurrent Process Non-Strong References 42.428ms
[28.963s][info][gc,phases   ] GC(24) Concurrent Reset Relocation Set 0.005ms
[28.966s][info][gc,phases   ] GC(24) Concurrent Select Relocation Set 2.678ms
[28.966s][info][gc,phases   ] GC(24) Pause Relocate Start 0.006ms
[28.979s][info][gc,phases   ] GC(24) Concurrent Relocate 12.655ms
[28.979s][info][gc,load     ] GC(24) Load: 0.00/0.00/0.00
[28.979s][info][gc,mmu      ] GC(24) MMU: 2ms/95.4%, 5ms/98.2%, 10ms/99.0%, 20ms/99.5%, 50ms/99.8%, 100ms/99.9%
[28.979s][info][gc,marking  ] GC(24) Mark: 1 stripe(s), 2 proactive flush(es), 1 terminate flush(es), 0 completion(s), 0 continuation(s) 
[28.979s][info][gc,marking  ] GC(24) Mark Stack Usage: 32M
[28.979s][info][gc,nmethod  ] GC(24) NMethods: 16359 registered, 1824 unregistered
[28.979s][info][gc,metaspace] GC(24) Metaspace: 129M used, 130M committed, 1152M reserved
[28.979s][info][gc,ref      ] GC(24) Soft: 8782 encountered, 0 discovered, 0 enqueued
[28.979s][info][gc,ref      ] GC(24) Weak: 16149 encountered, 4023 discovered, 932 enqueued
[28.979s][info][gc,ref      ] GC(24) Final: 53 encountered, 0 discovered, 0 enqueued
[28.979s][info][gc,ref      ] GC(24) Phantom: 589 encountered, 268 discovered, 0 enqueued
[28.979s][info][gc,reloc    ] GC(24) Small Pages: 733 / 1466M, Empty: 1064M, Relocated: 18M, In-Place: 0
[28.979s][info][gc,reloc    ] GC(24) Medium Pages: 2 / 64M, Empty: 32M, Relocated: 0M, In-Place: 0
[28.979s][info][gc,reloc    ] GC(24) Large Pages: 10 / 60M, Empty: 60M, Relocated: 0M, In-Place: 0
[28.979s][info][gc,reloc    ] GC(24) Forwarding Usage: 1M
[28.979s][info][gc,heap     ] GC(24) Min Capacity: 2048M(100%)
[28.979s][info][gc,heap     ] GC(24) Max Capacity: 2048M(100%)
[28.979s][info][gc,heap     ] GC(24) Soft Max Capacity: 2048M(100%)
[28.979s][info][gc,heap     ] GC(24)                Mark Start          Mark End        Relocate Start      Relocate End           High               Low         
[28.979s][info][gc,heap     ] GC(24)  Capacity:     2048M (100%)       2048M (100%)       2048M (100%)       2048M (100%)       2048M (100%)       2048M (100%)   
[28.979s][info][gc,heap     ] GC(24)      Free:      458M (22%)         272M (13%)        1402M (68%)        1704M (83%)        1706M (83%)         252M (12%)    
[28.979s][info][gc,heap     ] GC(24)      Used:     1590M (78%)        1776M (87%)         646M (32%)         344M (17%)        1796M (88%)         342M (17%)    
[28.979s][info][gc,heap     ] GC(24)      Live:         -                95M (5%)           95M (5%)           95M (5%)             -                  -          
[28.979s][info][gc,heap     ] GC(24) Allocated:         -               186M (9%)          212M (10%)         231M (11%)            -                  -          
[28.979s][info][gc,heap     ] GC(24)   Garbage:         -              1494M (73%)         338M (17%)          16M (1%)             -                  -          
[28.979s][info][gc,heap     ] GC(24) Reclaimed:         -                  -              1156M (56%)        1477M (72%)            -                  -          
[28.979s][info][gc          ] GC(24) Garbage Collection (Allocation Rate) 1590M(78%)->344M(17%)
[29.059s][info][gc,start    ] GC(25) Garbage Collection (System.gc())
[29.059s][info][gc,task     ] GC(25) Using 2 workers
[29.059s][info][gc,phases   ] GC(25) Pause Mark Start 0.005ms
[29.110s][info][gc,phases   ] GC(25) Concurrent Mark 51.268ms
[29.110s][info][gc,phases   ] GC(25) Pause Mark End 0.033ms
[29.111s][info][gc,phases   ] GC(25) Concurrent Mark Free 0.002ms
[29.125s][info][gc,phases   ] GC(25) Concurrent Process Non-Strong References 14.584ms
[29.125s][info][gc,phases   ] GC(25) Concurrent Reset Relocation Set 0.010ms
[29.127s][info][gc,phases   ] GC(25) Concurrent Select Relocation Set 1.985ms
[29.127s][info][gc,phases   ] GC(25) Pause Relocate Start 0.009ms
[29.128s][info][gc,phases   ] GC(25) Concurrent Relocate 0.872ms
[29.128s][info][gc,load     ] GC(25) Load: 0.00/0.00/0.00
[29.128s][info][gc,mmu      ] GC(25) MMU: 2ms/95.4%, 5ms/98.2%, 10ms/99.0%, 20ms/99.5%, 50ms/99.8%, 100ms/99.9%
[29.129s][info][gc,marking  ] GC(25) Mark: 2 stripe(s), 2 proactive flush(es), 1 terminate flush(es), 0 completion(s), 0 continuation(s) 
[29.129s][info][gc,marking  ] GC(25) Mark Stack Usage: 32M
[29.129s][info][gc,nmethod  ] GC(25) NMethods: 16383 registered, 1824 unregistered
[29.129s][info][gc,metaspace] GC(25) Metaspace: 129M used, 130M committed, 1152M reserved
[29.129s][info][gc,ref      ] GC(25) Soft: 8779 encountered, 0 discovered, 0 enqueued
[29.129s][info][gc,ref      ] GC(25) Weak: 15433 encountered, 3350 discovered, 358 enqueued
[29.129s][info][gc,ref      ] GC(25) Final: 53 encountered, 0 discovered, 0 enqueued
[29.129s][info][gc,ref      ] GC(25) Phantom: 589 encountered, 320 discovered, 0 enqueued
[29.129s][info][gc,reloc    ] GC(25) Small Pages: 155 / 310M, Empty: 176M, Relocated: 1M, In-Place: 0
[29.129s][info][gc,reloc    ] GC(25) Medium Pages: 2 / 64M, Empty: 32M, Relocated: 0M, In-Place: 0
[29.129s][info][gc,reloc    ] GC(25) Large Pages: 4 / 24M, Empty: 24M, Relocated: 0M, In-Place: 0
[29.129s][info][gc,reloc    ] GC(25) Forwarding Usage: 0M
[29.129s][info][gc,heap     ] GC(25) Min Capacity: 2048M(100%)
[29.129s][info][gc,heap     ] GC(25) Max Capacity: 2048M(100%)
[29.129s][info][gc,heap     ] GC(25) Soft Max Capacity: 2048M(100%)
[29.129s][info][gc,heap     ] GC(25)                Mark Start          Mark End        Relocate Start      Relocate End           High               Low         
[29.129s][info][gc,heap     ] GC(25)  Capacity:     2048M (100%)       2048M (100%)       2048M (100%)       2048M (100%)       2048M (100%)       2048M (100%)   
[29.129s][info][gc,heap     ] GC(25)      Free:     1650M (81%)        1644M (80%)        1872M (91%)        1938M (95%)        1938M (95%)        1644M (80%)    
[29.129s][info][gc,heap     ] GC(25)      Used:      398M (19%)         404M (20%)         176M (9%)          110M (5%)          404M (20%)         110M (5%)     
[29.129s][info][gc,heap     ] GC(25)      Live:         -                79M (4%)           79M (4%)           79M (4%)             -                  -          
[29.129s][info][gc,heap     ] GC(25) Allocated:         -                 6M (0%)           10M (0%)           11M (1%)             -                  -          
[29.129s][info][gc,heap     ] GC(25)   Garbage:         -               318M (16%)          86M (4%)           18M (1%)             -                  -          
[29.129s][info][gc,heap     ] GC(25) Reclaimed:         -                  -               232M (11%)         299M (15%)            -                  -          
[29.129s][info][gc          ] GC(25) Garbage Collection (System.gc()) 398M(19%)->110M(5%)
[29.819s][info][gc,start    ] GC(26) Garbage Collection (Allocation Rate)
[29.819s][info][gc,task     ] GC(26) Using 1 workers
[29.819s][info][gc,phases   ] GC(26) Pause Mark Start 0.009ms
[29.927s][info][gc,phases   ] GC(26) Concurrent Mark 103.609ms
[29.927s][info][gc,phases   ] GC(26) Pause Mark End 0.018ms
[29.927s][info][gc,phases   ] GC(26) Concurrent Mark Free 0.001ms
[29.972s][info][gc,phases   ] GC(26) Concurrent Process Non-Strong References 45.258ms
[29.972s][info][gc,phases   ] GC(26) Concurrent Reset Relocation Set 0.003ms
[29.975s][info][gc,phases   ] GC(26) Concurrent Select Relocation Set 2.286ms
[29.975s][info][gc,phases   ] GC(26) Pause Relocate Start 0.008ms
[29.984s][info][gc,phases   ] GC(26) Concurrent Relocate 9.453ms
[29.984s][info][gc,load     ] GC(26) Load: 0.00/0.00/0.00
[29.984s][info][gc,mmu      ] GC(26) MMU: 2ms/95.4%, 5ms/98.2%, 10ms/99.0%, 20ms/99.5%, 50ms/99.8%, 100ms/99.9%
[29.984s][info][gc,marking  ] GC(26) Mark: 1 stripe(s), 2 proactive flush(es), 1 terminate flush(es), 0 completion(s), 0 continuation(s) 
[29.984s][info][gc,marking  ] GC(26) Mark Stack Usage: 32M
[29.984s][info][gc,nmethod  ] GC(26) NMethods: 16737 registered, 1824 unregistered
[29.984s][info][gc,metaspace] GC(26) Metaspace: 129M used, 131M committed, 1152M reserved
[29.984s][info][gc,ref      ] GC(26) Soft: 8782 encountered, 0 discovered, 0 enqueued
[29.984s][info][gc,ref      ] GC(26) Weak: 16181 encountered, 4042 discovered, 957 enqueued
[29.984s][info][gc,ref      ] GC(26) Final: 53 encountered, 0 discovered, 0 enqueued
[29.984s][info][gc,ref      ] GC(26) Phantom: 589 encountered, 268 discovered, 0 enqueued
[29.984s][info][gc,reloc    ] GC(26) Small Pages: 690 / 1380M, Empty: 1060M, Relocated: 11M, In-Place: 0
[29.984s][info][gc,reloc    ] GC(26) Medium Pages: 2 / 64M, Empty: 32M, Relocated: 0M, In-Place: 0
[29.985s][info][gc,reloc    ] GC(26) Large Pages: 10 / 60M, Empty: 60M, Relocated: 0M, In-Place: 0
[29.985s][info][gc,reloc    ] GC(26) Forwarding Usage: 2M
[29.985s][info][gc,heap     ] GC(26) Min Capacity: 2048M(100%)
[29.985s][info][gc,heap     ] GC(26) Max Capacity: 2048M(100%)
[29.985s][info][gc,heap     ] GC(26) Soft Max Capacity: 2048M(100%)
[29.985s][info][gc,heap     ] GC(26)                Mark Start          Mark End        Relocate Start      Relocate End           High               Low         
[29.985s][info][gc,heap     ] GC(26)  Capacity:     2048M (100%)       2048M (100%)       2048M (100%)       2048M (100%)       2048M (100%)       2048M (100%)   
[29.985s][info][gc,heap     ] GC(26)      Free:      544M (27%)         300M (15%)        1430M (70%)        1658M (81%)        1658M (81%)         278M (14%)    
[29.985s][info][gc,heap     ] GC(26)      Used:     1504M (73%)        1748M (85%)         618M (30%)         390M (19%)        1770M (86%)         390M (19%)    
[29.985s][info][gc,heap     ] GC(26)      Live:         -                88M (4%)           88M (4%)           88M (4%)             -                  -          
[29.985s][info][gc,heap     ] GC(26) Allocated:         -               244M (12%)         266M (13%)         285M (14%)            -                  -          
[29.985s][info][gc,heap     ] GC(26)   Garbage:         -              1415M (69%)         263M (13%)          16M (1%)             -                  -          
[29.985s][info][gc,heap     ] GC(26) Reclaimed:         -                  -              1152M (56%)        1399M (68%)            -                  -          
[29.985s][info][gc          ] GC(26) Garbage Collection (Allocation Rate) 1504M(73%)->390M(19%)
[30.094s][info][gc,start    ] GC(27) Garbage Collection (System.gc())
[30.094s][info][gc,task     ] GC(27) Using 2 workers
[30.094s][info][gc,phases   ] GC(27) Pause Mark Start 0.005ms
[30.126s][info][gc,stats    ] === Garbage Collection Statistics =======================================================================================================================
[30.126s][info][gc,stats    ]                                                              Last 10s              Last 10m              Last 10h                Total
[30.126s][info][gc,stats    ]                                                              Avg / Max             Avg / Max             Avg / Max             Avg / Max
[30.126s][info][gc,stats    ]   Collector: Garbage Collection Cycle                    114.853 / 172.135     105.090 / 172.135     105.090 / 172.135     105.090 / 172.135     ms
[30.126s][info][gc,stats    ]  Contention: Mark Segment Reset Contention                     0 / 3                 0 / 3                 0 / 3                 0 / 3           ops/s
[30.126s][info][gc,stats    ]  Contention: Mark SeqNum Reset Contention                      0 / 1                 0 / 1                 0 / 1                 0 / 1           ops/s
[30.126s][info][gc,stats    ]    Critical: Allocation Stall                                  0 / 0                 0 / 0                 0 / 0                 0 / 0           ops/s
[30.126s][info][gc,stats    ]    Critical: Allocation Stall                              0.000 / 0.000         0.000 / 0.000         0.000 / 0.000         0.000 / 0.000       ms
[30.126s][info][gc,stats    ]    Critical: GC Locker Stall                                   0 / 0                 0 / 0                 0 / 0                 0 / 0           ops/s
[30.126s][info][gc,stats    ]    Critical: GC Locker Stall                               0.000 / 0.000         0.000 / 0.000         0.000 / 0.000         0.000 / 0.000       ms
[30.126s][info][gc,stats    ]    Critical: Relocation Stall                                  0 / 0                 0 / 0                 0 / 0                 0 / 0           ops/s
[30.126s][info][gc,stats    ]    Critical: Relocation Stall                              0.000 / 0.000         0.000 / 0.000         0.000 / 0.000         0.000 / 0.000       ms
[30.126s][info][gc,stats    ]      Memory: Allocation Rate                                1578 / 1772            710 / 1772            710 / 1772            710 / 1772        MB/s
[30.126s][info][gc,stats    ]      Memory: Out Of Memory                                     0 / 0                 0 / 0                 0 / 0                 0 / 0           ops/s
[30.126s][info][gc,stats    ]      Memory: Page Cache Flush                                  0 / 0                 0 / 0                 0 / 0                 0 / 0           MB/s
[30.126s][info][gc,stats    ]      Memory: Page Cache Hit L1                               743 / 836             306 / 836             306 / 836             306 / 836         ops/s
[30.126s][info][gc,stats    ]      Memory: Page Cache Hit L2                                 0 / 0                 0 / 0                 0 / 0                 0 / 0           ops/s
[30.126s][info][gc,stats    ]      Memory: Page Cache Hit L3                                 4 / 24               27 / 385              27 / 385              27 / 385         ops/s
[30.126s][info][gc,stats    ]      Memory: Page Cache Miss                                   0 / 0                 0 / 1                 0 / 1                 0 / 1           ops/s
[30.126s][info][gc,stats    ]      Memory: Uncommit                                          0 / 0                 0 / 0                 0 / 0                 0 / 0           MB/s
[30.126s][info][gc,stats    ]      Memory: Undo Object Allocation Failed                     0 / 0                 0 / 0                 0 / 0                 0 / 0           ops/s
[30.126s][info][gc,stats    ]      Memory: Undo Object Allocation Succeeded                  1 / 11                0 / 11                0 / 11                0 / 11          ops/s
[30.126s][info][gc,stats    ]      Memory: Undo Page Allocation                              0 / 2                 0 / 2                 0 / 2                 0 / 2           ops/s
[30.126s][info][gc,stats    ]       Phase: Concurrent Mark                              76.385 / 107.483      69.626 / 107.483      69.626 / 107.483      69.626 / 107.483     ms
[30.126s][info][gc,stats    ]       Phase: Concurrent Mark Continue                      0.000 / 0.000         0.000 / 0.000         0.000 / 0.000         0.000 / 0.000       ms
[30.126s][info][gc,stats    ]       Phase: Concurrent Mark Free                          0.002 / 0.004         0.001 / 0.004         0.001 / 0.004         0.001 / 0.004       ms
[30.126s][info][gc,stats    ]       Phase: Concurrent Process Non-Strong References     28.933 / 49.599       24.990 / 60.857       24.990 / 60.857       24.990 / 60.857      ms
[30.126s][info][gc,stats    ]       Phase: Concurrent Relocate                           4.808 / 12.655        5.606 / 18.227        5.606 / 18.227        5.606 / 18.227      ms
[30.126s][info][gc,stats    ]       Phase: Concurrent Reset Relocation Set               0.006 / 0.010         0.006 / 0.015         0.006 / 0.015         0.006 / 0.015       ms
[30.126s][info][gc,stats    ]       Phase: Concurrent Select Relocation Set              2.391 / 3.275         2.791 / 7.348         2.791 / 7.348         2.791 / 7.348       ms
[30.126s][info][gc,stats    ]       Phase: Pause Mark End                                0.024 / 0.042         0.024 / 0.092         0.024 / 0.092         0.024 / 0.092       ms
[30.126s][info][gc,stats    ]       Phase: Pause Mark Start                              0.008 / 0.019         0.007 / 0.019         0.007 / 0.019         0.007 / 0.019       ms
[30.126s][info][gc,stats    ]       Phase: Pause Relocate Start                          0.010 / 0.027         0.009 / 0.027         0.009 / 0.027         0.009 / 0.027       ms
[30.126s][info][gc,stats    ]    Subphase: Concurrent Classes Purge                      0.749 / 1.258         0.621 / 1.258         0.621 / 1.258         0.621 / 1.258       ms
[30.126s][info][gc,stats    ]    Subphase: Concurrent Classes Unlink                    26.020 / 46.001       20.922 / 46.001       20.922 / 46.001       20.922 / 46.001      ms
[30.126s][info][gc,stats    ]    Subphase: Concurrent Mark                              57.281 / 93.190       53.372 / 93.190       53.372 / 93.190       53.372 / 93.190      ms
[30.126s][info][gc,stats    ]    Subphase: Concurrent Mark Try Flush                     0.205 / 0.572         0.207 / 2.252         0.207 / 2.252         0.207 / 2.252       ms
[30.126s][info][gc,stats    ]    Subphase: Concurrent Mark Try Terminate                 2.188 / 16.790        2.602 / 16.790        2.602 / 16.790        2.602 / 16.790      ms
[30.126s][info][gc,stats    ]    Subphase: Concurrent References Enqueue                 0.008 / 0.010         0.007 / 0.010         0.007 / 0.010         0.007 / 0.010       ms
[30.126s][info][gc,stats    ]    Subphase: Concurrent References Process                 0.558 / 0.827         0.502 / 0.888         0.502 / 0.888         0.502 / 0.888       ms
[30.126s][info][gc,stats    ]    Subphase: Concurrent Roots ClassLoaderDataGraph         0.191 / 0.389         0.162 / 0.389         0.162 / 0.389         0.162 / 0.389       ms
[30.126s][info][gc,stats    ]    Subphase: Concurrent Roots CodeCache                    0.000 / 0.000         0.000 / 0.000         0.000 / 0.000         0.000 / 0.000       ms
[30.126s][info][gc,stats    ]    Subphase: Concurrent Roots JavaThreads                  9.128 / 15.550        7.642 / 15.550        7.642 / 15.550        7.642 / 15.550      ms
[30.126s][info][gc,stats    ]    Subphase: Concurrent Roots OopStorageSet                0.053 / 0.105         0.049 / 0.105         0.049 / 0.105         0.049 / 0.105       ms
[30.126s][info][gc,stats    ]    Subphase: Concurrent Weak Roots OopStorageSet           1.173 / 1.783         1.077 / 1.783         1.077 / 1.783         1.077 / 1.783       ms
[30.126s][info][gc,stats    ]    Subphase: Pause Mark Try Complete                       0.000 / 0.000         0.002 / 0.003         0.002 / 0.003         0.002 / 0.003       ms
[30.126s][info][gc,stats    ]      System: Java Threads                                    280 / 282             211 / 282             211 / 282             211 / 282         threads
[30.126s][info][gc,stats    ] =========================================================================================================================================================
[30.157s][info][gc,phases   ] GC(27) Concurrent Mark 62.081ms
[30.157s][info][gc,phases   ] GC(27) Pause Mark End 0.021ms
[30.157s][info][gc,phases   ] GC(27) Concurrent Mark Free 0.001ms
[30.173s][info][gc,phases   ] GC(27) Concurrent Process Non-Strong References 15.930ms
[30.173s][info][gc,phases   ] GC(27) Concurrent Reset Relocation Set 0.008ms
[30.175s][info][gc,phases   ] GC(27) Concurrent Select Relocation Set 1.903ms
[30.175s][info][gc,phases   ] GC(27) Pause Relocate Start 0.008ms
[30.176s][info][gc,phases   ] GC(27) Concurrent Relocate 0.868ms
[30.176s][info][gc,load     ] GC(27) Load: 0.00/0.00/0.00
[30.176s][info][gc,mmu      ] GC(27) MMU: 2ms/95.4%, 5ms/98.2%, 10ms/99.0%, 20ms/99.5%, 50ms/99.8%, 100ms/99.9%
[30.176s][info][gc,marking  ] GC(27) Mark: 2 stripe(s), 2 proactive flush(es), 1 terminate flush(es), 0 completion(s), 0 continuation(s) 
[30.176s][info][gc,marking  ] GC(27) Mark Stack Usage: 32M
[30.176s][info][gc,nmethod  ] GC(27) NMethods: 16783 registered, 1824 unregistered
[30.176s][info][gc,metaspace] GC(27) Metaspace: 129M used, 131M committed, 1152M reserved
[30.176s][info][gc,ref      ] GC(27) Soft: 8779 encountered, 0 discovered, 0 enqueued
[30.176s][info][gc,ref      ] GC(27) Weak: 15455 encountered, 3802 discovered, 363 enqueued
[30.176s][info][gc,ref      ] GC(27) Final: 53 encountered, 0 discovered, 0 enqueued
[30.176s][info][gc,ref      ] GC(27) Phantom: 589 encountered, 306 discovered, 0 enqueued
[30.176s][info][gc,reloc    ] GC(27) Small Pages: 190 / 380M, Empty: 238M, Relocated: 1M, In-Place: 0
[30.176s][info][gc,reloc    ] GC(27) Medium Pages: 2 / 64M, Empty: 32M, Relocated: 0M, In-Place: 0
[30.176s][info][gc,reloc    ] GC(27) Large Pages: 4 / 24M, Empty: 24M, Relocated: 0M, In-Place: 0
[30.176s][info][gc,reloc    ] GC(27) Forwarding Usage: 0M
[30.176s][info][gc,heap     ] GC(27) Min Capacity: 2048M(100%)
[30.176s][info][gc,heap     ] GC(27) Max Capacity: 2048M(100%)
[30.176s][info][gc,heap     ] GC(27) Soft Max Capacity: 2048M(100%)
[30.176s][info][gc,heap     ] GC(27)                Mark Start          Mark End        Relocate Start      Relocate End           High               Low         
[30.176s][info][gc,heap     ] GC(27)  Capacity:     2048M (100%)       2048M (100%)       2048M (100%)       2048M (100%)       2048M (100%)       2048M (100%)   
[30.176s][info][gc,heap     ] GC(27)      Free:     1580M (77%)        1572M (77%)        1862M (91%)        1936M (95%)        1936M (95%)        1572M (77%)    
[30.176s][info][gc,heap     ] GC(27)      Used:      468M (23%)         476M (23%)         186M (9%)          112M (5%)          476M (23%)         112M (5%)     
[30.176s][info][gc,heap     ] GC(27)      Live:         -                79M (4%)           79M (4%)           79M (4%)             -                  -          
[30.176s][info][gc,heap     ] GC(27) Allocated:         -                 8M (0%)           12M (1%)           13M (1%)             -                  -          
[30.176s][info][gc,heap     ] GC(27)   Garbage:         -               388M (19%)          94M (5%)           18M (1%)             -                  -          
[30.176s][info][gc,heap     ] GC(27) Reclaimed:         -                  -               294M (14%)         369M (18%)            -                  -          
[30.176s][info][gc          ] GC(27) Garbage Collection (System.gc()) 468M(23%)->112M(5%)
[30.919s][info][gc,start    ] GC(28) Garbage Collection (Allocation Rate)
[30.919s][info][gc,task     ] GC(28) Using 2 workers
[30.920s][info][gc,phases   ] GC(28) Pause Mark Start 0.008ms
[30.983s][info][gc,phases   ] GC(28) Concurrent Mark 63.139ms
[30.983s][info][gc,phases   ] GC(28) Pause Mark End 0.080ms
[30.983s][info][gc,phases   ] GC(28) Concurrent Mark Free 0.001ms
[31.017s][info][gc,phases   ] GC(28) Concurrent Process Non-Strong References 33.314ms
[31.017s][info][gc,phases   ] GC(28) Concurrent Reset Relocation Set 0.002ms
[31.019s][info][gc,phases   ] GC(28) Concurrent Select Relocation Set 2.355ms
[31.019s][info][gc,phases   ] GC(28) Pause Relocate Start 0.013ms
[31.031s][info][gc,phases   ] GC(28) Concurrent Relocate 12.220ms
[31.031s][info][gc,load     ] GC(28) Load: 0.00/0.00/0.00
[31.032s][info][gc,mmu      ] GC(28) MMU: 2ms/95.4%, 5ms/98.2%, 10ms/99.0%, 20ms/99.5%, 50ms/99.8%, 100ms/99.9%
[31.032s][info][gc,marking  ] GC(28) Mark: 2 stripe(s), 2 proactive flush(es), 1 terminate flush(es), 1 completion(s), 0 continuation(s) 
[31.032s][info][gc,marking  ] GC(28) Mark Stack Usage: 32M
[31.032s][info][gc,nmethod  ] GC(28) NMethods: 17130 registered, 1824 unregistered
[31.032s][info][gc,metaspace] GC(28) Metaspace: 129M used, 131M committed, 1152M reserved
[31.032s][info][gc,ref      ] GC(28) Soft: 8784 encountered, 0 discovered, 0 enqueued
[31.032s][info][gc,ref      ] GC(28) Weak: 16173 encountered, 3705 discovered, 944 enqueued
[31.032s][info][gc,ref      ] GC(28) Final: 53 encountered, 0 discovered, 0 enqueued
[31.032s][info][gc,ref      ] GC(28) Phantom: 589 encountered, 408 discovered, 0 enqueued
[31.032s][info][gc,reloc    ] GC(28) Small Pages: 747 / 1494M, Empty: 1058M, Relocated: 24M, In-Place: 0
[31.032s][info][gc,reloc    ] GC(28) Medium Pages: 2 / 64M, Empty: 0M, Relocated: 22M, In-Place: 0
[31.032s][info][gc,reloc    ] GC(28) Large Pages: 10 / 60M, Empty: 60M, Relocated: 0M, In-Place: 0
[31.032s][info][gc,reloc    ] GC(28) Forwarding Usage: 3M
[31.032s][info][gc,heap     ] GC(28) Min Capacity: 2048M(100%)
[31.032s][info][gc,heap     ] GC(28) Max Capacity: 2048M(100%)
[31.032s][info][gc,heap     ] GC(28) Soft Max Capacity: 2048M(100%)
[31.032s][info][gc,heap     ] GC(28)                Mark Start          Mark End        Relocate Start      Relocate End           High               Low         
[31.032s][info][gc,heap     ] GC(28)  Capacity:     2048M (100%)       2048M (100%)       2048M (100%)       2048M (100%)       2048M (100%)       2048M (100%)   
[31.032s][info][gc,heap     ] GC(28)      Free:      430M (21%)         294M (14%)        1394M (68%)        1778M (87%)        1778M (87%)         278M (14%)    
[31.032s][info][gc,heap     ] GC(28)      Used:     1618M (79%)        1754M (86%)         654M (32%)         270M (13%)        1770M (86%)         270M (13%)    
[31.032s][info][gc,heap     ] GC(28)      Live:         -                99M (5%)           99M (5%)           99M (5%)             -                  -          
[31.032s][info][gc,heap     ] GC(28) Allocated:         -               136M (7%)          154M (8%)          153M (8%)             -                  -          
[31.032s][info][gc,heap     ] GC(28)   Garbage:         -              1518M (74%)         400M (20%)          16M (1%)             -                  -          
[31.032s][info][gc,heap     ] GC(28) Reclaimed:         -                  -              1118M (55%)        1501M (73%)            -                  -          
[31.032s][info][gc          ] GC(28) Garbage Collection (Allocation Rate) 1618M(79%)->270M(13%)
[31.141s][info][gc,start    ] GC(29) Garbage Collection (System.gc())
[31.141s][info][gc,task     ] GC(29) Using 2 workers
[31.142s][info][gc,phases   ] GC(29) Pause Mark Start 0.006ms
[31.188s][info][gc,phases   ] GC(29) Concurrent Mark 46.787ms
[31.189s][info][gc,phases   ] GC(29) Pause Mark End 0.053ms
[31.189s][info][gc,phases   ] GC(29) Concurrent Mark Free 0.002ms
[31.207s][info][gc,phases   ] GC(29) Concurrent Process Non-Strong References 17.567ms
[31.207s][info][gc,phases   ] GC(29) Concurrent Reset Relocation Set 0.010ms
[31.208s][info][gc,phases   ] GC(29) Concurrent Select Relocation Set 1.847ms
[31.209s][info][gc,phases   ] GC(29) Pause Relocate Start 0.009ms
[31.210s][info][gc,phases   ] GC(29) Concurrent Relocate 0.926ms
[31.210s][info][gc,load     ] GC(29) Load: 0.00/0.00/0.00
[31.210s][info][gc,mmu      ] GC(29) MMU: 2ms/95.4%, 5ms/98.2%, 10ms/99.0%, 20ms/99.5%, 50ms/99.8%, 100ms/99.9%
[31.210s][info][gc,marking  ] GC(29) Mark: 2 stripe(s), 1 proactive flush(es), 1 terminate flush(es), 0 completion(s), 0 continuation(s) 
[31.210s][info][gc,marking  ] GC(29) Mark Stack Usage: 32M
[31.210s][info][gc,nmethod  ] GC(29) NMethods: 17162 registered, 1824 unregistered
[31.210s][info][gc,metaspace] GC(29) Metaspace: 129M used, 131M committed, 1152M reserved
[31.210s][info][gc,ref      ] GC(29) Soft: 8779 encountered, 0 discovered, 0 enqueued
[31.210s][info][gc,ref      ] GC(29) Weak: 15448 encountered, 3289 discovered, 358 enqueued
[31.210s][info][gc,ref      ] GC(29) Final: 53 encountered, 0 discovered, 0 enqueued
[31.210s][info][gc,ref      ] GC(29) Phantom: 589 encountered, 414 discovered, 0 enqueued
[31.210s][info][gc,reloc    ] GC(29) Small Pages: 139 / 278M, Empty: 146M, Relocated: 1M, In-Place: 0
[31.210s][info][gc,reloc    ] GC(29) Medium Pages: 2 / 64M, Empty: 32M, Relocated: 0M, In-Place: 0
[31.210s][info][gc,reloc    ] GC(29) Large Pages: 4 / 24M, Empty: 24M, Relocated: 0M, In-Place: 0
[31.210s][info][gc,reloc    ] GC(29) Forwarding Usage: 0M
[31.210s][info][gc,heap     ] GC(29) Min Capacity: 2048M(100%)
[31.210s][info][gc,heap     ] GC(29) Max Capacity: 2048M(100%)
[31.210s][info][gc,heap     ] GC(29) Soft Max Capacity: 2048M(100%)
[31.210s][info][gc,heap     ] GC(29)                Mark Start          Mark End        Relocate Start      Relocate End           High               Low         
[31.210s][info][gc,heap     ] GC(29)  Capacity:     2048M (100%)       2048M (100%)       2048M (100%)       2048M (100%)       2048M (100%)       2048M (100%)   
[31.210s][info][gc,heap     ] GC(29)      Free:     1682M (82%)        1682M (82%)        1874M (92%)        1938M (95%)        1938M (95%)        1680M (82%)    
[31.210s][info][gc,heap     ] GC(29)      Used:      366M (18%)         366M (18%)         174M (8%)          110M (5%)          368M (18%)         110M (5%)     
[31.210s][info][gc,heap     ] GC(29)      Live:         -                79M (4%)           79M (4%)           79M (4%)             -                  -          
[31.210s][info][gc,heap     ] GC(29) Allocated:         -                 0M (0%)           10M (0%)           11M (1%)             -                  -          
[31.210s][info][gc,heap     ] GC(29)   Garbage:         -               286M (14%)          84M (4%)           18M (1%)             -                  -          
[31.210s][info][gc,heap     ] GC(29) Reclaimed:         -                  -               202M (10%)         267M (13%)            -                  -          
[31.210s][info][gc          ] GC(29) Garbage Collection (System.gc()) 366M(18%)->110M(5%)
[31.813s][info][gc,start    ] GC(30) Garbage Collection (Allocation Rate)
[31.813s][info][gc,task     ] GC(30) Using 1 workers
[31.813s][info][gc,phases   ] GC(30) Pause Mark Start 0.006ms
[31.900s][info][gc,phases   ] GC(30) Concurrent Mark 86.921ms
[31.901s][info][gc,phases   ] GC(30) Pause Mark End 0.011ms
[31.901s][info][gc,phases   ] GC(30) Concurrent Mark Free 0.001ms
[31.951s][info][gc,phases   ] GC(30) Concurrent Process Non-Strong References 49.954ms
[31.951s][info][gc,phases   ] GC(30) Concurrent Reset Relocation Set 0.003ms
[31.953s][info][gc,phases   ] GC(30) Concurrent Select Relocation Set 2.378ms
[31.953s][info][gc,phases   ] GC(30) Pause Relocate Start 0.011ms
[31.959s][info][gc,phases   ] GC(30) Concurrent Relocate 5.324ms
[31.959s][info][gc,load     ] GC(30) Load: 0.00/0.00/0.00
[31.959s][info][gc,mmu      ] GC(30) MMU: 2ms/95.4%, 5ms/98.2%, 10ms/99.0%, 20ms/99.5%, 50ms/99.8%, 100ms/99.9%
[31.959s][info][gc,marking  ] GC(30) Mark: 1 stripe(s), 2 proactive flush(es), 1 terminate flush(es), 0 completion(s), 0 continuation(s) 
[31.959s][info][gc,marking  ] GC(30) Mark Stack Usage: 32M
[31.959s][info][gc,nmethod  ] GC(30) NMethods: 16985 registered, 2301 unregistered
[31.959s][info][gc,metaspace] GC(30) Metaspace: 130M used, 131M committed, 1152M reserved
[31.959s][info][gc,ref      ] GC(30) Soft: 8779 encountered, 0 discovered, 0 enqueued
[31.959s][info][gc,ref      ] GC(30) Weak: 16095 encountered, 3937 discovered, 715 enqueued
[31.959s][info][gc,ref      ] GC(30) Final: 53 encountered, 0 discovered, 0 enqueued
[31.959s][info][gc,ref      ] GC(30) Phantom: 589 encountered, 355 discovered, 0 enqueued
[31.959s][info][gc,reloc    ] GC(30) Small Pages: 625 / 1250M, Empty: 1038M, Relocated: 5M, In-Place: 0
[31.959s][info][gc,reloc    ] GC(30) Medium Pages: 2 / 64M, Empty: 32M, Relocated: 0M, In-Place: 0
[31.959s][info][gc,reloc    ] GC(30) Large Pages: 7 / 42M, Empty: 42M, Relocated: 0M, In-Place: 0
[31.959s][info][gc,reloc    ] GC(30) Forwarding Usage: 1M
[31.959s][info][gc,heap     ] GC(30) Min Capacity: 2048M(100%)
[31.959s][info][gc,heap     ] GC(30) Max Capacity: 2048M(100%)
[31.959s][info][gc,heap     ] GC(30) Soft Max Capacity: 2048M(100%)
[31.959s][info][gc,heap     ] GC(30)                Mark Start          Mark End        Relocate Start      Relocate End           High               Low         
[31.959s][info][gc,heap     ] GC(30)  Capacity:     2048M (100%)       2048M (100%)       2048M (100%)       2048M (100%)       2048M (100%)       2048M (100%)   
[31.959s][info][gc,heap     ] GC(30)      Free:      692M (34%)         578M (28%)        1570M (77%)        1704M (83%)        1712M (84%)         466M (23%)    
[31.959s][info][gc,heap     ] GC(30)      Used:     1356M (66%)        1470M (72%)         478M (23%)         344M (17%)        1582M (77%)         336M (16%)    
[31.959s][info][gc,heap     ] GC(30)      Live:         -                80M (4%)           80M (4%)           80M (4%)             -                  -          
[31.959s][info][gc,heap     ] GC(30) Allocated:         -               114M (6%)          234M (11%)         247M (12%)            -                  -          
[31.959s][info][gc,heap     ] GC(30)   Garbage:         -              1275M (62%)         163M (8%)           15M (1%)             -                  -          
[31.959s][info][gc,heap     ] GC(30) Reclaimed:         -                  -              1112M (54%)        1259M (62%)            -                  -          
[31.959s][info][gc          ] GC(30) Garbage Collection (Allocation Rate) 1356M(66%)->344M(17%)
[32.190s][info][gc,start    ] GC(31) Garbage Collection (System.gc())
[32.190s][info][gc,task     ] GC(31) Using 2 workers
[32.190s][info][gc,phases   ] GC(31) Pause Mark Start 0.004ms
[32.252s][info][gc,phases   ] GC(31) Concurrent Mark 62.020ms
[32.253s][info][gc,phases   ] GC(31) Pause Mark End 0.051ms
[32.253s][info][gc,phases   ] GC(31) Concurrent Mark Free 0.002ms
[32.269s][info][gc,phases   ] GC(31) Concurrent Process Non-Strong References 16.166ms
[32.269s][info][gc,phases   ] GC(31) Concurrent Reset Relocation Set 0.006ms
[32.271s][info][gc,phases   ] GC(31) Concurrent Select Relocation Set 2.421ms
[32.272s][info][gc,phases   ] GC(31) Pause Relocate Start 0.012ms
[32.275s][info][gc,phases   ] GC(31) Concurrent Relocate 3.024ms
[32.275s][info][gc,load     ] GC(31) Load: 0.00/0.00/0.00
[32.275s][info][gc,mmu      ] GC(31) MMU: 2ms/95.4%, 5ms/98.2%, 10ms/99.0%, 20ms/99.5%, 50ms/99.8%, 100ms/99.9%
[32.275s][info][gc,marking  ] GC(31) Mark: 2 stripe(s), 2 proactive flush(es), 1 terminate flush(es), 0 completion(s), 0 continuation(s) 
[32.275s][info][gc,marking  ] GC(31) Mark Stack Usage: 32M
[32.275s][info][gc,nmethod  ] GC(31) NMethods: 16473 registered, 2889 unregistered
[32.275s][info][gc,metaspace] GC(31) Metaspace: 130M used, 131M committed, 1152M reserved
[32.275s][info][gc,ref      ] GC(31) Soft: 8779 encountered, 0 discovered, 0 enqueued
[32.275s][info][gc,ref      ] GC(31) Weak: 15712 encountered, 4146 discovered, 596 enqueued
[32.275s][info][gc,ref      ] GC(31) Final: 53 encountered, 29 discovered, 0 enqueued
[32.275s][info][gc,ref      ] GC(31) Phantom: 589 encountered, 341 discovered, 0 enqueued
[32.275s][info][gc,reloc    ] GC(31) Small Pages: 248 / 496M, Empty: 338M, Relocated: 3M, In-Place: 0
[32.275s][info][gc,reloc    ] GC(31) Medium Pages: 2 / 64M, Empty: 32M, Relocated: 0M, In-Place: 0
[32.275s][info][gc,reloc    ] GC(31) Large Pages: 7 / 42M, Empty: 42M, Relocated: 0M, In-Place: 0
[32.275s][info][gc,reloc    ] GC(31) Forwarding Usage: 1M
[32.275s][info][gc,heap     ] GC(31) Min Capacity: 2048M(100%)
[32.275s][info][gc,heap     ] GC(31) Max Capacity: 2048M(100%)
[32.275s][info][gc,heap     ] GC(31) Soft Max Capacity: 2048M(100%)
[32.275s][info][gc,heap     ] GC(31)                Mark Start          Mark End        Relocate Start      Relocate End           High               Low         
[32.275s][info][gc,heap     ] GC(31)  Capacity:     2048M (100%)       2048M (100%)       2048M (100%)       2048M (100%)       2048M (100%)       2048M (100%)   
[32.275s][info][gc,heap     ] GC(31)      Free:     1446M (71%)        1436M (70%)        1844M (90%)        1938M (95%)        1938M (95%)        1436M (70%)    
[32.275s][info][gc,heap     ] GC(31)      Used:      602M (29%)         612M (30%)         204M (10%)         110M (5%)          612M (30%)         110M (5%)     
[32.275s][info][gc,heap     ] GC(31)      Live:         -                80M (4%)           80M (4%)           80M (4%)             -                  -          
[32.275s][info][gc,heap     ] GC(31) Allocated:         -                10M (0%)           14M (1%)           13M (1%)             -                  -          
[32.275s][info][gc,heap     ] GC(31)   Garbage:         -               521M (25%)         109M (5%)           15M (1%)             -                  -          
[32.275s][info][gc,heap     ] GC(31) Reclaimed:         -                  -               412M (20%)         505M (25%)            -                  -          
[32.275s][info][gc          ] GC(31) Garbage Collection (System.gc()) 602M(29%)->110M(5%)
[32.914s][info][gc,start    ] GC(32) Garbage Collection (Allocation Rate)
[32.914s][info][gc,task     ] GC(32) Using 1 workers
[32.914s][info][gc,phases   ] GC(32) Pause Mark Start 0.005ms
[33.005s][info][gc,phases   ] GC(32) Concurrent Mark 91.220ms
[33.006s][info][gc,phases   ] GC(32) Pause Mark End 0.020ms
[33.006s][info][gc,phases   ] GC(32) Concurrent Mark Free 0.001ms
[33.057s][info][gc,phases   ] GC(32) Concurrent Process Non-Strong References 51.852ms
[33.058s][info][gc,phases   ] GC(32) Concurrent Reset Relocation Set 0.003ms
[33.060s][info][gc,phases   ] GC(32) Concurrent Select Relocation Set 2.020ms
[33.060s][info][gc,phases   ] GC(32) Pause Relocate Start 0.008ms
[33.063s][info][gc,phases   ] GC(32) Concurrent Relocate 3.570ms
[33.063s][info][gc,load     ] GC(32) Load: 0.00/0.00/0.00
[33.063s][info][gc,mmu      ] GC(32) MMU: 2ms/95.4%, 5ms/98.2%, 10ms/99.0%, 20ms/99.5%, 50ms/99.8%, 100ms/99.9%
[33.063s][info][gc,marking  ] GC(32) Mark: 1 stripe(s), 2 proactive flush(es), 1 terminate flush(es), 0 completion(s), 0 continuation(s) 
[33.064s][info][gc,marking  ] GC(32) Mark Stack Usage: 32M
[33.064s][info][gc,nmethod  ] GC(32) NMethods: 16810 registered, 2893 unregistered
[33.064s][info][gc,metaspace] GC(32) Metaspace: 130M used, 131M committed, 1152M reserved
[33.064s][info][gc,ref      ] GC(32) Soft: 8782 encountered, 0 discovered, 0 enqueued
[33.064s][info][gc,ref      ] GC(32) Weak: 16080 encountered, 3994 discovered, 710 enqueued
[33.064s][info][gc,ref      ] GC(32) Final: 53 encountered, 0 discovered, 0 enqueued
[33.064s][info][gc,ref      ] GC(32) Phantom: 589 encountered, 355 discovered, 0 enqueued
[33.064s][info][gc,reloc    ] GC(32) Small Pages: 639 / 1278M, Empty: 1034M, Relocated: 3M, In-Place: 0
[33.064s][info][gc,reloc    ] GC(32) Medium Pages: 2 / 64M, Empty: 32M, Relocated: 0M, In-Place: 0
[33.064s][info][gc,reloc    ] GC(32) Large Pages: 7 / 42M, Empty: 42M, Relocated: 0M, In-Place: 0
[33.064s][info][gc,reloc    ] GC(32) Forwarding Usage: 0M
[33.064s][info][gc,heap     ] GC(32) Min Capacity: 2048M(100%)
[33.064s][info][gc,heap     ] GC(32) Max Capacity: 2048M(100%)
[33.064s][info][gc,heap     ] GC(32) Soft Max Capacity: 2048M(100%)
[33.064s][info][gc,heap     ] GC(32)                Mark Start          Mark End        Relocate Start      Relocate End           High               Low         
[33.064s][info][gc,heap     ] GC(32)  Capacity:     2048M (100%)       2048M (100%)       2048M (100%)       2048M (100%)       2048M (100%)       2048M (100%)   
[33.064s][info][gc,heap     ] GC(32)      Free:      664M (32%)         456M (22%)        1470M (72%)        1638M (80%)        1638M (80%)         366M (18%)    
[33.064s][info][gc,heap     ] GC(32)      Used:     1384M (68%)        1592M (78%)         578M (28%)         410M (20%)        1682M (82%)         410M (20%)    
[33.064s][info][gc,heap     ] GC(32)      Live:         -                81M (4%)           81M (4%)           81M (4%)             -                  -          
[33.064s][info][gc,heap     ] GC(32) Allocated:         -               208M (10%)         302M (15%)         311M (15%)            -                  -          
[33.064s][info][gc,heap     ] GC(32)   Garbage:         -              1302M (64%)         194M (9%)           16M (1%)             -                  -          
[33.064s][info][gc,heap     ] GC(32) Reclaimed:         -                  -              1108M (54%)        1285M (63%)            -                  -          
[33.064s][info][gc          ] GC(32) Garbage Collection (Allocation Rate) 1384M(68%)->410M(20%)
[33.249s][info][gc,start    ] GC(33) Garbage Collection (System.gc())
[33.249s][info][gc,task     ] GC(33) Using 2 workers
[33.249s][info][gc,phases   ] GC(33) Pause Mark Start 0.006ms
[33.296s][info][gc,phases   ] GC(33) Concurrent Mark 46.864ms
[33.296s][info][gc,phases   ] GC(33) Pause Mark End 0.034ms
[33.296s][info][gc,phases   ] GC(33) Concurrent Mark Free 0.002ms
[33.312s][info][gc,phases   ] GC(33) Concurrent Process Non-Strong References 16.112ms
[33.312s][info][gc,phases   ] GC(33) Concurrent Reset Relocation Set 0.006ms
[33.314s][info][gc,phases   ] GC(33) Concurrent Select Relocation Set 1.870ms
[33.314s][info][gc,phases   ] GC(33) Pause Relocate Start 0.011ms
[33.315s][info][gc,phases   ] GC(33) Concurrent Relocate 0.724ms
[33.315s][info][gc,load     ] GC(33) Load: 0.00/0.00/0.00
[33.315s][info][gc,mmu      ] GC(33) MMU: 2ms/95.4%, 5ms/98.2%, 10ms/99.0%, 20ms/99.5%, 50ms/99.8%, 100ms/99.9%
[33.315s][info][gc,marking  ] GC(33) Mark: 2 stripe(s), 2 proactive flush(es), 1 terminate flush(es), 0 completion(s), 0 continuation(s) 
[33.315s][info][gc,marking  ] GC(33) Mark Stack Usage: 32M
[33.315s][info][gc,nmethod  ] GC(33) NMethods: 16836 registered, 2893 unregistered
[33.315s][info][gc,metaspace] GC(33) Metaspace: 130M used, 131M committed, 1152M reserved
[33.315s][info][gc,ref      ] GC(33) Soft: 8779 encountered, 0 discovered, 0 enqueued
[33.315s][info][gc,ref      ] GC(33) Weak: 15696 encountered, 3967 discovered, 590 enqueued
[33.315s][info][gc,ref      ] GC(33) Final: 53 encountered, 27 discovered, 0 enqueued
[33.315s][info][gc,ref      ] GC(33) Phantom: 589 encountered, 339 discovered, 0 enqueued
[33.315s][info][gc,reloc    ] GC(33) Small Pages: 239 / 478M, Empty: 314M, Relocated: 1M, In-Place: 0
[33.315s][info][gc,reloc    ] GC(33) Medium Pages: 2 / 64M, Empty: 32M, Relocated: 0M, In-Place: 0
[33.315s][info][gc,reloc    ] GC(33) Large Pages: 7 / 42M, Empty: 42M, Relocated: 0M, In-Place: 0
[33.315s][info][gc,reloc    ] GC(33) Forwarding Usage: 0M
[33.315s][info][gc,heap     ] GC(33) Min Capacity: 2048M(100%)
[33.315s][info][gc,heap     ] GC(33) Max Capacity: 2048M(100%)
[33.315s][info][gc,heap     ] GC(33) Soft Max Capacity: 2048M(100%)
[33.315s][info][gc,heap     ] GC(33)                Mark Start          Mark End        Relocate Start      Relocate End           High               Low         
[33.315s][info][gc,heap     ] GC(33)  Capacity:     2048M (100%)       2048M (100%)       2048M (100%)       2048M (100%)       2048M (100%)       2048M (100%)   
[33.315s][info][gc,heap     ] GC(33)      Free:     1464M (71%)        1454M (71%)        1842M (90%)        1938M (95%)        1938M (95%)        1454M (71%)    
[33.315s][info][gc,heap     ] GC(33)      Used:      584M (29%)         594M (29%)         206M (10%)         110M (5%)          594M (29%)         110M (5%)     
[33.315s][info][gc,heap     ] GC(33)      Live:         -                79M (4%)           79M (4%)           79M (4%)             -                  -          
[33.315s][info][gc,heap     ] GC(33) Allocated:         -                10M (0%)           10M (0%)           11M (1%)             -                  -          
[33.315s][info][gc,heap     ] GC(33)   Garbage:         -               504M (25%)         116M (6%)           18M (1%)             -                  -          
[33.315s][info][gc,heap     ] GC(33) Reclaimed:         -                  -               388M (19%)         485M (24%)            -                  -          
[33.315s][info][gc          ] GC(33) Garbage Collection (System.gc()) 584M(29%)->110M(5%)
[34.027s][info][gc,start    ] GC(34) Garbage Collection (Allocation Rate)
[34.027s][info][gc,task     ] GC(34) Using 1 workers
[34.027s][info][gc,phases   ] GC(34) Pause Mark Start 0.009ms
[34.124s][info][gc,phases   ] GC(34) Concurrent Mark 96.189ms
[34.124s][info][gc,phases   ] GC(34) Pause Mark End 0.011ms
[34.124s][info][gc,phases   ] GC(34) Concurrent Mark Free 0.001ms
[34.171s][info][gc,phases   ] GC(34) Concurrent Process Non-Strong References 46.326ms
[34.171s][info][gc,phases   ] GC(34) Concurrent Reset Relocation Set 0.002ms
[34.173s][info][gc,phases   ] GC(34) Concurrent Select Relocation Set 2.243ms
[34.173s][info][gc,phases   ] GC(34) Pause Relocate Start 0.008ms
[34.182s][info][gc,phases   ] GC(34) Concurrent Relocate 9.267ms
[34.183s][info][gc,load     ] GC(34) Load: 0.00/0.00/0.00
[34.183s][info][gc,mmu      ] GC(34) MMU: 2ms/95.4%, 5ms/98.2%, 10ms/99.0%, 20ms/99.5%, 50ms/99.8%, 100ms/99.9%
[34.183s][info][gc,marking  ] GC(34) Mark: 1 stripe(s), 2 proactive flush(es), 1 terminate flush(es), 0 completion(s), 0 continuation(s) 
[34.183s][info][gc,marking  ] GC(34) Mark Stack Usage: 32M
[34.183s][info][gc,nmethod  ] GC(34) NMethods: 17151 registered, 2893 unregistered
[34.183s][info][gc,metaspace] GC(34) Metaspace: 130M used, 131M committed, 1152M reserved
[34.183s][info][gc,ref      ] GC(34) Soft: 8783 encountered, 0 discovered, 0 enqueued
[34.183s][info][gc,ref      ] GC(34) Weak: 16205 encountered, 4021 discovered, 958 enqueued
[34.183s][info][gc,ref      ] GC(34) Final: 53 encountered, 0 discovered, 0 enqueued
[34.183s][info][gc,ref      ] GC(34) Phantom: 589 encountered, 355 discovered, 0 enqueued
[34.183s][info][gc,reloc    ] GC(34) Small Pages: 708 / 1416M, Empty: 1062M, Relocated: 13M, In-Place: 0
[34.183s][info][gc,reloc    ] GC(34) Medium Pages: 2 / 64M, Empty: 32M, Relocated: 0M, In-Place: 0
[34.183s][info][gc,reloc    ] GC(34) Large Pages: 10 / 60M, Empty: 60M, Relocated: 0M, In-Place: 0
[34.183s][info][gc,reloc    ] GC(34) Forwarding Usage: 1M
[34.183s][info][gc,heap     ] GC(34) Min Capacity: 2048M(100%)
[34.183s][info][gc,heap     ] GC(34) Max Capacity: 2048M(100%)
[34.183s][info][gc,heap     ] GC(34) Soft Max Capacity: 2048M(100%)
[34.183s][info][gc,heap     ] GC(34)                Mark Start          Mark End        Relocate Start      Relocate End           High               Low         
[34.183s][info][gc,heap     ] GC(34)  Capacity:     2048M (100%)       2048M (100%)       2048M (100%)       2048M (100%)       2048M (100%)       2048M (100%)   
[34.183s][info][gc,heap     ] GC(34)      Free:      508M (25%)         292M (14%)        1424M (70%)        1684M (82%)        1684M (82%)         276M (13%)    
[34.183s][info][gc,heap     ] GC(34)      Used:     1540M (75%)        1756M (86%)         624M (30%)         364M (18%)        1772M (87%)         364M (18%)    
[34.183s][info][gc,heap     ] GC(34)      Live:         -                91M (4%)           91M (4%)           91M (4%)             -                  -          
[34.183s][info][gc,heap     ] GC(34) Allocated:         -               216M (11%)         238M (12%)         255M (12%)            -                  -          
[34.183s][info][gc,heap     ] GC(34)   Garbage:         -              1448M (71%)         294M (14%)          16M (1%)             -                  -          
[34.183s][info][gc,heap     ] GC(34) Reclaimed:         -                  -              1154M (56%)        1431M (70%)            -                  -          
[34.183s][info][gc          ] GC(34) Garbage Collection (Allocation Rate) 1540M(75%)->364M(18%)
[34.272s][info][gc,start    ] GC(35) Garbage Collection (System.gc())
[34.272s][info][gc,task     ] GC(35) Using 2 workers
[34.272s][info][gc,phases   ] GC(35) Pause Mark Start 0.006ms
[34.319s][info][gc,phases   ] GC(35) Concurrent Mark 46.544ms
[34.319s][info][gc,phases   ] GC(35) Pause Mark End 0.028ms
[34.319s][info][gc,phases   ] GC(35) Concurrent Mark Free 0.001ms
[34.335s][info][gc,phases   ] GC(35) Concurrent Process Non-Strong References 16.097ms
[34.336s][info][gc,phases   ] GC(35) Concurrent Reset Relocation Set 0.009ms
[34.338s][info][gc,phases   ] GC(35) Concurrent Select Relocation Set 2.063ms
[34.338s][info][gc,phases   ] GC(35) Pause Relocate Start 0.007ms
[34.339s][info][gc,phases   ] GC(35) Concurrent Relocate 0.800ms
[34.339s][info][gc,load     ] GC(35) Load: 0.00/0.00/0.00
[34.339s][info][gc,mmu      ] GC(35) MMU: 2ms/95.4%, 5ms/98.2%, 10ms/99.0%, 20ms/99.5%, 50ms/99.8%, 100ms/99.9%
[34.339s][info][gc,marking  ] GC(35) Mark: 2 stripe(s), 2 proactive flush(es), 1 terminate flush(es), 0 completion(s), 0 continuation(s) 
[34.339s][info][gc,marking  ] GC(35) Mark Stack Usage: 32M
[34.339s][info][gc,nmethod  ] GC(35) NMethods: 17178 registered, 2893 unregistered
[34.339s][info][gc,metaspace] GC(35) Metaspace: 130M used, 131M committed, 1152M reserved
[34.339s][info][gc,ref      ] GC(35) Soft: 8780 encountered, 0 discovered, 0 enqueued
[34.339s][info][gc,ref      ] GC(35) Weak: 15478 encountered, 3601 discovered, 363 enqueued
[34.339s][info][gc,ref      ] GC(35) Final: 53 encountered, 0 discovered, 0 enqueued
[34.339s][info][gc,ref      ] GC(35) Phantom: 589 encountered, 398 discovered, 0 enqueued
[34.339s][info][gc,reloc    ] GC(35) Small Pages: 175 / 350M, Empty: 216M, Relocated: 1M, In-Place: 0
[34.339s][info][gc,reloc    ] GC(35) Medium Pages: 2 / 64M, Empty: 32M, Relocated: 0M, In-Place: 0
[34.339s][info][gc,reloc    ] GC(35) Large Pages: 4 / 24M, Empty: 24M, Relocated: 0M, In-Place: 0
[34.339s][info][gc,reloc    ] GC(35) Forwarding Usage: 0M
[34.339s][info][gc,heap     ] GC(35) Min Capacity: 2048M(100%)
[34.339s][info][gc,heap     ] GC(35) Max Capacity: 2048M(100%)
[34.339s][info][gc,heap     ] GC(35) Soft Max Capacity: 2048M(100%)
[34.339s][info][gc,heap     ] GC(35)                Mark Start          Mark End        Relocate Start      Relocate End           High               Low         
[34.339s][info][gc,heap     ] GC(35)  Capacity:     2048M (100%)       2048M (100%)       2048M (100%)       2048M (100%)       2048M (100%)       2048M (100%)   
[34.339s][info][gc,heap     ] GC(35)      Free:     1610M (79%)        1608M (79%)        1870M (91%)        1936M (95%)        1936M (95%)        1608M (79%)    
[34.339s][info][gc,heap     ] GC(35)      Used:      438M (21%)         440M (21%)         178M (9%)          112M (5%)          440M (21%)         112M (5%)     
[34.339s][info][gc,heap     ] GC(35)      Live:         -                79M (4%)           79M (4%)           79M (4%)             -                  -          
[34.339s][info][gc,heap     ] GC(35) Allocated:         -                 2M (0%)           12M (1%)           13M (1%)             -                  -          
[34.339s][info][gc,heap     ] GC(35)   Garbage:         -               358M (17%)          86M (4%)           18M (1%)             -                  -          
[34.339s][info][gc,heap     ] GC(35) Reclaimed:         -                  -               272M (13%)         339M (17%)            -                  -          
[34.339s][info][gc          ] GC(35) Garbage Collection (System.gc()) 438M(21%)->112M(5%)
[35.021s][info][gc,start    ] GC(36) Garbage Collection (Allocation Rate)
[35.021s][info][gc,task     ] GC(36) Using 1 workers
[35.021s][info][gc,phases   ] GC(36) Pause Mark Start 0.010ms
[35.121s][info][gc,phases   ] GC(36) Concurrent Mark 99.182ms
[35.122s][info][gc,phases   ] GC(36) Pause Mark End 0.017ms
[35.122s][info][gc,phases   ] GC(36) Concurrent Mark Free 0.001ms
[35.170s][info][gc,phases   ] GC(36) Concurrent Process Non-Strong References 48.226ms
[35.170s][info][gc,phases   ] GC(36) Concurrent Reset Relocation Set 0.003ms
[35.173s][info][gc,phases   ] GC(36) Concurrent Select Relocation Set 2.834ms
[35.173s][info][gc,phases   ] GC(36) Pause Relocate Start 0.011ms
[35.184s][info][gc,phases   ] GC(36) Concurrent Relocate 10.491ms
[35.184s][info][gc,load     ] GC(36) Load: 0.00/0.00/0.00
[35.184s][info][gc,mmu      ] GC(36) MMU: 2ms/95.4%, 5ms/98.2%, 10ms/99.0%, 20ms/99.5%, 50ms/99.8%, 100ms/99.9%
[35.184s][info][gc,marking  ] GC(36) Mark: 1 stripe(s), 2 proactive flush(es), 1 terminate flush(es), 0 completion(s), 0 continuation(s) 
[35.184s][info][gc,marking  ] GC(36) Mark Stack Usage: 32M
[35.184s][info][gc,nmethod  ] GC(36) NMethods: 17409 registered, 2893 unregistered
[35.184s][info][gc,metaspace] GC(36) Metaspace: 130M used, 132M committed, 1152M reserved
[35.184s][info][gc,ref      ] GC(36) Soft: 8826 encountered, 0 discovered, 0 enqueued
[35.184s][info][gc,ref      ] GC(36) Weak: 16231 encountered, 4003 discovered, 944 enqueued
[35.184s][info][gc,ref      ] GC(36) Final: 53 encountered, 0 discovered, 0 enqueued
[35.184s][info][gc,ref      ] GC(36) Phantom: 589 encountered, 355 discovered, 0 enqueued
[35.184s][info][gc,reloc    ] GC(36) Small Pages: 708 / 1416M, Empty: 1062M, Relocated: 15M, In-Place: 0
[35.184s][info][gc,reloc    ] GC(36) Medium Pages: 2 / 64M, Empty: 32M, Relocated: 0M, In-Place: 0
[35.184s][info][gc,reloc    ] GC(36) Large Pages: 10 / 60M, Empty: 60M, Relocated: 0M, In-Place: 0
[35.184s][info][gc,reloc    ] GC(36) Forwarding Usage: 2M
[35.184s][info][gc,heap     ] GC(36) Min Capacity: 2048M(100%)
[35.184s][info][gc,heap     ] GC(36) Max Capacity: 2048M(100%)
[35.184s][info][gc,heap     ] GC(36) Soft Max Capacity: 2048M(100%)
[35.184s][info][gc,heap     ] GC(36)                Mark Start          Mark End        Relocate Start      Relocate End           High               Low         
[35.184s][info][gc,heap     ] GC(36)  Capacity:     2048M (100%)       2048M (100%)       2048M (100%)       2048M (100%)       2048M (100%)       2048M (100%)   
[35.184s][info][gc,heap     ] GC(36)      Free:      508M (25%)         294M (14%)        1428M (70%)        1684M (82%)        1684M (82%)         280M (14%)    
[35.184s][info][gc,heap     ] GC(36)      Used:     1540M (75%)        1754M (86%)         620M (30%)         364M (18%)        1768M (86%)         364M (18%)    
[35.184s][info][gc,heap     ] GC(36)      Live:         -                92M (5%)           92M (5%)           92M (5%)             -                  -          
[35.184s][info][gc,heap     ] GC(36) Allocated:         -               214M (10%)         234M (11%)         255M (12%)            -                  -          
[35.184s][info][gc,heap     ] GC(36)   Garbage:         -              1447M (71%)         293M (14%)          15M (1%)             -                  -          
[35.184s][info][gc,heap     ] GC(36) Reclaimed:         -                  -              1154M (56%)        1431M (70%)            -                  -          
[35.184s][info][gc          ] GC(36) Garbage Collection (Allocation Rate) 1540M(75%)->364M(18%)
[35.277s][info][gc,start    ] GC(37) Garbage Collection (System.gc())
[35.277s][info][gc,task     ] GC(37) Using 2 workers
[35.277s][info][gc,phases   ] GC(37) Pause Mark Start 0.005ms
[35.337s][info][gc,phases   ] GC(37) Concurrent Mark 59.591ms
[35.337s][info][gc,phases   ] GC(37) Pause Mark End 0.022ms
[35.337s][info][gc,phases   ] GC(37) Concurrent Mark Free 0.002ms
[35.355s][info][gc,phases   ] GC(37) Concurrent Process Non-Strong References 17.432ms
[35.355s][info][gc,phases   ] GC(37) Concurrent Reset Relocation Set 0.007ms
[35.356s][info][gc,phases   ] GC(37) Concurrent Select Relocation Set 1.588ms
[35.356s][info][gc,phases   ] GC(37) Pause Relocate Start 0.007ms
[35.359s][info][gc,phases   ] GC(37) Concurrent Relocate 2.091ms
[35.359s][info][gc,load     ] GC(37) Load: 0.00/0.00/0.00
[35.359s][info][gc,mmu      ] GC(37) MMU: 2ms/95.4%, 5ms/98.2%, 10ms/99.0%, 20ms/99.5%, 50ms/99.8%, 100ms/99.9%
[35.359s][info][gc,marking  ] GC(37) Mark: 2 stripe(s), 1 proactive flush(es), 1 terminate flush(es), 0 completion(s), 0 continuation(s) 
[35.359s][info][gc,marking  ] GC(37) Mark Stack Usage: 32M
[35.359s][info][gc,nmethod  ] GC(37) NMethods: 17446 registered, 2893 unregistered
[35.359s][info][gc,metaspace] GC(37) Metaspace: 130M used, 132M committed, 1152M reserved
[35.359s][info][gc,ref      ] GC(37) Soft: 8841 encountered, 0 discovered, 0 enqueued
[35.359s][info][gc,ref      ] GC(37) Weak: 15526 encountered, 3732 discovered, 358 enqueued
[35.359s][info][gc,ref      ] GC(37) Final: 53 encountered, 0 discovered, 0 enqueued
[35.359s][info][gc,ref      ] GC(37) Phantom: 589 encountered, 400 discovered, 0 enqueued
[35.359s][info][gc,reloc    ] GC(37) Small Pages: 173 / 346M, Empty: 212M, Relocated: 3M, In-Place: 0
[35.359s][info][gc,reloc    ] GC(37) Medium Pages: 2 / 64M, Empty: 32M, Relocated: 0M, In-Place: 0
[35.359s][info][gc,reloc    ] GC(37) Large Pages: 4 / 24M, Empty: 24M, Relocated: 0M, In-Place: 0
[35.359s][info][gc,reloc    ] GC(37) Forwarding Usage: 1M
[35.359s][info][gc,heap     ] GC(37) Min Capacity: 2048M(100%)
[35.359s][info][gc,heap     ] GC(37) Max Capacity: 2048M(100%)
[35.359s][info][gc,heap     ] GC(37) Soft Max Capacity: 2048M(100%)
[35.359s][info][gc,heap     ] GC(37)                Mark Start          Mark End        Relocate Start      Relocate End           High               Low         
[35.359s][info][gc,heap     ] GC(37)  Capacity:     2048M (100%)       2048M (100%)       2048M (100%)       2048M (100%)       2048M (100%)       2048M (100%)   
[35.359s][info][gc,heap     ] GC(37)      Free:     1614M (79%)        1612M (79%)        1876M (92%)        1940M (95%)        1942M (95%)        1612M (79%)    
[35.359s][info][gc,heap     ] GC(37)      Used:      434M (21%)         436M (21%)         172M (8%)          108M (5%)          436M (21%)         106M (5%)     
[35.359s][info][gc,heap     ] GC(37)      Live:         -                80M (4%)           80M (4%)           80M (4%)             -                  -          
[35.359s][info][gc,heap     ] GC(37) Allocated:         -                 2M (0%)            6M (0%)            9M (0%)             -                  -          
[35.359s][info][gc,heap     ] GC(37)   Garbage:         -               353M (17%)          85M (4%)           17M (1%)             -                  -          
[35.359s][info][gc,heap     ] GC(37) Reclaimed:         -                  -               268M (13%)         335M (16%)            -                  -          
[35.359s][info][gc          ] GC(37) Garbage Collection (System.gc()) 434M(21%)->108M(5%)
[36.017s][info][gc,start    ] GC(38) Garbage Collection (Allocation Rate)
[36.017s][info][gc,task     ] GC(38) Using 1 workers
[36.017s][info][gc,phases   ] GC(38) Pause Mark Start 0.006ms
[36.128s][info][gc,phases   ] GC(38) Concurrent Mark 109.422ms
[36.128s][info][gc,phases   ] GC(38) Pause Mark End 0.022ms
[36.128s][info][gc,phases   ] GC(38) Concurrent Mark Free 0.001ms
[36.178s][info][gc,phases   ] GC(38) Concurrent Process Non-Strong References 50.338ms
[36.178s][info][gc,phases   ] GC(38) Concurrent Reset Relocation Set 0.003ms
[36.181s][info][gc,phases   ] GC(38) Concurrent Select Relocation Set 2.416ms
[36.181s][info][gc,phases   ] GC(38) Pause Relocate Start 0.012ms
[36.190s][info][gc,phases   ] GC(38) Concurrent Relocate 8.586ms
[36.190s][info][gc,load     ] GC(38) Load: 0.00/0.00/0.00
[36.190s][info][gc,mmu      ] GC(38) MMU: 2ms/95.4%, 5ms/98.2%, 10ms/99.0%, 20ms/99.5%, 50ms/99.8%, 100ms/99.9%
[36.190s][info][gc,marking  ] GC(38) Mark: 1 stripe(s), 2 proactive flush(es), 1 terminate flush(es), 0 completion(s), 0 continuation(s) 
[36.190s][info][gc,marking  ] GC(38) Mark Stack Usage: 32M
[36.190s][info][gc,nmethod  ] GC(38) NMethods: 17641 registered, 2893 unregistered
[36.190s][info][gc,metaspace] GC(38) Metaspace: 131M used, 132M committed, 1152M reserved
[36.190s][info][gc,ref      ] GC(38) Soft: 8844 encountered, 0 discovered, 0 enqueued
[36.190s][info][gc,ref      ] GC(38) Weak: 16270 encountered, 4025 discovered, 949 enqueued
[36.190s][info][gc,ref      ] GC(38) Final: 53 encountered, 0 discovered, 0 enqueued
[36.190s][info][gc,ref      ] GC(38) Phantom: 589 encountered, 355 discovered, 0 enqueued
[36.190s][info][gc,reloc    ] GC(38) Small Pages: 650 / 1300M, Empty: 1060M, Relocated: 6M, In-Place: 0
[36.190s][info][gc,reloc    ] GC(38) Medium Pages: 2 / 64M, Empty: 32M, Relocated: 0M, In-Place: 0
[36.190s][info][gc,reloc    ] GC(38) Large Pages: 10 / 60M, Empty: 60M, Relocated: 0M, In-Place: 0
[36.190s][info][gc,reloc    ] GC(38) Forwarding Usage: 2M
[36.190s][info][gc,heap     ] GC(38) Min Capacity: 2048M(100%)
[36.190s][info][gc,heap     ] GC(38) Max Capacity: 2048M(100%)
[36.190s][info][gc,heap     ] GC(38) Soft Max Capacity: 2048M(100%)
[36.190s][info][gc,heap     ] GC(38)                Mark Start          Mark End        Relocate Start      Relocate End           High               Low         
[36.190s][info][gc,heap     ] GC(38)  Capacity:     2048M (100%)       2048M (100%)       2048M (100%)       2048M (100%)       2048M (100%)       2048M (100%)   
[36.190s][info][gc,heap     ] GC(38)      Free:      624M (30%)         358M (17%)        1442M (70%)        1600M (78%)        1602M (78%)         294M (14%)    
[36.190s][info][gc,heap     ] GC(38)      Used:     1424M (70%)        1690M (83%)         606M (30%)         448M (22%)        1754M (86%)         446M (22%)    
[36.190s][info][gc,heap     ] GC(38)      Live:         -                83M (4%)           83M (4%)           83M (4%)             -                  -          
[36.190s][info][gc,heap     ] GC(38) Allocated:         -               266M (13%)         334M (16%)         347M (17%)            -                  -          
[36.190s][info][gc,heap     ] GC(38)   Garbage:         -              1340M (65%)         188M (9%)           16M (1%)             -                  -          
[36.190s][info][gc,heap     ] GC(38) Reclaimed:         -                  -              1152M (56%)        1323M (65%)            -                  -          
[36.190s][info][gc          ] GC(38) Garbage Collection (Allocation Rate) 1424M(70%)->448M(22%)
[36.316s][info][gc,start    ] GC(39) Garbage Collection (System.gc())
[36.316s][info][gc,task     ] GC(39) Using 2 workers
[36.316s][info][gc,phases   ] GC(39) Pause Mark Start 0.007ms
[36.378s][info][gc,phases   ] GC(39) Concurrent Mark 61.712ms
[36.378s][info][gc,phases   ] GC(39) Pause Mark End 0.052ms
[36.378s][info][gc,phases   ] GC(39) Concurrent Mark Free 0.001ms
[36.396s][info][gc,phases   ] GC(39) Concurrent Process Non-Strong References 17.824ms
[36.396s][info][gc,phases   ] GC(39) Concurrent Reset Relocation Set 0.005ms
[36.398s][info][gc,phases   ] GC(39) Concurrent Select Relocation Set 1.635ms
[36.398s][info][gc,phases   ] GC(39) Pause Relocate Start 0.008ms
[36.400s][info][gc,phases   ] GC(39) Concurrent Relocate 1.918ms
[36.400s][info][gc,load     ] GC(39) Load: 0.00/0.00/0.00
[36.400s][info][gc,mmu      ] GC(39) MMU: 2ms/95.4%, 5ms/98.2%, 10ms/99.0%, 20ms/99.5%, 50ms/99.8%, 100ms/99.9%
[36.400s][info][gc,marking  ] GC(39) Mark: 2 stripe(s), 2 proactive flush(es), 1 terminate flush(es), 0 completion(s), 0 continuation(s) 
[36.400s][info][gc,marking  ] GC(39) Mark Stack Usage: 32M
[36.400s][info][gc,nmethod  ] GC(39) NMethods: 17674 registered, 2893 unregistered
[36.400s][info][gc,metaspace] GC(39) Metaspace: 131M used, 132M committed, 1152M reserved
[36.400s][info][gc,ref      ] GC(39) Soft: 8841 encountered, 0 discovered, 0 enqueued
[36.400s][info][gc,ref      ] GC(39) Weak: 15548 encountered, 5013 discovered, 366 enqueued
[36.400s][info][gc,ref      ] GC(39) Final: 53 encountered, 29 discovered, 0 enqueued
[36.400s][info][gc,ref      ] GC(39) Phantom: 589 encountered, 396 discovered, 0 enqueued
[36.400s][info][gc,reloc    ] GC(39) Small Pages: 227 / 454M, Empty: 318M, Relocated: 3M, In-Place: 0
[36.400s][info][gc,reloc    ] GC(39) Medium Pages: 2 / 64M, Empty: 32M, Relocated: 0M, In-Place: 0
[36.400s][info][gc,reloc    ] GC(39) Large Pages: 4 / 24M, Empty: 24M, Relocated: 0M, In-Place: 0
[36.400s][info][gc,reloc    ] GC(39) Forwarding Usage: 1M
[36.400s][info][gc,heap     ] GC(39) Min Capacity: 2048M(100%)
[36.400s][info][gc,heap     ] GC(39) Max Capacity: 2048M(100%)
[36.400s][info][gc,heap     ] GC(39) Soft Max Capacity: 2048M(100%)
[36.400s][info][gc,heap     ] GC(39)                Mark Start          Mark End        Relocate Start      Relocate End           High               Low         
[36.400s][info][gc,heap     ] GC(39)  Capacity:     2048M (100%)       2048M (100%)       2048M (100%)       2048M (100%)       2048M (100%)       2048M (100%)   
[36.400s][info][gc,heap     ] GC(39)      Free:     1506M (74%)        1506M (74%)        1870M (91%)        1940M (95%)        1940M (95%)        1504M (73%)    
[36.400s][info][gc,heap     ] GC(39)      Used:      542M (26%)         542M (26%)         178M (9%)          108M (5%)          544M (27%)         108M (5%)     
[36.400s][info][gc,heap     ] GC(39)      Live:         -                80M (4%)           80M (4%)           80M (4%)             -                  -          
[36.400s][info][gc,heap     ] GC(39) Allocated:         -                 0M (0%)           10M (0%)           11M (1%)             -                  -          
[36.400s][info][gc,heap     ] GC(39)   Garbage:         -               461M (23%)          87M (4%)           15M (1%)             -                  -          
[36.400s][info][gc,heap     ] GC(39) Reclaimed:         -                  -               374M (18%)         445M (22%)            -                  -          
[36.400s][info][gc          ] GC(39) Garbage Collection (System.gc()) 542M(26%)->108M(5%)
[37.113s][info][gc,start    ] GC(40) Garbage Collection (Allocation Rate)
[37.113s][info][gc,task     ] GC(40) Using 1 workers
[37.113s][info][gc,phases   ] GC(40) Pause Mark Start 0.010ms
[37.215s][info][gc,phases   ] GC(40) Concurrent Mark 101.617ms
[37.215s][info][gc,phases   ] GC(40) Pause Mark End 0.017ms
[37.215s][info][gc,phases   ] GC(40) Concurrent Mark Free 0.001ms
[37.263s][info][gc,phases   ] GC(40) Concurrent Process Non-Strong References 47.798ms
[37.263s][info][gc,phases   ] GC(40) Concurrent Reset Relocation Set 0.003ms
[37.266s][info][gc,phases   ] GC(40) Concurrent Select Relocation Set 3.089ms
[37.266s][info][gc,phases   ] GC(40) Pause Relocate Start 0.011ms
[37.286s][info][gc,phases   ] GC(40) Concurrent Relocate 19.143ms
[37.286s][info][gc,load     ] GC(40) Load: 0.00/0.00/0.00
[37.286s][info][gc,mmu      ] GC(40) MMU: 2ms/95.4%, 5ms/98.2%, 10ms/99.0%, 20ms/99.5%, 50ms/99.8%, 100ms/99.9%
[37.286s][info][gc,marking  ] GC(40) Mark: 1 stripe(s), 2 proactive flush(es), 1 terminate flush(es), 0 completion(s), 0 continuation(s) 
[37.286s][info][gc,marking  ] GC(40) Mark Stack Usage: 32M
[37.286s][info][gc,nmethod  ] GC(40) NMethods: 17905 registered, 2893 unregistered
[37.286s][info][gc,metaspace] GC(40) Metaspace: 131M used, 132M committed, 1152M reserved
[37.286s][info][gc,ref      ] GC(40) Soft: 8845 encountered, 0 discovered, 0 enqueued
[37.286s][info][gc,ref      ] GC(40) Weak: 16255 encountered, 4010 discovered, 932 enqueued
[37.286s][info][gc,ref      ] GC(40) Final: 53 encountered, 0 discovered, 0 enqueued
[37.286s][info][gc,ref      ] GC(40) Phantom: 589 encountered, 355 discovered, 0 enqueued
[37.286s][info][gc,reloc    ] GC(40) Small Pages: 743 / 1486M, Empty: 1064M, Relocated: 24M, In-Place: 0
[37.286s][info][gc,reloc    ] GC(40) Medium Pages: 2 / 64M, Empty: 0M, Relocated: 22M, In-Place: 0
[37.286s][info][gc,reloc    ] GC(40) Large Pages: 10 / 60M, Empty: 60M, Relocated: 0M, In-Place: 0
[37.286s][info][gc,reloc    ] GC(40) Forwarding Usage: 3M
[37.286s][info][gc,heap     ] GC(40) Min Capacity: 2048M(100%)
[37.286s][info][gc,heap     ] GC(40) Max Capacity: 2048M(100%)
[37.286s][info][gc,heap     ] GC(40) Soft Max Capacity: 2048M(100%)
[37.286s][info][gc,heap     ] GC(40)                Mark Start          Mark End        Relocate Start      Relocate End           High               Low         
[37.286s][info][gc,heap     ] GC(40)  Capacity:     2048M (100%)       2048M (100%)       2048M (100%)       2048M (100%)       2048M (100%)       2048M (100%)   
[37.286s][info][gc,heap     ] GC(40)      Free:      438M (21%)         284M (14%)        1352M (66%)        1706M (83%)        1710M (83%)         242M (12%)    
[37.286s][info][gc,heap     ] GC(40)      Used:     1610M (79%)        1764M (86%)         696M (34%)         342M (17%)        1806M (88%)         338M (17%)    
[37.286s][info][gc,heap     ] GC(40)      Live:         -               100M (5%)          100M (5%)          100M (5%)             -                  -          
[37.286s][info][gc,heap     ] GC(40) Allocated:         -               154M (8%)          210M (10%)         226M (11%)            -                  -          
[37.286s][info][gc,heap     ] GC(40)   Garbage:         -              1509M (74%)         385M (19%)          15M (1%)             -                  -          
[37.286s][info][gc,heap     ] GC(40) Reclaimed:         -                  -              1124M (55%)        1494M (73%)            -                  -          
[37.286s][info][gc          ] GC(40) Garbage Collection (Allocation Rate) 1610M(79%)->342M(17%)
[37.339s][info][gc,start    ] GC(41) Garbage Collection (System.gc())
[37.339s][info][gc,task     ] GC(41) Using 2 workers
[37.340s][info][gc,phases   ] GC(41) Pause Mark Start 0.005ms
[37.403s][info][gc,phases   ] GC(41) Concurrent Mark 63.050ms
[37.403s][info][gc,phases   ] GC(41) Pause Mark End 0.032ms
[37.403s][info][gc,phases   ] GC(41) Concurrent Mark Free 0.001ms
[37.420s][info][gc,phases   ] GC(41) Concurrent Process Non-Strong References 17.285ms
[37.420s][info][gc,phases   ] GC(41) Concurrent Reset Relocation Set 0.008ms
[37.422s][info][gc,phases   ] GC(41) Concurrent Select Relocation Set 1.859ms
[37.422s][info][gc,phases   ] GC(41) Pause Relocate Start 0.008ms
[37.424s][info][gc,phases   ] GC(41) Concurrent Relocate 1.171ms
[37.424s][info][gc,load     ] GC(41) Load: 0.00/0.00/0.00
[37.424s][info][gc,mmu      ] GC(41) MMU: 2ms/95.4%, 5ms/98.2%, 10ms/99.0%, 20ms/99.5%, 50ms/99.8%, 100ms/99.9%
[37.424s][info][gc,marking  ] GC(41) Mark: 2 stripe(s), 1 proactive flush(es), 1 terminate flush(es), 0 completion(s), 0 continuation(s) 
[37.424s][info][gc,marking  ] GC(41) Mark Stack Usage: 32M
[37.424s][info][gc,nmethod  ] GC(41) NMethods: 17909 registered, 2893 unregistered
[37.424s][info][gc,metaspace] GC(41) Metaspace: 131M used, 132M committed, 1152M reserved
[37.424s][info][gc,ref      ] GC(41) Soft: 8841 encountered, 0 discovered, 0 enqueued
[37.424s][info][gc,ref      ] GC(41) Weak: 15532 encountered, 3783 discovered, 358 enqueued
[37.424s][info][gc,ref      ] GC(41) Final: 53 encountered, 0 discovered, 0 enqueued
[37.424s][info][gc,ref      ] GC(41) Phantom: 589 encountered, 398 discovered, 0 enqueued
[37.424s][info][gc,reloc    ] GC(41) Small Pages: 141 / 282M, Empty: 142M, Relocated: 2M, In-Place: 0
[37.424s][info][gc,reloc    ] GC(41) Medium Pages: 2 / 64M, Empty: 32M, Relocated: 0M, In-Place: 0
[37.424s][info][gc,reloc    ] GC(41) Large Pages: 4 / 24M, Empty: 24M, Relocated: 0M, In-Place: 0
[37.424s][info][gc,reloc    ] GC(41) Forwarding Usage: 0M
[37.424s][info][gc,heap     ] GC(41) Min Capacity: 2048M(100%)
[37.424s][info][gc,heap     ] GC(41) Max Capacity: 2048M(100%)
[37.424s][info][gc,heap     ] GC(41) Soft Max Capacity: 2048M(100%)
[37.424s][info][gc,heap     ] GC(41)                Mark Start          Mark End        Relocate Start      Relocate End           High               Low         
[37.424s][info][gc,heap     ] GC(41)  Capacity:     2048M (100%)       2048M (100%)       2048M (100%)       2048M (100%)       2048M (100%)       2048M (100%)   
[37.424s][info][gc,heap     ] GC(41)      Free:     1678M (82%)        1676M (82%)        1864M (91%)        1936M (95%)        1936M (95%)        1676M (82%)    
[37.424s][info][gc,heap     ] GC(41)      Used:      370M (18%)         372M (18%)         184M (9%)          112M (5%)          372M (18%)         112M (5%)     
[37.424s][info][gc,heap     ] GC(41)      Live:         -                80M (4%)           80M (4%)           80M (4%)             -                  -          
[37.424s][info][gc,heap     ] GC(41) Allocated:         -                 2M (0%)           12M (1%)           15M (1%)             -                  -          
[37.424s][info][gc,heap     ] GC(41)   Garbage:         -               289M (14%)          91M (4%)           15M (1%)             -                  -          
[37.424s][info][gc,heap     ] GC(41) Reclaimed:         -                  -               198M (10%)         273M (13%)            -                  -          
[37.424s][info][gc          ] GC(41) Garbage Collection (System.gc()) 370M(18%)->112M(5%)
[38.113s][info][gc,start    ] GC(42) Garbage Collection (Allocation Rate)
[38.113s][info][gc,task     ] GC(42) Using 1 workers
[38.113s][info][gc,phases   ] GC(42) Pause Mark Start 0.008ms
[38.220s][info][gc,phases   ] GC(42) Concurrent Mark 106.712ms
[38.220s][info][gc,phases   ] GC(42) Pause Mark End 0.022ms
[38.220s][info][gc,phases   ] GC(42) Concurrent Mark Free 0.001ms
[38.271s][info][gc,phases   ] GC(42) Concurrent Process Non-Strong References 50.698ms
[38.271s][info][gc,phases   ] GC(42) Concurrent Reset Relocation Set 0.004ms
[38.274s][info][gc,phases   ] GC(42) Concurrent Select Relocation Set 3.251ms
[38.275s][info][gc,phases   ] GC(42) Pause Relocate Start 0.009ms
[38.284s][info][gc,phases   ] GC(42) Concurrent Relocate 9.548ms
[38.284s][info][gc,load     ] GC(42) Load: 0.00/0.00/0.00
[38.284s][info][gc,mmu      ] GC(42) MMU: 2ms/95.4%, 5ms/98.2%, 10ms/99.0%, 20ms/99.5%, 50ms/99.8%, 100ms/99.9%
[38.284s][info][gc,marking  ] GC(42) Mark: 1 stripe(s), 2 proactive flush(es), 1 terminate flush(es), 0 completion(s), 0 continuation(s) 
[38.284s][info][gc,marking  ] GC(42) Mark Stack Usage: 32M
[38.284s][info][gc,nmethod  ] GC(42) NMethods: 18102 registered, 2893 unregistered
[38.284s][info][gc,metaspace] GC(42) Metaspace: 131M used, 133M committed, 1152M reserved
[38.284s][info][gc,ref      ] GC(42) Soft: 8844 encountered, 0 discovered, 0 enqueued
[38.284s][info][gc,ref      ] GC(42) Weak: 16284 encountered, 4024 discovered, 961 enqueued
[38.284s][info][gc,ref      ] GC(42) Final: 53 encountered, 0 discovered, 0 enqueued
[38.284s][info][gc,ref      ] GC(42) Phantom: 590 encountered, 356 discovered, 1 enqueued
[38.284s][info][gc,reloc    ] GC(42) Small Pages: 711 / 1422M, Empty: 1056M, Relocated: 15M, In-Place: 0
[38.285s][info][gc,reloc    ] GC(42) Medium Pages: 2 / 64M, Empty: 32M, Relocated: 0M, In-Place: 0
[38.285s][info][gc,reloc    ] GC(42) Large Pages: 10 / 60M, Empty: 60M, Relocated: 0M, In-Place: 0
[38.285s][info][gc,reloc    ] GC(42) Forwarding Usage: 2M
[38.285s][info][gc,heap     ] GC(42) Min Capacity: 2048M(100%)
[38.285s][info][gc,heap     ] GC(42) Max Capacity: 2048M(100%)
[38.285s][info][gc,heap     ] GC(42) Soft Max Capacity: 2048M(100%)
[38.285s][info][gc,heap     ] GC(42)                Mark Start          Mark End        Relocate Start      Relocate End           High               Low         
[38.285s][info][gc,heap     ] GC(42)  Capacity:     2048M (100%)       2048M (100%)       2048M (100%)       2048M (100%)       2048M (100%)       2048M (100%)   
[38.285s][info][gc,heap     ] GC(42)      Free:      502M (25%)         296M (14%)        1418M (69%)        1690M (83%)        1690M (83%)         280M (14%)    
[38.285s][info][gc,heap     ] GC(42)      Used:     1546M (75%)        1752M (86%)         630M (31%)         358M (17%)        1768M (86%)         358M (17%)    
[38.285s][info][gc,heap     ] GC(42)      Live:         -                93M (5%)           93M (5%)           93M (5%)             -                  -          
[38.285s][info][gc,heap     ] GC(42) Allocated:         -               206M (10%)         232M (11%)         247M (12%)            -                  -          
[38.285s][info][gc,heap     ] GC(42)   Garbage:         -              1452M (71%)         304M (15%)          16M (1%)             -                  -          
[38.285s][info][gc,heap     ] GC(42) Reclaimed:         -                  -              1148M (56%)        1435M (70%)            -                  -          
[38.285s][info][gc          ] GC(42) Garbage Collection (Allocation Rate) 1546M(75%)->358M(17%)
[38.368s][info][gc,start    ] GC(43) Garbage Collection (System.gc())
[38.369s][info][gc,task     ] GC(43) Using 2 workers
[38.369s][info][gc,phases   ] GC(43) Pause Mark Start 0.004ms
[38.416s][info][gc,phases   ] GC(43) Concurrent Mark 47.055ms
[38.416s][info][gc,phases   ] GC(43) Pause Mark End 0.027ms
[38.416s][info][gc,phases   ] GC(43) Concurrent Mark Free 0.001ms
[38.434s][info][gc,phases   ] GC(43) Concurrent Process Non-Strong References 18.219ms
[38.434s][info][gc,phases   ] GC(43) Concurrent Reset Relocation Set 0.006ms
[38.436s][info][gc,phases   ] GC(43) Concurrent Select Relocation Set 1.610ms
[38.436s][info][gc,phases   ] GC(43) Pause Relocate Start 0.011ms
[38.438s][info][gc,phases   ] GC(43) Concurrent Relocate 1.625ms
[38.438s][info][gc,load     ] GC(43) Load: 0.00/0.00/0.00
[38.438s][info][gc,mmu      ] GC(43) MMU: 2ms/95.4%, 5ms/98.2%, 10ms/99.0%, 20ms/99.5%, 50ms/99.8%, 100ms/99.9%
[38.438s][info][gc,marking  ] GC(43) Mark: 2 stripe(s), 1 proactive flush(es), 1 terminate flush(es), 0 completion(s), 0 continuation(s) 
[38.438s][info][gc,marking  ] GC(43) Mark Stack Usage: 32M
[38.438s][info][gc,nmethod  ] GC(43) NMethods: 18111 registered, 2893 unregistered
[38.438s][info][gc,metaspace] GC(43) Metaspace: 131M used, 133M committed, 1152M reserved
[38.438s][info][gc,ref      ] GC(43) Soft: 8841 encountered, 0 discovered, 0 enqueued
[38.438s][info][gc,ref      ] GC(43) Weak: 15552 encountered, 3310 discovered, 363 enqueued
[38.438s][info][gc,ref      ] GC(43) Final: 53 encountered, 0 discovered, 0 enqueued
[38.438s][info][gc,ref      ] GC(43) Phantom: 589 encountered, 410 discovered, 0 enqueued
[38.438s][info][gc,reloc    ] GC(43) Small Pages: 169 / 338M, Empty: 200M, Relocated: 3M, In-Place: 0
[38.438s][info][gc,reloc    ] GC(43) Medium Pages: 2 / 64M, Empty: 32M, Relocated: 0M, In-Place: 0
[38.438s][info][gc,reloc    ] GC(43) Large Pages: 4 / 24M, Empty: 24M, Relocated: 0M, In-Place: 0
[38.438s][info][gc,reloc    ] GC(43) Forwarding Usage: 1M
[38.438s][info][gc,heap     ] GC(43) Min Capacity: 2048M(100%)
[38.438s][info][gc,heap     ] GC(43) Max Capacity: 2048M(100%)
[38.438s][info][gc,heap     ] GC(43) Soft Max Capacity: 2048M(100%)
[38.438s][info][gc,heap     ] GC(43)                Mark Start          Mark End        Relocate Start      Relocate End           High               Low         
[38.438s][info][gc,heap     ] GC(43)  Capacity:     2048M (100%)       2048M (100%)       2048M (100%)       2048M (100%)       2048M (100%)       2048M (100%)   
[38.438s][info][gc,heap     ] GC(43)      Free:     1622M (79%)        1620M (79%)        1866M (91%)        1938M (95%)        1938M (95%)        1620M (79%)    
[38.438s][info][gc,heap     ] GC(43)      Used:      426M (21%)         428M (21%)         182M (9%)          110M (5%)          428M (21%)         110M (5%)     
[38.438s][info][gc,heap     ] GC(43)      Live:         -                80M (4%)           80M (4%)           80M (4%)             -                  -          
[38.438s][info][gc,heap     ] GC(43) Allocated:         -                 2M (0%)           12M (1%)           13M (1%)             -                  -          
[38.438s][info][gc,heap     ] GC(43)   Garbage:         -               345M (17%)          89M (4%)           15M (1%)             -                  -          
[38.438s][info][gc,heap     ] GC(43) Reclaimed:         -                  -               256M (12%)         329M (16%)            -                  -          
[38.438s][info][gc          ] GC(43) Garbage Collection (System.gc()) 426M(21%)->110M(5%)
[39.120s][info][gc,start    ] GC(44) Garbage Collection (Allocation Rate)
[39.120s][info][gc,task     ] GC(44) Using 1 workers
[39.121s][info][gc,phases   ] GC(44) Pause Mark Start 0.009ms
[39.221s][info][gc,phases   ] GC(44) Concurrent Mark 100.318ms
[39.221s][info][gc,phases   ] GC(44) Pause Mark End 0.016ms
[39.221s][info][gc,phases   ] GC(44) Concurrent Mark Free 0.001ms
[39.270s][info][gc,phases   ] GC(44) Concurrent Process Non-Strong References 48.716ms
[39.270s][info][gc,phases   ] GC(44) Concurrent Reset Relocation Set 0.004ms
[39.273s][info][gc,phases   ] GC(44) Concurrent Select Relocation Set 2.437ms
[39.273s][info][gc,phases   ] GC(44) Pause Relocate Start 0.010ms
[39.284s][info][gc,phases   ] GC(44) Concurrent Relocate 11.057ms
[39.284s][info][gc,load     ] GC(44) Load: 0.00/0.00/0.00
[39.284s][info][gc,mmu      ] GC(44) MMU: 2ms/95.4%, 5ms/98.2%, 10ms/99.0%, 20ms/99.5%, 50ms/99.8%, 100ms/99.9%
[39.284s][info][gc,marking  ] GC(44) Mark: 1 stripe(s), 2 proactive flush(es), 1 terminate flush(es), 0 completion(s), 0 continuation(s) 
[39.284s][info][gc,marking  ] GC(44) Mark Stack Usage: 32M
[39.284s][info][gc,nmethod  ] GC(44) NMethods: 18314 registered, 2893 unregistered
[39.284s][info][gc,metaspace] GC(44) Metaspace: 131M used, 133M committed, 1152M reserved
[39.284s][info][gc,ref      ] GC(44) Soft: 8844 encountered, 0 discovered, 0 enqueued
[39.284s][info][gc,ref      ] GC(44) Weak: 16257 encountered, 4001 discovered, 932 enqueued
[39.284s][info][gc,ref      ] GC(44) Final: 53 encountered, 0 discovered, 0 enqueued
[39.284s][info][gc,ref      ] GC(44) Phantom: 589 encountered, 355 discovered, 0 enqueued
[39.284s][info][gc,reloc    ] GC(44) Small Pages: 735 / 1470M, Empty: 1074M, Relocated: 18M, In-Place: 0
[39.284s][info][gc,reloc    ] GC(44) Medium Pages: 2 / 64M, Empty: 32M, Relocated: 0M, In-Place: 0
[39.284s][info][gc,reloc    ] GC(44) Large Pages: 10 / 60M, Empty: 60M, Relocated: 0M, In-Place: 0
[39.284s][info][gc,reloc    ] GC(44) Forwarding Usage: 1M
[39.284s][info][gc,heap     ] GC(44) Min Capacity: 2048M(100%)
[39.284s][info][gc,heap     ] GC(44) Max Capacity: 2048M(100%)
[39.284s][info][gc,heap     ] GC(44) Soft Max Capacity: 2048M(100%)
[39.284s][info][gc,heap     ] GC(44)                Mark Start          Mark End        Relocate Start      Relocate End           High               Low         
[39.284s][info][gc,heap     ] GC(44)  Capacity:     2048M (100%)       2048M (100%)       2048M (100%)       2048M (100%)       2048M (100%)       2048M (100%)   
[39.284s][info][gc,heap     ] GC(44)      Free:      454M (22%)         282M (14%)        1398M (68%)        1698M (83%)        1698M (83%)         234M (11%)    
[39.284s][info][gc,heap     ] GC(44)      Used:     1594M (78%)        1766M (86%)         650M (32%)         350M (17%)        1814M (89%)         350M (17%)    
[39.284s][info][gc,heap     ] GC(44)      Live:         -                98M (5%)           98M (5%)           98M (5%)             -                  -          
[39.284s][info][gc,heap     ] GC(44) Allocated:         -               172M (8%)          222M (11%)         233M (11%)            -                  -          
[39.284s][info][gc,heap     ] GC(44)   Garbage:         -              1495M (73%)         329M (16%)          17M (1%)             -                  -          
[39.284s][info][gc,heap     ] GC(44) Reclaimed:         -                  -              1166M (57%)        1477M (72%)            -                  -          
[39.284s][info][gc          ] GC(44) Garbage Collection (Allocation Rate) 1594M(78%)->350M(17%)
[39.343s][info][gc,start    ] GC(45) Garbage Collection (System.gc())
[39.343s][info][gc,task     ] GC(45) Using 2 workers
[39.343s][info][gc,phases   ] GC(45) Pause Mark Start 0.006ms
[39.392s][info][gc,phases   ] GC(45) Concurrent Mark 48.559ms
[39.392s][info][gc,phases   ] GC(45) Pause Mark End 0.050ms
[39.392s][info][gc,phases   ] GC(45) Concurrent Mark Free 0.001ms
[39.410s][info][gc,phases   ] GC(45) Concurrent Process Non-Strong References 18.135ms
[39.410s][info][gc,phases   ] GC(45) Concurrent Reset Relocation Set 0.007ms
[39.412s][info][gc,phases   ] GC(45) Concurrent Select Relocation Set 1.507ms
[39.412s][info][gc,phases   ] GC(45) Pause Relocate Start 0.009ms
[39.413s][info][gc,phases   ] GC(45) Concurrent Relocate 0.646ms
[39.413s][info][gc,load     ] GC(45) Load: 0.00/0.00/0.00
[39.413s][info][gc,mmu      ] GC(45) MMU: 2ms/95.4%, 5ms/98.2%, 10ms/99.0%, 20ms/99.5%, 50ms/99.8%, 100ms/99.9%
[39.413s][info][gc,marking  ] GC(45) Mark: 2 stripe(s), 2 proactive flush(es), 1 terminate flush(es), 0 completion(s), 0 continuation(s) 
[39.413s][info][gc,marking  ] GC(45) Mark Stack Usage: 32M
[39.413s][info][gc,nmethod  ] GC(45) NMethods: 18318 registered, 2893 unregistered
[39.413s][info][gc,metaspace] GC(45) Metaspace: 131M used, 133M committed, 1152M reserved
[39.413s][info][gc,ref      ] GC(45) Soft: 8841 encountered, 0 discovered, 0 enqueued
[39.413s][info][gc,ref      ] GC(45) Weak: 15538 encountered, 3971 discovered, 356 enqueued
[39.413s][info][gc,ref      ] GC(45) Final: 53 encountered, 0 discovered, 0 enqueued
[39.413s][info][gc,ref      ] GC(45) Phantom: 589 encountered, 302 discovered, 0 enqueued
[39.413s][info][gc,reloc    ] GC(45) Small Pages: 150 / 300M, Empty: 166M, Relocated: 1M, In-Place: 0
[39.413s][info][gc,reloc    ] GC(45) Medium Pages: 2 / 64M, Empty: 32M, Relocated: 0M, In-Place: 0
[39.413s][info][gc,reloc    ] GC(45) Large Pages: 4 / 24M, Empty: 24M, Relocated: 0M, In-Place: 0
[39.413s][info][gc,reloc    ] GC(45) Forwarding Usage: 0M
[39.413s][info][gc,heap     ] GC(45) Min Capacity: 2048M(100%)
[39.413s][info][gc,heap     ] GC(45) Max Capacity: 2048M(100%)
[39.413s][info][gc,heap     ] GC(45) Soft Max Capacity: 2048M(100%)
[39.413s][info][gc,heap     ] GC(45)                Mark Start          Mark End        Relocate Start      Relocate End           High               Low         
[39.413s][info][gc,heap     ] GC(45)  Capacity:     2048M (100%)       2048M (100%)       2048M (100%)       2048M (100%)       2048M (100%)       2048M (100%)   
[39.413s][info][gc,heap     ] GC(45)      Free:     1660M (81%)        1650M (81%)        1870M (91%)        1936M (95%)        1936M (95%)        1650M (81%)    
[39.413s][info][gc,heap     ] GC(45)      Used:      388M (19%)         398M (19%)         178M (9%)          112M (5%)          398M (19%)         112M (5%)     
[39.413s][info][gc,heap     ] GC(45)      Live:         -                81M (4%)           81M (4%)           81M (4%)             -                  -          
[39.413s][info][gc,heap     ] GC(45) Allocated:         -                10M (0%)           12M (1%)           11M (1%)             -                  -          
[39.413s][info][gc,heap     ] GC(45)   Garbage:         -               306M (15%)          84M (4%)           18M (1%)             -                  -          
[39.413s][info][gc,heap     ] GC(45) Reclaimed:         -                  -               222M (11%)         287M (14%)            -                  -          
[39.413s][info][gc          ] GC(45) Garbage Collection (System.gc()) 388M(19%)->112M(5%)
[40.118s][info][gc,start    ] GC(46) Garbage Collection (Allocation Rate)
[40.118s][info][gc,stats    ] === Garbage Collection Statistics =======================================================================================================================
[40.118s][info][gc,task     ] GC(46) Using 1 workers
[40.119s][info][gc,stats    ]                                                              Last 10s              Last 10m              Last 10h                Total
[40.119s][info][gc,stats    ]                                                              Avg / Max             Avg / Max             Avg / Max             Avg / Max
[40.119s][info][gc,stats    ]   Collector: Garbage Collection Cycle                    113.937 / 173.044     108.744 / 173.044     108.744 / 173.044     108.744 / 173.044     ms
[40.119s][info][gc,stats    ]  Contention: Mark Segment Reset Contention                     0 / 2                 0 / 3                 0 / 3                 0 / 3           ops/s
[40.119s][info][gc,stats    ]  Contention: Mark SeqNum Reset Contention                      0 / 1                 0 / 1                 0 / 1                 0 / 1           ops/s
[40.119s][info][gc,stats    ]    Critical: Allocation Stall                                  0 / 0                 0 / 0                 0 / 0                 0 / 0           ops/s
[40.119s][info][gc,stats    ]    Critical: Allocation Stall                              0.000 / 0.000         0.000 / 0.000         0.000 / 0.000         0.000 / 0.000       ms
[40.119s][info][gc,phases   ] GC(46) Pause Mark Start 0.006ms
[40.119s][info][gc,stats    ]    Critical: GC Locker Stall                                   0 / 0                 0 / 0                 0 / 0                 0 / 0           ops/s
[40.119s][info][gc,stats    ]    Critical: GC Locker Stall                               0.000 / 0.000         0.000 / 0.000         0.000 / 0.000         0.000 / 0.000       ms
[40.119s][info][gc,stats    ]    Critical: Relocation Stall                                  0 / 0                 0 / 0                 0 / 0                 0 / 0           ops/s
[40.119s][info][gc,stats    ]    Critical: Relocation Stall                              0.000 / 0.000         0.000 / 0.000         0.000 / 0.000         0.000 / 0.000       ms
[40.119s][info][gc,stats    ]      Memory: Allocation Rate                                1744 / 1812            968 / 1812            968 / 1812            968 / 1812        MB/s
[40.119s][info][gc,stats    ]      Memory: Out Of Memory                                     0 / 0                 0 / 0                 0 / 0                 0 / 0           ops/s
[40.119s][info][gc,stats    ]      Memory: Page Cache Flush                                  0 / 0                 0 / 0                 0 / 0                 0 / 0           MB/s
[40.119s][info][gc,stats    ]      Memory: Page Cache Hit L1                               824 / 858             436 / 858             436 / 858             436 / 858         ops/s
[40.119s][info][gc,stats    ]      Memory: Page Cache Hit L2                                 0 / 0                 0 / 0                 0 / 0                 0 / 0           ops/s
[40.119s][info][gc,stats    ]      Memory: Page Cache Hit L3                                 0 / 3                21 / 385              21 / 385              21 / 385         ops/s
[40.119s][info][gc,stats    ]      Memory: Page Cache Miss                                   0 / 0                 0 / 1                 0 / 1                 0 / 1           ops/s
[40.119s][info][gc,stats    ]      Memory: Uncommit                                          0 / 0                 0 / 0                 0 / 0                 0 / 0           MB/s
[40.119s][info][gc,stats    ]      Memory: Undo Object Allocation Failed                     0 / 0                 0 / 0                 0 / 0                 0 / 0           ops/s
[40.119s][info][gc,stats    ]      Memory: Undo Object Allocation Succeeded                229 / 2295             57 / 2295             57 / 2295             57 / 2295        ops/s
[40.119s][info][gc,stats    ]      Memory: Undo Page Allocation                              0 / 0                 0 / 2                 0 / 2                 0 / 2           ops/s
[40.119s][info][gc,stats    ]       Phase: Concurrent Mark                              73.631 / 109.422      71.280 / 109.422      71.280 / 109.422      71.280 / 109.422     ms
[40.119s][info][gc,stats    ]       Phase: Concurrent Mark Continue                      0.000 / 0.000         0.000 / 0.000         0.000 / 0.000         0.000 / 0.000       ms
[40.119s][info][gc,stats    ]       Phase: Concurrent Mark Free                          0.001 / 0.002         0.001 / 0.004         0.001 / 0.004         0.001 / 0.004       ms
[40.119s][info][gc,stats    ]       Phase: Concurrent Process Non-Strong References     31.473 / 51.852       27.668 / 60.857       27.668 / 60.857       27.668 / 60.857      ms
[40.119s][info][gc,stats    ]       Phase: Concurrent Relocate                           5.421 / 19.143        5.530 / 19.143        5.530 / 19.143        5.530 / 19.143      ms
[40.119s][info][gc,stats    ]       Phase: Concurrent Reset Relocation Set               0.005 / 0.010         0.006 / 0.015         0.006 / 0.015         0.006 / 0.015       ms
[40.119s][info][gc,stats    ]       Phase: Concurrent Select Relocation Set              2.175 / 3.251         2.536 / 7.348         2.536 / 7.348         2.536 / 7.348       ms
[40.119s][info][gc,stats    ]       Phase: Pause Mark End                                0.031 / 0.080         0.027 / 0.092         0.027 / 0.092         0.027 / 0.092       ms
[40.119s][info][gc,stats    ]       Phase: Pause Mark Start                              0.007 / 0.010         0.007 / 0.019         0.007 / 0.019         0.007 / 0.019       ms
[40.119s][info][gc,stats    ]       Phase: Pause Relocate Start                          0.009 / 0.013         0.009 / 0.027         0.009 / 0.027         0.009 / 0.027       ms
[40.119s][info][gc,stats    ]    Subphase: Concurrent Classes Purge                      0.793 / 1.301         0.692 / 1.301         0.692 / 1.301         0.692 / 1.301       ms
[40.119s][info][gc,stats    ]    Subphase: Concurrent Classes Unlink                    28.543 / 48.625       24.070 / 48.625       24.070 / 48.625       24.070 / 48.625      ms
[40.119s][info][gc,stats    ]    Subphase: Concurrent Mark                              56.621 / 98.726       54.638 / 98.726       54.638 / 98.726       54.638 / 98.726      ms
[40.119s][info][gc,stats    ]    Subphase: Concurrent Mark Try Flush                     0.224 / 0.618         0.214 / 2.252         0.214 / 2.252         0.214 / 2.252       ms
[40.119s][info][gc,stats    ]    Subphase: Concurrent Mark Try Terminate                 2.300 / 15.822        2.482 / 16.790        2.482 / 16.790        2.482 / 16.790      ms
[40.119s][info][gc,stats    ]    Subphase: Concurrent References Enqueue                 0.005 / 0.008         0.006 / 0.010         0.006 / 0.010         0.006 / 0.010       ms
[40.119s][info][gc,stats    ]    Subphase: Concurrent References Process                 0.547 / 0.943         0.521 / 0.943         0.521 / 0.943         0.521 / 0.943       ms
[40.119s][info][gc,stats    ]    Subphase: Concurrent Roots ClassLoaderDataGraph         0.199 / 0.595         0.176 / 0.595         0.176 / 0.595         0.176 / 0.595       ms
[40.119s][info][gc,stats    ]    Subphase: Concurrent Roots CodeCache                    0.000 / 0.000         0.000 / 0.000         0.000 / 0.000         0.000 / 0.000       ms
[40.119s][info][gc,stats    ]    Subphase: Concurrent Roots JavaThreads                  6.445 / 10.667        7.206 / 15.550        7.206 / 15.550        7.206 / 15.550      ms
[40.119s][info][gc,stats    ]    Subphase: Concurrent Roots OopStorageSet                0.051 / 0.109         0.049 / 0.109         0.049 / 0.109         0.049 / 0.109       ms
[40.119s][info][gc,stats    ]    Subphase: Concurrent Weak Roots OopStorageSet           1.134 / 1.725         1.099 / 1.783         1.099 / 1.783         1.099 / 1.783       ms
[40.119s][info][gc,stats    ]    Subphase: Pause Mark Try Complete                       0.002 / 0.003         0.002 / 0.003         0.002 / 0.003         0.002 / 0.003       ms
[40.119s][info][gc,stats    ]      System: Java Threads                                    281 / 282             239 / 282             239 / 282             239 / 282         threads
[40.119s][info][gc,stats    ] =========================================================================================================================================================
[40.212s][info][gc,phases   ] GC(46) Concurrent Mark 92.116ms
[40.212s][info][gc,phases   ] GC(46) Pause Mark End 0.017ms
[40.212s][info][gc,phases   ] GC(46) Concurrent Mark Free 0.001ms
[40.262s][info][gc,phases   ] GC(46) Concurrent Process Non-Strong References 50.281ms
[40.262s][info][gc,phases   ] GC(46) Concurrent Reset Relocation Set 0.003ms
[40.265s][info][gc,phases   ] GC(46) Concurrent Select Relocation Set 2.383ms
[40.265s][info][gc,phases   ] GC(46) Pause Relocate Start 0.010ms
[40.282s][info][gc,phases   ] GC(46) Concurrent Relocate 16.352ms
[40.283s][info][gc,load     ] GC(46) Load: 0.00/0.00/0.00
[40.283s][info][gc,mmu      ] GC(46) MMU: 2ms/95.4%, 5ms/98.2%, 10ms/99.0%, 20ms/99.5%, 50ms/99.8%, 100ms/99.9%
[40.283s][info][gc,marking  ] GC(46) Mark: 1 stripe(s), 2 proactive flush(es), 1 terminate flush(es), 0 completion(s), 0 continuation(s) 
[40.283s][info][gc,marking  ] GC(46) Mark Stack Usage: 32M
[40.283s][info][gc,nmethod  ] GC(46) NMethods: 18469 registered, 2893 unregistered
[40.283s][info][gc,metaspace] GC(46) Metaspace: 131M used, 133M committed, 1152M reserved
[40.283s][info][gc,ref      ] GC(46) Soft: 8846 encountered, 0 discovered, 0 enqueued
[40.283s][info][gc,ref      ] GC(46) Weak: 16291 encountered, 4029 discovered, 944 enqueued
[40.283s][info][gc,ref      ] GC(46) Final: 53 encountered, 0 discovered, 0 enqueued
[40.283s][info][gc,ref      ] GC(46) Phantom: 589 encountered, 355 discovered, 0 enqueued
[40.283s][info][gc,reloc    ] GC(46) Small Pages: 747 / 1494M, Empty: 1064M, Relocated: 22M, In-Place: 0
[40.283s][info][gc,reloc    ] GC(46) Medium Pages: 2 / 64M, Empty: 0M, Relocated: 22M, In-Place: 0
[40.283s][info][gc,reloc    ] GC(46) Large Pages: 10 / 60M, Empty: 60M, Relocated: 0M, In-Place: 0
[40.283s][info][gc,reloc    ] GC(46) Forwarding Usage: 2M
[40.283s][info][gc,heap     ] GC(46) Min Capacity: 2048M(100%)
[40.283s][info][gc,heap     ] GC(46) Max Capacity: 2048M(100%)
[40.283s][info][gc,heap     ] GC(46) Soft Max Capacity: 2048M(100%)
[40.283s][info][gc,heap     ] GC(46)                Mark Start          Mark End        Relocate Start      Relocate End           High               Low         
[40.283s][info][gc,heap     ] GC(46)  Capacity:     2048M (100%)       2048M (100%)       2048M (100%)       2048M (100%)       2048M (100%)       2048M (100%)   
[40.283s][info][gc,heap     ] GC(46)      Free:      430M (21%)         280M (14%)        1350M (66%)        1704M (83%)        1704M (83%)         226M (11%)    
[40.283s][info][gc,heap     ] GC(46)      Used:     1618M (79%)        1768M (86%)         698M (34%)         344M (17%)        1822M (89%)         344M (17%)    
[40.283s][info][gc,heap     ] GC(46)      Live:         -               101M (5%)          101M (5%)          101M (5%)             -                  -          
[40.283s][info][gc,heap     ] GC(46) Allocated:         -               150M (7%)          204M (10%)         226M (11%)            -                  -          
[40.283s][info][gc,heap     ] GC(46)   Garbage:         -              1516M (74%)         392M (19%)          16M (1%)             -                  -          
[40.283s][info][gc,heap     ] GC(46) Reclaimed:         -                  -              1124M (55%)        1500M (73%)            -                  -          
[40.283s][info][gc          ] GC(46) Garbage Collection (Allocation Rate) 1618M(79%)->344M(17%)
[40.327s][info][gc,start    ] GC(47) Garbage Collection (System.gc())
[40.327s][info][gc,task     ] GC(47) Using 2 workers
[40.327s][info][gc,phases   ] GC(47) Pause Mark Start 0.007ms
[40.373s][info][gc,phases   ] GC(47) Concurrent Mark 45.995ms
[40.373s][info][gc,phases   ] GC(47) Pause Mark End 0.017ms
[40.374s][info][gc,phases   ] GC(47) Concurrent Mark Free 0.001ms
[40.391s][info][gc,phases   ] GC(47) Concurrent Process Non-Strong References 17.008ms
[40.391s][info][gc,phases   ] GC(47) Concurrent Reset Relocation Set 0.010ms
[40.393s][info][gc,phases   ] GC(47) Concurrent Select Relocation Set 1.967ms
[40.393s][info][gc,phases   ] GC(47) Pause Relocate Start 0.007ms
[40.394s][info][gc,phases   ] GC(47) Concurrent Relocate 0.827ms
[40.394s][info][gc,load     ] GC(47) Load: 0.00/0.00/0.00
[40.394s][info][gc,mmu      ] GC(47) MMU: 2ms/95.4%, 5ms/98.2%, 10ms/99.0%, 20ms/99.5%, 50ms/99.8%, 100ms/99.9%
[40.394s][info][gc,marking  ] GC(47) Mark: 2 stripe(s), 1 proactive flush(es), 1 terminate flush(es), 0 completion(s), 0 continuation(s) 
[40.394s][info][gc,marking  ] GC(47) Mark Stack Usage: 32M
[40.394s][info][gc,nmethod  ] GC(47) NMethods: 18449 registered, 2920 unregistered
[40.394s][info][gc,metaspace] GC(47) Metaspace: 131M used, 133M committed, 1152M reserved
[40.394s][info][gc,ref      ] GC(47) Soft: 8841 encountered, 0 discovered, 0 enqueued
[40.394s][info][gc,ref      ] GC(47) Weak: 15562 encountered, 3448 discovered, 366 enqueued
[40.394s][info][gc,ref      ] GC(47) Final: 53 encountered, 0 discovered, 0 enqueued
[40.394s][info][gc,ref      ] GC(47) Phantom: 589 encountered, 412 discovered, 0 enqueued
[40.394s][info][gc,reloc    ] GC(47) Small Pages: 140 / 280M, Empty: 154M, Relocated: 1M, In-Place: 0
[40.394s][info][gc,reloc    ] GC(47) Medium Pages: 2 / 64M, Empty: 32M, Relocated: 0M, In-Place: 0
[40.394s][info][gc,reloc    ] GC(47) Large Pages: 4 / 24M, Empty: 24M, Relocated: 0M, In-Place: 0
[40.394s][info][gc,reloc    ] GC(47) Forwarding Usage: 0M
[40.394s][info][gc,heap     ] GC(47) Min Capacity: 2048M(100%)
[40.394s][info][gc,heap     ] GC(47) Max Capacity: 2048M(100%)
[40.394s][info][gc,heap     ] GC(47) Soft Max Capacity: 2048M(100%)
[40.394s][info][gc,heap     ] GC(47)                Mark Start          Mark End        Relocate Start      Relocate End           High               Low         
[40.394s][info][gc,heap     ] GC(47)  Capacity:     2048M (100%)       2048M (100%)       2048M (100%)       2048M (100%)       2048M (100%)       2048M (100%)   
[40.394s][info][gc,heap     ] GC(47)      Free:     1680M (82%)        1680M (82%)        1878M (92%)        1934M (94%)        1934M (94%)        1678M (82%)    
[40.394s][info][gc,heap     ] GC(47)      Used:      368M (18%)         368M (18%)         170M (8%)          114M (6%)          370M (18%)         114M (6%)     
[40.394s][info][gc,heap     ] GC(47)      Live:         -                80M (4%)           80M (4%)           80M (4%)             -                  -          
[40.394s][info][gc,heap     ] GC(47) Allocated:         -                 0M (0%)           12M (1%)           13M (1%)             -                  -          
[40.394s][info][gc,heap     ] GC(47)   Garbage:         -               287M (14%)          77M (4%)           19M (1%)             -                  -          
[40.394s][info][gc,heap     ] GC(47) Reclaimed:         -                  -               210M (10%)         267M (13%)            -                  -          
[40.394s][info][gc          ] GC(47) Garbage Collection (System.gc()) 368M(18%)->114M(6%)
[41.121s][info][gc,start    ] GC(48) Garbage Collection (Allocation Rate)
[41.122s][info][gc,task     ] GC(48) Using 1 workers
[41.122s][info][gc,phases   ] GC(48) Pause Mark Start 0.005ms
[41.224s][info][gc,phases   ] GC(48) Concurrent Mark 102.113ms
[41.224s][info][gc,phases   ] GC(48) Pause Mark End 0.016ms
[41.224s][info][gc,phases   ] GC(48) Concurrent Mark Free 0.001ms
[41.274s][info][gc,phases   ] GC(48) Concurrent Process Non-Strong References 49.348ms
[41.274s][info][gc,phases   ] GC(48) Concurrent Reset Relocation Set 0.003ms
[41.276s][info][gc,phases   ] GC(48) Concurrent Select Relocation Set 2.579ms
[41.276s][info][gc,phases   ] GC(48) Pause Relocate Start 0.007ms
[41.289s][info][gc,phases   ] GC(48) Concurrent Relocate 11.830ms
[41.289s][info][gc,load     ] GC(48) Load: 0.00/0.00/0.00
[41.289s][info][gc,mmu      ] GC(48) MMU: 2ms/95.4%, 5ms/98.2%, 10ms/99.0%, 20ms/99.5%, 50ms/99.8%, 100ms/99.9%
[41.289s][info][gc,marking  ] GC(48) Mark: 1 stripe(s), 2 proactive flush(es), 1 terminate flush(es), 0 completion(s), 0 continuation(s) 
[41.289s][info][gc,marking  ] GC(48) Mark Stack Usage: 32M
[41.289s][info][gc,nmethod  ] GC(48) NMethods: 18735 registered, 2920 unregistered
[41.289s][info][gc,metaspace] GC(48) Metaspace: 131M used, 133M committed, 1152M reserved
[41.289s][info][gc,ref      ] GC(48) Soft: 8844 encountered, 0 discovered, 0 enqueued
[41.289s][info][gc,ref      ] GC(48) Weak: 16261 encountered, 4000 discovered, 931 enqueued
[41.289s][info][gc,ref      ] GC(48) Final: 53 encountered, 0 discovered, 0 enqueued
[41.289s][info][gc,ref      ] GC(48) Phantom: 589 encountered, 355 discovered, 0 enqueued
[41.289s][info][gc,reloc    ] GC(48) Small Pages: 739 / 1478M, Empty: 1060M, Relocated: 20M, In-Place: 0
[41.289s][info][gc,reloc    ] GC(48) Medium Pages: 2 / 64M, Empty: 32M, Relocated: 0M, In-Place: 0
[41.289s][info][gc,reloc    ] GC(48) Large Pages: 10 / 60M, Empty: 60M, Relocated: 0M, In-Place: 0
[41.289s][info][gc,reloc    ] GC(48) Forwarding Usage: 2M
[41.289s][info][gc,heap     ] GC(48) Min Capacity: 2048M(100%)
[41.289s][info][gc,heap     ] GC(48) Max Capacity: 2048M(100%)
[41.289s][info][gc,heap     ] GC(48) Soft Max Capacity: 2048M(100%)
[41.289s][info][gc,heap     ] GC(48)                Mark Start          Mark End        Relocate Start      Relocate End           High               Low         
[41.289s][info][gc,heap     ] GC(48)  Capacity:     2048M (100%)       2048M (100%)       2048M (100%)       2048M (100%)       2048M (100%)       2048M (100%)   
[41.289s][info][gc,heap     ] GC(48)      Free:      446M (22%)         278M (14%)        1376M (67%)        1698M (83%)        1698M (83%)         224M (11%)    
[41.289s][info][gc,heap     ] GC(48)      Used:     1602M (78%)        1770M (86%)         672M (33%)         350M (17%)        1824M (89%)         350M (17%)    
[41.289s][info][gc,heap     ] GC(48)      Live:         -                99M (5%)           99M (5%)           99M (5%)             -                  -          
[41.289s][info][gc,heap     ] GC(48) Allocated:         -               168M (8%)          222M (11%)         233M (11%)            -                  -          
[41.289s][info][gc,heap     ] GC(48)   Garbage:         -              1502M (73%)         350M (17%)          17M (1%)             -                  -          
[41.289s][info][gc,heap     ] GC(48) Reclaimed:         -                  -              1152M (56%)        1485M (73%)            -                  -          
[41.289s][info][gc          ] GC(48) Garbage Collection (Allocation Rate) 1602M(78%)->350M(17%)
[41.339s][info][gc,start    ] GC(49) Garbage Collection (System.gc())
[41.339s][info][gc,task     ] GC(49) Using 2 workers
[41.339s][info][gc,phases   ] GC(49) Pause Mark Start 0.006ms
[41.386s][info][gc,phases   ] GC(49) Concurrent Mark 46.972ms
[41.386s][info][gc,phases   ] GC(49) Pause Mark End 0.051ms
[41.386s][info][gc,phases   ] GC(49) Concurrent Mark Free 0.002ms
[41.403s][info][gc,phases   ] GC(49) Concurrent Process Non-Strong References 17.102ms
[41.403s][info][gc,phases   ] GC(49) Concurrent Reset Relocation Set 0.009ms
[41.405s][info][gc,phases   ] GC(49) Concurrent Select Relocation Set 1.821ms
[41.405s][info][gc,phases   ] GC(49) Pause Relocate Start 0.007ms
[41.406s][info][gc,phases   ] GC(49) Concurrent Relocate 0.618ms
[41.406s][info][gc,load     ] GC(49) Load: 0.00/0.00/0.00
[41.406s][info][gc,mmu      ] GC(49) MMU: 2ms/95.4%, 5ms/98.2%, 10ms/99.0%, 20ms/99.5%, 50ms/99.8%, 100ms/99.9%
[41.406s][info][gc,marking  ] GC(49) Mark: 2 stripe(s), 2 proactive flush(es), 1 terminate flush(es), 0 completion(s), 0 continuation(s) 
[41.406s][info][gc,marking  ] GC(49) Mark Stack Usage: 32M
[41.406s][info][gc,nmethod  ] GC(49) NMethods: 18766 registered, 2920 unregistered
[41.406s][info][gc,metaspace] GC(49) Metaspace: 131M used, 133M committed, 1152M reserved
[41.406s][info][gc,ref      ] GC(49) Soft: 8841 encountered, 0 discovered, 0 enqueued
[41.406s][info][gc,ref      ] GC(49) Weak: 15543 encountered, 4085 discovered, 357 enqueued
[41.406s][info][gc,ref      ] GC(49) Final: 53 encountered, 0 discovered, 0 enqueued
[41.406s][info][gc,ref      ] GC(49) Phantom: 589 encountered, 409 discovered, 0 enqueued
[41.406s][info][gc,reloc    ] GC(49) Small Pages: 148 / 296M, Empty: 164M, Relocated: 1M, In-Place: 0
[41.406s][info][gc,reloc    ] GC(49) Medium Pages: 2 / 64M, Empty: 32M, Relocated: 0M, In-Place: 0
[41.406s][info][gc,reloc    ] GC(49) Large Pages: 4 / 24M, Empty: 24M, Relocated: 0M, In-Place: 0
[41.406s][info][gc,reloc    ] GC(49) Forwarding Usage: 0M
[41.406s][info][gc,heap     ] GC(49) Min Capacity: 2048M(100%)
[41.406s][info][gc,heap     ] GC(49) Max Capacity: 2048M(100%)
[41.406s][info][gc,heap     ] GC(49) Soft Max Capacity: 2048M(100%)
[41.406s][info][gc,heap     ] GC(49)                Mark Start          Mark End        Relocate Start      Relocate End           High               Low         
[41.406s][info][gc,heap     ] GC(49)  Capacity:     2048M (100%)       2048M (100%)       2048M (100%)       2048M (100%)       2048M (100%)       2048M (100%)   
[41.406s][info][gc,heap     ] GC(49)      Free:     1664M (81%)        1664M (81%)        1872M (91%)        1936M (95%)        1936M (95%)        1662M (81%)    
[41.406s][info][gc,heap     ] GC(49)      Used:      384M (19%)         384M (19%)         176M (9%)          112M (5%)          386M (19%)         112M (5%)     
[41.406s][info][gc,heap     ] GC(49)      Live:         -                80M (4%)           80M (4%)           80M (4%)             -                  -          
[41.406s][info][gc,heap     ] GC(49) Allocated:         -                 0M (0%)           12M (1%)           11M (1%)             -                  -          
[41.406s][info][gc,heap     ] GC(49)   Garbage:         -               303M (15%)          83M (4%)           19M (1%)             -                  -          
[41.406s][info][gc,heap     ] GC(49) Reclaimed:         -                  -               220M (11%)         283M (14%)            -                  -          
[41.406s][info][gc          ] GC(49) Garbage Collection (System.gc()) 384M(19%)->112M(5%)
[42.124s][info][gc,start    ] GC(50) Garbage Collection (Allocation Rate)
[42.124s][info][gc,task     ] GC(50) Using 1 workers
[42.124s][info][gc,phases   ] GC(50) Pause Mark Start 0.007ms
[42.220s][info][gc,phases   ] GC(50) Concurrent Mark 95.477ms
[42.220s][info][gc,phases   ] GC(50) Pause Mark End 0.015ms
[42.220s][info][gc,phases   ] GC(50) Concurrent Mark Free 0.001ms
[42.275s][info][gc,phases   ] GC(50) Concurrent Process Non-Strong References 54.605ms
[42.275s][info][gc,phases   ] GC(50) Concurrent Reset Relocation Set 0.003ms
[42.278s][info][gc,phases   ] GC(50) Concurrent Select Relocation Set 2.742ms
[42.278s][info][gc,phases   ] GC(50) Pause Relocate Start 0.012ms
[42.291s][info][gc,phases   ] GC(50) Concurrent Relocate 12.807ms
[42.291s][info][gc,load     ] GC(50) Load: 0.00/0.00/0.00
[42.291s][info][gc,mmu      ] GC(50) MMU: 2ms/95.4%, 5ms/98.2%, 10ms/99.0%, 20ms/99.5%, 50ms/99.8%, 100ms/99.9%
[42.291s][info][gc,marking  ] GC(50) Mark: 1 stripe(s), 2 proactive flush(es), 1 terminate flush(es), 0 completion(s), 0 continuation(s) 
[42.291s][info][gc,marking  ] GC(50) Mark Stack Usage: 32M
[42.291s][info][gc,nmethod  ] GC(50) NMethods: 18916 registered, 2920 unregistered
[42.291s][info][gc,metaspace] GC(50) Metaspace: 131M used, 133M committed, 1152M reserved
[42.291s][info][gc,ref      ] GC(50) Soft: 8844 encountered, 0 discovered, 0 enqueued
[42.291s][info][gc,ref      ] GC(50) Weak: 16289 encountered, 4018 discovered, 943 enqueued
[42.291s][info][gc,ref      ] GC(50) Final: 53 encountered, 0 discovered, 0 enqueued
[42.291s][info][gc,ref      ] GC(50) Phantom: 589 encountered, 355 discovered, 0 enqueued
[42.291s][info][gc,reloc    ] GC(50) Small Pages: 753 / 1506M, Empty: 1064M, Relocated: 24M, In-Place: 0
[42.291s][info][gc,reloc    ] GC(50) Medium Pages: 2 / 64M, Empty: 32M, Relocated: 0M, In-Place: 0
[42.291s][info][gc,reloc    ] GC(50) Large Pages: 10 / 60M, Empty: 60M, Relocated: 0M, In-Place: 0
[42.291s][info][gc,reloc    ] GC(50) Forwarding Usage: 2M
[42.291s][info][gc,heap     ] GC(50) Min Capacity: 2048M(100%)
[42.291s][info][gc,heap     ] GC(50) Max Capacity: 2048M(100%)
[42.291s][info][gc,heap     ] GC(50) Soft Max Capacity: 2048M(100%)
[42.291s][info][gc,heap     ] GC(50)                Mark Start          Mark End        Relocate Start      Relocate End           High               Low         
[42.291s][info][gc,heap     ] GC(50)  Capacity:     2048M (100%)       2048M (100%)       2048M (100%)       2048M (100%)       2048M (100%)       2048M (100%)   
[42.291s][info][gc,heap     ] GC(50)      Free:      418M (20%)         280M (14%)        1378M (67%)        1718M (84%)        1718M (84%)         222M (11%)    
[42.291s][info][gc,heap     ] GC(50)      Used:     1630M (80%)        1768M (86%)         670M (33%)         330M (16%)        1826M (89%)         330M (16%)    
[42.291s][info][gc,heap     ] GC(50)      Live:         -               102M (5%)          102M (5%)          102M (5%)             -                  -          
[42.291s][info][gc,heap     ] GC(50) Allocated:         -               138M (7%)          196M (10%)         211M (10%)            -                  -          
[42.291s][info][gc,heap     ] GC(50)   Garbage:         -              1527M (75%)         371M (18%)          15M (1%)             -                  -          
[42.291s][info][gc,heap     ] GC(50) Reclaimed:         -                  -              1156M (56%)        1511M (74%)            -                  -          
[42.291s][info][gc          ] GC(50) Garbage Collection (Allocation Rate) 1630M(80%)->330M(16%)
[42.325s][info][gc,start    ] GC(51) Garbage Collection (System.gc())
[42.325s][info][gc,task     ] GC(51) Using 2 workers
[42.325s][info][gc,phases   ] GC(51) Pause Mark Start 0.007ms
[42.371s][info][gc,phases   ] GC(51) Concurrent Mark 46.724ms
[42.372s][info][gc,phases   ] GC(51) Pause Mark End 0.023ms
[42.372s][info][gc,phases   ] GC(51) Concurrent Mark Free 0.002ms
[42.390s][info][gc,phases   ] GC(51) Concurrent Process Non-Strong References 18.122ms
[42.390s][info][gc,phases   ] GC(51) Concurrent Reset Relocation Set 0.008ms
[42.392s][info][gc,phases   ] GC(51) Concurrent Select Relocation Set 1.556ms
[42.392s][info][gc,phases   ] GC(51) Pause Relocate Start 0.008ms
[42.392s][info][gc,phases   ] GC(51) Concurrent Relocate 0.449ms
[42.392s][info][gc,load     ] GC(51) Load: 0.00/0.00/0.00
[42.392s][info][gc,mmu      ] GC(51) MMU: 2ms/95.4%, 5ms/98.2%, 10ms/99.0%, 20ms/99.5%, 50ms/99.8%, 100ms/99.9%
[42.392s][info][gc,marking  ] GC(51) Mark: 2 stripe(s), 2 proactive flush(es), 1 terminate flush(es), 0 completion(s), 0 continuation(s) 
[42.392s][info][gc,marking  ] GC(51) Mark Stack Usage: 32M
[42.392s][info][gc,nmethod  ] GC(51) NMethods: 18922 registered, 2920 unregistered
[42.392s][info][gc,metaspace] GC(51) Metaspace: 131M used, 133M committed, 1152M reserved
[42.392s][info][gc,ref      ] GC(51) Soft: 8841 encountered, 0 discovered, 0 enqueued
[42.392s][info][gc,ref      ] GC(51) Weak: 15569 encountered, 3510 discovered, 366 enqueued
[42.392s][info][gc,ref      ] GC(51) Final: 53 encountered, 0 discovered, 0 enqueued
[42.392s][info][gc,ref      ] GC(51) Phantom: 589 encountered, 406 discovered, 0 enqueued
[42.392s][info][gc,reloc    ] GC(51) Small Pages: 131 / 262M, Empty: 128M, Relocated: 0M, In-Place: 0
[42.392s][info][gc,reloc    ] GC(51) Medium Pages: 2 / 64M, Empty: 32M, Relocated: 0M, In-Place: 0
[42.392s][info][gc,reloc    ] GC(51) Large Pages: 4 / 24M, Empty: 24M, Relocated: 0M, In-Place: 0
[42.392s][info][gc,reloc    ] GC(51) Forwarding Usage: 0M
[42.392s][info][gc,heap     ] GC(51) Min Capacity: 2048M(100%)
[42.392s][info][gc,heap     ] GC(51) Max Capacity: 2048M(100%)
[42.392s][info][gc,heap     ] GC(51) Soft Max Capacity: 2048M(100%)
[42.392s][info][gc,heap     ] GC(51)                Mark Start          Mark End        Relocate Start      Relocate End           High               Low         
[42.392s][info][gc,heap     ] GC(51)  Capacity:     2048M (100%)       2048M (100%)       2048M (100%)       2048M (100%)       2048M (100%)       2048M (100%)   
[42.392s][info][gc,heap     ] GC(51)      Free:     1698M (83%)        1686M (82%)        1870M (91%)        1936M (95%)        1936M (95%)        1686M (82%)    
[42.392s][info][gc,heap     ] GC(51)      Used:      350M (17%)         362M (18%)         178M (9%)          112M (5%)          362M (18%)         112M (5%)     
[42.392s][info][gc,heap     ] GC(51)      Live:         -                80M (4%)           80M (4%)           80M (4%)             -                  -          
[42.392s][info][gc,heap     ] GC(51) Allocated:         -                12M (1%)           12M (1%)           11M (1%)             -                  -          
[42.392s][info][gc,heap     ] GC(51)   Garbage:         -               269M (13%)          85M (4%)           19M (1%)             -                  -          
[42.392s][info][gc,heap     ] GC(51) Reclaimed:         -                  -               184M (9%)          249M (12%)            -                  -          
[42.392s][info][gc          ] GC(51) Garbage Collection (System.gc()) 350M(17%)->112M(5%)
[43.116s][info][gc,start    ] GC(52) Garbage Collection (Allocation Rate)
[43.116s][info][gc,task     ] GC(52) Using 1 workers
[43.116s][info][gc,phases   ] GC(52) Pause Mark Start 0.007ms
[43.210s][info][gc,phases   ] GC(52) Concurrent Mark 93.995ms
[43.210s][info][gc,phases   ] GC(52) Pause Mark End 0.015ms
[43.210s][info][gc,phases   ] GC(52) Concurrent Mark Free 0.001ms
[43.264s][info][gc,phases   ] GC(52) Concurrent Process Non-Strong References 53.773ms
[43.264s][info][gc,phases   ] GC(52) Concurrent Reset Relocation Set 0.003ms
[43.267s][info][gc,phases   ] GC(52) Concurrent Select Relocation Set 2.765ms
[43.267s][info][gc,phases   ] GC(52) Pause Relocate Start 0.010ms
[43.279s][info][gc,phases   ] GC(52) Concurrent Relocate 11.873ms
[43.279s][info][gc,load     ] GC(52) Load: 0.00/0.00/0.00
[43.279s][info][gc,mmu      ] GC(52) MMU: 2ms/95.4%, 5ms/98.2%, 10ms/99.0%, 20ms/99.5%, 50ms/99.8%, 100ms/99.9%
[43.279s][info][gc,marking  ] GC(52) Mark: 1 stripe(s), 2 proactive flush(es), 1 terminate flush(es), 0 completion(s), 0 continuation(s) 
[43.279s][info][gc,marking  ] GC(52) Mark Stack Usage: 32M
[43.279s][info][gc,nmethod  ] GC(52) NMethods: 19087 registered, 2920 unregistered
[43.279s][info][gc,metaspace] GC(52) Metaspace: 132M used, 133M committed, 1152M reserved
[43.279s][info][gc,ref      ] GC(52) Soft: 8844 encountered, 0 discovered, 0 enqueued
[43.279s][info][gc,ref      ] GC(52) Weak: 16276 encountered, 3997 discovered, 935 enqueued
[43.279s][info][gc,ref      ] GC(52) Final: 53 encountered, 0 discovered, 0 enqueued
[43.279s][info][gc,ref      ] GC(52) Phantom: 589 encountered, 355 discovered, 0 enqueued
[43.279s][info][gc,reloc    ] GC(52) Small Pages: 759 / 1518M, Empty: 1068M, Relocated: 24M, In-Place: 0
[43.279s][info][gc,reloc    ] GC(52) Medium Pages: 2 / 64M, Empty: 32M, Relocated: 0M, In-Place: 0
[43.279s][info][gc,reloc    ] GC(52) Large Pages: 10 / 60M, Empty: 60M, Relocated: 0M, In-Place: 0
[43.279s][info][gc,reloc    ] GC(52) Forwarding Usage: 2M
[43.280s][info][gc,heap     ] GC(52) Min Capacity: 2048M(100%)
[43.280s][info][gc,heap     ] GC(52) Max Capacity: 2048M(100%)
[43.280s][info][gc,heap     ] GC(52) Soft Max Capacity: 2048M(100%)
[43.280s][info][gc,heap     ] GC(52)                Mark Start          Mark End        Relocate Start      Relocate End           High               Low         
[43.280s][info][gc,heap     ] GC(52)  Capacity:     2048M (100%)       2048M (100%)       2048M (100%)       2048M (100%)       2048M (100%)       2048M (100%)   
[43.280s][info][gc,heap     ] GC(52)      Free:      406M (20%)         276M (13%)        1374M (67%)        1728M (84%)        1728M (84%)         216M (11%)    
[43.280s][info][gc,heap     ] GC(52)      Used:     1642M (80%)        1772M (87%)         674M (33%)         320M (16%)        1832M (89%)         320M (16%)    
[43.280s][info][gc,heap     ] GC(52)      Live:         -               102M (5%)          102M (5%)          102M (5%)             -                  -          
[43.280s][info][gc,heap     ] GC(52) Allocated:         -               130M (6%)          192M (9%)          201M (10%)            -                  -          
[43.280s][info][gc,heap     ] GC(52)   Garbage:         -              1539M (75%)         379M (19%)          15M (1%)             -                  -          
[43.280s][info][gc,heap     ] GC(52) Reclaimed:         -                  -              1160M (57%)        1523M (74%)            -                  -          
[43.280s][info][gc          ] GC(52) Garbage Collection (Allocation Rate) 1642M(80%)->320M(16%)
[43.316s][info][gc,start    ] GC(53) Garbage Collection (System.gc())
[43.316s][info][gc,task     ] GC(53) Using 2 workers
[43.316s][info][gc,phases   ] GC(53) Pause Mark Start 0.006ms
[43.363s][info][gc,phases   ] GC(53) Concurrent Mark 46.882ms
[43.363s][info][gc,phases   ] GC(53) Pause Mark End 0.050ms
[43.363s][info][gc,phases   ] GC(53) Concurrent Mark Free 0.003ms
[43.382s][info][gc,phases   ] GC(53) Concurrent Process Non-Strong References 18.548ms
[43.382s][info][gc,phases   ] GC(53) Concurrent Reset Relocation Set 0.010ms
[43.384s][info][gc,phases   ] GC(53) Concurrent Select Relocation Set 2.086ms
[43.384s][info][gc,phases   ] GC(53) Pause Relocate Start 0.008ms
[43.385s][info][gc,phases   ] GC(53) Concurrent Relocate 0.496ms
[43.385s][info][gc,load     ] GC(53) Load: 0.00/0.00/0.00
[43.385s][info][gc,mmu      ] GC(53) MMU: 2ms/95.4%, 5ms/98.2%, 10ms/99.0%, 20ms/99.5%, 50ms/99.8%, 100ms/99.9%
[43.385s][info][gc,marking  ] GC(53) Mark: 2 stripe(s), 1 proactive flush(es), 1 terminate flush(es), 0 completion(s), 0 continuation(s) 
[43.385s][info][gc,marking  ] GC(53) Mark Stack Usage: 32M
[43.385s][info][gc,nmethod  ] GC(53) NMethods: 19088 registered, 2920 unregistered
[43.385s][info][gc,metaspace] GC(53) Metaspace: 132M used, 133M committed, 1152M reserved
[43.385s][info][gc,ref      ] GC(53) Soft: 8842 encountered, 0 discovered, 0 enqueued
[43.385s][info][gc,ref      ] GC(53) Weak: 15549 encountered, 4971 discovered, 354 enqueued
[43.385s][info][gc,ref      ] GC(53) Final: 53 encountered, 29 discovered, 0 enqueued
[43.385s][info][gc,ref      ] GC(53) Phantom: 589 encountered, 409 discovered, 0 enqueued
[43.385s][info][gc,reloc    ] GC(53) Small Pages: 129 / 258M, Empty: 126M, Relocated: 0M, In-Place: 0
[43.385s][info][gc,reloc    ] GC(53) Medium Pages: 2 / 64M, Empty: 32M, Relocated: 0M, In-Place: 0
[43.385s][info][gc,reloc    ] GC(53) Large Pages: 4 / 24M, Empty: 24M, Relocated: 0M, In-Place: 0
[43.385s][info][gc,reloc    ] GC(53) Forwarding Usage: 0M
[43.385s][info][gc,heap     ] GC(53) Min Capacity: 2048M(100%)
[43.385s][info][gc,heap     ] GC(53) Max Capacity: 2048M(100%)
[43.385s][info][gc,heap     ] GC(53) Soft Max Capacity: 2048M(100%)
[43.385s][info][gc,heap     ] GC(53)                Mark Start          Mark End        Relocate Start      Relocate End           High               Low         
[43.385s][info][gc,heap     ] GC(53)  Capacity:     2048M (100%)       2048M (100%)       2048M (100%)       2048M (100%)       2048M (100%)       2048M (100%)   
[43.385s][info][gc,heap     ] GC(53)      Free:     1702M (83%)        1702M (83%)        1874M (92%)        1938M (95%)        1938M (95%)        1700M (83%)    
[43.385s][info][gc,heap     ] GC(53)      Used:      346M (17%)         346M (17%)         174M (8%)          110M (5%)          348M (17%)         110M (5%)     
[43.385s][info][gc,heap     ] GC(53)      Live:         -                81M (4%)           81M (4%)           81M (4%)             -                  -          
[43.385s][info][gc,heap     ] GC(53) Allocated:         -                 0M (0%)           10M (0%)            9M (0%)             -                  -          
[43.385s][info][gc,heap     ] GC(53)   Garbage:         -               264M (13%)          82M (4%)           18M (1%)             -                  -          
[43.385s][info][gc,heap     ] GC(53) Reclaimed:         -                  -               182M (9%)          245M (12%)            -                  -          
[43.385s][info][gc          ] GC(53) Garbage Collection (System.gc()) 346M(17%)->110M(5%)
[44.114s][info][gc,start    ] GC(54) Garbage Collection (Allocation Rate)
[44.114s][info][gc,task     ] GC(54) Using 2 workers
[44.114s][info][gc,phases   ] GC(54) Pause Mark Start 0.010ms
[44.176s][info][gc,phases   ] GC(54) Concurrent Mark 62.063ms
[44.176s][info][gc,phases   ] GC(54) Pause Mark End 0.096ms
[44.176s][info][gc,phases   ] GC(54) Concurrent Mark Free 0.001ms
[44.210s][info][gc,phases   ] GC(54) Concurrent Process Non-Strong References 33.928ms
[44.211s][info][gc,phases   ] GC(54) Concurrent Reset Relocation Set 0.002ms
[44.213s][info][gc,phases   ] GC(54) Concurrent Select Relocation Set 2.413ms
[44.213s][info][gc,phases   ] GC(54) Pause Relocate Start 0.010ms
[44.222s][info][gc,phases   ] GC(54) Concurrent Relocate 8.895ms
[44.222s][info][gc,load     ] GC(54) Load: 0.00/0.00/0.00
[44.222s][info][gc,mmu      ] GC(54) MMU: 2ms/95.2%, 5ms/98.1%, 10ms/99.0%, 20ms/99.5%, 50ms/99.8%, 100ms/99.9%
[44.222s][info][gc,marking  ] GC(54) Mark: 2 stripe(s), 2 proactive flush(es), 1 terminate flush(es), 1 completion(s), 0 continuation(s) 
[44.222s][info][gc,marking  ] GC(54) Mark Stack Usage: 32M
[44.222s][info][gc,nmethod  ] GC(54) NMethods: 19180 registered, 2920 unregistered
[44.222s][info][gc,metaspace] GC(54) Metaspace: 132M used, 133M committed, 1152M reserved
[44.222s][info][gc,ref      ] GC(54) Soft: 8844 encountered, 0 discovered, 0 enqueued
[44.222s][info][gc,ref      ] GC(54) Weak: 16309 encountered, 4948 discovered, 950 enqueued
[44.222s][info][gc,ref      ] GC(54) Final: 53 encountered, 0 discovered, 0 enqueued
[44.222s][info][gc,ref      ] GC(54) Phantom: 589 encountered, 414 discovered, 0 enqueued
[44.222s][info][gc,reloc    ] GC(54) Small Pages: 770 / 1540M, Empty: 1056M, Relocated: 25M, In-Place: 0
[44.222s][info][gc,reloc    ] GC(54) Medium Pages: 2 / 64M, Empty: 32M, Relocated: 0M, In-Place: 0
[44.222s][info][gc,reloc    ] GC(54) Large Pages: 10 / 60M, Empty: 60M, Relocated: 0M, In-Place: 0
[44.222s][info][gc,reloc    ] GC(54) Forwarding Usage: 1M
[44.222s][info][gc,heap     ] GC(54) Min Capacity: 2048M(100%)
[44.222s][info][gc,heap     ] GC(54) Max Capacity: 2048M(100%)
[44.222s][info][gc,heap     ] GC(54) Soft Max Capacity: 2048M(100%)
[44.222s][info][gc,heap     ] GC(54)                Mark Start          Mark End        Relocate Start      Relocate End           High               Low         
[44.222s][info][gc,heap     ] GC(54)  Capacity:     2048M (100%)       2048M (100%)       2048M (100%)       2048M (100%)       2048M (100%)       2048M (100%)   
[44.222s][info][gc,heap     ] GC(54)      Free:      384M (19%)         282M (14%)        1404M (69%)        1782M (87%)        1782M (87%)         266M (13%)    
[44.222s][info][gc,heap     ] GC(54)      Used:     1664M (81%)        1766M (86%)         644M (31%)         266M (13%)        1782M (87%)         266M (13%)    
[44.222s][info][gc,heap     ] GC(54)      Live:         -               105M (5%)          105M (5%)          105M (5%)             -                  -          
[44.222s][info][gc,heap     ] GC(54) Allocated:         -               102M (5%)          128M (6%)          141M (7%)             -                  -          
[44.222s][info][gc,heap     ] GC(54)   Garbage:         -              1558M (76%)         410M (20%)          18M (1%)             -                  -          
[44.222s][info][gc,heap     ] GC(54) Reclaimed:         -                  -              1148M (56%)        1539M (75%)            -                  -          
[44.222s][info][gc          ] GC(54) Garbage Collection (Allocation Rate) 1664M(81%)->266M(13%)
[44.301s][info][gc,start    ] GC(55) Garbage Collection (System.gc())
[44.301s][info][gc,task     ] GC(55) Using 2 workers
[44.301s][info][gc,phases   ] GC(55) Pause Mark Start 0.004ms
[44.351s][info][gc,phases   ] GC(55) Concurrent Mark 49.556ms
[44.351s][info][gc,phases   ] GC(55) Pause Mark End 0.060ms
[44.351s][info][gc,phases   ] GC(55) Concurrent Mark Free 0.001ms
[44.370s][info][gc,phases   ] GC(55) Concurrent Process Non-Strong References 18.391ms
[44.370s][info][gc,phases   ] GC(55) Concurrent Reset Relocation Set 0.010ms
[44.371s][info][gc,phases   ] GC(55) Concurrent Select Relocation Set 1.810ms
[44.371s][info][gc,phases   ] GC(55) Pause Relocate Start 0.007ms
[44.372s][info][gc,phases   ] GC(55) Concurrent Relocate 0.644ms
[44.372s][info][gc,load     ] GC(55) Load: 0.00/0.00/0.00
[44.372s][info][gc,mmu      ] GC(55) MMU: 2ms/95.2%, 5ms/98.1%, 10ms/99.0%, 20ms/99.5%, 50ms/99.8%, 100ms/99.9%
[44.372s][info][gc,marking  ] GC(55) Mark: 2 stripe(s), 2 proactive flush(es), 1 terminate flush(es), 0 completion(s), 0 continuation(s) 
[44.372s][info][gc,marking  ] GC(55) Mark Stack Usage: 32M
[44.372s][info][gc,nmethod  ] GC(55) NMethods: 19184 registered, 2920 unregistered
[44.372s][info][gc,metaspace] GC(55) Metaspace: 132M used, 133M committed, 1152M reserved
[44.372s][info][gc,ref      ] GC(55) Soft: 8842 encountered, 0 discovered, 0 enqueued
[44.372s][info][gc,ref      ] GC(55) Weak: 15570 encountered, 4892 discovered, 360 enqueued
[44.372s][info][gc,ref      ] GC(55) Final: 53 encountered, 53 discovered, 0 enqueued
[44.372s][info][gc,ref      ] GC(55) Phantom: 589 encountered, 386 discovered, 0 enqueued
[44.372s][info][gc,reloc    ] GC(55) Small Pages: 120 / 240M, Empty: 102M, Relocated: 1M, In-Place: 0
[44.372s][info][gc,reloc    ] GC(55) Medium Pages: 2 / 64M, Empty: 32M, Relocated: 0M, In-Place: 0
[44.372s][info][gc,reloc    ] GC(55) Large Pages: 4 / 24M, Empty: 24M, Relocated: 0M, In-Place: 0
[44.372s][info][gc,reloc    ] GC(55) Forwarding Usage: 0M
[44.372s][info][gc,heap     ] GC(55) Min Capacity: 2048M(100%)
[44.372s][info][gc,heap     ] GC(55) Max Capacity: 2048M(100%)
[44.372s][info][gc,heap     ] GC(55) Soft Max Capacity: 2048M(100%)
[44.372s][info][gc,heap     ] GC(55)                Mark Start          Mark End        Relocate Start      Relocate End           High               Low         
[44.372s][info][gc,heap     ] GC(55)  Capacity:     2048M (100%)       2048M (100%)       2048M (100%)       2048M (100%)       2048M (100%)       2048M (100%)   
[44.372s][info][gc,heap     ] GC(55)      Free:     1720M (84%)        1718M (84%)        1870M (91%)        1938M (95%)        1938M (95%)        1712M (84%)    
[44.372s][info][gc,heap     ] GC(55)      Used:      328M (16%)         330M (16%)         178M (9%)          110M (5%)          336M (16%)         110M (5%)     
[44.372s][info][gc,heap     ] GC(55)      Live:         -                81M (4%)           81M (4%)           81M (4%)             -                  -          
[44.372s][info][gc,heap     ] GC(55) Allocated:         -                 2M (0%)            8M (0%)            9M (0%)             -                  -          
[44.372s][info][gc,heap     ] GC(55)   Garbage:         -               246M (12%)          88M (4%)           18M (1%)             -                  -          
[44.372s][info][gc,heap     ] GC(55) Reclaimed:         -                  -               158M (8%)          227M (11%)            -                  -          
[44.372s][info][gc          ] GC(55) Garbage Collection (System.gc()) 328M(16%)->110M(5%)
[45.013s][info][gc,start    ] GC(56) Garbage Collection (Allocation Rate)
[45.013s][info][gc,task     ] GC(56) Using 1 workers
[45.013s][info][gc,phases   ] GC(56) Pause Mark Start 0.005ms
[45.115s][info][gc,phases   ] GC(56) Concurrent Mark 101.941ms
[45.115s][info][gc,phases   ] GC(56) Pause Mark End 0.022ms
[45.115s][info][gc,phases   ] GC(56) Concurrent Mark Free 0.001ms
[45.171s][info][gc,phases   ] GC(56) Concurrent Process Non-Strong References 55.147ms
[45.171s][info][gc,phases   ] GC(56) Concurrent Reset Relocation Set 0.003ms
[45.173s][info][gc,phases   ] GC(56) Concurrent Select Relocation Set 2.264ms
[45.173s][info][gc,phases   ] GC(56) Pause Relocate Start 0.007ms
[45.180s][info][gc,phases   ] GC(56) Concurrent Relocate 6.783ms
[45.180s][info][gc,load     ] GC(56) Load: 0.00/0.00/0.00
[45.180s][info][gc,mmu      ] GC(56) MMU: 2ms/95.2%, 5ms/98.1%, 10ms/99.0%, 20ms/99.5%, 50ms/99.8%, 100ms/99.9%
[45.180s][info][gc,marking  ] GC(56) Mark: 1 stripe(s), 2 proactive flush(es), 1 terminate flush(es), 0 completion(s), 0 continuation(s) 
[45.180s][info][gc,marking  ] GC(56) Mark Stack Usage: 32M
[45.180s][info][gc,nmethod  ] GC(56) NMethods: 19402 registered, 2920 unregistered
[45.180s][info][gc,metaspace] GC(56) Metaspace: 132M used, 133M committed, 1152M reserved
[45.180s][info][gc,ref      ] GC(56) Soft: 8845 encountered, 0 discovered, 0 enqueued
[45.180s][info][gc,ref      ] GC(56) Weak: 16279 encountered, 4008 discovered, 943 enqueued
[45.180s][info][gc,ref      ] GC(56) Final: 53 encountered, 0 discovered, 0 enqueued
[45.180s][info][gc,ref      ] GC(56) Phantom: 589 encountered, 355 discovered, 0 enqueued
[45.180s][info][gc,reloc    ] GC(56) Small Pages: 676 / 1352M, Empty: 1064M, Relocated: 8M, In-Place: 0
[45.180s][info][gc,reloc    ] GC(56) Medium Pages: 2 / 64M, Empty: 32M, Relocated: 0M, In-Place: 0
[45.180s][info][gc,reloc    ] GC(56) Large Pages: 10 / 60M, Empty: 60M, Relocated: 0M, In-Place: 0
[45.180s][info][gc,reloc    ] GC(56) Forwarding Usage: 1M
[45.180s][info][gc,heap     ] GC(56) Min Capacity: 2048M(100%)
[45.180s][info][gc,heap     ] GC(56) Max Capacity: 2048M(100%)
[45.180s][info][gc,heap     ] GC(56) Soft Max Capacity: 2048M(100%)
[45.180s][info][gc,heap     ] GC(56)                Mark Start          Mark End        Relocate Start      Relocate End           High               Low         
[45.180s][info][gc,heap     ] GC(56)  Capacity:     2048M (100%)       2048M (100%)       2048M (100%)       2048M (100%)       2048M (100%)       2048M (100%)   
[45.180s][info][gc,heap     ] GC(56)      Free:      572M (28%)         340M (17%)        1434M (70%)        1640M (80%)        1640M (80%)         282M (14%)    
[45.180s][info][gc,heap     ] GC(56)      Used:     1476M (72%)        1708M (83%)         614M (30%)         408M (20%)        1766M (86%)         408M (20%)    
[45.180s][info][gc,heap     ] GC(56)      Live:         -                87M (4%)           87M (4%)           87M (4%)             -                  -          
[45.180s][info][gc,heap     ] GC(56) Allocated:         -               232M (11%)         294M (14%)         303M (15%)            -                  -          
[45.180s][info][gc,heap     ] GC(56)   Garbage:         -              1388M (68%)         232M (11%)          16M (1%)             -                  -          
[45.180s][info][gc,heap     ] GC(56) Reclaimed:         -                  -              1156M (56%)        1371M (67%)            -                  -          
[45.180s][info][gc          ] GC(56) Garbage Collection (Allocation Rate) 1476M(72%)->408M(20%)
[45.288s][info][gc,start    ] GC(57) Garbage Collection (System.gc())
[45.288s][info][gc,task     ] GC(57) Using 2 workers
[45.288s][info][gc,phases   ] GC(57) Pause Mark Start 0.007ms
[45.335s][info][gc,phases   ] GC(57) Concurrent Mark 46.656ms
[45.335s][info][gc,phases   ] GC(57) Pause Mark End 0.034ms
[45.336s][info][gc,phases   ] GC(57) Concurrent Mark Free 0.001ms
[45.354s][info][gc,phases   ] GC(57) Concurrent Process Non-Strong References 18.149ms
[45.354s][info][gc,phases   ] GC(57) Concurrent Reset Relocation Set 0.005ms
[45.355s][info][gc,phases   ] GC(57) Concurrent Select Relocation Set 1.624ms
[45.356s][info][gc,phases   ] GC(57) Pause Relocate Start 0.007ms
[45.356s][info][gc,phases   ] GC(57) Concurrent Relocate 0.806ms
[45.356s][info][gc,load     ] GC(57) Load: 0.00/0.00/0.00
[45.356s][info][gc,mmu      ] GC(57) MMU: 2ms/95.2%, 5ms/98.1%, 10ms/99.0%, 20ms/99.5%, 50ms/99.8%, 100ms/99.9%
[45.356s][info][gc,marking  ] GC(57) Mark: 2 stripe(s), 1 proactive flush(es), 1 terminate flush(es), 0 completion(s), 0 continuation(s) 
[45.356s][info][gc,marking  ] GC(57) Mark Stack Usage: 32M
[45.356s][info][gc,nmethod  ] GC(57) NMethods: 19423 registered, 2920 unregistered
[45.357s][info][gc,metaspace] GC(57) Metaspace: 132M used, 133M committed, 1152M reserved
[45.357s][info][gc,ref      ] GC(57) Soft: 8842 encountered, 0 discovered, 0 enqueued
[45.357s][info][gc,ref      ] GC(57) Weak: 15557 encountered, 3706 discovered, 357 enqueued
[45.357s][info][gc,ref      ] GC(57) Final: 53 encountered, 0 discovered, 0 enqueued
[45.357s][info][gc,ref      ] GC(57) Phantom: 589 encountered, 340 discovered, 0 enqueued
[45.357s][info][gc,reloc    ] GC(57) Small Pages: 204 / 408M, Empty: 272M, Relocated: 1M, In-Place: 0
[45.357s][info][gc,reloc    ] GC(57) Medium Pages: 2 / 64M, Empty: 32M, Relocated: 0M, In-Place: 0
[45.357s][info][gc,reloc    ] GC(57) Large Pages: 4 / 24M, Empty: 24M, Relocated: 0M, In-Place: 0
[45.357s][info][gc,reloc    ] GC(57) Forwarding Usage: 0M
[45.357s][info][gc,heap     ] GC(57) Min Capacity: 2048M(100%)
[45.357s][info][gc,heap     ] GC(57) Max Capacity: 2048M(100%)
[45.357s][info][gc,heap     ] GC(57) Soft Max Capacity: 2048M(100%)
[45.357s][info][gc,heap     ] GC(57)                Mark Start          Mark End        Relocate Start      Relocate End           High               Low         
[45.357s][info][gc,heap     ] GC(57)  Capacity:     2048M (100%)       2048M (100%)       2048M (100%)       2048M (100%)       2048M (100%)       2048M (100%)   
[45.357s][info][gc,heap     ] GC(57)      Free:     1552M (76%)        1552M (76%)        1870M (91%)        1938M (95%)        1938M (95%)        1552M (76%)    
[45.357s][info][gc,heap     ] GC(57)      Used:      496M (24%)         496M (24%)         178M (9%)          110M (5%)          496M (24%)         110M (5%)     
[45.357s][info][gc,heap     ] GC(57)      Live:         -                81M (4%)           81M (4%)           81M (4%)             -                  -          
[45.357s][info][gc,heap     ] GC(57) Allocated:         -                 0M (0%)           10M (0%)            9M (0%)             -                  -          
[45.357s][info][gc,heap     ] GC(57)   Garbage:         -               414M (20%)          86M (4%)           18M (1%)             -                  -          
[45.357s][info][gc,heap     ] GC(57) Reclaimed:         -                  -               328M (16%)         395M (19%)            -                  -          
[45.357s][info][gc          ] GC(57) Garbage Collection (System.gc()) 496M(24%)->110M(5%)
[46.023s][info][gc,start    ] GC(58) Garbage Collection (Allocation Rate)
[46.023s][info][gc,task     ] GC(58) Using 1 workers
[46.024s][info][gc,phases   ] GC(58) Pause Mark Start 0.009ms
[46.126s][info][gc,phases   ] GC(58) Concurrent Mark 102.675ms
[46.126s][info][gc,phases   ] GC(58) Pause Mark End 0.015ms
[46.126s][info][gc,phases   ] GC(58) Concurrent Mark Free 0.001ms
[46.179s][info][gc,phases   ] GC(58) Concurrent Process Non-Strong References 52.272ms
[46.179s][info][gc,phases   ] GC(58) Concurrent Reset Relocation Set 0.003ms
[46.181s][info][gc,phases   ] GC(58) Concurrent Select Relocation Set 2.398ms
[46.181s][info][gc,phases   ] GC(58) Pause Relocate Start 0.009ms
[46.191s][info][gc,phases   ] GC(58) Concurrent Relocate 9.295ms
[46.191s][info][gc,load     ] GC(58) Load: 0.00/0.00/0.00
[46.191s][info][gc,mmu      ] GC(58) MMU: 2ms/95.2%, 5ms/98.1%, 10ms/99.0%, 20ms/99.5%, 50ms/99.8%, 100ms/99.9%
[46.191s][info][gc,marking  ] GC(58) Mark: 1 stripe(s), 2 proactive flush(es), 1 terminate flush(es), 0 completion(s), 0 continuation(s) 
[46.191s][info][gc,marking  ] GC(58) Mark Stack Usage: 32M
[46.191s][info][gc,nmethod  ] GC(58) NMethods: 19531 registered, 2920 unregistered
[46.191s][info][gc,metaspace] GC(58) Metaspace: 132M used, 133M committed, 1152M reserved
[46.191s][info][gc,ref      ] GC(58) Soft: 8845 encountered, 0 discovered, 0 enqueued
[46.191s][info][gc,ref      ] GC(58) Weak: 16308 encountered, 4027 discovered, 955 enqueued
[46.191s][info][gc,ref      ] GC(58) Final: 53 encountered, 0 discovered, 0 enqueued
[46.191s][info][gc,ref      ] GC(58) Phantom: 589 encountered, 355 discovered, 0 enqueued
[46.191s][info][gc,reloc    ] GC(58) Small Pages: 714 / 1428M, Empty: 1062M, Relocated: 15M, In-Place: 0
[46.191s][info][gc,reloc    ] GC(58) Medium Pages: 2 / 64M, Empty: 32M, Relocated: 0M, In-Place: 0
[46.191s][info][gc,reloc    ] GC(58) Large Pages: 10 / 60M, Empty: 60M, Relocated: 0M, In-Place: 0
[46.191s][info][gc,reloc    ] GC(58) Forwarding Usage: 1M
[46.191s][info][gc,heap     ] GC(58) Min Capacity: 2048M(100%)
[46.191s][info][gc,heap     ] GC(58) Max Capacity: 2048M(100%)
[46.191s][info][gc,heap     ] GC(58) Soft Max Capacity: 2048M(100%)
[46.191s][info][gc,heap     ] GC(58)                Mark Start          Mark End        Relocate Start      Relocate End           High               Low         
[46.191s][info][gc,heap     ] GC(58)  Capacity:     2048M (100%)       2048M (100%)       2048M (100%)       2048M (100%)       2048M (100%)       2048M (100%)   
[46.191s][info][gc,heap     ] GC(58)      Free:      496M (24%)         298M (15%)        1418M (69%)        1688M (82%)        1688M (82%)         274M (13%)    
[46.191s][info][gc,heap     ] GC(58)      Used:     1552M (76%)        1750M (85%)         630M (31%)         360M (18%)        1774M (87%)         360M (18%)    
[46.191s][info][gc,heap     ] GC(58)      Live:         -                94M (5%)           94M (5%)           94M (5%)             -                  -          
[46.191s][info][gc,heap     ] GC(58) Allocated:         -               198M (10%)         232M (11%)         247M (12%)            -                  -          
[46.191s][info][gc,heap     ] GC(58)   Garbage:         -              1457M (71%)         303M (15%)          17M (1%)             -                  -          
[46.191s][info][gc,heap     ] GC(58) Reclaimed:         -                  -              1154M (56%)        1439M (70%)            -                  -          
[46.191s][info][gc          ] GC(58) Garbage Collection (Allocation Rate) 1552M(76%)->360M(18%)
[46.273s][info][gc,start    ] GC(59) Garbage Collection (System.gc())
[46.273s][info][gc,task     ] GC(59) Using 2 workers
[46.273s][info][gc,phases   ] GC(59) Pause Mark Start 0.006ms
[46.320s][info][gc,phases   ] GC(59) Concurrent Mark 46.863ms
[46.320s][info][gc,phases   ] GC(59) Pause Mark End 0.052ms
[46.321s][info][gc,phases   ] GC(59) Concurrent Mark Free 0.002ms
[46.341s][info][gc,phases   ] GC(59) Concurrent Process Non-Strong References 20.035ms
[46.341s][info][gc,phases   ] GC(59) Concurrent Reset Relocation Set 0.007ms
[46.342s][info][gc,phases   ] GC(59) Concurrent Select Relocation Set 1.500ms
[46.342s][info][gc,phases   ] GC(59) Pause Relocate Start 0.009ms
[46.343s][info][gc,phases   ] GC(59) Concurrent Relocate 0.787ms
[46.343s][info][gc,load     ] GC(59) Load: 0.00/0.00/0.00
[46.343s][info][gc,mmu      ] GC(59) MMU: 2ms/95.2%, 5ms/98.1%, 10ms/99.0%, 20ms/99.5%, 50ms/99.8%, 100ms/99.9%
[46.343s][info][gc,marking  ] GC(59) Mark: 2 stripe(s), 2 proactive flush(es), 1 terminate flush(es), 0 completion(s), 0 continuation(s) 
[46.343s][info][gc,marking  ] GC(59) Mark Stack Usage: 32M
[46.343s][info][gc,nmethod  ] GC(59) NMethods: 19537 registered, 2920 unregistered
[46.343s][info][gc,metaspace] GC(59) Metaspace: 132M used, 133M committed, 1152M reserved
[46.343s][info][gc,ref      ] GC(59) Soft: 8842 encountered, 0 discovered, 0 enqueued
[46.343s][info][gc,ref      ] GC(59) Weak: 15581 encountered, 3973 discovered, 366 enqueued
[46.343s][info][gc,ref      ] GC(59) Final: 53 encountered, 0 discovered, 0 enqueued
[46.343s][info][gc,ref      ] GC(59) Phantom: 589 encountered, 414 discovered, 0 enqueued
[46.343s][info][gc,reloc    ] GC(59) Small Pages: 170 / 340M, Empty: 200M, Relocated: 1M, In-Place: 0
[46.343s][info][gc,reloc    ] GC(59) Medium Pages: 2 / 64M, Empty: 32M, Relocated: 0M, In-Place: 0
[46.343s][info][gc,reloc    ] GC(59) Large Pages: 4 / 24M, Empty: 24M, Relocated: 0M, In-Place: 0
[46.343s][info][gc,reloc    ] GC(59) Forwarding Usage: 0M
[46.343s][info][gc,heap     ] GC(59) Min Capacity: 2048M(100%)
[46.343s][info][gc,heap     ] GC(59) Max Capacity: 2048M(100%)
[46.343s][info][gc,heap     ] GC(59) Soft Max Capacity: 2048M(100%)
[46.343s][info][gc,heap     ] GC(59)                Mark Start          Mark End        Relocate Start      Relocate End           High               Low         
[46.343s][info][gc,heap     ] GC(59)  Capacity:     2048M (100%)       2048M (100%)       2048M (100%)       2048M (100%)       2048M (100%)       2048M (100%)   
[46.343s][info][gc,heap     ] GC(59)      Free:     1620M (79%)        1618M (79%)        1864M (91%)        1934M (94%)        1934M (94%)        1618M (79%)    
[46.343s][info][gc,heap     ] GC(59)      Used:      428M (21%)         430M (21%)         184M (9%)          114M (6%)          430M (21%)         114M (6%)     
[46.343s][info][gc,heap     ] GC(59)      Live:         -                81M (4%)           81M (4%)           81M (4%)             -                  -          
[46.343s][info][gc,heap     ] GC(59) Allocated:         -                 2M (0%)           12M (1%)           13M (1%)             -                  -          
[46.343s][info][gc,heap     ] GC(59)   Garbage:         -               346M (17%)          90M (4%)           18M (1%)             -                  -          
[46.343s][info][gc,heap     ] GC(59) Reclaimed:         -                  -               256M (12%)         327M (16%)            -                  -          
[46.343s][info][gc          ] GC(59) Garbage Collection (System.gc()) 428M(21%)->114M(6%)
[47.017s][info][gc,start    ] GC(60) Garbage Collection (Allocation Rate)
[47.017s][info][gc,task     ] GC(60) Using 1 workers
[47.017s][info][gc,phases   ] GC(60) Pause Mark Start 0.009ms
[47.125s][info][gc,phases   ] GC(60) Concurrent Mark 107.615ms
[47.125s][info][gc,phases   ] GC(60) Pause Mark End 0.017ms
[47.125s][info][gc,phases   ] GC(60) Concurrent Mark Free 0.001ms
[47.177s][info][gc,phases   ] GC(60) Concurrent Process Non-Strong References 52.206ms
[47.177s][info][gc,phases   ] GC(60) Concurrent Reset Relocation Set 0.002ms
[47.179s][info][gc,phases   ] GC(60) Concurrent Select Relocation Set 2.106ms
[47.180s][info][gc,phases   ] GC(60) Pause Relocate Start 0.010ms
[47.188s][info][gc,phases   ] GC(60) Concurrent Relocate 8.553ms
[47.188s][info][gc,load     ] GC(60) Load: 0.00/0.00/0.00
[47.188s][info][gc,mmu      ] GC(60) MMU: 2ms/95.2%, 5ms/98.1%, 10ms/99.0%, 20ms/99.5%, 50ms/99.8%, 100ms/99.9%
[47.188s][info][gc,marking  ] GC(60) Mark: 1 stripe(s), 2 proactive flush(es), 1 terminate flush(es), 0 completion(s), 0 continuation(s) 
[47.188s][info][gc,marking  ] GC(60) Mark Stack Usage: 32M
[47.188s][info][gc,nmethod  ] GC(60) NMethods: 19661 registered, 2920 unregistered
[47.188s][info][gc,metaspace] GC(60) Metaspace: 132M used, 134M committed, 1152M reserved
[47.188s][info][gc,ref      ] GC(60) Soft: 8845 encountered, 0 discovered, 0 enqueued
[47.188s][info][gc,ref      ] GC(60) Weak: 16283 encountered, 4009 discovered, 943 enqueued
[47.188s][info][gc,ref      ] GC(60) Final: 53 encountered, 0 discovered, 0 enqueued
[47.188s][info][gc,ref      ] GC(60) Phantom: 589 encountered, 355 discovered, 0 enqueued
[47.188s][info][gc,reloc    ] GC(60) Small Pages: 695 / 1390M, Empty: 1062M, Relocated: 11M, In-Place: 0
[47.188s][info][gc,reloc    ] GC(60) Medium Pages: 2 / 64M, Empty: 32M, Relocated: 0M, In-Place: 0
[47.188s][info][gc,reloc    ] GC(60) Large Pages: 10 / 60M, Empty: 60M, Relocated: 0M, In-Place: 0
[47.188s][info][gc,reloc    ] GC(60) Forwarding Usage: 1M
[47.188s][info][gc,heap     ] GC(60) Min Capacity: 2048M(100%)
[47.189s][info][gc,heap     ] GC(60) Max Capacity: 2048M(100%)
[47.189s][info][gc,heap     ] GC(60) Soft Max Capacity: 2048M(100%)
[47.189s][info][gc,heap     ] GC(60)                Mark Start          Mark End        Relocate Start      Relocate End           High               Low         
[47.189s][info][gc,heap     ] GC(60)  Capacity:     2048M (100%)       2048M (100%)       2048M (100%)       2048M (100%)       2048M (100%)       2048M (100%)   
[47.189s][info][gc,heap     ] GC(60)      Free:      534M (26%)         304M (15%)        1428M (70%)        1662M (81%)        1662M (81%)         282M (14%)    
[47.189s][info][gc,heap     ] GC(60)      Used:     1514M (74%)        1744M (85%)         620M (30%)         386M (19%)        1766M (86%)         386M (19%)    
[47.189s][info][gc,heap     ] GC(60)      Live:         -                91M (4%)           91M (4%)           91M (4%)             -                  -          
[47.189s][info][gc,heap     ] GC(60) Allocated:         -               230M (11%)         260M (13%)         277M (14%)            -                  -          
[47.189s][info][gc,heap     ] GC(60)   Garbage:         -              1422M (69%)         268M (13%)          16M (1%)             -                  -          
[47.189s][info][gc,heap     ] GC(60) Reclaimed:         -                  -              1154M (56%)        1405M (69%)            -                  -          
[47.189s][info][gc          ] GC(60) Garbage Collection (Allocation Rate) 1514M(74%)->386M(19%)
[47.279s][info][gc,start    ] GC(61) Garbage Collection (System.gc())
[47.279s][info][gc,task     ] GC(61) Using 2 workers
[47.279s][info][gc,phases   ] GC(61) Pause Mark Start 0.006ms
[47.332s][info][gc,phases   ] GC(61) Concurrent Mark 53.137ms
[47.333s][info][gc,phases   ] GC(61) Pause Mark End 0.054ms
[47.333s][info][gc,phases   ] GC(61) Concurrent Mark Free 0.001ms
[47.352s][info][gc,phases   ] GC(61) Concurrent Process Non-Strong References 18.857ms
[47.352s][info][gc,phases   ] GC(61) Concurrent Reset Relocation Set 0.006ms
[47.353s][info][gc,phases   ] GC(61) Concurrent Select Relocation Set 1.560ms
[47.353s][info][gc,phases   ] GC(61) Pause Relocate Start 0.012ms
[47.355s][info][gc,phases   ] GC(61) Concurrent Relocate 1.640ms
[47.355s][info][gc,load     ] GC(61) Load: 0.00/0.00/0.00
[47.355s][info][gc,mmu      ] GC(61) MMU: 2ms/95.2%, 5ms/98.1%, 10ms/99.0%, 20ms/99.5%, 50ms/99.8%, 100ms/99.9%
[47.355s][info][gc,marking  ] GC(61) Mark: 2 stripe(s), 2 proactive flush(es), 1 terminate flush(es), 0 completion(s), 0 continuation(s) 
[47.355s][info][gc,marking  ] GC(61) Mark Stack Usage: 32M
[47.355s][info][gc,nmethod  ] GC(61) NMethods: 19672 registered, 2920 unregistered
[47.355s][info][gc,metaspace] GC(61) Metaspace: 132M used, 134M committed, 1152M reserved
[47.355s][info][gc,ref      ] GC(61) Soft: 8842 encountered, 0 discovered, 0 enqueued
[47.355s][info][gc,ref      ] GC(61) Weak: 15561 encountered, 3439 discovered, 357 enqueued
[47.355s][info][gc,ref      ] GC(61) Final: 53 encountered, 0 discovered, 0 enqueued
[47.355s][info][gc,ref      ] GC(61) Phantom: 589 encountered, 333 discovered, 0 enqueued
[47.355s][info][gc,reloc    ] GC(61) Small Pages: 189 / 378M, Empty: 234M, Relocated: 3M, In-Place: 0
[47.355s][info][gc,reloc    ] GC(61) Medium Pages: 2 / 64M, Empty: 32M, Relocated: 0M, In-Place: 0
[47.355s][info][gc,reloc    ] GC(61) Large Pages: 4 / 24M, Empty: 24M, Relocated: 0M, In-Place: 0
[47.355s][info][gc,reloc    ] GC(61) Forwarding Usage: 1M
[47.355s][info][gc,heap     ] GC(61) Min Capacity: 2048M(100%)
[47.355s][info][gc,heap     ] GC(61) Max Capacity: 2048M(100%)
[47.355s][info][gc,heap     ] GC(61) Soft Max Capacity: 2048M(100%)
[47.355s][info][gc,heap     ] GC(61)                Mark Start          Mark End        Relocate Start      Relocate End           High               Low         
[47.355s][info][gc,heap     ] GC(61)  Capacity:     2048M (100%)       2048M (100%)       2048M (100%)       2048M (100%)       2048M (100%)       2048M (100%)   
[47.355s][info][gc,heap     ] GC(61)      Free:     1582M (77%)        1580M (77%)        1862M (91%)        1940M (95%)        1940M (95%)        1580M (77%)    
[47.355s][info][gc,heap     ] GC(61)      Used:      466M (23%)         468M (23%)         186M (9%)          108M (5%)          468M (23%)         108M (5%)     
[47.355s][info][gc,heap     ] GC(61)      Live:         -                81M (4%)           81M (4%)           81M (4%)             -                  -          
[47.355s][info][gc,heap     ] GC(61) Allocated:         -                 2M (0%)           10M (0%)            9M (0%)             -                  -          
[47.355s][info][gc,heap     ] GC(61)   Garbage:         -               384M (19%)          94M (5%)           16M (1%)             -                  -          
[47.355s][info][gc,heap     ] GC(61) Reclaimed:         -                  -               290M (14%)         367M (18%)            -                  -          
[47.355s][info][gc          ] GC(61) Garbage Collection (System.gc()) 466M(23%)->108M(5%)
[48.018s][info][gc,start    ] GC(62) Garbage Collection (Allocation Rate)
[48.018s][info][gc,task     ] GC(62) Using 1 workers
[48.018s][info][gc,phases   ] GC(62) Pause Mark Start 0.009ms
[48.123s][info][gc,phases   ] GC(62) Concurrent Mark 104.223ms
[48.123s][info][gc,phases   ] GC(62) Pause Mark End 0.022ms
[48.123s][info][gc,phases   ] GC(62) Concurrent Mark Free 0.001ms
[48.177s][info][gc,phases   ] GC(62) Concurrent Process Non-Strong References 53.517ms
[48.177s][info][gc,phases   ] GC(62) Concurrent Reset Relocation Set 0.002ms
[48.179s][info][gc,phases   ] GC(62) Concurrent Select Relocation Set 2.529ms
[48.179s][info][gc,phases   ] GC(62) Pause Relocate Start 0.008ms
[48.189s][info][gc,phases   ] GC(62) Concurrent Relocate 9.700ms
[48.189s][info][gc,load     ] GC(62) Load: 0.00/0.00/0.00
[48.189s][info][gc,mmu      ] GC(62) MMU: 2ms/95.2%, 5ms/98.1%, 10ms/99.0%, 20ms/99.5%, 50ms/99.8%, 100ms/99.9%
[48.189s][info][gc,marking  ] GC(62) Mark: 1 stripe(s), 2 proactive flush(es), 1 terminate flush(es), 0 completion(s), 0 continuation(s) 
[48.189s][info][gc,marking  ] GC(62) Mark Stack Usage: 32M
[48.189s][info][gc,nmethod  ] GC(62) NMethods: 19877 registered, 2920 unregistered
[48.189s][info][gc,metaspace] GC(62) Metaspace: 132M used, 134M committed, 1152M reserved
[48.189s][info][gc,ref      ] GC(62) Soft: 8845 encountered, 0 discovered, 0 enqueued
[48.189s][info][gc,ref      ] GC(62) Weak: 16314 encountered, 4028 discovered, 956 enqueued
[48.189s][info][gc,ref      ] GC(62) Final: 53 encountered, 0 discovered, 0 enqueued
[48.189s][info][gc,ref      ] GC(62) Phantom: 589 encountered, 355 discovered, 0 enqueued
[48.189s][info][gc,reloc    ] GC(62) Small Pages: 713 / 1426M, Empty: 1058M, Relocated: 15M, In-Place: 0
[48.189s][info][gc,reloc    ] GC(62) Medium Pages: 2 / 64M, Empty: 32M, Relocated: 0M, In-Place: 0
[48.189s][info][gc,reloc    ] GC(62) Large Pages: 10 / 60M, Empty: 60M, Relocated: 0M, In-Place: 0
[48.190s][info][gc,reloc    ] GC(62) Forwarding Usage: 1M
[48.190s][info][gc,heap     ] GC(62) Min Capacity: 2048M(100%)
[48.190s][info][gc,heap     ] GC(62) Max Capacity: 2048M(100%)
[48.190s][info][gc,heap     ] GC(62) Soft Max Capacity: 2048M(100%)
[48.190s][info][gc,heap     ] GC(62)                Mark Start          Mark End        Relocate Start      Relocate End           High               Low         
[48.190s][info][gc,heap     ] GC(62)  Capacity:     2048M (100%)       2048M (100%)       2048M (100%)       2048M (100%)       2048M (100%)       2048M (100%)   
[48.190s][info][gc,heap     ] GC(62)      Free:      498M (24%)         294M (14%)        1412M (69%)        1680M (82%)        1684M (82%)         268M (13%)    
[48.190s][info][gc,heap     ] GC(62)      Used:     1550M (76%)        1754M (86%)         636M (31%)         368M (18%)        1780M (87%)         364M (18%)    
[48.190s][info][gc,heap     ] GC(62)      Live:         -                95M (5%)           95M (5%)           95M (5%)             -                  -          
[48.190s][info][gc,heap     ] GC(62) Allocated:         -               204M (10%)         236M (12%)         255M (12%)            -                  -          
[48.190s][info][gc,heap     ] GC(62)   Garbage:         -              1454M (71%)         304M (15%)          17M (1%)             -                  -          
[48.190s][info][gc,heap     ] GC(62) Reclaimed:         -                  -              1150M (56%)        1437M (70%)            -                  -          
[48.190s][info][gc          ] GC(62) Garbage Collection (Allocation Rate) 1550M(76%)->368M(18%)
[48.270s][info][gc,start    ] GC(63) Garbage Collection (System.gc())
[48.270s][info][gc,task     ] GC(63) Using 2 workers
[48.270s][info][gc,phases   ] GC(63) Pause Mark Start 0.006ms
[48.317s][info][gc,phases   ] GC(63) Concurrent Mark 47.084ms
[48.317s][info][gc,phases   ] GC(63) Pause Mark End 0.033ms
[48.317s][info][gc,phases   ] GC(63) Concurrent Mark Free 0.001ms
[48.336s][info][gc,phases   ] GC(63) Concurrent Process Non-Strong References 18.990ms
[48.336s][info][gc,phases   ] GC(63) Concurrent Reset Relocation Set 0.010ms
[48.338s][info][gc,phases   ] GC(63) Concurrent Select Relocation Set 1.600ms
[48.338s][info][gc,phases   ] GC(63) Pause Relocate Start 0.009ms
[48.339s][info][gc,phases   ] GC(63) Concurrent Relocate 1.175ms
[48.339s][info][gc,load     ] GC(63) Load: 0.00/0.00/0.00
[48.339s][info][gc,mmu      ] GC(63) MMU: 2ms/95.2%, 5ms/98.1%, 10ms/99.0%, 20ms/99.5%, 50ms/99.8%, 100ms/99.9%
[48.339s][info][gc,marking  ] GC(63) Mark: 2 stripe(s), 2 proactive flush(es), 1 terminate flush(es), 0 completion(s), 0 continuation(s) 
[48.339s][info][gc,marking  ] GC(63) Mark Stack Usage: 32M
[48.339s][info][gc,nmethod  ] GC(63) NMethods: 19892 registered, 2920 unregistered
[48.339s][info][gc,metaspace] GC(63) Metaspace: 132M used, 134M committed, 1152M reserved
[48.339s][info][gc,ref      ] GC(63) Soft: 8842 encountered, 0 discovered, 0 enqueued
[48.339s][info][gc,ref      ] GC(63) Weak: 15586 encountered, 4043 discovered, 366 enqueued
[48.339s][info][gc,ref      ] GC(63) Final: 53 encountered, 0 discovered, 0 enqueued
[48.339s][info][gc,ref      ] GC(63) Phantom: 589 encountered, 304 discovered, 0 enqueued
[48.339s][info][gc,reloc    ] GC(63) Small Pages: 170 / 340M, Empty: 198M, Relocated: 1M, In-Place: 0
[48.339s][info][gc,reloc    ] GC(63) Medium Pages: 2 / 64M, Empty: 32M, Relocated: 0M, In-Place: 0
[48.340s][info][gc,reloc    ] GC(63) Large Pages: 4 / 24M, Empty: 24M, Relocated: 0M, In-Place: 0
[48.340s][info][gc,reloc    ] GC(63) Forwarding Usage: 0M
[48.340s][info][gc,heap     ] GC(63) Min Capacity: 2048M(100%)
[48.340s][info][gc,heap     ] GC(63) Max Capacity: 2048M(100%)
[48.340s][info][gc,heap     ] GC(63) Soft Max Capacity: 2048M(100%)
[48.340s][info][gc,heap     ] GC(63)                Mark Start          Mark End        Relocate Start      Relocate End           High               Low         
[48.340s][info][gc,heap     ] GC(63)  Capacity:     2048M (100%)       2048M (100%)       2048M (100%)       2048M (100%)       2048M (100%)       2048M (100%)   
[48.340s][info][gc,heap     ] GC(63)      Free:     1620M (79%)        1614M (79%)        1862M (91%)        1936M (95%)        1936M (95%)        1614M (79%)    
[48.340s][info][gc,heap     ] GC(63)      Used:      428M (21%)         434M (21%)         186M (9%)          112M (5%)          434M (21%)         112M (5%)     
[48.340s][info][gc,heap     ] GC(63)      Live:         -                81M (4%)           81M (4%)           81M (4%)             -                  -          
[48.340s][info][gc,heap     ] GC(63) Allocated:         -                 6M (0%)           12M (1%)           11M (1%)             -                  -          
[48.340s][info][gc,heap     ] GC(63)   Garbage:         -               346M (17%)          92M (5%)           18M (1%)             -                  -          
[48.340s][info][gc,heap     ] GC(63) Reclaimed:         -                  -               254M (12%)         327M (16%)            -                  -          
[48.340s][info][gc          ] GC(63) Garbage Collection (System.gc()) 428M(21%)->112M(5%)
[49.013s][info][gc,start    ] GC(64) Garbage Collection (Allocation Rate)
[49.013s][info][gc,task     ] GC(64) Using 1 workers
[49.014s][info][gc,phases   ] GC(64) Pause Mark Start 0.009ms
[49.121s][info][gc,phases   ] GC(64) Concurrent Mark 107.037ms
[49.121s][info][gc,phases   ] GC(64) Pause Mark End 0.015ms
[49.121s][info][gc,phases   ] GC(64) Concurrent Mark Free 0.001ms
[49.172s][info][gc,phases   ] GC(64) Concurrent Process Non-Strong References 50.907ms
[49.172s][info][gc,phases   ] GC(64) Concurrent Reset Relocation Set 0.004ms
[49.175s][info][gc,phases   ] GC(64) Concurrent Select Relocation Set 3.142ms
[49.175s][info][gc,phases   ] GC(64) Pause Relocate Start 0.010ms
[49.190s][info][gc,phases   ] GC(64) Concurrent Relocate 13.267ms
[49.190s][info][gc,load     ] GC(64) Load: 0.00/0.00/0.00
[49.190s][info][gc,mmu      ] GC(64) MMU: 2ms/95.2%, 5ms/98.1%, 10ms/99.0%, 20ms/99.5%, 50ms/99.8%, 100ms/99.9%
[49.190s][info][gc,marking  ] GC(64) Mark: 1 stripe(s), 2 proactive flush(es), 1 terminate flush(es), 0 completion(s), 0 continuation(s) 
[49.190s][info][gc,marking  ] GC(64) Mark Stack Usage: 32M
[49.190s][info][gc,nmethod  ] GC(64) NMethods: 19202 registered, 3723 unregistered
[49.190s][info][gc,metaspace] GC(64) Metaspace: 132M used, 134M committed, 1152M reserved
[49.190s][info][gc,ref      ] GC(64) Soft: 8845 encountered, 0 discovered, 0 enqueued
[49.190s][info][gc,ref      ] GC(64) Weak: 16287 encountered, 4006 discovered, 930 enqueued
[49.190s][info][gc,ref      ] GC(64) Final: 53 encountered, 0 discovered, 0 enqueued
[49.190s][info][gc,ref      ] GC(64) Phantom: 589 encountered, 355 discovered, 0 enqueued
[49.190s][info][gc,reloc    ] GC(64) Small Pages: 719 / 1438M, Empty: 1066M, Relocated: 19M, In-Place: 0
[49.190s][info][gc,reloc    ] GC(64) Medium Pages: 2 / 64M, Empty: 32M, Relocated: 0M, In-Place: 0
[49.190s][info][gc,reloc    ] GC(64) Large Pages: 10 / 60M, Empty: 60M, Relocated: 0M, In-Place: 0
[49.190s][info][gc,reloc    ] GC(64) Forwarding Usage: 3M
[49.190s][info][gc,heap     ] GC(64) Min Capacity: 2048M(100%)
[49.190s][info][gc,heap     ] GC(64) Max Capacity: 2048M(100%)
[49.190s][info][gc,heap     ] GC(64) Soft Max Capacity: 2048M(100%)
[49.190s][info][gc,heap     ] GC(64)                Mark Start          Mark End        Relocate Start      Relocate End           High               Low         
[49.190s][info][gc,heap     ] GC(64)  Capacity:     2048M (100%)       2048M (100%)       2048M (100%)       2048M (100%)       2048M (100%)       2048M (100%)   
[49.190s][info][gc,heap     ] GC(64)      Free:      486M (24%)         282M (14%)        1396M (68%)        1672M (82%)        1676M (82%)         246M (12%)    
[49.190s][info][gc,heap     ] GC(64)      Used:     1562M (76%)        1766M (86%)         652M (32%)         376M (18%)        1802M (88%)         372M (18%)    
[49.190s][info][gc,heap     ] GC(64)      Live:         -                96M (5%)           96M (5%)           96M (5%)             -                  -          
[49.190s][info][gc,heap     ] GC(64) Allocated:         -               204M (10%)         248M (12%)         263M (13%)            -                  -          
[49.190s][info][gc,heap     ] GC(64)   Garbage:         -              1465M (72%)         307M (15%)          16M (1%)             -                  -          
[49.190s][info][gc,heap     ] GC(64) Reclaimed:         -                  -              1158M (57%)        1449M (71%)            -                  -          
[49.190s][info][gc          ] GC(64) Garbage Collection (Allocation Rate) 1562M(76%)->376M(18%)
[49.256s][info][gc,start    ] GC(65) Garbage Collection (System.gc())
[49.256s][info][gc,task     ] GC(65) Using 2 workers
[49.256s][info][gc,phases   ] GC(65) Pause Mark Start 0.005ms
[49.311s][info][gc,phases   ] GC(65) Concurrent Mark 54.902ms
[49.311s][info][gc,phases   ] GC(65) Pause Mark End 0.032ms
[49.311s][info][gc,phases   ] GC(65) Concurrent Mark Free 0.002ms
[49.329s][info][gc,phases   ] GC(65) Concurrent Process Non-Strong References 17.300ms
[49.329s][info][gc,phases   ] GC(65) Concurrent Reset Relocation Set 0.008ms
[49.331s][info][gc,phases   ] GC(65) Concurrent Select Relocation Set 1.887ms
[49.331s][info][gc,phases   ] GC(65) Pause Relocate Start 0.009ms
[49.332s][info][gc,phases   ] GC(65) Concurrent Relocate 0.990ms
[49.332s][info][gc,load     ] GC(65) Load: 0.00/0.00/0.00
[49.332s][info][gc,mmu      ] GC(65) MMU: 2ms/95.2%, 5ms/98.1%, 10ms/99.0%, 20ms/99.5%, 50ms/99.8%, 100ms/99.9%
[49.332s][info][gc,marking  ] GC(65) Mark: 2 stripe(s), 2 proactive flush(es), 1 terminate flush(es), 0 completion(s), 0 continuation(s) 
[49.332s][info][gc,marking  ] GC(65) Mark Stack Usage: 32M
[49.332s][info][gc,nmethod  ] GC(65) NMethods: 19211 registered, 3723 unregistered
[49.332s][info][gc,metaspace] GC(65) Metaspace: 132M used, 134M committed, 1152M reserved
[49.332s][info][gc,ref      ] GC(65) Soft: 8842 encountered, 0 discovered, 0 enqueued
[49.332s][info][gc,ref      ] GC(65) Weak: 15567 encountered, 2770 discovered, 357 enqueued
[49.332s][info][gc,ref      ] GC(65) Final: 53 encountered, 0 discovered, 0 enqueued
[49.332s][info][gc,ref      ] GC(65) Phantom: 589 encountered, 302 discovered, 0 enqueued
[49.332s][info][gc,reloc    ] GC(65) Small Pages: 165 / 330M, Empty: 196M, Relocated: 1M, In-Place: 0
[49.332s][info][gc,reloc    ] GC(65) Medium Pages: 2 / 64M, Empty: 32M, Relocated: 0M, In-Place: 0
[49.332s][info][gc,reloc    ] GC(65) Large Pages: 4 / 24M, Empty: 24M, Relocated: 0M, In-Place: 0
[49.332s][info][gc,reloc    ] GC(65) Forwarding Usage: 0M
[49.332s][info][gc,heap     ] GC(65) Min Capacity: 2048M(100%)
[49.332s][info][gc,heap     ] GC(65) Max Capacity: 2048M(100%)
[49.332s][info][gc,heap     ] GC(65) Soft Max Capacity: 2048M(100%)
[49.332s][info][gc,heap     ] GC(65)                Mark Start          Mark End        Relocate Start      Relocate End           High               Low         
[49.332s][info][gc,heap     ] GC(65)  Capacity:     2048M (100%)       2048M (100%)       2048M (100%)       2048M (100%)       2048M (100%)       2048M (100%)   
[49.332s][info][gc,heap     ] GC(65)      Free:     1630M (80%)        1628M (79%)        1870M (91%)        1932M (94%)        1934M (94%)        1628M (79%)    
[49.332s][info][gc,heap     ] GC(65)      Used:      418M (20%)         420M (21%)         178M (9%)          116M (6%)          420M (21%)         114M (6%)     
[49.332s][info][gc,heap     ] GC(65)      Live:         -                81M (4%)           81M (4%)           81M (4%)             -                  -          
[49.332s][info][gc,heap     ] GC(65) Allocated:         -                 2M (0%)           12M (1%)           15M (1%)             -                  -          
[49.332s][info][gc,heap     ] GC(65)   Garbage:         -               336M (16%)          84M (4%)           18M (1%)             -                  -          
[49.332s][info][gc,heap     ] GC(65) Reclaimed:         -                  -               252M (12%)         317M (16%)            -                  -          
[49.332s][info][gc          ] GC(65) Garbage Collection (System.gc()) 418M(20%)->116M(6%)
[50.027s][info][gc,start    ] GC(66) Garbage Collection (Allocation Rate)
[50.027s][info][gc,task     ] GC(66) Using 1 workers
[50.027s][info][gc,phases   ] GC(66) Pause Mark Start 0.005ms
[50.113s][info][gc,stats    ] === Garbage Collection Statistics =======================================================================================================================
[50.113s][info][gc,stats    ]                                                              Last 10s              Last 10m              Last 10h                Total
[50.113s][info][gc,stats    ]                                                              Avg / Max             Avg / Max             Avg / Max             Avg / Max
[50.113s][info][gc,stats    ]   Collector: Garbage Collection Cycle                    116.355 / 176.573     111.050 / 176.573     111.050 / 176.573     111.050 / 176.573     ms
[50.113s][info][gc,stats    ]  Contention: Mark Segment Reset Contention                     0 / 1                 0 / 3                 0 / 3                 0 / 3           ops/s
[50.113s][info][gc,stats    ]  Contention: Mark SeqNum Reset Contention                      0 / 0                 0 / 1                 0 / 1                 0 / 1           ops/s
[50.113s][info][gc,stats    ]    Critical: Allocation Stall                                  0 / 0                 0 / 0                 0 / 0                 0 / 0           ops/s
[50.113s][info][gc,stats    ]    Critical: Allocation Stall                              0.000 / 0.000         0.000 / 0.000         0.000 / 0.000         0.000 / 0.000       ms
[50.113s][info][gc,stats    ]    Critical: GC Locker Stall                                   0 / 0                 0 / 0                 0 / 0                 0 / 0           ops/s
[50.113s][info][gc,stats    ]    Critical: GC Locker Stall                               0.000 / 0.000         0.000 / 0.000         0.000 / 0.000         0.000 / 0.000       ms
[50.113s][info][gc,stats    ]    Critical: Relocation Stall                                  0 / 0                 0 / 0                 0 / 0                 0 / 0           ops/s
[50.113s][info][gc,stats    ]    Critical: Relocation Stall                              0.000 / 0.000         0.000 / 0.000         0.000 / 0.000         0.000 / 0.000       ms
[50.113s][info][gc,stats    ]      Memory: Allocation Rate                                1785 / 1824           1132 / 1824           1132 / 1824           1132 / 1824        MB/s
[50.113s][info][gc,stats    ]      Memory: Out Of Memory                                     0 / 0                 0 / 0                 0 / 0                 0 / 0           ops/s
[50.113s][info][gc,stats    ]      Memory: Page Cache Flush                                  0 / 0                 0 / 0                 0 / 0                 0 / 0           MB/s
[50.113s][info][gc,stats    ]      Memory: Page Cache Hit L1                               843 / 855             517 / 858             517 / 858             517 / 858         ops/s
[50.113s][info][gc,stats    ]      Memory: Page Cache Hit L2                                 0 / 0                 0 / 0                 0 / 0                 0 / 0           ops/s
[50.113s][info][gc,stats    ]      Memory: Page Cache Hit L3                                 0 / 4                16 / 385              16 / 385              16 / 385         ops/s
[50.113s][info][gc,stats    ]      Memory: Page Cache Miss                                   0 / 0                 0 / 1                 0 / 1                 0 / 1           ops/s
[50.113s][info][gc,stats    ]      Memory: Uncommit                                          0 / 0                 0 / 0                 0 / 0                 0 / 0           MB/s
[50.113s][info][gc,stats    ]      Memory: Undo Object Allocation Failed                     0 / 0                 0 / 0                 0 / 0                 0 / 0           ops/s
[50.113s][info][gc,stats    ]      Memory: Undo Object Allocation Succeeded                 22 / 222              50 / 2295             50 / 2295             50 / 2295        ops/s
[50.113s][info][gc,stats    ]      Memory: Undo Page Allocation                              0 / 2                 0 / 2                 0 / 2                 0 / 2           ops/s
[50.113s][info][gc,stats    ]       Phase: Concurrent Mark                              72.701 / 107.615      71.711 / 109.422      71.711 / 109.422      71.711 / 109.422     ms
[50.113s][info][gc,stats    ]       Phase: Concurrent Mark Continue                      0.000 / 0.000         0.000 / 0.000         0.000 / 0.000         0.000 / 0.000       ms
[50.113s][info][gc,stats    ]       Phase: Concurrent Mark Free                          0.001 / 0.003         0.001 / 0.004         0.001 / 0.004         0.001 / 0.004       ms
[50.113s][info][gc,stats    ]       Phase: Concurrent Process Non-Strong References     34.424 / 55.147       29.715 / 60.857       29.715 / 60.857       29.715 / 60.857      ms
[50.113s][info][gc,stats    ]       Phase: Concurrent Relocate                           5.889 / 16.352        5.639 / 19.143        5.639 / 19.143        5.639 / 19.143      ms
[50.113s][info][gc,stats    ]       Phase: Concurrent Reset Relocation Set               0.006 / 0.010         0.006 / 0.015         0.006 / 0.015         0.006 / 0.015       ms
[50.113s][info][gc,stats    ]       Phase: Concurrent Select Relocation Set              2.136 / 3.142         2.415 / 7.348         2.415 / 7.348         2.415 / 7.348       ms
[50.113s][info][gc,stats    ]       Phase: Pause Mark End                                0.033 / 0.096         0.028 / 0.096         0.028 / 0.096         0.028 / 0.096       ms
[50.113s][info][gc,stats    ]       Phase: Pause Mark Start                              0.007 / 0.010         0.007 / 0.019         0.007 / 0.019         0.007 / 0.019       ms
[50.113s][info][gc,stats    ]       Phase: Pause Relocate Start                          0.009 / 0.012         0.009 / 0.027         0.009 / 0.027         0.009 / 0.027       ms
[50.113s][info][gc,stats    ]    Subphase: Concurrent Classes Purge                      0.863 / 1.480         0.744 / 1.480         0.744 / 1.480         0.744 / 1.480       ms
[50.113s][info][gc,stats    ]    Subphase: Concurrent Classes Unlink                    31.480 / 51.840       26.315 / 51.840       26.315 / 51.840       26.315 / 51.840      ms
[50.113s][info][gc,stats    ]    Subphase: Concurrent Mark                              56.556 / 97.781       55.189 / 98.726       55.189 / 98.726       55.189 / 98.726      ms
[50.113s][info][gc,stats    ]    Subphase: Concurrent Mark Try Flush                     0.218 / 0.501         0.215 / 2.252         0.215 / 2.252         0.215 / 2.252       ms
[50.113s][info][gc,stats    ]    Subphase: Concurrent Mark Try Terminate                 1.583 / 11.808        2.218 / 16.790        2.218 / 16.790        2.218 / 16.790      ms
[50.113s][info][gc,stats    ]    Subphase: Concurrent References Enqueue                 0.006 / 0.010         0.006 / 0.010         0.006 / 0.010         0.006 / 0.010       ms
[50.113s][info][gc,stats    ]    Subphase: Concurrent References Process                 0.508 / 0.630         0.517 / 0.943         0.517 / 0.943         0.517 / 0.943       ms
[50.113s][info][gc,stats    ]    Subphase: Concurrent Roots ClassLoaderDataGraph         0.171 / 0.346         0.174 / 0.595         0.174 / 0.595         0.174 / 0.595       ms
[50.113s][info][gc,stats    ]    Subphase: Concurrent Roots CodeCache                    0.000 / 0.000         0.000 / 0.000         0.000 / 0.000         0.000 / 0.000       ms
[50.113s][info][gc,stats    ]    Subphase: Concurrent Roots JavaThreads                  6.046 / 10.574        6.866 / 15.550        6.866 / 15.550        6.866 / 15.550      ms
[50.113s][info][gc,stats    ]    Subphase: Concurrent Roots OopStorageSet                0.046 / 0.089         0.048 / 0.109         0.048 / 0.109         0.048 / 0.109       ms
[50.113s][info][gc,stats    ]    Subphase: Concurrent Weak Roots OopStorageSet           1.115 / 1.891         1.104 / 1.891         1.104 / 1.891         1.104 / 1.891       ms
[50.113s][info][gc,stats    ]    Subphase: Pause Mark Try Complete                       0.015 / 0.016         0.006 / 0.016         0.006 / 0.016         0.006 / 0.016       ms
[50.113s][info][gc,stats    ]      System: Java Threads                                    281 / 282             252 / 282             252 / 282             252 / 282         threads
[50.113s][info][gc,stats    ] =========================================================================================================================================================
[50.129s][info][gc,phases   ] GC(66) Concurrent Mark 99.875ms
[50.129s][info][gc,phases   ] GC(66) Pause Mark End 0.016ms
[50.129s][info][gc,phases   ] GC(66) Concurrent Mark Free 0.000ms
[50.181s][info][gc,phases   ] GC(66) Concurrent Process Non-Strong References 52.166ms
[50.181s][info][gc,phases   ] GC(66) Concurrent Reset Relocation Set 0.003ms
[50.183s][info][gc,phases   ] GC(66) Concurrent Select Relocation Set 2.411ms
[50.184s][info][gc,phases   ] GC(66) Pause Relocate Start 0.012ms
[50.197s][info][gc,phases   ] GC(66) Concurrent Relocate 12.541ms
[50.197s][info][gc,load     ] GC(66) Load: 0.00/0.00/0.00
[50.197s][info][gc,mmu      ] GC(66) MMU: 2ms/95.2%, 5ms/98.1%, 10ms/99.0%, 20ms/99.5%, 50ms/99.8%, 100ms/99.9%
[50.197s][info][gc,marking  ] GC(66) Mark: 1 stripe(s), 2 proactive flush(es), 1 terminate flush(es), 0 completion(s), 0 continuation(s) 
[50.197s][info][gc,marking  ] GC(66) Mark Stack Usage: 32M
[50.197s][info][gc,nmethod  ] GC(66) NMethods: 19308 registered, 0 unregistered
[50.197s][info][gc,metaspace] GC(66) Metaspace: 132M used, 134M committed, 1152M reserved
[50.197s][info][gc,ref      ] GC(66) Soft: 8844 encountered, 0 discovered, 0 enqueued
[50.197s][info][gc,ref      ] GC(66) Weak: 16322 encountered, 4021 discovered, 950 enqueued
[50.197s][info][gc,ref      ] GC(66) Final: 53 encountered, 0 discovered, 0 enqueued
[50.197s][info][gc,ref      ] GC(66) Phantom: 589 encountered, 355 discovered, 0 enqueued
[50.197s][info][gc,reloc    ] GC(66) Small Pages: 752 / 1504M, Empty: 1062M, Relocated: 22M, In-Place: 0
[50.197s][info][gc,reloc    ] GC(66) Medium Pages: 2 / 64M, Empty: 32M, Relocated: 0M, In-Place: 0
[50.197s][info][gc,reloc    ] GC(66) Large Pages: 10 / 60M, Empty: 60M, Relocated: 0M, In-Place: 0
[50.197s][info][gc,reloc    ] GC(66) Forwarding Usage: 2M
[50.197s][info][gc,heap     ] GC(66) Min Capacity: 2048M(100%)
[50.197s][info][gc,heap     ] GC(66) Max Capacity: 2048M(100%)
[50.197s][info][gc,heap     ] GC(66) Soft Max Capacity: 2048M(100%)
[50.197s][info][gc,heap     ] GC(66)                Mark Start          Mark End        Relocate Start      Relocate End           High               Low         
[50.197s][info][gc,heap     ] GC(66)  Capacity:     2048M (100%)       2048M (100%)       2048M (100%)       2048M (100%)       2048M (100%)       2048M (100%)   
[50.197s][info][gc,heap     ] GC(66)      Free:      420M (21%)         284M (14%)        1378M (67%)        1716M (84%)        1718M (84%)         226M (11%)    
[50.197s][info][gc,heap     ] GC(66)      Used:     1628M (79%)        1764M (86%)         670M (33%)         332M (16%)        1822M (89%)         330M (16%)    
[50.197s][info][gc,heap     ] GC(66)      Live:         -               102M (5%)          102M (5%)          102M (5%)             -                  -          
[50.197s][info][gc,heap     ] GC(66) Allocated:         -               136M (7%)          196M (10%)         211M (10%)            -                  -          
[50.197s][info][gc,heap     ] GC(66)   Garbage:         -              1525M (74%)         371M (18%)          17M (1%)             -                  -          
[50.197s][info][gc,heap     ] GC(66) Reclaimed:         -                  -              1154M (56%)        1507M (74%)            -                  -          
[50.197s][info][gc          ] GC(66) Garbage Collection (Allocation Rate) 1628M(79%)->332M(16%)
[50.247s][info][gc,start    ] GC(67) Garbage Collection (System.gc())
[50.247s][info][gc,task     ] GC(67) Using 2 workers
[50.247s][info][gc,phases   ] GC(67) Pause Mark Start 0.004ms
[50.294s][info][gc,phases   ] GC(67) Concurrent Mark 46.383ms
[50.294s][info][gc,phases   ] GC(67) Pause Mark End 0.030ms
[50.294s][info][gc,phases   ] GC(67) Concurrent Mark Free 0.001ms
[50.311s][info][gc,phases   ] GC(67) Concurrent Process Non-Strong References 17.226ms
[50.311s][info][gc,phases   ] GC(67) Concurrent Reset Relocation Set 0.012ms
[50.313s][info][gc,phases   ] GC(67) Concurrent Select Relocation Set 1.562ms
[50.313s][info][gc,phases   ] GC(67) Pause Relocate Start 0.007ms
[50.315s][info][gc,phases   ] GC(67) Concurrent Relocate 1.544ms
[50.315s][info][gc,load     ] GC(67) Load: 0.00/0.00/0.00
[50.315s][info][gc,mmu      ] GC(67) MMU: 2ms/95.2%, 5ms/98.1%, 10ms/99.0%, 20ms/99.5%, 50ms/99.8%, 100ms/99.9%
[50.315s][info][gc,marking  ] GC(67) Mark: 2 stripe(s), 1 proactive flush(es), 1 terminate flush(es), 0 completion(s), 0 continuation(s) 
[50.315s][info][gc,marking  ] GC(67) Mark Stack Usage: 32M
[50.315s][info][gc,nmethod  ] GC(67) NMethods: 19310 registered, 0 unregistered
[50.315s][info][gc,metaspace] GC(67) Metaspace: 132M used, 134M committed, 1152M reserved
[50.315s][info][gc,ref      ] GC(67) Soft: 8842 encountered, 0 discovered, 0 enqueued
[50.315s][info][gc,ref      ] GC(67) Weak: 15586 encountered, 4073 discovered, 360 enqueued
[50.315s][info][gc,ref      ] GC(67) Final: 53 encountered, 0 discovered, 0 enqueued
[50.315s][info][gc,ref      ] GC(67) Phantom: 589 encountered, 391 discovered, 0 enqueued
[50.315s][info][gc,reloc    ] GC(67) Small Pages: 135 / 270M, Empty: 138M, Relocated: 3M, In-Place: 0
[50.315s][info][gc,reloc    ] GC(67) Medium Pages: 2 / 64M, Empty: 32M, Relocated: 0M, In-Place: 0
[50.315s][info][gc,reloc    ] GC(67) Large Pages: 4 / 24M, Empty: 24M, Relocated: 0M, In-Place: 0
[50.315s][info][gc,reloc    ] GC(67) Forwarding Usage: 0M
[50.315s][info][gc,heap     ] GC(67) Min Capacity: 2048M(100%)
[50.315s][info][gc,heap     ] GC(67) Max Capacity: 2048M(100%)
[50.315s][info][gc,heap     ] GC(67) Soft Max Capacity: 2048M(100%)
[50.315s][info][gc,heap     ] GC(67)                Mark Start          Mark End        Relocate Start      Relocate End           High               Low         
[50.315s][info][gc,heap     ] GC(67)  Capacity:     2048M (100%)       2048M (100%)       2048M (100%)       2048M (100%)       2048M (100%)       2048M (100%)   
[50.315s][info][gc,heap     ] GC(67)      Free:     1690M (83%)        1688M (82%)        1874M (92%)        1938M (95%)        1938M (95%)        1688M (82%)    
[50.315s][info][gc,heap     ] GC(67)      Used:      358M (17%)         360M (18%)         174M (8%)          110M (5%)          360M (18%)         110M (5%)     
[50.315s][info][gc,heap     ] GC(67)      Live:         -                82M (4%)           82M (4%)           82M (4%)             -                  -          
[50.315s][info][gc,heap     ] GC(67) Allocated:         -                 2M (0%)           10M (0%)           11M (1%)             -                  -          
[50.315s][info][gc,heap     ] GC(67)   Garbage:         -               275M (13%)          81M (4%)           15M (1%)             -                  -          
[50.315s][info][gc,heap     ] GC(67) Reclaimed:         -                  -               194M (9%)          259M (13%)            -                  -          
[50.315s][info][gc          ] GC(67) Garbage Collection (System.gc()) 358M(17%)->110M(5%)
[51.012s][info][gc,start    ] GC(68) Garbage Collection (Allocation Rate)
[51.012s][info][gc,task     ] GC(68) Using 1 workers
[51.012s][info][gc,phases   ] GC(68) Pause Mark Start 0.008ms
[51.117s][info][gc,phases   ] GC(68) Concurrent Mark 104.839ms
[51.117s][info][gc,phases   ] GC(68) Pause Mark End 0.017ms
[51.117s][info][gc,phases   ] GC(68) Concurrent Mark Free 0.001ms
[51.173s][info][gc,phases   ] GC(68) Concurrent Process Non-Strong References 55.928ms
[51.173s][info][gc,phases   ] GC(68) Concurrent Reset Relocation Set 0.003ms
[51.176s][info][gc,phases   ] GC(68) Concurrent Select Relocation Set 2.605ms
[51.176s][info][gc,phases   ] GC(68) Pause Relocate Start 0.009ms
[51.189s][info][gc,phases   ] GC(68) Concurrent Relocate 12.656ms
[51.189s][info][gc,load     ] GC(68) Load: 0.00/0.00/0.00
[51.189s][info][gc,mmu      ] GC(68) MMU: 2ms/95.2%, 5ms/98.1%, 10ms/99.0%, 20ms/99.5%, 50ms/99.8%, 100ms/99.9%
[51.189s][info][gc,marking  ] GC(68) Mark: 1 stripe(s), 2 proactive flush(es), 1 terminate flush(es), 0 completion(s), 0 continuation(s) 
[51.189s][info][gc,marking  ] GC(68) Mark Stack Usage: 32M
[51.189s][info][gc,nmethod  ] GC(68) NMethods: 19540 registered, 0 unregistered
[51.189s][info][gc,metaspace] GC(68) Metaspace: 132M used, 134M committed, 1152M reserved
[51.189s][info][gc,ref      ] GC(68) Soft: 8845 encountered, 0 discovered, 0 enqueued
[51.189s][info][gc,ref      ] GC(68) Weak: 16290 encountered, 4002 discovered, 931 enqueued
[51.189s][info][gc,ref      ] GC(68) Final: 53 encountered, 0 discovered, 0 enqueued
[51.189s][info][gc,ref      ] GC(68) Phantom: 589 encountered, 306 discovered, 0 enqueued
[51.189s][info][gc,reloc    ] GC(68) Small Pages: 738 / 1476M, Empty: 1060M, Relocated: 20M, In-Place: 0
[51.189s][info][gc,reloc    ] GC(68) Medium Pages: 2 / 64M, Empty: 32M, Relocated: 0M, In-Place: 0
[51.189s][info][gc,reloc    ] GC(68) Large Pages: 10 / 60M, Empty: 60M, Relocated: 0M, In-Place: 0
[51.189s][info][gc,reloc    ] GC(68) Forwarding Usage: 1M
[51.189s][info][gc,heap     ] GC(68) Min Capacity: 2048M(100%)
[51.189s][info][gc,heap     ] GC(68) Max Capacity: 2048M(100%)
[51.189s][info][gc,heap     ] GC(68) Soft Max Capacity: 2048M(100%)
[51.189s][info][gc,heap     ] GC(68)                Mark Start          Mark End        Relocate Start      Relocate End           High               Low         
[51.189s][info][gc,heap     ] GC(68)  Capacity:     2048M (100%)       2048M (100%)       2048M (100%)       2048M (100%)       2048M (100%)       2048M (100%)   
[51.189s][info][gc,heap     ] GC(68)      Free:      448M (22%)         284M (14%)        1374M (67%)        1688M (82%)        1688M (82%)         228M (11%)    
[51.189s][info][gc,heap     ] GC(68)      Used:     1600M (78%)        1764M (86%)         674M (33%)         360M (18%)        1820M (89%)         360M (18%)    
[51.189s][info][gc,heap     ] GC(68)      Live:         -               100M (5%)          100M (5%)          100M (5%)             -                  -          
[51.189s][info][gc,heap     ] GC(68) Allocated:         -               164M (8%)          226M (11%)         243M (12%)            -                  -          
[51.189s][info][gc,heap     ] GC(68)   Garbage:         -              1499M (73%)         347M (17%)          15M (1%)             -                  -          
[51.189s][info][gc,heap     ] GC(68) Reclaimed:         -                  -              1152M (56%)        1483M (72%)            -                  -          
[51.189s][info][gc          ] GC(68) Garbage Collection (Allocation Rate) 1600M(78%)->360M(18%)
[51.235s][info][gc,start    ] GC(69) Garbage Collection (System.gc())
[51.235s][info][gc,task     ] GC(69) Using 2 workers
[51.235s][info][gc,phases   ] GC(69) Pause Mark Start 0.005ms
[51.282s][info][gc,phases   ] GC(69) Concurrent Mark 47.077ms
[51.282s][info][gc,phases   ] GC(69) Pause Mark End 0.033ms
[51.282s][info][gc,phases   ] GC(69) Concurrent Mark Free 0.002ms
[51.300s][info][gc,phases   ] GC(69) Concurrent Process Non-Strong References 18.146ms
[51.301s][info][gc,phases   ] GC(69) Concurrent Reset Relocation Set 0.012ms
[51.302s][info][gc,phases   ] GC(69) Concurrent Select Relocation Set 1.827ms
[51.302s][info][gc,phases   ] GC(69) Pause Relocate Start 0.008ms
[51.305s][info][gc,phases   ] GC(69) Concurrent Relocate 1.974ms
[51.305s][info][gc,load     ] GC(69) Load: 0.00/0.00/0.00
[51.305s][info][gc,mmu      ] GC(69) MMU: 2ms/95.2%, 5ms/98.1%, 10ms/99.0%, 20ms/99.5%, 50ms/99.8%, 100ms/99.9%
[51.305s][info][gc,marking  ] GC(69) Mark: 2 stripe(s), 2 proactive flush(es), 1 terminate flush(es), 0 completion(s), 0 continuation(s) 
[51.305s][info][gc,marking  ] GC(69) Mark Stack Usage: 32M
[51.305s][info][gc,nmethod  ] GC(69) NMethods: 19564 registered, 0 unregistered
[51.305s][info][gc,metaspace] GC(69) Metaspace: 132M used, 134M committed, 1152M reserved
[51.305s][info][gc,ref      ] GC(69) Soft: 8842 encountered, 0 discovered, 0 enqueued
[51.305s][info][gc,ref      ] GC(69) Weak: 15572 encountered, 3974 discovered, 356 enqueued
[51.305s][info][gc,ref      ] GC(69) Final: 53 encountered, 0 discovered, 0 enqueued
[51.305s][info][gc,ref      ] GC(69) Phantom: 589 encountered, 306 discovered, 0 enqueued
[51.305s][info][gc,reloc    ] GC(69) Small Pages: 146 / 292M, Empty: 144M, Relocated: 6M, In-Place: 0
[51.305s][info][gc,reloc    ] GC(69) Medium Pages: 2 / 64M, Empty: 32M, Relocated: 0M, In-Place: 0
[51.305s][info][gc,reloc    ] GC(69) Large Pages: 4 / 24M, Empty: 24M, Relocated: 0M, In-Place: 0
[51.305s][info][gc,reloc    ] GC(69) Forwarding Usage: 0M
[51.305s][info][gc,heap     ] GC(69) Min Capacity: 2048M(100%)
[51.305s][info][gc,heap     ] GC(69) Max Capacity: 2048M(100%)
[51.305s][info][gc,heap     ] GC(69) Soft Max Capacity: 2048M(100%)
[51.305s][info][gc,heap     ] GC(69)                Mark Start          Mark End        Relocate Start      Relocate End           High               Low         
[51.305s][info][gc,heap     ] GC(69)  Capacity:     2048M (100%)       2048M (100%)       2048M (100%)       2048M (100%)       2048M (100%)       2048M (100%)   
[51.305s][info][gc,heap     ] GC(69)      Free:     1668M (81%)        1660M (81%)        1852M (90%)        1926M (94%)        1926M (94%)        1660M (81%)    
[51.305s][info][gc,heap     ] GC(69)      Used:      380M (19%)         388M (19%)         196M (10%)         122M (6%)          388M (19%)         122M (6%)     
[51.305s][info][gc,heap     ] GC(69)      Live:         -                87M (4%)           87M (4%)           87M (4%)             -                  -          
[51.305s][info][gc,heap     ] GC(69) Allocated:         -                 8M (0%)           16M (1%)           15M (1%)             -                  -          
[51.305s][info][gc,heap     ] GC(69)   Garbage:         -               292M (14%)          92M (5%)           18M (1%)             -                  -          
[51.305s][info][gc,heap     ] GC(69) Reclaimed:         -                  -               200M (10%)         273M (13%)            -                  -          
[51.305s][info][gc          ] GC(69) Garbage Collection (System.gc()) 380M(19%)->122M(6%)
[52.015s][info][gc,start    ] GC(70) Garbage Collection (Allocation Rate)
[52.015s][info][gc,task     ] GC(70) Using 2 workers
[52.015s][info][gc,phases   ] GC(70) Pause Mark Start 0.009ms
[52.078s][info][gc,phases   ] GC(70) Concurrent Mark 62.472ms
[52.078s][info][gc,phases   ] GC(70) Pause Mark End 0.018ms
[52.078s][info][gc,phases   ] GC(70) Concurrent Mark Free 0.001ms
[52.114s][info][gc,phases   ] GC(70) Concurrent Process Non-Strong References 36.096ms
[52.114s][info][gc,phases   ] GC(70) Concurrent Reset Relocation Set 0.004ms
[52.117s][info][gc,phases   ] GC(70) Concurrent Select Relocation Set 2.646ms
[52.117s][info][gc,phases   ] GC(70) Pause Relocate Start 0.010ms
[52.125s][info][gc,phases   ] GC(70) Concurrent Relocate 8.014ms
[52.125s][info][gc,load     ] GC(70) Load: 0.00/0.00/0.00
[52.125s][info][gc,mmu      ] GC(70) MMU: 2ms/95.2%, 5ms/98.1%, 10ms/99.0%, 20ms/99.5%, 50ms/99.8%, 100ms/99.9%
[52.125s][info][gc,marking  ] GC(70) Mark: 2 stripe(s), 2 proactive flush(es), 1 terminate flush(es), 0 completion(s), 0 continuation(s) 
[52.125s][info][gc,marking  ] GC(70) Mark Stack Usage: 32M
[52.125s][info][gc,nmethod  ] GC(70) NMethods: 19668 registered, 0 unregistered
[52.125s][info][gc,metaspace] GC(70) Metaspace: 132M used, 134M committed, 1152M reserved
[52.125s][info][gc,ref      ] GC(70) Soft: 8844 encountered, 0 discovered, 0 enqueued
[52.125s][info][gc,ref      ] GC(70) Weak: 16329 encountered, 4479 discovered, 954 enqueued
[52.125s][info][gc,ref      ] GC(70) Final: 53 encountered, 0 discovered, 0 enqueued
[52.125s][info][gc,ref      ] GC(70) Phantom: 589 encountered, 409 discovered, 0 enqueued
[52.125s][info][gc,reloc    ] GC(70) Small Pages: 773 / 1546M, Empty: 1060M, Relocated: 25M, In-Place: 0
[52.125s][info][gc,reloc    ] GC(70) Medium Pages: 2 / 64M, Empty: 32M, Relocated: 0M, In-Place: 0
[52.125s][info][gc,reloc    ] GC(70) Large Pages: 10 / 60M, Empty: 60M, Relocated: 0M, In-Place: 0
[52.125s][info][gc,reloc    ] GC(70) Forwarding Usage: 1M
[52.125s][info][gc,heap     ] GC(70) Min Capacity: 2048M(100%)
[52.125s][info][gc,heap     ] GC(70) Max Capacity: 2048M(100%)
[52.125s][info][gc,heap     ] GC(70) Soft Max Capacity: 2048M(100%)
[52.125s][info][gc,heap     ] GC(70)                Mark Start          Mark End        Relocate Start      Relocate End           High               Low         
[52.125s][info][gc,heap     ] GC(70)  Capacity:     2048M (100%)       2048M (100%)       2048M (100%)       2048M (100%)       2048M (100%)       2048M (100%)   
[52.125s][info][gc,heap     ] GC(70)      Free:      378M (18%)         276M (13%)        1408M (69%)        1786M (87%)        1786M (87%)         266M (13%)    
[52.125s][info][gc,heap     ] GC(70)      Used:     1670M (82%)        1772M (87%)         640M (31%)         262M (13%)        1782M (87%)         262M (13%)    
[52.126s][info][gc,heap     ] GC(70)      Live:         -               106M (5%)          106M (5%)          106M (5%)             -                  -          
[52.126s][info][gc,heap     ] GC(70) Allocated:         -               102M (5%)          122M (6%)          137M (7%)             -                  -          
[52.126s][info][gc,heap     ] GC(70)   Garbage:         -              1563M (76%)         411M (20%)          18M (1%)             -                  -          
[52.126s][info][gc,heap     ] GC(70) Reclaimed:         -                  -              1152M (56%)        1545M (75%)            -                  -          
[52.126s][info][gc          ] GC(70) Garbage Collection (Allocation Rate) 1670M(82%)->262M(13%)
[52.209s][info][gc,start    ] GC(71) Garbage Collection (System.gc())
[52.209s][info][gc,task     ] GC(71) Using 2 workers
[52.209s][info][gc,phases   ] GC(71) Pause Mark Start 0.004ms
[52.257s][info][gc,phases   ] GC(71) Concurrent Mark 47.323ms
[52.257s][info][gc,phases   ] GC(71) Pause Mark End 0.028ms
[52.257s][info][gc,phases   ] GC(71) Concurrent Mark Free 0.003ms
[52.275s][info][gc,phases   ] GC(71) Concurrent Process Non-Strong References 18.133ms
[52.275s][info][gc,phases   ] GC(71) Concurrent Reset Relocation Set 0.011ms
[52.277s][info][gc,phases   ] GC(71) Concurrent Select Relocation Set 1.669ms
[52.277s][info][gc,phases   ] GC(71) Pause Relocate Start 0.007ms
[52.278s][info][gc,phases   ] GC(71) Concurrent Relocate 0.777ms
[52.278s][info][gc,load     ] GC(71) Load: 0.00/0.00/0.00
[52.278s][info][gc,mmu      ] GC(71) MMU: 2ms/95.2%, 5ms/98.1%, 10ms/99.0%, 20ms/99.5%, 50ms/99.8%, 100ms/99.9%
[52.278s][info][gc,marking  ] GC(71) Mark: 2 stripe(s), 2 proactive flush(es), 1 terminate flush(es), 0 completion(s), 0 continuation(s) 
[52.278s][info][gc,marking  ] GC(71) Mark Stack Usage: 32M
[52.278s][info][gc,nmethod  ] GC(71) NMethods: 19672 registered, 0 unregistered
[52.278s][info][gc,metaspace] GC(71) Metaspace: 132M used, 134M committed, 1152M reserved
[52.278s][info][gc,ref      ] GC(71) Soft: 8842 encountered, 0 discovered, 0 enqueued
[52.278s][info][gc,ref      ] GC(71) Weak: 15589 encountered, 3160 discovered, 360 enqueued
[52.278s][info][gc,ref      ] GC(71) Final: 53 encountered, 0 discovered, 0 enqueued
[52.278s][info][gc,ref      ] GC(71) Phantom: 589 encountered, 407 discovered, 0 enqueued
[52.278s][info][gc,reloc    ] GC(71) Small Pages: 121 / 242M, Empty: 102M, Relocated: 1M, In-Place: 0
[52.278s][info][gc,reloc    ] GC(71) Medium Pages: 2 / 64M, Empty: 32M, Relocated: 0M, In-Place: 0
[52.278s][info][gc,reloc    ] GC(71) Large Pages: 4 / 24M, Empty: 24M, Relocated: 0M, In-Place: 0
[52.278s][info][gc,reloc    ] GC(71) Forwarding Usage: 0M
[52.278s][info][gc,heap     ] GC(71) Min Capacity: 2048M(100%)
[52.278s][info][gc,heap     ] GC(71) Max Capacity: 2048M(100%)
[52.278s][info][gc,heap     ] GC(71) Soft Max Capacity: 2048M(100%)
[52.278s][info][gc,heap     ] GC(71)                Mark Start          Mark End        Relocate Start      Relocate End           High               Low         
[52.278s][info][gc,heap     ] GC(71)  Capacity:     2048M (100%)       2048M (100%)       2048M (100%)       2048M (100%)       2048M (100%)       2048M (100%)   
[52.278s][info][gc,heap     ] GC(71)      Free:     1718M (84%)        1716M (84%)        1868M (91%)        1934M (94%)        1934M (94%)        1710M (83%)    
[52.278s][info][gc,heap     ] GC(71)      Used:      330M (16%)         332M (16%)         180M (9%)          114M (6%)          338M (17%)         114M (6%)     
[52.278s][info][gc,heap     ] GC(71)      Live:         -                82M (4%)           82M (4%)           82M (4%)             -                  -          
[52.278s][info][gc,heap     ] GC(71) Allocated:         -                 2M (0%)            8M (0%)           13M (1%)             -                  -          
[52.278s][info][gc,heap     ] GC(71)   Garbage:         -               247M (12%)          89M (4%)           17M (1%)             -                  -          
[52.278s][info][gc,heap     ] GC(71) Reclaimed:         -                  -               158M (8%)          229M (11%)            -                  -          
[52.278s][info][gc          ] GC(71) Garbage Collection (System.gc()) 330M(16%)->114M(6%)
[52.913s][info][gc,start    ] GC(72) Garbage Collection (Allocation Rate)
[52.913s][info][gc,task     ] GC(72) Using 1 workers
[52.913s][info][gc,phases   ] GC(72) Pause Mark Start 0.007ms
[53.014s][info][gc,phases   ] GC(72) Concurrent Mark 101.296ms
[53.014s][info][gc,phases   ] GC(72) Pause Mark End 0.025ms
[53.015s][info][gc,phases   ] GC(72) Concurrent Mark Free 0.001ms
[53.074s][info][gc,phases   ] GC(72) Concurrent Process Non-Strong References 59.270ms
[53.074s][info][gc,phases   ] GC(72) Concurrent Reset Relocation Set 0.006ms
[53.077s][info][gc,phases   ] GC(72) Concurrent Select Relocation Set 2.753ms
[53.077s][info][gc,phases   ] GC(72) Pause Relocate Start 0.011ms
[53.083s][info][gc,phases   ] GC(72) Concurrent Relocate 6.364ms
[53.083s][info][gc,load     ] GC(72) Load: 0.00/0.00/0.00
[53.083s][info][gc,mmu      ] GC(72) MMU: 2ms/95.2%, 5ms/98.1%, 10ms/99.0%, 20ms/99.5%, 50ms/99.8%, 100ms/99.9%
[53.083s][info][gc,marking  ] GC(72) Mark: 1 stripe(s), 2 proactive flush(es), 1 terminate flush(es), 0 completion(s), 0 continuation(s) 
[53.083s][info][gc,marking  ] GC(72) Mark Stack Usage: 32M
[53.083s][info][gc,nmethod  ] GC(72) NMethods: 19750 registered, 0 unregistered
[53.083s][info][gc,metaspace] GC(72) Metaspace: 132M used, 134M committed, 1152M reserved
[53.083s][info][gc,ref      ] GC(72) Soft: 8845 encountered, 0 discovered, 0 enqueued
[53.083s][info][gc,ref      ] GC(72) Weak: 16296 encountered, 4010 discovered, 938 enqueued
[53.083s][info][gc,ref      ] GC(72) Final: 53 encountered, 0 discovered, 0 enqueued
[53.083s][info][gc,ref      ] GC(72) Phantom: 589 encountered, 355 discovered, 0 enqueued
[53.083s][info][gc,reloc    ] GC(72) Small Pages: 652 / 1304M, Empty: 1058M, Relocated: 4M, In-Place: 0
[53.083s][info][gc,reloc    ] GC(72) Medium Pages: 2 / 64M, Empty: 32M, Relocated: 0M, In-Place: 0
[53.083s][info][gc,reloc    ] GC(72) Large Pages: 10 / 60M, Empty: 60M, Relocated: 0M, In-Place: 0
[53.083s][info][gc,reloc    ] GC(72) Forwarding Usage: 1M
[53.083s][info][gc,heap     ] GC(72) Min Capacity: 2048M(100%)
[53.083s][info][gc,heap     ] GC(72) Max Capacity: 2048M(100%)
[53.083s][info][gc,heap     ] GC(72) Soft Max Capacity: 2048M(100%)
[53.083s][info][gc,heap     ] GC(72)                Mark Start          Mark End        Relocate Start      Relocate End           High               Low         
[53.083s][info][gc,heap     ] GC(72)  Capacity:     2048M (100%)       2048M (100%)       2048M (100%)       2048M (100%)       2048M (100%)       2048M (100%)   
[53.084s][info][gc,heap     ] GC(72)      Free:      620M (30%)         356M (17%)        1428M (70%)        1592M (78%)        1592M (78%)         280M (14%)    
[53.084s][info][gc,heap     ] GC(72)      Used:     1428M (70%)        1692M (83%)         620M (30%)         456M (22%)        1768M (86%)         456M (22%)    
[53.084s][info][gc,heap     ] GC(72)      Live:         -                85M (4%)           85M (4%)           85M (4%)             -                  -          
[53.084s][info][gc,heap     ] GC(72) Allocated:         -               264M (13%)         342M (17%)         353M (17%)            -                  -          
[53.084s][info][gc,heap     ] GC(72)   Garbage:         -              1342M (66%)         192M (9%)           16M (1%)             -                  -          
[53.084s][info][gc,heap     ] GC(72) Reclaimed:         -                  -              1150M (56%)        1325M (65%)            -                  -          
[53.084s][info][gc          ] GC(72) Garbage Collection (Allocation Rate) 1428M(70%)->456M(22%)
[53.200s][info][gc,start    ] GC(73) Garbage Collection (System.gc())
[53.201s][info][gc,task     ] GC(73) Using 2 workers
[53.201s][info][gc,phases   ] GC(73) Pause Mark Start 0.005ms
[53.248s][info][gc,phases   ] GC(73) Concurrent Mark 47.291ms
[53.248s][info][gc,phases   ] GC(73) Pause Mark End 0.052ms
[53.248s][info][gc,phases   ] GC(73) Concurrent Mark Free 0.001ms
[53.267s][info][gc,phases   ] GC(73) Concurrent Process Non-Strong References 18.564ms
[53.267s][info][gc,phases   ] GC(73) Concurrent Reset Relocation Set 0.005ms
[53.269s][info][gc,phases   ] GC(73) Concurrent Select Relocation Set 1.547ms
[53.269s][info][gc,phases   ] GC(73) Pause Relocate Start 0.013ms
[53.270s][info][gc,phases   ] GC(73) Concurrent Relocate 1.269ms
[53.270s][info][gc,load     ] GC(73) Load: 0.00/0.00/0.00
[53.270s][info][gc,mmu      ] GC(73) MMU: 2ms/95.2%, 5ms/98.1%, 10ms/99.0%, 20ms/99.5%, 50ms/99.8%, 100ms/99.9%
[53.270s][info][gc,marking  ] GC(73) Mark: 2 stripe(s), 2 proactive flush(es), 1 terminate flush(es), 0 completion(s), 0 continuation(s) 
[53.270s][info][gc,marking  ] GC(73) Mark Stack Usage: 32M
[53.270s][info][gc,nmethod  ] GC(73) NMethods: 19753 registered, 0 unregistered
[53.270s][info][gc,metaspace] GC(73) Metaspace: 132M used, 134M committed, 1152M reserved
[53.270s][info][gc,ref      ] GC(73) Soft: 8842 encountered, 0 discovered, 0 enqueued
[53.270s][info][gc,ref      ] GC(73) Weak: 15578 encountered, 10203 discovered, 359 enqueued
[53.270s][info][gc,ref      ] GC(73) Final: 53 encountered, 27 discovered, 0 enqueued
[53.270s][info][gc,ref      ] GC(73) Phantom: 589 encountered, 340 discovered, 0 enqueued
[53.270s][info][gc,reloc    ] GC(73) Small Pages: 227 / 454M, Empty: 316M, Relocated: 1M, In-Place: 0
[53.270s][info][gc,reloc    ] GC(73) Medium Pages: 2 / 64M, Empty: 32M, Relocated: 0M, In-Place: 0
[53.270s][info][gc,reloc    ] GC(73) Large Pages: 4 / 24M, Empty: 24M, Relocated: 0M, In-Place: 0
[53.270s][info][gc,reloc    ] GC(73) Forwarding Usage: 0M
[53.270s][info][gc,heap     ] GC(73) Min Capacity: 2048M(100%)
[53.270s][info][gc,heap     ] GC(73) Max Capacity: 2048M(100%)
[53.270s][info][gc,heap     ] GC(73) Soft Max Capacity: 2048M(100%)
[53.270s][info][gc,heap     ] GC(73)                Mark Start          Mark End        Relocate Start      Relocate End           High               Low         
[53.270s][info][gc,heap     ] GC(73)  Capacity:     2048M (100%)       2048M (100%)       2048M (100%)       2048M (100%)       2048M (100%)       2048M (100%)   
[53.270s][info][gc,heap     ] GC(73)      Free:     1506M (74%)        1496M (73%)        1864M (91%)        1932M (94%)        1932M (94%)        1496M (73%)    
[53.270s][info][gc,heap     ] GC(73)      Used:      542M (26%)         552M (27%)         184M (9%)          116M (6%)          552M (27%)         116M (6%)     
[53.270s][info][gc,heap     ] GC(73)      Live:         -                82M (4%)           82M (4%)           82M (4%)             -                  -          
[53.270s][info][gc,heap     ] GC(73) Allocated:         -                10M (0%)           14M (1%)           15M (1%)             -                  -          
[53.270s][info][gc,heap     ] GC(73)   Garbage:         -               459M (22%)          87M (4%)           17M (1%)             -                  -          
[53.270s][info][gc,heap     ] GC(73) Reclaimed:         -                  -               372M (18%)         441M (22%)            -                  -          
[53.270s][info][gc          ] GC(73) Garbage Collection (System.gc()) 542M(26%)->116M(6%)
[53.925s][info][gc,start    ] GC(74) Garbage Collection (Allocation Rate)
[53.925s][info][gc,task     ] GC(74) Using 1 workers
[53.925s][info][gc,phases   ] GC(74) Pause Mark Start 0.014ms
[54.025s][info][gc,phases   ] GC(74) Concurrent Mark 99.541ms
[54.025s][info][gc,phases   ] GC(74) Pause Mark End 0.011ms
[54.025s][info][gc,phases   ] GC(74) Concurrent Mark Free 0.001ms
[54.085s][info][gc,phases   ] GC(74) Concurrent Process Non-Strong References 60.567ms
[54.085s][info][gc,phases   ] GC(74) Concurrent Reset Relocation Set 0.002ms
[54.088s][info][gc,phases   ] GC(74) Concurrent Select Relocation Set 2.171ms
[54.088s][info][gc,phases   ] GC(74) Pause Relocate Start 0.010ms
[54.097s][info][gc,phases   ] GC(74) Concurrent Relocate 8.444ms
[54.097s][info][gc,load     ] GC(74) Load: 0.00/0.00/0.00
[54.097s][info][gc,mmu      ] GC(74) MMU: 2ms/95.2%, 5ms/98.1%, 10ms/99.0%, 20ms/99.5%, 50ms/99.8%, 100ms/99.9%
[54.097s][info][gc,marking  ] GC(74) Mark: 1 stripe(s), 2 proactive flush(es), 1 terminate flush(es), 0 completion(s), 0 continuation(s) 
[54.097s][info][gc,marking  ] GC(74) Mark Stack Usage: 32M
[54.097s][info][gc,nmethod  ] GC(74) NMethods: 19882 registered, 0 unregistered
[54.097s][info][gc,metaspace] GC(74) Metaspace: 133M used, 134M committed, 1152M reserved
[54.097s][info][gc,ref      ] GC(74) Soft: 8845 encountered, 0 discovered, 0 enqueued
[54.097s][info][gc,ref      ] GC(74) Weak: 16327 encountered, 4027 discovered, 955 enqueued
[54.097s][info][gc,ref      ] GC(74) Final: 53 encountered, 0 discovered, 0 enqueued
[54.097s][info][gc,ref      ] GC(74) Phantom: 589 encountered, 355 discovered, 0 enqueued
[54.097s][info][gc,reloc    ] GC(74) Small Pages: 695 / 1390M, Empty: 1058M, Relocated: 11M, In-Place: 0
[54.097s][info][gc,reloc    ] GC(74) Medium Pages: 2 / 64M, Empty: 32M, Relocated: 0M, In-Place: 0
[54.097s][info][gc,reloc    ] GC(74) Large Pages: 10 / 60M, Empty: 60M, Relocated: 0M, In-Place: 0
[54.097s][info][gc,reloc    ] GC(74) Forwarding Usage: 1M
[54.097s][info][gc,heap     ] GC(74) Min Capacity: 2048M(100%)
[54.097s][info][gc,heap     ] GC(74) Max Capacity: 2048M(100%)
[54.097s][info][gc,heap     ] GC(74) Soft Max Capacity: 2048M(100%)
[54.097s][info][gc,heap     ] GC(74)                Mark Start          Mark End        Relocate Start      Relocate End           High               Low         
[54.097s][info][gc,heap     ] GC(74)  Capacity:     2048M (100%)       2048M (100%)       2048M (100%)       2048M (100%)       2048M (100%)       2048M (100%)   
[54.097s][info][gc,heap     ] GC(74)      Free:      534M (26%)         296M (14%)        1426M (70%)        1664M (81%)        1664M (81%)         278M (14%)    
[54.097s][info][gc,heap     ] GC(74)      Used:     1514M (74%)        1752M (86%)         622M (30%)         384M (19%)        1770M (86%)         384M (19%)    
[54.097s][info][gc,heap     ] GC(74)      Live:         -                92M (4%)           92M (4%)           92M (4%)             -                  -          
[54.097s][info][gc,heap     ] GC(74) Allocated:         -               238M (12%)         258M (13%)         275M (13%)            -                  -          
[54.097s][info][gc,heap     ] GC(74)   Garbage:         -              1421M (69%)         271M (13%)          16M (1%)             -                  -          
[54.097s][info][gc,heap     ] GC(74) Reclaimed:         -                  -              1150M (56%)        1405M (69%)            -                  -          
[54.097s][info][gc          ] GC(74) Garbage Collection (Allocation Rate) 1514M(74%)->384M(19%)
[54.188s][info][gc,start    ] GC(75) Garbage Collection (System.gc())
[54.188s][info][gc,task     ] GC(75) Using 2 workers
[54.188s][info][gc,phases   ] GC(75) Pause Mark Start 0.007ms
[54.250s][info][gc,phases   ] GC(75) Concurrent Mark 61.953ms
[54.251s][info][gc,phases   ] GC(75) Pause Mark End 0.028ms
[54.251s][info][gc,phases   ] GC(75) Concurrent Mark Free 0.002ms
[54.271s][info][gc,phases   ] GC(75) Concurrent Process Non-Strong References 19.977ms
[54.271s][info][gc,phases   ] GC(75) Concurrent Reset Relocation Set 0.008ms
[54.273s][info][gc,phases   ] GC(75) Concurrent Select Relocation Set 2.025ms
[54.273s][info][gc,phases   ] GC(75) Pause Relocate Start 0.009ms
[54.273s][info][gc,phases   ] GC(75) Concurrent Relocate 0.403ms
[54.274s][info][gc,load     ] GC(75) Load: 0.00/0.00/0.00
[54.274s][info][gc,mmu      ] GC(75) MMU: 2ms/95.2%, 5ms/98.1%, 10ms/99.0%, 20ms/99.5%, 50ms/99.8%, 100ms/99.9%
[54.274s][info][gc,marking  ] GC(75) Mark: 2 stripe(s), 2 proactive flush(es), 1 terminate flush(es), 0 completion(s), 0 continuation(s) 
[54.274s][info][gc,marking  ] GC(75) Mark Stack Usage: 32M
[54.274s][info][gc,nmethod  ] GC(75) NMethods: 19895 registered, 0 unregistered
[54.274s][info][gc,metaspace] GC(75) Metaspace: 133M used, 134M committed, 1152M reserved
[54.274s][info][gc,ref      ] GC(75) Soft: 8842 encountered, 0 discovered, 0 enqueued
[54.274s][info][gc,ref      ] GC(75) Weak: 15601 encountered, 3779 discovered, 366 enqueued
[54.274s][info][gc,ref      ] GC(75) Final: 53 encountered, 29 discovered, 0 enqueued
[54.274s][info][gc,ref      ] GC(75) Phantom: 589 encountered, 400 discovered, 0 enqueued
[54.274s][info][gc,reloc    ] GC(75) Small Pages: 189 / 378M, Empty: 242M, Relocated: 0M, In-Place: 0
[54.274s][info][gc,reloc    ] GC(75) Medium Pages: 2 / 64M, Empty: 32M, Relocated: 0M, In-Place: 0
[54.274s][info][gc,reloc    ] GC(75) Large Pages: 4 / 24M, Empty: 24M, Relocated: 0M, In-Place: 0
[54.274s][info][gc,reloc    ] GC(75) Forwarding Usage: 0M
[54.274s][info][gc,heap     ] GC(75) Min Capacity: 2048M(100%)
[54.274s][info][gc,heap     ] GC(75) Max Capacity: 2048M(100%)
[54.274s][info][gc,heap     ] GC(75) Soft Max Capacity: 2048M(100%)
[54.274s][info][gc,heap     ] GC(75)                Mark Start          Mark End        Relocate Start      Relocate End           High               Low         
[54.274s][info][gc,heap     ] GC(75)  Capacity:     2048M (100%)       2048M (100%)       2048M (100%)       2048M (100%)       2048M (100%)       2048M (100%)   
[54.274s][info][gc,heap     ] GC(75)      Free:     1582M (77%)        1580M (77%)        1872M (91%)        1934M (94%)        1934M (94%)        1580M (77%)    
[54.274s][info][gc,heap     ] GC(75)      Used:      466M (23%)         468M (23%)         176M (9%)          114M (6%)          468M (23%)         114M (6%)     
[54.274s][info][gc,heap     ] GC(75)      Live:         -                82M (4%)           82M (4%)           82M (4%)             -                  -          
[54.274s][info][gc,heap     ] GC(75) Allocated:         -                 2M (0%)            8M (0%)           11M (1%)             -                  -          
[54.274s][info][gc,heap     ] GC(75)   Garbage:         -               383M (19%)          85M (4%)           19M (1%)             -                  -          
[54.274s][info][gc,heap     ] GC(75) Reclaimed:         -                  -               298M (15%)         363M (18%)            -                  -          
[54.274s][info][gc          ] GC(75) Garbage Collection (System.gc()) 466M(23%)->114M(6%)
[54.918s][info][gc,start    ] GC(76) Garbage Collection (Allocation Rate)
[54.918s][info][gc,task     ] GC(76) Using 1 workers
[54.918s][info][gc,phases   ] GC(76) Pause Mark Start 0.006ms
[55.016s][info][gc,phases   ] GC(76) Concurrent Mark 97.606ms
[55.016s][info][gc,phases   ] GC(76) Pause Mark End 0.015ms
[55.016s][info][gc,phases   ] GC(76) Concurrent Mark Free 0.000ms
[55.076s][info][gc,phases   ] GC(76) Concurrent Process Non-Strong References 60.635ms
[55.077s][info][gc,phases   ] GC(76) Concurrent Reset Relocation Set 0.009ms
[55.079s][info][gc,phases   ] GC(76) Concurrent Select Relocation Set 2.519ms
[55.079s][info][gc,phases   ] GC(76) Pause Relocate Start 0.011ms
[55.086s][info][gc,phases   ] GC(76) Concurrent Relocate 6.675ms
[55.086s][info][gc,load     ] GC(76) Load: 0.00/0.00/0.00
[55.086s][info][gc,mmu      ] GC(76) MMU: 2ms/95.2%, 5ms/98.1%, 10ms/99.0%, 20ms/99.5%, 50ms/99.8%, 100ms/99.9%
[55.086s][info][gc,marking  ] GC(76) Mark: 1 stripe(s), 2 proactive flush(es), 1 terminate flush(es), 0 completion(s), 0 continuation(s) 
[55.086s][info][gc,marking  ] GC(76) Mark Stack Usage: 32M
[55.086s][info][gc,nmethod  ] GC(76) NMethods: 19946 registered, 0 unregistered
[55.086s][info][gc,metaspace] GC(76) Metaspace: 133M used, 134M committed, 1152M reserved
[55.086s][info][gc,ref      ] GC(76) Soft: 8845 encountered, 0 discovered, 0 enqueued
[55.086s][info][gc,ref      ] GC(76) Weak: 16298 encountered, 4008 discovered, 945 enqueued
[55.086s][info][gc,ref      ] GC(76) Final: 53 encountered, 0 discovered, 0 enqueued
[55.086s][info][gc,ref      ] GC(76) Phantom: 589 encountered, 355 discovered, 0 enqueued
[55.086s][info][gc,reloc    ] GC(76) Small Pages: 652 / 1304M, Empty: 1062M, Relocated: 5M, In-Place: 0
[55.086s][info][gc,reloc    ] GC(76) Medium Pages: 2 / 64M, Empty: 32M, Relocated: 0M, In-Place: 0
[55.086s][info][gc,reloc    ] GC(76) Large Pages: 10 / 60M, Empty: 60M, Relocated: 0M, In-Place: 0
[55.086s][info][gc,reloc    ] GC(76) Forwarding Usage: 1M
[55.086s][info][gc,heap     ] GC(76) Min Capacity: 2048M(100%)
[55.086s][info][gc,heap     ] GC(76) Max Capacity: 2048M(100%)
[55.086s][info][gc,heap     ] GC(76) Soft Max Capacity: 2048M(100%)
[55.086s][info][gc,heap     ] GC(76)                Mark Start          Mark End        Relocate Start      Relocate End           High               Low         
[55.086s][info][gc,heap     ] GC(76)  Capacity:     2048M (100%)       2048M (100%)       2048M (100%)       2048M (100%)       2048M (100%)       2048M (100%)   
[55.086s][info][gc,heap     ] GC(76)      Free:      620M (30%)         362M (18%)        1432M (70%)        1596M (78%)        1596M (78%)         282M (14%)    
[55.086s][info][gc,heap     ] GC(76)      Used:     1428M (70%)        1686M (82%)         616M (30%)         452M (22%)        1766M (86%)         452M (22%)    
[55.086s][info][gc,heap     ] GC(76)      Live:         -                85M (4%)           85M (4%)           85M (4%)             -                  -          
[55.086s][info][gc,heap     ] GC(76) Allocated:         -               258M (13%)         342M (17%)         349M (17%)            -                  -          
[55.086s][info][gc,heap     ] GC(76)   Garbage:         -              1342M (66%)         188M (9%)           16M (1%)             -                  -          
[55.086s][info][gc,heap     ] GC(76) Reclaimed:         -                  -              1154M (56%)        1325M (65%)            -                  -          
[55.086s][info][gc          ] GC(76) Garbage Collection (Allocation Rate) 1428M(70%)->452M(22%)
[55.206s][info][gc,start    ] GC(77) Garbage Collection (System.gc())
[55.206s][info][gc,task     ] GC(77) Using 2 workers
[55.206s][info][gc,phases   ] GC(77) Pause Mark Start 0.008ms
[55.254s][info][gc,phases   ] GC(77) Concurrent Mark 47.253ms
[55.254s][info][gc,phases   ] GC(77) Pause Mark End 0.024ms
[55.254s][info][gc,phases   ] GC(77) Concurrent Mark Free 0.001ms
[55.273s][info][gc,phases   ] GC(77) Concurrent Process Non-Strong References 19.174ms
[55.273s][info][gc,phases   ] GC(77) Concurrent Reset Relocation Set 0.006ms
[55.275s][info][gc,phases   ] GC(77) Concurrent Select Relocation Set 1.829ms
[55.275s][info][gc,phases   ] GC(77) Pause Relocate Start 0.011ms
[55.276s][info][gc,phases   ] GC(77) Concurrent Relocate 0.574ms
[55.276s][info][gc,load     ] GC(77) Load: 0.00/0.00/0.00
[55.276s][info][gc,mmu      ] GC(77) MMU: 2ms/95.2%, 5ms/98.1%, 10ms/99.0%, 20ms/99.5%, 50ms/99.8%, 100ms/99.9%
[55.276s][info][gc,marking  ] GC(77) Mark: 2 stripe(s), 2 proactive flush(es), 1 terminate flush(es), 0 completion(s), 0 continuation(s) 
[55.276s][info][gc,marking  ] GC(77) Mark Stack Usage: 32M
[55.276s][info][gc,nmethod  ] GC(77) NMethods: 19953 registered, 0 unregistered
[55.276s][info][gc,metaspace] GC(77) Metaspace: 133M used, 134M committed, 1152M reserved
[55.276s][info][gc,ref      ] GC(77) Soft: 8842 encountered, 0 discovered, 0 enqueued
[55.276s][info][gc,ref      ] GC(77) Weak: 15580 encountered, 3177 discovered, 356 enqueued
[55.276s][info][gc,ref      ] GC(77) Final: 53 encountered, 0 discovered, 0 enqueued
[55.276s][info][gc,ref      ] GC(77) Phantom: 589 encountered, 400 discovered, 0 enqueued
[55.276s][info][gc,reloc    ] GC(77) Small Pages: 225 / 450M, Empty: 316M, Relocated: 1M, In-Place: 0
[55.276s][info][gc,reloc    ] GC(77) Medium Pages: 2 / 64M, Empty: 32M, Relocated: 0M, In-Place: 0
[55.276s][info][gc,reloc    ] GC(77) Large Pages: 4 / 24M, Empty: 24M, Relocated: 0M, In-Place: 0
[55.276s][info][gc,reloc    ] GC(77) Forwarding Usage: 0M
[55.276s][info][gc,heap     ] GC(77) Min Capacity: 2048M(100%)
[55.276s][info][gc,heap     ] GC(77) Max Capacity: 2048M(100%)
[55.276s][info][gc,heap     ] GC(77) Soft Max Capacity: 2048M(100%)
[55.276s][info][gc,heap     ] GC(77)                Mark Start          Mark End        Relocate Start      Relocate End           High               Low         
[55.276s][info][gc,heap     ] GC(77)  Capacity:     2048M (100%)       2048M (100%)       2048M (100%)       2048M (100%)       2048M (100%)       2048M (100%)   
[55.276s][info][gc,heap     ] GC(77)      Free:     1510M (74%)        1500M (73%)        1870M (91%)        1934M (94%)        1934M (94%)        1500M (73%)    
[55.276s][info][gc,heap     ] GC(77)      Used:      538M (26%)         548M (27%)         178M (9%)          114M (6%)          548M (27%)         114M (6%)     
[55.276s][info][gc,heap     ] GC(77)      Live:         -                82M (4%)           82M (4%)           82M (4%)             -                  -          
[55.276s][info][gc,heap     ] GC(77) Allocated:         -                10M (0%)           12M (1%)           11M (1%)             -                  -          
[55.276s][info][gc,heap     ] GC(77)   Garbage:         -               455M (22%)          83M (4%)           19M (1%)             -                  -          
[55.276s][info][gc,heap     ] GC(77) Reclaimed:         -                  -               372M (18%)         435M (21%)            -                  -          
[55.276s][info][gc          ] GC(77) Garbage Collection (System.gc()) 538M(26%)->114M(6%)
[55.822s][info][gc,start    ] GC(78) Garbage Collection (Allocation Rate)
[55.822s][info][gc,task     ] GC(78) Using 1 workers
[55.822s][info][gc,phases   ] GC(78) Pause Mark Start 0.005ms
[55.918s][info][gc,phases   ] GC(78) Concurrent Mark 95.625ms
[55.918s][info][gc,phases   ] GC(78) Pause Mark End 0.013ms
[55.918s][info][gc,phases   ] GC(78) Concurrent Mark Free 0.001ms
[55.979s][info][gc,phases   ] GC(78) Concurrent Process Non-Strong References 61.338ms
[55.979s][info][gc,phases   ] GC(78) Concurrent Reset Relocation Set 0.003ms
[55.982s][info][gc,phases   ] GC(78) Concurrent Select Relocation Set 2.353ms
[55.982s][info][gc,phases   ] GC(78) Pause Relocate Start 0.010ms
[55.985s][info][gc,phases   ] GC(78) Concurrent Relocate 3.550ms
[55.985s][info][gc,load     ] GC(78) Load: 0.00/0.00/0.00
[55.986s][info][gc,mmu      ] GC(78) MMU: 2ms/95.2%, 5ms/98.1%, 10ms/99.0%, 20ms/99.5%, 50ms/99.8%, 100ms/99.9%
[55.986s][info][gc,marking  ] GC(78) Mark: 1 stripe(s), 2 proactive flush(es), 1 terminate flush(es), 0 completion(s), 0 continuation(s) 
[55.986s][info][gc,marking  ] GC(78) Mark Stack Usage: 32M
[55.986s][info][gc,nmethod  ] GC(78) NMethods: 20076 registered, 0 unregistered
[55.986s][info][gc,metaspace] GC(78) Metaspace: 133M used, 134M committed, 1152M reserved
[55.986s][info][gc,ref      ] GC(78) Soft: 8845 encountered, 0 discovered, 0 enqueued
[55.986s][info][gc,ref      ] GC(78) Weak: 16224 encountered, 3967 discovered, 714 enqueued
[55.986s][info][gc,ref      ] GC(78) Final: 53 encountered, 0 discovered, 0 enqueued
[55.986s][info][gc,ref      ] GC(78) Phantom: 589 encountered, 268 discovered, 0 enqueued
[55.986s][info][gc,reloc    ] GC(78) Small Pages: 627 / 1254M, Empty: 1034M, Relocated: 3M, In-Place: 0
[55.986s][info][gc,reloc    ] GC(78) Medium Pages: 2 / 64M, Empty: 32M, Relocated: 0M, In-Place: 0
[55.986s][info][gc,reloc    ] GC(78) Large Pages: 7 / 42M, Empty: 42M, Relocated: 0M, In-Place: 0
[55.986s][info][gc,reloc    ] GC(78) Forwarding Usage: 1M
[55.986s][info][gc,heap     ] GC(78) Min Capacity: 2048M(100%)
[55.986s][info][gc,heap     ] GC(78) Max Capacity: 2048M(100%)
[55.986s][info][gc,heap     ] GC(78) Soft Max Capacity: 2048M(100%)
[55.986s][info][gc,heap     ] GC(78)                Mark Start          Mark End        Relocate Start      Relocate End           High               Low         
[55.986s][info][gc,heap     ] GC(78)  Capacity:     2048M (100%)       2048M (100%)       2048M (100%)       2048M (100%)       2048M (100%)       2048M (100%)   
[55.986s][info][gc,heap     ] GC(78)      Free:      688M (34%)         524M (26%)        1480M (72%)        1622M (79%)        1622M (79%)         378M (18%)    
[55.986s][info][gc,heap     ] GC(78)      Used:     1360M (66%)        1524M (74%)         568M (28%)         426M (21%)        1670M (82%)         426M (21%)    
[55.986s][info][gc,heap     ] GC(78)      Live:         -                83M (4%)           83M (4%)           83M (4%)             -                  -          
[55.986s][info][gc,heap     ] GC(78) Allocated:         -               164M (8%)          316M (15%)         325M (16%)            -                  -          
[55.986s][info][gc,heap     ] GC(78)   Garbage:         -              1276M (62%)         168M (8%)           16M (1%)             -                  -          
[55.986s][info][gc,heap     ] GC(78) Reclaimed:         -                  -              1108M (54%)        1259M (62%)            -                  -          
[55.986s][info][gc          ] GC(78) Garbage Collection (Allocation Rate) 1360M(66%)->426M(21%)
[56.169s][info][gc,start    ] GC(79) Garbage Collection (System.gc())
[56.169s][info][gc,task     ] GC(79) Using 2 workers
[56.169s][info][gc,phases   ] GC(79) Pause Mark Start 0.006ms
[56.232s][info][gc,phases   ] GC(79) Concurrent Mark 62.731ms
[56.232s][info][gc,phases   ] GC(79) Pause Mark End 0.034ms
[56.232s][info][gc,phases   ] GC(79) Concurrent Mark Free 0.002ms
[56.265s][info][gc,phases   ] GC(79) Concurrent Process Non-Strong References 33.163ms
[56.265s][info][gc,phases   ] GC(79) Concurrent Reset Relocation Set 0.004ms
[56.267s][info][gc,phases   ] GC(79) Concurrent Select Relocation Set 1.640ms
[56.267s][info][gc,phases   ] GC(79) Pause Relocate Start 0.009ms
[56.271s][info][gc,phases   ] GC(79) Concurrent Relocate 4.229ms
[56.271s][info][gc,load     ] GC(79) Load: 0.00/0.00/0.00
[56.271s][info][gc,mmu      ] GC(79) MMU: 2ms/95.2%, 5ms/98.1%, 10ms/99.0%, 20ms/99.5%, 50ms/99.8%, 100ms/99.9%
[56.271s][info][gc,marking  ] GC(79) Mark: 2 stripe(s), 2 proactive flush(es), 1 terminate flush(es), 0 completion(s), 0 continuation(s) 
[56.271s][info][gc,marking  ] GC(79) Mark Stack Usage: 32M
[56.271s][info][gc,nmethod  ] GC(79) NMethods: 20083 registered, 0 unregistered
[56.271s][info][gc,metaspace] GC(79) Metaspace: 133M used, 134M committed, 1152M reserved
[56.271s][info][gc,ref      ] GC(79) Soft: 8842 encountered, 0 discovered, 0 enqueued
[56.271s][info][gc,ref      ] GC(79) Weak: 15847 encountered, 3664 discovered, 600 enqueued
[56.271s][info][gc,ref      ] GC(79) Final: 53 encountered, 29 discovered, 0 enqueued
[56.271s][info][gc,ref      ] GC(79) Phantom: 589 encountered, 319 discovered, 0 enqueued
[56.271s][info][gc,reloc    ] GC(79) Small Pages: 249 / 498M, Empty: 236M, Relocated: 13M, In-Place: 0
[56.271s][info][gc,reloc    ] GC(79) Medium Pages: 2 / 64M, Empty: 32M, Relocated: 0M, In-Place: 0
[56.271s][info][gc,reloc    ] GC(79) Large Pages: 7 / 42M, Empty: 42M, Relocated: 0M, In-Place: 0
[56.271s][info][gc,reloc    ] GC(79) Forwarding Usage: 1M
[56.271s][info][gc,heap     ] GC(79) Min Capacity: 2048M(100%)
[56.271s][info][gc,heap     ] GC(79) Max Capacity: 2048M(100%)
[56.271s][info][gc,heap     ] GC(79) Soft Max Capacity: 2048M(100%)
[56.271s][info][gc,heap     ] GC(79)                Mark Start          Mark End        Relocate Start      Relocate End           High               Low         
[56.271s][info][gc,heap     ] GC(79)  Capacity:     2048M (100%)       2048M (100%)       2048M (100%)       2048M (100%)       2048M (100%)       2048M (100%)   
[56.271s][info][gc,heap     ] GC(79)      Free:     1444M (71%)        1436M (70%)        1742M (85%)        1916M (94%)        1918M (94%)        1436M (70%)    
[56.271s][info][gc,heap     ] GC(79)      Used:      604M (29%)         612M (30%)         306M (15%)         132M (6%)          612M (30%)         130M (6%)     
[56.271s][info][gc,heap     ] GC(79)      Live:         -                93M (5%)           93M (5%)           93M (5%)             -                  -          
[56.271s][info][gc,heap     ] GC(79) Allocated:         -                 8M (0%)           12M (1%)           19M (1%)             -                  -          
[56.271s][info][gc,heap     ] GC(79)   Garbage:         -               510M (25%)         200M (10%)          18M (1%)             -                  -          
[56.271s][info][gc,heap     ] GC(79) Reclaimed:         -                  -               310M (15%)         491M (24%)            -                  -          
[56.272s][info][gc          ] GC(79) Garbage Collection (System.gc()) 604M(29%)->132M(6%)
[56.820s][info][gc,start    ] GC(80) Garbage Collection (Allocation Rate)
[56.820s][info][gc,task     ] GC(80) Using 1 workers
[56.820s][info][gc,phases   ] GC(80) Pause Mark Start 0.008ms
[56.918s][info][gc,phases   ] GC(80) Concurrent Mark 97.563ms
[56.918s][info][gc,phases   ] GC(80) Pause Mark End 0.019ms
[56.918s][info][gc,phases   ] GC(80) Concurrent Mark Free 0.001ms
[56.980s][info][gc,phases   ] GC(80) Concurrent Process Non-Strong References 61.627ms
[56.980s][info][gc,phases   ] GC(80) Concurrent Reset Relocation Set 0.006ms
[56.983s][info][gc,phases   ] GC(80) Concurrent Select Relocation Set 2.820ms
[56.983s][info][gc,phases   ] GC(80) Pause Relocate Start 0.013ms
[56.989s][info][gc,phases   ] GC(80) Concurrent Relocate 5.961ms
[56.989s][info][gc,load     ] GC(80) Load: 0.00/0.00/0.00
[56.989s][info][gc,mmu      ] GC(80) MMU: 2ms/95.2%, 5ms/98.1%, 10ms/99.0%, 20ms/99.5%, 50ms/99.8%, 100ms/99.9%
[56.989s][info][gc,marking  ] GC(80) Mark: 1 stripe(s), 2 proactive flush(es), 1 terminate flush(es), 0 completion(s), 0 continuation(s) 
[56.989s][info][gc,marking  ] GC(80) Mark Stack Usage: 32M
[56.989s][info][gc,nmethod  ] GC(80) NMethods: 20164 registered, 0 unregistered
[56.989s][info][gc,metaspace] GC(80) Metaspace: 133M used, 134M committed, 1152M reserved
[56.989s][info][gc,ref      ] GC(80) Soft: 8843 encountered, 0 discovered, 0 enqueued
[56.989s][info][gc,ref      ] GC(80) Weak: 16134 encountered, 3930 discovered, 692 enqueued
[56.989s][info][gc,ref      ] GC(80) Final: 53 encountered, 0 discovered, 0 enqueued
[56.989s][info][gc,ref      ] GC(80) Phantom: 589 encountered, 355 discovered, 0 enqueued
[56.989s][info][gc,reloc    ] GC(80) Small Pages: 634 / 1268M, Empty: 1016M, Relocated: 5M, In-Place: 0
[56.989s][info][gc,reloc    ] GC(80) Medium Pages: 2 / 64M, Empty: 32M, Relocated: 0M, In-Place: 0
[56.989s][info][gc,reloc    ] GC(80) Large Pages: 6 / 36M, Empty: 36M, Relocated: 0M, In-Place: 0
[56.989s][info][gc,reloc    ] GC(80) Forwarding Usage: 1M
[56.989s][info][gc,heap     ] GC(80) Min Capacity: 2048M(100%)
[56.989s][info][gc,heap     ] GC(80) Max Capacity: 2048M(100%)
[56.989s][info][gc,heap     ] GC(80) Soft Max Capacity: 2048M(100%)
[56.989s][info][gc,heap     ] GC(80)                Mark Start          Mark End        Relocate Start      Relocate End           High               Low         
[56.989s][info][gc,heap     ] GC(80)  Capacity:     2048M (100%)       2048M (100%)       2048M (100%)       2048M (100%)       2048M (100%)       2048M (100%)   
[56.989s][info][gc,heap     ] GC(80)      Free:      680M (33%)         520M (25%)        1446M (71%)        1620M (79%)        1622M (79%)         370M (18%)    
[56.989s][info][gc,heap     ] GC(80)      Used:     1368M (67%)        1528M (75%)         602M (29%)         428M (21%)        1678M (82%)         426M (21%)    
[56.989s][info][gc,heap     ] GC(80)      Live:         -                84M (4%)           84M (4%)           84M (4%)             -                  -          
[56.989s][info][gc,heap     ] GC(80) Allocated:         -               160M (8%)          318M (16%)         327M (16%)            -                  -          
[56.989s][info][gc,heap     ] GC(80)   Garbage:         -              1283M (63%)         199M (10%)          15M (1%)             -                  -          
[56.989s][info][gc,heap     ] GC(80) Reclaimed:         -                  -              1084M (53%)        1267M (62%)            -                  -          
[56.989s][info][gc          ] GC(80) Garbage Collection (Allocation Rate) 1368M(67%)->428M(21%)
[57.173s][info][gc,start    ] GC(81) Garbage Collection (System.gc())
[57.173s][info][gc,task     ] GC(81) Using 2 workers
[57.173s][info][gc,phases   ] GC(81) Pause Mark Start 0.006ms
[57.236s][info][gc,phases   ] GC(81) Concurrent Mark 62.820ms
[57.236s][info][gc,phases   ] GC(81) Pause Mark End 0.044ms
[57.237s][info][gc,phases   ] GC(81) Concurrent Mark Free 0.001ms
[57.255s][info][gc,phases   ] GC(81) Concurrent Process Non-Strong References 18.487ms
[57.255s][info][gc,phases   ] GC(81) Concurrent Reset Relocation Set 0.005ms
[57.257s][info][gc,phases   ] GC(81) Concurrent Select Relocation Set 2.001ms
[57.257s][info][gc,phases   ] GC(81) Pause Relocate Start 0.010ms
[57.263s][info][gc,phases   ] GC(81) Concurrent Relocate 5.297ms
[57.263s][info][gc,load     ] GC(81) Load: 0.00/0.00/0.00
[57.263s][info][gc,mmu      ] GC(81) MMU: 2ms/95.2%, 5ms/98.1%, 10ms/99.0%, 20ms/99.5%, 50ms/99.8%, 100ms/99.9%
[57.263s][info][gc,marking  ] GC(81) Mark: 2 stripe(s), 2 proactive flush(es), 1 terminate flush(es), 0 completion(s), 0 continuation(s) 
[57.263s][info][gc,marking  ] GC(81) Mark Stack Usage: 32M
[57.263s][info][gc,nmethod  ] GC(81) NMethods: 20171 registered, 0 unregistered
[57.263s][info][gc,metaspace] GC(81) Metaspace: 133M used, 134M committed, 1152M reserved
[57.263s][info][gc,ref      ] GC(81) Soft: 8842 encountered, 0 discovered, 0 enqueued
[57.263s][info][gc,ref      ] GC(81) Weak: 15836 encountered, 4757 discovered, 599 enqueued
[57.263s][info][gc,ref      ] GC(81) Final: 53 encountered, 26 discovered, 0 enqueued
[57.263s][info][gc,ref      ] GC(81) Phantom: 589 encountered, 342 discovered, 0 enqueued
[57.263s][info][gc,reloc    ] GC(81) Small Pages: 250 / 500M, Empty: 180M, Relocated: 18M, In-Place: 0
[57.263s][info][gc,reloc    ] GC(81) Medium Pages: 2 / 64M, Empty: 32M, Relocated: 0M, In-Place: 0
[57.263s][info][gc,reloc    ] GC(81) Large Pages: 8 / 48M, Empty: 48M, Relocated: 0M, In-Place: 0
[57.263s][info][gc,reloc    ] GC(81) Forwarding Usage: 1M
[57.263s][info][gc,heap     ] GC(81) Min Capacity: 2048M(100%)
[57.263s][info][gc,heap     ] GC(81) Max Capacity: 2048M(100%)
[57.263s][info][gc,heap     ] GC(81) Soft Max Capacity: 2048M(100%)
[57.263s][info][gc,heap     ] GC(81)                Mark Start          Mark End        Relocate Start      Relocate End           High               Low         
[57.263s][info][gc,heap     ] GC(81)  Capacity:     2048M (100%)       2048M (100%)       2048M (100%)       2048M (100%)       2048M (100%)       2048M (100%)   
[57.263s][info][gc,heap     ] GC(81)      Free:     1436M (70%)        1424M (70%)        1676M (82%)        1906M (93%)        1908M (93%)        1424M (70%)    
[57.263s][info][gc,heap     ] GC(81)      Used:      612M (30%)         624M (30%)         372M (18%)         142M (7%)          624M (30%)         140M (7%)     
[57.263s][info][gc,heap     ] GC(81)      Live:         -                99M (5%)           99M (5%)           99M (5%)             -                  -          
[57.263s][info][gc,heap     ] GC(81) Allocated:         -                12M (1%)           20M (1%)           25M (1%)             -                  -          
[57.263s][info][gc,heap     ] GC(81)   Garbage:         -               512M (25%)         252M (12%)          16M (1%)             -                  -          
[57.263s][info][gc,heap     ] GC(81) Reclaimed:         -                  -               260M (13%)         495M (24%)            -                  -          
[57.263s][info][gc          ] GC(81) Garbage Collection (System.gc()) 612M(30%)->142M(7%)
[57.819s][info][gc,start    ] GC(82) Garbage Collection (Allocation Rate)
[57.819s][info][gc,task     ] GC(82) Using 1 workers
[57.819s][info][gc,phases   ] GC(82) Pause Mark Start 0.008ms
[57.913s][info][gc,phases   ] GC(82) Concurrent Mark 93.769ms
[57.913s][info][gc,phases   ] GC(82) Pause Mark End 0.015ms
[57.913s][info][gc,phases   ] GC(82) Concurrent Mark Free 0.001ms
[57.974s][info][gc,phases   ] GC(82) Concurrent Process Non-Strong References 60.908ms
[57.974s][info][gc,phases   ] GC(82) Concurrent Reset Relocation Set 0.007ms
[57.976s][info][gc,phases   ] GC(82) Concurrent Select Relocation Set 2.195ms
[57.976s][info][gc,phases   ] GC(82) Pause Relocate Start 0.008ms
[57.980s][info][gc,phases   ] GC(82) Concurrent Relocate 3.470ms
[57.980s][info][gc,load     ] GC(82) Load: 0.00/0.00/0.00
[57.980s][info][gc,mmu      ] GC(82) MMU: 2ms/95.2%, 5ms/98.1%, 10ms/99.0%, 20ms/99.5%, 50ms/99.8%, 100ms/99.9%
[57.980s][info][gc,marking  ] GC(82) Mark: 1 stripe(s), 2 proactive flush(es), 1 terminate flush(es), 0 completion(s), 0 continuation(s) 
[57.980s][info][gc,marking  ] GC(82) Mark Stack Usage: 32M
[57.980s][info][gc,nmethod  ] GC(82) NMethods: 20264 registered, 0 unregistered
[57.980s][info][gc,metaspace] GC(82) Metaspace: 133M used, 134M committed, 1152M reserved
[57.980s][info][gc,ref      ] GC(82) Soft: 8846 encountered, 0 discovered, 0 enqueued
[57.980s][info][gc,ref      ] GC(82) Weak: 16232 encountered, 3952 discovered, 721 enqueued
[57.980s][info][gc,ref      ] GC(82) Final: 53 encountered, 0 discovered, 0 enqueued
[57.980s][info][gc,ref      ] GC(82) Phantom: 589 encountered, 355 discovered, 0 enqueued
[57.980s][info][gc,reloc    ] GC(82) Small Pages: 642 / 1284M, Empty: 1040M, Relocated: 3M, In-Place: 0
[57.980s][info][gc,reloc    ] GC(82) Medium Pages: 2 / 64M, Empty: 32M, Relocated: 0M, In-Place: 0
[57.980s][info][gc,reloc    ] GC(82) Large Pages: 7 / 42M, Empty: 42M, Relocated: 0M, In-Place: 0
[57.980s][info][gc,reloc    ] GC(82) Forwarding Usage: 1M
[57.980s][info][gc,heap     ] GC(82) Min Capacity: 2048M(100%)
[57.980s][info][gc,heap     ] GC(82) Max Capacity: 2048M(100%)
[57.980s][info][gc,heap     ] GC(82) Soft Max Capacity: 2048M(100%)
[57.980s][info][gc,heap     ] GC(82)                Mark Start          Mark End        Relocate Start      Relocate End           High               Low         
[57.980s][info][gc,heap     ] GC(82)  Capacity:     2048M (100%)       2048M (100%)       2048M (100%)       2048M (100%)       2048M (100%)       2048M (100%)   
[57.980s][info][gc,heap     ] GC(82)      Free:      658M (32%)         462M (23%)        1436M (70%)        1600M (78%)        1600M (78%)         332M (16%)    
[57.980s][info][gc,heap     ] GC(82)      Used:     1390M (68%)        1586M (77%)         612M (30%)         448M (22%)        1716M (84%)         448M (22%)    
[57.980s][info][gc,heap     ] GC(82)      Live:         -                84M (4%)           84M (4%)           84M (4%)             -                  -          
[57.980s][info][gc,heap     ] GC(82) Allocated:         -               196M (10%)         336M (16%)         345M (17%)            -                  -          
[57.980s][info][gc,heap     ] GC(82)   Garbage:         -              1305M (64%)         191M (9%)           17M (1%)             -                  -          
[57.980s][info][gc,heap     ] GC(82) Reclaimed:         -                  -              1114M (54%)        1287M (63%)            -                  -          
[57.980s][info][gc          ] GC(82) Garbage Collection (Allocation Rate) 1390M(68%)->448M(22%)
[58.148s][info][gc,start    ] GC(83) Garbage Collection (System.gc())
[58.148s][info][gc,task     ] GC(83) Using 2 workers
[58.148s][info][gc,phases   ] GC(83) Pause Mark Start 0.008ms
[58.195s][info][gc,phases   ] GC(83) Concurrent Mark 46.447ms
[58.195s][info][gc,phases   ] GC(83) Pause Mark End 0.027ms
[58.195s][info][gc,phases   ] GC(83) Concurrent Mark Free 0.001ms
[58.214s][info][gc,phases   ] GC(83) Concurrent Process Non-Strong References 19.135ms
[58.214s][info][gc,phases   ] GC(83) Concurrent Reset Relocation Set 0.006ms
[58.217s][info][gc,phases   ] GC(83) Concurrent Select Relocation Set 2.323ms
[58.217s][info][gc,phases   ] GC(83) Pause Relocate Start 0.009ms
[58.217s][info][gc,phases   ] GC(83) Concurrent Relocate 0.775ms
[58.218s][info][gc,load     ] GC(83) Load: 0.00/0.00/0.00
[58.218s][info][gc,mmu      ] GC(83) MMU: 2ms/95.2%, 5ms/98.1%, 10ms/99.0%, 20ms/99.5%, 50ms/99.8%, 100ms/99.9%
[58.218s][info][gc,marking  ] GC(83) Mark: 2 stripe(s), 2 proactive flush(es), 1 terminate flush(es), 0 completion(s), 0 continuation(s) 
[58.218s][info][gc,marking  ] GC(83) Mark Stack Usage: 32M
[58.218s][info][gc,nmethod  ] GC(83) NMethods: 20279 registered, 0 unregistered
[58.218s][info][gc,metaspace] GC(83) Metaspace: 133M used, 134M committed, 1152M reserved
[58.218s][info][gc,ref      ] GC(83) Soft: 8843 encountered, 0 discovered, 0 enqueued
[58.218s][info][gc,ref      ] GC(83) Weak: 15852 encountered, 4391 discovered, 600 enqueued
[58.218s][info][gc,ref      ] GC(83) Final: 53 encountered, 0 discovered, 0 enqueued
[58.218s][info][gc,ref      ] GC(83) Phantom: 589 encountered, 406 discovered, 0 enqueued
[58.218s][info][gc,reloc    ] GC(83) Small Pages: 247 / 494M, Empty: 336M, Relocated: 1M, In-Place: 0
[58.218s][info][gc,reloc    ] GC(83) Medium Pages: 2 / 64M, Empty: 32M, Relocated: 0M, In-Place: 0
[58.218s][info][gc,reloc    ] GC(83) Large Pages: 7 / 42M, Empty: 42M, Relocated: 0M, In-Place: 0
[58.218s][info][gc,reloc    ] GC(83) Forwarding Usage: 0M
[58.218s][info][gc,heap     ] GC(83) Min Capacity: 2048M(100%)
[58.218s][info][gc,heap     ] GC(83) Max Capacity: 2048M(100%)
[58.218s][info][gc,heap     ] GC(83) Soft Max Capacity: 2048M(100%)
[58.218s][info][gc,heap     ] GC(83)                Mark Start          Mark End        Relocate Start      Relocate End           High               Low         
[58.218s][info][gc,heap     ] GC(83)  Capacity:     2048M (100%)       2048M (100%)       2048M (100%)       2048M (100%)       2048M (100%)       2048M (100%)   
[58.218s][info][gc,heap     ] GC(83)      Free:     1448M (71%)        1440M (70%)        1846M (90%)        1932M (94%)        1932M (94%)        1440M (70%)    
[58.218s][info][gc,heap     ] GC(83)      Used:      600M (29%)         608M (30%)         202M (10%)         116M (6%)          608M (30%)         116M (6%)     
[58.218s][info][gc,heap     ] GC(83)      Live:         -                82M (4%)           82M (4%)           82M (4%)             -                  -          
[58.218s][info][gc,heap     ] GC(83) Allocated:         -                 8M (0%)           12M (1%)           13M (1%)             -                  -          
[58.218s][info][gc,heap     ] GC(83)   Garbage:         -               517M (25%)         107M (5%)           19M (1%)             -                  -          
[58.218s][info][gc,heap     ] GC(83) Reclaimed:         -                  -               410M (20%)         497M (24%)            -                  -          
[58.218s][info][gc          ] GC(83) Garbage Collection (System.gc()) 600M(29%)->116M(6%)
[58.817s][info][gc,start    ] GC(84) Garbage Collection (Allocation Rate)
[58.817s][info][gc,task     ] GC(84) Using 1 workers
[58.817s][info][gc,phases   ] GC(84) Pause Mark Start 0.005ms
[58.915s][info][gc,phases   ] GC(84) Concurrent Mark 97.792ms
[58.915s][info][gc,phases   ] GC(84) Pause Mark End 0.013ms
[58.915s][info][gc,phases   ] GC(84) Concurrent Mark Free 0.001ms
[58.973s][info][gc,phases   ] GC(84) Concurrent Process Non-Strong References 57.465ms
[58.973s][info][gc,phases   ] GC(84) Concurrent Reset Relocation Set 0.003ms
[58.975s][info][gc,phases   ] GC(84) Concurrent Select Relocation Set 2.231ms
[58.975s][info][gc,phases   ] GC(84) Pause Relocate Start 0.013ms
[58.978s][info][gc,phases   ] GC(84) Concurrent Relocate 3.276ms
[58.979s][info][gc,load     ] GC(84) Load: 0.00/0.00/0.00
[58.979s][info][gc,mmu      ] GC(84) MMU: 2ms/95.2%, 5ms/98.1%, 10ms/99.0%, 20ms/99.5%, 50ms/99.8%, 100ms/99.9%
[58.979s][info][gc,marking  ] GC(84) Mark: 1 stripe(s), 2 proactive flush(es), 1 terminate flush(es), 0 completion(s), 0 continuation(s) 
[58.979s][info][gc,marking  ] GC(84) Mark Stack Usage: 32M
[58.979s][info][gc,nmethod  ] GC(84) NMethods: 20348 registered, 9 unregistered
[58.979s][info][gc,metaspace] GC(84) Metaspace: 133M used, 134M committed, 1152M reserved
[58.979s][info][gc,ref      ] GC(84) Soft: 8843 encountered, 0 discovered, 0 enqueued
[58.979s][info][gc,ref      ] GC(84) Weak: 16222 encountered, 4000 discovered, 931 enqueued
[58.979s][info][gc,ref      ] GC(84) Final: 53 encountered, 0 discovered, 0 enqueued
[58.979s][info][gc,ref      ] GC(84) Phantom: 589 encountered, 355 discovered, 0 enqueued
[58.979s][info][gc,reloc    ] GC(84) Small Pages: 647 / 1294M, Empty: 1050M, Relocated: 2M, In-Place: 0
[58.979s][info][gc,reloc    ] GC(84) Medium Pages: 2 / 64M, Empty: 32M, Relocated: 0M, In-Place: 0
[58.979s][info][gc,reloc    ] GC(84) Large Pages: 9 / 54M, Empty: 54M, Relocated: 0M, In-Place: 0
[58.979s][info][gc,reloc    ] GC(84) Forwarding Usage: 1M
[58.979s][info][gc,heap     ] GC(84) Min Capacity: 2048M(100%)
[58.979s][info][gc,heap     ] GC(84) Max Capacity: 2048M(100%)
[58.979s][info][gc,heap     ] GC(84) Soft Max Capacity: 2048M(100%)
[58.979s][info][gc,heap     ] GC(84)                Mark Start          Mark End        Relocate Start      Relocate End           High               Low         
[58.979s][info][gc,heap     ] GC(84)  Capacity:     2048M (100%)       2048M (100%)       2048M (100%)       2048M (100%)       2048M (100%)       2048M (100%)   
[58.979s][info][gc,heap     ] GC(84)      Free:      636M (31%)         390M (19%)        1428M (70%)        1594M (78%)        1594M (78%)         292M (14%)    
[58.979s][info][gc,heap     ] GC(84)      Used:     1412M (69%)        1658M (81%)         620M (30%)         454M (22%)        1756M (86%)         454M (22%)    
[58.979s][info][gc,heap     ] GC(84)      Live:         -                84M (4%)           84M (4%)           84M (4%)             -                  -          
[58.979s][info][gc,heap     ] GC(84) Allocated:         -               246M (12%)         344M (17%)         351M (17%)            -                  -          
[58.979s][info][gc,heap     ] GC(84)   Garbage:         -              1327M (65%)         191M (9%)           17M (1%)             -                  -          
[58.979s][info][gc,heap     ] GC(84) Reclaimed:         -                  -              1136M (55%)        1309M (64%)            -                  -          
[58.979s][info][gc          ] GC(84) Garbage Collection (Allocation Rate) 1412M(69%)->454M(22%)
[59.119s][info][gc,start    ] GC(85) Garbage Collection (System.gc())
[59.119s][info][gc,task     ] GC(85) Using 2 workers
[59.119s][info][gc,phases   ] GC(85) Pause Mark Start 0.007ms
[59.165s][info][gc,phases   ] GC(85) Concurrent Mark 46.157ms
[59.165s][info][gc,phases   ] GC(85) Pause Mark End 0.017ms
[59.165s][info][gc,phases   ] GC(85) Concurrent Mark Free 0.001ms
[59.184s][info][gc,phases   ] GC(85) Concurrent Process Non-Strong References 18.277ms
[59.184s][info][gc,phases   ] GC(85) Concurrent Reset Relocation Set 0.005ms
[59.185s][info][gc,phases   ] GC(85) Concurrent Select Relocation Set 1.705ms
[59.185s][info][gc,phases   ] GC(85) Pause Relocate Start 0.009ms
[59.187s][info][gc,phases   ] GC(85) Concurrent Relocate 1.698ms
[59.187s][info][gc,load     ] GC(85) Load: 0.00/0.00/0.00
[59.187s][info][gc,mmu      ] GC(85) MMU: 2ms/95.2%, 5ms/98.1%, 10ms/99.0%, 20ms/99.5%, 50ms/99.8%, 100ms/99.9%
[59.187s][info][gc,marking  ] GC(85) Mark: 2 stripe(s), 2 proactive flush(es), 1 terminate flush(es), 0 completion(s), 0 continuation(s) 
[59.187s][info][gc,marking  ] GC(85) Mark Stack Usage: 32M
[59.187s][info][gc,nmethod  ] GC(85) NMethods: 20357 registered, 9 unregistered
[59.187s][info][gc,metaspace] GC(85) Metaspace: 133M used, 134M committed, 1152M reserved
[59.187s][info][gc,ref      ] GC(85) Soft: 8843 encountered, 0 discovered, 0 enqueued
[59.187s][info][gc,ref      ] GC(85) Weak: 15602 encountered, 3412 discovered, 365 enqueued
[59.187s][info][gc,ref      ] GC(85) Final: 53 encountered, 0 discovered, 0 enqueued
[59.187s][info][gc,ref      ] GC(85) Phantom: 589 encountered, 397 discovered, 0 enqueued
[59.187s][info][gc,reloc    ] GC(85) Small Pages: 231 / 462M, Empty: 318M, Relocated: 2M, In-Place: 0
[59.187s][info][gc,reloc    ] GC(85) Medium Pages: 2 / 64M, Empty: 32M, Relocated: 0M, In-Place: 0
[59.187s][info][gc,reloc    ] GC(85) Large Pages: 5 / 30M, Empty: 30M, Relocated: 0M, In-Place: 0
[59.187s][info][gc,reloc    ] GC(85) Forwarding Usage: 1M
[59.187s][info][gc,heap     ] GC(85) Min Capacity: 2048M(100%)
[59.187s][info][gc,heap     ] GC(85) Max Capacity: 2048M(100%)
[59.187s][info][gc,heap     ] GC(85) Soft Max Capacity: 2048M(100%)
[59.187s][info][gc,heap     ] GC(85)                Mark Start          Mark End        Relocate Start      Relocate End           High               Low         
[59.187s][info][gc,heap     ] GC(85)  Capacity:     2048M (100%)       2048M (100%)       2048M (100%)       2048M (100%)       2048M (100%)       2048M (100%)   
[59.187s][info][gc,heap     ] GC(85)      Free:     1492M (73%)        1486M (73%)        1858M (91%)        1932M (94%)        1932M (94%)        1486M (73%)    
[59.187s][info][gc,heap     ] GC(85)      Used:      556M (27%)         562M (27%)         190M (9%)          116M (6%)          562M (27%)         116M (6%)     
[59.187s][info][gc,heap     ] GC(85)      Live:         -                83M (4%)           83M (4%)           83M (4%)             -                  -          
[59.187s][info][gc,heap     ] GC(85) Allocated:         -                 6M (0%)           14M (1%)           15M (1%)             -                  -          
[59.187s][info][gc,heap     ] GC(85)   Garbage:         -               472M (23%)          92M (5%)           16M (1%)             -                  -          
[59.187s][info][gc,heap     ] GC(85) Reclaimed:         -                  -               380M (19%)         455M (22%)            -                  -          
[59.187s][info][gc          ] GC(85) Garbage Collection (System.gc()) 556M(27%)->116M(6%)
[59.813s][info][gc,start    ] GC(86) Garbage Collection (Allocation Rate)
[59.813s][info][gc,task     ] GC(86) Using 1 workers
[59.814s][info][gc,phases   ] GC(86) Pause Mark Start 0.007ms
[59.916s][info][gc,phases   ] GC(86) Concurrent Mark 102.262ms
[59.916s][info][gc,phases   ] GC(86) Pause Mark End 0.021ms
[59.916s][info][gc,phases   ] GC(86) Concurrent Mark Free 0.001ms
[59.971s][info][gc,phases   ] GC(86) Concurrent Process Non-Strong References 54.862ms
[59.971s][info][gc,phases   ] GC(86) Concurrent Reset Relocation Set 0.004ms
[59.974s][info][gc,phases   ] GC(86) Concurrent Select Relocation Set 2.487ms
[59.974s][info][gc,phases   ] GC(86) Pause Relocate Start 0.010ms
[59.982s][info][gc,phases   ] GC(86) Concurrent Relocate 8.261ms
[59.982s][info][gc,load     ] GC(86) Load: 0.00/0.00/0.00
[59.982s][info][gc,mmu      ] GC(86) MMU: 2ms/95.2%, 5ms/98.1%, 10ms/99.0%, 20ms/99.5%, 50ms/99.8%, 100ms/99.9%
[59.982s][info][gc,marking  ] GC(86) Mark: 1 stripe(s), 2 proactive flush(es), 1 terminate flush(es), 0 completion(s), 0 continuation(s) 
[59.982s][info][gc,marking  ] GC(86) Mark Stack Usage: 32M
[59.982s][info][gc,nmethod  ] GC(86) NMethods: 20396 registered, 9 unregistered
[59.982s][info][gc,metaspace] GC(86) Metaspace: 133M used, 134M committed, 1152M reserved
[59.982s][info][gc,ref      ] GC(86) Soft: 8846 encountered, 0 discovered, 0 enqueued
[59.982s][info][gc,ref      ] GC(86) Weak: 16342 encountered, 4037 discovered, 955 enqueued
[59.982s][info][gc,ref      ] GC(86) Final: 53 encountered, 0 discovered, 0 enqueued
[59.982s][info][gc,ref      ] GC(86) Phantom: 589 encountered, 355 discovered, 0 enqueued
[59.982s][info][gc,reloc    ] GC(86) Small Pages: 697 / 1394M, Empty: 1064M, Relocated: 11M, In-Place: 0
[59.982s][info][gc,reloc    ] GC(86) Medium Pages: 2 / 64M, Empty: 32M, Relocated: 0M, In-Place: 0
[59.982s][info][gc,reloc    ] GC(86) Large Pages: 10 / 60M, Empty: 60M, Relocated: 0M, In-Place: 0
[59.982s][info][gc,reloc    ] GC(86) Forwarding Usage: 1M
[59.982s][info][gc,heap     ] GC(86) Min Capacity: 2048M(100%)
[59.982s][info][gc,heap     ] GC(86) Max Capacity: 2048M(100%)
[59.982s][info][gc,heap     ] GC(86) Soft Max Capacity: 2048M(100%)
[59.982s][info][gc,heap     ] GC(86)                Mark Start          Mark End        Relocate Start      Relocate End           High               Low         
[59.982s][info][gc,heap     ] GC(86)  Capacity:     2048M (100%)       2048M (100%)       2048M (100%)       2048M (100%)       2048M (100%)       2048M (100%)   
[59.983s][info][gc,heap     ] GC(86)      Free:      530M (26%)         292M (14%)        1414M (69%)        1648M (80%)        1648M (80%)         268M (13%)    
[59.983s][info][gc,heap     ] GC(86)      Used:     1518M (74%)        1756M (86%)         634M (31%)         400M (20%)        1780M (87%)         400M (20%)    
[59.983s][info][gc,heap     ] GC(86)      Live:         -                93M (5%)           93M (5%)           93M (5%)             -                  -          
[59.983s][info][gc,heap     ] GC(86) Allocated:         -               238M (12%)         272M (13%)         289M (14%)            -                  -          
[59.983s][info][gc,heap     ] GC(86)   Garbage:         -              1424M (70%)         268M (13%)          16M (1%)             -                  -          
[59.983s][info][gc,heap     ] GC(86) Reclaimed:         -                  -              1156M (56%)        1407M (69%)            -                  -          
[59.983s][info][gc          ] GC(86) Garbage Collection (Allocation Rate) 1518M(74%)->400M(20%)
[60.063s][info][gc,start    ] GC(87) Garbage Collection (System.gc())
[60.063s][info][gc,task     ] GC(87) Using 2 workers
[60.063s][info][gc,phases   ] GC(87) Pause Mark Start 0.006ms
[60.110s][info][gc,phases   ] GC(87) Concurrent Mark 47.432ms
[60.111s][info][gc,phases   ] GC(87) Pause Mark End 0.052ms
[60.111s][info][gc,phases   ] GC(87) Concurrent Mark Free 0.002ms
[60.126s][info][gc,stats    ] === Garbage Collection Statistics =======================================================================================================================
[60.126s][info][gc,stats    ]                                                              Last 10s              Last 10m              Last 10h                Total
[60.126s][info][gc,stats    ]                                                              Avg / Max             Avg / Max             Avg / Max             Avg / Max
[60.126s][info][gc,stats    ]   Collector: Garbage Collection Cycle                    121.724 / 177.029     113.627 / 177.029     113.627 / 177.029     113.627 / 177.029     ms
[60.126s][info][gc,stats    ]  Contention: Mark Segment Reset Contention                     0 / 2                 0 / 3                 0 / 3                 0 / 3           ops/s
[60.126s][info][gc,stats    ]  Contention: Mark SeqNum Reset Contention                      0 / 0                 0 / 1                 0 / 1                 0 / 1           ops/s
[60.126s][info][gc,stats    ]    Critical: Allocation Stall                                  0 / 0                 0 / 0                 0 / 0                 0 / 0           ops/s
[60.126s][info][gc,stats    ]    Critical: Allocation Stall                              0.000 / 0.000         0.000 / 0.000         0.000 / 0.000         0.000 / 0.000       ms
[60.126s][info][gc,stats    ]    Critical: GC Locker Stall                                   0 / 0                 0 / 0                 0 / 0                 0 / 0           ops/s
[60.126s][info][gc,stats    ]    Critical: GC Locker Stall                               0.000 / 0.000         0.000 / 0.000         0.000 / 0.000         0.000 / 0.000       ms
[60.126s][info][gc,stats    ]    Critical: Relocation Stall                                  0 / 0                 0 / 0                 0 / 0                 0 / 0           ops/s
[60.126s][info][gc,stats    ]    Critical: Relocation Stall                              0.000 / 0.000         0.000 / 0.000         0.000 / 0.000         0.000 / 0.000       ms
[60.126s][info][gc,stats    ]      Memory: Allocation Rate                                1778 / 1810           1239 / 1824           1239 / 1824           1239 / 1824        MB/s
[60.126s][info][gc,stats    ]      Memory: Out Of Memory                                     0 / 0                 0 / 0                 0 / 0                 0 / 0           ops/s
[60.126s][info][gc,stats    ]      Memory: Page Cache Flush                                  0 / 0                 0 / 0                 0 / 0                 0 / 0           MB/s
[60.126s][info][gc,stats    ]      Memory: Page Cache Hit L1                               840 / 861             571 / 861             571 / 861             571 / 861         ops/s
[60.126s][info][gc,stats    ]      Memory: Page Cache Hit L2                                 0 / 0                 0 / 0                 0 / 0                 0 / 0           ops/s
[60.126s][info][gc,stats    ]      Memory: Page Cache Hit L3                                 0 / 0                14 / 385              14 / 385              14 / 385         ops/s
[60.126s][info][gc,stats    ]      Memory: Page Cache Miss                                   0 / 0                 0 / 1                 0 / 1                 0 / 1           ops/s
[60.126s][info][gc,stats    ]      Memory: Uncommit                                          0 / 0                 0 / 0                 0 / 0                 0 / 0           MB/s
[60.126s][info][gc,stats    ]      Memory: Undo Object Allocation Failed                     0 / 0                 0 / 0                 0 / 0                 0 / 0           ops/s
[60.126s][info][gc,stats    ]      Memory: Undo Object Allocation Succeeded                  0 / 4                42 / 2295             42 / 2295             42 / 2295        ops/s
[60.126s][info][gc,stats    ]      Memory: Undo Page Allocation                              0 / 1                 0 / 2                 0 / 2                 0 / 2           ops/s
[60.126s][info][gc,stats    ]       Phase: Concurrent Mark                              73.432 / 104.839      72.141 / 109.422      72.141 / 109.422      72.141 / 109.422     ms
[60.126s][info][gc,stats    ]       Phase: Concurrent Mark Continue                      0.000 / 0.000         0.000 / 0.000         0.000 / 0.000         0.000 / 0.000       ms
[60.126s][info][gc,stats    ]       Phase: Concurrent Mark Free                          0.001 / 0.003         0.001 / 0.004         0.001 / 0.004         0.001 / 0.004       ms
[60.126s][info][gc,stats    ]       Phase: Concurrent Process Non-Strong References     39.102 / 61.627       31.981 / 61.627       31.981 / 61.627       31.981 / 61.627      ms
[60.126s][info][gc,stats    ]       Phase: Concurrent Relocate                           4.655 / 12.656        5.401 / 19.143        5.401 / 19.143        5.401 / 19.143      ms
[60.126s][info][gc,stats    ]       Phase: Concurrent Reset Relocation Set               0.006 / 0.012         0.006 / 0.015         0.006 / 0.015         0.006 / 0.015       ms
[60.126s][info][gc,stats    ]       Phase: Concurrent Select Relocation Set              2.158 / 2.820         2.353 / 7.348         2.353 / 7.348         2.353 / 7.348       ms
[60.126s][info][gc,stats    ]       Phase: Pause Mark End                                0.025 / 0.052         0.028 / 0.096         0.028 / 0.096         0.028 / 0.096       ms
[60.126s][info][gc,stats    ]       Phase: Pause Mark Start                              0.007 / 0.014         0.007 / 0.019         0.007 / 0.019         0.007 / 0.019       ms
[60.127s][info][gc,stats    ]       Phase: Pause Relocate Start                          0.010 / 0.013         0.009 / 0.027         0.009 / 0.027         0.009 / 0.027       ms
[60.127s][info][gc,stats    ]    Subphase: Concurrent Classes Purge                      0.897 / 1.403         0.781 / 1.480         0.781 / 1.480         0.781 / 1.480       ms
[60.127s][info][gc,stats    ]    Subphase: Concurrent Classes Unlink                    36.062 / 58.191       28.668 / 58.191       28.668 / 58.191       28.668 / 58.191      ms
[60.127s][info][gc,stats    ]    Subphase: Concurrent Mark                              57.925 / 94.954       55.844 / 98.726       55.844 / 98.726       55.844 / 98.726      ms
[60.127s][info][gc,stats    ]    Subphase: Concurrent Mark Try Flush                     0.207 / 0.510         0.213 / 2.252         0.213 / 2.252         0.213 / 2.252       ms
[60.127s][info][gc,stats    ]    Subphase: Concurrent Mark Try Terminate                 1.702 / 15.696        2.091 / 16.790        2.091 / 16.790        2.091 / 16.790      ms
[60.127s][info][gc,stats    ]    Subphase: Concurrent References Enqueue                 0.007 / 0.010         0.006 / 0.010         0.006 / 0.010         0.006 / 0.010       ms
[60.127s][info][gc,stats    ]    Subphase: Concurrent References Process                 0.577 / 1.283         0.532 / 1.283         0.532 / 1.283         0.532 / 1.283       ms
[60.127s][info][gc,stats    ]    Subphase: Concurrent Roots ClassLoaderDataGraph         0.173 / 0.443         0.174 / 0.595         0.174 / 0.595         0.174 / 0.595       ms
[60.127s][info][gc,stats    ]    Subphase: Concurrent Roots CodeCache                    0.000 / 0.000         0.000 / 0.000         0.000 / 0.000         0.000 / 0.000       ms
[60.127s][info][gc,stats    ]    Subphase: Concurrent Roots JavaThreads                  5.512 / 9.306         6.551 / 15.550        6.551 / 15.550        6.551 / 15.550      ms
[60.127s][info][gc,stats    ]    Subphase: Concurrent Roots OopStorageSet                0.046 / 0.102         0.048 / 0.109         0.048 / 0.109         0.048 / 0.109       ms
[60.127s][info][gc,stats    ]    Subphase: Concurrent Weak Roots OopStorageSet           1.104 / 2.333         1.104 / 2.333         1.104 / 2.333         1.104 / 2.333       ms
[60.127s][info][gc,stats    ]    Subphase: Pause Mark Try Complete                       0.000 / 0.000         0.006 / 0.016         0.006 / 0.016         0.006 / 0.016       ms
[60.127s][info][gc,stats    ]      System: Java Threads                                    281 / 282             259 / 282             259 / 282             259 / 282         threads
[60.127s][info][gc,stats    ] =========================================================================================================================================================
[60.130s][info][gc,phases   ] GC(87) Concurrent Process Non-Strong References 19.434ms
[60.131s][info][gc,phases   ] GC(87) Concurrent Reset Relocation Set 0.006ms
[60.132s][info][gc,phases   ] GC(87) Concurrent Select Relocation Set 1.563ms
[60.132s][info][gc,phases   ] GC(87) Pause Relocate Start 0.008ms
[60.134s][info][gc,phases   ] GC(87) Concurrent Relocate 1.229ms
[60.134s][info][gc,load     ] GC(87) Load: 0.00/0.00/0.00
[60.134s][info][gc,mmu      ] GC(87) MMU: 2ms/95.2%, 5ms/98.1%, 10ms/99.0%, 20ms/99.5%, 50ms/99.8%, 100ms/99.9%
[60.134s][info][gc,marking  ] GC(87) Mark: 2 stripe(s), 1 proactive flush(es), 1 terminate flush(es), 0 completion(s), 0 continuation(s) 
[60.134s][info][gc,marking  ] GC(87) Mark Stack Usage: 32M
[60.134s][info][gc,nmethod  ] GC(87) NMethods: 20400 registered, 9 unregistered
[60.134s][info][gc,metaspace] GC(87) Metaspace: 133M used, 134M committed, 1152M reserved
[60.134s][info][gc,ref      ] GC(87) Soft: 8843 encountered, 0 discovered, 0 enqueued
[60.134s][info][gc,ref      ] GC(87) Weak: 15615 encountered, 2628 discovered, 366 enqueued
[60.134s][info][gc,ref      ] GC(87) Final: 53 encountered, 0 discovered, 0 enqueued
[60.134s][info][gc,ref      ] GC(87) Phantom: 589 encountered, 399 discovered, 0 enqueued
[60.134s][info][gc,reloc    ] GC(87) Small Pages: 188 / 376M, Empty: 234M, Relocated: 1M, In-Place: 0
[60.134s][info][gc,reloc    ] GC(87) Medium Pages: 2 / 64M, Empty: 32M, Relocated: 0M, In-Place: 0
[60.134s][info][gc,reloc    ] GC(87) Large Pages: 4 / 24M, Empty: 24M, Relocated: 0M, In-Place: 0
[60.134s][info][gc,reloc    ] GC(87) Forwarding Usage: 0M
[60.134s][info][gc,heap     ] GC(87) Min Capacity: 2048M(100%)
[60.134s][info][gc,heap     ] GC(87) Max Capacity: 2048M(100%)
[60.134s][info][gc,heap     ] GC(87) Soft Max Capacity: 2048M(100%)
[60.134s][info][gc,heap     ] GC(87)                Mark Start          Mark End        Relocate Start      Relocate End           High               Low         
[60.134s][info][gc,heap     ] GC(87)  Capacity:     2048M (100%)       2048M (100%)       2048M (100%)       2048M (100%)       2048M (100%)       2048M (100%)   
[60.134s][info][gc,heap     ] GC(87)      Free:     1584M (77%)        1582M (77%)        1868M (91%)        1934M (94%)        1934M (94%)        1582M (77%)    
[60.134s][info][gc,heap     ] GC(87)      Used:      464M (23%)         466M (23%)         180M (9%)          114M (6%)          466M (23%)         114M (6%)     
[60.134s][info][gc,heap     ] GC(87)      Live:         -                83M (4%)           83M (4%)           83M (4%)             -                  -          
[60.134s][info][gc,heap     ] GC(87) Allocated:         -                 2M (0%)            6M (0%)           11M (1%)             -                  -          
[60.134s][info][gc,heap     ] GC(87)   Garbage:         -               380M (19%)          90M (4%)           18M (1%)             -                  -          
[60.134s][info][gc,heap     ] GC(87) Reclaimed:         -                  -               290M (14%)         361M (18%)            -                  -          
[60.134s][info][gc          ] GC(87) Garbage Collection (System.gc()) 464M(23%)->114M(6%)
[60.715s][info][gc,start    ] GC(88) Garbage Collection (Allocation Rate)
[60.715s][info][gc,task     ] GC(88) Using 1 workers
[60.715s][info][gc,phases   ] GC(88) Pause Mark Start 0.008ms
[60.816s][info][gc,phases   ] GC(88) Concurrent Mark 100.320ms
[60.816s][info][gc,phases   ] GC(88) Pause Mark End 0.015ms
[60.816s][info][gc,phases   ] GC(88) Concurrent Mark Free 0.001ms
[60.875s][info][gc,phases   ] GC(88) Concurrent Process Non-Strong References 58.972ms
[60.875s][info][gc,phases   ] GC(88) Concurrent Reset Relocation Set 0.003ms
[60.878s][info][gc,phases   ] GC(88) Concurrent Select Relocation Set 2.501ms
[60.878s][info][gc,phases   ] GC(88) Pause Relocate Start 0.011ms
[60.881s][info][gc,phases   ] GC(88) Concurrent Relocate 2.961ms
[60.881s][info][gc,load     ] GC(88) Load: 0.00/0.00/0.00
[60.881s][info][gc,mmu      ] GC(88) MMU: 2ms/95.2%, 5ms/98.1%, 10ms/99.0%, 20ms/99.5%, 50ms/99.8%, 100ms/99.9%
[60.881s][info][gc,marking  ] GC(88) Mark: 1 stripe(s), 2 proactive flush(es), 1 terminate flush(es), 0 completion(s), 0 continuation(s) 
[60.881s][info][gc,marking  ] GC(88) Mark Stack Usage: 32M
[60.881s][info][gc,nmethod  ] GC(88) NMethods: 20496 registered, 9 unregistered
[60.881s][info][gc,metaspace] GC(88) Metaspace: 133M used, 135M committed, 1152M reserved
[60.881s][info][gc,ref      ] GC(88) Soft: 8843 encountered, 0 discovered, 0 enqueued
[60.881s][info][gc,ref      ] GC(88) Weak: 16222 encountered, 4010 discovered, 928 enqueued
[60.881s][info][gc,ref      ] GC(88) Final: 53 encountered, 0 discovered, 0 enqueued
[60.881s][info][gc,ref      ] GC(88) Phantom: 589 encountered, 268 discovered, 0 enqueued
[60.881s][info][gc,reloc    ] GC(88) Small Pages: 647 / 1294M, Empty: 1056M, Relocated: 2M, In-Place: 0
[60.881s][info][gc,reloc    ] GC(88) Medium Pages: 2 / 64M, Empty: 32M, Relocated: 0M, In-Place: 0
[60.881s][info][gc,reloc    ] GC(88) Large Pages: 9 / 54M, Empty: 54M, Relocated: 0M, In-Place: 0
[60.881s][info][gc,reloc    ] GC(88) Forwarding Usage: 0M
[60.881s][info][gc,heap     ] GC(88) Min Capacity: 2048M(100%)
[60.881s][info][gc,heap     ] GC(88) Max Capacity: 2048M(100%)
[60.881s][info][gc,heap     ] GC(88) Soft Max Capacity: 2048M(100%)
[60.881s][info][gc,heap     ] GC(88)                Mark Start          Mark End        Relocate Start      Relocate End           High               Low         
[60.881s][info][gc,heap     ] GC(88)  Capacity:     2048M (100%)       2048M (100%)       2048M (100%)       2048M (100%)       2048M (100%)       2048M (100%)   
[60.881s][info][gc,heap     ] GC(88)      Free:      636M (31%)         386M (19%)        1426M (70%)        1590M (78%)        1590M (78%)         288M (14%)    
[60.881s][info][gc,heap     ] GC(88)      Used:     1412M (69%)        1662M (81%)         622M (30%)         458M (22%)        1760M (86%)         458M (22%)    
[60.881s][info][gc,heap     ] GC(88)      Live:         -                84M (4%)           84M (4%)           84M (4%)             -                  -          
[60.881s][info][gc,heap     ] GC(88) Allocated:         -               250M (12%)         352M (17%)         355M (17%)            -                  -          
[60.881s][info][gc,heap     ] GC(88)   Garbage:         -              1327M (65%)         185M (9%)           17M (1%)             -                  -          
[60.881s][info][gc,heap     ] GC(88) Reclaimed:         -                  -              1142M (56%)        1309M (64%)            -                  -          
[60.881s][info][gc          ] GC(88) Garbage Collection (Allocation Rate) 1412M(69%)->458M(22%)
[61.010s][info][gc,start    ] GC(89) Garbage Collection (System.gc())
[61.010s][info][gc,task     ] GC(89) Using 2 workers
[61.010s][info][gc,phases   ] GC(89) Pause Mark Start 0.004ms
[61.072s][info][gc,phases   ] GC(89) Concurrent Mark 62.070ms
[61.073s][info][gc,phases   ] GC(89) Pause Mark End 0.041ms
[61.073s][info][gc,phases   ] GC(89) Concurrent Mark Free 0.001ms
[61.092s][info][gc,phases   ] GC(89) Concurrent Process Non-Strong References 19.115ms
[61.092s][info][gc,phases   ] GC(89) Concurrent Reset Relocation Set 0.007ms
[61.094s][info][gc,phases   ] GC(89) Concurrent Select Relocation Set 1.515ms
[61.094s][info][gc,phases   ] GC(89) Pause Relocate Start 0.007ms
[61.095s][info][gc,phases   ] GC(89) Concurrent Relocate 0.727ms
[61.095s][info][gc,load     ] GC(89) Load: 0.00/0.00/0.00
[61.095s][info][gc,mmu      ] GC(89) MMU: 2ms/95.2%, 5ms/98.1%, 10ms/99.0%, 20ms/99.5%, 50ms/99.8%, 100ms/99.9%
[61.095s][info][gc,marking  ] GC(89) Mark: 2 stripe(s), 1 proactive flush(es), 1 terminate flush(es), 0 completion(s), 0 continuation(s) 
[61.095s][info][gc,marking  ] GC(89) Mark Stack Usage: 32M
[61.095s][info][gc,nmethod  ] GC(89) NMethods: 20502 registered, 9 unregistered
[61.095s][info][gc,metaspace] GC(89) Metaspace: 133M used, 135M committed, 1152M reserved
[61.095s][info][gc,ref      ] GC(89) Soft: 8843 encountered, 0 discovered, 0 enqueued
[61.095s][info][gc,ref      ] GC(89) Weak: 15609 encountered, 3139 discovered, 367 enqueued
[61.095s][info][gc,ref      ] GC(89) Final: 53 encountered, 0 discovered, 0 enqueued
[61.095s][info][gc,ref      ] GC(89) Phantom: 589 encountered, 400 discovered, 0 enqueued
[61.095s][info][gc,reloc    ] GC(89) Small Pages: 233 / 466M, Empty: 322M, Relocated: 1M, In-Place: 0
[61.095s][info][gc,reloc    ] GC(89) Medium Pages: 2 / 64M, Empty: 32M, Relocated: 0M, In-Place: 0
[61.095s][info][gc,reloc    ] GC(89) Large Pages: 5 / 30M, Empty: 30M, Relocated: 0M, In-Place: 0
[61.095s][info][gc,reloc    ] GC(89) Forwarding Usage: 0M
[61.095s][info][gc,heap     ] GC(89) Min Capacity: 2048M(100%)
[61.095s][info][gc,heap     ] GC(89) Max Capacity: 2048M(100%)
[61.095s][info][gc,heap     ] GC(89) Soft Max Capacity: 2048M(100%)
[61.095s][info][gc,heap     ] GC(89)                Mark Start          Mark End        Relocate Start      Relocate End           High               Low         
[61.095s][info][gc,heap     ] GC(89)  Capacity:     2048M (100%)       2048M (100%)       2048M (100%)       2048M (100%)       2048M (100%)       2048M (100%)   
[61.095s][info][gc,heap     ] GC(89)      Free:     1488M (73%)        1488M (73%)        1862M (91%)        1934M (94%)        1934M (94%)        1486M (73%)    
[61.095s][info][gc,heap     ] GC(89)      Used:      560M (27%)         560M (27%)         186M (9%)          114M (6%)          562M (27%)         114M (6%)     
[61.095s][info][gc,heap     ] GC(89)      Live:         -                83M (4%)           83M (4%)           83M (4%)             -                  -          
[61.095s][info][gc,heap     ] GC(89) Allocated:         -                 0M (0%)           10M (0%)           11M (1%)             -                  -          
[61.095s][info][gc,heap     ] GC(89)   Garbage:         -               476M (23%)          92M (5%)           18M (1%)             -                  -          
[61.095s][info][gc,heap     ] GC(89) Reclaimed:         -                  -               384M (19%)         457M (22%)            -                  -          
[61.095s][info][gc          ] GC(89) Garbage Collection (System.gc()) 560M(27%)->114M(6%)
[61.718s][info][gc,start    ] GC(90) Garbage Collection (Allocation Rate)
[61.718s][info][gc,task     ] GC(90) Using 1 workers
[61.718s][info][gc,phases   ] GC(90) Pause Mark Start 0.009ms
[61.821s][info][gc,phases   ] GC(90) Concurrent Mark 102.491ms
[61.821s][info][gc,phases   ] GC(90) Pause Mark End 0.016ms
[61.821s][info][gc,phases   ] GC(90) Concurrent Mark Free 0.001ms
[61.882s][info][gc,phases   ] GC(90) Concurrent Process Non-Strong References 60.526ms
[61.882s][info][gc,phases   ] GC(90) Concurrent Reset Relocation Set 0.003ms
[61.884s][info][gc,phases   ] GC(90) Concurrent Select Relocation Set 2.195ms
[61.884s][info][gc,phases   ] GC(90) Pause Relocate Start 0.010ms
[61.891s][info][gc,phases   ] GC(90) Concurrent Relocate 7.288ms
[61.891s][info][gc,load     ] GC(90) Load: 0.00/0.00/0.00
[61.892s][info][gc,mmu      ] GC(90) MMU: 2ms/95.2%, 5ms/98.1%, 10ms/99.0%, 20ms/99.5%, 50ms/99.8%, 100ms/99.9%
[61.892s][info][gc,marking  ] GC(90) Mark: 1 stripe(s), 2 proactive flush(es), 1 terminate flush(es), 0 completion(s), 0 continuation(s) 
[61.892s][info][gc,marking  ] GC(90) Mark Stack Usage: 32M
[61.892s][info][gc,nmethod  ] GC(90) NMethods: 20808 registered, 9 unregistered
[61.892s][info][gc,metaspace] GC(90) Metaspace: 133M used, 135M committed, 1152M reserved
[61.892s][info][gc,ref      ] GC(90) Soft: 8846 encountered, 0 discovered, 0 enqueued
[61.892s][info][gc,ref      ] GC(90) Weak: 16346 encountered, 4037 discovered, 955 enqueued
[61.892s][info][gc,ref      ] GC(90) Final: 53 encountered, 0 discovered, 0 enqueued
[61.892s][info][gc,ref      ] GC(90) Phantom: 589 encountered, 355 discovered, 0 enqueued
[61.892s][info][gc,reloc    ] GC(90) Small Pages: 669 / 1338M, Empty: 1054M, Relocated: 8M, In-Place: 0
[61.892s][info][gc,reloc    ] GC(90) Medium Pages: 2 / 64M, Empty: 32M, Relocated: 0M, In-Place: 0
[61.892s][info][gc,reloc    ] GC(90) Large Pages: 10 / 60M, Empty: 60M, Relocated: 0M, In-Place: 0
[61.892s][info][gc,reloc    ] GC(90) Forwarding Usage: 2M
[61.892s][info][gc,heap     ] GC(90) Min Capacity: 2048M(100%)
[61.892s][info][gc,heap     ] GC(90) Max Capacity: 2048M(100%)
[61.892s][info][gc,heap     ] GC(90) Soft Max Capacity: 2048M(100%)
[61.892s][info][gc,heap     ] GC(90)                Mark Start          Mark End        Relocate Start      Relocate End           High               Low         
[61.892s][info][gc,heap     ] GC(90)  Capacity:     2048M (100%)       2048M (100%)       2048M (100%)       2048M (100%)       2048M (100%)       2048M (100%)   
[61.892s][info][gc,heap     ] GC(90)      Free:      586M (29%)         328M (16%)        1424M (70%)        1624M (79%)        1624M (79%)         282M (14%)    
[61.892s][info][gc,heap     ] GC(90)      Used:     1462M (71%)        1720M (84%)         624M (30%)         424M (21%)        1766M (86%)         424M (21%)    
[61.892s][info][gc,heap     ] GC(90)      Live:         -                89M (4%)           89M (4%)           89M (4%)             -                  -          
[61.892s][info][gc,heap     ] GC(90) Allocated:         -               258M (13%)         308M (15%)         317M (16%)            -                  -          
[61.892s][info][gc,heap     ] GC(90)   Garbage:         -              1372M (67%)         226M (11%)          17M (1%)             -                  -          
[61.892s][info][gc,heap     ] GC(90) Reclaimed:         -                  -              1146M (56%)        1355M (66%)            -                  -          
[61.892s][info][gc          ] GC(90) Garbage Collection (Allocation Rate) 1462M(71%)->424M(21%)
[61.988s][info][gc,start    ] GC(91) Garbage Collection (System.gc())
[61.988s][info][gc,task     ] GC(91) Using 2 workers
[61.988s][info][gc,phases   ] GC(91) Pause Mark Start 0.006ms
[62.036s][info][gc,phases   ] GC(91) Concurrent Mark 47.511ms
[62.036s][info][gc,phases   ] GC(91) Pause Mark End 0.019ms
[62.036s][info][gc,phases   ] GC(91) Concurrent Mark Free 0.001ms
[62.058s][info][gc,phases   ] GC(91) Concurrent Process Non-Strong References 22.055ms
[62.058s][info][gc,phases   ] GC(91) Concurrent Reset Relocation Set 0.005ms
[62.060s][info][gc,phases   ] GC(91) Concurrent Select Relocation Set 1.603ms
[62.060s][info][gc,phases   ] GC(91) Pause Relocate Start 0.008ms
[62.060s][info][gc,phases   ] GC(91) Concurrent Relocate 0.528ms
[62.060s][info][gc,load     ] GC(91) Load: 0.00/0.00/0.00
[62.060s][info][gc,mmu      ] GC(91) MMU: 2ms/95.2%, 5ms/98.1%, 10ms/99.0%, 20ms/99.5%, 50ms/99.8%, 100ms/99.9%
[62.060s][info][gc,marking  ] GC(91) Mark: 2 stripe(s), 2 proactive flush(es), 1 terminate flush(es), 0 completion(s), 0 continuation(s) 
[62.060s][info][gc,marking  ] GC(91) Mark Stack Usage: 32M
[62.060s][info][gc,nmethod  ] GC(91) NMethods: 20829 registered, 9 unregistered
[62.060s][info][gc,metaspace] GC(91) Metaspace: 133M used, 135M committed, 1152M reserved
[62.060s][info][gc,ref      ] GC(91) Soft: 8843 encountered, 0 discovered, 0 enqueued
[62.060s][info][gc,ref      ] GC(91) Weak: 15619 encountered, 3139 discovered, 366 enqueued
[62.060s][info][gc,ref      ] GC(91) Final: 53 encountered, 0 discovered, 0 enqueued
[62.060s][info][gc,ref      ] GC(91) Phantom: 589 encountered, 398 discovered, 0 enqueued
[62.060s][info][gc,reloc    ] GC(91) Small Pages: 212 / 424M, Empty: 288M, Relocated: 1M, In-Place: 0
[62.060s][info][gc,reloc    ] GC(91) Medium Pages: 2 / 64M, Empty: 32M, Relocated: 0M, In-Place: 0
[62.060s][info][gc,reloc    ] GC(91) Large Pages: 4 / 24M, Empty: 24M, Relocated: 0M, In-Place: 0
[62.060s][info][gc,reloc    ] GC(91) Forwarding Usage: 0M
[62.060s][info][gc,heap     ] GC(91) Min Capacity: 2048M(100%)
[62.060s][info][gc,heap     ] GC(91) Max Capacity: 2048M(100%)
[62.060s][info][gc,heap     ] GC(91) Soft Max Capacity: 2048M(100%)
[62.060s][info][gc,heap     ] GC(91)                Mark Start          Mark End        Relocate Start      Relocate End           High               Low         
[62.061s][info][gc,heap     ] GC(91)  Capacity:     2048M (100%)       2048M (100%)       2048M (100%)       2048M (100%)       2048M (100%)       2048M (100%)   
[62.061s][info][gc,heap     ] GC(91)      Free:     1536M (75%)        1534M (75%)        1866M (91%)        1932M (94%)        1932M (94%)        1534M (75%)    
[62.061s][info][gc,heap     ] GC(91)      Used:      512M (25%)         514M (25%)         182M (9%)          116M (6%)          514M (25%)         116M (6%)     
[62.061s][info][gc,heap     ] GC(91)      Live:         -                83M (4%)           83M (4%)           83M (4%)             -                  -          
[62.061s][info][gc,heap     ] GC(91) Allocated:         -                 2M (0%)           14M (1%)           13M (1%)             -                  -          
[62.061s][info][gc,heap     ] GC(91)   Garbage:         -               428M (21%)          84M (4%)           18M (1%)             -                  -          
[62.061s][info][gc,heap     ] GC(91) Reclaimed:         -                  -               344M (17%)         409M (20%)            -                  -          
[62.061s][info][gc          ] GC(91) Garbage Collection (System.gc()) 512M(25%)->116M(6%)
[62.625s][info][gc,start    ] GC(92) Garbage Collection (Allocation Rate)
[62.625s][info][gc,task     ] GC(92) Using 1 workers
[62.625s][info][gc,phases   ] GC(92) Pause Mark Start 0.008ms
[62.721s][info][gc,phases   ] GC(92) Concurrent Mark 94.986ms
[62.721s][info][gc,phases   ] GC(92) Pause Mark End 0.015ms
[62.721s][info][gc,phases   ] GC(92) Concurrent Mark Free 0.001ms
[62.781s][info][gc,phases   ] GC(92) Concurrent Process Non-Strong References 60.108ms
[62.781s][info][gc,phases   ] GC(92) Concurrent Reset Relocation Set 0.003ms
[62.784s][info][gc,phases   ] GC(92) Concurrent Select Relocation Set 2.491ms
[62.784s][info][gc,phases   ] GC(92) Pause Relocate Start 0.009ms
[62.787s][info][gc,phases   ] GC(92) Concurrent Relocate 3.116ms
[62.787s][info][gc,load     ] GC(92) Load: 0.00/0.00/0.00
[62.787s][info][gc,mmu      ] GC(92) MMU: 2ms/95.2%, 5ms/98.1%, 10ms/99.0%, 20ms/99.5%, 50ms/99.8%, 100ms/99.9%
[62.787s][info][gc,marking  ] GC(92) Mark: 1 stripe(s), 2 proactive flush(es), 1 terminate flush(es), 0 completion(s), 0 continuation(s) 
[62.787s][info][gc,marking  ] GC(92) Mark Stack Usage: 32M
[62.787s][info][gc,nmethod  ] GC(92) NMethods: 20912 registered, 9 unregistered
[62.787s][info][gc,metaspace] GC(92) Metaspace: 133M used, 135M committed, 1152M reserved
[62.787s][info][gc,ref      ] GC(92) Soft: 8844 encountered, 0 discovered, 0 enqueued
[62.787s][info][gc,ref      ] GC(92) Weak: 16219 encountered, 4002 discovered, 707 enqueued
[62.787s][info][gc,ref      ] GC(92) Final: 53 encountered, 0 discovered, 0 enqueued
[62.787s][info][gc,ref      ] GC(92) Phantom: 589 encountered, 306 discovered, 0 enqueued
[62.787s][info][gc,reloc    ] GC(92) Small Pages: 639 / 1278M, Empty: 1054M, Relocated: 2M, In-Place: 0
[62.787s][info][gc,reloc    ] GC(92) Medium Pages: 2 / 64M, Empty: 32M, Relocated: 0M, In-Place: 0
[62.787s][info][gc,reloc    ] GC(92) Large Pages: 7 / 42M, Empty: 42M, Relocated: 0M, In-Place: 0
[62.787s][info][gc,reloc    ] GC(92) Forwarding Usage: 1M
[62.787s][info][gc,heap     ] GC(92) Min Capacity: 2048M(100%)
[62.787s][info][gc,heap     ] GC(92) Max Capacity: 2048M(100%)
[62.787s][info][gc,heap     ] GC(92) Soft Max Capacity: 2048M(100%)
[62.787s][info][gc,heap     ] GC(92)                Mark Start          Mark End        Relocate Start      Relocate End           High               Low         
[62.787s][info][gc,heap     ] GC(92)  Capacity:     2048M (100%)       2048M (100%)       2048M (100%)       2048M (100%)       2048M (100%)       2048M (100%)   
[62.787s][info][gc,heap     ] GC(92)      Free:      664M (32%)         430M (21%)        1436M (70%)        1580M (77%)        1580M (77%)         318M (16%)    
[62.787s][info][gc,heap     ] GC(92)      Used:     1384M (68%)        1618M (79%)         612M (30%)         468M (23%)        1730M (84%)         468M (23%)    
[62.787s][info][gc,heap     ] GC(92)      Live:         -                84M (4%)           84M (4%)           84M (4%)             -                  -          
[62.787s][info][gc,heap     ] GC(92) Allocated:         -               234M (11%)         356M (17%)         365M (18%)            -                  -          
[62.787s][info][gc,heap     ] GC(92)   Garbage:         -              1299M (63%)         171M (8%)           17M (1%)             -                  -          
[62.787s][info][gc,heap     ] GC(92) Reclaimed:         -                  -              1128M (55%)        1281M (63%)            -                  -          
[62.787s][info][gc          ] GC(92) Garbage Collection (Allocation Rate) 1384M(68%)->468M(23%)
[62.930s][info][gc,start    ] GC(93) Garbage Collection (System.gc())
[62.930s][info][gc,task     ] GC(93) Using 2 workers
[62.930s][info][gc,phases   ] GC(93) Pause Mark Start 0.005ms
[62.977s][info][gc,phases   ] GC(93) Concurrent Mark 47.561ms
[62.978s][info][gc,phases   ] GC(93) Pause Mark End 0.053ms
[62.978s][info][gc,phases   ] GC(93) Concurrent Mark Free 0.001ms
[62.998s][info][gc,phases   ] GC(93) Concurrent Process Non-Strong References 19.890ms
[62.998s][info][gc,phases   ] GC(93) Concurrent Reset Relocation Set 0.006ms
[63.000s][info][gc,phases   ] GC(93) Concurrent Select Relocation Set 2.124ms
[63.000s][info][gc,phases   ] GC(93) Pause Relocate Start 0.012ms
[63.001s][info][gc,phases   ] GC(93) Concurrent Relocate 1.186ms
[63.001s][info][gc,load     ] GC(93) Load: 0.00/0.00/0.00
[63.001s][info][gc,mmu      ] GC(93) MMU: 2ms/95.2%, 5ms/98.1%, 10ms/99.0%, 20ms/99.5%, 50ms/99.8%, 100ms/99.9%
[63.002s][info][gc,marking  ] GC(93) Mark: 2 stripe(s), 2 proactive flush(es), 1 terminate flush(es), 0 completion(s), 0 continuation(s) 
[63.002s][info][gc,marking  ] GC(93) Mark Stack Usage: 32M
[63.002s][info][gc,nmethod  ] GC(93) NMethods: 20916 registered, 9 unregistered
[63.002s][info][gc,metaspace] GC(93) Metaspace: 133M used, 135M committed, 1152M reserved
[63.002s][info][gc,ref      ] GC(93) Soft: 8843 encountered, 0 discovered, 0 enqueued
[63.002s][info][gc,ref      ] GC(93) Weak: 15838 encountered, 3976 discovered, 589 enqueued
[63.002s][info][gc,ref      ] GC(93) Final: 53 encountered, 0 discovered, 0 enqueued
[63.002s][info][gc,ref      ] GC(93) Phantom: 589 encountered, 414 discovered, 0 enqueued
[63.002s][info][gc,reloc    ] GC(93) Small Pages: 238 / 476M, Empty: 322M, Relocated: 1M, In-Place: 0
[63.002s][info][gc,reloc    ] GC(93) Medium Pages: 2 / 64M, Empty: 32M, Relocated: 0M, In-Place: 0
[63.002s][info][gc,reloc    ] GC(93) Large Pages: 7 / 42M, Empty: 42M, Relocated: 0M, In-Place: 0
[63.002s][info][gc,reloc    ] GC(93) Forwarding Usage: 0M
[63.002s][info][gc,heap     ] GC(93) Min Capacity: 2048M(100%)
[63.002s][info][gc,heap     ] GC(93) Max Capacity: 2048M(100%)
[63.002s][info][gc,heap     ] GC(93) Soft Max Capacity: 2048M(100%)
[63.002s][info][gc,heap     ] GC(93)                Mark Start          Mark End        Relocate Start      Relocate End           High               Low         
[63.002s][info][gc,heap     ] GC(93)  Capacity:     2048M (100%)       2048M (100%)       2048M (100%)       2048M (100%)       2048M (100%)       2048M (100%)   
[63.002s][info][gc,heap     ] GC(93)      Free:     1466M (72%)        1466M (72%)        1852M (90%)        1932M (94%)        1932M (94%)        1466M (72%)    
[63.002s][info][gc,heap     ] GC(93)      Used:      582M (28%)         582M (28%)         196M (10%)         116M (6%)          582M (28%)         116M (6%)     
[63.002s][info][gc,heap     ] GC(93)      Live:         -                83M (4%)           83M (4%)           83M (4%)             -                  -          
[63.002s][info][gc,heap     ] GC(93) Allocated:         -                 0M (0%)           10M (0%)           13M (1%)             -                  -          
[63.002s][info][gc,heap     ] GC(93)   Garbage:         -               498M (24%)         102M (5%)           18M (1%)             -                  -          
[63.002s][info][gc,heap     ] GC(93) Reclaimed:         -                  -               396M (19%)         479M (23%)            -                  -          
[63.002s][info][gc          ] GC(93) Garbage Collection (System.gc()) 582M(28%)->116M(6%)
[63.617s][info][gc,start    ] GC(94) Garbage Collection (Allocation Rate)
[63.617s][info][gc,task     ] GC(94) Using 1 workers
[63.617s][info][gc,phases   ] GC(94) Pause Mark Start 0.008ms
[63.718s][info][gc,phases   ] GC(94) Concurrent Mark 100.573ms
[63.718s][info][gc,phases   ] GC(94) Pause Mark End 0.017ms
[63.718s][info][gc,phases   ] GC(94) Concurrent Mark Free 0.001ms
[63.774s][info][gc,phases   ] GC(94) Concurrent Process Non-Strong References 55.773ms
[63.774s][info][gc,phases   ] GC(94) Concurrent Reset Relocation Set 0.003ms
[63.776s][info][gc,phases   ] GC(94) Concurrent Select Relocation Set 2.629ms
[63.777s][info][gc,phases   ] GC(94) Pause Relocate Start 0.007ms
[63.785s][info][gc,phases   ] GC(94) Concurrent Relocate 8.414ms
[63.785s][info][gc,load     ] GC(94) Load: 0.00/0.00/0.00
[63.785s][info][gc,mmu      ] GC(94) MMU: 2ms/95.2%, 5ms/98.1%, 10ms/99.0%, 20ms/99.5%, 50ms/99.8%, 100ms/99.9%
[63.785s][info][gc,marking  ] GC(94) Mark: 1 stripe(s), 2 proactive flush(es), 1 terminate flush(es), 0 completion(s), 0 continuation(s) 
[63.785s][info][gc,marking  ] GC(94) Mark Stack Usage: 32M
[63.785s][info][gc,nmethod  ] GC(94) NMethods: 20980 registered, 9 unregistered
[63.785s][info][gc,metaspace] GC(94) Metaspace: 133M used, 135M committed, 1152M reserved
[63.785s][info][gc,ref      ] GC(94) Soft: 8846 encountered, 0 discovered, 0 enqueued
[63.785s][info][gc,ref      ] GC(94) Weak: 16351 encountered, 4038 discovered, 957 enqueued
[63.785s][info][gc,ref      ] GC(94) Final: 53 encountered, 0 discovered, 0 enqueued
[63.785s][info][gc,ref      ] GC(94) Phantom: 589 encountered, 355 discovered, 0 enqueued
[63.785s][info][gc,reloc    ] GC(94) Small Pages: 695 / 1390M, Empty: 1070M, Relocated: 11M, In-Place: 0
[63.785s][info][gc,reloc    ] GC(94) Medium Pages: 2 / 64M, Empty: 32M, Relocated: 0M, In-Place: 0
[63.785s][info][gc,reloc    ] GC(94) Large Pages: 10 / 60M, Empty: 60M, Relocated: 0M, In-Place: 0
[63.785s][info][gc,reloc    ] GC(94) Forwarding Usage: 2M
[63.785s][info][gc,heap     ] GC(94) Min Capacity: 2048M(100%)
[63.785s][info][gc,heap     ] GC(94) Max Capacity: 2048M(100%)
[63.785s][info][gc,heap     ] GC(94) Soft Max Capacity: 2048M(100%)
[63.785s][info][gc,heap     ] GC(94)                Mark Start          Mark End        Relocate Start      Relocate End           High               Low         
[63.785s][info][gc,heap     ] GC(94)  Capacity:     2048M (100%)       2048M (100%)       2048M (100%)       2048M (100%)       2048M (100%)       2048M (100%)   
[63.785s][info][gc,heap     ] GC(94)      Free:      534M (26%)         294M (14%)        1416M (69%)        1640M (80%)        1640M (80%)         266M (13%)    
[63.785s][info][gc,heap     ] GC(94)      Used:     1514M (74%)        1754M (86%)         632M (31%)         408M (20%)        1782M (87%)         408M (20%)    
[63.785s][info][gc,heap     ] GC(94)      Live:         -                93M (5%)           93M (5%)           93M (5%)             -                  -          
[63.785s][info][gc,heap     ] GC(94) Allocated:         -               240M (12%)         280M (14%)         297M (15%)            -                  -          
[63.785s][info][gc,heap     ] GC(94)   Garbage:         -              1420M (69%)         258M (13%)          17M (1%)             -                  -          
[63.785s][info][gc,heap     ] GC(94) Reclaimed:         -                  -              1162M (57%)        1403M (69%)            -                  -          
[63.785s][info][gc          ] GC(94) Garbage Collection (Allocation Rate) 1514M(74%)->408M(20%)
[63.861s][info][gc,start    ] GC(95) Garbage Collection (System.gc())
[63.861s][info][gc,task     ] GC(95) Using 2 workers
[63.861s][info][gc,phases   ] GC(95) Pause Mark Start 0.006ms
[63.914s][info][gc,phases   ] GC(95) Concurrent Mark 52.627ms
[63.914s][info][gc,phases   ] GC(95) Pause Mark End 0.051ms
[63.914s][info][gc,phases   ] GC(95) Concurrent Mark Free 0.001ms
[63.935s][info][gc,phases   ] GC(95) Concurrent Process Non-Strong References 20.846ms
[63.935s][info][gc,phases   ] GC(95) Concurrent Reset Relocation Set 0.006ms
[63.937s][info][gc,phases   ] GC(95) Concurrent Select Relocation Set 1.524ms
[63.937s][info][gc,phases   ] GC(95) Pause Relocate Start 0.009ms
[63.939s][info][gc,phases   ] GC(95) Concurrent Relocate 2.075ms
[63.939s][info][gc,load     ] GC(95) Load: 0.00/0.00/0.00
[63.939s][info][gc,mmu      ] GC(95) MMU: 2ms/95.2%, 5ms/98.1%, 10ms/99.0%, 20ms/99.5%, 50ms/99.8%, 100ms/99.9%
[63.939s][info][gc,marking  ] GC(95) Mark: 2 stripe(s), 1 proactive flush(es), 1 terminate flush(es), 0 completion(s), 0 continuation(s) 
[63.939s][info][gc,marking  ] GC(95) Mark Stack Usage: 32M
[63.939s][info][gc,nmethod  ] GC(95) NMethods: 20986 registered, 9 unregistered
[63.939s][info][gc,metaspace] GC(95) Metaspace: 133M used, 135M committed, 1152M reserved
[63.939s][info][gc,ref      ] GC(95) Soft: 8843 encountered, 0 discovered, 0 enqueued
[63.939s][info][gc,ref      ] GC(95) Weak: 15623 encountered, 3851 discovered, 366 enqueued
[63.939s][info][gc,ref      ] GC(95) Final: 53 encountered, 4 discovered, 0 enqueued
[63.939s][info][gc,ref      ] GC(95) Phantom: 589 encountered, 407 discovered, 0 enqueued
[63.939s][info][gc,reloc    ] GC(95) Small Pages: 190 / 380M, Empty: 238M, Relocated: 3M, In-Place: 0
[63.939s][info][gc,reloc    ] GC(95) Medium Pages: 2 / 64M, Empty: 32M, Relocated: 0M, In-Place: 0
[63.939s][info][gc,reloc    ] GC(95) Large Pages: 4 / 24M, Empty: 24M, Relocated: 0M, In-Place: 0
[63.939s][info][gc,reloc    ] GC(95) Forwarding Usage: 1M
[63.939s][info][gc,heap     ] GC(95) Min Capacity: 2048M(100%)
[63.939s][info][gc,heap     ] GC(95) Max Capacity: 2048M(100%)
[63.939s][info][gc,heap     ] GC(95) Soft Max Capacity: 2048M(100%)
[63.939s][info][gc,heap     ] GC(95)                Mark Start          Mark End        Relocate Start      Relocate End           High               Low         
[63.939s][info][gc,heap     ] GC(95)  Capacity:     2048M (100%)       2048M (100%)       2048M (100%)       2048M (100%)       2048M (100%)       2048M (100%)   
[63.939s][info][gc,heap     ] GC(95)      Free:     1580M (77%)        1578M (77%)        1862M (91%)        1934M (94%)        1934M (94%)        1578M (77%)    
[63.939s][info][gc,heap     ] GC(95)      Used:      468M (23%)         470M (23%)         186M (9%)          114M (6%)          470M (23%)         114M (6%)     
[63.939s][info][gc,heap     ] GC(95)      Live:         -                83M (4%)           83M (4%)           83M (4%)             -                  -          
[63.939s][info][gc,heap     ] GC(95) Allocated:         -                 2M (0%)           12M (1%)           11M (1%)             -                  -          
[63.939s][info][gc,heap     ] GC(95)   Garbage:         -               384M (19%)          90M (4%)           18M (1%)             -                  -          
[63.939s][info][gc,heap     ] GC(95) Reclaimed:         -                  -               294M (14%)         365M (18%)            -                  -          
[63.939s][info][gc          ] GC(95) Garbage Collection (System.gc()) 468M(23%)->114M(6%)
[64.617s][info][gc,start    ] GC(96) Garbage Collection (Allocation Rate)
[64.617s][info][gc,task     ] GC(96) Using 1 workers
[64.617s][info][gc,phases   ] GC(96) Pause Mark Start 0.009ms
[64.717s][info][gc,phases   ] GC(96) Concurrent Mark 99.595ms
[64.717s][info][gc,phases   ] GC(96) Pause Mark End 0.013ms
[64.717s][info][gc,phases   ] GC(96) Concurrent Mark Free 0.001ms
[64.772s][info][gc,phases   ] GC(96) Concurrent Process Non-Strong References 55.010ms
[64.772s][info][gc,phases   ] GC(96) Concurrent Reset Relocation Set 0.003ms
[64.774s][info][gc,phases   ] GC(96) Concurrent Select Relocation Set 2.500ms
[64.774s][info][gc,phases   ] GC(96) Pause Relocate Start 0.010ms
[64.789s][info][gc,phases   ] GC(96) Concurrent Relocate 14.308ms
[64.789s][info][gc,load     ] GC(96) Load: 0.00/0.00/0.00
[64.789s][info][gc,mmu      ] GC(96) MMU: 2ms/95.2%, 5ms/98.1%, 10ms/99.0%, 20ms/99.5%, 50ms/99.8%, 100ms/99.9%
[64.789s][info][gc,marking  ] GC(96) Mark: 1 stripe(s), 2 proactive flush(es), 1 terminate flush(es), 0 completion(s), 0 continuation(s) 
[64.789s][info][gc,marking  ] GC(96) Mark Stack Usage: 32M
[64.789s][info][gc,nmethod  ] GC(96) NMethods: 21071 registered, 9 unregistered
[64.789s][info][gc,metaspace] GC(96) Metaspace: 133M used, 135M committed, 1152M reserved
[64.789s][info][gc,ref      ] GC(96) Soft: 8846 encountered, 0 discovered, 0 enqueued
[64.789s][info][gc,ref      ] GC(96) Weak: 16330 encountered, 4020 discovered, 931 enqueued
[64.789s][info][gc,ref      ] GC(96) Final: 53 encountered, 0 discovered, 0 enqueued
[64.789s][info][gc,ref      ] GC(96) Phantom: 589 encountered, 355 discovered, 0 enqueued
[64.789s][info][gc,reloc    ] GC(96) Small Pages: 735 / 1470M, Empty: 1066M, Relocated: 19M, In-Place: 0
[64.789s][info][gc,reloc    ] GC(96) Medium Pages: 2 / 64M, Empty: 0M, Relocated: 22M, In-Place: 0
[64.789s][info][gc,reloc    ] GC(96) Large Pages: 10 / 60M, Empty: 60M, Relocated: 0M, In-Place: 0
[64.789s][info][gc,reloc    ] GC(96) Forwarding Usage: 1M
[64.789s][info][gc,heap     ] GC(96) Min Capacity: 2048M(100%)
[64.789s][info][gc,heap     ] GC(96) Max Capacity: 2048M(100%)
[64.789s][info][gc,heap     ] GC(96) Soft Max Capacity: 2048M(100%)
[64.789s][info][gc,heap     ] GC(96)                Mark Start          Mark End        Relocate Start      Relocate End           High               Low         
[64.789s][info][gc,heap     ] GC(96)  Capacity:     2048M (100%)       2048M (100%)       2048M (100%)       2048M (100%)       2048M (100%)       2048M (100%)   
[64.789s][info][gc,heap     ] GC(96)      Free:      454M (22%)         284M (14%)        1364M (67%)        1694M (83%)        1694M (83%)         244M (12%)    
[64.789s][info][gc,heap     ] GC(96)      Used:     1594M (78%)        1764M (86%)         684M (33%)         354M (17%)        1804M (88%)         354M (17%)    
[64.789s][info][gc,heap     ] GC(96)      Live:         -               101M (5%)          101M (5%)          101M (5%)             -                  -          
[64.789s][info][gc,heap     ] GC(96) Allocated:         -               170M (8%)          216M (11%)         235M (11%)            -                  -          
[64.789s][info][gc,heap     ] GC(96)   Garbage:         -              1492M (73%)         366M (18%)          16M (1%)             -                  -          
[64.789s][info][gc,heap     ] GC(96) Reclaimed:         -                  -              1126M (55%)        1475M (72%)            -                  -          
[64.789s][info][gc          ] GC(96) Garbage Collection (Allocation Rate) 1594M(78%)->354M(17%)
[64.849s][info][gc,start    ] GC(97) Garbage Collection (System.gc())
[64.849s][info][gc,task     ] GC(97) Using 2 workers
[64.849s][info][gc,phases   ] GC(97) Pause Mark Start 0.004ms
[64.911s][info][gc,phases   ] GC(97) Concurrent Mark 62.311ms
[64.912s][info][gc,phases   ] GC(97) Pause Mark End 0.032ms
[64.912s][info][gc,phases   ] GC(97) Concurrent Mark Free 0.003ms
[64.931s][info][gc,phases   ] GC(97) Concurrent Process Non-Strong References 19.129ms
[64.931s][info][gc,phases   ] GC(97) Concurrent Reset Relocation Set 0.008ms
[64.933s][info][gc,phases   ] GC(97) Concurrent Select Relocation Set 2.010ms
[64.933s][info][gc,phases   ] GC(97) Pause Relocate Start 0.007ms
[64.936s][info][gc,phases   ] GC(97) Concurrent Relocate 2.165ms
[64.936s][info][gc,load     ] GC(97) Load: 0.00/0.00/0.00
[64.936s][info][gc,mmu      ] GC(97) MMU: 2ms/95.2%, 5ms/98.1%, 10ms/99.0%, 20ms/99.5%, 50ms/99.8%, 100ms/99.9%
[64.936s][info][gc,marking  ] GC(97) Mark: 2 stripe(s), 1 proactive flush(es), 1 terminate flush(es), 0 completion(s), 0 continuation(s) 
[64.936s][info][gc,marking  ] GC(97) Mark Stack Usage: 32M
[64.936s][info][gc,nmethod  ] GC(97) NMethods: 21075 registered, 9 unregistered
[64.936s][info][gc,metaspace] GC(97) Metaspace: 133M used, 135M committed, 1152M reserved
[64.936s][info][gc,ref      ] GC(97) Soft: 8843 encountered, 0 discovered, 0 enqueued
[64.936s][info][gc,ref      ] GC(97) Weak: 15603 encountered, 4035 discovered, 357 enqueued
[64.936s][info][gc,ref      ] GC(97) Final: 53 encountered, 0 discovered, 0 enqueued
[64.936s][info][gc,ref      ] GC(97) Phantom: 589 encountered, 412 discovered, 0 enqueued
[64.936s][info][gc,reloc    ] GC(97) Small Pages: 152 / 304M, Empty: 168M, Relocated: 3M, In-Place: 0
[64.936s][info][gc,reloc    ] GC(97) Medium Pages: 2 / 64M, Empty: 32M, Relocated: 0M, In-Place: 0
[64.936s][info][gc,reloc    ] GC(97) Large Pages: 4 / 24M, Empty: 24M, Relocated: 0M, In-Place: 0
[64.936s][info][gc,reloc    ] GC(97) Forwarding Usage: 0M
[64.936s][info][gc,heap     ] GC(97) Min Capacity: 2048M(100%)
[64.936s][info][gc,heap     ] GC(97) Max Capacity: 2048M(100%)
[64.936s][info][gc,heap     ] GC(97) Soft Max Capacity: 2048M(100%)
[64.936s][info][gc,heap     ] GC(97)                Mark Start          Mark End        Relocate Start      Relocate End           High               Low         
[64.936s][info][gc,heap     ] GC(97)  Capacity:     2048M (100%)       2048M (100%)       2048M (100%)       2048M (100%)       2048M (100%)       2048M (100%)   
[64.936s][info][gc,heap     ] GC(97)      Free:     1656M (81%)        1654M (81%)        1870M (91%)        1928M (94%)        1930M (94%)        1654M (81%)    
[64.936s][info][gc,heap     ] GC(97)      Used:      392M (19%)         394M (19%)         178M (9%)          120M (6%)          394M (19%)         118M (6%)     
[64.936s][info][gc,heap     ] GC(97)      Live:         -                83M (4%)           83M (4%)           83M (4%)             -                  -          
[64.936s][info][gc,heap     ] GC(97) Allocated:         -                 2M (0%)           10M (0%)           19M (1%)             -                  -          
[64.936s][info][gc,heap     ] GC(97)   Garbage:         -               308M (15%)          84M (4%)           16M (1%)             -                  -          
[64.936s][info][gc,heap     ] GC(97) Reclaimed:         -                  -               224M (11%)         291M (14%)            -                  -          
[64.936s][info][gc          ] GC(97) Garbage Collection (System.gc()) 392M(19%)->120M(6%)
[65.615s][info][gc,start    ] GC(98) Garbage Collection (Allocation Rate)
[65.615s][info][gc,task     ] GC(98) Using 1 workers
[65.615s][info][gc,phases   ] GC(98) Pause Mark Start 0.006ms
[65.723s][info][gc,phases   ] GC(98) Concurrent Mark 108.031ms
[65.723s][info][gc,phases   ] GC(98) Pause Mark End 0.011ms
[65.723s][info][gc,phases   ] GC(98) Concurrent Mark Free 0.001ms
[65.777s][info][gc,phases   ] GC(98) Concurrent Process Non-Strong References 53.354ms
[65.777s][info][gc,phases   ] GC(98) Concurrent Reset Relocation Set 0.003ms
[65.779s][info][gc,phases   ] GC(98) Concurrent Select Relocation Set 2.230ms
[65.779s][info][gc,phases   ] GC(98) Pause Relocate Start 0.010ms
[65.790s][info][gc,phases   ] GC(98) Concurrent Relocate 9.858ms
[65.790s][info][gc,load     ] GC(98) Load: 0.00/0.00/0.00
[65.790s][info][gc,mmu      ] GC(98) MMU: 2ms/95.2%, 5ms/98.1%, 10ms/99.0%, 20ms/99.5%, 50ms/99.8%, 100ms/99.9%
[65.790s][info][gc,marking  ] GC(98) Mark: 1 stripe(s), 2 proactive flush(es), 1 terminate flush(es), 0 completion(s), 0 continuation(s) 
[65.790s][info][gc,marking  ] GC(98) Mark Stack Usage: 32M
[65.790s][info][gc,nmethod  ] GC(98) NMethods: 21171 registered, 9 unregistered
[65.790s][info][gc,metaspace] GC(98) Metaspace: 133M used, 135M committed, 1152M reserved
[65.790s][info][gc,ref      ] GC(98) Soft: 8846 encountered, 0 discovered, 0 enqueued
[65.790s][info][gc,ref      ] GC(98) Weak: 16355 encountered, 4036 discovered, 943 enqueued
[65.790s][info][gc,ref      ] GC(98) Final: 53 encountered, 0 discovered, 0 enqueued
[65.790s][info][gc,ref      ] GC(98) Phantom: 589 encountered, 355 discovered, 0 enqueued
[65.790s][info][gc,reloc    ] GC(98) Small Pages: 714 / 1428M, Empty: 1062M, Relocated: 14M, In-Place: 0
[65.790s][info][gc,reloc    ] GC(98) Medium Pages: 2 / 64M, Empty: 32M, Relocated: 0M, In-Place: 0
[65.790s][info][gc,reloc    ] GC(98) Large Pages: 10 / 60M, Empty: 60M, Relocated: 0M, In-Place: 0
[65.790s][info][gc,reloc    ] GC(98) Forwarding Usage: 2M
[65.790s][info][gc,heap     ] GC(98) Min Capacity: 2048M(100%)
[65.790s][info][gc,heap     ] GC(98) Max Capacity: 2048M(100%)
[65.790s][info][gc,heap     ] GC(98) Soft Max Capacity: 2048M(100%)
[65.790s][info][gc,heap     ] GC(98)                Mark Start          Mark End        Relocate Start      Relocate End           High               Low         
[65.790s][info][gc,heap     ] GC(98)  Capacity:     2048M (100%)       2048M (100%)       2048M (100%)       2048M (100%)       2048M (100%)       2048M (100%)   
[65.790s][info][gc,heap     ] GC(98)      Free:      496M (24%)         278M (14%)        1392M (68%)        1652M (81%)        1654M (81%)         242M (12%)    
[65.790s][info][gc,heap     ] GC(98)      Used:     1552M (76%)        1770M (86%)         656M (32%)         396M (19%)        1806M (88%)         394M (19%)    
[65.790s][info][gc,heap     ] GC(98)      Live:         -                97M (5%)           97M (5%)           97M (5%)             -                  -          
[65.790s][info][gc,heap     ] GC(98) Allocated:         -               218M (11%)         258M (13%)         281M (14%)            -                  -          
[65.790s][info][gc,heap     ] GC(98)   Garbage:         -              1454M (71%)         300M (15%)          17M (1%)             -                  -          
[65.790s][info][gc,heap     ] GC(98) Reclaimed:         -                  -              1154M (56%)        1437M (70%)            -                  -          
[65.790s][info][gc          ] GC(98) Garbage Collection (Allocation Rate) 1552M(76%)->396M(19%)
[65.849s][info][gc,start    ] GC(99) Garbage Collection (System.gc())
[65.849s][info][gc,task     ] GC(99) Using 2 workers
[65.849s][info][gc,phases   ] GC(99) Pause Mark Start 0.006ms
[65.900s][info][gc,phases   ] GC(99) Concurrent Mark 50.719ms
[65.900s][info][gc,phases   ] GC(99) Pause Mark End 0.052ms
[65.901s][info][gc,phases   ] GC(99) Concurrent Mark Free 0.001ms
[65.920s][info][gc,phases   ] GC(99) Concurrent Process Non-Strong References 19.399ms
[65.920s][info][gc,phases   ] GC(99) Concurrent Reset Relocation Set 0.009ms
[65.922s][info][gc,phases   ] GC(99) Concurrent Select Relocation Set 1.966ms
[65.922s][info][gc,phases   ] GC(99) Pause Relocate Start 0.010ms
[65.923s][info][gc,phases   ] GC(99) Concurrent Relocate 0.859ms
[65.923s][info][gc,load     ] GC(99) Load: 0.00/0.00/0.00
[65.923s][info][gc,mmu      ] GC(99) MMU: 2ms/95.2%, 5ms/98.1%, 10ms/99.0%, 20ms/99.5%, 50ms/99.8%, 100ms/99.9%
[65.923s][info][gc,marking  ] GC(99) Mark: 2 stripe(s), 1 proactive flush(es), 1 terminate flush(es), 0 completion(s), 0 continuation(s) 
[65.923s][info][gc,marking  ] GC(99) Mark Stack Usage: 32M
[65.923s][info][gc,nmethod  ] GC(99) NMethods: 21174 registered, 9 unregistered
[65.923s][info][gc,metaspace] GC(99) Metaspace: 133M used, 135M committed, 1152M reserved
[65.923s][info][gc,ref      ] GC(99) Soft: 8843 encountered, 0 discovered, 0 enqueued
[65.923s][info][gc,ref      ] GC(99) Weak: 15627 encountered, 2666 discovered, 366 enqueued
[65.923s][info][gc,ref      ] GC(99) Final: 53 encountered, 0 discovered, 0 enqueued
[65.923s][info][gc,ref      ] GC(99) Phantom: 589 encountered, 339 discovered, 0 enqueued
[65.923s][info][gc,reloc    ] GC(99) Small Pages: 171 / 342M, Empty: 206M, Relocated: 1M, In-Place: 0
[65.923s][info][gc,reloc    ] GC(99) Medium Pages: 2 / 64M, Empty: 32M, Relocated: 0M, In-Place: 0
[65.923s][info][gc,reloc    ] GC(99) Large Pages: 4 / 24M, Empty: 24M, Relocated: 0M, In-Place: 0
[65.923s][info][gc,reloc    ] GC(99) Forwarding Usage: 0M
[65.923s][info][gc,heap     ] GC(99) Min Capacity: 2048M(100%)
[65.923s][info][gc,heap     ] GC(99) Max Capacity: 2048M(100%)
[65.923s][info][gc,heap     ] GC(99) Soft Max Capacity: 2048M(100%)
[65.923s][info][gc,heap     ] GC(99)                Mark Start          Mark End        Relocate Start      Relocate End           High               Low         
[65.923s][info][gc,heap     ] GC(99)  Capacity:     2048M (100%)       2048M (100%)       2048M (100%)       2048M (100%)       2048M (100%)       2048M (100%)   
[65.923s][info][gc,heap     ] GC(99)      Free:     1618M (79%)        1616M (79%)        1866M (91%)        1930M (94%)        1930M (94%)        1616M (79%)    
[65.923s][info][gc,heap     ] GC(99)      Used:      430M (21%)         432M (21%)         182M (9%)          118M (6%)          432M (21%)         118M (6%)     
[65.923s][info][gc,heap     ] GC(99)      Live:         -                83M (4%)           83M (4%)           83M (4%)             -                  -          
[65.923s][info][gc,heap     ] GC(99) Allocated:         -                 2M (0%)           14M (1%)           15M (1%)             -                  -          
[65.923s][info][gc,heap     ] GC(99)   Garbage:         -               346M (17%)          84M (4%)           18M (1%)             -                  -          
[65.923s][info][gc,heap     ] GC(99) Reclaimed:         -                  -               262M (13%)         327M (16%)            -                  -          
[65.923s][info][gc          ] GC(99) Garbage Collection (System.gc()) 430M(21%)->118M(6%)
[66.518s][info][gc,start    ] GC(100) Garbage Collection (Allocation Rate)
[66.518s][info][gc,task     ] GC(100) Using 1 workers
[66.518s][info][gc,phases   ] GC(100) Pause Mark Start 0.007ms
[66.620s][info][gc,phases   ] GC(100) Concurrent Mark 101.487ms
[66.620s][info][gc,phases   ] GC(100) Pause Mark End 0.025ms
[66.620s][info][gc,phases   ] GC(100) Concurrent Mark Free 0.001ms
[66.680s][info][gc,phases   ] GC(100) Concurrent Process Non-Strong References 60.154ms
[66.680s][info][gc,phases   ] GC(100) Concurrent Reset Relocation Set 0.002ms
[66.682s][info][gc,phases   ] GC(100) Concurrent Select Relocation Set 2.393ms
[66.683s][info][gc,phases   ] GC(100) Pause Relocate Start 0.008ms
[66.689s][info][gc,phases   ] GC(100) Concurrent Relocate 5.662ms
[66.689s][info][gc,load     ] GC(100) Load: 0.00/0.00/0.00
[66.689s][info][gc,mmu      ] GC(100) MMU: 2ms/95.2%, 5ms/98.1%, 10ms/99.0%, 20ms/99.5%, 50ms/99.8%, 100ms/99.9%
[66.689s][info][gc,marking  ] GC(100) Mark: 1 stripe(s), 2 proactive flush(es), 1 terminate flush(es), 0 completion(s), 0 continuation(s) 
[66.689s][info][gc,marking  ] GC(100) Mark Stack Usage: 32M
[66.689s][info][gc,nmethod  ] GC(100) NMethods: 21291 registered, 9 unregistered
[66.689s][info][gc,metaspace] GC(100) Metaspace: 133M used, 135M committed, 1152M reserved
[66.689s][info][gc,ref      ] GC(100) Soft: 8846 encountered, 0 discovered, 0 enqueued
[66.689s][info][gc,ref      ] GC(100) Weak: 16326 encountered, 4020 discovered, 937 enqueued
[66.689s][info][gc,ref      ] GC(100) Final: 53 encountered, 0 discovered, 0 enqueued
[66.689s][info][gc,ref      ] GC(100) Phantom: 589 encountered, 355 discovered, 0 enqueued
[66.689s][info][gc,reloc    ] GC(100) Small Pages: 652 / 1304M, Empty: 1070M, Relocated: 4M, In-Place: 0
[66.689s][info][gc,reloc    ] GC(100) Medium Pages: 2 / 64M, Empty: 32M, Relocated: 0M, In-Place: 0
[66.689s][info][gc,reloc    ] GC(100) Large Pages: 10 / 60M, Empty: 60M, Relocated: 0M, In-Place: 0
[66.689s][info][gc,reloc    ] GC(100) Forwarding Usage: 1M
[66.689s][info][gc,heap     ] GC(100) Min Capacity: 2048M(100%)
[66.689s][info][gc,heap     ] GC(100) Max Capacity: 2048M(100%)
[66.689s][info][gc,heap     ] GC(100) Soft Max Capacity: 2048M(100%)
[66.689s][info][gc,heap     ] GC(100)                Mark Start          Mark End        Relocate Start      Relocate End           High               Low         
[66.689s][info][gc,heap     ] GC(100)  Capacity:     2048M (100%)       2048M (100%)       2048M (100%)       2048M (100%)       2048M (100%)       2048M (100%)   
[66.689s][info][gc,heap     ] GC(100)      Free:      620M (30%)         360M (18%)        1438M (70%)        1594M (78%)        1594M (78%)         280M (14%)    
[66.689s][info][gc,heap     ] GC(100)      Used:     1428M (70%)        1688M (82%)         610M (30%)         454M (22%)        1768M (86%)         454M (22%)    
[66.689s][info][gc,heap     ] GC(100)      Live:         -                87M (4%)           87M (4%)           87M (4%)             -                  -          
[66.689s][info][gc,heap     ] GC(100) Allocated:         -               260M (13%)         344M (17%)         349M (17%)            -                  -          
[66.689s][info][gc,heap     ] GC(100)   Garbage:         -              1340M (65%)         178M (9%)           17M (1%)             -                  -          
[66.689s][info][gc,heap     ] GC(100) Reclaimed:         -                  -              1162M (57%)        1323M (65%)            -                  -          
[66.689s][info][gc          ] GC(100) Garbage Collection (Allocation Rate) 1428M(70%)->454M(22%)
[66.798s][info][gc,start    ] GC(101) Garbage Collection (System.gc())
[66.798s][info][gc,task     ] GC(101) Using 2 workers
[66.798s][info][gc,phases   ] GC(101) Pause Mark Start 0.005ms
[66.860s][info][gc,phases   ] GC(101) Concurrent Mark 62.509ms
[66.861s][info][gc,phases   ] GC(101) Pause Mark End 0.043ms
[66.861s][info][gc,phases   ] GC(101) Concurrent Mark Free 0.003ms
[66.882s][info][gc,phases   ] GC(101) Concurrent Process Non-Strong References 20.620ms
[66.882s][info][gc,phases   ] GC(101) Concurrent Reset Relocation Set 0.006ms
[66.883s][info][gc,phases   ] GC(101) Concurrent Select Relocation Set 1.780ms
[66.884s][info][gc,phases   ] GC(101) Pause Relocate Start 0.010ms
[66.887s][info][gc,phases   ] GC(101) Concurrent Relocate 3.043ms
[66.887s][info][gc,load     ] GC(101) Load: 0.00/0.00/0.00
[66.887s][info][gc,mmu      ] GC(101) MMU: 2ms/95.2%, 5ms/98.1%, 10ms/99.0%, 20ms/99.5%, 50ms/99.8%, 100ms/99.9%
[66.887s][info][gc,marking  ] GC(101) Mark: 2 stripe(s), 2 proactive flush(es), 1 terminate flush(es), 0 completion(s), 0 continuation(s) 
[66.887s][info][gc,marking  ] GC(101) Mark Stack Usage: 32M
[66.887s][info][gc,nmethod  ] GC(101) NMethods: 21317 registered, 9 unregistered
[66.887s][info][gc,metaspace] GC(101) Metaspace: 133M used, 135M committed, 1152M reserved
[66.887s][info][gc,ref      ] GC(101) Soft: 8843 encountered, 0 discovered, 0 enqueued
[66.887s][info][gc,ref      ] GC(101) Weak: 15609 encountered, 3348 discovered, 359 enqueued
[66.887s][info][gc,ref      ] GC(101) Final: 53 encountered, 0 discovered, 0 enqueued
[66.887s][info][gc,ref      ] GC(101) Phantom: 589 encountered, 400 discovered, 0 enqueued
[66.887s][info][gc,reloc    ] GC(101) Small Pages: 227 / 454M, Empty: 212M, Relocated: 12M, In-Place: 0
[66.887s][info][gc,reloc    ] GC(101) Medium Pages: 2 / 64M, Empty: 32M, Relocated: 0M, In-Place: 0
[66.887s][info][gc,reloc    ] GC(101) Large Pages: 4 / 24M, Empty: 24M, Relocated: 0M, In-Place: 0
[66.887s][info][gc,reloc    ] GC(101) Forwarding Usage: 0M
[66.887s][info][gc,heap     ] GC(101) Min Capacity: 2048M(100%)
[66.887s][info][gc,heap     ] GC(101) Max Capacity: 2048M(100%)
[66.887s][info][gc,heap     ] GC(101) Soft Max Capacity: 2048M(100%)
[66.887s][info][gc,heap     ] GC(101)                Mark Start          Mark End        Relocate Start      Relocate End           High               Low         
[66.887s][info][gc,heap     ] GC(101)  Capacity:     2048M (100%)       2048M (100%)       2048M (100%)       2048M (100%)       2048M (100%)       2048M (100%)   
[66.887s][info][gc,heap     ] GC(101)      Free:     1506M (74%)        1498M (73%)        1762M (86%)        1916M (94%)        1918M (94%)        1498M (73%)    
[66.887s][info][gc,heap     ] GC(101)      Used:      542M (26%)         550M (27%)         286M (14%)         132M (6%)          550M (27%)         130M (6%)     
[66.887s][info][gc,heap     ] GC(101)      Live:         -                94M (5%)           94M (5%)           94M (5%)             -                  -          
[66.887s][info][gc,heap     ] GC(101) Allocated:         -                 8M (0%)           12M (1%)           17M (1%)             -                  -          
[66.887s][info][gc,heap     ] GC(101)   Garbage:         -               447M (22%)         179M (9%)           19M (1%)             -                  -          
[66.887s][info][gc,heap     ] GC(101) Reclaimed:         -                  -               268M (13%)         427M (21%)            -                  -          
[66.887s][info][gc          ] GC(101) Garbage Collection (System.gc()) 542M(26%)->132M(6%)
[67.425s][info][gc,start    ] GC(102) Garbage Collection (Allocation Rate)
[67.425s][info][gc,task     ] GC(102) Using 1 workers
[67.425s][info][gc,phases   ] GC(102) Pause Mark Start 0.012ms
[67.521s][info][gc,phases   ] GC(102) Concurrent Mark 95.990ms
[67.521s][info][gc,phases   ] GC(102) Pause Mark End 0.014ms
[67.521s][info][gc,phases   ] GC(102) Concurrent Mark Free 0.001ms
[67.585s][info][gc,phases   ] GC(102) Concurrent Process Non-Strong References 64.200ms
[67.585s][info][gc,phases   ] GC(102) Concurrent Reset Relocation Set 0.006ms
[67.588s][info][gc,phases   ] GC(102) Concurrent Select Relocation Set 2.357ms
[67.588s][info][gc,phases   ] GC(102) Pause Relocate Start 0.010ms
[67.592s][info][gc,phases   ] GC(102) Concurrent Relocate 3.443ms
[67.592s][info][gc,load     ] GC(102) Load: 0.00/0.00/0.00
[67.592s][info][gc,mmu      ] GC(102) MMU: 2ms/95.2%, 5ms/98.1%, 10ms/99.0%, 20ms/99.5%, 50ms/99.8%, 100ms/99.9%
[67.592s][info][gc,marking  ] GC(102) Mark: 1 stripe(s), 2 proactive flush(es), 1 terminate flush(es), 0 completion(s), 0 continuation(s) 
[67.592s][info][gc,marking  ] GC(102) Mark Stack Usage: 32M
[67.592s][info][gc,nmethod  ] GC(102) NMethods: 21373 registered, 9 unregistered
[67.592s][info][gc,metaspace] GC(102) Metaspace: 133M used, 135M committed, 1152M reserved
[67.592s][info][gc,ref      ] GC(102) Soft: 8846 encountered, 0 discovered, 0 enqueued
[67.592s][info][gc,ref      ] GC(102) Weak: 16246 encountered, 3916 discovered, 717 enqueued
[67.592s][info][gc,ref      ] GC(102) Final: 53 encountered, 0 discovered, 0 enqueued
[67.592s][info][gc,ref      ] GC(102) Phantom: 589 encountered, 355 discovered, 0 enqueued
[67.592s][info][gc,reloc    ] GC(102) Small Pages: 633 / 1266M, Empty: 1040M, Relocated: 3M, In-Place: 0
[67.592s][info][gc,reloc    ] GC(102) Medium Pages: 2 / 64M, Empty: 32M, Relocated: 0M, In-Place: 0
[67.592s][info][gc,reloc    ] GC(102) Large Pages: 7 / 42M, Empty: 42M, Relocated: 0M, In-Place: 0
[67.592s][info][gc,reloc    ] GC(102) Forwarding Usage: 1M
[67.592s][info][gc,heap     ] GC(102) Min Capacity: 2048M(100%)
[67.592s][info][gc,heap     ] GC(102) Max Capacity: 2048M(100%)
[67.592s][info][gc,heap     ] GC(102) Soft Max Capacity: 2048M(100%)
[67.592s][info][gc,heap     ] GC(102)                Mark Start          Mark End        Relocate Start      Relocate End           High               Low         
[67.592s][info][gc,heap     ] GC(102)  Capacity:     2048M (100%)       2048M (100%)       2048M (100%)       2048M (100%)       2048M (100%)       2048M (100%)   
[67.592s][info][gc,heap     ] GC(102)      Free:      676M (33%)         484M (24%)        1446M (71%)        1588M (78%)        1590M (78%)         342M (17%)    
[67.592s][info][gc,heap     ] GC(102)      Used:     1372M (67%)        1564M (76%)         602M (29%)         460M (22%)        1706M (83%)         458M (22%)    
[67.592s][info][gc,heap     ] GC(102)      Live:         -                85M (4%)           85M (4%)           85M (4%)             -                  -          
[67.592s][info][gc,heap     ] GC(102) Allocated:         -               192M (9%)          344M (17%)         357M (17%)            -                  -          
[67.592s][info][gc,heap     ] GC(102)   Garbage:         -              1286M (63%)         172M (8%)           16M (1%)             -                  -          
[67.592s][info][gc,heap     ] GC(102) Reclaimed:         -                  -              1114M (54%)        1269M (62%)            -                  -          
[67.592s][info][gc          ] GC(102) Garbage Collection (Allocation Rate) 1372M(67%)->460M(22%)
[67.759s][info][gc,start    ] GC(103) Garbage Collection (System.gc())
[67.759s][info][gc,task     ] GC(103) Using 2 workers
[67.759s][info][gc,phases   ] GC(103) Pause Mark Start 0.007ms
[67.823s][info][gc,phases   ] GC(103) Concurrent Mark 63.709ms
[67.823s][info][gc,phases   ] GC(103) Pause Mark End 0.027ms
[67.823s][info][gc,phases   ] GC(103) Concurrent Mark Free 0.001ms
[67.845s][info][gc,phases   ] GC(103) Concurrent Process Non-Strong References 21.544ms
[67.845s][info][gc,phases   ] GC(103) Concurrent Reset Relocation Set 0.004ms
[67.846s][info][gc,phases   ] GC(103) Concurrent Select Relocation Set 1.813ms
[67.847s][info][gc,phases   ] GC(103) Pause Relocate Start 0.008ms
[67.850s][info][gc,phases   ] GC(103) Concurrent Relocate 3.743ms
[67.850s][info][gc,load     ] GC(103) Load: 0.00/0.00/0.00
[67.850s][info][gc,mmu      ] GC(103) MMU: 2ms/95.2%, 5ms/98.1%, 10ms/99.0%, 20ms/99.5%, 50ms/99.8%, 100ms/99.9%
[67.850s][info][gc,marking  ] GC(103) Mark: 2 stripe(s), 2 proactive flush(es), 1 terminate flush(es), 0 completion(s), 0 continuation(s) 
[67.850s][info][gc,marking  ] GC(103) Mark Stack Usage: 32M
[67.850s][info][gc,nmethod  ] GC(103) NMethods: 21386 registered, 9 unregistered
[67.850s][info][gc,metaspace] GC(103) Metaspace: 133M used, 135M committed, 1152M reserved
[67.850s][info][gc,ref      ] GC(103) Soft: 8843 encountered, 0 discovered, 0 enqueued
[67.850s][info][gc,ref      ] GC(103) Weak: 15874 encountered, 3402 discovered, 600 enqueued
[67.850s][info][gc,ref      ] GC(103) Final: 53 encountered, 0 discovered, 0 enqueued
[67.850s][info][gc,ref      ] GC(103) Phantom: 589 encountered, 325 discovered, 0 enqueued
[67.850s][info][gc,reloc    ] GC(103) Small Pages: 251 / 502M, Empty: 232M, Relocated: 13M, In-Place: 0
[67.850s][info][gc,reloc    ] GC(103) Medium Pages: 2 / 64M, Empty: 32M, Relocated: 0M, In-Place: 0
[67.850s][info][gc,reloc    ] GC(103) Large Pages: 7 / 42M, Empty: 42M, Relocated: 0M, In-Place: 0
[67.851s][info][gc,reloc    ] GC(103) Forwarding Usage: 1M
[67.851s][info][gc,heap     ] GC(103) Min Capacity: 2048M(100%)
[67.851s][info][gc,heap     ] GC(103) Max Capacity: 2048M(100%)
[67.851s][info][gc,heap     ] GC(103) Soft Max Capacity: 2048M(100%)
[67.851s][info][gc,heap     ] GC(103)                Mark Start          Mark End        Relocate Start      Relocate End           High               Low         
[67.851s][info][gc,heap     ] GC(103)  Capacity:     2048M (100%)       2048M (100%)       2048M (100%)       2048M (100%)       2048M (100%)       2048M (100%)   
[67.851s][info][gc,heap     ] GC(103)      Free:     1440M (70%)        1432M (70%)        1732M (85%)        1914M (93%)        1914M (93%)        1432M (70%)    
[67.851s][info][gc,heap     ] GC(103)      Used:      608M (30%)         616M (30%)         316M (15%)         134M (7%)          616M (30%)         134M (7%)     
[67.851s][info][gc,heap     ] GC(103)      Live:         -                95M (5%)           95M (5%)           95M (5%)             -                  -          
[67.851s][info][gc,heap     ] GC(103) Allocated:         -                 8M (0%)           14M (1%)           19M (1%)             -                  -          
[67.851s][info][gc,heap     ] GC(103)   Garbage:         -               512M (25%)         206M (10%)          18M (1%)             -                  -          
[67.851s][info][gc,heap     ] GC(103) Reclaimed:         -                  -               306M (15%)         493M (24%)            -                  -          
[67.851s][info][gc          ] GC(103) Garbage Collection (System.gc()) 608M(30%)->134M(7%)
[68.419s][info][gc,start    ] GC(104) Garbage Collection (Allocation Rate)
[68.419s][info][gc,task     ] GC(104) Using 1 workers
[68.419s][info][gc,phases   ] GC(104) Pause Mark Start 0.008ms
[68.519s][info][gc,phases   ] GC(104) Concurrent Mark 100.425ms
[68.519s][info][gc,phases   ] GC(104) Pause Mark End 0.019ms
[68.520s][info][gc,phases   ] GC(104) Concurrent Mark Free 0.001ms
[68.583s][info][gc,phases   ] GC(104) Concurrent Process Non-Strong References 63.691ms
[68.583s][info][gc,phases   ] GC(104) Concurrent Reset Relocation Set 0.007ms
[68.586s][info][gc,phases   ] GC(104) Concurrent Select Relocation Set 2.261ms
[68.586s][info][gc,phases   ] GC(104) Pause Relocate Start 0.010ms
[68.589s][info][gc,phases   ] GC(104) Concurrent Relocate 3.368ms
[68.589s][info][gc,load     ] GC(104) Load: 0.00/0.00/0.00
[68.589s][info][gc,mmu      ] GC(104) MMU: 2ms/95.2%, 5ms/98.1%, 10ms/99.0%, 20ms/99.5%, 50ms/99.8%, 100ms/99.9%
[68.589s][info][gc,marking  ] GC(104) Mark: 1 stripe(s), 2 proactive flush(es), 1 terminate flush(es), 0 completion(s), 0 continuation(s) 
[68.589s][info][gc,marking  ] GC(104) Mark Stack Usage: 32M
[68.589s][info][gc,nmethod  ] GC(104) NMethods: 21465 registered, 9 unregistered
[68.589s][info][gc,metaspace] GC(104) Metaspace: 133M used, 135M committed, 1152M reserved
[68.589s][info][gc,ref      ] GC(104) Soft: 8846 encountered, 0 discovered, 0 enqueued
[68.589s][info][gc,ref      ] GC(104) Weak: 16234 encountered, 3933 discovered, 708 enqueued
[68.589s][info][gc,ref      ] GC(104) Final: 53 encountered, 0 discovered, 0 enqueued
[68.589s][info][gc,ref      ] GC(104) Phantom: 589 encountered, 306 discovered, 0 enqueued
[68.589s][info][gc,reloc    ] GC(104) Small Pages: 639 / 1278M, Empty: 1040M, Relocated: 3M, In-Place: 0
[68.589s][info][gc,reloc    ] GC(104) Medium Pages: 2 / 64M, Empty: 32M, Relocated: 0M, In-Place: 0
[68.589s][info][gc,reloc    ] GC(104) Large Pages: 7 / 42M, Empty: 42M, Relocated: 0M, In-Place: 0
[68.589s][info][gc,reloc    ] GC(104) Forwarding Usage: 0M
[68.589s][info][gc,heap     ] GC(104) Min Capacity: 2048M(100%)
[68.589s][info][gc,heap     ] GC(104) Max Capacity: 2048M(100%)
[68.589s][info][gc,heap     ] GC(104) Soft Max Capacity: 2048M(100%)
[68.589s][info][gc,heap     ] GC(104)                Mark Start          Mark End        Relocate Start      Relocate End           High               Low         
[68.589s][info][gc,heap     ] GC(104)  Capacity:     2048M (100%)       2048M (100%)       2048M (100%)       2048M (100%)       2048M (100%)       2048M (100%)   
[68.590s][info][gc,heap     ] GC(104)      Free:      664M (32%)         450M (22%)        1424M (70%)        1582M (77%)        1584M (77%)         318M (16%)    
[68.590s][info][gc,heap     ] GC(104)      Used:     1384M (68%)        1598M (78%)         624M (30%)         466M (23%)        1730M (84%)         464M (23%)    
[68.590s][info][gc,heap     ] GC(104)      Live:         -                85M (4%)           85M (4%)           85M (4%)             -                  -          
[68.590s][info][gc,heap     ] GC(104) Allocated:         -               214M (10%)         354M (17%)         361M (18%)            -                  -          
[68.590s][info][gc,heap     ] GC(104)   Garbage:         -              1298M (63%)         184M (9%)           18M (1%)             -                  -          
[68.590s][info][gc,heap     ] GC(104) Reclaimed:         -                  -              1114M (54%)        1279M (62%)            -                  -          
[68.590s][info][gc          ] GC(104) Garbage Collection (Allocation Rate) 1384M(68%)->466M(23%)
[68.742s][info][gc,start    ] GC(105) Garbage Collection (System.gc())
[68.742s][info][gc,task     ] GC(105) Using 2 workers
[68.742s][info][gc,phases   ] GC(105) Pause Mark Start 0.005ms
[68.788s][info][gc,phases   ] GC(105) Concurrent Mark 46.587ms
[68.789s][info][gc,phases   ] GC(105) Pause Mark End 0.029ms
[68.789s][info][gc,phases   ] GC(105) Concurrent Mark Free 0.002ms
[68.810s][info][gc,phases   ] GC(105) Concurrent Process Non-Strong References 21.288ms
[68.810s][info][gc,phases   ] GC(105) Concurrent Reset Relocation Set 0.007ms
[68.812s][info][gc,phases   ] GC(105) Concurrent Select Relocation Set 1.972ms
[68.812s][info][gc,phases   ] GC(105) Pause Relocate Start 0.008ms
[68.813s][info][gc,phases   ] GC(105) Concurrent Relocate 0.893ms
[68.813s][info][gc,load     ] GC(105) Load: 0.00/0.00/0.00
[68.813s][info][gc,mmu      ] GC(105) MMU: 2ms/95.2%, 5ms/98.1%, 10ms/99.0%, 20ms/99.5%, 50ms/99.8%, 100ms/99.9%
[68.813s][info][gc,marking  ] GC(105) Mark: 2 stripe(s), 2 proactive flush(es), 1 terminate flush(es), 0 completion(s), 0 continuation(s) 
[68.813s][info][gc,marking  ] GC(105) Mark Stack Usage: 32M
[68.813s][info][gc,nmethod  ] GC(105) NMethods: 21467 registered, 9 unregistered
[68.813s][info][gc,metaspace] GC(105) Metaspace: 133M used, 135M committed, 1152M reserved
[68.813s][info][gc,ref      ] GC(105) Soft: 8843 encountered, 0 discovered, 0 enqueued
[68.813s][info][gc,ref      ] GC(105) Weak: 15852 encountered, 3290 discovered, 588 enqueued
[68.813s][info][gc,ref      ] GC(105) Final: 53 encountered, 0 discovered, 0 enqueued
[68.813s][info][gc,ref      ] GC(105) Phantom: 589 encountered, 405 discovered, 0 enqueued
[68.813s][info][gc,reloc    ] GC(105) Small Pages: 249 / 498M, Empty: 332M, Relocated: 1M, In-Place: 0
[68.813s][info][gc,reloc    ] GC(105) Medium Pages: 2 / 64M, Empty: 32M, Relocated: 0M, In-Place: 0
[68.813s][info][gc,reloc    ] GC(105) Large Pages: 7 / 42M, Empty: 42M, Relocated: 0M, In-Place: 0
[68.813s][info][gc,reloc    ] GC(105) Forwarding Usage: 0M
[68.813s][info][gc,heap     ] GC(105) Min Capacity: 2048M(100%)
[68.813s][info][gc,heap     ] GC(105) Max Capacity: 2048M(100%)
[68.813s][info][gc,heap     ] GC(105) Soft Max Capacity: 2048M(100%)
[68.813s][info][gc,heap     ] GC(105)                Mark Start          Mark End        Relocate Start      Relocate End           High               Low         
[68.813s][info][gc,heap     ] GC(105)  Capacity:     2048M (100%)       2048M (100%)       2048M (100%)       2048M (100%)       2048M (100%)       2048M (100%)   
[68.813s][info][gc,heap     ] GC(105)      Free:     1444M (71%)        1434M (70%)        1832M (89%)        1926M (94%)        1926M (94%)        1434M (70%)    
[68.813s][info][gc,heap     ] GC(105)      Used:      604M (29%)         614M (30%)         216M (11%)         122M (6%)          614M (30%)         122M (6%)     
[68.813s][info][gc,heap     ] GC(105)      Live:         -                84M (4%)           84M (4%)           84M (4%)             -                  -          
[68.813s][info][gc,heap     ] GC(105) Allocated:         -                10M (0%)           18M (1%)           17M (1%)             -                  -          
[68.813s][info][gc,heap     ] GC(105)   Garbage:         -               519M (25%)         113M (6%)           19M (1%)             -                  -          
[68.813s][info][gc,heap     ] GC(105) Reclaimed:         -                  -               406M (20%)         499M (24%)            -                  -          
[68.813s][info][gc          ] GC(105) Garbage Collection (System.gc()) 604M(29%)->122M(6%)
[69.316s][info][gc,start    ] GC(106) Garbage Collection (Allocation Rate)
[69.316s][info][gc,task     ] GC(106) Using 1 workers
[69.316s][info][gc,phases   ] GC(106) Pause Mark Start 0.010ms
[69.410s][info][gc,phases   ] GC(106) Concurrent Mark 93.719ms
[69.410s][info][gc,phases   ] GC(106) Pause Mark End 0.019ms
[69.411s][info][gc,phases   ] GC(106) Concurrent Mark Free 0.001ms
[69.475s][info][gc,phases   ] GC(106) Concurrent Process Non-Strong References 64.831ms
[69.475s][info][gc,phases   ] GC(106) Concurrent Reset Relocation Set 0.005ms
[69.478s][info][gc,phases   ] GC(106) Concurrent Select Relocation Set 2.893ms
[69.479s][info][gc,phases   ] GC(106) Pause Relocate Start 0.012ms
[69.485s][info][gc,phases   ] GC(106) Concurrent Relocate 5.784ms
[69.485s][info][gc,load     ] GC(106) Load: 0.00/0.00/0.00
[69.485s][info][gc,mmu      ] GC(106) MMU: 2ms/95.2%, 5ms/98.1%, 10ms/99.0%, 20ms/99.5%, 50ms/99.8%, 100ms/99.9%
[69.485s][info][gc,marking  ] GC(106) Mark: 1 stripe(s), 2 proactive flush(es), 1 terminate flush(es), 0 completion(s), 0 continuation(s) 
[69.485s][info][gc,marking  ] GC(106) Mark Stack Usage: 32M
[69.485s][info][gc,nmethod  ] GC(106) NMethods: 21525 registered, 9 unregistered
[69.485s][info][gc,metaspace] GC(106) Metaspace: 133M used, 135M committed, 1152M reserved
[69.485s][info][gc,ref      ] GC(106) Soft: 8845 encountered, 0 discovered, 0 enqueued
[69.485s][info][gc,ref      ] GC(106) Weak: 16186 encountered, 3901 discovered, 702 enqueued
[69.485s][info][gc,ref      ] GC(106) Final: 53 encountered, 0 discovered, 0 enqueued
[69.485s][info][gc,ref      ] GC(106) Phantom: 589 encountered, 355 discovered, 0 enqueued
[69.485s][info][gc,reloc    ] GC(106) Small Pages: 614 / 1228M, Empty: 940M, Relocated: 4M, In-Place: 0
[69.485s][info][gc,reloc    ] GC(106) Medium Pages: 2 / 64M, Empty: 32M, Relocated: 0M, In-Place: 0
[69.485s][info][gc,reloc    ] GC(106) Large Pages: 6 / 36M, Empty: 36M, Relocated: 0M, In-Place: 0
[69.485s][info][gc,reloc    ] GC(106) Forwarding Usage: 1M
[69.485s][info][gc,heap     ] GC(106) Min Capacity: 2048M(100%)
[69.485s][info][gc,heap     ] GC(106) Max Capacity: 2048M(100%)
[69.485s][info][gc,heap     ] GC(106) Soft Max Capacity: 2048M(100%)
[69.485s][info][gc,heap     ] GC(106)                Mark Start          Mark End        Relocate Start      Relocate End           High               Low         
[69.485s][info][gc,heap     ] GC(106)  Capacity:     2048M (100%)       2048M (100%)       2048M (100%)       2048M (100%)       2048M (100%)       2048M (100%)   
[69.485s][info][gc,heap     ] GC(106)      Free:      720M (35%)         574M (28%)        1420M (69%)        1622M (79%)        1624M (79%)         426M (21%)    
[69.485s][info][gc,heap     ] GC(106)      Used:     1328M (65%)        1474M (72%)         628M (31%)         426M (21%)        1622M (79%)         424M (21%)    
[69.485s][info][gc,heap     ] GC(106)      Live:         -                86M (4%)           86M (4%)           86M (4%)             -                  -          
[69.485s][info][gc,heap     ] GC(106) Allocated:         -               146M (7%)          308M (15%)         321M (16%)            -                  -          
[69.485s][info][gc,heap     ] GC(106)   Garbage:         -              1241M (61%)         233M (11%)          17M (1%)             -                  -          
[69.485s][info][gc,heap     ] GC(106) Reclaimed:         -                  -              1008M (49%)        1223M (60%)            -                  -          
[69.485s][info][gc          ] GC(106) Garbage Collection (Allocation Rate) 1328M(65%)->426M(21%)
[69.683s][info][gc,start    ] GC(107) Garbage Collection (System.gc())
[69.683s][info][gc,task     ] GC(107) Using 2 workers
[69.683s][info][gc,phases   ] GC(107) Pause Mark Start 0.005ms
[69.745s][info][gc,phases   ] GC(107) Concurrent Mark 61.986ms
[69.746s][info][gc,phases   ] GC(107) Pause Mark End 0.036ms
[69.746s][info][gc,phases   ] GC(107) Concurrent Mark Free 0.002ms
[69.766s][info][gc,phases   ] GC(107) Concurrent Process Non-Strong References 19.937ms
[69.766s][info][gc,phases   ] GC(107) Concurrent Reset Relocation Set 0.007ms
[69.768s][info][gc,phases   ] GC(107) Concurrent Select Relocation Set 1.977ms
[69.768s][info][gc,phases   ] GC(107) Pause Relocate Start 0.011ms
[69.769s][info][gc,phases   ] GC(107) Concurrent Relocate 0.985ms
[69.769s][info][gc,load     ] GC(107) Load: 0.00/0.00/0.00
[69.769s][info][gc,mmu      ] GC(107) MMU: 2ms/95.2%, 5ms/98.1%, 10ms/99.0%, 20ms/99.5%, 50ms/99.8%, 100ms/99.9%
[69.769s][info][gc,marking  ] GC(107) Mark: 2 stripe(s), 1 proactive flush(es), 1 terminate flush(es), 0 completion(s), 0 continuation(s) 
[69.769s][info][gc,marking  ] GC(107) Mark Stack Usage: 32M
[69.769s][info][gc,nmethod  ] GC(107) NMethods: 21526 registered, 9 unregistered
[69.769s][info][gc,metaspace] GC(107) Metaspace: 133M used, 135M committed, 1152M reserved
[69.769s][info][gc,ref      ] GC(107) Soft: 8843 encountered, 0 discovered, 0 enqueued
[69.769s][info][gc,ref      ] GC(107) Weak: 15889 encountered, 3225 discovered, 612 enqueued
[69.769s][info][gc,ref      ] GC(107) Final: 53 encountered, 0 discovered, 0 enqueued
[69.769s][info][gc,ref      ] GC(107) Phantom: 589 encountered, 408 discovered, 0 enqueued
[69.769s][info][gc,reloc    ] GC(107) Small Pages: 266 / 532M, Empty: 370M, Relocated: 1M, In-Place: 0
[69.769s][info][gc,reloc    ] GC(107) Medium Pages: 2 / 64M, Empty: 32M, Relocated: 0M, In-Place: 0
[69.769s][info][gc,reloc    ] GC(107) Large Pages: 8 / 48M, Empty: 48M, Relocated: 0M, In-Place: 0
[69.769s][info][gc,reloc    ] GC(107) Forwarding Usage: 0M
[69.769s][info][gc,heap     ] GC(107) Min Capacity: 2048M(100%)
[69.769s][info][gc,heap     ] GC(107) Max Capacity: 2048M(100%)
[69.769s][info][gc,heap     ] GC(107) Soft Max Capacity: 2048M(100%)
[69.769s][info][gc,heap     ] GC(107)                Mark Start          Mark End        Relocate Start      Relocate End           High               Low         
[69.769s][info][gc,heap     ] GC(107)  Capacity:     2048M (100%)       2048M (100%)       2048M (100%)       2048M (100%)       2048M (100%)       2048M (100%)   
[69.769s][info][gc,heap     ] GC(107)      Free:     1404M (69%)        1404M (69%)        1844M (90%)        1930M (94%)        1930M (94%)        1404M (69%)    
[69.769s][info][gc,heap     ] GC(107)      Used:      644M (31%)         644M (31%)         204M (10%)         118M (6%)          644M (31%)         118M (6%)     
[69.769s][info][gc,heap     ] GC(107)      Live:         -                84M (4%)           84M (4%)           84M (4%)             -                  -          
[69.769s][info][gc,heap     ] GC(107) Allocated:         -                 0M (0%)           10M (0%)           13M (1%)             -                  -          
[69.769s][info][gc,heap     ] GC(107)   Garbage:         -               559M (27%)         109M (5%)           19M (1%)             -                  -          
[69.769s][info][gc,heap     ] GC(107) Reclaimed:         -                  -               450M (22%)         539M (26%)            -                  -          
[69.769s][info][gc          ] GC(107) Garbage Collection (System.gc()) 644M(31%)->118M(6%)
[70.115s][info][gc,stats    ] === Garbage Collection Statistics =======================================================================================================================
[70.115s][info][gc,stats    ]                                                              Last 10s              Last 10m              Last 10h                Total
[70.115s][info][gc,stats    ]                                                              Avg / Max             Avg / Max             Avg / Max             Avg / Max
[70.115s][info][gc,stats    ]   Collector: Garbage Collection Cycle                    122.476 / 175.034     115.348 / 177.029     115.348 / 177.029     115.348 / 177.029     ms
[70.115s][info][gc,stats    ]  Contention: Mark Segment Reset Contention                     0 / 1                 0 / 3                 0 / 3                 0 / 3           ops/s
[70.115s][info][gc,stats    ]  Contention: Mark SeqNum Reset Contention                      0 / 0                 0 / 1                 0 / 1                 0 / 1           ops/s
[70.115s][info][gc,stats    ]    Critical: Allocation Stall                                  0 / 0                 0 / 0                 0 / 0                 0 / 0           ops/s
[70.115s][info][gc,stats    ]    Critical: Allocation Stall                              0.000 / 0.000         0.000 / 0.000         0.000 / 0.000         0.000 / 0.000       ms
[70.115s][info][gc,stats    ]    Critical: GC Locker Stall                                   0 / 0                 0 / 0                 0 / 0                 0 / 0           ops/s
[70.115s][info][gc,stats    ]    Critical: GC Locker Stall                               0.000 / 0.000         0.000 / 0.000         0.000 / 0.000         0.000 / 0.000       ms
[70.115s][info][gc,stats    ]    Critical: Relocation Stall                                  0 / 0                 0 / 0                 0 / 0                 0 / 0           ops/s
[70.115s][info][gc,stats    ]    Critical: Relocation Stall                              0.000 / 0.000         0.000 / 0.000         0.000 / 0.000         0.000 / 0.000       ms
[70.115s][info][gc,stats    ]      Memory: Allocation Rate                                1839 / 1944           1325 / 1944           1325 / 1944           1325 / 1944        MB/s
[70.115s][info][gc,stats    ]      Memory: Out Of Memory                                     0 / 0                 0 / 0                 0 / 0                 0 / 0           ops/s
[70.115s][info][gc,stats    ]      Memory: Page Cache Flush                                  0 / 0                 0 / 0                 0 / 0                 0 / 0           MB/s
[70.116s][info][gc,stats    ]      Memory: Page Cache Hit L1                               864 / 909             613 / 909             613 / 909             613 / 909         ops/s
[70.116s][info][gc,stats    ]      Memory: Page Cache Hit L2                                 0 / 0                 0 / 0                 0 / 0                 0 / 0           ops/s
[70.116s][info][gc,stats    ]      Memory: Page Cache Hit L3                                 0 / 0                12 / 385              12 / 385              12 / 385         ops/s
[70.116s][info][gc,stats    ]      Memory: Page Cache Miss                                   0 / 0                 0 / 1                 0 / 1                 0 / 1           ops/s
[70.116s][info][gc,stats    ]      Memory: Uncommit                                          0 / 0                 0 / 0                 0 / 0                 0 / 0           MB/s
[70.116s][info][gc,stats    ]      Memory: Undo Object Allocation Failed                     0 / 1                 0 / 1                 0 / 1                 0 / 1           ops/s
[70.116s][info][gc,stats    ]      Memory: Undo Object Allocation Succeeded                  3 / 21               36 / 2295             36 / 2295             36 / 2295        ops/s
[70.116s][info][gc,stats    ]      Memory: Undo Page Allocation                              0 / 2                 0 / 2                 0 / 2                 0 / 2           ops/s
[70.116s][info][gc,stats    ]       Phase: Concurrent Mark                              77.760 / 108.031      73.182 / 109.422      73.182 / 109.422      73.182 / 109.422     ms
[70.116s][info][gc,stats    ]       Phase: Concurrent Mark Continue                      0.000 / 0.000         0.000 / 0.000         0.000 / 0.000         0.000 / 0.000       ms
[70.116s][info][gc,stats    ]       Phase: Concurrent Mark Free                          0.001 / 0.003         0.001 / 0.004         0.001 / 0.004         0.001 / 0.004       ms
[70.116s][info][gc,stats    ]       Phase: Concurrent Process Non-Strong References     39.042 / 64.831       33.354 / 64.831       33.354 / 64.831       33.354 / 64.831      ms
[70.116s][info][gc,stats    ]       Phase: Concurrent Relocate                           3.887 / 14.308        5.107 / 19.143        5.107 / 19.143        5.107 / 19.143      ms
[70.116s][info][gc,stats    ]       Phase: Concurrent Reset Relocation Set               0.005 / 0.009         0.006 / 0.015         0.006 / 0.015         0.006 / 0.015       ms
[70.116s][info][gc,stats    ]       Phase: Concurrent Select Relocation Set              2.109 / 2.893         2.306 / 7.348         2.306 / 7.348         2.306 / 7.348       ms
[70.116s][info][gc,stats    ]       Phase: Pause Mark End                                0.027 / 0.053         0.028 / 0.096         0.028 / 0.096         0.028 / 0.096       ms
[70.116s][info][gc,stats    ]       Phase: Pause Mark Start                              0.007 / 0.012         0.007 / 0.019         0.007 / 0.019         0.007 / 0.019       ms
[70.116s][info][gc,stats    ]       Phase: Pause Relocate Start                          0.009 / 0.012         0.009 / 0.027         0.009 / 0.027         0.009 / 0.027       ms
[70.116s][info][gc,stats    ]    Subphase: Concurrent Classes Purge                      0.865 / 1.484         0.797 / 1.484         0.797 / 1.484         0.797 / 1.484       ms
[70.116s][info][gc,stats    ]    Subphase: Concurrent Classes Unlink                    36.091 / 61.507       30.111 / 61.507       30.111 / 61.507       30.111 / 61.507      ms
[70.116s][info][gc,stats    ]    Subphase: Concurrent Mark                              60.961 / 98.535       56.736 / 98.726       56.736 / 98.726       56.736 / 98.726      ms
[70.116s][info][gc,stats    ]    Subphase: Concurrent Mark Try Flush                     0.214 / 0.514         0.214 / 2.252         0.214 / 2.252         0.214 / 2.252       ms
[70.116s][info][gc,stats    ]    Subphase: Concurrent Mark Try Terminate                 2.253 / 15.672        2.121 / 16.790        2.121 / 16.790        2.121 / 16.790      ms
[70.116s][info][gc,stats    ]    Subphase: Concurrent References Enqueue                 0.007 / 0.010         0.006 / 0.010         0.006 / 0.010         0.006 / 0.010       ms
[70.116s][info][gc,stats    ]    Subphase: Concurrent References Process                 0.558 / 0.763         0.537 / 1.283         0.537 / 1.283         0.537 / 1.283       ms
[70.116s][info][gc,stats    ]    Subphase: Concurrent Roots ClassLoaderDataGraph         0.189 / 0.449         0.177 / 0.595         0.177 / 0.595         0.177 / 0.595       ms
[70.116s][info][gc,stats    ]    Subphase: Concurrent Roots CodeCache                    0.000 / 0.000         0.000 / 0.000         0.000 / 0.000         0.000 / 0.000       ms
[70.116s][info][gc,stats    ]    Subphase: Concurrent Roots JavaThreads                  5.877 / 9.677         6.434 / 15.550        6.434 / 15.550        6.434 / 15.550      ms
[70.116s][info][gc,stats    ]    Subphase: Concurrent Roots OopStorageSet                0.049 / 0.103         0.048 / 0.109         0.048 / 0.109         0.048 / 0.109       ms
[70.116s][info][gc,stats    ]    Subphase: Concurrent Weak Roots OopStorageSet           1.126 / 1.446         1.107 / 2.333         1.107 / 2.333         1.107 / 2.333       ms
[70.116s][info][gc,stats    ]    Subphase: Pause Mark Try Complete                       0.000 / 0.000         0.006 / 0.016         0.006 / 0.016         0.006 / 0.016       ms
[70.116s][info][gc,stats    ]      System: Java Threads                                    281 / 281             263 / 282             263 / 282             263 / 282         threads
[70.116s][info][gc,stats    ] =========================================================================================================================================================
[70.316s][info][gc,start    ] GC(108) Garbage Collection (Allocation Rate)
[70.316s][info][gc,task     ] GC(108) Using 1 workers
[70.316s][info][gc,phases   ] GC(108) Pause Mark Start 0.006ms
[70.411s][info][gc,phases   ] GC(108) Concurrent Mark 95.288ms
[70.412s][info][gc,phases   ] GC(108) Pause Mark End 0.026ms
[70.412s][info][gc,phases   ] GC(108) Concurrent Mark Free 0.001ms
[70.480s][info][gc,phases   ] GC(108) Concurrent Process Non-Strong References 67.841ms
[70.480s][info][gc,phases   ] GC(108) Concurrent Reset Relocation Set 0.004ms
[70.482s][info][gc,phases   ] GC(108) Concurrent Select Relocation Set 2.513ms
[70.482s][info][gc,phases   ] GC(108) Pause Relocate Start 0.010ms
[70.485s][info][gc,phases   ] GC(108) Concurrent Relocate 2.782ms
[70.485s][info][gc,load     ] GC(108) Load: 0.00/0.00/0.00
[70.485s][info][gc,mmu      ] GC(108) MMU: 2ms/95.2%, 5ms/98.1%, 10ms/99.0%, 20ms/99.5%, 50ms/99.8%, 100ms/99.9%
[70.485s][info][gc,marking  ] GC(108) Mark: 1 stripe(s), 2 proactive flush(es), 1 terminate flush(es), 0 completion(s), 0 continuation(s) 
[70.485s][info][gc,marking  ] GC(108) Mark Stack Usage: 32M
[70.485s][info][gc,nmethod  ] GC(108) NMethods: 21630 registered, 9 unregistered
[70.485s][info][gc,metaspace] GC(108) Metaspace: 134M used, 135M committed, 1152M reserved
[70.485s][info][gc,ref      ] GC(108) Soft: 8846 encountered, 0 discovered, 0 enqueued
[70.485s][info][gc,ref      ] GC(108) Weak: 16240 encountered, 3931 discovered, 707 enqueued
[70.485s][info][gc,ref      ] GC(108) Final: 53 encountered, 0 discovered, 0 enqueued
[70.485s][info][gc,ref      ] GC(108) Phantom: 589 encountered, 306 discovered, 0 enqueued
[70.485s][info][gc,reloc    ] GC(108) Small Pages: 629 / 1258M, Empty: 1040M, Relocated: 2M, In-Place: 0
[70.485s][info][gc,reloc    ] GC(108) Medium Pages: 2 / 64M, Empty: 32M, Relocated: 0M, In-Place: 0
[70.485s][info][gc,reloc    ] GC(108) Large Pages: 7 / 42M, Empty: 42M, Relocated: 0M, In-Place: 0
[70.485s][info][gc,reloc    ] GC(108) Forwarding Usage: 0M
[70.485s][info][gc,heap     ] GC(108) Min Capacity: 2048M(100%)
[70.485s][info][gc,heap     ] GC(108) Max Capacity: 2048M(100%)
[70.485s][info][gc,heap     ] GC(108) Soft Max Capacity: 2048M(100%)
[70.485s][info][gc,heap     ] GC(108)                Mark Start          Mark End        Relocate Start      Relocate End           High               Low         
[70.485s][info][gc,heap     ] GC(108)  Capacity:     2048M (100%)       2048M (100%)       2048M (100%)       2048M (100%)       2048M (100%)       2048M (100%)   
[70.485s][info][gc,heap     ] GC(108)      Free:      684M (33%)         510M (25%)        1464M (71%)        1602M (78%)        1604M (78%)         358M (17%)    
[70.485s][info][gc,heap     ] GC(108)      Used:     1364M (67%)        1538M (75%)         584M (29%)         446M (22%)        1690M (83%)         444M (22%)    
[70.485s][info][gc,heap     ] GC(108)      Live:         -                85M (4%)           85M (4%)           85M (4%)             -                  -          
[70.485s][info][gc,heap     ] GC(108) Allocated:         -               174M (8%)          334M (16%)         341M (17%)            -                  -          
[70.485s][info][gc,heap     ] GC(108)   Garbage:         -              1278M (62%)         164M (8%)           18M (1%)             -                  -          
[70.485s][info][gc,heap     ] GC(108) Reclaimed:         -                  -              1114M (54%)        1259M (62%)            -                  -          
[70.485s][info][gc          ] GC(108) Garbage Collection (Allocation Rate) 1364M(67%)->446M(22%)
[70.654s][info][gc,start    ] GC(109) Garbage Collection (System.gc())
[70.654s][info][gc,task     ] GC(109) Using 2 workers
[70.654s][info][gc,phases   ] GC(109) Pause Mark Start 0.006ms
[70.716s][info][gc,phases   ] GC(109) Concurrent Mark 61.571ms
[70.716s][info][gc,phases   ] GC(109) Pause Mark End 0.049ms
[70.716s][info][gc,phases   ] GC(109) Concurrent Mark Free 0.001ms
[70.738s][info][gc,phases   ] GC(109) Concurrent Process Non-Strong References 21.544ms
[70.738s][info][gc,phases   ] GC(109) Concurrent Reset Relocation Set 0.004ms
[70.739s][info][gc,phases   ] GC(109) Concurrent Select Relocation Set 1.682ms
[70.740s][info][gc,phases   ] GC(109) Pause Relocate Start 0.009ms
[70.741s][info][gc,phases   ] GC(109) Concurrent Relocate 1.121ms
[70.741s][info][gc,load     ] GC(109) Load: 0.00/0.00/0.00
[70.741s][info][gc,mmu      ] GC(109) MMU: 2ms/95.2%, 5ms/98.1%, 10ms/99.0%, 20ms/99.5%, 50ms/99.8%, 100ms/99.9%
[70.741s][info][gc,marking  ] GC(109) Mark: 2 stripe(s), 1 proactive flush(es), 1 terminate flush(es), 0 completion(s), 0 continuation(s) 
[70.741s][info][gc,marking  ] GC(109) Mark Stack Usage: 32M
[70.741s][info][gc,nmethod  ] GC(109) NMethods: 21634 registered, 9 unregistered
[70.741s][info][gc,metaspace] GC(109) Metaspace: 134M used, 135M committed, 1152M reserved
[70.741s][info][gc,ref      ] GC(109) Soft: 8843 encountered, 0 discovered, 0 enqueued
[70.741s][info][gc,ref      ] GC(109) Weak: 15853 encountered, 3267 discovered, 588 enqueued
[70.741s][info][gc,ref      ] GC(109) Final: 53 encountered, 0 discovered, 0 enqueued
[70.741s][info][gc,ref      ] GC(109) Phantom: 589 encountered, 381 discovered, 0 enqueued
[70.741s][info][gc,reloc    ] GC(109) Small Pages: 253 / 506M, Empty: 342M, Relocated: 2M, In-Place: 0
[70.741s][info][gc,reloc    ] GC(109) Medium Pages: 2 / 64M, Empty: 32M, Relocated: 0M, In-Place: 0
[70.741s][info][gc,reloc    ] GC(109) Large Pages: 7 / 42M, Empty: 42M, Relocated: 0M, In-Place: 0
[70.741s][info][gc,reloc    ] GC(109) Forwarding Usage: 0M
[70.741s][info][gc,heap     ] GC(109) Min Capacity: 2048M(100%)
[70.741s][info][gc,heap     ] GC(109) Max Capacity: 2048M(100%)
[70.741s][info][gc,heap     ] GC(109) Soft Max Capacity: 2048M(100%)
[70.741s][info][gc,heap     ] GC(109)                Mark Start          Mark End        Relocate Start      Relocate End           High               Low         
[70.741s][info][gc,heap     ] GC(109)  Capacity:     2048M (100%)       2048M (100%)       2048M (100%)       2048M (100%)       2048M (100%)       2048M (100%)   
[70.741s][info][gc,heap     ] GC(109)      Free:     1436M (70%)        1434M (70%)        1840M (90%)        1934M (94%)        1934M (94%)        1434M (70%)    
[70.741s][info][gc,heap     ] GC(109)      Used:      612M (30%)         614M (30%)         208M (10%)         114M (6%)          614M (30%)         114M (6%)     
[70.741s][info][gc,heap     ] GC(109)      Live:         -                84M (4%)           84M (4%)           84M (4%)             -                  -          
[70.741s][info][gc,heap     ] GC(109) Allocated:         -                 2M (0%)           12M (1%)           11M (1%)             -                  -          
[70.741s][info][gc,heap     ] GC(109)   Garbage:         -               527M (26%)         111M (5%)           17M (1%)             -                  -          
[70.741s][info][gc,heap     ] GC(109) Reclaimed:         -                  -               416M (20%)         509M (25%)            -                  -          
[70.741s][info][gc          ] GC(109) Garbage Collection (System.gc()) 612M(30%)->114M(6%)
[71.322s][info][gc,start    ] GC(110) Garbage Collection (Allocation Rate)
[71.322s][info][gc,task     ] GC(110) Using 1 workers
[71.322s][info][gc,phases   ] GC(110) Pause Mark Start 0.010ms
[71.430s][info][gc,phases   ] GC(110) Concurrent Mark 108.116ms
[71.431s][info][gc,phases   ] GC(110) Pause Mark End 0.023ms
[71.431s][info][gc,phases   ] GC(110) Concurrent Mark Free 0.001ms
[71.492s][info][gc,phases   ] GC(110) Concurrent Process Non-Strong References 60.890ms
[71.492s][info][gc,phases   ] GC(110) Concurrent Reset Relocation Set 0.004ms
[71.494s][info][gc,phases   ] GC(110) Concurrent Select Relocation Set 2.306ms
[71.494s][info][gc,phases   ] GC(110) Pause Relocate Start 0.010ms
[71.505s][info][gc,phases   ] GC(110) Concurrent Relocate 9.840ms
[71.505s][info][gc,load     ] GC(110) Load: 0.00/0.00/0.00
[71.505s][info][gc,mmu      ] GC(110) MMU: 2ms/95.2%, 5ms/98.1%, 10ms/99.0%, 20ms/99.5%, 50ms/99.8%, 100ms/99.9%
[71.505s][info][gc,marking  ] GC(110) Mark: 1 stripe(s), 4 proactive flush(es), 1 terminate flush(es), 0 completion(s), 0 continuation(s) 
[71.505s][info][gc,marking  ] GC(110) Mark Stack Usage: 32M
[71.505s][info][gc,nmethod  ] GC(110) NMethods: 21327 registered, 344 unregistered
[71.505s][info][gc,metaspace] GC(110) Metaspace: 134M used, 135M committed, 1152M reserved
[71.505s][info][gc,ref      ] GC(110) Soft: 8843 encountered, 0 discovered, 0 enqueued
[71.505s][info][gc,ref      ] GC(110) Weak: 16274 encountered, 4047 discovered, 940 enqueued
[71.505s][info][gc,ref      ] GC(110) Final: 53 encountered, 0 discovered, 0 enqueued
[71.505s][info][gc,ref      ] GC(110) Phantom: 589 encountered, 268 discovered, 0 enqueued
[71.505s][info][gc,reloc    ] GC(110) Small Pages: 646 / 1292M, Empty: 1050M, Relocated: 2M, In-Place: 0
[71.505s][info][gc,reloc    ] GC(110) Medium Pages: 2 / 64M, Empty: 0M, Relocated: 22M, In-Place: 0
[71.505s][info][gc,reloc    ] GC(110) Large Pages: 9 / 54M, Empty: 54M, Relocated: 0M, In-Place: 0
[71.505s][info][gc,reloc    ] GC(110) Forwarding Usage: 0M
[71.505s][info][gc,heap     ] GC(110) Min Capacity: 2048M(100%)
[71.505s][info][gc,heap     ] GC(110) Max Capacity: 2048M(100%)
[71.505s][info][gc,heap     ] GC(110) Soft Max Capacity: 2048M(100%)
[71.505s][info][gc,heap     ] GC(110)                Mark Start          Mark End        Relocate Start      Relocate End           High               Low         
[71.505s][info][gc,heap     ] GC(110)  Capacity:     2048M (100%)       2048M (100%)       2048M (100%)       2048M (100%)       2048M (100%)       2048M (100%)   
[71.505s][info][gc,heap     ] GC(110)      Free:      638M (31%)         378M (18%)        1386M (68%)        1574M (77%)        1574M (77%)         288M (14%)    
[71.505s][info][gc,heap     ] GC(110)      Used:     1410M (69%)        1670M (82%)         662M (32%)         474M (23%)        1760M (86%)         474M (23%)    
[71.505s][info][gc,heap     ] GC(110)      Live:         -                86M (4%)           86M (4%)           86M (4%)             -                  -          
[71.505s][info][gc,heap     ] GC(110) Allocated:         -               260M (13%)         356M (17%)         369M (18%)            -                  -          
[71.505s][info][gc,heap     ] GC(110)   Garbage:         -              1323M (65%)         219M (11%)          18M (1%)             -                  -          
[71.505s][info][gc,heap     ] GC(110) Reclaimed:         -                  -              1104M (54%)        1305M (64%)            -                  -          
[71.505s][info][gc          ] GC(110) Garbage Collection (Allocation Rate) 1410M(69%)->474M(23%)
[71.622s][info][gc,start    ] GC(111) Garbage Collection (System.gc())
[71.622s][info][gc,task     ] GC(111) Using 2 workers
[71.622s][info][gc,phases   ] GC(111) Pause Mark Start 0.007ms
[71.685s][info][gc,phases   ] GC(111) Concurrent Mark 62.684ms
[71.685s][info][gc,phases   ] GC(111) Pause Mark End 0.053ms
[71.685s][info][gc,phases   ] GC(111) Concurrent Mark Free 0.002ms
[71.706s][info][gc,phases   ] GC(111) Concurrent Process Non-Strong References 20.461ms
[71.706s][info][gc,phases   ] GC(111) Concurrent Reset Relocation Set 0.006ms
[71.708s][info][gc,phases   ] GC(111) Concurrent Select Relocation Set 1.945ms
[71.708s][info][gc,phases   ] GC(111) Pause Relocate Start 0.009ms
[71.712s][info][gc,phases   ] GC(111) Concurrent Relocate 4.050ms
[71.712s][info][gc,load     ] GC(111) Load: 0.00/0.00/0.00
[71.712s][info][gc,mmu      ] GC(111) MMU: 2ms/95.2%, 5ms/98.1%, 10ms/99.0%, 20ms/99.5%, 50ms/99.8%, 100ms/99.9%
[71.712s][info][gc,marking  ] GC(111) Mark: 2 stripe(s), 3 proactive flush(es), 1 terminate flush(es), 0 completion(s), 0 continuation(s) 
[71.712s][info][gc,marking  ] GC(111) Mark Stack Usage: 32M
[71.712s][info][gc,nmethod  ] GC(111) NMethods: 20984 registered, 691 unregistered
[71.712s][info][gc,metaspace] GC(111) Metaspace: 134M used, 135M committed, 1152M reserved
[71.712s][info][gc,ref      ] GC(111) Soft: 8843 encountered, 0 discovered, 0 enqueued
[71.712s][info][gc,ref      ] GC(111) Weak: 15653 encountered, 4268 discovered, 376 enqueued
[71.712s][info][gc,ref      ] GC(111) Final: 53 encountered, 0 discovered, 0 enqueued
[71.712s][info][gc,ref      ] GC(111) Phantom: 589 encountered, 399 discovered, 0 enqueued
[71.712s][info][gc,reloc    ] GC(111) Small Pages: 236 / 472M, Empty: 212M, Relocated: 13M, In-Place: 0
[71.712s][info][gc,reloc    ] GC(111) Medium Pages: 2 / 64M, Empty: 32M, Relocated: 0M, In-Place: 0
[71.712s][info][gc,reloc    ] GC(111) Large Pages: 5 / 30M, Empty: 30M, Relocated: 0M, In-Place: 0
[71.712s][info][gc,reloc    ] GC(111) Forwarding Usage: 1M
[71.712s][info][gc,heap     ] GC(111) Min Capacity: 2048M(100%)
[71.712s][info][gc,heap     ] GC(111) Max Capacity: 2048M(100%)
[71.712s][info][gc,heap     ] GC(111) Soft Max Capacity: 2048M(100%)
[71.712s][info][gc,heap     ] GC(111)                Mark Start          Mark End        Relocate Start      Relocate End           High               Low         
[71.712s][info][gc,heap     ] GC(111)  Capacity:     2048M (100%)       2048M (100%)       2048M (100%)       2048M (100%)       2048M (100%)       2048M (100%)   
[71.712s][info][gc,heap     ] GC(111)      Free:     1482M (72%)        1476M (72%)        1744M (85%)        1916M (94%)        1918M (94%)        1476M (72%)    
[71.712s][info][gc,heap     ] GC(111)      Used:      566M (28%)         572M (28%)         304M (15%)         132M (6%)          572M (28%)         130M (6%)     
[71.712s][info][gc,heap     ] GC(111)      Live:         -                95M (5%)           95M (5%)           95M (5%)             -                  -          
[71.712s][info][gc,heap     ] GC(111) Allocated:         -                 6M (0%)           12M (1%)           17M (1%)             -                  -          
[71.712s][info][gc,heap     ] GC(111)   Garbage:         -               470M (23%)         196M (10%)          18M (1%)             -                  -          
[71.712s][info][gc,heap     ] GC(111) Reclaimed:         -                  -               274M (13%)         451M (22%)            -                  -          
[71.712s][info][gc          ] GC(111) Garbage Collection (System.gc()) 566M(28%)->132M(6%)
[72.312s][info][gc,start    ] GC(112) Garbage Collection (Allocation Rate)
[72.312s][info][gc,task     ] GC(112) Using 1 workers
[72.312s][info][gc,phases   ] GC(112) Pause Mark Start 0.009ms
[72.416s][info][gc,phases   ] GC(112) Concurrent Mark 103.536ms
[72.416s][info][gc,phases   ] GC(112) Pause Mark End 0.013ms
[72.416s][info][gc,phases   ] GC(112) Concurrent Mark Free 0.001ms
[72.478s][info][gc,phases   ] GC(112) Concurrent Process Non-Strong References 61.711ms
[72.478s][info][gc,phases   ] GC(112) Concurrent Reset Relocation Set 0.007ms
[72.480s][info][gc,phases   ] GC(112) Concurrent Select Relocation Set 2.317ms
[72.481s][info][gc,phases   ] GC(112) Pause Relocate Start 0.013ms
[72.484s][info][gc,phases   ] GC(112) Concurrent Relocate 3.434ms
[72.484s][info][gc,load     ] GC(112) Load: 0.00/0.00/0.00
[72.484s][info][gc,mmu      ] GC(112) MMU: 2ms/95.2%, 5ms/98.1%, 10ms/99.0%, 20ms/99.5%, 50ms/99.8%, 100ms/99.9%
[72.484s][info][gc,marking  ] GC(112) Mark: 1 stripe(s), 2 proactive flush(es), 1 terminate flush(es), 0 completion(s), 0 continuation(s) 
[72.484s][info][gc,marking  ] GC(112) Mark Stack Usage: 32M
[72.484s][info][gc,nmethod  ] GC(112) NMethods: 21083 registered, 691 unregistered
[72.484s][info][gc,metaspace] GC(112) Metaspace: 134M used, 135M committed, 1152M reserved
[72.484s][info][gc,ref      ] GC(112) Soft: 8843 encountered, 0 discovered, 0 enqueued
[72.484s][info][gc,ref      ] GC(112) Weak: 16246 encountered, 4010 discovered, 927 enqueued
[72.484s][info][gc,ref      ] GC(112) Final: 53 encountered, 0 discovered, 0 enqueued
[72.484s][info][gc,ref      ] GC(112) Phantom: 589 encountered, 268 discovered, 0 enqueued
[72.484s][info][gc,reloc    ] GC(112) Small Pages: 649 / 1298M, Empty: 1064M, Relocated: 2M, In-Place: 0
[72.484s][info][gc,reloc    ] GC(112) Medium Pages: 2 / 64M, Empty: 32M, Relocated: 0M, In-Place: 0
[72.484s][info][gc,reloc    ] GC(112) Large Pages: 9 / 54M, Empty: 54M, Relocated: 0M, In-Place: 0
[72.484s][info][gc,reloc    ] GC(112) Forwarding Usage: 1M
[72.484s][info][gc,heap     ] GC(112) Min Capacity: 2048M(100%)
[72.484s][info][gc,heap     ] GC(112) Max Capacity: 2048M(100%)
[72.484s][info][gc,heap     ] GC(112) Soft Max Capacity: 2048M(100%)
[72.484s][info][gc,heap     ] GC(112)                Mark Start          Mark End        Relocate Start      Relocate End           High               Low         
[72.484s][info][gc,heap     ] GC(112)  Capacity:     2048M (100%)       2048M (100%)       2048M (100%)       2048M (100%)       2048M (100%)       2048M (100%)   
[72.484s][info][gc,heap     ] GC(112)      Free:      632M (31%)         386M (19%)        1428M (70%)        1584M (77%)        1584M (77%)         286M (14%)    
[72.484s][info][gc,heap     ] GC(112)      Used:     1416M (69%)        1662M (81%)         620M (30%)         464M (23%)        1762M (86%)         464M (23%)    
[72.484s][info][gc,heap     ] GC(112)      Live:         -                85M (4%)           85M (4%)           85M (4%)             -                  -          
[72.484s][info][gc,heap     ] GC(112) Allocated:         -               246M (12%)         354M (17%)         359M (18%)            -                  -          
[72.484s][info][gc,heap     ] GC(112)   Garbage:         -              1330M (65%)         180M (9%)           18M (1%)             -                  -          
[72.484s][info][gc,heap     ] GC(112) Reclaimed:         -                  -              1150M (56%)        1311M (64%)            -                  -          
[72.484s][info][gc          ] GC(112) Garbage Collection (Allocation Rate) 1416M(69%)->464M(23%)
[72.617s][info][gc,start    ] GC(113) Garbage Collection (System.gc())
[72.617s][info][gc,task     ] GC(113) Using 2 workers
[72.617s][info][gc,phases   ] GC(113) Pause Mark Start 0.005ms
[72.665s][info][gc,phases   ] GC(113) Concurrent Mark 47.252ms
[72.665s][info][gc,phases   ] GC(113) Pause Mark End 0.031ms
[72.665s][info][gc,phases   ] GC(113) Concurrent Mark Free 0.003ms
[72.685s][info][gc,phases   ] GC(113) Concurrent Process Non-Strong References 20.041ms
[72.685s][info][gc,phases   ] GC(113) Concurrent Reset Relocation Set 0.007ms
[72.688s][info][gc,phases   ] GC(113) Concurrent Select Relocation Set 2.134ms
[72.688s][info][gc,phases   ] GC(113) Pause Relocate Start 0.009ms
[72.688s][info][gc,phases   ] GC(113) Concurrent Relocate 0.775ms
[72.689s][info][gc,load     ] GC(113) Load: 0.00/0.00/0.00
[72.689s][info][gc,mmu      ] GC(113) MMU: 2ms/95.2%, 5ms/98.1%, 10ms/99.0%, 20ms/99.5%, 50ms/99.8%, 100ms/99.9%
[72.689s][info][gc,marking  ] GC(113) Mark: 2 stripe(s), 2 proactive flush(es), 1 terminate flush(es), 0 completion(s), 0 continuation(s) 
[72.689s][info][gc,marking  ] GC(113) Mark Stack Usage: 32M
[72.689s][info][gc,nmethod  ] GC(113) NMethods: 21085 registered, 691 unregistered
[72.689s][info][gc,metaspace] GC(113) Metaspace: 134M used, 135M committed, 1152M reserved
[72.689s][info][gc,ref      ] GC(113) Soft: 8843 encountered, 0 discovered, 0 enqueued
[72.689s][info][gc,ref      ] GC(113) Weak: 15636 encountered, 2971 discovered, 369 enqueued
[72.689s][info][gc,ref      ] GC(113) Final: 53 encountered, 0 discovered, 0 enqueued
[72.689s][info][gc,ref      ] GC(113) Phantom: 589 encountered, 409 discovered, 0 enqueued
[72.689s][info][gc,reloc    ] GC(113) Small Pages: 237 / 474M, Empty: 316M, Relocated: 1M, In-Place: 0
[72.689s][info][gc,reloc    ] GC(113) Medium Pages: 2 / 64M, Empty: 32M, Relocated: 0M, In-Place: 0
[72.689s][info][gc,reloc    ] GC(113) Large Pages: 5 / 30M, Empty: 30M, Relocated: 0M, In-Place: 0
[72.689s][info][gc,reloc    ] GC(113) Forwarding Usage: 0M
[72.689s][info][gc,heap     ] GC(113) Min Capacity: 2048M(100%)
[72.689s][info][gc,heap     ] GC(113) Max Capacity: 2048M(100%)
[72.689s][info][gc,heap     ] GC(113) Soft Max Capacity: 2048M(100%)
[72.689s][info][gc,heap     ] GC(113)                Mark Start          Mark End        Relocate Start      Relocate End           High               Low         
[72.689s][info][gc,heap     ] GC(113)  Capacity:     2048M (100%)       2048M (100%)       2048M (100%)       2048M (100%)       2048M (100%)       2048M (100%)   
[72.689s][info][gc,heap     ] GC(113)      Free:     1480M (72%)        1474M (72%)        1848M (90%)        1932M (94%)        1932M (94%)        1474M (72%)    
[72.689s][info][gc,heap     ] GC(113)      Used:      568M (28%)         574M (28%)         200M (10%)         116M (6%)          574M (28%)         116M (6%)     
[72.689s][info][gc,heap     ] GC(113)      Live:         -                84M (4%)           84M (4%)           84M (4%)             -                  -          
[72.689s][info][gc,heap     ] GC(113) Allocated:         -                 6M (0%)           10M (0%)           11M (1%)             -                  -          
[72.689s][info][gc,heap     ] GC(113)   Garbage:         -               483M (24%)         105M (5%)           19M (1%)             -                  -          
[72.689s][info][gc,heap     ] GC(113) Reclaimed:         -                  -               378M (18%)         463M (23%)            -                  -          
[72.689s][info][gc          ] GC(113) Garbage Collection (System.gc()) 568M(28%)->116M(6%)
[73.220s][info][gc,start    ] GC(114) Garbage Collection (Allocation Rate)
[73.220s][info][gc,task     ] GC(114) Using 1 workers
[73.220s][info][gc,phases   ] GC(114) Pause Mark Start 0.008ms
[73.319s][info][gc,phases   ] GC(114) Concurrent Mark 99.056ms
[73.319s][info][gc,phases   ] GC(114) Pause Mark End 0.019ms
[73.320s][info][gc,phases   ] GC(114) Concurrent Mark Free 0.001ms
[73.385s][info][gc,phases   ] GC(114) Concurrent Process Non-Strong References 65.095ms
[73.385s][info][gc,phases   ] GC(114) Concurrent Reset Relocation Set 0.005ms
[73.388s][info][gc,phases   ] GC(114) Concurrent Select Relocation Set 3.310ms
[73.388s][info][gc,phases   ] GC(114) Pause Relocate Start 0.009ms
[73.397s][info][gc,phases   ] GC(114) Concurrent Relocate 8.298ms
[73.397s][info][gc,load     ] GC(114) Load: 0.00/0.00/0.00
[73.397s][info][gc,mmu      ] GC(114) MMU: 2ms/95.2%, 5ms/98.1%, 10ms/99.0%, 20ms/99.5%, 50ms/99.8%, 100ms/99.9%
[73.397s][info][gc,marking  ] GC(114) Mark: 1 stripe(s), 2 proactive flush(es), 1 terminate flush(es), 0 completion(s), 0 continuation(s) 
[73.397s][info][gc,marking  ] GC(114) Mark Stack Usage: 32M
[73.397s][info][gc,nmethod  ] GC(114) NMethods: 21138 registered, 691 unregistered
[73.397s][info][gc,metaspace] GC(114) Metaspace: 134M used, 135M committed, 1152M reserved
[73.397s][info][gc,ref      ] GC(114) Soft: 8845 encountered, 0 discovered, 0 enqueued
[73.397s][info][gc,ref      ] GC(114) Weak: 16187 encountered, 3908 discovered, 701 enqueued
[73.397s][info][gc,ref      ] GC(114) Final: 53 encountered, 0 discovered, 0 enqueued
[73.397s][info][gc,ref      ] GC(114) Phantom: 589 encountered, 355 discovered, 0 enqueued
[73.397s][info][gc,reloc    ] GC(114) Small Pages: 612 / 1224M, Empty: 942M, Relocated: 6M, In-Place: 0
[73.397s][info][gc,reloc    ] GC(114) Medium Pages: 2 / 64M, Empty: 32M, Relocated: 0M, In-Place: 0
[73.397s][info][gc,reloc    ] GC(114) Large Pages: 6 / 36M, Empty: 36M, Relocated: 0M, In-Place: 0
[73.397s][info][gc,reloc    ] GC(114) Forwarding Usage: 2M
[73.397s][info][gc,heap     ] GC(114) Min Capacity: 2048M(100%)
[73.397s][info][gc,heap     ] GC(114) Max Capacity: 2048M(100%)
[73.397s][info][gc,heap     ] GC(114) Soft Max Capacity: 2048M(100%)
[73.397s][info][gc,heap     ] GC(114)                Mark Start          Mark End        Relocate Start      Relocate End           High               Low         
[73.397s][info][gc,heap     ] GC(114)  Capacity:     2048M (100%)       2048M (100%)       2048M (100%)       2048M (100%)       2048M (100%)       2048M (100%)   
[73.397s][info][gc,heap     ] GC(114)      Free:      724M (35%)         558M (27%)        1394M (68%)        1592M (78%)        1594M (78%)         398M (19%)    
[73.397s][info][gc,heap     ] GC(114)      Used:     1324M (65%)        1490M (73%)         654M (32%)         456M (22%)        1650M (81%)         454M (22%)    
[73.397s][info][gc,heap     ] GC(114)      Live:         -                87M (4%)           87M (4%)           87M (4%)             -                  -          
[73.397s][info][gc,heap     ] GC(114) Allocated:         -               166M (8%)          340M (17%)         351M (17%)            -                  -          
[73.397s][info][gc,heap     ] GC(114)   Garbage:         -              1236M (60%)         226M (11%)          16M (1%)             -                  -          
[73.397s][info][gc,heap     ] GC(114) Reclaimed:         -                  -              1010M (49%)        1219M (60%)            -                  -          
[73.397s][info][gc          ] GC(114) Garbage Collection (Allocation Rate) 1324M(65%)->456M(22%)
[73.581s][info][gc,start    ] GC(115) Garbage Collection (System.gc())
[73.581s][info][gc,task     ] GC(115) Using 2 workers
[73.581s][info][gc,phases   ] GC(115) Pause Mark Start 0.005ms
[73.643s][info][gc,phases   ] GC(115) Concurrent Mark 61.856ms
[73.643s][info][gc,phases   ] GC(115) Pause Mark End 0.032ms
[73.643s][info][gc,phases   ] GC(115) Concurrent Mark Free 0.001ms
[73.664s][info][gc,phases   ] GC(115) Concurrent Process Non-Strong References 20.745ms
[73.664s][info][gc,phases   ] GC(115) Concurrent Reset Relocation Set 0.007ms
[73.666s][info][gc,phases   ] GC(115) Concurrent Select Relocation Set 1.667ms
[73.666s][info][gc,phases   ] GC(115) Pause Relocate Start 0.008ms
[73.668s][info][gc,phases   ] GC(115) Concurrent Relocate 1.353ms
[73.668s][info][gc,load     ] GC(115) Load: 0.00/0.00/0.00
[73.668s][info][gc,mmu      ] GC(115) MMU: 2ms/95.2%, 5ms/98.1%, 10ms/99.0%, 20ms/99.5%, 50ms/99.8%, 100ms/99.9%
[73.668s][info][gc,marking  ] GC(115) Mark: 2 stripe(s), 2 proactive flush(es), 1 terminate flush(es), 0 completion(s), 0 continuation(s) 
[73.668s][info][gc,marking  ] GC(115) Mark Stack Usage: 32M
[73.668s][info][gc,nmethod  ] GC(115) NMethods: 21139 registered, 691 unregistered
[73.668s][info][gc,metaspace] GC(115) Metaspace: 134M used, 135M committed, 1152M reserved
[73.668s][info][gc,ref      ] GC(115) Soft: 8843 encountered, 0 discovered, 0 enqueued
[73.668s][info][gc,ref      ] GC(115) Weak: 15902 encountered, 3479 discovered, 615 enqueued
[73.668s][info][gc,ref      ] GC(115) Final: 53 encountered, 0 discovered, 0 enqueued
[73.668s][info][gc,ref      ] GC(115) Phantom: 589 encountered, 315 discovered, 0 enqueued
[73.668s][info][gc,reloc    ] GC(115) Small Pages: 266 / 532M, Empty: 358M, Relocated: 2M, In-Place: 0
[73.668s][info][gc,reloc    ] GC(115) Medium Pages: 2 / 64M, Empty: 32M, Relocated: 0M, In-Place: 0
[73.668s][info][gc,reloc    ] GC(115) Large Pages: 8 / 48M, Empty: 48M, Relocated: 0M, In-Place: 0
[73.668s][info][gc,reloc    ] GC(115) Forwarding Usage: 0M
[73.668s][info][gc,heap     ] GC(115) Min Capacity: 2048M(100%)
[73.668s][info][gc,heap     ] GC(115) Max Capacity: 2048M(100%)
[73.668s][info][gc,heap     ] GC(115) Soft Max Capacity: 2048M(100%)
[73.668s][info][gc,heap     ] GC(115)                Mark Start          Mark End        Relocate Start      Relocate End           High               Low         
[73.668s][info][gc,heap     ] GC(115)  Capacity:     2048M (100%)       2048M (100%)       2048M (100%)       2048M (100%)       2048M (100%)       2048M (100%)   
[73.668s][info][gc,heap     ] GC(115)      Free:     1404M (69%)        1398M (68%)        1832M (89%)        1934M (94%)        1934M (94%)        1398M (68%)    
[73.668s][info][gc,heap     ] GC(115)      Used:      644M (31%)         650M (32%)         216M (11%)         114M (6%)          650M (32%)         114M (6%)     
[73.668s][info][gc,heap     ] GC(115)      Live:         -                85M (4%)           85M (4%)           85M (4%)             -                  -          
[73.668s][info][gc,heap     ] GC(115) Allocated:         -                 6M (0%)           10M (0%)           11M (1%)             -                  -          
[73.668s][info][gc,heap     ] GC(115)   Garbage:         -               558M (27%)         120M (6%)           16M (1%)             -                  -          
[73.668s][info][gc,heap     ] GC(115) Reclaimed:         -                  -               438M (21%)         541M (26%)            -                  -          
[73.668s][info][gc          ] GC(115) Garbage Collection (System.gc()) 644M(31%)->114M(6%)
[74.213s][info][gc,start    ] GC(116) Garbage Collection (Allocation Rate)
[74.213s][info][gc,task     ] GC(116) Using 1 workers
[74.213s][info][gc,phases   ] GC(116) Pause Mark Start 0.009ms
[74.320s][info][gc,phases   ] GC(116) Concurrent Mark 106.610ms
[74.320s][info][gc,phases   ] GC(116) Pause Mark End 0.022ms
[74.320s][info][gc,phases   ] GC(116) Concurrent Mark Free 0.001ms
[74.390s][info][gc,phases   ] GC(116) Concurrent Process Non-Strong References 69.717ms
[74.390s][info][gc,phases   ] GC(116) Concurrent Reset Relocation Set 0.005ms
[74.392s][info][gc,phases   ] GC(116) Concurrent Select Relocation Set 2.575ms
[74.393s][info][gc,phases   ] GC(116) Pause Relocate Start 0.011ms
[74.397s][info][gc,phases   ] GC(116) Concurrent Relocate 3.266ms
[74.397s][info][gc,load     ] GC(116) Load: 0.00/0.00/0.00
[74.397s][info][gc,mmu      ] GC(116) MMU: 2ms/95.2%, 5ms/98.1%, 10ms/99.0%, 20ms/99.5%, 50ms/99.8%, 100ms/99.9%
[74.397s][info][gc,marking  ] GC(116) Mark: 1 stripe(s), 2 proactive flush(es), 1 terminate flush(es), 0 completion(s), 0 continuation(s) 
[74.397s][info][gc,marking  ] GC(116) Mark Stack Usage: 32M
[74.397s][info][gc,nmethod  ] GC(116) NMethods: 21162 registered, 691 unregistered
[74.397s][info][gc,metaspace] GC(116) Metaspace: 134M used, 135M committed, 1152M reserved
[74.397s][info][gc,ref      ] GC(116) Soft: 8846 encountered, 0 discovered, 0 enqueued
[74.397s][info][gc,ref      ] GC(116) Weak: 16250 encountered, 3923 discovered, 708 enqueued
[74.397s][info][gc,ref      ] GC(116) Final: 53 encountered, 0 discovered, 0 enqueued
[74.397s][info][gc,ref      ] GC(116) Phantom: 589 encountered, 218 discovered, 0 enqueued
[74.397s][info][gc,reloc    ] GC(116) Small Pages: 629 / 1258M, Empty: 1036M, Relocated: 2M, In-Place: 0
[74.397s][info][gc,reloc    ] GC(116) Medium Pages: 2 / 64M, Empty: 32M, Relocated: 0M, In-Place: 0
[74.398s][info][gc,reloc    ] GC(116) Large Pages: 7 / 42M, Empty: 42M, Relocated: 0M, In-Place: 0
[74.398s][info][gc,reloc    ] GC(116) Forwarding Usage: 0M
[74.398s][info][gc,heap     ] GC(116) Min Capacity: 2048M(100%)
[74.398s][info][gc,heap     ] GC(116) Max Capacity: 2048M(100%)
[74.398s][info][gc,heap     ] GC(116) Soft Max Capacity: 2048M(100%)
[74.398s][info][gc,heap     ] GC(116)                Mark Start          Mark End        Relocate Start      Relocate End           High               Low         
[74.398s][info][gc,heap     ] GC(116)  Capacity:     2048M (100%)       2048M (100%)       2048M (100%)       2048M (100%)       2048M (100%)       2048M (100%)   
[74.398s][info][gc,heap     ] GC(116)      Free:      684M (33%)         480M (23%)        1448M (71%)        1588M (78%)        1588M (78%)         344M (17%)    
[74.398s][info][gc,heap     ] GC(116)      Used:     1364M (67%)        1568M (77%)         600M (29%)         460M (22%)        1704M (83%)         460M (22%)    
[74.398s][info][gc,heap     ] GC(116)      Live:         -                86M (4%)           86M (4%)           86M (4%)             -                  -          
[74.398s][info][gc,heap     ] GC(116) Allocated:         -               204M (10%)         346M (17%)         355M (17%)            -                  -          
[74.398s][info][gc,heap     ] GC(116)   Garbage:         -              1277M (62%)         167M (8%)           17M (1%)             -                  -          
[74.398s][info][gc,heap     ] GC(116) Reclaimed:         -                  -              1110M (54%)        1259M (62%)            -                  -          
[74.398s][info][gc          ] GC(116) Garbage Collection (Allocation Rate) 1364M(67%)->460M(22%)
[74.567s][info][gc,start    ] GC(117) Garbage Collection (System.gc())
[74.568s][info][gc,task     ] GC(117) Using 2 workers
[74.568s][info][gc,phases   ] GC(117) Pause Mark Start 0.004ms
[74.614s][info][gc,phases   ] GC(117) Concurrent Mark 45.844ms
[74.614s][info][gc,phases   ] GC(117) Pause Mark End 0.010ms
[74.614s][info][gc,phases   ] GC(117) Concurrent Mark Free 0.001ms
[74.633s][info][gc,phases   ] GC(117) Concurrent Process Non-Strong References 19.072ms
[74.633s][info][gc,phases   ] GC(117) Concurrent Reset Relocation Set 0.004ms
[74.634s][info][gc,phases   ] GC(117) Concurrent Select Relocation Set 1.604ms
[74.635s][info][gc,phases   ] GC(117) Pause Relocate Start 0.007ms
[74.635s][info][gc,phases   ] GC(117) Concurrent Relocate 0.711ms
[74.635s][info][gc,load     ] GC(117) Load: 0.00/0.00/0.00
[74.635s][info][gc,mmu      ] GC(117) MMU: 2ms/95.2%, 5ms/98.1%, 10ms/99.0%, 20ms/99.5%, 50ms/99.8%, 100ms/99.9%
[74.635s][info][gc,marking  ] GC(117) Mark: 2 stripe(s), 2 proactive flush(es), 1 terminate flush(es), 0 completion(s), 0 continuation(s) 
[74.635s][info][gc,marking  ] GC(117) Mark Stack Usage: 32M
[74.635s][info][gc,nmethod  ] GC(117) NMethods: 21166 registered, 691 unregistered
[74.635s][info][gc,metaspace] GC(117) Metaspace: 134M used, 135M committed, 1152M reserved
[74.635s][info][gc,ref      ] GC(117) Soft: 8843 encountered, 0 discovered, 0 enqueued
[74.635s][info][gc,ref      ] GC(117) Weak: 15863 encountered, 3367 discovered, 588 enqueued
[74.636s][info][gc,ref      ] GC(117) Final: 53 encountered, 0 discovered, 0 enqueued
[74.636s][info][gc,ref      ] GC(117) Phantom: 589 encountered, 412 discovered, 0 enqueued
[74.636s][info][gc,reloc    ] GC(117) Small Pages: 252 / 504M, Empty: 342M, Relocated: 1M, In-Place: 0
[74.636s][info][gc,reloc    ] GC(117) Medium Pages: 2 / 64M, Empty: 32M, Relocated: 0M, In-Place: 0
[74.636s][info][gc,reloc    ] GC(117) Large Pages: 7 / 42M, Empty: 42M, Relocated: 0M, In-Place: 0
[74.636s][info][gc,reloc    ] GC(117) Forwarding Usage: 0M
[74.636s][info][gc,heap     ] GC(117) Min Capacity: 2048M(100%)
[74.636s][info][gc,heap     ] GC(117) Max Capacity: 2048M(100%)
[74.636s][info][gc,heap     ] GC(117) Soft Max Capacity: 2048M(100%)
[74.636s][info][gc,heap     ] GC(117)                Mark Start          Mark End        Relocate Start      Relocate End           High               Low         
[74.636s][info][gc,heap     ] GC(117)  Capacity:     2048M (100%)       2048M (100%)       2048M (100%)       2048M (100%)       2048M (100%)       2048M (100%)   
[74.636s][info][gc,heap     ] GC(117)      Free:     1438M (70%)        1434M (70%)        1846M (90%)        1930M (94%)        1930M (94%)        1434M (70%)    
[74.636s][info][gc,heap     ] GC(117)      Used:      610M (30%)         614M (30%)         202M (10%)         118M (6%)          614M (30%)         118M (6%)     
[74.636s][info][gc,heap     ] GC(117)      Live:         -                85M (4%)           85M (4%)           85M (4%)             -                  -          
[74.636s][info][gc,heap     ] GC(117) Allocated:         -                 4M (0%)            8M (0%)           13M (1%)             -                  -          
[74.636s][info][gc,heap     ] GC(117)   Garbage:         -               524M (26%)         108M (5%)           18M (1%)             -                  -          
[74.636s][info][gc,heap     ] GC(117) Reclaimed:         -                  -               416M (20%)         505M (25%)            -                  -          
[74.636s][info][gc          ] GC(117) Garbage Collection (System.gc()) 610M(30%)->118M(6%)
[75.219s][info][gc,start    ] GC(118) Garbage Collection (Allocation Rate)
[75.219s][info][gc,task     ] GC(118) Using 1 workers
[75.219s][info][gc,phases   ] GC(118) Pause Mark Start 0.008ms
[75.324s][info][gc,phases   ] GC(118) Concurrent Mark 104.876ms
[75.324s][info][gc,phases   ] GC(118) Pause Mark End 0.020ms
[75.324s][info][gc,phases   ] GC(118) Concurrent Mark Free 0.001ms
[75.385s][info][gc,phases   ] GC(118) Concurrent Process Non-Strong References 60.990ms
[75.385s][info][gc,phases   ] GC(118) Concurrent Reset Relocation Set 0.004ms
[75.388s][info][gc,phases   ] GC(118) Concurrent Select Relocation Set 2.455ms
[75.388s][info][gc,phases   ] GC(118) Pause Relocate Start 0.009ms
[75.393s][info][gc,phases   ] GC(118) Concurrent Relocate 3.205ms
[75.393s][info][gc,load     ] GC(118) Load: 0.00/0.00/0.00
[75.393s][info][gc,mmu      ] GC(118) MMU: 2ms/95.2%, 5ms/98.1%, 10ms/99.0%, 20ms/99.5%, 50ms/99.8%, 100ms/99.9%
[75.393s][info][gc,marking  ] GC(118) Mark: 1 stripe(s), 2 proactive flush(es), 1 terminate flush(es), 0 completion(s), 0 continuation(s) 
[75.393s][info][gc,marking  ] GC(118) Mark Stack Usage: 32M
[75.393s][info][gc,nmethod  ] GC(118) NMethods: 21235 registered, 691 unregistered
[75.393s][info][gc,metaspace] GC(118) Metaspace: 134M used, 135M committed, 1152M reserved
[75.393s][info][gc,ref      ] GC(118) Soft: 8843 encountered, 0 discovered, 0 enqueued
[75.393s][info][gc,ref      ] GC(118) Weak: 16366 encountered, 4038 discovered, 949 enqueued
[75.393s][info][gc,ref      ] GC(118) Final: 53 encountered, 0 discovered, 0 enqueued
[75.393s][info][gc,ref      ] GC(118) Phantom: 589 encountered, 355 discovered, 0 enqueued
[75.393s][info][gc,reloc    ] GC(118) Small Pages: 650 / 1300M, Empty: 1056M, Relocated: 3M, In-Place: 0
[75.393s][info][gc,reloc    ] GC(118) Medium Pages: 2 / 64M, Empty: 32M, Relocated: 0M, In-Place: 0
[75.393s][info][gc,reloc    ] GC(118) Large Pages: 10 / 60M, Empty: 60M, Relocated: 0M, In-Place: 0
[75.393s][info][gc,reloc    ] GC(118) Forwarding Usage: 0M
[75.393s][info][gc,heap     ] GC(118) Min Capacity: 2048M(100%)
[75.393s][info][gc,heap     ] GC(118) Max Capacity: 2048M(100%)
[75.393s][info][gc,heap     ] GC(118) Soft Max Capacity: 2048M(100%)
[75.393s][info][gc,heap     ] GC(118)                Mark Start          Mark End        Relocate Start      Relocate End           High               Low         
[75.393s][info][gc,heap     ] GC(118)  Capacity:     2048M (100%)       2048M (100%)       2048M (100%)       2048M (100%)       2048M (100%)       2048M (100%)   
[75.393s][info][gc,heap     ] GC(118)      Free:      624M (30%)         362M (18%)        1422M (69%)        1590M (78%)        1590M (78%)         274M (13%)    
[75.393s][info][gc,heap     ] GC(118)      Used:     1424M (70%)        1686M (82%)         626M (31%)         458M (22%)        1774M (87%)         458M (22%)    
[75.393s][info][gc,heap     ] GC(118)      Live:         -                86M (4%)           86M (4%)           86M (4%)             -                  -          
[75.393s][info][gc,heap     ] GC(118) Allocated:         -               262M (13%)         350M (17%)         353M (17%)            -                  -          
[75.393s][info][gc,heap     ] GC(118)   Garbage:         -              1337M (65%)         189M (9%)           17M (1%)             -                  -          
[75.393s][info][gc,heap     ] GC(118) Reclaimed:         -                  -              1148M (56%)        1319M (64%)            -                  -          
[75.393s][info][gc          ] GC(118) Garbage Collection (Allocation Rate) 1424M(70%)->458M(22%)
[75.514s][info][gc,start    ] GC(119) Garbage Collection (System.gc())
[75.514s][info][gc,task     ] GC(119) Using 2 workers
[75.514s][info][gc,phases   ] GC(119) Pause Mark Start 0.007ms
[75.577s][info][gc,phases   ] GC(119) Concurrent Mark 63.085ms
[75.577s][info][gc,phases   ] GC(119) Pause Mark End 0.052ms
[75.578s][info][gc,phases   ] GC(119) Concurrent Mark Free 0.001ms
[75.597s][info][gc,phases   ] GC(119) Concurrent Process Non-Strong References 19.671ms
[75.597s][info][gc,phases   ] GC(119) Concurrent Reset Relocation Set 0.005ms
[75.599s][info][gc,phases   ] GC(119) Concurrent Select Relocation Set 1.901ms
[75.599s][info][gc,phases   ] GC(119) Pause Relocate Start 0.008ms
[75.602s][info][gc,phases   ] GC(119) Concurrent Relocate 2.820ms
[75.602s][info][gc,load     ] GC(119) Load: 0.00/0.00/0.00
[75.602s][info][gc,mmu      ] GC(119) MMU: 2ms/95.2%, 5ms/98.1%, 10ms/99.0%, 20ms/99.5%, 50ms/99.8%, 100ms/99.9%
[75.602s][info][gc,marking  ] GC(119) Mark: 2 stripe(s), 2 proactive flush(es), 1 terminate flush(es), 0 completion(s), 0 continuation(s) 
[75.602s][info][gc,marking  ] GC(119) Mark Stack Usage: 32M
[75.602s][info][gc,nmethod  ] GC(119) NMethods: 21235 registered, 691 unregistered
[75.602s][info][gc,metaspace] GC(119) Metaspace: 134M used, 135M committed, 1152M reserved
[75.602s][info][gc,ref      ] GC(119) Soft: 8843 encountered, 0 discovered, 0 enqueued
[75.602s][info][gc,ref      ] GC(119) Weak: 15651 encountered, 3058 discovered, 366 enqueued
[75.602s][info][gc,ref      ] GC(119) Final: 53 encountered, 0 discovered, 0 enqueued
[75.602s][info][gc,ref      ] GC(119) Phantom: 589 encountered, 329 discovered, 0 enqueued
[75.602s][info][gc,reloc    ] GC(119) Small Pages: 232 / 464M, Empty: 268M, Relocated: 8M, In-Place: 0
[75.602s][info][gc,reloc    ] GC(119) Medium Pages: 2 / 64M, Empty: 32M, Relocated: 0M, In-Place: 0
[75.602s][info][gc,reloc    ] GC(119) Large Pages: 4 / 24M, Empty: 24M, Relocated: 0M, In-Place: 0
[75.602s][info][gc,reloc    ] GC(119) Forwarding Usage: 1M
[75.602s][info][gc,heap     ] GC(119) Min Capacity: 2048M(100%)
[75.602s][info][gc,heap     ] GC(119) Max Capacity: 2048M(100%)
[75.602s][info][gc,heap     ] GC(119) Soft Max Capacity: 2048M(100%)
[75.602s][info][gc,heap     ] GC(119)                Mark Start          Mark End        Relocate Start      Relocate End           High               Low         
[75.602s][info][gc,heap     ] GC(119)  Capacity:     2048M (100%)       2048M (100%)       2048M (100%)       2048M (100%)       2048M (100%)       2048M (100%)   
[75.602s][info][gc,heap     ] GC(119)      Free:     1496M (73%)        1488M (73%)        1808M (88%)        1920M (94%)        1920M (94%)        1488M (73%)    
[75.602s][info][gc,heap     ] GC(119)      Used:      552M (27%)         560M (27%)         240M (12%)         128M (6%)          560M (27%)         128M (6%)     
[75.602s][info][gc,heap     ] GC(119)      Live:         -                90M (4%)           90M (4%)           90M (4%)             -                  -          
[75.603s][info][gc,heap     ] GC(119) Allocated:         -                 8M (0%)           12M (1%)           19M (1%)             -                  -          
[75.603s][info][gc,heap     ] GC(119)   Garbage:         -               461M (23%)         137M (7%)           17M (1%)             -                  -          
[75.603s][info][gc,heap     ] GC(119) Reclaimed:         -                  -               324M (16%)         443M (22%)            -                  -          
[75.603s][info][gc          ] GC(119) Garbage Collection (System.gc()) 552M(27%)->128M(6%)
[76.214s][info][gc,start    ] GC(120) Garbage Collection (Allocation Rate)
[76.215s][info][gc,task     ] GC(120) Using 1 workers
[76.215s][info][gc,phases   ] GC(120) Pause Mark Start 0.008ms
[76.320s][info][gc,phases   ] GC(120) Concurrent Mark 104.940ms
[76.320s][info][gc,phases   ] GC(120) Pause Mark End 0.020ms
[76.320s][info][gc,phases   ] GC(120) Concurrent Mark Free 0.001ms
[76.381s][info][gc,phases   ] GC(120) Concurrent Process Non-Strong References 61.148ms
[76.381s][info][gc,phases   ] GC(120) Concurrent Reset Relocation Set 0.004ms
[76.384s][info][gc,phases   ] GC(120) Concurrent Select Relocation Set 2.271ms
[76.384s][info][gc,phases   ] GC(120) Pause Relocate Start 0.010ms
[76.390s][info][gc,phases   ] GC(120) Concurrent Relocate 5.780ms
[76.390s][info][gc,load     ] GC(120) Load: 0.00/0.00/0.00
[76.390s][info][gc,mmu      ] GC(120) MMU: 2ms/95.2%, 5ms/98.1%, 10ms/99.0%, 20ms/99.5%, 50ms/99.8%, 100ms/99.9%
[76.390s][info][gc,marking  ] GC(120) Mark: 1 stripe(s), 2 proactive flush(es), 1 terminate flush(es), 0 completion(s), 0 continuation(s) 
[76.390s][info][gc,marking  ] GC(120) Mark Stack Usage: 32M
[76.390s][info][gc,nmethod  ] GC(120) NMethods: 21264 registered, 691 unregistered
[76.390s][info][gc,metaspace] GC(120) Metaspace: 134M used, 135M committed, 1152M reserved
[76.390s][info][gc,ref      ] GC(120) Soft: 8846 encountered, 0 discovered, 0 enqueued
[76.390s][info][gc,ref      ] GC(120) Weak: 16354 encountered, 4026 discovered, 941 enqueued
[76.390s][info][gc,ref      ] GC(120) Final: 53 encountered, 0 discovered, 0 enqueued
[76.390s][info][gc,ref      ] GC(120) Phantom: 589 encountered, 355 discovered, 0 enqueued
[76.390s][info][gc,reloc    ] GC(120) Small Pages: 657 / 1314M, Empty: 1064M, Relocated: 5M, In-Place: 0
[76.390s][info][gc,reloc    ] GC(120) Medium Pages: 2 / 64M, Empty: 32M, Relocated: 0M, In-Place: 0
[76.390s][info][gc,reloc    ] GC(120) Large Pages: 10 / 60M, Empty: 60M, Relocated: 0M, In-Place: 0
[76.390s][info][gc,reloc    ] GC(120) Forwarding Usage: 1M
[76.390s][info][gc,heap     ] GC(120) Min Capacity: 2048M(100%)
[76.390s][info][gc,heap     ] GC(120) Max Capacity: 2048M(100%)
[76.390s][info][gc,heap     ] GC(120) Soft Max Capacity: 2048M(100%)
[76.390s][info][gc,heap     ] GC(120)                Mark Start          Mark End        Relocate Start      Relocate End           High               Low         
[76.390s][info][gc,heap     ] GC(120)  Capacity:     2048M (100%)       2048M (100%)       2048M (100%)       2048M (100%)       2048M (100%)       2048M (100%)   
[76.390s][info][gc,heap     ] GC(120)      Free:      610M (30%)         340M (17%)        1420M (69%)        1592M (78%)        1592M (78%)         272M (13%)    
[76.390s][info][gc,heap     ] GC(120)      Used:     1438M (70%)        1708M (83%)         628M (31%)         456M (22%)        1776M (87%)         456M (22%)    
[76.390s][info][gc,heap     ] GC(120)      Live:         -                88M (4%)           88M (4%)           88M (4%)             -                  -          
[76.390s][info][gc,heap     ] GC(120) Allocated:         -               270M (13%)         346M (17%)         349M (17%)            -                  -          
[76.390s][info][gc,heap     ] GC(120)   Garbage:         -              1349M (66%)         193M (9%)           17M (1%)             -                  -          
[76.390s][info][gc,heap     ] GC(120) Reclaimed:         -                  -              1156M (56%)        1331M (65%)            -                  -          
[76.390s][info][gc          ] GC(120) Garbage Collection (Allocation Rate) 1438M(70%)->456M(22%)
[76.495s][info][gc,start    ] GC(121) Garbage Collection (System.gc())
[76.495s][info][gc,task     ] GC(121) Using 2 workers
[76.495s][info][gc,phases   ] GC(121) Pause Mark Start 0.005ms
[76.557s][info][gc,phases   ] GC(121) Concurrent Mark 61.899ms
[76.557s][info][gc,phases   ] GC(121) Pause Mark End 0.028ms
[76.558s][info][gc,phases   ] GC(121) Concurrent Mark Free 0.002ms
[76.579s][info][gc,phases   ] GC(121) Concurrent Process Non-Strong References 21.299ms
[76.579s][info][gc,phases   ] GC(121) Concurrent Reset Relocation Set 0.005ms
[76.581s][info][gc,phases   ] GC(121) Concurrent Select Relocation Set 1.711ms
[76.581s][info][gc,phases   ] GC(121) Pause Relocate Start 0.010ms
[76.585s][info][gc,phases   ] GC(121) Concurrent Relocate 3.707ms
[76.585s][info][gc,load     ] GC(121) Load: 0.00/0.00/0.00
[76.585s][info][gc,mmu      ] GC(121) MMU: 2ms/95.2%, 5ms/98.1%, 10ms/99.0%, 20ms/99.5%, 50ms/99.8%, 100ms/99.9%
[76.585s][info][gc,marking  ] GC(121) Mark: 2 stripe(s), 2 proactive flush(es), 1 terminate flush(es), 0 completion(s), 0 continuation(s) 
[76.585s][info][gc,marking  ] GC(121) Mark Stack Usage: 32M
[76.585s][info][gc,nmethod  ] GC(121) NMethods: 21268 registered, 691 unregistered
[76.585s][info][gc,metaspace] GC(121) Metaspace: 134M used, 135M committed, 1152M reserved
[76.585s][info][gc,ref      ] GC(121) Soft: 8843 encountered, 0 discovered, 0 enqueued
[76.585s][info][gc,ref      ] GC(121) Weak: 15631 encountered, 3107 discovered, 358 enqueued
[76.585s][info][gc,ref      ] GC(121) Final: 53 encountered, 0 discovered, 0 enqueued
[76.585s][info][gc,ref      ] GC(121) Phantom: 589 encountered, 329 discovered, 0 enqueued
[76.585s][info][gc,reloc    ] GC(121) Small Pages: 228 / 456M, Empty: 206M, Relocated: 13M, In-Place: 0
[76.585s][info][gc,reloc    ] GC(121) Medium Pages: 2 / 64M, Empty: 32M, Relocated: 0M, In-Place: 0
[76.585s][info][gc,reloc    ] GC(121) Large Pages: 4 / 24M, Empty: 24M, Relocated: 0M, In-Place: 0
[76.585s][info][gc,reloc    ] GC(121) Forwarding Usage: 1M
[76.585s][info][gc,heap     ] GC(121) Min Capacity: 2048M(100%)
[76.585s][info][gc,heap     ] GC(121) Max Capacity: 2048M(100%)
[76.585s][info][gc,heap     ] GC(121) Soft Max Capacity: 2048M(100%)
[76.585s][info][gc,heap     ] GC(121)                Mark Start          Mark End        Relocate Start      Relocate End           High               Low         
[76.585s][info][gc,heap     ] GC(121)  Capacity:     2048M (100%)       2048M (100%)       2048M (100%)       2048M (100%)       2048M (100%)       2048M (100%)   
[76.585s][info][gc,heap     ] GC(121)      Free:     1504M (73%)        1500M (73%)        1754M (86%)        1914M (93%)        1914M (93%)        1500M (73%)    
[76.585s][info][gc,heap     ] GC(121)      Used:      544M (27%)         548M (27%)         294M (14%)         134M (7%)          548M (27%)         134M (7%)     
[76.585s][info][gc,heap     ] GC(121)      Live:         -                96M (5%)           96M (5%)           96M (5%)             -                  -          
[76.585s][info][gc,heap     ] GC(121) Allocated:         -                 4M (0%)           12M (1%)           19M (1%)             -                  -          
[76.585s][info][gc,heap     ] GC(121)   Garbage:         -               447M (22%)         185M (9%)           17M (1%)             -                  -          
[76.585s][info][gc,heap     ] GC(121) Reclaimed:         -                  -               262M (13%)         429M (21%)            -                  -          
[76.585s][info][gc          ] GC(121) Garbage Collection (System.gc()) 544M(27%)->134M(7%)
[77.124s][info][gc,start    ] GC(122) Garbage Collection (Allocation Rate)
[77.124s][info][gc,task     ] GC(122) Using 1 workers
[77.124s][info][gc,phases   ] GC(122) Pause Mark Start 0.008ms
[77.225s][info][gc,phases   ] GC(122) Concurrent Mark 100.763ms
[77.225s][info][gc,phases   ] GC(122) Pause Mark End 0.023ms
[77.225s][info][gc,phases   ] GC(122) Concurrent Mark Free 0.001ms
[77.289s][info][gc,phases   ] GC(122) Concurrent Process Non-Strong References 63.735ms
[77.289s][info][gc,phases   ] GC(122) Concurrent Reset Relocation Set 0.007ms
[77.292s][info][gc,phases   ] GC(122) Concurrent Select Relocation Set 2.625ms
[77.292s][info][gc,phases   ] GC(122) Pause Relocate Start 0.011ms
[77.296s][info][gc,phases   ] GC(122) Concurrent Relocate 4.338ms
[77.296s][info][gc,load     ] GC(122) Load: 0.00/0.00/0.00
[77.296s][info][gc,mmu      ] GC(122) MMU: 2ms/95.2%, 5ms/98.1%, 10ms/99.0%, 20ms/99.5%, 50ms/99.8%, 100ms/99.9%
[77.296s][info][gc,marking  ] GC(122) Mark: 1 stripe(s), 2 proactive flush(es), 1 terminate flush(es), 0 completion(s), 0 continuation(s) 
[77.296s][info][gc,marking  ] GC(122) Mark Stack Usage: 32M
[77.297s][info][gc,nmethod  ] GC(122) NMethods: 21346 registered, 691 unregistered
[77.297s][info][gc,metaspace] GC(122) Metaspace: 134M used, 135M committed, 1152M reserved
[77.297s][info][gc,ref      ] GC(122) Soft: 8846 encountered, 0 discovered, 0 enqueued
[77.297s][info][gc,ref      ] GC(122) Weak: 16266 encountered, 3948 discovered, 717 enqueued
[77.297s][info][gc,ref      ] GC(122) Final: 53 encountered, 0 discovered, 0 enqueued
[77.297s][info][gc,ref      ] GC(122) Phantom: 589 encountered, 355 discovered, 0 enqueued
[77.297s][info][gc,reloc    ] GC(122) Small Pages: 638 / 1276M, Empty: 1042M, Relocated: 4M, In-Place: 0
[77.297s][info][gc,reloc    ] GC(122) Medium Pages: 2 / 64M, Empty: 32M, Relocated: 0M, In-Place: 0
[77.297s][info][gc,reloc    ] GC(122) Large Pages: 7 / 42M, Empty: 42M, Relocated: 0M, In-Place: 0
[77.297s][info][gc,reloc    ] GC(122) Forwarding Usage: 1M
[77.297s][info][gc,heap     ] GC(122) Min Capacity: 2048M(100%)
[77.297s][info][gc,heap     ] GC(122) Max Capacity: 2048M(100%)
[77.297s][info][gc,heap     ] GC(122) Soft Max Capacity: 2048M(100%)
[77.297s][info][gc,heap     ] GC(122)                Mark Start          Mark End        Relocate Start      Relocate End           High               Low         
[77.297s][info][gc,heap     ] GC(122)  Capacity:     2048M (100%)       2048M (100%)       2048M (100%)       2048M (100%)       2048M (100%)       2048M (100%)   
[77.297s][info][gc,heap     ] GC(122)      Free:      666M (33%)         442M (22%)        1422M (69%)        1574M (77%)        1576M (77%)         316M (15%)    
[77.297s][info][gc,heap     ] GC(122)      Used:     1382M (67%)        1606M (78%)         626M (31%)         474M (23%)        1732M (85%)         472M (23%)    
[77.297s][info][gc,heap     ] GC(122)      Live:         -                87M (4%)           87M (4%)           87M (4%)             -                  -          
[77.297s][info][gc,heap     ] GC(122) Allocated:         -               224M (11%)         360M (18%)         369M (18%)            -                  -          
[77.297s][info][gc,heap     ] GC(122)   Garbage:         -              1294M (63%)         178M (9%)           17M (1%)             -                  -          
[77.297s][info][gc,heap     ] GC(122) Reclaimed:         -                  -              1116M (54%)        1277M (62%)            -                  -          
[77.297s][info][gc          ] GC(122) Garbage Collection (Allocation Rate) 1382M(67%)->474M(23%)
[77.450s][info][gc,start    ] GC(123) Garbage Collection (System.gc())
[77.450s][info][gc,task     ] GC(123) Using 2 workers
[77.450s][info][gc,phases   ] GC(123) Pause Mark Start 0.007ms
[77.512s][info][gc,phases   ] GC(123) Concurrent Mark 62.053ms
[77.512s][info][gc,phases   ] GC(123) Pause Mark End 0.048ms
[77.512s][info][gc,phases   ] GC(123) Concurrent Mark Free 0.003ms
[77.534s][info][gc,phases   ] GC(123) Concurrent Process Non-Strong References 21.720ms
[77.534s][info][gc,phases   ] GC(123) Concurrent Reset Relocation Set 0.005ms
[77.536s][info][gc,phases   ] GC(123) Concurrent Select Relocation Set 2.043ms
[77.536s][info][gc,phases   ] GC(123) Pause Relocate Start 0.009ms
[77.537s][info][gc,phases   ] GC(123) Concurrent Relocate 0.891ms
[77.537s][info][gc,load     ] GC(123) Load: 0.00/0.00/0.00
[77.537s][info][gc,mmu      ] GC(123) MMU: 2ms/95.2%, 5ms/98.1%, 10ms/99.0%, 20ms/99.5%, 50ms/99.8%, 100ms/99.9%
[77.537s][info][gc,marking  ] GC(123) Mark: 2 stripe(s), 2 proactive flush(es), 1 terminate flush(es), 0 completion(s), 0 continuation(s) 
[77.537s][info][gc,marking  ] GC(123) Mark Stack Usage: 32M
[77.537s][info][gc,nmethod  ] GC(123) NMethods: 21349 registered, 691 unregistered
[77.537s][info][gc,metaspace] GC(123) Metaspace: 134M used, 135M committed, 1152M reserved
[77.537s][info][gc,ref      ] GC(123) Soft: 8843 encountered, 0 discovered, 0 enqueued
[77.537s][info][gc,ref      ] GC(123) Weak: 15890 encountered, 3776 discovered, 597 enqueued
[77.537s][info][gc,ref      ] GC(123) Final: 53 encountered, 0 discovered, 0 enqueued
[77.537s][info][gc,ref      ] GC(123) Phantom: 589 encountered, 412 discovered, 0 enqueued
[77.537s][info][gc,reloc    ] GC(123) Small Pages: 247 / 494M, Empty: 322M, Relocated: 1M, In-Place: 0
[77.537s][info][gc,reloc    ] GC(123) Medium Pages: 2 / 64M, Empty: 32M, Relocated: 0M, In-Place: 0
[77.537s][info][gc,reloc    ] GC(123) Large Pages: 7 / 42M, Empty: 42M, Relocated: 0M, In-Place: 0
[77.537s][info][gc,reloc    ] GC(123) Forwarding Usage: 0M
[77.537s][info][gc,heap     ] GC(123) Min Capacity: 2048M(100%)
[77.537s][info][gc,heap     ] GC(123) Max Capacity: 2048M(100%)
[77.537s][info][gc,heap     ] GC(123) Soft Max Capacity: 2048M(100%)
[77.537s][info][gc,heap     ] GC(123)                Mark Start          Mark End        Relocate Start      Relocate End           High               Low         
[77.538s][info][gc,heap     ] GC(123)  Capacity:     2048M (100%)       2048M (100%)       2048M (100%)       2048M (100%)       2048M (100%)       2048M (100%)   
[77.538s][info][gc,heap     ] GC(123)      Free:     1448M (71%)        1438M (70%)        1828M (89%)        1926M (94%)        1926M (94%)        1438M (70%)    
[77.538s][info][gc,heap     ] GC(123)      Used:      600M (29%)         610M (30%)         220M (11%)         122M (6%)          610M (30%)         122M (6%)     
[77.538s][info][gc,heap     ] GC(123)      Live:         -                85M (4%)           85M (4%)           85M (4%)             -                  -          
[77.538s][info][gc,heap     ] GC(123) Allocated:         -                10M (0%)           16M (1%)           17M (1%)             -                  -          
[77.538s][info][gc,heap     ] GC(123)   Garbage:         -               514M (25%)         118M (6%)           18M (1%)             -                  -          
[77.538s][info][gc,heap     ] GC(123) Reclaimed:         -                  -               396M (19%)         495M (24%)            -                  -          
[77.538s][info][gc          ] GC(123) Garbage Collection (System.gc()) 600M(29%)->122M(6%)
[78.125s][info][gc,start    ] GC(124) Garbage Collection (Allocation Rate)
[78.125s][info][gc,task     ] GC(124) Using 1 workers
[78.125s][info][gc,phases   ] GC(124) Pause Mark Start 0.011ms
[78.228s][info][gc,phases   ] GC(124) Concurrent Mark 101.923ms
[78.228s][info][gc,phases   ] GC(124) Pause Mark End 0.058ms
[78.228s][info][gc,phases   ] GC(124) Concurrent Mark Free 0.001ms
[78.290s][info][gc,phases   ] GC(124) Concurrent Process Non-Strong References 62.024ms
[78.290s][info][gc,phases   ] GC(124) Concurrent Reset Relocation Set 0.004ms
[78.293s][info][gc,phases   ] GC(124) Concurrent Select Relocation Set 2.751ms
[78.293s][info][gc,phases   ] GC(124) Pause Relocate Start 0.009ms
[78.297s][info][gc,phases   ] GC(124) Concurrent Relocate 3.611ms
[78.297s][info][gc,load     ] GC(124) Load: 0.00/0.00/0.00
[78.297s][info][gc,mmu      ] GC(124) MMU: 2ms/95.2%, 5ms/98.1%, 10ms/99.0%, 20ms/99.5%, 50ms/99.8%, 100ms/99.9%
[78.297s][info][gc,marking  ] GC(124) Mark: 1 stripe(s), 2 proactive flush(es), 2 terminate flush(es), 1 completion(s), 0 continuation(s) 
[78.297s][info][gc,marking  ] GC(124) Mark Stack Usage: 32M
[78.297s][info][gc,nmethod  ] GC(124) NMethods: 21412 registered, 691 unregistered
[78.297s][info][gc,metaspace] GC(124) Metaspace: 134M used, 135M committed, 1152M reserved
[78.297s][info][gc,ref      ] GC(124) Soft: 8843 encountered, 0 discovered, 0 enqueued
[78.297s][info][gc,ref      ] GC(124) Weak: 16258 encountered, 3989 discovered, 929 enqueued
[78.297s][info][gc,ref      ] GC(124) Final: 53 encountered, 0 discovered, 0 enqueued
[78.297s][info][gc,ref      ] GC(124) Phantom: 589 encountered, 355 discovered, 0 enqueued
[78.297s][info][gc,reloc    ] GC(124) Small Pages: 650 / 1300M, Empty: 1060M, Relocated: 3M, In-Place: 0
[78.297s][info][gc,reloc    ] GC(124) Medium Pages: 2 / 64M, Empty: 32M, Relocated: 0M, In-Place: 0
[78.297s][info][gc,reloc    ] GC(124) Large Pages: 9 / 54M, Empty: 54M, Relocated: 0M, In-Place: 0
[78.297s][info][gc,reloc    ] GC(124) Forwarding Usage: 0M
[78.297s][info][gc,heap     ] GC(124) Min Capacity: 2048M(100%)
[78.297s][info][gc,heap     ] GC(124) Max Capacity: 2048M(100%)
[78.297s][info][gc,heap     ] GC(124) Soft Max Capacity: 2048M(100%)
[78.297s][info][gc,heap     ] GC(124)                Mark Start          Mark End        Relocate Start      Relocate End           High               Low         
[78.297s][info][gc,heap     ] GC(124)  Capacity:     2048M (100%)       2048M (100%)       2048M (100%)       2048M (100%)       2048M (100%)       2048M (100%)   
[78.297s][info][gc,heap     ] GC(124)      Free:      630M (31%)         374M (18%)        1422M (69%)        1584M (77%)        1584M (77%)         282M (14%)    
[78.297s][info][gc,heap     ] GC(124)      Used:     1418M (69%)        1674M (82%)         626M (31%)         464M (23%)        1766M (86%)         464M (23%)    
[78.297s][info][gc,heap     ] GC(124)      Live:         -                86M (4%)           86M (4%)           86M (4%)             -                  -          
[78.297s][info][gc,heap     ] GC(124) Allocated:         -               256M (12%)         354M (17%)         359M (18%)            -                  -          
[78.297s][info][gc,heap     ] GC(124)   Garbage:         -              1331M (65%)         185M (9%)           17M (1%)             -                  -          
[78.297s][info][gc,heap     ] GC(124) Reclaimed:         -                  -              1146M (56%)        1313M (64%)            -                  -          
[78.297s][info][gc          ] GC(124) Garbage Collection (Allocation Rate) 1418M(69%)->464M(23%)
[78.421s][info][gc,start    ] GC(125) Garbage Collection (System.gc())
[78.421s][info][gc,task     ] GC(125) Using 2 workers
[78.421s][info][gc,phases   ] GC(125) Pause Mark Start 0.005ms
[78.482s][info][gc,phases   ] GC(125) Concurrent Mark 61.702ms
[78.483s][info][gc,phases   ] GC(125) Pause Mark End 0.053ms
[78.483s][info][gc,phases   ] GC(125) Concurrent Mark Free 0.002ms
[78.503s][info][gc,phases   ] GC(125) Concurrent Process Non-Strong References 19.846ms
[78.503s][info][gc,phases   ] GC(125) Concurrent Reset Relocation Set 0.005ms
[78.505s][info][gc,phases   ] GC(125) Concurrent Select Relocation Set 2.082ms
[78.505s][info][gc,phases   ] GC(125) Pause Relocate Start 0.007ms
[78.506s][info][gc,phases   ] GC(125) Concurrent Relocate 0.656ms
[78.506s][info][gc,load     ] GC(125) Load: 0.00/0.00/0.00
[78.506s][info][gc,mmu      ] GC(125) MMU: 2ms/95.2%, 5ms/98.1%, 10ms/99.0%, 20ms/99.5%, 50ms/99.8%, 100ms/99.9%
[78.506s][info][gc,marking  ] GC(125) Mark: 2 stripe(s), 1 proactive flush(es), 1 terminate flush(es), 0 completion(s), 0 continuation(s) 
[78.506s][info][gc,marking  ] GC(125) Mark Stack Usage: 32M
[78.506s][info][gc,nmethod  ] GC(125) NMethods: 21414 registered, 691 unregistered
[78.506s][info][gc,metaspace] GC(125) Metaspace: 134M used, 135M committed, 1152M reserved
[78.506s][info][gc,ref      ] GC(125) Soft: 8843 encountered, 0 discovered, 0 enqueued
[78.506s][info][gc,ref      ] GC(125) Weak: 15647 encountered, 3370 discovered, 368 enqueued
[78.506s][info][gc,ref      ] GC(125) Final: 53 encountered, 0 discovered, 0 enqueued
[78.506s][info][gc,ref      ] GC(125) Phantom: 589 encountered, 337 discovered, 0 enqueued
[78.506s][info][gc,reloc    ] GC(125) Small Pages: 235 / 470M, Empty: 326M, Relocated: 1M, In-Place: 0
[78.506s][info][gc,reloc    ] GC(125) Medium Pages: 2 / 64M, Empty: 32M, Relocated: 0M, In-Place: 0
[78.506s][info][gc,reloc    ] GC(125) Large Pages: 5 / 30M, Empty: 30M, Relocated: 0M, In-Place: 0
[78.506s][info][gc,reloc    ] GC(125) Forwarding Usage: 0M
[78.506s][info][gc,heap     ] GC(125) Min Capacity: 2048M(100%)
[78.506s][info][gc,heap     ] GC(125) Max Capacity: 2048M(100%)
[78.506s][info][gc,heap     ] GC(125) Soft Max Capacity: 2048M(100%)
[78.506s][info][gc,heap     ] GC(125)                Mark Start          Mark End        Relocate Start      Relocate End           High               Low         
[78.506s][info][gc,heap     ] GC(125)  Capacity:     2048M (100%)       2048M (100%)       2048M (100%)       2048M (100%)       2048M (100%)       2048M (100%)   
[78.506s][info][gc,heap     ] GC(125)      Free:     1484M (72%)        1484M (72%)        1862M (91%)        1932M (94%)        1932M (94%)        1482M (72%)    
[78.506s][info][gc,heap     ] GC(125)      Used:      564M (28%)         564M (28%)         186M (9%)          116M (6%)          566M (28%)         116M (6%)     
[78.506s][info][gc,heap     ] GC(125)      Live:         -                85M (4%)           85M (4%)           85M (4%)             -                  -          
[78.506s][info][gc,heap     ] GC(125) Allocated:         -                 0M (0%)           10M (0%)           11M (1%)             -                  -          
[78.506s][info][gc,heap     ] GC(125)   Garbage:         -               478M (23%)          90M (4%)           18M (1%)             -                  -          
[78.506s][info][gc,heap     ] GC(125) Reclaimed:         -                  -               388M (19%)         459M (22%)            -                  -          
[78.506s][info][gc          ] GC(125) Garbage Collection (System.gc()) 564M(28%)->116M(6%)
[79.026s][info][gc,start    ] GC(126) Garbage Collection (Allocation Rate)
[79.026s][info][gc,task     ] GC(126) Using 1 workers
[79.026s][info][gc,phases   ] GC(126) Pause Mark Start 0.012ms
[79.124s][info][gc,phases   ] GC(126) Concurrent Mark 97.898ms
[79.124s][info][gc,phases   ] GC(126) Pause Mark End 0.026ms
[79.124s][info][gc,phases   ] GC(126) Concurrent Mark Free 0.001ms
[79.189s][info][gc,phases   ] GC(126) Concurrent Process Non-Strong References 65.207ms
[79.190s][info][gc,phases   ] GC(126) Concurrent Reset Relocation Set 0.003ms
[79.192s][info][gc,phases   ] GC(126) Concurrent Select Relocation Set 2.332ms
[79.192s][info][gc,phases   ] GC(126) Pause Relocate Start 0.011ms
[79.195s][info][gc,phases   ] GC(126) Concurrent Relocate 3.069ms
[79.195s][info][gc,load     ] GC(126) Load: 0.00/0.00/0.00
[79.195s][info][gc,mmu      ] GC(126) MMU: 2ms/95.2%, 5ms/98.1%, 10ms/99.0%, 20ms/99.5%, 50ms/99.8%, 100ms/99.9%
[79.195s][info][gc,marking  ] GC(126) Mark: 1 stripe(s), 2 proactive flush(es), 1 terminate flush(es), 0 completion(s), 0 continuation(s) 
[79.195s][info][gc,marking  ] GC(126) Mark Stack Usage: 32M
[79.195s][info][gc,nmethod  ] GC(126) NMethods: 21447 registered, 691 unregistered
[79.195s][info][gc,metaspace] GC(126) Metaspace: 134M used, 135M committed, 1152M reserved
[79.196s][info][gc,ref      ] GC(126) Soft: 8846 encountered, 0 discovered, 0 enqueued
[79.196s][info][gc,ref      ] GC(126) Weak: 16273 encountered, 3919 discovered, 714 enqueued
[79.196s][info][gc,ref      ] GC(126) Final: 53 encountered, 0 discovered, 0 enqueued
[79.196s][info][gc,ref      ] GC(126) Phantom: 589 encountered, 355 discovered, 0 enqueued
[79.196s][info][gc,reloc    ] GC(126) Small Pages: 627 / 1254M, Empty: 1038M, Relocated: 2M, In-Place: 0
[79.196s][info][gc,reloc    ] GC(126) Medium Pages: 2 / 64M, Empty: 32M, Relocated: 0M, In-Place: 0
[79.196s][info][gc,reloc    ] GC(126) Large Pages: 7 / 42M, Empty: 42M, Relocated: 0M, In-Place: 0
[79.196s][info][gc,reloc    ] GC(126) Forwarding Usage: 0M
[79.196s][info][gc,heap     ] GC(126) Min Capacity: 2048M(100%)
[79.196s][info][gc,heap     ] GC(126) Max Capacity: 2048M(100%)
[79.196s][info][gc,heap     ] GC(126) Soft Max Capacity: 2048M(100%)
[79.196s][info][gc,heap     ] GC(126)                Mark Start          Mark End        Relocate Start      Relocate End           High               Low         
[79.196s][info][gc,heap     ] GC(126)  Capacity:     2048M (100%)       2048M (100%)       2048M (100%)       2048M (100%)       2048M (100%)       2048M (100%)   
[79.196s][info][gc,heap     ] GC(126)      Free:      688M (34%)         508M (25%)        1468M (72%)        1604M (78%)        1604M (78%)         364M (18%)    
[79.196s][info][gc,heap     ] GC(126)      Used:     1360M (66%)        1540M (75%)         580M (28%)         444M (22%)        1684M (82%)         444M (22%)    
[79.196s][info][gc,heap     ] GC(126)      Live:         -                86M (4%)           86M (4%)           86M (4%)             -                  -          
[79.196s][info][gc,heap     ] GC(126) Allocated:         -               180M (9%)          332M (16%)         339M (17%)            -                  -          
[79.196s][info][gc,heap     ] GC(126)   Garbage:         -              1273M (62%)         161M (8%)           17M (1%)             -                  -          
[79.196s][info][gc,heap     ] GC(126) Reclaimed:         -                  -              1112M (54%)        1255M (61%)            -                  -          
[79.196s][info][gc          ] GC(126) Garbage Collection (Allocation Rate) 1360M(66%)->444M(22%)
[79.363s][info][gc,start    ] GC(127) Garbage Collection (System.gc())
[79.363s][info][gc,task     ] GC(127) Using 2 workers
[79.363s][info][gc,phases   ] GC(127) Pause Mark Start 0.006ms
[79.409s][info][gc,phases   ] GC(127) Concurrent Mark 46.348ms
[79.410s][info][gc,phases   ] GC(127) Pause Mark End 0.032ms
[79.410s][info][gc,phases   ] GC(127) Concurrent Mark Free 0.003ms
[79.431s][info][gc,phases   ] GC(127) Concurrent Process Non-Strong References 21.047ms
[79.431s][info][gc,phases   ] GC(127) Concurrent Reset Relocation Set 0.004ms
[79.433s][info][gc,phases   ] GC(127) Concurrent Select Relocation Set 1.688ms
[79.433s][info][gc,phases   ] GC(127) Pause Relocate Start 0.010ms
[79.437s][info][gc,phases   ] GC(127) Concurrent Relocate 3.658ms
[79.437s][info][gc,load     ] GC(127) Load: 0.00/0.00/0.00
[79.437s][info][gc,mmu      ] GC(127) MMU: 2ms/95.2%, 5ms/98.1%, 10ms/99.0%, 20ms/99.5%, 50ms/99.8%, 100ms/99.9%
[79.437s][info][gc,marking  ] GC(127) Mark: 2 stripe(s), 2 proactive flush(es), 1 terminate flush(es), 0 completion(s), 0 continuation(s) 
[79.437s][info][gc,marking  ] GC(127) Mark Stack Usage: 32M
[79.437s][info][gc,nmethod  ] GC(127) NMethods: 21455 registered, 691 unregistered
[79.437s][info][gc,metaspace] GC(127) Metaspace: 134M used, 135M committed, 1152M reserved
[79.437s][info][gc,ref      ] GC(127) Soft: 8843 encountered, 0 discovered, 0 enqueued
[79.437s][info][gc,ref      ] GC(127) Weak: 15894 encountered, 3498 discovered, 598 enqueued
[79.437s][info][gc,ref      ] GC(127) Final: 53 encountered, 0 discovered, 0 enqueued
[79.437s][info][gc,ref      ] GC(127) Phantom: 589 encountered, 412 discovered, 0 enqueued
[79.437s][info][gc,reloc    ] GC(127) Small Pages: 252 / 504M, Empty: 292M, Relocated: 8M, In-Place: 0
[79.437s][info][gc,reloc    ] GC(127) Medium Pages: 2 / 64M, Empty: 32M, Relocated: 0M, In-Place: 0
[79.437s][info][gc,reloc    ] GC(127) Large Pages: 7 / 42M, Empty: 42M, Relocated: 0M, In-Place: 0
[79.437s][info][gc,reloc    ] GC(127) Forwarding Usage: 1M
[79.437s][info][gc,heap     ] GC(127) Min Capacity: 2048M(100%)
[79.437s][info][gc,heap     ] GC(127) Max Capacity: 2048M(100%)
[79.437s][info][gc,heap     ] GC(127) Soft Max Capacity: 2048M(100%)
[79.437s][info][gc,heap     ] GC(127)                Mark Start          Mark End        Relocate Start      Relocate End           High               Low         
[79.437s][info][gc,heap     ] GC(127)  Capacity:     2048M (100%)       2048M (100%)       2048M (100%)       2048M (100%)       2048M (100%)       2048M (100%)   
[79.437s][info][gc,heap     ] GC(127)      Free:     1438M (70%)        1430M (70%)        1790M (87%)        1920M (94%)        1924M (94%)        1428M (70%)    
[79.437s][info][gc,heap     ] GC(127)      Used:      610M (30%)         618M (30%)         258M (13%)         128M (6%)          620M (30%)         124M (6%)     
[79.437s][info][gc,heap     ] GC(127)      Live:         -                91M (4%)           91M (4%)           91M (4%)             -                  -          
[79.437s][info][gc,heap     ] GC(127) Allocated:         -                 8M (0%)           14M (1%)           19M (1%)             -                  -          
[79.437s][info][gc,heap     ] GC(127)   Garbage:         -               518M (25%)         152M (7%)           16M (1%)             -                  -          
[79.437s][info][gc,heap     ] GC(127) Reclaimed:         -                  -               366M (18%)         501M (25%)            -                  -          
[79.437s][info][gc          ] GC(127) Garbage Collection (System.gc()) 610M(30%)->128M(6%)
[80.022s][info][gc,start    ] GC(128) Garbage Collection (Allocation Rate)
[80.022s][info][gc,task     ] GC(128) Using 1 workers
[80.022s][info][gc,phases   ] GC(128) Pause Mark Start 0.009ms
[80.114s][info][gc,stats    ] === Garbage Collection Statistics =======================================================================================================================
[80.114s][info][gc,stats    ]                                                              Last 10s              Last 10m              Last 10h                Total
[80.114s][info][gc,stats    ]                                                              Avg / Max             Avg / Max             Avg / Max             Avg / Max
[80.114s][info][gc,stats    ]   Collector: Garbage Collection Cycle                    128.863 / 184.419     117.459 / 184.419     117.459 / 184.419     117.459 / 184.419     ms
[80.114s][info][gc,stats    ]  Contention: Mark Segment Reset Contention                     0 / 3                 0 / 3                 0 / 3                 0 / 3           ops/s
[80.114s][info][gc,stats    ]  Contention: Mark SeqNum Reset Contention                      0 / 2                 0 / 2                 0 / 2                 0 / 2           ops/s
[80.114s][info][gc,stats    ]    Critical: Allocation Stall                                  0 / 0                 0 / 0                 0 / 0                 0 / 0           ops/s
[80.114s][info][gc,stats    ]    Critical: Allocation Stall                              0.000 / 0.000         0.000 / 0.000         0.000 / 0.000         0.000 / 0.000       ms
[80.114s][info][gc,stats    ]    Critical: GC Locker Stall                                   0 / 0                 0 / 0                 0 / 0                 0 / 0           ops/s
[80.114s][info][gc,stats    ]    Critical: GC Locker Stall                               0.000 / 0.000         0.000 / 0.000         0.000 / 0.000         0.000 / 0.000       ms
[80.114s][info][gc,stats    ]    Critical: Relocation Stall                                  0 / 0                 0 / 0                 0 / 0                 0 / 0           ops/s
[80.114s][info][gc,stats    ]    Critical: Relocation Stall                              0.000 / 0.000         0.000 / 0.000         0.000 / 0.000         0.000 / 0.000       ms
[80.114s][info][gc,stats    ]      Memory: Allocation Rate                                1847 / 1904           1390 / 1944           1390 / 1944           1390 / 1944        MB/s
[80.114s][info][gc,stats    ]      Memory: Out Of Memory                                     0 / 0                 0 / 0                 0 / 0                 0 / 0           ops/s
[80.114s][info][gc,stats    ]      Memory: Page Cache Flush                                  0 / 0                 0 / 0                 0 / 0                 0 / 0           MB/s
[80.114s][info][gc,stats    ]      Memory: Page Cache Hit L1                               869 / 898             645 / 909             645 / 909             645 / 909         ops/s
[80.114s][info][gc,stats    ]      Memory: Page Cache Hit L2                                 0 / 0                 0 / 0                 0 / 0                 0 / 0           ops/s
[80.114s][info][gc,stats    ]      Memory: Page Cache Hit L3                                 0 / 0                10 / 385              10 / 385              10 / 385         ops/s
[80.114s][info][gc,stats    ]      Memory: Page Cache Miss                                   0 / 0                 0 / 1                 0 / 1                 0 / 1           ops/s
[80.114s][info][gc,stats    ]      Memory: Uncommit                                          0 / 0                 0 / 0                 0 / 0                 0 / 0           MB/s
[80.114s][info][gc,stats    ]      Memory: Undo Object Allocation Failed                     0 / 0                 0 / 1                 0 / 1                 0 / 1           ops/s
[80.114s][info][gc,stats    ]      Memory: Undo Object Allocation Succeeded                  0 / 2                32 / 2295             32 / 2295             32 / 2295        ops/s
[80.114s][info][gc,stats    ]      Memory: Undo Page Allocation                              0 / 1                 0 / 2                 0 / 2                 0 / 2           ops/s
[80.114s][info][gc,stats    ]       Phase: Concurrent Mark                              79.865 / 108.116      74.226 / 109.422      74.226 / 109.422      74.226 / 109.422     ms
[80.114s][info][gc,stats    ]       Phase: Concurrent Mark Continue                      0.000 / 0.000         0.000 / 0.000         0.000 / 0.000         0.000 / 0.000       ms
[80.114s][info][gc,stats    ]       Phase: Concurrent Mark Free                          0.001 / 0.003         0.001 / 0.004         0.001 / 0.004         0.001 / 0.004       ms
[80.114s][info][gc,stats    ]       Phase: Concurrent Process Non-Strong References     42.190 / 69.717       34.735 / 69.717       34.735 / 69.717       34.735 / 69.717      ms
[80.114s][info][gc,stats    ]       Phase: Concurrent Relocate                           3.368 / 9.840         4.835 / 19.143        4.835 / 19.143        4.835 / 19.143      ms
[80.114s][info][gc,stats    ]       Phase: Concurrent Reset Relocation Set               0.005 / 0.007         0.005 / 0.015         0.005 / 0.015         0.005 / 0.015       ms
[80.114s][info][gc,stats    ]       Phase: Concurrent Select Relocation Set              2.196 / 3.310         2.288 / 7.348         2.288 / 7.348         2.288 / 7.348       ms
[80.115s][info][gc,stats    ]       Phase: Pause Mark End                                0.032 / 0.058         0.028 / 0.096         0.028 / 0.096         0.028 / 0.096       ms
[80.115s][info][gc,stats    ]       Phase: Pause Mark Start                              0.007 / 0.012         0.007 / 0.019         0.007 / 0.019         0.007 / 0.019       ms
[80.115s][info][gc,stats    ]       Phase: Pause Relocate Start                          0.009 / 0.013         0.009 / 0.027         0.009 / 0.027         0.009 / 0.027       ms
[80.115s][info][gc,stats    ]    Subphase: Concurrent Classes Purge                      0.964 / 1.554         0.823 / 1.554         0.823 / 1.554         0.823 / 1.554       ms
[80.115s][info][gc,stats    ]    Subphase: Concurrent Classes Unlink                    39.050 / 66.013       31.508 / 66.013       31.508 / 66.013       31.508 / 66.013      ms
[80.115s][info][gc,stats    ]    Subphase: Concurrent Mark                              62.592 / 97.117       57.606 / 98.726       57.606 / 98.726       57.606 / 98.726      ms
[80.115s][info][gc,stats    ]    Subphase: Concurrent Mark Try Flush                     0.208 / 0.452         0.213 / 2.252         0.213 / 2.252         0.213 / 2.252       ms
[80.115s][info][gc,stats    ]    Subphase: Concurrent Mark Try Terminate                 2.319 / 16.901        2.152 / 16.901        2.152 / 16.901        2.152 / 16.901      ms
[80.115s][info][gc,stats    ]    Subphase: Concurrent References Enqueue                 0.007 / 0.010         0.007 / 0.010         0.007 / 0.010         0.007 / 0.010       ms
[80.115s][info][gc,stats    ]    Subphase: Concurrent References Process                 0.531 / 0.772         0.536 / 1.283         0.536 / 1.283         0.536 / 1.283       ms
[80.115s][info][gc,stats    ]    Subphase: Concurrent Roots ClassLoaderDataGraph         0.192 / 0.439         0.179 / 0.595         0.179 / 0.595         0.179 / 0.595       ms
[80.115s][info][gc,stats    ]    Subphase: Concurrent Roots CodeCache                    0.000 / 0.000         0.000 / 0.000         0.000 / 0.000         0.000 / 0.000       ms
[80.115s][info][gc,stats    ]    Subphase: Concurrent Roots JavaThreads                  5.882 / 10.301        6.349 / 15.550        6.349 / 15.550        6.349 / 15.550      ms
[80.115s][info][gc,stats    ]    Subphase: Concurrent Roots OopStorageSet                0.054 / 0.108         0.049 / 0.109         0.049 / 0.109         0.049 / 0.109       ms
[80.115s][info][gc,stats    ]    Subphase: Concurrent Weak Roots OopStorageSet           1.223 / 1.612         1.125 / 2.333         1.125 / 2.333         1.125 / 2.333       ms
[80.115s][info][gc,stats    ]    Subphase: Pause Mark Try Complete                       0.002 / 0.002         0.006 / 0.016         0.006 / 0.016         0.006 / 0.016       ms
[80.115s][info][gc,stats    ]      System: Java Threads                                    280 / 281             266 / 282             266 / 282             266 / 282         threads
[80.115s][info][gc,stats    ] =========================================================================================================================================================
[80.143s][info][gc,phases   ] GC(128) Concurrent Mark 120.810ms
[80.143s][info][gc,phases   ] GC(128) Pause Mark End 0.022ms
[80.143s][info][gc,phases   ] GC(128) Concurrent Mark Free 0.002ms
[80.210s][info][gc,phases   ] GC(128) Concurrent Process Non-Strong References 66.672ms
[80.210s][info][gc,phases   ] GC(128) Concurrent Reset Relocation Set 0.007ms
[80.213s][info][gc,phases   ] GC(128) Concurrent Select Relocation Set 3.065ms
[80.213s][info][gc,phases   ] GC(128) Pause Relocate Start 0.008ms
[80.221s][info][gc,phases   ] GC(128) Concurrent Relocate 7.568ms
[80.221s][info][gc,load     ] GC(128) Load: 0.00/0.00/0.00
[80.221s][info][gc,mmu      ] GC(128) MMU: 2ms/95.2%, 5ms/98.1%, 10ms/99.0%, 20ms/99.5%, 50ms/99.8%, 100ms/99.9%
[80.221s][info][gc,marking  ] GC(128) Mark: 1 stripe(s), 2 proactive flush(es), 1 terminate flush(es), 0 completion(s), 0 continuation(s) 
[80.221s][info][gc,marking  ] GC(128) Mark Stack Usage: 32M
[80.221s][info][gc,nmethod  ] GC(128) NMethods: 21488 registered, 691 unregistered
[80.221s][info][gc,metaspace] GC(128) Metaspace: 134M used, 135M committed, 1152M reserved
[80.221s][info][gc,ref      ] GC(128) Soft: 8845 encountered, 0 discovered, 0 enqueued
[80.221s][info][gc,ref      ] GC(128) Weak: 16258 encountered, 4023 discovered, 707 enqueued
[80.221s][info][gc,ref      ] GC(128) Final: 53 encountered, 0 discovered, 0 enqueued
[80.221s][info][gc,ref      ] GC(128) Phantom: 589 encountered, 268 discovered, 0 enqueued
[80.221s][info][gc,reloc    ] GC(128) Small Pages: 645 / 1290M, Empty: 1054M, Relocated: 4M, In-Place: 0
[80.221s][info][gc,reloc    ] GC(128) Medium Pages: 2 / 64M, Empty: 0M, Relocated: 23M, In-Place: 0
[80.221s][info][gc,reloc    ] GC(128) Large Pages: 7 / 42M, Empty: 42M, Relocated: 0M, In-Place: 0
[80.221s][info][gc,reloc    ] GC(128) Forwarding Usage: 1M
[80.221s][info][gc,heap     ] GC(128) Min Capacity: 2048M(100%)
[80.221s][info][gc,heap     ] GC(128) Max Capacity: 2048M(100%)
[80.221s][info][gc,heap     ] GC(128) Soft Max Capacity: 2048M(100%)
[80.221s][info][gc,heap     ] GC(128)                Mark Start          Mark End        Relocate Start      Relocate End           High               Low         
[80.221s][info][gc,heap     ] GC(128)  Capacity:     2048M (100%)       2048M (100%)       2048M (100%)       2048M (100%)       2048M (100%)       2048M (100%)   
[80.221s][info][gc,heap     ] GC(128)      Free:      652M (32%)         398M (19%)        1378M (67%)        1564M (76%)        1566M (76%)         294M (14%)    
[80.221s][info][gc,heap     ] GC(128)      Used:     1396M (68%)        1650M (81%)         670M (33%)         484M (24%)        1754M (86%)         482M (24%)    
[80.221s][info][gc,heap     ] GC(128)      Live:         -                88M (4%)           88M (4%)           88M (4%)             -                  -          
[80.221s][info][gc,heap     ] GC(128) Allocated:         -               254M (12%)         370M (18%)         374M (18%)            -                  -          
[80.221s][info][gc,heap     ] GC(128)   Garbage:         -              1307M (64%)         211M (10%)          21M (1%)             -                  -          
[80.221s][info][gc,heap     ] GC(128) Reclaimed:         -                  -              1096M (54%)        1286M (63%)            -                  -          
[80.221s][info][gc          ] GC(128) Garbage Collection (Allocation Rate) 1396M(68%)->484M(24%)
[80.365s][info][gc,start    ] GC(129) Garbage Collection (System.gc())
[80.365s][info][gc,task     ] GC(129) Using 2 workers
[80.365s][info][gc,phases   ] GC(129) Pause Mark Start 0.009ms
[80.427s][info][gc,phases   ] GC(129) Concurrent Mark 62.555ms
[80.428s][info][gc,phases   ] GC(129) Pause Mark End 0.023ms
[80.428s][info][gc,phases   ] GC(129) Concurrent Mark Free 0.001ms
[80.450s][info][gc,phases   ] GC(129) Concurrent Process Non-Strong References 22.047ms
[80.450s][info][gc,phases   ] GC(129) Concurrent Reset Relocation Set 0.006ms
[80.452s][info][gc,phases   ] GC(129) Concurrent Select Relocation Set 1.983ms
[80.452s][info][gc,phases   ] GC(129) Pause Relocate Start 0.008ms
[80.457s][info][gc,phases   ] GC(129) Concurrent Relocate 5.474ms
[80.457s][info][gc,load     ] GC(129) Load: 0.00/0.00/0.00
[80.457s][info][gc,mmu      ] GC(129) MMU: 2ms/95.2%, 5ms/98.1%, 10ms/99.0%, 20ms/99.5%, 50ms/99.8%, 100ms/99.9%
[80.457s][info][gc,marking  ] GC(129) Mark: 2 stripe(s), 2 proactive flush(es), 1 terminate flush(es), 0 completion(s), 0 continuation(s) 
[80.458s][info][gc,marking  ] GC(129) Mark Stack Usage: 32M
[80.458s][info][gc,nmethod  ] GC(129) NMethods: 21490 registered, 691 unregistered
[80.458s][info][gc,metaspace] GC(129) Metaspace: 134M used, 135M committed, 1152M reserved
[80.458s][info][gc,ref      ] GC(129) Soft: 8843 encountered, 0 discovered, 0 enqueued
[80.458s][info][gc,ref      ] GC(129) Weak: 15878 encountered, 4053 discovered, 589 enqueued
[80.458s][info][gc,ref      ] GC(129) Final: 53 encountered, 0 discovered, 0 enqueued
[80.458s][info][gc,ref      ] GC(129) Phantom: 589 encountered, 304 discovered, 0 enqueued
[80.458s][info][gc,reloc    ] GC(129) Small Pages: 238 / 476M, Empty: 210M, Relocated: 12M, In-Place: 0
[80.458s][info][gc,reloc    ] GC(129) Medium Pages: 2 / 64M, Empty: 0M, Relocated: 22M, In-Place: 0
[80.458s][info][gc,reloc    ] GC(129) Large Pages: 7 / 42M, Empty: 42M, Relocated: 0M, In-Place: 0
[80.458s][info][gc,reloc    ] GC(129) Forwarding Usage: 0M
[80.458s][info][gc,heap     ] GC(129) Min Capacity: 2048M(100%)
[80.458s][info][gc,heap     ] GC(129) Max Capacity: 2048M(100%)
[80.458s][info][gc,heap     ] GC(129) Soft Max Capacity: 2048M(100%)
[80.458s][info][gc,heap     ] GC(129)                Mark Start          Mark End        Relocate Start      Relocate End           High               Low         
[80.458s][info][gc,heap     ] GC(129)  Capacity:     2048M (100%)       2048M (100%)       2048M (100%)       2048M (100%)       2048M (100%)       2048M (100%)   
[80.458s][info][gc,heap     ] GC(129)      Free:     1466M (72%)        1458M (71%)        1706M (83%)        1912M (93%)        1912M (93%)        1458M (71%)    
[80.458s][info][gc,heap     ] GC(129)      Used:      582M (28%)         590M (29%)         342M (17%)         136M (7%)          590M (29%)         136M (7%)     
[80.458s][info][gc,heap     ] GC(129)      Live:         -                96M (5%)           96M (5%)           96M (5%)             -                  -          
[80.458s][info][gc,heap     ] GC(129) Allocated:         -                 8M (0%)           12M (1%)           19M (1%)             -                  -          
[80.458s][info][gc,heap     ] GC(129)   Garbage:         -               485M (24%)         233M (11%)          19M (1%)             -                  -          
[80.458s][info][gc,heap     ] GC(129) Reclaimed:         -                  -               252M (12%)         465M (23%)            -                  -          
[80.458s][info][gc          ] GC(129) Garbage Collection (System.gc()) 582M(28%)->136M(7%)
[81.026s][info][gc,start    ] GC(130) Garbage Collection (Allocation Rate)
[81.026s][info][gc,task     ] GC(130) Using 1 workers
[81.026s][info][gc,phases   ] GC(130) Pause Mark Start 0.006ms
[81.145s][info][gc,phases   ] GC(130) Concurrent Mark 118.046ms
[81.145s][info][gc,phases   ] GC(130) Pause Mark End 0.013ms
[81.145s][info][gc,phases   ] GC(130) Concurrent Mark Free 0.001ms
[81.212s][info][gc,phases   ] GC(130) Concurrent Process Non-Strong References 66.726ms
[81.212s][info][gc,phases   ] GC(130) Concurrent Reset Relocation Set 0.006ms
[81.214s][info][gc,phases   ] GC(130) Concurrent Select Relocation Set 2.590ms
[81.214s][info][gc,phases   ] GC(130) Pause Relocate Start 0.012ms
[81.218s][info][gc,phases   ] GC(130) Concurrent Relocate 2.964ms
[81.218s][info][gc,load     ] GC(130) Load: 0.00/0.00/0.00
[81.218s][info][gc,mmu      ] GC(130) MMU: 2ms/95.2%, 5ms/98.1%, 10ms/99.0%, 20ms/99.5%, 50ms/99.8%, 100ms/99.9%
[81.218s][info][gc,marking  ] GC(130) Mark: 1 stripe(s), 2 proactive flush(es), 1 terminate flush(es), 0 completion(s), 0 continuation(s) 
[81.218s][info][gc,marking  ] GC(130) Mark Stack Usage: 32M
[81.218s][info][gc,nmethod  ] GC(130) NMethods: 21542 registered, 691 unregistered
[81.218s][info][gc,metaspace] GC(130) Metaspace: 134M used, 135M committed, 1152M reserved
[81.218s][info][gc,ref      ] GC(130) Soft: 8843 encountered, 0 discovered, 0 enqueued
[81.218s][info][gc,ref      ] GC(130) Weak: 16282 encountered, 3948 discovered, 717 enqueued
[81.218s][info][gc,ref      ] GC(130) Final: 53 encountered, 0 discovered, 0 enqueued
[81.218s][info][gc,ref      ] GC(130) Phantom: 589 encountered, 306 discovered, 0 enqueued
[81.218s][info][gc,reloc    ] GC(130) Small Pages: 636 / 1272M, Empty: 1038M, Relocated: 2M, In-Place: 0
[81.218s][info][gc,reloc    ] GC(130) Medium Pages: 2 / 64M, Empty: 32M, Relocated: 0M, In-Place: 0
[81.218s][info][gc,reloc    ] GC(130) Large Pages: 7 / 42M, Empty: 42M, Relocated: 0M, In-Place: 0
[81.218s][info][gc,reloc    ] GC(130) Forwarding Usage: 0M
[81.218s][info][gc,heap     ] GC(130) Min Capacity: 2048M(100%)
[81.218s][info][gc,heap     ] GC(130) Max Capacity: 2048M(100%)
[81.218s][info][gc,heap     ] GC(130) Soft Max Capacity: 2048M(100%)
[81.218s][info][gc,heap     ] GC(130)                Mark Start          Mark End        Relocate Start      Relocate End           High               Low         
[81.218s][info][gc,heap     ] GC(130)  Capacity:     2048M (100%)       2048M (100%)       2048M (100%)       2048M (100%)       2048M (100%)       2048M (100%)   
[81.218s][info][gc,heap     ] GC(130)      Free:      670M (33%)         536M (26%)        1476M (72%)        1632M (80%)        1632M (80%)         374M (18%)    
[81.218s][info][gc,heap     ] GC(130)      Used:     1378M (67%)        1512M (74%)         572M (28%)         416M (20%)        1674M (82%)         416M (20%)    
[81.218s][info][gc,heap     ] GC(130)      Live:         -                86M (4%)           86M (4%)           86M (4%)             -                  -          
[81.218s][info][gc,heap     ] GC(130) Allocated:         -               134M (7%)          306M (15%)         311M (15%)            -                  -          
[81.218s][info][gc,heap     ] GC(130)   Garbage:         -              1291M (63%)         179M (9%)           17M (1%)             -                  -          
[81.218s][info][gc,heap     ] GC(130) Reclaimed:         -                  -              1112M (54%)        1273M (62%)            -                  -          
[81.218s][info][gc          ] GC(130) Garbage Collection (Allocation Rate) 1378M(67%)->416M(20%)
[81.407s][info][gc,start    ] GC(131) Garbage Collection (System.gc())
[81.407s][info][gc,task     ] GC(131) Using 2 workers
[81.407s][info][gc,phases   ] GC(131) Pause Mark Start 0.005ms
[81.469s][info][gc,phases   ] GC(131) Concurrent Mark 61.721ms
[81.469s][info][gc,phases   ] GC(131) Pause Mark End 0.062ms
[81.469s][info][gc,phases   ] GC(131) Concurrent Mark Free 0.001ms
[81.491s][info][gc,phases   ] GC(131) Concurrent Process Non-Strong References 22.378ms
[81.491s][info][gc,phases   ] GC(131) Concurrent Reset Relocation Set 0.005ms
[81.493s][info][gc,phases   ] GC(131) Concurrent Select Relocation Set 1.649ms
[81.493s][info][gc,phases   ] GC(131) Pause Relocate Start 0.007ms
[81.494s][info][gc,phases   ] GC(131) Concurrent Relocate 0.661ms
[81.494s][info][gc,load     ] GC(131) Load: 0.00/0.00/0.00
[81.494s][info][gc,mmu      ] GC(131) MMU: 2ms/95.2%, 5ms/98.1%, 10ms/99.0%, 20ms/99.5%, 50ms/99.8%, 100ms/99.9%
[81.494s][info][gc,marking  ] GC(131) Mark: 2 stripe(s), 2 proactive flush(es), 1 terminate flush(es), 0 completion(s), 0 continuation(s) 
[81.494s][info][gc,marking  ] GC(131) Mark Stack Usage: 32M
[81.494s][info][gc,nmethod  ] GC(131) NMethods: 21551 registered, 691 unregistered
[81.494s][info][gc,metaspace] GC(131) Metaspace: 134M used, 135M committed, 1152M reserved
[81.494s][info][gc,ref      ] GC(131) Soft: 8843 encountered, 0 discovered, 0 enqueued
[81.494s][info][gc,ref      ] GC(131) Weak: 15901 encountered, 3591 discovered, 598 enqueued
[81.494s][info][gc,ref      ] GC(131) Final: 53 encountered, 0 discovered, 0 enqueued
[81.494s][info][gc,ref      ] GC(131) Phantom: 589 encountered, 405 discovered, 0 enqueued
[81.494s][info][gc,reloc    ] GC(131) Small Pages: 252 / 504M, Empty: 338M, Relocated: 1M, In-Place: 0
[81.494s][info][gc,reloc    ] GC(131) Medium Pages: 2 / 64M, Empty: 32M, Relocated: 0M, In-Place: 0
[81.494s][info][gc,reloc    ] GC(131) Large Pages: 7 / 42M, Empty: 42M, Relocated: 0M, In-Place: 0
[81.494s][info][gc,reloc    ] GC(131) Forwarding Usage: 0M
[81.494s][info][gc,heap     ] GC(131) Min Capacity: 2048M(100%)
[81.494s][info][gc,heap     ] GC(131) Max Capacity: 2048M(100%)
[81.494s][info][gc,heap     ] GC(131) Soft Max Capacity: 2048M(100%)
[81.494s][info][gc,heap     ] GC(131)                Mark Start          Mark End        Relocate Start      Relocate End           High               Low         
[81.494s][info][gc,heap     ] GC(131)  Capacity:     2048M (100%)       2048M (100%)       2048M (100%)       2048M (100%)       2048M (100%)       2048M (100%)   
[81.494s][info][gc,heap     ] GC(131)      Free:     1438M (70%)        1432M (70%)        1836M (90%)        1928M (94%)        1928M (94%)        1432M (70%)    
[81.494s][info][gc,heap     ] GC(131)      Used:      610M (30%)         616M (30%)         212M (10%)         120M (6%)          616M (30%)         120M (6%)     
[81.494s][info][gc,heap     ] GC(131)      Live:         -                86M (4%)           86M (4%)           86M (4%)             -                  -          
[81.494s][info][gc,heap     ] GC(131) Allocated:         -                 6M (0%)           14M (1%)           13M (1%)             -                  -          
[81.494s][info][gc,heap     ] GC(131)   Garbage:         -               523M (26%)         111M (5%)           19M (1%)             -                  -          
[81.494s][info][gc,heap     ] GC(131) Reclaimed:         -                  -               412M (20%)         503M (25%)            -                  -          
[81.494s][info][gc          ] GC(131) Garbage Collection (System.gc()) 610M(30%)->120M(6%)
[82.124s][info][gc,start    ] GC(132) Garbage Collection (Allocation Rate)
[82.124s][info][gc,task     ] GC(132) Using 2 workers
[82.124s][info][gc,phases   ] GC(132) Pause Mark Start 0.010ms
[82.187s][info][gc,phases   ] GC(132) Concurrent Mark 62.502ms
[82.187s][info][gc,phases   ] GC(132) Pause Mark End 0.017ms
[82.187s][info][gc,phases   ] GC(132) Concurrent Mark Free 0.001ms
[82.230s][info][gc,phases   ] GC(132) Concurrent Process Non-Strong References 42.622ms
[82.230s][info][gc,phases   ] GC(132) Concurrent Reset Relocation Set 0.005ms
[82.233s][info][gc,phases   ] GC(132) Concurrent Select Relocation Set 2.669ms
[82.233s][info][gc,phases   ] GC(132) Pause Relocate Start 0.013ms
[82.241s][info][gc,phases   ] GC(132) Concurrent Relocate 7.021ms
[82.241s][info][gc,load     ] GC(132) Load: 0.00/0.00/0.00
[82.241s][info][gc,mmu      ] GC(132) MMU: 2ms/95.2%, 5ms/98.1%, 10ms/99.0%, 20ms/99.5%, 50ms/99.8%, 100ms/99.9%
[82.241s][info][gc,marking  ] GC(132) Mark: 2 stripe(s), 2 proactive flush(es), 1 terminate flush(es), 0 completion(s), 0 continuation(s) 
[82.241s][info][gc,marking  ] GC(132) Mark Stack Usage: 32M
[82.241s][info][gc,nmethod  ] GC(132) NMethods: 21793 registered, 691 unregistered
[82.241s][info][gc,metaspace] GC(132) Metaspace: 134M used, 136M committed, 1152M reserved
[82.241s][info][gc,ref      ] GC(132) Soft: 8846 encountered, 0 discovered, 0 enqueued
[82.241s][info][gc,ref      ] GC(132) Weak: 16367 encountered, 4124 discovered, 945 enqueued
[82.241s][info][gc,ref      ] GC(132) Final: 53 encountered, 0 discovered, 0 enqueued
[82.241s][info][gc,ref      ] GC(132) Phantom: 589 encountered, 395 discovered, 0 enqueued
[82.241s][info][gc,reloc    ] GC(132) Small Pages: 721 / 1442M, Empty: 1050M, Relocated: 15M, In-Place: 0
[82.241s][info][gc,reloc    ] GC(132) Medium Pages: 2 / 64M, Empty: 32M, Relocated: 0M, In-Place: 0
[82.241s][info][gc,reloc    ] GC(132) Large Pages: 10 / 60M, Empty: 60M, Relocated: 0M, In-Place: 0
[82.241s][info][gc,reloc    ] GC(132) Forwarding Usage: 2M
[82.241s][info][gc,heap     ] GC(132) Min Capacity: 2048M(100%)
[82.241s][info][gc,heap     ] GC(132) Max Capacity: 2048M(100%)
[82.241s][info][gc,heap     ] GC(132) Soft Max Capacity: 2048M(100%)
[82.241s][info][gc,heap     ] GC(132)                Mark Start          Mark End        Relocate Start      Relocate End           High               Low         
[82.241s][info][gc,heap     ] GC(132)  Capacity:     2048M (100%)       2048M (100%)       2048M (100%)       2048M (100%)       2048M (100%)       2048M (100%)   
[82.241s][info][gc,heap     ] GC(132)      Free:      482M (24%)         328M (16%)        1408M (69%)        1706M (83%)        1706M (83%)         272M (13%)    
[82.241s][info][gc,heap     ] GC(132)      Used:     1566M (76%)        1720M (84%)         640M (31%)         342M (17%)        1776M (87%)         342M (17%)    
[82.241s][info][gc,heap     ] GC(132)      Live:         -                99M (5%)           99M (5%)           99M (5%)             -                  -          
[82.241s][info][gc,heap     ] GC(132) Allocated:         -               154M (8%)          216M (11%)         223M (11%)            -                  -          
[82.241s][info][gc,heap     ] GC(132)   Garbage:         -              1466M (72%)         324M (16%)          18M (1%)             -                  -          
[82.241s][info][gc,heap     ] GC(132) Reclaimed:         -                  -              1142M (56%)        1447M (71%)            -                  -          
[82.241s][info][gc          ] GC(132) Garbage Collection (Allocation Rate) 1566M(76%)->342M(17%)
[82.355s][info][gc,start    ] GC(133) Garbage Collection (System.gc())
[82.355s][info][gc,task     ] GC(133) Using 2 workers
[82.356s][info][gc,phases   ] GC(133) Pause Mark Start 0.005ms
[82.403s][info][gc,phases   ] GC(133) Concurrent Mark 47.096ms
[82.403s][info][gc,phases   ] GC(133) Pause Mark End 0.023ms
[82.403s][info][gc,phases   ] GC(133) Concurrent Mark Free 0.001ms
[82.424s][info][gc,phases   ] GC(133) Concurrent Process Non-Strong References 21.127ms
[82.424s][info][gc,phases   ] GC(133) Concurrent Reset Relocation Set 0.012ms
[82.426s][info][gc,phases   ] GC(133) Concurrent Select Relocation Set 1.733ms
[82.426s][info][gc,phases   ] GC(133) Pause Relocate Start 0.009ms
[82.428s][info][gc,phases   ] GC(133) Concurrent Relocate 2.142ms
[82.428s][info][gc,load     ] GC(133) Load: 0.00/0.00/0.00
[82.428s][info][gc,mmu      ] GC(133) MMU: 2ms/95.2%, 5ms/98.1%, 10ms/99.0%, 20ms/99.5%, 50ms/99.8%, 100ms/99.9%
[82.428s][info][gc,marking  ] GC(133) Mark: 2 stripe(s), 2 proactive flush(es), 1 terminate flush(es), 0 completion(s), 0 continuation(s) 
[82.428s][info][gc,marking  ] GC(133) Mark Stack Usage: 32M
[82.428s][info][gc,nmethod  ] GC(133) NMethods: 21854 registered, 691 unregistered
[82.428s][info][gc,metaspace] GC(133) Metaspace: 134M used, 136M committed, 1152M reserved
[82.428s][info][gc,ref      ] GC(133) Soft: 8843 encountered, 0 discovered, 0 enqueued
[82.428s][info][gc,ref      ] GC(133) Weak: 15643 encountered, 3326 discovered, 358 enqueued
[82.428s][info][gc,ref      ] GC(133) Final: 53 encountered, 0 discovered, 0 enqueued
[82.428s][info][gc,ref      ] GC(133) Phantom: 589 encountered, 329 discovered, 0 enqueued
[82.429s][info][gc,reloc    ] GC(133) Small Pages: 172 / 344M, Empty: 200M, Relocated: 3M, In-Place: 0
[82.429s][info][gc,reloc    ] GC(133) Medium Pages: 2 / 64M, Empty: 32M, Relocated: 0M, In-Place: 0
[82.429s][info][gc,reloc    ] GC(133) Large Pages: 4 / 24M, Empty: 24M, Relocated: 0M, In-Place: 0
[82.429s][info][gc,reloc    ] GC(133) Forwarding Usage: 1M
[82.429s][info][gc,heap     ] GC(133) Min Capacity: 2048M(100%)
[82.429s][info][gc,heap     ] GC(133) Max Capacity: 2048M(100%)
[82.429s][info][gc,heap     ] GC(133) Soft Max Capacity: 2048M(100%)
[82.429s][info][gc,heap     ] GC(133)                Mark Start          Mark End        Relocate Start      Relocate End           High               Low         
[82.429s][info][gc,heap     ] GC(133)  Capacity:     2048M (100%)       2048M (100%)       2048M (100%)       2048M (100%)       2048M (100%)       2048M (100%)   
[82.429s][info][gc,heap     ] GC(133)      Free:     1616M (79%)        1616M (79%)        1862M (91%)        1926M (94%)        1930M (94%)        1614M (79%)    
[82.429s][info][gc,heap     ] GC(133)      Used:      432M (21%)         432M (21%)         186M (9%)          122M (6%)          434M (21%)         118M (6%)     
[82.429s][info][gc,heap     ] GC(133)      Live:         -                86M (4%)           86M (4%)           86M (4%)             -                  -          
[82.429s][info][gc,heap     ] GC(133) Allocated:         -                 0M (0%)           10M (0%)           17M (1%)             -                  -          
[82.429s][info][gc,heap     ] GC(133)   Garbage:         -               345M (17%)          89M (4%)           17M (1%)             -                  -          
[82.429s][info][gc,heap     ] GC(133) Reclaimed:         -                  -               256M (12%)         327M (16%)            -                  -          
[82.429s][info][gc          ] GC(133) Garbage Collection (System.gc()) 432M(21%)->122M(6%)
[83.023s][info][gc,start    ] GC(134) Garbage Collection (Allocation Rate)
[83.023s][info][gc,task     ] GC(134) Using 1 workers
[83.023s][info][gc,phases   ] GC(134) Pause Mark Start 0.011ms
[83.137s][info][gc,phases   ] GC(134) Concurrent Mark 113.168ms
[83.137s][info][gc,phases   ] GC(134) Pause Mark End 0.023ms
[83.137s][info][gc,phases   ] GC(134) Concurrent Mark Free 0.001ms
[83.200s][info][gc,phases   ] GC(134) Concurrent Process Non-Strong References 63.556ms
[83.201s][info][gc,phases   ] GC(134) Concurrent Reset Relocation Set 0.004ms
[83.203s][info][gc,phases   ] GC(134) Concurrent Select Relocation Set 2.296ms
[83.203s][info][gc,phases   ] GC(134) Pause Relocate Start 0.010ms
[83.206s][info][gc,phases   ] GC(134) Concurrent Relocate 3.279ms
[83.206s][info][gc,load     ] GC(134) Load: 0.00/0.00/0.00
[83.206s][info][gc,mmu      ] GC(134) MMU: 2ms/95.2%, 5ms/98.1%, 10ms/99.0%, 20ms/99.5%, 50ms/99.8%, 100ms/99.9%
[83.206s][info][gc,marking  ] GC(134) Mark: 1 stripe(s), 2 proactive flush(es), 1 terminate flush(es), 0 completion(s), 0 continuation(s) 
[83.206s][info][gc,marking  ] GC(134) Mark Stack Usage: 32M
[83.206s][info][gc,nmethod  ] GC(134) NMethods: 21948 registered, 691 unregistered
[83.206s][info][gc,metaspace] GC(134) Metaspace: 134M used, 136M committed, 1152M reserved
[83.206s][info][gc,ref      ] GC(134) Soft: 8843 encountered, 0 discovered, 0 enqueued
[83.206s][info][gc,ref      ] GC(134) Weak: 16296 encountered, 4018 discovered, 941 enqueued
[83.206s][info][gc,ref      ] GC(134) Final: 53 encountered, 0 discovered, 0 enqueued
[83.206s][info][gc,ref      ] GC(134) Phantom: 589 encountered, 355 discovered, 0 enqueued
[83.207s][info][gc,reloc    ] GC(134) Small Pages: 645 / 1290M, Empty: 1062M, Relocated: 2M, In-Place: 0
[83.207s][info][gc,reloc    ] GC(134) Medium Pages: 2 / 64M, Empty: 32M, Relocated: 0M, In-Place: 0
[83.207s][info][gc,reloc    ] GC(134) Large Pages: 9 / 54M, Empty: 54M, Relocated: 0M, In-Place: 0
[83.207s][info][gc,reloc    ] GC(134) Forwarding Usage: 0M
[83.207s][info][gc,heap     ] GC(134) Min Capacity: 2048M(100%)
[83.207s][info][gc,heap     ] GC(134) Max Capacity: 2048M(100%)
[83.207s][info][gc,heap     ] GC(134) Soft Max Capacity: 2048M(100%)
[83.207s][info][gc,heap     ] GC(134)                Mark Start          Mark End        Relocate Start      Relocate End           High               Low         
[83.207s][info][gc,heap     ] GC(134)  Capacity:     2048M (100%)       2048M (100%)       2048M (100%)       2048M (100%)       2048M (100%)       2048M (100%)   
[83.207s][info][gc,heap     ] GC(134)      Free:      640M (31%)         376M (18%)        1428M (70%)        1578M (77%)        1578M (77%)         284M (14%)    
[83.207s][info][gc,heap     ] GC(134)      Used:     1408M (69%)        1672M (82%)         620M (30%)         470M (23%)        1764M (86%)         470M (23%)    
[83.207s][info][gc,heap     ] GC(134)      Live:         -                87M (4%)           87M (4%)           87M (4%)             -                  -          
[83.207s][info][gc,heap     ] GC(134) Allocated:         -               264M (13%)         360M (18%)         365M (18%)            -                  -          
[83.207s][info][gc,heap     ] GC(134)   Garbage:         -              1320M (64%)         172M (8%)           16M (1%)             -                  -          
[83.207s][info][gc,heap     ] GC(134) Reclaimed:         -                  -              1148M (56%)        1303M (64%)            -                  -          
[83.207s][info][gc          ] GC(134) Garbage Collection (Allocation Rate) 1408M(69%)->470M(23%)
[83.327s][info][gc,start    ] GC(135) Garbage Collection (System.gc())
[83.327s][info][gc,task     ] GC(135) Using 2 workers
[83.327s][info][gc,phases   ] GC(135) Pause Mark Start 0.004ms
[83.389s][info][gc,phases   ] GC(135) Concurrent Mark 62.063ms
[83.390s][info][gc,phases   ] GC(135) Pause Mark End 0.056ms
[83.390s][info][gc,phases   ] GC(135) Concurrent Mark Free 0.001ms
[83.411s][info][gc,phases   ] GC(135) Concurrent Process Non-Strong References 20.832ms
[83.411s][info][gc,phases   ] GC(135) Concurrent Reset Relocation Set 0.005ms
[83.413s][info][gc,phases   ] GC(135) Concurrent Select Relocation Set 1.825ms
[83.413s][info][gc,phases   ] GC(135) Pause Relocate Start 0.009ms
[83.414s][info][gc,phases   ] GC(135) Concurrent Relocate 0.764ms
[83.414s][info][gc,load     ] GC(135) Load: 0.00/0.00/0.00
[83.414s][info][gc,mmu      ] GC(135) MMU: 2ms/95.2%, 5ms/98.1%, 10ms/99.0%, 20ms/99.5%, 50ms/99.8%, 100ms/99.9%
[83.414s][info][gc,marking  ] GC(135) Mark: 2 stripe(s), 2 proactive flush(es), 1 terminate flush(es), 0 completion(s), 0 continuation(s) 
[83.414s][info][gc,marking  ] GC(135) Mark Stack Usage: 32M
[83.414s][info][gc,nmethod  ] GC(135) NMethods: 21953 registered, 691 unregistered
[83.414s][info][gc,metaspace] GC(135) Metaspace: 134M used, 136M committed, 1152M reserved
[83.414s][info][gc,ref      ] GC(135) Soft: 8843 encountered, 0 discovered, 0 enqueued
[83.414s][info][gc,ref      ] GC(135) Weak: 15673 encountered, 3019 discovered, 372 enqueued
[83.414s][info][gc,ref      ] GC(135) Final: 53 encountered, 0 discovered, 0 enqueued
[83.414s][info][gc,ref      ] GC(135) Phantom: 589 encountered, 381 discovered, 0 enqueued
[83.414s][info][gc,reloc    ] GC(135) Small Pages: 234 / 468M, Empty: 324M, Relocated: 1M, In-Place: 0
[83.414s][info][gc,reloc    ] GC(135) Medium Pages: 2 / 64M, Empty: 32M, Relocated: 0M, In-Place: 0
[83.414s][info][gc,reloc    ] GC(135) Large Pages: 5 / 30M, Empty: 30M, Relocated: 0M, In-Place: 0
[83.414s][info][gc,reloc    ] GC(135) Forwarding Usage: 0M
[83.414s][info][gc,heap     ] GC(135) Min Capacity: 2048M(100%)
[83.414s][info][gc,heap     ] GC(135) Max Capacity: 2048M(100%)
[83.414s][info][gc,heap     ] GC(135) Soft Max Capacity: 2048M(100%)
[83.414s][info][gc,heap     ] GC(135)                Mark Start          Mark End        Relocate Start      Relocate End           High               Low         
[83.414s][info][gc,heap     ] GC(135)  Capacity:     2048M (100%)       2048M (100%)       2048M (100%)       2048M (100%)       2048M (100%)       2048M (100%)   
[83.414s][info][gc,heap     ] GC(135)      Free:     1486M (73%)        1484M (72%)        1860M (91%)        1928M (94%)        1928M (94%)        1482M (72%)    
[83.414s][info][gc,heap     ] GC(135)      Used:      562M (27%)         564M (28%)         188M (9%)          120M (6%)          566M (28%)         120M (6%)     
[83.414s][info][gc,heap     ] GC(135)      Live:         -                86M (4%)           86M (4%)           86M (4%)             -                  -          
[83.414s][info][gc,heap     ] GC(135) Allocated:         -                 2M (0%)           12M (1%)           15M (1%)             -                  -          
[83.414s][info][gc,heap     ] GC(135)   Garbage:         -               475M (23%)          89M (4%)           17M (1%)             -                  -          
[83.414s][info][gc,heap     ] GC(135) Reclaimed:         -                  -               386M (19%)         457M (22%)            -                  -          
[83.414s][info][gc          ] GC(135) Garbage Collection (System.gc()) 562M(27%)->120M(6%)
[83.916s][info][gc,start    ] GC(136) Garbage Collection (Allocation Rate)
[83.916s][info][gc,task     ] GC(136) Using 1 workers
[83.916s][info][gc,phases   ] GC(136) Pause Mark Start 0.008ms
[84.009s][info][gc,phases   ] GC(136) Concurrent Mark 92.493ms
[84.009s][info][gc,phases   ] GC(136) Pause Mark End 0.033ms
[84.009s][info][gc,phases   ] GC(136) Concurrent Mark Free 0.001ms
[84.079s][info][gc,phases   ] GC(136) Concurrent Process Non-Strong References 69.906ms
[84.079s][info][gc,phases   ] GC(136) Concurrent Reset Relocation Set 0.003ms
[84.082s][info][gc,phases   ] GC(136) Concurrent Select Relocation Set 2.770ms
[84.082s][info][gc,phases   ] GC(136) Pause Relocate Start 0.011ms
[84.087s][info][gc,phases   ] GC(136) Concurrent Relocate 4.452ms
[84.087s][info][gc,load     ] GC(136) Load: 0.00/0.00/0.00
[84.087s][info][gc,mmu      ] GC(136) MMU: 2ms/95.2%, 5ms/98.1%, 10ms/99.0%, 20ms/99.5%, 50ms/99.8%, 100ms/99.9%
[84.087s][info][gc,marking  ] GC(136) Mark: 1 stripe(s), 2 proactive flush(es), 1 terminate flush(es), 0 completion(s), 0 continuation(s) 
[84.087s][info][gc,marking  ] GC(136) Mark Stack Usage: 32M
[84.087s][info][gc,nmethod  ] GC(136) NMethods: 21995 registered, 691 unregistered
[84.087s][info][gc,metaspace] GC(136) Metaspace: 134M used, 136M committed, 1152M reserved
[84.087s][info][gc,ref      ] GC(136) Soft: 8845 encountered, 0 discovered, 0 enqueued
[84.087s][info][gc,ref      ] GC(136) Weak: 16190 encountered, 3931 discovered, 691 enqueued
[84.087s][info][gc,ref      ] GC(136) Final: 53 encountered, 0 discovered, 0 enqueued
[84.087s][info][gc,ref      ] GC(136) Phantom: 589 encountered, 355 discovered, 0 enqueued
[84.087s][info][gc,reloc    ] GC(136) Small Pages: 625 / 1250M, Empty: 1004M, Relocated: 3M, In-Place: 0
[84.087s][info][gc,reloc    ] GC(136) Medium Pages: 2 / 64M, Empty: 32M, Relocated: 0M, In-Place: 0
[84.087s][info][gc,reloc    ] GC(136) Large Pages: 6 / 36M, Empty: 36M, Relocated: 0M, In-Place: 0
[84.087s][info][gc,reloc    ] GC(136) Forwarding Usage: 1M
[84.087s][info][gc,heap     ] GC(136) Min Capacity: 2048M(100%)
[84.087s][info][gc,heap     ] GC(136) Max Capacity: 2048M(100%)
[84.087s][info][gc,heap     ] GC(136) Soft Max Capacity: 2048M(100%)
[84.087s][info][gc,heap     ] GC(136)                Mark Start          Mark End        Relocate Start      Relocate End           High               Low         
[84.087s][info][gc,heap     ] GC(136)  Capacity:     2048M (100%)       2048M (100%)       2048M (100%)       2048M (100%)       2048M (100%)       2048M (100%)   
[84.087s][info][gc,heap     ] GC(136)      Free:      698M (34%)         544M (27%)        1454M (71%)        1620M (79%)        1620M (79%)         392M (19%)    
[84.087s][info][gc,heap     ] GC(136)      Used:     1350M (66%)        1504M (73%)         594M (29%)         428M (21%)        1656M (81%)         428M (21%)    
[84.087s][info][gc,heap     ] GC(136)      Live:         -                87M (4%)           87M (4%)           87M (4%)             -                  -          
[84.087s][info][gc,heap     ] GC(136) Allocated:         -               154M (8%)          316M (15%)         323M (16%)            -                  -          
[84.087s][info][gc,heap     ] GC(136)   Garbage:         -              1262M (62%)         190M (9%)           16M (1%)             -                  -          
[84.087s][info][gc,heap     ] GC(136) Reclaimed:         -                  -              1072M (52%)        1245M (61%)            -                  -          
[84.087s][info][gc          ] GC(136) Garbage Collection (Allocation Rate) 1350M(66%)->428M(21%)
[84.271s][info][gc,start    ] GC(137) Garbage Collection (System.gc())
[84.271s][info][gc,task     ] GC(137) Using 2 workers
[84.271s][info][gc,phases   ] GC(137) Pause Mark Start 0.007ms
[84.333s][info][gc,phases   ] GC(137) Concurrent Mark 62.513ms
[84.334s][info][gc,phases   ] GC(137) Pause Mark End 0.042ms
[84.334s][info][gc,phases   ] GC(137) Concurrent Mark Free 0.001ms
[84.355s][info][gc,phases   ] GC(137) Concurrent Process Non-Strong References 20.870ms
[84.355s][info][gc,phases   ] GC(137) Concurrent Reset Relocation Set 0.005ms
[84.356s][info][gc,phases   ] GC(137) Concurrent Select Relocation Set 1.510ms
[84.356s][info][gc,phases   ] GC(137) Pause Relocate Start 0.008ms
[84.359s][info][gc,phases   ] GC(137) Concurrent Relocate 2.807ms
[84.359s][info][gc,load     ] GC(137) Load: 0.00/0.00/0.00
[84.359s][info][gc,mmu      ] GC(137) MMU: 2ms/95.2%, 5ms/98.1%, 10ms/99.0%, 20ms/99.5%, 50ms/99.8%, 100ms/99.9%
[84.359s][info][gc,marking  ] GC(137) Mark: 2 stripe(s), 2 proactive flush(es), 1 terminate flush(es), 0 completion(s), 0 continuation(s) 
[84.359s][info][gc,marking  ] GC(137) Mark Stack Usage: 32M
[84.359s][info][gc,nmethod  ] GC(137) NMethods: 21996 registered, 691 unregistered
[84.359s][info][gc,metaspace] GC(137) Metaspace: 134M used, 136M committed, 1152M reserved
[84.359s][info][gc,ref      ] GC(137) Soft: 8843 encountered, 0 discovered, 0 enqueued
[84.359s][info][gc,ref      ] GC(137) Weak: 15898 encountered, 2631 discovered, 600 enqueued
[84.359s][info][gc,ref      ] GC(137) Final: 53 encountered, 0 discovered, 0 enqueued
[84.359s][info][gc,ref      ] GC(137) Phantom: 589 encountered, 305 discovered, 0 enqueued
[84.359s][info][gc,reloc    ] GC(137) Small Pages: 254 / 508M, Empty: 234M, Relocated: 12M, In-Place: 0
[84.359s][info][gc,reloc    ] GC(137) Medium Pages: 2 / 64M, Empty: 32M, Relocated: 0M, In-Place: 0
[84.359s][info][gc,reloc    ] GC(137) Large Pages: 8 / 48M, Empty: 48M, Relocated: 0M, In-Place: 0
[84.359s][info][gc,reloc    ] GC(137) Forwarding Usage: 0M
[84.359s][info][gc,heap     ] GC(137) Min Capacity: 2048M(100%)
[84.359s][info][gc,heap     ] GC(137) Max Capacity: 2048M(100%)
[84.359s][info][gc,heap     ] GC(137) Soft Max Capacity: 2048M(100%)
[84.359s][info][gc,heap     ] GC(137)                Mark Start          Mark End        Relocate Start      Relocate End           High               Low         
[84.359s][info][gc,heap     ] GC(137)  Capacity:     2048M (100%)       2048M (100%)       2048M (100%)       2048M (100%)       2048M (100%)       2048M (100%)   
[84.359s][info][gc,heap     ] GC(137)      Free:     1428M (70%)        1418M (69%)        1728M (84%)        1914M (93%)        1914M (93%)        1418M (69%)    
[84.359s][info][gc,heap     ] GC(137)      Used:      620M (30%)         630M (31%)         320M (16%)         134M (7%)          630M (31%)         134M (7%)     
[84.359s][info][gc,heap     ] GC(137)      Live:         -                97M (5%)           97M (5%)           97M (5%)             -                  -          
[84.359s][info][gc,heap     ] GC(137) Allocated:         -                10M (0%)           14M (1%)           17M (1%)             -                  -          
[84.359s][info][gc,heap     ] GC(137)   Garbage:         -               522M (26%)         208M (10%)          18M (1%)             -                  -          
[84.359s][info][gc,heap     ] GC(137) Reclaimed:         -                  -               314M (15%)         503M (25%)            -                  -          
[84.359s][info][gc          ] GC(137) Garbage Collection (System.gc()) 620M(30%)->134M(7%)
[84.922s][info][gc,start    ] GC(138) Garbage Collection (Allocation Rate)
[84.922s][info][gc,task     ] GC(138) Using 1 workers
[84.923s][info][gc,phases   ] GC(138) Pause Mark Start 0.005ms
[85.022s][info][gc,phases   ] GC(138) Concurrent Mark 99.114ms
[85.022s][info][gc,phases   ] GC(138) Pause Mark End 0.032ms
[85.022s][info][gc,phases   ] GC(138) Concurrent Mark Free 0.001ms
[85.087s][info][gc,phases   ] GC(138) Concurrent Process Non-Strong References 64.881ms
[85.087s][info][gc,phases   ] GC(138) Concurrent Reset Relocation Set 0.009ms
[85.090s][info][gc,phases   ] GC(138) Concurrent Select Relocation Set 2.616ms
[85.090s][info][gc,phases   ] GC(138) Pause Relocate Start 0.010ms
[85.093s][info][gc,phases   ] GC(138) Concurrent Relocate 3.399ms
[85.093s][info][gc,load     ] GC(138) Load: 0.00/0.00/0.00
[85.093s][info][gc,mmu      ] GC(138) MMU: 2ms/95.2%, 5ms/98.1%, 10ms/99.0%, 20ms/99.5%, 50ms/99.8%, 100ms/99.9%
[85.094s][info][gc,marking  ] GC(138) Mark: 1 stripe(s), 2 proactive flush(es), 1 terminate flush(es), 0 completion(s), 0 continuation(s) 
[85.094s][info][gc,marking  ] GC(138) Mark Stack Usage: 32M
[85.094s][info][gc,nmethod  ] GC(138) NMethods: 22030 registered, 691 unregistered
[85.094s][info][gc,metaspace] GC(138) Metaspace: 134M used, 136M committed, 1152M reserved
[85.094s][info][gc,ref      ] GC(138) Soft: 8843 encountered, 0 discovered, 0 enqueued
[85.094s][info][gc,ref      ] GC(138) Weak: 16294 encountered, 4006 discovered, 941 enqueued
[85.094s][info][gc,ref      ] GC(138) Final: 53 encountered, 0 discovered, 0 enqueued
[85.094s][info][gc,ref      ] GC(138) Phantom: 589 encountered, 355 discovered, 0 enqueued
[85.094s][info][gc,reloc    ] GC(138) Small Pages: 651 / 1302M, Empty: 1076M, Relocated: 3M, In-Place: 0
[85.094s][info][gc,reloc    ] GC(138) Medium Pages: 2 / 64M, Empty: 32M, Relocated: 0M, In-Place: 0
[85.094s][info][gc,reloc    ] GC(138) Large Pages: 7 / 42M, Empty: 42M, Relocated: 0M, In-Place: 0
[85.094s][info][gc,reloc    ] GC(138) Forwarding Usage: 1M
[85.094s][info][gc,heap     ] GC(138) Min Capacity: 2048M(100%)
[85.094s][info][gc,heap     ] GC(138) Max Capacity: 2048M(100%)
[85.094s][info][gc,heap     ] GC(138) Soft Max Capacity: 2048M(100%)
[85.094s][info][gc,heap     ] GC(138)                Mark Start          Mark End        Relocate Start      Relocate End           High               Low         
[85.094s][info][gc,heap     ] GC(138)  Capacity:     2048M (100%)       2048M (100%)       2048M (100%)       2048M (100%)       2048M (100%)       2048M (100%)   
[85.094s][info][gc,heap     ] GC(138)      Free:      640M (31%)         398M (19%)        1442M (70%)        1588M (78%)        1588M (78%)         302M (15%)    
[85.094s][info][gc,heap     ] GC(138)      Used:     1408M (69%)        1650M (81%)         606M (30%)         460M (22%)        1746M (85%)         460M (22%)    
[85.094s][info][gc,heap     ] GC(138)      Live:         -                87M (4%)           87M (4%)           87M (4%)             -                  -          
[85.094s][info][gc,heap     ] GC(138) Allocated:         -               242M (12%)         348M (17%)         355M (17%)            -                  -          
[85.094s][info][gc,heap     ] GC(138)   Garbage:         -              1320M (64%)         170M (8%)           16M (1%)             -                  -          
[85.094s][info][gc,heap     ] GC(138) Reclaimed:         -                  -              1150M (56%)        1303M (64%)            -                  -          
[85.094s][info][gc          ] GC(138) Garbage Collection (Allocation Rate) 1408M(69%)->460M(22%)
[85.241s][info][gc,start    ] GC(139) Garbage Collection (System.gc())
[85.241s][info][gc,task     ] GC(139) Using 2 workers
[85.241s][info][gc,phases   ] GC(139) Pause Mark Start 0.008ms
[85.288s][info][gc,phases   ] GC(139) Concurrent Mark 46.852ms
[85.288s][info][gc,phases   ] GC(139) Pause Mark End 0.038ms
[85.288s][info][gc,phases   ] GC(139) Concurrent Mark Free 0.001ms
[85.309s][info][gc,phases   ] GC(139) Concurrent Process Non-Strong References 21.067ms
[85.309s][info][gc,phases   ] GC(139) Concurrent Reset Relocation Set 0.005ms
[85.311s][info][gc,phases   ] GC(139) Concurrent Select Relocation Set 1.441ms
[85.311s][info][gc,phases   ] GC(139) Pause Relocate Start 0.006ms
[85.312s][info][gc,phases   ] GC(139) Concurrent Relocate 0.698ms
[85.312s][info][gc,load     ] GC(139) Load: 0.00/0.00/0.00
[85.312s][info][gc,mmu      ] GC(139) MMU: 2ms/95.2%, 5ms/98.1%, 10ms/99.0%, 20ms/99.5%, 50ms/99.8%, 100ms/99.9%
[85.312s][info][gc,marking  ] GC(139) Mark: 2 stripe(s), 2 proactive flush(es), 1 terminate flush(es), 0 completion(s), 0 continuation(s) 
[85.312s][info][gc,marking  ] GC(139) Mark Stack Usage: 32M
[85.312s][info][gc,nmethod  ] GC(139) NMethods: 22031 registered, 691 unregistered
[85.312s][info][gc,metaspace] GC(139) Metaspace: 134M used, 136M committed, 1152M reserved
[85.312s][info][gc,ref      ] GC(139) Soft: 8843 encountered, 0 discovered, 0 enqueued
[85.312s][info][gc,ref      ] GC(139) Weak: 15689 encountered, 3362 discovered, 379 enqueued
[85.312s][info][gc,ref      ] GC(139) Final: 53 encountered, 0 discovered, 0 enqueued
[85.312s][info][gc,ref      ] GC(139) Phantom: 589 encountered, 320 discovered, 0 enqueued
[85.312s][info][gc,reloc    ] GC(139) Small Pages: 238 / 476M, Empty: 308M, Relocated: 1M, In-Place: 0
[85.312s][info][gc,reloc    ] GC(139) Medium Pages: 2 / 64M, Empty: 32M, Relocated: 0M, In-Place: 0
[85.312s][info][gc,reloc    ] GC(139) Large Pages: 7 / 42M, Empty: 42M, Relocated: 0M, In-Place: 0
[85.312s][info][gc,reloc    ] GC(139) Forwarding Usage: 0M
[85.312s][info][gc,heap     ] GC(139) Min Capacity: 2048M(100%)
[85.312s][info][gc,heap     ] GC(139) Max Capacity: 2048M(100%)
[85.312s][info][gc,heap     ] GC(139) Soft Max Capacity: 2048M(100%)
[85.312s][info][gc,heap     ] GC(139)                Mark Start          Mark End        Relocate Start      Relocate End           High               Low         
[85.312s][info][gc,heap     ] GC(139)  Capacity:     2048M (100%)       2048M (100%)       2048M (100%)       2048M (100%)       2048M (100%)       2048M (100%)   
[85.312s][info][gc,heap     ] GC(139)      Free:     1466M (72%)        1458M (71%)        1834M (90%)        1928M (94%)        1928M (94%)        1456M (71%)    
[85.312s][info][gc,heap     ] GC(139)      Used:      582M (28%)         590M (29%)         214M (10%)         120M (6%)          592M (29%)         120M (6%)     
[85.312s][info][gc,heap     ] GC(139)      Live:         -                86M (4%)           86M (4%)           86M (4%)             -                  -          
[85.312s][info][gc,heap     ] GC(139) Allocated:         -                 8M (0%)           14M (1%)           13M (1%)             -                  -          
[85.312s][info][gc,heap     ] GC(139)   Garbage:         -               495M (24%)         113M (6%)           19M (1%)             -                  -          
[85.312s][info][gc,heap     ] GC(139) Reclaimed:         -                  -               382M (19%)         475M (23%)            -                  -          
[85.312s][info][gc          ] GC(139) Garbage Collection (System.gc()) 582M(28%)->120M(6%)
[85.915s][info][gc,start    ] GC(140) Garbage Collection (Allocation Rate)
[85.915s][info][gc,task     ] GC(140) Using 1 workers
[85.915s][info][gc,phases   ] GC(140) Pause Mark Start 0.012ms
[86.020s][info][gc,phases   ] GC(140) Concurrent Mark 104.446ms
[86.020s][info][gc,phases   ] GC(140) Pause Mark End 0.021ms
[86.020s][info][gc,phases   ] GC(140) Concurrent Mark Free 0.001ms
[86.089s][info][gc,phases   ] GC(140) Concurrent Process Non-Strong References 68.902ms
[86.089s][info][gc,phases   ] GC(140) Concurrent Reset Relocation Set 0.003ms
[86.091s][info][gc,phases   ] GC(140) Concurrent Select Relocation Set 2.371ms
[86.091s][info][gc,phases   ] GC(140) Pause Relocate Start 0.010ms
[86.095s][info][gc,phases   ] GC(140) Concurrent Relocate 3.165ms
[86.095s][info][gc,load     ] GC(140) Load: 0.00/0.00/0.00
[86.095s][info][gc,mmu      ] GC(140) MMU: 2ms/95.2%, 5ms/98.1%, 10ms/99.0%, 20ms/99.5%, 50ms/99.8%, 100ms/99.9%
[86.095s][info][gc,marking  ] GC(140) Mark: 1 stripe(s), 2 proactive flush(es), 1 terminate flush(es), 0 completion(s), 0 continuation(s) 
[86.095s][info][gc,marking  ] GC(140) Mark Stack Usage: 32M
[86.095s][info][gc,nmethod  ] GC(140) NMethods: 22064 registered, 691 unregistered
[86.095s][info][gc,metaspace] GC(140) Metaspace: 134M used, 136M committed, 1152M reserved
[86.095s][info][gc,ref      ] GC(140) Soft: 8843 encountered, 0 discovered, 0 enqueued
[86.095s][info][gc,ref      ] GC(140) Weak: 16357 encountered, 4014 discovered, 933 enqueued
[86.095s][info][gc,ref      ] GC(140) Final: 53 encountered, 0 discovered, 0 enqueued
[86.095s][info][gc,ref      ] GC(140) Phantom: 589 encountered, 355 discovered, 0 enqueued
[86.095s][info][gc,reloc    ] GC(140) Small Pages: 651 / 1302M, Empty: 1060M, Relocated: 2M, In-Place: 0
[86.095s][info][gc,reloc    ] GC(140) Medium Pages: 2 / 64M, Empty: 32M, Relocated: 0M, In-Place: 0
[86.095s][info][gc,reloc    ] GC(140) Large Pages: 10 / 60M, Empty: 54M, Relocated: 0M, In-Place: 0
[86.095s][info][gc,reloc    ] GC(140) Forwarding Usage: 0M
[86.095s][info][gc,heap     ] GC(140) Min Capacity: 2048M(100%)
[86.095s][info][gc,heap     ] GC(140) Max Capacity: 2048M(100%)
[86.095s][info][gc,heap     ] GC(140) Soft Max Capacity: 2048M(100%)
[86.095s][info][gc,heap     ] GC(140)                Mark Start          Mark End        Relocate Start      Relocate End           High               Low         
[86.095s][info][gc,heap     ] GC(140)  Capacity:     2048M (100%)       2048M (100%)       2048M (100%)       2048M (100%)       2048M (100%)       2048M (100%)   
[86.095s][info][gc,heap     ] GC(140)      Free:      622M (30%)         360M (18%)        1414M (69%)        1576M (77%)        1576M (77%)         274M (13%)    
[86.095s][info][gc,heap     ] GC(140)      Used:     1426M (70%)        1688M (82%)         634M (31%)         472M (23%)        1774M (87%)         472M (23%)    
[86.095s][info][gc,heap     ] GC(140)      Live:         -                94M (5%)           94M (5%)           94M (5%)             -                  -          
[86.095s][info][gc,heap     ] GC(140) Allocated:         -               262M (13%)         354M (17%)         359M (18%)            -                  -          
[86.095s][info][gc,heap     ] GC(140)   Garbage:         -              1331M (65%)         185M (9%)           18M (1%)             -                  -          
[86.095s][info][gc,heap     ] GC(140) Reclaimed:         -                  -              1146M (56%)        1313M (64%)            -                  -          
[86.095s][info][gc          ] GC(140) Garbage Collection (Allocation Rate) 1426M(70%)->472M(23%)
[86.209s][info][gc,start    ] GC(141) Garbage Collection (System.gc())
[86.209s][info][gc,task     ] GC(141) Using 2 workers
[86.209s][info][gc,phases   ] GC(141) Pause Mark Start 0.005ms
[86.256s][info][gc,phases   ] GC(141) Concurrent Mark 46.998ms
[86.257s][info][gc,phases   ] GC(141) Pause Mark End 0.022ms
[86.257s][info][gc,phases   ] GC(141) Concurrent Mark Free 0.001ms
[86.279s][info][gc,phases   ] GC(141) Concurrent Process Non-Strong References 21.791ms
[86.279s][info][gc,phases   ] GC(141) Concurrent Reset Relocation Set 0.006ms
[86.281s][info][gc,phases   ] GC(141) Concurrent Select Relocation Set 2.107ms
[86.281s][info][gc,phases   ] GC(141) Pause Relocate Start 0.009ms
[86.283s][info][gc,phases   ] GC(141) Concurrent Relocate 1.867ms
[86.283s][info][gc,load     ] GC(141) Load: 0.00/0.00/0.00
[86.283s][info][gc,mmu      ] GC(141) MMU: 2ms/95.2%, 5ms/98.1%, 10ms/99.0%, 20ms/99.5%, 50ms/99.8%, 100ms/99.9%
[86.283s][info][gc,marking  ] GC(141) Mark: 2 stripe(s), 2 proactive flush(es), 1 terminate flush(es), 0 completion(s), 0 continuation(s) 
[86.283s][info][gc,marking  ] GC(141) Mark Stack Usage: 32M
[86.283s][info][gc,nmethod  ] GC(141) NMethods: 22067 registered, 691 unregistered
[86.283s][info][gc,metaspace] GC(141) Metaspace: 134M used, 136M committed, 1152M reserved
[86.283s][info][gc,ref      ] GC(141) Soft: 8843 encountered, 0 discovered, 0 enqueued
[86.283s][info][gc,ref      ] GC(141) Weak: 15653 encountered, 2778 discovered, 360 enqueued
[86.283s][info][gc,ref      ] GC(141) Final: 53 encountered, 0 discovered, 0 enqueued
[86.283s][info][gc,ref      ] GC(141) Phantom: 589 encountered, 320 discovered, 0 enqueued
[86.283s][info][gc,reloc    ] GC(141) Small Pages: 234 / 468M, Empty: 274M, Relocated: 6M, In-Place: 0
[86.283s][info][gc,reloc    ] GC(141) Medium Pages: 2 / 64M, Empty: 32M, Relocated: 0M, In-Place: 0
[86.283s][info][gc,reloc    ] GC(141) Large Pages: 5 / 30M, Empty: 30M, Relocated: 0M, In-Place: 0
[86.283s][info][gc,reloc    ] GC(141) Forwarding Usage: 0M
[86.283s][info][gc,heap     ] GC(141) Min Capacity: 2048M(100%)
[86.283s][info][gc,heap     ] GC(141) Max Capacity: 2048M(100%)
[86.283s][info][gc,heap     ] GC(141) Soft Max Capacity: 2048M(100%)
[86.283s][info][gc,heap     ] GC(141)                Mark Start          Mark End        Relocate Start      Relocate End           High               Low         
[86.283s][info][gc,heap     ] GC(141)  Capacity:     2048M (100%)       2048M (100%)       2048M (100%)       2048M (100%)       2048M (100%)       2048M (100%)   
[86.283s][info][gc,heap     ] GC(141)      Free:     1486M (73%)        1474M (72%)        1808M (88%)        1920M (94%)        1920M (94%)        1474M (72%)    
[86.283s][info][gc,heap     ] GC(141)      Used:      562M (27%)         574M (28%)         240M (12%)         128M (6%)          574M (28%)         128M (6%)     
[86.283s][info][gc,heap     ] GC(141)      Live:         -                92M (4%)           92M (4%)           92M (4%)             -                  -          
[86.283s][info][gc,heap     ] GC(141) Allocated:         -                12M (1%)           14M (1%)           17M (1%)             -                  -          
[86.283s][info][gc,heap     ] GC(141)   Garbage:         -               469M (23%)         133M (7%)           18M (1%)             -                  -          
[86.283s][info][gc,heap     ] GC(141) Reclaimed:         -                  -               336M (16%)         451M (22%)            -                  -          
[86.283s][info][gc          ] GC(141) Garbage Collection (System.gc()) 562M(27%)->128M(6%)
[86.821s][info][gc,start    ] GC(142) Garbage Collection (Allocation Rate)
[86.821s][info][gc,task     ] GC(142) Using 1 workers
[86.822s][info][gc,phases   ] GC(142) Pause Mark Start 0.008ms
[86.920s][info][gc,phases   ] GC(142) Concurrent Mark 98.344ms
[86.920s][info][gc,phases   ] GC(142) Pause Mark End 0.014ms
[86.920s][info][gc,phases   ] GC(142) Concurrent Mark Free 0.001ms
[86.982s][info][gc,phases   ] GC(142) Concurrent Process Non-Strong References 61.808ms
[86.982s][info][gc,phases   ] GC(142) Concurrent Reset Relocation Set 0.005ms
[86.984s][info][gc,phases   ] GC(142) Concurrent Select Relocation Set 2.122ms
[86.984s][info][gc,phases   ] GC(142) Pause Relocate Start 0.009ms
[86.987s][info][gc,phases   ] GC(142) Concurrent Relocate 2.815ms
[86.987s][info][gc,load     ] GC(142) Load: 0.00/0.00/0.00
[86.987s][info][gc,mmu      ] GC(142) MMU: 2ms/95.2%, 5ms/98.1%, 10ms/99.0%, 20ms/99.5%, 50ms/99.8%, 100ms/99.9%
[86.987s][info][gc,marking  ] GC(142) Mark: 1 stripe(s), 2 proactive flush(es), 1 terminate flush(es), 0 completion(s), 0 continuation(s) 
[86.987s][info][gc,marking  ] GC(142) Mark Stack Usage: 32M
[86.987s][info][gc,nmethod  ] GC(142) NMethods: 22132 registered, 691 unregistered
[86.987s][info][gc,metaspace] GC(142) Metaspace: 134M used, 136M committed, 1152M reserved
[86.987s][info][gc,ref      ] GC(142) Soft: 8846 encountered, 0 discovered, 0 enqueued
[86.987s][info][gc,ref      ] GC(142) Weak: 16283 encountered, 3944 discovered, 717 enqueued
[86.987s][info][gc,ref      ] GC(142) Final: 53 encountered, 0 discovered, 0 enqueued
[86.987s][info][gc,ref      ] GC(142) Phantom: 589 encountered, 355 discovered, 0 enqueued
[86.987s][info][gc,reloc    ] GC(142) Small Pages: 639 / 1278M, Empty: 1042M, Relocated: 3M, In-Place: 0
[86.987s][info][gc,reloc    ] GC(142) Medium Pages: 2 / 64M, Empty: 32M, Relocated: 0M, In-Place: 0
[86.987s][info][gc,reloc    ] GC(142) Large Pages: 7 / 42M, Empty: 42M, Relocated: 0M, In-Place: 0
[86.987s][info][gc,reloc    ] GC(142) Forwarding Usage: 0M
[86.987s][info][gc,heap     ] GC(142) Min Capacity: 2048M(100%)
[86.988s][info][gc,heap     ] GC(142) Max Capacity: 2048M(100%)
[86.988s][info][gc,heap     ] GC(142) Soft Max Capacity: 2048M(100%)
[86.988s][info][gc,heap     ] GC(142)                Mark Start          Mark End        Relocate Start      Relocate End           High               Low         
[86.988s][info][gc,heap     ] GC(142)  Capacity:     2048M (100%)       2048M (100%)       2048M (100%)       2048M (100%)       2048M (100%)       2048M (100%)   
[86.988s][info][gc,heap     ] GC(142)      Free:      664M (32%)         448M (22%)        1440M (70%)        1598M (78%)        1598M (78%)         336M (16%)    
[86.988s][info][gc,heap     ] GC(142)      Used:     1384M (68%)        1600M (78%)         608M (30%)         450M (22%)        1712M (84%)         450M (22%)    
[86.988s][info][gc,heap     ] GC(142)      Live:         -                88M (4%)           88M (4%)           88M (4%)             -                  -          
[86.988s][info][gc,heap     ] GC(142) Allocated:         -               216M (11%)         340M (17%)         343M (17%)            -                  -          
[86.988s][info][gc,heap     ] GC(142)   Garbage:         -              1295M (63%)         179M (9%)           17M (1%)             -                  -          
[86.988s][info][gc,heap     ] GC(142) Reclaimed:         -                  -              1116M (54%)        1277M (62%)            -                  -          
[86.988s][info][gc          ] GC(142) Garbage Collection (Allocation Rate) 1384M(68%)->450M(22%)
[87.155s][info][gc,start    ] GC(143) Garbage Collection (System.gc())
[87.155s][info][gc,task     ] GC(143) Using 2 workers
[87.155s][info][gc,phases   ] GC(143) Pause Mark Start 0.005ms
[87.217s][info][gc,phases   ] GC(143) Concurrent Mark 62.272ms
[87.217s][info][gc,phases   ] GC(143) Pause Mark End 0.026ms
[87.218s][info][gc,phases   ] GC(143) Concurrent Mark Free 0.002ms
[87.239s][info][gc,phases   ] GC(143) Concurrent Process Non-Strong References 21.739ms
[87.239s][info][gc,phases   ] GC(143) Concurrent Reset Relocation Set 0.008ms
[87.241s][info][gc,phases   ] GC(143) Concurrent Select Relocation Set 1.747ms
[87.241s][info][gc,phases   ] GC(143) Pause Relocate Start 0.008ms
[87.243s][info][gc,phases   ] GC(143) Concurrent Relocate 1.979ms
[87.243s][info][gc,load     ] GC(143) Load: 0.00/0.00/0.00
[87.243s][info][gc,mmu      ] GC(143) MMU: 2ms/95.2%, 5ms/98.1%, 10ms/99.0%, 20ms/99.5%, 50ms/99.8%, 100ms/99.9%
[87.243s][info][gc,marking  ] GC(143) Mark: 2 stripe(s), 2 proactive flush(es), 1 terminate flush(es), 0 completion(s), 0 continuation(s) 
[87.243s][info][gc,marking  ] GC(143) Mark Stack Usage: 32M
[87.243s][info][gc,nmethod  ] GC(143) NMethods: 22136 registered, 691 unregistered
[87.243s][info][gc,metaspace] GC(143) Metaspace: 134M used, 136M committed, 1152M reserved
[87.243s][info][gc,ref      ] GC(143) Soft: 8843 encountered, 0 discovered, 0 enqueued
[87.243s][info][gc,ref      ] GC(143) Weak: 15910 encountered, 3576 discovered, 597 enqueued
[87.243s][info][gc,ref      ] GC(143) Final: 53 encountered, 0 discovered, 0 enqueued
[87.243s][info][gc,ref      ] GC(143) Phantom: 589 encountered, 314 discovered, 0 enqueued
[87.243s][info][gc,reloc    ] GC(143) Small Pages: 245 / 490M, Empty: 266M, Relocated: 6M, In-Place: 0
[87.243s][info][gc,reloc    ] GC(143) Medium Pages: 2 / 64M, Empty: 32M, Relocated: 0M, In-Place: 0
[87.243s][info][gc,reloc    ] GC(143) Large Pages: 7 / 42M, Empty: 42M, Relocated: 0M, In-Place: 0
[87.243s][info][gc,reloc    ] GC(143) Forwarding Usage: 0M
[87.243s][info][gc,heap     ] GC(143) Min Capacity: 2048M(100%)
[87.243s][info][gc,heap     ] GC(143) Max Capacity: 2048M(100%)
[87.243s][info][gc,heap     ] GC(143) Soft Max Capacity: 2048M(100%)
[87.243s][info][gc,heap     ] GC(143)                Mark Start          Mark End        Relocate Start      Relocate End           High               Low         
[87.244s][info][gc,heap     ] GC(143)  Capacity:     2048M (100%)       2048M (100%)       2048M (100%)       2048M (100%)       2048M (100%)       2048M (100%)   
[87.244s][info][gc,heap     ] GC(143)      Free:     1452M (71%)        1448M (71%)        1778M (87%)        1918M (94%)        1918M (94%)        1448M (71%)    
[87.244s][info][gc,heap     ] GC(143)      Used:      596M (29%)         600M (29%)         270M (13%)         130M (6%)          600M (29%)         130M (6%)     
[87.244s][info][gc,heap     ] GC(143)      Live:         -                92M (5%)           92M (5%)           92M (5%)             -                  -          
[87.244s][info][gc,heap     ] GC(143) Allocated:         -                 4M (0%)           14M (1%)           19M (1%)             -                  -          
[87.244s][info][gc,heap     ] GC(143)   Garbage:         -               503M (25%)         163M (8%)           18M (1%)             -                  -          
[87.244s][info][gc,heap     ] GC(143) Reclaimed:         -                  -               340M (17%)         485M (24%)            -                  -          
[87.244s][info][gc          ] GC(143) Garbage Collection (System.gc()) 596M(29%)->130M(6%)
[87.814s][info][gc,start    ] GC(144) Garbage Collection (Allocation Rate)
[87.814s][info][gc,task     ] GC(144) Using 1 workers
[87.814s][info][gc,phases   ] GC(144) Pause Mark Start 0.007ms
[87.917s][info][gc,phases   ] GC(144) Concurrent Mark 103.288ms
[87.918s][info][gc,phases   ] GC(144) Pause Mark End 0.021ms
[87.918s][info][gc,phases   ] GC(144) Concurrent Mark Free 0.001ms
[87.981s][info][gc,phases   ] GC(144) Concurrent Process Non-Strong References 63.243ms
[87.981s][info][gc,phases   ] GC(144) Concurrent Reset Relocation Set 0.004ms
[87.983s][info][gc,phases   ] GC(144) Concurrent Select Relocation Set 2.272ms
[87.983s][info][gc,phases   ] GC(144) Pause Relocate Start 0.010ms
[87.988s][info][gc,phases   ] GC(144) Concurrent Relocate 3.086ms
[87.988s][info][gc,load     ] GC(144) Load: 0.00/0.00/0.00
[87.988s][info][gc,mmu      ] GC(144) MMU: 2ms/95.2%, 5ms/98.1%, 10ms/99.0%, 20ms/99.5%, 50ms/99.8%, 100ms/99.9%
[87.988s][info][gc,marking  ] GC(144) Mark: 1 stripe(s), 2 proactive flush(es), 1 terminate flush(es), 0 completion(s), 0 continuation(s) 
[87.988s][info][gc,marking  ] GC(144) Mark Stack Usage: 32M
[87.988s][info][gc,nmethod  ] GC(144) NMethods: 22165 registered, 693 unregistered
[87.988s][info][gc,metaspace] GC(144) Metaspace: 134M used, 136M committed, 1152M reserved
[87.988s][info][gc,ref      ] GC(144) Soft: 8843 encountered, 0 discovered, 0 enqueued
[87.988s][info][gc,ref      ] GC(144) Weak: 16365 encountered, 4012 discovered, 936 enqueued
[87.988s][info][gc,ref      ] GC(144) Final: 53 encountered, 0 discovered, 0 enqueued
[87.988s][info][gc,ref      ] GC(144) Phantom: 589 encountered, 355 discovered, 0 enqueued
[87.988s][info][gc,reloc    ] GC(144) Small Pages: 652 / 1304M, Empty: 1066M, Relocated: 2M, In-Place: 0
[87.988s][info][gc,reloc    ] GC(144) Medium Pages: 2 / 64M, Empty: 32M, Relocated: 0M, In-Place: 0
[87.988s][info][gc,reloc    ] GC(144) Large Pages: 9 / 54M, Empty: 54M, Relocated: 0M, In-Place: 0
[87.988s][info][gc,reloc    ] GC(144) Forwarding Usage: 0M
[87.988s][info][gc,heap     ] GC(144) Min Capacity: 2048M(100%)
[87.988s][info][gc,heap     ] GC(144) Max Capacity: 2048M(100%)
[87.988s][info][gc,heap     ] GC(144) Soft Max Capacity: 2048M(100%)
[87.988s][info][gc,heap     ] GC(144)                Mark Start          Mark End        Relocate Start      Relocate End           High               Low         
[87.988s][info][gc,heap     ] GC(144)  Capacity:     2048M (100%)       2048M (100%)       2048M (100%)       2048M (100%)       2048M (100%)       2048M (100%)   
[87.988s][info][gc,heap     ] GC(144)      Free:      626M (31%)         374M (18%)        1424M (70%)        1580M (77%)        1580M (77%)         278M (14%)    
[87.988s][info][gc,heap     ] GC(144)      Used:     1422M (69%)        1674M (82%)         624M (30%)         468M (23%)        1770M (86%)         468M (23%)    
[87.988s][info][gc,heap     ] GC(144)      Live:         -                87M (4%)           87M (4%)           87M (4%)             -                  -          
[87.988s][info][gc,heap     ] GC(144) Allocated:         -               252M (12%)         354M (17%)         361M (18%)            -                  -          
[87.988s][info][gc,heap     ] GC(144)   Garbage:         -              1334M (65%)         182M (9%)           18M (1%)             -                  -          
[87.988s][info][gc,heap     ] GC(144) Reclaimed:         -                  -              1152M (56%)        1315M (64%)            -                  -          
[87.988s][info][gc          ] GC(144) Garbage Collection (Allocation Rate) 1422M(69%)->468M(23%)
[88.118s][info][gc,start    ] GC(145) Garbage Collection (System.gc())
[88.118s][info][gc,task     ] GC(145) Using 2 workers
[88.118s][info][gc,phases   ] GC(145) Pause Mark Start 0.006ms
[88.180s][info][gc,phases   ] GC(145) Concurrent Mark 61.599ms
[88.180s][info][gc,phases   ] GC(145) Pause Mark End 0.032ms
[88.180s][info][gc,phases   ] GC(145) Concurrent Mark Free 0.001ms
[88.201s][info][gc,phases   ] GC(145) Concurrent Process Non-Strong References 20.502ms
[88.201s][info][gc,phases   ] GC(145) Concurrent Reset Relocation Set 0.005ms
[88.203s][info][gc,phases   ] GC(145) Concurrent Select Relocation Set 2.159ms
[88.203s][info][gc,phases   ] GC(145) Pause Relocate Start 0.007ms
[88.207s][info][gc,phases   ] GC(145) Concurrent Relocate 3.976ms
[88.207s][info][gc,load     ] GC(145) Load: 0.00/0.00/0.00
[88.207s][info][gc,mmu      ] GC(145) MMU: 2ms/95.2%, 5ms/98.1%, 10ms/99.0%, 20ms/99.5%, 50ms/99.8%, 100ms/99.9%
[88.207s][info][gc,marking  ] GC(145) Mark: 2 stripe(s), 2 proactive flush(es), 1 terminate flush(es), 0 completion(s), 0 continuation(s) 
[88.207s][info][gc,marking  ] GC(145) Mark Stack Usage: 32M
[88.207s][info][gc,nmethod  ] GC(145) NMethods: 22170 registered, 693 unregistered
[88.207s][info][gc,metaspace] GC(145) Metaspace: 134M used, 136M committed, 1152M reserved
[88.207s][info][gc,ref      ] GC(145) Soft: 8843 encountered, 0 discovered, 0 enqueued
[88.207s][info][gc,ref      ] GC(145) Weak: 15659 encountered, 3314 discovered, 361 enqueued
[88.207s][info][gc,ref      ] GC(145) Final: 53 encountered, 0 discovered, 0 enqueued
[88.207s][info][gc,ref      ] GC(145) Phantom: 589 encountered, 399 discovered, 0 enqueued
[88.207s][info][gc,reloc    ] GC(145) Small Pages: 235 / 470M, Empty: 216M, Relocated: 13M, In-Place: 0
[88.207s][info][gc,reloc    ] GC(145) Medium Pages: 2 / 64M, Empty: 32M, Relocated: 0M, In-Place: 0
[88.207s][info][gc,reloc    ] GC(145) Large Pages: 5 / 30M, Empty: 30M, Relocated: 0M, In-Place: 0
[88.207s][info][gc,reloc    ] GC(145) Forwarding Usage: 1M
[88.207s][info][gc,heap     ] GC(145) Min Capacity: 2048M(100%)
[88.207s][info][gc,heap     ] GC(145) Max Capacity: 2048M(100%)
[88.207s][info][gc,heap     ] GC(145) Soft Max Capacity: 2048M(100%)
[88.207s][info][gc,heap     ] GC(145)                Mark Start          Mark End        Relocate Start      Relocate End           High               Low         
[88.207s][info][gc,heap     ] GC(145)  Capacity:     2048M (100%)       2048M (100%)       2048M (100%)       2048M (100%)       2048M (100%)       2048M (100%)   
[88.207s][info][gc,heap     ] GC(145)      Free:     1484M (72%)        1476M (72%)        1750M (85%)        1912M (93%)        1912M (93%)        1476M (72%)    
[88.207s][info][gc,heap     ] GC(145)      Used:      564M (28%)         572M (28%)         298M (15%)         136M (7%)          572M (28%)         136M (7%)     
[88.207s][info][gc,heap     ] GC(145)      Live:         -                97M (5%)           97M (5%)           97M (5%)             -                  -          
[88.207s][info][gc,heap     ] GC(145) Allocated:         -                 8M (0%)           12M (1%)           19M (1%)             -                  -          
[88.207s][info][gc,heap     ] GC(145)   Garbage:         -               466M (23%)         188M (9%)           18M (1%)             -                  -          
[88.207s][info][gc,heap     ] GC(145) Reclaimed:         -                  -               278M (14%)         447M (22%)            -                  -          
[88.207s][info][gc          ] GC(145) Garbage Collection (System.gc()) 564M(28%)->136M(7%)
[88.721s][info][gc,start    ] GC(146) Garbage Collection (Allocation Rate)
[88.721s][info][gc,task     ] GC(146) Using 1 workers
[88.721s][info][gc,phases   ] GC(146) Pause Mark Start 0.005ms
[88.818s][info][gc,phases   ] GC(146) Concurrent Mark 96.459ms
[88.818s][info][gc,phases   ] GC(146) Pause Mark End 0.028ms
[88.818s][info][gc,phases   ] GC(146) Concurrent Mark Free 0.001ms
[88.882s][info][gc,phases   ] GC(146) Concurrent Process Non-Strong References 63.647ms
[88.882s][info][gc,phases   ] GC(146) Concurrent Reset Relocation Set 0.005ms
[88.884s][info][gc,phases   ] GC(146) Concurrent Select Relocation Set 1.939ms
[88.884s][info][gc,phases   ] GC(146) Pause Relocate Start 0.010ms
[88.887s][info][gc,phases   ] GC(146) Concurrent Relocate 2.952ms
[88.887s][info][gc,load     ] GC(146) Load: 0.00/0.00/0.00
[88.887s][info][gc,mmu      ] GC(146) MMU: 2ms/95.2%, 5ms/98.1%, 10ms/99.0%, 20ms/99.5%, 50ms/99.8%, 100ms/99.9%
[88.887s][info][gc,marking  ] GC(146) Mark: 1 stripe(s), 2 proactive flush(es), 1 terminate flush(es), 0 completion(s), 0 continuation(s) 
[88.887s][info][gc,marking  ] GC(146) Mark Stack Usage: 32M
[88.887s][info][gc,nmethod  ] GC(146) NMethods: 22196 registered, 693 unregistered
[88.887s][info][gc,metaspace] GC(146) Metaspace: 134M used, 136M committed, 1152M reserved
[88.887s][info][gc,ref      ] GC(146) Soft: 8846 encountered, 0 discovered, 0 enqueued
[88.887s][info][gc,ref      ] GC(146) Weak: 16294 encountered, 3918 discovered, 717 enqueued
[88.887s][info][gc,ref      ] GC(146) Final: 53 encountered, 0 discovered, 0 enqueued
[88.887s][info][gc,ref      ] GC(146) Phantom: 589 encountered, 303 discovered, 0 enqueued
[88.887s][info][gc,reloc    ] GC(146) Small Pages: 634 / 1268M, Empty: 1034M, Relocated: 2M, In-Place: 0
[88.887s][info][gc,reloc    ] GC(146) Medium Pages: 2 / 64M, Empty: 32M, Relocated: 0M, In-Place: 0
[88.887s][info][gc,reloc    ] GC(146) Large Pages: 7 / 42M, Empty: 42M, Relocated: 0M, In-Place: 0
[88.887s][info][gc,reloc    ] GC(146) Forwarding Usage: 0M
[88.887s][info][gc,heap     ] GC(146) Min Capacity: 2048M(100%)
[88.887s][info][gc,heap     ] GC(146) Max Capacity: 2048M(100%)
[88.887s][info][gc,heap     ] GC(146) Soft Max Capacity: 2048M(100%)
[88.887s][info][gc,heap     ] GC(146)                Mark Start          Mark End        Relocate Start      Relocate End           High               Low         
[88.887s][info][gc,heap     ] GC(146)  Capacity:     2048M (100%)       2048M (100%)       2048M (100%)       2048M (100%)       2048M (100%)       2048M (100%)   
[88.887s][info][gc,heap     ] GC(146)      Free:      674M (33%)         488M (24%)        1458M (71%)        1610M (79%)        1610M (79%)         358M (17%)    
[88.887s][info][gc,heap     ] GC(146)      Used:     1374M (67%)        1560M (76%)         590M (29%)         438M (21%)        1690M (83%)         438M (21%)    
[88.887s][info][gc,heap     ] GC(146)      Live:         -                88M (4%)           88M (4%)           88M (4%)             -                  -          
[88.887s][info][gc,heap     ] GC(146) Allocated:         -               186M (9%)          324M (16%)         331M (16%)            -                  -          
[88.887s][info][gc,heap     ] GC(146)   Garbage:         -              1285M (63%)         177M (9%)           17M (1%)             -                  -          
[88.887s][info][gc,heap     ] GC(146) Reclaimed:         -                  -              1108M (54%)        1267M (62%)            -                  -          
[88.887s][info][gc          ] GC(146) Garbage Collection (Allocation Rate) 1374M(67%)->438M(21%)
[89.065s][info][gc,start    ] GC(147) Garbage Collection (System.gc())
[89.065s][info][gc,task     ] GC(147) Using 2 workers
[89.066s][info][gc,phases   ] GC(147) Pause Mark Start 0.006ms
[89.112s][info][gc,phases   ] GC(147) Concurrent Mark 46.300ms
[89.112s][info][gc,phases   ] GC(147) Pause Mark End 0.019ms
[89.112s][info][gc,phases   ] GC(147) Concurrent Mark Free 0.001ms
[89.133s][info][gc,phases   ] GC(147) Concurrent Process Non-Strong References 20.691ms
[89.133s][info][gc,phases   ] GC(147) Concurrent Reset Relocation Set 0.005ms
[89.135s][info][gc,phases   ] GC(147) Concurrent Select Relocation Set 1.702ms
[89.135s][info][gc,phases   ] GC(147) Pause Relocate Start 0.007ms
[89.136s][info][gc,phases   ] GC(147) Concurrent Relocate 0.918ms
[89.136s][info][gc,load     ] GC(147) Load: 0.00/0.00/0.00
[89.136s][info][gc,mmu      ] GC(147) MMU: 2ms/95.2%, 5ms/98.1%, 10ms/99.0%, 20ms/99.5%, 50ms/99.8%, 100ms/99.9%
[89.136s][info][gc,marking  ] GC(147) Mark: 2 stripe(s), 2 proactive flush(es), 1 terminate flush(es), 0 completion(s), 0 continuation(s) 
[89.136s][info][gc,marking  ] GC(147) Mark Stack Usage: 32M
[89.136s][info][gc,nmethod  ] GC(147) NMethods: 22199 registered, 693 unregistered
[89.136s][info][gc,metaspace] GC(147) Metaspace: 134M used, 136M committed, 1152M reserved
[89.136s][info][gc,ref      ] GC(147) Soft: 8843 encountered, 0 discovered, 0 enqueued
[89.136s][info][gc,ref      ] GC(147) Weak: 15915 encountered, 4296 discovered, 597 enqueued
[89.136s][info][gc,ref      ] GC(147) Final: 53 encountered, 0 discovered, 0 enqueued
[89.136s][info][gc,ref      ] GC(147) Phantom: 589 encountered, 321 discovered, 0 enqueued
[89.136s][info][gc,reloc    ] GC(147) Small Pages: 252 / 504M, Empty: 342M, Relocated: 1M, In-Place: 0
[89.136s][info][gc,reloc    ] GC(147) Medium Pages: 2 / 64M, Empty: 32M, Relocated: 0M, In-Place: 0
[89.136s][info][gc,reloc    ] GC(147) Large Pages: 7 / 42M, Empty: 42M, Relocated: 0M, In-Place: 0
[89.136s][info][gc,reloc    ] GC(147) Forwarding Usage: 0M
[89.136s][info][gc,heap     ] GC(147) Min Capacity: 2048M(100%)
[89.136s][info][gc,heap     ] GC(147) Max Capacity: 2048M(100%)
[89.136s][info][gc,heap     ] GC(147) Soft Max Capacity: 2048M(100%)
[89.136s][info][gc,heap     ] GC(147)                Mark Start          Mark End        Relocate Start      Relocate End           High               Low         
[89.136s][info][gc,heap     ] GC(147)  Capacity:     2048M (100%)       2048M (100%)       2048M (100%)       2048M (100%)       2048M (100%)       2048M (100%)   
[89.136s][info][gc,heap     ] GC(147)      Free:     1438M (70%)        1430M (70%)        1840M (90%)        1926M (94%)        1926M (94%)        1430M (70%)    
[89.136s][info][gc,heap     ] GC(147)      Used:      610M (30%)         618M (30%)         208M (10%)         122M (6%)          618M (30%)         122M (6%)     
[89.136s][info][gc,heap     ] GC(147)      Live:         -                86M (4%)           86M (4%)           86M (4%)             -                  -          
[89.136s][info][gc,heap     ] GC(147) Allocated:         -                 8M (0%)           14M (1%)           15M (1%)             -                  -          
[89.136s][info][gc,heap     ] GC(147)   Garbage:         -               523M (26%)         107M (5%)           19M (1%)             -                  -          
[89.136s][info][gc,heap     ] GC(147) Reclaimed:         -                  -               416M (20%)         503M (25%)            -                  -          
[89.136s][info][gc          ] GC(147) Garbage Collection (System.gc()) 610M(30%)->122M(6%)
[89.719s][info][gc,start    ] GC(148) Garbage Collection (Allocation Rate)
[89.719s][info][gc,task     ] GC(148) Using 1 workers
[89.719s][info][gc,phases   ] GC(148) Pause Mark Start 0.009ms
[89.822s][info][gc,phases   ] GC(148) Concurrent Mark 102.837ms
[89.822s][info][gc,phases   ] GC(148) Pause Mark End 0.021ms
[89.823s][info][gc,phases   ] GC(148) Concurrent Mark Free 0.001ms
[89.889s][info][gc,phases   ] GC(148) Concurrent Process Non-Strong References 66.787ms
[89.889s][info][gc,phases   ] GC(148) Concurrent Reset Relocation Set 0.003ms
[89.892s][info][gc,phases   ] GC(148) Concurrent Select Relocation Set 2.300ms
[89.892s][info][gc,phases   ] GC(148) Pause Relocate Start 0.010ms
[89.896s][info][gc,phases   ] GC(148) Concurrent Relocate 4.206ms
[89.896s][info][gc,load     ] GC(148) Load: 0.00/0.00/0.00
[89.896s][info][gc,mmu      ] GC(148) MMU: 2ms/95.2%, 5ms/98.1%, 10ms/99.0%, 20ms/99.5%, 50ms/99.8%, 100ms/99.9%
[89.896s][info][gc,marking  ] GC(148) Mark: 1 stripe(s), 2 proactive flush(es), 1 terminate flush(es), 0 completion(s), 0 continuation(s) 
[89.896s][info][gc,marking  ] GC(148) Mark Stack Usage: 32M
[89.896s][info][gc,nmethod  ] GC(148) NMethods: 22244 registered, 693 unregistered
[89.896s][info][gc,metaspace] GC(148) Metaspace: 134M used, 136M committed, 1152M reserved
[89.896s][info][gc,ref      ] GC(148) Soft: 8843 encountered, 0 discovered, 0 enqueued
[89.896s][info][gc,ref      ] GC(148) Weak: 16375 encountered, 4022 discovered, 938 enqueued
[89.896s][info][gc,ref      ] GC(148) Final: 53 encountered, 0 discovered, 0 enqueued
[89.896s][info][gc,ref      ] GC(148) Phantom: 589 encountered, 355 discovered, 0 enqueued
[89.896s][info][gc,reloc    ] GC(148) Small Pages: 652 / 1304M, Empty: 1064M, Relocated: 4M, In-Place: 0
[89.896s][info][gc,reloc    ] GC(148) Medium Pages: 2 / 64M, Empty: 32M, Relocated: 0M, In-Place: 0
[89.896s][info][gc,reloc    ] GC(148) Large Pages: 10 / 60M, Empty: 60M, Relocated: 0M, In-Place: 0
[89.896s][info][gc,reloc    ] GC(148) Forwarding Usage: 1M
[89.896s][info][gc,heap     ] GC(148) Min Capacity: 2048M(100%)
[89.896s][info][gc,heap     ] GC(148) Max Capacity: 2048M(100%)
[89.896s][info][gc,heap     ] GC(148) Soft Max Capacity: 2048M(100%)
[89.896s][info][gc,heap     ] GC(148)                Mark Start          Mark End        Relocate Start      Relocate End           High               Low         
[89.896s][info][gc,heap     ] GC(148)  Capacity:     2048M (100%)       2048M (100%)       2048M (100%)       2048M (100%)       2048M (100%)       2048M (100%)   
[89.896s][info][gc,heap     ] GC(148)      Free:      620M (30%)         356M (17%)        1418M (69%)        1580M (77%)        1580M (77%)         270M (13%)    
[89.896s][info][gc,heap     ] GC(148)      Used:     1428M (70%)        1692M (83%)         630M (31%)         468M (23%)        1778M (87%)         468M (23%)    
[89.896s][info][gc,heap     ] GC(148)      Live:         -                88M (4%)           88M (4%)           88M (4%)             -                  -          
[89.896s][info][gc,heap     ] GC(148) Allocated:         -               264M (13%)         358M (17%)         361M (18%)            -                  -          
[89.896s][info][gc,heap     ] GC(148)   Garbage:         -              1339M (65%)         183M (9%)           17M (1%)             -                  -          
[89.896s][info][gc,heap     ] GC(148) Reclaimed:         -                  -              1156M (56%)        1321M (65%)            -                  -          
[89.896s][info][gc          ] GC(148) Garbage Collection (Allocation Rate) 1428M(70%)->468M(23%)
[90.003s][info][gc,start    ] GC(149) Garbage Collection (System.gc())
[90.003s][info][gc,task     ] GC(149) Using 2 workers
[90.003s][info][gc,phases   ] GC(149) Pause Mark Start 0.005ms
[90.050s][info][gc,phases   ] GC(149) Concurrent Mark 47.005ms
[90.051s][info][gc,phases   ] GC(149) Pause Mark End 0.034ms
[90.051s][info][gc,phases   ] GC(149) Concurrent Mark Free 0.001ms
[90.074s][info][gc,phases   ] GC(149) Concurrent Process Non-Strong References 23.069ms
[90.074s][info][gc,phases   ] GC(149) Concurrent Reset Relocation Set 0.008ms
[90.076s][info][gc,phases   ] GC(149) Concurrent Select Relocation Set 1.981ms
[90.076s][info][gc,phases   ] GC(149) Pause Relocate Start 0.010ms
[90.077s][info][gc,phases   ] GC(149) Concurrent Relocate 0.423ms
[90.077s][info][gc,load     ] GC(149) Load: 0.00/0.00/0.00
[90.077s][info][gc,mmu      ] GC(149) MMU: 2ms/95.2%, 5ms/98.1%, 10ms/99.0%, 20ms/99.5%, 50ms/99.8%, 100ms/99.9%
[90.077s][info][gc,marking  ] GC(149) Mark: 2 stripe(s), 2 proactive flush(es), 1 terminate flush(es), 0 completion(s), 0 continuation(s) 
[90.077s][info][gc,marking  ] GC(149) Mark Stack Usage: 32M
[90.077s][info][gc,nmethod  ] GC(149) NMethods: 22245 registered, 693 unregistered
[90.077s][info][gc,metaspace] GC(149) Metaspace: 134M used, 136M committed, 1152M reserved
[90.077s][info][gc,ref      ] GC(149) Soft: 8843 encountered, 0 discovered, 0 enqueued
[90.077s][info][gc,ref      ] GC(149) Weak: 15662 encountered, 3370 discovered, 360 enqueued
[90.077s][info][gc,ref      ] GC(149) Final: 53 encountered, 0 discovered, 0 enqueued
[90.077s][info][gc,ref      ] GC(149) Phantom: 589 encountered, 305 discovered, 0 enqueued
[90.077s][info][gc,reloc    ] GC(149) Small Pages: 235 / 470M, Empty: 324M, Relocated: 0M, In-Place: 0
[90.077s][info][gc,reloc    ] GC(149) Medium Pages: 2 / 64M, Empty: 32M, Relocated: 0M, In-Place: 0
[90.077s][info][gc,reloc    ] GC(149) Large Pages: 4 / 24M, Empty: 24M, Relocated: 0M, In-Place: 0
[90.077s][info][gc,reloc    ] GC(149) Forwarding Usage: 0M
[90.077s][info][gc,heap     ] GC(149) Min Capacity: 2048M(100%)
[90.077s][info][gc,heap     ] GC(149) Max Capacity: 2048M(100%)
[90.077s][info][gc,heap     ] GC(149) Soft Max Capacity: 2048M(100%)
[90.077s][info][gc,heap     ] GC(149)                Mark Start          Mark End        Relocate Start      Relocate End           High               Low         
[90.077s][info][gc,heap     ] GC(149)  Capacity:     2048M (100%)       2048M (100%)       2048M (100%)       2048M (100%)       2048M (100%)       2048M (100%)   
[90.077s][info][gc,heap     ] GC(149)      Free:     1490M (73%)        1480M (72%)        1856M (91%)        1928M (94%)        1928M (94%)        1480M (72%)    
[90.077s][info][gc,heap     ] GC(149)      Used:      558M (27%)         568M (28%)         192M (9%)          120M (6%)          568M (28%)         120M (6%)     
[90.077s][info][gc,heap     ] GC(149)      Live:         -                87M (4%)           87M (4%)           87M (4%)             -                  -          
[90.077s][info][gc,heap     ] GC(149) Allocated:         -                10M (0%)           14M (1%)           13M (1%)             -                  -          
[90.077s][info][gc,heap     ] GC(149)   Garbage:         -               470M (23%)          90M (4%)           18M (1%)             -                  -          
[90.077s][info][gc,heap     ] GC(149) Reclaimed:         -                  -               380M (19%)         451M (22%)            -                  -          
[90.077s][info][gc          ] GC(149) Garbage Collection (System.gc()) 558M(27%)->120M(6%)
[90.129s][info][gc,stats    ] === Garbage Collection Statistics =======================================================================================================================
[90.129s][info][gc,stats    ]                                                              Last 10s              Last 10m              Last 10h                Total
[90.129s][info][gc,stats    ]                                                              Avg / Max             Avg / Max             Avg / Max             Avg / Max
[90.129s][info][gc,stats    ]   Collector: Garbage Collection Cycle                    126.849 / 199.117     118.837 / 199.117     118.837 / 199.117     118.837 / 199.117     ms
[90.129s][info][gc,stats    ]  Contention: Mark Segment Reset Contention                     0 / 1                 0 / 3                 0 / 3                 0 / 3           ops/s
[90.129s][info][gc,stats    ]  Contention: Mark SeqNum Reset Contention                      0 / 0                 0 / 2                 0 / 2                 0 / 2           ops/s
[90.129s][info][gc,stats    ]    Critical: Allocation Stall                                  0 / 0                 0 / 0                 0 / 0                 0 / 0           ops/s
[90.129s][info][gc,stats    ]    Critical: Allocation Stall                              0.000 / 0.000         0.000 / 0.000         0.000 / 0.000         0.000 / 0.000       ms
[90.129s][info][gc,stats    ]    Critical: GC Locker Stall                                   0 / 0                 0 / 0                 0 / 0                 0 / 0           ops/s
[90.129s][info][gc,stats    ]    Critical: GC Locker Stall                               0.000 / 0.000         0.000 / 0.000         0.000 / 0.000         0.000 / 0.000       ms
[90.129s][info][gc,stats    ]    Critical: Relocation Stall                                  0 / 0                 0 / 0                 0 / 0                 0 / 0           ops/s
[90.129s][info][gc,stats    ]    Critical: Relocation Stall                              0.000 / 0.000         0.000 / 0.000         0.000 / 0.000         0.000 / 0.000       ms
[90.129s][info][gc,stats    ]      Memory: Allocation Rate                                1805 / 1874           1436 / 1944           1436 / 1944           1436 / 1944        MB/s
[90.129s][info][gc,stats    ]      Memory: Out Of Memory                                     0 / 0                 0 / 0                 0 / 0                 0 / 0           ops/s
[90.129s][info][gc,stats    ]      Memory: Page Cache Flush                                  0 / 0                 0 / 0                 0 / 0                 0 / 0           MB/s
[90.129s][info][gc,stats    ]      Memory: Page Cache Hit L1                               849 / 896             667 / 909             667 / 909             667 / 909         ops/s
[90.129s][info][gc,stats    ]      Memory: Page Cache Hit L2                                 0 / 0                 0 / 0                 0 / 0                 0 / 0           ops/s
[90.129s][info][gc,stats    ]      Memory: Page Cache Hit L3                                 0 / 0                 9 / 385               9 / 385               9 / 385         ops/s
[90.129s][info][gc,stats    ]      Memory: Page Cache Miss                                   0 / 0                 0 / 1                 0 / 1                 0 / 1           ops/s
[90.129s][info][gc,stats    ]      Memory: Uncommit                                          0 / 0                 0 / 0                 0 / 0                 0 / 0           MB/s
[90.129s][info][gc,stats    ]      Memory: Undo Object Allocation Failed                     0 / 0                 0 / 1                 0 / 1                 0 / 1           ops/s
[90.129s][info][gc,stats    ]      Memory: Undo Object Allocation Succeeded                  0 / 3                28 / 2295             28 / 2295             28 / 2295        ops/s
[90.130s][info][gc,stats    ]      Memory: Undo Page Allocation                              0 / 1                 0 / 2                 0 / 2                 0 / 2           ops/s
[90.130s][info][gc,stats    ]       Phase: Concurrent Mark                              78.113 / 120.810      74.796 / 120.810      74.796 / 120.810      74.796 / 120.810     ms
[90.130s][info][gc,stats    ]       Phase: Concurrent Mark Continue                      0.000 / 0.000         0.000 / 0.000         0.000 / 0.000         0.000 / 0.000       ms
[90.130s][info][gc,stats    ]       Phase: Concurrent Mark Free                          0.001 / 0.002         0.001 / 0.004         0.001 / 0.004         0.001 / 0.004       ms
[90.130s][info][gc,stats    ]       Phase: Concurrent Process Non-Strong References     42.494 / 69.906       35.873 / 69.906       35.873 / 69.906       35.873 / 69.906      ms
[90.130s][info][gc,stats    ]       Phase: Concurrent Relocate                           3.028 / 7.568         4.570 / 19.143        4.570 / 19.143        4.570 / 19.143      ms
[90.130s][info][gc,stats    ]       Phase: Concurrent Reset Relocation Set               0.005 / 0.012         0.005 / 0.015         0.005 / 0.015         0.005 / 0.015       ms
[90.130s][info][gc,stats    ]       Phase: Concurrent Select Relocation Set              2.129 / 3.065         2.265 / 7.348         2.265 / 7.348         2.265 / 7.348       ms
[90.130s][info][gc,stats    ]       Phase: Pause Mark End                                0.028 / 0.062         0.028 / 0.096         0.028 / 0.096         0.028 / 0.096       ms
[90.130s][info][gc,stats    ]       Phase: Pause Mark Start                              0.007 / 0.012         0.007 / 0.019         0.007 / 0.019         0.007 / 0.019       ms
[90.130s][info][gc,stats    ]       Phase: Pause Relocate Start                          0.009 / 0.013         0.009 / 0.027         0.009 / 0.027         0.009 / 0.027       ms
[90.130s][info][gc,stats    ]    Subphase: Concurrent Classes Purge                      0.915 / 1.530         0.837 / 1.554         0.837 / 1.554         0.837 / 1.554       ms
[90.130s][info][gc,stats    ]    Subphase: Concurrent Classes Unlink                    39.532 / 66.135       32.685 / 66.135       32.685 / 66.135       32.685 / 66.135      ms
[90.130s][info][gc,stats    ]    Subphase: Concurrent Mark                              61.488 / 111.913      58.165 / 111.913      58.165 / 111.913      58.165 / 111.913     ms
[90.130s][info][gc,stats    ]    Subphase: Concurrent Mark Try Flush                     0.234 / 0.488         0.216 / 2.252         0.216 / 2.252         0.216 / 2.252       ms
[90.130s][info][gc,stats    ]    Subphase: Concurrent Mark Try Terminate                 1.837 / 16.282        2.107 / 16.901        2.107 / 16.901        2.107 / 16.901      ms
[90.130s][info][gc,stats    ]    Subphase: Concurrent References Enqueue                 0.006 / 0.009         0.007 / 0.010         0.007 / 0.010         0.007 / 0.010       ms
[90.130s][info][gc,stats    ]    Subphase: Concurrent References Process                 0.501 / 0.684         0.531 / 1.283         0.531 / 1.283         0.531 / 1.283       ms
[90.130s][info][gc,stats    ]    Subphase: Concurrent Roots ClassLoaderDataGraph         0.167 / 0.423         0.177 / 0.595         0.177 / 0.595         0.177 / 0.595       ms
[90.130s][info][gc,stats    ]    Subphase: Concurrent Roots CodeCache                    0.000 / 0.000         0.000 / 0.000         0.000 / 0.000         0.000 / 0.000       ms
[90.130s][info][gc,stats    ]    Subphase: Concurrent Roots JavaThreads                  5.664 / 19.568        6.254 / 19.568        6.254 / 19.568        6.254 / 19.568      ms
[90.130s][info][gc,stats    ]    Subphase: Concurrent Roots OopStorageSet                0.051 / 0.123         0.049 / 0.123         0.049 / 0.123         0.049 / 0.123       ms
[90.130s][info][gc,stats    ]    Subphase: Concurrent Weak Roots OopStorageSet           1.102 / 1.744         1.121 / 2.333         1.121 / 2.333         1.121 / 2.333       ms
[90.130s][info][gc,stats    ]    Subphase: Pause Mark Try Complete                       0.000 / 0.000         0.006 / 0.016         0.006 / 0.016         0.006 / 0.016       ms
[90.130s][info][gc,stats    ]      System: Java Threads                                    280 / 281             268 / 282             268 / 282             268 / 282         threads
[90.130s][info][gc,stats    ] =========================================================================================================================================================
[90.713s][info][gc,start    ] GC(150) Garbage Collection (Allocation Rate)
[90.714s][info][gc,task     ] GC(150) Using 1 workers
[90.714s][info][gc,phases   ] GC(150) Pause Mark Start 0.007ms
[90.817s][info][gc,phases   ] GC(150) Concurrent Mark 102.906ms
[90.817s][info][gc,phases   ] GC(150) Pause Mark End 0.024ms
[90.817s][info][gc,phases   ] GC(150) Concurrent Mark Free 0.001ms
[90.881s][info][gc,phases   ] GC(150) Concurrent Process Non-Strong References 63.616ms
[90.881s][info][gc,phases   ] GC(150) Concurrent Reset Relocation Set 0.003ms
[90.883s][info][gc,phases   ] GC(150) Concurrent Select Relocation Set 1.987ms
[90.883s][info][gc,phases   ] GC(150) Pause Relocate Start 0.008ms
[90.889s][info][gc,phases   ] GC(150) Concurrent Relocate 5.788ms
[90.889s][info][gc,load     ] GC(150) Load: 0.00/0.00/0.00
[90.889s][info][gc,mmu      ] GC(150) MMU: 2ms/95.2%, 5ms/98.1%, 10ms/99.0%, 20ms/99.5%, 50ms/99.8%, 100ms/99.9%
[90.889s][info][gc,marking  ] GC(150) Mark: 1 stripe(s), 2 proactive flush(es), 1 terminate flush(es), 0 completion(s), 0 continuation(s) 
[90.889s][info][gc,marking  ] GC(150) Mark Stack Usage: 32M
[90.889s][info][gc,nmethod  ] GC(150) NMethods: 22256 registered, 0 unregistered
[90.889s][info][gc,metaspace] GC(150) Metaspace: 134M used, 136M committed, 1152M reserved
[90.889s][info][gc,ref      ] GC(150) Soft: 8846 encountered, 0 discovered, 0 enqueued
[90.889s][info][gc,ref      ] GC(150) Weak: 16406 encountered, 4040 discovered, 955 enqueued
[90.889s][info][gc,ref      ] GC(150) Final: 53 encountered, 0 discovered, 0 enqueued
[90.889s][info][gc,ref      ] GC(150) Phantom: 589 encountered, 355 discovered, 0 enqueued
[90.889s][info][gc,reloc    ] GC(150) Small Pages: 655 / 1310M, Empty: 1062M, Relocated: 4M, In-Place: 0
[90.889s][info][gc,reloc    ] GC(150) Medium Pages: 2 / 64M, Empty: 32M, Relocated: 0M, In-Place: 0
[90.889s][info][gc,reloc    ] GC(150) Large Pages: 10 / 60M, Empty: 60M, Relocated: 0M, In-Place: 0
[90.889s][info][gc,reloc    ] GC(150) Forwarding Usage: 1M
[90.889s][info][gc,heap     ] GC(150) Min Capacity: 2048M(100%)
[90.889s][info][gc,heap     ] GC(150) Max Capacity: 2048M(100%)
[90.889s][info][gc,heap     ] GC(150) Soft Max Capacity: 2048M(100%)
[90.889s][info][gc,heap     ] GC(150)                Mark Start          Mark End        Relocate Start      Relocate End           High               Low         
[90.889s][info][gc,heap     ] GC(150)  Capacity:     2048M (100%)       2048M (100%)       2048M (100%)       2048M (100%)       2048M (100%)       2048M (100%)   
[90.889s][info][gc,heap     ] GC(150)      Free:      614M (30%)         346M (17%)        1424M (70%)        1592M (78%)        1592M (78%)         278M (14%)    
[90.889s][info][gc,heap     ] GC(150)      Used:     1434M (70%)        1702M (83%)         624M (30%)         456M (22%)        1770M (86%)         456M (22%)    
[90.889s][info][gc,heap     ] GC(150)      Live:         -                90M (4%)           90M (4%)           90M (4%)             -                  -          
[90.889s][info][gc,heap     ] GC(150) Allocated:         -               268M (13%)         344M (17%)         347M (17%)            -                  -          
[90.889s][info][gc,heap     ] GC(150)   Garbage:         -              1343M (66%)         189M (9%)           18M (1%)             -                  -          
[90.889s][info][gc,heap     ] GC(150) Reclaimed:         -                  -              1154M (56%)        1325M (65%)            -                  -          
[90.889s][info][gc          ] GC(150) Garbage Collection (Allocation Rate) 1434M(70%)->456M(22%)
[90.992s][info][gc,start    ] GC(151) Garbage Collection (System.gc())
[90.993s][info][gc,task     ] GC(151) Using 2 workers
[90.993s][info][gc,phases   ] GC(151) Pause Mark Start 0.006ms
[91.057s][info][gc,phases   ] GC(151) Concurrent Mark 64.506ms
[91.058s][info][gc,phases   ] GC(151) Pause Mark End 0.043ms
[91.058s][info][gc,phases   ] GC(151) Concurrent Mark Free 0.001ms
[91.082s][info][gc,phases   ] GC(151) Concurrent Process Non-Strong References 24.101ms
[91.082s][info][gc,phases   ] GC(151) Concurrent Reset Relocation Set 0.007ms
[91.084s][info][gc,phases   ] GC(151) Concurrent Select Relocation Set 1.709ms
[91.084s][info][gc,phases   ] GC(151) Pause Relocate Start 0.012ms
[91.087s][info][gc,phases   ] GC(151) Concurrent Relocate 3.571ms
[91.087s][info][gc,load     ] GC(151) Load: 0.00/0.00/0.00
[91.088s][info][gc,mmu      ] GC(151) MMU: 2ms/95.2%, 5ms/98.1%, 10ms/99.0%, 20ms/99.5%, 50ms/99.8%, 100ms/99.9%
[91.088s][info][gc,marking  ] GC(151) Mark: 2 stripe(s), 2 proactive flush(es), 1 terminate flush(es), 0 completion(s), 0 continuation(s) 
[91.088s][info][gc,marking  ] GC(151) Mark Stack Usage: 32M
[91.088s][info][gc,nmethod  ] GC(151) NMethods: 22258 registered, 0 unregistered
[91.088s][info][gc,metaspace] GC(151) Metaspace: 134M used, 136M committed, 1152M reserved
[91.088s][info][gc,ref      ] GC(151) Soft: 8843 encountered, 0 discovered, 0 enqueued
[91.088s][info][gc,ref      ] GC(151) Weak: 15677 encountered, 3577 discovered, 362 enqueued
[91.088s][info][gc,ref      ] GC(151) Final: 53 encountered, 0 discovered, 0 enqueued
[91.088s][info][gc,ref      ] GC(151) Phantom: 589 encountered, 325 discovered, 0 enqueued
[91.088s][info][gc,reloc    ] GC(151) Small Pages: 229 / 458M, Empty: 208M, Relocated: 11M, In-Place: 0
[91.088s][info][gc,reloc    ] GC(151) Medium Pages: 2 / 64M, Empty: 32M, Relocated: 0M, In-Place: 0
[91.088s][info][gc,reloc    ] GC(151) Large Pages: 4 / 24M, Empty: 24M, Relocated: 0M, In-Place: 0
[91.088s][info][gc,reloc    ] GC(151) Forwarding Usage: 0M
[91.088s][info][gc,heap     ] GC(151) Min Capacity: 2048M(100%)
[91.088s][info][gc,heap     ] GC(151) Max Capacity: 2048M(100%)
[91.088s][info][gc,heap     ] GC(151) Soft Max Capacity: 2048M(100%)
[91.088s][info][gc,heap     ] GC(151)                Mark Start          Mark End        Relocate Start      Relocate End           High               Low         
[91.088s][info][gc,heap     ] GC(151)  Capacity:     2048M (100%)       2048M (100%)       2048M (100%)       2048M (100%)       2048M (100%)       2048M (100%)   
[91.088s][info][gc,heap     ] GC(151)      Free:     1502M (73%)        1490M (73%)        1752M (86%)        1908M (93%)        1912M (93%)        1490M (73%)    
[91.088s][info][gc,heap     ] GC(151)      Used:      546M (27%)         558M (27%)         296M (14%)         140M (7%)          558M (27%)         136M (7%)     
[91.088s][info][gc,heap     ] GC(151)      Live:         -                98M (5%)           98M (5%)           98M (5%)             -                  -          
[91.088s][info][gc,heap     ] GC(151) Allocated:         -                12M (1%)           14M (1%)           21M (1%)             -                  -          
[91.088s][info][gc,heap     ] GC(151)   Garbage:         -               447M (22%)         183M (9%)           19M (1%)             -                  -          
[91.088s][info][gc,heap     ] GC(151) Reclaimed:         -                  -               264M (13%)         427M (21%)            -                  -          
[91.088s][info][gc          ] GC(151) Garbage Collection (System.gc()) 546M(27%)->140M(7%)
[91.613s][info][gc,start    ] GC(152) Garbage Collection (Allocation Rate)
[91.614s][info][gc,task     ] GC(152) Using 1 workers
[91.614s][info][gc,phases   ] GC(152) Pause Mark Start 0.008ms
[91.712s][info][gc,phases   ] GC(152) Concurrent Mark 98.342ms
[91.712s][info][gc,phases   ] GC(152) Pause Mark End 0.027ms
[91.713s][info][gc,phases   ] GC(152) Concurrent Mark Free 0.001ms
[91.781s][info][gc,phases   ] GC(152) Concurrent Process Non-Strong References 68.050ms
[91.781s][info][gc,phases   ] GC(152) Concurrent Reset Relocation Set 0.009ms
[91.783s][info][gc,phases   ] GC(152) Concurrent Select Relocation Set 2.434ms
[91.783s][info][gc,phases   ] GC(152) Pause Relocate Start 0.014ms
[91.788s][info][gc,phases   ] GC(152) Concurrent Relocate 4.527ms
[91.788s][info][gc,load     ] GC(152) Load: 0.00/0.00/0.00
[91.788s][info][gc,mmu      ] GC(152) MMU: 2ms/95.2%, 5ms/98.1%, 10ms/99.0%, 20ms/99.5%, 50ms/99.8%, 100ms/99.9%
[91.788s][info][gc,marking  ] GC(152) Mark: 1 stripe(s), 2 proactive flush(es), 1 terminate flush(es), 0 completion(s), 0 continuation(s) 
[91.788s][info][gc,marking  ] GC(152) Mark Stack Usage: 32M
[91.788s][info][gc,nmethod  ] GC(152) NMethods: 22278 registered, 0 unregistered
[91.788s][info][gc,metaspace] GC(152) Metaspace: 134M used, 136M committed, 1152M reserved
[91.788s][info][gc,ref      ] GC(152) Soft: 8845 encountered, 0 discovered, 0 enqueued
[91.788s][info][gc,ref      ] GC(152) Weak: 16208 encountered, 3897 discovered, 689 enqueued
[91.788s][info][gc,ref      ] GC(152) Final: 53 encountered, 0 discovered, 0 enqueued
[91.788s][info][gc,ref      ] GC(152) Phantom: 589 encountered, 355 discovered, 0 enqueued
[91.788s][info][gc,reloc    ] GC(152) Small Pages: 631 / 1262M, Empty: 974M, Relocated: 3M, In-Place: 0
[91.788s][info][gc,reloc    ] GC(152) Medium Pages: 2 / 64M, Empty: 32M, Relocated: 0M, In-Place: 0
[91.788s][info][gc,reloc    ] GC(152) Large Pages: 6 / 36M, Empty: 36M, Relocated: 0M, In-Place: 0
[91.788s][info][gc,reloc    ] GC(152) Forwarding Usage: 1M
[91.788s][info][gc,heap     ] GC(152) Min Capacity: 2048M(100%)
[91.788s][info][gc,heap     ] GC(152) Max Capacity: 2048M(100%)
[91.788s][info][gc,heap     ] GC(152) Soft Max Capacity: 2048M(100%)
[91.788s][info][gc,heap     ] GC(152)                Mark Start          Mark End        Relocate Start      Relocate End           High               Low         
[91.788s][info][gc,heap     ] GC(152)  Capacity:     2048M (100%)       2048M (100%)       2048M (100%)       2048M (100%)       2048M (100%)       2048M (100%)   
[91.788s][info][gc,heap     ] GC(152)      Free:      686M (33%)         526M (26%)        1398M (68%)        1604M (78%)        1604M (78%)         366M (18%)    
[91.788s][info][gc,heap     ] GC(152)      Used:     1362M (67%)        1522M (74%)         650M (32%)         444M (22%)        1682M (82%)         444M (22%)    
[91.788s][info][gc,heap     ] GC(152)      Live:         -                89M (4%)           89M (4%)           89M (4%)             -                  -          
[91.788s][info][gc,heap     ] GC(152) Allocated:         -               160M (8%)          330M (16%)         337M (17%)            -                  -          
[91.788s][info][gc,heap     ] GC(152)   Garbage:         -              1272M (62%)         230M (11%)          16M (1%)             -                  -          
[91.788s][info][gc,heap     ] GC(152) Reclaimed:         -                  -              1042M (51%)        1255M (61%)            -                  -          
[91.788s][info][gc          ] GC(152) Garbage Collection (Allocation Rate) 1362M(67%)->444M(22%)
[91.967s][info][gc,start    ] GC(153) Garbage Collection (System.gc())
[91.967s][info][gc,task     ] GC(153) Using 2 workers
[91.967s][info][gc,phases   ] GC(153) Pause Mark Start 0.007ms
[92.030s][info][gc,phases   ] GC(153) Concurrent Mark 62.247ms
[92.030s][info][gc,phases   ] GC(153) Pause Mark End 0.034ms
[92.030s][info][gc,phases   ] GC(153) Concurrent Mark Free 0.002ms
[92.054s][info][gc,phases   ] GC(153) Concurrent Process Non-Strong References 23.497ms
[92.054s][info][gc,phases   ] GC(153) Concurrent Reset Relocation Set 0.006ms
[92.055s][info][gc,phases   ] GC(153) Concurrent Select Relocation Set 1.480ms
[92.055s][info][gc,phases   ] GC(153) Pause Relocate Start 0.008ms
[92.059s][info][gc,phases   ] GC(153) Concurrent Relocate 4.040ms
[92.059s][info][gc,load     ] GC(153) Load: 0.00/0.00/0.00
[92.059s][info][gc,mmu      ] GC(153) MMU: 2ms/95.2%, 5ms/98.1%, 10ms/99.0%, 20ms/99.5%, 50ms/99.8%, 100ms/99.9%
[92.059s][info][gc,marking  ] GC(153) Mark: 2 stripe(s), 2 proactive flush(es), 1 terminate flush(es), 0 completion(s), 0 continuation(s) 
[92.059s][info][gc,marking  ] GC(153) Mark Stack Usage: 32M
[92.059s][info][gc,nmethod  ] GC(153) NMethods: 22282 registered, 0 unregistered
[92.059s][info][gc,metaspace] GC(153) Metaspace: 134M used, 136M committed, 1152M reserved
[92.059s][info][gc,ref      ] GC(153) Soft: 8843 encountered, 0 discovered, 0 enqueued
[92.059s][info][gc,ref      ] GC(153) Weak: 15916 encountered, 4268 discovered, 600 enqueued
[92.059s][info][gc,ref      ] GC(153) Final: 53 encountered, 0 discovered, 0 enqueued
[92.059s][info][gc,ref      ] GC(153) Phantom: 589 encountered, 394 discovered, 0 enqueued
[92.059s][info][gc,reloc    ] GC(153) Small Pages: 257 / 514M, Empty: 236M, Relocated: 12M, In-Place: 0
[92.059s][info][gc,reloc    ] GC(153) Medium Pages: 2 / 64M, Empty: 32M, Relocated: 0M, In-Place: 0
[92.059s][info][gc,reloc    ] GC(153) Large Pages: 8 / 48M, Empty: 48M, Relocated: 0M, In-Place: 0
[92.059s][info][gc,reloc    ] GC(153) Forwarding Usage: 0M
[92.059s][info][gc,heap     ] GC(153) Min Capacity: 2048M(100%)
[92.059s][info][gc,heap     ] GC(153) Max Capacity: 2048M(100%)
[92.059s][info][gc,heap     ] GC(153) Soft Max Capacity: 2048M(100%)
[92.060s][info][gc,heap     ] GC(153)                Mark Start          Mark End        Relocate Start      Relocate End           High               Low         
[92.060s][info][gc,heap     ] GC(153)  Capacity:     2048M (100%)       2048M (100%)       2048M (100%)       2048M (100%)       2048M (100%)       2048M (100%)   
[92.060s][info][gc,heap     ] GC(153)      Free:     1422M (69%)        1414M (69%)        1730M (84%)        1922M (94%)        1922M (94%)        1414M (69%)    
[92.060s][info][gc,heap     ] GC(153)      Used:      626M (31%)         634M (31%)         318M (16%)         126M (6%)          634M (31%)         126M (6%)     
[92.060s][info][gc,heap     ] GC(153)      Live:         -                98M (5%)           98M (5%)           98M (5%)             -                  -          
[92.060s][info][gc,heap     ] GC(153) Allocated:         -                 8M (0%)            8M (0%)            8M (0%)             -                  -          
[92.060s][info][gc,heap     ] GC(153)   Garbage:         -               527M (26%)         211M (10%)          19M (1%)             -                  -          
[92.060s][info][gc,heap     ] GC(153) Reclaimed:         -                  -               316M (15%)         508M (25%)            -                  -          
[92.060s][info][gc          ] GC(153) Garbage Collection (System.gc()) 626M(31%)->126M(6%)
[92.625s][info][gc,start    ] GC(154) Garbage Collection (Allocation Rate)
[92.625s][info][gc,task     ] GC(154) Using 1 workers
[92.625s][info][gc,phases   ] GC(154) Pause Mark Start 0.007ms
[92.724s][info][gc,phases   ] GC(154) Concurrent Mark 98.612ms
[92.724s][info][gc,phases   ] GC(154) Pause Mark End 0.035ms
[92.724s][info][gc,phases   ] GC(154) Concurrent Mark Free 0.001ms
[92.791s][info][gc,phases   ] GC(154) Concurrent Process Non-Strong References 66.785ms
[92.791s][info][gc,phases   ] GC(154) Concurrent Reset Relocation Set 0.005ms
[92.793s][info][gc,phases   ] GC(154) Concurrent Select Relocation Set 2.519ms
[92.794s][info][gc,phases   ] GC(154) Pause Relocate Start 0.008ms
[92.797s][info][gc,phases   ] GC(154) Concurrent Relocate 3.220ms
[92.797s][info][gc,load     ] GC(154) Load: 0.00/0.00/0.00
[92.797s][info][gc,mmu      ] GC(154) MMU: 2ms/95.2%, 5ms/98.1%, 10ms/99.0%, 20ms/99.5%, 50ms/99.8%, 100ms/99.9%
[92.797s][info][gc,marking  ] GC(154) Mark: 1 stripe(s), 2 proactive flush(es), 1 terminate flush(es), 0 completion(s), 0 continuation(s) 
[92.797s][info][gc,marking  ] GC(154) Mark Stack Usage: 32M
[92.797s][info][gc,nmethod  ] GC(154) NMethods: 22305 registered, 0 unregistered
[92.797s][info][gc,metaspace] GC(154) Metaspace: 134M used, 136M committed, 1152M reserved
[92.797s][info][gc,ref      ] GC(154) Soft: 8846 encountered, 0 discovered, 0 enqueued
[92.797s][info][gc,ref      ] GC(154) Weak: 16304 encountered, 3950 discovered, 720 enqueued
[92.797s][info][gc,ref      ] GC(154) Final: 53 encountered, 0 discovered, 0 enqueued
[92.797s][info][gc,ref      ] GC(154) Phantom: 589 encountered, 355 discovered, 0 enqueued
[92.797s][info][gc,reloc    ] GC(154) Small Pages: 643 / 1286M, Empty: 1036M, Relocated: 3M, In-Place: 0
[92.797s][info][gc,reloc    ] GC(154) Medium Pages: 2 / 64M, Empty: 32M, Relocated: 0M, In-Place: 0
[92.797s][info][gc,reloc    ] GC(154) Large Pages: 7 / 42M, Empty: 42M, Relocated: 0M, In-Place: 0
[92.797s][info][gc,reloc    ] GC(154) Forwarding Usage: 0M
[92.797s][info][gc,heap     ] GC(154) Min Capacity: 2048M(100%)
[92.797s][info][gc,heap     ] GC(154) Max Capacity: 2048M(100%)
[92.797s][info][gc,heap     ] GC(154) Soft Max Capacity: 2048M(100%)
[92.797s][info][gc,heap     ] GC(154)                Mark Start          Mark End        Relocate Start      Relocate End           High               Low         
[92.797s][info][gc,heap     ] GC(154)  Capacity:     2048M (100%)       2048M (100%)       2048M (100%)       2048M (100%)       2048M (100%)       2048M (100%)   
[92.797s][info][gc,heap     ] GC(154)      Free:      656M (32%)         440M (21%)        1402M (68%)        1572M (77%)        1572M (77%)         306M (15%)    
[92.797s][info][gc,heap     ] GC(154)      Used:     1392M (68%)        1608M (79%)         646M (32%)         476M (23%)        1742M (85%)         476M (23%)    
[92.797s][info][gc,heap     ] GC(154)      Live:         -                89M (4%)           89M (4%)           89M (4%)             -                  -          
[92.797s][info][gc,heap     ] GC(154) Allocated:         -               216M (11%)         364M (18%)         369M (18%)            -                  -          
[92.797s][info][gc,heap     ] GC(154)   Garbage:         -              1302M (64%)         192M (9%)           17M (1%)             -                  -          
[92.797s][info][gc,heap     ] GC(154) Reclaimed:         -                  -              1110M (54%)        1285M (63%)            -                  -          
[92.797s][info][gc          ] GC(154) Garbage Collection (Allocation Rate) 1392M(68%)->476M(23%)
[92.948s][info][gc,start    ] GC(155) Garbage Collection (System.gc())
[92.948s][info][gc,task     ] GC(155) Using 2 workers
[92.948s][info][gc,phases   ] GC(155) Pause Mark Start 0.006ms
[92.994s][info][gc,phases   ] GC(155) Concurrent Mark 46.328ms
[92.994s][info][gc,phases   ] GC(155) Pause Mark End 0.039ms
[92.995s][info][gc,phases   ] GC(155) Concurrent Mark Free 0.001ms
[93.015s][info][gc,phases   ] GC(155) Concurrent Process Non-Strong References 20.695ms
[93.015s][info][gc,phases   ] GC(155) Concurrent Reset Relocation Set 0.006ms
[93.017s][info][gc,phases   ] GC(155) Concurrent Select Relocation Set 1.801ms
[93.017s][info][gc,phases   ] GC(155) Pause Relocate Start 0.009ms
[93.018s][info][gc,phases   ] GC(155) Concurrent Relocate 0.857ms
[93.018s][info][gc,load     ] GC(155) Load: 0.00/0.00/0.00
[93.018s][info][gc,mmu      ] GC(155) MMU: 2ms/95.2%, 5ms/98.1%, 10ms/99.0%, 20ms/99.5%, 50ms/99.8%, 100ms/99.9%
[93.018s][info][gc,marking  ] GC(155) Mark: 2 stripe(s), 1 proactive flush(es), 1 terminate flush(es), 0 completion(s), 0 continuation(s) 
[93.018s][info][gc,marking  ] GC(155) Mark Stack Usage: 32M
[93.018s][info][gc,nmethod  ] GC(155) NMethods: 22309 registered, 0 unregistered
[93.018s][info][gc,metaspace] GC(155) Metaspace: 134M used, 136M committed, 1152M reserved
[93.018s][info][gc,ref      ] GC(155) Soft: 8843 encountered, 0 discovered, 0 enqueued
[93.018s][info][gc,ref      ] GC(155) Weak: 15927 encountered, 4240 discovered, 600 enqueued
[93.018s][info][gc,ref      ] GC(155) Final: 53 encountered, 0 discovered, 0 enqueued
[93.018s][info][gc,ref      ] GC(155) Phantom: 589 encountered, 318 discovered, 0 enqueued
[93.018s][info][gc,reloc    ] GC(155) Small Pages: 248 / 496M, Empty: 330M, Relocated: 1M, In-Place: 0
[93.018s][info][gc,reloc    ] GC(155) Medium Pages: 2 / 64M, Empty: 32M, Relocated: 0M, In-Place: 0
[93.019s][info][gc,reloc    ] GC(155) Large Pages: 7 / 42M, Empty: 42M, Relocated: 0M, In-Place: 0
[93.019s][info][gc,reloc    ] GC(155) Forwarding Usage: 0M
[93.019s][info][gc,heap     ] GC(155) Min Capacity: 2048M(100%)
[93.019s][info][gc,heap     ] GC(155) Max Capacity: 2048M(100%)
[93.019s][info][gc,heap     ] GC(155) Soft Max Capacity: 2048M(100%)
[93.019s][info][gc,heap     ] GC(155)                Mark Start          Mark End        Relocate Start      Relocate End           High               Low         
[93.019s][info][gc,heap     ] GC(155)  Capacity:     2048M (100%)       2048M (100%)       2048M (100%)       2048M (100%)       2048M (100%)       2048M (100%)   
[93.019s][info][gc,heap     ] GC(155)      Free:     1446M (71%)        1446M (71%)        1836M (90%)        1928M (94%)        1928M (94%)        1444M (71%)    
[93.019s][info][gc,heap     ] GC(155)      Used:      602M (29%)         602M (29%)         212M (10%)         120M (6%)          604M (29%)         120M (6%)     
[93.019s][info][gc,heap     ] GC(155)      Live:         -                87M (4%)           87M (4%)           87M (4%)             -                  -          
[93.019s][info][gc,heap     ] GC(155) Allocated:         -                 0M (0%)           14M (1%)           13M (1%)             -                  -          
[93.019s][info][gc,heap     ] GC(155)   Garbage:         -               514M (25%)         110M (5%)           18M (1%)             -                  -          
[93.019s][info][gc,heap     ] GC(155) Reclaimed:         -                  -               404M (20%)         495M (24%)            -                  -          
[93.019s][info][gc          ] GC(155) Garbage Collection (System.gc()) 602M(29%)->120M(6%)
[93.520s][info][gc,start    ] GC(156) Garbage Collection (Allocation Rate)
[93.520s][info][gc,task     ] GC(156) Using 1 workers
[93.520s][info][gc,phases   ] GC(156) Pause Mark Start 0.009ms
[93.614s][info][gc,phases   ] GC(156) Concurrent Mark 94.234ms
[93.615s][info][gc,phases   ] GC(156) Pause Mark End 0.029ms
[93.615s][info][gc,phases   ] GC(156) Concurrent Mark Free 0.001ms
[93.683s][info][gc,phases   ] GC(156) Concurrent Process Non-Strong References 68.697ms
[93.683s][info][gc,phases   ] GC(156) Concurrent Reset Relocation Set 0.004ms
[93.686s][info][gc,phases   ] GC(156) Concurrent Select Relocation Set 2.550ms
[93.686s][info][gc,phases   ] GC(156) Pause Relocate Start 0.010ms
[93.691s][info][gc,phases   ] GC(156) Concurrent Relocate 4.284ms
[93.691s][info][gc,load     ] GC(156) Load: 0.00/0.00/0.00
[93.691s][info][gc,mmu      ] GC(156) MMU: 2ms/95.2%, 5ms/98.1%, 10ms/99.0%, 20ms/99.5%, 50ms/99.8%, 100ms/99.9%
[93.691s][info][gc,marking  ] GC(156) Mark: 1 stripe(s), 2 proactive flush(es), 1 terminate flush(es), 0 completion(s), 0 continuation(s) 
[93.691s][info][gc,marking  ] GC(156) Mark Stack Usage: 32M
[93.691s][info][gc,nmethod  ] GC(156) NMethods: 22331 registered, 0 unregistered
[93.691s][info][gc,metaspace] GC(156) Metaspace: 134M used, 136M committed, 1152M reserved
[93.691s][info][gc,ref      ] GC(156) Soft: 8844 encountered, 0 discovered, 0 enqueued
[93.691s][info][gc,ref      ] GC(156) Weak: 16215 encountered, 3899 discovered, 692 enqueued
[93.691s][info][gc,ref      ] GC(156) Final: 53 encountered, 0 discovered, 0 enqueued
[93.691s][info][gc,ref      ] GC(156) Phantom: 589 encountered, 303 discovered, 0 enqueued
[93.691s][info][gc,reloc    ] GC(156) Small Pages: 624 / 1248M, Empty: 1000M, Relocated: 3M, In-Place: 0
[93.691s][info][gc,reloc    ] GC(156) Medium Pages: 2 / 64M, Empty: 32M, Relocated: 0M, In-Place: 0
[93.691s][info][gc,reloc    ] GC(156) Large Pages: 6 / 36M, Empty: 36M, Relocated: 0M, In-Place: 0
[93.691s][info][gc,reloc    ] GC(156) Forwarding Usage: 1M
[93.691s][info][gc,heap     ] GC(156) Min Capacity: 2048M(100%)
[93.691s][info][gc,heap     ] GC(156) Max Capacity: 2048M(100%)
[93.691s][info][gc,heap     ] GC(156) Soft Max Capacity: 2048M(100%)
[93.691s][info][gc,heap     ] GC(156)                Mark Start          Mark End        Relocate Start      Relocate End           High               Low         
[93.691s][info][gc,heap     ] GC(156)  Capacity:     2048M (100%)       2048M (100%)       2048M (100%)       2048M (100%)       2048M (100%)       2048M (100%)   
[93.691s][info][gc,heap     ] GC(156)      Free:      700M (34%)         544M (27%)        1438M (70%)        1606M (78%)        1606M (78%)         382M (19%)    
[93.691s][info][gc,heap     ] GC(156)      Used:     1348M (66%)        1504M (73%)         610M (30%)         442M (22%)        1666M (81%)         442M (22%)    
[93.691s][info][gc,heap     ] GC(156)      Live:         -                89M (4%)           89M (4%)           89M (4%)             -                  -          
[93.691s][info][gc,heap     ] GC(156) Allocated:         -               156M (8%)          330M (16%)         335M (16%)            -                  -          
[93.691s][info][gc,heap     ] GC(156)   Garbage:         -              1258M (61%)         190M (9%)           16M (1%)             -                  -          
[93.691s][info][gc,heap     ] GC(156) Reclaimed:         -                  -              1068M (52%)        1241M (61%)            -                  -          
[93.691s][info][gc          ] GC(156) Garbage Collection (Allocation Rate) 1348M(66%)->442M(22%)
[93.868s][info][gc,start    ] GC(157) Garbage Collection (System.gc())
[93.868s][info][gc,task     ] GC(157) Using 2 workers
[93.868s][info][gc,phases   ] GC(157) Pause Mark Start 0.005ms
[93.931s][info][gc,phases   ] GC(157) Concurrent Mark 62.220ms
[93.931s][info][gc,phases   ] GC(157) Pause Mark End 0.051ms
[93.931s][info][gc,phases   ] GC(157) Concurrent Mark Free 0.001ms
[93.967s][info][gc,phases   ] GC(157) Concurrent Process Non-Strong References 35.702ms
[93.967s][info][gc,phases   ] GC(157) Concurrent Reset Relocation Set 0.004ms
[93.969s][info][gc,phases   ] GC(157) Concurrent Select Relocation Set 1.500ms
[93.969s][info][gc,phases   ] GC(157) Pause Relocate Start 0.007ms
[93.971s][info][gc,phases   ] GC(157) Concurrent Relocate 2.825ms
[93.971s][info][gc,load     ] GC(157) Load: 0.00/0.00/0.00
[93.972s][info][gc,mmu      ] GC(157) MMU: 2ms/95.2%, 5ms/98.1%, 10ms/99.0%, 20ms/99.5%, 50ms/99.8%, 100ms/99.9%
[93.972s][info][gc,marking  ] GC(157) Mark: 2 stripe(s), 2 proactive flush(es), 1 terminate flush(es), 0 completion(s), 0 continuation(s) 
[93.972s][info][gc,marking  ] GC(157) Mark Stack Usage: 32M
[93.972s][info][gc,nmethod  ] GC(157) NMethods: 22333 registered, 0 unregistered
[93.972s][info][gc,metaspace] GC(157) Metaspace: 134M used, 136M committed, 1152M reserved
[93.972s][info][gc,ref      ] GC(157) Soft: 8843 encountered, 0 discovered, 0 enqueued
[93.972s][info][gc,ref      ] GC(157) Weak: 15916 encountered, 3435 discovered, 599 enqueued
[93.972s][info][gc,ref      ] GC(157) Final: 53 encountered, 0 discovered, 0 enqueued
[93.972s][info][gc,ref      ] GC(157) Phantom: 589 encountered, 340 discovered, 0 enqueued
[93.972s][info][gc,reloc    ] GC(157) Small Pages: 259 / 518M, Empty: 248M, Relocated: 12M, In-Place: 0
[93.972s][info][gc,reloc    ] GC(157) Medium Pages: 2 / 64M, Empty: 32M, Relocated: 0M, In-Place: 0
[93.972s][info][gc,reloc    ] GC(157) Large Pages: 8 / 48M, Empty: 48M, Relocated: 0M, In-Place: 0
[93.972s][info][gc,reloc    ] GC(157) Forwarding Usage: 0M
[93.972s][info][gc,heap     ] GC(157) Min Capacity: 2048M(100%)
[93.972s][info][gc,heap     ] GC(157) Max Capacity: 2048M(100%)
[93.972s][info][gc,heap     ] GC(157) Soft Max Capacity: 2048M(100%)
[93.972s][info][gc,heap     ] GC(157)                Mark Start          Mark End        Relocate Start      Relocate End           High               Low         
[93.972s][info][gc,heap     ] GC(157)  Capacity:     2048M (100%)       2048M (100%)       2048M (100%)       2048M (100%)       2048M (100%)       2048M (100%)   
[93.972s][info][gc,heap     ] GC(157)      Free:     1418M (69%)        1408M (69%)        1730M (84%)        1912M (93%)        1912M (93%)        1406M (69%)    
[93.972s][info][gc,heap     ] GC(157)      Used:      630M (31%)         640M (31%)         318M (16%)         136M (7%)          642M (31%)         136M (7%)     
[93.972s][info][gc,heap     ] GC(157)      Live:         -                98M (5%)           98M (5%)           98M (5%)             -                  -          
[93.972s][info][gc,heap     ] GC(157) Allocated:         -                10M (0%)           16M (1%)           15M (1%)             -                  -          
[93.972s][info][gc,heap     ] GC(157)   Garbage:         -               531M (26%)         203M (10%)          21M (1%)             -                  -          
[93.972s][info][gc,heap     ] GC(157) Reclaimed:         -                  -               328M (16%)         509M (25%)            -                  -          
[93.972s][info][gc          ] GC(157) Garbage Collection (System.gc()) 630M(31%)->136M(7%)
[94.519s][info][gc,start    ] GC(158) Garbage Collection (Allocation Rate)
[94.519s][info][gc,task     ] GC(158) Using 1 workers
[94.519s][info][gc,phases   ] GC(158) Pause Mark Start 0.005ms
[94.614s][info][gc,phases   ] GC(158) Concurrent Mark 94.335ms
[94.614s][info][gc,phases   ] GC(158) Pause Mark End 0.015ms
[94.614s][info][gc,phases   ] GC(158) Concurrent Mark Free 0.000ms
[94.680s][info][gc,phases   ] GC(158) Concurrent Process Non-Strong References 65.508ms
[94.680s][info][gc,phases   ] GC(158) Concurrent Reset Relocation Set 0.008ms
[94.682s][info][gc,phases   ] GC(158) Concurrent Select Relocation Set 2.533ms
[94.682s][info][gc,phases   ] GC(158) Pause Relocate Start 0.011ms
[94.686s][info][gc,phases   ] GC(158) Concurrent Relocate 3.221ms
[94.686s][info][gc,load     ] GC(158) Load: 0.00/0.00/0.00
[94.686s][info][gc,mmu      ] GC(158) MMU: 2ms/95.2%, 5ms/98.1%, 10ms/99.0%, 20ms/99.5%, 50ms/99.8%, 100ms/99.9%
[94.686s][info][gc,marking  ] GC(158) Mark: 1 stripe(s), 2 proactive flush(es), 1 terminate flush(es), 0 completion(s), 0 continuation(s) 
[94.686s][info][gc,marking  ] GC(158) Mark Stack Usage: 32M
[94.686s][info][gc,nmethod  ] GC(158) NMethods: 22444 registered, 0 unregistered
[94.686s][info][gc,metaspace] GC(158) Metaspace: 134M used, 136M committed, 1152M reserved
[94.686s][info][gc,ref      ] GC(158) Soft: 8846 encountered, 0 discovered, 0 enqueued
[94.686s][info][gc,ref      ] GC(158) Weak: 16311 encountered, 3924 discovered, 719 enqueued
[94.686s][info][gc,ref      ] GC(158) Final: 53 encountered, 0 discovered, 0 enqueued
[94.686s][info][gc,ref      ] GC(158) Phantom: 589 encountered, 303 discovered, 0 enqueued
[94.686s][info][gc,reloc    ] GC(158) Small Pages: 639 / 1278M, Empty: 1044M, Relocated: 2M, In-Place: 0
[94.686s][info][gc,reloc    ] GC(158) Medium Pages: 2 / 64M, Empty: 32M, Relocated: 0M, In-Place: 0
[94.686s][info][gc,reloc    ] GC(158) Large Pages: 7 / 42M, Empty: 42M, Relocated: 0M, In-Place: 0
[94.686s][info][gc,reloc    ] GC(158) Forwarding Usage: 0M
[94.686s][info][gc,heap     ] GC(158) Min Capacity: 2048M(100%)
[94.686s][info][gc,heap     ] GC(158) Max Capacity: 2048M(100%)
[94.686s][info][gc,heap     ] GC(158) Soft Max Capacity: 2048M(100%)
[94.686s][info][gc,heap     ] GC(158)                Mark Start          Mark End        Relocate Start      Relocate End           High               Low         
[94.686s][info][gc,heap     ] GC(158)  Capacity:     2048M (100%)       2048M (100%)       2048M (100%)       2048M (100%)       2048M (100%)       2048M (100%)   
[94.686s][info][gc,heap     ] GC(158)      Free:      664M (32%)         500M (24%)        1460M (71%)        1612M (79%)        1612M (79%)         352M (17%)    
[94.686s][info][gc,heap     ] GC(158)      Used:     1384M (68%)        1548M (76%)         588M (29%)         436M (21%)        1696M (83%)         436M (21%)    
[94.686s][info][gc,heap     ] GC(158)      Live:         -                88M (4%)           88M (4%)           88M (4%)             -                  -          
[94.686s][info][gc,heap     ] GC(158) Allocated:         -               164M (8%)          322M (16%)         329M (16%)            -                  -          
[94.686s][info][gc,heap     ] GC(158)   Garbage:         -              1295M (63%)         177M (9%)           17M (1%)             -                  -          
[94.686s][info][gc,heap     ] GC(158) Reclaimed:         -                  -              1118M (55%)        1277M (62%)            -                  -          
[94.686s][info][gc          ] GC(158) Garbage Collection (Allocation Rate) 1384M(68%)->436M(21%)
[94.864s][info][gc,start    ] GC(159) Garbage Collection (System.gc())
[94.864s][info][gc,task     ] GC(159) Using 2 workers
[94.864s][info][gc,phases   ] GC(159) Pause Mark Start 0.009ms
[94.926s][info][gc,phases   ] GC(159) Concurrent Mark 62.453ms
[94.927s][info][gc,phases   ] GC(159) Pause Mark End 0.052ms
[94.927s][info][gc,phases   ] GC(159) Concurrent Mark Free 0.002ms
[94.949s][info][gc,phases   ] GC(159) Concurrent Process Non-Strong References 22.126ms
[94.949s][info][gc,phases   ] GC(159) Concurrent Reset Relocation Set 0.004ms
[94.951s][info][gc,phases   ] GC(159) Concurrent Select Relocation Set 1.816ms
[94.951s][info][gc,phases   ] GC(159) Pause Relocate Start 0.009ms
[94.952s][info][gc,phases   ] GC(159) Concurrent Relocate 0.480ms
[94.952s][info][gc,load     ] GC(159) Load: 0.00/0.00/0.00
[94.952s][info][gc,mmu      ] GC(159) MMU: 2ms/95.2%, 5ms/98.1%, 10ms/99.0%, 20ms/99.5%, 50ms/99.8%, 100ms/99.9%
[94.952s][info][gc,marking  ] GC(159) Mark: 2 stripe(s), 2 proactive flush(es), 1 terminate flush(es), 0 completion(s), 0 continuation(s) 
[94.952s][info][gc,marking  ] GC(159) Mark Stack Usage: 32M
[94.952s][info][gc,nmethod  ] GC(159) NMethods: 22448 registered, 0 unregistered
[94.952s][info][gc,metaspace] GC(159) Metaspace: 134M used, 136M committed, 1152M reserved
[94.952s][info][gc,ref      ] GC(159) Soft: 8843 encountered, 0 discovered, 0 enqueued
[94.952s][info][gc,ref      ] GC(159) Weak: 15930 encountered, 3739 discovered, 599 enqueued
[94.952s][info][gc,ref      ] GC(159) Final: 53 encountered, 0 discovered, 0 enqueued
[94.952s][info][gc,ref      ] GC(159) Phantom: 589 encountered, 402 discovered, 0 enqueued
[94.952s][info][gc,reloc    ] GC(159) Small Pages: 253 / 506M, Empty: 346M, Relocated: 1M, In-Place: 0
[94.952s][info][gc,reloc    ] GC(159) Medium Pages: 2 / 64M, Empty: 32M, Relocated: 0M, In-Place: 0
[94.952s][info][gc,reloc    ] GC(159) Large Pages: 7 / 42M, Empty: 42M, Relocated: 0M, In-Place: 0
[94.952s][info][gc,reloc    ] GC(159) Forwarding Usage: 0M
[94.952s][info][gc,heap     ] GC(159) Min Capacity: 2048M(100%)
[94.952s][info][gc,heap     ] GC(159) Max Capacity: 2048M(100%)
[94.952s][info][gc,heap     ] GC(159) Soft Max Capacity: 2048M(100%)
[94.952s][info][gc,heap     ] GC(159)                Mark Start          Mark End        Relocate Start      Relocate End           High               Low         
[94.952s][info][gc,heap     ] GC(159)  Capacity:     2048M (100%)       2048M (100%)       2048M (100%)       2048M (100%)       2048M (100%)       2048M (100%)   
[94.952s][info][gc,heap     ] GC(159)      Free:     1436M (70%)        1434M (70%)        1846M (90%)        1926M (94%)        1926M (94%)        1434M (70%)    
[94.952s][info][gc,heap     ] GC(159)      Used:      612M (30%)         614M (30%)         202M (10%)         122M (6%)          614M (30%)         122M (6%)     
[94.952s][info][gc,heap     ] GC(159)      Live:         -                87M (4%)           87M (4%)           87M (4%)             -                  -          
[94.952s][info][gc,heap     ] GC(159) Allocated:         -                 2M (0%)           10M (0%)           13M (1%)             -                  -          
[94.952s][info][gc,heap     ] GC(159)   Garbage:         -               524M (26%)         104M (5%)           20M (1%)             -                  -          
[94.952s][info][gc,heap     ] GC(159) Reclaimed:         -                  -               420M (21%)         503M (25%)            -                  -          
[94.952s][info][gc          ] GC(159) Garbage Collection (System.gc()) 612M(30%)->122M(6%)
[95.517s][info][gc,start    ] GC(160) Garbage Collection (Allocation Rate)
[95.517s][info][gc,task     ] GC(160) Using 1 workers
[95.517s][info][gc,phases   ] GC(160) Pause Mark Start 0.009ms
[95.617s][info][gc,phases   ] GC(160) Concurrent Mark 99.496ms
[95.617s][info][gc,phases   ] GC(160) Pause Mark End 0.016ms
[95.617s][info][gc,phases   ] GC(160) Concurrent Mark Free 0.001ms
[95.681s][info][gc,phases   ] GC(160) Concurrent Process Non-Strong References 64.647ms
[95.681s][info][gc,phases   ] GC(160) Concurrent Reset Relocation Set 0.003ms
[95.684s][info][gc,phases   ] GC(160) Concurrent Select Relocation Set 2.048ms
[95.684s][info][gc,phases   ] GC(160) Pause Relocate Start 0.009ms
[95.690s][info][gc,phases   ] GC(160) Concurrent Relocate 5.491ms
[95.690s][info][gc,load     ] GC(160) Load: 0.00/0.00/0.00
[95.690s][info][gc,mmu      ] GC(160) MMU: 2ms/95.2%, 5ms/98.1%, 10ms/99.0%, 20ms/99.5%, 50ms/99.8%, 100ms/99.9%
[95.690s][info][gc,marking  ] GC(160) Mark: 1 stripe(s), 2 proactive flush(es), 1 terminate flush(es), 0 completion(s), 0 continuation(s) 
[95.690s][info][gc,marking  ] GC(160) Mark Stack Usage: 32M
[95.690s][info][gc,nmethod  ] GC(160) NMethods: 22459 registered, 0 unregistered
[95.690s][info][gc,metaspace] GC(160) Metaspace: 134M used, 136M committed, 1152M reserved
[95.690s][info][gc,ref      ] GC(160) Soft: 8846 encountered, 0 discovered, 0 enqueued
[95.690s][info][gc,ref      ] GC(160) Weak: 16290 encountered, 4001 discovered, 707 enqueued
[95.690s][info][gc,ref      ] GC(160) Final: 53 encountered, 0 discovered, 0 enqueued
[95.690s][info][gc,ref      ] GC(160) Phantom: 589 encountered, 355 discovered, 0 enqueued
[95.690s][info][gc,reloc    ] GC(160) Small Pages: 644 / 1288M, Empty: 1054M, Relocated: 3M, In-Place: 0
[95.690s][info][gc,reloc    ] GC(160) Medium Pages: 2 / 64M, Empty: 0M, Relocated: 23M, In-Place: 0
[95.690s][info][gc,reloc    ] GC(160) Large Pages: 7 / 42M, Empty: 42M, Relocated: 0M, In-Place: 0
[95.690s][info][gc,reloc    ] GC(160) Forwarding Usage: 0M
[95.690s][info][gc,heap     ] GC(160) Min Capacity: 2048M(100%)
[95.690s][info][gc,heap     ] GC(160) Max Capacity: 2048M(100%)
[95.690s][info][gc,heap     ] GC(160) Soft Max Capacity: 2048M(100%)
[95.690s][info][gc,heap     ] GC(160)                Mark Start          Mark End        Relocate Start      Relocate End           High               Low         
[95.690s][info][gc,heap     ] GC(160)  Capacity:     2048M (100%)       2048M (100%)       2048M (100%)       2048M (100%)       2048M (100%)       2048M (100%)   
[95.690s][info][gc,heap     ] GC(160)      Free:      654M (32%)         408M (20%)        1378M (67%)        1560M (76%)        1560M (76%)         292M (14%)    
[95.690s][info][gc,heap     ] GC(160)      Used:     1394M (68%)        1640M (80%)         670M (33%)         488M (24%)        1756M (86%)         488M (24%)    
[95.690s][info][gc,heap     ] GC(160)      Live:         -                90M (4%)           90M (4%)           90M (4%)             -                  -          
[95.690s][info][gc,heap     ] GC(160) Allocated:         -               246M (12%)         372M (18%)         376M (18%)            -                  -          
[95.690s][info][gc,heap     ] GC(160)   Garbage:         -              1303M (64%)         207M (10%)          21M (1%)             -                  -          
[95.690s][info][gc,heap     ] GC(160) Reclaimed:         -                  -              1096M (54%)        1282M (63%)            -                  -          
[95.690s][info][gc          ] GC(160) Garbage Collection (Allocation Rate) 1394M(68%)->488M(24%)
[95.822s][info][gc,start    ] GC(161) Garbage Collection (System.gc())
[95.822s][info][gc,task     ] GC(161) Using 2 workers
[95.822s][info][gc,phases   ] GC(161) Pause Mark Start 0.008ms
[95.885s][info][gc,phases   ] GC(161) Concurrent Mark 62.689ms
[95.886s][info][gc,phases   ] GC(161) Pause Mark End 0.053ms
[95.886s][info][gc,phases   ] GC(161) Concurrent Mark Free 0.002ms
[95.907s][info][gc,phases   ] GC(161) Concurrent Process Non-Strong References 21.724ms
[95.908s][info][gc,phases   ] GC(161) Concurrent Reset Relocation Set 0.006ms
[95.910s][info][gc,phases   ] GC(161) Concurrent Select Relocation Set 2.333ms
[95.910s][info][gc,phases   ] GC(161) Pause Relocate Start 0.008ms
[95.917s][info][gc,phases   ] GC(161) Concurrent Relocate 7.220ms
[95.917s][info][gc,load     ] GC(161) Load: 0.00/0.00/0.00
[95.917s][info][gc,mmu      ] GC(161) MMU: 2ms/95.2%, 5ms/98.1%, 10ms/99.0%, 20ms/99.5%, 50ms/99.8%, 100ms/99.9%
[95.917s][info][gc,marking  ] GC(161) Mark: 2 stripe(s), 2 proactive flush(es), 1 terminate flush(es), 0 completion(s), 0 continuation(s) 
[95.917s][info][gc,marking  ] GC(161) Mark Stack Usage: 32M
[95.917s][info][gc,nmethod  ] GC(161) NMethods: 22466 registered, 0 unregistered
[95.917s][info][gc,metaspace] GC(161) Metaspace: 134M used, 136M committed, 1152M reserved
[95.917s][info][gc,ref      ] GC(161) Soft: 8843 encountered, 0 discovered, 0 enqueued
[95.917s][info][gc,ref      ] GC(161) Weak: 15908 encountered, 3546 discovered, 588 enqueued
[95.917s][info][gc,ref      ] GC(161) Final: 53 encountered, 0 discovered, 0 enqueued
[95.918s][info][gc,ref      ] GC(161) Phantom: 589 encountered, 320 discovered, 0 enqueued
[95.918s][info][gc,reloc    ] GC(161) Small Pages: 239 / 478M, Empty: 158M, Relocated: 18M, In-Place: 0
[95.918s][info][gc,reloc    ] GC(161) Medium Pages: 2 / 64M, Empty: 0M, Relocated: 22M, In-Place: 0
[95.918s][info][gc,reloc    ] GC(161) Large Pages: 7 / 42M, Empty: 42M, Relocated: 0M, In-Place: 0
[95.918s][info][gc,reloc    ] GC(161) Forwarding Usage: 1M
[95.918s][info][gc,heap     ] GC(161) Min Capacity: 2048M(100%)
[95.918s][info][gc,heap     ] GC(161) Max Capacity: 2048M(100%)
[95.918s][info][gc,heap     ] GC(161) Soft Max Capacity: 2048M(100%)
[95.918s][info][gc,heap     ] GC(161)                Mark Start          Mark End        Relocate Start      Relocate End           High               Low         
[95.918s][info][gc,heap     ] GC(161)  Capacity:     2048M (100%)       2048M (100%)       2048M (100%)       2048M (100%)       2048M (100%)       2048M (100%)   
[95.918s][info][gc,heap     ] GC(161)      Free:     1464M (71%)        1454M (71%)        1646M (80%)        1900M (93%)        1900M (93%)        1454M (71%)    
[95.918s][info][gc,heap     ] GC(161)      Used:      584M (29%)         594M (29%)         402M (20%)         148M (7%)          594M (29%)         148M (7%)     
[95.918s][info][gc,heap     ] GC(161)      Live:         -               104M (5%)          104M (5%)          104M (5%)             -                  -          
[95.918s][info][gc,heap     ] GC(161) Allocated:         -                10M (0%)           18M (1%)           25M (1%)             -                  -          
[95.918s][info][gc,heap     ] GC(161)   Garbage:         -               479M (23%)         279M (14%)          17M (1%)             -                  -          
[95.918s][info][gc,heap     ] GC(161) Reclaimed:         -                  -               200M (10%)         461M (23%)            -                  -          
[95.918s][info][gc          ] GC(161) Garbage Collection (System.gc()) 584M(29%)->148M(7%)
[96.415s][info][gc,start    ] GC(162) Garbage Collection (Allocation Rate)
[96.415s][info][gc,task     ] GC(162) Using 1 workers
[96.415s][info][gc,phases   ] GC(162) Pause Mark Start 0.006ms
[96.515s][info][gc,phases   ] GC(162) Concurrent Mark 99.744ms
[96.515s][info][gc,phases   ] GC(162) Pause Mark End 0.018ms
[96.515s][info][gc,phases   ] GC(162) Concurrent Mark Free 0.001ms
[96.581s][info][gc,phases   ] GC(162) Concurrent Process Non-Strong References 65.512ms
[96.581s][info][gc,phases   ] GC(162) Concurrent Reset Relocation Set 0.010ms
[96.583s][info][gc,phases   ] GC(162) Concurrent Select Relocation Set 2.463ms
[96.583s][info][gc,phases   ] GC(162) Pause Relocate Start 0.011ms
[96.589s][info][gc,phases   ] GC(162) Concurrent Relocate 5.253ms
[96.589s][info][gc,load     ] GC(162) Load: 0.00/0.00/0.00
[96.589s][info][gc,mmu      ] GC(162) MMU: 2ms/95.2%, 5ms/98.1%, 10ms/99.0%, 20ms/99.5%, 50ms/99.8%, 100ms/99.9%
[96.589s][info][gc,marking  ] GC(162) Mark: 1 stripe(s), 2 proactive flush(es), 1 terminate flush(es), 0 completion(s), 0 continuation(s) 
[96.589s][info][gc,marking  ] GC(162) Mark Stack Usage: 32M
[96.589s][info][gc,nmethod  ] GC(162) NMethods: 22499 registered, 0 unregistered
[96.589s][info][gc,metaspace] GC(162) Metaspace: 134M used, 136M committed, 1152M reserved
[96.589s][info][gc,ref      ] GC(162) Soft: 8845 encountered, 0 discovered, 0 enqueued
[96.589s][info][gc,ref      ] GC(162) Weak: 16235 encountered, 3900 discovered, 701 enqueued
[96.589s][info][gc,ref      ] GC(162) Final: 53 encountered, 0 discovered, 0 enqueued
[96.589s][info][gc,ref      ] GC(162) Phantom: 589 encountered, 355 discovered, 0 enqueued
[96.589s][info][gc,reloc    ] GC(162) Small Pages: 634 / 1268M, Empty: 986M, Relocated: 4M, In-Place: 0
[96.589s][info][gc,reloc    ] GC(162) Medium Pages: 2 / 64M, Empty: 32M, Relocated: 0M, In-Place: 0
[96.589s][info][gc,reloc    ] GC(162) Large Pages: 6 / 36M, Empty: 36M, Relocated: 0M, In-Place: 0
[96.589s][info][gc,reloc    ] GC(162) Forwarding Usage: 1M
[96.589s][info][gc,heap     ] GC(162) Min Capacity: 2048M(100%)
[96.589s][info][gc,heap     ] GC(162) Max Capacity: 2048M(100%)
[96.589s][info][gc,heap     ] GC(162) Soft Max Capacity: 2048M(100%)
[96.589s][info][gc,heap     ] GC(162)                Mark Start          Mark End        Relocate Start      Relocate End           High               Low         
[96.589s][info][gc,heap     ] GC(162)  Capacity:     2048M (100%)       2048M (100%)       2048M (100%)       2048M (100%)       2048M (100%)       2048M (100%)   
[96.589s][info][gc,heap     ] GC(162)      Free:      680M (33%)         522M (25%)        1422M (69%)        1620M (79%)        1620M (79%)         378M (18%)    
[96.589s][info][gc,heap     ] GC(162)      Used:     1368M (67%)        1526M (75%)         626M (31%)         428M (21%)        1670M (82%)         428M (21%)    
[96.589s][info][gc,heap     ] GC(162)      Live:         -                90M (4%)           90M (4%)           90M (4%)             -                  -          
[96.589s][info][gc,heap     ] GC(162) Allocated:         -               158M (8%)          312M (15%)         319M (16%)            -                  -          
[96.589s][info][gc,heap     ] GC(162)   Garbage:         -              1277M (62%)         223M (11%)          17M (1%)             -                  -          
[96.589s][info][gc,heap     ] GC(162) Reclaimed:         -                  -              1054M (51%)        1259M (62%)            -                  -          
[96.589s][info][gc          ] GC(162) Garbage Collection (Allocation Rate) 1368M(67%)->428M(21%)
[96.779s][info][gc,start    ] GC(163) Garbage Collection (System.gc())
[96.779s][info][gc,task     ] GC(163) Using 2 workers
[96.779s][info][gc,phases   ] GC(163) Pause Mark Start 0.005ms
[96.841s][info][gc,phases   ] GC(163) Concurrent Mark 62.688ms
[96.842s][info][gc,phases   ] GC(163) Pause Mark End 0.044ms
[96.842s][info][gc,phases   ] GC(163) Concurrent Mark Free 0.001ms
[96.864s][info][gc,phases   ] GC(163) Concurrent Process Non-Strong References 21.799ms
[96.864s][info][gc,phases   ] GC(163) Concurrent Reset Relocation Set 0.005ms
[96.865s][info][gc,phases   ] GC(163) Concurrent Select Relocation Set 1.534ms
[96.865s][info][gc,phases   ] GC(163) Pause Relocate Start 0.008ms
[96.869s][info][gc,phases   ] GC(163) Concurrent Relocate 3.673ms
[96.869s][info][gc,load     ] GC(163) Load: 0.00/0.00/0.00
[96.869s][info][gc,mmu      ] GC(163) MMU: 2ms/95.2%, 5ms/98.1%, 10ms/99.0%, 20ms/99.5%, 50ms/99.8%, 100ms/99.9%
[96.869s][info][gc,marking  ] GC(163) Mark: 2 stripe(s), 2 proactive flush(es), 1 terminate flush(es), 0 completion(s), 0 continuation(s) 
[96.869s][info][gc,marking  ] GC(163) Mark Stack Usage: 32M
[96.869s][info][gc,nmethod  ] GC(163) NMethods: 22501 registered, 0 unregistered
[96.869s][info][gc,metaspace] GC(163) Metaspace: 134M used, 136M committed, 1152M reserved
[96.869s][info][gc,ref      ] GC(163) Soft: 8843 encountered, 0 discovered, 0 enqueued
[96.869s][info][gc,ref      ] GC(163) Weak: 15948 encountered, 4205 discovered, 610 enqueued
[96.869s][info][gc,ref      ] GC(163) Final: 53 encountered, 0 discovered, 0 enqueued
[96.869s][info][gc,ref      ] GC(163) Phantom: 589 encountered, 305 discovered, 0 enqueued
[96.869s][info][gc,reloc    ] GC(163) Small Pages: 258 / 516M, Empty: 236M, Relocated: 13M, In-Place: 0
[96.869s][info][gc,reloc    ] GC(163) Medium Pages: 2 / 64M, Empty: 32M, Relocated: 0M, In-Place: 0
[96.869s][info][gc,reloc    ] GC(163) Large Pages: 8 / 48M, Empty: 48M, Relocated: 0M, In-Place: 0
[96.869s][info][gc,reloc    ] GC(163) Forwarding Usage: 1M
[96.869s][info][gc,heap     ] GC(163) Min Capacity: 2048M(100%)
[96.869s][info][gc,heap     ] GC(163) Max Capacity: 2048M(100%)
[96.869s][info][gc,heap     ] GC(163) Soft Max Capacity: 2048M(100%)
[96.869s][info][gc,heap     ] GC(163)                Mark Start          Mark End        Relocate Start      Relocate End           High               Low         
[96.869s][info][gc,heap     ] GC(163)  Capacity:     2048M (100%)       2048M (100%)       2048M (100%)       2048M (100%)       2048M (100%)       2048M (100%)   
[96.869s][info][gc,heap     ] GC(163)      Free:     1420M (69%)        1414M (69%)        1726M (84%)        1916M (94%)        1916M (94%)        1414M (69%)    
[96.869s][info][gc,heap     ] GC(163)      Used:      628M (31%)         634M (31%)         322M (16%)         132M (6%)          634M (31%)         132M (6%)     
[96.869s][info][gc,heap     ] GC(163)      Live:         -                99M (5%)           99M (5%)           99M (5%)             -                  -          
[96.869s][info][gc,heap     ] GC(163) Allocated:         -                 6M (0%)           10M (0%)           13M (1%)             -                  -          
[96.869s][info][gc,heap     ] GC(163)   Garbage:         -               528M (26%)         212M (10%)          18M (1%)             -                  -          
[96.869s][info][gc,heap     ] GC(163) Reclaimed:         -                  -               316M (15%)         509M (25%)            -                  -          
[96.869s][info][gc          ] GC(163) Garbage Collection (System.gc()) 628M(31%)->132M(6%)
[97.413s][info][gc,start    ] GC(164) Garbage Collection (Allocation Rate)
[97.413s][info][gc,task     ] GC(164) Using 1 workers
[97.413s][info][gc,phases   ] GC(164) Pause Mark Start 0.008ms
[97.517s][info][gc,phases   ] GC(164) Concurrent Mark 104.444ms
[97.517s][info][gc,phases   ] GC(164) Pause Mark End 0.015ms
[97.517s][info][gc,phases   ] GC(164) Concurrent Mark Free 0.001ms
[97.582s][info][gc,phases   ] GC(164) Concurrent Process Non-Strong References 64.397ms
[97.582s][info][gc,phases   ] GC(164) Concurrent Reset Relocation Set 0.008ms
[97.584s][info][gc,phases   ] GC(164) Concurrent Select Relocation Set 2.160ms
[97.584s][info][gc,phases   ] GC(164) Pause Relocate Start 0.009ms
[97.587s][info][gc,phases   ] GC(164) Concurrent Relocate 3.013ms
[97.588s][info][gc,load     ] GC(164) Load: 0.00/0.00/0.00
[97.588s][info][gc,mmu      ] GC(164) MMU: 2ms/95.2%, 5ms/98.1%, 10ms/99.0%, 20ms/99.5%, 50ms/99.8%, 100ms/99.9%
[97.588s][info][gc,marking  ] GC(164) Mark: 1 stripe(s), 2 proactive flush(es), 1 terminate flush(es), 0 completion(s), 0 continuation(s) 
[97.588s][info][gc,marking  ] GC(164) Mark Stack Usage: 32M
[97.588s][info][gc,nmethod  ] GC(164) NMethods: 22535 registered, 0 unregistered
[97.588s][info][gc,metaspace] GC(164) Metaspace: 134M used, 136M committed, 1152M reserved
[97.588s][info][gc,ref      ] GC(164) Soft: 8846 encountered, 0 discovered, 0 enqueued
[97.588s][info][gc,ref      ] GC(164) Weak: 16295 encountered, 3933 discovered, 707 enqueued
[97.588s][info][gc,ref      ] GC(164) Final: 53 encountered, 0 discovered, 0 enqueued
[97.588s][info][gc,ref      ] GC(164) Phantom: 589 encountered, 355 discovered, 0 enqueued
[97.588s][info][gc,reloc    ] GC(164) Small Pages: 642 / 1284M, Empty: 1042M, Relocated: 3M, In-Place: 0
[97.588s][info][gc,reloc    ] GC(164) Medium Pages: 2 / 64M, Empty: 32M, Relocated: 0M, In-Place: 0
[97.588s][info][gc,reloc    ] GC(164) Large Pages: 7 / 42M, Empty: 42M, Relocated: 0M, In-Place: 0
[97.588s][info][gc,reloc    ] GC(164) Forwarding Usage: 0M
[97.588s][info][gc,heap     ] GC(164) Min Capacity: 2048M(100%)
[97.588s][info][gc,heap     ] GC(164) Max Capacity: 2048M(100%)
[97.588s][info][gc,heap     ] GC(164) Soft Max Capacity: 2048M(100%)
[97.588s][info][gc,heap     ] GC(164)                Mark Start          Mark End        Relocate Start      Relocate End           High               Low         
[97.588s][info][gc,heap     ] GC(164)  Capacity:     2048M (100%)       2048M (100%)       2048M (100%)       2048M (100%)       2048M (100%)       2048M (100%)   
[97.588s][info][gc,heap     ] GC(164)      Free:      658M (32%)         446M (22%)        1434M (70%)        1592M (78%)        1592M (78%)         328M (16%)    
[97.588s][info][gc,heap     ] GC(164)      Used:     1390M (68%)        1602M (78%)         614M (30%)         456M (22%)        1720M (84%)         456M (22%)    
[97.588s][info][gc,heap     ] GC(164)      Live:         -                89M (4%)           89M (4%)           89M (4%)             -                  -          
[97.588s][info][gc,heap     ] GC(164) Allocated:         -               212M (10%)         340M (17%)         347M (17%)            -                  -          
[97.588s][info][gc,heap     ] GC(164)   Garbage:         -              1300M (63%)         184M (9%)           18M (1%)             -                  -          
[97.588s][info][gc,heap     ] GC(164) Reclaimed:         -                  -              1116M (54%)        1281M (63%)            -                  -          
[97.588s][info][gc          ] GC(164) Garbage Collection (Allocation Rate) 1390M(68%)->456M(22%)
[97.760s][info][gc,start    ] GC(165) Garbage Collection (System.gc())
[97.760s][info][gc,task     ] GC(165) Using 2 workers
[97.760s][info][gc,phases   ] GC(165) Pause Mark Start 0.008ms
[97.823s][info][gc,phases   ] GC(165) Concurrent Mark 63.099ms
[97.824s][info][gc,phases   ] GC(165) Pause Mark End 0.055ms
[97.824s][info][gc,phases   ] GC(165) Concurrent Mark Free 0.002ms
[97.847s][info][gc,phases   ] GC(165) Concurrent Process Non-Strong References 23.168ms
[97.847s][info][gc,phases   ] GC(165) Concurrent Reset Relocation Set 0.005ms
[97.849s][info][gc,phases   ] GC(165) Concurrent Select Relocation Set 1.625ms
[97.849s][info][gc,phases   ] GC(165) Pause Relocate Start 0.008ms
[97.852s][info][gc,phases   ] GC(165) Concurrent Relocate 3.424ms
[97.852s][info][gc,load     ] GC(165) Load: 0.00/0.00/0.00
[97.852s][info][gc,mmu      ] GC(165) MMU: 2ms/95.2%, 5ms/98.1%, 10ms/99.0%, 20ms/99.5%, 50ms/99.8%, 100ms/99.9%
[97.852s][info][gc,marking  ] GC(165) Mark: 2 stripe(s), 2 proactive flush(es), 1 terminate flush(es), 0 completion(s), 0 continuation(s) 
[97.852s][info][gc,marking  ] GC(165) Mark Stack Usage: 32M
[97.852s][info][gc,nmethod  ] GC(165) NMethods: 22538 registered, 0 unregistered
[97.852s][info][gc,metaspace] GC(165) Metaspace: 134M used, 136M committed, 1152M reserved
[97.852s][info][gc,ref      ] GC(165) Soft: 8843 encountered, 0 discovered, 0 enqueued
[97.852s][info][gc,ref      ] GC(165) Weak: 15917 encountered, 3714 discovered, 593 enqueued
[97.852s][info][gc,ref      ] GC(165) Final: 53 encountered, 0 discovered, 0 enqueued
[97.852s][info][gc,ref      ] GC(165) Phantom: 589 encountered, 393 discovered, 0 enqueued
[97.852s][info][gc,reloc    ] GC(165) Small Pages: 249 / 498M, Empty: 220M, Relocated: 13M, In-Place: 0
[97.852s][info][gc,reloc    ] GC(165) Medium Pages: 2 / 64M, Empty: 32M, Relocated: 0M, In-Place: 0
[97.852s][info][gc,reloc    ] GC(165) Large Pages: 7 / 42M, Empty: 42M, Relocated: 0M, In-Place: 0
[97.853s][info][gc,reloc    ] GC(165) Forwarding Usage: 0M
[97.853s][info][gc,heap     ] GC(165) Min Capacity: 2048M(100%)
[97.853s][info][gc,heap     ] GC(165) Max Capacity: 2048M(100%)
[97.853s][info][gc,heap     ] GC(165) Soft Max Capacity: 2048M(100%)
[97.853s][info][gc,heap     ] GC(165)                Mark Start          Mark End        Relocate Start      Relocate End           High               Low         
[97.853s][info][gc,heap     ] GC(165)  Capacity:     2048M (100%)       2048M (100%)       2048M (100%)       2048M (100%)       2048M (100%)       2048M (100%)   
[97.853s][info][gc,heap     ] GC(165)      Free:     1444M (71%)        1436M (70%)        1726M (84%)        1912M (93%)        1914M (93%)        1436M (70%)    
[97.853s][info][gc,heap     ] GC(165)      Used:      604M (29%)         612M (30%)         322M (16%)         136M (7%)          612M (30%)         134M (7%)     
[97.853s][info][gc,heap     ] GC(165)      Live:         -                98M (5%)           98M (5%)           98M (5%)             -                  -          
[97.853s][info][gc,heap     ] GC(165) Allocated:         -                 8M (0%)           12M (1%)           17M (1%)             -                  -          
[97.853s][info][gc,heap     ] GC(165)   Garbage:         -               505M (25%)         211M (10%)          19M (1%)             -                  -          
[97.853s][info][gc,heap     ] GC(165) Reclaimed:         -                  -               294M (14%)         485M (24%)            -                  -          
[97.853s][info][gc          ] GC(165) Garbage Collection (System.gc()) 604M(29%)->136M(7%)
[98.415s][info][gc,start    ] GC(166) Garbage Collection (Allocation Rate)
[98.415s][info][gc,task     ] GC(166) Using 1 workers
[98.415s][info][gc,phases   ] GC(166) Pause Mark Start 0.006ms
[98.529s][info][gc,phases   ] GC(166) Concurrent Mark 113.556ms
[98.529s][info][gc,phases   ] GC(166) Pause Mark End 0.018ms
[98.529s][info][gc,phases   ] GC(166) Concurrent Mark Free 0.002ms
[98.593s][info][gc,phases   ] GC(166) Concurrent Process Non-Strong References 63.832ms
[98.593s][info][gc,phases   ] GC(166) Concurrent Reset Relocation Set 0.007ms
[98.595s][info][gc,phases   ] GC(166) Concurrent Select Relocation Set 1.958ms
[98.595s][info][gc,phases   ] GC(166) Pause Relocate Start 0.008ms
[98.599s][info][gc,phases   ] GC(166) Concurrent Relocate 3.189ms
[98.599s][info][gc,load     ] GC(166) Load: 0.00/0.00/0.00
[98.599s][info][gc,mmu      ] GC(166) MMU: 2ms/95.2%, 5ms/98.1%, 10ms/99.0%, 20ms/99.5%, 50ms/99.8%, 100ms/99.9%
[98.599s][info][gc,marking  ] GC(166) Mark: 1 stripe(s), 2 proactive flush(es), 1 terminate flush(es), 0 completion(s), 0 continuation(s) 
[98.599s][info][gc,marking  ] GC(166) Mark Stack Usage: 32M
[98.599s][info][gc,nmethod  ] GC(166) NMethods: 22557 registered, 0 unregistered
[98.599s][info][gc,metaspace] GC(166) Metaspace: 134M used, 136M committed, 1152M reserved
[98.599s][info][gc,ref      ] GC(166) Soft: 8843 encountered, 0 discovered, 0 enqueued
[98.599s][info][gc,ref      ] GC(166) Weak: 16317 encountered, 4003 discovered, 937 enqueued
[98.599s][info][gc,ref      ] GC(166) Final: 53 encountered, 0 discovered, 0 enqueued
[98.599s][info][gc,ref      ] GC(166) Phantom: 589 encountered, 303 discovered, 0 enqueued
[98.599s][info][gc,reloc    ] GC(166) Small Pages: 652 / 1304M, Empty: 1060M, Relocated: 2M, In-Place: 0
[98.599s][info][gc,reloc    ] GC(166) Medium Pages: 2 / 64M, Empty: 32M, Relocated: 0M, In-Place: 0
[98.599s][info][gc,reloc    ] GC(166) Large Pages: 8 / 48M, Empty: 42M, Relocated: 0M, In-Place: 0
[98.599s][info][gc,reloc    ] GC(166) Forwarding Usage: 0M
[98.599s][info][gc,heap     ] GC(166) Min Capacity: 2048M(100%)
[98.599s][info][gc,heap     ] GC(166) Max Capacity: 2048M(100%)
[98.599s][info][gc,heap     ] GC(166) Soft Max Capacity: 2048M(100%)
[98.599s][info][gc,heap     ] GC(166)                Mark Start          Mark End        Relocate Start      Relocate End           High               Low         
[98.599s][info][gc,heap     ] GC(166)  Capacity:     2048M (100%)       2048M (100%)       2048M (100%)       2048M (100%)       2048M (100%)       2048M (100%)   
[98.599s][info][gc,heap     ] GC(166)      Free:      632M (31%)         364M (18%)        1398M (68%)        1552M (76%)        1554M (76%)         268M (13%)    
[98.599s][info][gc,heap     ] GC(166)      Used:     1416M (69%)        1684M (82%)         650M (32%)         496M (24%)        1780M (87%)         494M (24%)    
[98.599s][info][gc,heap     ] GC(166)      Live:         -                95M (5%)           95M (5%)           95M (5%)             -                  -          
[98.599s][info][gc,heap     ] GC(166) Allocated:         -               268M (13%)         368M (18%)         381M (19%)            -                  -          
[98.599s][info][gc,heap     ] GC(166)   Garbage:         -              1320M (64%)         186M (9%)           19M (1%)             -                  -          
[98.599s][info][gc,heap     ] GC(166) Reclaimed:         -                  -              1134M (55%)        1301M (64%)            -                  -          
[98.599s][info][gc          ] GC(166) Garbage Collection (Allocation Rate) 1416M(69%)->496M(24%)
[98.720s][info][gc,start    ] GC(167) Garbage Collection (System.gc())
[98.720s][info][gc,task     ] GC(167) Using 2 workers
[98.720s][info][gc,phases   ] GC(167) Pause Mark Start 0.006ms
[98.782s][info][gc,phases   ] GC(167) Concurrent Mark 61.942ms
[98.782s][info][gc,phases   ] GC(167) Pause Mark End 0.052ms
[98.782s][info][gc,phases   ] GC(167) Concurrent Mark Free 0.001ms
[98.804s][info][gc,phases   ] GC(167) Concurrent Process Non-Strong References 21.882ms
[98.804s][info][gc,phases   ] GC(167) Concurrent Reset Relocation Set 0.006ms
[98.806s][info][gc,phases   ] GC(167) Concurrent Select Relocation Set 1.732ms
[98.806s][info][gc,phases   ] GC(167) Pause Relocate Start 0.006ms
[98.807s][info][gc,phases   ] GC(167) Concurrent Relocate 0.567ms
[98.807s][info][gc,load     ] GC(167) Load: 0.00/0.00/0.00
[98.807s][info][gc,mmu      ] GC(167) MMU: 2ms/95.2%, 5ms/98.1%, 10ms/99.0%, 20ms/99.5%, 50ms/99.8%, 100ms/99.9%
[98.807s][info][gc,marking  ] GC(167) Mark: 2 stripe(s), 2 proactive flush(es), 1 terminate flush(es), 0 completion(s), 0 continuation(s) 
[98.807s][info][gc,marking  ] GC(167) Mark Stack Usage: 32M
[98.807s][info][gc,nmethod  ] GC(167) NMethods: 22562 registered, 0 unregistered
[98.807s][info][gc,metaspace] GC(167) Metaspace: 134M used, 136M committed, 1152M reserved
[98.807s][info][gc,ref      ] GC(167) Soft: 8843 encountered, 0 discovered, 0 enqueued
[98.807s][info][gc,ref      ] GC(167) Weak: 15716 encountered, 3341 discovered, 379 enqueued
[98.807s][info][gc,ref      ] GC(167) Final: 53 encountered, 0 discovered, 0 enqueued
[98.807s][info][gc,ref      ] GC(167) Phantom: 589 encountered, 399 discovered, 0 enqueued
[98.807s][info][gc,reloc    ] GC(167) Small Pages: 240 / 480M, Empty: 322M, Relocated: 1M, In-Place: 0
[98.807s][info][gc,reloc    ] GC(167) Medium Pages: 2 / 64M, Empty: 32M, Relocated: 0M, In-Place: 0
[98.807s][info][gc,reloc    ] GC(167) Large Pages: 7 / 42M, Empty: 42M, Relocated: 0M, In-Place: 0
[98.807s][info][gc,reloc    ] GC(167) Forwarding Usage: 0M
[98.807s][info][gc,heap     ] GC(167) Min Capacity: 2048M(100%)
[98.807s][info][gc,heap     ] GC(167) Max Capacity: 2048M(100%)
[98.807s][info][gc,heap     ] GC(167) Soft Max Capacity: 2048M(100%)
[98.807s][info][gc,heap     ] GC(167)                Mark Start          Mark End        Relocate Start      Relocate End           High               Low         
[98.807s][info][gc,heap     ] GC(167)  Capacity:     2048M (100%)       2048M (100%)       2048M (100%)       2048M (100%)       2048M (100%)       2048M (100%)   
[98.807s][info][gc,heap     ] GC(167)      Free:     1462M (71%)        1452M (71%)        1846M (90%)        1928M (94%)        1928M (94%)        1452M (71%)    
[98.807s][info][gc,heap     ] GC(167)      Used:      586M (29%)         596M (29%)         202M (10%)         120M (6%)          596M (29%)         120M (6%)     
[98.807s][info][gc,heap     ] GC(167)      Live:         -                88M (4%)           88M (4%)           88M (4%)             -                  -          
[98.807s][info][gc,heap     ] GC(167) Allocated:         -                10M (0%)           12M (1%)           11M (1%)             -                  -          
[98.807s][info][gc,heap     ] GC(167)   Garbage:         -               497M (24%)         101M (5%)           19M (1%)             -                  -          
[98.807s][info][gc,heap     ] GC(167) Reclaimed:         -                  -               396M (19%)         477M (23%)            -                  -          
[98.807s][info][gc          ] GC(167) Garbage Collection (System.gc()) 586M(29%)->120M(6%)
[99.412s][info][gc,start    ] GC(168) Garbage Collection (Allocation Rate)
[99.412s][info][gc,task     ] GC(168) Using 1 workers
[99.412s][info][gc,phases   ] GC(168) Pause Mark Start 0.015ms
[99.517s][info][gc,phases   ] GC(168) Concurrent Mark 104.672ms
[99.517s][info][gc,phases   ] GC(168) Pause Mark End 0.021ms
[99.517s][info][gc,phases   ] GC(168) Concurrent Mark Free 0.001ms
[99.581s][info][gc,phases   ] GC(168) Concurrent Process Non-Strong References 64.016ms
[99.581s][info][gc,phases   ] GC(168) Concurrent Reset Relocation Set 0.003ms
[99.584s][info][gc,phases   ] GC(168) Concurrent Select Relocation Set 2.359ms
[99.584s][info][gc,phases   ] GC(168) Pause Relocate Start 0.010ms
[99.591s][info][gc,phases   ] GC(168) Concurrent Relocate 7.254ms
[99.591s][info][gc,load     ] GC(168) Load: 0.00/0.00/0.00
[99.591s][info][gc,mmu      ] GC(168) MMU: 2ms/95.2%, 5ms/98.1%, 10ms/99.0%, 20ms/99.5%, 50ms/99.8%, 100ms/99.9%
[99.591s][info][gc,marking  ] GC(168) Mark: 1 stripe(s), 2 proactive flush(es), 1 terminate flush(es), 0 completion(s), 0 continuation(s) 
[99.591s][info][gc,marking  ] GC(168) Mark Stack Usage: 32M
[99.591s][info][gc,nmethod  ] GC(168) NMethods: 22581 registered, 0 unregistered
[99.591s][info][gc,metaspace] GC(168) Metaspace: 134M used, 136M committed, 1152M reserved
[99.591s][info][gc,ref      ] GC(168) Soft: 8846 encountered, 0 discovered, 0 enqueued
[99.591s][info][gc,ref      ] GC(168) Weak: 16403 encountered, 4021 discovered, 944 enqueued
[99.591s][info][gc,ref      ] GC(168) Final: 53 encountered, 0 discovered, 0 enqueued
[99.591s][info][gc,ref      ] GC(168) Phantom: 589 encountered, 355 discovered, 0 enqueued
[99.591s][info][gc,reloc    ] GC(168) Small Pages: 673 / 1346M, Empty: 1066M, Relocated: 7M, In-Place: 0
[99.591s][info][gc,reloc    ] GC(168) Medium Pages: 2 / 64M, Empty: 32M, Relocated: 0M, In-Place: 0
[99.591s][info][gc,reloc    ] GC(168) Large Pages: 10 / 60M, Empty: 60M, Relocated: 0M, In-Place: 0
[99.591s][info][gc,reloc    ] GC(168) Forwarding Usage: 2M
[99.591s][info][gc,heap     ] GC(168) Min Capacity: 2048M(100%)
[99.591s][info][gc,heap     ] GC(168) Max Capacity: 2048M(100%)
[99.591s][info][gc,heap     ] GC(168) Soft Max Capacity: 2048M(100%)
[99.592s][info][gc,heap     ] GC(168)                Mark Start          Mark End        Relocate Start      Relocate End           High               Low         
[99.592s][info][gc,heap     ] GC(168)  Capacity:     2048M (100%)       2048M (100%)       2048M (100%)       2048M (100%)       2048M (100%)       2048M (100%)   
[99.592s][info][gc,heap     ] GC(168)      Free:      578M (28%)         324M (16%)        1424M (70%)        1614M (79%)        1614M (79%)         270M (13%)    
[99.592s][info][gc,heap     ] GC(168)      Used:     1470M (72%)        1724M (84%)         624M (30%)         434M (21%)        1778M (87%)         434M (21%)    
[99.592s][info][gc,heap     ] GC(168)      Live:         -                93M (5%)           93M (5%)           93M (5%)             -                  -          
[99.592s][info][gc,heap     ] GC(168) Allocated:         -               254M (12%)         312M (15%)         323M (16%)            -                  -          
[99.592s][info][gc,heap     ] GC(168)   Garbage:         -              1376M (67%)         218M (11%)          16M (1%)             -                  -          
[99.592s][info][gc,heap     ] GC(168) Reclaimed:         -                  -              1158M (57%)        1359M (66%)            -                  -          
[99.592s][info][gc          ] GC(168) Garbage Collection (Allocation Rate) 1470M(72%)->434M(21%)
[99.682s][info][gc,start    ] GC(169) Garbage Collection (System.gc())
[99.682s][info][gc,task     ] GC(169) Using 2 workers
[99.682s][info][gc,phases   ] GC(169) Pause Mark Start 0.006ms
[99.735s][info][gc,phases   ] GC(169) Concurrent Mark 52.969ms
[99.735s][info][gc,phases   ] GC(169) Pause Mark End 0.035ms
[99.736s][info][gc,phases   ] GC(169) Concurrent Mark Free 0.001ms
[99.757s][info][gc,phases   ] GC(169) Concurrent Process Non-Strong References 21.836ms
[99.758s][info][gc,phases   ] GC(169) Concurrent Reset Relocation Set 0.008ms
[99.760s][info][gc,phases   ] GC(169) Concurrent Select Relocation Set 1.999ms
[99.760s][info][gc,phases   ] GC(169) Pause Relocate Start 0.009ms
[99.760s][info][gc,phases   ] GC(169) Concurrent Relocate 0.444ms
[99.760s][info][gc,load     ] GC(169) Load: 0.00/0.00/0.00
[99.760s][info][gc,mmu      ] GC(169) MMU: 2ms/95.2%, 5ms/98.1%, 10ms/99.0%, 20ms/99.5%, 50ms/99.8%, 100ms/99.9%
[99.761s][info][gc,marking  ] GC(169) Mark: 2 stripe(s), 2 proactive flush(es), 1 terminate flush(es), 0 completion(s), 0 continuation(s) 
[99.761s][info][gc,marking  ] GC(169) Mark Stack Usage: 32M
[99.761s][info][gc,nmethod  ] GC(169) NMethods: 22585 registered, 0 unregistered
[99.761s][info][gc,metaspace] GC(169) Metaspace: 134M used, 136M committed, 1152M reserved
[99.761s][info][gc,ref      ] GC(169) Soft: 8843 encountered, 0 discovered, 0 enqueued
[99.761s][info][gc,ref      ] GC(169) Weak: 15680 encountered, 3397 discovered, 358 enqueued
[99.761s][info][gc,ref      ] GC(169) Final: 53 encountered, 0 discovered, 0 enqueued
[99.761s][info][gc,ref      ] GC(169) Phantom: 589 encountered, 305 discovered, 0 enqueued
[99.761s][info][gc,reloc    ] GC(169) Small Pages: 214 / 428M, Empty: 288M, Relocated: 1M, In-Place: 0
[99.761s][info][gc,reloc    ] GC(169) Medium Pages: 2 / 64M, Empty: 32M, Relocated: 0M, In-Place: 0
[99.761s][info][gc,reloc    ] GC(169) Large Pages: 4 / 24M, Empty: 24M, Relocated: 0M, In-Place: 0
[99.761s][info][gc,reloc    ] GC(169) Forwarding Usage: 0M
[99.761s][info][gc,heap     ] GC(169) Min Capacity: 2048M(100%)
[99.761s][info][gc,heap     ] GC(169) Max Capacity: 2048M(100%)
[99.761s][info][gc,heap     ] GC(169) Soft Max Capacity: 2048M(100%)
[99.761s][info][gc,heap     ] GC(169)                Mark Start          Mark End        Relocate Start      Relocate End           High               Low         
[99.761s][info][gc,heap     ] GC(169)  Capacity:     2048M (100%)       2048M (100%)       2048M (100%)       2048M (100%)       2048M (100%)       2048M (100%)   
[99.761s][info][gc,heap     ] GC(169)      Free:     1532M (75%)        1530M (75%)        1866M (91%)        1926M (94%)        1926M (94%)        1530M (75%)    
[99.761s][info][gc,heap     ] GC(169)      Used:      516M (25%)         518M (25%)         182M (9%)          122M (6%)          518M (25%)         122M (6%)     
[99.761s][info][gc,heap     ] GC(169)      Live:         -                88M (4%)           88M (4%)           88M (4%)             -                  -          
[99.761s][info][gc,heap     ] GC(169) Allocated:         -                 2M (0%)           10M (0%)           13M (1%)             -                  -          
[99.761s][info][gc,heap     ] GC(169)   Garbage:         -               427M (21%)          83M (4%)           19M (1%)             -                  -          
[99.761s][info][gc,heap     ] GC(169) Reclaimed:         -                  -               344M (17%)         407M (20%)            -                  -          
[99.761s][info][gc          ] GC(169) Garbage Collection (System.gc()) 516M(25%)->122M(6%)
[100.116s][info][gc,stats    ] === Garbage Collection Statistics =======================================================================================================================
[100.116s][info][gc,stats    ]                                                              Last 10s              Last 10m              Last 10h                Total
[100.116s][info][gc,stats    ]                                                              Avg / Max             Avg / Max             Avg / Max             Avg / Max
[100.116s][info][gc,stats    ]   Collector: Garbage Collection Cycle                    131.874 / 183.843     120.370 / 199.117     120.370 / 199.117     120.370 / 199.117     ms
[100.116s][info][gc,stats    ]  Contention: Mark Segment Reset Contention                     0 / 1                 0 / 3                 0 / 3                 0 / 3           ops/s
[100.116s][info][gc,stats    ]  Contention: Mark SeqNum Reset Contention                      0 / 0                 0 / 2                 0 / 2                 0 / 2           ops/s
[100.116s][info][gc,stats    ]    Critical: Allocation Stall                                  0 / 0                 0 / 0                 0 / 0                 0 / 0           ops/s
[100.116s][info][gc,stats    ]    Critical: Allocation Stall                              0.000 / 0.000         0.000 / 0.000         0.000 / 0.000         0.000 / 0.000       ms
[100.116s][info][gc,stats    ]    Critical: GC Locker Stall                                   0 / 0                 0 / 0                 0 / 0                 0 / 0           ops/s
[100.116s][info][gc,stats    ]    Critical: GC Locker Stall                               0.000 / 0.000         0.000 / 0.000         0.000 / 0.000         0.000 / 0.000       ms
[100.116s][info][gc,stats    ]    Critical: Relocation Stall                                  0 / 0                 0 / 0                 0 / 0                 0 / 0           ops/s
[100.116s][info][gc,stats    ]    Critical: Relocation Stall                              0.000 / 0.000         0.000 / 0.000         0.000 / 0.000         0.000 / 0.000       ms
[100.116s][info][gc,stats    ]      Memory: Allocation Rate                                1837 / 1986           1476 / 1986           1476 / 1986           1476 / 1986        MB/s
[100.116s][info][gc,stats    ]      Memory: Out Of Memory                                     0 / 0                 0 / 0                 0 / 0                 0 / 0           ops/s
[100.116s][info][gc,stats    ]      Memory: Page Cache Flush                                  0 / 0                 0 / 0                 0 / 0                 0 / 0           MB/s
[100.116s][info][gc,stats    ]      Memory: Page Cache Hit L1                               868 / 941             687 / 941             687 / 941             687 / 941         ops/s
[100.116s][info][gc,stats    ]      Memory: Page Cache Hit L2                                 0 / 0                 0 / 0                 0 / 0                 0 / 0           ops/s
[100.116s][info][gc,stats    ]      Memory: Page Cache Hit L3                                 0 / 0                 8 / 385               8 / 385               8 / 385         ops/s
[100.116s][info][gc,stats    ]      Memory: Page Cache Miss                                   0 / 0                 0 / 1                 0 / 1                 0 / 1           ops/s
[100.116s][info][gc,stats    ]      Memory: Uncommit                                          0 / 0                 0 / 0                 0 / 0                 0 / 0           MB/s
[100.116s][info][gc,stats    ]      Memory: Undo Object Allocation Failed                     0 / 0                 0 / 1                 0 / 1                 0 / 1           ops/s
[100.116s][info][gc,stats    ]      Memory: Undo Object Allocation Succeeded                  0 / 1                26 / 2295             26 / 2295             26 / 2295        ops/s
[100.116s][info][gc,stats    ]      Memory: Undo Page Allocation                              0 / 0                 0 / 2                 0 / 2                 0 / 2           ops/s
[100.116s][info][gc,stats    ]       Phase: Concurrent Mark                              80.574 / 113.556      75.476 / 120.810      75.476 / 120.810      75.476 / 120.810     ms
[100.116s][info][gc,stats    ]       Phase: Concurrent Mark Continue                      0.000 / 0.000         0.000 / 0.000         0.000 / 0.000         0.000 / 0.000       ms
[100.116s][info][gc,stats    ]       Phase: Concurrent Mark Free                          0.001 / 0.002         0.001 / 0.004         0.001 / 0.004         0.001 / 0.004       ms
[100.116s][info][gc,stats    ]       Phase: Concurrent Process Non-Strong References     44.580 / 68.697       36.897 / 69.906       36.897 / 69.906       36.897 / 69.906      ms
[100.116s][info][gc,stats    ]       Phase: Concurrent Relocate                           3.617 / 7.254         4.458 / 19.143        4.458 / 19.143        4.458 / 19.143      ms
[100.116s][info][gc,stats    ]       Phase: Concurrent Reset Relocation Set               0.006 / 0.010         0.005 / 0.015         0.005 / 0.015         0.005 / 0.015       ms
[100.116s][info][gc,stats    ]       Phase: Concurrent Select Relocation Set              2.027 / 2.550         2.237 / 7.348         2.237 / 7.348         2.237 / 7.348       ms
[100.116s][info][gc,stats    ]       Phase: Pause Mark End                                0.034 / 0.055         0.029 / 0.096         0.029 / 0.096         0.029 / 0.096       ms
[100.116s][info][gc,stats    ]       Phase: Pause Mark Start                              0.007 / 0.015         0.007 / 0.019         0.007 / 0.019         0.007 / 0.019       ms
[100.116s][info][gc,stats    ]       Phase: Pause Relocate Start                          0.009 / 0.014         0.009 / 0.027         0.009 / 0.027         0.009 / 0.027       ms
[100.116s][info][gc,stats    ]    Subphase: Concurrent Classes Purge                      1.179 / 1.912         0.877 / 1.912         0.877 / 1.912         0.877 / 1.912       ms
[100.116s][info][gc,stats    ]    Subphase: Concurrent Classes Unlink                    41.282 / 64.797       33.696 / 66.135       33.696 / 66.135       33.696 / 66.135      ms
[100.116s][info][gc,stats    ]    Subphase: Concurrent Mark                              64.195 / 105.982      58.845 / 111.913      58.845 / 111.913      58.845 / 111.913     ms
[100.116s][info][gc,stats    ]    Subphase: Concurrent Mark Try Flush                     0.220 / 0.472         0.216 / 2.252         0.216 / 2.252         0.216 / 2.252       ms
[100.116s][info][gc,stats    ]    Subphase: Concurrent Mark Try Terminate                 2.537 / 16.451        2.158 / 16.901        2.158 / 16.901        2.158 / 16.901      ms
[100.116s][info][gc,stats    ]    Subphase: Concurrent References Enqueue                 0.007 / 0.010         0.007 / 0.010         0.007 / 0.010         0.007 / 0.010       ms
[100.116s][info][gc,stats    ]    Subphase: Concurrent References Process                 0.534 / 0.645         0.531 / 1.283         0.531 / 1.283         0.531 / 1.283       ms
[100.117s][info][gc,stats    ]    Subphase: Concurrent Roots ClassLoaderDataGraph         0.164 / 0.388         0.176 / 0.595         0.176 / 0.595         0.176 / 0.595       ms
[100.117s][info][gc,stats    ]    Subphase: Concurrent Roots CodeCache                    0.000 / 0.000         0.000 / 0.000         0.000 / 0.000         0.000 / 0.000       ms
[100.117s][info][gc,stats    ]    Subphase: Concurrent Roots JavaThreads                  5.462 / 8.471         6.164 / 19.568        6.164 / 19.568        6.164 / 19.568      ms
[100.117s][info][gc,stats    ]    Subphase: Concurrent Roots OopStorageSet                0.047 / 0.112         0.049 / 0.123         0.049 / 0.123         0.049 / 0.123       ms
[100.117s][info][gc,stats    ]    Subphase: Concurrent Weak Roots OopStorageSet           1.165 / 1.545         1.126 / 2.333         1.126 / 2.333         1.126 / 2.333       ms
[100.117s][info][gc,stats    ]    Subphase: Pause Mark Try Complete                       0.000 / 0.000         0.006 / 0.016         0.006 / 0.016         0.006 / 0.016       ms
[100.117s][info][gc,stats    ]      System: Java Threads                                    279 / 281             269 / 282             269 / 282             269 / 282         threads
[100.117s][info][gc,stats    ] =========================================================================================================================================================
[100.327s][info][gc,start    ] GC(170) Garbage Collection (Allocation Rate)
[100.327s][info][gc,task     ] GC(170) Using 1 workers
[100.327s][info][gc,phases   ] GC(170) Pause Mark Start 0.012ms
[100.433s][info][gc,phases   ] GC(170) Concurrent Mark 105.847ms
[100.433s][info][gc,phases   ] GC(170) Pause Mark End 0.023ms
[100.434s][info][gc,phases   ] GC(170) Concurrent Mark Free 0.001ms
[100.505s][info][gc,phases   ] GC(170) Concurrent Process Non-Strong References 71.680ms
[100.505s][info][gc,phases   ] GC(170) Concurrent Reset Relocation Set 0.004ms
[100.508s][info][gc,phases   ] GC(170) Concurrent Select Relocation Set 2.140ms
[100.508s][info][gc,phases   ] GC(170) Pause Relocate Start 0.009ms
[100.511s][info][gc,phases   ] GC(170) Concurrent Relocate 2.748ms
[100.511s][info][gc,load     ] GC(170) Load: 0.00/0.00/0.00
[100.511s][info][gc,mmu      ] GC(170) MMU: 2ms/95.2%, 5ms/98.1%, 10ms/99.0%, 20ms/99.5%, 50ms/99.8%, 100ms/99.9%
[100.511s][info][gc,marking  ] GC(170) Mark: 1 stripe(s), 2 proactive flush(es), 1 terminate flush(es), 0 completion(s), 0 continuation(s) 
[100.511s][info][gc,marking  ] GC(170) Mark Stack Usage: 32M
[100.511s][info][gc,nmethod  ] GC(170) NMethods: 22609 registered, 0 unregistered
[100.511s][info][gc,metaspace] GC(170) Metaspace: 134M used, 136M committed, 1152M reserved
[100.511s][info][gc,ref      ] GC(170) Soft: 8843 encountered, 0 discovered, 0 enqueued
[100.511s][info][gc,ref      ] GC(170) Weak: 16331 encountered, 4014 discovered, 940 enqueued
[100.511s][info][gc,ref      ] GC(170) Final: 53 encountered, 0 discovered, 0 enqueued
[100.511s][info][gc,ref      ] GC(170) Phantom: 589 encountered, 355 discovered, 0 enqueued
[100.511s][info][gc,reloc    ] GC(170) Small Pages: 649 / 1298M, Empty: 1056M, Relocated: 2M, In-Place: 0
[100.511s][info][gc,reloc    ] GC(170) Medium Pages: 2 / 64M, Empty: 32M, Relocated: 0M, In-Place: 0
[100.511s][info][gc,reloc    ] GC(170) Large Pages: 9 / 54M, Empty: 54M, Relocated: 0M, In-Place: 0
[100.511s][info][gc,reloc    ] GC(170) Forwarding Usage: 0M
[100.511s][info][gc,heap     ] GC(170) Min Capacity: 2048M(100%)
[100.511s][info][gc,heap     ] GC(170) Max Capacity: 2048M(100%)
[100.511s][info][gc,heap     ] GC(170) Soft Max Capacity: 2048M(100%)
[100.511s][info][gc,heap     ] GC(170)                Mark Start          Mark End        Relocate Start      Relocate End           High               Low         
[100.511s][info][gc,heap     ] GC(170)  Capacity:     2048M (100%)       2048M (100%)       2048M (100%)       2048M (100%)       2048M (100%)       2048M (100%)   
[100.511s][info][gc,heap     ] GC(170)      Free:      632M (31%)         368M (18%)        1412M (69%)        1572M (77%)        1572M (77%)         276M (13%)    
[100.511s][info][gc,heap     ] GC(170)      Used:     1416M (69%)        1680M (82%)         636M (31%)         476M (23%)        1772M (87%)         476M (23%)    
[100.511s][info][gc,heap     ] GC(170)      Live:         -                89M (4%)           89M (4%)           89M (4%)             -                  -          
[100.511s][info][gc,heap     ] GC(170) Allocated:         -               264M (13%)         362M (18%)         367M (18%)            -                  -          
[100.511s][info][gc,heap     ] GC(170)   Garbage:         -              1326M (65%)         184M (9%)           18M (1%)             -                  -          
[100.511s][info][gc,heap     ] GC(170) Reclaimed:         -                  -              1142M (56%)        1307M (64%)            -                  -          
[100.511s][info][gc          ] GC(170) Garbage Collection (Allocation Rate) 1416M(69%)->476M(23%)
[100.622s][info][gc,start    ] GC(171) Garbage Collection (System.gc())
[100.622s][info][gc,task     ] GC(171) Using 2 workers
[100.622s][info][gc,phases   ] GC(171) Pause Mark Start 0.007ms
[100.684s][info][gc,phases   ] GC(171) Concurrent Mark 61.809ms
[100.685s][info][gc,phases   ] GC(171) Pause Mark End 0.055ms
[100.685s][info][gc,phases   ] GC(171) Concurrent Mark Free 0.001ms
[100.707s][info][gc,phases   ] GC(171) Concurrent Process Non-Strong References 22.404ms
[100.707s][info][gc,phases   ] GC(171) Concurrent Reset Relocation Set 0.007ms
[100.709s][info][gc,phases   ] GC(171) Concurrent Select Relocation Set 2.023ms
[100.709s][info][gc,phases   ] GC(171) Pause Relocate Start 0.011ms
[100.714s][info][gc,phases   ] GC(171) Concurrent Relocate 4.371ms
[100.714s][info][gc,load     ] GC(171) Load: 0.00/0.00/0.00
[100.714s][info][gc,mmu      ] GC(171) MMU: 2ms/95.2%, 5ms/98.1%, 10ms/99.0%, 20ms/99.5%, 50ms/99.8%, 100ms/99.9%
[100.714s][info][gc,marking  ] GC(171) Mark: 2 stripe(s), 2 proactive flush(es), 1 terminate flush(es), 0 completion(s), 0 continuation(s) 
[100.714s][info][gc,marking  ] GC(171) Mark Stack Usage: 32M
[100.714s][info][gc,nmethod  ] GC(171) NMethods: 22613 registered, 0 unregistered
[100.714s][info][gc,metaspace] GC(171) Metaspace: 134M used, 136M committed, 1152M reserved
[100.714s][info][gc,ref      ] GC(171) Soft: 8843 encountered, 0 discovered, 0 enqueued
[100.714s][info][gc,ref      ] GC(171) Weak: 15710 encountered, 3206 discovered, 372 enqueued
[100.714s][info][gc,ref      ] GC(171) Final: 53 encountered, 0 discovered, 0 enqueued
[100.714s][info][gc,ref      ] GC(171) Phantom: 589 encountered, 399 discovered, 0 enqueued
[100.714s][info][gc,reloc    ] GC(171) Small Pages: 234 / 468M, Empty: 210M, Relocated: 13M, In-Place: 0
[100.714s][info][gc,reloc    ] GC(171) Medium Pages: 2 / 64M, Empty: 32M, Relocated: 0M, In-Place: 0
[100.714s][info][gc,reloc    ] GC(171) Large Pages: 5 / 30M, Empty: 30M, Relocated: 0M, In-Place: 0
[100.714s][info][gc,reloc    ] GC(171) Forwarding Usage: 1M
[100.714s][info][gc,heap     ] GC(171) Min Capacity: 2048M(100%)
[100.714s][info][gc,heap     ] GC(171) Max Capacity: 2048M(100%)
[100.714s][info][gc,heap     ] GC(171) Soft Max Capacity: 2048M(100%)
[100.714s][info][gc,heap     ] GC(171)                Mark Start          Mark End        Relocate Start      Relocate End           High               Low         
[100.714s][info][gc,heap     ] GC(171)  Capacity:     2048M (100%)       2048M (100%)       2048M (100%)       2048M (100%)       2048M (100%)       2048M (100%)   
[100.714s][info][gc,heap     ] GC(171)      Free:     1486M (73%)        1476M (72%)        1746M (85%)        1908M (93%)        1908M (93%)        1476M (72%)    
[100.714s][info][gc,heap     ] GC(171)      Used:      562M (27%)         572M (28%)         302M (15%)         140M (7%)          572M (28%)         140M (7%)     
[100.714s][info][gc,heap     ] GC(171)      Live:         -                99M (5%)           99M (5%)           99M (5%)             -                  -          
[100.714s][info][gc,heap     ] GC(171) Allocated:         -                10M (0%)           12M (1%)           21M (1%)             -                  -          
[100.714s][info][gc,heap     ] GC(171)   Garbage:         -               462M (23%)         190M (9%)           18M (1%)             -                  -          
[100.714s][info][gc,heap     ] GC(171) Reclaimed:         -                  -               272M (13%)         443M (22%)            -                  -          
[100.714s][info][gc          ] GC(171) Garbage Collection (System.gc()) 562M(27%)->140M(7%)
[101.223s][info][gc,start    ] GC(172) Garbage Collection (Allocation Rate)
[101.223s][info][gc,task     ] GC(172) Using 1 workers
[101.223s][info][gc,phases   ] GC(172) Pause Mark Start 0.008ms
[101.326s][info][gc,phases   ] GC(172) Concurrent Mark 102.426ms
[101.326s][info][gc,phases   ] GC(172) Pause Mark End 0.024ms
[101.326s][info][gc,phases   ] GC(172) Concurrent Mark Free 0.001ms
[101.395s][info][gc,phases   ] GC(172) Concurrent Process Non-Strong References 68.705ms
[101.395s][info][gc,phases   ] GC(172) Concurrent Reset Relocation Set 0.009ms
[101.398s][info][gc,phases   ] GC(172) Concurrent Select Relocation Set 2.777ms
[101.398s][info][gc,phases   ] GC(172) Pause Relocate Start 0.013ms
[101.405s][info][gc,phases   ] GC(172) Concurrent Relocate 6.246ms
[101.405s][info][gc,load     ] GC(172) Load: 0.00/0.00/0.00
[101.405s][info][gc,mmu      ] GC(172) MMU: 2ms/95.2%, 5ms/98.1%, 10ms/99.0%, 20ms/99.5%, 50ms/99.8%, 100ms/99.9%
[101.405s][info][gc,marking  ] GC(172) Mark: 1 stripe(s), 2 proactive flush(es), 1 terminate flush(es), 0 completion(s), 0 continuation(s) 
[101.405s][info][gc,marking  ] GC(172) Mark Stack Usage: 32M
[101.405s][info][gc,nmethod  ] GC(172) NMethods: 22690 registered, 0 unregistered
[101.405s][info][gc,metaspace] GC(172) Metaspace: 134M used, 136M committed, 1152M reserved
[101.405s][info][gc,ref      ] GC(172) Soft: 8851 encountered, 0 discovered, 0 enqueued
[101.405s][info][gc,ref      ] GC(172) Weak: 16274 encountered, 3861 discovered, 701 enqueued
[101.405s][info][gc,ref      ] GC(172) Final: 53 encountered, 0 discovered, 0 enqueued
[101.405s][info][gc,ref      ] GC(172) Phantom: 601 encountered, 367 discovered, 12 enqueued
[101.405s][info][gc,reloc    ] GC(172) Small Pages: 616 / 1232M, Empty: 934M, Relocated: 5M, In-Place: 0
[101.405s][info][gc,reloc    ] GC(172) Medium Pages: 2 / 64M, Empty: 32M, Relocated: 0M, In-Place: 0
[101.405s][info][gc,reloc    ] GC(172) Large Pages: 6 / 36M, Empty: 36M, Relocated: 0M, In-Place: 0
[101.405s][info][gc,reloc    ] GC(172) Forwarding Usage: 1M
[101.405s][info][gc,heap     ] GC(172) Min Capacity: 2048M(100%)
[101.405s][info][gc,heap     ] GC(172) Max Capacity: 2048M(100%)
[101.405s][info][gc,heap     ] GC(172) Soft Max Capacity: 2048M(100%)
[101.405s][info][gc,heap     ] GC(172)                Mark Start          Mark End        Relocate Start      Relocate End           High               Low         
[101.405s][info][gc,heap     ] GC(172)  Capacity:     2048M (100%)       2048M (100%)       2048M (100%)       2048M (100%)       2048M (100%)       2048M (100%)   
[101.405s][info][gc,heap     ] GC(172)      Free:      716M (35%)         550M (27%)        1370M (67%)        1578M (77%)        1582M (77%)         378M (18%)    
[101.405s][info][gc,heap     ] GC(172)      Used:     1332M (65%)        1498M (73%)         678M (33%)         470M (23%)        1670M (82%)         466M (23%)    
[101.405s][info][gc,heap     ] GC(172)      Live:         -                90M (4%)           90M (4%)           90M (4%)             -                  -          
[101.405s][info][gc,heap     ] GC(172) Allocated:         -               166M (8%)          348M (17%)         361M (18%)            -                  -          
[101.405s][info][gc,heap     ] GC(172)   Garbage:         -              1241M (61%)         239M (12%)          17M (1%)             -                  -          
[101.405s][info][gc,heap     ] GC(172) Reclaimed:         -                  -              1002M (49%)        1223M (60%)            -                  -          
[101.405s][info][gc          ] GC(172) Garbage Collection (Allocation Rate) 1332M(65%)->470M(23%)
[101.588s][info][gc,start    ] GC(173) Garbage Collection (System.gc())
[101.588s][info][gc,task     ] GC(173) Using 2 workers
[101.588s][info][gc,phases   ] GC(173) Pause Mark Start 0.006ms
[101.651s][info][gc,phases   ] GC(173) Concurrent Mark 62.231ms
[101.651s][info][gc,phases   ] GC(173) Pause Mark End 0.052ms
[101.651s][info][gc,phases   ] GC(173) Concurrent Mark Free 0.011ms
[101.672s][info][gc,phases   ] GC(173) Concurrent Process Non-Strong References 20.860ms
[101.672s][info][gc,phases   ] GC(173) Concurrent Reset Relocation Set 0.008ms
[101.674s][info][gc,phases   ] GC(173) Concurrent Select Relocation Set 2.024ms
[101.674s][info][gc,phases   ] GC(173) Pause Relocate Start 0.010ms
[101.676s][info][gc,phases   ] GC(173) Concurrent Relocate 1.420ms
[101.676s][info][gc,load     ] GC(173) Load: 0.00/0.00/0.00
[101.676s][info][gc,mmu      ] GC(173) MMU: 2ms/95.2%, 5ms/98.1%, 10ms/99.0%, 20ms/99.5%, 50ms/99.8%, 100ms/99.9%
[101.676s][info][gc,marking  ] GC(173) Mark: 2 stripe(s), 2 proactive flush(es), 1 terminate flush(es), 0 completion(s), 0 continuation(s) 
[101.676s][info][gc,marking  ] GC(173) Mark Stack Usage: 32M
[101.676s][info][gc,nmethod  ] GC(173) NMethods: 22692 registered, 0 unregistered
[101.676s][info][gc,metaspace] GC(173) Metaspace: 134M used, 136M committed, 1152M reserved
[101.676s][info][gc,ref      ] GC(173) Soft: 8849 encountered, 0 discovered, 0 enqueued
[101.676s][info][gc,ref      ] GC(173) Weak: 15967 encountered, 2862 discovered, 601 enqueued
[101.676s][info][gc,ref      ] GC(173) Final: 53 encountered, 0 discovered, 0 enqueued
[101.676s][info][gc,ref      ] GC(173) Phantom: 589 encountered, 412 discovered, 0 enqueued
[101.676s][info][gc,reloc    ] GC(173) Small Pages: 274 / 548M, Empty: 380M, Relocated: 3M, In-Place: 0
[101.676s][info][gc,reloc    ] GC(173) Medium Pages: 2 / 64M, Empty: 32M, Relocated: 0M, In-Place: 0
[101.676s][info][gc,reloc    ] GC(173) Large Pages: 8 / 48M, Empty: 48M, Relocated: 0M, In-Place: 0
[101.676s][info][gc,reloc    ] GC(173) Forwarding Usage: 1M
[101.676s][info][gc,heap     ] GC(173) Min Capacity: 2048M(100%)
[101.676s][info][gc,heap     ] GC(173) Max Capacity: 2048M(100%)
[101.676s][info][gc,heap     ] GC(173) Soft Max Capacity: 2048M(100%)
[101.676s][info][gc,heap     ] GC(173)                Mark Start          Mark End        Relocate Start      Relocate End           High               Low         
[101.676s][info][gc,heap     ] GC(173)  Capacity:     2048M (100%)       2048M (100%)       2048M (100%)       2048M (100%)       2048M (100%)       2048M (100%)   
[101.676s][info][gc,heap     ] GC(173)      Free:     1388M (68%)        1378M (67%)        1834M (90%)        1924M (94%)        1924M (94%)        1378M (67%)    
[101.676s][info][gc,heap     ] GC(173)      Used:      660M (32%)         670M (33%)         214M (10%)         124M (6%)          670M (33%)         124M (6%)     
[101.676s][info][gc,heap     ] GC(173)      Live:         -                88M (4%)           88M (4%)           88M (4%)             -                  -          
[101.676s][info][gc,heap     ] GC(173) Allocated:         -                10M (0%)           14M (1%)           17M (1%)             -                  -          
[101.676s][info][gc,heap     ] GC(173)   Garbage:         -               571M (28%)         111M (5%)           17M (1%)             -                  -          
[101.676s][info][gc,heap     ] GC(173) Reclaimed:         -                  -               460M (22%)         553M (27%)            -                  -          
[101.676s][info][gc          ] GC(173) Garbage Collection (System.gc()) 660M(32%)->124M(6%)
[102.216s][info][gc,start    ] GC(174) Garbage Collection (Allocation Rate)
[102.216s][info][gc,task     ] GC(174) Using 1 workers
[102.216s][info][gc,phases   ] GC(174) Pause Mark Start 0.007ms
[102.318s][info][gc,phases   ] GC(174) Concurrent Mark 101.568ms
[102.318s][info][gc,phases   ] GC(174) Pause Mark End 0.021ms
[102.318s][info][gc,phases   ] GC(174) Concurrent Mark Free 0.001ms
[102.384s][info][gc,phases   ] GC(174) Concurrent Process Non-Strong References 66.226ms
[102.384s][info][gc,phases   ] GC(174) Concurrent Reset Relocation Set 0.004ms
[102.387s][info][gc,phases   ] GC(174) Concurrent Select Relocation Set 2.401ms
[102.387s][info][gc,phases   ] GC(174) Pause Relocate Start 0.011ms
[102.391s][info][gc,phases   ] GC(174) Concurrent Relocate 3.641ms
[102.391s][info][gc,load     ] GC(174) Load: 0.00/0.00/0.00
[102.391s][info][gc,mmu      ] GC(174) MMU: 2ms/95.2%, 5ms/98.1%, 10ms/99.0%, 20ms/99.5%, 50ms/99.8%, 100ms/99.9%
[102.391s][info][gc,marking  ] GC(174) Mark: 1 stripe(s), 2 proactive flush(es), 1 terminate flush(es), 0 completion(s), 0 continuation(s) 
[102.391s][info][gc,marking  ] GC(174) Mark Stack Usage: 32M
[102.391s][info][gc,nmethod  ] GC(174) NMethods: 22740 registered, 0 unregistered
[102.391s][info][gc,metaspace] GC(174) Metaspace: 134M used, 136M committed, 1152M reserved
[102.391s][info][gc,ref      ] GC(174) Soft: 8852 encountered, 0 discovered, 0 enqueued
[102.391s][info][gc,ref      ] GC(174) Weak: 16351 encountered, 3946 discovered, 719 enqueued
[102.391s][info][gc,ref      ] GC(174) Final: 53 encountered, 0 discovered, 0 enqueued
[102.391s][info][gc,ref      ] GC(174) Phantom: 589 encountered, 355 discovered, 0 enqueued
[102.391s][info][gc,reloc    ] GC(174) Small Pages: 640 / 1280M, Empty: 1042M, Relocated: 3M, In-Place: 0
[102.391s][info][gc,reloc    ] GC(174) Medium Pages: 2 / 64M, Empty: 32M, Relocated: 0M, In-Place: 0
[102.391s][info][gc,reloc    ] GC(174) Large Pages: 7 / 42M, Empty: 42M, Relocated: 0M, In-Place: 0
[102.391s][info][gc,reloc    ] GC(174) Forwarding Usage: 1M
[102.391s][info][gc,heap     ] GC(174) Min Capacity: 2048M(100%)
[102.391s][info][gc,heap     ] GC(174) Max Capacity: 2048M(100%)
[102.391s][info][gc,heap     ] GC(174) Soft Max Capacity: 2048M(100%)
[102.391s][info][gc,heap     ] GC(174)                Mark Start          Mark End        Relocate Start      Relocate End           High               Low         
[102.391s][info][gc,heap     ] GC(174)  Capacity:     2048M (100%)       2048M (100%)       2048M (100%)       2048M (100%)       2048M (100%)       2048M (100%)   
[102.391s][info][gc,heap     ] GC(174)      Free:      662M (32%)         426M (21%)        1404M (69%)        1556M (76%)        1556M (76%)         298M (15%)    
[102.391s][info][gc,heap     ] GC(174)      Used:     1386M (68%)        1622M (79%)         644M (31%)         492M (24%)        1750M (85%)         492M (24%)    
[102.391s][info][gc,heap     ] GC(174)      Live:         -                89M (4%)           89M (4%)           89M (4%)             -                  -          
[102.391s][info][gc,heap     ] GC(174) Allocated:         -               236M (12%)         374M (18%)         383M (19%)            -                  -          
[102.391s][info][gc,heap     ] GC(174)   Garbage:         -              1296M (63%)         180M (9%)           18M (1%)             -                  -          
[102.391s][info][gc,heap     ] GC(174) Reclaimed:         -                  -              1116M (54%)        1277M (62%)            -                  -          
[102.391s][info][gc          ] GC(174) Garbage Collection (Allocation Rate) 1386M(68%)->492M(24%)
[102.538s][info][gc,start    ] GC(175) Garbage Collection (System.gc())
[102.538s][info][gc,task     ] GC(175) Using 2 workers
[102.538s][info][gc,phases   ] GC(175) Pause Mark Start 0.007ms
[102.600s][info][gc,phases   ] GC(175) Concurrent Mark 61.803ms
[102.600s][info][gc,phases   ] GC(175) Pause Mark End 0.030ms
[102.600s][info][gc,phases   ] GC(175) Concurrent Mark Free 0.002ms
[102.623s][info][gc,phases   ] GC(175) Concurrent Process Non-Strong References 22.480ms
[102.623s][info][gc,phases   ] GC(175) Concurrent Reset Relocation Set 0.006ms
[102.625s][info][gc,phases   ] GC(175) Concurrent Select Relocation Set 2.159ms
[102.625s][info][gc,phases   ] GC(175) Pause Relocate Start 0.009ms
[102.628s][info][gc,phases   ] GC(175) Concurrent Relocate 3.022ms
[102.628s][info][gc,load     ] GC(175) Load: 0.00/0.00/0.00
[102.629s][info][gc,mmu      ] GC(175) MMU: 2ms/95.2%, 5ms/98.1%, 10ms/99.0%, 20ms/99.5%, 50ms/99.8%, 100ms/99.9%
[102.629s][info][gc,marking  ] GC(175) Mark: 2 stripe(s), 2 proactive flush(es), 1 terminate flush(es), 0 completion(s), 0 continuation(s) 
[102.629s][info][gc,marking  ] GC(175) Mark Stack Usage: 32M
[102.629s][info][gc,nmethod  ] GC(175) NMethods: 22742 registered, 0 unregistered
[102.629s][info][gc,metaspace] GC(175) Metaspace: 134M used, 136M committed, 1152M reserved
[102.629s][info][gc,ref      ] GC(175) Soft: 8849 encountered, 0 discovered, 0 enqueued
[102.629s][info][gc,ref      ] GC(175) Weak: 15975 encountered, 3479 discovered, 597 enqueued
[102.629s][info][gc,ref      ] GC(175) Final: 53 encountered, 0 discovered, 0 enqueued
[102.629s][info][gc,ref      ] GC(175) Phantom: 589 encountered, 404 discovered, 0 enqueued
[102.629s][info][gc,reloc    ] GC(175) Small Pages: 246 / 492M, Empty: 268M, Relocated: 8M, In-Place: 0
[102.629s][info][gc,reloc    ] GC(175) Medium Pages: 2 / 64M, Empty: 32M, Relocated: 0M, In-Place: 0
[102.629s][info][gc,reloc    ] GC(175) Large Pages: 7 / 42M, Empty: 42M, Relocated: 0M, In-Place: 0
[102.629s][info][gc,reloc    ] GC(175) Forwarding Usage: 1M
[102.629s][info][gc,heap     ] GC(175) Min Capacity: 2048M(100%)
[102.629s][info][gc,heap     ] GC(175) Max Capacity: 2048M(100%)
[102.629s][info][gc,heap     ] GC(175) Soft Max Capacity: 2048M(100%)
[102.629s][info][gc,heap     ] GC(175)                Mark Start          Mark End        Relocate Start      Relocate End           High               Low         
[102.629s][info][gc,heap     ] GC(175)  Capacity:     2048M (100%)       2048M (100%)       2048M (100%)       2048M (100%)       2048M (100%)       2048M (100%)   
[102.629s][info][gc,heap     ] GC(175)      Free:     1450M (71%)        1438M (70%)        1774M (87%)        1912M (93%)        1914M (93%)        1438M (70%)    
[102.629s][info][gc,heap     ] GC(175)      Used:      598M (29%)         610M (30%)         274M (13%)         136M (7%)          610M (30%)         134M (7%)     
[102.629s][info][gc,heap     ] GC(175)      Live:         -                93M (5%)           93M (5%)           93M (5%)             -                  -          
[102.629s][info][gc,heap     ] GC(175) Allocated:         -                12M (1%)           18M (1%)           23M (1%)             -                  -          
[102.629s][info][gc,heap     ] GC(175)   Garbage:         -               504M (25%)         162M (8%)           18M (1%)             -                  -          
[102.629s][info][gc,heap     ] GC(175) Reclaimed:         -                  -               342M (17%)         485M (24%)            -                  -          
[102.629s][info][gc          ] GC(175) Garbage Collection (System.gc()) 598M(29%)->136M(7%)
[103.117s][info][gc,start    ] GC(176) Garbage Collection (Allocation Rate)
[103.117s][info][gc,task     ] GC(176) Using 1 workers
[103.117s][info][gc,phases   ] GC(176) Pause Mark Start 0.010ms
[103.218s][info][gc,phases   ] GC(176) Concurrent Mark 101.246ms
[103.218s][info][gc,phases   ] GC(176) Pause Mark End 0.026ms
[103.219s][info][gc,phases   ] GC(176) Concurrent Mark Free 0.001ms
[103.288s][info][gc,phases   ] GC(176) Concurrent Process Non-Strong References 69.678ms
[103.288s][info][gc,phases   ] GC(176) Concurrent Reset Relocation Set 0.005ms
[103.291s][info][gc,phases   ] GC(176) Concurrent Select Relocation Set 2.969ms
[103.292s][info][gc,phases   ] GC(176) Pause Relocate Start 0.025ms
[103.300s][info][gc,phases   ] GC(176) Concurrent Relocate 8.399ms
[103.300s][info][gc,load     ] GC(176) Load: 0.00/0.00/0.00
[103.300s][info][gc,mmu      ] GC(176) MMU: 2ms/95.2%, 5ms/98.1%, 10ms/99.0%, 20ms/99.5%, 50ms/99.8%, 100ms/99.9%
[103.300s][info][gc,marking  ] GC(176) Mark: 1 stripe(s), 2 proactive flush(es), 1 terminate flush(es), 0 completion(s), 0 continuation(s) 
[103.300s][info][gc,marking  ] GC(176) Mark Stack Usage: 32M
[103.300s][info][gc,nmethod  ] GC(176) NMethods: 22973 registered, 0 unregistered
[103.300s][info][gc,metaspace] GC(176) Metaspace: 135M used, 136M committed, 1152M reserved
[103.300s][info][gc,ref      ] GC(176) Soft: 8851 encountered, 0 discovered, 0 enqueued
[103.300s][info][gc,ref      ] GC(176) Weak: 16273 encountered, 3852 discovered, 695 enqueued
[103.300s][info][gc,ref      ] GC(176) Final: 53 encountered, 0 discovered, 0 enqueued
[103.300s][info][gc,ref      ] GC(176) Phantom: 589 encountered, 355 discovered, 0 enqueued
[103.300s][info][gc,reloc    ] GC(176) Small Pages: 597 / 1194M, Empty: 890M, Relocated: 6M, In-Place: 0
[103.300s][info][gc,reloc    ] GC(176) Medium Pages: 2 / 64M, Empty: 32M, Relocated: 0M, In-Place: 0
[103.300s][info][gc,reloc    ] GC(176) Large Pages: 6 / 36M, Empty: 36M, Relocated: 0M, In-Place: 0
[103.300s][info][gc,reloc    ] GC(176) Forwarding Usage: 2M
[103.301s][info][gc,heap     ] GC(176) Min Capacity: 2048M(100%)
[103.301s][info][gc,heap     ] GC(176) Max Capacity: 2048M(100%)
[103.301s][info][gc,heap     ] GC(176) Soft Max Capacity: 2048M(100%)
[103.301s][info][gc,heap     ] GC(176)                Mark Start          Mark End        Relocate Start      Relocate End           High               Low         
[103.301s][info][gc,heap     ] GC(176)  Capacity:     2048M (100%)       2048M (100%)       2048M (100%)       2048M (100%)       2048M (100%)       2048M (100%)   
[103.301s][info][gc,heap     ] GC(176)      Free:      754M (37%)         568M (28%)        1356M (66%)        1564M (76%)        1570M (77%)         412M (20%)    
[103.301s][info][gc,heap     ] GC(176)      Used:     1294M (63%)        1480M (72%)         692M (34%)         484M (24%)        1636M (80%)         478M (23%)    
[103.301s][info][gc,heap     ] GC(176)      Live:         -                90M (4%)           90M (4%)           90M (4%)             -                  -          
[103.301s][info][gc,heap     ] GC(176) Allocated:         -               186M (9%)          356M (17%)         375M (18%)            -                  -          
[103.301s][info][gc,heap     ] GC(176)   Garbage:         -              1203M (59%)         245M (12%)          17M (1%)             -                  -          
[103.301s][info][gc,heap     ] GC(176) Reclaimed:         -                  -               958M (47%)        1185M (58%)            -                  -          
[103.301s][info][gc          ] GC(176) Garbage Collection (Allocation Rate) 1294M(63%)->484M(24%)
[103.493s][info][gc,start    ] GC(177) Garbage Collection (System.gc())
[103.493s][info][gc,task     ] GC(177) Using 2 workers
[103.493s][info][gc,phases   ] GC(177) Pause Mark Start 0.006ms
[103.556s][info][gc,phases   ] GC(177) Concurrent Mark 62.737ms
[103.556s][info][gc,phases   ] GC(177) Pause Mark End 0.051ms
[103.556s][info][gc,phases   ] GC(177) Concurrent Mark Free 0.001ms
[103.579s][info][gc,phases   ] GC(177) Concurrent Process Non-Strong References 22.555ms
[103.579s][info][gc,phases   ] GC(177) Concurrent Reset Relocation Set 0.007ms
[103.581s][info][gc,phases   ] GC(177) Concurrent Select Relocation Set 1.808ms
[103.581s][info][gc,phases   ] GC(177) Pause Relocate Start 0.008ms
[103.582s][info][gc,phases   ] GC(177) Concurrent Relocate 1.117ms
[103.582s][info][gc,load     ] GC(177) Load: 0.00/0.00/0.00
[103.582s][info][gc,mmu      ] GC(177) MMU: 2ms/95.2%, 5ms/98.1%, 10ms/99.0%, 20ms/99.5%, 50ms/99.8%, 100ms/99.9%
[103.582s][info][gc,marking  ] GC(177) Mark: 2 stripe(s), 1 proactive flush(es), 1 terminate flush(es), 0 completion(s), 0 continuation(s) 
[103.582s][info][gc,marking  ] GC(177) Mark Stack Usage: 32M
[103.582s][info][gc,nmethod  ] GC(177) NMethods: 22983 registered, 0 unregistered
[103.582s][info][gc,metaspace] GC(177) Metaspace: 135M used, 136M committed, 1152M reserved
[103.582s][info][gc,ref      ] GC(177) Soft: 8849 encountered, 0 discovered, 0 enqueued
[103.582s][info][gc,ref      ] GC(177) Weak: 15971 encountered, 3487 discovered, 601 enqueued
[103.582s][info][gc,ref      ] GC(177) Final: 53 encountered, 0 discovered, 0 enqueued
[103.582s][info][gc,ref      ] GC(177) Phantom: 589 encountered, 398 discovered, 0 enqueued
[103.582s][info][gc,reloc    ] GC(177) Small Pages: 291 / 582M, Empty: 410M, Relocated: 2M, In-Place: 0
[103.582s][info][gc,reloc    ] GC(177) Medium Pages: 2 / 64M, Empty: 32M, Relocated: 0M, In-Place: 0
[103.582s][info][gc,reloc    ] GC(177) Large Pages: 8 / 48M, Empty: 48M, Relocated: 0M, In-Place: 0
[103.582s][info][gc,reloc    ] GC(177) Forwarding Usage: 0M
[103.582s][info][gc,heap     ] GC(177) Min Capacity: 2048M(100%)
[103.582s][info][gc,heap     ] GC(177) Max Capacity: 2048M(100%)
[103.582s][info][gc,heap     ] GC(177) Soft Max Capacity: 2048M(100%)
[103.582s][info][gc,heap     ] GC(177)                Mark Start          Mark End        Relocate Start      Relocate End           High               Low         
[103.582s][info][gc,heap     ] GC(177)  Capacity:     2048M (100%)       2048M (100%)       2048M (100%)       2048M (100%)       2048M (100%)       2048M (100%)   
[103.582s][info][gc,heap     ] GC(177)      Free:     1354M (66%)        1354M (66%)        1834M (90%)        1930M (94%)        1930M (94%)        1352M (66%)    
[103.582s][info][gc,heap     ] GC(177)      Used:      694M (34%)         694M (34%)         214M (10%)         118M (6%)          696M (34%)         118M (6%)     
[103.582s][info][gc,heap     ] GC(177)      Live:         -                88M (4%)           88M (4%)           88M (4%)             -                  -          
[103.582s][info][gc,heap     ] GC(177) Allocated:         -                 0M (0%)           10M (0%)           11M (1%)             -                  -          
[103.582s][info][gc,heap     ] GC(177)   Garbage:         -               605M (30%)         115M (6%)           17M (1%)             -                  -          
[103.582s][info][gc,heap     ] GC(177) Reclaimed:         -                  -               490M (24%)         587M (29%)            -                  -          
[103.582s][info][gc          ] GC(177) Garbage Collection (System.gc()) 694M(34%)->118M(6%)
[104.126s][info][gc,start    ] GC(178) Garbage Collection (Allocation Rate)
[104.126s][info][gc,task     ] GC(178) Using 1 workers
[104.126s][info][gc,phases   ] GC(178) Pause Mark Start 0.005ms
[104.227s][info][gc,phases   ] GC(178) Concurrent Mark 100.469ms
[104.227s][info][gc,phases   ] GC(178) Pause Mark End 0.023ms
[104.227s][info][gc,phases   ] GC(178) Concurrent Mark Free 0.001ms
[104.297s][info][gc,phases   ] GC(178) Concurrent Process Non-Strong References 70.096ms
[104.297s][info][gc,phases   ] GC(178) Concurrent Reset Relocation Set 0.004ms
[104.300s][info][gc,phases   ] GC(178) Concurrent Select Relocation Set 2.366ms
[104.300s][info][gc,phases   ] GC(178) Pause Relocate Start 0.009ms
[104.303s][info][gc,phases   ] GC(178) Concurrent Relocate 3.048ms
[104.303s][info][gc,load     ] GC(178) Load: 0.00/0.00/0.00
[104.303s][info][gc,mmu      ] GC(178) MMU: 2ms/95.2%, 5ms/98.1%, 10ms/99.0%, 20ms/99.5%, 50ms/99.8%, 100ms/99.9%
[104.303s][info][gc,marking  ] GC(178) Mark: 1 stripe(s), 2 proactive flush(es), 1 terminate flush(es), 0 completion(s), 0 continuation(s) 
[104.303s][info][gc,marking  ] GC(178) Mark Stack Usage: 32M
[104.303s][info][gc,nmethod  ] GC(178) NMethods: 23022 registered, 0 unregistered
[104.303s][info][gc,metaspace] GC(178) Metaspace: 135M used, 136M committed, 1152M reserved
[104.303s][info][gc,ref      ] GC(178) Soft: 8852 encountered, 0 discovered, 0 enqueued
[104.303s][info][gc,ref      ] GC(178) Weak: 16361 encountered, 3953 discovered, 719 enqueued
[104.303s][info][gc,ref      ] GC(178) Final: 53 encountered, 0 discovered, 0 enqueued
[104.303s][info][gc,ref      ] GC(178) Phantom: 589 encountered, 355 discovered, 0 enqueued
[104.303s][info][gc,reloc    ] GC(178) Small Pages: 631 / 1262M, Empty: 1042M, Relocated: 2M, In-Place: 0
[104.303s][info][gc,reloc    ] GC(178) Medium Pages: 2 / 64M, Empty: 32M, Relocated: 0M, In-Place: 0
[104.303s][info][gc,reloc    ] GC(178) Large Pages: 7 / 42M, Empty: 42M, Relocated: 0M, In-Place: 0
[104.303s][info][gc,reloc    ] GC(178) Forwarding Usage: 0M
[104.303s][info][gc,heap     ] GC(178) Min Capacity: 2048M(100%)
[104.303s][info][gc,heap     ] GC(178) Max Capacity: 2048M(100%)
[104.303s][info][gc,heap     ] GC(178) Soft Max Capacity: 2048M(100%)
[104.303s][info][gc,heap     ] GC(178)                Mark Start          Mark End        Relocate Start      Relocate End           High               Low         
[104.303s][info][gc,heap     ] GC(178)  Capacity:     2048M (100%)       2048M (100%)       2048M (100%)       2048M (100%)       2048M (100%)       2048M (100%)   
[104.303s][info][gc,heap     ] GC(178)      Free:      680M (33%)         474M (23%)        1432M (70%)        1570M (77%)        1570M (77%)         328M (16%)    
[104.303s][info][gc,heap     ] GC(178)      Used:     1368M (67%)        1574M (77%)         616M (30%)         478M (23%)        1720M (84%)         478M (23%)    
[104.303s][info][gc,heap     ] GC(178)      Live:         -                89M (4%)           89M (4%)           89M (4%)             -                  -          
[104.303s][info][gc,heap     ] GC(178) Allocated:         -               206M (10%)         364M (18%)         369M (18%)            -                  -          
[104.303s][info][gc,heap     ] GC(178)   Garbage:         -              1278M (62%)         162M (8%)           18M (1%)             -                  -          
[104.303s][info][gc,heap     ] GC(178) Reclaimed:         -                  -              1116M (54%)        1259M (62%)            -                  -          
[104.303s][info][gc          ] GC(178) Garbage Collection (Allocation Rate) 1368M(67%)->478M(23%)
[104.456s][info][gc,start    ] GC(179) Garbage Collection (System.gc())
[104.456s][info][gc,task     ] GC(179) Using 2 workers
[104.456s][info][gc,phases   ] GC(179) Pause Mark Start 0.007ms
[104.520s][info][gc,phases   ] GC(179) Concurrent Mark 64.333ms
[104.521s][info][gc,phases   ] GC(179) Pause Mark End 0.052ms
[104.521s][info][gc,phases   ] GC(179) Concurrent Mark Free 0.002ms
[104.544s][info][gc,phases   ] GC(179) Concurrent Process Non-Strong References 23.330ms
[104.544s][info][gc,phases   ] GC(179) Concurrent Reset Relocation Set 0.006ms
[104.546s][info][gc,phases   ] GC(179) Concurrent Select Relocation Set 1.836ms
[104.546s][info][gc,phases   ] GC(179) Pause Relocate Start 0.008ms
[104.552s][info][gc,phases   ] GC(179) Concurrent Relocate 5.471ms
[104.552s][info][gc,load     ] GC(179) Load: 0.00/0.00/0.00
[104.552s][info][gc,mmu      ] GC(179) MMU: 2ms/95.2%, 5ms/98.1%, 10ms/99.0%, 20ms/99.5%, 50ms/99.8%, 100ms/99.9%
[104.552s][info][gc,marking  ] GC(179) Mark: 2 stripe(s), 2 proactive flush(es), 1 terminate flush(es), 0 completion(s), 0 continuation(s) 
[104.552s][info][gc,marking  ] GC(179) Mark Stack Usage: 32M
[104.552s][info][gc,nmethod  ] GC(179) NMethods: 23023 registered, 0 unregistered
[104.552s][info][gc,metaspace] GC(179) Metaspace: 135M used, 136M committed, 1152M reserved
[104.552s][info][gc,ref      ] GC(179) Soft: 8849 encountered, 0 discovered, 0 enqueued
[104.552s][info][gc,ref      ] GC(179) Weak: 15979 encountered, 4122 discovered, 596 enqueued
[104.552s][info][gc,ref      ] GC(179) Final: 53 encountered, 0 discovered, 0 enqueued
[104.552s][info][gc,ref      ] GC(179) Phantom: 589 encountered, 305 discovered, 0 enqueued
[104.552s][info][gc,reloc    ] GC(179) Small Pages: 253 / 506M, Empty: 230M, Relocated: 15M, In-Place: 0
[104.552s][info][gc,reloc    ] GC(179) Medium Pages: 2 / 64M, Empty: 32M, Relocated: 0M, In-Place: 0
[104.552s][info][gc,reloc    ] GC(179) Large Pages: 7 / 42M, Empty: 42M, Relocated: 0M, In-Place: 0
[104.552s][info][gc,reloc    ] GC(179) Forwarding Usage: 1M
[104.552s][info][gc,heap     ] GC(179) Min Capacity: 2048M(100%)
[104.552s][info][gc,heap     ] GC(179) Max Capacity: 2048M(100%)
[104.552s][info][gc,heap     ] GC(179) Soft Max Capacity: 2048M(100%)
[104.552s][info][gc,heap     ] GC(179)                Mark Start          Mark End        Relocate Start      Relocate End           High               Low         
[104.552s][info][gc,heap     ] GC(179)  Capacity:     2048M (100%)       2048M (100%)       2048M (100%)       2048M (100%)       2048M (100%)       2048M (100%)   
[104.552s][info][gc,heap     ] GC(179)      Free:     1436M (70%)        1426M (70%)        1726M (84%)        1908M (93%)        1908M (93%)        1426M (70%)    
[104.552s][info][gc,heap     ] GC(179)      Used:      612M (30%)         622M (30%)         322M (16%)         140M (7%)          622M (30%)         140M (7%)     
[104.552s][info][gc,heap     ] GC(179)      Live:         -                99M (5%)           99M (5%)           99M (5%)             -                  -          
[104.552s][info][gc,heap     ] GC(179) Allocated:         -                10M (0%)           14M (1%)           23M (1%)             -                  -          
[104.552s][info][gc,heap     ] GC(179)   Garbage:         -               512M (25%)         208M (10%)          16M (1%)             -                  -          
[104.552s][info][gc,heap     ] GC(179) Reclaimed:         -                  -               304M (15%)         495M (24%)            -                  -          
[104.552s][info][gc          ] GC(179) Garbage Collection (System.gc()) 612M(30%)->140M(7%)
[105.017s][info][gc,start    ] GC(180) Garbage Collection (Allocation Rate)
[105.017s][info][gc,task     ] GC(180) Using 1 workers
[105.018s][info][gc,phases   ] GC(180) Pause Mark Start 0.008ms
[105.127s][info][gc,phases   ] GC(180) Concurrent Mark 109.080ms
[105.127s][info][gc,phases   ] GC(180) Pause Mark End 0.016ms
[105.127s][info][gc,phases   ] GC(180) Concurrent Mark Free 0.001ms
[105.197s][info][gc,phases   ] GC(180) Concurrent Process Non-Strong References 69.614ms
[105.197s][info][gc,phases   ] GC(180) Concurrent Reset Relocation Set 0.007ms
[105.199s][info][gc,phases   ] GC(180) Concurrent Select Relocation Set 2.252ms
[105.199s][info][gc,phases   ] GC(180) Pause Relocate Start 0.011ms
[105.205s][info][gc,phases   ] GC(180) Concurrent Relocate 5.831ms
[105.205s][info][gc,load     ] GC(180) Load: 0.00/0.00/0.00
[105.205s][info][gc,mmu      ] GC(180) MMU: 2ms/95.2%, 5ms/98.1%, 10ms/99.0%, 20ms/99.5%, 50ms/99.8%, 100ms/99.9%
[105.205s][info][gc,marking  ] GC(180) Mark: 1 stripe(s), 2 proactive flush(es), 2 terminate flush(es), 0 completion(s), 0 continuation(s) 
[105.205s][info][gc,marking  ] GC(180) Mark Stack Usage: 32M
[105.205s][info][gc,nmethod  ] GC(180) NMethods: 23073 registered, 0 unregistered
[105.205s][info][gc,metaspace] GC(180) Metaspace: 135M used, 136M committed, 1152M reserved
[105.205s][info][gc,ref      ] GC(180) Soft: 8851 encountered, 0 discovered, 0 enqueued
[105.205s][info][gc,ref      ] GC(180) Weak: 16282 encountered, 3858 discovered, 700 enqueued
[105.206s][info][gc,ref      ] GC(180) Final: 53 encountered, 0 discovered, 0 enqueued
[105.206s][info][gc,ref      ] GC(180) Phantom: 589 encountered, 355 discovered, 0 enqueued
[105.206s][info][gc,reloc    ] GC(180) Small Pages: 586 / 1172M, Empty: 882M, Relocated: 4M, In-Place: 0
[105.206s][info][gc,reloc    ] GC(180) Medium Pages: 2 / 64M, Empty: 32M, Relocated: 0M, In-Place: 0
[105.206s][info][gc,reloc    ] GC(180) Large Pages: 6 / 36M, Empty: 36M, Relocated: 0M, In-Place: 0
[105.206s][info][gc,reloc    ] GC(180) Forwarding Usage: 1M
[105.206s][info][gc,heap     ] GC(180) Min Capacity: 2048M(100%)
[105.206s][info][gc,heap     ] GC(180) Max Capacity: 2048M(100%)
[105.206s][info][gc,heap     ] GC(180) Soft Max Capacity: 2048M(100%)
[105.206s][info][gc,heap     ] GC(180)                Mark Start          Mark End        Relocate Start      Relocate End           High               Low         
[105.206s][info][gc,heap     ] GC(180)  Capacity:     2048M (100%)       2048M (100%)       2048M (100%)       2048M (100%)       2048M (100%)       2048M (100%)   
[105.206s][info][gc,heap     ] GC(180)      Free:      776M (38%)         580M (28%)        1374M (67%)        1574M (77%)        1576M (77%)         432M (21%)    
[105.206s][info][gc,heap     ] GC(180)      Used:     1272M (62%)        1468M (72%)         674M (33%)         474M (23%)        1616M (79%)         472M (23%)    
[105.206s][info][gc,heap     ] GC(180)      Live:         -                91M (4%)           91M (4%)           91M (4%)             -                  -          
[105.206s][info][gc,heap     ] GC(180) Allocated:         -               196M (10%)         352M (17%)         365M (18%)            -                  -          
[105.206s][info][gc,heap     ] GC(180)   Garbage:         -              1180M (58%)         230M (11%)          16M (1%)             -                  -          
[105.206s][info][gc,heap     ] GC(180) Reclaimed:         -                  -               950M (46%)        1163M (57%)            -                  -          
[105.206s][info][gc          ] GC(180) Garbage Collection (Allocation Rate) 1272M(62%)->474M(23%)
[105.410s][info][gc,start    ] GC(181) Garbage Collection (System.gc())
[105.410s][info][gc,task     ] GC(181) Using 2 workers
[105.411s][info][gc,phases   ] GC(181) Pause Mark Start 0.007ms
[105.473s][info][gc,phases   ] GC(181) Concurrent Mark 62.321ms
[105.473s][info][gc,phases   ] GC(181) Pause Mark End 0.049ms
[105.473s][info][gc,phases   ] GC(181) Concurrent Mark Free 0.002ms
[105.497s][info][gc,phases   ] GC(181) Concurrent Process Non-Strong References 23.591ms
[105.497s][info][gc,phases   ] GC(181) Concurrent Reset Relocation Set 0.008ms
[105.499s][info][gc,phases   ] GC(181) Concurrent Select Relocation Set 1.695ms
[105.499s][info][gc,phases   ] GC(181) Pause Relocate Start 0.008ms
[105.500s][info][gc,phases   ] GC(181) Concurrent Relocate 1.355ms
[105.500s][info][gc,load     ] GC(181) Load: 0.00/0.00/0.00
[105.500s][info][gc,mmu      ] GC(181) MMU: 2ms/95.2%, 5ms/98.1%, 10ms/99.0%, 20ms/99.5%, 50ms/99.8%, 100ms/99.9%
[105.500s][info][gc,marking  ] GC(181) Mark: 2 stripe(s), 1 proactive flush(es), 1 terminate flush(es), 0 completion(s), 0 continuation(s) 
[105.500s][info][gc,marking  ] GC(181) Mark Stack Usage: 32M
[105.500s][info][gc,nmethod  ] GC(181) NMethods: 23074 registered, 0 unregistered
[105.500s][info][gc,metaspace] GC(181) Metaspace: 135M used, 136M committed, 1152M reserved
[105.500s][info][gc,ref      ] GC(181) Soft: 8849 encountered, 0 discovered, 0 enqueued
[105.500s][info][gc,ref      ] GC(181) Weak: 15975 encountered, 4072 discovered, 601 enqueued
[105.500s][info][gc,ref      ] GC(181) Final: 53 encountered, 0 discovered, 0 enqueued
[105.500s][info][gc,ref      ] GC(181) Phantom: 589 encountered, 409 discovered, 0 enqueued
[105.500s][info][gc,reloc    ] GC(181) Small Pages: 303 / 606M, Empty: 442M, Relocated: 2M, In-Place: 0
[105.500s][info][gc,reloc    ] GC(181) Medium Pages: 2 / 64M, Empty: 32M, Relocated: 0M, In-Place: 0
[105.500s][info][gc,reloc    ] GC(181) Large Pages: 8 / 48M, Empty: 48M, Relocated: 0M, In-Place: 0
[105.500s][info][gc,reloc    ] GC(181) Forwarding Usage: 0M
[105.500s][info][gc,heap     ] GC(181) Min Capacity: 2048M(100%)
[105.500s][info][gc,heap     ] GC(181) Max Capacity: 2048M(100%)
[105.500s][info][gc,heap     ] GC(181) Soft Max Capacity: 2048M(100%)
[105.500s][info][gc,heap     ] GC(181)                Mark Start          Mark End        Relocate Start      Relocate End           High               Low         
[105.500s][info][gc,heap     ] GC(181)  Capacity:     2048M (100%)       2048M (100%)       2048M (100%)       2048M (100%)       2048M (100%)       2048M (100%)   
[105.500s][info][gc,heap     ] GC(181)      Free:     1330M (65%)        1330M (65%)        1838M (90%)        1926M (94%)        1926M (94%)        1328M (65%)    
[105.501s][info][gc,heap     ] GC(181)      Used:      718M (35%)         718M (35%)         210M (10%)         122M (6%)          720M (35%)         122M (6%)     
[105.501s][info][gc,heap     ] GC(181)      Live:         -                88M (4%)           88M (4%)           88M (4%)             -                  -          
[105.501s][info][gc,heap     ] GC(181) Allocated:         -                 0M (0%)           14M (1%)           15M (1%)             -                  -          
[105.501s][info][gc,heap     ] GC(181)   Garbage:         -               629M (31%)         107M (5%)           17M (1%)             -                  -          
[105.501s][info][gc,heap     ] GC(181) Reclaimed:         -                  -               522M (25%)         611M (30%)            -                  -          
[105.501s][info][gc          ] GC(181) Garbage Collection (System.gc()) 718M(35%)->122M(6%)
[106.014s][info][gc,start    ] GC(182) Garbage Collection (Allocation Rate)
[106.014s][info][gc,task     ] GC(182) Using 1 workers
[106.015s][info][gc,phases   ] GC(182) Pause Mark Start 0.007ms
[106.118s][info][gc,phases   ] GC(182) Concurrent Mark 103.259ms
[106.118s][info][gc,phases   ] GC(182) Pause Mark End 0.022ms
[106.118s][info][gc,phases   ] GC(182) Concurrent Mark Free 0.001ms
[106.189s][info][gc,phases   ] GC(182) Concurrent Process Non-Strong References 70.357ms
[106.189s][info][gc,phases   ] GC(182) Concurrent Reset Relocation Set 0.003ms
[106.191s][info][gc,phases   ] GC(182) Concurrent Select Relocation Set 2.603ms
[106.191s][info][gc,phases   ] GC(182) Pause Relocate Start 0.008ms
[106.197s][info][gc,phases   ] GC(182) Concurrent Relocate 5.053ms
[106.197s][info][gc,load     ] GC(182) Load: 0.00/0.00/0.00
[106.197s][info][gc,mmu      ] GC(182) MMU: 2ms/95.2%, 5ms/98.1%, 10ms/99.0%, 20ms/99.5%, 50ms/99.8%, 100ms/99.9%
[106.197s][info][gc,marking  ] GC(182) Mark: 1 stripe(s), 2 proactive flush(es), 1 terminate flush(es), 0 completion(s), 0 continuation(s) 
[106.197s][info][gc,marking  ] GC(182) Mark Stack Usage: 32M
[106.197s][info][gc,nmethod  ] GC(182) NMethods: 23126 registered, 0 unregistered
[106.197s][info][gc,metaspace] GC(182) Metaspace: 135M used, 136M committed, 1152M reserved
[106.197s][info][gc,ref      ] GC(182) Soft: 8851 encountered, 0 discovered, 0 enqueued
[106.197s][info][gc,ref      ] GC(182) Weak: 16287 encountered, 3944 discovered, 702 enqueued
[106.197s][info][gc,ref      ] GC(182) Final: 53 encountered, 0 discovered, 0 enqueued
[106.197s][info][gc,ref      ] GC(182) Phantom: 589 encountered, 355 discovered, 0 enqueued
[106.197s][info][gc,reloc    ] GC(182) Small Pages: 628 / 1256M, Empty: 976M, Relocated: 4M, In-Place: 0
[106.197s][info][gc,reloc    ] GC(182) Medium Pages: 2 / 64M, Empty: 32M, Relocated: 0M, In-Place: 0
[106.197s][info][gc,reloc    ] GC(182) Large Pages: 6 / 36M, Empty: 36M, Relocated: 0M, In-Place: 0
[106.197s][info][gc,reloc    ] GC(182) Forwarding Usage: 1M
[106.197s][info][gc,heap     ] GC(182) Min Capacity: 2048M(100%)
[106.197s][info][gc,heap     ] GC(182) Max Capacity: 2048M(100%)
[106.197s][info][gc,heap     ] GC(182) Soft Max Capacity: 2048M(100%)
[106.197s][info][gc,heap     ] GC(182)                Mark Start          Mark End        Relocate Start      Relocate End           High               Low         
[106.197s][info][gc,heap     ] GC(182)  Capacity:     2048M (100%)       2048M (100%)       2048M (100%)       2048M (100%)       2048M (100%)       2048M (100%)   
[106.197s][info][gc,heap     ] GC(182)      Free:      692M (34%)         506M (25%)        1382M (67%)        1576M (77%)        1580M (77%)         348M (17%)    
[106.197s][info][gc,heap     ] GC(182)      Used:     1356M (66%)        1542M (75%)         666M (33%)         472M (23%)        1700M (83%)         468M (23%)    
[106.197s][info][gc,heap     ] GC(182)      Live:         -                91M (4%)           91M (4%)           91M (4%)             -                  -          
[106.197s][info][gc,heap     ] GC(182) Allocated:         -               186M (9%)          354M (17%)         363M (18%)            -                  -          
[106.197s][info][gc,heap     ] GC(182)   Garbage:         -              1264M (62%)         220M (11%)          17M (1%)             -                  -          
[106.197s][info][gc,heap     ] GC(182) Reclaimed:         -                  -              1044M (51%)        1247M (61%)            -                  -          
[106.197s][info][gc          ] GC(182) Garbage Collection (Allocation Rate) 1356M(66%)->472M(23%)
[106.360s][info][gc,start    ] GC(183) Garbage Collection (System.gc())
[106.361s][info][gc,task     ] GC(183) Using 2 workers
[106.361s][info][gc,phases   ] GC(183) Pause Mark Start 0.006ms
[106.424s][info][gc,phases   ] GC(183) Concurrent Mark 63.412ms
[106.424s][info][gc,phases   ] GC(183) Pause Mark End 0.030ms
[106.424s][info][gc,phases   ] GC(183) Concurrent Mark Free 0.001ms
[106.449s][info][gc,phases   ] GC(183) Concurrent Process Non-Strong References 24.334ms
[106.449s][info][gc,phases   ] GC(183) Concurrent Reset Relocation Set 0.005ms
[106.451s][info][gc,phases   ] GC(183) Concurrent Select Relocation Set 1.710ms
[106.451s][info][gc,phases   ] GC(183) Pause Relocate Start 0.008ms
[106.456s][info][gc,phases   ] GC(183) Concurrent Relocate 4.805ms
[106.456s][info][gc,load     ] GC(183) Load: 0.00/0.00/0.00
[106.456s][info][gc,mmu      ] GC(183) MMU: 2ms/95.2%, 5ms/98.1%, 10ms/99.0%, 20ms/99.5%, 50ms/99.8%, 100ms/99.9%
[106.456s][info][gc,marking  ] GC(183) Mark: 2 stripe(s), 2 proactive flush(es), 1 terminate flush(es), 0 completion(s), 0 continuation(s) 
[106.456s][info][gc,marking  ] GC(183) Mark Stack Usage: 32M
[106.456s][info][gc,nmethod  ] GC(183) NMethods: 23129 registered, 0 unregistered
[106.456s][info][gc,metaspace] GC(183) Metaspace: 135M used, 136M committed, 1152M reserved
[106.456s][info][gc,ref      ] GC(183) Soft: 8849 encountered, 0 discovered, 0 enqueued
[106.456s][info][gc,ref      ] GC(183) Weak: 15997 encountered, 4174 discovered, 609 enqueued
[106.456s][info][gc,ref      ] GC(183) Final: 53 encountered, 0 discovered, 0 enqueued
[106.456s][info][gc,ref      ] GC(183) Phantom: 589 encountered, 405 discovered, 0 enqueued
[106.456s][info][gc,reloc    ] GC(183) Small Pages: 255 / 510M, Empty: 182M, Relocated: 18M, In-Place: 0
[106.456s][info][gc,reloc    ] GC(183) Medium Pages: 2 / 64M, Empty: 32M, Relocated: 0M, In-Place: 0
[106.456s][info][gc,reloc    ] GC(183) Large Pages: 8 / 48M, Empty: 48M, Relocated: 0M, In-Place: 0
[106.456s][info][gc,reloc    ] GC(183) Forwarding Usage: 0M
[106.456s][info][gc,heap     ] GC(183) Min Capacity: 2048M(100%)
[106.456s][info][gc,heap     ] GC(183) Max Capacity: 2048M(100%)
[106.456s][info][gc,heap     ] GC(183) Soft Max Capacity: 2048M(100%)
[106.456s][info][gc,heap     ] GC(183)                Mark Start          Mark End        Relocate Start      Relocate End           High               Low         
[106.456s][info][gc,heap     ] GC(183)  Capacity:     2048M (100%)       2048M (100%)       2048M (100%)       2048M (100%)       2048M (100%)       2048M (100%)   
[106.456s][info][gc,heap     ] GC(183)      Free:     1426M (70%)        1418M (69%)        1674M (82%)        1904M (93%)        1904M (93%)        1418M (69%)    
[106.456s][info][gc,heap     ] GC(183)      Used:      622M (30%)         630M (31%)         374M (18%)         144M (7%)          630M (31%)         144M (7%)     
[106.456s][info][gc,heap     ] GC(183)      Live:         -               105M (5%)          105M (5%)          105M (5%)             -                  -          
[106.456s][info][gc,heap     ] GC(183) Allocated:         -                 8M (0%)           14M (1%)           19M (1%)             -                  -          
[106.456s][info][gc,heap     ] GC(183)   Garbage:         -               516M (25%)         254M (12%)          18M (1%)             -                  -          
[106.456s][info][gc,heap     ] GC(183) Reclaimed:         -                  -               262M (13%)         497M (24%)            -                  -          
[106.456s][info][gc          ] GC(183) Garbage Collection (System.gc()) 622M(30%)->144M(7%)
[107.025s][info][gc,start    ] GC(184) Garbage Collection (Allocation Rate)
[107.025s][info][gc,task     ] GC(184) Using 1 workers
[107.025s][info][gc,phases   ] GC(184) Pause Mark Start 0.011ms
[107.135s][info][gc,phases   ] GC(184) Concurrent Mark 109.865ms
[107.135s][info][gc,phases   ] GC(184) Pause Mark End 0.018ms
[107.135s][info][gc,phases   ] GC(184) Concurrent Mark Free 0.001ms
[107.201s][info][gc,phases   ] GC(184) Concurrent Process Non-Strong References 65.109ms
[107.201s][info][gc,phases   ] GC(184) Concurrent Reset Relocation Set 0.008ms
[107.203s][info][gc,phases   ] GC(184) Concurrent Select Relocation Set 2.537ms
[107.203s][info][gc,phases   ] GC(184) Pause Relocate Start 0.009ms
[107.207s][info][gc,phases   ] GC(184) Concurrent Relocate 3.718ms
[107.207s][info][gc,load     ] GC(184) Load: 0.00/0.00/0.00
[107.207s][info][gc,mmu      ] GC(184) MMU: 2ms/95.2%, 5ms/98.1%, 10ms/99.0%, 20ms/99.5%, 50ms/99.8%, 100ms/99.9%
[107.207s][info][gc,marking  ] GC(184) Mark: 1 stripe(s), 2 proactive flush(es), 1 terminate flush(es), 0 completion(s), 0 continuation(s) 
[107.207s][info][gc,marking  ] GC(184) Mark Stack Usage: 32M
[107.207s][info][gc,nmethod  ] GC(184) NMethods: 23150 registered, 0 unregistered
[107.207s][info][gc,metaspace] GC(184) Metaspace: 135M used, 136M committed, 1152M reserved
[107.207s][info][gc,ref      ] GC(184) Soft: 8849 encountered, 0 discovered, 0 enqueued
[107.207s][info][gc,ref      ] GC(184) Weak: 16355 encountered, 4006 discovered, 927 enqueued
[107.207s][info][gc,ref      ] GC(184) Final: 53 encountered, 0 discovered, 0 enqueued
[107.207s][info][gc,ref      ] GC(184) Phantom: 589 encountered, 355 discovered, 0 enqueued
[107.207s][info][gc,reloc    ] GC(184) Small Pages: 658 / 1316M, Empty: 1070M, Relocated: 3M, In-Place: 0
[107.207s][info][gc,reloc    ] GC(184) Medium Pages: 2 / 64M, Empty: 32M, Relocated: 0M, In-Place: 0
[107.207s][info][gc,reloc    ] GC(184) Large Pages: 9 / 54M, Empty: 54M, Relocated: 0M, In-Place: 0
[107.207s][info][gc,reloc    ] GC(184) Forwarding Usage: 1M
[107.207s][info][gc,heap     ] GC(184) Min Capacity: 2048M(100%)
[107.207s][info][gc,heap     ] GC(184) Max Capacity: 2048M(100%)
[107.207s][info][gc,heap     ] GC(184) Soft Max Capacity: 2048M(100%)
[107.207s][info][gc,heap     ] GC(184)                Mark Start          Mark End        Relocate Start      Relocate End           High               Low         
[107.207s][info][gc,heap     ] GC(184)  Capacity:     2048M (100%)       2048M (100%)       2048M (100%)       2048M (100%)       2048M (100%)       2048M (100%)   
[107.207s][info][gc,heap     ] GC(184)      Free:      614M (30%)         368M (18%)        1416M (69%)        1576M (77%)        1576M (77%)         266M (13%)    
[107.207s][info][gc,heap     ] GC(184)      Used:     1434M (70%)        1680M (82%)         632M (31%)         472M (23%)        1782M (87%)         472M (23%)    
[107.207s][info][gc,heap     ] GC(184)      Live:         -                89M (4%)           89M (4%)           89M (4%)             -                  -          
[107.207s][info][gc,heap     ] GC(184) Allocated:         -               246M (12%)         354M (17%)         363M (18%)            -                  -          
[107.207s][info][gc,heap     ] GC(184)   Garbage:         -              1344M (66%)         188M (9%)           18M (1%)             -                  -          
[107.207s][info][gc,heap     ] GC(184) Reclaimed:         -                  -              1156M (56%)        1325M (65%)            -                  -          
[107.207s][info][gc          ] GC(184) Garbage Collection (Allocation Rate) 1434M(70%)->472M(23%)
[107.330s][info][gc,start    ] GC(185) Garbage Collection (System.gc())
[107.330s][info][gc,task     ] GC(185) Using 2 workers
[107.330s][info][gc,phases   ] GC(185) Pause Mark Start 0.007ms
[107.394s][info][gc,phases   ] GC(185) Concurrent Mark 63.389ms
[107.394s][info][gc,phases   ] GC(185) Pause Mark End 0.030ms
[107.394s][info][gc,phases   ] GC(185) Concurrent Mark Free 0.001ms
[107.418s][info][gc,phases   ] GC(185) Concurrent Process Non-Strong References 23.125ms
[107.418s][info][gc,phases   ] GC(185) Concurrent Reset Relocation Set 0.005ms
[107.419s][info][gc,phases   ] GC(185) Concurrent Select Relocation Set 1.755ms
[107.419s][info][gc,phases   ] GC(185) Pause Relocate Start 0.008ms
[107.424s][info][gc,phases   ] GC(185) Concurrent Relocate 4.608ms
[107.424s][info][gc,load     ] GC(185) Load: 0.00/0.00/0.00
[107.424s][info][gc,mmu      ] GC(185) MMU: 2ms/95.2%, 5ms/98.1%, 10ms/99.0%, 20ms/99.5%, 50ms/99.8%, 100ms/99.9%
[107.424s][info][gc,marking  ] GC(185) Mark: 2 stripe(s), 2 proactive flush(es), 1 terminate flush(es), 0 completion(s), 0 continuation(s) 
[107.424s][info][gc,marking  ] GC(185) Mark Stack Usage: 32M
[107.424s][info][gc,nmethod  ] GC(185) NMethods: 23151 registered, 0 unregistered
[107.424s][info][gc,metaspace] GC(185) Metaspace: 135M used, 136M committed, 1152M reserved
[107.424s][info][gc,ref      ] GC(185) Soft: 8849 encountered, 0 discovered, 0 enqueued
[107.424s][info][gc,ref      ] GC(185) Weak: 15744 encountered, 2950 discovered, 368 enqueued
[107.424s][info][gc,ref      ] GC(185) Final: 53 encountered, 0 discovered, 0 enqueued
[107.424s][info][gc,ref      ] GC(185) Phantom: 589 encountered, 399 discovered, 0 enqueued
[107.424s][info][gc,reloc    ] GC(185) Small Pages: 237 / 474M, Empty: 152M, Relocated: 18M, In-Place: 0
[107.424s][info][gc,reloc    ] GC(185) Medium Pages: 2 / 64M, Empty: 32M, Relocated: 0M, In-Place: 0
[107.424s][info][gc,reloc    ] GC(185) Large Pages: 5 / 30M, Empty: 30M, Relocated: 0M, In-Place: 0
[107.424s][info][gc,reloc    ] GC(185) Forwarding Usage: 1M
[107.424s][info][gc,heap     ] GC(185) Min Capacity: 2048M(100%)
[107.424s][info][gc,heap     ] GC(185) Max Capacity: 2048M(100%)
[107.424s][info][gc,heap     ] GC(185) Soft Max Capacity: 2048M(100%)
[107.424s][info][gc,heap     ] GC(185)                Mark Start          Mark End        Relocate Start      Relocate End           High               Low         
[107.424s][info][gc,heap     ] GC(185)  Capacity:     2048M (100%)       2048M (100%)       2048M (100%)       2048M (100%)       2048M (100%)       2048M (100%)   
[107.424s][info][gc,heap     ] GC(185)      Free:     1480M (72%)        1472M (72%)        1678M (82%)        1900M (93%)        1900M (93%)        1472M (72%)    
[107.424s][info][gc,heap     ] GC(185)      Used:      568M (28%)         576M (28%)         370M (18%)         148M (7%)          576M (28%)         148M (7%)     
[107.424s][info][gc,heap     ] GC(185)      Live:         -               105M (5%)          105M (5%)          105M (5%)             -                  -          
[107.424s][info][gc,heap     ] GC(185) Allocated:         -                 8M (0%)           16M (1%)           23M (1%)             -                  -          
[107.424s][info][gc,heap     ] GC(185)   Garbage:         -               462M (23%)         248M (12%)          18M (1%)             -                  -          
[107.424s][info][gc,heap     ] GC(185) Reclaimed:         -                  -               214M (10%)         443M (22%)            -                  -          
[107.424s][info][gc          ] GC(185) Garbage Collection (System.gc()) 568M(28%)->148M(7%)
[107.924s][info][gc,start    ] GC(186) Garbage Collection (Allocation Rate)
[107.924s][info][gc,task     ] GC(186) Using 1 workers
[107.925s][info][gc,phases   ] GC(186) Pause Mark Start 0.006ms
[108.027s][info][gc,phases   ] GC(186) Concurrent Mark 102.083ms
[108.027s][info][gc,phases   ] GC(186) Pause Mark End 0.017ms
[108.027s][info][gc,phases   ] GC(186) Concurrent Mark Free 0.001ms
[108.100s][info][gc,phases   ] GC(186) Concurrent Process Non-Strong References 73.181ms
[108.100s][info][gc,phases   ] GC(186) Concurrent Reset Relocation Set 0.008ms
[108.103s][info][gc,phases   ] GC(186) Concurrent Select Relocation Set 2.683ms
[108.103s][info][gc,phases   ] GC(186) Pause Relocate Start 0.008ms
[108.108s][info][gc,phases   ] GC(186) Concurrent Relocate 4.663ms
[108.108s][info][gc,load     ] GC(186) Load: 0.00/0.00/0.00
[108.108s][info][gc,mmu      ] GC(186) MMU: 2ms/95.2%, 5ms/98.1%, 10ms/99.0%, 20ms/99.5%, 50ms/99.8%, 100ms/99.9%
[108.108s][info][gc,marking  ] GC(186) Mark: 1 stripe(s), 2 proactive flush(es), 1 terminate flush(es), 0 completion(s), 0 continuation(s) 
[108.108s][info][gc,marking  ] GC(186) Mark Stack Usage: 32M
[108.108s][info][gc,nmethod  ] GC(186) NMethods: 23173 registered, 0 unregistered
[108.108s][info][gc,metaspace] GC(186) Metaspace: 135M used, 136M committed, 1152M reserved
[108.108s][info][gc,ref      ] GC(186) Soft: 8851 encountered, 0 discovered, 0 enqueued
[108.108s][info][gc,ref      ] GC(186) Weak: 16290 encountered, 3944 discovered, 703 enqueued
[108.108s][info][gc,ref      ] GC(186) Final: 53 encountered, 0 discovered, 0 enqueued
[108.108s][info][gc,ref      ] GC(186) Phantom: 589 encountered, 355 discovered, 0 enqueued
[108.108s][info][gc,reloc    ] GC(186) Small Pages: 637 / 1274M, Empty: 1002M, Relocated: 5M, In-Place: 0
[108.108s][info][gc,reloc    ] GC(186) Medium Pages: 2 / 64M, Empty: 32M, Relocated: 0M, In-Place: 0
[108.108s][info][gc,reloc    ] GC(186) Large Pages: 6 / 36M, Empty: 36M, Relocated: 0M, In-Place: 0
[108.108s][info][gc,reloc    ] GC(186) Forwarding Usage: 1M
[108.108s][info][gc,heap     ] GC(186) Min Capacity: 2048M(100%)
[108.108s][info][gc,heap     ] GC(186) Max Capacity: 2048M(100%)
[108.108s][info][gc,heap     ] GC(186) Soft Max Capacity: 2048M(100%)
[108.108s][info][gc,heap     ] GC(186)                Mark Start          Mark End        Relocate Start      Relocate End           High               Low         
[108.108s][info][gc,heap     ] GC(186)  Capacity:     2048M (100%)       2048M (100%)       2048M (100%)       2048M (100%)       2048M (100%)       2048M (100%)   
[108.108s][info][gc,heap     ] GC(186)      Free:      674M (33%)         484M (24%)        1394M (68%)        1582M (77%)        1582M (77%)         338M (17%)    
[108.108s][info][gc,heap     ] GC(186)      Used:     1374M (67%)        1564M (76%)         654M (32%)         466M (23%)        1710M (83%)         466M (23%)    
[108.108s][info][gc,heap     ] GC(186)      Live:         -                91M (4%)           91M (4%)           91M (4%)             -                  -          
[108.108s][info][gc,heap     ] GC(186) Allocated:         -               190M (9%)          350M (17%)         357M (17%)            -                  -          
[108.108s][info][gc,heap     ] GC(186)   Garbage:         -              1282M (63%)         212M (10%)          16M (1%)             -                  -          
[108.108s][info][gc,heap     ] GC(186) Reclaimed:         -                  -              1070M (52%)        1265M (62%)            -                  -          
[108.108s][info][gc          ] GC(186) Garbage Collection (Allocation Rate) 1374M(67%)->466M(23%)
[108.272s][info][gc,start    ] GC(187) Garbage Collection (System.gc())
[108.272s][info][gc,task     ] GC(187) Using 2 workers
[108.272s][info][gc,phases   ] GC(187) Pause Mark Start 0.008ms
[108.335s][info][gc,phases   ] GC(187) Concurrent Mark 62.789ms
[108.335s][info][gc,phases   ] GC(187) Pause Mark End 0.056ms
[108.336s][info][gc,phases   ] GC(187) Concurrent Mark Free 0.001ms
[108.358s][info][gc,phases   ] GC(187) Concurrent Process Non-Strong References 21.868ms
[108.358s][info][gc,phases   ] GC(187) Concurrent Reset Relocation Set 0.008ms
[108.360s][info][gc,phases   ] GC(187) Concurrent Select Relocation Set 2.104ms
[108.360s][info][gc,phases   ] GC(187) Pause Relocate Start 0.009ms
[108.363s][info][gc,phases   ] GC(187) Concurrent Relocate 3.160ms
[108.363s][info][gc,load     ] GC(187) Load: 0.00/0.00/0.00
[108.363s][info][gc,mmu      ] GC(187) MMU: 2ms/95.2%, 5ms/98.1%, 10ms/99.0%, 20ms/99.5%, 50ms/99.8%, 100ms/99.9%
[108.363s][info][gc,marking  ] GC(187) Mark: 2 stripe(s), 2 proactive flush(es), 1 terminate flush(es), 0 completion(s), 0 continuation(s) 
[108.363s][info][gc,marking  ] GC(187) Mark Stack Usage: 32M
[108.363s][info][gc,nmethod  ] GC(187) NMethods: 23173 registered, 0 unregistered
[108.363s][info][gc,metaspace] GC(187) Metaspace: 135M used, 136M committed, 1152M reserved
[108.363s][info][gc,ref      ] GC(187) Soft: 8849 encountered, 0 discovered, 0 enqueued
[108.363s][info][gc,ref      ] GC(187) Weak: 16006 encountered, 3364 discovered, 612 enqueued
[108.363s][info][gc,ref      ] GC(187) Final: 53 encountered, 0 discovered, 0 enqueued
[108.363s][info][gc,ref      ] GC(187) Phantom: 589 encountered, 334 discovered, 0 enqueued
[108.363s][info][gc,reloc    ] GC(187) Small Pages: 254 / 508M, Empty: 226M, Relocated: 12M, In-Place: 0
[108.363s][info][gc,reloc    ] GC(187) Medium Pages: 2 / 64M, Empty: 32M, Relocated: 0M, In-Place: 0
[108.363s][info][gc,reloc    ] GC(187) Large Pages: 8 / 48M, Empty: 48M, Relocated: 0M, In-Place: 0
[108.363s][info][gc,reloc    ] GC(187) Forwarding Usage: 0M
[108.363s][info][gc,heap     ] GC(187) Min Capacity: 2048M(100%)
[108.363s][info][gc,heap     ] GC(187) Max Capacity: 2048M(100%)
[108.363s][info][gc,heap     ] GC(187) Soft Max Capacity: 2048M(100%)
[108.363s][info][gc,heap     ] GC(187)                Mark Start          Mark End        Relocate Start      Relocate End           High               Low         
[108.363s][info][gc,heap     ] GC(187)  Capacity:     2048M (100%)       2048M (100%)       2048M (100%)       2048M (100%)       2048M (100%)       2048M (100%)   
[108.363s][info][gc,heap     ] GC(187)      Free:     1428M (70%)        1416M (69%)        1718M (84%)        1906M (93%)        1906M (93%)        1416M (69%)    
[108.363s][info][gc,heap     ] GC(187)      Used:      620M (30%)         632M (31%)         330M (16%)         142M (7%)          632M (31%)         142M (7%)     
[108.363s][info][gc,heap     ] GC(187)      Live:         -               100M (5%)          100M (5%)          100M (5%)             -                  -          
[108.363s][info][gc,heap     ] GC(187) Allocated:         -                12M (1%)           16M (1%)           23M (1%)             -                  -          
[108.363s][info][gc,heap     ] GC(187)   Garbage:         -               519M (25%)         213M (10%)          18M (1%)             -                  -          
[108.363s][info][gc,heap     ] GC(187) Reclaimed:         -                  -               306M (15%)         501M (24%)            -                  -          
[108.363s][info][gc          ] GC(187) Garbage Collection (System.gc()) 620M(30%)->142M(7%)
[108.826s][info][gc,start    ] GC(188) Garbage Collection (Allocation Rate)
[108.826s][info][gc,task     ] GC(188) Using 1 workers
[108.826s][info][gc,phases   ] GC(188) Pause Mark Start 0.004ms
[108.926s][info][gc,phases   ] GC(188) Concurrent Mark 99.278ms
[108.926s][info][gc,phases   ] GC(188) Pause Mark End 0.013ms
[108.926s][info][gc,phases   ] GC(188) Concurrent Mark Free 0.001ms
[108.994s][info][gc,phases   ] GC(188) Concurrent Process Non-Strong References 68.093ms
[108.994s][info][gc,phases   ] GC(188) Concurrent Reset Relocation Set 0.008ms
[108.997s][info][gc,phases   ] GC(188) Concurrent Select Relocation Set 2.480ms
[108.997s][info][gc,phases   ] GC(188) Pause Relocate Start 0.010ms
[109.001s][info][gc,phases   ] GC(188) Concurrent Relocate 4.325ms
[109.001s][info][gc,load     ] GC(188) Load: 0.00/0.00/0.00
[109.001s][info][gc,mmu      ] GC(188) MMU: 2ms/95.2%, 5ms/98.1%, 10ms/99.0%, 20ms/99.5%, 50ms/99.8%, 100ms/99.9%
[109.001s][info][gc,marking  ] GC(188) Mark: 1 stripe(s), 2 proactive flush(es), 1 terminate flush(es), 0 completion(s), 0 continuation(s) 
[109.001s][info][gc,marking  ] GC(188) Mark Stack Usage: 32M
[109.001s][info][gc,nmethod  ] GC(188) NMethods: 23197 registered, 0 unregistered
[109.002s][info][gc,metaspace] GC(188) Metaspace: 135M used, 136M committed, 1152M reserved
[109.002s][info][gc,ref      ] GC(188) Soft: 8851 encountered, 0 discovered, 0 enqueued
[109.002s][info][gc,ref      ] GC(188) Weak: 16293 encountered, 3859 discovered, 700 enqueued
[109.002s][info][gc,ref      ] GC(188) Final: 53 encountered, 0 discovered, 0 enqueued
[109.002s][info][gc,ref      ] GC(188) Phantom: 589 encountered, 355 discovered, 0 enqueued
[109.002s][info][gc,reloc    ] GC(188) Small Pages: 593 / 1186M, Empty: 898M, Relocated: 3M, In-Place: 0
[109.002s][info][gc,reloc    ] GC(188) Medium Pages: 2 / 64M, Empty: 32M, Relocated: 0M, In-Place: 0
[109.002s][info][gc,reloc    ] GC(188) Large Pages: 6 / 36M, Empty: 36M, Relocated: 0M, In-Place: 0
[109.002s][info][gc,reloc    ] GC(188) Forwarding Usage: 1M
[109.002s][info][gc,heap     ] GC(188) Min Capacity: 2048M(100%)
[109.002s][info][gc,heap     ] GC(188) Max Capacity: 2048M(100%)
[109.002s][info][gc,heap     ] GC(188) Soft Max Capacity: 2048M(100%)
[109.002s][info][gc,heap     ] GC(188)                Mark Start          Mark End        Relocate Start      Relocate End           High               Low         
[109.002s][info][gc,heap     ] GC(188)  Capacity:     2048M (100%)       2048M (100%)       2048M (100%)       2048M (100%)       2048M (100%)       2048M (100%)   
[109.002s][info][gc,heap     ] GC(188)      Free:      762M (37%)         576M (28%)        1386M (68%)        1588M (78%)        1588M (78%)         434M (21%)    
[109.002s][info][gc,heap     ] GC(188)      Used:     1286M (63%)        1472M (72%)         662M (32%)         460M (22%)        1614M (79%)         460M (22%)    
[109.002s][info][gc,heap     ] GC(188)      Live:         -                90M (4%)           90M (4%)           90M (4%)             -                  -          
[109.002s][info][gc,heap     ] GC(188) Allocated:         -               186M (9%)          342M (17%)         349M (17%)            -                  -          
[109.002s][info][gc,heap     ] GC(188)   Garbage:         -              1195M (58%)         229M (11%)          19M (1%)             -                  -          
[109.002s][info][gc,heap     ] GC(188) Reclaimed:         -                  -               966M (47%)        1175M (57%)            -                  -          
[109.002s][info][gc          ] GC(188) Garbage Collection (Allocation Rate) 1286M(63%)->460M(22%)
[109.212s][info][gc,start    ] GC(189) Garbage Collection (System.gc())
[109.212s][info][gc,task     ] GC(189) Using 2 workers
[109.212s][info][gc,phases   ] GC(189) Pause Mark Start 0.005ms
[109.274s][info][gc,phases   ] GC(189) Concurrent Mark 61.984ms
[109.275s][info][gc,phases   ] GC(189) Pause Mark End 0.055ms
[109.275s][info][gc,phases   ] GC(189) Concurrent Mark Free 0.001ms
[109.297s][info][gc,phases   ] GC(189) Concurrent Process Non-Strong References 21.607ms
[109.297s][info][gc,phases   ] GC(189) Concurrent Reset Relocation Set 0.006ms
[109.299s][info][gc,phases   ] GC(189) Concurrent Select Relocation Set 2.085ms
[109.299s][info][gc,phases   ] GC(189) Pause Relocate Start 0.008ms
[109.301s][info][gc,phases   ] GC(189) Concurrent Relocate 1.594ms
[109.301s][info][gc,load     ] GC(189) Load: 0.00/0.00/0.00
[109.301s][info][gc,mmu      ] GC(189) MMU: 2ms/95.2%, 5ms/98.1%, 10ms/99.0%, 20ms/99.5%, 50ms/99.8%, 100ms/99.9%
[109.301s][info][gc,marking  ] GC(189) Mark: 2 stripe(s), 1 proactive flush(es), 1 terminate flush(es), 0 completion(s), 0 continuation(s) 
[109.301s][info][gc,marking  ] GC(189) Mark Stack Usage: 32M
[109.301s][info][gc,nmethod  ] GC(189) NMethods: 23201 registered, 0 unregistered
[109.301s][info][gc,metaspace] GC(189) Metaspace: 135M used, 136M committed, 1152M reserved
[109.301s][info][gc,ref      ] GC(189) Soft: 8849 encountered, 0 discovered, 0 enqueued
[109.301s][info][gc,ref      ] GC(189) Weak: 15984 encountered, 3423 discovered, 601 enqueued
[109.301s][info][gc,ref      ] GC(189) Final: 53 encountered, 0 discovered, 0 enqueued
[109.301s][info][gc,ref      ] GC(189) Phantom: 589 encountered, 306 discovered, 0 enqueued
[109.301s][info][gc,reloc    ] GC(189) Small Pages: 300 / 600M, Empty: 430M, Relocated: 3M, In-Place: 0
[109.301s][info][gc,reloc    ] GC(189) Medium Pages: 2 / 64M, Empty: 32M, Relocated: 0M, In-Place: 0
[109.301s][info][gc,reloc    ] GC(189) Large Pages: 8 / 48M, Empty: 48M, Relocated: 0M, In-Place: 0
[109.301s][info][gc,reloc    ] GC(189) Forwarding Usage: 1M
[109.301s][info][gc,heap     ] GC(189) Min Capacity: 2048M(100%)
[109.301s][info][gc,heap     ] GC(189) Max Capacity: 2048M(100%)
[109.301s][info][gc,heap     ] GC(189) Soft Max Capacity: 2048M(100%)
[109.301s][info][gc,heap     ] GC(189)                Mark Start          Mark End        Relocate Start      Relocate End           High               Low         
[109.301s][info][gc,heap     ] GC(189)  Capacity:     2048M (100%)       2048M (100%)       2048M (100%)       2048M (100%)       2048M (100%)       2048M (100%)   
[109.301s][info][gc,heap     ] GC(189)      Free:     1336M (65%)        1336M (65%)        1834M (90%)        1928M (94%)        1928M (94%)        1334M (65%)    
[109.301s][info][gc,heap     ] GC(189)      Used:      712M (35%)         712M (35%)         214M (10%)         120M (6%)          714M (35%)         120M (6%)     
[109.301s][info][gc,heap     ] GC(189)      Live:         -                88M (4%)           88M (4%)           88M (4%)             -                  -          
[109.301s][info][gc,heap     ] GC(189) Allocated:         -                 0M (0%)           12M (1%)           13M (1%)             -                  -          
[109.301s][info][gc,heap     ] GC(189)   Garbage:         -               623M (30%)         113M (6%)           17M (1%)             -                  -          
[109.301s][info][gc,heap     ] GC(189) Reclaimed:         -                  -               510M (25%)         605M (30%)            -                  -          
[109.301s][info][gc          ] GC(189) Garbage Collection (System.gc()) 712M(35%)->120M(6%)
[109.818s][info][gc,start    ] GC(190) Garbage Collection (Allocation Rate)
[109.818s][info][gc,task     ] GC(190) Using 1 workers
[109.818s][info][gc,phases   ] GC(190) Pause Mark Start 0.008ms
[109.919s][info][gc,phases   ] GC(190) Concurrent Mark 100.884ms
[109.920s][info][gc,phases   ] GC(190) Pause Mark End 0.028ms
[109.920s][info][gc,phases   ] GC(190) Concurrent Mark Free 0.001ms
[109.988s][info][gc,phases   ] GC(190) Concurrent Process Non-Strong References 68.461ms
[109.988s][info][gc,phases   ] GC(190) Concurrent Reset Relocation Set 0.005ms
[109.991s][info][gc,phases   ] GC(190) Concurrent Select Relocation Set 3.082ms
[109.991s][info][gc,phases   ] GC(190) Pause Relocate Start 0.011ms
[109.996s][info][gc,phases   ] GC(190) Concurrent Relocate 4.424ms
[109.996s][info][gc,load     ] GC(190) Load: 0.00/0.00/0.00
[109.996s][info][gc,mmu      ] GC(190) MMU: 2ms/95.2%, 5ms/98.1%, 10ms/99.0%, 20ms/99.5%, 50ms/99.8%, 100ms/99.9%
[109.996s][info][gc,marking  ] GC(190) Mark: 1 stripe(s), 2 proactive flush(es), 1 terminate flush(es), 0 completion(s), 0 continuation(s) 
[109.996s][info][gc,marking  ] GC(190) Mark Stack Usage: 32M
[109.996s][info][gc,nmethod  ] GC(190) NMethods: 23215 registered, 0 unregistered
[109.996s][info][gc,metaspace] GC(190) Metaspace: 135M used, 136M committed, 1152M reserved
[109.996s][info][gc,ref      ] GC(190) Soft: 8852 encountered, 0 discovered, 0 enqueued
[109.996s][info][gc,ref      ] GC(190) Weak: 16372 encountered, 3914 discovered, 719 enqueued
[109.996s][info][gc,ref      ] GC(190) Final: 53 encountered, 0 discovered, 0 enqueued
[109.996s][info][gc,ref      ] GC(190) Phantom: 589 encountered, 355 discovered, 0 enqueued
[109.996s][info][gc,reloc    ] GC(190) Small Pages: 634 / 1268M, Empty: 1036M, Relocated: 4M, In-Place: 0
[109.996s][info][gc,reloc    ] GC(190) Medium Pages: 2 / 64M, Empty: 32M, Relocated: 0M, In-Place: 0
[109.996s][info][gc,reloc    ] GC(190) Large Pages: 7 / 42M, Empty: 42M, Relocated: 0M, In-Place: 0
[109.996s][info][gc,reloc    ] GC(190) Forwarding Usage: 1M
[109.996s][info][gc,heap     ] GC(190) Min Capacity: 2048M(100%)
[109.996s][info][gc,heap     ] GC(190) Max Capacity: 2048M(100%)
[109.996s][info][gc,heap     ] GC(190) Soft Max Capacity: 2048M(100%)
[109.996s][info][gc,heap     ] GC(190)                Mark Start          Mark End        Relocate Start      Relocate End           High               Low         
[109.996s][info][gc,heap     ] GC(190)  Capacity:     2048M (100%)       2048M (100%)       2048M (100%)       2048M (100%)       2048M (100%)       2048M (100%)   
[109.996s][info][gc,heap     ] GC(190)      Free:      674M (33%)         450M (22%)        1418M (69%)        1566M (76%)        1568M (77%)         318M (16%)    
[109.996s][info][gc,heap     ] GC(190)      Used:     1374M (67%)        1598M (78%)         630M (31%)         482M (24%)        1730M (84%)         480M (23%)    
[109.996s][info][gc,heap     ] GC(190)      Live:         -                90M (4%)           90M (4%)           90M (4%)             -                  -          
[109.996s][info][gc,heap     ] GC(190) Allocated:         -               224M (11%)         366M (18%)         373M (18%)            -                  -          
[109.996s][info][gc,heap     ] GC(190)   Garbage:         -              1283M (63%)         173M (8%)           17M (1%)             -                  -          
[109.997s][info][gc,heap     ] GC(190) Reclaimed:         -                  -              1110M (54%)        1265M (62%)            -                  -          
[109.997s][info][gc          ] GC(190) Garbage Collection (Allocation Rate) 1374M(67%)->482M(24%)
[110.126s][info][gc,stats    ] === Garbage Collection Statistics =======================================================================================================================
[110.127s][info][gc,stats    ]                                                              Last 10s              Last 10m              Last 10h                Total
[110.127s][info][gc,stats    ]                                                              Avg / Max             Avg / Max             Avg / Max             Avg / Max
[110.127s][info][gc,stats    ]   Collector: Garbage Collection Cycle                    138.277 / 187.970     122.339 / 199.117     122.339 / 199.117     122.339 / 199.117     ms
[110.127s][info][gc,stats    ]  Contention: Mark Segment Reset Contention                     0 / 1                 0 / 3                 0 / 3                 0 / 3           ops/s
[110.127s][info][gc,stats    ]  Contention: Mark SeqNum Reset Contention                      0 / 0                 0 / 2                 0 / 2                 0 / 2           ops/s
[110.127s][info][gc,stats    ]    Critical: Allocation Stall                                  0 / 0                 0 / 0                 0 / 0                 0 / 0           ops/s
[110.127s][info][gc,stats    ]    Critical: Allocation Stall                              0.000 / 0.000         0.000 / 0.000         0.000 / 0.000         0.000 / 0.000       ms
[110.127s][info][gc,stats    ]    Critical: GC Locker Stall                                   0 / 0                 0 / 0                 0 / 0                 0 / 0           ops/s
[110.127s][info][gc,stats    ]    Critical: GC Locker Stall                               0.000 / 0.000         0.000 / 0.000         0.000 / 0.000         0.000 / 0.000       ms
[110.127s][info][gc,stats    ]    Critical: Relocation Stall                                  0 / 0                 0 / 0                 0 / 0                 0 / 0           ops/s
[110.127s][info][gc,stats    ]    Critical: Relocation Stall                              0.000 / 0.000         0.000 / 0.000         0.000 / 0.000         0.000 / 0.000       ms
[110.127s][info][gc,stats    ]      Memory: Allocation Rate                                1864 / 1946           1512 / 1986           1512 / 1986           1512 / 1986        MB/s
[110.127s][info][gc,stats    ]      Memory: Out Of Memory                                     0 / 0                 0 / 0                 0 / 0                 0 / 0           ops/s
[110.127s][info][gc,stats    ]      Memory: Page Cache Flush                                  0 / 0                 0 / 0                 0 / 0                 0 / 0           MB/s
[110.127s][info][gc,stats    ]      Memory: Page Cache Hit L1                               878 / 920             705 / 941             705 / 941             705 / 941         ops/s
[110.127s][info][gc,stats    ]      Memory: Page Cache Hit L2                                 0 / 0                 0 / 0                 0 / 0                 0 / 0           ops/s
[110.127s][info][gc,stats    ]      Memory: Page Cache Hit L3                                 0 / 0                 7 / 385               7 / 385               7 / 385         ops/s
[110.127s][info][gc,stats    ]      Memory: Page Cache Miss                                   0 / 0                 0 / 1                 0 / 1                 0 / 1           ops/s
[110.127s][info][gc,stats    ]      Memory: Uncommit                                          0 / 0                 0 / 0                 0 / 0                 0 / 0           MB/s
[110.127s][info][gc,stats    ]      Memory: Undo Object Allocation Failed                     0 / 0                 0 / 1                 0 / 1                 0 / 1           ops/s
[110.127s][info][gc,stats    ]      Memory: Undo Object Allocation Succeeded                  0 / 2                23 / 2295             23 / 2295             23 / 2295        ops/s
[110.127s][info][gc,stats    ]      Memory: Undo Page Allocation                              0 / 1                 0 / 2                 0 / 2                 0 / 2           ops/s
[110.127s][info][gc,stats    ]       Phase: Concurrent Mark                              83.943 / 109.865      76.407 / 120.810      76.407 / 120.810      76.407 / 120.810     ms
[110.127s][info][gc,stats    ]       Phase: Concurrent Mark Continue                      0.000 / 0.000         0.000 / 0.000         0.000 / 0.000         0.000 / 0.000       ms
[110.127s][info][gc,stats    ]       Phase: Concurrent Mark Free                          0.002 / 0.011         0.001 / 0.011         0.001 / 0.011         0.001 / 0.011       ms
[110.127s][info][gc,stats    ]       Phase: Concurrent Process Non-Strong References     47.017 / 73.181       38.010 / 73.181       38.010 / 73.181       38.010 / 73.181      ms
[110.127s][info][gc,stats    ]       Phase: Concurrent Relocate                           3.953 / 8.399         4.402 / 19.143        4.402 / 19.143        4.402 / 19.143      ms
[110.127s][info][gc,stats    ]       Phase: Concurrent Reset Relocation Set               0.006 / 0.009         0.006 / 0.015         0.006 / 0.015         0.006 / 0.015       ms
[110.127s][info][gc,stats    ]       Phase: Concurrent Select Relocation Set              2.261 / 3.082         2.240 / 7.348         2.240 / 7.348         2.240 / 7.348       ms
[110.127s][info][gc,stats    ]       Phase: Pause Mark End                                0.033 / 0.056         0.029 / 0.096         0.029 / 0.096         0.029 / 0.096       ms
[110.127s][info][gc,stats    ]       Phase: Pause Mark Start                              0.007 / 0.012         0.007 / 0.019         0.007 / 0.019         0.007 / 0.019       ms
[110.127s][info][gc,stats    ]       Phase: Pause Relocate Start                          0.010 / 0.025         0.009 / 0.027         0.009 / 0.027         0.009 / 0.027       ms
[110.127s][info][gc,stats    ]    Subphase: Concurrent Classes Purge                      1.210 / 1.910         0.914 / 1.912         0.914 / 1.912         0.914 / 1.912       ms
[110.127s][info][gc,stats    ]    Subphase: Concurrent Classes Unlink                    43.529 / 69.133       34.777 / 69.133       34.777 / 69.133       34.777 / 69.133      ms
[110.127s][info][gc,stats    ]    Subphase: Concurrent Mark                              66.826 / 101.453      59.678 / 111.913      59.678 / 111.913      59.678 / 111.913     ms
[110.127s][info][gc,stats    ]    Subphase: Concurrent Mark Try Flush                     0.210 / 0.569         0.216 / 2.252         0.216 / 2.252         0.216 / 2.252       ms
[110.128s][info][gc,stats    ]    Subphase: Concurrent Mark Try Terminate                 2.846 / 16.199        2.234 / 16.901        2.234 / 16.901        2.234 / 16.901      ms
[110.128s][info][gc,stats    ]    Subphase: Concurrent References Enqueue                 0.007 / 0.011         0.007 / 0.011         0.007 / 0.011         0.007 / 0.011       ms
[110.128s][info][gc,stats    ]    Subphase: Concurrent References Process                 0.574 / 0.745         0.536 / 1.283         0.536 / 1.283         0.536 / 1.283       ms
[110.128s][info][gc,stats    ]    Subphase: Concurrent Roots ClassLoaderDataGraph         0.181 / 0.426         0.176 / 0.595         0.176 / 0.595         0.176 / 0.595       ms
[110.128s][info][gc,stats    ]    Subphase: Concurrent Roots CodeCache                    0.000 / 0.000         0.000 / 0.000         0.000 / 0.000         0.000 / 0.000       ms
[110.128s][info][gc,stats    ]    Subphase: Concurrent Roots JavaThreads                  5.413 / 9.455         6.086 / 19.568        6.086 / 19.568        6.086 / 19.568      ms
[110.128s][info][gc,stats    ]    Subphase: Concurrent Roots OopStorageSet                0.050 / 0.104         0.049 / 0.123         0.049 / 0.123         0.049 / 0.123       ms
[110.128s][info][gc,stats    ]    Subphase: Concurrent Weak Roots OopStorageSet           1.259 / 2.324         1.140 / 2.333         1.140 / 2.333         1.140 / 2.333       ms
[110.128s][info][gc,stats    ]    Subphase: Pause Mark Try Complete                       0.000 / 0.000         0.006 / 0.016         0.006 / 0.016         0.006 / 0.016       ms
[110.128s][info][gc,stats    ]      System: Java Threads                                    280 / 280             270 / 282             270 / 282             270 / 282         threads
[110.128s][info][gc,stats    ] =========================================================================================================================================================
[110.143s][info][gc,start    ] GC(191) Garbage Collection (System.gc())
[110.143s][info][gc,task     ] GC(191) Using 2 workers
[110.144s][info][gc,phases   ] GC(191) Pause Mark Start 0.006ms
[110.190s][info][gc,phases   ] GC(191) Concurrent Mark 46.038ms
[110.190s][info][gc,phases   ] GC(191) Pause Mark End 0.021ms
[110.190s][info][gc,phases   ] GC(191) Concurrent Mark Free 0.001ms
[110.212s][info][gc,phases   ] GC(191) Concurrent Process Non-Strong References 21.891ms
[110.212s][info][gc,phases   ] GC(191) Concurrent Reset Relocation Set 0.006ms
[110.214s][info][gc,phases   ] GC(191) Concurrent Select Relocation Set 1.883ms
[110.214s][info][gc,phases   ] GC(191) Pause Relocate Start 0.009ms
[110.216s][info][gc,phases   ] GC(191) Concurrent Relocate 1.644ms
[110.216s][info][gc,load     ] GC(191) Load: 0.00/0.00/0.00
[110.216s][info][gc,mmu      ] GC(191) MMU: 2ms/95.2%, 5ms/98.1%, 10ms/99.0%, 20ms/99.5%, 50ms/99.8%, 100ms/99.9%
[110.216s][info][gc,marking  ] GC(191) Mark: 2 stripe(s), 2 proactive flush(es), 1 terminate flush(es), 0 completion(s), 0 continuation(s) 
[110.216s][info][gc,marking  ] GC(191) Mark Stack Usage: 32M
[110.216s][info][gc,nmethod  ] GC(191) NMethods: 23221 registered, 0 unregistered
[110.216s][info][gc,metaspace] GC(191) Metaspace: 135M used, 136M committed, 1152M reserved
[110.216s][info][gc,ref      ] GC(191) Soft: 8849 encountered, 0 discovered, 0 enqueued
[110.216s][info][gc,ref      ] GC(191) Weak: 15992 encountered, 3505 discovered, 597 enqueued
[110.216s][info][gc,ref      ] GC(191) Final: 53 encountered, 0 discovered, 0 enqueued
[110.216s][info][gc,ref      ] GC(191) Phantom: 589 encountered, 318 discovered, 0 enqueued
[110.216s][info][gc,reloc    ] GC(191) Small Pages: 251 / 502M, Empty: 338M, Relocated: 3M, In-Place: 0
[110.216s][info][gc,reloc    ] GC(191) Medium Pages: 2 / 64M, Empty: 32M, Relocated: 0M, In-Place: 0
[110.216s][info][gc,reloc    ] GC(191) Large Pages: 7 / 42M, Empty: 42M, Relocated: 0M, In-Place: 0
[110.216s][info][gc,reloc    ] GC(191) Forwarding Usage: 1M
[110.216s][info][gc,heap     ] GC(191) Min Capacity: 2048M(100%)
[110.216s][info][gc,heap     ] GC(191) Max Capacity: 2048M(100%)
[110.216s][info][gc,heap     ] GC(191) Soft Max Capacity: 2048M(100%)
[110.216s][info][gc,heap     ] GC(191)                Mark Start          Mark End        Relocate Start      Relocate End           High               Low         
[110.216s][info][gc,heap     ] GC(191)  Capacity:     2048M (100%)       2048M (100%)       2048M (100%)       2048M (100%)       2048M (100%)       2048M (100%)   
[110.216s][info][gc,heap     ] GC(191)      Free:     1440M (70%)        1434M (70%)        1836M (90%)        1924M (94%)        1924M (94%)        1434M (70%)    
[110.216s][info][gc,heap     ] GC(191)      Used:      608M (30%)         614M (30%)         212M (10%)         124M (6%)          614M (30%)         124M (6%)     
[110.216s][info][gc,heap     ] GC(191)      Live:         -                88M (4%)           88M (4%)           88M (4%)             -                  -          
[110.216s][info][gc,heap     ] GC(191) Allocated:         -                 6M (0%)           16M (1%)           17M (1%)             -                  -          
[110.216s][info][gc,heap     ] GC(191)   Garbage:         -               519M (25%)         107M (5%)           17M (1%)             -                  -          
[110.216s][info][gc,heap     ] GC(191) Reclaimed:         -                  -               412M (20%)         501M (25%)            -                  -          
[110.216s][info][gc          ] GC(191) Garbage Collection (System.gc()) 608M(30%)->124M(6%)
[110.726s][info][gc,start    ] GC(192) Garbage Collection (Allocation Rate)
[110.726s][info][gc,task     ] GC(192) Using 1 workers
[110.726s][info][gc,phases   ] GC(192) Pause Mark Start 0.006ms
[110.830s][info][gc,phases   ] GC(192) Concurrent Mark 103.563ms
[110.830s][info][gc,phases   ] GC(192) Pause Mark End 0.025ms
[110.830s][info][gc,phases   ] GC(192) Concurrent Mark Free 0.001ms
[110.900s][info][gc,phases   ] GC(192) Concurrent Process Non-Strong References 70.117ms
[110.900s][info][gc,phases   ] GC(192) Concurrent Reset Relocation Set 0.004ms
[110.902s][info][gc,phases   ] GC(192) Concurrent Select Relocation Set 1.960ms
[110.902s][info][gc,phases   ] GC(192) Pause Relocate Start 0.009ms
[110.904s][info][gc,phases   ] GC(192) Concurrent Relocate 1.955ms
[110.904s][info][gc,load     ] GC(192) Load: 0.00/0.00/0.00
[110.904s][info][gc,mmu      ] GC(192) MMU: 2ms/95.2%, 5ms/98.1%, 10ms/99.0%, 20ms/99.5%, 50ms/99.8%, 100ms/99.9%
[110.904s][info][gc,marking  ] GC(192) Mark: 1 stripe(s), 2 proactive flush(es), 1 terminate flush(es), 0 completion(s), 0 continuation(s) 
[110.904s][info][gc,marking  ] GC(192) Mark Stack Usage: 32M
[110.904s][info][gc,nmethod  ] GC(192) NMethods: 23242 registered, 0 unregistered
[110.904s][info][gc,metaspace] GC(192) Metaspace: 135M used, 136M committed, 1152M reserved
[110.904s][info][gc,ref      ] GC(192) Soft: 8849 encountered, 0 discovered, 0 enqueued
[110.904s][info][gc,ref      ] GC(192) Weak: 16354 encountered, 3936 discovered, 705 enqueued
[110.904s][info][gc,ref      ] GC(192) Final: 53 encountered, 0 discovered, 0 enqueued
[110.904s][info][gc,ref      ] GC(192) Phantom: 589 encountered, 355 discovered, 0 enqueued
[110.904s][info][gc,reloc    ] GC(192) Small Pages: 628 / 1256M, Empty: 1032M, Relocated: 1M, In-Place: 0
[110.904s][info][gc,reloc    ] GC(192) Medium Pages: 2 / 64M, Empty: 32M, Relocated: 0M, In-Place: 0
[110.904s][info][gc,reloc    ] GC(192) Large Pages: 7 / 42M, Empty: 42M, Relocated: 0M, In-Place: 0
[110.904s][info][gc,reloc    ] GC(192) Forwarding Usage: 0M
[110.904s][info][gc,heap     ] GC(192) Min Capacity: 2048M(100%)
[110.905s][info][gc,heap     ] GC(192) Max Capacity: 2048M(100%)
[110.905s][info][gc,heap     ] GC(192) Soft Max Capacity: 2048M(100%)
[110.905s][info][gc,heap     ] GC(192)                Mark Start          Mark End        Relocate Start      Relocate End           High               Low         
[110.905s][info][gc,heap     ] GC(192)  Capacity:     2048M (100%)       2048M (100%)       2048M (100%)       2048M (100%)       2048M (100%)       2048M (100%)   
[110.905s][info][gc,heap     ] GC(192)      Free:      686M (33%)         486M (24%)        1436M (70%)        1578M (77%)        1578M (77%)         336M (16%)    
[110.905s][info][gc,heap     ] GC(192)      Used:     1362M (67%)        1562M (76%)         612M (30%)         470M (23%)        1712M (84%)         470M (23%)    
[110.905s][info][gc,heap     ] GC(192)      Live:         -                89M (4%)           89M (4%)           89M (4%)             -                  -          
[110.905s][info][gc,heap     ] GC(192) Allocated:         -               200M (10%)         356M (17%)         361M (18%)            -                  -          
[110.905s][info][gc,heap     ] GC(192)   Garbage:         -              1272M (62%)         166M (8%)           18M (1%)             -                  -          
[110.905s][info][gc,heap     ] GC(192) Reclaimed:         -                  -              1106M (54%)        1253M (61%)            -                  -          
[110.905s][info][gc          ] GC(192) Garbage Collection (Allocation Rate) 1362M(67%)->470M(23%)
[111.063s][info][gc,start    ] GC(193) Garbage Collection (System.gc())
[111.063s][info][gc,task     ] GC(193) Using 2 workers
[111.063s][info][gc,phases   ] GC(193) Pause Mark Start 0.005ms
[111.125s][info][gc,phases   ] GC(193) Concurrent Mark 62.112ms
[111.125s][info][gc,phases   ] GC(193) Pause Mark End 0.178ms
[111.126s][info][gc,phases   ] GC(193) Concurrent Mark Free 0.001ms
[111.148s][info][gc,phases   ] GC(193) Concurrent Process Non-Strong References 22.604ms
[111.148s][info][gc,phases   ] GC(193) Concurrent Reset Relocation Set 0.008ms
[111.150s][info][gc,phases   ] GC(193) Concurrent Select Relocation Set 2.156ms
[111.151s][info][gc,phases   ] GC(193) Pause Relocate Start 0.008ms
[111.155s][info][gc,phases   ] GC(193) Concurrent Relocate 4.090ms
[111.155s][info][gc,load     ] GC(193) Load: 0.00/0.00/0.00
[111.155s][info][gc,mmu      ] GC(193) MMU: 2ms/91.1%, 5ms/96.4%, 10ms/98.2%, 20ms/99.1%, 50ms/99.6%, 100ms/99.8%
[111.155s][info][gc,marking  ] GC(193) Mark: 2 stripe(s), 2 proactive flush(es), 1 terminate flush(es), 0 completion(s), 0 continuation(s) 
[111.155s][info][gc,marking  ] GC(193) Mark Stack Usage: 32M
[111.155s][info][gc,nmethod  ] GC(193) NMethods: 23244 registered, 0 unregistered
[111.155s][info][gc,metaspace] GC(193) Metaspace: 135M used, 136M committed, 1152M reserved
[111.155s][info][gc,ref      ] GC(193) Soft: 8849 encountered, 0 discovered, 0 enqueued
[111.155s][info][gc,ref      ] GC(193) Weak: 15977 encountered, 4276 discovered, 588 enqueued
[111.155s][info][gc,ref      ] GC(193) Final: 53 encountered, 0 discovered, 0 enqueued
[111.155s][info][gc,ref      ] GC(193) Phantom: 589 encountered, 409 discovered, 0 enqueued
[111.155s][info][gc,reloc    ] GC(193) Small Pages: 255 / 510M, Empty: 232M, Relocated: 13M, In-Place: 0
[111.155s][info][gc,reloc    ] GC(193) Medium Pages: 2 / 64M, Empty: 32M, Relocated: 0M, In-Place: 0
[111.155s][info][gc,reloc    ] GC(193) Large Pages: 7 / 42M, Empty: 42M, Relocated: 0M, In-Place: 0
[111.155s][info][gc,reloc    ] GC(193) Forwarding Usage: 1M
[111.155s][info][gc,heap     ] GC(193) Min Capacity: 2048M(100%)
[111.155s][info][gc,heap     ] GC(193) Max Capacity: 2048M(100%)
[111.155s][info][gc,heap     ] GC(193) Soft Max Capacity: 2048M(100%)
[111.155s][info][gc,heap     ] GC(193)                Mark Start          Mark End        Relocate Start      Relocate End           High               Low         
[111.155s][info][gc,heap     ] GC(193)  Capacity:     2048M (100%)       2048M (100%)       2048M (100%)       2048M (100%)       2048M (100%)       2048M (100%)   
[111.155s][info][gc,heap     ] GC(193)      Free:     1432M (70%)        1426M (70%)        1726M (84%)        1898M (93%)        1902M (93%)        1426M (70%)    
[111.155s][info][gc,heap     ] GC(193)      Used:      616M (30%)         622M (30%)         322M (16%)         150M (7%)          622M (30%)         146M (7%)     
[111.155s][info][gc,heap     ] GC(193)      Live:         -               100M (5%)          100M (5%)          100M (5%)             -                  -          
[111.155s][info][gc,heap     ] GC(193) Allocated:         -                 6M (0%)           12M (1%)           29M (1%)             -                  -          
[111.155s][info][gc,heap     ] GC(193)   Garbage:         -               515M (25%)         209M (10%)          20M (1%)             -                  -          
[111.155s][info][gc,heap     ] GC(193) Reclaimed:         -                  -               306M (15%)         495M (24%)            -                  -          
[111.155s][info][gc          ] GC(193) Garbage Collection (System.gc()) 616M(30%)->150M(7%)
[111.616s][info][gc,start    ] GC(194) Garbage Collection (Allocation Rate)
[111.616s][info][gc,task     ] GC(194) Using 1 workers
[111.616s][info][gc,phases   ] GC(194) Pause Mark Start 0.009ms
[111.721s][info][gc,phases   ] GC(194) Concurrent Mark 104.879ms
[111.721s][info][gc,phases   ] GC(194) Pause Mark End 0.017ms
[111.721s][info][gc,phases   ] GC(194) Concurrent Mark Free 0.001ms
[111.791s][info][gc,phases   ] GC(194) Concurrent Process Non-Strong References 69.406ms
[111.791s][info][gc,phases   ] GC(194) Concurrent Reset Relocation Set 0.008ms
[111.793s][info][gc,phases   ] GC(194) Concurrent Select Relocation Set 2.721ms
[111.794s][info][gc,phases   ] GC(194) Pause Relocate Start 0.010ms
[111.799s][info][gc,phases   ] GC(194) Concurrent Relocate 5.387ms
[111.799s][info][gc,load     ] GC(194) Load: 0.00/0.00/0.00
[111.799s][info][gc,mmu      ] GC(194) MMU: 2ms/91.1%, 5ms/96.4%, 10ms/98.2%, 20ms/99.1%, 50ms/99.6%, 100ms/99.8%
[111.799s][info][gc,marking  ] GC(194) Mark: 1 stripe(s), 2 proactive flush(es), 1 terminate flush(es), 0 completion(s), 0 continuation(s) 
[111.799s][info][gc,marking  ] GC(194) Mark Stack Usage: 32M
[111.799s][info][gc,nmethod  ] GC(194) NMethods: 22955 registered, 305 unregistered
[111.799s][info][gc,metaspace] GC(194) Metaspace: 135M used, 136M committed, 1152M reserved
[111.799s][info][gc,ref      ] GC(194) Soft: 8851 encountered, 0 discovered, 0 enqueued
[111.799s][info][gc,ref      ] GC(194) Weak: 16314 encountered, 3870 discovered, 705 enqueued
[111.799s][info][gc,ref      ] GC(194) Final: 53 encountered, 0 discovered, 0 enqueued
[111.799s][info][gc,ref      ] GC(194) Phantom: 589 encountered, 355 discovered, 0 enqueued
[111.799s][info][gc,reloc    ] GC(194) Small Pages: 588 / 1176M, Empty: 884M, Relocated: 4M, In-Place: 0
[111.799s][info][gc,reloc    ] GC(194) Medium Pages: 2 / 64M, Empty: 32M, Relocated: 0M, In-Place: 0
[111.799s][info][gc,reloc    ] GC(194) Large Pages: 6 / 36M, Empty: 36M, Relocated: 0M, In-Place: 0
[111.799s][info][gc,reloc    ] GC(194) Forwarding Usage: 1M
[111.799s][info][gc,heap     ] GC(194) Min Capacity: 2048M(100%)
[111.799s][info][gc,heap     ] GC(194) Max Capacity: 2048M(100%)
[111.799s][info][gc,heap     ] GC(194) Soft Max Capacity: 2048M(100%)
[111.799s][info][gc,heap     ] GC(194)                Mark Start          Mark End        Relocate Start      Relocate End           High               Low         
[111.799s][info][gc,heap     ] GC(194)  Capacity:     2048M (100%)       2048M (100%)       2048M (100%)       2048M (100%)       2048M (100%)       2048M (100%)   
[111.799s][info][gc,heap     ] GC(194)      Free:      772M (38%)         576M (28%)        1360M (66%)        1562M (76%)        1562M (76%)         420M (21%)    
[111.799s][info][gc,heap     ] GC(194)      Used:     1276M (62%)        1472M (72%)         688M (34%)         486M (24%)        1628M (79%)         486M (24%)    
[111.799s][info][gc,heap     ] GC(194)      Live:         -                91M (4%)           91M (4%)           91M (4%)             -                  -          
[111.799s][info][gc,heap     ] GC(194) Allocated:         -               196M (10%)         364M (18%)         375M (18%)            -                  -          
[111.799s][info][gc,heap     ] GC(194)   Garbage:         -              1184M (58%)         232M (11%)          18M (1%)             -                  -          
[111.799s][info][gc,heap     ] GC(194) Reclaimed:         -                  -               952M (46%)        1165M (57%)            -                  -          
[111.799s][info][gc          ] GC(194) Garbage Collection (Allocation Rate) 1276M(62%)->486M(24%)
[112.002s][info][gc,start    ] GC(195) Garbage Collection (System.gc())
[112.002s][info][gc,task     ] GC(195) Using 2 workers
[112.002s][info][gc,phases   ] GC(195) Pause Mark Start 0.005ms
[112.065s][info][gc,phases   ] GC(195) Concurrent Mark 62.414ms
[112.065s][info][gc,phases   ] GC(195) Pause Mark End 0.051ms
[112.065s][info][gc,phases   ] GC(195) Concurrent Mark Free 0.001ms
[112.091s][info][gc,phases   ] GC(195) Concurrent Process Non-Strong References 25.659ms
[112.091s][info][gc,phases   ] GC(195) Concurrent Reset Relocation Set 0.007ms
[112.093s][info][gc,phases   ] GC(195) Concurrent Select Relocation Set 2.026ms
[112.093s][info][gc,phases   ] GC(195) Pause Relocate Start 0.010ms
[112.098s][info][gc,phases   ] GC(195) Concurrent Relocate 4.427ms
[112.098s][info][gc,load     ] GC(195) Load: 0.00/0.00/0.00
[112.098s][info][gc,mmu      ] GC(195) MMU: 2ms/91.1%, 5ms/96.4%, 10ms/98.2%, 20ms/99.1%, 50ms/99.6%, 100ms/99.8%
[112.098s][info][gc,marking  ] GC(195) Mark: 2 stripe(s), 2 proactive flush(es), 1 terminate flush(es), 0 completion(s), 0 continuation(s) 
[112.098s][info][gc,marking  ] GC(195) Mark Stack Usage: 32M
[112.098s][info][gc,nmethod  ] GC(195) NMethods: 22638 registered, 628 unregistered
[112.098s][info][gc,metaspace] GC(195) Metaspace: 135M used, 136M committed, 1152M reserved
[112.098s][info][gc,ref      ] GC(195) Soft: 8849 encountered, 0 discovered, 0 enqueued
[112.098s][info][gc,ref      ] GC(195) Weak: 16013 encountered, 3618 discovered, 611 enqueued
[112.098s][info][gc,ref      ] GC(195) Final: 53 encountered, 0 discovered, 0 enqueued
[112.098s][info][gc,ref      ] GC(195) Phantom: 589 encountered, 399 discovered, 0 enqueued
[112.098s][info][gc,reloc    ] GC(195) Small Pages: 305 / 610M, Empty: 326M, Relocated: 13M, In-Place: 0
[112.098s][info][gc,reloc    ] GC(195) Medium Pages: 2 / 64M, Empty: 32M, Relocated: 0M, In-Place: 0
[112.098s][info][gc,reloc    ] GC(195) Large Pages: 8 / 48M, Empty: 48M, Relocated: 0M, In-Place: 0
[112.098s][info][gc,reloc    ] GC(195) Forwarding Usage: 1M
[112.098s][info][gc,heap     ] GC(195) Min Capacity: 2048M(100%)
[112.098s][info][gc,heap     ] GC(195) Max Capacity: 2048M(100%)
[112.098s][info][gc,heap     ] GC(195) Soft Max Capacity: 2048M(100%)
[112.098s][info][gc,heap     ] GC(195)                Mark Start          Mark End        Relocate Start      Relocate End           High               Low         
[112.098s][info][gc,heap     ] GC(195)  Capacity:     2048M (100%)       2048M (100%)       2048M (100%)       2048M (100%)       2048M (100%)       2048M (100%)   
[112.098s][info][gc,heap     ] GC(195)      Free:     1326M (65%)        1318M (64%)        1716M (84%)        1904M (93%)        1906M (93%)        1318M (64%)    
[112.098s][info][gc,heap     ] GC(195)      Used:      722M (35%)         730M (36%)         332M (16%)         144M (7%)          730M (36%)         142M (7%)     
[112.098s][info][gc,heap     ] GC(195)      Live:         -               100M (5%)          100M (5%)          100M (5%)             -                  -          
[112.098s][info][gc,heap     ] GC(195) Allocated:         -                 8M (0%)           16M (1%)           23M (1%)             -                  -          
[112.098s][info][gc,heap     ] GC(195)   Garbage:         -               621M (30%)         215M (11%)          19M (1%)             -                  -          
[112.098s][info][gc,heap     ] GC(195) Reclaimed:         -                  -               406M (20%)         601M (29%)            -                  -          
[112.098s][info][gc          ] GC(195) Garbage Collection (System.gc()) 722M(35%)->144M(7%)
[112.613s][info][gc,start    ] GC(196) Garbage Collection (Allocation Rate)
[112.613s][info][gc,task     ] GC(196) Using 1 workers
[112.613s][info][gc,phases   ] GC(196) Pause Mark Start 0.015ms
[112.724s][info][gc,phases   ] GC(196) Concurrent Mark 110.706ms
[112.724s][info][gc,phases   ] GC(196) Pause Mark End 0.022ms
[112.724s][info][gc,phases   ] GC(196) Concurrent Mark Free 0.001ms
[112.801s][info][gc,phases   ] GC(196) Concurrent Process Non-Strong References 77.131ms
[112.802s][info][gc,phases   ] GC(196) Concurrent Reset Relocation Set 0.007ms
[112.804s][info][gc,phases   ] GC(196) Concurrent Select Relocation Set 2.314ms
[112.804s][info][gc,phases   ] GC(196) Pause Relocate Start 0.011ms
[112.807s][info][gc,phases   ] GC(196) Concurrent Relocate 2.869ms
[112.807s][info][gc,load     ] GC(196) Load: 0.00/0.00/0.00
[112.807s][info][gc,mmu      ] GC(196) MMU: 2ms/91.1%, 5ms/96.4%, 10ms/98.2%, 20ms/99.1%, 50ms/99.6%, 100ms/99.8%
[112.807s][info][gc,marking  ] GC(196) Mark: 1 stripe(s), 2 proactive flush(es), 1 terminate flush(es), 0 completion(s), 0 continuation(s) 
[112.807s][info][gc,marking  ] GC(196) Mark Stack Usage: 32M
[112.807s][info][gc,nmethod  ] GC(196) NMethods: 22773 registered, 628 unregistered
[112.807s][info][gc,metaspace] GC(196) Metaspace: 135M used, 136M committed, 1152M reserved
[112.807s][info][gc,ref      ] GC(196) Soft: 8849 encountered, 0 discovered, 0 enqueued
[112.807s][info][gc,ref      ] GC(196) Weak: 16362 encountered, 3953 discovered, 706 enqueued
[112.807s][info][gc,ref      ] GC(196) Final: 53 encountered, 0 discovered, 0 enqueued
[112.807s][info][gc,ref      ] GC(196) Phantom: 589 encountered, 218 discovered, 0 enqueued
[112.807s][info][gc,reloc    ] GC(196) Small Pages: 639 / 1278M, Empty: 1050M, Relocated: 2M, In-Place: 0
[112.807s][info][gc,reloc    ] GC(196) Medium Pages: 2 / 64M, Empty: 32M, Relocated: 0M, In-Place: 0
[112.807s][info][gc,reloc    ] GC(196) Large Pages: 7 / 42M, Empty: 42M, Relocated: 0M, In-Place: 0
[112.807s][info][gc,reloc    ] GC(196) Forwarding Usage: 0M
[112.807s][info][gc,heap     ] GC(196) Min Capacity: 2048M(100%)
[112.807s][info][gc,heap     ] GC(196) Max Capacity: 2048M(100%)
[112.807s][info][gc,heap     ] GC(196) Soft Max Capacity: 2048M(100%)
[112.807s][info][gc,heap     ] GC(196)                Mark Start          Mark End        Relocate Start      Relocate End           High               Low         
[112.807s][info][gc,heap     ] GC(196)  Capacity:     2048M (100%)       2048M (100%)       2048M (100%)       2048M (100%)       2048M (100%)       2048M (100%)   
[112.807s][info][gc,heap     ] GC(196)      Free:      664M (32%)         470M (23%)        1426M (70%)        1574M (77%)        1574M (77%)         310M (15%)    
[112.807s][info][gc,heap     ] GC(196)      Used:     1384M (68%)        1578M (77%)         622M (30%)         474M (23%)        1738M (85%)         474M (23%)    
[112.807s][info][gc,heap     ] GC(196)      Live:         -                89M (4%)           89M (4%)           89M (4%)             -                  -          
[112.807s][info][gc,heap     ] GC(196) Allocated:         -               194M (9%)          362M (18%)         365M (18%)            -                  -          
[112.807s][info][gc,heap     ] GC(196)   Garbage:         -              1294M (63%)         170M (8%)           18M (1%)             -                  -          
[112.807s][info][gc,heap     ] GC(196) Reclaimed:         -                  -              1124M (55%)        1275M (62%)            -                  -          
[112.808s][info][gc          ] GC(196) Garbage Collection (Allocation Rate) 1384M(68%)->474M(23%)
[112.976s][info][gc,start    ] GC(197) Garbage Collection (System.gc())
[112.976s][info][gc,task     ] GC(197) Using 2 workers
[112.976s][info][gc,phases   ] GC(197) Pause Mark Start 0.005ms
[113.038s][info][gc,phases   ] GC(197) Concurrent Mark 61.789ms
[113.038s][info][gc,phases   ] GC(197) Pause Mark End 0.046ms
[113.038s][info][gc,phases   ] GC(197) Concurrent Mark Free 0.003ms
[113.060s][info][gc,phases   ] GC(197) Concurrent Process Non-Strong References 21.622ms
[113.060s][info][gc,phases   ] GC(197) Concurrent Reset Relocation Set 0.006ms
[113.062s][info][gc,phases   ] GC(197) Concurrent Select Relocation Set 2.141ms
[113.062s][info][gc,phases   ] GC(197) Pause Relocate Start 0.009ms
[113.063s][info][gc,phases   ] GC(197) Concurrent Relocate 0.713ms
[113.063s][info][gc,load     ] GC(197) Load: 0.00/0.00/0.00
[113.063s][info][gc,mmu      ] GC(197) MMU: 2ms/91.1%, 5ms/96.4%, 10ms/98.2%, 20ms/99.1%, 50ms/99.6%, 100ms/99.8%
[113.063s][info][gc,marking  ] GC(197) Mark: 2 stripe(s), 2 proactive flush(es), 1 terminate flush(es), 0 completion(s), 0 continuation(s) 
[113.063s][info][gc,marking  ] GC(197) Mark Stack Usage: 32M
[113.063s][info][gc,nmethod  ] GC(197) NMethods: 22802 registered, 628 unregistered
[113.063s][info][gc,metaspace] GC(197) Metaspace: 135M used, 136M committed, 1152M reserved
[113.063s][info][gc,ref      ] GC(197) Soft: 8849 encountered, 0 discovered, 0 enqueued
[113.063s][info][gc,ref      ] GC(197) Weak: 15982 encountered, 3465 discovered, 591 enqueued
[113.063s][info][gc,ref      ] GC(197) Final: 53 encountered, 0 discovered, 0 enqueued
[113.063s][info][gc,ref      ] GC(197) Phantom: 589 encountered, 399 discovered, 0 enqueued
[113.063s][info][gc,reloc    ] GC(197) Small Pages: 256 / 512M, Empty: 340M, Relocated: 1M, In-Place: 0
[113.063s][info][gc,reloc    ] GC(197) Medium Pages: 2 / 64M, Empty: 32M, Relocated: 0M, In-Place: 0
[113.063s][info][gc,reloc    ] GC(197) Large Pages: 7 / 42M, Empty: 42M, Relocated: 0M, In-Place: 0
[113.063s][info][gc,reloc    ] GC(197) Forwarding Usage: 0M
[113.063s][info][gc,heap     ] GC(197) Min Capacity: 2048M(100%)
[113.063s][info][gc,heap     ] GC(197) Max Capacity: 2048M(100%)
[113.063s][info][gc,heap     ] GC(197) Soft Max Capacity: 2048M(100%)
[113.063s][info][gc,heap     ] GC(197)                Mark Start          Mark End        Relocate Start      Relocate End           High               Low         
[113.063s][info][gc,heap     ] GC(197)  Capacity:     2048M (100%)       2048M (100%)       2048M (100%)       2048M (100%)       2048M (100%)       2048M (100%)   
[113.063s][info][gc,heap     ] GC(197)      Free:     1430M (70%)        1426M (70%)        1830M (89%)        1920M (94%)        1920M (94%)        1426M (70%)    
[113.063s][info][gc,heap     ] GC(197)      Used:      618M (30%)         622M (30%)         218M (11%)         128M (6%)          622M (30%)         128M (6%)     
[113.063s][info][gc,heap     ] GC(197)      Live:         -                89M (4%)           89M (4%)           89M (4%)             -                  -          
[113.063s][info][gc,heap     ] GC(197) Allocated:         -                 4M (0%)           14M (1%)           17M (1%)             -                  -          
[113.063s][info][gc,heap     ] GC(197)   Garbage:         -               528M (26%)         114M (6%)           20M (1%)             -                  -          
[113.063s][info][gc,heap     ] GC(197) Reclaimed:         -                  -               414M (20%)         507M (25%)            -                  -          
[113.063s][info][gc          ] GC(197) Garbage Collection (System.gc()) 618M(30%)->128M(6%)
[113.623s][info][gc,start    ] GC(198) Garbage Collection (Allocation Rate)
[113.623s][info][gc,task     ] GC(198) Using 1 workers
[113.623s][info][gc,phases   ] GC(198) Pause Mark Start 0.010ms
[113.726s][info][gc,phases   ] GC(198) Concurrent Mark 102.943ms
[113.726s][info][gc,phases   ] GC(198) Pause Mark End 0.015ms
[113.726s][info][gc,phases   ] GC(198) Concurrent Mark Free 0.001ms
[113.792s][info][gc,phases   ] GC(198) Concurrent Process Non-Strong References 65.677ms
[113.792s][info][gc,phases   ] GC(198) Concurrent Reset Relocation Set 0.005ms
[113.794s][info][gc,phases   ] GC(198) Concurrent Select Relocation Set 2.203ms
[113.794s][info][gc,phases   ] GC(198) Pause Relocate Start 0.011ms
[113.798s][info][gc,phases   ] GC(198) Concurrent Relocate 3.107ms
[113.798s][info][gc,load     ] GC(198) Load: 0.00/0.00/0.00
[113.798s][info][gc,mmu      ] GC(198) MMU: 2ms/91.1%, 5ms/96.4%, 10ms/98.2%, 20ms/99.1%, 50ms/99.6%, 100ms/99.8%
[113.798s][info][gc,marking  ] GC(198) Mark: 1 stripe(s), 2 proactive flush(es), 1 terminate flush(es), 0 completion(s), 0 continuation(s) 
[113.798s][info][gc,marking  ] GC(198) Mark Stack Usage: 32M
[113.798s][info][gc,nmethod  ] GC(198) NMethods: 22829 registered, 628 unregistered
[113.798s][info][gc,metaspace] GC(198) Metaspace: 135M used, 136M committed, 1152M reserved
[113.798s][info][gc,ref      ] GC(198) Soft: 8852 encountered, 0 discovered, 0 enqueued
[113.798s][info][gc,ref      ] GC(198) Weak: 16374 encountered, 4017 discovered, 719 enqueued
[113.798s][info][gc,ref      ] GC(198) Final: 53 encountered, 0 discovered, 0 enqueued
[113.798s][info][gc,ref      ] GC(198) Phantom: 589 encountered, 355 discovered, 0 enqueued
[113.798s][info][gc,reloc    ] GC(198) Small Pages: 640 / 1280M, Empty: 1042M, Relocated: 3M, In-Place: 0
[113.798s][info][gc,reloc    ] GC(198) Medium Pages: 2 / 64M, Empty: 32M, Relocated: 0M, In-Place: 0
[113.798s][info][gc,reloc    ] GC(198) Large Pages: 7 / 42M, Empty: 42M, Relocated: 0M, In-Place: 0
[113.798s][info][gc,reloc    ] GC(198) Forwarding Usage: 0M
[113.798s][info][gc,heap     ] GC(198) Min Capacity: 2048M(100%)
[113.798s][info][gc,heap     ] GC(198) Max Capacity: 2048M(100%)
[113.798s][info][gc,heap     ] GC(198) Soft Max Capacity: 2048M(100%)
[113.798s][info][gc,heap     ] GC(198)                Mark Start          Mark End        Relocate Start      Relocate End           High               Low         
[113.798s][info][gc,heap     ] GC(198)  Capacity:     2048M (100%)       2048M (100%)       2048M (100%)       2048M (100%)       2048M (100%)       2048M (100%)   
[113.798s][info][gc,heap     ] GC(198)      Free:      662M (32%)         404M (20%)        1390M (68%)        1544M (75%)        1544M (75%)         282M (14%)    
[113.798s][info][gc,heap     ] GC(198)      Used:     1386M (68%)        1644M (80%)         658M (32%)         504M (25%)        1766M (86%)         504M (25%)    
[113.798s][info][gc,heap     ] GC(198)      Live:         -                90M (4%)           90M (4%)           90M (4%)             -                  -          
[113.798s][info][gc,heap     ] GC(198) Allocated:         -               258M (13%)         388M (19%)         393M (19%)            -                  -          
[113.798s][info][gc,heap     ] GC(198)   Garbage:         -              1295M (63%)         179M (9%)           19M (1%)             -                  -          
[113.798s][info][gc,heap     ] GC(198) Reclaimed:         -                  -              1116M (54%)        1275M (62%)            -                  -          
[113.798s][info][gc          ] GC(198) Garbage Collection (Allocation Rate) 1386M(68%)->504M(25%)
[113.927s][info][gc,start    ] GC(199) Garbage Collection (System.gc())
[113.927s][info][gc,task     ] GC(199) Using 2 workers
[113.927s][info][gc,phases   ] GC(199) Pause Mark Start 0.004ms
[113.989s][info][gc,phases   ] GC(199) Concurrent Mark 61.659ms
[113.989s][info][gc,phases   ] GC(199) Pause Mark End 0.050ms
[113.989s][info][gc,phases   ] GC(199) Concurrent Mark Free 0.001ms
[114.011s][info][gc,phases   ] GC(199) Concurrent Process Non-Strong References 22.098ms
[114.011s][info][gc,phases   ] GC(199) Concurrent Reset Relocation Set 0.006ms
[114.013s][info][gc,phases   ] GC(199) Concurrent Select Relocation Set 1.536ms
[114.013s][info][gc,phases   ] GC(199) Pause Relocate Start 0.008ms
[114.014s][info][gc,phases   ] GC(199) Concurrent Relocate 0.637ms
[114.014s][info][gc,load     ] GC(199) Load: 0.00/0.00/0.00
[114.014s][info][gc,mmu      ] GC(199) MMU: 2ms/91.1%, 5ms/96.4%, 10ms/98.2%, 20ms/99.1%, 50ms/99.6%, 100ms/99.8%
[114.014s][info][gc,marking  ] GC(199) Mark: 2 stripe(s), 2 proactive flush(es), 1 terminate flush(es), 0 completion(s), 0 continuation(s) 
[114.014s][info][gc,marking  ] GC(199) Mark Stack Usage: 32M
[114.014s][info][gc,nmethod  ] GC(199) NMethods: 22836 registered, 628 unregistered
[114.014s][info][gc,metaspace] GC(199) Metaspace: 135M used, 136M committed, 1152M reserved
[114.014s][info][gc,ref      ] GC(199) Soft: 8849 encountered, 0 discovered, 0 enqueued
[114.014s][info][gc,ref      ] GC(199) Weak: 16000 encountered, 3533 discovered, 597 enqueued
[114.014s][info][gc,ref      ] GC(199) Final: 53 encountered, 0 discovered, 0 enqueued
[114.014s][info][gc,ref      ] GC(199) Phantom: 589 encountered, 399 discovered, 0 enqueued
[114.014s][info][gc,reloc    ] GC(199) Small Pages: 248 / 496M, Empty: 328M, Relocated: 1M, In-Place: 0
[114.014s][info][gc,reloc    ] GC(199) Medium Pages: 2 / 64M, Empty: 32M, Relocated: 0M, In-Place: 0
[114.014s][info][gc,reloc    ] GC(199) Large Pages: 7 / 42M, Empty: 42M, Relocated: 0M, In-Place: 0
[114.014s][info][gc,reloc    ] GC(199) Forwarding Usage: 0M
[114.014s][info][gc,heap     ] GC(199) Min Capacity: 2048M(100%)
[114.014s][info][gc,heap     ] GC(199) Max Capacity: 2048M(100%)
[114.014s][info][gc,heap     ] GC(199) Soft Max Capacity: 2048M(100%)
[114.014s][info][gc,heap     ] GC(199)                Mark Start          Mark End        Relocate Start      Relocate End           High               Low         
[114.014s][info][gc,heap     ] GC(199)  Capacity:     2048M (100%)       2048M (100%)       2048M (100%)       2048M (100%)       2048M (100%)       2048M (100%)   
[114.014s][info][gc,heap     ] GC(199)      Free:     1446M (71%)        1442M (70%)        1834M (90%)        1924M (94%)        1924M (94%)        1442M (70%)    
[114.014s][info][gc,heap     ] GC(199)      Used:      602M (29%)         606M (30%)         214M (10%)         124M (6%)          606M (30%)         124M (6%)     
[114.014s][info][gc,heap     ] GC(199)      Live:         -                88M (4%)           88M (4%)           88M (4%)             -                  -          
[114.014s][info][gc,heap     ] GC(199) Allocated:         -                 4M (0%)           14M (1%)           13M (1%)             -                  -          
[114.014s][info][gc,heap     ] GC(199)   Garbage:         -               513M (25%)         111M (5%)           21M (1%)             -                  -          
[114.014s][info][gc,heap     ] GC(199) Reclaimed:         -                  -               402M (20%)         491M (24%)            -                  -          
[114.014s][info][gc          ] GC(199) Garbage Collection (System.gc()) 602M(29%)->124M(6%)
[114.516s][info][gc,start    ] GC(200) Garbage Collection (Allocation Rate)
[114.516s][info][gc,task     ] GC(200) Using 1 workers
[114.516s][info][gc,phases   ] GC(200) Pause Mark Start 0.008ms
[114.615s][info][gc,phases   ] GC(200) Concurrent Mark 98.366ms
[114.615s][info][gc,phases   ] GC(200) Pause Mark End 0.031ms
[114.615s][info][gc,phases   ] GC(200) Concurrent Mark Free 0.001ms
[114.686s][info][gc,phases   ] GC(200) Concurrent Process Non-Strong References 71.394ms
[114.686s][info][gc,phases   ] GC(200) Concurrent Reset Relocation Set 0.003ms
[114.689s][info][gc,phases   ] GC(200) Concurrent Select Relocation Set 2.204ms
[114.689s][info][gc,phases   ] GC(200) Pause Relocate Start 0.011ms
[114.694s][info][gc,phases   ] GC(200) Concurrent Relocate 4.991ms
[114.694s][info][gc,load     ] GC(200) Load: 0.00/0.00/0.00
[114.694s][info][gc,mmu      ] GC(200) MMU: 2ms/91.1%, 5ms/96.4%, 10ms/98.2%, 20ms/99.1%, 50ms/99.6%, 100ms/99.8%
[114.694s][info][gc,marking  ] GC(200) Mark: 1 stripe(s), 2 proactive flush(es), 1 terminate flush(es), 0 completion(s), 0 continuation(s) 
[114.694s][info][gc,marking  ] GC(200) Mark Stack Usage: 32M
[114.694s][info][gc,nmethod  ] GC(200) NMethods: 22865 registered, 628 unregistered
[114.694s][info][gc,metaspace] GC(200) Metaspace: 135M used, 136M committed, 1152M reserved
[114.694s][info][gc,ref      ] GC(200) Soft: 8851 encountered, 0 discovered, 0 enqueued
[114.694s][info][gc,ref      ] GC(200) Weak: 16290 encountered, 3937 discovered, 692 enqueued
[114.694s][info][gc,ref      ] GC(200) Final: 53 encountered, 0 discovered, 0 enqueued
[114.694s][info][gc,ref      ] GC(200) Phantom: 589 encountered, 355 discovered, 0 enqueued
[114.694s][info][gc,reloc    ] GC(200) Small Pages: 627 / 1254M, Empty: 970M, Relocated: 4M, In-Place: 0
[114.694s][info][gc,reloc    ] GC(200) Medium Pages: 2 / 64M, Empty: 32M, Relocated: 0M, In-Place: 0
[114.694s][info][gc,reloc    ] GC(200) Large Pages: 6 / 36M, Empty: 36M, Relocated: 0M, In-Place: 0
[114.694s][info][gc,reloc    ] GC(200) Forwarding Usage: 1M
[114.694s][info][gc,heap     ] GC(200) Min Capacity: 2048M(100%)
[114.694s][info][gc,heap     ] GC(200) Max Capacity: 2048M(100%)
[114.694s][info][gc,heap     ] GC(200) Soft Max Capacity: 2048M(100%)
[114.694s][info][gc,heap     ] GC(200)                Mark Start          Mark End        Relocate Start      Relocate End           High               Low         
[114.694s][info][gc,heap     ] GC(200)  Capacity:     2048M (100%)       2048M (100%)       2048M (100%)       2048M (100%)       2048M (100%)       2048M (100%)   
[114.694s][info][gc,heap     ] GC(200)      Free:      694M (34%)         520M (25%)        1386M (68%)        1582M (77%)        1584M (77%)         356M (17%)    
[114.694s][info][gc,heap     ] GC(200)      Used:     1354M (66%)        1528M (75%)         662M (32%)         466M (23%)        1692M (83%)         464M (23%)    
[114.694s][info][gc,heap     ] GC(200)      Live:         -                91M (4%)           91M (4%)           91M (4%)             -                  -          
[114.694s][info][gc,heap     ] GC(200) Allocated:         -               174M (8%)          346M (17%)         355M (17%)            -                  -          
[114.694s][info][gc,heap     ] GC(200)   Garbage:         -              1262M (62%)         224M (11%)          18M (1%)             -                  -          
[114.694s][info][gc,heap     ] GC(200) Reclaimed:         -                  -              1038M (51%)        1243M (61%)            -                  -          
[114.694s][info][gc          ] GC(200) Garbage Collection (Allocation Rate) 1354M(66%)->466M(23%)
[114.863s][info][gc,start    ] GC(201) Garbage Collection (System.gc())
[114.863s][info][gc,task     ] GC(201) Using 2 workers
[114.863s][info][gc,phases   ] GC(201) Pause Mark Start 0.005ms
[114.925s][info][gc,phases   ] GC(201) Concurrent Mark 62.522ms
[114.926s][info][gc,phases   ] GC(201) Pause Mark End 0.035ms
[114.926s][info][gc,phases   ] GC(201) Concurrent Mark Free 0.001ms
[114.949s][info][gc,phases   ] GC(201) Concurrent Process Non-Strong References 22.922ms
[114.949s][info][gc,phases   ] GC(201) Concurrent Reset Relocation Set 0.006ms
[114.950s][info][gc,phases   ] GC(201) Concurrent Select Relocation Set 1.499ms
[114.950s][info][gc,phases   ] GC(201) Pause Relocate Start 0.007ms
[114.953s][info][gc,phases   ] GC(201) Concurrent Relocate 2.505ms
[114.953s][info][gc,load     ] GC(201) Load: 0.00/0.00/0.00
[114.953s][info][gc,mmu      ] GC(201) MMU: 2ms/91.1%, 5ms/96.4%, 10ms/98.2%, 20ms/99.1%, 50ms/99.6%, 100ms/99.8%
[114.953s][info][gc,marking  ] GC(201) Mark: 2 stripe(s), 2 proactive flush(es), 1 terminate flush(es), 0 completion(s), 0 continuation(s) 
[114.953s][info][gc,marking  ] GC(201) Mark Stack Usage: 32M
[114.953s][info][gc,nmethod  ] GC(201) NMethods: 22868 registered, 628 unregistered
[114.953s][info][gc,metaspace] GC(201) Metaspace: 135M used, 136M committed, 1152M reserved
[114.953s][info][gc,ref      ] GC(201) Soft: 8849 encountered, 0 discovered, 0 enqueued
[114.953s][info][gc,ref      ] GC(201) Weak: 15996 encountered, 3476 discovered, 600 enqueued
[114.953s][info][gc,ref      ] GC(201) Final: 53 encountered, 0 discovered, 0 enqueued
[114.953s][info][gc,ref      ] GC(201) Phantom: 589 encountered, 400 discovered, 0 enqueued
[114.953s][info][gc,reloc    ] GC(201) Small Pages: 260 / 520M, Empty: 286M, Relocated: 8M, In-Place: 0
[114.953s][info][gc,reloc    ] GC(201) Medium Pages: 2 / 64M, Empty: 32M, Relocated: 0M, In-Place: 0
[114.953s][info][gc,reloc    ] GC(201) Large Pages: 8 / 48M, Empty: 48M, Relocated: 0M, In-Place: 0
[114.953s][info][gc,reloc    ] GC(201) Forwarding Usage: 0M
[114.953s][info][gc,heap     ] GC(201) Min Capacity: 2048M(100%)
[114.953s][info][gc,heap     ] GC(201) Max Capacity: 2048M(100%)
[114.953s][info][gc,heap     ] GC(201) Soft Max Capacity: 2048M(100%)
[114.953s][info][gc,heap     ] GC(201)                Mark Start          Mark End        Relocate Start      Relocate End           High               Low         
[114.953s][info][gc,heap     ] GC(201)  Capacity:     2048M (100%)       2048M (100%)       2048M (100%)       2048M (100%)       2048M (100%)       2048M (100%)   
[114.953s][info][gc,heap     ] GC(201)      Free:     1416M (69%)        1406M (69%)        1770M (86%)        1916M (94%)        1918M (94%)        1406M (69%)    
[114.953s][info][gc,heap     ] GC(201)      Used:      632M (31%)         642M (31%)         278M (14%)         132M (6%)          642M (31%)         130M (6%)     
[114.953s][info][gc,heap     ] GC(201)      Live:         -                94M (5%)           94M (5%)           94M (5%)             -                  -          
[114.953s][info][gc,heap     ] GC(201) Allocated:         -                10M (0%)           12M (1%)           17M (1%)             -                  -          
[114.953s][info][gc,heap     ] GC(201)   Garbage:         -               537M (26%)         171M (8%)           19M (1%)             -                  -          
[114.953s][info][gc,heap     ] GC(201) Reclaimed:         -                  -               366M (18%)         517M (25%)            -                  -          
[114.953s][info][gc          ] GC(201) Garbage Collection (System.gc()) 632M(31%)->132M(6%)
[115.417s][info][gc,start    ] GC(202) Garbage Collection (Allocation Rate)
[115.417s][info][gc,task     ] GC(202) Using 1 workers
[115.417s][info][gc,phases   ] GC(202) Pause Mark Start 0.010ms
[115.522s][info][gc,phases   ] GC(202) Concurrent Mark 104.520ms
[115.522s][info][gc,phases   ] GC(202) Pause Mark End 0.013ms
[115.522s][info][gc,phases   ] GC(202) Concurrent Mark Free 0.001ms
[115.591s][info][gc,phases   ] GC(202) Concurrent Process Non-Strong References 68.901ms
[115.591s][info][gc,phases   ] GC(202) Concurrent Reset Relocation Set 0.006ms
[115.594s][info][gc,phases   ] GC(202) Concurrent Select Relocation Set 2.906ms
[115.594s][info][gc,phases   ] GC(202) Pause Relocate Start 0.010ms
[115.600s][info][gc,phases   ] GC(202) Concurrent Relocate 5.830ms
[115.600s][info][gc,load     ] GC(202) Load: 0.00/0.00/0.00
[115.600s][info][gc,mmu      ] GC(202) MMU: 2ms/91.1%, 5ms/96.4%, 10ms/98.2%, 20ms/99.1%, 50ms/99.6%, 100ms/99.8%
[115.600s][info][gc,marking  ] GC(202) Mark: 1 stripe(s), 2 proactive flush(es), 1 terminate flush(es), 0 completion(s), 0 continuation(s) 
[115.600s][info][gc,marking  ] GC(202) Mark Stack Usage: 32M
[115.600s][info][gc,nmethod  ] GC(202) NMethods: 22917 registered, 628 unregistered
[115.600s][info][gc,metaspace] GC(202) Metaspace: 135M used, 136M committed, 1152M reserved
[115.600s][info][gc,ref      ] GC(202) Soft: 8851 encountered, 0 discovered, 0 enqueued
[115.600s][info][gc,ref      ] GC(202) Weak: 16320 encountered, 3885 discovered, 704 enqueued
[115.600s][info][gc,ref      ] GC(202) Final: 53 encountered, 0 discovered, 0 enqueued
[115.600s][info][gc,ref      ] GC(202) Phantom: 589 encountered, 355 discovered, 0 enqueued
[115.600s][info][gc,reloc    ] GC(202) Small Pages: 593 / 1186M, Empty: 890M, Relocated: 4M, In-Place: 0
[115.600s][info][gc,reloc    ] GC(202) Medium Pages: 2 / 64M, Empty: 32M, Relocated: 0M, In-Place: 0
[115.600s][info][gc,reloc    ] GC(202) Large Pages: 6 / 36M, Empty: 36M, Relocated: 0M, In-Place: 0
[115.600s][info][gc,reloc    ] GC(202) Forwarding Usage: 1M
[115.600s][info][gc,heap     ] GC(202) Min Capacity: 2048M(100%)
[115.600s][info][gc,heap     ] GC(202) Max Capacity: 2048M(100%)
[115.600s][info][gc,heap     ] GC(202) Soft Max Capacity: 2048M(100%)
[115.600s][info][gc,heap     ] GC(202)                Mark Start          Mark End        Relocate Start      Relocate End           High               Low         
[115.601s][info][gc,heap     ] GC(202)  Capacity:     2048M (100%)       2048M (100%)       2048M (100%)       2048M (100%)       2048M (100%)       2048M (100%)   
[115.601s][info][gc,heap     ] GC(202)      Free:      762M (37%)         566M (28%)        1346M (66%)        1550M (76%)        1554M (76%)         404M (20%)    
[115.601s][info][gc,heap     ] GC(202)      Used:     1286M (63%)        1482M (72%)         702M (34%)         498M (24%)        1644M (80%)         494M (24%)    
[115.601s][info][gc,heap     ] GC(202)      Live:         -                91M (4%)           91M (4%)           91M (4%)             -                  -          
[115.601s][info][gc,heap     ] GC(202) Allocated:         -               196M (10%)         374M (18%)         387M (19%)            -                  -          
[115.601s][info][gc,heap     ] GC(202)   Garbage:         -              1194M (58%)         236M (12%)          18M (1%)             -                  -          
[115.601s][info][gc,heap     ] GC(202) Reclaimed:         -                  -               958M (47%)        1175M (57%)            -                  -          
[115.601s][info][gc          ] GC(202) Garbage Collection (Allocation Rate) 1286M(63%)->498M(24%)
[115.794s][info][gc,start    ] GC(203) Garbage Collection (System.gc())
[115.794s][info][gc,task     ] GC(203) Using 2 workers
[115.794s][info][gc,phases   ] GC(203) Pause Mark Start 0.007ms
[115.857s][info][gc,phases   ] GC(203) Concurrent Mark 62.932ms
[115.858s][info][gc,phases   ] GC(203) Pause Mark End 0.035ms
[115.858s][info][gc,phases   ] GC(203) Concurrent Mark Free 0.002ms
[115.880s][info][gc,phases   ] GC(203) Concurrent Process Non-Strong References 22.709ms
[115.880s][info][gc,phases   ] GC(203) Concurrent Reset Relocation Set 0.006ms
[115.882s][info][gc,phases   ] GC(203) Concurrent Select Relocation Set 1.820ms
[115.882s][info][gc,phases   ] GC(203) Pause Relocate Start 0.008ms
[115.887s][info][gc,phases   ] GC(203) Concurrent Relocate 3.988ms
[115.887s][info][gc,load     ] GC(203) Load: 0.00/0.00/0.00
[115.887s][info][gc,mmu      ] GC(203) MMU: 2ms/91.1%, 5ms/96.4%, 10ms/98.2%, 20ms/99.1%, 50ms/99.6%, 100ms/99.8%
[115.887s][info][gc,marking  ] GC(203) Mark: 2 stripe(s), 2 proactive flush(es), 1 terminate flush(es), 0 completion(s), 0 continuation(s) 
[115.887s][info][gc,marking  ] GC(203) Mark Stack Usage: 32M
[115.887s][info][gc,nmethod  ] GC(203) NMethods: 22921 registered, 628 unregistered
[115.887s][info][gc,metaspace] GC(203) Metaspace: 135M used, 136M committed, 1152M reserved
[115.887s][info][gc,ref      ] GC(203) Soft: 8849 encountered, 0 discovered, 0 enqueued
[115.887s][info][gc,ref      ] GC(203) Weak: 16021 encountered, 3438 discovered, 610 enqueued
[115.887s][info][gc,ref      ] GC(203) Final: 53 encountered, 0 discovered, 0 enqueued
[115.887s][info][gc,ref      ] GC(203) Phantom: 589 encountered, 412 discovered, 0 enqueued
[115.887s][info][gc,reloc    ] GC(203) Small Pages: 297 / 594M, Empty: 304M, Relocated: 13M, In-Place: 0
[115.887s][info][gc,reloc    ] GC(203) Medium Pages: 2 / 64M, Empty: 32M, Relocated: 0M, In-Place: 0
[115.887s][info][gc,reloc    ] GC(203) Large Pages: 8 / 48M, Empty: 48M, Relocated: 0M, In-Place: 0
[115.887s][info][gc,reloc    ] GC(203) Forwarding Usage: 1M
[115.887s][info][gc,heap     ] GC(203) Min Capacity: 2048M(100%)
[115.887s][info][gc,heap     ] GC(203) Max Capacity: 2048M(100%)
[115.887s][info][gc,heap     ] GC(203) Soft Max Capacity: 2048M(100%)
[115.887s][info][gc,heap     ] GC(203)                Mark Start          Mark End        Relocate Start      Relocate End           High               Low         
[115.887s][info][gc,heap     ] GC(203)  Capacity:     2048M (100%)       2048M (100%)       2048M (100%)       2048M (100%)       2048M (100%)       2048M (100%)   
[115.887s][info][gc,heap     ] GC(203)      Free:     1342M (66%)        1334M (65%)        1710M (83%)        1908M (93%)        1908M (93%)        1332M (65%)    
[115.887s][info][gc,heap     ] GC(203)      Used:      706M (34%)         714M (35%)         338M (17%)         140M (7%)          716M (35%)         140M (7%)     
[115.887s][info][gc,heap     ] GC(203)      Live:         -               100M (5%)          100M (5%)          100M (5%)             -                  -          
[115.887s][info][gc,heap     ] GC(203) Allocated:         -                 8M (0%)           16M (1%)           19M (1%)             -                  -          
[115.887s][info][gc,heap     ] GC(203)   Garbage:         -               605M (30%)         221M (11%)          19M (1%)             -                  -          
[115.887s][info][gc,heap     ] GC(203) Reclaimed:         -                  -               384M (19%)         585M (29%)            -                  -          
[115.887s][info][gc          ] GC(203) Garbage Collection (System.gc()) 706M(34%)->140M(7%)
[116.415s][info][gc,start    ] GC(204) Garbage Collection (Allocation Rate)
[116.415s][info][gc,task     ] GC(204) Using 1 workers
[116.415s][info][gc,phases   ] GC(204) Pause Mark Start 0.008ms
[116.520s][info][gc,phases   ] GC(204) Concurrent Mark 105.109ms
[116.520s][info][gc,phases   ] GC(204) Pause Mark End 0.030ms
[116.520s][info][gc,phases   ] GC(204) Concurrent Mark Free 0.001ms
[116.588s][info][gc,phases   ] GC(204) Concurrent Process Non-Strong References 67.830ms
[116.588s][info][gc,phases   ] GC(204) Concurrent Reset Relocation Set 0.007ms
[116.591s][info][gc,phases   ] GC(204) Concurrent Select Relocation Set 2.351ms
[116.591s][info][gc,phases   ] GC(204) Pause Relocate Start 0.010ms
[116.594s][info][gc,phases   ] GC(204) Concurrent Relocate 2.822ms
[116.594s][info][gc,load     ] GC(204) Load: 0.00/0.00/0.00
[116.594s][info][gc,mmu      ] GC(204) MMU: 2ms/91.1%, 5ms/96.4%, 10ms/98.2%, 20ms/99.1%, 50ms/99.6%, 100ms/99.8%
[116.594s][info][gc,marking  ] GC(204) Mark: 1 stripe(s), 2 proactive flush(es), 1 terminate flush(es), 0 completion(s), 0 continuation(s) 
[116.594s][info][gc,marking  ] GC(204) Mark Stack Usage: 32M
[116.594s][info][gc,nmethod  ] GC(204) NMethods: 22948 registered, 628 unregistered
[116.594s][info][gc,metaspace] GC(204) Metaspace: 135M used, 136M committed, 1152M reserved
[116.594s][info][gc,ref      ] GC(204) Soft: 8852 encountered, 0 discovered, 0 enqueued
[116.594s][info][gc,ref      ] GC(204) Weak: 16369 encountered, 4010 discovered, 709 enqueued
[116.594s][info][gc,ref      ] GC(204) Final: 53 encountered, 0 discovered, 0 enqueued
[116.594s][info][gc,ref      ] GC(204) Phantom: 589 encountered, 355 discovered, 0 enqueued
[116.594s][info][gc,reloc    ] GC(204) Small Pages: 644 / 1288M, Empty: 1046M, Relocated: 3M, In-Place: 0
[116.594s][info][gc,reloc    ] GC(204) Medium Pages: 2 / 64M, Empty: 32M, Relocated: 0M, In-Place: 0
[116.594s][info][gc,reloc    ] GC(204) Large Pages: 7 / 42M, Empty: 42M, Relocated: 0M, In-Place: 0
[116.594s][info][gc,reloc    ] GC(204) Forwarding Usage: 0M
[116.594s][info][gc,heap     ] GC(204) Min Capacity: 2048M(100%)
[116.594s][info][gc,heap     ] GC(204) Max Capacity: 2048M(100%)
[116.594s][info][gc,heap     ] GC(204) Soft Max Capacity: 2048M(100%)
[116.594s][info][gc,heap     ] GC(204)                Mark Start          Mark End        Relocate Start      Relocate End           High               Low         
[116.594s][info][gc,heap     ] GC(204)  Capacity:     2048M (100%)       2048M (100%)       2048M (100%)       2048M (100%)       2048M (100%)       2048M (100%)   
[116.594s][info][gc,heap     ] GC(204)      Free:      654M (32%)         422M (21%)        1396M (68%)        1556M (76%)        1556M (76%)         290M (14%)    
[116.594s][info][gc,heap     ] GC(204)      Used:     1394M (68%)        1626M (79%)         652M (32%)         492M (24%)        1758M (86%)         492M (24%)    
[116.594s][info][gc,heap     ] GC(204)      Live:         -                90M (4%)           90M (4%)           90M (4%)             -                  -          
[116.594s][info][gc,heap     ] GC(204) Allocated:         -               232M (11%)         378M (18%)         381M (19%)            -                  -          
[116.594s][info][gc,heap     ] GC(204)   Garbage:         -              1303M (64%)         183M (9%)           19M (1%)             -                  -          
[116.594s][info][gc,heap     ] GC(204) Reclaimed:         -                  -              1120M (55%)        1283M (63%)            -                  -          
[116.594s][info][gc          ] GC(204) Garbage Collection (Allocation Rate) 1394M(68%)->492M(24%)
[116.827s][info][gc,heap,exit] Heap
[116.828s][info][gc,heap,exit]  ZHeap           used 662M, capacity 2048M, max capacity 2048M
[116.828s][info][gc,heap,exit]  Metaspace       used 138945K, committed 140608K, reserved 1179648K
[116.828s][info][gc,heap,exit]   class space    used 17345K, committed 18176K, reserved 1048576K
