[0.012s][info][gc] Using Concurrent Mark Sweep
[0.013s][info][gc,heap,coops] Heap address: 0x00000000c0000000, size: 1024 MB, Compressed Oops mode: 32-bit
[12.098s][info][gc,start     ] GC(0) Pause Initial Mark
[12.136s][info][gc           ] GC(0) Pause Initial Mark 257M->257M(989M) 38.114ms
[12.136s][info][gc,cpu       ] GC(0) User=0.03s Sys=0.00s Real=0.03s
[12.136s][info][gc           ] GC(0) Concurrent Mark
[12.137s][info][gc,task      ] GC(0) Using 2 workers of 2 for marking
[12.137s][info][gc           ] GC(0) Concurrent Mark 0.707ms
[12.137s][info][gc,cpu       ] GC(0) User=0.00s Sys=0.00s Real=0.00s
[12.137s][info][gc           ] GC(0) Concurrent Preclean
[12.140s][info][gc           ] GC(0) Concurrent Preclean 3.218ms
[12.140s][info][gc,cpu       ] GC(0) User=0.00s Sys=0.00s Real=0.00s
[12.140s][info][gc           ] GC(0) Concurrent Abortable Preclean
[12.278s][info][gc,start     ] GC(1) Pause Full (System.gc())
[12.278s][info][gc           ] GC(0) Concurrent Abortable Preclean 137.699ms
[12.278s][info][gc,cpu       ] GC(0) User=0.06s Sys=0.02s Real=0.14s
[12.278s][info][gc,phases,start] GC(1) Phase 1: Mark live objects
[12.294s][info][gc,phases      ] GC(1) Phase 1: Mark live objects 15.912ms
[12.294s][info][gc,phases,start] GC(1) Phase 2: Compute new object addresses
[12.311s][info][gc,phases      ] GC(1) Phase 2: Compute new object addresses 17.282ms
[12.312s][info][gc,phases,start] GC(1) Phase 3: Adjust pointers
[12.323s][info][gc,phases      ] GC(1) Phase 3: Adjust pointers 11.001ms
[12.323s][info][gc,phases,start] GC(1) Phase 4: Move objects
[12.329s][info][gc,phases      ] GC(1) Phase 4: Move objects 6.082ms
[12.331s][info][gc,heap        ] GC(1) ParNew: 274587K->0K(314560K)
[12.331s][info][gc,heap        ] GC(1) CMS: 0K->10178K(699072K)
[12.331s][info][gc,metaspace   ] GC(1) Metaspace: 24254K(25408K)->24254K(25408K) NonClass: 21822K(22444K)->21822K(22444K) Class: 2432K(2964K)->2432K(2964K)
[12.331s][info][gc             ] GC(1) Pause Full (System.gc()) 268M->9M(989M) 53.267ms
[12.331s][info][gc,cpu         ] GC(1) User=0.00s Sys=0.05s Real=0.05s
[15.011s][info][gc,start       ] GC(2) Pause Young (Allocation Failure)
[15.011s][info][gc,task        ] GC(2) Using 6 workers of 6 for evacuation
[15.048s][info][gc,heap        ] GC(2) ParNew: 279616K->18960K(314560K)
[15.048s][info][gc,heap        ] GC(2) CMS: 10178K->10178K(699072K)
[15.048s][info][gc,metaspace   ] GC(2) Metaspace: 39910K(41792K)->39910K(41792K) NonClass: 36077K(37292K)->36077K(37292K) Class: 3832K(4500K)->3832K(4500K)
[15.048s][info][gc             ] GC(2) Pause Young (Allocation Failure) 283M->28M(989M) 37.149ms
[15.048s][info][gc,cpu         ] GC(2) User=0.08s Sys=0.00s Real=0.04s
[17.059s][info][gc,start       ] GC(3) Pause Initial Mark
[17.066s][info][gc             ] GC(3) Pause Initial Mark 166M->166M(989M) 6.899ms
[17.066s][info][gc,cpu         ] GC(3) User=0.00s Sys=0.00s Real=0.01s
[17.066s][info][gc             ] GC(3) Concurrent Mark
[17.066s][info][gc,task        ] GC(3) Using 2 workers of 2 for marking
[17.071s][info][gc             ] GC(3) Concurrent Mark 5.450ms
[17.071s][info][gc,cpu         ] GC(3) User=0.05s Sys=0.02s Real=0.01s
[17.071s][info][gc             ] GC(3) Concurrent Preclean
[17.073s][info][gc             ] GC(3) Concurrent Preclean 1.715ms
[17.073s][info][gc,cpu         ] GC(3) User=0.00s Sys=0.00s Real=0.00s
[17.073s][info][gc             ] GC(3) Concurrent Abortable Preclean
[21.378s][info][gc,start       ] GC(4) Pause Young (Allocation Failure)
[21.378s][info][gc,task        ] GC(4) Using 6 workers of 6 for evacuation
[21.392s][info][gc,heap        ] GC(4) ParNew: 298576K->3924K(314560K)
[21.392s][info][gc,heap        ] GC(4) CMS: 10178K->15452K(699072K)
[21.392s][info][gc,metaspace   ] GC(4) Metaspace: 43373K(45848K)->43373K(45848K) NonClass: 39359K(41092K)->39359K(41092K) Class: 4013K(4756K)->4013K(4756K)
[21.392s][info][gc             ] GC(4) Pause Young (Allocation Failure) 301M->18M(989M) 13.930ms
[21.392s][info][gc,cpu         ] GC(4) User=0.06s Sys=0.03s Real=0.01s
[22.075s][info][gc             ] GC(3) Concurrent Abortable Preclean 5002.157ms
[22.075s][info][gc,cpu         ] GC(3) User=6.45s Sys=1.09s Real=5.00s
[22.076s][info][gc,start       ] GC(3) Pause Remark
[22.086s][info][gc             ] GC(3) Pause Remark 53M->53M(989M) 10.424ms
[22.086s][info][gc,cpu         ] GC(3) User=0.02s Sys=0.00s Real=0.02s
[22.086s][info][gc             ] GC(3) Concurrent Sweep
[22.090s][info][gc             ] GC(3) Concurrent Sweep 4.004ms
[22.090s][info][gc,cpu         ] GC(3) User=0.00s Sys=0.00s Real=0.00s
[22.090s][info][gc             ] GC(3) Concurrent Reset
[22.091s][info][gc             ] GC(3) Concurrent Reset 0.984ms
[22.091s][info][gc,cpu         ] GC(3) User=0.00s Sys=0.00s Real=0.00s
[22.091s][info][gc,heap        ] GC(3) Old: 10178K->14949K(699072K)
[32.235s][info][gc,start       ] GC(5) Pause Young (Allocation Failure)
[32.235s][info][gc,task        ] GC(5) Using 6 workers of 6 for evacuation
[32.237s][info][gc,heap        ] GC(5) ParNew: 283540K->2297K(314560K)
[32.237s][info][gc,heap        ] GC(5) CMS: 14949K->14949K(699072K)
[32.237s][info][gc,metaspace   ] GC(5) Metaspace: 43725K(46104K)->43725K(46104K) NonClass: 39710K(41348K)->39710K(41348K) Class: 4015K(4756K)->4015K(4756K)
[32.237s][info][gc             ] GC(5) Pause Young (Allocation Failure) 291M->16M(989M) 2.607ms
[32.237s][info][gc,cpu         ] GC(5) User=0.00s Sys=0.00s Real=0.00s
[43.538s][info][gc,start       ] GC(6) Pause Young (Allocation Failure)
[43.538s][info][gc,task        ] GC(6) Using 6 workers of 6 for evacuation
[43.541s][info][gc,heap        ] GC(6) ParNew: 281913K->2056K(314560K)
[43.541s][info][gc,heap        ] GC(6) CMS: 14949K->14949K(699072K)
[43.541s][info][gc,metaspace   ] GC(6) Metaspace: 43887K(46360K)->43887K(46360K) NonClass: 39871K(41604K)->39871K(41604K) Class: 4016K(4756K)->4016K(4756K)
[43.541s][info][gc             ] GC(6) Pause Young (Allocation Failure) 289M->16M(989M) 3.039ms
[43.541s][info][gc,cpu         ] GC(6) User=0.00s Sys=0.00s Real=0.00s
[54.924s][info][gc,start       ] GC(7) Pause Young (Allocation Failure)
[54.924s][info][gc,task        ] GC(7) Using 6 workers of 6 for evacuation
[54.927s][info][gc,heap        ] GC(7) ParNew: 281672K->2359K(314560K)
[54.927s][info][gc,heap        ] GC(7) CMS: 14949K->14949K(699072K)
[54.927s][info][gc,metaspace   ] GC(7) Metaspace: 44275K(47640K)->44275K(47640K) NonClass: 40258K(42884K)->40258K(42884K) Class: 4016K(4756K)->4016K(4756K)
[54.927s][info][gc             ] GC(7) Pause Young (Allocation Failure) 289M->16M(989M) 3.432ms
[54.927s][info][gc,cpu         ] GC(7) User=0.08s Sys=0.02s Real=0.00s
[66.421s][info][gc,start       ] GC(8) Pause Young (Allocation Failure)
[66.421s][info][gc,task        ] GC(8) Using 6 workers of 6 for evacuation
[66.424s][info][gc,heap        ] GC(8) ParNew: 281975K->2390K(314560K)
[66.424s][info][gc,heap        ] GC(8) CMS: 14949K->14949K(699072K)
[66.424s][info][gc,metaspace   ] GC(8) Metaspace: 44390K(47640K)->44390K(47640K) NonClass: 40373K(42884K)->40373K(42884K) Class: 4016K(4756K)->4016K(4756K)
[66.424s][info][gc             ] GC(8) Pause Young (Allocation Failure) 289M->16M(989M) 3.177ms
[66.424s][info][gc,cpu         ] GC(8) User=0.00s Sys=0.00s Real=0.00s
[77.758s][info][gc,start       ] GC(9) Pause Young (Allocation Failure)
[77.758s][info][gc,task        ] GC(9) Using 6 workers of 6 for evacuation
[77.761s][info][gc,heap        ] GC(9) ParNew: 282006K->2169K(314560K)
[77.761s][info][gc,heap        ] GC(9) CMS: 14949K->14949K(699072K)
[77.761s][info][gc,metaspace   ] GC(9) Metaspace: 44397K(47640K)->44397K(47640K) NonClass: 40381K(42884K)->40381K(42884K) Class: 4016K(4756K)->4016K(4756K)
[77.761s][info][gc             ] GC(9) Pause Young (Allocation Failure) 289M->16M(989M) 3.138ms
[77.761s][info][gc,cpu         ] GC(9) User=0.00s Sys=0.00s Real=0.00s
[89.127s][info][gc,start       ] GC(10) Pause Young (Allocation Failure)
[89.127s][info][gc,task        ] GC(10) Using 6 workers of 6 for evacuation
[89.131s][info][gc,heap        ] GC(10) ParNew: 281785K->1457K(314560K)
[89.131s][info][gc,heap        ] GC(10) CMS: 14949K->16152K(699072K)
[89.131s][info][gc,metaspace   ] GC(10) Metaspace: 44441K(47640K)->44441K(47640K) NonClass: 40424K(42884K)->40424K(42884K) Class: 4016K(4756K)->4016K(4756K)
[89.131s][info][gc             ] GC(10) Pause Young (Allocation Failure) 289M->17M(989M) 3.661ms
[89.131s][info][gc,cpu         ] GC(10) User=0.06s Sys=0.03s Real=0.00s
[100.497s][info][gc,start       ] GC(11) Pause Young (Allocation Failure)
[100.497s][info][gc,task        ] GC(11) Using 6 workers of 6 for evacuation
[100.499s][info][gc,heap        ] GC(11) ParNew: 281073K->591K(314560K)
[100.499s][info][gc,heap        ] GC(11) CMS: 16152K->16191K(699072K)
[100.499s][info][gc,metaspace   ] GC(11) Metaspace: 44461K(47640K)->44461K(47640K) NonClass: 40445K(42884K)->40445K(42884K) Class: 4016K(4756K)->4016K(4756K)
[100.499s][info][gc             ] GC(11) Pause Young (Allocation Failure) 290M->16M(989M) 1.527ms
[100.499s][info][gc,cpu         ] GC(11) User=0.00s Sys=0.00s Real=0.00s
[111.933s][info][gc,start       ] GC(12) Pause Young (Allocation Failure)
[111.933s][info][gc,task        ] GC(12) Using 6 workers of 6 for evacuation
[111.934s][info][gc,heap        ] GC(12) ParNew: 280207K->311K(314560K)
[111.934s][info][gc,heap        ] GC(12) CMS: 16191K->16203K(699072K)
[111.934s][info][gc,metaspace   ] GC(12) Metaspace: 44488K(47640K)->44488K(47640K) NonClass: 40471K(42884K)->40471K(42884K) Class: 4017K(4756K)->4017K(4756K)
[111.934s][info][gc             ] GC(12) Pause Young (Allocation Failure) 289M->16M(989M) 1.292ms
[111.934s][info][gc,cpu         ] GC(12) User=0.00s Sys=0.00s Real=0.00s
[123.312s][info][gc,start       ] GC(13) Pause Young (Allocation Failure)
[123.312s][info][gc,task        ] GC(13) Using 6 workers of 6 for evacuation
[123.314s][info][gc,heap        ] GC(13) ParNew: 279312K->275K(314560K)
[123.314s][info][gc,heap        ] GC(13) CMS: 16203K->16215K(699072K)
[123.314s][info][gc,metaspace   ] GC(13) Metaspace: 44497K(47896K)->44497K(47896K) NonClass: 40479K(43140K)->40479K(43140K) Class: 4017K(4756K)->4017K(4756K)
[123.314s][info][gc             ] GC(13) Pause Young (Allocation Failure) 288M->16M(989M) 1.318ms
[123.314s][info][gc,cpu         ] GC(13) User=0.00s Sys=0.00s Real=0.00s
[134.669s][info][gc,start       ] GC(14) Pause Young (Allocation Failure)
[134.670s][info][gc,task        ] GC(14) Using 6 workers of 6 for evacuation
[134.671s][info][gc,heap        ] GC(14) ParNew: 279891K->297K(314560K)
[134.671s][info][gc,heap        ] GC(14) CMS: 16215K->16218K(699072K)
[134.671s][info][gc,metaspace   ] GC(14) Metaspace: 44505K(47896K)->44505K(47896K) NonClass: 40487K(43140K)->40487K(43140K) Class: 4017K(4756K)->4017K(4756K)
[134.671s][info][gc             ] GC(14) Pause Young (Allocation Failure) 289M->16M(989M) 1.558ms
[134.671s][info][gc,cpu         ] GC(14) User=0.00s Sys=0.00s Real=0.00s
[146.031s][info][gc,start       ] GC(15) Pause Young (Allocation Failure)
[146.031s][info][gc,task        ] GC(15) Using 6 workers of 6 for evacuation
[146.032s][info][gc,heap        ] GC(15) ParNew: 279913K->360K(314560K)
[146.032s][info][gc,heap        ] GC(15) CMS: 16218K->16219K(699072K)
[146.032s][info][gc,metaspace   ] GC(15) Metaspace: 44509K(47896K)->44509K(47896K) NonClass: 40492K(43140K)->40492K(43140K) Class: 4017K(4756K)->4017K(4756K)
[146.032s][info][gc             ] GC(15) Pause Young (Allocation Failure) 289M->16M(989M) 1.407ms
[146.033s][info][gc,cpu         ] GC(15) User=0.00s Sys=0.00s Real=0.00s
[157.384s][info][gc,start       ] GC(16) Pause Young (Allocation Failure)
[157.384s][info][gc,task        ] GC(16) Using 6 workers of 6 for evacuation
[157.385s][info][gc,heap        ] GC(16) ParNew: 279976K->287K(314560K)
[157.385s][info][gc,heap        ] GC(16) CMS: 16219K->16227K(699072K)
[157.385s][info][gc,metaspace   ] GC(16) Metaspace: 44523K(47896K)->44523K(47896K) NonClass: 40505K(43140K)->40505K(43140K) Class: 4017K(4756K)->4017K(4756K)
[157.385s][info][gc             ] GC(16) Pause Young (Allocation Failure) 289M->16M(989M) 1.378ms
[157.385s][info][gc,cpu         ] GC(16) User=0.00s Sys=0.00s Real=0.00s
[168.808s][info][gc,start       ] GC(17) Pause Young (Allocation Failure)
[168.808s][info][gc,task        ] GC(17) Using 6 workers of 6 for evacuation
[168.809s][info][gc,heap        ] GC(17) ParNew: 279903K->297K(314560K)
[168.809s][info][gc,heap        ] GC(17) CMS: 16227K->16228K(699072K)
[168.809s][info][gc,metaspace   ] GC(17) Metaspace: 44524K(47896K)->44524K(47896K) NonClass: 40507K(43140K)->40507K(43140K) Class: 4017K(4756K)->4017K(4756K)
[168.809s][info][gc             ] GC(17) Pause Young (Allocation Failure) 289M->16M(989M) 1.501ms
[168.809s][info][gc,cpu         ] GC(17) User=0.00s Sys=0.00s Real=0.00s
[180.249s][info][gc,start       ] GC(18) Pause Young (Allocation Failure)
[180.249s][info][gc,task        ] GC(18) Using 6 workers of 6 for evacuation
[180.250s][info][gc,heap        ] GC(18) ParNew: 279913K->312K(314560K)
[180.250s][info][gc,heap        ] GC(18) CMS: 16228K->16231K(699072K)
[180.250s][info][gc,metaspace   ] GC(18) Metaspace: 44528K(47896K)->44528K(47896K) NonClass: 40510K(43140K)->40510K(43140K) Class: 4017K(4756K)->4017K(4756K)
[180.250s][info][gc             ] GC(18) Pause Young (Allocation Failure) 289M->16M(989M) 1.347ms
[180.250s][info][gc,cpu         ] GC(18) User=0.00s Sys=0.00s Real=0.00s
[191.724s][info][gc,start       ] GC(19) Pause Young (Allocation Failure)
[191.724s][info][gc,task        ] GC(19) Using 6 workers of 6 for evacuation
[191.725s][info][gc,heap        ] GC(19) ParNew: 279928K->266K(314560K)
[191.725s][info][gc,heap        ] GC(19) CMS: 16231K->16232K(699072K)
[191.725s][info][gc,metaspace   ] GC(19) Metaspace: 44529K(47896K)->44529K(47896K) NonClass: 40512K(43140K)->40512K(43140K) Class: 4017K(4756K)->4017K(4756K)
[191.725s][info][gc             ] GC(19) Pause Young (Allocation Failure) 289M->16M(989M) 1.456ms
[191.725s][info][gc,cpu         ] GC(19) User=0.00s Sys=0.00s Real=0.00s
[203.123s][info][gc,start       ] GC(20) Pause Young (Allocation Failure)
[203.123s][info][gc,task        ] GC(20) Using 6 workers of 6 for evacuation
[203.125s][info][gc,heap        ] GC(20) ParNew: 279882K->265K(314560K)
[203.125s][info][gc,heap        ] GC(20) CMS: 16232K->16236K(699072K)
[203.125s][info][gc,metaspace   ] GC(20) Metaspace: 44535K(47896K)->44535K(47896K) NonClass: 40517K(43140K)->40517K(43140K) Class: 4017K(4756K)->4017K(4756K)
[203.125s][info][gc             ] GC(20) Pause Young (Allocation Failure) 289M->16M(989M) 1.570ms
[203.125s][info][gc,cpu         ] GC(20) User=0.00s Sys=0.00s Real=0.00s
[214.568s][info][gc,start       ] GC(21) Pause Young (Allocation Failure)
[214.568s][info][gc,task        ] GC(21) Using 6 workers of 6 for evacuation
[214.570s][info][gc,heap        ] GC(21) ParNew: 279881K->213K(314560K)
[214.570s][info][gc,heap        ] GC(21) CMS: 16236K->16237K(699072K)
[214.570s][info][gc,metaspace   ] GC(21) Metaspace: 44540K(47896K)->44540K(47896K) NonClass: 40522K(43140K)->40522K(43140K) Class: 4017K(4756K)->4017K(4756K)
[214.570s][info][gc             ] GC(21) Pause Young (Allocation Failure) 289M->16M(989M) 1.438ms
[214.570s][info][gc,cpu         ] GC(21) User=0.00s Sys=0.00s Real=0.00s
[225.999s][info][gc,start       ] GC(22) Pause Young (Allocation Failure)
[225.999s][info][gc,task        ] GC(22) Using 6 workers of 6 for evacuation
[226.000s][info][gc,heap        ] GC(22) ParNew: 279829K->259K(314560K)
[226.000s][info][gc,heap        ] GC(22) CMS: 16237K->16239K(699072K)
[226.000s][info][gc,metaspace   ] GC(22) Metaspace: 44546K(47896K)->44546K(47896K) NonClass: 40528K(43140K)->40528K(43140K) Class: 4017K(4756K)->4017K(4756K)
[226.000s][info][gc             ] GC(22) Pause Young (Allocation Failure) 289M->16M(989M) 1.547ms
[226.000s][info][gc,cpu         ] GC(22) User=0.00s Sys=0.00s Real=0.00s
[237.420s][info][gc,start       ] GC(23) Pause Young (Allocation Failure)
[237.420s][info][gc,task        ] GC(23) Using 6 workers of 6 for evacuation
[237.422s][info][gc,heap        ] GC(23) ParNew: 279875K->250K(314560K)
[237.422s][info][gc,heap        ] GC(23) CMS: 16239K->16240K(699072K)
[237.422s][info][gc,metaspace   ] GC(23) Metaspace: 44546K(47896K)->44546K(47896K) NonClass: 40528K(43140K)->40528K(43140K) Class: 4017K(4756K)->4017K(4756K)
[237.422s][info][gc             ] GC(23) Pause Young (Allocation Failure) 289M->16M(989M) 1.480ms
[237.422s][info][gc,cpu         ] GC(23) User=0.00s Sys=0.00s Real=0.00s
[248.870s][info][gc,start       ] GC(24) Pause Young (Allocation Failure)
[248.870s][info][gc,task        ] GC(24) Using 6 workers of 6 for evacuation
[248.871s][info][gc,heap        ] GC(24) ParNew: 279866K->248K(314560K)
[248.871s][info][gc,heap        ] GC(24) CMS: 16240K->16242K(699072K)
[248.871s][info][gc,metaspace   ] GC(24) Metaspace: 44546K(47896K)->44546K(47896K) NonClass: 40528K(43140K)->40528K(43140K) Class: 4017K(4756K)->4017K(4756K)
[248.871s][info][gc             ] GC(24) Pause Young (Allocation Failure) 289M->16M(989M) 1.327ms
[248.871s][info][gc,cpu         ] GC(24) User=0.00s Sys=0.00s Real=0.00s
[256.196s][info][gc,start       ] GC(25) Pause Full (System.gc())
[256.196s][info][gc,phases,start] GC(25) Phase 1: Mark live objects
[256.240s][info][gc,phases      ] GC(25) Phase 1: Mark live objects 43.671ms
[256.240s][info][gc,phases,start] GC(25) Phase 2: Compute new object addresses
[256.258s][info][gc,phases      ] GC(25) Phase 2: Compute new object addresses 17.743ms
[256.258s][info][gc,phases,start] GC(25) Phase 3: Adjust pointers
[256.275s][info][gc,phases      ] GC(25) Phase 3: Adjust pointers 17.312ms
[256.275s][info][gc,phases,start] GC(25) Phase 4: Move objects
[256.279s][info][gc,phases      ] GC(25) Phase 4: Move objects 4.131ms
[256.280s][info][gc,heap        ] GC(25) ParNew: 173367K->0K(314560K)
[256.280s][info][gc,heap        ] GC(25) CMS: 16242K->14375K(699072K)
[256.280s][info][gc,metaspace   ] GC(25) Metaspace: 44697K(47896K)->44697K(47896K) NonClass: 40665K(43140K)->40665K(43140K) Class: 4031K(4756K)->4031K(4756K)
[256.281s][info][gc             ] GC(25) Pause Full (System.gc()) 185M->14M(989M) 85.210ms
[256.281s][info][gc,cpu         ] GC(25) User=0.11s Sys=0.00s Real=0.09s
[265.773s][info][gc,start       ] GC(26) Pause Young (Allocation Failure)
[265.773s][info][gc,task        ] GC(26) Using 6 workers of 6 for evacuation
[265.775s][info][gc,heap        ] GC(26) ParNew: 279616K->2385K(314560K)
[265.775s][info][gc,heap        ] GC(26) CMS: 14375K->14375K(699072K)
[265.775s][info][gc,metaspace   ] GC(26) Metaspace: 44178K(47896K)->44178K(47896K) NonClass: 40208K(43140K)->40208K(43140K) Class: 3970K(4756K)->3970K(4756K)
[265.776s][info][gc             ] GC(26) Pause Young (Allocation Failure) 287M->16M(989M) 2.321ms
[265.776s][info][gc,cpu         ] GC(26) User=0.00s Sys=0.00s Real=0.00s
[277.164s][info][gc,start       ] GC(27) Pause Young (Allocation Failure)
[277.164s][info][gc,task        ] GC(27) Using 6 workers of 6 for evacuation
[277.166s][info][gc,heap        ] GC(27) ParNew: 282001K->2753K(314560K)
[277.166s][info][gc,heap        ] GC(27) CMS: 14375K->14375K(699072K)
[277.166s][info][gc,metaspace   ] GC(27) Metaspace: 44246K(47896K)->44246K(47896K) NonClass: 40276K(43140K)->40276K(43140K) Class: 3970K(4756K)->3970K(4756K)
[277.166s][info][gc             ] GC(27) Pause Young (Allocation Failure) 289M->16M(989M) 1.851ms
[277.166s][info][gc,cpu         ] GC(27) User=0.00s Sys=0.00s Real=0.00s
[288.604s][info][gc,start       ] GC(28) Pause Young (Allocation Failure)
[288.604s][info][gc,task        ] GC(28) Using 6 workers of 6 for evacuation
[288.606s][info][gc,heap        ] GC(28) ParNew: 282369K->3147K(314560K)
[288.606s][info][gc,heap        ] GC(28) CMS: 14375K->14375K(699072K)
[288.606s][info][gc,metaspace   ] GC(28) Metaspace: 44477K(47896K)->44477K(47896K) NonClass: 40507K(43140K)->40507K(43140K) Class: 3970K(4756K)->3970K(4756K)
[288.606s][info][gc             ] GC(28) Pause Young (Allocation Failure) 289M->17M(989M) 2.226ms
[288.606s][info][gc,cpu         ] GC(28) User=0.00s Sys=0.00s Real=0.00s
[299.991s][info][gc,start       ] GC(29) Pause Young (Allocation Failure)
[299.991s][info][gc,task        ] GC(29) Using 6 workers of 6 for evacuation
[299.993s][info][gc,heap        ] GC(29) ParNew: 282763K->2993K(314560K)
[299.993s][info][gc,heap        ] GC(29) CMS: 14375K->14375K(699072K)
[299.993s][info][gc,metaspace   ] GC(29) Metaspace: 44482K(47896K)->44482K(47896K) NonClass: 40511K(43140K)->40511K(43140K) Class: 3970K(4756K)->3970K(4756K)
[299.993s][info][gc             ] GC(29) Pause Young (Allocation Failure) 290M->16M(989M) 2.369ms
[299.993s][info][gc,cpu         ] GC(29) User=0.00s Sys=0.00s Real=0.00s
[311.367s][info][gc,start       ] GC(30) Pause Young (Allocation Failure)
[311.367s][info][gc,task        ] GC(30) Using 6 workers of 6 for evacuation
[311.369s][info][gc,heap        ] GC(30) ParNew: 282609K->3077K(314560K)
[311.369s][info][gc,heap        ] GC(30) CMS: 14375K->14375K(699072K)
[311.369s][info][gc,metaspace   ] GC(30) Metaspace: 44491K(47896K)->44491K(47896K) NonClass: 40521K(43140K)->40521K(43140K) Class: 3970K(4756K)->3970K(4756K)
[311.369s][info][gc             ] GC(30) Pause Young (Allocation Failure) 290M->17M(989M) 1.956ms
[311.369s][info][gc,cpu         ] GC(30) User=0.00s Sys=0.00s Real=0.00s
[322.775s][info][gc,start       ] GC(31) Pause Young (Allocation Failure)
[322.775s][info][gc,task        ] GC(31) Using 6 workers of 6 for evacuation
[322.777s][info][gc,heap        ] GC(31) ParNew: 282693K->3221K(314560K)
[322.777s][info][gc,heap        ] GC(31) CMS: 14375K->14375K(699072K)
[322.777s][info][gc,metaspace   ] GC(31) Metaspace: 44507K(47896K)->44507K(47896K) NonClass: 40537K(43140K)->40537K(43140K) Class: 3970K(4756K)->3970K(4756K)
[322.777s][info][gc             ] GC(31) Pause Young (Allocation Failure) 290M->17M(989M) 2.034ms
[322.777s][info][gc,cpu         ] GC(31) User=0.00s Sys=0.00s Real=0.00s
[334.152s][info][gc,start       ] GC(32) Pause Young (Allocation Failure)
[334.152s][info][gc,task        ] GC(32) Using 6 workers of 6 for evacuation
[334.156s][info][gc,heap        ] GC(32) ParNew: 282837K->977K(314560K)
[334.156s][info][gc,heap        ] GC(32) CMS: 14375K->16481K(699072K)
[334.156s][info][gc,metaspace   ] GC(32) Metaspace: 44507K(47896K)->44507K(47896K) NonClass: 40537K(43140K)->40537K(43140K) Class: 3970K(4756K)->3970K(4756K)
[334.156s][info][gc             ] GC(32) Pause Young (Allocation Failure) 290M->17M(989M) 4.086ms
[334.156s][info][gc,cpu         ] GC(32) User=0.00s Sys=0.00s Real=0.00s
[345.508s][info][gc,start       ] GC(33) Pause Young (Allocation Failure)
[345.508s][info][gc,task        ] GC(33) Using 6 workers of 6 for evacuation
[345.510s][info][gc,heap        ] GC(33) ParNew: 280593K->374K(314560K)
[345.510s][info][gc,heap        ] GC(33) CMS: 16481K->16486K(699072K)
[345.510s][info][gc,metaspace   ] GC(33) Metaspace: 44507K(47896K)->44507K(47896K) NonClass: 40537K(43140K)->40537K(43140K) Class: 3970K(4756K)->3970K(4756K)
[345.510s][info][gc             ] GC(33) Pause Young (Allocation Failure) 290M->16M(989M) 1.514ms
[345.510s][info][gc,cpu         ] GC(33) User=0.00s Sys=0.00s Real=0.00s
[356.938s][info][gc,start       ] GC(34) Pause Young (Allocation Failure)
[356.939s][info][gc,task        ] GC(34) Using 6 workers of 6 for evacuation
[356.940s][info][gc,heap        ] GC(34) ParNew: 279990K->299K(314560K)
[356.940s][info][gc,heap        ] GC(34) CMS: 16486K->16487K(699072K)
[356.940s][info][gc,metaspace   ] GC(34) Metaspace: 44507K(47896K)->44507K(47896K) NonClass: 40537K(43140K)->40537K(43140K) Class: 3970K(4756K)->3970K(4756K)
[356.940s][info][gc             ] GC(34) Pause Young (Allocation Failure) 289M->16M(989M) 1.221ms
[356.940s][info][gc,cpu         ] GC(34) User=0.00s Sys=0.00s Real=0.00s
[368.279s][info][gc,start       ] GC(35) Pause Young (Allocation Failure)
[368.279s][info][gc,task        ] GC(35) Using 6 workers of 6 for evacuation
[368.280s][info][gc,heap        ] GC(35) ParNew: 279915K->216K(314560K)
[368.280s][info][gc,heap        ] GC(35) CMS: 16487K->16488K(699072K)
[368.280s][info][gc,metaspace   ] GC(35) Metaspace: 44507K(47896K)->44507K(47896K) NonClass: 40537K(43140K)->40537K(43140K) Class: 3970K(4756K)->3970K(4756K)
[368.280s][info][gc             ] GC(35) Pause Young (Allocation Failure) 289M->16M(989M) 1.538ms
[368.280s][info][gc,cpu         ] GC(35) User=0.00s Sys=0.00s Real=0.00s
[379.649s][info][gc,start       ] GC(36) Pause Young (Allocation Failure)
[379.649s][info][gc,task        ] GC(36) Using 6 workers of 6 for evacuation
[379.651s][info][gc,heap        ] GC(36) ParNew: 279832K->263K(314560K)
[379.651s][info][gc,heap        ] GC(36) CMS: 16488K->16489K(699072K)
[379.651s][info][gc,metaspace   ] GC(36) Metaspace: 44507K(47896K)->44507K(47896K) NonClass: 40537K(43140K)->40537K(43140K) Class: 3970K(4756K)->3970K(4756K)
[379.651s][info][gc             ] GC(36) Pause Young (Allocation Failure) 289M->16M(989M) 1.556ms
[379.651s][info][gc,cpu         ] GC(36) User=0.00s Sys=0.00s Real=0.00s
[391.066s][info][gc,start       ] GC(37) Pause Young (Allocation Failure)
[391.066s][info][gc,task        ] GC(37) Using 6 workers of 6 for evacuation
[391.068s][info][gc,heap        ] GC(37) ParNew: 279879K->284K(314560K)
[391.068s][info][gc,heap        ] GC(37) CMS: 16489K->16490K(699072K)
[391.068s][info][gc,metaspace   ] GC(37) Metaspace: 44507K(47896K)->44507K(47896K) NonClass: 40537K(43140K)->40537K(43140K) Class: 3970K(4756K)->3970K(4756K)
[391.068s][info][gc             ] GC(37) Pause Young (Allocation Failure) 289M->16M(989M) 1.767ms
[391.068s][info][gc,cpu         ] GC(37) User=0.09s Sys=0.00s Real=0.00s
[402.440s][info][gc,start       ] GC(38) Pause Young (Allocation Failure)
[402.440s][info][gc,task        ] GC(38) Using 6 workers of 6 for evacuation
[402.442s][info][gc,heap        ] GC(38) ParNew: 279900K->223K(314560K)
[402.442s][info][gc,heap        ] GC(38) CMS: 16490K->16491K(699072K)
[402.442s][info][gc,metaspace   ] GC(38) Metaspace: 44507K(47896K)->44507K(47896K) NonClass: 40537K(43140K)->40537K(43140K) Class: 3970K(4756K)->3970K(4756K)
[402.442s][info][gc             ] GC(38) Pause Young (Allocation Failure) 289M->16M(989M) 1.844ms
[402.442s][info][gc,cpu         ] GC(38) User=0.05s Sys=0.02s Real=0.00s
[413.900s][info][gc,start       ] GC(39) Pause Young (Allocation Failure)
[413.900s][info][gc,task        ] GC(39) Using 6 workers of 6 for evacuation
[413.901s][info][gc,heap        ] GC(39) ParNew: 279839K->278K(314560K)
[413.901s][info][gc,heap        ] GC(39) CMS: 16491K->16492K(699072K)
[413.901s][info][gc,metaspace   ] GC(39) Metaspace: 44507K(47896K)->44507K(47896K) NonClass: 40537K(43140K)->40537K(43140K) Class: 3970K(4756K)->3970K(4756K)
[413.901s][info][gc             ] GC(39) Pause Young (Allocation Failure) 289M->16M(989M) 1.321ms
[413.901s][info][gc,cpu         ] GC(39) User=0.00s Sys=0.00s Real=0.00s
[425.342s][info][gc,start       ] GC(40) Pause Young (Allocation Failure)
[425.342s][info][gc,task        ] GC(40) Using 6 workers of 6 for evacuation
[425.343s][info][gc,heap        ] GC(40) ParNew: 279894K->219K(314560K)
[425.343s][info][gc,heap        ] GC(40) CMS: 16492K->16494K(699072K)
[425.343s][info][gc,metaspace   ] GC(40) Metaspace: 44508K(47896K)->44508K(47896K) NonClass: 40537K(43140K)->40537K(43140K) Class: 3970K(4756K)->3970K(4756K)
[425.343s][info][gc             ] GC(40) Pause Young (Allocation Failure) 289M->16M(989M) 1.677ms
[425.343s][info][gc,cpu         ] GC(40) User=0.00s Sys=0.00s Real=0.00s
[436.793s][info][gc,start       ] GC(41) Pause Young (Allocation Failure)
[436.793s][info][gc,task        ] GC(41) Using 6 workers of 6 for evacuation
[436.795s][info][gc,heap        ] GC(41) ParNew: 279835K->260K(314560K)
[436.795s][info][gc,heap        ] GC(41) CMS: 16494K->16495K(699072K)
[436.795s][info][gc,metaspace   ] GC(41) Metaspace: 44508K(47896K)->44508K(47896K) NonClass: 40537K(43140K)->40537K(43140K) Class: 3970K(4756K)->3970K(4756K)
[436.795s][info][gc             ] GC(41) Pause Young (Allocation Failure) 289M->16M(989M) 1.682ms
[436.795s][info][gc,cpu         ] GC(41) User=0.00s Sys=0.00s Real=0.00s
[448.269s][info][gc,start       ] GC(42) Pause Young (Allocation Failure)
[448.269s][info][gc,task        ] GC(42) Using 6 workers of 6 for evacuation
[448.271s][info][gc,heap        ] GC(42) ParNew: 279876K->310K(314560K)
[448.271s][info][gc,heap        ] GC(42) CMS: 16495K->16496K(699072K)
[448.271s][info][gc,metaspace   ] GC(42) Metaspace: 44509K(47896K)->44509K(47896K) NonClass: 40538K(43140K)->40538K(43140K) Class: 3970K(4756K)->3970K(4756K)
[448.271s][info][gc             ] GC(42) Pause Young (Allocation Failure) 289M->16M(989M) 1.607ms
[448.271s][info][gc,cpu         ] GC(42) User=0.09s Sys=0.00s Real=0.00s
[459.740s][info][gc,start       ] GC(43) Pause Young (Allocation Failure)
[459.740s][info][gc,task        ] GC(43) Using 6 workers of 6 for evacuation
[459.742s][info][gc,heap        ] GC(43) ParNew: 279926K->265K(314560K)
[459.742s][info][gc,heap        ] GC(43) CMS: 16496K->16497K(699072K)
[459.742s][info][gc,metaspace   ] GC(43) Metaspace: 44509K(47896K)->44509K(47896K) NonClass: 40538K(43140K)->40538K(43140K) Class: 3970K(4756K)->3970K(4756K)
[459.742s][info][gc             ] GC(43) Pause Young (Allocation Failure) 289M->16M(989M) 1.719ms
[459.742s][info][gc,cpu         ] GC(43) User=0.00s Sys=0.00s Real=0.00s
[471.203s][info][gc,start       ] GC(44) Pause Young (Allocation Failure)
[471.203s][info][gc,task        ] GC(44) Using 6 workers of 6 for evacuation
[471.205s][info][gc,heap        ] GC(44) ParNew: 279881K->225K(314560K)
[471.205s][info][gc,heap        ] GC(44) CMS: 16497K->16498K(699072K)
[471.205s][info][gc,metaspace   ] GC(44) Metaspace: 44509K(47896K)->44509K(47896K) NonClass: 40538K(43140K)->40538K(43140K) Class: 3970K(4756K)->3970K(4756K)
[471.205s][info][gc             ] GC(44) Pause Young (Allocation Failure) 289M->16M(989M) 1.522ms
[471.205s][info][gc,cpu         ] GC(44) User=0.00s Sys=0.00s Real=0.00s
[482.693s][info][gc,start       ] GC(45) Pause Young (Allocation Failure)
[482.693s][info][gc,task        ] GC(45) Using 6 workers of 6 for evacuation
[482.695s][info][gc,heap        ] GC(45) ParNew: 279841K->271K(314560K)
[482.695s][info][gc,heap        ] GC(45) CMS: 16498K->16499K(699072K)
[482.695s][info][gc,metaspace   ] GC(45) Metaspace: 44509K(47896K)->44509K(47896K) NonClass: 40538K(43140K)->40538K(43140K) Class: 3970K(4756K)->3970K(4756K)
[482.695s][info][gc             ] GC(45) Pause Young (Allocation Failure) 289M->16M(989M) 1.644ms
[482.695s][info][gc,cpu         ] GC(45) User=0.00s Sys=0.00s Real=0.00s
[494.149s][info][gc,start       ] GC(46) Pause Young (Allocation Failure)
[494.149s][info][gc,task        ] GC(46) Using 6 workers of 6 for evacuation
[494.151s][info][gc,heap        ] GC(46) ParNew: 279887K->250K(314560K)
[494.151s][info][gc,heap        ] GC(46) CMS: 16499K->16500K(699072K)
[494.151s][info][gc,metaspace   ] GC(46) Metaspace: 44509K(47896K)->44509K(47896K) NonClass: 40538K(43140K)->40538K(43140K) Class: 3970K(4756K)->3970K(4756K)
[494.151s][info][gc             ] GC(46) Pause Young (Allocation Failure) 289M->16M(989M) 1.644ms
[494.151s][info][gc,cpu         ] GC(46) User=0.00s Sys=0.00s Real=0.00s
[495.245s][info][gc,start       ] GC(47) Pause Full (System.gc())
[495.246s][info][gc,phases,start] GC(47) Phase 1: Mark live objects
[495.284s][info][gc,phases      ] GC(47) Phase 1: Mark live objects 38.725ms
[495.284s][info][gc,phases,start] GC(47) Phase 2: Compute new object addresses
[495.290s][info][gc,phases      ] GC(47) Phase 2: Compute new object addresses 6.007ms
[495.290s][info][gc,phases,start] GC(47) Phase 3: Adjust pointers
[495.306s][info][gc,phases      ] GC(47) Phase 3: Adjust pointers 15.913ms
[495.306s][info][gc,phases,start] GC(47) Phase 4: Move objects
[495.310s][info][gc,phases      ] GC(47) Phase 4: Move objects 3.579ms
[495.311s][info][gc,heap        ] GC(47) ParNew: 20963K->0K(314560K)
[495.311s][info][gc,heap        ] GC(47) CMS: 16500K->14224K(699072K)
[495.311s][info][gc,metaspace   ] GC(47) Metaspace: 44534K(47896K)->44534K(47896K) NonClass: 40562K(43140K)->40562K(43140K) Class: 3971K(4756K)->3971K(4756K)
[495.311s][info][gc             ] GC(47) Pause Full (System.gc()) 36M->13M(989M) 66.162ms
[495.311s][info][gc,cpu         ] GC(47) User=0.08s Sys=0.00s Real=0.08s
[504.766s][info][gc,start       ] GC(48) Pause Young (Allocation Failure)
[504.766s][info][gc,task        ] GC(48) Using 6 workers of 6 for evacuation
[504.769s][info][gc,heap        ] GC(48) ParNew: 279616K->2384K(314560K)
[504.769s][info][gc,heap        ] GC(48) CMS: 14224K->14224K(699072K)
[504.769s][info][gc,metaspace   ] GC(48) Metaspace: 44293K(47896K)->44293K(47896K) NonClass: 40320K(43140K)->40320K(43140K) Class: 3973K(4756K)->3973K(4756K)
[504.769s][info][gc             ] GC(48) Pause Young (Allocation Failure) 286M->16M(989M) 2.868ms
[504.769s][info][gc,cpu         ] GC(48) User=0.00s Sys=0.00s Real=0.00s
[516.205s][info][gc,start       ] GC(49) Pause Young (Allocation Failure)
[516.205s][info][gc,task        ] GC(49) Using 6 workers of 6 for evacuation
[516.207s][info][gc,heap        ] GC(49) ParNew: 282000K->2851K(314560K)
[516.207s][info][gc,heap        ] GC(49) CMS: 14224K->14224K(699072K)
[516.207s][info][gc,metaspace   ] GC(49) Metaspace: 44334K(47896K)->44334K(47896K) NonClass: 40360K(43140K)->40360K(43140K) Class: 3973K(4756K)->3973K(4756K)
[516.208s][info][gc             ] GC(49) Pause Young (Allocation Failure) 289M->16M(989M) 2.223ms
[516.208s][info][gc,cpu         ] GC(49) User=0.08s Sys=0.00s Real=0.00s
[527.640s][info][gc,start       ] GC(50) Pause Young (Allocation Failure)
[527.640s][info][gc,task        ] GC(50) Using 6 workers of 6 for evacuation
[527.642s][info][gc,heap        ] GC(50) ParNew: 282467K->2914K(314560K)
[527.642s][info][gc,heap        ] GC(50) CMS: 14224K->14224K(699072K)
[527.642s][info][gc,metaspace   ] GC(50) Metaspace: 44574K(47896K)->44574K(47896K) NonClass: 40601K(43140K)->40601K(43140K) Class: 3973K(4756K)->3973K(4756K)
[527.642s][info][gc             ] GC(50) Pause Young (Allocation Failure) 289M->16M(989M) 2.316ms
[527.642s][info][gc,cpu         ] GC(50) User=0.00s Sys=0.00s Real=0.00s
[539.086s][info][gc,start       ] GC(51) Pause Young (Allocation Failure)
[539.086s][info][gc,task        ] GC(51) Using 6 workers of 6 for evacuation
[539.088s][info][gc,heap        ] GC(51) ParNew: 282530K->2688K(314560K)
[539.088s][info][gc,heap        ] GC(51) CMS: 14224K->14224K(699072K)
[539.088s][info][gc,metaspace   ] GC(51) Metaspace: 44578K(47896K)->44578K(47896K) NonClass: 40604K(43140K)->40604K(43140K) Class: 3973K(4756K)->3973K(4756K)
[539.088s][info][gc             ] GC(51) Pause Young (Allocation Failure) 289M->16M(989M) 2.174ms
[539.088s][info][gc,cpu         ] GC(51) User=0.00s Sys=0.00s Real=0.00s
[550.551s][info][gc,start       ] GC(52) Pause Young (Allocation Failure)
[550.551s][info][gc,task        ] GC(52) Using 6 workers of 6 for evacuation
[550.553s][info][gc,heap        ] GC(52) ParNew: 282304K->2962K(314560K)
[550.553s][info][gc,heap        ] GC(52) CMS: 14224K->14224K(699072K)
[550.553s][info][gc,metaspace   ] GC(52) Metaspace: 44605K(47896K)->44605K(47896K) NonClass: 40631K(43140K)->40631K(43140K) Class: 3973K(4756K)->3973K(4756K)
[550.553s][info][gc             ] GC(52) Pause Young (Allocation Failure) 289M->16M(989M) 2.357ms
[550.553s][info][gc,cpu         ] GC(52) User=0.00s Sys=0.00s Real=0.00s
[562.018s][info][gc,start       ] GC(53) Pause Young (Allocation Failure)
[562.018s][info][gc,task        ] GC(53) Using 6 workers of 6 for evacuation
[562.020s][info][gc,heap        ] GC(53) ParNew: 282578K->2712K(314560K)
[562.020s][info][gc,heap        ] GC(53) CMS: 14224K->14224K(699072K)
[562.020s][info][gc,metaspace   ] GC(53) Metaspace: 44605K(47896K)->44605K(47896K) NonClass: 40631K(43140K)->40631K(43140K) Class: 3973K(4756K)->3973K(4756K)
[562.020s][info][gc             ] GC(53) Pause Young (Allocation Failure) 289M->16M(989M) 2.266ms
[562.020s][info][gc,cpu         ] GC(53) User=0.02s Sys=0.02s Real=0.00s
[573.420s][info][gc,start       ] GC(54) Pause Young (Allocation Failure)
[573.421s][info][gc,task        ] GC(54) Using 6 workers of 6 for evacuation
[573.424s][info][gc,heap        ] GC(54) ParNew: 282328K->1553K(314560K)
[573.424s][info][gc,heap        ] GC(54) CMS: 14224K->16312K(699072K)
[573.424s][info][gc,metaspace   ] GC(54) Metaspace: 44605K(47896K)->44605K(47896K) NonClass: 40631K(43140K)->40631K(43140K) Class: 3973K(4756K)->3973K(4756K)
[573.424s][info][gc             ] GC(54) Pause Young (Allocation Failure) 289M->17M(989M) 3.605ms
[573.424s][info][gc,cpu         ] GC(54) User=0.00s Sys=0.00s Real=0.00s
[584.833s][info][gc,start       ] GC(55) Pause Young (Allocation Failure)
[584.833s][info][gc,task        ] GC(55) Using 6 workers of 6 for evacuation
[584.834s][info][gc,heap        ] GC(55) ParNew: 281169K->388K(314560K)
[584.834s][info][gc,heap        ] GC(55) CMS: 16312K->16333K(699072K)
[584.834s][info][gc,metaspace   ] GC(55) Metaspace: 44605K(47896K)->44605K(47896K) NonClass: 40631K(43140K)->40631K(43140K) Class: 3973K(4756K)->3973K(4756K)
[584.834s][info][gc             ] GC(55) Pause Young (Allocation Failure) 290M->16M(989M) 1.697ms
[584.834s][info][gc,cpu         ] GC(55) User=0.00s Sys=0.00s Real=0.00s
[596.309s][info][gc,start       ] GC(56) Pause Young (Allocation Failure)
[596.309s][info][gc,task        ] GC(56) Using 6 workers of 6 for evacuation
[596.311s][info][gc,heap        ] GC(56) ParNew: 280004K->293K(314560K)
[596.311s][info][gc,heap        ] GC(56) CMS: 16333K->16334K(699072K)
[596.311s][info][gc,metaspace   ] GC(56) Metaspace: 44605K(47896K)->44605K(47896K) NonClass: 40631K(43140K)->40631K(43140K) Class: 3973K(4756K)->3973K(4756K)
[596.311s][info][gc             ] GC(56) Pause Young (Allocation Failure) 289M->16M(989M) 2.022ms
[596.311s][info][gc,cpu         ] GC(56) User=0.00s Sys=0.00s Real=0.00s
[607.692s][info][gc,start       ] GC(57) Pause Young (Allocation Failure)
[607.692s][info][gc,task        ] GC(57) Using 6 workers of 6 for evacuation
[607.693s][info][gc,heap        ] GC(57) ParNew: 279909K->240K(314560K)
[607.693s][info][gc,heap        ] GC(57) CMS: 16334K->16335K(699072K)
[607.693s][info][gc,metaspace   ] GC(57) Metaspace: 44605K(47896K)->44605K(47896K) NonClass: 40631K(43140K)->40631K(43140K) Class: 3973K(4756K)->3973K(4756K)
[607.693s][info][gc             ] GC(57) Pause Young (Allocation Failure) 289M->16M(989M) 1.719ms
[607.693s][info][gc,cpu         ] GC(57) User=0.00s Sys=0.00s Real=0.00s
[619.103s][info][gc,start       ] GC(58) Pause Young (Allocation Failure)
[619.103s][info][gc,task        ] GC(58) Using 6 workers of 6 for evacuation
[619.105s][info][gc,heap        ] GC(58) ParNew: 279856K->234K(314560K)
[619.105s][info][gc,heap        ] GC(58) CMS: 16335K->16336K(699072K)
[619.105s][info][gc,metaspace   ] GC(58) Metaspace: 44605K(47896K)->44605K(47896K) NonClass: 40631K(43140K)->40631K(43140K) Class: 3973K(4756K)->3973K(4756K)
[619.105s][info][gc             ] GC(58) Pause Young (Allocation Failure) 289M->16M(989M) 1.624ms
[619.105s][info][gc,cpu         ] GC(58) User=0.00s Sys=0.00s Real=0.00s
[630.514s][info][gc,start       ] GC(59) Pause Young (Allocation Failure)
[630.514s][info][gc,task        ] GC(59) Using 6 workers of 6 for evacuation
[630.516s][info][gc,heap        ] GC(59) ParNew: 279850K->226K(314560K)
[630.516s][info][gc,heap        ] GC(59) CMS: 16336K->16337K(699072K)
[630.516s][info][gc,metaspace   ] GC(59) Metaspace: 44605K(47896K)->44605K(47896K) NonClass: 40631K(43140K)->40631K(43140K) Class: 3973K(4756K)->3973K(4756K)
[630.516s][info][gc             ] GC(59) Pause Young (Allocation Failure) 289M->16M(989M) 1.818ms
[630.516s][info][gc,cpu         ] GC(59) User=0.00s Sys=0.00s Real=0.00s
[641.931s][info][gc,start       ] GC(60) Pause Young (Allocation Failure)
[641.931s][info][gc,task        ] GC(60) Using 6 workers of 6 for evacuation
[641.932s][info][gc,heap        ] GC(60) ParNew: 279842K->244K(314560K)
[641.932s][info][gc,heap        ] GC(60) CMS: 16337K->16338K(699072K)
[641.932s][info][gc,metaspace   ] GC(60) Metaspace: 44605K(47896K)->44605K(47896K) NonClass: 40631K(43140K)->40631K(43140K) Class: 3973K(4756K)->3973K(4756K)
[641.932s][info][gc             ] GC(60) Pause Young (Allocation Failure) 289M->16M(989M) 1.425ms
[641.932s][info][gc,cpu         ] GC(60) User=0.00s Sys=0.00s Real=0.00s
[653.384s][info][gc,start       ] GC(61) Pause Young (Allocation Failure)
[653.385s][info][gc,task        ] GC(61) Using 6 workers of 6 for evacuation
[653.386s][info][gc,heap        ] GC(61) ParNew: 279860K->241K(314560K)
[653.386s][info][gc,heap        ] GC(61) CMS: 16338K->16339K(699072K)
[653.386s][info][gc,metaspace   ] GC(61) Metaspace: 44606K(47896K)->44606K(47896K) NonClass: 40632K(43140K)->40632K(43140K) Class: 3973K(4756K)->3973K(4756K)
[653.386s][info][gc             ] GC(61) Pause Young (Allocation Failure) 289M->16M(989M) 1.381ms
[653.386s][info][gc,cpu         ] GC(61) User=0.00s Sys=0.00s Real=0.00s
[664.748s][info][gc,start       ] GC(62) Pause Young (Allocation Failure)
[664.748s][info][gc,task        ] GC(62) Using 6 workers of 6 for evacuation
[664.749s][info][gc,heap        ] GC(62) ParNew: 279857K->318K(314560K)
[664.749s][info][gc,heap        ] GC(62) CMS: 16339K->16340K(699072K)
[664.749s][info][gc,metaspace   ] GC(62) Metaspace: 44607K(47896K)->44607K(47896K) NonClass: 40633K(43140K)->40633K(43140K) Class: 3973K(4756K)->3973K(4756K)
[664.749s][info][gc             ] GC(62) Pause Young (Allocation Failure) 289M->16M(989M) 1.398ms
[664.749s][info][gc,cpu         ] GC(62) User=0.00s Sys=0.00s Real=0.00s
[676.234s][info][gc,start       ] GC(63) Pause Young (Allocation Failure)
[676.234s][info][gc,task        ] GC(63) Using 6 workers of 6 for evacuation
[676.236s][info][gc,heap        ] GC(63) ParNew: 279934K->292K(314560K)
[676.236s][info][gc,heap        ] GC(63) CMS: 16340K->16341K(699072K)
[676.236s][info][gc,metaspace   ] GC(63) Metaspace: 44607K(47896K)->44607K(47896K) NonClass: 40633K(43140K)->40633K(43140K) Class: 3973K(4756K)->3973K(4756K)
[676.236s][info][gc             ] GC(63) Pause Young (Allocation Failure) 289M->16M(989M) 1.519ms
[676.236s][info][gc,cpu         ] GC(63) User=0.00s Sys=0.00s Real=0.00s
[687.861s][info][gc,start       ] GC(64) Pause Young (Allocation Failure)
[687.861s][info][gc,task        ] GC(64) Using 6 workers of 6 for evacuation
[687.862s][info][gc,heap        ] GC(64) ParNew: 279908K->289K(314560K)
[687.862s][info][gc,heap        ] GC(64) CMS: 16341K->16341K(699072K)
[687.862s][info][gc,metaspace   ] GC(64) Metaspace: 44607K(47896K)->44607K(47896K) NonClass: 40633K(43140K)->40633K(43140K) Class: 3973K(4756K)->3973K(4756K)
[687.862s][info][gc             ] GC(64) Pause Young (Allocation Failure) 289M->16M(989M) 1.571ms
[687.862s][info][gc,cpu         ] GC(64) User=0.00s Sys=0.00s Real=0.00s
[699.468s][info][gc,start       ] GC(65) Pause Young (Allocation Failure)
[699.468s][info][gc,task        ] GC(65) Using 6 workers of 6 for evacuation
[699.470s][info][gc,heap        ] GC(65) ParNew: 279905K->282K(314560K)
[699.470s][info][gc,heap        ] GC(65) CMS: 16341K->16344K(699072K)
[699.470s][info][gc,metaspace   ] GC(65) Metaspace: 44607K(47896K)->44607K(47896K) NonClass: 40633K(43140K)->40633K(43140K) Class: 3973K(4756K)->3973K(4756K)
[699.470s][info][gc             ] GC(65) Pause Young (Allocation Failure) 289M->16M(989M) 1.418ms
[699.470s][info][gc,cpu         ] GC(65) User=0.00s Sys=0.00s Real=0.00s
[711.088s][info][gc,start       ] GC(66) Pause Young (Allocation Failure)
[711.088s][info][gc,task        ] GC(66) Using 6 workers of 6 for evacuation
[711.090s][info][gc,heap        ] GC(66) ParNew: 279898K->258K(314560K)
[711.090s][info][gc,heap        ] GC(66) CMS: 16344K->16345K(699072K)
[711.090s][info][gc,metaspace   ] GC(66) Metaspace: 44607K(47896K)->44607K(47896K) NonClass: 40633K(43140K)->40633K(43140K) Class: 3973K(4756K)->3973K(4756K)
[711.090s][info][gc             ] GC(66) Pause Young (Allocation Failure) 289M->16M(989M) 2.028ms
[711.090s][info][gc,cpu         ] GC(66) User=0.00s Sys=0.00s Real=0.00s
[722.688s][info][gc,start       ] GC(67) Pause Young (Allocation Failure)
[722.688s][info][gc,task        ] GC(67) Using 6 workers of 6 for evacuation
[722.689s][info][gc,heap        ] GC(67) ParNew: 279874K->282K(314560K)
[722.689s][info][gc,heap        ] GC(67) CMS: 16345K->16346K(699072K)
[722.689s][info][gc,metaspace   ] GC(67) Metaspace: 44607K(47896K)->44607K(47896K) NonClass: 40633K(43140K)->40633K(43140K) Class: 3973K(4756K)->3973K(4756K)
[722.689s][info][gc             ] GC(67) Pause Young (Allocation Failure) 289M->16M(989M) 1.463ms
[722.689s][info][gc,cpu         ] GC(67) User=0.00s Sys=0.00s Real=0.00s
[734.315s][info][gc,start       ] GC(68) Pause Young (Allocation Failure)
[734.315s][info][gc,task        ] GC(68) Using 6 workers of 6 for evacuation
[734.316s][info][gc,heap        ] GC(68) ParNew: 279898K->244K(314560K)
[734.316s][info][gc,heap        ] GC(68) CMS: 16346K->16347K(699072K)
[734.316s][info][gc,metaspace   ] GC(68) Metaspace: 44607K(47896K)->44607K(47896K) NonClass: 40633K(43140K)->40633K(43140K) Class: 3973K(4756K)->3973K(4756K)
[734.316s][info][gc             ] GC(68) Pause Young (Allocation Failure) 289M->16M(989M) 1.221ms
[734.316s][info][gc,cpu         ] GC(68) User=0.00s Sys=0.00s Real=0.00s
[735.414s][info][gc,start       ] GC(69) Pause Full (System.gc())
[735.415s][info][gc,phases,start] GC(69) Phase 1: Mark live objects
[735.455s][info][gc,phases      ] GC(69) Phase 1: Mark live objects 40.201ms
[735.455s][info][gc,phases,start] GC(69) Phase 2: Compute new object addresses
[735.461s][info][gc,phases      ] GC(69) Phase 2: Compute new object addresses 6.159ms
[735.461s][info][gc,phases,start] GC(69) Phase 3: Adjust pointers
[735.477s][info][gc,phases      ] GC(69) Phase 3: Adjust pointers 15.808ms
[735.477s][info][gc,phases,start] GC(69) Phase 4: Move objects
[735.480s][info][gc,phases      ] GC(69) Phase 4: Move objects 3.344ms
[735.482s][info][gc,heap        ] GC(69) ParNew: 21824K->0K(314560K)
[735.482s][info][gc,heap        ] GC(69) CMS: 16347K->14234K(699072K)
[735.482s][info][gc,metaspace   ] GC(69) Metaspace: 44618K(47896K)->44618K(47896K) NonClass: 40644K(43140K)->40644K(43140K) Class: 3974K(4756K)->3974K(4756K)
[735.483s][info][gc             ] GC(69) Pause Full (System.gc()) 37M->13M(989M) 69.447ms
[735.483s][info][gc,cpu         ] GC(69) User=0.06s Sys=0.02s Real=0.07s
[745.189s][info][gc,start       ] GC(70) Pause Young (Allocation Failure)
[745.190s][info][gc,task        ] GC(70) Using 6 workers of 6 for evacuation
[745.193s][info][gc,heap        ] GC(70) ParNew: 279616K->2421K(314560K)
[745.193s][info][gc,heap        ] GC(70) CMS: 14234K->14234K(699072K)
[745.193s][info][gc,metaspace   ] GC(70) Metaspace: 44430K(47896K)->44430K(47896K) NonClass: 40446K(43140K)->40446K(43140K) Class: 3984K(4756K)->3984K(4756K)
[745.193s][info][gc             ] GC(70) Pause Young (Allocation Failure) 286M->16M(989M) 3.393ms
[745.193s][info][gc,cpu         ] GC(70) User=0.06s Sys=0.03s Real=0.00s
[756.757s][info][gc,start       ] GC(71) Pause Young (Allocation Failure)
[756.757s][info][gc,task        ] GC(71) Using 6 workers of 6 for evacuation
[756.759s][info][gc,heap        ] GC(71) ParNew: 282031K->2768K(314560K)
[756.759s][info][gc,heap        ] GC(71) CMS: 14234K->14234K(699072K)
[756.759s][info][gc,metaspace   ] GC(71) Metaspace: 44486K(47896K)->44486K(47896K) NonClass: 40501K(43140K)->40501K(43140K) Class: 3984K(4756K)->3984K(4756K)
[756.759s][info][gc             ] GC(71) Pause Young (Allocation Failure) 289M->16M(989M) 2.519ms
[756.759s][info][gc,cpu         ] GC(71) User=0.00s Sys=0.00s Real=0.00s
[768.301s][info][gc,start       ] GC(72) Pause Young (Allocation Failure)
[768.302s][info][gc,task        ] GC(72) Using 6 workers of 6 for evacuation
[768.304s][info][gc,heap        ] GC(72) ParNew: 282384K->2981K(314560K)
[768.304s][info][gc,heap        ] GC(72) CMS: 14234K->14234K(699072K)
[768.304s][info][gc,metaspace   ] GC(72) Metaspace: 44730K(47896K)->44730K(47896K) NonClass: 40745K(43140K)->40745K(43140K) Class: 3984K(4756K)->3984K(4756K)
[768.304s][info][gc             ] GC(72) Pause Young (Allocation Failure) 289M->16M(989M) 2.384ms
[768.304s][info][gc,cpu         ] GC(72) User=0.00s Sys=0.00s Real=0.00s
[779.822s][info][gc,start       ] GC(73) Pause Young (Allocation Failure)
[779.822s][info][gc,task        ] GC(73) Using 6 workers of 6 for evacuation
[779.825s][info][gc,heap        ] GC(73) ParNew: 282597K->2977K(314560K)
[779.825s][info][gc,heap        ] GC(73) CMS: 14234K->14234K(699072K)
[779.825s][info][gc,metaspace   ] GC(73) Metaspace: 44733K(47896K)->44733K(47896K) NonClass: 40748K(43140K)->40748K(43140K) Class: 3984K(4756K)->3984K(4756K)
[779.825s][info][gc             ] GC(73) Pause Young (Allocation Failure) 289M->16M(989M) 2.794ms
[779.825s][info][gc,cpu         ] GC(73) User=0.00s Sys=0.00s Real=0.00s
[791.421s][info][gc,start       ] GC(74) Pause Young (Allocation Failure)
[791.421s][info][gc,task        ] GC(74) Using 6 workers of 6 for evacuation
[791.424s][info][gc,heap        ] GC(74) ParNew: 282593K->3244K(314560K)
[791.424s][info][gc,heap        ] GC(74) CMS: 14234K->14234K(699072K)
[791.424s][info][gc,metaspace   ] GC(74) Metaspace: 44753K(47896K)->44753K(47896K) NonClass: 40768K(43140K)->40768K(43140K) Class: 3984K(4756K)->3984K(4756K)
[791.424s][info][gc             ] GC(74) Pause Young (Allocation Failure) 289M->17M(989M) 2.783ms
[791.424s][info][gc,cpu         ] GC(74) User=0.00s Sys=0.00s Real=0.00s
[803.016s][info][gc,start       ] GC(75) Pause Young (Allocation Failure)
[803.016s][info][gc,task        ] GC(75) Using 6 workers of 6 for evacuation
[803.018s][info][gc,heap        ] GC(75) ParNew: 282860K->3292K(314560K)
[803.018s][info][gc,heap        ] GC(75) CMS: 14234K->14234K(699072K)
[803.018s][info][gc,metaspace   ] GC(75) Metaspace: 44754K(47896K)->44754K(47896K) NonClass: 40769K(43140K)->40769K(43140K) Class: 3984K(4756K)->3984K(4756K)
[803.018s][info][gc             ] GC(75) Pause Young (Allocation Failure) 290M->17M(989M) 2.753ms
[803.018s][info][gc,cpu         ] GC(75) User=0.00s Sys=0.00s Real=0.00s
[814.555s][info][gc,start       ] GC(76) Pause Young (Allocation Failure)
[814.555s][info][gc,task        ] GC(76) Using 6 workers of 6 for evacuation
[814.560s][info][gc,heap        ] GC(76) ParNew: 282908K->1620K(314560K)
[814.560s][info][gc,heap        ] GC(76) CMS: 14234K->16352K(699072K)
[814.560s][info][gc,metaspace   ] GC(76) Metaspace: 44754K(47896K)->44754K(47896K) NonClass: 40769K(43140K)->40769K(43140K) Class: 3984K(4756K)->3984K(4756K)
[814.560s][info][gc             ] GC(76) Pause Young (Allocation Failure) 290M->17M(989M) 5.412ms
[814.560s][info][gc,cpu         ] GC(76) User=0.00s Sys=0.00s Real=0.00s
[826.116s][info][gc,start       ] GC(77) Pause Young (Allocation Failure)
[826.116s][info][gc,task        ] GC(77) Using 6 workers of 6 for evacuation
[826.118s][info][gc,heap        ] GC(77) ParNew: 281236K->446K(314560K)
[826.118s][info][gc,heap        ] GC(77) CMS: 16352K->16359K(699072K)
[826.118s][info][gc,metaspace   ] GC(77) Metaspace: 44754K(47896K)->44754K(47896K) NonClass: 40769K(43140K)->40769K(43140K) Class: 3984K(4756K)->3984K(4756K)
[826.118s][info][gc             ] GC(77) Pause Young (Allocation Failure) 290M->16M(989M) 1.678ms
[826.118s][info][gc,cpu         ] GC(77) User=0.00s Sys=0.00s Real=0.00s
[837.744s][info][gc,start       ] GC(78) Pause Young (Allocation Failure)
[837.744s][info][gc,task        ] GC(78) Using 6 workers of 6 for evacuation
[837.746s][info][gc,heap        ] GC(78) ParNew: 280062K->371K(314560K)
[837.746s][info][gc,heap        ] GC(78) CMS: 16359K->16360K(699072K)
[837.746s][info][gc,metaspace   ] GC(78) Metaspace: 44754K(47896K)->44754K(47896K) NonClass: 40769K(43140K)->40769K(43140K) Class: 3984K(4756K)->3984K(4756K)
[837.746s][info][gc             ] GC(78) Pause Young (Allocation Failure) 289M->16M(989M) 1.809ms
[837.746s][info][gc,cpu         ] GC(78) User=0.00s Sys=0.00s Real=0.00s
[849.283s][info][gc,start       ] GC(79) Pause Young (Allocation Failure)
[849.283s][info][gc,task        ] GC(79) Using 6 workers of 6 for evacuation
[849.285s][info][gc,heap        ] GC(79) ParNew: 279987K->289K(314560K)
[849.285s][info][gc,heap        ] GC(79) CMS: 16360K->16361K(699072K)
[849.285s][info][gc,metaspace   ] GC(79) Metaspace: 44754K(47896K)->44754K(47896K) NonClass: 40769K(43140K)->40769K(43140K) Class: 3984K(4756K)->3984K(4756K)
[849.285s][info][gc             ] GC(79) Pause Young (Allocation Failure) 289M->16M(989M) 1.839ms
[849.285s][info][gc,cpu         ] GC(79) User=0.00s Sys=0.00s Real=0.00s
[860.821s][info][gc,start       ] GC(80) Pause Young (Allocation Failure)
[860.821s][info][gc,task        ] GC(80) Using 6 workers of 6 for evacuation
[860.822s][info][gc,heap        ] GC(80) ParNew: 279905K->221K(314560K)
[860.822s][info][gc,heap        ] GC(80) CMS: 16361K->16362K(699072K)
[860.822s][info][gc,metaspace   ] GC(80) Metaspace: 44754K(47896K)->44754K(47896K) NonClass: 40769K(43140K)->40769K(43140K) Class: 3984K(4756K)->3984K(4756K)
[860.822s][info][gc             ] GC(80) Pause Young (Allocation Failure) 289M->16M(989M) 1.691ms
[860.822s][info][gc,cpu         ] GC(80) User=0.00s Sys=0.00s Real=0.00s
[872.381s][info][gc,start       ] GC(81) Pause Young (Allocation Failure)
[872.381s][info][gc,task        ] GC(81) Using 6 workers of 6 for evacuation
[872.382s][info][gc,heap        ] GC(81) ParNew: 279837K->265K(314560K)
[872.382s][info][gc,heap        ] GC(81) CMS: 16362K->16363K(699072K)
[872.382s][info][gc,metaspace   ] GC(81) Metaspace: 44754K(47896K)->44754K(47896K) NonClass: 40769K(43140K)->40769K(43140K) Class: 3984K(4756K)->3984K(4756K)
[872.382s][info][gc             ] GC(81) Pause Young (Allocation Failure) 289M->16M(989M) 1.701ms
[872.383s][info][gc,cpu         ] GC(81) User=0.00s Sys=0.00s Real=0.00s
[883.939s][info][gc,start       ] GC(82) Pause Young (Allocation Failure)
[883.939s][info][gc,task        ] GC(82) Using 6 workers of 6 for evacuation
[883.940s][info][gc,heap        ] GC(82) ParNew: 279881K->315K(314560K)
[883.940s][info][gc,heap        ] GC(82) CMS: 16363K->16364K(699072K)
[883.940s][info][gc,metaspace   ] GC(82) Metaspace: 44754K(47896K)->44754K(47896K) NonClass: 40769K(43140K)->40769K(43140K) Class: 3984K(4756K)->3984K(4756K)
[883.940s][info][gc             ] GC(82) Pause Young (Allocation Failure) 289M->16M(989M) 1.717ms
[883.940s][info][gc,cpu         ] GC(82) User=0.00s Sys=0.00s Real=0.00s
[895.509s][info][gc,start       ] GC(83) Pause Young (Allocation Failure)
[895.509s][info][gc,task        ] GC(83) Using 6 workers of 6 for evacuation
[895.511s][info][gc,heap        ] GC(83) ParNew: 279931K->271K(314560K)
[895.511s][info][gc,heap        ] GC(83) CMS: 16364K->16365K(699072K)
[895.511s][info][gc,metaspace   ] GC(83) Metaspace: 44754K(47896K)->44754K(47896K) NonClass: 40769K(43140K)->40769K(43140K) Class: 3984K(4756K)->3984K(4756K)
[895.511s][info][gc             ] GC(83) Pause Young (Allocation Failure) 289M->16M(989M) 1.617ms
[895.511s][info][gc,cpu         ] GC(83) User=0.00s Sys=0.00s Real=0.00s
[907.110s][info][gc,start       ] GC(84) Pause Young (Allocation Failure)
[907.110s][info][gc,task        ] GC(84) Using 6 workers of 6 for evacuation
[907.112s][info][gc,heap        ] GC(84) ParNew: 279887K->293K(314560K)
[907.112s][info][gc,heap        ] GC(84) CMS: 16365K->16366K(699072K)
[907.112s][info][gc,metaspace   ] GC(84) Metaspace: 44754K(47896K)->44754K(47896K) NonClass: 40769K(43140K)->40769K(43140K) Class: 3985K(4756K)->3985K(4756K)
[907.112s][info][gc             ] GC(84) Pause Young (Allocation Failure) 289M->16M(989M) 1.778ms
[907.112s][info][gc,cpu         ] GC(84) User=0.00s Sys=0.00s Real=0.00s
[918.713s][info][gc,start       ] GC(85) Pause Young (Allocation Failure)
[918.713s][info][gc,task        ] GC(85) Using 6 workers of 6 for evacuation
[918.715s][info][gc,heap        ] GC(85) ParNew: 279909K->270K(314560K)
[918.715s][info][gc,heap        ] GC(85) CMS: 16366K->16366K(699072K)
[918.715s][info][gc,metaspace   ] GC(85) Metaspace: 44754K(47896K)->44754K(47896K) NonClass: 40769K(43140K)->40769K(43140K) Class: 3985K(4756K)->3985K(4756K)
[918.715s][info][gc             ] GC(85) Pause Young (Allocation Failure) 289M->16M(989M) 1.788ms
[918.715s][info][gc,cpu         ] GC(85) User=0.00s Sys=0.00s Real=0.00s
[930.287s][info][gc,start       ] GC(86) Pause Young (Allocation Failure)
[930.287s][info][gc,task        ] GC(86) Using 6 workers of 6 for evacuation
[930.289s][info][gc,heap        ] GC(86) ParNew: 279886K->236K(314560K)
[930.289s][info][gc,heap        ] GC(86) CMS: 16366K->16367K(699072K)
[930.289s][info][gc,metaspace   ] GC(86) Metaspace: 44754K(47896K)->44754K(47896K) NonClass: 40769K(43140K)->40769K(43140K) Class: 3985K(4756K)->3985K(4756K)
[930.289s][info][gc             ] GC(86) Pause Young (Allocation Failure) 289M->16M(989M) 1.736ms
[930.289s][info][gc,cpu         ] GC(86) User=0.00s Sys=0.00s Real=0.00s
[941.874s][info][gc,start       ] GC(87) Pause Young (Allocation Failure)
[941.874s][info][gc,task        ] GC(87) Using 6 workers of 6 for evacuation
[941.875s][info][gc,heap        ] GC(87) ParNew: 279837K->249K(314560K)
[941.876s][info][gc,heap        ] GC(87) CMS: 16367K->16368K(699072K)
[941.876s][info][gc,metaspace   ] GC(87) Metaspace: 44754K(47896K)->44754K(47896K) NonClass: 40769K(43140K)->40769K(43140K) Class: 3985K(4756K)->3985K(4756K)
[941.876s][info][gc             ] GC(87) Pause Young (Allocation Failure) 289M->16M(989M) 1.703ms
[941.876s][info][gc,cpu         ] GC(87) User=0.00s Sys=0.00s Real=0.00s
[953.501s][info][gc,start       ] GC(88) Pause Young (Allocation Failure)
[953.501s][info][gc,task        ] GC(88) Using 6 workers of 6 for evacuation
[953.503s][info][gc,heap        ] GC(88) ParNew: 279865K->336K(314560K)
[953.503s][info][gc,heap        ] GC(88) CMS: 16368K->16369K(699072K)
[953.503s][info][gc,metaspace   ] GC(88) Metaspace: 44754K(47896K)->44754K(47896K) NonClass: 40769K(43140K)->40769K(43140K) Class: 3985K(4756K)->3985K(4756K)
[953.503s][info][gc             ] GC(88) Pause Young (Allocation Failure) 289M->16M(989M) 1.995ms
[953.503s][info][gc,cpu         ] GC(88) User=0.00s Sys=0.00s Real=0.00s
[965.101s][info][gc,start       ] GC(89) Pause Young (Allocation Failure)
[965.101s][info][gc,task        ] GC(89) Using 6 workers of 6 for evacuation
[965.103s][info][gc,heap        ] GC(89) ParNew: 279952K->251K(314560K)
[965.103s][info][gc,heap        ] GC(89) CMS: 16369K->16370K(699072K)
[965.103s][info][gc,metaspace   ] GC(89) Metaspace: 44754K(47896K)->44754K(47896K) NonClass: 40769K(43140K)->40769K(43140K) Class: 3985K(4756K)->3985K(4756K)
[965.103s][info][gc             ] GC(89) Pause Young (Allocation Failure) 289M->16M(989M) 1.728ms
[965.103s][info][gc,cpu         ] GC(89) User=0.00s Sys=0.00s Real=0.00s
[976.722s][info][gc,start       ] GC(90) Pause Young (Allocation Failure)
[976.722s][info][gc,task        ] GC(90) Using 6 workers of 6 for evacuation
[976.724s][info][gc,heap        ] GC(90) ParNew: 279867K->245K(314560K)
[976.724s][info][gc,heap        ] GC(90) CMS: 16370K->16371K(699072K)
[976.724s][info][gc,metaspace   ] GC(90) Metaspace: 44754K(47896K)->44754K(47896K) NonClass: 40769K(43140K)->40769K(43140K) Class: 3985K(4756K)->3985K(4756K)
[976.724s][info][gc             ] GC(90) Pause Young (Allocation Failure) 289M->16M(989M) 1.911ms
[976.724s][info][gc,cpu         ] GC(90) User=0.09s Sys=0.00s Real=0.00s
[977.609s][info][gc,start       ] GC(91) Pause Full (System.gc())
[977.609s][info][gc,phases,start] GC(91) Phase 1: Mark live objects
[977.646s][info][gc,phases      ] GC(91) Phase 1: Mark live objects 36.857ms
[977.646s][info][gc,phases,start] GC(91) Phase 2: Compute new object addresses
[977.652s][info][gc,phases      ] GC(91) Phase 2: Compute new object addresses 5.650ms
[977.652s][info][gc,phases,start] GC(91) Phase 3: Adjust pointers
[977.668s][info][gc,phases      ] GC(91) Phase 3: Adjust pointers 15.540ms
[977.668s][info][gc,phases,start] GC(91) Phase 4: Move objects
[977.669s][info][gc,phases      ] GC(91) Phase 4: Move objects 1.739ms
[977.670s][info][gc,heap        ] GC(91) ParNew: 14829K->0K(314560K)
[977.670s][info][gc,heap        ] GC(91) CMS: 16371K->14254K(699072K)
[977.670s][info][gc,metaspace   ] GC(91) Metaspace: 44767K(47896K)->44767K(47896K) NonClass: 40781K(43140K)->40781K(43140K) Class: 3985K(4756K)->3985K(4756K)
[977.671s][info][gc             ] GC(91) Pause Full (System.gc()) 30M->13M(989M) 61.738ms
[977.671s][info][gc,cpu         ] GC(91) User=0.08s Sys=0.00s Real=0.06s
[987.374s][info][gc,start       ] GC(92) Pause Young (Allocation Failure)
[987.375s][info][gc,task        ] GC(92) Using 6 workers of 6 for evacuation
[987.377s][info][gc,heap        ] GC(92) ParNew: 279616K->2458K(314560K)
[987.377s][info][gc,heap        ] GC(92) CMS: 14254K->14254K(699072K)
[987.378s][info][gc,metaspace   ] GC(92) Metaspace: 44492K(47896K)->44492K(47896K) NonClass: 40514K(43140K)->40514K(43140K) Class: 3977K(4756K)->3977K(4756K)
[987.378s][info][gc             ] GC(92) Pause Young (Allocation Failure) 286M->16M(989M) 3.077ms
[987.378s][info][gc,cpu         ] GC(92) User=0.00s Sys=0.00s Real=0.00s
[999.002s][info][gc,start       ] GC(93) Pause Young (Allocation Failure)
[999.002s][info][gc,task        ] GC(93) Using 6 workers of 6 for evacuation
[999.005s][info][gc,heap        ] GC(93) ParNew: 282074K->2528K(314560K)
[999.005s][info][gc,heap        ] GC(93) CMS: 14254K->14254K(699072K)
[999.005s][info][gc,metaspace   ] GC(93) Metaspace: 44517K(47896K)->44517K(47896K) NonClass: 40539K(43140K)->40539K(43140K) Class: 3977K(4756K)->3977K(4756K)
[999.005s][info][gc             ] GC(93) Pause Young (Allocation Failure) 289M->16M(989M) 2.659ms
[999.005s][info][gc,cpu         ] GC(93) User=0.06s Sys=0.03s Real=0.00s
[1010.530s][info][gc,start       ] GC(94) Pause Young (Allocation Failure)
[1010.530s][info][gc,task        ] GC(94) Using 6 workers of 6 for evacuation
[1010.532s][info][gc,heap        ] GC(94) ParNew: 282144K->2912K(314560K)
[1010.532s][info][gc,heap        ] GC(94) CMS: 14254K->14254K(699072K)
[1010.532s][info][gc,metaspace   ] GC(94) Metaspace: 44747K(47896K)->44747K(47896K) NonClass: 40769K(43140K)->40769K(43140K) Class: 3977K(4756K)->3977K(4756K)
[1010.532s][info][gc             ] GC(94) Pause Young (Allocation Failure) 289M->16M(989M) 2.574ms
[1010.532s][info][gc,cpu         ] GC(94) User=0.00s Sys=0.00s Real=0.00s
[1022.117s][info][gc,start       ] GC(95) Pause Young (Allocation Failure)
[1022.117s][info][gc,task        ] GC(95) Using 6 workers of 6 for evacuation
[1022.120s][info][gc,heap        ] GC(95) ParNew: 282528K->2938K(314560K)
[1022.120s][info][gc,heap        ] GC(95) CMS: 14254K->14254K(699072K)
[1022.120s][info][gc,metaspace   ] GC(95) Metaspace: 44751K(47896K)->44751K(47896K) NonClass: 40773K(43140K)->40773K(43140K) Class: 3977K(4756K)->3977K(4756K)
[1022.120s][info][gc             ] GC(95) Pause Young (Allocation Failure) 289M->16M(989M) 2.638ms
[1022.120s][info][gc,cpu         ] GC(95) User=0.00s Sys=0.00s Real=0.00s
[1033.707s][info][gc,start       ] GC(96) Pause Young (Allocation Failure)
[1033.707s][info][gc,task        ] GC(96) Using 6 workers of 6 for evacuation
[1033.708s][info][gc,heap        ] GC(96) ParNew: 282554K->2952K(314560K)
[1033.708s][info][gc,heap        ] GC(96) CMS: 14254K->14254K(699072K)
[1033.708s][info][gc,metaspace   ] GC(96) Metaspace: 44784K(47896K)->44784K(47896K) NonClass: 40806K(43140K)->40806K(43140K) Class: 3977K(4756K)->3977K(4756K)
[1033.708s][info][gc             ] GC(96) Pause Young (Allocation Failure) 289M->16M(989M) 1.949ms
[1033.708s][info][gc,cpu         ] GC(96) User=0.09s Sys=0.00s Real=0.00s
[1045.327s][info][gc,start       ] GC(97) Pause Young (Allocation Failure)
[1045.327s][info][gc,task        ] GC(97) Using 6 workers of 6 for evacuation
[1045.329s][info][gc,heap        ] GC(97) ParNew: 282568K->2708K(314560K)
[1045.329s][info][gc,heap        ] GC(97) CMS: 14254K->14254K(699072K)
[1045.329s][info][gc,metaspace   ] GC(97) Metaspace: 44785K(47896K)->44785K(47896K) NonClass: 40807K(43140K)->40807K(43140K) Class: 3977K(4756K)->3977K(4756K)
[1045.329s][info][gc             ] GC(97) Pause Young (Allocation Failure) 289M->16M(989M) 2.445ms
[1045.329s][info][gc,cpu         ] GC(97) User=0.00s Sys=0.00s Real=0.00s
[1056.897s][info][gc,start       ] GC(98) Pause Young (Allocation Failure)
[1056.897s][info][gc,task        ] GC(98) Using 6 workers of 6 for evacuation
[1056.902s][info][gc,heap        ] GC(98) ParNew: 282324K->1536K(314560K)
[1056.902s][info][gc,heap        ] GC(98) CMS: 14254K->16336K(699072K)
[1056.902s][info][gc,metaspace   ] GC(98) Metaspace: 44785K(47896K)->44785K(47896K) NonClass: 40807K(43140K)->40807K(43140K) Class: 3977K(4756K)->3977K(4756K)
[1056.902s][info][gc             ] GC(98) Pause Young (Allocation Failure) 289M->17M(989M) 4.768ms
[1056.902s][info][gc,cpu         ] GC(98) User=0.00s Sys=0.00s Real=0.00s
[1068.447s][info][gc,start       ] GC(99) Pause Young (Allocation Failure)
[1068.447s][info][gc,task        ] GC(99) Using 6 workers of 6 for evacuation
[1068.449s][info][gc,heap        ] GC(99) ParNew: 281152K->523K(314560K)
[1068.449s][info][gc,heap        ] GC(99) CMS: 16336K->16341K(699072K)
[1068.449s][info][gc,metaspace   ] GC(99) Metaspace: 44785K(47896K)->44785K(47896K) NonClass: 40807K(43140K)->40807K(43140K) Class: 3977K(4756K)->3977K(4756K)
[1068.449s][info][gc             ] GC(99) Pause Young (Allocation Failure) 290M->16M(989M) 1.824ms
[1068.449s][info][gc,cpu         ] GC(99) User=0.00s Sys=0.00s Real=0.00s
[1080.000s][info][gc,start       ] GC(100) Pause Young (Allocation Failure)
[1080.000s][info][gc,task        ] GC(100) Using 6 workers of 6 for evacuation
[1080.001s][info][gc,heap        ] GC(100) ParNew: 280139K->245K(314560K)
[1080.001s][info][gc,heap        ] GC(100) CMS: 16341K->16342K(699072K)
[1080.001s][info][gc,metaspace   ] GC(100) Metaspace: 44796K(47896K)->44796K(47896K) NonClass: 40818K(43140K)->40818K(43140K) Class: 3977K(4756K)->3977K(4756K)
[1080.001s][info][gc             ] GC(100) Pause Young (Allocation Failure) 289M->16M(989M) 1.741ms
[1080.001s][info][gc,cpu         ] GC(100) User=0.00s Sys=0.00s Real=0.00s
[1091.500s][info][gc,start       ] GC(101) Pause Young (Allocation Failure)
[1091.500s][info][gc,task        ] GC(101) Using 6 workers of 6 for evacuation
[1091.502s][info][gc,heap        ] GC(101) ParNew: 279861K->273K(314560K)
[1091.502s][info][gc,heap        ] GC(101) CMS: 16342K->16343K(699072K)
[1091.502s][info][gc,metaspace   ] GC(101) Metaspace: 44796K(47896K)->44796K(47896K) NonClass: 40818K(43140K)->40818K(43140K) Class: 3977K(4756K)->3977K(4756K)
[1091.502s][info][gc             ] GC(101) Pause Young (Allocation Failure) 289M->16M(989M) 1.777ms
[1091.502s][info][gc,cpu         ] GC(101) User=0.00s Sys=0.00s Real=0.00s
[1103.068s][info][gc,start       ] GC(102) Pause Young (Allocation Failure)
[1103.068s][info][gc,task        ] GC(102) Using 6 workers of 6 for evacuation
[1103.070s][info][gc,heap        ] GC(102) ParNew: 279889K->268K(314560K)
[1103.070s][info][gc,heap        ] GC(102) CMS: 16343K->16344K(699072K)
[1103.070s][info][gc,metaspace   ] GC(102) Metaspace: 44796K(47896K)->44796K(47896K) NonClass: 40818K(43140K)->40818K(43140K) Class: 3977K(4756K)->3977K(4756K)
[1103.070s][info][gc             ] GC(102) Pause Young (Allocation Failure) 289M->16M(989M) 1.859ms
[1103.070s][info][gc,cpu         ] GC(102) User=0.00s Sys=0.00s Real=0.00s
[1114.603s][info][gc,start       ] GC(103) Pause Young (Allocation Failure)
[1114.603s][info][gc,task        ] GC(103) Using 6 workers of 6 for evacuation
[1114.605s][info][gc,heap        ] GC(103) ParNew: 279884K->338K(314560K)
[1114.605s][info][gc,heap        ] GC(103) CMS: 16344K->16345K(699072K)
[1114.605s][info][gc,metaspace   ] GC(103) Metaspace: 44796K(47896K)->44796K(47896K) NonClass: 40818K(43140K)->40818K(43140K) Class: 3977K(4756K)->3977K(4756K)
[1114.605s][info][gc             ] GC(103) Pause Young (Allocation Failure) 289M->16M(989M) 1.760ms
[1114.605s][info][gc,cpu         ] GC(103) User=0.00s Sys=0.00s Real=0.00s
[1126.195s][info][gc,start       ] GC(104) Pause Young (Allocation Failure)
[1126.195s][info][gc,task        ] GC(104) Using 6 workers of 6 for evacuation
[1126.196s][info][gc,heap        ] GC(104) ParNew: 279954K->207K(314560K)
[1126.196s][info][gc,heap        ] GC(104) CMS: 16345K->16346K(699072K)
[1126.196s][info][gc,metaspace   ] GC(104) Metaspace: 44796K(47896K)->44796K(47896K) NonClass: 40819K(43140K)->40819K(43140K) Class: 3977K(4756K)->3977K(4756K)
[1126.196s][info][gc             ] GC(104) Pause Young (Allocation Failure) 289M->16M(989M) 1.696ms
[1126.196s][info][gc,cpu         ] GC(104) User=0.00s Sys=0.00s Real=0.00s
[1137.761s][info][gc,start       ] GC(105) Pause Young (Allocation Failure)
[1137.761s][info][gc,task        ] GC(105) Using 6 workers of 6 for evacuation
[1137.763s][info][gc,heap        ] GC(105) ParNew: 279823K->265K(314560K)
[1137.763s][info][gc,heap        ] GC(105) CMS: 16346K->16347K(699072K)
[1137.763s][info][gc,metaspace   ] GC(105) Metaspace: 44796K(47896K)->44796K(47896K) NonClass: 40819K(43140K)->40819K(43140K) Class: 3977K(4756K)->3977K(4756K)
[1137.763s][info][gc             ] GC(105) Pause Young (Allocation Failure) 289M->16M(989M) 2.040ms
[1137.763s][info][gc,cpu         ] GC(105) User=0.00s Sys=0.00s Real=0.00s
[1149.336s][info][gc,start       ] GC(106) Pause Young (Allocation Failure)
[1149.336s][info][gc,task        ] GC(106) Using 6 workers of 6 for evacuation
[1149.337s][info][gc,heap        ] GC(106) ParNew: 279881K->210K(314560K)
[1149.337s][info][gc,heap        ] GC(106) CMS: 16347K->16347K(699072K)
[1149.337s][info][gc,metaspace   ] GC(106) Metaspace: 44797K(47896K)->44797K(47896K) NonClass: 40819K(43140K)->40819K(43140K) Class: 3978K(4756K)->3978K(4756K)
[1149.337s][info][gc             ] GC(106) Pause Young (Allocation Failure) 289M->16M(989M) 1.728ms
[1149.337s][info][gc,cpu         ] GC(106) User=0.00s Sys=0.00s Real=0.00s
[1160.943s][info][gc,start       ] GC(107) Pause Young (Allocation Failure)
[1160.943s][info][gc,task        ] GC(107) Using 6 workers of 6 for evacuation
[1160.945s][info][gc,heap        ] GC(107) ParNew: 279826K->225K(314560K)
[1160.945s][info][gc,heap        ] GC(107) CMS: 16347K->16348K(699072K)
[1160.945s][info][gc,metaspace   ] GC(107) Metaspace: 44797K(47896K)->44797K(47896K) NonClass: 40819K(43140K)->40819K(43140K) Class: 3978K(4756K)->3978K(4756K)
[1160.945s][info][gc             ] GC(107) Pause Young (Allocation Failure) 289M->16M(989M) 1.810ms
[1160.945s][info][gc,cpu         ] GC(107) User=0.00s Sys=0.00s Real=0.00s
[1172.521s][info][gc,start       ] GC(108) Pause Young (Allocation Failure)
[1172.521s][info][gc,task        ] GC(108) Using 6 workers of 6 for evacuation
[1172.523s][info][gc,heap        ] GC(108) ParNew: 279828K->252K(314560K)
[1172.523s][info][gc,heap        ] GC(108) CMS: 16348K->16349K(699072K)
[1172.523s][info][gc,metaspace   ] GC(108) Metaspace: 44797K(47896K)->44797K(47896K) NonClass: 40819K(43140K)->40819K(43140K) Class: 3978K(4756K)->3978K(4756K)
[1172.523s][info][gc             ] GC(108) Pause Young (Allocation Failure) 289M->16M(989M) 1.853ms
[1172.523s][info][gc,cpu         ] GC(108) User=0.00s Sys=0.00s Real=0.00s
[1184.096s][info][gc,start       ] GC(109) Pause Young (Allocation Failure)
[1184.096s][info][gc,task        ] GC(109) Using 6 workers of 6 for evacuation
[1184.098s][info][gc,heap        ] GC(109) ParNew: 279868K->269K(314560K)
[1184.098s][info][gc,heap        ] GC(109) CMS: 16349K->16350K(699072K)
[1184.098s][info][gc,metaspace   ] GC(109) Metaspace: 44797K(47896K)->44797K(47896K) NonClass: 40819K(43140K)->40819K(43140K) Class: 3978K(4756K)->3978K(4756K)
[1184.098s][info][gc             ] GC(109) Pause Young (Allocation Failure) 289M->16M(989M) 1.835ms
[1184.098s][info][gc,cpu         ] GC(109) User=0.00s Sys=0.00s Real=0.00s
[1195.706s][info][gc,start       ] GC(110) Pause Young (Allocation Failure)
[1195.706s][info][gc,task        ] GC(110) Using 6 workers of 6 for evacuation
[1195.708s][info][gc,heap        ] GC(110) ParNew: 279885K->227K(314560K)
[1195.708s][info][gc,heap        ] GC(110) CMS: 16350K->16351K(699072K)
[1195.708s][info][gc,metaspace   ] GC(110) Metaspace: 44797K(47896K)->44797K(47896K) NonClass: 40819K(43140K)->40819K(43140K) Class: 3978K(4756K)->3978K(4756K)
[1195.708s][info][gc             ] GC(110) Pause Young (Allocation Failure) 289M->16M(989M) 1.937ms
[1195.708s][info][gc,cpu         ] GC(110) User=0.06s Sys=0.00s Real=0.00s
[1207.304s][info][gc,start       ] GC(111) Pause Young (Allocation Failure)
[1207.304s][info][gc,task        ] GC(111) Using 6 workers of 6 for evacuation
[1207.306s][info][gc,heap        ] GC(111) ParNew: 279843K->286K(314560K)
[1207.306s][info][gc,heap        ] GC(111) CMS: 16351K->16353K(699072K)
[1207.306s][info][gc,metaspace   ] GC(111) Metaspace: 44800K(47896K)->44800K(47896K) NonClass: 40821K(43140K)->40821K(43140K) Class: 3978K(4756K)->3978K(4756K)
[1207.306s][info][gc             ] GC(111) Pause Young (Allocation Failure) 289M->16M(989M) 1.720ms
[1207.306s][info][gc,cpu         ] GC(111) User=0.00s Sys=0.00s Real=0.00s
[1218.935s][info][gc,start       ] GC(112) Pause Young (Allocation Failure)
[1218.936s][info][gc,task        ] GC(112) Using 6 workers of 6 for evacuation
[1218.937s][info][gc,heap        ] GC(112) ParNew: 279902K->244K(314560K)
[1218.937s][info][gc,heap        ] GC(112) CMS: 16353K->16355K(699072K)
[1218.937s][info][gc,metaspace   ] GC(112) Metaspace: 44802K(48152K)->44802K(48152K) NonClass: 40824K(43396K)->40824K(43396K) Class: 3978K(4756K)->3978K(4756K)
[1218.937s][info][gc             ] GC(112) Pause Young (Allocation Failure) 289M->16M(989M) 1.727ms
[1218.937s][info][gc,cpu         ] GC(112) User=0.00s Sys=0.00s Real=0.00s
[1219.675s][info][gc,start       ] GC(113) Pause Full (System.gc())
[1219.675s][info][gc,phases,start] GC(113) Phase 1: Mark live objects
[1219.712s][info][gc,phases      ] GC(113) Phase 1: Mark live objects 36.737ms
[1219.712s][info][gc,phases,start] GC(113) Phase 2: Compute new object addresses
[1219.717s][info][gc,phases      ] GC(113) Phase 2: Compute new object addresses 5.448ms
[1219.717s][info][gc,phases,start] GC(113) Phase 3: Adjust pointers
[1219.732s][info][gc,phases      ] GC(113) Phase 3: Adjust pointers 14.500ms
[1219.732s][info][gc,phases,start] GC(113) Phase 4: Move objects
[1219.735s][info][gc,phases      ] GC(113) Phase 4: Move objects 3.452ms
[1219.736s][info][gc,heap        ] GC(113) ParNew: 15672K->0K(314560K)
[1219.736s][info][gc,heap        ] GC(113) CMS: 16355K->12482K(699072K)
[1219.736s][info][gc,metaspace   ] GC(113) Metaspace: 44809K(48152K)->44809K(48152K) NonClass: 40830K(43396K)->40830K(43396K) Class: 3978K(4756K)->3978K(4756K)
[1219.737s][info][gc             ] GC(113) Pause Full (System.gc()) 31M->12M(989M) 62.768ms
[1219.737s][info][gc,cpu         ] GC(113) User=0.06s Sys=0.00s Real=0.08s
[1229.402s][info][gc,start       ] GC(114) Pause Young (Allocation Failure)
[1229.402s][info][gc,task        ] GC(114) Using 6 workers of 6 for evacuation
[1229.405s][info][gc,heap        ] GC(114) ParNew: 279616K->2413K(314560K)
[1229.405s][info][gc,heap        ] GC(114) CMS: 12482K->12482K(699072K)
[1229.405s][info][gc,metaspace   ] GC(114) Metaspace: 43450K(48152K)->43450K(48152K) NonClass: 39767K(43396K)->39767K(43396K) Class: 3682K(4756K)->3682K(4756K)
[1229.405s][info][gc             ] GC(114) Pause Young (Allocation Failure) 285M->14M(989M) 2.499ms
[1229.405s][info][gc,cpu         ] GC(114) User=0.00s Sys=0.00s Real=0.00s
[1241.016s][info][gc,start       ] GC(115) Pause Young (Allocation Failure)
[1241.016s][info][gc,task        ] GC(115) Using 6 workers of 6 for evacuation
[1241.019s][info][gc,heap        ] GC(115) ParNew: 282029K->2835K(314560K)
[1241.019s][info][gc,heap        ] GC(115) CMS: 12482K->12482K(699072K)
[1241.019s][info][gc,metaspace   ] GC(115) Metaspace: 43486K(48152K)->43486K(48152K) NonClass: 39803K(43396K)->39803K(43396K) Class: 3682K(4756K)->3682K(4756K)
[1241.019s][info][gc             ] GC(115) Pause Young (Allocation Failure) 287M->14M(989M) 2.366ms
[1241.019s][info][gc,cpu         ] GC(115) User=0.00s Sys=0.00s Real=0.00s
[1252.605s][info][gc,start       ] GC(116) Pause Young (Allocation Failure)
[1252.605s][info][gc,task        ] GC(116) Using 6 workers of 6 for evacuation
[1252.608s][info][gc,heap        ] GC(116) ParNew: 282451K->2936K(314560K)
[1252.608s][info][gc,heap        ] GC(116) CMS: 12482K->12482K(699072K)
[1252.608s][info][gc,metaspace   ] GC(116) Metaspace: 43746K(48152K)->43746K(48152K) NonClass: 40063K(43396K)->40063K(43396K) Class: 3682K(4756K)->3682K(4756K)
[1252.608s][info][gc             ] GC(116) Pause Young (Allocation Failure) 288M->15M(989M) 2.451ms
[1252.608s][info][gc,cpu         ] GC(116) User=0.00s Sys=0.00s Real=0.00s
[1264.212s][info][gc,start       ] GC(117) Pause Young (Allocation Failure)
[1264.212s][info][gc,task        ] GC(117) Using 6 workers of 6 for evacuation
[1264.214s][info][gc,heap        ] GC(117) ParNew: 282552K->2926K(314560K)
[1264.214s][info][gc,heap        ] GC(117) CMS: 12482K->12482K(699072K)
[1264.214s][info][gc,metaspace   ] GC(117) Metaspace: 43751K(48152K)->43751K(48152K) NonClass: 40068K(43396K)->40068K(43396K) Class: 3682K(4756K)->3682K(4756K)
[1264.214s][info][gc             ] GC(117) Pause Young (Allocation Failure) 288M->15M(989M) 2.472ms
[1264.214s][info][gc,cpu         ] GC(117) User=0.00s Sys=0.00s Real=0.00s
[1275.800s][info][gc,start       ] GC(118) Pause Young (Allocation Failure)
[1275.800s][info][gc,task        ] GC(118) Using 6 workers of 6 for evacuation
[1275.802s][info][gc,heap        ] GC(118) ParNew: 282542K->3177K(314560K)
[1275.802s][info][gc,heap        ] GC(118) CMS: 12482K->12482K(699072K)
[1275.802s][info][gc,metaspace   ] GC(118) Metaspace: 43764K(48152K)->43764K(48152K) NonClass: 40081K(43396K)->40081K(43396K) Class: 3682K(4756K)->3682K(4756K)
[1275.802s][info][gc             ] GC(118) Pause Young (Allocation Failure) 288M->15M(989M) 2.721ms
[1275.802s][info][gc,cpu         ] GC(118) User=0.06s Sys=0.02s Real=0.00s
[1287.335s][info][gc,start       ] GC(119) Pause Young (Allocation Failure)
[1287.335s][info][gc,task        ] GC(119) Using 6 workers of 6 for evacuation
[1287.337s][info][gc,heap        ] GC(119) ParNew: 282793K->2926K(314560K)
[1287.337s][info][gc,heap        ] GC(119) CMS: 12482K->12482K(699072K)
[1287.337s][info][gc,metaspace   ] GC(119) Metaspace: 43765K(48152K)->43765K(48152K) NonClass: 40083K(43396K)->40083K(43396K) Class: 3682K(4756K)->3682K(4756K)
[1287.337s][info][gc             ] GC(119) Pause Young (Allocation Failure) 288M->15M(989M) 2.469ms
[1287.337s][info][gc,cpu         ] GC(119) User=0.00s Sys=0.00s Real=0.00s
[1298.865s][info][gc,start       ] GC(120) Pause Young (Allocation Failure)
[1298.865s][info][gc,task        ] GC(120) Using 6 workers of 6 for evacuation
[1298.870s][info][gc,heap        ] GC(120) ParNew: 282542K->1558K(314560K)
[1298.870s][info][gc,heap        ] GC(120) CMS: 12482K->14582K(699072K)
[1298.870s][info][gc,metaspace   ] GC(120) Metaspace: 43776K(48152K)->43776K(48152K) NonClass: 40093K(43396K)->40093K(43396K) Class: 3682K(4756K)->3682K(4756K)
[1298.870s][info][gc             ] GC(120) Pause Young (Allocation Failure) 288M->15M(989M) 5.136ms
[1298.870s][info][gc,cpu         ] GC(120) User=0.00s Sys=0.00s Real=0.00s
[1310.431s][info][gc,start       ] GC(121) Pause Young (Allocation Failure)
[1310.431s][info][gc,task        ] GC(121) Using 6 workers of 6 for evacuation
[1310.433s][info][gc,heap        ] GC(121) ParNew: 281174K->505K(314560K)
[1310.433s][info][gc,heap        ] GC(121) CMS: 14582K->14587K(699072K)
[1310.433s][info][gc,metaspace   ] GC(121) Metaspace: 43776K(48152K)->43776K(48152K) NonClass: 40093K(43396K)->40093K(43396K) Class: 3682K(4756K)->3682K(4756K)
[1310.433s][info][gc             ] GC(121) Pause Young (Allocation Failure) 288M->14M(989M) 1.688ms
[1310.433s][info][gc,cpu         ] GC(121) User=0.00s Sys=0.00s Real=0.00s
[1322.028s][info][gc,start       ] GC(122) Pause Young (Allocation Failure)
[1322.028s][info][gc,task        ] GC(122) Using 6 workers of 6 for evacuation
[1322.030s][info][gc,heap        ] GC(122) ParNew: 280121K->336K(314560K)
[1322.030s][info][gc,heap        ] GC(122) CMS: 14587K->14588K(699072K)
[1322.030s][info][gc,metaspace   ] GC(122) Metaspace: 43776K(48152K)->43776K(48152K) NonClass: 40093K(43396K)->40093K(43396K) Class: 3682K(4756K)->3682K(4756K)
[1322.030s][info][gc             ] GC(122) Pause Young (Allocation Failure) 287M->14M(989M) 1.664ms
[1322.030s][info][gc,cpu         ] GC(122) User=0.00s Sys=0.00s Real=0.00s
[1333.526s][info][gc,start       ] GC(123) Pause Young (Allocation Failure)
[1333.527s][info][gc,task        ] GC(123) Using 6 workers of 6 for evacuation
[1333.528s][info][gc,heap        ] GC(123) ParNew: 279952K->218K(314560K)
[1333.528s][info][gc,heap        ] GC(123) CMS: 14588K->14589K(699072K)
[1333.528s][info][gc,metaspace   ] GC(123) Metaspace: 43776K(48152K)->43776K(48152K) NonClass: 40093K(43396K)->40093K(43396K) Class: 3682K(4756K)->3682K(4756K)
[1333.528s][info][gc             ] GC(123) Pause Young (Allocation Failure) 287M->14M(989M) 1.771ms
[1333.528s][info][gc,cpu         ] GC(123) User=0.00s Sys=0.00s Real=0.00s
[1345.075s][info][gc,start       ] GC(124) Pause Young (Allocation Failure)
[1345.075s][info][gc,task        ] GC(124) Using 6 workers of 6 for evacuation
[1345.077s][info][gc,heap        ] GC(124) ParNew: 279834K->258K(314560K)
[1345.077s][info][gc,heap        ] GC(124) CMS: 14589K->14590K(699072K)
[1345.077s][info][gc,metaspace   ] GC(124) Metaspace: 43776K(48152K)->43776K(48152K) NonClass: 40093K(43396K)->40093K(43396K) Class: 3682K(4756K)->3682K(4756K)
[1345.077s][info][gc             ] GC(124) Pause Young (Allocation Failure) 287M->14M(989M) 1.753ms
[1345.077s][info][gc,cpu         ] GC(124) User=0.00s Sys=0.00s Real=0.00s
[1356.639s][info][gc,start       ] GC(125) Pause Young (Allocation Failure)
[1356.640s][info][gc,task        ] GC(125) Using 6 workers of 6 for evacuation
[1356.641s][info][gc,heap        ] GC(125) ParNew: 279874K->267K(314560K)
[1356.641s][info][gc,heap        ] GC(125) CMS: 14590K->14591K(699072K)
[1356.641s][info][gc,metaspace   ] GC(125) Metaspace: 43776K(48152K)->43776K(48152K) NonClass: 40093K(43396K)->40093K(43396K) Class: 3682K(4756K)->3682K(4756K)
[1356.641s][info][gc             ] GC(125) Pause Young (Allocation Failure) 287M->14M(989M) 1.841ms
[1356.641s][info][gc,cpu         ] GC(125) User=0.00s Sys=0.00s Real=0.00s
[1368.229s][info][gc,start       ] GC(126) Pause Young (Allocation Failure)
[1368.229s][info][gc,task        ] GC(126) Using 6 workers of 6 for evacuation
[1368.231s][info][gc,heap        ] GC(126) ParNew: 279883K->296K(314560K)
[1368.231s][info][gc,heap        ] GC(126) CMS: 14591K->14592K(699072K)
[1368.231s][info][gc,metaspace   ] GC(126) Metaspace: 43776K(48152K)->43776K(48152K) NonClass: 40093K(43396K)->40093K(43396K) Class: 3682K(4756K)->3682K(4756K)
[1368.231s][info][gc             ] GC(126) Pause Young (Allocation Failure) 287M->14M(989M) 1.710ms
[1368.231s][info][gc,cpu         ] GC(126) User=0.00s Sys=0.00s Real=0.00s
[1379.797s][info][gc,start       ] GC(127) Pause Young (Allocation Failure)
[1379.797s][info][gc,task        ] GC(127) Using 6 workers of 6 for evacuation
[1379.799s][info][gc,heap        ] GC(127) ParNew: 279912K->231K(314560K)
[1379.799s][info][gc,heap        ] GC(127) CMS: 14592K->14593K(699072K)
[1379.799s][info][gc,metaspace   ] GC(127) Metaspace: 43776K(48152K)->43776K(48152K) NonClass: 40093K(43396K)->40093K(43396K) Class: 3682K(4756K)->3682K(4756K)
[1379.799s][info][gc             ] GC(127) Pause Young (Allocation Failure) 287M->14M(989M) 2.157ms
[1379.799s][info][gc,cpu         ] GC(127) User=0.00s Sys=0.00s Real=0.00s
[1391.356s][info][gc,start       ] GC(128) Pause Young (Allocation Failure)
[1391.356s][info][gc,task        ] GC(128) Using 6 workers of 6 for evacuation
[1391.358s][info][gc,heap        ] GC(128) ParNew: 279847K->284K(314560K)
[1391.358s][info][gc,heap        ] GC(128) CMS: 14593K->14594K(699072K)
[1391.358s][info][gc,metaspace   ] GC(128) Metaspace: 43777K(48152K)->43777K(48152K) NonClass: 40094K(43396K)->40094K(43396K) Class: 3683K(4756K)->3683K(4756K)
[1391.358s][info][gc             ] GC(128) Pause Young (Allocation Failure) 287M->14M(989M) 1.749ms
[1391.358s][info][gc,cpu         ] GC(128) User=0.00s Sys=0.00s Real=0.00s
[1402.937s][info][gc,start       ] GC(129) Pause Young (Allocation Failure)
[1402.937s][info][gc,task        ] GC(129) Using 6 workers of 6 for evacuation
[1402.939s][info][gc,heap        ] GC(129) ParNew: 279900K->271K(314560K)
[1402.939s][info][gc,heap        ] GC(129) CMS: 14594K->14595K(699072K)
[1402.939s][info][gc,metaspace   ] GC(129) Metaspace: 43777K(48152K)->43777K(48152K) NonClass: 40094K(43396K)->40094K(43396K) Class: 3683K(4756K)->3683K(4756K)
[1402.939s][info][gc             ] GC(129) Pause Young (Allocation Failure) 287M->14M(989M) 1.810ms
[1402.939s][info][gc,cpu         ] GC(129) User=0.00s Sys=0.00s Real=0.00s
[1414.530s][info][gc,start       ] GC(130) Pause Young (Allocation Failure)
[1414.530s][info][gc,task        ] GC(130) Using 6 workers of 6 for evacuation
[1414.532s][info][gc,heap        ] GC(130) ParNew: 279887K->283K(314560K)
[1414.532s][info][gc,heap        ] GC(130) CMS: 14595K->14596K(699072K)
[1414.532s][info][gc,metaspace   ] GC(130) Metaspace: 43779K(48152K)->43779K(48152K) NonClass: 40096K(43396K)->40096K(43396K) Class: 3683K(4756K)->3683K(4756K)
[1414.532s][info][gc             ] GC(130) Pause Young (Allocation Failure) 287M->14M(989M) 1.770ms
[1414.532s][info][gc,cpu         ] GC(130) User=0.00s Sys=0.00s Real=0.00s
[1426.137s][info][gc,start       ] GC(131) Pause Young (Allocation Failure)
[1426.137s][info][gc,task        ] GC(131) Using 6 workers of 6 for evacuation
[1426.138s][info][gc,heap        ] GC(131) ParNew: 279899K->342K(314560K)
[1426.138s][info][gc,heap        ] GC(131) CMS: 14596K->14597K(699072K)
[1426.138s][info][gc,metaspace   ] GC(131) Metaspace: 43779K(48152K)->43779K(48152K) NonClass: 40096K(43396K)->40096K(43396K) Class: 3683K(4756K)->3683K(4756K)
[1426.138s][info][gc             ] GC(131) Pause Young (Allocation Failure) 287M->14M(989M) 1.728ms
[1426.138s][info][gc,cpu         ] GC(131) User=0.00s Sys=0.00s Real=0.00s
[1437.673s][info][gc,start       ] GC(132) Pause Young (Allocation Failure)
[1437.673s][info][gc,task        ] GC(132) Using 6 workers of 6 for evacuation
[1437.675s][info][gc,heap        ] GC(132) ParNew: 279958K->364K(314560K)
[1437.675s][info][gc,heap        ] GC(132) CMS: 14597K->14598K(699072K)
[1437.675s][info][gc,metaspace   ] GC(132) Metaspace: 43779K(48152K)->43779K(48152K) NonClass: 40096K(43396K)->40096K(43396K) Class: 3683K(4756K)->3683K(4756K)
[1437.675s][info][gc             ] GC(132) Pause Young (Allocation Failure) 287M->14M(989M) 1.726ms
[1437.675s][info][gc,cpu         ] GC(132) User=0.00s Sys=0.00s Real=0.00s
[1449.229s][info][gc,start       ] GC(133) Pause Young (Allocation Failure)
[1449.229s][info][gc,task        ] GC(133) Using 6 workers of 6 for evacuation
[1449.231s][info][gc,heap        ] GC(133) ParNew: 279980K->310K(314560K)
[1449.231s][info][gc,heap        ] GC(133) CMS: 14598K->14599K(699072K)
[1449.231s][info][gc,metaspace   ] GC(133) Metaspace: 43779K(48152K)->43779K(48152K) NonClass: 40096K(43396K)->40096K(43396K) Class: 3683K(4756K)->3683K(4756K)
[1449.231s][info][gc             ] GC(133) Pause Young (Allocation Failure) 287M->14M(989M) 1.772ms
[1449.231s][info][gc,cpu         ] GC(133) User=0.00s Sys=0.00s Real=0.00s
[1460.826s][info][gc,start       ] GC(134) Pause Young (Allocation Failure)
[1460.826s][info][gc,task        ] GC(134) Using 6 workers of 6 for evacuation
[1460.828s][info][gc,heap        ] GC(134) ParNew: 279926K->287K(314560K)
[1460.828s][info][gc,heap        ] GC(134) CMS: 14599K->14600K(699072K)
[1460.828s][info][gc,metaspace   ] GC(134) Metaspace: 43779K(48152K)->43779K(48152K) NonClass: 40096K(43396K)->40096K(43396K) Class: 3683K(4756K)->3683K(4756K)
[1460.828s][info][gc             ] GC(134) Pause Young (Allocation Failure) 287M->14M(989M) 1.710ms
[1460.828s][info][gc,cpu         ] GC(134) User=0.00s Sys=0.00s Real=0.00s
[1462.031s][info][gc,start       ] GC(135) Pause Full (System.gc())
[1462.031s][info][gc,phases,start] GC(135) Phase 1: Mark live objects
[1462.066s][info][gc,phases      ] GC(135) Phase 1: Mark live objects 34.384ms
[1462.066s][info][gc,phases,start] GC(135) Phase 2: Compute new object addresses
[1462.071s][info][gc,phases      ] GC(135) Phase 2: Compute new object addresses 5.627ms
[1462.071s][info][gc,phases,start] GC(135) Phase 3: Adjust pointers
[1462.086s][info][gc,phases      ] GC(135) Phase 3: Adjust pointers 14.148ms
[1462.086s][info][gc,phases,start] GC(135) Phase 4: Move objects
[1462.089s][info][gc,phases      ] GC(135) Phase 4: Move objects 2.906ms
[1462.089s][info][gc,heap        ] GC(135) ParNew: 24567K->0K(314560K)
[1462.089s][info][gc,heap        ] GC(135) CMS: 14600K->12438K(699072K)
[1462.089s][info][gc,metaspace   ] GC(135) Metaspace: 43791K(48152K)->43791K(48152K) NonClass: 40107K(43396K)->40107K(43396K) Class: 3683K(4756K)->3683K(4756K)
[1462.090s][info][gc             ] GC(135) Pause Full (System.gc()) 38M->12M(989M) 59.136ms
[1462.090s][info][gc,cpu         ] GC(135) User=0.08s Sys=0.00s Real=0.06s
[1471.821s][info][gc,start       ] GC(136) Pause Young (Allocation Failure)
[1471.821s][info][gc,task        ] GC(136) Using 6 workers of 6 for evacuation
[1471.824s][info][gc,heap        ] GC(136) ParNew: 279616K->2445K(314560K)
[1471.824s][info][gc,heap        ] GC(136) CMS: 12438K->12438K(699072K)
[1471.824s][info][gc,metaspace   ] GC(136) Metaspace: 43510K(48152K)->43510K(48152K) NonClass: 39840K(43396K)->39840K(43396K) Class: 3670K(4756K)->3670K(4756K)
[1471.824s][info][gc             ] GC(136) Pause Young (Allocation Failure) 285M->14M(989M) 3.240ms
[1471.824s][info][gc,cpu         ] GC(136) User=0.00s Sys=0.00s Real=0.00s
[1483.410s][info][gc,start       ] GC(137) Pause Young (Allocation Failure)
[1483.410s][info][gc,task        ] GC(137) Using 6 workers of 6 for evacuation
[1483.412s][info][gc,heap        ] GC(137) ParNew: 282061K->2690K(314560K)
[1483.412s][info][gc,heap        ] GC(137) CMS: 12438K->12438K(699072K)
[1483.412s][info][gc,metaspace   ] GC(137) Metaspace: 43543K(48152K)->43543K(48152K) NonClass: 39873K(43396K)->39873K(43396K) Class: 3670K(4756K)->3670K(4756K)
[1483.412s][info][gc             ] GC(137) Pause Young (Allocation Failure) 287M->14M(989M) 2.250ms
[1483.412s][info][gc,cpu         ] GC(137) User=0.09s Sys=0.00s Real=0.00s
[1494.959s][info][gc,start       ] GC(138) Pause Young (Allocation Failure)
[1494.959s][info][gc,task        ] GC(138) Using 6 workers of 6 for evacuation
[1494.962s][info][gc,heap        ] GC(138) ParNew: 282306K->3037K(314560K)
[1494.962s][info][gc,heap        ] GC(138) CMS: 12438K->12438K(699072K)
[1494.962s][info][gc,metaspace   ] GC(138) Metaspace: 43800K(48152K)->43800K(48152K) NonClass: 40130K(43396K)->40130K(43396K) Class: 3670K(4756K)->3670K(4756K)
[1494.962s][info][gc             ] GC(138) Pause Young (Allocation Failure) 287M->15M(989M) 2.489ms
[1494.962s][info][gc,cpu         ] GC(138) User=0.00s Sys=0.00s Real=0.00s
[1506.527s][info][gc,start       ] GC(139) Pause Young (Allocation Failure)
[1506.527s][info][gc,task        ] GC(139) Using 6 workers of 6 for evacuation
[1506.529s][info][gc,heap        ] GC(139) ParNew: 282653K->2997K(314560K)
[1506.529s][info][gc,heap        ] GC(139) CMS: 12438K->12438K(699072K)
[1506.530s][info][gc,metaspace   ] GC(139) Metaspace: 43803K(48152K)->43803K(48152K) NonClass: 40133K(43396K)->40133K(43396K) Class: 3670K(4756K)->3670K(4756K)
[1506.530s][info][gc             ] GC(139) Pause Young (Allocation Failure) 288M->15M(989M) 2.537ms
[1506.530s][info][gc,cpu         ] GC(139) User=0.00s Sys=0.00s Real=0.00s
[1518.110s][info][gc,start       ] GC(140) Pause Young (Allocation Failure)
[1518.110s][info][gc,task        ] GC(140) Using 6 workers of 6 for evacuation
[1518.112s][info][gc,heap        ] GC(140) ParNew: 282613K->3007K(314560K)
[1518.112s][info][gc,heap        ] GC(140) CMS: 12438K->12438K(699072K)
[1518.112s][info][gc,metaspace   ] GC(140) Metaspace: 43814K(48152K)->43814K(48152K) NonClass: 40144K(43396K)->40144K(43396K) Class: 3670K(4756K)->3670K(4756K)
[1518.112s][info][gc             ] GC(140) Pause Young (Allocation Failure) 288M->15M(989M) 2.152ms
[1518.112s][info][gc,cpu         ] GC(140) User=0.00s Sys=0.00s Real=0.00s
[1529.703s][info][gc,start       ] GC(141) Pause Young (Allocation Failure)
[1529.703s][info][gc,task        ] GC(141) Using 6 workers of 6 for evacuation
[1529.705s][info][gc,heap        ] GC(141) ParNew: 282623K->2926K(314560K)
[1529.705s][info][gc,heap        ] GC(141) CMS: 12438K->12438K(699072K)
[1529.705s][info][gc,metaspace   ] GC(141) Metaspace: 43814K(48152K)->43814K(48152K) NonClass: 40144K(43396K)->40144K(43396K) Class: 3670K(4756K)->3670K(4756K)
[1529.705s][info][gc             ] GC(141) Pause Young (Allocation Failure) 288M->15M(989M) 2.499ms
[1529.705s][info][gc,cpu         ] GC(141) User=0.00s Sys=0.00s Real=0.00s
[1541.235s][info][gc,start       ] GC(142) Pause Young (Allocation Failure)
[1541.235s][info][gc,task        ] GC(142) Using 6 workers of 6 for evacuation
[1541.241s][info][gc,heap        ] GC(142) ParNew: 282542K->1549K(314560K)
[1541.241s][info][gc,heap        ] GC(142) CMS: 12438K->14547K(699072K)
[1541.241s][info][gc,metaspace   ] GC(142) Metaspace: 43814K(48152K)->43814K(48152K) NonClass: 40144K(43396K)->40144K(43396K) Class: 3670K(4756K)->3670K(4756K)
[1541.241s][info][gc             ] GC(142) Pause Young (Allocation Failure) 288M->15M(989M) 5.487ms
[1541.241s][info][gc,cpu         ] GC(142) User=0.09s Sys=0.00s Real=0.00s
[1552.755s][info][gc,start       ] GC(143) Pause Young (Allocation Failure)
[1552.756s][info][gc,task        ] GC(143) Using 6 workers of 6 for evacuation
[1552.757s][info][gc,heap        ] GC(143) ParNew: 281165K->431K(314560K)
[1552.757s][info][gc,heap        ] GC(143) CMS: 14547K->14551K(699072K)
[1552.757s][info][gc,metaspace   ] GC(143) Metaspace: 43814K(48152K)->43814K(48152K) NonClass: 40144K(43396K)->40144K(43396K) Class: 3670K(4756K)->3670K(4756K)
[1552.757s][info][gc             ] GC(143) Pause Young (Allocation Failure) 288M->14M(989M) 1.432ms
[1552.757s][info][gc,cpu         ] GC(143) User=0.00s Sys=0.00s Real=0.00s
[1564.351s][info][gc,start       ] GC(144) Pause Young (Allocation Failure)
[1564.351s][info][gc,task        ] GC(144) Using 6 workers of 6 for evacuation
[1564.352s][info][gc,heap        ] GC(144) ParNew: 280047K->284K(314560K)
[1564.352s][info][gc,heap        ] GC(144) CMS: 14551K->14552K(699072K)
[1564.352s][info][gc,metaspace   ] GC(144) Metaspace: 43814K(48152K)->43814K(48152K) NonClass: 40144K(43396K)->40144K(43396K) Class: 3670K(4756K)->3670K(4756K)
[1564.352s][info][gc             ] GC(144) Pause Young (Allocation Failure) 287M->14M(989M) 1.321ms
[1564.352s][info][gc,cpu         ] GC(144) User=0.00s Sys=0.00s Real=0.00s
[1575.894s][info][gc,start       ] GC(145) Pause Young (Allocation Failure)
[1575.894s][info][gc,task        ] GC(145) Using 6 workers of 6 for evacuation
[1575.895s][info][gc,heap        ] GC(145) ParNew: 279900K->321K(314560K)
[1575.895s][info][gc,heap        ] GC(145) CMS: 14552K->14553K(699072K)
[1575.895s][info][gc,metaspace   ] GC(145) Metaspace: 43814K(48152K)->43814K(48152K) NonClass: 40144K(43396K)->40144K(43396K) Class: 3670K(4756K)->3670K(4756K)
[1575.895s][info][gc             ] GC(145) Pause Young (Allocation Failure) 287M->14M(989M) 1.517ms
[1575.895s][info][gc,cpu         ] GC(145) User=0.08s Sys=0.00s Real=0.00s
[1587.422s][info][gc,start       ] GC(146) Pause Young (Allocation Failure)
[1587.422s][info][gc,task        ] GC(146) Using 6 workers of 6 for evacuation
[1587.423s][info][gc,heap        ] GC(146) ParNew: 279937K->240K(314560K)
[1587.423s][info][gc,heap        ] GC(146) CMS: 14553K->14554K(699072K)
[1587.423s][info][gc,metaspace   ] GC(146) Metaspace: 43814K(48152K)->43814K(48152K) NonClass: 40144K(43396K)->40144K(43396K) Class: 3670K(4756K)->3670K(4756K)
[1587.423s][info][gc             ] GC(146) Pause Young (Allocation Failure) 287M->14M(989M) 1.263ms
[1587.423s][info][gc,cpu         ] GC(146) User=0.00s Sys=0.00s Real=0.00s
[1598.983s][info][gc,start       ] GC(147) Pause Young (Allocation Failure)
[1598.983s][info][gc,task        ] GC(147) Using 6 workers of 6 for evacuation
[1598.985s][info][gc,heap        ] GC(147) ParNew: 279856K->216K(314560K)
[1598.985s][info][gc,heap        ] GC(147) CMS: 14554K->14555K(699072K)
[1598.985s][info][gc,metaspace   ] GC(147) Metaspace: 43814K(48152K)->43814K(48152K) NonClass: 40144K(43396K)->40144K(43396K) Class: 3670K(4756K)->3670K(4756K)
[1598.985s][info][gc             ] GC(147) Pause Young (Allocation Failure) 287M->14M(989M) 1.795ms
[1598.985s][info][gc,cpu         ] GC(147) User=0.00s Sys=0.00s Real=0.00s
[1610.557s][info][gc,start       ] GC(148) Pause Young (Allocation Failure)
[1610.557s][info][gc,task        ] GC(148) Using 6 workers of 6 for evacuation
[1610.558s][info][gc,heap        ] GC(148) ParNew: 279832K->256K(314560K)
[1610.558s][info][gc,heap        ] GC(148) CMS: 14555K->14556K(699072K)
[1610.558s][info][gc,metaspace   ] GC(148) Metaspace: 43814K(48152K)->43814K(48152K) NonClass: 40144K(43396K)->40144K(43396K) Class: 3670K(4756K)->3670K(4756K)
[1610.559s][info][gc             ] GC(148) Pause Young (Allocation Failure) 287M->14M(989M) 1.335ms
[1610.559s][info][gc,cpu         ] GC(148) User=0.00s Sys=0.00s Real=0.00s
[1622.166s][info][gc,start       ] GC(149) Pause Young (Allocation Failure)
[1622.166s][info][gc,task        ] GC(149) Using 6 workers of 6 for evacuation
[1622.167s][info][gc,heap        ] GC(149) ParNew: 279872K->235K(314560K)
[1622.167s][info][gc,heap        ] GC(149) CMS: 14556K->14557K(699072K)
[1622.167s][info][gc,metaspace   ] GC(149) Metaspace: 43814K(48152K)->43814K(48152K) NonClass: 40144K(43396K)->40144K(43396K) Class: 3670K(4756K)->3670K(4756K)
[1622.167s][info][gc             ] GC(149) Pause Young (Allocation Failure) 287M->14M(989M) 1.341ms
[1622.167s][info][gc,cpu         ] GC(149) User=0.00s Sys=0.00s Real=0.00s
[1633.767s][info][gc,start       ] GC(150) Pause Young (Allocation Failure)
[1633.767s][info][gc,task        ] GC(150) Using 6 workers of 6 for evacuation
[1633.768s][info][gc,heap        ] GC(150) ParNew: 279851K->305K(314560K)
[1633.768s][info][gc,heap        ] GC(150) CMS: 14557K->14557K(699072K)
[1633.768s][info][gc,metaspace   ] GC(150) Metaspace: 43815K(48152K)->43815K(48152K) NonClass: 40144K(43396K)->40144K(43396K) Class: 3670K(4756K)->3670K(4756K)
[1633.768s][info][gc             ] GC(150) Pause Young (Allocation Failure) 287M->14M(989M) 1.374ms
[1633.768s][info][gc,cpu         ] GC(150) User=0.00s Sys=0.00s Real=0.00s
[1645.366s][info][gc,start       ] GC(151) Pause Young (Allocation Failure)
[1645.366s][info][gc,task        ] GC(151) Using 6 workers of 6 for evacuation
[1645.367s][info][gc,heap        ] GC(151) ParNew: 279921K->292K(314560K)
[1645.367s][info][gc,heap        ] GC(151) CMS: 14557K->14559K(699072K)
[1645.367s][info][gc,metaspace   ] GC(151) Metaspace: 43815K(48152K)->43815K(48152K) NonClass: 40144K(43396K)->40144K(43396K) Class: 3670K(4756K)->3670K(4756K)
[1645.367s][info][gc             ] GC(151) Pause Young (Allocation Failure) 287M->14M(989M) 1.353ms
[1645.368s][info][gc,cpu         ] GC(151) User=0.00s Sys=0.00s Real=0.00s
[1656.957s][info][gc,start       ] GC(152) Pause Young (Allocation Failure)
[1656.957s][info][gc,task        ] GC(152) Using 6 workers of 6 for evacuation
[1656.959s][info][gc,heap        ] GC(152) ParNew: 279908K->318K(314560K)
[1656.959s][info][gc,heap        ] GC(152) CMS: 14559K->14560K(699072K)
[1656.959s][info][gc,metaspace   ] GC(152) Metaspace: 43815K(48152K)->43815K(48152K) NonClass: 40144K(43396K)->40144K(43396K) Class: 3670K(4756K)->3670K(4756K)
[1656.959s][info][gc             ] GC(152) Pause Young (Allocation Failure) 287M->14M(989M) 1.384ms
[1656.959s][info][gc,cpu         ] GC(152) User=0.00s Sys=0.00s Real=0.00s
[1668.583s][info][gc,start       ] GC(153) Pause Young (Allocation Failure)
[1668.583s][info][gc,task        ] GC(153) Using 6 workers of 6 for evacuation
[1668.584s][info][gc,heap        ] GC(153) ParNew: 279934K->245K(314560K)
[1668.584s][info][gc,heap        ] GC(153) CMS: 14560K->14561K(699072K)
[1668.584s][info][gc,metaspace   ] GC(153) Metaspace: 43815K(48152K)->43815K(48152K) NonClass: 40144K(43396K)->40144K(43396K) Class: 3670K(4756K)->3670K(4756K)
[1668.584s][info][gc             ] GC(153) Pause Young (Allocation Failure) 287M->14M(989M) 1.326ms
[1668.585s][info][gc,cpu         ] GC(153) User=0.00s Sys=0.00s Real=0.00s
[1680.185s][info][gc,start       ] GC(154) Pause Young (Allocation Failure)
[1680.185s][info][gc,task        ] GC(154) Using 6 workers of 6 for evacuation
[1680.186s][info][gc,heap        ] GC(154) ParNew: 279861K->247K(314560K)
[1680.186s][info][gc,heap        ] GC(154) CMS: 14561K->14561K(699072K)
[1680.186s][info][gc,metaspace   ] GC(154) Metaspace: 43815K(48152K)->43815K(48152K) NonClass: 40144K(43396K)->40144K(43396K) Class: 3670K(4756K)->3670K(4756K)
[1680.186s][info][gc             ] GC(154) Pause Young (Allocation Failure) 287M->14M(989M) 1.260ms
[1680.186s][info][gc,cpu         ] GC(154) User=0.00s Sys=0.00s Real=0.00s
[1691.733s][info][gc,start       ] GC(155) Pause Young (Allocation Failure)
[1691.733s][info][gc,task        ] GC(155) Using 6 workers of 6 for evacuation
[1691.734s][info][gc,heap        ] GC(155) ParNew: 279863K->283K(314560K)
[1691.734s][info][gc,heap        ] GC(155) CMS: 14561K->14562K(699072K)
[1691.734s][info][gc,metaspace   ] GC(155) Metaspace: 43815K(48152K)->43815K(48152K) NonClass: 40144K(43396K)->40144K(43396K) Class: 3670K(4756K)->3670K(4756K)
[1691.734s][info][gc             ] GC(155) Pause Young (Allocation Failure) 287M->14M(989M) 1.280ms
[1691.734s][info][gc,cpu         ] GC(155) User=0.00s Sys=0.00s Real=0.00s
[1703.386s][info][gc,start       ] GC(156) Pause Young (Allocation Failure)
[1703.386s][info][gc,task        ] GC(156) Using 6 workers of 6 for evacuation
[1703.388s][info][gc,heap        ] GC(156) ParNew: 279899K->238K(314560K)
[1703.388s][info][gc,heap        ] GC(156) CMS: 14562K->14564K(699072K)
[1703.388s][info][gc,metaspace   ] GC(156) Metaspace: 43815K(48152K)->43815K(48152K) NonClass: 40144K(43396K)->40144K(43396K) Class: 3670K(4756K)->3670K(4756K)
[1703.388s][info][gc             ] GC(156) Pause Young (Allocation Failure) 287M->14M(989M) 1.281ms
[1703.388s][info][gc,cpu         ] GC(156) User=0.00s Sys=0.00s Real=0.00s
[1704.735s][info][gc,start       ] GC(157) Pause Full (System.gc())
[1704.736s][info][gc,phases,start] GC(157) Phase 1: Mark live objects
[1704.770s][info][gc,phases      ] GC(157) Phase 1: Mark live objects 33.919ms
[1704.770s][info][gc,phases,start] GC(157) Phase 2: Compute new object addresses
[1704.776s][info][gc,phases      ] GC(157) Phase 2: Compute new object addresses 5.868ms
[1704.776s][info][gc,phases,start] GC(157) Phase 3: Adjust pointers
[1704.790s][info][gc,phases      ] GC(157) Phase 3: Adjust pointers 13.903ms
[1704.790s][info][gc,phases,start] GC(157) Phase 4: Move objects
[1704.792s][info][gc,phases      ] GC(157) Phase 4: Move objects 2.380ms
[1704.794s][info][gc,heap        ] GC(157) ParNew: 26160K->0K(314560K)
[1704.794s][info][gc,heap        ] GC(157) CMS: 14564K->12448K(699072K)
[1704.794s][info][gc,metaspace   ] GC(157) Metaspace: 43824K(48152K)->43824K(48152K) NonClass: 40153K(43396K)->40153K(43396K) Class: 3671K(4756K)->3671K(4756K)
[1704.795s][info][gc             ] GC(157) Pause Full (System.gc()) 39M->12M(989M) 59.393ms
[1704.795s][info][gc,cpu         ] GC(157) User=0.06s Sys=0.00s Real=0.06s
[1714.476s][info][gc,start       ] GC(158) Pause Young (Allocation Failure)
[1714.476s][info][gc,task        ] GC(158) Using 6 workers of 6 for evacuation
[1714.479s][info][gc,heap        ] GC(158) ParNew: 279616K->2414K(314560K)
[1714.479s][info][gc,heap        ] GC(158) CMS: 12448K->12448K(699072K)
[1714.479s][info][gc,metaspace   ] GC(158) Metaspace: 43610K(48152K)->43610K(48152K) NonClass: 39936K(43396K)->39936K(43396K) Class: 3673K(4756K)->3673K(4756K)
[1714.479s][info][gc             ] GC(158) Pause Young (Allocation Failure) 285M->14M(989M) 2.974ms
[1714.479s][info][gc,cpu         ] GC(158) User=0.00s Sys=0.00s Real=0.00s
[1726.048s][info][gc,start       ] GC(159) Pause Young (Allocation Failure)
[1726.048s][info][gc,task        ] GC(159) Using 6 workers of 6 for evacuation
[1726.050s][info][gc,heap        ] GC(159) ParNew: 282030K->2663K(314560K)
[1726.050s][info][gc,heap        ] GC(159) CMS: 12448K->12448K(699072K)
[1726.050s][info][gc,metaspace   ] GC(159) Metaspace: 43668K(48152K)->43668K(48152K) NonClass: 39994K(43396K)->39994K(43396K) Class: 3673K(4756K)->3673K(4756K)
[1726.050s][info][gc             ] GC(159) Pause Young (Allocation Failure) 287M->14M(989M) 2.438ms
[1726.050s][info][gc,cpu         ] GC(159) User=0.00s Sys=0.00s Real=0.00s
[1737.653s][info][gc,start       ] GC(160) Pause Young (Allocation Failure)
[1737.653s][info][gc,task        ] GC(160) Using 6 workers of 6 for evacuation
[1737.655s][info][gc,heap        ] GC(160) ParNew: 282279K->2791K(314560K)
[1737.655s][info][gc,heap        ] GC(160) CMS: 12448K->12448K(699072K)
[1737.655s][info][gc,metaspace   ] GC(160) Metaspace: 43881K(48152K)->43881K(48152K) NonClass: 40207K(43396K)->40207K(43396K) Class: 3673K(4756K)->3673K(4756K)
[1737.655s][info][gc             ] GC(160) Pause Young (Allocation Failure) 287M->14M(989M) 2.526ms
[1737.655s][info][gc,cpu         ] GC(160) User=0.00s Sys=0.00s Real=0.00s
[1749.259s][info][gc,start       ] GC(161) Pause Young (Allocation Failure)
[1749.259s][info][gc,task        ] GC(161) Using 6 workers of 6 for evacuation
[1749.262s][info][gc,heap        ] GC(161) ParNew: 282407K->2955K(314560K)
[1749.262s][info][gc,heap        ] GC(161) CMS: 12448K->12448K(699072K)
[1749.262s][info][gc,metaspace   ] GC(161) Metaspace: 43886K(48152K)->43886K(48152K) NonClass: 40212K(43396K)->40212K(43396K) Class: 3673K(4756K)->3673K(4756K)
[1749.262s][info][gc             ] GC(161) Pause Young (Allocation Failure) 287M->15M(989M) 2.595ms
[1749.262s][info][gc,cpu         ] GC(161) User=0.00s Sys=0.00s Real=0.00s
[1760.841s][info][gc,start       ] GC(162) Pause Young (Allocation Failure)
[1760.841s][info][gc,task        ] GC(162) Using 6 workers of 6 for evacuation
[1760.843s][info][gc,heap        ] GC(162) ParNew: 282571K->2818K(314560K)
[1760.843s][info][gc,heap        ] GC(162) CMS: 12448K->12448K(699072K)
[1760.843s][info][gc,metaspace   ] GC(162) Metaspace: 43914K(48408K)->43914K(48408K) NonClass: 40240K(43652K)->40240K(43652K) Class: 3673K(4756K)->3673K(4756K)
[1760.843s][info][gc             ] GC(162) Pause Young (Allocation Failure) 288M->14M(989M) 2.567ms
[1760.843s][info][gc,cpu         ] GC(162) User=0.00s Sys=0.00s Real=0.00s
[1772.405s][info][gc,start       ] GC(163) Pause Young (Allocation Failure)
[1772.405s][info][gc,task        ] GC(163) Using 6 workers of 6 for evacuation
[1772.407s][info][gc,heap        ] GC(163) ParNew: 282434K->2961K(314560K)
[1772.407s][info][gc,heap        ] GC(163) CMS: 12448K->12448K(699072K)
[1772.407s][info][gc,metaspace   ] GC(163) Metaspace: 43914K(48408K)->43914K(48408K) NonClass: 40240K(43652K)->40240K(43652K) Class: 3673K(4756K)->3673K(4756K)
[1772.407s][info][gc             ] GC(163) Pause Young (Allocation Failure) 287M->15M(989M) 2.608ms
[1772.407s][info][gc,cpu         ] GC(163) User=0.00s Sys=0.00s Real=0.00s
[1783.952s][info][gc,start       ] GC(164) Pause Young (Allocation Failure)
[1783.952s][info][gc,task        ] GC(164) Using 6 workers of 6 for evacuation
[1783.957s][info][gc,heap        ] GC(164) ParNew: 281994K->1565K(314560K)
[1783.957s][info][gc,heap        ] GC(164) CMS: 12448K->14544K(699072K)
[1783.957s][info][gc,metaspace   ] GC(164) Metaspace: 43914K(48408K)->43914K(48408K) NonClass: 40240K(43652K)->40240K(43652K) Class: 3673K(4756K)->3673K(4756K)
[1783.957s][info][gc             ] GC(164) Pause Young (Allocation Failure) 287M->15M(989M) 4.528ms
[1783.957s][info][gc,cpu         ] GC(164) User=0.00s Sys=0.00s Real=0.00s
[1795.503s][info][gc,start       ] GC(165) Pause Young (Allocation Failure)
[1795.503s][info][gc,task        ] GC(165) Using 6 workers of 6 for evacuation
[1795.505s][info][gc,heap        ] GC(165) ParNew: 281181K->438K(314560K)
[1795.505s][info][gc,heap        ] GC(165) CMS: 14544K->14547K(699072K)
[1795.505s][info][gc,metaspace   ] GC(165) Metaspace: 43914K(48408K)->43914K(48408K) NonClass: 40240K(43652K)->40240K(43652K) Class: 3673K(4756K)->3673K(4756K)
[1795.505s][info][gc             ] GC(165) Pause Young (Allocation Failure) 288M->14M(989M) 1.745ms
[1795.505s][info][gc,cpu         ] GC(165) User=0.08s Sys=0.02s Real=0.00s
[1807.111s][info][gc,start       ] GC(166) Pause Young (Allocation Failure)
[1807.111s][info][gc,task        ] GC(166) Using 6 workers of 6 for evacuation
[1807.113s][info][gc,heap        ] GC(166) ParNew: 280054K->312K(314560K)
[1807.113s][info][gc,heap        ] GC(166) CMS: 14547K->14549K(699072K)
[1807.113s][info][gc,metaspace   ] GC(166) Metaspace: 43914K(48408K)->43914K(48408K) NonClass: 40240K(43652K)->40240K(43652K) Class: 3673K(4756K)->3673K(4756K)
[1807.113s][info][gc             ] GC(166) Pause Young (Allocation Failure) 287M->14M(989M) 1.949ms
[1807.113s][info][gc,cpu         ] GC(166) User=0.00s Sys=0.00s Real=0.00s
[1818.652s][info][gc,start       ] GC(167) Pause Young (Allocation Failure)
[1818.652s][info][gc,task        ] GC(167) Using 6 workers of 6 for evacuation
[1818.653s][info][gc,heap        ] GC(167) ParNew: 279928K->299K(314560K)
[1818.653s][info][gc,heap        ] GC(167) CMS: 14549K->14550K(699072K)
[1818.653s][info][gc,metaspace   ] GC(167) Metaspace: 43914K(48408K)->43914K(48408K) NonClass: 40240K(43652K)->40240K(43652K) Class: 3673K(4756K)->3673K(4756K)
[1818.653s][info][gc             ] GC(167) Pause Young (Allocation Failure) 287M->14M(989M) 1.729ms
[1818.653s][info][gc,cpu         ] GC(167) User=0.00s Sys=0.00s Real=0.00s
[1830.209s][info][gc,start       ] GC(168) Pause Young (Allocation Failure)
[1830.209s][info][gc,task        ] GC(168) Using 6 workers of 6 for evacuation
[1830.211s][info][gc,heap        ] GC(168) ParNew: 279915K->266K(314560K)
[1830.211s][info][gc,heap        ] GC(168) CMS: 14550K->14551K(699072K)
[1830.211s][info][gc,metaspace   ] GC(168) Metaspace: 43914K(48408K)->43914K(48408K) NonClass: 40240K(43652K)->40240K(43652K) Class: 3673K(4756K)->3673K(4756K)
[1830.211s][info][gc             ] GC(168) Pause Young (Allocation Failure) 287M->14M(989M) 1.703ms
[1830.211s][info][gc,cpu         ] GC(168) User=0.00s Sys=0.00s Real=0.00s
[1841.776s][info][gc,start       ] GC(169) Pause Young (Allocation Failure)
[1841.777s][info][gc,task        ] GC(169) Using 6 workers of 6 for evacuation
[1841.778s][info][gc,heap        ] GC(169) ParNew: 279882K->318K(314560K)
[1841.778s][info][gc,heap        ] GC(169) CMS: 14551K->14552K(699072K)
[1841.778s][info][gc,metaspace   ] GC(169) Metaspace: 43914K(48408K)->43914K(48408K) NonClass: 40240K(43652K)->40240K(43652K) Class: 3673K(4756K)->3673K(4756K)
[1841.778s][info][gc             ] GC(169) Pause Young (Allocation Failure) 287M->14M(989M) 1.630ms
[1841.778s][info][gc,cpu         ] GC(169) User=0.00s Sys=0.00s Real=0.00s
[1853.336s][info][gc,start       ] GC(170) Pause Young (Allocation Failure)
[1853.336s][info][gc,task        ] GC(170) Using 6 workers of 6 for evacuation
[1853.338s][info][gc,heap        ] GC(170) ParNew: 279934K->215K(314560K)
[1853.338s][info][gc,heap        ] GC(170) CMS: 14552K->14553K(699072K)
[1853.338s][info][gc,metaspace   ] GC(170) Metaspace: 43914K(48408K)->43914K(48408K) NonClass: 40240K(43652K)->40240K(43652K) Class: 3673K(4756K)->3673K(4756K)
[1853.338s][info][gc             ] GC(170) Pause Young (Allocation Failure) 287M->14M(989M) 1.676ms
[1853.338s][info][gc,cpu         ] GC(170) User=0.00s Sys=0.00s Real=0.00s
[1864.932s][info][gc,start       ] GC(171) Pause Young (Allocation Failure)
[1864.932s][info][gc,task        ] GC(171) Using 6 workers of 6 for evacuation
[1864.934s][info][gc,heap        ] GC(171) ParNew: 279831K->276K(314560K)
[1864.934s][info][gc,heap        ] GC(171) CMS: 14553K->14554K(699072K)
[1864.934s][info][gc,metaspace   ] GC(171) Metaspace: 43914K(48408K)->43914K(48408K) NonClass: 40240K(43652K)->40240K(43652K) Class: 3673K(4756K)->3673K(4756K)
[1864.934s][info][gc             ] GC(171) Pause Young (Allocation Failure) 287M->14M(989M) 1.780ms
[1864.934s][info][gc,cpu         ] GC(171) User=0.00s Sys=0.00s Real=0.00s
[1876.491s][info][gc,start       ] GC(172) Pause Young (Allocation Failure)
[1876.492s][info][gc,task        ] GC(172) Using 6 workers of 6 for evacuation
[1876.493s][info][gc,heap        ] GC(172) ParNew: 279892K->223K(314560K)
[1876.493s][info][gc,heap        ] GC(172) CMS: 14554K->14554K(699072K)
[1876.493s][info][gc,metaspace   ] GC(172) Metaspace: 43914K(48408K)->43914K(48408K) NonClass: 40240K(43652K)->40240K(43652K) Class: 3674K(4756K)->3674K(4756K)
[1876.493s][info][gc             ] GC(172) Pause Young (Allocation Failure) 287M->14M(989M) 1.725ms
[1876.493s][info][gc,cpu         ] GC(172) User=0.00s Sys=0.00s Real=0.00s
[1888.088s][info][gc,start       ] GC(173) Pause Young (Allocation Failure)
[1888.088s][info][gc,task        ] GC(173) Using 6 workers of 6 for evacuation
[1888.089s][info][gc,heap        ] GC(173) ParNew: 279839K->302K(314560K)
[1888.089s][info][gc,heap        ] GC(173) CMS: 14554K->14555K(699072K)
[1888.089s][info][gc,metaspace   ] GC(173) Metaspace: 43914K(48408K)->43914K(48408K) NonClass: 40240K(43652K)->40240K(43652K) Class: 3674K(4756K)->3674K(4756K)
[1888.089s][info][gc             ] GC(173) Pause Young (Allocation Failure) 287M->14M(989M) 1.804ms
[1888.090s][info][gc,cpu         ] GC(173) User=0.00s Sys=0.00s Real=0.00s
[1899.640s][info][gc,start       ] GC(174) Pause Young (Allocation Failure)
[1899.640s][info][gc,task        ] GC(174) Using 6 workers of 6 for evacuation
[1899.642s][info][gc,heap        ] GC(174) ParNew: 279918K->283K(314560K)
[1899.642s][info][gc,heap        ] GC(174) CMS: 14555K->14556K(699072K)
[1899.642s][info][gc,metaspace   ] GC(174) Metaspace: 43914K(48408K)->43914K(48408K) NonClass: 40240K(43652K)->40240K(43652K) Class: 3674K(4756K)->3674K(4756K)
[1899.642s][info][gc             ] GC(174) Pause Young (Allocation Failure) 287M->14M(989M) 1.641ms
[1899.642s][info][gc,cpu         ] GC(174) User=0.00s Sys=0.00s Real=0.00s
[1911.242s][info][gc,start       ] GC(175) Pause Young (Allocation Failure)
[1911.242s][info][gc,task        ] GC(175) Using 6 workers of 6 for evacuation
[1911.244s][info][gc,heap        ] GC(175) ParNew: 279899K->301K(314560K)
[1911.244s][info][gc,heap        ] GC(175) CMS: 14556K->14557K(699072K)
[1911.244s][info][gc,metaspace   ] GC(175) Metaspace: 43915K(48408K)->43915K(48408K) NonClass: 40241K(43652K)->40241K(43652K) Class: 3674K(4756K)->3674K(4756K)
[1911.244s][info][gc             ] GC(175) Pause Young (Allocation Failure) 287M->14M(989M) 1.887ms
[1911.244s][info][gc,cpu         ] GC(175) User=0.00s Sys=0.00s Real=0.00s
[1922.844s][info][gc,start       ] GC(176) Pause Young (Allocation Failure)
[1922.845s][info][gc,task        ] GC(176) Using 6 workers of 6 for evacuation
[1922.846s][info][gc,heap        ] GC(176) ParNew: 279917K->337K(314560K)
[1922.846s][info][gc,heap        ] GC(176) CMS: 14557K->14558K(699072K)
[1922.846s][info][gc,metaspace   ] GC(176) Metaspace: 43915K(48408K)->43915K(48408K) NonClass: 40241K(43652K)->40241K(43652K) Class: 3674K(4756K)->3674K(4756K)
[1922.846s][info][gc             ] GC(176) Pause Young (Allocation Failure) 287M->14M(989M) 1.653ms
[1922.846s][info][gc,cpu         ] GC(176) User=0.00s Sys=0.00s Real=0.00s
[1934.452s][info][gc,start       ] GC(177) Pause Young (Allocation Failure)
[1934.452s][info][gc,task        ] GC(177) Using 6 workers of 6 for evacuation
[1934.454s][info][gc,heap        ] GC(177) ParNew: 279953K->292K(314560K)
[1934.454s][info][gc,heap        ] GC(177) CMS: 14558K->14559K(699072K)
[1934.454s][info][gc,metaspace   ] GC(177) Metaspace: 43929K(48408K)->43929K(48408K) NonClass: 40254K(43652K)->40254K(43652K) Class: 3674K(4756K)->3674K(4756K)
[1934.454s][info][gc             ] GC(177) Pause Young (Allocation Failure) 287M->14M(989M) 1.672ms
[1934.454s][info][gc,cpu         ] GC(177) User=0.00s Sys=0.00s Real=0.00s
[1946.049s][info][gc,start       ] GC(178) Pause Young (Allocation Failure)
[1946.049s][info][gc,task        ] GC(178) Using 6 workers of 6 for evacuation
[1946.051s][info][gc,heap        ] GC(178) ParNew: 279908K->319K(314560K)
[1946.051s][info][gc,heap        ] GC(178) CMS: 14559K->14560K(699072K)
[1946.051s][info][gc,metaspace   ] GC(178) Metaspace: 43929K(48408K)->43929K(48408K) NonClass: 40254K(43652K)->40254K(43652K) Class: 3674K(4756K)->3674K(4756K)
[1946.051s][info][gc             ] GC(178) Pause Young (Allocation Failure) 287M->14M(989M) 1.773ms
[1946.051s][info][gc,cpu         ] GC(178) User=0.00s Sys=0.00s Real=0.00s
[1946.865s][info][gc,start       ] GC(179) Pause Full (System.gc())
[1946.865s][info][gc,phases,start] GC(179) Phase 1: Mark live objects
[1946.900s][info][gc,phases      ] GC(179) Phase 1: Mark live objects 34.238ms
[1946.900s][info][gc,phases,start] GC(179) Phase 2: Compute new object addresses
[1946.905s][info][gc,phases      ] GC(179) Phase 2: Compute new object addresses 5.156ms
[1946.905s][info][gc,phases,start] GC(179) Phase 3: Adjust pointers
[1946.919s][info][gc,phases      ] GC(179) Phase 3: Adjust pointers 14.000ms
[1946.919s][info][gc,phases,start] GC(179) Phase 4: Move objects
[1946.921s][info][gc,phases      ] GC(179) Phase 4: Move objects 2.540ms
[1946.922s][info][gc,heap        ] GC(179) ParNew: 16426K->0K(314560K)
[1946.922s][info][gc,heap        ] GC(179) CMS: 14560K->12454K(699072K)
[1946.922s][info][gc,metaspace   ] GC(179) Metaspace: 43939K(48408K)->43939K(48408K) NonClass: 40263K(43652K)->40263K(43652K) Class: 3675K(4756K)->3675K(4756K)
[1946.923s][info][gc             ] GC(179) Pause Full (System.gc()) 30M->12M(989M) 57.790ms
[1946.923s][info][gc,cpu         ] GC(179) User=0.05s Sys=0.00s Real=0.06s
[1956.615s][info][gc,start       ] GC(180) Pause Young (Allocation Failure)
[1956.615s][info][gc,task        ] GC(180) Using 6 workers of 6 for evacuation
[1956.617s][info][gc,heap        ] GC(180) ParNew: 279616K->2416K(314560K)
[1956.617s][info][gc,heap        ] GC(180) CMS: 12454K->12454K(699072K)
[1956.617s][info][gc,metaspace   ] GC(180) Metaspace: 43657K(48408K)->43657K(48408K) NonClass: 39985K(43652K)->39985K(43652K) Class: 3672K(4756K)->3672K(4756K)
[1956.617s][info][gc             ] GC(180) Pause Young (Allocation Failure) 285M->14M(989M) 2.738ms
[1956.617s][info][gc,cpu         ] GC(180) User=0.00s Sys=0.00s Real=0.00s
[1968.199s][info][gc,start       ] GC(181) Pause Young (Allocation Failure)
[1968.199s][info][gc,task        ] GC(181) Using 6 workers of 6 for evacuation
[1968.201s][info][gc,heap        ] GC(181) ParNew: 282032K->2633K(314560K)
[1968.202s][info][gc,heap        ] GC(181) CMS: 12454K->12454K(699072K)
[1968.202s][info][gc,metaspace   ] GC(181) Metaspace: 43715K(48408K)->43715K(48408K) NonClass: 40043K(43652K)->40043K(43652K) Class: 3672K(4756K)->3672K(4756K)
[1968.202s][info][gc             ] GC(181) Pause Young (Allocation Failure) 287M->14M(989M) 2.314ms
[1968.202s][info][gc,cpu         ] GC(181) User=0.00s Sys=0.00s Real=0.00s
[1979.771s][info][gc,start       ] GC(182) Pause Young (Allocation Failure)
[1979.771s][info][gc,task        ] GC(182) Using 6 workers of 6 for evacuation
[1979.774s][info][gc,heap        ] GC(182) ParNew: 282249K->3183K(314560K)
[1979.774s][info][gc,heap        ] GC(182) CMS: 12454K->12454K(699072K)
[1979.774s][info][gc,metaspace   ] GC(182) Metaspace: 43941K(48408K)->43941K(48408K) NonClass: 40269K(43652K)->40269K(43652K) Class: 3672K(4756K)->3672K(4756K)
[1979.774s][info][gc             ] GC(182) Pause Young (Allocation Failure) 287M->15M(989M) 2.558ms
[1979.774s][info][gc,cpu         ] GC(182) User=0.00s Sys=0.00s Real=0.00s
[1991.354s][info][gc,start       ] GC(183) Pause Young (Allocation Failure)
[1991.355s][info][gc,task        ] GC(183) Using 6 workers of 6 for evacuation
[1991.357s][info][gc,heap        ] GC(183) ParNew: 282799K->3183K(314560K)
[1991.357s][info][gc,heap        ] GC(183) CMS: 12454K->12454K(699072K)
[1991.357s][info][gc,metaspace   ] GC(183) Metaspace: 43945K(48408K)->43945K(48408K) NonClass: 40273K(43652K)->40273K(43652K) Class: 3672K(4756K)->3672K(4756K)
[1991.357s][info][gc             ] GC(183) Pause Young (Allocation Failure) 288M->15M(989M) 2.473ms
[1991.357s][info][gc,cpu         ] GC(183) User=0.00s Sys=0.00s Real=0.00s
[2002.922s][info][gc,start       ] GC(184) Pause Young (Allocation Failure)
[2002.922s][info][gc,task        ] GC(184) Using 6 workers of 6 for evacuation
[2002.925s][info][gc,heap        ] GC(184) ParNew: 282799K->2950K(314560K)
[2002.925s][info][gc,heap        ] GC(184) CMS: 12454K->12454K(699072K)
[2002.925s][info][gc,metaspace   ] GC(184) Metaspace: 43963K(48408K)->43963K(48408K) NonClass: 40291K(43652K)->40291K(43652K) Class: 3672K(4756K)->3672K(4756K)
[2002.925s][info][gc             ] GC(184) Pause Young (Allocation Failure) 288M->15M(989M) 2.528ms
[2002.925s][info][gc,cpu         ] GC(184) User=0.00s Sys=0.00s Real=0.00s
[2014.501s][info][gc,start       ] GC(185) Pause Young (Allocation Failure)
[2014.501s][info][gc,task        ] GC(185) Using 6 workers of 6 for evacuation
[2014.503s][info][gc,heap        ] GC(185) ParNew: 282566K->2931K(314560K)
[2014.503s][info][gc,heap        ] GC(185) CMS: 12454K->12454K(699072K)
[2014.503s][info][gc,metaspace   ] GC(185) Metaspace: 43963K(48408K)->43963K(48408K) NonClass: 40291K(43652K)->40291K(43652K) Class: 3672K(4756K)->3672K(4756K)
[2014.503s][info][gc             ] GC(185) Pause Young (Allocation Failure) 288M->15M(989M) 2.460ms
[2014.503s][info][gc,cpu         ] GC(185) User=0.00s Sys=0.00s Real=0.00s
[2026.050s][info][gc,start       ] GC(186) Pause Young (Allocation Failure)
[2026.050s][info][gc,task        ] GC(186) Using 6 workers of 6 for evacuation
[2026.055s][info][gc,heap        ] GC(186) ParNew: 282547K->1545K(314560K)
[2026.055s][info][gc,heap        ] GC(186) CMS: 12454K->14539K(699072K)
[2026.055s][info][gc,metaspace   ] GC(186) Metaspace: 43964K(48408K)->43964K(48408K) NonClass: 40292K(43652K)->40292K(43652K) Class: 3672K(4756K)->3672K(4756K)
[2026.055s][info][gc             ] GC(186) Pause Young (Allocation Failure) 288M->15M(989M) 5.386ms
[2026.055s][info][gc,cpu         ] GC(186) User=0.06s Sys=0.00s Real=0.00s
[2037.587s][info][gc,start       ] GC(187) Pause Young (Allocation Failure)
[2037.587s][info][gc,task        ] GC(187) Using 6 workers of 6 for evacuation
[2037.589s][info][gc,heap        ] GC(187) ParNew: 281161K->502K(314560K)
[2037.589s][info][gc,heap        ] GC(187) CMS: 14539K->14543K(699072K)
[2037.589s][info][gc,metaspace   ] GC(187) Metaspace: 43966K(48408K)->43966K(48408K) NonClass: 40293K(43652K)->40293K(43652K) Class: 3672K(4756K)->3672K(4756K)
[2037.589s][info][gc             ] GC(187) Pause Young (Allocation Failure) 288M->14M(989M) 1.801ms
[2037.589s][info][gc,cpu         ] GC(187) User=0.00s Sys=0.00s Real=0.00s
[2049.209s][info][gc,start       ] GC(188) Pause Young (Allocation Failure)
[2049.209s][info][gc,task        ] GC(188) Using 6 workers of 6 for evacuation
[2049.211s][info][gc,heap        ] GC(188) ParNew: 280118K->270K(314560K)
[2049.211s][info][gc,heap        ] GC(188) CMS: 14543K->14545K(699072K)
[2049.211s][info][gc,metaspace   ] GC(188) Metaspace: 43966K(48408K)->43966K(48408K) NonClass: 40293K(43652K)->40293K(43652K) Class: 3672K(4756K)->3672K(4756K)
[2049.211s][info][gc             ] GC(188) Pause Young (Allocation Failure) 287M->14M(989M) 1.858ms
[2049.211s][info][gc,cpu         ] GC(188) User=0.00s Sys=0.00s Real=0.00s
[2060.757s][info][gc,start       ] GC(189) Pause Young (Allocation Failure)
[2060.757s][info][gc,task        ] GC(189) Using 6 workers of 6 for evacuation
[2060.758s][info][gc,heap        ] GC(189) ParNew: 279886K->266K(314560K)
[2060.759s][info][gc,heap        ] GC(189) CMS: 14545K->14546K(699072K)
[2060.759s][info][gc,metaspace   ] GC(189) Metaspace: 43966K(48408K)->43966K(48408K) NonClass: 40293K(43652K)->40293K(43652K) Class: 3672K(4756K)->3672K(4756K)
[2060.759s][info][gc             ] GC(189) Pause Young (Allocation Failure) 287M->14M(989M) 1.735ms
[2060.759s][info][gc,cpu         ] GC(189) User=0.00s Sys=0.00s Real=0.00s
[2072.288s][info][gc,start       ] GC(190) Pause Young (Allocation Failure)
[2072.289s][info][gc,task        ] GC(190) Using 6 workers of 6 for evacuation
[2072.290s][info][gc,heap        ] GC(190) ParNew: 279882K->288K(314560K)
[2072.290s][info][gc,heap        ] GC(190) CMS: 14546K->14547K(699072K)
[2072.290s][info][gc,metaspace   ] GC(190) Metaspace: 43966K(48408K)->43966K(48408K) NonClass: 40293K(43652K)->40293K(43652K) Class: 3672K(4756K)->3672K(4756K)
[2072.290s][info][gc             ] GC(190) Pause Young (Allocation Failure) 287M->14M(989M) 1.723ms
[2072.290s][info][gc,cpu         ] GC(190) User=0.00s Sys=0.00s Real=0.00s
[2083.848s][info][gc,start       ] GC(191) Pause Young (Allocation Failure)
[2083.848s][info][gc,task        ] GC(191) Using 6 workers of 6 for evacuation
[2083.849s][info][gc,heap        ] GC(191) ParNew: 279904K->261K(314560K)
[2083.849s][info][gc,heap        ] GC(191) CMS: 14547K->14548K(699072K)
[2083.849s][info][gc,metaspace   ] GC(191) Metaspace: 43966K(48408K)->43966K(48408K) NonClass: 40293K(43652K)->40293K(43652K) Class: 3672K(4756K)->3672K(4756K)
[2083.849s][info][gc             ] GC(191) Pause Young (Allocation Failure) 287M->14M(989M) 1.726ms
[2083.849s][info][gc,cpu         ] GC(191) User=0.02s Sys=0.00s Real=0.00s
[2095.410s][info][gc,start       ] GC(192) Pause Young (Allocation Failure)
[2095.410s][info][gc,task        ] GC(192) Using 6 workers of 6 for evacuation
[2095.411s][info][gc,heap        ] GC(192) ParNew: 279877K->225K(314560K)
[2095.411s][info][gc,heap        ] GC(192) CMS: 14548K->14548K(699072K)
[2095.411s][info][gc,metaspace   ] GC(192) Metaspace: 43966K(48408K)->43966K(48408K) NonClass: 40293K(43652K)->40293K(43652K) Class: 3672K(4756K)->3672K(4756K)
[2095.411s][info][gc             ] GC(192) Pause Young (Allocation Failure) 287M->14M(989M) 1.669ms
[2095.411s][info][gc,cpu         ] GC(192) User=0.09s Sys=0.00s Real=0.00s
[2106.986s][info][gc,start       ] GC(193) Pause Young (Allocation Failure)
[2106.986s][info][gc,task        ] GC(193) Using 6 workers of 6 for evacuation
[2106.987s][info][gc,heap        ] GC(193) ParNew: 279841K->230K(314560K)
[2106.987s][info][gc,heap        ] GC(193) CMS: 14548K->14549K(699072K)
[2106.987s][info][gc,metaspace   ] GC(193) Metaspace: 43966K(48408K)->43966K(48408K) NonClass: 40293K(43652K)->40293K(43652K) Class: 3672K(4756K)->3672K(4756K)
[2106.987s][info][gc             ] GC(193) Pause Young (Allocation Failure) 287M->14M(989M) 1.833ms
[2106.987s][info][gc,cpu         ] GC(193) User=0.00s Sys=0.00s Real=0.00s
[2118.581s][info][gc,start       ] GC(194) Pause Young (Allocation Failure)
[2118.581s][info][gc,task        ] GC(194) Using 6 workers of 6 for evacuation
[2118.583s][info][gc,heap        ] GC(194) ParNew: 279846K->205K(314560K)
[2118.583s][info][gc,heap        ] GC(194) CMS: 14549K->14550K(699072K)
[2118.583s][info][gc,metaspace   ] GC(194) Metaspace: 43967K(48408K)->43967K(48408K) NonClass: 40294K(43652K)->40294K(43652K) Class: 3672K(4756K)->3672K(4756K)
[2118.583s][info][gc             ] GC(194) Pause Young (Allocation Failure) 287M->14M(989M) 1.798ms
[2118.583s][info][gc,cpu         ] GC(194) User=0.09s Sys=0.00s Real=0.00s
[2130.147s][info][gc,start       ] GC(195) Pause Young (Allocation Failure)
[2130.147s][info][gc,task        ] GC(195) Using 6 workers of 6 for evacuation
[2130.149s][info][gc,heap        ] GC(195) ParNew: 279821K->284K(314560K)
[2130.149s][info][gc,heap        ] GC(195) CMS: 14550K->14551K(699072K)
[2130.149s][info][gc,metaspace   ] GC(195) Metaspace: 43967K(48408K)->43967K(48408K) NonClass: 40294K(43652K)->40294K(43652K) Class: 3672K(4756K)->3672K(4756K)
[2130.149s][info][gc             ] GC(195) Pause Young (Allocation Failure) 287M->14M(989M) 1.696ms
[2130.149s][info][gc,cpu         ] GC(195) User=0.00s Sys=0.00s Real=0.00s
[2141.752s][info][gc,start       ] GC(196) Pause Young (Allocation Failure)
[2141.752s][info][gc,task        ] GC(196) Using 6 workers of 6 for evacuation
[2141.753s][info][gc,heap        ] GC(196) ParNew: 279900K->217K(314560K)
[2141.753s][info][gc,heap        ] GC(196) CMS: 14551K->14552K(699072K)
[2141.753s][info][gc,metaspace   ] GC(196) Metaspace: 43967K(48408K)->43967K(48408K) NonClass: 40294K(43652K)->40294K(43652K) Class: 3672K(4756K)->3672K(4756K)
[2141.753s][info][gc             ] GC(196) Pause Young (Allocation Failure) 287M->14M(989M) 1.751ms
[2141.753s][info][gc,cpu         ] GC(196) User=0.00s Sys=0.00s Real=0.00s
[2153.359s][info][gc,start       ] GC(197) Pause Young (Allocation Failure)
[2153.360s][info][gc,task        ] GC(197) Using 6 workers of 6 for evacuation
[2153.361s][info][gc,heap        ] GC(197) ParNew: 279833K->236K(314560K)
[2153.361s][info][gc,heap        ] GC(197) CMS: 14552K->14553K(699072K)
[2153.361s][info][gc,metaspace   ] GC(197) Metaspace: 43967K(48408K)->43967K(48408K) NonClass: 40294K(43652K)->40294K(43652K) Class: 3672K(4756K)->3672K(4756K)
[2153.361s][info][gc             ] GC(197) Pause Young (Allocation Failure) 287M->14M(989M) 1.723ms
[2153.361s][info][gc,cpu         ] GC(197) User=0.00s Sys=0.00s Real=0.00s
[2164.962s][info][gc,start       ] GC(198) Pause Young (Allocation Failure)
[2164.962s][info][gc,task        ] GC(198) Using 6 workers of 6 for evacuation
[2164.964s][info][gc,heap        ] GC(198) ParNew: 279852K->221K(314560K)
[2164.964s][info][gc,heap        ] GC(198) CMS: 14553K->14553K(699072K)
[2164.964s][info][gc,metaspace   ] GC(198) Metaspace: 43967K(48408K)->43967K(48408K) NonClass: 40294K(43652K)->40294K(43652K) Class: 3672K(4756K)->3672K(4756K)
[2164.964s][info][gc             ] GC(198) Pause Young (Allocation Failure) 287M->14M(989M) 1.717ms
[2164.964s][info][gc,cpu         ] GC(198) User=0.00s Sys=0.00s Real=0.00s
[2176.540s][info][gc,start       ] GC(199) Pause Young (Allocation Failure)
[2176.540s][info][gc,task        ] GC(199) Using 6 workers of 6 for evacuation
[2176.541s][info][gc,heap        ] GC(199) ParNew: 279837K->243K(314560K)
[2176.541s][info][gc,heap        ] GC(199) CMS: 14553K->14554K(699072K)
[2176.541s][info][gc,metaspace   ] GC(199) Metaspace: 43967K(48408K)->43967K(48408K) NonClass: 40294K(43652K)->40294K(43652K) Class: 3672K(4756K)->3672K(4756K)
[2176.541s][info][gc             ] GC(199) Pause Young (Allocation Failure) 287M->14M(989M) 1.721ms
[2176.541s][info][gc,cpu         ] GC(199) User=0.00s Sys=0.00s Real=0.00s
[2188.168s][info][gc,start       ] GC(200) Pause Young (Allocation Failure)
[2188.169s][info][gc,task        ] GC(200) Using 6 workers of 6 for evacuation
[2188.170s][info][gc,heap        ] GC(200) ParNew: 279859K->320K(314560K)
[2188.170s][info][gc,heap        ] GC(200) CMS: 14554K->14556K(699072K)
[2188.170s][info][gc,metaspace   ] GC(200) Metaspace: 43967K(48408K)->43967K(48408K) NonClass: 40294K(43652K)->40294K(43652K) Class: 3672K(4756K)->3672K(4756K)
[2188.170s][info][gc             ] GC(200) Pause Young (Allocation Failure) 287M->14M(989M) 1.648ms
[2188.170s][info][gc,cpu         ] GC(200) User=0.00s Sys=0.00s Real=0.00s
[2189.165s][info][gc,start       ] GC(201) Pause Full (System.gc())
[2189.165s][info][gc,phases,start] GC(201) Phase 1: Mark live objects
[2189.200s][info][gc,phases      ] GC(201) Phase 1: Mark live objects 34.771ms
[2189.200s][info][gc,phases,start] GC(201) Phase 2: Compute new object addresses
[2189.205s][info][gc,phases      ] GC(201) Phase 2: Compute new object addresses 5.525ms
[2189.205s][info][gc,phases,start] GC(201) Phase 3: Adjust pointers
[2189.219s][info][gc,phases      ] GC(201) Phase 3: Adjust pointers 13.996ms
[2189.219s][info][gc,phases,start] GC(201) Phase 4: Move objects
[2189.221s][info][gc,phases      ] GC(201) Phase 4: Move objects 1.128ms
[2189.221s][info][gc,heap        ] GC(201) ParNew: 23600K->0K(314560K)
[2189.221s][info][gc,heap        ] GC(201) CMS: 14556K->12456K(699072K)
[2189.221s][info][gc,metaspace   ] GC(201) Metaspace: 43979K(48408K)->43979K(48408K) NonClass: 40306K(43652K)->40306K(43652K) Class: 3673K(4756K)->3673K(4756K)
[2189.222s][info][gc             ] GC(201) Pause Full (System.gc()) 37M->12M(989M) 57.387ms
[2189.222s][info][gc,cpu         ] GC(201) User=0.05s Sys=0.00s Real=0.06s
[2198.927s][info][gc,start       ] GC(202) Pause Young (Allocation Failure)
[2198.927s][info][gc,task        ] GC(202) Using 6 workers of 6 for evacuation
[2198.929s][info][gc,heap        ] GC(202) ParNew: 279616K->2400K(314560K)
[2198.930s][info][gc,heap        ] GC(202) CMS: 12456K->12456K(699072K)
[2198.930s][info][gc,metaspace   ] GC(202) Metaspace: 43681K(48408K)->43681K(48408K) NonClass: 40009K(43652K)->40009K(43652K) Class: 3672K(4756K)->3672K(4756K)
[2198.930s][info][gc             ] GC(202) Pause Young (Allocation Failure) 285M->14M(989M) 2.792ms
[2198.930s][info][gc,cpu         ] GC(202) User=0.00s Sys=0.00s Real=0.00s
[2210.499s][info][gc,start       ] GC(203) Pause Young (Allocation Failure)
[2210.499s][info][gc,task        ] GC(203) Using 6 workers of 6 for evacuation
[2210.501s][info][gc,heap        ] GC(203) ParNew: 282016K->2909K(314560K)
[2210.502s][info][gc,heap        ] GC(203) CMS: 12456K->12456K(699072K)
[2210.502s][info][gc,metaspace   ] GC(203) Metaspace: 43748K(48408K)->43748K(48408K) NonClass: 40076K(43652K)->40076K(43652K) Class: 3672K(4756K)->3672K(4756K)
[2210.502s][info][gc             ] GC(203) Pause Young (Allocation Failure) 287M->15M(989M) 2.457ms
[2210.502s][info][gc,cpu         ] GC(203) User=0.00s Sys=0.00s Real=0.00s
[2222.076s][info][gc,start       ] GC(204) Pause Young (Allocation Failure)
[2222.076s][info][gc,task        ] GC(204) Using 6 workers of 6 for evacuation
[2222.078s][info][gc,heap        ] GC(204) ParNew: 282525K->2764K(314560K)
[2222.078s][info][gc,heap        ] GC(204) CMS: 12456K->12456K(699072K)
[2222.078s][info][gc,metaspace   ] GC(204) Metaspace: 43974K(48408K)->43974K(48408K) NonClass: 40302K(43652K)->40302K(43652K) Class: 3672K(4756K)->3672K(4756K)
[2222.078s][info][gc             ] GC(204) Pause Young (Allocation Failure) 288M->14M(989M) 2.415ms
[2222.078s][info][gc,cpu         ] GC(204) User=0.00s Sys=0.00s Real=0.00s
[2233.650s][info][gc,start       ] GC(205) Pause Young (Allocation Failure)
[2233.650s][info][gc,task        ] GC(205) Using 6 workers of 6 for evacuation
[2233.652s][info][gc,heap        ] GC(205) ParNew: 282380K->2925K(314560K)
[2233.652s][info][gc,heap        ] GC(205) CMS: 12456K->12456K(699072K)
[2233.652s][info][gc,metaspace   ] GC(205) Metaspace: 43978K(48408K)->43978K(48408K) NonClass: 40306K(43652K)->40306K(43652K) Class: 3672K(4756K)->3672K(4756K)
[2233.652s][info][gc             ] GC(205) Pause Young (Allocation Failure) 287M->15M(989M) 2.477ms
[2233.652s][info][gc,cpu         ] GC(205) User=0.00s Sys=0.00s Real=0.00s
[2245.234s][info][gc,start       ] GC(206) Pause Young (Allocation Failure)
[2245.234s][info][gc,task        ] GC(206) Using 6 workers of 6 for evacuation
[2245.236s][info][gc,heap        ] GC(206) ParNew: 282541K->2637K(314560K)
[2245.236s][info][gc,heap        ] GC(206) CMS: 12456K->12456K(699072K)
[2245.236s][info][gc,metaspace   ] GC(206) Metaspace: 43994K(48408K)->43994K(48408K) NonClass: 40322K(43652K)->40322K(43652K) Class: 3672K(4756K)->3672K(4756K)
[2245.236s][info][gc             ] GC(206) Pause Young (Allocation Failure) 288M->14M(989M) 2.397ms
[2245.236s][info][gc,cpu         ] GC(206) User=0.00s Sys=0.00s Real=0.00s
[2256.844s][info][gc,start       ] GC(207) Pause Young (Allocation Failure)
[2256.844s][info][gc,task        ] GC(207) Using 6 workers of 6 for evacuation
[2256.847s][info][gc,heap        ] GC(207) ParNew: 282253K->2907K(314560K)
[2256.847s][info][gc,heap        ] GC(207) CMS: 12456K->12456K(699072K)
[2256.847s][info][gc,metaspace   ] GC(207) Metaspace: 43995K(48408K)->43995K(48408K) NonClass: 40323K(43652K)->40323K(43652K) Class: 3672K(4756K)->3672K(4756K)
[2256.847s][info][gc             ] GC(207) Pause Young (Allocation Failure) 287M->15M(989M) 2.528ms
[2256.847s][info][gc,cpu         ] GC(207) User=0.00s Sys=0.00s Real=0.00s
[2268.412s][info][gc,start       ] GC(208) Pause Young (Allocation Failure)
[2268.412s][info][gc,task        ] GC(208) Using 6 workers of 6 for evacuation
[2268.416s][info][gc,heap        ] GC(208) ParNew: 282517K->1521K(314560K)
[2268.416s][info][gc,heap        ] GC(208) CMS: 12456K->14538K(699072K)
[2268.416s][info][gc,metaspace   ] GC(208) Metaspace: 43995K(48408K)->43995K(48408K) NonClass: 40323K(43652K)->40323K(43652K) Class: 3672K(4756K)->3672K(4756K)
[2268.416s][info][gc             ] GC(208) Pause Young (Allocation Failure) 288M->15M(989M) 3.926ms
[2268.416s][info][gc,cpu         ] GC(208) User=0.00s Sys=0.00s Real=0.00s
[2279.940s][info][gc,start       ] GC(209) Pause Young (Allocation Failure)
[2279.940s][info][gc,task        ] GC(209) Using 6 workers of 6 for evacuation
[2279.941s][info][gc,heap        ] GC(209) ParNew: 281137K->427K(314560K)
[2279.941s][info][gc,heap        ] GC(209) CMS: 14538K->14544K(699072K)
[2279.941s][info][gc,metaspace   ] GC(209) Metaspace: 43995K(48408K)->43995K(48408K) NonClass: 40323K(43652K)->40323K(43652K) Class: 3672K(4756K)->3672K(4756K)
[2279.941s][info][gc             ] GC(209) Pause Young (Allocation Failure) 288M->14M(989M) 1.747ms
[2279.941s][info][gc,cpu         ] GC(209) User=0.00s Sys=0.00s Real=0.00s
[2291.517s][info][gc,start       ] GC(210) Pause Young (Allocation Failure)
[2291.517s][info][gc,task        ] GC(210) Using 6 workers of 6 for evacuation
[2291.519s][info][gc,heap        ] GC(210) ParNew: 280043K->293K(314560K)
[2291.519s][info][gc,heap        ] GC(210) CMS: 14544K->14545K(699072K)
[2291.519s][info][gc,metaspace   ] GC(210) Metaspace: 43995K(48408K)->43995K(48408K) NonClass: 40323K(43652K)->40323K(43652K) Class: 3672K(4756K)->3672K(4756K)
[2291.519s][info][gc             ] GC(210) Pause Young (Allocation Failure) 287M->14M(989M) 1.527ms
[2291.519s][info][gc,cpu         ] GC(210) User=0.00s Sys=0.00s Real=0.00s
[2303.064s][info][gc,start       ] GC(211) Pause Young (Allocation Failure)
[2303.064s][info][gc,task        ] GC(211) Using 6 workers of 6 for evacuation
[2303.065s][info][gc,heap        ] GC(211) ParNew: 279909K->266K(314560K)
[2303.065s][info][gc,heap        ] GC(211) CMS: 14545K->14545K(699072K)
[2303.065s][info][gc,metaspace   ] GC(211) Metaspace: 43998K(48408K)->43998K(48408K) NonClass: 40325K(43652K)->40325K(43652K) Class: 3672K(4756K)->3672K(4756K)
[2303.065s][info][gc             ] GC(211) Pause Young (Allocation Failure) 287M->14M(989M) 1.614ms
[2303.065s][info][gc,cpu         ] GC(211) User=0.00s Sys=0.00s Real=0.00s
[2314.605s][info][gc,start       ] GC(212) Pause Young (Allocation Failure)
[2314.605s][info][gc,task        ] GC(212) Using 6 workers of 6 for evacuation
[2314.607s][info][gc,heap        ] GC(212) ParNew: 279882K->308K(314560K)
[2314.607s][info][gc,heap        ] GC(212) CMS: 14545K->14547K(699072K)
[2314.607s][info][gc,metaspace   ] GC(212) Metaspace: 43998K(48408K)->43998K(48408K) NonClass: 40325K(43652K)->40325K(43652K) Class: 3672K(4756K)->3672K(4756K)
[2314.607s][info][gc             ] GC(212) Pause Young (Allocation Failure) 287M->14M(989M) 1.826ms
[2314.607s][info][gc,cpu         ] GC(212) User=0.00s Sys=0.00s Real=0.00s
[2326.154s][info][gc,start       ] GC(213) Pause Young (Allocation Failure)
[2326.154s][info][gc,task        ] GC(213) Using 6 workers of 6 for evacuation
[2326.155s][info][gc,heap        ] GC(213) ParNew: 279923K->241K(314560K)
[2326.155s][info][gc,heap        ] GC(213) CMS: 14547K->14548K(699072K)
[2326.155s][info][gc,metaspace   ] GC(213) Metaspace: 43998K(48408K)->43998K(48408K) NonClass: 40325K(43652K)->40325K(43652K) Class: 3672K(4756K)->3672K(4756K)
[2326.155s][info][gc             ] GC(213) Pause Young (Allocation Failure) 287M->14M(989M) 1.627ms
[2326.155s][info][gc,cpu         ] GC(213) User=0.00s Sys=0.00s Real=0.00s
[2337.747s][info][gc,start       ] GC(214) Pause Young (Allocation Failure)
[2337.747s][info][gc,task        ] GC(214) Using 6 workers of 6 for evacuation
[2337.749s][info][gc,heap        ] GC(214) ParNew: 279857K->303K(314560K)
[2337.749s][info][gc,heap        ] GC(214) CMS: 14548K->14549K(699072K)
[2337.749s][info][gc,metaspace   ] GC(214) Metaspace: 43998K(48408K)->43998K(48408K) NonClass: 40325K(43652K)->40325K(43652K) Class: 3672K(4756K)->3672K(4756K)
[2337.749s][info][gc             ] GC(214) Pause Young (Allocation Failure) 287M->14M(989M) 1.712ms
[2337.749s][info][gc,cpu         ] GC(214) User=0.00s Sys=0.00s Real=0.00s
[2349.338s][info][gc,start       ] GC(215) Pause Young (Allocation Failure)
[2349.339s][info][gc,task        ] GC(215) Using 6 workers of 6 for evacuation
[2349.340s][info][gc,heap        ] GC(215) ParNew: 279919K->239K(314560K)
[2349.340s][info][gc,heap        ] GC(215) CMS: 14549K->14550K(699072K)
[2349.340s][info][gc,metaspace   ] GC(215) Metaspace: 43998K(48408K)->43998K(48408K) NonClass: 40325K(43652K)->40325K(43652K) Class: 3672K(4756K)->3672K(4756K)
[2349.340s][info][gc             ] GC(215) Pause Young (Allocation Failure) 287M->14M(989M) 1.881ms
[2349.340s][info][gc,cpu         ] GC(215) User=0.00s Sys=0.00s Real=0.00s
[2360.918s][info][gc,start       ] GC(216) Pause Young (Allocation Failure)
[2360.918s][info][gc,task        ] GC(216) Using 6 workers of 6 for evacuation
[2360.920s][info][gc,heap        ] GC(216) ParNew: 279855K->259K(314560K)
[2360.920s][info][gc,heap        ] GC(216) CMS: 14550K->14551K(699072K)
[2360.920s][info][gc,metaspace   ] GC(216) Metaspace: 43998K(48408K)->43998K(48408K) NonClass: 40326K(43652K)->40326K(43652K) Class: 3672K(4756K)->3672K(4756K)
[2360.920s][info][gc             ] GC(216) Pause Young (Allocation Failure) 287M->14M(989M) 1.670ms
[2360.920s][info][gc,cpu         ] GC(216) User=0.00s Sys=0.00s Real=0.00s
[2372.494s][info][gc,start       ] GC(217) Pause Young (Allocation Failure)
[2372.494s][info][gc,task        ] GC(217) Using 6 workers of 6 for evacuation
[2372.496s][info][gc,heap        ] GC(217) ParNew: 279875K->302K(314560K)
[2372.496s][info][gc,heap        ] GC(217) CMS: 14551K->14552K(699072K)
[2372.496s][info][gc,metaspace   ] GC(217) Metaspace: 43998K(48408K)->43998K(48408K) NonClass: 40326K(43652K)->40326K(43652K) Class: 3672K(4756K)->3672K(4756K)
[2372.496s][info][gc             ] GC(217) Pause Young (Allocation Failure) 287M->14M(989M) 1.837ms
[2372.496s][info][gc,cpu         ] GC(217) User=0.00s Sys=0.00s Real=0.00s
[2384.074s][info][gc,start       ] GC(218) Pause Young (Allocation Failure)
[2384.074s][info][gc,task        ] GC(218) Using 6 workers of 6 for evacuation
[2384.076s][info][gc,heap        ] GC(218) ParNew: 279918K->231K(314560K)
[2384.076s][info][gc,heap        ] GC(218) CMS: 14552K->14552K(699072K)
[2384.076s][info][gc,metaspace   ] GC(218) Metaspace: 43998K(48408K)->43998K(48408K) NonClass: 40326K(43652K)->40326K(43652K) Class: 3672K(4756K)->3672K(4756K)
[2384.076s][info][gc             ] GC(218) Pause Young (Allocation Failure) 287M->14M(989M) 1.692ms
[2384.076s][info][gc,cpu         ] GC(218) User=0.00s Sys=0.00s Real=0.00s
[2395.638s][info][gc,start       ] GC(219) Pause Young (Allocation Failure)
[2395.638s][info][gc,task        ] GC(219) Using 6 workers of 6 for evacuation
[2395.640s][info][gc,heap        ] GC(219) ParNew: 279847K->215K(314560K)
[2395.640s][info][gc,heap        ] GC(219) CMS: 14552K->14553K(699072K)
[2395.640s][info][gc,metaspace   ] GC(219) Metaspace: 43998K(48408K)->43998K(48408K) NonClass: 40326K(43652K)->40326K(43652K) Class: 3672K(4756K)->3672K(4756K)
[2395.640s][info][gc             ] GC(219) Pause Young (Allocation Failure) 287M->14M(989M) 1.764ms
[2395.640s][info][gc,cpu         ] GC(219) User=0.00s Sys=0.00s Real=0.00s
[2407.229s][info][gc,start       ] GC(220) Pause Young (Allocation Failure)
[2407.229s][info][gc,task        ] GC(220) Using 6 workers of 6 for evacuation
[2407.231s][info][gc,heap        ] GC(220) ParNew: 279831K->220K(314560K)
[2407.231s][info][gc,heap        ] GC(220) CMS: 14553K->14554K(699072K)
[2407.231s][info][gc,metaspace   ] GC(220) Metaspace: 44000K(48408K)->44000K(48408K) NonClass: 40327K(43652K)->40327K(43652K) Class: 3672K(4756K)->3672K(4756K)
[2407.231s][info][gc             ] GC(220) Pause Young (Allocation Failure) 287M->14M(989M) 1.712ms
[2407.231s][info][gc,cpu         ] GC(220) User=0.00s Sys=0.00s Real=0.00s
[2418.790s][info][gc,start       ] GC(221) Pause Young (Allocation Failure)
[2418.791s][info][gc,task        ] GC(221) Using 6 workers of 6 for evacuation
[2418.792s][info][gc,heap        ] GC(221) ParNew: 279836K->215K(314560K)
[2418.792s][info][gc,heap        ] GC(221) CMS: 14554K->14555K(699072K)
[2418.792s][info][gc,metaspace   ] GC(221) Metaspace: 44000K(48408K)->44000K(48408K) NonClass: 40327K(43652K)->40327K(43652K) Class: 3672K(4756K)->3672K(4756K)
[2418.792s][info][gc             ] GC(221) Pause Young (Allocation Failure) 287M->14M(989M) 1.669ms
[2418.792s][info][gc,cpu         ] GC(221) User=0.00s Sys=0.00s Real=0.00s
[2430.405s][info][gc,start       ] GC(222) Pause Young (Allocation Failure)
[2430.405s][info][gc,task        ] GC(222) Using 6 workers of 6 for evacuation
[2430.406s][info][gc,heap        ] GC(222) ParNew: 279831K->298K(314560K)
[2430.406s][info][gc,heap        ] GC(222) CMS: 14555K->14556K(699072K)
[2430.406s][info][gc,metaspace   ] GC(222) Metaspace: 44000K(48408K)->44000K(48408K) NonClass: 40327K(43652K)->40327K(43652K) Class: 3672K(4756K)->3672K(4756K)
[2430.406s][info][gc             ] GC(222) Pause Young (Allocation Failure) 287M->14M(989M) 1.683ms
[2430.406s][info][gc,cpu         ] GC(222) User=0.00s Sys=0.00s Real=0.00s
[2432.093s][info][gc,heap,exit   ] Heap
[2432.093s][info][gc,heap,exit   ]  par new generation   total 314560K, used 25981K [0x00000000c0000000, 0x00000000d5550000, 0x00000000d5550000)
[2432.093s][info][gc,heap,exit   ]   eden space 279616K,   9% used [0x00000000c0000000, 0x00000000c1914c10, 0x00000000d1110000)
[2432.093s][info][gc,heap,exit   ]   from space 34944K,   0% used [0x00000000d3330000, 0x00000000d337a870, 0x00000000d5550000)
[2432.093s][info][gc,heap,exit   ]   to   space 34944K,   0% used [0x00000000d1110000, 0x00000000d1110000, 0x00000000d3330000)
[2432.093s][info][gc,heap,exit   ]  concurrent mark-sweep generation total 699072K, used 14556K [0x00000000d5550000, 0x0000000100000000, 0x0000000100000000)
[2432.093s][info][gc,heap,exit   ]  Metaspace       used 44058K, capacity 46387K, committed 48408K, reserved 1093632K
[2432.093s][info][gc,heap,exit   ]   class space    used 3680K, capacity 4041K, committed 4756K, reserved 1048576K
