[0.007s][info][gc] Min heap equals to max heap, disabling ShenandoahUncommit
[0.010s][info][gc] Heuristics ergonomically sets -XX:+ExplicitGCInvokesConcurrent
[0.011s][info][gc] Heuristics ergonomically sets -XX:+ShenandoahImplicitGCInvokesConcurrent
[0.011s][info][gc] Using Shenandoah
[0.026s][info][gc,ergo] Pacer for Idle. Initial: 163M, Alloc Tax Rate: 1.0x
[0.026s][info][gc,init] Version: 17.0.12+7-adhoc..jdk17u (release)
[0.026s][info][gc,init] CPUs: 6 total, 6 available
[0.026s][info][gc,init] Memory: 15591M
[0.026s][info][gc,init] Large Page Support: Disabled
[0.026s][info][gc,init] NUMA Support: Disabled
[0.026s][info][gc,init] Compressed Oops: Enabled (Zero based)
[0.026s][info][gc,init] Heap Min Capacity: 8G
[0.026s][info][gc,init] Heap Initial Capacity: 8G
[0.026s][info][gc,init] Heap Max Capacity: 8G
[0.026s][info][gc,init] Pre-touch: Disabled
[0.026s][info][gc,init] Mode: Snapshot-At-The-Beginning (SATB)
[0.026s][info][gc,init] Heuristics: Adaptive
[0.026s][info][gc,init] Heap Region Count: 2048
[0.026s][info][gc,init] Heap Region Size: 4M
[0.026s][info][gc,init] TLAB Size Max: 4M
[0.026s][info][gc,init] Humongous Object Threshold: 4M
[0.026s][info][gc,init] Parallel Workers: 3
[0.026s][info][gc,init] Concurrent Workers: 1
[0.033s][info][gc,metaspace] CDS archive(s) mapped at: [0x0000028df5000000-0x0000028df5bc0000-0x0000028df5bc0000), size 12320768, SharedBaseAddress: 0x0000028df5000000, ArchiveRelocationMode: 1.
[0.033s][info][gc,metaspace] Compressed class space mapped at: 0x0000028df6000000-0x0000028e36000000, reserved size: 1073741824
[0.033s][info][gc,metaspace] Narrow klass base: 0x0000028df5000000, Narrow klass shift: 0, Narrow klass range: 0x100000000
[0.599s][info][gc          ] Trigger: Explicit GC request (System.gc())
[0.600s][info][gc,ergo     ] Free: 7756M, Max: 4096K regular, 7756M humongous, Frag: 0% external, 0% internal; Reserve: 412M, Max: 4096K
[0.600s][info][gc,start    ] GC(0) Concurrent reset
[0.600s][info][gc,task     ] GC(0) Using 1 of 3 workers for concurrent reset
[0.600s][info][gc,ergo     ] GC(0) Pacer for Reset. Non-Taxable: 8192M
[0.600s][info][gc          ] GC(0) Concurrent reset 0.300ms
[0.600s][info][gc,start    ] GC(0) Pause Init Mark (unload classes)
[0.600s][info][gc,task     ] GC(0) Using 3 of 3 workers for init marking
[0.601s][info][gc,ref      ] GC(0) Clearing All SoftReferences
[0.601s][info][gc,ergo     ] GC(0) Pacer for Mark. Expected Live: 819M, Free: 7756M, Non-Taxable: 775M, Alloc Tax Rate: 0.1x
[0.601s][info][gc          ] GC(0) Pause Init Mark (unload classes) 0.462ms
[0.601s][info][gc,start    ] GC(0) Concurrent marking roots
[0.601s][info][gc,task     ] GC(0) Using 1 of 3 workers for concurrent marking roots
[0.601s][info][gc          ] GC(0) Concurrent marking roots 0.422ms
[0.601s][info][gc,start    ] GC(0) Concurrent marking (unload classes)
[0.601s][info][gc,task     ] GC(0) Using 1 of 3 workers for concurrent marking
[0.604s][info][gc          ] GC(0) Concurrent marking (unload classes) 3.231ms
[0.604s][info][gc,start    ] GC(0) Pause Final Mark (unload classes)
[0.605s][info][gc,task     ] GC(0) Using 3 of 3 workers for final marking
[0.605s][info][gc,ergo     ] GC(0) Adaptive CSet Selection. Target Free: 1160M, Actual Free: 8168M, Max CSet: 341M, Min Garbage: 0B
[0.605s][info][gc,ergo     ] GC(0) Collectable Garbage: 20310K (100%), Immediate: 0B (0%), CSet: 20310K (100%)
[0.605s][info][gc,ergo     ] GC(0) Pacer for Evacuation. Used CSet: 24576K, Free: 7756M, Non-Taxable: 775M, Alloc Tax Rate: 1.1x
[0.605s][info][gc          ] GC(0) Pause Final Mark (unload classes) 0.289ms
[0.605s][info][gc,start    ] GC(0) Concurrent thread roots
[0.605s][info][gc,task     ] GC(0) Using 1 of 3 workers for Concurrent thread roots
[0.606s][info][gc          ] GC(0) Concurrent thread roots 0.797ms
[0.606s][info][gc,start    ] GC(0) Concurrent weak references
[0.606s][info][gc,task     ] GC(0) Using 1 of 3 workers for concurrent weak references
[0.606s][info][gc,ref      ] GC(0) Encountered references: Soft: 136, Weak: 370, Final: 3, Phantom: 268
[0.606s][info][gc,ref      ] GC(0) Discovered  references: Soft: 107, Weak: 217, Final: 1, Phantom: 252
[0.606s][info][gc,ref      ] GC(0) Enqueued    references: Soft: 65, Weak: 75, Final: 0, Phantom: 52
[0.606s][info][gc          ] GC(0) Concurrent weak references 0.310ms
[0.606s][info][gc,start    ] GC(0) Concurrent weak roots
[0.606s][info][gc,task     ] GC(0) Using 1 of 3 workers for concurrent weak root
[0.607s][info][gc          ] GC(0) Concurrent weak roots 0.491ms
[0.607s][info][gc,start    ] GC(0) Concurrent cleanup
[0.607s][info][gc          ] GC(0) Concurrent cleanup 24M->24M(8192M) 0.016ms
[0.607s][info][gc,ergo     ] GC(0) Free: 7756M, Max: 4096K regular, 7756M humongous, Frag: 0% external, 0% internal; Reserve: 411M, Max: 4096K
[0.607s][info][gc,start    ] GC(0) Concurrent class unloading
[0.607s][info][gc,task     ] GC(0) Using 1 of 3 workers for concurrent class unloading
[0.608s][info][gc          ] GC(0) Concurrent class unloading 1.587ms
[0.608s][info][gc,start    ] GC(0) Concurrent strong roots
[0.608s][info][gc,task     ] GC(0) Using 1 of 3 workers for concurrent strong root
[0.608s][info][gc          ] GC(0) Concurrent strong roots 0.227ms
[0.608s][info][gc,start    ] GC(0) Concurrent evacuation
[0.608s][info][gc,task     ] GC(0) Using 1 of 3 workers for concurrent evacuation
[0.611s][info][gc          ] GC(0) Concurrent evacuation 2.130ms
[0.611s][info][gc,start    ] GC(0) Pause Init Update Refs
[0.611s][info][gc,ergo     ] GC(0) Pacer for Update Refs. Used: 32768K, Free: 7756M, Non-Taxable: 775M, Alloc Tax Rate: 1.1x
[0.611s][info][gc          ] GC(0) Pause Init Update Refs 0.087ms
[0.611s][info][gc,start    ] GC(0) Concurrent update references
[0.611s][info][gc,task     ] GC(0) Using 1 of 3 workers for concurrent reference update
[0.612s][info][gc          ] GC(0) Concurrent update references 1.601ms
[0.613s][info][gc,start    ] GC(0) Concurrent update thread roots
[0.613s][info][gc          ] GC(0) Concurrent update thread roots 0.297ms
[0.613s][info][gc,start    ] GC(0) Pause Final Update Refs
[0.613s][info][gc,task     ] GC(0) Using 3 of 3 workers for final reference update
[0.613s][info][gc          ] GC(0) Pause Final Update Refs 0.096ms
[0.613s][info][gc,start    ] GC(0) Concurrent cleanup
[0.613s][info][gc          ] GC(0) Concurrent cleanup 32M->8M(8192M) 0.059ms
[0.613s][info][gc,ergo     ] Free: 7772M, Max: 4096K regular, 7772M humongous, Frag: 0% external, 0% internal; Reserve: 412M, Max: 4096K
[0.613s][info][gc,stats    ] 
[0.613s][info][gc,stats    ] All times are wall-clock times, except per-root-class counters, that are sum over
[0.613s][info][gc,stats    ] all workers. Dividing the <total> over the root stage time estimates parallelism.
[0.613s][info][gc,stats    ] 
[0.613s][info][gc,stats    ] Concurrent Reset                    332 us
[0.613s][info][gc,stats    ] Pause Init Mark (G)                 728 us
[0.613s][info][gc,stats    ] Pause Init Mark (N)                 491 us
[0.613s][info][gc,stats    ]   Update Region States               82 us
[0.613s][info][gc,stats    ] Concurrent Mark Roots               461 us, parallelism: 0.68x
[0.613s][info][gc,stats    ]   CMR: <total>                      314 us
[0.613s][info][gc,stats    ]   CMR: Thread Roots                 221 us, workers (us): 221, ---, ---, 
[0.613s][info][gc,stats    ]   CMR: VM Strong Roots               23 us, workers (us):  23, ---, ---, 
[0.613s][info][gc,stats    ]   CMR: CLDG Roots                    70 us, workers (us):  70, ---, ---, 
[0.613s][info][gc,stats    ] Concurrent Marking                 3282 us
[0.613s][info][gc,stats    ] Pause Final Mark (G)                392 us
[0.613s][info][gc,stats    ] Pause Final Mark (N)                305 us
[0.613s][info][gc,stats    ]   Finish Mark                        93 us
[0.613s][info][gc,stats    ]   Update Region States               43 us
[0.613s][info][gc,stats    ]   Choose Collection Set              57 us
[0.613s][info][gc,stats    ]   Rebuild Free Set                   18 us
[0.614s][info][gc,stats    ] Concurrent Thread Roots             848 us, parallelism: 0.71x
[0.614s][info][gc,stats    ]   CTR: <total>                      601 us
[0.614s][info][gc,stats    ]   CTR: Thread Roots                 601 us, workers (us): 601, ---, ---, 
[0.614s][info][gc,stats    ] Concurrent Weak References          317 us, parallelism: 0.39x
[0.614s][info][gc,stats    ]   CWRF: <total>                     125 us
[0.614s][info][gc,stats    ]   CWRF: Weak References             125 us, workers (us): 125, ---, ---, 
[0.614s][info][gc,stats    ] Concurrent Weak Roots               510 us
[0.614s][info][gc,stats    ]   Roots                             384 us, parallelism: 0.89x
[0.614s][info][gc,stats    ]     CWR: <total>                    343 us
[0.614s][info][gc,stats    ]     CWR: Code Cache Roots           168 us, workers (us): 168, ---, ---, 
[0.614s][info][gc,stats    ]     CWR: VM Weak Roots              173 us, workers (us): 173, ---, ---, 
[0.614s][info][gc,stats    ]     CWR: CLDG Roots                   2 us, workers (us):   2, ---, ---, 
[0.614s][info][gc,stats    ]   Rendezvous                         91 us
[0.614s][info][gc,stats    ] Concurrent Cleanup                   25 us
[0.614s][info][gc,stats    ] Concurrent Class Unloading         1631 us
[0.614s][info][gc,stats    ]   Unlink Stale                     1463 us
[0.614s][info][gc,stats    ]     System Dictionary                81 us
[0.614s][info][gc,stats    ]     Weak Class Links                602 us
[0.614s][info][gc,stats    ]     Code Roots                      779 us
[0.614s][info][gc,stats    ]   Rendezvous                         33 us
[0.614s][info][gc,stats    ]   Purge Unlinked                     73 us
[0.614s][info][gc,stats    ]     Code Roots                       40 us
[0.614s][info][gc,stats    ]     CLDG                             32 us
[0.614s][info][gc,stats    ]     Exception Caches                  0 us
[0.614s][info][gc,stats    ] Concurrent Strong Roots             269 us, parallelism: 0.65x
[0.614s][info][gc,stats    ]   CSR: <total>                      175 us
[0.614s][info][gc,stats    ]   CSR: VM Strong Roots                6 us, workers (us):   6, ---, ---, 
[0.614s][info][gc,stats    ]   CSR: CLDG Roots                   169 us, workers (us): 169, ---, ---, 
[0.614s][info][gc,stats    ] Concurrent Evacuation              2203 us
[0.614s][info][gc,stats    ] Pause Init Update Refs (G)          188 us
[0.614s][info][gc,stats    ] Pause Init Update Refs (N)          108 us
[0.614s][info][gc,stats    ]   Manage GCLABs                       3 us
[0.614s][info][gc,stats    ] Concurrent Update Refs             1647 us
[0.614s][info][gc,stats    ] Concurrent Update Thread Roots      336 us
[0.614s][info][gc,stats    ] Pause Final Update Refs (G)         161 us
[0.614s][info][gc,stats    ] Pause Final Update Refs (N)         106 us
[0.614s][info][gc,stats    ]   Update Region States               60 us
[0.614s][info][gc,stats    ]   Trash Collection Set                1 us
[0.614s][info][gc,stats    ]   Rebuild Free Set                   11 us
[0.614s][info][gc,stats    ] Concurrent Cleanup                   79 us
[0.614s][info][gc,stats    ] 
[0.614s][info][gc,stats    ] Allocation pacing accrued:
[0.614s][info][gc,stats    ]       0 of   588 ms (  0.0%): <total>
[0.614s][info][gc,stats    ]       0 of   588 ms (  0.0%): <average total>
[0.614s][info][gc,stats    ] 
[0.614s][info][gc,metaspace] Metaspace: 3266K(3520K)->3250K(3520K) NonClass: 2945K(3072K)->2934K(3072K) Class: 320K(448K)->316K(448K)
[0.614s][info][gc,ergo     ] Pacer for Idle. Initial: 163M, Alloc Tax Rate: 1.0x
[8.266s][info][gc          ] Trigger: Explicit GC request (System.gc())
[8.266s][info][gc,ergo     ] Free: 7624M, Max: 4096K regular, 7624M humongous, Frag: 0% external, 0% internal; Reserve: 412M, Max: 4096K
[8.266s][info][gc,start    ] GC(1) Concurrent reset
[8.266s][info][gc,task     ] GC(1) Using 1 of 3 workers for concurrent reset
[8.266s][info][gc,ergo     ] GC(1) Pacer for Reset. Non-Taxable: 8192M
[8.267s][info][gc          ] GC(1) Concurrent reset 0.345ms
[8.267s][info][gc,start    ] GC(1) Pause Init Mark (unload classes)
[8.267s][info][gc,task     ] GC(1) Using 3 of 3 workers for init marking
[8.267s][info][gc,ref      ] GC(1) Clearing All SoftReferences
[8.267s][info][gc,ergo     ] GC(1) Pacer for Mark. Expected Live: 4265K, Free: 7624M, Non-Taxable: 762M, Alloc Tax Rate: 0.0x
[8.267s][info][gc          ] GC(1) Pause Init Mark (unload classes) 0.154ms
[8.267s][info][gc,start    ] GC(1) Concurrent marking roots
[8.267s][info][gc,task     ] GC(1) Using 1 of 3 workers for concurrent marking roots
[8.268s][info][gc          ] GC(1) Concurrent marking roots 0.844ms
[8.268s][info][gc,start    ] GC(1) Concurrent marking (unload classes)
[8.268s][info][gc,task     ] GC(1) Using 1 of 3 workers for concurrent marking
[8.274s][info][gc          ] GC(1) Concurrent marking (unload classes) 6.081ms
[8.274s][info][gc,start    ] GC(1) Pause Final Mark (unload classes)
[8.274s][info][gc,task     ] GC(1) Using 3 of 3 workers for final marking
[8.274s][info][gc,ergo     ] GC(1) Adaptive CSet Selection. Target Free: 1160M, Actual Free: 8052M, Max CSet: 341M, Min Garbage: 0B
[8.274s][info][gc,ergo     ] GC(1) Collectable Garbage: 148M (99%), Immediate: 16384K (10%), CSet: 132M (89%)
[8.274s][info][gc,ergo     ] GC(1) Pacer for Evacuation. Used CSet: 136M, Free: 7640M, Non-Taxable: 764M, Alloc Tax Rate: 1.1x
[8.274s][info][gc          ] GC(1) Pause Final Mark (unload classes) 0.313ms
[8.275s][info][gc,start    ] GC(1) Concurrent thread roots
[8.275s][info][gc,task     ] GC(1) Using 1 of 3 workers for Concurrent thread roots
[8.276s][info][gc          ] GC(1) Concurrent thread roots 0.961ms
[8.276s][info][gc,start    ] GC(1) Concurrent weak references
[8.276s][info][gc,task     ] GC(1) Using 1 of 3 workers for concurrent weak references
[8.276s][info][gc,ref      ] GC(1) Encountered references: Soft: 625, Weak: 906, Final: 10, Phantom: 1207
[8.276s][info][gc,ref      ] GC(1) Discovered  references: Soft: 569, Weak: 568, Final: 8, Phantom: 1133
[8.276s][info][gc,ref      ] GC(1) Enqueued    references: Soft: 480, Weak: 97, Final: 1, Phantom: 550
[8.276s][info][gc          ] GC(1) Concurrent weak references 0.349ms
[8.276s][info][gc,start    ] GC(1) Concurrent weak roots
[8.276s][info][gc,task     ] GC(1) Using 1 of 3 workers for concurrent weak root
[8.277s][info][gc          ] GC(1) Concurrent weak roots 1.306ms
[8.277s][info][gc,start    ] GC(1) Concurrent cleanup
[8.277s][info][gc          ] GC(1) Concurrent cleanup 160M->144M(8192M) 0.029ms
[8.277s][info][gc,ergo     ] GC(1) Free: 7636M, Max: 4096K regular, 7620M humongous, Frag: 1% external, 0% internal; Reserve: 411M, Max: 4096K
[8.277s][info][gc,start    ] GC(1) Concurrent class unloading
[8.277s][info][gc,task     ] GC(1) Using 1 of 3 workers for concurrent class unloading
[8.282s][info][gc          ] GC(1) Concurrent class unloading 4.868ms
[8.282s][info][gc,start    ] GC(1) Concurrent strong roots
[8.282s][info][gc,task     ] GC(1) Using 1 of 3 workers for concurrent strong root
[8.283s][info][gc          ] GC(1) Concurrent strong roots 0.355ms
[8.283s][info][gc,start    ] GC(1) Concurrent evacuation
[8.283s][info][gc,task     ] GC(1) Using 1 of 3 workers for concurrent evacuation
[8.286s][info][gc          ] GC(1) Concurrent evacuation 2.948ms
[8.286s][info][gc,start    ] GC(1) Pause Init Update Refs
[8.286s][info][gc,ergo     ] GC(1) Pacer for Update Refs. Used: 147M, Free: 7636M, Non-Taxable: 763M, Alloc Tax Rate: 1.1x
[8.286s][info][gc          ] GC(1) Pause Init Update Refs 0.058ms
[8.286s][info][gc,start    ] GC(1) Concurrent update references
[8.286s][info][gc,task     ] GC(1) Using 1 of 3 workers for concurrent reference update
[8.289s][info][gc          ] GC(1) Concurrent update references 3.357ms
[8.289s][info][gc,start    ] GC(1) Concurrent update thread roots
[8.290s][info][gc          ] GC(1) Concurrent update thread roots 0.527ms
[8.290s][info][gc,start    ] GC(1) Pause Final Update Refs
[8.290s][info][gc,task     ] GC(1) Using 3 of 3 workers for final reference update
[8.290s][info][gc          ] GC(1) Pause Final Update Refs 0.344ms
[8.290s][info][gc,start    ] GC(1) Concurrent cleanup
[8.290s][info][gc          ] GC(1) Concurrent cleanup 147M->11M(8192M) 0.034ms
[8.290s][info][gc,ergo     ] Free: 7768M, Max: 4096K regular, 7620M humongous, Frag: 2% external, 0% internal; Reserve: 412M, Max: 4096K
[8.290s][info][gc,stats    ] 
[8.290s][info][gc,stats    ] All times are wall-clock times, except per-root-class counters, that are sum over
[8.290s][info][gc,stats    ] all workers. Dividing the <total> over the root stage time estimates parallelism.
[8.290s][info][gc,stats    ] 
[8.290s][info][gc,stats    ] Concurrent Reset                    404 us
[8.290s][info][gc,stats    ] Pause Init Mark (G)                 303 us
[8.290s][info][gc,stats    ] Pause Init Mark (N)                 163 us
[8.290s][info][gc,stats    ]   Update Region States               67 us
[8.290s][info][gc,stats    ] Concurrent Mark Roots               887 us, parallelism: 0.78x
[8.290s][info][gc,stats    ]   CMR: <total>                      693 us
[8.290s][info][gc,stats    ]   CMR: Thread Roots                 498 us, workers (us): 498, ---, ---, 
[8.290s][info][gc,stats    ]   CMR: VM Strong Roots               29 us, workers (us):  29, ---, ---, 
[8.290s][info][gc,stats    ]   CMR: CLDG Roots                   167 us, workers (us): 167, ---, ---, 
[8.290s][info][gc,stats    ] Concurrent Marking                 6133 us
[8.290s][info][gc,stats    ] Pause Final Mark (G)                417 us
[8.290s][info][gc,stats    ] Pause Final Mark (N)                322 us
[8.290s][info][gc,stats    ]   Finish Mark                       105 us
[8.290s][info][gc,stats    ]   Update Region States               69 us
[8.290s][info][gc,stats    ]   Choose Collection Set              53 us
[8.290s][info][gc,stats    ]   Rebuild Free Set                    8 us
[8.290s][info][gc,stats    ] Concurrent Thread Roots             984 us, parallelism: 0.82x
[8.290s][info][gc,stats    ]   CTR: <total>                      808 us
[8.290s][info][gc,stats    ]   CTR: Thread Roots                 808 us, workers (us): 808, ---, ---, 
[8.290s][info][gc,stats    ] Concurrent Weak References          357 us, parallelism: 0.69x
[8.290s][info][gc,stats    ]   CWRF: <total>                     245 us
[8.290s][info][gc,stats    ]   CWRF: Weak References             245 us, workers (us): 245, ---, ---, 
[8.290s][info][gc,stats    ] Concurrent Weak Roots              1350 us
[8.290s][info][gc,stats    ]   Roots                            1151 us, parallelism: 0.93x
[8.290s][info][gc,stats    ]     CWR: <total>                   1068 us
[8.290s][info][gc,stats    ]     CWR: Code Cache Roots           506 us, workers (us): 506, ---, ---, 
[8.290s][info][gc,stats    ]     CWR: VM Weak Roots              555 us, workers (us): 555, ---, ---, 
[8.290s][info][gc,stats    ]     CWR: CLDG Roots                   7 us, workers (us):   7, ---, ---, 
[8.290s][info][gc,stats    ]   Rendezvous                        135 us
[8.291s][info][gc,stats    ] Concurrent Cleanup                   38 us
[8.291s][info][gc,stats    ] Concurrent Class Unloading         4935 us
[8.291s][info][gc,stats    ]   Unlink Stale                     4465 us
[8.291s][info][gc,stats    ]     System Dictionary               148 us
[8.291s][info][gc,stats    ]     Weak Class Links               2006 us
[8.291s][info][gc,stats    ]     Code Roots                     2308 us
[8.291s][info][gc,stats    ]   Rendezvous                        138 us
[8.291s][info][gc,stats    ]   Purge Unlinked                    244 us
[8.291s][info][gc,stats    ]     Code Roots                      166 us
[8.291s][info][gc,stats    ]     CLDG                             77 us
[8.291s][info][gc,stats    ]     Exception Caches                  0 us
[8.291s][info][gc,stats    ] Concurrent Strong Roots             376 us, parallelism: 0.69x
[8.291s][info][gc,stats    ]   CSR: <total>                      258 us
[8.291s][info][gc,stats    ]   CSR: VM Strong Roots                7 us, workers (us):   7, ---, ---, 
[8.291s][info][gc,stats    ]   CSR: CLDG Roots                   251 us, workers (us): 251, ---, ---, 
[8.291s][info][gc,stats    ] Concurrent Evacuation              2999 us
[8.291s][info][gc,stats    ] Pause Init Update Refs (G)          154 us
[8.291s][info][gc,stats    ] Pause Init Update Refs (N)           66 us
[8.291s][info][gc,stats    ]   Manage GCLABs                       3 us
[8.291s][info][gc,stats    ] Concurrent Update Refs             3439 us
[8.291s][info][gc,stats    ] Concurrent Update Thread Roots      546 us
[8.291s][info][gc,stats    ] Pause Final Update Refs (G)         423 us
[8.291s][info][gc,stats    ] Pause Final Update Refs (N)         363 us
[8.291s][info][gc,stats    ]   Update Region States              255 us
[8.291s][info][gc,stats    ]   Trash Collection Set                2 us
[8.291s][info][gc,stats    ]   Rebuild Free Set                   12 us
[8.291s][info][gc,stats    ] Concurrent Cleanup                   44 us
[8.291s][info][gc,stats    ] 
[8.291s][info][gc,stats    ] Allocation pacing accrued:
[8.291s][info][gc,stats    ]       0 of  7677 ms (  0.0%): <total>
[8.291s][info][gc,stats    ]       0 of  7677 ms (  0.0%): <average total>
[8.291s][info][gc,stats    ] 
[8.291s][info][gc,metaspace] Metaspace: 13981K(14144K)->13939K(14144K) NonClass: 12415K(12480K)->12385K(12480K) Class: 1565K(1664K)->1554K(1664K)
[8.291s][info][gc,ergo     ] Pacer for Idle. Initial: 163M, Alloc Tax Rate: 1.0x
[8.308s][info][gc          ] Trigger: Explicit GC request (System.gc())
[8.308s][info][gc,ergo     ] Free: 7760M, Max: 4096K regular, 7620M humongous, Frag: 2% external, 0% internal; Reserve: 412M, Max: 4096K
[8.308s][info][gc,start    ] GC(2) Concurrent reset
[8.308s][info][gc,task     ] GC(2) Using 1 of 3 workers for concurrent reset
[8.308s][info][gc,ergo     ] GC(2) Pacer for Reset. Non-Taxable: 8192M
[8.309s][info][gc          ] GC(2) Concurrent reset 0.871ms
[8.309s][info][gc,start    ] GC(2) Pause Init Mark (unload classes)
[8.309s][info][gc,task     ] GC(2) Using 3 of 3 workers for init marking
[8.309s][info][gc,ref      ] GC(2) Clearing All SoftReferences
[8.309s][info][gc,ergo     ] GC(2) Pacer for Mark. Expected Live: 5755K, Free: 7760M, Non-Taxable: 776M, Alloc Tax Rate: 0.0x
[8.309s][info][gc          ] GC(2) Pause Init Mark (unload classes) 0.202ms
[8.310s][info][gc,start    ] GC(2) Concurrent marking roots
[8.310s][info][gc,task     ] GC(2) Using 1 of 3 workers for concurrent marking roots
[8.311s][info][gc          ] GC(2) Concurrent marking roots 1.200ms
[8.311s][info][gc,start    ] GC(2) Concurrent marking (unload classes)
[8.311s][info][gc,task     ] GC(2) Using 1 of 3 workers for concurrent marking
[8.316s][info][gc          ] GC(2) Concurrent marking (unload classes) 5.308ms
[8.316s][info][gc,start    ] GC(2) Pause Final Mark (unload classes)
[8.316s][info][gc,task     ] GC(2) Using 3 of 3 workers for final marking
[8.317s][info][gc,ergo     ] GC(2) Adaptive CSet Selection. Target Free: 1160M, Actual Free: 8172M, Max CSet: 341M, Min Garbage: 0B
[8.317s][info][gc,ergo     ] GC(2) Collectable Garbage: 12204K (91%), Immediate: 0B (0%), CSet: 12204K (91%)
[8.317s][info][gc,ergo     ] GC(2) Pacer for Evacuation. Used CSet: 12218K, Free: 7760M, Non-Taxable: 776M, Alloc Tax Rate: 1.1x
[8.317s][info][gc          ] GC(2) Pause Final Mark (unload classes) 0.652ms
[8.317s][info][gc,start    ] GC(2) Concurrent thread roots
[8.317s][info][gc,task     ] GC(2) Using 1 of 3 workers for Concurrent thread roots
[8.318s][info][gc          ] GC(2) Concurrent thread roots 0.884ms
[8.318s][info][gc,start    ] GC(2) Concurrent weak references
[8.318s][info][gc,task     ] GC(2) Using 1 of 3 workers for concurrent weak references
[8.318s][info][gc,ref      ] GC(2) Encountered references: Soft: 143, Weak: 824, Final: 9, Phantom: 653
[8.318s][info][gc,ref      ] GC(2) Discovered  references: Soft: 91, Weak: 496, Final: 7, Phantom: 580
[8.318s][info][gc,ref      ] GC(2) Enqueued    references: Soft: 2, Weak: 8, Final: 0, Phantom: 6
[8.318s][info][gc          ] GC(2) Concurrent weak references 0.184ms
[8.318s][info][gc,start    ] GC(2) Concurrent weak roots
[8.318s][info][gc,task     ] GC(2) Using 1 of 3 workers for concurrent weak root
[8.319s][info][gc          ] GC(2) Concurrent weak roots 0.869ms
[8.319s][info][gc,start    ] GC(2) Concurrent cleanup
[8.319s][info][gc          ] GC(2) Concurrent cleanup 19M->19M(8192M) 0.024ms
[8.319s][info][gc,ergo     ] GC(2) Free: 7760M, Max: 4096K regular, 7620M humongous, Frag: 2% external, 0% internal; Reserve: 411M, Max: 4096K
[8.319s][info][gc,start    ] GC(2) Concurrent class unloading
[8.319s][info][gc,task     ] GC(2) Using 1 of 3 workers for concurrent class unloading
[8.322s][info][gc          ] GC(2) Concurrent class unloading 2.808ms
[8.322s][info][gc,start    ] GC(2) Concurrent strong roots
[8.322s][info][gc,task     ] GC(2) Using 1 of 3 workers for concurrent strong root
[8.322s][info][gc          ] GC(2) Concurrent strong roots 0.183ms
[8.322s][info][gc,start    ] GC(2) Concurrent evacuation
[8.322s][info][gc,task     ] GC(2) Using 1 of 3 workers for concurrent evacuation
[8.322s][info][gc          ] GC(2) Concurrent evacuation 0.246ms
[8.322s][info][gc,start    ] GC(2) Pause Init Update Refs
[8.322s][info][gc,ergo     ] GC(2) Pacer for Update Refs. Used: 20432K, Free: 7760M, Non-Taxable: 776M, Alloc Tax Rate: 1.1x
[8.322s][info][gc          ] GC(2) Pause Init Update Refs 0.048ms
[8.323s][info][gc,start    ] GC(2) Concurrent update references
[8.323s][info][gc,task     ] GC(2) Using 1 of 3 workers for concurrent reference update
[8.325s][info][gc          ] GC(2) Concurrent update references 2.843ms
[8.325s][info][gc,start    ] GC(2) Concurrent update thread roots
[8.326s][info][gc          ] GC(2) Concurrent update thread roots 0.523ms
[8.326s][info][gc,start    ] GC(2) Pause Final Update Refs
[8.326s][info][gc,task     ] GC(2) Using 3 of 3 workers for final reference update
[8.326s][info][gc          ] GC(2) Pause Final Update Refs 0.129ms
[8.326s][info][gc,start    ] GC(2) Concurrent cleanup
[8.326s][info][gc          ] GC(2) Concurrent cleanup 19M->8M(8192M) 0.055ms
[8.326s][info][gc,ergo     ] Free: 7771M, Max: 4096K regular, 7768M humongous, Frag: 0% external, 0% internal; Reserve: 412M, Max: 4096K
[8.326s][info][gc,stats    ] 
[8.326s][info][gc,stats    ] All times are wall-clock times, except per-root-class counters, that are sum over
[8.326s][info][gc,stats    ] all workers. Dividing the <total> over the root stage time estimates parallelism.
[8.326s][info][gc,stats    ] 
[8.326s][info][gc,stats    ] Concurrent Reset                    917 us
[8.326s][info][gc,stats    ] Pause Init Mark (G)                 333 us
[8.326s][info][gc,stats    ] Pause Init Mark (N)                 219 us
[8.326s][info][gc,stats    ]   Update Region States               81 us
[8.327s][info][gc,stats    ] Concurrent Mark Roots              1238 us, parallelism: 0.88x
[8.327s][info][gc,stats    ]   CMR: <total>                     1093 us
[8.327s][info][gc,stats    ]   CMR: Thread Roots                 972 us, workers (us): 972, ---, ---, 
[8.327s][info][gc,stats    ]   CMR: VM Strong Roots               20 us, workers (us):  20, ---, ---, 
[8.327s][info][gc,stats    ]   CMR: CLDG Roots                   101 us, workers (us): 101, ---, ---, 
[8.327s][info][gc,stats    ] Concurrent Marking                 5376 us
[8.327s][info][gc,stats    ] Pause Final Mark (G)                798 us
[8.327s][info][gc,stats    ] Pause Final Mark (N)                674 us
[8.327s][info][gc,stats    ]   Finish Mark                       171 us
[8.327s][info][gc,stats    ]   Update Region States              250 us
[8.327s][info][gc,stats    ]   Choose Collection Set             101 us
[8.327s][info][gc,stats    ]   Rebuild Free Set                   22 us
[8.327s][info][gc,stats    ] Concurrent Thread Roots             929 us, parallelism: 0.78x
[8.327s][info][gc,stats    ]   CTR: <total>                      725 us
[8.327s][info][gc,stats    ]   CTR: Thread Roots                 725 us, workers (us): 725, ---, ---, 
[8.327s][info][gc,stats    ] Concurrent Weak References          192 us, parallelism: 0.26x
[8.327s][info][gc,stats    ]   CWRF: <total>                      50 us
[8.327s][info][gc,stats    ]   CWRF: Weak References              50 us, workers (us):  50, ---, ---, 
[8.327s][info][gc,stats    ] Concurrent Weak Roots               897 us
[8.327s][info][gc,stats    ]   Roots                             781 us, parallelism: 0.91x
[8.327s][info][gc,stats    ]     CWR: <total>                    714 us
[8.327s][info][gc,stats    ]     CWR: Code Cache Roots           532 us, workers (us): 532, ---, ---, 
[8.327s][info][gc,stats    ]     CWR: VM Weak Roots              174 us, workers (us): 174, ---, ---, 
[8.327s][info][gc,stats    ]     CWR: CLDG Roots                   8 us, workers (us):   8, ---, ---, 
[8.327s][info][gc,stats    ]   Rendezvous                         71 us
[8.327s][info][gc,stats    ] Concurrent Cleanup                   33 us
[8.327s][info][gc,stats    ] Concurrent Class Unloading         2873 us
[8.327s][info][gc,stats    ]   Unlink Stale                     2558 us
[8.327s][info][gc,stats    ]     System Dictionary                 6 us
[8.327s][info][gc,stats    ]     Weak Class Links                  0 us
[8.327s][info][gc,stats    ]     Code Roots                     2550 us
[8.327s][info][gc,stats    ]   Rendezvous                         61 us
[8.327s][info][gc,stats    ]   Purge Unlinked                    167 us
[8.327s][info][gc,stats    ]     Code Roots                      155 us
[8.327s][info][gc,stats    ]     CLDG                             12 us
[8.327s][info][gc,stats    ]     Exception Caches                  0 us
[8.327s][info][gc,stats    ] Concurrent Strong Roots             222 us, parallelism: 0.25x
[8.327s][info][gc,stats    ]   CSR: <total>                       55 us
[8.327s][info][gc,stats    ]   CSR: VM Strong Roots                4 us, workers (us):   4, ---, ---, 
[8.327s][info][gc,stats    ]   CSR: CLDG Roots                    51 us, workers (us):  51, ---, ---, 
[8.327s][info][gc,stats    ] Concurrent Evacuation               286 us
[8.327s][info][gc,stats    ] Pause Init Update Refs (G)          132 us
[8.327s][info][gc,stats    ] Pause Init Update Refs (N)           56 us
[8.327s][info][gc,stats    ]   Manage GCLABs                       2 us
[8.327s][info][gc,stats    ] Concurrent Update Refs             2904 us
[8.327s][info][gc,stats    ] Concurrent Update Thread Roots      561 us
[8.327s][info][gc,stats    ] Pause Final Update Refs (G)         228 us
[8.327s][info][gc,stats    ] Pause Final Update Refs (N)         148 us
[8.327s][info][gc,stats    ]   Update Region States               76 us
[8.327s][info][gc,stats    ]   Trash Collection Set                2 us
[8.327s][info][gc,stats    ]   Rebuild Free Set                   15 us
[8.327s][info][gc,stats    ] Concurrent Cleanup                   75 us
[8.327s][info][gc,stats    ] 
[8.327s][info][gc,stats    ] Allocation pacing accrued:
[8.327s][info][gc,stats    ]       0 of    36 ms (  0.0%): <total>
[8.327s][info][gc,stats    ]       0 of    36 ms (  0.0%): <average total>
[8.327s][info][gc,stats    ] 
[8.327s][info][gc,metaspace] Metaspace: 13989K(14208K)->13989K(14208K) NonClass: 12431K(12544K)->12431K(12544K) Class: 1558K(1664K)->1558K(1664K)
[8.327s][info][gc,ergo     ] Pacer for Idle. Initial: 163M, Alloc Tax Rate: 1.0x
[15.281s][info][gc          ] Trigger: Explicit GC request (System.gc())
[15.281s][info][gc,ergo     ] Free: 7727M, Max: 4096K regular, 7724M humongous, Frag: 0% external, 0% internal; Reserve: 412M, Max: 4096K
[15.281s][info][gc,start    ] GC(3) Concurrent reset
[15.281s][info][gc,task     ] GC(3) Using 1 of 3 workers for concurrent reset
[15.281s][info][gc,ergo     ] GC(3) Pacer for Reset. Non-Taxable: 8192M
[15.281s][info][gc          ] GC(3) Concurrent reset 0.227ms
[15.281s][info][gc,start    ] GC(3) Pause Init Mark (unload classes)
[15.282s][info][gc,task     ] GC(3) Using 3 of 3 workers for init marking
[15.282s][info][gc,ref      ] GC(3) Clearing All SoftReferences
[15.282s][info][gc,ergo     ] GC(3) Pacer for Mark. Expected Live: 6198K, Free: 7727M, Non-Taxable: 772M, Alloc Tax Rate: 0.0x
[15.282s][info][gc          ] GC(3) Pause Init Mark (unload classes) 0.357ms
[15.282s][info][gc,start    ] GC(3) Concurrent marking roots
[15.282s][info][gc,task     ] GC(3) Using 1 of 3 workers for concurrent marking roots
[15.283s][info][gc          ] GC(3) Concurrent marking roots 0.791ms
[15.283s][info][gc,start    ] GC(3) Concurrent marking (unload classes)
[15.283s][info][gc,task     ] GC(3) Using 1 of 3 workers for concurrent marking
[15.288s][info][gc          ] GC(3) Concurrent marking (unload classes) 5.176ms
[15.288s][info][gc,start    ] GC(3) Pause Final Mark (unload classes)
[15.288s][info][gc,task     ] GC(3) Using 3 of 3 workers for final marking
[15.289s][info][gc,ergo     ] GC(3) Adaptive CSet Selection. Target Free: 1160M, Actual Free: 8144M, Max CSet: 341M, Min Garbage: 0B
[15.289s][info][gc,ergo     ] GC(3) Collectable Garbage: 45753K (99%), Immediate: 12288K (26%), CSet: 33465K (72%)
[15.289s][info][gc,ergo     ] GC(3) Pacer for Evacuation. Used CSet: 36864K, Free: 7735M, Non-Taxable: 773M, Alloc Tax Rate: 1.1x
[15.289s][info][gc          ] GC(3) Pause Final Mark (unload classes) 0.746ms
[15.289s][info][gc,start    ] GC(3) Concurrent thread roots
[15.289s][info][gc,task     ] GC(3) Using 1 of 3 workers for Concurrent thread roots
[15.290s][info][gc          ] GC(3) Concurrent thread roots 1.095ms
[15.290s][info][gc,start    ] GC(3) Concurrent weak references
[15.290s][info][gc,task     ] GC(3) Using 1 of 3 workers for concurrent weak references
[15.290s][info][gc,ref      ] GC(3) Encountered references: Soft: 461, Weak: 835, Final: 10, Phantom: 1490
[15.290s][info][gc,ref      ] GC(3) Discovered  references: Soft: 408, Weak: 489, Final: 8, Phantom: 1417
[15.290s][info][gc,ref      ] GC(3) Enqueued    references: Soft: 319, Weak: 3, Final: 1, Phantom: 833
[15.290s][info][gc          ] GC(3) Concurrent weak references 0.279ms
[15.290s][info][gc,start    ] GC(3) Concurrent weak roots
[15.290s][info][gc,task     ] GC(3) Using 1 of 3 workers for concurrent weak root
[15.292s][info][gc          ] GC(3) Concurrent weak roots 1.534ms
[15.292s][info][gc,start    ] GC(3) Concurrent cleanup
[15.292s][info][gc          ] GC(3) Concurrent cleanup 56M->44M(8192M) 0.025ms
[15.292s][info][gc,ergo     ] GC(3) Free: 7735M, Max: 4096K regular, 7720M humongous, Frag: 1% external, 0% internal; Reserve: 411M, Max: 4096K
[15.292s][info][gc,start    ] GC(3) Concurrent class unloading
[15.292s][info][gc,task     ] GC(3) Using 1 of 3 workers for concurrent class unloading
[15.298s][info][gc          ] GC(3) Concurrent class unloading 6.095ms
[15.298s][info][gc,start    ] GC(3) Concurrent strong roots
[15.298s][info][gc,task     ] GC(3) Using 1 of 3 workers for concurrent strong root
[15.298s][info][gc          ] GC(3) Concurrent strong roots 0.214ms
[15.298s][info][gc,start    ] GC(3) Concurrent evacuation
[15.298s][info][gc,task     ] GC(3) Using 1 of 3 workers for concurrent evacuation
[15.300s][info][gc          ] GC(3) Concurrent evacuation 1.666ms
[15.300s][info][gc,start    ] GC(3) Pause Init Update Refs
[15.300s][info][gc,ergo     ] GC(3) Pacer for Update Refs. Used: 49174K, Free: 7735M, Non-Taxable: 773M, Alloc Tax Rate: 1.1x
[15.300s][info][gc          ] GC(3) Pause Init Update Refs 0.060ms
[15.300s][info][gc,start    ] GC(3) Concurrent update references
[15.300s][info][gc,task     ] GC(3) Using 1 of 3 workers for concurrent reference update
[15.303s][info][gc          ] GC(3) Concurrent update references 3.015ms
[15.303s][info][gc,start    ] GC(3) Concurrent update thread roots
[15.305s][info][gc          ] GC(3) Concurrent update thread roots 1.432ms
[15.305s][info][gc,start    ] GC(3) Pause Final Update Refs
[15.305s][info][gc,task     ] GC(3) Using 3 of 3 workers for final reference update
[15.305s][info][gc          ] GC(3) Pause Final Update Refs 0.358ms
[15.305s][info][gc,start    ] GC(3) Concurrent cleanup
[15.305s][info][gc          ] GC(3) Concurrent cleanup 48M->12M(8192M) 0.030ms
[15.305s][info][gc,ergo     ] Free: 7767M, Max: 4096K regular, 7720M humongous, Frag: 1% external, 0% internal; Reserve: 412M, Max: 4096K
[15.305s][info][gc,stats    ] 
[15.305s][info][gc,stats    ] All times are wall-clock times, except per-root-class counters, that are sum over
[15.305s][info][gc,stats    ] all workers. Dividing the <total> over the root stage time estimates parallelism.
[15.305s][info][gc,stats    ] 
[15.305s][info][gc,stats    ] Concurrent Reset                    247 us
[15.305s][info][gc,stats    ] Pause Init Mark (G)                 561 us
[15.305s][info][gc,stats    ] Pause Init Mark (N)                 379 us
[15.305s][info][gc,stats    ]   Update Region States               89 us
[15.305s][info][gc,stats    ] Concurrent Mark Roots               811 us, parallelism: 0.81x
[15.305s][info][gc,stats    ]   CMR: <total>                      655 us
[15.305s][info][gc,stats    ]   CMR: Thread Roots                 568 us, workers (us): 568, ---, ---, 
[15.305s][info][gc,stats    ]   CMR: VM Strong Roots                8 us, workers (us):   8, ---, ---, 
[15.305s][info][gc,stats    ]   CMR: CLDG Roots                    79 us, workers (us):  79, ---, ---, 
[15.305s][info][gc,stats    ] Concurrent Marking                 5218 us
[15.305s][info][gc,stats    ] Pause Final Mark (G)                865 us
[15.305s][info][gc,stats    ] Pause Final Mark (N)                764 us
[15.305s][info][gc,stats    ]   Finish Mark                       502 us
[15.305s][info][gc,stats    ]   Update Region States               68 us
[15.305s][info][gc,stats    ]   Choose Collection Set              75 us
[15.305s][info][gc,stats    ]   Rebuild Free Set                   17 us
[15.305s][info][gc,stats    ] Concurrent Thread Roots            1114 us, parallelism: 0.88x
[15.305s][info][gc,stats    ]   CTR: <total>                      976 us
[15.305s][info][gc,stats    ]   CTR: Thread Roots                 976 us, workers (us): 976, ---, ---, 
[15.305s][info][gc,stats    ] Concurrent Weak References          287 us, parallelism: 0.61x
[15.305s][info][gc,stats    ]   CWRF: <total>                     175 us
[15.305s][info][gc,stats    ]   CWRF: Weak References             175 us, workers (us): 175, ---, ---, 
[15.305s][info][gc,stats    ] Concurrent Weak Roots              1567 us
[15.306s][info][gc,stats    ]   Roots                            1361 us, parallelism: 0.92x
[15.306s][info][gc,stats    ]     CWR: <total>                   1248 us
[15.306s][info][gc,stats    ]     CWR: Code Cache Roots           761 us, workers (us): 761, ---, ---, 
[15.306s][info][gc,stats    ]     CWR: VM Weak Roots              481 us, workers (us): 481, ---, ---, 
[15.306s][info][gc,stats    ]     CWR: CLDG Roots                   6 us, workers (us):   6, ---, ---, 
[15.306s][info][gc,stats    ]   Rendezvous                        132 us
[15.306s][info][gc,stats    ] Concurrent Cleanup                   35 us
[15.306s][info][gc,stats    ] Concurrent Class Unloading         6146 us
[15.306s][info][gc,stats    ]   Unlink Stale                     5605 us
[15.306s][info][gc,stats    ]     System Dictionary                73 us
[15.306s][info][gc,stats    ]     Weak Class Links               1919 us
[15.306s][info][gc,stats    ]     Code Roots                     3610 us
[15.306s][info][gc,stats    ]   Rendezvous                        106 us
[15.306s][info][gc,stats    ]   Purge Unlinked                    364 us
[15.306s][info][gc,stats    ]     Code Roots                      289 us
[15.306s][info][gc,stats    ]     CLDG                             75 us
[15.306s][info][gc,stats    ]     Exception Caches                  0 us
[15.306s][info][gc,stats    ] Concurrent Strong Roots             233 us, parallelism: 0.59x
[15.306s][info][gc,stats    ]   CSR: <total>                      138 us
[15.306s][info][gc,stats    ]   CSR: VM Strong Roots                5 us, workers (us):   5, ---, ---, 
[15.306s][info][gc,stats    ]   CSR: CLDG Roots                   132 us, workers (us): 132, ---, ---, 
[15.306s][info][gc,stats    ] Concurrent Evacuation              1684 us
[15.306s][info][gc,stats    ] Pause Init Update Refs (G)          171 us
[15.306s][info][gc,stats    ] Pause Init Update Refs (N)           68 us
[15.306s][info][gc,stats    ]   Manage GCLABs                       3 us
[15.306s][info][gc,stats    ] Concurrent Update Refs             3076 us
[15.306s][info][gc,stats    ] Concurrent Update Thread Roots     1451 us
[15.306s][info][gc,stats    ] Pause Final Update Refs (G)         488 us
[15.306s][info][gc,stats    ] Pause Final Update Refs (N)         415 us
[15.306s][info][gc,stats    ]   Update Region States              122 us
[15.306s][info][gc,stats    ]   Trash Collection Set                6 us
[15.306s][info][gc,stats    ]   Rebuild Free Set                   30 us
[15.306s][info][gc,stats    ] Concurrent Cleanup                   40 us
[15.306s][info][gc,stats    ] 
[15.306s][info][gc,stats    ] Allocation pacing accrued:
[15.306s][info][gc,stats    ]       0 of  6979 ms (  0.0%): <total>
[15.306s][info][gc,stats    ]       0 of  6979 ms (  0.0%): <average total>
[15.306s][info][gc,stats    ] 
[15.306s][info][gc,metaspace] Metaspace: 14106K(14336K)->14093K(14336K) NonClass: 12546K(12672K)->12535K(12672K) Class: 1560K(1664K)->1558K(1664K)
[15.306s][info][gc,ergo     ] Pacer for Idle. Initial: 163M, Alloc Tax Rate: 1.0x
[15.318s][info][gc          ] Trigger: Explicit GC request (System.gc())
[15.318s][info][gc,ergo     ] Free: 7759M, Max: 4096K regular, 7720M humongous, Frag: 1% external, 0% internal; Reserve: 412M, Max: 4096K
[15.318s][info][gc,start    ] GC(4) Concurrent reset
[15.318s][info][gc,task     ] GC(4) Using 1 of 3 workers for concurrent reset
[15.318s][info][gc,ergo     ] GC(4) Pacer for Reset. Non-Taxable: 8192M
[15.319s][info][gc          ] GC(4) Concurrent reset 0.477ms
[15.319s][info][gc,start    ] GC(4) Pause Init Mark (unload classes)
[15.319s][info][gc,task     ] GC(4) Using 3 of 3 workers for init marking
[15.319s][info][gc,ref      ] GC(4) Clearing All SoftReferences
[15.319s][info][gc,ergo     ] GC(4) Pacer for Mark. Expected Live: 6469K, Free: 7759M, Non-Taxable: 775M, Alloc Tax Rate: 0.0x
[15.319s][info][gc          ] GC(4) Pause Init Mark (unload classes) 0.386ms
[15.319s][info][gc,start    ] GC(4) Concurrent marking roots
[15.319s][info][gc,task     ] GC(4) Using 1 of 3 workers for concurrent marking roots
[15.320s][info][gc          ] GC(4) Concurrent marking roots 0.747ms
[15.320s][info][gc,start    ] GC(4) Concurrent marking (unload classes)
[15.320s][info][gc,task     ] GC(4) Using 1 of 3 workers for concurrent marking
[15.325s][info][gc          ] GC(4) Concurrent marking (unload classes) 5.118ms
[15.325s][info][gc,start    ] GC(4) Pause Final Mark (unload classes)
[15.325s][info][gc,task     ] GC(4) Using 3 of 3 workers for final marking
[15.326s][info][gc,ergo     ] GC(4) Adaptive CSet Selection. Target Free: 1160M, Actual Free: 8171M, Max CSet: 341M, Min Garbage: 0B
[15.326s][info][gc,ergo     ] GC(4) Collectable Garbage: 12280K (91%), Immediate: 4088K (30%), CSet: 8191K (61%)
[15.326s][info][gc,ergo     ] GC(4) Pacer for Evacuation. Used CSet: 8192K, Free: 7763M, Non-Taxable: 776M, Alloc Tax Rate: 1.1x
[15.326s][info][gc          ] GC(4) Pause Final Mark (unload classes) 0.558ms
[15.326s][info][gc,start    ] GC(4) Concurrent thread roots
[15.326s][info][gc,task     ] GC(4) Using 1 of 3 workers for Concurrent thread roots
[15.327s][info][gc          ] GC(4) Concurrent thread roots 0.590ms
[15.327s][info][gc,start    ] GC(4) Concurrent weak references
[15.327s][info][gc,task     ] GC(4) Using 1 of 3 workers for concurrent weak references
[15.327s][info][gc,ref      ] GC(4) Encountered references: Soft: 141, Weak: 821, Final: 9, Phantom: 653
[15.327s][info][gc,ref      ] GC(4) Discovered  references: Soft: 89, Weak: 485, Final: 7, Phantom: 580
[15.327s][info][gc,ref      ] GC(4) Enqueued    references: Soft: 0, Weak: 0, Final: 0, Phantom: 6
[15.327s][info][gc          ] GC(4) Concurrent weak references 0.144ms
[15.327s][info][gc,start    ] GC(4) Concurrent weak roots
[15.327s][info][gc,task     ] GC(4) Using 1 of 3 workers for concurrent weak root
[15.328s][info][gc          ] GC(4) Concurrent weak roots 0.794ms
[15.328s][info][gc,start    ] GC(4) Concurrent cleanup
[15.328s][info][gc          ] GC(4) Concurrent cleanup 20M->16M(8192M) 0.014ms
[15.328s][info][gc,ergo     ] GC(4) Free: 7763M, Max: 4096K regular, 7720M humongous, Frag: 1% external, 0% internal; Reserve: 411M, Max: 4096K
[15.328s][info][gc,start    ] GC(4) Concurrent class unloading
[15.328s][info][gc,task     ] GC(4) Using 1 of 3 workers for concurrent class unloading
[15.330s][info][gc          ] GC(4) Concurrent class unloading 2.864ms
[15.331s][info][gc,start    ] GC(4) Concurrent strong roots
[15.331s][info][gc,task     ] GC(4) Using 1 of 3 workers for concurrent strong root
[15.331s][info][gc          ] GC(4) Concurrent strong roots 0.171ms
[15.331s][info][gc,start    ] GC(4) Concurrent evacuation
[15.331s][info][gc,task     ] GC(4) Using 1 of 3 workers for concurrent evacuation
[15.331s][info][gc          ] GC(4) Concurrent evacuation 0.128ms
[15.331s][info][gc,start    ] GC(4) Pause Init Update Refs
[15.331s][info][gc,ergo     ] GC(4) Pacer for Update Refs. Used: 16408K, Free: 7763M, Non-Taxable: 776M, Alloc Tax Rate: 1.1x
[15.331s][info][gc          ] GC(4) Pause Init Update Refs 0.045ms
[15.331s][info][gc,start    ] GC(4) Concurrent update references
[15.331s][info][gc,task     ] GC(4) Using 1 of 3 workers for concurrent reference update
[15.333s][info][gc          ] GC(4) Concurrent update references 2.296ms
[15.333s][info][gc,start    ] GC(4) Concurrent update thread roots
[15.334s][info][gc          ] GC(4) Concurrent update thread roots 0.545ms
[15.334s][info][gc,start    ] GC(4) Pause Final Update Refs
[15.334s][info][gc,task     ] GC(4) Using 3 of 3 workers for final reference update
[15.334s][info][gc          ] GC(4) Pause Final Update Refs 0.128ms
[15.334s][info][gc,start    ] GC(4) Concurrent cleanup
[15.334s][info][gc          ] GC(4) Concurrent cleanup 16M->8M(8192M) 0.055ms
[15.334s][info][gc,ergo     ] Free: 7771M, Max: 4096K regular, 7764M humongous, Frag: 0% external, 0% internal; Reserve: 412M, Max: 4096K
[15.334s][info][gc,stats    ] 
[15.334s][info][gc,stats    ] All times are wall-clock times, except per-root-class counters, that are sum over
[15.334s][info][gc,stats    ] all workers. Dividing the <total> over the root stage time estimates parallelism.
[15.334s][info][gc,stats    ] 
[15.334s][info][gc,stats    ] Concurrent Reset                    539 us
[15.334s][info][gc,stats    ] Pause Init Mark (G)                 599 us
[15.334s][info][gc,stats    ] Pause Init Mark (N)                 410 us
[15.334s][info][gc,stats    ]   Update Region States              156 us
[15.334s][info][gc,stats    ] Concurrent Mark Roots               767 us, parallelism: 0.77x
[15.334s][info][gc,stats    ]   CMR: <total>                      593 us
[15.334s][info][gc,stats    ]   CMR: Thread Roots                 514 us, workers (us): 514, ---, ---, 
[15.334s][info][gc,stats    ]   CMR: VM Strong Roots               19 us, workers (us):  19, ---, ---, 
[15.334s][info][gc,stats    ]   CMR: CLDG Roots                    60 us, workers (us):  60, ---, ---, 
[15.334s][info][gc,stats    ] Concurrent Marking                 5191 us
[15.334s][info][gc,stats    ] Pause Final Mark (G)                702 us
[15.334s][info][gc,stats    ] Pause Final Mark (N)                579 us
[15.334s][info][gc,stats    ]   Finish Mark                       199 us
[15.334s][info][gc,stats    ]   Update Region States              127 us
[15.334s][info][gc,stats    ]   Choose Collection Set             102 us
[15.334s][info][gc,stats    ]   Rebuild Free Set                   21 us
[15.334s][info][gc,stats    ] Concurrent Thread Roots             610 us, parallelism: 0.78x
[15.334s][info][gc,stats    ]   CTR: <total>                      475 us
[15.334s][info][gc,stats    ]   CTR: Thread Roots                 475 us, workers (us): 475, ---, ---, 
[15.334s][info][gc,stats    ] Concurrent Weak References          151 us, parallelism: 0.17x
[15.335s][info][gc,stats    ]   CWRF: <total>                      25 us
[15.335s][info][gc,stats    ]   CWRF: Weak References              25 us, workers (us):  25, ---, ---, 
[15.335s][info][gc,stats    ] Concurrent Weak Roots               812 us
[15.335s][info][gc,stats    ]   Roots                             711 us, parallelism: 0.92x
[15.335s][info][gc,stats    ]     CWR: <total>                    656 us
[15.335s][info][gc,stats    ]     CWR: Code Cache Roots           548 us, workers (us): 548, ---, ---, 
[15.335s][info][gc,stats    ]     CWR: VM Weak Roots              103 us, workers (us): 103, ---, ---, 
[15.335s][info][gc,stats    ]     CWR: CLDG Roots                   4 us, workers (us):   4, ---, ---, 
[15.335s][info][gc,stats    ]   Rendezvous                         67 us
[15.335s][info][gc,stats    ] Concurrent Cleanup                   23 us
[15.335s][info][gc,stats    ] Concurrent Class Unloading         2952 us
[15.335s][info][gc,stats    ]   Unlink Stale                     2605 us
[15.335s][info][gc,stats    ]     System Dictionary                 5 us
[15.335s][info][gc,stats    ]     Weak Class Links                  0 us
[15.335s][info][gc,stats    ]     Code Roots                     2598 us
[15.335s][info][gc,stats    ]   Rendezvous                         62 us
[15.335s][info][gc,stats    ]   Purge Unlinked                    176 us
[15.335s][info][gc,stats    ]     Code Roots                      168 us
[15.335s][info][gc,stats    ]     CLDG                              7 us
[15.335s][info][gc,stats    ]     Exception Caches                  0 us
[15.335s][info][gc,stats    ] Concurrent Strong Roots             194 us, parallelism: 0.34x
[15.335s][info][gc,stats    ]   CSR: <total>                       66 us
[15.335s][info][gc,stats    ]   CSR: VM Strong Roots                6 us, workers (us):   6, ---, ---, 
[15.335s][info][gc,stats    ]   CSR: CLDG Roots                    60 us, workers (us):  60, ---, ---, 
[15.335s][info][gc,stats    ] Concurrent Evacuation               147 us
[15.335s][info][gc,stats    ] Pause Init Update Refs (G)          109 us
[15.335s][info][gc,stats    ] Pause Init Update Refs (N)           54 us
[15.335s][info][gc,stats    ]   Manage GCLABs                       2 us
[15.335s][info][gc,stats    ] Concurrent Update Refs             2359 us
[15.335s][info][gc,stats    ] Concurrent Update Thread Roots      584 us
[15.335s][info][gc,stats    ] Pause Final Update Refs (G)         223 us
[15.335s][info][gc,stats    ] Pause Final Update Refs (N)         147 us
[15.335s][info][gc,stats    ]   Update Region States               68 us
[15.335s][info][gc,stats    ]   Trash Collection Set                3 us
[15.335s][info][gc,stats    ]   Rebuild Free Set                   16 us
[15.335s][info][gc,stats    ] Concurrent Cleanup                   75 us
[15.335s][info][gc,stats    ] 
[15.335s][info][gc,stats    ] Allocation pacing accrued:
[15.335s][info][gc,stats    ]       0 of    29 ms (  0.0%): <total>
[15.335s][info][gc,stats    ]       0 of    29 ms (  0.0%): <average total>
[15.335s][info][gc,stats    ] 
[15.335s][info][gc,metaspace] Metaspace: 14096K(14336K)->14096K(14336K) NonClass: 12537K(12672K)->12537K(12672K) Class: 1558K(1664K)->1558K(1664K)
[15.335s][info][gc,ergo     ] Pacer for Idle. Initial: 163M, Alloc Tax Rate: 1.0x
[22.279s][info][gc          ] Trigger: Explicit GC request (System.gc())
[22.279s][info][gc,ergo     ] Free: 7727M, Max: 4096K regular, 7720M humongous, Frag: 0% external, 0% internal; Reserve: 412M, Max: 4096K
[22.279s][info][gc,start    ] GC(5) Concurrent reset
[22.279s][info][gc,task     ] GC(5) Using 1 of 3 workers for concurrent reset
[22.279s][info][gc,ergo     ] GC(5) Pacer for Reset. Non-Taxable: 8192M
[22.280s][info][gc          ] GC(5) Concurrent reset 0.435ms
[22.280s][info][gc,start    ] GC(5) Pause Init Mark (unload classes)
[22.280s][info][gc,task     ] GC(5) Using 3 of 3 workers for init marking
[22.280s][info][gc,ref      ] GC(5) Clearing All SoftReferences
[22.280s][info][gc,ergo     ] GC(5) Pacer for Mark. Expected Live: 6595K, Free: 7727M, Non-Taxable: 772M, Alloc Tax Rate: 0.0x
[22.280s][info][gc          ] GC(5) Pause Init Mark (unload classes) 0.235ms
[22.280s][info][gc,start    ] GC(5) Concurrent marking roots
[22.280s][info][gc,task     ] GC(5) Using 1 of 3 workers for concurrent marking roots
[22.282s][info][gc          ] GC(5) Concurrent marking roots 1.526ms
[22.282s][info][gc,start    ] GC(5) Concurrent marking (unload classes)
[22.282s][info][gc,task     ] GC(5) Using 1 of 3 workers for concurrent marking
[22.287s][info][gc          ] GC(5) Concurrent marking (unload classes) 5.262ms
[22.287s][info][gc,start    ] GC(5) Pause Final Mark (unload classes)
[22.287s][info][gc,task     ] GC(5) Using 3 of 3 workers for final marking
[22.288s][info][gc,ergo     ] GC(5) Adaptive CSet Selection. Target Free: 1160M, Actual Free: 8140M, Max CSet: 341M, Min Garbage: 0B
[22.288s][info][gc,ergo     ] GC(5) Collectable Garbage: 45745K (99%), Immediate: 12288K (26%), CSet: 33457K (72%)
[22.288s][info][gc,ergo     ] GC(5) Pacer for Evacuation. Used CSet: 36864K, Free: 7735M, Non-Taxable: 773M, Alloc Tax Rate: 1.1x
[22.288s][info][gc          ] GC(5) Pause Final Mark (unload classes) 0.532ms
[22.288s][info][gc,start    ] GC(5) Concurrent thread roots
[22.288s][info][gc,task     ] GC(5) Using 1 of 3 workers for Concurrent thread roots
[22.288s][info][gc          ] GC(5) Concurrent thread roots 0.710ms
[22.289s][info][gc,start    ] GC(5) Concurrent weak references
[22.289s][info][gc,task     ] GC(5) Using 1 of 3 workers for concurrent weak references
[22.289s][info][gc,ref      ] GC(5) Encountered references: Soft: 461, Weak: 840, Final: 10, Phantom: 1488
[22.289s][info][gc,ref      ] GC(5) Discovered  references: Soft: 408, Weak: 507, Final: 8, Phantom: 1428
[22.289s][info][gc,ref      ] GC(5) Enqueued    references: Soft: 319, Weak: 3, Final: 1, Phantom: 833
[22.289s][info][gc          ] GC(5) Concurrent weak references 0.266ms
[22.289s][info][gc,start    ] GC(5) Concurrent weak roots
[22.289s][info][gc,task     ] GC(5) Using 1 of 3 workers for concurrent weak root
[22.290s][info][gc          ] GC(5) Concurrent weak roots 1.027ms
[22.290s][info][gc,start    ] GC(5) Concurrent cleanup
[22.290s][info][gc          ] GC(5) Concurrent cleanup 56M->44M(8192M) 0.025ms
[22.290s][info][gc,ergo     ] GC(5) Free: 7735M, Max: 4096K regular, 7716M humongous, Frag: 1% external, 0% internal; Reserve: 411M, Max: 4096K
[22.290s][info][gc,start    ] GC(5) Concurrent class unloading
[22.290s][info][gc,task     ] GC(5) Using 1 of 3 workers for concurrent class unloading
[22.296s][info][gc          ] GC(5) Concurrent class unloading 6.130ms
[22.296s][info][gc,start    ] GC(5) Concurrent strong roots
[22.296s][info][gc,task     ] GC(5) Using 1 of 3 workers for concurrent strong root
[22.296s][info][gc          ] GC(5) Concurrent strong roots 0.286ms
[22.296s][info][gc,start    ] GC(5) Concurrent evacuation
[22.296s][info][gc,task     ] GC(5) Using 1 of 3 workers for concurrent evacuation
[22.299s][info][gc          ] GC(5) Concurrent evacuation 2.348ms
[22.299s][info][gc,start    ] GC(5) Pause Init Update Refs
[22.299s][info][gc,ergo     ] GC(5) Pacer for Update Refs. Used: 49176K, Free: 7735M, Non-Taxable: 773M, Alloc Tax Rate: 1.1x
[22.299s][info][gc          ] GC(5) Pause Init Update Refs 0.110ms
[22.299s][info][gc,start    ] GC(5) Concurrent update references
[22.299s][info][gc,task     ] GC(5) Using 1 of 3 workers for concurrent reference update
[22.302s][info][gc          ] GC(5) Concurrent update references 2.542ms
[22.302s][info][gc,start    ] GC(5) Concurrent update thread roots
[22.303s][info][gc          ] GC(5) Concurrent update thread roots 1.674ms
[22.304s][info][gc,start    ] GC(5) Pause Final Update Refs
[22.304s][info][gc,task     ] GC(5) Using 3 of 3 workers for final reference update
[22.304s][info][gc          ] GC(5) Pause Final Update Refs 0.619ms
[22.304s][info][gc,start    ] GC(5) Concurrent cleanup
[22.304s][info][gc          ] GC(5) Concurrent cleanup 48M->12M(8192M) 0.055ms
[22.304s][info][gc,ergo     ] Free: 7767M, Max: 4096K regular, 7716M humongous, Frag: 1% external, 0% internal; Reserve: 412M, Max: 4096K
[22.304s][info][gc,stats    ] 
[22.304s][info][gc,stats    ] All times are wall-clock times, except per-root-class counters, that are sum over
[22.304s][info][gc,stats    ] all workers. Dividing the <total> over the root stage time estimates parallelism.
[22.304s][info][gc,stats    ] 
[22.304s][info][gc,stats    ] Concurrent Reset                    493 us
[22.304s][info][gc,stats    ] Pause Init Mark (G)                 422 us
[22.304s][info][gc,stats    ] Pause Init Mark (N)                 253 us
[22.304s][info][gc,stats    ]   Update Region States               87 us
[22.304s][info][gc,stats    ] Concurrent Mark Roots              1545 us, parallelism: 0.88x
[22.304s][info][gc,stats    ]   CMR: <total>                     1356 us
[22.305s][info][gc,stats    ]   CMR: Thread Roots                1267 us, workers (us): 1267, ---, ---, 
[22.305s][info][gc,stats    ]   CMR: VM Strong Roots                7 us, workers (us):   7, ---, ---, 
[22.305s][info][gc,stats    ]   CMR: CLDG Roots                    83 us, workers (us):  83, ---, ---, 
[22.305s][info][gc,stats    ] Concurrent Marking                 5333 us
[22.305s][info][gc,stats    ] Pause Final Mark (G)                678 us
[22.305s][info][gc,stats    ] Pause Final Mark (N)                554 us
[22.305s][info][gc,stats    ]   Finish Mark                       166 us
[22.305s][info][gc,stats    ]   Update Region States              125 us
[22.305s][info][gc,stats    ]   Choose Collection Set             103 us
[22.305s][info][gc,stats    ]   Rebuild Free Set                   21 us
[22.305s][info][gc,stats    ] Concurrent Thread Roots             730 us, parallelism: 0.84x
[22.305s][info][gc,stats    ]   CTR: <total>                      617 us
[22.305s][info][gc,stats    ]   CTR: Thread Roots                 617 us, workers (us): 617, ---, ---, 
[22.305s][info][gc,stats    ] Concurrent Weak References          274 us, parallelism: 0.60x
[22.305s][info][gc,stats    ]   CWRF: <total>                     166 us
[22.305s][info][gc,stats    ]   CWRF: Weak References             166 us, workers (us): 166, ---, ---, 
[22.305s][info][gc,stats    ] Concurrent Weak Roots              1060 us
[22.305s][info][gc,stats    ]   Roots                             902 us, parallelism: 0.93x
[22.305s][info][gc,stats    ]     CWR: <total>                    837 us
[22.305s][info][gc,stats    ]     CWR: Code Cache Roots           576 us, workers (us): 576, ---, ---, 
[22.305s][info][gc,stats    ]     CWR: VM Weak Roots              257 us, workers (us): 257, ---, ---, 
[22.305s][info][gc,stats    ]     CWR: CLDG Roots                   4 us, workers (us):   4, ---, ---, 
[22.305s][info][gc,stats    ]   Rendezvous                        108 us
[22.305s][info][gc,stats    ] Concurrent Cleanup                   34 us
[22.305s][info][gc,stats    ] Concurrent Class Unloading         6241 us
[22.305s][info][gc,stats    ]   Unlink Stale                     5721 us
[22.305s][info][gc,stats    ]     System Dictionary                71 us
[22.305s][info][gc,stats    ]     Weak Class Links               2230 us
[22.305s][info][gc,stats    ]     Code Roots                     3417 us
[22.305s][info][gc,stats    ]   Rendezvous                        110 us
[22.305s][info][gc,stats    ]   Purge Unlinked                    275 us
[22.305s][info][gc,stats    ]     Code Roots                      216 us
[22.305s][info][gc,stats    ]     CLDG                             58 us
[22.305s][info][gc,stats    ]     Exception Caches                  0 us
[22.305s][info][gc,stats    ] Concurrent Strong Roots             324 us, parallelism: 0.41x
[22.305s][info][gc,stats    ]   CSR: <total>                      132 us
[22.305s][info][gc,stats    ]   CSR: VM Strong Roots                9 us, workers (us):   9, ---, ---, 
[22.305s][info][gc,stats    ]   CSR: CLDG Roots                   122 us, workers (us): 122, ---, ---, 
[22.305s][info][gc,stats    ] Concurrent Evacuation              2420 us
[22.305s][info][gc,stats    ] Pause Init Update Refs (G)          283 us
[22.305s][info][gc,stats    ] Pause Init Update Refs (N)          131 us
[22.305s][info][gc,stats    ]   Manage GCLABs                       4 us
[22.305s][info][gc,stats    ] Concurrent Update Refs             2606 us
[22.305s][info][gc,stats    ] Concurrent Update Thread Roots     1704 us
[22.305s][info][gc,stats    ] Pause Final Update Refs (G)         718 us
[22.305s][info][gc,stats    ] Pause Final Update Refs (N)         637 us
[22.305s][info][gc,stats    ]   Update Region States              513 us
[22.305s][info][gc,stats    ]   Trash Collection Set                3 us
[22.305s][info][gc,stats    ]   Rebuild Free Set                   17 us
[22.305s][info][gc,stats    ] Concurrent Cleanup                   76 us
[22.305s][info][gc,stats    ] 
[22.305s][info][gc,stats    ] Allocation pacing accrued:
[22.305s][info][gc,stats    ]       0 of  6970 ms (  0.0%): <total>
[22.305s][info][gc,stats    ]       0 of  6970 ms (  0.0%): <average total>
[22.305s][info][gc,stats    ] 
[22.305s][info][gc,metaspace] Metaspace: 14181K(14400K)->14168K(14400K) NonClass: 12621K(12736K)->12610K(12736K) Class: 1560K(1664K)->1558K(1664K)
[22.305s][info][gc,ergo     ] Pacer for Idle. Initial: 163M, Alloc Tax Rate: 1.0x
[22.312s][info][gc          ] Trigger: Explicit GC request (System.gc())
[22.312s][info][gc,ergo     ] Free: 7759M, Max: 4096K regular, 7716M humongous, Frag: 1% external, 0% internal; Reserve: 412M, Max: 4096K
[22.313s][info][gc,start    ] GC(6) Concurrent reset
[22.313s][info][gc,task     ] GC(6) Using 1 of 3 workers for concurrent reset
[22.313s][info][gc,ergo     ] GC(6) Pacer for Reset. Non-Taxable: 8192M
[22.313s][info][gc          ] GC(6) Concurrent reset 0.417ms
[22.313s][info][gc,start    ] GC(6) Pause Init Mark (unload classes)
[22.313s][info][gc,task     ] GC(6) Using 3 of 3 workers for init marking
[22.313s][info][gc,ref      ] GC(6) Clearing All SoftReferences
[22.313s][info][gc,ergo     ] GC(6) Pacer for Mark. Expected Live: 7200K, Free: 7759M, Non-Taxable: 775M, Alloc Tax Rate: 0.0x
[22.313s][info][gc          ] GC(6) Pause Init Mark (unload classes) 0.246ms
[22.313s][info][gc,start    ] GC(6) Concurrent marking roots
[22.313s][info][gc,task     ] GC(6) Using 1 of 3 workers for concurrent marking roots
[22.314s][info][gc          ] GC(6) Concurrent marking roots 0.874ms
[22.314s][info][gc,start    ] GC(6) Concurrent marking (unload classes)
[22.314s][info][gc,task     ] GC(6) Using 1 of 3 workers for concurrent marking
[22.319s][info][gc          ] GC(6) Concurrent marking (unload classes) 5.066ms
[22.319s][info][gc,start    ] GC(6) Pause Final Mark (unload classes)
[22.320s][info][gc,task     ] GC(6) Using 3 of 3 workers for final marking
[22.320s][info][gc,ergo     ] GC(6) Adaptive CSet Selection. Target Free: 1160M, Actual Free: 8167M, Max CSet: 341M, Min Garbage: 0B
[22.320s][info][gc,ergo     ] GC(6) Collectable Garbage: 12280K (91%), Immediate: 4088K (30%), CSet: 8191K (61%)
[22.320s][info][gc,ergo     ] GC(6) Pacer for Evacuation. Used CSet: 8192K, Free: 7763M, Non-Taxable: 776M, Alloc Tax Rate: 1.1x
[22.320s][info][gc          ] GC(6) Pause Final Mark (unload classes) 0.517ms
[22.320s][info][gc,start    ] GC(6) Concurrent thread roots
[22.320s][info][gc,task     ] GC(6) Using 1 of 3 workers for Concurrent thread roots
[22.321s][info][gc          ] GC(6) Concurrent thread roots 0.638ms
[22.321s][info][gc,start    ] GC(6) Concurrent weak references
[22.321s][info][gc,task     ] GC(6) Using 1 of 3 workers for concurrent weak references
[22.321s][info][gc,ref      ] GC(6) Encountered references: Soft: 141, Weak: 826, Final: 9, Phantom: 653
[22.321s][info][gc,ref      ] GC(6) Discovered  references: Soft: 89, Weak: 486, Final: 7, Phantom: 580
[22.321s][info][gc,ref      ] GC(6) Enqueued    references: Soft: 0, Weak: 0, Final: 0, Phantom: 6
[22.321s][info][gc          ] GC(6) Concurrent weak references 0.149ms
[22.321s][info][gc,start    ] GC(6) Concurrent weak roots
[22.321s][info][gc,task     ] GC(6) Using 1 of 3 workers for concurrent weak root
[22.322s][info][gc          ] GC(6) Concurrent weak roots 0.834ms
[22.322s][info][gc,start    ] GC(6) Concurrent cleanup
[22.322s][info][gc          ] GC(6) Concurrent cleanup 20M->16M(8192M) 0.030ms
[22.322s][info][gc,ergo     ] GC(6) Free: 7763M, Max: 4096K regular, 7716M humongous, Frag: 1% external, 0% internal; Reserve: 411M, Max: 4096K
[22.322s][info][gc,start    ] GC(6) Concurrent class unloading
[22.322s][info][gc,task     ] GC(6) Using 1 of 3 workers for concurrent class unloading
[22.325s][info][gc          ] GC(6) Concurrent class unloading 3.214ms
[22.325s][info][gc,start    ] GC(6) Concurrent strong roots
[22.325s][info][gc,task     ] GC(6) Using 1 of 3 workers for concurrent strong root
[22.325s][info][gc          ] GC(6) Concurrent strong roots 0.136ms
[22.325s][info][gc,start    ] GC(6) Concurrent evacuation
[22.325s][info][gc,task     ] GC(6) Using 1 of 3 workers for concurrent evacuation
[22.325s][info][gc          ] GC(6) Concurrent evacuation 0.094ms
[22.325s][info][gc,start    ] GC(6) Pause Init Update Refs
[22.325s][info][gc,ergo     ] GC(6) Pacer for Update Refs. Used: 16410K, Free: 7763M, Non-Taxable: 776M, Alloc Tax Rate: 1.1x
[22.325s][info][gc          ] GC(6) Pause Init Update Refs 0.051ms
[22.325s][info][gc,start    ] GC(6) Concurrent update references
[22.325s][info][gc,task     ] GC(6) Using 1 of 3 workers for concurrent reference update
[22.328s][info][gc          ] GC(6) Concurrent update references 2.258ms
[22.328s][info][gc,start    ] GC(6) Concurrent update thread roots
[22.329s][info][gc          ] GC(6) Concurrent update thread roots 1.308ms
[22.329s][info][gc,start    ] GC(6) Pause Final Update Refs
[22.329s][info][gc,task     ] GC(6) Using 3 of 3 workers for final reference update
[22.329s][info][gc          ] GC(6) Pause Final Update Refs 0.166ms
[22.329s][info][gc,start    ] GC(6) Concurrent cleanup
[22.329s][info][gc          ] GC(6) Concurrent cleanup 16M->8M(8192M) 0.027ms
[22.329s][info][gc,ergo     ] Free: 7771M, Max: 4096K regular, 7760M humongous, Frag: 0% external, 0% internal; Reserve: 412M, Max: 4096K
[22.329s][info][gc,stats    ] 
[22.329s][info][gc,stats    ] All times are wall-clock times, except per-root-class counters, that are sum over
[22.329s][info][gc,stats    ] all workers. Dividing the <total> over the root stage time estimates parallelism.
[22.329s][info][gc,stats    ] 
[22.329s][info][gc,stats    ] Concurrent Reset                    441 us
[22.329s][info][gc,stats    ] Pause Init Mark (G)                 389 us
[22.329s][info][gc,stats    ] Pause Init Mark (N)                 264 us
[22.329s][info][gc,stats    ]   Update Region States               82 us
[22.330s][info][gc,stats    ] Concurrent Mark Roots               893 us, parallelism: 0.86x
[22.330s][info][gc,stats    ]   CMR: <total>                      771 us
[22.330s][info][gc,stats    ]   CMR: Thread Roots                 697 us, workers (us): 697, ---, ---, 
[22.330s][info][gc,stats    ]   CMR: VM Strong Roots               14 us, workers (us):  14, ---, ---, 
[22.330s][info][gc,stats    ]   CMR: CLDG Roots                    60 us, workers (us):  60, ---, ---, 
[22.330s][info][gc,stats    ] Concurrent Marking                 5135 us
[22.330s][info][gc,stats    ] Pause Final Mark (G)                643 us
[22.330s][info][gc,stats    ] Pause Final Mark (N)                538 us
[22.330s][info][gc,stats    ]   Finish Mark                       164 us
[22.330s][info][gc,stats    ]   Update Region States              122 us
[22.330s][info][gc,stats    ]   Choose Collection Set             101 us
[22.330s][info][gc,stats    ]   Rebuild Free Set                   21 us
[22.330s][info][gc,stats    ] Concurrent Thread Roots             657 us, parallelism: 0.85x
[22.330s][info][gc,stats    ]   CTR: <total>                      556 us
[22.330s][info][gc,stats    ]   CTR: Thread Roots                 556 us, workers (us): 556, ---, ---, 
[22.330s][info][gc,stats    ] Concurrent Weak References          166 us, parallelism: 0.17x
[22.330s][info][gc,stats    ]   CWRF: <total>                      28 us
[22.330s][info][gc,stats    ]   CWRF: Weak References              28 us, workers (us):  28, ---, ---, 
[22.330s][info][gc,stats    ] Concurrent Weak Roots               873 us
[22.330s][info][gc,stats    ]   Roots                             708 us, parallelism: 0.90x
[22.330s][info][gc,stats    ]     CWR: <total>                    635 us
[22.330s][info][gc,stats    ]     CWR: Code Cache Roots           528 us, workers (us): 528, ---, ---, 
[22.330s][info][gc,stats    ]     CWR: VM Weak Roots              104 us, workers (us): 104, ---, ---, 
[22.330s][info][gc,stats    ]     CWR: CLDG Roots                   3 us, workers (us):   3, ---, ---, 
[22.330s][info][gc,stats    ]   Rendezvous                         90 us
[22.330s][info][gc,stats    ] Concurrent Cleanup                   48 us
[22.330s][info][gc,stats    ] Concurrent Class Unloading         3284 us
[22.330s][info][gc,stats    ]   Unlink Stale                     2889 us
[22.330s][info][gc,stats    ]     System Dictionary                 4 us
[22.330s][info][gc,stats    ]     Weak Class Links                  0 us
[22.330s][info][gc,stats    ]     Code Roots                     2882 us
[22.330s][info][gc,stats    ]   Rendezvous                         60 us
[22.330s][info][gc,stats    ]   Purge Unlinked                    229 us
[22.330s][info][gc,stats    ]     Code Roots                      221 us
[22.330s][info][gc,stats    ]     CLDG                              8 us
[22.330s][info][gc,stats    ]     Exception Caches                  0 us
[22.330s][info][gc,stats    ] Concurrent Strong Roots             154 us, parallelism: 0.30x
[22.330s][info][gc,stats    ]   CSR: <total>                       47 us
[22.330s][info][gc,stats    ]   CSR: VM Strong Roots                4 us, workers (us):   4, ---, ---, 
[22.330s][info][gc,stats    ]   CSR: CLDG Roots                    43 us, workers (us):  43, ---, ---, 
[22.330s][info][gc,stats    ] Concurrent Evacuation               112 us
[22.330s][info][gc,stats    ] Pause Init Update Refs (G)          114 us
[22.330s][info][gc,stats    ] Pause Init Update Refs (N)           59 us
[22.330s][info][gc,stats    ]   Manage GCLABs                       2 us
[22.330s][info][gc,stats    ] Concurrent Update Refs             2317 us
[22.330s][info][gc,stats    ] Concurrent Update Thread Roots     1327 us
[22.330s][info][gc,stats    ] Pause Final Update Refs (G)         245 us
[22.330s][info][gc,stats    ] Pause Final Update Refs (N)         187 us
[22.330s][info][gc,stats    ]   Update Region States               73 us
[22.330s][info][gc,stats    ]   Trash Collection Set                6 us
[22.330s][info][gc,stats    ]   Rebuild Free Set                   23 us
[22.330s][info][gc,stats    ] Concurrent Cleanup                   37 us
[22.330s][info][gc,stats    ] 
[22.330s][info][gc,stats    ] Allocation pacing accrued:
[22.330s][info][gc,stats    ]       0 of    25 ms (  0.0%): <total>
[22.330s][info][gc,stats    ]       0 of    25 ms (  0.0%): <average total>
[22.330s][info][gc,stats    ] 
[22.330s][info][gc,metaspace] Metaspace: 14169K(14400K)->14169K(14400K) NonClass: 12610K(12736K)->12610K(12736K) Class: 1558K(1664K)->1558K(1664K)
[22.330s][info][gc,ergo     ] Pacer for Idle. Initial: 163M, Alloc Tax Rate: 1.0x
[29.248s][info][gc          ] Trigger: Explicit GC request (System.gc())
[29.248s][info][gc,ergo     ] Free: 7727M, Max: 4096K regular, 7716M humongous, Frag: 0% external, 0% internal; Reserve: 412M, Max: 4096K
[29.248s][info][gc,start    ] GC(7) Concurrent reset
[29.248s][info][gc,task     ] GC(7) Using 1 of 3 workers for concurrent reset
[29.248s][info][gc,ergo     ] GC(7) Pacer for Reset. Non-Taxable: 8192M
[29.248s][info][gc          ] GC(7) Concurrent reset 0.175ms
[29.248s][info][gc,start    ] GC(7) Pause Init Mark (unload classes)
[29.248s][info][gc,task     ] GC(7) Using 3 of 3 workers for init marking
[29.249s][info][gc,ref      ] GC(7) Clearing All SoftReferences
[29.249s][info][gc,ergo     ] GC(7) Pacer for Mark. Expected Live: 7172K, Free: 7727M, Non-Taxable: 772M, Alloc Tax Rate: 0.0x
[29.249s][info][gc          ] GC(7) Pause Init Mark (unload classes) 0.191ms
[29.249s][info][gc,start    ] GC(7) Concurrent marking roots
[29.249s][info][gc,task     ] GC(7) Using 1 of 3 workers for concurrent marking roots
[29.249s][info][gc          ] GC(7) Concurrent marking roots 0.769ms
[29.249s][info][gc,start    ] GC(7) Concurrent marking (unload classes)
[29.249s][info][gc,task     ] GC(7) Using 1 of 3 workers for concurrent marking
[29.255s][info][gc          ] GC(7) Concurrent marking (unload classes) 5.282ms
[29.255s][info][gc,start    ] GC(7) Pause Final Mark (unload classes)
[29.255s][info][gc,task     ] GC(7) Using 3 of 3 workers for final marking
[29.255s][info][gc,ergo     ] GC(7) Adaptive CSet Selection. Target Free: 1160M, Actual Free: 8140M, Max CSet: 341M, Min Garbage: 0B
[29.255s][info][gc,ergo     ] GC(7) Collectable Garbage: 45739K (99%), Immediate: 12288K (26%), CSet: 33451K (72%)
[29.255s][info][gc,ergo     ] GC(7) Pacer for Evacuation. Used CSet: 36864K, Free: 7739M, Non-Taxable: 773M, Alloc Tax Rate: 1.1x
[29.255s][info][gc          ] GC(7) Pause Final Mark (unload classes) 0.190ms
[29.255s][info][gc,start    ] GC(7) Concurrent thread roots
[29.255s][info][gc,task     ] GC(7) Using 1 of 3 workers for Concurrent thread roots
[29.256s][info][gc          ] GC(7) Concurrent thread roots 1.270ms
[29.256s][info][gc,start    ] GC(7) Concurrent weak references
[29.256s][info][gc,task     ] GC(7) Using 1 of 3 workers for concurrent weak references
[29.257s][info][gc,ref      ] GC(7) Encountered references: Soft: 461, Weak: 845, Final: 10, Phantom: 1490
[29.257s][info][gc,ref      ] GC(7) Discovered  references: Soft: 408, Weak: 491, Final: 8, Phantom: 1417
[29.257s][info][gc,ref      ] GC(7) Enqueued    references: Soft: 319, Weak: 3, Final: 1, Phantom: 833
[29.257s][info][gc          ] GC(7) Concurrent weak references 0.536ms
[29.257s][info][gc,start    ] GC(7) Concurrent weak roots
[29.257s][info][gc,task     ] GC(7) Using 1 of 3 workers for concurrent weak root
[29.258s][info][gc          ] GC(7) Concurrent weak roots 1.418ms
[29.258s][info][gc,start    ] GC(7) Concurrent cleanup
[29.258s][info][gc          ] GC(7) Concurrent cleanup 52M->40M(8192M) 0.025ms
[29.258s][info][gc,ergo     ] GC(7) Free: 7739M, Max: 4096K regular, 7716M humongous, Frag: 1% external, 0% internal; Reserve: 411M, Max: 4096K
[29.258s][info][gc,start    ] GC(7) Concurrent class unloading
[29.258s][info][gc,task     ] GC(7) Using 1 of 3 workers for concurrent class unloading
[29.265s][info][gc          ] GC(7) Concurrent class unloading 6.393ms
[29.265s][info][gc,start    ] GC(7) Concurrent strong roots
[29.265s][info][gc,task     ] GC(7) Using 1 of 3 workers for concurrent strong root
[29.265s][info][gc          ] GC(7) Concurrent strong roots 0.212ms
[29.265s][info][gc,start    ] GC(7) Concurrent evacuation
[29.265s][info][gc,task     ] GC(7) Using 1 of 3 workers for concurrent evacuation
[29.267s][info][gc          ] GC(7) Concurrent evacuation 1.764ms
[29.267s][info][gc,start    ] GC(7) Pause Init Update Refs
[29.267s][info][gc,ergo     ] GC(7) Pacer for Update Refs. Used: 49161K, Free: 7735M, Non-Taxable: 773M, Alloc Tax Rate: 1.1x
[29.267s][info][gc          ] GC(7) Pause Init Update Refs 0.112ms
[29.267s][info][gc,start    ] GC(7) Concurrent update references
[29.267s][info][gc,task     ] GC(7) Using 1 of 3 workers for concurrent reference update
[29.271s][info][gc          ] GC(7) Concurrent update references 3.431ms
[29.271s][info][gc,start    ] GC(7) Concurrent update thread roots
[29.272s][info][gc          ] GC(7) Concurrent update thread roots 1.135ms
[29.272s][info][gc,start    ] GC(7) Pause Final Update Refs
[29.272s][info][gc,task     ] GC(7) Using 3 of 3 workers for final reference update
[29.273s][info][gc          ] GC(7) Pause Final Update Refs 0.751ms
[29.273s][info][gc,start    ] GC(7) Concurrent cleanup
[29.273s][info][gc          ] GC(7) Concurrent cleanup 48M->12M(8192M) 0.081ms
[29.273s][info][gc,ergo     ] Free: 7767M, Max: 4096K regular, 7744M humongous, Frag: 1% external, 0% internal; Reserve: 412M, Max: 4096K
[29.273s][info][gc,stats    ] 
[29.273s][info][gc,stats    ] All times are wall-clock times, except per-root-class counters, that are sum over
[29.273s][info][gc,stats    ] all workers. Dividing the <total> over the root stage time estimates parallelism.
[29.273s][info][gc,stats    ] 
[29.273s][info][gc,stats    ] Concurrent Reset                    193 us
[29.273s][info][gc,stats    ] Pause Init Mark (G)                 288 us
[29.273s][info][gc,stats    ] Pause Init Mark (N)                 208 us
[29.273s][info][gc,stats    ]   Update Region States               72 us
[29.273s][info][gc,stats    ] Concurrent Mark Roots               781 us, parallelism: 0.93x
[29.273s][info][gc,stats    ]   CMR: <total>                      726 us
[29.273s][info][gc,stats    ]   CMR: Thread Roots                 680 us, workers (us): 680, ---, ---, 
[29.273s][info][gc,stats    ]   CMR: VM Strong Roots                4 us, workers (us):   4, ---, ---, 
[29.273s][info][gc,stats    ]   CMR: CLDG Roots                    41 us, workers (us):  41, ---, ---, 
[29.273s][info][gc,stats    ] Concurrent Marking                 5347 us
[29.273s][info][gc,stats    ] Pause Final Mark (G)                298 us
[29.273s][info][gc,stats    ] Pause Final Mark (N)                198 us
[29.273s][info][gc,stats    ]   Finish Mark                        53 us
[29.273s][info][gc,stats    ]   Update Region States               32 us
[29.273s][info][gc,stats    ]   Choose Collection Set              34 us
[29.273s][info][gc,stats    ]   Rebuild Free Set                    7 us
[29.273s][info][gc,stats    ] Concurrent Thread Roots            1328 us, parallelism: 0.89x
[29.273s][info][gc,stats    ]   CTR: <total>                     1187 us
[29.273s][info][gc,stats    ]   CTR: Thread Roots                1187 us, workers (us): 1187, ---, ---, 
[29.273s][info][gc,stats    ] Concurrent Weak References          558 us, parallelism: 0.50x
[29.273s][info][gc,stats    ]   CWRF: <total>                     281 us
[29.273s][info][gc,stats    ]   CWRF: Weak References             281 us, workers (us): 281, ---, ---, 
[29.273s][info][gc,stats    ] Concurrent Weak Roots              1451 us
[29.273s][info][gc,stats    ]   Roots                            1097 us, parallelism: 0.91x
[29.273s][info][gc,stats    ]     CWR: <total>                    997 us
[29.273s][info][gc,stats    ]     CWR: Code Cache Roots           597 us, workers (us): 597, ---, ---, 
[29.273s][info][gc,stats    ]     CWR: VM Weak Roots              396 us, workers (us): 396, ---, ---, 
[29.273s][info][gc,stats    ]     CWR: CLDG Roots                   4 us, workers (us):   4, ---, ---, 
[29.273s][info][gc,stats    ]   Rendezvous                        278 us
[29.273s][info][gc,stats    ] Concurrent Cleanup                   34 us
[29.273s][info][gc,stats    ] Concurrent Class Unloading         6458 us
[29.274s][info][gc,stats    ]   Unlink Stale                     5864 us
[29.274s][info][gc,stats    ]     System Dictionary                72 us
[29.274s][info][gc,stats    ]     Weak Class Links               2322 us
[29.274s][info][gc,stats    ]     Code Roots                     3467 us
[29.274s][info][gc,stats    ]   Rendezvous                        245 us
[29.274s][info][gc,stats    ]   Purge Unlinked                    263 us
[29.274s][info][gc,stats    ]     Code Roots                      224 us
[29.274s][info][gc,stats    ]     CLDG                             39 us
[29.274s][info][gc,stats    ]     Exception Caches                  0 us
[29.274s][info][gc,stats    ] Concurrent Strong Roots             252 us, parallelism: 0.45x
[29.274s][info][gc,stats    ]   CSR: <total>                      114 us
[29.274s][info][gc,stats    ]   CSR: VM Strong Roots                4 us, workers (us):   4, ---, ---, 
[29.274s][info][gc,stats    ]   CSR: CLDG Roots                   110 us, workers (us): 110, ---, ---, 
[29.274s][info][gc,stats    ] Concurrent Evacuation              1846 us
[29.274s][info][gc,stats    ] Pause Init Update Refs (G)          286 us
[29.274s][info][gc,stats    ] Pause Init Update Refs (N)          134 us
[29.274s][info][gc,stats    ]   Manage GCLABs                       7 us
[29.274s][info][gc,stats    ] Concurrent Update Refs             3495 us
[29.274s][info][gc,stats    ] Concurrent Update Thread Roots     1175 us
[29.274s][info][gc,stats    ] Pause Final Update Refs (G)         897 us
[29.274s][info][gc,stats    ] Pause Final Update Refs (N)         777 us
[29.274s][info][gc,stats    ]   Update Region States              659 us
[29.274s][info][gc,stats    ]   Trash Collection Set                2 us
[29.274s][info][gc,stats    ]   Rebuild Free Set                    9 us
[29.274s][info][gc,stats    ] Concurrent Cleanup                  108 us
[29.274s][info][gc,stats    ] 
[29.274s][info][gc,stats    ] Allocation pacing accrued:
[29.274s][info][gc,stats    ]       0 of  6944 ms (  0.0%): <total>
[29.274s][info][gc,stats    ]       0 of  6944 ms (  0.0%): <average total>
[29.274s][info][gc,stats    ] 
[29.274s][info][gc,metaspace] Metaspace: 14246K(14400K)->14233K(14400K) NonClass: 12685K(12736K)->12675K(12736K) Class: 1560K(1664K)->1558K(1664K)
[29.274s][info][gc,ergo     ] Pacer for Idle. Initial: 163M, Alloc Tax Rate: 1.0x
[29.292s][info][gc          ] Trigger: Explicit GC request (System.gc())
[29.292s][info][gc,ergo     ] Free: 7759M, Max: 4096K regular, 7744M humongous, Frag: 1% external, 0% internal; Reserve: 412M, Max: 4096K
[29.292s][info][gc,start    ] GC(8) Concurrent reset
[29.292s][info][gc,task     ] GC(8) Using 1 of 3 workers for concurrent reset
[29.292s][info][gc,ergo     ] GC(8) Pacer for Reset. Non-Taxable: 8192M
[29.292s][info][gc          ] GC(8) Concurrent reset 0.538ms
[29.293s][info][gc,start    ] GC(8) Pause Init Mark (unload classes)
[29.293s][info][gc,task     ] GC(8) Using 3 of 3 workers for init marking
[29.293s][info][gc,ref      ] GC(8) Clearing All SoftReferences
[29.293s][info][gc,ergo     ] GC(8) Pacer for Mark. Expected Live: 7214K, Free: 7759M, Non-Taxable: 775M, Alloc Tax Rate: 0.0x
[29.293s][info][gc          ] GC(8) Pause Init Mark (unload classes) 0.206ms
[29.293s][info][gc,start    ] GC(8) Concurrent marking roots
[29.293s][info][gc,task     ] GC(8) Using 1 of 3 workers for concurrent marking roots
[29.294s][info][gc          ] GC(8) Concurrent marking roots 1.298ms
[29.294s][info][gc,start    ] GC(8) Concurrent marking (unload classes)
[29.294s][info][gc,task     ] GC(8) Using 1 of 3 workers for concurrent marking
[29.300s][info][gc          ] GC(8) Concurrent marking (unload classes) 5.670ms
[29.300s][info][gc,start    ] GC(8) Pause Final Mark (unload classes)
[29.300s][info][gc,task     ] GC(8) Using 3 of 3 workers for final marking
[29.300s][info][gc,ergo     ] GC(8) Adaptive CSet Selection. Target Free: 1160M, Actual Free: 8163M, Max CSet: 341M, Min Garbage: 0B
[29.300s][info][gc,ergo     ] GC(8) Collectable Garbage: 12266K (91%), Immediate: 4090K (30%), CSet: 8175K (61%)
[29.300s][info][gc,ergo     ] GC(8) Pacer for Evacuation. Used CSet: 8175K, Free: 7763M, Non-Taxable: 776M, Alloc Tax Rate: 1.1x
[29.300s][info][gc          ] GC(8) Pause Final Mark (unload classes) 0.423ms
[29.300s][info][gc,start    ] GC(8) Concurrent thread roots
[29.301s][info][gc,task     ] GC(8) Using 1 of 3 workers for Concurrent thread roots
[29.302s][info][gc          ] GC(8) Concurrent thread roots 1.304ms
[29.302s][info][gc,start    ] GC(8) Concurrent weak references
[29.302s][info][gc,task     ] GC(8) Using 1 of 3 workers for concurrent weak references
[29.302s][info][gc,ref      ] GC(8) Encountered references: Soft: 141, Weak: 831, Final: 9, Phantom: 653
[29.302s][info][gc,ref      ] GC(8) Discovered  references: Soft: 89, Weak: 487, Final: 7, Phantom: 580
[29.302s][info][gc,ref      ] GC(8) Enqueued    references: Soft: 0, Weak: 0, Final: 0, Phantom: 6
[29.302s][info][gc          ] GC(8) Concurrent weak references 0.204ms
[29.302s][info][gc,start    ] GC(8) Concurrent weak roots
[29.302s][info][gc,task     ] GC(8) Using 1 of 3 workers for concurrent weak root
[29.303s][info][gc          ] GC(8) Concurrent weak roots 1.171ms
[29.303s][info][gc,start    ] GC(8) Concurrent cleanup
[29.303s][info][gc          ] GC(8) Concurrent cleanup 20M->16M(8192M) 0.026ms
[29.303s][info][gc,ergo     ] GC(8) Free: 7763M, Max: 4096K regular, 7744M humongous, Frag: 1% external, 0% internal; Reserve: 411M, Max: 4096K
[29.303s][info][gc,start    ] GC(8) Concurrent class unloading
[29.303s][info][gc,task     ] GC(8) Using 1 of 3 workers for concurrent class unloading
[29.307s][info][gc          ] GC(8) Concurrent class unloading 3.893ms
[29.307s][info][gc,start    ] GC(8) Concurrent strong roots
[29.307s][info][gc,task     ] GC(8) Using 1 of 3 workers for concurrent strong root
[29.308s][info][gc          ] GC(8) Concurrent strong roots 0.196ms
[29.308s][info][gc,start    ] GC(8) Concurrent evacuation
[29.308s][info][gc,task     ] GC(8) Using 1 of 3 workers for concurrent evacuation
[29.308s][info][gc          ] GC(8) Concurrent evacuation 0.087ms
[29.308s][info][gc,start    ] GC(8) Pause Init Update Refs
[29.308s][info][gc,ergo     ] GC(8) Pacer for Update Refs. Used: 16395K, Free: 7763M, Non-Taxable: 776M, Alloc Tax Rate: 1.1x
[29.308s][info][gc          ] GC(8) Pause Init Update Refs 0.084ms
[29.308s][info][gc,start    ] GC(8) Concurrent update references
[29.308s][info][gc,task     ] GC(8) Using 1 of 3 workers for concurrent reference update
[29.311s][info][gc          ] GC(8) Concurrent update references 3.100ms
[29.311s][info][gc,start    ] GC(8) Concurrent update thread roots
[29.313s][info][gc          ] GC(8) Concurrent update thread roots 1.785ms
[29.313s][info][gc,start    ] GC(8) Pause Final Update Refs
[29.313s][info][gc,task     ] GC(8) Using 3 of 3 workers for final reference update
[29.313s][info][gc          ] GC(8) Pause Final Update Refs 0.281ms
[29.313s][info][gc,start    ] GC(8) Concurrent cleanup
[29.313s][info][gc          ] GC(8) Concurrent cleanup 16M->8M(8192M) 0.056ms
[29.313s][info][gc,ergo     ] Free: 7771M, Max: 4096K regular, 7756M humongous, Frag: 0% external, 0% internal; Reserve: 412M, Max: 4096K
[29.313s][info][gc,stats    ] 
[29.313s][info][gc,stats    ] All times are wall-clock times, except per-root-class counters, that are sum over
[29.313s][info][gc,stats    ] all workers. Dividing the <total> over the root stage time estimates parallelism.
[29.313s][info][gc,stats    ] 
[29.313s][info][gc,stats    ] Concurrent Reset                    595 us
[29.314s][info][gc,stats    ] Pause Init Mark (G)                 353 us
[29.314s][info][gc,stats    ] Pause Init Mark (N)                 224 us
[29.314s][info][gc,stats    ]   Update Region States               71 us
[29.314s][info][gc,stats    ] Concurrent Mark Roots              1317 us, parallelism: 0.92x
[29.314s][info][gc,stats    ]   CMR: <total>                     1209 us
[29.314s][info][gc,stats    ]   CMR: Thread Roots                1144 us, workers (us): 1144, ---, ---, 
[29.314s][info][gc,stats    ]   CMR: VM Strong Roots               16 us, workers (us):  16, ---, ---, 
[29.314s][info][gc,stats    ]   CMR: CLDG Roots                    49 us, workers (us):  49, ---, ---, 
[29.314s][info][gc,stats    ] Concurrent Marking                 5739 us
[29.314s][info][gc,stats    ] Pause Final Mark (G)                512 us
[29.314s][info][gc,stats    ] Pause Final Mark (N)                445 us
[29.314s][info][gc,stats    ]   Finish Mark                        99 us
[29.314s][info][gc,stats    ]   Update Region States               92 us
[29.314s][info][gc,stats    ]   Choose Collection Set             104 us
[29.314s][info][gc,stats    ]   Rebuild Free Set                   22 us
[29.314s][info][gc,stats    ] Concurrent Thread Roots            1424 us, parallelism: 0.75x
[29.314s][info][gc,stats    ]   CTR: <total>                     1068 us
[29.314s][info][gc,stats    ]   CTR: Thread Roots                1068 us, workers (us): 1068, ---, ---, 
[29.314s][info][gc,stats    ] Concurrent Weak References          212 us, parallelism: 0.23x
[29.314s][info][gc,stats    ]   CWRF: <total>                      48 us
[29.314s][info][gc,stats    ]   CWRF: Weak References              48 us, workers (us):  48, ---, ---, 
[29.314s][info][gc,stats    ] Concurrent Weak Roots              1219 us
[29.314s][info][gc,stats    ]   Roots                            1079 us, parallelism: 0.92x
[29.314s][info][gc,stats    ]     CWR: <total>                    997 us
[29.314s][info][gc,stats    ]     CWR: Code Cache Roots           888 us, workers (us): 888, ---, ---, 
[29.314s][info][gc,stats    ]     CWR: VM Weak Roots              105 us, workers (us): 105, ---, ---, 
[29.314s][info][gc,stats    ]     CWR: CLDG Roots                   4 us, workers (us):   4, ---, ---, 
[29.314s][info][gc,stats    ]   Rendezvous                         71 us
[29.314s][info][gc,stats    ] Concurrent Cleanup                   37 us
[29.314s][info][gc,stats    ] Concurrent Class Unloading         3945 us
[29.314s][info][gc,stats    ]   Unlink Stale                     3316 us
[29.314s][info][gc,stats    ]     System Dictionary                 6 us
[29.314s][info][gc,stats    ]     Weak Class Links                  0 us
[29.314s][info][gc,stats    ]     Code Roots                     3308 us
[29.314s][info][gc,stats    ]   Rendezvous                        205 us
[29.314s][info][gc,stats    ]   Purge Unlinked                    350 us
[29.314s][info][gc,stats    ]     Code Roots                      333 us
[29.314s][info][gc,stats    ]     CLDG                             15 us
[29.314s][info][gc,stats    ]     Exception Caches                  0 us
[29.314s][info][gc,stats    ] Concurrent Strong Roots             220 us, parallelism: 0.29x
[29.314s][info][gc,stats    ]   CSR: <total>                       63 us
[29.314s][info][gc,stats    ]   CSR: VM Strong Roots                6 us, workers (us):   6, ---, ---, 
[29.314s][info][gc,stats    ]   CSR: CLDG Roots                    56 us, workers (us):  56, ---, ---, 
[29.314s][info][gc,stats    ] Concurrent Evacuation               105 us
[29.314s][info][gc,stats    ] Pause Init Update Refs (G)          192 us
[29.314s][info][gc,stats    ] Pause Init Update Refs (N)          101 us
[29.314s][info][gc,stats    ]   Manage GCLABs                       3 us
[29.314s][info][gc,stats    ] Concurrent Update Refs             3167 us
[29.314s][info][gc,stats    ] Concurrent Update Thread Roots     1824 us
[29.314s][info][gc,stats    ] Pause Final Update Refs (G)         453 us
[29.314s][info][gc,stats    ] Pause Final Update Refs (N)         332 us
[29.314s][info][gc,stats    ]   Update Region States              160 us
[29.314s][info][gc,stats    ]   Trash Collection Set                6 us
[29.314s][info][gc,stats    ]   Rebuild Free Set                   28 us
[29.314s][info][gc,stats    ] Concurrent Cleanup                   76 us
[29.314s][info][gc,stats    ] 
[29.314s][info][gc,stats    ] Allocation pacing accrued:
[29.314s][info][gc,stats    ]       0 of    41 ms (  0.0%): <total>
[29.314s][info][gc,stats    ]       0 of    41 ms (  0.0%): <average total>
[29.314s][info][gc,stats    ] 
[29.315s][info][gc,metaspace] Metaspace: 14233K(14400K)->14236K(14464K) NonClass: 12675K(12736K)->12678K(12800K) Class: 1558K(1664K)->1558K(1664K)
[29.315s][info][gc,ergo     ] Pacer for Idle. Initial: 163M, Alloc Tax Rate: 1.0x
[36.231s][info][gc          ] Trigger: Explicit GC request (System.gc())
[36.232s][info][gc,ergo     ] Free: 7727M, Max: 4096K regular, 7712M humongous, Frag: 0% external, 0% internal; Reserve: 412M, Max: 4096K
[36.232s][info][gc,start    ] GC(9) Concurrent reset
[36.232s][info][gc,task     ] GC(9) Using 1 of 3 workers for concurrent reset
[36.232s][info][gc,ergo     ] GC(9) Pacer for Reset. Non-Taxable: 8192M
[36.232s][info][gc          ] GC(9) Concurrent reset 0.127ms
[36.232s][info][gc,start    ] GC(9) Pause Init Mark (unload classes)
[36.232s][info][gc,task     ] GC(9) Using 3 of 3 workers for init marking
[36.232s][info][gc,ref      ] GC(9) Clearing All SoftReferences
[36.232s][info][gc,ergo     ] GC(9) Pacer for Mark. Expected Live: 7180K, Free: 7727M, Non-Taxable: 772M, Alloc Tax Rate: 0.0x
[36.232s][info][gc          ] GC(9) Pause Init Mark (unload classes) 0.148ms
[36.232s][info][gc,start    ] GC(9) Concurrent marking roots
[36.232s][info][gc,task     ] GC(9) Using 1 of 3 workers for concurrent marking roots
[36.233s][info][gc          ] GC(9) Concurrent marking roots 1.125ms
[36.233s][info][gc,start    ] GC(9) Concurrent marking (unload classes)
[36.233s][info][gc,task     ] GC(9) Using 1 of 3 workers for concurrent marking
[36.239s][info][gc          ] GC(9) Concurrent marking (unload classes) 5.463ms
[36.239s][info][gc,start    ] GC(9) Pause Final Mark (unload classes)
[36.239s][info][gc,task     ] GC(9) Using 3 of 3 workers for final marking
[36.239s][info][gc,ergo     ] GC(9) Adaptive CSet Selection. Target Free: 1160M, Actual Free: 8136M, Max CSet: 341M, Min Garbage: 0B
[36.239s][info][gc,ergo     ] GC(9) Collectable Garbage: 45735K (99%), Immediate: 12288K (26%), CSet: 33447K (72%)
[36.239s][info][gc,ergo     ] GC(9) Pacer for Evacuation. Used CSet: 36864K, Free: 7739M, Non-Taxable: 773M, Alloc Tax Rate: 1.1x
[36.239s][info][gc          ] GC(9) Pause Final Mark (unload classes) 0.408ms
[36.239s][info][gc,start    ] GC(9) Concurrent thread roots
[36.239s][info][gc,task     ] GC(9) Using 1 of 3 workers for Concurrent thread roots
[36.240s][info][gc          ] GC(9) Concurrent thread roots 0.896ms
[36.240s][info][gc,start    ] GC(9) Concurrent weak references
[36.240s][info][gc,task     ] GC(9) Using 1 of 3 workers for concurrent weak references
[36.240s][info][gc,ref      ] GC(9) Encountered references: Soft: 461, Weak: 850, Final: 10, Phantom: 1490
[36.240s][info][gc,ref      ] GC(9) Discovered  references: Soft: 408, Weak: 492, Final: 8, Phantom: 1417
[36.240s][info][gc,ref      ] GC(9) Enqueued    references: Soft: 319, Weak: 3, Final: 1, Phantom: 833
[36.240s][info][gc          ] GC(9) Concurrent weak references 0.356ms
[36.240s][info][gc,start    ] GC(9) Concurrent weak roots
[36.240s][info][gc,task     ] GC(9) Using 1 of 3 workers for concurrent weak root
[36.242s][info][gc          ] GC(9) Concurrent weak roots 1.328ms
[36.244s][info][gc,start    ] GC(9) Concurrent cleanup
[36.244s][info][gc          ] GC(9) Concurrent cleanup 56M->44M(8192M) 0.104ms
[36.244s][info][gc,ergo     ] GC(9) Free: 7735M, Max: 4096K regular, 7708M humongous, Frag: 1% external, 0% internal; Reserve: 411M, Max: 4096K
[36.244s][info][gc,start    ] GC(9) Concurrent class unloading
[36.244s][info][gc,task     ] GC(9) Using 1 of 3 workers for concurrent class unloading
[36.250s][info][gc          ] GC(9) Concurrent class unloading 6.462ms
[36.251s][info][gc,start    ] GC(9) Concurrent strong roots
[36.251s][info][gc,task     ] GC(9) Using 1 of 3 workers for concurrent strong root
[36.251s][info][gc          ] GC(9) Concurrent strong roots 0.206ms
[36.251s][info][gc,start    ] GC(9) Concurrent evacuation
[36.251s][info][gc,task     ] GC(9) Using 1 of 3 workers for concurrent evacuation
[36.252s][info][gc          ] GC(9) Concurrent evacuation 1.692ms
[36.253s][info][gc,start    ] GC(9) Pause Init Update Refs
[36.253s][info][gc,ergo     ] GC(9) Pacer for Update Refs. Used: 49163K, Free: 7735M, Non-Taxable: 773M, Alloc Tax Rate: 1.1x
[36.253s][info][gc          ] GC(9) Pause Init Update Refs 0.112ms
[36.253s][info][gc,start    ] GC(9) Concurrent update references
[36.253s][info][gc,task     ] GC(9) Using 1 of 3 workers for concurrent reference update
[36.256s][info][gc          ] GC(9) Concurrent update references 3.139ms
[36.256s][info][gc,start    ] GC(9) Concurrent update thread roots
[36.258s][info][gc          ] GC(9) Concurrent update thread roots 1.697ms
[36.258s][info][gc,start    ] GC(9) Pause Final Update Refs
[36.258s][info][gc,task     ] GC(9) Using 3 of 3 workers for final reference update
[36.258s][info][gc          ] GC(9) Pause Final Update Refs 0.606ms
[36.258s][info][gc,start    ] GC(9) Concurrent cleanup
[36.258s][info][gc          ] GC(9) Concurrent cleanup 48M->12M(8192M) 0.080ms
[36.259s][info][gc,ergo     ] Free: 7767M, Max: 4096K regular, 7708M humongous, Frag: 1% external, 0% internal; Reserve: 412M, Max: 4096K
[36.259s][info][gc,stats    ] 
[36.259s][info][gc,stats    ] All times are wall-clock times, except per-root-class counters, that are sum over
[36.259s][info][gc,stats    ] all workers. Dividing the <total> over the root stage time estimates parallelism.
[36.259s][info][gc,stats    ] 
[36.259s][info][gc,stats    ] Concurrent Reset                    139 us
[36.259s][info][gc,stats    ] Pause Init Mark (G)                 255 us
[36.259s][info][gc,stats    ] Pause Init Mark (N)                 156 us
[36.259s][info][gc,stats    ]   Update Region States               70 us
[36.259s][info][gc,stats    ] Concurrent Mark Roots              1144 us, parallelism: 0.88x
[36.259s][info][gc,stats    ]   CMR: <total>                     1010 us
[36.259s][info][gc,stats    ]   CMR: Thread Roots                 961 us, workers (us): 961, ---, ---, 
[36.259s][info][gc,stats    ]   CMR: VM Strong Roots                4 us, workers (us):   4, ---, ---, 
[36.259s][info][gc,stats    ]   CMR: CLDG Roots                    44 us, workers (us):  44, ---, ---, 
[36.259s][info][gc,stats    ] Concurrent Marking                 5530 us
[36.259s][info][gc,stats    ] Pause Final Mark (G)                554 us
[36.259s][info][gc,stats    ] Pause Final Mark (N)                425 us
[36.259s][info][gc,stats    ]   Finish Mark                       118 us
[36.259s][info][gc,stats    ]   Update Region States               88 us
[36.259s][info][gc,stats    ]   Choose Collection Set              82 us
[36.259s][info][gc,stats    ]   Rebuild Free Set                   17 us
[36.259s][info][gc,stats    ] Concurrent Thread Roots             915 us, parallelism: 0.86x
[36.259s][info][gc,stats    ]   CTR: <total>                      785 us
[36.259s][info][gc,stats    ]   CTR: Thread Roots                 785 us, workers (us): 785, ---, ---, 
[36.259s][info][gc,stats    ] Concurrent Weak References          363 us, parallelism: 0.71x
[36.259s][info][gc,stats    ]   CWRF: <total>                     258 us
[36.259s][info][gc,stats    ]   CWRF: Weak References             258 us, workers (us): 258, ---, ---, 
[36.259s][info][gc,stats    ] Concurrent Weak Roots              3380 us
[36.259s][info][gc,stats    ]   Roots                            1235 us, parallelism: 0.89x
[36.259s][info][gc,stats    ]     CWR: <total>                   1104 us
[36.259s][info][gc,stats    ]     CWR: Code Cache Roots           891 us, workers (us): 891, ---, ---, 
[36.259s][info][gc,stats    ]     CWR: VM Weak Roots              209 us, workers (us): 209, ---, ---, 
[36.259s][info][gc,stats    ]     CWR: CLDG Roots                   4 us, workers (us):   4, ---, ---, 
[36.259s][info][gc,stats    ]   Rendezvous                         77 us
[36.259s][info][gc,stats    ] Concurrent Cleanup                  131 us
[36.259s][info][gc,stats    ] Concurrent Class Unloading         6527 us
[36.259s][info][gc,stats    ]   Unlink Stale                     5924 us
[36.259s][info][gc,stats    ]     System Dictionary               110 us
[36.259s][info][gc,stats    ]     Weak Class Links               2517 us
[36.259s][info][gc,stats    ]     Code Roots                     3295 us
[36.259s][info][gc,stats    ]   Rendezvous                        249 us
[36.259s][info][gc,stats    ]   Purge Unlinked                    251 us
[36.259s][info][gc,stats    ]     Code Roots                      211 us
[36.259s][info][gc,stats    ]     CLDG                             39 us
[36.259s][info][gc,stats    ]     Exception Caches                  0 us
[36.259s][info][gc,stats    ] Concurrent Strong Roots             245 us, parallelism: 0.45x
[36.259s][info][gc,stats    ]   CSR: <total>                      111 us
[36.259s][info][gc,stats    ]   CSR: VM Strong Roots                5 us, workers (us):   5, ---, ---, 
[36.259s][info][gc,stats    ]   CSR: CLDG Roots                   107 us, workers (us): 107, ---, ---, 
[36.259s][info][gc,stats    ] Concurrent Evacuation              1746 us
[36.259s][info][gc,stats    ] Pause Init Update Refs (G)          243 us
[36.259s][info][gc,stats    ] Pause Init Update Refs (N)          133 us
[36.259s][info][gc,stats    ]   Manage GCLABs                       5 us
[36.259s][info][gc,stats    ] Concurrent Update Refs             3190 us
[36.259s][info][gc,stats    ] Concurrent Update Thread Roots     1715 us
[36.259s][info][gc,stats    ] Pause Final Update Refs (G)         714 us
[36.259s][info][gc,stats    ] Pause Final Update Refs (N)         626 us
[36.259s][info][gc,stats    ]   Update Region States              508 us
[36.259s][info][gc,stats    ]   Trash Collection Set                3 us
[36.259s][info][gc,stats    ]   Rebuild Free Set                    8 us
[36.259s][info][gc,stats    ] Concurrent Cleanup                  107 us
[36.259s][info][gc,stats    ] 
[36.259s][info][gc,stats    ] Allocation pacing accrued:
[36.259s][info][gc,stats    ]       0 of  6945 ms (  0.0%): <total>
[36.259s][info][gc,stats    ]       0 of  6945 ms (  0.0%): <average total>
[36.259s][info][gc,stats    ] 
[36.259s][info][gc,metaspace] Metaspace: 14283K(14464K)->14272K(14464K) NonClass: 12723K(12800K)->12713K(12800K) Class: 1560K(1664K)->1558K(1664K)
[36.259s][info][gc,ergo     ] Pacer for Idle. Initial: 163M, Alloc Tax Rate: 1.0x
[36.275s][info][gc          ] Trigger: Explicit GC request (System.gc())
[36.275s][info][gc,ergo     ] Free: 7759M, Max: 4096K regular, 7708M humongous, Frag: 1% external, 0% internal; Reserve: 412M, Max: 4096K
[36.275s][info][gc,start    ] GC(10) Concurrent reset
[36.275s][info][gc,task     ] GC(10) Using 1 of 3 workers for concurrent reset
[36.275s][info][gc,ergo     ] GC(10) Pacer for Reset. Non-Taxable: 8192M
[36.275s][info][gc          ] GC(10) Concurrent reset 0.486ms
[36.276s][info][gc,start    ] GC(10) Pause Init Mark (unload classes)
[36.276s][info][gc,task     ] GC(10) Using 3 of 3 workers for init marking
[36.276s][info][gc,ref      ] GC(10) Clearing All SoftReferences
[36.276s][info][gc,ergo     ] GC(10) Pacer for Mark. Expected Live: 7220K, Free: 7759M, Non-Taxable: 775M, Alloc Tax Rate: 0.0x
[36.276s][info][gc          ] GC(10) Pause Init Mark (unload classes) 0.209ms
[36.276s][info][gc,start    ] GC(10) Concurrent marking roots
[36.276s][info][gc,task     ] GC(10) Using 1 of 3 workers for concurrent marking roots
[36.277s][info][gc          ] GC(10) Concurrent marking roots 1.054ms
[36.277s][info][gc,start    ] GC(10) Concurrent marking (unload classes)
[36.277s][info][gc,task     ] GC(10) Using 1 of 3 workers for concurrent marking
[36.283s][info][gc          ] GC(10) Concurrent marking (unload classes) 5.872ms
[36.283s][info][gc,start    ] GC(10) Pause Final Mark (unload classes)
[36.283s][info][gc,task     ] GC(10) Using 3 of 3 workers for final marking
[36.283s][info][gc,ergo     ] GC(10) Adaptive CSet Selection. Target Free: 1160M, Actual Free: 8159M, Max CSet: 341M, Min Garbage: 0B
[36.283s][info][gc,ergo     ] GC(10) Collectable Garbage: 12266K (91%), Immediate: 4090K (30%), CSet: 8175K (61%)
[36.283s][info][gc,ergo     ] GC(10) Pacer for Evacuation. Used CSet: 8175K, Free: 7763M, Non-Taxable: 776M, Alloc Tax Rate: 1.1x
[36.283s][info][gc          ] GC(10) Pause Final Mark (unload classes) 0.442ms
[36.283s][info][gc,start    ] GC(10) Concurrent thread roots
[36.284s][info][gc,task     ] GC(10) Using 1 of 3 workers for Concurrent thread roots
[36.284s][info][gc          ] GC(10) Concurrent thread roots 0.821ms
[36.284s][info][gc,start    ] GC(10) Concurrent weak references
[36.284s][info][gc,task     ] GC(10) Using 1 of 3 workers for concurrent weak references
[36.284s][info][gc,ref      ] GC(10) Encountered references: Soft: 141, Weak: 836, Final: 9, Phantom: 653
[36.284s][info][gc,ref      ] GC(10) Discovered  references: Soft: 89, Weak: 488, Final: 7, Phantom: 580
[36.284s][info][gc,ref      ] GC(10) Enqueued    references: Soft: 0, Weak: 0, Final: 0, Phantom: 6
[36.284s][info][gc          ] GC(10) Concurrent weak references 0.141ms
[36.284s][info][gc,start    ] GC(10) Concurrent weak roots
[36.284s][info][gc,task     ] GC(10) Using 1 of 3 workers for concurrent weak root
[36.285s][info][gc          ] GC(10) Concurrent weak roots 0.811ms
[36.285s][info][gc,start    ] GC(10) Concurrent cleanup
[36.285s][info][gc          ] GC(10) Concurrent cleanup 20M->16M(8192M) 0.023ms
[36.285s][info][gc,ergo     ] GC(10) Free: 7763M, Max: 4096K regular, 7708M humongous, Frag: 1% external, 0% internal; Reserve: 411M, Max: 4096K
[36.285s][info][gc,start    ] GC(10) Concurrent class unloading
[36.285s][info][gc,task     ] GC(10) Using 1 of 3 workers for concurrent class unloading
[36.289s][info][gc          ] GC(10) Concurrent class unloading 3.368ms
[36.289s][info][gc,start    ] GC(10) Concurrent strong roots
[36.289s][info][gc,task     ] GC(10) Using 1 of 3 workers for concurrent strong root
[36.289s][info][gc          ] GC(10) Concurrent strong roots 0.140ms
[36.289s][info][gc,start    ] GC(10) Concurrent evacuation
[36.289s][info][gc,task     ] GC(10) Using 1 of 3 workers for concurrent evacuation
[36.289s][info][gc          ] GC(10) Concurrent evacuation 0.089ms
[36.289s][info][gc,start    ] GC(10) Pause Init Update Refs
[36.289s][info][gc,ergo     ] GC(10) Pacer for Update Refs. Used: 16397K, Free: 7763M, Non-Taxable: 776M, Alloc Tax Rate: 1.1x
[36.289s][info][gc          ] GC(10) Pause Init Update Refs 0.085ms
[36.289s][info][gc,start    ] GC(10) Concurrent update references
[36.289s][info][gc,task     ] GC(10) Using 1 of 3 workers for concurrent reference update
[36.292s][info][gc          ] GC(10) Concurrent update references 2.652ms
[36.292s][info][gc,start    ] GC(10) Concurrent update thread roots
[36.293s][info][gc          ] GC(10) Concurrent update thread roots 0.823ms
[36.293s][info][gc,start    ] GC(10) Pause Final Update Refs
[36.293s][info][gc,task     ] GC(10) Using 3 of 3 workers for final reference update
[36.293s][info][gc          ] GC(10) Pause Final Update Refs 0.199ms
[36.293s][info][gc,start    ] GC(10) Concurrent cleanup
[36.293s][info][gc          ] GC(10) Concurrent cleanup 16M->8M(8192M) 0.037ms
[36.293s][info][gc,ergo     ] Free: 7771M, Max: 4096K regular, 7752M humongous, Frag: 0% external, 0% internal; Reserve: 412M, Max: 4096K
[36.293s][info][gc,stats    ] 
[36.293s][info][gc,stats    ] All times are wall-clock times, except per-root-class counters, that are sum over
[36.293s][info][gc,stats    ] all workers. Dividing the <total> over the root stage time estimates parallelism.
[36.293s][info][gc,stats    ] 
[36.293s][info][gc,stats    ] Concurrent Reset                    535 us
[36.293s][info][gc,stats    ] Pause Init Mark (G)                 339 us
[36.293s][info][gc,stats    ] Pause Init Mark (N)                 218 us
[36.293s][info][gc,stats    ]   Update Region States               79 us
[36.293s][info][gc,stats    ] Concurrent Mark Roots              1074 us, parallelism: 0.85x
[36.293s][info][gc,stats    ]   CMR: <total>                      911 us
[36.293s][info][gc,stats    ]   CMR: Thread Roots                 827 us, workers (us): 827, ---, ---, 
[36.293s][info][gc,stats    ]   CMR: VM Strong Roots               25 us, workers (us):  25, ---, ---, 
[36.293s][info][gc,stats    ]   CMR: CLDG Roots                    59 us, workers (us):  59, ---, ---, 
[36.293s][info][gc,stats    ] Concurrent Marking                 5934 us
[36.293s][info][gc,stats    ] Pause Final Mark (G)                565 us
[36.293s][info][gc,stats    ] Pause Final Mark (N)                450 us
[36.293s][info][gc,stats    ]   Finish Mark                       281 us
[36.293s][info][gc,stats    ]   Update Region States               68 us
[36.293s][info][gc,stats    ]   Choose Collection Set              41 us
[36.293s][info][gc,stats    ]   Rebuild Free Set                    8 us
[36.293s][info][gc,stats    ] Concurrent Thread Roots             841 us, parallelism: 0.82x
[36.293s][info][gc,stats    ]   CTR: <total>                      691 us
[36.293s][info][gc,stats    ]   CTR: Thread Roots                 691 us, workers (us): 691, ---, ---, 
[36.293s][info][gc,stats    ] Concurrent Weak References          149 us, parallelism: 0.26x
[36.293s][info][gc,stats    ]   CWRF: <total>                      38 us
[36.293s][info][gc,stats    ]   CWRF: Weak References              38 us, workers (us):  38, ---, ---, 
[36.293s][info][gc,stats    ] Concurrent Weak Roots               839 us
[36.293s][info][gc,stats    ]   Roots                             734 us, parallelism: 0.93x
[36.293s][info][gc,stats    ]     CWR: <total>                    679 us
[36.293s][info][gc,stats    ]     CWR: Code Cache Roots           575 us, workers (us): 575, ---, ---, 
[36.293s][info][gc,stats    ]     CWR: VM Weak Roots              101 us, workers (us): 101, ---, ---, 
[36.293s][info][gc,stats    ]     CWR: CLDG Roots                   3 us, workers (us):   3, ---, ---, 
[36.293s][info][gc,stats    ]   Rendezvous                         60 us
[36.293s][info][gc,stats    ] Concurrent Cleanup                   31 us
[36.293s][info][gc,stats    ] Concurrent Class Unloading         3433 us
[36.293s][info][gc,stats    ]   Unlink Stale                     2902 us
[36.293s][info][gc,stats    ]     System Dictionary                 4 us
[36.293s][info][gc,stats    ]     Weak Class Links                  0 us
[36.294s][info][gc,stats    ]     Code Roots                     2896 us
[36.294s][info][gc,stats    ]   Rendezvous                        132 us
[36.294s][info][gc,stats    ]   Purge Unlinked                    312 us
[36.294s][info][gc,stats    ]     Code Roots                      300 us
[36.294s][info][gc,stats    ]     CLDG                             11 us
[36.294s][info][gc,stats    ]     Exception Caches                  0 us
[36.294s][info][gc,stats    ] Concurrent Strong Roots             179 us, parallelism: 0.19x
[36.294s][info][gc,stats    ]   CSR: <total>                       33 us
[36.294s][info][gc,stats    ]   CSR: VM Strong Roots                3 us, workers (us):   3, ---, ---, 
[36.294s][info][gc,stats    ]   CSR: CLDG Roots                    31 us, workers (us):  31, ---, ---, 
[36.294s][info][gc,stats    ] Concurrent Evacuation               107 us
[36.294s][info][gc,stats    ] Pause Init Update Refs (G)          210 us
[36.294s][info][gc,stats    ] Pause Init Update Refs (N)          106 us
[36.294s][info][gc,stats    ]   Manage GCLABs                       3 us
[36.294s][info][gc,stats    ] Concurrent Update Refs             2696 us
[36.294s][info][gc,stats    ] Concurrent Update Thread Roots      876 us
[36.294s][info][gc,stats    ] Pause Final Update Refs (G)         311 us
[36.294s][info][gc,stats    ] Pause Final Update Refs (N)         239 us
[36.294s][info][gc,stats    ]   Update Region States              109 us
[36.294s][info][gc,stats    ]   Trash Collection Set                4 us
[36.294s][info][gc,stats    ]   Rebuild Free Set                   17 us
[36.294s][info][gc,stats    ] Concurrent Cleanup                   46 us
[36.294s][info][gc,stats    ] 
[36.294s][info][gc,stats    ] Allocation pacing accrued:
[36.294s][info][gc,stats    ]       0 of    34 ms (  0.0%): <total>
[36.294s][info][gc,stats    ]       0 of    34 ms (  0.0%): <average total>
[36.294s][info][gc,stats    ] 
[36.294s][info][gc,metaspace] Metaspace: 14278K(14464K)->14278K(14464K) NonClass: 12720K(12800K)->12720K(12800K) Class: 1558K(1664K)->1558K(1664K)
[36.294s][info][gc,ergo     ] Pacer for Idle. Initial: 163M, Alloc Tax Rate: 1.0x
[43.217s][info][gc          ] Trigger: Explicit GC request (System.gc())
[43.217s][info][gc,ergo     ] Free: 7727M, Max: 4096K regular, 7708M humongous, Frag: 0% external, 0% internal; Reserve: 412M, Max: 4096K
[43.217s][info][gc,start    ] GC(11) Concurrent reset
[43.217s][info][gc,task     ] GC(11) Using 1 of 3 workers for concurrent reset
[43.217s][info][gc,ergo     ] GC(11) Pacer for Reset. Non-Taxable: 8192M
[43.218s][info][gc          ] GC(11) Concurrent reset 0.384ms
[43.218s][info][gc,start    ] GC(11) Pause Init Mark (unload classes)
[43.218s][info][gc,task     ] GC(11) Using 3 of 3 workers for init marking
[43.218s][info][gc,ref      ] GC(11) Clearing All SoftReferences
[43.218s][info][gc,ergo     ] GC(11) Pacer for Mark. Expected Live: 7185K, Free: 7727M, Non-Taxable: 772M, Alloc Tax Rate: 0.0x
[43.218s][info][gc          ] GC(11) Pause Init Mark (unload classes) 0.283ms
[43.218s][info][gc,start    ] GC(11) Concurrent marking roots
[43.218s][info][gc,task     ] GC(11) Using 1 of 3 workers for concurrent marking roots
[43.219s][info][gc          ] GC(11) Concurrent marking roots 1.164ms
[43.219s][info][gc,start    ] GC(11) Concurrent marking (unload classes)
[43.219s][info][gc,task     ] GC(11) Using 1 of 3 workers for concurrent marking
[43.225s][info][gc          ] GC(11) Concurrent marking (unload classes) 5.290ms
[43.225s][info][gc,start    ] GC(11) Pause Final Mark (unload classes)
[43.225s][info][gc,task     ] GC(11) Using 3 of 3 workers for final marking
[43.225s][info][gc,ergo     ] GC(11) Adaptive CSet Selection. Target Free: 1160M, Actual Free: 8128M, Max CSet: 341M, Min Garbage: 0B
[43.225s][info][gc,ergo     ] GC(11) Collectable Garbage: 45732K (99%), Immediate: 12288K (26%), CSet: 33444K (72%)
[43.225s][info][gc,ergo     ] GC(11) Pacer for Evacuation. Used CSet: 36864K, Free: 7735M, Non-Taxable: 773M, Alloc Tax Rate: 1.1x
[43.225s][info][gc          ] GC(11) Pause Final Mark (unload classes) 0.253ms
[43.225s][info][gc,start    ] GC(11) Concurrent thread roots
[43.225s][info][gc,task     ] GC(11) Using 1 of 3 workers for Concurrent thread roots
[43.226s][info][gc          ] GC(11) Concurrent thread roots 0.975ms
[43.226s][info][gc,start    ] GC(11) Concurrent weak references
[43.226s][info][gc,task     ] GC(11) Using 1 of 3 workers for concurrent weak references
[43.226s][info][gc,ref      ] GC(11) Encountered references: Soft: 461, Weak: 855, Final: 10, Phantom: 1488
[43.226s][info][gc,ref      ] GC(11) Discovered  references: Soft: 408, Weak: 512, Final: 8, Phantom: 1428
[43.226s][info][gc,ref      ] GC(11) Enqueued    references: Soft: 319, Weak: 3, Final: 1, Phantom: 833
[43.226s][info][gc          ] GC(11) Concurrent weak references 0.420ms
[43.226s][info][gc,start    ] GC(11) Concurrent weak roots
[43.226s][info][gc,task     ] GC(11) Using 1 of 3 workers for concurrent weak root
[43.229s][info][gc          ] GC(11) Concurrent weak roots 2.118ms
[43.229s][info][gc,start    ] GC(11) Concurrent cleanup
[43.229s][info][gc          ] GC(11) Concurrent cleanup 56M->44M(8192M) 0.038ms
[43.229s][info][gc,ergo     ] GC(11) Free: 7735M, Max: 4096K regular, 7704M humongous, Frag: 1% external, 0% internal; Reserve: 411M, Max: 4096K
[43.229s][info][gc,start    ] GC(11) Concurrent class unloading
[43.229s][info][gc,task     ] GC(11) Using 1 of 3 workers for concurrent class unloading
[43.235s][info][gc          ] GC(11) Concurrent class unloading 6.268ms
[43.235s][info][gc,start    ] GC(11) Concurrent strong roots
[43.235s][info][gc,task     ] GC(11) Using 1 of 3 workers for concurrent strong root
[43.235s][info][gc          ] GC(11) Concurrent strong roots 0.347ms
[43.235s][info][gc,start    ] GC(11) Concurrent evacuation
[43.235s][info][gc,task     ] GC(11) Using 1 of 3 workers for concurrent evacuation
[43.237s][info][gc          ] GC(11) Concurrent evacuation 1.684ms
[43.237s][info][gc,start    ] GC(11) Pause Init Update Refs
[43.237s][info][gc,ergo     ] GC(11) Pacer for Update Refs. Used: 49182K, Free: 7735M, Non-Taxable: 773M, Alloc Tax Rate: 1.1x
[43.237s][info][gc          ] GC(11) Pause Init Update Refs 0.099ms
[43.237s][info][gc,start    ] GC(11) Concurrent update references
[43.237s][info][gc,task     ] GC(11) Using 1 of 3 workers for concurrent reference update
[43.240s][info][gc          ] GC(11) Concurrent update references 2.518ms
[43.240s][info][gc,start    ] GC(11) Concurrent update thread roots
[43.241s][info][gc          ] GC(11) Concurrent update thread roots 0.893ms
[43.241s][info][gc,start    ] GC(11) Pause Final Update Refs
[43.241s][info][gc,task     ] GC(11) Using 3 of 3 workers for final reference update
[43.241s][info][gc          ] GC(11) Pause Final Update Refs 0.124ms
[43.241s][info][gc,start    ] GC(11) Concurrent cleanup
[43.241s][info][gc          ] GC(11) Concurrent cleanup 48M->12M(8192M) 0.036ms
[43.241s][info][gc,ergo     ] Free: 7767M, Max: 4096K regular, 7704M humongous, Frag: 1% external, 0% internal; Reserve: 412M, Max: 4096K
[43.241s][info][gc,stats    ] 
[43.241s][info][gc,stats    ] All times are wall-clock times, except per-root-class counters, that are sum over
[43.241s][info][gc,stats    ] all workers. Dividing the <total> over the root stage time estimates parallelism.
[43.241s][info][gc,stats    ] 
[43.241s][info][gc,stats    ] Concurrent Reset                    408 us
[43.241s][info][gc,stats    ] Pause Init Mark (G)                 497 us
[43.241s][info][gc,stats    ] Pause Init Mark (N)                 305 us
[43.241s][info][gc,stats    ]   Update Region States              101 us
[43.241s][info][gc,stats    ] Concurrent Mark Roots              1203 us, parallelism: 0.86x
[43.241s][info][gc,stats    ]   CMR: <total>                     1036 us
[43.241s][info][gc,stats    ]   CMR: Thread Roots                 940 us, workers (us): 940, ---, ---, 
[43.241s][info][gc,stats    ]   CMR: VM Strong Roots                8 us, workers (us):   8, ---, ---, 
[43.241s][info][gc,stats    ]   CMR: CLDG Roots                    88 us, workers (us):  88, ---, ---, 
[43.241s][info][gc,stats    ] Concurrent Marking                 5336 us
[43.241s][info][gc,stats    ] Pause Final Mark (G)                320 us
[43.241s][info][gc,stats    ] Pause Final Mark (N)                260 us
[43.241s][info][gc,stats    ]   Finish Mark                        89 us
[43.241s][info][gc,stats    ]   Update Region States               66 us
[43.241s][info][gc,stats    ]   Choose Collection Set              46 us
[43.241s][info][gc,stats    ]   Rebuild Free Set                   10 us
[43.241s][info][gc,stats    ] Concurrent Thread Roots            1013 us, parallelism: 0.87x
[43.241s][info][gc,stats    ]   CTR: <total>                      881 us
[43.241s][info][gc,stats    ]   CTR: Thread Roots                 881 us, workers (us): 881, ---, ---, 
[43.241s][info][gc,stats    ] Concurrent Weak References          428 us, parallelism: 0.66x
[43.241s][info][gc,stats    ]   CWRF: <total>                     282 us
[43.241s][info][gc,stats    ]   CWRF: Weak References             282 us, workers (us): 282, ---, ---, 
[43.241s][info][gc,stats    ] Concurrent Weak Roots              2157 us
[43.241s][info][gc,stats    ]   Roots                            1244 us, parallelism: 0.90x
[43.241s][info][gc,stats    ]     CWR: <total>                   1122 us
[43.241s][info][gc,stats    ]     CWR: Code Cache Roots           710 us, workers (us): 710, ---, ---, 
[43.241s][info][gc,stats    ]     CWR: VM Weak Roots              406 us, workers (us): 406, ---, ---, 
[43.241s][info][gc,stats    ]     CWR: CLDG Roots                   6 us, workers (us):   6, ---, ---, 
[43.241s][info][gc,stats    ]   Rendezvous                        855 us
[43.241s][info][gc,stats    ] Concurrent Cleanup                   56 us
[43.241s][info][gc,stats    ] Concurrent Class Unloading         6333 us
[43.241s][info][gc,stats    ]   Unlink Stale                     5824 us
[43.241s][info][gc,stats    ]     System Dictionary               141 us
[43.241s][info][gc,stats    ]     Weak Class Links               2221 us
[43.241s][info][gc,stats    ]     Code Roots                     3459 us
[43.241s][info][gc,stats    ]   Rendezvous                        228 us
[43.241s][info][gc,stats    ]   Purge Unlinked                    178 us
[43.241s][info][gc,stats    ]     Code Roots                      141 us
[43.241s][info][gc,stats    ]     CLDG                             37 us
[43.241s][info][gc,stats    ]     Exception Caches                  0 us
[43.242s][info][gc,stats    ] Concurrent Strong Roots             384 us, parallelism: 0.57x
[43.242s][info][gc,stats    ]   CSR: <total>                      220 us
[43.242s][info][gc,stats    ]   CSR: VM Strong Roots                8 us, workers (us):   8, ---, ---, 
[43.242s][info][gc,stats    ]   CSR: CLDG Roots                   212 us, workers (us): 212, ---, ---, 
[43.242s][info][gc,stats    ] Concurrent Evacuation              1738 us
[43.242s][info][gc,stats    ] Pause Init Update Refs (G)          218 us
[43.242s][info][gc,stats    ] Pause Init Update Refs (N)          117 us
[43.242s][info][gc,stats    ]   Manage GCLABs                       4 us
[43.242s][info][gc,stats    ] Concurrent Update Refs             2581 us
[43.242s][info][gc,stats    ] Concurrent Update Thread Roots      930 us
[43.242s][info][gc,stats    ] Pause Final Update Refs (G)         199 us
[43.242s][info][gc,stats    ] Pause Final Update Refs (N)         143 us
[43.242s][info][gc,stats    ]   Update Region States               69 us
[43.242s][info][gc,stats    ]   Trash Collection Set                3 us
[43.242s][info][gc,stats    ]   Rebuild Free Set                   20 us
[43.242s][info][gc,stats    ] Concurrent Cleanup                   46 us
[43.242s][info][gc,stats    ] 
[43.242s][info][gc,stats    ] Allocation pacing accrued:
[43.242s][info][gc,stats    ]       0 of  6948 ms (  0.0%): <total>
[43.242s][info][gc,stats    ]       0 of  6948 ms (  0.0%): <average total>
[43.242s][info][gc,stats    ] 
[43.242s][info][gc,metaspace] Metaspace: 14334K(14528K)->14321K(14528K) NonClass: 12774K(12864K)->12762K(12864K) Class: 1560K(1664K)->1558K(1664K)
[43.242s][info][gc,ergo     ] Pacer for Idle. Initial: 163M, Alloc Tax Rate: 1.0x
[43.251s][info][gc          ] Trigger: Explicit GC request (System.gc())
[43.251s][info][gc,ergo     ] Free: 7759M, Max: 4096K regular, 7704M humongous, Frag: 1% external, 0% internal; Reserve: 412M, Max: 4096K
[43.251s][info][gc,start    ] GC(12) Concurrent reset
[43.251s][info][gc,task     ] GC(12) Using 1 of 3 workers for concurrent reset
[43.251s][info][gc,ergo     ] GC(12) Pacer for Reset. Non-Taxable: 8192M
[43.252s][info][gc          ] GC(12) Concurrent reset 0.447ms
[43.252s][info][gc,start    ] GC(12) Pause Init Mark (unload classes)
[43.252s][info][gc,task     ] GC(12) Using 3 of 3 workers for init marking
[43.252s][info][gc,ref      ] GC(12) Clearing All SoftReferences
[43.252s][info][gc,ergo     ] GC(12) Pacer for Mark. Expected Live: 7225K, Free: 7759M, Non-Taxable: 775M, Alloc Tax Rate: 0.0x
[43.252s][info][gc          ] GC(12) Pause Init Mark (unload classes) 0.308ms
[43.252s][info][gc,start    ] GC(12) Concurrent marking roots
[43.252s][info][gc,task     ] GC(12) Using 1 of 3 workers for concurrent marking roots
[43.254s][info][gc          ] GC(12) Concurrent marking roots 1.690ms
[43.254s][info][gc,start    ] GC(12) Concurrent marking (unload classes)
[43.254s][info][gc,task     ] GC(12) Using 1 of 3 workers for concurrent marking
[43.259s][info][gc          ] GC(12) Concurrent marking (unload classes) 5.513ms
[43.259s][info][gc,start    ] GC(12) Pause Final Mark (unload classes)
[43.260s][info][gc,task     ] GC(12) Using 3 of 3 workers for final marking
[43.260s][info][gc,ergo     ] GC(12) Adaptive CSet Selection. Target Free: 1160M, Actual Free: 8155M, Max CSet: 341M, Min Garbage: 0B
[43.260s][info][gc,ergo     ] GC(12) Collectable Garbage: 12280K (91%), Immediate: 4088K (30%), CSet: 8191K (61%)
[43.260s][info][gc,ergo     ] GC(12) Pacer for Evacuation. Used CSet: 8192K, Free: 7763M, Non-Taxable: 776M, Alloc Tax Rate: 1.1x
[43.260s][info][gc          ] GC(12) Pause Final Mark (unload classes) 0.741ms
[43.260s][info][gc,start    ] GC(12) Concurrent thread roots
[43.260s][info][gc,task     ] GC(12) Using 1 of 3 workers for Concurrent thread roots
[43.261s][info][gc          ] GC(12) Concurrent thread roots 0.901ms
[43.261s][info][gc,start    ] GC(12) Concurrent weak references
[43.261s][info][gc,task     ] GC(12) Using 1 of 3 workers for concurrent weak references
[43.261s][info][gc,ref      ] GC(12) Encountered references: Soft: 141, Weak: 841, Final: 9, Phantom: 653
[43.261s][info][gc,ref      ] GC(12) Discovered  references: Soft: 89, Weak: 489, Final: 7, Phantom: 580
[43.261s][info][gc,ref      ] GC(12) Enqueued    references: Soft: 0, Weak: 0, Final: 0, Phantom: 6
[43.261s][info][gc          ] GC(12) Concurrent weak references 0.133ms
[43.261s][info][gc,start    ] GC(12) Concurrent weak roots
[43.261s][info][gc,task     ] GC(12) Using 1 of 3 workers for concurrent weak root
[43.262s][info][gc          ] GC(12) Concurrent weak roots 1.112ms
[43.263s][info][gc,start    ] GC(12) Concurrent cleanup
[43.263s][info][gc          ] GC(12) Concurrent cleanup 20M->16M(8192M) 0.016ms
[43.263s][info][gc,ergo     ] GC(12) Free: 7763M, Max: 4096K regular, 7704M humongous, Frag: 1% external, 0% internal; Reserve: 411M, Max: 4096K
[43.263s][info][gc,start    ] GC(12) Concurrent class unloading
[43.263s][info][gc,task     ] GC(12) Using 1 of 3 workers for concurrent class unloading
[43.266s][info][gc          ] GC(12) Concurrent class unloading 3.318ms
[43.266s][info][gc,start    ] GC(12) Concurrent strong roots
[43.266s][info][gc,task     ] GC(12) Using 1 of 3 workers for concurrent strong root
[43.266s][info][gc          ] GC(12) Concurrent strong roots 0.208ms
[43.266s][info][gc,start    ] GC(12) Concurrent evacuation
[43.266s][info][gc,task     ] GC(12) Using 1 of 3 workers for concurrent evacuation
[43.266s][info][gc          ] GC(12) Concurrent evacuation 0.129ms
[43.266s][info][gc,start    ] GC(12) Pause Init Update Refs
[43.267s][info][gc,ergo     ] GC(12) Pacer for Update Refs. Used: 16416K, Free: 7763M, Non-Taxable: 776M, Alloc Tax Rate: 1.1x
[43.267s][info][gc          ] GC(12) Pause Init Update Refs 0.098ms
[43.267s][info][gc,start    ] GC(12) Concurrent update references
[43.267s][info][gc,task     ] GC(12) Using 1 of 3 workers for concurrent reference update
[43.269s][info][gc          ] GC(12) Concurrent update references 2.330ms
[43.269s][info][gc,start    ] GC(12) Concurrent update thread roots
[43.270s][info][gc          ] GC(12) Concurrent update thread roots 1.411ms
[43.270s][info][gc,start    ] GC(12) Pause Final Update Refs
[43.271s][info][gc,task     ] GC(12) Using 3 of 3 workers for final reference update
[43.271s][info][gc          ] GC(12) Pause Final Update Refs 0.443ms
[43.271s][info][gc,start    ] GC(12) Concurrent cleanup
[43.271s][info][gc          ] GC(12) Concurrent cleanup 16M->8M(8192M) 0.056ms
[43.271s][info][gc,ergo     ] Free: 7771M, Max: 4096K regular, 7748M humongous, Frag: 0% external, 0% internal; Reserve: 412M, Max: 4096K
[43.271s][info][gc,stats    ] 
[43.271s][info][gc,stats    ] All times are wall-clock times, except per-root-class counters, that are sum over
[43.271s][info][gc,stats    ] all workers. Dividing the <total> over the root stage time estimates parallelism.
[43.271s][info][gc,stats    ] 
[43.271s][info][gc,stats    ] Concurrent Reset                    474 us
[43.271s][info][gc,stats    ] Pause Init Mark (G)                 454 us
[43.271s][info][gc,stats    ] Pause Init Mark (N)                 331 us
[43.271s][info][gc,stats    ]   Update Region States              103 us
[43.271s][info][gc,stats    ] Concurrent Mark Roots              1729 us, parallelism: 0.90x
[43.271s][info][gc,stats    ]   CMR: <total>                     1555 us
[43.271s][info][gc,stats    ]   CMR: Thread Roots                1437 us, workers (us): 1437, ---, ---, 
[43.271s][info][gc,stats    ]   CMR: VM Strong Roots               23 us, workers (us):  23, ---, ---, 
[43.271s][info][gc,stats    ]   CMR: CLDG Roots                    94 us, workers (us):  94, ---, ---, 
[43.271s][info][gc,stats    ] Concurrent Marking                 5559 us
[43.271s][info][gc,stats    ] Pause Final Mark (G)                884 us
[43.271s][info][gc,stats    ] Pause Final Mark (N)                763 us
[43.271s][info][gc,stats    ]   Finish Mark                       356 us
[43.272s][info][gc,stats    ]   Update Region States              126 us
[43.272s][info][gc,stats    ]   Choose Collection Set             118 us
[43.272s][info][gc,stats    ]   Rebuild Free Set                   22 us
[43.272s][info][gc,stats    ] Concurrent Thread Roots             921 us, parallelism: 0.85x
[43.272s][info][gc,stats    ]   CTR: <total>                      786 us
[43.272s][info][gc,stats    ]   CTR: Thread Roots                 786 us, workers (us): 786, ---, ---, 
[43.272s][info][gc,stats    ] Concurrent Weak References          141 us, parallelism: 0.22x
[43.272s][info][gc,stats    ]   CWRF: <total>                      31 us
[43.272s][info][gc,stats    ]   CWRF: Weak References              31 us, workers (us):  31, ---, ---, 
[43.272s][info][gc,stats    ] Concurrent Weak Roots              1146 us
[43.272s][info][gc,stats    ]   Roots                             993 us, parallelism: 0.89x
[43.272s][info][gc,stats    ]     CWR: <total>                    888 us
[43.272s][info][gc,stats    ]     CWR: Code Cache Roots           709 us, workers (us): 709, ---, ---, 
[43.272s][info][gc,stats    ]     CWR: VM Weak Roots              175 us, workers (us): 175, ---, ---, 
[43.272s][info][gc,stats    ]     CWR: CLDG Roots                   5 us, workers (us):   5, ---, ---, 
[43.272s][info][gc,stats    ]   Rendezvous                        100 us
[43.272s][info][gc,stats    ] Concurrent Cleanup                   25 us
[43.272s][info][gc,stats    ] Concurrent Class Unloading         3386 us
[43.272s][info][gc,stats    ]   Unlink Stale                     2983 us
[43.272s][info][gc,stats    ]     System Dictionary                 5 us
[43.272s][info][gc,stats    ]     Weak Class Links                  0 us
[43.272s][info][gc,stats    ]     Code Roots                     2976 us
[43.272s][info][gc,stats    ]   Rendezvous                        132 us
[43.272s][info][gc,stats    ]   Purge Unlinked                    182 us
[43.272s][info][gc,stats    ]     Code Roots                      170 us
[43.272s][info][gc,stats    ]     CLDG                             11 us
[43.272s][info][gc,stats    ]     Exception Caches                  0 us
[43.272s][info][gc,stats    ] Concurrent Strong Roots             247 us, parallelism: 0.24x
[43.272s][info][gc,stats    ]   CSR: <total>                       59 us
[43.272s][info][gc,stats    ]   CSR: VM Strong Roots                5 us, workers (us):   5, ---, ---, 
[43.272s][info][gc,stats    ]   CSR: CLDG Roots                    54 us, workers (us):  54, ---, ---, 
[43.272s][info][gc,stats    ] Concurrent Evacuation               167 us
[43.272s][info][gc,stats    ] Pause Init Update Refs (G)          226 us
[43.272s][info][gc,stats    ] Pause Init Update Refs (N)          120 us
[43.272s][info][gc,stats    ]   Manage GCLABs                       4 us
[43.272s][info][gc,stats    ] Concurrent Update Refs             2395 us
[43.272s][info][gc,stats    ] Concurrent Update Thread Roots     1430 us
[43.272s][info][gc,stats    ] Pause Final Update Refs (G)         594 us
[43.272s][info][gc,stats    ] Pause Final Update Refs (N)         495 us
[43.272s][info][gc,stats    ]   Update Region States              324 us
[43.272s][info][gc,stats    ]   Trash Collection Set                7 us
[43.272s][info][gc,stats    ]   Rebuild Free Set                   28 us
[43.272s][info][gc,stats    ] Concurrent Cleanup                   76 us
[43.272s][info][gc,stats    ] 
[43.272s][info][gc,stats    ] Allocation pacing accrued:
[43.272s][info][gc,stats    ]       0 of    30 ms (  0.0%): <total>
[43.272s][info][gc,stats    ]       0 of    30 ms (  0.0%): <average total>
[43.272s][info][gc,stats    ] 
[43.272s][info][gc,metaspace] Metaspace: 14323K(14528K)->14323K(14528K) NonClass: 12764K(12864K)->12764K(12864K) Class: 1558K(1664K)->1558K(1664K)
[43.272s][info][gc,ergo     ] Pacer for Idle. Initial: 163M, Alloc Tax Rate: 1.0x
[50.180s][info][gc          ] Trigger: Explicit GC request (System.gc())
[50.180s][info][gc,ergo     ] Free: 7723M, Max: 4096K regular, 7700M humongous, Frag: 0% external, 0% internal; Reserve: 412M, Max: 4096K
[50.180s][info][gc,start    ] GC(13) Concurrent reset
[50.180s][info][gc,task     ] GC(13) Using 1 of 3 workers for concurrent reset
[50.180s][info][gc,ergo     ] GC(13) Pacer for Reset. Non-Taxable: 8192M
[50.180s][info][gc          ] GC(13) Concurrent reset 0.103ms
[50.180s][info][gc,start    ] GC(13) Pause Init Mark (unload classes)
[50.180s][info][gc,task     ] GC(13) Using 3 of 3 workers for init marking
[50.181s][info][gc,ref      ] GC(13) Clearing All SoftReferences
[50.181s][info][gc,ergo     ] GC(13) Pacer for Mark. Expected Live: 7189K, Free: 7723M, Non-Taxable: 772M, Alloc Tax Rate: 0.0x
[50.181s][info][gc          ] GC(13) Pause Init Mark (unload classes) 0.308ms
[50.181s][info][gc,start    ] GC(13) Concurrent marking roots
[50.181s][info][gc,task     ] GC(13) Using 1 of 3 workers for concurrent marking roots
[50.182s][info][gc          ] GC(13) Concurrent marking roots 1.107ms
[50.182s][info][gc,start    ] GC(13) Concurrent marking (unload classes)
[50.182s][info][gc,task     ] GC(13) Using 1 of 3 workers for concurrent marking
[50.187s][info][gc          ] GC(13) Concurrent marking (unload classes) 5.172ms
[50.187s][info][gc,start    ] GC(13) Pause Final Mark (unload classes)
[50.187s][info][gc,task     ] GC(13) Using 3 of 3 workers for final marking
[50.187s][info][gc,ergo     ] GC(13) Adaptive CSet Selection. Target Free: 1160M, Actual Free: 8124M, Max CSet: 341M, Min Garbage: 0B
[50.188s][info][gc,ergo     ] GC(13) Collectable Garbage: 49818K (99%), Immediate: 12288K (24%), CSet: 37530K (74%)
[50.188s][info][gc,ergo     ] GC(13) Pacer for Evacuation. Used CSet: 40951K, Free: 7735M, Non-Taxable: 773M, Alloc Tax Rate: 1.1x
[50.188s][info][gc          ] GC(13) Pause Final Mark (unload classes) 0.523ms
[50.188s][info][gc,start    ] GC(13) Concurrent thread roots
[50.188s][info][gc,task     ] GC(13) Using 1 of 3 workers for Concurrent thread roots
[50.189s][info][gc          ] GC(13) Concurrent thread roots 1.022ms
[50.189s][info][gc,start    ] GC(13) Concurrent weak references
[50.189s][info][gc,task     ] GC(13) Using 1 of 3 workers for concurrent weak references
[50.189s][info][gc,ref      ] GC(13) Encountered references: Soft: 461, Weak: 860, Final: 10, Phantom: 1490
[50.189s][info][gc,ref      ] GC(13) Discovered  references: Soft: 408, Weak: 494, Final: 8, Phantom: 1417
[50.189s][info][gc,ref      ] GC(13) Enqueued    references: Soft: 319, Weak: 3, Final: 1, Phantom: 833
[50.189s][info][gc          ] GC(13) Concurrent weak references 0.384ms
[50.189s][info][gc,start    ] GC(13) Concurrent weak roots
[50.189s][info][gc,task     ] GC(13) Using 1 of 3 workers for concurrent weak root
[50.191s][info][gc          ] GC(13) Concurrent weak roots 1.777ms
[50.191s][info][gc,start    ] GC(13) Concurrent cleanup
[50.191s][info][gc          ] GC(13) Concurrent cleanup 60M->48M(8192M) 0.029ms
[50.191s][info][gc,ergo     ] GC(13) Free: 7731M, Max: 4096K regular, 7696M humongous, Frag: 1% external, 0% internal; Reserve: 411M, Max: 4096K
[50.191s][info][gc,start    ] GC(13) Concurrent class unloading
[50.191s][info][gc,task     ] GC(13) Using 1 of 3 workers for concurrent class unloading
[50.197s][info][gc          ] GC(13) Concurrent class unloading 6.463ms
[50.198s][info][gc,start    ] GC(13) Concurrent strong roots
[50.198s][info][gc,task     ] GC(13) Using 1 of 3 workers for concurrent strong root
[50.198s][info][gc          ] GC(13) Concurrent strong roots 0.187ms
[50.198s][info][gc,start    ] GC(13) Concurrent evacuation
[50.198s][info][gc,task     ] GC(13) Using 1 of 3 workers for concurrent evacuation
[50.199s][info][gc          ] GC(13) Concurrent evacuation 1.685ms
[50.200s][info][gc,start    ] GC(13) Pause Init Update Refs
[50.200s][info][gc,ergo     ] GC(13) Pacer for Update Refs. Used: 53252K, Free: 7731M, Non-Taxable: 773M, Alloc Tax Rate: 1.1x
[50.200s][info][gc          ] GC(13) Pause Init Update Refs 0.085ms
[50.200s][info][gc,start    ] GC(13) Concurrent update references
[50.200s][info][gc,task     ] GC(13) Using 1 of 3 workers for concurrent reference update
[50.203s][info][gc          ] GC(13) Concurrent update references 2.843ms
[50.203s][info][gc,start    ] GC(13) Concurrent update thread roots
[50.204s][info][gc          ] GC(13) Concurrent update thread roots 0.964ms
[50.204s][info][gc,start    ] GC(13) Pause Final Update Refs
[50.204s][info][gc,task     ] GC(13) Using 3 of 3 workers for final reference update
[50.204s][info][gc          ] GC(13) Pause Final Update Refs 0.133ms
[50.204s][info][gc,start    ] GC(13) Concurrent cleanup
[50.204s][info][gc          ] GC(13) Concurrent cleanup 52M->12M(8192M) 0.028ms
[50.204s][info][gc,ergo     ] Free: 7767M, Max: 4096K regular, 7696M humongous, Frag: 1% external, 0% internal; Reserve: 412M, Max: 4096K
[50.204s][info][gc,stats    ] 
[50.204s][info][gc,stats    ] All times are wall-clock times, except per-root-class counters, that are sum over
[50.204s][info][gc,stats    ] all workers. Dividing the <total> over the root stage time estimates parallelism.
[50.204s][info][gc,stats    ] 
[50.204s][info][gc,stats    ] Concurrent Reset                    113 us
[50.204s][info][gc,stats    ] Pause Init Mark (G)                 470 us
[50.204s][info][gc,stats    ] Pause Init Mark (N)                 330 us
[50.204s][info][gc,stats    ]   Update Region States              126 us
[50.204s][info][gc,stats    ] Concurrent Mark Roots              1117 us, parallelism: 0.92x
[50.204s][info][gc,stats    ]   CMR: <total>                     1025 us
[50.204s][info][gc,stats    ]   CMR: Thread Roots                 942 us, workers (us): 942, ---, ---, 
[50.204s][info][gc,stats    ]   CMR: VM Strong Roots                6 us, workers (us):   6, ---, ---, 
[50.204s][info][gc,stats    ]   CMR: CLDG Roots                    77 us, workers (us):  77, ---, ---, 
[50.204s][info][gc,stats    ] Concurrent Marking                 5239 us
[50.204s][info][gc,stats    ] Pause Final Mark (G)                669 us
[50.204s][info][gc,stats    ] Pause Final Mark (N)                544 us
[50.204s][info][gc,stats    ]   Finish Mark                       163 us
[50.204s][info][gc,stats    ]   Update Region States              122 us
[50.204s][info][gc,stats    ]   Choose Collection Set             105 us
[50.204s][info][gc,stats    ]   Rebuild Free Set                   21 us
[50.204s][info][gc,stats    ] Concurrent Thread Roots            1042 us, parallelism: 0.87x
[50.204s][info][gc,stats    ]   CTR: <total>                      911 us
[50.204s][info][gc,stats    ]   CTR: Thread Roots                 911 us, workers (us): 911, ---, ---, 
[50.204s][info][gc,stats    ] Concurrent Weak References          401 us, parallelism: 0.58x
[50.204s][info][gc,stats    ]   CWRF: <total>                     234 us
[50.204s][info][gc,stats    ]   CWRF: Weak References             234 us, workers (us): 234, ---, ---, 
[50.204s][info][gc,stats    ] Concurrent Weak Roots              1796 us
[50.204s][info][gc,stats    ]   Roots                            1326 us, parallelism: 0.94x
[50.204s][info][gc,stats    ]     CWR: <total>                   1250 us
[50.204s][info][gc,stats    ]     CWR: Code Cache Roots           812 us, workers (us): 812, ---, ---, 
[50.204s][info][gc,stats    ]     CWR: VM Weak Roots              433 us, workers (us): 433, ---, ---, 
[50.204s][info][gc,stats    ]     CWR: CLDG Roots                   5 us, workers (us):   5, ---, ---, 
[50.204s][info][gc,stats    ]   Rendezvous                        418 us
[50.204s][info][gc,stats    ] Concurrent Cleanup                   49 us
[50.204s][info][gc,stats    ] Concurrent Class Unloading         6507 us
[50.204s][info][gc,stats    ]   Unlink Stale                     6157 us
[50.204s][info][gc,stats    ]     System Dictionary               123 us
[50.204s][info][gc,stats    ]     Weak Class Links               2194 us
[50.204s][info][gc,stats    ]     Code Roots                     3839 us
[50.204s][info][gc,stats    ]   Rendezvous                        110 us
[50.204s][info][gc,stats    ]   Purge Unlinked                    161 us
[50.204s][info][gc,stats    ]     Code Roots                      134 us
[50.204s][info][gc,stats    ]     CLDG                             27 us
[50.204s][info][gc,stats    ]     Exception Caches                  0 us
[50.204s][info][gc,stats    ] Concurrent Strong Roots             215 us, parallelism: 0.53x
[50.204s][info][gc,stats    ]   CSR: <total>                      114 us
[50.204s][info][gc,stats    ]   CSR: VM Strong Roots                5 us, workers (us):   5, ---, ---, 
[50.204s][info][gc,stats    ]   CSR: CLDG Roots                   109 us, workers (us): 109, ---, ---, 
[50.204s][info][gc,stats    ] Concurrent Evacuation              1757 us
[50.205s][info][gc,stats    ] Pause Init Update Refs (G)          233 us
[50.205s][info][gc,stats    ] Pause Init Update Refs (N)          102 us
[50.205s][info][gc,stats    ]   Manage GCLABs                       4 us
[50.205s][info][gc,stats    ] Concurrent Update Refs             2885 us
[50.205s][info][gc,stats    ] Concurrent Update Thread Roots      982 us
[50.205s][info][gc,stats    ] Pause Final Update Refs (G)         208 us
[50.205s][info][gc,stats    ] Pause Final Update Refs (N)         152 us
[50.205s][info][gc,stats    ]   Update Region States               68 us
[50.205s][info][gc,stats    ]   Trash Collection Set                3 us
[50.205s][info][gc,stats    ]   Rebuild Free Set                   18 us
[50.205s][info][gc,stats    ] Concurrent Cleanup                   38 us
[50.205s][info][gc,stats    ] 
[50.205s][info][gc,stats    ] Allocation pacing accrued:
[50.205s][info][gc,stats    ]       0 of  6933 ms (  0.0%): <total>
[50.205s][info][gc,stats    ]       0 of  6933 ms (  0.0%): <average total>
[50.205s][info][gc,stats    ] 
[50.205s][info][gc,metaspace] Metaspace: 14361K(14592K)->14348K(14592K) NonClass: 12801K(12928K)->12789K(12928K) Class: 1560K(1664K)->1558K(1664K)
[50.205s][info][gc,ergo     ] Pacer for Idle. Initial: 163M, Alloc Tax Rate: 1.0x
[50.222s][info][gc          ] Trigger: Explicit GC request (System.gc())
[50.223s][info][gc,ergo     ] Free: 7759M, Max: 4096K regular, 7696M humongous, Frag: 1% external, 0% internal; Reserve: 412M, Max: 4096K
[50.223s][info][gc,start    ] GC(14) Concurrent reset
[50.223s][info][gc,task     ] GC(14) Using 1 of 3 workers for concurrent reset
[50.223s][info][gc,ergo     ] GC(14) Pacer for Reset. Non-Taxable: 8192M
[50.223s][info][gc          ] GC(14) Concurrent reset 0.436ms
[50.223s][info][gc,start    ] GC(14) Pause Init Mark (unload classes)
[50.223s][info][gc,task     ] GC(14) Using 3 of 3 workers for init marking
[50.223s][info][gc,ref      ] GC(14) Clearing All SoftReferences
[50.223s][info][gc,ergo     ] GC(14) Pacer for Mark. Expected Live: 7228K, Free: 7759M, Non-Taxable: 775M, Alloc Tax Rate: 0.0x
[50.223s][info][gc          ] GC(14) Pause Init Mark (unload classes) 0.190ms
[50.223s][info][gc,start    ] GC(14) Concurrent marking roots
[50.224s][info][gc,task     ] GC(14) Using 1 of 3 workers for concurrent marking roots
[50.225s][info][gc          ] GC(14) Concurrent marking roots 1.324ms
[50.225s][info][gc,start    ] GC(14) Concurrent marking (unload classes)
[50.225s][info][gc,task     ] GC(14) Using 1 of 3 workers for concurrent marking
[50.230s][info][gc          ] GC(14) Concurrent marking (unload classes) 5.449ms
[50.230s][info][gc,start    ] GC(14) Pause Final Mark (unload classes)
[50.230s][info][gc,task     ] GC(14) Using 3 of 3 workers for final marking
[50.231s][info][gc,ergo     ] GC(14) Adaptive CSet Selection. Target Free: 1160M, Actual Free: 8151M, Max CSet: 341M, Min Garbage: 0B
[50.231s][info][gc,ergo     ] GC(14) Collectable Garbage: 12261K (91%), Immediate: 4088K (30%), CSet: 8172K (61%)
[50.231s][info][gc,ergo     ] GC(14) Pacer for Evacuation. Used CSet: 8173K, Free: 7763M, Non-Taxable: 776M, Alloc Tax Rate: 1.1x
[50.231s][info][gc          ] GC(14) Pause Final Mark (unload classes) 0.536ms
[50.231s][info][gc,start    ] GC(14) Concurrent thread roots
[50.231s][info][gc,task     ] GC(14) Using 1 of 3 workers for Concurrent thread roots
[50.232s][info][gc          ] GC(14) Concurrent thread roots 0.967ms
[50.232s][info][gc,start    ] GC(14) Concurrent weak references
[50.232s][info][gc,task     ] GC(14) Using 1 of 3 workers for concurrent weak references
[50.232s][info][gc,ref      ] GC(14) Encountered references: Soft: 141, Weak: 846, Final: 9, Phantom: 653
[50.232s][info][gc,ref      ] GC(14) Discovered  references: Soft: 89, Weak: 490, Final: 7, Phantom: 580
[50.232s][info][gc,ref      ] GC(14) Enqueued    references: Soft: 0, Weak: 0, Final: 0, Phantom: 6
[50.232s][info][gc          ] GC(14) Concurrent weak references 0.190ms
[50.232s][info][gc,start    ] GC(14) Concurrent weak roots
[50.232s][info][gc,task     ] GC(14) Using 1 of 3 workers for concurrent weak root
[50.233s][info][gc          ] GC(14) Concurrent weak roots 1.181ms
[50.233s][info][gc,start    ] GC(14) Concurrent cleanup
[50.233s][info][gc          ] GC(14) Concurrent cleanup 20M->16M(8192M) 0.033ms
[50.233s][info][gc,ergo     ] GC(14) Free: 7763M, Max: 4096K regular, 7696M humongous, Frag: 1% external, 0% internal; Reserve: 411M, Max: 4096K
[50.233s][info][gc,start    ] GC(14) Concurrent class unloading
[50.234s][info][gc,task     ] GC(14) Using 1 of 3 workers for concurrent class unloading
[50.238s][info][gc          ] GC(14) Concurrent class unloading 4.467ms
[50.238s][info][gc,start    ] GC(14) Concurrent strong roots
[50.238s][info][gc,task     ] GC(14) Using 1 of 3 workers for concurrent strong root
[50.238s][info][gc          ] GC(14) Concurrent strong roots 0.179ms
[50.238s][info][gc,start    ] GC(14) Concurrent evacuation
[50.238s][info][gc,task     ] GC(14) Using 1 of 3 workers for concurrent evacuation
[50.238s][info][gc          ] GC(14) Concurrent evacuation 0.083ms
[50.238s][info][gc,start    ] GC(14) Pause Init Update Refs
[50.238s][info][gc,ergo     ] GC(14) Pacer for Update Refs. Used: 16399K, Free: 7763M, Non-Taxable: 776M, Alloc Tax Rate: 1.1x
[50.238s][info][gc          ] GC(14) Pause Init Update Refs 0.055ms
[50.238s][info][gc,start    ] GC(14) Concurrent update references
[50.238s][info][gc,task     ] GC(14) Using 1 of 3 workers for concurrent reference update
[50.241s][info][gc          ] GC(14) Concurrent update references 2.777ms
[50.241s][info][gc,start    ] GC(14) Concurrent update thread roots
[50.243s][info][gc          ] GC(14) Concurrent update thread roots 1.976ms
[50.243s][info][gc,start    ] GC(14) Pause Final Update Refs
[50.243s][info][gc,task     ] GC(14) Using 3 of 3 workers for final reference update
[50.244s][info][gc          ] GC(14) Pause Final Update Refs 0.177ms
[50.244s][info][gc,start    ] GC(14) Concurrent cleanup
[50.244s][info][gc          ] GC(14) Concurrent cleanup 16M->8M(8192M) 0.055ms
[50.244s][info][gc,ergo     ] Free: 7771M, Max: 4096K regular, 7744M humongous, Frag: 0% external, 0% internal; Reserve: 412M, Max: 4096K
[50.244s][info][gc,stats    ] 
[50.244s][info][gc,stats    ] All times are wall-clock times, except per-root-class counters, that are sum over
[50.244s][info][gc,stats    ] all workers. Dividing the <total> over the root stage time estimates parallelism.
[50.244s][info][gc,stats    ] 
[50.244s][info][gc,stats    ] Concurrent Reset                    492 us
[50.244s][info][gc,stats    ] Pause Init Mark (G)                 307 us
[50.244s][info][gc,stats    ] Pause Init Mark (N)                 198 us
[50.244s][info][gc,stats    ]   Update Region States               94 us
[50.244s][info][gc,stats    ] Concurrent Mark Roots              1344 us, parallelism: 0.86x
[50.244s][info][gc,stats    ]   CMR: <total>                     1161 us
[50.244s][info][gc,stats    ]   CMR: Thread Roots                1052 us, workers (us): 1052, ---, ---, 
[50.244s][info][gc,stats    ]   CMR: VM Strong Roots               22 us, workers (us):  22, ---, ---, 
[50.244s][info][gc,stats    ]   CMR: CLDG Roots                    87 us, workers (us):  87, ---, ---, 
[50.244s][info][gc,stats    ] Concurrent Marking                 5519 us
[50.244s][info][gc,stats    ] Pause Final Mark (G)                678 us
[50.244s][info][gc,stats    ] Pause Final Mark (N)                557 us
[50.244s][info][gc,stats    ]   Finish Mark                       163 us
[50.244s][info][gc,stats    ]   Update Region States              122 us
[50.244s][info][gc,stats    ]   Choose Collection Set             107 us
[50.244s][info][gc,stats    ]   Rebuild Free Set                   21 us
[50.244s][info][gc,stats    ] Concurrent Thread Roots             986 us, parallelism: 0.87x
[50.244s][info][gc,stats    ]   CTR: <total>                      861 us
[50.244s][info][gc,stats    ]   CTR: Thread Roots                 861 us, workers (us): 861, ---, ---, 
[50.244s][info][gc,stats    ] Concurrent Weak References          207 us, parallelism: 0.13x
[50.244s][info][gc,stats    ]   CWRF: <total>                      27 us
[50.244s][info][gc,stats    ]   CWRF: Weak References              27 us, workers (us):  27, ---, ---, 
[50.244s][info][gc,stats    ] Concurrent Weak Roots              1220 us
[50.244s][info][gc,stats    ]   Roots                            1058 us, parallelism: 0.86x
[50.244s][info][gc,stats    ]     CWR: <total>                    905 us
[50.244s][info][gc,stats    ]     CWR: Code Cache Roots           706 us, workers (us): 706, ---, ---, 
[50.244s][info][gc,stats    ]     CWR: VM Weak Roots              195 us, workers (us): 195, ---, ---, 
[50.244s][info][gc,stats    ]     CWR: CLDG Roots                   4 us, workers (us):   4, ---, ---, 
[50.244s][info][gc,stats    ]   Rendezvous                         88 us
[50.244s][info][gc,stats    ] Concurrent Cleanup                   51 us
[50.244s][info][gc,stats    ] Concurrent Class Unloading         4549 us
[50.244s][info][gc,stats    ]   Unlink Stale                     3949 us
[50.244s][info][gc,stats    ]     System Dictionary                 7 us
[50.244s][info][gc,stats    ]     Weak Class Links                  0 us
[50.244s][info][gc,stats    ]     Code Roots                     3940 us
[50.244s][info][gc,stats    ]   Rendezvous                        205 us
[50.244s][info][gc,stats    ]   Purge Unlinked                    273 us
[50.244s][info][gc,stats    ]     Code Roots                      258 us
[50.244s][info][gc,stats    ]     CLDG                             14 us
[50.244s][info][gc,stats    ]     Exception Caches                  0 us
[50.244s][info][gc,stats    ] Concurrent Strong Roots             198 us, parallelism: 0.25x
[50.244s][info][gc,stats    ]   CSR: <total>                       49 us
[50.244s][info][gc,stats    ]   CSR: VM Strong Roots                4 us, workers (us):   4, ---, ---, 
[50.244s][info][gc,stats    ]   CSR: CLDG Roots                    45 us, workers (us):  45, ---, ---, 
[50.244s][info][gc,stats    ] Concurrent Evacuation               101 us
[50.244s][info][gc,stats    ] Pause Init Update Refs (G)          125 us
[50.244s][info][gc,stats    ] Pause Init Update Refs (N)           63 us
[50.244s][info][gc,stats    ]   Manage GCLABs                       2 us
[50.244s][info][gc,stats    ] Concurrent Update Refs             2843 us
[50.244s][info][gc,stats    ] Concurrent Update Thread Roots     2015 us
[50.244s][info][gc,stats    ] Pause Final Update Refs (G)         270 us
[50.244s][info][gc,stats    ] Pause Final Update Refs (N)         195 us
[50.244s][info][gc,stats    ]   Update Region States              123 us
[50.244s][info][gc,stats    ]   Trash Collection Set                3 us
[50.244s][info][gc,stats    ]   Rebuild Free Set                   17 us
[50.244s][info][gc,stats    ] Concurrent Cleanup                   76 us
[50.244s][info][gc,stats    ] 
[50.244s][info][gc,stats    ] Allocation pacing accrued:
[50.244s][info][gc,stats    ]       0 of    40 ms (  0.0%): <total>
[50.244s][info][gc,stats    ]       0 of    40 ms (  0.0%): <average total>
[50.244s][info][gc,stats    ] 
[50.244s][info][gc,metaspace] Metaspace: 14348K(14592K)->14348K(14592K) NonClass: 12789K(12928K)->12789K(12928K) Class: 1558K(1664K)->1558K(1664K)
[50.244s][info][gc,ergo     ] Pacer for Idle. Initial: 163M, Alloc Tax Rate: 1.0x
[57.164s][info][gc          ] Trigger: Explicit GC request (System.gc())
[57.164s][info][gc,ergo     ] Free: 7723M, Max: 4096K regular, 7696M humongous, Frag: 0% external, 0% internal; Reserve: 412M, Max: 4096K
[57.164s][info][gc,start    ] GC(15) Concurrent reset
[57.164s][info][gc,task     ] GC(15) Using 1 of 3 workers for concurrent reset
[57.164s][info][gc,ergo     ] GC(15) Pacer for Reset. Non-Taxable: 8192M
[57.165s][info][gc          ] GC(15) Concurrent reset 0.350ms
[57.165s][info][gc,start    ] GC(15) Pause Init Mark (unload classes)
[57.165s][info][gc,task     ] GC(15) Using 3 of 3 workers for init marking
[57.165s][info][gc,ref      ] GC(15) Clearing All SoftReferences
[57.165s][info][gc,ergo     ] GC(15) Pacer for Mark. Expected Live: 7192K, Free: 7723M, Non-Taxable: 772M, Alloc Tax Rate: 0.0x
[57.165s][info][gc          ] GC(15) Pause Init Mark (unload classes) 0.252ms
[57.165s][info][gc,start    ] GC(15) Concurrent marking roots
[57.165s][info][gc,task     ] GC(15) Using 1 of 3 workers for concurrent marking roots
[57.166s][info][gc          ] GC(15) Concurrent marking roots 1.269ms
[57.166s][info][gc,start    ] GC(15) Concurrent marking (unload classes)
[57.166s][info][gc,task     ] GC(15) Using 1 of 3 workers for concurrent marking
[57.172s][info][gc          ] GC(15) Concurrent marking (unload classes) 5.665ms
[57.172s][info][gc,start    ] GC(15) Pause Final Mark (unload classes)
[57.172s][info][gc,task     ] GC(15) Using 3 of 3 workers for final marking
[57.173s][info][gc,ergo     ] GC(15) Adaptive CSet Selection. Target Free: 1160M, Actual Free: 8116M, Max CSet: 341M, Min Garbage: 0B
[57.173s][info][gc,ergo     ] GC(15) Collectable Garbage: 49816K (99%), Immediate: 12288K (24%), CSet: 37528K (74%)
[57.173s][info][gc,ergo     ] GC(15) Pacer for Evacuation. Used CSet: 40951K, Free: 7731M, Non-Taxable: 773M, Alloc Tax Rate: 1.1x
[57.173s][info][gc          ] GC(15) Pause Final Mark (unload classes) 0.872ms
[57.173s][info][gc,start    ] GC(15) Concurrent thread roots
[57.173s][info][gc,task     ] GC(15) Using 1 of 3 workers for Concurrent thread roots
[57.174s][info][gc          ] GC(15) Concurrent thread roots 1.104ms
[57.174s][info][gc,start    ] GC(15) Concurrent weak references
[57.174s][info][gc,task     ] GC(15) Using 1 of 3 workers for concurrent weak references
[57.175s][info][gc,ref      ] GC(15) Encountered references: Soft: 461, Weak: 865, Final: 10, Phantom: 1490
[57.175s][info][gc,ref      ] GC(15) Discovered  references: Soft: 408, Weak: 514, Final: 8, Phantom: 1415
[57.175s][info][gc,ref      ] GC(15) Enqueued    references: Soft: 319, Weak: 3, Final: 1, Phantom: 833
[57.175s][info][gc          ] GC(15) Concurrent weak references 0.364ms
[57.175s][info][gc,start    ] GC(15) Concurrent weak roots
[57.175s][info][gc,task     ] GC(15) Using 1 of 3 workers for concurrent weak root
[57.177s][info][gc          ] GC(15) Concurrent weak roots 1.935ms
[57.177s][info][gc,start    ] GC(15) Concurrent cleanup
[57.177s][info][gc          ] GC(15) Concurrent cleanup 60M->48M(8192M) 0.032ms
[57.177s][info][gc,ergo     ] GC(15) Free: 7731M, Max: 4096K regular, 7692M humongous, Frag: 1% external, 0% internal; Reserve: 411M, Max: 4096K
[57.177s][info][gc,start    ] GC(15) Concurrent class unloading
[57.177s][info][gc,task     ] GC(15) Using 1 of 3 workers for concurrent class unloading
[57.183s][info][gc          ] GC(15) Concurrent class unloading 6.667ms
[57.184s][info][gc,start    ] GC(15) Concurrent strong roots
[57.184s][info][gc,task     ] GC(15) Using 1 of 3 workers for concurrent strong root
[57.184s][info][gc          ] GC(15) Concurrent strong roots 0.432ms
[57.184s][info][gc,start    ] GC(15) Concurrent evacuation
[57.184s][info][gc,task     ] GC(15) Using 1 of 3 workers for concurrent evacuation
[57.186s][info][gc          ] GC(15) Concurrent evacuation 1.688ms
[57.186s][info][gc,start    ] GC(15) Pause Init Update Refs
[57.186s][info][gc,ergo     ] GC(15) Pacer for Update Refs. Used: 53273K, Free: 7731M, Non-Taxable: 773M, Alloc Tax Rate: 1.1x
[57.186s][info][gc          ] GC(15) Pause Init Update Refs 0.057ms
[57.186s][info][gc,start    ] GC(15) Concurrent update references
[57.186s][info][gc,task     ] GC(15) Using 1 of 3 workers for concurrent reference update
[57.189s][info][gc          ] GC(15) Concurrent update references 2.561ms
[57.189s][info][gc,start    ] GC(15) Concurrent update thread roots
[57.191s][info][gc          ] GC(15) Concurrent update thread roots 2.254ms
[57.191s][info][gc,start    ] GC(15) Pause Final Update Refs
[57.191s][info][gc,task     ] GC(15) Using 3 of 3 workers for final reference update
[57.191s][info][gc          ] GC(15) Pause Final Update Refs 0.158ms
[57.191s][info][gc,start    ] GC(15) Concurrent cleanup
[57.191s][info][gc          ] GC(15) Concurrent cleanup 52M->12M(8192M) 0.063ms
[57.191s][info][gc,ergo     ] Free: 7767M, Max: 4096K regular, 7692M humongous, Frag: 1% external, 0% internal; Reserve: 412M, Max: 4096K
[57.191s][info][gc,stats    ] 
[57.191s][info][gc,stats    ] All times are wall-clock times, except per-root-class counters, that are sum over
[57.191s][info][gc,stats    ] all workers. Dividing the <total> over the root stage time estimates parallelism.
[57.191s][info][gc,stats    ] 
[57.191s][info][gc,stats    ] Concurrent Reset                    369 us
[57.191s][info][gc,stats    ] Pause Init Mark (G)                 447 us
[57.191s][info][gc,stats    ] Pause Init Mark (N)                 274 us
[57.191s][info][gc,stats    ]   Update Region States               89 us
[57.191s][info][gc,stats    ] Concurrent Mark Roots              1289 us, parallelism: 0.91x
[57.191s][info][gc,stats    ]   CMR: <total>                     1169 us
[57.191s][info][gc,stats    ]   CMR: Thread Roots                1082 us, workers (us): 1082, ---, ---, 
[57.191s][info][gc,stats    ]   CMR: VM Strong Roots                8 us, workers (us):   8, ---, ---, 
[57.191s][info][gc,stats    ]   CMR: CLDG Roots                    79 us, workers (us):  79, ---, ---, 
[57.191s][info][gc,stats    ] Concurrent Marking                 5737 us
[57.192s][info][gc,stats    ] Pause Final Mark (G)                999 us
[57.192s][info][gc,stats    ] Pause Final Mark (N)                893 us
[57.192s][info][gc,stats    ]   Finish Mark                       516 us
[57.192s][info][gc,stats    ]   Update Region States              122 us
[57.192s][info][gc,stats    ]   Choose Collection Set             103 us
[57.192s][info][gc,stats    ]   Rebuild Free Set                   21 us
[57.192s][info][gc,stats    ] Concurrent Thread Roots            1123 us, parallelism: 0.91x
[57.192s][info][gc,stats    ]   CTR: <total>                     1021 us
[57.192s][info][gc,stats    ]   CTR: Thread Roots                1021 us, workers (us): 1021, ---, ---, 
[57.192s][info][gc,stats    ] Concurrent Weak References          386 us, parallelism: 0.45x
[57.192s][info][gc,stats    ]   CWRF: <total>                     173 us
[57.192s][info][gc,stats    ]   CWRF: Weak References             173 us, workers (us): 173, ---, ---, 
[57.192s][info][gc,stats    ] Concurrent Weak Roots              1973 us
[57.192s][info][gc,stats    ]   Roots                            1505 us, parallelism: 0.82x
[57.192s][info][gc,stats    ]     CWR: <total>                   1235 us
[57.192s][info][gc,stats    ]     CWR: Code Cache Roots           757 us, workers (us): 757, ---, ---, 
[57.192s][info][gc,stats    ]     CWR: VM Weak Roots              470 us, workers (us): 470, ---, ---, 
[57.192s][info][gc,stats    ]     CWR: CLDG Roots                   9 us, workers (us):   9, ---, ---, 
[57.192s][info][gc,stats    ]   Rendezvous                        386 us
[57.192s][info][gc,stats    ] Concurrent Cleanup                   60 us
[57.192s][info][gc,stats    ] Concurrent Class Unloading         6749 us
[57.192s][info][gc,stats    ]   Unlink Stale                     6168 us
[57.192s][info][gc,stats    ]     System Dictionary               145 us
[57.192s][info][gc,stats    ]     Weak Class Links               2284 us
[57.192s][info][gc,stats    ]     Code Roots                     3736 us
[57.192s][info][gc,stats    ]   Rendezvous                        236 us
[57.192s][info][gc,stats    ]   Purge Unlinked                    213 us
[57.192s][info][gc,stats    ]     Code Roots                      174 us
[57.192s][info][gc,stats    ]     CLDG                             38 us
[57.192s][info][gc,stats    ]     Exception Caches                  0 us
[57.192s][info][gc,stats    ] Concurrent Strong Roots             451 us, parallelism: 0.62x
[57.192s][info][gc,stats    ]   CSR: <total>                      282 us
[57.192s][info][gc,stats    ]   CSR: VM Strong Roots               11 us, workers (us):  11, ---, ---, 
[57.192s][info][gc,stats    ]   CSR: CLDG Roots                   270 us, workers (us): 270, ---, ---, 
[57.192s][info][gc,stats    ] Concurrent Evacuation              1760 us
[57.192s][info][gc,stats    ] Pause Init Update Refs (G)          224 us
[57.192s][info][gc,stats    ] Pause Init Update Refs (N)           66 us
[57.192s][info][gc,stats    ]   Manage GCLABs                       2 us
[57.192s][info][gc,stats    ] Concurrent Update Refs             2633 us
[57.192s][info][gc,stats    ] Concurrent Update Thread Roots     2293 us
[57.192s][info][gc,stats    ] Pause Final Update Refs (G)         257 us
[57.192s][info][gc,stats    ] Pause Final Update Refs (N)         177 us
[57.192s][info][gc,stats    ]   Update Region States              116 us
[57.192s][info][gc,stats    ]   Trash Collection Set                2 us
[57.192s][info][gc,stats    ]   Rebuild Free Set                    8 us
[57.192s][info][gc,stats    ] Concurrent Cleanup                   84 us
[57.192s][info][gc,stats    ] 
[57.192s][info][gc,stats    ] Allocation pacing accrued:
[57.192s][info][gc,stats    ]       0 of  6948 ms (  0.0%): <total>
[57.192s][info][gc,stats    ]       0 of  6948 ms (  0.0%): <average total>
[57.192s][info][gc,stats    ] 
[57.192s][info][gc,metaspace] Metaspace: 14371K(14592K)->14358K(14592K) NonClass: 12811K(12928K)->12800K(12928K) Class: 1560K(1664K)->1558K(1664K)
[57.192s][info][gc,ergo     ] Pacer for Idle. Initial: 163M, Alloc Tax Rate: 1.0x
[57.199s][info][gc          ] Trigger: Explicit GC request (System.gc())
[57.200s][info][gc,ergo     ] Free: 7759M, Max: 4096K regular, 7692M humongous, Frag: 1% external, 0% internal; Reserve: 412M, Max: 4096K
[57.200s][info][gc,start    ] GC(16) Concurrent reset
[57.200s][info][gc,task     ] GC(16) Using 1 of 3 workers for concurrent reset
[57.200s][info][gc,ergo     ] GC(16) Pacer for Reset. Non-Taxable: 8192M
[57.200s][info][gc          ] GC(16) Concurrent reset 0.335ms
[57.200s][info][gc,start    ] GC(16) Pause Init Mark (unload classes)
[57.200s][info][gc,task     ] GC(16) Using 3 of 3 workers for init marking
[57.200s][info][gc,ref      ] GC(16) Clearing All SoftReferences
[57.200s][info][gc,ergo     ] GC(16) Pacer for Mark. Expected Live: 7230K, Free: 7759M, Non-Taxable: 775M, Alloc Tax Rate: 0.0x
[57.200s][info][gc          ] GC(16) Pause Init Mark (unload classes) 0.209ms
[57.200s][info][gc,start    ] GC(16) Concurrent marking roots
[57.200s][info][gc,task     ] GC(16) Using 1 of 3 workers for concurrent marking roots
[57.202s][info][gc          ] GC(16) Concurrent marking roots 1.730ms
[57.202s][info][gc,start    ] GC(16) Concurrent marking (unload classes)
[57.202s][info][gc,task     ] GC(16) Using 1 of 3 workers for concurrent marking
[57.208s][info][gc          ] GC(16) Concurrent marking (unload classes) 5.533ms
[57.208s][info][gc,start    ] GC(16) Pause Final Mark (unload classes)
[57.208s][info][gc,task     ] GC(16) Using 3 of 3 workers for final marking
[57.208s][info][gc,ergo     ] GC(16) Adaptive CSet Selection. Target Free: 1160M, Actual Free: 8144M, Max CSet: 341M, Min Garbage: 0B
[57.208s][info][gc,ergo     ] GC(16) Collectable Garbage: 12277K (91%), Immediate: 0B (0%), CSet: 12277K (91%)
[57.208s][info][gc,ergo     ] GC(16) Pacer for Evacuation. Used CSet: 12278K, Free: 7759M, Non-Taxable: 775M, Alloc Tax Rate: 1.1x
[57.208s][info][gc          ] GC(16) Pause Final Mark (unload classes) 0.628ms
[57.208s][info][gc,start    ] GC(16) Concurrent thread roots
[57.208s][info][gc,task     ] GC(16) Using 1 of 3 workers for Concurrent thread roots
[57.211s][info][gc          ] GC(16) Concurrent thread roots 2.115ms
[57.211s][info][gc,start    ] GC(16) Concurrent weak references
[57.211s][info][gc,task     ] GC(16) Using 1 of 3 workers for concurrent weak references
[57.211s][info][gc,ref      ] GC(16) Encountered references: Soft: 142, Weak: 852, Final: 9, Phantom: 653
[57.211s][info][gc,ref      ] GC(16) Discovered  references: Soft: 90, Weak: 491, Final: 7, Phantom: 580
[57.211s][info][gc,ref      ] GC(16) Enqueued    references: Soft: 1, Weak: 0, Final: 0, Phantom: 6
[57.211s][info][gc          ] GC(16) Concurrent weak references 0.256ms
[57.211s][info][gc,start    ] GC(16) Concurrent weak roots
[57.211s][info][gc,task     ] GC(16) Using 1 of 3 workers for concurrent weak root
[57.212s][info][gc          ] GC(16) Concurrent weak roots 1.108ms
[57.212s][info][gc,start    ] GC(16) Concurrent cleanup
[57.212s][info][gc          ] GC(16) Concurrent cleanup 20M->20M(8192M) 0.029ms
[57.212s][info][gc,ergo     ] GC(16) Free: 7759M, Max: 4096K regular, 7692M humongous, Frag: 1% external, 0% internal; Reserve: 411M, Max: 4096K
[57.212s][info][gc,start    ] GC(16) Concurrent class unloading
[57.212s][info][gc,task     ] GC(16) Using 1 of 3 workers for concurrent class unloading
[57.216s][info][gc          ] GC(16) Concurrent class unloading 3.999ms
[57.216s][info][gc,start    ] GC(16) Concurrent strong roots
[57.216s][info][gc,task     ] GC(16) Using 1 of 3 workers for concurrent strong root
[57.216s][info][gc          ] GC(16) Concurrent strong roots 0.123ms
[57.216s][info][gc,start    ] GC(16) Concurrent evacuation
[57.216s][info][gc,task     ] GC(16) Using 1 of 3 workers for concurrent evacuation
[57.216s][info][gc          ] GC(16) Concurrent evacuation 0.155ms
[57.216s][info][gc,start    ] GC(16) Pause Init Update Refs
[57.216s][info][gc,ergo     ] GC(16) Pacer for Update Refs. Used: 20511K, Free: 7759M, Non-Taxable: 775M, Alloc Tax Rate: 1.1x
[57.217s][info][gc          ] GC(16) Pause Init Update Refs 0.048ms
[57.217s][info][gc,start    ] GC(16) Concurrent update references
[57.217s][info][gc,task     ] GC(16) Using 1 of 3 workers for concurrent reference update
[57.219s][info][gc          ] GC(16) Concurrent update references 2.280ms
[57.219s][info][gc,start    ] GC(16) Concurrent update thread roots
[57.221s][info][gc          ] GC(16) Concurrent update thread roots 1.923ms
[57.221s][info][gc,start    ] GC(16) Pause Final Update Refs
[57.221s][info][gc,task     ] GC(16) Using 3 of 3 workers for final reference update
[57.221s][info][gc          ] GC(16) Pause Final Update Refs 0.180ms
[57.221s][info][gc,start    ] GC(16) Concurrent cleanup
[57.221s][info][gc          ] GC(16) Concurrent cleanup 20M->8M(8192M) 0.076ms
[57.221s][info][gc,ergo     ] Free: 7771M, Max: 4096K regular, 7740M humongous, Frag: 0% external, 0% internal; Reserve: 412M, Max: 4096K
[57.221s][info][gc,stats    ] 
[57.221s][info][gc,stats    ] All times are wall-clock times, except per-root-class counters, that are sum over
[57.221s][info][gc,stats    ] all workers. Dividing the <total> over the root stage time estimates parallelism.
[57.221s][info][gc,stats    ] 
[57.221s][info][gc,stats    ] Concurrent Reset                    374 us
[57.221s][info][gc,stats    ] Pause Init Mark (G)                 353 us
[57.221s][info][gc,stats    ] Pause Init Mark (N)                 226 us
[57.221s][info][gc,stats    ]   Update Region States               84 us
[57.221s][info][gc,stats    ] Concurrent Mark Roots              1749 us, parallelism: 0.92x
[57.222s][info][gc,stats    ]   CMR: <total>                     1604 us
[57.222s][info][gc,stats    ]   CMR: Thread Roots                1541 us, workers (us): 1541, ---, ---, 
[57.222s][info][gc,stats    ]   CMR: VM Strong Roots               16 us, workers (us):  16, ---, ---, 
[57.222s][info][gc,stats    ]   CMR: CLDG Roots                    48 us, workers (us):  48, ---, ---, 
[57.222s][info][gc,stats    ] Concurrent Marking                 5591 us
[57.222s][info][gc,stats    ] Pause Final Mark (G)                776 us
[57.222s][info][gc,stats    ] Pause Final Mark (N)                646 us
[57.222s][info][gc,stats    ]   Finish Mark                       308 us
[57.222s][info][gc,stats    ]   Update Region States              110 us
[57.222s][info][gc,stats    ]   Choose Collection Set              81 us
[57.222s][info][gc,stats    ]   Rebuild Free Set                   17 us
[57.222s][info][gc,stats    ] Concurrent Thread Roots            2139 us, parallelism: 0.91x
[57.222s][info][gc,stats    ]   CTR: <total>                     1948 us
[57.222s][info][gc,stats    ]   CTR: Thread Roots                1948 us, workers (us): 1948, ---, ---, 
[57.222s][info][gc,stats    ] Concurrent Weak References          273 us, parallelism: 0.18x
[57.222s][info][gc,stats    ]   CWRF: <total>                      49 us
[57.222s][info][gc,stats    ]   CWRF: Weak References              49 us, workers (us):  49, ---, ---, 
[57.222s][info][gc,stats    ] Concurrent Weak Roots              1157 us
[57.222s][info][gc,stats    ]   Roots                             965 us, parallelism: 0.82x
[57.222s][info][gc,stats    ]     CWR: <total>                    795 us
[57.222s][info][gc,stats    ]     CWR: Code Cache Roots           692 us, workers (us): 692, ---, ---, 
[57.222s][info][gc,stats    ]     CWR: VM Weak Roots              101 us, workers (us): 101, ---, ---, 
[57.222s][info][gc,stats    ]     CWR: CLDG Roots                   2 us, workers (us):   2, ---, ---, 
[57.222s][info][gc,stats    ]   Rendezvous                        105 us
[57.222s][info][gc,stats    ] Concurrent Cleanup                   37 us
[57.222s][info][gc,stats    ] Concurrent Class Unloading         4047 us
[57.222s][info][gc,stats    ]   Unlink Stale                     3703 us
[57.222s][info][gc,stats    ]     System Dictionary                 7 us
[57.222s][info][gc,stats    ]     Weak Class Links                  0 us
[57.222s][info][gc,stats    ]     Code Roots                     3694 us
[57.222s][info][gc,stats    ]   Rendezvous                         70 us
[57.222s][info][gc,stats    ]   Purge Unlinked                    206 us
[57.222s][info][gc,stats    ]     Code Roots                      199 us
[57.222s][info][gc,stats    ]     CLDG                              6 us
[57.222s][info][gc,stats    ]     Exception Caches                  0 us
[57.222s][info][gc,stats    ] Concurrent Strong Roots             144 us, parallelism: 0.35x
[57.222s][info][gc,stats    ]   CSR: <total>                       50 us
[57.222s][info][gc,stats    ]   CSR: VM Strong Roots                4 us, workers (us):   4, ---, ---, 
[57.222s][info][gc,stats    ]   CSR: CLDG Roots                    46 us, workers (us):  46, ---, ---, 
[57.222s][info][gc,stats    ] Concurrent Evacuation               177 us
[57.222s][info][gc,stats    ] Pause Init Update Refs (G)          114 us
[57.222s][info][gc,stats    ] Pause Init Update Refs (N)           56 us
[57.222s][info][gc,stats    ]   Manage GCLABs                       2 us
[57.222s][info][gc,stats    ] Concurrent Update Refs             2318 us
[57.222s][info][gc,stats    ] Concurrent Update Thread Roots     1974 us
[57.222s][info][gc,stats    ] Pause Final Update Refs (G)         294 us
[57.222s][info][gc,stats    ] Pause Final Update Refs (N)         200 us
[57.222s][info][gc,stats    ]   Update Region States              100 us
[57.222s][info][gc,stats    ]   Trash Collection Set                2 us
[57.222s][info][gc,stats    ]   Rebuild Free Set                   13 us
[57.222s][info][gc,stats    ] Concurrent Cleanup                  103 us
[57.222s][info][gc,stats    ] 
[57.222s][info][gc,stats    ] Allocation pacing accrued:
[57.222s][info][gc,stats    ]       0 of    30 ms (  0.0%): <total>
[57.222s][info][gc,stats    ]       0 of    30 ms (  0.0%): <average total>
[57.222s][info][gc,stats    ] 
[57.222s][info][gc,metaspace] Metaspace: 14364K(14592K)->14364K(14592K) NonClass: 12805K(12928K)->12805K(12928K) Class: 1559K(1664K)->1559K(1664K)
[57.222s][info][gc,ergo     ] Pacer for Idle. Initial: 163M, Alloc Tax Rate: 1.0x
[64.147s][info][gc          ] Trigger: Explicit GC request (System.gc())
[64.147s][info][gc,ergo     ] Free: 7727M, Max: 4096K regular, 7696M humongous, Frag: 0% external, 0% internal; Reserve: 412M, Max: 4096K
[64.147s][info][gc,start    ] GC(17) Concurrent reset
[64.147s][info][gc,task     ] GC(17) Using 1 of 3 workers for concurrent reset
[64.147s][info][gc,ergo     ] GC(17) Pacer for Reset. Non-Taxable: 8192M
[64.147s][info][gc          ] GC(17) Concurrent reset 0.275ms
[64.147s][info][gc,start    ] GC(17) Pause Init Mark (unload classes)
[64.147s][info][gc,task     ] GC(17) Using 3 of 3 workers for init marking
[64.147s][info][gc,ref      ] GC(17) Clearing All SoftReferences
[64.147s][info][gc,ergo     ] GC(17) Pacer for Mark. Expected Live: 7194K, Free: 7727M, Non-Taxable: 772M, Alloc Tax Rate: 0.0x
[64.147s][info][gc          ] GC(17) Pause Init Mark (unload classes) 0.261ms
[64.147s][info][gc,start    ] GC(17) Concurrent marking roots
[64.147s][info][gc,task     ] GC(17) Using 1 of 3 workers for concurrent marking roots
[64.149s][info][gc          ] GC(17) Concurrent marking roots 1.565ms
[64.149s][info][gc,start    ] GC(17) Concurrent marking (unload classes)
[64.149s][info][gc,task     ] GC(17) Using 1 of 3 workers for concurrent marking
[64.155s][info][gc          ] GC(17) Concurrent marking (unload classes) 5.686ms
[64.155s][info][gc,start    ] GC(17) Pause Final Mark (unload classes)
[64.155s][info][gc,task     ] GC(17) Using 3 of 3 workers for final marking
[64.155s][info][gc,ergo     ] GC(17) Adaptive CSet Selection. Target Free: 1160M, Actual Free: 8116M, Max CSet: 341M, Min Garbage: 0B
[64.155s][info][gc,ergo     ] GC(17) Collectable Garbage: 45727K (99%), Immediate: 12288K (26%), CSet: 33439K (72%)
[64.155s][info][gc,ergo     ] GC(17) Pacer for Evacuation. Used CSet: 36864K, Free: 7735M, Non-Taxable: 773M, Alloc Tax Rate: 1.1x
[64.155s][info][gc          ] GC(17) Pause Final Mark (unload classes) 0.689ms
[64.156s][info][gc,start    ] GC(17) Concurrent thread roots
[64.156s][info][gc,task     ] GC(17) Using 1 of 3 workers for Concurrent thread roots
[64.158s][info][gc          ] GC(17) Concurrent thread roots 1.987ms
[64.158s][info][gc,start    ] GC(17) Concurrent weak references
[64.158s][info][gc,task     ] GC(17) Using 1 of 3 workers for concurrent weak references
[64.158s][info][gc,ref      ] GC(17) Encountered references: Soft: 461, Weak: 871, Final: 10, Phantom: 1488
[64.158s][info][gc,ref      ] GC(17) Discovered  references: Soft: 408, Weak: 513, Final: 8, Phantom: 1428
[64.158s][info][gc,ref      ] GC(17) Enqueued    references: Soft: 319, Weak: 3, Final: 1, Phantom: 833
[64.158s][info][gc          ] GC(17) Concurrent weak references 0.319ms
[64.158s][info][gc,start    ] GC(17) Concurrent weak roots
[64.158s][info][gc,task     ] GC(17) Using 1 of 3 workers for concurrent weak root
[64.160s][info][gc          ] GC(17) Concurrent weak roots 1.867ms
[64.160s][info][gc,start    ] GC(17) Concurrent cleanup
[64.160s][info][gc          ] GC(17) Concurrent cleanup 56M->44M(8192M) 0.024ms
[64.160s][info][gc,ergo     ] GC(17) Free: 7735M, Max: 4096K regular, 7692M humongous, Frag: 1% external, 0% internal; Reserve: 411M, Max: 4096K
[64.160s][info][gc,start    ] GC(17) Concurrent class unloading
[64.160s][info][gc,task     ] GC(17) Using 1 of 3 workers for concurrent class unloading
[64.167s][info][gc          ] GC(17) Concurrent class unloading 6.677ms
[64.167s][info][gc,start    ] GC(17) Concurrent strong roots
[64.167s][info][gc,task     ] GC(17) Using 1 of 3 workers for concurrent strong root
[64.167s][info][gc          ] GC(17) Concurrent strong roots 0.355ms
[64.167s][info][gc,start    ] GC(17) Concurrent evacuation
[64.167s][info][gc,task     ] GC(17) Using 1 of 3 workers for concurrent evacuation
[64.169s][info][gc          ] GC(17) Concurrent evacuation 1.697ms
[64.169s][info][gc,start    ] GC(17) Pause Init Update Refs
[64.169s][info][gc,ergo     ] GC(17) Pacer for Update Refs. Used: 49192K, Free: 7735M, Non-Taxable: 773M, Alloc Tax Rate: 1.1x
[64.169s][info][gc          ] GC(17) Pause Init Update Refs 0.090ms
[64.169s][info][gc,start    ] GC(17) Concurrent update references
[64.169s][info][gc,task     ] GC(17) Using 1 of 3 workers for concurrent reference update
[64.172s][info][gc          ] GC(17) Concurrent update references 2.537ms
[64.172s][info][gc,start    ] GC(17) Concurrent update thread roots
[64.174s][info][gc          ] GC(17) Concurrent update thread roots 2.558ms
[64.174s][info][gc,start    ] GC(17) Pause Final Update Refs
[64.174s][info][gc,task     ] GC(17) Using 3 of 3 workers for final reference update
[64.175s][info][gc          ] GC(17) Pause Final Update Refs 0.177ms
[64.175s][info][gc,start    ] GC(17) Concurrent cleanup
[64.175s][info][gc          ] GC(17) Concurrent cleanup 48M->12M(8192M) 0.034ms
[64.175s][info][gc,ergo     ] Free: 7767M, Max: 4096K regular, 7692M humongous, Frag: 1% external, 0% internal; Reserve: 412M, Max: 4096K
[64.175s][info][gc,stats    ] 
[64.175s][info][gc,stats    ] All times are wall-clock times, except per-root-class counters, that are sum over
[64.175s][info][gc,stats    ] all workers. Dividing the <total> over the root stage time estimates parallelism.
[64.175s][info][gc,stats    ] 
[64.175s][info][gc,stats    ] Concurrent Reset                    314 us
[64.175s][info][gc,stats    ] Pause Init Mark (G)                 418 us
[64.175s][info][gc,stats    ] Pause Init Mark (N)                 283 us
[64.175s][info][gc,stats    ]   Update Region States               91 us
[64.175s][info][gc,stats    ] Concurrent Mark Roots              1585 us, parallelism: 0.90x
[64.175s][info][gc,stats    ]   CMR: <total>                     1420 us
[64.175s][info][gc,stats    ]   CMR: Thread Roots                1332 us, workers (us): 1332, ---, ---, 
[64.175s][info][gc,stats    ]   CMR: VM Strong Roots                8 us, workers (us):   8, ---, ---, 
[64.175s][info][gc,stats    ]   CMR: CLDG Roots                    79 us, workers (us):  79, ---, ---, 
[64.175s][info][gc,stats    ] Concurrent Marking                 5758 us
[64.175s][info][gc,stats    ] Pause Final Mark (G)                827 us
[64.175s][info][gc,stats    ] Pause Final Mark (N)                712 us
[64.175s][info][gc,stats    ]   Finish Mark                       166 us
[64.175s][info][gc,stats    ]   Update Region States              124 us
[64.175s][info][gc,stats    ]   Choose Collection Set             104 us
[64.175s][info][gc,stats    ]   Rebuild Free Set                   22 us
[64.175s][info][gc,stats    ] Concurrent Thread Roots            2045 us, parallelism: 0.90x
[64.175s][info][gc,stats    ]   CTR: <total>                     1836 us
[64.175s][info][gc,stats    ]   CTR: Thread Roots                1836 us, workers (us): 1836, ---, ---, 
[64.175s][info][gc,stats    ] Concurrent Weak References          328 us, parallelism: 0.59x
[64.175s][info][gc,stats    ]   CWRF: <total>                     193 us
[64.175s][info][gc,stats    ]   CWRF: Weak References             193 us, workers (us): 193, ---, ---, 
[64.175s][info][gc,stats    ] Concurrent Weak Roots              1896 us
[64.175s][info][gc,stats    ]   Roots                            1564 us, parallelism: 0.94x
[64.175s][info][gc,stats    ]     CWR: <total>                   1476 us
[64.175s][info][gc,stats    ]     CWR: Code Cache Roots          1063 us, workers (us): 1063, ---, ---, 
[64.175s][info][gc,stats    ]     CWR: VM Weak Roots              400 us, workers (us): 400, ---, ---, 
[64.175s][info][gc,stats    ]     CWR: CLDG Roots                  13 us, workers (us):  13, ---, ---, 
[64.175s][info][gc,stats    ]   Rendezvous                        284 us
[64.175s][info][gc,stats    ] Concurrent Cleanup                   34 us
[64.175s][info][gc,stats    ] Concurrent Class Unloading         6742 us
[64.175s][info][gc,stats    ]   Unlink Stale                     6216 us
[64.175s][info][gc,stats    ]     System Dictionary                78 us
[64.175s][info][gc,stats    ]     Weak Class Links               2371 us
[64.175s][info][gc,stats    ]     Code Roots                     3765 us
[64.175s][info][gc,stats    ]   Rendezvous                        245 us
[64.175s][info][gc,stats    ]   Purge Unlinked                    187 us
[64.175s][info][gc,stats    ]     Code Roots                      149 us
[64.175s][info][gc,stats    ]     CLDG                             37 us
[64.175s][info][gc,stats    ]     Exception Caches                  0 us
[64.175s][info][gc,stats    ] Concurrent Strong Roots             394 us, parallelism: 0.54x
[64.175s][info][gc,stats    ]   CSR: <total>                      213 us
[64.175s][info][gc,stats    ]   CSR: VM Strong Roots                8 us, workers (us):   8, ---, ---, 
[64.175s][info][gc,stats    ]   CSR: CLDG Roots                   205 us, workers (us): 205, ---, ---, 
[64.175s][info][gc,stats    ] Concurrent Evacuation              1750 us
[64.175s][info][gc,stats    ] Pause Init Update Refs (G)          225 us
[64.175s][info][gc,stats    ] Pause Init Update Refs (N)          108 us
[64.175s][info][gc,stats    ]   Manage GCLABs                      10 us
[64.175s][info][gc,stats    ] Concurrent Update Refs             2600 us
[64.175s][info][gc,stats    ] Concurrent Update Thread Roots     2629 us
[64.175s][info][gc,stats    ] Pause Final Update Refs (G)         354 us
[64.175s][info][gc,stats    ] Pause Final Update Refs (N)         197 us
[64.175s][info][gc,stats    ]   Update Region States               94 us
[64.175s][info][gc,stats    ]   Trash Collection Set                2 us
[64.175s][info][gc,stats    ]   Rebuild Free Set                   17 us
[64.175s][info][gc,stats    ] Concurrent Cleanup                   44 us
[64.175s][info][gc,stats    ] 
[64.175s][info][gc,stats    ] Allocation pacing accrued:
[64.175s][info][gc,stats    ]       0 of  6953 ms (  0.0%): <total>
[64.175s][info][gc,stats    ]       0 of  6953 ms (  0.0%): <average total>
[64.175s][info][gc,stats    ] 
[64.175s][info][gc,metaspace] Metaspace: 14421K(14592K)->14408K(14592K) NonClass: 12860K(12928K)->12849K(12928K) Class: 1560K(1664K)->1559K(1664K)
[64.175s][info][gc,ergo     ] Pacer for Idle. Initial: 163M, Alloc Tax Rate: 1.0x
[64.180s][info][gc          ] Trigger: Explicit GC request (System.gc())
[64.180s][info][gc,ergo     ] Free: 7759M, Max: 4096K regular, 7692M humongous, Frag: 1% external, 0% internal; Reserve: 412M, Max: 4096K
[64.180s][info][gc,start    ] GC(18) Concurrent reset
[64.180s][info][gc,task     ] GC(18) Using 1 of 3 workers for concurrent reset
[64.180s][info][gc,ergo     ] GC(18) Pacer for Reset. Non-Taxable: 8192M
[64.180s][info][gc          ] GC(18) Concurrent reset 0.266ms
[64.180s][info][gc,start    ] GC(18) Pause Init Mark (unload classes)
[64.180s][info][gc,task     ] GC(18) Using 3 of 3 workers for init marking
[64.180s][info][gc,ref      ] GC(18) Clearing All SoftReferences
[64.180s][info][gc,ergo     ] GC(18) Pacer for Mark. Expected Live: 7232K, Free: 7759M, Non-Taxable: 775M, Alloc Tax Rate: 0.0x
[64.180s][info][gc          ] GC(18) Pause Init Mark (unload classes) 0.153ms
[64.180s][info][gc,start    ] GC(18) Concurrent marking roots
[64.180s][info][gc,task     ] GC(18) Using 1 of 3 workers for concurrent marking roots
[64.182s][info][gc          ] GC(18) Concurrent marking roots 1.282ms
[64.182s][info][gc,start    ] GC(18) Concurrent marking (unload classes)
[64.182s][info][gc,task     ] GC(18) Using 1 of 3 workers for concurrent marking
[64.186s][info][gc          ] GC(18) Concurrent marking (unload classes) 4.898ms
[64.187s][info][gc,start    ] GC(18) Pause Final Mark (unload classes)
[64.187s][info][gc,task     ] GC(18) Using 3 of 3 workers for final marking
[64.187s][info][gc,ergo     ] GC(18) Adaptive CSet Selection. Target Free: 1160M, Actual Free: 8143M, Max CSet: 341M, Min Garbage: 0B
[64.187s][info][gc,ergo     ] GC(18) Collectable Garbage: 12280K (91%), Immediate: 4088K (30%), CSet: 8191K (61%)
[64.187s][info][gc,ergo     ] GC(18) Pacer for Evacuation. Used CSet: 8192K, Free: 7763M, Non-Taxable: 776M, Alloc Tax Rate: 1.1x
[64.187s][info][gc          ] GC(18) Pause Final Mark (unload classes) 0.440ms
[64.187s][info][gc,start    ] GC(18) Concurrent thread roots
[64.187s][info][gc,task     ] GC(18) Using 1 of 3 workers for Concurrent thread roots
[64.189s][info][gc          ] GC(18) Concurrent thread roots 2.147ms
[64.189s][info][gc,start    ] GC(18) Concurrent weak references
[64.189s][info][gc,task     ] GC(18) Using 1 of 3 workers for concurrent weak references
[64.189s][info][gc,ref      ] GC(18) Encountered references: Soft: 141, Weak: 857, Final: 9, Phantom: 653
[64.189s][info][gc,ref      ] GC(18) Discovered  references: Soft: 89, Weak: 492, Final: 7, Phantom: 580
[64.189s][info][gc,ref      ] GC(18) Enqueued    references: Soft: 0, Weak: 0, Final: 0, Phantom: 6
[64.189s][info][gc          ] GC(18) Concurrent weak references 0.192ms
[64.189s][info][gc,start    ] GC(18) Concurrent weak roots
[64.189s][info][gc,task     ] GC(18) Using 1 of 3 workers for concurrent weak root
[64.191s][info][gc          ] GC(18) Concurrent weak roots 1.384ms
[64.191s][info][gc,start    ] GC(18) Concurrent cleanup
[64.191s][info][gc          ] GC(18) Concurrent cleanup 20M->16M(8192M) 0.027ms
[64.191s][info][gc,ergo     ] GC(18) Free: 7763M, Max: 4096K regular, 7692M humongous, Frag: 1% external, 0% internal; Reserve: 411M, Max: 4096K
[64.191s][info][gc,start    ] GC(18) Concurrent class unloading
[64.191s][info][gc,task     ] GC(18) Using 1 of 3 workers for concurrent class unloading
[64.195s][info][gc          ] GC(18) Concurrent class unloading 3.936ms
[64.195s][info][gc,start    ] GC(18) Concurrent strong roots
[64.195s][info][gc,task     ] GC(18) Using 1 of 3 workers for concurrent strong root
[64.195s][info][gc          ] GC(18) Concurrent strong roots 0.180ms
[64.195s][info][gc,start    ] GC(18) Concurrent evacuation
[64.195s][info][gc,task     ] GC(18) Using 1 of 3 workers for concurrent evacuation
[64.195s][info][gc          ] GC(18) Concurrent evacuation 0.147ms
[64.195s][info][gc,start    ] GC(18) Pause Init Update Refs
[64.195s][info][gc,ergo     ] GC(18) Pacer for Update Refs. Used: 16426K, Free: 7763M, Non-Taxable: 776M, Alloc Tax Rate: 1.1x
[64.195s][info][gc          ] GC(18) Pause Init Update Refs 0.073ms
[64.195s][info][gc,start    ] GC(18) Concurrent update references
[64.196s][info][gc,task     ] GC(18) Using 1 of 3 workers for concurrent reference update
[64.198s][info][gc          ] GC(18) Concurrent update references 2.252ms
[64.198s][info][gc,start    ] GC(18) Concurrent update thread roots
[64.200s][info][gc          ] GC(18) Concurrent update thread roots 2.291ms
[64.200s][info][gc,start    ] GC(18) Pause Final Update Refs
[64.200s][info][gc,task     ] GC(18) Using 3 of 3 workers for final reference update
[64.201s][info][gc          ] GC(18) Pause Final Update Refs 0.356ms
[64.201s][info][gc,start    ] GC(18) Concurrent cleanup
[64.201s][info][gc          ] GC(18) Concurrent cleanup 16M->8M(8192M) 0.075ms
[64.201s][info][gc,ergo     ] Free: 7771M, Max: 4096K regular, 7736M humongous, Frag: 0% external, 0% internal; Reserve: 412M, Max: 4096K
[64.201s][info][gc,stats    ] 
[64.201s][info][gc,stats    ] All times are wall-clock times, except per-root-class counters, that are sum over
[64.201s][info][gc,stats    ] all workers. Dividing the <total> over the root stage time estimates parallelism.
[64.201s][info][gc,stats    ] 
[64.201s][info][gc,stats    ] Concurrent Reset                    287 us
[64.201s][info][gc,stats    ] Pause Init Mark (G)                 236 us
[64.201s][info][gc,stats    ] Pause Init Mark (N)                 162 us
[64.201s][info][gc,stats    ]   Update Region States               68 us
[64.201s][info][gc,stats    ] Concurrent Mark Roots              1302 us, parallelism: 0.91x
[64.201s][info][gc,stats    ]   CMR: <total>                     1185 us
[64.201s][info][gc,stats    ]   CMR: Thread Roots                1122 us, workers (us): 1122, ---, ---, 
[64.201s][info][gc,stats    ]   CMR: VM Strong Roots               13 us, workers (us):  13, ---, ---, 
[64.201s][info][gc,stats    ]   CMR: CLDG Roots                    49 us, workers (us):  49, ---, ---, 
[64.201s][info][gc,stats    ] Concurrent Marking                 4949 us
[64.201s][info][gc,stats    ] Pause Final Mark (G)                580 us
[64.201s][info][gc,stats    ] Pause Final Mark (N)                457 us
[64.201s][info][gc,stats    ]   Finish Mark                       122 us
[64.201s][info][gc,stats    ]   Update Region States              107 us
[64.201s][info][gc,stats    ]   Choose Collection Set              81 us
[64.201s][info][gc,stats    ]   Rebuild Free Set                   17 us
[64.201s][info][gc,stats    ] Concurrent Thread Roots            2168 us, parallelism: 0.92x
[64.201s][info][gc,stats    ]   CTR: <total>                     1989 us
[64.201s][info][gc,stats    ]   CTR: Thread Roots                1989 us, workers (us): 1989, ---, ---, 
[64.201s][info][gc,stats    ] Concurrent Weak References          200 us, parallelism: 0.23x
[64.201s][info][gc,stats    ]   CWRF: <total>                      45 us
[64.201s][info][gc,stats    ]   CWRF: Weak References              45 us, workers (us):  45, ---, ---, 
[64.201s][info][gc,stats    ] Concurrent Weak Roots              1433 us
[64.201s][info][gc,stats    ]   Roots                            1206 us, parallelism: 0.88x
[64.201s][info][gc,stats    ]     CWR: <total>                   1055 us
[64.201s][info][gc,stats    ]     CWR: Code Cache Roots           855 us, workers (us): 855, ---, ---, 
[64.201s][info][gc,stats    ]     CWR: VM Weak Roots              194 us, workers (us): 194, ---, ---, 
[64.201s][info][gc,stats    ]     CWR: CLDG Roots                   6 us, workers (us):   6, ---, ---, 
[64.201s][info][gc,stats    ]   Rendezvous                        157 us
[64.201s][info][gc,stats    ] Concurrent Cleanup                   36 us
[64.201s][info][gc,stats    ] Concurrent Class Unloading         4006 us
[64.201s][info][gc,stats    ]   Unlink Stale                     3463 us
[64.201s][info][gc,stats    ]     System Dictionary                 6 us
[64.201s][info][gc,stats    ]     Weak Class Links                  0 us
[64.201s][info][gc,stats    ]     Code Roots                     3454 us
[64.201s][info][gc,stats    ]   Rendezvous                        188 us
[64.201s][info][gc,stats    ]   Purge Unlinked                    263 us
[64.201s][info][gc,stats    ]     Code Roots                      251 us
[64.201s][info][gc,stats    ]     CLDG                             12 us
[64.201s][info][gc,stats    ]     Exception Caches                  0 us
[64.201s][info][gc,stats    ] Concurrent Strong Roots             219 us, parallelism: 0.22x
[64.201s][info][gc,stats    ]   CSR: <total>                       49 us
[64.201s][info][gc,stats    ]   CSR: VM Strong Roots                4 us, workers (us):   4, ---, ---, 
[64.201s][info][gc,stats    ]   CSR: CLDG Roots                    45 us, workers (us):  45, ---, ---, 
[64.201s][info][gc,stats    ] Concurrent Evacuation               171 us
[64.201s][info][gc,stats    ] Pause Init Update Refs (G)          174 us
[64.201s][info][gc,stats    ] Pause Init Update Refs (N)           90 us
[64.201s][info][gc,stats    ]   Manage GCLABs                       3 us
[64.201s][info][gc,stats    ] Concurrent Update Refs             2291 us
[64.201s][info][gc,stats    ] Concurrent Update Thread Roots     2342 us
[64.201s][info][gc,stats    ] Pause Final Update Refs (G)         506 us
[64.201s][info][gc,stats    ] Pause Final Update Refs (N)         376 us
[64.201s][info][gc,stats    ]   Update Region States              276 us
[64.201s][info][gc,stats    ]   Trash Collection Set                3 us
[64.201s][info][gc,stats    ]   Rebuild Free Set                   13 us
[64.201s][info][gc,stats    ] Concurrent Cleanup                  102 us
[64.201s][info][gc,stats    ] 
[64.202s][info][gc,stats    ] Allocation pacing accrued:
[64.202s][info][gc,stats    ]       0 of    26 ms (  0.0%): <total>
[64.202s][info][gc,stats    ]       0 of    26 ms (  0.0%): <average total>
[64.202s][info][gc,stats    ] 
[64.202s][info][gc,metaspace] Metaspace: 14408K(14592K)->14411K(14592K) NonClass: 12849K(12928K)->12852K(12928K) Class: 1559K(1664K)->1559K(1664K)
[64.202s][info][gc,ergo     ] Pacer for Idle. Initial: 163M, Alloc Tax Rate: 1.0x
[71.105s][info][gc          ] Trigger: Explicit GC request (System.gc())
[71.105s][info][gc,ergo     ] Free: 7723M, Max: 4096K regular, 7688M humongous, Frag: 0% external, 0% internal; Reserve: 412M, Max: 4096K
[71.105s][info][gc,start    ] GC(19) Concurrent reset
[71.105s][info][gc,task     ] GC(19) Using 1 of 3 workers for concurrent reset
[71.105s][info][gc,ergo     ] GC(19) Pacer for Reset. Non-Taxable: 8192M
[71.105s][info][gc          ] GC(19) Concurrent reset 0.200ms
[71.105s][info][gc,start    ] GC(19) Pause Init Mark (unload classes)
[71.105s][info][gc,task     ] GC(19) Using 3 of 3 workers for init marking
[71.105s][info][gc,ref      ] GC(19) Clearing All SoftReferences
[71.105s][info][gc,ergo     ] GC(19) Pacer for Mark. Expected Live: 7196K, Free: 7723M, Non-Taxable: 772M, Alloc Tax Rate: 0.0x
[71.105s][info][gc          ] GC(19) Pause Init Mark (unload classes) 0.132ms
[71.105s][info][gc,start    ] GC(19) Concurrent marking roots
[71.105s][info][gc,task     ] GC(19) Using 1 of 3 workers for concurrent marking roots
[71.107s][info][gc          ] GC(19) Concurrent marking roots 1.795ms
[71.107s][info][gc,start    ] GC(19) Concurrent marking (unload classes)
[71.107s][info][gc,task     ] GC(19) Using 1 of 3 workers for concurrent marking
[71.112s][info][gc          ] GC(19) Concurrent marking (unload classes) 5.244ms
[71.113s][info][gc,start    ] GC(19) Pause Final Mark (unload classes)
[71.113s][info][gc,task     ] GC(19) Using 3 of 3 workers for final marking
[71.113s][info][gc,ergo     ] GC(19) Adaptive CSet Selection. Target Free: 1160M, Actual Free: 8112M, Max CSet: 341M, Min Garbage: 0B
[71.113s][info][gc,ergo     ] GC(19) Collectable Garbage: 49812K (99%), Immediate: 12288K (24%), CSet: 37524K (74%)
[71.113s][info][gc,ergo     ] GC(19) Pacer for Evacuation. Used CSet: 40951K, Free: 7735M, Non-Taxable: 773M, Alloc Tax Rate: 1.1x
[71.113s][info][gc          ] GC(19) Pause Final Mark (unload classes) 0.393ms
[71.113s][info][gc,start    ] GC(19) Concurrent thread roots
[71.113s][info][gc,task     ] GC(19) Using 1 of 3 workers for Concurrent thread roots
[71.114s][info][gc          ] GC(19) Concurrent thread roots 1.257ms
[71.114s][info][gc,start    ] GC(19) Concurrent weak references
[71.114s][info][gc,task     ] GC(19) Using 1 of 3 workers for concurrent weak references
[71.114s][info][gc,ref      ] GC(19) Encountered references: Soft: 461, Weak: 876, Final: 10, Phantom: 1490
[71.114s][info][gc,ref      ] GC(19) Discovered  references: Soft: 408, Weak: 497, Final: 8, Phantom: 1417
[71.115s][info][gc,ref      ] GC(19) Enqueued    references: Soft: 319, Weak: 3, Final: 1, Phantom: 833
[71.115s][info][gc          ] GC(19) Concurrent weak references 0.270ms
[71.115s][info][gc,start    ] GC(19) Concurrent weak roots
[71.115s][info][gc,task     ] GC(19) Using 1 of 3 workers for concurrent weak root
[71.116s][info][gc          ] GC(19) Concurrent weak roots 1.538ms
[71.116s][info][gc,start    ] GC(19) Concurrent cleanup
[71.116s][info][gc          ] GC(19) Concurrent cleanup 60M->48M(8192M) 0.023ms
[71.116s][info][gc,ergo     ] GC(19) Free: 7731M, Max: 4096K regular, 7684M humongous, Frag: 1% external, 0% internal; Reserve: 411M, Max: 4096K
[71.116s][info][gc,start    ] GC(19) Concurrent class unloading
[71.116s][info][gc,task     ] GC(19) Using 1 of 3 workers for concurrent class unloading
[71.123s][info][gc          ] GC(19) Concurrent class unloading 6.826ms
[71.123s][info][gc,start    ] GC(19) Concurrent strong roots
[71.123s][info][gc,task     ] GC(19) Using 1 of 3 workers for concurrent strong root
[71.123s][info][gc          ] GC(19) Concurrent strong roots 0.389ms
[71.123s][info][gc,start    ] GC(19) Concurrent evacuation
[71.123s][info][gc,task     ] GC(19) Using 1 of 3 workers for concurrent evacuation
[71.126s][info][gc          ] GC(19) Concurrent evacuation 2.216ms
[71.126s][info][gc,start    ] GC(19) Pause Init Update Refs
[71.126s][info][gc,ergo     ] GC(19) Pacer for Update Refs. Used: 53262K, Free: 7731M, Non-Taxable: 773M, Alloc Tax Rate: 1.1x
[71.126s][info][gc          ] GC(19) Pause Init Update Refs 0.108ms
[71.126s][info][gc,start    ] GC(19) Concurrent update references
[71.126s][info][gc,task     ] GC(19) Using 1 of 3 workers for concurrent reference update
[71.129s][info][gc          ] GC(19) Concurrent update references 2.566ms
[71.129s][info][gc,start    ] GC(19) Concurrent update thread roots
[71.131s][info][gc          ] GC(19) Concurrent update thread roots 2.322ms
[71.131s][info][gc,start    ] GC(19) Pause Final Update Refs
[71.131s][info][gc,task     ] GC(19) Using 3 of 3 workers for final reference update
[71.131s][info][gc          ] GC(19) Pause Final Update Refs 0.132ms
[71.131s][info][gc,start    ] GC(19) Concurrent cleanup
[71.131s][info][gc          ] GC(19) Concurrent cleanup 52M->12M(8192M) 0.058ms
[71.131s][info][gc,ergo     ] Free: 7767M, Max: 4096K regular, 7684M humongous, Frag: 1% external, 0% internal; Reserve: 412M, Max: 4096K
[71.131s][info][gc,stats    ] 
[71.131s][info][gc,stats    ] All times are wall-clock times, except per-root-class counters, that are sum over
[71.132s][info][gc,stats    ] all workers. Dividing the <total> over the root stage time estimates parallelism.
[71.132s][info][gc,stats    ] 
[71.132s][info][gc,stats    ] Concurrent Reset                    229 us
[71.132s][info][gc,stats    ] Pause Init Mark (G)                 216 us
[71.132s][info][gc,stats    ] Pause Init Mark (N)                 140 us
[71.132s][info][gc,stats    ]   Update Region States               64 us
[71.132s][info][gc,stats    ] Concurrent Mark Roots              1808 us, parallelism: 0.96x
[71.132s][info][gc,stats    ]   CMR: <total>                     1738 us
[71.132s][info][gc,stats    ]   CMR: Thread Roots                1693 us, workers (us): 1693, ---, ---, 
[71.132s][info][gc,stats    ]   CMR: VM Strong Roots                4 us, workers (us):   4, ---, ---, 
[71.132s][info][gc,stats    ]   CMR: CLDG Roots                    42 us, workers (us):  42, ---, ---, 
[71.132s][info][gc,stats    ] Concurrent Marking                 5315 us
[71.132s][info][gc,stats    ] Pause Final Mark (G)                519 us
[71.132s][info][gc,stats    ] Pause Final Mark (N)                401 us
[71.132s][info][gc,stats    ]   Finish Mark                       163 us
[71.132s][info][gc,stats    ]   Update Region States               85 us
[71.132s][info][gc,stats    ]   Choose Collection Set              46 us
[71.132s][info][gc,stats    ]   Rebuild Free Set                    8 us
[71.132s][info][gc,stats    ] Concurrent Thread Roots            1278 us, parallelism: 0.90x
[71.132s][info][gc,stats    ]   CTR: <total>                     1148 us
[71.132s][info][gc,stats    ]   CTR: Thread Roots                1148 us, workers (us): 1148, ---, ---, 
[71.132s][info][gc,stats    ] Concurrent Weak References          278 us, parallelism: 0.61x
[71.132s][info][gc,stats    ]   CWRF: <total>                     168 us
[71.132s][info][gc,stats    ]   CWRF: Weak References             168 us, workers (us): 168, ---, ---, 
[71.132s][info][gc,stats    ] Concurrent Weak Roots              1564 us
[71.132s][info][gc,stats    ]   Roots                            1361 us, parallelism: 0.95x
[71.132s][info][gc,stats    ]     CWR: <total>                   1289 us
[71.132s][info][gc,stats    ]     CWR: Code Cache Roots           836 us, workers (us): 836, ---, ---, 
[71.132s][info][gc,stats    ]     CWR: VM Weak Roots              447 us, workers (us): 447, ---, ---, 
[71.132s][info][gc,stats    ]     CWR: CLDG Roots                   6 us, workers (us):   6, ---, ---, 
[71.132s][info][gc,stats    ]   Rendezvous                        153 us
[71.132s][info][gc,stats    ] Concurrent Cleanup                   31 us
[71.132s][info][gc,stats    ] Concurrent Class Unloading         6892 us
[71.132s][info][gc,stats    ]   Unlink Stale                     6304 us
[71.132s][info][gc,stats    ]     System Dictionary                71 us
[71.132s][info][gc,stats    ]     Weak Class Links               2142 us
[71.132s][info][gc,stats    ]     Code Roots                     4088 us
[71.132s][info][gc,stats    ]   Rendezvous                        207 us
[71.132s][info][gc,stats    ]   Purge Unlinked                    296 us
[71.132s][info][gc,stats    ]     Code Roots                      256 us
[71.132s][info][gc,stats    ]     CLDG                             38 us
[71.132s][info][gc,stats    ]     Exception Caches                  0 us
[71.132s][info][gc,stats    ] Concurrent Strong Roots             428 us, parallelism: 0.60x
[71.132s][info][gc,stats    ]   CSR: <total>                      256 us
[71.132s][info][gc,stats    ]   CSR: VM Strong Roots                9 us, workers (us):   9, ---, ---, 
[71.132s][info][gc,stats    ]   CSR: CLDG Roots                   247 us, workers (us): 247, ---, ---, 
[71.132s][info][gc,stats    ] Concurrent Evacuation              2286 us
[71.132s][info][gc,stats    ] Pause Init Update Refs (G)          338 us
[71.132s][info][gc,stats    ] Pause Init Update Refs (N)          129 us
[71.132s][info][gc,stats    ]   Manage GCLABs                       5 us
[71.132s][info][gc,stats    ] Concurrent Update Refs             2638 us
[71.132s][info][gc,stats    ] Concurrent Update Thread Roots     2342 us
[71.132s][info][gc,stats    ] Pause Final Update Refs (G)         252 us
[71.132s][info][gc,stats    ] Pause Final Update Refs (N)         171 us
[71.132s][info][gc,stats    ]   Update Region States               66 us
[71.132s][info][gc,stats    ]   Trash Collection Set                5 us
[71.132s][info][gc,stats    ]   Rebuild Free Set                   26 us
[71.132s][info][gc,stats    ] Concurrent Cleanup                   79 us
[71.132s][info][gc,stats    ] 
[71.132s][info][gc,stats    ] Allocation pacing accrued:
[71.132s][info][gc,stats    ]       0 of  6931 ms (  0.0%): <total>
[71.132s][info][gc,stats    ]       0 of  6931 ms (  0.0%): <average total>
[71.132s][info][gc,stats    ] 
[71.132s][info][gc,metaspace] Metaspace: 14456K(14720K)->14443K(14720K) NonClass: 12895K(13056K)->12884K(13056K) Class: 1560K(1664K)->1559K(1664K)
[71.132s][info][gc,ergo     ] Pacer for Idle. Initial: 163M, Alloc Tax Rate: 1.0x
[71.244s][info][gc          ] Cancelling GC: Stopping VM
[71.259s][info][gc,heap,exit] Heap
[71.260s][info][gc,heap,exit] Shenandoah Heap
[71.260s][info][gc,heap,exit]  8192M max, 8192M soft max, 8192M committed, 28676K used
[71.260s][info][gc,heap,exit]  2048 x 4096K regions
[71.260s][info][gc,heap,exit] Status: cancelled
[71.260s][info][gc,heap,exit] Reserved region:
[71.260s][info][gc,heap,exit]  - [0x0000000600000000, 0x0000000800000000) 
[71.260s][info][gc,heap,exit] Collection set:
[71.260s][info][gc,heap,exit]  - map (vanilla): 0x0000000000011800
[71.260s][info][gc,heap,exit]  - map (biased):  0x0000000000010000
[71.260s][info][gc,heap,exit] 
[71.260s][info][gc,heap,exit]  Metaspace       used 14449K, committed 14720K, reserved 1114112K
[71.260s][info][gc,heap,exit]   class space    used 1559K, committed 1664K, reserved 1048576K
[71.260s][info][gc,stats    ] 
[71.260s][info][gc,stats    ] GC STATISTICS:
[71.260s][info][gc,stats    ]   "(G)" (gross) pauses include VM time: time to notify and block threads, do the pre-
[71.260s][info][gc,stats    ]         and post-safepoint housekeeping. Use -Xlog:safepoint+stats to dissect.
[71.260s][info][gc,stats    ]   "(N)" (net) pauses are the times spent in the actual GC code.
[71.260s][info][gc,stats    ]   "a" is average time for each phase, look at levels to see if average makes sense.
[71.260s][info][gc,stats    ]   "lvls" are quantiles: 0% (minimum), 25%, 50% (median), 75%, 100% (maximum).
[71.260s][info][gc,stats    ] 
[71.260s][info][gc,stats    ]   All times are wall-clock times, except per-root-class counters, that are sum over
[71.260s][info][gc,stats    ]   all workers. Dividing the <total> over the root stage time estimates parallelism.
[71.260s][info][gc,stats    ] 
[71.260s][info][gc,stats    ]   Pacing delays are measured from entering the pacing code till exiting it. Therefore,
[71.260s][info][gc,stats    ]   observed pacing delays may be higher than the threshold when paced thread spent more
[71.260s][info][gc,stats    ]   time in the pacing code. It usually happens when thread is de-scheduled while paced,
[71.260s][info][gc,stats    ]   OS takes longer to unblock the thread, or JVM experiences an STW pause.
[71.260s][info][gc,stats    ] 
[71.260s][info][gc,stats    ]   Higher delay would prevent application outpacing the GC, but it will hide the GC latencies
[71.260s][info][gc,stats    ]   from the STW pause times. Pacing affects the individual threads, and so it would also be
[71.260s][info][gc,stats    ]   invisible to the usual profiling tools, but would add up to end-to-end application latency.
[71.260s][info][gc,stats    ]   Raise max pacing delay with care.
[71.260s][info][gc,stats    ] 
[71.260s][info][gc,stats    ] Concurrent Reset               =    0.008 s (a =      395 us) (n =    20) (lvls, us =      111,      246,      373,      490,      917)
[71.260s][info][gc,stats    ] Pause Init Mark (G)            =    0.008 s (a =      398 us) (n =    20) (lvls, us =      215,      303,      352,      453,      728)
[71.260s][info][gc,stats    ] Pause Init Mark (N)            =    0.005 s (a =      262 us) (n =    20) (lvls, us =      139,      197,      225,      305,      491)
[71.260s][info][gc,stats    ]   Update Region States         =    0.002 s (a =       88 us) (n =    20) (lvls, us =       64,       71,       82,       91,      156)
[71.260s][info][gc,stats    ] Concurrent Mark Roots          =    0.024 s (a =     1202 us) (n =    20) (lvls, us =      461,      885,     1191,     1328,     1808)
[71.260s][info][gc,stats    ]   CMR: <total>                 =    0.021 s (a =     1061 us) (n =    20) (lvls, us =      312,      725,     1035,     1191,     1738)
[71.260s][info][gc,stats    ]   CMR: Thread Roots            =    0.019 s (a =      975 us) (n =    20) (lvls, us =      221,      680,      961,     1133,     1693)
[71.260s][info][gc,stats    ]   CMR: VM Strong Roots         =    0.000 s (a =       14 us) (n =    20) (lvls, us =        4,        6,       13,       20,       29)
[71.260s][info][gc,stats    ]   CMR: CLDG Roots              =    0.001 s (a =       73 us) (n =    20) (lvls, us =       41,       49,       70,       83,      167)
[71.260s][info][gc,stats    ] Concurrent Marking             =    0.107 s (a =     5361 us) (n =    20) (lvls, us =     3281,     5215,     5332,     5586,     6133)
[71.260s][info][gc,stats    ] Pause Final Mark (G)           =    0.013 s (a =      634 us) (n =    20) (lvls, us =      297,      512,      643,      775,      999)
[71.260s][info][gc,stats    ] Pause Final Mark (N)           =    0.010 s (a =      524 us) (n =    20) (lvls, us =      197,      400,      537,      645,      893)
[71.260s][info][gc,stats    ]   Finish Mark                  =    0.004 s (a =      200 us) (n =    20) (lvls, us =       53,      104,      162,      197,      516)
[71.260s][info][gc,stats    ]   Update Region States         =    0.002 s (a =      103 us) (n =    20) (lvls, us =       32,       68,      105,      121,      250)
[71.260s][info][gc,stats    ]   Choose Collection Set        =    0.002 s (a =       82 us) (n =    20) (lvls, us =       34,       53,       82,      102,      118)
[71.260s][info][gc,stats    ]   Rebuild Free Set             =    0.000 s (a =       17 us) (n =    20) (lvls, us =        7,       10,       17,       21,       22)
[71.260s][info][gc,stats    ] Concurrent Thread Roots        =    0.023 s (a =     1155 us) (n =    20) (lvls, us =      609,      848,      986,     1270,     2168)
[71.260s][info][gc,stats    ]   CTR: <total>                 =    0.020 s (a =      993 us) (n =    20) (lvls, us =      475,      689,      859,     1055,     1989)
[71.260s][info][gc,stats    ]   CTR: Thread Roots            =    0.020 s (a =      993 us) (n =    20) (lvls, us =      475,      689,      859,     1055,     1989)
[71.260s][info][gc,stats    ] Concurrent Weak References     =    0.006 s (a =      283 us) (n =    20) (lvls, us =      141,      191,      273,      355,      558)
[71.260s][info][gc,stats    ]   CWRF: <total>                =    0.003 s (a =      132 us) (n =    20) (lvls, us =       25,       38,      123,      191,      282)
[71.260s][info][gc,stats    ]   CWRF: Weak References        =    0.003 s (a =      132 us) (n =    20) (lvls, us =       25,       38,      123,      191,      282)
[71.260s][info][gc,stats    ] Concurrent Weak Roots          =    0.028 s (a =     1415 us) (n =    20) (lvls, us =      508,      896,     1211,     1562,     3380)
[71.260s][info][gc,stats    ]   Roots                        =    0.021 s (a =     1068 us) (n =    20) (lvls, us =      383,      779,     1074,     1230,     1564)
[71.260s][info][gc,stats    ]     CWR: <total>               =    0.019 s (a =      965 us) (n =    20) (lvls, us =      342,      713,      996,     1113,     1476)
[71.260s][info][gc,stats    ]     CWR: Code Cache Roots      =    0.014 s (a =      685 us) (n =    20) (lvls, us =      166,      547,      705,      811,     1063)
[71.260s][info][gc,stats    ]     CWR: VM Weak Roots         =    0.005 s (a =      274 us) (n =    20) (lvls, us =      100,      104,      193,      404,      555)
[71.260s][info][gc,stats    ]     CWR: CLDG Roots            =    0.000 s (a =        5 us) (n =    20) (lvls, us =        2,        4,        4,        6,       13)
[71.260s][info][gc,stats    ]   Rendezvous                   =    0.004 s (a =      186 us) (n =    20) (lvls, us =       60,       77,      104,      156,      855)
[71.260s][info][gc,stats    ] Concurrent Cleanup             =    0.001 s (a =       42 us) (n =    20) (lvls, us =       23,       31,       35,       48,      131)
[71.260s][info][gc,stats    ] Concurrent Class Unloading     =    0.098 s (a =     4882 us) (n =    20) (lvls, us =     1621,     3379,     4531,     6445,     6892)
[71.260s][info][gc,stats    ]   Unlink Stale                 =    0.088 s (a =     4404 us) (n =    20) (lvls, us =     1445,     2891,     3945,     5859,     6304)
[71.260s][info][gc,stats    ]     System Dictionary          =    0.001 s (a =       58 us) (n =    20) (lvls, us =        4,        6,       71,       81,      148)
[71.260s][info][gc,stats    ]     Weak Class Links           =    0.023 s (a =     1141 us) (n =    20) (lvls, us =        0,        0,      602,     2207,     2517)
[71.260s][info][gc,stats    ]     Code Roots                 =    0.064 s (a =     3203 us) (n =    20) (lvls, us =      777,     2871,     3398,     3691,     4088)
[71.260s][info][gc,stats    ]   Rendezvous                   =    0.003 s (a =      151 us) (n =    20) (lvls, us =       33,       70,      131,      205,      249)
[71.260s][info][gc,stats    ]   Purge Unlinked               =    0.005 s (a =      233 us) (n =    20) (lvls, us =       73,      178,      229,      271,      364)
[71.260s][info][gc,stats    ]     Code Roots                 =    0.004 s (a =      203 us) (n =    20) (lvls, us =       40,      154,      197,      250,      333)
[71.260s][info][gc,stats    ]     CLDG                       =    0.001 s (a =       30 us) (n =    20) (lvls, us =        6,       11,       27,       38,       77)
[71.260s][info][gc,stats    ]     Exception Caches           =    0.000 s (a =        0 us) (n =    20) (lvls, us =        0,        0,        0,        0,        0)
[71.260s][info][gc,stats    ] Concurrent Strong Roots        =    0.005 s (a =      267 us) (n =    20) (lvls, us =      143,      197,      232,      324,      451)
[71.260s][info][gc,stats    ]   CSR: <total>                 =    0.002 s (a =      124 us) (n =    20) (lvls, us =       33,       50,      109,      174,      282)
[71.260s][info][gc,stats    ]   CSR: VM Strong Roots         =    0.000 s (a =        6 us) (n =    20) (lvls, us =        3,        4,        5,        7,       11)
[71.260s][info][gc,stats    ]   CSR: CLDG Roots              =    0.002 s (a =      118 us) (n =    20) (lvls, us =       30,       46,      105,      168,      270)
[71.260s][info][gc,stats    ] Concurrent Evacuation          =    0.024 s (a =     1178 us) (n =    20) (lvls, us =      100,      146,     1680,     1758,     2999)
[71.261s][info][gc,stats    ] Pause Init Update Refs (G)     =    0.004 s (a =      198 us) (n =    20) (lvls, us =      107,      131,      191,      225,      338)
[71.261s][info][gc,stats    ] Pause Init Update Refs (N)     =    0.002 s (a =       93 us) (n =    20) (lvls, us =       54,       63,      100,      115,      134)
[71.261s][info][gc,stats    ]   Manage GCLABs                =    0.000 s (a =        4 us) (n =    20) (lvls, us =        2,        2,        3,        4,       10)
[71.261s][info][gc,stats    ] Concurrent Update Refs         =    0.054 s (a =     2704 us) (n =    20) (lvls, us =     1641,     2344,     2617,     2891,     3495)
[71.261s][info][gc,stats    ] Concurrent Update Thread Roots =    0.029 s (a =     1452 us) (n =    20) (lvls, us =      334,      875,     1426,     1973,     2629)
[71.261s][info][gc,stats    ] Pause Final Update Refs (G)    =    0.008 s (a =      390 us) (n =    20) (lvls, us =      160,      227,      293,      488,      897)
[71.261s][info][gc,stats    ] Pause Final Update Refs (N)    =    0.006 s (a =      304 us) (n =    20) (lvls, us =      105,      150,      195,      375,      777)
[71.261s][info][gc,stats    ]   Update Region States         =    0.004 s (a =      192 us) (n =    20) (lvls, us =       60,       69,      107,      254,      659)
[71.261s][info][gc,stats    ]   Trash Collection Set         =    0.000 s (a =        3 us) (n =    20) (lvls, us =        1,        2,        3,        4,        7)
[71.261s][info][gc,stats    ]   Rebuild Free Set             =    0.000 s (a =       17 us) (n =    20) (lvls, us =        8,       12,       17,       20,       30)
[71.261s][info][gc,stats    ] Concurrent Cleanup             =    0.001 s (a =       71 us) (n =    20) (lvls, us =       37,       44,       75,       79,      108)
[71.261s][info][gc,stats    ] 
[71.261s][info][gc,stats    ] 
[71.261s][info][gc,stats    ] Under allocation pressure, concurrent cycles may cancel, and either continue cycle
[71.261s][info][gc,stats    ] under stop-the-world pause or result in stop-the-world Full GC. Increase heap size,
[71.261s][info][gc,stats    ] tune GC heuristics, set more aggressive pacing delay, or lower allocation rate
[71.261s][info][gc,stats    ] to avoid Degenerated and Full GC cycles.
[71.261s][info][gc,stats    ] 
[71.261s][info][gc,stats    ]    20 successful concurrent GCs
[71.261s][info][gc,stats    ]      20 invoked explicitly
[71.261s][info][gc,stats    ]       0 invoked implicitly
[71.261s][info][gc,stats    ] 
[71.261s][info][gc,stats    ]     0 Degenerated GCs
[71.261s][info][gc,stats    ]       0 caused by allocation failure
[71.261s][info][gc,stats    ]       0 upgraded to Full GC
[71.261s][info][gc,stats    ] 
[71.261s][info][gc,stats    ]     0 Full GCs
[71.261s][info][gc,stats    ]       0 invoked explicitly
[71.261s][info][gc,stats    ]       0 invoked implicitly
[71.261s][info][gc,stats    ]       0 caused by allocation failure
[71.261s][info][gc,stats    ]       0 upgraded from Degenerated GC
[71.261s][info][gc,stats    ] 
[71.261s][info][gc,stats    ] 
