OpenJDK 64-Bit Server VM (25.422-b05) for windows-amd64 JRE (1.8.0_422-422-b05), built on Jul 18 2024 05:34:18 by "Administrator" with MS VC++ 16.10 / 16.11 (VS2019)
Memory: 4k page, physical 15965620k(11074120k free), swap 17014196k(11212584k free)
CommandLine flags: -XX:InitialHeapSize=1073741824 -XX:MaxHeapSize=1073741824 -XX:+PrintGC -XX:+PrintGCApplicationConcurrentTime -XX:+PrintGCApplicationStoppedTime -XX:+PrintGCDateStamps -XX:+PrintGCDetails -XX:+PrintGCTimeStamps -XX:+UnlockExperimentalVMOptions -XX:+UseCompressedClassPointers -XX:+UseCompressedOops -XX:+UseG1GC -XX:-UseLargePagesIndividualAllocation 
2024-10-11T08:33:39.695+0300: 0.075: Application time: 0.0175259 seconds
2024-10-11T08:33:39.695+0300: 0.075: Total time for which application threads were stopped: 0.0000967 seconds, Stopping threads took: 0.0000358 seconds
2024-10-11T08:33:39.867+0300: 0.254: Application time: 0.1784061 seconds
2024-10-11T08:33:39.867+0300: 0.254: [Full GC (System.gc())  12288K->3705K(1024M), 0.0169869 secs]
   [Eden: 12288.0K(52224.0K)->0.0B(52224.0K) Survivors: 0.0B->0.0B Heap: 12288.0K(1024.0M)->3705.8K(1024.0M)], [Metaspace: 7077K->7077K(1056768K)]
 [Times: user=0.01 sys=0.00, real=0.03 secs] 
2024-10-11T08:33:39.899+0300: 0.271: Total time for which application threads were stopped: 0.0172227 seconds, Stopping threads took: 0.0000642 seconds
2024-10-11T08:33:39.899+0300: 0.271: Application time: 0.0000991 seconds
2024-10-11T08:33:39.899+0300: 0.271: [Full GC (System.gc())  3705K->3705K(1024M), 0.0112906 secs]
   [Eden: 0.0B(52224.0K)->0.0B(52224.0K) Survivors: 0.0B->0.0B Heap: 3705.8K(1024.0M)->3705.8K(1024.0M)], [Metaspace: 7077K->7077K(1056768K)]
 [Times: user=0.00 sys=0.00, real=0.00 secs] 
2024-10-11T08:33:39.899+0300: 0.283: Total time for which application threads were stopped: 0.0114474 seconds, Stopping threads took: 0.0000530 seconds
2024-10-11T08:33:39.914+0300: 0.299: Application time: 0.0164850 seconds
2024-10-11T08:33:39.914+0300: 0.299: Total time for which application threads were stopped: 0.0001534 seconds, Stopping threads took: 0.0000325 seconds
2024-10-11T08:33:39.930+0300: 0.303: Application time: 0.0038278 seconds
2024-10-11T08:33:39.930+0300: 0.303: Total time for which application threads were stopped: 0.0001729 seconds, Stopping threads took: 0.0000675 seconds
2024-10-11T08:33:40.370+0300: 0.752: Application time: 0.4486379 seconds
2024-10-11T08:33:40.370+0300: 0.752: [GC pause (G1 Evacuation Pause) (young), 0.0017352 secs]
   [Parallel Time: 1.0 ms, GC Workers: 6]
      [GC Worker Start (ms): Min: 752.4, Avg: 752.4, Max: 752.5, Diff: 0.1]
      [Ext Root Scanning (ms): Min: 0.4, Avg: 0.4, Max: 0.5, Diff: 0.1, Sum: 2.6]
      [Update RS (ms): Min: 0.0, Avg: 0.0, Max: 0.1, Diff: 0.1, Sum: 0.2]
         [Processed Buffers: Min: 0, Avg: 2.0, Max: 4, Diff: 4, Sum: 12]
      [Scan RS (ms): Min: 0.0, Avg: 0.0, Max: 0.0, Diff: 0.0, Sum: 0.0]
      [Code Root Scanning (ms): Min: 0.0, Avg: 0.0, Max: 0.1, Diff: 0.1, Sum: 0.2]
      [Object Copy (ms): Min: 0.3, Avg: 0.3, Max: 0.3, Diff: 0.1, Sum: 1.8]
      [Termination (ms): Min: 0.0, Avg: 0.0, Max: 0.1, Diff: 0.1, Sum: 0.2]
         [Termination Attempts: Min: 1, Avg: 1.0, Max: 1, Diff: 0, Sum: 6]
      [GC Worker Other (ms): Min: 0.0, Avg: 0.0, Max: 0.1, Diff: 0.0, Sum: 0.2]
      [GC Worker Total (ms): Min: 0.8, Avg: 0.9, Max: 0.9, Diff: 0.1, Sum: 5.3]
      [GC Worker End (ms): Min: 753.3, Avg: 753.3, Max: 753.3, Diff: 0.0]
   [Code Root Fixup: 0.0 ms]
   [Code Root Purge: 0.0 ms]
   [Clear CT: 0.1 ms]
   [Other: 0.6 ms]
      [Choose CSet: 0.0 ms]
      [Ref Proc: 0.2 ms]
      [Ref Enq: 0.0 ms]
      [Redirty Cards: 0.1 ms]
      [Humongous Register: 0.1 ms]
      [Humongous Reclaim: 0.0 ms]
      [Free CSet: 0.0 ms]
   [Eden: 52224.0K(52224.0K)->0.0B(612.0M) Survivors: 0.0B->2048.0K Heap: 55929.8K(1024.0M)->5690.9K(1024.0M)]
 [Times: user=0.00 sys=0.00, real=0.00 secs] 
2024-10-11T08:33:40.370+0300: 0.754: Total time for which application threads were stopped: 0.0022695 seconds, Stopping threads took: 0.0002460 seconds
2024-10-11T08:33:42.380+0300: 2.752: Application time: 1.9977912 seconds
2024-10-11T08:33:42.380+0300: 2.752: Total time for which application threads were stopped: 0.0002789 seconds, Stopping threads took: 0.0001925 seconds
2024-10-11T08:33:42.694+0300: 3.070: Application time: 0.3177419 seconds
2024-10-11T08:33:42.694+0300: 3.070: [GC pause (G1 Evacuation Pause) (young), 0.0020350 secs]
   [Parallel Time: 1.1 ms, GC Workers: 6]
      [GC Worker Start (ms): Min: 3070.3, Avg: 3070.5, Max: 3071.3, Diff: 1.0]
      [Ext Root Scanning (ms): Min: 0.0, Avg: 0.2, Max: 0.3, Diff: 0.3, Sum: 1.4]
      [Update RS (ms): Min: 0.0, Avg: 0.0, Max: 0.1, Diff: 0.1, Sum: 0.1]
         [Processed Buffers: Min: 0, Avg: 1.2, Max: 3, Diff: 3, Sum: 7]
      [Scan RS (ms): Min: 0.0, Avg: 0.1, Max: 0.1, Diff: 0.1, Sum: 0.5]
      [Code Root Scanning (ms): Min: 0.0, Avg: 0.0, Max: 0.2, Diff: 0.2, Sum: 0.2]
      [Object Copy (ms): Min: 0.0, Avg: 0.4, Max: 0.6, Diff: 0.6, Sum: 2.4]
      [Termination (ms): Min: 0.0, Avg: 0.0, Max: 0.1, Diff: 0.1, Sum: 0.3]
         [Termination Attempts: Min: 1, Avg: 1.0, Max: 1, Diff: 0, Sum: 6]
      [GC Worker Other (ms): Min: 0.0, Avg: 0.0, Max: 0.1, Diff: 0.0, Sum: 0.2]
      [GC Worker Total (ms): Min: 0.1, Avg: 0.9, Max: 1.1, Diff: 1.0, Sum: 5.2]
      [GC Worker End (ms): Min: 3071.3, Avg: 3071.3, Max: 3071.4, Diff: 0.0]
   [Code Root Fixup: 0.0 ms]
   [Code Root Purge: 0.0 ms]
   [Clear CT: 0.2 ms]
   [Other: 0.8 ms]
      [Choose CSet: 0.0 ms]
      [Ref Proc: 0.2 ms]
      [Ref Enq: 0.0 ms]
      [Redirty Cards: 0.1 ms]
      [Humongous Register: 0.0 ms]
      [Humongous Reclaim: 0.0 ms]
      [Free CSet: 0.3 ms]
   [Eden: 612.0M(612.0M)->0.0B(611.0M) Survivors: 2048.0K->3072.0K Heap: 617.6M(1024.0M)->5896.4K(1024.0M)]
 [Times: user=0.00 sys=0.00, real=0.00 secs] 
2024-10-11T08:33:42.694+0300: 3.072: Total time for which application threads were stopped: 0.0024209 seconds, Stopping threads took: 0.0001372 seconds
2024-10-11T08:33:43.745+0300: 4.117: Application time: 1.0445611 seconds
2024-10-11T08:33:43.745+0300: 4.117: Total time for which application threads were stopped: 0.0003095 seconds, Stopping threads took: 0.0002060 seconds
2024-10-11T08:33:44.749+0300: 5.126: Application time: 1.0085576 seconds
2024-10-11T08:33:44.749+0300: 5.126: [GC pause (G1 Evacuation Pause) (young), 0.0040020 secs]
   [Parallel Time: 1.9 ms, GC Workers: 6]
      [GC Worker Start (ms): Min: 5126.2, Avg: 5126.2, Max: 5126.2, Diff: 0.1]
      [Ext Root Scanning (ms): Min: 0.0, Avg: 0.2, Max: 0.6, Diff: 0.6, Sum: 1.1]
      [Update RS (ms): Min: 0.0, Avg: 0.0, Max: 0.1, Diff: 0.1, Sum: 0.2]
         [Processed Buffers: Min: 0, Avg: 1.5, Max: 5, Diff: 5, Sum: 9]
      [Scan RS (ms): Min: 0.0, Avg: 0.1, Max: 0.1, Diff: 0.1, Sum: 0.4]
      [Code Root Scanning (ms): Min: 0.0, Avg: 0.0, Max: 0.2, Diff: 0.2, Sum: 0.2]
      [Object Copy (ms): Min: 0.0, Avg: 0.2, Max: 0.3, Diff: 0.3, Sum: 1.2]
      [Termination (ms): Min: 0.0, Avg: 0.1, Max: 0.1, Diff: 0.1, Sum: 0.5]
         [Termination Attempts: Min: 1, Avg: 1.5, Max: 2, Diff: 1, Sum: 9]
      [GC Worker Other (ms): Min: 0.4, Avg: 1.0, Max: 1.5, Diff: 1.1, Sum: 6.0]
      [GC Worker Total (ms): Min: 1.5, Avg: 1.6, Max: 1.9, Diff: 0.3, Sum: 9.6]
      [GC Worker End (ms): Min: 5127.7, Avg: 5127.8, Max: 5128.0, Diff: 0.3]
   [Code Root Fixup: 0.0 ms]
   [Code Root Purge: 0.0 ms]
   [Clear CT: 0.2 ms]
   [Other: 1.9 ms]
      [Choose CSet: 0.0 ms]
      [Ref Proc: 1.4 ms]
      [Ref Enq: 0.0 ms]
      [Redirty Cards: 0.1 ms]
      [Humongous Register: 0.1 ms]
      [Humongous Reclaim: 0.0 ms]
      [Free CSet: 0.3 ms]
   [Eden: 611.0M(611.0M)->0.0B(611.0M) Survivors: 3072.0K->3072.0K Heap: 616.8M(1024.0M)->5907.4K(1024.0M)]
 [Times: user=0.00 sys=0.00, real=0.00 secs] 
2024-10-11T08:33:44.749+0300: 5.130: Total time for which application threads were stopped: 0.0043479 seconds, Stopping threads took: 0.0001400 seconds
2024-10-11T08:33:44.749+0300: 5.130: Application time: 0.0001044 seconds
2024-10-11T08:33:44.749+0300: 5.130: Total time for which application threads were stopped: 0.0001354 seconds, Stopping threads took: 0.0000990 seconds
2024-10-11T08:33:44.749+0300: 5.130: Application time: 0.0000276 seconds
2024-10-11T08:33:44.749+0300: 5.130: Total time for which application threads were stopped: 0.0000756 seconds, Stopping threads took: 0.0000536 seconds
2024-10-11T08:33:44.749+0300: 5.131: Application time: 0.0000275 seconds
2024-10-11T08:33:44.749+0300: 5.131: Total time for which application threads were stopped: 0.0000812 seconds, Stopping threads took: 0.0000596 seconds
2024-10-11T08:33:44.749+0300: 5.131: Application time: 0.0000333 seconds
2024-10-11T08:33:44.749+0300: 5.131: Total time for which application threads were stopped: 0.0000753 seconds, Stopping threads took: 0.0000531 seconds
2024-10-11T08:33:44.749+0300: 5.131: Application time: 0.0000321 seconds
2024-10-11T08:33:44.749+0300: 5.131: Total time for which application threads were stopped: 0.0000707 seconds, Stopping threads took: 0.0000506 seconds
2024-10-11T08:33:44.749+0300: 5.131: Application time: 0.0000254 seconds
2024-10-11T08:33:44.749+0300: 5.131: Total time for which application threads were stopped: 0.0000737 seconds, Stopping threads took: 0.0000534 seconds
2024-10-11T08:33:44.749+0300: 5.131: Application time: 0.0000348 seconds
2024-10-11T08:33:44.749+0300: 5.131: Total time for which application threads were stopped: 0.0000715 seconds, Stopping threads took: 0.0000452 seconds
2024-10-11T08:33:44.749+0300: 5.131: Application time: 0.0000238 seconds
2024-10-11T08:33:44.749+0300: 5.131: Total time for which application threads were stopped: 0.0000611 seconds, Stopping threads took: 0.0000405 seconds
2024-10-11T08:33:44.749+0300: 5.131: Application time: 0.0000209 seconds
2024-10-11T08:33:44.749+0300: 5.131: Total time for which application threads were stopped: 0.0000637 seconds, Stopping threads took: 0.0000445 seconds
2024-10-11T08:33:44.749+0300: 5.131: Application time: 0.0000240 seconds
2024-10-11T08:33:44.749+0300: 5.131: Total time for which application threads were stopped: 0.0000673 seconds, Stopping threads took: 0.0000470 seconds
2024-10-11T08:33:44.749+0300: 5.131: Application time: 0.0000202 seconds
2024-10-11T08:33:44.749+0300: 5.131: Total time for which application threads were stopped: 0.0000601 seconds, Stopping threads took: 0.0000401 seconds
2024-10-11T08:33:44.749+0300: 5.131: Application time: 0.0000224 seconds
2024-10-11T08:33:44.749+0300: 5.131: Total time for which application threads were stopped: 0.0000484 seconds, Stopping threads took: 0.0000234 seconds
2024-10-11T08:33:44.749+0300: 5.131: Application time: 0.0000253 seconds
2024-10-11T08:33:44.749+0300: 5.132: Total time for which application threads were stopped: 0.0000678 seconds, Stopping threads took: 0.0000469 seconds
2024-10-11T08:33:44.749+0300: 5.132: Application time: 0.0000208 seconds
2024-10-11T08:33:44.749+0300: 5.132: Total time for which application threads were stopped: 0.0000619 seconds, Stopping threads took: 0.0000428 seconds
2024-10-11T08:33:44.749+0300: 5.132: Application time: 0.0000254 seconds
2024-10-11T08:33:44.749+0300: 5.132: Total time for which application threads were stopped: 0.0000467 seconds, Stopping threads took: 0.0000265 seconds
2024-10-11T08:33:44.749+0300: 5.132: Application time: 0.0000261 seconds
2024-10-11T08:33:44.749+0300: 5.132: Total time for which application threads were stopped: 0.0000798 seconds, Stopping threads took: 0.0000588 seconds
2024-10-11T08:33:44.749+0300: 5.132: Application time: 0.0000267 seconds
2024-10-11T08:33:44.749+0300: 5.132: Total time for which application threads were stopped: 0.0000586 seconds, Stopping threads took: 0.0000390 seconds
2024-10-11T08:33:44.749+0300: 5.132: Application time: 0.0000216 seconds
2024-10-11T08:33:44.749+0300: 5.132: Total time for which application threads were stopped: 0.0000533 seconds, Stopping threads took: 0.0000335 seconds
2024-10-11T08:33:44.749+0300: 5.132: Application time: 0.0000369 seconds
2024-10-11T08:33:44.749+0300: 5.132: Total time for which application threads were stopped: 0.0000643 seconds, Stopping threads took: 0.0000441 seconds
2024-10-11T08:33:44.749+0300: 5.132: Application time: 0.0000240 seconds
2024-10-11T08:33:44.749+0300: 5.132: Total time for which application threads were stopped: 0.0001088 seconds, Stopping threads took: 0.0000358 seconds
2024-10-11T08:33:45.753+0300: 6.125: Application time: 0.9927953 seconds
2024-10-11T08:33:45.753+0300: 6.125: Total time for which application threads were stopped: 0.0002465 seconds, Stopping threads took: 0.0001889 seconds
2024-10-11T08:33:46.757+0300: 7.129: Application time: 1.0036551 seconds
2024-10-11T08:33:46.757+0300: 7.129: Total time for which application threads were stopped: 0.0003378 seconds, Stopping threads took: 0.0002263 seconds
2024-10-11T08:33:46.779+0300: 7.157: Application time: 0.0273408 seconds
2024-10-11T08:33:46.779+0300: 7.157: [GC pause (G1 Evacuation Pause) (young), 0.0015092 secs]
   [Parallel Time: 0.8 ms, GC Workers: 6]
      [GC Worker Start (ms): Min: 7156.9, Avg: 7156.9, Max: 7156.9, Diff: 0.1]
      [Ext Root Scanning (ms): Min: 0.2, Avg: 0.2, Max: 0.3, Diff: 0.1, Sum: 1.5]
      [Update RS (ms): Min: 0.0, Avg: 0.0, Max: 0.1, Diff: 0.1, Sum: 0.2]
         [Processed Buffers: Min: 1, Avg: 1.2, Max: 2, Diff: 1, Sum: 7]
      [Scan RS (ms): Min: 0.1, Avg: 0.1, Max: 0.1, Diff: 0.0, Sum: 0.6]
      [Code Root Scanning (ms): Min: 0.0, Avg: 0.0, Max: 0.2, Diff: 0.2, Sum: 0.3]
      [Object Copy (ms): Min: 0.0, Avg: 0.2, Max: 0.3, Diff: 0.2, Sum: 1.2]
      [Termination (ms): Min: 0.0, Avg: 0.0, Max: 0.0, Diff: 0.0, Sum: 0.1]
         [Termination Attempts: Min: 1, Avg: 1.0, Max: 1, Diff: 0, Sum: 6]
      [GC Worker Other (ms): Min: 0.0, Avg: 0.0, Max: 0.0, Diff: 0.0, Sum: 0.1]
      [GC Worker Total (ms): Min: 0.6, Avg: 0.7, Max: 0.7, Diff: 0.1, Sum: 4.0]
      [GC Worker End (ms): Min: 7157.5, Avg: 7157.5, Max: 7157.6, Diff: 0.0]
   [Code Root Fixup: 0.0 ms]
   [Code Root Purge: 0.0 ms]
   [Clear CT: 0.2 ms]
   [Other: 0.6 ms]
      [Choose CSet: 0.0 ms]
      [Ref Proc: 0.1 ms]
      [Ref Enq: 0.0 ms]
      [Redirty Cards: 0.1 ms]
      [Humongous Register: 0.0 ms]
      [Humongous Reclaim: 0.0 ms]
      [Free CSet: 0.3 ms]
   [Eden: 611.0M(611.0M)->0.0B(611.0M) Survivors: 3072.0K->3072.0K Heap: 616.8M(1024.0M)->6098.5K(1024.0M)]
 [Times: user=0.00 sys=0.00, real=0.00 secs] 
2024-10-11T08:33:46.779+0300: 7.158: Total time for which application threads were stopped: 0.0018322 seconds, Stopping threads took: 0.0001489 seconds
2024-10-11T08:33:46.779+0300: 7.159: Application time: 0.0001145 seconds
2024-10-11T08:33:46.779+0300: 7.159: Total time for which application threads were stopped: 0.0001351 seconds, Stopping threads took: 0.0000939 seconds
2024-10-11T08:33:46.779+0300: 7.159: Application time: 0.0000361 seconds
2024-10-11T08:33:46.779+0300: 7.159: Total time for which application threads were stopped: 0.0000803 seconds, Stopping threads took: 0.0000568 seconds
2024-10-11T08:33:46.779+0300: 7.159: Application time: 0.0000254 seconds
2024-10-11T08:33:46.779+0300: 7.159: Total time for which application threads were stopped: 0.0000740 seconds, Stopping threads took: 0.0000523 seconds
2024-10-11T08:33:46.779+0300: 7.159: Application time: 0.0000277 seconds
2024-10-11T08:33:46.779+0300: 7.159: Total time for which application threads were stopped: 0.0000588 seconds, Stopping threads took: 0.0000373 seconds
2024-10-11T08:33:46.779+0300: 7.159: Application time: 0.0000303 seconds
2024-10-11T08:33:46.779+0300: 7.159: Total time for which application threads were stopped: 0.0000775 seconds, Stopping threads took: 0.0000534 seconds
2024-10-11T08:33:46.779+0300: 7.159: Application time: 0.0000243 seconds
2024-10-11T08:33:46.779+0300: 7.159: Total time for which application threads were stopped: 0.0000656 seconds, Stopping threads took: 0.0000449 seconds
2024-10-11T08:33:46.779+0300: 7.159: Application time: 0.0000242 seconds
2024-10-11T08:33:46.779+0300: 7.159: Total time for which application threads were stopped: 0.0000580 seconds, Stopping threads took: 0.0000380 seconds
2024-10-11T08:33:46.779+0300: 7.159: Application time: 0.0000240 seconds
2024-10-11T08:33:46.779+0300: 7.159: Total time for which application threads were stopped: 0.0000683 seconds, Stopping threads took: 0.0000440 seconds
2024-10-11T08:33:46.779+0300: 7.159: Application time: 0.0000231 seconds
2024-10-11T08:33:46.779+0300: 7.159: Total time for which application threads were stopped: 0.0000544 seconds, Stopping threads took: 0.0000316 seconds
2024-10-11T08:33:46.779+0300: 7.159: Application time: 0.0000211 seconds
2024-10-11T08:33:46.779+0300: 7.160: Total time for which application threads were stopped: 0.0000599 seconds, Stopping threads took: 0.0000387 seconds
2024-10-11T08:33:46.779+0300: 7.160: Application time: 0.0000231 seconds
2024-10-11T08:33:46.779+0300: 7.160: Total time for which application threads were stopped: 0.0000551 seconds, Stopping threads took: 0.0000342 seconds
2024-10-11T08:33:46.779+0300: 7.160: Application time: 0.0000214 seconds
2024-10-11T08:33:46.779+0300: 7.160: Total time for which application threads were stopped: 0.0000715 seconds, Stopping threads took: 0.0000462 seconds
2024-10-11T08:33:46.779+0300: 7.160: Application time: 0.0000253 seconds
2024-10-11T08:33:46.779+0300: 7.160: Total time for which application threads were stopped: 0.0000621 seconds, Stopping threads took: 0.0000394 seconds
2024-10-11T08:33:46.779+0300: 7.160: Application time: 0.0000244 seconds
2024-10-11T08:33:46.779+0300: 7.160: Total time for which application threads were stopped: 0.0000641 seconds, Stopping threads took: 0.0000420 seconds
2024-10-11T08:33:46.779+0300: 7.160: Application time: 0.0000229 seconds
2024-10-11T08:33:46.779+0300: 7.160: Total time for which application threads were stopped: 0.0000629 seconds, Stopping threads took: 0.0000408 seconds
2024-10-11T08:33:46.779+0300: 7.160: Application time: 0.0000217 seconds
2024-10-11T08:33:46.779+0300: 7.160: Total time for which application threads were stopped: 0.0000618 seconds, Stopping threads took: 0.0000408 seconds
2024-10-11T08:33:46.779+0300: 7.160: Application time: 0.0000244 seconds
2024-10-11T08:33:46.779+0300: 7.160: Total time for which application threads were stopped: 0.0000631 seconds, Stopping threads took: 0.0000413 seconds
2024-10-11T08:33:46.779+0300: 7.160: Application time: 0.0000226 seconds
2024-10-11T08:33:46.779+0300: 7.160: Total time for which application threads were stopped: 0.0000643 seconds, Stopping threads took: 0.0000429 seconds
2024-10-11T08:33:46.779+0300: 7.160: Application time: 0.0000235 seconds
2024-10-11T08:33:46.779+0300: 7.160: Total time for which application threads were stopped: 0.0000655 seconds, Stopping threads took: 0.0000423 seconds
2024-10-11T08:33:46.779+0300: 7.160: Application time: 0.0000232 seconds
2024-10-11T08:33:46.779+0300: 7.161: Total time for which application threads were stopped: 0.0000934 seconds, Stopping threads took: 0.0000415 seconds
2024-10-11T08:33:47.793+0300: 8.165: Application time: 1.0047710 seconds
2024-10-11T08:33:47.793+0300: 8.166: Total time for which application threads were stopped: 0.0002580 seconds, Stopping threads took: 0.0002050 seconds
2024-10-11T08:33:48.845+0300: 9.222: Application time: 1.0563353 seconds
2024-10-11T08:33:48.845+0300: 9.222: [GC pause (G1 Evacuation Pause) (young), 0.0016015 secs]
   [Parallel Time: 0.8 ms, GC Workers: 6]
      [GC Worker Start (ms): Min: 9222.2, Avg: 9222.2, Max: 9222.2, Diff: 0.0]
      [Ext Root Scanning (ms): Min: 0.2, Avg: 0.3, Max: 0.3, Diff: 0.0, Sum: 1.5]
      [Update RS (ms): Min: 0.0, Avg: 0.1, Max: 0.2, Diff: 0.2, Sum: 0.4]
         [Processed Buffers: Min: 0, Avg: 1.5, Max: 4, Diff: 4, Sum: 9]
      [Scan RS (ms): Min: 0.0, Avg: 0.1, Max: 0.1, Diff: 0.1, Sum: 0.5]
      [Code Root Scanning (ms): Min: 0.0, Avg: 0.0, Max: 0.2, Diff: 0.2, Sum: 0.2]
      [Object Copy (ms): Min: 0.1, Avg: 0.2, Max: 0.2, Diff: 0.2, Sum: 1.0]
      [Termination (ms): Min: 0.0, Avg: 0.0, Max: 0.1, Diff: 0.1, Sum: 0.2]
         [Termination Attempts: Min: 1, Avg: 1.0, Max: 1, Diff: 0, Sum: 6]
      [GC Worker Other (ms): Min: 0.0, Avg: 0.0, Max: 0.0, Diff: 0.0, Sum: 0.1]
      [GC Worker Total (ms): Min: 0.6, Avg: 0.7, Max: 0.7, Diff: 0.0, Sum: 4.0]
      [GC Worker End (ms): Min: 9222.9, Avg: 9222.9, Max: 9222.9, Diff: 0.0]
   [Code Root Fixup: 0.0 ms]
   [Code Root Purge: 0.0 ms]
   [Clear CT: 0.2 ms]
   [Other: 0.6 ms]
      [Choose CSet: 0.0 ms]
      [Ref Proc: 0.1 ms]
      [Ref Enq: 0.0 ms]
      [Redirty Cards: 0.1 ms]
      [Humongous Register: 0.0 ms]
      [Humongous Reclaim: 0.0 ms]
      [Free CSet: 0.3 ms]
   [Eden: 611.0M(611.0M)->0.0B(611.0M) Survivors: 3072.0K->3072.0K Heap: 617.0M(1024.0M)->5915.5K(1024.0M)]
 [Times: user=0.00 sys=0.00, real=0.00 secs] 
2024-10-11T08:33:48.845+0300: 9.224: Total time for which application threads were stopped: 0.0020102 seconds, Stopping threads took: 0.0001395 seconds
2024-10-11T08:33:50.886+0300: 11.260: Application time: 2.0357193 seconds
2024-10-11T08:33:50.886+0300: 11.260: [GC pause (G1 Evacuation Pause) (young), 0.0016437 secs]
   [Parallel Time: 0.8 ms, GC Workers: 6]
      [GC Worker Start (ms): Min: 11259.9, Avg: 11260.0, Max: 11260.0, Diff: 0.0]
      [Ext Root Scanning (ms): Min: 0.2, Avg: 0.3, Max: 0.3, Diff: 0.0, Sum: 1.5]
      [Update RS (ms): Min: 0.0, Avg: 0.0, Max: 0.1, Diff: 0.1, Sum: 0.2]
         [Processed Buffers: Min: 0, Avg: 1.0, Max: 2, Diff: 2, Sum: 6]
      [Scan RS (ms): Min: 0.1, Avg: 0.1, Max: 0.1, Diff: 0.0, Sum: 0.5]
      [Code Root Scanning (ms): Min: 0.0, Avg: 0.0, Max: 0.2, Diff: 0.2, Sum: 0.3]
      [Object Copy (ms): Min: 0.1, Avg: 0.3, Max: 0.3, Diff: 0.3, Sum: 1.6]
      [Termination (ms): Min: 0.0, Avg: 0.0, Max: 0.0, Diff: 0.0, Sum: 0.0]
         [Termination Attempts: Min: 1, Avg: 7.3, Max: 12, Diff: 11, Sum: 44]
      [GC Worker Other (ms): Min: 0.0, Avg: 0.0, Max: 0.1, Diff: 0.1, Sum: 0.2]
      [GC Worker Total (ms): Min: 0.7, Avg: 0.7, Max: 0.8, Diff: 0.1, Sum: 4.3]
      [GC Worker End (ms): Min: 11260.7, Avg: 11260.7, Max: 11260.7, Diff: 0.1]
   [Code Root Fixup: 0.0 ms]
   [Code Root Purge: 0.0 ms]
   [Clear CT: 0.2 ms]
   [Other: 0.7 ms]
      [Choose CSet: 0.0 ms]
      [Ref Proc: 0.2 ms]
      [Ref Enq: 0.0 ms]
      [Redirty Cards: 0.1 ms]
      [Humongous Register: 0.0 ms]
      [Humongous Reclaim: 0.0 ms]
      [Free CSet: 0.3 ms]
   [Eden: 611.0M(611.0M)->0.0B(611.0M) Survivors: 3072.0K->3072.0K Heap: 616.8M(1024.0M)->6218.4K(1024.0M)]
 [Times: user=0.00 sys=0.00, real=0.00 secs] 
2024-10-11T08:33:50.886+0300: 11.262: Total time for which application threads were stopped: 0.0020033 seconds, Stopping threads took: 0.0001735 seconds
2024-10-11T08:33:51.891+0300: 12.263: Application time: 1.0008847 seconds
2024-10-11T08:33:51.891+0300: 12.263: Total time for which application threads were stopped: 0.0003294 seconds, Stopping threads took: 0.0002582 seconds
2024-10-11T08:33:52.911+0300: 13.295: Application time: 1.0323732 seconds
2024-10-11T08:33:52.911+0300: 13.295: [GC pause (G1 Evacuation Pause) (young), 0.0016858 secs]
   [Parallel Time: 0.8 ms, GC Workers: 6]
      [GC Worker Start (ms): Min: 13295.6, Avg: 13295.6, Max: 13295.6, Diff: 0.1]
      [Ext Root Scanning (ms): Min: 0.2, Avg: 0.3, Max: 0.3, Diff: 0.1, Sum: 1.6]
      [Update RS (ms): Min: 0.0, Avg: 0.0, Max: 0.0, Diff: 0.0, Sum: 0.2]
         [Processed Buffers: Min: 1, Avg: 1.7, Max: 3, Diff: 2, Sum: 10]
      [Scan RS (ms): Min: 0.1, Avg: 0.1, Max: 0.1, Diff: 0.0, Sum: 0.6]
      [Code Root Scanning (ms): Min: 0.0, Avg: 0.0, Max: 0.2, Diff: 0.2, Sum: 0.3]
      [Object Copy (ms): Min: 0.0, Avg: 0.2, Max: 0.3, Diff: 0.2, Sum: 1.3]
      [Termination (ms): Min: 0.0, Avg: 0.0, Max: 0.0, Diff: 0.0, Sum: 0.0]
         [Termination Attempts: Min: 1, Avg: 1.0, Max: 1, Diff: 0, Sum: 6]
      [GC Worker Other (ms): Min: 0.0, Avg: 0.0, Max: 0.1, Diff: 0.1, Sum: 0.3]
      [GC Worker Total (ms): Min: 0.6, Avg: 0.7, Max: 0.7, Diff: 0.1, Sum: 4.1]
      [GC Worker End (ms): Min: 13296.3, Avg: 13296.3, Max: 13296.3, Diff: 0.1]
   [Code Root Fixup: 0.0 ms]
   [Code Root Purge: 0.0 ms]
   [Clear CT: 0.2 ms]
   [Other: 0.7 ms]
      [Choose CSet: 0.0 ms]
      [Ref Proc: 0.1 ms]
      [Ref Enq: 0.0 ms]
      [Redirty Cards: 0.1 ms]
      [Humongous Register: 0.0 ms]
      [Humongous Reclaim: 0.0 ms]
      [Free CSet: 0.3 ms]
   [Eden: 611.0M(611.0M)->0.0B(612.0M) Survivors: 3072.0K->2048.0K Heap: 617.1M(1024.0M)->5735.5K(1024.0M)]
 [Times: user=0.00 sys=0.00, real=0.00 secs] 
2024-10-11T08:33:52.911+0300: 13.297: Total time for which application threads were stopped: 0.0021201 seconds, Stopping threads took: 0.0001540 seconds
2024-10-11T08:33:54.966+0300: 15.352: Application time: 2.0547887 seconds
2024-10-11T08:33:54.966+0300: 15.352: [GC pause (G1 Evacuation Pause) (young), 0.0016755 secs]
   [Parallel Time: 0.8 ms, GC Workers: 6]
      [GC Worker Start (ms): Min: 15352.5, Avg: 15352.5, Max: 15352.5, Diff: 0.0]
      [Ext Root Scanning (ms): Min: 0.2, Avg: 0.2, Max: 0.3, Diff: 0.0, Sum: 1.4]
      [Update RS (ms): Min: 0.0, Avg: 0.0, Max: 0.0, Diff: 0.0, Sum: 0.2]
         [Processed Buffers: Min: 1, Avg: 1.3, Max: 3, Diff: 2, Sum: 8]
      [Scan RS (ms): Min: 0.1, Avg: 0.1, Max: 0.1, Diff: 0.0, Sum: 0.6]
      [Code Root Scanning (ms): Min: 0.0, Avg: 0.0, Max: 0.2, Diff: 0.2, Sum: 0.2]
      [Object Copy (ms): Min: 0.1, Avg: 0.2, Max: 0.3, Diff: 0.2, Sum: 1.3]
      [Termination (ms): Min: 0.0, Avg: 0.0, Max: 0.1, Diff: 0.1, Sum: 0.2]
         [Termination Attempts: Min: 1, Avg: 2.3, Max: 3, Diff: 2, Sum: 14]
      [GC Worker Other (ms): Min: 0.0, Avg: 0.0, Max: 0.0, Diff: 0.0, Sum: 0.1]
      [GC Worker Total (ms): Min: 0.6, Avg: 0.7, Max: 0.7, Diff: 0.1, Sum: 4.0]
      [GC Worker End (ms): Min: 15353.1, Avg: 15353.2, Max: 15353.2, Diff: 0.0]
   [Code Root Fixup: 0.0 ms]
   [Code Root Purge: 0.0 ms]
   [Clear CT: 0.2 ms]
   [Other: 0.7 ms]
      [Choose CSet: 0.0 ms]
      [Ref Proc: 0.2 ms]
      [Ref Enq: 0.0 ms]
      [Redirty Cards: 0.1 ms]
      [Humongous Register: 0.0 ms]
      [Humongous Reclaim: 0.0 ms]
      [Free CSet: 0.3 ms]
   [Eden: 612.0M(612.0M)->0.0B(611.0M) Survivors: 2048.0K->3072.0K Heap: 617.6M(1024.0M)->5877.6K(1024.0M)]
 [Times: user=0.02 sys=0.00, real=0.01 secs] 
2024-10-11T08:33:54.981+0300: 15.354: Total time for which application threads were stopped: 0.0020400 seconds, Stopping threads took: 0.0001793 seconds
2024-10-11T08:33:55.985+0300: 16.357: Application time: 1.0031090 seconds
2024-10-11T08:33:55.985+0300: 16.357: Total time for which application threads were stopped: 0.0001670 seconds, Stopping threads took: 0.0001160 seconds
2024-10-11T08:33:56.756+0300: 17.141: Application time: 0.7833658 seconds
2024-10-11T08:33:56.756+0300: 17.141: Total time for which application threads were stopped: 0.0004280 seconds, Stopping threads took: 0.0003781 seconds
2024-10-11T08:33:57.462+0300: 17.837: Application time: 0.6956801 seconds
2024-10-11T08:33:57.462+0300: 17.837: [GC pause (G1 Evacuation Pause) (young), 0.0015607 secs]
   [Parallel Time: 0.8 ms, GC Workers: 6]
      [GC Worker Start (ms): Min: 17837.2, Avg: 17837.2, Max: 17837.3, Diff: 0.1]
      [Ext Root Scanning (ms): Min: 0.2, Avg: 0.3, Max: 0.3, Diff: 0.1, Sum: 1.6]
      [Update RS (ms): Min: 0.0, Avg: 0.0, Max: 0.1, Diff: 0.1, Sum: 0.2]
         [Processed Buffers: Min: 0, Avg: 1.5, Max: 4, Diff: 4, Sum: 9]
      [Scan RS (ms): Min: 0.1, Avg: 0.1, Max: 0.1, Diff: 0.0, Sum: 0.5]
      [Code Root Scanning (ms): Min: 0.0, Avg: 0.0, Max: 0.2, Diff: 0.2, Sum: 0.3]
      [Object Copy (ms): Min: 0.0, Avg: 0.2, Max: 0.3, Diff: 0.2, Sum: 1.2]
      [Termination (ms): Min: 0.0, Avg: 0.0, Max: 0.0, Diff: 0.0, Sum: 0.1]
         [Termination Attempts: Min: 1, Avg: 1.8, Max: 2, Diff: 1, Sum: 11]
      [GC Worker Other (ms): Min: 0.0, Avg: 0.0, Max: 0.1, Diff: 0.0, Sum: 0.2]
      [GC Worker Total (ms): Min: 0.6, Avg: 0.7, Max: 0.7, Diff: 0.1, Sum: 4.0]
      [GC Worker End (ms): Min: 17837.9, Avg: 17837.9, Max: 17837.9, Diff: 0.0]
   [Code Root Fixup: 0.0 ms]
   [Code Root Purge: 0.0 ms]
   [Clear CT: 0.2 ms]
   [Other: 0.6 ms]
      [Choose CSet: 0.0 ms]
      [Ref Proc: 0.1 ms]
      [Ref Enq: 0.0 ms]
      [Redirty Cards: 0.1 ms]
      [Humongous Register: 0.0 ms]
      [Humongous Reclaim: 0.0 ms]
      [Free CSet: 0.3 ms]
   [Eden: 611.0M(611.0M)->0.0B(611.0M) Survivors: 3072.0K->3072.0K Heap: 616.7M(1024.0M)->6022.4K(1024.0M)]
 [Times: user=0.00 sys=0.00, real=0.00 secs] 
2024-10-11T08:33:57.462+0300: 17.839: Total time for which application threads were stopped: 0.0018793 seconds, Stopping threads took: 0.0001301 seconds
2024-10-11T08:33:59.470+0300: 19.844: Application time: 2.0049569 seconds
2024-10-11T08:33:59.470+0300: 19.844: [GC pause (G1 Evacuation Pause) (young), 0.0015626 secs]
   [Parallel Time: 0.8 ms, GC Workers: 6]
      [GC Worker Start (ms): Min: 19844.1, Avg: 19844.2, Max: 19844.8, Diff: 0.7]
      [Ext Root Scanning (ms): Min: 0.0, Avg: 0.2, Max: 0.3, Diff: 0.3, Sum: 1.3]
      [Update RS (ms): Min: 0.0, Avg: 0.0, Max: 0.1, Diff: 0.1, Sum: 0.2]
         [Processed Buffers: Min: 0, Avg: 1.3, Max: 2, Diff: 2, Sum: 8]
      [Scan RS (ms): Min: 0.0, Avg: 0.1, Max: 0.1, Diff: 0.1, Sum: 0.5]
      [Code Root Scanning (ms): Min: 0.0, Avg: 0.0, Max: 0.3, Diff: 0.3, Sum: 0.3]
      [Object Copy (ms): Min: 0.0, Avg: 0.2, Max: 0.3, Diff: 0.3, Sum: 1.1]
      [Termination (ms): Min: 0.0, Avg: 0.0, Max: 0.0, Diff: 0.0, Sum: 0.2]
         [Termination Attempts: Min: 1, Avg: 1.0, Max: 1, Diff: 0, Sum: 6]
      [GC Worker Other (ms): Min: 0.0, Avg: 0.0, Max: 0.0, Diff: 0.0, Sum: 0.1]
      [GC Worker Total (ms): Min: 0.0, Avg: 0.6, Max: 0.8, Diff: 0.7, Sum: 3.7]
      [GC Worker End (ms): Min: 19844.8, Avg: 19844.8, Max: 19844.8, Diff: 0.0]
   [Code Root Fixup: 0.0 ms]
   [Code Root Purge: 0.0 ms]
   [Clear CT: 0.2 ms]
   [Other: 0.6 ms]
      [Choose CSet: 0.0 ms]
      [Ref Proc: 0.1 ms]
      [Ref Enq: 0.0 ms]
      [Redirty Cards: 0.1 ms]
      [Humongous Register: 0.0 ms]
      [Humongous Reclaim: 0.0 ms]
      [Free CSet: 0.3 ms]
   [Eden: 611.0M(611.0M)->0.0B(611.0M) Survivors: 3072.0K->3072.0K Heap: 616.9M(1024.0M)->5905.2K(1024.0M)]
 [Times: user=0.00 sys=0.00, real=0.00 secs] 
2024-10-11T08:33:59.470+0300: 19.846: Total time for which application threads were stopped: 0.0018926 seconds, Stopping threads took: 0.0001350 seconds
2024-10-11T08:34:01.494+0300: 21.876: Application time: 2.0302539 seconds
2024-10-11T08:34:01.494+0300: 21.876: [GC pause (G1 Evacuation Pause) (young), 0.0015896 secs]
   [Parallel Time: 0.7 ms, GC Workers: 6]
      [GC Worker Start (ms): Min: 21876.3, Avg: 21876.3, Max: 21876.3, Diff: 0.1]
      [Ext Root Scanning (ms): Min: 0.2, Avg: 0.3, Max: 0.3, Diff: 0.1, Sum: 1.6]
      [Update RS (ms): Min: 0.0, Avg: 0.0, Max: 0.1, Diff: 0.1, Sum: 0.2]
         [Processed Buffers: Min: 0, Avg: 1.3, Max: 4, Diff: 4, Sum: 8]
      [Scan RS (ms): Min: 0.1, Avg: 0.1, Max: 0.1, Diff: 0.0, Sum: 0.5]
      [Code Root Scanning (ms): Min: 0.0, Avg: 0.0, Max: 0.3, Diff: 0.3, Sum: 0.3]
      [Object Copy (ms): Min: 0.0, Avg: 0.2, Max: 0.2, Diff: 0.2, Sum: 1.1]
      [Termination (ms): Min: 0.0, Avg: 0.0, Max: 0.0, Diff: 0.0, Sum: 0.0]
         [Termination Attempts: Min: 1, Avg: 1.0, Max: 1, Diff: 0, Sum: 6]
      [GC Worker Other (ms): Min: 0.0, Avg: 0.0, Max: 0.0, Diff: 0.0, Sum: 0.1]
      [GC Worker Total (ms): Min: 0.6, Avg: 0.6, Max: 0.7, Diff: 0.1, Sum: 3.8]
      [GC Worker End (ms): Min: 21876.9, Avg: 21876.9, Max: 21877.0, Diff: 0.0]
   [Code Root Fixup: 0.0 ms]
   [Code Root Purge: 0.0 ms]
   [Clear CT: 0.2 ms]
   [Other: 0.7 ms]
      [Choose CSet: 0.0 ms]
      [Ref Proc: 0.2 ms]
      [Ref Enq: 0.0 ms]
      [Redirty Cards: 0.1 ms]
      [Humongous Register: 0.0 ms]
      [Humongous Reclaim: 0.0 ms]
      [Free CSet: 0.3 ms]
   [Eden: 611.0M(611.0M)->0.0B(611.0M) Survivors: 3072.0K->3072.0K Heap: 616.8M(1024.0M)->6071.8K(1024.0M)]
 [Times: user=0.02 sys=0.00, real=0.01 secs] 
2024-10-11T08:34:01.504+0300: 21.878: Total time for which application threads were stopped: 0.0019445 seconds, Stopping threads took: 0.0001617 seconds
2024-10-11T08:34:03.518+0300: 23.890: Application time: 2.0118628 seconds
2024-10-11T08:34:03.518+0300: 23.890: Total time for which application threads were stopped: 0.0002485 seconds, Stopping threads took: 0.0001880 seconds
2024-10-11T08:34:03.533+0300: 23.915: Application time: 0.0250756 seconds
2024-10-11T08:34:03.533+0300: 23.915: [GC pause (G1 Evacuation Pause) (young), 0.0015376 secs]
   [Parallel Time: 0.7 ms, GC Workers: 6]
      [GC Worker Start (ms): Min: 23915.3, Avg: 23915.4, Max: 23915.4, Diff: 0.1]
      [Ext Root Scanning (ms): Min: 0.2, Avg: 0.3, Max: 0.3, Diff: 0.1, Sum: 1.5]
      [Update RS (ms): Min: 0.0, Avg: 0.0, Max: 0.1, Diff: 0.1, Sum: 0.2]
         [Processed Buffers: Min: 0, Avg: 1.2, Max: 3, Diff: 3, Sum: 7]
      [Scan RS (ms): Min: 0.1, Avg: 0.1, Max: 0.1, Diff: 0.0, Sum: 0.6]
      [Code Root Scanning (ms): Min: 0.0, Avg: 0.0, Max: 0.2, Diff: 0.2, Sum: 0.3]
      [Object Copy (ms): Min: 0.1, Avg: 0.2, Max: 0.2, Diff: 0.2, Sum: 1.2]
      [Termination (ms): Min: 0.0, Avg: 0.0, Max: 0.0, Diff: 0.0, Sum: 0.0]
         [Termination Attempts: Min: 1, Avg: 1.0, Max: 1, Diff: 0, Sum: 6]
      [GC Worker Other (ms): Min: 0.0, Avg: 0.0, Max: 0.0, Diff: 0.0, Sum: 0.2]
      [GC Worker Total (ms): Min: 0.6, Avg: 0.7, Max: 0.7, Diff: 0.1, Sum: 3.9]
      [GC Worker End (ms): Min: 23916.0, Avg: 23916.0, Max: 23916.0, Diff: 0.0]
   [Code Root Fixup: 0.0 ms]
   [Code Root Purge: 0.0 ms]
   [Clear CT: 0.2 ms]
   [Other: 0.6 ms]
      [Choose CSet: 0.0 ms]
      [Ref Proc: 0.1 ms]
      [Ref Enq: 0.0 ms]
      [Redirty Cards: 0.1 ms]
      [Humongous Register: 0.0 ms]
      [Humongous Reclaim: 0.0 ms]
      [Free CSet: 0.3 ms]
   [Eden: 611.0M(611.0M)->0.0B(611.0M) Survivors: 3072.0K->3072.0K Heap: 616.9M(1024.0M)->5937.6K(1024.0M)]
 [Times: user=0.00 sys=0.00, real=0.00 secs] 
2024-10-11T08:34:03.533+0300: 23.917: Total time for which application threads were stopped: 0.0018690 seconds, Stopping threads took: 0.0001219 seconds
2024-10-11T08:34:04.538+0300: 24.910: Application time: 0.9930327 seconds
2024-10-11T08:34:04.538+0300: 24.910: Total time for which application threads were stopped: 0.0002613 seconds, Stopping threads took: 0.0002108 seconds
2024-10-11T08:34:05.573+0300: 25.951: Application time: 1.0405137 seconds
2024-10-11T08:34:05.573+0300: 25.951: [GC pause (G1 Evacuation Pause) (young), 0.0014933 secs]
   [Parallel Time: 0.8 ms, GC Workers: 6]
      [GC Worker Start (ms): Min: 25951.0, Avg: 25951.1, Max: 25951.5, Diff: 0.4]
      [Ext Root Scanning (ms): Min: 0.0, Avg: 0.2, Max: 0.3, Diff: 0.3, Sum: 1.4]
      [Update RS (ms): Min: 0.0, Avg: 0.0, Max: 0.1, Diff: 0.1, Sum: 0.2]
         [Processed Buffers: Min: 0, Avg: 1.3, Max: 2, Diff: 2, Sum: 8]
      [Scan RS (ms): Min: 0.0, Avg: 0.1, Max: 0.1, Diff: 0.1, Sum: 0.5]
      [Code Root Scanning (ms): Min: 0.0, Avg: 0.0, Max: 0.2, Diff: 0.2, Sum: 0.3]
      [Object Copy (ms): Min: 0.1, Avg: 0.2, Max: 0.3, Diff: 0.2, Sum: 1.4]
      [Termination (ms): Min: 0.0, Avg: 0.0, Max: 0.0, Diff: 0.0, Sum: 0.0]
         [Termination Attempts: Min: 1, Avg: 1.0, Max: 1, Diff: 0, Sum: 6]
      [GC Worker Other (ms): Min: 0.0, Avg: 0.0, Max: 0.1, Diff: 0.0, Sum: 0.2]
      [GC Worker Total (ms): Min: 0.3, Avg: 0.7, Max: 0.7, Diff: 0.4, Sum: 4.0]
      [GC Worker End (ms): Min: 25951.8, Avg: 25951.8, Max: 25951.8, Diff: 0.0]
   [Code Root Fixup: 0.0 ms]
   [Code Root Purge: 0.0 ms]
   [Clear CT: 0.2 ms]
   [Other: 0.5 ms]
      [Choose CSet: 0.0 ms]
      [Ref Proc: 0.1 ms]
      [Ref Enq: 0.0 ms]
      [Redirty Cards: 0.1 ms]
      [Humongous Register: 0.0 ms]
      [Humongous Reclaim: 0.0 ms]
      [Free CSet: 0.2 ms]
   [Eden: 611.0M(611.0M)->0.0B(611.0M) Survivors: 3072.0K->3072.0K Heap: 616.8M(1024.0M)->6252.9K(1024.0M)]
 [Times: user=0.00 sys=0.00, real=0.00 secs] 
2024-10-11T08:34:05.573+0300: 25.953: Total time for which application threads were stopped: 0.0018110 seconds, Stopping threads took: 0.0001519 seconds
2024-10-11T08:34:07.629+0300: 28.005: Application time: 2.0519419 seconds
2024-10-11T08:34:07.629+0300: 28.005: [GC pause (G1 Evacuation Pause) (young), 0.0015284 secs]
   [Parallel Time: 0.8 ms, GC Workers: 6]
      [GC Worker Start (ms): Min: 28004.8, Avg: 28004.9, Max: 28004.9, Diff: 0.1]
      [Ext Root Scanning (ms): Min: 0.2, Avg: 0.3, Max: 0.3, Diff: 0.1, Sum: 1.5]
      [Update RS (ms): Min: 0.0, Avg: 0.0, Max: 0.1, Diff: 0.1, Sum: 0.2]
         [Processed Buffers: Min: 0, Avg: 1.0, Max: 2, Diff: 2, Sum: 6]
      [Scan RS (ms): Min: 0.1, Avg: 0.1, Max: 0.1, Diff: 0.0, Sum: 0.6]
      [Code Root Scanning (ms): Min: 0.0, Avg: 0.0, Max: 0.2, Diff: 0.2, Sum: 0.2]
      [Object Copy (ms): Min: 0.0, Avg: 0.2, Max: 0.2, Diff: 0.2, Sum: 1.2]
      [Termination (ms): Min: 0.0, Avg: 0.0, Max: 0.0, Diff: 0.0, Sum: 0.1]
         [Termination Attempts: Min: 1, Avg: 1.0, Max: 1, Diff: 0, Sum: 6]
      [GC Worker Other (ms): Min: 0.0, Avg: 0.0, Max: 0.0, Diff: 0.0, Sum: 0.1]
      [GC Worker Total (ms): Min: 0.6, Avg: 0.6, Max: 0.7, Diff: 0.1, Sum: 3.9]
      [GC Worker End (ms): Min: 28005.5, Avg: 28005.5, Max: 28005.5, Diff: 0.0]
   [Code Root Fixup: 0.0 ms]
   [Code Root Purge: 0.0 ms]
   [Clear CT: 0.2 ms]
   [Other: 0.6 ms]
      [Choose CSet: 0.0 ms]
      [Ref Proc: 0.1 ms]
      [Ref Enq: 0.0 ms]
      [Redirty Cards: 0.1 ms]
      [Humongous Register: 0.0 ms]
      [Humongous Reclaim: 0.0 ms]
      [Free CSet: 0.3 ms]
   [Eden: 611.0M(611.0M)->0.0B(611.0M) Survivors: 3072.0K->3072.0K Heap: 617.1M(1024.0M)->5861.6K(1024.0M)]
 [Times: user=0.00 sys=0.00, real=0.00 secs] 
2024-10-11T08:34:07.629+0300: 28.006: Total time for which application threads were stopped: 0.0019109 seconds, Stopping threads took: 0.0001955 seconds
2024-10-11T08:34:09.654+0300: 30.040: Application time: 2.0330808 seconds
2024-10-11T08:34:09.654+0300: 30.040: [GC pause (G1 Evacuation Pause) (young), 0.0015611 secs]
   [Parallel Time: 0.8 ms, GC Workers: 6]
      [GC Worker Start (ms): Min: 30039.8, Avg: 30039.8, Max: 30039.9, Diff: 0.1]
      [Ext Root Scanning (ms): Min: 0.2, Avg: 0.3, Max: 0.3, Diff: 0.1, Sum: 1.6]
      [Update RS (ms): Min: 0.0, Avg: 0.0, Max: 0.1, Diff: 0.1, Sum: 0.2]
         [Processed Buffers: Min: 1, Avg: 1.0, Max: 1, Diff: 0, Sum: 6]
      [Scan RS (ms): Min: 0.1, Avg: 0.1, Max: 0.1, Diff: 0.0, Sum: 0.5]
      [Code Root Scanning (ms): Min: 0.0, Avg: 0.0, Max: 0.3, Diff: 0.3, Sum: 0.3]
      [Object Copy (ms): Min: 0.0, Avg: 0.2, Max: 0.2, Diff: 0.2, Sum: 1.1]
      [Termination (ms): Min: 0.0, Avg: 0.0, Max: 0.0, Diff: 0.0, Sum: 0.2]
         [Termination Attempts: Min: 1, Avg: 1.0, Max: 1, Diff: 0, Sum: 6]
      [GC Worker Other (ms): Min: 0.0, Avg: 0.0, Max: 0.0, Diff: 0.0, Sum: 0.1]
      [GC Worker Total (ms): Min: 0.6, Avg: 0.7, Max: 0.7, Diff: 0.1, Sum: 4.1]
      [GC Worker End (ms): Min: 30040.5, Avg: 30040.5, Max: 30040.5, Diff: 0.0]
   [Code Root Fixup: 0.0 ms]
   [Code Root Purge: 0.0 ms]
   [Clear CT: 0.2 ms]
   [Other: 0.6 ms]
      [Choose CSet: 0.0 ms]
      [Ref Proc: 0.1 ms]
      [Ref Enq: 0.0 ms]
      [Redirty Cards: 0.1 ms]
      [Humongous Register: 0.0 ms]
      [Humongous Reclaim: 0.0 ms]
      [Free CSet: 0.3 ms]
   [Eden: 611.0M(611.0M)->0.0B(611.0M) Survivors: 3072.0K->3072.0K Heap: 616.7M(1024.0M)->5885.4K(1024.0M)]
 [Times: user=0.00 sys=0.00, real=0.01 secs] 
2024-10-11T08:34:09.669+0300: 30.041: Total time for which application threads were stopped: 0.0019256 seconds, Stopping threads took: 0.0001652 seconds
2024-10-11T08:34:11.693+0300: 32.073: Application time: 2.0311991 seconds
2024-10-11T08:34:11.693+0300: 32.073: [GC pause (G1 Evacuation Pause) (young), 0.0015529 secs]
   [Parallel Time: 0.8 ms, GC Workers: 6]
      [GC Worker Start (ms): Min: 32072.9, Avg: 32073.0, Max: 32073.0, Diff: 0.1]
      [Ext Root Scanning (ms): Min: 0.2, Avg: 0.3, Max: 0.3, Diff: 0.1, Sum: 1.6]
      [Update RS (ms): Min: 0.0, Avg: 0.0, Max: 0.1, Diff: 0.1, Sum: 0.2]
         [Processed Buffers: Min: 1, Avg: 1.0, Max: 1, Diff: 0, Sum: 6]
      [Scan RS (ms): Min: 0.1, Avg: 0.1, Max: 0.1, Diff: 0.1, Sum: 0.6]
      [Code Root Scanning (ms): Min: 0.0, Avg: 0.0, Max: 0.3, Diff: 0.3, Sum: 0.3]
      [Object Copy (ms): Min: 0.0, Avg: 0.2, Max: 0.3, Diff: 0.3, Sum: 1.4]
      [Termination (ms): Min: 0.0, Avg: 0.0, Max: 0.0, Diff: 0.0, Sum: 0.0]
         [Termination Attempts: Min: 1, Avg: 1.5, Max: 2, Diff: 1, Sum: 9]
      [GC Worker Other (ms): Min: 0.0, Avg: 0.0, Max: 0.1, Diff: 0.0, Sum: 0.2]
      [GC Worker Total (ms): Min: 0.7, Avg: 0.7, Max: 0.7, Diff: 0.1, Sum: 4.1]
      [GC Worker End (ms): Min: 32073.6, Avg: 32073.7, Max: 32073.7, Diff: 0.0]
   [Code Root Fixup: 0.0 ms]
   [Code Root Purge: 0.0 ms]
   [Clear CT: 0.2 ms]
   [Other: 0.6 ms]
      [Choose CSet: 0.0 ms]
      [Ref Proc: 0.1 ms]
      [Ref Enq: 0.0 ms]
      [Redirty Cards: 0.1 ms]
      [Humongous Register: 0.0 ms]
      [Humongous Reclaim: 0.0 ms]
      [Free CSet: 0.3 ms]
   [Eden: 611.0M(611.0M)->0.0B(611.0M) Survivors: 3072.0K->3072.0K Heap: 616.7M(1024.0M)->6153.9K(1024.0M)]
 [Times: user=0.00 sys=0.00, real=0.00 secs] 
2024-10-11T08:34:11.693+0300: 32.075: Total time for which application threads were stopped: 0.0019071 seconds, Stopping threads took: 0.0001743 seconds
2024-10-11T08:34:12.697+0300: 33.069: Application time: 0.9943508 seconds
2024-10-11T08:34:12.697+0300: 33.069: Total time for which application threads were stopped: 0.0002006 seconds, Stopping threads took: 0.0001540 seconds
2024-10-11T08:34:13.701+0300: 34.073: Application time: 1.0041415 seconds
2024-10-11T08:34:13.701+0300: 34.074: Total time for which application threads were stopped: 0.0002717 seconds, Stopping threads took: 0.0001911 seconds
2024-10-11T08:34:13.733+0300: 34.107: Application time: 0.0330960 seconds
2024-10-11T08:34:13.733+0300: 34.107: [GC pause (G1 Evacuation Pause) (young), 0.0015606 secs]
   [Parallel Time: 0.7 ms, GC Workers: 6]
      [GC Worker Start (ms): Min: 34107.0, Avg: 34107.0, Max: 34107.0, Diff: 0.0]
      [Ext Root Scanning (ms): Min: 0.2, Avg: 0.2, Max: 0.3, Diff: 0.0, Sum: 1.4]
      [Update RS (ms): Min: 0.0, Avg: 0.1, Max: 0.2, Diff: 0.2, Sum: 0.4]
         [Processed Buffers: Min: 1, Avg: 1.3, Max: 3, Diff: 2, Sum: 8]
      [Scan RS (ms): Min: 0.0, Avg: 0.1, Max: 0.1, Diff: 0.1, Sum: 0.5]
      [Code Root Scanning (ms): Min: 0.0, Avg: 0.0, Max: 0.0, Diff: 0.0, Sum: 0.0]
      [Object Copy (ms): Min: 0.1, Avg: 0.1, Max: 0.2, Diff: 0.1, Sum: 0.8]
      [Termination (ms): Min: 0.0, Avg: 0.0, Max: 0.0, Diff: 0.0, Sum: 0.0]
         [Termination Attempts: Min: 1, Avg: 1.0, Max: 1, Diff: 0, Sum: 6]
      [GC Worker Other (ms): Min: 0.0, Avg: 0.0, Max: 0.1, Diff: 0.0, Sum: 0.2]
      [GC Worker Total (ms): Min: 0.5, Avg: 0.6, Max: 0.6, Diff: 0.1, Sum: 3.4]
      [GC Worker End (ms): Min: 34107.5, Avg: 34107.5, Max: 34107.6, Diff: 0.0]
   [Code Root Fixup: 0.0 ms]
   [Code Root Purge: 0.0 ms]
   [Clear CT: 0.2 ms]
   [Other: 0.7 ms]
      [Choose CSet: 0.0 ms]
      [Ref Proc: 0.2 ms]
      [Ref Enq: 0.0 ms]
      [Redirty Cards: 0.1 ms]
      [Humongous Register: 0.0 ms]
      [Humongous Reclaim: 0.0 ms]
      [Free CSet: 0.3 ms]
   [Eden: 611.0M(611.0M)->0.0B(612.0M) Survivors: 3072.0K->2048.0K Heap: 617.0M(1024.0M)->5788.1K(1024.0M)]
 [Times: user=0.00 sys=0.00, real=0.00 secs] 
2024-10-11T08:34:13.733+0300: 34.109: Total time for which application threads were stopped: 0.0019307 seconds, Stopping threads took: 0.0001848 seconds
2024-10-11T08:34:14.738+0300: 35.110: Application time: 1.0010856 seconds
2024-10-11T08:34:14.738+0300: 35.110: Total time for which application threads were stopped: 0.0002392 seconds, Stopping threads took: 0.0001936 seconds
2024-10-11T08:34:15.789+0300: 36.168: Application time: 1.0578852 seconds
2024-10-11T08:34:15.789+0300: 36.168: [GC pause (G1 Evacuation Pause) (young), 0.0014374 secs]
   [Parallel Time: 0.6 ms, GC Workers: 6]
      [GC Worker Start (ms): Min: 36168.1, Avg: 36168.1, Max: 36168.1, Diff: 0.1]
      [Ext Root Scanning (ms): Min: 0.2, Avg: 0.3, Max: 0.3, Diff: 0.1, Sum: 1.5]
      [Update RS (ms): Min: 0.0, Avg: 0.0, Max: 0.0, Diff: 0.0, Sum: 0.1]
         [Processed Buffers: Min: 0, Avg: 1.2, Max: 3, Diff: 3, Sum: 7]
      [Scan RS (ms): Min: 0.1, Avg: 0.1, Max: 0.1, Diff: 0.0, Sum: 0.6]
      [Code Root Scanning (ms): Min: 0.0, Avg: 0.0, Max: 0.0, Diff: 0.0, Sum: 0.0]
      [Object Copy (ms): Min: 0.1, Avg: 0.2, Max: 0.2, Diff: 0.1, Sum: 0.9]
      [Termination (ms): Min: 0.0, Avg: 0.0, Max: 0.0, Diff: 0.0, Sum: 0.0]
         [Termination Attempts: Min: 1, Avg: 1.7, Max: 3, Diff: 2, Sum: 10]
      [GC Worker Other (ms): Min: 0.0, Avg: 0.0, Max: 0.0, Diff: 0.0, Sum: 0.2]
      [GC Worker Total (ms): Min: 0.5, Avg: 0.6, Max: 0.6, Diff: 0.1, Sum: 3.3]
      [GC Worker End (ms): Min: 36168.6, Avg: 36168.6, Max: 36168.7, Diff: 0.0]
   [Code Root Fixup: 0.0 ms]
   [Code Root Purge: 0.0 ms]
   [Clear CT: 0.2 ms]
   [Other: 0.6 ms]
      [Choose CSet: 0.0 ms]
      [Ref Proc: 0.2 ms]
      [Ref Enq: 0.0 ms]
      [Redirty Cards: 0.1 ms]
      [Humongous Register: 0.0 ms]
      [Humongous Reclaim: 0.0 ms]
      [Free CSet: 0.3 ms]
   [Eden: 612.0M(612.0M)->0.0B(612.0M) Survivors: 2048.0K->2048.0K Heap: 617.7M(1024.0M)->5645.6K(1024.0M)]
 [Times: user=0.00 sys=0.00, real=0.00 secs] 
2024-10-11T08:34:15.789+0300: 36.170: Total time for which application threads were stopped: 0.0017687 seconds, Stopping threads took: 0.0001535 seconds
2024-10-11T08:34:17.798+0300: 38.170: Application time: 2.0002422 seconds
2024-10-11T08:34:17.798+0300: 38.170: Total time for which application threads were stopped: 0.0002414 seconds, Stopping threads took: 0.0001518 seconds
2024-10-11T08:34:17.845+0300: 38.217: Application time: 0.0474031 seconds
2024-10-11T08:34:17.845+0300: 38.218: [GC pause (G1 Evacuation Pause) (young), 0.0013895 secs]
   [Parallel Time: 0.6 ms, GC Workers: 6]
      [GC Worker Start (ms): Min: 38217.7, Avg: 38217.7, Max: 38217.8, Diff: 0.0]
      [Ext Root Scanning (ms): Min: 0.2, Avg: 0.2, Max: 0.3, Diff: 0.0, Sum: 1.5]
      [Update RS (ms): Min: 0.0, Avg: 0.0, Max: 0.0, Diff: 0.0, Sum: 0.1]
         [Processed Buffers: Min: 0, Avg: 1.0, Max: 3, Diff: 3, Sum: 6]
      [Scan RS (ms): Min: 0.1, Avg: 0.1, Max: 0.1, Diff: 0.0, Sum: 0.5]
      [Code Root Scanning (ms): Min: 0.0, Avg: 0.0, Max: 0.0, Diff: 0.0, Sum: 0.0]
      [Object Copy (ms): Min: 0.1, Avg: 0.1, Max: 0.1, Diff: 0.0, Sum: 0.7]
      [Termination (ms): Min: 0.0, Avg: 0.0, Max: 0.0, Diff: 0.0, Sum: 0.1]
         [Termination Attempts: Min: 1, Avg: 1.0, Max: 1, Diff: 0, Sum: 6]
      [GC Worker Other (ms): Min: 0.0, Avg: 0.0, Max: 0.0, Diff: 0.0, Sum: 0.1]
      [GC Worker Total (ms): Min: 0.5, Avg: 0.5, Max: 0.5, Diff: 0.0, Sum: 3.0]
      [GC Worker End (ms): Min: 38218.2, Avg: 38218.2, Max: 38218.3, Diff: 0.0]
   [Code Root Fixup: 0.0 ms]
   [Code Root Purge: 0.0 ms]
   [Clear CT: 0.2 ms]
   [Other: 0.6 ms]
      [Choose CSet: 0.0 ms]
      [Ref Proc: 0.1 ms]
      [Ref Enq: 0.0 ms]
      [Redirty Cards: 0.1 ms]
      [Humongous Register: 0.0 ms]
      [Humongous Reclaim: 0.0 ms]
      [Free CSet: 0.2 ms]
   [Eden: 612.0M(612.0M)->0.0B(612.0M) Survivors: 2048.0K->2048.0K Heap: 617.5M(1024.0M)->5869.4K(1024.0M)]
 [Times: user=0.00 sys=0.00, real=0.00 secs] 
2024-10-11T08:34:17.845+0300: 38.219: Total time for which application threads were stopped: 0.0017169 seconds, Stopping threads took: 0.0001210 seconds
2024-10-11T08:34:19.884+0300: 40.265: Application time: 2.0455624 seconds
2024-10-11T08:34:19.884+0300: 40.265: [GC pause (G1 Evacuation Pause) (young), 0.0015247 secs]
   [Parallel Time: 0.7 ms, GC Workers: 6]
      [GC Worker Start (ms): Min: 40265.0, Avg: 40265.1, Max: 40265.2, Diff: 0.2]
      [Ext Root Scanning (ms): Min: 0.1, Avg: 0.2, Max: 0.3, Diff: 0.2, Sum: 1.4]
      [Update RS (ms): Min: 0.0, Avg: 0.0, Max: 0.0, Diff: 0.0, Sum: 0.1]
         [Processed Buffers: Min: 0, Avg: 1.0, Max: 2, Diff: 2, Sum: 6]
      [Scan RS (ms): Min: 0.1, Avg: 0.1, Max: 0.1, Diff: 0.0, Sum: 0.6]
      [Code Root Scanning (ms): Min: 0.0, Avg: 0.0, Max: 0.0, Diff: 0.0, Sum: 0.0]
      [Object Copy (ms): Min: 0.1, Avg: 0.1, Max: 0.2, Diff: 0.0, Sum: 0.9]
      [Termination (ms): Min: 0.0, Avg: 0.0, Max: 0.0, Diff: 0.0, Sum: 0.0]
         [Termination Attempts: Min: 1, Avg: 1.0, Max: 1, Diff: 0, Sum: 6]
      [GC Worker Other (ms): Min: 0.0, Avg: 0.0, Max: 0.1, Diff: 0.1, Sum: 0.2]
      [GC Worker Total (ms): Min: 0.4, Avg: 0.5, Max: 0.6, Diff: 0.2, Sum: 3.1]
      [GC Worker End (ms): Min: 40265.6, Avg: 40265.6, Max: 40265.6, Diff: 0.0]
   [Code Root Fixup: 0.0 ms]
   [Code Root Purge: 0.0 ms]
   [Clear CT: 0.2 ms]
   [Other: 0.7 ms]
      [Choose CSet: 0.0 ms]
      [Ref Proc: 0.2 ms]
      [Ref Enq: 0.0 ms]
      [Redirty Cards: 0.1 ms]
      [Humongous Register: 0.0 ms]
      [Humongous Reclaim: 0.0 ms]
      [Free CSet: 0.3 ms]
   [Eden: 612.0M(612.0M)->0.0B(612.0M) Survivors: 2048.0K->2048.0K Heap: 617.7M(1024.0M)->5644.6K(1024.0M)]
 [Times: user=0.00 sys=0.00, real=0.00 secs] 
2024-10-11T08:34:19.884+0300: 40.267: Total time for which application threads were stopped: 0.0019015 seconds, Stopping threads took: 0.0001464 seconds
2024-10-11T08:34:21.891+0300: 42.263: Application time: 1.9968548 seconds
2024-10-11T08:34:21.891+0300: 42.264: Total time for which application threads were stopped: 0.0002200 seconds, Stopping threads took: 0.0001602 seconds
2024-10-11T08:34:21.938+0300: 42.312: Application time: 0.0487104 seconds
2024-10-11T08:34:21.938+0300: 42.313: [GC pause (G1 Evacuation Pause) (young), 0.0013655 secs]
   [Parallel Time: 0.6 ms, GC Workers: 6]
      [GC Worker Start (ms): Min: 42312.7, Avg: 42312.7, Max: 42313.0, Diff: 0.3]
      [Ext Root Scanning (ms): Min: 0.0, Avg: 0.2, Max: 0.3, Diff: 0.3, Sum: 1.2]
      [Update RS (ms): Min: 0.0, Avg: 0.0, Max: 0.0, Diff: 0.0, Sum: 0.1]
         [Processed Buffers: Min: 0, Avg: 1.0, Max: 3, Diff: 3, Sum: 6]
      [Scan RS (ms): Min: 0.1, Avg: 0.1, Max: 0.1, Diff: 0.0, Sum: 0.6]
      [Code Root Scanning (ms): Min: 0.0, Avg: 0.0, Max: 0.0, Diff: 0.0, Sum: 0.0]
      [Object Copy (ms): Min: 0.1, Avg: 0.1, Max: 0.2, Diff: 0.1, Sum: 0.8]
      [Termination (ms): Min: 0.0, Avg: 0.0, Max: 0.0, Diff: 0.0, Sum: 0.1]
         [Termination Attempts: Min: 1, Avg: 1.0, Max: 1, Diff: 0, Sum: 6]
      [GC Worker Other (ms): Min: 0.0, Avg: 0.0, Max: 0.0, Diff: 0.0, Sum: 0.1]
      [GC Worker Total (ms): Min: 0.3, Avg: 0.5, Max: 0.6, Diff: 0.3, Sum: 2.9]
      [GC Worker End (ms): Min: 42313.2, Avg: 42313.2, Max: 42313.2, Diff: 0.0]
   [Code Root Fixup: 0.0 ms]
   [Code Root Purge: 0.0 ms]
   [Clear CT: 0.2 ms]
   [Other: 0.6 ms]
      [Choose CSet: 0.0 ms]
      [Ref Proc: 0.1 ms]
      [Ref Enq: 0.0 ms]
      [Redirty Cards: 0.1 ms]
      [Humongous Register: 0.0 ms]
      [Humongous Reclaim: 0.0 ms]
      [Free CSet: 0.3 ms]
   [Eden: 612.0M(612.0M)->0.0B(612.0M) Survivors: 2048.0K->2048.0K Heap: 617.5M(1024.0M)->5759.4K(1024.0M)]
 [Times: user=0.00 sys=0.00, real=0.00 secs] 
2024-10-11T08:34:21.941+0300: 42.314: Total time for which application threads were stopped: 0.0016695 seconds, Stopping threads took: 0.0001212 seconds
2024-10-11T08:34:23.980+0300: 44.365: Application time: 2.0513486 seconds
2024-10-11T08:34:23.980+0300: 44.366: [GC pause (G1 Evacuation Pause) (young), 0.0015085 secs]
   [Parallel Time: 0.6 ms, GC Workers: 6]
      [GC Worker Start (ms): Min: 44365.8, Avg: 44365.8, Max: 44365.8, Diff: 0.1]
      [Ext Root Scanning (ms): Min: 0.2, Avg: 0.2, Max: 0.3, Diff: 0.0, Sum: 1.5]
      [Update RS (ms): Min: 0.0, Avg: 0.0, Max: 0.0, Diff: 0.0, Sum: 0.1]
         [Processed Buffers: Min: 0, Avg: 1.0, Max: 2, Diff: 2, Sum: 6]
      [Scan RS (ms): Min: 0.1, Avg: 0.1, Max: 0.1, Diff: 0.0, Sum: 0.6]
      [Code Root Scanning (ms): Min: 0.0, Avg: 0.0, Max: 0.0, Diff: 0.0, Sum: 0.0]
      [Object Copy (ms): Min: 0.1, Avg: 0.1, Max: 0.2, Diff: 0.1, Sum: 0.8]
      [Termination (ms): Min: 0.0, Avg: 0.0, Max: 0.0, Diff: 0.0, Sum: 0.1]
         [Termination Attempts: Min: 1, Avg: 1.0, Max: 1, Diff: 0, Sum: 6]
      [GC Worker Other (ms): Min: 0.0, Avg: 0.0, Max: 0.0, Diff: 0.0, Sum: 0.1]
      [GC Worker Total (ms): Min: 0.5, Avg: 0.5, Max: 0.5, Diff: 0.1, Sum: 3.1]
      [GC Worker End (ms): Min: 44366.3, Avg: 44366.3, Max: 44366.3, Diff: 0.0]
   [Code Root Fixup: 0.0 ms]
   [Code Root Purge: 0.0 ms]
   [Clear CT: 0.2 ms]
   [Other: 0.7 ms]
      [Choose CSet: 0.0 ms]
      [Ref Proc: 0.2 ms]
      [Ref Enq: 0.0 ms]
      [Redirty Cards: 0.1 ms]
      [Humongous Register: 0.0 ms]
      [Humongous Reclaim: 0.0 ms]
      [Free CSet: 0.3 ms]
   [Eden: 612.0M(612.0M)->0.0B(612.0M) Survivors: 2048.0K->2048.0K Heap: 617.6M(1024.0M)->5764.9K(1024.0M)]
 [Times: user=0.00 sys=0.00, real=0.00 secs] 
2024-10-11T08:34:23.980+0300: 44.367: Total time for which application threads were stopped: 0.0018665 seconds, Stopping threads took: 0.0001454 seconds
2024-10-11T08:34:24.984+0300: 45.356: Application time: 0.9887859 seconds
2024-10-11T08:34:24.984+0300: 45.356: Total time for which application threads were stopped: 0.0002519 seconds, Stopping threads took: 0.0001852 seconds
2024-10-11T08:34:26.019+0300: 46.406: Application time: 1.0499182 seconds
2024-10-11T08:34:26.019+0300: 46.407: [GC pause (G1 Evacuation Pause) (young), 0.0015788 secs]
   [Parallel Time: 0.8 ms, GC Workers: 6]
      [GC Worker Start (ms): Min: 46406.6, Avg: 46406.7, Max: 46406.8, Diff: 0.2]
      [Ext Root Scanning (ms): Min: 0.1, Avg: 0.2, Max: 0.3, Diff: 0.2, Sum: 1.4]
      [Update RS (ms): Min: 0.0, Avg: 0.0, Max: 0.0, Diff: 0.0, Sum: 0.1]
         [Processed Buffers: Min: 0, Avg: 1.0, Max: 2, Diff: 2, Sum: 6]
      [Scan RS (ms): Min: 0.1, Avg: 0.1, Max: 0.1, Diff: 0.0, Sum: 0.6]
      [Code Root Scanning (ms): Min: 0.0, Avg: 0.0, Max: 0.0, Diff: 0.0, Sum: 0.0]
      [Object Copy (ms): Min: 0.1, Avg: 0.2, Max: 0.2, Diff: 0.1, Sum: 1.0]
      [Termination (ms): Min: 0.0, Avg: 0.0, Max: 0.0, Diff: 0.0, Sum: 0.0]
         [Termination Attempts: Min: 1, Avg: 1.8, Max: 3, Diff: 2, Sum: 11]
      [GC Worker Other (ms): Min: 0.0, Avg: 0.0, Max: 0.1, Diff: 0.1, Sum: 0.2]
      [GC Worker Total (ms): Min: 0.4, Avg: 0.6, Max: 0.6, Diff: 0.2, Sum: 3.4]
      [GC Worker End (ms): Min: 46407.2, Avg: 46407.3, Max: 46407.3, Diff: 0.1]
   [Code Root Fixup: 0.0 ms]
   [Code Root Purge: 0.0 ms]
   [Clear CT: 0.2 ms]
   [Other: 0.6 ms]
      [Choose CSet: 0.0 ms]
      [Ref Proc: 0.1 ms]
      [Ref Enq: 0.0 ms]
      [Redirty Cards: 0.1 ms]
      [Humongous Register: 0.0 ms]
      [Humongous Reclaim: 0.0 ms]
      [Free CSet: 0.2 ms]
   [Eden: 612.0M(612.0M)->0.0B(612.0M) Survivors: 2048.0K->2048.0K Heap: 617.6M(1024.0M)->5806.6K(1024.0M)]
 [Times: user=0.00 sys=0.01, real=0.02 secs] 
2024-10-11T08:34:26.035+0300: 46.408: Total time for which application threads were stopped: 0.0019519 seconds, Stopping threads took: 0.0001511 seconds
2024-10-11T08:34:28.075+0300: 48.453: Application time: 2.0447099 seconds
2024-10-11T08:34:28.075+0300: 48.453: [GC pause (G1 Evacuation Pause) (young), 0.0014328 secs]
   [Parallel Time: 0.6 ms, GC Workers: 6]
      [GC Worker Start (ms): Min: 48453.3, Avg: 48453.3, Max: 48453.4, Diff: 0.2]
      [Ext Root Scanning (ms): Min: 0.1, Avg: 0.2, Max: 0.3, Diff: 0.1, Sum: 1.4]
      [Update RS (ms): Min: 0.0, Avg: 0.0, Max: 0.0, Diff: 0.0, Sum: 0.1]
         [Processed Buffers: Min: 0, Avg: 0.7, Max: 1, Diff: 1, Sum: 4]
      [Scan RS (ms): Min: 0.1, Avg: 0.1, Max: 0.1, Diff: 0.0, Sum: 0.6]
      [Code Root Scanning (ms): Min: 0.0, Avg: 0.0, Max: 0.0, Diff: 0.0, Sum: 0.0]
      [Object Copy (ms): Min: 0.1, Avg: 0.1, Max: 0.1, Diff: 0.0, Sum: 0.8]
      [Termination (ms): Min: 0.0, Avg: 0.0, Max: 0.0, Diff: 0.0, Sum: 0.0]
         [Termination Attempts: Min: 1, Avg: 1.0, Max: 1, Diff: 0, Sum: 6]
      [GC Worker Other (ms): Min: 0.0, Avg: 0.0, Max: 0.0, Diff: 0.0, Sum: 0.1]
      [GC Worker Total (ms): Min: 0.4, Avg: 0.5, Max: 0.5, Diff: 0.2, Sum: 2.9]
      [GC Worker End (ms): Min: 48453.8, Avg: 48453.8, Max: 48453.8, Diff: 0.0]
   [Code Root Fixup: 0.0 ms]
   [Code Root Purge: 0.0 ms]
   [Clear CT: 0.2 ms]
   [Other: 0.7 ms]
      [Choose CSet: 0.0 ms]
      [Ref Proc: 0.1 ms]
      [Ref Enq: 0.0 ms]
      [Redirty Cards: 0.1 ms]
      [Humongous Register: 0.0 ms]
      [Humongous Reclaim: 0.0 ms]
      [Free CSet: 0.3 ms]
   [Eden: 612.0M(612.0M)->0.0B(612.0M) Survivors: 2048.0K->2048.0K Heap: 617.7M(1024.0M)->5766.2K(1024.0M)]
 [Times: user=0.00 sys=0.00, real=0.00 secs] 
2024-10-11T08:34:28.075+0300: 48.455: Total time for which application threads were stopped: 0.0018148 seconds, Stopping threads took: 0.0001720 seconds
2024-10-11T08:34:30.115+0300: 50.498: Application time: 2.0428632 seconds
2024-10-11T08:34:30.115+0300: 50.498: [GC pause (G1 Evacuation Pause) (young), 0.0015289 secs]
   [Parallel Time: 0.7 ms, GC Workers: 6]
      [GC Worker Start (ms): Min: 50497.9, Avg: 50498.0, Max: 50498.0, Diff: 0.1]
      [Ext Root Scanning (ms): Min: 0.2, Avg: 0.2, Max: 0.3, Diff: 0.0, Sum: 1.5]
      [Update RS (ms): Min: 0.0, Avg: 0.0, Max: 0.0, Diff: 0.0, Sum: 0.2]
         [Processed Buffers: Min: 0, Avg: 1.3, Max: 3, Diff: 3, Sum: 8]
      [Scan RS (ms): Min: 0.1, Avg: 0.1, Max: 0.1, Diff: 0.0, Sum: 0.6]
      [Code Root Scanning (ms): Min: 0.0, Avg: 0.0, Max: 0.0, Diff: 0.0, Sum: 0.0]
      [Object Copy (ms): Min: 0.1, Avg: 0.1, Max: 0.2, Diff: 0.1, Sum: 0.8]
      [Termination (ms): Min: 0.0, Avg: 0.0, Max: 0.0, Diff: 0.0, Sum: 0.0]
         [Termination Attempts: Min: 1, Avg: 1.0, Max: 1, Diff: 0, Sum: 6]
      [GC Worker Other (ms): Min: 0.0, Avg: 0.0, Max: 0.0, Diff: 0.0, Sum: 0.1]
      [GC Worker Total (ms): Min: 0.5, Avg: 0.6, Max: 0.6, Diff: 0.1, Sum: 3.3]
      [GC Worker End (ms): Min: 50498.5, Avg: 50498.5, Max: 50498.5, Diff: 0.0]
   [Code Root Fixup: 0.0 ms]
   [Code Root Purge: 0.0 ms]
   [Clear CT: 0.2 ms]
   [Other: 0.6 ms]
      [Choose CSet: 0.0 ms]
      [Ref Proc: 0.1 ms]
      [Ref Enq: 0.0 ms]
      [Redirty Cards: 0.1 ms]
      [Humongous Register: 0.0 ms]
      [Humongous Reclaim: 0.0 ms]
      [Free CSet: 0.3 ms]
   [Eden: 612.0M(612.0M)->0.0B(612.0M) Survivors: 2048.0K->2048.0K Heap: 617.6M(1024.0M)->5669.6K(1024.0M)]
 [Times: user=0.00 sys=0.00, real=0.00 secs] 
2024-10-11T08:34:30.115+0300: 50.499: Total time for which application threads were stopped: 0.0018738 seconds, Stopping threads took: 0.0001459 seconds
2024-10-11T08:34:32.170+0300: 52.545: Application time: 2.0457550 seconds
2024-10-11T08:34:32.170+0300: 52.545: [GC pause (G1 Evacuation Pause) (young), 0.0014417 secs]
   [Parallel Time: 0.6 ms, GC Workers: 6]
      [GC Worker Start (ms): Min: 52545.6, Avg: 52545.6, Max: 52545.6, Diff: 0.1]
      [Ext Root Scanning (ms): Min: 0.2, Avg: 0.2, Max: 0.3, Diff: 0.1, Sum: 1.5]
      [Update RS (ms): Min: 0.0, Avg: 0.0, Max: 0.0, Diff: 0.0, Sum: 0.1]
         [Processed Buffers: Min: 0, Avg: 1.2, Max: 2, Diff: 2, Sum: 7]
      [Scan RS (ms): Min: 0.1, Avg: 0.1, Max: 0.1, Diff: 0.0, Sum: 0.6]
      [Code Root Scanning (ms): Min: 0.0, Avg: 0.0, Max: 0.0, Diff: 0.0, Sum: 0.0]
      [Object Copy (ms): Min: 0.1, Avg: 0.2, Max: 0.2, Diff: 0.0, Sum: 0.9]
      [Termination (ms): Min: 0.0, Avg: 0.0, Max: 0.0, Diff: 0.0, Sum: 0.0]
         [Termination Attempts: Min: 1, Avg: 1.0, Max: 1, Diff: 0, Sum: 6]
      [GC Worker Other (ms): Min: 0.0, Avg: 0.0, Max: 0.0, Diff: 0.0, Sum: 0.2]
      [GC Worker Total (ms): Min: 0.5, Avg: 0.5, Max: 0.6, Diff: 0.1, Sum: 3.2]
      [GC Worker End (ms): Min: 52546.1, Avg: 52546.1, Max: 52546.2, Diff: 0.0]
   [Code Root Fixup: 0.0 ms]
   [Code Root Purge: 0.0 ms]
   [Clear CT: 0.2 ms]
   [Other: 0.6 ms]
      [Choose CSet: 0.0 ms]
      [Ref Proc: 0.1 ms]
      [Ref Enq: 0.0 ms]
      [Redirty Cards: 0.1 ms]
      [Humongous Register: 0.0 ms]
      [Humongous Reclaim: 0.0 ms]
      [Free CSet: 0.3 ms]
   [Eden: 612.0M(612.0M)->0.0B(612.0M) Survivors: 2048.0K->2048.0K Heap: 617.5M(1024.0M)->5848.2K(1024.0M)]
 [Times: user=0.00 sys=0.00, real=0.00 secs] 
2024-10-11T08:34:32.170+0300: 52.547: Total time for which application threads were stopped: 0.0018009 seconds, Stopping threads took: 0.0001679 seconds
2024-10-11T08:34:34.225+0300: 54.599: Application time: 2.0517275 seconds
2024-10-11T08:34:34.225+0300: 54.599: [GC pause (G1 Evacuation Pause) (young), 0.0013347 secs]
   [Parallel Time: 0.6 ms, GC Workers: 6]
      [GC Worker Start (ms): Min: 54599.1, Avg: 54599.1, Max: 54599.1, Diff: 0.0]
      [Ext Root Scanning (ms): Min: 0.2, Avg: 0.2, Max: 0.3, Diff: 0.0, Sum: 1.4]
      [Update RS (ms): Min: 0.0, Avg: 0.0, Max: 0.0, Diff: 0.0, Sum: 0.1]
         [Processed Buffers: Min: 1, Avg: 1.3, Max: 3, Diff: 2, Sum: 8]
      [Scan RS (ms): Min: 0.1, Avg: 0.1, Max: 0.1, Diff: 0.0, Sum: 0.6]
      [Code Root Scanning (ms): Min: 0.0, Avg: 0.0, Max: 0.0, Diff: 0.0, Sum: 0.0]
      [Object Copy (ms): Min: 0.1, Avg: 0.1, Max: 0.2, Diff: 0.0, Sum: 0.9]
      [Termination (ms): Min: 0.0, Avg: 0.0, Max: 0.0, Diff: 0.0, Sum: 0.0]
         [Termination Attempts: Min: 1, Avg: 1.0, Max: 1, Diff: 0, Sum: 6]
      [GC Worker Other (ms): Min: 0.0, Avg: 0.0, Max: 0.0, Diff: 0.0, Sum: 0.1]
      [GC Worker Total (ms): Min: 0.5, Avg: 0.5, Max: 0.6, Diff: 0.1, Sum: 3.2]
      [GC Worker End (ms): Min: 54599.6, Avg: 54599.6, Max: 54599.6, Diff: 0.0]
   [Code Root Fixup: 0.0 ms]
   [Code Root Purge: 0.0 ms]
   [Clear CT: 0.2 ms]
   [Other: 0.5 ms]
      [Choose CSet: 0.0 ms]
      [Ref Proc: 0.1 ms]
      [Ref Enq: 0.0 ms]
      [Redirty Cards: 0.1 ms]
      [Humongous Register: 0.0 ms]
      [Humongous Reclaim: 0.0 ms]
      [Free CSet: 0.2 ms]
   [Eden: 612.0M(612.0M)->0.0B(612.0M) Survivors: 2048.0K->2048.0K Heap: 617.7M(1024.0M)->5926.0K(1024.0M)]
 [Times: user=0.00 sys=0.00, real=0.00 secs] 
2024-10-11T08:34:34.225+0300: 54.600: Total time for which application threads were stopped: 0.0016792 seconds, Stopping threads took: 0.0001724 seconds
2024-10-11T08:34:36.265+0300: 56.651: Application time: 2.0501149 seconds
2024-10-11T08:34:36.265+0300: 56.651: [GC pause (G1 Evacuation Pause) (young), 0.0013904 secs]
   [Parallel Time: 0.6 ms, GC Workers: 6]
      [GC Worker Start (ms): Min: 56650.9, Avg: 56650.9, Max: 56650.9, Diff: 0.1]
      [Ext Root Scanning (ms): Min: 0.2, Avg: 0.2, Max: 0.3, Diff: 0.1, Sum: 1.5]
      [Update RS (ms): Min: 0.0, Avg: 0.0, Max: 0.0, Diff: 0.0, Sum: 0.1]
         [Processed Buffers: Min: 1, Avg: 1.5, Max: 3, Diff: 2, Sum: 9]
      [Scan RS (ms): Min: 0.1, Avg: 0.1, Max: 0.1, Diff: 0.0, Sum: 0.6]
      [Code Root Scanning (ms): Min: 0.0, Avg: 0.0, Max: 0.0, Diff: 0.0, Sum: 0.0]
      [Object Copy (ms): Min: 0.1, Avg: 0.2, Max: 0.2, Diff: 0.0, Sum: 0.9]
      [Termination (ms): Min: 0.0, Avg: 0.0, Max: 0.0, Diff: 0.0, Sum: 0.1]
         [Termination Attempts: Min: 1, Avg: 1.0, Max: 1, Diff: 0, Sum: 6]
      [GC Worker Other (ms): Min: 0.0, Avg: 0.0, Max: 0.0, Diff: 0.0, Sum: 0.2]
      [GC Worker Total (ms): Min: 0.5, Avg: 0.6, Max: 0.6, Diff: 0.1, Sum: 3.3]
      [GC Worker End (ms): Min: 56651.4, Avg: 56651.5, Max: 56651.5, Diff: 0.0]
   [Code Root Fixup: 0.0 ms]
   [Code Root Purge: 0.0 ms]
   [Clear CT: 0.2 ms]
   [Other: 0.6 ms]
      [Choose CSet: 0.0 ms]
      [Ref Proc: 0.1 ms]
      [Ref Enq: 0.0 ms]
      [Redirty Cards: 0.1 ms]
      [Humongous Register: 0.0 ms]
      [Humongous Reclaim: 0.0 ms]
      [Free CSet: 0.3 ms]
   [Eden: 612.0M(612.0M)->0.0B(612.0M) Survivors: 2048.0K->2048.0K Heap: 617.8M(1024.0M)->5897.9K(1024.0M)]
 [Times: user=0.00 sys=0.00, real=0.00 secs] 
2024-10-11T08:34:36.265+0300: 56.652: Total time for which application threads were stopped: 0.0017306 seconds, Stopping threads took: 0.0001716 seconds
2024-10-11T08:34:38.337+0300: 58.718: Application time: 2.0654955 seconds
2024-10-11T08:34:38.337+0300: 58.718: [GC pause (G1 Evacuation Pause) (young), 0.0014284 secs]
   [Parallel Time: 0.6 ms, GC Workers: 6]
      [GC Worker Start (ms): Min: 58718.1, Avg: 58718.1, Max: 58718.1, Diff: 0.1]
      [Ext Root Scanning (ms): Min: 0.2, Avg: 0.2, Max: 0.3, Diff: 0.1, Sum: 1.5]
      [Update RS (ms): Min: 0.0, Avg: 0.0, Max: 0.0, Diff: 0.0, Sum: 0.1]
         [Processed Buffers: Min: 1, Avg: 1.3, Max: 2, Diff: 1, Sum: 8]
      [Scan RS (ms): Min: 0.1, Avg: 0.1, Max: 0.1, Diff: 0.0, Sum: 0.6]
      [Code Root Scanning (ms): Min: 0.0, Avg: 0.0, Max: 0.0, Diff: 0.0, Sum: 0.0]
      [Object Copy (ms): Min: 0.1, Avg: 0.1, Max: 0.1, Diff: 0.0, Sum: 0.8]
      [Termination (ms): Min: 0.0, Avg: 0.0, Max: 0.0, Diff: 0.0, Sum: 0.1]
         [Termination Attempts: Min: 1, Avg: 1.0, Max: 1, Diff: 0, Sum: 6]
      [GC Worker Other (ms): Min: 0.0, Avg: 0.0, Max: 0.0, Diff: 0.0, Sum: 0.1]
      [GC Worker Total (ms): Min: 0.5, Avg: 0.5, Max: 0.6, Diff: 0.1, Sum: 3.3]
      [GC Worker End (ms): Min: 58718.6, Avg: 58718.6, Max: 58718.6, Diff: 0.0]
   [Code Root Fixup: 0.0 ms]
   [Code Root Purge: 0.0 ms]
   [Clear CT: 0.2 ms]
   [Other: 0.6 ms]
      [Choose CSet: 0.0 ms]
      [Ref Proc: 0.1 ms]
      [Ref Enq: 0.0 ms]
      [Redirty Cards: 0.1 ms]
      [Humongous Register: 0.0 ms]
      [Humongous Reclaim: 0.0 ms]
      [Free CSet: 0.2 ms]
   [Eden: 612.0M(612.0M)->0.0B(612.0M) Survivors: 2048.0K->2048.0K Heap: 617.8M(1024.0M)->5939.4K(1024.0M)]
 [Times: user=0.03 sys=0.00, real=0.00 secs] 
2024-10-11T08:34:38.337+0300: 58.720: Total time for which application threads were stopped: 0.0017340 seconds, Stopping threads took: 0.0001030 seconds
2024-10-11T08:34:40.408+0300: 60.795: Application time: 2.0756018 seconds
2024-10-11T08:34:40.408+0300: 60.795: [GC pause (G1 Evacuation Pause) (young), 0.0015815 secs]
   [Parallel Time: 0.8 ms, GC Workers: 6]
      [GC Worker Start (ms): Min: 60795.4, Avg: 60795.6, Max: 60796.0, Diff: 0.6]
      [Ext Root Scanning (ms): Min: 0.0, Avg: 0.3, Max: 0.4, Diff: 0.4, Sum: 1.7]
      [Update RS (ms): Min: 0.0, Avg: 0.0, Max: 0.0, Diff: 0.0, Sum: 0.1]
         [Processed Buffers: Min: 0, Avg: 1.3, Max: 4, Diff: 4, Sum: 8]
      [Scan RS (ms): Min: 0.0, Avg: 0.1, Max: 0.1, Diff: 0.1, Sum: 0.6]
      [Code Root Scanning (ms): Min: 0.0, Avg: 0.0, Max: 0.0, Diff: 0.0, Sum: 0.0]
      [Object Copy (ms): Min: 0.0, Avg: 0.1, Max: 0.1, Diff: 0.1, Sum: 0.6]
      [Termination (ms): Min: 0.0, Avg: 0.0, Max: 0.0, Diff: 0.0, Sum: 0.0]
         [Termination Attempts: Min: 1, Avg: 1.0, Max: 1, Diff: 0, Sum: 6]
      [GC Worker Other (ms): Min: 0.0, Avg: 0.0, Max: 0.1, Diff: 0.0, Sum: 0.1]
      [GC Worker Total (ms): Min: 0.0, Avg: 0.5, Max: 0.7, Diff: 0.6, Sum: 3.1]
      [GC Worker End (ms): Min: 60796.1, Avg: 60796.1, Max: 60796.1, Diff: 0.0]
   [Code Root Fixup: 0.0 ms]
   [Code Root Purge: 0.0 ms]
   [Clear CT: 0.2 ms]
   [Other: 0.7 ms]
      [Choose CSet: 0.0 ms]
      [Ref Proc: 0.1 ms]
      [Ref Enq: 0.0 ms]
      [Redirty Cards: 0.1 ms]
      [Humongous Register: 0.0 ms]
      [Humongous Reclaim: 0.0 ms]
      [Free CSet: 0.3 ms]
   [Eden: 612.0M(612.0M)->0.0B(612.0M) Survivors: 2048.0K->2048.0K Heap: 617.8M(1024.0M)->5590.8K(1024.0M)]
 [Times: user=0.02 sys=0.00, real=0.02 secs] 
2024-10-11T08:34:40.424+0300: 60.797: Total time for which application threads were stopped: 0.0019023 seconds, Stopping threads took: 0.0001348 seconds
2024-10-11T08:34:42.464+0300: 62.837: Application time: 2.0398692 seconds
2024-10-11T08:34:42.464+0300: 62.837: [GC pause (G1 Evacuation Pause) (young), 0.0014225 secs]
   [Parallel Time: 0.6 ms, GC Workers: 6]
      [GC Worker Start (ms): Min: 62837.2, Avg: 62837.2, Max: 62837.2, Diff: 0.1]
      [Ext Root Scanning (ms): Min: 0.2, Avg: 0.2, Max: 0.3, Diff: 0.1, Sum: 1.5]
      [Update RS (ms): Min: 0.0, Avg: 0.0, Max: 0.0, Diff: 0.0, Sum: 0.1]
         [Processed Buffers: Min: 0, Avg: 1.2, Max: 3, Diff: 3, Sum: 7]
      [Scan RS (ms): Min: 0.1, Avg: 0.1, Max: 0.1, Diff: 0.0, Sum: 0.6]
      [Code Root Scanning (ms): Min: 0.0, Avg: 0.0, Max: 0.0, Diff: 0.0, Sum: 0.0]
      [Object Copy (ms): Min: 0.1, Avg: 0.1, Max: 0.1, Diff: 0.0, Sum: 0.7]
      [Termination (ms): Min: 0.0, Avg: 0.0, Max: 0.0, Diff: 0.0, Sum: 0.0]
         [Termination Attempts: Min: 1, Avg: 1.5, Max: 2, Diff: 1, Sum: 9]
      [GC Worker Other (ms): Min: 0.0, Avg: 0.0, Max: 0.1, Diff: 0.0, Sum: 0.2]
      [GC Worker Total (ms): Min: 0.5, Avg: 0.5, Max: 0.5, Diff: 0.1, Sum: 3.1]
      [GC Worker End (ms): Min: 62837.7, Avg: 62837.7, Max: 62837.7, Diff: 0.0]
   [Code Root Fixup: 0.0 ms]
   [Code Root Purge: 0.0 ms]
   [Clear CT: 0.2 ms]
   [Other: 0.6 ms]
      [Choose CSet: 0.0 ms]
      [Ref Proc: 0.1 ms]
      [Ref Enq: 0.0 ms]
      [Redirty Cards: 0.1 ms]
      [Humongous Register: 0.0 ms]
      [Humongous Reclaim: 0.0 ms]
      [Free CSet: 0.3 ms]
   [Eden: 612.0M(612.0M)->0.0B(612.0M) Survivors: 2048.0K->2048.0K Heap: 617.5M(1024.0M)->5814.1K(1024.0M)]
 [Times: user=0.00 sys=0.00, real=0.00 secs] 
2024-10-11T08:34:42.464+0300: 62.839: Total time for which application threads were stopped: 0.0017055 seconds, Stopping threads took: 0.0000928 seconds
2024-10-11T08:34:44.473+0300: 64.845: Application time: 2.0060519 seconds
2024-10-11T08:34:44.473+0300: 64.845: Total time for which application threads were stopped: 0.0002270 seconds, Stopping threads took: 0.0001790 seconds
2024-10-11T08:34:44.520+0300: 64.904: Application time: 0.0592603 seconds
2024-10-11T08:34:44.520+0300: 64.904: [GC pause (G1 Evacuation Pause) (young), 0.0015205 secs]
   [Parallel Time: 0.6 ms, GC Workers: 6]
      [GC Worker Start (ms): Min: 64904.5, Avg: 64904.5, Max: 64904.5, Diff: 0.0]
      [Ext Root Scanning (ms): Min: 0.2, Avg: 0.2, Max: 0.3, Diff: 0.0, Sum: 1.4]
      [Update RS (ms): Min: 0.0, Avg: 0.0, Max: 0.0, Diff: 0.0, Sum: 0.1]
         [Processed Buffers: Min: 0, Avg: 1.3, Max: 3, Diff: 3, Sum: 8]
      [Scan RS (ms): Min: 0.1, Avg: 0.1, Max: 0.1, Diff: 0.0, Sum: 0.6]
      [Code Root Scanning (ms): Min: 0.0, Avg: 0.0, Max: 0.0, Diff: 0.0, Sum: 0.0]
      [Object Copy (ms): Min: 0.1, Avg: 0.1, Max: 0.2, Diff: 0.0, Sum: 0.8]
      [Termination (ms): Min: 0.0, Avg: 0.0, Max: 0.0, Diff: 0.0, Sum: 0.0]
         [Termination Attempts: Min: 1, Avg: 1.0, Max: 1, Diff: 0, Sum: 6]
      [GC Worker Other (ms): Min: 0.0, Avg: 0.0, Max: 0.0, Diff: 0.0, Sum: 0.2]
      [GC Worker Total (ms): Min: 0.5, Avg: 0.5, Max: 0.6, Diff: 0.1, Sum: 3.2]
      [GC Worker End (ms): Min: 64905.0, Avg: 64905.0, Max: 64905.0, Diff: 0.0]
   [Code Root Fixup: 0.0 ms]
   [Code Root Purge: 0.0 ms]
   [Clear CT: 0.2 ms]
   [Other: 0.7 ms]
      [Choose CSet: 0.0 ms]
      [Ref Proc: 0.1 ms]
      [Ref Enq: 0.0 ms]
      [Redirty Cards: 0.1 ms]
      [Humongous Register: 0.0 ms]
      [Humongous Reclaim: 0.0 ms]
      [Free CSet: 0.3 ms]
   [Eden: 612.0M(612.0M)->0.0B(612.0M) Survivors: 2048.0K->2048.0K Heap: 617.7M(1024.0M)->5936.3K(1024.0M)]
 [Times: user=0.00 sys=0.00, real=0.00 secs] 
2024-10-11T08:34:44.520+0300: 64.906: Total time for which application threads were stopped: 0.0018590 seconds, Stopping threads took: 0.0001288 seconds
2024-10-11T08:34:46.528+0300: 66.900: Application time: 1.9939530 seconds
2024-10-11T08:34:46.528+0300: 66.900: Total time for which application threads were stopped: 0.0002627 seconds, Stopping threads took: 0.0001961 seconds
2024-10-11T08:34:46.575+0300: 66.951: Application time: 0.0508327 seconds
2024-10-11T08:34:46.575+0300: 66.951: [GC pause (G1 Evacuation Pause) (young), 0.0014616 secs]
   [Parallel Time: 0.6 ms, GC Workers: 6]
      [GC Worker Start (ms): Min: 66951.4, Avg: 66951.4, Max: 66951.5, Diff: 0.1]
      [Ext Root Scanning (ms): Min: 0.2, Avg: 0.3, Max: 0.3, Diff: 0.1, Sum: 1.5]
      [Update RS (ms): Min: 0.0, Avg: 0.0, Max: 0.0, Diff: 0.0, Sum: 0.1]
         [Processed Buffers: Min: 0, Avg: 1.3, Max: 3, Diff: 3, Sum: 8]
      [Scan RS (ms): Min: 0.1, Avg: 0.1, Max: 0.1, Diff: 0.0, Sum: 0.6]
      [Code Root Scanning (ms): Min: 0.0, Avg: 0.0, Max: 0.0, Diff: 0.0, Sum: 0.0]
      [Object Copy (ms): Min: 0.1, Avg: 0.1, Max: 0.2, Diff: 0.0, Sum: 0.7]
      [Termination (ms): Min: 0.0, Avg: 0.0, Max: 0.0, Diff: 0.0, Sum: 0.0]
         [Termination Attempts: Min: 1, Avg: 1.5, Max: 2, Diff: 1, Sum: 9]
      [GC Worker Other (ms): Min: 0.0, Avg: 0.0, Max: 0.0, Diff: 0.0, Sum: 0.1]
      [GC Worker Total (ms): Min: 0.5, Avg: 0.5, Max: 0.6, Diff: 0.1, Sum: 3.1]
      [GC Worker End (ms): Min: 66951.9, Avg: 66951.9, Max: 66952.0, Diff: 0.0]
   [Code Root Fixup: 0.0 ms]
   [Code Root Purge: 0.0 ms]
   [Clear CT: 0.2 ms]
   [Other: 0.7 ms]
      [Choose CSet: 0.0 ms]
      [Ref Proc: 0.1 ms]
      [Ref Enq: 0.0 ms]
      [Redirty Cards: 0.1 ms]
      [Humongous Register: 0.0 ms]
      [Humongous Reclaim: 0.0 ms]
      [Free CSet: 0.3 ms]
   [Eden: 612.0M(612.0M)->0.0B(612.0M) Survivors: 2048.0K->2048.0K Heap: 617.8M(1024.0M)->5778.7K(1024.0M)]
 [Times: user=0.00 sys=0.00, real=0.00 secs] 
2024-10-11T08:34:46.575+0300: 66.953: Total time for which application threads were stopped: 0.0017997 seconds, Stopping threads took: 0.0001459 seconds
2024-10-11T08:34:48.584+0300: 68.956: Application time: 2.0027386 seconds
2024-10-11T08:34:48.584+0300: 68.956: Total time for which application threads were stopped: 0.0002397 seconds, Stopping threads took: 0.0001378 seconds
2024-10-11T08:34:48.615+0300: 68.996: Application time: 0.0402420 seconds
2024-10-11T08:34:48.615+0300: 68.996: [GC pause (G1 Evacuation Pause) (young), 0.0014541 secs]
   [Parallel Time: 0.7 ms, GC Workers: 6]
      [GC Worker Start (ms): Min: 68996.5, Avg: 68996.5, Max: 68996.5, Diff: 0.1]
      [Ext Root Scanning (ms): Min: 0.2, Avg: 0.3, Max: 0.3, Diff: 0.1, Sum: 1.5]
      [Update RS (ms): Min: 0.0, Avg: 0.0, Max: 0.2, Diff: 0.2, Sum: 0.3]
         [Processed Buffers: Min: 0, Avg: 1.3, Max: 2, Diff: 2, Sum: 8]
      [Scan RS (ms): Min: 0.0, Avg: 0.1, Max: 0.1, Diff: 0.1, Sum: 0.6]
      [Code Root Scanning (ms): Min: 0.0, Avg: 0.0, Max: 0.0, Diff: 0.0, Sum: 0.0]
      [Object Copy (ms): Min: 0.0, Avg: 0.1, Max: 0.2, Diff: 0.1, Sum: 0.8]
      [Termination (ms): Min: 0.0, Avg: 0.0, Max: 0.0, Diff: 0.0, Sum: 0.0]
         [Termination Attempts: Min: 1, Avg: 1.0, Max: 1, Diff: 0, Sum: 6]
      [GC Worker Other (ms): Min: 0.0, Avg: 0.0, Max: 0.1, Diff: 0.0, Sum: 0.2]
      [GC Worker Total (ms): Min: 0.5, Avg: 0.6, Max: 0.6, Diff: 0.1, Sum: 3.4]
      [GC Worker End (ms): Min: 68997.0, Avg: 68997.1, Max: 68997.1, Diff: 0.0]
   [Code Root Fixup: 0.0 ms]
   [Code Root Purge: 0.0 ms]
   [Clear CT: 0.2 ms]
   [Other: 0.6 ms]
      [Choose CSet: 0.0 ms]
      [Ref Proc: 0.1 ms]
      [Ref Enq: 0.0 ms]
      [Redirty Cards: 0.1 ms]
      [Humongous Register: 0.0 ms]
      [Humongous Reclaim: 0.0 ms]
      [Free CSet: 0.3 ms]
   [Eden: 612.0M(612.0M)->0.0B(612.0M) Survivors: 2048.0K->2048.0K Heap: 617.6M(1024.0M)->5888.5K(1024.0M)]
 [Times: user=0.00 sys=0.00, real=0.00 secs] 
2024-10-11T08:34:48.615+0300: 68.998: Total time for which application threads were stopped: 0.0018067 seconds, Stopping threads took: 0.0001804 seconds
2024-10-11T08:34:50.656+0300: 71.036: Application time: 2.0384622 seconds
2024-10-11T08:34:50.656+0300: 71.037: [GC pause (G1 Evacuation Pause) (young), 0.0016186 secs]
   [Parallel Time: 0.8 ms, GC Workers: 6]
      [GC Worker Start (ms): Min: 71036.9, Avg: 71037.0, Max: 71037.0, Diff: 0.1]
      [Ext Root Scanning (ms): Min: 0.2, Avg: 0.3, Max: 0.3, Diff: 0.1, Sum: 1.5]
      [Update RS (ms): Min: 0.0, Avg: 0.0, Max: 0.0, Diff: 0.0, Sum: 0.1]
         [Processed Buffers: Min: 0, Avg: 1.2, Max: 2, Diff: 2, Sum: 7]
      [Scan RS (ms): Min: 0.1, Avg: 0.1, Max: 0.3, Diff: 0.2, Sum: 0.9]
      [Code Root Scanning (ms): Min: 0.0, Avg: 0.0, Max: 0.0, Diff: 0.0, Sum: 0.0]
      [Object Copy (ms): Min: 0.0, Avg: 0.1, Max: 0.2, Diff: 0.2, Sum: 0.8]
      [Termination (ms): Min: 0.0, Avg: 0.0, Max: 0.0, Diff: 0.0, Sum: 0.2]
         [Termination Attempts: Min: 1, Avg: 1.0, Max: 1, Diff: 0, Sum: 6]
      [GC Worker Other (ms): Min: 0.0, Avg: 0.0, Max: 0.0, Diff: 0.0, Sum: 0.1]
      [GC Worker Total (ms): Min: 0.5, Avg: 0.6, Max: 0.7, Diff: 0.1, Sum: 3.5]
      [GC Worker End (ms): Min: 71037.5, Avg: 71037.5, Max: 71037.6, Diff: 0.0]
   [Code Root Fixup: 0.0 ms]
   [Code Root Purge: 0.0 ms]
   [Clear CT: 0.2 ms]
   [Other: 0.7 ms]
      [Choose CSet: 0.0 ms]
      [Ref Proc: 0.1 ms]
      [Ref Enq: 0.0 ms]
      [Redirty Cards: 0.1 ms]
      [Humongous Register: 0.1 ms]
      [Humongous Reclaim: 0.0 ms]
      [Free CSet: 0.3 ms]
   [Eden: 612.0M(612.0M)->0.0B(612.0M) Survivors: 2048.0K->2048.0K Heap: 617.8M(1024.0M)->6014.9K(1024.0M)]
 [Times: user=0.00 sys=0.00, real=0.00 secs] 
2024-10-11T08:34:50.656+0300: 71.038: Total time for which application threads were stopped: 0.0020171 seconds, Stopping threads took: 0.0001868 seconds
2024-10-11T08:34:52.695+0300: 73.073: Application time: 2.0343796 seconds
2024-10-11T08:34:52.695+0300: 73.073: [GC pause (G1 Evacuation Pause) (young), 0.0015259 secs]
   [Parallel Time: 0.7 ms, GC Workers: 6]
      [GC Worker Start (ms): Min: 73073.1, Avg: 73073.3, Max: 73073.7, Diff: 0.6]
      [Ext Root Scanning (ms): Min: 0.0, Avg: 0.2, Max: 0.3, Diff: 0.3, Sum: 1.2]
      [Update RS (ms): Min: 0.0, Avg: 0.0, Max: 0.0, Diff: 0.0, Sum: 0.1]
         [Processed Buffers: Min: 0, Avg: 1.2, Max: 3, Diff: 3, Sum: 7]
      [Scan RS (ms): Min: 0.0, Avg: 0.1, Max: 0.1, Diff: 0.1, Sum: 0.5]
      [Code Root Scanning (ms): Min: 0.0, Avg: 0.0, Max: 0.0, Diff: 0.0, Sum: 0.0]
      [Object Copy (ms): Min: 0.0, Avg: 0.1, Max: 0.2, Diff: 0.2, Sum: 0.8]
      [Termination (ms): Min: 0.0, Avg: 0.0, Max: 0.0, Diff: 0.0, Sum: 0.2]
         [Termination Attempts: Min: 1, Avg: 1.0, Max: 1, Diff: 0, Sum: 6]
      [GC Worker Other (ms): Min: 0.0, Avg: 0.0, Max: 0.0, Diff: 0.0, Sum: 0.1]
      [GC Worker Total (ms): Min: 0.0, Avg: 0.5, Max: 0.7, Diff: 0.6, Sum: 3.0]
      [GC Worker End (ms): Min: 73073.7, Avg: 73073.7, Max: 73073.8, Diff: 0.0]
   [Code Root Fixup: 0.0 ms]
   [Code Root Purge: 0.0 ms]
   [Clear CT: 0.2 ms]
   [Other: 0.7 ms]
      [Choose CSet: 0.0 ms]
      [Ref Proc: 0.1 ms]
      [Ref Enq: 0.0 ms]
      [Redirty Cards: 0.1 ms]
      [Humongous Register: 0.0 ms]
      [Humongous Reclaim: 0.0 ms]
      [Free CSet: 0.3 ms]
   [Eden: 612.0M(612.0M)->0.0B(612.0M) Survivors: 2048.0K->2048.0K Heap: 617.9M(1024.0M)->5794.7K(1024.0M)]
 [Times: user=0.00 sys=0.00, real=0.01 secs] 
2024-10-11T08:34:52.702+0300: 73.075: Total time for which application threads were stopped: 0.0018784 seconds, Stopping threads took: 0.0001537 seconds
2024-10-11T08:34:54.734+0300: 75.115: Application time: 2.0404203 seconds
2024-10-11T08:34:54.734+0300: 75.115: [GC pause (G1 Evacuation Pause) (young), 0.0014535 secs]
   [Parallel Time: 0.6 ms, GC Workers: 6]
      [GC Worker Start (ms): Min: 75115.4, Avg: 75115.5, Max: 75115.5, Diff: 0.1]
      [Ext Root Scanning (ms): Min: 0.2, Avg: 0.3, Max: 0.3, Diff: 0.1, Sum: 1.5]
      [Update RS (ms): Min: 0.0, Avg: 0.0, Max: 0.0, Diff: 0.0, Sum: 0.1]
         [Processed Buffers: Min: 0, Avg: 1.2, Max: 2, Diff: 2, Sum: 7]
      [Scan RS (ms): Min: 0.1, Avg: 0.1, Max: 0.1, Diff: 0.0, Sum: 0.6]
      [Code Root Scanning (ms): Min: 0.0, Avg: 0.0, Max: 0.0, Diff: 0.0, Sum: 0.0]
      [Object Copy (ms): Min: 0.1, Avg: 0.1, Max: 0.1, Diff: 0.0, Sum: 0.7]
      [Termination (ms): Min: 0.0, Avg: 0.0, Max: 0.0, Diff: 0.0, Sum: 0.1]
         [Termination Attempts: Min: 1, Avg: 1.0, Max: 1, Diff: 0, Sum: 6]
      [GC Worker Other (ms): Min: 0.0, Avg: 0.0, Max: 0.0, Diff: 0.0, Sum: 0.1]
      [GC Worker Total (ms): Min: 0.5, Avg: 0.5, Max: 0.5, Diff: 0.1, Sum: 3.1]
      [GC Worker End (ms): Min: 75116.0, Avg: 75116.0, Max: 75116.0, Diff: 0.0]
   [Code Root Fixup: 0.0 ms]
   [Code Root Purge: 0.0 ms]
   [Clear CT: 0.2 ms]
   [Other: 0.6 ms]
      [Choose CSet: 0.0 ms]
      [Ref Proc: 0.1 ms]
      [Ref Enq: 0.0 ms]
      [Redirty Cards: 0.1 ms]
      [Humongous Register: 0.0 ms]
      [Humongous Reclaim: 0.0 ms]
      [Free CSet: 0.3 ms]
   [Eden: 612.0M(612.0M)->0.0B(612.0M) Survivors: 2048.0K->2048.0K Heap: 617.7M(1024.0M)->5925.4K(1024.0M)]
 [Times: user=0.00 sys=0.00, real=0.00 secs] 
2024-10-11T08:34:54.734+0300: 75.117: Total time for which application threads were stopped: 0.0018121 seconds, Stopping threads took: 0.0001777 seconds
2024-10-11T08:34:56.774+0300: 77.154: Application time: 2.0367583 seconds
2024-10-11T08:34:56.774+0300: 77.154: [GC pause (G1 Evacuation Pause) (young), 0.0015169 secs]
   [Parallel Time: 0.6 ms, GC Workers: 6]
      [GC Worker Start (ms): Min: 77154.0, Avg: 77154.0, Max: 77154.1, Diff: 0.1]
      [Ext Root Scanning (ms): Min: 0.2, Avg: 0.2, Max: 0.3, Diff: 0.1, Sum: 1.5]
      [Update RS (ms): Min: 0.0, Avg: 0.0, Max: 0.0, Diff: 0.0, Sum: 0.1]
         [Processed Buffers: Min: 0, Avg: 1.0, Max: 4, Diff: 4, Sum: 6]
      [Scan RS (ms): Min: 0.0, Avg: 0.1, Max: 0.1, Diff: 0.1, Sum: 0.6]
      [Code Root Scanning (ms): Min: 0.0, Avg: 0.0, Max: 0.0, Diff: 0.0, Sum: 0.0]
      [Object Copy (ms): Min: 0.1, Avg: 0.1, Max: 0.2, Diff: 0.1, Sum: 0.8]
      [Termination (ms): Min: 0.0, Avg: 0.0, Max: 0.0, Diff: 0.0, Sum: 0.1]
         [Termination Attempts: Min: 1, Avg: 1.0, Max: 1, Diff: 0, Sum: 6]
      [GC Worker Other (ms): Min: 0.0, Avg: 0.0, Max: 0.0, Diff: 0.0, Sum: 0.2]
      [GC Worker Total (ms): Min: 0.5, Avg: 0.5, Max: 0.6, Diff: 0.1, Sum: 3.2]
      [GC Worker End (ms): Min: 77154.6, Avg: 77154.6, Max: 77154.6, Diff: 0.0]
   [Code Root Fixup: 0.0 ms]
   [Code Root Purge: 0.0 ms]
   [Clear CT: 0.2 ms]
   [Other: 0.7 ms]
      [Choose CSet: 0.0 ms]
      [Ref Proc: 0.2 ms]
      [Ref Enq: 0.0 ms]
      [Redirty Cards: 0.1 ms]
      [Humongous Register: 0.0 ms]
      [Humongous Reclaim: 0.0 ms]
      [Free CSet: 0.3 ms]
   [Eden: 612.0M(612.0M)->0.0B(612.0M) Survivors: 2048.0K->2048.0K Heap: 617.8M(1024.0M)->5930.2K(1024.0M)]
 [Times: user=0.00 sys=0.00, real=0.00 secs] 
2024-10-11T08:34:56.774+0300: 77.156: Total time for which application threads were stopped: 0.0018796 seconds, Stopping threads took: 0.0001626 seconds
2024-10-11T08:34:58.815+0300: 79.201: Application time: 2.0455368 seconds
2024-10-11T08:34:58.815+0300: 79.201: [GC pause (G1 Evacuation Pause) (young), 0.0015903 secs]
   [Parallel Time: 0.7 ms, GC Workers: 6]
      [GC Worker Start (ms): Min: 79201.4, Avg: 79201.5, Max: 79202.0, Diff: 0.6]
      [Ext Root Scanning (ms): Min: 0.0, Avg: 0.2, Max: 0.3, Diff: 0.3, Sum: 1.3]
      [Update RS (ms): Min: 0.0, Avg: 0.0, Max: 0.0, Diff: 0.0, Sum: 0.1]
         [Processed Buffers: Min: 0, Avg: 1.0, Max: 3, Diff: 3, Sum: 6]
      [Scan RS (ms): Min: 0.0, Avg: 0.1, Max: 0.1, Diff: 0.1, Sum: 0.6]
      [Code Root Scanning (ms): Min: 0.0, Avg: 0.0, Max: 0.0, Diff: 0.0, Sum: 0.0]
      [Object Copy (ms): Min: 0.0, Avg: 0.1, Max: 0.2, Diff: 0.2, Sum: 0.7]
      [Termination (ms): Min: 0.0, Avg: 0.0, Max: 0.1, Diff: 0.1, Sum: 0.2]
         [Termination Attempts: Min: 1, Avg: 1.3, Max: 3, Diff: 2, Sum: 8]
      [GC Worker Other (ms): Min: 0.0, Avg: 0.0, Max: 0.0, Diff: 0.0, Sum: 0.1]
      [GC Worker Total (ms): Min: 0.0, Avg: 0.5, Max: 0.6, Diff: 0.6, Sum: 3.0]
      [GC Worker End (ms): Min: 79202.0, Avg: 79202.0, Max: 79202.0, Diff: 0.0]
   [Code Root Fixup: 0.0 ms]
   [Code Root Purge: 0.0 ms]
   [Clear CT: 0.2 ms]
   [Other: 0.7 ms]
      [Choose CSet: 0.0 ms]
      [Ref Proc: 0.1 ms]
      [Ref Enq: 0.0 ms]
      [Redirty Cards: 0.1 ms]
      [Humongous Register: 0.0 ms]
      [Humongous Reclaim: 0.0 ms]
      [Free CSet: 0.3 ms]
   [Eden: 612.0M(612.0M)->0.0B(612.0M) Survivors: 2048.0K->2048.0K Heap: 617.8M(1024.0M)->5843.6K(1024.0M)]
 [Times: user=0.00 sys=0.00, real=0.01 secs] 
2024-10-11T08:34:58.830+0300: 79.203: Total time for which application threads were stopped: 0.0019380 seconds, Stopping threads took: 0.0001270 seconds
2024-10-11T08:34:59.835+0300: 80.207: Application time: 1.0037204 seconds
2024-10-11T08:34:59.835+0300: 80.207: Total time for which application threads were stopped: 0.0002988 seconds, Stopping threads took: 0.0002362 seconds
2024-10-11T08:35:00.854+0300: 81.240: Application time: 1.0332283 seconds
2024-10-11T08:35:00.854+0300: 81.241: [GC pause (G1 Evacuation Pause) (young), 0.0016806 secs]
   [Parallel Time: 0.6 ms, GC Workers: 6]
      [GC Worker Start (ms): Min: 81240.6, Avg: 81240.6, Max: 81240.7, Diff: 0.1]
      [Ext Root Scanning (ms): Min: 0.2, Avg: 0.3, Max: 0.3, Diff: 0.1, Sum: 1.5]
      [Update RS (ms): Min: 0.0, Avg: 0.0, Max: 0.0, Diff: 0.0, Sum: 0.1]
         [Processed Buffers: Min: 0, Avg: 1.2, Max: 5, Diff: 5, Sum: 7]
      [Scan RS (ms): Min: 0.1, Avg: 0.1, Max: 0.1, Diff: 0.0, Sum: 0.6]
      [Code Root Scanning (ms): Min: 0.0, Avg: 0.0, Max: 0.0, Diff: 0.0, Sum: 0.0]
      [Object Copy (ms): Min: 0.1, Avg: 0.1, Max: 0.2, Diff: 0.1, Sum: 0.8]
      [Termination (ms): Min: 0.0, Avg: 0.0, Max: 0.0, Diff: 0.0, Sum: 0.1]
         [Termination Attempts: Min: 1, Avg: 1.0, Max: 1, Diff: 0, Sum: 6]
      [GC Worker Other (ms): Min: 0.0, Avg: 0.0, Max: 0.0, Diff: 0.0, Sum: 0.1]
      [GC Worker Total (ms): Min: 0.5, Avg: 0.5, Max: 0.6, Diff: 0.1, Sum: 3.2]
      [GC Worker End (ms): Min: 81241.2, Avg: 81241.2, Max: 81241.2, Diff: 0.0]
   [Code Root Fixup: 0.0 ms]
   [Code Root Purge: 0.0 ms]
   [Clear CT: 0.2 ms]
   [Other: 0.8 ms]
      [Choose CSet: 0.0 ms]
      [Ref Proc: 0.2 ms]
      [Ref Enq: 0.0 ms]
      [Redirty Cards: 0.1 ms]
      [Humongous Register: 0.0 ms]
      [Humongous Reclaim: 0.0 ms]
      [Free CSet: 0.4 ms]
   [Eden: 612.0M(612.0M)->0.0B(612.0M) Survivors: 2048.0K->2048.0K Heap: 617.7M(1024.0M)->6048.4K(1024.0M)]
 [Times: user=0.00 sys=0.00, real=0.02 secs] 
2024-10-11T08:35:00.870+0300: 81.242: Total time for which application threads were stopped: 0.0020388 seconds, Stopping threads took: 0.0001428 seconds
2024-10-11T08:35:02.913+0300: 83.297: Application time: 2.0543620 seconds
2024-10-11T08:35:02.913+0300: 83.297: [GC pause (G1 Evacuation Pause) (young), 0.0015407 secs]
   [Parallel Time: 0.7 ms, GC Workers: 6]
      [GC Worker Start (ms): Min: 83297.0, Avg: 83297.1, Max: 83297.1, Diff: 0.1]
      [Ext Root Scanning (ms): Min: 0.2, Avg: 0.2, Max: 0.3, Diff: 0.1, Sum: 1.5]
      [Update RS (ms): Min: 0.0, Avg: 0.0, Max: 0.0, Diff: 0.0, Sum: 0.1]
         [Processed Buffers: Min: 0, Avg: 1.3, Max: 4, Diff: 4, Sum: 8]
      [Scan RS (ms): Min: 0.0, Avg: 0.1, Max: 0.1, Diff: 0.1, Sum: 0.5]
      [Code Root Scanning (ms): Min: 0.0, Avg: 0.0, Max: 0.0, Diff: 0.0, Sum: 0.0]
      [Object Copy (ms): Min: 0.1, Avg: 0.2, Max: 0.3, Diff: 0.1, Sum: 1.0]
      [Termination (ms): Min: 0.0, Avg: 0.0, Max: 0.0, Diff: 0.0, Sum: 0.1]
         [Termination Attempts: Min: 1, Avg: 1.0, Max: 1, Diff: 0, Sum: 6]
      [GC Worker Other (ms): Min: 0.0, Avg: 0.0, Max: 0.0, Diff: 0.0, Sum: 0.1]
      [GC Worker Total (ms): Min: 0.5, Avg: 0.6, Max: 0.6, Diff: 0.1, Sum: 3.3]
      [GC Worker End (ms): Min: 83297.6, Avg: 83297.6, Max: 83297.6, Diff: 0.0]
   [Code Root Fixup: 0.0 ms]
   [Code Root Purge: 0.0 ms]
   [Clear CT: 0.2 ms]
   [Other: 0.7 ms]
      [Choose CSet: 0.0 ms]
      [Ref Proc: 0.2 ms]
      [Ref Enq: 0.0 ms]
      [Redirty Cards: 0.1 ms]
      [Humongous Register: 0.0 ms]
      [Humongous Reclaim: 0.0 ms]
      [Free CSet: 0.3 ms]
   [Eden: 612.0M(612.0M)->0.0B(612.0M) Survivors: 2048.0K->2048.0K Heap: 617.9M(1024.0M)->5744.9K(1024.0M)]
 [Times: user=0.00 sys=0.00, real=0.01 secs] 
2024-10-11T08:35:02.927+0300: 83.299: Total time for which application threads were stopped: 0.0019587 seconds, Stopping threads took: 0.0001695 seconds
2024-10-11T08:35:04.998+0300: 85.382: Application time: 2.0836284 seconds
2024-10-11T08:35:04.998+0300: 85.382: [GC pause (G1 Evacuation Pause) (young), 0.0013799 secs]
   [Parallel Time: 0.6 ms, GC Workers: 6]
      [GC Worker Start (ms): Min: 85382.6, Avg: 85382.6, Max: 85382.9, Diff: 0.3]
      [Ext Root Scanning (ms): Min: 0.0, Avg: 0.2, Max: 0.3, Diff: 0.3, Sum: 1.4]
      [Update RS (ms): Min: 0.0, Avg: 0.0, Max: 0.0, Diff: 0.0, Sum: 0.1]
         [Processed Buffers: Min: 0, Avg: 1.0, Max: 2, Diff: 2, Sum: 6]
      [Scan RS (ms): Min: 0.1, Avg: 0.1, Max: 0.1, Diff: 0.0, Sum: 0.6]
      [Code Root Scanning (ms): Min: 0.0, Avg: 0.0, Max: 0.0, Diff: 0.0, Sum: 0.0]
      [Object Copy (ms): Min: 0.1, Avg: 0.1, Max: 0.2, Diff: 0.0, Sum: 0.9]
      [Termination (ms): Min: 0.0, Avg: 0.0, Max: 0.0, Diff: 0.0, Sum: 0.0]
         [Termination Attempts: Min: 1, Avg: 1.0, Max: 1, Diff: 0, Sum: 6]
      [GC Worker Other (ms): Min: 0.0, Avg: 0.0, Max: 0.0, Diff: 0.0, Sum: 0.2]
      [GC Worker Total (ms): Min: 0.3, Avg: 0.5, Max: 0.6, Diff: 0.3, Sum: 3.1]
      [GC Worker End (ms): Min: 85383.1, Avg: 85383.2, Max: 85383.2, Diff: 0.0]
   [Code Root Fixup: 0.0 ms]
   [Code Root Purge: 0.0 ms]
   [Clear CT: 0.2 ms]
   [Other: 0.6 ms]
      [Choose CSet: 0.0 ms]
      [Ref Proc: 0.1 ms]
      [Ref Enq: 0.0 ms]
      [Redirty Cards: 0.1 ms]
      [Humongous Register: 0.0 ms]
      [Humongous Reclaim: 0.0 ms]
      [Free CSet: 0.2 ms]
   [Eden: 612.0M(612.0M)->0.0B(612.0M) Survivors: 2048.0K->2048.0K Heap: 617.6M(1024.0M)->5894.2K(1024.0M)]
 [Times: user=0.00 sys=0.00, real=0.00 secs] 
2024-10-11T08:35:04.998+0300: 85.384: Total time for which application threads were stopped: 0.0017097 seconds, Stopping threads took: 0.0001408 seconds
2024-10-11T08:35:07.054+0300: 87.429: Application time: 2.0446092 seconds
2024-10-11T08:35:07.054+0300: 87.429: [GC pause (G1 Evacuation Pause) (young), 0.0014793 secs]
   [Parallel Time: 0.6 ms, GC Workers: 6]
      [GC Worker Start (ms): Min: 87428.9, Avg: 87428.9, Max: 87428.9, Diff: 0.0]
      [Ext Root Scanning (ms): Min: 0.2, Avg: 0.2, Max: 0.3, Diff: 0.1, Sum: 1.4]
      [Update RS (ms): Min: 0.0, Avg: 0.0, Max: 0.0, Diff: 0.0, Sum: 0.1]
         [Processed Buffers: Min: 0, Avg: 1.2, Max: 2, Diff: 2, Sum: 7]
      [Scan RS (ms): Min: 0.1, Avg: 0.1, Max: 0.1, Diff: 0.0, Sum: 0.6]
      [Code Root Scanning (ms): Min: 0.0, Avg: 0.0, Max: 0.0, Diff: 0.0, Sum: 0.0]
      [Object Copy (ms): Min: 0.1, Avg: 0.1, Max: 0.1, Diff: 0.0, Sum: 0.8]
      [Termination (ms): Min: 0.0, Avg: 0.0, Max: 0.0, Diff: 0.0, Sum: 0.1]
         [Termination Attempts: Min: 1, Avg: 1.0, Max: 1, Diff: 0, Sum: 6]
      [GC Worker Other (ms): Min: 0.0, Avg: 0.0, Max: 0.0, Diff: 0.0, Sum: 0.1]
      [GC Worker Total (ms): Min: 0.5, Avg: 0.5, Max: 0.5, Diff: 0.1, Sum: 3.0]
      [GC Worker End (ms): Min: 87429.4, Avg: 87429.4, Max: 87429.4, Diff: 0.0]
   [Code Root Fixup: 0.0 ms]
   [Code Root Purge: 0.0 ms]
   [Clear CT: 0.2 ms]
   [Other: 0.7 ms]
      [Choose CSet: 0.0 ms]
      [Ref Proc: 0.2 ms]
      [Ref Enq: 0.0 ms]
      [Redirty Cards: 0.1 ms]
      [Humongous Register: 0.0 ms]
      [Humongous Reclaim: 0.0 ms]
      [Free CSet: 0.2 ms]
   [Eden: 612.0M(612.0M)->0.0B(612.0M) Survivors: 2048.0K->2048.0K Heap: 617.8M(1024.0M)->5983.0K(1024.0M)]
 [Times: user=0.00 sys=0.00, real=0.00 secs] 
2024-10-11T08:35:07.054+0300: 87.430: Total time for which application threads were stopped: 0.0018041 seconds, Stopping threads took: 0.0001244 seconds
2024-10-11T08:35:09.110+0300: 89.489: Application time: 2.0589367 seconds
2024-10-11T08:35:09.110+0300: 89.490: [GC pause (G1 Evacuation Pause) (young), 0.0014301 secs]
   [Parallel Time: 0.6 ms, GC Workers: 6]
      [GC Worker Start (ms): Min: 89489.6, Avg: 89489.7, Max: 89489.7, Diff: 0.1]
      [Ext Root Scanning (ms): Min: 0.2, Avg: 0.3, Max: 0.3, Diff: 0.1, Sum: 1.5]
      [Update RS (ms): Min: 0.0, Avg: 0.0, Max: 0.0, Diff: 0.0, Sum: 0.1]
         [Processed Buffers: Min: 1, Avg: 1.2, Max: 2, Diff: 1, Sum: 7]
      [Scan RS (ms): Min: 0.1, Avg: 0.1, Max: 0.1, Diff: 0.0, Sum: 0.5]
      [Code Root Scanning (ms): Min: 0.0, Avg: 0.0, Max: 0.0, Diff: 0.0, Sum: 0.0]
      [Object Copy (ms): Min: 0.1, Avg: 0.1, Max: 0.1, Diff: 0.0, Sum: 0.7]
      [Termination (ms): Min: 0.0, Avg: 0.0, Max: 0.0, Diff: 0.0, Sum: 0.1]
         [Termination Attempts: Min: 1, Avg: 1.0, Max: 1, Diff: 0, Sum: 6]
      [GC Worker Other (ms): Min: 0.0, Avg: 0.0, Max: 0.0, Diff: 0.0, Sum: 0.1]
      [GC Worker Total (ms): Min: 0.5, Avg: 0.5, Max: 0.6, Diff: 0.1, Sum: 3.1]
      [GC Worker End (ms): Min: 89490.2, Avg: 89490.2, Max: 89490.2, Diff: 0.0]
   [Code Root Fixup: 0.0 ms]
   [Code Root Purge: 0.0 ms]
   [Clear CT: 0.2 ms]
   [Other: 0.6 ms]
      [Choose CSet: 0.0 ms]
      [Ref Proc: 0.2 ms]
      [Ref Enq: 0.0 ms]
      [Redirty Cards: 0.1 ms]
      [Humongous Register: 0.0 ms]
      [Humongous Reclaim: 0.0 ms]
      [Free CSet: 0.2 ms]
   [Eden: 612.0M(612.0M)->0.0B(612.0M) Survivors: 2048.0K->2048.0K Heap: 617.8M(1024.0M)->5755.6K(1024.0M)]
 [Times: user=0.00 sys=0.00, real=0.00 secs] 
2024-10-11T08:35:09.110+0300: 89.491: Total time for which application threads were stopped: 0.0017416 seconds, Stopping threads took: 0.0001192 seconds
2024-10-11T08:35:11.150+0300: 91.526: Application time: 2.0349776 seconds
2024-10-11T08:35:11.150+0300: 91.526: [GC pause (G1 Evacuation Pause) (young), 0.0014521 secs]
   [Parallel Time: 0.6 ms, GC Workers: 6]
      [GC Worker Start (ms): Min: 91526.4, Avg: 91526.4, Max: 91526.5, Diff: 0.1]
      [Ext Root Scanning (ms): Min: 0.2, Avg: 0.2, Max: 0.3, Diff: 0.1, Sum: 1.3]
      [Update RS (ms): Min: 0.0, Avg: 0.0, Max: 0.0, Diff: 0.0, Sum: 0.1]
         [Processed Buffers: Min: 0, Avg: 1.2, Max: 2, Diff: 2, Sum: 7]
      [Scan RS (ms): Min: 0.1, Avg: 0.1, Max: 0.1, Diff: 0.0, Sum: 0.6]
      [Code Root Scanning (ms): Min: 0.0, Avg: 0.0, Max: 0.0, Diff: 0.0, Sum: 0.0]
      [Object Copy (ms): Min: 0.1, Avg: 0.1, Max: 0.2, Diff: 0.1, Sum: 0.8]
      [Termination (ms): Min: 0.0, Avg: 0.0, Max: 0.0, Diff: 0.0, Sum: 0.0]
         [Termination Attempts: Min: 1, Avg: 1.0, Max: 1, Diff: 0, Sum: 6]
      [GC Worker Other (ms): Min: 0.0, Avg: 0.0, Max: 0.0, Diff: 0.0, Sum: 0.1]
      [GC Worker Total (ms): Min: 0.4, Avg: 0.5, Max: 0.5, Diff: 0.1, Sum: 2.9]
      [GC Worker End (ms): Min: 91526.9, Avg: 91526.9, Max: 91526.9, Diff: 0.0]
   [Code Root Fixup: 0.0 ms]
   [Code Root Purge: 0.0 ms]
   [Clear CT: 0.2 ms]
   [Other: 0.7 ms]
      [Choose CSet: 0.0 ms]
      [Ref Proc: 0.2 ms]
      [Ref Enq: 0.0 ms]
      [Redirty Cards: 0.1 ms]
      [Humongous Register: 0.0 ms]
      [Humongous Reclaim: 0.0 ms]
      [Free CSet: 0.3 ms]
   [Eden: 612.0M(612.0M)->0.0B(612.0M) Survivors: 2048.0K->2048.0K Heap: 617.6M(1024.0M)->5776.8K(1024.0M)]
 [Times: user=0.00 sys=0.00, real=0.00 secs] 
2024-10-11T08:35:11.150+0300: 91.528: Total time for which application threads were stopped: 0.0018092 seconds, Stopping threads took: 0.0001325 seconds
2024-10-11T08:35:13.189+0300: 93.567: Application time: 2.0391564 seconds
2024-10-11T08:35:13.189+0300: 93.567: [GC pause (G1 Evacuation Pause) (young), 0.0014352 secs]
   [Parallel Time: 0.6 ms, GC Workers: 6]
      [GC Worker Start (ms): Min: 93567.3, Avg: 93567.4, Max: 93567.4, Diff: 0.0]
      [Ext Root Scanning (ms): Min: 0.2, Avg: 0.2, Max: 0.3, Diff: 0.0, Sum: 1.5]
      [Update RS (ms): Min: 0.0, Avg: 0.0, Max: 0.0, Diff: 0.0, Sum: 0.1]
         [Processed Buffers: Min: 0, Avg: 1.2, Max: 2, Diff: 2, Sum: 7]
      [Scan RS (ms): Min: 0.1, Avg: 0.1, Max: 0.1, Diff: 0.0, Sum: 0.6]
      [Code Root Scanning (ms): Min: 0.0, Avg: 0.0, Max: 0.0, Diff: 0.0, Sum: 0.0]
      [Object Copy (ms): Min: 0.1, Avg: 0.1, Max: 0.2, Diff: 0.0, Sum: 0.8]
      [Termination (ms): Min: 0.0, Avg: 0.0, Max: 0.0, Diff: 0.0, Sum: 0.1]
         [Termination Attempts: Min: 1, Avg: 1.0, Max: 1, Diff: 0, Sum: 6]
      [GC Worker Other (ms): Min: 0.0, Avg: 0.0, Max: 0.0, Diff: 0.0, Sum: 0.1]
      [GC Worker Total (ms): Min: 0.5, Avg: 0.5, Max: 0.5, Diff: 0.0, Sum: 3.1]
      [GC Worker End (ms): Min: 93567.9, Avg: 93567.9, Max: 93567.9, Diff: 0.0]
   [Code Root Fixup: 0.0 ms]
   [Code Root Purge: 0.0 ms]
   [Clear CT: 0.2 ms]
   [Other: 0.6 ms]
      [Choose CSet: 0.0 ms]
      [Ref Proc: 0.1 ms]
      [Ref Enq: 0.0 ms]
      [Redirty Cards: 0.1 ms]
      [Humongous Register: 0.0 ms]
      [Humongous Reclaim: 0.0 ms]
      [Free CSet: 0.3 ms]
   [Eden: 612.0M(612.0M)->0.0B(612.0M) Survivors: 2048.0K->2048.0K Heap: 617.6M(1024.0M)->5810.5K(1024.0M)]
 [Times: user=0.01 sys=0.00, real=0.00 secs] 
2024-10-11T08:35:13.189+0300: 93.569: Total time for which application threads were stopped: 0.0017744 seconds, Stopping threads took: 0.0001338 seconds
2024-10-11T08:35:15.245+0300: 95.621: Application time: 2.0522329 seconds
2024-10-11T08:35:15.245+0300: 95.621: [GC pause (G1 Evacuation Pause) (young), 0.0014567 secs]
   [Parallel Time: 0.6 ms, GC Workers: 6]
      [GC Worker Start (ms): Min: 95621.3, Avg: 95621.4, Max: 95621.6, Diff: 0.2]
      [Ext Root Scanning (ms): Min: 0.1, Avg: 0.2, Max: 0.3, Diff: 0.2, Sum: 1.4]
      [Update RS (ms): Min: 0.0, Avg: 0.0, Max: 0.0, Diff: 0.0, Sum: 0.1]
         [Processed Buffers: Min: 1, Avg: 1.2, Max: 2, Diff: 1, Sum: 7]
      [Scan RS (ms): Min: 0.1, Avg: 0.1, Max: 0.1, Diff: 0.0, Sum: 0.5]
      [Code Root Scanning (ms): Min: 0.0, Avg: 0.0, Max: 0.0, Diff: 0.0, Sum: 0.0]
      [Object Copy (ms): Min: 0.1, Avg: 0.1, Max: 0.1, Diff: 0.0, Sum: 0.8]
      [Termination (ms): Min: 0.0, Avg: 0.0, Max: 0.0, Diff: 0.0, Sum: 0.1]
         [Termination Attempts: Min: 1, Avg: 1.2, Max: 2, Diff: 1, Sum: 7]
      [GC Worker Other (ms): Min: 0.0, Avg: 0.0, Max: 0.0, Diff: 0.0, Sum: 0.2]
      [GC Worker Total (ms): Min: 0.3, Avg: 0.5, Max: 0.5, Diff: 0.2, Sum: 3.0]
      [GC Worker End (ms): Min: 95621.9, Avg: 95621.9, Max: 95621.9, Diff: 0.0]
   [Code Root Fixup: 0.0 ms]
   [Code Root Purge: 0.0 ms]
   [Clear CT: 0.2 ms]
   [Other: 0.7 ms]
      [Choose CSet: 0.0 ms]
      [Ref Proc: 0.2 ms]
      [Ref Enq: 0.0 ms]
      [Redirty Cards: 0.1 ms]
      [Humongous Register: 0.0 ms]
      [Humongous Reclaim: 0.0 ms]
      [Free CSet: 0.3 ms]
   [Eden: 612.0M(612.0M)->0.0B(612.0M) Survivors: 2048.0K->2048.0K Heap: 617.7M(1024.0M)->6058.7K(1024.0M)]
 [Times: user=0.00 sys=0.00, real=0.00 secs] 
2024-10-11T08:35:15.245+0300: 95.623: Total time for which application threads were stopped: 0.0018006 seconds, Stopping threads took: 0.0001230 seconds
2024-10-11T08:35:17.270+0300: 97.654: Application time: 2.0313948 seconds
2024-10-11T08:35:17.270+0300: 97.654: [GC pause (G1 Evacuation Pause) (young), 0.0015958 secs]
   [Parallel Time: 0.7 ms, GC Workers: 6]
      [GC Worker Start (ms): Min: 97654.6, Avg: 97654.7, Max: 97655.2, Diff: 0.6]
      [Ext Root Scanning (ms): Min: 0.0, Avg: 0.2, Max: 0.3, Diff: 0.3, Sum: 1.4]
      [Update RS (ms): Min: 0.0, Avg: 0.0, Max: 0.0, Diff: 0.0, Sum: 0.1]
         [Processed Buffers: Min: 0, Avg: 1.2, Max: 3, Diff: 3, Sum: 7]
      [Scan RS (ms): Min: 0.0, Avg: 0.1, Max: 0.1, Diff: 0.1, Sum: 0.6]
      [Code Root Scanning (ms): Min: 0.0, Avg: 0.0, Max: 0.0, Diff: 0.0, Sum: 0.0]
      [Object Copy (ms): Min: 0.0, Avg: 0.1, Max: 0.2, Diff: 0.2, Sum: 0.8]
      [Termination (ms): Min: 0.0, Avg: 0.0, Max: 0.1, Diff: 0.1, Sum: 0.3]
         [Termination Attempts: Min: 1, Avg: 1.0, Max: 1, Diff: 0, Sum: 6]
      [GC Worker Other (ms): Min: 0.0, Avg: 0.0, Max: 0.0, Diff: 0.0, Sum: 0.1]
      [GC Worker Total (ms): Min: 0.0, Avg: 0.5, Max: 0.7, Diff: 0.7, Sum: 3.3]
      [GC Worker End (ms): Min: 97655.2, Avg: 97655.2, Max: 97655.2, Diff: 0.0]
   [Code Root Fixup: 0.0 ms]
   [Code Root Purge: 0.0 ms]
   [Clear CT: 0.2 ms]
   [Other: 0.7 ms]
      [Choose CSet: 0.0 ms]
      [Ref Proc: 0.1 ms]
      [Ref Enq: 0.0 ms]
      [Redirty Cards: 0.1 ms]
      [Humongous Register: 0.0 ms]
      [Humongous Reclaim: 0.0 ms]
      [Free CSet: 0.3 ms]
   [Eden: 612.0M(612.0M)->0.0B(612.0M) Survivors: 2048.0K->2048.0K Heap: 617.9M(1024.0M)->5777.0K(1024.0M)]
 [Times: user=0.00 sys=0.00, real=0.00 secs] 
2024-10-11T08:35:17.270+0300: 97.656: Total time for which application threads were stopped: 0.0019242 seconds, Stopping threads took: 0.0001391 seconds
2024-10-11T08:35:19.311+0300: 99.690: Application time: 2.0337565 seconds
2024-10-11T08:35:19.311+0300: 99.690: [GC pause (G1 Evacuation Pause) (young), 0.0015832 secs]
   [Parallel Time: 0.7 ms, GC Workers: 6]
      [GC Worker Start (ms): Min: 99690.3, Avg: 99690.3, Max: 99690.4, Diff: 0.1]
      [Ext Root Scanning (ms): Min: 0.2, Avg: 0.2, Max: 0.3, Diff: 0.1, Sum: 1.4]
      [Update RS (ms): Min: 0.0, Avg: 0.1, Max: 0.3, Diff: 0.3, Sum: 0.4]
         [Processed Buffers: Min: 0, Avg: 1.2, Max: 4, Diff: 4, Sum: 7]
      [Scan RS (ms): Min: 0.0, Avg: 0.1, Max: 0.1, Diff: 0.1, Sum: 0.6]
      [Code Root Scanning (ms): Min: 0.0, Avg: 0.0, Max: 0.0, Diff: 0.0, Sum: 0.0]
      [Object Copy (ms): Min: 0.0, Avg: 0.1, Max: 0.2, Diff: 0.2, Sum: 0.8]
      [Termination (ms): Min: 0.0, Avg: 0.0, Max: 0.0, Diff: 0.0, Sum: 0.2]
         [Termination Attempts: Min: 1, Avg: 1.3, Max: 2, Diff: 1, Sum: 8]
      [GC Worker Other (ms): Min: 0.0, Avg: 0.0, Max: 0.0, Diff: 0.0, Sum: 0.1]
      [GC Worker Total (ms): Min: 0.5, Avg: 0.6, Max: 0.6, Diff: 0.1, Sum: 3.6]
      [GC Worker End (ms): Min: 99690.9, Avg: 99690.9, Max: 99690.9, Diff: 0.0]
   [Code Root Fixup: 0.0 ms]
   [Code Root Purge: 0.0 ms]
   [Clear CT: 0.2 ms]
   [Other: 0.7 ms]
      [Choose CSet: 0.0 ms]
      [Ref Proc: 0.2 ms]
      [Ref Enq: 0.0 ms]
      [Redirty Cards: 0.1 ms]
      [Humongous Register: 0.0 ms]
      [Humongous Reclaim: 0.0 ms]
      [Free CSet: 0.3 ms]
   [Eden: 612.0M(612.0M)->0.0B(612.0M) Survivors: 2048.0K->2048.0K Heap: 617.6M(1024.0M)->5879.4K(1024.0M)]
 [Times: user=0.00 sys=0.00, real=0.00 secs] 
2024-10-11T08:35:19.311+0300: 99.692: Total time for which application threads were stopped: 0.0019714 seconds, Stopping threads took: 0.0001718 seconds
2024-10-11T08:35:21.366+0300: 101.749: Application time: 2.0568505 seconds
2024-10-11T08:35:21.366+0300: 101.749: [GC pause (G1 Evacuation Pause) (young), 0.0014710 secs]
   [Parallel Time: 0.6 ms, GC Workers: 6]
      [GC Worker Start (ms): Min: 101749.1, Avg: 101749.2, Max: 101749.3, Diff: 0.2]
      [Ext Root Scanning (ms): Min: 0.1, Avg: 0.2, Max: 0.3, Diff: 0.2, Sum: 1.4]
      [Update RS (ms): Min: 0.0, Avg: 0.0, Max: 0.0, Diff: 0.0, Sum: 0.1]
         [Processed Buffers: Min: 1, Avg: 1.2, Max: 2, Diff: 1, Sum: 7]
      [Scan RS (ms): Min: 0.1, Avg: 0.1, Max: 0.1, Diff: 0.0, Sum: 0.6]
      [Code Root Scanning (ms): Min: 0.0, Avg: 0.0, Max: 0.0, Diff: 0.0, Sum: 0.0]
      [Object Copy (ms): Min: 0.1, Avg: 0.1, Max: 0.1, Diff: 0.0, Sum: 0.8]
      [Termination (ms): Min: 0.0, Avg: 0.0, Max: 0.0, Diff: 0.0, Sum: 0.1]
         [Termination Attempts: Min: 1, Avg: 1.0, Max: 1, Diff: 0, Sum: 6]
      [GC Worker Other (ms): Min: 0.0, Avg: 0.0, Max: 0.0, Diff: 0.0, Sum: 0.1]
      [GC Worker Total (ms): Min: 0.3, Avg: 0.5, Max: 0.6, Diff: 0.2, Sum: 3.0]
      [GC Worker End (ms): Min: 101749.7, Avg: 101749.7, Max: 101749.7, Diff: 0.0]
   [Code Root Fixup: 0.0 ms]
   [Code Root Purge: 0.0 ms]
   [Clear CT: 0.2 ms]
   [Other: 0.7 ms]
      [Choose CSet: 0.0 ms]
      [Ref Proc: 0.2 ms]
      [Ref Enq: 0.0 ms]
      [Redirty Cards: 0.1 ms]
      [Humongous Register: 0.0 ms]
      [Humongous Reclaim: 0.0 ms]
      [Free CSet: 0.3 ms]
   [Eden: 612.0M(612.0M)->0.0B(612.0M) Survivors: 2048.0K->2048.0K Heap: 617.7M(1024.0M)->5781.8K(1024.0M)]
 [Times: user=0.00 sys=0.00, real=0.00 secs] 
2024-10-11T08:35:21.366+0300: 101.751: Total time for which application threads were stopped: 0.0018460 seconds, Stopping threads took: 0.0001794 seconds
2024-10-11T08:35:23.404+0300: 103.792: Application time: 2.0411137 seconds
2024-10-11T08:35:23.404+0300: 103.792: [GC pause (G1 Evacuation Pause) (young), 0.0015954 secs]
   [Parallel Time: 0.8 ms, GC Workers: 6]
      [GC Worker Start (ms): Min: 103792.0, Avg: 103792.3, Max: 103792.7, Diff: 0.7]
      [Ext Root Scanning (ms): Min: 0.0, Avg: 0.2, Max: 0.4, Diff: 0.4, Sum: 1.3]
      [Update RS (ms): Min: 0.0, Avg: 0.0, Max: 0.0, Diff: 0.0, Sum: 0.1]
         [Processed Buffers: Min: 0, Avg: 1.2, Max: 4, Diff: 4, Sum: 7]
      [Scan RS (ms): Min: 0.0, Avg: 0.1, Max: 0.1, Diff: 0.1, Sum: 0.5]
      [Code Root Scanning (ms): Min: 0.0, Avg: 0.0, Max: 0.0, Diff: 0.0, Sum: 0.0]
      [Object Copy (ms): Min: 0.0, Avg: 0.1, Max: 0.2, Diff: 0.2, Sum: 0.7]
      [Termination (ms): Min: 0.0, Avg: 0.0, Max: 0.0, Diff: 0.0, Sum: 0.2]
         [Termination Attempts: Min: 1, Avg: 1.0, Max: 1, Diff: 0, Sum: 6]
      [GC Worker Other (ms): Min: 0.0, Avg: 0.0, Max: 0.0, Diff: 0.0, Sum: 0.1]
      [GC Worker Total (ms): Min: 0.0, Avg: 0.5, Max: 0.7, Diff: 0.7, Sum: 2.9]
      [GC Worker End (ms): Min: 103792.8, Avg: 103792.8, Max: 103792.8, Diff: 0.0]
   [Code Root Fixup: 0.0 ms]
   [Code Root Purge: 0.0 ms]
   [Clear CT: 0.2 ms]
   [Other: 0.6 ms]
      [Choose CSet: 0.0 ms]
      [Ref Proc: 0.1 ms]
      [Ref Enq: 0.0 ms]
      [Redirty Cards: 0.1 ms]
      [Humongous Register: 0.0 ms]
      [Humongous Reclaim: 0.0 ms]
      [Free CSet: 0.3 ms]
   [Eden: 612.0M(612.0M)->0.0B(612.0M) Survivors: 2048.0K->2048.0K Heap: 617.6M(1024.0M)->5972.5K(1024.0M)]
 [Times: user=0.00 sys=0.00, real=0.02 secs] 
2024-10-11T08:35:23.420+0300: 103.794: Total time for which application threads were stopped: 0.0019411 seconds, Stopping threads took: 0.0001579 seconds
2024-10-11T08:35:25.444+0300: 105.825: Application time: 2.0316626 seconds
2024-10-11T08:35:25.444+0300: 105.826: [GC pause (G1 Evacuation Pause) (young), 0.0013547 secs]
   [Parallel Time: 0.6 ms, GC Workers: 6]
      [GC Worker Start (ms): Min: 105825.6, Avg: 105825.7, Max: 105825.7, Diff: 0.1]
      [Ext Root Scanning (ms): Min: 0.2, Avg: 0.2, Max: 0.3, Diff: 0.1, Sum: 1.5]
      [Update RS (ms): Min: 0.0, Avg: 0.0, Max: 0.0, Diff: 0.0, Sum: 0.1]
         [Processed Buffers: Min: 0, Avg: 1.0, Max: 2, Diff: 2, Sum: 6]
      [Scan RS (ms): Min: 0.1, Avg: 0.1, Max: 0.1, Diff: 0.0, Sum: 0.5]
      [Code Root Scanning (ms): Min: 0.0, Avg: 0.0, Max: 0.0, Diff: 0.0, Sum: 0.0]
      [Object Copy (ms): Min: 0.1, Avg: 0.1, Max: 0.2, Diff: 0.0, Sum: 0.8]
      [Termination (ms): Min: 0.0, Avg: 0.0, Max: 0.0, Diff: 0.0, Sum: 0.0]
         [Termination Attempts: Min: 1, Avg: 1.0, Max: 1, Diff: 0, Sum: 6]
      [GC Worker Other (ms): Min: 0.0, Avg: 0.0, Max: 0.0, Diff: 0.0, Sum: 0.2]
      [GC Worker Total (ms): Min: 0.5, Avg: 0.5, Max: 0.5, Diff: 0.1, Sum: 3.1]
      [GC Worker End (ms): Min: 105826.2, Avg: 105826.2, Max: 105826.2, Diff: 0.0]
   [Code Root Fixup: 0.0 ms]
   [Code Root Purge: 0.0 ms]
   [Clear CT: 0.2 ms]
   [Other: 0.6 ms]
      [Choose CSet: 0.0 ms]
      [Ref Proc: 0.1 ms]
      [Ref Enq: 0.0 ms]
      [Redirty Cards: 0.1 ms]
      [Humongous Register: 0.0 ms]
      [Humongous Reclaim: 0.0 ms]
      [Free CSet: 0.3 ms]
   [Eden: 612.0M(612.0M)->0.0B(612.0M) Survivors: 2048.0K->2048.0K Heap: 617.8M(1024.0M)->5892.0K(1024.0M)]
 [Times: user=0.00 sys=0.00, real=0.01 secs] 
2024-10-11T08:35:25.455+0300: 105.827: Total time for which application threads were stopped: 0.0016966 seconds, Stopping threads took: 0.0001378 seconds
2024-10-11T08:35:27.483+0300: 107.865: Application time: 2.0384704 seconds
2024-10-11T08:35:27.483+0300: 107.866: [GC pause (G1 Evacuation Pause) (young), 0.0013941 secs]
   [Parallel Time: 0.6 ms, GC Workers: 6]
      [GC Worker Start (ms): Min: 107865.8, Avg: 107865.8, Max: 107865.9, Diff: 0.1]
      [Ext Root Scanning (ms): Min: 0.2, Avg: 0.2, Max: 0.3, Diff: 0.1, Sum: 1.5]
      [Update RS (ms): Min: 0.0, Avg: 0.0, Max: 0.0, Diff: 0.0, Sum: 0.1]
         [Processed Buffers: Min: 0, Avg: 1.2, Max: 3, Diff: 3, Sum: 7]
      [Scan RS (ms): Min: 0.1, Avg: 0.1, Max: 0.1, Diff: 0.0, Sum: 0.6]
      [Code Root Scanning (ms): Min: 0.0, Avg: 0.0, Max: 0.0, Diff: 0.0, Sum: 0.0]
      [Object Copy (ms): Min: 0.1, Avg: 0.1, Max: 0.2, Diff: 0.0, Sum: 0.9]
      [Termination (ms): Min: 0.0, Avg: 0.0, Max: 0.0, Diff: 0.0, Sum: 0.1]
         [Termination Attempts: Min: 1, Avg: 1.0, Max: 1, Diff: 0, Sum: 6]
      [GC Worker Other (ms): Min: 0.0, Avg: 0.0, Max: 0.0, Diff: 0.0, Sum: 0.1]
      [GC Worker Total (ms): Min: 0.5, Avg: 0.5, Max: 0.6, Diff: 0.0, Sum: 3.2]
      [GC Worker End (ms): Min: 107866.4, Avg: 107866.4, Max: 107866.4, Diff: 0.0]
   [Code Root Fixup: 0.0 ms]
   [Code Root Purge: 0.0 ms]
   [Clear CT: 0.2 ms]
   [Other: 0.6 ms]
      [Choose CSet: 0.0 ms]
      [Ref Proc: 0.1 ms]
      [Ref Enq: 0.0 ms]
      [Redirty Cards: 0.1 ms]
      [Humongous Register: 0.0 ms]
      [Humongous Reclaim: 0.0 ms]
      [Free CSet: 0.3 ms]
   [Eden: 612.0M(612.0M)->0.0B(612.0M) Survivors: 2048.0K->2048.0K Heap: 617.8M(1024.0M)->6081.6K(1024.0M)]
 [Times: user=0.00 sys=0.00, real=0.00 secs] 
2024-10-11T08:35:27.483+0300: 107.867: Total time for which application threads were stopped: 0.0017349 seconds, Stopping threads took: 0.0001592 seconds
2024-10-11T08:35:29.538+0300: 109.918: Application time: 2.0509479 seconds
2024-10-11T08:35:29.538+0300: 109.918: [GC pause (G1 Evacuation Pause) (young), 0.0012910 secs]
   [Parallel Time: 0.6 ms, GC Workers: 6]
      [GC Worker Start (ms): Min: 109918.4, Avg: 109918.5, Max: 109918.5, Diff: 0.1]
      [Ext Root Scanning (ms): Min: 0.2, Avg: 0.2, Max: 0.3, Diff: 0.1, Sum: 1.4]
      [Update RS (ms): Min: 0.0, Avg: 0.0, Max: 0.0, Diff: 0.0, Sum: 0.1]
         [Processed Buffers: Min: 0, Avg: 1.2, Max: 2, Diff: 2, Sum: 7]
      [Scan RS (ms): Min: 0.1, Avg: 0.1, Max: 0.1, Diff: 0.0, Sum: 0.5]
      [Code Root Scanning (ms): Min: 0.0, Avg: 0.0, Max: 0.0, Diff: 0.0, Sum: 0.0]
      [Object Copy (ms): Min: 0.1, Avg: 0.1, Max: 0.2, Diff: 0.0, Sum: 0.9]
      [Termination (ms): Min: 0.0, Avg: 0.0, Max: 0.0, Diff: 0.0, Sum: 0.1]
         [Termination Attempts: Min: 1, Avg: 1.0, Max: 1, Diff: 0, Sum: 6]
      [GC Worker Other (ms): Min: 0.0, Avg: 0.0, Max: 0.0, Diff: 0.0, Sum: 0.1]
      [GC Worker Total (ms): Min: 0.5, Avg: 0.5, Max: 0.5, Diff: 0.1, Sum: 3.0]
      [GC Worker End (ms): Min: 109919.0, Avg: 109919.0, Max: 109919.0, Diff: 0.0]
   [Code Root Fixup: 0.0 ms]
   [Code Root Purge: 0.0 ms]
   [Clear CT: 0.2 ms]
   [Other: 0.5 ms]
      [Choose CSet: 0.0 ms]
      [Ref Proc: 0.1 ms]
      [Ref Enq: 0.0 ms]
      [Redirty Cards: 0.1 ms]
      [Humongous Register: 0.0 ms]
      [Humongous Reclaim: 0.0 ms]
      [Free CSet: 0.2 ms]
   [Eden: 612.0M(612.0M)->0.0B(612.0M) Survivors: 2048.0K->2048.0K Heap: 617.9M(1024.0M)->5782.8K(1024.0M)]
 [Times: user=0.00 sys=0.00, real=0.00 secs] 
2024-10-11T08:35:29.538+0300: 109.920: Total time for which application threads were stopped: 0.0016088 seconds, Stopping threads took: 0.0001341 seconds
2024-10-11T08:35:31.593+0300: 111.966: Application time: 2.0461205 seconds
2024-10-11T08:35:31.593+0300: 111.966: [GC pause (G1 Evacuation Pause) (young), 0.0013659 secs]
   [Parallel Time: 0.6 ms, GC Workers: 6]
      [GC Worker Start (ms): Min: 111966.2, Avg: 111966.2, Max: 111966.3, Diff: 0.1]
      [Ext Root Scanning (ms): Min: 0.2, Avg: 0.2, Max: 0.3, Diff: 0.1, Sum: 1.5]
      [Update RS (ms): Min: 0.0, Avg: 0.0, Max: 0.0, Diff: 0.0, Sum: 0.1]
         [Processed Buffers: Min: 0, Avg: 1.2, Max: 3, Diff: 3, Sum: 7]
      [Scan RS (ms): Min: 0.1, Avg: 0.1, Max: 0.1, Diff: 0.1, Sum: 0.6]
      [Code Root Scanning (ms): Min: 0.0, Avg: 0.0, Max: 0.0, Diff: 0.0, Sum: 0.0]
      [Object Copy (ms): Min: 0.1, Avg: 0.1, Max: 0.2, Diff: 0.1, Sum: 0.7]
      [Termination (ms): Min: 0.0, Avg: 0.0, Max: 0.0, Diff: 0.0, Sum: 0.0]
         [Termination Attempts: Min: 1, Avg: 1.0, Max: 1, Diff: 0, Sum: 6]
      [GC Worker Other (ms): Min: 0.0, Avg: 0.0, Max: 0.0, Diff: 0.0, Sum: 0.1]
      [GC Worker Total (ms): Min: 0.5, Avg: 0.5, Max: 0.5, Diff: 0.1, Sum: 3.1]
      [GC Worker End (ms): Min: 111966.7, Avg: 111966.7, Max: 111966.8, Diff: 0.0]
   [Code Root Fixup: 0.0 ms]
   [Code Root Purge: 0.0 ms]
   [Clear CT: 0.2 ms]
   [Other: 0.6 ms]
      [Choose CSet: 0.0 ms]
      [Ref Proc: 0.1 ms]
      [Ref Enq: 0.0 ms]
      [Redirty Cards: 0.1 ms]
      [Humongous Register: 0.0 ms]
      [Humongous Reclaim: 0.0 ms]
      [Free CSet: 0.3 ms]
   [Eden: 612.0M(612.0M)->0.0B(612.0M) Survivors: 2048.0K->2048.0K Heap: 617.6M(1024.0M)->5914.8K(1024.0M)]
 [Times: user=0.00 sys=0.00, real=0.00 secs] 
2024-10-11T08:35:31.593+0300: 111.968: Total time for which application threads were stopped: 0.0016977 seconds, Stopping threads took: 0.0001567 seconds
2024-10-11T08:35:32.598+0300: 112.970: Application time: 1.0020656 seconds
2024-10-11T08:35:32.598+0300: 112.970: Total time for which application threads were stopped: 0.0002464 seconds, Stopping threads took: 0.0001716 seconds
2024-10-11T08:35:33.633+0300: 114.007: Application time: 1.0372100 seconds
2024-10-11T08:35:33.633+0300: 114.007: [GC pause (G1 Evacuation Pause) (young), 0.0014560 secs]
   [Parallel Time: 0.6 ms, GC Workers: 6]
      [GC Worker Start (ms): Min: 114007.5, Avg: 114007.5, Max: 114007.5, Diff: 0.0]
      [Ext Root Scanning (ms): Min: 0.2, Avg: 0.2, Max: 0.3, Diff: 0.0, Sum: 1.4]
      [Update RS (ms): Min: 0.0, Avg: 0.0, Max: 0.0, Diff: 0.0, Sum: 0.1]
         [Processed Buffers: Min: 0, Avg: 1.0, Max: 4, Diff: 4, Sum: 6]
      [Scan RS (ms): Min: 0.1, Avg: 0.1, Max: 0.1, Diff: 0.0, Sum: 0.6]
      [Code Root Scanning (ms): Min: 0.0, Avg: 0.0, Max: 0.0, Diff: 0.0, Sum: 0.0]
      [Object Copy (ms): Min: 0.1, Avg: 0.1, Max: 0.2, Diff: 0.1, Sum: 0.8]
      [Termination (ms): Min: 0.0, Avg: 0.0, Max: 0.0, Diff: 0.0, Sum: 0.1]
         [Termination Attempts: Min: 1, Avg: 1.0, Max: 1, Diff: 0, Sum: 6]
      [GC Worker Other (ms): Min: 0.0, Avg: 0.0, Max: 0.0, Diff: 0.0, Sum: 0.1]
      [GC Worker Total (ms): Min: 0.5, Avg: 0.5, Max: 0.5, Diff: 0.0, Sum: 3.0]
      [GC Worker End (ms): Min: 114008.0, Avg: 114008.0, Max: 114008.0, Diff: 0.0]
   [Code Root Fixup: 0.0 ms]
   [Code Root Purge: 0.0 ms]
   [Clear CT: 0.2 ms]
   [Other: 0.7 ms]
      [Choose CSet: 0.0 ms]
      [Ref Proc: 0.2 ms]
      [Ref Enq: 0.0 ms]
      [Redirty Cards: 0.1 ms]
      [Humongous Register: 0.1 ms]
      [Humongous Reclaim: 0.0 ms]
      [Free CSet: 0.3 ms]
   [Eden: 612.0M(612.0M)->0.0B(612.0M) Survivors: 2048.0K->2048.0K Heap: 617.8M(1024.0M)->5909.1K(1024.0M)]
 [Times: user=0.00 sys=0.00, real=0.00 secs] 
2024-10-11T08:35:33.633+0300: 114.009: Total time for which application threads were stopped: 0.0018109 seconds, Stopping threads took: 0.0001451 seconds
2024-10-11T08:35:35.675+0300: 116.057: Application time: 2.0479508 seconds
2024-10-11T08:35:35.675+0300: 116.057: [GC pause (G1 Evacuation Pause) (young), 0.0014115 secs]
   [Parallel Time: 0.7 ms, GC Workers: 6]
      [GC Worker Start (ms): Min: 116057.2, Avg: 116057.3, Max: 116057.5, Diff: 0.3]
      [Ext Root Scanning (ms): Min: 0.0, Avg: 0.2, Max: 0.3, Diff: 0.3, Sum: 1.4]
      [Update RS (ms): Min: 0.0, Avg: 0.0, Max: 0.0, Diff: 0.0, Sum: 0.1]
         [Processed Buffers: Min: 0, Avg: 1.0, Max: 3, Diff: 3, Sum: 6]
      [Scan RS (ms): Min: 0.1, Avg: 0.1, Max: 0.1, Diff: 0.0, Sum: 0.6]
      [Code Root Scanning (ms): Min: 0.0, Avg: 0.0, Max: 0.0, Diff: 0.0, Sum: 0.0]
      [Object Copy (ms): Min: 0.1, Avg: 0.1, Max: 0.2, Diff: 0.0, Sum: 0.8]
      [Termination (ms): Min: 0.0, Avg: 0.0, Max: 0.0, Diff: 0.0, Sum: 0.0]
         [Termination Attempts: Min: 1, Avg: 1.0, Max: 1, Diff: 0, Sum: 6]
      [GC Worker Other (ms): Min: 0.0, Avg: 0.0, Max: 0.0, Diff: 0.0, Sum: 0.1]
      [GC Worker Total (ms): Min: 0.3, Avg: 0.5, Max: 0.6, Diff: 0.3, Sum: 3.0]
      [GC Worker End (ms): Min: 116057.8, Avg: 116057.8, Max: 116057.8, Diff: 0.0]
   [Code Root Fixup: 0.0 ms]
   [Code Root Purge: 0.0 ms]
   [Clear CT: 0.2 ms]
   [Other: 0.6 ms]
      [Choose CSet: 0.0 ms]
      [Ref Proc: 0.1 ms]
      [Ref Enq: 0.0 ms]
      [Redirty Cards: 0.1 ms]
      [Humongous Register: 0.0 ms]
      [Humongous Reclaim: 0.0 ms]
      [Free CSet: 0.3 ms]
   [Eden: 612.0M(612.0M)->0.0B(612.0M) Survivors: 2048.0K->2048.0K Heap: 617.8M(1024.0M)->6012.2K(1024.0M)]
 [Times: user=0.00 sys=0.00, real=0.00 secs] 
2024-10-11T08:35:35.675+0300: 116.059: Total time for which application threads were stopped: 0.0017571 seconds, Stopping threads took: 0.0001755 seconds
2024-10-11T08:35:37.714+0300: 118.099: Application time: 2.0405969 seconds
2024-10-11T08:35:37.714+0300: 118.099: [GC pause (G1 Evacuation Pause) (young), 0.0014381 secs]
   [Parallel Time: 0.6 ms, GC Workers: 6]
      [GC Worker Start (ms): Min: 118099.6, Avg: 118099.6, Max: 118099.6, Diff: 0.1]
      [Ext Root Scanning (ms): Min: 0.2, Avg: 0.3, Max: 0.3, Diff: 0.0, Sum: 1.6]
      [Update RS (ms): Min: 0.0, Avg: 0.0, Max: 0.0, Diff: 0.0, Sum: 0.1]
         [Processed Buffers: Min: 0, Avg: 1.0, Max: 2, Diff: 2, Sum: 6]
      [Scan RS (ms): Min: 0.1, Avg: 0.1, Max: 0.1, Diff: 0.0, Sum: 0.6]
      [Code Root Scanning (ms): Min: 0.0, Avg: 0.0, Max: 0.0, Diff: 0.0, Sum: 0.0]
      [Object Copy (ms): Min: 0.1, Avg: 0.1, Max: 0.2, Diff: 0.1, Sum: 0.7]
      [Termination (ms): Min: 0.0, Avg: 0.0, Max: 0.0, Diff: 0.0, Sum: 0.1]
         [Termination Attempts: Min: 1, Avg: 1.0, Max: 1, Diff: 0, Sum: 6]
      [GC Worker Other (ms): Min: 0.0, Avg: 0.0, Max: 0.1, Diff: 0.1, Sum: 0.2]
      [GC Worker Total (ms): Min: 0.5, Avg: 0.5, Max: 0.6, Diff: 0.1, Sum: 3.2]
      [GC Worker End (ms): Min: 118100.1, Avg: 118100.1, Max: 118100.2, Diff: 0.0]
   [Code Root Fixup: 0.0 ms]
   [Code Root Purge: 0.0 ms]
   [Clear CT: 0.2 ms]
   [Other: 0.6 ms]
      [Choose CSet: 0.0 ms]
      [Ref Proc: 0.1 ms]
      [Ref Enq: 0.0 ms]
      [Redirty Cards: 0.1 ms]
      [Humongous Register: 0.0 ms]
      [Humongous Reclaim: 0.0 ms]
      [Free CSet: 0.3 ms]
   [Eden: 612.0M(612.0M)->0.0B(612.0M) Survivors: 2048.0K->2048.0K Heap: 617.9M(1024.0M)->5930.3K(1024.0M)]
 [Times: user=0.00 sys=0.00, real=0.00 secs] 
2024-10-11T08:35:37.714+0300: 118.101: Total time for which application threads were stopped: 0.0017848 seconds, Stopping threads took: 0.0001509 seconds
2024-10-11T08:35:39.754+0300: 120.140: Application time: 2.0389520 seconds
2024-10-11T08:35:39.754+0300: 120.140: [GC pause (G1 Evacuation Pause) (young), 0.0014623 secs]
   [Parallel Time: 0.6 ms, GC Workers: 6]
      [GC Worker Start (ms): Min: 120140.4, Avg: 120140.4, Max: 120140.5, Diff: 0.1]
      [Ext Root Scanning (ms): Min: 0.2, Avg: 0.3, Max: 0.3, Diff: 0.1, Sum: 1.6]
      [Update RS (ms): Min: 0.0, Avg: 0.0, Max: 0.0, Diff: 0.0, Sum: 0.1]
         [Processed Buffers: Min: 0, Avg: 1.0, Max: 3, Diff: 3, Sum: 6]
      [Scan RS (ms): Min: 0.1, Avg: 0.1, Max: 0.1, Diff: 0.0, Sum: 0.6]
      [Code Root Scanning (ms): Min: 0.0, Avg: 0.0, Max: 0.0, Diff: 0.0, Sum: 0.0]
      [Object Copy (ms): Min: 0.1, Avg: 0.1, Max: 0.2, Diff: 0.0, Sum: 0.9]
      [Termination (ms): Min: 0.0, Avg: 0.0, Max: 0.0, Diff: 0.0, Sum: 0.0]
         [Termination Attempts: Min: 1, Avg: 1.0, Max: 1, Diff: 0, Sum: 6]
      [GC Worker Other (ms): Min: 0.0, Avg: 0.0, Max: 0.1, Diff: 0.0, Sum: 0.2]
      [GC Worker Total (ms): Min: 0.5, Avg: 0.6, Max: 0.6, Diff: 0.1, Sum: 3.4]
      [GC Worker End (ms): Min: 120141.0, Avg: 120141.0, Max: 120141.0, Diff: 0.0]
   [Code Root Fixup: 0.0 ms]
   [Code Root Purge: 0.0 ms]
   [Clear CT: 0.2 ms]
   [Other: 0.6 ms]
      [Choose CSet: 0.0 ms]
      [Ref Proc: 0.1 ms]
      [Ref Enq: 0.0 ms]
      [Redirty Cards: 0.1 ms]
      [Humongous Register: 0.0 ms]
      [Humongous Reclaim: 0.0 ms]
      [Free CSet: 0.3 ms]
   [Eden: 612.0M(612.0M)->0.0B(612.0M) Survivors: 2048.0K->2048.0K Heap: 617.8M(1024.0M)->5966.1K(1024.0M)]
 [Times: user=0.00 sys=0.00, real=0.02 secs] 
2024-10-11T08:35:39.769+0300: 120.142: Total time for which application threads were stopped: 0.0018649 seconds, Stopping threads took: 0.0001824 seconds
2024-10-11T08:35:41.840+0300: 122.222: Application time: 2.0797548 seconds
2024-10-11T08:35:41.840+0300: 122.222: [GC pause (G1 Evacuation Pause) (young), 0.0014663 secs]
   [Parallel Time: 0.6 ms, GC Workers: 6]
      [GC Worker Start (ms): Min: 122222.0, Avg: 122222.0, Max: 122222.2, Diff: 0.2]
      [Ext Root Scanning (ms): Min: 0.1, Avg: 0.2, Max: 0.3, Diff: 0.2, Sum: 1.4]
      [Update RS (ms): Min: 0.0, Avg: 0.0, Max: 0.0, Diff: 0.0, Sum: 0.1]
         [Processed Buffers: Min: 0, Avg: 1.0, Max: 4, Diff: 4, Sum: 6]
      [Scan RS (ms): Min: 0.1, Avg: 0.1, Max: 0.1, Diff: 0.0, Sum: 0.6]
      [Code Root Scanning (ms): Min: 0.0, Avg: 0.0, Max: 0.0, Diff: 0.0, Sum: 0.0]
      [Object Copy (ms): Min: 0.1, Avg: 0.1, Max: 0.2, Diff: 0.1, Sum: 0.9]
      [Termination (ms): Min: 0.0, Avg: 0.0, Max: 0.0, Diff: 0.0, Sum: 0.1]
         [Termination Attempts: Min: 1, Avg: 1.5, Max: 3, Diff: 2, Sum: 9]
      [GC Worker Other (ms): Min: 0.0, Avg: 0.0, Max: 0.0, Diff: 0.0, Sum: 0.1]
      [GC Worker Total (ms): Min: 0.4, Avg: 0.5, Max: 0.6, Diff: 0.2, Sum: 3.2]
      [GC Worker End (ms): Min: 122222.5, Avg: 122222.5, Max: 122222.6, Diff: 0.0]
   [Code Root Fixup: 0.0 ms]
   [Code Root Purge: 0.0 ms]
   [Clear CT: 0.2 ms]
   [Other: 0.6 ms]
      [Choose CSet: 0.0 ms]
      [Ref Proc: 0.1 ms]
      [Ref Enq: 0.0 ms]
      [Redirty Cards: 0.1 ms]
      [Humongous Register: 0.0 ms]
      [Humongous Reclaim: 0.0 ms]
      [Free CSet: 0.2 ms]
   [Eden: 612.0M(612.0M)->0.0B(612.0M) Survivors: 2048.0K->2048.0K Heap: 617.8M(1024.0M)->6009.3K(1024.0M)]
 [Times: user=0.00 sys=0.00, real=0.00 secs] 
2024-10-11T08:35:41.840+0300: 122.223: Total time for which application threads were stopped: 0.0018027 seconds, Stopping threads took: 0.0001259 seconds
2024-10-11T08:35:43.896+0300: 124.270: Application time: 2.0465614 seconds
2024-10-11T08:35:43.896+0300: 124.270: [GC pause (G1 Evacuation Pause) (young), 0.0014839 secs]
   [Parallel Time: 0.6 ms, GC Workers: 6]
      [GC Worker Start (ms): Min: 124270.3, Avg: 124270.3, Max: 124270.3, Diff: 0.1]
      [Ext Root Scanning (ms): Min: 0.2, Avg: 0.2, Max: 0.3, Diff: 0.1, Sum: 1.4]
      [Update RS (ms): Min: 0.0, Avg: 0.0, Max: 0.0, Diff: 0.0, Sum: 0.1]
         [Processed Buffers: Min: 0, Avg: 1.0, Max: 3, Diff: 3, Sum: 6]
      [Scan RS (ms): Min: 0.1, Avg: 0.1, Max: 0.1, Diff: 0.0, Sum: 0.6]
      [Code Root Scanning (ms): Min: 0.0, Avg: 0.0, Max: 0.0, Diff: 0.0, Sum: 0.0]
      [Object Copy (ms): Min: 0.1, Avg: 0.1, Max: 0.2, Diff: 0.0, Sum: 0.7]
      [Termination (ms): Min: 0.0, Avg: 0.0, Max: 0.0, Diff: 0.0, Sum: 0.0]
         [Termination Attempts: Min: 1, Avg: 1.5, Max: 3, Diff: 2, Sum: 9]
      [GC Worker Other (ms): Min: 0.0, Avg: 0.0, Max: 0.0, Diff: 0.0, Sum: 0.1]
      [GC Worker Total (ms): Min: 0.5, Avg: 0.5, Max: 0.5, Diff: 0.1, Sum: 3.0]
      [GC Worker End (ms): Min: 124270.8, Avg: 124270.8, Max: 124270.8, Diff: 0.0]
   [Code Root Fixup: 0.0 ms]
   [Code Root Purge: 0.0 ms]
   [Clear CT: 0.2 ms]
   [Other: 0.7 ms]
      [Choose CSet: 0.0 ms]
      [Ref Proc: 0.2 ms]
      [Ref Enq: 0.0 ms]
      [Redirty Cards: 0.1 ms]
      [Humongous Register: 0.0 ms]
      [Humongous Reclaim: 0.0 ms]
      [Free CSet: 0.3 ms]
   [Eden: 612.0M(612.0M)->0.0B(612.0M) Survivors: 2048.0K->2048.0K Heap: 617.9M(1024.0M)->6014.0K(1024.0M)]
 [Times: user=0.00 sys=0.00, real=0.00 secs] 
2024-10-11T08:35:43.896+0300: 124.272: Total time for which application threads were stopped: 0.0018121 seconds, Stopping threads took: 0.0001300 seconds
2024-10-11T08:35:45.921+0300: 126.307: Application time: 2.0351630 seconds
2024-10-11T08:35:45.921+0300: 126.307: [GC pause (G1 Evacuation Pause) (young), 0.0015273 secs]
   [Parallel Time: 0.7 ms, GC Workers: 6]
      [GC Worker Start (ms): Min: 126307.3, Avg: 126307.3, Max: 126307.4, Diff: 0.1]
      [Ext Root Scanning (ms): Min: 0.2, Avg: 0.3, Max: 0.3, Diff: 0.1, Sum: 1.5]
      [Update RS (ms): Min: 0.0, Avg: 0.0, Max: 0.0, Diff: 0.0, Sum: 0.1]
         [Processed Buffers: Min: 0, Avg: 1.0, Max: 2, Diff: 2, Sum: 6]
      [Scan RS (ms): Min: 0.1, Avg: 0.1, Max: 0.1, Diff: 0.1, Sum: 0.6]
      [Code Root Scanning (ms): Min: 0.0, Avg: 0.0, Max: 0.0, Diff: 0.0, Sum: 0.0]
      [Object Copy (ms): Min: 0.1, Avg: 0.1, Max: 0.2, Diff: 0.1, Sum: 0.8]
      [Termination (ms): Min: 0.0, Avg: 0.0, Max: 0.0, Diff: 0.0, Sum: 0.0]
         [Termination Attempts: Min: 1, Avg: 1.0, Max: 1, Diff: 0, Sum: 6]
      [GC Worker Other (ms): Min: 0.0, Avg: 0.0, Max: 0.0, Diff: 0.0, Sum: 0.1]
      [GC Worker Total (ms): Min: 0.5, Avg: 0.5, Max: 0.5, Diff: 0.1, Sum: 3.2]
      [GC Worker End (ms): Min: 126307.9, Avg: 126307.9, Max: 126307.9, Diff: 0.0]
   [Code Root Fixup: 0.0 ms]
   [Code Root Purge: 0.0 ms]
   [Clear CT: 0.2 ms]
   [Other: 0.7 ms]
      [Choose CSet: 0.0 ms]
      [Ref Proc: 0.2 ms]
      [Ref Enq: 0.0 ms]
      [Redirty Cards: 0.1 ms]
      [Humongous Register: 0.0 ms]
      [Humongous Reclaim: 0.0 ms]
      [Free CSet: 0.2 ms]
   [Eden: 612.0M(612.0M)->0.0B(612.0M) Survivors: 2048.0K->2048.0K Heap: 617.9M(1024.0M)->5942.7K(1024.0M)]
 [Times: user=0.00 sys=0.00, real=0.02 secs] 
2024-10-11T08:35:45.937+0300: 126.309: Total time for which application threads were stopped: 0.0018963 seconds, Stopping threads took: 0.0001346 seconds
2024-10-11T08:35:48.008+0300: 128.388: Application time: 2.0791830 seconds
2024-10-11T08:35:48.008+0300: 128.389: [GC pause (G1 Evacuation Pause) (young), 0.0014048 secs]
   [Parallel Time: 0.6 ms, GC Workers: 6]
      [GC Worker Start (ms): Min: 128388.7, Avg: 128388.7, Max: 128388.7, Diff: 0.0]
      [Ext Root Scanning (ms): Min: 0.2, Avg: 0.2, Max: 0.3, Diff: 0.0, Sum: 1.5]
      [Update RS (ms): Min: 0.0, Avg: 0.0, Max: 0.0, Diff: 0.0, Sum: 0.1]
         [Processed Buffers: Min: 0, Avg: 1.2, Max: 2, Diff: 2, Sum: 7]
      [Scan RS (ms): Min: 0.1, Avg: 0.1, Max: 0.1, Diff: 0.0, Sum: 0.6]
      [Code Root Scanning (ms): Min: 0.0, Avg: 0.0, Max: 0.0, Diff: 0.0, Sum: 0.0]
      [Object Copy (ms): Min: 0.1, Avg: 0.1, Max: 0.1, Diff: 0.0, Sum: 0.8]
      [Termination (ms): Min: 0.0, Avg: 0.0, Max: 0.0, Diff: 0.0, Sum: 0.1]
         [Termination Attempts: Min: 1, Avg: 1.0, Max: 1, Diff: 0, Sum: 6]
      [GC Worker Other (ms): Min: 0.0, Avg: 0.0, Max: 0.0, Diff: 0.0, Sum: 0.1]
      [GC Worker Total (ms): Min: 0.5, Avg: 0.5, Max: 0.5, Diff: 0.0, Sum: 3.0]
      [GC Worker End (ms): Min: 128389.2, Avg: 128389.2, Max: 128389.2, Diff: 0.0]
   [Code Root Fixup: 0.0 ms]
   [Code Root Purge: 0.0 ms]
   [Clear CT: 0.2 ms]
   [Other: 0.6 ms]
      [Choose CSet: 0.0 ms]
      [Ref Proc: 0.1 ms]
      [Ref Enq: 0.0 ms]
      [Redirty Cards: 0.1 ms]
      [Humongous Register: 0.0 ms]
      [Humongous Reclaim: 0.0 ms]
      [Free CSet: 0.3 ms]
   [Eden: 612.0M(612.0M)->0.0B(612.0M) Survivors: 2048.0K->2048.0K Heap: 617.8M(1024.0M)->5967.2K(1024.0M)]
 [Times: user=0.00 sys=0.00, real=0.00 secs] 
2024-10-11T08:35:48.008+0300: 128.390: Total time for which application threads were stopped: 0.0020626 seconds, Stopping threads took: 0.0004654 seconds
2024-10-11T08:35:50.063+0300: 130.439: Application time: 2.0487962 seconds
2024-10-11T08:35:50.063+0300: 130.439: [GC pause (G1 Evacuation Pause) (young), 0.0014881 secs]
   [Parallel Time: 0.6 ms, GC Workers: 6]
      [GC Worker Start (ms): Min: 130439.2, Avg: 130439.3, Max: 130439.3, Diff: 0.0]
      [Ext Root Scanning (ms): Min: 0.2, Avg: 0.2, Max: 0.3, Diff: 0.0, Sum: 1.4]
      [Update RS (ms): Min: 0.0, Avg: 0.0, Max: 0.0, Diff: 0.0, Sum: 0.1]
         [Processed Buffers: Min: 1, Avg: 1.2, Max: 2, Diff: 1, Sum: 7]
      [Scan RS (ms): Min: 0.1, Avg: 0.1, Max: 0.1, Diff: 0.0, Sum: 0.6]
      [Code Root Scanning (ms): Min: 0.0, Avg: 0.0, Max: 0.0, Diff: 0.0, Sum: 0.0]
      [Object Copy (ms): Min: 0.1, Avg: 0.1, Max: 0.1, Diff: 0.0, Sum: 0.7]
      [Termination (ms): Min: 0.0, Avg: 0.0, Max: 0.0, Diff: 0.0, Sum: 0.1]
         [Termination Attempts: Min: 1, Avg: 1.0, Max: 1, Diff: 0, Sum: 6]
      [GC Worker Other (ms): Min: 0.0, Avg: 0.0, Max: 0.0, Diff: 0.0, Sum: 0.1]
      [GC Worker Total (ms): Min: 0.5, Avg: 0.5, Max: 0.5, Diff: 0.1, Sum: 3.0]
      [GC Worker End (ms): Min: 130439.8, Avg: 130439.8, Max: 130439.8, Diff: 0.0]
   [Code Root Fixup: 0.0 ms]
   [Code Root Purge: 0.0 ms]
   [Clear CT: 0.2 ms]
   [Other: 0.8 ms]
      [Choose CSet: 0.0 ms]
      [Ref Proc: 0.1 ms]
      [Ref Enq: 0.0 ms]
      [Redirty Cards: 0.2 ms]
      [Humongous Register: 0.0 ms]
      [Humongous Reclaim: 0.0 ms]
      [Free CSet: 0.3 ms]
   [Eden: 612.0M(612.0M)->0.0B(612.0M) Survivors: 2048.0K->2048.0K Heap: 617.8M(1024.0M)->5928.5K(1024.0M)]
 [Times: user=0.01 sys=0.00, real=0.00 secs] 
2024-10-11T08:35:50.063+0300: 130.441: Total time for which application threads were stopped: 0.0018086 seconds, Stopping threads took: 0.0001296 seconds
2024-10-11T08:35:52.119+0300: 132.491: Application time: 2.0502770 seconds
2024-10-11T08:35:52.119+0300: 132.491: [GC pause (G1 Evacuation Pause) (young), 0.0015802 secs]
   [Parallel Time: 0.7 ms, GC Workers: 6]
      [GC Worker Start (ms): Min: 132491.3, Avg: 132491.3, Max: 132491.4, Diff: 0.1]
      [Ext Root Scanning (ms): Min: 0.2, Avg: 0.3, Max: 0.3, Diff: 0.1, Sum: 1.5]
      [Update RS (ms): Min: 0.0, Avg: 0.0, Max: 0.0, Diff: 0.0, Sum: 0.1]
         [Processed Buffers: Min: 1, Avg: 1.3, Max: 2, Diff: 1, Sum: 8]
      [Scan RS (ms): Min: 0.1, Avg: 0.1, Max: 0.1, Diff: 0.0, Sum: 0.5]
      [Code Root Scanning (ms): Min: 0.0, Avg: 0.0, Max: 0.0, Diff: 0.0, Sum: 0.0]
      [Object Copy (ms): Min: 0.1, Avg: 0.1, Max: 0.1, Diff: 0.0, Sum: 0.8]
      [Termination (ms): Min: 0.0, Avg: 0.0, Max: 0.0, Diff: 0.0, Sum: 0.1]
         [Termination Attempts: Min: 1, Avg: 1.0, Max: 1, Diff: 0, Sum: 6]
      [GC Worker Other (ms): Min: 0.0, Avg: 0.0, Max: 0.0, Diff: 0.0, Sum: 0.2]
      [GC Worker Total (ms): Min: 0.5, Avg: 0.5, Max: 0.6, Diff: 0.1, Sum: 3.2]
      [GC Worker End (ms): Min: 132491.8, Avg: 132491.9, Max: 132491.9, Diff: 0.0]
   [Code Root Fixup: 0.0 ms]
   [Code Root Purge: 0.0 ms]
   [Clear CT: 0.2 ms]
   [Other: 0.7 ms]
      [Choose CSet: 0.0 ms]
      [Ref Proc: 0.2 ms]
      [Ref Enq: 0.0 ms]
      [Redirty Cards: 0.1 ms]
      [Humongous Register: 0.0 ms]
      [Humongous Reclaim: 0.0 ms]
      [Free CSet: 0.3 ms]
   [Eden: 612.0M(612.0M)->0.0B(612.0M) Survivors: 2048.0K->2048.0K Heap: 617.8M(1024.0M)->6148.1K(1024.0M)]
 [Times: user=0.03 sys=0.00, real=0.00 secs] 
2024-10-11T08:35:52.119+0300: 132.493: Total time for which application threads were stopped: 0.0019450 seconds, Stopping threads took: 0.0001085 seconds
2024-10-11T08:35:54.189+0300: 134.564: Application time: 2.0711035 seconds
2024-10-11T08:35:54.189+0300: 134.564: [GC pause (G1 Evacuation Pause) (young), 0.0016729 secs]
   [Parallel Time: 0.6 ms, GC Workers: 6]
      [GC Worker Start (ms): Min: 134564.4, Avg: 134564.4, Max: 134564.5, Diff: 0.1]
      [Ext Root Scanning (ms): Min: 0.2, Avg: 0.2, Max: 0.3, Diff: 0.1, Sum: 1.5]
      [Update RS (ms): Min: 0.0, Avg: 0.0, Max: 0.0, Diff: 0.0, Sum: 0.1]
         [Processed Buffers: Min: 0, Avg: 1.3, Max: 3, Diff: 3, Sum: 8]
      [Scan RS (ms): Min: 0.1, Avg: 0.1, Max: 0.1, Diff: 0.0, Sum: 0.5]
      [Code Root Scanning (ms): Min: 0.0, Avg: 0.0, Max: 0.0, Diff: 0.0, Sum: 0.0]
      [Object Copy (ms): Min: 0.1, Avg: 0.1, Max: 0.2, Diff: 0.1, Sum: 0.8]
      [Termination (ms): Min: 0.0, Avg: 0.0, Max: 0.0, Diff: 0.0, Sum: 0.0]
         [Termination Attempts: Min: 1, Avg: 1.0, Max: 1, Diff: 0, Sum: 6]
      [GC Worker Other (ms): Min: 0.0, Avg: 0.0, Max: 0.0, Diff: 0.0, Sum: 0.1]
      [GC Worker Total (ms): Min: 0.5, Avg: 0.5, Max: 0.6, Diff: 0.1, Sum: 3.1]
      [GC Worker End (ms): Min: 134564.9, Avg: 134565.0, Max: 134565.0, Diff: 0.0]
   [Code Root Fixup: 0.0 ms]
   [Code Root Purge: 0.0 ms]
   [Clear CT: 0.2 ms]
   [Other: 0.8 ms]
      [Choose CSet: 0.0 ms]
      [Ref Proc: 0.1 ms]
      [Ref Enq: 0.0 ms]
      [Redirty Cards: 0.1 ms]
      [Humongous Register: 0.1 ms]
      [Humongous Reclaim: 0.0 ms]
      [Free CSet: 0.4 ms]
   [Eden: 612.0M(612.0M)->0.0B(612.0M) Survivors: 2048.0K->2048.0K Heap: 618.0M(1024.0M)->5830.6K(1024.0M)]
 [Times: user=0.00 sys=0.00, real=0.00 secs] 
2024-10-11T08:35:54.189+0300: 134.566: Total time for which application threads were stopped: 0.0020151 seconds, Stopping threads took: 0.0001317 seconds
2024-10-11T08:35:56.229+0300: 136.602: Application time: 2.0354721 seconds
2024-10-11T08:35:56.229+0300: 136.602: [GC pause (G1 Evacuation Pause) (young), 0.0015060 secs]
   [Parallel Time: 0.6 ms, GC Workers: 6]
      [GC Worker Start (ms): Min: 136601.9, Avg: 136601.9, Max: 136601.9, Diff: 0.1]
      [Ext Root Scanning (ms): Min: 0.2, Avg: 0.2, Max: 0.3, Diff: 0.0, Sum: 1.5]
      [Update RS (ms): Min: 0.0, Avg: 0.0, Max: 0.0, Diff: 0.0, Sum: 0.1]
         [Processed Buffers: Min: 0, Avg: 1.3, Max: 4, Diff: 4, Sum: 8]
      [Scan RS (ms): Min: 0.1, Avg: 0.1, Max: 0.1, Diff: 0.0, Sum: 0.5]
      [Code Root Scanning (ms): Min: 0.0, Avg: 0.0, Max: 0.0, Diff: 0.0, Sum: 0.0]
      [Object Copy (ms): Min: 0.1, Avg: 0.1, Max: 0.2, Diff: 0.1, Sum: 0.8]
      [Termination (ms): Min: 0.0, Avg: 0.0, Max: 0.0, Diff: 0.0, Sum: 0.2]
         [Termination Attempts: Min: 1, Avg: 1.0, Max: 1, Diff: 0, Sum: 6]
      [GC Worker Other (ms): Min: 0.0, Avg: 0.0, Max: 0.0, Diff: 0.0, Sum: 0.1]
      [GC Worker Total (ms): Min: 0.5, Avg: 0.5, Max: 0.6, Diff: 0.1, Sum: 3.2]
      [GC Worker End (ms): Min: 136602.4, Avg: 136602.5, Max: 136602.5, Diff: 0.0]
   [Code Root Fixup: 0.0 ms]
   [Code Root Purge: 0.0 ms]
   [Clear CT: 0.2 ms]
   [Other: 0.7 ms]
      [Choose CSet: 0.0 ms]
      [Ref Proc: 0.2 ms]
      [Ref Enq: 0.0 ms]
      [Redirty Cards: 0.1 ms]
      [Humongous Register: 0.1 ms]
      [Humongous Reclaim: 0.0 ms]
      [Free CSet: 0.2 ms]
   [Eden: 612.0M(612.0M)->0.0B(612.0M) Survivors: 2048.0K->2048.0K Heap: 617.7M(1024.0M)->5884.8K(1024.0M)]
 [Times: user=0.00 sys=0.00, real=0.00 secs] 
2024-10-11T08:35:56.229+0300: 136.603: Total time for which application threads were stopped: 0.0019128 seconds, Stopping threads took: 0.0001276 seconds
2024-10-11T08:35:58.268+0300: 138.644: Application time: 2.0406745 seconds
2024-10-11T08:35:58.268+0300: 138.644: [GC pause (G1 Evacuation Pause) (young), 0.0015381 secs]
   [Parallel Time: 0.6 ms, GC Workers: 6]
      [GC Worker Start (ms): Min: 138644.5, Avg: 138644.5, Max: 138644.5, Diff: 0.1]
      [Ext Root Scanning (ms): Min: 0.2, Avg: 0.2, Max: 0.3, Diff: 0.1, Sum: 1.5]
      [Update RS (ms): Min: 0.0, Avg: 0.0, Max: 0.0, Diff: 0.0, Sum: 0.1]
         [Processed Buffers: Min: 1, Avg: 1.2, Max: 2, Diff: 1, Sum: 7]
      [Scan RS (ms): Min: 0.1, Avg: 0.1, Max: 0.1, Diff: 0.0, Sum: 0.6]
      [Code Root Scanning (ms): Min: 0.0, Avg: 0.0, Max: 0.0, Diff: 0.0, Sum: 0.0]
      [Object Copy (ms): Min: 0.1, Avg: 0.1, Max: 0.2, Diff: 0.0, Sum: 0.9]
      [Termination (ms): Min: 0.0, Avg: 0.0, Max: 0.0, Diff: 0.0, Sum: 0.1]
         [Termination Attempts: Min: 1, Avg: 1.0, Max: 1, Diff: 0, Sum: 6]
      [GC Worker Other (ms): Min: 0.0, Avg: 0.0, Max: 0.0, Diff: 0.0, Sum: 0.1]
      [GC Worker Total (ms): Min: 0.5, Avg: 0.5, Max: 0.6, Diff: 0.1, Sum: 3.2]
      [GC Worker End (ms): Min: 138645.0, Avg: 138645.0, Max: 138645.0, Diff: 0.0]
   [Code Root Fixup: 0.0 ms]
   [Code Root Purge: 0.0 ms]
   [Clear CT: 0.2 ms]
   [Other: 0.7 ms]
      [Choose CSet: 0.0 ms]
      [Ref Proc: 0.2 ms]
      [Ref Enq: 0.0 ms]
      [Redirty Cards: 0.1 ms]
      [Humongous Register: 0.0 ms]
      [Humongous Reclaim: 0.0 ms]
      [Free CSet: 0.3 ms]
   [Eden: 612.0M(612.0M)->0.0B(612.0M) Survivors: 2048.0K->2048.0K Heap: 617.7M(1024.0M)->5918.5K(1024.0M)]
 [Times: user=0.00 sys=0.00, real=0.00 secs] 
2024-10-11T08:35:58.268+0300: 138.646: Total time for which application threads were stopped: 0.0018790 seconds, Stopping threads took: 0.0001477 seconds
2024-10-11T08:36:00.325+0300: 140.707: Application time: 2.0606630 seconds
2024-10-11T08:36:00.325+0300: 140.707: [GC pause (G1 Evacuation Pause) (young), 0.0014974 secs]
   [Parallel Time: 0.7 ms, GC Workers: 6]
      [GC Worker Start (ms): Min: 140707.0, Avg: 140707.0, Max: 140707.0, Diff: 0.1]
      [Ext Root Scanning (ms): Min: 0.2, Avg: 0.2, Max: 0.3, Diff: 0.1, Sum: 1.5]
      [Update RS (ms): Min: 0.0, Avg: 0.0, Max: 0.0, Diff: 0.0, Sum: 0.1]
         [Processed Buffers: Min: 0, Avg: 1.0, Max: 2, Diff: 2, Sum: 6]
      [Scan RS (ms): Min: 0.1, Avg: 0.1, Max: 0.1, Diff: 0.0, Sum: 0.5]
      [Code Root Scanning (ms): Min: 0.0, Avg: 0.0, Max: 0.0, Diff: 0.0, Sum: 0.0]
      [Object Copy (ms): Min: 0.1, Avg: 0.1, Max: 0.2, Diff: 0.1, Sum: 0.9]
      [Termination (ms): Min: 0.0, Avg: 0.0, Max: 0.0, Diff: 0.0, Sum: 0.0]
         [Termination Attempts: Min: 1, Avg: 1.0, Max: 1, Diff: 0, Sum: 6]
      [GC Worker Other (ms): Min: 0.0, Avg: 0.0, Max: 0.0, Diff: 0.0, Sum: 0.2]
      [GC Worker Total (ms): Min: 0.5, Avg: 0.5, Max: 0.6, Diff: 0.1, Sum: 3.2]
      [GC Worker End (ms): Min: 140707.5, Avg: 140707.5, Max: 140707.6, Diff: 0.0]
   [Code Root Fixup: 0.0 ms]
   [Code Root Purge: 0.0 ms]
   [Clear CT: 0.2 ms]
   [Other: 0.7 ms]
      [Choose CSet: 0.0 ms]
      [Ref Proc: 0.2 ms]
      [Ref Enq: 0.0 ms]
      [Redirty Cards: 0.1 ms]
      [Humongous Register: 0.0 ms]
      [Humongous Reclaim: 0.0 ms]
      [Free CSet: 0.3 ms]
   [Eden: 612.0M(612.0M)->0.0B(612.0M) Survivors: 2048.0K->2048.0K Heap: 617.8M(1024.0M)->6037.2K(1024.0M)]
 [Times: user=0.00 sys=0.00, real=0.00 secs] 
2024-10-11T08:36:00.325+0300: 140.709: Total time for which application threads were stopped: 0.0018192 seconds, Stopping threads took: 0.0001279 seconds
2024-10-11T08:36:02.364+0300: 142.747: Application time: 2.0380968 seconds
2024-10-11T08:36:02.364+0300: 142.747: [GC pause (G1 Evacuation Pause) (young), 0.0016108 secs]
   [Parallel Time: 0.7 ms, GC Workers: 6]
      [GC Worker Start (ms): Min: 142747.0, Avg: 142747.0, Max: 142747.0, Diff: 0.1]
      [Ext Root Scanning (ms): Min: 0.2, Avg: 0.2, Max: 0.3, Diff: 0.1, Sum: 1.5]
      [Update RS (ms): Min: 0.0, Avg: 0.0, Max: 0.0, Diff: 0.0, Sum: 0.1]
         [Processed Buffers: Min: 0, Avg: 1.2, Max: 3, Diff: 3, Sum: 7]
      [Scan RS (ms): Min: 0.1, Avg: 0.1, Max: 0.1, Diff: 0.0, Sum: 0.6]
      [Code Root Scanning (ms): Min: 0.0, Avg: 0.0, Max: 0.0, Diff: 0.0, Sum: 0.0]
      [Object Copy (ms): Min: 0.1, Avg: 0.2, Max: 0.2, Diff: 0.1, Sum: 1.1]
      [Termination (ms): Min: 0.0, Avg: 0.0, Max: 0.0, Diff: 0.0, Sum: 0.1]
         [Termination Attempts: Min: 1, Avg: 1.2, Max: 2, Diff: 1, Sum: 7]
      [GC Worker Other (ms): Min: 0.0, Avg: 0.0, Max: 0.0, Diff: 0.0, Sum: 0.2]
      [GC Worker Total (ms): Min: 0.5, Avg: 0.6, Max: 0.6, Diff: 0.1, Sum: 3.4]
      [GC Worker End (ms): Min: 142747.5, Avg: 142747.6, Max: 142747.6, Diff: 0.0]
   [Code Root Fixup: 0.0 ms]
   [Code Root Purge: 0.0 ms]
   [Clear CT: 0.2 ms]
   [Other: 0.7 ms]
      [Choose CSet: 0.0 ms]
      [Ref Proc: 0.2 ms]
      [Ref Enq: 0.0 ms]
      [Redirty Cards: 0.1 ms]
      [Humongous Register: 0.1 ms]
      [Humongous Reclaim: 0.0 ms]
      [Free CSet: 0.3 ms]
   [Eden: 612.0M(612.0M)->0.0B(612.0M) Survivors: 2048.0K->2048.0K Heap: 617.9M(1024.0M)->5849.8K(1024.0M)]
 [Times: user=0.00 sys=0.00, real=0.00 secs] 
2024-10-11T08:36:02.364+0300: 142.749: Total time for which application threads were stopped: 0.0020239 seconds, Stopping threads took: 0.0001538 seconds
2024-10-11T08:36:04.403+0300: 144.789: Application time: 2.0407450 seconds
2024-10-11T08:36:04.403+0300: 144.790: [GC pause (G1 Evacuation Pause) (young), 0.0015759 secs]
   [Parallel Time: 0.7 ms, GC Workers: 6]
      [GC Worker Start (ms): Min: 144789.7, Avg: 144789.8, Max: 144790.0, Diff: 0.2]
      [Ext Root Scanning (ms): Min: 0.1, Avg: 0.2, Max: 0.3, Diff: 0.2, Sum: 1.3]
      [Update RS (ms): Min: 0.0, Avg: 0.1, Max: 0.3, Diff: 0.3, Sum: 0.4]
         [Processed Buffers: Min: 0, Avg: 1.2, Max: 2, Diff: 2, Sum: 7]
      [Scan RS (ms): Min: 0.0, Avg: 0.1, Max: 0.1, Diff: 0.1, Sum: 0.6]
      [Code Root Scanning (ms): Min: 0.0, Avg: 0.0, Max: 0.0, Diff: 0.0, Sum: 0.0]
      [Object Copy (ms): Min: 0.0, Avg: 0.2, Max: 0.3, Diff: 0.2, Sum: 0.9]
      [Termination (ms): Min: 0.0, Avg: 0.0, Max: 0.0, Diff: 0.0, Sum: 0.2]
         [Termination Attempts: Min: 1, Avg: 1.0, Max: 1, Diff: 0, Sum: 6]
      [GC Worker Other (ms): Min: 0.0, Avg: 0.0, Max: 0.0, Diff: 0.0, Sum: 0.1]
      [GC Worker Total (ms): Min: 0.4, Avg: 0.6, Max: 0.6, Diff: 0.2, Sum: 3.5]
      [GC Worker End (ms): Min: 144790.4, Avg: 144790.4, Max: 144790.4, Diff: 0.0]
   [Code Root Fixup: 0.0 ms]
   [Code Root Purge: 0.0 ms]
   [Clear CT: 0.2 ms]
   [Other: 0.7 ms]
      [Choose CSet: 0.0 ms]
      [Ref Proc: 0.2 ms]
      [Ref Enq: 0.0 ms]
      [Redirty Cards: 0.1 ms]
      [Humongous Register: 0.0 ms]
      [Humongous Reclaim: 0.0 ms]
      [Free CSet: 0.3 ms]
   [Eden: 612.0M(612.0M)->0.0B(612.0M) Survivors: 2048.0K->2048.0K Heap: 617.7M(1024.0M)->6029.3K(1024.0M)]
 [Times: user=0.00 sys=0.02, real=0.02 secs] 
2024-10-11T08:36:04.419+0300: 144.791: Total time for which application threads were stopped: 0.0019585 seconds, Stopping threads took: 0.0002000 seconds
2024-10-11T08:36:06.475+0300: 146.850: Application time: 2.0590628 seconds
2024-10-11T08:36:06.475+0300: 146.851: [GC pause (G1 Evacuation Pause) (young), 0.0014171 secs]
   [Parallel Time: 0.7 ms, GC Workers: 6]
      [GC Worker Start (ms): Min: 146850.7, Avg: 146850.8, Max: 146851.3, Diff: 0.6]
      [Ext Root Scanning (ms): Min: 0.0, Avg: 0.2, Max: 0.3, Diff: 0.3, Sum: 1.3]
      [Update RS (ms): Min: 0.0, Avg: 0.0, Max: 0.0, Diff: 0.0, Sum: 0.1]
         [Processed Buffers: Min: 0, Avg: 1.2, Max: 3, Diff: 3, Sum: 7]
      [Scan RS (ms): Min: 0.0, Avg: 0.1, Max: 0.1, Diff: 0.1, Sum: 0.6]
      [Code Root Scanning (ms): Min: 0.0, Avg: 0.0, Max: 0.0, Diff: 0.0, Sum: 0.0]
      [Object Copy (ms): Min: 0.0, Avg: 0.1, Max: 0.2, Diff: 0.2, Sum: 0.7]
      [Termination (ms): Min: 0.0, Avg: 0.0, Max: 0.0, Diff: 0.0, Sum: 0.2]
         [Termination Attempts: Min: 1, Avg: 1.0, Max: 1, Diff: 0, Sum: 6]
      [GC Worker Other (ms): Min: 0.0, Avg: 0.0, Max: 0.0, Diff: 0.0, Sum: 0.1]
      [GC Worker Total (ms): Min: 0.0, Avg: 0.5, Max: 0.6, Diff: 0.6, Sum: 3.0]
      [GC Worker End (ms): Min: 146851.3, Avg: 146851.3, Max: 146851.3, Diff: 0.0]
   [Code Root Fixup: 0.0 ms]
   [Code Root Purge: 0.0 ms]
   [Clear CT: 0.2 ms]
   [Other: 0.6 ms]
      [Choose CSet: 0.0 ms]
      [Ref Proc: 0.1 ms]
      [Ref Enq: 0.0 ms]
      [Redirty Cards: 0.1 ms]
      [Humongous Register: 0.0 ms]
      [Humongous Reclaim: 0.0 ms]
      [Free CSet: 0.3 ms]
   [Eden: 612.0M(612.0M)->0.0B(612.0M) Survivors: 2048.0K->2048.0K Heap: 617.9M(1024.0M)->5826.3K(1024.0M)]
 [Times: user=0.00 sys=0.00, real=0.00 secs] 
2024-10-11T08:36:06.475+0300: 146.852: Total time for which application threads were stopped: 0.0018073 seconds, Stopping threads took: 0.0001195 seconds
2024-10-11T08:36:08.514+0300: 148.894: Application time: 2.0413308 seconds
2024-10-11T08:36:08.514+0300: 148.894: [GC pause (G1 Evacuation Pause) (young), 0.0015442 secs]
   [Parallel Time: 0.7 ms, GC Workers: 6]
      [GC Worker Start (ms): Min: 148894.0, Avg: 148894.0, Max: 148894.0, Diff: 0.1]
      [Ext Root Scanning (ms): Min: 0.2, Avg: 0.3, Max: 0.3, Diff: 0.1, Sum: 1.5]
      [Update RS (ms): Min: 0.0, Avg: 0.0, Max: 0.0, Diff: 0.0, Sum: 0.1]
         [Processed Buffers: Min: 0, Avg: 1.0, Max: 2, Diff: 2, Sum: 6]
      [Scan RS (ms): Min: 0.0, Avg: 0.1, Max: 0.1, Diff: 0.1, Sum: 0.5]
      [Code Root Scanning (ms): Min: 0.0, Avg: 0.0, Max: 0.0, Diff: 0.0, Sum: 0.0]
      [Object Copy (ms): Min: 0.1, Avg: 0.2, Max: 0.3, Diff: 0.2, Sum: 1.0]
      [Termination (ms): Min: 0.0, Avg: 0.0, Max: 0.1, Diff: 0.1, Sum: 0.3]
         [Termination Attempts: Min: 1, Avg: 1.7, Max: 3, Diff: 2, Sum: 10]
      [GC Worker Other (ms): Min: 0.0, Avg: 0.0, Max: 0.0, Diff: 0.0, Sum: 0.1]
      [GC Worker Total (ms): Min: 0.6, Avg: 0.6, Max: 0.6, Diff: 0.0, Sum: 3.6]
      [GC Worker End (ms): Min: 148894.6, Avg: 148894.6, Max: 148894.6, Diff: 0.0]
   [Code Root Fixup: 0.0 ms]
   [Code Root Purge: 0.0 ms]
   [Clear CT: 0.2 ms]
   [Other: 0.7 ms]
      [Choose CSet: 0.0 ms]
      [Ref Proc: 0.1 ms]
      [Ref Enq: 0.0 ms]
      [Redirty Cards: 0.1 ms]
      [Humongous Register: 0.0 ms]
      [Humongous Reclaim: 0.0 ms]
      [Free CSet: 0.3 ms]
   [Eden: 612.0M(612.0M)->0.0B(612.0M) Survivors: 2048.0K->2048.0K Heap: 617.7M(1024.0M)->5833.8K(1024.0M)]
 [Times: user=0.00 sys=0.00, real=0.00 secs] 
2024-10-11T08:36:08.514+0300: 148.896: Total time for which application threads were stopped: 0.0019511 seconds, Stopping threads took: 0.0001845 seconds
2024-10-11T08:36:10.569+0300: 150.942: Application time: 2.0464183 seconds
2024-10-11T08:36:10.569+0300: 150.942: [GC pause (G1 Evacuation Pause) (young), 0.0014839 secs]
   [Parallel Time: 0.7 ms, GC Workers: 6]
      [GC Worker Start (ms): Min: 150942.3, Avg: 150942.4, Max: 150942.6, Diff: 0.4]
      [Ext Root Scanning (ms): Min: 0.0, Avg: 0.2, Max: 0.3, Diff: 0.3, Sum: 1.4]
      [Update RS (ms): Min: 0.0, Avg: 0.0, Max: 0.0, Diff: 0.0, Sum: 0.1]
         [Processed Buffers: Min: 0, Avg: 1.2, Max: 2, Diff: 2, Sum: 7]
      [Scan RS (ms): Min: 0.1, Avg: 0.1, Max: 0.1, Diff: 0.0, Sum: 0.6]
      [Code Root Scanning (ms): Min: 0.0, Avg: 0.0, Max: 0.0, Diff: 0.0, Sum: 0.0]
      [Object Copy (ms): Min: 0.1, Avg: 0.1, Max: 0.1, Diff: 0.0, Sum: 0.8]
      [Termination (ms): Min: 0.0, Avg: 0.0, Max: 0.0, Diff: 0.0, Sum: 0.1]
         [Termination Attempts: Min: 1, Avg: 1.0, Max: 1, Diff: 0, Sum: 6]
      [GC Worker Other (ms): Min: 0.0, Avg: 0.0, Max: 0.0, Diff: 0.0, Sum: 0.2]
      [GC Worker Total (ms): Min: 0.2, Avg: 0.5, Max: 0.6, Diff: 0.4, Sum: 3.1]
      [GC Worker End (ms): Min: 150942.9, Avg: 150942.9, Max: 150942.9, Diff: 0.0]
   [Code Root Fixup: 0.0 ms]
   [Code Root Purge: 0.0 ms]
   [Clear CT: 0.2 ms]
   [Other: 0.6 ms]
      [Choose CSet: 0.0 ms]
      [Ref Proc: 0.1 ms]
      [Ref Enq: 0.0 ms]
      [Redirty Cards: 0.1 ms]
      [Humongous Register: 0.0 ms]
      [Humongous Reclaim: 0.0 ms]
      [Free CSet: 0.3 ms]
   [Eden: 612.0M(612.0M)->0.0B(612.0M) Survivors: 2048.0K->2048.0K Heap: 617.7M(1024.0M)->5942.4K(1024.0M)]
 [Times: user=0.02 sys=0.00, real=0.00 secs] 
2024-10-11T08:36:10.569+0300: 150.944: Total time for which application threads were stopped: 0.0019360 seconds, Stopping threads took: 0.0001911 seconds
2024-10-11T08:36:12.609+0300: 152.983: Application time: 2.0389946 seconds
2024-10-11T08:36:12.609+0300: 152.983: [GC pause (G1 Evacuation Pause) (young), 0.0015195 secs]
   [Parallel Time: 0.6 ms, GC Workers: 6]
      [GC Worker Start (ms): Min: 152983.2, Avg: 152983.3, Max: 152983.3, Diff: 0.1]
      [Ext Root Scanning (ms): Min: 0.2, Avg: 0.3, Max: 0.3, Diff: 0.1, Sum: 1.5]
      [Update RS (ms): Min: 0.0, Avg: 0.0, Max: 0.0, Diff: 0.0, Sum: 0.1]
         [Processed Buffers: Min: 0, Avg: 1.2, Max: 2, Diff: 2, Sum: 7]
      [Scan RS (ms): Min: 0.1, Avg: 0.1, Max: 0.1, Diff: 0.0, Sum: 0.6]
      [Code Root Scanning (ms): Min: 0.0, Avg: 0.0, Max: 0.0, Diff: 0.0, Sum: 0.0]
      [Object Copy (ms): Min: 0.1, Avg: 0.1, Max: 0.2, Diff: 0.1, Sum: 0.8]
      [Termination (ms): Min: 0.0, Avg: 0.0, Max: 0.0, Diff: 0.0, Sum: 0.0]
         [Termination Attempts: Min: 1, Avg: 1.0, Max: 1, Diff: 0, Sum: 6]
      [GC Worker Other (ms): Min: 0.0, Avg: 0.0, Max: 0.0, Diff: 0.0, Sum: 0.1]
      [GC Worker Total (ms): Min: 0.5, Avg: 0.5, Max: 0.6, Diff: 0.1, Sum: 3.1]
      [GC Worker End (ms): Min: 152983.8, Avg: 152983.8, Max: 152983.8, Diff: 0.0]
   [Code Root Fixup: 0.0 ms]
   [Code Root Purge: 0.0 ms]
   [Clear CT: 0.2 ms]
   [Other: 0.7 ms]
      [Choose CSet: 0.0 ms]
      [Ref Proc: 0.2 ms]
      [Ref Enq: 0.0 ms]
      [Redirty Cards: 0.1 ms]
      [Humongous Register: 0.1 ms]
      [Humongous Reclaim: 0.0 ms]
      [Free CSet: 0.3 ms]
   [Eden: 612.0M(612.0M)->0.0B(612.0M) Survivors: 2048.0K->2048.0K Heap: 617.8M(1024.0M)->6049.7K(1024.0M)]
 [Times: user=0.00 sys=0.00, real=0.00 secs] 
2024-10-11T08:36:12.609+0300: 152.985: Total time for which application threads were stopped: 0.0018660 seconds, Stopping threads took: 0.0001275 seconds
2024-10-11T08:36:14.649+0300: 155.022: Application time: 2.0373595 seconds
2024-10-11T08:36:14.649+0300: 155.022: [GC pause (G1 Evacuation Pause) (young), 0.0017667 secs]
   [Parallel Time: 0.7 ms, GC Workers: 6]
      [GC Worker Start (ms): Min: 155022.4, Avg: 155022.5, Max: 155022.5, Diff: 0.1]
      [Ext Root Scanning (ms): Min: 0.2, Avg: 0.3, Max: 0.3, Diff: 0.1, Sum: 1.5]
      [Update RS (ms): Min: 0.0, Avg: 0.0, Max: 0.0, Diff: 0.0, Sum: 0.1]
         [Processed Buffers: Min: 0, Avg: 1.0, Max: 2, Diff: 2, Sum: 6]
      [Scan RS (ms): Min: 0.0, Avg: 0.1, Max: 0.1, Diff: 0.1, Sum: 0.6]
      [Code Root Scanning (ms): Min: 0.0, Avg: 0.0, Max: 0.0, Diff: 0.0, Sum: 0.0]
      [Object Copy (ms): Min: 0.1, Avg: 0.2, Max: 0.3, Diff: 0.2, Sum: 1.0]
      [Termination (ms): Min: 0.0, Avg: 0.1, Max: 0.1, Diff: 0.1, Sum: 0.4]
         [Termination Attempts: Min: 1, Avg: 1.5, Max: 2, Diff: 1, Sum: 9]
      [GC Worker Other (ms): Min: 0.0, Avg: 0.0, Max: 0.0, Diff: 0.0, Sum: 0.1]
      [GC Worker Total (ms): Min: 0.6, Avg: 0.6, Max: 0.7, Diff: 0.1, Sum: 3.7]
      [GC Worker End (ms): Min: 155023.1, Avg: 155023.1, Max: 155023.1, Diff: 0.0]
   [Code Root Fixup: 0.0 ms]
   [Code Root Purge: 0.0 ms]
   [Clear CT: 0.2 ms]
   [Other: 0.8 ms]
      [Choose CSet: 0.0 ms]
      [Ref Proc: 0.2 ms]
      [Ref Enq: 0.0 ms]
      [Redirty Cards: 0.1 ms]
      [Humongous Register: 0.0 ms]
      [Humongous Reclaim: 0.0 ms]
      [Free CSet: 0.3 ms]
   [Eden: 612.0M(612.0M)->0.0B(612.0M) Survivors: 2048.0K->2048.0K Heap: 617.9M(1024.0M)->5913.2K(1024.0M)]
 [Times: user=0.00 sys=0.00, real=0.00 secs] 
2024-10-11T08:36:14.649+0300: 155.024: Total time for which application threads were stopped: 0.0021712 seconds, Stopping threads took: 0.0001502 seconds
2024-10-11T08:36:16.703+0300: 157.084: Application time: 2.0601996 seconds
2024-10-11T08:36:16.703+0300: 157.085: [GC pause (G1 Evacuation Pause) (young), 0.0014888 secs]
   [Parallel Time: 0.7 ms, GC Workers: 6]
      [GC Worker Start (ms): Min: 157084.8, Avg: 157084.9, Max: 157085.1, Diff: 0.3]
      [Ext Root Scanning (ms): Min: 0.0, Avg: 0.2, Max: 0.3, Diff: 0.3, Sum: 1.2]
      [Update RS (ms): Min: 0.0, Avg: 0.0, Max: 0.0, Diff: 0.0, Sum: 0.1]
         [Processed Buffers: Min: 0, Avg: 1.2, Max: 2, Diff: 2, Sum: 7]
      [Scan RS (ms): Min: 0.1, Avg: 0.1, Max: 0.1, Diff: 0.0, Sum: 0.6]
      [Code Root Scanning (ms): Min: 0.0, Avg: 0.0, Max: 0.0, Diff: 0.0, Sum: 0.0]
      [Object Copy (ms): Min: 0.1, Avg: 0.1, Max: 0.2, Diff: 0.1, Sum: 0.8]
      [Termination (ms): Min: 0.0, Avg: 0.0, Max: 0.0, Diff: 0.0, Sum: 0.1]
         [Termination Attempts: Min: 1, Avg: 1.0, Max: 1, Diff: 0, Sum: 6]
      [GC Worker Other (ms): Min: 0.0, Avg: 0.0, Max: 0.0, Diff: 0.0, Sum: 0.1]
      [GC Worker Total (ms): Min: 0.3, Avg: 0.5, Max: 0.6, Diff: 0.3, Sum: 2.8]
      [GC Worker End (ms): Min: 157085.4, Avg: 157085.4, Max: 157085.4, Diff: 0.0]
   [Code Root Fixup: 0.0 ms]
   [Code Root Purge: 0.0 ms]
   [Clear CT: 0.2 ms]
   [Other: 0.7 ms]
      [Choose CSet: 0.0 ms]
      [Ref Proc: 0.2 ms]
      [Ref Enq: 0.0 ms]
      [Redirty Cards: 0.1 ms]
      [Humongous Register: 0.1 ms]
      [Humongous Reclaim: 0.0 ms]
      [Free CSet: 0.3 ms]
   [Eden: 612.0M(612.0M)->0.0B(612.0M) Survivors: 2048.0K->2048.0K Heap: 617.8M(1024.0M)->6024.3K(1024.0M)]
 [Times: user=0.01 sys=0.00, real=0.01 secs] 
2024-10-11T08:36:16.714+0300: 157.086: Total time for which application threads were stopped: 0.0018422 seconds, Stopping threads took: 0.0001269 seconds
2024-10-11T08:36:18.743+0300: 159.121: Application time: 2.0346026 seconds
2024-10-11T08:36:18.743+0300: 159.121: [GC pause (G1 Evacuation Pause) (young), 0.0016387 secs]
   [Parallel Time: 0.7 ms, GC Workers: 6]
      [GC Worker Start (ms): Min: 159121.2, Avg: 159121.3, Max: 159121.8, Diff: 0.6]
      [Ext Root Scanning (ms): Min: 0.0, Avg: 0.2, Max: 0.3, Diff: 0.3, Sum: 1.4]
      [Update RS (ms): Min: 0.0, Avg: 0.0, Max: 0.0, Diff: 0.0, Sum: 0.1]
         [Processed Buffers: Min: 0, Avg: 1.2, Max: 3, Diff: 3, Sum: 7]
      [Scan RS (ms): Min: 0.0, Avg: 0.1, Max: 0.1, Diff: 0.1, Sum: 0.5]
      [Code Root Scanning (ms): Min: 0.0, Avg: 0.0, Max: 0.0, Diff: 0.0, Sum: 0.0]
      [Object Copy (ms): Min: 0.0, Avg: 0.1, Max: 0.2, Diff: 0.2, Sum: 0.7]
      [Termination (ms): Min: 0.0, Avg: 0.0, Max: 0.1, Diff: 0.1, Sum: 0.2]
         [Termination Attempts: Min: 1, Avg: 1.0, Max: 1, Diff: 0, Sum: 6]
      [GC Worker Other (ms): Min: 0.0, Avg: 0.0, Max: 0.0, Diff: 0.0, Sum: 0.1]
      [GC Worker Total (ms): Min: 0.0, Avg: 0.5, Max: 0.6, Diff: 0.6, Sum: 3.1]
      [GC Worker End (ms): Min: 159121.8, Avg: 159121.8, Max: 159121.9, Diff: 0.0]
   [Code Root Fixup: 0.0 ms]
   [Code Root Purge: 0.0 ms]
   [Clear CT: 0.2 ms]
   [Other: 0.8 ms]
      [Choose CSet: 0.0 ms]
      [Ref Proc: 0.1 ms]
      [Ref Enq: 0.0 ms]
      [Redirty Cards: 0.1 ms]
      [Humongous Register: 0.0 ms]
      [Humongous Reclaim: 0.0 ms]
      [Free CSet: 0.4 ms]
   [Eden: 612.0M(612.0M)->0.0B(612.0M) Survivors: 2048.0K->2048.0K Heap: 617.9M(1024.0M)->5791.9K(1024.0M)]
 [Times: user=0.00 sys=0.00, real=0.00 secs] 
2024-10-11T08:36:18.743+0300: 159.123: Total time for which application threads were stopped: 0.0019878 seconds, Stopping threads took: 0.0001655 seconds
2024-10-11T08:36:20.782+0300: 161.160: Application time: 2.0374883 seconds
2024-10-11T08:36:20.782+0300: 161.161: [GC pause (G1 Evacuation Pause) (young), 0.0016780 secs]
   [Parallel Time: 0.7 ms, GC Workers: 6]
      [GC Worker Start (ms): Min: 161160.7, Avg: 161160.8, Max: 161161.0, Diff: 0.2]
      [Ext Root Scanning (ms): Min: 0.1, Avg: 0.2, Max: 0.3, Diff: 0.2, Sum: 1.3]
      [Update RS (ms): Min: 0.0, Avg: 0.0, Max: 0.0, Diff: 0.0, Sum: 0.1]
         [Processed Buffers: Min: 0, Avg: 1.2, Max: 3, Diff: 3, Sum: 7]
      [Scan RS (ms): Min: 0.1, Avg: 0.1, Max: 0.1, Diff: 0.0, Sum: 0.6]
      [Code Root Scanning (ms): Min: 0.0, Avg: 0.0, Max: 0.0, Diff: 0.0, Sum: 0.0]
      [Object Copy (ms): Min: 0.1, Avg: 0.1, Max: 0.2, Diff: 0.0, Sum: 0.9]
      [Termination (ms): Min: 0.0, Avg: 0.0, Max: 0.0, Diff: 0.0, Sum: 0.0]
         [Termination Attempts: Min: 1, Avg: 1.0, Max: 1, Diff: 0, Sum: 6]
      [GC Worker Other (ms): Min: 0.0, Avg: 0.0, Max: 0.1, Diff: 0.0, Sum: 0.2]
      [GC Worker Total (ms): Min: 0.4, Avg: 0.5, Max: 0.6, Diff: 0.3, Sum: 3.2]
      [GC Worker End (ms): Min: 161161.3, Avg: 161161.4, Max: 161161.4, Diff: 0.0]
   [Code Root Fixup: 0.0 ms]
   [Code Root Purge: 0.0 ms]
   [Clear CT: 0.2 ms]
   [Other: 0.8 ms]
      [Choose CSet: 0.0 ms]
      [Ref Proc: 0.1 ms]
      [Ref Enq: 0.0 ms]
      [Redirty Cards: 0.1 ms]
      [Humongous Register: 0.0 ms]
      [Humongous Reclaim: 0.0 ms]
      [Free CSet: 0.4 ms]
   [Eden: 612.0M(612.0M)->0.0B(612.0M) Survivors: 2048.0K->2048.0K Heap: 617.7M(1024.0M)->5992.8K(1024.0M)]
 [Times: user=0.02 sys=0.00, real=0.01 secs] 
2024-10-11T08:36:20.790+0300: 161.163: Total time for which application threads were stopped: 0.0021305 seconds, Stopping threads took: 0.0001481 seconds
2024-10-11T08:36:22.870+0300: 163.249: Application time: 2.0867827 seconds
2024-10-11T08:36:22.870+0300: 163.250: [GC pause (G1 Evacuation Pause) (young), 0.0015175 secs]
   [Parallel Time: 0.6 ms, GC Workers: 6]
      [GC Worker Start (ms): Min: 163249.6, Avg: 163249.6, Max: 163249.7, Diff: 0.1]
      [Ext Root Scanning (ms): Min: 0.2, Avg: 0.2, Max: 0.3, Diff: 0.0, Sum: 1.5]
      [Update RS (ms): Min: 0.0, Avg: 0.0, Max: 0.0, Diff: 0.0, Sum: 0.1]
         [Processed Buffers: Min: 0, Avg: 1.2, Max: 2, Diff: 2, Sum: 7]
      [Scan RS (ms): Min: 0.1, Avg: 0.1, Max: 0.1, Diff: 0.0, Sum: 0.6]
      [Code Root Scanning (ms): Min: 0.0, Avg: 0.0, Max: 0.0, Diff: 0.0, Sum: 0.0]
      [Object Copy (ms): Min: 0.1, Avg: 0.1, Max: 0.2, Diff: 0.0, Sum: 0.8]
      [Termination (ms): Min: 0.0, Avg: 0.0, Max: 0.0, Diff: 0.0, Sum: 0.1]
         [Termination Attempts: Min: 1, Avg: 1.0, Max: 1, Diff: 0, Sum: 6]
      [GC Worker Other (ms): Min: 0.0, Avg: 0.0, Max: 0.0, Diff: 0.0, Sum: 0.1]
      [GC Worker Total (ms): Min: 0.5, Avg: 0.5, Max: 0.5, Diff: 0.1, Sum: 3.1]
      [GC Worker End (ms): Min: 163250.1, Avg: 163250.2, Max: 163250.2, Diff: 0.0]
   [Code Root Fixup: 0.0 ms]
   [Code Root Purge: 0.0 ms]
   [Clear CT: 0.2 ms]
   [Other: 0.7 ms]
      [Choose CSet: 0.0 ms]
      [Ref Proc: 0.2 ms]
      [Ref Enq: 0.0 ms]
      [Redirty Cards: 0.1 ms]
      [Humongous Register: 0.0 ms]
      [Humongous Reclaim: 0.0 ms]
      [Free CSet: 0.3 ms]
   [Eden: 612.0M(612.0M)->0.0B(612.0M) Survivors: 2048.0K->2048.0K Heap: 617.9M(1024.0M)->5950.2K(1024.0M)]
 [Times: user=0.00 sys=0.00, real=0.00 secs] 
2024-10-11T08:36:22.870+0300: 163.251: Total time for which application threads were stopped: 0.0018407 seconds, Stopping threads took: 0.0001239 seconds
2024-10-11T08:36:24.925+0300: 165.299: Application time: 2.0480666 seconds
2024-10-11T08:36:24.925+0300: 165.299: [GC pause (G1 Evacuation Pause) (young), 0.0017183 secs]
   [Parallel Time: 0.9 ms, GC Workers: 6]
      [GC Worker Start (ms): Min: 165299.8, Avg: 165299.9, Max: 165299.9, Diff: 0.0]
      [Ext Root Scanning (ms): Min: 0.2, Avg: 0.2, Max: 0.3, Diff: 0.0, Sum: 1.4]
      [Update RS (ms): Min: 0.0, Avg: 0.0, Max: 0.0, Diff: 0.0, Sum: 0.1]
         [Processed Buffers: Min: 0, Avg: 1.2, Max: 4, Diff: 4, Sum: 7]
      [Scan RS (ms): Min: 0.1, Avg: 0.1, Max: 0.1, Diff: 0.0, Sum: 0.5]
      [Code Root Scanning (ms): Min: 0.0, Avg: 0.0, Max: 0.0, Diff: 0.0, Sum: 0.0]
      [Object Copy (ms): Min: 0.1, Avg: 0.1, Max: 0.2, Diff: 0.0, Sum: 0.8]
      [Termination (ms): Min: 0.0, Avg: 0.0, Max: 0.0, Diff: 0.0, Sum: 0.0]
         [Termination Attempts: Min: 1, Avg: 1.2, Max: 2, Diff: 1, Sum: 7]
      [GC Worker Other (ms): Min: 0.0, Avg: 0.0, Max: 0.0, Diff: 0.0, Sum: 0.2]
      [GC Worker Total (ms): Min: 0.5, Avg: 0.5, Max: 0.6, Diff: 0.1, Sum: 3.1]
      [GC Worker End (ms): Min: 165300.4, Avg: 165300.4, Max: 165300.4, Diff: 0.0]
   [Code Root Fixup: 0.0 ms]
   [Code Root Purge: 0.0 ms]
   [Clear CT: 0.2 ms]
   [Other: 0.7 ms]
      [Choose CSet: 0.0 ms]
      [Ref Proc: 0.2 ms]
      [Ref Enq: 0.0 ms]
      [Redirty Cards: 0.1 ms]
      [Humongous Register: 0.0 ms]
      [Humongous Reclaim: 0.0 ms]
      [Free CSet: 0.2 ms]
   [Eden: 612.0M(612.0M)->0.0B(612.0M) Survivors: 2048.0K->2048.0K Heap: 617.8M(1024.0M)->6114.6K(1024.0M)]
 [Times: user=0.00 sys=0.00, real=0.00 secs] 
2024-10-11T08:36:24.928+0300: 165.301: Total time for which application threads were stopped: 0.0021447 seconds, Stopping threads took: 0.0001535 seconds
2024-10-11T08:36:26.966+0300: 167.347: Application time: 2.0451523 seconds
2024-10-11T08:36:26.966+0300: 167.347: [GC pause (G1 Evacuation Pause) (young), 0.0014911 secs]
   [Parallel Time: 0.6 ms, GC Workers: 6]
      [GC Worker Start (ms): Min: 167346.9, Avg: 167346.9, Max: 167346.9, Diff: 0.1]
      [Ext Root Scanning (ms): Min: 0.2, Avg: 0.3, Max: 0.3, Diff: 0.0, Sum: 1.5]
      [Update RS (ms): Min: 0.0, Avg: 0.0, Max: 0.0, Diff: 0.0, Sum: 0.1]
         [Processed Buffers: Min: 0, Avg: 1.0, Max: 3, Diff: 3, Sum: 6]
      [Scan RS (ms): Min: 0.1, Avg: 0.1, Max: 0.1, Diff: 0.0, Sum: 0.6]
      [Code Root Scanning (ms): Min: 0.0, Avg: 0.0, Max: 0.0, Diff: 0.0, Sum: 0.0]
      [Object Copy (ms): Min: 0.1, Avg: 0.1, Max: 0.2, Diff: 0.1, Sum: 0.8]
      [Termination (ms): Min: 0.0, Avg: 0.0, Max: 0.0, Diff: 0.0, Sum: 0.1]
         [Termination Attempts: Min: 1, Avg: 1.0, Max: 1, Diff: 0, Sum: 6]
      [GC Worker Other (ms): Min: 0.0, Avg: 0.0, Max: 0.0, Diff: 0.0, Sum: 0.1]
      [GC Worker Total (ms): Min: 0.5, Avg: 0.5, Max: 0.6, Diff: 0.1, Sum: 3.3]
      [GC Worker End (ms): Min: 167347.4, Avg: 167347.4, Max: 167347.4, Diff: 0.0]
   [Code Root Fixup: 0.0 ms]
   [Code Root Purge: 0.0 ms]
   [Clear CT: 0.2 ms]
   [Other: 0.7 ms]
      [Choose CSet: 0.0 ms]
      [Ref Proc: 0.1 ms]
      [Ref Enq: 0.0 ms]
      [Redirty Cards: 0.1 ms]
      [Humongous Register: 0.0 ms]
      [Humongous Reclaim: 0.0 ms]
      [Free CSet: 0.3 ms]
   [Eden: 612.0M(612.0M)->0.0B(612.0M) Survivors: 2048.0K->2048.0K Heap: 618.0M(1024.0M)->6202.7K(1024.0M)]
 [Times: user=0.00 sys=0.00, real=0.00 secs] 
2024-10-11T08:36:26.966+0300: 167.348: Total time for which application threads were stopped: 0.0018400 seconds, Stopping threads took: 0.0001291 seconds
2024-10-11T08:36:29.005+0300: 169.385: Application time: 2.0370322 seconds
2024-10-11T08:36:29.005+0300: 169.386: [GC pause (G1 Evacuation Pause) (young), 0.0014045 secs]
   [Parallel Time: 0.6 ms, GC Workers: 6]
      [GC Worker Start (ms): Min: 169385.8, Avg: 169385.8, Max: 169386.1, Diff: 0.3]
      [Ext Root Scanning (ms): Min: 0.0, Avg: 0.2, Max: 0.3, Diff: 0.3, Sum: 1.3]
      [Update RS (ms): Min: 0.0, Avg: 0.0, Max: 0.0, Diff: 0.0, Sum: 0.1]
         [Processed Buffers: Min: 0, Avg: 1.0, Max: 2, Diff: 2, Sum: 6]
      [Scan RS (ms): Min: 0.1, Avg: 0.1, Max: 0.1, Diff: 0.0, Sum: 0.6]
      [Code Root Scanning (ms): Min: 0.0, Avg: 0.0, Max: 0.0, Diff: 0.0, Sum: 0.0]
      [Object Copy (ms): Min: 0.1, Avg: 0.1, Max: 0.2, Diff: 0.1, Sum: 0.7]
      [Termination (ms): Min: 0.0, Avg: 0.0, Max: 0.0, Diff: 0.0, Sum: 0.1]
         [Termination Attempts: Min: 1, Avg: 1.0, Max: 1, Diff: 0, Sum: 6]
      [GC Worker Other (ms): Min: 0.0, Avg: 0.0, Max: 0.0, Diff: 0.0, Sum: 0.1]
      [GC Worker Total (ms): Min: 0.3, Avg: 0.5, Max: 0.6, Diff: 0.3, Sum: 2.9]
      [GC Worker End (ms): Min: 169386.3, Avg: 169386.3, Max: 169386.3, Diff: 0.0]
   [Code Root Fixup: 0.0 ms]
   [Code Root Purge: 0.0 ms]
   [Clear CT: 0.2 ms]
   [Other: 0.6 ms]
      [Choose CSet: 0.0 ms]
      [Ref Proc: 0.1 ms]
      [Ref Enq: 0.0 ms]
      [Redirty Cards: 0.1 ms]
      [Humongous Register: 0.0 ms]
      [Humongous Reclaim: 0.0 ms]
      [Free CSet: 0.3 ms]
   [Eden: 612.0M(612.0M)->0.0B(612.0M) Survivors: 2048.0K->2048.0K Heap: 618.1M(1024.0M)->5884.1K(1024.0M)]
 [Times: user=0.00 sys=0.00, real=0.00 secs] 
2024-10-11T08:36:29.005+0300: 169.387: Total time for which application threads were stopped: 0.0018802 seconds, Stopping threads took: 0.0002187 seconds
2024-10-11T08:36:31.044+0300: 171.429: Application time: 2.0420259 seconds
2024-10-11T08:36:31.044+0300: 171.430: [GC pause (G1 Evacuation Pause) (young), 0.0015160 secs]
   [Parallel Time: 0.6 ms, GC Workers: 6]
      [GC Worker Start (ms): Min: 171429.6, Avg: 171429.6, Max: 171429.7, Diff: 0.0]
      [Ext Root Scanning (ms): Min: 0.2, Avg: 0.2, Max: 0.3, Diff: 0.0, Sum: 1.4]
      [Update RS (ms): Min: 0.0, Avg: 0.0, Max: 0.0, Diff: 0.0, Sum: 0.1]
         [Processed Buffers: Min: 0, Avg: 0.8, Max: 3, Diff: 3, Sum: 5]
      [Scan RS (ms): Min: 0.1, Avg: 0.1, Max: 0.1, Diff: 0.0, Sum: 0.6]
      [Code Root Scanning (ms): Min: 0.0, Avg: 0.0, Max: 0.0, Diff: 0.0, Sum: 0.0]
      [Object Copy (ms): Min: 0.1, Avg: 0.1, Max: 0.2, Diff: 0.1, Sum: 0.8]
      [Termination (ms): Min: 0.0, Avg: 0.0, Max: 0.0, Diff: 0.0, Sum: 0.1]
         [Termination Attempts: Min: 1, Avg: 1.0, Max: 1, Diff: 0, Sum: 6]
      [GC Worker Other (ms): Min: 0.0, Avg: 0.0, Max: 0.0, Diff: 0.0, Sum: 0.1]
      [GC Worker Total (ms): Min: 0.5, Avg: 0.5, Max: 0.5, Diff: 0.0, Sum: 3.1]
      [GC Worker End (ms): Min: 171430.1, Avg: 171430.2, Max: 171430.2, Diff: 0.0]
   [Code Root Fixup: 0.0 ms]
   [Code Root Purge: 0.0 ms]
   [Clear CT: 0.2 ms]
   [Other: 0.7 ms]
      [Choose CSet: 0.0 ms]
      [Ref Proc: 0.1 ms]
      [Ref Enq: 0.0 ms]
      [Redirty Cards: 0.1 ms]
      [Humongous Register: 0.0 ms]
      [Humongous Reclaim: 0.0 ms]
      [Free CSet: 0.3 ms]
   [Eden: 612.0M(612.0M)->0.0B(612.0M) Survivors: 2048.0K->2048.0K Heap: 617.7M(1024.0M)->5937.4K(1024.0M)]
 [Times: user=0.02 sys=0.00, real=0.00 secs] 
2024-10-11T08:36:31.044+0300: 171.431: Total time for which application threads were stopped: 0.0018649 seconds, Stopping threads took: 0.0001406 seconds
2024-10-11T08:36:33.100+0300: 173.476: Application time: 2.0453194 seconds
2024-10-11T08:36:33.100+0300: 173.477: [GC pause (G1 Evacuation Pause) (young), 0.0015527 secs]
   [Parallel Time: 0.6 ms, GC Workers: 6]
      [GC Worker Start (ms): Min: 173476.8, Avg: 173476.9, Max: 173477.0, Diff: 0.1]
      [Ext Root Scanning (ms): Min: 0.2, Avg: 0.2, Max: 0.3, Diff: 0.1, Sum: 1.4]
      [Update RS (ms): Min: 0.0, Avg: 0.0, Max: 0.0, Diff: 0.0, Sum: 0.1]
         [Processed Buffers: Min: 0, Avg: 1.0, Max: 4, Diff: 4, Sum: 6]
      [Scan RS (ms): Min: 0.1, Avg: 0.1, Max: 0.1, Diff: 0.0, Sum: 0.6]
      [Code Root Scanning (ms): Min: 0.0, Avg: 0.0, Max: 0.0, Diff: 0.0, Sum: 0.0]
      [Object Copy (ms): Min: 0.1, Avg: 0.1, Max: 0.2, Diff: 0.1, Sum: 0.8]
      [Termination (ms): Min: 0.0, Avg: 0.0, Max: 0.0, Diff: 0.0, Sum: 0.0]
         [Termination Attempts: Min: 1, Avg: 1.5, Max: 2, Diff: 1, Sum: 9]
      [GC Worker Other (ms): Min: 0.0, Avg: 0.0, Max: 0.0, Diff: 0.0, Sum: 0.2]
      [GC Worker Total (ms): Min: 0.4, Avg: 0.5, Max: 0.6, Diff: 0.1, Sum: 3.2]
      [GC Worker End (ms): Min: 173477.4, Avg: 173477.4, Max: 173477.4, Diff: 0.0]
   [Code Root Fixup: 0.0 ms]
   [Code Root Purge: 0.0 ms]
   [Clear CT: 0.2 ms]
   [Other: 0.7 ms]
      [Choose CSet: 0.0 ms]
      [Ref Proc: 0.2 ms]
      [Ref Enq: 0.0 ms]
      [Redirty Cards: 0.1 ms]
      [Humongous Register: 0.0 ms]
      [Humongous Reclaim: 0.0 ms]
      [Free CSet: 0.3 ms]
   [Eden: 612.0M(612.0M)->0.0B(612.0M) Survivors: 2048.0K->2048.0K Heap: 617.8M(1024.0M)->5970.6K(1024.0M)]
 [Times: user=0.00 sys=0.00, real=0.00 secs] 
2024-10-11T08:36:33.100+0300: 173.478: Total time for which application threads were stopped: 0.0019215 seconds, Stopping threads took: 0.0001573 seconds
2024-10-11T08:36:35.155+0300: 175.531: Application time: 2.0525183 seconds
2024-10-11T08:36:35.155+0300: 175.531: [GC pause (G1 Evacuation Pause) (young), 0.0017698 secs]
   [Parallel Time: 0.7 ms, GC Workers: 6]
      [GC Worker Start (ms): Min: 175531.3, Avg: 175531.3, Max: 175531.3, Diff: 0.1]
      [Ext Root Scanning (ms): Min: 0.2, Avg: 0.2, Max: 0.3, Diff: 0.1, Sum: 1.5]
      [Update RS (ms): Min: 0.0, Avg: 0.0, Max: 0.0, Diff: 0.0, Sum: 0.1]
         [Processed Buffers: Min: 0, Avg: 1.0, Max: 2, Diff: 2, Sum: 6]
      [Scan RS (ms): Min: 0.1, Avg: 0.1, Max: 0.1, Diff: 0.0, Sum: 0.6]
      [Code Root Scanning (ms): Min: 0.0, Avg: 0.0, Max: 0.0, Diff: 0.0, Sum: 0.0]
      [Object Copy (ms): Min: 0.1, Avg: 0.1, Max: 0.2, Diff: 0.1, Sum: 0.8]
      [Termination (ms): Min: 0.0, Avg: 0.0, Max: 0.0, Diff: 0.0, Sum: 0.1]
         [Termination Attempts: Min: 1, Avg: 1.0, Max: 1, Diff: 0, Sum: 6]
      [GC Worker Other (ms): Min: 0.0, Avg: 0.0, Max: 0.0, Diff: 0.0, Sum: 0.2]
      [GC Worker Total (ms): Min: 0.5, Avg: 0.5, Max: 0.6, Diff: 0.1, Sum: 3.2]
      [GC Worker End (ms): Min: 175531.8, Avg: 175531.8, Max: 175531.9, Diff: 0.0]
   [Code Root Fixup: 0.0 ms]
   [Code Root Purge: 0.0 ms]
   [Clear CT: 0.2 ms]
   [Other: 0.9 ms]
      [Choose CSet: 0.0 ms]
      [Ref Proc: 0.2 ms]
      [Ref Enq: 0.0 ms]
      [Redirty Cards: 0.1 ms]
      [Humongous Register: 0.0 ms]
      [Humongous Reclaim: 0.0 ms]
      [Free CSet: 0.4 ms]
   [Eden: 612.0M(612.0M)->0.0B(612.0M) Survivors: 2048.0K->2048.0K Heap: 617.8M(1024.0M)->6029.2K(1024.0M)]
 [Times: user=0.00 sys=0.00, real=0.00 secs] 
2024-10-11T08:36:35.155+0300: 175.533: Total time for which application threads were stopped: 0.0022026 seconds, Stopping threads took: 0.0001496 seconds
2024-10-11T08:36:37.207+0300: 177.580: Application time: 2.0463967 seconds
2024-10-11T08:36:37.208+0300: 177.580: [GC pause (G1 Evacuation Pause) (young), 0.0016992 secs]
   [Parallel Time: 0.8 ms, GC Workers: 6]
      [GC Worker Start (ms): Min: 177579.9, Avg: 177580.0, Max: 177580.2, Diff: 0.3]
      [Ext Root Scanning (ms): Min: 0.0, Avg: 0.2, Max: 0.3, Diff: 0.3, Sum: 1.5]
      [Update RS (ms): Min: 0.0, Avg: 0.0, Max: 0.0, Diff: 0.0, Sum: 0.1]
         [Processed Buffers: Min: 0, Avg: 1.0, Max: 2, Diff: 2, Sum: 6]
      [Scan RS (ms): Min: 0.0, Avg: 0.1, Max: 0.1, Diff: 0.1, Sum: 0.5]
      [Code Root Scanning (ms): Min: 0.0, Avg: 0.0, Max: 0.0, Diff: 0.0, Sum: 0.0]
      [Object Copy (ms): Min: 0.1, Avg: 0.2, Max: 0.3, Diff: 0.2, Sum: 1.1]
      [Termination (ms): Min: 0.0, Avg: 0.0, Max: 0.1, Diff: 0.1, Sum: 0.2]
         [Termination Attempts: Min: 1, Avg: 1.5, Max: 2, Diff: 1, Sum: 9]
      [GC Worker Other (ms): Min: 0.0, Avg: 0.0, Max: 0.0, Diff: 0.0, Sum: 0.1]
      [GC Worker Total (ms): Min: 0.3, Avg: 0.6, Max: 0.7, Diff: 0.3, Sum: 3.5]
      [GC Worker End (ms): Min: 177580.5, Avg: 177580.5, Max: 177580.6, Diff: 0.0]
   [Code Root Fixup: 0.0 ms]
   [Code Root Purge: 0.0 ms]
   [Clear CT: 0.2 ms]
   [Other: 0.8 ms]
      [Choose CSet: 0.0 ms]
      [Ref Proc: 0.2 ms]
      [Ref Enq: 0.0 ms]
      [Redirty Cards: 0.1 ms]
      [Humongous Register: 0.0 ms]
      [Humongous Reclaim: 0.0 ms]
      [Free CSet: 0.3 ms]
   [Eden: 612.0M(612.0M)->0.0B(612.0M) Survivors: 2048.0K->2048.0K Heap: 617.9M(1024.0M)->6079.4K(1024.0M)]
 [Times: user=0.00 sys=0.00, real=0.00 secs] 
2024-10-11T08:36:37.209+0300: 177.582: Total time for which application threads were stopped: 0.0020252 seconds, Stopping threads took: 0.0001360 seconds
2024-10-11T08:36:39.235+0300: 179.620: Application time: 2.0383863 seconds
2024-10-11T08:36:39.235+0300: 179.620: [GC pause (G1 Evacuation Pause) (young), 0.0016045 secs]
   [Parallel Time: 0.6 ms, GC Workers: 6]
      [GC Worker Start (ms): Min: 179620.3, Avg: 179620.4, Max: 179620.4, Diff: 0.1]
      [Ext Root Scanning (ms): Min: 0.2, Avg: 0.2, Max: 0.3, Diff: 0.0, Sum: 1.4]
      [Update RS (ms): Min: 0.0, Avg: 0.0, Max: 0.0, Diff: 0.0, Sum: 0.1]
         [Processed Buffers: Min: 0, Avg: 1.2, Max: 3, Diff: 3, Sum: 7]
      [Scan RS (ms): Min: 0.1, Avg: 0.1, Max: 0.1, Diff: 0.0, Sum: 0.6]
      [Code Root Scanning (ms): Min: 0.0, Avg: 0.0, Max: 0.0, Diff: 0.0, Sum: 0.0]
      [Object Copy (ms): Min: 0.1, Avg: 0.1, Max: 0.1, Diff: 0.0, Sum: 0.7]
      [Termination (ms): Min: 0.0, Avg: 0.0, Max: 0.0, Diff: 0.0, Sum: 0.1]
         [Termination Attempts: Min: 1, Avg: 1.0, Max: 1, Diff: 0, Sum: 6]
      [GC Worker Other (ms): Min: 0.0, Avg: 0.0, Max: 0.0, Diff: 0.0, Sum: 0.2]
      [GC Worker Total (ms): Min: 0.5, Avg: 0.5, Max: 0.5, Diff: 0.1, Sum: 3.1]
      [GC Worker End (ms): Min: 179620.9, Avg: 179620.9, Max: 179620.9, Diff: 0.0]
   [Code Root Fixup: 0.0 ms]
   [Code Root Purge: 0.0 ms]
   [Clear CT: 0.2 ms]
   [Other: 0.8 ms]
      [Choose CSet: 0.0 ms]
      [Ref Proc: 0.2 ms]
      [Ref Enq: 0.0 ms]
      [Redirty Cards: 0.1 ms]
      [Humongous Register: 0.0 ms]
      [Humongous Reclaim: 0.0 ms]
      [Free CSet: 0.3 ms]
   [Eden: 612.0M(612.0M)->0.0B(612.0M) Survivors: 2048.0K->2048.0K Heap: 617.9M(1024.0M)->6129.4K(1024.0M)]
 [Times: user=0.00 sys=0.00, real=0.00 secs] 
2024-10-11T08:36:39.235+0300: 179.622: Total time for which application threads were stopped: 0.0020786 seconds, Stopping threads took: 0.0001891 seconds
2024-10-11T08:36:41.293+0300: 181.666: Application time: 2.0443052 seconds
2024-10-11T08:36:41.293+0300: 181.667: [GC pause (G1 Evacuation Pause) (young), 0.0016242 secs]
   [Parallel Time: 0.6 ms, GC Workers: 6]
      [GC Worker Start (ms): Min: 181666.7, Avg: 181666.7, Max: 181666.7, Diff: 0.1]
      [Ext Root Scanning (ms): Min: 0.2, Avg: 0.2, Max: 0.3, Diff: 0.0, Sum: 1.5]
      [Update RS (ms): Min: 0.0, Avg: 0.0, Max: 0.0, Diff: 0.0, Sum: 0.1]
         [Processed Buffers: Min: 0, Avg: 1.2, Max: 4, Diff: 4, Sum: 7]
      [Scan RS (ms): Min: 0.1, Avg: 0.1, Max: 0.1, Diff: 0.0, Sum: 0.6]
      [Code Root Scanning (ms): Min: 0.0, Avg: 0.0, Max: 0.0, Diff: 0.0, Sum: 0.0]
      [Object Copy (ms): Min: 0.1, Avg: 0.1, Max: 0.2, Diff: 0.1, Sum: 0.7]
      [Termination (ms): Min: 0.0, Avg: 0.0, Max: 0.0, Diff: 0.0, Sum: 0.1]
         [Termination Attempts: Min: 1, Avg: 1.0, Max: 1, Diff: 0, Sum: 6]
      [GC Worker Other (ms): Min: 0.0, Avg: 0.0, Max: 0.1, Diff: 0.0, Sum: 0.2]
      [GC Worker Total (ms): Min: 0.5, Avg: 0.5, Max: 0.6, Diff: 0.1, Sum: 3.1]
      [GC Worker End (ms): Min: 181667.2, Avg: 181667.2, Max: 181667.2, Diff: 0.0]
   [Code Root Fixup: 0.0 ms]
   [Code Root Purge: 0.0 ms]
   [Clear CT: 0.2 ms]
   [Other: 0.8 ms]
      [Choose CSet: 0.0 ms]
      [Ref Proc: 0.2 ms]
      [Ref Enq: 0.0 ms]
      [Redirty Cards: 0.1 ms]
      [Humongous Register: 0.0 ms]
      [Humongous Reclaim: 0.0 ms]
      [Free CSet: 0.3 ms]
   [Eden: 612.0M(612.0M)->0.0B(612.0M) Survivors: 2048.0K->2048.0K Heap: 618.0M(1024.0M)->6134.1K(1024.0M)]
 [Times: user=0.00 sys=0.00, real=0.00 secs] 
2024-10-11T08:36:41.293+0300: 181.668: Total time for which application threads were stopped: 0.0019685 seconds, Stopping threads took: 0.0001377 seconds
2024-10-11T08:36:43.330+0300: 183.712: Application time: 2.0435197 seconds
2024-10-11T08:36:43.330+0300: 183.712: [GC pause (G1 Evacuation Pause) (young), 0.0015650 secs]
   [Parallel Time: 0.6 ms, GC Workers: 6]
      [GC Worker Start (ms): Min: 183712.1, Avg: 183712.2, Max: 183712.2, Diff: 0.1]
      [Ext Root Scanning (ms): Min: 0.2, Avg: 0.2, Max: 0.3, Diff: 0.1, Sum: 1.5]
      [Update RS (ms): Min: 0.0, Avg: 0.0, Max: 0.0, Diff: 0.0, Sum: 0.1]
         [Processed Buffers: Min: 1, Avg: 1.2, Max: 2, Diff: 1, Sum: 7]
      [Scan RS (ms): Min: 0.1, Avg: 0.1, Max: 0.1, Diff: 0.0, Sum: 0.6]
      [Code Root Scanning (ms): Min: 0.0, Avg: 0.0, Max: 0.0, Diff: 0.0, Sum: 0.0]
      [Object Copy (ms): Min: 0.1, Avg: 0.1, Max: 0.1, Diff: 0.0, Sum: 0.7]
      [Termination (ms): Min: 0.0, Avg: 0.0, Max: 0.0, Diff: 0.0, Sum: 0.1]
         [Termination Attempts: Min: 1, Avg: 1.0, Max: 1, Diff: 0, Sum: 6]
      [GC Worker Other (ms): Min: 0.0, Avg: 0.0, Max: 0.0, Diff: 0.0, Sum: 0.1]
      [GC Worker Total (ms): Min: 0.5, Avg: 0.5, Max: 0.5, Diff: 0.1, Sum: 2.9]
      [GC Worker End (ms): Min: 183712.7, Avg: 183712.7, Max: 183712.7, Diff: 0.0]
   [Code Root Fixup: 0.0 ms]
   [Code Root Purge: 0.0 ms]
   [Clear CT: 0.2 ms]
   [Other: 0.8 ms]
      [Choose CSet: 0.0 ms]
      [Ref Proc: 0.2 ms]
      [Ref Enq: 0.0 ms]
      [Redirty Cards: 0.1 ms]
      [Humongous Register: 0.0 ms]
      [Humongous Reclaim: 0.0 ms]
      [Free CSet: 0.3 ms]
   [Eden: 612.0M(612.0M)->0.0B(612.0M) Survivors: 2048.0K->2048.0K Heap: 618.0M(1024.0M)->6007.2K(1024.0M)]
 [Times: user=0.00 sys=0.00, real=0.00 secs] 
2024-10-11T08:36:43.330+0300: 183.714: Total time for which application threads were stopped: 0.0018946 seconds, Stopping threads took: 0.0001180 seconds
2024-10-11T08:36:45.367+0300: 185.751: Application time: 2.0371675 seconds
2024-10-11T08:36:45.367+0300: 185.751: [GC pause (G1 Evacuation Pause) (young), 0.0015814 secs]
   [Parallel Time: 0.7 ms, GC Workers: 6]
      [GC Worker Start (ms): Min: 185751.3, Avg: 185751.3, Max: 185751.3, Diff: 0.1]
      [Ext Root Scanning (ms): Min: 0.3, Avg: 0.3, Max: 0.6, Diff: 0.3, Sum: 2.0]
      [Update RS (ms): Min: 0.0, Avg: 0.0, Max: 0.0, Diff: 0.0, Sum: 0.1]
         [Processed Buffers: Min: 0, Avg: 1.2, Max: 2, Diff: 2, Sum: 7]
      [Scan RS (ms): Min: 0.0, Avg: 0.1, Max: 0.1, Diff: 0.1, Sum: 0.5]
      [Code Root Scanning (ms): Min: 0.0, Avg: 0.0, Max: 0.0, Diff: 0.0, Sum: 0.0]
      [Object Copy (ms): Min: 0.0, Avg: 0.1, Max: 0.2, Diff: 0.2, Sum: 0.7]
      [Termination (ms): Min: 0.0, Avg: 0.1, Max: 0.1, Diff: 0.1, Sum: 0.3]
         [Termination Attempts: Min: 1, Avg: 1.5, Max: 2, Diff: 1, Sum: 9]
      [GC Worker Other (ms): Min: 0.0, Avg: 0.0, Max: 0.0, Diff: 0.0, Sum: 0.1]
      [GC Worker Total (ms): Min: 0.6, Avg: 0.6, Max: 0.7, Diff: 0.1, Sum: 3.8]
      [GC Worker End (ms): Min: 185751.9, Avg: 185751.9, Max: 185751.9, Diff: 0.0]
   [Code Root Fixup: 0.0 ms]
   [Code Root Purge: 0.0 ms]
   [Clear CT: 0.2 ms]
   [Other: 0.7 ms]
      [Choose CSet: 0.0 ms]
      [Ref Proc: 0.2 ms]
      [Ref Enq: 0.0 ms]
      [Redirty Cards: 0.1 ms]
      [Humongous Register: 0.0 ms]
      [Humongous Reclaim: 0.0 ms]
      [Free CSet: 0.3 ms]
   [Eden: 612.0M(612.0M)->0.0B(612.0M) Survivors: 2048.0K->2048.0K Heap: 617.9M(1024.0M)->6068.0K(1024.0M)]
 [Times: user=0.00 sys=0.00, real=0.00 secs] 
2024-10-11T08:36:45.367+0300: 185.753: Total time for which application threads were stopped: 0.0019530 seconds, Stopping threads took: 0.0001679 seconds
2024-10-11T08:36:47.423+0300: 187.810: Application time: 2.0567727 seconds
2024-10-11T08:36:47.423+0300: 187.810: [GC pause (G1 Evacuation Pause) (young), 0.0014604 secs]
   [Parallel Time: 0.6 ms, GC Workers: 6]
      [GC Worker Start (ms): Min: 187809.9, Avg: 187810.0, Max: 187810.0, Diff: 0.1]
      [Ext Root Scanning (ms): Min: 0.2, Avg: 0.3, Max: 0.3, Diff: 0.1, Sum: 1.5]
      [Update RS (ms): Min: 0.0, Avg: 0.0, Max: 0.0, Diff: 0.0, Sum: 0.1]
         [Processed Buffers: Min: 1, Avg: 1.2, Max: 2, Diff: 1, Sum: 7]
      [Scan RS (ms): Min: 0.1, Avg: 0.1, Max: 0.1, Diff: 0.0, Sum: 0.6]
      [Code Root Scanning (ms): Min: 0.0, Avg: 0.0, Max: 0.0, Diff: 0.0, Sum: 0.0]
      [Object Copy (ms): Min: 0.1, Avg: 0.1, Max: 0.1, Diff: 0.0, Sum: 0.8]
      [Termination (ms): Min: 0.0, Avg: 0.0, Max: 0.0, Diff: 0.0, Sum: 0.0]
         [Termination Attempts: Min: 1, Avg: 1.0, Max: 1, Diff: 0, Sum: 6]
      [GC Worker Other (ms): Min: 0.0, Avg: 0.0, Max: 0.0, Diff: 0.0, Sum: 0.1]
      [GC Worker Total (ms): Min: 0.5, Avg: 0.5, Max: 0.6, Diff: 0.1, Sum: 3.1]
      [GC Worker End (ms): Min: 187810.5, Avg: 187810.5, Max: 187810.5, Diff: 0.0]
   [Code Root Fixup: 0.0 ms]
   [Code Root Purge: 0.0 ms]
   [Clear CT: 0.2 ms]
   [Other: 0.6 ms]
      [Choose CSet: 0.0 ms]
      [Ref Proc: 0.1 ms]
      [Ref Enq: 0.0 ms]
      [Redirty Cards: 0.1 ms]
      [Humongous Register: 0.0 ms]
      [Humongous Reclaim: 0.0 ms]
      [Free CSet: 0.3 ms]
   [Eden: 612.0M(612.0M)->0.0B(612.0M) Survivors: 2048.0K->2048.0K Heap: 617.9M(1024.0M)->5966.6K(1024.0M)]
 [Times: user=0.00 sys=0.00, real=0.02 secs] 
2024-10-11T08:36:47.439+0300: 187.811: Total time for which application threads were stopped: 0.0017974 seconds, Stopping threads took: 0.0001240 seconds
2024-10-11T08:36:49.463+0300: 189.847: Application time: 2.0357635 seconds
2024-10-11T08:36:49.463+0300: 189.847: [GC pause (G1 Evacuation Pause) (young), 0.0014748 secs]
   [Parallel Time: 0.7 ms, GC Workers: 6]
      [GC Worker Start (ms): Min: 189847.6, Avg: 189847.7, Max: 189847.9, Diff: 0.3]
      [Ext Root Scanning (ms): Min: 0.0, Avg: 0.2, Max: 0.3, Diff: 0.3, Sum: 1.1]
      [Update RS (ms): Min: 0.0, Avg: 0.0, Max: 0.0, Diff: 0.0, Sum: 0.1]
         [Processed Buffers: Min: 0, Avg: 1.2, Max: 3, Diff: 3, Sum: 7]
      [Scan RS (ms): Min: 0.1, Avg: 0.1, Max: 0.1, Diff: 0.0, Sum: 0.6]
      [Code Root Scanning (ms): Min: 0.0, Avg: 0.0, Max: 0.0, Diff: 0.0, Sum: 0.0]
      [Object Copy (ms): Min: 0.1, Avg: 0.1, Max: 0.2, Diff: 0.1, Sum: 0.8]
      [Termination (ms): Min: 0.0, Avg: 0.0, Max: 0.0, Diff: 0.0, Sum: 0.1]
         [Termination Attempts: Min: 1, Avg: 1.0, Max: 1, Diff: 0, Sum: 6]
      [GC Worker Other (ms): Min: 0.0, Avg: 0.0, Max: 0.1, Diff: 0.0, Sum: 0.2]
      [GC Worker Total (ms): Min: 0.3, Avg: 0.5, Max: 0.6, Diff: 0.3, Sum: 2.9]
      [GC Worker End (ms): Min: 189848.1, Avg: 189848.2, Max: 189848.2, Diff: 0.1]
   [Code Root Fixup: 0.0 ms]
   [Code Root Purge: 0.0 ms]
   [Clear CT: 0.2 ms]
   [Other: 0.6 ms]
      [Choose CSet: 0.0 ms]
      [Ref Proc: 0.1 ms]
      [Ref Enq: 0.0 ms]
      [Redirty Cards: 0.1 ms]
      [Humongous Register: 0.0 ms]
      [Humongous Reclaim: 0.0 ms]
      [Free CSet: 0.3 ms]
   [Eden: 612.0M(612.0M)->0.0B(612.0M) Survivors: 2048.0K->2048.0K Heap: 617.8M(1024.0M)->6074.3K(1024.0M)]
 [Times: user=0.00 sys=0.00, real=0.00 secs] 
2024-10-11T08:36:49.463+0300: 189.849: Total time for which application threads were stopped: 0.0018665 seconds, Stopping threads took: 0.0001833 seconds
2024-10-11T08:36:51.519+0300: 191.900: Application time: 2.0509912 seconds
2024-10-11T08:36:51.519+0300: 191.900: [GC pause (G1 Evacuation Pause) (young), 0.0014640 secs]
   [Parallel Time: 0.7 ms, GC Workers: 6]
      [GC Worker Start (ms): Min: 191900.4, Avg: 191900.4, Max: 191900.5, Diff: 0.1]
      [Ext Root Scanning (ms): Min: 0.2, Avg: 0.3, Max: 0.3, Diff: 0.1, Sum: 1.5]
      [Update RS (ms): Min: 0.0, Avg: 0.0, Max: 0.0, Diff: 0.0, Sum: 0.1]
         [Processed Buffers: Min: 0, Avg: 1.0, Max: 2, Diff: 2, Sum: 6]
      [Scan RS (ms): Min: 0.1, Avg: 0.1, Max: 0.1, Diff: 0.0, Sum: 0.6]
      [Code Root Scanning (ms): Min: 0.0, Avg: 0.0, Max: 0.0, Diff: 0.0, Sum: 0.0]
      [Object Copy (ms): Min: 0.1, Avg: 0.1, Max: 0.1, Diff: 0.0, Sum: 0.9]
      [Termination (ms): Min: 0.0, Avg: 0.0, Max: 0.0, Diff: 0.0, Sum: 0.1]
         [Termination Attempts: Min: 1, Avg: 1.0, Max: 1, Diff: 0, Sum: 6]
      [GC Worker Other (ms): Min: 0.0, Avg: 0.0, Max: 0.0, Diff: 0.0, Sum: 0.1]
      [GC Worker Total (ms): Min: 0.5, Avg: 0.6, Max: 0.6, Diff: 0.1, Sum: 3.3]
      [GC Worker End (ms): Min: 191901.0, Avg: 191901.0, Max: 191901.0, Diff: 0.0]
   [Code Root Fixup: 0.0 ms]
   [Code Root Purge: 0.0 ms]
   [Clear CT: 0.2 ms]
   [Other: 0.6 ms]
      [Choose CSet: 0.0 ms]
      [Ref Proc: 0.1 ms]
      [Ref Enq: 0.0 ms]
      [Redirty Cards: 0.1 ms]
      [Humongous Register: 0.0 ms]
      [Humongous Reclaim: 0.0 ms]
      [Free CSet: 0.3 ms]
   [Eden: 612.0M(612.0M)->0.0B(612.0M) Survivors: 2048.0K->2048.0K Heap: 617.9M(1024.0M)->6193.7K(1024.0M)]
 [Times: user=0.00 sys=0.00, real=0.01 secs] 
2024-10-11T08:36:51.529+0300: 191.902: Total time for which application threads were stopped: 0.0018303 seconds, Stopping threads took: 0.0001785 seconds
2024-10-11T08:36:53.574+0300: 193.958: Application time: 2.0560685 seconds
2024-10-11T08:36:53.574+0300: 193.958: [GC pause (G1 Evacuation Pause) (young), 0.0017797 secs]
   [Parallel Time: 0.7 ms, GC Workers: 6]
      [GC Worker Start (ms): Min: 193958.3, Avg: 193958.4, Max: 193958.6, Diff: 0.3]
      [Ext Root Scanning (ms): Min: 0.0, Avg: 0.2, Max: 0.3, Diff: 0.3, Sum: 1.4]
      [Update RS (ms): Min: 0.0, Avg: 0.0, Max: 0.0, Diff: 0.0, Sum: 0.1]
         [Processed Buffers: Min: 0, Avg: 1.0, Max: 3, Diff: 3, Sum: 6]
      [Scan RS (ms): Min: 0.0, Avg: 0.1, Max: 0.1, Diff: 0.1, Sum: 0.5]
      [Code Root Scanning (ms): Min: 0.0, Avg: 0.0, Max: 0.0, Diff: 0.0, Sum: 0.0]
      [Object Copy (ms): Min: 0.1, Avg: 0.2, Max: 0.3, Diff: 0.2, Sum: 1.1]
      [Termination (ms): Min: 0.0, Avg: 0.0, Max: 0.1, Diff: 0.1, Sum: 0.3]
         [Termination Attempts: Min: 1, Avg: 1.8, Max: 3, Diff: 2, Sum: 11]
      [GC Worker Other (ms): Min: 0.0, Avg: 0.0, Max: 0.0, Diff: 0.0, Sum: 0.1]
      [GC Worker Total (ms): Min: 0.3, Avg: 0.6, Max: 0.6, Diff: 0.3, Sum: 3.4]
      [GC Worker End (ms): Min: 193959.0, Avg: 193959.0, Max: 193959.0, Diff: 0.0]
   [Code Root Fixup: 0.0 ms]
   [Code Root Purge: 0.0 ms]
   [Clear CT: 0.2 ms]
   [Other: 0.9 ms]
      [Choose CSet: 0.0 ms]
      [Ref Proc: 0.1 ms]
      [Ref Enq: 0.0 ms]
      [Redirty Cards: 0.1 ms]
      [Humongous Register: 0.0 ms]
      [Humongous Reclaim: 0.0 ms]
      [Free CSet: 0.5 ms]
   [Eden: 612.0M(612.0M)->0.0B(612.0M) Survivors: 2048.0K->2048.0K Heap: 618.0M(1024.0M)->5913.1K(1024.0M)]
 [Times: user=0.00 sys=0.00, real=0.00 secs] 
2024-10-11T08:36:53.574+0300: 193.960: Total time for which application threads were stopped: 0.0021791 seconds, Stopping threads took: 0.0001676 seconds
2024-10-11T08:36:55.660+0300: 196.034: Application time: 2.0742715 seconds
2024-10-11T08:36:55.660+0300: 196.035: [GC pause (G1 Evacuation Pause) (young), 0.0015723 secs]
   [Parallel Time: 0.6 ms, GC Workers: 6]
      [GC Worker Start (ms): Min: 196034.6, Avg: 196034.7, Max: 196034.7, Diff: 0.1]
      [Ext Root Scanning (ms): Min: 0.2, Avg: 0.2, Max: 0.3, Diff: 0.1, Sum: 1.4]
      [Update RS (ms): Min: 0.0, Avg: 0.0, Max: 0.0, Diff: 0.0, Sum: 0.1]
         [Processed Buffers: Min: 0, Avg: 1.0, Max: 3, Diff: 3, Sum: 6]
      [Scan RS (ms): Min: 0.1, Avg: 0.1, Max: 0.1, Diff: 0.0, Sum: 0.5]
      [Code Root Scanning (ms): Min: 0.0, Avg: 0.0, Max: 0.0, Diff: 0.0, Sum: 0.0]
      [Object Copy (ms): Min: 0.1, Avg: 0.1, Max: 0.1, Diff: 0.0, Sum: 0.7]
      [Termination (ms): Min: 0.0, Avg: 0.0, Max: 0.0, Diff: 0.0, Sum: 0.0]
         [Termination Attempts: Min: 1, Avg: 1.0, Max: 1, Diff: 0, Sum: 6]
      [GC Worker Other (ms): Min: 0.0, Avg: 0.0, Max: 0.0, Diff: 0.0, Sum: 0.1]
      [GC Worker Total (ms): Min: 0.5, Avg: 0.5, Max: 0.5, Diff: 0.1, Sum: 2.9]
      [GC Worker End (ms): Min: 196035.2, Avg: 196035.2, Max: 196035.2, Diff: 0.0]
   [Code Root Fixup: 0.0 ms]
   [Code Root Purge: 0.0 ms]
   [Clear CT: 0.2 ms]
   [Other: 0.8 ms]
      [Choose CSet: 0.0 ms]
      [Ref Proc: 0.1 ms]
      [Ref Enq: 0.0 ms]
      [Redirty Cards: 0.1 ms]
      [Humongous Register: 0.0 ms]
      [Humongous Reclaim: 0.0 ms]
      [Free CSet: 0.4 ms]
   [Eden: 612.0M(612.0M)->0.0B(612.0M) Survivors: 2048.0K->2048.0K Heap: 617.8M(1024.0M)->6018.1K(1024.0M)]
 [Times: user=0.00 sys=0.00, real=0.00 secs] 
2024-10-11T08:36:55.660+0300: 196.036: Total time for which application threads were stopped: 0.0018533 seconds, Stopping threads took: 0.0001011 seconds
2024-10-11T08:36:57.699+0300: 198.073: Application time: 2.0366909 seconds
2024-10-11T08:36:57.699+0300: 198.073: [GC pause (G1 Evacuation Pause) (young), 0.0015233 secs]
   [Parallel Time: 0.6 ms, GC Workers: 6]
      [GC Worker Start (ms): Min: 198073.3, Avg: 198073.3, Max: 198073.3, Diff: 0.1]
      [Ext Root Scanning (ms): Min: 0.2, Avg: 0.2, Max: 0.3, Diff: 0.1, Sum: 1.4]
      [Update RS (ms): Min: 0.0, Avg: 0.0, Max: 0.0, Diff: 0.0, Sum: 0.1]
         [Processed Buffers: Min: 0, Avg: 0.8, Max: 2, Diff: 2, Sum: 5]
      [Scan RS (ms): Min: 0.1, Avg: 0.1, Max: 0.1, Diff: 0.0, Sum: 0.6]
      [Code Root Scanning (ms): Min: 0.0, Avg: 0.0, Max: 0.0, Diff: 0.0, Sum: 0.0]
      [Object Copy (ms): Min: 0.1, Avg: 0.1, Max: 0.2, Diff: 0.1, Sum: 0.8]
      [Termination (ms): Min: 0.0, Avg: 0.0, Max: 0.0, Diff: 0.0, Sum: 0.1]
         [Termination Attempts: Min: 1, Avg: 1.2, Max: 2, Diff: 1, Sum: 7]
      [GC Worker Other (ms): Min: 0.0, Avg: 0.0, Max: 0.1, Diff: 0.1, Sum: 0.2]
      [GC Worker Total (ms): Min: 0.5, Avg: 0.5, Max: 0.5, Diff: 0.1, Sum: 3.1]
      [GC Worker End (ms): Min: 198073.8, Avg: 198073.8, Max: 198073.8, Diff: 0.0]
   [Code Root Fixup: 0.0 ms]
   [Code Root Purge: 0.0 ms]
   [Clear CT: 0.2 ms]
   [Other: 0.7 ms]
      [Choose CSet: 0.0 ms]
      [Ref Proc: 0.2 ms]
      [Ref Enq: 0.0 ms]
      [Redirty Cards: 0.1 ms]
      [Humongous Register: 0.0 ms]
      [Humongous Reclaim: 0.0 ms]
      [Free CSet: 0.3 ms]
   [Eden: 612.0M(612.0M)->0.0B(612.0M) Survivors: 2048.0K->2048.0K Heap: 617.9M(1024.0M)->5953.3K(1024.0M)]
 [Times: user=0.00 sys=0.00, real=0.00 secs] 
2024-10-11T08:36:57.699+0300: 198.075: Total time for which application threads were stopped: 0.0018715 seconds, Stopping threads took: 0.0001437 seconds
2024-10-11T08:36:59.738+0300: 200.113: Application time: 2.0382708 seconds
2024-10-11T08:36:59.738+0300: 200.113: [GC pause (G1 Evacuation Pause) (young), 0.0015045 secs]
   [Parallel Time: 0.6 ms, GC Workers: 6]
      [GC Worker Start (ms): Min: 200113.4, Avg: 200113.4, Max: 200113.4, Diff: 0.1]
      [Ext Root Scanning (ms): Min: 0.2, Avg: 0.2, Max: 0.3, Diff: 0.0, Sum: 1.4]
      [Update RS (ms): Min: 0.0, Avg: 0.0, Max: 0.0, Diff: 0.0, Sum: 0.1]
         [Processed Buffers: Min: 0, Avg: 1.0, Max: 3, Diff: 3, Sum: 6]
      [Scan RS (ms): Min: 0.1, Avg: 0.1, Max: 0.1, Diff: 0.0, Sum: 0.5]
      [Code Root Scanning (ms): Min: 0.0, Avg: 0.0, Max: 0.0, Diff: 0.0, Sum: 0.0]
      [Object Copy (ms): Min: 0.1, Avg: 0.1, Max: 0.2, Diff: 0.1, Sum: 0.8]
      [Termination (ms): Min: 0.0, Avg: 0.0, Max: 0.0, Diff: 0.0, Sum: 0.1]
         [Termination Attempts: Min: 1, Avg: 1.2, Max: 2, Diff: 1, Sum: 7]
      [GC Worker Other (ms): Min: 0.0, Avg: 0.0, Max: 0.0, Diff: 0.0, Sum: 0.1]
      [GC Worker Total (ms): Min: 0.5, Avg: 0.5, Max: 0.5, Diff: 0.0, Sum: 3.0]
      [GC Worker End (ms): Min: 200113.9, Avg: 200113.9, Max: 200113.9, Diff: 0.0]
   [Code Root Fixup: 0.0 ms]
   [Code Root Purge: 0.0 ms]
   [Clear CT: 0.2 ms]
   [Other: 0.7 ms]
      [Choose CSet: 0.0 ms]
      [Ref Proc: 0.2 ms]
      [Ref Enq: 0.0 ms]
      [Redirty Cards: 0.1 ms]
      [Humongous Register: 0.0 ms]
      [Humongous Reclaim: 0.0 ms]
      [Free CSet: 0.3 ms]
   [Eden: 612.0M(612.0M)->0.0B(612.0M) Survivors: 2048.0K->2048.0K Heap: 617.8M(1024.0M)->6114.1K(1024.0M)]
 [Times: user=0.00 sys=0.00, real=0.00 secs] 
2024-10-11T08:36:59.738+0300: 200.115: Total time for which application threads were stopped: 0.0018145 seconds, Stopping threads took: 0.0001074 seconds
2024-10-11T08:37:01.793+0300: 202.165: Application time: 2.0503843 seconds
2024-10-11T08:37:01.793+0300: 202.166: [GC pause (G1 Evacuation Pause) (young), 0.0015034 secs]
   [Parallel Time: 0.6 ms, GC Workers: 6]
      [GC Worker Start (ms): Min: 202165.6, Avg: 202165.6, Max: 202165.6, Diff: 0.1]
      [Ext Root Scanning (ms): Min: 0.2, Avg: 0.3, Max: 0.3, Diff: 0.1, Sum: 1.5]
      [Update RS (ms): Min: 0.0, Avg: 0.0, Max: 0.0, Diff: 0.0, Sum: 0.1]
         [Processed Buffers: Min: 0, Avg: 1.0, Max: 4, Diff: 4, Sum: 6]
      [Scan RS (ms): Min: 0.1, Avg: 0.1, Max: 0.1, Diff: 0.0, Sum: 0.5]
      [Code Root Scanning (ms): Min: 0.0, Avg: 0.0, Max: 0.0, Diff: 0.0, Sum: 0.0]
      [Object Copy (ms): Min: 0.1, Avg: 0.1, Max: 0.1, Diff: 0.0, Sum: 0.7]
      [Termination (ms): Min: 0.0, Avg: 0.0, Max: 0.0, Diff: 0.0, Sum: 0.1]
         [Termination Attempts: Min: 1, Avg: 1.0, Max: 1, Diff: 0, Sum: 6]
      [GC Worker Other (ms): Min: 0.0, Avg: 0.0, Max: 0.0, Diff: 0.0, Sum: 0.1]
      [GC Worker Total (ms): Min: 0.5, Avg: 0.5, Max: 0.6, Diff: 0.1, Sum: 3.0]
      [GC Worker End (ms): Min: 202166.1, Avg: 202166.1, Max: 202166.1, Diff: 0.0]
   [Code Root Fixup: 0.0 ms]
   [Code Root Purge: 0.0 ms]
   [Clear CT: 0.2 ms]
   [Other: 0.7 ms]
      [Choose CSet: 0.0 ms]
      [Ref Proc: 0.1 ms]
      [Ref Enq: 0.0 ms]
      [Redirty Cards: 0.1 ms]
      [Humongous Register: 0.0 ms]
      [Humongous Reclaim: 0.0 ms]
      [Free CSet: 0.4 ms]
   [Eden: 612.0M(612.0M)->0.0B(612.0M) Survivors: 2048.0K->2048.0K Heap: 618.0M(1024.0M)->6116.2K(1024.0M)]
 [Times: user=0.00 sys=0.00, real=0.00 secs] 
2024-10-11T08:37:01.793+0300: 202.167: Total time for which application threads were stopped: 0.0018442 seconds, Stopping threads took: 0.0001304 seconds
2024-10-11T08:37:03.834+0300: 204.211: Application time: 2.0440876 seconds
2024-10-11T08:37:03.834+0300: 204.211: [GC pause (G1 Evacuation Pause) (young), 0.0015399 secs]
   [Parallel Time: 0.8 ms, GC Workers: 6]
      [GC Worker Start (ms): Min: 204211.5, Avg: 204211.6, Max: 204211.6, Diff: 0.1]
      [Ext Root Scanning (ms): Min: 0.2, Avg: 0.3, Max: 0.3, Diff: 0.1, Sum: 1.6]
      [Update RS (ms): Min: 0.0, Avg: 0.0, Max: 0.0, Diff: 0.0, Sum: 0.0]
         [Processed Buffers: Min: 0, Avg: 1.0, Max: 3, Diff: 3, Sum: 6]
      [Scan RS (ms): Min: 0.0, Avg: 0.1, Max: 0.2, Diff: 0.1, Sum: 0.5]
      [Code Root Scanning (ms): Min: 0.0, Avg: 0.0, Max: 0.0, Diff: 0.0, Sum: 0.0]
      [Object Copy (ms): Min: 0.1, Avg: 0.2, Max: 0.4, Diff: 0.2, Sum: 1.5]
      [Termination (ms): Min: 0.0, Avg: 0.1, Max: 0.1, Diff: 0.1, Sum: 0.3]
         [Termination Attempts: Min: 1, Avg: 1.5, Max: 2, Diff: 1, Sum: 9]
      [GC Worker Other (ms): Min: 0.0, Avg: 0.0, Max: 0.0, Diff: 0.0, Sum: 0.1]
      [GC Worker Total (ms): Min: 0.6, Avg: 0.7, Max: 0.7, Diff: 0.1, Sum: 4.0]
      [GC Worker End (ms): Min: 204212.2, Avg: 204212.2, Max: 204212.2, Diff: 0.0]
   [Code Root Fixup: 0.0 ms]
   [Code Root Purge: 0.0 ms]
   [Clear CT: 0.2 ms]
   [Other: 0.6 ms]
      [Choose CSet: 0.0 ms]
      [Ref Proc: 0.1 ms]
      [Ref Enq: 0.0 ms]
      [Redirty Cards: 0.1 ms]
      [Humongous Register: 0.0 ms]
      [Humongous Reclaim: 0.0 ms]
      [Free CSet: 0.2 ms]
   [Eden: 612.0M(612.0M)->0.0B(612.0M) Survivors: 2048.0K->2048.0K Heap: 618.0M(1024.0M)->6208.6K(1024.0M)]
 [Times: user=0.00 sys=0.00, real=0.00 secs] 
2024-10-11T08:37:03.834+0300: 204.213: Total time for which application threads were stopped: 0.0018527 seconds, Stopping threads took: 0.0001444 seconds
2024-10-11T08:37:05.875+0300: 206.251: Application time: 2.0380728 seconds
2024-10-11T08:37:05.875+0300: 206.251: [GC pause (G1 Evacuation Pause) (young), 0.0015197 secs]
   [Parallel Time: 0.6 ms, GC Workers: 6]
      [GC Worker Start (ms): Min: 206251.5, Avg: 206251.5, Max: 206251.5, Diff: 0.0]
      [Ext Root Scanning (ms): Min: 0.2, Avg: 0.2, Max: 0.3, Diff: 0.0, Sum: 1.4]
      [Update RS (ms): Min: 0.0, Avg: 0.0, Max: 0.0, Diff: 0.0, Sum: 0.1]
         [Processed Buffers: Min: 0, Avg: 0.8, Max: 2, Diff: 2, Sum: 5]
      [Scan RS (ms): Min: 0.1, Avg: 0.1, Max: 0.1, Diff: 0.0, Sum: 0.6]
      [Code Root Scanning (ms): Min: 0.0, Avg: 0.0, Max: 0.0, Diff: 0.0, Sum: 0.0]
      [Object Copy (ms): Min: 0.1, Avg: 0.1, Max: 0.2, Diff: 0.1, Sum: 0.7]
      [Termination (ms): Min: 0.0, Avg: 0.0, Max: 0.0, Diff: 0.0, Sum: 0.0]
         [Termination Attempts: Min: 1, Avg: 1.0, Max: 1, Diff: 0, Sum: 6]
      [GC Worker Other (ms): Min: 0.0, Avg: 0.0, Max: 0.0, Diff: 0.0, Sum: 0.1]
      [GC Worker Total (ms): Min: 0.5, Avg: 0.5, Max: 0.5, Diff: 0.1, Sum: 2.9]
      [GC Worker End (ms): Min: 206252.0, Avg: 206252.0, Max: 206252.0, Diff: 0.0]
   [Code Root Fixup: 0.0 ms]
   [Code Root Purge: 0.0 ms]
   [Clear CT: 0.2 ms]
   [Other: 0.7 ms]
      [Choose CSet: 0.0 ms]
      [Ref Proc: 0.2 ms]
      [Ref Enq: 0.0 ms]
      [Redirty Cards: 0.1 ms]
      [Humongous Register: 0.0 ms]
      [Humongous Reclaim: 0.0 ms]
      [Free CSet: 0.3 ms]
   [Eden: 612.0M(612.0M)->0.0B(612.0M) Survivors: 2048.0K->2048.0K Heap: 618.1M(1024.0M)->5982.5K(1024.0M)]
 [Times: user=0.00 sys=0.00, real=0.00 secs] 
2024-10-11T08:37:05.881+0300: 206.253: Total time for which application threads were stopped: 0.0018596 seconds, Stopping threads took: 0.0001261 seconds
2024-10-11T08:37:07.916+0300: 208.293: Application time: 2.0395136 seconds
2024-10-11T08:37:07.916+0300: 208.293: [GC pause (G1 Evacuation Pause) (young), 0.0017459 secs]
   [Parallel Time: 0.9 ms, GC Workers: 6]
      [GC Worker Start (ms): Min: 208293.2, Avg: 208293.2, Max: 208293.4, Diff: 0.3]
      [Ext Root Scanning (ms): Min: 0.0, Avg: 0.2, Max: 0.3, Diff: 0.3, Sum: 1.2]
      [Update RS (ms): Min: 0.0, Avg: 0.0, Max: 0.0, Diff: 0.0, Sum: 0.1]
         [Processed Buffers: Min: 0, Avg: 1.0, Max: 3, Diff: 3, Sum: 6]
      [Scan RS (ms): Min: 0.1, Avg: 0.1, Max: 0.1, Diff: 0.0, Sum: 0.6]
      [Code Root Scanning (ms): Min: 0.0, Avg: 0.0, Max: 0.0, Diff: 0.0, Sum: 0.0]
      [Object Copy (ms): Min: 0.1, Avg: 0.1, Max: 0.2, Diff: 0.1, Sum: 0.8]
      [Termination (ms): Min: 0.0, Avg: 0.0, Max: 0.0, Diff: 0.0, Sum: 0.0]
         [Termination Attempts: Min: 1, Avg: 1.0, Max: 1, Diff: 0, Sum: 6]
      [GC Worker Other (ms): Min: 0.0, Avg: 0.0, Max: 0.1, Diff: 0.0, Sum: 0.2]
      [GC Worker Total (ms): Min: 0.3, Avg: 0.5, Max: 0.6, Diff: 0.3, Sum: 3.0]
      [GC Worker End (ms): Min: 208293.7, Avg: 208293.7, Max: 208293.7, Diff: 0.1]
   [Code Root Fixup: 0.0 ms]
   [Code Root Purge: 0.0 ms]
   [Clear CT: 0.2 ms]
   [Other: 0.7 ms]
      [Choose CSet: 0.0 ms]
      [Ref Proc: 0.2 ms]
      [Ref Enq: 0.0 ms]
      [Redirty Cards: 0.1 ms]
      [Humongous Register: 0.0 ms]
      [Humongous Reclaim: 0.0 ms]
      [Free CSet: 0.3 ms]
   [Eden: 612.0M(612.0M)->0.0B(612.0M) Survivors: 2048.0K->2048.0K Heap: 617.8M(1024.0M)->6057.9K(1024.0M)]
 [Times: user=0.00 sys=0.00, real=0.01 secs] 
2024-10-11T08:37:07.922+0300: 208.295: Total time for which application threads were stopped: 0.0021629 seconds, Stopping threads took: 0.0001948 seconds
2024-10-11T08:37:09.955+0300: 210.333: Application time: 2.0383878 seconds
2024-10-11T08:37:09.955+0300: 210.333: [GC pause (G1 Evacuation Pause) (young), 0.0015641 secs]
   [Parallel Time: 0.7 ms, GC Workers: 6]
      [GC Worker Start (ms): Min: 210333.4, Avg: 210333.5, Max: 210333.5, Diff: 0.1]
      [Ext Root Scanning (ms): Min: 0.2, Avg: 0.2, Max: 0.3, Diff: 0.0, Sum: 1.5]
      [Update RS (ms): Min: 0.0, Avg: 0.0, Max: 0.1, Diff: 0.1, Sum: 0.1]
         [Processed Buffers: Min: 0, Avg: 1.0, Max: 3, Diff: 3, Sum: 6]
      [Scan RS (ms): Min: 0.1, Avg: 0.1, Max: 0.1, Diff: 0.0, Sum: 0.6]
      [Code Root Scanning (ms): Min: 0.0, Avg: 0.0, Max: 0.0, Diff: 0.0, Sum: 0.0]
      [Object Copy (ms): Min: 0.1, Avg: 0.2, Max: 0.2, Diff: 0.1, Sum: 1.0]
      [Termination (ms): Min: 0.0, Avg: 0.0, Max: 0.0, Diff: 0.0, Sum: 0.1]
         [Termination Attempts: Min: 1, Avg: 1.0, Max: 1, Diff: 0, Sum: 6]
      [GC Worker Other (ms): Min: 0.0, Avg: 0.0, Max: 0.0, Diff: 0.0, Sum: 0.2]
      [GC Worker Total (ms): Min: 0.5, Avg: 0.6, Max: 0.6, Diff: 0.1, Sum: 3.4]
      [GC Worker End (ms): Min: 210334.0, Avg: 210334.0, Max: 210334.0, Diff: 0.0]
   [Code Root Fixup: 0.0 ms]
   [Code Root Purge: 0.0 ms]
   [Clear CT: 0.2 ms]
   [Other: 0.7 ms]
      [Choose CSet: 0.0 ms]
      [Ref Proc: 0.2 ms]
      [Ref Enq: 0.0 ms]
      [Redirty Cards: 0.1 ms]
      [Humongous Register: 0.0 ms]
      [Humongous Reclaim: 0.0 ms]
      [Free CSet: 0.3 ms]
   [Eden: 612.0M(612.0M)->0.0B(612.0M) Survivors: 2048.0K->2048.0K Heap: 617.9M(1024.0M)->5964.5K(1024.0M)]
 [Times: user=0.01 sys=0.00, real=0.00 secs] 
2024-10-11T08:37:09.955+0300: 210.335: Total time for which application threads were stopped: 0.0019108 seconds, Stopping threads took: 0.0001425 seconds
2024-10-11T08:37:12.010+0300: 212.387: Application time: 2.0517783 seconds
2024-10-11T08:37:12.010+0300: 212.387: [GC pause (G1 Evacuation Pause) (young), 0.0016347 secs]
   [Parallel Time: 0.6 ms, GC Workers: 6]
      [GC Worker Start (ms): Min: 212387.2, Avg: 212387.2, Max: 212387.3, Diff: 0.0]
      [Ext Root Scanning (ms): Min: 0.2, Avg: 0.3, Max: 0.3, Diff: 0.0, Sum: 1.5]
      [Update RS (ms): Min: 0.0, Avg: 0.0, Max: 0.0, Diff: 0.0, Sum: 0.1]
         [Processed Buffers: Min: 0, Avg: 1.2, Max: 2, Diff: 2, Sum: 7]
      [Scan RS (ms): Min: 0.1, Avg: 0.1, Max: 0.1, Diff: 0.0, Sum: 0.6]
      [Code Root Scanning (ms): Min: 0.0, Avg: 0.0, Max: 0.0, Diff: 0.0, Sum: 0.0]
      [Object Copy (ms): Min: 0.1, Avg: 0.1, Max: 0.1, Diff: 0.0, Sum: 0.8]
      [Termination (ms): Min: 0.0, Avg: 0.0, Max: 0.0, Diff: 0.0, Sum: 0.1]
         [Termination Attempts: Min: 1, Avg: 1.0, Max: 1, Diff: 0, Sum: 6]
      [GC Worker Other (ms): Min: 0.0, Avg: 0.0, Max: 0.0, Diff: 0.0, Sum: 0.1]
      [GC Worker Total (ms): Min: 0.5, Avg: 0.5, Max: 0.6, Diff: 0.1, Sum: 3.2]
      [GC Worker End (ms): Min: 212387.7, Avg: 212387.8, Max: 212387.8, Diff: 0.0]
   [Code Root Fixup: 0.0 ms]
   [Code Root Purge: 0.0 ms]
   [Clear CT: 0.2 ms]
   [Other: 0.8 ms]
      [Choose CSet: 0.0 ms]
      [Ref Proc: 0.2 ms]
      [Ref Enq: 0.0 ms]
      [Redirty Cards: 0.1 ms]
      [Humongous Register: 0.1 ms]
      [Humongous Reclaim: 0.0 ms]
      [Free CSet: 0.3 ms]
   [Eden: 612.0M(612.0M)->0.0B(612.0M) Survivors: 2048.0K->2048.0K Heap: 617.8M(1024.0M)->6065.8K(1024.0M)]
 [Times: user=0.00 sys=0.00, real=0.00 secs] 
2024-10-11T08:37:12.010+0300: 212.389: Total time for which application threads were stopped: 0.0020302 seconds, Stopping threads took: 0.0001528 seconds
2024-10-11T08:37:14.067+0300: 214.449: Application time: 2.0606555 seconds
2024-10-11T08:37:14.067+0300: 214.450: [GC pause (G1 Evacuation Pause) (young), 0.0015109 secs]
   [Parallel Time: 0.7 ms, GC Workers: 6]
      [GC Worker Start (ms): Min: 214449.9, Avg: 214450.0, Max: 214450.0, Diff: 0.1]
      [Ext Root Scanning (ms): Min: 0.2, Avg: 0.3, Max: 0.3, Diff: 0.1, Sum: 1.6]
      [Update RS (ms): Min: 0.0, Avg: 0.0, Max: 0.0, Diff: 0.0, Sum: 0.1]
         [Processed Buffers: Min: 0, Avg: 1.2, Max: 4, Diff: 4, Sum: 7]
      [Scan RS (ms): Min: 0.0, Avg: 0.1, Max: 0.1, Diff: 0.1, Sum: 0.6]
      [Code Root Scanning (ms): Min: 0.0, Avg: 0.0, Max: 0.0, Diff: 0.0, Sum: 0.0]
      [Object Copy (ms): Min: 0.1, Avg: 0.2, Max: 0.3, Diff: 0.2, Sum: 1.0]
      [Termination (ms): Min: 0.0, Avg: 0.0, Max: 0.1, Diff: 0.1, Sum: 0.2]
         [Termination Attempts: Min: 1, Avg: 1.3, Max: 2, Diff: 1, Sum: 8]
      [GC Worker Other (ms): Min: 0.0, Avg: 0.0, Max: 0.0, Diff: 0.0, Sum: 0.1]
      [GC Worker Total (ms): Min: 0.6, Avg: 0.6, Max: 0.6, Diff: 0.1, Sum: 3.6]
      [GC Worker End (ms): Min: 214450.5, Avg: 214450.6, Max: 214450.6, Diff: 0.0]
   [Code Root Fixup: 0.0 ms]
   [Code Root Purge: 0.0 ms]
   [Clear CT: 0.2 ms]
   [Other: 0.6 ms]
      [Choose CSet: 0.0 ms]
      [Ref Proc: 0.1 ms]
      [Ref Enq: 0.0 ms]
      [Redirty Cards: 0.1 ms]
      [Humongous Register: 0.0 ms]
      [Humongous Reclaim: 0.0 ms]
      [Free CSet: 0.3 ms]
   [Eden: 612.0M(612.0M)->0.0B(612.0M) Survivors: 2048.0K->2048.0K Heap: 617.9M(1024.0M)->6204.1K(1024.0M)]
 [Times: user=0.00 sys=0.00, real=0.00 secs] 
2024-10-11T08:37:14.067+0300: 214.451: Total time for which application threads were stopped: 0.0019467 seconds, Stopping threads took: 0.0002346 seconds
2024-10-11T08:37:16.075+0300: 216.447: Application time: 1.9959416 seconds
2024-10-11T08:37:16.075+0300: 216.448: Total time for which application threads were stopped: 0.0002535 seconds, Stopping threads took: 0.0001651 seconds
2024-10-11T08:37:16.107+0300: 216.491: Application time: 0.0429451 seconds
2024-10-11T08:37:16.107+0300: 216.491: [GC pause (G1 Evacuation Pause) (young), 0.0014373 secs]
   [Parallel Time: 0.6 ms, GC Workers: 6]
      [GC Worker Start (ms): Min: 216490.9, Avg: 216491.0, Max: 216491.2, Diff: 0.3]
      [Ext Root Scanning (ms): Min: 0.0, Avg: 0.2, Max: 0.3, Diff: 0.3, Sum: 1.1]
      [Update RS (ms): Min: 0.0, Avg: 0.0, Max: 0.0, Diff: 0.0, Sum: 0.1]
         [Processed Buffers: Min: 0, Avg: 0.8, Max: 3, Diff: 3, Sum: 5]
      [Scan RS (ms): Min: 0.1, Avg: 0.1, Max: 0.1, Diff: 0.0, Sum: 0.5]
      [Code Root Scanning (ms): Min: 0.0, Avg: 0.0, Max: 0.0, Diff: 0.0, Sum: 0.0]
      [Object Copy (ms): Min: 0.1, Avg: 0.1, Max: 0.2, Diff: 0.1, Sum: 0.8]
      [Termination (ms): Min: 0.0, Avg: 0.0, Max: 0.0, Diff: 0.0, Sum: 0.0]
         [Termination Attempts: Min: 1, Avg: 1.0, Max: 1, Diff: 0, Sum: 6]
      [GC Worker Other (ms): Min: 0.0, Avg: 0.0, Max: 0.0, Diff: 0.0, Sum: 0.1]
      [GC Worker Total (ms): Min: 0.2, Avg: 0.4, Max: 0.6, Diff: 0.3, Sum: 2.6]
      [GC Worker End (ms): Min: 216491.4, Avg: 216491.4, Max: 216491.4, Diff: 0.0]
   [Code Root Fixup: 0.0 ms]
   [Code Root Purge: 0.0 ms]
   [Clear CT: 0.2 ms]
   [Other: 0.7 ms]
      [Choose CSet: 0.0 ms]
      [Ref Proc: 0.2 ms]
      [Ref Enq: 0.0 ms]
      [Redirty Cards: 0.1 ms]
      [Humongous Register: 0.0 ms]
      [Humongous Reclaim: 0.0 ms]
      [Free CSet: 0.3 ms]
   [Eden: 612.0M(612.0M)->0.0B(612.0M) Survivors: 2048.0K->2048.0K Heap: 618.1M(1024.0M)->6239.3K(1024.0M)]
 [Times: user=0.00 sys=0.00, real=0.01 secs] 
2024-10-11T08:37:16.120+0300: 216.492: Total time for which application threads were stopped: 0.0017702 seconds, Stopping threads took: 0.0001506 seconds
2024-10-11T08:37:18.162+0300: 218.543: Application time: 2.0510720 seconds
2024-10-11T08:37:18.162+0300: 218.544: [GC pause (G1 Evacuation Pause) (young), 0.0015196 secs]
   [Parallel Time: 0.7 ms, GC Workers: 6]
      [GC Worker Start (ms): Min: 218543.7, Avg: 218543.8, Max: 218544.1, Diff: 0.4]
      [Ext Root Scanning (ms): Min: 0.0, Avg: 0.2, Max: 0.3, Diff: 0.3, Sum: 1.3]
      [Update RS (ms): Min: 0.0, Avg: 0.0, Max: 0.0, Diff: 0.0, Sum: 0.1]
         [Processed Buffers: Min: 0, Avg: 1.0, Max: 2, Diff: 2, Sum: 6]
      [Scan RS (ms): Min: 0.1, Avg: 0.1, Max: 0.1, Diff: 0.0, Sum: 0.6]
      [Code Root Scanning (ms): Min: 0.0, Avg: 0.0, Max: 0.0, Diff: 0.0, Sum: 0.0]
      [Object Copy (ms): Min: 0.1, Avg: 0.1, Max: 0.2, Diff: 0.1, Sum: 0.9]
      [Termination (ms): Min: 0.0, Avg: 0.0, Max: 0.0, Diff: 0.0, Sum: 0.0]
         [Termination Attempts: Min: 1, Avg: 1.0, Max: 1, Diff: 0, Sum: 6]
      [GC Worker Other (ms): Min: 0.0, Avg: 0.0, Max: 0.1, Diff: 0.1, Sum: 0.2]
      [GC Worker Total (ms): Min: 0.3, Avg: 0.5, Max: 0.6, Diff: 0.3, Sum: 3.1]
      [GC Worker End (ms): Min: 218544.3, Avg: 218544.4, Max: 218544.4, Diff: 0.1]
   [Code Root Fixup: 0.0 ms]
   [Code Root Purge: 0.0 ms]
   [Clear CT: 0.2 ms]
   [Other: 0.6 ms]
      [Choose CSet: 0.0 ms]
      [Ref Proc: 0.2 ms]
      [Ref Enq: 0.0 ms]
      [Redirty Cards: 0.1 ms]
      [Humongous Register: 0.0 ms]
      [Humongous Reclaim: 0.0 ms]
      [Free CSet: 0.2 ms]
   [Eden: 612.0M(612.0M)->0.0B(612.0M) Survivors: 2048.0K->2048.0K Heap: 618.1M(1024.0M)->6012.2K(1024.0M)]
 [Times: user=0.02 sys=0.00, real=0.01 secs] 
2024-10-11T08:37:18.172+0300: 218.545: Total time for which application threads were stopped: 0.0018005 seconds, Stopping threads took: 0.0000844 seconds
2024-10-11T08:37:20.203+0300: 220.580: Application time: 2.0347023 seconds
2024-10-11T08:37:20.203+0300: 220.580: [GC pause (G1 Evacuation Pause) (young), 0.0015160 secs]
   [Parallel Time: 0.7 ms, GC Workers: 6]
      [GC Worker Start (ms): Min: 220580.3, Avg: 220580.5, Max: 220580.9, Diff: 0.6]
      [Ext Root Scanning (ms): Min: 0.0, Avg: 0.2, Max: 0.3, Diff: 0.3, Sum: 1.4]
      [Update RS (ms): Min: 0.0, Avg: 0.0, Max: 0.0, Diff: 0.0, Sum: 0.1]
         [Processed Buffers: Min: 0, Avg: 1.0, Max: 2, Diff: 2, Sum: 6]
      [Scan RS (ms): Min: 0.0, Avg: 0.1, Max: 0.1, Diff: 0.1, Sum: 0.6]
      [Code Root Scanning (ms): Min: 0.0, Avg: 0.0, Max: 0.0, Diff: 0.0, Sum: 0.0]
      [Object Copy (ms): Min: 0.0, Avg: 0.1, Max: 0.2, Diff: 0.2, Sum: 0.7]
      [Termination (ms): Min: 0.0, Avg: 0.0, Max: 0.1, Diff: 0.1, Sum: 0.2]
         [Termination Attempts: Min: 1, Avg: 1.0, Max: 1, Diff: 0, Sum: 6]
      [GC Worker Other (ms): Min: 0.0, Avg: 0.0, Max: 0.0, Diff: 0.0, Sum: 0.1]
      [GC Worker Total (ms): Min: 0.0, Avg: 0.5, Max: 0.7, Diff: 0.7, Sum: 3.1]
      [GC Worker End (ms): Min: 220581.0, Avg: 220581.0, Max: 220581.0, Diff: 0.0]
   [Code Root Fixup: 0.0 ms]
   [Code Root Purge: 0.0 ms]
   [Clear CT: 0.2 ms]
   [Other: 0.6 ms]
      [Choose CSet: 0.0 ms]
      [Ref Proc: 0.1 ms]
      [Ref Enq: 0.0 ms]
      [Redirty Cards: 0.1 ms]
      [Humongous Register: 0.1 ms]
      [Humongous Reclaim: 0.0 ms]
      [Free CSet: 0.3 ms]
   [Eden: 612.0M(612.0M)->0.0B(612.0M) Survivors: 2048.0K->2048.0K Heap: 617.9M(1024.0M)->6022.0K(1024.0M)]
 [Times: user=0.00 sys=0.00, real=0.00 secs] 
2024-10-11T08:37:20.203+0300: 220.582: Total time for which application threads were stopped: 0.0018941 seconds, Stopping threads took: 0.0001480 seconds
2024-10-11T08:37:22.244+0300: 222.625: Application time: 2.0433295 seconds
2024-10-11T08:37:22.244+0300: 222.625: [GC pause (G1 Evacuation Pause) (young), 0.0014916 secs]
   [Parallel Time: 0.7 ms, GC Workers: 6]
      [GC Worker Start (ms): Min: 222625.5, Avg: 222625.6, Max: 222625.6, Diff: 0.1]
      [Ext Root Scanning (ms): Min: 0.2, Avg: 0.2, Max: 0.3, Diff: 0.0, Sum: 1.4]
      [Update RS (ms): Min: 0.0, Avg: 0.0, Max: 0.0, Diff: 0.0, Sum: 0.1]
         [Processed Buffers: Min: 0, Avg: 1.2, Max: 3, Diff: 3, Sum: 7]
      [Scan RS (ms): Min: 0.0, Avg: 0.1, Max: 0.1, Diff: 0.1, Sum: 0.6]
      [Code Root Scanning (ms): Min: 0.0, Avg: 0.0, Max: 0.0, Diff: 0.0, Sum: 0.0]
      [Object Copy (ms): Min: 0.1, Avg: 0.2, Max: 0.3, Diff: 0.2, Sum: 1.1]
      [Termination (ms): Min: 0.0, Avg: 0.0, Max: 0.1, Diff: 0.1, Sum: 0.2]
         [Termination Attempts: Min: 1, Avg: 1.7, Max: 3, Diff: 2, Sum: 10]
      [GC Worker Other (ms): Min: 0.0, Avg: 0.0, Max: 0.0, Diff: 0.0, Sum: 0.1]
      [GC Worker Total (ms): Min: 0.6, Avg: 0.6, Max: 0.6, Diff: 0.1, Sum: 3.5]
      [GC Worker End (ms): Min: 222626.1, Avg: 222626.1, Max: 222626.2, Diff: 0.0]
   [Code Root Fixup: 0.0 ms]
   [Code Root Purge: 0.0 ms]
   [Clear CT: 0.2 ms]
   [Other: 0.6 ms]
      [Choose CSet: 0.0 ms]
      [Ref Proc: 0.1 ms]
      [Ref Enq: 0.0 ms]
      [Redirty Cards: 0.1 ms]
      [Humongous Register: 0.0 ms]
      [Humongous Reclaim: 0.0 ms]
      [Free CSet: 0.3 ms]
   [Eden: 612.0M(612.0M)->0.0B(612.0M) Survivors: 2048.0K->2048.0K Heap: 617.9M(1024.0M)->6102.3K(1024.0M)]
 [Times: user=0.00 sys=0.00, real=0.00 secs] 
2024-10-11T08:37:22.244+0300: 222.627: Total time for which application threads were stopped: 0.0018641 seconds, Stopping threads took: 0.0001529 seconds
2024-10-11T08:37:24.300+0300: 224.672: Application time: 2.0453221 seconds
2024-10-11T08:37:24.300+0300: 224.673: [GC pause (G1 Evacuation Pause) (young), 0.0014731 secs]
   [Parallel Time: 0.6 ms, GC Workers: 6]
      [GC Worker Start (ms): Min: 224672.7, Avg: 224672.8, Max: 224672.8, Diff: 0.1]
      [Ext Root Scanning (ms): Min: 0.2, Avg: 0.3, Max: 0.3, Diff: 0.0, Sum: 1.5]
      [Update RS (ms): Min: 0.0, Avg: 0.0, Max: 0.0, Diff: 0.0, Sum: 0.1]
         [Processed Buffers: Min: 0, Avg: 1.2, Max: 2, Diff: 2, Sum: 7]
      [Scan RS (ms): Min: 0.1, Avg: 0.1, Max: 0.1, Diff: 0.0, Sum: 0.6]
      [Code Root Scanning (ms): Min: 0.0, Avg: 0.0, Max: 0.0, Diff: 0.0, Sum: 0.0]
      [Object Copy (ms): Min: 0.1, Avg: 0.1, Max: 0.2, Diff: 0.0, Sum: 0.8]
      [Termination (ms): Min: 0.0, Avg: 0.0, Max: 0.0, Diff: 0.0, Sum: 0.1]
         [Termination Attempts: Min: 1, Avg: 1.0, Max: 1, Diff: 0, Sum: 6]
      [GC Worker Other (ms): Min: 0.0, Avg: 0.0, Max: 0.0, Diff: 0.0, Sum: 0.1]
      [GC Worker Total (ms): Min: 0.5, Avg: 0.5, Max: 0.6, Diff: 0.0, Sum: 3.2]
      [GC Worker End (ms): Min: 224673.3, Avg: 224673.3, Max: 224673.3, Diff: 0.0]
   [Code Root Fixup: 0.0 ms]
   [Code Root Purge: 0.0 ms]
   [Clear CT: 0.2 ms]
   [Other: 0.7 ms]
      [Choose CSet: 0.0 ms]
      [Ref Proc: 0.2 ms]
      [Ref Enq: 0.0 ms]
      [Redirty Cards: 0.1 ms]
      [Humongous Register: 0.0 ms]
      [Humongous Reclaim: 0.0 ms]
      [Free CSet: 0.3 ms]
   [Eden: 612.0M(612.0M)->0.0B(612.0M) Survivors: 2048.0K->2048.0K Heap: 618.0M(1024.0M)->6159.6K(1024.0M)]
 [Times: user=0.00 sys=0.00, real=0.00 secs] 
2024-10-11T08:37:24.300+0300: 224.674: Total time for which application threads were stopped: 0.0018732 seconds, Stopping threads took: 0.0002025 seconds
2024-10-11T08:37:26.340+0300: 226.717: Application time: 2.0427619 seconds
2024-10-11T08:37:26.340+0300: 226.717: [GC pause (G1 Evacuation Pause) (young), 0.0014991 secs]
   [Parallel Time: 0.6 ms, GC Workers: 6]
      [GC Worker Start (ms): Min: 226717.3, Avg: 226717.4, Max: 226717.4, Diff: 0.0]
      [Ext Root Scanning (ms): Min: 0.2, Avg: 0.2, Max: 0.3, Diff: 0.0, Sum: 1.5]
      [Update RS (ms): Min: 0.0, Avg: 0.0, Max: 0.0, Diff: 0.0, Sum: 0.1]
         [Processed Buffers: Min: 0, Avg: 1.0, Max: 2, Diff: 2, Sum: 6]
      [Scan RS (ms): Min: 0.1, Avg: 0.1, Max: 0.1, Diff: 0.0, Sum: 0.6]
      [Code Root Scanning (ms): Min: 0.0, Avg: 0.0, Max: 0.0, Diff: 0.0, Sum: 0.0]
      [Object Copy (ms): Min: 0.1, Avg: 0.1, Max: 0.1, Diff: 0.0, Sum: 0.8]
      [Termination (ms): Min: 0.0, Avg: 0.0, Max: 0.0, Diff: 0.0, Sum: 0.1]
         [Termination Attempts: Min: 1, Avg: 1.2, Max: 2, Diff: 1, Sum: 7]
      [GC Worker Other (ms): Min: 0.0, Avg: 0.0, Max: 0.0, Diff: 0.0, Sum: 0.1]
      [GC Worker Total (ms): Min: 0.5, Avg: 0.5, Max: 0.5, Diff: 0.1, Sum: 3.1]
      [GC Worker End (ms): Min: 226717.9, Avg: 226717.9, Max: 226717.9, Diff: 0.0]
   [Code Root Fixup: 0.0 ms]
   [Code Root Purge: 0.0 ms]
   [Clear CT: 0.2 ms]
   [Other: 0.7 ms]
      [Choose CSet: 0.0 ms]
      [Ref Proc: 0.2 ms]
      [Ref Enq: 0.0 ms]
      [Redirty Cards: 0.1 ms]
      [Humongous Register: 0.0 ms]
      [Humongous Reclaim: 0.0 ms]
      [Free CSet: 0.3 ms]
   [Eden: 612.0M(612.0M)->0.0B(612.0M) Survivors: 2048.0K->2048.0K Heap: 618.0M(1024.0M)->6182.0K(1024.0M)]
 [Times: user=0.00 sys=0.00, real=0.01 secs] 
2024-10-11T08:37:26.347+0300: 226.719: Total time for which application threads were stopped: 0.0018554 seconds, Stopping threads took: 0.0001373 seconds
2024-10-11T08:37:28.396+0300: 228.772: Application time: 2.0530656 seconds
2024-10-11T08:37:28.396+0300: 228.772: [GC pause (G1 Evacuation Pause) (young), 0.0013928 secs]
   [Parallel Time: 0.6 ms, GC Workers: 6]
      [GC Worker Start (ms): Min: 228772.2, Avg: 228772.3, Max: 228772.5, Diff: 0.3]
      [Ext Root Scanning (ms): Min: 0.0, Avg: 0.2, Max: 0.3, Diff: 0.3, Sum: 1.4]
      [Update RS (ms): Min: 0.0, Avg: 0.0, Max: 0.0, Diff: 0.0, Sum: 0.0]
         [Processed Buffers: Min: 0, Avg: 0.8, Max: 2, Diff: 2, Sum: 5]
      [Scan RS (ms): Min: 0.1, Avg: 0.1, Max: 0.1, Diff: 0.0, Sum: 0.5]
      [Code Root Scanning (ms): Min: 0.0, Avg: 0.0, Max: 0.0, Diff: 0.0, Sum: 0.0]
      [Object Copy (ms): Min: 0.1, Avg: 0.1, Max: 0.1, Diff: 0.0, Sum: 0.7]
      [Termination (ms): Min: 0.0, Avg: 0.0, Max: 0.0, Diff: 0.0, Sum: 0.0]
         [Termination Attempts: Min: 1, Avg: 1.2, Max: 2, Diff: 1, Sum: 7]
      [GC Worker Other (ms): Min: 0.0, Avg: 0.0, Max: 0.0, Diff: 0.0, Sum: 0.1]
      [GC Worker Total (ms): Min: 0.2, Avg: 0.5, Max: 0.5, Diff: 0.3, Sum: 2.8]
      [GC Worker End (ms): Min: 228772.7, Avg: 228772.8, Max: 228772.8, Diff: 0.0]
   [Code Root Fixup: 0.0 ms]
   [Code Root Purge: 0.0 ms]
   [Clear CT: 0.2 ms]
   [Other: 0.6 ms]
      [Choose CSet: 0.0 ms]
      [Ref Proc: 0.1 ms]
      [Ref Enq: 0.0 ms]
      [Redirty Cards: 0.1 ms]
      [Humongous Register: 0.0 ms]
      [Humongous Reclaim: 0.0 ms]
      [Free CSet: 0.3 ms]
   [Eden: 612.0M(612.0M)->0.0B(612.0M) Survivors: 2048.0K->2048.0K Heap: 618.0M(1024.0M)->6022.4K(1024.0M)]
 [Times: user=0.00 sys=0.00, real=0.00 secs] 
2024-10-11T08:37:28.396+0300: 228.774: Total time for which application threads were stopped: 0.0017124 seconds, Stopping threads took: 0.0001213 seconds
2024-10-11T08:37:30.451+0300: 230.824: Application time: 2.0502501 seconds
2024-10-11T08:37:30.451+0300: 230.824: [GC pause (G1 Evacuation Pause) (young), 0.0015362 secs]
   [Parallel Time: 0.6 ms, GC Workers: 6]
      [GC Worker Start (ms): Min: 230824.2, Avg: 230824.4, Max: 230824.5, Diff: 0.3]
      [Ext Root Scanning (ms): Min: 0.0, Avg: 0.2, Max: 0.2, Diff: 0.2, Sum: 0.9]
      [Update RS (ms): Min: 0.0, Avg: 0.0, Max: 0.0, Diff: 0.0, Sum: 0.1]
         [Processed Buffers: Min: 0, Avg: 1.2, Max: 3, Diff: 3, Sum: 7]
      [Scan RS (ms): Min: 0.0, Avg: 0.1, Max: 0.1, Diff: 0.1, Sum: 0.6]
      [Code Root Scanning (ms): Min: 0.0, Avg: 0.0, Max: 0.0, Diff: 0.0, Sum: 0.0]
      [Object Copy (ms): Min: 0.1, Avg: 0.2, Max: 0.2, Diff: 0.1, Sum: 0.9]
      [Termination (ms): Min: 0.0, Avg: 0.0, Max: 0.0, Diff: 0.0, Sum: 0.1]
         [Termination Attempts: Min: 1, Avg: 1.0, Max: 1, Diff: 0, Sum: 6]
      [GC Worker Other (ms): Min: 0.0, Avg: 0.0, Max: 0.0, Diff: 0.0, Sum: 0.1]
      [GC Worker Total (ms): Min: 0.3, Avg: 0.4, Max: 0.6, Diff: 0.3, Sum: 2.7]
      [GC Worker End (ms): Min: 230824.8, Avg: 230824.8, Max: 230824.8, Diff: 0.0]
   [Code Root Fixup: 0.0 ms]
   [Code Root Purge: 0.0 ms]
   [Clear CT: 0.2 ms]
   [Other: 0.7 ms]
      [Choose CSet: 0.0 ms]
      [Ref Proc: 0.1 ms]
      [Ref Enq: 0.0 ms]
      [Redirty Cards: 0.1 ms]
      [Humongous Register: 0.0 ms]
      [Humongous Reclaim: 0.0 ms]
      [Free CSet: 0.4 ms]
   [Eden: 612.0M(612.0M)->0.0B(612.0M) Survivors: 2048.0K->2048.0K Heap: 617.9M(1024.0M)->6041.5K(1024.0M)]
 [Times: user=0.00 sys=0.00, real=0.00 secs] 
2024-10-11T08:37:30.453+0300: 230.826: Total time for which application threads were stopped: 0.0019273 seconds, Stopping threads took: 0.0001933 seconds
2024-10-11T08:37:32.492+0300: 232.870: Application time: 2.0440192 seconds
2024-10-11T08:37:32.492+0300: 232.870: [GC pause (G1 Evacuation Pause) (young), 0.0016968 secs]
   [Parallel Time: 0.7 ms, GC Workers: 6]
      [GC Worker Start (ms): Min: 232870.2, Avg: 232870.3, Max: 232870.3, Diff: 0.1]
      [Ext Root Scanning (ms): Min: 0.2, Avg: 0.3, Max: 0.3, Diff: 0.1, Sum: 1.5]
      [Update RS (ms): Min: 0.0, Avg: 0.0, Max: 0.0, Diff: 0.0, Sum: 0.1]
         [Processed Buffers: Min: 1, Avg: 1.3, Max: 2, Diff: 1, Sum: 8]
      [Scan RS (ms): Min: 0.1, Avg: 0.1, Max: 0.1, Diff: 0.0, Sum: 0.6]
      [Code Root Scanning (ms): Min: 0.0, Avg: 0.0, Max: 0.0, Diff: 0.0, Sum: 0.0]
      [Object Copy (ms): Min: 0.1, Avg: 0.1, Max: 0.1, Diff: 0.0, Sum: 0.8]
      [Termination (ms): Min: 0.0, Avg: 0.0, Max: 0.0, Diff: 0.0, Sum: 0.1]
         [Termination Attempts: Min: 1, Avg: 1.0, Max: 1, Diff: 0, Sum: 6]
      [GC Worker Other (ms): Min: 0.0, Avg: 0.0, Max: 0.1, Diff: 0.0, Sum: 0.2]
      [GC Worker Total (ms): Min: 0.5, Avg: 0.5, Max: 0.6, Diff: 0.1, Sum: 3.1]
      [GC Worker End (ms): Min: 232870.8, Avg: 232870.8, Max: 232870.8, Diff: 0.0]
   [Code Root Fixup: 0.0 ms]
   [Code Root Purge: 0.0 ms]
   [Clear CT: 0.2 ms]
   [Other: 0.8 ms]
      [Choose CSet: 0.0 ms]
      [Ref Proc: 0.2 ms]
      [Ref Enq: 0.0 ms]
      [Redirty Cards: 0.1 ms]
      [Humongous Register: 0.1 ms]
      [Humongous Reclaim: 0.0 ms]
      [Free CSet: 0.3 ms]
   [Eden: 612.0M(612.0M)->0.0B(612.0M) Survivors: 2048.0K->2048.0K Heap: 617.9M(1024.0M)->6152.5K(1024.0M)]
 [Times: user=0.00 sys=0.00, real=0.00 secs] 
2024-10-11T08:37:32.492+0300: 232.872: Total time for which application threads were stopped: 0.0020678 seconds, Stopping threads took: 0.0001795 seconds
2024-10-11T08:37:34.532+0300: 234.907: Application time: 2.0350340 seconds
2024-10-11T08:37:34.532+0300: 234.907: [GC pause (G1 Evacuation Pause) (young), 0.0016204 secs]
   [Parallel Time: 0.8 ms, GC Workers: 6]
      [GC Worker Start (ms): Min: 234907.3, Avg: 234907.3, Max: 234907.4, Diff: 0.0]
      [Ext Root Scanning (ms): Min: 0.2, Avg: 0.2, Max: 0.3, Diff: 0.1, Sum: 1.5]
      [Update RS (ms): Min: 0.0, Avg: 0.0, Max: 0.0, Diff: 0.0, Sum: 0.1]
         [Processed Buffers: Min: 0, Avg: 1.2, Max: 4, Diff: 4, Sum: 7]
      [Scan RS (ms): Min: 0.0, Avg: 0.1, Max: 0.1, Diff: 0.1, Sum: 0.6]
      [Code Root Scanning (ms): Min: 0.0, Avg: 0.0, Max: 0.0, Diff: 0.0, Sum: 0.0]
      [Object Copy (ms): Min: 0.1, Avg: 0.2, Max: 0.3, Diff: 0.2, Sum: 1.0]
      [Termination (ms): Min: 0.0, Avg: 0.0, Max: 0.1, Diff: 0.1, Sum: 0.2]
         [Termination Attempts: Min: 1, Avg: 1.7, Max: 2, Diff: 1, Sum: 10]
      [GC Worker Other (ms): Min: 0.0, Avg: 0.1, Max: 0.1, Diff: 0.1, Sum: 0.5]
      [GC Worker Total (ms): Min: 0.6, Avg: 0.6, Max: 0.7, Diff: 0.2, Sum: 3.8]
      [GC Worker End (ms): Min: 234907.9, Avg: 234908.0, Max: 234908.0, Diff: 0.1]
   [Code Root Fixup: 0.0 ms]
   [Code Root Purge: 0.0 ms]
   [Clear CT: 0.2 ms]
   [Other: 0.7 ms]
      [Choose CSet: 0.0 ms]
      [Ref Proc: 0.1 ms]
      [Ref Enq: 0.0 ms]
      [Redirty Cards: 0.1 ms]
      [Humongous Register: 0.1 ms]
      [Humongous Reclaim: 0.0 ms]
      [Free CSet: 0.3 ms]
   [Eden: 612.0M(612.0M)->0.0B(612.0M) Survivors: 2048.0K->2048.0K Heap: 618.0M(1024.0M)->6171.2K(1024.0M)]
 [Times: user=0.00 sys=0.00, real=0.00 secs] 
2024-10-11T08:37:34.536+0300: 234.909: Total time for which application threads were stopped: 0.0019938 seconds, Stopping threads took: 0.0001583 seconds
2024-10-11T08:37:36.574+0300: 236.959: Application time: 2.0503683 seconds
2024-10-11T08:37:36.574+0300: 236.960: [GC pause (G1 Evacuation Pause) (young), 0.0014680 secs]
   [Parallel Time: 0.6 ms, GC Workers: 6]
      [GC Worker Start (ms): Min: 236959.6, Avg: 236959.6, Max: 236959.7, Diff: 0.1]
      [Ext Root Scanning (ms): Min: 0.2, Avg: 0.3, Max: 0.3, Diff: 0.1, Sum: 1.5]
      [Update RS (ms): Min: 0.0, Avg: 0.0, Max: 0.0, Diff: 0.0, Sum: 0.1]
         [Processed Buffers: Min: 0, Avg: 1.0, Max: 2, Diff: 2, Sum: 6]
      [Scan RS (ms): Min: 0.1, Avg: 0.1, Max: 0.1, Diff: 0.0, Sum: 0.6]
      [Code Root Scanning (ms): Min: 0.0, Avg: 0.0, Max: 0.0, Diff: 0.0, Sum: 0.0]
      [Object Copy (ms): Min: 0.1, Avg: 0.1, Max: 0.2, Diff: 0.1, Sum: 0.8]
      [Termination (ms): Min: 0.0, Avg: 0.0, Max: 0.0, Diff: 0.0, Sum: 0.0]
         [Termination Attempts: Min: 1, Avg: 1.0, Max: 1, Diff: 0, Sum: 6]
      [GC Worker Other (ms): Min: 0.0, Avg: 0.0, Max: 0.0, Diff: 0.0, Sum: 0.1]
      [GC Worker Total (ms): Min: 0.5, Avg: 0.5, Max: 0.6, Diff: 0.1, Sum: 3.2]
      [GC Worker End (ms): Min: 236960.2, Avg: 236960.2, Max: 236960.2, Diff: 0.0]
   [Code Root Fixup: 0.0 ms]
   [Code Root Purge: 0.0 ms]
   [Clear CT: 0.2 ms]
   [Other: 0.7 ms]
      [Choose CSet: 0.0 ms]
      [Ref Proc: 0.1 ms]
      [Ref Enq: 0.0 ms]
      [Redirty Cards: 0.1 ms]
      [Humongous Register: 0.0 ms]
      [Humongous Reclaim: 0.0 ms]
      [Free CSet: 0.3 ms]
   [Eden: 612.0M(612.0M)->0.0B(612.0M) Survivors: 2048.0K->2048.0K Heap: 618.0M(1024.0M)->6083.5K(1024.0M)]
 [Times: user=0.02 sys=0.00, real=0.00 secs] 
2024-10-11T08:37:36.589+0300: 236.961: Total time for which application threads were stopped: 0.0017822 seconds, Stopping threads took: 0.0001233 seconds
2024-10-11T08:37:38.629+0300: 239.017: Application time: 2.0556457 seconds
2024-10-11T08:37:38.629+0300: 239.017: [GC pause (G1 Evacuation Pause) (young), 0.0017467 secs]
   [Parallel Time: 0.6 ms, GC Workers: 6]
      [GC Worker Start (ms): Min: 239017.2, Avg: 239017.3, Max: 239017.4, Diff: 0.1]
      [Ext Root Scanning (ms): Min: 0.2, Avg: 0.3, Max: 0.3, Diff: 0.1, Sum: 1.5]
      [Update RS (ms): Min: 0.0, Avg: 0.0, Max: 0.0, Diff: 0.0, Sum: 0.1]
         [Processed Buffers: Min: 1, Avg: 1.0, Max: 1, Diff: 0, Sum: 6]
      [Scan RS (ms): Min: 0.1, Avg: 0.1, Max: 0.1, Diff: 0.0, Sum: 0.6]
      [Code Root Scanning (ms): Min: 0.0, Avg: 0.0, Max: 0.0, Diff: 0.0, Sum: 0.0]
      [Object Copy (ms): Min: 0.1, Avg: 0.1, Max: 0.1, Diff: 0.0, Sum: 0.8]
      [Termination (ms): Min: 0.0, Avg: 0.0, Max: 0.0, Diff: 0.0, Sum: 0.0]
         [Termination Attempts: Min: 1, Avg: 1.2, Max: 2, Diff: 1, Sum: 7]
      [GC Worker Other (ms): Min: 0.0, Avg: 0.0, Max: 0.1, Diff: 0.0, Sum: 0.2]
      [GC Worker Total (ms): Min: 0.5, Avg: 0.5, Max: 0.6, Diff: 0.1, Sum: 3.1]
      [GC Worker End (ms): Min: 239017.8, Avg: 239017.8, Max: 239017.8, Diff: 0.0]
   [Code Root Fixup: 0.0 ms]
   [Code Root Purge: 0.0 ms]
   [Clear CT: 0.2 ms]
   [Other: 0.9 ms]
      [Choose CSet: 0.0 ms]
      [Ref Proc: 0.1 ms]
      [Ref Enq: 0.0 ms]
      [Redirty Cards: 0.1 ms]
      [Humongous Register: 0.2 ms]
      [Humongous Reclaim: 0.0 ms]
      [Free CSet: 0.4 ms]
   [Eden: 612.0M(612.0M)->0.0B(612.0M) Survivors: 2048.0K->2048.0K Heap: 617.9M(1024.0M)->6181.0K(1024.0M)]
 [Times: user=0.00 sys=0.00, real=0.02 secs] 
2024-10-11T08:37:38.645+0300: 239.019: Total time for which application threads were stopped: 0.0020884 seconds, Stopping threads took: 0.0001413 seconds
2024-10-11T08:37:40.684+0300: 241.066: Application time: 2.0469457 seconds
2024-10-11T08:37:40.684+0300: 241.066: [GC pause (G1 Evacuation Pause) (young), 0.0013537 secs]
   [Parallel Time: 0.6 ms, GC Workers: 6]
      [GC Worker Start (ms): Min: 241066.1, Avg: 241066.1, Max: 241066.2, Diff: 0.1]
      [Ext Root Scanning (ms): Min: 0.2, Avg: 0.3, Max: 0.3, Diff: 0.1, Sum: 1.5]
      [Update RS (ms): Min: 0.0, Avg: 0.0, Max: 0.0, Diff: 0.0, Sum: 0.1]
         [Processed Buffers: Min: 0, Avg: 1.2, Max: 3, Diff: 3, Sum: 7]
      [Scan RS (ms): Min: 0.1, Avg: 0.1, Max: 0.1, Diff: 0.0, Sum: 0.6]
      [Code Root Scanning (ms): Min: 0.0, Avg: 0.0, Max: 0.0, Diff: 0.0, Sum: 0.0]
      [Object Copy (ms): Min: 0.1, Avg: 0.1, Max: 0.2, Diff: 0.1, Sum: 0.8]
      [Termination (ms): Min: 0.0, Avg: 0.0, Max: 0.0, Diff: 0.0, Sum: 0.1]
         [Termination Attempts: Min: 1, Avg: 1.0, Max: 1, Diff: 0, Sum: 6]
      [GC Worker Other (ms): Min: 0.0, Avg: 0.0, Max: 0.0, Diff: 0.0, Sum: 0.1]
      [GC Worker Total (ms): Min: 0.5, Avg: 0.5, Max: 0.6, Diff: 0.1, Sum: 3.2]
      [GC Worker End (ms): Min: 241066.7, Avg: 241066.7, Max: 241066.7, Diff: 0.0]
   [Code Root Fixup: 0.0 ms]
   [Code Root Purge: 0.0 ms]
   [Clear CT: 0.2 ms]
   [Other: 0.5 ms]
      [Choose CSet: 0.0 ms]
      [Ref Proc: 0.1 ms]
      [Ref Enq: 0.0 ms]
      [Redirty Cards: 0.1 ms]
      [Humongous Register: 0.0 ms]
      [Humongous Reclaim: 0.0 ms]
      [Free CSet: 0.2 ms]
   [Eden: 612.0M(612.0M)->0.0B(612.0M) Survivors: 2048.0K->2048.0K Heap: 618.0M(1024.0M)->6277.9K(1024.0M)]
 [Times: user=0.00 sys=0.00, real=0.01 secs] 
2024-10-11T08:37:40.695+0300: 241.068: Total time for which application threads were stopped: 0.0017154 seconds, Stopping threads took: 0.0001319 seconds
2024-10-11T08:37:42.739+0300: 243.122: Application time: 2.0540810 seconds
2024-10-11T08:37:42.739+0300: 243.122: [GC pause (G1 Evacuation Pause) (young), 0.0014681 secs]
   [Parallel Time: 0.7 ms, GC Workers: 6]
      [GC Worker Start (ms): Min: 243121.9, Avg: 243122.1, Max: 243122.4, Diff: 0.5]
      [Ext Root Scanning (ms): Min: 0.0, Avg: 0.1, Max: 0.3, Diff: 0.3, Sum: 0.8]
      [Update RS (ms): Min: 0.0, Avg: 0.0, Max: 0.0, Diff: 0.0, Sum: 0.1]
         [Processed Buffers: Min: 0, Avg: 1.2, Max: 3, Diff: 3, Sum: 7]
      [Scan RS (ms): Min: 0.0, Avg: 0.1, Max: 0.1, Diff: 0.1, Sum: 0.5]
      [Code Root Scanning (ms): Min: 0.0, Avg: 0.0, Max: 0.0, Diff: 0.0, Sum: 0.0]
      [Object Copy (ms): Min: 0.0, Avg: 0.1, Max: 0.2, Diff: 0.2, Sum: 0.9]
      [Termination (ms): Min: 0.0, Avg: 0.0, Max: 0.0, Diff: 0.0, Sum: 0.1]
         [Termination Attempts: Min: 1, Avg: 1.0, Max: 1, Diff: 0, Sum: 6]
      [GC Worker Other (ms): Min: 0.0, Avg: 0.0, Max: 0.0, Diff: 0.0, Sum: 0.1]
      [GC Worker Total (ms): Min: 0.1, Avg: 0.4, Max: 0.6, Diff: 0.6, Sum: 2.5]
      [GC Worker End (ms): Min: 243122.5, Avg: 243122.5, Max: 243122.5, Diff: 0.0]
   [Code Root Fixup: 0.0 ms]
   [Code Root Purge: 0.0 ms]
   [Clear CT: 0.2 ms]
   [Other: 0.6 ms]
      [Choose CSet: 0.0 ms]
      [Ref Proc: 0.1 ms]
      [Ref Enq: 0.0 ms]
      [Redirty Cards: 0.1 ms]
      [Humongous Register: 0.0 ms]
      [Humongous Reclaim: 0.0 ms]
      [Free CSet: 0.3 ms]
   [Eden: 612.0M(612.0M)->0.0B(612.0M) Survivors: 2048.0K->2048.0K Heap: 618.1M(1024.0M)->6046.2K(1024.0M)]
 [Times: user=0.02 sys=0.00, real=0.01 secs] 
2024-10-11T08:37:42.750+0300: 243.123: Total time for which application threads were stopped: 0.0017942 seconds, Stopping threads took: 0.0001547 seconds
2024-10-11T08:37:44.763+0300: 245.135: Application time: 2.0113829 seconds
2024-10-11T08:37:44.763+0300: 245.135: Total time for which application threads were stopped: 0.0003084 seconds, Stopping threads took: 0.0002209 seconds
2024-10-11T08:37:44.794+0300: 245.167: Application time: 0.0323430 seconds
2024-10-11T08:37:44.794+0300: 245.168: [GC pause (G1 Evacuation Pause) (young), 0.0014567 secs]
   [Parallel Time: 0.6 ms, GC Workers: 6]
      [GC Worker Start (ms): Min: 245167.7, Avg: 245167.8, Max: 245167.8, Diff: 0.1]
      [Ext Root Scanning (ms): Min: 0.2, Avg: 0.3, Max: 0.3, Diff: 0.1, Sum: 1.5]
      [Update RS (ms): Min: 0.0, Avg: 0.0, Max: 0.0, Diff: 0.0, Sum: 0.1]
         [Processed Buffers: Min: 0, Avg: 1.2, Max: 2, Diff: 2, Sum: 7]
      [Scan RS (ms): Min: 0.1, Avg: 0.1, Max: 0.1, Diff: 0.0, Sum: 0.6]
      [Code Root Scanning (ms): Min: 0.0, Avg: 0.0, Max: 0.0, Diff: 0.0, Sum: 0.0]
      [Object Copy (ms): Min: 0.1, Avg: 0.1, Max: 0.1, Diff: 0.0, Sum: 0.8]
      [Termination (ms): Min: 0.0, Avg: 0.0, Max: 0.0, Diff: 0.0, Sum: 0.1]
         [Termination Attempts: Min: 1, Avg: 1.0, Max: 1, Diff: 0, Sum: 6]
      [GC Worker Other (ms): Min: 0.0, Avg: 0.0, Max: 0.0, Diff: 0.0, Sum: 0.1]
      [GC Worker Total (ms): Min: 0.5, Avg: 0.5, Max: 0.6, Diff: 0.1, Sum: 3.2]
      [GC Worker End (ms): Min: 245168.3, Avg: 245168.3, Max: 245168.3, Diff: 0.0]
   [Code Root Fixup: 0.0 ms]
   [Code Root Purge: 0.0 ms]
   [Clear CT: 0.2 ms]
   [Other: 0.6 ms]
      [Choose CSet: 0.0 ms]
      [Ref Proc: 0.1 ms]
      [Ref Enq: 0.0 ms]
      [Redirty Cards: 0.1 ms]
      [Humongous Register: 0.0 ms]
      [Humongous Reclaim: 0.0 ms]
      [Free CSet: 0.3 ms]
   [Eden: 612.0M(612.0M)->0.0B(612.0M) Survivors: 2048.0K->2048.0K Heap: 617.9M(1024.0M)->6087.4K(1024.0M)]
 [Times: user=0.00 sys=0.00, real=0.00 secs] 
2024-10-11T08:37:44.794+0300: 245.169: Total time for which application threads were stopped: 0.0018287 seconds, Stopping threads took: 0.0001665 seconds
2024-10-11T08:37:46.803+0300: 247.175: Application time: 2.0057313 seconds
2024-10-11T08:37:46.803+0300: 247.175: Total time for which application threads were stopped: 0.0002553 seconds, Stopping threads took: 0.0002052 seconds
2024-10-11T08:37:46.819+0300: 247.206: Application time: 0.0303177 seconds
2024-10-11T08:37:46.819+0300: 247.206: [GC pause (G1 Evacuation Pause) (young), 0.0014956 secs]
   [Parallel Time: 0.6 ms, GC Workers: 6]
      [GC Worker Start (ms): Min: 247205.8, Avg: 247205.9, Max: 247205.9, Diff: 0.0]
      [Ext Root Scanning (ms): Min: 0.2, Avg: 0.3, Max: 0.3, Diff: 0.0, Sum: 1.5]
      [Update RS (ms): Min: 0.0, Avg: 0.0, Max: 0.1, Diff: 0.0, Sum: 0.1]
         [Processed Buffers: Min: 0, Avg: 0.8, Max: 3, Diff: 3, Sum: 5]
      [Scan RS (ms): Min: 0.1, Avg: 0.1, Max: 0.1, Diff: 0.0, Sum: 0.6]
      [Code Root Scanning (ms): Min: 0.0, Avg: 0.0, Max: 0.0, Diff: 0.0, Sum: 0.0]
      [Object Copy (ms): Min: 0.1, Avg: 0.2, Max: 0.2, Diff: 0.1, Sum: 0.9]
      [Termination (ms): Min: 0.0, Avg: 0.0, Max: 0.0, Diff: 0.0, Sum: 0.1]
         [Termination Attempts: Min: 1, Avg: 1.0, Max: 1, Diff: 0, Sum: 6]
      [GC Worker Other (ms): Min: 0.0, Avg: 0.0, Max: 0.0, Diff: 0.0, Sum: 0.1]
      [GC Worker Total (ms): Min: 0.5, Avg: 0.5, Max: 0.6, Diff: 0.0, Sum: 3.3]
      [GC Worker End (ms): Min: 247206.4, Avg: 247206.4, Max: 247206.4, Diff: 0.0]
   [Code Root Fixup: 0.0 ms]
   [Code Root Purge: 0.0 ms]
   [Clear CT: 0.2 ms]
   [Other: 0.7 ms]
      [Choose CSet: 0.0 ms]
      [Ref Proc: 0.2 ms]
      [Ref Enq: 0.0 ms]
      [Redirty Cards: 0.1 ms]
      [Humongous Register: 0.0 ms]
      [Humongous Reclaim: 0.0 ms]
      [Free CSet: 0.3 ms]
   [Eden: 612.0M(612.0M)->0.0B(612.0M) Survivors: 2048.0K->2048.0K Heap: 617.9M(1024.0M)->6263.0K(1024.0M)]
 [Times: user=0.02 sys=0.00, real=0.02 secs] 
2024-10-11T08:37:46.835+0300: 247.207: Total time for which application threads were stopped: 0.0018314 seconds, Stopping threads took: 0.0001445 seconds
2024-10-11T08:37:48.858+0300: 249.245: Application time: 2.0380703 seconds
2024-10-11T08:37:48.874+0300: 249.246: [GC pause (G1 Evacuation Pause) (young), 0.0014927 secs]
   [Parallel Time: 0.6 ms, GC Workers: 6]
      [GC Worker Start (ms): Min: 249245.9, Avg: 249245.9, Max: 249245.9, Diff: 0.1]
      [Ext Root Scanning (ms): Min: 0.2, Avg: 0.2, Max: 0.3, Diff: 0.0, Sum: 1.4]
      [Update RS (ms): Min: 0.0, Avg: 0.0, Max: 0.0, Diff: 0.0, Sum: 0.1]
         [Processed Buffers: Min: 0, Avg: 1.0, Max: 2, Diff: 2, Sum: 6]
      [Scan RS (ms): Min: 0.1, Avg: 0.1, Max: 0.1, Diff: 0.0, Sum: 0.5]
      [Code Root Scanning (ms): Min: 0.0, Avg: 0.0, Max: 0.0, Diff: 0.0, Sum: 0.0]
      [Object Copy (ms): Min: 0.1, Avg: 0.1, Max: 0.1, Diff: 0.0, Sum: 0.8]
      [Termination (ms): Min: 0.0, Avg: 0.0, Max: 0.0, Diff: 0.0, Sum: 0.1]
         [Termination Attempts: Min: 1, Avg: 1.0, Max: 1, Diff: 0, Sum: 6]
      [GC Worker Other (ms): Min: 0.0, Avg: 0.0, Max: 0.0, Diff: 0.0, Sum: 0.1]
      [GC Worker Total (ms): Min: 0.5, Avg: 0.5, Max: 0.5, Diff: 0.1, Sum: 3.0]
      [GC Worker End (ms): Min: 249246.4, Avg: 249246.4, Max: 249246.4, Diff: 0.0]
   [Code Root Fixup: 0.0 ms]
   [Code Root Purge: 0.0 ms]
   [Clear CT: 0.2 ms]
   [Other: 0.7 ms]
      [Choose CSet: 0.0 ms]
      [Ref Proc: 0.2 ms]
      [Ref Enq: 0.0 ms]
      [Redirty Cards: 0.1 ms]
      [Humongous Register: 0.1 ms]
      [Humongous Reclaim: 0.0 ms]
      [Free CSet: 0.3 ms]
   [Eden: 612.0M(612.0M)->0.0B(612.0M) Survivors: 2048.0K->2048.0K Heap: 618.1M(1024.0M)->6038.4K(1024.0M)]
 [Times: user=0.00 sys=0.00, real=0.00 secs] 
2024-10-11T08:37:48.874+0300: 249.247: Total time for which application threads were stopped: 0.0019075 seconds, Stopping threads took: 0.0002141 seconds
2024-10-11T08:37:50.897+0300: 251.278: Application time: 2.0304965 seconds
2024-10-11T08:37:50.897+0300: 251.278: [GC pause (G1 Evacuation Pause) (young), 0.0014587 secs]
   [Parallel Time: 0.6 ms, GC Workers: 6]
      [GC Worker Start (ms): Min: 251278.1, Avg: 251278.2, Max: 251278.4, Diff: 0.2]
      [Ext Root Scanning (ms): Min: 0.0, Avg: 0.2, Max: 0.3, Diff: 0.2, Sum: 1.4]
      [Update RS (ms): Min: 0.0, Avg: 0.0, Max: 0.0, Diff: 0.0, Sum: 0.1]
         [Processed Buffers: Min: 0, Avg: 0.8, Max: 2, Diff: 2, Sum: 5]
      [Scan RS (ms): Min: 0.1, Avg: 0.1, Max: 0.1, Diff: 0.0, Sum: 0.6]
      [Code Root Scanning (ms): Min: 0.0, Avg: 0.0, Max: 0.0, Diff: 0.0, Sum: 0.0]
      [Object Copy (ms): Min: 0.1, Avg: 0.1, Max: 0.2, Diff: 0.1, Sum: 0.8]
      [Termination (ms): Min: 0.0, Avg: 0.0, Max: 0.0, Diff: 0.0, Sum: 0.1]
         [Termination Attempts: Min: 1, Avg: 1.0, Max: 1, Diff: 0, Sum: 6]
      [GC Worker Other (ms): Min: 0.0, Avg: 0.0, Max: 0.0, Diff: 0.0, Sum: 0.1]
      [GC Worker Total (ms): Min: 0.3, Avg: 0.5, Max: 0.6, Diff: 0.2, Sum: 3.0]
      [GC Worker End (ms): Min: 251278.7, Avg: 251278.7, Max: 251278.7, Diff: 0.0]
   [Code Root Fixup: 0.0 ms]
   [Code Root Purge: 0.0 ms]
   [Clear CT: 0.2 ms]
   [Other: 0.7 ms]
      [Choose CSet: 0.0 ms]
      [Ref Proc: 0.2 ms]
      [Ref Enq: 0.0 ms]
      [Redirty Cards: 0.1 ms]
      [Humongous Register: 0.0 ms]
      [Humongous Reclaim: 0.0 ms]
      [Free CSet: 0.3 ms]
   [Eden: 612.0M(612.0M)->0.0B(612.0M) Survivors: 2048.0K->2048.0K Heap: 617.9M(1024.0M)->6204.3K(1024.0M)]
 [Times: user=0.00 sys=0.00, real=0.00 secs] 
2024-10-11T08:37:50.897+0300: 251.280: Total time for which application threads were stopped: 0.0017796 seconds, Stopping threads took: 0.0001202 seconds
2024-10-11T08:37:52.937+0300: 253.312: Application time: 2.0325160 seconds
2024-10-11T08:37:52.937+0300: 253.312: [GC pause (G1 Evacuation Pause) (young), 0.0014770 secs]
   [Parallel Time: 0.6 ms, GC Workers: 6]
      [GC Worker Start (ms): Min: 253312.5, Avg: 253312.6, Max: 253312.6, Diff: 0.0]
      [Ext Root Scanning (ms): Min: 0.2, Avg: 0.3, Max: 0.3, Diff: 0.0, Sum: 1.5]
      [Update RS (ms): Min: 0.0, Avg: 0.0, Max: 0.0, Diff: 0.0, Sum: 0.1]
         [Processed Buffers: Min: 0, Avg: 1.0, Max: 3, Diff: 3, Sum: 6]
      [Scan RS (ms): Min: 0.1, Avg: 0.1, Max: 0.1, Diff: 0.0, Sum: 0.5]
      [Code Root Scanning (ms): Min: 0.0, Avg: 0.0, Max: 0.0, Diff: 0.0, Sum: 0.0]
      [Object Copy (ms): Min: 0.1, Avg: 0.1, Max: 0.2, Diff: 0.0, Sum: 0.8]
      [Termination (ms): Min: 0.0, Avg: 0.0, Max: 0.0, Diff: 0.0, Sum: 0.1]
         [Termination Attempts: Min: 1, Avg: 1.3, Max: 3, Diff: 2, Sum: 8]
      [GC Worker Other (ms): Min: 0.0, Avg: 0.0, Max: 0.0, Diff: 0.0, Sum: 0.1]
      [GC Worker Total (ms): Min: 0.5, Avg: 0.5, Max: 0.6, Diff: 0.1, Sum: 3.1]
      [GC Worker End (ms): Min: 253313.1, Avg: 253313.1, Max: 253313.1, Diff: 0.0]
   [Code Root Fixup: 0.0 ms]
   [Code Root Purge: 0.0 ms]
   [Clear CT: 0.2 ms]
   [Other: 0.7 ms]
      [Choose CSet: 0.0 ms]
      [Ref Proc: 0.2 ms]
      [Ref Enq: 0.0 ms]
      [Redirty Cards: 0.1 ms]
      [Humongous Register: 0.0 ms]
      [Humongous Reclaim: 0.0 ms]
      [Free CSet: 0.3 ms]
   [Eden: 612.0M(612.0M)->0.0B(612.0M) Survivors: 2048.0K->2048.0K Heap: 618.1M(1024.0M)->6037.4K(1024.0M)]
 [Times: user=0.00 sys=0.00, real=0.00 secs] 
2024-10-11T08:37:52.937+0300: 253.314: Total time for which application threads were stopped: 0.0018682 seconds, Stopping threads took: 0.0001918 seconds
2024-10-11T08:37:54.978+0300: 255.356: Application time: 2.0415870 seconds
2024-10-11T08:37:54.984+0300: 255.356: [GC pause (G1 Evacuation Pause) (young), 0.0013268 secs]
   [Parallel Time: 0.6 ms, GC Workers: 6]
      [GC Worker Start (ms): Min: 255355.9, Avg: 255356.0, Max: 255356.0, Diff: 0.1]
      [Ext Root Scanning (ms): Min: 0.2, Avg: 0.2, Max: 0.3, Diff: 0.1, Sum: 1.4]
      [Update RS (ms): Min: 0.0, Avg: 0.0, Max: 0.0, Diff: 0.0, Sum: 0.1]
         [Processed Buffers: Min: 0, Avg: 1.0, Max: 3, Diff: 3, Sum: 6]
      [Scan RS (ms): Min: 0.1, Avg: 0.1, Max: 0.1, Diff: 0.0, Sum: 0.6]
      [Code Root Scanning (ms): Min: 0.0, Avg: 0.0, Max: 0.0, Diff: 0.0, Sum: 0.0]
      [Object Copy (ms): Min: 0.1, Avg: 0.1, Max: 0.2, Diff: 0.1, Sum: 0.7]
      [Termination (ms): Min: 0.0, Avg: 0.0, Max: 0.0, Diff: 0.0, Sum: 0.1]
         [Termination Attempts: Min: 1, Avg: 1.0, Max: 1, Diff: 0, Sum: 6]
      [GC Worker Other (ms): Min: 0.0, Avg: 0.0, Max: 0.0, Diff: 0.0, Sum: 0.1]
      [GC Worker Total (ms): Min: 0.5, Avg: 0.5, Max: 0.5, Diff: 0.1, Sum: 3.0]
      [GC Worker End (ms): Min: 255356.4, Avg: 255356.4, Max: 255356.5, Diff: 0.0]
   [Code Root Fixup: 0.0 ms]
   [Code Root Purge: 0.0 ms]
   [Clear CT: 0.2 ms]
   [Other: 0.6 ms]
      [Choose CSet: 0.0 ms]
      [Ref Proc: 0.1 ms]
      [Ref Enq: 0.0 ms]
      [Redirty Cards: 0.1 ms]
      [Humongous Register: 0.0 ms]
      [Humongous Reclaim: 0.0 ms]
      [Free CSet: 0.3 ms]
   [Eden: 612.0M(612.0M)->0.0B(612.0M) Survivors: 2048.0K->2048.0K Heap: 617.9M(1024.0M)->6180.7K(1024.0M)]
 [Times: user=0.00 sys=0.00, real=0.00 secs] 
2024-10-11T08:37:54.985+0300: 255.357: Total time for which application threads were stopped: 0.0016713 seconds, Stopping threads took: 0.0001456 seconds
2024-10-11T08:37:57.003+0300: 257.389: Application time: 2.0313781 seconds
2024-10-11T08:37:57.003+0300: 257.389: [GC pause (G1 Evacuation Pause) (young), 0.0015207 secs]
   [Parallel Time: 0.6 ms, GC Workers: 6]
      [GC Worker Start (ms): Min: 257389.0, Avg: 257389.0, Max: 257389.0, Diff: 0.0]
      [Ext Root Scanning (ms): Min: 0.2, Avg: 0.2, Max: 0.3, Diff: 0.0, Sum: 1.5]
      [Update RS (ms): Min: 0.0, Avg: 0.0, Max: 0.0, Diff: 0.0, Sum: 0.1]
         [Processed Buffers: Min: 0, Avg: 1.0, Max: 4, Diff: 4, Sum: 6]
      [Scan RS (ms): Min: 0.1, Avg: 0.1, Max: 0.1, Diff: 0.0, Sum: 0.6]
      [Code Root Scanning (ms): Min: 0.0, Avg: 0.0, Max: 0.0, Diff: 0.0, Sum: 0.0]
      [Object Copy (ms): Min: 0.1, Avg: 0.1, Max: 0.2, Diff: 0.0, Sum: 0.7]
      [Termination (ms): Min: 0.0, Avg: 0.0, Max: 0.0, Diff: 0.0, Sum: 0.1]
         [Termination Attempts: Min: 1, Avg: 1.0, Max: 1, Diff: 0, Sum: 6]
      [GC Worker Other (ms): Min: 0.0, Avg: 0.0, Max: 0.1, Diff: 0.1, Sum: 0.2]
      [GC Worker Total (ms): Min: 0.5, Avg: 0.5, Max: 0.6, Diff: 0.1, Sum: 3.2]
      [GC Worker End (ms): Min: 257389.5, Avg: 257389.5, Max: 257389.6, Diff: 0.1]
   [Code Root Fixup: 0.0 ms]
   [Code Root Purge: 0.0 ms]
   [Clear CT: 0.2 ms]
   [Other: 0.7 ms]
      [Choose CSet: 0.0 ms]
      [Ref Proc: 0.2 ms]
      [Ref Enq: 0.0 ms]
      [Redirty Cards: 0.1 ms]
      [Humongous Register: 0.0 ms]
      [Humongous Reclaim: 0.0 ms]
      [Free CSet: 0.3 ms]
   [Eden: 612.0M(612.0M)->0.0B(612.0M) Survivors: 2048.0K->2048.0K Heap: 618.0M(1024.0M)->5935.8K(1024.0M)]
 [Times: user=0.00 sys=0.00, real=0.01 secs] 
2024-10-11T08:37:57.018+0300: 257.391: Total time for which application threads were stopped: 0.0018726 seconds, Stopping threads took: 0.0001440 seconds
2024-10-11T08:37:57.756+0300: 258.140: Application time: 0.7498316 seconds
2024-10-11T08:37:57.756+0300: 258.141: Total time for which application threads were stopped: 0.0002455 seconds, Stopping threads took: 0.0001565 seconds
2024-10-11T08:37:58.331+0300: 258.705: Application time: 0.5639671 seconds
2024-10-11T08:37:58.331+0300: 258.705: Total time for which application threads were stopped: 0.0001274 seconds, Stopping threads took: 0.0000795 seconds
2024-10-11T08:37:58.604+0300: 258.984: Application time: 0.2794354 seconds
2024-10-11T08:37:58.604+0300: 258.984: Total time for which application threads were stopped: 0.0001373 seconds, Stopping threads took: 0.0000920 seconds
2024-10-11T08:37:58.682+0300: 259.057: Application time: 0.0725530 seconds
2024-10-11T08:37:58.682+0300: 259.057: Total time for which application threads were stopped: 0.0001811 seconds, Stopping threads took: 0.0001347 seconds
2024-10-11T08:37:59.342+0300: 259.729: Application time: 0.6718365 seconds
2024-10-11T08:37:59.342+0300: 259.729: [GC pause (G1 Evacuation Pause) (young), 0.0015725 secs]
   [Parallel Time: 0.8 ms, GC Workers: 6]
      [GC Worker Start (ms): Min: 259729.3, Avg: 259729.4, Max: 259729.9, Diff: 0.7]
      [Ext Root Scanning (ms): Min: 0.0, Avg: 0.3, Max: 0.4, Diff: 0.3, Sum: 1.6]
      [Update RS (ms): Min: 0.0, Avg: 0.0, Max: 0.0, Diff: 0.0, Sum: 0.1]
         [Processed Buffers: Min: 0, Avg: 1.3, Max: 3, Diff: 3, Sum: 8]
      [Scan RS (ms): Min: 0.0, Avg: 0.1, Max: 0.1, Diff: 0.1, Sum: 0.6]
      [Code Root Scanning (ms): Min: 0.0, Avg: 0.0, Max: 0.0, Diff: 0.0, Sum: 0.0]
      [Object Copy (ms): Min: 0.0, Avg: 0.1, Max: 0.2, Diff: 0.2, Sum: 0.7]
      [Termination (ms): Min: 0.0, Avg: 0.0, Max: 0.1, Diff: 0.1, Sum: 0.2]
         [Termination Attempts: Min: 1, Avg: 1.0, Max: 1, Diff: 0, Sum: 6]
      [GC Worker Other (ms): Min: 0.0, Avg: 0.0, Max: 0.0, Diff: 0.0, Sum: 0.1]
      [GC Worker Total (ms): Min: 0.0, Avg: 0.6, Max: 0.7, Diff: 0.7, Sum: 3.3]
      [GC Worker End (ms): Min: 259730.0, Avg: 259730.0, Max: 259730.0, Diff: 0.0]
   [Code Root Fixup: 0.0 ms]
   [Code Root Purge: 0.0 ms]
   [Clear CT: 0.2 ms]
   [Other: 0.6 ms]
      [Choose CSet: 0.0 ms]
      [Ref Proc: 0.1 ms]
      [Ref Enq: 0.0 ms]
      [Redirty Cards: 0.1 ms]
      [Humongous Register: 0.1 ms]
      [Humongous Reclaim: 0.0 ms]
      [Free CSet: 0.3 ms]
   [Eden: 612.0M(612.0M)->0.0B(612.0M) Survivors: 2048.0K->2048.0K Heap: 617.8M(1024.0M)->6148.5K(1024.0M)]
 [Times: user=0.00 sys=0.00, real=0.02 secs] 
2024-10-11T08:37:59.357+0300: 259.731: Total time for which application threads were stopped: 0.0019392 seconds, Stopping threads took: 0.0001600 seconds
2024-10-11T08:38:01.382+0300: 261.766: Application time: 2.0347329 seconds
2024-10-11T08:38:01.382+0300: 261.766: [GC pause (G1 Evacuation Pause) (young), 0.0017124 secs]
   [Parallel Time: 0.8 ms, GC Workers: 6]
      [GC Worker Start (ms): Min: 261766.0, Avg: 261766.1, Max: 261766.6, Diff: 0.7]
      [Ext Root Scanning (ms): Min: 0.0, Avg: 0.2, Max: 0.3, Diff: 0.3, Sum: 1.5]
      [Update RS (ms): Min: 0.0, Avg: 0.0, Max: 0.0, Diff: 0.0, Sum: 0.1]
         [Processed Buffers: Min: 0, Avg: 1.0, Max: 2, Diff: 2, Sum: 6]
      [Scan RS (ms): Min: 0.0, Avg: 0.1, Max: 0.1, Diff: 0.1, Sum: 0.6]
      [Code Root Scanning (ms): Min: 0.0, Avg: 0.0, Max: 0.0, Diff: 0.0, Sum: 0.0]
      [Object Copy (ms): Min: 0.0, Avg: 0.1, Max: 0.2, Diff: 0.2, Sum: 0.8]
      [Termination (ms): Min: 0.0, Avg: 0.0, Max: 0.1, Diff: 0.1, Sum: 0.2]
         [Termination Attempts: Min: 1, Avg: 1.5, Max: 2, Diff: 1, Sum: 9]
      [GC Worker Other (ms): Min: 0.0, Avg: 0.0, Max: 0.0, Diff: 0.0, Sum: 0.1]
      [GC Worker Total (ms): Min: 0.0, Avg: 0.5, Max: 0.7, Diff: 0.7, Sum: 3.3]
      [GC Worker End (ms): Min: 261766.6, Avg: 261766.6, Max: 261766.6, Diff: 0.0]
   [Code Root Fixup: 0.0 ms]
   [Code Root Purge: 0.0 ms]
   [Clear CT: 0.2 ms]
   [Other: 0.8 ms]
      [Choose CSet: 0.0 ms]
      [Ref Proc: 0.1 ms]
      [Ref Enq: 0.0 ms]
      [Redirty Cards: 0.1 ms]
      [Humongous Register: 0.1 ms]
      [Humongous Reclaim: 0.0 ms]
      [Free CSet: 0.4 ms]
   [Eden: 612.0M(612.0M)->0.0B(612.0M) Survivors: 2048.0K->2048.0K Heap: 618.0M(1024.0M)->6078.1K(1024.0M)]
 [Times: user=0.00 sys=0.00, real=0.00 secs] 
2024-10-11T08:38:01.382+0300: 261.768: Total time for which application threads were stopped: 0.0021021 seconds, Stopping threads took: 0.0001876 seconds
2024-10-11T08:38:03.440+0300: 263.816: Application time: 2.0481226 seconds
2024-10-11T08:38:03.440+0300: 263.816: [GC pause (G1 Evacuation Pause) (young), 0.0013908 secs]
   [Parallel Time: 0.6 ms, GC Workers: 6]
      [GC Worker Start (ms): Min: 263816.0, Avg: 263816.0, Max: 263816.1, Diff: 0.1]
      [Ext Root Scanning (ms): Min: 0.2, Avg: 0.2, Max: 0.3, Diff: 0.1, Sum: 1.4]
      [Update RS (ms): Min: 0.0, Avg: 0.0, Max: 0.0, Diff: 0.0, Sum: 0.1]
         [Processed Buffers: Min: 0, Avg: 1.0, Max: 2, Diff: 2, Sum: 6]
      [Scan RS (ms): Min: 0.1, Avg: 0.1, Max: 0.1, Diff: 0.0, Sum: 0.6]
      [Code Root Scanning (ms): Min: 0.0, Avg: 0.0, Max: 0.0, Diff: 0.0, Sum: 0.0]
      [Object Copy (ms): Min: 0.1, Avg: 0.1, Max: 0.2, Diff: 0.0, Sum: 0.8]
      [Termination (ms): Min: 0.0, Avg: 0.0, Max: 0.0, Diff: 0.0, Sum: 0.1]
         [Termination Attempts: Min: 1, Avg: 1.0, Max: 1, Diff: 0, Sum: 6]
      [GC Worker Other (ms): Min: 0.0, Avg: 0.0, Max: 0.0, Diff: 0.0, Sum: 0.1]
      [GC Worker Total (ms): Min: 0.5, Avg: 0.5, Max: 0.6, Diff: 0.1, Sum: 3.1]
      [GC Worker End (ms): Min: 263816.5, Avg: 263816.5, Max: 263816.6, Diff: 0.0]
   [Code Root Fixup: 0.0 ms]
   [Code Root Purge: 0.0 ms]
   [Clear CT: 0.2 ms]
   [Other: 0.6 ms]
      [Choose CSet: 0.0 ms]
      [Ref Proc: 0.2 ms]
      [Ref Enq: 0.0 ms]
      [Redirty Cards: 0.1 ms]
      [Humongous Register: 0.0 ms]
      [Humongous Reclaim: 0.0 ms]
      [Free CSet: 0.2 ms]
   [Eden: 612.0M(612.0M)->0.0B(612.0M) Survivors: 2048.0K->2048.0K Heap: 617.9M(1024.0M)->6252.7K(1024.0M)]
 [Times: user=0.00 sys=0.00, real=0.00 secs] 
2024-10-11T08:38:03.440+0300: 263.817: Total time for which application threads were stopped: 0.0016523 seconds, Stopping threads took: 0.0000798 seconds
2024-10-11T08:38:05.493+0300: 265.869: Application time: 2.0520068 seconds
2024-10-11T08:38:05.493+0300: 265.870: [GC pause (G1 Evacuation Pause) (young), 0.0013555 secs]
   [Parallel Time: 0.6 ms, GC Workers: 6]
      [GC Worker Start (ms): Min: 265869.7, Avg: 265869.8, Max: 265869.8, Diff: 0.0]
      [Ext Root Scanning (ms): Min: 0.2, Avg: 0.2, Max: 0.3, Diff: 0.0, Sum: 1.4]
      [Update RS (ms): Min: 0.0, Avg: 0.0, Max: 0.0, Diff: 0.0, Sum: 0.1]
         [Processed Buffers: Min: 0, Avg: 1.0, Max: 2, Diff: 2, Sum: 6]
      [Scan RS (ms): Min: 0.1, Avg: 0.1, Max: 0.1, Diff: 0.0, Sum: 0.5]
      [Code Root Scanning (ms): Min: 0.0, Avg: 0.0, Max: 0.0, Diff: 0.0, Sum: 0.0]
      [Object Copy (ms): Min: 0.1, Avg: 0.1, Max: 0.1, Diff: 0.0, Sum: 0.8]
      [Termination (ms): Min: 0.0, Avg: 0.0, Max: 0.0, Diff: 0.0, Sum: 0.0]
         [Termination Attempts: Min: 1, Avg: 1.0, Max: 1, Diff: 0, Sum: 6]
      [GC Worker Other (ms): Min: 0.0, Avg: 0.0, Max: 0.0, Diff: 0.0, Sum: 0.2]
      [GC Worker Total (ms): Min: 0.5, Avg: 0.5, Max: 0.5, Diff: 0.1, Sum: 3.0]
      [GC Worker End (ms): Min: 265870.2, Avg: 265870.3, Max: 265870.3, Diff: 0.0]
   [Code Root Fixup: 0.0 ms]
   [Code Root Purge: 0.0 ms]
   [Clear CT: 0.2 ms]
   [Other: 0.6 ms]
      [Choose CSet: 0.0 ms]
      [Ref Proc: 0.1 ms]
      [Ref Enq: 0.0 ms]
      [Redirty Cards: 0.1 ms]
      [Humongous Register: 0.0 ms]
      [Humongous Reclaim: 0.0 ms]
      [Free CSet: 0.3 ms]
   [Eden: 612.0M(612.0M)->0.0B(612.0M) Survivors: 2048.0K->2048.0K Heap: 618.1M(1024.0M)->6033.4K(1024.0M)]
 [Times: user=0.00 sys=0.00, real=0.01 secs] 
2024-10-11T08:38:05.499+0300: 265.871: Total time for which application threads were stopped: 0.0016874 seconds, Stopping threads took: 0.0001199 seconds
2024-10-11T08:38:07.533+0300: 267.918: Application time: 2.0469992 seconds
2024-10-11T08:38:07.533+0300: 267.918: [GC pause (G1 Evacuation Pause) (young), 0.0016456 secs]
   [Parallel Time: 0.6 ms, GC Workers: 6]
      [GC Worker Start (ms): Min: 267918.4, Avg: 267918.5, Max: 267918.5, Diff: 0.1]
      [Ext Root Scanning (ms): Min: 0.2, Avg: 0.2, Max: 0.3, Diff: 0.1, Sum: 1.5]
      [Update RS (ms): Min: 0.0, Avg: 0.0, Max: 0.0, Diff: 0.0, Sum: 0.1]
         [Processed Buffers: Min: 0, Avg: 1.0, Max: 2, Diff: 2, Sum: 6]
      [Scan RS (ms): Min: 0.1, Avg: 0.1, Max: 0.1, Diff: 0.1, Sum: 0.6]
      [Code Root Scanning (ms): Min: 0.0, Avg: 0.0, Max: 0.0, Diff: 0.0, Sum: 0.0]
      [Object Copy (ms): Min: 0.1, Avg: 0.1, Max: 0.2, Diff: 0.1, Sum: 0.8]
      [Termination (ms): Min: 0.0, Avg: 0.0, Max: 0.1, Diff: 0.1, Sum: 0.3]
         [Termination Attempts: Min: 1, Avg: 1.0, Max: 1, Diff: 0, Sum: 6]
      [GC Worker Other (ms): Min: 0.0, Avg: 0.0, Max: 0.0, Diff: 0.0, Sum: 0.1]
      [GC Worker Total (ms): Min: 0.5, Avg: 0.6, Max: 0.6, Diff: 0.0, Sum: 3.4]
      [GC Worker End (ms): Min: 267919.0, Avg: 267919.0, Max: 267919.0, Diff: 0.0]
   [Code Root Fixup: 0.0 ms]
   [Code Root Purge: 0.0 ms]
   [Clear CT: 0.2 ms]
   [Other: 0.8 ms]
      [Choose CSet: 0.0 ms]
      [Ref Proc: 0.2 ms]
      [Ref Enq: 0.0 ms]
      [Redirty Cards: 0.1 ms]
      [Humongous Register: 0.0 ms]
      [Humongous Reclaim: 0.0 ms]
      [Free CSet: 0.4 ms]
   [Eden: 612.0M(612.0M)->0.0B(612.0M) Survivors: 2048.0K->2048.0K Heap: 617.9M(1024.0M)->6100.2K(1024.0M)]
 [Times: user=0.02 sys=0.00, real=0.01 secs] 
2024-10-11T08:38:07.547+0300: 267.920: Total time for which application threads were stopped: 0.0019770 seconds, Stopping threads took: 0.0001303 seconds
2024-10-11T08:38:09.588+0300: 269.968: Application time: 2.0475016 seconds
2024-10-11T08:38:09.588+0300: 269.968: [GC pause (G1 Evacuation Pause) (young), 0.0014739 secs]
   [Parallel Time: 0.7 ms, GC Workers: 6]
      [GC Worker Start (ms): Min: 269967.9, Avg: 269968.0, Max: 269968.0, Diff: 0.1]
      [Ext Root Scanning (ms): Min: 0.2, Avg: 0.3, Max: 0.3, Diff: 0.1, Sum: 1.5]
      [Update RS (ms): Min: 0.0, Avg: 0.0, Max: 0.0, Diff: 0.0, Sum: 0.1]
         [Processed Buffers: Min: 0, Avg: 1.0, Max: 2, Diff: 2, Sum: 6]
      [Scan RS (ms): Min: 0.1, Avg: 0.1, Max: 0.1, Diff: 0.0, Sum: 0.6]
      [Code Root Scanning (ms): Min: 0.0, Avg: 0.0, Max: 0.0, Diff: 0.0, Sum: 0.0]
      [Object Copy (ms): Min: 0.1, Avg: 0.1, Max: 0.2, Diff: 0.1, Sum: 0.8]
      [Termination (ms): Min: 0.0, Avg: 0.0, Max: 0.0, Diff: 0.0, Sum: 0.1]
         [Termination Attempts: Min: 1, Avg: 1.2, Max: 2, Diff: 1, Sum: 7]
      [GC Worker Other (ms): Min: 0.0, Avg: 0.0, Max: 0.0, Diff: 0.0, Sum: 0.1]
      [GC Worker Total (ms): Min: 0.5, Avg: 0.5, Max: 0.5, Diff: 0.1, Sum: 3.1]
      [GC Worker End (ms): Min: 269968.5, Avg: 269968.5, Max: 269968.5, Diff: 0.0]
   [Code Root Fixup: 0.0 ms]
   [Code Root Purge: 0.0 ms]
   [Clear CT: 0.2 ms]
   [Other: 0.6 ms]
      [Choose CSet: 0.0 ms]
      [Ref Proc: 0.1 ms]
      [Ref Enq: 0.0 ms]
      [Redirty Cards: 0.1 ms]
      [Humongous Register: 0.1 ms]
      [Humongous Reclaim: 0.0 ms]
      [Free CSet: 0.3 ms]
   [Eden: 612.0M(612.0M)->0.0B(612.0M) Survivors: 2048.0K->2048.0K Heap: 618.0M(1024.0M)->6130.3K(1024.0M)]
 [Times: user=0.00 sys=0.00, real=0.00 secs] 
2024-10-11T08:38:09.588+0300: 269.969: Total time for which application threads were stopped: 0.0017806 seconds, Stopping threads took: 0.0001161 seconds
2024-10-11T08:38:11.642+0300: 272.026: Application time: 2.0565679 seconds
2024-10-11T08:38:11.642+0300: 272.026: [GC pause (G1 Evacuation Pause) (young), 0.0014686 secs]
   [Parallel Time: 0.7 ms, GC Workers: 6]
      [GC Worker Start (ms): Min: 272026.3, Avg: 272026.3, Max: 272026.4, Diff: 0.1]
      [Ext Root Scanning (ms): Min: 0.2, Avg: 0.2, Max: 0.3, Diff: 0.1, Sum: 1.4]
      [Update RS (ms): Min: 0.0, Avg: 0.0, Max: 0.0, Diff: 0.0, Sum: 0.1]
         [Processed Buffers: Min: 0, Avg: 0.8, Max: 2, Diff: 2, Sum: 5]
      [Scan RS (ms): Min: 0.1, Avg: 0.1, Max: 0.1, Diff: 0.0, Sum: 0.6]
      [Code Root Scanning (ms): Min: 0.0, Avg: 0.0, Max: 0.0, Diff: 0.0, Sum: 0.0]
      [Object Copy (ms): Min: 0.1, Avg: 0.1, Max: 0.2, Diff: 0.0, Sum: 0.9]
      [Termination (ms): Min: 0.0, Avg: 0.0, Max: 0.0, Diff: 0.0, Sum: 0.1]
         [Termination Attempts: Min: 1, Avg: 1.0, Max: 1, Diff: 0, Sum: 6]
      [GC Worker Other (ms): Min: 0.0, Avg: 0.0, Max: 0.0, Diff: 0.0, Sum: 0.1]
      [GC Worker Total (ms): Min: 0.4, Avg: 0.5, Max: 0.6, Diff: 0.1, Sum: 3.2]
      [GC Worker End (ms): Min: 272026.9, Avg: 272026.9, Max: 272026.9, Diff: 0.0]
   [Code Root Fixup: 0.0 ms]
   [Code Root Purge: 0.0 ms]
   [Clear CT: 0.2 ms]
   [Other: 0.6 ms]
      [Choose CSet: 0.0 ms]
      [Ref Proc: 0.1 ms]
      [Ref Enq: 0.0 ms]
      [Redirty Cards: 0.1 ms]
      [Humongous Register: 0.0 ms]
      [Humongous Reclaim: 0.0 ms]
      [Free CSet: 0.3 ms]
   [Eden: 612.0M(612.0M)->0.0B(612.0M) Survivors: 2048.0K->2048.0K Heap: 618.0M(1024.0M)->6149.2K(1024.0M)]
 [Times: user=0.00 sys=0.00, real=0.01 secs] 
2024-10-11T08:38:11.655+0300: 272.028: Total time for which application threads were stopped: 0.0018314 seconds, Stopping threads took: 0.0001669 seconds
2024-10-11T08:38:13.699+0300: 274.073: Application time: 2.0454448 seconds
2024-10-11T08:38:13.699+0300: 274.074: [GC pause (G1 Evacuation Pause) (young), 0.0013725 secs]
   [Parallel Time: 0.6 ms, GC Workers: 6]
      [GC Worker Start (ms): Min: 274073.6, Avg: 274073.6, Max: 274073.9, Diff: 0.3]
      [Ext Root Scanning (ms): Min: 0.0, Avg: 0.2, Max: 0.3, Diff: 0.3, Sum: 1.4]
      [Update RS (ms): Min: 0.0, Avg: 0.0, Max: 0.0, Diff: 0.0, Sum: 0.1]
         [Processed Buffers: Min: 0, Avg: 0.8, Max: 1, Diff: 1, Sum: 5]
      [Scan RS (ms): Min: 0.1, Avg: 0.1, Max: 0.1, Diff: 0.0, Sum: 0.6]
      [Code Root Scanning (ms): Min: 0.0, Avg: 0.0, Max: 0.0, Diff: 0.0, Sum: 0.0]
      [Object Copy (ms): Min: 0.1, Avg: 0.1, Max: 0.2, Diff: 0.0, Sum: 0.9]
      [Termination (ms): Min: 0.0, Avg: 0.0, Max: 0.0, Diff: 0.0, Sum: 0.0]
         [Termination Attempts: Min: 1, Avg: 1.7, Max: 3, Diff: 2, Sum: 10]
      [GC Worker Other (ms): Min: 0.0, Avg: 0.0, Max: 0.0, Diff: 0.0, Sum: 0.1]
      [GC Worker Total (ms): Min: 0.3, Avg: 0.5, Max: 0.6, Diff: 0.3, Sum: 3.1]
      [GC Worker End (ms): Min: 274074.1, Avg: 274074.2, Max: 274074.2, Diff: 0.0]
   [Code Root Fixup: 0.0 ms]
   [Code Root Purge: 0.0 ms]
   [Clear CT: 0.2 ms]
   [Other: 0.6 ms]
      [Choose CSet: 0.0 ms]
      [Ref Proc: 0.1 ms]
      [Ref Enq: 0.0 ms]
      [Redirty Cards: 0.1 ms]
      [Humongous Register: 0.0 ms]
      [Humongous Reclaim: 0.0 ms]
      [Free CSet: 0.2 ms]
   [Eden: 612.0M(612.0M)->0.0B(612.0M) Survivors: 2048.0K->2048.0K Heap: 618.0M(1024.0M)->6173.8K(1024.0M)]
 [Times: user=0.00 sys=0.00, real=0.00 secs] 
2024-10-11T08:38:13.703+0300: 274.075: Total time for which application threads were stopped: 0.0017151 seconds, Stopping threads took: 0.0001589 seconds
2024-10-11T08:38:15.739+0300: 276.114: Application time: 2.0385451 seconds
2024-10-11T08:38:15.739+0300: 276.114: [GC pause (G1 Evacuation Pause) (young), 0.0014774 secs]
   [Parallel Time: 0.6 ms, GC Workers: 6]
      [GC Worker Start (ms): Min: 276113.9, Avg: 276113.9, Max: 276113.9, Diff: 0.1]
      [Ext Root Scanning (ms): Min: 0.2, Avg: 0.3, Max: 0.3, Diff: 0.1, Sum: 1.6]
      [Update RS (ms): Min: 0.0, Avg: 0.0, Max: 0.0, Diff: 0.0, Sum: 0.1]
         [Processed Buffers: Min: 0, Avg: 0.8, Max: 3, Diff: 3, Sum: 5]
      [Scan RS (ms): Min: 0.1, Avg: 0.1, Max: 0.1, Diff: 0.0, Sum: 0.6]
      [Code Root Scanning (ms): Min: 0.0, Avg: 0.0, Max: 0.0, Diff: 0.0, Sum: 0.0]
      [Object Copy (ms): Min: 0.1, Avg: 0.1, Max: 0.1, Diff: 0.0, Sum: 0.8]
      [Termination (ms): Min: 0.0, Avg: 0.0, Max: 0.0, Diff: 0.0, Sum: 0.1]
         [Termination Attempts: Min: 1, Avg: 1.0, Max: 1, Diff: 0, Sum: 6]
      [GC Worker Other (ms): Min: 0.0, Avg: 0.0, Max: 0.0, Diff: 0.0, Sum: 0.1]
      [GC Worker Total (ms): Min: 0.5, Avg: 0.5, Max: 0.6, Diff: 0.1, Sum: 3.2]
      [GC Worker End (ms): Min: 276114.4, Avg: 276114.4, Max: 276114.5, Diff: 0.0]
   [Code Root Fixup: 0.0 ms]
   [Code Root Purge: 0.0 ms]
   [Clear CT: 0.2 ms]
   [Other: 0.7 ms]
      [Choose CSet: 0.0 ms]
      [Ref Proc: 0.1 ms]
      [Ref Enq: 0.0 ms]
      [Redirty Cards: 0.1 ms]
      [Humongous Register: 0.0 ms]
      [Humongous Reclaim: 0.0 ms]
      [Free CSet: 0.4 ms]
   [Eden: 612.0M(612.0M)->0.0B(612.0M) Survivors: 2048.0K->2048.0K Heap: 618.0M(1024.0M)->6261.9K(1024.0M)]
 [Times: user=0.03 sys=0.00, real=0.00 secs] 
2024-10-11T08:38:15.739+0300: 276.115: Total time for which application threads were stopped: 0.0018539 seconds, Stopping threads took: 0.0001639 seconds
2024-10-11T08:38:17.796+0300: 278.169: Application time: 2.0535219 seconds
2024-10-11T08:38:17.796+0300: 278.169: [GC pause (G1 Evacuation Pause) (young), 0.0014594 secs]
   [Parallel Time: 0.7 ms, GC Workers: 6]
      [GC Worker Start (ms): Min: 278169.2, Avg: 278169.3, Max: 278169.5, Diff: 0.3]
      [Ext Root Scanning (ms): Min: 0.1, Avg: 0.2, Max: 0.3, Diff: 0.3, Sum: 1.4]
      [Update RS (ms): Min: 0.0, Avg: 0.0, Max: 0.0, Diff: 0.0, Sum: 0.1]
         [Processed Buffers: Min: 0, Avg: 0.8, Max: 2, Diff: 2, Sum: 5]
      [Scan RS (ms): Min: 0.1, Avg: 0.1, Max: 0.1, Diff: 0.0, Sum: 0.6]
      [Code Root Scanning (ms): Min: 0.0, Avg: 0.0, Max: 0.0, Diff: 0.0, Sum: 0.0]
      [Object Copy (ms): Min: 0.1, Avg: 0.1, Max: 0.2, Diff: 0.0, Sum: 0.8]
      [Termination (ms): Min: 0.0, Avg: 0.0, Max: 0.0, Diff: 0.0, Sum: 0.1]
         [Termination Attempts: Min: 1, Avg: 1.0, Max: 1, Diff: 0, Sum: 6]
      [GC Worker Other (ms): Min: 0.0, Avg: 0.0, Max: 0.0, Diff: 0.0, Sum: 0.1]
      [GC Worker Total (ms): Min: 0.3, Avg: 0.5, Max: 0.6, Diff: 0.3, Sum: 3.0]
      [GC Worker End (ms): Min: 278169.8, Avg: 278169.8, Max: 278169.8, Diff: 0.0]
   [Code Root Fixup: 0.0 ms]
   [Code Root Purge: 0.0 ms]
   [Clear CT: 0.2 ms]
   [Other: 0.6 ms]
      [Choose CSet: 0.0 ms]
      [Ref Proc: 0.1 ms]
      [Ref Enq: 0.0 ms]
      [Redirty Cards: 0.1 ms]
      [Humongous Register: 0.0 ms]
      [Humongous Reclaim: 0.0 ms]
      [Free CSet: 0.3 ms]
   [Eden: 612.0M(612.0M)->0.0B(612.0M) Survivors: 2048.0K->2048.0K Heap: 618.1M(1024.0M)->6246.9K(1024.0M)]
 [Times: user=0.00 sys=0.00, real=0.00 secs] 
2024-10-11T08:38:17.798+0300: 278.171: Total time for which application threads were stopped: 0.0017877 seconds, Stopping threads took: 0.0001434 seconds
2024-10-11T08:38:19.820+0300: 280.206: Application time: 2.0352976 seconds
2024-10-11T08:38:19.820+0300: 280.206: [GC pause (G1 Evacuation Pause) (young), 0.0017646 secs]
   [Parallel Time: 0.7 ms, GC Workers: 6]
      [GC Worker Start (ms): Min: 280206.4, Avg: 280206.4, Max: 280206.4, Diff: 0.1]
      [Ext Root Scanning (ms): Min: 0.2, Avg: 0.3, Max: 0.3, Diff: 0.1, Sum: 1.6]
      [Update RS (ms): Min: 0.0, Avg: 0.0, Max: 0.1, Diff: 0.1, Sum: 0.1]
         [Processed Buffers: Min: 0, Avg: 0.8, Max: 2, Diff: 2, Sum: 5]
      [Scan RS (ms): Min: 0.0, Avg: 0.1, Max: 0.1, Diff: 0.1, Sum: 0.6]
      [Code Root Scanning (ms): Min: 0.0, Avg: 0.0, Max: 0.0, Diff: 0.0, Sum: 0.0]
      [Object Copy (ms): Min: 0.1, Avg: 0.2, Max: 0.3, Diff: 0.1, Sum: 1.1]
      [Termination (ms): Min: 0.0, Avg: 0.0, Max: 0.0, Diff: 0.0, Sum: 0.2]
         [Termination Attempts: Min: 1, Avg: 1.0, Max: 1, Diff: 0, Sum: 6]
      [GC Worker Other (ms): Min: 0.0, Avg: 0.0, Max: 0.0, Diff: 0.0, Sum: 0.1]
      [GC Worker Total (ms): Min: 0.6, Avg: 0.6, Max: 0.7, Diff: 0.1, Sum: 3.7]
      [GC Worker End (ms): Min: 280207.0, Avg: 280207.0, Max: 280207.0, Diff: 0.0]
   [Code Root Fixup: 0.0 ms]
   [Code Root Purge: 0.0 ms]
   [Clear CT: 0.2 ms]
   [Other: 0.8 ms]
      [Choose CSet: 0.0 ms]
      [Ref Proc: 0.2 ms]
      [Ref Enq: 0.0 ms]
      [Redirty Cards: 0.1 ms]
      [Humongous Register: 0.0 ms]
      [Humongous Reclaim: 0.0 ms]
      [Free CSet: 0.4 ms]
   [Eden: 612.0M(612.0M)->0.0B(612.0M) Survivors: 2048.0K->2048.0K Heap: 618.1M(1024.0M)->6311.7K(1024.0M)]
 [Times: user=0.02 sys=0.00, real=0.02 secs] 
2024-10-11T08:38:19.835+0300: 280.209: Total time for which application threads were stopped: 0.0034519 seconds, Stopping threads took: 0.0001749 seconds
2024-10-11T08:38:21.891+0300: 282.269: Application time: 2.0596632 seconds
2024-10-11T08:38:21.891+0300: 282.269: [GC pause (G1 Evacuation Pause) (young), 0.0015006 secs]
   [Parallel Time: 0.7 ms, GC Workers: 6]
      [GC Worker Start (ms): Min: 282269.5, Avg: 282269.5, Max: 282269.5, Diff: 0.0]
      [Ext Root Scanning (ms): Min: 0.2, Avg: 0.3, Max: 0.3, Diff: 0.0, Sum: 1.5]
      [Update RS (ms): Min: 0.0, Avg: 0.0, Max: 0.1, Diff: 0.1, Sum: 0.1]
         [Processed Buffers: Min: 0, Avg: 0.7, Max: 2, Diff: 2, Sum: 4]
      [Scan RS (ms): Min: 0.1, Avg: 0.1, Max: 0.1, Diff: 0.1, Sum: 0.6]
      [Code Root Scanning (ms): Min: 0.0, Avg: 0.0, Max: 0.0, Diff: 0.0, Sum: 0.0]
      [Object Copy (ms): Min: 0.1, Avg: 0.2, Max: 0.2, Diff: 0.0, Sum: 0.9]
      [Termination (ms): Min: 0.0, Avg: 0.0, Max: 0.0, Diff: 0.0, Sum: 0.0]
         [Termination Attempts: Min: 1, Avg: 1.3, Max: 2, Diff: 1, Sum: 8]
      [GC Worker Other (ms): Min: 0.0, Avg: 0.0, Max: 0.1, Diff: 0.0, Sum: 0.2]
      [GC Worker Total (ms): Min: 0.5, Avg: 0.6, Max: 0.6, Diff: 0.1, Sum: 3.3]
      [GC Worker End (ms): Min: 282270.0, Avg: 282270.0, Max: 282270.1, Diff: 0.0]
   [Code Root Fixup: 0.0 ms]
   [Code Root Purge: 0.0 ms]
   [Clear CT: 0.2 ms]
   [Other: 0.7 ms]
      [Choose CSet: 0.0 ms]
      [Ref Proc: 0.1 ms]
      [Ref Enq: 0.0 ms]
      [Redirty Cards: 0.1 ms]
      [Humongous Register: 0.1 ms]
      [Humongous Reclaim: 0.0 ms]
      [Free CSet: 0.3 ms]
   [Eden: 612.0M(612.0M)->0.0B(612.0M) Survivors: 2048.0K->2048.0K Heap: 618.2M(1024.0M)->5974.8K(1024.0M)]
 [Times: user=0.00 sys=0.00, real=0.00 secs] 
2024-10-11T08:38:21.891+0300: 282.271: Total time for which application threads were stopped: 0.0018629 seconds, Stopping threads took: 0.0001544 seconds
2024-10-11T08:38:23.929+0300: 284.307: Application time: 2.0363374 seconds
2024-10-11T08:38:23.929+0300: 284.308: [GC pause (G1 Evacuation Pause) (young), 0.0015264 secs]
   [Parallel Time: 0.7 ms, GC Workers: 6]
      [GC Worker Start (ms): Min: 284307.6, Avg: 284307.7, Max: 284307.7, Diff: 0.1]
      [Ext Root Scanning (ms): Min: 0.2, Avg: 0.2, Max: 0.3, Diff: 0.0, Sum: 1.5]
      [Update RS (ms): Min: 0.0, Avg: 0.0, Max: 0.0, Diff: 0.0, Sum: 0.1]
         [Processed Buffers: Min: 0, Avg: 0.7, Max: 1, Diff: 1, Sum: 4]
      [Scan RS (ms): Min: 0.1, Avg: 0.1, Max: 0.1, Diff: 0.0, Sum: 0.5]
      [Code Root Scanning (ms): Min: 0.0, Avg: 0.0, Max: 0.0, Diff: 0.0, Sum: 0.0]
      [Object Copy (ms): Min: 0.2, Avg: 0.2, Max: 0.2, Diff: 0.0, Sum: 1.1]
      [Termination (ms): Min: 0.0, Avg: 0.0, Max: 0.0, Diff: 0.0, Sum: 0.0]
         [Termination Attempts: Min: 1, Avg: 1.8, Max: 3, Diff: 2, Sum: 11]
      [GC Worker Other (ms): Min: 0.0, Avg: 0.0, Max: 0.0, Diff: 0.0, Sum: 0.2]
      [GC Worker Total (ms): Min: 0.5, Avg: 0.6, Max: 0.6, Diff: 0.1, Sum: 3.4]
      [GC Worker End (ms): Min: 284308.2, Avg: 284308.2, Max: 284308.2, Diff: 0.0]
   [Code Root Fixup: 0.0 ms]
   [Code Root Purge: 0.0 ms]
   [Clear CT: 0.2 ms]
   [Other: 0.7 ms]
      [Choose CSet: 0.0 ms]
      [Ref Proc: 0.2 ms]
      [Ref Enq: 0.0 ms]
      [Redirty Cards: 0.1 ms]
      [Humongous Register: 0.0 ms]
      [Humongous Reclaim: 0.0 ms]
      [Free CSet: 0.3 ms]
   [Eden: 612.0M(612.0M)->0.0B(612.0M) Survivors: 2048.0K->2048.0K Heap: 617.8M(1024.0M)->6193.3K(1024.0M)]
 [Times: user=0.00 sys=0.00, real=0.00 secs] 
2024-10-11T08:38:23.929+0300: 284.309: Total time for which application threads were stopped: 0.0018696 seconds, Stopping threads took: 0.0001456 seconds
2024-10-11T08:38:25.980+0300: 286.356: Application time: 2.0470779 seconds
2024-10-11T08:38:25.980+0300: 286.356: [GC pause (G1 Evacuation Pause) (young), 0.0016598 secs]
   [Parallel Time: 0.7 ms, GC Workers: 6]
      [GC Worker Start (ms): Min: 286356.6, Avg: 286356.7, Max: 286356.8, Diff: 0.1]
      [Ext Root Scanning (ms): Min: 0.2, Avg: 0.3, Max: 0.3, Diff: 0.1, Sum: 1.6]
      [Update RS (ms): Min: 0.0, Avg: 0.0, Max: 0.0, Diff: 0.0, Sum: 0.1]
         [Processed Buffers: Min: 0, Avg: 0.7, Max: 1, Diff: 1, Sum: 4]
      [Scan RS (ms): Min: 0.1, Avg: 0.1, Max: 0.3, Diff: 0.2, Sum: 0.8]
      [Code Root Scanning (ms): Min: 0.0, Avg: 0.0, Max: 0.0, Diff: 0.0, Sum: 0.0]
      [Object Copy (ms): Min: 0.0, Avg: 0.1, Max: 0.2, Diff: 0.2, Sum: 0.8]
      [Termination (ms): Min: 0.0, Avg: 0.0, Max: 0.0, Diff: 0.0, Sum: 0.2]
         [Termination Attempts: Min: 1, Avg: 1.0, Max: 1, Diff: 0, Sum: 6]
      [GC Worker Other (ms): Min: 0.0, Avg: 0.0, Max: 0.0, Diff: 0.0, Sum: 0.1]
      [GC Worker Total (ms): Min: 0.5, Avg: 0.6, Max: 0.6, Diff: 0.1, Sum: 3.5]
      [GC Worker End (ms): Min: 286357.3, Avg: 286357.3, Max: 286357.3, Diff: 0.0]
   [Code Root Fixup: 0.0 ms]
   [Code Root Purge: 0.0 ms]
   [Clear CT: 0.2 ms]
   [Other: 0.8 ms]
      [Choose CSet: 0.0 ms]
      [Ref Proc: 0.2 ms]
      [Ref Enq: 0.0 ms]
      [Redirty Cards: 0.2 ms]
      [Humongous Register: 0.1 ms]
      [Humongous Reclaim: 0.0 ms]
      [Free CSet: 0.3 ms]
   [Eden: 612.0M(612.0M)->0.0B(612.0M) Survivors: 2048.0K->2048.0K Heap: 618.0M(1024.0M)->6099.6K(1024.0M)]
 [Times: user=0.00 sys=0.00, real=0.01 secs] 
2024-10-11T08:38:25.986+0300: 286.358: Total time for which application threads were stopped: 0.0019877 seconds, Stopping threads took: 0.0001128 seconds
2024-10-11T08:38:28.041+0300: 288.419: Application time: 2.0609764 seconds
2024-10-11T08:38:28.041+0300: 288.419: [GC pause (G1 Evacuation Pause) (young), 0.0014213 secs]
   [Parallel Time: 0.6 ms, GC Workers: 6]
      [GC Worker Start (ms): Min: 288419.5, Avg: 288419.6, Max: 288419.6, Diff: 0.0]
      [Ext Root Scanning (ms): Min: 0.2, Avg: 0.2, Max: 0.3, Diff: 0.0, Sum: 1.4]
      [Update RS (ms): Min: 0.0, Avg: 0.0, Max: 0.0, Diff: 0.0, Sum: 0.1]
         [Processed Buffers: Min: 0, Avg: 1.0, Max: 2, Diff: 2, Sum: 6]
      [Scan RS (ms): Min: 0.1, Avg: 0.1, Max: 0.1, Diff: 0.0, Sum: 0.5]
      [Code Root Scanning (ms): Min: 0.0, Avg: 0.0, Max: 0.0, Diff: 0.0, Sum: 0.0]
      [Object Copy (ms): Min: 0.1, Avg: 0.1, Max: 0.2, Diff: 0.1, Sum: 0.8]
      [Termination (ms): Min: 0.0, Avg: 0.0, Max: 0.0, Diff: 0.0, Sum: 0.0]
         [Termination Attempts: Min: 1, Avg: 1.2, Max: 2, Diff: 1, Sum: 7]
      [GC Worker Other (ms): Min: 0.0, Avg: 0.0, Max: 0.1, Diff: 0.0, Sum: 0.2]
      [GC Worker Total (ms): Min: 0.5, Avg: 0.5, Max: 0.5, Diff: 0.1, Sum: 3.1]
      [GC Worker End (ms): Min: 288420.1, Avg: 288420.1, Max: 288420.1, Diff: 0.0]
   [Code Root Fixup: 0.0 ms]
   [Code Root Purge: 0.0 ms]
   [Clear CT: 0.2 ms]
   [Other: 0.6 ms]
      [Choose CSet: 0.0 ms]
      [Ref Proc: 0.1 ms]
      [Ref Enq: 0.0 ms]
      [Redirty Cards: 0.1 ms]
      [Humongous Register: 0.0 ms]
      [Humongous Reclaim: 0.0 ms]
      [Free CSet: 0.3 ms]
   [Eden: 612.0M(612.0M)->0.0B(612.0M) Survivors: 2048.0K->2048.0K Heap: 618.0M(1024.0M)->6228.7K(1024.0M)]
 [Times: user=0.00 sys=0.00, real=0.00 secs] 
2024-10-11T08:38:28.041+0300: 288.421: Total time for which application threads were stopped: 0.0017505 seconds, Stopping threads took: 0.0001376 seconds
2024-10-11T08:38:30.080+0300: 290.455: Application time: 2.0343967 seconds
2024-10-11T08:38:30.080+0300: 290.456: [GC pause (G1 Evacuation Pause) (young), 0.0015193 secs]
   [Parallel Time: 0.6 ms, GC Workers: 6]
      [GC Worker Start (ms): Min: 290455.8, Avg: 290455.8, Max: 290455.9, Diff: 0.1]
      [Ext Root Scanning (ms): Min: 0.2, Avg: 0.3, Max: 0.3, Diff: 0.1, Sum: 1.5]
      [Update RS (ms): Min: 0.0, Avg: 0.0, Max: 0.0, Diff: 0.0, Sum: 0.1]
         [Processed Buffers: Min: 0, Avg: 1.0, Max: 2, Diff: 2, Sum: 6]
      [Scan RS (ms): Min: 0.1, Avg: 0.1, Max: 0.1, Diff: 0.0, Sum: 0.6]
      [Code Root Scanning (ms): Min: 0.0, Avg: 0.0, Max: 0.0, Diff: 0.0, Sum: 0.0]
      [Object Copy (ms): Min: 0.1, Avg: 0.1, Max: 0.2, Diff: 0.0, Sum: 0.9]
      [Termination (ms): Min: 0.0, Avg: 0.0, Max: 0.0, Diff: 0.0, Sum: 0.1]
         [Termination Attempts: Min: 1, Avg: 1.0, Max: 1, Diff: 0, Sum: 6]
      [GC Worker Other (ms): Min: 0.0, Avg: 0.0, Max: 0.0, Diff: 0.0, Sum: 0.1]
      [GC Worker Total (ms): Min: 0.5, Avg: 0.5, Max: 0.6, Diff: 0.1, Sum: 3.2]
      [GC Worker End (ms): Min: 290456.4, Avg: 290456.4, Max: 290456.4, Diff: 0.0]
   [Code Root Fixup: 0.0 ms]
   [Code Root Purge: 0.0 ms]
   [Clear CT: 0.2 ms]
   [Other: 0.7 ms]
      [Choose CSet: 0.0 ms]
      [Ref Proc: 0.1 ms]
      [Ref Enq: 0.0 ms]
      [Redirty Cards: 0.1 ms]
      [Humongous Register: 0.0 ms]
      [Humongous Reclaim: 0.0 ms]
      [Free CSet: 0.3 ms]
   [Eden: 612.0M(612.0M)->0.0B(612.0M) Survivors: 2048.0K->2048.0K Heap: 618.1M(1024.0M)->6271.4K(1024.0M)]
 [Times: user=0.00 sys=0.00, real=0.00 secs] 
2024-10-11T08:38:30.080+0300: 290.457: Total time for which application threads were stopped: 0.0019570 seconds, Stopping threads took: 0.0002274 seconds
2024-10-11T08:38:32.120+0300: 292.497: Application time: 2.0392530 seconds
2024-10-11T08:38:32.120+0300: 292.497: [GC pause (G1 Evacuation Pause) (young), 0.0016214 secs]
   [Parallel Time: 0.7 ms, GC Workers: 6]
      [GC Worker Start (ms): Min: 292497.0, Avg: 292497.2, Max: 292497.4, Diff: 0.4]
      [Ext Root Scanning (ms): Min: 0.0, Avg: 0.2, Max: 0.4, Diff: 0.4, Sum: 1.3]
      [Update RS (ms): Min: 0.0, Avg: 0.0, Max: 0.0, Diff: 0.0, Sum: 0.1]
         [Processed Buffers: Min: 0, Avg: 1.2, Max: 2, Diff: 2, Sum: 7]
      [Scan RS (ms): Min: 0.1, Avg: 0.1, Max: 0.1, Diff: 0.0, Sum: 0.6]
      [Code Root Scanning (ms): Min: 0.0, Avg: 0.0, Max: 0.0, Diff: 0.0, Sum: 0.0]
      [Object Copy (ms): Min: 0.1, Avg: 0.1, Max: 0.2, Diff: 0.1, Sum: 0.9]
      [Termination (ms): Min: 0.0, Avg: 0.0, Max: 0.0, Diff: 0.0, Sum: 0.1]
         [Termination Attempts: Min: 1, Avg: 1.0, Max: 1, Diff: 0, Sum: 6]
      [GC Worker Other (ms): Min: 0.0, Avg: 0.0, Max: 0.1, Diff: 0.0, Sum: 0.2]
      [GC Worker Total (ms): Min: 0.3, Avg: 0.5, Max: 0.7, Diff: 0.4, Sum: 3.2]
      [GC Worker End (ms): Min: 292497.7, Avg: 292497.7, Max: 292497.7, Diff: 0.1]
   [Code Root Fixup: 0.0 ms]
   [Code Root Purge: 0.0 ms]
   [Clear CT: 0.2 ms]
   [Other: 0.7 ms]
      [Choose CSet: 0.0 ms]
      [Ref Proc: 0.1 ms]
      [Ref Enq: 0.0 ms]
      [Redirty Cards: 0.1 ms]
      [Humongous Register: 0.1 ms]
      [Humongous Reclaim: 0.0 ms]
      [Free CSet: 0.3 ms]
   [Eden: 612.0M(612.0M)->0.0B(612.0M) Survivors: 2048.0K->2048.0K Heap: 618.1M(1024.0M)->6338.2K(1024.0M)]
 [Times: user=0.00 sys=0.00, real=0.01 secs] 
2024-10-11T08:38:32.126+0300: 292.499: Total time for which application threads were stopped: 0.0020017 seconds, Stopping threads took: 0.0001824 seconds
2024-10-11T08:38:34.160+0300: 294.537: Application time: 2.0384659 seconds
2024-10-11T08:38:34.160+0300: 294.537: [GC pause (G1 Evacuation Pause) (young), 0.0015885 secs]
   [Parallel Time: 0.6 ms, GC Workers: 6]
      [GC Worker Start (ms): Min: 294537.4, Avg: 294537.4, Max: 294537.4, Diff: 0.0]
      [Ext Root Scanning (ms): Min: 0.2, Avg: 0.2, Max: 0.3, Diff: 0.0, Sum: 1.4]
      [Update RS (ms): Min: 0.0, Avg: 0.0, Max: 0.0, Diff: 0.0, Sum: 0.1]
         [Processed Buffers: Min: 0, Avg: 1.2, Max: 4, Diff: 4, Sum: 7]
      [Scan RS (ms): Min: 0.1, Avg: 0.1, Max: 0.1, Diff: 0.0, Sum: 0.6]
      [Code Root Scanning (ms): Min: 0.0, Avg: 0.0, Max: 0.0, Diff: 0.0, Sum: 0.0]
      [Object Copy (ms): Min: 0.1, Avg: 0.1, Max: 0.1, Diff: 0.0, Sum: 0.7]
      [Termination (ms): Min: 0.0, Avg: 0.0, Max: 0.0, Diff: 0.0, Sum: 0.1]
         [Termination Attempts: Min: 1, Avg: 1.0, Max: 1, Diff: 0, Sum: 6]
      [GC Worker Other (ms): Min: 0.0, Avg: 0.0, Max: 0.0, Diff: 0.0, Sum: 0.1]
      [GC Worker Total (ms): Min: 0.5, Avg: 0.5, Max: 0.5, Diff: 0.1, Sum: 3.0]
      [GC Worker End (ms): Min: 294537.9, Avg: 294537.9, Max: 294537.9, Diff: 0.0]
   [Code Root Fixup: 0.0 ms]
   [Code Root Purge: 0.0 ms]
   [Clear CT: 0.3 ms]
   [Other: 0.6 ms]
      [Choose CSet: 0.0 ms]
      [Ref Proc: 0.1 ms]
      [Ref Enq: 0.0 ms]
      [Redirty Cards: 0.1 ms]
      [Humongous Register: 0.1 ms]
      [Humongous Reclaim: 0.0 ms]
      [Free CSet: 0.3 ms]
   [Eden: 612.0M(612.0M)->0.0B(612.0M) Survivors: 2048.0K->2048.0K Heap: 618.2M(1024.0M)->6149.9K(1024.0M)]
 [Times: user=0.00 sys=0.00, real=0.01 secs] 
2024-10-11T08:38:34.167+0300: 294.539: Total time for which application threads were stopped: 0.0019220 seconds, Stopping threads took: 0.0001262 seconds
2024-10-11T08:38:36.217+0300: 296.597: Application time: 2.0577725 seconds
2024-10-11T08:38:36.217+0300: 296.597: [GC pause (G1 Evacuation Pause) (young), 0.0016133 secs]
   [Parallel Time: 0.7 ms, GC Workers: 6]
      [GC Worker Start (ms): Min: 296597.2, Avg: 296597.3, Max: 296597.3, Diff: 0.1]
      [Ext Root Scanning (ms): Min: 0.2, Avg: 0.3, Max: 0.3, Diff: 0.1, Sum: 1.5]
      [Update RS (ms): Min: 0.0, Avg: 0.0, Max: 0.0, Diff: 0.0, Sum: 0.1]
         [Processed Buffers: Min: 0, Avg: 0.8, Max: 1, Diff: 1, Sum: 5]
      [Scan RS (ms): Min: 0.1, Avg: 0.1, Max: 0.1, Diff: 0.0, Sum: 0.6]
      [Code Root Scanning (ms): Min: 0.0, Avg: 0.0, Max: 0.0, Diff: 0.0, Sum: 0.0]
      [Object Copy (ms): Min: 0.1, Avg: 0.1, Max: 0.2, Diff: 0.0, Sum: 0.9]
      [Termination (ms): Min: 0.0, Avg: 0.0, Max: 0.0, Diff: 0.0, Sum: 0.1]
         [Termination Attempts: Min: 1, Avg: 1.2, Max: 2, Diff: 1, Sum: 7]
      [GC Worker Other (ms): Min: 0.0, Avg: 0.0, Max: 0.1, Diff: 0.0, Sum: 0.2]
      [GC Worker Total (ms): Min: 0.5, Avg: 0.6, Max: 0.6, Diff: 0.1, Sum: 3.3]
      [GC Worker End (ms): Min: 296597.8, Avg: 296597.8, Max: 296597.8, Diff: 0.0]
   [Code Root Fixup: 0.0 ms]
   [Code Root Purge: 0.0 ms]
   [Clear CT: 0.2 ms]
   [Other: 0.7 ms]
      [Choose CSet: 0.0 ms]
      [Ref Proc: 0.1 ms]
      [Ref Enq: 0.0 ms]
      [Redirty Cards: 0.1 ms]
      [Humongous Register: 0.0 ms]
      [Humongous Reclaim: 0.0 ms]
      [Free CSet: 0.3 ms]
   [Eden: 612.0M(612.0M)->0.0B(612.0M) Survivors: 2048.0K->2048.0K Heap: 618.0M(1024.0M)->6256.0K(1024.0M)]
 [Times: user=0.00 sys=0.00, real=0.00 secs] 
2024-10-11T08:38:36.217+0300: 296.599: Total time for which application threads were stopped: 0.0020355 seconds, Stopping threads took: 0.0002114 seconds
2024-10-11T08:38:38.271+0300: 298.655: Application time: 2.0563227 seconds
2024-10-11T08:38:38.271+0300: 298.655: [GC pause (G1 Evacuation Pause) (young), 0.0014748 secs]
   [Parallel Time: 0.7 ms, GC Workers: 6]
      [GC Worker Start (ms): Min: 298655.5, Avg: 298655.5, Max: 298655.6, Diff: 0.1]
      [Ext Root Scanning (ms): Min: 0.2, Avg: 0.3, Max: 0.3, Diff: 0.1, Sum: 1.5]
      [Update RS (ms): Min: 0.0, Avg: 0.0, Max: 0.0, Diff: 0.0, Sum: 0.1]
         [Processed Buffers: Min: 0, Avg: 0.8, Max: 2, Diff: 2, Sum: 5]
      [Scan RS (ms): Min: 0.1, Avg: 0.1, Max: 0.1, Diff: 0.0, Sum: 0.5]
      [Code Root Scanning (ms): Min: 0.0, Avg: 0.0, Max: 0.0, Diff: 0.0, Sum: 0.0]
      [Object Copy (ms): Min: 0.1, Avg: 0.2, Max: 0.2, Diff: 0.1, Sum: 1.0]
      [Termination (ms): Min: 0.0, Avg: 0.0, Max: 0.0, Diff: 0.0, Sum: 0.1]
         [Termination Attempts: Min: 1, Avg: 1.0, Max: 1, Diff: 0, Sum: 6]
      [GC Worker Other (ms): Min: 0.0, Avg: 0.0, Max: 0.1, Diff: 0.0, Sum: 0.2]
      [GC Worker Total (ms): Min: 0.5, Avg: 0.6, Max: 0.6, Diff: 0.1, Sum: 3.4]
      [GC Worker End (ms): Min: 298656.1, Avg: 298656.1, Max: 298656.1, Diff: 0.0]
   [Code Root Fixup: 0.0 ms]
   [Code Root Purge: 0.0 ms]
   [Clear CT: 0.2 ms]
   [Other: 0.6 ms]
      [Choose CSet: 0.0 ms]
      [Ref Proc: 0.1 ms]
      [Ref Enq: 0.0 ms]
      [Redirty Cards: 0.1 ms]
      [Humongous Register: 0.0 ms]
      [Humongous Reclaim: 0.0 ms]
      [Free CSet: 0.3 ms]
   [Eden: 612.0M(612.0M)->0.0B(612.0M) Survivors: 2048.0K->2048.0K Heap: 618.1M(1024.0M)->6116.9K(1024.0M)]
 [Times: user=0.00 sys=0.00, real=0.01 secs] 
2024-10-11T08:38:38.285+0300: 298.657: Total time for which application threads were stopped: 0.0018619 seconds, Stopping threads took: 0.0001817 seconds
2024-10-11T08:38:40.342+0300: 300.716: Application time: 2.0589884 seconds
2024-10-11T08:38:40.342+0300: 300.716: [GC pause (G1 Evacuation Pause) (young), 0.0015340 secs]
   [Parallel Time: 0.7 ms, GC Workers: 6]
      [GC Worker Start (ms): Min: 300716.3, Avg: 300716.4, Max: 300716.6, Diff: 0.3]
      [Ext Root Scanning (ms): Min: 0.0, Avg: 0.2, Max: 0.3, Diff: 0.3, Sum: 1.2]
      [Update RS (ms): Min: 0.0, Avg: 0.0, Max: 0.0, Diff: 0.0, Sum: 0.1]
         [Processed Buffers: Min: 0, Avg: 0.8, Max: 3, Diff: 3, Sum: 5]
      [Scan RS (ms): Min: 0.1, Avg: 0.1, Max: 0.1, Diff: 0.0, Sum: 0.6]
      [Code Root Scanning (ms): Min: 0.0, Avg: 0.0, Max: 0.0, Diff: 0.0, Sum: 0.0]
      [Object Copy (ms): Min: 0.1, Avg: 0.1, Max: 0.2, Diff: 0.1, Sum: 0.8]
      [Termination (ms): Min: 0.0, Avg: 0.0, Max: 0.0, Diff: 0.0, Sum: 0.1]
         [Termination Attempts: Min: 1, Avg: 1.0, Max: 1, Diff: 0, Sum: 6]
      [GC Worker Other (ms): Min: 0.0, Avg: 0.0, Max: 0.1, Diff: 0.1, Sum: 0.2]
      [GC Worker Total (ms): Min: 0.3, Avg: 0.5, Max: 0.6, Diff: 0.3, Sum: 3.0]
      [GC Worker End (ms): Min: 300716.9, Avg: 300716.9, Max: 300717.0, Diff: 0.1]
   [Code Root Fixup: 0.0 ms]
   [Code Root Purge: 0.0 ms]
   [Clear CT: 0.2 ms]
   [Other: 0.7 ms]
      [Choose CSet: 0.0 ms]
      [Ref Proc: 0.2 ms]
      [Ref Enq: 0.0 ms]
      [Redirty Cards: 0.1 ms]
      [Humongous Register: 0.0 ms]
      [Humongous Reclaim: 0.0 ms]
      [Free CSet: 0.3 ms]
   [Eden: 612.0M(612.0M)->0.0B(612.0M) Survivors: 2048.0K->2048.0K Heap: 618.0M(1024.0M)->6228.8K(1024.0M)]
 [Times: user=0.00 sys=0.00, real=0.00 secs] 
2024-10-11T08:38:40.346+0300: 300.718: Total time for which application threads were stopped: 0.0018957 seconds, Stopping threads took: 0.0001560 seconds
2024-10-11T08:38:42.382+0300: 302.756: Application time: 2.0378207 seconds
2024-10-11T08:38:42.382+0300: 302.756: [GC pause (G1 Evacuation Pause) (young), 0.0016121 secs]
   [Parallel Time: 0.7 ms, GC Workers: 6]
      [GC Worker Start (ms): Min: 302756.0, Avg: 302756.1, Max: 302756.2, Diff: 0.1]
      [Ext Root Scanning (ms): Min: 0.2, Avg: 0.3, Max: 0.5, Diff: 0.3, Sum: 1.9]
      [Update RS (ms): Min: 0.0, Avg: 0.0, Max: 0.0, Diff: 0.0, Sum: 0.1]
         [Processed Buffers: Min: 0, Avg: 0.8, Max: 2, Diff: 2, Sum: 5]
      [Scan RS (ms): Min: 0.0, Avg: 0.1, Max: 0.1, Diff: 0.1, Sum: 0.6]
      [Code Root Scanning (ms): Min: 0.0, Avg: 0.0, Max: 0.0, Diff: 0.0, Sum: 0.0]
      [Object Copy (ms): Min: 0.0, Avg: 0.1, Max: 0.2, Diff: 0.2, Sum: 0.7]
      [Termination (ms): Min: 0.0, Avg: 0.0, Max: 0.0, Diff: 0.0, Sum: 0.2]
         [Termination Attempts: Min: 1, Avg: 1.0, Max: 1, Diff: 0, Sum: 6]
      [GC Worker Other (ms): Min: 0.0, Avg: 0.0, Max: 0.0, Diff: 0.0, Sum: 0.1]
      [GC Worker Total (ms): Min: 0.5, Avg: 0.6, Max: 0.6, Diff: 0.1, Sum: 3.5]
      [GC Worker End (ms): Min: 302756.7, Avg: 302756.7, Max: 302756.7, Diff: 0.0]
   [Code Root Fixup: 0.0 ms]
   [Code Root Purge: 0.0 ms]
   [Clear CT: 0.2 ms]
   [Other: 0.8 ms]
      [Choose CSet: 0.0 ms]
      [Ref Proc: 0.2 ms]
      [Ref Enq: 0.0 ms]
      [Redirty Cards: 0.1 ms]
      [Humongous Register: 0.0 ms]
      [Humongous Reclaim: 0.0 ms]
      [Free CSet: 0.3 ms]
   [Eden: 612.0M(612.0M)->0.0B(612.0M) Survivors: 2048.0K->2048.0K Heap: 618.1M(1024.0M)->6272.4K(1024.0M)]
 [Times: user=0.00 sys=0.00, real=0.00 secs] 
2024-10-11T08:38:42.382+0300: 302.758: Total time for which application threads were stopped: 0.0019561 seconds, Stopping threads took: 0.0001464 seconds
2024-10-11T08:38:44.423+0300: 304.804: Application time: 2.0462380 seconds
2024-10-11T08:38:44.423+0300: 304.804: [GC pause (G1 Evacuation Pause) (young), 0.0014251 secs]
   [Parallel Time: 0.6 ms, GC Workers: 6]
      [GC Worker Start (ms): Min: 304804.2, Avg: 304804.3, Max: 304804.3, Diff: 0.1]
      [Ext Root Scanning (ms): Min: 0.2, Avg: 0.3, Max: 0.3, Diff: 0.1, Sum: 1.6]
      [Update RS (ms): Min: 0.0, Avg: 0.0, Max: 0.0, Diff: 0.0, Sum: 0.1]
         [Processed Buffers: Min: 0, Avg: 0.8, Max: 2, Diff: 2, Sum: 5]
      [Scan RS (ms): Min: 0.1, Avg: 0.1, Max: 0.1, Diff: 0.0, Sum: 0.6]
      [Code Root Scanning (ms): Min: 0.0, Avg: 0.0, Max: 0.0, Diff: 0.0, Sum: 0.0]
      [Object Copy (ms): Min: 0.1, Avg: 0.1, Max: 0.1, Diff: 0.0, Sum: 0.7]
      [Termination (ms): Min: 0.0, Avg: 0.0, Max: 0.0, Diff: 0.0, Sum: 0.1]
         [Termination Attempts: Min: 1, Avg: 1.0, Max: 1, Diff: 0, Sum: 6]
      [GC Worker Other (ms): Min: 0.0, Avg: 0.0, Max: 0.0, Diff: 0.0, Sum: 0.1]
      [GC Worker Total (ms): Min: 0.5, Avg: 0.5, Max: 0.6, Diff: 0.1, Sum: 3.2]
      [GC Worker End (ms): Min: 304804.8, Avg: 304804.8, Max: 304804.8, Diff: 0.0]
   [Code Root Fixup: 0.0 ms]
   [Code Root Purge: 0.0 ms]
   [Clear CT: 0.1 ms]
   [Other: 0.6 ms]
      [Choose CSet: 0.0 ms]
      [Ref Proc: 0.1 ms]
      [Ref Enq: 0.0 ms]
      [Redirty Cards: 0.1 ms]
      [Humongous Register: 0.0 ms]
      [Humongous Reclaim: 0.0 ms]
      [Free CSet: 0.3 ms]
   [Eden: 612.0M(612.0M)->0.0B(612.0M) Survivors: 2048.0K->2048.0K Heap: 618.1M(1024.0M)->6283.4K(1024.0M)]
 [Times: user=0.00 sys=0.00, real=0.00 secs] 
2024-10-11T08:38:44.423+0300: 304.806: Total time for which application threads were stopped: 0.0017706 seconds, Stopping threads took: 0.0001579 seconds
2024-10-11T08:38:46.462+0300: 306.846: Application time: 2.0404773 seconds
2024-10-11T08:38:46.462+0300: 306.846: [GC pause (G1 Evacuation Pause) (young), 0.0014773 secs]
   [Parallel Time: 0.6 ms, GC Workers: 6]
      [GC Worker Start (ms): Min: 306846.5, Avg: 306846.5, Max: 306846.7, Diff: 0.2]
      [Ext Root Scanning (ms): Min: 0.1, Avg: 0.2, Max: 0.3, Diff: 0.2, Sum: 1.4]
      [Update RS (ms): Min: 0.0, Avg: 0.0, Max: 0.0, Diff: 0.0, Sum: 0.1]
         [Processed Buffers: Min: 0, Avg: 0.8, Max: 2, Diff: 2, Sum: 5]
      [Scan RS (ms): Min: 0.1, Avg: 0.1, Max: 0.1, Diff: 0.0, Sum: 0.6]
      [Code Root Scanning (ms): Min: 0.0, Avg: 0.0, Max: 0.0, Diff: 0.0, Sum: 0.0]
      [Object Copy (ms): Min: 0.1, Avg: 0.1, Max: 0.2, Diff: 0.1, Sum: 0.7]
      [Termination (ms): Min: 0.0, Avg: 0.0, Max: 0.0, Diff: 0.0, Sum: 0.1]
         [Termination Attempts: Min: 1, Avg: 1.0, Max: 1, Diff: 0, Sum: 6]
      [GC Worker Other (ms): Min: 0.0, Avg: 0.0, Max: 0.0, Diff: 0.0, Sum: 0.1]
      [GC Worker Total (ms): Min: 0.3, Avg: 0.5, Max: 0.6, Diff: 0.2, Sum: 3.0]
      [GC Worker End (ms): Min: 306847.0, Avg: 306847.0, Max: 306847.0, Diff: 0.0]
   [Code Root Fixup: 0.0 ms]
   [Code Root Purge: 0.0 ms]
   [Clear CT: 0.2 ms]
   [Other: 0.7 ms]
      [Choose CSet: 0.0 ms]
      [Ref Proc: 0.2 ms]
      [Ref Enq: 0.0 ms]
      [Redirty Cards: 0.1 ms]
      [Humongous Register: 0.0 ms]
      [Humongous Reclaim: 0.0 ms]
      [Free CSet: 0.3 ms]
   [Eden: 612.0M(612.0M)->0.0B(612.0M) Survivors: 2048.0K->2048.0K Heap: 618.1M(1024.0M)->6195.2K(1024.0M)]
 [Times: user=0.00 sys=0.00, real=0.01 secs] 
2024-10-11T08:38:46.475+0300: 306.848: Total time for which application threads were stopped: 0.0018003 seconds, Stopping threads took: 0.0001351 seconds
2024-10-11T08:38:48.502+0300: 308.882: Application time: 2.0338182 seconds
2024-10-11T08:38:48.502+0300: 308.882: [GC pause (G1 Evacuation Pause) (young), 0.0016021 secs]
   [Parallel Time: 0.8 ms, GC Workers: 6]
      [GC Worker Start (ms): Min: 308882.1, Avg: 308882.2, Max: 308882.4, Diff: 0.4]
      [Ext Root Scanning (ms): Min: 0.0, Avg: 0.2, Max: 0.3, Diff: 0.3, Sum: 1.5]
      [Update RS (ms): Min: 0.0, Avg: 0.1, Max: 0.3, Diff: 0.3, Sum: 0.3]
         [Processed Buffers: Min: 0, Avg: 0.8, Max: 3, Diff: 3, Sum: 5]
      [Scan RS (ms): Min: 0.0, Avg: 0.1, Max: 0.1, Diff: 0.1, Sum: 0.6]
      [Code Root Scanning (ms): Min: 0.0, Avg: 0.0, Max: 0.0, Diff: 0.0, Sum: 0.0]
      [Object Copy (ms): Min: 0.0, Avg: 0.1, Max: 0.2, Diff: 0.1, Sum: 0.9]
      [Termination (ms): Min: 0.0, Avg: 0.0, Max: 0.1, Diff: 0.1, Sum: 0.2]
         [Termination Attempts: Min: 1, Avg: 1.7, Max: 2, Diff: 1, Sum: 10]
      [GC Worker Other (ms): Min: 0.0, Avg: 0.0, Max: 0.1, Diff: 0.0, Sum: 0.2]
      [GC Worker Total (ms): Min: 0.3, Avg: 0.6, Max: 0.7, Diff: 0.3, Sum: 3.6]
      [GC Worker End (ms): Min: 308882.7, Avg: 308882.8, Max: 308882.8, Diff: 0.0]
   [Code Root Fixup: 0.0 ms]
   [Code Root Purge: 0.0 ms]
   [Clear CT: 0.2 ms]
   [Other: 0.7 ms]
      [Choose CSet: 0.0 ms]
      [Ref Proc: 0.2 ms]
      [Ref Enq: 0.0 ms]
      [Redirty Cards: 0.1 ms]
      [Humongous Register: 0.0 ms]
      [Humongous Reclaim: 0.0 ms]
      [Free CSet: 0.3 ms]
   [Eden: 612.0M(612.0M)->0.0B(612.0M) Survivors: 2048.0K->2048.0K Heap: 618.0M(1024.0M)->6310.0K(1024.0M)]
 [Times: user=0.00 sys=0.00, real=0.00 secs] 
2024-10-11T08:38:48.502+0300: 308.884: Total time for which application threads were stopped: 0.0019376 seconds, Stopping threads took: 0.0001519 seconds
2024-10-11T08:38:50.558+0300: 310.933: Application time: 2.0488295 seconds
2024-10-11T08:38:50.558+0300: 310.933: [GC pause (G1 Evacuation Pause) (young), 0.0013022 secs]
   [Parallel Time: 0.6 ms, GC Workers: 6]
      [GC Worker Start (ms): Min: 310932.9, Avg: 310932.9, Max: 310933.1, Diff: 0.2]
      [Ext Root Scanning (ms): Min: 0.0, Avg: 0.2, Max: 0.3, Diff: 0.2, Sum: 1.3]
      [Update RS (ms): Min: 0.0, Avg: 0.0, Max: 0.0, Diff: 0.0, Sum: 0.1]
         [Processed Buffers: Min: 0, Avg: 1.0, Max: 2, Diff: 2, Sum: 6]
      [Scan RS (ms): Min: 0.1, Avg: 0.1, Max: 0.1, Diff: 0.0, Sum: 0.5]
      [Code Root Scanning (ms): Min: 0.0, Avg: 0.0, Max: 0.0, Diff: 0.0, Sum: 0.0]
      [Object Copy (ms): Min: 0.1, Avg: 0.1, Max: 0.2, Diff: 0.0, Sum: 0.8]
      [Termination (ms): Min: 0.0, Avg: 0.0, Max: 0.0, Diff: 0.0, Sum: 0.1]
         [Termination Attempts: Min: 1, Avg: 1.0, Max: 1, Diff: 0, Sum: 6]
      [GC Worker Other (ms): Min: 0.0, Avg: 0.0, Max: 0.0, Diff: 0.0, Sum: 0.2]
      [GC Worker Total (ms): Min: 0.3, Avg: 0.5, Max: 0.6, Diff: 0.2, Sum: 3.0]
      [GC Worker End (ms): Min: 310933.4, Avg: 310933.4, Max: 310933.4, Diff: 0.0]
   [Code Root Fixup: 0.0 ms]
   [Code Root Purge: 0.0 ms]
   [Clear CT: 0.2 ms]
   [Other: 0.5 ms]
      [Choose CSet: 0.0 ms]
      [Ref Proc: 0.1 ms]
      [Ref Enq: 0.0 ms]
      [Redirty Cards: 0.1 ms]
      [Humongous Register: 0.0 ms]
      [Humongous Reclaim: 0.0 ms]
      [Free CSet: 0.2 ms]
   [Eden: 612.0M(612.0M)->0.0B(612.0M) Survivors: 2048.0K->2048.0K Heap: 618.2M(1024.0M)->6080.2K(1024.0M)]
 [Times: user=0.00 sys=0.00, real=0.00 secs] 
2024-10-11T08:38:50.562+0300: 310.934: Total time for which application threads were stopped: 0.0016434 seconds, Stopping threads took: 0.0001570 seconds
2024-10-11T08:38:52.598+0300: 312.971: Application time: 2.0365585 seconds
2024-10-11T08:38:52.598+0300: 312.971: [GC pause (G1 Evacuation Pause) (young), 0.0015396 secs]
   [Parallel Time: 0.7 ms, GC Workers: 6]
      [GC Worker Start (ms): Min: 312971.1, Avg: 312971.1, Max: 312971.1, Diff: 0.1]
      [Ext Root Scanning (ms): Min: 0.2, Avg: 0.2, Max: 0.3, Diff: 0.1, Sum: 1.5]
      [Update RS (ms): Min: 0.0, Avg: 0.0, Max: 0.1, Diff: 0.1, Sum: 0.1]
         [Processed Buffers: Min: 0, Avg: 1.0, Max: 2, Diff: 2, Sum: 6]
      [Scan RS (ms): Min: 0.1, Avg: 0.1, Max: 0.1, Diff: 0.1, Sum: 0.7]
      [Code Root Scanning (ms): Min: 0.0, Avg: 0.0, Max: 0.0, Diff: 0.0, Sum: 0.0]
      [Object Copy (ms): Min: 0.1, Avg: 0.1, Max: 0.2, Diff: 0.1, Sum: 0.8]
      [Termination (ms): Min: 0.0, Avg: 0.0, Max: 0.0, Diff: 0.0, Sum: 0.1]
         [Termination Attempts: Min: 1, Avg: 1.0, Max: 1, Diff: 0, Sum: 6]
      [GC Worker Other (ms): Min: 0.0, Avg: 0.0, Max: 0.0, Diff: 0.0, Sum: 0.2]
      [GC Worker Total (ms): Min: 0.5, Avg: 0.6, Max: 0.6, Diff: 0.1, Sum: 3.3]
      [GC Worker End (ms): Min: 312971.6, Avg: 312971.6, Max: 312971.7, Diff: 0.0]
   [Code Root Fixup: 0.0 ms]
   [Code Root Purge: 0.0 ms]
   [Clear CT: 0.2 ms]
   [Other: 0.7 ms]
      [Choose CSet: 0.0 ms]
      [Ref Proc: 0.1 ms]
      [Ref Enq: 0.0 ms]
      [Redirty Cards: 0.1 ms]
      [Humongous Register: 0.0 ms]
      [Humongous Reclaim: 0.0 ms]
      [Free CSet: 0.3 ms]
   [Eden: 612.0M(612.0M)->0.0B(612.0M) Survivors: 2048.0K->2048.0K Heap: 617.9M(1024.0M)->6348.8K(1024.0M)]
 [Times: user=0.00 sys=0.00, real=0.00 secs] 
2024-10-11T08:38:52.598+0300: 312.973: Total time for which application threads were stopped: 0.0018864 seconds, Stopping threads took: 0.0001371 seconds
2024-10-11T08:38:54.637+0300: 315.009: Application time: 2.0366477 seconds
2024-10-11T08:38:54.637+0300: 315.010: [GC pause (G1 Evacuation Pause) (young), 0.0015835 secs]
   [Parallel Time: 0.6 ms, GC Workers: 6]
      [GC Worker Start (ms): Min: 315009.6, Avg: 315009.7, Max: 315009.7, Diff: 0.1]
      [Ext Root Scanning (ms): Min: 0.2, Avg: 0.3, Max: 0.3, Diff: 0.1, Sum: 1.5]
      [Update RS (ms): Min: 0.0, Avg: 0.0, Max: 0.0, Diff: 0.0, Sum: 0.1]
         [Processed Buffers: Min: 0, Avg: 0.8, Max: 2, Diff: 2, Sum: 5]
      [Scan RS (ms): Min: 0.1, Avg: 0.1, Max: 0.1, Diff: 0.0, Sum: 0.6]
      [Code Root Scanning (ms): Min: 0.0, Avg: 0.0, Max: 0.0, Diff: 0.0, Sum: 0.0]
      [Object Copy (ms): Min: 0.1, Avg: 0.1, Max: 0.1, Diff: 0.0, Sum: 0.8]
      [Termination (ms): Min: 0.0, Avg: 0.0, Max: 0.0, Diff: 0.0, Sum: 0.1]
         [Termination Attempts: Min: 1, Avg: 1.0, Max: 1, Diff: 0, Sum: 6]
      [GC Worker Other (ms): Min: 0.0, Avg: 0.0, Max: 0.0, Diff: 0.0, Sum: 0.2]
      [GC Worker Total (ms): Min: 0.5, Avg: 0.5, Max: 0.6, Diff: 0.1, Sum: 3.2]
      [GC Worker End (ms): Min: 315010.2, Avg: 315010.2, Max: 315010.2, Diff: 0.0]
   [Code Root Fixup: 0.0 ms]
   [Code Root Purge: 0.0 ms]
   [Clear CT: 0.2 ms]
   [Other: 0.7 ms]
      [Choose CSet: 0.0 ms]
      [Ref Proc: 0.2 ms]
      [Ref Enq: 0.0 ms]
      [Redirty Cards: 0.1 ms]
      [Humongous Register: 0.0 ms]
      [Humongous Reclaim: 0.0 ms]
      [Free CSet: 0.3 ms]
   [Eden: 612.0M(612.0M)->0.0B(612.0M) Survivors: 2048.0K->2048.0K Heap: 618.2M(1024.0M)->6385.8K(1024.0M)]
 [Times: user=0.00 sys=0.00, real=0.00 secs] 
2024-10-11T08:38:54.637+0300: 315.011: Total time for which application threads were stopped: 0.0019429 seconds, Stopping threads took: 0.0001476 seconds
2024-10-11T08:38:56.676+0300: 317.062: Application time: 2.0509348 seconds
2024-10-11T08:38:56.676+0300: 317.062: [GC pause (G1 Evacuation Pause) (young), 0.0014719 secs]
   [Parallel Time: 0.7 ms, GC Workers: 6]
      [GC Worker Start (ms): Min: 317062.5, Avg: 317062.5, Max: 317062.8, Diff: 0.3]
      [Ext Root Scanning (ms): Min: 0.0, Avg: 0.2, Max: 0.3, Diff: 0.3, Sum: 1.3]
      [Update RS (ms): Min: 0.0, Avg: 0.0, Max: 0.0, Diff: 0.0, Sum: 0.1]
         [Processed Buffers: Min: 0, Avg: 1.0, Max: 2, Diff: 2, Sum: 6]
      [Scan RS (ms): Min: 0.0, Avg: 0.1, Max: 0.1, Diff: 0.1, Sum: 0.6]
      [Code Root Scanning (ms): Min: 0.0, Avg: 0.0, Max: 0.0, Diff: 0.0, Sum: 0.0]
      [Object Copy (ms): Min: 0.1, Avg: 0.2, Max: 0.3, Diff: 0.2, Sum: 1.0]
      [Termination (ms): Min: 0.0, Avg: 0.0, Max: 0.1, Diff: 0.1, Sum: 0.1]
         [Termination Attempts: Min: 1, Avg: 2.0, Max: 3, Diff: 2, Sum: 12]
      [GC Worker Other (ms): Min: 0.0, Avg: 0.0, Max: 0.0, Diff: 0.0, Sum: 0.1]
      [GC Worker Total (ms): Min: 0.3, Avg: 0.5, Max: 0.6, Diff: 0.3, Sum: 3.2]
      [GC Worker End (ms): Min: 317063.1, Avg: 317063.1, Max: 317063.1, Diff: 0.0]
   [Code Root Fixup: 0.0 ms]
   [Code Root Purge: 0.0 ms]
   [Clear CT: 0.2 ms]
   [Other: 0.6 ms]
      [Choose CSet: 0.0 ms]
      [Ref Proc: 0.1 ms]
      [Ref Enq: 0.0 ms]
      [Redirty Cards: 0.1 ms]
      [Humongous Register: 0.0 ms]
      [Humongous Reclaim: 0.0 ms]
      [Free CSet: 0.3 ms]
   [Eden: 612.0M(612.0M)->0.0B(612.0M) Survivors: 2048.0K->2048.0K Heap: 618.2M(1024.0M)->6159.0K(1024.0M)]
 [Times: user=0.00 sys=0.00, real=0.00 secs] 
2024-10-11T08:38:56.692+0300: 317.064: Total time for which application threads were stopped: 0.0017868 seconds, Stopping threads took: 0.0001376 seconds
2024-10-11T08:38:58.740+0300: 319.112: Application time: 2.0478723 seconds
2024-10-11T08:38:58.740+0300: 319.112: [GC pause (G1 Evacuation Pause) (young), 0.0014069 secs]
   [Parallel Time: 0.6 ms, GC Workers: 6]
      [GC Worker Start (ms): Min: 319112.1, Avg: 319112.2, Max: 319112.4, Diff: 0.3]
      [Ext Root Scanning (ms): Min: 0.0, Avg: 0.2, Max: 0.3, Diff: 0.3, Sum: 1.4]
      [Update RS (ms): Min: 0.0, Avg: 0.0, Max: 0.0, Diff: 0.0, Sum: 0.1]
         [Processed Buffers: Min: 0, Avg: 1.0, Max: 3, Diff: 3, Sum: 6]
      [Scan RS (ms): Min: 0.1, Avg: 0.1, Max: 0.1, Diff: 0.0, Sum: 0.6]
      [Code Root Scanning (ms): Min: 0.0, Avg: 0.0, Max: 0.0, Diff: 0.0, Sum: 0.0]
      [Object Copy (ms): Min: 0.1, Avg: 0.2, Max: 0.2, Diff: 0.1, Sum: 0.9]
      [Termination (ms): Min: 0.0, Avg: 0.0, Max: 0.0, Diff: 0.0, Sum: 0.0]
         [Termination Attempts: Min: 1, Avg: 1.0, Max: 1, Diff: 0, Sum: 6]
      [GC Worker Other (ms): Min: 0.0, Avg: 0.0, Max: 0.0, Diff: 0.0, Sum: 0.1]
      [GC Worker Total (ms): Min: 0.3, Avg: 0.5, Max: 0.6, Diff: 0.3, Sum: 3.1]
      [GC Worker End (ms): Min: 319112.7, Avg: 319112.7, Max: 319112.7, Diff: 0.0]
   [Code Root Fixup: 0.0 ms]
   [Code Root Purge: 0.0 ms]
   [Clear CT: 0.2 ms]
   [Other: 0.6 ms]
      [Choose CSet: 0.0 ms]
      [Ref Proc: 0.1 ms]
      [Ref Enq: 0.0 ms]
      [Redirty Cards: 0.1 ms]
      [Humongous Register: 0.0 ms]
      [Humongous Reclaim: 0.0 ms]
      [Free CSet: 0.3 ms]
   [Eden: 612.0M(612.0M)->0.0B(612.0M) Survivors: 2048.0K->2048.0K Heap: 618.0M(1024.0M)->6258.5K(1024.0M)]
 [Times: user=0.00 sys=0.00, real=0.00 secs] 
2024-10-11T08:38:58.740+0300: 319.114: Total time for which application threads were stopped: 0.0017158 seconds, Stopping threads took: 0.0001296 seconds
2024-10-11T08:39:00.771+0300: 321.158: Application time: 2.0446317 seconds
2024-10-11T08:39:00.771+0300: 321.158: [GC pause (G1 Evacuation Pause) (young), 0.0015734 secs]
   [Parallel Time: 0.8 ms, GC Workers: 6]
      [GC Worker Start (ms): Min: 321158.6, Avg: 321158.6, Max: 321158.7, Diff: 0.1]
      [Ext Root Scanning (ms): Min: 0.3, Avg: 0.4, Max: 0.6, Diff: 0.4, Sum: 2.4]
      [Update RS (ms): Min: 0.0, Avg: 0.0, Max: 0.0, Diff: 0.0, Sum: 0.1]
         [Processed Buffers: Min: 0, Avg: 0.8, Max: 2, Diff: 2, Sum: 5]
      [Scan RS (ms): Min: 0.0, Avg: 0.1, Max: 0.1, Diff: 0.1, Sum: 0.5]
      [Code Root Scanning (ms): Min: 0.0, Avg: 0.0, Max: 0.0, Diff: 0.0, Sum: 0.0]
      [Object Copy (ms): Min: 0.0, Avg: 0.1, Max: 0.2, Diff: 0.2, Sum: 0.8]
      [Termination (ms): Min: 0.0, Avg: 0.0, Max: 0.1, Diff: 0.1, Sum: 0.2]
         [Termination Attempts: Min: 1, Avg: 1.7, Max: 2, Diff: 1, Sum: 10]
      [GC Worker Other (ms): Min: 0.0, Avg: 0.0, Max: 0.0, Diff: 0.0, Sum: 0.2]
      [GC Worker Total (ms): Min: 0.7, Avg: 0.7, Max: 0.7, Diff: 0.1, Sum: 4.2]
      [GC Worker End (ms): Min: 321159.3, Avg: 321159.3, Max: 321159.3, Diff: 0.0]
   [Code Root Fixup: 0.0 ms]
   [Code Root Purge: 0.0 ms]
   [Clear CT: 0.2 ms]
   [Other: 0.6 ms]
      [Choose CSet: 0.0 ms]
      [Ref Proc: 0.1 ms]
      [Ref Enq: 0.0 ms]
      [Redirty Cards: 0.1 ms]
      [Humongous Register: 0.1 ms]
      [Humongous Reclaim: 0.0 ms]
      [Free CSet: 0.2 ms]
   [Eden: 612.0M(612.0M)->0.0B(612.0M) Survivors: 2048.0K->2048.0K Heap: 618.1M(1024.0M)->6389.7K(1024.0M)]
 [Times: user=0.02 sys=0.00, real=0.02 secs] 
2024-10-11T08:39:00.787+0300: 321.160: Total time for which application threads were stopped: 0.0019601 seconds, Stopping threads took: 0.0001920 seconds
2024-10-11T08:39:02.874+0300: 323.251: Application time: 2.0907214 seconds
2024-10-11T08:39:02.874+0300: 323.251: [GC pause (G1 Evacuation Pause) (young), 0.0014646 secs]
   [Parallel Time: 0.6 ms, GC Workers: 6]
      [GC Worker Start (ms): Min: 323251.2, Avg: 323251.3, Max: 323251.3, Diff: 0.2]
      [Ext Root Scanning (ms): Min: 0.1, Avg: 0.2, Max: 0.3, Diff: 0.2, Sum: 1.3]
      [Update RS (ms): Min: 0.0, Avg: 0.0, Max: 0.0, Diff: 0.0, Sum: 0.1]
         [Processed Buffers: Min: 0, Avg: 0.8, Max: 2, Diff: 2, Sum: 5]
      [Scan RS (ms): Min: 0.1, Avg: 0.1, Max: 0.1, Diff: 0.1, Sum: 0.6]
      [Code Root Scanning (ms): Min: 0.0, Avg: 0.0, Max: 0.0, Diff: 0.0, Sum: 0.0]
      [Object Copy (ms): Min: 0.1, Avg: 0.1, Max: 0.2, Diff: 0.1, Sum: 0.8]
      [Termination (ms): Min: 0.0, Avg: 0.0, Max: 0.0, Diff: 0.0, Sum: 0.1]
         [Termination Attempts: Min: 1, Avg: 1.0, Max: 1, Diff: 0, Sum: 6]
      [GC Worker Other (ms): Min: 0.0, Avg: 0.0, Max: 0.1, Diff: 0.0, Sum: 0.2]
      [GC Worker Total (ms): Min: 0.4, Avg: 0.5, Max: 0.6, Diff: 0.2, Sum: 3.0]
      [GC Worker End (ms): Min: 323251.7, Avg: 323251.8, Max: 323251.8, Diff: 0.0]
   [Code Root Fixup: 0.0 ms]
   [Code Root Purge: 0.0 ms]
   [Clear CT: 0.2 ms]
   [Other: 0.6 ms]
      [Choose CSet: 0.0 ms]
      [Ref Proc: 0.2 ms]
      [Ref Enq: 0.0 ms]
      [Redirty Cards: 0.1 ms]
      [Humongous Register: 0.0 ms]
      [Humongous Reclaim: 0.0 ms]
      [Free CSet: 0.3 ms]
   [Eden: 612.0M(612.0M)->0.0B(612.0M) Survivors: 2048.0K->2048.0K Heap: 618.2M(1024.0M)->6096.7K(1024.0M)]
 [Times: user=0.00 sys=0.00, real=0.00 secs] 
2024-10-11T08:39:02.874+0300: 323.253: Total time for which application threads were stopped: 0.0018152 seconds, Stopping threads took: 0.0001457 seconds
2024-10-11T08:39:04.914+0300: 325.287: Application time: 2.0343023 seconds
2024-10-11T08:39:04.914+0300: 325.287: [GC pause (G1 Evacuation Pause) (young), 0.0014247 secs]
   [Parallel Time: 0.7 ms, GC Workers: 6]
      [GC Worker Start (ms): Min: 325287.3, Avg: 325287.4, Max: 325287.6, Diff: 0.3]
      [Ext Root Scanning (ms): Min: 0.0, Avg: 0.2, Max: 0.3, Diff: 0.3, Sum: 1.2]
      [Update RS (ms): Min: 0.0, Avg: 0.0, Max: 0.0, Diff: 0.0, Sum: 0.1]
         [Processed Buffers: Min: 0, Avg: 0.8, Max: 2, Diff: 2, Sum: 5]
      [Scan RS (ms): Min: 0.0, Avg: 0.1, Max: 0.1, Diff: 0.1, Sum: 0.5]
      [Code Root Scanning (ms): Min: 0.0, Avg: 0.0, Max: 0.0, Diff: 0.0, Sum: 0.0]
      [Object Copy (ms): Min: 0.1, Avg: 0.2, Max: 0.3, Diff: 0.2, Sum: 1.0]
      [Termination (ms): Min: 0.0, Avg: 0.0, Max: 0.1, Diff: 0.1, Sum: 0.2]
         [Termination Attempts: Min: 1, Avg: 1.7, Max: 2, Diff: 1, Sum: 10]
      [GC Worker Other (ms): Min: 0.0, Avg: 0.0, Max: 0.0, Diff: 0.0, Sum: 0.1]
      [GC Worker Total (ms): Min: 0.3, Avg: 0.5, Max: 0.6, Diff: 0.3, Sum: 3.1]
      [GC Worker End (ms): Min: 325287.9, Avg: 325287.9, Max: 325287.9, Diff: 0.0]
   [Code Root Fixup: 0.0 ms]
   [Code Root Purge: 0.0 ms]
   [Clear CT: 0.2 ms]
   [Other: 0.6 ms]
      [Choose CSet: 0.0 ms]
      [Ref Proc: 0.1 ms]
      [Ref Enq: 0.0 ms]
      [Redirty Cards: 0.1 ms]
      [Humongous Register: 0.0 ms]
      [Humongous Reclaim: 0.0 ms]
      [Free CSet: 0.3 ms]
   [Eden: 612.0M(612.0M)->0.0B(612.0M) Survivors: 2048.0K->2048.0K Heap: 618.0M(1024.0M)->6269.8K(1024.0M)]
 [Times: user=0.00 sys=0.00, real=0.00 secs] 
2024-10-11T08:39:04.914+0300: 325.289: Total time for which application threads were stopped: 0.0017527 seconds, Stopping threads took: 0.0001577 seconds
2024-10-11T08:39:06.956+0300: 327.333: Application time: 2.0443570 seconds
2024-10-11T08:39:06.956+0300: 327.333: [GC pause (G1 Evacuation Pause) (young), 0.0015477 secs]
   [Parallel Time: 0.7 ms, GC Workers: 6]
      [GC Worker Start (ms): Min: 327333.5, Avg: 327333.5, Max: 327333.5, Diff: 0.1]
      [Ext Root Scanning (ms): Min: 0.2, Avg: 0.2, Max: 0.3, Diff: 0.0, Sum: 1.5]
      [Update RS (ms): Min: 0.0, Avg: 0.0, Max: 0.0, Diff: 0.0, Sum: 0.1]
         [Processed Buffers: Min: 0, Avg: 0.8, Max: 2, Diff: 2, Sum: 5]
      [Scan RS (ms): Min: 0.0, Avg: 0.1, Max: 0.1, Diff: 0.1, Sum: 0.5]
      [Code Root Scanning (ms): Min: 0.0, Avg: 0.0, Max: 0.0, Diff: 0.0, Sum: 0.0]
      [Object Copy (ms): Min: 0.1, Avg: 0.2, Max: 0.3, Diff: 0.2, Sum: 1.0]
      [Termination (ms): Min: 0.0, Avg: 0.0, Max: 0.1, Diff: 0.1, Sum: 0.2]
         [Termination Attempts: Min: 1, Avg: 1.7, Max: 2, Diff: 1, Sum: 10]
      [GC Worker Other (ms): Min: 0.0, Avg: 0.0, Max: 0.0, Diff: 0.0, Sum: 0.1]
      [GC Worker Total (ms): Min: 0.5, Avg: 0.6, Max: 0.6, Diff: 0.1, Sum: 3.4]
      [GC Worker End (ms): Min: 327334.1, Avg: 327334.1, Max: 327334.1, Diff: 0.0]
   [Code Root Fixup: 0.0 ms]
   [Code Root Purge: 0.0 ms]
   [Clear CT: 0.2 ms]
   [Other: 0.6 ms]
      [Choose CSet: 0.0 ms]
      [Ref Proc: 0.1 ms]
      [Ref Enq: 0.0 ms]
      [Redirty Cards: 0.1 ms]
      [Humongous Register: 0.1 ms]
      [Humongous Reclaim: 0.0 ms]
      [Free CSet: 0.2 ms]
   [Eden: 612.0M(612.0M)->0.0B(612.0M) Survivors: 2048.0K->2048.0K Heap: 618.1M(1024.0M)->6305.9K(1024.0M)]
 [Times: user=0.00 sys=0.00, real=0.00 secs] 
2024-10-11T08:39:06.956+0300: 327.335: Total time for which application threads were stopped: 0.0019068 seconds, Stopping threads took: 0.0001479 seconds
2024-10-11T08:39:08.995+0300: 329.369: Application time: 2.0343197 seconds
2024-10-11T08:39:08.995+0300: 329.370: [GC pause (G1 Evacuation Pause) (young), 0.0014239 secs]
   [Parallel Time: 0.7 ms, GC Workers: 6]
      [GC Worker Start (ms): Min: 329369.6, Avg: 329369.7, Max: 329369.7, Diff: 0.1]
      [Ext Root Scanning (ms): Min: 0.2, Avg: 0.3, Max: 0.5, Diff: 0.3, Sum: 1.8]
      [Update RS (ms): Min: 0.0, Avg: 0.0, Max: 0.0, Diff: 0.0, Sum: 0.1]
         [Processed Buffers: Min: 0, Avg: 0.8, Max: 1, Diff: 1, Sum: 5]
      [Scan RS (ms): Min: 0.0, Avg: 0.1, Max: 0.1, Diff: 0.1, Sum: 0.5]
      [Code Root Scanning (ms): Min: 0.0, Avg: 0.0, Max: 0.0, Diff: 0.0, Sum: 0.0]
      [Object Copy (ms): Min: 0.0, Avg: 0.1, Max: 0.1, Diff: 0.1, Sum: 0.7]
      [Termination (ms): Min: 0.0, Avg: 0.0, Max: 0.1, Diff: 0.0, Sum: 0.2]
         [Termination Attempts: Min: 1, Avg: 1.7, Max: 2, Diff: 1, Sum: 10]
      [GC Worker Other (ms): Min: 0.0, Avg: 0.0, Max: 0.0, Diff: 0.0, Sum: 0.2]
      [GC Worker Total (ms): Min: 0.5, Avg: 0.6, Max: 0.6, Diff: 0.1, Sum: 3.4]
      [GC Worker End (ms): Min: 329370.2, Avg: 329370.2, Max: 329370.3, Diff: 0.0]
   [Code Root Fixup: 0.0 ms]
   [Code Root Purge: 0.0 ms]
   [Clear CT: 0.2 ms]
   [Other: 0.6 ms]
      [Choose CSet: 0.0 ms]
      [Ref Proc: 0.1 ms]
      [Ref Enq: 0.0 ms]
      [Redirty Cards: 0.1 ms]
      [Humongous Register: 0.0 ms]
      [Humongous Reclaim: 0.0 ms]
      [Free CSet: 0.2 ms]
   [Eden: 612.0M(612.0M)->0.0B(612.0M) Survivors: 2048.0K->2048.0K Heap: 618.2M(1024.0M)->6318.8K(1024.0M)]
 [Times: user=0.00 sys=0.00, real=0.00 secs] 
2024-10-11T08:39:08.995+0300: 329.371: Total time for which application threads were stopped: 0.0017608 seconds, Stopping threads took: 0.0001580 seconds
2024-10-11T08:39:11.066+0300: 331.451: Application time: 2.0802717 seconds
2024-10-11T08:39:11.066+0300: 331.452: [GC pause (G1 Evacuation Pause) (young), 0.0014719 secs]
   [Parallel Time: 0.6 ms, GC Workers: 6]
      [GC Worker Start (ms): Min: 331451.7, Avg: 331451.7, Max: 331451.8, Diff: 0.1]
      [Ext Root Scanning (ms): Min: 0.2, Avg: 0.2, Max: 0.3, Diff: 0.0, Sum: 1.5]
      [Update RS (ms): Min: 0.0, Avg: 0.0, Max: 0.0, Diff: 0.0, Sum: 0.1]
         [Processed Buffers: Min: 0, Avg: 0.8, Max: 2, Diff: 2, Sum: 5]
      [Scan RS (ms): Min: 0.1, Avg: 0.1, Max: 0.1, Diff: 0.0, Sum: 0.6]
      [Code Root Scanning (ms): Min: 0.0, Avg: 0.0, Max: 0.0, Diff: 0.0, Sum: 0.0]
      [Object Copy (ms): Min: 0.1, Avg: 0.1, Max: 0.2, Diff: 0.0, Sum: 0.8]
      [Termination (ms): Min: 0.0, Avg: 0.0, Max: 0.0, Diff: 0.0, Sum: 0.0]
         [Termination Attempts: Min: 1, Avg: 1.0, Max: 1, Diff: 0, Sum: 6]
      [GC Worker Other (ms): Min: 0.0, Avg: 0.0, Max: 0.0, Diff: 0.0, Sum: 0.1]
      [GC Worker Total (ms): Min: 0.5, Avg: 0.5, Max: 0.6, Diff: 0.1, Sum: 3.2]
      [GC Worker End (ms): Min: 331452.2, Avg: 331452.3, Max: 331452.3, Diff: 0.0]
   [Code Root Fixup: 0.0 ms]
   [Code Root Purge: 0.0 ms]
   [Clear CT: 0.2 ms]
   [Other: 0.6 ms]
      [Choose CSet: 0.0 ms]
      [Ref Proc: 0.2 ms]
      [Ref Enq: 0.0 ms]
      [Redirty Cards: 0.1 ms]
      [Humongous Register: 0.0 ms]
      [Humongous Reclaim: 0.0 ms]
      [Free CSet: 0.3 ms]
   [Eden: 612.0M(612.0M)->0.0B(612.0M) Survivors: 2048.0K->2048.0K Heap: 618.2M(1024.0M)->6420.6K(1024.0M)]
 [Times: user=0.00 sys=0.00, real=0.00 secs] 
2024-10-11T08:39:11.066+0300: 331.453: Total time for which application threads were stopped: 0.0017974 seconds, Stopping threads took: 0.0001490 seconds
2024-10-11T08:39:13.136+0300: 333.514: Application time: 2.0606319 seconds
2024-10-11T08:39:13.136+0300: 333.514: [GC pause (G1 Evacuation Pause) (young), 0.0014190 secs]
   [Parallel Time: 0.6 ms, GC Workers: 6]
      [GC Worker Start (ms): Min: 333514.2, Avg: 333514.2, Max: 333514.2, Diff: 0.0]
      [Ext Root Scanning (ms): Min: 0.2, Avg: 0.2, Max: 0.3, Diff: 0.0, Sum: 1.5]
      [Update RS (ms): Min: 0.0, Avg: 0.0, Max: 0.0, Diff: 0.0, Sum: 0.1]
         [Processed Buffers: Min: 0, Avg: 0.8, Max: 2, Diff: 2, Sum: 5]
      [Scan RS (ms): Min: 0.1, Avg: 0.1, Max: 0.1, Diff: 0.0, Sum: 0.6]
      [Code Root Scanning (ms): Min: 0.0, Avg: 0.0, Max: 0.0, Diff: 0.0, Sum: 0.0]
      [Object Copy (ms): Min: 0.1, Avg: 0.1, Max: 0.2, Diff: 0.1, Sum: 0.8]
      [Termination (ms): Min: 0.0, Avg: 0.0, Max: 0.0, Diff: 0.0, Sum: 0.1]
         [Termination Attempts: Min: 1, Avg: 1.0, Max: 1, Diff: 0, Sum: 6]
      [GC Worker Other (ms): Min: 0.0, Avg: 0.0, Max: 0.0, Diff: 0.0, Sum: 0.1]
      [GC Worker Total (ms): Min: 0.5, Avg: 0.5, Max: 0.5, Diff: 0.0, Sum: 3.0]
      [GC Worker End (ms): Min: 333514.7, Avg: 333514.7, Max: 333514.7, Diff: 0.0]
   [Code Root Fixup: 0.0 ms]
   [Code Root Purge: 0.0 ms]
   [Clear CT: 0.2 ms]
   [Other: 0.6 ms]
      [Choose CSet: 0.0 ms]
      [Ref Proc: 0.1 ms]
      [Ref Enq: 0.0 ms]
      [Redirty Cards: 0.1 ms]
      [Humongous Register: 0.0 ms]
      [Humongous Reclaim: 0.0 ms]
      [Free CSet: 0.3 ms]
   [Eden: 612.0M(612.0M)->0.0B(612.0M) Survivors: 2048.0K->2048.0K Heap: 618.3M(1024.0M)->6116.7K(1024.0M)]
 [Times: user=0.00 sys=0.00, real=0.00 secs] 
2024-10-11T08:39:13.136+0300: 333.516: Total time for which application threads were stopped: 0.0018280 seconds, Stopping threads took: 0.0001847 seconds
2024-10-11T08:39:15.192+0300: 335.576: Application time: 2.0602542 seconds
2024-10-11T08:39:15.192+0300: 335.576: [GC pause (G1 Evacuation Pause) (young), 0.0014239 secs]
   [Parallel Time: 0.6 ms, GC Workers: 6]
      [GC Worker Start (ms): Min: 335576.2, Avg: 335576.2, Max: 335576.3, Diff: 0.0]
      [Ext Root Scanning (ms): Min: 0.2, Avg: 0.2, Max: 0.3, Diff: 0.1, Sum: 1.4]
      [Update RS (ms): Min: 0.0, Avg: 0.0, Max: 0.0, Diff: 0.0, Sum: 0.1]
         [Processed Buffers: Min: 0, Avg: 0.8, Max: 2, Diff: 2, Sum: 5]
      [Scan RS (ms): Min: 0.1, Avg: 0.1, Max: 0.1, Diff: 0.0, Sum: 0.6]
      [Code Root Scanning (ms): Min: 0.0, Avg: 0.0, Max: 0.0, Diff: 0.0, Sum: 0.0]
      [Object Copy (ms): Min: 0.1, Avg: 0.1, Max: 0.2, Diff: 0.1, Sum: 0.9]
      [Termination (ms): Min: 0.0, Avg: 0.0, Max: 0.0, Diff: 0.0, Sum: 0.0]
         [Termination Attempts: Min: 1, Avg: 1.0, Max: 1, Diff: 0, Sum: 6]
      [GC Worker Other (ms): Min: 0.0, Avg: 0.0, Max: 0.0, Diff: 0.0, Sum: 0.1]
      [GC Worker Total (ms): Min: 0.5, Avg: 0.5, Max: 0.5, Diff: 0.0, Sum: 3.1]
      [GC Worker End (ms): Min: 335576.8, Avg: 335576.8, Max: 335576.8, Diff: 0.0]
   [Code Root Fixup: 0.0 ms]
   [Code Root Purge: 0.0 ms]
   [Clear CT: 0.2 ms]
   [Other: 0.6 ms]
      [Choose CSet: 0.0 ms]
      [Ref Proc: 0.2 ms]
      [Ref Enq: 0.0 ms]
      [Redirty Cards: 0.1 ms]
      [Humongous Register: 0.0 ms]
      [Humongous Reclaim: 0.0 ms]
      [Free CSet: 0.2 ms]
   [Eden: 612.0M(612.0M)->0.0B(612.0M) Survivors: 2048.0K->2048.0K Heap: 618.0M(1024.0M)->6238.5K(1024.0M)]
 [Times: user=0.00 sys=0.00, real=0.00 secs] 
2024-10-11T08:39:15.192+0300: 335.578: Total time for which application threads were stopped: 0.0017859 seconds, Stopping threads took: 0.0001825 seconds
2024-10-11T08:39:17.245+0300: 337.631: Application time: 2.0533801 seconds
2024-10-11T08:39:17.245+0300: 337.631: [GC pause (G1 Evacuation Pause) (young), 0.0017889 secs]
   [Parallel Time: 0.6 ms, GC Workers: 6]
      [GC Worker Start (ms): Min: 337631.4, Avg: 337631.4, Max: 337631.4, Diff: 0.0]
      [Ext Root Scanning (ms): Min: 0.2, Avg: 0.2, Max: 0.3, Diff: 0.0, Sum: 1.5]
      [Update RS (ms): Min: 0.0, Avg: 0.0, Max: 0.0, Diff: 0.0, Sum: 0.1]
         [Processed Buffers: Min: 0, Avg: 0.7, Max: 2, Diff: 2, Sum: 4]
      [Scan RS (ms): Min: 0.1, Avg: 0.1, Max: 0.1, Diff: 0.1, Sum: 0.6]
      [Code Root Scanning (ms): Min: 0.0, Avg: 0.0, Max: 0.0, Diff: 0.0, Sum: 0.0]
      [Object Copy (ms): Min: 0.1, Avg: 0.1, Max: 0.2, Diff: 0.1, Sum: 0.8]
      [Termination (ms): Min: 0.0, Avg: 0.0, Max: 0.0, Diff: 0.0, Sum: 0.1]
         [Termination Attempts: Min: 1, Avg: 1.0, Max: 1, Diff: 0, Sum: 6]
      [GC Worker Other (ms): Min: 0.0, Avg: 0.0, Max: 0.0, Diff: 0.0, Sum: 0.1]
      [GC Worker Total (ms): Min: 0.5, Avg: 0.5, Max: 0.5, Diff: 0.0, Sum: 3.2]
      [GC Worker End (ms): Min: 337631.9, Avg: 337631.9, Max: 337632.0, Diff: 0.0]
   [Code Root Fixup: 0.0 ms]
   [Code Root Purge: 0.0 ms]
   [Clear CT: 0.2 ms]
   [Other: 1.0 ms]
      [Choose CSet: 0.0 ms]
      [Ref Proc: 0.2 ms]
      [Ref Enq: 0.0 ms]
      [Redirty Cards: 0.1 ms]
      [Humongous Register: 0.0 ms]
      [Humongous Reclaim: 0.0 ms]
      [Free CSet: 0.5 ms]
   [Eden: 612.0M(612.0M)->0.0B(612.0M) Survivors: 2048.0K->2048.0K Heap: 618.1M(1024.0M)->6321.2K(1024.0M)]
 [Times: user=0.00 sys=0.00, real=0.02 secs] 
2024-10-11T08:39:17.261+0300: 337.633: Total time for which application threads were stopped: 0.0021300 seconds, Stopping threads took: 0.0001180 seconds
2024-10-11T08:39:19.286+0300: 339.670: Application time: 2.0363213 seconds
2024-10-11T08:39:19.286+0300: 339.670: [GC pause (G1 Evacuation Pause) (young), 0.0014332 secs]
   [Parallel Time: 0.7 ms, GC Workers: 6]
      [GC Worker Start (ms): Min: 339669.9, Avg: 339669.9, Max: 339670.2, Diff: 0.3]
      [Ext Root Scanning (ms): Min: 0.0, Avg: 0.2, Max: 0.3, Diff: 0.3, Sum: 1.3]
      [Update RS (ms): Min: 0.0, Avg: 0.0, Max: 0.0, Diff: 0.0, Sum: 0.1]
         [Processed Buffers: Min: 0, Avg: 0.8, Max: 2, Diff: 2, Sum: 5]
      [Scan RS (ms): Min: 0.0, Avg: 0.1, Max: 0.1, Diff: 0.1, Sum: 0.5]
      [Code Root Scanning (ms): Min: 0.0, Avg: 0.0, Max: 0.0, Diff: 0.0, Sum: 0.0]
      [Object Copy (ms): Min: 0.1, Avg: 0.2, Max: 0.2, Diff: 0.1, Sum: 0.9]
      [Termination (ms): Min: 0.0, Avg: 0.0, Max: 0.0, Diff: 0.0, Sum: 0.1]
         [Termination Attempts: Min: 1, Avg: 1.0, Max: 1, Diff: 0, Sum: 6]
      [GC Worker Other (ms): Min: 0.0, Avg: 0.0, Max: 0.0, Diff: 0.0, Sum: 0.2]
      [GC Worker Total (ms): Min: 0.3, Avg: 0.5, Max: 0.6, Diff: 0.3, Sum: 3.1]
      [GC Worker End (ms): Min: 339670.4, Avg: 339670.5, Max: 339670.5, Diff: 0.0]
   [Code Root Fixup: 0.0 ms]
   [Code Root Purge: 0.0 ms]
   [Clear CT: 0.2 ms]
   [Other: 0.6 ms]
      [Choose CSet: 0.0 ms]
      [Ref Proc: 0.1 ms]
      [Ref Enq: 0.0 ms]
      [Redirty Cards: 0.1 ms]
      [Humongous Register: 0.0 ms]
      [Humongous Reclaim: 0.0 ms]
      [Free CSet: 0.3 ms]
   [Eden: 612.0M(612.0M)->0.0B(612.0M) Survivors: 2048.0K->2048.0K Heap: 618.2M(1024.0M)->6236.3K(1024.0M)]
 [Times: user=0.00 sys=0.00, real=0.00 secs] 
2024-10-11T08:39:19.286+0300: 339.671: Total time for which application threads were stopped: 0.0017837 seconds, Stopping threads took: 0.0001566 seconds
2024-10-11T08:39:21.326+0300: 341.712: Application time: 2.0403135 seconds
2024-10-11T08:39:21.326+0300: 341.712: [GC pause (G1 Evacuation Pause) (young), 0.0015939 secs]
   [Parallel Time: 0.6 ms, GC Workers: 6]
      [GC Worker Start (ms): Min: 341712.0, Avg: 341712.0, Max: 341712.1, Diff: 0.1]
      [Ext Root Scanning (ms): Min: 0.2, Avg: 0.3, Max: 0.3, Diff: 0.1, Sum: 1.5]
      [Update RS (ms): Min: 0.0, Avg: 0.0, Max: 0.0, Diff: 0.0, Sum: 0.1]
         [Processed Buffers: Min: 0, Avg: 1.0, Max: 3, Diff: 3, Sum: 6]
      [Scan RS (ms): Min: 0.1, Avg: 0.1, Max: 0.1, Diff: 0.0, Sum: 0.6]
      [Code Root Scanning (ms): Min: 0.0, Avg: 0.0, Max: 0.0, Diff: 0.0, Sum: 0.0]
      [Object Copy (ms): Min: 0.1, Avg: 0.1, Max: 0.2, Diff: 0.0, Sum: 0.8]
      [Termination (ms): Min: 0.0, Avg: 0.0, Max: 0.0, Diff: 0.0, Sum: 0.0]
         [Termination Attempts: Min: 1, Avg: 1.0, Max: 1, Diff: 0, Sum: 6]
      [GC Worker Other (ms): Min: 0.0, Avg: 0.0, Max: 0.0, Diff: 0.0, Sum: 0.1]
      [GC Worker Total (ms): Min: 0.5, Avg: 0.5, Max: 0.6, Diff: 0.1, Sum: 3.3]
      [GC Worker End (ms): Min: 341712.6, Avg: 341712.6, Max: 341712.6, Diff: 0.0]
   [Code Root Fixup: 0.0 ms]
   [Code Root Purge: 0.0 ms]
   [Clear CT: 0.2 ms]
   [Other: 0.8 ms]
      [Choose CSet: 0.0 ms]
      [Ref Proc: 0.2 ms]
      [Ref Enq: 0.0 ms]
      [Redirty Cards: 0.1 ms]
      [Humongous Register: 0.1 ms]
      [Humongous Reclaim: 0.0 ms]
      [Free CSet: 0.3 ms]
   [Eden: 612.0M(612.0M)->0.0B(612.0M) Survivors: 2048.0K->2048.0K Heap: 618.1M(1024.0M)->6352.8K(1024.0M)]
 [Times: user=0.00 sys=0.00, real=0.02 secs] 
2024-10-11T08:39:21.341+0300: 341.714: Total time for which application threads were stopped: 0.0019870 seconds, Stopping threads took: 0.0001452 seconds
2024-10-11T08:39:23.385+0300: 343.764: Application time: 2.0499213 seconds
2024-10-11T08:39:23.385+0300: 343.764: [GC pause (G1 Evacuation Pause) (young), 0.0014240 secs]
   [Parallel Time: 0.7 ms, GC Workers: 6]
      [GC Worker Start (ms): Min: 343763.9, Avg: 343763.9, Max: 343764.0, Diff: 0.1]
      [Ext Root Scanning (ms): Min: 0.2, Avg: 0.2, Max: 0.3, Diff: 0.1, Sum: 1.4]
      [Update RS (ms): Min: 0.0, Avg: 0.0, Max: 0.0, Diff: 0.0, Sum: 0.1]
         [Processed Buffers: Min: 0, Avg: 0.8, Max: 2, Diff: 2, Sum: 5]
      [Scan RS (ms): Min: 0.1, Avg: 0.1, Max: 0.1, Diff: 0.0, Sum: 0.6]
      [Code Root Scanning (ms): Min: 0.0, Avg: 0.0, Max: 0.0, Diff: 0.0, Sum: 0.0]
      [Object Copy (ms): Min: 0.1, Avg: 0.2, Max: 0.2, Diff: 0.1, Sum: 0.9]
      [Termination (ms): Min: 0.0, Avg: 0.0, Max: 0.0, Diff: 0.0, Sum: 0.1]
         [Termination Attempts: Min: 1, Avg: 1.3, Max: 2, Diff: 1, Sum: 8]
      [GC Worker Other (ms): Min: 0.0, Avg: 0.0, Max: 0.0, Diff: 0.0, Sum: 0.1]
      [GC Worker Total (ms): Min: 0.4, Avg: 0.5, Max: 0.6, Diff: 0.1, Sum: 3.2]
      [GC Worker End (ms): Min: 343764.5, Avg: 343764.5, Max: 343764.5, Diff: 0.0]
   [Code Root Fixup: 0.0 ms]
   [Code Root Purge: 0.0 ms]
   [Clear CT: 0.2 ms]
   [Other: 0.6 ms]
      [Choose CSet: 0.0 ms]
      [Ref Proc: 0.1 ms]
      [Ref Enq: 0.0 ms]
      [Redirty Cards: 0.1 ms]
      [Humongous Register: 0.0 ms]
      [Humongous Reclaim: 0.0 ms]
      [Free CSet: 0.3 ms]
   [Eden: 612.0M(612.0M)->0.0B(612.0M) Survivors: 2048.0K->2048.0K Heap: 618.2M(1024.0M)->6122.4K(1024.0M)]
 [Times: user=0.00 sys=0.00, real=0.00 secs] 
2024-10-11T08:39:23.385+0300: 343.765: Total time for which application threads were stopped: 0.0017905 seconds, Stopping threads took: 0.0001675 seconds
2024-10-11T08:39:25.438+0300: 345.816: Application time: 2.0503786 seconds
2024-10-11T08:39:25.438+0300: 345.816: [GC pause (G1 Evacuation Pause) (young), 0.0014545 secs]
   [Parallel Time: 0.6 ms, GC Workers: 6]
      [GC Worker Start (ms): Min: 345816.0, Avg: 345816.1, Max: 345816.3, Diff: 0.3]
      [Ext Root Scanning (ms): Min: 0.0, Avg: 0.2, Max: 0.3, Diff: 0.3, Sum: 1.3]
      [Update RS (ms): Min: 0.0, Avg: 0.1, Max: 0.3, Diff: 0.3, Sum: 0.4]
         [Processed Buffers: Min: 0, Avg: 0.8, Max: 2, Diff: 2, Sum: 5]
      [Scan RS (ms): Min: 0.0, Avg: 0.1, Max: 0.1, Diff: 0.1, Sum: 0.5]
      [Code Root Scanning (ms): Min: 0.0, Avg: 0.0, Max: 0.0, Diff: 0.0, Sum: 0.0]
      [Object Copy (ms): Min: 0.0, Avg: 0.1, Max: 0.2, Diff: 0.2, Sum: 0.8]
      [Termination (ms): Min: 0.0, Avg: 0.0, Max: 0.0, Diff: 0.0, Sum: 0.2]
         [Termination Attempts: Min: 1, Avg: 1.0, Max: 1, Diff: 0, Sum: 6]
      [GC Worker Other (ms): Min: 0.0, Avg: 0.0, Max: 0.0, Diff: 0.0, Sum: 0.1]
      [GC Worker Total (ms): Min: 0.3, Avg: 0.5, Max: 0.6, Diff: 0.3, Sum: 3.3]
      [GC Worker End (ms): Min: 345816.6, Avg: 345816.6, Max: 345816.7, Diff: 0.0]
   [Code Root Fixup: 0.0 ms]
   [Code Root Purge: 0.0 ms]
   [Clear CT: 0.2 ms]
   [Other: 0.6 ms]
      [Choose CSet: 0.0 ms]
      [Ref Proc: 0.2 ms]
      [Ref Enq: 0.0 ms]
      [Redirty Cards: 0.1 ms]
      [Humongous Register: 0.0 ms]
      [Humongous Reclaim: 0.0 ms]
      [Free CSet: 0.3 ms]
   [Eden: 612.0M(612.0M)->0.0B(612.0M) Survivors: 2048.0K->2048.0K Heap: 618.0M(1024.0M)->6171.9K(1024.0M)]
 [Times: user=0.00 sys=0.00, real=0.00 secs] 
2024-10-11T08:39:25.438+0300: 345.818: Total time for which application threads were stopped: 0.0018000 seconds, Stopping threads took: 0.0001596 seconds
2024-10-11T08:39:27.477+0300: 347.860: Application time: 2.0422262 seconds
2024-10-11T08:39:27.477+0300: 347.860: [GC pause (G1 Evacuation Pause) (young), 0.0013760 secs]
   [Parallel Time: 0.6 ms, GC Workers: 6]
      [GC Worker Start (ms): Min: 347860.1, Avg: 347860.2, Max: 347860.2, Diff: 0.1]
      [Ext Root Scanning (ms): Min: 0.2, Avg: 0.3, Max: 0.3, Diff: 0.1, Sum: 1.5]
      [Update RS (ms): Min: 0.0, Avg: 0.0, Max: 0.0, Diff: 0.0, Sum: 0.1]
         [Processed Buffers: Min: 0, Avg: 0.8, Max: 2, Diff: 2, Sum: 5]
      [Scan RS (ms): Min: 0.1, Avg: 0.1, Max: 0.1, Diff: 0.0, Sum: 0.6]
      [Code Root Scanning (ms): Min: 0.0, Avg: 0.0, Max: 0.0, Diff: 0.0, Sum: 0.0]
      [Object Copy (ms): Min: 0.1, Avg: 0.1, Max: 0.2, Diff: 0.0, Sum: 0.9]
      [Termination (ms): Min: 0.0, Avg: 0.0, Max: 0.0, Diff: 0.0, Sum: 0.0]
         [Termination Attempts: Min: 1, Avg: 1.0, Max: 1, Diff: 0, Sum: 6]
      [GC Worker Other (ms): Min: 0.0, Avg: 0.0, Max: 0.0, Diff: 0.0, Sum: 0.1]
      [GC Worker Total (ms): Min: 0.5, Avg: 0.5, Max: 0.6, Diff: 0.1, Sum: 3.2]
      [GC Worker End (ms): Min: 347860.7, Avg: 347860.7, Max: 347860.7, Diff: 0.0]
   [Code Root Fixup: 0.0 ms]
   [Code Root Purge: 0.0 ms]
   [Clear CT: 0.2 ms]
   [Other: 0.6 ms]
      [Choose CSet: 0.0 ms]
      [Ref Proc: 0.1 ms]
      [Ref Enq: 0.0 ms]
      [Redirty Cards: 0.1 ms]
      [Humongous Register: 0.0 ms]
      [Humongous Reclaim: 0.0 ms]
      [Free CSet: 0.3 ms]
   [Eden: 612.0M(612.0M)->0.0B(612.0M) Survivors: 2048.0K->2048.0K Heap: 618.0M(1024.0M)->6332.2K(1024.0M)]
 [Times: user=0.00 sys=0.00, real=0.00 secs] 
2024-10-11T08:39:27.477+0300: 347.862: Total time for which application threads were stopped: 0.0017964 seconds, Stopping threads took: 0.0002004 seconds
2024-10-11T08:39:29.533+0300: 349.912: Application time: 2.0499842 seconds
2024-10-11T08:39:29.533+0300: 349.912: [GC pause (G1 Evacuation Pause) (young), 0.0014915 secs]
   [Parallel Time: 0.7 ms, GC Workers: 6]
      [GC Worker Start (ms): Min: 349911.8, Avg: 349911.9, Max: 349912.2, Diff: 0.3]
      [Ext Root Scanning (ms): Min: 0.0, Avg: 0.2, Max: 0.3, Diff: 0.3, Sum: 1.4]
      [Update RS (ms): Min: 0.0, Avg: 0.0, Max: 0.0, Diff: 0.0, Sum: 0.1]
         [Processed Buffers: Min: 0, Avg: 0.8, Max: 1, Diff: 1, Sum: 5]
      [Scan RS (ms): Min: 0.0, Avg: 0.1, Max: 0.1, Diff: 0.1, Sum: 0.5]
      [Code Root Scanning (ms): Min: 0.0, Avg: 0.0, Max: 0.0, Diff: 0.0, Sum: 0.0]
      [Object Copy (ms): Min: 0.2, Avg: 0.2, Max: 0.3, Diff: 0.1, Sum: 1.1]
      [Termination (ms): Min: 0.0, Avg: 0.0, Max: 0.0, Diff: 0.0, Sum: 0.1]
         [Termination Attempts: Min: 1, Avg: 1.0, Max: 1, Diff: 0, Sum: 6]
      [GC Worker Other (ms): Min: 0.0, Avg: 0.0, Max: 0.0, Diff: 0.0, Sum: 0.1]
      [GC Worker Total (ms): Min: 0.3, Avg: 0.6, Max: 0.6, Diff: 0.3, Sum: 3.3]
      [GC Worker End (ms): Min: 349912.4, Avg: 349912.5, Max: 349912.5, Diff: 0.0]
   [Code Root Fixup: 0.0 ms]
   [Code Root Purge: 0.0 ms]
   [Clear CT: 0.2 ms]
   [Other: 0.6 ms]
      [Choose CSet: 0.0 ms]
      [Ref Proc: 0.1 ms]
      [Ref Enq: 0.0 ms]
      [Redirty Cards: 0.1 ms]
      [Humongous Register: 0.0 ms]
      [Humongous Reclaim: 0.0 ms]
      [Free CSet: 0.3 ms]
   [Eden: 612.0M(612.0M)->0.0B(612.0M) Survivors: 2048.0K->2048.0K Heap: 618.2M(1024.0M)->6344.6K(1024.0M)]
 [Times: user=0.00 sys=0.00, real=0.00 secs] 
2024-10-11T08:39:29.533+0300: 349.913: Total time for which application threads were stopped: 0.0018151 seconds, Stopping threads took: 0.0001402 seconds
2024-10-11T08:39:31.572+0300: 351.956: Application time: 2.0422723 seconds
2024-10-11T08:39:31.572+0300: 351.956: [GC pause (G1 Evacuation Pause) (young), 0.0014390 secs]
   [Parallel Time: 0.7 ms, GC Workers: 6]
      [GC Worker Start (ms): Min: 351956.0, Avg: 351956.0, Max: 351956.3, Diff: 0.3]
      [Ext Root Scanning (ms): Min: 0.0, Avg: 0.2, Max: 0.3, Diff: 0.3, Sum: 1.3]
      [Update RS (ms): Min: 0.0, Avg: 0.0, Max: 0.0, Diff: 0.0, Sum: 0.1]
         [Processed Buffers: Min: 0, Avg: 0.8, Max: 2, Diff: 2, Sum: 5]
      [Scan RS (ms): Min: 0.1, Avg: 0.1, Max: 0.1, Diff: 0.0, Sum: 0.6]
      [Code Root Scanning (ms): Min: 0.0, Avg: 0.0, Max: 0.0, Diff: 0.0, Sum: 0.0]
      [Object Copy (ms): Min: 0.1, Avg: 0.1, Max: 0.2, Diff: 0.1, Sum: 0.9]
      [Termination (ms): Min: 0.0, Avg: 0.0, Max: 0.0, Diff: 0.0, Sum: 0.1]
         [Termination Attempts: Min: 1, Avg: 1.0, Max: 1, Diff: 0, Sum: 6]
      [GC Worker Other (ms): Min: 0.0, Avg: 0.0, Max: 0.0, Diff: 0.0, Sum: 0.1]
      [GC Worker Total (ms): Min: 0.3, Avg: 0.5, Max: 0.6, Diff: 0.3, Sum: 3.1]
      [GC Worker End (ms): Min: 351956.5, Avg: 351956.5, Max: 351956.6, Diff: 0.0]
   [Code Root Fixup: 0.0 ms]
   [Code Root Purge: 0.0 ms]
   [Clear CT: 0.2 ms]
   [Other: 0.6 ms]
      [Choose CSet: 0.0 ms]
      [Ref Proc: 0.1 ms]
      [Ref Enq: 0.0 ms]
      [Redirty Cards: 0.1 ms]
      [Humongous Register: 0.0 ms]
      [Humongous Reclaim: 0.0 ms]
      [Free CSet: 0.3 ms]
   [Eden: 612.0M(612.0M)->0.0B(612.0M) Survivors: 2048.0K->2048.0K Heap: 618.2M(1024.0M)->6252.8K(1024.0M)]
 [Times: user=0.00 sys=0.00, real=0.00 secs] 
2024-10-11T08:39:31.572+0300: 351.957: Total time for which application threads were stopped: 0.0018135 seconds, Stopping threads took: 0.0001823 seconds
2024-10-11T08:39:33.613+0300: 353.992: Application time: 2.0343758 seconds
2024-10-11T08:39:33.613+0300: 353.992: [GC pause (G1 Evacuation Pause) (young), 0.0013464 secs]
   [Parallel Time: 0.6 ms, GC Workers: 6]
      [GC Worker Start (ms): Min: 353992.1, Avg: 353992.1, Max: 353992.2, Diff: 0.1]
      [Ext Root Scanning (ms): Min: 0.2, Avg: 0.2, Max: 0.3, Diff: 0.1, Sum: 1.4]
      [Update RS (ms): Min: 0.0, Avg: 0.0, Max: 0.0, Diff: 0.0, Sum: 0.1]
         [Processed Buffers: Min: 0, Avg: 0.8, Max: 1, Diff: 1, Sum: 5]
      [Scan RS (ms): Min: 0.1, Avg: 0.1, Max: 0.1, Diff: 0.0, Sum: 0.6]
      [Code Root Scanning (ms): Min: 0.0, Avg: 0.0, Max: 0.0, Diff: 0.0, Sum: 0.0]
      [Object Copy (ms): Min: 0.1, Avg: 0.1, Max: 0.2, Diff: 0.1, Sum: 0.8]
      [Termination (ms): Min: 0.0, Avg: 0.0, Max: 0.0, Diff: 0.0, Sum: 0.1]
         [Termination Attempts: Min: 1, Avg: 1.0, Max: 1, Diff: 0, Sum: 6]
      [GC Worker Other (ms): Min: 0.0, Avg: 0.0, Max: 0.0, Diff: 0.0, Sum: 0.2]
      [GC Worker Total (ms): Min: 0.5, Avg: 0.5, Max: 0.6, Diff: 0.1, Sum: 3.3]
      [GC Worker End (ms): Min: 353992.6, Avg: 353992.7, Max: 353992.7, Diff: 0.0]
   [Code Root Fixup: 0.0 ms]
   [Code Root Purge: 0.0 ms]
   [Clear CT: 0.2 ms]
   [Other: 0.6 ms]
      [Choose CSet: 0.0 ms]
      [Ref Proc: 0.1 ms]
      [Ref Enq: 0.0 ms]
      [Redirty Cards: 0.1 ms]
      [Humongous Register: 0.0 ms]
      [Humongous Reclaim: 0.0 ms]
      [Free CSet: 0.3 ms]
   [Eden: 612.0M(612.0M)->0.0B(612.0M) Survivors: 2048.0K->2048.0K Heap: 618.1M(1024.0M)->6257.3K(1024.0M)]
 [Times: user=0.00 sys=0.00, real=0.00 secs] 
2024-10-11T08:39:33.613+0300: 353.993: Total time for which application threads were stopped: 0.0016646 seconds, Stopping threads took: 0.0001506 seconds
2024-10-11T08:39:35.652+0300: 356.026: Application time: 2.0327339 seconds
2024-10-11T08:39:35.652+0300: 356.026: [GC pause (G1 Evacuation Pause) (young), 0.0013737 secs]
   [Parallel Time: 0.6 ms, GC Workers: 6]
      [GC Worker Start (ms): Min: 356026.5, Avg: 356026.6, Max: 356026.8, Diff: 0.3]
      [Ext Root Scanning (ms): Min: 0.0, Avg: 0.2, Max: 0.3, Diff: 0.3, Sum: 1.3]
      [Update RS (ms): Min: 0.0, Avg: 0.0, Max: 0.0, Diff: 0.0, Sum: 0.1]
         [Processed Buffers: Min: 0, Avg: 0.8, Max: 2, Diff: 2, Sum: 5]
      [Scan RS (ms): Min: 0.1, Avg: 0.1, Max: 0.1, Diff: 0.0, Sum: 0.6]
      [Code Root Scanning (ms): Min: 0.0, Avg: 0.0, Max: 0.0, Diff: 0.0, Sum: 0.0]
      [Object Copy (ms): Min: 0.1, Avg: 0.1, Max: 0.2, Diff: 0.1, Sum: 0.8]
      [Termination (ms): Min: 0.0, Avg: 0.0, Max: 0.0, Diff: 0.0, Sum: 0.1]
         [Termination Attempts: Min: 1, Avg: 1.0, Max: 1, Diff: 0, Sum: 6]
      [GC Worker Other (ms): Min: 0.0, Avg: 0.0, Max: 0.0, Diff: 0.0, Sum: 0.1]
      [GC Worker Total (ms): Min: 0.3, Avg: 0.5, Max: 0.6, Diff: 0.3, Sum: 3.0]
      [GC Worker End (ms): Min: 356027.1, Avg: 356027.1, Max: 356027.1, Diff: 0.0]
   [Code Root Fixup: 0.0 ms]
   [Code Root Purge: 0.0 ms]
   [Clear CT: 0.2 ms]
   [Other: 0.6 ms]
      [Choose CSet: 0.0 ms]
      [Ref Proc: 0.1 ms]
      [Ref Enq: 0.0 ms]
      [Redirty Cards: 0.1 ms]
      [Humongous Register: 0.0 ms]
      [Humongous Reclaim: 0.0 ms]
      [Free CSet: 0.3 ms]
   [Eden: 612.0M(612.0M)->0.0B(612.0M) Survivors: 2048.0K->2048.0K Heap: 618.1M(1024.0M)->6355.7K(1024.0M)]
 [Times: user=0.00 sys=0.00, real=0.00 secs] 
2024-10-11T08:39:35.652+0300: 356.028: Total time for which application threads were stopped: 0.0017742 seconds, Stopping threads took: 0.0001535 seconds
2024-10-11T08:39:37.692+0300: 358.065: Application time: 2.0371267 seconds
2024-10-11T08:39:37.692+0300: 358.065: [GC pause (G1 Evacuation Pause) (young), 0.0013565 secs]
   [Parallel Time: 0.6 ms, GC Workers: 6]
      [GC Worker Start (ms): Min: 358065.4, Avg: 358065.5, Max: 358065.7, Diff: 0.3]
      [Ext Root Scanning (ms): Min: 0.0, Avg: 0.2, Max: 0.3, Diff: 0.3, Sum: 1.3]
      [Update RS (ms): Min: 0.0, Avg: 0.0, Max: 0.0, Diff: 0.0, Sum: 0.1]
         [Processed Buffers: Min: 0, Avg: 1.0, Max: 2, Diff: 2, Sum: 6]
      [Scan RS (ms): Min: 0.1, Avg: 0.1, Max: 0.1, Diff: 0.0, Sum: 0.5]
      [Code Root Scanning (ms): Min: 0.0, Avg: 0.0, Max: 0.0, Diff: 0.0, Sum: 0.0]
      [Object Copy (ms): Min: 0.1, Avg: 0.1, Max: 0.1, Diff: 0.1, Sum: 0.7]
      [Termination (ms): Min: 0.0, Avg: 0.0, Max: 0.0, Diff: 0.0, Sum: 0.1]
         [Termination Attempts: Min: 1, Avg: 1.0, Max: 1, Diff: 0, Sum: 6]
      [GC Worker Other (ms): Min: 0.0, Avg: 0.0, Max: 0.0, Diff: 0.0, Sum: 0.1]
      [GC Worker Total (ms): Min: 0.2, Avg: 0.5, Max: 0.5, Diff: 0.3, Sum: 2.8]
      [GC Worker End (ms): Min: 358066.0, Avg: 358066.0, Max: 358066.0, Diff: 0.0]
   [Code Root Fixup: 0.0 ms]
   [Code Root Purge: 0.0 ms]
   [Clear CT: 0.2 ms]
   [Other: 0.6 ms]
      [Choose CSet: 0.0 ms]
      [Ref Proc: 0.1 ms]
      [Ref Enq: 0.0 ms]
      [Redirty Cards: 0.1 ms]
      [Humongous Register: 0.0 ms]
      [Humongous Reclaim: 0.0 ms]
      [Free CSet: 0.3 ms]
   [Eden: 612.0M(612.0M)->0.0B(612.0M) Survivors: 2048.0K->2048.0K Heap: 618.2M(1024.0M)->6358.4K(1024.0M)]
 [Times: user=0.00 sys=0.00, real=0.00 secs] 
2024-10-11T08:39:37.692+0300: 358.067: Total time for which application threads were stopped: 0.0016573 seconds, Stopping threads took: 0.0001093 seconds
2024-10-11T08:39:39.733+0300: 360.109: Application time: 2.0417376 seconds
2024-10-11T08:39:39.733+0300: 360.109: [GC pause (G1 Evacuation Pause) (young), 0.0015147 secs]
   [Parallel Time: 0.7 ms, GC Workers: 6]
      [GC Worker Start (ms): Min: 360108.9, Avg: 360109.0, Max: 360109.5, Diff: 0.6]
      [Ext Root Scanning (ms): Min: 0.0, Avg: 0.2, Max: 0.3, Diff: 0.3, Sum: 1.4]
      [Update RS (ms): Min: 0.0, Avg: 0.0, Max: 0.0, Diff: 0.0, Sum: 0.1]
         [Processed Buffers: Min: 0, Avg: 1.0, Max: 3, Diff: 3, Sum: 6]
      [Scan RS (ms): Min: 0.0, Avg: 0.1, Max: 0.1, Diff: 0.1, Sum: 0.6]
      [Code Root Scanning (ms): Min: 0.0, Avg: 0.0, Max: 0.0, Diff: 0.0, Sum: 0.0]
      [Object Copy (ms): Min: 0.0, Avg: 0.1, Max: 0.2, Diff: 0.2, Sum: 0.7]
      [Termination (ms): Min: 0.0, Avg: 0.0, Max: 0.0, Diff: 0.0, Sum: 0.2]
         [Termination Attempts: Min: 1, Avg: 1.0, Max: 1, Diff: 0, Sum: 6]
      [GC Worker Other (ms): Min: 0.0, Avg: 0.0, Max: 0.0, Diff: 0.0, Sum: 0.1]
      [GC Worker Total (ms): Min: 0.0, Avg: 0.5, Max: 0.7, Diff: 0.6, Sum: 3.1]
      [GC Worker End (ms): Min: 360109.5, Avg: 360109.5, Max: 360109.5, Diff: 0.0]
   [Code Root Fixup: 0.0 ms]
   [Code Root Purge: 0.0 ms]
   [Clear CT: 0.2 ms]
   [Other: 0.6 ms]
      [Choose CSet: 0.0 ms]
      [Ref Proc: 0.1 ms]
      [Ref Enq: 0.0 ms]
      [Redirty Cards: 0.1 ms]
      [Humongous Register: 0.0 ms]
      [Humongous Reclaim: 0.0 ms]
      [Free CSet: 0.3 ms]
   [Eden: 612.0M(612.0M)->0.0B(612.0M) Survivors: 2048.0K->2048.0K Heap: 618.2M(1024.0M)->6328.3K(1024.0M)]
 [Times: user=0.00 sys=0.00, real=0.00 secs] 
2024-10-11T08:39:39.733+0300: 360.110: Total time for which application threads were stopped: 0.0018771 seconds, Stopping threads took: 0.0001597 seconds
2024-10-11T08:39:41.787+0300: 362.166: Application time: 2.0551038 seconds
2024-10-11T08:39:41.787+0300: 362.166: [GC pause (G1 Evacuation Pause) (young), 0.0013874 secs]
   [Parallel Time: 0.7 ms, GC Workers: 6]
      [GC Worker Start (ms): Min: 362165.9, Avg: 362165.9, Max: 362165.9, Diff: 0.1]
      [Ext Root Scanning (ms): Min: 0.2, Avg: 0.2, Max: 0.3, Diff: 0.1, Sum: 1.5]
      [Update RS (ms): Min: 0.0, Avg: 0.0, Max: 0.0, Diff: 0.0, Sum: 0.1]
         [Processed Buffers: Min: 0, Avg: 1.0, Max: 2, Diff: 2, Sum: 6]
      [Scan RS (ms): Min: 0.1, Avg: 0.1, Max: 0.1, Diff: 0.0, Sum: 0.6]
      [Code Root Scanning (ms): Min: 0.0, Avg: 0.0, Max: 0.0, Diff: 0.0, Sum: 0.0]
      [Object Copy (ms): Min: 0.1, Avg: 0.1, Max: 0.2, Diff: 0.1, Sum: 0.9]
      [Termination (ms): Min: 0.0, Avg: 0.0, Max: 0.0, Diff: 0.0, Sum: 0.0]
         [Termination Attempts: Min: 1, Avg: 1.0, Max: 1, Diff: 0, Sum: 6]
      [GC Worker Other (ms): Min: 0.0, Avg: 0.0, Max: 0.0, Diff: 0.0, Sum: 0.2]
      [GC Worker Total (ms): Min: 0.5, Avg: 0.5, Max: 0.6, Diff: 0.1, Sum: 3.2]
      [GC Worker End (ms): Min: 362166.4, Avg: 362166.4, Max: 362166.4, Diff: 0.0]
   [Code Root Fixup: 0.0 ms]
   [Code Root Purge: 0.0 ms]
   [Clear CT: 0.2 ms]
   [Other: 0.6 ms]
      [Choose CSet: 0.0 ms]
      [Ref Proc: 0.1 ms]
      [Ref Enq: 0.0 ms]
      [Redirty Cards: 0.1 ms]
      [Humongous Register: 0.0 ms]
      [Humongous Reclaim: 0.0 ms]
      [Free CSet: 0.3 ms]
   [Eden: 612.0M(612.0M)->0.0B(612.0M) Survivors: 2048.0K->2048.0K Heap: 618.2M(1024.0M)->6266.1K(1024.0M)]
 [Times: user=0.00 sys=0.00, real=0.00 secs] 
2024-10-11T08:39:41.787+0300: 362.167: Total time for which application threads were stopped: 0.0017789 seconds, Stopping threads took: 0.0001923 seconds
2024-10-11T08:39:43.842+0300: 364.227: Application time: 2.0601453 seconds
2024-10-11T08:39:43.842+0300: 364.228: [GC pause (G1 Evacuation Pause) (young), 0.0015199 secs]
   [Parallel Time: 0.6 ms, GC Workers: 6]
      [GC Worker Start (ms): Min: 364227.7, Avg: 364227.8, Max: 364227.9, Diff: 0.1]
      [Ext Root Scanning (ms): Min: 0.1, Avg: 0.2, Max: 0.3, Diff: 0.1, Sum: 1.5]
      [Update RS (ms): Min: 0.0, Avg: 0.0, Max: 0.0, Diff: 0.0, Sum: 0.1]
         [Processed Buffers: Min: 0, Avg: 0.8, Max: 2, Diff: 2, Sum: 5]
      [Scan RS (ms): Min: 0.1, Avg: 0.1, Max: 0.1, Diff: 0.0, Sum: 0.5]
      [Code Root Scanning (ms): Min: 0.0, Avg: 0.0, Max: 0.0, Diff: 0.0, Sum: 0.0]
      [Object Copy (ms): Min: 0.1, Avg: 0.1, Max: 0.1, Diff: 0.0, Sum: 0.8]
      [Termination (ms): Min: 0.0, Avg: 0.0, Max: 0.0, Diff: 0.0, Sum: 0.0]
         [Termination Attempts: Min: 1, Avg: 1.0, Max: 1, Diff: 0, Sum: 6]
      [GC Worker Other (ms): Min: 0.0, Avg: 0.0, Max: 0.1, Diff: 0.0, Sum: 0.2]
      [GC Worker Total (ms): Min: 0.4, Avg: 0.5, Max: 0.6, Diff: 0.2, Sum: 3.1]
      [GC Worker End (ms): Min: 364228.3, Avg: 364228.3, Max: 364228.3, Diff: 0.0]
   [Code Root Fixup: 0.0 ms]
   [Code Root Purge: 0.0 ms]
   [Clear CT: 0.2 ms]
   [Other: 0.7 ms]
      [Choose CSet: 0.0 ms]
      [Ref Proc: 0.2 ms]
      [Ref Enq: 0.0 ms]
      [Redirty Cards: 0.1 ms]
      [Humongous Register: 0.0 ms]
      [Humongous Reclaim: 0.0 ms]
      [Free CSet: 0.2 ms]
   [Eden: 612.0M(612.0M)->0.0B(612.0M) Survivors: 2048.0K->2048.0K Heap: 618.1M(1024.0M)->6266.6K(1024.0M)]
 [Times: user=0.00 sys=0.00, real=0.00 secs] 
2024-10-11T08:39:43.842+0300: 364.229: Total time for which application threads were stopped: 0.0018452 seconds, Stopping threads took: 0.0001212 seconds
2024-10-11T08:39:45.898+0300: 366.278: Application time: 2.0488302 seconds
2024-10-11T08:39:45.898+0300: 366.278: [GC pause (G1 Evacuation Pause) (young), 0.0015534 secs]
   [Parallel Time: 0.6 ms, GC Workers: 6]
      [GC Worker Start (ms): Min: 366278.4, Avg: 366278.5, Max: 366278.8, Diff: 0.3]
      [Ext Root Scanning (ms): Min: 0.0, Avg: 0.2, Max: 0.3, Diff: 0.3, Sum: 1.4]
      [Update RS (ms): Min: 0.0, Avg: 0.0, Max: 0.0, Diff: 0.0, Sum: 0.1]
         [Processed Buffers: Min: 0, Avg: 0.8, Max: 2, Diff: 2, Sum: 5]
      [Scan RS (ms): Min: 0.1, Avg: 0.1, Max: 0.1, Diff: 0.0, Sum: 0.6]
      [Code Root Scanning (ms): Min: 0.0, Avg: 0.0, Max: 0.0, Diff: 0.0, Sum: 0.0]
      [Object Copy (ms): Min: 0.1, Avg: 0.1, Max: 0.2, Diff: 0.0, Sum: 0.7]
      [Termination (ms): Min: 0.0, Avg: 0.0, Max: 0.0, Diff: 0.0, Sum: 0.1]
         [Termination Attempts: Min: 1, Avg: 1.0, Max: 1, Diff: 0, Sum: 6]
      [GC Worker Other (ms): Min: 0.0, Avg: 0.0, Max: 0.0, Diff: 0.0, Sum: 0.1]
      [GC Worker Total (ms): Min: 0.2, Avg: 0.5, Max: 0.6, Diff: 0.3, Sum: 2.9]
      [GC Worker End (ms): Min: 366279.0, Avg: 366279.0, Max: 366279.0, Diff: 0.0]
   [Code Root Fixup: 0.0 ms]
   [Code Root Purge: 0.0 ms]
   [Clear CT: 0.2 ms]
   [Other: 0.7 ms]
      [Choose CSet: 0.0 ms]
      [Ref Proc: 0.2 ms]
      [Ref Enq: 0.0 ms]
      [Redirty Cards: 0.1 ms]
      [Humongous Register: 0.1 ms]
      [Humongous Reclaim: 0.0 ms]
      [Free CSet: 0.3 ms]
   [Eden: 612.0M(612.0M)->0.0B(612.0M) Survivors: 2048.0K->2048.0K Heap: 618.1M(1024.0M)->6362.0K(1024.0M)]
 [Times: user=0.00 sys=0.00, real=0.00 secs] 
2024-10-11T08:39:45.898+0300: 366.280: Total time for which application threads were stopped: 0.0018945 seconds, Stopping threads took: 0.0001214 seconds
2024-10-11T08:39:47.940+0300: 368.325: Application time: 2.0453024 seconds
2024-10-11T08:39:47.940+0300: 368.326: [GC pause (G1 Evacuation Pause) (young), 0.0015347 secs]
   [Parallel Time: 0.7 ms, GC Workers: 6]
      [GC Worker Start (ms): Min: 368325.7, Avg: 368325.7, Max: 368325.7, Diff: 0.0]
      [Ext Root Scanning (ms): Min: 0.2, Avg: 0.2, Max: 0.3, Diff: 0.0, Sum: 1.4]
      [Update RS (ms): Min: 0.0, Avg: 0.1, Max: 0.3, Diff: 0.3, Sum: 0.4]
         [Processed Buffers: Min: 0, Avg: 0.8, Max: 2, Diff: 2, Sum: 5]
      [Scan RS (ms): Min: 0.0, Avg: 0.1, Max: 0.1, Diff: 0.1, Sum: 0.6]
      [Code Root Scanning (ms): Min: 0.0, Avg: 0.0, Max: 0.0, Diff: 0.0, Sum: 0.0]
      [Object Copy (ms): Min: 0.0, Avg: 0.1, Max: 0.2, Diff: 0.2, Sum: 0.8]
      [Termination (ms): Min: 0.0, Avg: 0.0, Max: 0.0, Diff: 0.0, Sum: 0.2]
         [Termination Attempts: Min: 1, Avg: 1.0, Max: 1, Diff: 0, Sum: 6]
      [GC Worker Other (ms): Min: 0.0, Avg: 0.0, Max: 0.0, Diff: 0.0, Sum: 0.1]
      [GC Worker Total (ms): Min: 0.5, Avg: 0.6, Max: 0.6, Diff: 0.1, Sum: 3.4]
      [GC Worker End (ms): Min: 368326.2, Avg: 368326.2, Max: 368326.3, Diff: 0.0]
   [Code Root Fixup: 0.0 ms]
   [Code Root Purge: 0.0 ms]
   [Clear CT: 0.2 ms]
   [Other: 0.6 ms]
      [Choose CSet: 0.0 ms]
      [Ref Proc: 0.1 ms]
      [Ref Enq: 0.0 ms]
      [Redirty Cards: 0.1 ms]
      [Humongous Register: 0.1 ms]
      [Humongous Reclaim: 0.0 ms]
      [Free CSet: 0.3 ms]
   [Eden: 612.0M(612.0M)->0.0B(612.0M) Survivors: 2048.0K->2048.0K Heap: 618.2M(1024.0M)->6402.1K(1024.0M)]
 [Times: user=0.00 sys=0.00, real=0.00 secs] 
2024-10-11T08:39:47.940+0300: 368.327: Total time for which application threads were stopped: 0.0018887 seconds, Stopping threads took: 0.0001348 seconds
2024-10-11T08:39:49.995+0300: 370.377: Application time: 2.0493388 seconds
2024-10-11T08:39:49.995+0300: 370.377: [GC pause (G1 Evacuation Pause) (young), 0.0014187 secs]
   [Parallel Time: 0.6 ms, GC Workers: 6]
      [GC Worker Start (ms): Min: 370376.9, Avg: 370376.9, Max: 370376.9, Diff: 0.1]
      [Ext Root Scanning (ms): Min: 0.2, Avg: 0.2, Max: 0.3, Diff: 0.0, Sum: 1.5]
      [Update RS (ms): Min: 0.0, Avg: 0.0, Max: 0.0, Diff: 0.0, Sum: 0.1]
         [Processed Buffers: Min: 0, Avg: 0.8, Max: 1, Diff: 1, Sum: 5]
      [Scan RS (ms): Min: 0.1, Avg: 0.1, Max: 0.1, Diff: 0.0, Sum: 0.6]
      [Code Root Scanning (ms): Min: 0.0, Avg: 0.0, Max: 0.0, Diff: 0.0, Sum: 0.0]
      [Object Copy (ms): Min: 0.1, Avg: 0.1, Max: 0.2, Diff: 0.1, Sum: 0.8]
      [Termination (ms): Min: 0.0, Avg: 0.0, Max: 0.0, Diff: 0.0, Sum: 0.1]
         [Termination Attempts: Min: 1, Avg: 1.0, Max: 1, Diff: 0, Sum: 6]
      [GC Worker Other (ms): Min: 0.0, Avg: 0.0, Max: 0.0, Diff: 0.0, Sum: 0.1]
      [GC Worker Total (ms): Min: 0.5, Avg: 0.5, Max: 0.5, Diff: 0.1, Sum: 3.1]
      [GC Worker End (ms): Min: 370377.4, Avg: 370377.4, Max: 370377.4, Diff: 0.0]
   [Code Root Fixup: 0.0 ms]
   [Code Root Purge: 0.0 ms]
   [Clear CT: 0.2 ms]
   [Other: 0.7 ms]
      [Choose CSet: 0.0 ms]
      [Ref Proc: 0.2 ms]
      [Ref Enq: 0.0 ms]
      [Redirty Cards: 0.1 ms]
      [Humongous Register: 0.0 ms]
      [Humongous Reclaim: 0.0 ms]
      [Free CSet: 0.2 ms]
   [Eden: 612.0M(612.0M)->0.0B(612.0M) Survivors: 2048.0K->2048.0K Heap: 618.3M(1024.0M)->6277.7K(1024.0M)]
 [Times: user=0.00 sys=0.00, real=0.00 secs] 
2024-10-11T08:39:49.995+0300: 370.378: Total time for which application threads were stopped: 0.0017876 seconds, Stopping threads took: 0.0001782 seconds
2024-10-11T08:39:52.051+0300: 372.431: Application time: 2.0530073 seconds
2024-10-11T08:39:52.051+0300: 372.432: [GC pause (G1 Evacuation Pause) (young), 0.0014444 secs]
   [Parallel Time: 0.6 ms, GC Workers: 6]
      [GC Worker Start (ms): Min: 372431.7, Avg: 372431.7, Max: 372431.8, Diff: 0.1]
      [Ext Root Scanning (ms): Min: 0.2, Avg: 0.2, Max: 0.3, Diff: 0.1, Sum: 1.5]
      [Update RS (ms): Min: 0.0, Avg: 0.0, Max: 0.0, Diff: 0.0, Sum: 0.1]
         [Processed Buffers: Min: 0, Avg: 0.8, Max: 2, Diff: 2, Sum: 5]
      [Scan RS (ms): Min: 0.1, Avg: 0.1, Max: 0.1, Diff: 0.0, Sum: 0.5]
      [Code Root Scanning (ms): Min: 0.0, Avg: 0.0, Max: 0.0, Diff: 0.0, Sum: 0.0]
      [Object Copy (ms): Min: 0.1, Avg: 0.1, Max: 0.1, Diff: 0.0, Sum: 0.7]
      [Termination (ms): Min: 0.0, Avg: 0.0, Max: 0.0, Diff: 0.0, Sum: 0.1]
         [Termination Attempts: Min: 1, Avg: 1.0, Max: 1, Diff: 0, Sum: 6]
      [GC Worker Other (ms): Min: 0.0, Avg: 0.0, Max: 0.0, Diff: 0.0, Sum: 0.1]
      [GC Worker Total (ms): Min: 0.5, Avg: 0.5, Max: 0.5, Diff: 0.1, Sum: 3.0]
      [GC Worker End (ms): Min: 372432.2, Avg: 372432.2, Max: 372432.2, Diff: 0.0]
   [Code Root Fixup: 0.0 ms]
   [Code Root Purge: 0.0 ms]
   [Clear CT: 0.2 ms]
   [Other: 0.6 ms]
      [Choose CSet: 0.0 ms]
      [Ref Proc: 0.1 ms]
      [Ref Enq: 0.0 ms]
      [Redirty Cards: 0.1 ms]
      [Humongous Register: 0.0 ms]
      [Humongous Reclaim: 0.0 ms]
      [Free CSet: 0.3 ms]
   [Eden: 612.0M(612.0M)->0.0B(612.0M) Survivors: 2048.0K->2048.0K Heap: 618.1M(1024.0M)->6471.3K(1024.0M)]
 [Times: user=0.00 sys=0.00, real=0.00 secs] 
2024-10-11T08:39:52.051+0300: 372.433: Total time for which application threads were stopped: 0.0017826 seconds, Stopping threads took: 0.0001298 seconds
2024-10-11T08:39:54.090+0300: 374.464: Application time: 2.0306832 seconds
2024-10-11T08:39:54.090+0300: 374.464: [GC pause (G1 Evacuation Pause) (young), 0.0014148 secs]
   [Parallel Time: 0.6 ms, GC Workers: 6]
      [GC Worker Start (ms): Min: 374464.1, Avg: 374464.2, Max: 374464.2, Diff: 0.1]
      [Ext Root Scanning (ms): Min: 0.2, Avg: 0.2, Max: 0.3, Diff: 0.1, Sum: 1.4]
      [Update RS (ms): Min: 0.0, Avg: 0.0, Max: 0.0, Diff: 0.0, Sum: 0.1]
         [Processed Buffers: Min: 0, Avg: 0.8, Max: 2, Diff: 2, Sum: 5]
      [Scan RS (ms): Min: 0.1, Avg: 0.1, Max: 0.1, Diff: 0.0, Sum: 0.6]
      [Code Root Scanning (ms): Min: 0.0, Avg: 0.0, Max: 0.0, Diff: 0.0, Sum: 0.0]
      [Object Copy (ms): Min: 0.1, Avg: 0.1, Max: 0.1, Diff: 0.0, Sum: 0.8]
      [Termination (ms): Min: 0.0, Avg: 0.0, Max: 0.0, Diff: 0.0, Sum: 0.1]
         [Termination Attempts: Min: 1, Avg: 1.0, Max: 1, Diff: 0, Sum: 6]
      [GC Worker Other (ms): Min: 0.0, Avg: 0.0, Max: 0.0, Diff: 0.0, Sum: 0.1]
      [GC Worker Total (ms): Min: 0.4, Avg: 0.5, Max: 0.5, Diff: 0.1, Sum: 3.0]
      [GC Worker End (ms): Min: 374464.7, Avg: 374464.7, Max: 374464.7, Diff: 0.0]
   [Code Root Fixup: 0.0 ms]
   [Code Root Purge: 0.0 ms]
   [Clear CT: 0.2 ms]
   [Other: 0.6 ms]
      [Choose CSet: 0.0 ms]
      [Ref Proc: 0.2 ms]
      [Ref Enq: 0.0 ms]
      [Redirty Cards: 0.1 ms]
      [Humongous Register: 0.0 ms]
      [Humongous Reclaim: 0.0 ms]
      [Free CSet: 0.2 ms]
   [Eden: 612.0M(612.0M)->0.0B(612.0M) Survivors: 2048.0K->2048.0K Heap: 618.3M(1024.0M)->6116.0K(1024.0M)]
 [Times: user=0.00 sys=0.00, real=0.00 secs] 
2024-10-11T08:39:54.090+0300: 374.466: Total time for which application threads were stopped: 0.0017783 seconds, Stopping threads took: 0.0001461 seconds
2024-10-11T08:39:56.131+0300: 376.505: Application time: 2.0397802 seconds
2024-10-11T08:39:56.131+0300: 376.506: [GC pause (G1 Evacuation Pause) (young), 0.0015281 secs]
   [Parallel Time: 0.6 ms, GC Workers: 6]
      [GC Worker Start (ms): Min: 376505.8, Avg: 376505.8, Max: 376505.8, Diff: 0.0]
      [Ext Root Scanning (ms): Min: 0.2, Avg: 0.2, Max: 0.3, Diff: 0.0, Sum: 1.5]
      [Update RS (ms): Min: 0.0, Avg: 0.0, Max: 0.0, Diff: 0.0, Sum: 0.1]
         [Processed Buffers: Min: 0, Avg: 0.8, Max: 2, Diff: 2, Sum: 5]
      [Scan RS (ms): Min: 0.0, Avg: 0.1, Max: 0.1, Diff: 0.1, Sum: 0.6]
      [Code Root Scanning (ms): Min: 0.0, Avg: 0.0, Max: 0.0, Diff: 0.0, Sum: 0.0]
      [Object Copy (ms): Min: 0.1, Avg: 0.1, Max: 0.2, Diff: 0.1, Sum: 0.8]
      [Termination (ms): Min: 0.0, Avg: 0.0, Max: 0.0, Diff: 0.0, Sum: 0.1]
         [Termination Attempts: Min: 1, Avg: 1.0, Max: 1, Diff: 0, Sum: 6]
      [GC Worker Other (ms): Min: 0.0, Avg: 0.0, Max: 0.0, Diff: 0.0, Sum: 0.1]
      [GC Worker Total (ms): Min: 0.5, Avg: 0.5, Max: 0.5, Diff: 0.0, Sum: 3.2]
      [GC Worker End (ms): Min: 376506.3, Avg: 376506.3, Max: 376506.3, Diff: 0.0]
   [Code Root Fixup: 0.0 ms]
   [Code Root Purge: 0.0 ms]
   [Clear CT: 0.2 ms]
   [Other: 0.7 ms]
      [Choose CSet: 0.0 ms]
      [Ref Proc: 0.1 ms]
      [Ref Enq: 0.0 ms]
      [Redirty Cards: 0.1 ms]
      [Humongous Register: 0.0 ms]
      [Humongous Reclaim: 0.0 ms]
      [Free CSet: 0.3 ms]
   [Eden: 612.0M(612.0M)->0.0B(612.0M) Survivors: 2048.0K->2048.0K Heap: 618.0M(1024.0M)->6293.7K(1024.0M)]
 [Times: user=0.00 sys=0.00, real=0.00 secs] 
2024-10-11T08:39:56.131+0300: 376.507: Total time for which application threads were stopped: 0.0019599 seconds, Stopping threads took: 0.0002292 seconds
2024-10-11T08:39:58.186+0300: 378.568: Application time: 2.0605469 seconds
2024-10-11T08:39:58.186+0300: 378.568: [GC pause (G1 Evacuation Pause) (young), 0.0014890 secs]
   [Parallel Time: 0.6 ms, GC Workers: 6]
      [GC Worker Start (ms): Min: 378568.2, Avg: 378568.3, Max: 378568.4, Diff: 0.2]
      [Ext Root Scanning (ms): Min: 0.0, Avg: 0.2, Max: 0.3, Diff: 0.2, Sum: 1.3]
      [Update RS (ms): Min: 0.0, Avg: 0.0, Max: 0.0, Diff: 0.0, Sum: 0.1]
         [Processed Buffers: Min: 0, Avg: 0.8, Max: 2, Diff: 2, Sum: 5]
      [Scan RS (ms): Min: 0.1, Avg: 0.1, Max: 0.1, Diff: 0.0, Sum: 0.6]
      [Code Root Scanning (ms): Min: 0.0, Avg: 0.0, Max: 0.0, Diff: 0.0, Sum: 0.0]
      [Object Copy (ms): Min: 0.1, Avg: 0.1, Max: 0.2, Diff: 0.1, Sum: 0.8]
      [Termination (ms): Min: 0.0, Avg: 0.0, Max: 0.0, Diff: 0.0, Sum: 0.1]
         [Termination Attempts: Min: 1, Avg: 1.0, Max: 1, Diff: 0, Sum: 6]
      [GC Worker Other (ms): Min: 0.0, Avg: 0.0, Max: 0.0, Diff: 0.0, Sum: 0.1]
      [GC Worker Total (ms): Min: 0.3, Avg: 0.5, Max: 0.6, Diff: 0.2, Sum: 3.0]
      [GC Worker End (ms): Min: 378568.8, Avg: 378568.8, Max: 378568.8, Diff: 0.0]
   [Code Root Fixup: 0.0 ms]
   [Code Root Purge: 0.0 ms]
   [Clear CT: 0.2 ms]
   [Other: 0.7 ms]
      [Choose CSet: 0.0 ms]
      [Ref Proc: 0.2 ms]
      [Ref Enq: 0.0 ms]
      [Redirty Cards: 0.1 ms]
      [Humongous Register: 0.0 ms]
      [Humongous Reclaim: 0.0 ms]
      [Free CSet: 0.3 ms]
   [Eden: 612.0M(612.0M)->0.0B(612.0M) Survivors: 2048.0K->2048.0K Heap: 618.1M(1024.0M)->6279.9K(1024.0M)]
 [Times: user=0.00 sys=0.00, real=0.00 secs] 
2024-10-11T08:39:58.186+0300: 378.570: Total time for which application threads were stopped: 0.0018521 seconds, Stopping threads took: 0.0001560 seconds
2024-10-11T08:40:00.241+0300: 380.615: Application time: 2.0454294 seconds
2024-10-11T08:40:00.241+0300: 380.615: [GC pause (G1 Evacuation Pause) (young), 0.0014572 secs]
   [Parallel Time: 0.6 ms, GC Workers: 6]
      [GC Worker Start (ms): Min: 380615.5, Avg: 380615.6, Max: 380615.7, Diff: 0.2]
      [Ext Root Scanning (ms): Min: 0.1, Avg: 0.2, Max: 0.3, Diff: 0.2, Sum: 1.3]
      [Update RS (ms): Min: 0.0, Avg: 0.0, Max: 0.0, Diff: 0.0, Sum: 0.1]
         [Processed Buffers: Min: 0, Avg: 0.8, Max: 3, Diff: 3, Sum: 5]
      [Scan RS (ms): Min: 0.1, Avg: 0.1, Max: 0.1, Diff: 0.0, Sum: 0.6]
      [Code Root Scanning (ms): Min: 0.0, Avg: 0.0, Max: 0.0, Diff: 0.0, Sum: 0.0]
      [Object Copy (ms): Min: 0.1, Avg: 0.1, Max: 0.2, Diff: 0.1, Sum: 0.8]
      [Termination (ms): Min: 0.0, Avg: 0.0, Max: 0.0, Diff: 0.0, Sum: 0.1]
         [Termination Attempts: Min: 1, Avg: 1.0, Max: 1, Diff: 0, Sum: 6]
      [GC Worker Other (ms): Min: 0.0, Avg: 0.0, Max: 0.0, Diff: 0.0, Sum: 0.1]
      [GC Worker Total (ms): Min: 0.3, Avg: 0.5, Max: 0.5, Diff: 0.2, Sum: 2.9]
      [GC Worker End (ms): Min: 380616.1, Avg: 380616.1, Max: 380616.1, Diff: 0.0]
   [Code Root Fixup: 0.0 ms]
   [Code Root Purge: 0.0 ms]
   [Clear CT: 0.2 ms]
   [Other: 0.7 ms]
      [Choose CSet: 0.0 ms]
      [Ref Proc: 0.2 ms]
      [Ref Enq: 0.0 ms]
      [Redirty Cards: 0.1 ms]
      [Humongous Register: 0.0 ms]
      [Humongous Reclaim: 0.0 ms]
      [Free CSet: 0.3 ms]
   [Eden: 612.0M(612.0M)->0.0B(612.0M) Survivors: 2048.0K->2048.0K Heap: 618.1M(1024.0M)->6389.1K(1024.0M)]
 [Times: user=0.00 sys=0.00, real=0.00 secs] 
2024-10-11T08:40:00.241+0300: 380.617: Total time for which application threads were stopped: 0.0018545 seconds, Stopping threads took: 0.0002031 seconds
2024-10-11T08:40:02.294+0300: 382.669: Application time: 2.0519466 seconds
2024-10-11T08:40:02.294+0300: 382.669: [GC pause (G1 Evacuation Pause) (young), 0.0014126 secs]
   [Parallel Time: 0.6 ms, GC Workers: 6]
      [GC Worker Start (ms): Min: 382669.3, Avg: 382669.3, Max: 382669.4, Diff: 0.1]
      [Ext Root Scanning (ms): Min: 0.2, Avg: 0.2, Max: 0.3, Diff: 0.1, Sum: 1.4]
      [Update RS (ms): Min: 0.0, Avg: 0.0, Max: 0.0, Diff: 0.0, Sum: 0.1]
         [Processed Buffers: Min: 0, Avg: 0.8, Max: 2, Diff: 2, Sum: 5]
      [Scan RS (ms): Min: 0.1, Avg: 0.1, Max: 0.1, Diff: 0.0, Sum: 0.5]
      [Code Root Scanning (ms): Min: 0.0, Avg: 0.0, Max: 0.0, Diff: 0.0, Sum: 0.0]
      [Object Copy (ms): Min: 0.1, Avg: 0.1, Max: 0.2, Diff: 0.1, Sum: 0.8]
      [Termination (ms): Min: 0.0, Avg: 0.0, Max: 0.0, Diff: 0.0, Sum: 0.0]
         [Termination Attempts: Min: 1, Avg: 1.0, Max: 1, Diff: 0, Sum: 6]
      [GC Worker Other (ms): Min: 0.0, Avg: 0.0, Max: 0.0, Diff: 0.0, Sum: 0.1]
      [GC Worker Total (ms): Min: 0.5, Avg: 0.5, Max: 0.5, Diff: 0.1, Sum: 3.0]
      [GC Worker End (ms): Min: 382669.8, Avg: 382669.8, Max: 382669.9, Diff: 0.0]
   [Code Root Fixup: 0.0 ms]
   [Code Root Purge: 0.0 ms]
   [Clear CT: 0.2 ms]
   [Other: 0.6 ms]
      [Choose CSet: 0.0 ms]
      [Ref Proc: 0.1 ms]
      [Ref Enq: 0.0 ms]
      [Redirty Cards: 0.1 ms]
      [Humongous Register: 0.0 ms]
      [Humongous Reclaim: 0.0 ms]
      [Free CSet: 0.3 ms]
   [Eden: 612.0M(612.0M)->0.0B(612.0M) Survivors: 2048.0K->2048.0K Heap: 618.2M(1024.0M)->6393.4K(1024.0M)]
 [Times: user=0.00 sys=0.00, real=0.00 secs] 
2024-10-11T08:40:02.294+0300: 382.671: Total time for which application threads were stopped: 0.0017705 seconds, Stopping threads took: 0.0001547 seconds
2024-10-11T08:40:04.333+0300: 384.707: Application time: 2.0361702 seconds
2024-10-11T08:40:04.333+0300: 384.707: [GC pause (G1 Evacuation Pause) (young), 0.0014016 secs]
   [Parallel Time: 0.6 ms, GC Workers: 6]
      [GC Worker Start (ms): Min: 384707.3, Avg: 384707.4, Max: 384707.4, Diff: 0.0]
      [Ext Root Scanning (ms): Min: 0.2, Avg: 0.2, Max: 0.3, Diff: 0.0, Sum: 1.4]
      [Update RS (ms): Min: 0.0, Avg: 0.0, Max: 0.0, Diff: 0.0, Sum: 0.1]
         [Processed Buffers: Min: 0, Avg: 0.8, Max: 3, Diff: 3, Sum: 5]
      [Scan RS (ms): Min: 0.1, Avg: 0.1, Max: 0.1, Diff: 0.0, Sum: 0.6]
      [Code Root Scanning (ms): Min: 0.0, Avg: 0.0, Max: 0.0, Diff: 0.0, Sum: 0.0]
      [Object Copy (ms): Min: 0.1, Avg: 0.1, Max: 0.2, Diff: 0.1, Sum: 0.8]
      [Termination (ms): Min: 0.0, Avg: 0.0, Max: 0.0, Diff: 0.0, Sum: 0.0]
         [Termination Attempts: Min: 1, Avg: 1.0, Max: 1, Diff: 0, Sum: 6]
      [GC Worker Other (ms): Min: 0.0, Avg: 0.0, Max: 0.0, Diff: 0.0, Sum: 0.1]
      [GC Worker Total (ms): Min: 0.5, Avg: 0.5, Max: 0.5, Diff: 0.0, Sum: 3.0]
      [GC Worker End (ms): Min: 384707.8, Avg: 384707.8, Max: 384707.9, Diff: 0.0]
   [Code Root Fixup: 0.0 ms]
   [Code Root Purge: 0.0 ms]
   [Clear CT: 0.2 ms]
   [Other: 0.6 ms]
      [Choose CSet: 0.0 ms]
      [Ref Proc: 0.1 ms]
      [Ref Enq: 0.0 ms]
      [Redirty Cards: 0.1 ms]
      [Humongous Register: 0.0 ms]
      [Humongous Reclaim: 0.0 ms]
      [Free CSet: 0.2 ms]
   [Eden: 612.0M(612.0M)->0.0B(612.0M) Survivors: 2048.0K->2048.0K Heap: 618.2M(1024.0M)->6300.9K(1024.0M)]
 [Times: user=0.00 sys=0.00, real=0.00 secs] 
2024-10-11T08:40:04.333+0300: 384.709: Total time for which application threads were stopped: 0.0018191 seconds, Stopping threads took: 0.0002079 seconds
2024-10-11T08:40:06.373+0300: 386.745: Application time: 2.0365658 seconds
2024-10-11T08:40:06.373+0300: 386.746: [GC pause (G1 Evacuation Pause) (young), 0.0014122 secs]
   [Parallel Time: 0.6 ms, GC Workers: 6]
      [GC Worker Start (ms): Min: 386745.6, Avg: 386745.6, Max: 386745.7, Diff: 0.1]
      [Ext Root Scanning (ms): Min: 0.2, Avg: 0.2, Max: 0.3, Diff: 0.1, Sum: 1.5]
      [Update RS (ms): Min: 0.0, Avg: 0.0, Max: 0.0, Diff: 0.0, Sum: 0.1]
         [Processed Buffers: Min: 0, Avg: 0.8, Max: 2, Diff: 2, Sum: 5]
      [Scan RS (ms): Min: 0.1, Avg: 0.1, Max: 0.1, Diff: 0.0, Sum: 0.6]
      [Code Root Scanning (ms): Min: 0.0, Avg: 0.0, Max: 0.0, Diff: 0.0, Sum: 0.0]
      [Object Copy (ms): Min: 0.1, Avg: 0.1, Max: 0.2, Diff: 0.1, Sum: 0.9]
      [Termination (ms): Min: 0.0, Avg: 0.0, Max: 0.0, Diff: 0.0, Sum: 0.1]
         [Termination Attempts: Min: 1, Avg: 1.0, Max: 1, Diff: 0, Sum: 6]
      [GC Worker Other (ms): Min: 0.0, Avg: 0.0, Max: 0.0, Diff: 0.0, Sum: 0.1]
      [GC Worker Total (ms): Min: 0.5, Avg: 0.5, Max: 0.6, Diff: 0.1, Sum: 3.2]
      [GC Worker End (ms): Min: 386746.2, Avg: 386746.2, Max: 386746.2, Diff: 0.0]
   [Code Root Fixup: 0.0 ms]
   [Code Root Purge: 0.0 ms]
   [Clear CT: 0.2 ms]
   [Other: 0.6 ms]
      [Choose CSet: 0.0 ms]
      [Ref Proc: 0.2 ms]
      [Ref Enq: 0.0 ms]
      [Redirty Cards: 0.1 ms]
      [Humongous Register: 0.0 ms]
      [Humongous Reclaim: 0.0 ms]
      [Free CSet: 0.3 ms]
   [Eden: 612.0M(612.0M)->0.0B(612.0M) Survivors: 2048.0K->2048.0K Heap: 618.2M(1024.0M)->6305.9K(1024.0M)]
 [Times: user=0.00 sys=0.00, real=0.00 secs] 
2024-10-11T08:40:06.373+0300: 386.747: Total time for which application threads were stopped: 0.0017515 seconds, Stopping threads took: 0.0001424 seconds
2024-10-11T08:40:08.413+0300: 388.785: Application time: 2.0384195 seconds
2024-10-11T08:40:08.413+0300: 388.786: [GC pause (G1 Evacuation Pause) (young), 0.0014571 secs]
   [Parallel Time: 0.7 ms, GC Workers: 6]
      [GC Worker Start (ms): Min: 388785.8, Avg: 388785.9, Max: 388786.1, Diff: 0.3]
      [Ext Root Scanning (ms): Min: 0.0, Avg: 0.2, Max: 0.3, Diff: 0.3, Sum: 1.3]
      [Update RS (ms): Min: 0.0, Avg: 0.0, Max: 0.0, Diff: 0.0, Sum: 0.1]
         [Processed Buffers: Min: 0, Avg: 0.8, Max: 2, Diff: 2, Sum: 5]
      [Scan RS (ms): Min: 0.0, Avg: 0.1, Max: 0.1, Diff: 0.1, Sum: 0.6]
      [Code Root Scanning (ms): Min: 0.0, Avg: 0.0, Max: 0.0, Diff: 0.0, Sum: 0.0]
      [Object Copy (ms): Min: 0.1, Avg: 0.1, Max: 0.2, Diff: 0.1, Sum: 0.9]
      [Termination (ms): Min: 0.0, Avg: 0.0, Max: 0.0, Diff: 0.0, Sum: 0.1]
         [Termination Attempts: Min: 1, Avg: 1.0, Max: 1, Diff: 0, Sum: 6]
      [GC Worker Other (ms): Min: 0.0, Avg: 0.0, Max: 0.0, Diff: 0.0, Sum: 0.1]
      [GC Worker Total (ms): Min: 0.3, Avg: 0.5, Max: 0.6, Diff: 0.3, Sum: 3.0]
      [GC Worker End (ms): Min: 388786.4, Avg: 388786.4, Max: 388786.4, Diff: 0.0]
   [Code Root Fixup: 0.0 ms]
   [Code Root Purge: 0.0 ms]
   [Clear CT: 0.2 ms]
   [Other: 0.6 ms]
      [Choose CSet: 0.0 ms]
      [Ref Proc: 0.1 ms]
      [Ref Enq: 0.0 ms]
      [Redirty Cards: 0.1 ms]
      [Humongous Register: 0.0 ms]
      [Humongous Reclaim: 0.0 ms]
      [Free CSet: 0.3 ms]
   [Eden: 612.0M(612.0M)->0.0B(612.0M) Survivors: 2048.0K->2048.0K Heap: 618.2M(1024.0M)->6341.1K(1024.0M)]
 [Times: user=0.00 sys=0.00, real=0.00 secs] 
2024-10-11T08:40:08.413+0300: 388.787: Total time for which application threads were stopped: 0.0017953 seconds, Stopping threads took: 0.0001296 seconds
2024-10-11T08:40:10.454+0300: 390.831: Application time: 2.0437460 seconds
2024-10-11T08:40:10.454+0300: 390.831: [GC pause (G1 Evacuation Pause) (young), 0.0015061 secs]
   [Parallel Time: 0.7 ms, GC Workers: 6]
      [GC Worker Start (ms): Min: 390831.4, Avg: 390831.5, Max: 390831.5, Diff: 0.1]
      [Ext Root Scanning (ms): Min: 0.2, Avg: 0.3, Max: 0.3, Diff: 0.1, Sum: 1.5]
      [Update RS (ms): Min: 0.0, Avg: 0.0, Max: 0.0, Diff: 0.0, Sum: 0.1]
         [Processed Buffers: Min: 0, Avg: 0.8, Max: 2, Diff: 2, Sum: 5]
      [Scan RS (ms): Min: 0.1, Avg: 0.1, Max: 0.1, Diff: 0.0, Sum: 0.7]
      [Code Root Scanning (ms): Min: 0.0, Avg: 0.0, Max: 0.0, Diff: 0.0, Sum: 0.0]
      [Object Copy (ms): Min: 0.1, Avg: 0.1, Max: 0.2, Diff: 0.1, Sum: 0.8]
      [Termination (ms): Min: 0.0, Avg: 0.0, Max: 0.0, Diff: 0.0, Sum: 0.1]
         [Termination Attempts: Min: 1, Avg: 1.0, Max: 1, Diff: 0, Sum: 6]
      [GC Worker Other (ms): Min: 0.0, Avg: 0.0, Max: 0.0, Diff: 0.0, Sum: 0.1]
      [GC Worker Total (ms): Min: 0.5, Avg: 0.6, Max: 0.6, Diff: 0.1, Sum: 3.3]
      [GC Worker End (ms): Min: 390832.0, Avg: 390832.0, Max: 390832.0, Diff: 0.0]
   [Code Root Fixup: 0.0 ms]
   [Code Root Purge: 0.0 ms]
   [Clear CT: 0.2 ms]
   [Other: 0.6 ms]
      [Choose CSet: 0.0 ms]
      [Ref Proc: 0.2 ms]
      [Ref Enq: 0.0 ms]
      [Redirty Cards: 0.1 ms]
      [Humongous Register: 0.0 ms]
      [Humongous Reclaim: 0.0 ms]
      [Free CSet: 0.3 ms]
   [Eden: 612.0M(612.0M)->0.0B(612.0M) Survivors: 2048.0K->2048.0K Heap: 618.2M(1024.0M)->6406.1K(1024.0M)]
 [Times: user=0.00 sys=0.00, real=0.00 secs] 
2024-10-11T08:40:10.454+0300: 390.833: Total time for which application threads were stopped: 0.0019184 seconds, Stopping threads took: 0.0001991 seconds
2024-10-11T08:40:12.510+0300: 392.894: Application time: 2.0615114 seconds
2024-10-11T08:40:12.510+0300: 392.895: [GC pause (G1 Evacuation Pause) (young), 0.0012933 secs]
   [Parallel Time: 0.6 ms, GC Workers: 6]
      [GC Worker Start (ms): Min: 392894.8, Avg: 392894.8, Max: 392894.9, Diff: 0.1]
      [Ext Root Scanning (ms): Min: 0.2, Avg: 0.2, Max: 0.3, Diff: 0.1, Sum: 1.4]
      [Update RS (ms): Min: 0.0, Avg: 0.0, Max: 0.0, Diff: 0.0, Sum: 0.1]
         [Processed Buffers: Min: 0, Avg: 1.0, Max: 2, Diff: 2, Sum: 6]
      [Scan RS (ms): Min: 0.1, Avg: 0.1, Max: 0.1, Diff: 0.0, Sum: 0.6]
      [Code Root Scanning (ms): Min: 0.0, Avg: 0.0, Max: 0.0, Diff: 0.0, Sum: 0.0]
      [Object Copy (ms): Min: 0.1, Avg: 0.1, Max: 0.2, Diff: 0.1, Sum: 0.9]
      [Termination (ms): Min: 0.0, Avg: 0.0, Max: 0.0, Diff: 0.0, Sum: 0.0]
         [Termination Attempts: Min: 1, Avg: 1.0, Max: 1, Diff: 0, Sum: 6]
      [GC Worker Other (ms): Min: 0.0, Avg: 0.0, Max: 0.1, Diff: 0.0, Sum: 0.2]
      [GC Worker Total (ms): Min: 0.5, Avg: 0.5, Max: 0.6, Diff: 0.1, Sum: 3.2]
      [GC Worker End (ms): Min: 392895.3, Avg: 392895.4, Max: 392895.4, Diff: 0.0]
   [Code Root Fixup: 0.0 ms]
   [Code Root Purge: 0.0 ms]
   [Clear CT: 0.2 ms]
   [Other: 0.5 ms]
      [Choose CSet: 0.0 ms]
      [Ref Proc: 0.1 ms]
      [Ref Enq: 0.0 ms]
      [Redirty Cards: 0.1 ms]
      [Humongous Register: 0.0 ms]
      [Humongous Reclaim: 0.0 ms]
      [Free CSet: 0.2 ms]
   [Eden: 612.0M(612.0M)->0.0B(612.0M) Survivors: 2048.0K->2048.0K Heap: 618.3M(1024.0M)->6263.3K(1024.0M)]
 [Times: user=0.00 sys=0.00, real=0.00 secs] 
2024-10-11T08:40:12.510+0300: 392.896: Total time for which application threads were stopped: 0.0016760 seconds, Stopping threads took: 0.0002068 seconds
2024-10-11T08:40:14.576+0300: 394.949: Application time: 2.0528709 seconds
2024-10-11T08:40:14.576+0300: 394.949: [GC pause (G1 Evacuation Pause) (young), 0.0013831 secs]
   [Parallel Time: 0.6 ms, GC Workers: 6]
      [GC Worker Start (ms): Min: 394949.3, Avg: 394949.3, Max: 394949.3, Diff: 0.1]
      [Ext Root Scanning (ms): Min: 0.2, Avg: 0.2, Max: 0.3, Diff: 0.1, Sum: 1.5]
      [Update RS (ms): Min: 0.0, Avg: 0.0, Max: 0.0, Diff: 0.0, Sum: 0.1]
         [Processed Buffers: Min: 0, Avg: 1.0, Max: 2, Diff: 2, Sum: 6]
      [Scan RS (ms): Min: 0.1, Avg: 0.1, Max: 0.1, Diff: 0.0, Sum: 0.6]
      [Code Root Scanning (ms): Min: 0.0, Avg: 0.0, Max: 0.0, Diff: 0.0, Sum: 0.0]
      [Object Copy (ms): Min: 0.1, Avg: 0.1, Max: 0.1, Diff: 0.1, Sum: 0.7]
      [Termination (ms): Min: 0.0, Avg: 0.0, Max: 0.0, Diff: 0.0, Sum: 0.1]
         [Termination Attempts: Min: 1, Avg: 1.2, Max: 2, Diff: 1, Sum: 7]
      [GC Worker Other (ms): Min: 0.0, Avg: 0.0, Max: 0.0, Diff: 0.0, Sum: 0.2]
      [GC Worker Total (ms): Min: 0.5, Avg: 0.5, Max: 0.6, Diff: 0.1, Sum: 3.1]
      [GC Worker End (ms): Min: 394949.8, Avg: 394949.8, Max: 394949.9, Diff: 0.0]
   [Code Root Fixup: 0.0 ms]
   [Code Root Purge: 0.0 ms]
   [Clear CT: 0.2 ms]
   [Other: 0.6 ms]
      [Choose CSet: 0.0 ms]
      [Ref Proc: 0.1 ms]
      [Ref Enq: 0.0 ms]
      [Redirty Cards: 0.1 ms]
      [Humongous Register: 0.0 ms]
      [Humongous Reclaim: 0.0 ms]
      [Free CSet: 0.2 ms]
   [Eden: 612.0M(612.0M)->0.0B(612.0M) Survivors: 2048.0K->2048.0K Heap: 618.1M(1024.0M)->6333.1K(1024.0M)]
 [Times: user=0.00 sys=0.00, real=0.00 secs] 
2024-10-11T08:40:14.576+0300: 394.951: Total time for which application threads were stopped: 0.0016615 seconds, Stopping threads took: 0.0001026 seconds
2024-10-11T08:40:16.620+0300: 396.993: Application time: 2.0425666 seconds
2024-10-11T08:40:16.620+0300: 396.993: [GC pause (G1 Evacuation Pause) (young), 0.0014652 secs]
   [Parallel Time: 0.6 ms, GC Workers: 6]
      [GC Worker Start (ms): Min: 396993.6, Avg: 396993.6, Max: 396993.6, Diff: 0.1]
      [Ext Root Scanning (ms): Min: 0.2, Avg: 0.3, Max: 0.3, Diff: 0.1, Sum: 1.5]
      [Update RS (ms): Min: 0.0, Avg: 0.0, Max: 0.0, Diff: 0.0, Sum: 0.1]
         [Processed Buffers: Min: 0, Avg: 0.8, Max: 2, Diff: 2, Sum: 5]
      [Scan RS (ms): Min: 0.1, Avg: 0.1, Max: 0.1, Diff: 0.0, Sum: 0.6]
      [Code Root Scanning (ms): Min: 0.0, Avg: 0.0, Max: 0.0, Diff: 0.0, Sum: 0.0]
      [Object Copy (ms): Min: 0.1, Avg: 0.1, Max: 0.2, Diff: 0.1, Sum: 0.8]
      [Termination (ms): Min: 0.0, Avg: 0.0, Max: 0.0, Diff: 0.0, Sum: 0.1]
         [Termination Attempts: Min: 1, Avg: 1.0, Max: 1, Diff: 0, Sum: 6]
      [GC Worker Other (ms): Min: 0.0, Avg: 0.0, Max: 0.0, Diff: 0.0, Sum: 0.1]
      [GC Worker Total (ms): Min: 0.5, Avg: 0.5, Max: 0.5, Diff: 0.1, Sum: 3.1]
      [GC Worker End (ms): Min: 396994.1, Avg: 396994.1, Max: 396994.1, Diff: 0.0]
   [Code Root Fixup: 0.0 ms]
   [Code Root Purge: 0.0 ms]
   [Clear CT: 0.2 ms]
   [Other: 0.7 ms]
      [Choose CSet: 0.0 ms]
      [Ref Proc: 0.2 ms]
      [Ref Enq: 0.0 ms]
      [Redirty Cards: 0.1 ms]
      [Humongous Register: 0.0 ms]
      [Humongous Reclaim: 0.0 ms]
      [Free CSet: 0.3 ms]
   [Eden: 612.0M(612.0M)->0.0B(612.0M) Survivors: 2048.0K->2048.0K Heap: 618.2M(1024.0M)->6319.0K(1024.0M)]
 [Times: user=0.00 sys=0.00, real=0.00 secs] 
2024-10-11T08:40:16.620+0300: 396.995: Total time for which application threads were stopped: 0.0018261 seconds, Stopping threads took: 0.0001567 seconds
2024-10-11T08:40:18.676+0300: 399.055: Application time: 2.0602734 seconds
2024-10-11T08:40:18.683+0300: 399.056: [GC pause (G1 Evacuation Pause) (young), 0.0014574 secs]
   [Parallel Time: 0.6 ms, GC Workers: 6]
      [GC Worker Start (ms): Min: 399055.7, Avg: 399055.7, Max: 399055.7, Diff: 0.1]
      [Ext Root Scanning (ms): Min: 0.2, Avg: 0.2, Max: 0.3, Diff: 0.1, Sum: 1.5]
      [Update RS (ms): Min: 0.0, Avg: 0.0, Max: 0.0, Diff: 0.0, Sum: 0.1]
         [Processed Buffers: Min: 0, Avg: 0.8, Max: 2, Diff: 2, Sum: 5]
      [Scan RS (ms): Min: 0.1, Avg: 0.1, Max: 0.1, Diff: 0.0, Sum: 0.6]
      [Code Root Scanning (ms): Min: 0.0, Avg: 0.0, Max: 0.0, Diff: 0.0, Sum: 0.0]
      [Object Copy (ms): Min: 0.1, Avg: 0.1, Max: 0.1, Diff: 0.0, Sum: 0.8]
      [Termination (ms): Min: 0.0, Avg: 0.0, Max: 0.0, Diff: 0.0, Sum: 0.1]
         [Termination Attempts: Min: 1, Avg: 1.3, Max: 2, Diff: 1, Sum: 8]
      [GC Worker Other (ms): Min: 0.0, Avg: 0.0, Max: 0.0, Diff: 0.0, Sum: 0.1]
      [GC Worker Total (ms): Min: 0.5, Avg: 0.5, Max: 0.5, Diff: 0.1, Sum: 3.2]
      [GC Worker End (ms): Min: 399056.2, Avg: 399056.2, Max: 399056.2, Diff: 0.0]
   [Code Root Fixup: 0.0 ms]
   [Code Root Purge: 0.0 ms]
   [Clear CT: 0.2 ms]
   [Other: 0.6 ms]
      [Choose CSet: 0.0 ms]
      [Ref Proc: 0.1 ms]
      [Ref Enq: 0.0 ms]
      [Redirty Cards: 0.1 ms]
      [Humongous Register: 0.0 ms]
      [Humongous Reclaim: 0.0 ms]
      [Free CSet: 0.3 ms]
   [Eden: 612.0M(612.0M)->0.0B(612.0M) Survivors: 2048.0K->2048.0K Heap: 618.2M(1024.0M)->6403.3K(1024.0M)]
 [Times: user=0.00 sys=0.00, real=0.00 secs] 
2024-10-11T08:40:18.683+0300: 399.057: Total time for which application threads were stopped: 0.0018118 seconds, Stopping threads took: 0.0001521 seconds
2024-10-11T08:40:20.731+0300: 401.105: Application time: 2.0480204 seconds
2024-10-11T08:40:20.731+0300: 401.105: [GC pause (G1 Evacuation Pause) (young), 0.0013963 secs]
   [Parallel Time: 0.6 ms, GC Workers: 6]
      [GC Worker Start (ms): Min: 401105.5, Avg: 401105.5, Max: 401105.6, Diff: 0.1]
      [Ext Root Scanning (ms): Min: 0.2, Avg: 0.2, Max: 0.3, Diff: 0.1, Sum: 1.5]
      [Update RS (ms): Min: 0.0, Avg: 0.0, Max: 0.0, Diff: 0.0, Sum: 0.1]
         [Processed Buffers: Min: 0, Avg: 0.8, Max: 1, Diff: 1, Sum: 5]
      [Scan RS (ms): Min: 0.1, Avg: 0.1, Max: 0.1, Diff: 0.0, Sum: 0.6]
      [Code Root Scanning (ms): Min: 0.0, Avg: 0.0, Max: 0.0, Diff: 0.0, Sum: 0.0]
      [Object Copy (ms): Min: 0.1, Avg: 0.1, Max: 0.1, Diff: 0.0, Sum: 0.8]
      [Termination (ms): Min: 0.0, Avg: 0.0, Max: 0.0, Diff: 0.0, Sum: 0.0]
         [Termination Attempts: Min: 1, Avg: 1.0, Max: 1, Diff: 0, Sum: 6]
      [GC Worker Other (ms): Min: 0.0, Avg: 0.0, Max: 0.0, Diff: 0.0, Sum: 0.1]
      [GC Worker Total (ms): Min: 0.5, Avg: 0.5, Max: 0.5, Diff: 0.1, Sum: 3.0]
      [GC Worker End (ms): Min: 401106.0, Avg: 401106.0, Max: 401106.1, Diff: 0.0]
   [Code Root Fixup: 0.0 ms]
   [Code Root Purge: 0.0 ms]
   [Clear CT: 0.2 ms]
   [Other: 0.6 ms]
      [Choose CSet: 0.0 ms]
      [Ref Proc: 0.1 ms]
      [Ref Enq: 0.0 ms]
      [Redirty Cards: 0.1 ms]
      [Humongous Register: 0.0 ms]
      [Humongous Reclaim: 0.0 ms]
      [Free CSet: 0.3 ms]
   [Eden: 612.0M(612.0M)->0.0B(612.0M) Survivors: 2048.0K->2048.0K Heap: 618.3M(1024.0M)->6407.6K(1024.0M)]
 [Times: user=0.00 sys=0.00, real=0.00 secs] 
2024-10-11T08:40:20.731+0300: 401.107: Total time for which application threads were stopped: 0.0017332 seconds, Stopping threads took: 0.0001517 seconds
2024-10-11T08:40:22.771+0300: 403.150: Application time: 2.0428297 seconds
2024-10-11T08:40:22.771+0300: 403.150: [GC pause (G1 Evacuation Pause) (young), 0.0014826 secs]
   [Parallel Time: 0.7 ms, GC Workers: 6]
      [GC Worker Start (ms): Min: 403150.1, Avg: 403150.2, Max: 403150.5, Diff: 0.3]
      [Ext Root Scanning (ms): Min: 0.0, Avg: 0.2, Max: 0.3, Diff: 0.3, Sum: 1.4]
      [Update RS (ms): Min: 0.0, Avg: 0.0, Max: 0.0, Diff: 0.0, Sum: 0.1]
         [Processed Buffers: Min: 0, Avg: 0.8, Max: 2, Diff: 2, Sum: 5]
      [Scan RS (ms): Min: 0.1, Avg: 0.1, Max: 0.1, Diff: 0.0, Sum: 0.6]
      [Code Root Scanning (ms): Min: 0.0, Avg: 0.0, Max: 0.0, Diff: 0.0, Sum: 0.0]
      [Object Copy (ms): Min: 0.1, Avg: 0.1, Max: 0.2, Diff: 0.1, Sum: 0.8]
      [Termination (ms): Min: 0.0, Avg: 0.0, Max: 0.0, Diff: 0.0, Sum: 0.1]
         [Termination Attempts: Min: 1, Avg: 1.0, Max: 1, Diff: 0, Sum: 6]
      [GC Worker Other (ms): Min: 0.0, Avg: 0.0, Max: 0.1, Diff: 0.0, Sum: 0.2]
      [GC Worker Total (ms): Min: 0.3, Avg: 0.5, Max: 0.6, Diff: 0.3, Sum: 3.1]
      [GC Worker End (ms): Min: 403150.7, Avg: 403150.7, Max: 403150.8, Diff: 0.0]
   [Code Root Fixup: 0.0 ms]
   [Code Root Purge: 0.0 ms]
   [Clear CT: 0.2 ms]
   [Other: 0.6 ms]
      [Choose CSet: 0.0 ms]
      [Ref Proc: 0.1 ms]
      [Ref Enq: 0.0 ms]
      [Redirty Cards: 0.1 ms]
      [Humongous Register: 0.0 ms]
      [Humongous Reclaim: 0.0 ms]
      [Free CSet: 0.3 ms]
   [Eden: 612.0M(612.0M)->0.0B(612.0M) Survivors: 2048.0K->2048.0K Heap: 618.3M(1024.0M)->6410.6K(1024.0M)]
 [Times: user=0.00 sys=0.00, real=0.00 secs] 
2024-10-11T08:40:22.771+0300: 403.152: Total time for which application threads were stopped: 0.0019153 seconds, Stopping threads took: 0.0002153 seconds
2024-10-11T08:40:24.827+0300: 405.213: Application time: 2.0612787 seconds
2024-10-11T08:40:24.827+0300: 405.214: [GC pause (G1 Evacuation Pause) (young), 0.0018202 secs]
   [Parallel Time: 0.7 ms, GC Workers: 6]
      [GC Worker Start (ms): Min: 405214.0, Avg: 405214.1, Max: 405214.5, Diff: 0.6]
      [Ext Root Scanning (ms): Min: 0.0, Avg: 0.2, Max: 0.3, Diff: 0.3, Sum: 1.4]
      [Update RS (ms): Min: 0.0, Avg: 0.0, Max: 0.0, Diff: 0.0, Sum: 0.0]
         [Processed Buffers: Min: 0, Avg: 0.8, Max: 2, Diff: 2, Sum: 5]
      [Scan RS (ms): Min: 0.0, Avg: 0.1, Max: 0.1, Diff: 0.1, Sum: 0.5]
      [Code Root Scanning (ms): Min: 0.0, Avg: 0.0, Max: 0.0, Diff: 0.0, Sum: 0.0]
      [Object Copy (ms): Min: 0.0, Avg: 0.1, Max: 0.1, Diff: 0.1, Sum: 0.6]
      [Termination (ms): Min: 0.0, Avg: 0.0, Max: 0.1, Diff: 0.1, Sum: 0.2]
         [Termination Attempts: Min: 1, Avg: 1.0, Max: 1, Diff: 0, Sum: 6]
      [GC Worker Other (ms): Min: 0.0, Avg: 0.0, Max: 0.0, Diff: 0.0, Sum: 0.0]
      [GC Worker Total (ms): Min: 0.0, Avg: 0.5, Max: 0.6, Diff: 0.6, Sum: 2.8]
      [GC Worker End (ms): Min: 405214.5, Avg: 405214.5, Max: 405214.6, Diff: 0.0]
   [Code Root Fixup: 0.0 ms]
   [Code Root Purge: 0.0 ms]
   [Clear CT: 0.2 ms]
   [Other: 1.0 ms]
      [Choose CSet: 0.0 ms]
      [Ref Proc: 0.1 ms]
      [Ref Enq: 0.0 ms]
      [Redirty Cards: 0.2 ms]
      [Humongous Register: 0.0 ms]
      [Humongous Reclaim: 0.0 ms]
      [Free CSet: 0.5 ms]
   [Eden: 612.0M(612.0M)->0.0B(612.0M) Survivors: 2048.0K->2048.0K Heap: 618.3M(1024.0M)->6506.0K(1024.0M)]
 [Times: user=0.00 sys=0.00, real=0.02 secs] 
2024-10-11T08:40:24.843+0300: 405.216: Total time for which application threads were stopped: 0.0029199 seconds, Stopping threads took: 0.0008339 seconds
2024-10-11T08:40:26.899+0300: 407.273: Application time: 2.0566778 seconds
2024-10-11T08:40:26.899+0300: 407.273: [GC pause (G1 Evacuation Pause) (young), 0.0013931 secs]
   [Parallel Time: 0.6 ms, GC Workers: 6]
      [GC Worker Start (ms): Min: 407272.8, Avg: 407272.8, Max: 407272.8, Diff: 0.1]
      [Ext Root Scanning (ms): Min: 0.2, Avg: 0.2, Max: 0.3, Diff: 0.0, Sum: 1.4]
      [Update RS (ms): Min: 0.0, Avg: 0.0, Max: 0.0, Diff: 0.0, Sum: 0.0]
         [Processed Buffers: Min: 0, Avg: 0.7, Max: 1, Diff: 1, Sum: 4]
      [Scan RS (ms): Min: 0.1, Avg: 0.1, Max: 0.1, Diff: 0.0, Sum: 0.5]
      [Code Root Scanning (ms): Min: 0.0, Avg: 0.0, Max: 0.0, Diff: 0.0, Sum: 0.0]
      [Object Copy (ms): Min: 0.1, Avg: 0.1, Max: 0.1, Diff: 0.0, Sum: 0.7]
      [Termination (ms): Min: 0.0, Avg: 0.0, Max: 0.0, Diff: 0.0, Sum: 0.0]
         [Termination Attempts: Min: 1, Avg: 1.0, Max: 1, Diff: 0, Sum: 6]
      [GC Worker Other (ms): Min: 0.0, Avg: 0.0, Max: 0.0, Diff: 0.0, Sum: 0.1]
      [GC Worker Total (ms): Min: 0.4, Avg: 0.5, Max: 0.5, Diff: 0.1, Sum: 2.9]
      [GC Worker End (ms): Min: 407273.3, Avg: 407273.3, Max: 407273.3, Diff: 0.0]
   [Code Root Fixup: 0.0 ms]
   [Code Root Purge: 0.0 ms]
   [Clear CT: 0.2 ms]
   [Other: 0.6 ms]
      [Choose CSet: 0.0 ms]
      [Ref Proc: 0.1 ms]
      [Ref Enq: 0.0 ms]
      [Redirty Cards: 0.1 ms]
      [Humongous Register: 0.0 ms]
      [Humongous Reclaim: 0.0 ms]
      [Free CSet: 0.2 ms]
   [Eden: 612.0M(612.0M)->0.0B(612.0M) Survivors: 2048.0K->2048.0K Heap: 618.4M(1024.0M)->6243.6K(1024.0M)]
 [Times: user=0.00 sys=0.00, real=0.00 secs] 
2024-10-11T08:40:26.899+0300: 407.274: Total time for which application threads were stopped: 0.0016925 seconds, Stopping threads took: 0.0001065 seconds
2024-10-11T08:40:28.941+0300: 409.314: Application time: 2.0398522 seconds
2024-10-11T08:40:28.941+0300: 409.314: [GC pause (G1 Evacuation Pause) (young), 0.0014745 secs]
   [Parallel Time: 0.6 ms, GC Workers: 6]
      [GC Worker Start (ms): Min: 409314.4, Avg: 409314.5, Max: 409314.5, Diff: 0.1]
      [Ext Root Scanning (ms): Min: 0.2, Avg: 0.2, Max: 0.3, Diff: 0.0, Sum: 1.5]
      [Update RS (ms): Min: 0.0, Avg: 0.0, Max: 0.0, Diff: 0.0, Sum: 0.1]
         [Processed Buffers: Min: 0, Avg: 0.7, Max: 2, Diff: 2, Sum: 4]
      [Scan RS (ms): Min: 0.1, Avg: 0.1, Max: 0.1, Diff: 0.0, Sum: 0.5]
      [Code Root Scanning (ms): Min: 0.0, Avg: 0.0, Max: 0.0, Diff: 0.0, Sum: 0.0]
      [Object Copy (ms): Min: 0.1, Avg: 0.1, Max: 0.1, Diff: 0.0, Sum: 0.7]
      [Termination (ms): Min: 0.0, Avg: 0.0, Max: 0.0, Diff: 0.0, Sum: 0.1]
         [Termination Attempts: Min: 1, Avg: 1.3, Max: 3, Diff: 2, Sum: 8]
      [GC Worker Other (ms): Min: 0.0, Avg: 0.0, Max: 0.0, Diff: 0.0, Sum: 0.1]
      [GC Worker Total (ms): Min: 0.5, Avg: 0.5, Max: 0.5, Diff: 0.0, Sum: 3.1]
      [GC Worker End (ms): Min: 409315.0, Avg: 409315.0, Max: 409315.0, Diff: 0.0]
   [Code Root Fixup: 0.0 ms]
   [Code Root Purge: 0.0 ms]
   [Clear CT: 0.2 ms]
   [Other: 0.6 ms]
      [Choose CSet: 0.0 ms]
      [Ref Proc: 0.1 ms]
      [Ref Enq: 0.0 ms]
      [Redirty Cards: 0.1 ms]
      [Humongous Register: 0.1 ms]
      [Humongous Reclaim: 0.0 ms]
      [Free CSet: 0.2 ms]
   [Eden: 612.0M(612.0M)->0.0B(612.0M) Survivors: 2048.0K->2048.0K Heap: 618.1M(1024.0M)->6320.8K(1024.0M)]
 [Times: user=0.00 sys=0.00, real=0.00 secs] 
2024-10-11T08:40:28.941+0300: 409.316: Total time for which application threads were stopped: 0.0018189 seconds, Stopping threads took: 0.0001184 seconds
2024-10-11T08:40:30.981+0300: 411.354: Application time: 2.0383218 seconds
2024-10-11T08:40:30.981+0300: 411.355: [GC pause (G1 Evacuation Pause) (young), 0.0015442 secs]
   [Parallel Time: 0.7 ms, GC Workers: 6]
      [GC Worker Start (ms): Min: 411354.6, Avg: 411354.7, Max: 411354.7, Diff: 0.1]
      [Ext Root Scanning (ms): Min: 0.2, Avg: 0.3, Max: 0.3, Diff: 0.1, Sum: 1.6]
      [Update RS (ms): Min: 0.0, Avg: 0.0, Max: 0.0, Diff: 0.0, Sum: 0.1]
         [Processed Buffers: Min: 0, Avg: 0.8, Max: 1, Diff: 1, Sum: 5]
      [Scan RS (ms): Min: 0.1, Avg: 0.1, Max: 0.1, Diff: 0.0, Sum: 0.6]
      [Code Root Scanning (ms): Min: 0.0, Avg: 0.0, Max: 0.0, Diff: 0.0, Sum: 0.0]
      [Object Copy (ms): Min: 0.1, Avg: 0.1, Max: 0.2, Diff: 0.0, Sum: 0.8]
      [Termination (ms): Min: 0.0, Avg: 0.0, Max: 0.0, Diff: 0.0, Sum: 0.1]
         [Termination Attempts: Min: 1, Avg: 1.0, Max: 1, Diff: 0, Sum: 6]
      [GC Worker Other (ms): Min: 0.0, Avg: 0.0, Max: 0.0, Diff: 0.0, Sum: 0.1]
      [GC Worker Total (ms): Min: 0.5, Avg: 0.5, Max: 0.6, Diff: 0.1, Sum: 3.3]
      [GC Worker End (ms): Min: 411355.2, Avg: 411355.2, Max: 411355.2, Diff: 0.0]
   [Code Root Fixup: 0.0 ms]
   [Code Root Purge: 0.0 ms]
   [Clear CT: 0.2 ms]
   [Other: 0.6 ms]
      [Choose CSet: 0.0 ms]
      [Ref Proc: 0.1 ms]
      [Ref Enq: 0.0 ms]
      [Redirty Cards: 0.1 ms]
      [Humongous Register: 0.0 ms]
      [Humongous Reclaim: 0.0 ms]
      [Free CSet: 0.3 ms]
   [Eden: 612.0M(612.0M)->0.0B(612.0M) Survivors: 2048.0K->2048.0K Heap: 618.2M(1024.0M)->6508.0K(1024.0M)]
 [Times: user=0.00 sys=0.00, real=0.00 secs] 
2024-10-11T08:40:30.981+0300: 411.356: Total time for which application threads were stopped: 0.0019221 seconds, Stopping threads took: 0.0001761 seconds
2024-10-11T08:40:33.052+0300: 413.439: Application time: 2.0829396 seconds
2024-10-11T08:40:33.052+0300: 413.439: [GC pause (G1 Evacuation Pause) (young), 0.0015481 secs]
   [Parallel Time: 0.7 ms, GC Workers: 6]
      [GC Worker Start (ms): Min: 413439.4, Avg: 413439.5, Max: 413439.5, Diff: 0.0]
      [Ext Root Scanning (ms): Min: 0.2, Avg: 0.2, Max: 0.3, Diff: 0.0, Sum: 1.5]
      [Update RS (ms): Min: 0.0, Avg: 0.0, Max: 0.0, Diff: 0.0, Sum: 0.1]
         [Processed Buffers: Min: 0, Avg: 0.8, Max: 2, Diff: 2, Sum: 5]
      [Scan RS (ms): Min: 0.1, Avg: 0.1, Max: 0.3, Diff: 0.2, Sum: 0.9]
      [Code Root Scanning (ms): Min: 0.0, Avg: 0.0, Max: 0.0, Diff: 0.0, Sum: 0.0]
      [Object Copy (ms): Min: 0.0, Avg: 0.1, Max: 0.2, Diff: 0.1, Sum: 0.8]
      [Termination (ms): Min: 0.0, Avg: 0.0, Max: 0.0, Diff: 0.0, Sum: 0.2]
         [Termination Attempts: Min: 1, Avg: 1.0, Max: 1, Diff: 0, Sum: 6]
      [GC Worker Other (ms): Min: 0.0, Avg: 0.0, Max: 0.0, Diff: 0.0, Sum: 0.1]
      [GC Worker Total (ms): Min: 0.6, Avg: 0.6, Max: 0.6, Diff: 0.1, Sum: 3.5]
      [GC Worker End (ms): Min: 413440.0, Avg: 413440.1, Max: 413440.1, Diff: 0.0]
   [Code Root Fixup: 0.0 ms]
   [Code Root Purge: 0.0 ms]
   [Clear CT: 0.2 ms]
   [Other: 0.7 ms]
      [Choose CSet: 0.0 ms]
      [Ref Proc: 0.2 ms]
      [Ref Enq: 0.0 ms]
      [Redirty Cards: 0.1 ms]
      [Humongous Register: 0.0 ms]
      [Humongous Reclaim: 0.0 ms]
      [Free CSet: 0.3 ms]
   [Eden: 612.0M(612.0M)->0.0B(612.0M) Survivors: 2048.0K->2048.0K Heap: 618.4M(1024.0M)->6291.1K(1024.0M)]
 [Times: user=0.02 sys=0.00, real=0.02 secs] 
2024-10-11T08:40:33.068+0300: 413.441: Total time for which application threads were stopped: 0.0019133 seconds, Stopping threads took: 0.0001363 seconds
2024-10-11T08:40:35.124+0300: 415.497: Application time: 2.0556876 seconds
2024-10-11T08:40:35.124+0300: 415.497: [GC pause (G1 Evacuation Pause) (young), 0.0014049 secs]
   [Parallel Time: 0.6 ms, GC Workers: 6]
      [GC Worker Start (ms): Min: 415497.0, Avg: 415497.0, Max: 415497.1, Diff: 0.0]
      [Ext Root Scanning (ms): Min: 0.2, Avg: 0.2, Max: 0.3, Diff: 0.0, Sum: 1.4]
      [Update RS (ms): Min: 0.0, Avg: 0.0, Max: 0.0, Diff: 0.0, Sum: 0.1]
         [Processed Buffers: Min: 0, Avg: 0.8, Max: 1, Diff: 1, Sum: 5]
      [Scan RS (ms): Min: 0.1, Avg: 0.1, Max: 0.1, Diff: 0.0, Sum: 0.5]
      [Code Root Scanning (ms): Min: 0.0, Avg: 0.0, Max: 0.0, Diff: 0.0, Sum: 0.0]
      [Object Copy (ms): Min: 0.1, Avg: 0.1, Max: 0.2, Diff: 0.1, Sum: 0.7]
      [Termination (ms): Min: 0.0, Avg: 0.0, Max: 0.0, Diff: 0.0, Sum: 0.1]
         [Termination Attempts: Min: 1, Avg: 1.0, Max: 1, Diff: 0, Sum: 6]
      [GC Worker Other (ms): Min: 0.0, Avg: 0.0, Max: 0.0, Diff: 0.0, Sum: 0.1]
      [GC Worker Total (ms): Min: 0.5, Avg: 0.5, Max: 0.5, Diff: 0.1, Sum: 3.0]
      [GC Worker End (ms): Min: 415497.5, Avg: 415497.5, Max: 415497.5, Diff: 0.0]
   [Code Root Fixup: 0.0 ms]
   [Code Root Purge: 0.0 ms]
   [Clear CT: 0.2 ms]
   [Other: 0.6 ms]
      [Choose CSet: 0.0 ms]
      [Ref Proc: 0.1 ms]
      [Ref Enq: 0.0 ms]
      [Redirty Cards: 0.1 ms]
      [Humongous Register: 0.0 ms]
      [Humongous Reclaim: 0.0 ms]
      [Free CSet: 0.3 ms]
   [Eden: 612.0M(612.0M)->0.0B(612.0M) Survivors: 2048.0K->2048.0K Heap: 618.1M(1024.0M)->6447.5K(1024.0M)]
 [Times: user=0.00 sys=0.00, real=0.00 secs] 
2024-10-11T08:40:35.124+0300: 415.498: Total time for which application threads were stopped: 0.0017291 seconds, Stopping threads took: 0.0001144 seconds
2024-10-11T08:40:37.165+0300: 417.538: Application time: 2.0397108 seconds
2024-10-11T08:40:37.165+0300: 417.538: [GC pause (G1 Evacuation Pause) (young), 0.0013436 secs]
   [Parallel Time: 0.6 ms, GC Workers: 6]
      [GC Worker Start (ms): Min: 417538.5, Avg: 417538.5, Max: 417538.5, Diff: 0.1]
      [Ext Root Scanning (ms): Min: 0.2, Avg: 0.3, Max: 0.3, Diff: 0.1, Sum: 1.5]
      [Update RS (ms): Min: 0.0, Avg: 0.0, Max: 0.0, Diff: 0.0, Sum: 0.1]
         [Processed Buffers: Min: 0, Avg: 1.0, Max: 2, Diff: 2, Sum: 6]
      [Scan RS (ms): Min: 0.1, Avg: 0.1, Max: 0.1, Diff: 0.0, Sum: 0.6]
      [Code Root Scanning (ms): Min: 0.0, Avg: 0.0, Max: 0.0, Diff: 0.0, Sum: 0.0]
      [Object Copy (ms): Min: 0.1, Avg: 0.1, Max: 0.2, Diff: 0.1, Sum: 0.7]
      [Termination (ms): Min: 0.0, Avg: 0.0, Max: 0.0, Diff: 0.0, Sum: 0.0]
         [Termination Attempts: Min: 1, Avg: 1.0, Max: 1, Diff: 0, Sum: 6]
      [GC Worker Other (ms): Min: 0.0, Avg: 0.0, Max: 0.0, Diff: 0.0, Sum: 0.2]
      [GC Worker Total (ms): Min: 0.5, Avg: 0.5, Max: 0.5, Diff: 0.1, Sum: 3.1]
      [GC Worker End (ms): Min: 417539.0, Avg: 417539.0, Max: 417539.0, Diff: 0.0]
   [Code Root Fixup: 0.0 ms]
   [Code Root Purge: 0.0 ms]
   [Clear CT: 0.2 ms]
   [Other: 0.6 ms]
      [Choose CSet: 0.0 ms]
      [Ref Proc: 0.1 ms]
      [Ref Enq: 0.0 ms]
      [Redirty Cards: 0.1 ms]
      [Humongous Register: 0.0 ms]
      [Humongous Reclaim: 0.0 ms]
      [Free CSet: 0.3 ms]
   [Eden: 612.0M(612.0M)->0.0B(612.0M) Survivors: 2048.0K->2048.0K Heap: 618.3M(1024.0M)->6217.8K(1024.0M)]
 [Times: user=0.00 sys=0.00, real=0.00 secs] 
2024-10-11T08:40:37.165+0300: 417.540: Total time for which application threads were stopped: 0.0016918 seconds, Stopping threads took: 0.0001583 seconds
2024-10-11T08:40:39.204+0300: 419.587: Application time: 2.0472166 seconds
2024-10-11T08:40:39.204+0300: 419.587: [GC pause (G1 Evacuation Pause) (young), 0.0015211 secs]
   [Parallel Time: 0.7 ms, GC Workers: 6]
      [GC Worker Start (ms): Min: 419587.4, Avg: 419587.5, Max: 419587.7, Diff: 0.3]
      [Ext Root Scanning (ms): Min: 0.0, Avg: 0.2, Max: 0.3, Diff: 0.3, Sum: 1.3]
      [Update RS (ms): Min: 0.0, Avg: 0.0, Max: 0.0, Diff: 0.0, Sum: 0.1]
         [Processed Buffers: Min: 0, Avg: 1.0, Max: 2, Diff: 2, Sum: 6]
      [Scan RS (ms): Min: 0.1, Avg: 0.1, Max: 0.1, Diff: 0.0, Sum: 0.6]
      [Code Root Scanning (ms): Min: 0.0, Avg: 0.0, Max: 0.0, Diff: 0.0, Sum: 0.0]
      [Object Copy (ms): Min: 0.1, Avg: 0.1, Max: 0.2, Diff: 0.1, Sum: 0.9]
      [Termination (ms): Min: 0.0, Avg: 0.0, Max: 0.0, Diff: 0.0, Sum: 0.1]
         [Termination Attempts: Min: 1, Avg: 1.2, Max: 2, Diff: 1, Sum: 7]
      [GC Worker Other (ms): Min: 0.0, Avg: 0.0, Max: 0.0, Diff: 0.0, Sum: 0.1]
      [GC Worker Total (ms): Min: 0.3, Avg: 0.5, Max: 0.6, Diff: 0.3, Sum: 3.0]
      [GC Worker End (ms): Min: 419588.0, Avg: 419588.0, Max: 419588.0, Diff: 0.0]
   [Code Root Fixup: 0.0 ms]
   [Code Root Purge: 0.0 ms]
   [Clear CT: 0.2 ms]
   [Other: 0.6 ms]
      [Choose CSet: 0.0 ms]
      [Ref Proc: 0.1 ms]
      [Ref Enq: 0.0 ms]
      [Redirty Cards: 0.1 ms]
      [Humongous Register: 0.0 ms]
      [Humongous Reclaim: 0.0 ms]
      [Free CSet: 0.3 ms]
   [Eden: 612.0M(612.0M)->0.0B(612.0M) Survivors: 2048.0K->2048.0K Heap: 618.1M(1024.0M)->6356.5K(1024.0M)]
 [Times: user=0.00 sys=0.00, real=0.00 secs] 
2024-10-11T08:40:39.204+0300: 419.589: Total time for which application threads were stopped: 0.0018591 seconds, Stopping threads took: 0.0001542 seconds
2024-10-11T08:40:41.260+0300: 421.632: Application time: 2.0431573 seconds
2024-10-11T08:40:41.260+0300: 421.632: [GC pause (G1 Evacuation Pause) (young), 0.0014128 secs]
   [Parallel Time: 0.6 ms, GC Workers: 6]
      [GC Worker Start (ms): Min: 421632.4, Avg: 421632.4, Max: 421632.5, Diff: 0.1]
      [Ext Root Scanning (ms): Min: 0.1, Avg: 0.2, Max: 0.3, Diff: 0.1, Sum: 1.4]
      [Update RS (ms): Min: 0.0, Avg: 0.0, Max: 0.0, Diff: 0.0, Sum: 0.1]
         [Processed Buffers: Min: 0, Avg: 1.0, Max: 2, Diff: 2, Sum: 6]
      [Scan RS (ms): Min: 0.1, Avg: 0.1, Max: 0.1, Diff: 0.0, Sum: 0.5]
      [Code Root Scanning (ms): Min: 0.0, Avg: 0.0, Max: 0.0, Diff: 0.0, Sum: 0.0]
      [Object Copy (ms): Min: 0.1, Avg: 0.1, Max: 0.2, Diff: 0.1, Sum: 0.8]
      [Termination (ms): Min: 0.0, Avg: 0.0, Max: 0.0, Diff: 0.0, Sum: 0.0]
         [Termination Attempts: Min: 1, Avg: 1.0, Max: 1, Diff: 0, Sum: 6]
      [GC Worker Other (ms): Min: 0.0, Avg: 0.0, Max: 0.0, Diff: 0.0, Sum: 0.1]
      [GC Worker Total (ms): Min: 0.4, Avg: 0.5, Max: 0.5, Diff: 0.1, Sum: 3.0]
      [GC Worker End (ms): Min: 421632.9, Avg: 421632.9, Max: 421633.0, Diff: 0.0]
   [Code Root Fixup: 0.0 ms]
   [Code Root Purge: 0.0 ms]
   [Clear CT: 0.2 ms]
   [Other: 0.7 ms]
      [Choose CSet: 0.0 ms]
      [Ref Proc: 0.1 ms]
      [Ref Enq: 0.0 ms]
      [Redirty Cards: 0.1 ms]
      [Humongous Register: 0.0 ms]
      [Humongous Reclaim: 0.0 ms]
      [Free CSet: 0.3 ms]
   [Eden: 612.0M(612.0M)->0.0B(612.0M) Survivors: 2048.0K->2048.0K Heap: 618.2M(1024.0M)->6433.6K(1024.0M)]
 [Times: user=0.00 sys=0.00, real=0.00 secs] 
2024-10-11T08:40:41.260+0300: 421.634: Total time for which application threads were stopped: 0.0017528 seconds, Stopping threads took: 0.0001263 seconds
2024-10-11T08:40:43.299+0300: 423.671: Application time: 2.0375232 seconds
2024-10-11T08:40:43.299+0300: 423.672: [GC pause (G1 Evacuation Pause) (young), 0.0015479 secs]
   [Parallel Time: 0.7 ms, GC Workers: 6]
      [GC Worker Start (ms): Min: 423671.8, Avg: 423671.8, Max: 423671.8, Diff: 0.0]
      [Ext Root Scanning (ms): Min: 0.2, Avg: 0.2, Max: 0.3, Diff: 0.0, Sum: 1.5]
      [Update RS (ms): Min: 0.0, Avg: 0.0, Max: 0.0, Diff: 0.0, Sum: 0.1]
         [Processed Buffers: Min: 0, Avg: 0.8, Max: 1, Diff: 1, Sum: 5]
      [Scan RS (ms): Min: 0.1, Avg: 0.1, Max: 0.1, Diff: 0.0, Sum: 0.6]
      [Code Root Scanning (ms): Min: 0.0, Avg: 0.0, Max: 0.0, Diff: 0.0, Sum: 0.0]
      [Object Copy (ms): Min: 0.1, Avg: 0.1, Max: 0.2, Diff: 0.1, Sum: 0.8]
      [Termination (ms): Min: 0.0, Avg: 0.0, Max: 0.1, Diff: 0.1, Sum: 0.2]
         [Termination Attempts: Min: 1, Avg: 1.0, Max: 1, Diff: 0, Sum: 6]
      [GC Worker Other (ms): Min: 0.0, Avg: 0.0, Max: 0.0, Diff: 0.0, Sum: 0.1]
      [GC Worker Total (ms): Min: 0.5, Avg: 0.6, Max: 0.6, Diff: 0.1, Sum: 3.3]
      [GC Worker End (ms): Min: 423672.4, Avg: 423672.4, Max: 423672.4, Diff: 0.0]
   [Code Root Fixup: 0.0 ms]
   [Code Root Purge: 0.0 ms]
   [Clear CT: 0.2 ms]
   [Other: 0.7 ms]
      [Choose CSet: 0.0 ms]
      [Ref Proc: 0.2 ms]
      [Ref Enq: 0.0 ms]
      [Redirty Cards: 0.1 ms]
      [Humongous Register: 0.0 ms]
      [Humongous Reclaim: 0.0 ms]
      [Free CSet: 0.3 ms]
   [Eden: 612.0M(612.0M)->0.0B(612.0M) Survivors: 2048.0K->2048.0K Heap: 618.3M(1024.0M)->6348.7K(1024.0M)]
 [Times: user=0.00 sys=0.00, real=0.00 secs] 
2024-10-11T08:40:43.299+0300: 423.673: Total time for which application threads were stopped: 0.0019980 seconds, Stopping threads took: 0.0002557 seconds
2024-10-11T08:40:45.338+0300: 425.721: Application time: 2.0476507 seconds
2024-10-11T08:40:45.338+0300: 425.721: [GC pause (G1 Evacuation Pause) (young), 0.0013298 secs]
   [Parallel Time: 0.6 ms, GC Workers: 6]
      [GC Worker Start (ms): Min: 425721.4, Avg: 425721.4, Max: 425721.5, Diff: 0.1]
      [Ext Root Scanning (ms): Min: 0.2, Avg: 0.2, Max: 0.3, Diff: 0.1, Sum: 1.4]
      [Update RS (ms): Min: 0.0, Avg: 0.0, Max: 0.0, Diff: 0.0, Sum: 0.1]
         [Processed Buffers: Min: 0, Avg: 0.8, Max: 1, Diff: 1, Sum: 5]
      [Scan RS (ms): Min: 0.1, Avg: 0.1, Max: 0.1, Diff: 0.0, Sum: 0.6]
      [Code Root Scanning (ms): Min: 0.0, Avg: 0.0, Max: 0.0, Diff: 0.0, Sum: 0.0]
      [Object Copy (ms): Min: 0.1, Avg: 0.1, Max: 0.2, Diff: 0.0, Sum: 0.9]
      [Termination (ms): Min: 0.0, Avg: 0.0, Max: 0.0, Diff: 0.0, Sum: 0.1]
         [Termination Attempts: Min: 1, Avg: 1.0, Max: 1, Diff: 0, Sum: 6]
      [GC Worker Other (ms): Min: 0.0, Avg: 0.0, Max: 0.0, Diff: 0.0, Sum: 0.1]
      [GC Worker Total (ms): Min: 0.5, Avg: 0.5, Max: 0.6, Diff: 0.1, Sum: 3.3]
      [GC Worker End (ms): Min: 425722.0, Avg: 425722.0, Max: 425722.0, Diff: 0.0]
   [Code Root Fixup: 0.0 ms]
   [Code Root Purge: 0.0 ms]
   [Clear CT: 0.2 ms]
   [Other: 0.6 ms]
      [Choose CSet: 0.0 ms]
      [Ref Proc: 0.1 ms]
      [Ref Enq: 0.0 ms]
      [Redirty Cards: 0.1 ms]
      [Humongous Register: 0.0 ms]
      [Humongous Reclaim: 0.0 ms]
      [Free CSet: 0.2 ms]
   [Eden: 612.0M(612.0M)->0.0B(612.0M) Survivors: 2048.0K->2048.0K Heap: 618.2M(1024.0M)->6352.9K(1024.0M)]
 [Times: user=0.00 sys=0.00, real=0.00 secs] 
2024-10-11T08:40:45.338+0300: 425.723: Total time for which application threads were stopped: 0.0017295 seconds, Stopping threads took: 0.0002143 seconds
2024-10-11T08:40:47.378+0300: 427.764: Application time: 2.0408778 seconds
2024-10-11T08:40:47.378+0300: 427.764: [GC pause (G1 Evacuation Pause) (young), 0.0017709 secs]
   [Parallel Time: 0.7 ms, GC Workers: 6]
      [GC Worker Start (ms): Min: 427764.0, Avg: 427764.1, Max: 427764.3, Diff: 0.3]
      [Ext Root Scanning (ms): Min: 0.0, Avg: 0.2, Max: 0.3, Diff: 0.3, Sum: 1.3]
      [Update RS (ms): Min: 0.0, Avg: 0.0, Max: 0.0, Diff: 0.0, Sum: 0.1]
         [Processed Buffers: Min: 0, Avg: 0.8, Max: 2, Diff: 2, Sum: 5]
      [Scan RS (ms): Min: 0.1, Avg: 0.1, Max: 0.1, Diff: 0.0, Sum: 0.6]
      [Code Root Scanning (ms): Min: 0.0, Avg: 0.0, Max: 0.0, Diff: 0.0, Sum: 0.0]
      [Object Copy (ms): Min: 0.1, Avg: 0.1, Max: 0.2, Diff: 0.1, Sum: 0.8]
      [Termination (ms): Min: 0.0, Avg: 0.0, Max: 0.0, Diff: 0.0, Sum: 0.1]
         [Termination Attempts: Min: 1, Avg: 1.0, Max: 1, Diff: 0, Sum: 6]
      [GC Worker Other (ms): Min: 0.0, Avg: 0.0, Max: 0.0, Diff: 0.0, Sum: 0.1]
      [GC Worker Total (ms): Min: 0.3, Avg: 0.5, Max: 0.6, Diff: 0.3, Sum: 3.1]
      [GC Worker End (ms): Min: 427764.6, Avg: 427764.6, Max: 427764.6, Diff: 0.0]
   [Code Root Fixup: 0.0 ms]
   [Code Root Purge: 0.0 ms]
   [Clear CT: 0.2 ms]
   [Other: 0.9 ms]
      [Choose CSet: 0.0 ms]
      [Ref Proc: 0.2 ms]
      [Ref Enq: 0.0 ms]
      [Redirty Cards: 0.1 ms]
      [Humongous Register: 0.0 ms]
      [Humongous Reclaim: 0.0 ms]
      [Free CSet: 0.5 ms]
   [Eden: 612.0M(612.0M)->0.0B(612.0M) Survivors: 2048.0K->2048.0K Heap: 618.2M(1024.0M)->6543.6K(1024.0M)]
 [Times: user=0.00 sys=0.00, real=0.00 secs] 
2024-10-11T08:40:47.378+0300: 427.766: Total time for which application threads were stopped: 0.0022011 seconds, Stopping threads took: 0.0001717 seconds
2024-10-11T08:40:49.701+0300: 430.085: Application time: 2.3195806 seconds
2024-10-11T08:40:49.701+0300: 430.086: [GC pause (G1 Evacuation Pause) (young), 0.0020983 secs]
   [Parallel Time: 0.8 ms, GC Workers: 6]
      [GC Worker Start (ms): Min: 430085.7, Avg: 430085.8, Max: 430085.8, Diff: 0.1]
      [Ext Root Scanning (ms): Min: 0.2, Avg: 0.2, Max: 0.3, Diff: 0.1, Sum: 1.5]
      [Update RS (ms): Min: 0.0, Avg: 0.0, Max: 0.0, Diff: 0.0, Sum: 0.1]
         [Processed Buffers: Min: 0, Avg: 1.0, Max: 2, Diff: 2, Sum: 6]
      [Scan RS (ms): Min: 0.1, Avg: 0.1, Max: 0.1, Diff: 0.0, Sum: 0.6]
      [Code Root Scanning (ms): Min: 0.0, Avg: 0.0, Max: 0.0, Diff: 0.0, Sum: 0.0]
      [Object Copy (ms): Min: 0.3, Avg: 0.3, Max: 0.3, Diff: 0.1, Sum: 1.8]
      [Termination (ms): Min: 0.0, Avg: 0.0, Max: 0.0, Diff: 0.0, Sum: 0.2]
         [Termination Attempts: Min: 1, Avg: 1.0, Max: 1, Diff: 0, Sum: 6]
      [GC Worker Other (ms): Min: 0.0, Avg: 0.0, Max: 0.0, Diff: 0.0, Sum: 0.1]
      [GC Worker Total (ms): Min: 0.7, Avg: 0.7, Max: 0.7, Diff: 0.1, Sum: 4.2]
      [GC Worker End (ms): Min: 430086.5, Avg: 430086.5, Max: 430086.5, Diff: 0.0]
   [Code Root Fixup: 0.0 ms]
   [Code Root Purge: 0.0 ms]
   [Clear CT: 0.5 ms]
   [Other: 0.8 ms]
      [Choose CSet: 0.0 ms]
      [Ref Proc: 0.1 ms]
      [Ref Enq: 0.0 ms]
      [Redirty Cards: 0.1 ms]
      [Humongous Register: 0.1 ms]
      [Humongous Reclaim: 0.0 ms]
      [Free CSet: 0.5 ms]
   [Eden: 612.0M(612.0M)->0.0B(612.0M) Survivors: 2048.0K->2048.0K Heap: 618.4M(1024.0M)->6300.8K(1024.0M)]
 [Times: user=0.00 sys=0.00, real=0.00 secs] 
2024-10-11T08:40:49.701+0300: 430.088: Total time for which application threads were stopped: 0.0024157 seconds, Stopping threads took: 0.0001433 seconds
2024-10-11T08:40:51.742+0300: 432.126: Application time: 2.0377392 seconds
2024-10-11T08:40:51.742+0300: 432.126: [GC pause (G1 Evacuation Pause) (young), 0.0015099 secs]
   [Parallel Time: 0.8 ms, GC Workers: 6]
      [GC Worker Start (ms): Min: 432125.9, Avg: 432126.0, Max: 432126.0, Diff: 0.1]
      [Ext Root Scanning (ms): Min: 0.2, Avg: 0.3, Max: 0.3, Diff: 0.1, Sum: 1.5]
      [Update RS (ms): Min: 0.0, Avg: 0.0, Max: 0.0, Diff: 0.0, Sum: 0.1]
         [Processed Buffers: Min: 0, Avg: 0.8, Max: 1, Diff: 1, Sum: 5]
      [Scan RS (ms): Min: 0.1, Avg: 0.1, Max: 0.1, Diff: 0.0, Sum: 0.6]
      [Code Root Scanning (ms): Min: 0.0, Avg: 0.0, Max: 0.0, Diff: 0.0, Sum: 0.0]
      [Object Copy (ms): Min: 0.2, Avg: 0.2, Max: 0.3, Diff: 0.1, Sum: 1.3]
      [Termination (ms): Min: 0.0, Avg: 0.1, Max: 0.1, Diff: 0.1, Sum: 0.4]
         [Termination Attempts: Min: 1, Avg: 1.0, Max: 1, Diff: 0, Sum: 6]
      [GC Worker Other (ms): Min: 0.0, Avg: 0.0, Max: 0.0, Diff: 0.0, Sum: 0.1]
      [GC Worker Total (ms): Min: 0.6, Avg: 0.7, Max: 0.7, Diff: 0.1, Sum: 4.0]
      [GC Worker End (ms): Min: 432126.6, Avg: 432126.6, Max: 432126.7, Diff: 0.0]
   [Code Root Fixup: 0.0 ms]
   [Code Root Purge: 0.0 ms]
   [Clear CT: 0.2 ms]
   [Other: 0.6 ms]
      [Choose CSet: 0.0 ms]
      [Ref Proc: 0.1 ms]
      [Ref Enq: 0.0 ms]
      [Redirty Cards: 0.1 ms]
      [Humongous Register: 0.0 ms]
      [Humongous Reclaim: 0.0 ms]
      [Free CSet: 0.2 ms]
   [Eden: 612.0M(612.0M)->0.0B(612.0M) Survivors: 2048.0K->2048.0K Heap: 618.2M(1024.0M)->6411.7K(1024.0M)]
 [Times: user=0.00 sys=0.00, real=0.00 secs] 
2024-10-11T08:40:51.742+0300: 432.128: Total time for which application threads were stopped: 0.0019751 seconds, Stopping threads took: 0.0002234 seconds
2024-10-11T08:40:53.798+0300: 434.172: Application time: 2.0445684 seconds
2024-10-11T08:40:53.798+0300: 434.172: [GC pause (G1 Evacuation Pause) (young), 0.0013126 secs]
   [Parallel Time: 0.6 ms, GC Workers: 6]
      [GC Worker Start (ms): Min: 434172.4, Avg: 434172.4, Max: 434172.5, Diff: 0.1]
      [Ext Root Scanning (ms): Min: 0.2, Avg: 0.2, Max: 0.3, Diff: 0.1, Sum: 1.5]
      [Update RS (ms): Min: 0.0, Avg: 0.0, Max: 0.0, Diff: 0.0, Sum: 0.1]
         [Processed Buffers: Min: 0, Avg: 0.8, Max: 2, Diff: 2, Sum: 5]
      [Scan RS (ms): Min: 0.1, Avg: 0.1, Max: 0.1, Diff: 0.0, Sum: 0.6]
      [Code Root Scanning (ms): Min: 0.0, Avg: 0.0, Max: 0.0, Diff: 0.0, Sum: 0.0]
      [Object Copy (ms): Min: 0.1, Avg: 0.1, Max: 0.2, Diff: 0.1, Sum: 0.9]
      [Termination (ms): Min: 0.0, Avg: 0.0, Max: 0.0, Diff: 0.0, Sum: 0.1]
         [Termination Attempts: Min: 1, Avg: 1.0, Max: 1, Diff: 0, Sum: 6]
      [GC Worker Other (ms): Min: 0.0, Avg: 0.0, Max: 0.0, Diff: 0.0, Sum: 0.1]
      [GC Worker Total (ms): Min: 0.5, Avg: 0.5, Max: 0.6, Diff: 0.1, Sum: 3.3]
      [GC Worker End (ms): Min: 434173.0, Avg: 434173.0, Max: 434173.0, Diff: 0.0]
   [Code Root Fixup: 0.0 ms]
   [Code Root Purge: 0.0 ms]
   [Clear CT: 0.2 ms]
   [Other: 0.5 ms]
      [Choose CSet: 0.0 ms]
      [Ref Proc: 0.1 ms]
      [Ref Enq: 0.0 ms]
      [Redirty Cards: 0.1 ms]
      [Humongous Register: 0.0 ms]
      [Humongous Reclaim: 0.0 ms]
      [Free CSet: 0.2 ms]
   [Eden: 612.0M(612.0M)->0.0B(612.0M) Survivors: 2048.0K->2048.0K Heap: 618.3M(1024.0M)->6445.4K(1024.0M)]
 [Times: user=0.00 sys=0.00, real=0.00 secs] 
2024-10-11T08:40:53.798+0300: 434.174: Total time for which application threads were stopped: 0.0016224 seconds, Stopping threads took: 0.0001458 seconds
2024-10-11T08:40:55.837+0300: 436.216: Application time: 2.0425802 seconds
2024-10-11T08:40:55.837+0300: 436.217: [GC pause (G1 Evacuation Pause) (young), 0.0015100 secs]
   [Parallel Time: 0.6 ms, GC Workers: 6]
      [GC Worker Start (ms): Min: 436216.6, Avg: 436216.7, Max: 436216.8, Diff: 0.1]
      [Ext Root Scanning (ms): Min: 0.1, Avg: 0.2, Max: 0.3, Diff: 0.1, Sum: 1.4]
      [Update RS (ms): Min: 0.0, Avg: 0.0, Max: 0.0, Diff: 0.0, Sum: 0.1]
         [Processed Buffers: Min: 0, Avg: 0.8, Max: 2, Diff: 2, Sum: 5]
      [Scan RS (ms): Min: 0.1, Avg: 0.1, Max: 0.1, Diff: 0.0, Sum: 0.6]
      [Code Root Scanning (ms): Min: 0.0, Avg: 0.0, Max: 0.0, Diff: 0.0, Sum: 0.0]
      [Object Copy (ms): Min: 0.1, Avg: 0.2, Max: 0.2, Diff: 0.1, Sum: 1.0]
      [Termination (ms): Min: 0.0, Avg: 0.0, Max: 0.0, Diff: 0.0, Sum: 0.2]
         [Termination Attempts: Min: 1, Avg: 1.0, Max: 1, Diff: 0, Sum: 6]
      [GC Worker Other (ms): Min: 0.0, Avg: 0.0, Max: 0.0, Diff: 0.0, Sum: 0.1]
      [GC Worker Total (ms): Min: 0.5, Avg: 0.6, Max: 0.6, Diff: 0.1, Sum: 3.3]
      [GC Worker End (ms): Min: 436217.2, Avg: 436217.2, Max: 436217.2, Diff: 0.0]
   [Code Root Fixup: 0.0 ms]
   [Code Root Purge: 0.0 ms]
   [Clear CT: 0.2 ms]
   [Other: 0.7 ms]
      [Choose CSet: 0.0 ms]
      [Ref Proc: 0.2 ms]
      [Ref Enq: 0.0 ms]
      [Redirty Cards: 0.1 ms]
      [Humongous Register: 0.1 ms]
      [Humongous Reclaim: 0.0 ms]
      [Free CSet: 0.2 ms]
   [Eden: 612.0M(612.0M)->0.0B(612.0M) Survivors: 2048.0K->2048.0K Heap: 618.3M(1024.0M)->6411.4K(1024.0M)]
 [Times: user=0.00 sys=0.00, real=0.00 secs] 
2024-10-11T08:40:55.837+0300: 436.218: Total time for which application threads were stopped: 0.0018199 seconds, Stopping threads took: 0.0001062 seconds
2024-10-11T08:40:57.877+0300: 438.260: Application time: 2.0414809 seconds
2024-10-11T08:40:57.877+0300: 438.260: [GC pause (G1 Evacuation Pause) (young), 0.0014198 secs]
   [Parallel Time: 0.6 ms, GC Workers: 6]
      [GC Worker Start (ms): Min: 438260.0, Avg: 438260.0, Max: 438260.0, Diff: 0.0]
      [Ext Root Scanning (ms): Min: 0.2, Avg: 0.2, Max: 0.3, Diff: 0.0, Sum: 1.4]
      [Update RS (ms): Min: 0.0, Avg: 0.0, Max: 0.0, Diff: 0.0, Sum: 0.1]
         [Processed Buffers: Min: 0, Avg: 0.8, Max: 2, Diff: 2, Sum: 5]
      [Scan RS (ms): Min: 0.1, Avg: 0.1, Max: 0.1, Diff: 0.0, Sum: 0.5]
      [Code Root Scanning (ms): Min: 0.0, Avg: 0.0, Max: 0.0, Diff: 0.0, Sum: 0.0]
      [Object Copy (ms): Min: 0.1, Avg: 0.2, Max: 0.2, Diff: 0.1, Sum: 1.0]
      [Termination (ms): Min: 0.0, Avg: 0.0, Max: 0.0, Diff: 0.0, Sum: 0.0]
         [Termination Attempts: Min: 1, Avg: 1.0, Max: 1, Diff: 0, Sum: 6]
      [GC Worker Other (ms): Min: 0.0, Avg: 0.0, Max: 0.1, Diff: 0.0, Sum: 0.2]
      [GC Worker Total (ms): Min: 0.5, Avg: 0.5, Max: 0.6, Diff: 0.1, Sum: 3.2]
      [GC Worker End (ms): Min: 438260.5, Avg: 438260.5, Max: 438260.5, Diff: 0.0]
   [Code Root Fixup: 0.0 ms]
   [Code Root Purge: 0.0 ms]
   [Clear CT: 0.2 ms]
   [Other: 0.6 ms]
      [Choose CSet: 0.0 ms]
      [Ref Proc: 0.1 ms]
      [Ref Enq: 0.0 ms]
      [Redirty Cards: 0.1 ms]
      [Humongous Register: 0.0 ms]
      [Humongous Reclaim: 0.0 ms]
      [Free CSet: 0.3 ms]
   [Eden: 612.0M(612.0M)->0.0B(612.0M) Survivors: 2048.0K->2048.0K Heap: 618.3M(1024.0M)->6349.9K(1024.0M)]
 [Times: user=0.00 sys=0.00, real=0.00 secs] 
2024-10-11T08:40:57.877+0300: 438.261: Total time for which application threads were stopped: 0.0017851 seconds, Stopping threads took: 0.0001658 seconds
2024-10-11T08:40:59.933+0300: 440.313: Application time: 2.0514335 seconds
2024-10-11T08:40:59.933+0300: 440.313: [GC pause (G1 Evacuation Pause) (young), 0.0015472 secs]
   [Parallel Time: 0.7 ms, GC Workers: 6]
      [GC Worker Start (ms): Min: 440313.2, Avg: 440313.2, Max: 440313.2, Diff: 0.0]
      [Ext Root Scanning (ms): Min: 0.2, Avg: 0.2, Max: 0.3, Diff: 0.0, Sum: 1.4]
      [Update RS (ms): Min: 0.0, Avg: 0.0, Max: 0.0, Diff: 0.0, Sum: 0.1]
         [Processed Buffers: Min: 0, Avg: 0.8, Max: 1, Diff: 1, Sum: 5]
      [Scan RS (ms): Min: 0.1, Avg: 0.1, Max: 0.1, Diff: 0.0, Sum: 0.6]
      [Code Root Scanning (ms): Min: 0.0, Avg: 0.0, Max: 0.0, Diff: 0.0, Sum: 0.0]
      [Object Copy (ms): Min: 0.1, Avg: 0.1, Max: 0.2, Diff: 0.0, Sum: 0.9]
      [Termination (ms): Min: 0.0, Avg: 0.0, Max: 0.0, Diff: 0.0, Sum: 0.1]
         [Termination Attempts: Min: 1, Avg: 1.0, Max: 1, Diff: 0, Sum: 6]
      [GC Worker Other (ms): Min: 0.0, Avg: 0.0, Max: 0.0, Diff: 0.0, Sum: 0.1]
      [GC Worker Total (ms): Min: 0.5, Avg: 0.5, Max: 0.6, Diff: 0.0, Sum: 3.2]
      [GC Worker End (ms): Min: 440313.7, Avg: 440313.7, Max: 440313.7, Diff: 0.0]
   [Code Root Fixup: 0.0 ms]
   [Code Root Purge: 0.0 ms]
   [Clear CT: 0.2 ms]
   [Other: 0.7 ms]
      [Choose CSet: 0.0 ms]
      [Ref Proc: 0.2 ms]
      [Ref Enq: 0.0 ms]
      [Redirty Cards: 0.1 ms]
      [Humongous Register: 0.0 ms]
      [Humongous Reclaim: 0.0 ms]
      [Free CSet: 0.3 ms]
   [Eden: 612.0M(612.0M)->0.0B(612.0M) Survivors: 2048.0K->2048.0K Heap: 618.2M(1024.0M)->6544.1K(1024.0M)]
 [Times: user=0.00 sys=0.00, real=0.00 secs] 
2024-10-11T08:40:59.933+0300: 440.315: Total time for which application threads were stopped: 0.0018637 seconds, Stopping threads took: 0.0000959 seconds
2024-10-11T08:41:01.973+0300: 442.357: Application time: 2.0427361 seconds
2024-10-11T08:41:01.973+0300: 442.358: [GC pause (G1 Evacuation Pause) (young), 0.0014976 secs]
   [Parallel Time: 0.6 ms, GC Workers: 6]
      [GC Worker Start (ms): Min: 442357.8, Avg: 442357.8, Max: 442357.8, Diff: 0.0]
      [Ext Root Scanning (ms): Min: 0.2, Avg: 0.2, Max: 0.3, Diff: 0.0, Sum: 1.5]
      [Update RS (ms): Min: 0.0, Avg: 0.0, Max: 0.0, Diff: 0.0, Sum: 0.1]
         [Processed Buffers: Min: 0, Avg: 0.8, Max: 2, Diff: 2, Sum: 5]
      [Scan RS (ms): Min: 0.1, Avg: 0.1, Max: 0.1, Diff: 0.0, Sum: 0.6]
      [Code Root Scanning (ms): Min: 0.0, Avg: 0.0, Max: 0.0, Diff: 0.0, Sum: 0.0]
      [Object Copy (ms): Min: 0.1, Avg: 0.1, Max: 0.2, Diff: 0.1, Sum: 0.9]
      [Termination (ms): Min: 0.0, Avg: 0.0, Max: 0.0, Diff: 0.0, Sum: 0.1]
         [Termination Attempts: Min: 1, Avg: 1.0, Max: 1, Diff: 0, Sum: 6]
      [GC Worker Other (ms): Min: 0.0, Avg: 0.0, Max: 0.0, Diff: 0.0, Sum: 0.2]
      [GC Worker Total (ms): Min: 0.5, Avg: 0.6, Max: 0.6, Diff: 0.1, Sum: 3.3]
      [GC Worker End (ms): Min: 442358.3, Avg: 442358.4, Max: 442358.4, Diff: 0.0]
   [Code Root Fixup: 0.0 ms]
   [Code Root Purge: 0.0 ms]
   [Clear CT: 0.2 ms]
   [Other: 0.7 ms]
      [Choose CSet: 0.0 ms]
      [Ref Proc: 0.1 ms]
      [Ref Enq: 0.0 ms]
      [Redirty Cards: 0.1 ms]
      [Humongous Register: 0.0 ms]
      [Humongous Reclaim: 0.0 ms]
      [Free CSet: 0.2 ms]
   [Eden: 612.0M(612.0M)->0.0B(612.0M) Survivors: 2048.0K->2048.0K Heap: 618.4M(1024.0M)->6339.6K(1024.0M)]
 [Times: user=0.00 sys=0.00, real=0.00 secs] 
2024-10-11T08:41:01.973+0300: 442.359: Total time for which application threads were stopped: 0.0018328 seconds, Stopping threads took: 0.0001184 seconds
2024-10-11T08:41:04.012+0300: 444.394: Application time: 2.0350421 seconds
2024-10-11T08:41:04.012+0300: 444.395: [GC pause (G1 Evacuation Pause) (young), 0.0015887 secs]
   [Parallel Time: 0.7 ms, GC Workers: 6]
      [GC Worker Start (ms): Min: 444394.7, Avg: 444394.7, Max: 444394.7, Diff: 0.1]
      [Ext Root Scanning (ms): Min: 0.2, Avg: 0.3, Max: 0.3, Diff: 0.1, Sum: 1.5]
      [Update RS (ms): Min: 0.0, Avg: 0.0, Max: 0.0, Diff: 0.0, Sum: 0.1]
         [Processed Buffers: Min: 0, Avg: 0.8, Max: 2, Diff: 2, Sum: 5]
      [Scan RS (ms): Min: 0.0, Avg: 0.1, Max: 0.1, Diff: 0.1, Sum: 0.5]
      [Code Root Scanning (ms): Min: 0.0, Avg: 0.0, Max: 0.0, Diff: 0.0, Sum: 0.0]
      [Object Copy (ms): Min: 0.1, Avg: 0.2, Max: 0.3, Diff: 0.2, Sum: 1.0]
      [Termination (ms): Min: 0.0, Avg: 0.0, Max: 0.1, Diff: 0.1, Sum: 0.3]
         [Termination Attempts: Min: 1, Avg: 1.7, Max: 2, Diff: 1, Sum: 10]
      [GC Worker Other (ms): Min: 0.0, Avg: 0.0, Max: 0.0, Diff: 0.0, Sum: 0.1]
      [GC Worker Total (ms): Min: 0.6, Avg: 0.6, Max: 0.6, Diff: 0.1, Sum: 3.5]
      [GC Worker End (ms): Min: 444395.3, Avg: 444395.3, Max: 444395.3, Diff: 0.0]
   [Code Root Fixup: 0.0 ms]
   [Code Root Purge: 0.0 ms]
   [Clear CT: 0.2 ms]
   [Other: 0.7 ms]
      [Choose CSet: 0.0 ms]
      [Ref Proc: 0.2 ms]
      [Ref Enq: 0.0 ms]
      [Redirty Cards: 0.1 ms]
      [Humongous Register: 0.0 ms]
      [Humongous Reclaim: 0.0 ms]
      [Free CSet: 0.3 ms]
   [Eden: 612.0M(612.0M)->0.0B(612.0M) Survivors: 2048.0K->2048.0K Heap: 618.2M(1024.0M)->6337.8K(1024.0M)]
 [Times: user=0.02 sys=0.00, real=0.00 secs] 
2024-10-11T08:41:04.012+0300: 444.396: Total time for which application threads were stopped: 0.0019428 seconds, Stopping threads took: 0.0001522 seconds
2024-10-11T08:41:05.016+0300: 445.388: Application time: 0.9915957 seconds
2024-10-11T08:41:05.016+0300: 445.388: Total time for which application threads were stopped: 0.0002837 seconds, Stopping threads took: 0.0002286 seconds
2024-10-11T08:41:06.052+0300: 446.436: Application time: 1.0479153 seconds
2024-10-11T08:41:06.052+0300: 446.436: [GC pause (G1 Evacuation Pause) (young), 0.0014706 secs]
   [Parallel Time: 0.6 ms, GC Workers: 6]
      [GC Worker Start (ms): Min: 446436.5, Avg: 446436.6, Max: 446436.6, Diff: 0.1]
      [Ext Root Scanning (ms): Min: 0.2, Avg: 0.2, Max: 0.3, Diff: 0.0, Sum: 1.5]
      [Update RS (ms): Min: 0.0, Avg: 0.0, Max: 0.0, Diff: 0.0, Sum: 0.1]
         [Processed Buffers: Min: 0, Avg: 1.0, Max: 3, Diff: 3, Sum: 6]
      [Scan RS (ms): Min: 0.1, Avg: 0.1, Max: 0.1, Diff: 0.0, Sum: 0.6]
      [Code Root Scanning (ms): Min: 0.0, Avg: 0.0, Max: 0.0, Diff: 0.0, Sum: 0.0]
      [Object Copy (ms): Min: 0.1, Avg: 0.1, Max: 0.1, Diff: 0.0, Sum: 0.8]
      [Termination (ms): Min: 0.0, Avg: 0.0, Max: 0.0, Diff: 0.0, Sum: 0.1]
         [Termination Attempts: Min: 1, Avg: 1.0, Max: 1, Diff: 0, Sum: 6]
      [GC Worker Other (ms): Min: 0.0, Avg: 0.0, Max: 0.0, Diff: 0.0, Sum: 0.1]
      [GC Worker Total (ms): Min: 0.5, Avg: 0.5, Max: 0.6, Diff: 0.1, Sum: 3.1]
      [GC Worker End (ms): Min: 446437.1, Avg: 446437.1, Max: 446437.1, Diff: 0.0]
   [Code Root Fixup: 0.0 ms]
   [Code Root Purge: 0.0 ms]
   [Clear CT: 0.2 ms]
   [Other: 0.7 ms]
      [Choose CSet: 0.0 ms]
      [Ref Proc: 0.2 ms]
      [Ref Enq: 0.0 ms]
      [Redirty Cards: 0.1 ms]
      [Humongous Register: 0.0 ms]
      [Humongous Reclaim: 0.0 ms]
      [Free CSet: 0.3 ms]
   [Eden: 612.0M(612.0M)->0.0B(612.0M) Survivors: 2048.0K->2048.0K Heap: 618.2M(1024.0M)->6370.5K(1024.0M)]
 [Times: user=0.00 sys=0.00, real=0.00 secs] 
2024-10-11T08:41:06.052+0300: 446.438: Total time for which application threads were stopped: 0.0019615 seconds, Stopping threads took: 0.0002674 seconds
2024-10-11T08:41:08.108+0300: 448.480: Application time: 2.0417769 seconds
2024-10-11T08:41:08.108+0300: 448.480: [GC pause (G1 Evacuation Pause) (young), 0.0014934 secs]
   [Parallel Time: 0.6 ms, GC Workers: 6]
      [GC Worker Start (ms): Min: 448480.2, Avg: 448480.2, Max: 448480.3, Diff: 0.1]
      [Ext Root Scanning (ms): Min: 0.2, Avg: 0.2, Max: 0.3, Diff: 0.1, Sum: 1.5]
      [Update RS (ms): Min: 0.0, Avg: 0.0, Max: 0.0, Diff: 0.0, Sum: 0.1]
         [Processed Buffers: Min: 0, Avg: 0.8, Max: 2, Diff: 2, Sum: 5]
      [Scan RS (ms): Min: 0.1, Avg: 0.1, Max: 0.1, Diff: 0.0, Sum: 0.6]
      [Code Root Scanning (ms): Min: 0.0, Avg: 0.0, Max: 0.0, Diff: 0.0, Sum: 0.0]
      [Object Copy (ms): Min: 0.1, Avg: 0.2, Max: 0.2, Diff: 0.1, Sum: 1.0]
      [Termination (ms): Min: 0.0, Avg: 0.0, Max: 0.0, Diff: 0.0, Sum: 0.1]
         [Termination Attempts: Min: 1, Avg: 1.0, Max: 1, Diff: 0, Sum: 6]
      [GC Worker Other (ms): Min: 0.0, Avg: 0.0, Max: 0.0, Diff: 0.0, Sum: 0.1]
      [GC Worker Total (ms): Min: 0.5, Avg: 0.6, Max: 0.6, Diff: 0.1, Sum: 3.3]
      [GC Worker End (ms): Min: 448480.8, Avg: 448480.8, Max: 448480.8, Diff: 0.0]
   [Code Root Fixup: 0.0 ms]
   [Code Root Purge: 0.0 ms]
   [Clear CT: 0.2 ms]
   [Other: 0.7 ms]
      [Choose CSet: 0.0 ms]
      [Ref Proc: 0.1 ms]
      [Ref Enq: 0.0 ms]
      [Redirty Cards: 0.1 ms]
      [Humongous Register: 0.0 ms]
      [Humongous Reclaim: 0.0 ms]
      [Free CSet: 0.3 ms]
   [Eden: 612.0M(612.0M)->0.0B(612.0M) Survivors: 2048.0K->2048.0K Heap: 618.2M(1024.0M)->6559.7K(1024.0M)]
 [Times: user=0.00 sys=0.00, real=0.00 secs] 
2024-10-11T08:41:08.108+0300: 448.482: Total time for which application threads were stopped: 0.0018883 seconds, Stopping threads took: 0.0001958 seconds
2024-10-11T08:41:10.147+0300: 450.526: Application time: 2.0440248 seconds
2024-10-11T08:41:10.147+0300: 450.526: [GC pause (G1 Evacuation Pause) (young), 0.0014775 secs]
   [Parallel Time: 0.6 ms, GC Workers: 6]
      [GC Worker Start (ms): Min: 450526.1, Avg: 450526.2, Max: 450526.2, Diff: 0.0]
      [Ext Root Scanning (ms): Min: 0.2, Avg: 0.2, Max: 0.3, Diff: 0.0, Sum: 1.5]
      [Update RS (ms): Min: 0.0, Avg: 0.0, Max: 0.0, Diff: 0.0, Sum: 0.1]
         [Processed Buffers: Min: 0, Avg: 0.8, Max: 2, Diff: 2, Sum: 5]
      [Scan RS (ms): Min: 0.1, Avg: 0.1, Max: 0.1, Diff: 0.0, Sum: 0.6]
      [Code Root Scanning (ms): Min: 0.0, Avg: 0.0, Max: 0.0, Diff: 0.0, Sum: 0.0]
      [Object Copy (ms): Min: 0.1, Avg: 0.1, Max: 0.2, Diff: 0.1, Sum: 0.8]
      [Termination (ms): Min: 0.0, Avg: 0.0, Max: 0.0, Diff: 0.0, Sum: 0.1]
         [Termination Attempts: Min: 1, Avg: 1.0, Max: 1, Diff: 0, Sum: 6]
      [GC Worker Other (ms): Min: 0.0, Avg: 0.0, Max: 0.0, Diff: 0.0, Sum: 0.1]
      [GC Worker Total (ms): Min: 0.5, Avg: 0.5, Max: 0.5, Diff: 0.0, Sum: 3.1]
      [GC Worker End (ms): Min: 450526.7, Avg: 450526.7, Max: 450526.7, Diff: 0.0]
   [Code Root Fixup: 0.0 ms]
   [Code Root Purge: 0.0 ms]
   [Clear CT: 0.2 ms]
   [Other: 0.7 ms]
      [Choose CSet: 0.0 ms]
      [Ref Proc: 0.1 ms]
      [Ref Enq: 0.0 ms]
      [Redirty Cards: 0.1 ms]
      [Humongous Register: 0.0 ms]
      [Humongous Reclaim: 0.0 ms]
      [Free CSet: 0.2 ms]
   [Eden: 612.0M(612.0M)->0.0B(612.0M) Survivors: 2048.0K->2048.0K Heap: 618.4M(1024.0M)->6330.8K(1024.0M)]
 [Times: user=0.00 sys=0.00, real=0.00 secs] 
2024-10-11T08:41:10.147+0300: 450.528: Total time for which application threads were stopped: 0.0019082 seconds, Stopping threads took: 0.0002078 seconds
2024-10-11T08:41:12.187+0300: 452.574: Application time: 2.0460470 seconds
2024-10-11T08:41:12.187+0300: 452.574: [GC pause (G1 Evacuation Pause) (young), 0.0015283 secs]
   [Parallel Time: 0.7 ms, GC Workers: 6]
      [GC Worker Start (ms): Min: 452574.1, Avg: 452574.1, Max: 452574.1, Diff: 0.0]
      [Ext Root Scanning (ms): Min: 0.2, Avg: 0.2, Max: 0.3, Diff: 0.0, Sum: 1.5]
      [Update RS (ms): Min: 0.0, Avg: 0.0, Max: 0.0, Diff: 0.0, Sum: 0.1]
         [Processed Buffers: Min: 0, Avg: 1.0, Max: 3, Diff: 3, Sum: 6]
      [Scan RS (ms): Min: 0.1, Avg: 0.1, Max: 0.1, Diff: 0.1, Sum: 0.6]
      [Code Root Scanning (ms): Min: 0.0, Avg: 0.0, Max: 0.0, Diff: 0.0, Sum: 0.0]
      [Object Copy (ms): Min: 0.1, Avg: 0.1, Max: 0.2, Diff: 0.1, Sum: 0.9]
      [Termination (ms): Min: 0.0, Avg: 0.0, Max: 0.0, Diff: 0.0, Sum: 0.0]
         [Termination Attempts: Min: 1, Avg: 1.0, Max: 1, Diff: 0, Sum: 6]
      [GC Worker Other (ms): Min: 0.0, Avg: 0.0, Max: 0.0, Diff: 0.0, Sum: 0.1]
      [GC Worker Total (ms): Min: 0.5, Avg: 0.5, Max: 0.6, Diff: 0.1, Sum: 3.2]
      [GC Worker End (ms): Min: 452574.6, Avg: 452574.6, Max: 452574.7, Diff: 0.0]
   [Code Root Fixup: 0.0 ms]
   [Code Root Purge: 0.0 ms]
   [Clear CT: 0.2 ms]
   [Other: 0.7 ms]
      [Choose CSet: 0.0 ms]
      [Ref Proc: 0.2 ms]
      [Ref Enq: 0.0 ms]
      [Redirty Cards: 0.1 ms]
      [Humongous Register: 0.0 ms]
      [Humongous Reclaim: 0.0 ms]
      [Free CSet: 0.3 ms]
   [Eden: 612.0M(612.0M)->0.0B(612.0M) Survivors: 2048.0K->2048.0K Heap: 618.2M(1024.0M)->6459.6K(1024.0M)]
 [Times: user=0.00 sys=0.01, real=0.02 secs] 
2024-10-11T08:41:12.203+0300: 452.576: Total time for which application threads were stopped: 0.0019300 seconds, Stopping threads took: 0.0002028 seconds
2024-10-11T08:41:14.242+0300: 454.619: Application time: 2.0431664 seconds
2024-10-11T08:41:14.242+0300: 454.619: [GC pause (G1 Evacuation Pause) (young), 0.0014773 secs]
   [Parallel Time: 0.6 ms, GC Workers: 6]
      [GC Worker Start (ms): Min: 454619.2, Avg: 454619.2, Max: 454619.2, Diff: 0.1]
      [Ext Root Scanning (ms): Min: 0.2, Avg: 0.2, Max: 0.3, Diff: 0.0, Sum: 1.5]
      [Update RS (ms): Min: 0.0, Avg: 0.0, Max: 0.0, Diff: 0.0, Sum: 0.1]
         [Processed Buffers: Min: 0, Avg: 0.8, Max: 2, Diff: 2, Sum: 5]
      [Scan RS (ms): Min: 0.1, Avg: 0.1, Max: 0.1, Diff: 0.0, Sum: 0.6]
      [Code Root Scanning (ms): Min: 0.0, Avg: 0.0, Max: 0.0, Diff: 0.0, Sum: 0.0]
      [Object Copy (ms): Min: 0.1, Avg: 0.1, Max: 0.2, Diff: 0.1, Sum: 0.9]
      [Termination (ms): Min: 0.0, Avg: 0.0, Max: 0.0, Diff: 0.0, Sum: 0.1]
         [Termination Attempts: Min: 1, Avg: 1.0, Max: 1, Diff: 0, Sum: 6]
      [GC Worker Other (ms): Min: 0.0, Avg: 0.0, Max: 0.0, Diff: 0.0, Sum: 0.1]
      [GC Worker Total (ms): Min: 0.5, Avg: 0.5, Max: 0.6, Diff: 0.0, Sum: 3.2]
      [GC Worker End (ms): Min: 454619.7, Avg: 454619.7, Max: 454619.7, Diff: 0.0]
   [Code Root Fixup: 0.0 ms]
   [Code Root Purge: 0.0 ms]
   [Clear CT: 0.2 ms]
   [Other: 0.6 ms]
      [Choose CSet: 0.0 ms]
      [Ref Proc: 0.2 ms]
      [Ref Enq: 0.0 ms]
      [Redirty Cards: 0.1 ms]
      [Humongous Register: 0.0 ms]
      [Humongous Reclaim: 0.0 ms]
      [Free CSet: 0.3 ms]
   [Eden: 612.0M(612.0M)->0.0B(612.0M) Survivors: 2048.0K->2048.0K Heap: 618.3M(1024.0M)->6376.9K(1024.0M)]
 [Times: user=0.00 sys=0.00, real=0.00 secs] 
2024-10-11T08:41:14.242+0300: 454.621: Total time for which application threads were stopped: 0.0018957 seconds, Stopping threads took: 0.0002237 seconds
2024-10-11T08:41:16.286+0300: 456.669: Application time: 2.0482814 seconds
2024-10-11T08:41:16.286+0300: 456.669: [GC pause (G1 Evacuation Pause) (young), 0.0016271 secs]
   [Parallel Time: 0.7 ms, GC Workers: 6]
      [GC Worker Start (ms): Min: 456669.3, Avg: 456669.4, Max: 456669.4, Diff: 0.1]
      [Ext Root Scanning (ms): Min: 0.2, Avg: 0.2, Max: 0.3, Diff: 0.1, Sum: 1.5]
      [Update RS (ms): Min: 0.0, Avg: 0.0, Max: 0.0, Diff: 0.0, Sum: 0.1]
         [Processed Buffers: Min: 0, Avg: 0.8, Max: 2, Diff: 2, Sum: 5]
      [Scan RS (ms): Min: 0.1, Avg: 0.1, Max: 0.1, Diff: 0.0, Sum: 0.6]
      [Code Root Scanning (ms): Min: 0.0, Avg: 0.0, Max: 0.0, Diff: 0.0, Sum: 0.0]
      [Object Copy (ms): Min: 0.1, Avg: 0.1, Max: 0.2, Diff: 0.1, Sum: 0.8]
      [Termination (ms): Min: 0.0, Avg: 0.0, Max: 0.0, Diff: 0.0, Sum: 0.1]
         [Termination Attempts: Min: 1, Avg: 1.0, Max: 1, Diff: 0, Sum: 6]
      [GC Worker Other (ms): Min: 0.0, Avg: 0.0, Max: 0.0, Diff: 0.0, Sum: 0.1]
      [GC Worker Total (ms): Min: 0.5, Avg: 0.5, Max: 0.6, Diff: 0.1, Sum: 3.2]
      [GC Worker End (ms): Min: 456669.9, Avg: 456669.9, Max: 456669.9, Diff: 0.0]
   [Code Root Fixup: 0.0 ms]
   [Code Root Purge: 0.0 ms]
   [Clear CT: 0.2 ms]
   [Other: 0.8 ms]
      [Choose CSet: 0.0 ms]
      [Ref Proc: 0.2 ms]
      [Ref Enq: 0.0 ms]
      [Redirty Cards: 0.2 ms]
      [Humongous Register: 0.0 ms]
      [Humongous Reclaim: 0.0 ms]
      [Free CSet: 0.3 ms]
   [Eden: 612.0M(612.0M)->0.0B(612.0M) Survivors: 2048.0K->2048.0K Heap: 618.2M(1024.0M)->6483.9K(1024.0M)]
 [Times: user=0.00 sys=0.00, real=0.01 secs] 
2024-10-11T08:41:16.299+0300: 456.671: Total time for which application threads were stopped: 0.0020397 seconds, Stopping threads took: 0.0001724 seconds
2024-10-11T08:41:18.355+0300: 458.728: Application time: 2.0572206 seconds
2024-10-11T08:41:18.355+0300: 458.729: [GC pause (G1 Evacuation Pause) (young), 0.0016101 secs]
   [Parallel Time: 0.7 ms, GC Workers: 6]
      [GC Worker Start (ms): Min: 458728.7, Avg: 458728.7, Max: 458728.7, Diff: 0.0]
      [Ext Root Scanning (ms): Min: 0.2, Avg: 0.2, Max: 0.3, Diff: 0.0, Sum: 1.5]
      [Update RS (ms): Min: 0.0, Avg: 0.0, Max: 0.0, Diff: 0.0, Sum: 0.1]
         [Processed Buffers: Min: 0, Avg: 0.8, Max: 2, Diff: 2, Sum: 5]
      [Scan RS (ms): Min: 0.0, Avg: 0.1, Max: 0.1, Diff: 0.1, Sum: 0.5]
      [Code Root Scanning (ms): Min: 0.0, Avg: 0.0, Max: 0.0, Diff: 0.0, Sum: 0.0]
      [Object Copy (ms): Min: 0.1, Avg: 0.2, Max: 0.3, Diff: 0.2, Sum: 1.2]
      [Termination (ms): Min: 0.0, Avg: 0.0, Max: 0.1, Diff: 0.0, Sum: 0.2]
         [Termination Attempts: Min: 1, Avg: 1.7, Max: 2, Diff: 1, Sum: 10]
      [GC Worker Other (ms): Min: 0.0, Avg: 0.0, Max: 0.0, Diff: 0.0, Sum: 0.1]
      [GC Worker Total (ms): Min: 0.6, Avg: 0.6, Max: 0.6, Diff: 0.1, Sum: 3.5]
      [GC Worker End (ms): Min: 458729.3, Avg: 458729.3, Max: 458729.3, Diff: 0.0]
   [Code Root Fixup: 0.0 ms]
   [Code Root Purge: 0.0 ms]
   [Clear CT: 0.2 ms]
   [Other: 0.7 ms]
      [Choose CSet: 0.0 ms]
      [Ref Proc: 0.1 ms]
      [Ref Enq: 0.0 ms]
      [Redirty Cards: 0.1 ms]
      [Humongous Register: 0.0 ms]
      [Humongous Reclaim: 0.0 ms]
      [Free CSet: 0.3 ms]
   [Eden: 612.0M(612.0M)->0.0B(612.0M) Survivors: 2048.0K->2048.0K Heap: 618.3M(1024.0M)->6585.0K(1024.0M)]
 [Times: user=0.00 sys=0.00, real=0.00 secs] 
2024-10-11T08:41:18.355+0300: 458.730: Total time for which application threads were stopped: 0.0020590 seconds, Stopping threads took: 0.0002453 seconds
2024-10-11T08:41:20.393+0300: 460.766: Application time: 2.0360279 seconds
2024-10-11T08:41:20.393+0300: 460.767: [GC pause (G1 Evacuation Pause) (young), 0.0015903 secs]
   [Parallel Time: 0.7 ms, GC Workers: 6]
      [GC Worker Start (ms): Min: 460766.7, Avg: 460766.7, Max: 460766.8, Diff: 0.1]
      [Ext Root Scanning (ms): Min: 0.2, Avg: 0.3, Max: 0.3, Diff: 0.1, Sum: 1.6]
      [Update RS (ms): Min: 0.0, Avg: 0.0, Max: 0.0, Diff: 0.0, Sum: 0.1]
         [Processed Buffers: Min: 0, Avg: 0.8, Max: 2, Diff: 2, Sum: 5]
      [Scan RS (ms): Min: 0.0, Avg: 0.1, Max: 0.1, Diff: 0.1, Sum: 0.5]
      [Code Root Scanning (ms): Min: 0.0, Avg: 0.0, Max: 0.0, Diff: 0.0, Sum: 0.0]
      [Object Copy (ms): Min: 0.1, Avg: 0.2, Max: 0.3, Diff: 0.2, Sum: 1.1]
      [Termination (ms): Min: 0.0, Avg: 0.0, Max: 0.1, Diff: 0.0, Sum: 0.2]
         [Termination Attempts: Min: 1, Avg: 1.7, Max: 2, Diff: 1, Sum: 10]
      [GC Worker Other (ms): Min: 0.0, Avg: 0.0, Max: 0.0, Diff: 0.0, Sum: 0.1]
      [GC Worker Total (ms): Min: 0.6, Avg: 0.6, Max: 0.6, Diff: 0.1, Sum: 3.6]
      [GC Worker End (ms): Min: 460767.3, Avg: 460767.3, Max: 460767.3, Diff: 0.0]
   [Code Root Fixup: 0.0 ms]
   [Code Root Purge: 0.0 ms]
   [Clear CT: 0.2 ms]
   [Other: 0.7 ms]
      [Choose CSet: 0.0 ms]
      [Ref Proc: 0.2 ms]
      [Ref Enq: 0.0 ms]
      [Redirty Cards: 0.1 ms]
      [Humongous Register: 0.0 ms]
      [Humongous Reclaim: 0.0 ms]
      [Free CSet: 0.3 ms]
   [Eden: 612.0M(612.0M)->0.0B(612.0M) Survivors: 2048.0K->2048.0K Heap: 618.4M(1024.0M)->6477.9K(1024.0M)]
 [Times: user=0.00 sys=0.00, real=0.00 secs] 
2024-10-11T08:41:20.395+0300: 460.768: Total time for which application threads were stopped: 0.0019671 seconds, Stopping threads took: 0.0001692 seconds
2024-10-11T08:41:22.434+0300: 462.814: Application time: 2.0451938 seconds
2024-10-11T08:41:22.434+0300: 462.814: [GC pause (G1 Evacuation Pause) (young), 0.0015815 secs]
   [Parallel Time: 0.7 ms, GC Workers: 6]
      [GC Worker Start (ms): Min: 462813.9, Avg: 462813.9, Max: 462813.9, Diff: 0.0]
      [Ext Root Scanning (ms): Min: 0.2, Avg: 0.3, Max: 0.3, Diff: 0.0, Sum: 1.5]
      [Update RS (ms): Min: 0.0, Avg: 0.0, Max: 0.0, Diff: 0.0, Sum: 0.1]
         [Processed Buffers: Min: 0, Avg: 0.8, Max: 3, Diff: 3, Sum: 5]
      [Scan RS (ms): Min: 0.0, Avg: 0.1, Max: 0.1, Diff: 0.1, Sum: 0.5]
      [Code Root Scanning (ms): Min: 0.0, Avg: 0.0, Max: 0.0, Diff: 0.0, Sum: 0.0]
      [Object Copy (ms): Min: 0.1, Avg: 0.2, Max: 0.3, Diff: 0.2, Sum: 1.2]
      [Termination (ms): Min: 0.0, Avg: 0.0, Max: 0.1, Diff: 0.1, Sum: 0.2]
         [Termination Attempts: Min: 1, Avg: 1.5, Max: 2, Diff: 1, Sum: 9]
      [GC Worker Other (ms): Min: 0.0, Avg: 0.0, Max: 0.1, Diff: 0.0, Sum: 0.2]
      [GC Worker Total (ms): Min: 0.6, Avg: 0.6, Max: 0.7, Diff: 0.1, Sum: 3.7]
      [GC Worker End (ms): Min: 462814.5, Avg: 462814.5, Max: 462814.5, Diff: 0.0]
   [Code Root Fixup: 0.0 ms]
   [Code Root Purge: 0.0 ms]
   [Clear CT: 0.2 ms]
   [Other: 0.7 ms]
      [Choose CSet: 0.0 ms]
      [Ref Proc: 0.1 ms]
      [Ref Enq: 0.0 ms]
      [Redirty Cards: 0.1 ms]
      [Humongous Register: 0.1 ms]
      [Humongous Reclaim: 0.0 ms]
      [Free CSet: 0.3 ms]
   [Eden: 612.0M(612.0M)->0.0B(612.0M) Survivors: 2048.0K->2048.0K Heap: 618.3M(1024.0M)->6460.0K(1024.0M)]
 [Times: user=0.00 sys=0.00, real=0.00 secs] 
2024-10-11T08:41:22.434+0300: 462.815: Total time for which application threads were stopped: 0.0019282 seconds, Stopping threads took: 0.0001453 seconds
2024-10-11T08:41:24.473+0300: 464.860: Application time: 2.0444533 seconds
2024-10-11T08:41:24.473+0300: 464.860: [GC pause (G1 Evacuation Pause) (young), 0.0015087 secs]
   [Parallel Time: 0.7 ms, GC Workers: 6]
      [GC Worker Start (ms): Min: 464860.2, Avg: 464860.3, Max: 464860.3, Diff: 0.1]
      [Ext Root Scanning (ms): Min: 0.2, Avg: 0.2, Max: 0.3, Diff: 0.1, Sum: 1.5]
      [Update RS (ms): Min: 0.0, Avg: 0.0, Max: 0.0, Diff: 0.0, Sum: 0.1]
         [Processed Buffers: Min: 0, Avg: 0.8, Max: 2, Diff: 2, Sum: 5]
      [Scan RS (ms): Min: 0.1, Avg: 0.1, Max: 0.3, Diff: 0.2, Sum: 0.8]
      [Code Root Scanning (ms): Min: 0.0, Avg: 0.0, Max: 0.0, Diff: 0.0, Sum: 0.0]
      [Object Copy (ms): Min: 0.0, Avg: 0.2, Max: 0.2, Diff: 0.1, Sum: 1.0]
      [Termination (ms): Min: 0.0, Avg: 0.0, Max: 0.0, Diff: 0.0, Sum: 0.2]
         [Termination Attempts: Min: 1, Avg: 1.0, Max: 1, Diff: 0, Sum: 6]
      [GC Worker Other (ms): Min: 0.0, Avg: 0.0, Max: 0.0, Diff: 0.0, Sum: 0.1]
      [GC Worker Total (ms): Min: 0.6, Avg: 0.6, Max: 0.6, Diff: 0.1, Sum: 3.6]
      [GC Worker End (ms): Min: 464860.8, Avg: 464860.9, Max: 464860.9, Diff: 0.0]
   [Code Root Fixup: 0.0 ms]
   [Code Root Purge: 0.0 ms]
   [Clear CT: 0.2 ms]
   [Other: 0.6 ms]
      [Choose CSet: 0.0 ms]
      [Ref Proc: 0.2 ms]
      [Ref Enq: 0.0 ms]
      [Redirty Cards: 0.1 ms]
      [Humongous Register: 0.0 ms]
      [Humongous Reclaim: 0.0 ms]
      [Free CSet: 0.3 ms]
   [Eden: 612.0M(612.0M)->0.0B(612.0M) Survivors: 2048.0K->2048.0K Heap: 618.3M(1024.0M)->6579.7K(1024.0M)]
 [Times: user=0.02 sys=0.00, real=0.02 secs] 
2024-10-11T08:41:24.489+0300: 464.862: Total time for which application threads were stopped: 0.0018829 seconds, Stopping threads took: 0.0001856 seconds
2024-10-11T08:41:26.529+0300: 466.909: Application time: 2.0470541 seconds
2024-10-11T08:41:26.529+0300: 466.909: [GC pause (G1 Evacuation Pause) (young), 0.0013145 secs]
   [Parallel Time: 0.6 ms, GC Workers: 6]
      [GC Worker Start (ms): Min: 466909.1, Avg: 466909.2, Max: 466909.4, Diff: 0.2]
      [Ext Root Scanning (ms): Min: 0.1, Avg: 0.2, Max: 0.3, Diff: 0.2, Sum: 1.3]
      [Update RS (ms): Min: 0.0, Avg: 0.0, Max: 0.0, Diff: 0.0, Sum: 0.1]
         [Processed Buffers: Min: 0, Avg: 0.8, Max: 2, Diff: 2, Sum: 5]
      [Scan RS (ms): Min: 0.1, Avg: 0.1, Max: 0.1, Diff: 0.0, Sum: 0.5]
      [Code Root Scanning (ms): Min: 0.0, Avg: 0.0, Max: 0.0, Diff: 0.0, Sum: 0.0]
      [Object Copy (ms): Min: 0.1, Avg: 0.1, Max: 0.1, Diff: 0.0, Sum: 0.7]
      [Termination (ms): Min: 0.0, Avg: 0.0, Max: 0.0, Diff: 0.0, Sum: 0.1]
         [Termination Attempts: Min: 1, Avg: 1.0, Max: 1, Diff: 0, Sum: 6]
      [GC Worker Other (ms): Min: 0.0, Avg: 0.0, Max: 0.0, Diff: 0.0, Sum: 0.1]
      [GC Worker Total (ms): Min: 0.3, Avg: 0.5, Max: 0.5, Diff: 0.2, Sum: 2.8]
      [GC Worker End (ms): Min: 466909.7, Avg: 466909.7, Max: 466909.7, Diff: 0.0]
   [Code Root Fixup: 0.0 ms]
   [Code Root Purge: 0.0 ms]
   [Clear CT: 0.2 ms]
   [Other: 0.6 ms]
      [Choose CSet: 0.0 ms]
      [Ref Proc: 0.1 ms]
      [Ref Enq: 0.0 ms]
      [Redirty Cards: 0.1 ms]
      [Humongous Register: 0.0 ms]
      [Humongous Reclaim: 0.0 ms]
      [Free CSet: 0.2 ms]
   [Eden: 612.0M(612.0M)->0.0B(612.0M) Survivors: 2048.0K->2048.0K Heap: 618.4M(1024.0M)->6354.8K(1024.0M)]
 [Times: user=0.00 sys=0.00, real=0.00 secs] 
2024-10-11T08:41:26.529+0300: 466.911: Total time for which application threads were stopped: 0.0016541 seconds, Stopping threads took: 0.0001591 seconds
2024-10-11T08:41:28.538+0300: 468.910: Application time: 1.9997997 seconds
2024-10-11T08:41:28.538+0300: 468.911: Total time for which application threads were stopped: 0.0003058 seconds, Stopping threads took: 0.0002428 seconds
2024-10-11T08:41:28.585+0300: 468.964: Application time: 0.0533283 seconds
2024-10-11T08:41:28.585+0300: 468.964: [GC pause (G1 Evacuation Pause) (young), 0.0016880 secs]
   [Parallel Time: 0.7 ms, GC Workers: 6]
      [GC Worker Start (ms): Min: 468964.3, Avg: 468964.3, Max: 468964.3, Diff: 0.1]
      [Ext Root Scanning (ms): Min: 0.2, Avg: 0.2, Max: 0.3, Diff: 0.1, Sum: 1.5]
      [Update RS (ms): Min: 0.0, Avg: 0.0, Max: 0.0, Diff: 0.0, Sum: 0.1]
         [Processed Buffers: Min: 0, Avg: 1.0, Max: 2, Diff: 2, Sum: 6]
      [Scan RS (ms): Min: 0.0, Avg: 0.1, Max: 0.1, Diff: 0.1, Sum: 0.6]
      [Code Root Scanning (ms): Min: 0.0, Avg: 0.0, Max: 0.0, Diff: 0.0, Sum: 0.0]
      [Object Copy (ms): Min: 0.1, Avg: 0.1, Max: 0.2, Diff: 0.1, Sum: 0.8]
      [Termination (ms): Min: 0.0, Avg: 0.0, Max: 0.0, Diff: 0.0, Sum: 0.1]
         [Termination Attempts: Min: 1, Avg: 1.2, Max: 2, Diff: 1, Sum: 7]
      [GC Worker Other (ms): Min: 0.0, Avg: 0.0, Max: 0.0, Diff: 0.0, Sum: 0.1]
      [GC Worker Total (ms): Min: 0.5, Avg: 0.5, Max: 0.6, Diff: 0.1, Sum: 3.1]
      [GC Worker End (ms): Min: 468964.8, Avg: 468964.8, Max: 468964.8, Diff: 0.0]
   [Code Root Fixup: 0.0 ms]
   [Code Root Purge: 0.0 ms]
   [Clear CT: 0.2 ms]
   [Other: 0.8 ms]
      [Choose CSet: 0.0 ms]
      [Ref Proc: 0.2 ms]
      [Ref Enq: 0.0 ms]
      [Redirty Cards: 0.1 ms]
      [Humongous Register: 0.0 ms]
      [Humongous Reclaim: 0.0 ms]
      [Free CSet: 0.4 ms]
   [Eden: 612.0M(612.0M)->0.0B(612.0M) Survivors: 2048.0K->2048.0K Heap: 618.2M(1024.0M)->6332.4K(1024.0M)]
 [Times: user=0.00 sys=0.00, real=0.00 secs] 
2024-10-11T08:41:28.585+0300: 468.966: Total time for which application threads were stopped: 0.0020415 seconds, Stopping threads took: 0.0001449 seconds
2024-10-11T08:41:30.672+0300: 471.048: Application time: 2.0820719 seconds
2024-10-11T08:41:30.672+0300: 471.048: [GC pause (G1 Evacuation Pause) (young), 0.0015294 secs]
   [Parallel Time: 0.6 ms, GC Workers: 6]
      [GC Worker Start (ms): Min: 471048.4, Avg: 471048.4, Max: 471048.4, Diff: 0.1]
      [Ext Root Scanning (ms): Min: 0.2, Avg: 0.3, Max: 0.3, Diff: 0.1, Sum: 1.5]
      [Update RS (ms): Min: 0.0, Avg: 0.0, Max: 0.0, Diff: 0.0, Sum: 0.1]
         [Processed Buffers: Min: 0, Avg: 1.0, Max: 3, Diff: 3, Sum: 6]
      [Scan RS (ms): Min: 0.1, Avg: 0.1, Max: 0.1, Diff: 0.0, Sum: 0.6]
      [Code Root Scanning (ms): Min: 0.0, Avg: 0.0, Max: 0.0, Diff: 0.0, Sum: 0.0]
      [Object Copy (ms): Min: 0.1, Avg: 0.1, Max: 0.2, Diff: 0.1, Sum: 0.8]
      [Termination (ms): Min: 0.0, Avg: 0.0, Max: 0.0, Diff: 0.0, Sum: 0.1]
         [Termination Attempts: Min: 1, Avg: 1.0, Max: 1, Diff: 0, Sum: 6]
      [GC Worker Other (ms): Min: 0.0, Avg: 0.0, Max: 0.0, Diff: 0.0, Sum: 0.1]
      [GC Worker Total (ms): Min: 0.5, Avg: 0.5, Max: 0.6, Diff: 0.1, Sum: 3.1]
      [GC Worker End (ms): Min: 471048.9, Avg: 471048.9, Max: 471048.9, Diff: 0.0]
   [Code Root Fixup: 0.0 ms]
   [Code Root Purge: 0.0 ms]
   [Clear CT: 0.2 ms]
   [Other: 0.7 ms]
      [Choose CSet: 0.0 ms]
      [Ref Proc: 0.2 ms]
      [Ref Enq: 0.0 ms]
      [Redirty Cards: 0.1 ms]
      [Humongous Register: 0.0 ms]
      [Humongous Reclaim: 0.0 ms]
      [Free CSet: 0.3 ms]
   [Eden: 612.0M(612.0M)->0.0B(612.0M) Survivors: 2048.0K->2048.0K Heap: 618.2M(1024.0M)->6494.7K(1024.0M)]
 [Times: user=0.00 sys=0.00, real=0.00 secs] 
2024-10-11T08:41:30.672+0300: 471.050: Total time for which application threads were stopped: 0.0018678 seconds, Stopping threads took: 0.0001432 seconds
2024-10-11T08:41:32.716+0300: 473.099: Application time: 2.0492408 seconds
2024-10-11T08:41:32.716+0300: 473.100: [GC pause (G1 Evacuation Pause) (young), 0.0016161 secs]
   [Parallel Time: 0.7 ms, GC Workers: 6]
      [GC Worker Start (ms): Min: 473099.6, Avg: 473099.6, Max: 473099.8, Diff: 0.2]
      [Ext Root Scanning (ms): Min: 0.1, Avg: 0.2, Max: 0.3, Diff: 0.2, Sum: 1.4]
      [Update RS (ms): Min: 0.0, Avg: 0.0, Max: 0.0, Diff: 0.0, Sum: 0.1]
         [Processed Buffers: Min: 0, Avg: 0.8, Max: 1, Diff: 1, Sum: 5]
      [Scan RS (ms): Min: 0.1, Avg: 0.1, Max: 0.1, Diff: 0.0, Sum: 0.6]
      [Code Root Scanning (ms): Min: 0.0, Avg: 0.0, Max: 0.0, Diff: 0.0, Sum: 0.0]
      [Object Copy (ms): Min: 0.1, Avg: 0.1, Max: 0.2, Diff: 0.1, Sum: 0.8]
      [Termination (ms): Min: 0.0, Avg: 0.0, Max: 0.1, Diff: 0.1, Sum: 0.2]
         [Termination Attempts: Min: 1, Avg: 1.0, Max: 1, Diff: 0, Sum: 6]
      [GC Worker Other (ms): Min: 0.0, Avg: 0.0, Max: 0.0, Diff: 0.0, Sum: 0.1]
      [GC Worker Total (ms): Min: 0.4, Avg: 0.5, Max: 0.6, Diff: 0.2, Sum: 3.2]
      [GC Worker End (ms): Min: 473100.2, Avg: 473100.2, Max: 473100.2, Diff: 0.0]
   [Code Root Fixup: 0.0 ms]
   [Code Root Purge: 0.0 ms]
   [Clear CT: 0.2 ms]
   [Other: 0.8 ms]
      [Choose CSet: 0.0 ms]
      [Ref Proc: 0.2 ms]
      [Ref Enq: 0.0 ms]
      [Redirty Cards: 0.1 ms]
      [Humongous Register: 0.0 ms]
      [Humongous Reclaim: 0.0 ms]
      [Free CSet: 0.3 ms]
   [Eden: 612.0M(612.0M)->0.0B(612.0M) Survivors: 2048.0K->2048.0K Heap: 618.3M(1024.0M)->6597.1K(1024.0M)]
 [Times: user=0.02 sys=0.00, real=0.01 secs] 
2024-10-11T08:41:32.728+0300: 473.101: Total time for which application threads were stopped: 0.0020648 seconds, Stopping threads took: 0.0002628 seconds
2024-10-11T08:41:34.768+0300: 475.142: Application time: 2.0411353 seconds
2024-10-11T08:41:34.768+0300: 475.143: [GC pause (G1 Evacuation Pause) (young), 0.0015155 secs]
   [Parallel Time: 0.6 ms, GC Workers: 6]
      [GC Worker Start (ms): Min: 475142.7, Avg: 475142.7, Max: 475142.9, Diff: 0.2]
      [Ext Root Scanning (ms): Min: 0.0, Avg: 0.2, Max: 0.3, Diff: 0.2, Sum: 1.3]
      [Update RS (ms): Min: 0.0, Avg: 0.0, Max: 0.0, Diff: 0.0, Sum: 0.1]
         [Processed Buffers: Min: 0, Avg: 0.8, Max: 1, Diff: 1, Sum: 5]
      [Scan RS (ms): Min: 0.1, Avg: 0.1, Max: 0.1, Diff: 0.0, Sum: 0.6]
      [Code Root Scanning (ms): Min: 0.0, Avg: 0.0, Max: 0.0, Diff: 0.0, Sum: 0.0]
      [Object Copy (ms): Min: 0.1, Avg: 0.1, Max: 0.1, Diff: 0.0, Sum: 0.8]
      [Termination (ms): Min: 0.0, Avg: 0.0, Max: 0.0, Diff: 0.0, Sum: 0.1]
         [Termination Attempts: Min: 1, Avg: 1.0, Max: 1, Diff: 0, Sum: 6]
      [GC Worker Other (ms): Min: 0.0, Avg: 0.0, Max: 0.0, Diff: 0.0, Sum: 0.1]
      [GC Worker Total (ms): Min: 0.3, Avg: 0.5, Max: 0.6, Diff: 0.2, Sum: 3.0]
      [GC Worker End (ms): Min: 475143.2, Avg: 475143.2, Max: 475143.2, Diff: 0.0]
   [Code Root Fixup: 0.0 ms]
   [Code Root Purge: 0.0 ms]
   [Clear CT: 0.2 ms]
   [Other: 0.7 ms]
      [Choose CSet: 0.0 ms]
      [Ref Proc: 0.2 ms]
      [Ref Enq: 0.0 ms]
      [Redirty Cards: 0.1 ms]
      [Humongous Register: 0.0 ms]
      [Humongous Reclaim: 0.0 ms]
      [Free CSet: 0.3 ms]
   [Eden: 612.0M(612.0M)->0.0B(612.0M) Survivors: 2048.0K->2048.0K Heap: 618.4M(1024.0M)->6484.9K(1024.0M)]
 [Times: user=0.00 sys=0.00, real=0.00 secs] 
2024-10-11T08:41:34.768+0300: 475.144: Total time for which application threads were stopped: 0.0018658 seconds, Stopping threads took: 0.0001522 seconds
2024-10-11T08:41:36.808+0300: 477.183: Application time: 2.0383668 seconds
2024-10-11T08:41:36.808+0300: 477.183: [GC pause (G1 Evacuation Pause) (young), 0.0014223 secs]
   [Parallel Time: 0.7 ms, GC Workers: 6]
      [GC Worker Start (ms): Min: 477182.9, Avg: 477183.0, Max: 477183.2, Diff: 0.3]
      [Ext Root Scanning (ms): Min: 0.0, Avg: 0.2, Max: 0.3, Diff: 0.3, Sum: 1.3]
      [Update RS (ms): Min: 0.0, Avg: 0.1, Max: 0.3, Diff: 0.3, Sum: 0.3]
         [Processed Buffers: Min: 0, Avg: 0.8, Max: 2, Diff: 2, Sum: 5]
      [Scan RS (ms): Min: 0.0, Avg: 0.1, Max: 0.1, Diff: 0.1, Sum: 0.5]
      [Code Root Scanning (ms): Min: 0.0, Avg: 0.0, Max: 0.0, Diff: 0.0, Sum: 0.0]
      [Object Copy (ms): Min: 0.0, Avg: 0.1, Max: 0.2, Diff: 0.1, Sum: 0.6]
      [Termination (ms): Min: 0.0, Avg: 0.0, Max: 0.0, Diff: 0.0, Sum: 0.2]
         [Termination Attempts: Min: 1, Avg: 1.0, Max: 1, Diff: 0, Sum: 6]
      [GC Worker Other (ms): Min: 0.0, Avg: 0.0, Max: 0.0, Diff: 0.0, Sum: 0.1]
      [GC Worker Total (ms): Min: 0.3, Avg: 0.5, Max: 0.6, Diff: 0.3, Sum: 3.0]
      [GC Worker End (ms): Min: 477183.5, Avg: 477183.5, Max: 477183.5, Diff: 0.0]
   [Code Root Fixup: 0.0 ms]
   [Code Root Purge: 0.0 ms]
   [Clear CT: 0.2 ms]
   [Other: 0.6 ms]
      [Choose CSet: 0.0 ms]
      [Ref Proc: 0.2 ms]
      [Ref Enq: 0.0 ms]
      [Redirty Cards: 0.1 ms]
      [Humongous Register: 0.0 ms]
      [Humongous Reclaim: 0.0 ms]
      [Free CSet: 0.2 ms]
   [Eden: 612.0M(612.0M)->0.0B(612.0M) Survivors: 2048.0K->2048.0K Heap: 618.3M(1024.0M)->6477.3K(1024.0M)]
 [Times: user=0.00 sys=0.00, real=0.00 secs] 
2024-10-11T08:41:36.808+0300: 477.184: Total time for which application threads were stopped: 0.0017518 seconds, Stopping threads took: 0.0001345 seconds
2024-10-11T08:41:38.878+0300: 479.255: Application time: 2.0706043 seconds
2024-10-11T08:41:38.878+0300: 479.255: [GC pause (G1 Evacuation Pause) (young), 0.0014346 secs]
   [Parallel Time: 0.6 ms, GC Workers: 6]
      [GC Worker Start (ms): Min: 479255.4, Avg: 479255.4, Max: 479255.5, Diff: 0.0]
      [Ext Root Scanning (ms): Min: 0.2, Avg: 0.2, Max: 0.3, Diff: 0.0, Sum: 1.4]
      [Update RS (ms): Min: 0.0, Avg: 0.0, Max: 0.0, Diff: 0.0, Sum: 0.1]
         [Processed Buffers: Min: 0, Avg: 0.8, Max: 1, Diff: 1, Sum: 5]
      [Scan RS (ms): Min: 0.1, Avg: 0.1, Max: 0.1, Diff: 0.1, Sum: 0.6]
      [Code Root Scanning (ms): Min: 0.0, Avg: 0.0, Max: 0.0, Diff: 0.0, Sum: 0.0]
      [Object Copy (ms): Min: 0.1, Avg: 0.1, Max: 0.1, Diff: 0.1, Sum: 0.6]
      [Termination (ms): Min: 0.0, Avg: 0.0, Max: 0.0, Diff: 0.0, Sum: 0.1]
         [Termination Attempts: Min: 1, Avg: 1.0, Max: 1, Diff: 0, Sum: 6]
      [GC Worker Other (ms): Min: 0.0, Avg: 0.0, Max: 0.1, Diff: 0.0, Sum: 0.2]
      [GC Worker Total (ms): Min: 0.4, Avg: 0.5, Max: 0.5, Diff: 0.1, Sum: 3.0]
      [GC Worker End (ms): Min: 479255.9, Avg: 479255.9, Max: 479256.0, Diff: 0.0]
   [Code Root Fixup: 0.0 ms]
   [Code Root Purge: 0.0 ms]
   [Clear CT: 0.2 ms]
   [Other: 0.7 ms]
      [Choose CSet: 0.0 ms]
      [Ref Proc: 0.2 ms]
      [Ref Enq: 0.0 ms]
      [Redirty Cards: 0.1 ms]
      [Humongous Register: 0.0 ms]
      [Humongous Reclaim: 0.0 ms]
      [Free CSet: 0.3 ms]
   [Eden: 612.0M(612.0M)->0.0B(612.0M) Survivors: 2048.0K->2048.0K Heap: 618.3M(1024.0M)->6413.7K(1024.0M)]
 [Times: user=0.03 sys=0.00, real=0.00 secs] 
2024-10-11T08:41:38.878+0300: 479.257: Total time for which application threads were stopped: 0.0019399 seconds, Stopping threads took: 0.0003158 seconds
2024-10-11T08:41:40.933+0300: 481.311: Application time: 2.0539167 seconds
2024-10-11T08:41:40.933+0300: 481.311: [GC pause (G1 Evacuation Pause) (young), 0.0015911 secs]
   [Parallel Time: 0.6 ms, GC Workers: 6]
      [GC Worker Start (ms): Min: 481311.1, Avg: 481311.2, Max: 481311.4, Diff: 0.3]
      [Ext Root Scanning (ms): Min: 0.0, Avg: 0.2, Max: 0.3, Diff: 0.3, Sum: 1.3]
      [Update RS (ms): Min: 0.0, Avg: 0.0, Max: 0.0, Diff: 0.0, Sum: 0.1]
         [Processed Buffers: Min: 0, Avg: 0.8, Max: 1, Diff: 1, Sum: 5]
      [Scan RS (ms): Min: 0.1, Avg: 0.1, Max: 0.1, Diff: 0.0, Sum: 0.5]
      [Code Root Scanning (ms): Min: 0.0, Avg: 0.0, Max: 0.0, Diff: 0.0, Sum: 0.0]
      [Object Copy (ms): Min: 0.1, Avg: 0.1, Max: 0.1, Diff: 0.0, Sum: 0.7]
      [Termination (ms): Min: 0.0, Avg: 0.0, Max: 0.0, Diff: 0.0, Sum: 0.0]
         [Termination Attempts: Min: 1, Avg: 1.0, Max: 1, Diff: 0, Sum: 6]
      [GC Worker Other (ms): Min: 0.0, Avg: 0.0, Max: 0.0, Diff: 0.0, Sum: 0.1]
      [GC Worker Total (ms): Min: 0.2, Avg: 0.4, Max: 0.5, Diff: 0.3, Sum: 2.7]
      [GC Worker End (ms): Min: 481311.6, Avg: 481311.6, Max: 481311.6, Diff: 0.0]
   [Code Root Fixup: 0.0 ms]
   [Code Root Purge: 0.0 ms]
   [Clear CT: 0.2 ms]
   [Other: 0.8 ms]
      [Choose CSet: 0.0 ms]
      [Ref Proc: 0.1 ms]
      [Ref Enq: 0.0 ms]
      [Redirty Cards: 0.1 ms]
      [Humongous Register: 0.0 ms]
      [Humongous Reclaim: 0.0 ms]
      [Free CSet: 0.5 ms]
   [Eden: 612.0M(612.0M)->0.0B(612.0M) Survivors: 2048.0K->2048.0K Heap: 618.3M(1024.0M)->6251.1K(1024.0M)]
 [Times: user=0.00 sys=0.00, real=0.00 secs] 
2024-10-11T08:41:40.933+0300: 481.313: Total time for which application threads were stopped: 0.0019304 seconds, Stopping threads took: 0.0001524 seconds
2024-10-11T08:41:42.974+0300: 483.360: Application time: 2.0472254 seconds
2024-10-11T08:41:42.974+0300: 483.360: [GC pause (G1 Evacuation Pause) (young), 0.0014450 secs]
   [Parallel Time: 0.7 ms, GC Workers: 6]
      [GC Worker Start (ms): Min: 483360.3, Avg: 483360.3, Max: 483360.3, Diff: 0.1]
      [Ext Root Scanning (ms): Min: 0.2, Avg: 0.2, Max: 0.3, Diff: 0.1, Sum: 1.5]
      [Update RS (ms): Min: 0.0, Avg: 0.0, Max: 0.0, Diff: 0.0, Sum: 0.1]
         [Processed Buffers: Min: 0, Avg: 0.8, Max: 1, Diff: 1, Sum: 5]
      [Scan RS (ms): Min: 0.1, Avg: 0.1, Max: 0.1, Diff: 0.0, Sum: 0.6]
      [Code Root Scanning (ms): Min: 0.0, Avg: 0.0, Max: 0.0, Diff: 0.0, Sum: 0.0]
      [Object Copy (ms): Min: 0.1, Avg: 0.2, Max: 0.2, Diff: 0.0, Sum: 1.0]
      [Termination (ms): Min: 0.0, Avg: 0.0, Max: 0.0, Diff: 0.0, Sum: 0.1]
         [Termination Attempts: Min: 1, Avg: 1.0, Max: 1, Diff: 0, Sum: 6]
      [GC Worker Other (ms): Min: 0.0, Avg: 0.0, Max: 0.0, Diff: 0.0, Sum: 0.1]
      [GC Worker Total (ms): Min: 0.5, Avg: 0.6, Max: 0.6, Diff: 0.1, Sum: 3.3]
      [GC Worker End (ms): Min: 483360.8, Avg: 483360.8, Max: 483360.9, Diff: 0.0]
   [Code Root Fixup: 0.0 ms]
   [Code Root Purge: 0.0 ms]
   [Clear CT: 0.2 ms]
   [Other: 0.6 ms]
      [Choose CSet: 0.0 ms]
      [Ref Proc: 0.1 ms]
      [Ref Enq: 0.0 ms]
      [Redirty Cards: 0.1 ms]
      [Humongous Register: 0.0 ms]
      [Humongous Reclaim: 0.0 ms]
      [Free CSet: 0.3 ms]
   [Eden: 612.0M(612.0M)->0.0B(612.0M) Survivors: 2048.0K->2048.0K Heap: 618.1M(1024.0M)->6569.1K(1024.0M)]
 [Times: user=0.00 sys=0.00, real=0.00 secs] 
2024-10-11T08:41:42.974+0300: 483.362: Total time for which application threads were stopped: 0.0017673 seconds, Stopping threads took: 0.0001259 seconds
2024-10-11T08:41:45.029+0300: 485.403: Application time: 2.0414716 seconds
2024-10-11T08:41:45.029+0300: 485.403: [GC pause (G1 Evacuation Pause) (young), 0.0013554 secs]
   [Parallel Time: 0.6 ms, GC Workers: 6]
      [GC Worker Start (ms): Min: 485403.5, Avg: 485403.5, Max: 485403.6, Diff: 0.0]
      [Ext Root Scanning (ms): Min: 0.2, Avg: 0.2, Max: 0.3, Diff: 0.0, Sum: 1.4]
      [Update RS (ms): Min: 0.0, Avg: 0.0, Max: 0.0, Diff: 0.0, Sum: 0.1]
         [Processed Buffers: Min: 0, Avg: 0.8, Max: 1, Diff: 1, Sum: 5]
      [Scan RS (ms): Min: 0.1, Avg: 0.1, Max: 0.1, Diff: 0.0, Sum: 0.5]
      [Code Root Scanning (ms): Min: 0.0, Avg: 0.0, Max: 0.0, Diff: 0.0, Sum: 0.0]
      [Object Copy (ms): Min: 0.1, Avg: 0.1, Max: 0.1, Diff: 0.0, Sum: 0.7]
      [Termination (ms): Min: 0.0, Avg: 0.0, Max: 0.0, Diff: 0.0, Sum: 0.1]
         [Termination Attempts: Min: 1, Avg: 1.0, Max: 1, Diff: 0, Sum: 6]
      [GC Worker Other (ms): Min: 0.0, Avg: 0.0, Max: 0.0, Diff: 0.0, Sum: 0.1]
      [GC Worker Total (ms): Min: 0.5, Avg: 0.5, Max: 0.5, Diff: 0.0, Sum: 2.8]
      [GC Worker End (ms): Min: 485404.0, Avg: 485404.0, Max: 485404.0, Diff: 0.0]
   [Code Root Fixup: 0.0 ms]
   [Code Root Purge: 0.0 ms]
   [Clear CT: 0.2 ms]
   [Other: 0.6 ms]
      [Choose CSet: 0.0 ms]
      [Ref Proc: 0.1 ms]
      [Ref Enq: 0.0 ms]
      [Redirty Cards: 0.1 ms]
      [Humongous Register: 0.0 ms]
      [Humongous Reclaim: 0.0 ms]
      [Free CSet: 0.3 ms]
   [Eden: 612.0M(612.0M)->0.0B(612.0M) Survivors: 2048.0K->2048.0K Heap: 618.4M(1024.0M)->6419.9K(1024.0M)]
 [Times: user=0.00 sys=0.00, real=0.00 secs] 
2024-10-11T08:41:45.029+0300: 485.405: Total time for which application threads were stopped: 0.0016838 seconds, Stopping threads took: 0.0001411 seconds
2024-10-11T08:41:47.068+0300: 487.441: Application time: 2.0359626 seconds
2024-10-11T08:41:47.068+0300: 487.441: [GC pause (G1 Evacuation Pause) (young), 0.0014527 secs]
   [Parallel Time: 0.6 ms, GC Workers: 6]
      [GC Worker Start (ms): Min: 487441.3, Avg: 487441.3, Max: 487441.3, Diff: 0.1]
      [Ext Root Scanning (ms): Min: 0.2, Avg: 0.3, Max: 0.3, Diff: 0.0, Sum: 1.5]
      [Update RS (ms): Min: 0.0, Avg: 0.0, Max: 0.1, Diff: 0.1, Sum: 0.1]
         [Processed Buffers: Min: 0, Avg: 0.8, Max: 5, Diff: 5, Sum: 5]
      [Scan RS (ms): Min: 0.1, Avg: 0.1, Max: 0.1, Diff: 0.0, Sum: 0.6]
      [Code Root Scanning (ms): Min: 0.0, Avg: 0.0, Max: 0.0, Diff: 0.0, Sum: 0.0]
      [Object Copy (ms): Min: 0.1, Avg: 0.1, Max: 0.2, Diff: 0.1, Sum: 0.9]
      [Termination (ms): Min: 0.0, Avg: 0.0, Max: 0.0, Diff: 0.0, Sum: 0.1]
         [Termination Attempts: Min: 1, Avg: 1.0, Max: 1, Diff: 0, Sum: 6]
      [GC Worker Other (ms): Min: 0.0, Avg: 0.0, Max: 0.0, Diff: 0.0, Sum: 0.1]
      [GC Worker Total (ms): Min: 0.5, Avg: 0.5, Max: 0.6, Diff: 0.1, Sum: 3.2]
      [GC Worker End (ms): Min: 487441.8, Avg: 487441.8, Max: 487441.8, Diff: 0.0]
   [Code Root Fixup: 0.0 ms]
   [Code Root Purge: 0.0 ms]
   [Clear CT: 0.2 ms]
   [Other: 0.6 ms]
      [Choose CSet: 0.0 ms]
      [Ref Proc: 0.1 ms]
      [Ref Enq: 0.0 ms]
      [Redirty Cards: 0.1 ms]
      [Humongous Register: 0.1 ms]
      [Humongous Reclaim: 0.0 ms]
      [Free CSet: 0.2 ms]
   [Eden: 612.0M(612.0M)->0.0B(612.0M) Survivors: 2048.0K->2048.0K Heap: 618.3M(1024.0M)->6461.2K(1024.0M)]
 [Times: user=0.00 sys=0.00, real=0.00 secs] 
2024-10-11T08:41:47.068+0300: 487.443: Total time for which application threads were stopped: 0.0018472 seconds, Stopping threads took: 0.0001669 seconds
2024-10-11T08:41:49.093+0300: 489.479: Application time: 2.0365329 seconds
2024-10-11T08:41:49.093+0300: 489.479: [GC pause (G1 Evacuation Pause) (young), 0.0014877 secs]
   [Parallel Time: 0.7 ms, GC Workers: 6]
      [GC Worker Start (ms): Min: 489479.5, Avg: 489479.6, Max: 489479.6, Diff: 0.1]
      [Ext Root Scanning (ms): Min: 0.2, Avg: 0.2, Max: 0.3, Diff: 0.1, Sum: 1.5]
      [Update RS (ms): Min: 0.0, Avg: 0.0, Max: 0.0, Diff: 0.0, Sum: 0.1]
         [Processed Buffers: Min: 0, Avg: 0.8, Max: 2, Diff: 2, Sum: 5]
      [Scan RS (ms): Min: 0.1, Avg: 0.1, Max: 0.1, Diff: 0.0, Sum: 0.6]
      [Code Root Scanning (ms): Min: 0.0, Avg: 0.0, Max: 0.0, Diff: 0.0, Sum: 0.0]
      [Object Copy (ms): Min: 0.1, Avg: 0.1, Max: 0.2, Diff: 0.1, Sum: 0.9]
      [Termination (ms): Min: 0.0, Avg: 0.1, Max: 0.1, Diff: 0.1, Sum: 0.4]
         [Termination Attempts: Min: 1, Avg: 1.0, Max: 1, Diff: 0, Sum: 6]
      [GC Worker Other (ms): Min: 0.0, Avg: 0.0, Max: 0.0, Diff: 0.0, Sum: 0.1]
      [GC Worker Total (ms): Min: 0.6, Avg: 0.6, Max: 0.6, Diff: 0.1, Sum: 3.6]
      [GC Worker End (ms): Min: 489480.2, Avg: 489480.2, Max: 489480.2, Diff: 0.0]
   [Code Root Fixup: 0.0 ms]
   [Code Root Purge: 0.0 ms]
   [Clear CT: 0.2 ms]
   [Other: 0.6 ms]
      [Choose CSet: 0.0 ms]
      [Ref Proc: 0.1 ms]
      [Ref Enq: 0.0 ms]
      [Redirty Cards: 0.1 ms]
      [Humongous Register: 0.0 ms]
      [Humongous Reclaim: 0.0 ms]
      [Free CSet: 0.3 ms]
   [Eden: 612.0M(612.0M)->0.0B(612.0M) Survivors: 2048.0K->2048.0K Heap: 618.3M(1024.0M)->6619.9K(1024.0M)]
 [Times: user=0.00 sys=0.00, real=0.02 secs] 
2024-10-11T08:41:49.109+0300: 489.481: Total time for which application threads were stopped: 0.0018111 seconds, Stopping threads took: 0.0001443 seconds
2024-10-11T08:41:51.150+0300: 491.525: Application time: 2.0435762 seconds
2024-10-11T08:41:51.150+0300: 491.525: [GC pause (G1 Evacuation Pause) (young), 0.0013995 secs]
   [Parallel Time: 0.6 ms, GC Workers: 6]
      [GC Worker Start (ms): Min: 491525.0, Avg: 491525.0, Max: 491525.0, Diff: 0.1]
      [Ext Root Scanning (ms): Min: 0.2, Avg: 0.2, Max: 0.3, Diff: 0.0, Sum: 1.5]
      [Update RS (ms): Min: 0.0, Avg: 0.0, Max: 0.0, Diff: 0.0, Sum: 0.1]
         [Processed Buffers: Min: 0, Avg: 0.8, Max: 2, Diff: 2, Sum: 5]
      [Scan RS (ms): Min: 0.1, Avg: 0.1, Max: 0.1, Diff: 0.0, Sum: 0.6]
      [Code Root Scanning (ms): Min: 0.0, Avg: 0.0, Max: 0.0, Diff: 0.0, Sum: 0.0]
      [Object Copy (ms): Min: 0.1, Avg: 0.1, Max: 0.1, Diff: 0.0, Sum: 0.7]
      [Termination (ms): Min: 0.0, Avg: 0.0, Max: 0.0, Diff: 0.0, Sum: 0.0]
         [Termination Attempts: Min: 1, Avg: 1.0, Max: 1, Diff: 0, Sum: 6]
      [GC Worker Other (ms): Min: 0.0, Avg: 0.0, Max: 0.0, Diff: 0.0, Sum: 0.1]
      [GC Worker Total (ms): Min: 0.5, Avg: 0.5, Max: 0.5, Diff: 0.0, Sum: 3.0]
      [GC Worker End (ms): Min: 491525.5, Avg: 491525.5, Max: 491525.5, Diff: 0.0]
   [Code Root Fixup: 0.0 ms]
   [Code Root Purge: 0.0 ms]
   [Clear CT: 0.2 ms]
   [Other: 0.6 ms]
      [Choose CSet: 0.0 ms]
      [Ref Proc: 0.1 ms]
      [Ref Enq: 0.0 ms]
      [Redirty Cards: 0.1 ms]
      [Humongous Register: 0.0 ms]
      [Humongous Reclaim: 0.0 ms]
      [Free CSet: 0.3 ms]
   [Eden: 612.0M(612.0M)->0.0B(612.0M) Survivors: 2048.0K->2048.0K Heap: 618.5M(1024.0M)->6462.2K(1024.0M)]
 [Times: user=0.00 sys=0.00, real=0.00 secs] 
2024-10-11T08:41:51.150+0300: 491.526: Total time for which application threads were stopped: 0.0017353 seconds, Stopping threads took: 0.0001276 seconds
2024-10-11T08:41:53.192+0300: 493.578: Application time: 2.0511840 seconds
2024-10-11T08:41:53.192+0300: 493.578: [GC pause (G1 Evacuation Pause) (young), 0.0015269 secs]
   [Parallel Time: 0.7 ms, GC Workers: 6]
      [GC Worker Start (ms): Min: 493577.9, Avg: 493578.0, Max: 493578.0, Diff: 0.1]
      [Ext Root Scanning (ms): Min: 0.2, Avg: 0.2, Max: 0.3, Diff: 0.1, Sum: 1.4]
      [Update RS (ms): Min: 0.0, Avg: 0.0, Max: 0.2, Diff: 0.2, Sum: 0.3]
         [Processed Buffers: Min: 0, Avg: 0.8, Max: 1, Diff: 1, Sum: 5]
      [Scan RS (ms): Min: 0.0, Avg: 0.1, Max: 0.1, Diff: 0.1, Sum: 0.6]
      [Code Root Scanning (ms): Min: 0.0, Avg: 0.0, Max: 0.0, Diff: 0.0, Sum: 0.0]
      [Object Copy (ms): Min: 0.1, Avg: 0.1, Max: 0.2, Diff: 0.1, Sum: 0.8]
      [Termination (ms): Min: 0.0, Avg: 0.0, Max: 0.0, Diff: 0.0, Sum: 0.0]
         [Termination Attempts: Min: 1, Avg: 1.2, Max: 2, Diff: 1, Sum: 7]
      [GC Worker Other (ms): Min: 0.0, Avg: 0.0, Max: 0.0, Diff: 0.0, Sum: 0.1]
      [GC Worker Total (ms): Min: 0.5, Avg: 0.5, Max: 0.6, Diff: 0.1, Sum: 3.2]
      [GC Worker End (ms): Min: 493578.5, Avg: 493578.5, Max: 493578.5, Diff: 0.0]
   [Code Root Fixup: 0.0 ms]
   [Code Root Purge: 0.0 ms]
   [Clear CT: 0.2 ms]
   [Other: 0.7 ms]
      [Choose CSet: 0.0 ms]
      [Ref Proc: 0.2 ms]
      [Ref Enq: 0.0 ms]
      [Redirty Cards: 0.1 ms]
      [Humongous Register: 0.1 ms]
      [Humongous Reclaim: 0.0 ms]
      [Free CSet: 0.2 ms]
   [Eden: 612.0M(612.0M)->0.0B(612.0M) Survivors: 2048.0K->2048.0K Heap: 618.3M(1024.0M)->6488.7K(1024.0M)]
 [Times: user=0.00 sys=0.00, real=0.02 secs] 
2024-10-11T08:41:53.207+0300: 493.579: Total time for which application threads were stopped: 0.0018710 seconds, Stopping threads took: 0.0001184 seconds
2024-10-11T08:41:55.231+0300: 495.617: Application time: 2.0380018 seconds
2024-10-11T08:41:55.231+0300: 495.618: [GC pause (G1 Evacuation Pause) (young), 0.0015406 secs]
   [Parallel Time: 0.6 ms, GC Workers: 6]
      [GC Worker Start (ms): Min: 495617.8, Avg: 495617.8, Max: 495617.9, Diff: 0.0]
      [Ext Root Scanning (ms): Min: 0.2, Avg: 0.2, Max: 0.3, Diff: 0.0, Sum: 1.4]
      [Update RS (ms): Min: 0.0, Avg: 0.0, Max: 0.0, Diff: 0.0, Sum: 0.1]
         [Processed Buffers: Min: 0, Avg: 0.8, Max: 3, Diff: 3, Sum: 5]
      [Scan RS (ms): Min: 0.1, Avg: 0.1, Max: 0.1, Diff: 0.0, Sum: 0.6]
      [Code Root Scanning (ms): Min: 0.0, Avg: 0.0, Max: 0.0, Diff: 0.0, Sum: 0.0]
      [Object Copy (ms): Min: 0.1, Avg: 0.1, Max: 0.2, Diff: 0.1, Sum: 0.8]
      [Termination (ms): Min: 0.0, Avg: 0.0, Max: 0.0, Diff: 0.0, Sum: 0.0]
         [Termination Attempts: Min: 1, Avg: 1.0, Max: 1, Diff: 0, Sum: 6]
      [GC Worker Other (ms): Min: 0.0, Avg: 0.0, Max: 0.0, Diff: 0.0, Sum: 0.2]
      [GC Worker Total (ms): Min: 0.5, Avg: 0.5, Max: 0.5, Diff: 0.0, Sum: 3.2]
      [GC Worker End (ms): Min: 495618.3, Avg: 495618.4, Max: 495618.4, Diff: 0.0]
   [Code Root Fixup: 0.0 ms]
   [Code Root Purge: 0.0 ms]
   [Clear CT: 0.2 ms]
   [Other: 0.7 ms]
      [Choose CSet: 0.0 ms]
      [Ref Proc: 0.1 ms]
      [Ref Enq: 0.0 ms]
      [Redirty Cards: 0.1 ms]
      [Humongous Register: 0.0 ms]
      [Humongous Reclaim: 0.0 ms]
      [Free CSet: 0.4 ms]
   [Eden: 612.0M(612.0M)->0.0B(612.0M) Survivors: 2048.0K->2048.0K Heap: 618.3M(1024.0M)->6599.1K(1024.0M)]
 [Times: user=0.02 sys=0.00, real=0.02 secs] 
2024-10-11T08:41:55.247+0300: 495.619: Total time for which application threads were stopped: 0.0019015 seconds, Stopping threads took: 0.0001464 seconds
2024-10-11T08:41:57.302+0300: 497.677: Application time: 2.0573073 seconds
2024-10-11T08:41:57.302+0300: 497.677: [GC pause (G1 Evacuation Pause) (young), 0.0013358 secs]
   [Parallel Time: 0.6 ms, GC Workers: 6]
      [GC Worker Start (ms): Min: 497677.0, Avg: 497677.1, Max: 497677.1, Diff: 0.1]
      [Ext Root Scanning (ms): Min: 0.2, Avg: 0.2, Max: 0.3, Diff: 0.1, Sum: 1.4]
      [Update RS (ms): Min: 0.0, Avg: 0.0, Max: 0.0, Diff: 0.0, Sum: 0.1]
         [Processed Buffers: Min: 0, Avg: 0.8, Max: 1, Diff: 1, Sum: 5]
      [Scan RS (ms): Min: 0.1, Avg: 0.1, Max: 0.1, Diff: 0.0, Sum: 0.6]
      [Code Root Scanning (ms): Min: 0.0, Avg: 0.0, Max: 0.0, Diff: 0.0, Sum: 0.0]
      [Object Copy (ms): Min: 0.1, Avg: 0.1, Max: 0.1, Diff: 0.0, Sum: 0.8]
      [Termination (ms): Min: 0.0, Avg: 0.0, Max: 0.0, Diff: 0.0, Sum: 0.0]
         [Termination Attempts: Min: 1, Avg: 1.0, Max: 1, Diff: 0, Sum: 6]
      [GC Worker Other (ms): Min: 0.0, Avg: 0.0, Max: 0.0, Diff: 0.0, Sum: 0.1]
      [GC Worker Total (ms): Min: 0.5, Avg: 0.5, Max: 0.5, Diff: 0.1, Sum: 3.0]
      [GC Worker End (ms): Min: 497677.6, Avg: 497677.6, Max: 497677.6, Diff: 0.0]
   [Code Root Fixup: 0.0 ms]
   [Code Root Purge: 0.0 ms]
   [Clear CT: 0.1 ms]
   [Other: 0.6 ms]
      [Choose CSet: 0.0 ms]
      [Ref Proc: 0.1 ms]
      [Ref Enq: 0.0 ms]
      [Redirty Cards: 0.1 ms]
      [Humongous Register: 0.0 ms]
      [Humongous Reclaim: 0.0 ms]
      [Free CSet: 0.2 ms]
   [Eden: 612.0M(612.0M)->0.0B(612.0M) Survivors: 2048.0K->2048.0K Heap: 618.4M(1024.0M)->6446.7K(1024.0M)]
 [Times: user=0.00 sys=0.00, real=0.00 secs] 
2024-10-11T08:41:57.302+0300: 497.678: Total time for which application threads were stopped: 0.0017027 seconds, Stopping threads took: 0.0001662 seconds
2024-10-11T08:41:59.373+0300: 499.749: Application time: 2.0702999 seconds
2024-10-11T08:41:59.373+0300: 499.749: [GC pause (G1 Evacuation Pause) (young), 0.0015305 secs]
   [Parallel Time: 0.7 ms, GC Workers: 6]
      [GC Worker Start (ms): Min: 499749.1, Avg: 499749.2, Max: 499749.4, Diff: 0.3]
      [Ext Root Scanning (ms): Min: 0.0, Avg: 0.2, Max: 0.3, Diff: 0.3, Sum: 1.3]
      [Update RS (ms): Min: 0.0, Avg: 0.0, Max: 0.0, Diff: 0.0, Sum: 0.1]
         [Processed Buffers: Min: 0, Avg: 0.8, Max: 2, Diff: 2, Sum: 5]
      [Scan RS (ms): Min: 0.1, Avg: 0.1, Max: 0.1, Diff: 0.0, Sum: 0.6]
      [Code Root Scanning (ms): Min: 0.0, Avg: 0.0, Max: 0.0, Diff: 0.0, Sum: 0.0]
      [Object Copy (ms): Min: 0.1, Avg: 0.1, Max: 0.2, Diff: 0.1, Sum: 0.8]
      [Termination (ms): Min: 0.0, Avg: 0.0, Max: 0.0, Diff: 0.0, Sum: 0.1]
         [Termination Attempts: Min: 1, Avg: 1.0, Max: 1, Diff: 0, Sum: 6]
      [GC Worker Other (ms): Min: 0.0, Avg: 0.0, Max: 0.1, Diff: 0.1, Sum: 0.2]
      [GC Worker Total (ms): Min: 0.3, Avg: 0.5, Max: 0.6, Diff: 0.3, Sum: 3.1]
      [GC Worker End (ms): Min: 499749.6, Avg: 499749.7, Max: 499749.7, Diff: 0.1]
   [Code Root Fixup: 0.0 ms]
   [Code Root Purge: 0.0 ms]
   [Clear CT: 0.2 ms]
   [Other: 0.7 ms]
      [Choose CSet: 0.0 ms]
      [Ref Proc: 0.2 ms]
      [Ref Enq: 0.0 ms]
      [Redirty Cards: 0.1 ms]
      [Humongous Register: 0.0 ms]
      [Humongous Reclaim: 0.0 ms]
      [Free CSet: 0.3 ms]
   [Eden: 612.0M(612.0M)->0.0B(612.0M) Survivors: 2048.0K->2048.0K Heap: 618.3M(1024.0M)->6453.3K(1024.0M)]
 [Times: user=0.00 sys=0.00, real=0.00 secs] 
2024-10-11T08:41:59.373+0300: 499.751: Total time for which application threads were stopped: 0.0019281 seconds, Stopping threads took: 0.0001881 seconds
2024-10-11T08:41:59.640+0300: 500.015: Application time: 0.2647174 seconds
2024-10-11T08:41:59.640+0300: 500.016: Total time for which application threads were stopped: 0.0002270 seconds, Stopping threads took: 0.0001676 seconds
2024-10-11T08:42:00.032+0300: 500.415: Application time: 0.3998064 seconds
2024-10-11T08:42:00.032+0300: 500.416: Total time for which application threads were stopped: 0.0002012 seconds, Stopping threads took: 0.0001503 seconds
2024-10-11T08:42:00.079+0300: 500.463: Application time: 0.0471076 seconds
2024-10-11T08:42:00.079+0300: 500.463: Total time for which application threads were stopped: 0.0001597 seconds, Stopping threads took: 0.0001132 seconds
2024-10-11T08:42:00.268+0300: 500.646: Application time: 0.1836042 seconds
2024-10-11T08:42:00.283+0300: 500.656: Total time for which application threads were stopped: 0.0091232 seconds, Stopping threads took: 0.0090544 seconds
2024-10-11T08:42:01.287+0300: 501.659: Application time: 1.0036934 seconds
2024-10-11T08:42:01.287+0300: 501.660: Total time for which application threads were stopped: 0.0003496 seconds, Stopping threads took: 0.0002659 seconds
2024-10-11T08:42:01.567+0300: 501.940: Application time: 0.2806179 seconds
2024-10-11T08:42:01.567+0300: 501.941: [GC pause (G1 Evacuation Pause) (young), 0.0013754 secs]
   [Parallel Time: 0.6 ms, GC Workers: 6]
      [GC Worker Start (ms): Min: 501940.6, Avg: 501940.6, Max: 501940.7, Diff: 0.1]
      [Ext Root Scanning (ms): Min: 0.2, Avg: 0.2, Max: 0.3, Diff: 0.1, Sum: 1.4]
      [Update RS (ms): Min: 0.0, Avg: 0.0, Max: 0.0, Diff: 0.0, Sum: 0.1]
         [Processed Buffers: Min: 0, Avg: 1.0, Max: 2, Diff: 2, Sum: 6]
      [Scan RS (ms): Min: 0.1, Avg: 0.1, Max: 0.1, Diff: 0.0, Sum: 0.6]
      [Code Root Scanning (ms): Min: 0.0, Avg: 0.0, Max: 0.0, Diff: 0.0, Sum: 0.0]
      [Object Copy (ms): Min: 0.1, Avg: 0.1, Max: 0.2, Diff: 0.1, Sum: 0.8]
      [Termination (ms): Min: 0.0, Avg: 0.0, Max: 0.0, Diff: 0.0, Sum: 0.0]
         [Termination Attempts: Min: 1, Avg: 1.0, Max: 1, Diff: 0, Sum: 6]
      [GC Worker Other (ms): Min: 0.0, Avg: 0.0, Max: 0.0, Diff: 0.0, Sum: 0.2]
      [GC Worker Total (ms): Min: 0.5, Avg: 0.5, Max: 0.6, Diff: 0.1, Sum: 3.1]
      [GC Worker End (ms): Min: 501941.1, Avg: 501941.1, Max: 501941.2, Diff: 0.0]
   [Code Root Fixup: 0.0 ms]
   [Code Root Purge: 0.0 ms]
   [Clear CT: 0.1 ms]
   [Other: 0.6 ms]
      [Choose CSet: 0.0 ms]
      [Ref Proc: 0.1 ms]
      [Ref Enq: 0.0 ms]
      [Redirty Cards: 0.1 ms]
      [Humongous Register: 0.0 ms]
      [Humongous Reclaim: 0.0 ms]
      [Free CSet: 0.3 ms]
   [Eden: 612.0M(612.0M)->0.0B(612.0M) Survivors: 2048.0K->2048.0K Heap: 618.3M(1024.0M)->6535.0K(1024.0M)]
 [Times: user=0.00 sys=0.00, real=0.00 secs] 
2024-10-11T08:42:01.570+0300: 501.942: Total time for which application threads were stopped: 0.0017417 seconds, Stopping threads took: 0.0001571 seconds
2024-10-11T08:42:03.624+0300: 503.999: Application time: 2.0570192 seconds
2024-10-11T08:42:03.624+0300: 503.999: [GC pause (G1 Evacuation Pause) (young), 0.0013890 secs]
   [Parallel Time: 0.6 ms, GC Workers: 6]
      [GC Worker Start (ms): Min: 503999.4, Avg: 503999.4, Max: 503999.7, Diff: 0.3]
      [Ext Root Scanning (ms): Min: 0.0, Avg: 0.2, Max: 0.3, Diff: 0.3, Sum: 1.3]
      [Update RS (ms): Min: 0.0, Avg: 0.0, Max: 0.0, Diff: 0.0, Sum: 0.1]
         [Processed Buffers: Min: 0, Avg: 1.0, Max: 2, Diff: 2, Sum: 6]
      [Scan RS (ms): Min: 0.1, Avg: 0.1, Max: 0.1, Diff: 0.0, Sum: 0.6]
      [Code Root Scanning (ms): Min: 0.0, Avg: 0.0, Max: 0.0, Diff: 0.0, Sum: 0.0]
      [Object Copy (ms): Min: 0.1, Avg: 0.1, Max: 0.2, Diff: 0.1, Sum: 0.8]
      [Termination (ms): Min: 0.0, Avg: 0.0, Max: 0.0, Diff: 0.0, Sum: 0.1]
         [Termination Attempts: Min: 1, Avg: 1.0, Max: 1, Diff: 0, Sum: 6]
      [GC Worker Other (ms): Min: 0.0, Avg: 0.0, Max: 0.0, Diff: 0.0, Sum: 0.1]
      [GC Worker Total (ms): Min: 0.3, Avg: 0.5, Max: 0.6, Diff: 0.3, Sum: 3.0]
      [GC Worker End (ms): Min: 503999.9, Avg: 503999.9, Max: 503999.9, Diff: 0.0]
   [Code Root Fixup: 0.0 ms]
   [Code Root Purge: 0.0 ms]
   [Clear CT: 0.2 ms]
   [Other: 0.6 ms]
      [Choose CSet: 0.0 ms]
      [Ref Proc: 0.1 ms]
      [Ref Enq: 0.0 ms]
      [Redirty Cards: 0.1 ms]
      [Humongous Register: 0.0 ms]
      [Humongous Reclaim: 0.0 ms]
      [Free CSet: 0.3 ms]
   [Eden: 612.0M(612.0M)->0.0B(612.0M) Survivors: 2048.0K->2048.0K Heap: 618.4M(1024.0M)->6453.8K(1024.0M)]
 [Times: user=0.00 sys=0.00, real=0.00 secs] 
2024-10-11T08:42:03.624+0300: 504.001: Total time for which application threads were stopped: 0.0017958 seconds, Stopping threads took: 0.0001747 seconds
2024-10-11T08:42:05.665+0300: 506.043: Application time: 2.0418120 seconds
2024-10-11T08:42:05.665+0300: 506.043: [GC pause (G1 Evacuation Pause) (young), 0.0013905 secs]
   [Parallel Time: 0.6 ms, GC Workers: 6]
      [GC Worker Start (ms): Min: 506043.0, Avg: 506043.0, Max: 506043.3, Diff: 0.3]
      [Ext Root Scanning (ms): Min: 0.0, Avg: 0.2, Max: 0.3, Diff: 0.3, Sum: 1.4]
      [Update RS (ms): Min: 0.0, Avg: 0.0, Max: 0.0, Diff: 0.0, Sum: 0.1]
         [Processed Buffers: Min: 0, Avg: 0.8, Max: 2, Diff: 2, Sum: 5]
      [Scan RS (ms): Min: 0.1, Avg: 0.1, Max: 0.1, Diff: 0.0, Sum: 0.6]
      [Code Root Scanning (ms): Min: 0.0, Avg: 0.0, Max: 0.0, Diff: 0.0, Sum: 0.0]
      [Object Copy (ms): Min: 0.1, Avg: 0.1, Max: 0.2, Diff: 0.1, Sum: 0.8]
      [Termination (ms): Min: 0.0, Avg: 0.0, Max: 0.0, Diff: 0.0, Sum: 0.1]
         [Termination Attempts: Min: 1, Avg: 1.0, Max: 1, Diff: 0, Sum: 6]
      [GC Worker Other (ms): Min: 0.0, Avg: 0.0, Max: 0.0, Diff: 0.0, Sum: 0.1]
      [GC Worker Total (ms): Min: 0.3, Avg: 0.5, Max: 0.6, Diff: 0.3, Sum: 3.0]
      [GC Worker End (ms): Min: 506043.5, Avg: 506043.5, Max: 506043.5, Diff: 0.0]
   [Code Root Fixup: 0.0 ms]
   [Code Root Purge: 0.0 ms]
   [Clear CT: 0.2 ms]
   [Other: 0.6 ms]
      [Choose CSet: 0.0 ms]
      [Ref Proc: 0.1 ms]
      [Ref Enq: 0.0 ms]
      [Redirty Cards: 0.1 ms]
      [Humongous Register: 0.0 ms]
      [Humongous Reclaim: 0.0 ms]
      [Free CSet: 0.3 ms]
   [Eden: 612.0M(612.0M)->0.0B(612.0M) Survivors: 2048.0K->2048.0K Heap: 618.3M(1024.0M)->6473.9K(1024.0M)]
 [Times: user=0.00 sys=0.00, real=0.00 secs] 
2024-10-11T08:42:05.665+0300: 506.044: Total time for which application threads were stopped: 0.0017464 seconds, Stopping threads took: 0.0001906 seconds
2024-10-11T08:42:07.706+0300: 508.080: Application time: 2.0356489 seconds
2024-10-11T08:42:07.706+0300: 508.080: [GC pause (G1 Evacuation Pause) (young), 0.0013650 secs]
   [Parallel Time: 0.7 ms, GC Workers: 6]
      [GC Worker Start (ms): Min: 508080.4, Avg: 508080.5, Max: 508080.7, Diff: 0.3]
      [Ext Root Scanning (ms): Min: 0.0, Avg: 0.2, Max: 0.3, Diff: 0.3, Sum: 1.4]
      [Update RS (ms): Min: 0.0, Avg: 0.0, Max: 0.0, Diff: 0.0, Sum: 0.1]
         [Processed Buffers: Min: 0, Avg: 0.8, Max: 2, Diff: 2, Sum: 5]
      [Scan RS (ms): Min: 0.1, Avg: 0.1, Max: 0.1, Diff: 0.0, Sum: 0.6]
      [Code Root Scanning (ms): Min: 0.0, Avg: 0.0, Max: 0.0, Diff: 0.0, Sum: 0.0]
      [Object Copy (ms): Min: 0.1, Avg: 0.1, Max: 0.2, Diff: 0.1, Sum: 0.9]
      [Termination (ms): Min: 0.0, Avg: 0.0, Max: 0.0, Diff: 0.0, Sum: 0.1]
         [Termination Attempts: Min: 1, Avg: 1.0, Max: 1, Diff: 0, Sum: 6]
      [GC Worker Other (ms): Min: 0.0, Avg: 0.0, Max: 0.0, Diff: 0.0, Sum: 0.1]
      [GC Worker Total (ms): Min: 0.3, Avg: 0.5, Max: 0.6, Diff: 0.3, Sum: 3.1]
      [GC Worker End (ms): Min: 508081.0, Avg: 508081.0, Max: 508081.0, Diff: 0.0]
   [Code Root Fixup: 0.0 ms]
   [Code Root Purge: 0.0 ms]
   [Clear CT: 0.2 ms]
   [Other: 0.6 ms]
      [Choose CSet: 0.0 ms]
      [Ref Proc: 0.1 ms]
      [Ref Enq: 0.0 ms]
      [Redirty Cards: 0.1 ms]
      [Humongous Register: 0.0 ms]
      [Humongous Reclaim: 0.0 ms]
      [Free CSet: 0.3 ms]
   [Eden: 612.0M(612.0M)->0.0B(612.0M) Survivors: 2048.0K->2048.0K Heap: 618.3M(1024.0M)->6564.8K(1024.0M)]
 [Times: user=0.00 sys=0.00, real=0.00 secs] 
2024-10-11T08:42:07.706+0300: 508.082: Total time for which application threads were stopped: 0.0017089 seconds, Stopping threads took: 0.0001667 seconds
2024-10-11T08:42:09.745+0300: 510.133: Application time: 2.0507489 seconds
2024-10-11T08:42:09.745+0300: 510.133: [GC pause (G1 Evacuation Pause) (young), 0.0015062 secs]
   [Parallel Time: 0.7 ms, GC Workers: 6]
      [GC Worker Start (ms): Min: 510132.9, Avg: 510133.0, Max: 510133.3, Diff: 0.4]
      [Ext Root Scanning (ms): Min: 0.0, Avg: 0.2, Max: 0.3, Diff: 0.3, Sum: 1.4]
      [Update RS (ms): Min: 0.0, Avg: 0.0, Max: 0.0, Diff: 0.0, Sum: 0.1]
         [Processed Buffers: Min: 0, Avg: 0.8, Max: 2, Diff: 2, Sum: 5]
      [Scan RS (ms): Min: 0.1, Avg: 0.1, Max: 0.1, Diff: 0.0, Sum: 0.6]
      [Code Root Scanning (ms): Min: 0.0, Avg: 0.0, Max: 0.0, Diff: 0.0, Sum: 0.0]
      [Object Copy (ms): Min: 0.1, Avg: 0.1, Max: 0.2, Diff: 0.1, Sum: 0.8]
      [Termination (ms): Min: 0.0, Avg: 0.0, Max: 0.0, Diff: 0.0, Sum: 0.0]
         [Termination Attempts: Min: 1, Avg: 1.0, Max: 1, Diff: 0, Sum: 6]
      [GC Worker Other (ms): Min: 0.0, Avg: 0.0, Max: 0.0, Diff: 0.0, Sum: 0.1]
      [GC Worker Total (ms): Min: 0.2, Avg: 0.5, Max: 0.6, Diff: 0.4, Sum: 3.0]
      [GC Worker End (ms): Min: 510133.5, Avg: 510133.5, Max: 510133.5, Diff: 0.0]
   [Code Root Fixup: 0.0 ms]
   [Code Root Purge: 0.0 ms]
   [Clear CT: 0.2 ms]
   [Other: 0.7 ms]
      [Choose CSet: 0.0 ms]
      [Ref Proc: 0.2 ms]
      [Ref Enq: 0.0 ms]
      [Redirty Cards: 0.1 ms]
      [Humongous Register: 0.0 ms]
      [Humongous Reclaim: 0.0 ms]
      [Free CSet: 0.2 ms]
   [Eden: 612.0M(612.0M)->0.0B(612.0M) Survivors: 2048.0K->2048.0K Heap: 618.4M(1024.0M)->6581.8K(1024.0M)]
 [Times: user=0.00 sys=0.00, real=0.02 secs] 
2024-10-11T08:42:09.761+0300: 510.134: Total time for which application threads were stopped: 0.0018926 seconds, Stopping threads took: 0.0001920 seconds
2024-10-11T08:42:11.800+0300: 512.172: Application time: 2.0380330 seconds
2024-10-11T08:42:11.800+0300: 512.173: [GC pause (G1 Evacuation Pause) (young), 0.0013802 secs]
   [Parallel Time: 0.6 ms, GC Workers: 6]
      [GC Worker Start (ms): Min: 512172.8, Avg: 512172.8, Max: 512172.9, Diff: 0.1]
      [Ext Root Scanning (ms): Min: 0.2, Avg: 0.2, Max: 0.3, Diff: 0.1, Sum: 1.4]
      [Update RS (ms): Min: 0.0, Avg: 0.0, Max: 0.0, Diff: 0.0, Sum: 0.1]
         [Processed Buffers: Min: 0, Avg: 1.0, Max: 2, Diff: 2, Sum: 6]
      [Scan RS (ms): Min: 0.1, Avg: 0.1, Max: 0.1, Diff: 0.0, Sum: 0.6]
      [Code Root Scanning (ms): Min: 0.0, Avg: 0.0, Max: 0.0, Diff: 0.0, Sum: 0.0]
      [Object Copy (ms): Min: 0.1, Avg: 0.1, Max: 0.2, Diff: 0.1, Sum: 0.8]
      [Termination (ms): Min: 0.0, Avg: 0.0, Max: 0.0, Diff: 0.0, Sum: 0.0]
         [Termination Attempts: Min: 1, Avg: 1.0, Max: 1, Diff: 0, Sum: 6]
      [GC Worker Other (ms): Min: 0.0, Avg: 0.0, Max: 0.1, Diff: 0.0, Sum: 0.2]
      [GC Worker Total (ms): Min: 0.5, Avg: 0.5, Max: 0.6, Diff: 0.1, Sum: 3.1]
      [GC Worker End (ms): Min: 512173.3, Avg: 512173.3, Max: 512173.4, Diff: 0.0]
   [Code Root Fixup: 0.0 ms]
   [Code Root Purge: 0.0 ms]
   [Clear CT: 0.2 ms]
   [Other: 0.6 ms]
      [Choose CSet: 0.0 ms]
      [Ref Proc: 0.1 ms]
      [Ref Enq: 0.0 ms]
      [Redirty Cards: 0.1 ms]
      [Humongous Register: 0.0 ms]
      [Humongous Reclaim: 0.0 ms]
      [Free CSet: 0.3 ms]
   [Eden: 612.0M(612.0M)->0.0B(612.0M) Survivors: 2048.0K->2048.0K Heap: 618.4M(1024.0M)->6464.8K(1024.0M)]
 [Times: user=0.00 sys=0.00, real=0.00 secs] 
2024-10-11T08:42:11.800+0300: 512.174: Total time for which application threads were stopped: 0.0017433 seconds, Stopping threads took: 0.0001564 seconds
2024-10-11T08:42:13.857+0300: 514.230: Application time: 2.0556849 seconds
2024-10-11T08:42:13.857+0300: 514.230: [GC pause (G1 Evacuation Pause) (young), 0.0014439 secs]
   [Parallel Time: 0.6 ms, GC Workers: 6]
      [GC Worker Start (ms): Min: 514230.1, Avg: 514230.2, Max: 514230.2, Diff: 0.0]
      [Ext Root Scanning (ms): Min: 0.2, Avg: 0.2, Max: 0.2, Diff: 0.0, Sum: 1.4]
      [Update RS (ms): Min: 0.0, Avg: 0.0, Max: 0.0, Diff: 0.0, Sum: 0.1]
         [Processed Buffers: Min: 0, Avg: 0.8, Max: 2, Diff: 2, Sum: 5]
      [Scan RS (ms): Min: 0.1, Avg: 0.1, Max: 0.1, Diff: 0.0, Sum: 0.5]
      [Code Root Scanning (ms): Min: 0.0, Avg: 0.0, Max: 0.0, Diff: 0.0, Sum: 0.0]
      [Object Copy (ms): Min: 0.1, Avg: 0.1, Max: 0.1, Diff: 0.0, Sum: 0.8]
      [Termination (ms): Min: 0.0, Avg: 0.0, Max: 0.0, Diff: 0.0, Sum: 0.0]
         [Termination Attempts: Min: 1, Avg: 1.2, Max: 2, Diff: 1, Sum: 7]
      [GC Worker Other (ms): Min: 0.0, Avg: 0.0, Max: 0.1, Diff: 0.0, Sum: 0.2]
      [GC Worker Total (ms): Min: 0.5, Avg: 0.5, Max: 0.5, Diff: 0.0, Sum: 2.9]
      [GC Worker End (ms): Min: 514230.6, Avg: 514230.7, Max: 514230.7, Diff: 0.0]
   [Code Root Fixup: 0.0 ms]
   [Code Root Purge: 0.0 ms]
   [Clear CT: 0.2 ms]
   [Other: 0.6 ms]
      [Choose CSet: 0.0 ms]
      [Ref Proc: 0.1 ms]
      [Ref Enq: 0.0 ms]
      [Redirty Cards: 0.1 ms]
      [Humongous Register: 0.0 ms]
      [Humongous Reclaim: 0.0 ms]
      [Free CSet: 0.2 ms]
   [Eden: 612.0M(612.0M)->0.0B(612.0M) Survivors: 2048.0K->2048.0K Heap: 618.3M(1024.0M)->6471.7K(1024.0M)]
 [Times: user=0.00 sys=0.00, real=0.00 secs] 
2024-10-11T08:42:13.857+0300: 514.232: Total time for which application threads were stopped: 0.0017472 seconds, Stopping threads took: 0.0001078 seconds
2024-10-11T08:42:15.896+0300: 516.274: Application time: 2.0422376 seconds
2024-10-11T08:42:15.896+0300: 516.274: [GC pause (G1 Evacuation Pause) (young), 0.0014931 secs]
   [Parallel Time: 0.6 ms, GC Workers: 6]
      [GC Worker Start (ms): Min: 516274.2, Avg: 516274.2, Max: 516274.2, Diff: 0.1]
      [Ext Root Scanning (ms): Min: 0.2, Avg: 0.2, Max: 0.3, Diff: 0.0, Sum: 1.4]
      [Update RS (ms): Min: 0.0, Avg: 0.0, Max: 0.0, Diff: 0.0, Sum: 0.1]
         [Processed Buffers: Min: 0, Avg: 0.8, Max: 3, Diff: 3, Sum: 5]
      [Scan RS (ms): Min: 0.1, Avg: 0.1, Max: 0.1, Diff: 0.0, Sum: 0.5]
      [Code Root Scanning (ms): Min: 0.0, Avg: 0.0, Max: 0.0, Diff: 0.0, Sum: 0.0]
      [Object Copy (ms): Min: 0.1, Avg: 0.2, Max: 0.2, Diff: 0.1, Sum: 0.9]
      [Termination (ms): Min: 0.0, Avg: 0.0, Max: 0.0, Diff: 0.0, Sum: 0.0]
         [Termination Attempts: Min: 1, Avg: 1.0, Max: 1, Diff: 0, Sum: 6]
      [GC Worker Other (ms): Min: 0.0, Avg: 0.0, Max: 0.1, Diff: 0.0, Sum: 0.2]
      [GC Worker Total (ms): Min: 0.5, Avg: 0.5, Max: 0.6, Diff: 0.1, Sum: 3.1]
      [GC Worker End (ms): Min: 516274.7, Avg: 516274.7, Max: 516274.8, Diff: 0.0]
   [Code Root Fixup: 0.0 ms]
   [Code Root Purge: 0.0 ms]
   [Clear CT: 0.2 ms]
   [Other: 0.7 ms]
      [Choose CSet: 0.0 ms]
      [Ref Proc: 0.2 ms]
      [Ref Enq: 0.0 ms]
      [Redirty Cards: 0.1 ms]
      [Humongous Register: 0.0 ms]
      [Humongous Reclaim: 0.0 ms]
      [Free CSet: 0.2 ms]
   [Eden: 612.0M(612.0M)->0.0B(612.0M) Survivors: 2048.0K->2048.0K Heap: 618.3M(1024.0M)->6571.3K(1024.0M)]
 [Times: user=0.00 sys=0.00, real=0.00 secs] 
2024-10-11T08:42:15.896+0300: 516.276: Total time for which application threads were stopped: 0.0018285 seconds, Stopping threads took: 0.0001404 seconds
2024-10-11T08:42:17.936+0300: 518.319: Application time: 2.0433567 seconds
2024-10-11T08:42:17.936+0300: 518.319: [GC pause (G1 Evacuation Pause) (young), 0.0015652 secs]
   [Parallel Time: 0.6 ms, GC Workers: 6]
      [GC Worker Start (ms): Min: 518319.5, Avg: 518319.5, Max: 518319.5, Diff: 0.1]
      [Ext Root Scanning (ms): Min: 0.2, Avg: 0.3, Max: 0.3, Diff: 0.0, Sum: 1.5]
      [Update RS (ms): Min: 0.0, Avg: 0.0, Max: 0.0, Diff: 0.0, Sum: 0.1]
         [Processed Buffers: Min: 0, Avg: 0.8, Max: 2, Diff: 2, Sum: 5]
      [Scan RS (ms): Min: 0.1, Avg: 0.1, Max: 0.1, Diff: 0.0, Sum: 0.6]
      [Code Root Scanning (ms): Min: 0.0, Avg: 0.0, Max: 0.0, Diff: 0.0, Sum: 0.0]
      [Object Copy (ms): Min: 0.1, Avg: 0.1, Max: 0.2, Diff: 0.1, Sum: 0.9]
      [Termination (ms): Min: 0.0, Avg: 0.0, Max: 0.0, Diff: 0.0, Sum: 0.0]
         [Termination Attempts: Min: 1, Avg: 1.0, Max: 1, Diff: 0, Sum: 6]
      [GC Worker Other (ms): Min: 0.0, Avg: 0.0, Max: 0.0, Diff: 0.0, Sum: 0.2]
      [GC Worker Total (ms): Min: 0.5, Avg: 0.5, Max: 0.6, Diff: 0.0, Sum: 3.2]
      [GC Worker End (ms): Min: 518320.0, Avg: 518320.0, Max: 518320.1, Diff: 0.0]
   [Code Root Fixup: 0.0 ms]
   [Code Root Purge: 0.0 ms]
   [Clear CT: 0.2 ms]
   [Other: 0.7 ms]
      [Choose CSet: 0.0 ms]
      [Ref Proc: 0.1 ms]
      [Ref Enq: 0.0 ms]
      [Redirty Cards: 0.1 ms]
      [Humongous Register: 0.1 ms]
      [Humongous Reclaim: 0.0 ms]
      [Free CSet: 0.3 ms]
   [Eden: 612.0M(612.0M)->0.0B(612.0M) Survivors: 2048.0K->2048.0K Heap: 618.4M(1024.0M)->6562.4K(1024.0M)]
 [Times: user=0.00 sys=0.00, real=0.00 secs] 
2024-10-11T08:42:17.936+0300: 518.321: Total time for which application threads were stopped: 0.0019679 seconds, Stopping threads took: 0.0001431 seconds
2024-10-11T08:42:19.999+0300: 520.378: Application time: 2.0568764 seconds
2024-10-11T08:42:19.999+0300: 520.378: [GC pause (G1 Evacuation Pause) (young), 0.0014961 secs]
   [Parallel Time: 0.6 ms, GC Workers: 6]
      [GC Worker Start (ms): Min: 520378.2, Avg: 520378.2, Max: 520378.3, Diff: 0.1]
      [Ext Root Scanning (ms): Min: 0.2, Avg: 0.2, Max: 0.3, Diff: 0.1, Sum: 1.5]
      [Update RS (ms): Min: 0.0, Avg: 0.0, Max: 0.0, Diff: 0.0, Sum: 0.1]
         [Processed Buffers: Min: 0, Avg: 0.7, Max: 2, Diff: 2, Sum: 4]
      [Scan RS (ms): Min: 0.1, Avg: 0.1, Max: 0.1, Diff: 0.0, Sum: 0.6]
      [Code Root Scanning (ms): Min: 0.0, Avg: 0.0, Max: 0.0, Diff: 0.0, Sum: 0.0]
      [Object Copy (ms): Min: 0.1, Avg: 0.1, Max: 0.2, Diff: 0.1, Sum: 0.8]
      [Termination (ms): Min: 0.0, Avg: 0.0, Max: 0.0, Diff: 0.0, Sum: 0.0]
         [Termination Attempts: Min: 1, Avg: 1.7, Max: 2, Diff: 1, Sum: 10]
      [GC Worker Other (ms): Min: 0.0, Avg: 0.0, Max: 0.0, Diff: 0.0, Sum: 0.1]
      [GC Worker Total (ms): Min: 0.5, Avg: 0.5, Max: 0.6, Diff: 0.0, Sum: 3.2]
      [GC Worker End (ms): Min: 520378.8, Avg: 520378.8, Max: 520378.8, Diff: 0.0]
   [Code Root Fixup: 0.0 ms]
   [Code Root Purge: 0.0 ms]
   [Clear CT: 0.2 ms]
   [Other: 0.7 ms]
      [Choose CSet: 0.0 ms]
      [Ref Proc: 0.2 ms]
      [Ref Enq: 0.0 ms]
      [Redirty Cards: 0.1 ms]
      [Humongous Register: 0.0 ms]
      [Humongous Reclaim: 0.0 ms]
      [Free CSet: 0.3 ms]
   [Eden: 612.0M(612.0M)->0.0B(612.0M) Survivors: 2048.0K->2048.0K Heap: 618.4M(1024.0M)->6697.7K(1024.0M)]
 [Times: user=0.00 sys=0.00, real=0.01 secs] 
2024-10-11T08:42:20.008+0300: 520.380: Total time for which application threads were stopped: 0.0018582 seconds, Stopping threads took: 0.0001329 seconds
2024-10-11T08:42:22.047+0300: 522.433: Application time: 2.0529775 seconds
2024-10-11T08:42:22.047+0300: 522.433: [GC pause (G1 Evacuation Pause) (young), 0.0014365 secs]
   [Parallel Time: 0.6 ms, GC Workers: 6]
      [GC Worker Start (ms): Min: 522433.1, Avg: 522433.1, Max: 522433.1, Diff: 0.0]
      [Ext Root Scanning (ms): Min: 0.2, Avg: 0.2, Max: 0.3, Diff: 0.0, Sum: 1.5]
      [Update RS (ms): Min: 0.0, Avg: 0.0, Max: 0.0, Diff: 0.0, Sum: 0.1]
         [Processed Buffers: Min: 0, Avg: 0.7, Max: 1, Diff: 1, Sum: 4]
      [Scan RS (ms): Min: 0.1, Avg: 0.1, Max: 0.1, Diff: 0.0, Sum: 0.6]
      [Code Root Scanning (ms): Min: 0.0, Avg: 0.0, Max: 0.0, Diff: 0.0, Sum: 0.0]
      [Object Copy (ms): Min: 0.1, Avg: 0.1, Max: 0.2, Diff: 0.0, Sum: 0.8]
      [Termination (ms): Min: 0.0, Avg: 0.0, Max: 0.0, Diff: 0.0, Sum: 0.1]
         [Termination Attempts: Min: 1, Avg: 1.0, Max: 1, Diff: 0, Sum: 6]
      [GC Worker Other (ms): Min: 0.0, Avg: 0.0, Max: 0.0, Diff: 0.0, Sum: 0.1]
      [GC Worker Total (ms): Min: 0.5, Avg: 0.5, Max: 0.5, Diff: 0.0, Sum: 3.1]
      [GC Worker End (ms): Min: 522433.6, Avg: 522433.6, Max: 522433.6, Diff: 0.0]
   [Code Root Fixup: 0.0 ms]
   [Code Root Purge: 0.0 ms]
   [Clear CT: 0.2 ms]
   [Other: 0.7 ms]
      [Choose CSet: 0.0 ms]
      [Ref Proc: 0.2 ms]
      [Ref Enq: 0.0 ms]
      [Redirty Cards: 0.1 ms]
      [Humongous Register: 0.0 ms]
      [Humongous Reclaim: 0.0 ms]
      [Free CSet: 0.2 ms]
   [Eden: 612.0M(612.0M)->0.0B(612.0M) Survivors: 2048.0K->2048.0K Heap: 618.5M(1024.0M)->6420.5K(1024.0M)]
 [Times: user=0.00 sys=0.00, real=0.00 secs] 
2024-10-11T08:42:22.047+0300: 522.435: Total time for which application threads were stopped: 0.0017802 seconds, Stopping threads took: 0.0001496 seconds
2024-10-11T08:42:24.107+0300: 524.479: Application time: 2.0444716 seconds
2024-10-11T08:42:24.107+0300: 524.479: [GC pause (G1 Evacuation Pause) (young), 0.0015151 secs]
   [Parallel Time: 0.7 ms, GC Workers: 6]
      [GC Worker Start (ms): Min: 524479.3, Avg: 524479.3, Max: 524479.3, Diff: 0.0]
      [Ext Root Scanning (ms): Min: 0.2, Avg: 0.2, Max: 0.3, Diff: 0.0, Sum: 1.5]
      [Update RS (ms): Min: 0.0, Avg: 0.0, Max: 0.0, Diff: 0.0, Sum: 0.1]
         [Processed Buffers: Min: 0, Avg: 0.7, Max: 2, Diff: 2, Sum: 4]
      [Scan RS (ms): Min: 0.1, Avg: 0.1, Max: 0.1, Diff: 0.0, Sum: 0.6]
      [Code Root Scanning (ms): Min: 0.0, Avg: 0.0, Max: 0.0, Diff: 0.0, Sum: 0.0]
      [Object Copy (ms): Min: 0.1, Avg: 0.1, Max: 0.1, Diff: 0.0, Sum: 0.8]
      [Termination (ms): Min: 0.0, Avg: 0.0, Max: 0.0, Diff: 0.0, Sum: 0.0]
         [Termination Attempts: Min: 1, Avg: 1.0, Max: 1, Diff: 0, Sum: 6]
      [GC Worker Other (ms): Min: 0.0, Avg: 0.0, Max: 0.0, Diff: 0.0, Sum: 0.1]
      [GC Worker Total (ms): Min: 0.5, Avg: 0.5, Max: 0.5, Diff: 0.1, Sum: 3.1]
      [GC Worker End (ms): Min: 524479.8, Avg: 524479.8, Max: 524479.9, Diff: 0.0]
   [Code Root Fixup: 0.0 ms]
   [Code Root Purge: 0.0 ms]
   [Clear CT: 0.2 ms]
   [Other: 0.7 ms]
      [Choose CSet: 0.0 ms]
      [Ref Proc: 0.2 ms]
      [Ref Enq: 0.0 ms]
      [Redirty Cards: 0.1 ms]
      [Humongous Register: 0.0 ms]
      [Humongous Reclaim: 0.0 ms]
      [Free CSet: 0.3 ms]
   [Eden: 612.0M(612.0M)->0.0B(612.0M) Survivors: 2048.0K->2048.0K Heap: 618.3M(1024.0M)->6654.0K(1024.0M)]
 [Times: user=0.00 sys=0.00, real=0.00 secs] 
2024-10-11T08:42:24.107+0300: 524.481: Total time for which application threads were stopped: 0.0018526 seconds, Stopping threads took: 0.0001239 seconds
2024-10-11T08:42:26.143+0300: 526.526: Application time: 2.0453975 seconds
2024-10-11T08:42:26.143+0300: 526.526: [GC pause (G1 Evacuation Pause) (young), 0.0013973 secs]
   [Parallel Time: 0.6 ms, GC Workers: 6]
      [GC Worker Start (ms): Min: 526526.6, Avg: 526526.6, Max: 526526.8, Diff: 0.3]
      [Ext Root Scanning (ms): Min: 0.0, Avg: 0.2, Max: 0.3, Diff: 0.3, Sum: 1.3]
      [Update RS (ms): Min: 0.0, Avg: 0.0, Max: 0.0, Diff: 0.0, Sum: 0.1]
         [Processed Buffers: Min: 0, Avg: 0.7, Max: 1, Diff: 1, Sum: 4]
      [Scan RS (ms): Min: 0.1, Avg: 0.1, Max: 0.1, Diff: 0.0, Sum: 0.6]
      [Code Root Scanning (ms): Min: 0.0, Avg: 0.0, Max: 0.0, Diff: 0.0, Sum: 0.0]
      [Object Copy (ms): Min: 0.1, Avg: 0.1, Max: 0.2, Diff: 0.0, Sum: 0.8]
      [Termination (ms): Min: 0.0, Avg: 0.0, Max: 0.0, Diff: 0.0, Sum: 0.1]
         [Termination Attempts: Min: 1, Avg: 1.0, Max: 1, Diff: 0, Sum: 6]
      [GC Worker Other (ms): Min: 0.0, Avg: 0.0, Max: 0.1, Diff: 0.0, Sum: 0.2]
      [GC Worker Total (ms): Min: 0.3, Avg: 0.5, Max: 0.6, Diff: 0.3, Sum: 2.9]
      [GC Worker End (ms): Min: 526527.1, Avg: 526527.1, Max: 526527.1, Diff: 0.0]
   [Code Root Fixup: 0.0 ms]
   [Code Root Purge: 0.0 ms]
   [Clear CT: 0.2 ms]
   [Other: 0.6 ms]
      [Choose CSet: 0.0 ms]
      [Ref Proc: 0.1 ms]
      [Ref Enq: 0.0 ms]
      [Redirty Cards: 0.1 ms]
      [Humongous Register: 0.0 ms]
      [Humongous Reclaim: 0.0 ms]
      [Free CSet: 0.2 ms]
   [Eden: 612.0M(612.0M)->0.0B(612.0M) Survivors: 2048.0K->2048.0K Heap: 618.5M(1024.0M)->6343.1K(1024.0M)]
 [Times: user=0.00 sys=0.00, real=0.00 secs] 
2024-10-11T08:42:26.143+0300: 526.528: Total time for which application threads were stopped: 0.0017494 seconds, Stopping threads took: 0.0001678 seconds
2024-10-11T08:42:28.182+0300: 528.562: Application time: 2.0338033 seconds
2024-10-11T08:42:28.182+0300: 528.562: [GC pause (G1 Evacuation Pause) (young), 0.0015911 secs]
   [Parallel Time: 0.7 ms, GC Workers: 6]
      [GC Worker Start (ms): Min: 528562.1, Avg: 528562.2, Max: 528562.2, Diff: 0.1]
      [Ext Root Scanning (ms): Min: 0.2, Avg: 0.2, Max: 0.3, Diff: 0.0, Sum: 1.5]
      [Update RS (ms): Min: 0.0, Avg: 0.0, Max: 0.0, Diff: 0.0, Sum: 0.1]
         [Processed Buffers: Min: 0, Avg: 0.7, Max: 2, Diff: 2, Sum: 4]
      [Scan RS (ms): Min: 0.1, Avg: 0.1, Max: 0.1, Diff: 0.0, Sum: 0.5]
      [Code Root Scanning (ms): Min: 0.0, Avg: 0.0, Max: 0.0, Diff: 0.0, Sum: 0.0]
      [Object Copy (ms): Min: 0.1, Avg: 0.2, Max: 0.2, Diff: 0.1, Sum: 0.9]
      [Termination (ms): Min: 0.0, Avg: 0.0, Max: 0.0, Diff: 0.0, Sum: 0.0]
         [Termination Attempts: Min: 1, Avg: 1.2, Max: 2, Diff: 1, Sum: 7]
      [GC Worker Other (ms): Min: 0.0, Avg: 0.0, Max: 0.1, Diff: 0.1, Sum: 0.2]
      [GC Worker Total (ms): Min: 0.5, Avg: 0.5, Max: 0.6, Diff: 0.1, Sum: 3.2]
      [GC Worker End (ms): Min: 528562.7, Avg: 528562.7, Max: 528562.8, Diff: 0.1]
   [Code Root Fixup: 0.0 ms]
   [Code Root Purge: 0.0 ms]
   [Clear CT: 0.2 ms]
   [Other: 0.7 ms]
      [Choose CSet: 0.0 ms]
      [Ref Proc: 0.2 ms]
      [Ref Enq: 0.0 ms]
      [Redirty Cards: 0.1 ms]
      [Humongous Register: 0.0 ms]
      [Humongous Reclaim: 0.0 ms]
      [Free CSet: 0.3 ms]
   [Eden: 612.0M(612.0M)->0.0B(612.0M) Survivors: 2048.0K->2048.0K Heap: 618.2M(1024.0M)->6589.1K(1024.0M)]
 [Times: user=0.00 sys=0.00, real=0.00 secs] 
2024-10-11T08:42:28.182+0300: 528.564: Total time for which application threads were stopped: 0.0019700 seconds, Stopping threads took: 0.0001567 seconds
2024-10-11T08:42:30.238+0300: 530.612: Application time: 2.0479797 seconds
2024-10-11T08:42:30.238+0300: 530.612: [GC pause (G1 Evacuation Pause) (young), 0.0014313 secs]
   [Parallel Time: 0.6 ms, GC Workers: 6]
      [GC Worker Start (ms): Min: 530612.1, Avg: 530612.1, Max: 530612.1, Diff: 0.1]
      [Ext Root Scanning (ms): Min: 0.2, Avg: 0.2, Max: 0.3, Diff: 0.1, Sum: 1.5]
      [Update RS (ms): Min: 0.0, Avg: 0.0, Max: 0.0, Diff: 0.0, Sum: 0.0]
         [Processed Buffers: Min: 0, Avg: 0.7, Max: 3, Diff: 3, Sum: 4]
      [Scan RS (ms): Min: 0.1, Avg: 0.1, Max: 0.1, Diff: 0.0, Sum: 0.6]
      [Code Root Scanning (ms): Min: 0.0, Avg: 0.0, Max: 0.0, Diff: 0.0, Sum: 0.0]
      [Object Copy (ms): Min: 0.1, Avg: 0.1, Max: 0.2, Diff: 0.0, Sum: 0.8]
      [Termination (ms): Min: 0.0, Avg: 0.0, Max: 0.0, Diff: 0.0, Sum: 0.1]
         [Termination Attempts: Min: 1, Avg: 1.0, Max: 1, Diff: 0, Sum: 6]
      [GC Worker Other (ms): Min: 0.0, Avg: 0.0, Max: 0.0, Diff: 0.0, Sum: 0.1]
      [GC Worker Total (ms): Min: 0.5, Avg: 0.5, Max: 0.5, Diff: 0.0, Sum: 3.1]
      [GC Worker End (ms): Min: 530612.6, Avg: 530612.6, Max: 530612.6, Diff: 0.0]
   [Code Root Fixup: 0.0 ms]
   [Code Root Purge: 0.0 ms]
   [Clear CT: 0.2 ms]
   [Other: 0.6 ms]
      [Choose CSet: 0.0 ms]
      [Ref Proc: 0.1 ms]
      [Ref Enq: 0.0 ms]
      [Redirty Cards: 0.1 ms]
      [Humongous Register: 0.0 ms]
      [Humongous Reclaim: 0.0 ms]
      [Free CSet: 0.3 ms]
   [Eden: 612.0M(612.0M)->0.0B(612.0M) Survivors: 2048.0K->2048.0K Heap: 618.4M(1024.0M)->6510.8K(1024.0M)]
 [Times: user=0.00 sys=0.00, real=0.00 secs] 
2024-10-11T08:42:30.238+0300: 530.614: Total time for which application threads were stopped: 0.0017773 seconds, Stopping threads took: 0.0001540 seconds
2024-10-11T08:42:32.263+0300: 532.646: Application time: 2.0321246 seconds
2024-10-11T08:42:32.263+0300: 532.646: [GC pause (G1 Evacuation Pause) (young), 0.0013337 secs]
   [Parallel Time: 0.6 ms, GC Workers: 6]
      [GC Worker Start (ms): Min: 532645.9, Avg: 532646.0, Max: 532646.0, Diff: 0.1]
      [Ext Root Scanning (ms): Min: 0.2, Avg: 0.2, Max: 0.3, Diff: 0.1, Sum: 1.5]
      [Update RS (ms): Min: 0.0, Avg: 0.0, Max: 0.0, Diff: 0.0, Sum: 0.1]
         [Processed Buffers: Min: 0, Avg: 0.7, Max: 2, Diff: 2, Sum: 4]
      [Scan RS (ms): Min: 0.1, Avg: 0.1, Max: 0.1, Diff: 0.0, Sum: 0.6]
      [Code Root Scanning (ms): Min: 0.0, Avg: 0.0, Max: 0.0, Diff: 0.0, Sum: 0.0]
      [Object Copy (ms): Min: 0.1, Avg: 0.2, Max: 0.2, Diff: 0.1, Sum: 0.9]
      [Termination (ms): Min: 0.0, Avg: 0.0, Max: 0.0, Diff: 0.0, Sum: 0.1]
         [Termination Attempts: Min: 1, Avg: 1.0, Max: 1, Diff: 0, Sum: 6]
      [GC Worker Other (ms): Min: 0.0, Avg: 0.0, Max: 0.0, Diff: 0.0, Sum: 0.1]
      [GC Worker Total (ms): Min: 0.5, Avg: 0.5, Max: 0.6, Diff: 0.1, Sum: 3.3]
      [GC Worker End (ms): Min: 532646.5, Avg: 532646.5, Max: 532646.5, Diff: 0.0]
   [Code Root Fixup: 0.0 ms]
   [Code Root Purge: 0.0 ms]
   [Clear CT: 0.2 ms]
   [Other: 0.5 ms]
      [Choose CSet: 0.0 ms]
      [Ref Proc: 0.1 ms]
      [Ref Enq: 0.0 ms]
      [Redirty Cards: 0.1 ms]
      [Humongous Register: 0.0 ms]
      [Humongous Reclaim: 0.0 ms]
      [Free CSet: 0.2 ms]
   [Eden: 612.0M(612.0M)->0.0B(612.0M) Survivors: 2048.0K->2048.0K Heap: 618.4M(1024.0M)->6596.5K(1024.0M)]
 [Times: user=0.00 sys=0.00, real=0.00 secs] 
2024-10-11T08:42:32.263+0300: 532.647: Total time for which application threads were stopped: 0.0016535 seconds, Stopping threads took: 0.0001431 seconds
2024-10-11T08:42:34.318+0300: 534.695: Application time: 2.0475412 seconds
2024-10-11T08:42:34.318+0300: 534.695: [GC pause (G1 Evacuation Pause) (young), 0.0014486 secs]
   [Parallel Time: 0.6 ms, GC Workers: 6]
      [GC Worker Start (ms): Min: 534695.2, Avg: 534695.2, Max: 534695.3, Diff: 0.1]
      [Ext Root Scanning (ms): Min: 0.2, Avg: 0.2, Max: 0.3, Diff: 0.1, Sum: 1.5]
      [Update RS (ms): Min: 0.0, Avg: 0.0, Max: 0.1, Diff: 0.1, Sum: 0.1]
         [Processed Buffers: Min: 0, Avg: 1.3, Max: 3, Diff: 3, Sum: 8]
      [Scan RS (ms): Min: 0.1, Avg: 0.1, Max: 0.1, Diff: 0.0, Sum: 0.5]
      [Code Root Scanning (ms): Min: 0.0, Avg: 0.0, Max: 0.0, Diff: 0.0, Sum: 0.0]
      [Object Copy (ms): Min: 0.1, Avg: 0.1, Max: 0.2, Diff: 0.1, Sum: 0.8]
      [Termination (ms): Min: 0.0, Avg: 0.0, Max: 0.0, Diff: 0.0, Sum: 0.1]
         [Termination Attempts: Min: 1, Avg: 1.0, Max: 1, Diff: 0, Sum: 6]
      [GC Worker Other (ms): Min: 0.0, Avg: 0.0, Max: 0.0, Diff: 0.0, Sum: 0.1]
      [GC Worker Total (ms): Min: 0.5, Avg: 0.5, Max: 0.6, Diff: 0.1, Sum: 3.1]
      [GC Worker End (ms): Min: 534695.8, Avg: 534695.8, Max: 534695.8, Diff: 0.0]
   [Code Root Fixup: 0.0 ms]
   [Code Root Purge: 0.0 ms]
   [Clear CT: 0.2 ms]
   [Other: 0.7 ms]
      [Choose CSet: 0.0 ms]
      [Ref Proc: 0.2 ms]
      [Ref Enq: 0.0 ms]
      [Redirty Cards: 0.1 ms]
      [Humongous Register: 0.0 ms]
      [Humongous Reclaim: 0.0 ms]
      [Free CSet: 0.3 ms]
   [Eden: 612.0M(612.0M)->0.0B(612.0M) Survivors: 2048.0K->2048.0K Heap: 618.4M(1024.0M)->6573.0K(1024.0M)]
 [Times: user=0.00 sys=0.00, real=0.01 secs] 
2024-10-11T08:42:34.324+0300: 534.697: Total time for which application threads were stopped: 0.0018039 seconds, Stopping threads took: 0.0001143 seconds
2024-10-11T08:42:36.342+0300: 536.714: Application time: 2.0175680 seconds
2024-10-11T08:42:36.342+0300: 536.715: Total time for which application threads were stopped: 0.0002541 seconds, Stopping threads took: 0.0001922 seconds
2024-10-11T08:42:36.374+0300: 536.746: Application time: 0.0312788 seconds
2024-10-11T08:42:36.374+0300: 536.746: [GC pause (G1 Evacuation Pause) (young), 0.0014375 secs]
   [Parallel Time: 0.7 ms, GC Workers: 6]
      [GC Worker Start (ms): Min: 536746.1, Avg: 536746.1, Max: 536746.1, Diff: 0.1]
      [Ext Root Scanning (ms): Min: 0.2, Avg: 0.3, Max: 0.3, Diff: 0.1, Sum: 1.6]
      [Update RS (ms): Min: 0.0, Avg: 0.0, Max: 0.0, Diff: 0.0, Sum: 0.1]
         [Processed Buffers: Min: 0, Avg: 0.8, Max: 1, Diff: 1, Sum: 5]
      [Scan RS (ms): Min: 0.0, Avg: 0.1, Max: 0.1, Diff: 0.1, Sum: 0.5]
      [Code Root Scanning (ms): Min: 0.0, Avg: 0.0, Max: 0.0, Diff: 0.0, Sum: 0.0]
      [Object Copy (ms): Min: 0.1, Avg: 0.2, Max: 0.3, Diff: 0.2, Sum: 1.0]
      [Termination (ms): Min: 0.0, Avg: 0.0, Max: 0.0, Diff: 0.0, Sum: 0.2]
         [Termination Attempts: Min: 1, Avg: 1.8, Max: 2, Diff: 1, Sum: 11]
      [GC Worker Other (ms): Min: 0.0, Avg: 0.0, Max: 0.0, Diff: 0.0, Sum: 0.1]
      [GC Worker Total (ms): Min: 0.5, Avg: 0.6, Max: 0.6, Diff: 0.1, Sum: 3.5]
      [GC Worker End (ms): Min: 536746.7, Avg: 536746.7, Max: 536746.7, Diff: 0.0]
   [Code Root Fixup: 0.0 ms]
   [Code Root Purge: 0.0 ms]
   [Clear CT: 0.2 ms]
   [Other: 0.6 ms]
      [Choose CSet: 0.0 ms]
      [Ref Proc: 0.1 ms]
      [Ref Enq: 0.0 ms]
      [Redirty Cards: 0.1 ms]
      [Humongous Register: 0.0 ms]
      [Humongous Reclaim: 0.0 ms]
      [Free CSet: 0.3 ms]
   [Eden: 612.0M(612.0M)->0.0B(612.0M) Survivors: 2048.0K->2048.0K Heap: 618.4M(1024.0M)->6449.9K(1024.0M)]
 [Times: user=0.00 sys=0.00, real=0.00 secs] 
2024-10-11T08:42:36.374+0300: 536.748: Total time for which application threads were stopped: 0.0017551 seconds, Stopping threads took: 0.0001408 seconds
2024-10-11T08:42:38.415+0300: 538.794: Application time: 2.0464629 seconds
2024-10-11T08:42:38.415+0300: 538.794: [GC pause (G1 Evacuation Pause) (young), 0.0014431 secs]
   [Parallel Time: 0.7 ms, GC Workers: 6]
      [GC Worker Start (ms): Min: 538794.3, Avg: 538794.3, Max: 538794.4, Diff: 0.1]
      [Ext Root Scanning (ms): Min: 0.2, Avg: 0.3, Max: 0.3, Diff: 0.1, Sum: 1.5]
      [Update RS (ms): Min: 0.0, Avg: 0.0, Max: 0.0, Diff: 0.0, Sum: 0.1]
         [Processed Buffers: Min: 0, Avg: 0.8, Max: 2, Diff: 2, Sum: 5]
      [Scan RS (ms): Min: 0.1, Avg: 0.1, Max: 0.1, Diff: 0.0, Sum: 0.5]
      [Code Root Scanning (ms): Min: 0.0, Avg: 0.0, Max: 0.0, Diff: 0.0, Sum: 0.0]
      [Object Copy (ms): Min: 0.1, Avg: 0.1, Max: 0.2, Diff: 0.0, Sum: 0.8]
      [Termination (ms): Min: 0.0, Avg: 0.0, Max: 0.0, Diff: 0.0, Sum: 0.1]
         [Termination Attempts: Min: 1, Avg: 1.0, Max: 1, Diff: 0, Sum: 6]
      [GC Worker Other (ms): Min: 0.0, Avg: 0.0, Max: 0.0, Diff: 0.0, Sum: 0.1]
      [GC Worker Total (ms): Min: 0.5, Avg: 0.5, Max: 0.6, Diff: 0.1, Sum: 3.2]
      [GC Worker End (ms): Min: 538794.9, Avg: 538794.9, Max: 538794.9, Diff: 0.0]
   [Code Root Fixup: 0.0 ms]
   [Code Root Purge: 0.0 ms]
   [Clear CT: 0.2 ms]
   [Other: 0.6 ms]
      [Choose CSet: 0.0 ms]
      [Ref Proc: 0.1 ms]
      [Ref Enq: 0.0 ms]
      [Redirty Cards: 0.1 ms]
      [Humongous Register: 0.0 ms]
      [Humongous Reclaim: 0.0 ms]
      [Free CSet: 0.3 ms]
   [Eden: 612.0M(612.0M)->0.0B(612.0M) Survivors: 2048.0K->2048.0K Heap: 618.3M(1024.0M)->6640.2K(1024.0M)]
 [Times: user=0.00 sys=0.00, real=0.00 secs] 
2024-10-11T08:42:38.415+0300: 538.796: Total time for which application threads were stopped: 0.0017640 seconds, Stopping threads took: 0.0001290 seconds
2024-10-11T08:42:40.501+0300: 540.877: Application time: 2.0809323 seconds
2024-10-11T08:42:40.501+0300: 540.877: [GC pause (G1 Evacuation Pause) (young), 0.0014907 secs]
   [Parallel Time: 0.7 ms, GC Workers: 6]
      [GC Worker Start (ms): Min: 540876.9, Avg: 540877.0, Max: 540877.0, Diff: 0.1]
      [Ext Root Scanning (ms): Min: 0.2, Avg: 0.3, Max: 0.3, Diff: 0.1, Sum: 1.6]
      [Update RS (ms): Min: 0.0, Avg: 0.0, Max: 0.0, Diff: 0.0, Sum: 0.1]
         [Processed Buffers: Min: 0, Avg: 0.8, Max: 1, Diff: 1, Sum: 5]
      [Scan RS (ms): Min: 0.1, Avg: 0.1, Max: 0.1, Diff: 0.0, Sum: 0.6]
      [Code Root Scanning (ms): Min: 0.0, Avg: 0.0, Max: 0.0, Diff: 0.0, Sum: 0.0]
      [Object Copy (ms): Min: 0.1, Avg: 0.1, Max: 0.2, Diff: 0.1, Sum: 0.8]
      [Termination (ms): Min: 0.0, Avg: 0.0, Max: 0.0, Diff: 0.0, Sum: 0.0]
         [Termination Attempts: Min: 1, Avg: 1.0, Max: 1, Diff: 0, Sum: 6]
      [GC Worker Other (ms): Min: 0.0, Avg: 0.0, Max: 0.1, Diff: 0.0, Sum: 0.2]
      [GC Worker Total (ms): Min: 0.5, Avg: 0.5, Max: 0.6, Diff: 0.1, Sum: 3.3]
      [GC Worker End (ms): Min: 540877.5, Avg: 540877.5, Max: 540877.5, Diff: 0.0]
   [Code Root Fixup: 0.0 ms]
   [Code Root Purge: 0.0 ms]
   [Clear CT: 0.2 ms]
   [Other: 0.6 ms]
      [Choose CSet: 0.0 ms]
      [Ref Proc: 0.2 ms]
      [Ref Enq: 0.0 ms]
      [Redirty Cards: 0.1 ms]
      [Humongous Register: 0.0 ms]
      [Humongous Reclaim: 0.0 ms]
      [Free CSet: 0.3 ms]
   [Eden: 612.0M(612.0M)->0.0B(612.0M) Survivors: 2048.0K->2048.0K Heap: 618.5M(1024.0M)->6402.3K(1024.0M)]
 [Times: user=0.02 sys=0.00, real=0.00 secs] 
2024-10-11T08:42:40.501+0300: 540.878: Total time for which application threads were stopped: 0.0017572 seconds, Stopping threads took: 0.0000849 seconds
2024-10-11T08:42:42.542+0300: 542.924: Application time: 2.0451890 seconds
2024-10-11T08:42:42.542+0300: 542.924: [GC pause (G1 Evacuation Pause) (young), 0.0015515 secs]
   [Parallel Time: 0.7 ms, GC Workers: 6]
      [GC Worker Start (ms): Min: 542924.0, Avg: 542924.2, Max: 542924.6, Diff: 0.6]
      [Ext Root Scanning (ms): Min: 0.0, Avg: 0.2, Max: 0.3, Diff: 0.3, Sum: 1.2]
      [Update RS (ms): Min: 0.0, Avg: 0.0, Max: 0.0, Diff: 0.0, Sum: 0.0]
         [Processed Buffers: Min: 0, Avg: 0.8, Max: 2, Diff: 2, Sum: 5]
      [Scan RS (ms): Min: 0.0, Avg: 0.1, Max: 0.1, Diff: 0.1, Sum: 0.5]
      [Code Root Scanning (ms): Min: 0.0, Avg: 0.0, Max: 0.0, Diff: 0.0, Sum: 0.0]
      [Object Copy (ms): Min: 0.0, Avg: 0.1, Max: 0.3, Diff: 0.3, Sum: 0.8]
      [Termination (ms): Min: 0.0, Avg: 0.0, Max: 0.1, Diff: 0.1, Sum: 0.2]
         [Termination Attempts: Min: 1, Avg: 1.7, Max: 3, Diff: 2, Sum: 10]
      [GC Worker Other (ms): Min: 0.0, Avg: 0.0, Max: 0.0, Diff: 0.0, Sum: 0.1]
      [GC Worker Total (ms): Min: 0.0, Avg: 0.5, Max: 0.6, Diff: 0.6, Sum: 2.8]
      [GC Worker End (ms): Min: 542924.7, Avg: 542924.7, Max: 542924.7, Diff: 0.0]
   [Code Root Fixup: 0.0 ms]
   [Code Root Purge: 0.0 ms]
   [Clear CT: 0.2 ms]
   [Other: 0.6 ms]
      [Choose CSet: 0.0 ms]
      [Ref Proc: 0.2 ms]
      [Ref Enq: 0.0 ms]
      [Redirty Cards: 0.1 ms]
      [Humongous Register: 0.0 ms]
      [Humongous Reclaim: 0.0 ms]
      [Free CSet: 0.3 ms]
   [Eden: 612.0M(612.0M)->0.0B(612.0M) Survivors: 2048.0K->2048.0K Heap: 618.3M(1024.0M)->6555.8K(1024.0M)]
 [Times: user=0.01 sys=0.00, real=0.00 secs] 
2024-10-11T08:42:42.542+0300: 542.926: Total time for which application threads were stopped: 0.0019484 seconds, Stopping threads took: 0.0001825 seconds
2024-10-11T08:42:44.598+0300: 544.983: Application time: 2.0573593 seconds
2024-10-11T08:42:44.598+0300: 544.983: [GC pause (G1 Evacuation Pause) (young), 0.0015742 secs]
   [Parallel Time: 0.6 ms, GC Workers: 6]
      [GC Worker Start (ms): Min: 544983.3, Avg: 544983.3, Max: 544983.3, Diff: 0.1]
      [Ext Root Scanning (ms): Min: 0.2, Avg: 0.3, Max: 0.3, Diff: 0.1, Sum: 1.6]
      [Update RS (ms): Min: 0.0, Avg: 0.0, Max: 0.0, Diff: 0.0, Sum: 0.1]
         [Processed Buffers: Min: 0, Avg: 0.8, Max: 2, Diff: 2, Sum: 5]
      [Scan RS (ms): Min: 0.1, Avg: 0.1, Max: 0.1, Diff: 0.0, Sum: 0.6]
      [Code Root Scanning (ms): Min: 0.0, Avg: 0.0, Max: 0.0, Diff: 0.0, Sum: 0.0]
      [Object Copy (ms): Min: 0.1, Avg: 0.1, Max: 0.2, Diff: 0.1, Sum: 0.8]
      [Termination (ms): Min: 0.0, Avg: 0.0, Max: 0.0, Diff: 0.0, Sum: 0.0]
         [Termination Attempts: Min: 1, Avg: 1.2, Max: 2, Diff: 1, Sum: 7]
      [GC Worker Other (ms): Min: 0.0, Avg: 0.0, Max: 0.1, Diff: 0.0, Sum: 0.2]
      [GC Worker Total (ms): Min: 0.5, Avg: 0.5, Max: 0.6, Diff: 0.1, Sum: 3.3]
      [GC Worker End (ms): Min: 544983.8, Avg: 544983.9, Max: 544983.9, Diff: 0.0]
   [Code Root Fixup: 0.0 ms]
   [Code Root Purge: 0.0 ms]
   [Clear CT: 0.2 ms]
   [Other: 0.7 ms]
      [Choose CSet: 0.0 ms]
      [Ref Proc: 0.1 ms]
      [Ref Enq: 0.0 ms]
      [Redirty Cards: 0.1 ms]
      [Humongous Register: 0.0 ms]
      [Humongous Reclaim: 0.0 ms]
      [Free CSet: 0.3 ms]
   [Eden: 612.0M(612.0M)->0.0B(612.0M) Survivors: 2048.0K->2048.0K Heap: 618.4M(1024.0M)->6596.3K(1024.0M)]
 [Times: user=0.00 sys=0.00, real=0.00 secs] 
2024-10-11T08:42:44.598+0300: 544.985: Total time for which application threads were stopped: 0.0019265 seconds, Stopping threads took: 0.0001486 seconds
2024-10-11T08:42:46.653+0300: 547.031: Application time: 2.0464242 seconds
2024-10-11T08:42:46.653+0300: 547.032: [GC pause (G1 Evacuation Pause) (young), 0.0015407 secs]
   [Parallel Time: 0.7 ms, GC Workers: 6]
      [GC Worker Start (ms): Min: 547031.7, Avg: 547031.8, Max: 547031.8, Diff: 0.1]
      [Ext Root Scanning (ms): Min: 0.2, Avg: 0.3, Max: 0.3, Diff: 0.1, Sum: 1.5]
      [Update RS (ms): Min: 0.0, Avg: 0.0, Max: 0.0, Diff: 0.0, Sum: 0.1]
         [Processed Buffers: Min: 0, Avg: 0.8, Max: 1, Diff: 1, Sum: 5]
      [Scan RS (ms): Min: 0.1, Avg: 0.1, Max: 0.1, Diff: 0.0, Sum: 0.6]
      [Code Root Scanning (ms): Min: 0.0, Avg: 0.0, Max: 0.0, Diff: 0.0, Sum: 0.0]
      [Object Copy (ms): Min: 0.1, Avg: 0.1, Max: 0.2, Diff: 0.1, Sum: 0.8]
      [Termination (ms): Min: 0.0, Avg: 0.0, Max: 0.0, Diff: 0.0, Sum: 0.0]
         [Termination Attempts: Min: 1, Avg: 1.0, Max: 1, Diff: 0, Sum: 6]
      [GC Worker Other (ms): Min: 0.0, Avg: 0.0, Max: 0.0, Diff: 0.0, Sum: 0.1]
      [GC Worker Total (ms): Min: 0.5, Avg: 0.5, Max: 0.6, Diff: 0.1, Sum: 3.2]
      [GC Worker End (ms): Min: 547032.3, Avg: 547032.3, Max: 547032.3, Diff: 0.0]
   [Code Root Fixup: 0.0 ms]
   [Code Root Purge: 0.0 ms]
   [Clear CT: 0.2 ms]
   [Other: 0.7 ms]
      [Choose CSet: 0.0 ms]
      [Ref Proc: 0.2 ms]
      [Ref Enq: 0.0 ms]
      [Redirty Cards: 0.1 ms]
      [Humongous Register: 0.1 ms]
      [Humongous Reclaim: 0.0 ms]
      [Free CSet: 0.3 ms]
   [Eden: 612.0M(612.0M)->0.0B(612.0M) Survivors: 2048.0K->2048.0K Heap: 618.4M(1024.0M)->6608.3K(1024.0M)]
 [Times: user=0.00 sys=0.00, real=0.00 secs] 
2024-10-11T08:42:46.653+0300: 547.033: Total time for which application threads were stopped: 0.0019404 seconds, Stopping threads took: 0.0001820 seconds
2024-10-11T08:42:48.708+0300: 549.082: Application time: 2.0488697 seconds
2024-10-11T08:42:48.708+0300: 549.082: [GC pause (G1 Evacuation Pause) (young), 0.0014148 secs]
   [Parallel Time: 0.6 ms, GC Workers: 6]
      [GC Worker Start (ms): Min: 549082.4, Avg: 549082.5, Max: 549082.8, Diff: 0.3]
      [Ext Root Scanning (ms): Min: 0.0, Avg: 0.2, Max: 0.3, Diff: 0.3, Sum: 1.4]
      [Update RS (ms): Min: 0.0, Avg: 0.0, Max: 0.0, Diff: 0.0, Sum: 0.1]
         [Processed Buffers: Min: 0, Avg: 0.8, Max: 2, Diff: 2, Sum: 5]
      [Scan RS (ms): Min: 0.1, Avg: 0.1, Max: 0.1, Diff: 0.0, Sum: 0.6]
      [Code Root Scanning (ms): Min: 0.0, Avg: 0.0, Max: 0.0, Diff: 0.0, Sum: 0.0]
      [Object Copy (ms): Min: 0.1, Avg: 0.1, Max: 0.2, Diff: 0.0, Sum: 0.8]
      [Termination (ms): Min: 0.0, Avg: 0.0, Max: 0.0, Diff: 0.0, Sum: 0.1]
         [Termination Attempts: Min: 1, Avg: 1.0, Max: 1, Diff: 0, Sum: 6]
      [GC Worker Other (ms): Min: 0.0, Avg: 0.0, Max: 0.0, Diff: 0.0, Sum: 0.1]
      [GC Worker Total (ms): Min: 0.3, Avg: 0.5, Max: 0.6, Diff: 0.3, Sum: 3.2]
      [GC Worker End (ms): Min: 549083.0, Avg: 549083.0, Max: 549083.0, Diff: 0.0]
   [Code Root Fixup: 0.0 ms]
   [Code Root Purge: 0.0 ms]
   [Clear CT: 0.2 ms]
   [Other: 0.6 ms]
      [Choose CSet: 0.0 ms]
      [Ref Proc: 0.1 ms]
      [Ref Enq: 0.0 ms]
      [Redirty Cards: 0.1 ms]
      [Humongous Register: 0.0 ms]
      [Humongous Reclaim: 0.0 ms]
      [Free CSet: 0.3 ms]
   [Eden: 612.0M(612.0M)->0.0B(612.0M) Survivors: 2048.0K->2048.0K Heap: 618.5M(1024.0M)->6518.0K(1024.0M)]
 [Times: user=0.00 sys=0.00, real=0.00 secs] 
2024-10-11T08:42:48.708+0300: 549.084: Total time for which application threads were stopped: 0.0017463 seconds, Stopping threads took: 0.0001634 seconds
2024-10-11T08:42:50.754+0300: 551.134: Application time: 2.0503986 seconds
2024-10-11T08:42:50.754+0300: 551.135: [GC pause (G1 Evacuation Pause) (young), 0.0014530 secs]
   [Parallel Time: 0.6 ms, GC Workers: 6]
      [GC Worker Start (ms): Min: 551134.6, Avg: 551134.6, Max: 551134.7, Diff: 0.1]
      [Ext Root Scanning (ms): Min: 0.2, Avg: 0.2, Max: 0.3, Diff: 0.1, Sum: 1.5]
      [Update RS (ms): Min: 0.0, Avg: 0.0, Max: 0.0, Diff: 0.0, Sum: 0.1]
         [Processed Buffers: Min: 0, Avg: 0.8, Max: 1, Diff: 1, Sum: 5]
      [Scan RS (ms): Min: 0.1, Avg: 0.1, Max: 0.1, Diff: 0.0, Sum: 0.6]
      [Code Root Scanning (ms): Min: 0.0, Avg: 0.0, Max: 0.0, Diff: 0.0, Sum: 0.0]
      [Object Copy (ms): Min: 0.1, Avg: 0.1, Max: 0.2, Diff: 0.0, Sum: 0.9]
      [Termination (ms): Min: 0.0, Avg: 0.0, Max: 0.0, Diff: 0.0, Sum: 0.1]
         [Termination Attempts: Min: 1, Avg: 1.0, Max: 1, Diff: 0, Sum: 6]
      [GC Worker Other (ms): Min: 0.0, Avg: 0.0, Max: 0.0, Diff: 0.0, Sum: 0.1]
      [GC Worker Total (ms): Min: 0.5, Avg: 0.5, Max: 0.6, Diff: 0.0, Sum: 3.3]
      [GC Worker End (ms): Min: 551135.2, Avg: 551135.2, Max: 551135.2, Diff: 0.0]
   [Code Root Fixup: 0.0 ms]
   [Code Root Purge: 0.0 ms]
   [Clear CT: 0.2 ms]
   [Other: 0.7 ms]
      [Choose CSet: 0.0 ms]
      [Ref Proc: 0.1 ms]
      [Ref Enq: 0.0 ms]
      [Redirty Cards: 0.1 ms]
      [Humongous Register: 0.0 ms]
      [Humongous Reclaim: 0.0 ms]
      [Free CSet: 0.3 ms]
   [Eden: 612.0M(612.0M)->0.0B(612.0M) Survivors: 2048.0K->2048.0K Heap: 618.4M(1024.0M)->6616.4K(1024.0M)]
 [Times: user=0.00 sys=0.00, real=0.01 secs] 
2024-10-11T08:42:50.764+0300: 551.136: Total time for which application threads were stopped: 0.0018342 seconds, Stopping threads took: 0.0001811 seconds
2024-10-11T08:42:52.803+0300: 553.182: Application time: 2.0461478 seconds
2024-10-11T08:42:52.803+0300: 553.182: [GC pause (G1 Evacuation Pause) (young), 0.0013704 secs]
   [Parallel Time: 0.6 ms, GC Workers: 6]
      [GC Worker Start (ms): Min: 553182.6, Avg: 553182.6, Max: 553182.6, Diff: 0.1]
      [Ext Root Scanning (ms): Min: 0.2, Avg: 0.3, Max: 0.3, Diff: 0.1, Sum: 1.5]
      [Update RS (ms): Min: 0.0, Avg: 0.0, Max: 0.0, Diff: 0.0, Sum: 0.1]
         [Processed Buffers: Min: 0, Avg: 0.8, Max: 2, Diff: 2, Sum: 5]
      [Scan RS (ms): Min: 0.1, Avg: 0.1, Max: 0.1, Diff: 0.0, Sum: 0.5]
      [Code Root Scanning (ms): Min: 0.0, Avg: 0.0, Max: 0.0, Diff: 0.0, Sum: 0.0]
      [Object Copy (ms): Min: 0.1, Avg: 0.1, Max: 0.2, Diff: 0.0, Sum: 0.8]
      [Termination (ms): Min: 0.0, Avg: 0.0, Max: 0.0, Diff: 0.0, Sum: 0.0]
         [Termination Attempts: Min: 1, Avg: 1.0, Max: 1, Diff: 0, Sum: 6]
      [GC Worker Other (ms): Min: 0.0, Avg: 0.0, Max: 0.1, Diff: 0.0, Sum: 0.2]
      [GC Worker Total (ms): Min: 0.5, Avg: 0.5, Max: 0.6, Diff: 0.1, Sum: 3.1]
      [GC Worker End (ms): Min: 553183.1, Avg: 553183.1, Max: 553183.1, Diff: 0.0]
   [Code Root Fixup: 0.0 ms]
   [Code Root Purge: 0.0 ms]
   [Clear CT: 0.2 ms]
   [Other: 0.6 ms]
      [Choose CSet: 0.0 ms]
      [Ref Proc: 0.1 ms]
      [Ref Enq: 0.0 ms]
      [Redirty Cards: 0.1 ms]
      [Humongous Register: 0.0 ms]
      [Humongous Reclaim: 0.0 ms]
      [Free CSet: 0.3 ms]
   [Eden: 612.0M(612.0M)->0.0B(612.0M) Survivors: 2048.0K->2048.0K Heap: 618.5M(1024.0M)->6523.4K(1024.0M)]
 [Times: user=0.00 sys=0.00, real=0.00 secs] 
2024-10-11T08:42:52.803+0300: 553.184: Total time for which application threads were stopped: 0.0016925 seconds, Stopping threads took: 0.0001558 seconds
2024-10-11T08:42:54.861+0300: 555.234: Application time: 2.0500650 seconds
2024-10-11T08:42:54.861+0300: 555.234: [GC pause (G1 Evacuation Pause) (young), 0.0014061 secs]
   [Parallel Time: 0.6 ms, GC Workers: 6]
      [GC Worker Start (ms): Min: 555234.3, Avg: 555234.4, Max: 555234.4, Diff: 0.1]
      [Ext Root Scanning (ms): Min: 0.2, Avg: 0.2, Max: 0.3, Diff: 0.1, Sum: 1.4]
      [Update RS (ms): Min: 0.0, Avg: 0.0, Max: 0.0, Diff: 0.0, Sum: 0.1]
         [Processed Buffers: Min: 0, Avg: 0.8, Max: 3, Diff: 3, Sum: 5]
      [Scan RS (ms): Min: 0.1, Avg: 0.1, Max: 0.1, Diff: 0.0, Sum: 0.6]
      [Code Root Scanning (ms): Min: 0.0, Avg: 0.0, Max: 0.0, Diff: 0.0, Sum: 0.0]
      [Object Copy (ms): Min: 0.1, Avg: 0.1, Max: 0.1, Diff: 0.0, Sum: 0.7]
      [Termination (ms): Min: 0.0, Avg: 0.0, Max: 0.0, Diff: 0.0, Sum: 0.1]
         [Termination Attempts: Min: 1, Avg: 1.0, Max: 1, Diff: 0, Sum: 6]
      [GC Worker Other (ms): Min: 0.0, Avg: 0.0, Max: 0.0, Diff: 0.0, Sum: 0.1]
      [GC Worker Total (ms): Min: 0.5, Avg: 0.5, Max: 0.5, Diff: 0.1, Sum: 2.9]
      [GC Worker End (ms): Min: 555234.8, Avg: 555234.8, Max: 555234.8, Diff: 0.0]
   [Code Root Fixup: 0.0 ms]
   [Code Root Purge: 0.0 ms]
   [Clear CT: 0.2 ms]
   [Other: 0.6 ms]
      [Choose CSet: 0.0 ms]
      [Ref Proc: 0.2 ms]
      [Ref Enq: 0.0 ms]
      [Redirty Cards: 0.1 ms]
      [Humongous Register: 0.0 ms]
      [Humongous Reclaim: 0.0 ms]
      [Free CSet: 0.2 ms]
   [Eden: 612.0M(612.0M)->0.0B(612.0M) Survivors: 2048.0K->2048.0K Heap: 618.4M(1024.0M)->6621.6K(1024.0M)]
 [Times: user=0.00 sys=0.00, real=0.00 secs] 
2024-10-11T08:42:54.861+0300: 555.236: Total time for which application threads were stopped: 0.0017531 seconds, Stopping threads took: 0.0001413 seconds
2024-10-11T08:42:56.915+0300: 557.291: Application time: 2.0549963 seconds
2024-10-11T08:42:56.915+0300: 557.291: [GC pause (G1 Evacuation Pause) (young), 0.0015213 secs]
   [Parallel Time: 0.6 ms, GC Workers: 6]
      [GC Worker Start (ms): Min: 557291.1, Avg: 557291.1, Max: 557291.1, Diff: 0.0]
      [Ext Root Scanning (ms): Min: 0.2, Avg: 0.2, Max: 0.3, Diff: 0.0, Sum: 1.5]
      [Update RS (ms): Min: 0.0, Avg: 0.0, Max: 0.0, Diff: 0.0, Sum: 0.1]
         [Processed Buffers: Min: 0, Avg: 0.8, Max: 2, Diff: 2, Sum: 5]
      [Scan RS (ms): Min: 0.1, Avg: 0.1, Max: 0.1, Diff: 0.0, Sum: 0.5]
      [Code Root Scanning (ms): Min: 0.0, Avg: 0.0, Max: 0.0, Diff: 0.0, Sum: 0.0]
      [Object Copy (ms): Min: 0.1, Avg: 0.1, Max: 0.1, Diff: 0.0, Sum: 0.7]
      [Termination (ms): Min: 0.0, Avg: 0.0, Max: 0.0, Diff: 0.0, Sum: 0.1]
         [Termination Attempts: Min: 1, Avg: 1.0, Max: 1, Diff: 0, Sum: 6]
      [GC Worker Other (ms): Min: 0.0, Avg: 0.0, Max: 0.0, Diff: 0.0, Sum: 0.1]
      [GC Worker Total (ms): Min: 0.5, Avg: 0.5, Max: 0.5, Diff: 0.0, Sum: 3.0]
      [GC Worker End (ms): Min: 557291.6, Avg: 557291.6, Max: 557291.6, Diff: 0.0]
   [Code Root Fixup: 0.0 ms]
   [Code Root Purge: 0.0 ms]
   [Clear CT: 0.2 ms]
   [Other: 0.7 ms]
      [Choose CSet: 0.0 ms]
      [Ref Proc: 0.2 ms]
      [Ref Enq: 0.0 ms]
      [Redirty Cards: 0.1 ms]
      [Humongous Register: 0.0 ms]
      [Humongous Reclaim: 0.0 ms]
      [Free CSet: 0.3 ms]
   [Eden: 612.0M(612.0M)->0.0B(612.0M) Survivors: 2048.0K->2048.0K Heap: 618.5M(1024.0M)->6623.9K(1024.0M)]
 [Times: user=0.00 sys=0.00, real=0.00 secs] 
2024-10-11T08:42:56.915+0300: 557.293: Total time for which application threads were stopped: 0.0018469 seconds, Stopping threads took: 0.0001179 seconds
2024-10-11T08:42:58.969+0300: 559.341: Application time: 2.0486482 seconds
2024-10-11T08:42:58.969+0300: 559.342: [GC pause (G1 Evacuation Pause) (young), 0.0015222 secs]
   [Parallel Time: 0.6 ms, GC Workers: 6]
      [GC Worker Start (ms): Min: 559341.7, Avg: 559341.7, Max: 559341.7, Diff: 0.1]
      [Ext Root Scanning (ms): Min: 0.2, Avg: 0.3, Max: 0.3, Diff: 0.0, Sum: 1.5]
      [Update RS (ms): Min: 0.0, Avg: 0.0, Max: 0.0, Diff: 0.0, Sum: 0.1]
         [Processed Buffers: Min: 0, Avg: 0.8, Max: 1, Diff: 1, Sum: 5]
      [Scan RS (ms): Min: 0.1, Avg: 0.1, Max: 0.2, Diff: 0.1, Sum: 0.8]
      [Code Root Scanning (ms): Min: 0.0, Avg: 0.0, Max: 0.0, Diff: 0.0, Sum: 0.0]
      [Object Copy (ms): Min: 0.0, Avg: 0.1, Max: 0.2, Diff: 0.1, Sum: 0.8]
      [Termination (ms): Min: 0.0, Avg: 0.0, Max: 0.0, Diff: 0.0, Sum: 0.1]
         [Termination Attempts: Min: 1, Avg: 1.0, Max: 1, Diff: 0, Sum: 6]
      [GC Worker Other (ms): Min: 0.0, Avg: 0.0, Max: 0.0, Diff: 0.0, Sum: 0.1]
      [GC Worker Total (ms): Min: 0.5, Avg: 0.6, Max: 0.6, Diff: 0.1, Sum: 3.4]
      [GC Worker End (ms): Min: 559342.2, Avg: 559342.3, Max: 559342.3, Diff: 0.0]
   [Code Root Fixup: 0.0 ms]
   [Code Root Purge: 0.0 ms]
   [Clear CT: 0.2 ms]
   [Other: 0.7 ms]
      [Choose CSet: 0.0 ms]
      [Ref Proc: 0.2 ms]
      [Ref Enq: 0.0 ms]
      [Redirty Cards: 0.1 ms]
      [Humongous Register: 0.0 ms]
      [Humongous Reclaim: 0.0 ms]
      [Free CSet: 0.3 ms]
   [Eden: 612.0M(612.0M)->0.0B(612.0M) Survivors: 2048.0K->2048.0K Heap: 618.5M(1024.0M)->6642.5K(1024.0M)]
 [Times: user=0.00 sys=0.00, real=0.00 secs] 
2024-10-11T08:42:58.969+0300: 559.343: Total time for which application threads were stopped: 0.0019422 seconds, Stopping threads took: 0.0002142 seconds
2024-10-11T08:43:01.011+0300: 561.396: Application time: 2.0522867 seconds
2024-10-11T08:43:01.011+0300: 561.396: [GC pause (G1 Evacuation Pause) (young), 0.0014799 secs]
   [Parallel Time: 0.6 ms, GC Workers: 6]
      [GC Worker Start (ms): Min: 561395.8, Avg: 561395.8, Max: 561395.9, Diff: 0.1]
      [Ext Root Scanning (ms): Min: 0.2, Avg: 0.2, Max: 0.3, Diff: 0.1, Sum: 1.4]
      [Update RS (ms): Min: 0.0, Avg: 0.0, Max: 0.0, Diff: 0.0, Sum: 0.1]
         [Processed Buffers: Min: 0, Avg: 1.0, Max: 2, Diff: 2, Sum: 6]
      [Scan RS (ms): Min: 0.1, Avg: 0.1, Max: 0.1, Diff: 0.0, Sum: 0.5]
      [Code Root Scanning (ms): Min: 0.0, Avg: 0.0, Max: 0.0, Diff: 0.0, Sum: 0.0]
      [Object Copy (ms): Min: 0.1, Avg: 0.1, Max: 0.2, Diff: 0.1, Sum: 0.7]
      [Termination (ms): Min: 0.0, Avg: 0.0, Max: 0.0, Diff: 0.0, Sum: 0.0]
         [Termination Attempts: Min: 1, Avg: 1.0, Max: 1, Diff: 0, Sum: 6]
      [GC Worker Other (ms): Min: 0.0, Avg: 0.0, Max: 0.1, Diff: 0.1, Sum: 0.2]
      [GC Worker Total (ms): Min: 0.5, Avg: 0.5, Max: 0.6, Diff: 0.1, Sum: 3.0]
      [GC Worker End (ms): Min: 561396.3, Avg: 561396.3, Max: 561396.4, Diff: 0.0]
   [Code Root Fixup: 0.0 ms]
   [Code Root Purge: 0.0 ms]
   [Clear CT: 0.2 ms]
   [Other: 0.7 ms]
      [Choose CSet: 0.0 ms]
      [Ref Proc: 0.2 ms]
      [Ref Enq: 0.0 ms]
      [Redirty Cards: 0.1 ms]
      [Humongous Register: 0.0 ms]
      [Humongous Reclaim: 0.0 ms]
      [Free CSet: 0.3 ms]
   [Eden: 612.0M(612.0M)->0.0B(612.0M) Survivors: 2048.0K->2048.0K Heap: 618.5M(1024.0M)->6511.0K(1024.0M)]
 [Times: user=0.01 sys=0.00, real=0.00 secs] 
2024-10-11T08:43:01.011+0300: 561.397: Total time for which application threads were stopped: 0.0018307 seconds, Stopping threads took: 0.0001484 seconds
2024-10-11T08:43:03.051+0300: 563.435: Application time: 2.0376951 seconds
2024-10-11T08:43:03.051+0300: 563.435: [GC pause (G1 Evacuation Pause) (young), 0.0015223 secs]
   [Parallel Time: 0.7 ms, GC Workers: 6]
      [GC Worker Start (ms): Min: 563435.4, Avg: 563435.4, Max: 563435.4, Diff: 0.0]
      [Ext Root Scanning (ms): Min: 0.2, Avg: 0.2, Max: 0.3, Diff: 0.0, Sum: 1.5]
      [Update RS (ms): Min: 0.0, Avg: 0.0, Max: 0.0, Diff: 0.0, Sum: 0.1]
         [Processed Buffers: Min: 0, Avg: 0.8, Max: 2, Diff: 2, Sum: 5]
      [Scan RS (ms): Min: 0.1, Avg: 0.1, Max: 0.1, Diff: 0.0, Sum: 0.6]
      [Code Root Scanning (ms): Min: 0.0, Avg: 0.0, Max: 0.0, Diff: 0.0, Sum: 0.0]
      [Object Copy (ms): Min: 0.1, Avg: 0.1, Max: 0.2, Diff: 0.1, Sum: 0.8]
      [Termination (ms): Min: 0.0, Avg: 0.0, Max: 0.0, Diff: 0.0, Sum: 0.1]
         [Termination Attempts: Min: 1, Avg: 1.0, Max: 1, Diff: 0, Sum: 6]
      [GC Worker Other (ms): Min: 0.0, Avg: 0.0, Max: 0.0, Diff: 0.0, Sum: 0.1]
      [GC Worker Total (ms): Min: 0.5, Avg: 0.5, Max: 0.6, Diff: 0.1, Sum: 3.2]
      [GC Worker End (ms): Min: 563435.9, Avg: 563435.9, Max: 563435.9, Diff: 0.0]
   [Code Root Fixup: 0.0 ms]
   [Code Root Purge: 0.0 ms]
   [Clear CT: 0.2 ms]
   [Other: 0.7 ms]
      [Choose CSet: 0.0 ms]
      [Ref Proc: 0.2 ms]
      [Ref Enq: 0.0 ms]
      [Redirty Cards: 0.1 ms]
      [Humongous Register: 0.0 ms]
      [Humongous Reclaim: 0.0 ms]
      [Free CSet: 0.2 ms]
   [Eden: 612.0M(612.0M)->0.0B(612.0M) Survivors: 2048.0K->2048.0K Heap: 618.4M(1024.0M)->6543.5K(1024.0M)]
 [Times: user=0.00 sys=0.00, real=0.00 secs] 
2024-10-11T08:43:03.051+0300: 563.437: Total time for which application threads were stopped: 0.0018731 seconds, Stopping threads took: 0.0001516 seconds
2024-10-11T08:43:05.092+0300: 565.476: Application time: 2.0395041 seconds
2024-10-11T08:43:05.092+0300: 565.477: [GC pause (G1 Evacuation Pause) (young), 0.0015796 secs]
   [Parallel Time: 0.7 ms, GC Workers: 6]
      [GC Worker Start (ms): Min: 565476.7, Avg: 565476.8, Max: 565476.8, Diff: 0.0]
      [Ext Root Scanning (ms): Min: 0.2, Avg: 0.2, Max: 0.3, Diff: 0.0, Sum: 1.5]
      [Update RS (ms): Min: 0.0, Avg: 0.0, Max: 0.0, Diff: 0.0, Sum: 0.1]
         [Processed Buffers: Min: 0, Avg: 0.8, Max: 1, Diff: 1, Sum: 5]
      [Scan RS (ms): Min: 0.1, Avg: 0.1, Max: 0.1, Diff: 0.0, Sum: 0.6]
      [Code Root Scanning (ms): Min: 0.0, Avg: 0.0, Max: 0.0, Diff: 0.0, Sum: 0.0]
      [Object Copy (ms): Min: 0.1, Avg: 0.1, Max: 0.2, Diff: 0.0, Sum: 0.9]
      [Termination (ms): Min: 0.0, Avg: 0.0, Max: 0.0, Diff: 0.0, Sum: 0.0]
         [Termination Attempts: Min: 1, Avg: 1.0, Max: 1, Diff: 0, Sum: 6]
      [GC Worker Other (ms): Min: 0.0, Avg: 0.0, Max: 0.0, Diff: 0.0, Sum: 0.1]
      [GC Worker Total (ms): Min: 0.5, Avg: 0.5, Max: 0.6, Diff: 0.1, Sum: 3.2]
      [GC Worker End (ms): Min: 565477.3, Avg: 565477.3, Max: 565477.3, Diff: 0.0]
   [Code Root Fixup: 0.0 ms]
   [Code Root Purge: 0.0 ms]
   [Clear CT: 0.2 ms]
   [Other: 0.7 ms]
      [Choose CSet: 0.0 ms]
      [Ref Proc: 0.2 ms]
      [Ref Enq: 0.0 ms]
      [Redirty Cards: 0.1 ms]
      [Humongous Register: 0.0 ms]
      [Humongous Reclaim: 0.0 ms]
      [Free CSet: 0.3 ms]
   [Eden: 612.0M(612.0M)->0.0B(612.0M) Survivors: 2048.0K->2048.0K Heap: 618.4M(1024.0M)->6611.7K(1024.0M)]
 [Times: user=0.00 sys=0.00, real=0.00 secs] 
2024-10-11T08:43:05.092+0300: 565.478: Total time for which application threads were stopped: 0.0019262 seconds, Stopping threads took: 0.0001357 seconds
2024-10-11T08:43:07.130+0300: 567.515: Application time: 2.0369901 seconds
2024-10-11T08:43:07.130+0300: 567.516: [GC pause (G1 Evacuation Pause) (young), 0.0014897 secs]
   [Parallel Time: 0.6 ms, GC Workers: 6]
      [GC Worker Start (ms): Min: 567515.7, Avg: 567515.7, Max: 567515.7, Diff: 0.1]
      [Ext Root Scanning (ms): Min: 0.2, Avg: 0.2, Max: 0.3, Diff: 0.1, Sum: 1.4]
      [Update RS (ms): Min: 0.0, Avg: 0.0, Max: 0.0, Diff: 0.0, Sum: 0.1]
         [Processed Buffers: Min: 0, Avg: 0.8, Max: 1, Diff: 1, Sum: 5]
      [Scan RS (ms): Min: 0.1, Avg: 0.1, Max: 0.1, Diff: 0.0, Sum: 0.5]
      [Code Root Scanning (ms): Min: 0.0, Avg: 0.0, Max: 0.0, Diff: 0.0, Sum: 0.0]
      [Object Copy (ms): Min: 0.1, Avg: 0.1, Max: 0.2, Diff: 0.1, Sum: 0.8]
      [Termination (ms): Min: 0.0, Avg: 0.0, Max: 0.0, Diff: 0.0, Sum: 0.0]
         [Termination Attempts: Min: 1, Avg: 1.0, Max: 1, Diff: 0, Sum: 6]
      [GC Worker Other (ms): Min: 0.0, Avg: 0.0, Max: 0.1, Diff: 0.1, Sum: 0.1]
      [GC Worker Total (ms): Min: 0.5, Avg: 0.5, Max: 0.6, Diff: 0.1, Sum: 3.0]
      [GC Worker End (ms): Min: 567516.2, Avg: 567516.2, Max: 567516.3, Diff: 0.0]
   [Code Root Fixup: 0.0 ms]
   [Code Root Purge: 0.0 ms]
   [Clear CT: 0.2 ms]
   [Other: 0.7 ms]
      [Choose CSet: 0.0 ms]
      [Ref Proc: 0.2 ms]
      [Ref Enq: 0.0 ms]
      [Redirty Cards: 0.1 ms]
      [Humongous Register: 0.0 ms]
      [Humongous Reclaim: 0.0 ms]
      [Free CSet: 0.2 ms]
   [Eden: 612.0M(612.0M)->0.0B(612.0M) Survivors: 2048.0K->2048.0K Heap: 618.5M(1024.0M)->6536.7K(1024.0M)]
 [Times: user=0.00 sys=0.00, real=0.00 secs] 
2024-10-11T08:43:07.130+0300: 567.517: Total time for which application threads were stopped: 0.0018617 seconds, Stopping threads took: 0.0001412 seconds
2024-10-11T08:43:09.188+0300: 569.570: Application time: 2.0528584 seconds
2024-10-11T08:43:09.188+0300: 569.570: [GC pause (G1 Evacuation Pause) (young), 0.0015853 secs]
   [Parallel Time: 0.7 ms, GC Workers: 6]
      [GC Worker Start (ms): Min: 569570.4, Avg: 569570.4, Max: 569570.5, Diff: 0.1]
      [Ext Root Scanning (ms): Min: 0.2, Avg: 0.3, Max: 0.3, Diff: 0.1, Sum: 1.5]
      [Update RS (ms): Min: 0.0, Avg: 0.0, Max: 0.0, Diff: 0.0, Sum: 0.1]
         [Processed Buffers: Min: 0, Avg: 0.8, Max: 2, Diff: 2, Sum: 5]
      [Scan RS (ms): Min: 0.1, Avg: 0.1, Max: 0.1, Diff: 0.1, Sum: 0.6]
      [Code Root Scanning (ms): Min: 0.0, Avg: 0.0, Max: 0.0, Diff: 0.0, Sum: 0.0]
      [Object Copy (ms): Min: 0.1, Avg: 0.1, Max: 0.2, Diff: 0.1, Sum: 0.9]
      [Termination (ms): Min: 0.0, Avg: 0.0, Max: 0.0, Diff: 0.0, Sum: 0.0]
         [Termination Attempts: Min: 1, Avg: 1.0, Max: 1, Diff: 0, Sum: 6]
      [GC Worker Other (ms): Min: 0.0, Avg: 0.0, Max: 0.0, Diff: 0.0, Sum: 0.1]
      [GC Worker Total (ms): Min: 0.5, Avg: 0.5, Max: 0.6, Diff: 0.1, Sum: 3.3]
      [GC Worker End (ms): Min: 569571.0, Avg: 569571.0, Max: 569571.0, Diff: 0.0]
   [Code Root Fixup: 0.0 ms]
   [Code Root Purge: 0.0 ms]
   [Clear CT: 0.2 ms]
   [Other: 0.7 ms]
      [Choose CSet: 0.0 ms]
      [Ref Proc: 0.2 ms]
      [Ref Enq: 0.0 ms]
      [Redirty Cards: 0.1 ms]
      [Humongous Register: 0.0 ms]
      [Humongous Reclaim: 0.0 ms]
      [Free CSet: 0.3 ms]
   [Eden: 612.0M(612.0M)->0.0B(612.0M) Survivors: 2048.0K->2048.0K Heap: 618.4M(1024.0M)->6542.1K(1024.0M)]
 [Times: user=0.00 sys=0.00, real=0.00 secs] 
2024-10-11T08:43:09.188+0300: 569.572: Total time for which application threads were stopped: 0.0019656 seconds, Stopping threads took: 0.0001732 seconds
2024-10-11T08:43:11.242+0300: 571.623: Application time: 2.0510972 seconds
2024-10-11T08:43:11.242+0300: 571.623: [GC pause (G1 Evacuation Pause) (young), 0.0014434 secs]
   [Parallel Time: 0.6 ms, GC Workers: 6]
      [GC Worker Start (ms): Min: 571623.4, Avg: 571623.4, Max: 571623.5, Diff: 0.0]
      [Ext Root Scanning (ms): Min: 0.2, Avg: 0.3, Max: 0.3, Diff: 0.0, Sum: 1.5]
      [Update RS (ms): Min: 0.0, Avg: 0.0, Max: 0.0, Diff: 0.0, Sum: 0.1]
         [Processed Buffers: Min: 0, Avg: 0.8, Max: 3, Diff: 3, Sum: 5]
      [Scan RS (ms): Min: 0.0, Avg: 0.1, Max: 0.1, Diff: 0.1, Sum: 0.5]
      [Code Root Scanning (ms): Min: 0.0, Avg: 0.0, Max: 0.0, Diff: 0.0, Sum: 0.0]
      [Object Copy (ms): Min: 0.1, Avg: 0.2, Max: 0.3, Diff: 0.1, Sum: 1.0]
      [Termination (ms): Min: 0.0, Avg: 0.0, Max: 0.0, Diff: 0.0, Sum: 0.1]
         [Termination Attempts: Min: 1, Avg: 1.0, Max: 1, Diff: 0, Sum: 6]
      [GC Worker Other (ms): Min: 0.0, Avg: 0.0, Max: 0.0, Diff: 0.0, Sum: 0.1]
      [GC Worker Total (ms): Min: 0.5, Avg: 0.6, Max: 0.6, Diff: 0.0, Sum: 3.3]
      [GC Worker End (ms): Min: 571624.0, Avg: 571624.0, Max: 571624.0, Diff: 0.0]
   [Code Root Fixup: 0.0 ms]
   [Code Root Purge: 0.0 ms]
   [Clear CT: 0.2 ms]
   [Other: 0.6 ms]
      [Choose CSet: 0.0 ms]
      [Ref Proc: 0.2 ms]
      [Ref Enq: 0.0 ms]
      [Redirty Cards: 0.1 ms]
      [Humongous Register: 0.0 ms]
      [Humongous Reclaim: 0.0 ms]
      [Free CSet: 0.2 ms]
   [Eden: 612.0M(612.0M)->0.0B(612.0M) Survivors: 2048.0K->2048.0K Heap: 618.4M(1024.0M)->6712.1K(1024.0M)]
 [Times: user=0.00 sys=0.00, real=0.00 secs] 
2024-10-11T08:43:11.242+0300: 571.625: Total time for which application threads were stopped: 0.0017552 seconds, Stopping threads took: 0.0001236 seconds
2024-10-11T08:43:13.294+0300: 573.667: Application time: 2.0423910 seconds
2024-10-11T08:43:13.294+0300: 573.668: [GC pause (G1 Evacuation Pause) (young), 0.0014298 secs]
   [Parallel Time: 0.7 ms, GC Workers: 6]
      [GC Worker Start (ms): Min: 573667.6, Avg: 573667.7, Max: 573667.9, Diff: 0.3]
      [Ext Root Scanning (ms): Min: 0.0, Avg: 0.2, Max: 0.3, Diff: 0.3, Sum: 1.4]
      [Update RS (ms): Min: 0.0, Avg: 0.0, Max: 0.0, Diff: 0.0, Sum: 0.1]
         [Processed Buffers: Min: 0, Avg: 0.8, Max: 2, Diff: 2, Sum: 5]
      [Scan RS (ms): Min: 0.1, Avg: 0.1, Max: 0.1, Diff: 0.0, Sum: 0.6]
      [Code Root Scanning (ms): Min: 0.0, Avg: 0.0, Max: 0.0, Diff: 0.0, Sum: 0.0]
      [Object Copy (ms): Min: 0.1, Avg: 0.2, Max: 0.2, Diff: 0.1, Sum: 0.9]
      [Termination (ms): Min: 0.0, Avg: 0.0, Max: 0.0, Diff: 0.0, Sum: 0.0]
         [Termination Attempts: Min: 1, Avg: 1.0, Max: 1, Diff: 0, Sum: 6]
      [GC Worker Other (ms): Min: 0.0, Avg: 0.0, Max: 0.0, Diff: 0.0, Sum: 0.1]
      [GC Worker Total (ms): Min: 0.3, Avg: 0.5, Max: 0.6, Diff: 0.3, Sum: 3.2]
      [GC Worker End (ms): Min: 573668.2, Avg: 573668.2, Max: 573668.2, Diff: 0.0]
   [Code Root Fixup: 0.0 ms]
   [Code Root Purge: 0.0 ms]
   [Clear CT: 0.2 ms]
   [Other: 0.6 ms]
      [Choose CSet: 0.0 ms]
      [Ref Proc: 0.1 ms]
      [Ref Enq: 0.0 ms]
      [Redirty Cards: 0.1 ms]
      [Humongous Register: 0.0 ms]
      [Humongous Reclaim: 0.0 ms]
      [Free CSet: 0.3 ms]
   [Eden: 612.0M(612.0M)->0.0B(612.0M) Survivors: 2048.0K->2048.0K Heap: 618.6M(1024.0M)->6439.3K(1024.0M)]
 [Times: user=0.00 sys=0.00, real=0.00 secs] 
2024-10-11T08:43:13.294+0300: 573.669: Total time for which application threads were stopped: 0.0017584 seconds, Stopping threads took: 0.0001445 seconds
2024-10-11T08:43:15.323+0300: 575.709: Application time: 2.0401274 seconds
2024-10-11T08:43:15.323+0300: 575.709: [GC pause (G1 Evacuation Pause) (young), 0.0014177 secs]
   [Parallel Time: 0.7 ms, GC Workers: 6]
      [GC Worker Start (ms): Min: 575709.5, Avg: 575709.5, Max: 575709.8, Diff: 0.3]
      [Ext Root Scanning (ms): Min: 0.0, Avg: 0.2, Max: 0.3, Diff: 0.3, Sum: 1.3]
      [Update RS (ms): Min: 0.0, Avg: 0.0, Max: 0.0, Diff: 0.0, Sum: 0.1]
         [Processed Buffers: Min: 0, Avg: 0.8, Max: 2, Diff: 2, Sum: 5]
      [Scan RS (ms): Min: 0.1, Avg: 0.1, Max: 0.1, Diff: 0.0, Sum: 0.6]
      [Code Root Scanning (ms): Min: 0.0, Avg: 0.0, Max: 0.0, Diff: 0.0, Sum: 0.0]
      [Object Copy (ms): Min: 0.1, Avg: 0.1, Max: 0.2, Diff: 0.1, Sum: 0.9]
      [Termination (ms): Min: 0.0, Avg: 0.0, Max: 0.0, Diff: 0.0, Sum: 0.0]
         [Termination Attempts: Min: 1, Avg: 1.0, Max: 1, Diff: 0, Sum: 6]
      [GC Worker Other (ms): Min: 0.0, Avg: 0.0, Max: 0.0, Diff: 0.0, Sum: 0.1]
      [GC Worker Total (ms): Min: 0.3, Avg: 0.5, Max: 0.6, Diff: 0.3, Sum: 3.0]
      [GC Worker End (ms): Min: 575710.0, Avg: 575710.1, Max: 575710.1, Diff: 0.0]
   [Code Root Fixup: 0.0 ms]
   [Code Root Purge: 0.0 ms]
   [Clear CT: 0.2 ms]
   [Other: 0.6 ms]
      [Choose CSet: 0.0 ms]
      [Ref Proc: 0.1 ms]
      [Ref Enq: 0.0 ms]
      [Redirty Cards: 0.1 ms]
      [Humongous Register: 0.0 ms]
      [Humongous Reclaim: 0.0 ms]
      [Free CSet: 0.3 ms]
   [Eden: 612.0M(612.0M)->0.0B(612.0M) Survivors: 2048.0K->2048.0K Heap: 618.3M(1024.0M)->6485.3K(1024.0M)]
 [Times: user=0.00 sys=0.00, real=0.02 secs] 
2024-10-11T08:43:15.339+0300: 575.711: Total time for which application threads were stopped: 0.0017797 seconds, Stopping threads took: 0.0001625 seconds
2024-10-11T08:43:17.378+0300: 577.752: Application time: 2.0409063 seconds
2024-10-11T08:43:17.378+0300: 577.752: [GC pause (G1 Evacuation Pause) (young), 0.0014805 secs]
   [Parallel Time: 0.7 ms, GC Workers: 6]
      [GC Worker Start (ms): Min: 577752.2, Avg: 577752.3, Max: 577752.5, Diff: 0.3]
      [Ext Root Scanning (ms): Min: 0.0, Avg: 0.2, Max: 0.3, Diff: 0.3, Sum: 1.4]
      [Update RS (ms): Min: 0.0, Avg: 0.0, Max: 0.0, Diff: 0.0, Sum: 0.1]
         [Processed Buffers: Min: 0, Avg: 1.0, Max: 2, Diff: 2, Sum: 6]
      [Scan RS (ms): Min: 0.0, Avg: 0.1, Max: 0.1, Diff: 0.1, Sum: 0.6]
      [Code Root Scanning (ms): Min: 0.0, Avg: 0.0, Max: 0.0, Diff: 0.0, Sum: 0.0]
      [Object Copy (ms): Min: 0.1, Avg: 0.2, Max: 0.3, Diff: 0.2, Sum: 1.0]
      [Termination (ms): Min: 0.0, Avg: 0.0, Max: 0.1, Diff: 0.1, Sum: 0.2]
         [Termination Attempts: Min: 1, Avg: 1.7, Max: 2, Diff: 1, Sum: 10]
      [GC Worker Other (ms): Min: 0.0, Avg: 0.0, Max: 0.0, Diff: 0.0, Sum: 0.1]
      [GC Worker Total (ms): Min: 0.3, Avg: 0.6, Max: 0.6, Diff: 0.3, Sum: 3.4]
      [GC Worker End (ms): Min: 577752.8, Avg: 577752.8, Max: 577752.8, Diff: 0.0]
   [Code Root Fixup: 0.0 ms]
   [Code Root Purge: 0.0 ms]
   [Clear CT: 0.2 ms]
   [Other: 0.6 ms]
      [Choose CSet: 0.0 ms]
      [Ref Proc: 0.1 ms]
      [Ref Enq: 0.0 ms]
      [Redirty Cards: 0.1 ms]
      [Humongous Register: 0.0 ms]
      [Humongous Reclaim: 0.0 ms]
      [Free CSet: 0.3 ms]
   [Eden: 612.0M(612.0M)->0.0B(612.0M) Survivors: 2048.0K->2048.0K Heap: 618.3M(1024.0M)->6498.6K(1024.0M)]
 [Times: user=0.00 sys=0.00, real=0.00 secs] 
2024-10-11T08:43:17.378+0300: 577.754: Total time for which application threads were stopped: 0.0018405 seconds, Stopping threads took: 0.0001890 seconds
2024-10-11T08:43:19.420+0300: 579.803: Application time: 2.0489119 seconds
2024-10-11T08:43:19.420+0300: 579.803: [GC pause (G1 Evacuation Pause) (young), 0.0014604 secs]
   [Parallel Time: 0.7 ms, GC Workers: 6]
      [GC Worker Start (ms): Min: 579802.9, Avg: 579803.0, Max: 579803.2, Diff: 0.4]
      [Ext Root Scanning (ms): Min: 0.0, Avg: 0.2, Max: 0.3, Diff: 0.3, Sum: 1.5]
      [Update RS (ms): Min: 0.0, Avg: 0.0, Max: 0.0, Diff: 0.0, Sum: 0.1]
         [Processed Buffers: Min: 0, Avg: 1.0, Max: 2, Diff: 2, Sum: 6]
      [Scan RS (ms): Min: 0.1, Avg: 0.1, Max: 0.1, Diff: 0.1, Sum: 0.7]
      [Code Root Scanning (ms): Min: 0.0, Avg: 0.0, Max: 0.0, Diff: 0.0, Sum: 0.0]
      [Object Copy (ms): Min: 0.1, Avg: 0.1, Max: 0.2, Diff: 0.1, Sum: 0.8]
      [Termination (ms): Min: 0.0, Avg: 0.0, Max: 0.0, Diff: 0.0, Sum: 0.1]
         [Termination Attempts: Min: 1, Avg: 1.5, Max: 3, Diff: 2, Sum: 9]
      [GC Worker Other (ms): Min: 0.0, Avg: 0.0, Max: 0.0, Diff: 0.0, Sum: 0.1]
      [GC Worker Total (ms): Min: 0.3, Avg: 0.5, Max: 0.6, Diff: 0.3, Sum: 3.3]
      [GC Worker End (ms): Min: 579803.5, Avg: 579803.5, Max: 579803.5, Diff: 0.0]
   [Code Root Fixup: 0.0 ms]
   [Code Root Purge: 0.0 ms]
   [Clear CT: 0.2 ms]
   [Other: 0.6 ms]
      [Choose CSet: 0.0 ms]
      [Ref Proc: 0.1 ms]
      [Ref Enq: 0.0 ms]
      [Redirty Cards: 0.1 ms]
      [Humongous Register: 0.0 ms]
      [Humongous Reclaim: 0.0 ms]
      [Free CSet: 0.3 ms]
   [Eden: 612.0M(612.0M)->0.0B(612.0M) Survivors: 2048.0K->2048.0K Heap: 618.3M(1024.0M)->6542.7K(1024.0M)]
 [Times: user=0.02 sys=0.00, real=0.00 secs] 
2024-10-11T08:43:19.420+0300: 579.804: Total time for which application threads were stopped: 0.0018188 seconds, Stopping threads took: 0.0000817 seconds
2024-10-11T08:43:21.474+0300: 581.855: Application time: 2.0502977 seconds
2024-10-11T08:43:21.474+0300: 581.855: [GC pause (G1 Evacuation Pause) (young), 0.0013781 secs]
   [Parallel Time: 0.7 ms, GC Workers: 6]
      [GC Worker Start (ms): Min: 581855.1, Avg: 581855.2, Max: 581855.4, Diff: 0.3]
      [Ext Root Scanning (ms): Min: 0.0, Avg: 0.2, Max: 0.3, Diff: 0.3, Sum: 1.3]
      [Update RS (ms): Min: 0.0, Avg: 0.0, Max: 0.0, Diff: 0.0, Sum: 0.1]
         [Processed Buffers: Min: 0, Avg: 1.0, Max: 2, Diff: 2, Sum: 6]
      [Scan RS (ms): Min: 0.0, Avg: 0.1, Max: 0.1, Diff: 0.1, Sum: 0.5]
      [Code Root Scanning (ms): Min: 0.0, Avg: 0.0, Max: 0.0, Diff: 0.0, Sum: 0.0]
      [Object Copy (ms): Min: 0.1, Avg: 0.2, Max: 0.3, Diff: 0.2, Sum: 1.0]
      [Termination (ms): Min: 0.0, Avg: 0.0, Max: 0.1, Diff: 0.1, Sum: 0.2]
         [Termination Attempts: Min: 1, Avg: 1.8, Max: 3, Diff: 2, Sum: 11]
      [GC Worker Other (ms): Min: 0.0, Avg: 0.0, Max: 0.0, Diff: 0.0, Sum: 0.1]
      [GC Worker Total (ms): Min: 0.3, Avg: 0.5, Max: 0.6, Diff: 0.3, Sum: 3.2]
      [GC Worker End (ms): Min: 581855.7, Avg: 581855.7, Max: 581855.7, Diff: 0.0]
   [Code Root Fixup: 0.0 ms]
   [Code Root Purge: 0.0 ms]
   [Clear CT: 0.2 ms]
   [Other: 0.5 ms]
      [Choose CSet: 0.0 ms]
      [Ref Proc: 0.1 ms]
      [Ref Enq: 0.0 ms]
      [Redirty Cards: 0.1 ms]
      [Humongous Register: 0.0 ms]
      [Humongous Reclaim: 0.0 ms]
      [Free CSet: 0.2 ms]
   [Eden: 612.0M(612.0M)->0.0B(612.0M) Survivors: 2048.0K->2048.0K Heap: 618.4M(1024.0M)->6553.2K(1024.0M)]
 [Times: user=0.00 sys=0.00, real=0.00 secs] 
2024-10-11T08:43:21.474+0300: 581.857: Total time for which application threads were stopped: 0.0017574 seconds, Stopping threads took: 0.0002097 seconds
2024-10-11T08:43:23.532+0300: 583.905: Application time: 2.0483238 seconds
2024-10-11T08:43:23.532+0300: 583.905: [GC pause (G1 Evacuation Pause) (young), 0.0014847 secs]
   [Parallel Time: 0.7 ms, GC Workers: 6]
      [GC Worker Start (ms): Min: 583905.1, Avg: 583905.1, Max: 583905.2, Diff: 0.1]
      [Ext Root Scanning (ms): Min: 0.2, Avg: 0.3, Max: 0.3, Diff: 0.1, Sum: 1.5]
      [Update RS (ms): Min: 0.0, Avg: 0.0, Max: 0.0, Diff: 0.0, Sum: 0.1]
         [Processed Buffers: Min: 0, Avg: 1.2, Max: 3, Diff: 3, Sum: 7]
      [Scan RS (ms): Min: 0.1, Avg: 0.1, Max: 0.1, Diff: 0.0, Sum: 0.6]
      [Code Root Scanning (ms): Min: 0.0, Avg: 0.0, Max: 0.0, Diff: 0.0, Sum: 0.0]
      [Object Copy (ms): Min: 0.1, Avg: 0.1, Max: 0.2, Diff: 0.0, Sum: 0.8]
      [Termination (ms): Min: 0.0, Avg: 0.0, Max: 0.0, Diff: 0.0, Sum: 0.1]
         [Termination Attempts: Min: 1, Avg: 1.0, Max: 1, Diff: 0, Sum: 6]
      [GC Worker Other (ms): Min: 0.0, Avg: 0.0, Max: 0.1, Diff: 0.0, Sum: 0.2]
      [GC Worker Total (ms): Min: 0.5, Avg: 0.6, Max: 0.6, Diff: 0.1, Sum: 3.4]
      [GC Worker End (ms): Min: 583905.7, Avg: 583905.7, Max: 583905.7, Diff: 0.0]
   [Code Root Fixup: 0.0 ms]
   [Code Root Purge: 0.0 ms]
   [Clear CT: 0.2 ms]
   [Other: 0.7 ms]
      [Choose CSet: 0.0 ms]
      [Ref Proc: 0.1 ms]
      [Ref Enq: 0.0 ms]
      [Redirty Cards: 0.1 ms]
      [Humongous Register: 0.0 ms]
      [Humongous Reclaim: 0.0 ms]
      [Free CSet: 0.3 ms]
   [Eden: 612.0M(612.0M)->0.0B(612.0M) Survivors: 2048.0K->2048.0K Heap: 618.4M(1024.0M)->6646.2K(1024.0M)]
 [Times: user=0.00 sys=0.00, real=0.00 secs] 
2024-10-11T08:43:23.532+0300: 583.907: Total time for which application threads were stopped: 0.0018152 seconds, Stopping threads took: 0.0001579 seconds
2024-10-11T08:43:25.572+0300: 585.954: Application time: 2.0472845 seconds
2024-10-11T08:43:25.572+0300: 585.954: [GC pause (G1 Evacuation Pause) (young), 0.0014652 secs]
   [Parallel Time: 0.7 ms, GC Workers: 6]
      [GC Worker Start (ms): Min: 585954.3, Avg: 585954.3, Max: 585954.6, Diff: 0.3]
      [Ext Root Scanning (ms): Min: 0.0, Avg: 0.2, Max: 0.3, Diff: 0.3, Sum: 1.4]
      [Update RS (ms): Min: 0.0, Avg: 0.0, Max: 0.0, Diff: 0.0, Sum: 0.1]
         [Processed Buffers: Min: 0, Avg: 0.8, Max: 2, Diff: 2, Sum: 5]
      [Scan RS (ms): Min: 0.1, Avg: 0.1, Max: 0.1, Diff: 0.0, Sum: 0.6]
      [Code Root Scanning (ms): Min: 0.0, Avg: 0.0, Max: 0.0, Diff: 0.0, Sum: 0.0]
      [Object Copy (ms): Min: 0.1, Avg: 0.1, Max: 0.2, Diff: 0.1, Sum: 0.9]
      [Termination (ms): Min: 0.0, Avg: 0.0, Max: 0.0, Diff: 0.0, Sum: 0.1]
         [Termination Attempts: Min: 1, Avg: 1.0, Max: 1, Diff: 0, Sum: 6]
      [GC Worker Other (ms): Min: 0.0, Avg: 0.0, Max: 0.0, Diff: 0.0, Sum: 0.1]
      [GC Worker Total (ms): Min: 0.3, Avg: 0.5, Max: 0.6, Diff: 0.3, Sum: 3.2]
      [GC Worker End (ms): Min: 585954.9, Avg: 585954.9, Max: 585954.9, Diff: 0.0]
   [Code Root Fixup: 0.0 ms]
   [Code Root Purge: 0.0 ms]
   [Clear CT: 0.2 ms]
   [Other: 0.6 ms]
      [Choose CSet: 0.0 ms]
      [Ref Proc: 0.1 ms]
      [Ref Enq: 0.0 ms]
      [Redirty Cards: 0.1 ms]
      [Humongous Register: 0.0 ms]
      [Humongous Reclaim: 0.0 ms]
      [Free CSet: 0.3 ms]
   [Eden: 612.0M(612.0M)->0.0B(612.0M) Survivors: 2048.0K->2048.0K Heap: 618.5M(1024.0M)->6559.8K(1024.0M)]
 [Times: user=0.00 sys=0.00, real=0.00 secs] 
2024-10-11T08:43:25.572+0300: 585.956: Total time for which application threads were stopped: 0.0018302 seconds, Stopping threads took: 0.0001762 seconds
2024-10-11T08:43:27.626+0300: 588.005: Application time: 2.0492032 seconds
2024-10-11T08:43:27.626+0300: 588.005: [GC pause (G1 Evacuation Pause) (young), 0.0014263 secs]
   [Parallel Time: 0.7 ms, GC Workers: 6]
      [GC Worker Start (ms): Min: 588005.3, Avg: 588005.3, Max: 588005.4, Diff: 0.1]
      [Ext Root Scanning (ms): Min: 0.2, Avg: 0.3, Max: 0.3, Diff: 0.1, Sum: 1.6]
      [Update RS (ms): Min: 0.0, Avg: 0.0, Max: 0.0, Diff: 0.0, Sum: 0.1]
         [Processed Buffers: Min: 0, Avg: 1.0, Max: 3, Diff: 3, Sum: 6]
      [Scan RS (ms): Min: 0.1, Avg: 0.1, Max: 0.1, Diff: 0.0, Sum: 0.5]
      [Code Root Scanning (ms): Min: 0.0, Avg: 0.0, Max: 0.0, Diff: 0.0, Sum: 0.0]
      [Object Copy (ms): Min: 0.1, Avg: 0.1, Max: 0.2, Diff: 0.0, Sum: 0.9]
      [Termination (ms): Min: 0.0, Avg: 0.0, Max: 0.0, Diff: 0.0, Sum: 0.1]
         [Termination Attempts: Min: 1, Avg: 1.3, Max: 3, Diff: 2, Sum: 8]
      [GC Worker Other (ms): Min: 0.0, Avg: 0.0, Max: 0.0, Diff: 0.0, Sum: 0.1]
      [GC Worker Total (ms): Min: 0.5, Avg: 0.5, Max: 0.6, Diff: 0.1, Sum: 3.3]
      [GC Worker End (ms): Min: 588005.9, Avg: 588005.9, Max: 588005.9, Diff: 0.0]
   [Code Root Fixup: 0.0 ms]
   [Code Root Purge: 0.0 ms]
   [Clear CT: 0.2 ms]
   [Other: 0.6 ms]
      [Choose CSet: 0.0 ms]
      [Ref Proc: 0.1 ms]
      [Ref Enq: 0.0 ms]
      [Redirty Cards: 0.1 ms]
      [Humongous Register: 0.0 ms]
      [Humongous Reclaim: 0.0 ms]
      [Free CSet: 0.3 ms]
   [Eden: 612.0M(612.0M)->0.0B(612.0M) Survivors: 2048.0K->2048.0K Heap: 618.4M(1024.0M)->6659.9K(1024.0M)]
 [Times: user=0.00 sys=0.00, real=0.00 secs] 
2024-10-11T08:43:27.626+0300: 588.007: Total time for which application threads were stopped: 0.0017842 seconds, Stopping threads took: 0.0001861 seconds
2024-10-11T08:43:29.666+0300: 590.050: Application time: 2.0434036 seconds
2024-10-11T08:43:29.666+0300: 590.050: [GC pause (G1 Evacuation Pause) (young), 0.0014969 secs]
   [Parallel Time: 0.7 ms, GC Workers: 6]
      [GC Worker Start (ms): Min: 590050.5, Avg: 590050.5, Max: 590050.5, Diff: 0.1]
      [Ext Root Scanning (ms): Min: 0.2, Avg: 0.3, Max: 0.5, Diff: 0.3, Sum: 1.9]
      [Update RS (ms): Min: 0.0, Avg: 0.0, Max: 0.0, Diff: 0.0, Sum: 0.1]
         [Processed Buffers: Min: 0, Avg: 0.8, Max: 2, Diff: 2, Sum: 5]
      [Scan RS (ms): Min: 0.0, Avg: 0.1, Max: 0.1, Diff: 0.1, Sum: 0.6]
      [Code Root Scanning (ms): Min: 0.0, Avg: 0.0, Max: 0.0, Diff: 0.0, Sum: 0.0]
      [Object Copy (ms): Min: 0.0, Avg: 0.1, Max: 0.2, Diff: 0.1, Sum: 0.8]
      [Termination (ms): Min: 0.0, Avg: 0.0, Max: 0.1, Diff: 0.1, Sum: 0.2]
         [Termination Attempts: Min: 1, Avg: 1.7, Max: 2, Diff: 1, Sum: 10]
      [GC Worker Other (ms): Min: 0.0, Avg: 0.0, Max: 0.0, Diff: 0.0, Sum: 0.1]
      [GC Worker Total (ms): Min: 0.6, Avg: 0.6, Max: 0.6, Diff: 0.1, Sum: 3.6]
      [GC Worker End (ms): Min: 590051.1, Avg: 590051.1, Max: 590051.1, Diff: 0.0]
   [Code Root Fixup: 0.0 ms]
   [Code Root Purge: 0.0 ms]
   [Clear CT: 0.2 ms]
   [Other: 0.6 ms]
      [Choose CSet: 0.0 ms]
      [Ref Proc: 0.1 ms]
      [Ref Enq: 0.0 ms]
      [Redirty Cards: 0.1 ms]
      [Humongous Register: 0.0 ms]
      [Humongous Reclaim: 0.0 ms]
      [Free CSet: 0.3 ms]
   [Eden: 612.0M(612.0M)->0.0B(612.0M) Survivors: 2048.0K->2048.0K Heap: 618.5M(1024.0M)->6696.2K(1024.0M)]
 [Times: user=0.00 sys=0.00, real=0.00 secs] 
2024-10-11T08:43:29.666+0300: 590.052: Total time for which application threads were stopped: 0.0018314 seconds, Stopping threads took: 0.0001495 seconds
2024-10-11T08:43:31.737+0300: 592.120: Application time: 2.0676724 seconds
2024-10-11T08:43:31.737+0300: 592.120: [GC pause (G1 Evacuation Pause) (young), 0.0014311 secs]
   [Parallel Time: 0.6 ms, GC Workers: 6]
      [GC Worker Start (ms): Min: 592120.0, Avg: 592120.0, Max: 592120.3, Diff: 0.3]
      [Ext Root Scanning (ms): Min: 0.0, Avg: 0.2, Max: 0.3, Diff: 0.3, Sum: 1.4]
      [Update RS (ms): Min: 0.0, Avg: 0.0, Max: 0.0, Diff: 0.0, Sum: 0.1]
         [Processed Buffers: Min: 0, Avg: 0.8, Max: 2, Diff: 2, Sum: 5]
      [Scan RS (ms): Min: 0.1, Avg: 0.1, Max: 0.1, Diff: 0.0, Sum: 0.6]
      [Code Root Scanning (ms): Min: 0.0, Avg: 0.0, Max: 0.0, Diff: 0.0, Sum: 0.0]
      [Object Copy (ms): Min: 0.1, Avg: 0.1, Max: 0.2, Diff: 0.1, Sum: 0.8]
      [Termination (ms): Min: 0.0, Avg: 0.0, Max: 0.0, Diff: 0.0, Sum: 0.1]
         [Termination Attempts: Min: 1, Avg: 1.3, Max: 3, Diff: 2, Sum: 8]
      [GC Worker Other (ms): Min: 0.0, Avg: 0.0, Max: 0.0, Diff: 0.0, Sum: 0.1]
      [GC Worker Total (ms): Min: 0.3, Avg: 0.5, Max: 0.6, Diff: 0.3, Sum: 3.1]
      [GC Worker End (ms): Min: 592120.5, Avg: 592120.5, Max: 592120.5, Diff: 0.0]
   [Code Root Fixup: 0.0 ms]
   [Code Root Purge: 0.0 ms]
   [Clear CT: 0.2 ms]
   [Other: 0.6 ms]
      [Choose CSet: 0.0 ms]
      [Ref Proc: 0.2 ms]
      [Ref Enq: 0.0 ms]
      [Redirty Cards: 0.1 ms]
      [Humongous Register: 0.0 ms]
      [Humongous Reclaim: 0.0 ms]
      [Free CSet: 0.3 ms]
   [Eden: 612.0M(612.0M)->0.0B(612.0M) Survivors: 2048.0K->2048.0K Heap: 618.5M(1024.0M)->6666.3K(1024.0M)]
 [Times: user=0.00 sys=0.00, real=0.00 secs] 
2024-10-11T08:43:31.737+0300: 592.121: Total time for which application threads were stopped: 0.0017373 seconds, Stopping threads took: 0.0001402 seconds
2024-10-11T08:43:33.776+0300: 594.163: Application time: 2.0413797 seconds
2024-10-11T08:43:33.776+0300: 594.163: [GC pause (G1 Evacuation Pause) (young), 0.0014603 secs]
   [Parallel Time: 0.6 ms, GC Workers: 6]
      [GC Worker Start (ms): Min: 594163.1, Avg: 594163.1, Max: 594163.1, Diff: 0.1]
      [Ext Root Scanning (ms): Min: 0.2, Avg: 0.3, Max: 0.3, Diff: 0.1, Sum: 1.5]
      [Update RS (ms): Min: 0.0, Avg: 0.0, Max: 0.0, Diff: 0.0, Sum: 0.1]
         [Processed Buffers: Min: 0, Avg: 1.0, Max: 3, Diff: 3, Sum: 6]
      [Scan RS (ms): Min: 0.1, Avg: 0.1, Max: 0.1, Diff: 0.0, Sum: 0.6]
      [Code Root Scanning (ms): Min: 0.0, Avg: 0.0, Max: 0.0, Diff: 0.0, Sum: 0.0]
      [Object Copy (ms): Min: 0.1, Avg: 0.1, Max: 0.2, Diff: 0.1, Sum: 0.8]
      [Termination (ms): Min: 0.0, Avg: 0.0, Max: 0.0, Diff: 0.0, Sum: 0.1]
         [Termination Attempts: Min: 1, Avg: 1.0, Max: 1, Diff: 0, Sum: 6]
      [GC Worker Other (ms): Min: 0.0, Avg: 0.0, Max: 0.0, Diff: 0.0, Sum: 0.1]
      [GC Worker Total (ms): Min: 0.5, Avg: 0.5, Max: 0.6, Diff: 0.1, Sum: 3.3]
      [GC Worker End (ms): Min: 594163.7, Avg: 594163.7, Max: 594163.7, Diff: 0.0]
   [Code Root Fixup: 0.0 ms]
   [Code Root Purge: 0.0 ms]
   [Clear CT: 0.2 ms]
   [Other: 0.7 ms]
      [Choose CSet: 0.0 ms]
      [Ref Proc: 0.1 ms]
      [Ref Enq: 0.0 ms]
      [Redirty Cards: 0.1 ms]
      [Humongous Register: 0.0 ms]
      [Humongous Reclaim: 0.0 ms]
      [Free CSet: 0.3 ms]
   [Eden: 612.0M(612.0M)->0.0B(612.0M) Survivors: 2048.0K->2048.0K Heap: 618.5M(1024.0M)->6859.7K(1024.0M)]
 [Times: user=0.02 sys=0.00, real=0.02 secs] 
2024-10-11T08:43:33.792+0300: 594.165: Total time for which application threads were stopped: 0.0018126 seconds, Stopping threads took: 0.0001696 seconds
2024-10-11T08:43:35.835+0300: 596.208: Application time: 2.0429383 seconds
2024-10-11T08:43:35.835+0300: 596.208: [GC pause (G1 Evacuation Pause) (young), 0.0013680 secs]
   [Parallel Time: 0.6 ms, GC Workers: 6]
      [GC Worker Start (ms): Min: 596207.9, Avg: 596207.9, Max: 596207.9, Diff: 0.1]
      [Ext Root Scanning (ms): Min: 0.2, Avg: 0.3, Max: 0.3, Diff: 0.1, Sum: 1.5]
      [Update RS (ms): Min: 0.0, Avg: 0.0, Max: 0.0, Diff: 0.0, Sum: 0.1]
         [Processed Buffers: Min: 0, Avg: 0.8, Max: 2, Diff: 2, Sum: 5]
      [Scan RS (ms): Min: 0.1, Avg: 0.1, Max: 0.1, Diff: 0.0, Sum: 0.6]
      [Code Root Scanning (ms): Min: 0.0, Avg: 0.0, Max: 0.0, Diff: 0.0, Sum: 0.0]
      [Object Copy (ms): Min: 0.1, Avg: 0.1, Max: 0.2, Diff: 0.1, Sum: 0.8]
      [Termination (ms): Min: 0.0, Avg: 0.0, Max: 0.0, Diff: 0.0, Sum: 0.0]
         [Termination Attempts: Min: 1, Avg: 1.0, Max: 1, Diff: 0, Sum: 6]
      [GC Worker Other (ms): Min: 0.0, Avg: 0.0, Max: 0.0, Diff: 0.0, Sum: 0.2]
      [GC Worker Total (ms): Min: 0.5, Avg: 0.5, Max: 0.6, Diff: 0.1, Sum: 3.2]
      [GC Worker End (ms): Min: 596208.4, Avg: 596208.4, Max: 596208.4, Diff: 0.0]
   [Code Root Fixup: 0.0 ms]
   [Code Root Purge: 0.0 ms]
   [Clear CT: 0.2 ms]
   [Other: 0.6 ms]
      [Choose CSet: 0.0 ms]
      [Ref Proc: 0.1 ms]
      [Ref Enq: 0.0 ms]
      [Redirty Cards: 0.1 ms]
      [Humongous Register: 0.0 ms]
      [Humongous Reclaim: 0.0 ms]
      [Free CSet: 0.3 ms]
   [Eden: 612.0M(612.0M)->0.0B(612.0M) Survivors: 2048.0K->2048.0K Heap: 618.7M(1024.0M)->6544.3K(1024.0M)]
 [Times: user=0.02 sys=0.00, real=0.00 secs] 
2024-10-11T08:43:35.835+0300: 596.209: Total time for which application threads were stopped: 0.0017243 seconds, Stopping threads took: 0.0001605 seconds
2024-10-11T08:43:37.872+0300: 598.253: Application time: 2.0432325 seconds
2024-10-11T08:43:37.872+0300: 598.253: [GC pause (G1 Evacuation Pause) (young), 0.0014368 secs]
   [Parallel Time: 0.6 ms, GC Workers: 6]
      [GC Worker Start (ms): Min: 598252.8, Avg: 598252.8, Max: 598252.9, Diff: 0.1]
      [Ext Root Scanning (ms): Min: 0.2, Avg: 0.2, Max: 0.3, Diff: 0.1, Sum: 1.4]
      [Update RS (ms): Min: 0.0, Avg: 0.0, Max: 0.0, Diff: 0.0, Sum: 0.1]
         [Processed Buffers: Min: 0, Avg: 0.8, Max: 2, Diff: 2, Sum: 5]
      [Scan RS (ms): Min: 0.1, Avg: 0.1, Max: 0.1, Diff: 0.0, Sum: 0.6]
      [Code Root Scanning (ms): Min: 0.0, Avg: 0.0, Max: 0.0, Diff: 0.0, Sum: 0.0]
      [Object Copy (ms): Min: 0.1, Avg: 0.1, Max: 0.2, Diff: 0.1, Sum: 0.8]
      [Termination (ms): Min: 0.0, Avg: 0.0, Max: 0.0, Diff: 0.0, Sum: 0.1]
         [Termination Attempts: Min: 1, Avg: 1.2, Max: 2, Diff: 1, Sum: 7]
      [GC Worker Other (ms): Min: 0.0, Avg: 0.0, Max: 0.0, Diff: 0.0, Sum: 0.1]
      [GC Worker Total (ms): Min: 0.4, Avg: 0.5, Max: 0.6, Diff: 0.1, Sum: 3.1]
      [GC Worker End (ms): Min: 598253.3, Avg: 598253.3, Max: 598253.3, Diff: 0.0]
   [Code Root Fixup: 0.0 ms]
   [Code Root Purge: 0.0 ms]
   [Clear CT: 0.2 ms]
   [Other: 0.6 ms]
      [Choose CSet: 0.0 ms]
      [Ref Proc: 0.1 ms]
      [Ref Enq: 0.0 ms]
      [Redirty Cards: 0.1 ms]
      [Humongous Register: 0.0 ms]
      [Humongous Reclaim: 0.0 ms]
      [Free CSet: 0.3 ms]
   [Eden: 612.0M(612.0M)->0.0B(612.0M) Survivors: 2048.0K->2048.0K Heap: 618.4M(1024.0M)->6545.7K(1024.0M)]
 [Times: user=0.00 sys=0.00, real=0.00 secs] 
2024-10-11T08:43:37.872+0300: 598.254: Total time for which application threads were stopped: 0.0017475 seconds, Stopping threads took: 0.0001082 seconds
2024-10-11T08:43:39.928+0300: 600.300: Application time: 2.0453343 seconds
2024-10-11T08:43:39.928+0300: 600.300: [GC pause (G1 Evacuation Pause) (young), 0.0015142 secs]
   [Parallel Time: 0.6 ms, GC Workers: 6]
      [GC Worker Start (ms): Min: 600299.9, Avg: 600299.9, Max: 600299.9, Diff: 0.0]
      [Ext Root Scanning (ms): Min: 0.2, Avg: 0.3, Max: 0.3, Diff: 0.0, Sum: 1.5]
      [Update RS (ms): Min: 0.0, Avg: 0.0, Max: 0.0, Diff: 0.0, Sum: 0.1]
         [Processed Buffers: Min: 0, Avg: 0.8, Max: 2, Diff: 2, Sum: 5]
      [Scan RS (ms): Min: 0.1, Avg: 0.1, Max: 0.1, Diff: 0.0, Sum: 0.6]
      [Code Root Scanning (ms): Min: 0.0, Avg: 0.0, Max: 0.0, Diff: 0.0, Sum: 0.0]
      [Object Copy (ms): Min: 0.1, Avg: 0.1, Max: 0.1, Diff: 0.0, Sum: 0.8]
      [Termination (ms): Min: 0.0, Avg: 0.0, Max: 0.0, Diff: 0.0, Sum: 0.0]
         [Termination Attempts: Min: 1, Avg: 1.0, Max: 1, Diff: 0, Sum: 6]
      [GC Worker Other (ms): Min: 0.0, Avg: 0.0, Max: 0.0, Diff: 0.0, Sum: 0.2]
      [GC Worker Total (ms): Min: 0.5, Avg: 0.5, Max: 0.6, Diff: 0.1, Sum: 3.1]
      [GC Worker End (ms): Min: 600300.4, Avg: 600300.4, Max: 600300.5, Diff: 0.0]
   [Code Root Fixup: 0.0 ms]
   [Code Root Purge: 0.0 ms]
   [Clear CT: 0.2 ms]
   [Other: 0.7 ms]
      [Choose CSet: 0.0 ms]
      [Ref Proc: 0.1 ms]
      [Ref Enq: 0.0 ms]
      [Redirty Cards: 0.1 ms]
      [Humongous Register: 0.0 ms]
      [Humongous Reclaim: 0.0 ms]
      [Free CSet: 0.3 ms]
   [Eden: 612.0M(612.0M)->0.0B(612.0M) Survivors: 2048.0K->2048.0K Heap: 618.4M(1024.0M)->6665.4K(1024.0M)]
 [Times: user=0.00 sys=0.00, real=0.00 secs] 
2024-10-11T08:43:39.928+0300: 600.301: Total time for which application threads were stopped: 0.0018489 seconds, Stopping threads took: 0.0001292 seconds
2024-10-11T08:43:41.982+0300: 602.360: Application time: 2.0581142 seconds
2024-10-11T08:43:41.982+0300: 602.360: [GC pause (G1 Evacuation Pause) (young), 0.0015364 secs]
   [Parallel Time: 0.6 ms, GC Workers: 6]
      [GC Worker Start (ms): Min: 602359.9, Avg: 602359.9, Max: 602359.9, Diff: 0.0]
      [Ext Root Scanning (ms): Min: 0.2, Avg: 0.2, Max: 0.3, Diff: 0.0, Sum: 1.5]
      [Update RS (ms): Min: 0.0, Avg: 0.0, Max: 0.0, Diff: 0.0, Sum: 0.1]
         [Processed Buffers: Min: 0, Avg: 0.8, Max: 2, Diff: 2, Sum: 5]
      [Scan RS (ms): Min: 0.1, Avg: 0.1, Max: 0.1, Diff: 0.0, Sum: 0.6]
      [Code Root Scanning (ms): Min: 0.0, Avg: 0.0, Max: 0.0, Diff: 0.0, Sum: 0.0]
      [Object Copy (ms): Min: 0.1, Avg: 0.1, Max: 0.2, Diff: 0.0, Sum: 0.9]
      [Termination (ms): Min: 0.0, Avg: 0.0, Max: 0.0, Diff: 0.0, Sum: 0.0]
         [Termination Attempts: Min: 1, Avg: 1.0, Max: 1, Diff: 0, Sum: 6]
      [GC Worker Other (ms): Min: 0.0, Avg: 0.0, Max: 0.1, Diff: 0.0, Sum: 0.2]
      [GC Worker Total (ms): Min: 0.5, Avg: 0.5, Max: 0.6, Diff: 0.1, Sum: 3.1]
      [GC Worker End (ms): Min: 602360.4, Avg: 602360.4, Max: 602360.4, Diff: 0.0]
   [Code Root Fixup: 0.0 ms]
   [Code Root Purge: 0.0 ms]
   [Clear CT: 0.2 ms]
   [Other: 0.7 ms]
      [Choose CSet: 0.0 ms]
      [Ref Proc: 0.2 ms]
      [Ref Enq: 0.0 ms]
      [Redirty Cards: 0.1 ms]
      [Humongous Register: 0.0 ms]
      [Humongous Reclaim: 0.0 ms]
      [Free CSet: 0.3 ms]
   [Eden: 612.0M(612.0M)->0.0B(612.0M) Survivors: 2048.0K->2048.0K Heap: 618.5M(1024.0M)->6575.5K(1024.0M)]
 [Times: user=0.00 sys=0.00, real=0.00 secs] 
2024-10-11T08:43:41.982+0300: 602.361: Total time for which application threads were stopped: 0.0018678 seconds, Stopping threads took: 0.0001300 seconds
2024-10-11T08:43:44.050+0300: 604.425: Application time: 2.0633625 seconds
2024-10-11T08:43:44.050+0300: 604.425: [GC pause (G1 Evacuation Pause) (young), 0.0015605 secs]
   [Parallel Time: 0.6 ms, GC Workers: 6]
      [GC Worker Start (ms): Min: 604425.1, Avg: 604425.1, Max: 604425.1, Diff: 0.0]
      [Ext Root Scanning (ms): Min: 0.2, Avg: 0.2, Max: 0.3, Diff: 0.0, Sum: 1.5]
      [Update RS (ms): Min: 0.0, Avg: 0.0, Max: 0.0, Diff: 0.0, Sum: 0.1]
         [Processed Buffers: Min: 0, Avg: 0.8, Max: 3, Diff: 3, Sum: 5]
      [Scan RS (ms): Min: 0.1, Avg: 0.1, Max: 0.1, Diff: 0.0, Sum: 0.6]
      [Code Root Scanning (ms): Min: 0.0, Avg: 0.0, Max: 0.0, Diff: 0.0, Sum: 0.0]
      [Object Copy (ms): Min: 0.1, Avg: 0.1, Max: 0.2, Diff: 0.1, Sum: 0.8]
      [Termination (ms): Min: 0.0, Avg: 0.0, Max: 0.0, Diff: 0.0, Sum: 0.1]
         [Termination Attempts: Min: 1, Avg: 1.0, Max: 1, Diff: 0, Sum: 6]
      [GC Worker Other (ms): Min: 0.0, Avg: 0.0, Max: 0.0, Diff: 0.0, Sum: 0.1]
      [GC Worker Total (ms): Min: 0.5, Avg: 0.5, Max: 0.6, Diff: 0.1, Sum: 3.2]
      [GC Worker End (ms): Min: 604425.6, Avg: 604425.6, Max: 604425.7, Diff: 0.0]
   [Code Root Fixup: 0.0 ms]
   [Code Root Purge: 0.0 ms]
   [Clear CT: 0.2 ms]
   [Other: 0.7 ms]
      [Choose CSet: 0.0 ms]
      [Ref Proc: 0.1 ms]
      [Ref Enq: 0.0 ms]
      [Redirty Cards: 0.1 ms]
      [Humongous Register: 0.0 ms]
      [Humongous Reclaim: 0.0 ms]
      [Free CSet: 0.3 ms]
   [Eden: 612.0M(612.0M)->0.0B(612.0M) Survivors: 2048.0K->2048.0K Heap: 618.4M(1024.0M)->6706.1K(1024.0M)]
 [Times: user=0.00 sys=0.00, real=0.01 secs] 
2024-10-11T08:43:44.055+0300: 604.427: Total time for which application threads were stopped: 0.0018801 seconds, Stopping threads took: 0.0001074 seconds
2024-10-11T08:43:46.125+0300: 606.505: Application time: 2.0781360 seconds
2024-10-11T08:43:46.125+0300: 606.505: [GC pause (G1 Evacuation Pause) (young), 0.0013537 secs]
   [Parallel Time: 0.6 ms, GC Workers: 6]
      [GC Worker Start (ms): Min: 606505.1, Avg: 606505.1, Max: 606505.1, Diff: 0.0]
      [Ext Root Scanning (ms): Min: 0.2, Avg: 0.2, Max: 0.3, Diff: 0.1, Sum: 1.4]
      [Update RS (ms): Min: 0.0, Avg: 0.0, Max: 0.0, Diff: 0.0, Sum: 0.1]
         [Processed Buffers: Min: 0, Avg: 0.8, Max: 1, Diff: 1, Sum: 5]
      [Scan RS (ms): Min: 0.1, Avg: 0.1, Max: 0.1, Diff: 0.0, Sum: 0.6]
      [Code Root Scanning (ms): Min: 0.0, Avg: 0.0, Max: 0.0, Diff: 0.0, Sum: 0.0]
      [Object Copy (ms): Min: 0.1, Avg: 0.1, Max: 0.1, Diff: 0.0, Sum: 0.7]
      [Termination (ms): Min: 0.0, Avg: 0.0, Max: 0.0, Diff: 0.0, Sum: 0.1]
         [Termination Attempts: Min: 1, Avg: 1.0, Max: 1, Diff: 0, Sum: 6]
      [GC Worker Other (ms): Min: 0.0, Avg: 0.0, Max: 0.0, Diff: 0.0, Sum: 0.1]
      [GC Worker Total (ms): Min: 0.5, Avg: 0.5, Max: 0.5, Diff: 0.0, Sum: 2.9]
      [GC Worker End (ms): Min: 606505.6, Avg: 606505.6, Max: 606505.6, Diff: 0.0]
   [Code Root Fixup: 0.0 ms]
   [Code Root Purge: 0.0 ms]
   [Clear CT: 0.2 ms]
   [Other: 0.6 ms]
      [Choose CSet: 0.0 ms]
      [Ref Proc: 0.1 ms]
      [Ref Enq: 0.0 ms]
      [Redirty Cards: 0.1 ms]
      [Humongous Register: 0.0 ms]
      [Humongous Reclaim: 0.0 ms]
      [Free CSet: 0.2 ms]
   [Eden: 612.0M(612.0M)->0.0B(612.0M) Survivors: 2048.0K->2048.0K Heap: 618.5M(1024.0M)->6596.4K(1024.0M)]
 [Times: user=0.03 sys=0.00, real=0.00 secs] 
2024-10-11T08:43:46.125+0300: 606.507: Total time for which application threads were stopped: 0.0016931 seconds, Stopping threads took: 0.0001376 seconds
2024-10-11T08:43:48.181+0300: 608.565: Application time: 2.0589236 seconds
2024-10-11T08:43:48.181+0300: 608.566: [GC pause (G1 Evacuation Pause) (young), 0.0015797 secs]
   [Parallel Time: 0.7 ms, GC Workers: 6]
      [GC Worker Start (ms): Min: 608565.8, Avg: 608565.8, Max: 608565.8, Diff: 0.1]
      [Ext Root Scanning (ms): Min: 0.2, Avg: 0.2, Max: 0.3, Diff: 0.1, Sum: 1.5]
      [Update RS (ms): Min: 0.0, Avg: 0.0, Max: 0.0, Diff: 0.0, Sum: 0.1]
         [Processed Buffers: Min: 0, Avg: 0.8, Max: 1, Diff: 1, Sum: 5]
      [Scan RS (ms): Min: 0.1, Avg: 0.1, Max: 0.1, Diff: 0.0, Sum: 0.6]
      [Code Root Scanning (ms): Min: 0.0, Avg: 0.0, Max: 0.0, Diff: 0.0, Sum: 0.0]
      [Object Copy (ms): Min: 0.1, Avg: 0.1, Max: 0.2, Diff: 0.0, Sum: 0.8]
      [Termination (ms): Min: 0.0, Avg: 0.0, Max: 0.0, Diff: 0.0, Sum: 0.1]
         [Termination Attempts: Min: 1, Avg: 1.0, Max: 1, Diff: 0, Sum: 6]
      [GC Worker Other (ms): Min: 0.0, Avg: 0.0, Max: 0.0, Diff: 0.0, Sum: 0.1]
      [GC Worker Total (ms): Min: 0.5, Avg: 0.5, Max: 0.6, Diff: 0.1, Sum: 3.2]
      [GC Worker End (ms): Min: 608566.3, Avg: 608566.4, Max: 608566.4, Diff: 0.0]
   [Code Root Fixup: 0.0 ms]
   [Code Root Purge: 0.0 ms]
   [Clear CT: 0.2 ms]
   [Other: 0.7 ms]
      [Choose CSet: 0.0 ms]
      [Ref Proc: 0.2 ms]
      [Ref Enq: 0.0 ms]
      [Redirty Cards: 0.1 ms]
      [Humongous Register: 0.1 ms]
      [Humongous Reclaim: 0.0 ms]
      [Free CSet: 0.3 ms]
   [Eden: 612.0M(612.0M)->0.0B(612.0M) Survivors: 2048.0K->2048.0K Heap: 618.4M(1024.0M)->6675.8K(1024.0M)]
 [Times: user=0.00 sys=0.00, real=0.00 secs] 
2024-10-11T08:43:48.181+0300: 608.567: Total time for which application threads were stopped: 0.0019633 seconds, Stopping threads took: 0.0001708 seconds
2024-10-11T08:43:50.220+0300: 610.606: Application time: 2.0387832 seconds
2024-10-11T08:43:50.220+0300: 610.606: [GC pause (G1 Evacuation Pause) (young), 0.0014321 secs]
   [Parallel Time: 0.6 ms, GC Workers: 6]
      [GC Worker Start (ms): Min: 610606.5, Avg: 610606.5, Max: 610606.6, Diff: 0.0]
      [Ext Root Scanning (ms): Min: 0.2, Avg: 0.2, Max: 0.3, Diff: 0.0, Sum: 1.5]
      [Update RS (ms): Min: 0.0, Avg: 0.0, Max: 0.0, Diff: 0.0, Sum: 0.1]
         [Processed Buffers: Min: 0, Avg: 0.8, Max: 2, Diff: 2, Sum: 5]
      [Scan RS (ms): Min: 0.0, Avg: 0.1, Max: 0.1, Diff: 0.1, Sum: 0.5]
      [Code Root Scanning (ms): Min: 0.0, Avg: 0.0, Max: 0.0, Diff: 0.0, Sum: 0.0]
      [Object Copy (ms): Min: 0.1, Avg: 0.1, Max: 0.2, Diff: 0.1, Sum: 0.8]
      [Termination (ms): Min: 0.0, Avg: 0.0, Max: 0.0, Diff: 0.0, Sum: 0.1]
         [Termination Attempts: Min: 1, Avg: 1.0, Max: 1, Diff: 0, Sum: 6]
      [GC Worker Other (ms): Min: 0.0, Avg: 0.0, Max: 0.0, Diff: 0.0, Sum: 0.1]
      [GC Worker Total (ms): Min: 0.5, Avg: 0.5, Max: 0.6, Diff: 0.1, Sum: 3.1]
      [GC Worker End (ms): Min: 610607.0, Avg: 610607.1, Max: 610607.1, Diff: 0.0]
   [Code Root Fixup: 0.0 ms]
   [Code Root Purge: 0.0 ms]
   [Clear CT: 0.2 ms]
   [Other: 0.6 ms]
      [Choose CSet: 0.0 ms]
      [Ref Proc: 0.1 ms]
      [Ref Enq: 0.0 ms]
      [Redirty Cards: 0.1 ms]
      [Humongous Register: 0.0 ms]
      [Humongous Reclaim: 0.0 ms]
      [Free CSet: 0.3 ms]
   [Eden: 612.0M(612.0M)->0.0B(612.0M) Survivors: 2048.0K->2048.0K Heap: 618.5M(1024.0M)->6585.4K(1024.0M)]
 [Times: user=0.02 sys=0.00, real=0.01 secs] 
2024-10-11T08:43:50.235+0300: 610.608: Total time for which application threads were stopped: 0.0018038 seconds, Stopping threads took: 0.0001869 seconds
2024-10-11T08:43:52.275+0300: 612.661: Application time: 2.0527571 seconds
2024-10-11T08:43:52.275+0300: 612.661: [GC pause (G1 Evacuation Pause) (young), 0.0014354 secs]
   [Parallel Time: 0.6 ms, GC Workers: 6]
      [GC Worker Start (ms): Min: 612661.1, Avg: 612661.1, Max: 612661.2, Diff: 0.0]
      [Ext Root Scanning (ms): Min: 0.2, Avg: 0.3, Max: 0.3, Diff: 0.0, Sum: 1.5]
      [Update RS (ms): Min: 0.0, Avg: 0.0, Max: 0.0, Diff: 0.0, Sum: 0.1]
         [Processed Buffers: Min: 0, Avg: 0.8, Max: 1, Diff: 1, Sum: 5]
      [Scan RS (ms): Min: 0.1, Avg: 0.1, Max: 0.1, Diff: 0.0, Sum: 0.6]
      [Code Root Scanning (ms): Min: 0.0, Avg: 0.0, Max: 0.0, Diff: 0.0, Sum: 0.0]
      [Object Copy (ms): Min: 0.1, Avg: 0.1, Max: 0.1, Diff: 0.0, Sum: 0.7]
      [Termination (ms): Min: 0.0, Avg: 0.0, Max: 0.0, Diff: 0.0, Sum: 0.1]
         [Termination Attempts: Min: 1, Avg: 1.0, Max: 1, Diff: 0, Sum: 6]
      [GC Worker Other (ms): Min: 0.0, Avg: 0.0, Max: 0.0, Diff: 0.0, Sum: 0.1]
      [GC Worker Total (ms): Min: 0.5, Avg: 0.5, Max: 0.5, Diff: 0.1, Sum: 3.1]
      [GC Worker End (ms): Min: 612661.6, Avg: 612661.7, Max: 612661.7, Diff: 0.0]
   [Code Root Fixup: 0.0 ms]
   [Code Root Purge: 0.0 ms]
   [Clear CT: 0.2 ms]
   [Other: 0.7 ms]
      [Choose CSet: 0.0 ms]
      [Ref Proc: 0.1 ms]
      [Ref Enq: 0.0 ms]
      [Redirty Cards: 0.1 ms]
      [Humongous Register: 0.0 ms]
      [Humongous Reclaim: 0.0 ms]
      [Free CSet: 0.3 ms]
   [Eden: 612.0M(612.0M)->0.0B(612.0M) Survivors: 2048.0K->2048.0K Heap: 618.4M(1024.0M)->6588.0K(1024.0M)]
 [Times: user=0.08 sys=0.00, real=0.00 secs] 
2024-10-11T08:43:52.275+0300: 612.663: Total time for which application threads were stopped: 0.0018403 seconds, Stopping threads took: 0.0001793 seconds
2024-10-11T08:43:54.331+0300: 614.714: Application time: 2.0510729 seconds
2024-10-11T08:43:54.331+0300: 614.714: [GC pause (G1 Evacuation Pause) (young), 0.0014519 secs]
   [Parallel Time: 0.6 ms, GC Workers: 6]
      [GC Worker Start (ms): Min: 614714.0, Avg: 614714.0, Max: 614714.0, Diff: 0.0]
      [Ext Root Scanning (ms): Min: 0.2, Avg: 0.3, Max: 0.3, Diff: 0.0, Sum: 1.5]
      [Update RS (ms): Min: 0.0, Avg: 0.0, Max: 0.0, Diff: 0.0, Sum: 0.1]
         [Processed Buffers: Min: 0, Avg: 0.8, Max: 2, Diff: 2, Sum: 5]
      [Scan RS (ms): Min: 0.1, Avg: 0.1, Max: 0.1, Diff: 0.0, Sum: 0.6]
      [Code Root Scanning (ms): Min: 0.0, Avg: 0.0, Max: 0.0, Diff: 0.0, Sum: 0.0]
      [Object Copy (ms): Min: 0.1, Avg: 0.1, Max: 0.2, Diff: 0.1, Sum: 0.9]
      [Termination (ms): Min: 0.0, Avg: 0.0, Max: 0.0, Diff: 0.0, Sum: 0.1]
         [Termination Attempts: Min: 1, Avg: 1.0, Max: 1, Diff: 0, Sum: 6]
      [GC Worker Other (ms): Min: 0.0, Avg: 0.0, Max: 0.0, Diff: 0.0, Sum: 0.1]
      [GC Worker Total (ms): Min: 0.5, Avg: 0.5, Max: 0.6, Diff: 0.0, Sum: 3.3]
      [GC Worker End (ms): Min: 614714.5, Avg: 614714.5, Max: 614714.5, Diff: 0.0]
   [Code Root Fixup: 0.0 ms]
   [Code Root Purge: 0.0 ms]
   [Clear CT: 0.2 ms]
   [Other: 0.6 ms]
      [Choose CSet: 0.0 ms]
      [Ref Proc: 0.1 ms]
      [Ref Enq: 0.0 ms]
      [Redirty Cards: 0.1 ms]
      [Humongous Register: 0.0 ms]
      [Humongous Reclaim: 0.0 ms]
      [Free CSet: 0.3 ms]
   [Eden: 612.0M(612.0M)->0.0B(612.0M) Survivors: 2048.0K->2048.0K Heap: 618.4M(1024.0M)->6683.1K(1024.0M)]
 [Times: user=0.00 sys=0.00, real=0.00 secs] 
2024-10-11T08:43:54.331+0300: 614.715: Total time for which application threads were stopped: 0.0017890 seconds, Stopping threads took: 0.0001464 seconds
2024-10-11T08:43:56.402+0300: 616.782: Application time: 2.0667279 seconds
2024-10-11T08:43:56.402+0300: 616.782: [GC pause (G1 Evacuation Pause) (young), 0.0014516 secs]
   [Parallel Time: 0.6 ms, GC Workers: 6]
      [GC Worker Start (ms): Min: 616782.4, Avg: 616782.5, Max: 616782.5, Diff: 0.1]
      [Ext Root Scanning (ms): Min: 0.2, Avg: 0.2, Max: 0.3, Diff: 0.1, Sum: 1.5]
      [Update RS (ms): Min: 0.0, Avg: 0.0, Max: 0.0, Diff: 0.0, Sum: 0.1]
         [Processed Buffers: Min: 0, Avg: 1.0, Max: 2, Diff: 2, Sum: 6]
      [Scan RS (ms): Min: 0.1, Avg: 0.1, Max: 0.1, Diff: 0.0, Sum: 0.6]
      [Code Root Scanning (ms): Min: 0.0, Avg: 0.0, Max: 0.0, Diff: 0.0, Sum: 0.0]
      [Object Copy (ms): Min: 0.1, Avg: 0.1, Max: 0.1, Diff: 0.0, Sum: 0.7]
      [Termination (ms): Min: 0.0, Avg: 0.0, Max: 0.0, Diff: 0.0, Sum: 0.0]
         [Termination Attempts: Min: 1, Avg: 1.0, Max: 1, Diff: 0, Sum: 6]
      [GC Worker Other (ms): Min: 0.0, Avg: 0.0, Max: 0.0, Diff: 0.0, Sum: 0.1]
      [GC Worker Total (ms): Min: 0.5, Avg: 0.5, Max: 0.6, Diff: 0.1, Sum: 3.1]
      [GC Worker End (ms): Min: 616783.0, Avg: 616783.0, Max: 616783.0, Diff: 0.0]
   [Code Root Fixup: 0.0 ms]
   [Code Root Purge: 0.0 ms]
   [Clear CT: 0.2 ms]
   [Other: 0.6 ms]
      [Choose CSet: 0.0 ms]
      [Ref Proc: 0.2 ms]
      [Ref Enq: 0.0 ms]
      [Redirty Cards: 0.1 ms]
      [Humongous Register: 0.0 ms]
      [Humongous Reclaim: 0.0 ms]
      [Free CSet: 0.2 ms]
   [Eden: 612.0M(612.0M)->0.0B(612.0M) Survivors: 2048.0K->2048.0K Heap: 618.5M(1024.0M)->6785.2K(1024.0M)]
 [Times: user=0.00 sys=0.00, real=0.00 secs] 
2024-10-11T08:43:56.402+0300: 616.784: Total time for which application threads were stopped: 0.0017554 seconds, Stopping threads took: 0.0001201 seconds
2024-10-11T08:43:58.458+0300: 618.839: Application time: 2.0553139 seconds
2024-10-11T08:43:58.458+0300: 618.839: [GC pause (G1 Evacuation Pause) (young), 0.0014689 secs]
   [Parallel Time: 0.7 ms, GC Workers: 6]
      [GC Worker Start (ms): Min: 618839.6, Avg: 618839.6, Max: 618839.6, Diff: 0.0]
      [Ext Root Scanning (ms): Min: 0.2, Avg: 0.2, Max: 0.3, Diff: 0.1, Sum: 1.5]
      [Update RS (ms): Min: 0.0, Avg: 0.0, Max: 0.0, Diff: 0.0, Sum: 0.1]
         [Processed Buffers: Min: 0, Avg: 1.0, Max: 2, Diff: 2, Sum: 6]
      [Scan RS (ms): Min: 0.1, Avg: 0.1, Max: 0.1, Diff: 0.0, Sum: 0.6]
      [Code Root Scanning (ms): Min: 0.0, Avg: 0.0, Max: 0.0, Diff: 0.0, Sum: 0.0]
      [Object Copy (ms): Min: 0.1, Avg: 0.1, Max: 0.2, Diff: 0.0, Sum: 0.9]
      [Termination (ms): Min: 0.0, Avg: 0.0, Max: 0.0, Diff: 0.0, Sum: 0.0]
         [Termination Attempts: Min: 1, Avg: 1.0, Max: 1, Diff: 0, Sum: 6]
      [GC Worker Other (ms): Min: 0.0, Avg: 0.0, Max: 0.0, Diff: 0.0, Sum: 0.2]
      [GC Worker Total (ms): Min: 0.5, Avg: 0.5, Max: 0.6, Diff: 0.1, Sum: 3.3]
      [GC Worker End (ms): Min: 618840.1, Avg: 618840.2, Max: 618840.2, Diff: 0.0]
   [Code Root Fixup: 0.0 ms]
   [Code Root Purge: 0.0 ms]
   [Clear CT: 0.2 ms]
   [Other: 0.6 ms]
      [Choose CSet: 0.0 ms]
      [Ref Proc: 0.2 ms]
      [Ref Enq: 0.0 ms]
      [Redirty Cards: 0.1 ms]
      [Humongous Register: 0.0 ms]
      [Humongous Reclaim: 0.0 ms]
      [Free CSet: 0.3 ms]
   [Eden: 612.0M(612.0M)->0.0B(612.0M) Survivors: 2048.0K->2048.0K Heap: 618.6M(1024.0M)->6484.2K(1024.0M)]
 [Times: user=0.00 sys=0.00, real=0.00 secs] 
2024-10-11T08:43:58.458+0300: 618.841: Total time for which application threads were stopped: 0.0018181 seconds, Stopping threads took: 0.0001449 seconds
2024-10-11T08:44:00.499+0300: 620.882: Application time: 2.0406681 seconds
2024-10-11T08:44:00.499+0300: 620.882: [GC pause (G1 Evacuation Pause) (young), 0.0013684 secs]
   [Parallel Time: 0.6 ms, GC Workers: 6]
      [GC Worker Start (ms): Min: 620882.1, Avg: 620882.1, Max: 620882.4, Diff: 0.3]
      [Ext Root Scanning (ms): Min: 0.0, Avg: 0.2, Max: 0.3, Diff: 0.3, Sum: 1.3]
      [Update RS (ms): Min: 0.0, Avg: 0.0, Max: 0.0, Diff: 0.0, Sum: 0.1]
         [Processed Buffers: Min: 0, Avg: 1.0, Max: 2, Diff: 2, Sum: 6]
      [Scan RS (ms): Min: 0.0, Avg: 0.1, Max: 0.1, Diff: 0.1, Sum: 0.5]
      [Code Root Scanning (ms): Min: 0.0, Avg: 0.0, Max: 0.0, Diff: 0.0, Sum: 0.0]
      [Object Copy (ms): Min: 0.1, Avg: 0.2, Max: 0.3, Diff: 0.1, Sum: 0.9]
      [Termination (ms): Min: 0.0, Avg: 0.0, Max: 0.1, Diff: 0.1, Sum: 0.2]
         [Termination Attempts: Min: 1, Avg: 1.7, Max: 2, Diff: 1, Sum: 10]
      [GC Worker Other (ms): Min: 0.0, Avg: 0.0, Max: 0.0, Diff: 0.0, Sum: 0.1]
      [GC Worker Total (ms): Min: 0.3, Avg: 0.5, Max: 0.6, Diff: 0.3, Sum: 3.1]
      [GC Worker End (ms): Min: 620882.6, Avg: 620882.7, Max: 620882.7, Diff: 0.0]
   [Code Root Fixup: 0.0 ms]
   [Code Root Purge: 0.0 ms]
   [Clear CT: 0.2 ms]
   [Other: 0.6 ms]
      [Choose CSet: 0.0 ms]
      [Ref Proc: 0.1 ms]
      [Ref Enq: 0.0 ms]
      [Redirty Cards: 0.1 ms]
      [Humongous Register: 0.0 ms]
      [Humongous Reclaim: 0.0 ms]
      [Free CSet: 0.3 ms]
   [Eden: 612.0M(612.0M)->0.0B(612.0M) Survivors: 2048.0K->2048.0K Heap: 618.3M(1024.0M)->6697.3K(1024.0M)]
 [Times: user=0.00 sys=0.00, real=0.00 secs] 
2024-10-11T08:44:00.499+0300: 620.883: Total time for which application threads were stopped: 0.0017383 seconds, Stopping threads took: 0.0001900 seconds
2024-10-11T08:44:02.554+0300: 622.933: Application time: 2.0498312 seconds
2024-10-11T08:44:02.554+0300: 622.934: [GC pause (G1 Evacuation Pause) (young), 0.0015480 secs]
   [Parallel Time: 0.7 ms, GC Workers: 6]
      [GC Worker Start (ms): Min: 622933.7, Avg: 622933.7, Max: 622933.8, Diff: 0.1]
      [Ext Root Scanning (ms): Min: 0.2, Avg: 0.3, Max: 0.3, Diff: 0.1, Sum: 1.7]
      [Update RS (ms): Min: 0.0, Avg: 0.0, Max: 0.0, Diff: 0.0, Sum: 0.1]
         [Processed Buffers: Min: 0, Avg: 0.8, Max: 1, Diff: 1, Sum: 5]
      [Scan RS (ms): Min: 0.1, Avg: 0.1, Max: 0.1, Diff: 0.0, Sum: 0.6]
      [Code Root Scanning (ms): Min: 0.0, Avg: 0.0, Max: 0.0, Diff: 0.0, Sum: 0.0]
      [Object Copy (ms): Min: 0.1, Avg: 0.1, Max: 0.2, Diff: 0.1, Sum: 0.7]
      [Termination (ms): Min: 0.0, Avg: 0.0, Max: 0.0, Diff: 0.0, Sum: 0.1]
         [Termination Attempts: Min: 1, Avg: 1.0, Max: 1, Diff: 0, Sum: 6]
      [GC Worker Other (ms): Min: 0.0, Avg: 0.0, Max: 0.1, Diff: 0.0, Sum: 0.2]
      [GC Worker Total (ms): Min: 0.5, Avg: 0.6, Max: 0.6, Diff: 0.1, Sum: 3.3]
      [GC Worker End (ms): Min: 622934.2, Avg: 622934.3, Max: 622934.3, Diff: 0.1]
   [Code Root Fixup: 0.0 ms]
   [Code Root Purge: 0.0 ms]
   [Clear CT: 0.2 ms]
   [Other: 0.7 ms]
      [Choose CSet: 0.0 ms]
      [Ref Proc: 0.2 ms]
      [Ref Enq: 0.0 ms]
      [Redirty Cards: 0.1 ms]
      [Humongous Register: 0.0 ms]
      [Humongous Reclaim: 0.0 ms]
      [Free CSet: 0.3 ms]
   [Eden: 612.0M(612.0M)->0.0B(612.0M) Survivors: 2048.0K->2048.0K Heap: 618.5M(1024.0M)->6689.2K(1024.0M)]
 [Times: user=0.00 sys=0.00, real=0.00 secs] 
2024-10-11T08:44:02.554+0300: 622.935: Total time for which application threads were stopped: 0.0019095 seconds, Stopping threads took: 0.0001619 seconds
2024-10-11T08:44:04.608+0300: 624.986: Application time: 2.0503402 seconds
2024-10-11T08:44:04.608+0300: 624.986: [GC pause (G1 Evacuation Pause) (young), 0.0014879 secs]
   [Parallel Time: 0.7 ms, GC Workers: 6]
      [GC Worker Start (ms): Min: 624985.9, Avg: 624986.0, Max: 624986.3, Diff: 0.3]
      [Ext Root Scanning (ms): Min: 0.0, Avg: 0.2, Max: 0.3, Diff: 0.3, Sum: 1.3]
      [Update RS (ms): Min: 0.0, Avg: 0.0, Max: 0.0, Diff: 0.0, Sum: 0.1]
         [Processed Buffers: Min: 0, Avg: 0.8, Max: 2, Diff: 2, Sum: 5]
      [Scan RS (ms): Min: 0.1, Avg: 0.1, Max: 0.1, Diff: 0.0, Sum: 0.6]
      [Code Root Scanning (ms): Min: 0.0, Avg: 0.0, Max: 0.0, Diff: 0.0, Sum: 0.0]
      [Object Copy (ms): Min: 0.1, Avg: 0.1, Max: 0.2, Diff: 0.1, Sum: 0.9]
      [Termination (ms): Min: 0.0, Avg: 0.0, Max: 0.0, Diff: 0.0, Sum: 0.1]
         [Termination Attempts: Min: 1, Avg: 1.0, Max: 1, Diff: 0, Sum: 6]
      [GC Worker Other (ms): Min: 0.0, Avg: 0.0, Max: 0.0, Diff: 0.0, Sum: 0.2]
      [GC Worker Total (ms): Min: 0.3, Avg: 0.5, Max: 0.6, Diff: 0.3, Sum: 3.1]
      [GC Worker End (ms): Min: 624986.5, Avg: 624986.5, Max: 624986.6, Diff: 0.0]
   [Code Root Fixup: 0.0 ms]
   [Code Root Purge: 0.0 ms]
   [Clear CT: 0.2 ms]
   [Other: 0.6 ms]
      [Choose CSet: 0.0 ms]
      [Ref Proc: 0.1 ms]
      [Ref Enq: 0.0 ms]
      [Redirty Cards: 0.1 ms]
      [Humongous Register: 0.0 ms]
      [Humongous Reclaim: 0.0 ms]
      [Free CSet: 0.3 ms]
   [Eden: 612.0M(612.0M)->0.0B(612.0M) Survivors: 2048.0K->2048.0K Heap: 618.5M(1024.0M)->6797.0K(1024.0M)]
 [Times: user=0.00 sys=0.00, real=0.00 secs] 
2024-10-11T08:44:04.608+0300: 624.987: Total time for which application threads were stopped: 0.0019121 seconds, Stopping threads took: 0.0002455 seconds
2024-10-11T08:44:06.648+0300: 627.024: Application time: 2.0368118 seconds
2024-10-11T08:44:06.648+0300: 627.025: [GC pause (G1 Evacuation Pause) (young), 0.0013915 secs]
   [Parallel Time: 0.7 ms, GC Workers: 6]
      [GC Worker Start (ms): Min: 627024.6, Avg: 627024.7, Max: 627024.9, Diff: 0.3]
      [Ext Root Scanning (ms): Min: 0.0, Avg: 0.2, Max: 0.3, Diff: 0.3, Sum: 1.3]
      [Update RS (ms): Min: 0.0, Avg: 0.0, Max: 0.0, Diff: 0.0, Sum: 0.1]
         [Processed Buffers: Min: 0, Avg: 1.0, Max: 2, Diff: 2, Sum: 6]
      [Scan RS (ms): Min: 0.0, Avg: 0.1, Max: 0.1, Diff: 0.1, Sum: 0.6]
      [Code Root Scanning (ms): Min: 0.0, Avg: 0.0, Max: 0.0, Diff: 0.0, Sum: 0.0]
      [Object Copy (ms): Min: 0.1, Avg: 0.2, Max: 0.3, Diff: 0.2, Sum: 1.1]
      [Termination (ms): Min: 0.0, Avg: 0.0, Max: 0.1, Diff: 0.0, Sum: 0.1]
         [Termination Attempts: Min: 1, Avg: 1.7, Max: 2, Diff: 1, Sum: 10]
      [GC Worker Other (ms): Min: 0.0, Avg: 0.0, Max: 0.0, Diff: 0.0, Sum: 0.1]
      [GC Worker Total (ms): Min: 0.3, Avg: 0.6, Max: 0.6, Diff: 0.3, Sum: 3.3]
      [GC Worker End (ms): Min: 627025.2, Avg: 627025.2, Max: 627025.3, Diff: 0.0]
   [Code Root Fixup: 0.0 ms]
   [Code Root Purge: 0.0 ms]
   [Clear CT: 0.2 ms]
   [Other: 0.5 ms]
      [Choose CSet: 0.0 ms]
      [Ref Proc: 0.1 ms]
      [Ref Enq: 0.0 ms]
      [Redirty Cards: 0.1 ms]
      [Humongous Register: 0.0 ms]
      [Humongous Reclaim: 0.0 ms]
      [Free CSet: 0.2 ms]
   [Eden: 612.0M(612.0M)->0.0B(612.0M) Survivors: 2048.0K->2048.0K Heap: 618.6M(1024.0M)->6564.7K(1024.0M)]
 [Times: user=0.00 sys=0.00, real=0.00 secs] 
2024-10-11T08:44:06.648+0300: 627.026: Total time for which application threads were stopped: 0.0017508 seconds, Stopping threads took: 0.0001639 seconds
2024-10-11T08:44:08.694+0300: 629.068: Application time: 2.0419058 seconds
2024-10-11T08:44:08.694+0300: 629.068: [GC pause (G1 Evacuation Pause) (young), 0.0014006 secs]
   [Parallel Time: 0.7 ms, GC Workers: 6]
      [GC Worker Start (ms): Min: 629068.3, Avg: 629068.4, Max: 629068.4, Diff: 0.1]
      [Ext Root Scanning (ms): Min: 0.2, Avg: 0.3, Max: 0.3, Diff: 0.1, Sum: 1.6]
      [Update RS (ms): Min: 0.0, Avg: 0.0, Max: 0.0, Diff: 0.0, Sum: 0.1]
         [Processed Buffers: Min: 0, Avg: 1.0, Max: 3, Diff: 3, Sum: 6]
      [Scan RS (ms): Min: 0.1, Avg: 0.1, Max: 0.1, Diff: 0.0, Sum: 0.6]
      [Code Root Scanning (ms): Min: 0.0, Avg: 0.0, Max: 0.0, Diff: 0.0, Sum: 0.0]
      [Object Copy (ms): Min: 0.1, Avg: 0.1, Max: 0.2, Diff: 0.0, Sum: 0.9]
      [Termination (ms): Min: 0.0, Avg: 0.0, Max: 0.0, Diff: 0.0, Sum: 0.1]
         [Termination Attempts: Min: 1, Avg: 1.0, Max: 1, Diff: 0, Sum: 6]
      [GC Worker Other (ms): Min: 0.0, Avg: 0.0, Max: 0.0, Diff: 0.0, Sum: 0.1]
      [GC Worker Total (ms): Min: 0.5, Avg: 0.6, Max: 0.6, Diff: 0.1, Sum: 3.3]
      [GC Worker End (ms): Min: 629068.9, Avg: 629068.9, Max: 629068.9, Diff: 0.0]
   [Code Root Fixup: 0.0 ms]
   [Code Root Purge: 0.0 ms]
   [Clear CT: 0.2 ms]
   [Other: 0.6 ms]
      [Choose CSet: 0.0 ms]
      [Ref Proc: 0.1 ms]
      [Ref Enq: 0.0 ms]
      [Redirty Cards: 0.1 ms]
      [Humongous Register: 0.0 ms]
      [Humongous Reclaim: 0.0 ms]
      [Free CSet: 0.2 ms]
   [Eden: 612.0M(612.0M)->0.0B(612.0M) Survivors: 2048.0K->2048.0K Heap: 618.4M(1024.0M)->6667.3K(1024.0M)]
 [Times: user=0.00 sys=0.00, real=0.00 secs] 
2024-10-11T08:44:08.694+0300: 629.070: Total time for which application threads were stopped: 0.0017995 seconds, Stopping threads took: 0.0001922 seconds
2024-10-11T08:44:10.742+0300: 631.128: Application time: 2.0577631 seconds
2024-10-11T08:44:10.742+0300: 631.128: [GC pause (G1 Evacuation Pause) (young), 0.0014182 secs]
   [Parallel Time: 0.7 ms, GC Workers: 6]
      [GC Worker Start (ms): Min: 631127.8, Avg: 631127.9, Max: 631128.1, Diff: 0.3]
      [Ext Root Scanning (ms): Min: 0.0, Avg: 0.2, Max: 0.3, Diff: 0.3, Sum: 1.4]
      [Update RS (ms): Min: 0.0, Avg: 0.0, Max: 0.0, Diff: 0.0, Sum: 0.1]
         [Processed Buffers: Min: 0, Avg: 0.8, Max: 2, Diff: 2, Sum: 5]
      [Scan RS (ms): Min: 0.1, Avg: 0.1, Max: 0.1, Diff: 0.0, Sum: 0.6]
      [Code Root Scanning (ms): Min: 0.0, Avg: 0.0, Max: 0.0, Diff: 0.0, Sum: 0.0]
      [Object Copy (ms): Min: 0.1, Avg: 0.1, Max: 0.2, Diff: 0.1, Sum: 0.8]
      [Termination (ms): Min: 0.0, Avg: 0.0, Max: 0.0, Diff: 0.0, Sum: 0.0]
         [Termination Attempts: Min: 1, Avg: 1.0, Max: 1, Diff: 0, Sum: 6]
      [GC Worker Other (ms): Min: 0.0, Avg: 0.0, Max: 0.0, Diff: 0.0, Sum: 0.2]
      [GC Worker Total (ms): Min: 0.3, Avg: 0.5, Max: 0.6, Diff: 0.3, Sum: 3.1]
      [GC Worker End (ms): Min: 631128.4, Avg: 631128.4, Max: 631128.4, Diff: 0.0]
   [Code Root Fixup: 0.0 ms]
   [Code Root Purge: 0.0 ms]
   [Clear CT: 0.2 ms]
   [Other: 0.6 ms]
      [Choose CSet: 0.0 ms]
      [Ref Proc: 0.1 ms]
      [Ref Enq: 0.0 ms]
      [Redirty Cards: 0.1 ms]
      [Humongous Register: 0.0 ms]
      [Humongous Reclaim: 0.0 ms]
      [Free CSet: 0.3 ms]
   [Eden: 612.0M(612.0M)->0.0B(612.0M) Survivors: 2048.0K->2048.0K Heap: 618.5M(1024.0M)->6702.5K(1024.0M)]
 [Times: user=0.00 sys=0.00, real=0.00 secs] 
2024-10-11T08:44:10.742+0300: 631.129: Total time for which application threads were stopped: 0.0017390 seconds, Stopping threads took: 0.0001389 seconds
2024-10-11T08:44:12.782+0300: 633.164: Application time: 2.0346697 seconds
2024-10-11T08:44:12.782+0300: 633.164: [GC pause (G1 Evacuation Pause) (young), 0.0014849 secs]
   [Parallel Time: 0.7 ms, GC Workers: 6]
      [GC Worker Start (ms): Min: 633164.2, Avg: 633164.3, Max: 633164.6, Diff: 0.3]
      [Ext Root Scanning (ms): Min: 0.0, Avg: 0.2, Max: 0.3, Diff: 0.3, Sum: 1.4]
      [Update RS (ms): Min: 0.0, Avg: 0.1, Max: 0.3, Diff: 0.3, Sum: 0.3]
         [Processed Buffers: Min: 0, Avg: 1.0, Max: 2, Diff: 2, Sum: 6]
      [Scan RS (ms): Min: 0.0, Avg: 0.1, Max: 0.1, Diff: 0.1, Sum: 0.5]
      [Code Root Scanning (ms): Min: 0.0, Avg: 0.0, Max: 0.0, Diff: 0.0, Sum: 0.0]
      [Object Copy (ms): Min: 0.0, Avg: 0.1, Max: 0.2, Diff: 0.2, Sum: 0.8]
      [Termination (ms): Min: 0.0, Avg: 0.0, Max: 0.0, Diff: 0.0, Sum: 0.2]
         [Termination Attempts: Min: 1, Avg: 1.0, Max: 1, Diff: 0, Sum: 6]
      [GC Worker Other (ms): Min: 0.0, Avg: 0.0, Max: 0.0, Diff: 0.0, Sum: 0.1]
      [GC Worker Total (ms): Min: 0.3, Avg: 0.6, Max: 0.6, Diff: 0.3, Sum: 3.3]
      [GC Worker End (ms): Min: 633164.9, Avg: 633164.9, Max: 633164.9, Diff: 0.0]
   [Code Root Fixup: 0.0 ms]
   [Code Root Purge: 0.0 ms]
   [Clear CT: 0.2 ms]
   [Other: 0.6 ms]
      [Choose CSet: 0.0 ms]
      [Ref Proc: 0.1 ms]
      [Ref Enq: 0.0 ms]
      [Redirty Cards: 0.1 ms]
      [Humongous Register: 0.0 ms]
      [Humongous Reclaim: 0.0 ms]
      [Free CSet: 0.3 ms]
   [Eden: 612.0M(612.0M)->0.0B(612.0M) Survivors: 2048.0K->2048.0K Heap: 618.5M(1024.0M)->6748.3K(1024.0M)]
 [Times: user=0.00 sys=0.00, real=0.00 secs] 
2024-10-11T08:44:12.782+0300: 633.166: Total time for which application threads were stopped: 0.0018142 seconds, Stopping threads took: 0.0001388 seconds
2024-10-11T08:44:14.837+0300: 635.213: Application time: 2.0475553 seconds
2024-10-11T08:44:14.837+0300: 635.214: [GC pause (G1 Evacuation Pause) (young), 0.0014109 secs]
   [Parallel Time: 0.6 ms, GC Workers: 6]
      [GC Worker Start (ms): Min: 635213.6, Avg: 635213.7, Max: 635213.7, Diff: 0.1]
      [Ext Root Scanning (ms): Min: 0.2, Avg: 0.3, Max: 0.3, Diff: 0.1, Sum: 1.6]
      [Update RS (ms): Min: 0.0, Avg: 0.0, Max: 0.0, Diff: 0.0, Sum: 0.1]
         [Processed Buffers: Min: 0, Avg: 1.2, Max: 3, Diff: 3, Sum: 7]
      [Scan RS (ms): Min: 0.1, Avg: 0.1, Max: 0.1, Diff: 0.1, Sum: 0.6]
      [Code Root Scanning (ms): Min: 0.0, Avg: 0.0, Max: 0.0, Diff: 0.0, Sum: 0.0]
      [Object Copy (ms): Min: 0.1, Avg: 0.1, Max: 0.2, Diff: 0.1, Sum: 0.8]
      [Termination (ms): Min: 0.0, Avg: 0.0, Max: 0.0, Diff: 0.0, Sum: 0.0]
         [Termination Attempts: Min: 1, Avg: 1.0, Max: 1, Diff: 0, Sum: 6]
      [GC Worker Other (ms): Min: 0.0, Avg: 0.0, Max: 0.1, Diff: 0.0, Sum: 0.2]
      [GC Worker Total (ms): Min: 0.5, Avg: 0.5, Max: 0.6, Diff: 0.1, Sum: 3.2]
      [GC Worker End (ms): Min: 635214.2, Avg: 635214.2, Max: 635214.2, Diff: 0.0]
   [Code Root Fixup: 0.0 ms]
   [Code Root Purge: 0.0 ms]
   [Clear CT: 0.2 ms]
   [Other: 0.6 ms]
      [Choose CSet: 0.0 ms]
      [Ref Proc: 0.1 ms]
      [Ref Enq: 0.0 ms]
      [Redirty Cards: 0.1 ms]
      [Humongous Register: 0.0 ms]
      [Humongous Reclaim: 0.0 ms]
      [Free CSet: 0.3 ms]
   [Eden: 612.0M(612.0M)->0.0B(612.0M) Survivors: 2048.0K->2048.0K Heap: 618.6M(1024.0M)->6720.0K(1024.0M)]
 [Times: user=0.00 sys=0.00, real=0.00 secs] 
2024-10-11T08:44:14.837+0300: 635.215: Total time for which application threads were stopped: 0.0017699 seconds, Stopping threads took: 0.0001650 seconds
2024-10-11T08:44:16.877+0300: 637.262: Application time: 2.0467258 seconds
2024-10-11T08:44:16.877+0300: 637.262: [GC pause (G1 Evacuation Pause) (young), 0.0016565 secs]
   [Parallel Time: 0.7 ms, GC Workers: 6]
      [GC Worker Start (ms): Min: 637262.2, Avg: 637262.2, Max: 637262.4, Diff: 0.2]
      [Ext Root Scanning (ms): Min: 0.1, Avg: 0.2, Max: 0.3, Diff: 0.2, Sum: 1.4]
      [Update RS (ms): Min: 0.0, Avg: 0.0, Max: 0.0, Diff: 0.0, Sum: 0.1]
         [Processed Buffers: Min: 0, Avg: 1.0, Max: 2, Diff: 2, Sum: 6]
      [Scan RS (ms): Min: 0.1, Avg: 0.1, Max: 0.1, Diff: 0.0, Sum: 0.6]
      [Code Root Scanning (ms): Min: 0.0, Avg: 0.0, Max: 0.0, Diff: 0.0, Sum: 0.0]
      [Object Copy (ms): Min: 0.1, Avg: 0.1, Max: 0.2, Diff: 0.1, Sum: 0.8]
      [Termination (ms): Min: 0.0, Avg: 0.0, Max: 0.0, Diff: 0.0, Sum: 0.0]
         [Termination Attempts: Min: 1, Avg: 1.0, Max: 1, Diff: 0, Sum: 6]
      [GC Worker Other (ms): Min: 0.0, Avg: 0.0, Max: 0.0, Diff: 0.0, Sum: 0.2]
      [GC Worker Total (ms): Min: 0.4, Avg: 0.5, Max: 0.6, Diff: 0.1, Sum: 3.1]
      [GC Worker End (ms): Min: 637262.7, Avg: 637262.8, Max: 637262.8, Diff: 0.0]
   [Code Root Fixup: 0.0 ms]
   [Code Root Purge: 0.0 ms]
   [Clear CT: 0.2 ms]
   [Other: 0.8 ms]
      [Choose CSet: 0.0 ms]
      [Ref Proc: 0.2 ms]
      [Ref Enq: 0.0 ms]
      [Redirty Cards: 0.1 ms]
      [Humongous Register: 0.0 ms]
      [Humongous Reclaim: 0.0 ms]
      [Free CSet: 0.3 ms]
   [Eden: 612.0M(612.0M)->0.0B(612.0M) Survivors: 2048.0K->2048.0K Heap: 618.6M(1024.0M)->6643.7K(1024.0M)]
 [Times: user=0.00 sys=0.00, real=0.00 secs] 
2024-10-11T08:44:16.877+0300: 637.264: Total time for which application threads were stopped: 0.0020651 seconds, Stopping threads took: 0.0001769 seconds
2024-10-11T08:44:18.917+0300: 639.301: Application time: 2.0375487 seconds
2024-10-11T08:44:18.917+0300: 639.302: [GC pause (G1 Evacuation Pause) (young), 0.0013874 secs]
   [Parallel Time: 0.6 ms, GC Workers: 6]
      [GC Worker Start (ms): Min: 639301.8, Avg: 639301.9, Max: 639302.1, Diff: 0.3]
      [Ext Root Scanning (ms): Min: 0.0, Avg: 0.2, Max: 0.3, Diff: 0.3, Sum: 1.4]
      [Update RS (ms): Min: 0.0, Avg: 0.0, Max: 0.0, Diff: 0.0, Sum: 0.1]
         [Processed Buffers: Min: 0, Avg: 0.7, Max: 1, Diff: 1, Sum: 4]
      [Scan RS (ms): Min: 0.1, Avg: 0.1, Max: 0.1, Diff: 0.0, Sum: 0.6]
      [Code Root Scanning (ms): Min: 0.0, Avg: 0.0, Max: 0.0, Diff: 0.0, Sum: 0.0]
      [Object Copy (ms): Min: 0.1, Avg: 0.1, Max: 0.2, Diff: 0.0, Sum: 0.9]
      [Termination (ms): Min: 0.0, Avg: 0.0, Max: 0.0, Diff: 0.0, Sum: 0.1]
         [Termination Attempts: Min: 1, Avg: 1.0, Max: 1, Diff: 0, Sum: 6]
      [GC Worker Other (ms): Min: 0.0, Avg: 0.0, Max: 0.0, Diff: 0.0, Sum: 0.1]
      [GC Worker Total (ms): Min: 0.3, Avg: 0.5, Max: 0.6, Diff: 0.3, Sum: 3.1]
      [GC Worker End (ms): Min: 639302.4, Avg: 639302.4, Max: 639302.4, Diff: 0.0]
   [Code Root Fixup: 0.0 ms]
   [Code Root Purge: 0.0 ms]
   [Clear CT: 0.2 ms]
   [Other: 0.6 ms]
      [Choose CSet: 0.0 ms]
      [Ref Proc: 0.1 ms]
      [Ref Enq: 0.0 ms]
      [Redirty Cards: 0.1 ms]
      [Humongous Register: 0.0 ms]
      [Humongous Reclaim: 0.0 ms]
      [Free CSet: 0.2 ms]
   [Eden: 612.0M(612.0M)->0.0B(612.0M) Survivors: 2048.0K->2048.0K Heap: 618.5M(1024.0M)->6717.8K(1024.0M)]
 [Times: user=0.00 sys=0.00, real=0.00 secs] 
2024-10-11T08:44:18.917+0300: 639.303: Total time for which application threads were stopped: 0.0017983 seconds, Stopping threads took: 0.0002406 seconds
2024-10-11T08:44:20.972+0300: 641.347: Application time: 2.0442191 seconds
2024-10-11T08:44:20.972+0300: 641.348: [GC pause (G1 Evacuation Pause) (young), 0.0014780 secs]
   [Parallel Time: 0.6 ms, GC Workers: 6]
      [GC Worker Start (ms): Min: 641347.8, Avg: 641347.9, Max: 641347.9, Diff: 0.1]
      [Ext Root Scanning (ms): Min: 0.2, Avg: 0.2, Max: 0.3, Diff: 0.1, Sum: 1.5]
      [Update RS (ms): Min: 0.0, Avg: 0.0, Max: 0.0, Diff: 0.0, Sum: 0.1]
         [Processed Buffers: Min: 0, Avg: 0.7, Max: 1, Diff: 1, Sum: 4]
      [Scan RS (ms): Min: 0.1, Avg: 0.1, Max: 0.1, Diff: 0.0, Sum: 0.6]
      [Code Root Scanning (ms): Min: 0.0, Avg: 0.0, Max: 0.0, Diff: 0.0, Sum: 0.0]
      [Object Copy (ms): Min: 0.1, Avg: 0.1, Max: 0.1, Diff: 0.0, Sum: 0.8]
      [Termination (ms): Min: 0.0, Avg: 0.0, Max: 0.0, Diff: 0.0, Sum: 0.1]
         [Termination Attempts: Min: 1, Avg: 1.0, Max: 1, Diff: 0, Sum: 6]
      [GC Worker Other (ms): Min: 0.0, Avg: 0.0, Max: 0.0, Diff: 0.0, Sum: 0.1]
      [GC Worker Total (ms): Min: 0.5, Avg: 0.5, Max: 0.5, Diff: 0.1, Sum: 3.1]
      [GC Worker End (ms): Min: 641348.4, Avg: 641348.4, Max: 641348.4, Diff: 0.0]
   [Code Root Fixup: 0.0 ms]
   [Code Root Purge: 0.0 ms]
   [Clear CT: 0.2 ms]
   [Other: 0.7 ms]
      [Choose CSet: 0.0 ms]
      [Ref Proc: 0.2 ms]
      [Ref Enq: 0.0 ms]
      [Redirty Cards: 0.1 ms]
      [Humongous Register: 0.0 ms]
      [Humongous Reclaim: 0.0 ms]
      [Free CSet: 0.3 ms]
   [Eden: 612.0M(612.0M)->0.0B(612.0M) Survivors: 2048.0K->2048.0K Heap: 618.6M(1024.0M)->6552.6K(1024.0M)]
 [Times: user=0.00 sys=0.00, real=0.00 secs] 
2024-10-11T08:44:20.972+0300: 641.349: Total time for which application threads were stopped: 0.0018942 seconds, Stopping threads took: 0.0002100 seconds
2024-10-11T08:44:23.013+0300: 643.387: Application time: 2.0374453 seconds
2024-10-11T08:44:23.013+0300: 643.387: [GC pause (G1 Evacuation Pause) (young), 0.0014236 secs]
   [Parallel Time: 0.6 ms, GC Workers: 6]
      [GC Worker Start (ms): Min: 643387.2, Avg: 643387.2, Max: 643387.2, Diff: 0.1]
      [Ext Root Scanning (ms): Min: 0.2, Avg: 0.2, Max: 0.3, Diff: 0.1, Sum: 1.4]
      [Update RS (ms): Min: 0.0, Avg: 0.0, Max: 0.0, Diff: 0.0, Sum: 0.1]
         [Processed Buffers: Min: 0, Avg: 0.7, Max: 1, Diff: 1, Sum: 4]
      [Scan RS (ms): Min: 0.1, Avg: 0.1, Max: 0.1, Diff: 0.0, Sum: 0.6]
      [Code Root Scanning (ms): Min: 0.0, Avg: 0.0, Max: 0.0, Diff: 0.0, Sum: 0.0]
      [Object Copy (ms): Min: 0.1, Avg: 0.1, Max: 0.1, Diff: 0.1, Sum: 0.7]
      [Termination (ms): Min: 0.0, Avg: 0.0, Max: 0.0, Diff: 0.0, Sum: 0.1]
         [Termination Attempts: Min: 1, Avg: 1.0, Max: 1, Diff: 0, Sum: 6]
      [GC Worker Other (ms): Min: 0.0, Avg: 0.0, Max: 0.0, Diff: 0.0, Sum: 0.1]
      [GC Worker Total (ms): Min: 0.5, Avg: 0.5, Max: 0.5, Diff: 0.1, Sum: 2.9]
      [GC Worker End (ms): Min: 643387.7, Avg: 643387.7, Max: 643387.7, Diff: 0.0]
   [Code Root Fixup: 0.0 ms]
   [Code Root Purge: 0.0 ms]
   [Clear CT: 0.2 ms]
   [Other: 0.7 ms]
      [Choose CSet: 0.0 ms]
      [Ref Proc: 0.2 ms]
      [Ref Enq: 0.0 ms]
      [Redirty Cards: 0.1 ms]
      [Humongous Register: 0.0 ms]
      [Humongous Reclaim: 0.0 ms]
      [Free CSet: 0.3 ms]
   [Eden: 612.0M(612.0M)->0.0B(612.0M) Survivors: 2048.0K->2048.0K Heap: 618.4M(1024.0M)->6815.7K(1024.0M)]
 [Times: user=0.00 sys=0.00, real=0.00 secs] 
2024-10-11T08:44:23.013+0300: 643.389: Total time for which application threads were stopped: 0.0018431 seconds, Stopping threads took: 0.0002040 seconds
2024-10-11T08:44:25.053+0300: 645.429: Application time: 2.0400253 seconds
2024-10-11T08:44:25.053+0300: 645.429: [GC pause (G1 Evacuation Pause) (young), 0.0014858 secs]
   [Parallel Time: 0.6 ms, GC Workers: 6]
      [GC Worker Start (ms): Min: 645429.0, Avg: 645429.0, Max: 645429.0, Diff: 0.1]
      [Ext Root Scanning (ms): Min: 0.2, Avg: 0.2, Max: 0.3, Diff: 0.1, Sum: 1.5]
      [Update RS (ms): Min: 0.0, Avg: 0.0, Max: 0.0, Diff: 0.0, Sum: 0.1]
         [Processed Buffers: Min: 0, Avg: 0.8, Max: 3, Diff: 3, Sum: 5]
      [Scan RS (ms): Min: 0.0, Avg: 0.1, Max: 0.1, Diff: 0.1, Sum: 0.6]
      [Code Root Scanning (ms): Min: 0.0, Avg: 0.0, Max: 0.0, Diff: 0.0, Sum: 0.0]
      [Object Copy (ms): Min: 0.1, Avg: 0.1, Max: 0.2, Diff: 0.1, Sum: 0.8]
      [Termination (ms): Min: 0.0, Avg: 0.0, Max: 0.0, Diff: 0.0, Sum: 0.0]
         [Termination Attempts: Min: 1, Avg: 1.2, Max: 2, Diff: 1, Sum: 7]
      [GC Worker Other (ms): Min: 0.0, Avg: 0.0, Max: 0.1, Diff: 0.0, Sum: 0.2]
      [GC Worker Total (ms): Min: 0.5, Avg: 0.5, Max: 0.6, Diff: 0.1, Sum: 3.1]
      [GC Worker End (ms): Min: 645429.5, Avg: 645429.5, Max: 645429.5, Diff: 0.0]
   [Code Root Fixup: 0.0 ms]
   [Code Root Purge: 0.0 ms]
   [Clear CT: 0.2 ms]
   [Other: 0.7 ms]
      [Choose CSet: 0.0 ms]
      [Ref Proc: 0.2 ms]
      [Ref Enq: 0.0 ms]
      [Redirty Cards: 0.1 ms]
      [Humongous Register: 0.0 ms]
      [Humongous Reclaim: 0.0 ms]
      [Free CSet: 0.2 ms]
   [Eden: 612.0M(612.0M)->0.0B(612.0M) Survivors: 2048.0K->2048.0K Heap: 618.7M(1024.0M)->6578.4K(1024.0M)]
 [Times: user=0.00 sys=0.00, real=0.00 secs] 
2024-10-11T08:44:25.053+0300: 645.431: Total time for which application threads were stopped: 0.0018590 seconds, Stopping threads took: 0.0001669 seconds
2024-10-11T08:44:27.107+0300: 647.483: Application time: 2.0525896 seconds
2024-10-11T08:44:27.107+0300: 647.483: [GC pause (G1 Evacuation Pause) (young), 0.0015031 secs]
   [Parallel Time: 0.6 ms, GC Workers: 6]
      [GC Worker Start (ms): Min: 647483.4, Avg: 647483.5, Max: 647483.6, Diff: 0.1]
      [Ext Root Scanning (ms): Min: 0.1, Avg: 0.2, Max: 0.3, Diff: 0.1, Sum: 1.4]
      [Update RS (ms): Min: 0.0, Avg: 0.0, Max: 0.0, Diff: 0.0, Sum: 0.1]
         [Processed Buffers: Min: 0, Avg: 1.0, Max: 4, Diff: 4, Sum: 6]
      [Scan RS (ms): Min: 0.0, Avg: 0.1, Max: 0.1, Diff: 0.1, Sum: 0.5]
      [Code Root Scanning (ms): Min: 0.0, Avg: 0.0, Max: 0.0, Diff: 0.0, Sum: 0.0]
      [Object Copy (ms): Min: 0.1, Avg: 0.1, Max: 0.2, Diff: 0.1, Sum: 0.9]
      [Termination (ms): Min: 0.0, Avg: 0.0, Max: 0.0, Diff: 0.0, Sum: 0.1]
         [Termination Attempts: Min: 1, Avg: 1.0, Max: 1, Diff: 0, Sum: 6]
      [GC Worker Other (ms): Min: 0.0, Avg: 0.0, Max: 0.1, Diff: 0.0, Sum: 0.2]
      [GC Worker Total (ms): Min: 0.4, Avg: 0.5, Max: 0.6, Diff: 0.2, Sum: 3.2]
      [GC Worker End (ms): Min: 647484.0, Avg: 647484.0, Max: 647484.0, Diff: 0.1]
   [Code Root Fixup: 0.0 ms]
   [Code Root Purge: 0.0 ms]
   [Clear CT: 0.2 ms]
   [Other: 0.6 ms]
      [Choose CSet: 0.0 ms]
      [Ref Proc: 0.2 ms]
      [Ref Enq: 0.0 ms]
      [Redirty Cards: 0.1 ms]
      [Humongous Register: 0.0 ms]
      [Humongous Reclaim: 0.0 ms]
      [Free CSet: 0.2 ms]
   [Eden: 612.0M(612.0M)->0.0B(612.0M) Survivors: 2048.0K->2048.0K Heap: 618.4M(1024.0M)->6699.7K(1024.0M)]
 [Times: user=0.00 sys=0.00, real=0.00 secs] 
2024-10-11T08:44:27.107+0300: 647.485: Total time for which application threads were stopped: 0.0018668 seconds, Stopping threads took: 0.0001756 seconds
2024-10-11T08:44:29.147+0300: 649.532: Application time: 2.0473360 seconds
2024-10-11T08:44:29.147+0300: 649.533: [GC pause (G1 Evacuation Pause) (young), 0.0014216 secs]
   [Parallel Time: 0.6 ms, GC Workers: 6]
      [GC Worker Start (ms): Min: 649532.6, Avg: 649532.7, Max: 649532.9, Diff: 0.3]
      [Ext Root Scanning (ms): Min: 0.0, Avg: 0.2, Max: 0.3, Diff: 0.3, Sum: 1.4]
      [Update RS (ms): Min: 0.0, Avg: 0.0, Max: 0.0, Diff: 0.0, Sum: 0.1]
         [Processed Buffers: Min: 0, Avg: 0.8, Max: 1, Diff: 1, Sum: 5]
      [Scan RS (ms): Min: 0.1, Avg: 0.1, Max: 0.1, Diff: 0.0, Sum: 0.5]
      [Code Root Scanning (ms): Min: 0.0, Avg: 0.0, Max: 0.0, Diff: 0.0, Sum: 0.0]
      [Object Copy (ms): Min: 0.1, Avg: 0.1, Max: 0.2, Diff: 0.0, Sum: 0.9]
      [Termination (ms): Min: 0.0, Avg: 0.0, Max: 0.0, Diff: 0.0, Sum: 0.1]
         [Termination Attempts: Min: 1, Avg: 1.0, Max: 1, Diff: 0, Sum: 6]
      [GC Worker Other (ms): Min: 0.0, Avg: 0.0, Max: 0.0, Diff: 0.0, Sum: 0.1]
      [GC Worker Total (ms): Min: 0.3, Avg: 0.5, Max: 0.6, Diff: 0.3, Sum: 3.1]
      [GC Worker End (ms): Min: 649533.2, Avg: 649533.2, Max: 649533.2, Diff: 0.0]
   [Code Root Fixup: 0.0 ms]
   [Code Root Purge: 0.0 ms]
   [Clear CT: 0.2 ms]
   [Other: 0.6 ms]
      [Choose CSet: 0.0 ms]
      [Ref Proc: 0.1 ms]
      [Ref Enq: 0.0 ms]
      [Redirty Cards: 0.1 ms]
      [Humongous Register: 0.0 ms]
      [Humongous Reclaim: 0.0 ms]
      [Free CSet: 0.3 ms]
   [Eden: 612.0M(612.0M)->0.0B(612.0M) Survivors: 2048.0K->2048.0K Heap: 618.5M(1024.0M)->6764.2K(1024.0M)]
 [Times: user=0.00 sys=0.00, real=0.00 secs] 
2024-10-11T08:44:29.147+0300: 649.534: Total time for which application threads were stopped: 0.0017377 seconds, Stopping threads took: 0.0001198 seconds
2024-10-11T08:44:31.201+0300: 651.587: Application time: 2.0526708 seconds
2024-10-11T08:44:31.201+0300: 651.587: [GC pause (G1 Evacuation Pause) (young), 0.0014413 secs]
   [Parallel Time: 0.6 ms, GC Workers: 6]
      [GC Worker Start (ms): Min: 651587.1, Avg: 651587.1, Max: 651587.1, Diff: 0.1]
      [Ext Root Scanning (ms): Min: 0.2, Avg: 0.3, Max: 0.3, Diff: 0.0, Sum: 1.5]
      [Update RS (ms): Min: 0.0, Avg: 0.0, Max: 0.0, Diff: 0.0, Sum: 0.1]
         [Processed Buffers: Min: 0, Avg: 0.8, Max: 2, Diff: 2, Sum: 5]
      [Scan RS (ms): Min: 0.1, Avg: 0.1, Max: 0.1, Diff: 0.1, Sum: 0.6]
      [Code Root Scanning (ms): Min: 0.0, Avg: 0.0, Max: 0.0, Diff: 0.0, Sum: 0.0]
      [Object Copy (ms): Min: 0.1, Avg: 0.1, Max: 0.2, Diff: 0.1, Sum: 0.8]
      [Termination (ms): Min: 0.0, Avg: 0.0, Max: 0.0, Diff: 0.0, Sum: 0.1]
         [Termination Attempts: Min: 1, Avg: 1.0, Max: 1, Diff: 0, Sum: 6]
      [GC Worker Other (ms): Min: 0.0, Avg: 0.0, Max: 0.0, Diff: 0.0, Sum: 0.1]
      [GC Worker Total (ms): Min: 0.5, Avg: 0.5, Max: 0.6, Diff: 0.1, Sum: 3.3]
      [GC Worker End (ms): Min: 651587.6, Avg: 651587.7, Max: 651587.7, Diff: 0.0]
   [Code Root Fixup: 0.0 ms]
   [Code Root Purge: 0.0 ms]
   [Clear CT: 0.2 ms]
   [Other: 0.6 ms]
      [Choose CSet: 0.0 ms]
      [Ref Proc: 0.1 ms]
      [Ref Enq: 0.0 ms]
      [Redirty Cards: 0.1 ms]
      [Humongous Register: 0.0 ms]
      [Humongous Reclaim: 0.0 ms]
      [Free CSet: 0.2 ms]
   [Eden: 612.0M(612.0M)->0.0B(612.0M) Survivors: 2048.0K->2048.0K Heap: 618.6M(1024.0M)->6643.7K(1024.0M)]
 [Times: user=0.00 sys=0.00, real=0.00 secs] 
2024-10-11T08:44:31.201+0300: 651.589: Total time for which application threads were stopped: 0.0018167 seconds, Stopping threads took: 0.0001433 seconds
2024-10-11T08:44:33.258+0300: 653.637: Application time: 2.0483586 seconds
2024-10-11T08:44:33.258+0300: 653.637: [GC pause (G1 Evacuation Pause) (young), 0.0013609 secs]
   [Parallel Time: 0.6 ms, GC Workers: 6]
      [GC Worker Start (ms): Min: 653637.2, Avg: 653637.2, Max: 653637.3, Diff: 0.1]
      [Ext Root Scanning (ms): Min: 0.2, Avg: 0.2, Max: 0.3, Diff: 0.0, Sum: 1.4]
      [Update RS (ms): Min: 0.0, Avg: 0.0, Max: 0.1, Diff: 0.1, Sum: 0.1]
         [Processed Buffers: Min: 0, Avg: 0.8, Max: 2, Diff: 2, Sum: 5]
      [Scan RS (ms): Min: 0.1, Avg: 0.1, Max: 0.1, Diff: 0.0, Sum: 0.5]
      [Code Root Scanning (ms): Min: 0.0, Avg: 0.0, Max: 0.0, Diff: 0.0, Sum: 0.0]
      [Object Copy (ms): Min: 0.1, Avg: 0.1, Max: 0.2, Diff: 0.1, Sum: 0.7]
      [Termination (ms): Min: 0.0, Avg: 0.0, Max: 0.0, Diff: 0.0, Sum: 0.1]
         [Termination Attempts: Min: 1, Avg: 1.0, Max: 1, Diff: 0, Sum: 6]
      [GC Worker Other (ms): Min: 0.0, Avg: 0.0, Max: 0.0, Diff: 0.0, Sum: 0.1]
      [GC Worker Total (ms): Min: 0.5, Avg: 0.5, Max: 0.5, Diff: 0.1, Sum: 3.0]
      [GC Worker End (ms): Min: 653637.7, Avg: 653637.7, Max: 653637.7, Diff: 0.0]
   [Code Root Fixup: 0.0 ms]
   [Code Root Purge: 0.0 ms]
   [Clear CT: 0.2 ms]
   [Other: 0.6 ms]
      [Choose CSet: 0.0 ms]
      [Ref Proc: 0.1 ms]
      [Ref Enq: 0.0 ms]
      [Redirty Cards: 0.1 ms]
      [Humongous Register: 0.0 ms]
      [Humongous Reclaim: 0.0 ms]
      [Free CSet: 0.2 ms]
   [Eden: 612.0M(612.0M)->0.0B(612.0M) Survivors: 2048.0K->2048.0K Heap: 618.5M(1024.0M)->6773.9K(1024.0M)]
 [Times: user=0.00 sys=0.00, real=0.00 secs] 
2024-10-11T08:44:33.258+0300: 653.639: Total time for which application threads were stopped: 0.0016947 seconds, Stopping threads took: 0.0001440 seconds
2024-10-11T08:44:35.312+0300: 655.687: Application time: 2.0479772 seconds
2024-10-11T08:44:35.312+0300: 655.687: [GC pause (G1 Evacuation Pause) (young), 0.0013371 secs]
   [Parallel Time: 0.6 ms, GC Workers: 6]
      [GC Worker Start (ms): Min: 655686.9, Avg: 655686.9, Max: 655687.0, Diff: 0.1]
      [Ext Root Scanning (ms): Min: 0.2, Avg: 0.2, Max: 0.3, Diff: 0.1, Sum: 1.5]
      [Update RS (ms): Min: 0.0, Avg: 0.0, Max: 0.0, Diff: 0.0, Sum: 0.1]
         [Processed Buffers: Min: 0, Avg: 0.8, Max: 2, Diff: 2, Sum: 5]
      [Scan RS (ms): Min: 0.1, Avg: 0.1, Max: 0.1, Diff: 0.0, Sum: 0.6]
      [Code Root Scanning (ms): Min: 0.0, Avg: 0.0, Max: 0.0, Diff: 0.0, Sum: 0.0]
      [Object Copy (ms): Min: 0.1, Avg: 0.1, Max: 0.2, Diff: 0.1, Sum: 0.7]
      [Termination (ms): Min: 0.0, Avg: 0.0, Max: 0.0, Diff: 0.0, Sum: 0.1]
         [Termination Attempts: Min: 1, Avg: 1.0, Max: 1, Diff: 0, Sum: 6]
      [GC Worker Other (ms): Min: 0.0, Avg: 0.0, Max: 0.0, Diff: 0.0, Sum: 0.1]
      [GC Worker Total (ms): Min: 0.5, Avg: 0.5, Max: 0.5, Diff: 0.0, Sum: 3.1]
      [GC Worker End (ms): Min: 655687.4, Avg: 655687.4, Max: 655687.5, Diff: 0.0]
   [Code Root Fixup: 0.0 ms]
   [Code Root Purge: 0.0 ms]
   [Clear CT: 0.2 ms]
   [Other: 0.6 ms]
      [Choose CSet: 0.0 ms]
      [Ref Proc: 0.1 ms]
      [Ref Enq: 0.0 ms]
      [Redirty Cards: 0.1 ms]
      [Humongous Register: 0.0 ms]
      [Humongous Reclaim: 0.0 ms]
      [Free CSet: 0.3 ms]
   [Eden: 612.0M(612.0M)->0.0B(612.0M) Survivors: 2048.0K->2048.0K Heap: 618.6M(1024.0M)->6649.8K(1024.0M)]
 [Times: user=0.00 sys=0.00, real=0.00 secs] 
2024-10-11T08:44:35.312+0300: 655.688: Total time for which application threads were stopped: 0.0017640 seconds, Stopping threads took: 0.0001732 seconds
2024-10-11T08:44:37.346+0300: 657.722: Application time: 2.0338417 seconds
2024-10-11T08:44:37.346+0300: 657.722: [GC pause (G1 Evacuation Pause) (young), 0.0014934 secs]
   [Parallel Time: 0.6 ms, GC Workers: 6]
      [GC Worker Start (ms): Min: 657722.5, Avg: 657722.5, Max: 657722.6, Diff: 0.0]
      [Ext Root Scanning (ms): Min: 0.2, Avg: 0.2, Max: 0.3, Diff: 0.0, Sum: 1.5]
      [Update RS (ms): Min: 0.0, Avg: 0.0, Max: 0.0, Diff: 0.0, Sum: 0.1]
         [Processed Buffers: Min: 0, Avg: 0.8, Max: 2, Diff: 2, Sum: 5]
      [Scan RS (ms): Min: 0.1, Avg: 0.1, Max: 0.1, Diff: 0.0, Sum: 0.6]
      [Code Root Scanning (ms): Min: 0.0, Avg: 0.0, Max: 0.0, Diff: 0.0, Sum: 0.0]
      [Object Copy (ms): Min: 0.1, Avg: 0.1, Max: 0.2, Diff: 0.0, Sum: 0.8]
      [Termination (ms): Min: 0.0, Avg: 0.0, Max: 0.0, Diff: 0.0, Sum: 0.1]
         [Termination Attempts: Min: 1, Avg: 1.0, Max: 1, Diff: 0, Sum: 6]
      [GC Worker Other (ms): Min: 0.0, Avg: 0.0, Max: 0.0, Diff: 0.0, Sum: 0.1]
      [GC Worker Total (ms): Min: 0.5, Avg: 0.5, Max: 0.5, Diff: 0.1, Sum: 3.1]
      [GC Worker End (ms): Min: 657723.1, Avg: 657723.1, Max: 657723.1, Diff: 0.0]
   [Code Root Fixup: 0.0 ms]
   [Code Root Purge: 0.0 ms]
   [Clear CT: 0.2 ms]
   [Other: 0.7 ms]
      [Choose CSet: 0.0 ms]
      [Ref Proc: 0.2 ms]
      [Ref Enq: 0.0 ms]
      [Redirty Cards: 0.1 ms]
      [Humongous Register: 0.0 ms]
      [Humongous Reclaim: 0.0 ms]
      [Free CSet: 0.3 ms]
   [Eden: 612.0M(612.0M)->0.0B(612.0M) Survivors: 2048.0K->2048.0K Heap: 618.5M(1024.0M)->6876.0K(1024.0M)]
 [Times: user=0.00 sys=0.00, real=0.00 secs] 
2024-10-11T08:44:37.346+0300: 657.724: Total time for which application threads were stopped: 0.0018391 seconds, Stopping threads took: 0.0001345 seconds
2024-10-11T08:44:39.394+0300: 659.767: Application time: 2.0427667 seconds
2024-10-11T08:44:39.394+0300: 659.767: [GC pause (G1 Evacuation Pause) (young), 0.0014565 secs]
   [Parallel Time: 0.6 ms, GC Workers: 6]
      [GC Worker Start (ms): Min: 659767.2, Avg: 659767.3, Max: 659767.3, Diff: 0.0]
      [Ext Root Scanning (ms): Min: 0.2, Avg: 0.3, Max: 0.3, Diff: 0.0, Sum: 1.5]
      [Update RS (ms): Min: 0.0, Avg: 0.0, Max: 0.0, Diff: 0.0, Sum: 0.1]
         [Processed Buffers: Min: 0, Avg: 0.8, Max: 2, Diff: 2, Sum: 5]
      [Scan RS (ms): Min: 0.1, Avg: 0.1, Max: 0.1, Diff: 0.0, Sum: 0.6]
      [Code Root Scanning (ms): Min: 0.0, Avg: 0.0, Max: 0.0, Diff: 0.0, Sum: 0.0]
      [Object Copy (ms): Min: 0.1, Avg: 0.1, Max: 0.2, Diff: 0.1, Sum: 0.9]
      [Termination (ms): Min: 0.0, Avg: 0.0, Max: 0.0, Diff: 0.0, Sum: 0.1]
         [Termination Attempts: Min: 1, Avg: 1.0, Max: 1, Diff: 0, Sum: 6]
      [GC Worker Other (ms): Min: 0.0, Avg: 0.0, Max: 0.0, Diff: 0.0, Sum: 0.1]
      [GC Worker Total (ms): Min: 0.5, Avg: 0.5, Max: 0.6, Diff: 0.1, Sum: 3.2]
      [GC Worker End (ms): Min: 659767.8, Avg: 659767.8, Max: 659767.8, Diff: 0.0]
   [Code Root Fixup: 0.0 ms]
   [Code Root Purge: 0.0 ms]
   [Clear CT: 0.2 ms]
   [Other: 0.6 ms]
      [Choose CSet: 0.0 ms]
      [Ref Proc: 0.2 ms]
      [Ref Enq: 0.0 ms]
      [Redirty Cards: 0.1 ms]
      [Humongous Register: 0.0 ms]
      [Humongous Reclaim: 0.0 ms]
      [Free CSet: 0.3 ms]
   [Eden: 612.0M(612.0M)->0.0B(612.0M) Survivors: 2048.0K->2048.0K Heap: 618.7M(1024.0M)->6614.9K(1024.0M)]
 [Times: user=0.00 sys=0.00, real=0.00 secs] 
2024-10-11T08:44:39.394+0300: 659.769: Total time for which application threads were stopped: 0.0018826 seconds, Stopping threads took: 0.0002234 seconds
2024-10-11T08:44:41.454+0300: 661.827: Application time: 2.0585349 seconds
2024-10-11T08:44:41.454+0300: 661.827: [GC pause (G1 Evacuation Pause) (young), 0.0013911 secs]
   [Parallel Time: 0.6 ms, GC Workers: 6]
      [GC Worker Start (ms): Min: 661827.6, Avg: 661827.6, Max: 661827.6, Diff: 0.1]
      [Ext Root Scanning (ms): Min: 0.2, Avg: 0.3, Max: 0.3, Diff: 0.1, Sum: 1.6]
      [Update RS (ms): Min: 0.0, Avg: 0.0, Max: 0.0, Diff: 0.0, Sum: 0.1]
         [Processed Buffers: Min: 0, Avg: 0.7, Max: 2, Diff: 2, Sum: 4]
      [Scan RS (ms): Min: 0.1, Avg: 0.1, Max: 0.1, Diff: 0.0, Sum: 0.6]
      [Code Root Scanning (ms): Min: 0.0, Avg: 0.0, Max: 0.0, Diff: 0.0, Sum: 0.0]
      [Object Copy (ms): Min: 0.1, Avg: 0.1, Max: 0.2, Diff: 0.1, Sum: 0.8]
      [Termination (ms): Min: 0.0, Avg: 0.0, Max: 0.0, Diff: 0.0, Sum: 0.0]
         [Termination Attempts: Min: 1, Avg: 1.0, Max: 1, Diff: 0, Sum: 6]
      [GC Worker Other (ms): Min: 0.0, Avg: 0.0, Max: 0.0, Diff: 0.0, Sum: 0.2]
      [GC Worker Total (ms): Min: 0.5, Avg: 0.5, Max: 0.6, Diff: 0.1, Sum: 3.3]
      [GC Worker End (ms): Min: 661828.1, Avg: 661828.2, Max: 661828.2, Diff: 0.0]
   [Code Root Fixup: 0.0 ms]
   [Code Root Purge: 0.0 ms]
   [Clear CT: 0.2 ms]
   [Other: 0.6 ms]
      [Choose CSet: 0.0 ms]
      [Ref Proc: 0.1 ms]
      [Ref Enq: 0.0 ms]
      [Redirty Cards: 0.1 ms]
      [Humongous Register: 0.0 ms]
      [Humongous Reclaim: 0.0 ms]
      [Free CSet: 0.3 ms]
   [Eden: 612.0M(612.0M)->0.0B(612.0M) Survivors: 2048.0K->2048.0K Heap: 618.5M(1024.0M)->6289.5K(1024.0M)]
 [Times: user=0.00 sys=0.00, real=0.00 secs] 
2024-10-11T08:44:41.454+0300: 661.829: Total time for which application threads were stopped: 0.0017512 seconds, Stopping threads took: 0.0001849 seconds
2024-10-11T08:44:43.505+0300: 663.879: Application time: 2.0498076 seconds
2024-10-11T08:44:43.505+0300: 663.879: [GC pause (G1 Evacuation Pause) (young), 0.0013592 secs]
   [Parallel Time: 0.6 ms, GC Workers: 6]
      [GC Worker Start (ms): Min: 663879.2, Avg: 663879.2, Max: 663879.2, Diff: 0.1]
      [Ext Root Scanning (ms): Min: 0.2, Avg: 0.3, Max: 0.3, Diff: 0.1, Sum: 1.5]
      [Update RS (ms): Min: 0.0, Avg: 0.0, Max: 0.0, Diff: 0.0, Sum: 0.1]
         [Processed Buffers: Min: 0, Avg: 0.8, Max: 2, Diff: 2, Sum: 5]
      [Scan RS (ms): Min: 0.1, Avg: 0.1, Max: 0.1, Diff: 0.0, Sum: 0.6]
      [Code Root Scanning (ms): Min: 0.0, Avg: 0.0, Max: 0.0, Diff: 0.0, Sum: 0.0]
      [Object Copy (ms): Min: 0.1, Avg: 0.1, Max: 0.2, Diff: 0.1, Sum: 0.8]
      [Termination (ms): Min: 0.0, Avg: 0.0, Max: 0.0, Diff: 0.0, Sum: 0.1]
         [Termination Attempts: Min: 1, Avg: 1.0, Max: 1, Diff: 0, Sum: 6]
      [GC Worker Other (ms): Min: 0.0, Avg: 0.0, Max: 0.0, Diff: 0.0, Sum: 0.1]
      [GC Worker Total (ms): Min: 0.5, Avg: 0.5, Max: 0.6, Diff: 0.1, Sum: 3.1]
      [GC Worker End (ms): Min: 663879.7, Avg: 663879.7, Max: 663879.7, Diff: 0.0]
   [Code Root Fixup: 0.0 ms]
   [Code Root Purge: 0.0 ms]
   [Clear CT: 0.2 ms]
   [Other: 0.6 ms]
      [Choose CSet: 0.0 ms]
      [Ref Proc: 0.1 ms]
      [Ref Enq: 0.0 ms]
      [Redirty Cards: 0.1 ms]
      [Humongous Register: 0.1 ms]
      [Humongous Reclaim: 0.0 ms]
      [Free CSet: 0.3 ms]
   [Eden: 612.0M(612.0M)->0.0B(612.0M) Survivors: 2048.0K->2048.0K Heap: 618.1M(1024.0M)->6691.8K(1024.0M)]
 [Times: user=0.00 sys=0.00, real=0.00 secs] 
2024-10-11T08:44:43.505+0300: 663.881: Total time for which application threads were stopped: 0.0017235 seconds, Stopping threads took: 0.0001423 seconds
2024-10-11T08:44:45.543+0300: 665.915: Application time: 2.0349536 seconds
2024-10-11T08:44:45.543+0300: 665.916: [GC pause (G1 Evacuation Pause) (young), 0.0014430 secs]
   [Parallel Time: 0.7 ms, GC Workers: 6]
      [GC Worker Start (ms): Min: 665915.8, Avg: 665915.9, Max: 665916.2, Diff: 0.3]
      [Ext Root Scanning (ms): Min: 0.0, Avg: 0.2, Max: 0.3, Diff: 0.3, Sum: 1.4]
      [Update RS (ms): Min: 0.0, Avg: 0.0, Max: 0.0, Diff: 0.0, Sum: 0.1]
         [Processed Buffers: Min: 0, Avg: 0.8, Max: 3, Diff: 3, Sum: 5]
      [Scan RS (ms): Min: 0.1, Avg: 0.1, Max: 0.1, Diff: 0.0, Sum: 0.6]
      [Code Root Scanning (ms): Min: 0.0, Avg: 0.0, Max: 0.0, Diff: 0.0, Sum: 0.0]
      [Object Copy (ms): Min: 0.1, Avg: 0.1, Max: 0.2, Diff: 0.1, Sum: 0.9]
      [Termination (ms): Min: 0.0, Avg: 0.0, Max: 0.0, Diff: 0.0, Sum: 0.0]
         [Termination Attempts: Min: 1, Avg: 1.0, Max: 1, Diff: 0, Sum: 6]
      [GC Worker Other (ms): Min: 0.0, Avg: 0.0, Max: 0.0, Diff: 0.0, Sum: 0.2]
      [GC Worker Total (ms): Min: 0.3, Avg: 0.5, Max: 0.6, Diff: 0.3, Sum: 3.2]
      [GC Worker End (ms): Min: 665916.4, Avg: 665916.5, Max: 665916.5, Diff: 0.0]
   [Code Root Fixup: 0.0 ms]
   [Code Root Purge: 0.0 ms]
   [Clear CT: 0.2 ms]
   [Other: 0.6 ms]
      [Choose CSet: 0.0 ms]
      [Ref Proc: 0.1 ms]
      [Ref Enq: 0.0 ms]
      [Redirty Cards: 0.1 ms]
      [Humongous Register: 0.0 ms]
      [Humongous Reclaim: 0.0 ms]
      [Free CSet: 0.3 ms]
   [Eden: 612.0M(612.0M)->0.0B(612.0M) Survivors: 2048.0K->2048.0K Heap: 618.5M(1024.0M)->6648.8K(1024.0M)]
 [Times: user=0.00 sys=0.00, real=0.00 secs] 
2024-10-11T08:44:45.543+0300: 665.917: Total time for which application threads were stopped: 0.0018376 seconds, Stopping threads took: 0.0002182 seconds
2024-10-11T08:44:47.583+0300: 667.959: Application time: 2.0421763 seconds
2024-10-11T08:44:47.583+0300: 667.960: [GC pause (G1 Evacuation Pause) (young), 0.0013727 secs]
   [Parallel Time: 0.6 ms, GC Workers: 6]
      [GC Worker Start (ms): Min: 667959.8, Avg: 667959.9, Max: 667960.1, Diff: 0.3]
      [Ext Root Scanning (ms): Min: 0.0, Avg: 0.2, Max: 0.3, Diff: 0.3, Sum: 1.3]
      [Update RS (ms): Min: 0.0, Avg: 0.0, Max: 0.0, Diff: 0.0, Sum: 0.1]
         [Processed Buffers: Min: 0, Avg: 1.0, Max: 3, Diff: 3, Sum: 6]
      [Scan RS (ms): Min: 0.1, Avg: 0.1, Max: 0.1, Diff: 0.0, Sum: 0.5]
      [Code Root Scanning (ms): Min: 0.0, Avg: 0.0, Max: 0.0, Diff: 0.0, Sum: 0.0]
      [Object Copy (ms): Min: 0.1, Avg: 0.1, Max: 0.2, Diff: 0.1, Sum: 0.8]
      [Termination (ms): Min: 0.0, Avg: 0.0, Max: 0.0, Diff: 0.0, Sum: 0.1]
         [Termination Attempts: Min: 1, Avg: 1.2, Max: 2, Diff: 1, Sum: 7]
      [GC Worker Other (ms): Min: 0.0, Avg: 0.0, Max: 0.0, Diff: 0.0, Sum: 0.1]
      [GC Worker Total (ms): Min: 0.3, Avg: 0.5, Max: 0.6, Diff: 0.3, Sum: 2.9]
      [GC Worker End (ms): Min: 667960.3, Avg: 667960.3, Max: 667960.4, Diff: 0.0]
   [Code Root Fixup: 0.0 ms]
   [Code Root Purge: 0.0 ms]
   [Clear CT: 0.2 ms]
   [Other: 0.6 ms]
      [Choose CSet: 0.0 ms]
      [Ref Proc: 0.1 ms]
      [Ref Enq: 0.0 ms]
      [Redirty Cards: 0.1 ms]
      [Humongous Register: 0.0 ms]
      [Humongous Reclaim: 0.0 ms]
      [Free CSet: 0.3 ms]
   [Eden: 612.0M(612.0M)->0.0B(612.0M) Survivors: 2048.0K->2048.0K Heap: 618.5M(1024.0M)->6742.8K(1024.0M)]
 [Times: user=0.00 sys=0.00, real=0.00 secs] 
2024-10-11T08:44:47.583+0300: 667.961: Total time for which application threads were stopped: 0.0017019 seconds, Stopping threads took: 0.0001503 seconds
2024-10-11T08:44:49.621+0300: 670.007: Application time: 2.0455236 seconds
2024-10-11T08:44:49.621+0300: 670.007: [GC pause (G1 Evacuation Pause) (young), 0.0015323 secs]
   [Parallel Time: 0.7 ms, GC Workers: 6]
      [GC Worker Start (ms): Min: 670007.1, Avg: 670007.1, Max: 670007.1, Diff: 0.1]
      [Ext Root Scanning (ms): Min: 0.2, Avg: 0.2, Max: 0.3, Diff: 0.1, Sum: 1.5]
      [Update RS (ms): Min: 0.0, Avg: 0.0, Max: 0.0, Diff: 0.0, Sum: 0.1]
         [Processed Buffers: Min: 0, Avg: 1.0, Max: 2, Diff: 2, Sum: 6]
      [Scan RS (ms): Min: 0.1, Avg: 0.1, Max: 0.1, Diff: 0.0, Sum: 0.6]
      [Code Root Scanning (ms): Min: 0.0, Avg: 0.0, Max: 0.0, Diff: 0.0, Sum: 0.0]
      [Object Copy (ms): Min: 0.1, Avg: 0.1, Max: 0.2, Diff: 0.1, Sum: 0.8]
      [Termination (ms): Min: 0.0, Avg: 0.0, Max: 0.0, Diff: 0.0, Sum: 0.0]
         [Termination Attempts: Min: 1, Avg: 1.0, Max: 1, Diff: 0, Sum: 6]
      [GC Worker Other (ms): Min: 0.0, Avg: 0.0, Max: 0.1, Diff: 0.0, Sum: 0.2]
      [GC Worker Total (ms): Min: 0.5, Avg: 0.5, Max: 0.6, Diff: 0.1, Sum: 3.2]
      [GC Worker End (ms): Min: 670007.6, Avg: 670007.6, Max: 670007.7, Diff: 0.0]
   [Code Root Fixup: 0.0 ms]
   [Code Root Purge: 0.0 ms]
   [Clear CT: 0.2 ms]
   [Other: 0.6 ms]
      [Choose CSet: 0.0 ms]
      [Ref Proc: 0.1 ms]
      [Ref Enq: 0.0 ms]
      [Redirty Cards: 0.1 ms]
      [Humongous Register: 0.0 ms]
      [Humongous Reclaim: 0.0 ms]
      [Free CSet: 0.3 ms]
   [Eden: 612.0M(612.0M)->0.0B(612.0M) Survivors: 2048.0K->2048.0K Heap: 618.6M(1024.0M)->6758.7K(1024.0M)]
 [Times: user=0.00 sys=0.00, real=0.00 secs] 
2024-10-11T08:44:49.621+0300: 670.009: Total time for which application threads were stopped: 0.0018922 seconds, Stopping threads took: 0.0001499 seconds
2024-10-11T08:44:51.677+0300: 672.058: Application time: 2.0495030 seconds
2024-10-11T08:44:51.677+0300: 672.058: [GC pause (G1 Evacuation Pause) (young), 0.0014732 secs]
   [Parallel Time: 0.6 ms, GC Workers: 6]
      [GC Worker Start (ms): Min: 672058.5, Avg: 672058.5, Max: 672058.5, Diff: 0.1]
      [Ext Root Scanning (ms): Min: 0.2, Avg: 0.2, Max: 0.3, Diff: 0.1, Sum: 1.4]
      [Update RS (ms): Min: 0.0, Avg: 0.0, Max: 0.0, Diff: 0.0, Sum: 0.1]
         [Processed Buffers: Min: 0, Avg: 0.7, Max: 1, Diff: 1, Sum: 4]
      [Scan RS (ms): Min: 0.1, Avg: 0.1, Max: 0.1, Diff: 0.0, Sum: 0.6]
      [Code Root Scanning (ms): Min: 0.0, Avg: 0.0, Max: 0.0, Diff: 0.0, Sum: 0.0]
      [Object Copy (ms): Min: 0.1, Avg: 0.1, Max: 0.2, Diff: 0.1, Sum: 0.9]
      [Termination (ms): Min: 0.0, Avg: 0.0, Max: 0.0, Diff: 0.0, Sum: 0.1]
         [Termination Attempts: Min: 1, Avg: 1.0, Max: 1, Diff: 0, Sum: 6]
      [GC Worker Other (ms): Min: 0.0, Avg: 0.0, Max: 0.0, Diff: 0.0, Sum: 0.2]
      [GC Worker Total (ms): Min: 0.5, Avg: 0.5, Max: 0.6, Diff: 0.0, Sum: 3.2]
      [GC Worker End (ms): Min: 672059.0, Avg: 672059.0, Max: 672059.0, Diff: 0.0]
   [Code Root Fixup: 0.0 ms]
   [Code Root Purge: 0.0 ms]
   [Clear CT: 0.2 ms]
   [Other: 0.7 ms]
      [Choose CSet: 0.0 ms]
      [Ref Proc: 0.1 ms]
      [Ref Enq: 0.0 ms]
      [Redirty Cards: 0.1 ms]
      [Humongous Register: 0.0 ms]
      [Humongous Reclaim: 0.0 ms]
      [Free CSet: 0.3 ms]
   [Eden: 612.0M(612.0M)->0.0B(612.0M) Survivors: 2048.0K->2048.0K Heap: 618.6M(1024.0M)->6562.5K(1024.0M)]
 [Times: user=0.00 sys=0.00, real=0.00 secs] 
2024-10-11T08:44:51.677+0300: 672.060: Total time for which application threads were stopped: 0.0018490 seconds, Stopping threads took: 0.0001826 seconds
2024-10-11T08:44:53.717+0300: 674.100: Application time: 2.0399455 seconds
2024-10-11T08:44:53.717+0300: 674.100: [GC pause (G1 Evacuation Pause) (young), 0.0014361 secs]
   [Parallel Time: 0.7 ms, GC Workers: 6]
      [GC Worker Start (ms): Min: 674100.3, Avg: 674100.3, Max: 674100.6, Diff: 0.3]
      [Ext Root Scanning (ms): Min: 0.0, Avg: 0.2, Max: 0.3, Diff: 0.3, Sum: 1.4]
      [Update RS (ms): Min: 0.0, Avg: 0.0, Max: 0.0, Diff: 0.0, Sum: 0.1]
         [Processed Buffers: Min: 0, Avg: 0.7, Max: 2, Diff: 2, Sum: 4]
      [Scan RS (ms): Min: 0.1, Avg: 0.1, Max: 0.1, Diff: 0.0, Sum: 0.6]
      [Code Root Scanning (ms): Min: 0.0, Avg: 0.0, Max: 0.0, Diff: 0.0, Sum: 0.0]
      [Object Copy (ms): Min: 0.1, Avg: 0.1, Max: 0.2, Diff: 0.1, Sum: 0.8]
      [Termination (ms): Min: 0.0, Avg: 0.0, Max: 0.0, Diff: 0.0, Sum: 0.1]
         [Termination Attempts: Min: 1, Avg: 1.0, Max: 1, Diff: 0, Sum: 6]
      [GC Worker Other (ms): Min: 0.0, Avg: 0.0, Max: 0.0, Diff: 0.0, Sum: 0.2]
      [GC Worker Total (ms): Min: 0.3, Avg: 0.5, Max: 0.6, Diff: 0.3, Sum: 3.2]
      [GC Worker End (ms): Min: 674100.9, Avg: 674100.9, Max: 674100.9, Diff: 0.0]
   [Code Root Fixup: 0.0 ms]
   [Code Root Purge: 0.0 ms]
   [Clear CT: 0.2 ms]
   [Other: 0.6 ms]
      [Choose CSet: 0.0 ms]
      [Ref Proc: 0.1 ms]
      [Ref Enq: 0.0 ms]
      [Redirty Cards: 0.1 ms]
      [Humongous Register: 0.0 ms]
      [Humongous Reclaim: 0.0 ms]
      [Free CSet: 0.3 ms]
   [Eden: 612.0M(612.0M)->0.0B(612.0M) Survivors: 2048.0K->2048.0K Heap: 618.4M(1024.0M)->6740.6K(1024.0M)]
 [Times: user=0.00 sys=0.00, real=0.00 secs] 
2024-10-11T08:44:53.717+0300: 674.102: Total time for which application threads were stopped: 0.0018191 seconds, Stopping threads took: 0.0002077 seconds
2024-10-11T08:44:55.772+0300: 676.152: Application time: 2.0504167 seconds
2024-10-11T08:44:55.780+0300: 676.152: [GC pause (G1 Evacuation Pause) (young), 0.0014085 secs]
   [Parallel Time: 0.7 ms, GC Workers: 6]
      [GC Worker Start (ms): Min: 676152.6, Avg: 676152.6, Max: 676152.9, Diff: 0.3]
      [Ext Root Scanning (ms): Min: 0.0, Avg: 0.2, Max: 0.3, Diff: 0.3, Sum: 1.4]
      [Update RS (ms): Min: 0.0, Avg: 0.0, Max: 0.0, Diff: 0.0, Sum: 0.1]
         [Processed Buffers: Min: 0, Avg: 0.7, Max: 2, Diff: 2, Sum: 4]
      [Scan RS (ms): Min: 0.1, Avg: 0.1, Max: 0.1, Diff: 0.0, Sum: 0.6]
      [Code Root Scanning (ms): Min: 0.0, Avg: 0.0, Max: 0.0, Diff: 0.0, Sum: 0.0]
      [Object Copy (ms): Min: 0.1, Avg: 0.1, Max: 0.2, Diff: 0.1, Sum: 0.9]
      [Termination (ms): Min: 0.0, Avg: 0.0, Max: 0.0, Diff: 0.0, Sum: 0.1]
         [Termination Attempts: Min: 1, Avg: 1.0, Max: 1, Diff: 0, Sum: 6]
      [GC Worker Other (ms): Min: 0.0, Avg: 0.0, Max: 0.0, Diff: 0.0, Sum: 0.1]
      [GC Worker Total (ms): Min: 0.3, Avg: 0.5, Max: 0.6, Diff: 0.3, Sum: 3.1]
      [GC Worker End (ms): Min: 676153.1, Avg: 676153.1, Max: 676153.2, Diff: 0.0]
   [Code Root Fixup: 0.0 ms]
   [Code Root Purge: 0.0 ms]
   [Clear CT: 0.2 ms]
   [Other: 0.6 ms]
      [Choose CSet: 0.0 ms]
      [Ref Proc: 0.1 ms]
      [Ref Enq: 0.0 ms]
      [Redirty Cards: 0.1 ms]
      [Humongous Register: 0.0 ms]
      [Humongous Reclaim: 0.0 ms]
      [Free CSet: 0.3 ms]
   [Eden: 612.0M(612.0M)->0.0B(612.0M) Survivors: 2048.0K->2048.0K Heap: 618.6M(1024.0M)->6655.3K(1024.0M)]
 [Times: user=0.03 sys=0.00, real=0.00 secs] 
2024-10-11T08:44:55.780+0300: 676.154: Total time for which application threads were stopped: 0.0018239 seconds, Stopping threads took: 0.0002370 seconds
2024-10-11T08:44:57.828+0300: 678.215: Application time: 2.0606263 seconds
2024-10-11T08:44:57.828+0300: 678.215: [GC pause (G1 Evacuation Pause) (young), 0.0018374 secs]
   [Parallel Time: 0.8 ms, GC Workers: 6]
      [GC Worker Start (ms): Min: 678215.0, Avg: 678215.1, Max: 678215.2, Diff: 0.3]
      [Ext Root Scanning (ms): Min: 0.1, Avg: 0.2, Max: 0.3, Diff: 0.3, Sum: 1.2]
      [Update RS (ms): Min: 0.0, Avg: 0.0, Max: 0.0, Diff: 0.0, Sum: 0.1]
         [Processed Buffers: Min: 0, Avg: 0.8, Max: 2, Diff: 2, Sum: 5]
      [Scan RS (ms): Min: 0.0, Avg: 0.1, Max: 0.1, Diff: 0.1, Sum: 0.6]
      [Code Root Scanning (ms): Min: 0.0, Avg: 0.0, Max: 0.0, Diff: 0.0, Sum: 0.0]
      [Object Copy (ms): Min: 0.1, Avg: 0.2, Max: 0.3, Diff: 0.2, Sum: 1.0]
      [Termination (ms): Min: 0.0, Avg: 0.0, Max: 0.1, Diff: 0.1, Sum: 0.3]
         [Termination Attempts: Min: 1, Avg: 1.8, Max: 3, Diff: 2, Sum: 11]
      [GC Worker Other (ms): Min: 0.0, Avg: 0.0, Max: 0.1, Diff: 0.1, Sum: 0.2]
      [GC Worker Total (ms): Min: 0.4, Avg: 0.6, Max: 0.7, Diff: 0.3, Sum: 3.4]
      [GC Worker End (ms): Min: 678215.6, Avg: 678215.6, Max: 678215.7, Diff: 0.1]
   [Code Root Fixup: 0.0 ms]
   [Code Root Purge: 0.0 ms]
   [Clear CT: 0.2 ms]
   [Other: 0.8 ms]
      [Choose CSet: 0.0 ms]
      [Ref Proc: 0.2 ms]
      [Ref Enq: 0.0 ms]
      [Redirty Cards: 0.1 ms]
      [Humongous Register: 0.1 ms]
      [Humongous Reclaim: 0.0 ms]
      [Free CSet: 0.4 ms]
   [Eden: 612.0M(612.0M)->0.0B(612.0M) Survivors: 2048.0K->2048.0K Heap: 618.5M(1024.0M)->6702.4K(1024.0M)]
 [Times: user=0.02 sys=0.00, real=0.02 secs] 
2024-10-11T08:44:57.844+0300: 678.217: Total time for which application threads were stopped: 0.0021712 seconds, Stopping threads took: 0.0001396 seconds
2024-10-11T08:44:59.898+0300: 680.281: Application time: 2.0641804 seconds
2024-10-11T08:44:59.898+0300: 680.281: [GC pause (G1 Evacuation Pause) (young), 0.0013562 secs]
   [Parallel Time: 0.6 ms, GC Workers: 6]
      [GC Worker Start (ms): Min: 680281.3, Avg: 680281.3, Max: 680281.3, Diff: 0.0]
      [Ext Root Scanning (ms): Min: 0.2, Avg: 0.2, Max: 0.3, Diff: 0.0, Sum: 1.4]
      [Update RS (ms): Min: 0.0, Avg: 0.0, Max: 0.0, Diff: 0.0, Sum: 0.1]
         [Processed Buffers: Min: 0, Avg: 0.8, Max: 2, Diff: 2, Sum: 5]
      [Scan RS (ms): Min: 0.1, Avg: 0.1, Max: 0.1, Diff: 0.0, Sum: 0.5]
      [Code Root Scanning (ms): Min: 0.0, Avg: 0.0, Max: 0.0, Diff: 0.0, Sum: 0.0]
      [Object Copy (ms): Min: 0.1, Avg: 0.1, Max: 0.1, Diff: 0.0, Sum: 0.7]
      [Termination (ms): Min: 0.0, Avg: 0.0, Max: 0.0, Diff: 0.0, Sum: 0.0]
         [Termination Attempts: Min: 1, Avg: 1.2, Max: 2, Diff: 1, Sum: 7]
      [GC Worker Other (ms): Min: 0.0, Avg: 0.0, Max: 0.0, Diff: 0.0, Sum: 0.1]
      [GC Worker Total (ms): Min: 0.5, Avg: 0.5, Max: 0.5, Diff: 0.0, Sum: 2.9]
      [GC Worker End (ms): Min: 680281.8, Avg: 680281.8, Max: 680281.8, Diff: 0.0]
   [Code Root Fixup: 0.0 ms]
   [Code Root Purge: 0.0 ms]
   [Clear CT: 0.2 ms]
   [Other: 0.6 ms]
      [Choose CSet: 0.0 ms]
      [Ref Proc: 0.1 ms]
      [Ref Enq: 0.0 ms]
      [Redirty Cards: 0.1 ms]
      [Humongous Register: 0.0 ms]
      [Humongous Reclaim: 0.0 ms]
      [Free CSet: 0.3 ms]
   [Eden: 612.0M(612.0M)->0.0B(612.0M) Survivors: 2048.0K->2048.0K Heap: 618.5M(1024.0M)->6654.9K(1024.0M)]
 [Times: user=0.00 sys=0.00, real=0.00 secs] 
2024-10-11T08:44:59.898+0300: 680.283: Total time for which application threads were stopped: 0.0016899 seconds, Stopping threads took: 0.0001555 seconds
2024-10-11T08:45:01.971+0300: 682.343: Application time: 2.0604845 seconds
2024-10-11T08:45:01.971+0300: 682.343: [GC pause (G1 Evacuation Pause) (young), 0.0013929 secs]
   [Parallel Time: 0.6 ms, GC Workers: 6]
      [GC Worker Start (ms): Min: 682343.5, Avg: 682343.6, Max: 682343.6, Diff: 0.0]
      [Ext Root Scanning (ms): Min: 0.2, Avg: 0.3, Max: 0.3, Diff: 0.0, Sum: 1.5]
      [Update RS (ms): Min: 0.0, Avg: 0.0, Max: 0.0, Diff: 0.0, Sum: 0.1]
         [Processed Buffers: Min: 0, Avg: 0.8, Max: 1, Diff: 1, Sum: 5]
      [Scan RS (ms): Min: 0.1, Avg: 0.1, Max: 0.1, Diff: 0.0, Sum: 0.5]
      [Code Root Scanning (ms): Min: 0.0, Avg: 0.0, Max: 0.0, Diff: 0.0, Sum: 0.0]
      [Object Copy (ms): Min: 0.1, Avg: 0.1, Max: 0.1, Diff: 0.0, Sum: 0.7]
      [Termination (ms): Min: 0.0, Avg: 0.0, Max: 0.0, Diff: 0.0, Sum: 0.0]
         [Termination Attempts: Min: 1, Avg: 1.0, Max: 1, Diff: 0, Sum: 6]
      [GC Worker Other (ms): Min: 0.0, Avg: 0.0, Max: 0.0, Diff: 0.0, Sum: 0.1]
      [GC Worker Total (ms): Min: 0.5, Avg: 0.5, Max: 0.5, Diff: 0.1, Sum: 3.0]
      [GC Worker End (ms): Min: 682344.1, Avg: 682344.1, Max: 682344.1, Diff: 0.0]
   [Code Root Fixup: 0.0 ms]
   [Code Root Purge: 0.0 ms]
   [Clear CT: 0.2 ms]
   [Other: 0.6 ms]
      [Choose CSet: 0.0 ms]
      [Ref Proc: 0.1 ms]
      [Ref Enq: 0.0 ms]
      [Redirty Cards: 0.1 ms]
      [Humongous Register: 0.0 ms]
      [Humongous Reclaim: 0.0 ms]
      [Free CSet: 0.3 ms]
   [Eden: 612.0M(612.0M)->0.0B(612.0M) Survivors: 2048.0K->2048.0K Heap: 618.5M(1024.0M)->6761.8K(1024.0M)]
 [Times: user=0.00 sys=0.00, real=0.00 secs] 
2024-10-11T08:45:01.971+0300: 682.345: Total time for which application threads were stopped: 0.0018374 seconds, Stopping threads took: 0.0002376 seconds
2024-10-11T08:45:04.011+0300: 684.394: Application time: 2.0492300 seconds
2024-10-11T08:45:04.011+0300: 684.394: [GC pause (G1 Evacuation Pause) (young), 0.0015794 secs]
   [Parallel Time: 0.6 ms, GC Workers: 6]
      [GC Worker Start (ms): Min: 684394.6, Avg: 684394.7, Max: 684394.9, Diff: 0.3]
      [Ext Root Scanning (ms): Min: 0.0, Avg: 0.2, Max: 0.3, Diff: 0.3, Sum: 1.0]
      [Update RS (ms): Min: 0.0, Avg: 0.0, Max: 0.0, Diff: 0.0, Sum: 0.1]
         [Processed Buffers: Min: 0, Avg: 0.8, Max: 2, Diff: 2, Sum: 5]
      [Scan RS (ms): Min: 0.1, Avg: 0.1, Max: 0.1, Diff: 0.0, Sum: 0.6]
      [Code Root Scanning (ms): Min: 0.0, Avg: 0.0, Max: 0.0, Diff: 0.0, Sum: 0.0]
      [Object Copy (ms): Min: 0.1, Avg: 0.1, Max: 0.2, Diff: 0.1, Sum: 0.8]
      [Termination (ms): Min: 0.0, Avg: 0.0, Max: 0.0, Diff: 0.0, Sum: 0.1]
         [Termination Attempts: Min: 1, Avg: 1.0, Max: 1, Diff: 0, Sum: 6]
      [GC Worker Other (ms): Min: 0.0, Avg: 0.0, Max: 0.0, Diff: 0.0, Sum: 0.1]
      [GC Worker Total (ms): Min: 0.2, Avg: 0.5, Max: 0.6, Diff: 0.3, Sum: 2.7]
      [GC Worker End (ms): Min: 684395.1, Avg: 684395.1, Max: 684395.1, Diff: 0.0]
   [Code Root Fixup: 0.0 ms]
   [Code Root Purge: 0.0 ms]
   [Clear CT: 0.2 ms]
   [Other: 0.8 ms]
      [Choose CSet: 0.0 ms]
      [Ref Proc: 0.1 ms]
      [Ref Enq: 0.0 ms]
      [Redirty Cards: 0.1 ms]
      [Humongous Register: 0.0 ms]
      [Humongous Reclaim: 0.0 ms]
      [Free CSet: 0.4 ms]
   [Eden: 612.0M(612.0M)->0.0B(612.0M) Survivors: 2048.0K->2048.0K Heap: 618.6M(1024.0M)->6804.1K(1024.0M)]
 [Times: user=0.00 sys=0.00, real=0.00 secs] 
2024-10-11T08:45:04.011+0300: 684.396: Total time for which application threads were stopped: 0.0019334 seconds, Stopping threads took: 0.0001642 seconds
2024-10-11T08:45:06.083+0300: 686.465: Application time: 2.0689613 seconds
2024-10-11T08:45:06.083+0300: 686.465: [GC pause (G1 Evacuation Pause) (young), 0.0015200 secs]
   [Parallel Time: 0.6 ms, GC Workers: 6]
      [GC Worker Start (ms): Min: 686465.4, Avg: 686465.4, Max: 686465.5, Diff: 0.1]
      [Ext Root Scanning (ms): Min: 0.2, Avg: 0.2, Max: 0.3, Diff: 0.1, Sum: 1.5]
      [Update RS (ms): Min: 0.0, Avg: 0.0, Max: 0.0, Diff: 0.0, Sum: 0.1]
         [Processed Buffers: Min: 0, Avg: 1.0, Max: 2, Diff: 2, Sum: 6]
      [Scan RS (ms): Min: 0.1, Avg: 0.1, Max: 0.1, Diff: 0.0, Sum: 0.6]
      [Code Root Scanning (ms): Min: 0.0, Avg: 0.0, Max: 0.0, Diff: 0.0, Sum: 0.0]
      [Object Copy (ms): Min: 0.1, Avg: 0.1, Max: 0.2, Diff: 0.1, Sum: 0.8]
      [Termination (ms): Min: 0.0, Avg: 0.0, Max: 0.0, Diff: 0.0, Sum: 0.0]
         [Termination Attempts: Min: 1, Avg: 1.7, Max: 3, Diff: 2, Sum: 10]
      [GC Worker Other (ms): Min: 0.0, Avg: 0.0, Max: 0.1, Diff: 0.0, Sum: 0.2]
      [GC Worker Total (ms): Min: 0.5, Avg: 0.5, Max: 0.6, Diff: 0.1, Sum: 3.3]
      [GC Worker End (ms): Min: 686465.9, Avg: 686466.0, Max: 686466.0, Diff: 0.0]
   [Code Root Fixup: 0.0 ms]
   [Code Root Purge: 0.0 ms]
   [Clear CT: 0.2 ms]
   [Other: 0.7 ms]
      [Choose CSet: 0.0 ms]
      [Ref Proc: 0.1 ms]
      [Ref Enq: 0.0 ms]
      [Redirty Cards: 0.1 ms]
      [Humongous Register: 0.0 ms]
      [Humongous Reclaim: 0.0 ms]
      [Free CSet: 0.3 ms]
   [Eden: 612.0M(612.0M)->0.0B(612.0M) Survivors: 2048.0K->2048.0K Heap: 618.6M(1024.0M)->6772.3K(1024.0M)]
 [Times: user=0.00 sys=0.00, real=0.00 secs] 
2024-10-11T08:45:06.083+0300: 686.467: Total time for which application threads were stopped: 0.0018183 seconds, Stopping threads took: 0.0001173 seconds
2024-10-11T08:45:08.154+0300: 688.526: Application time: 2.0593950 seconds
2024-10-11T08:45:08.154+0300: 688.527: [GC pause (G1 Evacuation Pause) (young), 0.0014163 secs]
   [Parallel Time: 0.6 ms, GC Workers: 6]
      [GC Worker Start (ms): Min: 688526.6, Avg: 688526.6, Max: 688526.6, Diff: 0.1]
      [Ext Root Scanning (ms): Min: 0.2, Avg: 0.2, Max: 0.3, Diff: 0.1, Sum: 1.5]
      [Update RS (ms): Min: 0.0, Avg: 0.0, Max: 0.0, Diff: 0.0, Sum: 0.1]
         [Processed Buffers: Min: 0, Avg: 1.0, Max: 3, Diff: 3, Sum: 6]
      [Scan RS (ms): Min: 0.1, Avg: 0.1, Max: 0.1, Diff: 0.1, Sum: 0.6]
      [Code Root Scanning (ms): Min: 0.0, Avg: 0.0, Max: 0.0, Diff: 0.0, Sum: 0.0]
      [Object Copy (ms): Min: 0.1, Avg: 0.1, Max: 0.2, Diff: 0.1, Sum: 0.7]
      [Termination (ms): Min: 0.0, Avg: 0.0, Max: 0.0, Diff: 0.0, Sum: 0.0]
         [Termination Attempts: Min: 1, Avg: 1.0, Max: 1, Diff: 0, Sum: 6]
      [GC Worker Other (ms): Min: 0.0, Avg: 0.0, Max: 0.0, Diff: 0.0, Sum: 0.1]
      [GC Worker Total (ms): Min: 0.5, Avg: 0.5, Max: 0.5, Diff: 0.1, Sum: 3.0]
      [GC Worker End (ms): Min: 688527.1, Avg: 688527.1, Max: 688527.1, Diff: 0.0]
   [Code Root Fixup: 0.0 ms]
   [Code Root Purge: 0.0 ms]
   [Clear CT: 0.2 ms]
   [Other: 0.6 ms]
      [Choose CSet: 0.0 ms]
      [Ref Proc: 0.1 ms]
      [Ref Enq: 0.0 ms]
      [Redirty Cards: 0.1 ms]
      [Humongous Register: 0.0 ms]
      [Humongous Reclaim: 0.0 ms]
      [Free CSet: 0.3 ms]
   [Eden: 612.0M(612.0M)->0.0B(612.0M) Survivors: 2048.0K->2048.0K Heap: 618.6M(1024.0M)->6810.5K(1024.0M)]
 [Times: user=0.00 sys=0.00, real=0.00 secs] 
2024-10-11T08:45:08.154+0300: 688.528: Total time for which application threads were stopped: 0.0017123 seconds, Stopping threads took: 0.0001028 seconds
2024-10-11T08:45:10.194+0300: 690.574: Application time: 2.0461002 seconds
2024-10-11T08:45:10.194+0300: 690.574: [GC pause (G1 Evacuation Pause) (young), 0.0013842 secs]
   [Parallel Time: 0.6 ms, GC Workers: 6]
      [GC Worker Start (ms): Min: 690574.4, Avg: 690574.5, Max: 690574.5, Diff: 0.1]
      [Ext Root Scanning (ms): Min: 0.2, Avg: 0.3, Max: 0.3, Diff: 0.1, Sum: 1.5]
      [Update RS (ms): Min: 0.0, Avg: 0.0, Max: 0.0, Diff: 0.0, Sum: 0.1]
         [Processed Buffers: Min: 0, Avg: 0.8, Max: 2, Diff: 2, Sum: 5]
      [Scan RS (ms): Min: 0.1, Avg: 0.1, Max: 0.1, Diff: 0.0, Sum: 0.5]
      [Code Root Scanning (ms): Min: 0.0, Avg: 0.0, Max: 0.0, Diff: 0.0, Sum: 0.0]
      [Object Copy (ms): Min: 0.1, Avg: 0.1, Max: 0.2, Diff: 0.0, Sum: 0.8]
      [Termination (ms): Min: 0.0, Avg: 0.0, Max: 0.0, Diff: 0.0, Sum: 0.1]
         [Termination Attempts: Min: 1, Avg: 1.0, Max: 1, Diff: 0, Sum: 6]
      [GC Worker Other (ms): Min: 0.0, Avg: 0.0, Max: 0.0, Diff: 0.0, Sum: 0.1]
      [GC Worker Total (ms): Min: 0.5, Avg: 0.5, Max: 0.5, Diff: 0.1, Sum: 3.1]
      [GC Worker End (ms): Min: 690575.0, Avg: 690575.0, Max: 690575.0, Diff: 0.0]
   [Code Root Fixup: 0.0 ms]
   [Code Root Purge: 0.0 ms]
   [Clear CT: 0.2 ms]
   [Other: 0.6 ms]
      [Choose CSet: 0.0 ms]
      [Ref Proc: 0.1 ms]
      [Ref Enq: 0.0 ms]
      [Redirty Cards: 0.1 ms]
      [Humongous Register: 0.0 ms]
      [Humongous Reclaim: 0.0 ms]
      [Free CSet: 0.3 ms]
   [Eden: 612.0M(612.0M)->0.0B(612.0M) Survivors: 2048.0K->2048.0K Heap: 618.7M(1024.0M)->6634.6K(1024.0M)]
 [Times: user=0.00 sys=0.00, real=0.00 secs] 
2024-10-11T08:45:10.194+0300: 690.576: Total time for which application threads were stopped: 0.0016947 seconds, Stopping threads took: 0.0001392 seconds
2024-10-11T08:45:12.233+0300: 692.618: Application time: 2.0419399 seconds
2024-10-11T08:45:12.233+0300: 692.618: [GC pause (G1 Evacuation Pause) (young), 0.0013969 secs]
   [Parallel Time: 0.6 ms, GC Workers: 6]
      [GC Worker Start (ms): Min: 692618.1, Avg: 692618.1, Max: 692618.4, Diff: 0.3]
      [Ext Root Scanning (ms): Min: 0.0, Avg: 0.2, Max: 0.3, Diff: 0.3, Sum: 1.4]
      [Update RS (ms): Min: 0.0, Avg: 0.0, Max: 0.0, Diff: 0.0, Sum: 0.1]
         [Processed Buffers: Min: 0, Avg: 0.8, Max: 2, Diff: 2, Sum: 5]
      [Scan RS (ms): Min: 0.1, Avg: 0.1, Max: 0.1, Diff: 0.0, Sum: 0.6]
      [Code Root Scanning (ms): Min: 0.0, Avg: 0.0, Max: 0.0, Diff: 0.0, Sum: 0.0]
      [Object Copy (ms): Min: 0.1, Avg: 0.1, Max: 0.2, Diff: 0.0, Sum: 0.8]
      [Termination (ms): Min: 0.0, Avg: 0.0, Max: 0.0, Diff: 0.0, Sum: 0.1]
         [Termination Attempts: Min: 1, Avg: 1.0, Max: 1, Diff: 0, Sum: 6]
      [GC Worker Other (ms): Min: 0.0, Avg: 0.0, Max: 0.0, Diff: 0.0, Sum: 0.1]
      [GC Worker Total (ms): Min: 0.3, Avg: 0.5, Max: 0.6, Diff: 0.3, Sum: 3.0]
      [GC Worker End (ms): Min: 692618.6, Avg: 692618.6, Max: 692618.6, Diff: 0.0]
   [Code Root Fixup: 0.0 ms]
   [Code Root Purge: 0.0 ms]
   [Clear CT: 0.2 ms]
   [Other: 0.6 ms]
      [Choose CSet: 0.0 ms]
      [Ref Proc: 0.1 ms]
      [Ref Enq: 0.0 ms]
      [Redirty Cards: 0.1 ms]
      [Humongous Register: 0.0 ms]
      [Humongous Reclaim: 0.0 ms]
      [Free CSet: 0.3 ms]
   [Eden: 612.0M(612.0M)->0.0B(612.0M) Survivors: 2048.0K->2048.0K Heap: 618.5M(1024.0M)->6660.7K(1024.0M)]
 [Times: user=0.00 sys=0.00, real=0.00 secs] 
2024-10-11T08:45:12.233+0300: 692.620: Total time for which application threads were stopped: 0.0017019 seconds, Stopping threads took: 0.0001234 seconds
2024-10-11T08:45:14.288+0300: 694.672: Application time: 2.0522675 seconds
2024-10-11T08:45:14.288+0300: 694.672: [GC pause (G1 Evacuation Pause) (young), 0.0014434 secs]
   [Parallel Time: 0.6 ms, GC Workers: 6]
      [GC Worker Start (ms): Min: 694672.1, Avg: 694672.1, Max: 694672.1, Diff: 0.0]
      [Ext Root Scanning (ms): Min: 0.2, Avg: 0.2, Max: 0.3, Diff: 0.0, Sum: 1.5]
      [Update RS (ms): Min: 0.0, Avg: 0.0, Max: 0.0, Diff: 0.0, Sum: 0.1]
         [Processed Buffers: Min: 0, Avg: 0.8, Max: 2, Diff: 2, Sum: 5]
      [Scan RS (ms): Min: 0.1, Avg: 0.1, Max: 0.1, Diff: 0.0, Sum: 0.6]
      [Code Root Scanning (ms): Min: 0.0, Avg: 0.0, Max: 0.0, Diff: 0.0, Sum: 0.0]
      [Object Copy (ms): Min: 0.1, Avg: 0.1, Max: 0.2, Diff: 0.1, Sum: 0.9]
      [Termination (ms): Min: 0.0, Avg: 0.0, Max: 0.0, Diff: 0.0, Sum: 0.1]
         [Termination Attempts: Min: 1, Avg: 1.2, Max: 2, Diff: 1, Sum: 7]
      [GC Worker Other (ms): Min: 0.0, Avg: 0.0, Max: 0.0, Diff: 0.0, Sum: 0.1]
      [GC Worker Total (ms): Min: 0.5, Avg: 0.5, Max: 0.6, Diff: 0.1, Sum: 3.2]
      [GC Worker End (ms): Min: 694672.6, Avg: 694672.6, Max: 694672.7, Diff: 0.0]
   [Code Root Fixup: 0.0 ms]
   [Code Root Purge: 0.0 ms]
   [Clear CT: 0.2 ms]
   [Other: 0.7 ms]
      [Choose CSet: 0.0 ms]
      [Ref Proc: 0.2 ms]
      [Ref Enq: 0.0 ms]
      [Redirty Cards: 0.1 ms]
      [Humongous Register: 0.0 ms]
      [Humongous Reclaim: 0.0 ms]
      [Free CSet: 0.3 ms]
   [Eden: 612.0M(612.0M)->0.0B(612.0M) Survivors: 2048.0K->2048.0K Heap: 618.5M(1024.0M)->6773.8K(1024.0M)]
 [Times: user=0.00 sys=0.00, real=0.00 secs] 
2024-10-11T08:45:14.288+0300: 694.674: Total time for which application threads were stopped: 0.0017904 seconds, Stopping threads took: 0.0001516 seconds
2024-10-11T08:45:16.343+0300: 696.719: Application time: 2.0456839 seconds
2024-10-11T08:45:16.343+0300: 696.720: [GC pause (G1 Evacuation Pause) (young), 0.0016540 secs]
   [Parallel Time: 0.6 ms, GC Workers: 6]
      [GC Worker Start (ms): Min: 696719.6, Avg: 696719.7, Max: 696719.7, Diff: 0.1]
      [Ext Root Scanning (ms): Min: 0.2, Avg: 0.2, Max: 0.3, Diff: 0.0, Sum: 1.4]
      [Update RS (ms): Min: 0.0, Avg: 0.0, Max: 0.0, Diff: 0.0, Sum: 0.1]
         [Processed Buffers: Min: 0, Avg: 0.7, Max: 1, Diff: 1, Sum: 4]
      [Scan RS (ms): Min: 0.1, Avg: 0.1, Max: 0.1, Diff: 0.0, Sum: 0.5]
      [Code Root Scanning (ms): Min: 0.0, Avg: 0.0, Max: 0.0, Diff: 0.0, Sum: 0.0]
      [Object Copy (ms): Min: 0.1, Avg: 0.1, Max: 0.1, Diff: 0.0, Sum: 0.8]
      [Termination (ms): Min: 0.0, Avg: 0.0, Max: 0.0, Diff: 0.0, Sum: 0.1]
         [Termination Attempts: Min: 1, Avg: 1.0, Max: 1, Diff: 0, Sum: 6]
      [GC Worker Other (ms): Min: 0.0, Avg: 0.0, Max: 0.0, Diff: 0.0, Sum: 0.2]
      [GC Worker Total (ms): Min: 0.5, Avg: 0.5, Max: 0.5, Diff: 0.1, Sum: 3.1]
      [GC Worker End (ms): Min: 696720.2, Avg: 696720.2, Max: 696720.2, Diff: 0.0]
   [Code Root Fixup: 0.0 ms]
   [Code Root Purge: 0.0 ms]
   [Clear CT: 0.2 ms]
   [Other: 0.9 ms]
      [Choose CSet: 0.0 ms]
      [Ref Proc: 0.2 ms]
      [Ref Enq: 0.0 ms]
      [Redirty Cards: 0.1 ms]
      [Humongous Register: 0.0 ms]
      [Humongous Reclaim: 0.0 ms]
      [Free CSet: 0.4 ms]
   [Eden: 612.0M(612.0M)->0.0B(612.0M) Survivors: 2048.0K->2048.0K Heap: 618.6M(1024.0M)->6799.1K(1024.0M)]
 [Times: user=0.00 sys=0.00, real=0.00 secs] 
2024-10-11T08:45:16.343+0300: 696.721: Total time for which application threads were stopped: 0.0020705 seconds, Stopping threads took: 0.0002058 seconds
2024-10-11T08:45:18.382+0300: 698.765: Application time: 2.0440948 seconds
2024-10-11T08:45:18.382+0300: 698.766: [GC pause (G1 Evacuation Pause) (young), 0.0013255 secs]
   [Parallel Time: 0.6 ms, GC Workers: 6]
      [GC Worker Start (ms): Min: 698765.7, Avg: 698765.8, Max: 698766.0, Diff: 0.3]
      [Ext Root Scanning (ms): Min: 0.0, Avg: 0.2, Max: 0.3, Diff: 0.3, Sum: 1.4]
      [Update RS (ms): Min: 0.0, Avg: 0.0, Max: 0.0, Diff: 0.0, Sum: 0.1]
         [Processed Buffers: Min: 0, Avg: 0.7, Max: 2, Diff: 2, Sum: 4]
      [Scan RS (ms): Min: 0.1, Avg: 0.1, Max: 0.1, Diff: 0.0, Sum: 0.6]
      [Code Root Scanning (ms): Min: 0.0, Avg: 0.0, Max: 0.0, Diff: 0.0, Sum: 0.0]
      [Object Copy (ms): Min: 0.1, Avg: 0.2, Max: 0.2, Diff: 0.1, Sum: 0.9]
      [Termination (ms): Min: 0.0, Avg: 0.0, Max: 0.0, Diff: 0.0, Sum: 0.0]
         [Termination Attempts: Min: 1, Avg: 1.2, Max: 2, Diff: 1, Sum: 7]
      [GC Worker Other (ms): Min: 0.0, Avg: 0.0, Max: 0.0, Diff: 0.0, Sum: 0.1]
      [GC Worker Total (ms): Min: 0.3, Avg: 0.5, Max: 0.6, Diff: 0.3, Sum: 3.1]
      [GC Worker End (ms): Min: 698766.3, Avg: 698766.3, Max: 698766.3, Diff: 0.0]
   [Code Root Fixup: 0.0 ms]
   [Code Root Purge: 0.0 ms]
   [Clear CT: 0.2 ms]
   [Other: 0.5 ms]
      [Choose CSet: 0.0 ms]
      [Ref Proc: 0.1 ms]
      [Ref Enq: 0.0 ms]
      [Redirty Cards: 0.1 ms]
      [Humongous Register: 0.0 ms]
      [Humongous Reclaim: 0.0 ms]
      [Free CSet: 0.2 ms]
   [Eden: 612.0M(612.0M)->0.0B(612.0M) Survivors: 2048.0K->2048.0K Heap: 618.6M(1024.0M)->6629.5K(1024.0M)]
 [Times: user=0.00 sys=0.00, real=0.00 secs] 
2024-10-11T08:45:18.382+0300: 698.767: Total time for which application threads were stopped: 0.0016362 seconds, Stopping threads took: 0.0001377 seconds
2024-10-11T08:45:20.438+0300: 700.825: Application time: 2.0577137 seconds
2024-10-11T08:45:20.438+0300: 700.825: [GC pause (G1 Evacuation Pause) (young), 0.0014776 secs]
   [Parallel Time: 0.6 ms, GC Workers: 6]
      [GC Worker Start (ms): Min: 700825.1, Avg: 700825.1, Max: 700825.1, Diff: 0.0]
      [Ext Root Scanning (ms): Min: 0.2, Avg: 0.3, Max: 0.3, Diff: 0.0, Sum: 1.5]
      [Update RS (ms): Min: 0.0, Avg: 0.0, Max: 0.0, Diff: 0.0, Sum: 0.1]
         [Processed Buffers: Min: 0, Avg: 0.7, Max: 1, Diff: 1, Sum: 4]
      [Scan RS (ms): Min: 0.1, Avg: 0.1, Max: 0.1, Diff: 0.0, Sum: 0.6]
      [Code Root Scanning (ms): Min: 0.0, Avg: 0.0, Max: 0.0, Diff: 0.0, Sum: 0.0]
      [Object Copy (ms): Min: 0.1, Avg: 0.1, Max: 0.2, Diff: 0.0, Sum: 0.8]
      [Termination (ms): Min: 0.0, Avg: 0.0, Max: 0.0, Diff: 0.0, Sum: 0.0]
         [Termination Attempts: Min: 1, Avg: 1.0, Max: 1, Diff: 0, Sum: 6]
      [GC Worker Other (ms): Min: 0.0, Avg: 0.0, Max: 0.0, Diff: 0.0, Sum: 0.2]
      [GC Worker Total (ms): Min: 0.5, Avg: 0.5, Max: 0.6, Diff: 0.1, Sum: 3.2]
      [GC Worker End (ms): Min: 700825.6, Avg: 700825.6, Max: 700825.6, Diff: 0.0]
   [Code Root Fixup: 0.0 ms]
   [Code Root Purge: 0.0 ms]
   [Clear CT: 0.2 ms]
   [Other: 0.7 ms]
      [Choose CSet: 0.0 ms]
      [Ref Proc: 0.1 ms]
      [Ref Enq: 0.0 ms]
      [Redirty Cards: 0.1 ms]
      [Humongous Register: 0.0 ms]
      [Humongous Reclaim: 0.0 ms]
      [Free CSet: 0.3 ms]
   [Eden: 612.0M(612.0M)->0.0B(612.0M) Survivors: 2048.0K->2048.0K Heap: 618.5M(1024.0M)->6811.0K(1024.0M)]
 [Times: user=0.00 sys=0.00, real=0.02 secs] 
2024-10-11T08:45:20.454+0300: 700.827: Total time for which application threads were stopped: 0.0018083 seconds, Stopping threads took: 0.0001564 seconds
2024-10-11T08:45:22.492+0300: 702.866: Application time: 2.0394900 seconds
2024-10-11T08:45:22.492+0300: 702.866: [GC pause (G1 Evacuation Pause) (young), 0.0015316 secs]
   [Parallel Time: 0.6 ms, GC Workers: 6]
      [GC Worker Start (ms): Min: 702866.4, Avg: 702866.4, Max: 702866.5, Diff: 0.1]
      [Ext Root Scanning (ms): Min: 0.2, Avg: 0.3, Max: 0.3, Diff: 0.1, Sum: 1.5]
      [Update RS (ms): Min: 0.0, Avg: 0.0, Max: 0.0, Diff: 0.0, Sum: 0.1]
         [Processed Buffers: Min: 0, Avg: 0.7, Max: 3, Diff: 3, Sum: 4]
      [Scan RS (ms): Min: 0.1, Avg: 0.1, Max: 0.1, Diff: 0.0, Sum: 0.5]
      [Code Root Scanning (ms): Min: 0.0, Avg: 0.0, Max: 0.0, Diff: 0.0, Sum: 0.0]
      [Object Copy (ms): Min: 0.1, Avg: 0.1, Max: 0.2, Diff: 0.0, Sum: 0.8]
      [Termination (ms): Min: 0.0, Avg: 0.0, Max: 0.0, Diff: 0.0, Sum: 0.1]
         [Termination Attempts: Min: 1, Avg: 1.0, Max: 1, Diff: 0, Sum: 6]
      [GC Worker Other (ms): Min: 0.0, Avg: 0.0, Max: 0.0, Diff: 0.0, Sum: 0.1]
      [GC Worker Total (ms): Min: 0.5, Avg: 0.5, Max: 0.5, Diff: 0.1, Sum: 3.1]
      [GC Worker End (ms): Min: 702866.9, Avg: 702867.0, Max: 702867.0, Diff: 0.0]
   [Code Root Fixup: 0.0 ms]
   [Code Root Purge: 0.0 ms]
   [Clear CT: 0.2 ms]
   [Other: 0.7 ms]
      [Choose CSet: 0.0 ms]
      [Ref Proc: 0.2 ms]
      [Ref Enq: 0.0 ms]
      [Redirty Cards: 0.1 ms]
      [Humongous Register: 0.0 ms]
      [Humongous Reclaim: 0.0 ms]
      [Free CSet: 0.3 ms]
   [Eden: 612.0M(612.0M)->0.0B(612.0M) Survivors: 2048.0K->2048.0K Heap: 618.7M(1024.0M)->6523.6K(1024.0M)]
 [Times: user=0.00 sys=0.00, real=0.00 secs] 
2024-10-11T08:45:22.492+0300: 702.868: Total time for which application threads were stopped: 0.0018952 seconds, Stopping threads took: 0.0001487 seconds
2024-10-11T08:45:24.534+0300: 704.917: Application time: 2.0490469 seconds
2024-10-11T08:45:24.534+0300: 704.917: [GC pause (G1 Evacuation Pause) (young), 0.0013806 secs]
   [Parallel Time: 0.6 ms, GC Workers: 6]
      [GC Worker Start (ms): Min: 704917.4, Avg: 704917.4, Max: 704917.5, Diff: 0.1]
      [Ext Root Scanning (ms): Min: 0.2, Avg: 0.3, Max: 0.3, Diff: 0.1, Sum: 1.5]
      [Update RS (ms): Min: 0.0, Avg: 0.0, Max: 0.0, Diff: 0.0, Sum: 0.1]
         [Processed Buffers: Min: 0, Avg: 0.7, Max: 1, Diff: 1, Sum: 4]
      [Scan RS (ms): Min: 0.1, Avg: 0.1, Max: 0.1, Diff: 0.0, Sum: 0.6]
      [Code Root Scanning (ms): Min: 0.0, Avg: 0.0, Max: 0.0, Diff: 0.0, Sum: 0.0]
      [Object Copy (ms): Min: 0.1, Avg: 0.1, Max: 0.2, Diff: 0.0, Sum: 0.8]
      [Termination (ms): Min: 0.0, Avg: 0.0, Max: 0.0, Diff: 0.0, Sum: 0.1]
         [Termination Attempts: Min: 1, Avg: 1.0, Max: 1, Diff: 0, Sum: 6]
      [GC Worker Other (ms): Min: 0.0, Avg: 0.0, Max: 0.0, Diff: 0.0, Sum: 0.1]
      [GC Worker Total (ms): Min: 0.5, Avg: 0.5, Max: 0.6, Diff: 0.1, Sum: 3.2]
      [GC Worker End (ms): Min: 704918.0, Avg: 704918.0, Max: 704918.0, Diff: 0.0]
   [Code Root Fixup: 0.0 ms]
   [Code Root Purge: 0.0 ms]
   [Clear CT: 0.2 ms]
   [Other: 0.6 ms]
      [Choose CSet: 0.0 ms]
      [Ref Proc: 0.1 ms]
      [Ref Enq: 0.0 ms]
      [Redirty Cards: 0.1 ms]
      [Humongous Register: 0.0 ms]
      [Humongous Reclaim: 0.0 ms]
      [Free CSet: 0.2 ms]
   [Eden: 612.0M(612.0M)->0.0B(612.0M) Survivors: 2048.0K->2048.0K Heap: 618.4M(1024.0M)->6756.9K(1024.0M)]
 [Times: user=0.00 sys=0.00, real=0.00 secs] 
2024-10-11T08:45:24.534+0300: 704.919: Total time for which application threads were stopped: 0.0017767 seconds, Stopping threads took: 0.0001958 seconds
2024-10-11T08:45:26.589+0300: 706.967: Application time: 2.0481044 seconds
2024-10-11T08:45:26.589+0300: 706.967: [GC pause (G1 Evacuation Pause) (young), 0.0014377 secs]
   [Parallel Time: 0.6 ms, GC Workers: 6]
      [GC Worker Start (ms): Min: 706967.3, Avg: 706967.4, Max: 706967.4, Diff: 0.1]
      [Ext Root Scanning (ms): Min: 0.2, Avg: 0.2, Max: 0.3, Diff: 0.1, Sum: 1.5]
      [Update RS (ms): Min: 0.0, Avg: 0.0, Max: 0.0, Diff: 0.0, Sum: 0.1]
         [Processed Buffers: Min: 0, Avg: 0.7, Max: 1, Diff: 1, Sum: 4]
      [Scan RS (ms): Min: 0.1, Avg: 0.1, Max: 0.1, Diff: 0.0, Sum: 0.6]
      [Code Root Scanning (ms): Min: 0.0, Avg: 0.0, Max: 0.0, Diff: 0.0, Sum: 0.0]
      [Object Copy (ms): Min: 0.1, Avg: 0.1, Max: 0.2, Diff: 0.1, Sum: 0.8]
      [Termination (ms): Min: 0.0, Avg: 0.0, Max: 0.0, Diff: 0.0, Sum: 0.1]
         [Termination Attempts: Min: 1, Avg: 1.0, Max: 1, Diff: 0, Sum: 6]
      [GC Worker Other (ms): Min: 0.0, Avg: 0.0, Max: 0.0, Diff: 0.0, Sum: 0.1]
      [GC Worker Total (ms): Min: 0.4, Avg: 0.5, Max: 0.6, Diff: 0.1, Sum: 3.1]
      [GC Worker End (ms): Min: 706967.9, Avg: 706967.9, Max: 706967.9, Diff: 0.0]
   [Code Root Fixup: 0.0 ms]
   [Code Root Purge: 0.0 ms]
   [Clear CT: 0.2 ms]
   [Other: 0.7 ms]
      [Choose CSet: 0.0 ms]
      [Ref Proc: 0.1 ms]
      [Ref Enq: 0.0 ms]
      [Redirty Cards: 0.1 ms]
      [Humongous Register: 0.1 ms]
      [Humongous Reclaim: 0.0 ms]
      [Free CSet: 0.3 ms]
   [Eden: 612.0M(612.0M)->0.0B(612.0M) Survivors: 2048.0K->2048.0K Heap: 618.6M(1024.0M)->6577.8K(1024.0M)]
 [Times: user=0.00 sys=0.00, real=0.00 secs] 
2024-10-11T08:45:26.589+0300: 706.969: Total time for which application threads were stopped: 0.0018161 seconds, Stopping threads took: 0.0001643 seconds
2024-10-11T08:45:28.645+0300: 709.018: Application time: 2.0490500 seconds
2024-10-11T08:45:28.645+0300: 709.018: [GC pause (G1 Evacuation Pause) (young), 0.0014292 secs]
   [Parallel Time: 0.7 ms, GC Workers: 6]
      [GC Worker Start (ms): Min: 709018.1, Avg: 709018.2, Max: 709018.4, Diff: 0.3]
      [Ext Root Scanning (ms): Min: 0.0, Avg: 0.2, Max: 0.3, Diff: 0.3, Sum: 1.4]
      [Update RS (ms): Min: 0.0, Avg: 0.0, Max: 0.0, Diff: 0.0, Sum: 0.1]
         [Processed Buffers: Min: 0, Avg: 0.7, Max: 2, Diff: 2, Sum: 4]
      [Scan RS (ms): Min: 0.0, Avg: 0.1, Max: 0.1, Diff: 0.1, Sum: 0.5]
      [Code Root Scanning (ms): Min: 0.0, Avg: 0.0, Max: 0.0, Diff: 0.0, Sum: 0.0]
      [Object Copy (ms): Min: 0.1, Avg: 0.2, Max: 0.3, Diff: 0.2, Sum: 1.0]
      [Termination (ms): Min: 0.0, Avg: 0.0, Max: 0.1, Diff: 0.1, Sum: 0.2]
         [Termination Attempts: Min: 1, Avg: 1.7, Max: 2, Diff: 1, Sum: 10]
      [GC Worker Other (ms): Min: 0.0, Avg: 0.0, Max: 0.0, Diff: 0.0, Sum: 0.1]
      [GC Worker Total (ms): Min: 0.3, Avg: 0.5, Max: 0.6, Diff: 0.3, Sum: 3.3]
      [GC Worker End (ms): Min: 709018.7, Avg: 709018.7, Max: 709018.8, Diff: 0.0]
   [Code Root Fixup: 0.0 ms]
   [Code Root Purge: 0.0 ms]
   [Clear CT: 0.2 ms]
   [Other: 0.6 ms]
      [Choose CSet: 0.0 ms]
      [Ref Proc: 0.1 ms]
      [Ref Enq: 0.0 ms]
      [Redirty Cards: 0.1 ms]
      [Humongous Register: 0.0 ms]
      [Humongous Reclaim: 0.0 ms]
      [Free CSet: 0.3 ms]
   [Eden: 612.0M(612.0M)->0.0B(612.0M) Survivors: 2048.0K->2048.0K Heap: 618.4M(1024.0M)->6654.6K(1024.0M)]
 [Times: user=0.00 sys=0.00, real=0.00 secs] 
2024-10-11T08:45:28.645+0300: 709.020: Total time for which application threads were stopped: 0.0018103 seconds, Stopping threads took: 0.0002154 seconds
2024-10-11T08:45:30.700+0300: 711.079: Application time: 2.0594254 seconds
2024-10-11T08:45:30.700+0300: 711.079: [GC pause (G1 Evacuation Pause) (young), 0.0014299 secs]
   [Parallel Time: 0.6 ms, GC Workers: 6]
      [GC Worker Start (ms): Min: 711079.3, Avg: 711079.4, Max: 711079.4, Diff: 0.1]
      [Ext Root Scanning (ms): Min: 0.2, Avg: 0.2, Max: 0.3, Diff: 0.1, Sum: 1.5]
      [Update RS (ms): Min: 0.0, Avg: 0.0, Max: 0.0, Diff: 0.0, Sum: 0.1]
         [Processed Buffers: Min: 0, Avg: 0.8, Max: 2, Diff: 2, Sum: 5]
      [Scan RS (ms): Min: 0.1, Avg: 0.1, Max: 0.1, Diff: 0.0, Sum: 0.6]
      [Code Root Scanning (ms): Min: 0.0, Avg: 0.0, Max: 0.0, Diff: 0.0, Sum: 0.0]
      [Object Copy (ms): Min: 0.1, Avg: 0.1, Max: 0.2, Diff: 0.0, Sum: 0.8]
      [Termination (ms): Min: 0.0, Avg: 0.0, Max: 0.0, Diff: 0.0, Sum: 0.1]
         [Termination Attempts: Min: 1, Avg: 1.0, Max: 1, Diff: 0, Sum: 6]
      [GC Worker Other (ms): Min: 0.0, Avg: 0.0, Max: 0.0, Diff: 0.0, Sum: 0.1]
      [GC Worker Total (ms): Min: 0.5, Avg: 0.5, Max: 0.5, Diff: 0.1, Sum: 3.1]
      [GC Worker End (ms): Min: 711079.9, Avg: 711079.9, Max: 711079.9, Diff: 0.0]
   [Code Root Fixup: 0.0 ms]
   [Code Root Purge: 0.0 ms]
   [Clear CT: 0.2 ms]
   [Other: 0.7 ms]
      [Choose CSet: 0.0 ms]
      [Ref Proc: 0.1 ms]
      [Ref Enq: 0.0 ms]
      [Redirty Cards: 0.1 ms]
      [Humongous Register: 0.0 ms]
      [Humongous Reclaim: 0.0 ms]
      [Free CSet: 0.3 ms]
   [Eden: 612.0M(612.0M)->0.0B(612.0M) Survivors: 2048.0K->2048.0K Heap: 618.5M(1024.0M)->6764.9K(1024.0M)]
 [Times: user=0.00 sys=0.00, real=0.00 secs] 
2024-10-11T08:45:30.700+0300: 711.081: Total time for which application threads were stopped: 0.0017834 seconds, Stopping threads took: 0.0001373 seconds
2024-10-11T08:45:32.749+0300: 713.122: Application time: 2.0410596 seconds
2024-10-11T08:45:32.749+0300: 713.122: [GC pause (G1 Evacuation Pause) (young), 0.0013378 secs]
   [Parallel Time: 0.6 ms, GC Workers: 6]
      [GC Worker Start (ms): Min: 713122.1, Avg: 713122.1, Max: 713122.2, Diff: 0.0]
      [Ext Root Scanning (ms): Min: 0.2, Avg: 0.3, Max: 0.3, Diff: 0.0, Sum: 1.5]
      [Update RS (ms): Min: 0.0, Avg: 0.0, Max: 0.0, Diff: 0.0, Sum: 0.1]
         [Processed Buffers: Min: 0, Avg: 0.8, Max: 1, Diff: 1, Sum: 5]
      [Scan RS (ms): Min: 0.1, Avg: 0.1, Max: 0.1, Diff: 0.0, Sum: 0.6]
      [Code Root Scanning (ms): Min: 0.0, Avg: 0.0, Max: 0.0, Diff: 0.0, Sum: 0.0]
      [Object Copy (ms): Min: 0.1, Avg: 0.1, Max: 0.1, Diff: 0.0, Sum: 0.8]
      [Termination (ms): Min: 0.0, Avg: 0.0, Max: 0.0, Diff: 0.0, Sum: 0.1]
         [Termination Attempts: Min: 1, Avg: 1.0, Max: 1, Diff: 0, Sum: 6]
      [GC Worker Other (ms): Min: 0.0, Avg: 0.0, Max: 0.0, Diff: 0.0, Sum: 0.1]
      [GC Worker Total (ms): Min: 0.5, Avg: 0.5, Max: 0.5, Diff: 0.0, Sum: 3.1]
      [GC Worker End (ms): Min: 713122.6, Avg: 713122.7, Max: 713122.7, Diff: 0.0]
   [Code Root Fixup: 0.0 ms]
   [Code Root Purge: 0.0 ms]
   [Clear CT: 0.2 ms]
   [Other: 0.5 ms]
      [Choose CSet: 0.0 ms]
      [Ref Proc: 0.1 ms]
      [Ref Enq: 0.0 ms]
      [Redirty Cards: 0.1 ms]
      [Humongous Register: 0.0 ms]
      [Humongous Reclaim: 0.0 ms]
      [Free CSet: 0.2 ms]
   [Eden: 612.0M(612.0M)->0.0B(612.0M) Survivors: 2048.0K->2048.0K Heap: 618.6M(1024.0M)->6743.1K(1024.0M)]
 [Times: user=0.00 sys=0.00, real=0.00 secs] 
2024-10-11T08:45:32.749+0300: 713.123: Total time for which application threads were stopped: 0.0016233 seconds, Stopping threads took: 0.0001254 seconds
2024-10-11T08:45:34.780+0300: 715.163: Application time: 2.0398258 seconds
2024-10-11T08:45:34.780+0300: 715.164: [GC pause (G1 Evacuation Pause) (young), 0.0013959 secs]
   [Parallel Time: 0.6 ms, GC Workers: 6]
      [GC Worker Start (ms): Min: 715163.6, Avg: 715163.7, Max: 715163.9, Diff: 0.3]
      [Ext Root Scanning (ms): Min: 0.0, Avg: 0.2, Max: 0.3, Diff: 0.3, Sum: 1.3]
      [Update RS (ms): Min: 0.0, Avg: 0.0, Max: 0.0, Diff: 0.0, Sum: 0.1]
         [Processed Buffers: Min: 0, Avg: 0.8, Max: 2, Diff: 2, Sum: 5]
      [Scan RS (ms): Min: 0.1, Avg: 0.1, Max: 0.1, Diff: 0.0, Sum: 0.6]
      [Code Root Scanning (ms): Min: 0.0, Avg: 0.0, Max: 0.0, Diff: 0.0, Sum: 0.0]
      [Object Copy (ms): Min: 0.1, Avg: 0.1, Max: 0.2, Diff: 0.0, Sum: 0.8]
      [Termination (ms): Min: 0.0, Avg: 0.0, Max: 0.0, Diff: 0.0, Sum: 0.1]
         [Termination Attempts: Min: 1, Avg: 1.0, Max: 1, Diff: 0, Sum: 6]
      [GC Worker Other (ms): Min: 0.0, Avg: 0.0, Max: 0.0, Diff: 0.0, Sum: 0.1]
      [GC Worker Total (ms): Min: 0.3, Avg: 0.5, Max: 0.6, Diff: 0.3, Sum: 3.0]
      [GC Worker End (ms): Min: 715164.1, Avg: 715164.2, Max: 715164.2, Diff: 0.0]
   [Code Root Fixup: 0.0 ms]
   [Code Root Purge: 0.0 ms]
   [Clear CT: 0.2 ms]
   [Other: 0.6 ms]
      [Choose CSet: 0.0 ms]
      [Ref Proc: 0.1 ms]
      [Ref Enq: 0.0 ms]
      [Redirty Cards: 0.1 ms]
      [Humongous Register: 0.0 ms]
      [Humongous Reclaim: 0.0 ms]
      [Free CSet: 0.3 ms]
   [Eden: 612.0M(612.0M)->0.0B(612.0M) Survivors: 2048.0K->2048.0K Heap: 618.6M(1024.0M)->6837.1K(1024.0M)]
 [Times: user=0.00 sys=0.00, real=0.00 secs] 
2024-10-11T08:45:34.780+0300: 715.165: Total time for which application threads were stopped: 0.0017232 seconds, Stopping threads took: 0.0001280 seconds
2024-10-11T08:45:36.835+0300: 717.217: Application time: 2.0515000 seconds
2024-10-11T08:45:36.835+0300: 717.217: [GC pause (G1 Evacuation Pause) (young), 0.0014260 secs]
   [Parallel Time: 0.7 ms, GC Workers: 6]
      [GC Worker Start (ms): Min: 717216.9, Avg: 717216.9, Max: 717216.9, Diff: 0.1]
      [Ext Root Scanning (ms): Min: 0.2, Avg: 0.3, Max: 0.3, Diff: 0.1, Sum: 1.5]
      [Update RS (ms): Min: 0.0, Avg: 0.0, Max: 0.0, Diff: 0.0, Sum: 0.1]
         [Processed Buffers: Min: 0, Avg: 0.7, Max: 3, Diff: 3, Sum: 4]
      [Scan RS (ms): Min: 0.0, Avg: 0.1, Max: 0.1, Diff: 0.1, Sum: 0.6]
      [Code Root Scanning (ms): Min: 0.0, Avg: 0.0, Max: 0.0, Diff: 0.0, Sum: 0.0]
      [Object Copy (ms): Min: 0.1, Avg: 0.2, Max: 0.3, Diff: 0.2, Sum: 1.0]
      [Termination (ms): Min: 0.0, Avg: 0.0, Max: 0.1, Diff: 0.1, Sum: 0.2]
         [Termination Attempts: Min: 1, Avg: 1.8, Max: 3, Diff: 2, Sum: 11]
      [GC Worker Other (ms): Min: 0.0, Avg: 0.0, Max: 0.0, Diff: 0.0, Sum: 0.1]
      [GC Worker Total (ms): Min: 0.6, Avg: 0.6, Max: 0.6, Diff: 0.0, Sum: 3.5]
      [GC Worker End (ms): Min: 717217.5, Avg: 717217.5, Max: 717217.5, Diff: 0.0]
   [Code Root Fixup: 0.0 ms]
   [Code Root Purge: 0.0 ms]
   [Clear CT: 0.2 ms]
   [Other: 0.6 ms]
      [Choose CSet: 0.0 ms]
      [Ref Proc: 0.1 ms]
      [Ref Enq: 0.0 ms]
      [Redirty Cards: 0.1 ms]
      [Humongous Register: 0.0 ms]
      [Humongous Reclaim: 0.0 ms]
      [Free CSet: 0.3 ms]
   [Eden: 612.0M(612.0M)->0.0B(612.0M) Survivors: 2048.0K->2048.0K Heap: 618.7M(1024.0M)->6666.4K(1024.0M)]
 [Times: user=0.00 sys=0.00, real=0.00 secs] 
2024-10-11T08:45:36.835+0300: 717.218: Total time for which application threads were stopped: 0.0017843 seconds, Stopping threads took: 0.0001728 seconds
2024-10-11T08:45:38.890+0300: 719.275: Application time: 2.0564284 seconds
2024-10-11T08:45:38.890+0300: 719.275: [GC pause (G1 Evacuation Pause) (young), 0.0014406 secs]
   [Parallel Time: 0.6 ms, GC Workers: 6]
      [GC Worker Start (ms): Min: 719275.1, Avg: 719275.1, Max: 719275.1, Diff: 0.1]
      [Ext Root Scanning (ms): Min: 0.2, Avg: 0.2, Max: 0.3, Diff: 0.1, Sum: 1.5]
      [Update RS (ms): Min: 0.0, Avg: 0.0, Max: 0.0, Diff: 0.0, Sum: 0.1]
         [Processed Buffers: Min: 0, Avg: 0.8, Max: 2, Diff: 2, Sum: 5]
      [Scan RS (ms): Min: 0.1, Avg: 0.1, Max: 0.1, Diff: 0.0, Sum: 0.6]
      [Code Root Scanning (ms): Min: 0.0, Avg: 0.0, Max: 0.0, Diff: 0.0, Sum: 0.0]
      [Object Copy (ms): Min: 0.1, Avg: 0.1, Max: 0.2, Diff: 0.1, Sum: 0.8]
      [Termination (ms): Min: 0.0, Avg: 0.0, Max: 0.0, Diff: 0.0, Sum: 0.1]
         [Termination Attempts: Min: 1, Avg: 1.0, Max: 1, Diff: 0, Sum: 6]
      [GC Worker Other (ms): Min: 0.0, Avg: 0.0, Max: 0.0, Diff: 0.0, Sum: 0.2]
      [GC Worker Total (ms): Min: 0.5, Avg: 0.5, Max: 0.6, Diff: 0.1, Sum: 3.1]
      [GC Worker End (ms): Min: 719275.6, Avg: 719275.6, Max: 719275.6, Diff: 0.0]
   [Code Root Fixup: 0.0 ms]
   [Code Root Purge: 0.0 ms]
   [Clear CT: 0.2 ms]
   [Other: 0.6 ms]
      [Choose CSet: 0.0 ms]
      [Ref Proc: 0.1 ms]
      [Ref Enq: 0.0 ms]
      [Redirty Cards: 0.1 ms]
      [Humongous Register: 0.0 ms]
      [Humongous Reclaim: 0.0 ms]
      [Free CSet: 0.3 ms]
   [Eden: 612.0M(612.0M)->0.0B(612.0M) Survivors: 2048.0K->2048.0K Heap: 618.5M(1024.0M)->6624.1K(1024.0M)]
 [Times: user=0.00 sys=0.00, real=0.00 secs] 
2024-10-11T08:45:38.890+0300: 719.277: Total time for which application threads were stopped: 0.0018016 seconds, Stopping threads took: 0.0001681 seconds
2024-10-11T08:45:40.945+0300: 721.323: Application time: 2.0464422 seconds
2024-10-11T08:45:40.945+0300: 721.323: [GC pause (G1 Evacuation Pause) (young), 0.0014867 secs]
   [Parallel Time: 0.6 ms, GC Workers: 6]
      [GC Worker Start (ms): Min: 721323.4, Avg: 721323.4, Max: 721323.4, Diff: 0.0]
      [Ext Root Scanning (ms): Min: 0.2, Avg: 0.2, Max: 0.3, Diff: 0.0, Sum: 1.5]
      [Update RS (ms): Min: 0.0, Avg: 0.0, Max: 0.0, Diff: 0.0, Sum: 0.1]
         [Processed Buffers: Min: 0, Avg: 0.8, Max: 2, Diff: 2, Sum: 5]
      [Scan RS (ms): Min: 0.1, Avg: 0.1, Max: 0.1, Diff: 0.0, Sum: 0.6]
      [Code Root Scanning (ms): Min: 0.0, Avg: 0.0, Max: 0.0, Diff: 0.0, Sum: 0.0]
      [Object Copy (ms): Min: 0.1, Avg: 0.1, Max: 0.2, Diff: 0.1, Sum: 0.8]
      [Termination (ms): Min: 0.0, Avg: 0.0, Max: 0.0, Diff: 0.0, Sum: 0.1]
         [Termination Attempts: Min: 1, Avg: 1.0, Max: 1, Diff: 0, Sum: 6]
      [GC Worker Other (ms): Min: 0.0, Avg: 0.0, Max: 0.0, Diff: 0.0, Sum: 0.1]
      [GC Worker Total (ms): Min: 0.5, Avg: 0.5, Max: 0.5, Diff: 0.0, Sum: 3.1]
      [GC Worker End (ms): Min: 721323.9, Avg: 721323.9, Max: 721323.9, Diff: 0.0]
   [Code Root Fixup: 0.0 ms]
   [Code Root Purge: 0.0 ms]
   [Clear CT: 0.2 ms]
   [Other: 0.7 ms]
      [Choose CSet: 0.0 ms]
      [Ref Proc: 0.1 ms]
      [Ref Enq: 0.0 ms]
      [Redirty Cards: 0.1 ms]
      [Humongous Register: 0.1 ms]
      [Humongous Reclaim: 0.0 ms]
      [Free CSet: 0.3 ms]
   [Eden: 612.0M(612.0M)->0.0B(612.0M) Survivors: 2048.0K->2048.0K Heap: 618.5M(1024.0M)->6692.8K(1024.0M)]
 [Times: user=0.00 sys=0.00, real=0.00 secs] 
2024-10-11T08:45:40.945+0300: 721.325: Total time for which application threads were stopped: 0.0018554 seconds, Stopping threads took: 0.0001581 seconds
2024-10-11T08:45:42.986+0300: 723.364: Application time: 2.0389720 seconds
2024-10-11T08:45:42.986+0300: 723.364: [GC pause (G1 Evacuation Pause) (young), 0.0014937 secs]
   [Parallel Time: 0.6 ms, GC Workers: 6]
      [GC Worker Start (ms): Min: 723364.2, Avg: 723364.2, Max: 723364.3, Diff: 0.1]
      [Ext Root Scanning (ms): Min: 0.2, Avg: 0.3, Max: 0.3, Diff: 0.1, Sum: 1.5]
      [Update RS (ms): Min: 0.0, Avg: 0.0, Max: 0.0, Diff: 0.0, Sum: 0.1]
         [Processed Buffers: Min: 0, Avg: 0.7, Max: 1, Diff: 1, Sum: 4]
      [Scan RS (ms): Min: 0.1, Avg: 0.1, Max: 0.1, Diff: 0.0, Sum: 0.5]
      [Code Root Scanning (ms): Min: 0.0, Avg: 0.0, Max: 0.0, Diff: 0.0, Sum: 0.0]
      [Object Copy (ms): Min: 0.1, Avg: 0.1, Max: 0.1, Diff: 0.0, Sum: 0.7]
      [Termination (ms): Min: 0.0, Avg: 0.0, Max: 0.0, Diff: 0.0, Sum: 0.1]
         [Termination Attempts: Min: 1, Avg: 1.0, Max: 1, Diff: 0, Sum: 6]
      [GC Worker Other (ms): Min: 0.0, Avg: 0.0, Max: 0.0, Diff: 0.0, Sum: 0.1]
      [GC Worker Total (ms): Min: 0.5, Avg: 0.5, Max: 0.5, Diff: 0.1, Sum: 3.0]
      [GC Worker End (ms): Min: 723364.7, Avg: 723364.7, Max: 723364.7, Diff: 0.0]
   [Code Root Fixup: 0.0 ms]
   [Code Root Purge: 0.0 ms]
   [Clear CT: 0.2 ms]
   [Other: 0.7 ms]
      [Choose CSet: 0.0 ms]
      [Ref Proc: 0.2 ms]
      [Ref Enq: 0.0 ms]
      [Redirty Cards: 0.1 ms]
      [Humongous Register: 0.0 ms]
      [Humongous Reclaim: 0.0 ms]
      [Free CSet: 0.2 ms]
   [Eden: 612.0M(612.0M)->0.0B(612.0M) Survivors: 2048.0K->2048.0K Heap: 618.5M(1024.0M)->6929.7K(1024.0M)]
 [Times: user=0.00 sys=0.00, real=0.00 secs] 
2024-10-11T08:45:42.986+0300: 723.366: Total time for which application threads were stopped: 0.0018848 seconds, Stopping threads took: 0.0001828 seconds
2024-10-11T08:45:45.026+0300: 725.410: Application time: 2.0441276 seconds
2024-10-11T08:45:45.026+0300: 725.410: [GC pause (G1 Evacuation Pause) (young), 0.0016163 secs]
   [Parallel Time: 0.8 ms, GC Workers: 6]
      [GC Worker Start (ms): Min: 725410.2, Avg: 725410.3, Max: 725410.5, Diff: 0.3]
      [Ext Root Scanning (ms): Min: 0.0, Avg: 0.2, Max: 0.3, Diff: 0.3, Sum: 1.2]
      [Update RS (ms): Min: 0.0, Avg: 0.0, Max: 0.0, Diff: 0.0, Sum: 0.1]
         [Processed Buffers: Min: 0, Avg: 0.7, Max: 1, Diff: 1, Sum: 4]
      [Scan RS (ms): Min: 0.0, Avg: 0.1, Max: 0.1, Diff: 0.1, Sum: 0.5]
      [Code Root Scanning (ms): Min: 0.0, Avg: 0.0, Max: 0.0, Diff: 0.0, Sum: 0.0]
      [Object Copy (ms): Min: 0.1, Avg: 0.2, Max: 0.3, Diff: 0.2, Sum: 1.3]
      [Termination (ms): Min: 0.0, Avg: 0.0, Max: 0.1, Diff: 0.1, Sum: 0.3]
         [Termination Attempts: Min: 1, Avg: 1.5, Max: 2, Diff: 1, Sum: 9]
      [GC Worker Other (ms): Min: 0.0, Avg: 0.0, Max: 0.0, Diff: 0.0, Sum: 0.2]
      [GC Worker Total (ms): Min: 0.4, Avg: 0.6, Max: 0.7, Diff: 0.4, Sum: 3.5]
      [GC Worker End (ms): Min: 725410.9, Avg: 725410.9, Max: 725410.9, Diff: 0.0]
   [Code Root Fixup: 0.0 ms]
   [Code Root Purge: 0.0 ms]
   [Clear CT: 0.1 ms]
   [Other: 0.7 ms]
      [Choose CSet: 0.0 ms]
      [Ref Proc: 0.1 ms]
      [Ref Enq: 0.0 ms]
      [Redirty Cards: 0.1 ms]
      [Humongous Register: 0.0 ms]
      [Humongous Reclaim: 0.0 ms]
      [Free CSet: 0.3 ms]
   [Eden: 612.0M(612.0M)->0.0B(612.0M) Survivors: 2048.0K->2048.0K Heap: 618.8M(1024.0M)->6729.3K(1024.0M)]
 [Times: user=0.00 sys=0.00, real=0.00 secs] 
2024-10-11T08:45:45.026+0300: 725.412: Total time for which application threads were stopped: 0.0020255 seconds, Stopping threads took: 0.0002005 seconds
2024-10-11T08:45:47.082+0300: 727.463: Application time: 2.0511175 seconds
2024-10-11T08:45:47.082+0300: 727.463: [GC pause (G1 Evacuation Pause) (young), 0.0014895 secs]
   [Parallel Time: 0.6 ms, GC Workers: 6]
      [GC Worker Start (ms): Min: 727463.3, Avg: 727463.4, Max: 727463.4, Diff: 0.0]
      [Ext Root Scanning (ms): Min: 0.2, Avg: 0.2, Max: 0.3, Diff: 0.0, Sum: 1.5]
      [Update RS (ms): Min: 0.0, Avg: 0.0, Max: 0.0, Diff: 0.0, Sum: 0.1]
         [Processed Buffers: Min: 0, Avg: 0.8, Max: 2, Diff: 2, Sum: 5]
      [Scan RS (ms): Min: 0.1, Avg: 0.1, Max: 0.1, Diff: 0.0, Sum: 0.5]
      [Code Root Scanning (ms): Min: 0.0, Avg: 0.0, Max: 0.0, Diff: 0.0, Sum: 0.0]
      [Object Copy (ms): Min: 0.1, Avg: 0.1, Max: 0.2, Diff: 0.1, Sum: 0.8]
      [Termination (ms): Min: 0.0, Avg: 0.0, Max: 0.0, Diff: 0.0, Sum: 0.1]
         [Termination Attempts: Min: 1, Avg: 1.0, Max: 1, Diff: 0, Sum: 6]
      [GC Worker Other (ms): Min: 0.0, Avg: 0.0, Max: 0.0, Diff: 0.0, Sum: 0.1]
      [GC Worker Total (ms): Min: 0.5, Avg: 0.5, Max: 0.5, Diff: 0.1, Sum: 3.1]
      [GC Worker End (ms): Min: 727463.9, Avg: 727463.9, Max: 727463.9, Diff: 0.0]
   [Code Root Fixup: 0.0 ms]
   [Code Root Purge: 0.0 ms]
   [Clear CT: 0.2 ms]
   [Other: 0.6 ms]
      [Choose CSet: 0.0 ms]
      [Ref Proc: 0.2 ms]
      [Ref Enq: 0.0 ms]
      [Redirty Cards: 0.1 ms]
      [Humongous Register: 0.0 ms]
      [Humongous Reclaim: 0.0 ms]
      [Free CSet: 0.2 ms]
   [Eden: 612.0M(612.0M)->0.0B(612.0M) Survivors: 2048.0K->2048.0K Heap: 618.6M(1024.0M)->6828.7K(1024.0M)]
 [Times: user=0.00 sys=0.00, real=0.00 secs] 
2024-10-11T08:45:47.082+0300: 727.465: Total time for which application threads were stopped: 0.0018619 seconds, Stopping threads took: 0.0001717 seconds
2024-10-11T08:45:49.121+0300: 729.503: Application time: 2.0385370 seconds
2024-10-11T08:45:49.121+0300: 729.504: [GC pause (G1 Evacuation Pause) (young), 0.0014969 secs]
   [Parallel Time: 0.6 ms, GC Workers: 6]
      [GC Worker Start (ms): Min: 729503.7, Avg: 729503.8, Max: 729503.8, Diff: 0.1]
      [Ext Root Scanning (ms): Min: 0.2, Avg: 0.3, Max: 0.3, Diff: 0.1, Sum: 1.5]
      [Update RS (ms): Min: 0.0, Avg: 0.0, Max: 0.0, Diff: 0.0, Sum: 0.1]
         [Processed Buffers: Min: 0, Avg: 0.8, Max: 2, Diff: 2, Sum: 5]
      [Scan RS (ms): Min: 0.1, Avg: 0.1, Max: 0.1, Diff: 0.0, Sum: 0.6]
      [Code Root Scanning (ms): Min: 0.0, Avg: 0.0, Max: 0.0, Diff: 0.0, Sum: 0.0]
      [Object Copy (ms): Min: 0.1, Avg: 0.1, Max: 0.2, Diff: 0.1, Sum: 0.9]
      [Termination (ms): Min: 0.0, Avg: 0.0, Max: 0.0, Diff: 0.0, Sum: 0.1]
         [Termination Attempts: Min: 1, Avg: 1.3, Max: 2, Diff: 1, Sum: 8]
      [GC Worker Other (ms): Min: 0.0, Avg: 0.0, Max: 0.0, Diff: 0.0, Sum: 0.1]
      [GC Worker Total (ms): Min: 0.5, Avg: 0.5, Max: 0.6, Diff: 0.1, Sum: 3.3]
      [GC Worker End (ms): Min: 729504.3, Avg: 729504.3, Max: 729504.3, Diff: 0.0]
   [Code Root Fixup: 0.0 ms]
   [Code Root Purge: 0.0 ms]
   [Clear CT: 0.2 ms]
   [Other: 0.7 ms]
      [Choose CSet: 0.0 ms]
      [Ref Proc: 0.1 ms]
      [Ref Enq: 0.0 ms]
      [Redirty Cards: 0.1 ms]
      [Humongous Register: 0.1 ms]
      [Humongous Reclaim: 0.0 ms]
      [Free CSet: 0.3 ms]
   [Eden: 612.0M(612.0M)->0.0B(612.0M) Survivors: 2048.0K->2048.0K Heap: 618.7M(1024.0M)->6697.7K(1024.0M)]
 [Times: user=0.00 sys=0.00, real=0.00 secs] 
2024-10-11T08:45:49.121+0300: 729.505: Total time for which application threads were stopped: 0.0019039 seconds, Stopping threads took: 0.0001190 seconds
2024-10-11T08:45:51.161+0300: 731.541: Application time: 2.0352400 seconds
2024-10-11T08:45:51.161+0300: 731.541: [GC pause (G1 Evacuation Pause) (young), 0.0013952 secs]
   [Parallel Time: 0.6 ms, GC Workers: 6]
      [GC Worker Start (ms): Min: 731540.8, Avg: 731540.8, Max: 731540.8, Diff: 0.0]
      [Ext Root Scanning (ms): Min: 0.2, Avg: 0.2, Max: 0.3, Diff: 0.0, Sum: 1.4]
      [Update RS (ms): Min: 0.0, Avg: 0.0, Max: 0.0, Diff: 0.0, Sum: 0.1]
         [Processed Buffers: Min: 0, Avg: 0.8, Max: 2, Diff: 2, Sum: 5]
      [Scan RS (ms): Min: 0.1, Avg: 0.1, Max: 0.1, Diff: 0.0, Sum: 0.5]
      [Code Root Scanning (ms): Min: 0.0, Avg: 0.0, Max: 0.0, Diff: 0.0, Sum: 0.0]
      [Object Copy (ms): Min: 0.1, Avg: 0.1, Max: 0.1, Diff: 0.0, Sum: 0.7]
      [Termination (ms): Min: 0.0, Avg: 0.0, Max: 0.0, Diff: 0.0, Sum: 0.1]
         [Termination Attempts: Min: 1, Avg: 1.2, Max: 2, Diff: 1, Sum: 7]
      [GC Worker Other (ms): Min: 0.0, Avg: 0.0, Max: 0.0, Diff: 0.0, Sum: 0.1]
      [GC Worker Total (ms): Min: 0.5, Avg: 0.5, Max: 0.5, Diff: 0.0, Sum: 3.0]
      [GC Worker End (ms): Min: 731541.3, Avg: 731541.3, Max: 731541.3, Diff: 0.0]
   [Code Root Fixup: 0.0 ms]
   [Code Root Purge: 0.0 ms]
   [Clear CT: 0.2 ms]
   [Other: 0.6 ms]
      [Choose CSet: 0.0 ms]
      [Ref Proc: 0.1 ms]
      [Ref Enq: 0.0 ms]
      [Redirty Cards: 0.1 ms]
      [Humongous Register: 0.0 ms]
      [Humongous Reclaim: 0.0 ms]
      [Free CSet: 0.2 ms]
   [Eden: 612.0M(612.0M)->0.0B(612.0M) Survivors: 2048.0K->2048.0K Heap: 618.5M(1024.0M)->6735.7K(1024.0M)]
 [Times: user=0.00 sys=0.00, real=0.00 secs] 
2024-10-11T08:45:51.161+0300: 731.542: Total time for which application threads were stopped: 0.0016902 seconds, Stopping threads took: 0.0001017 seconds
2024-10-11T08:45:53.202+0300: 733.579: Application time: 2.0368735 seconds
2024-10-11T08:45:53.202+0300: 733.579: [GC pause (G1 Evacuation Pause) (young), 0.0013988 secs]
   [Parallel Time: 0.6 ms, GC Workers: 6]
      [GC Worker Start (ms): Min: 733579.4, Avg: 733579.4, Max: 733579.6, Diff: 0.2]
      [Ext Root Scanning (ms): Min: 0.1, Avg: 0.2, Max: 0.3, Diff: 0.2, Sum: 1.4]
      [Update RS (ms): Min: 0.0, Avg: 0.0, Max: 0.0, Diff: 0.0, Sum: 0.1]
         [Processed Buffers: Min: 0, Avg: 1.0, Max: 2, Diff: 2, Sum: 6]
      [Scan RS (ms): Min: 0.1, Avg: 0.1, Max: 0.1, Diff: 0.0, Sum: 0.5]
      [Code Root Scanning (ms): Min: 0.0, Avg: 0.0, Max: 0.0, Diff: 0.0, Sum: 0.0]
      [Object Copy (ms): Min: 0.1, Avg: 0.1, Max: 0.1, Diff: 0.0, Sum: 0.8]
      [Termination (ms): Min: 0.0, Avg: 0.0, Max: 0.0, Diff: 0.0, Sum: 0.1]
         [Termination Attempts: Min: 1, Avg: 1.0, Max: 1, Diff: 0, Sum: 6]
      [GC Worker Other (ms): Min: 0.0, Avg: 0.0, Max: 0.0, Diff: 0.0, Sum: 0.1]
      [GC Worker Total (ms): Min: 0.3, Avg: 0.5, Max: 0.5, Diff: 0.2, Sum: 2.9]
      [GC Worker End (ms): Min: 733579.9, Avg: 733579.9, Max: 733580.0, Diff: 0.0]
   [Code Root Fixup: 0.0 ms]
   [Code Root Purge: 0.0 ms]
   [Clear CT: 0.2 ms]
   [Other: 0.6 ms]
      [Choose CSet: 0.0 ms]
      [Ref Proc: 0.1 ms]
      [Ref Enq: 0.0 ms]
      [Redirty Cards: 0.1 ms]
      [Humongous Register: 0.0 ms]
      [Humongous Reclaim: 0.0 ms]
      [Free CSet: 0.3 ms]
   [Eden: 612.0M(612.0M)->0.0B(612.0M) Survivors: 2048.0K->2048.0K Heap: 618.6M(1024.0M)->6795.7K(1024.0M)]
 [Times: user=0.00 sys=0.00, real=0.00 secs] 
2024-10-11T08:45:53.202+0300: 733.581: Total time for which application threads were stopped: 0.0017345 seconds, Stopping threads took: 0.0001256 seconds
2024-10-11T08:45:55.241+0300: 735.620: Application time: 2.0390992 seconds
2024-10-11T08:45:55.241+0300: 735.620: [GC pause (G1 Evacuation Pause) (young), 0.0014242 secs]
   [Parallel Time: 0.6 ms, GC Workers: 6]
      [GC Worker Start (ms): Min: 735620.3, Avg: 735620.3, Max: 735620.3, Diff: 0.1]
      [Ext Root Scanning (ms): Min: 0.2, Avg: 0.3, Max: 0.3, Diff: 0.1, Sum: 1.5]
      [Update RS (ms): Min: 0.0, Avg: 0.0, Max: 0.0, Diff: 0.0, Sum: 0.1]
         [Processed Buffers: Min: 0, Avg: 0.8, Max: 2, Diff: 2, Sum: 5]
      [Scan RS (ms): Min: 0.1, Avg: 0.1, Max: 0.1, Diff: 0.0, Sum: 0.6]
      [Code Root Scanning (ms): Min: 0.0, Avg: 0.0, Max: 0.0, Diff: 0.0, Sum: 0.0]
      [Object Copy (ms): Min: 0.1, Avg: 0.1, Max: 0.2, Diff: 0.1, Sum: 0.8]
      [Termination (ms): Min: 0.0, Avg: 0.0, Max: 0.0, Diff: 0.0, Sum: 0.1]
         [Termination Attempts: Min: 1, Avg: 1.0, Max: 1, Diff: 0, Sum: 6]
      [GC Worker Other (ms): Min: 0.0, Avg: 0.0, Max: 0.0, Diff: 0.0, Sum: 0.1]
      [GC Worker Total (ms): Min: 0.5, Avg: 0.5, Max: 0.6, Diff: 0.1, Sum: 3.2]
      [GC Worker End (ms): Min: 735620.8, Avg: 735620.8, Max: 735620.9, Diff: 0.0]
   [Code Root Fixup: 0.0 ms]
   [Code Root Purge: 0.0 ms]
   [Clear CT: 0.2 ms]
   [Other: 0.6 ms]
      [Choose CSet: 0.0 ms]
      [Ref Proc: 0.1 ms]
      [Ref Enq: 0.0 ms]
      [Redirty Cards: 0.1 ms]
      [Humongous Register: 0.0 ms]
      [Humongous Reclaim: 0.0 ms]
      [Free CSet: 0.3 ms]
   [Eden: 612.0M(612.0M)->0.0B(612.0M) Survivors: 2048.0K->2048.0K Heap: 618.6M(1024.0M)->6832.1K(1024.0M)]
 [Times: user=0.00 sys=0.00, real=0.00 secs] 
2024-10-11T08:45:55.241+0300: 735.622: Total time for which application threads were stopped: 0.0017834 seconds, Stopping threads took: 0.0001517 seconds
2024-10-11T08:45:57.280+0300: 737.658: Application time: 2.0363004 seconds
2024-10-11T08:45:57.280+0300: 737.658: [GC pause (G1 Evacuation Pause) (young), 0.0015153 secs]
   [Parallel Time: 0.7 ms, GC Workers: 6]
      [GC Worker Start (ms): Min: 737658.4, Avg: 737658.4, Max: 737658.4, Diff: 0.1]
      [Ext Root Scanning (ms): Min: 0.2, Avg: 0.3, Max: 0.3, Diff: 0.0, Sum: 1.5]
      [Update RS (ms): Min: 0.0, Avg: 0.0, Max: 0.0, Diff: 0.0, Sum: 0.1]
         [Processed Buffers: Min: 0, Avg: 1.0, Max: 3, Diff: 3, Sum: 6]
      [Scan RS (ms): Min: 0.1, Avg: 0.1, Max: 0.1, Diff: 0.0, Sum: 0.5]
      [Code Root Scanning (ms): Min: 0.0, Avg: 0.0, Max: 0.0, Diff: 0.0, Sum: 0.0]
      [Object Copy (ms): Min: 0.1, Avg: 0.1, Max: 0.2, Diff: 0.1, Sum: 0.7]
      [Termination (ms): Min: 0.0, Avg: 0.0, Max: 0.0, Diff: 0.0, Sum: 0.1]
         [Termination Attempts: Min: 1, Avg: 1.5, Max: 2, Diff: 1, Sum: 9]
      [GC Worker Other (ms): Min: 0.0, Avg: 0.0, Max: 0.0, Diff: 0.0, Sum: 0.1]
      [GC Worker Total (ms): Min: 0.5, Avg: 0.5, Max: 0.6, Diff: 0.1, Sum: 3.1]
      [GC Worker End (ms): Min: 737658.9, Avg: 737658.9, Max: 737658.9, Diff: 0.0]
   [Code Root Fixup: 0.0 ms]
   [Code Root Purge: 0.0 ms]
   [Clear CT: 0.2 ms]
   [Other: 0.7 ms]
      [Choose CSet: 0.0 ms]
      [Ref Proc: 0.2 ms]
      [Ref Enq: 0.0 ms]
      [Redirty Cards: 0.1 ms]
      [Humongous Register: 0.0 ms]
      [Humongous Reclaim: 0.0 ms]
      [Free CSet: 0.3 ms]
   [Eden: 612.0M(612.0M)->0.0B(612.0M) Survivors: 2048.0K->2048.0K Heap: 618.7M(1024.0M)->6937.8K(1024.0M)]
 [Times: user=0.00 sys=0.00, real=0.00 secs] 
2024-10-11T08:45:57.280+0300: 737.660: Total time for which application threads were stopped: 0.0018758 seconds, Stopping threads took: 0.0001413 seconds
2024-10-11T08:45:59.336+0300: 739.708: Application time: 2.0481546 seconds
2024-10-11T08:45:59.336+0300: 739.708: [GC pause (G1 Evacuation Pause) (young), 0.0014086 secs]
   [Parallel Time: 0.6 ms, GC Workers: 6]
      [GC Worker Start (ms): Min: 739708.4, Avg: 739708.4, Max: 739708.4, Diff: 0.1]
      [Ext Root Scanning (ms): Min: 0.2, Avg: 0.2, Max: 0.3, Diff: 0.0, Sum: 1.5]
      [Update RS (ms): Min: 0.0, Avg: 0.0, Max: 0.0, Diff: 0.0, Sum: 0.1]
         [Processed Buffers: Min: 0, Avg: 0.8, Max: 2, Diff: 2, Sum: 5]
      [Scan RS (ms): Min: 0.1, Avg: 0.1, Max: 0.1, Diff: 0.0, Sum: 0.6]
      [Code Root Scanning (ms): Min: 0.0, Avg: 0.0, Max: 0.0, Diff: 0.0, Sum: 0.0]
      [Object Copy (ms): Min: 0.1, Avg: 0.1, Max: 0.1, Diff: 0.0, Sum: 0.7]
      [Termination (ms): Min: 0.0, Avg: 0.0, Max: 0.0, Diff: 0.0, Sum: 0.0]
         [Termination Attempts: Min: 1, Avg: 1.0, Max: 1, Diff: 0, Sum: 6]
      [GC Worker Other (ms): Min: 0.0, Avg: 0.0, Max: 0.0, Diff: 0.0, Sum: 0.2]
      [GC Worker Total (ms): Min: 0.5, Avg: 0.5, Max: 0.5, Diff: 0.1, Sum: 3.1]
      [GC Worker End (ms): Min: 739708.9, Avg: 739708.9, Max: 739709.0, Diff: 0.0]
   [Code Root Fixup: 0.0 ms]
   [Code Root Purge: 0.0 ms]
   [Clear CT: 0.2 ms]
   [Other: 0.6 ms]
      [Choose CSet: 0.0 ms]
      [Ref Proc: 0.1 ms]
      [Ref Enq: 0.0 ms]
      [Redirty Cards: 0.1 ms]
      [Humongous Register: 0.0 ms]
      [Humongous Reclaim: 0.0 ms]
      [Free CSet: 0.3 ms]
   [Eden: 612.0M(612.0M)->0.0B(612.0M) Survivors: 2048.0K->2048.0K Heap: 618.8M(1024.0M)->6695.4K(1024.0M)]
 [Times: user=0.00 sys=0.00, real=0.00 secs] 
2024-10-11T08:45:59.336+0300: 739.710: Total time for which application threads were stopped: 0.0017602 seconds, Stopping threads took: 0.0001463 seconds
2024-10-11T08:46:01.313+0300: 741.686: Application time: 1.9760620 seconds
2024-10-11T08:46:01.313+0300: 741.686: Total time for which application threads were stopped: 0.0002562 seconds, Stopping threads took: 0.0001822 seconds
2024-10-11T08:46:01.407+0300: 741.786: Application time: 0.1000848 seconds
2024-10-11T08:46:01.407+0300: 741.786: [GC pause (G1 Evacuation Pause) (young), 0.0014795 secs]
   [Parallel Time: 0.6 ms, GC Workers: 6]
      [GC Worker Start (ms): Min: 741786.5, Avg: 741786.6, Max: 741786.6, Diff: 0.1]
      [Ext Root Scanning (ms): Min: 0.2, Avg: 0.3, Max: 0.3, Diff: 0.1, Sum: 1.6]
      [Update RS (ms): Min: 0.0, Avg: 0.0, Max: 0.0, Diff: 0.0, Sum: 0.1]
         [Processed Buffers: Min: 0, Avg: 0.8, Max: 2, Diff: 2, Sum: 5]
      [Scan RS (ms): Min: 0.1, Avg: 0.1, Max: 0.1, Diff: 0.0, Sum: 0.6]
      [Code Root Scanning (ms): Min: 0.0, Avg: 0.0, Max: 0.0, Diff: 0.0, Sum: 0.0]
      [Object Copy (ms): Min: 0.1, Avg: 0.1, Max: 0.1, Diff: 0.1, Sum: 0.7]
      [Termination (ms): Min: 0.0, Avg: 0.0, Max: 0.0, Diff: 0.0, Sum: 0.1]
         [Termination Attempts: Min: 1, Avg: 1.0, Max: 1, Diff: 0, Sum: 6]
      [GC Worker Other (ms): Min: 0.0, Avg: 0.0, Max: 0.0, Diff: 0.0, Sum: 0.1]
      [GC Worker Total (ms): Min: 0.5, Avg: 0.5, Max: 0.6, Diff: 0.1, Sum: 3.1]
      [GC Worker End (ms): Min: 741787.1, Avg: 741787.1, Max: 741787.1, Diff: 0.0]
   [Code Root Fixup: 0.0 ms]
   [Code Root Purge: 0.0 ms]
   [Clear CT: 0.2 ms]
   [Other: 0.6 ms]
      [Choose CSet: 0.0 ms]
      [Ref Proc: 0.1 ms]
      [Ref Enq: 0.0 ms]
      [Redirty Cards: 0.1 ms]
      [Humongous Register: 0.0 ms]
      [Humongous Reclaim: 0.0 ms]
      [Free CSet: 0.3 ms]
   [Eden: 612.0M(612.0M)->0.0B(612.0M) Survivors: 2048.0K->2048.0K Heap: 618.5M(1024.0M)->6592.7K(1024.0M)]
 [Times: user=0.00 sys=0.00, real=0.00 secs] 
2024-10-11T08:46:01.407+0300: 741.788: Total time for which application threads were stopped: 0.0017922 seconds, Stopping threads took: 0.0001496 seconds
2024-10-11T08:46:01.423+0300: 741.808: Application time: 0.0204394 seconds
2024-10-11T08:46:01.423+0300: 741.809: Total time for which application threads were stopped: 0.0001797 seconds, Stopping threads took: 0.0001333 seconds
2024-10-11T08:46:01.737+0300: 742.109: Application time: 0.2999256 seconds
2024-10-11T08:46:01.737+0300: 742.109: Total time for which application threads were stopped: 0.0002002 seconds, Stopping threads took: 0.0001445 seconds
2024-10-11T08:46:01.878+0300: 742.254: Application time: 0.1447986 seconds
2024-10-11T08:46:01.878+0300: 742.254: Total time for which application threads were stopped: 0.0001845 seconds, Stopping threads took: 0.0001215 seconds
2024-10-11T08:46:01.910+0300: 742.293: Application time: 0.0396133 seconds
2024-10-11T08:46:01.910+0300: 742.294: Total time for which application threads were stopped: 0.0005612 seconds, Stopping threads took: 0.0005312 seconds
2024-10-11T08:46:03.636+0300: 744.016: Application time: 1.7220045 seconds
2024-10-11T08:46:03.636+0300: 744.016: [GC pause (G1 Evacuation Pause) (young), 0.0014476 secs]
   [Parallel Time: 0.6 ms, GC Workers: 6]
      [GC Worker Start (ms): Min: 744016.3, Avg: 744016.4, Max: 744016.4, Diff: 0.1]
      [Ext Root Scanning (ms): Min: 0.2, Avg: 0.3, Max: 0.3, Diff: 0.1, Sum: 1.6]
      [Update RS (ms): Min: 0.0, Avg: 0.0, Max: 0.0, Diff: 0.0, Sum: 0.1]
         [Processed Buffers: Min: 0, Avg: 1.0, Max: 3, Diff: 3, Sum: 6]
      [Scan RS (ms): Min: 0.1, Avg: 0.1, Max: 0.1, Diff: 0.0, Sum: 0.6]
      [Code Root Scanning (ms): Min: 0.0, Avg: 0.0, Max: 0.0, Diff: 0.0, Sum: 0.0]
      [Object Copy (ms): Min: 0.1, Avg: 0.1, Max: 0.2, Diff: 0.1, Sum: 0.9]
      [Termination (ms): Min: 0.0, Avg: 0.0, Max: 0.0, Diff: 0.0, Sum: 0.0]
         [Termination Attempts: Min: 1, Avg: 1.0, Max: 1, Diff: 0, Sum: 6]
      [GC Worker Other (ms): Min: 0.0, Avg: 0.0, Max: 0.0, Diff: 0.0, Sum: 0.2]
      [GC Worker Total (ms): Min: 0.5, Avg: 0.6, Max: 0.6, Diff: 0.1, Sum: 3.4]
      [GC Worker End (ms): Min: 744016.9, Avg: 744016.9, Max: 744016.9, Diff: 0.0]
   [Code Root Fixup: 0.0 ms]
   [Code Root Purge: 0.0 ms]
   [Clear CT: 0.2 ms]
   [Other: 0.6 ms]
      [Choose CSet: 0.0 ms]
      [Ref Proc: 0.1 ms]
      [Ref Enq: 0.0 ms]
      [Redirty Cards: 0.1 ms]
      [Humongous Register: 0.0 ms]
      [Humongous Reclaim: 0.0 ms]
      [Free CSet: 0.3 ms]
   [Eden: 612.0M(612.0M)->0.0B(612.0M) Survivors: 2048.0K->2048.0K Heap: 618.4M(1024.0M)->6602.9K(1024.0M)]
 [Times: user=0.00 sys=0.00, real=0.00 secs] 
2024-10-11T08:46:03.636+0300: 744.018: Total time for which application threads were stopped: 0.0018150 seconds, Stopping threads took: 0.0001857 seconds
2024-10-11T08:46:05.674+0300: 746.055: Application time: 2.0376880 seconds
2024-10-11T08:46:05.674+0300: 746.056: [GC pause (G1 Evacuation Pause) (young), 0.0015226 secs]
   [Parallel Time: 0.7 ms, GC Workers: 6]
      [GC Worker Start (ms): Min: 746055.8, Avg: 746055.9, Max: 746056.1, Diff: 0.3]
      [Ext Root Scanning (ms): Min: 0.0, Avg: 0.2, Max: 0.3, Diff: 0.3, Sum: 1.4]
      [Update RS (ms): Min: 0.0, Avg: 0.0, Max: 0.0, Diff: 0.0, Sum: 0.1]
         [Processed Buffers: Min: 0, Avg: 0.7, Max: 2, Diff: 2, Sum: 4]
      [Scan RS (ms): Min: 0.1, Avg: 0.1, Max: 0.1, Diff: 0.1, Sum: 0.6]
      [Code Root Scanning (ms): Min: 0.0, Avg: 0.0, Max: 0.0, Diff: 0.0, Sum: 0.0]
      [Object Copy (ms): Min: 0.1, Avg: 0.2, Max: 0.2, Diff: 0.1, Sum: 0.9]
      [Termination (ms): Min: 0.0, Avg: 0.0, Max: 0.0, Diff: 0.0, Sum: 0.1]
         [Termination Attempts: Min: 1, Avg: 1.0, Max: 1, Diff: 0, Sum: 6]
      [GC Worker Other (ms): Min: 0.0, Avg: 0.0, Max: 0.0, Diff: 0.0, Sum: 0.1]
      [GC Worker Total (ms): Min: 0.3, Avg: 0.5, Max: 0.6, Diff: 0.3, Sum: 3.3]
      [GC Worker End (ms): Min: 746056.4, Avg: 746056.4, Max: 746056.4, Diff: 0.0]
   [Code Root Fixup: 0.0 ms]
   [Code Root Purge: 0.0 ms]
   [Clear CT: 0.2 ms]
   [Other: 0.7 ms]
      [Choose CSet: 0.0 ms]
      [Ref Proc: 0.1 ms]
      [Ref Enq: 0.0 ms]
      [Redirty Cards: 0.1 ms]
      [Humongous Register: 0.0 ms]
      [Humongous Reclaim: 0.0 ms]
      [Free CSet: 0.3 ms]
   [Eden: 612.0M(612.0M)->0.0B(612.0M) Survivors: 2048.0K->2048.0K Heap: 618.4M(1024.0M)->6645.7K(1024.0M)]
 [Times: user=0.00 sys=0.00, real=0.00 secs] 
2024-10-11T08:46:05.674+0300: 746.057: Total time for which application threads were stopped: 0.0018680 seconds, Stopping threads took: 0.0001756 seconds
2024-10-11T08:46:07.716+0300: 748.098: Application time: 2.0402049 seconds
2024-10-11T08:46:07.716+0300: 748.098: [GC pause (G1 Evacuation Pause) (young), 0.0014216 secs]
   [Parallel Time: 0.7 ms, GC Workers: 6]
      [GC Worker Start (ms): Min: 748097.9, Avg: 748097.9, Max: 748098.2, Diff: 0.3]
      [Ext Root Scanning (ms): Min: 0.0, Avg: 0.2, Max: 0.3, Diff: 0.3, Sum: 1.4]
      [Update RS (ms): Min: 0.0, Avg: 0.0, Max: 0.0, Diff: 0.0, Sum: 0.1]
         [Processed Buffers: Min: 0, Avg: 0.7, Max: 3, Diff: 3, Sum: 4]
      [Scan RS (ms): Min: 0.0, Avg: 0.1, Max: 0.1, Diff: 0.1, Sum: 0.6]
      [Code Root Scanning (ms): Min: 0.0, Avg: 0.0, Max: 0.0, Diff: 0.0, Sum: 0.0]
      [Object Copy (ms): Min: 0.1, Avg: 0.2, Max: 0.3, Diff: 0.2, Sum: 1.1]
      [Termination (ms): Min: 0.0, Avg: 0.0, Max: 0.1, Diff: 0.1, Sum: 0.2]
         [Termination Attempts: Min: 1, Avg: 1.7, Max: 2, Diff: 1, Sum: 10]
      [GC Worker Other (ms): Min: 0.0, Avg: 0.0, Max: 0.0, Diff: 0.0, Sum: 0.1]
      [GC Worker Total (ms): Min: 0.3, Avg: 0.6, Max: 0.7, Diff: 0.3, Sum: 3.4]
      [GC Worker End (ms): Min: 748098.5, Avg: 748098.5, Max: 748098.5, Diff: 0.0]
   [Code Root Fixup: 0.0 ms]
   [Code Root Purge: 0.0 ms]
   [Clear CT: 0.2 ms]
   [Other: 0.6 ms]
      [Choose CSet: 0.0 ms]
      [Ref Proc: 0.1 ms]
      [Ref Enq: 0.0 ms]
      [Redirty Cards: 0.1 ms]
      [Humongous Register: 0.0 ms]
      [Humongous Reclaim: 0.0 ms]
      [Free CSet: 0.3 ms]
   [Eden: 612.0M(612.0M)->0.0B(612.0M) Survivors: 2048.0K->2048.0K Heap: 618.5M(1024.0M)->6827.3K(1024.0M)]
 [Times: user=0.00 sys=0.00, real=0.00 secs] 
2024-10-11T08:46:07.716+0300: 748.099: Total time for which application threads were stopped: 0.0017695 seconds, Stopping threads took: 0.0001617 seconds
2024-10-11T08:46:09.787+0300: 750.162: Application time: 2.0630028 seconds
2024-10-11T08:46:09.787+0300: 750.163: [GC pause (G1 Evacuation Pause) (young), 0.0013714 secs]
   [Parallel Time: 0.6 ms, GC Workers: 6]
      [GC Worker Start (ms): Min: 750162.7, Avg: 750162.7, Max: 750162.7, Diff: 0.1]
      [Ext Root Scanning (ms): Min: 0.2, Avg: 0.3, Max: 0.3, Diff: 0.1, Sum: 1.5]
      [Update RS (ms): Min: 0.0, Avg: 0.0, Max: 0.0, Diff: 0.0, Sum: 0.1]
         [Processed Buffers: Min: 0, Avg: 0.8, Max: 2, Diff: 2, Sum: 5]
      [Scan RS (ms): Min: 0.1, Avg: 0.1, Max: 0.1, Diff: 0.1, Sum: 0.6]
      [Code Root Scanning (ms): Min: 0.0, Avg: 0.0, Max: 0.0, Diff: 0.0, Sum: 0.0]
      [Object Copy (ms): Min: 0.1, Avg: 0.1, Max: 0.2, Diff: 0.1, Sum: 0.8]
      [Termination (ms): Min: 0.0, Avg: 0.0, Max: 0.0, Diff: 0.0, Sum: 0.1]
         [Termination Attempts: Min: 1, Avg: 1.0, Max: 1, Diff: 0, Sum: 6]
      [GC Worker Other (ms): Min: 0.0, Avg: 0.0, Max: 0.0, Diff: 0.0, Sum: 0.1]
      [GC Worker Total (ms): Min: 0.5, Avg: 0.5, Max: 0.5, Diff: 0.1, Sum: 3.1]
      [GC Worker End (ms): Min: 750163.2, Avg: 750163.2, Max: 750163.2, Diff: 0.0]
   [Code Root Fixup: 0.0 ms]
   [Code Root Purge: 0.0 ms]
   [Clear CT: 0.2 ms]
   [Other: 0.6 ms]
      [Choose CSet: 0.0 ms]
      [Ref Proc: 0.1 ms]
      [Ref Enq: 0.0 ms]
      [Redirty Cards: 0.1 ms]
      [Humongous Register: 0.0 ms]
      [Humongous Reclaim: 0.0 ms]
      [Free CSet: 0.3 ms]
   [Eden: 612.0M(612.0M)->0.0B(612.0M) Survivors: 2048.0K->2048.0K Heap: 618.7M(1024.0M)->6669.4K(1024.0M)]
 [Times: user=0.00 sys=0.00, real=0.00 secs] 
2024-10-11T08:46:09.787+0300: 750.164: Total time for which application threads were stopped: 0.0017194 seconds, Stopping threads took: 0.0001774 seconds
2024-10-11T08:46:11.828+0300: 752.211: Application time: 2.0464920 seconds
2024-10-11T08:46:11.828+0300: 752.211: [GC pause (G1 Evacuation Pause) (young), 0.0015476 secs]
   [Parallel Time: 0.7 ms, GC Workers: 6]
      [GC Worker Start (ms): Min: 752210.9, Avg: 752211.2, Max: 752211.5, Diff: 0.6]
      [Ext Root Scanning (ms): Min: 0.0, Avg: 0.1, Max: 0.2, Diff: 0.2, Sum: 0.7]
      [Update RS (ms): Min: 0.0, Avg: 0.0, Max: 0.0, Diff: 0.0, Sum: 0.0]
         [Processed Buffers: Min: 0, Avg: 0.7, Max: 2, Diff: 2, Sum: 4]
      [Scan RS (ms): Min: 0.0, Avg: 0.1, Max: 0.1, Diff: 0.1, Sum: 0.4]
      [Code Root Scanning (ms): Min: 0.0, Avg: 0.0, Max: 0.0, Diff: 0.0, Sum: 0.0]
      [Object Copy (ms): Min: 0.0, Avg: 0.1, Max: 0.2, Diff: 0.2, Sum: 0.5]
      [Termination (ms): Min: 0.0, Avg: 0.1, Max: 0.1, Diff: 0.1, Sum: 0.5]
         [Termination Attempts: Min: 1, Avg: 1.0, Max: 1, Diff: 0, Sum: 6]
      [GC Worker Other (ms): Min: 0.0, Avg: 0.0, Max: 0.0, Diff: 0.0, Sum: 0.0]
      [GC Worker Total (ms): Min: 0.1, Avg: 0.4, Max: 0.7, Diff: 0.6, Sum: 2.2]
      [GC Worker End (ms): Min: 752211.5, Avg: 752211.5, Max: 752211.5, Diff: 0.0]
   [Code Root Fixup: 0.0 ms]
   [Code Root Purge: 0.0 ms]
   [Clear CT: 0.2 ms]
   [Other: 0.6 ms]
      [Choose CSet: 0.0 ms]
      [Ref Proc: 0.1 ms]
      [Ref Enq: 0.0 ms]
      [Redirty Cards: 0.1 ms]
      [Humongous Register: 0.0 ms]
      [Humongous Reclaim: 0.0 ms]
      [Free CSet: 0.3 ms]
   [Eden: 612.0M(612.0M)->0.0B(612.0M) Survivors: 2048.0K->2048.0K Heap: 618.5M(1024.0M)->6696.6K(1024.0M)]
 [Times: user=0.00 sys=0.00, real=0.00 secs] 
2024-10-11T08:46:11.828+0300: 752.212: Total time for which application threads were stopped: 0.0019159 seconds, Stopping threads took: 0.0001553 seconds
2024-10-11T08:46:13.883+0300: 754.268: Application time: 2.0551460 seconds
2024-10-11T08:46:13.883+0300: 754.268: [GC pause (G1 Evacuation Pause) (young), 0.0014749 secs]
   [Parallel Time: 0.6 ms, GC Workers: 6]
      [GC Worker Start (ms): Min: 754268.0, Avg: 754268.0, Max: 754268.0, Diff: 0.1]
      [Ext Root Scanning (ms): Min: 0.2, Avg: 0.2, Max: 0.3, Diff: 0.0, Sum: 1.5]
      [Update RS (ms): Min: 0.0, Avg: 0.0, Max: 0.0, Diff: 0.0, Sum: 0.1]
         [Processed Buffers: Min: 0, Avg: 0.5, Max: 2, Diff: 2, Sum: 3]
      [Scan RS (ms): Min: 0.1, Avg: 0.1, Max: 0.1, Diff: 0.0, Sum: 0.5]
      [Code Root Scanning (ms): Min: 0.0, Avg: 0.0, Max: 0.0, Diff: 0.0, Sum: 0.0]
      [Object Copy (ms): Min: 0.1, Avg: 0.1, Max: 0.2, Diff: 0.1, Sum: 0.9]
      [Termination (ms): Min: 0.0, Avg: 0.0, Max: 0.0, Diff: 0.0, Sum: 0.0]
         [Termination Attempts: Min: 1, Avg: 1.3, Max: 2, Diff: 1, Sum: 8]
      [GC Worker Other (ms): Min: 0.0, Avg: 0.0, Max: 0.0, Diff: 0.0, Sum: 0.1]
      [GC Worker Total (ms): Min: 0.5, Avg: 0.5, Max: 0.6, Diff: 0.1, Sum: 3.1]
      [GC Worker End (ms): Min: 754268.5, Avg: 754268.5, Max: 754268.5, Diff: 0.0]
   [Code Root Fixup: 0.0 ms]
   [Code Root Purge: 0.0 ms]
   [Clear CT: 0.2 ms]
   [Other: 0.7 ms]
      [Choose CSet: 0.0 ms]
      [Ref Proc: 0.1 ms]
      [Ref Enq: 0.0 ms]
      [Redirty Cards: 0.1 ms]
      [Humongous Register: 0.0 ms]
      [Humongous Reclaim: 0.0 ms]
      [Free CSet: 0.3 ms]
   [Eden: 612.0M(612.0M)->0.0B(612.0M) Survivors: 2048.0K->2048.0K Heap: 618.5M(1024.0M)->6811.0K(1024.0M)]
 [Times: user=0.00 sys=0.00, real=0.00 secs] 
2024-10-11T08:46:13.883+0300: 754.269: Total time for which application threads were stopped: 0.0018498 seconds, Stopping threads took: 0.0001814 seconds
2024-10-11T08:46:15.954+0300: 756.335: Application time: 2.0652431 seconds
2024-10-11T08:46:15.954+0300: 756.335: [GC pause (G1 Evacuation Pause) (young), 0.0014114 secs]
   [Parallel Time: 0.6 ms, GC Workers: 6]
      [GC Worker Start (ms): Min: 756335.1, Avg: 756335.1, Max: 756335.1, Diff: 0.1]
      [Ext Root Scanning (ms): Min: 0.2, Avg: 0.2, Max: 0.3, Diff: 0.1, Sum: 1.5]
      [Update RS (ms): Min: 0.0, Avg: 0.0, Max: 0.0, Diff: 0.0, Sum: 0.1]
         [Processed Buffers: Min: 0, Avg: 0.5, Max: 2, Diff: 2, Sum: 3]
      [Scan RS (ms): Min: 0.1, Avg: 0.1, Max: 0.1, Diff: 0.0, Sum: 0.5]
      [Code Root Scanning (ms): Min: 0.0, Avg: 0.0, Max: 0.0, Diff: 0.0, Sum: 0.0]
      [Object Copy (ms): Min: 0.1, Avg: 0.1, Max: 0.2, Diff: 0.1, Sum: 0.9]
      [Termination (ms): Min: 0.0, Avg: 0.0, Max: 0.0, Diff: 0.0, Sum: 0.0]
         [Termination Attempts: Min: 1, Avg: 1.5, Max: 3, Diff: 2, Sum: 9]
      [GC Worker Other (ms): Min: 0.0, Avg: 0.0, Max: 0.1, Diff: 0.0, Sum: 0.2]
      [GC Worker Total (ms): Min: 0.5, Avg: 0.5, Max: 0.6, Diff: 0.1, Sum: 3.2]
      [GC Worker End (ms): Min: 756335.6, Avg: 756335.6, Max: 756335.6, Diff: 0.0]
   [Code Root Fixup: 0.0 ms]
   [Code Root Purge: 0.0 ms]
   [Clear CT: 0.2 ms]
   [Other: 0.6 ms]
      [Choose CSet: 0.0 ms]
      [Ref Proc: 0.1 ms]
      [Ref Enq: 0.0 ms]
      [Redirty Cards: 0.1 ms]
      [Humongous Register: 0.0 ms]
      [Humongous Reclaim: 0.0 ms]
      [Free CSet: 0.2 ms]
   [Eden: 612.0M(612.0M)->0.0B(612.0M) Survivors: 2048.0K->2048.0K Heap: 618.7M(1024.0M)->6749.4K(1024.0M)]
 [Times: user=0.00 sys=0.00, real=0.00 secs] 
2024-10-11T08:46:15.954+0300: 756.337: Total time for which application threads were stopped: 0.0017975 seconds, Stopping threads took: 0.0001776 seconds
2024-10-11T08:46:17.995+0300: 758.374: Application time: 2.0376830 seconds
2024-10-11T08:46:17.995+0300: 758.374: [GC pause (G1 Evacuation Pause) (young), 0.0015142 secs]
   [Parallel Time: 0.6 ms, GC Workers: 6]
      [GC Worker Start (ms): Min: 758374.5, Avg: 758374.5, Max: 758374.6, Diff: 0.1]
      [Ext Root Scanning (ms): Min: 0.2, Avg: 0.3, Max: 0.3, Diff: 0.0, Sum: 1.5]
      [Update RS (ms): Min: 0.0, Avg: 0.0, Max: 0.0, Diff: 0.0, Sum: 0.1]
         [Processed Buffers: Min: 0, Avg: 0.8, Max: 2, Diff: 2, Sum: 5]
      [Scan RS (ms): Min: 0.1, Avg: 0.1, Max: 0.1, Diff: 0.0, Sum: 0.6]
      [Code Root Scanning (ms): Min: 0.0, Avg: 0.0, Max: 0.0, Diff: 0.0, Sum: 0.0]
      [Object Copy (ms): Min: 0.1, Avg: 0.2, Max: 0.2, Diff: 0.1, Sum: 0.9]
      [Termination (ms): Min: 0.0, Avg: 0.0, Max: 0.0, Diff: 0.0, Sum: 0.0]
         [Termination Attempts: Min: 1, Avg: 1.3, Max: 2, Diff: 1, Sum: 8]
      [GC Worker Other (ms): Min: 0.0, Avg: 0.0, Max: 0.0, Diff: 0.0, Sum: 0.1]
      [GC Worker Total (ms): Min: 0.5, Avg: 0.5, Max: 0.6, Diff: 0.1, Sum: 3.3]
      [GC Worker End (ms): Min: 758375.1, Avg: 758375.1, Max: 758375.1, Diff: 0.0]
   [Code Root Fixup: 0.0 ms]
   [Code Root Purge: 0.0 ms]
   [Clear CT: 0.2 ms]
   [Other: 0.7 ms]
      [Choose CSet: 0.0 ms]
      [Ref Proc: 0.2 ms]
      [Ref Enq: 0.0 ms]
      [Redirty Cards: 0.1 ms]
      [Humongous Register: 0.0 ms]
      [Humongous Reclaim: 0.0 ms]
      [Free CSet: 0.3 ms]
   [Eden: 612.0M(612.0M)->0.0B(612.0M) Survivors: 2048.0K->2048.0K Heap: 618.6M(1024.0M)->6800.4K(1024.0M)]
 [Times: user=0.00 sys=0.00, real=0.00 secs] 
2024-10-11T08:46:17.995+0300: 758.376: Total time for which application threads were stopped: 0.0018532 seconds, Stopping threads took: 0.0001446 seconds
2024-10-11T08:46:20.067+0300: 760.444: Application time: 2.0674780 seconds
2024-10-11T08:46:20.067+0300: 760.444: [GC pause (G1 Evacuation Pause) (young), 0.0014910 secs]
   [Parallel Time: 0.6 ms, GC Workers: 6]
      [GC Worker Start (ms): Min: 760443.8, Avg: 760443.9, Max: 760443.9, Diff: 0.1]
      [Ext Root Scanning (ms): Min: 0.2, Avg: 0.2, Max: 0.3, Diff: 0.1, Sum: 1.5]
      [Update RS (ms): Min: 0.0, Avg: 0.0, Max: 0.0, Diff: 0.0, Sum: 0.1]
         [Processed Buffers: Min: 0, Avg: 0.7, Max: 1, Diff: 1, Sum: 4]
      [Scan RS (ms): Min: 0.1, Avg: 0.1, Max: 0.1, Diff: 0.0, Sum: 0.6]
      [Code Root Scanning (ms): Min: 0.0, Avg: 0.0, Max: 0.0, Diff: 0.0, Sum: 0.0]
      [Object Copy (ms): Min: 0.1, Avg: 0.1, Max: 0.2, Diff: 0.0, Sum: 0.9]
      [Termination (ms): Min: 0.0, Avg: 0.0, Max: 0.0, Diff: 0.0, Sum: 0.0]
         [Termination Attempts: Min: 1, Avg: 1.2, Max: 2, Diff: 1, Sum: 7]
      [GC Worker Other (ms): Min: 0.0, Avg: 0.0, Max: 0.0, Diff: 0.0, Sum: 0.1]
      [GC Worker Total (ms): Min: 0.5, Avg: 0.5, Max: 0.6, Diff: 0.1, Sum: 3.2]
      [GC Worker End (ms): Min: 760444.4, Avg: 760444.4, Max: 760444.4, Diff: 0.0]
   [Code Root Fixup: 0.0 ms]
   [Code Root Purge: 0.0 ms]
   [Clear CT: 0.2 ms]
   [Other: 0.7 ms]
      [Choose CSet: 0.0 ms]
      [Ref Proc: 0.2 ms]
      [Ref Enq: 0.0 ms]
      [Redirty Cards: 0.1 ms]
      [Humongous Register: 0.0 ms]
      [Humongous Reclaim: 0.0 ms]
      [Free CSet: 0.2 ms]
   [Eden: 612.0M(612.0M)->0.0B(612.0M) Survivors: 2048.0K->2048.0K Heap: 618.6M(1024.0M)->6775.4K(1024.0M)]
 [Times: user=0.00 sys=0.00, real=0.00 secs] 
2024-10-11T08:46:20.067+0300: 760.445: Total time for which application threads were stopped: 0.0018309 seconds, Stopping threads took: 0.0001355 seconds
2024-10-11T08:46:22.106+0300: 762.487: Application time: 2.0414544 seconds
2024-10-11T08:46:22.106+0300: 762.487: [GC pause (G1 Evacuation Pause) (young), 0.0015711 secs]
   [Parallel Time: 0.7 ms, GC Workers: 6]
      [GC Worker Start (ms): Min: 762487.2, Avg: 762487.3, Max: 762487.3, Diff: 0.1]
      [Ext Root Scanning (ms): Min: 0.2, Avg: 0.3, Max: 0.3, Diff: 0.1, Sum: 1.5]
      [Update RS (ms): Min: 0.0, Avg: 0.0, Max: 0.0, Diff: 0.0, Sum: 0.1]
         [Processed Buffers: Min: 0, Avg: 0.8, Max: 1, Diff: 1, Sum: 5]
      [Scan RS (ms): Min: 0.1, Avg: 0.1, Max: 0.1, Diff: 0.0, Sum: 0.6]
      [Code Root Scanning (ms): Min: 0.0, Avg: 0.0, Max: 0.0, Diff: 0.0, Sum: 0.0]
      [Object Copy (ms): Min: 0.2, Avg: 0.2, Max: 0.2, Diff: 0.0, Sum: 1.0]
      [Termination (ms): Min: 0.0, Avg: 0.0, Max: 0.0, Diff: 0.0, Sum: 0.0]
         [Termination Attempts: Min: 1, Avg: 1.5, Max: 2, Diff: 1, Sum: 9]
      [GC Worker Other (ms): Min: 0.0, Avg: 0.0, Max: 0.1, Diff: 0.0, Sum: 0.3]
      [GC Worker Total (ms): Min: 0.6, Avg: 0.6, Max: 0.6, Diff: 0.0, Sum: 3.5]
      [GC Worker End (ms): Min: 762487.8, Avg: 762487.8, Max: 762487.9, Diff: 0.0]
   [Code Root Fixup: 0.0 ms]
   [Code Root Purge: 0.0 ms]
   [Clear CT: 0.2 ms]
   [Other: 0.7 ms]
      [Choose CSet: 0.0 ms]
      [Ref Proc: 0.2 ms]
      [Ref Enq: 0.0 ms]
      [Redirty Cards: 0.1 ms]
      [Humongous Register: 0.0 ms]
      [Humongous Reclaim: 0.0 ms]
      [Free CSet: 0.3 ms]
   [Eden: 612.0M(612.0M)->0.0B(612.0M) Survivors: 2048.0K->2048.0K Heap: 618.6M(1024.0M)->6881.6K(1024.0M)]
 [Times: user=0.00 sys=0.00, real=0.00 secs] 
2024-10-11T08:46:22.106+0300: 762.489: Total time for which application threads were stopped: 0.0019404 seconds, Stopping threads took: 0.0001638 seconds
2024-10-11T08:46:24.147+0300: 764.526: Application time: 2.0367500 seconds
2024-10-11T08:46:24.147+0300: 764.526: [GC pause (G1 Evacuation Pause) (young), 0.0015110 secs]
   [Parallel Time: 0.7 ms, GC Workers: 6]
      [GC Worker Start (ms): Min: 764525.8, Avg: 764525.9, Max: 764526.4, Diff: 0.6]
      [Ext Root Scanning (ms): Min: 0.0, Avg: 0.2, Max: 0.3, Diff: 0.3, Sum: 1.3]
      [Update RS (ms): Min: 0.0, Avg: 0.0, Max: 0.0, Diff: 0.0, Sum: 0.1]
         [Processed Buffers: Min: 0, Avg: 0.8, Max: 2, Diff: 2, Sum: 5]
      [Scan RS (ms): Min: 0.0, Avg: 0.1, Max: 0.1, Diff: 0.1, Sum: 0.6]
      [Code Root Scanning (ms): Min: 0.0, Avg: 0.0, Max: 0.0, Diff: 0.0, Sum: 0.0]
      [Object Copy (ms): Min: 0.0, Avg: 0.1, Max: 0.2, Diff: 0.2, Sum: 0.9]
      [Termination (ms): Min: 0.0, Avg: 0.0, Max: 0.0, Diff: 0.0, Sum: 0.2]
         [Termination Attempts: Min: 1, Avg: 1.0, Max: 1, Diff: 0, Sum: 6]
      [GC Worker Other (ms): Min: 0.0, Avg: 0.0, Max: 0.0, Diff: 0.0, Sum: 0.1]
      [GC Worker Total (ms): Min: 0.0, Avg: 0.5, Max: 0.6, Diff: 0.6, Sum: 3.2]
      [GC Worker End (ms): Min: 764526.5, Avg: 764526.5, Max: 764526.5, Diff: 0.0]
   [Code Root Fixup: 0.0 ms]
   [Code Root Purge: 0.0 ms]
   [Clear CT: 0.2 ms]
   [Other: 0.6 ms]
      [Choose CSet: 0.0 ms]
      [Ref Proc: 0.1 ms]
      [Ref Enq: 0.0 ms]
      [Redirty Cards: 0.1 ms]
      [Humongous Register: 0.0 ms]
      [Humongous Reclaim: 0.0 ms]
      [Free CSet: 0.3 ms]
   [Eden: 612.0M(612.0M)->0.0B(612.0M) Survivors: 2048.0K->2048.0K Heap: 618.7M(1024.0M)->6872.2K(1024.0M)]
 [Times: user=0.00 sys=0.00, real=0.00 secs] 
2024-10-11T08:46:24.147+0300: 764.527: Total time for which application threads were stopped: 0.0018414 seconds, Stopping threads took: 0.0001566 seconds
2024-10-11T08:46:25.151+0300: 765.523: Application time: 0.9955479 seconds
2024-10-11T08:46:25.151+0300: 765.523: Total time for which application threads were stopped: 0.0002270 seconds, Stopping threads took: 0.0001483 seconds
2024-10-11T08:46:26.186+0300: 766.573: Application time: 1.0495457 seconds
2024-10-11T08:46:26.186+0300: 766.573: [GC pause (G1 Evacuation Pause) (young), 0.0015801 secs]
   [Parallel Time: 0.6 ms, GC Workers: 6]
      [GC Worker Start (ms): Min: 766573.0, Avg: 766573.0, Max: 766573.1, Diff: 0.0]
      [Ext Root Scanning (ms): Min: 0.2, Avg: 0.2, Max: 0.3, Diff: 0.0, Sum: 1.5]
      [Update RS (ms): Min: 0.0, Avg: 0.0, Max: 0.0, Diff: 0.0, Sum: 0.1]
         [Processed Buffers: Min: 0, Avg: 0.8, Max: 3, Diff: 3, Sum: 5]
      [Scan RS (ms): Min: 0.1, Avg: 0.1, Max: 0.1, Diff: 0.0, Sum: 0.6]
      [Code Root Scanning (ms): Min: 0.0, Avg: 0.0, Max: 0.0, Diff: 0.0, Sum: 0.0]
      [Object Copy (ms): Min: 0.1, Avg: 0.1, Max: 0.2, Diff: 0.1, Sum: 0.8]
      [Termination (ms): Min: 0.0, Avg: 0.0, Max: 0.0, Diff: 0.0, Sum: 0.1]
         [Termination Attempts: Min: 1, Avg: 1.0, Max: 1, Diff: 0, Sum: 6]
      [GC Worker Other (ms): Min: 0.0, Avg: 0.0, Max: 0.0, Diff: 0.0, Sum: 0.1]
      [GC Worker Total (ms): Min: 0.5, Avg: 0.5, Max: 0.5, Diff: 0.0, Sum: 3.2]
      [GC Worker End (ms): Min: 766573.6, Avg: 766573.6, Max: 766573.6, Diff: 0.0]
   [Code Root Fixup: 0.0 ms]
   [Code Root Purge: 0.0 ms]
   [Clear CT: 0.2 ms]
   [Other: 0.8 ms]
      [Choose CSet: 0.0 ms]
      [Ref Proc: 0.2 ms]
      [Ref Enq: 0.0 ms]
      [Redirty Cards: 0.1 ms]
      [Humongous Register: 0.1 ms]
      [Humongous Reclaim: 0.0 ms]
      [Free CSet: 0.3 ms]
   [Eden: 612.0M(612.0M)->0.0B(612.0M) Survivors: 2048.0K->2048.0K Heap: 618.7M(1024.0M)->6899.7K(1024.0M)]
 [Times: user=0.00 sys=0.00, real=0.02 secs] 
2024-10-11T08:46:26.202+0300: 766.575: Total time for which application threads were stopped: 0.0019259 seconds, Stopping threads took: 0.0001362 seconds
2024-10-11T08:46:28.247+0300: 768.621: Application time: 2.0467676 seconds
2024-10-11T08:46:28.247+0300: 768.622: [GC pause (G1 Evacuation Pause) (young), 0.0013961 secs]
   [Parallel Time: 0.6 ms, GC Workers: 6]
      [GC Worker Start (ms): Min: 768621.7, Avg: 768621.7, Max: 768621.8, Diff: 0.0]
      [Ext Root Scanning (ms): Min: 0.2, Avg: 0.2, Max: 0.3, Diff: 0.0, Sum: 1.4]
      [Update RS (ms): Min: 0.0, Avg: 0.0, Max: 0.0, Diff: 0.0, Sum: 0.1]
         [Processed Buffers: Min: 0, Avg: 0.8, Max: 1, Diff: 1, Sum: 5]
      [Scan RS (ms): Min: 0.1, Avg: 0.1, Max: 0.1, Diff: 0.1, Sum: 0.6]
      [Code Root Scanning (ms): Min: 0.0, Avg: 0.0, Max: 0.0, Diff: 0.0, Sum: 0.0]
      [Object Copy (ms): Min: 0.1, Avg: 0.1, Max: 0.2, Diff: 0.1, Sum: 0.7]
      [Termination (ms): Min: 0.0, Avg: 0.0, Max: 0.0, Diff: 0.0, Sum: 0.1]
         [Termination Attempts: Min: 1, Avg: 1.0, Max: 1, Diff: 0, Sum: 6]
      [GC Worker Other (ms): Min: 0.0, Avg: 0.0, Max: 0.0, Diff: 0.0, Sum: 0.1]
      [GC Worker Total (ms): Min: 0.5, Avg: 0.5, Max: 0.5, Diff: 0.1, Sum: 3.0]
      [GC Worker End (ms): Min: 768622.2, Avg: 768622.2, Max: 768622.3, Diff: 0.0]
   [Code Root Fixup: 0.0 ms]
   [Code Root Purge: 0.0 ms]
   [Clear CT: 0.2 ms]
   [Other: 0.6 ms]
      [Choose CSet: 0.0 ms]
      [Ref Proc: 0.1 ms]
      [Ref Enq: 0.0 ms]
      [Redirty Cards: 0.1 ms]
      [Humongous Register: 0.0 ms]
      [Humongous Reclaim: 0.0 ms]
      [Free CSet: 0.3 ms]
   [Eden: 612.0M(612.0M)->0.0B(612.0M) Survivors: 2048.0K->2048.0K Heap: 618.7M(1024.0M)->6746.1K(1024.0M)]
 [Times: user=0.00 sys=0.00, real=0.00 secs] 
2024-10-11T08:46:28.247+0300: 768.623: Total time for which application threads were stopped: 0.0017503 seconds, Stopping threads took: 0.0001682 seconds
2024-10-11T08:46:30.297+0300: 770.673: Application time: 2.0499692 seconds
2024-10-11T08:46:30.297+0300: 770.673: [GC pause (G1 Evacuation Pause) (young), 0.0015431 secs]
   [Parallel Time: 0.6 ms, GC Workers: 6]
      [GC Worker Start (ms): Min: 770673.4, Avg: 770673.5, Max: 770673.5, Diff: 0.1]
      [Ext Root Scanning (ms): Min: 0.2, Avg: 0.2, Max: 0.3, Diff: 0.0, Sum: 1.5]
      [Update RS (ms): Min: 0.0, Avg: 0.0, Max: 0.0, Diff: 0.0, Sum: 0.1]
         [Processed Buffers: Min: 0, Avg: 0.8, Max: 3, Diff: 3, Sum: 5]
      [Scan RS (ms): Min: 0.1, Avg: 0.1, Max: 0.1, Diff: 0.0, Sum: 0.6]
      [Code Root Scanning (ms): Min: 0.0, Avg: 0.0, Max: 0.0, Diff: 0.0, Sum: 0.0]
      [Object Copy (ms): Min: 0.1, Avg: 0.1, Max: 0.2, Diff: 0.1, Sum: 0.9]
      [Termination (ms): Min: 0.0, Avg: 0.0, Max: 0.0, Diff: 0.0, Sum: 0.1]
         [Termination Attempts: Min: 1, Avg: 1.0, Max: 1, Diff: 0, Sum: 6]
      [GC Worker Other (ms): Min: 0.0, Avg: 0.0, Max: 0.0, Diff: 0.0, Sum: 0.2]
      [GC Worker Total (ms): Min: 0.5, Avg: 0.5, Max: 0.6, Diff: 0.1, Sum: 3.2]
      [GC Worker End (ms): Min: 770674.0, Avg: 770674.0, Max: 770674.0, Diff: 0.0]
   [Code Root Fixup: 0.0 ms]
   [Code Root Purge: 0.0 ms]
   [Clear CT: 0.2 ms]
   [Other: 0.7 ms]
      [Choose CSet: 0.0 ms]
      [Ref Proc: 0.2 ms]
      [Ref Enq: 0.0 ms]
      [Redirty Cards: 0.1 ms]
      [Humongous Register: 0.0 ms]
      [Humongous Reclaim: 0.0 ms]
      [Free CSet: 0.3 ms]
   [Eden: 612.0M(612.0M)->0.0B(612.0M) Survivors: 2048.0K->2048.0K Heap: 618.6M(1024.0M)->7032.1K(1024.0M)]
 [Times: user=0.00 sys=0.00, real=0.00 secs] 
2024-10-11T08:46:30.297+0300: 770.675: Total time for which application threads were stopped: 0.0018868 seconds, Stopping threads took: 0.0001391 seconds
2024-10-11T08:46:32.336+0300: 772.723: Application time: 2.0478695 seconds
2024-10-11T08:46:32.336+0300: 772.723: [GC pause (G1 Evacuation Pause) (young), 0.0015129 secs]
   [Parallel Time: 0.7 ms, GC Workers: 6]
      [GC Worker Start (ms): Min: 772723.2, Avg: 772723.3, Max: 772723.3, Diff: 0.1]
      [Ext Root Scanning (ms): Min: 0.2, Avg: 0.3, Max: 0.5, Diff: 0.3, Sum: 1.7]
      [Update RS (ms): Min: 0.0, Avg: 0.0, Max: 0.0, Diff: 0.0, Sum: 0.1]
         [Processed Buffers: Min: 0, Avg: 0.7, Max: 1, Diff: 1, Sum: 4]
      [Scan RS (ms): Min: 0.0, Avg: 0.1, Max: 0.1, Diff: 0.1, Sum: 0.6]
      [Code Root Scanning (ms): Min: 0.0, Avg: 0.0, Max: 0.0, Diff: 0.0, Sum: 0.0]
      [Object Copy (ms): Min: 0.1, Avg: 0.2, Max: 0.2, Diff: 0.1, Sum: 0.9]
      [Termination (ms): Min: 0.0, Avg: 0.0, Max: 0.0, Diff: 0.0, Sum: 0.1]
         [Termination Attempts: Min: 1, Avg: 1.0, Max: 1, Diff: 0, Sum: 6]
      [GC Worker Other (ms): Min: 0.0, Avg: 0.0, Max: 0.0, Diff: 0.0, Sum: 0.1]
      [GC Worker Total (ms): Min: 0.5, Avg: 0.6, Max: 0.6, Diff: 0.1, Sum: 3.5]
      [GC Worker End (ms): Min: 772723.8, Avg: 772723.9, Max: 772723.9, Diff: 0.0]
   [Code Root Fixup: 0.0 ms]
   [Code Root Purge: 0.0 ms]
   [Clear CT: 0.2 ms]
   [Other: 0.6 ms]
      [Choose CSet: 0.0 ms]
      [Ref Proc: 0.2 ms]
      [Ref Enq: 0.0 ms]
      [Redirty Cards: 0.1 ms]
      [Humongous Register: 0.0 ms]
      [Humongous Reclaim: 0.0 ms]
      [Free CSet: 0.2 ms]
   [Eden: 612.0M(612.0M)->0.0B(612.0M) Survivors: 2048.0K->2048.0K Heap: 618.9M(1024.0M)->6690.0K(1024.0M)]
 [Times: user=0.02 sys=0.00, real=0.02 secs] 
2024-10-11T08:46:32.352+0300: 772.725: Total time for which application threads were stopped: 0.0019156 seconds, Stopping threads took: 0.0002215 seconds
2024-10-11T08:46:34.376+0300: 774.758: Application time: 2.0336987 seconds
2024-10-11T08:46:34.376+0300: 774.759: [GC pause (G1 Evacuation Pause) (young), 0.0015182 secs]
   [Parallel Time: 0.6 ms, GC Workers: 6]
      [GC Worker Start (ms): Min: 774758.8, Avg: 774758.8, Max: 774758.9, Diff: 0.0]
      [Ext Root Scanning (ms): Min: 0.2, Avg: 0.3, Max: 0.3, Diff: 0.0, Sum: 1.5]
      [Update RS (ms): Min: 0.0, Avg: 0.0, Max: 0.0, Diff: 0.0, Sum: 0.1]
         [Processed Buffers: Min: 0, Avg: 0.8, Max: 2, Diff: 2, Sum: 5]
      [Scan RS (ms): Min: 0.1, Avg: 0.1, Max: 0.1, Diff: 0.0, Sum: 0.6]
      [Code Root Scanning (ms): Min: 0.0, Avg: 0.0, Max: 0.0, Diff: 0.0, Sum: 0.0]
      [Object Copy (ms): Min: 0.1, Avg: 0.2, Max: 0.2, Diff: 0.1, Sum: 0.9]
      [Termination (ms): Min: 0.0, Avg: 0.0, Max: 0.0, Diff: 0.0, Sum: 0.0]
         [Termination Attempts: Min: 1, Avg: 1.2, Max: 2, Diff: 1, Sum: 7]
      [GC Worker Other (ms): Min: 0.0, Avg: 0.0, Max: 0.0, Diff: 0.0, Sum: 0.1]
      [GC Worker Total (ms): Min: 0.5, Avg: 0.5, Max: 0.6, Diff: 0.0, Sum: 3.3]
      [GC Worker End (ms): Min: 774759.4, Avg: 774759.4, Max: 774759.4, Diff: 0.0]
   [Code Root Fixup: 0.0 ms]
   [Code Root Purge: 0.0 ms]
   [Clear CT: 0.2 ms]
   [Other: 0.7 ms]
      [Choose CSet: 0.0 ms]
      [Ref Proc: 0.2 ms]
      [Ref Enq: 0.0 ms]
      [Redirty Cards: 0.1 ms]
      [Humongous Register: 0.0 ms]
      [Humongous Reclaim: 0.0 ms]
      [Free CSet: 0.3 ms]
   [Eden: 612.0M(612.0M)->0.0B(612.0M) Survivors: 2048.0K->2048.0K Heap: 618.5M(1024.0M)->6795.2K(1024.0M)]
 [Times: user=0.03 sys=0.00, real=0.00 secs] 
2024-10-11T08:46:34.376+0300: 774.760: Total time for which application threads were stopped: 0.0018711 seconds, Stopping threads took: 0.0001296 seconds
2024-10-11T08:46:36.416+0300: 776.798: Application time: 2.0379535 seconds
2024-10-11T08:46:36.416+0300: 776.799: [GC pause (G1 Evacuation Pause) (young), 0.0014445 secs]
   [Parallel Time: 0.6 ms, GC Workers: 6]
      [GC Worker Start (ms): Min: 776798.6, Avg: 776798.6, Max: 776798.7, Diff: 0.0]
      [Ext Root Scanning (ms): Min: 0.2, Avg: 0.2, Max: 0.3, Diff: 0.0, Sum: 1.5]
      [Update RS (ms): Min: 0.0, Avg: 0.0, Max: 0.1, Diff: 0.1, Sum: 0.2]
         [Processed Buffers: Min: 0, Avg: 1.2, Max: 3, Diff: 3, Sum: 7]
      [Scan RS (ms): Min: 0.0, Avg: 0.1, Max: 0.1, Diff: 0.1, Sum: 0.6]
      [Code Root Scanning (ms): Min: 0.0, Avg: 0.0, Max: 0.0, Diff: 0.0, Sum: 0.0]
      [Object Copy (ms): Min: 0.1, Avg: 0.1, Max: 0.2, Diff: 0.1, Sum: 0.8]
      [Termination (ms): Min: 0.0, Avg: 0.0, Max: 0.0, Diff: 0.0, Sum: 0.0]
         [Termination Attempts: Min: 1, Avg: 1.3, Max: 2, Diff: 1, Sum: 8]
      [GC Worker Other (ms): Min: 0.0, Avg: 0.0, Max: 0.0, Diff: 0.0, Sum: 0.2]
      [GC Worker Total (ms): Min: 0.5, Avg: 0.6, Max: 0.6, Diff: 0.1, Sum: 3.3]
      [GC Worker End (ms): Min: 776799.2, Avg: 776799.2, Max: 776799.2, Diff: 0.0]
   [Code Root Fixup: 0.0 ms]
   [Code Root Purge: 0.0 ms]
   [Clear CT: 0.2 ms]
   [Other: 0.6 ms]
      [Choose CSet: 0.0 ms]
      [Ref Proc: 0.2 ms]
      [Ref Enq: 0.0 ms]
      [Redirty Cards: 0.1 ms]
      [Humongous Register: 0.0 ms]
      [Humongous Reclaim: 0.0 ms]
      [Free CSet: 0.2 ms]
   [Eden: 612.0M(612.0M)->0.0B(612.0M) Survivors: 2048.0K->2048.0K Heap: 618.6M(1024.0M)->6864.2K(1024.0M)]
 [Times: user=0.00 sys=0.00, real=0.00 secs] 
2024-10-11T08:46:36.416+0300: 776.800: Total time for which application threads were stopped: 0.0017670 seconds, Stopping threads took: 0.0001206 seconds
2024-10-11T08:46:38.456+0300: 778.837: Application time: 2.0365604 seconds
2024-10-11T08:46:38.456+0300: 778.837: [GC pause (G1 Evacuation Pause) (young), 0.0015208 secs]
   [Parallel Time: 0.8 ms, GC Workers: 6]
      [GC Worker Start (ms): Min: 778837.0, Avg: 778837.2, Max: 778837.7, Diff: 0.6]
      [Ext Root Scanning (ms): Min: 0.0, Avg: 0.2, Max: 0.3, Diff: 0.3, Sum: 1.1]
      [Update RS (ms): Min: 0.0, Avg: 0.0, Max: 0.0, Diff: 0.0, Sum: 0.1]
         [Processed Buffers: Min: 0, Avg: 1.0, Max: 2, Diff: 2, Sum: 6]
      [Scan RS (ms): Min: 0.0, Avg: 0.1, Max: 0.1, Diff: 0.1, Sum: 0.5]
      [Code Root Scanning (ms): Min: 0.0, Avg: 0.0, Max: 0.0, Diff: 0.0, Sum: 0.0]
      [Object Copy (ms): Min: 0.0, Avg: 0.1, Max: 0.2, Diff: 0.2, Sum: 0.7]
      [Termination (ms): Min: 0.0, Avg: 0.0, Max: 0.1, Diff: 0.1, Sum: 0.3]
         [Termination Attempts: Min: 1, Avg: 1.0, Max: 1, Diff: 0, Sum: 6]
      [GC Worker Other (ms): Min: 0.0, Avg: 0.0, Max: 0.0, Diff: 0.0, Sum: 0.0]
      [GC Worker Total (ms): Min: 0.0, Avg: 0.4, Max: 0.7, Diff: 0.6, Sum: 2.7]
      [GC Worker End (ms): Min: 778837.7, Avg: 778837.7, Max: 778837.7, Diff: 0.0]
   [Code Root Fixup: 0.0 ms]
   [Code Root Purge: 0.0 ms]
   [Clear CT: 0.2 ms]
   [Other: 0.6 ms]
      [Choose CSet: 0.0 ms]
      [Ref Proc: 0.1 ms]
      [Ref Enq: 0.0 ms]
      [Redirty Cards: 0.1 ms]
      [Humongous Register: 0.0 ms]
      [Humongous Reclaim: 0.0 ms]
      [Free CSet: 0.3 ms]
   [Eden: 612.0M(612.0M)->0.0B(612.0M) Survivors: 2048.0K->2048.0K Heap: 618.7M(1024.0M)->6806.5K(1024.0M)]
 [Times: user=0.02 sys=0.00, real=0.01 secs] 
2024-10-11T08:46:38.466+0300: 778.839: Total time for which application threads were stopped: 0.0019044 seconds, Stopping threads took: 0.0002093 seconds
2024-10-11T08:46:40.495+0300: 780.880: Application time: 2.0414946 seconds
2024-10-11T08:46:40.495+0300: 780.880: [GC pause (G1 Evacuation Pause) (young), 0.0015153 secs]
   [Parallel Time: 0.7 ms, GC Workers: 6]
      [GC Worker Start (ms): Min: 780880.4, Avg: 780880.4, Max: 780880.5, Diff: 0.1]
      [Ext Root Scanning (ms): Min: 0.2, Avg: 0.3, Max: 0.3, Diff: 0.1, Sum: 1.6]
      [Update RS (ms): Min: 0.0, Avg: 0.0, Max: 0.0, Diff: 0.0, Sum: 0.1]
         [Processed Buffers: Min: 0, Avg: 1.0, Max: 3, Diff: 3, Sum: 6]
      [Scan RS (ms): Min: 0.1, Avg: 0.1, Max: 0.1, Diff: 0.0, Sum: 0.6]
      [Code Root Scanning (ms): Min: 0.0, Avg: 0.0, Max: 0.0, Diff: 0.0, Sum: 0.0]
      [Object Copy (ms): Min: 0.1, Avg: 0.1, Max: 0.2, Diff: 0.1, Sum: 0.9]
      [Termination (ms): Min: 0.0, Avg: 0.0, Max: 0.0, Diff: 0.0, Sum: 0.0]
         [Termination Attempts: Min: 1, Avg: 1.0, Max: 1, Diff: 0, Sum: 6]
      [GC Worker Other (ms): Min: 0.0, Avg: 0.0, Max: 0.1, Diff: 0.0, Sum: 0.2]
      [GC Worker Total (ms): Min: 0.5, Avg: 0.6, Max: 0.6, Diff: 0.1, Sum: 3.4]
      [GC Worker End (ms): Min: 780881.0, Avg: 780881.0, Max: 780881.0, Diff: 0.0]
   [Code Root Fixup: 0.0 ms]
   [Code Root Purge: 0.0 ms]
   [Clear CT: 0.2 ms]
   [Other: 0.6 ms]
      [Choose CSet: 0.0 ms]
      [Ref Proc: 0.1 ms]
      [Ref Enq: 0.0 ms]
      [Redirty Cards: 0.1 ms]
      [Humongous Register: 0.0 ms]
      [Humongous Reclaim: 0.0 ms]
      [Free CSet: 0.3 ms]
   [Eden: 612.0M(612.0M)->0.0B(612.0M) Survivors: 2048.0K->2048.0K Heap: 618.6M(1024.0M)->6815.1K(1024.0M)]
 [Times: user=0.00 sys=0.00, real=0.00 secs] 
2024-10-11T08:46:40.495+0300: 780.882: Total time for which application threads were stopped: 0.0018787 seconds, Stopping threads took: 0.0001572 seconds
2024-10-11T08:46:42.565+0300: 782.937: Application time: 2.0554212 seconds
2024-10-11T08:46:42.565+0300: 782.938: [GC pause (G1 Evacuation Pause) (young), 0.0016312 secs]
   [Parallel Time: 0.7 ms, GC Workers: 6]
      [GC Worker Start (ms): Min: 782937.7, Avg: 782937.8, Max: 782937.8, Diff: 0.1]
      [Ext Root Scanning (ms): Min: 0.2, Avg: 0.3, Max: 0.3, Diff: 0.1, Sum: 1.5]
      [Update RS (ms): Min: 0.0, Avg: 0.0, Max: 0.0, Diff: 0.0, Sum: 0.1]
         [Processed Buffers: Min: 0, Avg: 0.8, Max: 2, Diff: 2, Sum: 5]
      [Scan RS (ms): Min: 0.0, Avg: 0.1, Max: 0.1, Diff: 0.1, Sum: 0.5]
      [Code Root Scanning (ms): Min: 0.0, Avg: 0.0, Max: 0.0, Diff: 0.0, Sum: 0.0]
      [Object Copy (ms): Min: 0.1, Avg: 0.2, Max: 0.3, Diff: 0.2, Sum: 1.1]
      [Termination (ms): Min: 0.0, Avg: 0.0, Max: 0.1, Diff: 0.1, Sum: 0.2]
         [Termination Attempts: Min: 1, Avg: 2.2, Max: 3, Diff: 2, Sum: 13]
      [GC Worker Other (ms): Min: 0.0, Avg: 0.0, Max: 0.0, Diff: 0.0, Sum: 0.1]
      [GC Worker Total (ms): Min: 0.6, Avg: 0.6, Max: 0.6, Diff: 0.1, Sum: 3.5]
      [GC Worker End (ms): Min: 782938.3, Avg: 782938.4, Max: 782938.4, Diff: 0.0]
   [Code Root Fixup: 0.0 ms]
   [Code Root Purge: 0.0 ms]
   [Clear CT: 0.2 ms]
   [Other: 0.7 ms]
      [Choose CSet: 0.0 ms]
      [Ref Proc: 0.2 ms]
      [Ref Enq: 0.0 ms]
      [Redirty Cards: 0.1 ms]
      [Humongous Register: 0.0 ms]
      [Humongous Reclaim: 0.0 ms]
      [Free CSet: 0.3 ms]
   [Eden: 612.0M(612.0M)->0.0B(612.0M) Survivors: 2048.0K->2048.0K Heap: 618.7M(1024.0M)->6912.1K(1024.0M)]
 [Times: user=0.00 sys=0.00, real=0.00 secs] 
2024-10-11T08:46:42.565+0300: 782.939: Total time for which application threads were stopped: 0.0020370 seconds, Stopping threads took: 0.0001855 seconds
2024-10-11T08:46:44.605+0300: 784.991: Application time: 2.0515831 seconds
2024-10-11T08:46:44.605+0300: 784.991: [GC pause (G1 Evacuation Pause) (young), 0.0014398 secs]
   [Parallel Time: 0.6 ms, GC Workers: 6]
      [GC Worker Start (ms): Min: 784991.3, Avg: 784991.3, Max: 784991.3, Diff: 0.0]
      [Ext Root Scanning (ms): Min: 0.2, Avg: 0.3, Max: 0.3, Diff: 0.1, Sum: 1.6]
      [Update RS (ms): Min: 0.0, Avg: 0.0, Max: 0.0, Diff: 0.0, Sum: 0.1]
         [Processed Buffers: Min: 0, Avg: 0.8, Max: 1, Diff: 1, Sum: 5]
      [Scan RS (ms): Min: 0.1, Avg: 0.1, Max: 0.1, Diff: 0.0, Sum: 0.6]
      [Code Root Scanning (ms): Min: 0.0, Avg: 0.0, Max: 0.0, Diff: 0.0, Sum: 0.0]
      [Object Copy (ms): Min: 0.1, Avg: 0.1, Max: 0.2, Diff: 0.1, Sum: 0.8]
      [Termination (ms): Min: 0.0, Avg: 0.0, Max: 0.0, Diff: 0.0, Sum: 0.0]
         [Termination Attempts: Min: 1, Avg: 1.0, Max: 1, Diff: 0, Sum: 6]
      [GC Worker Other (ms): Min: 0.0, Avg: 0.0, Max: 0.1, Diff: 0.0, Sum: 0.2]
      [GC Worker Total (ms): Min: 0.5, Avg: 0.6, Max: 0.6, Diff: 0.1, Sum: 3.3]
      [GC Worker End (ms): Min: 784991.8, Avg: 784991.9, Max: 784991.9, Diff: 0.0]
   [Code Root Fixup: 0.0 ms]
   [Code Root Purge: 0.0 ms]
   [Clear CT: 0.2 ms]
   [Other: 0.6 ms]
      [Choose CSet: 0.0 ms]
      [Ref Proc: 0.1 ms]
      [Ref Enq: 0.0 ms]
      [Redirty Cards: 0.1 ms]
      [Humongous Register: 0.0 ms]
      [Humongous Reclaim: 0.0 ms]
      [Free CSet: 0.3 ms]
   [Eden: 612.0M(612.0M)->0.0B(612.0M) Survivors: 2048.0K->2048.0K Heap: 618.8M(1024.0M)->6853.1K(1024.0M)]
 [Times: user=0.00 sys=0.00, real=0.02 secs] 
2024-10-11T08:46:44.621+0300: 784.993: Total time for which application threads were stopped: 0.0018696 seconds, Stopping threads took: 0.0001566 seconds
2024-10-11T08:46:46.659+0300: 787.037: Application time: 2.0439918 seconds
2024-10-11T08:46:46.659+0300: 787.037: [GC pause (G1 Evacuation Pause) (young), 0.0015387 secs]
   [Parallel Time: 0.7 ms, GC Workers: 6]
      [GC Worker Start (ms): Min: 787037.3, Avg: 787037.4, Max: 787037.9, Diff: 0.6]
      [Ext Root Scanning (ms): Min: 0.0, Avg: 0.2, Max: 0.3, Diff: 0.3, Sum: 1.4]
      [Update RS (ms): Min: 0.0, Avg: 0.0, Max: 0.0, Diff: 0.0, Sum: 0.1]
         [Processed Buffers: Min: 0, Avg: 0.8, Max: 2, Diff: 2, Sum: 5]
      [Scan RS (ms): Min: 0.0, Avg: 0.1, Max: 0.1, Diff: 0.1, Sum: 0.6]
      [Code Root Scanning (ms): Min: 0.0, Avg: 0.0, Max: 0.0, Diff: 0.0, Sum: 0.0]
      [Object Copy (ms): Min: 0.0, Avg: 0.1, Max: 0.2, Diff: 0.2, Sum: 0.7]
      [Termination (ms): Min: 0.0, Avg: 0.0, Max: 0.0, Diff: 0.0, Sum: 0.2]
         [Termination Attempts: Min: 1, Avg: 1.0, Max: 1, Diff: 0, Sum: 6]
      [GC Worker Other (ms): Min: 0.0, Avg: 0.0, Max: 0.0, Diff: 0.0, Sum: 0.1]
      [GC Worker Total (ms): Min: 0.0, Avg: 0.5, Max: 0.6, Diff: 0.6, Sum: 3.1]
      [GC Worker End (ms): Min: 787037.9, Avg: 787037.9, Max: 787037.9, Diff: 0.0]
   [Code Root Fixup: 0.0 ms]
   [Code Root Purge: 0.0 ms]
   [Clear CT: 0.2 ms]
   [Other: 0.6 ms]
      [Choose CSet: 0.0 ms]
      [Ref Proc: 0.1 ms]
      [Ref Enq: 0.0 ms]
      [Redirty Cards: 0.1 ms]
      [Humongous Register: 0.0 ms]
      [Humongous Reclaim: 0.0 ms]
      [Free CSet: 0.3 ms]
   [Eden: 612.0M(612.0M)->0.0B(612.0M) Survivors: 2048.0K->2048.0K Heap: 618.7M(1024.0M)->6886.2K(1024.0M)]
 [Times: user=0.00 sys=0.00, real=0.00 secs] 
2024-10-11T08:46:46.659+0300: 787.039: Total time for which application threads were stopped: 0.0019539 seconds, Stopping threads took: 0.0002244 seconds
2024-10-11T08:46:48.714+0300: 789.093: Application time: 2.0541398 seconds
2024-10-11T08:46:48.714+0300: 789.093: [GC pause (G1 Evacuation Pause) (young), 0.0014019 secs]
   [Parallel Time: 0.6 ms, GC Workers: 6]
      [GC Worker Start (ms): Min: 789093.3, Avg: 789093.4, Max: 789093.4, Diff: 0.1]
      [Ext Root Scanning (ms): Min: 0.2, Avg: 0.3, Max: 0.3, Diff: 0.1, Sum: 1.5]
      [Update RS (ms): Min: 0.0, Avg: 0.0, Max: 0.0, Diff: 0.0, Sum: 0.1]
         [Processed Buffers: Min: 0, Avg: 0.8, Max: 2, Diff: 2, Sum: 5]
      [Scan RS (ms): Min: 0.1, Avg: 0.1, Max: 0.1, Diff: 0.0, Sum: 0.6]
      [Code Root Scanning (ms): Min: 0.0, Avg: 0.0, Max: 0.0, Diff: 0.0, Sum: 0.0]
      [Object Copy (ms): Min: 0.1, Avg: 0.1, Max: 0.1, Diff: 0.0, Sum: 0.8]
      [Termination (ms): Min: 0.0, Avg: 0.0, Max: 0.0, Diff: 0.0, Sum: 0.1]
         [Termination Attempts: Min: 1, Avg: 1.2, Max: 2, Diff: 1, Sum: 7]
      [GC Worker Other (ms): Min: 0.0, Avg: 0.0, Max: 0.0, Diff: 0.0, Sum: 0.1]
      [GC Worker Total (ms): Min: 0.5, Avg: 0.5, Max: 0.6, Diff: 0.1, Sum: 3.2]
      [GC Worker End (ms): Min: 789093.9, Avg: 789093.9, Max: 789093.9, Diff: 0.0]
   [Code Root Fixup: 0.0 ms]
   [Code Root Purge: 0.0 ms]
   [Clear CT: 0.2 ms]
   [Other: 0.6 ms]
      [Choose CSet: 0.0 ms]
      [Ref Proc: 0.1 ms]
      [Ref Enq: 0.0 ms]
      [Redirty Cards: 0.1 ms]
      [Humongous Register: 0.0 ms]
      [Humongous Reclaim: 0.0 ms]
      [Free CSet: 0.3 ms]
   [Eden: 612.0M(612.0M)->0.0B(612.0M) Survivors: 2048.0K->2048.0K Heap: 618.7M(1024.0M)->6925.8K(1024.0M)]
 [Times: user=0.00 sys=0.00, real=0.00 secs] 
2024-10-11T08:46:48.714+0300: 789.095: Total time for which application threads were stopped: 0.0018366 seconds, Stopping threads took: 0.0002081 seconds
2024-10-11T08:46:50.770+0300: 791.153: Application time: 2.0577422 seconds
2024-10-11T08:46:50.770+0300: 791.153: [GC pause (G1 Evacuation Pause) (young), 0.0013883 secs]
   [Parallel Time: 0.7 ms, GC Workers: 6]
      [GC Worker Start (ms): Min: 791152.9, Avg: 791152.9, Max: 791153.1, Diff: 0.2]
      [Ext Root Scanning (ms): Min: 0.1, Avg: 0.2, Max: 0.3, Diff: 0.2, Sum: 1.4]
      [Update RS (ms): Min: 0.0, Avg: 0.0, Max: 0.0, Diff: 0.0, Sum: 0.1]
         [Processed Buffers: Min: 0, Avg: 0.8, Max: 1, Diff: 1, Sum: 5]
      [Scan RS (ms): Min: 0.1, Avg: 0.1, Max: 0.1, Diff: 0.0, Sum: 0.6]
      [Code Root Scanning (ms): Min: 0.0, Avg: 0.0, Max: 0.0, Diff: 0.0, Sum: 0.0]
      [Object Copy (ms): Min: 0.1, Avg: 0.1, Max: 0.2, Diff: 0.0, Sum: 0.8]
      [Termination (ms): Min: 0.0, Avg: 0.0, Max: 0.0, Diff: 0.0, Sum: 0.1]
         [Termination Attempts: Min: 1, Avg: 1.0, Max: 1, Diff: 0, Sum: 6]
      [GC Worker Other (ms): Min: 0.0, Avg: 0.0, Max: 0.0, Diff: 0.0, Sum: 0.1]
      [GC Worker Total (ms): Min: 0.3, Avg: 0.5, Max: 0.6, Diff: 0.2, Sum: 3.2]
      [GC Worker End (ms): Min: 791153.4, Avg: 791153.4, Max: 791153.4, Diff: 0.0]
   [Code Root Fixup: 0.0 ms]
   [Code Root Purge: 0.0 ms]
   [Clear CT: 0.2 ms]
   [Other: 0.6 ms]
      [Choose CSet: 0.0 ms]
      [Ref Proc: 0.1 ms]
      [Ref Enq: 0.0 ms]
      [Redirty Cards: 0.1 ms]
      [Humongous Register: 0.0 ms]
      [Humongous Reclaim: 0.0 ms]
      [Free CSet: 0.2 ms]
   [Eden: 612.0M(612.0M)->0.0B(612.0M) Survivors: 2048.0K->2048.0K Heap: 618.8M(1024.0M)->6666.5K(1024.0M)]
 [Times: user=0.00 sys=0.00, real=0.00 secs] 
2024-10-11T08:46:50.770+0300: 791.154: Total time for which application threads were stopped: 0.0017280 seconds, Stopping threads took: 0.0001684 seconds
2024-10-11T08:46:52.810+0300: 793.189: Application time: 2.0346302 seconds
2024-10-11T08:46:52.810+0300: 793.189: [GC pause (G1 Evacuation Pause) (young), 0.0013604 secs]
   [Parallel Time: 0.6 ms, GC Workers: 6]
      [GC Worker Start (ms): Min: 793189.2, Avg: 793189.2, Max: 793189.2, Diff: 0.1]
      [Ext Root Scanning (ms): Min: 0.2, Avg: 0.2, Max: 0.3, Diff: 0.1, Sum: 1.5]
      [Update RS (ms): Min: 0.0, Avg: 0.0, Max: 0.0, Diff: 0.0, Sum: 0.1]
         [Processed Buffers: Min: 0, Avg: 0.8, Max: 1, Diff: 1, Sum: 5]
      [Scan RS (ms): Min: 0.1, Avg: 0.1, Max: 0.1, Diff: 0.0, Sum: 0.6]
      [Code Root Scanning (ms): Min: 0.0, Avg: 0.0, Max: 0.0, Diff: 0.0, Sum: 0.0]
      [Object Copy (ms): Min: 0.1, Avg: 0.1, Max: 0.2, Diff: 0.0, Sum: 0.8]
      [Termination (ms): Min: 0.0, Avg: 0.0, Max: 0.0, Diff: 0.0, Sum: 0.0]
         [Termination Attempts: Min: 1, Avg: 1.0, Max: 1, Diff: 0, Sum: 6]
      [GC Worker Other (ms): Min: 0.0, Avg: 0.0, Max: 0.0, Diff: 0.0, Sum: 0.1]
      [GC Worker Total (ms): Min: 0.5, Avg: 0.5, Max: 0.5, Diff: 0.1, Sum: 3.1]
      [GC Worker End (ms): Min: 793189.7, Avg: 793189.7, Max: 793189.7, Diff: 0.0]
   [Code Root Fixup: 0.0 ms]
   [Code Root Purge: 0.0 ms]
   [Clear CT: 0.2 ms]
   [Other: 0.6 ms]
      [Choose CSet: 0.0 ms]
      [Ref Proc: 0.1 ms]
      [Ref Enq: 0.0 ms]
      [Redirty Cards: 0.1 ms]
      [Humongous Register: 0.0 ms]
      [Humongous Reclaim: 0.0 ms]
      [Free CSet: 0.2 ms]
   [Eden: 612.0M(612.0M)->0.0B(612.0M) Survivors: 2048.0K->2048.0K Heap: 618.5M(1024.0M)->6801.3K(1024.0M)]
 [Times: user=0.00 sys=0.00, real=0.00 secs] 
2024-10-11T08:46:52.810+0300: 793.191: Total time for which application threads were stopped: 0.0016728 seconds, Stopping threads took: 0.0001454 seconds
2024-10-11T08:46:54.850+0300: 795.228: Application time: 2.0373088 seconds
2024-10-11T08:46:54.850+0300: 795.228: [GC pause (G1 Evacuation Pause) (young), 0.0014761 secs]
   [Parallel Time: 0.7 ms, GC Workers: 6]
      [GC Worker Start (ms): Min: 795228.2, Avg: 795228.3, Max: 795228.8, Diff: 0.6]
      [Ext Root Scanning (ms): Min: 0.0, Avg: 0.2, Max: 0.3, Diff: 0.3, Sum: 1.4]
      [Update RS (ms): Min: 0.0, Avg: 0.0, Max: 0.0, Diff: 0.0, Sum: 0.1]
         [Processed Buffers: Min: 0, Avg: 0.8, Max: 1, Diff: 1, Sum: 5]
      [Scan RS (ms): Min: 0.0, Avg: 0.1, Max: 0.1, Diff: 0.1, Sum: 0.6]
      [Code Root Scanning (ms): Min: 0.0, Avg: 0.0, Max: 0.0, Diff: 0.0, Sum: 0.0]
      [Object Copy (ms): Min: 0.0, Avg: 0.1, Max: 0.2, Diff: 0.2, Sum: 0.7]
      [Termination (ms): Min: 0.0, Avg: 0.0, Max: 0.0, Diff: 0.0, Sum: 0.2]
         [Termination Attempts: Min: 1, Avg: 1.0, Max: 1, Diff: 0, Sum: 6]
      [GC Worker Other (ms): Min: 0.0, Avg: 0.0, Max: 0.0, Diff: 0.0, Sum: 0.1]
      [GC Worker Total (ms): Min: 0.0, Avg: 0.5, Max: 0.6, Diff: 0.6, Sum: 3.1]
      [GC Worker End (ms): Min: 795228.8, Avg: 795228.8, Max: 795228.8, Diff: 0.0]
   [Code Root Fixup: 0.0 ms]
   [Code Root Purge: 0.0 ms]
   [Clear CT: 0.2 ms]
   [Other: 0.6 ms]
      [Choose CSet: 0.0 ms]
      [Ref Proc: 0.1 ms]
      [Ref Enq: 0.0 ms]
      [Redirty Cards: 0.1 ms]
      [Humongous Register: 0.0 ms]
      [Humongous Reclaim: 0.0 ms]
      [Free CSet: 0.3 ms]
   [Eden: 612.0M(612.0M)->0.0B(612.0M) Survivors: 2048.0K->2048.0K Heap: 618.6M(1024.0M)->6828.8K(1024.0M)]
 [Times: user=0.00 sys=0.00, real=0.00 secs] 
2024-10-11T08:46:54.850+0300: 795.230: Total time for which application threads were stopped: 0.0017992 seconds, Stopping threads took: 0.0001539 seconds
2024-10-11T08:46:56.891+0300: 797.268: Application time: 2.0380744 seconds
2024-10-11T08:46:56.891+0300: 797.268: [GC pause (G1 Evacuation Pause) (young), 0.0016028 secs]
   [Parallel Time: 0.7 ms, GC Workers: 6]
      [GC Worker Start (ms): Min: 797268.1, Avg: 797268.1, Max: 797268.2, Diff: 0.1]
      [Ext Root Scanning (ms): Min: 0.2, Avg: 0.2, Max: 0.3, Diff: 0.1, Sum: 1.4]
      [Update RS (ms): Min: 0.0, Avg: 0.0, Max: 0.0, Diff: 0.0, Sum: 0.1]
         [Processed Buffers: Min: 0, Avg: 0.8, Max: 2, Diff: 2, Sum: 5]
      [Scan RS (ms): Min: 0.1, Avg: 0.1, Max: 0.3, Diff: 0.2, Sum: 0.7]
      [Code Root Scanning (ms): Min: 0.0, Avg: 0.0, Max: 0.0, Diff: 0.0, Sum: 0.0]
      [Object Copy (ms): Min: 0.0, Avg: 0.1, Max: 0.2, Diff: 0.1, Sum: 0.7]
      [Termination (ms): Min: 0.0, Avg: 0.0, Max: 0.1, Diff: 0.1, Sum: 0.3]
         [Termination Attempts: Min: 1, Avg: 1.2, Max: 2, Diff: 1, Sum: 7]
      [GC Worker Other (ms): Min: 0.0, Avg: 0.0, Max: 0.0, Diff: 0.0, Sum: 0.1]
      [GC Worker Total (ms): Min: 0.5, Avg: 0.6, Max: 0.6, Diff: 0.1, Sum: 3.4]
      [GC Worker End (ms): Min: 797268.7, Avg: 797268.7, Max: 797268.7, Diff: 0.0]
   [Code Root Fixup: 0.0 ms]
   [Code Root Purge: 0.0 ms]
   [Clear CT: 0.2 ms]
   [Other: 0.8 ms]
      [Choose CSet: 0.0 ms]
      [Ref Proc: 0.2 ms]
      [Ref Enq: 0.0 ms]
      [Redirty Cards: 0.1 ms]
      [Humongous Register: 0.0 ms]
      [Humongous Reclaim: 0.0 ms]
      [Free CSet: 0.3 ms]
   [Eden: 612.0M(612.0M)->0.0B(612.0M) Survivors: 2048.0K->2048.0K Heap: 618.7M(1024.0M)->7037.3K(1024.0M)]
 [Times: user=0.00 sys=0.00, real=0.00 secs] 
2024-10-11T08:46:56.891+0300: 797.270: Total time for which application threads were stopped: 0.0019324 seconds, Stopping threads took: 0.0001279 seconds
2024-10-11T08:46:58.930+0300: 799.306: Application time: 2.0359282 seconds
2024-10-11T08:46:58.930+0300: 799.306: [GC pause (G1 Evacuation Pause) (young), 0.0014060 secs]
   [Parallel Time: 0.6 ms, GC Workers: 6]
      [GC Worker Start (ms): Min: 799305.9, Avg: 799306.0, Max: 799306.1, Diff: 0.2]
      [Ext Root Scanning (ms): Min: 0.0, Avg: 0.2, Max: 0.3, Diff: 0.2, Sum: 1.3]
      [Update RS (ms): Min: 0.0, Avg: 0.0, Max: 0.0, Diff: 0.0, Sum: 0.1]
         [Processed Buffers: Min: 0, Avg: 0.8, Max: 3, Diff: 3, Sum: 5]
      [Scan RS (ms): Min: 0.1, Avg: 0.1, Max: 0.1, Diff: 0.0, Sum: 0.6]
      [Code Root Scanning (ms): Min: 0.0, Avg: 0.0, Max: 0.0, Diff: 0.0, Sum: 0.0]
      [Object Copy (ms): Min: 0.1, Avg: 0.1, Max: 0.2, Diff: 0.1, Sum: 0.8]
      [Termination (ms): Min: 0.0, Avg: 0.0, Max: 0.0, Diff: 0.0, Sum: 0.1]
         [Termination Attempts: Min: 1, Avg: 1.0, Max: 1, Diff: 0, Sum: 6]
      [GC Worker Other (ms): Min: 0.0, Avg: 0.0, Max: 0.0, Diff: 0.0, Sum: 0.1]
      [GC Worker Total (ms): Min: 0.3, Avg: 0.5, Max: 0.5, Diff: 0.2, Sum: 2.9]
      [GC Worker End (ms): Min: 799306.4, Avg: 799306.4, Max: 799306.4, Diff: 0.0]
   [Code Root Fixup: 0.0 ms]
   [Code Root Purge: 0.0 ms]
   [Clear CT: 0.2 ms]
   [Other: 0.6 ms]
      [Choose CSet: 0.0 ms]
      [Ref Proc: 0.1 ms]
      [Ref Enq: 0.0 ms]
      [Redirty Cards: 0.1 ms]
      [Humongous Register: 0.0 ms]
      [Humongous Reclaim: 0.0 ms]
      [Free CSet: 0.2 ms]
   [Eden: 612.0M(612.0M)->0.0B(612.0M) Survivors: 2048.0K->2048.0K Heap: 618.9M(1024.0M)->6747.2K(1024.0M)]
 [Times: user=0.00 sys=0.00, real=0.00 secs] 
2024-10-11T08:46:58.930+0300: 799.307: Total time for which application threads were stopped: 0.0017561 seconds, Stopping threads took: 0.0001517 seconds
2024-10-11T08:47:00.971+0300: 801.350: Application time: 2.0429383 seconds
2024-10-11T08:47:00.971+0300: 801.351: [GC pause (G1 Evacuation Pause) (young), 0.0014261 secs]
   [Parallel Time: 0.7 ms, GC Workers: 6]
      [GC Worker Start (ms): Min: 801350.6, Avg: 801350.6, Max: 801350.7, Diff: 0.0]
      [Ext Root Scanning (ms): Min: 0.2, Avg: 0.2, Max: 0.3, Diff: 0.0, Sum: 1.5]
      [Update RS (ms): Min: 0.0, Avg: 0.0, Max: 0.0, Diff: 0.0, Sum: 0.1]
         [Processed Buffers: Min: 0, Avg: 0.8, Max: 3, Diff: 3, Sum: 5]
      [Scan RS (ms): Min: 0.1, Avg: 0.1, Max: 0.1, Diff: 0.0, Sum: 0.6]
      [Code Root Scanning (ms): Min: 0.0, Avg: 0.0, Max: 0.0, Diff: 0.0, Sum: 0.0]
      [Object Copy (ms): Min: 0.1, Avg: 0.1, Max: 0.2, Diff: 0.0, Sum: 0.8]
      [Termination (ms): Min: 0.0, Avg: 0.0, Max: 0.0, Diff: 0.0, Sum: 0.0]
         [Termination Attempts: Min: 1, Avg: 1.0, Max: 1, Diff: 0, Sum: 6]
      [GC Worker Other (ms): Min: 0.0, Avg: 0.0, Max: 0.1, Diff: 0.0, Sum: 0.2]
      [GC Worker Total (ms): Min: 0.5, Avg: 0.5, Max: 0.6, Diff: 0.1, Sum: 3.1]
      [GC Worker End (ms): Min: 801351.1, Avg: 801351.2, Max: 801351.2, Diff: 0.0]
   [Code Root Fixup: 0.0 ms]
   [Code Root Purge: 0.0 ms]
   [Clear CT: 0.2 ms]
   [Other: 0.6 ms]
      [Choose CSet: 0.0 ms]
      [Ref Proc: 0.2 ms]
      [Ref Enq: 0.0 ms]
      [Redirty Cards: 0.1 ms]
      [Humongous Register: 0.0 ms]
      [Humongous Reclaim: 0.0 ms]
      [Free CSet: 0.2 ms]
   [Eden: 612.0M(612.0M)->0.0B(612.0M) Survivors: 2048.0K->2048.0K Heap: 618.6M(1024.0M)->6797.3K(1024.0M)]
 [Times: user=0.00 sys=0.00, real=0.00 secs] 
2024-10-11T08:47:00.971+0300: 801.352: Total time for which application threads were stopped: 0.0017782 seconds, Stopping threads took: 0.0001676 seconds
2024-10-11T08:47:03.011+0300: 803.396: Application time: 2.0437725 seconds
2024-10-11T08:47:03.011+0300: 803.396: [GC pause (G1 Evacuation Pause) (young), 0.0016221 secs]
   [Parallel Time: 0.6 ms, GC Workers: 6]
      [GC Worker Start (ms): Min: 803396.2, Avg: 803396.2, Max: 803396.2, Diff: 0.0]
      [Ext Root Scanning (ms): Min: 0.2, Avg: 0.2, Max: 0.3, Diff: 0.0, Sum: 1.5]
      [Update RS (ms): Min: 0.0, Avg: 0.0, Max: 0.0, Diff: 0.0, Sum: 0.1]
         [Processed Buffers: Min: 0, Avg: 0.8, Max: 3, Diff: 3, Sum: 5]
      [Scan RS (ms): Min: 0.1, Avg: 0.1, Max: 0.1, Diff: 0.0, Sum: 0.6]
      [Code Root Scanning (ms): Min: 0.0, Avg: 0.0, Max: 0.0, Diff: 0.0, Sum: 0.0]
      [Object Copy (ms): Min: 0.1, Avg: 0.1, Max: 0.1, Diff: 0.0, Sum: 0.8]
      [Termination (ms): Min: 0.0, Avg: 0.0, Max: 0.0, Diff: 0.0, Sum: 0.1]
         [Termination Attempts: Min: 1, Avg: 1.0, Max: 1, Diff: 0, Sum: 6]
      [GC Worker Other (ms): Min: 0.0, Avg: 0.0, Max: 0.0, Diff: 0.0, Sum: 0.1]
      [GC Worker Total (ms): Min: 0.5, Avg: 0.5, Max: 0.5, Diff: 0.0, Sum: 3.1]
      [GC Worker End (ms): Min: 803396.7, Avg: 803396.7, Max: 803396.7, Diff: 0.0]
   [Code Root Fixup: 0.0 ms]
   [Code Root Purge: 0.0 ms]
   [Clear CT: 0.2 ms]
   [Other: 0.8 ms]
      [Choose CSet: 0.0 ms]
      [Ref Proc: 0.2 ms]
      [Ref Enq: 0.0 ms]
      [Redirty Cards: 0.1 ms]
      [Humongous Register: 0.0 ms]
      [Humongous Reclaim: 0.0 ms]
      [Free CSet: 0.3 ms]
   [Eden: 612.0M(612.0M)->0.0B(612.0M) Survivors: 2048.0K->2048.0K Heap: 618.6M(1024.0M)->6846.2K(1024.0M)]
 [Times: user=0.01 sys=0.00, real=0.00 secs] 
2024-10-11T08:47:03.011+0300: 803.398: Total time for which application threads were stopped: 0.0020159 seconds, Stopping threads took: 0.0001018 seconds
2024-10-11T08:47:05.067+0300: 805.445: Application time: 2.0473817 seconds
2024-10-11T08:47:05.067+0300: 805.446: [GC pause (G1 Evacuation Pause) (young), 0.0015261 secs]
   [Parallel Time: 0.7 ms, GC Workers: 6]
      [GC Worker Start (ms): Min: 805445.6, Avg: 805445.7, Max: 805446.0, Diff: 0.3]
      [Ext Root Scanning (ms): Min: 0.0, Avg: 0.2, Max: 0.3, Diff: 0.3, Sum: 1.4]
      [Update RS (ms): Min: 0.0, Avg: 0.0, Max: 0.0, Diff: 0.0, Sum: 0.1]
         [Processed Buffers: Min: 0, Avg: 0.8, Max: 2, Diff: 2, Sum: 5]
      [Scan RS (ms): Min: 0.0, Avg: 0.1, Max: 0.1, Diff: 0.1, Sum: 0.5]
      [Code Root Scanning (ms): Min: 0.0, Avg: 0.0, Max: 0.0, Diff: 0.0, Sum: 0.0]
      [Object Copy (ms): Min: 0.1, Avg: 0.2, Max: 0.2, Diff: 0.1, Sum: 1.0]
      [Termination (ms): Min: 0.0, Avg: 0.0, Max: 0.0, Diff: 0.0, Sum: 0.2]
         [Termination Attempts: Min: 1, Avg: 1.0, Max: 1, Diff: 0, Sum: 6]
      [GC Worker Other (ms): Min: 0.0, Avg: 0.0, Max: 0.0, Diff: 0.0, Sum: 0.1]
      [GC Worker Total (ms): Min: 0.3, Avg: 0.5, Max: 0.6, Diff: 0.3, Sum: 3.2]
      [GC Worker End (ms): Min: 805446.2, Avg: 805446.3, Max: 805446.3, Diff: 0.0]
   [Code Root Fixup: 0.0 ms]
   [Code Root Purge: 0.0 ms]
   [Clear CT: 0.2 ms]
   [Other: 0.7 ms]
      [Choose CSet: 0.0 ms]
      [Ref Proc: 0.2 ms]
      [Ref Enq: 0.0 ms]
      [Redirty Cards: 0.1 ms]
      [Humongous Register: 0.0 ms]
      [Humongous Reclaim: 0.0 ms]
      [Free CSet: 0.3 ms]
   [Eden: 612.0M(612.0M)->0.0B(612.0M) Survivors: 2048.0K->2048.0K Heap: 618.7M(1024.0M)->6953.7K(1024.0M)]
 [Times: user=0.02 sys=0.00, real=0.01 secs] 
2024-10-11T08:47:05.075+0300: 805.447: Total time for which application threads were stopped: 0.0018787 seconds, Stopping threads took: 0.0001695 seconds
2024-10-11T08:47:07.108+0300: 807.485: Application time: 2.0382077 seconds
2024-10-11T08:47:07.108+0300: 807.486: [GC pause (G1 Evacuation Pause) (young), 0.0015028 secs]
   [Parallel Time: 0.6 ms, GC Workers: 6]
      [GC Worker Start (ms): Min: 807485.7, Avg: 807485.7, Max: 807485.7, Diff: 0.1]
      [Ext Root Scanning (ms): Min: 0.2, Avg: 0.3, Max: 0.3, Diff: 0.1, Sum: 1.5]
      [Update RS (ms): Min: 0.0, Avg: 0.0, Max: 0.0, Diff: 0.0, Sum: 0.1]
         [Processed Buffers: Min: 0, Avg: 0.8, Max: 2, Diff: 2, Sum: 5]
      [Scan RS (ms): Min: 0.1, Avg: 0.1, Max: 0.1, Diff: 0.1, Sum: 0.6]
      [Code Root Scanning (ms): Min: 0.0, Avg: 0.0, Max: 0.0, Diff: 0.0, Sum: 0.0]
      [Object Copy (ms): Min: 0.1, Avg: 0.1, Max: 0.2, Diff: 0.1, Sum: 0.8]
      [Termination (ms): Min: 0.0, Avg: 0.0, Max: 0.0, Diff: 0.0, Sum: 0.1]
         [Termination Attempts: Min: 1, Avg: 1.0, Max: 1, Diff: 0, Sum: 6]
      [GC Worker Other (ms): Min: 0.0, Avg: 0.0, Max: 0.0, Diff: 0.0, Sum: 0.1]
      [GC Worker Total (ms): Min: 0.5, Avg: 0.5, Max: 0.6, Diff: 0.1, Sum: 3.1]
      [GC Worker End (ms): Min: 807486.2, Avg: 807486.2, Max: 807486.2, Diff: 0.0]
   [Code Root Fixup: 0.0 ms]
   [Code Root Purge: 0.0 ms]
   [Clear CT: 0.2 ms]
   [Other: 0.7 ms]
      [Choose CSet: 0.0 ms]
      [Ref Proc: 0.2 ms]
      [Ref Enq: 0.0 ms]
      [Redirty Cards: 0.1 ms]
      [Humongous Register: 0.0 ms]
      [Humongous Reclaim: 0.0 ms]
      [Free CSet: 0.3 ms]
   [Eden: 612.0M(612.0M)->0.0B(612.0M) Survivors: 2048.0K->2048.0K Heap: 618.8M(1024.0M)->6959.5K(1024.0M)]
 [Times: user=0.00 sys=0.00, real=0.00 secs] 
2024-10-11T08:47:07.108+0300: 807.487: Total time for which application threads were stopped: 0.0018364 seconds, Stopping threads took: 0.0001407 seconds
2024-10-11T08:47:09.148+0300: 809.529: Application time: 2.0417972 seconds
2024-10-11T08:47:09.148+0300: 809.529: [GC pause (G1 Evacuation Pause) (young), 0.0014426 secs]
   [Parallel Time: 0.6 ms, GC Workers: 6]
      [GC Worker Start (ms): Min: 809529.3, Avg: 809529.4, Max: 809529.5, Diff: 0.2]
      [Ext Root Scanning (ms): Min: 0.1, Avg: 0.2, Max: 0.3, Diff: 0.2, Sum: 1.2]
      [Update RS (ms): Min: 0.0, Avg: 0.0, Max: 0.0, Diff: 0.0, Sum: 0.1]
         [Processed Buffers: Min: 0, Avg: 0.8, Max: 1, Diff: 1, Sum: 5]
      [Scan RS (ms): Min: 0.1, Avg: 0.1, Max: 0.1, Diff: 0.0, Sum: 0.6]
      [Code Root Scanning (ms): Min: 0.0, Avg: 0.0, Max: 0.0, Diff: 0.0, Sum: 0.0]
      [Object Copy (ms): Min: 0.1, Avg: 0.1, Max: 0.1, Diff: 0.0, Sum: 0.7]
      [Termination (ms): Min: 0.0, Avg: 0.0, Max: 0.0, Diff: 0.0, Sum: 0.1]
         [Termination Attempts: Min: 1, Avg: 1.0, Max: 1, Diff: 0, Sum: 6]
      [GC Worker Other (ms): Min: 0.0, Avg: 0.0, Max: 0.0, Diff: 0.0, Sum: 0.2]
      [GC Worker Total (ms): Min: 0.4, Avg: 0.5, Max: 0.6, Diff: 0.2, Sum: 2.9]
      [GC Worker End (ms): Min: 809529.8, Avg: 809529.9, Max: 809529.9, Diff: 0.0]
   [Code Root Fixup: 0.0 ms]
   [Code Root Purge: 0.0 ms]
   [Clear CT: 0.2 ms]
   [Other: 0.6 ms]
      [Choose CSet: 0.0 ms]
      [Ref Proc: 0.1 ms]
      [Ref Enq: 0.0 ms]
      [Redirty Cards: 0.1 ms]
      [Humongous Register: 0.0 ms]
      [Humongous Reclaim: 0.0 ms]
      [Free CSet: 0.3 ms]
   [Eden: 612.0M(612.0M)->0.0B(612.0M) Survivors: 2048.0K->2048.0K Heap: 618.8M(1024.0M)->7058.5K(1024.0M)]
 [Times: user=0.02 sys=0.00, real=0.01 secs] 
2024-10-11T08:47:09.159+0300: 809.531: Total time for which application threads were stopped: 0.0017856 seconds, Stopping threads took: 0.0001477 seconds
2024-10-11T08:47:11.203+0300: 811.576: Application time: 2.0447940 seconds
2024-10-11T08:47:11.203+0300: 811.576: [GC pause (G1 Evacuation Pause) (young), 0.0015015 secs]
   [Parallel Time: 0.6 ms, GC Workers: 6]
      [GC Worker Start (ms): Min: 811575.9, Avg: 811575.9, Max: 811576.0, Diff: 0.0]
      [Ext Root Scanning (ms): Min: 0.2, Avg: 0.2, Max: 0.3, Diff: 0.0, Sum: 1.5]
      [Update RS (ms): Min: 0.0, Avg: 0.0, Max: 0.0, Diff: 0.0, Sum: 0.1]
         [Processed Buffers: Min: 0, Avg: 1.0, Max: 3, Diff: 3, Sum: 6]
      [Scan RS (ms): Min: 0.1, Avg: 0.1, Max: 0.1, Diff: 0.0, Sum: 0.6]
      [Code Root Scanning (ms): Min: 0.0, Avg: 0.0, Max: 0.0, Diff: 0.0, Sum: 0.0]
      [Object Copy (ms): Min: 0.1, Avg: 0.1, Max: 0.1, Diff: 0.1, Sum: 0.7]
      [Termination (ms): Min: 0.0, Avg: 0.0, Max: 0.0, Diff: 0.0, Sum: 0.0]
         [Termination Attempts: Min: 1, Avg: 1.0, Max: 1, Diff: 0, Sum: 6]
      [GC Worker Other (ms): Min: 0.0, Avg: 0.0, Max: 0.0, Diff: 0.0, Sum: 0.1]
      [GC Worker Total (ms): Min: 0.5, Avg: 0.5, Max: 0.5, Diff: 0.1, Sum: 3.0]
      [GC Worker End (ms): Min: 811576.4, Avg: 811576.4, Max: 811576.5, Diff: 0.0]
   [Code Root Fixup: 0.0 ms]
   [Code Root Purge: 0.0 ms]
   [Clear CT: 0.2 ms]
   [Other: 0.7 ms]
      [Choose CSet: 0.0 ms]
      [Ref Proc: 0.2 ms]
      [Ref Enq: 0.0 ms]
      [Redirty Cards: 0.1 ms]
      [Humongous Register: 0.0 ms]
      [Humongous Reclaim: 0.0 ms]
      [Free CSet: 0.3 ms]
   [Eden: 612.0M(612.0M)->0.0B(612.0M) Survivors: 2048.0K->2048.0K Heap: 618.9M(1024.0M)->6754.4K(1024.0M)]
 [Times: user=0.00 sys=0.00, real=0.00 secs] 
2024-10-11T08:47:11.203+0300: 811.577: Total time for which application threads were stopped: 0.0018523 seconds, Stopping threads took: 0.0001478 seconds
2024-10-11T08:47:13.259+0300: 813.637: Application time: 2.0592274 seconds
2024-10-11T08:47:13.259+0300: 813.637: [GC pause (G1 Evacuation Pause) (young), 0.0014490 secs]
   [Parallel Time: 0.6 ms, GC Workers: 6]
      [GC Worker Start (ms): Min: 813637.0, Avg: 813637.1, Max: 813637.2, Diff: 0.2]
      [Ext Root Scanning (ms): Min: 0.1, Avg: 0.2, Max: 0.3, Diff: 0.2, Sum: 1.4]
      [Update RS (ms): Min: 0.0, Avg: 0.0, Max: 0.0, Diff: 0.0, Sum: 0.1]
         [Processed Buffers: Min: 0, Avg: 0.8, Max: 2, Diff: 2, Sum: 5]
      [Scan RS (ms): Min: 0.1, Avg: 0.1, Max: 0.1, Diff: 0.0, Sum: 0.5]
      [Code Root Scanning (ms): Min: 0.0, Avg: 0.0, Max: 0.0, Diff: 0.0, Sum: 0.0]
      [Object Copy (ms): Min: 0.1, Avg: 0.1, Max: 0.2, Diff: 0.1, Sum: 0.8]
      [Termination (ms): Min: 0.0, Avg: 0.0, Max: 0.0, Diff: 0.0, Sum: 0.1]
         [Termination Attempts: Min: 1, Avg: 1.0, Max: 1, Diff: 0, Sum: 6]
      [GC Worker Other (ms): Min: 0.0, Avg: 0.0, Max: 0.0, Diff: 0.0, Sum: 0.1]
      [GC Worker Total (ms): Min: 0.4, Avg: 0.5, Max: 0.5, Diff: 0.2, Sum: 3.0]
      [GC Worker End (ms): Min: 813637.5, Avg: 813637.5, Max: 813637.6, Diff: 0.0]
   [Code Root Fixup: 0.0 ms]
   [Code Root Purge: 0.0 ms]
   [Clear CT: 0.2 ms]
   [Other: 0.6 ms]
      [Choose CSet: 0.0 ms]
      [Ref Proc: 0.2 ms]
      [Ref Enq: 0.0 ms]
      [Redirty Cards: 0.1 ms]
      [Humongous Register: 0.0 ms]
      [Humongous Reclaim: 0.0 ms]
      [Free CSet: 0.2 ms]
   [Eden: 612.0M(612.0M)->0.0B(612.0M) Survivors: 2048.0K->2048.0K Heap: 618.6M(1024.0M)->6871.2K(1024.0M)]
 [Times: user=0.00 sys=0.00, real=0.01 secs] 
2024-10-11T08:47:13.266+0300: 813.639: Total time for which application threads were stopped: 0.0018333 seconds, Stopping threads took: 0.0001944 seconds
2024-10-11T08:47:15.315+0300: 815.697: Application time: 2.0582924 seconds
2024-10-11T08:47:15.315+0300: 815.697: [GC pause (G1 Evacuation Pause) (young), 0.0014978 secs]
   [Parallel Time: 0.7 ms, GC Workers: 6]
      [GC Worker Start (ms): Min: 815697.1, Avg: 815697.2, Max: 815697.2, Diff: 0.1]
      [Ext Root Scanning (ms): Min: 0.2, Avg: 0.3, Max: 0.3, Diff: 0.1, Sum: 1.5]
      [Update RS (ms): Min: 0.0, Avg: 0.0, Max: 0.0, Diff: 0.0, Sum: 0.1]
         [Processed Buffers: Min: 0, Avg: 0.8, Max: 2, Diff: 2, Sum: 5]
      [Scan RS (ms): Min: 0.1, Avg: 0.1, Max: 0.1, Diff: 0.0, Sum: 0.5]
      [Code Root Scanning (ms): Min: 0.0, Avg: 0.0, Max: 0.0, Diff: 0.0, Sum: 0.0]
      [Object Copy (ms): Min: 0.1, Avg: 0.2, Max: 0.2, Diff: 0.1, Sum: 1.0]
      [Termination (ms): Min: 0.0, Avg: 0.0, Max: 0.0, Diff: 0.0, Sum: 0.1]
         [Termination Attempts: Min: 1, Avg: 1.0, Max: 1, Diff: 0, Sum: 6]
      [GC Worker Other (ms): Min: 0.0, Avg: 0.0, Max: 0.1, Diff: 0.0, Sum: 0.2]
      [GC Worker Total (ms): Min: 0.5, Avg: 0.6, Max: 0.6, Diff: 0.1, Sum: 3.4]
      [GC Worker End (ms): Min: 815697.7, Avg: 815697.7, Max: 815697.7, Diff: 0.0]
   [Code Root Fixup: 0.0 ms]
   [Code Root Purge: 0.0 ms]
   [Clear CT: 0.2 ms]
   [Other: 0.6 ms]
      [Choose CSet: 0.0 ms]
      [Ref Proc: 0.2 ms]
      [Ref Enq: 0.0 ms]
      [Redirty Cards: 0.1 ms]
      [Humongous Register: 0.0 ms]
      [Humongous Reclaim: 0.0 ms]
      [Free CSet: 0.3 ms]
   [Eden: 612.0M(612.0M)->0.0B(612.0M) Survivors: 2048.0K->2048.0K Heap: 618.7M(1024.0M)->6865.8K(1024.0M)]
 [Times: user=0.00 sys=0.00, real=0.00 secs] 
2024-10-11T08:47:15.315+0300: 815.699: Total time for which application threads were stopped: 0.0018656 seconds, Stopping threads took: 0.0001612 seconds
2024-10-11T08:47:17.387+0300: 817.761: Application time: 2.0625464 seconds
2024-10-11T08:47:17.387+0300: 817.761: [GC pause (G1 Evacuation Pause) (young), 0.0016104 secs]
   [Parallel Time: 0.7 ms, GC Workers: 6]
      [GC Worker Start (ms): Min: 817761.5, Avg: 817761.6, Max: 817761.6, Diff: 0.1]
      [Ext Root Scanning (ms): Min: 0.2, Avg: 0.3, Max: 0.3, Diff: 0.1, Sum: 1.5]
      [Update RS (ms): Min: 0.0, Avg: 0.0, Max: 0.0, Diff: 0.0, Sum: 0.1]
         [Processed Buffers: Min: 0, Avg: 0.7, Max: 1, Diff: 1, Sum: 4]
      [Scan RS (ms): Min: 0.1, Avg: 0.1, Max: 0.2, Diff: 0.1, Sum: 0.8]
      [Code Root Scanning (ms): Min: 0.0, Avg: 0.0, Max: 0.0, Diff: 0.0, Sum: 0.0]
      [Object Copy (ms): Min: 0.1, Avg: 0.1, Max: 0.2, Diff: 0.1, Sum: 0.8]
      [Termination (ms): Min: 0.0, Avg: 0.0, Max: 0.0, Diff: 0.0, Sum: 0.1]
         [Termination Attempts: Min: 1, Avg: 1.0, Max: 1, Diff: 0, Sum: 6]
      [GC Worker Other (ms): Min: 0.0, Avg: 0.0, Max: 0.0, Diff: 0.0, Sum: 0.1]
      [GC Worker Total (ms): Min: 0.5, Avg: 0.6, Max: 0.6, Diff: 0.1, Sum: 3.4]
      [GC Worker End (ms): Min: 817762.1, Avg: 817762.1, Max: 817762.1, Diff: 0.0]
   [Code Root Fixup: 0.0 ms]
   [Code Root Purge: 0.0 ms]
   [Clear CT: 0.2 ms]
   [Other: 0.7 ms]
      [Choose CSet: 0.0 ms]
      [Ref Proc: 0.2 ms]
      [Ref Enq: 0.0 ms]
      [Redirty Cards: 0.1 ms]
      [Humongous Register: 0.0 ms]
      [Humongous Reclaim: 0.0 ms]
      [Free CSet: 0.3 ms]
   [Eden: 612.0M(612.0M)->0.0B(612.0M) Survivors: 2048.0K->2048.0K Heap: 618.7M(1024.0M)->6967.9K(1024.0M)]
 [Times: user=0.00 sys=0.00, real=0.00 secs] 
2024-10-11T08:47:17.387+0300: 817.763: Total time for which application threads were stopped: 0.0019131 seconds, Stopping threads took: 0.0000940 seconds
2024-10-11T08:47:19.442+0300: 819.821: Application time: 2.0580236 seconds
2024-10-11T08:47:19.442+0300: 819.821: [GC pause (G1 Evacuation Pause) (young), 0.0017584 secs]
   [Parallel Time: 0.6 ms, GC Workers: 6]
      [GC Worker Start (ms): Min: 819821.4, Avg: 819821.4, Max: 819821.5, Diff: 0.1]
      [Ext Root Scanning (ms): Min: 0.2, Avg: 0.2, Max: 0.3, Diff: 0.0, Sum: 1.5]
      [Update RS (ms): Min: 0.0, Avg: 0.0, Max: 0.0, Diff: 0.0, Sum: 0.1]
         [Processed Buffers: Min: 0, Avg: 1.0, Max: 2, Diff: 2, Sum: 6]
      [Scan RS (ms): Min: 0.1, Avg: 0.1, Max: 0.1, Diff: 0.0, Sum: 0.6]
      [Code Root Scanning (ms): Min: 0.0, Avg: 0.0, Max: 0.0, Diff: 0.0, Sum: 0.0]
      [Object Copy (ms): Min: 0.1, Avg: 0.1, Max: 0.1, Diff: 0.0, Sum: 0.8]
      [Termination (ms): Min: 0.0, Avg: 0.0, Max: 0.0, Diff: 0.0, Sum: 0.1]
         [Termination Attempts: Min: 1, Avg: 1.0, Max: 1, Diff: 0, Sum: 6]
      [GC Worker Other (ms): Min: 0.0, Avg: 0.0, Max: 0.0, Diff: 0.0, Sum: 0.2]
      [GC Worker Total (ms): Min: 0.5, Avg: 0.5, Max: 0.6, Diff: 0.1, Sum: 3.2]
      [GC Worker End (ms): Min: 819822.0, Avg: 819822.0, Max: 819822.0, Diff: 0.0]
   [Code Root Fixup: 0.0 ms]
   [Code Root Purge: 0.0 ms]
   [Clear CT: 0.2 ms]
   [Other: 1.0 ms]
      [Choose CSet: 0.0 ms]
      [Ref Proc: 0.2 ms]
      [Ref Enq: 0.0 ms]
      [Redirty Cards: 0.4 ms]
      [Humongous Register: 0.0 ms]
      [Humongous Reclaim: 0.0 ms]
      [Free CSet: 0.3 ms]
   [Eden: 612.0M(612.0M)->0.0B(612.0M) Survivors: 2048.0K->2048.0K Heap: 618.8M(1024.0M)->7005.8K(1024.0M)]
 [Times: user=0.00 sys=0.00, real=0.01 secs] 
2024-10-11T08:47:19.451+0300: 819.823: Total time for which application threads were stopped: 0.0020576 seconds, Stopping threads took: 0.0001264 seconds
2024-10-11T08:47:21.483+0300: 821.869: Application time: 2.0454977 seconds
2024-10-11T08:47:21.483+0300: 821.869: [GC pause (G1 Evacuation Pause) (young), 0.0015829 secs]
   [Parallel Time: 0.7 ms, GC Workers: 6]
      [GC Worker Start (ms): Min: 821869.1, Avg: 821869.1, Max: 821869.1, Diff: 0.1]
      [Ext Root Scanning (ms): Min: 0.2, Avg: 0.3, Max: 0.3, Diff: 0.1, Sum: 1.6]
      [Update RS (ms): Min: 0.0, Avg: 0.0, Max: 0.0, Diff: 0.0, Sum: 0.1]
         [Processed Buffers: Min: 0, Avg: 1.0, Max: 2, Diff: 2, Sum: 6]
      [Scan RS (ms): Min: 0.0, Avg: 0.1, Max: 0.1, Diff: 0.1, Sum: 0.6]
      [Code Root Scanning (ms): Min: 0.0, Avg: 0.0, Max: 0.0, Diff: 0.0, Sum: 0.0]
      [Object Copy (ms): Min: 0.1, Avg: 0.1, Max: 0.2, Diff: 0.1, Sum: 0.9]
      [Termination (ms): Min: 0.0, Avg: 0.0, Max: 0.0, Diff: 0.0, Sum: 0.0]
         [Termination Attempts: Min: 1, Avg: 1.0, Max: 1, Diff: 0, Sum: 6]
      [GC Worker Other (ms): Min: 0.0, Avg: 0.0, Max: 0.1, Diff: 0.1, Sum: 0.2]
      [GC Worker Total (ms): Min: 0.5, Avg: 0.6, Max: 0.6, Diff: 0.1, Sum: 3.3]
      [GC Worker End (ms): Min: 821869.6, Avg: 821869.7, Max: 821869.7, Diff: 0.1]
   [Code Root Fixup: 0.0 ms]
   [Code Root Purge: 0.0 ms]
   [Clear CT: 0.2 ms]
   [Other: 0.7 ms]
      [Choose CSet: 0.0 ms]
      [Ref Proc: 0.2 ms]
      [Ref Enq: 0.0 ms]
      [Redirty Cards: 0.1 ms]
      [Humongous Register: 0.0 ms]
      [Humongous Reclaim: 0.0 ms]
      [Free CSet: 0.3 ms]
   [Eden: 612.0M(612.0M)->0.0B(612.0M) Survivors: 2048.0K->2048.0K Heap: 618.8M(1024.0M)->6820.0K(1024.0M)]
 [Times: user=0.00 sys=0.00, real=0.01 secs] 
2024-10-11T08:47:21.498+0300: 821.871: Total time for which application threads were stopped: 0.0019580 seconds, Stopping threads took: 0.0001402 seconds
2024-10-11T08:47:23.554+0300: 823.939: Application time: 2.0682878 seconds
2024-10-11T08:47:23.554+0300: 823.939: [GC pause (G1 Evacuation Pause) (young), 0.0013710 secs]
   [Parallel Time: 0.6 ms, GC Workers: 6]
      [GC Worker Start (ms): Min: 823939.3, Avg: 823939.4, Max: 823939.6, Diff: 0.3]
      [Ext Root Scanning (ms): Min: 0.0, Avg: 0.2, Max: 0.3, Diff: 0.3, Sum: 1.3]
      [Update RS (ms): Min: 0.0, Avg: 0.0, Max: 0.1, Diff: 0.1, Sum: 0.2]
         [Processed Buffers: Min: 0, Avg: 1.0, Max: 2, Diff: 2, Sum: 6]
      [Scan RS (ms): Min: 0.1, Avg: 0.1, Max: 0.1, Diff: 0.0, Sum: 0.6]
      [Code Root Scanning (ms): Min: 0.0, Avg: 0.0, Max: 0.0, Diff: 0.0, Sum: 0.0]
      [Object Copy (ms): Min: 0.1, Avg: 0.1, Max: 0.2, Diff: 0.1, Sum: 0.8]
      [Termination (ms): Min: 0.0, Avg: 0.0, Max: 0.0, Diff: 0.0, Sum: 0.0]
         [Termination Attempts: Min: 1, Avg: 1.0, Max: 1, Diff: 0, Sum: 6]
      [GC Worker Other (ms): Min: 0.0, Avg: 0.0, Max: 0.0, Diff: 0.0, Sum: 0.1]
      [GC Worker Total (ms): Min: 0.3, Avg: 0.5, Max: 0.6, Diff: 0.3, Sum: 3.0]
      [GC Worker End (ms): Min: 823939.8, Avg: 823939.9, Max: 823939.9, Diff: 0.0]
   [Code Root Fixup: 0.0 ms]
   [Code Root Purge: 0.0 ms]
   [Clear CT: 0.2 ms]
   [Other: 0.6 ms]
      [Choose CSet: 0.0 ms]
      [Ref Proc: 0.1 ms]
      [Ref Enq: 0.0 ms]
      [Redirty Cards: 0.1 ms]
      [Humongous Register: 0.0 ms]
      [Humongous Reclaim: 0.0 ms]
      [Free CSet: 0.3 ms]
   [Eden: 612.0M(612.0M)->0.0B(612.0M) Survivors: 2048.0K->2048.0K Heap: 618.7M(1024.0M)->6852.8K(1024.0M)]
 [Times: user=0.02 sys=0.00, real=0.02 secs] 
2024-10-11T08:47:23.569+0300: 823.941: Total time for which application threads were stopped: 0.0017366 seconds, Stopping threads took: 0.0001779 seconds
2024-10-11T08:47:25.594+0300: 825.976: Application time: 2.0348823 seconds
2024-10-11T08:47:25.594+0300: 825.976: [GC pause (G1 Evacuation Pause) (young), 0.0016431 secs]
   [Parallel Time: 0.8 ms, GC Workers: 6]
      [GC Worker Start (ms): Min: 825976.0, Avg: 825976.1, Max: 825976.4, Diff: 0.4]
      [Ext Root Scanning (ms): Min: 0.0, Avg: 0.3, Max: 0.4, Diff: 0.4, Sum: 1.7]
      [Update RS (ms): Min: 0.0, Avg: 0.0, Max: 0.0, Diff: 0.0, Sum: 0.1]
         [Processed Buffers: Min: 0, Avg: 1.0, Max: 2, Diff: 2, Sum: 6]
      [Scan RS (ms): Min: 0.1, Avg: 0.1, Max: 0.1, Diff: 0.0, Sum: 0.5]
      [Code Root Scanning (ms): Min: 0.0, Avg: 0.0, Max: 0.0, Diff: 0.0, Sum: 0.0]
      [Object Copy (ms): Min: 0.1, Avg: 0.1, Max: 0.2, Diff: 0.0, Sum: 0.8]
      [Termination (ms): Min: 0.0, Avg: 0.0, Max: 0.0, Diff: 0.0, Sum: 0.0]
         [Termination Attempts: Min: 1, Avg: 1.0, Max: 1, Diff: 0, Sum: 6]
      [GC Worker Other (ms): Min: 0.0, Avg: 0.0, Max: 0.0, Diff: 0.0, Sum: 0.2]
      [GC Worker Total (ms): Min: 0.3, Avg: 0.6, Max: 0.7, Diff: 0.4, Sum: 3.4]
      [GC Worker End (ms): Min: 825976.7, Avg: 825976.7, Max: 825976.7, Diff: 0.0]
   [Code Root Fixup: 0.0 ms]
   [Code Root Purge: 0.0 ms]
   [Clear CT: 0.2 ms]
   [Other: 0.7 ms]
      [Choose CSet: 0.0 ms]
      [Ref Proc: 0.1 ms]
      [Ref Enq: 0.0 ms]
      [Redirty Cards: 0.1 ms]
      [Humongous Register: 0.1 ms]
      [Humongous Reclaim: 0.0 ms]
      [Free CSet: 0.3 ms]
   [Eden: 612.0M(612.0M)->0.0B(612.0M) Survivors: 2048.0K->2048.0K Heap: 618.7M(1024.0M)->7110.4K(1024.0M)]
 [Times: user=0.02 sys=0.00, real=0.00 secs] 
2024-10-11T08:47:25.594+0300: 825.978: Total time for which application threads were stopped: 0.0020410 seconds, Stopping threads took: 0.0001960 seconds
2024-10-11T08:47:27.634+0300: 828.013: Application time: 2.0350489 seconds
2024-10-11T08:47:27.634+0300: 828.013: [GC pause (G1 Evacuation Pause) (young), 0.0014692 secs]
   [Parallel Time: 0.7 ms, GC Workers: 6]
      [GC Worker Start (ms): Min: 828013.0, Avg: 828013.1, Max: 828013.6, Diff: 0.6]
      [Ext Root Scanning (ms): Min: 0.0, Avg: 0.2, Max: 0.3, Diff: 0.3, Sum: 1.4]
      [Update RS (ms): Min: 0.0, Avg: 0.0, Max: 0.0, Diff: 0.0, Sum: 0.1]
         [Processed Buffers: Min: 0, Avg: 1.0, Max: 2, Diff: 2, Sum: 6]
      [Scan RS (ms): Min: 0.0, Avg: 0.1, Max: 0.1, Diff: 0.1, Sum: 0.5]
      [Code Root Scanning (ms): Min: 0.0, Avg: 0.0, Max: 0.0, Diff: 0.0, Sum: 0.0]
      [Object Copy (ms): Min: 0.0, Avg: 0.1, Max: 0.2, Diff: 0.2, Sum: 0.8]
      [Termination (ms): Min: 0.0, Avg: 0.0, Max: 0.0, Diff: 0.0, Sum: 0.2]
         [Termination Attempts: Min: 1, Avg: 1.0, Max: 1, Diff: 0, Sum: 6]
      [GC Worker Other (ms): Min: 0.0, Avg: 0.0, Max: 0.0, Diff: 0.0, Sum: 0.1]
      [GC Worker Total (ms): Min: 0.0, Avg: 0.5, Max: 0.6, Diff: 0.6, Sum: 3.1]
      [GC Worker End (ms): Min: 828013.6, Avg: 828013.6, Max: 828013.6, Diff: 0.0]
   [Code Root Fixup: 0.0 ms]
   [Code Root Purge: 0.0 ms]
   [Clear CT: 0.2 ms]
   [Other: 0.6 ms]
      [Choose CSet: 0.0 ms]
      [Ref Proc: 0.2 ms]
      [Ref Enq: 0.0 ms]
      [Redirty Cards: 0.1 ms]
      [Humongous Register: 0.0 ms]
      [Humongous Reclaim: 0.0 ms]
      [Free CSet: 0.3 ms]
   [Eden: 612.0M(612.0M)->0.0B(612.0M) Survivors: 2048.0K->2048.0K Heap: 618.9M(1024.0M)->6723.4K(1024.0M)]
 [Times: user=0.00 sys=0.00, real=0.00 secs] 
2024-10-11T08:47:27.634+0300: 828.014: Total time for which application threads were stopped: 0.0017949 seconds, Stopping threads took: 0.0001515 seconds
2024-10-11T08:47:29.674+0300: 830.059: Application time: 2.0450063 seconds
2024-10-11T08:47:29.674+0300: 830.060: [GC pause (G1 Evacuation Pause) (young), 0.0013645 secs]
   [Parallel Time: 0.6 ms, GC Workers: 6]
      [GC Worker Start (ms): Min: 830059.8, Avg: 830059.9, Max: 830059.9, Diff: 0.1]
      [Ext Root Scanning (ms): Min: 0.2, Avg: 0.2, Max: 0.3, Diff: 0.1, Sum: 1.5]
      [Update RS (ms): Min: 0.0, Avg: 0.0, Max: 0.0, Diff: 0.0, Sum: 0.1]
         [Processed Buffers: Min: 0, Avg: 1.0, Max: 2, Diff: 2, Sum: 6]
      [Scan RS (ms): Min: 0.1, Avg: 0.1, Max: 0.1, Diff: 0.0, Sum: 0.6]
      [Code Root Scanning (ms): Min: 0.0, Avg: 0.0, Max: 0.0, Diff: 0.0, Sum: 0.0]
      [Object Copy (ms): Min: 0.1, Avg: 0.1, Max: 0.2, Diff: 0.0, Sum: 0.8]
      [Termination (ms): Min: 0.0, Avg: 0.0, Max: 0.0, Diff: 0.0, Sum: 0.0]
         [Termination Attempts: Min: 1, Avg: 1.0, Max: 1, Diff: 0, Sum: 6]
      [GC Worker Other (ms): Min: 0.0, Avg: 0.0, Max: 0.0, Diff: 0.0, Sum: 0.1]
      [GC Worker Total (ms): Min: 0.5, Avg: 0.5, Max: 0.6, Diff: 0.1, Sum: 3.2]
      [GC Worker End (ms): Min: 830060.4, Avg: 830060.4, Max: 830060.4, Diff: 0.0]
   [Code Root Fixup: 0.0 ms]
   [Code Root Purge: 0.0 ms]
   [Clear CT: 0.2 ms]
   [Other: 0.6 ms]
      [Choose CSet: 0.0 ms]
      [Ref Proc: 0.1 ms]
      [Ref Enq: 0.0 ms]
      [Redirty Cards: 0.1 ms]
      [Humongous Register: 0.0 ms]
      [Humongous Reclaim: 0.0 ms]
      [Free CSet: 0.3 ms]
   [Eden: 612.0M(612.0M)->0.0B(612.0M) Survivors: 2048.0K->2048.0K Heap: 618.6M(1024.0M)->6940.6K(1024.0M)]
 [Times: user=0.00 sys=0.00, real=0.00 secs] 
2024-10-11T08:47:29.674+0300: 830.061: Total time for which application threads were stopped: 0.0017112 seconds, Stopping threads took: 0.0001628 seconds
2024-10-11T08:47:31.714+0300: 832.099: Application time: 2.0376943 seconds
2024-10-11T08:47:31.714+0300: 832.099: [GC pause (G1 Evacuation Pause) (young), 0.0014105 secs]
   [Parallel Time: 0.6 ms, GC Workers: 6]
      [GC Worker Start (ms): Min: 832099.2, Avg: 832099.3, Max: 832099.3, Diff: 0.1]
      [Ext Root Scanning (ms): Min: 0.2, Avg: 0.3, Max: 0.3, Diff: 0.1, Sum: 1.5]
      [Update RS (ms): Min: 0.0, Avg: 0.0, Max: 0.0, Diff: 0.0, Sum: 0.1]
         [Processed Buffers: Min: 0, Avg: 0.8, Max: 2, Diff: 2, Sum: 5]
      [Scan RS (ms): Min: 0.1, Avg: 0.1, Max: 0.1, Diff: 0.0, Sum: 0.6]
      [Code Root Scanning (ms): Min: 0.0, Avg: 0.0, Max: 0.0, Diff: 0.0, Sum: 0.0]
      [Object Copy (ms): Min: 0.1, Avg: 0.1, Max: 0.2, Diff: 0.0, Sum: 0.8]
      [Termination (ms): Min: 0.0, Avg: 0.0, Max: 0.0, Diff: 0.0, Sum: 0.0]
         [Termination Attempts: Min: 1, Avg: 1.0, Max: 1, Diff: 0, Sum: 6]
      [GC Worker Other (ms): Min: 0.0, Avg: 0.0, Max: 0.0, Diff: 0.0, Sum: 0.2]
      [GC Worker Total (ms): Min: 0.5, Avg: 0.5, Max: 0.6, Diff: 0.1, Sum: 3.2]
      [GC Worker End (ms): Min: 832099.8, Avg: 832099.8, Max: 832099.8, Diff: 0.0]
   [Code Root Fixup: 0.0 ms]
   [Code Root Purge: 0.0 ms]
   [Clear CT: 0.2 ms]
   [Other: 0.6 ms]
      [Choose CSet: 0.0 ms]
      [Ref Proc: 0.1 ms]
      [Ref Enq: 0.0 ms]
      [Redirty Cards: 0.1 ms]
      [Humongous Register: 0.0 ms]
      [Humongous Reclaim: 0.0 ms]
      [Free CSet: 0.3 ms]
   [Eden: 612.0M(612.0M)->0.0B(612.0M) Survivors: 2048.0K->2048.0K Heap: 618.8M(1024.0M)->6978.8K(1024.0M)]
 [Times: user=0.00 sys=0.00, real=0.00 secs] 
2024-10-11T08:47:31.714+0300: 832.101: Total time for which application threads were stopped: 0.0017816 seconds, Stopping threads took: 0.0001639 seconds
2024-10-11T08:47:33.768+0300: 834.148: Application time: 2.0477730 seconds
2024-10-11T08:47:33.768+0300: 834.149: [GC pause (G1 Evacuation Pause) (young), 0.0014765 secs]
   [Parallel Time: 0.7 ms, GC Workers: 6]
      [GC Worker Start (ms): Min: 834148.8, Avg: 834148.8, Max: 834148.8, Diff: 0.1]
      [Ext Root Scanning (ms): Min: 0.2, Avg: 0.3, Max: 0.3, Diff: 0.0, Sum: 1.6]
      [Update RS (ms): Min: 0.0, Avg: 0.0, Max: 0.0, Diff: 0.0, Sum: 0.1]
         [Processed Buffers: Min: 0, Avg: 0.8, Max: 2, Diff: 2, Sum: 5]
      [Scan RS (ms): Min: 0.0, Avg: 0.1, Max: 0.1, Diff: 0.1, Sum: 0.5]
      [Code Root Scanning (ms): Min: 0.0, Avg: 0.0, Max: 0.0, Diff: 0.0, Sum: 0.0]
      [Object Copy (ms): Min: 0.1, Avg: 0.2, Max: 0.3, Diff: 0.2, Sum: 1.1]
      [Termination (ms): Min: 0.0, Avg: 0.0, Max: 0.1, Diff: 0.1, Sum: 0.2]
         [Termination Attempts: Min: 1, Avg: 1.8, Max: 3, Diff: 2, Sum: 11]
      [GC Worker Other (ms): Min: 0.0, Avg: 0.0, Max: 0.0, Diff: 0.0, Sum: 0.1]
      [GC Worker Total (ms): Min: 0.6, Avg: 0.6, Max: 0.6, Diff: 0.0, Sum: 3.6]
      [GC Worker End (ms): Min: 834149.4, Avg: 834149.4, Max: 834149.4, Diff: 0.0]
   [Code Root Fixup: 0.0 ms]
   [Code Root Purge: 0.0 ms]
   [Clear CT: 0.1 ms]
   [Other: 0.6 ms]
      [Choose CSet: 0.0 ms]
      [Ref Proc: 0.1 ms]
      [Ref Enq: 0.0 ms]
      [Redirty Cards: 0.1 ms]
      [Humongous Register: 0.0 ms]
      [Humongous Reclaim: 0.0 ms]
      [Free CSet: 0.2 ms]
   [Eden: 612.0M(612.0M)->0.0B(612.0M) Survivors: 2048.0K->2048.0K Heap: 618.8M(1024.0M)->6990.3K(1024.0M)]
 [Times: user=0.00 sys=0.00, real=0.00 secs] 
2024-10-11T08:47:33.768+0300: 834.150: Total time for which application threads were stopped: 0.0018370 seconds, Stopping threads took: 0.0001978 seconds
2024-10-11T08:47:35.824+0300: 836.201: Application time: 2.0510889 seconds
2024-10-11T08:47:35.824+0300: 836.202: [GC pause (G1 Evacuation Pause) (young), 0.0014148 secs]
   [Parallel Time: 0.6 ms, GC Workers: 6]
      [GC Worker Start (ms): Min: 836201.7, Avg: 836201.7, Max: 836201.8, Diff: 0.1]
      [Ext Root Scanning (ms): Min: 0.2, Avg: 0.3, Max: 0.3, Diff: 0.1, Sum: 1.5]
      [Update RS (ms): Min: 0.0, Avg: 0.0, Max: 0.0, Diff: 0.0, Sum: 0.1]
         [Processed Buffers: Min: 0, Avg: 1.0, Max: 2, Diff: 2, Sum: 6]
      [Scan RS (ms): Min: 0.1, Avg: 0.1, Max: 0.1, Diff: 0.0, Sum: 0.6]
      [Code Root Scanning (ms): Min: 0.0, Avg: 0.0, Max: 0.0, Diff: 0.0, Sum: 0.0]
      [Object Copy (ms): Min: 0.1, Avg: 0.1, Max: 0.2, Diff: 0.0, Sum: 0.9]
      [Termination (ms): Min: 0.0, Avg: 0.0, Max: 0.0, Diff: 0.0, Sum: 0.1]
         [Termination Attempts: Min: 1, Avg: 1.0, Max: 1, Diff: 0, Sum: 6]
      [GC Worker Other (ms): Min: 0.0, Avg: 0.0, Max: 0.0, Diff: 0.0, Sum: 0.1]
      [GC Worker Total (ms): Min: 0.5, Avg: 0.6, Max: 0.6, Diff: 0.0, Sum: 3.3]
      [GC Worker End (ms): Min: 836202.3, Avg: 836202.3, Max: 836202.3, Diff: 0.0]
   [Code Root Fixup: 0.0 ms]
   [Code Root Purge: 0.0 ms]
   [Clear CT: 0.2 ms]
   [Other: 0.6 ms]
      [Choose CSet: 0.0 ms]
      [Ref Proc: 0.1 ms]
      [Ref Enq: 0.0 ms]
      [Redirty Cards: 0.1 ms]
      [Humongous Register: 0.0 ms]
      [Humongous Reclaim: 0.0 ms]
      [Free CSet: 0.3 ms]
   [Eden: 612.0M(612.0M)->0.0B(612.0M) Survivors: 2048.0K->2048.0K Heap: 618.8M(1024.0M)->6992.4K(1024.0M)]
 [Times: user=0.00 sys=0.00, real=0.00 secs] 
2024-10-11T08:47:35.824+0300: 836.203: Total time for which application threads were stopped: 0.0017991 seconds, Stopping threads took: 0.0001936 seconds
2024-10-11T08:47:37.879+0300: 838.262: Application time: 2.0588771 seconds
2024-10-11T08:47:37.879+0300: 838.262: [GC pause (G1 Evacuation Pause) (young), 0.0014950 secs]
   [Parallel Time: 0.7 ms, GC Workers: 6]
      [GC Worker Start (ms): Min: 838262.4, Avg: 838262.4, Max: 838262.4, Diff: 0.1]
      [Ext Root Scanning (ms): Min: 0.2, Avg: 0.3, Max: 0.3, Diff: 0.1, Sum: 1.6]
      [Update RS (ms): Min: 0.0, Avg: 0.0, Max: 0.0, Diff: 0.0, Sum: 0.1]
         [Processed Buffers: Min: 0, Avg: 1.0, Max: 3, Diff: 3, Sum: 6]
      [Scan RS (ms): Min: 0.1, Avg: 0.1, Max: 0.1, Diff: 0.0, Sum: 0.6]
      [Code Root Scanning (ms): Min: 0.0, Avg: 0.0, Max: 0.0, Diff: 0.0, Sum: 0.0]
      [Object Copy (ms): Min: 0.1, Avg: 0.1, Max: 0.2, Diff: 0.0, Sum: 0.8]
      [Termination (ms): Min: 0.0, Avg: 0.0, Max: 0.0, Diff: 0.0, Sum: 0.1]
         [Termination Attempts: Min: 1, Avg: 1.0, Max: 1, Diff: 0, Sum: 6]
      [GC Worker Other (ms): Min: 0.0, Avg: 0.0, Max: 0.0, Diff: 0.0, Sum: 0.1]
      [GC Worker Total (ms): Min: 0.5, Avg: 0.5, Max: 0.6, Diff: 0.1, Sum: 3.2]
      [GC Worker End (ms): Min: 838262.9, Avg: 838262.9, Max: 838262.9, Diff: 0.0]
   [Code Root Fixup: 0.0 ms]
   [Code Root Purge: 0.0 ms]
   [Clear CT: 0.2 ms]
   [Other: 0.6 ms]
      [Choose CSet: 0.0 ms]
      [Ref Proc: 0.2 ms]
      [Ref Enq: 0.0 ms]
      [Redirty Cards: 0.1 ms]
      [Humongous Register: 0.0 ms]
      [Humongous Reclaim: 0.0 ms]
      [Free CSet: 0.2 ms]
   [Eden: 612.0M(612.0M)->0.0B(612.0M) Survivors: 2048.0K->2048.0K Heap: 618.8M(1024.0M)->6992.6K(1024.0M)]
 [Times: user=0.00 sys=0.00, real=0.00 secs] 
2024-10-11T08:47:37.879+0300: 838.264: Total time for which application threads were stopped: 0.0018237 seconds, Stopping threads took: 0.0001313 seconds
2024-10-11T08:47:39.934+0300: 840.312: Application time: 2.0482666 seconds
2024-10-11T08:47:39.934+0300: 840.312: [GC pause (G1 Evacuation Pause) (young), 0.0014907 secs]
   [Parallel Time: 0.6 ms, GC Workers: 6]
      [GC Worker Start (ms): Min: 840312.5, Avg: 840312.5, Max: 840312.6, Diff: 0.0]
      [Ext Root Scanning (ms): Min: 0.2, Avg: 0.2, Max: 0.3, Diff: 0.0, Sum: 1.4]
      [Update RS (ms): Min: 0.0, Avg: 0.0, Max: 0.0, Diff: 0.0, Sum: 0.1]
         [Processed Buffers: Min: 0, Avg: 1.0, Max: 2, Diff: 2, Sum: 6]
      [Scan RS (ms): Min: 0.1, Avg: 0.1, Max: 0.1, Diff: 0.0, Sum: 0.6]
      [Code Root Scanning (ms): Min: 0.0, Avg: 0.0, Max: 0.0, Diff: 0.0, Sum: 0.0]
      [Object Copy (ms): Min: 0.1, Avg: 0.1, Max: 0.2, Diff: 0.0, Sum: 0.8]
      [Termination (ms): Min: 0.0, Avg: 0.0, Max: 0.0, Diff: 0.0, Sum: 0.0]
         [Termination Attempts: Min: 1, Avg: 1.0, Max: 1, Diff: 0, Sum: 6]
      [GC Worker Other (ms): Min: 0.0, Avg: 0.0, Max: 0.0, Diff: 0.0, Sum: 0.1]
      [GC Worker Total (ms): Min: 0.5, Avg: 0.5, Max: 0.5, Diff: 0.1, Sum: 3.1]
      [GC Worker End (ms): Min: 840313.0, Avg: 840313.0, Max: 840313.1, Diff: 0.0]
   [Code Root Fixup: 0.0 ms]
   [Code Root Purge: 0.0 ms]
   [Clear CT: 0.2 ms]
   [Other: 0.7 ms]
      [Choose CSet: 0.0 ms]
      [Ref Proc: 0.2 ms]
      [Ref Enq: 0.0 ms]
      [Redirty Cards: 0.2 ms]
      [Humongous Register: 0.0 ms]
      [Humongous Reclaim: 0.0 ms]
      [Free CSet: 0.2 ms]
   [Eden: 612.0M(612.0M)->0.0B(612.0M) Survivors: 2048.0K->2048.0K Heap: 618.8M(1024.0M)->6902.5K(1024.0M)]
 [Times: user=0.00 sys=0.00, real=0.00 secs] 
2024-10-11T08:47:39.934+0300: 840.314: Total time for which application threads were stopped: 0.0018760 seconds, Stopping threads took: 0.0001820 seconds
2024-10-11T08:47:41.980+0300: 842.356: Application time: 2.0416314 seconds
2024-10-11T08:47:41.980+0300: 842.356: [GC pause (G1 Evacuation Pause) (young), 0.0014078 secs]
   [Parallel Time: 0.6 ms, GC Workers: 6]
      [GC Worker Start (ms): Min: 842356.0, Avg: 842356.0, Max: 842356.1, Diff: 0.0]
      [Ext Root Scanning (ms): Min: 0.2, Avg: 0.2, Max: 0.3, Diff: 0.0, Sum: 1.5]
      [Update RS (ms): Min: 0.0, Avg: 0.0, Max: 0.0, Diff: 0.0, Sum: 0.1]
         [Processed Buffers: Min: 0, Avg: 1.0, Max: 3, Diff: 3, Sum: 6]
      [Scan RS (ms): Min: 0.1, Avg: 0.1, Max: 0.1, Diff: 0.0, Sum: 0.6]
      [Code Root Scanning (ms): Min: 0.0, Avg: 0.0, Max: 0.0, Diff: 0.0, Sum: 0.0]
      [Object Copy (ms): Min: 0.1, Avg: 0.1, Max: 0.2, Diff: 0.1, Sum: 0.8]
      [Termination (ms): Min: 0.0, Avg: 0.0, Max: 0.0, Diff: 0.0, Sum: 0.1]
         [Termination Attempts: Min: 1, Avg: 1.0, Max: 1, Diff: 0, Sum: 6]
      [GC Worker Other (ms): Min: 0.0, Avg: 0.0, Max: 0.0, Diff: 0.0, Sum: 0.2]
      [GC Worker Total (ms): Min: 0.5, Avg: 0.5, Max: 0.6, Diff: 0.1, Sum: 3.2]
      [GC Worker End (ms): Min: 842356.6, Avg: 842356.6, Max: 842356.6, Diff: 0.0]
   [Code Root Fixup: 0.0 ms]
   [Code Root Purge: 0.0 ms]
   [Clear CT: 0.2 ms]
   [Other: 0.6 ms]
      [Choose CSet: 0.0 ms]
      [Ref Proc: 0.1 ms]
      [Ref Enq: 0.0 ms]
      [Redirty Cards: 0.1 ms]
      [Humongous Register: 0.0 ms]
      [Humongous Reclaim: 0.0 ms]
      [Free CSet: 0.2 ms]
   [Eden: 612.0M(612.0M)->0.0B(612.0M) Survivors: 2048.0K->2048.0K Heap: 618.7M(1024.0M)->6905.4K(1024.0M)]
 [Times: user=0.00 sys=0.00, real=0.00 secs] 
2024-10-11T08:47:41.980+0300: 842.357: Total time for which application threads were stopped: 0.0017753 seconds, Stopping threads took: 0.0001632 seconds
2024-10-11T08:47:44.030+0300: 844.414: Application time: 2.0565516 seconds
2024-10-11T08:47:44.030+0300: 844.414: [GC pause (G1 Evacuation Pause) (young), 0.0014286 secs]
   [Parallel Time: 0.6 ms, GC Workers: 6]
      [GC Worker Start (ms): Min: 844414.3, Avg: 844414.3, Max: 844414.4, Diff: 0.1]
      [Ext Root Scanning (ms): Min: 0.2, Avg: 0.3, Max: 0.3, Diff: 0.0, Sum: 1.5]
      [Update RS (ms): Min: 0.0, Avg: 0.0, Max: 0.0, Diff: 0.0, Sum: 0.1]
         [Processed Buffers: Min: 0, Avg: 0.8, Max: 2, Diff: 2, Sum: 5]
      [Scan RS (ms): Min: 0.1, Avg: 0.1, Max: 0.1, Diff: 0.0, Sum: 0.6]
      [Code Root Scanning (ms): Min: 0.0, Avg: 0.0, Max: 0.0, Diff: 0.0, Sum: 0.0]
      [Object Copy (ms): Min: 0.1, Avg: 0.1, Max: 0.2, Diff: 0.1, Sum: 0.9]
      [Termination (ms): Min: 0.0, Avg: 0.0, Max: 0.0, Diff: 0.0, Sum: 0.0]
         [Termination Attempts: Min: 1, Avg: 1.0, Max: 1, Diff: 0, Sum: 6]
      [GC Worker Other (ms): Min: 0.0, Avg: 0.0, Max: 0.0, Diff: 0.0, Sum: 0.1]
      [GC Worker Total (ms): Min: 0.5, Avg: 0.5, Max: 0.5, Diff: 0.0, Sum: 3.1]
      [GC Worker End (ms): Min: 844414.9, Avg: 844414.9, Max: 844414.9, Diff: 0.0]
   [Code Root Fixup: 0.0 ms]
   [Code Root Purge: 0.0 ms]
   [Clear CT: 0.2 ms]
   [Other: 0.6 ms]
      [Choose CSet: 0.0 ms]
      [Ref Proc: 0.1 ms]
      [Ref Enq: 0.0 ms]
      [Redirty Cards: 0.1 ms]
      [Humongous Register: 0.0 ms]
      [Humongous Reclaim: 0.0 ms]
      [Free CSet: 0.2 ms]
   [Eden: 612.0M(612.0M)->0.0B(612.0M) Survivors: 2048.0K->2048.0K Heap: 618.7M(1024.0M)->7018.3K(1024.0M)]
 [Times: user=0.00 sys=0.00, real=0.00 secs] 
2024-10-11T08:47:44.030+0300: 844.416: Total time for which application threads were stopped: 0.0017668 seconds, Stopping threads took: 0.0001368 seconds
2024-10-11T08:47:46.070+0300: 846.451: Application time: 2.0353428 seconds
2024-10-11T08:47:46.070+0300: 846.451: [GC pause (G1 Evacuation Pause) (young), 0.0014886 secs]
   [Parallel Time: 0.6 ms, GC Workers: 6]
      [GC Worker Start (ms): Min: 846451.5, Avg: 846451.5, Max: 846451.5, Diff: 0.1]
      [Ext Root Scanning (ms): Min: 0.2, Avg: 0.3, Max: 0.3, Diff: 0.1, Sum: 1.5]
      [Update RS (ms): Min: 0.0, Avg: 0.0, Max: 0.0, Diff: 0.0, Sum: 0.1]
         [Processed Buffers: Min: 0, Avg: 0.8, Max: 2, Diff: 2, Sum: 5]
      [Scan RS (ms): Min: 0.1, Avg: 0.1, Max: 0.1, Diff: 0.0, Sum: 0.6]
      [Code Root Scanning (ms): Min: 0.0, Avg: 0.0, Max: 0.0, Diff: 0.0, Sum: 0.0]
      [Object Copy (ms): Min: 0.1, Avg: 0.1, Max: 0.2, Diff: 0.0, Sum: 0.7]
      [Termination (ms): Min: 0.0, Avg: 0.0, Max: 0.0, Diff: 0.0, Sum: 0.1]
         [Termination Attempts: Min: 1, Avg: 1.0, Max: 1, Diff: 0, Sum: 6]
      [GC Worker Other (ms): Min: 0.0, Avg: 0.0, Max: 0.0, Diff: 0.0, Sum: 0.1]
      [GC Worker Total (ms): Min: 0.5, Avg: 0.5, Max: 0.6, Diff: 0.1, Sum: 3.1]
      [GC Worker End (ms): Min: 846452.0, Avg: 846452.0, Max: 846452.1, Diff: 0.0]
   [Code Root Fixup: 0.0 ms]
   [Code Root Purge: 0.0 ms]
   [Clear CT: 0.2 ms]
   [Other: 0.7 ms]
      [Choose CSet: 0.0 ms]
      [Ref Proc: 0.2 ms]
      [Ref Enq: 0.0 ms]
      [Redirty Cards: 0.1 ms]
      [Humongous Register: 0.0 ms]
      [Humongous Reclaim: 0.0 ms]
      [Free CSet: 0.2 ms]
   [Eden: 612.0M(612.0M)->0.0B(612.0M) Survivors: 2048.0K->2048.0K Heap: 618.9M(1024.0M)->6917.3K(1024.0M)]
 [Times: user=0.00 sys=0.00, real=0.00 secs] 
2024-10-11T08:47:46.070+0300: 846.453: Total time for which application threads were stopped: 0.0018999 seconds, Stopping threads took: 0.0001990 seconds
2024-10-11T08:47:48.111+0300: 848.498: Application time: 2.0449366 seconds
2024-10-11T08:47:48.111+0300: 848.498: [GC pause (G1 Evacuation Pause) (young), 0.0015446 secs]
   [Parallel Time: 0.7 ms, GC Workers: 6]
      [GC Worker Start (ms): Min: 848498.3, Avg: 848498.3, Max: 848498.3, Diff: 0.1]
      [Ext Root Scanning (ms): Min: 0.2, Avg: 0.2, Max: 0.3, Diff: 0.0, Sum: 1.5]
      [Update RS (ms): Min: 0.0, Avg: 0.0, Max: 0.0, Diff: 0.0, Sum: 0.1]
         [Processed Buffers: Min: 0, Avg: 1.0, Max: 2, Diff: 2, Sum: 6]
      [Scan RS (ms): Min: 0.1, Avg: 0.1, Max: 0.1, Diff: 0.0, Sum: 0.6]
      [Code Root Scanning (ms): Min: 0.0, Avg: 0.0, Max: 0.0, Diff: 0.0, Sum: 0.0]
      [Object Copy (ms): Min: 0.1, Avg: 0.1, Max: 0.2, Diff: 0.0, Sum: 0.8]
      [Termination (ms): Min: 0.0, Avg: 0.0, Max: 0.0, Diff: 0.0, Sum: 0.1]
         [Termination Attempts: Min: 1, Avg: 1.2, Max: 2, Diff: 1, Sum: 7]
      [GC Worker Other (ms): Min: 0.0, Avg: 0.0, Max: 0.0, Diff: 0.0, Sum: 0.1]
      [GC Worker Total (ms): Min: 0.5, Avg: 0.5, Max: 0.5, Diff: 0.0, Sum: 3.1]
      [GC Worker End (ms): Min: 848498.8, Avg: 848498.8, Max: 848498.9, Diff: 0.0]
   [Code Root Fixup: 0.0 ms]
   [Code Root Purge: 0.0 ms]
   [Clear CT: 0.2 ms]
   [Other: 0.7 ms]
      [Choose CSet: 0.0 ms]
      [Ref Proc: 0.1 ms]
      [Ref Enq: 0.0 ms]
      [Redirty Cards: 0.1 ms]
      [Humongous Register: 0.0 ms]
      [Humongous Reclaim: 0.0 ms]
      [Free CSet: 0.3 ms]
   [Eden: 612.0M(612.0M)->0.0B(612.0M) Survivors: 2048.0K->2048.0K Heap: 618.8M(1024.0M)->7091.5K(1024.0M)]
 [Times: user=0.00 sys=0.00, real=0.02 secs] 
2024-10-11T08:47:48.127+0300: 848.500: Total time for which application threads were stopped: 0.0019143 seconds, Stopping threads took: 0.0001665 seconds
2024-10-11T08:47:50.166+0300: 850.550: Application time: 2.0502538 seconds
2024-10-11T08:47:50.166+0300: 850.550: [GC pause (G1 Evacuation Pause) (young), 0.0016127 secs]
   [Parallel Time: 0.7 ms, GC Workers: 6]
      [GC Worker Start (ms): Min: 850550.5, Avg: 850550.5, Max: 850550.6, Diff: 0.1]
      [Ext Root Scanning (ms): Min: 0.2, Avg: 0.3, Max: 0.3, Diff: 0.0, Sum: 1.5]
      [Update RS (ms): Min: 0.0, Avg: 0.0, Max: 0.0, Diff: 0.0, Sum: 0.1]
         [Processed Buffers: Min: 0, Avg: 0.8, Max: 3, Diff: 3, Sum: 5]
      [Scan RS (ms): Min: 0.0, Avg: 0.1, Max: 0.1, Diff: 0.1, Sum: 0.5]
      [Code Root Scanning (ms): Min: 0.0, Avg: 0.0, Max: 0.0, Diff: 0.0, Sum: 0.0]
      [Object Copy (ms): Min: 0.1, Avg: 0.2, Max: 0.3, Diff: 0.2, Sum: 1.0]
      [Termination (ms): Min: 0.0, Avg: 0.0, Max: 0.1, Diff: 0.1, Sum: 0.2]
         [Termination Attempts: Min: 1, Avg: 1.7, Max: 2, Diff: 1, Sum: 10]
      [GC Worker Other (ms): Min: 0.0, Avg: 0.0, Max: 0.0, Diff: 0.0, Sum: 0.1]
      [GC Worker Total (ms): Min: 0.5, Avg: 0.6, Max: 0.6, Diff: 0.1, Sum: 3.5]
      [GC Worker End (ms): Min: 850551.1, Avg: 850551.1, Max: 850551.2, Diff: 0.0]
   [Code Root Fixup: 0.0 ms]
   [Code Root Purge: 0.0 ms]
   [Clear CT: 0.2 ms]
   [Other: 0.7 ms]
      [Choose CSet: 0.0 ms]
      [Ref Proc: 0.2 ms]
      [Ref Enq: 0.0 ms]
      [Redirty Cards: 0.1 ms]
      [Humongous Register: 0.1 ms]
      [Humongous Reclaim: 0.0 ms]
      [Free CSet: 0.3 ms]
   [Eden: 612.0M(612.0M)->0.0B(612.0M) Survivors: 2048.0K->2048.0K Heap: 618.9M(1024.0M)->6851.5K(1024.0M)]
 [Times: user=0.00 sys=0.00, real=0.00 secs] 
2024-10-11T08:47:50.166+0300: 850.552: Total time for which application threads were stopped: 0.0020142 seconds, Stopping threads took: 0.0001884 seconds
2024-10-11T08:47:52.223+0300: 852.597: Application time: 2.0446471 seconds
2024-10-11T08:47:52.223+0300: 852.597: [GC pause (G1 Evacuation Pause) (young), 0.0016224 secs]
   [Parallel Time: 0.7 ms, GC Workers: 6]
      [GC Worker Start (ms): Min: 852597.2, Avg: 852597.2, Max: 852597.2, Diff: 0.1]
      [Ext Root Scanning (ms): Min: 0.2, Avg: 0.3, Max: 0.3, Diff: 0.1, Sum: 1.5]
      [Update RS (ms): Min: 0.0, Avg: 0.0, Max: 0.0, Diff: 0.0, Sum: 0.1]
         [Processed Buffers: Min: 0, Avg: 0.8, Max: 1, Diff: 1, Sum: 5]
      [Scan RS (ms): Min: 0.1, Avg: 0.1, Max: 0.1, Diff: 0.0, Sum: 0.5]
      [Code Root Scanning (ms): Min: 0.0, Avg: 0.0, Max: 0.0, Diff: 0.0, Sum: 0.0]
      [Object Copy (ms): Min: 0.1, Avg: 0.1, Max: 0.1, Diff: 0.0, Sum: 0.8]
      [Termination (ms): Min: 0.0, Avg: 0.0, Max: 0.0, Diff: 0.0, Sum: 0.1]
         [Termination Attempts: Min: 1, Avg: 1.0, Max: 1, Diff: 0, Sum: 6]
      [GC Worker Other (ms): Min: 0.0, Avg: 0.0, Max: 0.1, Diff: 0.0, Sum: 0.2]
      [GC Worker Total (ms): Min: 0.5, Avg: 0.5, Max: 0.6, Diff: 0.1, Sum: 3.2]
      [GC Worker End (ms): Min: 852597.7, Avg: 852597.7, Max: 852597.8, Diff: 0.0]
   [Code Root Fixup: 0.0 ms]
   [Code Root Purge: 0.0 ms]
   [Clear CT: 0.2 ms]
   [Other: 0.7 ms]
      [Choose CSet: 0.0 ms]
      [Ref Proc: 0.2 ms]
      [Ref Enq: 0.0 ms]
      [Redirty Cards: 0.1 ms]
      [Humongous Register: 0.0 ms]
      [Humongous Reclaim: 0.0 ms]
      [Free CSet: 0.3 ms]
   [Eden: 612.0M(612.0M)->0.0B(612.0M) Survivors: 2048.0K->2048.0K Heap: 618.7M(1024.0M)->6855.8K(1024.0M)]
 [Times: user=0.00 sys=0.00, real=0.00 secs] 
2024-10-11T08:47:52.223+0300: 852.599: Total time for which application threads were stopped: 0.0019989 seconds, Stopping threads took: 0.0001637 seconds
2024-10-11T08:47:54.278+0300: 854.652: Application time: 2.0534265 seconds
2024-10-11T08:47:54.278+0300: 854.652: [GC pause (G1 Evacuation Pause) (young), 0.0014637 secs]
   [Parallel Time: 0.7 ms, GC Workers: 6]
      [GC Worker Start (ms): Min: 854652.5, Avg: 854652.6, Max: 854652.6, Diff: 0.1]
      [Ext Root Scanning (ms): Min: 0.2, Avg: 0.3, Max: 0.3, Diff: 0.0, Sum: 1.5]
      [Update RS (ms): Min: 0.0, Avg: 0.0, Max: 0.0, Diff: 0.0, Sum: 0.1]
         [Processed Buffers: Min: 0, Avg: 0.8, Max: 3, Diff: 3, Sum: 5]
      [Scan RS (ms): Min: 0.1, Avg: 0.1, Max: 0.1, Diff: 0.1, Sum: 0.6]
      [Code Root Scanning (ms): Min: 0.0, Avg: 0.0, Max: 0.0, Diff: 0.0, Sum: 0.0]
      [Object Copy (ms): Min: 0.1, Avg: 0.1, Max: 0.2, Diff: 0.1, Sum: 0.7]
      [Termination (ms): Min: 0.0, Avg: 0.0, Max: 0.0, Diff: 0.0, Sum: 0.1]
         [Termination Attempts: Min: 1, Avg: 1.0, Max: 1, Diff: 0, Sum: 6]
      [GC Worker Other (ms): Min: 0.0, Avg: 0.0, Max: 0.0, Diff: 0.0, Sum: 0.1]
      [GC Worker Total (ms): Min: 0.5, Avg: 0.5, Max: 0.5, Diff: 0.0, Sum: 3.1]
      [GC Worker End (ms): Min: 854653.1, Avg: 854653.1, Max: 854653.1, Diff: 0.0]
   [Code Root Fixup: 0.0 ms]
   [Code Root Purge: 0.0 ms]
   [Clear CT: 0.2 ms]
   [Other: 0.6 ms]
      [Choose CSet: 0.0 ms]
      [Ref Proc: 0.1 ms]
      [Ref Enq: 0.0 ms]
      [Redirty Cards: 0.1 ms]
      [Humongous Register: 0.0 ms]
      [Humongous Reclaim: 0.0 ms]
      [Free CSet: 0.2 ms]
   [Eden: 612.0M(612.0M)->0.0B(612.0M) Survivors: 2048.0K->2048.0K Heap: 618.7M(1024.0M)->6992.8K(1024.0M)]
 [Times: user=0.00 sys=0.00, real=0.00 secs] 
2024-10-11T08:47:54.278+0300: 854.654: Total time for which application threads were stopped: 0.0018073 seconds, Stopping threads took: 0.0001356 seconds
2024-10-11T08:47:56.318+0300: 856.700: Application time: 2.0457906 seconds
2024-10-11T08:47:56.318+0300: 856.700: [GC pause (G1 Evacuation Pause) (young), 0.0014864 secs]
   [Parallel Time: 0.6 ms, GC Workers: 6]
      [GC Worker Start (ms): Min: 856700.2, Avg: 856700.2, Max: 856700.2, Diff: 0.0]
      [Ext Root Scanning (ms): Min: 0.2, Avg: 0.2, Max: 0.3, Diff: 0.0, Sum: 1.4]
      [Update RS (ms): Min: 0.0, Avg: 0.0, Max: 0.0, Diff: 0.0, Sum: 0.1]
         [Processed Buffers: Min: 0, Avg: 1.0, Max: 3, Diff: 3, Sum: 6]
      [Scan RS (ms): Min: 0.1, Avg: 0.1, Max: 0.1, Diff: 0.0, Sum: 0.6]
      [Code Root Scanning (ms): Min: 0.0, Avg: 0.0, Max: 0.0, Diff: 0.0, Sum: 0.0]
      [Object Copy (ms): Min: 0.1, Avg: 0.1, Max: 0.2, Diff: 0.1, Sum: 0.9]
      [Termination (ms): Min: 0.0, Avg: 0.0, Max: 0.0, Diff: 0.0, Sum: 0.0]
         [Termination Attempts: Min: 1, Avg: 1.0, Max: 1, Diff: 0, Sum: 6]
      [GC Worker Other (ms): Min: 0.0, Avg: 0.0, Max: 0.0, Diff: 0.0, Sum: 0.1]
      [GC Worker Total (ms): Min: 0.5, Avg: 0.5, Max: 0.5, Diff: 0.0, Sum: 3.1]
      [GC Worker End (ms): Min: 856700.7, Avg: 856700.7, Max: 856700.7, Diff: 0.0]
   [Code Root Fixup: 0.0 ms]
   [Code Root Purge: 0.0 ms]
   [Clear CT: 0.2 ms]
   [Other: 0.7 ms]
      [Choose CSet: 0.0 ms]
      [Ref Proc: 0.1 ms]
      [Ref Enq: 0.0 ms]
      [Redirty Cards: 0.1 ms]
      [Humongous Register: 0.0 ms]
      [Humongous Reclaim: 0.0 ms]
      [Free CSet: 0.3 ms]
   [Eden: 612.0M(612.0M)->0.0B(612.0M) Survivors: 2048.0K->2048.0K Heap: 618.8M(1024.0M)->6999.9K(1024.0M)]
 [Times: user=0.00 sys=0.00, real=0.00 secs] 
2024-10-11T08:47:56.318+0300: 856.702: Total time for which application threads were stopped: 0.0018618 seconds, Stopping threads took: 0.0001805 seconds
2024-10-11T08:47:58.358+0300: 858.739: Application time: 2.0369248 seconds
2024-10-11T08:47:58.358+0300: 858.739: [GC pause (G1 Evacuation Pause) (young), 0.0014745 secs]
   [Parallel Time: 0.6 ms, GC Workers: 6]
      [GC Worker Start (ms): Min: 858738.9, Avg: 858739.0, Max: 858739.0, Diff: 0.0]
      [Ext Root Scanning (ms): Min: 0.2, Avg: 0.3, Max: 0.3, Diff: 0.0, Sum: 1.5]
      [Update RS (ms): Min: 0.0, Avg: 0.0, Max: 0.0, Diff: 0.0, Sum: 0.1]
         [Processed Buffers: Min: 0, Avg: 0.8, Max: 2, Diff: 2, Sum: 5]
      [Scan RS (ms): Min: 0.1, Avg: 0.1, Max: 0.1, Diff: 0.0, Sum: 0.6]
      [Code Root Scanning (ms): Min: 0.0, Avg: 0.0, Max: 0.0, Diff: 0.0, Sum: 0.0]
      [Object Copy (ms): Min: 0.1, Avg: 0.1, Max: 0.2, Diff: 0.1, Sum: 0.9]
      [Termination (ms): Min: 0.0, Avg: 0.0, Max: 0.0, Diff: 0.0, Sum: 0.1]
         [Termination Attempts: Min: 1, Avg: 1.3, Max: 2, Diff: 1, Sum: 8]
      [GC Worker Other (ms): Min: 0.0, Avg: 0.0, Max: 0.0, Diff: 0.0, Sum: 0.1]
      [GC Worker Total (ms): Min: 0.5, Avg: 0.5, Max: 0.6, Diff: 0.1, Sum: 3.2]
      [GC Worker End (ms): Min: 858739.5, Avg: 858739.5, Max: 858739.5, Diff: 0.0]
   [Code Root Fixup: 0.0 ms]
   [Code Root Purge: 0.0 ms]
   [Clear CT: 0.2 ms]
   [Other: 0.7 ms]
      [Choose CSet: 0.0 ms]
      [Ref Proc: 0.2 ms]
      [Ref Enq: 0.0 ms]
      [Redirty Cards: 0.1 ms]
      [Humongous Register: 0.0 ms]
      [Humongous Reclaim: 0.0 ms]
      [Free CSet: 0.3 ms]
   [Eden: 612.0M(612.0M)->0.0B(612.0M) Survivors: 2048.0K->2048.0K Heap: 618.8M(1024.0M)->7050.0K(1024.0M)]
 [Times: user=0.01 sys=0.00, real=0.00 secs] 
2024-10-11T08:47:58.358+0300: 858.740: Total time for which application threads were stopped: 0.0018408 seconds, Stopping threads took: 0.0001520 seconds
2024-10-11T08:48:00.398+0300: 860.785: Application time: 2.0442588 seconds
2024-10-11T08:48:00.398+0300: 860.785: [GC pause (G1 Evacuation Pause) (young), 0.0014958 secs]
   [Parallel Time: 0.7 ms, GC Workers: 6]
      [GC Worker Start (ms): Min: 860785.1, Avg: 860785.1, Max: 860785.1, Diff: 0.1]
      [Ext Root Scanning (ms): Min: 0.2, Avg: 0.3, Max: 0.3, Diff: 0.1, Sum: 1.6]
      [Update RS (ms): Min: 0.0, Avg: 0.0, Max: 0.0, Diff: 0.0, Sum: 0.1]
         [Processed Buffers: Min: 0, Avg: 0.8, Max: 3, Diff: 3, Sum: 5]
      [Scan RS (ms): Min: 0.0, Avg: 0.1, Max: 0.1, Diff: 0.1, Sum: 0.6]
      [Code Root Scanning (ms): Min: 0.0, Avg: 0.0, Max: 0.0, Diff: 0.0, Sum: 0.0]
      [Object Copy (ms): Min: 0.1, Avg: 0.2, Max: 0.3, Diff: 0.1, Sum: 1.0]
      [Termination (ms): Min: 0.0, Avg: 0.0, Max: 0.0, Diff: 0.0, Sum: 0.1]
         [Termination Attempts: Min: 1, Avg: 1.0, Max: 1, Diff: 0, Sum: 6]
      [GC Worker Other (ms): Min: 0.0, Avg: 0.0, Max: 0.0, Diff: 0.0, Sum: 0.2]
      [GC Worker Total (ms): Min: 0.5, Avg: 0.6, Max: 0.6, Diff: 0.1, Sum: 3.5]
      [GC Worker End (ms): Min: 860785.7, Avg: 860785.7, Max: 860785.7, Diff: 0.0]
   [Code Root Fixup: 0.0 ms]
   [Code Root Purge: 0.0 ms]
   [Clear CT: 0.2 ms]
   [Other: 0.6 ms]
      [Choose CSet: 0.0 ms]
      [Ref Proc: 0.1 ms]
      [Ref Enq: 0.0 ms]
      [Redirty Cards: 0.1 ms]
      [Humongous Register: 0.0 ms]
      [Humongous Reclaim: 0.0 ms]
      [Free CSet: 0.3 ms]
   [Eden: 612.0M(612.0M)->0.0B(612.0M) Survivors: 2048.0K->2048.0K Heap: 618.9M(1024.0M)->6818.2K(1024.0M)]
 [Times: user=0.01 sys=0.00, real=0.02 secs] 
2024-10-11T08:48:00.414+0300: 860.787: Total time for which application threads were stopped: 0.0018865 seconds, Stopping threads took: 0.0001865 seconds
2024-10-11T08:48:02.452+0300: 862.831: Application time: 2.0443152 seconds
2024-10-11T08:48:02.452+0300: 862.831: [GC pause (G1 Evacuation Pause) (young), 0.0014244 secs]
   [Parallel Time: 0.6 ms, GC Workers: 6]
      [GC Worker Start (ms): Min: 862831.3, Avg: 862831.3, Max: 862831.6, Diff: 0.3]
      [Ext Root Scanning (ms): Min: 0.0, Avg: 0.2, Max: 0.3, Diff: 0.3, Sum: 1.4]
      [Update RS (ms): Min: 0.0, Avg: 0.0, Max: 0.1, Diff: 0.1, Sum: 0.1]
         [Processed Buffers: Min: 0, Avg: 0.8, Max: 3, Diff: 3, Sum: 5]
      [Scan RS (ms): Min: 0.1, Avg: 0.1, Max: 0.1, Diff: 0.0, Sum: 0.6]
      [Code Root Scanning (ms): Min: 0.0, Avg: 0.0, Max: 0.0, Diff: 0.0, Sum: 0.0]
      [Object Copy (ms): Min: 0.1, Avg: 0.1, Max: 0.2, Diff: 0.1, Sum: 0.9]
      [Termination (ms): Min: 0.0, Avg: 0.0, Max: 0.0, Diff: 0.0, Sum: 0.0]
         [Termination Attempts: Min: 1, Avg: 1.0, Max: 1, Diff: 0, Sum: 6]
      [GC Worker Other (ms): Min: 0.0, Avg: 0.0, Max: 0.1, Diff: 0.0, Sum: 0.2]
      [GC Worker Total (ms): Min: 0.3, Avg: 0.5, Max: 0.6, Diff: 0.3, Sum: 3.2]
      [GC Worker End (ms): Min: 862831.8, Avg: 862831.9, Max: 862831.9, Diff: 0.0]
   [Code Root Fixup: 0.0 ms]
   [Code Root Purge: 0.0 ms]
   [Clear CT: 0.2 ms]
   [Other: 0.6 ms]
      [Choose CSet: 0.0 ms]
      [Ref Proc: 0.1 ms]
      [Ref Enq: 0.0 ms]
      [Redirty Cards: 0.1 ms]
      [Humongous Register: 0.0 ms]
      [Humongous Reclaim: 0.0 ms]
      [Free CSet: 0.3 ms]
   [Eden: 612.0M(612.0M)->0.0B(612.0M) Survivors: 2048.0K->2048.0K Heap: 618.7M(1024.0M)->7022.1K(1024.0M)]
 [Times: user=0.00 sys=0.00, real=0.00 secs] 
2024-10-11T08:48:02.452+0300: 862.833: Total time for which application threads were stopped: 0.0018021 seconds, Stopping threads took: 0.0001964 seconds
2024-10-11T08:48:04.493+0300: 864.879: Application time: 2.0467723 seconds
2024-10-11T08:48:04.493+0300: 864.880: [GC pause (G1 Evacuation Pause) (young), 0.0014946 secs]
   [Parallel Time: 0.7 ms, GC Workers: 6]
      [GC Worker Start (ms): Min: 864879.9, Avg: 864879.9, Max: 864880.0, Diff: 0.0]
      [Ext Root Scanning (ms): Min: 0.2, Avg: 0.3, Max: 0.5, Diff: 0.3, Sum: 1.8]
      [Update RS (ms): Min: 0.0, Avg: 0.0, Max: 0.1, Diff: 0.1, Sum: 0.1]
         [Processed Buffers: Min: 0, Avg: 0.8, Max: 2, Diff: 2, Sum: 5]
      [Scan RS (ms): Min: 0.0, Avg: 0.1, Max: 0.2, Diff: 0.2, Sum: 0.7]
      [Code Root Scanning (ms): Min: 0.0, Avg: 0.0, Max: 0.0, Diff: 0.0, Sum: 0.0]
      [Object Copy (ms): Min: 0.1, Avg: 0.1, Max: 0.2, Diff: 0.2, Sum: 0.9]
      [Termination (ms): Min: 0.0, Avg: 0.0, Max: 0.0, Diff: 0.0, Sum: 0.0]
         [Termination Attempts: Min: 1, Avg: 1.0, Max: 1, Diff: 0, Sum: 6]
      [GC Worker Other (ms): Min: 0.0, Avg: 0.0, Max: 0.1, Diff: 0.1, Sum: 0.2]
      [GC Worker Total (ms): Min: 0.6, Avg: 0.6, Max: 0.7, Diff: 0.1, Sum: 3.7]
      [GC Worker End (ms): Min: 864880.5, Avg: 864880.6, Max: 864880.6, Diff: 0.0]
   [Code Root Fixup: 0.0 ms]
   [Code Root Purge: 0.0 ms]
   [Clear CT: 0.2 ms]
   [Other: 0.6 ms]
      [Choose CSet: 0.0 ms]
      [Ref Proc: 0.1 ms]
      [Ref Enq: 0.0 ms]
      [Redirty Cards: 0.1 ms]
      [Humongous Register: 0.0 ms]
      [Humongous Reclaim: 0.0 ms]
      [Free CSet: 0.3 ms]
   [Eden: 612.0M(612.0M)->0.0B(612.0M) Survivors: 2048.0K->2048.0K Heap: 618.9M(1024.0M)->6879.3K(1024.0M)]
 [Times: user=0.03 sys=0.00, real=0.01 secs] 
2024-10-11T08:48:04.508+0300: 864.881: Total time for which application threads were stopped: 0.0019638 seconds, Stopping threads took: 0.0002728 seconds
2024-10-11T08:48:06.564+0300: 866.940: Application time: 2.0585373 seconds
2024-10-11T08:48:06.564+0300: 866.940: [GC pause (G1 Evacuation Pause) (young), 0.0013824 secs]
   [Parallel Time: 0.6 ms, GC Workers: 6]
      [GC Worker Start (ms): Min: 866940.3, Avg: 866940.3, Max: 866940.5, Diff: 0.2]
      [Ext Root Scanning (ms): Min: 0.1, Avg: 0.2, Max: 0.3, Diff: 0.2, Sum: 1.5]
      [Update RS (ms): Min: 0.0, Avg: 0.0, Max: 0.0, Diff: 0.0, Sum: 0.1]
         [Processed Buffers: Min: 0, Avg: 0.8, Max: 2, Diff: 2, Sum: 5]
      [Scan RS (ms): Min: 0.1, Avg: 0.1, Max: 0.1, Diff: 0.0, Sum: 0.6]
      [Code Root Scanning (ms): Min: 0.0, Avg: 0.0, Max: 0.0, Diff: 0.0, Sum: 0.0]
      [Object Copy (ms): Min: 0.1, Avg: 0.1, Max: 0.2, Diff: 0.1, Sum: 0.8]
      [Termination (ms): Min: 0.0, Avg: 0.0, Max: 0.0, Diff: 0.0, Sum: 0.0]
         [Termination Attempts: Min: 1, Avg: 1.2, Max: 2, Diff: 1, Sum: 7]
      [GC Worker Other (ms): Min: 0.0, Avg: 0.0, Max: 0.1, Diff: 0.0, Sum: 0.2]
      [GC Worker Total (ms): Min: 0.4, Avg: 0.5, Max: 0.6, Diff: 0.2, Sum: 3.1]
      [GC Worker End (ms): Min: 866940.8, Avg: 866940.9, Max: 866940.9, Diff: 0.0]
   [Code Root Fixup: 0.0 ms]
   [Code Root Purge: 0.0 ms]
   [Clear CT: 0.2 ms]
   [Other: 0.6 ms]
      [Choose CSet: 0.0 ms]
      [Ref Proc: 0.1 ms]
      [Ref Enq: 0.0 ms]
      [Redirty Cards: 0.1 ms]
      [Humongous Register: 0.0 ms]
      [Humongous Reclaim: 0.0 ms]
      [Free CSet: 0.3 ms]
   [Eden: 612.0M(612.0M)->0.0B(612.0M) Survivors: 2048.0K->2048.0K Heap: 618.7M(1024.0M)->6852.7K(1024.0M)]
 [Times: user=0.00 sys=0.00, real=0.00 secs] 
2024-10-11T08:48:06.564+0300: 866.942: Total time for which application threads were stopped: 0.0016974 seconds, Stopping threads took: 0.0001398 seconds
2024-10-11T08:48:08.587+0300: 868.974: Application time: 2.0326776 seconds
2024-10-11T08:48:08.603+0300: 868.975: [GC pause (G1 Evacuation Pause) (young), 0.0014427 secs]
   [Parallel Time: 0.7 ms, GC Workers: 6]
      [GC Worker Start (ms): Min: 868974.8, Avg: 868974.8, Max: 868975.1, Diff: 0.3]
      [Ext Root Scanning (ms): Min: 0.0, Avg: 0.2, Max: 0.3, Diff: 0.3, Sum: 1.3]
      [Update RS (ms): Min: 0.0, Avg: 0.0, Max: 0.0, Diff: 0.0, Sum: 0.1]
         [Processed Buffers: Min: 0, Avg: 0.8, Max: 1, Diff: 1, Sum: 5]
      [Scan RS (ms): Min: 0.0, Avg: 0.1, Max: 0.1, Diff: 0.1, Sum: 0.5]
      [Code Root Scanning (ms): Min: 0.0, Avg: 0.0, Max: 0.0, Diff: 0.0, Sum: 0.0]
      [Object Copy (ms): Min: 0.1, Avg: 0.2, Max: 0.3, Diff: 0.2, Sum: 1.0]
      [Termination (ms): Min: 0.0, Avg: 0.0, Max: 0.1, Diff: 0.1, Sum: 0.2]
         [Termination Attempts: Min: 1, Avg: 2.0, Max: 4, Diff: 3, Sum: 12]
      [GC Worker Other (ms): Min: 0.0, Avg: 0.0, Max: 0.0, Diff: 0.0, Sum: 0.1]
      [GC Worker Total (ms): Min: 0.3, Avg: 0.6, Max: 0.6, Diff: 0.3, Sum: 3.3]
      [GC Worker End (ms): Min: 868975.4, Avg: 868975.4, Max: 868975.4, Diff: 0.0]
   [Code Root Fixup: 0.0 ms]
   [Code Root Purge: 0.0 ms]
   [Clear CT: 0.2 ms]
   [Other: 0.6 ms]
      [Choose CSet: 0.0 ms]
      [Ref Proc: 0.1 ms]
      [Ref Enq: 0.0 ms]
      [Redirty Cards: 0.1 ms]
      [Humongous Register: 0.0 ms]
      [Humongous Reclaim: 0.0 ms]
      [Free CSet: 0.2 ms]
   [Eden: 612.0M(612.0M)->0.0B(612.0M) Survivors: 2048.0K->2048.0K Heap: 618.7M(1024.0M)->6914.1K(1024.0M)]
 [Times: user=0.00 sys=0.00, real=0.00 secs] 
2024-10-11T08:48:08.603+0300: 868.976: Total time for which application threads were stopped: 0.0018297 seconds, Stopping threads took: 0.0001871 seconds
2024-10-11T08:48:10.658+0300: 871.046: Application time: 2.0693288 seconds
2024-10-11T08:48:10.658+0300: 871.046: [GC pause (G1 Evacuation Pause) (young), 0.0016462 secs]
   [Parallel Time: 0.6 ms, GC Workers: 6]
      [GC Worker Start (ms): Min: 871045.9, Avg: 871045.9, Max: 871046.0, Diff: 0.0]
      [Ext Root Scanning (ms): Min: 0.2, Avg: 0.3, Max: 0.3, Diff: 0.1, Sum: 1.6]
      [Update RS (ms): Min: 0.0, Avg: 0.0, Max: 0.0, Diff: 0.0, Sum: 0.1]
         [Processed Buffers: Min: 0, Avg: 0.8, Max: 2, Diff: 2, Sum: 5]
      [Scan RS (ms): Min: 0.1, Avg: 0.1, Max: 0.1, Diff: 0.0, Sum: 0.6]
      [Code Root Scanning (ms): Min: 0.0, Avg: 0.0, Max: 0.0, Diff: 0.0, Sum: 0.0]
      [Object Copy (ms): Min: 0.1, Avg: 0.1, Max: 0.2, Diff: 0.1, Sum: 0.8]
      [Termination (ms): Min: 0.0, Avg: 0.0, Max: 0.0, Diff: 0.0, Sum: 0.0]
         [Termination Attempts: Min: 1, Avg: 1.2, Max: 2, Diff: 1, Sum: 7]
      [GC Worker Other (ms): Min: 0.0, Avg: 0.0, Max: 0.0, Diff: 0.0, Sum: 0.1]
      [GC Worker Total (ms): Min: 0.5, Avg: 0.5, Max: 0.6, Diff: 0.0, Sum: 3.2]
      [GC Worker End (ms): Min: 871046.5, Avg: 871046.5, Max: 871046.5, Diff: 0.0]
   [Code Root Fixup: 0.0 ms]
   [Code Root Purge: 0.0 ms]
   [Clear CT: 0.2 ms]
   [Other: 0.8 ms]
      [Choose CSet: 0.0 ms]
      [Ref Proc: 0.2 ms]
      [Ref Enq: 0.0 ms]
      [Redirty Cards: 0.1 ms]
      [Humongous Register: 0.0 ms]
      [Humongous Reclaim: 0.0 ms]
      [Free CSet: 0.3 ms]
   [Eden: 612.0M(612.0M)->0.0B(612.0M) Survivors: 2048.0K->2048.0K Heap: 618.8M(1024.0M)->7031.1K(1024.0M)]
 [Times: user=0.02 sys=0.00, real=0.02 secs] 
2024-10-11T08:48:10.674+0300: 871.048: Total time for which application threads were stopped: 0.0020455 seconds, Stopping threads took: 0.0001934 seconds
2024-10-11T08:48:12.745+0300: 873.133: Application time: 2.0850496 seconds
2024-10-11T08:48:12.761+0300: 873.133: [GC pause (G1 Evacuation Pause) (young), 0.0015326 secs]
   [Parallel Time: 0.6 ms, GC Workers: 6]
      [GC Worker Start (ms): Min: 873133.0, Avg: 873133.1, Max: 873133.2, Diff: 0.1]
      [Ext Root Scanning (ms): Min: 0.2, Avg: 0.3, Max: 0.3, Diff: 0.1, Sum: 1.6]
      [Update RS (ms): Min: 0.0, Avg: 0.0, Max: 0.0, Diff: 0.0, Sum: 0.1]
         [Processed Buffers: Min: 0, Avg: 0.8, Max: 2, Diff: 2, Sum: 5]
      [Scan RS (ms): Min: 0.1, Avg: 0.1, Max: 0.1, Diff: 0.0, Sum: 0.6]
      [Code Root Scanning (ms): Min: 0.0, Avg: 0.0, Max: 0.0, Diff: 0.0, Sum: 0.0]
      [Object Copy (ms): Min: 0.1, Avg: 0.1, Max: 0.1, Diff: 0.0, Sum: 0.8]
      [Termination (ms): Min: 0.0, Avg: 0.0, Max: 0.0, Diff: 0.0, Sum: 0.0]
         [Termination Attempts: Min: 1, Avg: 1.0, Max: 1, Diff: 0, Sum: 6]
      [GC Worker Other (ms): Min: 0.0, Avg: 0.0, Max: 0.0, Diff: 0.0, Sum: 0.1]
      [GC Worker Total (ms): Min: 0.4, Avg: 0.5, Max: 0.6, Diff: 0.1, Sum: 3.2]
      [GC Worker End (ms): Min: 873133.6, Avg: 873133.6, Max: 873133.6, Diff: 0.0]
   [Code Root Fixup: 0.0 ms]
   [Code Root Purge: 0.0 ms]
   [Clear CT: 0.2 ms]
   [Other: 0.7 ms]
      [Choose CSet: 0.0 ms]
      [Ref Proc: 0.2 ms]
      [Ref Enq: 0.0 ms]
      [Redirty Cards: 0.1 ms]
      [Humongous Register: 0.1 ms]
      [Humongous Reclaim: 0.0 ms]
      [Free CSet: 0.3 ms]
   [Eden: 612.0M(612.0M)->0.0B(612.0M) Survivors: 2048.0K->2048.0K Heap: 618.9M(1024.0M)->7032.7K(1024.0M)]
 [Times: user=0.00 sys=0.00, real=0.00 secs] 
2024-10-11T08:48:12.761+0300: 873.135: Total time for which application threads were stopped: 0.0019415 seconds, Stopping threads took: 0.0001633 seconds
2024-10-11T08:48:14.821+0300: 875.199: Application time: 2.0643606 seconds
2024-10-11T08:48:14.821+0300: 875.199: [GC pause (G1 Evacuation Pause) (young), 0.0015068 secs]
   [Parallel Time: 0.7 ms, GC Workers: 6]
      [GC Worker Start (ms): Min: 875199.2, Avg: 875199.3, Max: 875199.3, Diff: 0.1]
      [Ext Root Scanning (ms): Min: 0.2, Avg: 0.3, Max: 0.3, Diff: 0.1, Sum: 1.6]
      [Update RS (ms): Min: 0.0, Avg: 0.0, Max: 0.0, Diff: 0.0, Sum: 0.1]
         [Processed Buffers: Min: 0, Avg: 0.8, Max: 1, Diff: 1, Sum: 5]
      [Scan RS (ms): Min: 0.1, Avg: 0.1, Max: 0.1, Diff: 0.0, Sum: 0.6]
      [Code Root Scanning (ms): Min: 0.0, Avg: 0.0, Max: 0.0, Diff: 0.0, Sum: 0.0]
      [Object Copy (ms): Min: 0.1, Avg: 0.1, Max: 0.2, Diff: 0.0, Sum: 0.9]
      [Termination (ms): Min: 0.0, Avg: 0.0, Max: 0.0, Diff: 0.0, Sum: 0.0]
         [Termination Attempts: Min: 1, Avg: 1.0, Max: 1, Diff: 0, Sum: 6]
      [GC Worker Other (ms): Min: 0.0, Avg: 0.0, Max: 0.0, Diff: 0.0, Sum: 0.1]
      [GC Worker Total (ms): Min: 0.5, Avg: 0.5, Max: 0.6, Diff: 0.1, Sum: 3.2]
      [GC Worker End (ms): Min: 875199.8, Avg: 875199.8, Max: 875199.8, Diff: 0.0]
   [Code Root Fixup: 0.0 ms]
   [Code Root Purge: 0.0 ms]
   [Clear CT: 0.2 ms]
   [Other: 0.7 ms]
      [Choose CSet: 0.0 ms]
      [Ref Proc: 0.1 ms]
      [Ref Enq: 0.0 ms]
      [Redirty Cards: 0.1 ms]
      [Humongous Register: 0.0 ms]
      [Humongous Reclaim: 0.0 ms]
      [Free CSet: 0.3 ms]
   [Eden: 612.0M(612.0M)->0.0B(612.0M) Survivors: 2048.0K->2048.0K Heap: 618.9M(1024.0M)->7034.9K(1024.0M)]
 [Times: user=0.00 sys=0.00, real=0.00 secs] 
2024-10-11T08:48:14.821+0300: 875.201: Total time for which application threads were stopped: 0.0018204 seconds, Stopping threads took: 0.0001341 seconds
2024-10-11T08:48:16.872+0300: 877.247: Application time: 2.0464328 seconds
2024-10-11T08:48:16.872+0300: 877.247: [GC pause (G1 Evacuation Pause) (young), 0.0014660 secs]
   [Parallel Time: 0.6 ms, GC Workers: 6]
      [GC Worker Start (ms): Min: 877247.5, Avg: 877247.5, Max: 877247.5, Diff: 0.1]
      [Ext Root Scanning (ms): Min: 0.2, Avg: 0.2, Max: 0.3, Diff: 0.1, Sum: 1.5]
      [Update RS (ms): Min: 0.0, Avg: 0.0, Max: 0.0, Diff: 0.0, Sum: 0.1]
         [Processed Buffers: Min: 0, Avg: 0.8, Max: 2, Diff: 2, Sum: 5]
      [Scan RS (ms): Min: 0.0, Avg: 0.1, Max: 0.1, Diff: 0.1, Sum: 0.5]
      [Code Root Scanning (ms): Min: 0.0, Avg: 0.0, Max: 0.0, Diff: 0.0, Sum: 0.0]
      [Object Copy (ms): Min: 0.1, Avg: 0.1, Max: 0.2, Diff: 0.1, Sum: 0.9]
      [Termination (ms): Min: 0.0, Avg: 0.0, Max: 0.0, Diff: 0.0, Sum: 0.0]
         [Termination Attempts: Min: 1, Avg: 1.0, Max: 1, Diff: 0, Sum: 6]
      [GC Worker Other (ms): Min: 0.0, Avg: 0.0, Max: 0.0, Diff: 0.0, Sum: 0.1]
      [GC Worker Total (ms): Min: 0.5, Avg: 0.5, Max: 0.5, Diff: 0.1, Sum: 3.0]
      [GC Worker End (ms): Min: 877248.0, Avg: 877248.0, Max: 877248.0, Diff: 0.0]
   [Code Root Fixup: 0.0 ms]
   [Code Root Purge: 0.0 ms]
   [Clear CT: 0.2 ms]
   [Other: 0.6 ms]
      [Choose CSet: 0.0 ms]
      [Ref Proc: 0.2 ms]
      [Ref Enq: 0.0 ms]
      [Redirty Cards: 0.1 ms]
      [Humongous Register: 0.0 ms]
      [Humongous Reclaim: 0.0 ms]
      [Free CSet: 0.2 ms]
   [Eden: 612.0M(612.0M)->0.0B(612.0M) Survivors: 2048.0K->2048.0K Heap: 618.9M(1024.0M)->6944.3K(1024.0M)]
 [Times: user=0.00 sys=0.00, real=0.00 secs] 
2024-10-11T08:48:16.872+0300: 877.249: Total time for which application threads were stopped: 0.0017617 seconds, Stopping threads took: 0.0000871 seconds
2024-10-11T08:48:18.947+0300: 879.324: Application time: 2.0754390 seconds
2024-10-11T08:48:18.947+0300: 879.325: [GC pause (G1 Evacuation Pause) (young), 0.0014755 secs]
   [Parallel Time: 0.6 ms, GC Workers: 6]
      [GC Worker Start (ms): Min: 879324.7, Avg: 879324.7, Max: 879324.8, Diff: 0.0]
      [Ext Root Scanning (ms): Min: 0.2, Avg: 0.2, Max: 0.3, Diff: 0.0, Sum: 1.5]
      [Update RS (ms): Min: 0.0, Avg: 0.0, Max: 0.0, Diff: 0.0, Sum: 0.1]
         [Processed Buffers: Min: 0, Avg: 0.8, Max: 3, Diff: 3, Sum: 5]
      [Scan RS (ms): Min: 0.1, Avg: 0.1, Max: 0.1, Diff: 0.0, Sum: 0.6]
      [Code Root Scanning (ms): Min: 0.0, Avg: 0.0, Max: 0.0, Diff: 0.0, Sum: 0.0]
      [Object Copy (ms): Min: 0.1, Avg: 0.1, Max: 0.2, Diff: 0.1, Sum: 0.8]
      [Termination (ms): Min: 0.0, Avg: 0.0, Max: 0.0, Diff: 0.0, Sum: 0.1]
         [Termination Attempts: Min: 1, Avg: 1.0, Max: 1, Diff: 0, Sum: 6]
      [GC Worker Other (ms): Min: 0.0, Avg: 0.0, Max: 0.0, Diff: 0.0, Sum: 0.1]
      [GC Worker Total (ms): Min: 0.5, Avg: 0.5, Max: 0.5, Diff: 0.1, Sum: 3.1]
      [GC Worker End (ms): Min: 879325.2, Avg: 879325.2, Max: 879325.3, Diff: 0.0]
   [Code Root Fixup: 0.0 ms]
   [Code Root Purge: 0.0 ms]
   [Clear CT: 0.2 ms]
   [Other: 0.7 ms]
      [Choose CSet: 0.0 ms]
      [Ref Proc: 0.2 ms]
      [Ref Enq: 0.0 ms]
      [Redirty Cards: 0.1 ms]
      [Humongous Register: 0.0 ms]
      [Humongous Reclaim: 0.0 ms]
      [Free CSet: 0.3 ms]
   [Eden: 612.0M(612.0M)->0.0B(612.0M) Survivors: 2048.0K->2048.0K Heap: 618.8M(1024.0M)->6978.8K(1024.0M)]
 [Times: user=0.00 sys=0.00, real=0.00 secs] 
2024-10-11T08:48:18.947+0300: 879.326: Total time for which application threads were stopped: 0.0019030 seconds, Stopping threads took: 0.0001135 seconds
2024-10-11T08:48:21.000+0300: 881.388: Application time: 2.0613380 seconds
2024-10-11T08:48:21.000+0300: 881.388: [GC pause (G1 Evacuation Pause) (young), 0.0015962 secs]
   [Parallel Time: 0.7 ms, GC Workers: 6]
      [GC Worker Start (ms): Min: 881388.0, Avg: 881388.0, Max: 881388.1, Diff: 0.1]
      [Ext Root Scanning (ms): Min: 0.2, Avg: 0.3, Max: 0.3, Diff: 0.1, Sum: 1.7]
      [Update RS (ms): Min: 0.0, Avg: 0.0, Max: 0.0, Diff: 0.0, Sum: 0.1]
         [Processed Buffers: Min: 0, Avg: 0.7, Max: 2, Diff: 2, Sum: 4]
      [Scan RS (ms): Min: 0.1, Avg: 0.1, Max: 0.1, Diff: 0.0, Sum: 0.6]
      [Code Root Scanning (ms): Min: 0.0, Avg: 0.0, Max: 0.0, Diff: 0.0, Sum: 0.0]
      [Object Copy (ms): Min: 0.1, Avg: 0.1, Max: 0.2, Diff: 0.1, Sum: 0.8]
      [Termination (ms): Min: 0.0, Avg: 0.0, Max: 0.0, Diff: 0.0, Sum: 0.0]
         [Termination Attempts: Min: 1, Avg: 1.0, Max: 1, Diff: 0, Sum: 6]
      [GC Worker Other (ms): Min: 0.0, Avg: 0.0, Max: 0.1, Diff: 0.1, Sum: 0.3]
      [GC Worker Total (ms): Min: 0.5, Avg: 0.6, Max: 0.6, Diff: 0.1, Sum: 3.5]
      [GC Worker End (ms): Min: 881388.6, Avg: 881388.6, Max: 881388.6, Diff: 0.0]
   [Code Root Fixup: 0.0 ms]
   [Code Root Purge: 0.0 ms]
   [Clear CT: 0.2 ms]
   [Other: 0.7 ms]
      [Choose CSet: 0.0 ms]
      [Ref Proc: 0.1 ms]
      [Ref Enq: 0.0 ms]
      [Redirty Cards: 0.1 ms]
      [Humongous Register: 0.0 ms]
      [Humongous Reclaim: 0.0 ms]
      [Free CSet: 0.3 ms]
   [Eden: 612.0M(612.0M)->0.0B(612.0M) Survivors: 2048.0K->2048.0K Heap: 618.8M(1024.0M)->6943.5K(1024.0M)]
 [Times: user=0.00 sys=0.00, real=0.02 secs] 
2024-10-11T08:48:21.016+0300: 881.390: Total time for which application threads were stopped: 0.0019371 seconds, Stopping threads took: 0.0001163 seconds
2024-10-11T08:48:23.072+0300: 883.445: Application time: 2.0552440 seconds
2024-10-11T08:48:23.072+0300: 883.445: [GC pause (G1 Evacuation Pause) (young), 0.0014890 secs]
   [Parallel Time: 0.6 ms, GC Workers: 6]
      [GC Worker Start (ms): Min: 883445.3, Avg: 883445.3, Max: 883445.3, Diff: 0.0]
      [Ext Root Scanning (ms): Min: 0.2, Avg: 0.2, Max: 0.3, Diff: 0.0, Sum: 1.5]
      [Update RS (ms): Min: 0.0, Avg: 0.0, Max: 0.0, Diff: 0.0, Sum: 0.1]
         [Processed Buffers: Min: 0, Avg: 0.7, Max: 2, Diff: 2, Sum: 4]
      [Scan RS (ms): Min: 0.1, Avg: 0.1, Max: 0.1, Diff: 0.0, Sum: 0.5]
      [Code Root Scanning (ms): Min: 0.0, Avg: 0.0, Max: 0.0, Diff: 0.0, Sum: 0.0]
      [Object Copy (ms): Min: 0.1, Avg: 0.1, Max: 0.2, Diff: 0.1, Sum: 0.9]
      [Termination (ms): Min: 0.0, Avg: 0.0, Max: 0.0, Diff: 0.0, Sum: 0.1]
         [Termination Attempts: Min: 1, Avg: 1.2, Max: 2, Diff: 1, Sum: 7]
      [GC Worker Other (ms): Min: 0.0, Avg: 0.0, Max: 0.0, Diff: 0.0, Sum: 0.1]
      [GC Worker Total (ms): Min: 0.5, Avg: 0.5, Max: 0.5, Diff: 0.0, Sum: 3.2]
      [GC Worker End (ms): Min: 883445.8, Avg: 883445.8, Max: 883445.8, Diff: 0.0]
   [Code Root Fixup: 0.0 ms]
   [Code Root Purge: 0.0 ms]
   [Clear CT: 0.2 ms]
   [Other: 0.7 ms]
      [Choose CSet: 0.0 ms]
      [Ref Proc: 0.2 ms]
      [Ref Enq: 0.0 ms]
      [Redirty Cards: 0.1 ms]
      [Humongous Register: 0.0 ms]
      [Humongous Reclaim: 0.0 ms]
      [Free CSet: 0.3 ms]
   [Eden: 612.0M(612.0M)->0.0B(612.0M) Survivors: 2048.0K->2048.0K Heap: 618.8M(1024.0M)->6944.4K(1024.0M)]
 [Times: user=0.00 sys=0.00, real=0.00 secs] 
2024-10-11T08:48:23.072+0300: 883.447: Total time for which application threads were stopped: 0.0019796 seconds, Stopping threads took: 0.0002740 seconds
2024-10-11T08:48:25.112+0300: 885.492: Application time: 2.0449056 seconds
2024-10-11T08:48:25.112+0300: 885.492: [GC pause (G1 Evacuation Pause) (young), 0.0016174 secs]
   [Parallel Time: 0.6 ms, GC Workers: 6]
      [GC Worker Start (ms): Min: 885492.0, Avg: 885492.1, Max: 885492.1, Diff: 0.1]
      [Ext Root Scanning (ms): Min: 0.2, Avg: 0.3, Max: 0.3, Diff: 0.1, Sum: 1.5]
      [Update RS (ms): Min: 0.0, Avg: 0.0, Max: 0.1, Diff: 0.1, Sum: 0.1]
         [Processed Buffers: Min: 0, Avg: 0.7, Max: 2, Diff: 2, Sum: 4]
      [Scan RS (ms): Min: 0.1, Avg: 0.1, Max: 0.1, Diff: 0.0, Sum: 0.6]
      [Code Root Scanning (ms): Min: 0.0, Avg: 0.0, Max: 0.0, Diff: 0.0, Sum: 0.0]
      [Object Copy (ms): Min: 0.1, Avg: 0.1, Max: 0.2, Diff: 0.1, Sum: 0.9]
      [Termination (ms): Min: 0.0, Avg: 0.0, Max: 0.0, Diff: 0.0, Sum: 0.0]
         [Termination Attempts: Min: 1, Avg: 1.5, Max: 2, Diff: 1, Sum: 9]
      [GC Worker Other (ms): Min: 0.0, Avg: 0.0, Max: 0.0, Diff: 0.0, Sum: 0.2]
      [GC Worker Total (ms): Min: 0.5, Avg: 0.5, Max: 0.6, Diff: 0.1, Sum: 3.3]
      [GC Worker End (ms): Min: 885492.6, Avg: 885492.6, Max: 885492.6, Diff: 0.0]
   [Code Root Fixup: 0.0 ms]
   [Code Root Purge: 0.0 ms]
   [Clear CT: 0.2 ms]
   [Other: 0.8 ms]
      [Choose CSet: 0.0 ms]
      [Ref Proc: 0.1 ms]
      [Ref Enq: 0.0 ms]
      [Redirty Cards: 0.2 ms]
      [Humongous Register: 0.0 ms]
      [Humongous Reclaim: 0.0 ms]
      [Free CSet: 0.3 ms]
   [Eden: 612.0M(612.0M)->0.0B(612.0M) Survivors: 2048.0K->2048.0K Heap: 618.8M(1024.0M)->7054.8K(1024.0M)]
 [Times: user=0.00 sys=0.00, real=0.00 secs] 
2024-10-11T08:48:25.112+0300: 885.494: Total time for which application threads were stopped: 0.0019196 seconds, Stopping threads took: 0.0001046 seconds
2024-10-11T08:48:27.168+0300: 887.549: Application time: 2.0554519 seconds
2024-10-11T08:48:27.168+0300: 887.549: [GC pause (G1 Evacuation Pause) (young), 0.0015429 secs]
   [Parallel Time: 0.7 ms, GC Workers: 6]
      [GC Worker Start (ms): Min: 887549.4, Avg: 887549.5, Max: 887549.5, Diff: 0.1]
      [Ext Root Scanning (ms): Min: 0.2, Avg: 0.3, Max: 0.3, Diff: 0.1, Sum: 1.5]
      [Update RS (ms): Min: 0.0, Avg: 0.0, Max: 0.0, Diff: 0.0, Sum: 0.1]
         [Processed Buffers: Min: 0, Avg: 0.8, Max: 3, Diff: 3, Sum: 5]
      [Scan RS (ms): Min: 0.1, Avg: 0.1, Max: 0.1, Diff: 0.0, Sum: 0.6]
      [Code Root Scanning (ms): Min: 0.0, Avg: 0.0, Max: 0.0, Diff: 0.0, Sum: 0.0]
      [Object Copy (ms): Min: 0.1, Avg: 0.2, Max: 0.2, Diff: 0.1, Sum: 1.1]
      [Termination (ms): Min: 0.0, Avg: 0.0, Max: 0.0, Diff: 0.0, Sum: 0.0]
         [Termination Attempts: Min: 1, Avg: 1.8, Max: 3, Diff: 2, Sum: 11]
      [GC Worker Other (ms): Min: 0.0, Avg: 0.0, Max: 0.0, Diff: 0.0, Sum: 0.2]
      [GC Worker Total (ms): Min: 0.5, Avg: 0.6, Max: 0.6, Diff: 0.1, Sum: 3.4]
      [GC Worker End (ms): Min: 887550.0, Avg: 887550.0, Max: 887550.1, Diff: 0.0]
   [Code Root Fixup: 0.0 ms]
   [Code Root Purge: 0.0 ms]
   [Clear CT: 0.2 ms]
   [Other: 0.7 ms]
      [Choose CSet: 0.0 ms]
      [Ref Proc: 0.1 ms]
      [Ref Enq: 0.0 ms]
      [Redirty Cards: 0.1 ms]
      [Humongous Register: 0.0 ms]
      [Humongous Reclaim: 0.0 ms]
      [Free CSet: 0.3 ms]
   [Eden: 612.0M(612.0M)->0.0B(612.0M) Survivors: 2048.0K->2048.0K Heap: 618.9M(1024.0M)->6936.7K(1024.0M)]
 [Times: user=0.00 sys=0.00, real=0.00 secs] 
2024-10-11T08:48:27.168+0300: 887.551: Total time for which application threads were stopped: 0.0019004 seconds, Stopping threads took: 0.0001402 seconds
2024-10-11T08:48:29.238+0300: 889.621: Application time: 2.0704091 seconds
2024-10-11T08:48:29.238+0300: 889.622: [GC pause (G1 Evacuation Pause) (young), 0.0014727 secs]
   [Parallel Time: 0.7 ms, GC Workers: 6]
      [GC Worker Start (ms): Min: 889621.7, Avg: 889621.7, Max: 889621.8, Diff: 0.0]
      [Ext Root Scanning (ms): Min: 0.2, Avg: 0.2, Max: 0.3, Diff: 0.0, Sum: 1.5]
      [Update RS (ms): Min: 0.0, Avg: 0.0, Max: 0.0, Diff: 0.0, Sum: 0.1]
         [Processed Buffers: Min: 0, Avg: 0.8, Max: 2, Diff: 2, Sum: 5]
      [Scan RS (ms): Min: 0.1, Avg: 0.1, Max: 0.1, Diff: 0.0, Sum: 0.6]
      [Code Root Scanning (ms): Min: 0.0, Avg: 0.0, Max: 0.0, Diff: 0.0, Sum: 0.0]
      [Object Copy (ms): Min: 0.1, Avg: 0.1, Max: 0.2, Diff: 0.0, Sum: 0.9]
      [Termination (ms): Min: 0.0, Avg: 0.0, Max: 0.0, Diff: 0.0, Sum: 0.1]
         [Termination Attempts: Min: 1, Avg: 1.0, Max: 1, Diff: 0, Sum: 6]
      [GC Worker Other (ms): Min: 0.0, Avg: 0.0, Max: 0.0, Diff: 0.0, Sum: 0.1]
      [GC Worker Total (ms): Min: 0.5, Avg: 0.5, Max: 0.6, Diff: 0.0, Sum: 3.3]
      [GC Worker End (ms): Min: 889622.3, Avg: 889622.3, Max: 889622.3, Diff: 0.0]
   [Code Root Fixup: 0.0 ms]
   [Code Root Purge: 0.0 ms]
   [Clear CT: 0.2 ms]
   [Other: 0.6 ms]
      [Choose CSet: 0.0 ms]
      [Ref Proc: 0.2 ms]
      [Ref Enq: 0.0 ms]
      [Redirty Cards: 0.1 ms]
      [Humongous Register: 0.0 ms]
      [Humongous Reclaim: 0.0 ms]
      [Free CSet: 0.3 ms]
   [Eden: 612.0M(612.0M)->0.0B(612.0M) Survivors: 2048.0K->2048.0K Heap: 618.8M(1024.0M)->6927.0K(1024.0M)]
 [Times: user=0.00 sys=0.00, real=0.00 secs] 
2024-10-11T08:48:29.238+0300: 889.623: Total time for which application threads were stopped: 0.0018312 seconds, Stopping threads took: 0.0001709 seconds
2024-10-11T08:48:31.308+0300: 891.683: Application time: 2.0599886 seconds
2024-10-11T08:48:31.308+0300: 891.683: [GC pause (G1 Evacuation Pause) (young), 0.0015217 secs]
   [Parallel Time: 0.6 ms, GC Workers: 6]
      [GC Worker Start (ms): Min: 891683.6, Avg: 891683.6, Max: 891683.7, Diff: 0.1]
      [Ext Root Scanning (ms): Min: 0.2, Avg: 0.3, Max: 0.3, Diff: 0.1, Sum: 1.6]
      [Update RS (ms): Min: 0.0, Avg: 0.0, Max: 0.0, Diff: 0.0, Sum: 0.1]
         [Processed Buffers: Min: 0, Avg: 0.8, Max: 2, Diff: 2, Sum: 5]
      [Scan RS (ms): Min: 0.1, Avg: 0.1, Max: 0.1, Diff: 0.0, Sum: 0.5]
      [Code Root Scanning (ms): Min: 0.0, Avg: 0.0, Max: 0.0, Diff: 0.0, Sum: 0.0]
      [Object Copy (ms): Min: 0.1, Avg: 0.1, Max: 0.2, Diff: 0.1, Sum: 0.7]
      [Termination (ms): Min: 0.0, Avg: 0.0, Max: 0.0, Diff: 0.0, Sum: 0.1]
         [Termination Attempts: Min: 1, Avg: 1.0, Max: 1, Diff: 0, Sum: 6]
      [GC Worker Other (ms): Min: 0.0, Avg: 0.0, Max: 0.0, Diff: 0.0, Sum: 0.1]
      [GC Worker Total (ms): Min: 0.5, Avg: 0.5, Max: 0.6, Diff: 0.1, Sum: 3.1]
      [GC Worker End (ms): Min: 891684.1, Avg: 891684.2, Max: 891684.2, Diff: 0.0]
   [Code Root Fixup: 0.0 ms]
   [Code Root Purge: 0.0 ms]
   [Clear CT: 0.2 ms]
   [Other: 0.7 ms]
      [Choose CSet: 0.0 ms]
      [Ref Proc: 0.1 ms]
      [Ref Enq: 0.0 ms]
      [Redirty Cards: 0.1 ms]
      [Humongous Register: 0.0 ms]
      [Humongous Reclaim: 0.0 ms]
      [Free CSet: 0.4 ms]
   [Eden: 612.0M(612.0M)->0.0B(612.0M) Survivors: 2048.0K->2048.0K Heap: 618.8M(1024.0M)->6912.8K(1024.0M)]
 [Times: user=0.00 sys=0.00, real=0.00 secs] 
2024-10-11T08:48:31.308+0300: 891.685: Total time for which application threads were stopped: 0.0018976 seconds, Stopping threads took: 0.0001460 seconds
2024-10-11T08:48:33.348+0300: 893.729: Application time: 2.0434689 seconds
2024-10-11T08:48:33.348+0300: 893.729: [GC pause (G1 Evacuation Pause) (young), 0.0014500 secs]
   [Parallel Time: 0.6 ms, GC Workers: 6]
      [GC Worker Start (ms): Min: 893728.9, Avg: 893729.0, Max: 893729.0, Diff: 0.1]
      [Ext Root Scanning (ms): Min: 0.2, Avg: 0.2, Max: 0.3, Diff: 0.0, Sum: 1.5]
      [Update RS (ms): Min: 0.0, Avg: 0.0, Max: 0.0, Diff: 0.0, Sum: 0.1]
         [Processed Buffers: Min: 0, Avg: 0.8, Max: 2, Diff: 2, Sum: 5]
      [Scan RS (ms): Min: 0.1, Avg: 0.1, Max: 0.1, Diff: 0.0, Sum: 0.6]
      [Code Root Scanning (ms): Min: 0.0, Avg: 0.0, Max: 0.0, Diff: 0.0, Sum: 0.0]
      [Object Copy (ms): Min: 0.1, Avg: 0.1, Max: 0.2, Diff: 0.1, Sum: 0.8]
      [Termination (ms): Min: 0.0, Avg: 0.0, Max: 0.0, Diff: 0.0, Sum: 0.1]
         [Termination Attempts: Min: 1, Avg: 1.0, Max: 1, Diff: 0, Sum: 6]
      [GC Worker Other (ms): Min: 0.0, Avg: 0.0, Max: 0.1, Diff: 0.0, Sum: 0.2]
      [GC Worker Total (ms): Min: 0.5, Avg: 0.5, Max: 0.6, Diff: 0.1, Sum: 3.1]
      [GC Worker End (ms): Min: 893729.5, Avg: 893729.5, Max: 893729.5, Diff: 0.0]
   [Code Root Fixup: 0.0 ms]
   [Code Root Purge: 0.0 ms]
   [Clear CT: 0.2 ms]
   [Other: 0.7 ms]
      [Choose CSet: 0.0 ms]
      [Ref Proc: 0.1 ms]
      [Ref Enq: 0.0 ms]
      [Redirty Cards: 0.1 ms]
      [Humongous Register: 0.0 ms]
      [Humongous Reclaim: 0.0 ms]
      [Free CSet: 0.3 ms]
   [Eden: 612.0M(612.0M)->0.0B(612.0M) Survivors: 2048.0K->2048.0K Heap: 618.8M(1024.0M)->6982.6K(1024.0M)]
 [Times: user=0.00 sys=0.00, real=0.00 secs] 
2024-10-11T08:48:33.348+0300: 893.730: Total time for which application threads were stopped: 0.0018092 seconds, Stopping threads took: 0.0001549 seconds
2024-10-11T08:48:34.352+0300: 894.724: Application time: 0.9933549 seconds
2024-10-11T08:48:34.352+0300: 894.724: Total time for which application threads were stopped: 0.0002925 seconds, Stopping threads took: 0.0001993 seconds
2024-10-11T08:48:35.388+0300: 895.770: Application time: 1.0459483 seconds
2024-10-11T08:48:35.388+0300: 895.770: [GC pause (G1 Evacuation Pause) (young), 0.0020003 secs]
   [Parallel Time: 0.7 ms, GC Workers: 6]
      [GC Worker Start (ms): Min: 895770.4, Avg: 895770.4, Max: 895770.5, Diff: 0.1]
      [Ext Root Scanning (ms): Min: 0.2, Avg: 0.3, Max: 0.3, Diff: 0.0, Sum: 1.5]
      [Update RS (ms): Min: 0.0, Avg: 0.0, Max: 0.0, Diff: 0.0, Sum: 0.1]
         [Processed Buffers: Min: 0, Avg: 0.8, Max: 1, Diff: 1, Sum: 5]
      [Scan RS (ms): Min: 0.1, Avg: 0.1, Max: 0.1, Diff: 0.0, Sum: 0.5]
      [Code Root Scanning (ms): Min: 0.0, Avg: 0.0, Max: 0.0, Diff: 0.0, Sum: 0.0]
      [Object Copy (ms): Min: 0.1, Avg: 0.1, Max: 0.2, Diff: 0.0, Sum: 0.8]
      [Termination (ms): Min: 0.0, Avg: 0.0, Max: 0.0, Diff: 0.0, Sum: 0.1]
         [Termination Attempts: Min: 1, Avg: 1.2, Max: 2, Diff: 1, Sum: 7]
      [GC Worker Other (ms): Min: 0.0, Avg: 0.0, Max: 0.0, Diff: 0.0, Sum: 0.1]
      [GC Worker Total (ms): Min: 0.5, Avg: 0.5, Max: 0.5, Diff: 0.0, Sum: 3.1]
      [GC Worker End (ms): Min: 895770.9, Avg: 895770.9, Max: 895771.0, Diff: 0.0]
   [Code Root Fixup: 0.0 ms]
   [Code Root Purge: 0.0 ms]
   [Clear CT: 0.2 ms]
   [Other: 1.1 ms]
      [Choose CSet: 0.0 ms]
      [Ref Proc: 0.2 ms]
      [Ref Enq: 0.0 ms]
      [Redirty Cards: 0.1 ms]
      [Humongous Register: 0.0 ms]
      [Humongous Reclaim: 0.0 ms]
      [Free CSet: 0.6 ms]
   [Eden: 612.0M(612.0M)->0.0B(612.0M) Survivors: 2048.0K->2048.0K Heap: 618.8M(1024.0M)->6976.3K(1024.0M)]
 [Times: user=0.00 sys=0.00, real=0.00 secs] 
2024-10-11T08:48:35.388+0300: 895.772: Total time for which application threads were stopped: 0.0023619 seconds, Stopping threads took: 0.0001445 seconds
2024-10-11T08:48:37.397+0300: 897.769: Application time: 1.9967107 seconds
2024-10-11T08:48:37.397+0300: 897.769: Total time for which application threads were stopped: 0.0003329 seconds, Stopping threads took: 0.0002511 seconds
2024-10-11T08:48:37.429+0300: 897.812: Application time: 0.0422993 seconds
2024-10-11T08:48:37.429+0300: 897.812: [GC pause (G1 Evacuation Pause) (young), 0.0014331 secs]
   [Parallel Time: 0.7 ms, GC Workers: 6]
      [GC Worker Start (ms): Min: 897812.1, Avg: 897812.1, Max: 897812.4, Diff: 0.3]
      [Ext Root Scanning (ms): Min: 0.0, Avg: 0.2, Max: 0.3, Diff: 0.3, Sum: 1.4]
      [Update RS (ms): Min: 0.0, Avg: 0.0, Max: 0.0, Diff: 0.0, Sum: 0.1]
         [Processed Buffers: Min: 0, Avg: 1.0, Max: 2, Diff: 2, Sum: 6]
      [Scan RS (ms): Min: 0.1, Avg: 0.1, Max: 0.1, Diff: 0.0, Sum: 0.6]
      [Code Root Scanning (ms): Min: 0.0, Avg: 0.0, Max: 0.0, Diff: 0.0, Sum: 0.0]
      [Object Copy (ms): Min: 0.1, Avg: 0.1, Max: 0.2, Diff: 0.1, Sum: 0.9]
      [Termination (ms): Min: 0.0, Avg: 0.0, Max: 0.0, Diff: 0.0, Sum: 0.0]
         [Termination Attempts: Min: 1, Avg: 1.0, Max: 1, Diff: 0, Sum: 6]
      [GC Worker Other (ms): Min: 0.0, Avg: 0.0, Max: 0.0, Diff: 0.0, Sum: 0.2]
      [GC Worker Total (ms): Min: 0.3, Avg: 0.5, Max: 0.6, Diff: 0.3, Sum: 3.1]
      [GC Worker End (ms): Min: 897812.6, Avg: 897812.7, Max: 897812.7, Diff: 0.0]
   [Code Root Fixup: 0.0 ms]
   [Code Root Purge: 0.0 ms]
   [Clear CT: 0.2 ms]
   [Other: 0.6 ms]
      [Choose CSet: 0.0 ms]
      [Ref Proc: 0.1 ms]
      [Ref Enq: 0.0 ms]
      [Redirty Cards: 0.1 ms]
      [Humongous Register: 0.0 ms]
      [Humongous Reclaim: 0.0 ms]
      [Free CSet: 0.3 ms]
   [Eden: 612.0M(612.0M)->0.0B(612.0M) Survivors: 2048.0K->2048.0K Heap: 618.8M(1024.0M)->6974.8K(1024.0M)]
 [Times: user=0.00 sys=0.00, real=0.00 secs] 
2024-10-11T08:48:37.429+0300: 897.814: Total time for which application threads were stopped: 0.0018071 seconds, Stopping threads took: 0.0001971 seconds
2024-10-11T08:48:39.486+0300: 899.860: Application time: 2.0459766 seconds
2024-10-11T08:48:39.486+0300: 899.860: [GC pause (G1 Evacuation Pause) (young), 0.0013832 secs]
   [Parallel Time: 0.6 ms, GC Workers: 6]
      [GC Worker Start (ms): Min: 899859.9, Avg: 899859.9, Max: 899859.9, Diff: 0.1]
      [Ext Root Scanning (ms): Min: 0.2, Avg: 0.3, Max: 0.3, Diff: 0.1, Sum: 1.5]
      [Update RS (ms): Min: 0.0, Avg: 0.0, Max: 0.0, Diff: 0.0, Sum: 0.1]
         [Processed Buffers: Min: 0, Avg: 1.0, Max: 2, Diff: 2, Sum: 6]
      [Scan RS (ms): Min: 0.1, Avg: 0.1, Max: 0.1, Diff: 0.0, Sum: 0.6]
      [Code Root Scanning (ms): Min: 0.0, Avg: 0.0, Max: 0.0, Diff: 0.0, Sum: 0.0]
      [Object Copy (ms): Min: 0.1, Avg: 0.1, Max: 0.2, Diff: 0.1, Sum: 0.7]
      [Termination (ms): Min: 0.0, Avg: 0.0, Max: 0.0, Diff: 0.0, Sum: 0.1]
         [Termination Attempts: Min: 1, Avg: 1.0, Max: 1, Diff: 0, Sum: 6]
      [GC Worker Other (ms): Min: 0.0, Avg: 0.0, Max: 0.0, Diff: 0.0, Sum: 0.1]
      [GC Worker Total (ms): Min: 0.5, Avg: 0.5, Max: 0.5, Diff: 0.1, Sum: 3.0]
      [GC Worker End (ms): Min: 899860.4, Avg: 899860.4, Max: 899860.4, Diff: 0.0]
   [Code Root Fixup: 0.0 ms]
   [Code Root Purge: 0.0 ms]
   [Clear CT: 0.1 ms]
   [Other: 0.7 ms]
      [Choose CSet: 0.0 ms]
      [Ref Proc: 0.1 ms]
      [Ref Enq: 0.0 ms]
      [Redirty Cards: 0.1 ms]
      [Humongous Register: 0.0 ms]
      [Humongous Reclaim: 0.0 ms]
      [Free CSet: 0.3 ms]
   [Eden: 612.0M(612.0M)->0.0B(612.0M) Survivors: 2048.0K->2048.0K Heap: 618.8M(1024.0M)->7172.7K(1024.0M)]
 [Times: user=0.00 sys=0.00, real=0.00 secs] 
2024-10-11T08:48:39.486+0300: 899.861: Total time for which application threads were stopped: 0.0017306 seconds, Stopping threads took: 0.0001365 seconds
2024-10-11T08:48:41.524+0300: 901.905: Application time: 2.0434767 seconds
2024-10-11T08:48:41.524+0300: 901.905: [GC pause (G1 Evacuation Pause) (young), 0.0013368 secs]
   [Parallel Time: 0.6 ms, GC Workers: 6]
      [GC Worker Start (ms): Min: 901905.1, Avg: 901905.1, Max: 901905.2, Diff: 0.1]
      [Ext Root Scanning (ms): Min: 0.2, Avg: 0.2, Max: 0.3, Diff: 0.1, Sum: 1.5]
      [Update RS (ms): Min: 0.0, Avg: 0.0, Max: 0.0, Diff: 0.0, Sum: 0.1]
         [Processed Buffers: Min: 0, Avg: 0.8, Max: 2, Diff: 2, Sum: 5]
      [Scan RS (ms): Min: 0.1, Avg: 0.1, Max: 0.1, Diff: 0.1, Sum: 0.6]
      [Code Root Scanning (ms): Min: 0.0, Avg: 0.0, Max: 0.0, Diff: 0.0, Sum: 0.0]
      [Object Copy (ms): Min: 0.1, Avg: 0.1, Max: 0.2, Diff: 0.1, Sum: 0.7]
      [Termination (ms): Min: 0.0, Avg: 0.0, Max: 0.0, Diff: 0.0, Sum: 0.1]
         [Termination Attempts: Min: 1, Avg: 1.0, Max: 1, Diff: 0, Sum: 6]
      [GC Worker Other (ms): Min: 0.0, Avg: 0.0, Max: 0.0, Diff: 0.0, Sum: 0.1]
      [GC Worker Total (ms): Min: 0.5, Avg: 0.5, Max: 0.5, Diff: 0.1, Sum: 3.1]
      [GC Worker End (ms): Min: 901905.6, Avg: 901905.6, Max: 901905.7, Diff: 0.0]
   [Code Root Fixup: 0.0 ms]
   [Code Root Purge: 0.0 ms]
   [Clear CT: 0.2 ms]
   [Other: 0.6 ms]
      [Choose CSet: 0.0 ms]
      [Ref Proc: 0.1 ms]
      [Ref Enq: 0.0 ms]
      [Redirty Cards: 0.1 ms]
      [Humongous Register: 0.0 ms]
      [Humongous Reclaim: 0.0 ms]
      [Free CSet: 0.2 ms]
   [Eden: 612.0M(612.0M)->0.0B(612.0M) Survivors: 2048.0K->2048.0K Heap: 619.0M(1024.0M)->6877.3K(1024.0M)]
 [Times: user=0.00 sys=0.00, real=0.00 secs] 
2024-10-11T08:48:41.524+0300: 901.906: Total time for which application threads were stopped: 0.0017486 seconds, Stopping threads took: 0.0002282 seconds
2024-10-11T08:48:43.581+0300: 903.953: Application time: 2.0469482 seconds
2024-10-11T08:48:43.581+0300: 903.954: [GC pause (G1 Evacuation Pause) (young), 0.0015864 secs]
   [Parallel Time: 0.7 ms, GC Workers: 6]
      [GC Worker Start (ms): Min: 903953.8, Avg: 903953.9, Max: 903953.9, Diff: 0.1]
      [Ext Root Scanning (ms): Min: 0.2, Avg: 0.3, Max: 0.3, Diff: 0.1, Sum: 1.5]
      [Update RS (ms): Min: 0.0, Avg: 0.0, Max: 0.0, Diff: 0.0, Sum: 0.1]
         [Processed Buffers: Min: 0, Avg: 0.8, Max: 2, Diff: 2, Sum: 5]
      [Scan RS (ms): Min: 0.0, Avg: 0.1, Max: 0.1, Diff: 0.1, Sum: 0.6]
      [Code Root Scanning (ms): Min: 0.0, Avg: 0.0, Max: 0.0, Diff: 0.0, Sum: 0.0]
      [Object Copy (ms): Min: 0.1, Avg: 0.2, Max: 0.3, Diff: 0.1, Sum: 1.0]
      [Termination (ms): Min: 0.0, Avg: 0.0, Max: 0.0, Diff: 0.0, Sum: 0.1]
         [Termination Attempts: Min: 1, Avg: 1.0, Max: 1, Diff: 0, Sum: 6]
      [GC Worker Other (ms): Min: 0.0, Avg: 0.0, Max: 0.0, Diff: 0.0, Sum: 0.1]
      [GC Worker Total (ms): Min: 0.5, Avg: 0.6, Max: 0.6, Diff: 0.1, Sum: 3.4]
      [GC Worker End (ms): Min: 903954.4, Avg: 903954.4, Max: 903954.4, Diff: 0.0]
   [Code Root Fixup: 0.0 ms]
   [Code Root Purge: 0.0 ms]
   [Clear CT: 0.2 ms]
   [Other: 0.7 ms]
      [Choose CSet: 0.0 ms]
      [Ref Proc: 0.2 ms]
      [Ref Enq: 0.0 ms]
      [Redirty Cards: 0.1 ms]
      [Humongous Register: 0.1 ms]
      [Humongous Reclaim: 0.0 ms]
      [Free CSet: 0.2 ms]
   [Eden: 612.0M(612.0M)->0.0B(612.0M) Survivors: 2048.0K->2048.0K Heap: 618.7M(1024.0M)->6872.0K(1024.0M)]
 [Times: user=0.00 sys=0.00, real=0.00 secs] 
2024-10-11T08:48:43.581+0300: 903.955: Total time for which application threads were stopped: 0.0019687 seconds, Stopping threads took: 0.0001665 seconds
2024-10-11T08:48:45.621+0300: 906.007: Application time: 2.0520802 seconds
2024-10-11T08:48:45.621+0300: 906.008: [GC pause (G1 Evacuation Pause) (young), 0.0015229 secs]
   [Parallel Time: 0.7 ms, GC Workers: 6]
      [GC Worker Start (ms): Min: 906007.8, Avg: 906007.8, Max: 906007.9, Diff: 0.1]
      [Ext Root Scanning (ms): Min: 0.2, Avg: 0.3, Max: 0.3, Diff: 0.1, Sum: 1.6]
      [Update RS (ms): Min: 0.0, Avg: 0.0, Max: 0.0, Diff: 0.0, Sum: 0.1]
         [Processed Buffers: Min: 0, Avg: 0.8, Max: 2, Diff: 2, Sum: 5]
      [Scan RS (ms): Min: 0.1, Avg: 0.1, Max: 0.1, Diff: 0.0, Sum: 0.6]
      [Code Root Scanning (ms): Min: 0.0, Avg: 0.0, Max: 0.0, Diff: 0.0, Sum: 0.0]
      [Object Copy (ms): Min: 0.1, Avg: 0.1, Max: 0.2, Diff: 0.1, Sum: 0.8]
      [Termination (ms): Min: 0.0, Avg: 0.0, Max: 0.0, Diff: 0.0, Sum: 0.1]
         [Termination Attempts: Min: 1, Avg: 1.0, Max: 1, Diff: 0, Sum: 6]
      [GC Worker Other (ms): Min: 0.0, Avg: 0.0, Max: 0.0, Diff: 0.0, Sum: 0.1]
      [GC Worker Total (ms): Min: 0.5, Avg: 0.6, Max: 0.6, Diff: 0.1, Sum: 3.4]
      [GC Worker End (ms): Min: 906008.4, Avg: 906008.4, Max: 906008.4, Diff: 0.0]
   [Code Root Fixup: 0.0 ms]
   [Code Root Purge: 0.0 ms]
   [Clear CT: 0.2 ms]
   [Other: 0.7 ms]
      [Choose CSet: 0.0 ms]
      [Ref Proc: 0.1 ms]
      [Ref Enq: 0.0 ms]
      [Redirty Cards: 0.1 ms]
      [Humongous Register: 0.0 ms]
      [Humongous Reclaim: 0.0 ms]
      [Free CSet: 0.3 ms]
   [Eden: 612.0M(612.0M)->0.0B(612.0M) Survivors: 2048.0K->2048.0K Heap: 618.7M(1024.0M)->6933.5K(1024.0M)]
 [Times: user=0.00 sys=0.00, real=0.02 secs] 
2024-10-11T08:48:45.637+0300: 906.009: Total time for which application threads were stopped: 0.0018665 seconds, Stopping threads took: 0.0001577 seconds
2024-10-11T08:48:47.661+0300: 908.045: Application time: 2.0354423 seconds
2024-10-11T08:48:47.661+0300: 908.045: [GC pause (G1 Evacuation Pause) (young), 0.0013815 secs]
   [Parallel Time: 0.6 ms, GC Workers: 6]
      [GC Worker Start (ms): Min: 908045.1, Avg: 908045.2, Max: 908045.2, Diff: 0.1]
      [Ext Root Scanning (ms): Min: 0.2, Avg: 0.3, Max: 0.3, Diff: 0.1, Sum: 1.5]
      [Update RS (ms): Min: 0.0, Avg: 0.0, Max: 0.0, Diff: 0.0, Sum: 0.1]
         [Processed Buffers: Min: 0, Avg: 0.8, Max: 2, Diff: 2, Sum: 5]
      [Scan RS (ms): Min: 0.1, Avg: 0.1, Max: 0.1, Diff: 0.0, Sum: 0.6]
      [Code Root Scanning (ms): Min: 0.0, Avg: 0.0, Max: 0.0, Diff: 0.0, Sum: 0.0]
      [Object Copy (ms): Min: 0.1, Avg: 0.1, Max: 0.2, Diff: 0.1, Sum: 0.8]
      [Termination (ms): Min: 0.0, Avg: 0.0, Max: 0.0, Diff: 0.0, Sum: 0.0]
         [Termination Attempts: Min: 1, Avg: 1.0, Max: 1, Diff: 0, Sum: 6]
      [GC Worker Other (ms): Min: 0.0, Avg: 0.0, Max: 0.0, Diff: 0.0, Sum: 0.1]
      [GC Worker Total (ms): Min: 0.5, Avg: 0.5, Max: 0.6, Diff: 0.0, Sum: 3.2]
      [GC Worker End (ms): Min: 908045.7, Avg: 908045.7, Max: 908045.7, Diff: 0.0]
   [Code Root Fixup: 0.0 ms]
   [Code Root Purge: 0.0 ms]
   [Clear CT: 0.2 ms]
   [Other: 0.6 ms]
      [Choose CSet: 0.0 ms]
      [Ref Proc: 0.1 ms]
      [Ref Enq: 0.0 ms]
      [Redirty Cards: 0.1 ms]
      [Humongous Register: 0.0 ms]
      [Humongous Reclaim: 0.0 ms]
      [Free CSet: 0.3 ms]
   [Eden: 612.0M(612.0M)->0.0B(612.0M) Survivors: 2048.0K->2048.0K Heap: 618.8M(1024.0M)->7199.1K(1024.0M)]
 [Times: user=0.00 sys=0.00, real=0.00 secs] 
2024-10-11T08:48:47.661+0300: 908.047: Total time for which application threads were stopped: 0.0017276 seconds, Stopping threads took: 0.0001803 seconds
2024-10-11T08:48:49.717+0300: 910.089: Application time: 2.0426707 seconds
2024-10-11T08:48:49.717+0300: 910.089: [GC pause (G1 Evacuation Pause) (young), 0.0014023 secs]
   [Parallel Time: 0.6 ms, GC Workers: 6]
      [GC Worker Start (ms): Min: 910089.5, Avg: 910089.6, Max: 910089.6, Diff: 0.1]
      [Ext Root Scanning (ms): Min: 0.2, Avg: 0.2, Max: 0.3, Diff: 0.1, Sum: 1.4]
      [Update RS (ms): Min: 0.0, Avg: 0.0, Max: 0.0, Diff: 0.0, Sum: 0.1]
         [Processed Buffers: Min: 1, Avg: 1.2, Max: 2, Diff: 1, Sum: 7]
      [Scan RS (ms): Min: 0.1, Avg: 0.1, Max: 0.1, Diff: 0.0, Sum: 0.6]
      [Code Root Scanning (ms): Min: 0.0, Avg: 0.0, Max: 0.0, Diff: 0.0, Sum: 0.0]
      [Object Copy (ms): Min: 0.1, Avg: 0.1, Max: 0.1, Diff: 0.0, Sum: 0.8]
      [Termination (ms): Min: 0.0, Avg: 0.0, Max: 0.0, Diff: 0.0, Sum: 0.0]
         [Termination Attempts: Min: 1, Avg: 1.2, Max: 2, Diff: 1, Sum: 7]
      [GC Worker Other (ms): Min: 0.0, Avg: 0.0, Max: 0.0, Diff: 0.0, Sum: 0.1]
      [GC Worker Total (ms): Min: 0.5, Avg: 0.5, Max: 0.6, Diff: 0.1, Sum: 3.1]
      [GC Worker End (ms): Min: 910090.1, Avg: 910090.1, Max: 910090.1, Diff: 0.0]
   [Code Root Fixup: 0.0 ms]
   [Code Root Purge: 0.0 ms]
   [Clear CT: 0.2 ms]
   [Other: 0.6 ms]
      [Choose CSet: 0.0 ms]
      [Ref Proc: 0.1 ms]
      [Ref Enq: 0.0 ms]
      [Redirty Cards: 0.1 ms]
      [Humongous Register: 0.0 ms]
      [Humongous Reclaim: 0.0 ms]
      [Free CSet: 0.3 ms]
   [Eden: 612.0M(612.0M)->0.0B(612.0M) Survivors: 2048.0K->2048.0K Heap: 619.0M(1024.0M)->6919.4K(1024.0M)]
 [Times: user=0.00 sys=0.00, real=0.00 secs] 
2024-10-11T08:48:49.717+0300: 910.091: Total time for which application threads were stopped: 0.0017713 seconds, Stopping threads took: 0.0001484 seconds
2024-10-11T08:48:51.756+0300: 912.138: Application time: 2.0466908 seconds
2024-10-11T08:48:51.756+0300: 912.138: [GC pause (G1 Evacuation Pause) (young), 0.0014515 secs]
   [Parallel Time: 0.7 ms, GC Workers: 6]
      [GC Worker Start (ms): Min: 912138.0, Avg: 912138.1, Max: 912138.6, Diff: 0.6]
      [Ext Root Scanning (ms): Min: 0.0, Avg: 0.2, Max: 0.3, Diff: 0.3, Sum: 1.4]
      [Update RS (ms): Min: 0.0, Avg: 0.0, Max: 0.0, Diff: 0.0, Sum: 0.1]
         [Processed Buffers: Min: 0, Avg: 1.2, Max: 2, Diff: 2, Sum: 7]
      [Scan RS (ms): Min: 0.0, Avg: 0.1, Max: 0.1, Diff: 0.1, Sum: 0.5]
      [Code Root Scanning (ms): Min: 0.0, Avg: 0.0, Max: 0.0, Diff: 0.0, Sum: 0.0]
      [Object Copy (ms): Min: 0.0, Avg: 0.1, Max: 0.2, Diff: 0.2, Sum: 0.8]
      [Termination (ms): Min: 0.0, Avg: 0.0, Max: 0.0, Diff: 0.0, Sum: 0.2]
         [Termination Attempts: Min: 1, Avg: 1.0, Max: 1, Diff: 0, Sum: 6]
      [GC Worker Other (ms): Min: 0.0, Avg: 0.0, Max: 0.0, Diff: 0.0, Sum: 0.1]
      [GC Worker Total (ms): Min: 0.0, Avg: 0.5, Max: 0.6, Diff: 0.6, Sum: 3.0]
      [GC Worker End (ms): Min: 912138.6, Avg: 912138.6, Max: 912138.6, Diff: 0.0]
   [Code Root Fixup: 0.0 ms]
   [Code Root Purge: 0.0 ms]
   [Clear CT: 0.2 ms]
   [Other: 0.6 ms]
      [Choose CSet: 0.0 ms]
      [Ref Proc: 0.1 ms]
      [Ref Enq: 0.0 ms]
      [Redirty Cards: 0.1 ms]
      [Humongous Register: 0.0 ms]
      [Humongous Reclaim: 0.0 ms]
      [Free CSet: 0.3 ms]
   [Eden: 612.0M(612.0M)->0.0B(612.0M) Survivors: 2048.0K->2048.0K Heap: 618.8M(1024.0M)->6884.2K(1024.0M)]
 [Times: user=0.00 sys=0.00, real=0.00 secs] 
2024-10-11T08:48:51.756+0300: 912.139: Total time for which application threads were stopped: 0.0017877 seconds, Stopping threads took: 0.0001691 seconds
2024-10-11T08:48:53.795+0300: 914.181: Application time: 2.0416005 seconds
2024-10-11T08:48:53.795+0300: 914.181: [GC pause (G1 Evacuation Pause) (young), 0.0015233 secs]
   [Parallel Time: 0.7 ms, GC Workers: 6]
      [GC Worker Start (ms): Min: 914181.4, Avg: 914181.5, Max: 914181.5, Diff: 0.1]
      [Ext Root Scanning (ms): Min: 0.2, Avg: 0.3, Max: 0.3, Diff: 0.1, Sum: 1.6]
      [Update RS (ms): Min: 0.0, Avg: 0.0, Max: 0.0, Diff: 0.0, Sum: 0.1]
         [Processed Buffers: Min: 0, Avg: 1.2, Max: 2, Diff: 2, Sum: 7]
      [Scan RS (ms): Min: 0.1, Avg: 0.1, Max: 0.1, Diff: 0.0, Sum: 0.5]
      [Code Root Scanning (ms): Min: 0.0, Avg: 0.0, Max: 0.0, Diff: 0.0, Sum: 0.0]
      [Object Copy (ms): Min: 0.1, Avg: 0.1, Max: 0.2, Diff: 0.0, Sum: 0.9]
      [Termination (ms): Min: 0.0, Avg: 0.0, Max: 0.0, Diff: 0.0, Sum: 0.1]
         [Termination Attempts: Min: 1, Avg: 1.0, Max: 1, Diff: 0, Sum: 6]
      [GC Worker Other (ms): Min: 0.0, Avg: 0.0, Max: 0.0, Diff: 0.0, Sum: 0.2]
      [GC Worker Total (ms): Min: 0.5, Avg: 0.6, Max: 0.6, Diff: 0.1, Sum: 3.3]
      [GC Worker End (ms): Min: 914182.0, Avg: 914182.0, Max: 914182.0, Diff: 0.0]
   [Code Root Fixup: 0.0 ms]
   [Code Root Purge: 0.0 ms]
   [Clear CT: 0.2 ms]
   [Other: 0.7 ms]
      [Choose CSet: 0.0 ms]
      [Ref Proc: 0.1 ms]
      [Ref Enq: 0.0 ms]
      [Redirty Cards: 0.1 ms]
      [Humongous Register: 0.0 ms]
      [Humongous Reclaim: 0.0 ms]
      [Free CSet: 0.3 ms]
   [Eden: 612.0M(612.0M)->0.0B(612.0M) Survivors: 2048.0K->2048.0K Heap: 618.7M(1024.0M)->7003.3K(1024.0M)]
 [Times: user=0.02 sys=0.00, real=0.01 secs] 
2024-10-11T08:48:53.810+0300: 914.183: Total time for which application threads were stopped: 0.0019322 seconds, Stopping threads took: 0.0002046 seconds
2024-10-11T08:48:55.850+0300: 916.236: Application time: 2.0526253 seconds
2024-10-11T08:48:55.850+0300: 916.236: [GC pause (G1 Evacuation Pause) (young), 0.0014984 secs]
   [Parallel Time: 0.7 ms, GC Workers: 6]
      [GC Worker Start (ms): Min: 916235.9, Avg: 916236.0, Max: 916236.3, Diff: 0.3]
      [Ext Root Scanning (ms): Min: 0.0, Avg: 0.2, Max: 0.3, Diff: 0.3, Sum: 1.4]
      [Update RS (ms): Min: 0.0, Avg: 0.0, Max: 0.0, Diff: 0.0, Sum: 0.1]
         [Processed Buffers: Min: 0, Avg: 1.2, Max: 2, Diff: 2, Sum: 7]
      [Scan RS (ms): Min: 0.1, Avg: 0.1, Max: 0.1, Diff: 0.0, Sum: 0.6]
      [Code Root Scanning (ms): Min: 0.0, Avg: 0.0, Max: 0.0, Diff: 0.0, Sum: 0.0]
      [Object Copy (ms): Min: 0.1, Avg: 0.1, Max: 0.2, Diff: 0.0, Sum: 0.9]
      [Termination (ms): Min: 0.0, Avg: 0.0, Max: 0.0, Diff: 0.0, Sum: 0.1]
         [Termination Attempts: Min: 1, Avg: 1.0, Max: 1, Diff: 0, Sum: 6]
      [GC Worker Other (ms): Min: 0.0, Avg: 0.0, Max: 0.0, Diff: 0.0, Sum: 0.1]
      [GC Worker Total (ms): Min: 0.3, Avg: 0.5, Max: 0.6, Diff: 0.3, Sum: 3.2]
      [GC Worker End (ms): Min: 916236.5, Avg: 916236.5, Max: 916236.5, Diff: 0.0]
   [Code Root Fixup: 0.0 ms]
   [Code Root Purge: 0.0 ms]
   [Clear CT: 0.2 ms]
   [Other: 0.7 ms]
      [Choose CSet: 0.0 ms]
      [Ref Proc: 0.1 ms]
      [Ref Enq: 0.0 ms]
      [Redirty Cards: 0.1 ms]
      [Humongous Register: 0.0 ms]
      [Humongous Reclaim: 0.0 ms]
      [Free CSet: 0.3 ms]
   [Eden: 612.0M(612.0M)->0.0B(612.0M) Survivors: 2048.0K->2048.0K Heap: 618.8M(1024.0M)->6998.8K(1024.0M)]
 [Times: user=0.00 sys=0.00, real=0.02 secs] 
2024-10-11T08:48:55.865+0300: 916.238: Total time for which application threads were stopped: 0.0018810 seconds, Stopping threads took: 0.0001518 seconds
2024-10-11T08:48:57.904+0300: 918.279: Application time: 2.0412452 seconds
2024-10-11T08:48:57.904+0300: 918.279: [GC pause (G1 Evacuation Pause) (young), 0.0014638 secs]
   [Parallel Time: 0.6 ms, GC Workers: 6]
      [GC Worker Start (ms): Min: 918279.1, Avg: 918279.1, Max: 918279.1, Diff: 0.1]
      [Ext Root Scanning (ms): Min: 0.2, Avg: 0.2, Max: 0.3, Diff: 0.1, Sum: 1.4]
      [Update RS (ms): Min: 0.0, Avg: 0.0, Max: 0.0, Diff: 0.0, Sum: 0.1]
         [Processed Buffers: Min: 0, Avg: 1.2, Max: 5, Diff: 5, Sum: 7]
      [Scan RS (ms): Min: 0.1, Avg: 0.1, Max: 0.1, Diff: 0.0, Sum: 0.5]
      [Code Root Scanning (ms): Min: 0.0, Avg: 0.0, Max: 0.0, Diff: 0.0, Sum: 0.0]
      [Object Copy (ms): Min: 0.1, Avg: 0.1, Max: 0.2, Diff: 0.0, Sum: 0.9]
      [Termination (ms): Min: 0.0, Avg: 0.0, Max: 0.0, Diff: 0.0, Sum: 0.0]
         [Termination Attempts: Min: 1, Avg: 1.0, Max: 1, Diff: 0, Sum: 6]
      [GC Worker Other (ms): Min: 0.0, Avg: 0.0, Max: 0.0, Diff: 0.0, Sum: 0.2]
      [GC Worker Total (ms): Min: 0.5, Avg: 0.5, Max: 0.6, Diff: 0.1, Sum: 3.1]
      [GC Worker End (ms): Min: 918279.6, Avg: 918279.6, Max: 918279.7, Diff: 0.0]
   [Code Root Fixup: 0.0 ms]
   [Code Root Purge: 0.0 ms]
   [Clear CT: 0.2 ms]
   [Other: 0.7 ms]
      [Choose CSet: 0.0 ms]
      [Ref Proc: 0.1 ms]
      [Ref Enq: 0.0 ms]
      [Redirty Cards: 0.1 ms]
      [Humongous Register: 0.0 ms]
      [Humongous Reclaim: 0.0 ms]
      [Free CSet: 0.3 ms]
   [Eden: 612.0M(612.0M)->0.0B(612.0M) Survivors: 2048.0K->2048.0K Heap: 618.8M(1024.0M)->7011.2K(1024.0M)]
 [Times: user=0.00 sys=0.00, real=0.00 secs] 
2024-10-11T08:48:57.904+0300: 918.281: Total time for which application threads were stopped: 0.0018439 seconds, Stopping threads took: 0.0001788 seconds
2024-10-11T08:48:59.961+0300: 920.335: Application time: 2.0541394 seconds
2024-10-11T08:48:59.961+0300: 920.335: [GC pause (G1 Evacuation Pause) (young), 0.0014668 secs]
   [Parallel Time: 0.6 ms, GC Workers: 6]
      [GC Worker Start (ms): Min: 920335.1, Avg: 920335.1, Max: 920335.1, Diff: 0.0]
      [Ext Root Scanning (ms): Min: 0.2, Avg: 0.2, Max: 0.3, Diff: 0.0, Sum: 1.5]
      [Update RS (ms): Min: 0.0, Avg: 0.0, Max: 0.0, Diff: 0.0, Sum: 0.1]
         [Processed Buffers: Min: 0, Avg: 0.8, Max: 2, Diff: 2, Sum: 5]
      [Scan RS (ms): Min: 0.1, Avg: 0.1, Max: 0.1, Diff: 0.0, Sum: 0.6]
      [Code Root Scanning (ms): Min: 0.0, Avg: 0.0, Max: 0.0, Diff: 0.0, Sum: 0.0]
      [Object Copy (ms): Min: 0.1, Avg: 0.1, Max: 0.2, Diff: 0.1, Sum: 0.7]
      [Termination (ms): Min: 0.0, Avg: 0.0, Max: 0.0, Diff: 0.0, Sum: 0.1]
         [Termination Attempts: Min: 1, Avg: 1.0, Max: 1, Diff: 0, Sum: 6]
      [GC Worker Other (ms): Min: 0.0, Avg: 0.0, Max: 0.0, Diff: 0.0, Sum: 0.1]
      [GC Worker Total (ms): Min: 0.5, Avg: 0.5, Max: 0.5, Diff: 0.1, Sum: 3.1]
      [GC Worker End (ms): Min: 920335.6, Avg: 920335.6, Max: 920335.6, Diff: 0.0]
   [Code Root Fixup: 0.0 ms]
   [Code Root Purge: 0.0 ms]
   [Clear CT: 0.2 ms]
   [Other: 0.6 ms]
      [Choose CSet: 0.0 ms]
      [Ref Proc: 0.2 ms]
      [Ref Enq: 0.0 ms]
      [Redirty Cards: 0.1 ms]
      [Humongous Register: 0.0 ms]
      [Humongous Reclaim: 0.0 ms]
      [Free CSet: 0.2 ms]
   [Eden: 612.0M(612.0M)->0.0B(612.0M) Survivors: 2048.0K->2048.0K Heap: 618.8M(1024.0M)->7206.7K(1024.0M)]
 [Times: user=0.00 sys=0.00, real=0.00 secs] 
2024-10-11T08:48:59.961+0300: 920.337: Total time for which application threads were stopped: 0.0018506 seconds, Stopping threads took: 0.0001799 seconds
2024-10-11T08:49:02.001+0300: 922.384: Application time: 2.0477629 seconds
2024-10-11T08:49:02.001+0300: 922.385: [GC pause (G1 Evacuation Pause) (young), 0.0015921 secs]
   [Parallel Time: 0.7 ms, GC Workers: 6]
      [GC Worker Start (ms): Min: 922384.8, Avg: 922384.8, Max: 922384.8, Diff: 0.1]
      [Ext Root Scanning (ms): Min: 0.2, Avg: 0.3, Max: 0.3, Diff: 0.1, Sum: 1.6]
      [Update RS (ms): Min: 0.0, Avg: 0.0, Max: 0.0, Diff: 0.0, Sum: 0.1]
         [Processed Buffers: Min: 0, Avg: 0.7, Max: 1, Diff: 1, Sum: 4]
      [Scan RS (ms): Min: 0.1, Avg: 0.1, Max: 0.2, Diff: 0.1, Sum: 0.7]
      [Code Root Scanning (ms): Min: 0.0, Avg: 0.0, Max: 0.0, Diff: 0.0, Sum: 0.0]
      [Object Copy (ms): Min: 0.0, Avg: 0.1, Max: 0.2, Diff: 0.1, Sum: 0.7]
      [Termination (ms): Min: 0.0, Avg: 0.0, Max: 0.0, Diff: 0.0, Sum: 0.0]
         [Termination Attempts: Min: 1, Avg: 1.0, Max: 1, Diff: 0, Sum: 6]
      [GC Worker Other (ms): Min: 0.0, Avg: 0.0, Max: 0.0, Diff: 0.0, Sum: 0.2]
      [GC Worker Total (ms): Min: 0.5, Avg: 0.5, Max: 0.6, Diff: 0.1, Sum: 3.2]
      [GC Worker End (ms): Min: 922385.3, Avg: 922385.4, Max: 922385.4, Diff: 0.0]
   [Code Root Fixup: 0.0 ms]
   [Code Root Purge: 0.0 ms]
   [Clear CT: 0.2 ms]
   [Other: 0.7 ms]
      [Choose CSet: 0.0 ms]
      [Ref Proc: 0.1 ms]
      [Ref Enq: 0.0 ms]
      [Redirty Cards: 0.1 ms]
      [Humongous Register: 0.0 ms]
      [Humongous Reclaim: 0.0 ms]
      [Free CSet: 0.3 ms]
   [Eden: 612.0M(612.0M)->0.0B(612.0M) Survivors: 2048.0K->2048.0K Heap: 619.0M(1024.0M)->6912.1K(1024.0M)]
 [Times: user=0.00 sys=0.00, real=0.00 secs] 
2024-10-11T08:49:02.001+0300: 922.386: Total time for which application threads were stopped: 0.0020193 seconds, Stopping threads took: 0.0002196 seconds
2024-10-11T08:49:04.042+0300: 924.423: Application time: 2.0363298 seconds
2024-10-11T08:49:04.042+0300: 924.423: [GC pause (G1 Evacuation Pause) (young), 0.0013492 secs]
   [Parallel Time: 0.6 ms, GC Workers: 6]
      [GC Worker Start (ms): Min: 924423.0, Avg: 924423.0, Max: 924423.1, Diff: 0.1]
      [Ext Root Scanning (ms): Min: 0.2, Avg: 0.2, Max: 0.3, Diff: 0.1, Sum: 1.5]
      [Update RS (ms): Min: 0.0, Avg: 0.0, Max: 0.0, Diff: 0.0, Sum: 0.1]
         [Processed Buffers: Min: 0, Avg: 0.7, Max: 1, Diff: 1, Sum: 4]
      [Scan RS (ms): Min: 0.1, Avg: 0.1, Max: 0.1, Diff: 0.1, Sum: 0.6]
      [Code Root Scanning (ms): Min: 0.0, Avg: 0.0, Max: 0.0, Diff: 0.0, Sum: 0.0]
      [Object Copy (ms): Min: 0.1, Avg: 0.1, Max: 0.2, Diff: 0.1, Sum: 0.7]
      [Termination (ms): Min: 0.0, Avg: 0.0, Max: 0.0, Diff: 0.0, Sum: 0.1]
         [Termination Attempts: Min: 1, Avg: 1.0, Max: 1, Diff: 0, Sum: 6]
      [GC Worker Other (ms): Min: 0.0, Avg: 0.0, Max: 0.0, Diff: 0.0, Sum: 0.1]
      [GC Worker Total (ms): Min: 0.5, Avg: 0.5, Max: 0.5, Diff: 0.1, Sum: 3.0]
      [GC Worker End (ms): Min: 924423.5, Avg: 924423.5, Max: 924423.5, Diff: 0.0]
   [Code Root Fixup: 0.0 ms]
   [Code Root Purge: 0.0 ms]
   [Clear CT: 0.2 ms]
   [Other: 0.6 ms]
      [Choose CSet: 0.0 ms]
      [Ref Proc: 0.1 ms]
      [Ref Enq: 0.0 ms]
      [Redirty Cards: 0.1 ms]
      [Humongous Register: 0.0 ms]
      [Humongous Reclaim: 0.0 ms]
      [Free CSet: 0.3 ms]
   [Eden: 612.0M(612.0M)->0.0B(612.0M) Survivors: 2048.0K->2048.0K Heap: 618.8M(1024.0M)->7031.0K(1024.0M)]
 [Times: user=0.00 sys=0.00, real=0.00 secs] 
2024-10-11T08:49:04.042+0300: 924.424: Total time for which application threads were stopped: 0.0016784 seconds, Stopping threads took: 0.0001453 seconds
2024-10-11T08:49:06.082+0300: 926.465: Application time: 2.0406699 seconds
2024-10-11T08:49:06.082+0300: 926.465: [GC pause (G1 Evacuation Pause) (young), 0.0015195 secs]
   [Parallel Time: 0.7 ms, GC Workers: 6]
      [GC Worker Start (ms): Min: 926465.4, Avg: 926465.4, Max: 926465.4, Diff: 0.0]
      [Ext Root Scanning (ms): Min: 0.2, Avg: 0.2, Max: 0.3, Diff: 0.0, Sum: 1.5]
      [Update RS (ms): Min: 0.0, Avg: 0.0, Max: 0.0, Diff: 0.0, Sum: 0.1]
         [Processed Buffers: Min: 0, Avg: 1.0, Max: 2, Diff: 2, Sum: 6]
      [Scan RS (ms): Min: 0.1, Avg: 0.1, Max: 0.1, Diff: 0.0, Sum: 0.6]
      [Code Root Scanning (ms): Min: 0.0, Avg: 0.0, Max: 0.0, Diff: 0.0, Sum: 0.0]
      [Object Copy (ms): Min: 0.1, Avg: 0.1, Max: 0.2, Diff: 0.1, Sum: 0.9]
      [Termination (ms): Min: 0.0, Avg: 0.0, Max: 0.0, Diff: 0.0, Sum: 0.1]
         [Termination Attempts: Min: 1, Avg: 1.0, Max: 1, Diff: 0, Sum: 6]
      [GC Worker Other (ms): Min: 0.0, Avg: 0.0, Max: 0.0, Diff: 0.0, Sum: 0.1]
      [GC Worker Total (ms): Min: 0.5, Avg: 0.5, Max: 0.6, Diff: 0.0, Sum: 3.3]
      [GC Worker End (ms): Min: 926466.0, Avg: 926466.0, Max: 926466.0, Diff: 0.0]
   [Code Root Fixup: 0.0 ms]
   [Code Root Purge: 0.0 ms]
   [Clear CT: 0.2 ms]
   [Other: 0.7 ms]
      [Choose CSet: 0.0 ms]
      [Ref Proc: 0.1 ms]
      [Ref Enq: 0.0 ms]
      [Redirty Cards: 0.1 ms]
      [Humongous Register: 0.0 ms]
      [Humongous Reclaim: 0.0 ms]
      [Free CSet: 0.3 ms]
   [Eden: 612.0M(612.0M)->0.0B(612.0M) Survivors: 2048.0K->2048.0K Heap: 618.9M(1024.0M)->7188.1K(1024.0M)]
 [Times: user=0.00 sys=0.00, real=0.00 secs] 
2024-10-11T08:49:06.082+0300: 926.467: Total time for which application threads were stopped: 0.0018847 seconds, Stopping threads took: 0.0001601 seconds
2024-10-11T08:49:08.138+0300: 928.511: Application time: 2.0439027 seconds
2024-10-11T08:49:08.138+0300: 928.511: [GC pause (G1 Evacuation Pause) (young), 0.0014674 secs]
   [Parallel Time: 0.7 ms, GC Workers: 6]
      [GC Worker Start (ms): Min: 928511.3, Avg: 928511.3, Max: 928511.4, Diff: 0.1]
      [Ext Root Scanning (ms): Min: 0.2, Avg: 0.3, Max: 0.3, Diff: 0.1, Sum: 1.5]
      [Update RS (ms): Min: 0.0, Avg: 0.0, Max: 0.0, Diff: 0.0, Sum: 0.1]
         [Processed Buffers: Min: 0, Avg: 1.0, Max: 2, Diff: 2, Sum: 6]
      [Scan RS (ms): Min: 0.1, Avg: 0.1, Max: 0.1, Diff: 0.0, Sum: 0.6]
      [Code Root Scanning (ms): Min: 0.0, Avg: 0.0, Max: 0.0, Diff: 0.0, Sum: 0.0]
      [Object Copy (ms): Min: 0.1, Avg: 0.1, Max: 0.1, Diff: 0.0, Sum: 0.6]
      [Termination (ms): Min: 0.0, Avg: 0.0, Max: 0.0, Diff: 0.0, Sum: 0.1]
         [Termination Attempts: Min: 1, Avg: 1.0, Max: 1, Diff: 0, Sum: 6]
      [GC Worker Other (ms): Min: 0.0, Avg: 0.0, Max: 0.0, Diff: 0.0, Sum: 0.1]
      [GC Worker Total (ms): Min: 0.5, Avg: 0.5, Max: 0.6, Diff: 0.1, Sum: 3.0]
      [GC Worker End (ms): Min: 928511.8, Avg: 928511.8, Max: 928511.9, Diff: 0.0]
   [Code Root Fixup: 0.0 ms]
   [Code Root Purge: 0.0 ms]
   [Clear CT: 0.2 ms]
   [Other: 0.7 ms]
      [Choose CSet: 0.0 ms]
      [Ref Proc: 0.1 ms]
      [Ref Enq: 0.0 ms]
      [Redirty Cards: 0.1 ms]
      [Humongous Register: 0.0 ms]
      [Humongous Reclaim: 0.0 ms]
      [Free CSet: 0.3 ms]
   [Eden: 612.0M(612.0M)->0.0B(612.0M) Survivors: 2048.0K->2048.0K Heap: 619.0M(1024.0M)->7032.3K(1024.0M)]
 [Times: user=0.00 sys=0.00, real=0.00 secs] 
2024-10-11T08:49:08.138+0300: 928.513: Total time for which application threads were stopped: 0.0018660 seconds, Stopping threads took: 0.0001603 seconds
2024-10-11T08:49:10.176+0300: 930.549: Application time: 2.0360950 seconds
2024-10-11T08:49:10.176+0300: 930.549: [GC pause (G1 Evacuation Pause) (young), 0.0014181 secs]
   [Parallel Time: 0.6 ms, GC Workers: 6]
      [GC Worker Start (ms): Min: 930549.2, Avg: 930549.2, Max: 930549.2, Diff: 0.0]
      [Ext Root Scanning (ms): Min: 0.2, Avg: 0.3, Max: 0.5, Diff: 0.3, Sum: 1.8]
      [Update RS (ms): Min: 0.0, Avg: 0.0, Max: 0.0, Diff: 0.0, Sum: 0.1]
         [Processed Buffers: Min: 0, Avg: 1.0, Max: 2, Diff: 2, Sum: 6]
      [Scan RS (ms): Min: 0.0, Avg: 0.1, Max: 0.1, Diff: 0.1, Sum: 0.5]
      [Code Root Scanning (ms): Min: 0.0, Avg: 0.0, Max: 0.0, Diff: 0.0, Sum: 0.0]
      [Object Copy (ms): Min: 0.0, Avg: 0.1, Max: 0.1, Diff: 0.1, Sum: 0.7]
      [Termination (ms): Min: 0.0, Avg: 0.0, Max: 0.1, Diff: 0.1, Sum: 0.3]
         [Termination Attempts: Min: 1, Avg: 1.8, Max: 3, Diff: 2, Sum: 11]
      [GC Worker Other (ms): Min: 0.0, Avg: 0.0, Max: 0.0, Diff: 0.0, Sum: 0.1]
      [GC Worker Total (ms): Min: 0.5, Avg: 0.6, Max: 0.6, Diff: 0.1, Sum: 3.4]
      [GC Worker End (ms): Min: 930549.8, Avg: 930549.8, Max: 930549.8, Diff: 0.0]
   [Code Root Fixup: 0.0 ms]
   [Code Root Purge: 0.0 ms]
   [Clear CT: 0.2 ms]
   [Other: 0.6 ms]
      [Choose CSet: 0.0 ms]
      [Ref Proc: 0.1 ms]
      [Ref Enq: 0.0 ms]
      [Redirty Cards: 0.1 ms]
      [Humongous Register: 0.0 ms]
      [Humongous Reclaim: 0.0 ms]
      [Free CSet: 0.3 ms]
   [Eden: 612.0M(612.0M)->0.0B(612.0M) Survivors: 2048.0K->2048.0K Heap: 618.9M(1024.0M)->7119.7K(1024.0M)]
 [Times: user=0.00 sys=0.00, real=0.00 secs] 
2024-10-11T08:49:10.176+0300: 930.551: Total time for which application threads were stopped: 0.0018316 seconds, Stopping threads took: 0.0002118 seconds
2024-10-11T08:49:12.232+0300: 932.606: Application time: 2.0549617 seconds
2024-10-11T08:49:12.232+0300: 932.606: [GC pause (G1 Evacuation Pause) (young), 0.0014578 secs]
   [Parallel Time: 0.6 ms, GC Workers: 6]
      [GC Worker Start (ms): Min: 932605.9, Avg: 932605.9, Max: 932606.0, Diff: 0.1]
      [Ext Root Scanning (ms): Min: 0.2, Avg: 0.2, Max: 0.3, Diff: 0.1, Sum: 1.5]
      [Update RS (ms): Min: 0.0, Avg: 0.0, Max: 0.0, Diff: 0.0, Sum: 0.1]
         [Processed Buffers: Min: 0, Avg: 1.0, Max: 3, Diff: 3, Sum: 6]
      [Scan RS (ms): Min: 0.1, Avg: 0.1, Max: 0.1, Diff: 0.0, Sum: 0.5]
      [Code Root Scanning (ms): Min: 0.0, Avg: 0.0, Max: 0.0, Diff: 0.0, Sum: 0.0]
      [Object Copy (ms): Min: 0.1, Avg: 0.1, Max: 0.2, Diff: 0.0, Sum: 0.8]
      [Termination (ms): Min: 0.0, Avg: 0.0, Max: 0.0, Diff: 0.0, Sum: 0.1]
         [Termination Attempts: Min: 1, Avg: 1.0, Max: 1, Diff: 0, Sum: 6]
      [GC Worker Other (ms): Min: 0.0, Avg: 0.0, Max: 0.0, Diff: 0.0, Sum: 0.1]
      [GC Worker Total (ms): Min: 0.5, Avg: 0.5, Max: 0.5, Diff: 0.0, Sum: 3.0]
      [GC Worker End (ms): Min: 932606.4, Avg: 932606.4, Max: 932606.5, Diff: 0.0]
   [Code Root Fixup: 0.0 ms]
   [Code Root Purge: 0.0 ms]
   [Clear CT: 0.2 ms]
   [Other: 0.7 ms]
      [Choose CSet: 0.0 ms]
      [Ref Proc: 0.2 ms]
      [Ref Enq: 0.0 ms]
      [Redirty Cards: 0.1 ms]
      [Humongous Register: 0.0 ms]
      [Humongous Reclaim: 0.0 ms]
      [Free CSet: 0.3 ms]
   [Eden: 612.0M(612.0M)->0.0B(612.0M) Survivors: 2048.0K->2048.0K Heap: 619.0M(1024.0M)->6916.2K(1024.0M)]
 [Times: user=0.00 sys=0.00, real=0.00 secs] 
2024-10-11T08:49:12.232+0300: 932.607: Total time for which application threads were stopped: 0.0017728 seconds, Stopping threads took: 0.0001138 seconds
2024-10-11T08:49:14.271+0300: 934.645: Application time: 2.0380800 seconds
2024-10-11T08:49:14.271+0300: 934.646: [GC pause (G1 Evacuation Pause) (young), 0.0015070 secs]
   [Parallel Time: 0.6 ms, GC Workers: 6]
      [GC Worker Start (ms): Min: 934645.9, Avg: 934645.9, Max: 934645.9, Diff: 0.1]
      [Ext Root Scanning (ms): Min: 0.2, Avg: 0.2, Max: 0.3, Diff: 0.1, Sum: 1.5]
      [Update RS (ms): Min: 0.0, Avg: 0.0, Max: 0.0, Diff: 0.0, Sum: 0.1]
         [Processed Buffers: Min: 0, Avg: 0.8, Max: 3, Diff: 3, Sum: 5]
      [Scan RS (ms): Min: 0.1, Avg: 0.1, Max: 0.1, Diff: 0.0, Sum: 0.5]
      [Code Root Scanning (ms): Min: 0.0, Avg: 0.0, Max: 0.0, Diff: 0.0, Sum: 0.0]
      [Object Copy (ms): Min: 0.1, Avg: 0.1, Max: 0.2, Diff: 0.1, Sum: 0.8]
      [Termination (ms): Min: 0.0, Avg: 0.0, Max: 0.0, Diff: 0.0, Sum: 0.1]
         [Termination Attempts: Min: 1, Avg: 1.0, Max: 1, Diff: 0, Sum: 6]
      [GC Worker Other (ms): Min: 0.0, Avg: 0.0, Max: 0.0, Diff: 0.0, Sum: 0.1]
      [GC Worker Total (ms): Min: 0.5, Avg: 0.5, Max: 0.6, Diff: 0.1, Sum: 3.1]
      [GC Worker End (ms): Min: 934646.4, Avg: 934646.4, Max: 934646.4, Diff: 0.0]
   [Code Root Fixup: 0.0 ms]
   [Code Root Purge: 0.0 ms]
   [Clear CT: 0.2 ms]
   [Other: 0.7 ms]
      [Choose CSet: 0.0 ms]
      [Ref Proc: 0.1 ms]
      [Ref Enq: 0.0 ms]
      [Redirty Cards: 0.1 ms]
      [Humongous Register: 0.1 ms]
      [Humongous Reclaim: 0.0 ms]
      [Free CSet: 0.3 ms]
   [Eden: 612.0M(612.0M)->0.0B(612.0M) Survivors: 2048.0K->2048.0K Heap: 618.8M(1024.0M)->7047.1K(1024.0M)]
 [Times: user=0.02 sys=0.00, real=0.00 secs] 
2024-10-11T08:49:14.271+0300: 934.647: Total time for which application threads were stopped: 0.0019044 seconds, Stopping threads took: 0.0001745 seconds
2024-10-11T08:49:16.310+0300: 936.683: Application time: 2.0358618 seconds
2024-10-11T08:49:16.310+0300: 936.684: [GC pause (G1 Evacuation Pause) (young), 0.0014402 secs]
   [Parallel Time: 0.6 ms, GC Workers: 6]
      [GC Worker Start (ms): Min: 936683.6, Avg: 936683.7, Max: 936683.7, Diff: 0.0]
      [Ext Root Scanning (ms): Min: 0.2, Avg: 0.3, Max: 0.3, Diff: 0.0, Sum: 1.5]
      [Update RS (ms): Min: 0.0, Avg: 0.0, Max: 0.0, Diff: 0.0, Sum: 0.1]
         [Processed Buffers: Min: 0, Avg: 1.0, Max: 4, Diff: 4, Sum: 6]
      [Scan RS (ms): Min: 0.1, Avg: 0.1, Max: 0.1, Diff: 0.0, Sum: 0.5]
      [Code Root Scanning (ms): Min: 0.0, Avg: 0.0, Max: 0.0, Diff: 0.0, Sum: 0.0]
      [Object Copy (ms): Min: 0.1, Avg: 0.1, Max: 0.2, Diff: 0.1, Sum: 0.9]
      [Termination (ms): Min: 0.0, Avg: 0.0, Max: 0.0, Diff: 0.0, Sum: 0.1]
         [Termination Attempts: Min: 1, Avg: 1.0, Max: 1, Diff: 0, Sum: 6]
      [GC Worker Other (ms): Min: 0.0, Avg: 0.0, Max: 0.0, Diff: 0.0, Sum: 0.2]
      [GC Worker Total (ms): Min: 0.5, Avg: 0.5, Max: 0.6, Diff: 0.1, Sum: 3.2]
      [GC Worker End (ms): Min: 936684.2, Avg: 936684.2, Max: 936684.2, Diff: 0.0]
   [Code Root Fixup: 0.0 ms]
   [Code Root Purge: 0.0 ms]
   [Clear CT: 0.2 ms]
   [Other: 0.6 ms]
      [Choose CSet: 0.0 ms]
      [Ref Proc: 0.1 ms]
      [Ref Enq: 0.0 ms]
      [Redirty Cards: 0.1 ms]
      [Humongous Register: 0.0 ms]
      [Humongous Reclaim: 0.0 ms]
      [Free CSet: 0.3 ms]
   [Eden: 612.0M(612.0M)->0.0B(612.0M) Survivors: 2048.0K->2048.0K Heap: 618.9M(1024.0M)->7111.0K(1024.0M)]
 [Times: user=0.00 sys=0.00, real=0.00 secs] 
2024-10-11T08:49:16.310+0300: 936.685: Total time for which application threads were stopped: 0.0018522 seconds, Stopping threads took: 0.0002100 seconds
2024-10-11T08:49:17.315+0300: 937.687: Application time: 1.0015222 seconds
2024-10-11T08:49:17.315+0300: 937.687: Total time for which application threads were stopped: 0.0002291 seconds, Stopping threads took: 0.0001725 seconds
2024-10-11T08:49:18.318+0300: 938.690: Application time: 1.0029146 seconds
2024-10-11T08:49:18.318+0300: 938.690: Total time for which application threads were stopped: 0.0003411 seconds, Stopping threads took: 0.0002247 seconds
2024-10-11T08:49:18.365+0300: 938.737: Application time: 0.0470792 seconds
2024-10-11T08:49:18.365+0300: 938.737: [GC pause (G1 Evacuation Pause) (young), 0.0014681 secs]
   [Parallel Time: 0.7 ms, GC Workers: 6]
      [GC Worker Start (ms): Min: 938737.6, Avg: 938737.6, Max: 938737.9, Diff: 0.3]
      [Ext Root Scanning (ms): Min: 0.0, Avg: 0.2, Max: 0.3, Diff: 0.3, Sum: 1.4]
      [Update RS (ms): Min: 0.0, Avg: 0.1, Max: 0.3, Diff: 0.3, Sum: 0.4]
         [Processed Buffers: Min: 0, Avg: 1.0, Max: 3, Diff: 3, Sum: 6]
      [Scan RS (ms): Min: 0.0, Avg: 0.1, Max: 0.1, Diff: 0.1, Sum: 0.6]
      [Code Root Scanning (ms): Min: 0.0, Avg: 0.0, Max: 0.0, Diff: 0.0, Sum: 0.0]
      [Object Copy (ms): Min: 0.0, Avg: 0.1, Max: 0.2, Diff: 0.2, Sum: 0.7]
      [Termination (ms): Min: 0.0, Avg: 0.0, Max: 0.0, Diff: 0.0, Sum: 0.1]
         [Termination Attempts: Min: 1, Avg: 1.0, Max: 1, Diff: 0, Sum: 6]
      [GC Worker Other (ms): Min: 0.0, Avg: 0.0, Max: 0.0, Diff: 0.0, Sum: 0.1]
      [GC Worker Total (ms): Min: 0.3, Avg: 0.6, Max: 0.6, Diff: 0.4, Sum: 3.3]
      [GC Worker End (ms): Min: 938738.2, Avg: 938738.2, Max: 938738.2, Diff: 0.0]
   [Code Root Fixup: 0.0 ms]
   [Code Root Purge: 0.0 ms]
   [Clear CT: 0.2 ms]
   [Other: 0.6 ms]
      [Choose CSet: 0.0 ms]
      [Ref Proc: 0.1 ms]
      [Ref Enq: 0.0 ms]
      [Redirty Cards: 0.1 ms]
      [Humongous Register: 0.0 ms]
      [Humongous Reclaim: 0.0 ms]
      [Free CSet: 0.3 ms]
   [Eden: 612.0M(612.0M)->0.0B(612.0M) Survivors: 2048.0K->2048.0K Heap: 618.9M(1024.0M)->7129.8K(1024.0M)]
 [Times: user=0.00 sys=0.00, real=0.00 secs] 
2024-10-11T08:49:18.365+0300: 938.739: Total time for which application threads were stopped: 0.0018611 seconds, Stopping threads took: 0.0001878 seconds
2024-10-11T08:49:20.420+0300: 940.797: Application time: 2.0580208 seconds
2024-10-11T08:49:20.420+0300: 940.797: [GC pause (G1 Evacuation Pause) (young), 0.0013390 secs]
   [Parallel Time: 0.6 ms, GC Workers: 6]
      [GC Worker Start (ms): Min: 940797.4, Avg: 940797.5, Max: 940797.5, Diff: 0.1]
      [Ext Root Scanning (ms): Min: 0.2, Avg: 0.2, Max: 0.3, Diff: 0.1, Sum: 1.5]
      [Update RS (ms): Min: 0.0, Avg: 0.0, Max: 0.0, Diff: 0.0, Sum: 0.1]
         [Processed Buffers: Min: 0, Avg: 0.8, Max: 1, Diff: 1, Sum: 5]
      [Scan RS (ms): Min: 0.1, Avg: 0.1, Max: 0.1, Diff: 0.0, Sum: 0.6]
      [Code Root Scanning (ms): Min: 0.0, Avg: 0.0, Max: 0.0, Diff: 0.0, Sum: 0.0]
      [Object Copy (ms): Min: 0.1, Avg: 0.1, Max: 0.1, Diff: 0.0, Sum: 0.8]
      [Termination (ms): Min: 0.0, Avg: 0.0, Max: 0.0, Diff: 0.0, Sum: 0.1]
         [Termination Attempts: Min: 1, Avg: 1.0, Max: 1, Diff: 0, Sum: 6]
      [GC Worker Other (ms): Min: 0.0, Avg: 0.0, Max: 0.0, Diff: 0.0, Sum: 0.1]
      [GC Worker Total (ms): Min: 0.5, Avg: 0.5, Max: 0.5, Diff: 0.1, Sum: 3.1]
      [GC Worker End (ms): Min: 940798.0, Avg: 940798.0, Max: 940798.0, Diff: 0.0]
   [Code Root Fixup: 0.0 ms]
   [Code Root Purge: 0.0 ms]
   [Clear CT: 0.2 ms]
   [Other: 0.6 ms]
      [Choose CSet: 0.0 ms]
      [Ref Proc: 0.1 ms]
      [Ref Enq: 0.0 ms]
      [Redirty Cards: 0.1 ms]
      [Humongous Register: 0.0 ms]
      [Humongous Reclaim: 0.0 ms]
      [Free CSet: 0.3 ms]
   [Eden: 612.0M(612.0M)->0.0B(612.0M) Survivors: 2048.0K->2048.0K Heap: 619.0M(1024.0M)->7142.4K(1024.0M)]
 [Times: user=0.00 sys=0.00, real=0.00 secs] 
2024-10-11T08:49:20.420+0300: 940.799: Total time for which application threads were stopped: 0.0017248 seconds, Stopping threads took: 0.0001958 seconds
2024-10-11T08:49:22.464+0300: 942.843: Application time: 2.0446621 seconds
2024-10-11T08:49:22.464+0300: 942.844: [GC pause (G1 Evacuation Pause) (young), 0.0014731 secs]
   [Parallel Time: 0.6 ms, GC Workers: 6]
      [GC Worker Start (ms): Min: 942843.8, Avg: 942843.8, Max: 942843.9, Diff: 0.0]
      [Ext Root Scanning (ms): Min: 0.2, Avg: 0.2, Max: 0.3, Diff: 0.0, Sum: 1.5]
      [Update RS (ms): Min: 0.0, Avg: 0.0, Max: 0.0, Diff: 0.0, Sum: 0.1]
         [Processed Buffers: Min: 0, Avg: 1.0, Max: 2, Diff: 2, Sum: 6]
      [Scan RS (ms): Min: 0.1, Avg: 0.1, Max: 0.1, Diff: 0.0, Sum: 0.6]
      [Code Root Scanning (ms): Min: 0.0, Avg: 0.0, Max: 0.0, Diff: 0.0, Sum: 0.0]
      [Object Copy (ms): Min: 0.1, Avg: 0.1, Max: 0.2, Diff: 0.1, Sum: 0.8]
      [Termination (ms): Min: 0.0, Avg: 0.0, Max: 0.0, Diff: 0.0, Sum: 0.1]
         [Termination Attempts: Min: 1, Avg: 1.0, Max: 1, Diff: 0, Sum: 6]
      [GC Worker Other (ms): Min: 0.0, Avg: 0.0, Max: 0.0, Diff: 0.0, Sum: 0.1]
      [GC Worker Total (ms): Min: 0.5, Avg: 0.5, Max: 0.5, Diff: 0.0, Sum: 3.1]
      [GC Worker End (ms): Min: 942844.4, Avg: 942844.4, Max: 942844.4, Diff: 0.0]
   [Code Root Fixup: 0.0 ms]
   [Code Root Purge: 0.0 ms]
   [Clear CT: 0.2 ms]
   [Other: 0.6 ms]
      [Choose CSet: 0.0 ms]
      [Ref Proc: 0.1 ms]
      [Ref Enq: 0.0 ms]
      [Redirty Cards: 0.1 ms]
      [Humongous Register: 0.0 ms]
      [Humongous Reclaim: 0.0 ms]
      [Free CSet: 0.3 ms]
   [Eden: 612.0M(612.0M)->0.0B(612.0M) Survivors: 2048.0K->2048.0K Heap: 619.0M(1024.0M)->6991.8K(1024.0M)]
 [Times: user=0.00 sys=0.00, real=0.00 secs] 
2024-10-11T08:49:22.464+0300: 942.845: Total time for which application threads were stopped: 0.0018329 seconds, Stopping threads took: 0.0001563 seconds
2024-10-11T08:49:24.501+0300: 944.888: Application time: 2.0423751 seconds
2024-10-11T08:49:24.501+0300: 944.888: [GC pause (G1 Evacuation Pause) (young), 0.0015199 secs]
   [Parallel Time: 0.7 ms, GC Workers: 6]
      [GC Worker Start (ms): Min: 944888.0, Avg: 944888.1, Max: 944888.1, Diff: 0.1]
      [Ext Root Scanning (ms): Min: 0.3, Avg: 0.3, Max: 0.4, Diff: 0.2, Sum: 1.8]
      [Update RS (ms): Min: 0.0, Avg: 0.0, Max: 0.0, Diff: 0.0, Sum: 0.1]
         [Processed Buffers: Min: 0, Avg: 1.0, Max: 2, Diff: 2, Sum: 6]
      [Scan RS (ms): Min: 0.1, Avg: 0.1, Max: 0.1, Diff: 0.1, Sum: 0.7]
      [Code Root Scanning (ms): Min: 0.0, Avg: 0.0, Max: 0.0, Diff: 0.0, Sum: 0.0]
      [Object Copy (ms): Min: 0.1, Avg: 0.1, Max: 0.2, Diff: 0.0, Sum: 0.8]
      [Termination (ms): Min: 0.0, Avg: 0.0, Max: 0.0, Diff: 0.0, Sum: 0.1]
         [Termination Attempts: Min: 1, Avg: 1.2, Max: 2, Diff: 1, Sum: 7]
      [GC Worker Other (ms): Min: 0.0, Avg: 0.0, Max: 0.0, Diff: 0.0, Sum: 0.1]
      [GC Worker Total (ms): Min: 0.6, Avg: 0.6, Max: 0.6, Diff: 0.1, Sum: 3.6]
      [GC Worker End (ms): Min: 944888.7, Avg: 944888.7, Max: 944888.7, Diff: 0.0]
   [Code Root Fixup: 0.0 ms]
   [Code Root Purge: 0.0 ms]
   [Clear CT: 0.2 ms]
   [Other: 0.7 ms]
      [Choose CSet: 0.0 ms]
      [Ref Proc: 0.1 ms]
      [Ref Enq: 0.0 ms]
      [Redirty Cards: 0.1 ms]
      [Humongous Register: 0.0 ms]
      [Humongous Reclaim: 0.0 ms]
      [Free CSet: 0.3 ms]
   [Eden: 612.0M(612.0M)->0.0B(612.0M) Survivors: 2048.0K->2048.0K Heap: 618.8M(1024.0M)->7060.4K(1024.0M)]
 [Times: user=0.02 sys=0.00, real=0.02 secs] 
2024-10-11T08:49:24.516+0300: 944.890: Total time for which application threads were stopped: 0.0019031 seconds, Stopping threads took: 0.0001926 seconds
2024-10-11T08:49:26.572+0300: 946.944: Application time: 2.0544089 seconds
2024-10-11T08:49:26.572+0300: 946.944: [GC pause (G1 Evacuation Pause) (young), 0.0015138 secs]
   [Parallel Time: 0.7 ms, GC Workers: 6]
      [GC Worker Start (ms): Min: 946944.3, Avg: 946944.4, Max: 946944.9, Diff: 0.6]
      [Ext Root Scanning (ms): Min: 0.0, Avg: 0.2, Max: 0.3, Diff: 0.3, Sum: 1.4]
      [Update RS (ms): Min: 0.0, Avg: 0.0, Max: 0.0, Diff: 0.0, Sum: 0.1]
         [Processed Buffers: Min: 0, Avg: 1.0, Max: 2, Diff: 2, Sum: 6]
      [Scan RS (ms): Min: 0.0, Avg: 0.1, Max: 0.1, Diff: 0.1, Sum: 0.6]
      [Code Root Scanning (ms): Min: 0.0, Avg: 0.0, Max: 0.0, Diff: 0.0, Sum: 0.0]
      [Object Copy (ms): Min: 0.0, Avg: 0.1, Max: 0.2, Diff: 0.2, Sum: 0.7]
      [Termination (ms): Min: 0.0, Avg: 0.0, Max: 0.0, Diff: 0.0, Sum: 0.2]
         [Termination Attempts: Min: 1, Avg: 1.0, Max: 1, Diff: 0, Sum: 6]
      [GC Worker Other (ms): Min: 0.0, Avg: 0.0, Max: 0.0, Diff: 0.0, Sum: 0.2]
      [GC Worker Total (ms): Min: 0.0, Avg: 0.5, Max: 0.7, Diff: 0.6, Sum: 3.2]
      [GC Worker End (ms): Min: 946945.0, Avg: 946945.0, Max: 946945.0, Diff: 0.0]
   [Code Root Fixup: 0.0 ms]
   [Code Root Purge: 0.0 ms]
   [Clear CT: 0.2 ms]
   [Other: 0.6 ms]
      [Choose CSet: 0.0 ms]
      [Ref Proc: 0.1 ms]
      [Ref Enq: 0.0 ms]
      [Redirty Cards: 0.1 ms]
      [Humongous Register: 0.0 ms]
      [Humongous Reclaim: 0.0 ms]
      [Free CSet: 0.3 ms]
   [Eden: 612.0M(612.0M)->0.0B(612.0M) Survivors: 2048.0K->2048.0K Heap: 618.9M(1024.0M)->7137.6K(1024.0M)]
 [Times: user=0.00 sys=0.00, real=0.00 secs] 
2024-10-11T08:49:26.572+0300: 946.946: Total time for which application threads were stopped: 0.0018550 seconds, Stopping threads took: 0.0001577 seconds
2024-10-11T08:49:28.610+0300: 948.994: Application time: 2.0483860 seconds
2024-10-11T08:49:28.610+0300: 948.994: [GC pause (G1 Evacuation Pause) (young), 0.0014000 secs]
   [Parallel Time: 0.6 ms, GC Workers: 6]
      [GC Worker Start (ms): Min: 948994.6, Avg: 948994.6, Max: 948994.6, Diff: 0.1]
      [Ext Root Scanning (ms): Min: 0.2, Avg: 0.3, Max: 0.3, Diff: 0.0, Sum: 1.6]
      [Update RS (ms): Min: 0.0, Avg: 0.0, Max: 0.0, Diff: 0.0, Sum: 0.1]
         [Processed Buffers: Min: 1, Avg: 1.2, Max: 2, Diff: 1, Sum: 7]
      [Scan RS (ms): Min: 0.1, Avg: 0.1, Max: 0.1, Diff: 0.0, Sum: 0.6]
      [Code Root Scanning (ms): Min: 0.0, Avg: 0.0, Max: 0.0, Diff: 0.0, Sum: 0.0]
      [Object Copy (ms): Min: 0.1, Avg: 0.1, Max: 0.2, Diff: 0.0, Sum: 0.8]
      [Termination (ms): Min: 0.0, Avg: 0.0, Max: 0.0, Diff: 0.0, Sum: 0.0]
         [Termination Attempts: Min: 1, Avg: 1.0, Max: 1, Diff: 0, Sum: 6]
      [GC Worker Other (ms): Min: 0.0, Avg: 0.0, Max: 0.0, Diff: 0.0, Sum: 0.1]
      [GC Worker Total (ms): Min: 0.5, Avg: 0.5, Max: 0.6, Diff: 0.0, Sum: 3.2]
      [GC Worker End (ms): Min: 948995.1, Avg: 948995.1, Max: 948995.1, Diff: 0.0]
   [Code Root Fixup: 0.0 ms]
   [Code Root Purge: 0.0 ms]
   [Clear CT: 0.2 ms]
   [Other: 0.6 ms]
      [Choose CSet: 0.0 ms]
      [Ref Proc: 0.1 ms]
      [Ref Enq: 0.0 ms]
      [Redirty Cards: 0.1 ms]
      [Humongous Register: 0.0 ms]
      [Humongous Reclaim: 0.0 ms]
      [Free CSet: 0.3 ms]
   [Eden: 612.0M(612.0M)->0.0B(612.0M) Survivors: 2048.0K->2048.0K Heap: 619.0M(1024.0M)->7181.6K(1024.0M)]
 [Times: user=0.00 sys=0.00, real=0.00 secs] 
2024-10-11T08:49:28.610+0300: 948.996: Total time for which application threads were stopped: 0.0017640 seconds, Stopping threads took: 0.0001804 seconds
2024-10-11T08:49:30.666+0300: 951.050: Application time: 2.0540907 seconds
2024-10-11T08:49:30.666+0300: 951.050: [GC pause (G1 Evacuation Pause) (young), 0.0014797 secs]
   [Parallel Time: 0.6 ms, GC Workers: 6]
      [GC Worker Start (ms): Min: 951050.4, Avg: 951050.4, Max: 951050.4, Diff: 0.1]
      [Ext Root Scanning (ms): Min: 0.2, Avg: 0.2, Max: 0.3, Diff: 0.1, Sum: 1.5]
      [Update RS (ms): Min: 0.0, Avg: 0.0, Max: 0.0, Diff: 0.0, Sum: 0.1]
         [Processed Buffers: Min: 0, Avg: 1.2, Max: 3, Diff: 3, Sum: 7]
      [Scan RS (ms): Min: 0.1, Avg: 0.1, Max: 0.1, Diff: 0.0, Sum: 0.6]
      [Code Root Scanning (ms): Min: 0.0, Avg: 0.0, Max: 0.0, Diff: 0.0, Sum: 0.0]
      [Object Copy (ms): Min: 0.1, Avg: 0.1, Max: 0.2, Diff: 0.1, Sum: 0.8]
      [Termination (ms): Min: 0.0, Avg: 0.0, Max: 0.0, Diff: 0.0, Sum: 0.0]
         [Termination Attempts: Min: 1, Avg: 1.0, Max: 1, Diff: 0, Sum: 6]
      [GC Worker Other (ms): Min: 0.0, Avg: 0.0, Max: 0.0, Diff: 0.0, Sum: 0.2]
      [GC Worker Total (ms): Min: 0.5, Avg: 0.5, Max: 0.6, Diff: 0.0, Sum: 3.2]
      [GC Worker End (ms): Min: 951050.9, Avg: 951050.9, Max: 951050.9, Diff: 0.0]
   [Code Root Fixup: 0.0 ms]
   [Code Root Purge: 0.0 ms]
   [Clear CT: 0.2 ms]
   [Other: 0.7 ms]
      [Choose CSet: 0.0 ms]
      [Ref Proc: 0.1 ms]
      [Ref Enq: 0.0 ms]
      [Redirty Cards: 0.1 ms]
      [Humongous Register: 0.0 ms]
      [Humongous Reclaim: 0.0 ms]
      [Free CSet: 0.3 ms]
   [Eden: 612.0M(612.0M)->0.0B(612.0M) Survivors: 2048.0K->2048.0K Heap: 619.0M(1024.0M)->7154.4K(1024.0M)]
 [Times: user=0.00 sys=0.00, real=0.01 secs] 
2024-10-11T08:49:30.680+0300: 951.052: Total time for which application threads were stopped: 0.0017736 seconds, Stopping threads took: 0.0001167 seconds
2024-10-11T08:49:32.722+0300: 953.102: Application time: 2.0500349 seconds
2024-10-11T08:49:32.722+0300: 953.102: [GC pause (G1 Evacuation Pause) (young), 0.0015134 secs]
   [Parallel Time: 0.7 ms, GC Workers: 6]
      [GC Worker Start (ms): Min: 953102.2, Avg: 953102.2, Max: 953102.3, Diff: 0.1]
      [Ext Root Scanning (ms): Min: 0.2, Avg: 0.3, Max: 0.3, Diff: 0.1, Sum: 1.6]
      [Update RS (ms): Min: 0.0, Avg: 0.0, Max: 0.0, Diff: 0.0, Sum: 0.1]
         [Processed Buffers: Min: 0, Avg: 1.0, Max: 2, Diff: 2, Sum: 6]
      [Scan RS (ms): Min: 0.1, Avg: 0.1, Max: 0.1, Diff: 0.0, Sum: 0.6]
      [Code Root Scanning (ms): Min: 0.0, Avg: 0.0, Max: 0.0, Diff: 0.0, Sum: 0.0]
      [Object Copy (ms): Min: 0.1, Avg: 0.1, Max: 0.2, Diff: 0.1, Sum: 0.8]
      [Termination (ms): Min: 0.0, Avg: 0.0, Max: 0.0, Diff: 0.0, Sum: 0.0]
         [Termination Attempts: Min: 1, Avg: 1.0, Max: 1, Diff: 0, Sum: 6]
      [GC Worker Other (ms): Min: 0.0, Avg: 0.0, Max: 0.1, Diff: 0.0, Sum: 0.2]
      [GC Worker Total (ms): Min: 0.5, Avg: 0.6, Max: 0.6, Diff: 0.1, Sum: 3.4]
      [GC Worker End (ms): Min: 953102.8, Avg: 953102.8, Max: 953102.8, Diff: 0.0]
   [Code Root Fixup: 0.0 ms]
   [Code Root Purge: 0.0 ms]
   [Clear CT: 0.2 ms]
   [Other: 0.7 ms]
      [Choose CSet: 0.0 ms]
      [Ref Proc: 0.1 ms]
      [Ref Enq: 0.0 ms]
      [Redirty Cards: 0.1 ms]
      [Humongous Register: 0.0 ms]
      [Humongous Reclaim: 0.0 ms]
      [Free CSet: 0.3 ms]
   [Eden: 612.0M(612.0M)->0.0B(612.0M) Survivors: 2048.0K->2048.0K Heap: 619.0M(1024.0M)->7095.6K(1024.0M)]
 [Times: user=0.00 sys=0.00, real=0.00 secs] 
2024-10-11T08:49:32.722+0300: 953.104: Total time for which application threads were stopped: 0.0019117 seconds, Stopping threads took: 0.0001390 seconds
2024-10-11T08:49:34.778+0300: 955.150: Application time: 2.0458526 seconds
2024-10-11T08:49:34.778+0300: 955.150: [GC pause (G1 Evacuation Pause) (young), 0.0014043 secs]
   [Parallel Time: 0.6 ms, GC Workers: 6]
      [GC Worker Start (ms): Min: 955150.1, Avg: 955150.1, Max: 955150.1, Diff: 0.1]
      [Ext Root Scanning (ms): Min: 0.2, Avg: 0.3, Max: 0.3, Diff: 0.1, Sum: 1.5]
      [Update RS (ms): Min: 0.0, Avg: 0.0, Max: 0.0, Diff: 0.0, Sum: 0.1]
         [Processed Buffers: Min: 0, Avg: 1.0, Max: 3, Diff: 3, Sum: 6]
      [Scan RS (ms): Min: 0.1, Avg: 0.1, Max: 0.1, Diff: 0.0, Sum: 0.6]
      [Code Root Scanning (ms): Min: 0.0, Avg: 0.0, Max: 0.0, Diff: 0.0, Sum: 0.0]
      [Object Copy (ms): Min: 0.1, Avg: 0.1, Max: 0.2, Diff: 0.1, Sum: 0.7]
      [Termination (ms): Min: 0.0, Avg: 0.0, Max: 0.0, Diff: 0.0, Sum: 0.1]
         [Termination Attempts: Min: 1, Avg: 1.0, Max: 1, Diff: 0, Sum: 6]
      [GC Worker Other (ms): Min: 0.0, Avg: 0.0, Max: 0.0, Diff: 0.0, Sum: 0.1]
      [GC Worker Total (ms): Min: 0.5, Avg: 0.5, Max: 0.6, Diff: 0.1, Sum: 3.2]
      [GC Worker End (ms): Min: 955150.6, Avg: 955150.6, Max: 955150.6, Diff: 0.0]
   [Code Root Fixup: 0.0 ms]
   [Code Root Purge: 0.0 ms]
   [Clear CT: 0.2 ms]
   [Other: 0.6 ms]
      [Choose CSet: 0.0 ms]
      [Ref Proc: 0.1 ms]
      [Ref Enq: 0.0 ms]
      [Redirty Cards: 0.1 ms]
      [Humongous Register: 0.0 ms]
      [Humongous Reclaim: 0.0 ms]
      [Free CSet: 0.3 ms]
   [Eden: 612.0M(612.0M)->0.0B(612.0M) Survivors: 2048.0K->2048.0K Heap: 618.9M(1024.0M)->7098.1K(1024.0M)]
 [Times: user=0.00 sys=0.00, real=0.00 secs] 
2024-10-11T08:49:34.778+0300: 955.152: Total time for which application threads were stopped: 0.0018096 seconds, Stopping threads took: 0.0002153 seconds
2024-10-11T08:49:36.819+0300: 957.198: Application time: 2.0462845 seconds
2024-10-11T08:49:36.819+0300: 957.198: [GC pause (G1 Evacuation Pause) (young), 0.0015634 secs]
   [Parallel Time: 0.7 ms, GC Workers: 6]
      [GC Worker Start (ms): Min: 957198.1, Avg: 957198.2, Max: 957198.7, Diff: 0.6]
      [Ext Root Scanning (ms): Min: 0.0, Avg: 0.2, Max: 0.3, Diff: 0.3, Sum: 1.4]
      [Update RS (ms): Min: 0.0, Avg: 0.0, Max: 0.0, Diff: 0.0, Sum: 0.1]
         [Processed Buffers: Min: 0, Avg: 1.2, Max: 2, Diff: 2, Sum: 7]
      [Scan RS (ms): Min: 0.0, Avg: 0.1, Max: 0.1, Diff: 0.1, Sum: 0.6]
      [Code Root Scanning (ms): Min: 0.0, Avg: 0.0, Max: 0.0, Diff: 0.0, Sum: 0.0]
      [Object Copy (ms): Min: 0.0, Avg: 0.1, Max: 0.1, Diff: 0.1, Sum: 0.7]
      [Termination (ms): Min: 0.0, Avg: 0.0, Max: 0.0, Diff: 0.0, Sum: 0.2]
         [Termination Attempts: Min: 1, Avg: 1.0, Max: 1, Diff: 0, Sum: 6]
      [GC Worker Other (ms): Min: 0.0, Avg: 0.0, Max: 0.0, Diff: 0.0, Sum: 0.1]
      [GC Worker Total (ms): Min: 0.0, Avg: 0.5, Max: 0.6, Diff: 0.6, Sum: 3.1]
      [GC Worker End (ms): Min: 957198.7, Avg: 957198.7, Max: 957198.7, Diff: 0.0]
   [Code Root Fixup: 0.0 ms]
   [Code Root Purge: 0.0 ms]
   [Clear CT: 0.2 ms]
   [Other: 0.7 ms]
      [Choose CSet: 0.0 ms]
      [Ref Proc: 0.2 ms]
      [Ref Enq: 0.0 ms]
      [Redirty Cards: 0.1 ms]
      [Humongous Register: 0.0 ms]
      [Humongous Reclaim: 0.0 ms]
      [Free CSet: 0.3 ms]
   [Eden: 612.0M(612.0M)->0.0B(612.0M) Survivors: 2048.0K->2048.0K Heap: 618.9M(1024.0M)->7068.2K(1024.0M)]
 [Times: user=0.00 sys=0.00, real=0.00 secs] 
2024-10-11T08:49:36.819+0300: 957.200: Total time for which application threads were stopped: 0.0019180 seconds, Stopping threads took: 0.0001562 seconds
2024-10-11T08:49:38.873+0300: 959.250: Application time: 2.0500294 seconds
2024-10-11T08:49:38.873+0300: 959.250: [GC pause (G1 Evacuation Pause) (young), 0.0015645 secs]
   [Parallel Time: 0.7 ms, GC Workers: 6]
      [GC Worker Start (ms): Min: 959250.0, Avg: 959250.1, Max: 959250.6, Diff: 0.6]
      [Ext Root Scanning (ms): Min: 0.0, Avg: 0.2, Max: 0.3, Diff: 0.3, Sum: 1.3]
      [Update RS (ms): Min: 0.0, Avg: 0.0, Max: 0.0, Diff: 0.0, Sum: 0.1]
         [Processed Buffers: Min: 0, Avg: 1.0, Max: 2, Diff: 2, Sum: 6]
      [Scan RS (ms): Min: 0.0, Avg: 0.1, Max: 0.1, Diff: 0.1, Sum: 0.5]
      [Code Root Scanning (ms): Min: 0.0, Avg: 0.0, Max: 0.0, Diff: 0.0, Sum: 0.0]
      [Object Copy (ms): Min: 0.0, Avg: 0.1, Max: 0.1, Diff: 0.1, Sum: 0.6]
      [Termination (ms): Min: 0.0, Avg: 0.0, Max: 0.1, Diff: 0.1, Sum: 0.2]
         [Termination Attempts: Min: 1, Avg: 1.0, Max: 1, Diff: 0, Sum: 6]
      [GC Worker Other (ms): Min: 0.0, Avg: 0.0, Max: 0.0, Diff: 0.0, Sum: 0.1]
      [GC Worker Total (ms): Min: 0.0, Avg: 0.5, Max: 0.6, Diff: 0.6, Sum: 2.8]
      [GC Worker End (ms): Min: 959250.6, Avg: 959250.6, Max: 959250.6, Diff: 0.0]
   [Code Root Fixup: 0.0 ms]
   [Code Root Purge: 0.0 ms]
   [Clear CT: 0.2 ms]
   [Other: 0.6 ms]
      [Choose CSet: 0.0 ms]
      [Ref Proc: 0.1 ms]
      [Ref Enq: 0.0 ms]
      [Redirty Cards: 0.1 ms]
      [Humongous Register: 0.0 ms]
      [Humongous Reclaim: 0.0 ms]
      [Free CSet: 0.3 ms]
   [Eden: 612.0M(612.0M)->0.0B(612.0M) Survivors: 2048.0K->2048.0K Heap: 618.9M(1024.0M)->7070.7K(1024.0M)]
 [Times: user=0.00 sys=0.00, real=0.00 secs] 
2024-10-11T08:49:38.873+0300: 959.252: Total time for which application threads were stopped: 0.0018596 seconds, Stopping threads took: 0.0001098 seconds
2024-10-11T08:49:40.930+0300: 961.310: Application time: 2.0579339 seconds
2024-10-11T08:49:40.930+0300: 961.310: [GC pause (G1 Evacuation Pause) (young), 0.0014183 secs]
   [Parallel Time: 0.6 ms, GC Workers: 6]
      [GC Worker Start (ms): Min: 961309.8, Avg: 961309.8, Max: 961309.9, Diff: 0.0]
      [Ext Root Scanning (ms): Min: 0.2, Avg: 0.2, Max: 0.3, Diff: 0.0, Sum: 1.4]
      [Update RS (ms): Min: 0.0, Avg: 0.0, Max: 0.0, Diff: 0.0, Sum: 0.1]
         [Processed Buffers: Min: 0, Avg: 1.0, Max: 2, Diff: 2, Sum: 6]
      [Scan RS (ms): Min: 0.1, Avg: 0.1, Max: 0.1, Diff: 0.0, Sum: 0.6]
      [Code Root Scanning (ms): Min: 0.0, Avg: 0.0, Max: 0.0, Diff: 0.0, Sum: 0.0]
      [Object Copy (ms): Min: 0.1, Avg: 0.1, Max: 0.1, Diff: 0.1, Sum: 0.6]
      [Termination (ms): Min: 0.0, Avg: 0.0, Max: 0.0, Diff: 0.0, Sum: 0.1]
         [Termination Attempts: Min: 1, Avg: 1.0, Max: 1, Diff: 0, Sum: 6]
      [GC Worker Other (ms): Min: 0.0, Avg: 0.0, Max: 0.0, Diff: 0.0, Sum: 0.1]
      [GC Worker Total (ms): Min: 0.5, Avg: 0.5, Max: 0.5, Diff: 0.0, Sum: 3.0]
      [GC Worker End (ms): Min: 961310.3, Avg: 961310.3, Max: 961310.4, Diff: 0.0]
   [Code Root Fixup: 0.0 ms]
   [Code Root Purge: 0.0 ms]
   [Clear CT: 0.2 ms]
   [Other: 0.7 ms]
      [Choose CSet: 0.0 ms]
      [Ref Proc: 0.1 ms]
      [Ref Enq: 0.0 ms]
      [Redirty Cards: 0.1 ms]
      [Humongous Register: 0.0 ms]
      [Humongous Reclaim: 0.0 ms]
      [Free CSet: 0.3 ms]
   [Eden: 612.0M(612.0M)->0.0B(612.0M) Survivors: 2048.0K->2048.0K Heap: 618.9M(1024.0M)->7168.8K(1024.0M)]
 [Times: user=0.00 sys=0.00, real=0.00 secs] 
2024-10-11T08:49:40.930+0300: 961.311: Total time for which application threads were stopped: 0.0017553 seconds, Stopping threads took: 0.0001183 seconds
2024-10-11T08:49:42.985+0300: 963.368: Application time: 2.0564251 seconds
2024-10-11T08:49:42.985+0300: 963.368: [GC pause (G1 Evacuation Pause) (young), 0.0014568 secs]
   [Parallel Time: 0.6 ms, GC Workers: 6]
      [GC Worker Start (ms): Min: 963368.0, Avg: 963368.1, Max: 963368.1, Diff: 0.0]
      [Ext Root Scanning (ms): Min: 0.2, Avg: 0.2, Max: 0.3, Diff: 0.0, Sum: 1.4]
      [Update RS (ms): Min: 0.0, Avg: 0.0, Max: 0.0, Diff: 0.0, Sum: 0.1]
         [Processed Buffers: Min: 0, Avg: 1.0, Max: 2, Diff: 2, Sum: 6]
      [Scan RS (ms): Min: 0.1, Avg: 0.1, Max: 0.1, Diff: 0.0, Sum: 0.6]
      [Code Root Scanning (ms): Min: 0.0, Avg: 0.0, Max: 0.0, Diff: 0.0, Sum: 0.0]
      [Object Copy (ms): Min: 0.1, Avg: 0.1, Max: 0.1, Diff: 0.0, Sum: 0.7]
      [Termination (ms): Min: 0.0, Avg: 0.0, Max: 0.0, Diff: 0.0, Sum: 0.1]
         [Termination Attempts: Min: 1, Avg: 1.0, Max: 1, Diff: 0, Sum: 6]
      [GC Worker Other (ms): Min: 0.0, Avg: 0.0, Max: 0.0, Diff: 0.0, Sum: 0.1]
      [GC Worker Total (ms): Min: 0.5, Avg: 0.5, Max: 0.5, Diff: 0.0, Sum: 3.0]
      [GC Worker End (ms): Min: 963368.6, Avg: 963368.6, Max: 963368.6, Diff: 0.0]
   [Code Root Fixup: 0.0 ms]
   [Code Root Purge: 0.0 ms]
   [Clear CT: 0.2 ms]
   [Other: 0.7 ms]
      [Choose CSet: 0.0 ms]
      [Ref Proc: 0.1 ms]
      [Ref Enq: 0.0 ms]
      [Redirty Cards: 0.1 ms]
      [Humongous Register: 0.0 ms]
      [Humongous Reclaim: 0.0 ms]
      [Free CSet: 0.3 ms]
   [Eden: 612.0M(612.0M)->0.0B(612.0M) Survivors: 2048.0K->2048.0K Heap: 619.0M(1024.0M)->7075.5K(1024.0M)]
 [Times: user=0.00 sys=0.00, real=0.00 secs] 
2024-10-11T08:49:42.985+0300: 963.370: Total time for which application threads were stopped: 0.0018307 seconds, Stopping threads took: 0.0001563 seconds
2024-10-11T08:49:45.056+0300: 965.434: Application time: 2.0647614 seconds
2024-10-11T08:49:45.056+0300: 965.434: [GC pause (G1 Evacuation Pause) (young), 0.0014438 secs]
   [Parallel Time: 0.6 ms, GC Workers: 6]
      [GC Worker Start (ms): Min: 965434.6, Avg: 965434.6, Max: 965434.6, Diff: 0.1]
      [Ext Root Scanning (ms): Min: 0.2, Avg: 0.2, Max: 0.3, Diff: 0.0, Sum: 1.4]
      [Update RS (ms): Min: 0.0, Avg: 0.0, Max: 0.0, Diff: 0.0, Sum: 0.1]
         [Processed Buffers: Min: 0, Avg: 1.0, Max: 2, Diff: 2, Sum: 6]
      [Scan RS (ms): Min: 0.1, Avg: 0.1, Max: 0.1, Diff: 0.0, Sum: 0.6]
      [Code Root Scanning (ms): Min: 0.0, Avg: 0.0, Max: 0.0, Diff: 0.0, Sum: 0.0]
      [Object Copy (ms): Min: 0.1, Avg: 0.1, Max: 0.1, Diff: 0.0, Sum: 0.8]
      [Termination (ms): Min: 0.0, Avg: 0.0, Max: 0.0, Diff: 0.0, Sum: 0.0]
         [Termination Attempts: Min: 1, Avg: 1.0, Max: 1, Diff: 0, Sum: 6]
      [GC Worker Other (ms): Min: 0.0, Avg: 0.0, Max: 0.1, Diff: 0.0, Sum: 0.3]
      [GC Worker Total (ms): Min: 0.5, Avg: 0.5, Max: 0.6, Diff: 0.0, Sum: 3.2]
      [GC Worker End (ms): Min: 965435.1, Avg: 965435.1, Max: 965435.1, Diff: 0.1]
   [Code Root Fixup: 0.0 ms]
   [Code Root Purge: 0.0 ms]
   [Clear CT: 0.2 ms]
   [Other: 0.6 ms]
      [Choose CSet: 0.0 ms]
      [Ref Proc: 0.1 ms]
      [Ref Enq: 0.0 ms]
      [Redirty Cards: 0.1 ms]
      [Humongous Register: 0.0 ms]
      [Humongous Reclaim: 0.0 ms]
      [Free CSet: 0.2 ms]
   [Eden: 612.0M(612.0M)->0.0B(612.0M) Survivors: 2048.0K->2048.0K Heap: 618.9M(1024.0M)->7171.2K(1024.0M)]
 [Times: user=0.00 sys=0.00, real=0.00 secs] 
2024-10-11T08:49:45.056+0300: 965.436: Total time for which application threads were stopped: 0.0017291 seconds, Stopping threads took: 0.0000969 seconds
2024-10-11T08:49:47.112+0300: 967.487: Application time: 2.0510451 seconds
2024-10-11T08:49:47.112+0300: 967.487: [GC pause (G1 Evacuation Pause) (young), 0.0014171 secs]
   [Parallel Time: 0.6 ms, GC Workers: 6]
      [GC Worker Start (ms): Min: 967487.4, Avg: 967487.5, Max: 967487.5, Diff: 0.0]
      [Ext Root Scanning (ms): Min: 0.2, Avg: 0.2, Max: 0.3, Diff: 0.0, Sum: 1.5]
      [Update RS (ms): Min: 0.0, Avg: 0.0, Max: 0.0, Diff: 0.0, Sum: 0.1]
         [Processed Buffers: Min: 0, Avg: 1.0, Max: 2, Diff: 2, Sum: 6]
      [Scan RS (ms): Min: 0.1, Avg: 0.1, Max: 0.1, Diff: 0.0, Sum: 0.6]
      [Code Root Scanning (ms): Min: 0.0, Avg: 0.0, Max: 0.0, Diff: 0.0, Sum: 0.0]
      [Object Copy (ms): Min: 0.1, Avg: 0.1, Max: 0.1, Diff: 0.0, Sum: 0.8]
      [Termination (ms): Min: 0.0, Avg: 0.0, Max: 0.0, Diff: 0.0, Sum: 0.0]
         [Termination Attempts: Min: 1, Avg: 1.0, Max: 1, Diff: 0, Sum: 6]
      [GC Worker Other (ms): Min: 0.0, Avg: 0.0, Max: 0.0, Diff: 0.0, Sum: 0.1]
      [GC Worker Total (ms): Min: 0.5, Avg: 0.5, Max: 0.5, Diff: 0.0, Sum: 3.0]
      [GC Worker End (ms): Min: 967488.0, Avg: 967488.0, Max: 967488.0, Diff: 0.0]
   [Code Root Fixup: 0.0 ms]
   [Code Root Purge: 0.0 ms]
   [Clear CT: 0.2 ms]
   [Other: 0.6 ms]
      [Choose CSet: 0.0 ms]
      [Ref Proc: 0.1 ms]
      [Ref Enq: 0.0 ms]
      [Redirty Cards: 0.1 ms]
      [Humongous Register: 0.0 ms]
      [Humongous Reclaim: 0.0 ms]
      [Free CSet: 0.3 ms]
   [Eden: 612.0M(612.0M)->0.0B(612.0M) Survivors: 2048.0K->2048.0K Heap: 619.0M(1024.0M)->7175.4K(1024.0M)]
 [Times: user=0.00 sys=0.00, real=0.00 secs] 
2024-10-11T08:49:47.112+0300: 967.489: Total time for which application threads were stopped: 0.0017979 seconds, Stopping threads took: 0.0001895 seconds
2024-10-11T08:49:49.152+0300: 969.536: Application time: 2.0468584 seconds
2024-10-11T08:49:49.152+0300: 969.536: [GC pause (G1 Evacuation Pause) (young), 0.0015079 secs]
   [Parallel Time: 0.7 ms, GC Workers: 6]
      [GC Worker Start (ms): Min: 969536.1, Avg: 969536.1, Max: 969536.2, Diff: 0.1]
      [Ext Root Scanning (ms): Min: 0.2, Avg: 0.3, Max: 0.3, Diff: 0.1, Sum: 1.6]
      [Update RS (ms): Min: 0.0, Avg: 0.0, Max: 0.0, Diff: 0.0, Sum: 0.1]
         [Processed Buffers: Min: 0, Avg: 1.0, Max: 3, Diff: 3, Sum: 6]
      [Scan RS (ms): Min: 0.0, Avg: 0.1, Max: 0.1, Diff: 0.1, Sum: 0.5]
      [Code Root Scanning (ms): Min: 0.0, Avg: 0.0, Max: 0.0, Diff: 0.0, Sum: 0.0]
      [Object Copy (ms): Min: 0.1, Avg: 0.2, Max: 0.2, Diff: 0.1, Sum: 1.0]
      [Termination (ms): Min: 0.0, Avg: 0.0, Max: 0.0, Diff: 0.0, Sum: 0.1]
         [Termination Attempts: Min: 1, Avg: 1.0, Max: 1, Diff: 0, Sum: 6]
      [GC Worker Other (ms): Min: 0.0, Avg: 0.0, Max: 0.0, Diff: 0.0, Sum: 0.2]
      [GC Worker Total (ms): Min: 0.6, Avg: 0.6, Max: 0.6, Diff: 0.0, Sum: 3.4]
      [GC Worker End (ms): Min: 969536.7, Avg: 969536.7, Max: 969536.7, Diff: 0.0]
   [Code Root Fixup: 0.0 ms]
   [Code Root Purge: 0.0 ms]
   [Clear CT: 0.2 ms]
   [Other: 0.7 ms]
      [Choose CSet: 0.0 ms]
      [Ref Proc: 0.1 ms]
      [Ref Enq: 0.0 ms]
      [Redirty Cards: 0.1 ms]
      [Humongous Register: 0.0 ms]
      [Humongous Reclaim: 0.0 ms]
      [Free CSet: 0.3 ms]
   [Eden: 612.0M(612.0M)->0.0B(612.0M) Survivors: 2048.0K->2048.0K Heap: 619.0M(1024.0M)->7178.5K(1024.0M)]
 [Times: user=0.02 sys=0.00, real=0.00 secs] 
2024-10-11T08:49:49.152+0300: 969.538: Total time for which application threads were stopped: 0.0018653 seconds, Stopping threads took: 0.0001460 seconds
2024-10-11T08:49:51.217+0300: 971.593: Application time: 2.0556651 seconds
2024-10-11T08:49:51.217+0300: 971.594: [GC pause (G1 Evacuation Pause) (young), 0.0014539 secs]
   [Parallel Time: 0.6 ms, GC Workers: 6]
      [GC Worker Start (ms): Min: 971593.6, Avg: 971593.6, Max: 971593.6, Diff: 0.1]
      [Ext Root Scanning (ms): Min: 0.2, Avg: 0.3, Max: 0.3, Diff: 0.1, Sum: 1.5]
      [Update RS (ms): Min: 0.0, Avg: 0.0, Max: 0.0, Diff: 0.0, Sum: 0.1]
         [Processed Buffers: Min: 0, Avg: 0.7, Max: 1, Diff: 1, Sum: 4]
      [Scan RS (ms): Min: 0.1, Avg: 0.1, Max: 0.1, Diff: 0.0, Sum: 0.5]
      [Code Root Scanning (ms): Min: 0.0, Avg: 0.0, Max: 0.0, Diff: 0.0, Sum: 0.0]
      [Object Copy (ms): Min: 0.1, Avg: 0.1, Max: 0.2, Diff: 0.1, Sum: 0.9]
      [Termination (ms): Min: 0.0, Avg: 0.0, Max: 0.0, Diff: 0.0, Sum: 0.0]
         [Termination Attempts: Min: 1, Avg: 1.0, Max: 1, Diff: 0, Sum: 6]
      [GC Worker Other (ms): Min: 0.0, Avg: 0.0, Max: 0.1, Diff: 0.0, Sum: 0.2]
      [GC Worker Total (ms): Min: 0.5, Avg: 0.5, Max: 0.6, Diff: 0.1, Sum: 3.2]
      [GC Worker End (ms): Min: 971594.1, Avg: 971594.1, Max: 971594.2, Diff: 0.0]
   [Code Root Fixup: 0.0 ms]
   [Code Root Purge: 0.0 ms]
   [Clear CT: 0.2 ms]
   [Other: 0.7 ms]
      [Choose CSet: 0.0 ms]
      [Ref Proc: 0.1 ms]
      [Ref Enq: 0.0 ms]
      [Redirty Cards: 0.1 ms]
      [Humongous Register: 0.0 ms]
      [Humongous Reclaim: 0.0 ms]
      [Free CSet: 0.3 ms]
   [Eden: 612.0M(612.0M)->0.0B(612.0M) Survivors: 2048.0K->2048.0K Heap: 619.0M(1024.0M)->6990.1K(1024.0M)]
 [Times: user=0.00 sys=0.00, real=0.01 secs] 
2024-10-11T08:49:51.223+0300: 971.595: Total time for which application threads were stopped: 0.0018022 seconds, Stopping threads took: 0.0001597 seconds
2024-10-11T08:49:53.247+0300: 973.633: Application time: 2.0374334 seconds
2024-10-11T08:49:53.247+0300: 973.633: [GC pause (G1 Evacuation Pause) (young), 0.0014436 secs]
   [Parallel Time: 0.7 ms, GC Workers: 6]
      [GC Worker Start (ms): Min: 973632.8, Avg: 973632.9, Max: 973633.2, Diff: 0.3]
      [Ext Root Scanning (ms): Min: 0.0, Avg: 0.2, Max: 0.3, Diff: 0.3, Sum: 1.4]
      [Update RS (ms): Min: 0.0, Avg: 0.0, Max: 0.0, Diff: 0.0, Sum: 0.1]
         [Processed Buffers: Min: 0, Avg: 0.8, Max: 2, Diff: 2, Sum: 5]
      [Scan RS (ms): Min: 0.1, Avg: 0.1, Max: 0.1, Diff: 0.0, Sum: 0.6]
      [Code Root Scanning (ms): Min: 0.0, Avg: 0.0, Max: 0.0, Diff: 0.0, Sum: 0.0]
      [Object Copy (ms): Min: 0.1, Avg: 0.2, Max: 0.2, Diff: 0.1, Sum: 0.9]
      [Termination (ms): Min: 0.0, Avg: 0.0, Max: 0.0, Diff: 0.0, Sum: 0.0]
         [Termination Attempts: Min: 1, Avg: 1.2, Max: 2, Diff: 1, Sum: 7]
      [GC Worker Other (ms): Min: 0.0, Avg: 0.0, Max: 0.0, Diff: 0.0, Sum: 0.2]
      [GC Worker Total (ms): Min: 0.3, Avg: 0.5, Max: 0.6, Diff: 0.3, Sum: 3.3]
      [GC Worker End (ms): Min: 973633.4, Avg: 973633.4, Max: 973633.5, Diff: 0.0]
   [Code Root Fixup: 0.0 ms]
   [Code Root Purge: 0.0 ms]
   [Clear CT: 0.2 ms]
   [Other: 0.6 ms]
      [Choose CSet: 0.0 ms]
      [Ref Proc: 0.1 ms]
      [Ref Enq: 0.0 ms]
      [Redirty Cards: 0.1 ms]
      [Humongous Register: 0.0 ms]
      [Humongous Reclaim: 0.0 ms]
      [Free CSet: 0.3 ms]
   [Eden: 612.0M(612.0M)->0.0B(612.0M) Survivors: 2048.0K->2048.0K Heap: 618.8M(1024.0M)->7098.2K(1024.0M)]
 [Times: user=0.00 sys=0.00, real=0.00 secs] 
2024-10-11T08:49:53.247+0300: 973.634: Total time for which application threads were stopped: 0.0017787 seconds, Stopping threads took: 0.0001606 seconds
2024-10-11T08:49:55.287+0300: 975.672: Application time: 2.0375572 seconds
2024-10-11T08:49:55.287+0300: 975.672: [GC pause (G1 Evacuation Pause) (young), 0.0014440 secs]
   [Parallel Time: 0.6 ms, GC Workers: 6]
      [GC Worker Start (ms): Min: 975672.1, Avg: 975672.2, Max: 975672.2, Diff: 0.1]
      [Ext Root Scanning (ms): Min: 0.2, Avg: 0.3, Max: 0.3, Diff: 0.1, Sum: 1.5]
      [Update RS (ms): Min: 0.0, Avg: 0.0, Max: 0.0, Diff: 0.0, Sum: 0.1]
         [Processed Buffers: Min: 0, Avg: 0.8, Max: 1, Diff: 1, Sum: 5]
      [Scan RS (ms): Min: 0.1, Avg: 0.1, Max: 0.1, Diff: 0.0, Sum: 0.6]
      [Code Root Scanning (ms): Min: 0.0, Avg: 0.0, Max: 0.0, Diff: 0.0, Sum: 0.0]
      [Object Copy (ms): Min: 0.1, Avg: 0.1, Max: 0.1, Diff: 0.0, Sum: 0.8]
      [Termination (ms): Min: 0.0, Avg: 0.0, Max: 0.0, Diff: 0.0, Sum: 0.1]
         [Termination Attempts: Min: 1, Avg: 1.0, Max: 1, Diff: 0, Sum: 6]
      [GC Worker Other (ms): Min: 0.0, Avg: 0.0, Max: 0.0, Diff: 0.0, Sum: 0.1]
      [GC Worker Total (ms): Min: 0.5, Avg: 0.5, Max: 0.6, Diff: 0.0, Sum: 3.3]
      [GC Worker End (ms): Min: 975672.7, Avg: 975672.7, Max: 975672.7, Diff: 0.0]
   [Code Root Fixup: 0.0 ms]
   [Code Root Purge: 0.0 ms]
   [Clear CT: 0.2 ms]
   [Other: 0.6 ms]
      [Choose CSet: 0.0 ms]
      [Ref Proc: 0.1 ms]
      [Ref Enq: 0.0 ms]
      [Redirty Cards: 0.1 ms]
      [Humongous Register: 0.0 ms]
      [Humongous Reclaim: 0.0 ms]
      [Free CSet: 0.3 ms]
   [Eden: 612.0M(612.0M)->0.0B(612.0M) Survivors: 2048.0K->2048.0K Heap: 618.9M(1024.0M)->7133.2K(1024.0M)]
 [Times: user=0.00 sys=0.00, real=0.00 secs] 
2024-10-11T08:49:55.287+0300: 975.674: Total time for which application threads were stopped: 0.0017592 seconds, Stopping threads took: 0.0001323 seconds
2024-10-11T08:49:57.329+0300: 977.712: Application time: 2.0382886 seconds
2024-10-11T08:49:57.329+0300: 977.712: [GC pause (G1 Evacuation Pause) (young), 0.0015150 secs]
   [Parallel Time: 0.7 ms, GC Workers: 6]
      [GC Worker Start (ms): Min: 977712.2, Avg: 977712.3, Max: 977712.3, Diff: 0.1]
      [Ext Root Scanning (ms): Min: 0.2, Avg: 0.2, Max: 0.3, Diff: 0.1, Sum: 1.5]
      [Update RS (ms): Min: 0.0, Avg: 0.0, Max: 0.0, Diff: 0.0, Sum: 0.1]
         [Processed Buffers: Min: 0, Avg: 0.8, Max: 2, Diff: 2, Sum: 5]
      [Scan RS (ms): Min: 0.0, Avg: 0.1, Max: 0.1, Diff: 0.1, Sum: 0.5]
      [Code Root Scanning (ms): Min: 0.0, Avg: 0.0, Max: 0.0, Diff: 0.0, Sum: 0.0]
      [Object Copy (ms): Min: 0.1, Avg: 0.2, Max: 0.3, Diff: 0.2, Sum: 1.0]
      [Termination (ms): Min: 0.0, Avg: 0.0, Max: 0.1, Diff: 0.1, Sum: 0.3]
         [Termination Attempts: Min: 1, Avg: 1.7, Max: 2, Diff: 1, Sum: 10]
      [GC Worker Other (ms): Min: 0.0, Avg: 0.0, Max: 0.0, Diff: 0.0, Sum: 0.1]
      [GC Worker Total (ms): Min: 0.6, Avg: 0.6, Max: 0.6, Diff: 0.1, Sum: 3.5]
      [GC Worker End (ms): Min: 977712.8, Avg: 977712.9, Max: 977712.9, Diff: 0.0]
   [Code Root Fixup: 0.0 ms]
   [Code Root Purge: 0.0 ms]
   [Clear CT: 0.2 ms]
   [Other: 0.7 ms]
      [Choose CSet: 0.0 ms]
      [Ref Proc: 0.2 ms]
      [Ref Enq: 0.0 ms]
      [Redirty Cards: 0.1 ms]
      [Humongous Register: 0.0 ms]
      [Humongous Reclaim: 0.0 ms]
      [Free CSet: 0.3 ms]
   [Eden: 612.0M(612.0M)->0.0B(612.0M) Survivors: 2048.0K->2048.0K Heap: 619.0M(1024.0M)->7293.9K(1024.0M)]
 [Times: user=0.00 sys=0.00, real=0.00 secs] 
2024-10-11T08:49:57.329+0300: 977.714: Total time for which application threads were stopped: 0.0018465 seconds, Stopping threads took: 0.0001316 seconds
2024-10-11T08:49:59.367+0300: 979.752: Application time: 2.0380035 seconds
2024-10-11T08:49:59.367+0300: 979.752: [GC pause (G1 Evacuation Pause) (young), 0.0018778 secs]
   [Parallel Time: 0.9 ms, GC Workers: 6]
      [GC Worker Start (ms): Min: 979752.1, Avg: 979752.2, Max: 979752.4, Diff: 0.3]
      [Ext Root Scanning (ms): Min: 0.0, Avg: 0.2, Max: 0.3, Diff: 0.3, Sum: 1.5]
      [Update RS (ms): Min: 0.0, Avg: 0.0, Max: 0.0, Diff: 0.0, Sum: 0.1]
         [Processed Buffers: Min: 0, Avg: 0.8, Max: 3, Diff: 3, Sum: 5]
      [Scan RS (ms): Min: 0.0, Avg: 0.1, Max: 0.2, Diff: 0.2, Sum: 0.8]
      [Code Root Scanning (ms): Min: 0.0, Avg: 0.0, Max: 0.0, Diff: 0.0, Sum: 0.0]
      [Object Copy (ms): Min: 0.1, Avg: 0.3, Max: 0.4, Diff: 0.3, Sum: 1.5]
      [Termination (ms): Min: 0.0, Avg: 0.0, Max: 0.1, Diff: 0.1, Sum: 0.3]
         [Termination Attempts: Min: 1, Avg: 1.3, Max: 2, Diff: 1, Sum: 8]
      [GC Worker Other (ms): Min: 0.0, Avg: 0.0, Max: 0.0, Diff: 0.0, Sum: 0.1]
      [GC Worker Total (ms): Min: 0.4, Avg: 0.7, Max: 0.8, Diff: 0.4, Sum: 4.3]
      [GC Worker End (ms): Min: 979752.9, Avg: 979752.9, Max: 979752.9, Diff: 0.0]
   [Code Root Fixup: 0.0 ms]
   [Code Root Purge: 0.0 ms]
   [Clear CT: 0.2 ms]
   [Other: 0.8 ms]
      [Choose CSet: 0.0 ms]
      [Ref Proc: 0.2 ms]
      [Ref Enq: 0.0 ms]
      [Redirty Cards: 0.1 ms]
      [Humongous Register: 0.0 ms]
      [Humongous Reclaim: 0.0 ms]
      [Free CSet: 0.3 ms]
   [Eden: 612.0M(612.0M)->0.0B(612.0M) Survivors: 2048.0K->2048.0K Heap: 619.1M(1024.0M)->6998.2K(1024.0M)]
 [Times: user=0.00 sys=0.00, real=0.00 secs] 
2024-10-11T08:49:59.367+0300: 979.754: Total time for which application threads were stopped: 0.0022172 seconds, Stopping threads took: 0.0001426 seconds
2024-10-11T08:50:01.438+0300: 981.814: Application time: 2.0596124 seconds
2024-10-11T08:50:01.438+0300: 981.814: [GC pause (G1 Evacuation Pause) (young), 0.0014275 secs]
   [Parallel Time: 0.6 ms, GC Workers: 6]
      [GC Worker Start (ms): Min: 981813.9, Avg: 981814.0, Max: 981814.0, Diff: 0.1]
      [Ext Root Scanning (ms): Min: 0.2, Avg: 0.2, Max: 0.3, Diff: 0.1, Sum: 1.5]
      [Update RS (ms): Min: 0.0, Avg: 0.0, Max: 0.0, Diff: 0.0, Sum: 0.1]
         [Processed Buffers: Min: 0, Avg: 0.8, Max: 1, Diff: 1, Sum: 5]
      [Scan RS (ms): Min: 0.1, Avg: 0.1, Max: 0.1, Diff: 0.0, Sum: 0.6]
      [Code Root Scanning (ms): Min: 0.0, Avg: 0.0, Max: 0.0, Diff: 0.0, Sum: 0.0]
      [Object Copy (ms): Min: 0.1, Avg: 0.1, Max: 0.2, Diff: 0.1, Sum: 0.8]
      [Termination (ms): Min: 0.0, Avg: 0.0, Max: 0.0, Diff: 0.0, Sum: 0.1]
         [Termination Attempts: Min: 1, Avg: 1.0, Max: 1, Diff: 0, Sum: 6]
      [GC Worker Other (ms): Min: 0.0, Avg: 0.0, Max: 0.0, Diff: 0.0, Sum: 0.1]
      [GC Worker Total (ms): Min: 0.5, Avg: 0.5, Max: 0.6, Diff: 0.1, Sum: 3.1]
      [GC Worker End (ms): Min: 981814.5, Avg: 981814.5, Max: 981814.5, Diff: 0.0]
   [Code Root Fixup: 0.0 ms]
   [Code Root Purge: 0.0 ms]
   [Clear CT: 0.2 ms]
   [Other: 0.6 ms]
      [Choose CSet: 0.0 ms]
      [Ref Proc: 0.1 ms]
      [Ref Enq: 0.0 ms]
      [Redirty Cards: 0.1 ms]
      [Humongous Register: 0.0 ms]
      [Humongous Reclaim: 0.0 ms]
      [Free CSet: 0.3 ms]
   [Eden: 612.0M(612.0M)->0.0B(612.0M) Survivors: 2048.0K->2048.0K Heap: 618.8M(1024.0M)->7234.0K(1024.0M)]
 [Times: user=0.00 sys=0.00, real=0.00 secs] 
2024-10-11T08:50:01.438+0300: 981.815: Total time for which application threads were stopped: 0.0017922 seconds, Stopping threads took: 0.0001791 seconds
2024-10-11T08:50:02.945+0300: 983.321: Application time: 1.5056355 seconds
2024-10-11T08:50:02.945+0300: 983.321: Total time for which application threads were stopped: 0.0002227 seconds, Stopping threads took: 0.0001223 seconds
2024-10-11T08:50:03.918+0300: 984.291: Application time: 0.9699611 seconds
2024-10-11T08:50:03.918+0300: 984.291: Total time for which application threads were stopped: 0.0002420 seconds, Stopping threads took: 0.0002096 seconds
2024-10-11T08:50:03.950+0300: 984.333: Application time: 0.0412555 seconds
2024-10-11T08:50:03.950+0300: 984.333: [GC pause (G1 Evacuation Pause) (young), 0.0017599 secs]
   [Parallel Time: 0.8 ms, GC Workers: 6]
      [GC Worker Start (ms): Min: 984333.0, Avg: 984333.0, Max: 984333.1, Diff: 0.1]
      [Ext Root Scanning (ms): Min: 0.2, Avg: 0.3, Max: 0.3, Diff: 0.1, Sum: 1.6]
      [Update RS (ms): Min: 0.0, Avg: 0.0, Max: 0.0, Diff: 0.0, Sum: 0.1]
         [Processed Buffers: Min: 0, Avg: 1.2, Max: 2, Diff: 2, Sum: 7]
      [Scan RS (ms): Min: 0.1, Avg: 0.1, Max: 0.1, Diff: 0.0, Sum: 0.6]
      [Code Root Scanning (ms): Min: 0.0, Avg: 0.0, Max: 0.0, Diff: 0.0, Sum: 0.0]
      [Object Copy (ms): Min: 0.1, Avg: 0.1, Max: 0.2, Diff: 0.1, Sum: 0.9]
      [Termination (ms): Min: 0.0, Avg: 0.0, Max: 0.0, Diff: 0.0, Sum: 0.0]
         [Termination Attempts: Min: 1, Avg: 1.3, Max: 2, Diff: 1, Sum: 8]
      [GC Worker Other (ms): Min: 0.0, Avg: 0.0, Max: 0.1, Diff: 0.1, Sum: 0.2]
      [GC Worker Total (ms): Min: 0.5, Avg: 0.6, Max: 0.6, Diff: 0.1, Sum: 3.4]
      [GC Worker End (ms): Min: 984333.6, Avg: 984333.6, Max: 984333.6, Diff: 0.1]
   [Code Root Fixup: 0.0 ms]
   [Code Root Purge: 0.0 ms]
   [Clear CT: 0.2 ms]
   [Other: 0.8 ms]
      [Choose CSet: 0.0 ms]
      [Ref Proc: 0.2 ms]
      [Ref Enq: 0.0 ms]
      [Redirty Cards: 0.2 ms]
      [Humongous Register: 0.0 ms]
      [Humongous Reclaim: 0.0 ms]
      [Free CSet: 0.3 ms]
   [Eden: 612.0M(612.0M)->0.0B(612.0M) Survivors: 2048.0K->2048.0K Heap: 619.1M(1024.0M)->6917.7K(1024.0M)]
 [Times: user=0.00 sys=0.00, real=0.00 secs] 
2024-10-11T08:50:03.950+0300: 984.335: Total time for which application threads were stopped: 0.0020575 seconds, Stopping threads took: 0.0001078 seconds
2024-10-11T08:50:05.990+0300: 986.365: Application time: 2.0306014 seconds
2024-10-11T08:50:05.990+0300: 986.366: [GC pause (G1 Evacuation Pause) (young), 0.0014026 secs]
   [Parallel Time: 0.6 ms, GC Workers: 6]
      [GC Worker Start (ms): Min: 986365.8, Avg: 986365.8, Max: 986365.8, Diff: 0.0]
      [Ext Root Scanning (ms): Min: 0.2, Avg: 0.2, Max: 0.3, Diff: 0.0, Sum: 1.4]
      [Update RS (ms): Min: 0.0, Avg: 0.0, Max: 0.0, Diff: 0.0, Sum: 0.1]
         [Processed Buffers: Min: 0, Avg: 0.8, Max: 2, Diff: 2, Sum: 5]
      [Scan RS (ms): Min: 0.1, Avg: 0.1, Max: 0.1, Diff: 0.0, Sum: 0.6]
      [Code Root Scanning (ms): Min: 0.0, Avg: 0.0, Max: 0.0, Diff: 0.0, Sum: 0.0]
      [Object Copy (ms): Min: 0.1, Avg: 0.1, Max: 0.1, Diff: 0.1, Sum: 0.7]
      [Termination (ms): Min: 0.0, Avg: 0.0, Max: 0.0, Diff: 0.0, Sum: 0.0]
         [Termination Attempts: Min: 1, Avg: 1.0, Max: 1, Diff: 0, Sum: 6]
      [GC Worker Other (ms): Min: 0.0, Avg: 0.0, Max: 0.0, Diff: 0.0, Sum: 0.1]
      [GC Worker Total (ms): Min: 0.5, Avg: 0.5, Max: 0.5, Diff: 0.0, Sum: 2.8]
      [GC Worker End (ms): Min: 986366.3, Avg: 986366.3, Max: 986366.3, Diff: 0.0]
   [Code Root Fixup: 0.0 ms]
   [Code Root Purge: 0.0 ms]
   [Clear CT: 0.2 ms]
   [Other: 0.7 ms]
      [Choose CSet: 0.0 ms]
      [Ref Proc: 0.1 ms]
      [Ref Enq: 0.0 ms]
      [Redirty Cards: 0.1 ms]
      [Humongous Register: 0.0 ms]
      [Humongous Reclaim: 0.0 ms]
      [Free CSet: 0.2 ms]
   [Eden: 612.0M(612.0M)->0.0B(612.0M) Survivors: 2048.0K->2048.0K Heap: 618.8M(1024.0M)->7040.7K(1024.0M)]
 [Times: user=0.02 sys=0.00, real=0.00 secs] 
2024-10-11T08:50:05.990+0300: 986.367: Total time for which application threads were stopped: 0.0018017 seconds, Stopping threads took: 0.0001713 seconds
2024-10-11T08:50:08.029+0300: 988.404: Application time: 2.0367461 seconds
2024-10-11T08:50:08.029+0300: 988.404: [GC pause (G1 Evacuation Pause) (young), 0.0013848 secs]
   [Parallel Time: 0.6 ms, GC Workers: 6]
      [GC Worker Start (ms): Min: 988404.3, Avg: 988404.3, Max: 988404.3, Diff: 0.1]
      [Ext Root Scanning (ms): Min: 0.2, Avg: 0.2, Max: 0.3, Diff: 0.1, Sum: 1.4]
      [Update RS (ms): Min: 0.0, Avg: 0.0, Max: 0.0, Diff: 0.0, Sum: 0.1]
         [Processed Buffers: Min: 0, Avg: 0.8, Max: 2, Diff: 2, Sum: 5]
      [Scan RS (ms): Min: 0.1, Avg: 0.1, Max: 0.1, Diff: 0.0, Sum: 0.6]
      [Code Root Scanning (ms): Min: 0.0, Avg: 0.0, Max: 0.0, Diff: 0.0, Sum: 0.0]
      [Object Copy (ms): Min: 0.1, Avg: 0.1, Max: 0.1, Diff: 0.0, Sum: 0.7]
      [Termination (ms): Min: 0.0, Avg: 0.0, Max: 0.0, Diff: 0.0, Sum: 0.0]
         [Termination Attempts: Min: 1, Avg: 1.0, Max: 1, Diff: 0, Sum: 6]
      [GC Worker Other (ms): Min: 0.0, Avg: 0.0, Max: 0.0, Diff: 0.0, Sum: 0.1]
      [GC Worker Total (ms): Min: 0.5, Avg: 0.5, Max: 0.5, Diff: 0.1, Sum: 2.9]
      [GC Worker End (ms): Min: 988404.8, Avg: 988404.8, Max: 988404.8, Diff: 0.0]
   [Code Root Fixup: 0.0 ms]
   [Code Root Purge: 0.0 ms]
   [Clear CT: 0.2 ms]
   [Other: 0.6 ms]
      [Choose CSet: 0.0 ms]
      [Ref Proc: 0.1 ms]
      [Ref Enq: 0.0 ms]
      [Redirty Cards: 0.1 ms]
      [Humongous Register: 0.0 ms]
      [Humongous Reclaim: 0.0 ms]
      [Free CSet: 0.3 ms]
   [Eden: 612.0M(612.0M)->0.0B(612.0M) Survivors: 2048.0K->2048.0K Heap: 618.9M(1024.0M)->6986.7K(1024.0M)]
 [Times: user=0.00 sys=0.00, real=0.00 secs] 
2024-10-11T08:50:08.029+0300: 988.406: Total time for which application threads were stopped: 0.0017585 seconds, Stopping threads took: 0.0001948 seconds
2024-10-11T08:50:10.055+0300: 990.441: Application time: 2.0356192 seconds
2024-10-11T08:50:10.055+0300: 990.442: [GC pause (G1 Evacuation Pause) (young), 0.0017664 secs]
   [Parallel Time: 0.6 ms, GC Workers: 6]
      [GC Worker Start (ms): Min: 990441.6, Avg: 990441.7, Max: 990441.7, Diff: 0.1]
      [Ext Root Scanning (ms): Min: 0.2, Avg: 0.3, Max: 0.3, Diff: 0.0, Sum: 1.5]
      [Update RS (ms): Min: 0.0, Avg: 0.1, Max: 0.3, Diff: 0.3, Sum: 0.3]
         [Processed Buffers: Min: 0, Avg: 0.7, Max: 1, Diff: 1, Sum: 4]
      [Scan RS (ms): Min: 0.0, Avg: 0.1, Max: 0.1, Diff: 0.1, Sum: 0.6]
      [Code Root Scanning (ms): Min: 0.0, Avg: 0.0, Max: 0.0, Diff: 0.0, Sum: 0.0]
      [Object Copy (ms): Min: 0.0, Avg: 0.1, Max: 0.2, Diff: 0.1, Sum: 0.8]
      [Termination (ms): Min: 0.0, Avg: 0.0, Max: 0.0, Diff: 0.0, Sum: 0.2]
         [Termination Attempts: Min: 1, Avg: 1.0, Max: 1, Diff: 0, Sum: 6]
      [GC Worker Other (ms): Min: 0.0, Avg: 0.0, Max: 0.0, Diff: 0.0, Sum: 0.1]
      [GC Worker Total (ms): Min: 0.5, Avg: 0.6, Max: 0.6, Diff: 0.1, Sum: 3.5]
      [GC Worker End (ms): Min: 990442.2, Avg: 990442.2, Max: 990442.2, Diff: 0.0]
   [Code Root Fixup: 0.0 ms]
   [Code Root Purge: 0.0 ms]
   [Clear CT: 0.5 ms]
   [Other: 0.7 ms]
      [Choose CSet: 0.0 ms]
      [Ref Proc: 0.2 ms]
      [Ref Enq: 0.0 ms]
      [Redirty Cards: 0.1 ms]
      [Humongous Register: 0.0 ms]
      [Humongous Reclaim: 0.0 ms]
      [Free CSet: 0.3 ms]
   [Eden: 612.0M(612.0M)->0.0B(612.0M) Survivors: 2048.0K->2048.0K Heap: 618.8M(1024.0M)->7176.0K(1024.0M)]
 [Times: user=0.02 sys=0.00, real=0.01 secs] 
2024-10-11T08:50:10.070+0300: 990.443: Total time for which application threads were stopped: 0.0021277 seconds, Stopping threads took: 0.0001581 seconds
2024-10-11T08:50:12.110+0300: 992.484: Application time: 2.0407413 seconds
2024-10-11T08:50:12.110+0300: 992.484: [GC pause (G1 Evacuation Pause) (young), 0.0015880 secs]
   [Parallel Time: 0.7 ms, GC Workers: 6]
      [GC Worker Start (ms): Min: 992484.5, Avg: 992484.6, Max: 992484.7, Diff: 0.2]
      [Ext Root Scanning (ms): Min: 0.1, Avg: 0.2, Max: 0.3, Diff: 0.2, Sum: 1.4]
      [Update RS (ms): Min: 0.0, Avg: 0.0, Max: 0.0, Diff: 0.0, Sum: 0.1]
         [Processed Buffers: Min: 0, Avg: 0.7, Max: 1, Diff: 1, Sum: 4]
      [Scan RS (ms): Min: 0.1, Avg: 0.1, Max: 0.1, Diff: 0.0, Sum: 0.6]
      [Code Root Scanning (ms): Min: 0.0, Avg: 0.0, Max: 0.0, Diff: 0.0, Sum: 0.0]
      [Object Copy (ms): Min: 0.1, Avg: 0.1, Max: 0.2, Diff: 0.1, Sum: 0.8]
      [Termination (ms): Min: 0.0, Avg: 0.0, Max: 0.0, Diff: 0.0, Sum: 0.1]
         [Termination Attempts: Min: 1, Avg: 1.0, Max: 1, Diff: 0, Sum: 6]
      [GC Worker Other (ms): Min: 0.0, Avg: 0.0, Max: 0.1, Diff: 0.1, Sum: 0.2]
      [GC Worker Total (ms): Min: 0.4, Avg: 0.5, Max: 0.6, Diff: 0.2, Sum: 3.1]
      [GC Worker End (ms): Min: 992485.1, Avg: 992485.1, Max: 992485.1, Diff: 0.1]
   [Code Root Fixup: 0.0 ms]
   [Code Root Purge: 0.0 ms]
   [Clear CT: 0.2 ms]
   [Other: 0.7 ms]
      [Choose CSet: 0.0 ms]
      [Ref Proc: 0.2 ms]
      [Ref Enq: 0.0 ms]
      [Redirty Cards: 0.1 ms]
      [Humongous Register: 0.0 ms]
      [Humongous Reclaim: 0.0 ms]
      [Free CSet: 0.3 ms]
   [Eden: 612.0M(612.0M)->0.0B(612.0M) Survivors: 2048.0K->2048.0K Heap: 619.0M(1024.0M)->7022.3K(1024.0M)]
 [Times: user=0.00 sys=0.00, real=0.00 secs] 
2024-10-11T08:50:12.110+0300: 992.486: Total time for which application threads were stopped: 0.0019503 seconds, Stopping threads took: 0.0001562 seconds
2024-10-11T08:50:14.151+0300: 994.530: Application time: 2.0441532 seconds
2024-10-11T08:50:14.159+0300: 994.531: [GC pause (G1 Evacuation Pause) (young), 0.0013830 secs]
   [Parallel Time: 0.6 ms, GC Workers: 6]
      [GC Worker Start (ms): Min: 994530.6, Avg: 994530.7, Max: 994530.7, Diff: 0.0]
      [Ext Root Scanning (ms): Min: 0.2, Avg: 0.2, Max: 0.3, Diff: 0.0, Sum: 1.5]
      [Update RS (ms): Min: 0.0, Avg: 0.0, Max: 0.0, Diff: 0.0, Sum: 0.1]
         [Processed Buffers: Min: 0, Avg: 0.7, Max: 1, Diff: 1, Sum: 4]
      [Scan RS (ms): Min: 0.1, Avg: 0.1, Max: 0.1, Diff: 0.1, Sum: 0.6]
      [Code Root Scanning (ms): Min: 0.0, Avg: 0.0, Max: 0.0, Diff: 0.0, Sum: 0.0]
      [Object Copy (ms): Min: 0.1, Avg: 0.1, Max: 0.2, Diff: 0.1, Sum: 0.7]
      [Termination (ms): Min: 0.0, Avg: 0.0, Max: 0.0, Diff: 0.0, Sum: 0.1]
         [Termination Attempts: Min: 1, Avg: 1.0, Max: 1, Diff: 0, Sum: 6]
      [GC Worker Other (ms): Min: 0.0, Avg: 0.0, Max: 0.1, Diff: 0.0, Sum: 0.1]
      [GC Worker Total (ms): Min: 0.5, Avg: 0.5, Max: 0.5, Diff: 0.1, Sum: 3.0]
      [GC Worker End (ms): Min: 994531.1, Avg: 994531.2, Max: 994531.2, Diff: 0.0]
   [Code Root Fixup: 0.0 ms]
   [Code Root Purge: 0.0 ms]
   [Clear CT: 0.2 ms]
   [Other: 0.6 ms]
      [Choose CSet: 0.0 ms]
      [Ref Proc: 0.1 ms]
      [Ref Enq: 0.0 ms]
      [Redirty Cards: 0.1 ms]
      [Humongous Register: 0.0 ms]
      [Humongous Reclaim: 0.0 ms]
      [Free CSet: 0.3 ms]
   [Eden: 612.0M(612.0M)->0.0B(612.0M) Survivors: 2048.0K->2048.0K Heap: 618.9M(1024.0M)->7119.8K(1024.0M)]
 [Times: user=0.00 sys=0.00, real=0.00 secs] 
2024-10-11T08:50:14.159+0300: 994.532: Total time for which application threads were stopped: 0.0017736 seconds, Stopping threads took: 0.0001663 seconds
2024-10-11T08:50:16.191+0300: 996.567: Application time: 2.0348814 seconds
2024-10-11T08:50:16.191+0300: 996.567: [GC pause (G1 Evacuation Pause) (young), 0.0013814 secs]
   [Parallel Time: 0.6 ms, GC Workers: 6]
      [GC Worker Start (ms): Min: 996567.2, Avg: 996567.3, Max: 996567.3, Diff: 0.0]
      [Ext Root Scanning (ms): Min: 0.2, Avg: 0.2, Max: 0.3, Diff: 0.0, Sum: 1.4]
      [Update RS (ms): Min: 0.0, Avg: 0.0, Max: 0.0, Diff: 0.0, Sum: 0.1]
         [Processed Buffers: Min: 0, Avg: 0.7, Max: 2, Diff: 2, Sum: 4]
      [Scan RS (ms): Min: 0.1, Avg: 0.1, Max: 0.1, Diff: 0.1, Sum: 0.5]
      [Code Root Scanning (ms): Min: 0.0, Avg: 0.0, Max: 0.0, Diff: 0.0, Sum: 0.0]
      [Object Copy (ms): Min: 0.1, Avg: 0.1, Max: 0.2, Diff: 0.1, Sum: 0.8]
      [Termination (ms): Min: 0.0, Avg: 0.0, Max: 0.0, Diff: 0.0, Sum: 0.0]
         [Termination Attempts: Min: 1, Avg: 1.0, Max: 1, Diff: 0, Sum: 6]
      [GC Worker Other (ms): Min: 0.0, Avg: 0.0, Max: 0.0, Diff: 0.0, Sum: 0.1]
      [GC Worker Total (ms): Min: 0.5, Avg: 0.5, Max: 0.5, Diff: 0.1, Sum: 3.0]
      [GC Worker End (ms): Min: 996567.7, Avg: 996567.8, Max: 996567.8, Diff: 0.0]
   [Code Root Fixup: 0.0 ms]
   [Code Root Purge: 0.0 ms]
   [Clear CT: 0.2 ms]
   [Other: 0.6 ms]
      [Choose CSet: 0.0 ms]
      [Ref Proc: 0.1 ms]
      [Ref Enq: 0.0 ms]
      [Redirty Cards: 0.1 ms]
      [Humongous Register: 0.0 ms]
      [Humongous Reclaim: 0.0 ms]
      [Free CSet: 0.2 ms]
   [Eden: 612.0M(612.0M)->0.0B(612.0M) Survivors: 2048.0K->2048.0K Heap: 619.0M(1024.0M)->7254.9K(1024.0M)]
 [Times: user=0.00 sys=0.00, real=0.00 secs] 
2024-10-11T08:50:16.191+0300: 996.569: Total time for which application threads were stopped: 0.0016885 seconds, Stopping threads took: 0.0001080 seconds
2024-10-11T08:50:18.232+0300: 998.606: Application time: 2.0368620 seconds
2024-10-11T08:50:18.232+0300: 998.606: [GC pause (G1 Evacuation Pause) (young), 0.0015102 secs]
   [Parallel Time: 0.7 ms, GC Workers: 6]
      [GC Worker Start (ms): Min: 998605.9, Avg: 998605.9, Max: 998605.9, Diff: 0.1]
      [Ext Root Scanning (ms): Min: 0.2, Avg: 0.3, Max: 0.3, Diff: 0.0, Sum: 1.6]
      [Update RS (ms): Min: 0.0, Avg: 0.0, Max: 0.0, Diff: 0.0, Sum: 0.1]
         [Processed Buffers: Min: 0, Avg: 0.7, Max: 2, Diff: 2, Sum: 4]
      [Scan RS (ms): Min: 0.1, Avg: 0.1, Max: 0.1, Diff: 0.0, Sum: 0.6]
      [Code Root Scanning (ms): Min: 0.0, Avg: 0.0, Max: 0.0, Diff: 0.0, Sum: 0.0]
      [Object Copy (ms): Min: 0.1, Avg: 0.1, Max: 0.2, Diff: 0.0, Sum: 0.8]
      [Termination (ms): Min: 0.0, Avg: 0.0, Max: 0.0, Diff: 0.0, Sum: 0.1]
         [Termination Attempts: Min: 1, Avg: 1.0, Max: 1, Diff: 0, Sum: 6]
      [GC Worker Other (ms): Min: 0.0, Avg: 0.0, Max: 0.0, Diff: 0.0, Sum: 0.1]
      [GC Worker Total (ms): Min: 0.5, Avg: 0.5, Max: 0.6, Diff: 0.0, Sum: 3.3]
      [GC Worker End (ms): Min: 998606.4, Avg: 998606.4, Max: 998606.4, Diff: 0.0]
   [Code Root Fixup: 0.0 ms]
   [Code Root Purge: 0.0 ms]
   [Clear CT: 0.2 ms]
   [Other: 0.7 ms]
      [Choose CSet: 0.0 ms]
      [Ref Proc: 0.1 ms]
      [Ref Enq: 0.0 ms]
      [Redirty Cards: 0.1 ms]
      [Humongous Register: 0.0 ms]
      [Humongous Reclaim: 0.0 ms]
      [Free CSet: 0.3 ms]
   [Eden: 612.0M(612.0M)->0.0B(612.0M) Survivors: 2048.0K->2048.0K Heap: 619.1M(1024.0M)->7024.2K(1024.0M)]
 [Times: user=0.00 sys=0.00, real=0.00 secs] 
2024-10-11T08:50:18.232+0300: 998.607: Total time for which application threads were stopped: 0.0018605 seconds, Stopping threads took: 0.0001330 seconds
2024-10-11T08:50:20.272+0300: 1000.654: Application time: 2.0468579 seconds
2024-10-11T08:50:20.272+0300: 1000.654: [GC pause (G1 Evacuation Pause) (young), 0.0015627 secs]
   [Parallel Time: 0.7 ms, GC Workers: 6]
      [GC Worker Start (ms): Min: 1000654.6, Avg: 1000654.6, Max: 1000654.6, Diff: 0.1]
      [Ext Root Scanning (ms): Min: 0.3, Avg: 0.3, Max: 0.3, Diff: 0.1, Sum: 1.7]
      [Update RS (ms): Min: 0.0, Avg: 0.0, Max: 0.0, Diff: 0.0, Sum: 0.1]
         [Processed Buffers: Min: 0, Avg: 0.7, Max: 1, Diff: 1, Sum: 4]
      [Scan RS (ms): Min: 0.0, Avg: 0.1, Max: 0.1, Diff: 0.1, Sum: 0.6]
      [Code Root Scanning (ms): Min: 0.0, Avg: 0.0, Max: 0.0, Diff: 0.0, Sum: 0.0]
      [Object Copy (ms): Min: 0.1, Avg: 0.2, Max: 0.3, Diff: 0.2, Sum: 1.1]
      [Termination (ms): Min: 0.0, Avg: 0.0, Max: 0.1, Diff: 0.1, Sum: 0.2]
         [Termination Attempts: Min: 1, Avg: 2.0, Max: 4, Diff: 3, Sum: 12]
      [GC Worker Other (ms): Min: 0.0, Avg: 0.0, Max: 0.0, Diff: 0.0, Sum: 0.1]
      [GC Worker Total (ms): Min: 0.6, Avg: 0.6, Max: 0.7, Diff: 0.1, Sum: 3.9]
      [GC Worker End (ms): Min: 1000655.2, Avg: 1000655.2, Max: 1000655.2, Diff: 0.0]
   [Code Root Fixup: 0.0 ms]
   [Code Root Purge: 0.0 ms]
   [Clear CT: 0.2 ms]
   [Other: 0.7 ms]
      [Choose CSet: 0.0 ms]
      [Ref Proc: 0.1 ms]
      [Ref Enq: 0.0 ms]
      [Redirty Cards: 0.1 ms]
      [Humongous Register: 0.0 ms]
      [Humongous Reclaim: 0.0 ms]
      [Free CSet: 0.3 ms]
   [Eden: 612.0M(612.0M)->0.0B(612.0M) Survivors: 2048.0K->2048.0K Heap: 618.9M(1024.0M)->7254.6K(1024.0M)]
 [Times: user=0.00 sys=0.00, real=0.00 secs] 
2024-10-11T08:50:20.272+0300: 1000.656: Total time for which application threads were stopped: 0.0019310 seconds, Stopping threads took: 0.0001881 seconds
2024-10-11T08:50:22.326+0300: 1002.704: Application time: 2.0478541 seconds
2024-10-11T08:50:22.326+0300: 1002.704: [GC pause (G1 Evacuation Pause) (young), 0.0014172 secs]
   [Parallel Time: 0.6 ms, GC Workers: 6]
      [GC Worker Start (ms): Min: 1002704.3, Avg: 1002704.4, Max: 1002704.4, Diff: 0.1]
      [Ext Root Scanning (ms): Min: 0.2, Avg: 0.3, Max: 0.3, Diff: 0.1, Sum: 1.5]
      [Update RS (ms): Min: 0.0, Avg: 0.0, Max: 0.0, Diff: 0.0, Sum: 0.1]
         [Processed Buffers: Min: 0, Avg: 0.7, Max: 2, Diff: 2, Sum: 4]
      [Scan RS (ms): Min: 0.1, Avg: 0.1, Max: 0.1, Diff: 0.0, Sum: 0.6]
      [Code Root Scanning (ms): Min: 0.0, Avg: 0.0, Max: 0.0, Diff: 0.0, Sum: 0.0]
      [Object Copy (ms): Min: 0.1, Avg: 0.1, Max: 0.2, Diff: 0.1, Sum: 0.8]
      [Termination (ms): Min: 0.0, Avg: 0.0, Max: 0.0, Diff: 0.0, Sum: 0.0]
         [Termination Attempts: Min: 1, Avg: 1.0, Max: 1, Diff: 0, Sum: 6]
      [GC Worker Other (ms): Min: 0.0, Avg: 0.0, Max: 0.0, Diff: 0.0, Sum: 0.1]
      [GC Worker Total (ms): Min: 0.5, Avg: 0.5, Max: 0.5, Diff: 0.1, Sum: 3.1]
      [GC Worker End (ms): Min: 1002704.9, Avg: 1002704.9, Max: 1002704.9, Diff: 0.0]
   [Code Root Fixup: 0.0 ms]
   [Code Root Purge: 0.0 ms]
   [Clear CT: 0.2 ms]
   [Other: 0.6 ms]
      [Choose CSet: 0.0 ms]
      [Ref Proc: 0.2 ms]
      [Ref Enq: 0.0 ms]
      [Redirty Cards: 0.1 ms]
      [Humongous Register: 0.0 ms]
      [Humongous Reclaim: 0.0 ms]
      [Free CSet: 0.3 ms]
   [Eden: 612.0M(612.0M)->0.0B(612.0M) Survivors: 2048.0K->2048.0K Heap: 619.1M(1024.0M)->7227.1K(1024.0M)]
 [Times: user=0.00 sys=0.00, real=0.00 secs] 
2024-10-11T08:50:22.326+0300: 1002.706: Total time for which application threads were stopped: 0.0017704 seconds, Stopping threads took: 0.0001729 seconds
2024-10-11T08:50:24.366+0300: 1004.744: Application time: 2.0379477 seconds
2024-10-11T08:50:24.366+0300: 1004.744: [GC pause (G1 Evacuation Pause) (young), 0.0013284 secs]
   [Parallel Time: 0.6 ms, GC Workers: 6]
      [GC Worker Start (ms): Min: 1004744.1, Avg: 1004744.1, Max: 1004744.1, Diff: 0.1]
      [Ext Root Scanning (ms): Min: 0.2, Avg: 0.2, Max: 0.3, Diff: 0.0, Sum: 1.5]
      [Update RS (ms): Min: 0.0, Avg: 0.0, Max: 0.0, Diff: 0.0, Sum: 0.1]
         [Processed Buffers: Min: 0, Avg: 0.8, Max: 2, Diff: 2, Sum: 5]
      [Scan RS (ms): Min: 0.1, Avg: 0.1, Max: 0.1, Diff: 0.0, Sum: 0.5]
      [Code Root Scanning (ms): Min: 0.0, Avg: 0.0, Max: 0.0, Diff: 0.0, Sum: 0.0]
      [Object Copy (ms): Min: 0.1, Avg: 0.1, Max: 0.2, Diff: 0.0, Sum: 0.9]
      [Termination (ms): Min: 0.0, Avg: 0.0, Max: 0.0, Diff: 0.0, Sum: 0.0]
         [Termination Attempts: Min: 1, Avg: 1.0, Max: 1, Diff: 0, Sum: 6]
      [GC Worker Other (ms): Min: 0.0, Avg: 0.0, Max: 0.0, Diff: 0.0, Sum: 0.1]
      [GC Worker Total (ms): Min: 0.5, Avg: 0.5, Max: 0.5, Diff: 0.1, Sum: 3.1]
      [GC Worker End (ms): Min: 1004744.6, Avg: 1004744.6, Max: 1004744.6, Diff: 0.0]
   [Code Root Fixup: 0.0 ms]
   [Code Root Purge: 0.0 ms]
   [Clear CT: 0.2 ms]
   [Other: 0.6 ms]
      [Choose CSet: 0.0 ms]
      [Ref Proc: 0.1 ms]
      [Ref Enq: 0.0 ms]
      [Redirty Cards: 0.1 ms]
      [Humongous Register: 0.0 ms]
      [Humongous Reclaim: 0.0 ms]
      [Free CSet: 0.2 ms]
   [Eden: 612.0M(612.0M)->0.0B(612.0M) Survivors: 2048.0K->2048.0K Heap: 619.1M(1024.0M)->7152.7K(1024.0M)]
 [Times: user=0.00 sys=0.00, real=0.00 secs] 
2024-10-11T08:50:24.366+0300: 1004.745: Total time for which application threads were stopped: 0.0016683 seconds, Stopping threads took: 0.0001608 seconds
2024-10-11T08:50:26.406+0300: 1006.784: Application time: 2.0389648 seconds
2024-10-11T08:50:26.406+0300: 1006.785: [GC pause (G1 Evacuation Pause) (young), 0.0014625 secs]
   [Parallel Time: 0.7 ms, GC Workers: 6]
      [GC Worker Start (ms): Min: 1006784.7, Avg: 1006784.8, Max: 1006785.0, Diff: 0.3]
      [Ext Root Scanning (ms): Min: 0.0, Avg: 0.2, Max: 0.3, Diff: 0.3, Sum: 1.3]
      [Update RS (ms): Min: 0.0, Avg: 0.0, Max: 0.0, Diff: 0.0, Sum: 0.1]
         [Processed Buffers: Min: 0, Avg: 0.8, Max: 2, Diff: 2, Sum: 5]
      [Scan RS (ms): Min: 0.0, Avg: 0.1, Max: 0.1, Diff: 0.1, Sum: 0.6]
      [Code Root Scanning (ms): Min: 0.0, Avg: 0.0, Max: 0.0, Diff: 0.0, Sum: 0.0]
      [Object Copy (ms): Min: 0.1, Avg: 0.2, Max: 0.3, Diff: 0.2, Sum: 1.0]
      [Termination (ms): Min: 0.0, Avg: 0.0, Max: 0.0, Diff: 0.0, Sum: 0.2]
         [Termination Attempts: Min: 1, Avg: 1.0, Max: 1, Diff: 0, Sum: 6]
      [GC Worker Other (ms): Min: 0.0, Avg: 0.0, Max: 0.0, Diff: 0.0, Sum: 0.1]
      [GC Worker Total (ms): Min: 0.3, Avg: 0.6, Max: 0.6, Diff: 0.3, Sum: 3.3]
      [GC Worker End (ms): Min: 1006785.3, Avg: 1006785.3, Max: 1006785.3, Diff: 0.0]
   [Code Root Fixup: 0.0 ms]
   [Code Root Purge: 0.0 ms]
   [Clear CT: 0.2 ms]
   [Other: 0.6 ms]
      [Choose CSet: 0.0 ms]
      [Ref Proc: 0.1 ms]
      [Ref Enq: 0.0 ms]
      [Redirty Cards: 0.1 ms]
      [Humongous Register: 0.0 ms]
      [Humongous Reclaim: 0.0 ms]
      [Free CSet: 0.3 ms]
   [Eden: 612.0M(612.0M)->0.0B(612.0M) Survivors: 2048.0K->2048.0K Heap: 619.0M(1024.0M)->7200.4K(1024.0M)]
 [Times: user=0.00 sys=0.00, real=0.00 secs] 
2024-10-11T08:50:26.406+0300: 1006.786: Total time for which application threads were stopped: 0.0018125 seconds, Stopping threads took: 0.0001596 seconds
2024-10-11T08:50:28.446+0300: 1008.821: Application time: 2.0352652 seconds
2024-10-11T08:50:28.446+0300: 1008.822: [GC pause (G1 Evacuation Pause) (young), 0.0012961 secs]
   [Parallel Time: 0.6 ms, GC Workers: 6]
      [GC Worker Start (ms): Min: 1008821.8, Avg: 1008821.9, Max: 1008822.0, Diff: 0.2]
      [Ext Root Scanning (ms): Min: 0.0, Avg: 0.2, Max: 0.3, Diff: 0.2, Sum: 1.1]
      [Update RS (ms): Min: 0.0, Avg: 0.0, Max: 0.0, Diff: 0.0, Sum: 0.1]
         [Processed Buffers: Min: 0, Avg: 0.8, Max: 2, Diff: 2, Sum: 5]
      [Scan RS (ms): Min: 0.1, Avg: 0.1, Max: 0.1, Diff: 0.1, Sum: 0.6]
      [Code Root Scanning (ms): Min: 0.0, Avg: 0.0, Max: 0.0, Diff: 0.0, Sum: 0.0]
      [Object Copy (ms): Min: 0.1, Avg: 0.1, Max: 0.2, Diff: 0.1, Sum: 0.7]
      [Termination (ms): Min: 0.0, Avg: 0.0, Max: 0.0, Diff: 0.0, Sum: 0.0]
         [Termination Attempts: Min: 1, Avg: 1.0, Max: 1, Diff: 0, Sum: 6]
      [GC Worker Other (ms): Min: 0.0, Avg: 0.0, Max: 0.0, Diff: 0.0, Sum: 0.1]
      [GC Worker Total (ms): Min: 0.3, Avg: 0.4, Max: 0.5, Diff: 0.2, Sum: 2.5]
      [GC Worker End (ms): Min: 1008822.3, Avg: 1008822.3, Max: 1008822.3, Diff: 0.0]
   [Code Root Fixup: 0.0 ms]
   [Code Root Purge: 0.0 ms]
   [Clear CT: 0.1 ms]
   [Other: 0.6 ms]
      [Choose CSet: 0.0 ms]
      [Ref Proc: 0.1 ms]
      [Ref Enq: 0.0 ms]
      [Redirty Cards: 0.1 ms]
      [Humongous Register: 0.0 ms]
      [Humongous Reclaim: 0.0 ms]
      [Free CSet: 0.3 ms]
   [Eden: 612.0M(612.0M)->0.0B(612.0M) Survivors: 2048.0K->2048.0K Heap: 619.0M(1024.0M)->7020.1K(1024.0M)]
 [Times: user=0.00 sys=0.00, real=0.00 secs] 
2024-10-11T08:50:28.446+0300: 1008.823: Total time for which application threads were stopped: 0.0016594 seconds, Stopping threads took: 0.0001610 seconds
2024-10-11T08:50:30.489+0300: 1010.866: Application time: 2.0430644 seconds
2024-10-11T08:50:30.489+0300: 1010.866: [GC pause (G1 Evacuation Pause) (young), 0.0014134 secs]
   [Parallel Time: 0.7 ms, GC Workers: 6]
      [GC Worker Start (ms): Min: 1010866.6, Avg: 1010866.6, Max: 1010866.6, Diff: 0.1]
      [Ext Root Scanning (ms): Min: 0.2, Avg: 0.3, Max: 0.3, Diff: 0.1, Sum: 1.5]
      [Update RS (ms): Min: 0.0, Avg: 0.0, Max: 0.0, Diff: 0.0, Sum: 0.1]
         [Processed Buffers: Min: 0, Avg: 0.8, Max: 3, Diff: 3, Sum: 5]
      [Scan RS (ms): Min: 0.1, Avg: 0.1, Max: 0.1, Diff: 0.0, Sum: 0.6]
      [Code Root Scanning (ms): Min: 0.0, Avg: 0.0, Max: 0.0, Diff: 0.0, Sum: 0.0]
      [Object Copy (ms): Min: 0.1, Avg: 0.1, Max: 0.2, Diff: 0.0, Sum: 0.9]
      [Termination (ms): Min: 0.0, Avg: 0.0, Max: 0.0, Diff: 0.0, Sum: 0.1]
         [Termination Attempts: Min: 1, Avg: 1.3, Max: 3, Diff: 2, Sum: 8]
      [GC Worker Other (ms): Min: 0.0, Avg: 0.0, Max: 0.0, Diff: 0.0, Sum: 0.1]
      [GC Worker Total (ms): Min: 0.5, Avg: 0.5, Max: 0.6, Diff: 0.1, Sum: 3.2]
      [GC Worker End (ms): Min: 1010867.1, Avg: 1010867.1, Max: 1010867.1, Diff: 0.0]
   [Code Root Fixup: 0.0 ms]
   [Code Root Purge: 0.0 ms]
   [Clear CT: 0.2 ms]
   [Other: 0.6 ms]
      [Choose CSet: 0.0 ms]
      [Ref Proc: 0.1 ms]
      [Ref Enq: 0.0 ms]
      [Redirty Cards: 0.1 ms]
      [Humongous Register: 0.0 ms]
      [Humongous Reclaim: 0.0 ms]
      [Free CSet: 0.2 ms]
   [Eden: 612.0M(612.0M)->0.0B(612.0M) Survivors: 2048.0K->2048.0K Heap: 618.9M(1024.0M)->7333.9K(1024.0M)]
 [Times: user=0.00 sys=0.00, real=0.00 secs] 
2024-10-11T08:50:30.489+0300: 1010.868: Total time for which application threads were stopped: 0.0017725 seconds, Stopping threads took: 0.0001443 seconds
2024-10-11T08:50:32.525+0300: 1012.901: Application time: 2.0327029 seconds
2024-10-11T08:50:32.525+0300: 1012.901: [GC pause (G1 Evacuation Pause) (young), 0.0015121 secs]
   [Parallel Time: 0.6 ms, GC Workers: 6]
      [GC Worker Start (ms): Min: 1012900.9, Avg: 1012901.0, Max: 1012901.0, Diff: 0.0]
      [Ext Root Scanning (ms): Min: 0.2, Avg: 0.2, Max: 0.3, Diff: 0.0, Sum: 1.5]
      [Update RS (ms): Min: 0.0, Avg: 0.0, Max: 0.0, Diff: 0.0, Sum: 0.1]
         [Processed Buffers: Min: 0, Avg: 0.7, Max: 2, Diff: 2, Sum: 4]
      [Scan RS (ms): Min: 0.1, Avg: 0.1, Max: 0.1, Diff: 0.0, Sum: 0.6]
      [Code Root Scanning (ms): Min: 0.0, Avg: 0.0, Max: 0.0, Diff: 0.0, Sum: 0.0]
      [Object Copy (ms): Min: 0.1, Avg: 0.1, Max: 0.2, Diff: 0.1, Sum: 0.9]
      [Termination (ms): Min: 0.0, Avg: 0.0, Max: 0.0, Diff: 0.0, Sum: 0.0]
         [Termination Attempts: Min: 1, Avg: 2.7, Max: 4, Diff: 3, Sum: 16]
      [GC Worker Other (ms): Min: 0.0, Avg: 0.0, Max: 0.1, Diff: 0.0, Sum: 0.2]
      [GC Worker Total (ms): Min: 0.5, Avg: 0.5, Max: 0.6, Diff: 0.0, Sum: 3.2]
      [GC Worker End (ms): Min: 1012901.5, Avg: 1012901.5, Max: 1012901.5, Diff: 0.0]
   [Code Root Fixup: 0.0 ms]
   [Code Root Purge: 0.0 ms]
   [Clear CT: 0.2 ms]
   [Other: 0.7 ms]
      [Choose CSet: 0.0 ms]
      [Ref Proc: 0.2 ms]
      [Ref Enq: 0.0 ms]
      [Redirty Cards: 0.1 ms]
      [Humongous Register: 0.0 ms]
      [Humongous Reclaim: 0.0 ms]
      [Free CSet: 0.3 ms]
   [Eden: 612.0M(612.0M)->0.0B(612.0M) Survivors: 2048.0K->2048.0K Heap: 619.2M(1024.0M)->7021.6K(1024.0M)]
 [Times: user=0.00 sys=0.00, real=0.00 secs] 
2024-10-11T08:50:32.525+0300: 1012.903: Total time for which application threads were stopped: 0.0018246 seconds, Stopping threads took: 0.0001113 seconds
2024-10-11T08:50:34.565+0300: 1014.939: Application time: 2.0369122 seconds
2024-10-11T08:50:34.565+0300: 1014.940: [GC pause (G1 Evacuation Pause) (young), 0.0013993 secs]
   [Parallel Time: 0.6 ms, GC Workers: 6]
      [GC Worker Start (ms): Min: 1014939.7, Avg: 1014939.7, Max: 1014939.8, Diff: 0.1]
      [Ext Root Scanning (ms): Min: 0.2, Avg: 0.2, Max: 0.3, Diff: 0.1, Sum: 1.5]
      [Update RS (ms): Min: 0.0, Avg: 0.0, Max: 0.0, Diff: 0.0, Sum: 0.1]
         [Processed Buffers: Min: 0, Avg: 0.7, Max: 3, Diff: 3, Sum: 4]
      [Scan RS (ms): Min: 0.1, Avg: 0.1, Max: 0.1, Diff: 0.0, Sum: 0.5]
      [Code Root Scanning (ms): Min: 0.0, Avg: 0.0, Max: 0.0, Diff: 0.0, Sum: 0.0]
      [Object Copy (ms): Min: 0.1, Avg: 0.2, Max: 0.2, Diff: 0.0, Sum: 1.0]
      [Termination (ms): Min: 0.0, Avg: 0.0, Max: 0.0, Diff: 0.0, Sum: 0.0]
         [Termination Attempts: Min: 1, Avg: 1.0, Max: 1, Diff: 0, Sum: 6]
      [GC Worker Other (ms): Min: 0.0, Avg: 0.0, Max: 0.0, Diff: 0.0, Sum: 0.1]
      [GC Worker Total (ms): Min: 0.5, Avg: 0.5, Max: 0.6, Diff: 0.1, Sum: 3.2]
      [GC Worker End (ms): Min: 1014940.3, Avg: 1014940.3, Max: 1014940.3, Diff: 0.0]
   [Code Root Fixup: 0.0 ms]
   [Code Root Purge: 0.0 ms]
   [Clear CT: 0.2 ms]
   [Other: 0.6 ms]
      [Choose CSet: 0.0 ms]
      [Ref Proc: 0.1 ms]
      [Ref Enq: 0.0 ms]
      [Redirty Cards: 0.1 ms]
      [Humongous Register: 0.0 ms]
      [Humongous Reclaim: 0.0 ms]
      [Free CSet: 0.3 ms]
   [Eden: 612.0M(612.0M)->0.0B(612.0M) Survivors: 2048.0K->2048.0K Heap: 618.9M(1024.0M)->7215.0K(1024.0M)]
 [Times: user=0.00 sys=0.00, real=0.00 secs] 
2024-10-11T08:50:34.565+0300: 1014.941: Total time for which application threads were stopped: 0.0017042 seconds, Stopping threads took: 0.0001281 seconds
2024-10-11T08:50:36.605+0300: 1016.979: Application time: 2.0374225 seconds
2024-10-11T08:50:36.605+0300: 1016.979: [GC pause (G1 Evacuation Pause) (young), 0.0013629 secs]
   [Parallel Time: 0.6 ms, GC Workers: 6]
      [GC Worker Start (ms): Min: 1016978.8, Avg: 1016978.9, Max: 1016978.9, Diff: 0.1]
      [Ext Root Scanning (ms): Min: 0.2, Avg: 0.3, Max: 0.3, Diff: 0.0, Sum: 1.5]
      [Update RS (ms): Min: 0.0, Avg: 0.0, Max: 0.0, Diff: 0.0, Sum: 0.1]
         [Processed Buffers: Min: 0, Avg: 1.3, Max: 3, Diff: 3, Sum: 8]
      [Scan RS (ms): Min: 0.1, Avg: 0.1, Max: 0.1, Diff: 0.0, Sum: 0.5]
      [Code Root Scanning (ms): Min: 0.0, Avg: 0.0, Max: 0.0, Diff: 0.0, Sum: 0.0]
      [Object Copy (ms): Min: 0.1, Avg: 0.1, Max: 0.2, Diff: 0.0, Sum: 0.8]
      [Termination (ms): Min: 0.0, Avg: 0.0, Max: 0.0, Diff: 0.0, Sum: 0.1]
         [Termination Attempts: Min: 1, Avg: 1.0, Max: 1, Diff: 0, Sum: 6]
      [GC Worker Other (ms): Min: 0.0, Avg: 0.0, Max: 0.0, Diff: 0.0, Sum: 0.1]
      [GC Worker Total (ms): Min: 0.5, Avg: 0.5, Max: 0.5, Diff: 0.0, Sum: 3.1]
      [GC Worker End (ms): Min: 1016979.4, Avg: 1016979.4, Max: 1016979.4, Diff: 0.0]
   [Code Root Fixup: 0.0 ms]
   [Code Root Purge: 0.0 ms]
   [Clear CT: 0.1 ms]
   [Other: 0.6 ms]
      [Choose CSet: 0.0 ms]
      [Ref Proc: 0.1 ms]
      [Ref Enq: 0.0 ms]
      [Redirty Cards: 0.1 ms]
      [Humongous Register: 0.0 ms]
      [Humongous Reclaim: 0.0 ms]
      [Free CSet: 0.3 ms]
   [Eden: 612.0M(612.0M)->0.0B(612.0M) Survivors: 2048.0K->2048.0K Heap: 619.0M(1024.0M)->7039.5K(1024.0M)]
 [Times: user=0.00 sys=0.00, real=0.00 secs] 
2024-10-11T08:50:36.605+0300: 1016.980: Total time for which application threads were stopped: 0.0016989 seconds, Stopping threads took: 0.0001628 seconds
2024-10-11T08:50:38.677+0300: 1019.061: Application time: 2.0808319 seconds
2024-10-11T08:50:38.677+0300: 1019.061: [GC pause (G1 Evacuation Pause) (young), 0.0013706 secs]
   [Parallel Time: 0.6 ms, GC Workers: 6]
      [GC Worker Start (ms): Min: 1019061.3, Avg: 1019061.4, Max: 1019061.4, Diff: 0.1]
      [Ext Root Scanning (ms): Min: 0.2, Avg: 0.3, Max: 0.3, Diff: 0.1, Sum: 1.5]
      [Update RS (ms): Min: 0.0, Avg: 0.0, Max: 0.0, Diff: 0.0, Sum: 0.1]
         [Processed Buffers: Min: 0, Avg: 1.0, Max: 2, Diff: 2, Sum: 6]
      [Scan RS (ms): Min: 0.1, Avg: 0.1, Max: 0.1, Diff: 0.0, Sum: 0.6]
      [Code Root Scanning (ms): Min: 0.0, Avg: 0.0, Max: 0.0, Diff: 0.0, Sum: 0.0]
      [Object Copy (ms): Min: 0.1, Avg: 0.1, Max: 0.2, Diff: 0.0, Sum: 0.9]
      [Termination (ms): Min: 0.0, Avg: 0.0, Max: 0.0, Diff: 0.0, Sum: 0.1]
         [Termination Attempts: Min: 1, Avg: 1.0, Max: 1, Diff: 0, Sum: 6]
      [GC Worker Other (ms): Min: 0.0, Avg: 0.0, Max: 0.0, Diff: 0.0, Sum: 0.1]
      [GC Worker Total (ms): Min: 0.5, Avg: 0.5, Max: 0.6, Diff: 0.1, Sum: 3.2]
      [GC Worker End (ms): Min: 1019061.9, Avg: 1019061.9, Max: 1019061.9, Diff: 0.0]
   [Code Root Fixup: 0.0 ms]
   [Code Root Purge: 0.0 ms]
   [Clear CT: 0.2 ms]
   [Other: 0.6 ms]
      [Choose CSet: 0.0 ms]
      [Ref Proc: 0.1 ms]
      [Ref Enq: 0.0 ms]
      [Redirty Cards: 0.1 ms]
      [Humongous Register: 0.0 ms]
      [Humongous Reclaim: 0.0 ms]
      [Free CSet: 0.2 ms]
   [Eden: 612.0M(612.0M)->0.0B(612.0M) Survivors: 2048.0K->2048.0K Heap: 618.9M(1024.0M)->7151.8K(1024.0M)]
 [Times: user=0.00 sys=0.00, real=0.00 secs] 
2024-10-11T08:50:38.677+0300: 1019.063: Total time for which application threads were stopped: 0.0016809 seconds, Stopping threads took: 0.0001303 seconds
2024-10-11T08:50:40.717+0300: 1021.103: Application time: 2.0399329 seconds
2024-10-11T08:50:40.717+0300: 1021.103: [GC pause (G1 Evacuation Pause) (young), 0.0014704 secs]
   [Parallel Time: 0.7 ms, GC Workers: 6]
      [GC Worker Start (ms): Min: 1021103.0, Avg: 1021103.1, Max: 1021103.3, Diff: 0.3]
      [Ext Root Scanning (ms): Min: 0.0, Avg: 0.2, Max: 0.3, Diff: 0.3, Sum: 1.4]
      [Update RS (ms): Min: 0.0, Avg: 0.0, Max: 0.0, Diff: 0.0, Sum: 0.1]
         [Processed Buffers: Min: 0, Avg: 0.8, Max: 2, Diff: 2, Sum: 5]
      [Scan RS (ms): Min: 0.1, Avg: 0.1, Max: 0.1, Diff: 0.0, Sum: 0.6]
      [Code Root Scanning (ms): Min: 0.0, Avg: 0.0, Max: 0.0, Diff: 0.0, Sum: 0.0]
      [Object Copy (ms): Min: 0.1, Avg: 0.2, Max: 0.2, Diff: 0.0, Sum: 0.9]
      [Termination (ms): Min: 0.0, Avg: 0.0, Max: 0.0, Diff: 0.0, Sum: 0.0]
         [Termination Attempts: Min: 1, Avg: 1.2, Max: 2, Diff: 1, Sum: 7]
      [GC Worker Other (ms): Min: 0.0, Avg: 0.0, Max: 0.1, Diff: 0.0, Sum: 0.2]
      [GC Worker Total (ms): Min: 0.3, Avg: 0.5, Max: 0.6, Diff: 0.3, Sum: 3.3]
      [GC Worker End (ms): Min: 1021103.6, Avg: 1021103.6, Max: 1021103.6, Diff: 0.0]
   [Code Root Fixup: 0.0 ms]
   [Code Root Purge: 0.0 ms]
   [Clear CT: 0.2 ms]
   [Other: 0.7 ms]
      [Choose CSet: 0.0 ms]
      [Ref Proc: 0.1 ms]
      [Ref Enq: 0.0 ms]
      [Redirty Cards: 0.1 ms]
      [Humongous Register: 0.0 ms]
      [Humongous Reclaim: 0.0 ms]
      [Free CSet: 0.3 ms]
   [Eden: 612.0M(612.0M)->0.0B(612.0M) Survivors: 2048.0K->2048.0K Heap: 619.0M(1024.0M)->7155.6K(1024.0M)]
 [Times: user=0.00 sys=0.00, real=0.02 secs] 
2024-10-11T08:50:40.732+0300: 1021.105: Total time for which application threads were stopped: 0.0018009 seconds, Stopping threads took: 0.0001496 seconds
2024-10-11T08:50:42.757+0300: 1023.141: Application time: 2.0366626 seconds
2024-10-11T08:50:42.757+0300: 1023.141: [GC pause (G1 Evacuation Pause) (young), 0.0014275 secs]
   [Parallel Time: 0.7 ms, GC Workers: 6]
      [GC Worker Start (ms): Min: 1023141.5, Avg: 1023141.5, Max: 1023141.5, Diff: 0.1]
      [Ext Root Scanning (ms): Min: 0.2, Avg: 0.2, Max: 0.3, Diff: 0.1, Sum: 1.5]
      [Update RS (ms): Min: 0.0, Avg: 0.0, Max: 0.0, Diff: 0.0, Sum: 0.1]
         [Processed Buffers: Min: 0, Avg: 0.8, Max: 2, Diff: 2, Sum: 5]
      [Scan RS (ms): Min: 0.1, Avg: 0.1, Max: 0.1, Diff: 0.0, Sum: 0.6]
      [Code Root Scanning (ms): Min: 0.0, Avg: 0.0, Max: 0.0, Diff: 0.0, Sum: 0.0]
      [Object Copy (ms): Min: 0.1, Avg: 0.1, Max: 0.2, Diff: 0.0, Sum: 0.8]
      [Termination (ms): Min: 0.0, Avg: 0.0, Max: 0.0, Diff: 0.0, Sum: 0.1]
         [Termination Attempts: Min: 1, Avg: 1.0, Max: 1, Diff: 0, Sum: 6]
      [GC Worker Other (ms): Min: 0.0, Avg: 0.0, Max: 0.0, Diff: 0.0, Sum: 0.1]
      [GC Worker Total (ms): Min: 0.5, Avg: 0.5, Max: 0.6, Diff: 0.1, Sum: 3.3]
      [GC Worker End (ms): Min: 1023142.0, Avg: 1023142.0, Max: 1023142.1, Diff: 0.0]
   [Code Root Fixup: 0.0 ms]
   [Code Root Purge: 0.0 ms]
   [Clear CT: 0.2 ms]
   [Other: 0.6 ms]
      [Choose CSet: 0.0 ms]
      [Ref Proc: 0.1 ms]
      [Ref Enq: 0.0 ms]
      [Redirty Cards: 0.1 ms]
      [Humongous Register: 0.0 ms]
      [Humongous Reclaim: 0.0 ms]
      [Free CSet: 0.3 ms]
   [Eden: 612.0M(612.0M)->0.0B(612.0M) Survivors: 2048.0K->2048.0K Heap: 619.0M(1024.0M)->7357.2K(1024.0M)]
 [Times: user=0.00 sys=0.00, real=0.00 secs] 
2024-10-11T08:50:42.757+0300: 1023.143: Total time for which application threads were stopped: 0.0017648 seconds, Stopping threads took: 0.0001591 seconds
2024-10-11T08:50:44.812+0300: 1025.185: Application time: 2.0416013 seconds
2024-10-11T08:50:44.812+0300: 1025.185: [GC pause (G1 Evacuation Pause) (young), 0.0014298 secs]
   [Parallel Time: 0.7 ms, GC Workers: 6]
      [GC Worker Start (ms): Min: 1025184.8, Avg: 1025184.9, Max: 1025185.1, Diff: 0.3]
      [Ext Root Scanning (ms): Min: 0.0, Avg: 0.2, Max: 0.3, Diff: 0.3, Sum: 1.4]
      [Update RS (ms): Min: 0.0, Avg: 0.0, Max: 0.0, Diff: 0.0, Sum: 0.1]
         [Processed Buffers: Min: 0, Avg: 0.8, Max: 1, Diff: 1, Sum: 5]
      [Scan RS (ms): Min: 0.0, Avg: 0.1, Max: 0.1, Diff: 0.1, Sum: 0.6]
      [Code Root Scanning (ms): Min: 0.0, Avg: 0.0, Max: 0.0, Diff: 0.0, Sum: 0.0]
      [Object Copy (ms): Min: 0.1, Avg: 0.2, Max: 0.3, Diff: 0.2, Sum: 1.0]
      [Termination (ms): Min: 0.0, Avg: 0.0, Max: 0.1, Diff: 0.1, Sum: 0.2]
         [Termination Attempts: Min: 1, Avg: 1.7, Max: 2, Diff: 1, Sum: 10]
      [GC Worker Other (ms): Min: 0.0, Avg: 0.0, Max: 0.0, Diff: 0.0, Sum: 0.1]
      [GC Worker Total (ms): Min: 0.3, Avg: 0.6, Max: 0.6, Diff: 0.3, Sum: 3.4]
      [GC Worker End (ms): Min: 1025185.4, Avg: 1025185.4, Max: 1025185.5, Diff: 0.0]
   [Code Root Fixup: 0.0 ms]
   [Code Root Purge: 0.0 ms]
   [Clear CT: 0.2 ms]
   [Other: 0.5 ms]
      [Choose CSet: 0.0 ms]
      [Ref Proc: 0.1 ms]
      [Ref Enq: 0.0 ms]
      [Redirty Cards: 0.1 ms]
      [Humongous Register: 0.0 ms]
      [Humongous Reclaim: 0.0 ms]
      [Free CSet: 0.2 ms]
   [Eden: 612.0M(612.0M)->0.0B(612.0M) Survivors: 2048.0K->2048.0K Heap: 619.2M(1024.0M)->7135.8K(1024.0M)]
 [Times: user=0.00 sys=0.00, real=0.00 secs] 
2024-10-11T08:50:44.812+0300: 1025.186: Total time for which application threads were stopped: 0.0017342 seconds, Stopping threads took: 0.0001293 seconds
2024-10-11T08:50:46.899+0300: 1027.282: Application time: 2.0958653 seconds
2024-10-11T08:50:46.899+0300: 1027.282: [GC pause (G1 Evacuation Pause) (young), 0.0014183 secs]
   [Parallel Time: 0.6 ms, GC Workers: 6]
      [GC Worker Start (ms): Min: 1027282.5, Avg: 1027282.6, Max: 1027282.6, Diff: 0.1]
      [Ext Root Scanning (ms): Min: 0.2, Avg: 0.2, Max: 0.3, Diff: 0.1, Sum: 1.5]
      [Update RS (ms): Min: 0.0, Avg: 0.0, Max: 0.0, Diff: 0.0, Sum: 0.1]
         [Processed Buffers: Min: 0, Avg: 1.0, Max: 2, Diff: 2, Sum: 6]
      [Scan RS (ms): Min: 0.1, Avg: 0.1, Max: 0.1, Diff: 0.0, Sum: 0.6]
      [Code Root Scanning (ms): Min: 0.0, Avg: 0.0, Max: 0.0, Diff: 0.0, Sum: 0.0]
      [Object Copy (ms): Min: 0.1, Avg: 0.1, Max: 0.2, Diff: 0.1, Sum: 0.8]
      [Termination (ms): Min: 0.0, Avg: 0.0, Max: 0.0, Diff: 0.0, Sum: 0.0]
         [Termination Attempts: Min: 1, Avg: 1.0, Max: 1, Diff: 0, Sum: 6]
      [GC Worker Other (ms): Min: 0.0, Avg: 0.0, Max: 0.0, Diff: 0.0, Sum: 0.1]
      [GC Worker Total (ms): Min: 0.5, Avg: 0.5, Max: 0.6, Diff: 0.1, Sum: 3.1]
      [GC Worker End (ms): Min: 1027283.1, Avg: 1027283.1, Max: 1027283.1, Diff: 0.0]
   [Code Root Fixup: 0.0 ms]
   [Code Root Purge: 0.0 ms]
   [Clear CT: 0.2 ms]
   [Other: 0.6 ms]
      [Choose CSet: 0.0 ms]
      [Ref Proc: 0.1 ms]
      [Ref Enq: 0.0 ms]
      [Redirty Cards: 0.1 ms]
      [Humongous Register: 0.0 ms]
      [Humongous Reclaim: 0.0 ms]
      [Free CSet: 0.3 ms]
   [Eden: 612.0M(612.0M)->0.0B(612.0M) Survivors: 2048.0K->2048.0K Heap: 619.0M(1024.0M)->7277.1K(1024.0M)]
 [Times: user=0.01 sys=0.00, real=0.00 secs] 
2024-10-11T08:50:46.899+0300: 1027.284: Total time for which application threads were stopped: 0.0019150 seconds, Stopping threads took: 0.0002371 seconds
2024-10-11T08:50:48.953+0300: 1029.336: Application time: 2.0515617 seconds
2024-10-11T08:50:48.953+0300: 1029.336: [GC pause (G1 Evacuation Pause) (young), 0.0014280 secs]
   [Parallel Time: 0.6 ms, GC Workers: 6]
      [GC Worker Start (ms): Min: 1029336.0, Avg: 1029336.1, Max: 1029336.1, Diff: 0.0]
      [Ext Root Scanning (ms): Min: 0.2, Avg: 0.2, Max: 0.3, Diff: 0.0, Sum: 1.4]
      [Update RS (ms): Min: 0.0, Avg: 0.0, Max: 0.0, Diff: 0.0, Sum: 0.1]
         [Processed Buffers: Min: 0, Avg: 1.0, Max: 2, Diff: 2, Sum: 6]
      [Scan RS (ms): Min: 0.1, Avg: 0.1, Max: 0.1, Diff: 0.0, Sum: 0.6]
      [Code Root Scanning (ms): Min: 0.0, Avg: 0.0, Max: 0.0, Diff: 0.0, Sum: 0.0]
      [Object Copy (ms): Min: 0.1, Avg: 0.1, Max: 0.2, Diff: 0.0, Sum: 0.8]
      [Termination (ms): Min: 0.0, Avg: 0.0, Max: 0.0, Diff: 0.0, Sum: 0.0]
         [Termination Attempts: Min: 1, Avg: 1.2, Max: 2, Diff: 1, Sum: 7]
      [GC Worker Other (ms): Min: 0.0, Avg: 0.0, Max: 0.0, Diff: 0.0, Sum: 0.1]
      [GC Worker Total (ms): Min: 0.5, Avg: 0.5, Max: 0.5, Diff: 0.1, Sum: 3.1]
      [GC Worker End (ms): Min: 1029336.6, Avg: 1029336.6, Max: 1029336.6, Diff: 0.0]
   [Code Root Fixup: 0.0 ms]
   [Code Root Purge: 0.0 ms]
   [Clear CT: 0.2 ms]
   [Other: 0.6 ms]
      [Choose CSet: 0.0 ms]
      [Ref Proc: 0.1 ms]
      [Ref Enq: 0.0 ms]
      [Redirty Cards: 0.1 ms]
      [Humongous Register: 0.0 ms]
      [Humongous Reclaim: 0.0 ms]
      [Free CSet: 0.3 ms]
   [Eden: 612.0M(612.0M)->0.0B(612.0M) Survivors: 2048.0K->2048.0K Heap: 619.1M(1024.0M)->7266.9K(1024.0M)]
 [Times: user=0.00 sys=0.00, real=0.00 secs] 
2024-10-11T08:50:48.953+0300: 1029.338: Total time for which application threads were stopped: 0.0018935 seconds, Stopping threads took: 0.0002742 seconds
2024-10-11T08:50:51.009+0300: 1031.384: Application time: 2.0466598 seconds
2024-10-11T08:50:51.009+0300: 1031.384: [GC pause (G1 Evacuation Pause) (young), 0.0014954 secs]
   [Parallel Time: 0.5 ms, GC Workers: 6]
      [GC Worker Start (ms): Min: 1031384.4, Avg: 1031384.4, Max: 1031384.5, Diff: 0.0]
      [Ext Root Scanning (ms): Min: 0.2, Avg: 0.2, Max: 0.3, Diff: 0.1, Sum: 1.4]
      [Update RS (ms): Min: 0.0, Avg: 0.0, Max: 0.0, Diff: 0.0, Sum: 0.1]
         [Processed Buffers: Min: 0, Avg: 1.0, Max: 2, Diff: 2, Sum: 6]
      [Scan RS (ms): Min: 0.1, Avg: 0.1, Max: 0.1, Diff: 0.0, Sum: 0.5]
      [Code Root Scanning (ms): Min: 0.0, Avg: 0.0, Max: 0.0, Diff: 0.0, Sum: 0.0]
      [Object Copy (ms): Min: 0.1, Avg: 0.1, Max: 0.1, Diff: 0.0, Sum: 0.7]
      [Termination (ms): Min: 0.0, Avg: 0.0, Max: 0.0, Diff: 0.0, Sum: 0.0]
         [Termination Attempts: Min: 1, Avg: 1.0, Max: 1, Diff: 0, Sum: 6]
      [GC Worker Other (ms): Min: 0.0, Avg: 0.0, Max: 0.0, Diff: 0.0, Sum: 0.2]
      [GC Worker Total (ms): Min: 0.4, Avg: 0.5, Max: 0.5, Diff: 0.1, Sum: 2.9]
      [GC Worker End (ms): Min: 1031384.9, Avg: 1031384.9, Max: 1031384.9, Diff: 0.0]
   [Code Root Fixup: 0.0 ms]
   [Code Root Purge: 0.0 ms]
   [Clear CT: 0.2 ms]
   [Other: 0.7 ms]
      [Choose CSet: 0.0 ms]
      [Ref Proc: 0.2 ms]
      [Ref Enq: 0.0 ms]
      [Redirty Cards: 0.1 ms]
      [Humongous Register: 0.0 ms]
      [Humongous Reclaim: 0.0 ms]
      [Free CSet: 0.3 ms]
   [Eden: 612.0M(612.0M)->0.0B(612.0M) Survivors: 2048.0K->2048.0K Heap: 619.1M(1024.0M)->7368.8K(1024.0M)]
 [Times: user=0.00 sys=0.00, real=0.00 secs] 
2024-10-11T08:50:51.009+0300: 1031.386: Total time for which application threads were stopped: 0.0017724 seconds, Stopping threads took: 0.0000907 seconds
2024-10-11T08:50:53.050+0300: 1033.427: Application time: 2.0406075 seconds
2024-10-11T08:50:53.050+0300: 1033.427: [GC pause (G1 Evacuation Pause) (young), 0.0016014 secs]
   [Parallel Time: 0.6 ms, GC Workers: 6]
      [GC Worker Start (ms): Min: 1033426.9, Avg: 1033427.0, Max: 1033427.0, Diff: 0.1]
      [Ext Root Scanning (ms): Min: 0.2, Avg: 0.3, Max: 0.3, Diff: 0.1, Sum: 1.5]
      [Update RS (ms): Min: 0.0, Avg: 0.0, Max: 0.0, Diff: 0.0, Sum: 0.1]
         [Processed Buffers: Min: 0, Avg: 0.8, Max: 1, Diff: 1, Sum: 5]
      [Scan RS (ms): Min: 0.1, Avg: 0.1, Max: 0.1, Diff: 0.0, Sum: 0.6]
      [Code Root Scanning (ms): Min: 0.0, Avg: 0.0, Max: 0.0, Diff: 0.0, Sum: 0.0]
      [Object Copy (ms): Min: 0.1, Avg: 0.1, Max: 0.2, Diff: 0.0, Sum: 0.8]
      [Termination (ms): Min: 0.0, Avg: 0.0, Max: 0.0, Diff: 0.0, Sum: 0.0]
         [Termination Attempts: Min: 1, Avg: 1.0, Max: 1, Diff: 0, Sum: 6]
      [GC Worker Other (ms): Min: 0.0, Avg: 0.0, Max: 0.0, Diff: 0.0, Sum: 0.1]
      [GC Worker Total (ms): Min: 0.5, Avg: 0.5, Max: 0.6, Diff: 0.1, Sum: 3.2]
      [GC Worker End (ms): Min: 1033427.5, Avg: 1033427.5, Max: 1033427.5, Diff: 0.0]
   [Code Root Fixup: 0.0 ms]
   [Code Root Purge: 0.0 ms]
   [Clear CT: 0.2 ms]
   [Other: 0.8 ms]
      [Choose CSet: 0.0 ms]
      [Ref Proc: 0.2 ms]
      [Ref Enq: 0.0 ms]
      [Redirty Cards: 0.1 ms]
      [Humongous Register: 0.0 ms]
      [Humongous Reclaim: 0.0 ms]
      [Free CSet: 0.3 ms]
   [Eden: 612.0M(612.0M)->0.0B(612.0M) Survivors: 2048.0K->2048.0K Heap: 619.2M(1024.0M)->7127.9K(1024.0M)]
 [Times: user=0.00 sys=0.00, real=0.00 secs] 
2024-10-11T08:50:53.050+0300: 1033.429: Total time for which application threads were stopped: 0.0020026 seconds, Stopping threads took: 0.0002035 seconds
2024-10-11T08:50:55.105+0300: 1035.486: Application time: 2.0571134 seconds
2024-10-11T08:50:55.105+0300: 1035.486: [GC pause (G1 Evacuation Pause) (young), 0.0014081 secs]
   [Parallel Time: 0.6 ms, GC Workers: 6]
      [GC Worker Start (ms): Min: 1035486.0, Avg: 1035486.0, Max: 1035486.0, Diff: 0.0]
      [Ext Root Scanning (ms): Min: 0.2, Avg: 0.2, Max: 0.3, Diff: 0.0, Sum: 1.5]
      [Update RS (ms): Min: 0.0, Avg: 0.0, Max: 0.0, Diff: 0.0, Sum: 0.1]
         [Processed Buffers: Min: 0, Avg: 0.8, Max: 2, Diff: 2, Sum: 5]
      [Scan RS (ms): Min: 0.1, Avg: 0.1, Max: 0.1, Diff: 0.0, Sum: 0.5]
      [Code Root Scanning (ms): Min: 0.0, Avg: 0.0, Max: 0.0, Diff: 0.0, Sum: 0.0]
      [Object Copy (ms): Min: 0.1, Avg: 0.1, Max: 0.2, Diff: 0.1, Sum: 0.8]
      [Termination (ms): Min: 0.0, Avg: 0.0, Max: 0.0, Diff: 0.0, Sum: 0.1]
         [Termination Attempts: Min: 1, Avg: 1.0, Max: 1, Diff: 0, Sum: 6]
      [GC Worker Other (ms): Min: 0.0, Avg: 0.0, Max: 0.0, Diff: 0.0, Sum: 0.1]
      [GC Worker Total (ms): Min: 0.5, Avg: 0.5, Max: 0.5, Diff: 0.0, Sum: 3.0]
      [GC Worker End (ms): Min: 1035486.5, Avg: 1035486.5, Max: 1035486.5, Diff: 0.0]
   [Code Root Fixup: 0.0 ms]
   [Code Root Purge: 0.0 ms]
   [Clear CT: 0.2 ms]
   [Other: 0.6 ms]
      [Choose CSet: 0.0 ms]
      [Ref Proc: 0.1 ms]
      [Ref Enq: 0.0 ms]
      [Redirty Cards: 0.1 ms]
      [Humongous Register: 0.0 ms]
      [Humongous Reclaim: 0.0 ms]
      [Free CSet: 0.3 ms]
   [Eden: 612.0M(612.0M)->0.0B(612.0M) Survivors: 2048.0K->2048.0K Heap: 619.0M(1024.0M)->7177.9K(1024.0M)]
 [Times: user=0.00 sys=0.00, real=0.00 secs] 
2024-10-11T08:50:55.105+0300: 1035.487: Total time for which application threads were stopped: 0.0017693 seconds, Stopping threads took: 0.0001686 seconds
2024-10-11T08:50:57.146+0300: 1037.521: Application time: 2.0332933 seconds
2024-10-11T08:50:57.146+0300: 1037.521: [GC pause (G1 Evacuation Pause) (young), 0.0016331 secs]
   [Parallel Time: 0.7 ms, GC Workers: 6]
      [GC Worker Start (ms): Min: 1037521.1, Avg: 1037521.1, Max: 1037521.1, Diff: 0.0]
      [Ext Root Scanning (ms): Min: 0.2, Avg: 0.2, Max: 0.3, Diff: 0.0, Sum: 1.4]
      [Update RS (ms): Min: 0.0, Avg: 0.0, Max: 0.0, Diff: 0.0, Sum: 0.1]
         [Processed Buffers: Min: 0, Avg: 0.8, Max: 3, Diff: 3, Sum: 5]
      [Scan RS (ms): Min: 0.1, Avg: 0.1, Max: 0.1, Diff: 0.0, Sum: 0.6]
      [Code Root Scanning (ms): Min: 0.0, Avg: 0.0, Max: 0.0, Diff: 0.0, Sum: 0.0]
      [Object Copy (ms): Min: 0.1, Avg: 0.1, Max: 0.2, Diff: 0.1, Sum: 0.8]
      [Termination (ms): Min: 0.0, Avg: 0.0, Max: 0.0, Diff: 0.0, Sum: 0.1]
         [Termination Attempts: Min: 1, Avg: 1.3, Max: 2, Diff: 1, Sum: 8]
      [GC Worker Other (ms): Min: 0.0, Avg: 0.0, Max: 0.1, Diff: 0.1, Sum: 0.2]
      [GC Worker Total (ms): Min: 0.5, Avg: 0.5, Max: 0.6, Diff: 0.1, Sum: 3.2]
      [GC Worker End (ms): Min: 1037521.6, Avg: 1037521.6, Max: 1037521.7, Diff: 0.1]
   [Code Root Fixup: 0.0 ms]
   [Code Root Purge: 0.0 ms]
   [Clear CT: 0.2 ms]
   [Other: 0.8 ms]
      [Choose CSet: 0.0 ms]
      [Ref Proc: 0.1 ms]
      [Ref Enq: 0.0 ms]
      [Redirty Cards: 0.1 ms]
      [Humongous Register: 0.0 ms]
      [Humongous Reclaim: 0.0 ms]
      [Free CSet: 0.4 ms]
   [Eden: 612.0M(612.0M)->0.0B(612.0M) Survivors: 2048.0K->2048.0K Heap: 619.0M(1024.0M)->7178.8K(1024.0M)]
 [Times: user=0.00 sys=0.00, real=0.00 secs] 
2024-10-11T08:50:57.146+0300: 1037.523: Total time for which application threads were stopped: 0.0020712 seconds, Stopping threads took: 0.0001354 seconds
2024-10-11T08:50:59.202+0300: 1039.576: Application time: 2.0531763 seconds
2024-10-11T08:50:59.202+0300: 1039.576: [GC pause (G1 Evacuation Pause) (young), 0.0014682 secs]
   [Parallel Time: 0.6 ms, GC Workers: 6]
      [GC Worker Start (ms): Min: 1039576.3, Avg: 1039576.4, Max: 1039576.4, Diff: 0.1]
      [Ext Root Scanning (ms): Min: 0.2, Avg: 0.2, Max: 0.3, Diff: 0.1, Sum: 1.5]
      [Update RS (ms): Min: 0.0, Avg: 0.0, Max: 0.0, Diff: 0.0, Sum: 0.1]
         [Processed Buffers: Min: 0, Avg: 0.8, Max: 2, Diff: 2, Sum: 5]
      [Scan RS (ms): Min: 0.1, Avg: 0.1, Max: 0.1, Diff: 0.0, Sum: 0.6]
      [Code Root Scanning (ms): Min: 0.0, Avg: 0.0, Max: 0.0, Diff: 0.0, Sum: 0.0]
      [Object Copy (ms): Min: 0.1, Avg: 0.1, Max: 0.2, Diff: 0.1, Sum: 0.7]
      [Termination (ms): Min: 0.0, Avg: 0.0, Max: 0.0, Diff: 0.0, Sum: 0.1]
         [Termination Attempts: Min: 1, Avg: 1.0, Max: 1, Diff: 0, Sum: 6]
      [GC Worker Other (ms): Min: 0.0, Avg: 0.0, Max: 0.0, Diff: 0.0, Sum: 0.1]
      [GC Worker Total (ms): Min: 0.5, Avg: 0.5, Max: 0.5, Diff: 0.1, Sum: 3.0]
      [GC Worker End (ms): Min: 1039576.9, Avg: 1039576.9, Max: 1039576.9, Diff: 0.0]
   [Code Root Fixup: 0.0 ms]
   [Code Root Purge: 0.0 ms]
   [Clear CT: 0.2 ms]
   [Other: 0.6 ms]
      [Choose CSet: 0.0 ms]
      [Ref Proc: 0.1 ms]
      [Ref Enq: 0.0 ms]
      [Redirty Cards: 0.1 ms]
      [Humongous Register: 0.0 ms]
      [Humongous Reclaim: 0.0 ms]
      [Free CSet: 0.2 ms]
   [Eden: 612.0M(612.0M)->0.0B(612.0M) Survivors: 2048.0K->2048.0K Heap: 619.0M(1024.0M)->7208.9K(1024.0M)]
 [Times: user=0.00 sys=0.00, real=0.00 secs] 
2024-10-11T08:50:59.202+0300: 1039.578: Total time for which application threads were stopped: 0.0018520 seconds, Stopping threads took: 0.0001752 seconds
2024-10-11T08:51:01.244+0300: 1041.622: Application time: 2.0441472 seconds
2024-10-11T08:51:01.244+0300: 1041.622: [GC pause (G1 Evacuation Pause) (young), 0.0014000 secs]
   [Parallel Time: 0.6 ms, GC Workers: 6]
      [GC Worker Start (ms): Min: 1041622.3, Avg: 1041622.3, Max: 1041622.4, Diff: 0.1]
      [Ext Root Scanning (ms): Min: 0.2, Avg: 0.3, Max: 0.3, Diff: 0.1, Sum: 1.5]
      [Update RS (ms): Min: 0.0, Avg: 0.0, Max: 0.0, Diff: 0.0, Sum: 0.1]
         [Processed Buffers: Min: 0, Avg: 1.0, Max: 2, Diff: 2, Sum: 6]
      [Scan RS (ms): Min: 0.1, Avg: 0.1, Max: 0.1, Diff: 0.0, Sum: 0.6]
      [Code Root Scanning (ms): Min: 0.0, Avg: 0.0, Max: 0.0, Diff: 0.0, Sum: 0.0]
      [Object Copy (ms): Min: 0.1, Avg: 0.1, Max: 0.2, Diff: 0.1, Sum: 0.8]
      [Termination (ms): Min: 0.0, Avg: 0.0, Max: 0.0, Diff: 0.0, Sum: 0.1]
         [Termination Attempts: Min: 1, Avg: 1.0, Max: 1, Diff: 0, Sum: 6]
      [GC Worker Other (ms): Min: 0.0, Avg: 0.0, Max: 0.0, Diff: 0.0, Sum: 0.1]
      [GC Worker Total (ms): Min: 0.5, Avg: 0.5, Max: 0.6, Diff: 0.1, Sum: 3.1]
      [GC Worker End (ms): Min: 1041622.9, Avg: 1041622.9, Max: 1041622.9, Diff: 0.0]
   [Code Root Fixup: 0.0 ms]
   [Code Root Purge: 0.0 ms]
   [Clear CT: 0.2 ms]
   [Other: 0.6 ms]
      [Choose CSet: 0.0 ms]
      [Ref Proc: 0.1 ms]
      [Ref Enq: 0.0 ms]
      [Redirty Cards: 0.1 ms]
      [Humongous Register: 0.0 ms]
      [Humongous Reclaim: 0.0 ms]
      [Free CSet: 0.3 ms]
   [Eden: 612.0M(612.0M)->0.0B(612.0M) Survivors: 2048.0K->2048.0K Heap: 619.0M(1024.0M)->7282.0K(1024.0M)]
 [Times: user=0.00 sys=0.00, real=0.00 secs] 
2024-10-11T08:51:01.244+0300: 1041.624: Total time for which application threads were stopped: 0.0017633 seconds, Stopping threads took: 0.0001786 seconds
2024-10-11T08:51:03.298+0300: 1043.672: Application time: 2.0485610 seconds
2024-10-11T08:51:03.298+0300: 1043.673: [GC pause (G1 Evacuation Pause) (young), 0.0015976 secs]
   [Parallel Time: 0.7 ms, GC Workers: 6]
      [GC Worker Start (ms): Min: 1043672.6, Avg: 1043672.7, Max: 1043672.8, Diff: 0.1]
      [Ext Root Scanning (ms): Min: 0.2, Avg: 0.2, Max: 0.3, Diff: 0.1, Sum: 1.4]
      [Update RS (ms): Min: 0.0, Avg: 0.0, Max: 0.0, Diff: 0.0, Sum: 0.1]
         [Processed Buffers: Min: 0, Avg: 0.8, Max: 1, Diff: 1, Sum: 5]
      [Scan RS (ms): Min: 0.0, Avg: 0.1, Max: 0.1, Diff: 0.1, Sum: 0.5]
      [Code Root Scanning (ms): Min: 0.0, Avg: 0.0, Max: 0.0, Diff: 0.0, Sum: 0.0]
      [Object Copy (ms): Min: 0.1, Avg: 0.2, Max: 0.3, Diff: 0.2, Sum: 0.9]
      [Termination (ms): Min: 0.0, Avg: 0.0, Max: 0.1, Diff: 0.1, Sum: 0.3]
         [Termination Attempts: Min: 1, Avg: 1.7, Max: 2, Diff: 1, Sum: 10]
      [GC Worker Other (ms): Min: 0.0, Avg: 0.0, Max: 0.0, Diff: 0.0, Sum: 0.1]
      [GC Worker Total (ms): Min: 0.5, Avg: 0.6, Max: 0.6, Diff: 0.2, Sum: 3.4]
      [GC Worker End (ms): Min: 1043673.2, Avg: 1043673.3, Max: 1043673.3, Diff: 0.0]
   [Code Root Fixup: 0.0 ms]
   [Code Root Purge: 0.0 ms]
   [Clear CT: 0.2 ms]
   [Other: 0.7 ms]
      [Choose CSet: 0.0 ms]
      [Ref Proc: 0.2 ms]
      [Ref Enq: 0.0 ms]
      [Redirty Cards: 0.1 ms]
      [Humongous Register: 0.0 ms]
      [Humongous Reclaim: 0.0 ms]
      [Free CSet: 0.3 ms]
   [Eden: 612.0M(612.0M)->0.0B(612.0M) Survivors: 2048.0K->2048.0K Heap: 619.1M(1024.0M)->7290.7K(1024.0M)]
 [Times: user=0.00 sys=0.00, real=0.00 secs] 
2024-10-11T08:51:03.298+0300: 1043.674: Total time for which application threads were stopped: 0.0019194 seconds, Stopping threads took: 0.0001075 seconds
2024-10-11T08:51:05.336+0300: 1045.721: Application time: 2.0464101 seconds
2024-10-11T08:51:05.336+0300: 1045.721: [GC pause (G1 Evacuation Pause) (young), 0.0015570 secs]
   [Parallel Time: 0.7 ms, GC Workers: 6]
      [GC Worker Start (ms): Min: 1045721.0, Avg: 1045721.1, Max: 1045721.1, Diff: 0.1]
      [Ext Root Scanning (ms): Min: 0.2, Avg: 0.3, Max: 0.3, Diff: 0.1, Sum: 1.6]
      [Update RS (ms): Min: 0.0, Avg: 0.0, Max: 0.0, Diff: 0.0, Sum: 0.1]
         [Processed Buffers: Min: 0, Avg: 1.0, Max: 2, Diff: 2, Sum: 6]
      [Scan RS (ms): Min: 0.1, Avg: 0.1, Max: 0.1, Diff: 0.0, Sum: 0.6]
      [Code Root Scanning (ms): Min: 0.0, Avg: 0.0, Max: 0.0, Diff: 0.0, Sum: 0.0]
      [Object Copy (ms): Min: 0.1, Avg: 0.1, Max: 0.2, Diff: 0.1, Sum: 0.9]
      [Termination (ms): Min: 0.0, Avg: 0.0, Max: 0.0, Diff: 0.0, Sum: 0.1]
         [Termination Attempts: Min: 1, Avg: 1.2, Max: 2, Diff: 1, Sum: 7]
      [GC Worker Other (ms): Min: 0.0, Avg: 0.0, Max: 0.0, Diff: 0.0, Sum: 0.1]
      [GC Worker Total (ms): Min: 0.5, Avg: 0.6, Max: 0.6, Diff: 0.1, Sum: 3.3]
      [GC Worker End (ms): Min: 1045721.6, Avg: 1045721.6, Max: 1045721.6, Diff: 0.0]
   [Code Root Fixup: 0.0 ms]
   [Code Root Purge: 0.0 ms]
   [Clear CT: 0.2 ms]
   [Other: 0.7 ms]
      [Choose CSet: 0.0 ms]
      [Ref Proc: 0.2 ms]
      [Ref Enq: 0.0 ms]
      [Redirty Cards: 0.1 ms]
      [Humongous Register: 0.0 ms]
      [Humongous Reclaim: 0.0 ms]
      [Free CSet: 0.3 ms]
   [Eden: 612.0M(612.0M)->0.0B(612.0M) Survivors: 2048.0K->2048.0K Heap: 619.1M(1024.0M)->7295.0K(1024.0M)]
 [Times: user=0.00 sys=0.00, real=0.00 secs] 
2024-10-11T08:51:05.336+0300: 1045.723: Total time for which application threads were stopped: 0.0019637 seconds, Stopping threads took: 0.0001833 seconds
2024-10-11T08:51:07.391+0300: 1047.767: Application time: 2.0444461 seconds
2024-10-11T08:51:07.391+0300: 1047.767: [GC pause (G1 Evacuation Pause) (young), 0.0013878 secs]
   [Parallel Time: 0.6 ms, GC Workers: 6]
      [GC Worker Start (ms): Min: 1047767.5, Avg: 1047767.5, Max: 1047767.5, Diff: 0.0]
      [Ext Root Scanning (ms): Min: 0.2, Avg: 0.2, Max: 0.3, Diff: 0.0, Sum: 1.5]
      [Update RS (ms): Min: 0.0, Avg: 0.0, Max: 0.0, Diff: 0.0, Sum: 0.1]
         [Processed Buffers: Min: 0, Avg: 0.8, Max: 2, Diff: 2, Sum: 5]
      [Scan RS (ms): Min: 0.1, Avg: 0.1, Max: 0.1, Diff: 0.0, Sum: 0.5]
      [Code Root Scanning (ms): Min: 0.0, Avg: 0.0, Max: 0.0, Diff: 0.0, Sum: 0.0]
      [Object Copy (ms): Min: 0.1, Avg: 0.1, Max: 0.2, Diff: 0.1, Sum: 0.7]
      [Termination (ms): Min: 0.0, Avg: 0.0, Max: 0.0, Diff: 0.0, Sum: 0.0]
         [Termination Attempts: Min: 1, Avg: 1.0, Max: 1, Diff: 0, Sum: 6]
      [GC Worker Other (ms): Min: 0.0, Avg: 0.0, Max: 0.0, Diff: 0.0, Sum: 0.1]
      [GC Worker Total (ms): Min: 0.5, Avg: 0.5, Max: 0.5, Diff: 0.1, Sum: 2.9]
      [GC Worker End (ms): Min: 1047768.0, Avg: 1047768.0, Max: 1047768.0, Diff: 0.0]
   [Code Root Fixup: 0.0 ms]
   [Code Root Purge: 0.0 ms]
   [Clear CT: 0.2 ms]
   [Other: 0.6 ms]
      [Choose CSet: 0.0 ms]
      [Ref Proc: 0.1 ms]
      [Ref Enq: 0.0 ms]
      [Redirty Cards: 0.1 ms]
      [Humongous Register: 0.0 ms]
      [Humongous Reclaim: 0.0 ms]
      [Free CSet: 0.3 ms]
   [Eden: 612.0M(612.0M)->0.0B(612.0M) Survivors: 2048.0K->2048.0K Heap: 619.1M(1024.0M)->7203.4K(1024.0M)]
 [Times: user=0.00 sys=0.00, real=0.00 secs] 
2024-10-11T08:51:07.391+0300: 1047.769: Total time for which application threads were stopped: 0.0018142 seconds, Stopping threads took: 0.0002199 seconds
2024-10-11T08:51:09.432+0300: 1049.808: Application time: 2.0389090 seconds
2024-10-11T08:51:09.432+0300: 1049.808: [GC pause (G1 Evacuation Pause) (young), 0.0014712 secs]
   [Parallel Time: 0.7 ms, GC Workers: 6]
      [GC Worker Start (ms): Min: 1049808.1, Avg: 1049808.1, Max: 1049808.1, Diff: 0.0]
      [Ext Root Scanning (ms): Min: 0.2, Avg: 0.2, Max: 0.3, Diff: 0.0, Sum: 1.5]
      [Update RS (ms): Min: 0.0, Avg: 0.0, Max: 0.0, Diff: 0.0, Sum: 0.1]
         [Processed Buffers: Min: 0, Avg: 0.8, Max: 2, Diff: 2, Sum: 5]
      [Scan RS (ms): Min: 0.1, Avg: 0.1, Max: 0.1, Diff: 0.0, Sum: 0.6]
      [Code Root Scanning (ms): Min: 0.0, Avg: 0.0, Max: 0.0, Diff: 0.0, Sum: 0.0]
      [Object Copy (ms): Min: 0.1, Avg: 0.1, Max: 0.2, Diff: 0.1, Sum: 0.8]
      [Termination (ms): Min: 0.0, Avg: 0.0, Max: 0.0, Diff: 0.0, Sum: 0.1]
         [Termination Attempts: Min: 1, Avg: 1.0, Max: 1, Diff: 0, Sum: 6]
      [GC Worker Other (ms): Min: 0.0, Avg: 0.0, Max: 0.1, Diff: 0.0, Sum: 0.2]
      [GC Worker Total (ms): Min: 0.5, Avg: 0.5, Max: 0.6, Diff: 0.1, Sum: 3.1]
      [GC Worker End (ms): Min: 1049808.6, Avg: 1049808.6, Max: 1049808.6, Diff: 0.0]
   [Code Root Fixup: 0.0 ms]
   [Code Root Purge: 0.0 ms]
   [Clear CT: 0.2 ms]
   [Other: 0.6 ms]
      [Choose CSet: 0.0 ms]
      [Ref Proc: 0.1 ms]
      [Ref Enq: 0.0 ms]
      [Redirty Cards: 0.1 ms]
      [Humongous Register: 0.0 ms]
      [Humongous Reclaim: 0.0 ms]
      [Free CSet: 0.3 ms]
   [Eden: 612.0M(612.0M)->0.0B(612.0M) Survivors: 2048.0K->2048.0K Heap: 619.0M(1024.0M)->7495.0K(1024.0M)]
 [Times: user=0.00 sys=0.00, real=0.00 secs] 
2024-10-11T08:51:09.432+0300: 1049.810: Total time for which application threads were stopped: 0.0017798 seconds, Stopping threads took: 0.0001125 seconds
2024-10-11T08:51:11.471+0300: 1051.850: Application time: 2.0408024 seconds
2024-10-11T08:51:11.471+0300: 1051.851: [GC pause (G1 Evacuation Pause) (young), 0.0014487 secs]
   [Parallel Time: 0.7 ms, GC Workers: 6]
      [GC Worker Start (ms): Min: 1051850.7, Avg: 1051850.8, Max: 1051850.8, Diff: 0.1]
      [Ext Root Scanning (ms): Min: 0.2, Avg: 0.3, Max: 0.3, Diff: 0.1, Sum: 1.5]
      [Update RS (ms): Min: 0.0, Avg: 0.0, Max: 0.0, Diff: 0.0, Sum: 0.1]
         [Processed Buffers: Min: 0, Avg: 0.8, Max: 2, Diff: 2, Sum: 5]
      [Scan RS (ms): Min: 0.1, Avg: 0.1, Max: 0.1, Diff: 0.0, Sum: 0.6]
      [Code Root Scanning (ms): Min: 0.0, Avg: 0.0, Max: 0.0, Diff: 0.0, Sum: 0.0]
      [Object Copy (ms): Min: 0.1, Avg: 0.1, Max: 0.2, Diff: 0.1, Sum: 0.7]
      [Termination (ms): Min: 0.0, Avg: 0.0, Max: 0.0, Diff: 0.0, Sum: 0.1]
         [Termination Attempts: Min: 1, Avg: 1.0, Max: 1, Diff: 0, Sum: 6]
      [GC Worker Other (ms): Min: 0.0, Avg: 0.0, Max: 0.0, Diff: 0.0, Sum: 0.1]
      [GC Worker Total (ms): Min: 0.5, Avg: 0.5, Max: 0.6, Diff: 0.1, Sum: 3.1]
      [GC Worker End (ms): Min: 1051851.3, Avg: 1051851.3, Max: 1051851.3, Diff: 0.0]
   [Code Root Fixup: 0.0 ms]
   [Code Root Purge: 0.0 ms]
   [Clear CT: 0.2 ms]
   [Other: 0.6 ms]
      [Choose CSet: 0.0 ms]
      [Ref Proc: 0.1 ms]
      [Ref Enq: 0.0 ms]
      [Redirty Cards: 0.1 ms]
      [Humongous Register: 0.0 ms]
      [Humongous Reclaim: 0.0 ms]
      [Free CSet: 0.3 ms]
   [Eden: 612.0M(612.0M)->0.0B(612.0M) Survivors: 2048.0K->2048.0K Heap: 619.3M(1024.0M)->7165.0K(1024.0M)]
 [Times: user=0.00 sys=0.00, real=0.00 secs] 
2024-10-11T08:51:11.471+0300: 1051.852: Total time for which application threads were stopped: 0.0017596 seconds, Stopping threads took: 0.0001264 seconds
2024-10-11T08:51:13.526+0300: 1053.902: Application time: 2.0500719 seconds
2024-10-11T08:51:13.526+0300: 1053.902: [GC pause (G1 Evacuation Pause) (young), 0.0013633 secs]
   [Parallel Time: 0.6 ms, GC Workers: 6]
      [GC Worker Start (ms): Min: 1053902.5, Avg: 1053902.5, Max: 1053902.6, Diff: 0.1]
      [Ext Root Scanning (ms): Min: 0.2, Avg: 0.3, Max: 0.3, Diff: 0.1, Sum: 1.5]
      [Update RS (ms): Min: 0.0, Avg: 0.0, Max: 0.0, Diff: 0.0, Sum: 0.1]
         [Processed Buffers: Min: 0, Avg: 1.0, Max: 2, Diff: 2, Sum: 6]
      [Scan RS (ms): Min: 0.1, Avg: 0.1, Max: 0.1, Diff: 0.0, Sum: 0.6]
      [Code Root Scanning (ms): Min: 0.0, Avg: 0.0, Max: 0.0, Diff: 0.0, Sum: 0.0]
      [Object Copy (ms): Min: 0.1, Avg: 0.1, Max: 0.2, Diff: 0.1, Sum: 0.7]
      [Termination (ms): Min: 0.0, Avg: 0.0, Max: 0.0, Diff: 0.0, Sum: 0.1]
         [Termination Attempts: Min: 1, Avg: 1.0, Max: 1, Diff: 0, Sum: 6]
      [GC Worker Other (ms): Min: 0.0, Avg: 0.0, Max: 0.0, Diff: 0.0, Sum: 0.1]
      [GC Worker Total (ms): Min: 0.5, Avg: 0.5, Max: 0.6, Diff: 0.1, Sum: 3.2]
      [GC Worker End (ms): Min: 1053903.1, Avg: 1053903.1, Max: 1053903.1, Diff: 0.0]
   [Code Root Fixup: 0.0 ms]
   [Code Root Purge: 0.0 ms]
   [Clear CT: 0.2 ms]
   [Other: 0.6 ms]
      [Choose CSet: 0.0 ms]
      [Ref Proc: 0.1 ms]
      [Ref Enq: 0.0 ms]
      [Redirty Cards: 0.1 ms]
      [Humongous Register: 0.0 ms]
      [Humongous Reclaim: 0.0 ms]
      [Free CSet: 0.3 ms]
   [Eden: 612.0M(612.0M)->0.0B(612.0M) Survivors: 2048.0K->2048.0K Heap: 619.0M(1024.0M)->7266.8K(1024.0M)]
 [Times: user=0.00 sys=0.00, real=0.00 secs] 
2024-10-11T08:51:13.526+0300: 1053.904: Total time for which application threads were stopped: 0.0017011 seconds, Stopping threads took: 0.0001707 seconds
2024-10-11T08:51:15.583+0300: 1055.958: Application time: 2.0542266 seconds
2024-10-11T08:51:15.583+0300: 1055.958: [GC pause (G1 Evacuation Pause) (young), 0.0014151 secs]
   [Parallel Time: 0.6 ms, GC Workers: 6]
      [GC Worker Start (ms): Min: 1055958.5, Avg: 1055958.5, Max: 1055958.6, Diff: 0.1]
      [Ext Root Scanning (ms): Min: 0.2, Avg: 0.3, Max: 0.3, Diff: 0.1, Sum: 1.5]
      [Update RS (ms): Min: 0.0, Avg: 0.0, Max: 0.0, Diff: 0.0, Sum: 0.1]
         [Processed Buffers: Min: 0, Avg: 0.8, Max: 2, Diff: 2, Sum: 5]
      [Scan RS (ms): Min: 0.1, Avg: 0.1, Max: 0.1, Diff: 0.0, Sum: 0.5]
      [Code Root Scanning (ms): Min: 0.0, Avg: 0.0, Max: 0.0, Diff: 0.0, Sum: 0.0]
      [Object Copy (ms): Min: 0.1, Avg: 0.1, Max: 0.2, Diff: 0.1, Sum: 0.7]
      [Termination (ms): Min: 0.0, Avg: 0.0, Max: 0.0, Diff: 0.0, Sum: 0.1]
         [Termination Attempts: Min: 1, Avg: 1.0, Max: 1, Diff: 0, Sum: 6]
      [GC Worker Other (ms): Min: 0.0, Avg: 0.0, Max: 0.0, Diff: 0.0, Sum: 0.1]
      [GC Worker Total (ms): Min: 0.5, Avg: 0.5, Max: 0.5, Diff: 0.1, Sum: 3.0]
      [GC Worker End (ms): Min: 1055959.0, Avg: 1055959.0, Max: 1055959.0, Diff: 0.0]
   [Code Root Fixup: 0.0 ms]
   [Code Root Purge: 0.0 ms]
   [Clear CT: 0.2 ms]
   [Other: 0.6 ms]
      [Choose CSet: 0.0 ms]
      [Ref Proc: 0.1 ms]
      [Ref Enq: 0.0 ms]
      [Redirty Cards: 0.1 ms]
      [Humongous Register: 0.0 ms]
      [Humongous Reclaim: 0.0 ms]
      [Free CSet: 0.3 ms]
   [Eden: 612.0M(612.0M)->0.0B(612.0M) Survivors: 2048.0K->2048.0K Heap: 619.1M(1024.0M)->7097.6K(1024.0M)]
 [Times: user=0.00 sys=0.00, real=0.00 secs] 
2024-10-11T08:51:15.583+0300: 1055.960: Total time for which application threads were stopped: 0.0017829 seconds, Stopping threads took: 0.0001542 seconds
2024-10-11T08:51:17.623+0300: 1057.995: Application time: 2.0355496 seconds
2024-10-11T08:51:17.623+0300: 1057.996: [GC pause (G1 Evacuation Pause) (young), 0.0013994 secs]
   [Parallel Time: 0.7 ms, GC Workers: 6]
      [GC Worker Start (ms): Min: 1057995.8, Avg: 1057995.9, Max: 1057996.1, Diff: 0.3]
      [Ext Root Scanning (ms): Min: 0.0, Avg: 0.2, Max: 0.3, Diff: 0.3, Sum: 1.4]
      [Update RS (ms): Min: 0.0, Avg: 0.0, Max: 0.0, Diff: 0.0, Sum: 0.1]
         [Processed Buffers: Min: 0, Avg: 0.8, Max: 2, Diff: 2, Sum: 5]
      [Scan RS (ms): Min: 0.1, Avg: 0.1, Max: 0.1, Diff: 0.0, Sum: 0.6]
      [Code Root Scanning (ms): Min: 0.0, Avg: 0.0, Max: 0.0, Diff: 0.0, Sum: 0.0]
      [Object Copy (ms): Min: 0.1, Avg: 0.2, Max: 0.2, Diff: 0.1, Sum: 0.9]
      [Termination (ms): Min: 0.0, Avg: 0.0, Max: 0.0, Diff: 0.0, Sum: 0.1]
         [Termination Attempts: Min: 1, Avg: 1.0, Max: 1, Diff: 0, Sum: 6]
      [GC Worker Other (ms): Min: 0.0, Avg: 0.0, Max: 0.0, Diff: 0.0, Sum: 0.2]
      [GC Worker Total (ms): Min: 0.3, Avg: 0.5, Max: 0.6, Diff: 0.3, Sum: 3.3]
      [GC Worker End (ms): Min: 1057996.4, Avg: 1057996.4, Max: 1057996.4, Diff: 0.0]
   [Code Root Fixup: 0.0 ms]
   [Code Root Purge: 0.0 ms]
   [Clear CT: 0.2 ms]
   [Other: 0.6 ms]
      [Choose CSet: 0.0 ms]
      [Ref Proc: 0.1 ms]
      [Ref Enq: 0.0 ms]
      [Redirty Cards: 0.1 ms]
      [Humongous Register: 0.0 ms]
      [Humongous Reclaim: 0.0 ms]
      [Free CSet: 0.3 ms]
   [Eden: 612.0M(612.0M)->0.0B(612.0M) Survivors: 2048.0K->2048.0K Heap: 618.9M(1024.0M)->7274.4K(1024.0M)]
 [Times: user=0.00 sys=0.00, real=0.00 secs] 
2024-10-11T08:51:17.623+0300: 1057.997: Total time for which application threads were stopped: 0.0017253 seconds, Stopping threads took: 0.0001534 seconds
2024-10-11T08:51:19.648+0300: 1060.033: Application time: 2.0358775 seconds
2024-10-11T08:51:19.648+0300: 1060.033: [GC pause (G1 Evacuation Pause) (young), 0.0013707 secs]
   [Parallel Time: 0.6 ms, GC Workers: 6]
      [GC Worker Start (ms): Min: 1060033.4, Avg: 1060033.4, Max: 1060033.4, Diff: 0.1]
      [Ext Root Scanning (ms): Min: 0.2, Avg: 0.3, Max: 0.3, Diff: 0.1, Sum: 1.5]
      [Update RS (ms): Min: 0.0, Avg: 0.0, Max: 0.0, Diff: 0.0, Sum: 0.1]
         [Processed Buffers: Min: 0, Avg: 0.8, Max: 2, Diff: 2, Sum: 5]
      [Scan RS (ms): Min: 0.1, Avg: 0.1, Max: 0.1, Diff: 0.0, Sum: 0.6]
      [Code Root Scanning (ms): Min: 0.0, Avg: 0.0, Max: 0.0, Diff: 0.0, Sum: 0.0]
      [Object Copy (ms): Min: 0.1, Avg: 0.1, Max: 0.2, Diff: 0.1, Sum: 0.8]
      [Termination (ms): Min: 0.0, Avg: 0.0, Max: 0.0, Diff: 0.0, Sum: 0.1]
         [Termination Attempts: Min: 1, Avg: 1.0, Max: 1, Diff: 0, Sum: 6]
      [GC Worker Other (ms): Min: 0.0, Avg: 0.0, Max: 0.0, Diff: 0.0, Sum: 0.1]
      [GC Worker Total (ms): Min: 0.5, Avg: 0.5, Max: 0.6, Diff: 0.1, Sum: 3.2]
      [GC Worker End (ms): Min: 1060033.9, Avg: 1060033.9, Max: 1060034.0, Diff: 0.0]
   [Code Root Fixup: 0.0 ms]
   [Code Root Purge: 0.0 ms]
   [Clear CT: 0.2 ms]
   [Other: 0.6 ms]
      [Choose CSet: 0.0 ms]
      [Ref Proc: 0.1 ms]
      [Ref Enq: 0.0 ms]
      [Redirty Cards: 0.1 ms]
      [Humongous Register: 0.0 ms]
      [Humongous Reclaim: 0.0 ms]
      [Free CSet: 0.2 ms]
   [Eden: 612.0M(612.0M)->0.0B(612.0M) Survivors: 2048.0K->2048.0K Heap: 619.1M(1024.0M)->7391.2K(1024.0M)]
 [Times: user=0.00 sys=0.00, real=0.00 secs] 
2024-10-11T08:51:19.648+0300: 1060.035: Total time for which application threads were stopped: 0.0016891 seconds, Stopping threads took: 0.0001368 seconds
2024-10-11T08:51:21.688+0300: 1062.072: Application time: 2.0367147 seconds
2024-10-11T08:51:21.688+0300: 1062.072: [GC pause (G1 Evacuation Pause) (young), 0.0013384 secs]
   [Parallel Time: 0.6 ms, GC Workers: 6]
      [GC Worker Start (ms): Min: 1062071.8, Avg: 1062071.8, Max: 1062071.9, Diff: 0.1]
      [Ext Root Scanning (ms): Min: 0.2, Avg: 0.3, Max: 0.3, Diff: 0.1, Sum: 1.5]
      [Update RS (ms): Min: 0.0, Avg: 0.0, Max: 0.0, Diff: 0.0, Sum: 0.1]
         [Processed Buffers: Min: 0, Avg: 1.0, Max: 2, Diff: 2, Sum: 6]
      [Scan RS (ms): Min: 0.1, Avg: 0.1, Max: 0.1, Diff: 0.0, Sum: 0.6]
      [Code Root Scanning (ms): Min: 0.0, Avg: 0.0, Max: 0.0, Diff: 0.0, Sum: 0.0]
      [Object Copy (ms): Min: 0.1, Avg: 0.1, Max: 0.2, Diff: 0.0, Sum: 0.9]
      [Termination (ms): Min: 0.0, Avg: 0.0, Max: 0.0, Diff: 0.0, Sum: 0.0]
         [Termination Attempts: Min: 1, Avg: 1.0, Max: 1, Diff: 0, Sum: 6]
      [GC Worker Other (ms): Min: 0.0, Avg: 0.0, Max: 0.0, Diff: 0.0, Sum: 0.1]
      [GC Worker Total (ms): Min: 0.5, Avg: 0.5, Max: 0.6, Diff: 0.0, Sum: 3.2]
      [GC Worker End (ms): Min: 1062072.4, Avg: 1062072.4, Max: 1062072.4, Diff: 0.0]
   [Code Root Fixup: 0.0 ms]
   [Code Root Purge: 0.0 ms]
   [Clear CT: 0.2 ms]
   [Other: 0.6 ms]
      [Choose CSet: 0.0 ms]
      [Ref Proc: 0.1 ms]
      [Ref Enq: 0.0 ms]
      [Redirty Cards: 0.1 ms]
      [Humongous Register: 0.0 ms]
      [Humongous Reclaim: 0.0 ms]
      [Free CSet: 0.2 ms]
   [Eden: 612.0M(612.0M)->0.0B(612.0M) Survivors: 2048.0K->2048.0K Heap: 619.2M(1024.0M)->7174.1K(1024.0M)]
 [Times: user=0.00 sys=0.00, real=0.00 secs] 
2024-10-11T08:51:21.688+0300: 1062.073: Total time for which application threads were stopped: 0.0016797 seconds, Stopping threads took: 0.0001651 seconds
2024-10-11T08:51:23.744+0300: 1064.119: Application time: 2.0460775 seconds
2024-10-11T08:51:23.744+0300: 1064.120: [GC pause (G1 Evacuation Pause) (young), 0.0015492 secs]
   [Parallel Time: 0.7 ms, GC Workers: 6]
      [GC Worker Start (ms): Min: 1064119.6, Avg: 1064119.7, Max: 1064119.7, Diff: 0.1]
      [Ext Root Scanning (ms): Min: 0.2, Avg: 0.3, Max: 0.3, Diff: 0.1, Sum: 1.5]
      [Update RS (ms): Min: 0.0, Avg: 0.0, Max: 0.0, Diff: 0.0, Sum: 0.1]
         [Processed Buffers: Min: 0, Avg: 0.8, Max: 3, Diff: 3, Sum: 5]
      [Scan RS (ms): Min: 0.1, Avg: 0.1, Max: 0.1, Diff: 0.0, Sum: 0.6]
      [Code Root Scanning (ms): Min: 0.0, Avg: 0.0, Max: 0.0, Diff: 0.0, Sum: 0.0]
      [Object Copy (ms): Min: 0.1, Avg: 0.1, Max: 0.2, Diff: 0.1, Sum: 0.8]
      [Termination (ms): Min: 0.0, Avg: 0.0, Max: 0.0, Diff: 0.0, Sum: 0.0]
         [Termination Attempts: Min: 1, Avg: 1.0, Max: 1, Diff: 0, Sum: 6]
      [GC Worker Other (ms): Min: 0.0, Avg: 0.0, Max: 0.1, Diff: 0.0, Sum: 0.2]
      [GC Worker Total (ms): Min: 0.5, Avg: 0.5, Max: 0.6, Diff: 0.1, Sum: 3.2]
      [GC Worker End (ms): Min: 1064120.2, Avg: 1064120.2, Max: 1064120.2, Diff: 0.0]
   [Code Root Fixup: 0.0 ms]
   [Code Root Purge: 0.0 ms]
   [Clear CT: 0.2 ms]
   [Other: 0.7 ms]
      [Choose CSet: 0.0 ms]
      [Ref Proc: 0.2 ms]
      [Ref Enq: 0.0 ms]
      [Redirty Cards: 0.1 ms]
      [Humongous Register: 0.0 ms]
      [Humongous Reclaim: 0.0 ms]
      [Free CSet: 0.3 ms]
   [Eden: 612.0M(612.0M)->0.0B(612.0M) Survivors: 2048.0K->2048.0K Heap: 619.0M(1024.0M)->7272.7K(1024.0M)]
 [Times: user=0.00 sys=0.00, real=0.00 secs] 
2024-10-11T08:51:23.744+0300: 1064.121: Total time for which application threads were stopped: 0.0019621 seconds, Stopping threads took: 0.0001852 seconds
2024-10-11T08:51:25.788+0300: 1066.160: Application time: 2.0388112 seconds
2024-10-11T08:51:25.788+0300: 1066.160: [GC pause (G1 Evacuation Pause) (young), 0.0014224 secs]
   [Parallel Time: 0.7 ms, GC Workers: 6]
      [GC Worker Start (ms): Min: 1066160.4, Avg: 1066160.4, Max: 1066160.4, Diff: 0.1]
      [Ext Root Scanning (ms): Min: 0.2, Avg: 0.3, Max: 0.3, Diff: 0.1, Sum: 1.5]
      [Update RS (ms): Min: 0.0, Avg: 0.0, Max: 0.0, Diff: 0.0, Sum: 0.1]
         [Processed Buffers: Min: 0, Avg: 0.8, Max: 3, Diff: 3, Sum: 5]
      [Scan RS (ms): Min: 0.0, Avg: 0.1, Max: 0.1, Diff: 0.1, Sum: 0.5]
      [Code Root Scanning (ms): Min: 0.0, Avg: 0.0, Max: 0.0, Diff: 0.0, Sum: 0.0]
      [Object Copy (ms): Min: 0.1, Avg: 0.2, Max: 0.3, Diff: 0.2, Sum: 1.0]
      [Termination (ms): Min: 0.0, Avg: 0.0, Max: 0.1, Diff: 0.1, Sum: 0.2]
         [Termination Attempts: Min: 1, Avg: 1.7, Max: 2, Diff: 1, Sum: 10]
      [GC Worker Other (ms): Min: 0.0, Avg: 0.0, Max: 0.0, Diff: 0.0, Sum: 0.1]
      [GC Worker Total (ms): Min: 0.5, Avg: 0.6, Max: 0.6, Diff: 0.1, Sum: 3.5]
      [GC Worker End (ms): Min: 1066161.0, Avg: 1066161.0, Max: 1066161.0, Diff: 0.0]
   [Code Root Fixup: 0.0 ms]
   [Code Root Purge: 0.0 ms]
   [Clear CT: 0.1 ms]
   [Other: 0.6 ms]
      [Choose CSet: 0.0 ms]
      [Ref Proc: 0.1 ms]
      [Ref Enq: 0.0 ms]
      [Redirty Cards: 0.1 ms]
      [Humongous Register: 0.0 ms]
      [Humongous Reclaim: 0.0 ms]
      [Free CSet: 0.3 ms]
   [Eden: 612.0M(612.0M)->0.0B(612.0M) Survivors: 2048.0K->2048.0K Heap: 619.1M(1024.0M)->7349.1K(1024.0M)]
 [Times: user=0.00 sys=0.00, real=0.00 secs] 
2024-10-11T08:51:25.788+0300: 1066.162: Total time for which application threads were stopped: 0.0017827 seconds, Stopping threads took: 0.0001773 seconds
2024-10-11T08:51:27.823+0300: 1068.197: Application time: 2.0348244 seconds
2024-10-11T08:51:27.823+0300: 1068.197: [GC pause (G1 Evacuation Pause) (young), 0.0013909 secs]
   [Parallel Time: 0.6 ms, GC Workers: 6]
      [GC Worker Start (ms): Min: 1068196.9, Avg: 1068197.0, Max: 1068197.0, Diff: 0.1]
      [Ext Root Scanning (ms): Min: 0.2, Avg: 0.3, Max: 0.3, Diff: 0.1, Sum: 1.6]
      [Update RS (ms): Min: 0.0, Avg: 0.0, Max: 0.0, Diff: 0.0, Sum: 0.1]
         [Processed Buffers: Min: 0, Avg: 0.8, Max: 3, Diff: 3, Sum: 5]
      [Scan RS (ms): Min: 0.1, Avg: 0.1, Max: 0.1, Diff: 0.0, Sum: 0.6]
      [Code Root Scanning (ms): Min: 0.0, Avg: 0.0, Max: 0.0, Diff: 0.0, Sum: 0.0]
      [Object Copy (ms): Min: 0.1, Avg: 0.1, Max: 0.2, Diff: 0.1, Sum: 0.8]
      [Termination (ms): Min: 0.0, Avg: 0.0, Max: 0.0, Diff: 0.0, Sum: 0.0]
         [Termination Attempts: Min: 1, Avg: 1.2, Max: 2, Diff: 1, Sum: 7]
      [GC Worker Other (ms): Min: 0.0, Avg: 0.0, Max: 0.0, Diff: 0.0, Sum: 0.2]
      [GC Worker Total (ms): Min: 0.5, Avg: 0.5, Max: 0.6, Diff: 0.1, Sum: 3.2]
      [GC Worker End (ms): Min: 1068197.5, Avg: 1068197.5, Max: 1068197.5, Diff: 0.0]
   [Code Root Fixup: 0.0 ms]
   [Code Root Purge: 0.0 ms]
   [Clear CT: 0.2 ms]
   [Other: 0.6 ms]
      [Choose CSet: 0.0 ms]
      [Ref Proc: 0.1 ms]
      [Ref Enq: 0.0 ms]
      [Redirty Cards: 0.1 ms]
      [Humongous Register: 0.0 ms]
      [Humongous Reclaim: 0.0 ms]
      [Free CSet: 0.3 ms]
   [Eden: 612.0M(612.0M)->0.0B(612.0M) Survivors: 2048.0K->2048.0K Heap: 619.2M(1024.0M)->7314.1K(1024.0M)]
 [Times: user=0.00 sys=0.00, real=0.00 secs] 
2024-10-11T08:51:27.823+0300: 1068.198: Total time for which application threads were stopped: 0.0016927 seconds, Stopping threads took: 0.0001218 seconds
2024-10-11T08:51:29.862+0300: 1070.245: Application time: 2.0470253 seconds
2024-10-11T08:51:29.862+0300: 1070.246: [GC pause (G1 Evacuation Pause) (young), 0.0017013 secs]
   [Parallel Time: 0.7 ms, GC Workers: 6]
      [GC Worker Start (ms): Min: 1070245.6, Avg: 1070245.9, Max: 1070246.3, Diff: 0.7]
      [Ext Root Scanning (ms): Min: 0.0, Avg: 0.2, Max: 0.3, Diff: 0.3, Sum: 0.9]
      [Update RS (ms): Min: 0.0, Avg: 0.0, Max: 0.0, Diff: 0.0, Sum: 0.0]
         [Processed Buffers: Min: 0, Avg: 1.0, Max: 4, Diff: 4, Sum: 6]
      [Scan RS (ms): Min: 0.0, Avg: 0.1, Max: 0.3, Diff: 0.3, Sum: 0.7]
      [Code Root Scanning (ms): Min: 0.0, Avg: 0.0, Max: 0.0, Diff: 0.0, Sum: 0.0]
      [Object Copy (ms): Min: 0.0, Avg: 0.1, Max: 0.2, Diff: 0.2, Sum: 0.7]
      [Termination (ms): Min: 0.0, Avg: 0.1, Max: 0.1, Diff: 0.1, Sum: 0.4]
         [Termination Attempts: Min: 1, Avg: 9.8, Max: 27, Diff: 26, Sum: 59]
      [GC Worker Other (ms): Min: 0.0, Avg: 0.0, Max: 0.0, Diff: 0.0, Sum: 0.1]
      [GC Worker Total (ms): Min: 0.0, Avg: 0.5, Max: 0.7, Diff: 0.7, Sum: 2.9]
      [GC Worker End (ms): Min: 1070246.3, Avg: 1070246.4, Max: 1070246.4, Diff: 0.0]
   [Code Root Fixup: 0.0 ms]
   [Code Root Purge: 0.0 ms]
   [Clear CT: 0.2 ms]
   [Other: 0.8 ms]
      [Choose CSet: 0.0 ms]
      [Ref Proc: 0.2 ms]
      [Ref Enq: 0.0 ms]
      [Redirty Cards: 0.1 ms]
      [Humongous Register: 0.0 ms]
      [Humongous Reclaim: 0.0 ms]
      [Free CSet: 0.3 ms]
   [Eden: 612.0M(612.0M)->0.0B(612.0M) Survivors: 2048.0K->2048.0K Heap: 619.1M(1024.0M)->7217.6K(1024.0M)]
 [Times: user=0.00 sys=0.00, real=0.00 secs] 
2024-10-11T08:51:29.862+0300: 1070.247: Total time for which application threads were stopped: 0.0020159 seconds, Stopping threads took: 0.0001159 seconds
2024-10-11T08:51:31.903+0300: 1072.285: Application time: 2.0374250 seconds
2024-10-11T08:51:31.903+0300: 1072.285: [GC pause (G1 Evacuation Pause) (young), 0.0014970 secs]
   [Parallel Time: 0.6 ms, GC Workers: 6]
      [GC Worker Start (ms): Min: 1072285.1, Avg: 1072285.1, Max: 1072285.1, Diff: 0.0]
      [Ext Root Scanning (ms): Min: 0.2, Avg: 0.2, Max: 0.3, Diff: 0.0, Sum: 1.4]
      [Update RS (ms): Min: 0.0, Avg: 0.0, Max: 0.0, Diff: 0.0, Sum: 0.1]
         [Processed Buffers: Min: 0, Avg: 1.0, Max: 3, Diff: 3, Sum: 6]
      [Scan RS (ms): Min: 0.1, Avg: 0.1, Max: 0.1, Diff: 0.0, Sum: 0.5]
      [Code Root Scanning (ms): Min: 0.0, Avg: 0.0, Max: 0.0, Diff: 0.0, Sum: 0.0]
      [Object Copy (ms): Min: 0.1, Avg: 0.1, Max: 0.2, Diff: 0.1, Sum: 0.7]
      [Termination (ms): Min: 0.0, Avg: 0.0, Max: 0.0, Diff: 0.0, Sum: 0.0]
         [Termination Attempts: Min: 1, Avg: 1.0, Max: 1, Diff: 0, Sum: 6]
      [GC Worker Other (ms): Min: 0.0, Avg: 0.0, Max: 0.0, Diff: 0.0, Sum: 0.1]
      [GC Worker Total (ms): Min: 0.5, Avg: 0.5, Max: 0.5, Diff: 0.1, Sum: 2.9]
      [GC Worker End (ms): Min: 1072285.6, Avg: 1072285.6, Max: 1072285.6, Diff: 0.0]
   [Code Root Fixup: 0.0 ms]
   [Code Root Purge: 0.0 ms]
   [Clear CT: 0.2 ms]
   [Other: 0.7 ms]
      [Choose CSet: 0.0 ms]
      [Ref Proc: 0.2 ms]
      [Ref Enq: 0.0 ms]
      [Redirty Cards: 0.1 ms]
      [Humongous Register: 0.0 ms]
      [Humongous Reclaim: 0.0 ms]
      [Free CSet: 0.2 ms]
   [Eden: 612.0M(612.0M)->0.0B(612.0M) Survivors: 2048.0K->2048.0K Heap: 619.0M(1024.0M)->7403.1K(1024.0M)]
 [Times: user=0.00 sys=0.00, real=0.00 secs] 
2024-10-11T08:51:31.903+0300: 1072.287: Total time for which application threads were stopped: 0.0018116 seconds, Stopping threads took: 0.0001188 seconds
2024-10-11T08:51:33.959+0300: 1074.336: Application time: 2.0494383 seconds
2024-10-11T08:51:33.959+0300: 1074.336: [GC pause (G1 Evacuation Pause) (young), 0.0013656 secs]
   [Parallel Time: 0.6 ms, GC Workers: 6]
      [GC Worker Start (ms): Min: 1074336.4, Avg: 1074336.4, Max: 1074336.4, Diff: 0.0]
      [Ext Root Scanning (ms): Min: 0.2, Avg: 0.2, Max: 0.3, Diff: 0.0, Sum: 1.5]
      [Update RS (ms): Min: 0.0, Avg: 0.0, Max: 0.0, Diff: 0.0, Sum: 0.1]
         [Processed Buffers: Min: 0, Avg: 1.2, Max: 3, Diff: 3, Sum: 7]
      [Scan RS (ms): Min: 0.1, Avg: 0.1, Max: 0.1, Diff: 0.0, Sum: 0.6]
      [Code Root Scanning (ms): Min: 0.0, Avg: 0.0, Max: 0.0, Diff: 0.0, Sum: 0.0]
      [Object Copy (ms): Min: 0.1, Avg: 0.1, Max: 0.2, Diff: 0.1, Sum: 0.8]
      [Termination (ms): Min: 0.0, Avg: 0.0, Max: 0.0, Diff: 0.0, Sum: 0.1]
         [Termination Attempts: Min: 1, Avg: 1.0, Max: 1, Diff: 0, Sum: 6]
      [GC Worker Other (ms): Min: 0.0, Avg: 0.0, Max: 0.0, Diff: 0.0, Sum: 0.1]
      [GC Worker Total (ms): Min: 0.5, Avg: 0.5, Max: 0.5, Diff: 0.1, Sum: 3.1]
      [GC Worker End (ms): Min: 1074336.9, Avg: 1074336.9, Max: 1074336.9, Diff: 0.0]
   [Code Root Fixup: 0.0 ms]
   [Code Root Purge: 0.0 ms]
   [Clear CT: 0.2 ms]
   [Other: 0.6 ms]
      [Choose CSet: 0.0 ms]
      [Ref Proc: 0.1 ms]
      [Ref Enq: 0.0 ms]
      [Redirty Cards: 0.1 ms]
      [Humongous Register: 0.0 ms]
      [Humongous Reclaim: 0.0 ms]
      [Free CSet: 0.3 ms]
   [Eden: 612.0M(612.0M)->0.0B(612.0M) Survivors: 2048.0K->2048.0K Heap: 619.2M(1024.0M)->7127.4K(1024.0M)]
 [Times: user=0.00 sys=0.00, real=0.00 secs] 
2024-10-11T08:51:33.959+0300: 1074.338: Total time for which application threads were stopped: 0.0017031 seconds, Stopping threads took: 0.0001534 seconds
2024-10-11T08:51:36.007+0300: 1076.383: Application time: 2.0451642 seconds
2024-10-11T08:51:36.007+0300: 1076.383: [GC pause (G1 Evacuation Pause) (young), 0.0014585 secs]
   [Parallel Time: 0.6 ms, GC Workers: 6]
      [GC Worker Start (ms): Min: 1076383.2, Avg: 1076383.2, Max: 1076383.3, Diff: 0.0]
      [Ext Root Scanning (ms): Min: 0.2, Avg: 0.2, Max: 0.3, Diff: 0.0, Sum: 1.4]
      [Update RS (ms): Min: 0.0, Avg: 0.0, Max: 0.0, Diff: 0.0, Sum: 0.1]
         [Processed Buffers: Min: 0, Avg: 1.0, Max: 3, Diff: 3, Sum: 6]
      [Scan RS (ms): Min: 0.1, Avg: 0.1, Max: 0.1, Diff: 0.0, Sum: 0.6]
      [Code Root Scanning (ms): Min: 0.0, Avg: 0.0, Max: 0.0, Diff: 0.0, Sum: 0.0]
      [Object Copy (ms): Min: 0.1, Avg: 0.1, Max: 0.2, Diff: 0.0, Sum: 0.8]
      [Termination (ms): Min: 0.0, Avg: 0.0, Max: 0.0, Diff: 0.0, Sum: 0.0]
         [Termination Attempts: Min: 1, Avg: 1.0, Max: 1, Diff: 0, Sum: 6]
      [GC Worker Other (ms): Min: 0.0, Avg: 0.0, Max: 0.0, Diff: 0.0, Sum: 0.2]
      [GC Worker Total (ms): Min: 0.5, Avg: 0.5, Max: 0.6, Diff: 0.1, Sum: 3.1]
      [GC Worker End (ms): Min: 1076383.7, Avg: 1076383.8, Max: 1076383.8, Diff: 0.0]
   [Code Root Fixup: 0.0 ms]
   [Code Root Purge: 0.0 ms]
   [Clear CT: 0.2 ms]
   [Other: 0.7 ms]
      [Choose CSet: 0.0 ms]
      [Ref Proc: 0.2 ms]
      [Ref Enq: 0.0 ms]
      [Redirty Cards: 0.1 ms]
      [Humongous Register: 0.0 ms]
      [Humongous Reclaim: 0.0 ms]
      [Free CSet: 0.3 ms]
   [Eden: 612.0M(612.0M)->0.0B(612.0M) Survivors: 2048.0K->2048.0K Heap: 619.0M(1024.0M)->7291.4K(1024.0M)]
 [Times: user=0.00 sys=0.00, real=0.00 secs] 
2024-10-11T08:51:36.007+0300: 1076.385: Total time for which application threads were stopped: 0.0017614 seconds, Stopping threads took: 0.0001076 seconds
2024-10-11T08:51:38.055+0300: 1078.439: Application time: 2.0543552 seconds
2024-10-11T08:51:38.055+0300: 1078.439: [GC pause (G1 Evacuation Pause) (young), 0.0013482 secs]
   [Parallel Time: 0.6 ms, GC Workers: 6]
      [GC Worker Start (ms): Min: 1078439.3, Avg: 1078439.4, Max: 1078439.4, Diff: 0.0]
      [Ext Root Scanning (ms): Min: 0.2, Avg: 0.2, Max: 0.3, Diff: 0.0, Sum: 1.5]
      [Update RS (ms): Min: 0.0, Avg: 0.0, Max: 0.0, Diff: 0.0, Sum: 0.1]
         [Processed Buffers: Min: 0, Avg: 0.8, Max: 2, Diff: 2, Sum: 5]
      [Scan RS (ms): Min: 0.1, Avg: 0.1, Max: 0.1, Diff: 0.0, Sum: 0.6]
      [Code Root Scanning (ms): Min: 0.0, Avg: 0.0, Max: 0.0, Diff: 0.0, Sum: 0.0]
      [Object Copy (ms): Min: 0.1, Avg: 0.1, Max: 0.2, Diff: 0.1, Sum: 0.8]
      [Termination (ms): Min: 0.0, Avg: 0.0, Max: 0.0, Diff: 0.0, Sum: 0.0]
         [Termination Attempts: Min: 1, Avg: 1.0, Max: 1, Diff: 0, Sum: 6]
      [GC Worker Other (ms): Min: 0.0, Avg: 0.0, Max: 0.1, Diff: 0.0, Sum: 0.2]
      [GC Worker Total (ms): Min: 0.5, Avg: 0.5, Max: 0.6, Diff: 0.1, Sum: 3.2]
      [GC Worker End (ms): Min: 1078439.9, Avg: 1078439.9, Max: 1078439.9, Diff: 0.0]
   [Code Root Fixup: 0.0 ms]
   [Code Root Purge: 0.0 ms]
   [Clear CT: 0.2 ms]
   [Other: 0.6 ms]
      [Choose CSet: 0.0 ms]
      [Ref Proc: 0.1 ms]
      [Ref Enq: 0.0 ms]
      [Redirty Cards: 0.1 ms]
      [Humongous Register: 0.0 ms]
      [Humongous Reclaim: 0.0 ms]
      [Free CSet: 0.3 ms]
   [Eden: 612.0M(612.0M)->0.0B(612.0M) Survivors: 2048.0K->2048.0K Heap: 619.1M(1024.0M)->7223.3K(1024.0M)]
 [Times: user=0.00 sys=0.00, real=0.00 secs] 
2024-10-11T08:51:38.055+0300: 1078.441: Total time for which application threads were stopped: 0.0016555 seconds, Stopping threads took: 0.0001375 seconds
2024-10-11T08:51:40.111+0300: 1080.484: Application time: 2.0435302 seconds
2024-10-11T08:51:40.111+0300: 1080.484: [GC pause (G1 Evacuation Pause) (young), 0.0015505 secs]
   [Parallel Time: 0.6 ms, GC Workers: 6]
      [GC Worker Start (ms): Min: 1080484.5, Avg: 1080484.6, Max: 1080484.6, Diff: 0.1]
      [Ext Root Scanning (ms): Min: 0.2, Avg: 0.2, Max: 0.3, Diff: 0.0, Sum: 1.5]
      [Update RS (ms): Min: 0.0, Avg: 0.0, Max: 0.0, Diff: 0.0, Sum: 0.1]
         [Processed Buffers: Min: 0, Avg: 0.8, Max: 2, Diff: 2, Sum: 5]
      [Scan RS (ms): Min: 0.1, Avg: 0.1, Max: 0.1, Diff: 0.0, Sum: 0.5]
      [Code Root Scanning (ms): Min: 0.0, Avg: 0.0, Max: 0.0, Diff: 0.0, Sum: 0.0]
      [Object Copy (ms): Min: 0.1, Avg: 0.1, Max: 0.2, Diff: 0.0, Sum: 0.8]
      [Termination (ms): Min: 0.0, Avg: 0.0, Max: 0.0, Diff: 0.0, Sum: 0.0]
         [Termination Attempts: Min: 1, Avg: 1.0, Max: 1, Diff: 0, Sum: 6]
      [GC Worker Other (ms): Min: 0.0, Avg: 0.0, Max: 0.0, Diff: 0.0, Sum: 0.1]
      [GC Worker Total (ms): Min: 0.5, Avg: 0.5, Max: 0.5, Diff: 0.1, Sum: 3.0]
      [GC Worker End (ms): Min: 1080485.1, Avg: 1080485.1, Max: 1080485.1, Diff: 0.0]
   [Code Root Fixup: 0.0 ms]
   [Code Root Purge: 0.0 ms]
   [Clear CT: 0.2 ms]
   [Other: 0.8 ms]
      [Choose CSet: 0.0 ms]
      [Ref Proc: 0.2 ms]
      [Ref Enq: 0.0 ms]
      [Redirty Cards: 0.1 ms]
      [Humongous Register: 0.0 ms]
      [Humongous Reclaim: 0.0 ms]
      [Free CSet: 0.4 ms]
   [Eden: 612.0M(612.0M)->0.0B(612.0M) Survivors: 2048.0K->2048.0K Heap: 619.1M(1024.0M)->7245.4K(1024.0M)]
 [Times: user=0.00 sys=0.00, real=0.00 secs] 
2024-10-11T08:51:40.114+0300: 1080.486: Total time for which application threads were stopped: 0.0018711 seconds, Stopping threads took: 0.0001251 seconds
2024-10-11T08:51:42.152+0300: 1082.528: Application time: 2.0414394 seconds
2024-10-11T08:51:42.152+0300: 1082.528: [GC pause (G1 Evacuation Pause) (young), 0.0015315 secs]
   [Parallel Time: 0.6 ms, GC Workers: 6]
      [GC Worker Start (ms): Min: 1082527.9, Avg: 1082528.0, Max: 1082528.0, Diff: 0.1]
      [Ext Root Scanning (ms): Min: 0.2, Avg: 0.3, Max: 0.3, Diff: 0.0, Sum: 1.5]
      [Update RS (ms): Min: 0.0, Avg: 0.0, Max: 0.0, Diff: 0.0, Sum: 0.1]
         [Processed Buffers: Min: 0, Avg: 0.7, Max: 2, Diff: 2, Sum: 4]
      [Scan RS (ms): Min: 0.1, Avg: 0.1, Max: 0.1, Diff: 0.0, Sum: 0.6]
      [Code Root Scanning (ms): Min: 0.0, Avg: 0.0, Max: 0.0, Diff: 0.0, Sum: 0.0]
      [Object Copy (ms): Min: 0.1, Avg: 0.1, Max: 0.1, Diff: 0.0, Sum: 0.7]
      [Termination (ms): Min: 0.0, Avg: 0.0, Max: 0.0, Diff: 0.0, Sum: 0.1]
         [Termination Attempts: Min: 1, Avg: 1.0, Max: 1, Diff: 0, Sum: 6]
      [GC Worker Other (ms): Min: 0.0, Avg: 0.0, Max: 0.0, Diff: 0.0, Sum: 0.1]
      [GC Worker Total (ms): Min: 0.5, Avg: 0.5, Max: 0.6, Diff: 0.1, Sum: 3.1]
      [GC Worker End (ms): Min: 1082528.5, Avg: 1082528.5, Max: 1082528.5, Diff: 0.0]
   [Code Root Fixup: 0.0 ms]
   [Code Root Purge: 0.0 ms]
   [Clear CT: 0.2 ms]
   [Other: 0.7 ms]
      [Choose CSet: 0.0 ms]
      [Ref Proc: 0.1 ms]
      [Ref Enq: 0.0 ms]
      [Redirty Cards: 0.1 ms]
      [Humongous Register: 0.0 ms]
      [Humongous Reclaim: 0.0 ms]
      [Free CSet: 0.3 ms]
   [Eden: 612.0M(612.0M)->0.0B(612.0M) Survivors: 2048.0K->2048.0K Heap: 619.1M(1024.0M)->7347.8K(1024.0M)]
 [Times: user=0.00 sys=0.00, real=0.00 secs] 
2024-10-11T08:51:42.152+0300: 1082.529: Total time for which application threads were stopped: 0.0019098 seconds, Stopping threads took: 0.0001634 seconds
2024-10-11T08:51:44.191+0300: 1084.569: Application time: 2.0394919 seconds
2024-10-11T08:51:44.191+0300: 1084.569: [GC pause (G1 Evacuation Pause) (young), 0.0015205 secs]
   [Parallel Time: 0.6 ms, GC Workers: 6]
      [GC Worker Start (ms): Min: 1084569.3, Avg: 1084569.3, Max: 1084569.4, Diff: 0.0]
      [Ext Root Scanning (ms): Min: 0.2, Avg: 0.2, Max: 0.3, Diff: 0.0, Sum: 1.4]
      [Update RS (ms): Min: 0.0, Avg: 0.0, Max: 0.0, Diff: 0.0, Sum: 0.1]
         [Processed Buffers: Min: 0, Avg: 0.8, Max: 2, Diff: 2, Sum: 5]
      [Scan RS (ms): Min: 0.1, Avg: 0.1, Max: 0.1, Diff: 0.0, Sum: 0.6]
      [Code Root Scanning (ms): Min: 0.0, Avg: 0.0, Max: 0.0, Diff: 0.0, Sum: 0.0]
      [Object Copy (ms): Min: 0.1, Avg: 0.1, Max: 0.1, Diff: 0.0, Sum: 0.7]
      [Termination (ms): Min: 0.0, Avg: 0.0, Max: 0.0, Diff: 0.0, Sum: 0.1]
         [Termination Attempts: Min: 1, Avg: 1.0, Max: 1, Diff: 0, Sum: 6]
      [GC Worker Other (ms): Min: 0.0, Avg: 0.0, Max: 0.0, Diff: 0.0, Sum: 0.1]
      [GC Worker Total (ms): Min: 0.5, Avg: 0.5, Max: 0.5, Diff: 0.1, Sum: 3.0]
      [GC Worker End (ms): Min: 1084569.8, Avg: 1084569.8, Max: 1084569.9, Diff: 0.0]
   [Code Root Fixup: 0.0 ms]
   [Code Root Purge: 0.0 ms]
   [Clear CT: 0.2 ms]
   [Other: 0.7 ms]
      [Choose CSet: 0.0 ms]
      [Ref Proc: 0.2 ms]
      [Ref Enq: 0.0 ms]
      [Redirty Cards: 0.1 ms]
      [Humongous Register: 0.0 ms]
      [Humongous Reclaim: 0.0 ms]
      [Free CSet: 0.3 ms]
   [Eden: 612.0M(612.0M)->0.0B(612.0M) Survivors: 2048.0K->2048.0K Heap: 619.2M(1024.0M)->7351.8K(1024.0M)]
 [Times: user=0.00 sys=0.00, real=0.00 secs] 
2024-10-11T08:51:44.191+0300: 1084.571: Total time for which application threads were stopped: 0.0018750 seconds, Stopping threads took: 0.0001481 seconds
2024-10-11T08:51:46.230+0300: 1086.607: Application time: 2.0361470 seconds
2024-10-11T08:51:46.230+0300: 1086.607: [GC pause (G1 Evacuation Pause) (young), 0.0014928 secs]
   [Parallel Time: 0.6 ms, GC Workers: 6]
      [GC Worker Start (ms): Min: 1086607.3, Avg: 1086607.3, Max: 1086607.3, Diff: 0.0]
      [Ext Root Scanning (ms): Min: 0.2, Avg: 0.2, Max: 0.3, Diff: 0.0, Sum: 1.4]
      [Update RS (ms): Min: 0.0, Avg: 0.0, Max: 0.0, Diff: 0.0, Sum: 0.1]
         [Processed Buffers: Min: 0, Avg: 0.8, Max: 2, Diff: 2, Sum: 5]
      [Scan RS (ms): Min: 0.1, Avg: 0.1, Max: 0.1, Diff: 0.0, Sum: 0.6]
      [Code Root Scanning (ms): Min: 0.0, Avg: 0.0, Max: 0.0, Diff: 0.0, Sum: 0.0]
      [Object Copy (ms): Min: 0.1, Avg: 0.1, Max: 0.2, Diff: 0.1, Sum: 0.8]
      [Termination (ms): Min: 0.0, Avg: 0.0, Max: 0.0, Diff: 0.0, Sum: 0.0]
         [Termination Attempts: Min: 1, Avg: 1.0, Max: 1, Diff: 0, Sum: 6]
      [GC Worker Other (ms): Min: 0.0, Avg: 0.0, Max: 0.0, Diff: 0.0, Sum: 0.1]
      [GC Worker Total (ms): Min: 0.5, Avg: 0.5, Max: 0.6, Diff: 0.1, Sum: 3.1]
      [GC Worker End (ms): Min: 1086607.8, Avg: 1086607.8, Max: 1086607.8, Diff: 0.0]
   [Code Root Fixup: 0.0 ms]
   [Code Root Purge: 0.0 ms]
   [Clear CT: 0.2 ms]
   [Other: 0.7 ms]
      [Choose CSet: 0.0 ms]
      [Ref Proc: 0.2 ms]
      [Ref Enq: 0.0 ms]
      [Redirty Cards: 0.1 ms]
      [Humongous Register: 0.0 ms]
      [Humongous Reclaim: 0.0 ms]
      [Free CSet: 0.3 ms]
   [Eden: 612.0M(612.0M)->0.0B(612.0M) Survivors: 2048.0K->2048.0K Heap: 619.2M(1024.0M)->7372.8K(1024.0M)]
 [Times: user=0.00 sys=0.00, real=0.00 secs] 
2024-10-11T08:51:46.230+0300: 1086.609: Total time for which application threads were stopped: 0.0018151 seconds, Stopping threads took: 0.0001269 seconds
2024-10-11T08:51:48.271+0300: 1088.646: Application time: 2.0375844 seconds
2024-10-11T08:51:48.271+0300: 1088.647: [GC pause (G1 Evacuation Pause) (young), 0.0014287 secs]
   [Parallel Time: 0.6 ms, GC Workers: 6]
      [GC Worker Start (ms): Min: 1088646.7, Avg: 1088646.7, Max: 1088646.8, Diff: 0.1]
      [Ext Root Scanning (ms): Min: 0.2, Avg: 0.2, Max: 0.3, Diff: 0.0, Sum: 1.5]
      [Update RS (ms): Min: 0.0, Avg: 0.0, Max: 0.0, Diff: 0.0, Sum: 0.1]
         [Processed Buffers: Min: 0, Avg: 0.8, Max: 2, Diff: 2, Sum: 5]
      [Scan RS (ms): Min: 0.1, Avg: 0.1, Max: 0.1, Diff: 0.0, Sum: 0.6]
      [Code Root Scanning (ms): Min: 0.0, Avg: 0.0, Max: 0.0, Diff: 0.0, Sum: 0.0]
      [Object Copy (ms): Min: 0.1, Avg: 0.1, Max: 0.2, Diff: 0.1, Sum: 0.7]
      [Termination (ms): Min: 0.0, Avg: 0.0, Max: 0.0, Diff: 0.0, Sum: 0.1]
         [Termination Attempts: Min: 1, Avg: 1.0, Max: 1, Diff: 0, Sum: 6]
      [GC Worker Other (ms): Min: 0.0, Avg: 0.0, Max: 0.0, Diff: 0.0, Sum: 0.1]
      [GC Worker Total (ms): Min: 0.5, Avg: 0.5, Max: 0.5, Diff: 0.1, Sum: 3.0]
      [GC Worker End (ms): Min: 1088647.2, Avg: 1088647.2, Max: 1088647.2, Diff: 0.0]
   [Code Root Fixup: 0.0 ms]
   [Code Root Purge: 0.0 ms]
   [Clear CT: 0.2 ms]
   [Other: 0.7 ms]
      [Choose CSet: 0.0 ms]
      [Ref Proc: 0.1 ms]
      [Ref Enq: 0.0 ms]
      [Redirty Cards: 0.1 ms]
      [Humongous Register: 0.0 ms]
      [Humongous Reclaim: 0.0 ms]
      [Free CSet: 0.3 ms]
   [Eden: 612.0M(612.0M)->0.0B(612.0M) Survivors: 2048.0K->2048.0K Heap: 619.2M(1024.0M)->7270.9K(1024.0M)]
 [Times: user=0.00 sys=0.00, real=0.00 secs] 
2024-10-11T08:51:48.271+0300: 1088.648: Total time for which application threads were stopped: 0.0017861 seconds, Stopping threads took: 0.0001511 seconds
2024-10-11T08:51:50.311+0300: 1090.684: Application time: 2.0356200 seconds
2024-10-11T08:51:50.311+0300: 1090.684: [GC pause (G1 Evacuation Pause) (young), 0.0016061 secs]
   [Parallel Time: 0.7 ms, GC Workers: 6]
      [GC Worker Start (ms): Min: 1090684.2, Avg: 1090684.3, Max: 1090684.5, Diff: 0.3]
      [Ext Root Scanning (ms): Min: 0.0, Avg: 0.2, Max: 0.3, Diff: 0.3, Sum: 1.3]
      [Update RS (ms): Min: 0.0, Avg: 0.0, Max: 0.0, Diff: 0.0, Sum: 0.1]
         [Processed Buffers: Min: 0, Avg: 0.8, Max: 2, Diff: 2, Sum: 5]
      [Scan RS (ms): Min: 0.0, Avg: 0.1, Max: 0.1, Diff: 0.1, Sum: 0.5]
      [Code Root Scanning (ms): Min: 0.0, Avg: 0.0, Max: 0.0, Diff: 0.0, Sum: 0.0]
      [Object Copy (ms): Min: 0.1, Avg: 0.2, Max: 0.3, Diff: 0.1, Sum: 1.2]
      [Termination (ms): Min: 0.0, Avg: 0.0, Max: 0.0, Diff: 0.0, Sum: 0.2]
         [Termination Attempts: Min: 1, Avg: 1.0, Max: 1, Diff: 0, Sum: 6]
      [GC Worker Other (ms): Min: 0.0, Avg: 0.0, Max: 0.0, Diff: 0.0, Sum: 0.1]
      [GC Worker Total (ms): Min: 0.3, Avg: 0.6, Max: 0.6, Diff: 0.3, Sum: 3.3]
      [GC Worker End (ms): Min: 1090684.8, Avg: 1090684.8, Max: 1090684.8, Diff: 0.0]
   [Code Root Fixup: 0.0 ms]
   [Code Root Purge: 0.0 ms]
   [Clear CT: 0.2 ms]
   [Other: 0.7 ms]
      [Choose CSet: 0.0 ms]
      [Ref Proc: 0.1 ms]
      [Ref Enq: 0.0 ms]
      [Redirty Cards: 0.2 ms]
      [Humongous Register: 0.0 ms]
      [Humongous Reclaim: 0.0 ms]
      [Free CSet: 0.3 ms]
   [Eden: 612.0M(612.0M)->0.0B(612.0M) Survivors: 2048.0K->2048.0K Heap: 619.1M(1024.0M)->7441.5K(1024.0M)]
 [Times: user=0.00 sys=0.00, real=0.00 secs] 
2024-10-11T08:51:50.311+0300: 1090.686: Total time for which application threads were stopped: 0.0019808 seconds, Stopping threads took: 0.0001663 seconds
2024-10-11T08:51:52.366+0300: 1092.742: Application time: 2.0558753 seconds
2024-10-11T08:51:52.366+0300: 1092.742: [GC pause (G1 Evacuation Pause) (young), 0.0013749 secs]
   [Parallel Time: 0.6 ms, GC Workers: 6]
      [GC Worker Start (ms): Min: 1092742.0, Avg: 1092742.1, Max: 1092742.1, Diff: 0.1]
      [Ext Root Scanning (ms): Min: 0.2, Avg: 0.3, Max: 0.4, Diff: 0.2, Sum: 1.8]
      [Update RS (ms): Min: 0.0, Avg: 0.0, Max: 0.0, Diff: 0.0, Sum: 0.1]
         [Processed Buffers: Min: 0, Avg: 0.8, Max: 2, Diff: 2, Sum: 5]
      [Scan RS (ms): Min: 0.0, Avg: 0.1, Max: 0.1, Diff: 0.1, Sum: 0.6]
      [Code Root Scanning (ms): Min: 0.0, Avg: 0.0, Max: 0.0, Diff: 0.0, Sum: 0.0]
      [Object Copy (ms): Min: 0.1, Avg: 0.1, Max: 0.2, Diff: 0.1, Sum: 0.7]
      [Termination (ms): Min: 0.0, Avg: 0.0, Max: 0.0, Diff: 0.0, Sum: 0.1]
         [Termination Attempts: Min: 1, Avg: 1.0, Max: 1, Diff: 0, Sum: 6]
      [GC Worker Other (ms): Min: 0.0, Avg: 0.0, Max: 0.0, Diff: 0.0, Sum: 0.1]
      [GC Worker Total (ms): Min: 0.5, Avg: 0.6, Max: 0.6, Diff: 0.1, Sum: 3.3]
      [GC Worker End (ms): Min: 1092742.6, Avg: 1092742.6, Max: 1092742.6, Diff: 0.0]
   [Code Root Fixup: 0.0 ms]
   [Code Root Purge: 0.0 ms]
   [Clear CT: 0.2 ms]
   [Other: 0.6 ms]
      [Choose CSet: 0.0 ms]
      [Ref Proc: 0.1 ms]
      [Ref Enq: 0.0 ms]
      [Redirty Cards: 0.1 ms]
      [Humongous Register: 0.0 ms]
      [Humongous Reclaim: 0.0 ms]
      [Free CSet: 0.3 ms]
   [Eden: 612.0M(612.0M)->0.0B(612.0M) Survivors: 2048.0K->2048.0K Heap: 619.3M(1024.0M)->7174.3K(1024.0M)]
 [Times: user=0.00 sys=0.00, real=0.00 secs] 
2024-10-11T08:51:52.366+0300: 1092.743: Total time for which application threads were stopped: 0.0017498 seconds, Stopping threads took: 0.0001668 seconds
2024-10-11T08:51:54.420+0300: 1094.796: Application time: 2.0520781 seconds
2024-10-11T08:51:54.420+0300: 1094.796: [GC pause (G1 Evacuation Pause) (young), 0.0014666 secs]
   [Parallel Time: 0.7 ms, GC Workers: 6]
      [GC Worker Start (ms): Min: 1094795.9, Avg: 1094795.9, Max: 1094795.9, Diff: 0.1]
      [Ext Root Scanning (ms): Min: 0.2, Avg: 0.2, Max: 0.3, Diff: 0.0, Sum: 1.5]
      [Update RS (ms): Min: 0.0, Avg: 0.0, Max: 0.0, Diff: 0.0, Sum: 0.1]
         [Processed Buffers: Min: 0, Avg: 0.7, Max: 3, Diff: 3, Sum: 4]
      [Scan RS (ms): Min: 0.0, Avg: 0.1, Max: 0.1, Diff: 0.1, Sum: 0.5]
      [Code Root Scanning (ms): Min: 0.0, Avg: 0.0, Max: 0.0, Diff: 0.0, Sum: 0.0]
      [Object Copy (ms): Min: 0.1, Avg: 0.2, Max: 0.3, Diff: 0.1, Sum: 1.0]
      [Termination (ms): Min: 0.0, Avg: 0.0, Max: 0.0, Diff: 0.0, Sum: 0.1]
         [Termination Attempts: Min: 1, Avg: 1.7, Max: 2, Diff: 1, Sum: 10]
      [GC Worker Other (ms): Min: 0.0, Avg: 0.0, Max: 0.0, Diff: 0.0, Sum: 0.2]
      [GC Worker Total (ms): Min: 0.5, Avg: 0.6, Max: 0.6, Diff: 0.0, Sum: 3.3]
      [GC Worker End (ms): Min: 1094796.4, Avg: 1094796.5, Max: 1094796.5, Diff: 0.0]
   [Code Root Fixup: 0.0 ms]
   [Code Root Purge: 0.0 ms]
   [Clear CT: 0.2 ms]
   [Other: 0.6 ms]
      [Choose CSet: 0.0 ms]
      [Ref Proc: 0.1 ms]
      [Ref Enq: 0.0 ms]
      [Redirty Cards: 0.1 ms]
      [Humongous Register: 0.0 ms]
      [Humongous Reclaim: 0.0 ms]
      [Free CSet: 0.3 ms]
   [Eden: 612.0M(612.0M)->0.0B(612.0M) Survivors: 2048.0K->2048.0K Heap: 619.0M(1024.0M)->7308.6K(1024.0M)]
 [Times: user=0.00 sys=0.00, real=0.00 secs] 
2024-10-11T08:51:54.420+0300: 1094.797: Total time for which application threads were stopped: 0.0018374 seconds, Stopping threads took: 0.0001625 seconds
2024-10-11T08:51:56.475+0300: 1096.857: Application time: 2.0601474 seconds
2024-10-11T08:51:56.475+0300: 1096.858: [GC pause (G1 Evacuation Pause) (young), 0.0014515 secs]
   [Parallel Time: 0.6 ms, GC Workers: 6]
      [GC Worker Start (ms): Min: 1096857.8, Avg: 1096857.8, Max: 1096857.8, Diff: 0.1]
      [Ext Root Scanning (ms): Min: 0.2, Avg: 0.3, Max: 0.3, Diff: 0.1, Sum: 1.5]
      [Update RS (ms): Min: 0.0, Avg: 0.0, Max: 0.0, Diff: 0.0, Sum: 0.1]
         [Processed Buffers: Min: 0, Avg: 0.8, Max: 2, Diff: 2, Sum: 5]
      [Scan RS (ms): Min: 0.1, Avg: 0.1, Max: 0.1, Diff: 0.0, Sum: 0.6]
      [Code Root Scanning (ms): Min: 0.0, Avg: 0.0, Max: 0.0, Diff: 0.0, Sum: 0.0]
      [Object Copy (ms): Min: 0.1, Avg: 0.1, Max: 0.2, Diff: 0.1, Sum: 0.8]
      [Termination (ms): Min: 0.0, Avg: 0.0, Max: 0.0, Diff: 0.0, Sum: 0.0]
         [Termination Attempts: Min: 1, Avg: 1.0, Max: 1, Diff: 0, Sum: 6]
      [GC Worker Other (ms): Min: 0.0, Avg: 0.0, Max: 0.1, Diff: 0.0, Sum: 0.2]
      [GC Worker Total (ms): Min: 0.5, Avg: 0.5, Max: 0.6, Diff: 0.1, Sum: 3.2]
      [GC Worker End (ms): Min: 1096858.3, Avg: 1096858.3, Max: 1096858.3, Diff: 0.0]
   [Code Root Fixup: 0.0 ms]
   [Code Root Purge: 0.0 ms]
   [Clear CT: 0.2 ms]
   [Other: 0.6 ms]
      [Choose CSet: 0.0 ms]
      [Ref Proc: 0.1 ms]
      [Ref Enq: 0.0 ms]
      [Redirty Cards: 0.1 ms]
      [Humongous Register: 0.0 ms]
      [Humongous Reclaim: 0.0 ms]
      [Free CSet: 0.3 ms]
   [Eden: 612.0M(612.0M)->0.0B(612.0M) Survivors: 2048.0K->2048.0K Heap: 619.1M(1024.0M)->7334.5K(1024.0M)]
 [Times: user=0.00 sys=0.00, real=0.00 secs] 
2024-10-11T08:51:56.475+0300: 1096.859: Total time for which application threads were stopped: 0.0017516 seconds, Stopping threads took: 0.0001139 seconds
2024-10-11T08:51:58.531+0300: 1098.906: Application time: 2.0464579 seconds
2024-10-11T08:51:58.531+0300: 1098.906: [GC pause (G1 Evacuation Pause) (young), 0.0014984 secs]
   [Parallel Time: 0.7 ms, GC Workers: 6]
      [GC Worker Start (ms): Min: 1098906.0, Avg: 1098906.0, Max: 1098906.1, Diff: 0.1]
      [Ext Root Scanning (ms): Min: 0.2, Avg: 0.3, Max: 0.3, Diff: 0.1, Sum: 1.5]
      [Update RS (ms): Min: 0.0, Avg: 0.0, Max: 0.0, Diff: 0.0, Sum: 0.1]
         [Processed Buffers: Min: 0, Avg: 0.8, Max: 2, Diff: 2, Sum: 5]
      [Scan RS (ms): Min: 0.1, Avg: 0.1, Max: 0.1, Diff: 0.0, Sum: 0.6]
      [Code Root Scanning (ms): Min: 0.0, Avg: 0.0, Max: 0.0, Diff: 0.0, Sum: 0.0]
      [Object Copy (ms): Min: 0.1, Avg: 0.1, Max: 0.2, Diff: 0.0, Sum: 0.8]
      [Termination (ms): Min: 0.0, Avg: 0.0, Max: 0.0, Diff: 0.0, Sum: 0.0]
         [Termination Attempts: Min: 1, Avg: 1.0, Max: 1, Diff: 0, Sum: 6]
      [GC Worker Other (ms): Min: 0.0, Avg: 0.0, Max: 0.1, Diff: 0.0, Sum: 0.2]
      [GC Worker Total (ms): Min: 0.5, Avg: 0.5, Max: 0.6, Diff: 0.1, Sum: 3.2]
      [GC Worker End (ms): Min: 1098906.5, Avg: 1098906.6, Max: 1098906.6, Diff: 0.0]
   [Code Root Fixup: 0.0 ms]
   [Code Root Purge: 0.0 ms]
   [Clear CT: 0.2 ms]
   [Other: 0.7 ms]
      [Choose CSet: 0.0 ms]
      [Ref Proc: 0.2 ms]
      [Ref Enq: 0.0 ms]
      [Redirty Cards: 0.1 ms]
      [Humongous Register: 0.0 ms]
      [Humongous Reclaim: 0.0 ms]
      [Free CSet: 0.3 ms]
   [Eden: 612.0M(612.0M)->0.0B(612.0M) Survivors: 2048.0K->2048.0K Heap: 619.2M(1024.0M)->7364.7K(1024.0M)]
 [Times: user=0.00 sys=0.00, real=0.00 secs] 
2024-10-11T08:51:58.531+0300: 1098.908: Total time for which application threads were stopped: 0.0018003 seconds, Stopping threads took: 0.0001081 seconds
2024-10-11T08:52:00.602+0300: 1100.978: Application time: 2.0701065 seconds
2024-10-11T08:52:00.602+0300: 1100.978: [GC pause (G1 Evacuation Pause) (young), 0.0014005 secs]
   [Parallel Time: 0.6 ms, GC Workers: 6]
      [GC Worker Start (ms): Min: 1100977.9, Avg: 1100977.9, Max: 1100977.9, Diff: 0.1]
      [Ext Root Scanning (ms): Min: 0.2, Avg: 0.2, Max: 0.3, Diff: 0.1, Sum: 1.4]
      [Update RS (ms): Min: 0.0, Avg: 0.0, Max: 0.0, Diff: 0.0, Sum: 0.1]
         [Processed Buffers: Min: 0, Avg: 0.7, Max: 2, Diff: 2, Sum: 4]
      [Scan RS (ms): Min: 0.1, Avg: 0.1, Max: 0.1, Diff: 0.1, Sum: 0.6]
      [Code Root Scanning (ms): Min: 0.0, Avg: 0.0, Max: 0.0, Diff: 0.0, Sum: 0.0]
      [Object Copy (ms): Min: 0.1, Avg: 0.1, Max: 0.2, Diff: 0.1, Sum: 0.7]
      [Termination (ms): Min: 0.0, Avg: 0.0, Max: 0.0, Diff: 0.0, Sum: 0.0]
         [Termination Attempts: Min: 1, Avg: 1.2, Max: 2, Diff: 1, Sum: 7]
      [GC Worker Other (ms): Min: 0.0, Avg: 0.0, Max: 0.1, Diff: 0.0, Sum: 0.2]
      [GC Worker Total (ms): Min: 0.5, Avg: 0.5, Max: 0.5, Diff: 0.0, Sum: 3.0]
      [GC Worker End (ms): Min: 1100978.4, Avg: 1100978.4, Max: 1100978.4, Diff: 0.0]
   [Code Root Fixup: 0.0 ms]
   [Code Root Purge: 0.0 ms]
   [Clear CT: 0.2 ms]
   [Other: 0.6 ms]
      [Choose CSet: 0.0 ms]
      [Ref Proc: 0.1 ms]
      [Ref Enq: 0.0 ms]
      [Redirty Cards: 0.1 ms]
      [Humongous Register: 0.0 ms]
      [Humongous Reclaim: 0.0 ms]
      [Free CSet: 0.2 ms]
   [Eden: 612.0M(612.0M)->0.0B(612.0M) Survivors: 2048.0K->2048.0K Heap: 619.2M(1024.0M)->7199.2K(1024.0M)]
 [Times: user=0.00 sys=0.00, real=0.00 secs] 
2024-10-11T08:52:00.602+0300: 1100.979: Total time for which application threads were stopped: 0.0016785 seconds, Stopping threads took: 0.0001079 seconds
2024-10-11T08:52:02.657+0300: 1103.032: Application time: 2.0528082 seconds
2024-10-11T08:52:02.657+0300: 1103.032: [GC pause (G1 Evacuation Pause) (young), 0.0015419 secs]
   [Parallel Time: 0.7 ms, GC Workers: 6]
      [GC Worker Start (ms): Min: 1103032.4, Avg: 1103032.5, Max: 1103032.5, Diff: 0.1]
      [Ext Root Scanning (ms): Min: 0.2, Avg: 0.3, Max: 0.3, Diff: 0.1, Sum: 1.5]
      [Update RS (ms): Min: 0.0, Avg: 0.0, Max: 0.0, Diff: 0.0, Sum: 0.1]
         [Processed Buffers: Min: 0, Avg: 0.7, Max: 2, Diff: 2, Sum: 4]
      [Scan RS (ms): Min: 0.1, Avg: 0.1, Max: 0.1, Diff: 0.0, Sum: 0.6]
      [Code Root Scanning (ms): Min: 0.0, Avg: 0.0, Max: 0.0, Diff: 0.0, Sum: 0.0]
      [Object Copy (ms): Min: 0.1, Avg: 0.1, Max: 0.2, Diff: 0.1, Sum: 0.7]
      [Termination (ms): Min: 0.0, Avg: 0.0, Max: 0.0, Diff: 0.0, Sum: 0.1]
         [Termination Attempts: Min: 1, Avg: 1.0, Max: 1, Diff: 0, Sum: 6]
      [GC Worker Other (ms): Min: 0.0, Avg: 0.0, Max: 0.0, Diff: 0.0, Sum: 0.1]
      [GC Worker Total (ms): Min: 0.5, Avg: 0.5, Max: 0.6, Diff: 0.1, Sum: 3.1]
      [GC Worker End (ms): Min: 1103033.0, Avg: 1103033.0, Max: 1103033.0, Diff: 0.0]
   [Code Root Fixup: 0.0 ms]
   [Code Root Purge: 0.0 ms]
   [Clear CT: 0.2 ms]
   [Other: 0.7 ms]
      [Choose CSet: 0.0 ms]
      [Ref Proc: 0.2 ms]
      [Ref Enq: 0.0 ms]
      [Redirty Cards: 0.1 ms]
      [Humongous Register: 0.0 ms]
      [Humongous Reclaim: 0.0 ms]
      [Free CSet: 0.3 ms]
   [Eden: 612.0M(612.0M)->0.0B(612.0M) Survivors: 2048.0K->2048.0K Heap: 619.0M(1024.0M)->7385.2K(1024.0M)]
 [Times: user=0.00 sys=0.00, real=0.00 secs] 
2024-10-11T08:52:02.657+0300: 1103.034: Total time for which application threads were stopped: 0.0019286 seconds, Stopping threads took: 0.0001255 seconds
2024-10-11T08:52:04.711+0300: 1105.085: Application time: 2.0511235 seconds
2024-10-11T08:52:04.711+0300: 1105.085: [GC pause (G1 Evacuation Pause) (young), 0.0013755 secs]
   [Parallel Time: 0.6 ms, GC Workers: 6]
      [GC Worker Start (ms): Min: 1105085.4, Avg: 1105085.5, Max: 1105085.7, Diff: 0.3]
      [Ext Root Scanning (ms): Min: 0.0, Avg: 0.2, Max: 0.3, Diff: 0.3, Sum: 1.3]
      [Update RS (ms): Min: 0.0, Avg: 0.0, Max: 0.0, Diff: 0.0, Sum: 0.1]
         [Processed Buffers: Min: 0, Avg: 0.8, Max: 2, Diff: 2, Sum: 5]
      [Scan RS (ms): Min: 0.1, Avg: 0.1, Max: 0.1, Diff: 0.0, Sum: 0.5]
      [Code Root Scanning (ms): Min: 0.0, Avg: 0.0, Max: 0.0, Diff: 0.0, Sum: 0.0]
      [Object Copy (ms): Min: 0.1, Avg: 0.1, Max: 0.2, Diff: 0.1, Sum: 0.8]
      [Termination (ms): Min: 0.0, Avg: 0.0, Max: 0.0, Diff: 0.0, Sum: 0.0]
         [Termination Attempts: Min: 1, Avg: 1.0, Max: 1, Diff: 0, Sum: 6]
      [GC Worker Other (ms): Min: 0.0, Avg: 0.0, Max: 0.1, Diff: 0.0, Sum: 0.2]
      [GC Worker Total (ms): Min: 0.3, Avg: 0.5, Max: 0.6, Diff: 0.3, Sum: 2.9]
      [GC Worker End (ms): Min: 1105086.0, Avg: 1105086.0, Max: 1105086.0, Diff: 0.0]
   [Code Root Fixup: 0.0 ms]
   [Code Root Purge: 0.0 ms]
   [Clear CT: 0.2 ms]
   [Other: 0.6 ms]
      [Choose CSet: 0.0 ms]
      [Ref Proc: 0.1 ms]
      [Ref Enq: 0.0 ms]
      [Redirty Cards: 0.1 ms]
      [Humongous Register: 0.0 ms]
      [Humongous Reclaim: 0.0 ms]
      [Free CSet: 0.3 ms]
   [Eden: 612.0M(612.0M)->0.0B(612.0M) Survivors: 2048.0K->2048.0K Heap: 619.2M(1024.0M)->7208.3K(1024.0M)]
 [Times: user=0.00 sys=0.00, real=0.00 secs] 
2024-10-11T08:52:04.711+0300: 1105.087: Total time for which application threads were stopped: 0.0016851 seconds, Stopping threads took: 0.0001337 seconds
2024-10-11T08:52:06.751+0300: 1107.128: Application time: 2.0408222 seconds
2024-10-11T08:52:06.751+0300: 1107.128: [GC pause (G1 Evacuation Pause) (young), 0.0013862 secs]
   [Parallel Time: 0.6 ms, GC Workers: 6]
      [GC Worker Start (ms): Min: 1107128.0, Avg: 1107128.0, Max: 1107128.1, Diff: 0.1]
      [Ext Root Scanning (ms): Min: 0.2, Avg: 0.3, Max: 0.3, Diff: 0.1, Sum: 1.5]
      [Update RS (ms): Min: 0.0, Avg: 0.0, Max: 0.0, Diff: 0.0, Sum: 0.1]
         [Processed Buffers: Min: 0, Avg: 0.7, Max: 1, Diff: 1, Sum: 4]
      [Scan RS (ms): Min: 0.1, Avg: 0.1, Max: 0.1, Diff: 0.0, Sum: 0.6]
      [Code Root Scanning (ms): Min: 0.0, Avg: 0.0, Max: 0.0, Diff: 0.0, Sum: 0.0]
      [Object Copy (ms): Min: 0.1, Avg: 0.1, Max: 0.2, Diff: 0.1, Sum: 0.9]
      [Termination (ms): Min: 0.0, Avg: 0.0, Max: 0.0, Diff: 0.0, Sum: 0.1]
         [Termination Attempts: Min: 1, Avg: 1.2, Max: 2, Diff: 1, Sum: 7]
      [GC Worker Other (ms): Min: 0.0, Avg: 0.0, Max: 0.0, Diff: 0.0, Sum: 0.1]
      [GC Worker Total (ms): Min: 0.5, Avg: 0.5, Max: 0.6, Diff: 0.0, Sum: 3.2]
      [GC Worker End (ms): Min: 1107128.6, Avg: 1107128.6, Max: 1107128.6, Diff: 0.0]
   [Code Root Fixup: 0.0 ms]
   [Code Root Purge: 0.0 ms]
   [Clear CT: 0.2 ms]
   [Other: 0.6 ms]
      [Choose CSet: 0.0 ms]
      [Ref Proc: 0.1 ms]
      [Ref Enq: 0.0 ms]
      [Redirty Cards: 0.1 ms]
      [Humongous Register: 0.0 ms]
      [Humongous Reclaim: 0.0 ms]
      [Free CSet: 0.3 ms]
   [Eden: 612.0M(612.0M)->0.0B(612.0M) Survivors: 2048.0K->2048.0K Heap: 619.0M(1024.0M)->7353.7K(1024.0M)]
 [Times: user=0.00 sys=0.00, real=0.00 secs] 
2024-10-11T08:52:06.751+0300: 1107.129: Total time for which application threads were stopped: 0.0017697 seconds, Stopping threads took: 0.0001793 seconds
2024-10-11T08:52:08.791+0300: 1109.172: Application time: 2.0424092 seconds
2024-10-11T08:52:08.791+0300: 1109.172: [GC pause (G1 Evacuation Pause) (young), 0.0014089 secs]
   [Parallel Time: 0.7 ms, GC Workers: 6]
      [GC Worker Start (ms): Min: 1109172.2, Avg: 1109172.2, Max: 1109172.2, Diff: 0.1]
      [Ext Root Scanning (ms): Min: 0.3, Avg: 0.3, Max: 0.3, Diff: 0.1, Sum: 1.7]
      [Update RS (ms): Min: 0.0, Avg: 0.0, Max: 0.0, Diff: 0.0, Sum: 0.1]
         [Processed Buffers: Min: 0, Avg: 0.7, Max: 1, Diff: 1, Sum: 4]
      [Scan RS (ms): Min: 0.1, Avg: 0.1, Max: 0.1, Diff: 0.0, Sum: 0.5]
      [Code Root Scanning (ms): Min: 0.0, Avg: 0.0, Max: 0.0, Diff: 0.0, Sum: 0.0]
      [Object Copy (ms): Min: 0.1, Avg: 0.1, Max: 0.2, Diff: 0.0, Sum: 0.8]
      [Termination (ms): Min: 0.0, Avg: 0.0, Max: 0.0, Diff: 0.0, Sum: 0.1]
         [Termination Attempts: Min: 1, Avg: 1.0, Max: 1, Diff: 0, Sum: 6]
      [GC Worker Other (ms): Min: 0.0, Avg: 0.0, Max: 0.0, Diff: 0.0, Sum: 0.1]
      [GC Worker Total (ms): Min: 0.5, Avg: 0.5, Max: 0.6, Diff: 0.1, Sum: 3.3]
      [GC Worker End (ms): Min: 1109172.7, Avg: 1109172.7, Max: 1109172.8, Diff: 0.0]
   [Code Root Fixup: 0.0 ms]
   [Code Root Purge: 0.0 ms]
   [Clear CT: 0.1 ms]
   [Other: 0.6 ms]
      [Choose CSet: 0.0 ms]
      [Ref Proc: 0.1 ms]
      [Ref Enq: 0.0 ms]
      [Redirty Cards: 0.1 ms]
      [Humongous Register: 0.0 ms]
      [Humongous Reclaim: 0.0 ms]
      [Free CSet: 0.3 ms]
   [Eden: 612.0M(612.0M)->0.0B(612.0M) Survivors: 2048.0K->2048.0K Heap: 619.2M(1024.0M)->7364.3K(1024.0M)]
 [Times: user=0.00 sys=0.00, real=0.00 secs] 
2024-10-11T08:52:08.791+0300: 1109.174: Total time for which application threads were stopped: 0.0017560 seconds, Stopping threads took: 0.0001686 seconds
2024-10-11T08:52:10.830+0300: 1111.210: Application time: 2.0364479 seconds
2024-10-11T08:52:10.830+0300: 1111.210: [GC pause (G1 Evacuation Pause) (young), 0.0014124 secs]
   [Parallel Time: 0.7 ms, GC Workers: 6]
      [GC Worker Start (ms): Min: 1111210.4, Avg: 1111210.4, Max: 1111210.5, Diff: 0.1]
      [Ext Root Scanning (ms): Min: 0.2, Avg: 0.3, Max: 0.3, Diff: 0.0, Sum: 1.6]
      [Update RS (ms): Min: 0.0, Avg: 0.0, Max: 0.0, Diff: 0.0, Sum: 0.1]
         [Processed Buffers: Min: 0, Avg: 0.7, Max: 2, Diff: 2, Sum: 4]
      [Scan RS (ms): Min: 0.0, Avg: 0.1, Max: 0.1, Diff: 0.1, Sum: 0.5]
      [Code Root Scanning (ms): Min: 0.0, Avg: 0.0, Max: 0.0, Diff: 0.0, Sum: 0.0]
      [Object Copy (ms): Min: 0.1, Avg: 0.2, Max: 0.3, Diff: 0.2, Sum: 1.1]
      [Termination (ms): Min: 0.0, Avg: 0.0, Max: 0.1, Diff: 0.0, Sum: 0.2]
         [Termination Attempts: Min: 1, Avg: 1.7, Max: 2, Diff: 1, Sum: 10]
      [GC Worker Other (ms): Min: 0.0, Avg: 0.0, Max: 0.0, Diff: 0.0, Sum: 0.1]
      [GC Worker Total (ms): Min: 0.6, Avg: 0.6, Max: 0.6, Diff: 0.1, Sum: 3.6]
      [GC Worker End (ms): Min: 1111211.0, Avg: 1111211.0, Max: 1111211.0, Diff: 0.0]
   [Code Root Fixup: 0.0 ms]
   [Code Root Purge: 0.0 ms]
   [Clear CT: 0.2 ms]
   [Other: 0.6 ms]
      [Choose CSet: 0.0 ms]
      [Ref Proc: 0.1 ms]
      [Ref Enq: 0.0 ms]
      [Redirty Cards: 0.1 ms]
      [Humongous Register: 0.0 ms]
      [Humongous Reclaim: 0.0 ms]
      [Free CSet: 0.3 ms]
   [Eden: 612.0M(612.0M)->0.0B(612.0M) Survivors: 2048.0K->2048.0K Heap: 619.2M(1024.0M)->7475.4K(1024.0M)]
 [Times: user=0.00 sys=0.00, real=0.00 secs] 
2024-10-11T08:52:10.830+0300: 1111.212: Total time for which application threads were stopped: 0.0017866 seconds, Stopping threads took: 0.0001911 seconds
2024-10-11T08:52:12.875+0300: 1113.255: Application time: 2.0427903 seconds
2024-10-11T08:52:12.875+0300: 1113.255: [GC pause (G1 Evacuation Pause) (young), 0.0014201 secs]
   [Parallel Time: 0.6 ms, GC Workers: 6]
      [GC Worker Start (ms): Min: 1113254.9, Avg: 1113254.9, Max: 1113255.0, Diff: 0.1]
      [Ext Root Scanning (ms): Min: 0.2, Avg: 0.2, Max: 0.3, Diff: 0.1, Sum: 1.5]
      [Update RS (ms): Min: 0.0, Avg: 0.0, Max: 0.0, Diff: 0.0, Sum: 0.0]
         [Processed Buffers: Min: 0, Avg: 0.7, Max: 2, Diff: 2, Sum: 4]
      [Scan RS (ms): Min: 0.1, Avg: 0.1, Max: 0.1, Diff: 0.0, Sum: 0.6]
      [Code Root Scanning (ms): Min: 0.0, Avg: 0.0, Max: 0.0, Diff: 0.0, Sum: 0.0]
      [Object Copy (ms): Min: 0.1, Avg: 0.1, Max: 0.2, Diff: 0.1, Sum: 0.7]
      [Termination (ms): Min: 0.0, Avg: 0.0, Max: 0.0, Diff: 0.0, Sum: 0.1]
         [Termination Attempts: Min: 1, Avg: 1.0, Max: 1, Diff: 0, Sum: 6]
      [GC Worker Other (ms): Min: 0.0, Avg: 0.0, Max: 0.0, Diff: 0.0, Sum: 0.1]
      [GC Worker Total (ms): Min: 0.5, Avg: 0.5, Max: 0.6, Diff: 0.1, Sum: 3.0]
      [GC Worker End (ms): Min: 1113255.4, Avg: 1113255.5, Max: 1113255.5, Diff: 0.0]
   [Code Root Fixup: 0.0 ms]
   [Code Root Purge: 0.0 ms]
   [Clear CT: 0.2 ms]
   [Other: 0.6 ms]
      [Choose CSet: 0.0 ms]
      [Ref Proc: 0.1 ms]
      [Ref Enq: 0.0 ms]
      [Redirty Cards: 0.1 ms]
      [Humongous Register: 0.0 ms]
      [Humongous Reclaim: 0.0 ms]
      [Free CSet: 0.2 ms]
   [Eden: 612.0M(612.0M)->0.0B(612.0M) Survivors: 2048.0K->2048.0K Heap: 619.3M(1024.0M)->7208.6K(1024.0M)]
 [Times: user=0.02 sys=0.00, real=0.00 secs] 
2024-10-11T08:52:12.875+0300: 1113.256: Total time for which application threads were stopped: 0.0017350 seconds, Stopping threads took: 0.0001207 seconds
2024-10-11T08:52:14.911+0300: 1115.295: Application time: 2.0385313 seconds
2024-10-11T08:52:14.911+0300: 1115.295: [GC pause (G1 Evacuation Pause) (young), 0.0014683 secs]
   [Parallel Time: 0.6 ms, GC Workers: 6]
      [GC Worker Start (ms): Min: 1115295.2, Avg: 1115295.3, Max: 1115295.7, Diff: 0.5]
      [Ext Root Scanning (ms): Min: 0.0, Avg: 0.1, Max: 0.2, Diff: 0.2, Sum: 0.9]
      [Update RS (ms): Min: 0.0, Avg: 0.0, Max: 0.0, Diff: 0.0, Sum: 0.1]
         [Processed Buffers: Min: 0, Avg: 0.7, Max: 1, Diff: 1, Sum: 4]
      [Scan RS (ms): Min: 0.0, Avg: 0.1, Max: 0.1, Diff: 0.1, Sum: 0.5]
      [Code Root Scanning (ms): Min: 0.0, Avg: 0.0, Max: 0.0, Diff: 0.0, Sum: 0.0]
      [Object Copy (ms): Min: 0.0, Avg: 0.1, Max: 0.2, Diff: 0.2, Sum: 0.7]
      [Termination (ms): Min: 0.0, Avg: 0.0, Max: 0.0, Diff: 0.0, Sum: 0.2]
         [Termination Attempts: Min: 1, Avg: 1.0, Max: 1, Diff: 0, Sum: 6]
      [GC Worker Other (ms): Min: 0.0, Avg: 0.0, Max: 0.0, Diff: 0.0, Sum: 0.1]
      [GC Worker Total (ms): Min: 0.0, Avg: 0.4, Max: 0.5, Diff: 0.5, Sum: 2.4]
      [GC Worker End (ms): Min: 1115295.7, Avg: 1115295.7, Max: 1115295.7, Diff: 0.0]
   [Code Root Fixup: 0.0 ms]
   [Code Root Purge: 0.0 ms]
   [Clear CT: 0.2 ms]
   [Other: 0.7 ms]
      [Choose CSet: 0.0 ms]
      [Ref Proc: 0.1 ms]
      [Ref Enq: 0.0 ms]
      [Redirty Cards: 0.1 ms]
      [Humongous Register: 0.0 ms]
      [Humongous Reclaim: 0.0 ms]
      [Free CSet: 0.3 ms]
   [Eden: 612.0M(612.0M)->0.0B(612.0M) Survivors: 2048.0K->2048.0K Heap: 619.0M(1024.0M)->7219.6K(1024.0M)]
 [Times: user=0.00 sys=0.00, real=0.00 secs] 
2024-10-11T08:52:14.911+0300: 1115.297: Total time for which application threads were stopped: 0.0017711 seconds, Stopping threads took: 0.0001003 seconds
2024-10-11T08:52:16.951+0300: 1117.328: Application time: 2.0311190 seconds
2024-10-11T08:52:16.951+0300: 1117.328: [GC pause (G1 Evacuation Pause) (young), 0.0014931 secs]
   [Parallel Time: 0.6 ms, GC Workers: 6]
      [GC Worker Start (ms): Min: 1117328.1, Avg: 1117328.1, Max: 1117328.2, Diff: 0.1]
      [Ext Root Scanning (ms): Min: 0.2, Avg: 0.2, Max: 0.3, Diff: 0.1, Sum: 1.5]
      [Update RS (ms): Min: 0.0, Avg: 0.0, Max: 0.0, Diff: 0.0, Sum: 0.1]
         [Processed Buffers: Min: 0, Avg: 0.7, Max: 2, Diff: 2, Sum: 4]
      [Scan RS (ms): Min: 0.1, Avg: 0.1, Max: 0.1, Diff: 0.0, Sum: 0.6]
      [Code Root Scanning (ms): Min: 0.0, Avg: 0.0, Max: 0.0, Diff: 0.0, Sum: 0.0]
      [Object Copy (ms): Min: 0.1, Avg: 0.1, Max: 0.2, Diff: 0.1, Sum: 0.9]
      [Termination (ms): Min: 0.0, Avg: 0.0, Max: 0.0, Diff: 0.0, Sum: 0.0]
         [Termination Attempts: Min: 1, Avg: 1.0, Max: 1, Diff: 0, Sum: 6]
      [GC Worker Other (ms): Min: 0.0, Avg: 0.0, Max: 0.0, Diff: 0.0, Sum: 0.1]
      [GC Worker Total (ms): Min: 0.5, Avg: 0.5, Max: 0.6, Diff: 0.1, Sum: 3.1]
      [GC Worker End (ms): Min: 1117328.6, Avg: 1117328.7, Max: 1117328.7, Diff: 0.0]
   [Code Root Fixup: 0.0 ms]
   [Code Root Purge: 0.0 ms]
   [Clear CT: 0.2 ms]
   [Other: 0.7 ms]
      [Choose CSet: 0.0 ms]
      [Ref Proc: 0.1 ms]
      [Ref Enq: 0.0 ms]
      [Redirty Cards: 0.1 ms]
      [Humongous Register: 0.0 ms]
      [Humongous Reclaim: 0.0 ms]
      [Free CSet: 0.3 ms]
   [Eden: 612.0M(612.0M)->0.0B(612.0M) Survivors: 2048.0K->2048.0K Heap: 619.1M(1024.0M)->7473.3K(1024.0M)]
 [Times: user=0.00 sys=0.00, real=0.00 secs] 
2024-10-11T08:52:16.951+0300: 1117.330: Total time for which application threads were stopped: 0.0018259 seconds, Stopping threads took: 0.0001219 seconds
2024-10-11T08:52:18.990+0300: 1119.368: Application time: 2.0382741 seconds
2024-10-11T08:52:18.990+0300: 1119.368: [GC pause (G1 Evacuation Pause) (young), 0.0014300 secs]
   [Parallel Time: 0.6 ms, GC Workers: 6]
      [GC Worker Start (ms): Min: 1119368.2, Avg: 1119368.2, Max: 1119368.3, Diff: 0.0]
      [Ext Root Scanning (ms): Min: 0.2, Avg: 0.2, Max: 0.3, Diff: 0.1, Sum: 1.4]
      [Update RS (ms): Min: 0.0, Avg: 0.0, Max: 0.0, Diff: 0.0, Sum: 0.1]
         [Processed Buffers: Min: 0, Avg: 0.8, Max: 1, Diff: 1, Sum: 5]
      [Scan RS (ms): Min: 0.1, Avg: 0.1, Max: 0.1, Diff: 0.0, Sum: 0.5]
      [Code Root Scanning (ms): Min: 0.0, Avg: 0.0, Max: 0.0, Diff: 0.0, Sum: 0.0]
      [Object Copy (ms): Min: 0.1, Avg: 0.1, Max: 0.2, Diff: 0.1, Sum: 0.8]
      [Termination (ms): Min: 0.0, Avg: 0.0, Max: 0.0, Diff: 0.0, Sum: 0.1]
         [Termination Attempts: Min: 1, Avg: 1.0, Max: 1, Diff: 0, Sum: 6]
      [GC Worker Other (ms): Min: 0.0, Avg: 0.0, Max: 0.0, Diff: 0.0, Sum: 0.1]
      [GC Worker Total (ms): Min: 0.5, Avg: 0.5, Max: 0.5, Diff: 0.0, Sum: 3.0]
      [GC Worker End (ms): Min: 1119368.7, Avg: 1119368.7, Max: 1119368.7, Diff: 0.0]
   [Code Root Fixup: 0.0 ms]
   [Code Root Purge: 0.0 ms]
   [Clear CT: 0.2 ms]
   [Other: 0.6 ms]
      [Choose CSet: 0.0 ms]
      [Ref Proc: 0.1 ms]
      [Ref Enq: 0.0 ms]
      [Redirty Cards: 0.1 ms]
      [Humongous Register: 0.0 ms]
      [Humongous Reclaim: 0.0 ms]
      [Free CSet: 0.3 ms]
   [Eden: 612.0M(612.0M)->0.0B(612.0M) Survivors: 2048.0K->2048.0K Heap: 619.3M(1024.0M)->7244.9K(1024.0M)]
 [Times: user=0.00 sys=0.00, real=0.00 secs] 
2024-10-11T08:52:18.990+0300: 1119.370: Total time for which application threads were stopped: 0.0017563 seconds, Stopping threads took: 0.0001403 seconds
2024-10-11T08:52:21.036+0300: 1121.409: Application time: 2.0394961 seconds
2024-10-11T08:52:21.037+0300: 1121.409: [GC pause (G1 Evacuation Pause) (young), 0.0015555 secs]
   [Parallel Time: 0.7 ms, GC Workers: 6]
      [GC Worker Start (ms): Min: 1121409.5, Avg: 1121409.6, Max: 1121409.6, Diff: 0.1]
      [Ext Root Scanning (ms): Min: 0.2, Avg: 0.3, Max: 0.3, Diff: 0.1, Sum: 1.6]
      [Update RS (ms): Min: 0.0, Avg: 0.0, Max: 0.0, Diff: 0.0, Sum: 0.1]
         [Processed Buffers: Min: 0, Avg: 0.8, Max: 2, Diff: 2, Sum: 5]
      [Scan RS (ms): Min: 0.1, Avg: 0.1, Max: 0.1, Diff: 0.0, Sum: 0.5]
      [Code Root Scanning (ms): Min: 0.0, Avg: 0.0, Max: 0.0, Diff: 0.0, Sum: 0.0]
      [Object Copy (ms): Min: 0.1, Avg: 0.1, Max: 0.2, Diff: 0.0, Sum: 0.9]
      [Termination (ms): Min: 0.0, Avg: 0.0, Max: 0.0, Diff: 0.0, Sum: 0.1]
         [Termination Attempts: Min: 1, Avg: 1.2, Max: 2, Diff: 1, Sum: 7]
      [GC Worker Other (ms): Min: 0.0, Avg: 0.0, Max: 0.0, Diff: 0.0, Sum: 0.1]
      [GC Worker Total (ms): Min: 0.5, Avg: 0.5, Max: 0.6, Diff: 0.1, Sum: 3.3]
      [GC Worker End (ms): Min: 1121410.1, Avg: 1121410.1, Max: 1121410.1, Diff: 0.0]
   [Code Root Fixup: 0.0 ms]
   [Code Root Purge: 0.0 ms]
   [Clear CT: 0.2 ms]
   [Other: 0.7 ms]
      [Choose CSet: 0.0 ms]
      [Ref Proc: 0.2 ms]
      [Ref Enq: 0.0 ms]
      [Redirty Cards: 0.1 ms]
      [Humongous Register: 0.0 ms]
      [Humongous Reclaim: 0.0 ms]
      [Free CSet: 0.3 ms]
   [Eden: 612.0M(612.0M)->0.0B(612.0M) Survivors: 2048.0K->2048.0K Heap: 619.1M(1024.0M)->7290.6K(1024.0M)]
 [Times: user=0.00 sys=0.00, real=0.00 secs] 
2024-10-11T08:52:21.038+0300: 1121.411: Total time for which application threads were stopped: 0.0019471 seconds, Stopping threads took: 0.0001541 seconds
2024-10-11T08:52:23.084+0300: 1123.463: Application time: 2.0522033 seconds
2024-10-11T08:52:23.084+0300: 1123.464: [GC pause (G1 Evacuation Pause) (young), 0.0014783 secs]
   [Parallel Time: 0.6 ms, GC Workers: 6]
      [GC Worker Start (ms): Min: 1123463.6, Avg: 1123463.6, Max: 1123463.6, Diff: 0.0]
      [Ext Root Scanning (ms): Min: 0.2, Avg: 0.2, Max: 0.3, Diff: 0.0, Sum: 1.5]
      [Update RS (ms): Min: 0.0, Avg: 0.0, Max: 0.0, Diff: 0.0, Sum: 0.1]
         [Processed Buffers: Min: 0, Avg: 0.8, Max: 2, Diff: 2, Sum: 5]
      [Scan RS (ms): Min: 0.1, Avg: 0.1, Max: 0.1, Diff: 0.0, Sum: 0.6]
      [Code Root Scanning (ms): Min: 0.0, Avg: 0.0, Max: 0.0, Diff: 0.0, Sum: 0.0]
      [Object Copy (ms): Min: 0.1, Avg: 0.1, Max: 0.2, Diff: 0.1, Sum: 0.8]
      [Termination (ms): Min: 0.0, Avg: 0.0, Max: 0.0, Diff: 0.0, Sum: 0.1]
         [Termination Attempts: Min: 1, Avg: 1.0, Max: 1, Diff: 0, Sum: 6]
      [GC Worker Other (ms): Min: 0.0, Avg: 0.0, Max: 0.0, Diff: 0.0, Sum: 0.1]
      [GC Worker Total (ms): Min: 0.5, Avg: 0.5, Max: 0.5, Diff: 0.0, Sum: 3.1]
      [GC Worker End (ms): Min: 1123464.1, Avg: 1123464.1, Max: 1123464.1, Diff: 0.0]
   [Code Root Fixup: 0.0 ms]
   [Code Root Purge: 0.0 ms]
   [Clear CT: 0.2 ms]
   [Other: 0.7 ms]
      [Choose CSet: 0.0 ms]
      [Ref Proc: 0.2 ms]
      [Ref Enq: 0.0 ms]
      [Redirty Cards: 0.1 ms]
      [Humongous Register: 0.0 ms]
      [Humongous Reclaim: 0.0 ms]
      [Free CSet: 0.3 ms]
   [Eden: 612.0M(612.0M)->0.0B(612.0M) Survivors: 2048.0K->2048.0K Heap: 619.1M(1024.0M)->7492.7K(1024.0M)]
 [Times: user=0.02 sys=0.00, real=0.01 secs] 
2024-10-11T08:52:23.093+0300: 1123.465: Total time for which application threads were stopped: 0.0017713 seconds, Stopping threads took: 0.0001144 seconds
2024-10-11T08:52:25.124+0300: 1125.506: Application time: 2.0404819 seconds
2024-10-11T08:52:25.124+0300: 1125.506: [GC pause (G1 Evacuation Pause) (young), 0.0014935 secs]
   [Parallel Time: 0.7 ms, GC Workers: 6]
      [GC Worker Start (ms): Min: 1125505.9, Avg: 1125505.9, Max: 1125506.1, Diff: 0.2]
      [Ext Root Scanning (ms): Min: 0.1, Avg: 0.3, Max: 0.4, Diff: 0.2, Sum: 1.5]
      [Update RS (ms): Min: 0.0, Avg: 0.0, Max: 0.0, Diff: 0.0, Sum: 0.1]
         [Processed Buffers: Min: 0, Avg: 0.7, Max: 1, Diff: 1, Sum: 4]
      [Scan RS (ms): Min: 0.1, Avg: 0.1, Max: 0.1, Diff: 0.1, Sum: 0.6]
      [Code Root Scanning (ms): Min: 0.0, Avg: 0.0, Max: 0.0, Diff: 0.0, Sum: 0.0]
      [Object Copy (ms): Min: 0.1, Avg: 0.1, Max: 0.1, Diff: 0.0, Sum: 0.8]
      [Termination (ms): Min: 0.0, Avg: 0.0, Max: 0.0, Diff: 0.0, Sum: 0.0]
         [Termination Attempts: Min: 1, Avg: 1.0, Max: 1, Diff: 0, Sum: 6]
      [GC Worker Other (ms): Min: 0.0, Avg: 0.0, Max: 0.0, Diff: 0.0, Sum: 0.2]
      [GC Worker Total (ms): Min: 0.4, Avg: 0.5, Max: 0.6, Diff: 0.1, Sum: 3.2]
      [GC Worker End (ms): Min: 1125506.5, Avg: 1125506.5, Max: 1125506.5, Diff: 0.0]
   [Code Root Fixup: 0.0 ms]
   [Code Root Purge: 0.0 ms]
   [Clear CT: 0.2 ms]
   [Other: 0.6 ms]
      [Choose CSet: 0.0 ms]
      [Ref Proc: 0.2 ms]
      [Ref Enq: 0.0 ms]
      [Redirty Cards: 0.1 ms]
      [Humongous Register: 0.0 ms]
      [Humongous Reclaim: 0.0 ms]
      [Free CSet: 0.2 ms]
   [Eden: 612.0M(612.0M)->0.0B(612.0M) Survivors: 2048.0K->2048.0K Heap: 619.3M(1024.0M)->7244.5K(1024.0M)]
 [Times: user=0.00 sys=0.00, real=0.00 secs] 
2024-10-11T08:52:25.124+0300: 1125.507: Total time for which application threads were stopped: 0.0018594 seconds, Stopping threads took: 0.0001493 seconds
2024-10-11T08:52:27.164+0300: 1127.544: Application time: 2.0370078 seconds
2024-10-11T08:52:27.164+0300: 1127.545: [GC pause (G1 Evacuation Pause) (young), 0.0014393 secs]
   [Parallel Time: 0.6 ms, GC Workers: 6]
      [GC Worker Start (ms): Min: 1127544.8, Avg: 1127544.8, Max: 1127544.8, Diff: 0.0]
      [Ext Root Scanning (ms): Min: 0.2, Avg: 0.2, Max: 0.3, Diff: 0.0, Sum: 1.5]
      [Update RS (ms): Min: 0.0, Avg: 0.0, Max: 0.0, Diff: 0.0, Sum: 0.0]
         [Processed Buffers: Min: 0, Avg: 0.7, Max: 2, Diff: 2, Sum: 4]
      [Scan RS (ms): Min: 0.1, Avg: 0.1, Max: 0.1, Diff: 0.0, Sum: 0.6]
      [Code Root Scanning (ms): Min: 0.0, Avg: 0.0, Max: 0.0, Diff: 0.0, Sum: 0.0]
      [Object Copy (ms): Min: 0.1, Avg: 0.1, Max: 0.2, Diff: 0.1, Sum: 0.9]
      [Termination (ms): Min: 0.0, Avg: 0.0, Max: 0.0, Diff: 0.0, Sum: 0.1]
         [Termination Attempts: Min: 1, Avg: 1.2, Max: 2, Diff: 1, Sum: 7]
      [GC Worker Other (ms): Min: 0.0, Avg: 0.0, Max: 0.0, Diff: 0.0, Sum: 0.1]
      [GC Worker Total (ms): Min: 0.5, Avg: 0.5, Max: 0.6, Diff: 0.1, Sum: 3.2]
      [GC Worker End (ms): Min: 1127545.3, Avg: 1127545.3, Max: 1127545.3, Diff: 0.0]
   [Code Root Fixup: 0.0 ms]
   [Code Root Purge: 0.0 ms]
   [Clear CT: 0.2 ms]
   [Other: 0.6 ms]
      [Choose CSet: 0.0 ms]
      [Ref Proc: 0.1 ms]
      [Ref Enq: 0.0 ms]
      [Redirty Cards: 0.1 ms]
      [Humongous Register: 0.0 ms]
      [Humongous Reclaim: 0.0 ms]
      [Free CSet: 0.3 ms]
   [Eden: 612.0M(612.0M)->0.0B(612.0M) Survivors: 2048.0K->2048.0K Heap: 619.1M(1024.0M)->7410.3K(1024.0M)]
 [Times: user=0.00 sys=0.00, real=0.00 secs] 
2024-10-11T08:52:27.164+0300: 1127.546: Total time for which application threads were stopped: 0.0017720 seconds, Stopping threads took: 0.0001438 seconds
2024-10-11T08:52:29.204+0300: 1129.585: Application time: 2.0383802 seconds
2024-10-11T08:52:29.204+0300: 1129.585: [GC pause (G1 Evacuation Pause) (young), 0.0014249 secs]
   [Parallel Time: 0.6 ms, GC Workers: 6]
      [GC Worker Start (ms): Min: 1129585.0, Avg: 1129585.0, Max: 1129585.0, Diff: 0.1]
      [Ext Root Scanning (ms): Min: 0.2, Avg: 0.2, Max: 0.3, Diff: 0.1, Sum: 1.5]
      [Update RS (ms): Min: 0.0, Avg: 0.0, Max: 0.0, Diff: 0.0, Sum: 0.1]
         [Processed Buffers: Min: 0, Avg: 0.7, Max: 1, Diff: 1, Sum: 4]
      [Scan RS (ms): Min: 0.1, Avg: 0.1, Max: 0.1, Diff: 0.0, Sum: 0.5]
      [Code Root Scanning (ms): Min: 0.0, Avg: 0.0, Max: 0.0, Diff: 0.0, Sum: 0.0]
      [Object Copy (ms): Min: 0.1, Avg: 0.1, Max: 0.2, Diff: 0.0, Sum: 0.9]
      [Termination (ms): Min: 0.0, Avg: 0.0, Max: 0.0, Diff: 0.0, Sum: 0.1]
         [Termination Attempts: Min: 1, Avg: 1.0, Max: 1, Diff: 0, Sum: 6]
      [GC Worker Other (ms): Min: 0.0, Avg: 0.0, Max: 0.0, Diff: 0.0, Sum: 0.1]
      [GC Worker Total (ms): Min: 0.5, Avg: 0.5, Max: 0.5, Diff: 0.1, Sum: 3.1]
      [GC Worker End (ms): Min: 1129585.5, Avg: 1129585.5, Max: 1129585.5, Diff: 0.0]
   [Code Root Fixup: 0.0 ms]
   [Code Root Purge: 0.0 ms]
   [Clear CT: 0.2 ms]
   [Other: 0.6 ms]
      [Choose CSet: 0.0 ms]
      [Ref Proc: 0.1 ms]
      [Ref Enq: 0.0 ms]
      [Redirty Cards: 0.1 ms]
      [Humongous Register: 0.0 ms]
      [Humongous Reclaim: 0.0 ms]
      [Free CSet: 0.3 ms]
   [Eden: 612.0M(612.0M)->0.0B(612.0M) Survivors: 2048.0K->2048.0K Heap: 619.2M(1024.0M)->7276.8K(1024.0M)]
 [Times: user=0.00 sys=0.00, real=0.00 secs] 
2024-10-11T08:52:29.204+0300: 1129.586: Total time for which application threads were stopped: 0.0018193 seconds, Stopping threads took: 0.0001937 seconds
2024-10-11T08:52:31.243+0300: 1131.628: Application time: 2.0410934 seconds
2024-10-11T08:52:31.243+0300: 1131.628: [GC pause (G1 Evacuation Pause) (young), 0.0013784 secs]
   [Parallel Time: 0.6 ms, GC Workers: 6]
      [GC Worker Start (ms): Min: 1131627.8, Avg: 1131627.9, Max: 1131627.9, Diff: 0.1]
      [Ext Root Scanning (ms): Min: 0.2, Avg: 0.3, Max: 0.3, Diff: 0.1, Sum: 1.6]
      [Update RS (ms): Min: 0.0, Avg: 0.0, Max: 0.1, Diff: 0.1, Sum: 0.1]
         [Processed Buffers: Min: 0, Avg: 0.7, Max: 1, Diff: 1, Sum: 4]
      [Scan RS (ms): Min: 0.1, Avg: 0.1, Max: 0.1, Diff: 0.0, Sum: 0.5]
      [Code Root Scanning (ms): Min: 0.0, Avg: 0.0, Max: 0.0, Diff: 0.0, Sum: 0.0]
      [Object Copy (ms): Min: 0.1, Avg: 0.1, Max: 0.2, Diff: 0.1, Sum: 0.8]
      [Termination (ms): Min: 0.0, Avg: 0.0, Max: 0.0, Diff: 0.0, Sum: 0.0]
         [Termination Attempts: Min: 1, Avg: 1.0, Max: 1, Diff: 0, Sum: 6]
      [GC Worker Other (ms): Min: 0.0, Avg: 0.0, Max: 0.0, Diff: 0.0, Sum: 0.2]
      [GC Worker Total (ms): Min: 0.5, Avg: 0.5, Max: 0.6, Diff: 0.1, Sum: 3.3]
      [GC Worker End (ms): Min: 1131628.4, Avg: 1131628.4, Max: 1131628.4, Diff: 0.0]
   [Code Root Fixup: 0.0 ms]
   [Code Root Purge: 0.0 ms]
   [Clear CT: 0.2 ms]
   [Other: 0.6 ms]
      [Choose CSet: 0.0 ms]
      [Ref Proc: 0.1 ms]
      [Ref Enq: 0.0 ms]
      [Redirty Cards: 0.1 ms]
      [Humongous Register: 0.0 ms]
      [Humongous Reclaim: 0.0 ms]
      [Free CSet: 0.2 ms]
   [Eden: 612.0M(612.0M)->0.0B(612.0M) Survivors: 2048.0K->2048.0K Heap: 619.1M(1024.0M)->7356.3K(1024.0M)]
 [Times: user=0.00 sys=0.00, real=0.00 secs] 
2024-10-11T08:52:31.243+0300: 1131.629: Total time for which application threads were stopped: 0.0017134 seconds, Stopping threads took: 0.0001661 seconds
2024-10-11T08:52:33.299+0300: 1133.682: Application time: 2.0529371 seconds
2024-10-11T08:52:33.299+0300: 1133.682: [GC pause (G1 Evacuation Pause) (young), 0.0015690 secs]
   [Parallel Time: 0.6 ms, GC Workers: 6]
      [GC Worker Start (ms): Min: 1133682.6, Avg: 1133682.6, Max: 1133682.6, Diff: 0.0]
      [Ext Root Scanning (ms): Min: 0.2, Avg: 0.2, Max: 0.3, Diff: 0.0, Sum: 1.5]
      [Update RS (ms): Min: 0.0, Avg: 0.0, Max: 0.0, Diff: 0.0, Sum: 0.1]
         [Processed Buffers: Min: 0, Avg: 0.7, Max: 1, Diff: 1, Sum: 4]
      [Scan RS (ms): Min: 0.1, Avg: 0.1, Max: 0.1, Diff: 0.0, Sum: 0.6]
      [Code Root Scanning (ms): Min: 0.0, Avg: 0.0, Max: 0.0, Diff: 0.0, Sum: 0.0]
      [Object Copy (ms): Min: 0.1, Avg: 0.1, Max: 0.2, Diff: 0.1, Sum: 0.9]
      [Termination (ms): Min: 0.0, Avg: 0.1, Max: 0.1, Diff: 0.1, Sum: 0.3]
         [Termination Attempts: Min: 1, Avg: 1.0, Max: 1, Diff: 0, Sum: 6]
      [GC Worker Other (ms): Min: 0.0, Avg: 0.0, Max: 0.0, Diff: 0.0, Sum: 0.1]
      [GC Worker Total (ms): Min: 0.5, Avg: 0.6, Max: 0.6, Diff: 0.0, Sum: 3.4]
      [GC Worker End (ms): Min: 1133683.2, Avg: 1133683.2, Max: 1133683.2, Diff: 0.0]
   [Code Root Fixup: 0.0 ms]
   [Code Root Purge: 0.0 ms]
   [Clear CT: 0.2 ms]
   [Other: 0.7 ms]
      [Choose CSet: 0.0 ms]
      [Ref Proc: 0.1 ms]
      [Ref Enq: 0.0 ms]
      [Redirty Cards: 0.1 ms]
      [Humongous Register: 0.0 ms]
      [Humongous Reclaim: 0.0 ms]
      [Free CSet: 0.3 ms]
   [Eden: 612.0M(612.0M)->0.0B(612.0M) Survivors: 2048.0K->2048.0K Heap: 619.2M(1024.0M)->7418.1K(1024.0M)]
 [Times: user=0.01 sys=0.00, real=0.01 secs] 
2024-10-11T08:52:33.311+0300: 1133.684: Total time for which application threads were stopped: 0.0019843 seconds, Stopping threads took: 0.0002031 seconds
2024-10-11T08:52:35.339+0300: 1135.725: Application time: 2.0408577 seconds
2024-10-11T08:52:35.339+0300: 1135.725: [GC pause (G1 Evacuation Pause) (young), 0.0015456 secs]
   [Parallel Time: 0.7 ms, GC Workers: 6]
      [GC Worker Start (ms): Min: 1135725.3, Avg: 1135725.4, Max: 1135725.4, Diff: 0.1]
      [Ext Root Scanning (ms): Min: 0.2, Avg: 0.2, Max: 0.3, Diff: 0.1, Sum: 1.5]
      [Update RS (ms): Min: 0.0, Avg: 0.0, Max: 0.0, Diff: 0.0, Sum: 0.1]
         [Processed Buffers: Min: 0, Avg: 0.7, Max: 2, Diff: 2, Sum: 4]
      [Scan RS (ms): Min: 0.1, Avg: 0.1, Max: 0.1, Diff: 0.0, Sum: 0.6]
      [Code Root Scanning (ms): Min: 0.0, Avg: 0.0, Max: 0.0, Diff: 0.0, Sum: 0.0]
      [Object Copy (ms): Min: 0.1, Avg: 0.2, Max: 0.2, Diff: 0.1, Sum: 0.9]
      [Termination (ms): Min: 0.0, Avg: 0.0, Max: 0.0, Diff: 0.0, Sum: 0.0]
         [Termination Attempts: Min: 1, Avg: 1.0, Max: 1, Diff: 0, Sum: 6]
      [GC Worker Other (ms): Min: 0.0, Avg: 0.0, Max: 0.0, Diff: 0.0, Sum: 0.2]
      [GC Worker Total (ms): Min: 0.5, Avg: 0.6, Max: 0.6, Diff: 0.1, Sum: 3.3]
      [GC Worker End (ms): Min: 1135725.9, Avg: 1135725.9, Max: 1135725.9, Diff: 0.0]
   [Code Root Fixup: 0.0 ms]
   [Code Root Purge: 0.0 ms]
   [Clear CT: 0.2 ms]
   [Other: 0.7 ms]
      [Choose CSet: 0.0 ms]
      [Ref Proc: 0.1 ms]
      [Ref Enq: 0.0 ms]
      [Redirty Cards: 0.1 ms]
      [Humongous Register: 0.0 ms]
      [Humongous Reclaim: 0.0 ms]
      [Free CSet: 0.4 ms]
   [Eden: 612.0M(612.0M)->0.0B(612.0M) Survivors: 2048.0K->2048.0K Heap: 619.2M(1024.0M)->7423.2K(1024.0M)]
 [Times: user=0.00 sys=0.00, real=0.02 secs] 
2024-10-11T08:52:35.354+0300: 1135.727: Total time for which application threads were stopped: 0.0018878 seconds, Stopping threads took: 0.0001594 seconds
2024-10-11T08:52:37.393+0300: 1137.775: Application time: 2.0484771 seconds
2024-10-11T08:52:37.393+0300: 1137.776: [GC pause (G1 Evacuation Pause) (young), 0.0013497 secs]
   [Parallel Time: 0.6 ms, GC Workers: 6]
      [GC Worker Start (ms): Min: 1137775.7, Avg: 1137775.7, Max: 1137775.7, Diff: 0.0]
      [Ext Root Scanning (ms): Min: 0.2, Avg: 0.3, Max: 0.3, Diff: 0.1, Sum: 1.5]
      [Update RS (ms): Min: 0.0, Avg: 0.0, Max: 0.0, Diff: 0.0, Sum: 0.1]
         [Processed Buffers: Min: 0, Avg: 0.7, Max: 1, Diff: 1, Sum: 4]
      [Scan RS (ms): Min: 0.1, Avg: 0.1, Max: 0.1, Diff: 0.0, Sum: 0.6]
      [Code Root Scanning (ms): Min: 0.0, Avg: 0.0, Max: 0.0, Diff: 0.0, Sum: 0.0]
      [Object Copy (ms): Min: 0.1, Avg: 0.1, Max: 0.1, Diff: 0.0, Sum: 0.8]
      [Termination (ms): Min: 0.0, Avg: 0.0, Max: 0.0, Diff: 0.0, Sum: 0.0]
         [Termination Attempts: Min: 1, Avg: 1.0, Max: 1, Diff: 0, Sum: 6]
      [GC Worker Other (ms): Min: 0.0, Avg: 0.0, Max: 0.0, Diff: 0.0, Sum: 0.2]
      [GC Worker Total (ms): Min: 0.5, Avg: 0.5, Max: 0.6, Diff: 0.1, Sum: 3.2]
      [GC Worker End (ms): Min: 1137776.2, Avg: 1137776.2, Max: 1137776.3, Diff: 0.0]
   [Code Root Fixup: 0.0 ms]
   [Code Root Purge: 0.0 ms]
   [Clear CT: 0.2 ms]
   [Other: 0.6 ms]
      [Choose CSet: 0.0 ms]
      [Ref Proc: 0.1 ms]
      [Ref Enq: 0.0 ms]
      [Redirty Cards: 0.1 ms]
      [Humongous Register: 0.0 ms]
      [Humongous Reclaim: 0.0 ms]
      [Free CSet: 0.3 ms]
   [Eden: 612.0M(612.0M)->0.0B(612.0M) Survivors: 2048.0K->2048.0K Heap: 619.2M(1024.0M)->7426.6K(1024.0M)]
 [Times: user=0.00 sys=0.00, real=0.00 secs] 
2024-10-11T08:52:37.393+0300: 1137.777: Total time for which application threads were stopped: 0.0016787 seconds, Stopping threads took: 0.0001604 seconds
2024-10-11T08:52:39.450+0300: 1139.828: Application time: 2.0512097 seconds
2024-10-11T08:52:39.450+0300: 1139.828: [GC pause (G1 Evacuation Pause) (young), 0.0014913 secs]
   [Parallel Time: 0.6 ms, GC Workers: 6]
      [GC Worker Start (ms): Min: 1139828.6, Avg: 1139828.6, Max: 1139828.6, Diff: 0.0]
      [Ext Root Scanning (ms): Min: 0.2, Avg: 0.2, Max: 0.3, Diff: 0.0, Sum: 1.4]
      [Update RS (ms): Min: 0.0, Avg: 0.0, Max: 0.0, Diff: 0.0, Sum: 0.1]
         [Processed Buffers: Min: 0, Avg: 0.7, Max: 2, Diff: 2, Sum: 4]
      [Scan RS (ms): Min: 0.1, Avg: 0.1, Max: 0.1, Diff: 0.0, Sum: 0.6]
      [Code Root Scanning (ms): Min: 0.0, Avg: 0.0, Max: 0.0, Diff: 0.0, Sum: 0.0]
      [Object Copy (ms): Min: 0.1, Avg: 0.1, Max: 0.2, Diff: 0.1, Sum: 0.9]
      [Termination (ms): Min: 0.0, Avg: 0.0, Max: 0.0, Diff: 0.0, Sum: 0.0]
         [Termination Attempts: Min: 1, Avg: 1.0, Max: 1, Diff: 0, Sum: 6]
      [GC Worker Other (ms): Min: 0.0, Avg: 0.0, Max: 0.0, Diff: 0.0, Sum: 0.1]
      [GC Worker Total (ms): Min: 0.5, Avg: 0.5, Max: 0.5, Diff: 0.1, Sum: 3.1]
      [GC Worker End (ms): Min: 1139829.1, Avg: 1139829.1, Max: 1139829.1, Diff: 0.0]
   [Code Root Fixup: 0.0 ms]
   [Code Root Purge: 0.0 ms]
   [Clear CT: 0.2 ms]
   [Other: 0.7 ms]
      [Choose CSet: 0.0 ms]
      [Ref Proc: 0.1 ms]
      [Ref Enq: 0.0 ms]
      [Redirty Cards: 0.1 ms]
      [Humongous Register: 0.0 ms]
      [Humongous Reclaim: 0.0 ms]
      [Free CSet: 0.3 ms]
   [Eden: 612.0M(612.0M)->0.0B(612.0M) Survivors: 2048.0K->2048.0K Heap: 619.3M(1024.0M)->7336.6K(1024.0M)]
 [Times: user=0.00 sys=0.00, real=0.00 secs] 
2024-10-11T08:52:39.450+0300: 1139.830: Total time for which application threads were stopped: 0.0018232 seconds, Stopping threads took: 0.0001252 seconds
2024-10-11T08:52:41.488+0300: 1141.869: Application time: 2.0391272 seconds
2024-10-11T08:52:41.488+0300: 1141.869: [GC pause (G1 Evacuation Pause) (young), 0.0014203 secs]
   [Parallel Time: 0.6 ms, GC Workers: 6]
      [GC Worker Start (ms): Min: 1141869.5, Avg: 1141869.6, Max: 1141869.6, Diff: 0.1]
      [Ext Root Scanning (ms): Min: 0.2, Avg: 0.2, Max: 0.3, Diff: 0.1, Sum: 1.4]
      [Update RS (ms): Min: 0.0, Avg: 0.0, Max: 0.0, Diff: 0.0, Sum: 0.1]
         [Processed Buffers: Min: 0, Avg: 0.7, Max: 2, Diff: 2, Sum: 4]
      [Scan RS (ms): Min: 0.1, Avg: 0.1, Max: 0.1, Diff: 0.0, Sum: 0.6]
      [Code Root Scanning (ms): Min: 0.0, Avg: 0.0, Max: 0.0, Diff: 0.0, Sum: 0.0]
      [Object Copy (ms): Min: 0.1, Avg: 0.1, Max: 0.2, Diff: 0.1, Sum: 0.9]
      [Termination (ms): Min: 0.0, Avg: 0.0, Max: 0.0, Diff: 0.0, Sum: 0.1]
         [Termination Attempts: Min: 1, Avg: 1.0, Max: 1, Diff: 0, Sum: 6]
      [GC Worker Other (ms): Min: 0.0, Avg: 0.0, Max: 0.0, Diff: 0.0, Sum: 0.1]
      [GC Worker Total (ms): Min: 0.5, Avg: 0.5, Max: 0.6, Diff: 0.0, Sum: 3.2]
      [GC Worker End (ms): Min: 1141870.1, Avg: 1141870.1, Max: 1141870.1, Diff: 0.0]
   [Code Root Fixup: 0.0 ms]
   [Code Root Purge: 0.0 ms]
   [Clear CT: 0.2 ms]
   [Other: 0.6 ms]
      [Choose CSet: 0.0 ms]
      [Ref Proc: 0.1 ms]
      [Ref Enq: 0.0 ms]
      [Redirty Cards: 0.1 ms]
      [Humongous Register: 0.0 ms]
      [Humongous Reclaim: 0.0 ms]
      [Free CSet: 0.3 ms]
   [Eden: 612.0M(612.0M)->0.0B(612.0M) Survivors: 2048.0K->2048.0K Heap: 619.2M(1024.0M)->7339.0K(1024.0M)]
 [Times: user=0.00 sys=0.00, real=0.00 secs] 
2024-10-11T08:52:41.488+0300: 1141.871: Total time for which application threads were stopped: 0.0017580 seconds, Stopping threads took: 0.0001451 seconds
2024-10-11T08:52:43.530+0300: 1143.907: Application time: 2.0359135 seconds
2024-10-11T08:52:43.530+0300: 1143.907: [GC pause (G1 Evacuation Pause) (young), 0.0014121 secs]
   [Parallel Time: 0.6 ms, GC Workers: 6]
      [GC Worker Start (ms): Min: 1143907.3, Avg: 1143907.3, Max: 1143907.3, Diff: 0.1]
      [Ext Root Scanning (ms): Min: 0.2, Avg: 0.3, Max: 0.3, Diff: 0.1, Sum: 1.5]
      [Update RS (ms): Min: 0.0, Avg: 0.0, Max: 0.0, Diff: 0.0, Sum: 0.1]
         [Processed Buffers: Min: 0, Avg: 0.7, Max: 1, Diff: 1, Sum: 4]
      [Scan RS (ms): Min: 0.1, Avg: 0.1, Max: 0.1, Diff: 0.0, Sum: 0.6]
      [Code Root Scanning (ms): Min: 0.0, Avg: 0.0, Max: 0.0, Diff: 0.0, Sum: 0.0]
      [Object Copy (ms): Min: 0.1, Avg: 0.1, Max: 0.2, Diff: 0.0, Sum: 0.8]
      [Termination (ms): Min: 0.0, Avg: 0.0, Max: 0.0, Diff: 0.0, Sum: 0.1]
         [Termination Attempts: Min: 1, Avg: 1.0, Max: 1, Diff: 0, Sum: 6]
      [GC Worker Other (ms): Min: 0.0, Avg: 0.0, Max: 0.0, Diff: 0.0, Sum: 0.2]
      [GC Worker Total (ms): Min: 0.5, Avg: 0.5, Max: 0.6, Diff: 0.0, Sum: 3.3]
      [GC Worker End (ms): Min: 1143907.8, Avg: 1143907.8, Max: 1143907.9, Diff: 0.0]
   [Code Root Fixup: 0.0 ms]
   [Code Root Purge: 0.0 ms]
   [Clear CT: 0.2 ms]
   [Other: 0.6 ms]
      [Choose CSet: 0.0 ms]
      [Ref Proc: 0.1 ms]
      [Ref Enq: 0.0 ms]
      [Redirty Cards: 0.1 ms]
      [Humongous Register: 0.0 ms]
      [Humongous Reclaim: 0.0 ms]
      [Free CSet: 0.3 ms]
   [Eden: 612.0M(612.0M)->0.0B(612.0M) Survivors: 2048.0K->2048.0K Heap: 619.2M(1024.0M)->7341.4K(1024.0M)]
 [Times: user=0.00 sys=0.00, real=0.00 secs] 
2024-10-11T08:52:43.530+0300: 1143.909: Total time for which application threads were stopped: 0.0017757 seconds, Stopping threads took: 0.0001459 seconds
2024-10-11T08:52:45.583+0300: 1145.965: Application time: 2.0561392 seconds
2024-10-11T08:52:45.583+0300: 1145.965: [GC pause (G1 Evacuation Pause) (young), 0.0013786 secs]
   [Parallel Time: 0.6 ms, GC Workers: 6]
      [GC Worker Start (ms): Min: 1145965.1, Avg: 1145965.1, Max: 1145965.2, Diff: 0.1]
      [Ext Root Scanning (ms): Min: 0.2, Avg: 0.2, Max: 0.3, Diff: 0.1, Sum: 1.5]
      [Update RS (ms): Min: 0.0, Avg: 0.0, Max: 0.0, Diff: 0.0, Sum: 0.1]
         [Processed Buffers: Min: 0, Avg: 0.7, Max: 2, Diff: 2, Sum: 4]
      [Scan RS (ms): Min: 0.1, Avg: 0.1, Max: 0.1, Diff: 0.1, Sum: 0.6]
      [Code Root Scanning (ms): Min: 0.0, Avg: 0.0, Max: 0.0, Diff: 0.0, Sum: 0.0]
      [Object Copy (ms): Min: 0.1, Avg: 0.1, Max: 0.2, Diff: 0.1, Sum: 0.8]
      [Termination (ms): Min: 0.0, Avg: 0.0, Max: 0.0, Diff: 0.0, Sum: 0.0]
         [Termination Attempts: Min: 1, Avg: 1.0, Max: 1, Diff: 0, Sum: 6]
      [GC Worker Other (ms): Min: 0.0, Avg: 0.0, Max: 0.1, Diff: 0.0, Sum: 0.2]
      [GC Worker Total (ms): Min: 0.5, Avg: 0.5, Max: 0.6, Diff: 0.1, Sum: 3.2]
      [GC Worker End (ms): Min: 1145965.7, Avg: 1145965.7, Max: 1145965.7, Diff: 0.0]
   [Code Root Fixup: 0.0 ms]
   [Code Root Purge: 0.0 ms]
   [Clear CT: 0.2 ms]
   [Other: 0.6 ms]
      [Choose CSet: 0.0 ms]
      [Ref Proc: 0.1 ms]
      [Ref Enq: 0.0 ms]
      [Redirty Cards: 0.1 ms]
      [Humongous Register: 0.0 ms]
      [Humongous Reclaim: 0.0 ms]
      [Free CSet: 0.3 ms]
   [Eden: 612.0M(612.0M)->0.0B(612.0M) Survivors: 2048.0K->2048.0K Heap: 619.2M(1024.0M)->7378.1K(1024.0M)]
 [Times: user=0.00 sys=0.00, real=0.00 secs] 
2024-10-11T08:52:45.583+0300: 1145.967: Total time for which application threads were stopped: 0.0016878 seconds, Stopping threads took: 0.0001323 seconds
2024-10-11T08:52:47.624+0300: 1148.003: Application time: 2.0366728 seconds
2024-10-11T08:52:47.624+0300: 1148.003: [GC pause (G1 Evacuation Pause) (young), 0.0013528 secs]
   [Parallel Time: 0.6 ms, GC Workers: 6]
      [GC Worker Start (ms): Min: 1148003.5, Avg: 1148003.5, Max: 1148003.6, Diff: 0.1]
      [Ext Root Scanning (ms): Min: 0.2, Avg: 0.2, Max: 0.3, Diff: 0.1, Sum: 1.5]
      [Update RS (ms): Min: 0.0, Avg: 0.0, Max: 0.0, Diff: 0.0, Sum: 0.1]
         [Processed Buffers: Min: 0, Avg: 0.7, Max: 2, Diff: 2, Sum: 4]
      [Scan RS (ms): Min: 0.1, Avg: 0.1, Max: 0.1, Diff: 0.0, Sum: 0.6]
      [Code Root Scanning (ms): Min: 0.0, Avg: 0.0, Max: 0.0, Diff: 0.0, Sum: 0.0]
      [Object Copy (ms): Min: 0.1, Avg: 0.1, Max: 0.1, Diff: 0.0, Sum: 0.8]
      [Termination (ms): Min: 0.0, Avg: 0.0, Max: 0.0, Diff: 0.0, Sum: 0.0]
         [Termination Attempts: Min: 1, Avg: 1.0, Max: 1, Diff: 0, Sum: 6]
      [GC Worker Other (ms): Min: 0.0, Avg: 0.0, Max: 0.0, Diff: 0.0, Sum: 0.1]
      [GC Worker Total (ms): Min: 0.5, Avg: 0.5, Max: 0.5, Diff: 0.1, Sum: 3.0]
      [GC Worker End (ms): Min: 1148004.0, Avg: 1148004.0, Max: 1148004.0, Diff: 0.0]
   [Code Root Fixup: 0.0 ms]
   [Code Root Purge: 0.0 ms]
   [Clear CT: 0.2 ms]
   [Other: 0.6 ms]
      [Choose CSet: 0.0 ms]
      [Ref Proc: 0.1 ms]
      [Ref Enq: 0.0 ms]
      [Redirty Cards: 0.1 ms]
      [Humongous Register: 0.0 ms]
      [Humongous Reclaim: 0.0 ms]
      [Free CSet: 0.3 ms]
   [Eden: 612.0M(612.0M)->0.0B(612.0M) Survivors: 2048.0K->2048.0K Heap: 619.2M(1024.0M)->7395.8K(1024.0M)]
 [Times: user=0.00 sys=0.00, real=0.00 secs] 
2024-10-11T08:52:47.624+0300: 1148.005: Total time for which application threads were stopped: 0.0016737 seconds, Stopping threads took: 0.0001291 seconds
2024-10-11T08:52:49.663+0300: 1150.049: Application time: 2.0442129 seconds
2024-10-11T08:52:49.663+0300: 1150.049: [GC pause (G1 Evacuation Pause) (young), 0.0014267 secs]
   [Parallel Time: 0.6 ms, GC Workers: 6]
      [GC Worker Start (ms): Min: 1150049.4, Avg: 1150049.4, Max: 1150049.5, Diff: 0.1]
      [Ext Root Scanning (ms): Min: 0.2, Avg: 0.3, Max: 0.3, Diff: 0.1, Sum: 1.6]
      [Update RS (ms): Min: 0.0, Avg: 0.0, Max: 0.0, Diff: 0.0, Sum: 0.1]
         [Processed Buffers: Min: 0, Avg: 0.7, Max: 2, Diff: 2, Sum: 4]
      [Scan RS (ms): Min: 0.1, Avg: 0.1, Max: 0.1, Diff: 0.0, Sum: 0.6]
      [Code Root Scanning (ms): Min: 0.0, Avg: 0.0, Max: 0.0, Diff: 0.0, Sum: 0.0]
      [Object Copy (ms): Min: 0.1, Avg: 0.1, Max: 0.2, Diff: 0.1, Sum: 0.8]
      [Termination (ms): Min: 0.0, Avg: 0.0, Max: 0.0, Diff: 0.0, Sum: 0.1]
         [Termination Attempts: Min: 1, Avg: 1.0, Max: 1, Diff: 0, Sum: 6]
      [GC Worker Other (ms): Min: 0.0, Avg: 0.0, Max: 0.1, Diff: 0.0, Sum: 0.2]
      [GC Worker Total (ms): Min: 0.5, Avg: 0.6, Max: 0.6, Diff: 0.1, Sum: 3.3]
      [GC Worker End (ms): Min: 1150050.0, Avg: 1150050.0, Max: 1150050.0, Diff: 0.0]
   [Code Root Fixup: 0.0 ms]
   [Code Root Purge: 0.0 ms]
   [Clear CT: 0.2 ms]
   [Other: 0.6 ms]
      [Choose CSet: 0.0 ms]
      [Ref Proc: 0.1 ms]
      [Ref Enq: 0.0 ms]
      [Redirty Cards: 0.1 ms]
      [Humongous Register: 0.0 ms]
      [Humongous Reclaim: 0.0 ms]
      [Free CSet: 0.3 ms]
   [Eden: 612.0M(612.0M)->0.0B(612.0M) Survivors: 2048.0K->2048.0K Heap: 619.2M(1024.0M)->7329.3K(1024.0M)]
 [Times: user=0.00 sys=0.00, real=0.00 secs] 
2024-10-11T08:52:49.663+0300: 1150.051: Total time for which application threads were stopped: 0.0017614 seconds, Stopping threads took: 0.0001462 seconds
2024-10-11T08:52:51.701+0300: 1152.087: Application time: 2.0359132 seconds
2024-10-11T08:52:51.701+0300: 1152.087: [GC pause (G1 Evacuation Pause) (young), 0.0014479 secs]
   [Parallel Time: 0.7 ms, GC Workers: 6]
      [GC Worker Start (ms): Min: 1152087.1, Avg: 1152087.2, Max: 1152087.2, Diff: 0.1]
      [Ext Root Scanning (ms): Min: 0.3, Avg: 0.3, Max: 0.3, Diff: 0.1, Sum: 1.7]
      [Update RS (ms): Min: 0.0, Avg: 0.1, Max: 0.3, Diff: 0.3, Sum: 0.3]
         [Processed Buffers: Min: 0, Avg: 0.8, Max: 2, Diff: 2, Sum: 5]
      [Scan RS (ms): Min: 0.0, Avg: 0.1, Max: 0.1, Diff: 0.1, Sum: 0.6]
      [Code Root Scanning (ms): Min: 0.0, Avg: 0.0, Max: 0.0, Diff: 0.0, Sum: 0.0]
      [Object Copy (ms): Min: 0.0, Avg: 0.1, Max: 0.2, Diff: 0.2, Sum: 0.7]
      [Termination (ms): Min: 0.0, Avg: 0.0, Max: 0.0, Diff: 0.0, Sum: 0.1]
         [Termination Attempts: Min: 1, Avg: 1.0, Max: 1, Diff: 0, Sum: 6]
      [GC Worker Other (ms): Min: 0.0, Avg: 0.0, Max: 0.1, Diff: 0.0, Sum: 0.2]
      [GC Worker Total (ms): Min: 0.6, Avg: 0.6, Max: 0.7, Diff: 0.1, Sum: 3.7]
      [GC Worker End (ms): Min: 1152087.8, Avg: 1152087.8, Max: 1152087.8, Diff: 0.0]
   [Code Root Fixup: 0.0 ms]
   [Code Root Purge: 0.0 ms]
   [Clear CT: 0.2 ms]
   [Other: 0.6 ms]
      [Choose CSet: 0.0 ms]
      [Ref Proc: 0.1 ms]
      [Ref Enq: 0.0 ms]
      [Redirty Cards: 0.1 ms]
      [Humongous Register: 0.0 ms]
      [Humongous Reclaim: 0.0 ms]
      [Free CSet: 0.2 ms]
   [Eden: 612.0M(612.0M)->0.0B(612.0M) Survivors: 2048.0K->2048.0K Heap: 619.2M(1024.0M)->7199.8K(1024.0M)]
 [Times: user=0.00 sys=0.00, real=0.00 secs] 
2024-10-11T08:52:51.701+0300: 1152.089: Total time for which application threads were stopped: 0.0018150 seconds, Stopping threads took: 0.0001422 seconds
2024-10-11T08:52:53.773+0300: 1154.149: Application time: 2.0607653 seconds
2024-10-11T08:52:53.773+0300: 1154.150: [GC pause (G1 Evacuation Pause) (young), 0.0013724 secs]
   [Parallel Time: 0.6 ms, GC Workers: 6]
      [GC Worker Start (ms): Min: 1154149.7, Avg: 1154149.7, Max: 1154149.7, Diff: 0.1]
      [Ext Root Scanning (ms): Min: 0.2, Avg: 0.2, Max: 0.3, Diff: 0.1, Sum: 1.5]
      [Update RS (ms): Min: 0.0, Avg: 0.0, Max: 0.0, Diff: 0.0, Sum: 0.1]
         [Processed Buffers: Min: 0, Avg: 1.0, Max: 2, Diff: 2, Sum: 6]
      [Scan RS (ms): Min: 0.1, Avg: 0.1, Max: 0.1, Diff: 0.0, Sum: 0.6]
      [Code Root Scanning (ms): Min: 0.0, Avg: 0.0, Max: 0.0, Diff: 0.0, Sum: 0.0]
      [Object Copy (ms): Min: 0.1, Avg: 0.1, Max: 0.1, Diff: 0.0, Sum: 0.7]
      [Termination (ms): Min: 0.0, Avg: 0.0, Max: 0.0, Diff: 0.0, Sum: 0.1]
         [Termination Attempts: Min: 1, Avg: 1.0, Max: 1, Diff: 0, Sum: 6]
      [GC Worker Other (ms): Min: 0.0, Avg: 0.0, Max: 0.0, Diff: 0.0, Sum: 0.1]
      [GC Worker Total (ms): Min: 0.5, Avg: 0.5, Max: 0.5, Diff: 0.1, Sum: 3.0]
      [GC Worker End (ms): Min: 1154150.2, Avg: 1154150.2, Max: 1154150.2, Diff: 0.0]
   [Code Root Fixup: 0.0 ms]
   [Code Root Purge: 0.0 ms]
   [Clear CT: 0.2 ms]
   [Other: 0.7 ms]
      [Choose CSet: 0.0 ms]
      [Ref Proc: 0.2 ms]
      [Ref Enq: 0.0 ms]
      [Redirty Cards: 0.1 ms]
      [Humongous Register: 0.0 ms]
      [Humongous Reclaim: 0.0 ms]
      [Free CSet: 0.3 ms]
   [Eden: 612.0M(612.0M)->0.0B(612.0M) Survivors: 2048.0K->2048.0K Heap: 619.0M(1024.0M)->7218.6K(1024.0M)]
 [Times: user=0.00 sys=0.00, real=0.00 secs] 
2024-10-11T08:52:53.773+0300: 1154.151: Total time for which application threads were stopped: 0.0017312 seconds, Stopping threads took: 0.0001709 seconds
2024-10-11T08:52:55.829+0300: 1156.202: Application time: 2.0505989 seconds
2024-10-11T08:52:55.829+0300: 1156.202: [GC pause (G1 Evacuation Pause) (young), 0.0013968 secs]
   [Parallel Time: 0.6 ms, GC Workers: 6]
      [GC Worker Start (ms): Min: 1156202.0, Avg: 1156202.1, Max: 1156202.3, Diff: 0.3]
      [Ext Root Scanning (ms): Min: 0.0, Avg: 0.2, Max: 0.3, Diff: 0.3, Sum: 1.4]
      [Update RS (ms): Min: 0.0, Avg: 0.0, Max: 0.0, Diff: 0.0, Sum: 0.1]
         [Processed Buffers: Min: 0, Avg: 1.0, Max: 2, Diff: 2, Sum: 6]
      [Scan RS (ms): Min: 0.1, Avg: 0.1, Max: 0.1, Diff: 0.0, Sum: 0.5]
      [Code Root Scanning (ms): Min: 0.0, Avg: 0.0, Max: 0.0, Diff: 0.0, Sum: 0.0]
      [Object Copy (ms): Min: 0.1, Avg: 0.1, Max: 0.1, Diff: 0.0, Sum: 0.8]
      [Termination (ms): Min: 0.0, Avg: 0.0, Max: 0.0, Diff: 0.0, Sum: 0.1]
         [Termination Attempts: Min: 1, Avg: 1.0, Max: 1, Diff: 0, Sum: 6]
      [GC Worker Other (ms): Min: 0.0, Avg: 0.0, Max: 0.0, Diff: 0.0, Sum: 0.1]
      [GC Worker Total (ms): Min: 0.2, Avg: 0.5, Max: 0.6, Diff: 0.3, Sum: 2.9]
      [GC Worker End (ms): Min: 1156202.5, Avg: 1156202.6, Max: 1156202.6, Diff: 0.0]
   [Code Root Fixup: 0.0 ms]
   [Code Root Purge: 0.0 ms]
   [Clear CT: 0.2 ms]
   [Other: 0.6 ms]
      [Choose CSet: 0.0 ms]
      [Ref Proc: 0.1 ms]
      [Ref Enq: 0.0 ms]
      [Redirty Cards: 0.1 ms]
      [Humongous Register: 0.0 ms]
      [Humongous Reclaim: 0.0 ms]
      [Free CSet: 0.3 ms]
   [Eden: 612.0M(612.0M)->0.0B(612.0M) Survivors: 2048.0K->2048.0K Heap: 619.0M(1024.0M)->7465.1K(1024.0M)]
 [Times: user=0.00 sys=0.00, real=0.00 secs] 
2024-10-11T08:52:55.829+0300: 1156.203: Total time for which application threads were stopped: 0.0017219 seconds, Stopping threads took: 0.0001592 seconds
2024-10-11T08:52:57.885+0300: 1158.258: Application time: 2.0550222 seconds
2024-10-11T08:52:57.885+0300: 1158.259: [GC pause (G1 Evacuation Pause) (young), 0.0014413 secs]
   [Parallel Time: 0.6 ms, GC Workers: 6]
      [GC Worker Start (ms): Min: 1158258.7, Avg: 1158258.8, Max: 1158258.9, Diff: 0.2]
      [Ext Root Scanning (ms): Min: 0.1, Avg: 0.2, Max: 0.3, Diff: 0.2, Sum: 1.4]
      [Update RS (ms): Min: 0.0, Avg: 0.0, Max: 0.0, Diff: 0.0, Sum: 0.1]
         [Processed Buffers: Min: 0, Avg: 0.8, Max: 2, Diff: 2, Sum: 5]
      [Scan RS (ms): Min: 0.1, Avg: 0.1, Max: 0.1, Diff: 0.0, Sum: 0.5]
      [Code Root Scanning (ms): Min: 0.0, Avg: 0.0, Max: 0.0, Diff: 0.0, Sum: 0.0]
      [Object Copy (ms): Min: 0.1, Avg: 0.1, Max: 0.2, Diff: 0.1, Sum: 0.9]
      [Termination (ms): Min: 0.0, Avg: 0.0, Max: 0.0, Diff: 0.0, Sum: 0.0]
         [Termination Attempts: Min: 1, Avg: 1.0, Max: 1, Diff: 0, Sum: 6]
      [GC Worker Other (ms): Min: 0.0, Avg: 0.0, Max: 0.0, Diff: 0.0, Sum: 0.1]
      [GC Worker Total (ms): Min: 0.3, Avg: 0.5, Max: 0.6, Diff: 0.2, Sum: 2.9]
      [GC Worker End (ms): Min: 1158259.3, Avg: 1158259.3, Max: 1158259.3, Diff: 0.0]
   [Code Root Fixup: 0.0 ms]
   [Code Root Purge: 0.0 ms]
   [Clear CT: 0.2 ms]
   [Other: 0.7 ms]
      [Choose CSet: 0.0 ms]
      [Ref Proc: 0.2 ms]
      [Ref Enq: 0.0 ms]
      [Redirty Cards: 0.1 ms]
      [Humongous Register: 0.0 ms]
      [Humongous Reclaim: 0.0 ms]
      [Free CSet: 0.2 ms]
   [Eden: 612.0M(612.0M)->0.0B(612.0M) Survivors: 2048.0K->2048.0K Heap: 619.3M(1024.0M)->7522.3K(1024.0M)]
 [Times: user=0.00 sys=0.00, real=0.00 secs] 
2024-10-11T08:52:57.885+0300: 1158.260: Total time for which application threads were stopped: 0.0017831 seconds, Stopping threads took: 0.0001470 seconds
2024-10-11T08:52:59.924+0300: 1160.300: Application time: 2.0395383 seconds
2024-10-11T08:52:59.924+0300: 1160.300: [GC pause (G1 Evacuation Pause) (young), 0.0013438 secs]
   [Parallel Time: 0.6 ms, GC Workers: 6]
      [GC Worker Start (ms): Min: 1160300.1, Avg: 1160300.1, Max: 1160300.1, Diff: 0.1]
      [Ext Root Scanning (ms): Min: 0.2, Avg: 0.2, Max: 0.3, Diff: 0.1, Sum: 1.4]
      [Update RS (ms): Min: 0.0, Avg: 0.0, Max: 0.0, Diff: 0.0, Sum: 0.1]
         [Processed Buffers: Min: 0, Avg: 0.8, Max: 2, Diff: 2, Sum: 5]
      [Scan RS (ms): Min: 0.1, Avg: 0.1, Max: 0.1, Diff: 0.0, Sum: 0.5]
      [Code Root Scanning (ms): Min: 0.0, Avg: 0.0, Max: 0.0, Diff: 0.0, Sum: 0.0]
      [Object Copy (ms): Min: 0.1, Avg: 0.1, Max: 0.1, Diff: 0.0, Sum: 0.8]
      [Termination (ms): Min: 0.0, Avg: 0.0, Max: 0.0, Diff: 0.0, Sum: 0.1]
         [Termination Attempts: Min: 1, Avg: 1.0, Max: 1, Diff: 0, Sum: 6]
      [GC Worker Other (ms): Min: 0.0, Avg: 0.0, Max: 0.0, Diff: 0.0, Sum: 0.1]
      [GC Worker Total (ms): Min: 0.5, Avg: 0.5, Max: 0.5, Diff: 0.0, Sum: 3.0]
      [GC Worker End (ms): Min: 1160300.6, Avg: 1160300.6, Max: 1160300.6, Diff: 0.0]
   [Code Root Fixup: 0.0 ms]
   [Code Root Purge: 0.0 ms]
   [Clear CT: 0.2 ms]
   [Other: 0.6 ms]
      [Choose CSet: 0.0 ms]
      [Ref Proc: 0.1 ms]
      [Ref Enq: 0.0 ms]
      [Redirty Cards: 0.1 ms]
      [Humongous Register: 0.0 ms]
      [Humongous Reclaim: 0.0 ms]
      [Free CSet: 0.3 ms]
   [Eden: 612.0M(612.0M)->0.0B(612.0M) Survivors: 2048.0K->2048.0K Heap: 619.3M(1024.0M)->7289.3K(1024.0M)]
 [Times: user=0.00 sys=0.00, real=0.00 secs] 
2024-10-11T08:52:59.924+0300: 1160.301: Total time for which application threads were stopped: 0.0017114 seconds, Stopping threads took: 0.0001806 seconds
2024-10-11T08:53:01.966+0300: 1162.347: Application time: 2.0452302 seconds
2024-10-11T08:53:01.966+0300: 1162.347: [GC pause (G1 Evacuation Pause) (young), 0.0016184 secs]
   [Parallel Time: 0.7 ms, GC Workers: 6]
      [GC Worker Start (ms): Min: 1162347.0, Avg: 1162347.0, Max: 1162347.1, Diff: 0.0]
      [Ext Root Scanning (ms): Min: 0.2, Avg: 0.3, Max: 0.3, Diff: 0.0, Sum: 1.5]
      [Update RS (ms): Min: 0.0, Avg: 0.0, Max: 0.0, Diff: 0.0, Sum: 0.1]
         [Processed Buffers: Min: 0, Avg: 0.7, Max: 2, Diff: 2, Sum: 4]
      [Scan RS (ms): Min: 0.0, Avg: 0.1, Max: 0.1, Diff: 0.1, Sum: 0.5]
      [Code Root Scanning (ms): Min: 0.0, Avg: 0.0, Max: 0.0, Diff: 0.0, Sum: 0.0]
      [Object Copy (ms): Min: 0.1, Avg: 0.2, Max: 0.3, Diff: 0.2, Sum: 1.0]
      [Termination (ms): Min: 0.0, Avg: 0.0, Max: 0.1, Diff: 0.1, Sum: 0.3]
         [Termination Attempts: Min: 1, Avg: 1.7, Max: 3, Diff: 2, Sum: 10]
      [GC Worker Other (ms): Min: 0.0, Avg: 0.0, Max: 0.0, Diff: 0.0, Sum: 0.1]
      [GC Worker Total (ms): Min: 0.6, Avg: 0.6, Max: 0.6, Diff: 0.1, Sum: 3.5]
      [GC Worker End (ms): Min: 1162347.6, Avg: 1162347.6, Max: 1162347.6, Diff: 0.0]
   [Code Root Fixup: 0.0 ms]
   [Code Root Purge: 0.0 ms]
   [Clear CT: 0.2 ms]
   [Other: 0.7 ms]
      [Choose CSet: 0.0 ms]
      [Ref Proc: 0.2 ms]
      [Ref Enq: 0.0 ms]
      [Redirty Cards: 0.1 ms]
      [Humongous Register: 0.0 ms]
      [Humongous Reclaim: 0.0 ms]
      [Free CSet: 0.3 ms]
   [Eden: 612.0M(612.0M)->0.0B(612.0M) Survivors: 2048.0K->2048.0K Heap: 619.1M(1024.0M)->7406.2K(1024.0M)]
 [Times: user=0.00 sys=0.00, real=0.00 secs] 
2024-10-11T08:53:01.966+0300: 1162.349: Total time for which application threads were stopped: 0.0019524 seconds, Stopping threads took: 0.0001367 seconds
2024-10-11T08:53:04.052+0300: 1164.430: Application time: 2.0811359 seconds
2024-10-11T08:53:04.052+0300: 1164.430: [GC pause (G1 Evacuation Pause) (young), 0.0014166 secs]
   [Parallel Time: 0.6 ms, GC Workers: 6]
      [GC Worker Start (ms): Min: 1164430.1, Avg: 1164430.1, Max: 1164430.1, Diff: 0.0]
      [Ext Root Scanning (ms): Min: 0.2, Avg: 0.2, Max: 0.3, Diff: 0.0, Sum: 1.5]
      [Update RS (ms): Min: 0.0, Avg: 0.0, Max: 0.0, Diff: 0.0, Sum: 0.1]
         [Processed Buffers: Min: 0, Avg: 0.8, Max: 2, Diff: 2, Sum: 5]
      [Scan RS (ms): Min: 0.1, Avg: 0.1, Max: 0.1, Diff: 0.0, Sum: 0.6]
      [Code Root Scanning (ms): Min: 0.0, Avg: 0.0, Max: 0.0, Diff: 0.0, Sum: 0.0]
      [Object Copy (ms): Min: 0.1, Avg: 0.1, Max: 0.2, Diff: 0.1, Sum: 0.9]
      [Termination (ms): Min: 0.0, Avg: 0.0, Max: 0.0, Diff: 0.0, Sum: 0.0]
         [Termination Attempts: Min: 1, Avg: 1.0, Max: 1, Diff: 0, Sum: 6]
      [GC Worker Other (ms): Min: 0.0, Avg: 0.0, Max: 0.0, Diff: 0.0, Sum: 0.2]
      [GC Worker Total (ms): Min: 0.5, Avg: 0.5, Max: 0.6, Diff: 0.0, Sum: 3.3]
      [GC Worker End (ms): Min: 1164430.6, Avg: 1164430.6, Max: 1164430.7, Diff: 0.0]
   [Code Root Fixup: 0.0 ms]
   [Code Root Purge: 0.0 ms]
   [Clear CT: 0.2 ms]
   [Other: 0.6 ms]
      [Choose CSet: 0.0 ms]
      [Ref Proc: 0.1 ms]
      [Ref Enq: 0.0 ms]
      [Redirty Cards: 0.1 ms]
      [Humongous Register: 0.0 ms]
      [Humongous Reclaim: 0.0 ms]
      [Free CSet: 0.2 ms]
   [Eden: 612.0M(612.0M)->0.0B(612.0M) Survivors: 2048.0K->2048.0K Heap: 619.2M(1024.0M)->7527.1K(1024.0M)]
 [Times: user=0.00 sys=0.00, real=0.00 secs] 
2024-10-11T08:53:04.052+0300: 1164.432: Total time for which application threads were stopped: 0.0017178 seconds, Stopping threads took: 0.0001033 seconds
2024-10-11T08:53:06.093+0300: 1166.477: Application time: 2.0449933 seconds
2024-10-11T08:53:06.093+0300: 1166.477: [GC pause (G1 Evacuation Pause) (young), 0.0014353 secs]
   [Parallel Time: 0.6 ms, GC Workers: 6]
      [GC Worker Start (ms): Min: 1166476.9, Avg: 1166476.9, Max: 1166476.9, Diff: 0.0]
      [Ext Root Scanning (ms): Min: 0.2, Avg: 0.2, Max: 0.3, Diff: 0.0, Sum: 1.5]
      [Update RS (ms): Min: 0.0, Avg: 0.0, Max: 0.0, Diff: 0.0, Sum: 0.1]
         [Processed Buffers: Min: 0, Avg: 0.7, Max: 2, Diff: 2, Sum: 4]
      [Scan RS (ms): Min: 0.1, Avg: 0.1, Max: 0.1, Diff: 0.0, Sum: 0.5]
      [Code Root Scanning (ms): Min: 0.0, Avg: 0.0, Max: 0.0, Diff: 0.0, Sum: 0.0]
      [Object Copy (ms): Min: 0.1, Avg: 0.1, Max: 0.1, Diff: 0.0, Sum: 0.8]
      [Termination (ms): Min: 0.0, Avg: 0.0, Max: 0.0, Diff: 0.0, Sum: 0.1]
         [Termination Attempts: Min: 1, Avg: 1.0, Max: 1, Diff: 0, Sum: 6]
      [GC Worker Other (ms): Min: 0.0, Avg: 0.0, Max: 0.0, Diff: 0.0, Sum: 0.1]
      [GC Worker Total (ms): Min: 0.5, Avg: 0.5, Max: 0.5, Diff: 0.1, Sum: 3.1]
      [GC Worker End (ms): Min: 1166477.4, Avg: 1166477.4, Max: 1166477.4, Diff: 0.0]
   [Code Root Fixup: 0.0 ms]
   [Code Root Purge: 0.0 ms]
   [Clear CT: 0.2 ms]
   [Other: 0.7 ms]
      [Choose CSet: 0.0 ms]
      [Ref Proc: 0.2 ms]
      [Ref Enq: 0.0 ms]
      [Redirty Cards: 0.1 ms]
      [Humongous Register: 0.0 ms]
      [Humongous Reclaim: 0.0 ms]
      [Free CSet: 0.3 ms]
   [Eden: 612.0M(612.0M)->0.0B(612.0M) Survivors: 2048.0K->2048.0K Heap: 619.4M(1024.0M)->7317.3K(1024.0M)]
 [Times: user=0.00 sys=0.00, real=0.00 secs] 
2024-10-11T08:53:06.093+0300: 1166.478: Total time for which application threads were stopped: 0.0018099 seconds, Stopping threads took: 0.0001784 seconds
2024-10-11T08:53:08.148+0300: 1168.525: Application time: 2.0467201 seconds
2024-10-11T08:53:08.148+0300: 1168.525: [GC pause (G1 Evacuation Pause) (young), 0.0014680 secs]
   [Parallel Time: 0.6 ms, GC Workers: 6]
      [GC Worker Start (ms): Min: 1168525.3, Avg: 1168525.3, Max: 1168525.4, Diff: 0.0]
      [Ext Root Scanning (ms): Min: 0.2, Avg: 0.2, Max: 0.3, Diff: 0.0, Sum: 1.5]
      [Update RS (ms): Min: 0.0, Avg: 0.0, Max: 0.0, Diff: 0.0, Sum: 0.1]
         [Processed Buffers: Min: 0, Avg: 0.8, Max: 2, Diff: 2, Sum: 5]
      [Scan RS (ms): Min: 0.1, Avg: 0.1, Max: 0.1, Diff: 0.0, Sum: 0.6]
      [Code Root Scanning (ms): Min: 0.0, Avg: 0.0, Max: 0.0, Diff: 0.0, Sum: 0.0]
      [Object Copy (ms): Min: 0.1, Avg: 0.1, Max: 0.1, Diff: 0.0, Sum: 0.7]
      [Termination (ms): Min: 0.0, Avg: 0.0, Max: 0.0, Diff: 0.0, Sum: 0.1]
         [Termination Attempts: Min: 1, Avg: 1.0, Max: 1, Diff: 0, Sum: 6]
      [GC Worker Other (ms): Min: 0.0, Avg: 0.0, Max: 0.0, Diff: 0.0, Sum: 0.1]
      [GC Worker Total (ms): Min: 0.5, Avg: 0.5, Max: 0.5, Diff: 0.0, Sum: 3.0]
      [GC Worker End (ms): Min: 1168525.8, Avg: 1168525.8, Max: 1168525.9, Diff: 0.0]
   [Code Root Fixup: 0.0 ms]
   [Code Root Purge: 0.0 ms]
   [Clear CT: 0.2 ms]
   [Other: 0.6 ms]
      [Choose CSet: 0.0 ms]
      [Ref Proc: 0.1 ms]
      [Ref Enq: 0.0 ms]
      [Redirty Cards: 0.1 ms]
      [Humongous Register: 0.0 ms]
      [Humongous Reclaim: 0.0 ms]
      [Free CSet: 0.3 ms]
   [Eden: 612.0M(612.0M)->0.0B(612.0M) Survivors: 2048.0K->2048.0K Heap: 619.1M(1024.0M)->7403.2K(1024.0M)]
 [Times: user=0.00 sys=0.00, real=0.00 secs] 
2024-10-11T08:53:08.148+0300: 1168.527: Total time for which application threads were stopped: 0.0017608 seconds, Stopping threads took: 0.0001058 seconds
2024-10-11T08:53:10.188+0300: 1170.573: Application time: 2.0459271 seconds
2024-10-11T08:53:10.188+0300: 1170.573: [GC pause (G1 Evacuation Pause) (young), 0.0014835 secs]
   [Parallel Time: 0.6 ms, GC Workers: 6]
      [GC Worker Start (ms): Min: 1170573.0, Avg: 1170573.1, Max: 1170573.1, Diff: 0.1]
      [Ext Root Scanning (ms): Min: 0.2, Avg: 0.2, Max: 0.3, Diff: 0.0, Sum: 1.5]
      [Update RS (ms): Min: 0.0, Avg: 0.0, Max: 0.0, Diff: 0.0, Sum: 0.1]
         [Processed Buffers: Min: 0, Avg: 0.8, Max: 2, Diff: 2, Sum: 5]
      [Scan RS (ms): Min: 0.1, Avg: 0.1, Max: 0.1, Diff: 0.0, Sum: 0.6]
      [Code Root Scanning (ms): Min: 0.0, Avg: 0.0, Max: 0.0, Diff: 0.0, Sum: 0.0]
      [Object Copy (ms): Min: 0.1, Avg: 0.1, Max: 0.2, Diff: 0.0, Sum: 0.8]
      [Termination (ms): Min: 0.0, Avg: 0.0, Max: 0.0, Diff: 0.0, Sum: 0.1]
         [Termination Attempts: Min: 1, Avg: 1.0, Max: 1, Diff: 0, Sum: 6]
      [GC Worker Other (ms): Min: 0.0, Avg: 0.0, Max: 0.0, Diff: 0.0, Sum: 0.1]
      [GC Worker Total (ms): Min: 0.5, Avg: 0.5, Max: 0.6, Diff: 0.1, Sum: 3.2]
      [GC Worker End (ms): Min: 1170573.6, Avg: 1170573.6, Max: 1170573.6, Diff: 0.0]
   [Code Root Fixup: 0.0 ms]
   [Code Root Purge: 0.0 ms]
   [Clear CT: 0.2 ms]
   [Other: 0.6 ms]
      [Choose CSet: 0.0 ms]
      [Ref Proc: 0.1 ms]
      [Ref Enq: 0.0 ms]
      [Redirty Cards: 0.1 ms]
      [Humongous Register: 0.0 ms]
      [Humongous Reclaim: 0.0 ms]
      [Free CSet: 0.3 ms]
   [Eden: 612.0M(612.0M)->0.0B(612.0M) Survivors: 2048.0K->2048.0K Heap: 619.2M(1024.0M)->7194.7K(1024.0M)]
 [Times: user=0.00 sys=0.00, real=0.00 secs] 
2024-10-11T08:53:10.188+0300: 1170.575: Total time for which application threads were stopped: 0.0018195 seconds, Stopping threads took: 0.0001187 seconds
2024-10-11T08:53:12.242+0300: 1172.617: Application time: 2.0423238 seconds
2024-10-11T08:53:12.242+0300: 1172.617: [GC pause (G1 Evacuation Pause) (young), 0.0014923 secs]
   [Parallel Time: 0.6 ms, GC Workers: 6]
      [GC Worker Start (ms): Min: 1172617.2, Avg: 1172617.2, Max: 1172617.2, Diff: 0.0]
      [Ext Root Scanning (ms): Min: 0.2, Avg: 0.2, Max: 0.3, Diff: 0.0, Sum: 1.5]
      [Update RS (ms): Min: 0.0, Avg: 0.0, Max: 0.0, Diff: 0.0, Sum: 0.0]
         [Processed Buffers: Min: 0, Avg: 0.7, Max: 2, Diff: 2, Sum: 4]
      [Scan RS (ms): Min: 0.1, Avg: 0.1, Max: 0.1, Diff: 0.0, Sum: 0.5]
      [Code Root Scanning (ms): Min: 0.0, Avg: 0.0, Max: 0.0, Diff: 0.0, Sum: 0.0]
      [Object Copy (ms): Min: 0.1, Avg: 0.1, Max: 0.2, Diff: 0.0, Sum: 0.9]
      [Termination (ms): Min: 0.0, Avg: 0.0, Max: 0.0, Diff: 0.0, Sum: 0.1]
         [Termination Attempts: Min: 1, Avg: 1.0, Max: 1, Diff: 0, Sum: 6]
      [GC Worker Other (ms): Min: 0.0, Avg: 0.0, Max: 0.0, Diff: 0.0, Sum: 0.1]
      [GC Worker Total (ms): Min: 0.5, Avg: 0.5, Max: 0.6, Diff: 0.1, Sum: 3.2]
      [GC Worker End (ms): Min: 1172617.7, Avg: 1172617.7, Max: 1172617.7, Diff: 0.0]
   [Code Root Fixup: 0.0 ms]
   [Code Root Purge: 0.0 ms]
   [Clear CT: 0.2 ms]
   [Other: 0.7 ms]
      [Choose CSet: 0.0 ms]
      [Ref Proc: 0.1 ms]
      [Ref Enq: 0.0 ms]
      [Redirty Cards: 0.1 ms]
      [Humongous Register: 0.0 ms]
      [Humongous Reclaim: 0.0 ms]
      [Free CSet: 0.3 ms]
   [Eden: 612.0M(612.0M)->0.0B(612.0M) Survivors: 2048.0K->2048.0K Heap: 619.0M(1024.0M)->7300.4K(1024.0M)]
 [Times: user=0.00 sys=0.00, real=0.00 secs] 
2024-10-11T08:53:12.242+0300: 1172.619: Total time for which application threads were stopped: 0.0018176 seconds, Stopping threads took: 0.0001187 seconds
2024-10-11T08:53:14.287+0300: 1174.663: Application time: 2.0447887 seconds
2024-10-11T08:53:14.287+0300: 1174.664: [GC pause (G1 Evacuation Pause) (young), 0.0013713 secs]
   [Parallel Time: 0.6 ms, GC Workers: 6]
      [GC Worker Start (ms): Min: 1174663.8, Avg: 1174663.8, Max: 1174663.8, Diff: 0.1]
      [Ext Root Scanning (ms): Min: 0.2, Avg: 0.2, Max: 0.3, Diff: 0.0, Sum: 1.4]
      [Update RS (ms): Min: 0.0, Avg: 0.0, Max: 0.0, Diff: 0.0, Sum: 0.1]
         [Processed Buffers: Min: 0, Avg: 0.7, Max: 1, Diff: 1, Sum: 4]
      [Scan RS (ms): Min: 0.1, Avg: 0.1, Max: 0.1, Diff: 0.0, Sum: 0.6]
      [Code Root Scanning (ms): Min: 0.0, Avg: 0.0, Max: 0.0, Diff: 0.0, Sum: 0.0]
      [Object Copy (ms): Min: 0.1, Avg: 0.1, Max: 0.2, Diff: 0.1, Sum: 0.8]
      [Termination (ms): Min: 0.0, Avg: 0.0, Max: 0.0, Diff: 0.0, Sum: 0.0]
         [Termination Attempts: Min: 1, Avg: 1.0, Max: 1, Diff: 0, Sum: 6]
      [GC Worker Other (ms): Min: 0.0, Avg: 0.0, Max: 0.0, Diff: 0.0, Sum: 0.2]
      [GC Worker Total (ms): Min: 0.5, Avg: 0.5, Max: 0.5, Diff: 0.1, Sum: 3.0]
      [GC Worker End (ms): Min: 1174664.3, Avg: 1174664.3, Max: 1174664.3, Diff: 0.0]
   [Code Root Fixup: 0.0 ms]
   [Code Root Purge: 0.0 ms]
   [Clear CT: 0.2 ms]
   [Other: 0.6 ms]
      [Choose CSet: 0.0 ms]
      [Ref Proc: 0.1 ms]
      [Ref Enq: 0.0 ms]
      [Redirty Cards: 0.1 ms]
      [Humongous Register: 0.0 ms]
      [Humongous Reclaim: 0.0 ms]
      [Free CSet: 0.3 ms]
   [Eden: 612.0M(612.0M)->0.0B(612.0M) Survivors: 2048.0K->2048.0K Heap: 619.1M(1024.0M)->7447.0K(1024.0M)]
 [Times: user=0.00 sys=0.00, real=0.00 secs] 
2024-10-11T08:53:14.287+0300: 1174.665: Total time for which application threads were stopped: 0.0016813 seconds, Stopping threads took: 0.0001229 seconds
2024-10-11T08:53:16.322+0300: 1176.706: Application time: 2.0411111 seconds
2024-10-11T08:53:16.322+0300: 1176.707: [GC pause (G1 Evacuation Pause) (young), 0.0015379 secs]
   [Parallel Time: 0.6 ms, GC Workers: 6]
      [GC Worker Start (ms): Min: 1176706.6, Avg: 1176706.7, Max: 1176706.8, Diff: 0.1]
      [Ext Root Scanning (ms): Min: 0.1, Avg: 0.2, Max: 0.3, Diff: 0.1, Sum: 1.4]
      [Update RS (ms): Min: 0.0, Avg: 0.0, Max: 0.0, Diff: 0.0, Sum: 0.1]
         [Processed Buffers: Min: 0, Avg: 0.8, Max: 2, Diff: 2, Sum: 5]
      [Scan RS (ms): Min: 0.0, Avg: 0.1, Max: 0.1, Diff: 0.1, Sum: 0.6]
      [Code Root Scanning (ms): Min: 0.0, Avg: 0.0, Max: 0.0, Diff: 0.0, Sum: 0.0]
      [Object Copy (ms): Min: 0.1, Avg: 0.1, Max: 0.2, Diff: 0.1, Sum: 0.9]
      [Termination (ms): Min: 0.0, Avg: 0.0, Max: 0.0, Diff: 0.0, Sum: 0.1]
         [Termination Attempts: Min: 1, Avg: 1.0, Max: 1, Diff: 0, Sum: 6]
      [GC Worker Other (ms): Min: 0.0, Avg: 0.0, Max: 0.1, Diff: 0.0, Sum: 0.2]
      [GC Worker Total (ms): Min: 0.5, Avg: 0.5, Max: 0.6, Diff: 0.1, Sum: 3.3]
      [GC Worker End (ms): Min: 1176707.2, Avg: 1176707.2, Max: 1176707.3, Diff: 0.0]
   [Code Root Fixup: 0.0 ms]
   [Code Root Purge: 0.0 ms]
   [Clear CT: 0.2 ms]
   [Other: 0.7 ms]
      [Choose CSet: 0.0 ms]
      [Ref Proc: 0.2 ms]
      [Ref Enq: 0.0 ms]
      [Redirty Cards: 0.1 ms]
      [Humongous Register: 0.0 ms]
      [Humongous Reclaim: 0.0 ms]
      [Free CSet: 0.3 ms]
   [Eden: 612.0M(612.0M)->0.0B(612.0M) Survivors: 2048.0K->2048.0K Heap: 619.3M(1024.0M)->7371.5K(1024.0M)]
 [Times: user=0.00 sys=0.00, real=0.00 secs] 
2024-10-11T08:53:16.322+0300: 1176.708: Total time for which application threads were stopped: 0.0020864 seconds, Stopping threads took: 0.0001871 seconds
2024-10-11T08:53:18.362+0300: 1178.749: Application time: 2.0405655 seconds
2024-10-11T08:53:18.362+0300: 1178.749: [GC pause (G1 Evacuation Pause) (young), 0.0017309 secs]
   [Parallel Time: 0.7 ms, GC Workers: 6]
      [GC Worker Start (ms): Min: 1178749.3, Avg: 1178749.4, Max: 1178749.4, Diff: 0.1]
      [Ext Root Scanning (ms): Min: 0.3, Avg: 0.3, Max: 0.4, Diff: 0.1, Sum: 1.7]
      [Update RS (ms): Min: 0.0, Avg: 0.0, Max: 0.0, Diff: 0.0, Sum: 0.1]
         [Processed Buffers: Min: 0, Avg: 0.8, Max: 2, Diff: 2, Sum: 5]
      [Scan RS (ms): Min: 0.1, Avg: 0.1, Max: 0.1, Diff: 0.0, Sum: 0.5]
      [Code Root Scanning (ms): Min: 0.0, Avg: 0.0, Max: 0.0, Diff: 0.0, Sum: 0.0]
      [Object Copy (ms): Min: 0.1, Avg: 0.1, Max: 0.1, Diff: 0.0, Sum: 0.8]
      [Termination (ms): Min: 0.0, Avg: 0.0, Max: 0.0, Diff: 0.0, Sum: 0.1]
         [Termination Attempts: Min: 1, Avg: 1.0, Max: 1, Diff: 0, Sum: 6]
      [GC Worker Other (ms): Min: 0.0, Avg: 0.0, Max: 0.0, Diff: 0.0, Sum: 0.1]
      [GC Worker Total (ms): Min: 0.5, Avg: 0.6, Max: 0.6, Diff: 0.1, Sum: 3.4]
      [GC Worker End (ms): Min: 1178749.9, Avg: 1178749.9, Max: 1178749.9, Diff: 0.0]
   [Code Root Fixup: 0.0 ms]
   [Code Root Purge: 0.0 ms]
   [Clear CT: 0.2 ms]
   [Other: 0.8 ms]
      [Choose CSet: 0.0 ms]
      [Ref Proc: 0.2 ms]
      [Ref Enq: 0.0 ms]
      [Redirty Cards: 0.1 ms]
      [Humongous Register: 0.0 ms]
      [Humongous Reclaim: 0.0 ms]
      [Free CSet: 0.4 ms]
   [Eden: 612.0M(612.0M)->0.0B(612.0M) Survivors: 2048.0K->2048.0K Heap: 619.2M(1024.0M)->7377.0K(1024.0M)]
 [Times: user=0.02 sys=0.00, real=0.02 secs] 
2024-10-11T08:53:18.378+0300: 1178.751: Total time for which application threads were stopped: 0.0021290 seconds, Stopping threads took: 0.0001948 seconds
2024-10-11T08:53:20.401+0300: 1180.786: Application time: 2.0350457 seconds
2024-10-11T08:53:20.401+0300: 1180.786: [GC pause (G1 Evacuation Pause) (young), 0.0015382 secs]
   [Parallel Time: 0.6 ms, GC Workers: 6]
      [GC Worker Start (ms): Min: 1180786.4, Avg: 1180786.4, Max: 1180786.5, Diff: 0.1]
      [Ext Root Scanning (ms): Min: 0.2, Avg: 0.3, Max: 0.3, Diff: 0.1, Sum: 1.5]
      [Update RS (ms): Min: 0.0, Avg: 0.0, Max: 0.0, Diff: 0.0, Sum: 0.1]
         [Processed Buffers: Min: 0, Avg: 0.8, Max: 2, Diff: 2, Sum: 5]
      [Scan RS (ms): Min: 0.1, Avg: 0.1, Max: 0.1, Diff: 0.0, Sum: 0.5]
      [Code Root Scanning (ms): Min: 0.0, Avg: 0.0, Max: 0.0, Diff: 0.0, Sum: 0.0]
      [Object Copy (ms): Min: 0.1, Avg: 0.1, Max: 0.2, Diff: 0.0, Sum: 0.9]
      [Termination (ms): Min: 0.0, Avg: 0.0, Max: 0.0, Diff: 0.0, Sum: 0.0]
         [Termination Attempts: Min: 1, Avg: 1.0, Max: 1, Diff: 0, Sum: 6]
      [GC Worker Other (ms): Min: 0.0, Avg: 0.0, Max: 0.0, Diff: 0.0, Sum: 0.1]
      [GC Worker Total (ms): Min: 0.5, Avg: 0.5, Max: 0.6, Diff: 0.0, Sum: 3.2]
      [GC Worker End (ms): Min: 1180787.0, Avg: 1180787.0, Max: 1180787.0, Diff: 0.0]
   [Code Root Fixup: 0.0 ms]
   [Code Root Purge: 0.0 ms]
   [Clear CT: 0.2 ms]
   [Other: 0.7 ms]
      [Choose CSet: 0.0 ms]
      [Ref Proc: 0.1 ms]
      [Ref Enq: 0.0 ms]
      [Redirty Cards: 0.1 ms]
      [Humongous Register: 0.0 ms]
      [Humongous Reclaim: 0.0 ms]
      [Free CSet: 0.4 ms]
   [Eden: 612.0M(612.0M)->0.0B(612.0M) Survivors: 2048.0K->2048.0K Heap: 619.2M(1024.0M)->7380.3K(1024.0M)]
 [Times: user=0.00 sys=0.00, real=0.00 secs] 
2024-10-11T08:53:20.401+0300: 1180.788: Total time for which application threads were stopped: 0.0018717 seconds, Stopping threads took: 0.0001388 seconds
2024-10-11T08:53:22.441+0300: 1182.819: Application time: 2.0305639 seconds
2024-10-11T08:53:22.441+0300: 1182.819: [GC pause (G1 Evacuation Pause) (young), 0.0016264 secs]
   [Parallel Time: 0.7 ms, GC Workers: 6]
      [GC Worker Start (ms): Min: 1182818.8, Avg: 1182818.9, Max: 1182818.9, Diff: 0.1]
      [Ext Root Scanning (ms): Min: 0.2, Avg: 0.3, Max: 0.3, Diff: 0.1, Sum: 1.6]
      [Update RS (ms): Min: 0.0, Avg: 0.1, Max: 0.3, Diff: 0.3, Sum: 0.4]
         [Processed Buffers: Min: 0, Avg: 0.7, Max: 2, Diff: 2, Sum: 4]
      [Scan RS (ms): Min: 0.0, Avg: 0.1, Max: 0.1, Diff: 0.1, Sum: 0.6]
      [Code Root Scanning (ms): Min: 0.0, Avg: 0.0, Max: 0.0, Diff: 0.0, Sum: 0.0]
      [Object Copy (ms): Min: 0.0, Avg: 0.1, Max: 0.2, Diff: 0.2, Sum: 0.8]
      [Termination (ms): Min: 0.0, Avg: 0.0, Max: 0.0, Diff: 0.0, Sum: 0.2]
         [Termination Attempts: Min: 1, Avg: 1.0, Max: 1, Diff: 0, Sum: 6]
      [GC Worker Other (ms): Min: 0.0, Avg: 0.0, Max: 0.0, Diff: 0.0, Sum: 0.1]
      [GC Worker Total (ms): Min: 0.6, Avg: 0.6, Max: 0.6, Diff: 0.1, Sum: 3.6]
      [GC Worker End (ms): Min: 1182819.5, Avg: 1182819.5, Max: 1182819.5, Diff: 0.0]
   [Code Root Fixup: 0.0 ms]
   [Code Root Purge: 0.0 ms]
   [Clear CT: 0.2 ms]
   [Other: 0.7 ms]
      [Choose CSet: 0.0 ms]
      [Ref Proc: 0.1 ms]
      [Ref Enq: 0.0 ms]
      [Redirty Cards: 0.1 ms]
      [Humongous Register: 0.0 ms]
      [Humongous Reclaim: 0.0 ms]
      [Free CSet: 0.3 ms]
   [Eden: 612.0M(612.0M)->0.0B(612.0M) Survivors: 2048.0K->2048.0K Heap: 619.2M(1024.0M)->7541.2K(1024.0M)]
 [Times: user=0.00 sys=0.00, real=0.00 secs] 
2024-10-11T08:53:22.441+0300: 1182.821: Total time for which application threads were stopped: 0.0019359 seconds, Stopping threads took: 0.0001317 seconds
2024-10-11T08:53:24.480+0300: 1184.859: Application time: 2.0388227 seconds
2024-10-11T08:53:24.480+0300: 1184.860: [GC pause (G1 Evacuation Pause) (young), 0.0013819 secs]
   [Parallel Time: 0.6 ms, GC Workers: 6]
      [GC Worker Start (ms): Min: 1184859.6, Avg: 1184859.7, Max: 1184859.9, Diff: 0.3]
      [Ext Root Scanning (ms): Min: 0.0, Avg: 0.2, Max: 0.3, Diff: 0.3, Sum: 1.4]
      [Update RS (ms): Min: 0.0, Avg: 0.0, Max: 0.0, Diff: 0.0, Sum: 0.1]
         [Processed Buffers: Min: 0, Avg: 0.8, Max: 2, Diff: 2, Sum: 5]
      [Scan RS (ms): Min: 0.1, Avg: 0.1, Max: 0.1, Diff: 0.0, Sum: 0.5]
      [Code Root Scanning (ms): Min: 0.0, Avg: 0.0, Max: 0.0, Diff: 0.0, Sum: 0.0]
      [Object Copy (ms): Min: 0.1, Avg: 0.1, Max: 0.2, Diff: 0.1, Sum: 0.9]
      [Termination (ms): Min: 0.0, Avg: 0.0, Max: 0.0, Diff: 0.0, Sum: 0.1]
         [Termination Attempts: Min: 1, Avg: 1.0, Max: 1, Diff: 0, Sum: 6]
      [GC Worker Other (ms): Min: 0.0, Avg: 0.0, Max: 0.0, Diff: 0.0, Sum: 0.1]
      [GC Worker Total (ms): Min: 0.3, Avg: 0.5, Max: 0.6, Diff: 0.3, Sum: 3.0]
      [GC Worker End (ms): Min: 1184860.2, Avg: 1184860.2, Max: 1184860.2, Diff: 0.0]
   [Code Root Fixup: 0.0 ms]
   [Code Root Purge: 0.0 ms]
   [Clear CT: 0.2 ms]
   [Other: 0.6 ms]
      [Choose CSet: 0.0 ms]
      [Ref Proc: 0.1 ms]
      [Ref Enq: 0.0 ms]
      [Redirty Cards: 0.1 ms]
      [Humongous Register: 0.0 ms]
      [Humongous Reclaim: 0.0 ms]
      [Free CSet: 0.3 ms]
   [Eden: 612.0M(612.0M)->0.0B(612.0M) Survivors: 2048.0K->2048.0K Heap: 619.4M(1024.0M)->7337.9K(1024.0M)]
 [Times: user=0.00 sys=0.00, real=0.00 secs] 
2024-10-11T08:53:24.480+0300: 1184.861: Total time for which application threads were stopped: 0.0017136 seconds, Stopping threads took: 0.0001426 seconds
2024-10-11T08:53:26.519+0300: 1186.898: Application time: 2.0366473 seconds
2024-10-11T08:53:26.519+0300: 1186.898: [GC pause (G1 Evacuation Pause) (young), 0.0013891 secs]
   [Parallel Time: 0.7 ms, GC Workers: 6]
      [GC Worker Start (ms): Min: 1186898.0, Avg: 1186898.1, Max: 1186898.1, Diff: 0.1]
      [Ext Root Scanning (ms): Min: 0.2, Avg: 0.3, Max: 0.3, Diff: 0.1, Sum: 1.7]
      [Update RS (ms): Min: 0.0, Avg: 0.0, Max: 0.0, Diff: 0.0, Sum: 0.1]
         [Processed Buffers: Min: 0, Avg: 0.8, Max: 2, Diff: 2, Sum: 5]
      [Scan RS (ms): Min: 0.1, Avg: 0.1, Max: 0.1, Diff: 0.0, Sum: 0.6]
      [Code Root Scanning (ms): Min: 0.0, Avg: 0.0, Max: 0.0, Diff: 0.0, Sum: 0.0]
      [Object Copy (ms): Min: 0.1, Avg: 0.1, Max: 0.2, Diff: 0.1, Sum: 0.8]
      [Termination (ms): Min: 0.0, Avg: 0.0, Max: 0.0, Diff: 0.0, Sum: 0.1]
         [Termination Attempts: Min: 1, Avg: 1.0, Max: 1, Diff: 0, Sum: 6]
      [GC Worker Other (ms): Min: 0.0, Avg: 0.0, Max: 0.0, Diff: 0.0, Sum: 0.1]
      [GC Worker Total (ms): Min: 0.5, Avg: 0.6, Max: 0.6, Diff: 0.1, Sum: 3.3]
      [GC Worker End (ms): Min: 1186898.6, Avg: 1186898.6, Max: 1186898.6, Diff: 0.0]
   [Code Root Fixup: 0.0 ms]
   [Code Root Purge: 0.0 ms]
   [Clear CT: 0.2 ms]
   [Other: 0.6 ms]
      [Choose CSet: 0.0 ms]
      [Ref Proc: 0.1 ms]
      [Ref Enq: 0.0 ms]
      [Redirty Cards: 0.1 ms]
      [Humongous Register: 0.0 ms]
      [Humongous Reclaim: 0.0 ms]
      [Free CSet: 0.3 ms]
   [Eden: 612.0M(612.0M)->0.0B(612.0M) Survivors: 2048.0K->2048.0K Heap: 619.2M(1024.0M)->7404.3K(1024.0M)]
 [Times: user=0.00 sys=0.00, real=0.00 secs] 
2024-10-11T08:53:26.519+0300: 1186.899: Total time for which application threads were stopped: 0.0017731 seconds, Stopping threads took: 0.0001986 seconds
2024-10-11T08:53:28.574+0300: 1188.948: Application time: 2.0485781 seconds
2024-10-11T08:53:28.574+0300: 1188.948: [GC pause (G1 Evacuation Pause) (young), 0.0013546 secs]
   [Parallel Time: 0.6 ms, GC Workers: 6]
      [GC Worker Start (ms): Min: 1188948.3, Avg: 1188948.3, Max: 1188948.4, Diff: 0.1]
      [Ext Root Scanning (ms): Min: 0.2, Avg: 0.3, Max: 0.3, Diff: 0.1, Sum: 1.6]
      [Update RS (ms): Min: 0.0, Avg: 0.0, Max: 0.0, Diff: 0.0, Sum: 0.1]
         [Processed Buffers: Min: 0, Avg: 0.7, Max: 2, Diff: 2, Sum: 4]
      [Scan RS (ms): Min: 0.1, Avg: 0.1, Max: 0.1, Diff: 0.0, Sum: 0.6]
      [Code Root Scanning (ms): Min: 0.0, Avg: 0.0, Max: 0.0, Diff: 0.0, Sum: 0.0]
      [Object Copy (ms): Min: 0.1, Avg: 0.1, Max: 0.2, Diff: 0.1, Sum: 0.8]
      [Termination (ms): Min: 0.0, Avg: 0.0, Max: 0.0, Diff: 0.0, Sum: 0.0]
         [Termination Attempts: Min: 1, Avg: 1.0, Max: 1, Diff: 0, Sum: 6]
      [GC Worker Other (ms): Min: 0.0, Avg: 0.0, Max: 0.0, Diff: 0.0, Sum: 0.1]
      [GC Worker Total (ms): Min: 0.5, Avg: 0.5, Max: 0.5, Diff: 0.1, Sum: 3.1]
      [GC Worker End (ms): Min: 1188948.9, Avg: 1188948.9, Max: 1188948.9, Diff: 0.0]
   [Code Root Fixup: 0.0 ms]
   [Code Root Purge: 0.0 ms]
   [Clear CT: 0.2 ms]
   [Other: 0.6 ms]
      [Choose CSet: 0.0 ms]
      [Ref Proc: 0.1 ms]
      [Ref Enq: 0.0 ms]
      [Redirty Cards: 0.1 ms]
      [Humongous Register: 0.0 ms]
      [Humongous Reclaim: 0.0 ms]
      [Free CSet: 0.3 ms]
   [Eden: 612.0M(612.0M)->0.0B(612.0M) Survivors: 2048.0K->2048.0K Heap: 619.2M(1024.0M)->7396.8K(1024.0M)]
 [Times: user=0.00 sys=0.00, real=0.00 secs] 
2024-10-11T08:53:28.574+0300: 1188.950: Total time for which application threads were stopped: 0.0016581 seconds, Stopping threads took: 0.0001359 seconds
2024-10-11T08:53:30.616+0300: 1190.992: Application time: 2.0422715 seconds
2024-10-11T08:53:30.616+0300: 1190.992: [GC pause (G1 Evacuation Pause) (young), 0.0014015 secs]
   [Parallel Time: 0.6 ms, GC Workers: 6]
      [GC Worker Start (ms): Min: 1190992.3, Avg: 1190992.3, Max: 1190992.3, Diff: 0.0]
      [Ext Root Scanning (ms): Min: 0.2, Avg: 0.2, Max: 0.3, Diff: 0.0, Sum: 1.5]
      [Update RS (ms): Min: 0.0, Avg: 0.0, Max: 0.0, Diff: 0.0, Sum: 0.1]
         [Processed Buffers: Min: 0, Avg: 0.8, Max: 2, Diff: 2, Sum: 5]
      [Scan RS (ms): Min: 0.0, Avg: 0.1, Max: 0.1, Diff: 0.1, Sum: 0.5]
      [Code Root Scanning (ms): Min: 0.0, Avg: 0.0, Max: 0.0, Diff: 0.0, Sum: 0.0]
      [Object Copy (ms): Min: 0.2, Avg: 0.2, Max: 0.3, Diff: 0.1, Sum: 1.1]
      [Termination (ms): Min: 0.0, Avg: 0.0, Max: 0.0, Diff: 0.0, Sum: 0.1]
         [Termination Attempts: Min: 1, Avg: 1.0, Max: 1, Diff: 0, Sum: 6]
      [GC Worker Other (ms): Min: 0.0, Avg: 0.0, Max: 0.0, Diff: 0.0, Sum: 0.2]
      [GC Worker Total (ms): Min: 0.5, Avg: 0.6, Max: 0.6, Diff: 0.1, Sum: 3.4]
      [GC Worker End (ms): Min: 1190992.9, Avg: 1190992.9, Max: 1190992.9, Diff: 0.0]
   [Code Root Fixup: 0.0 ms]
   [Code Root Purge: 0.0 ms]
   [Clear CT: 0.2 ms]
   [Other: 0.6 ms]
      [Choose CSet: 0.0 ms]
      [Ref Proc: 0.1 ms]
      [Ref Enq: 0.0 ms]
      [Redirty Cards: 0.1 ms]
      [Humongous Register: 0.0 ms]
      [Humongous Reclaim: 0.0 ms]
      [Free CSet: 0.3 ms]
   [Eden: 612.0M(612.0M)->0.0B(612.0M) Survivors: 2048.0K->2048.0K Heap: 619.2M(1024.0M)->7573.4K(1024.0M)]
 [Times: user=0.00 sys=0.00, real=0.00 secs] 
2024-10-11T08:53:30.616+0300: 1190.994: Total time for which application threads were stopped: 0.0017310 seconds, Stopping threads took: 0.0001611 seconds
2024-10-11T08:53:32.653+0300: 1193.037: Application time: 2.0435330 seconds
2024-10-11T08:53:32.653+0300: 1193.037: [GC pause (G1 Evacuation Pause) (young), 0.0014024 secs]
   [Parallel Time: 0.7 ms, GC Workers: 6]
      [GC Worker Start (ms): Min: 1193037.6, Avg: 1193037.6, Max: 1193037.6, Diff: 0.1]
      [Ext Root Scanning (ms): Min: 0.2, Avg: 0.3, Max: 0.3, Diff: 0.1, Sum: 1.6]
      [Update RS (ms): Min: 0.0, Avg: 0.0, Max: 0.2, Diff: 0.2, Sum: 0.3]
         [Processed Buffers: Min: 0, Avg: 0.8, Max: 1, Diff: 1, Sum: 5]
      [Scan RS (ms): Min: 0.0, Avg: 0.1, Max: 0.1, Diff: 0.1, Sum: 0.5]
      [Code Root Scanning (ms): Min: 0.0, Avg: 0.0, Max: 0.0, Diff: 0.0, Sum: 0.0]
      [Object Copy (ms): Min: 0.0, Avg: 0.1, Max: 0.2, Diff: 0.2, Sum: 0.8]
      [Termination (ms): Min: 0.0, Avg: 0.0, Max: 0.0, Diff: 0.0, Sum: 0.1]
         [Termination Attempts: Min: 1, Avg: 1.3, Max: 2, Diff: 1, Sum: 8]
      [GC Worker Other (ms): Min: 0.0, Avg: 0.0, Max: 0.0, Diff: 0.0, Sum: 0.2]
      [GC Worker Total (ms): Min: 0.6, Avg: 0.6, Max: 0.6, Diff: 0.1, Sum: 3.5]
      [GC Worker End (ms): Min: 1193038.2, Avg: 1193038.2, Max: 1193038.2, Diff: 0.0]
   [Code Root Fixup: 0.0 ms]
   [Code Root Purge: 0.0 ms]
   [Clear CT: 0.2 ms]
   [Other: 0.6 ms]
      [Choose CSet: 0.0 ms]
      [Ref Proc: 0.1 ms]
      [Ref Enq: 0.0 ms]
      [Redirty Cards: 0.1 ms]
      [Humongous Register: 0.0 ms]
      [Humongous Reclaim: 0.0 ms]
      [Free CSet: 0.3 ms]
   [Eden: 612.0M(612.0M)->0.0B(612.0M) Survivors: 2048.0K->2048.0K Heap: 619.4M(1024.0M)->7340.2K(1024.0M)]
 [Times: user=0.00 sys=0.00, real=0.00 secs] 
2024-10-11T08:53:32.653+0300: 1193.039: Total time for which application threads were stopped: 0.0017583 seconds, Stopping threads took: 0.0001874 seconds
2024-10-11T08:53:34.693+0300: 1195.077: Application time: 2.0382536 seconds
2024-10-11T08:53:34.693+0300: 1195.078: [GC pause (G1 Evacuation Pause) (young), 0.0013971 secs]
   [Parallel Time: 0.6 ms, GC Workers: 6]
      [GC Worker Start (ms): Min: 1195077.6, Avg: 1195077.7, Max: 1195077.7, Diff: 0.1]
      [Ext Root Scanning (ms): Min: 0.2, Avg: 0.3, Max: 0.3, Diff: 0.1, Sum: 1.5]
      [Update RS (ms): Min: 0.0, Avg: 0.0, Max: 0.0, Diff: 0.0, Sum: 0.1]
         [Processed Buffers: Min: 0, Avg: 0.8, Max: 2, Diff: 2, Sum: 5]
      [Scan RS (ms): Min: 0.1, Avg: 0.1, Max: 0.1, Diff: 0.0, Sum: 0.6]
      [Code Root Scanning (ms): Min: 0.0, Avg: 0.0, Max: 0.0, Diff: 0.0, Sum: 0.0]
      [Object Copy (ms): Min: 0.1, Avg: 0.1, Max: 0.1, Diff: 0.0, Sum: 0.8]
      [Termination (ms): Min: 0.0, Avg: 0.0, Max: 0.0, Diff: 0.0, Sum: 0.1]
         [Termination Attempts: Min: 1, Avg: 1.0, Max: 1, Diff: 0, Sum: 6]
      [GC Worker Other (ms): Min: 0.0, Avg: 0.0, Max: 0.0, Diff: 0.0, Sum: 0.1]
      [GC Worker Total (ms): Min: 0.5, Avg: 0.5, Max: 0.6, Diff: 0.1, Sum: 3.2]
      [GC Worker End (ms): Min: 1195078.2, Avg: 1195078.2, Max: 1195078.2, Diff: 0.0]
   [Code Root Fixup: 0.0 ms]
   [Code Root Purge: 0.0 ms]
   [Clear CT: 0.2 ms]
   [Other: 0.6 ms]
      [Choose CSet: 0.0 ms]
      [Ref Proc: 0.1 ms]
      [Ref Enq: 0.0 ms]
      [Redirty Cards: 0.1 ms]
      [Humongous Register: 0.0 ms]
      [Humongous Reclaim: 0.0 ms]
      [Free CSet: 0.3 ms]
   [Eden: 612.0M(612.0M)->0.0B(612.0M) Survivors: 2048.0K->2048.0K Heap: 619.2M(1024.0M)->7533.9K(1024.0M)]
 [Times: user=0.00 sys=0.00, real=0.00 secs] 
2024-10-11T08:53:34.693+0300: 1195.079: Total time for which application threads were stopped: 0.0017953 seconds, Stopping threads took: 0.0001772 seconds
2024-10-11T08:53:36.735+0300: 1197.119: Application time: 2.0397946 seconds
2024-10-11T08:53:36.735+0300: 1197.119: [GC pause (G1 Evacuation Pause) (young), 0.0014246 secs]
   [Parallel Time: 0.7 ms, GC Workers: 6]
      [GC Worker Start (ms): Min: 1197119.1, Avg: 1197119.2, Max: 1197119.5, Diff: 0.3]
      [Ext Root Scanning (ms): Min: 0.0, Avg: 0.2, Max: 0.3, Diff: 0.3, Sum: 1.4]
      [Update RS (ms): Min: 0.0, Avg: 0.0, Max: 0.0, Diff: 0.0, Sum: 0.1]
         [Processed Buffers: Min: 0, Avg: 0.8, Max: 2, Diff: 2, Sum: 5]
      [Scan RS (ms): Min: 0.1, Avg: 0.1, Max: 0.1, Diff: 0.0, Sum: 0.5]
      [Code Root Scanning (ms): Min: 0.0, Avg: 0.0, Max: 0.0, Diff: 0.0, Sum: 0.0]
      [Object Copy (ms): Min: 0.1, Avg: 0.1, Max: 0.2, Diff: 0.0, Sum: 0.9]
      [Termination (ms): Min: 0.0, Avg: 0.0, Max: 0.0, Diff: 0.0, Sum: 0.0]
         [Termination Attempts: Min: 1, Avg: 1.0, Max: 1, Diff: 0, Sum: 6]
      [GC Worker Other (ms): Min: 0.0, Avg: 0.0, Max: 0.0, Diff: 0.0, Sum: 0.2]
      [GC Worker Total (ms): Min: 0.3, Avg: 0.5, Max: 0.6, Diff: 0.3, Sum: 3.1]
      [GC Worker End (ms): Min: 1197119.7, Avg: 1197119.7, Max: 1197119.8, Diff: 0.0]
   [Code Root Fixup: 0.0 ms]
   [Code Root Purge: 0.0 ms]
   [Clear CT: 0.2 ms]
   [Other: 0.6 ms]
      [Choose CSet: 0.0 ms]
      [Ref Proc: 0.1 ms]
      [Ref Enq: 0.0 ms]
      [Redirty Cards: 0.1 ms]
      [Humongous Register: 0.0 ms]
      [Humongous Reclaim: 0.0 ms]
      [Free CSet: 0.3 ms]
   [Eden: 612.0M(612.0M)->0.0B(612.0M) Survivors: 2048.0K->2048.0K Heap: 619.4M(1024.0M)->7346.6K(1024.0M)]
 [Times: user=0.00 sys=0.00, real=0.00 secs] 
2024-10-11T08:53:36.735+0300: 1197.121: Total time for which application threads were stopped: 0.0017297 seconds, Stopping threads took: 0.0001364 seconds
2024-10-11T08:53:38.791+0300: 1199.175: Application time: 2.0547010 seconds
2024-10-11T08:53:38.791+0300: 1199.176: [GC pause (G1 Evacuation Pause) (young), 0.0014624 secs]
   [Parallel Time: 0.7 ms, GC Workers: 6]
      [GC Worker Start (ms): Min: 1199175.7, Avg: 1199175.7, Max: 1199175.8, Diff: 0.1]
      [Ext Root Scanning (ms): Min: 0.2, Avg: 0.3, Max: 0.3, Diff: 0.1, Sum: 1.5]
      [Update RS (ms): Min: 0.0, Avg: 0.0, Max: 0.0, Diff: 0.0, Sum: 0.1]
         [Processed Buffers: Min: 0, Avg: 0.8, Max: 2, Diff: 2, Sum: 5]
      [Scan RS (ms): Min: 0.0, Avg: 0.1, Max: 0.1, Diff: 0.1, Sum: 0.5]
      [Code Root Scanning (ms): Min: 0.0, Avg: 0.0, Max: 0.0, Diff: 0.0, Sum: 0.0]
      [Object Copy (ms): Min: 0.1, Avg: 0.2, Max: 0.2, Diff: 0.1, Sum: 0.9]
      [Termination (ms): Min: 0.0, Avg: 0.0, Max: 0.0, Diff: 0.0, Sum: 0.1]
         [Termination Attempts: Min: 1, Avg: 1.0, Max: 1, Diff: 0, Sum: 6]
      [GC Worker Other (ms): Min: 0.0, Avg: 0.0, Max: 0.0, Diff: 0.0, Sum: 0.1]
      [GC Worker Total (ms): Min: 0.5, Avg: 0.5, Max: 0.6, Diff: 0.1, Sum: 3.3]
      [GC Worker End (ms): Min: 1199176.3, Avg: 1199176.3, Max: 1199176.3, Diff: 0.0]
   [Code Root Fixup: 0.0 ms]
   [Code Root Purge: 0.0 ms]
   [Clear CT: 0.2 ms]
   [Other: 0.6 ms]
      [Choose CSet: 0.0 ms]
      [Ref Proc: 0.1 ms]
      [Ref Enq: 0.0 ms]
      [Redirty Cards: 0.1 ms]
      [Humongous Register: 0.0 ms]
      [Humongous Reclaim: 0.0 ms]
      [Free CSet: 0.3 ms]
   [Eden: 612.0M(612.0M)->0.0B(612.0M) Survivors: 2048.0K->2048.0K Heap: 619.2M(1024.0M)->7453.5K(1024.0M)]
 [Times: user=0.00 sys=0.00, real=0.00 secs] 
2024-10-11T08:53:38.791+0300: 1199.177: Total time for which application threads were stopped: 0.0018842 seconds, Stopping threads took: 0.0002301 seconds
2024-10-11T08:53:40.846+0300: 1201.221: Application time: 2.0441015 seconds
2024-10-11T08:53:40.846+0300: 1201.222: [GC pause (G1 Evacuation Pause) (young), 0.0014134 secs]
   [Parallel Time: 0.7 ms, GC Workers: 6]
      [GC Worker Start (ms): Min: 1201221.6, Avg: 1201221.6, Max: 1201221.9, Diff: 0.3]
      [Ext Root Scanning (ms): Min: 0.0, Avg: 0.2, Max: 0.3, Diff: 0.3, Sum: 1.3]
      [Update RS (ms): Min: 0.0, Avg: 0.1, Max: 0.3, Diff: 0.3, Sum: 0.3]
         [Processed Buffers: Min: 0, Avg: 0.8, Max: 2, Diff: 2, Sum: 5]
      [Scan RS (ms): Min: 0.0, Avg: 0.1, Max: 0.1, Diff: 0.1, Sum: 0.6]
      [Code Root Scanning (ms): Min: 0.0, Avg: 0.0, Max: 0.0, Diff: 0.0, Sum: 0.0]
      [Object Copy (ms): Min: 0.0, Avg: 0.1, Max: 0.2, Diff: 0.2, Sum: 0.7]
      [Termination (ms): Min: 0.0, Avg: 0.0, Max: 0.0, Diff: 0.0, Sum: 0.2]
         [Termination Attempts: Min: 1, Avg: 1.0, Max: 1, Diff: 0, Sum: 6]
      [GC Worker Other (ms): Min: 0.0, Avg: 0.0, Max: 0.0, Diff: 0.0, Sum: 0.1]
      [GC Worker Total (ms): Min: 0.3, Avg: 0.5, Max: 0.6, Diff: 0.3, Sum: 3.2]
      [GC Worker End (ms): Min: 1201222.2, Avg: 1201222.2, Max: 1201222.2, Diff: 0.0]
   [Code Root Fixup: 0.0 ms]
   [Code Root Purge: 0.0 ms]
   [Clear CT: 0.2 ms]
   [Other: 0.6 ms]
      [Choose CSet: 0.0 ms]
      [Ref Proc: 0.1 ms]
      [Ref Enq: 0.0 ms]
      [Redirty Cards: 0.1 ms]
      [Humongous Register: 0.0 ms]
      [Humongous Reclaim: 0.0 ms]
      [Free CSet: 0.2 ms]
   [Eden: 612.0M(612.0M)->0.0B(612.0M) Survivors: 2048.0K->2048.0K Heap: 619.3M(1024.0M)->7491.7K(1024.0M)]
 [Times: user=0.00 sys=0.00, real=0.00 secs] 
2024-10-11T08:53:40.846+0300: 1201.223: Total time for which application threads were stopped: 0.0017468 seconds, Stopping threads took: 0.0001519 seconds
2024-10-11T08:53:42.885+0300: 1203.259: Application time: 2.0355671 seconds
2024-10-11T08:53:42.885+0300: 1203.259: [GC pause (G1 Evacuation Pause) (young), 0.0014108 secs]
   [Parallel Time: 0.6 ms, GC Workers: 6]
      [GC Worker Start (ms): Min: 1203258.9, Avg: 1203258.9, Max: 1203258.9, Diff: 0.0]
      [Ext Root Scanning (ms): Min: 0.2, Avg: 0.2, Max: 0.3, Diff: 0.0, Sum: 1.5]
      [Update RS (ms): Min: 0.0, Avg: 0.0, Max: 0.0, Diff: 0.0, Sum: 0.1]
         [Processed Buffers: Min: 0, Avg: 0.8, Max: 2, Diff: 2, Sum: 5]
      [Scan RS (ms): Min: 0.1, Avg: 0.1, Max: 0.1, Diff: 0.0, Sum: 0.6]
      [Code Root Scanning (ms): Min: 0.0, Avg: 0.0, Max: 0.0, Diff: 0.0, Sum: 0.0]
      [Object Copy (ms): Min: 0.1, Avg: 0.1, Max: 0.2, Diff: 0.1, Sum: 0.8]
      [Termination (ms): Min: 0.0, Avg: 0.0, Max: 0.0, Diff: 0.0, Sum: 0.1]
         [Termination Attempts: Min: 1, Avg: 1.0, Max: 1, Diff: 0, Sum: 6]
      [GC Worker Other (ms): Min: 0.0, Avg: 0.0, Max: 0.0, Diff: 0.0, Sum: 0.1]
      [GC Worker Total (ms): Min: 0.5, Avg: 0.5, Max: 0.5, Diff: 0.0, Sum: 3.1]
      [GC Worker End (ms): Min: 1203259.4, Avg: 1203259.4, Max: 1203259.5, Diff: 0.0]
   [Code Root Fixup: 0.0 ms]
   [Code Root Purge: 0.0 ms]
   [Clear CT: 0.2 ms]
   [Other: 0.6 ms]
      [Choose CSet: 0.0 ms]
      [Ref Proc: 0.1 ms]
      [Ref Enq: 0.0 ms]
      [Redirty Cards: 0.1 ms]
      [Humongous Register: 0.0 ms]
      [Humongous Reclaim: 0.0 ms]
      [Free CSet: 0.3 ms]
   [Eden: 612.0M(612.0M)->0.0B(612.0M) Survivors: 2048.0K->2048.0K Heap: 619.3M(1024.0M)->7505.2K(1024.0M)]
 [Times: user=0.00 sys=0.00, real=0.00 secs] 
2024-10-11T08:53:42.885+0300: 1203.260: Total time for which application threads were stopped: 0.0017468 seconds, Stopping threads took: 0.0001318 seconds
2024-10-11T08:53:44.909+0300: 1205.294: Application time: 2.0336747 seconds
2024-10-11T08:53:44.909+0300: 1205.294: [GC pause (G1 Evacuation Pause) (young), 0.0014628 secs]
   [Parallel Time: 0.6 ms, GC Workers: 6]
      [GC Worker Start (ms): Min: 1205294.3, Avg: 1205294.4, Max: 1205294.4, Diff: 0.0]
      [Ext Root Scanning (ms): Min: 0.2, Avg: 0.2, Max: 0.3, Diff: 0.0, Sum: 1.4]
      [Update RS (ms): Min: 0.0, Avg: 0.0, Max: 0.0, Diff: 0.0, Sum: 0.0]
         [Processed Buffers: Min: 0, Avg: 0.8, Max: 3, Diff: 3, Sum: 5]
      [Scan RS (ms): Min: 0.1, Avg: 0.1, Max: 0.1, Diff: 0.0, Sum: 0.6]
      [Code Root Scanning (ms): Min: 0.0, Avg: 0.0, Max: 0.0, Diff: 0.0, Sum: 0.0]
      [Object Copy (ms): Min: 0.1, Avg: 0.1, Max: 0.2, Diff: 0.1, Sum: 0.9]
      [Termination (ms): Min: 0.0, Avg: 0.0, Max: 0.0, Diff: 0.0, Sum: 0.0]
         [Termination Attempts: Min: 1, Avg: 1.0, Max: 1, Diff: 0, Sum: 6]
      [GC Worker Other (ms): Min: 0.0, Avg: 0.0, Max: 0.1, Diff: 0.1, Sum: 0.3]
      [GC Worker Total (ms): Min: 0.5, Avg: 0.5, Max: 0.6, Diff: 0.1, Sum: 3.2]
      [GC Worker End (ms): Min: 1205294.9, Avg: 1205294.9, Max: 1205294.9, Diff: 0.1]
   [Code Root Fixup: 0.0 ms]
   [Code Root Purge: 0.0 ms]
   [Clear CT: 0.2 ms]
   [Other: 0.6 ms]
      [Choose CSet: 0.0 ms]
      [Ref Proc: 0.1 ms]
      [Ref Enq: 0.0 ms]
      [Redirty Cards: 0.1 ms]
      [Humongous Register: 0.0 ms]
      [Humongous Reclaim: 0.0 ms]
      [Free CSet: 0.2 ms]
   [Eden: 612.0M(612.0M)->0.0B(612.0M) Survivors: 2048.0K->2048.0K Heap: 619.3M(1024.0M)->7510.7K(1024.0M)]
 [Times: user=0.00 sys=0.00, real=0.00 secs] 
2024-10-11T08:53:44.909+0300: 1205.296: Total time for which application threads were stopped: 0.0018427 seconds, Stopping threads took: 0.0001749 seconds
2024-10-11T08:53:46.964+0300: 1207.347: Application time: 2.0506661 seconds
2024-10-11T08:53:46.964+0300: 1207.347: [GC pause (G1 Evacuation Pause) (young), 0.0015085 secs]
   [Parallel Time: 0.6 ms, GC Workers: 6]
      [GC Worker Start (ms): Min: 1207346.9, Avg: 1207346.9, Max: 1207346.9, Diff: 0.1]
      [Ext Root Scanning (ms): Min: 0.2, Avg: 0.3, Max: 0.3, Diff: 0.1, Sum: 1.6]
      [Update RS (ms): Min: 0.0, Avg: 0.0, Max: 0.0, Diff: 0.0, Sum: 0.1]
         [Processed Buffers: Min: 0, Avg: 0.7, Max: 1, Diff: 1, Sum: 4]
      [Scan RS (ms): Min: 0.1, Avg: 0.1, Max: 0.1, Diff: 0.0, Sum: 0.6]
      [Code Root Scanning (ms): Min: 0.0, Avg: 0.0, Max: 0.0, Diff: 0.0, Sum: 0.0]
      [Object Copy (ms): Min: 0.1, Avg: 0.1, Max: 0.1, Diff: 0.0, Sum: 0.8]
      [Termination (ms): Min: 0.0, Avg: 0.0, Max: 0.0, Diff: 0.0, Sum: 0.1]
         [Termination Attempts: Min: 1, Avg: 1.0, Max: 1, Diff: 0, Sum: 6]
      [GC Worker Other (ms): Min: 0.0, Avg: 0.0, Max: 0.0, Diff: 0.0, Sum: 0.1]
      [GC Worker Total (ms): Min: 0.5, Avg: 0.5, Max: 0.6, Diff: 0.0, Sum: 3.2]
      [GC Worker End (ms): Min: 1207347.4, Avg: 1207347.4, Max: 1207347.4, Diff: 0.0]
   [Code Root Fixup: 0.0 ms]
   [Code Root Purge: 0.0 ms]
   [Clear CT: 0.2 ms]
   [Other: 0.7 ms]
      [Choose CSet: 0.0 ms]
      [Ref Proc: 0.2 ms]
      [Ref Enq: 0.0 ms]
      [Redirty Cards: 0.1 ms]
      [Humongous Register: 0.0 ms]
      [Humongous Reclaim: 0.0 ms]
      [Free CSet: 0.3 ms]
   [Eden: 612.0M(612.0M)->0.0B(612.0M) Survivors: 2048.0K->2048.0K Heap: 619.3M(1024.0M)->7530.0K(1024.0M)]
 [Times: user=0.00 sys=0.00, real=0.00 secs] 
2024-10-11T08:53:46.964+0300: 1207.348: Total time for which application threads were stopped: 0.0018627 seconds, Stopping threads took: 0.0001496 seconds
2024-10-11T08:53:49.003+0300: 1209.390: Application time: 2.0416393 seconds
2024-10-11T08:53:49.003+0300: 1209.390: [GC pause (G1 Evacuation Pause) (young), 0.0016638 secs]
   [Parallel Time: 0.7 ms, GC Workers: 6]
      [GC Worker Start (ms): Min: 1209390.4, Avg: 1209390.4, Max: 1209390.5, Diff: 0.1]
      [Ext Root Scanning (ms): Min: 0.2, Avg: 0.3, Max: 0.3, Diff: 0.1, Sum: 1.5]
      [Update RS (ms): Min: 0.0, Avg: 0.0, Max: 0.0, Diff: 0.0, Sum: 0.1]
         [Processed Buffers: Min: 0, Avg: 0.8, Max: 2, Diff: 2, Sum: 5]
      [Scan RS (ms): Min: 0.0, Avg: 0.1, Max: 0.1, Diff: 0.1, Sum: 0.6]
      [Code Root Scanning (ms): Min: 0.0, Avg: 0.0, Max: 0.0, Diff: 0.0, Sum: 0.0]
      [Object Copy (ms): Min: 0.1, Avg: 0.2, Max: 0.3, Diff: 0.1, Sum: 1.1]
      [Termination (ms): Min: 0.0, Avg: 0.0, Max: 0.0, Diff: 0.0, Sum: 0.1]
         [Termination Attempts: Min: 1, Avg: 1.0, Max: 1, Diff: 0, Sum: 6]
      [GC Worker Other (ms): Min: 0.0, Avg: 0.0, Max: 0.0, Diff: 0.0, Sum: 0.1]
      [GC Worker Total (ms): Min: 0.5, Avg: 0.6, Max: 0.6, Diff: 0.1, Sum: 3.5]
      [GC Worker End (ms): Min: 1209391.0, Avg: 1209391.0, Max: 1209391.0, Diff: 0.0]
   [Code Root Fixup: 0.0 ms]
   [Code Root Purge: 0.0 ms]
   [Clear CT: 0.2 ms]
   [Other: 0.8 ms]
      [Choose CSet: 0.0 ms]
      [Ref Proc: 0.2 ms]
      [Ref Enq: 0.0 ms]
      [Redirty Cards: 0.1 ms]
      [Humongous Register: 0.1 ms]
      [Humongous Reclaim: 0.0 ms]
      [Free CSet: 0.4 ms]
   [Eden: 612.0M(612.0M)->0.0B(612.0M) Survivors: 2048.0K->2048.0K Heap: 619.4M(1024.0M)->7325.3K(1024.0M)]
 [Times: user=0.00 sys=0.00, real=0.02 secs] 
2024-10-11T08:53:49.019+0300: 1209.392: Total time for which application threads were stopped: 0.0020361 seconds, Stopping threads took: 0.0001481 seconds
2024-10-11T08:53:51.057+0300: 1211.436: Application time: 2.0439732 seconds
2024-10-11T08:53:51.057+0300: 1211.436: [GC pause (G1 Evacuation Pause) (young), 0.0014740 secs]
   [Parallel Time: 0.6 ms, GC Workers: 6]
      [GC Worker Start (ms): Min: 1211436.4, Avg: 1211436.5, Max: 1211436.6, Diff: 0.2]
      [Ext Root Scanning (ms): Min: 0.1, Avg: 0.2, Max: 0.3, Diff: 0.2, Sum: 1.4]
      [Update RS (ms): Min: 0.0, Avg: 0.0, Max: 0.0, Diff: 0.0, Sum: 0.1]
         [Processed Buffers: Min: 0, Avg: 1.0, Max: 2, Diff: 2, Sum: 6]
      [Scan RS (ms): Min: 0.1, Avg: 0.1, Max: 0.1, Diff: 0.0, Sum: 0.6]
      [Code Root Scanning (ms): Min: 0.0, Avg: 0.0, Max: 0.0, Diff: 0.0, Sum: 0.0]
      [Object Copy (ms): Min: 0.1, Avg: 0.1, Max: 0.2, Diff: 0.1, Sum: 0.8]
      [Termination (ms): Min: 0.0, Avg: 0.0, Max: 0.0, Diff: 0.0, Sum: 0.0]
         [Termination Attempts: Min: 1, Avg: 1.0, Max: 1, Diff: 0, Sum: 6]
      [GC Worker Other (ms): Min: 0.0, Avg: 0.0, Max: 0.0, Diff: 0.0, Sum: 0.1]
      [GC Worker Total (ms): Min: 0.3, Avg: 0.5, Max: 0.6, Diff: 0.2, Sum: 3.0]
      [GC Worker End (ms): Min: 1211437.0, Avg: 1211437.0, Max: 1211437.0, Diff: 0.0]
   [Code Root Fixup: 0.0 ms]
   [Code Root Purge: 0.0 ms]
   [Clear CT: 0.2 ms]
   [Other: 0.6 ms]
      [Choose CSet: 0.0 ms]
      [Ref Proc: 0.1 ms]
      [Ref Enq: 0.0 ms]
      [Redirty Cards: 0.1 ms]
      [Humongous Register: 0.0 ms]
      [Humongous Reclaim: 0.0 ms]
      [Free CSet: 0.3 ms]
   [Eden: 612.0M(612.0M)->0.0B(612.0M) Survivors: 2048.0K->2048.0K Heap: 619.2M(1024.0M)->7508.6K(1024.0M)]
 [Times: user=0.00 sys=0.00, real=0.00 secs] 
2024-10-11T08:53:51.057+0300: 1211.438: Total time for which application threads were stopped: 0.0018811 seconds, Stopping threads took: 0.0002212 seconds
2024-10-11T08:53:53.097+0300: 1213.477: Application time: 2.0392255 seconds
2024-10-11T08:53:53.097+0300: 1213.477: [GC pause (G1 Evacuation Pause) (young), 0.0015120 secs]
   [Parallel Time: 0.7 ms, GC Workers: 6]
      [GC Worker Start (ms): Min: 1213477.5, Avg: 1213477.6, Max: 1213477.6, Diff: 0.1]
      [Ext Root Scanning (ms): Min: 0.2, Avg: 0.2, Max: 0.3, Diff: 0.1, Sum: 1.5]
      [Update RS (ms): Min: 0.0, Avg: 0.0, Max: 0.0, Diff: 0.0, Sum: 0.1]
         [Processed Buffers: Min: 0, Avg: 1.0, Max: 2, Diff: 2, Sum: 6]
      [Scan RS (ms): Min: 0.1, Avg: 0.1, Max: 0.1, Diff: 0.0, Sum: 0.6]
      [Code Root Scanning (ms): Min: 0.0, Avg: 0.0, Max: 0.0, Diff: 0.0, Sum: 0.0]
      [Object Copy (ms): Min: 0.1, Avg: 0.1, Max: 0.2, Diff: 0.0, Sum: 0.8]
      [Termination (ms): Min: 0.0, Avg: 0.0, Max: 0.0, Diff: 0.0, Sum: 0.0]
         [Termination Attempts: Min: 1, Avg: 1.0, Max: 1, Diff: 0, Sum: 6]
      [GC Worker Other (ms): Min: 0.0, Avg: 0.0, Max: 0.1, Diff: 0.0, Sum: 0.2]
      [GC Worker Total (ms): Min: 0.5, Avg: 0.5, Max: 0.6, Diff: 0.1, Sum: 3.2]
      [GC Worker End (ms): Min: 1213478.1, Avg: 1213478.1, Max: 1213478.1, Diff: 0.0]
   [Code Root Fixup: 0.0 ms]
   [Code Root Purge: 0.0 ms]
   [Clear CT: 0.2 ms]
   [Other: 0.7 ms]
      [Choose CSet: 0.0 ms]
      [Ref Proc: 0.1 ms]
      [Ref Enq: 0.0 ms]
      [Redirty Cards: 0.1 ms]
      [Humongous Register: 0.0 ms]
      [Humongous Reclaim: 0.0 ms]
      [Free CSet: 0.3 ms]
   [Eden: 612.0M(612.0M)->0.0B(612.0M) Survivors: 2048.0K->2048.0K Heap: 619.3M(1024.0M)->7537.1K(1024.0M)]
 [Times: user=0.00 sys=0.00, real=0.00 secs] 
2024-10-11T08:53:53.097+0300: 1213.479: Total time for which application threads were stopped: 0.0018882 seconds, Stopping threads took: 0.0001437 seconds
2024-10-11T08:53:55.152+0300: 1215.524: Application time: 2.0450708 seconds
2024-10-11T08:53:55.152+0300: 1215.524: [GC pause (G1 Evacuation Pause) (young), 0.0013735 secs]
   [Parallel Time: 0.6 ms, GC Workers: 6]
      [GC Worker Start (ms): Min: 1215524.4, Avg: 1215524.5, Max: 1215524.5, Diff: 0.1]
      [Ext Root Scanning (ms): Min: 0.2, Avg: 0.3, Max: 0.3, Diff: 0.1, Sum: 1.5]
      [Update RS (ms): Min: 0.0, Avg: 0.0, Max: 0.0, Diff: 0.0, Sum: 0.1]
         [Processed Buffers: Min: 0, Avg: 0.8, Max: 2, Diff: 2, Sum: 5]
      [Scan RS (ms): Min: 0.1, Avg: 0.1, Max: 0.1, Diff: 0.1, Sum: 0.6]
      [Code Root Scanning (ms): Min: 0.0, Avg: 0.0, Max: 0.0, Diff: 0.0, Sum: 0.0]
      [Object Copy (ms): Min: 0.1, Avg: 0.1, Max: 0.2, Diff: 0.1, Sum: 0.8]
      [Termination (ms): Min: 0.0, Avg: 0.0, Max: 0.0, Diff: 0.0, Sum: 0.0]
         [Termination Attempts: Min: 1, Avg: 1.0, Max: 1, Diff: 0, Sum: 6]
      [GC Worker Other (ms): Min: 0.0, Avg: 0.0, Max: 0.0, Diff: 0.0, Sum: 0.2]
      [GC Worker Total (ms): Min: 0.5, Avg: 0.5, Max: 0.6, Diff: 0.1, Sum: 3.2]
      [GC Worker End (ms): Min: 1215525.0, Avg: 1215525.0, Max: 1215525.0, Diff: 0.0]
   [Code Root Fixup: 0.0 ms]
   [Code Root Purge: 0.0 ms]
   [Clear CT: 0.2 ms]
   [Other: 0.6 ms]
      [Choose CSet: 0.0 ms]
      [Ref Proc: 0.1 ms]
      [Ref Enq: 0.0 ms]
      [Redirty Cards: 0.1 ms]
      [Humongous Register: 0.0 ms]
      [Humongous Reclaim: 0.0 ms]
      [Free CSet: 0.3 ms]
   [Eden: 612.0M(612.0M)->0.0B(612.0M) Survivors: 2048.0K->2048.0K Heap: 619.4M(1024.0M)->7400.9K(1024.0M)]
 [Times: user=0.00 sys=0.00, real=0.00 secs] 
2024-10-11T08:53:55.152+0300: 1215.526: Total time for which application threads were stopped: 0.0017251 seconds, Stopping threads took: 0.0001751 seconds
2024-10-11T08:53:57.191+0300: 1217.574: Application time: 2.0478154 seconds
2024-10-11T08:53:57.191+0300: 1217.574: [GC pause (G1 Evacuation Pause) (young), 0.0014865 secs]
   [Parallel Time: 0.6 ms, GC Workers: 6]
      [GC Worker Start (ms): Min: 1217574.0, Avg: 1217574.0, Max: 1217574.0, Diff: 0.1]
      [Ext Root Scanning (ms): Min: 0.2, Avg: 0.2, Max: 0.3, Diff: 0.1, Sum: 1.5]
      [Update RS (ms): Min: 0.0, Avg: 0.0, Max: 0.0, Diff: 0.0, Sum: 0.1]
         [Processed Buffers: Min: 0, Avg: 0.8, Max: 2, Diff: 2, Sum: 5]
      [Scan RS (ms): Min: 0.1, Avg: 0.1, Max: 0.1, Diff: 0.0, Sum: 0.6]
      [Code Root Scanning (ms): Min: 0.0, Avg: 0.0, Max: 0.0, Diff: 0.0, Sum: 0.0]
      [Object Copy (ms): Min: 0.1, Avg: 0.1, Max: 0.2, Diff: 0.1, Sum: 0.8]
      [Termination (ms): Min: 0.0, Avg: 0.0, Max: 0.0, Diff: 0.0, Sum: 0.1]
         [Termination Attempts: Min: 1, Avg: 1.0, Max: 1, Diff: 0, Sum: 6]
      [GC Worker Other (ms): Min: 0.0, Avg: 0.0, Max: 0.0, Diff: 0.0, Sum: 0.1]
      [GC Worker Total (ms): Min: 0.5, Avg: 0.5, Max: 0.6, Diff: 0.1, Sum: 3.2]
      [GC Worker End (ms): Min: 1217574.5, Avg: 1217574.5, Max: 1217574.6, Diff: 0.0]
   [Code Root Fixup: 0.0 ms]
   [Code Root Purge: 0.0 ms]
   [Clear CT: 0.2 ms]
   [Other: 0.6 ms]
      [Choose CSet: 0.0 ms]
      [Ref Proc: 0.1 ms]
      [Ref Enq: 0.0 ms]
      [Redirty Cards: 0.1 ms]
      [Humongous Register: 0.0 ms]
      [Humongous Reclaim: 0.0 ms]
      [Free CSet: 0.3 ms]
   [Eden: 612.0M(612.0M)->0.0B(612.0M) Survivors: 2048.0K->2048.0K Heap: 619.2M(1024.0M)->7419.7K(1024.0M)]
 [Times: user=0.00 sys=0.00, real=0.00 secs] 
2024-10-11T08:53:57.191+0300: 1217.576: Total time for which application threads were stopped: 0.0018399 seconds, Stopping threads took: 0.0001558 seconds
2024-10-11T08:53:59.231+0300: 1219.605: Application time: 2.0294851 seconds
2024-10-11T08:53:59.231+0300: 1219.605: [GC pause (G1 Evacuation Pause) (young), 0.0014336 secs]
   [Parallel Time: 0.6 ms, GC Workers: 6]
      [GC Worker Start (ms): Min: 1219605.3, Avg: 1219605.4, Max: 1219605.4, Diff: 0.1]
      [Ext Root Scanning (ms): Min: 0.2, Avg: 0.2, Max: 0.3, Diff: 0.0, Sum: 1.5]
      [Update RS (ms): Min: 0.0, Avg: 0.0, Max: 0.0, Diff: 0.0, Sum: 0.1]
         [Processed Buffers: Min: 0, Avg: 0.8, Max: 2, Diff: 2, Sum: 5]
      [Scan RS (ms): Min: 0.1, Avg: 0.1, Max: 0.1, Diff: 0.0, Sum: 0.6]
      [Code Root Scanning (ms): Min: 0.0, Avg: 0.0, Max: 0.0, Diff: 0.0, Sum: 0.0]
      [Object Copy (ms): Min: 0.1, Avg: 0.1, Max: 0.2, Diff: 0.0, Sum: 0.9]
      [Termination (ms): Min: 0.0, Avg: 0.0, Max: 0.0, Diff: 0.0, Sum: 0.0]
         [Termination Attempts: Min: 1, Avg: 1.0, Max: 1, Diff: 0, Sum: 6]
      [GC Worker Other (ms): Min: 0.0, Avg: 0.0, Max: 0.0, Diff: 0.0, Sum: 0.2]
      [GC Worker Total (ms): Min: 0.5, Avg: 0.5, Max: 0.6, Diff: 0.1, Sum: 3.2]
      [GC Worker End (ms): Min: 1219605.9, Avg: 1219605.9, Max: 1219605.9, Diff: 0.0]
   [Code Root Fixup: 0.0 ms]
   [Code Root Purge: 0.0 ms]
   [Clear CT: 0.2 ms]
   [Other: 0.6 ms]
      [Choose CSet: 0.0 ms]
      [Ref Proc: 0.1 ms]
      [Ref Enq: 0.0 ms]
      [Redirty Cards: 0.1 ms]
      [Humongous Register: 0.0 ms]
      [Humongous Reclaim: 0.0 ms]
      [Free CSet: 0.3 ms]
   [Eden: 612.0M(612.0M)->0.0B(612.0M) Survivors: 2048.0K->2048.0K Heap: 619.2M(1024.0M)->7430.9K(1024.0M)]
 [Times: user=0.00 sys=0.00, real=0.00 secs] 
2024-10-11T08:53:59.231+0300: 1219.607: Total time for which application threads were stopped: 0.0017861 seconds, Stopping threads took: 0.0001574 seconds
2024-10-11T08:54:01.256+0300: 1221.639: Application time: 2.0326224 seconds
2024-10-11T08:54:01.256+0300: 1221.640: [GC pause (G1 Evacuation Pause) (young), 0.0015473 secs]
   [Parallel Time: 0.6 ms, GC Workers: 6]
      [GC Worker Start (ms): Min: 1221639.7, Avg: 1221639.8, Max: 1221639.8, Diff: 0.1]
      [Ext Root Scanning (ms): Min: 0.2, Avg: 0.2, Max: 0.3, Diff: 0.0, Sum: 1.5]
      [Update RS (ms): Min: 0.0, Avg: 0.0, Max: 0.0, Diff: 0.0, Sum: 0.1]
         [Processed Buffers: Min: 0, Avg: 0.8, Max: 1, Diff: 1, Sum: 5]
      [Scan RS (ms): Min: 0.1, Avg: 0.1, Max: 0.1, Diff: 0.0, Sum: 0.6]
      [Code Root Scanning (ms): Min: 0.0, Avg: 0.0, Max: 0.0, Diff: 0.0, Sum: 0.0]
      [Object Copy (ms): Min: 0.1, Avg: 0.1, Max: 0.2, Diff: 0.0, Sum: 0.9]
      [Termination (ms): Min: 0.0, Avg: 0.0, Max: 0.0, Diff: 0.0, Sum: 0.1]
         [Termination Attempts: Min: 1, Avg: 1.0, Max: 1, Diff: 0, Sum: 6]
      [GC Worker Other (ms): Min: 0.0, Avg: 0.0, Max: 0.0, Diff: 0.0, Sum: 0.1]
      [GC Worker Total (ms): Min: 0.5, Avg: 0.5, Max: 0.6, Diff: 0.1, Sum: 3.2]
      [GC Worker End (ms): Min: 1221640.3, Avg: 1221640.3, Max: 1221640.3, Diff: 0.0]
   [Code Root Fixup: 0.0 ms]
   [Code Root Purge: 0.0 ms]
   [Clear CT: 0.2 ms]
   [Other: 0.7 ms]
      [Choose CSet: 0.0 ms]
      [Ref Proc: 0.2 ms]
      [Ref Enq: 0.0 ms]
      [Redirty Cards: 0.1 ms]
      [Humongous Register: 0.0 ms]
      [Humongous Reclaim: 0.0 ms]
      [Free CSet: 0.3 ms]
   [Eden: 612.0M(612.0M)->0.0B(612.0M) Survivors: 2048.0K->2048.0K Heap: 619.3M(1024.0M)->7517.4K(1024.0M)]
 [Times: user=0.00 sys=0.00, real=0.00 secs] 
2024-10-11T08:54:01.256+0300: 1221.641: Total time for which application threads were stopped: 0.0018782 seconds, Stopping threads took: 0.0001148 seconds
2024-10-11T08:54:03.296+0300: 1223.675: Application time: 2.0338501 seconds
2024-10-11T08:54:03.296+0300: 1223.675: [GC pause (G1 Evacuation Pause) (young), 0.0015417 secs]
   [Parallel Time: 0.7 ms, GC Workers: 6]
      [GC Worker Start (ms): Min: 1223675.5, Avg: 1223675.5, Max: 1223675.6, Diff: 0.1]
      [Ext Root Scanning (ms): Min: 0.2, Avg: 0.2, Max: 0.3, Diff: 0.0, Sum: 1.4]
      [Update RS (ms): Min: 0.0, Avg: 0.0, Max: 0.0, Diff: 0.0, Sum: 0.1]
         [Processed Buffers: Min: 0, Avg: 1.0, Max: 3, Diff: 3, Sum: 6]
      [Scan RS (ms): Min: 0.1, Avg: 0.1, Max: 0.1, Diff: 0.0, Sum: 0.6]
      [Code Root Scanning (ms): Min: 0.0, Avg: 0.0, Max: 0.0, Diff: 0.0, Sum: 0.0]
      [Object Copy (ms): Min: 0.1, Avg: 0.1, Max: 0.2, Diff: 0.1, Sum: 0.8]
      [Termination (ms): Min: 0.0, Avg: 0.0, Max: 0.0, Diff: 0.0, Sum: 0.0]
         [Termination Attempts: Min: 1, Avg: 1.0, Max: 1, Diff: 0, Sum: 6]
      [GC Worker Other (ms): Min: 0.0, Avg: 0.0, Max: 0.1, Diff: 0.0, Sum: 0.2]
      [GC Worker Total (ms): Min: 0.5, Avg: 0.5, Max: 0.6, Diff: 0.1, Sum: 3.2]
      [GC Worker End (ms): Min: 1223676.0, Avg: 1223676.1, Max: 1223676.1, Diff: 0.0]
   [Code Root Fixup: 0.0 ms]
   [Code Root Purge: 0.0 ms]
   [Clear CT: 0.2 ms]
   [Other: 0.7 ms]
      [Choose CSet: 0.0 ms]
      [Ref Proc: 0.2 ms]
      [Ref Enq: 0.0 ms]
      [Redirty Cards: 0.1 ms]
      [Humongous Register: 0.1 ms]
      [Humongous Reclaim: 0.0 ms]
      [Free CSet: 0.3 ms]
   [Eden: 612.0M(612.0M)->0.0B(612.0M) Survivors: 2048.0K->2048.0K Heap: 619.3M(1024.0M)->7530.7K(1024.0M)]
 [Times: user=0.00 sys=0.00, real=0.00 secs] 
2024-10-11T08:54:03.296+0300: 1223.677: Total time for which application threads were stopped: 0.0019035 seconds, Stopping threads took: 0.0001401 seconds
2024-10-11T08:54:04.881+0300: 1225.260: Application time: 1.5824751 seconds
2024-10-11T08:54:04.881+0300: 1225.260: Total time for which application threads were stopped: 0.0001916 seconds, Stopping threads took: 0.0001435 seconds
2024-10-11T08:54:05.414+0300: 1225.787: Application time: 0.5270873 seconds
2024-10-11T08:54:05.414+0300: 1225.787: [GC pause (G1 Evacuation Pause) (young), 0.0013871 secs]
   [Parallel Time: 0.6 ms, GC Workers: 6]
      [GC Worker Start (ms): Min: 1225787.1, Avg: 1225787.1, Max: 1225787.1, Diff: 0.1]
      [Ext Root Scanning (ms): Min: 0.2, Avg: 0.2, Max: 0.3, Diff: 0.1, Sum: 1.5]
      [Update RS (ms): Min: 0.0, Avg: 0.0, Max: 0.0, Diff: 0.0, Sum: 0.1]
         [Processed Buffers: Min: 0, Avg: 1.0, Max: 2, Diff: 2, Sum: 6]
      [Scan RS (ms): Min: 0.1, Avg: 0.1, Max: 0.1, Diff: 0.0, Sum: 0.5]
      [Code Root Scanning (ms): Min: 0.0, Avg: 0.0, Max: 0.0, Diff: 0.0, Sum: 0.0]
      [Object Copy (ms): Min: 0.1, Avg: 0.1, Max: 0.1, Diff: 0.0, Sum: 0.7]
      [Termination (ms): Min: 0.0, Avg: 0.0, Max: 0.0, Diff: 0.0, Sum: 0.1]
         [Termination Attempts: Min: 1, Avg: 1.0, Max: 1, Diff: 0, Sum: 6]
      [GC Worker Other (ms): Min: 0.0, Avg: 0.0, Max: 0.0, Diff: 0.0, Sum: 0.1]
      [GC Worker Total (ms): Min: 0.5, Avg: 0.5, Max: 0.5, Diff: 0.0, Sum: 3.0]
      [GC Worker End (ms): Min: 1225787.6, Avg: 1225787.6, Max: 1225787.6, Diff: 0.0]
   [Code Root Fixup: 0.0 ms]
   [Code Root Purge: 0.0 ms]
   [Clear CT: 0.2 ms]
   [Other: 0.6 ms]
      [Choose CSet: 0.0 ms]
      [Ref Proc: 0.2 ms]
      [Ref Enq: 0.0 ms]
      [Redirty Cards: 0.1 ms]
      [Humongous Register: 0.0 ms]
      [Humongous Reclaim: 0.0 ms]
      [Free CSet: 0.2 ms]
   [Eden: 612.0M(612.0M)->0.0B(612.0M) Survivors: 2048.0K->2048.0K Heap: 619.4M(1024.0M)->7312.8K(1024.0M)]
 [Times: user=0.00 sys=0.00, real=0.00 secs] 
2024-10-11T08:54:05.414+0300: 1225.789: Total time for which application threads were stopped: 0.0016781 seconds, Stopping threads took: 0.0001290 seconds
2024-10-11T08:54:05.539+0300: 1225.916: Application time: 0.1271317 seconds
2024-10-11T08:54:05.539+0300: 1225.916: Total time for which application threads were stopped: 0.0001899 seconds, Stopping threads took: 0.0001365 seconds
2024-10-11T08:54:05.638+0300: 1226.011: Application time: 0.0950220 seconds
2024-10-11T08:54:05.638+0300: 1226.011: Total time for which application threads were stopped: 0.0001666 seconds, Stopping threads took: 0.0001162 seconds
2024-10-11T08:54:05.680+0300: 1226.058: Application time: 0.0465999 seconds
2024-10-11T08:54:05.680+0300: 1226.058: Total time for which application threads were stopped: 0.0001278 seconds, Stopping threads took: 0.0000865 seconds
2024-10-11T08:54:05.790+0300: 1226.175: Application time: 0.1172079 seconds
2024-10-11T08:54:05.790+0300: 1226.175: Total time for which application threads were stopped: 0.0001799 seconds, Stopping threads took: 0.0000290 seconds
2024-10-11T08:54:05.821+0300: 1226.204: Application time: 0.0286101 seconds
2024-10-11T08:54:05.821+0300: 1226.204: Total time for which application threads were stopped: 0.0002055 seconds, Stopping threads took: 0.0000225 seconds
2024-10-11T08:54:05.884+0300: 1226.266: Application time: 0.0619940 seconds
2024-10-11T08:54:05.884+0300: 1226.266: Total time for which application threads were stopped: 0.0002690 seconds, Stopping threads took: 0.0000425 seconds
2024-10-11T08:54:05.962+0300: 1226.341: Application time: 0.0751677 seconds
2024-10-11T08:54:05.962+0300: 1226.342: Total time for which application threads were stopped: 0.0001407 seconds, Stopping threads took: 0.0000449 seconds
2024-10-11T08:54:06.025+0300: 1226.410: Application time: 0.0686931 seconds
2024-10-11T08:54:06.025+0300: 1226.410: Total time for which application threads were stopped: 0.0001251 seconds, Stopping threads took: 0.0000721 seconds
2024-10-11T08:54:06.041+0300: 1226.412: Application time: 0.0021133 seconds
2024-10-11T08:54:06.041+0300: 1226.413: Total time for which application threads were stopped: 0.0000695 seconds, Stopping threads took: 0.0000257 seconds
2024-10-11T08:54:06.088+0300: 1226.474: Application time: 0.0616895 seconds
2024-10-11T08:54:06.088+0300: 1226.474: Total time for which application threads were stopped: 0.0002121 seconds, Stopping threads took: 0.0000178 seconds
2024-10-11T08:54:06.103+0300: 1226.476: Application time: 0.0016935 seconds
2024-10-11T08:54:06.103+0300: 1226.476: Total time for which application threads were stopped: 0.0001972 seconds, Stopping threads took: 0.0000168 seconds
2024-10-11T08:54:06.417+0300: 1226.805: Application time: 0.3282411 seconds
2024-10-11T08:54:06.417+0300: 1226.805: Total time for which application threads were stopped: 0.0000623 seconds, Stopping threads took: 0.0000287 seconds
2024-10-11T08:54:06.856+0300: 1227.242: Application time: 0.4371118 seconds
2024-10-11T08:54:06.856+0300: 1227.242: Total time for which application threads were stopped: 0.0001835 seconds, Stopping threads took: 0.0000693 seconds
2024-10-11T08:54:07.083+0300: 1227.461: Application time: 0.2186913 seconds
2024-10-11T08:54:07.083+0300: 1227.461: Total time for which application threads were stopped: 0.0001602 seconds, Stopping threads took: 0.0000436 seconds
2024-10-11T08:54:07.092+0300: 1227.464: Application time: 0.0030668 seconds
2024-10-11T08:54:07.092+0300: 1227.464: Total time for which application threads were stopped: 0.0000675 seconds, Stopping threads took: 0.0000375 seconds
2024-10-11T08:54:07.092+0300: 1227.464: Application time: 0.0001808 seconds
2024-10-11T08:54:07.092+0300: 1227.464: Total time for which application threads were stopped: 0.0000419 seconds, Stopping threads took: 0.0000259 seconds
2024-10-11T08:54:07.092+0300: 1227.464: Application time: 0.0001582 seconds
2024-10-11T08:54:07.092+0300: 1227.464: Total time for which application threads were stopped: 0.0000286 seconds, Stopping threads took: 0.0000191 seconds
2024-10-11T08:54:07.092+0300: 1227.465: Application time: 0.0001078 seconds
2024-10-11T08:54:07.092+0300: 1227.465: Total time for which application threads were stopped: 0.0000433 seconds, Stopping threads took: 0.0000238 seconds
2024-10-11T08:54:07.092+0300: 1227.465: Application time: 0.0004563 seconds
2024-10-11T08:54:07.092+0300: 1227.465: Total time for which application threads were stopped: 0.0000405 seconds, Stopping threads took: 0.0000239 seconds
2024-10-11T08:54:07.092+0300: 1227.474: Application time: 0.0088343 seconds
2024-10-11T08:54:07.092+0300: 1227.474: Total time for which application threads were stopped: 0.0000430 seconds, Stopping threads took: 0.0000184 seconds
Heap
 garbage-first heap   total 1048576K, used 637195K [0x00000000c0000000, 0x00000000c0102000, 0x0000000100000000)
  region size 1024K, 614 young (628736K), 2 survivors (2048K)
 Metaspace       used 16379K, capacity 16598K, committed 16640K, reserved 1064960K
  class space    used 1690K, capacity 1787K, committed 1792K, reserved 1048576K
2024-10-11T08:54:07.202+0300: 1227.575: Application time: 0.1014426 seconds
