[0.007s][info][gc,init] CardTable entry size: 512
[0.008s][info][gc     ] Using Serial
[0.012s][info][gc,init] Version: 21.0.4+7-adhoc.Administrator.jdk21u (release)
[0.012s][info][gc,init] CPUs: 6 total, 6 available
[0.012s][info][gc,init] Memory: 15591M
[0.012s][info][gc,init] Large Page Support: Disabled
[0.012s][info][gc,init] NUMA Support: Disabled
[0.012s][info][gc,init] Compressed Oops: Enabled (32-bit)
[0.012s][info][gc,init] Heap Min Capacity: 2G
[0.012s][info][gc,init] Heap Initial Capacity: 2G
[0.012s][info][gc,init] Heap Max Capacity: 2G
[0.012s][info][gc,init] Pre-touch: Disabled
[0.022s][info][gc,metaspace] CDS archive(s) mapped at: [0x0000024680000000-0x0000024680c90000-0x0000024680c90000), size 13172736, SharedBaseAddress: 0x0000024680000000, ArchiveRelocationMode: 1.
[0.024s][info][gc,metaspace] Compressed class space mapped at: 0x0000024681000000-0x00000246c1000000, reserved size: 1073741824
[0.024s][info][gc,metaspace] Narrow klass base: 0x0000024680000000, Narrow klass shift: 0, Narrow klass range: 0x100000000
[1.061s][info][gc,start    ] GC(0) Pause Full (System.gc())
[1.062s][info][gc,phases,start] GC(0) Phase 1: Mark live objects
[1.069s][info][gc,phases      ] GC(0) Phase 1: Mark live objects 6.664ms
[1.069s][info][gc,phases,start] GC(0) Phase 2: Compute new object addresses
[1.072s][info][gc,phases      ] GC(0) Phase 2: Compute new object addresses 3.203ms
[1.072s][info][gc,phases,start] GC(0) Phase 3: Adjust pointers
[1.076s][info][gc,phases      ] GC(0) Phase 3: Adjust pointers 3.713ms
[1.076s][info][gc,phases,start] GC(0) Phase 4: Move objects
[1.079s][info][gc,phases      ] GC(0) Phase 4: Move objects 3.295ms
[1.080s][info][gc,heap        ] GC(0) DefNew: 89684K(629120K)->0K(629120K) Eden: 89684K(559232K)->0K(559232K) From: 0K(69888K)->0K(69888K)
[1.080s][info][gc,heap        ] GC(0) Tenured: 0K(1398144K)->5440K(1398144K)
[1.080s][info][gc,metaspace   ] GC(0) Metaspace: 12782K(13056K)->12782K(13056K) NonClass: 11132K(11264K)->11132K(11264K) Class: 1650K(1792K)->1650K(1792K)
[1.080s][info][gc             ] GC(0) Pause Full (System.gc()) 87M->5M(1979M) 19.354ms
[1.080s][info][gc,cpu         ] GC(0) User=0.00s Sys=0.00s Real=0.02s
[1.840s][info][gc,start       ] GC(1) Pause Young (Allocation Failure)
[2.235s][info][gc,heap        ] GC(1) DefNew: 559232K(629120K)->69888K(629120K) Eden: 559232K(559232K)->0K(559232K) From: 0K(69888K)->69888K(69888K)
[2.235s][info][gc,heap        ] GC(1) Tenured: 5440K(1398144K)->25051K(1398144K)
[2.235s][info][gc,metaspace   ] GC(1) Metaspace: 20333K(20608K)->20333K(20608K) NonClass: 17712K(17856K)->17712K(17856K) Class: 2620K(2752K)->2620K(2752K)
[2.235s][info][gc             ] GC(1) Pause Young (Allocation Failure) 551M->92M(1979M) 395.074ms
[2.235s][info][gc,cpu         ] GC(1) User=0.39s Sys=0.02s Real=0.39s
[3.276s][info][gc,start       ] GC(2) Pause Young (Allocation Failure)
[3.642s][info][gc,heap        ] GC(2) DefNew: 629120K(629120K)->62462K(629120K) Eden: 559232K(559232K)->0K(559232K) From: 69888K(69888K)->62462K(69888K)
[3.642s][info][gc,heap        ] GC(2) Tenured: 25051K(1398144K)->63189K(1398144K)
[3.642s][info][gc,metaspace   ] GC(2) Metaspace: 21196K(21504K)->21196K(21504K) NonClass: 18456K(18624K)->18456K(18624K) Class: 2739K(2880K)->2739K(2880K)
[3.642s][info][gc             ] GC(2) Pause Young (Allocation Failure) 638M->122M(1979M) 366.521ms
[3.642s][info][gc,cpu         ] GC(2) User=0.30s Sys=0.05s Real=0.36s
[3.851s][info][gc,start       ] GC(3) Pause Young (Allocation Failure)
[4.326s][info][gc,heap        ] GC(3) DefNew: 621694K(629120K)->69888K(629120K) Eden: 559232K(559232K)->0K(559232K) From: 62462K(69888K)->69888K(69888K)
[4.326s][info][gc,heap        ] GC(3) Tenured: 63189K(1398144K)->133790K(1398144K)
[4.326s][info][gc,metaspace   ] GC(3) Metaspace: 21196K(21504K)->21196K(21504K) NonClass: 18456K(18624K)->18456K(18624K) Class: 2739K(2880K)->2739K(2880K)
[4.326s][info][gc             ] GC(3) Pause Young (Allocation Failure) 668M->198M(1979M) 475.493ms
[4.326s][info][gc,cpu         ] GC(3) User=0.39s Sys=0.02s Real=0.49s
[4.560s][info][gc,start       ] GC(4) Pause Young (Allocation Failure)
[5.030s][info][gc,heap        ] GC(4) DefNew: 629120K(629120K)->69888K(629120K) Eden: 559232K(559232K)->0K(559232K) From: 69888K(69888K)->69888K(69888K)
[5.030s][info][gc,heap        ] GC(4) Tenured: 133790K(1398144K)->185520K(1398144K)
[5.030s][info][gc,metaspace   ] GC(4) Metaspace: 21196K(21504K)->21196K(21504K) NonClass: 18457K(18624K)->18457K(18624K) Class: 2739K(2880K)->2739K(2880K)
[5.030s][info][gc             ] GC(4) Pause Young (Allocation Failure) 745M->249M(1979M) 470.524ms
[5.030s][info][gc,cpu         ] GC(4) User=0.45s Sys=0.00s Real=0.47s
[5.299s][info][gc,start       ] GC(5) Pause Full (Metadata GC Threshold)
[5.299s][info][gc,phases,start] GC(5) Phase 1: Mark live objects
[5.476s][info][gc,phases      ] GC(5) Phase 1: Mark live objects 176.664ms
[5.476s][info][gc,phases,start] GC(5) Phase 2: Compute new object addresses
[5.554s][info][gc,phases      ] GC(5) Phase 2: Compute new object addresses 78.249ms
[5.555s][info][gc,phases,start] GC(5) Phase 3: Adjust pointers
[5.645s][info][gc,phases      ] GC(5) Phase 3: Adjust pointers 90.036ms
[5.645s][info][gc,phases,start] GC(5) Phase 4: Move objects
[5.679s][info][gc,phases      ] GC(5) Phase 4: Move objects 33.884ms
[5.679s][info][gc,heap        ] GC(5) DefNew: 259223K(629120K)->0K(629120K) Eden: 189335K(559232K)->0K(559232K) From: 69888K(69888K)->0K(69888K)
[5.679s][info][gc,heap        ] GC(5) Tenured: 185520K(1398144K)->183763K(1398144K)
[5.679s][info][gc,metaspace   ] GC(5) Metaspace: 21256K(21504K)->21255K(21504K) NonClass: 18503K(18624K)->18502K(18624K) Class: 2753K(2880K)->2753K(2880K)
[5.679s][info][gc             ] GC(5) Pause Full (Metadata GC Threshold) 434M->179M(1979M) 379.590ms
[5.679s][info][gc,cpu         ] GC(5) User=0.33s Sys=0.00s Real=0.38s
[6.010s][info][gc,start       ] GC(6) Pause Young (Allocation Failure)
[6.350s][info][gc,heap        ] GC(6) DefNew: 559232K(629120K)->69888K(629120K) Eden: 559232K(559232K)->0K(559232K) From: 0K(69888K)->69888K(69888K)
[6.350s][info][gc,heap        ] GC(6) Tenured: 183763K(1398144K)->194174K(1398144K)
[6.350s][info][gc,metaspace   ] GC(6) Metaspace: 21367K(21696K)->21367K(21696K) NonClass: 18584K(18752K)->18584K(18752K) Class: 2782K(2944K)->2782K(2944K)
[6.350s][info][gc             ] GC(6) Pause Young (Allocation Failure) 725M->257M(1979M) 339.313ms
[6.350s][info][gc,cpu         ] GC(6) User=0.33s Sys=0.00s Real=0.33s
[6.501s][info][gc,start       ] GC(7) Pause Young (Allocation Failure)
[7.031s][info][gc,heap        ] GC(7) DefNew: 629120K(629120K)->69887K(629120K) Eden: 559232K(559232K)->0K(559232K) From: 69888K(69888K)->69887K(69888K)
[7.031s][info][gc,heap        ] GC(7) Tenured: 194174K(1398144K)->266013K(1398144K)
[7.031s][info][gc,metaspace   ] GC(7) Metaspace: 21367K(21696K)->21367K(21696K) NonClass: 18584K(18752K)->18584K(18752K) Class: 2782K(2944K)->2782K(2944K)
[7.031s][info][gc             ] GC(7) Pause Young (Allocation Failure) 803M->328M(1979M) 529.849ms
[7.031s][info][gc,cpu         ] GC(7) User=0.48s Sys=0.00s Real=0.53s
[7.580s][info][gc,start       ] GC(8) Pause Young (Allocation Failure)
[7.925s][info][gc,heap        ] GC(8) DefNew: 629119K(629120K)->64173K(629120K) Eden: 559232K(559232K)->0K(559232K) From: 69887K(69888K)->64173K(69888K)
[7.925s][info][gc,heap        ] GC(8) Tenured: 266013K(1398144K)->302710K(1398144K)
[7.925s][info][gc,metaspace   ] GC(8) Metaspace: 21374K(21760K)->21374K(21760K) NonClass: 18591K(18816K)->18591K(18816K) Class: 2782K(2944K)->2782K(2944K)
[7.925s][info][gc             ] GC(8) Pause Young (Allocation Failure) 874M->358M(1979M) 345.145ms
[7.925s][info][gc,cpu         ] GC(8) User=0.33s Sys=0.00s Real=0.34s
[8.078s][info][gc,start       ] GC(9) Pause Young (Allocation Failure)
[8.555s][info][gc,heap        ] GC(9) DefNew: 623405K(629120K)->69888K(629120K) Eden: 559232K(559232K)->0K(559232K) From: 64173K(69888K)->69888K(69888K)
[8.555s][info][gc,heap        ] GC(9) Tenured: 302710K(1398144K)->365424K(1398144K)
[8.555s][info][gc,metaspace   ] GC(9) Metaspace: 21375K(21760K)->21375K(21760K) NonClass: 18592K(18816K)->18592K(18816K) Class: 2782K(2944K)->2782K(2944K)
[8.555s][info][gc             ] GC(9) Pause Young (Allocation Failure) 904M->425M(1979M) 477.860ms
[8.555s][info][gc,cpu         ] GC(9) User=0.48s Sys=0.00s Real=0.49s
[9.003s][info][gc,start       ] GC(10) Pause Young (Allocation Failure)
[9.302s][info][gc,heap        ] GC(10) DefNew: 629120K(629120K)->59121K(629120K) Eden: 559232K(559232K)->0K(559232K) From: 69888K(69888K)->59121K(69888K)
[9.302s][info][gc,heap        ] GC(10) Tenured: 365424K(1398144K)->400544K(1398144K)
[9.302s][info][gc,metaspace   ] GC(10) Metaspace: 21377K(21760K)->21377K(21760K) NonClass: 18594K(18816K)->18594K(18816K) Class: 2782K(2944K)->2782K(2944K)
[9.302s][info][gc             ] GC(10) Pause Young (Allocation Failure) 971M->448M(1979M) 299.206ms
[9.303s][info][gc,cpu         ] GC(10) User=0.30s Sys=0.00s Real=0.30s
[9.626s][info][gc,start       ] GC(11) Pause Young (Allocation Failure)
[10.009s][info][gc,heap        ] GC(11) DefNew: 618353K(629120K)->69887K(629120K) Eden: 559232K(559232K)->0K(559232K) From: 59121K(69888K)->69887K(69888K)
[10.009s][info][gc,heap        ] GC(11) Tenured: 400544K(1398144K)->448355K(1398144K)
[10.009s][info][gc,metaspace   ] GC(11) Metaspace: 21399K(21760K)->21399K(21760K) NonClass: 18616K(18816K)->18616K(18816K) Class: 2782K(2944K)->2782K(2944K)
[10.009s][info][gc             ] GC(11) Pause Young (Allocation Failure) 995M->506M(1979M) 382.925ms
[10.009s][info][gc,cpu         ] GC(11) User=0.36s Sys=0.00s Real=0.39s
[10.163s][info][gc,start       ] GC(12) Pause Young (Allocation Failure)
[10.676s][info][gc,heap        ] GC(12) DefNew: 629119K(629120K)->69888K(629120K) Eden: 559232K(559232K)->0K(559232K) From: 69887K(69888K)->69888K(69888K)
[10.676s][info][gc,heap        ] GC(12) Tenured: 448355K(1398144K)->518469K(1398144K)
[10.676s][info][gc,metaspace   ] GC(12) Metaspace: 21399K(21760K)->21399K(21760K) NonClass: 18616K(18816K)->18616K(18816K) Class: 2782K(2944K)->2782K(2944K)
[10.676s][info][gc             ] GC(12) Pause Young (Allocation Failure) 1052M->574M(1979M) 513.061ms
[10.676s][info][gc,cpu         ] GC(12) User=0.50s Sys=0.02s Real=0.52s
[11.246s][info][gc,start       ] GC(13) Pause Young (Allocation Failure)
[11.570s][info][gc,heap        ] GC(13) DefNew: 629120K(629120K)->59343K(629120K) Eden: 559232K(559232K)->0K(559232K) From: 69888K(69888K)->59343K(69888K)
[11.570s][info][gc,heap        ] GC(13) Tenured: 518469K(1398144K)->554055K(1398144K)
[11.570s][info][gc,metaspace   ] GC(13) Metaspace: 21441K(21760K)->21441K(21760K) NonClass: 18658K(18816K)->18658K(18816K) Class: 2782K(2944K)->2782K(2944K)
[11.570s][info][gc             ] GC(13) Pause Young (Allocation Failure) 1120M->599M(1979M) 324.871ms
[11.570s][info][gc,cpu         ] GC(13) User=0.28s Sys=0.05s Real=0.33s
[11.712s][info][gc,start       ] GC(14) Pause Young (Allocation Failure)
[12.162s][info][gc,heap        ] GC(14) DefNew: 618575K(629120K)->69888K(629120K) Eden: 559232K(559232K)->0K(559232K) From: 59343K(69888K)->69888K(69888K)
[12.162s][info][gc,heap        ] GC(14) Tenured: 554055K(1398144K)->608953K(1398144K)
[12.162s][info][gc,metaspace   ] GC(14) Metaspace: 21441K(21760K)->21441K(21760K) NonClass: 18658K(18816K)->18658K(18816K) Class: 2782K(2944K)->2782K(2944K)
[12.162s][info][gc             ] GC(14) Pause Young (Allocation Failure) 1145M->662M(1979M) 449.590ms
[12.162s][info][gc,cpu         ] GC(14) User=0.39s Sys=0.03s Real=0.46s
[12.551s][info][gc,start       ] GC(15) Pause Young (Allocation Failure)
[12.888s][info][gc,heap        ] GC(15) DefNew: 629120K(629120K)->66006K(629120K) Eden: 559232K(559232K)->0K(559232K) From: 69888K(69888K)->66006K(69888K)
[12.888s][info][gc,heap        ] GC(15) Tenured: 608953K(1398144K)->644663K(1398144K)
[12.888s][info][gc,metaspace   ] GC(15) Metaspace: 21441K(21760K)->21441K(21760K) NonClass: 18658K(18816K)->18658K(18816K) Class: 2782K(2944K)->2782K(2944K)
[12.888s][info][gc             ] GC(15) Pause Young (Allocation Failure) 1209M->694M(1979M) 336.680ms
[12.888s][info][gc,cpu         ] GC(15) User=0.33s Sys=0.00s Real=0.33s
[13.229s][info][gc,start       ] GC(16) Pause Young (Allocation Failure)
[13.562s][info][gc,heap        ] GC(16) DefNew: 625238K(629120K)->69888K(629120K) Eden: 559232K(559232K)->0K(559232K) From: 66006K(69888K)->69888K(69888K)
[13.562s][info][gc,heap        ] GC(16) Tenured: 644663K(1398144K)->682427K(1398144K)
[13.562s][info][gc,metaspace   ] GC(16) Metaspace: 21468K(21760K)->21468K(21760K) NonClass: 18685K(18816K)->18685K(18816K) Class: 2782K(2944K)->2782K(2944K)
[13.562s][info][gc             ] GC(16) Pause Young (Allocation Failure) 1240M->734M(1979M) 332.619ms
[13.562s][info][gc,cpu         ] GC(16) User=0.31s Sys=0.00s Real=0.35s
[13.709s][info][gc,start       ] GC(17) Pause Young (Allocation Failure)
[14.182s][info][gc,heap        ] GC(17) DefNew: 629120K(629120K)->69887K(629120K) Eden: 559232K(559232K)->0K(559232K) From: 69888K(69888K)->69887K(69888K)
[14.182s][info][gc,heap        ] GC(17) Tenured: 682427K(1398144K)->746732K(1398144K)
[14.182s][info][gc,metaspace   ] GC(17) Metaspace: 21471K(21824K)->21471K(21824K) NonClass: 18688K(18880K)->18688K(18880K) Class: 2782K(2944K)->2782K(2944K)
[14.182s][info][gc             ] GC(17) Pause Young (Allocation Failure) 1280M->797M(1979M) 473.587ms
[14.182s][info][gc,cpu         ] GC(17) User=0.42s Sys=0.03s Real=0.47s
[14.745s][info][gc,start       ] GC(18) Pause Young (Allocation Failure)
[15.024s][info][gc,heap        ] GC(18) DefNew: 629119K(629120K)->49061K(629120K) Eden: 559232K(559232K)->0K(559232K) From: 69887K(69888K)->49061K(69888K)
[15.024s][info][gc,heap        ] GC(18) Tenured: 746732K(1398144K)->780763K(1398144K)
[15.024s][info][gc,metaspace   ] GC(18) Metaspace: 21491K(21824K)->21491K(21824K) NonClass: 18708K(18880K)->18708K(18880K) Class: 2782K(2944K)->2782K(2944K)
[15.024s][info][gc             ] GC(18) Pause Young (Allocation Failure) 1343M->810M(1979M) 278.477ms
[15.024s][info][gc,cpu         ] GC(18) User=0.28s Sys=0.02s Real=0.27s
[15.155s][info][gc,start       ] GC(19) Pause Young (Allocation Failure)
[15.559s][info][gc,heap        ] GC(19) DefNew: 608293K(629120K)->67557K(629120K) Eden: 559232K(559232K)->0K(559232K) From: 49061K(69888K)->67557K(69888K)
[15.559s][info][gc,heap        ] GC(19) Tenured: 780763K(1398144K)->824497K(1398144K)
[15.559s][info][gc,metaspace   ] GC(19) Metaspace: 21492K(21824K)->21492K(21824K) NonClass: 18709K(18880K)->18709K(18880K) Class: 2782K(2944K)->2782K(2944K)
[15.559s][info][gc             ] GC(19) Pause Young (Allocation Failure) 1356M->871M(1979M) 404.311ms
[15.559s][info][gc,cpu         ] GC(19) User=0.41s Sys=0.00s Real=0.39s
[15.712s][info][gc,start       ] GC(20) Pause Young (Allocation Failure)
[16.201s][info][gc,heap        ] GC(20) DefNew: 626789K(629120K)->69887K(629120K) Eden: 559232K(559232K)->0K(559232K) From: 67557K(69888K)->69887K(69888K)
[16.201s][info][gc,heap        ] GC(20) Tenured: 824497K(1398144K)->887574K(1398144K)
[16.201s][info][gc,metaspace   ] GC(20) Metaspace: 21492K(21824K)->21492K(21824K) NonClass: 18709K(18880K)->18709K(18880K) Class: 2782K(2944K)->2782K(2944K)
[16.202s][info][gc             ] GC(20) Pause Young (Allocation Failure) 1417M->935M(1979M) 489.962ms
[16.202s][info][gc,cpu         ] GC(20) User=0.47s Sys=0.02s Real=0.50s
[16.760s][info][gc,start       ] GC(21) Pause Young (Allocation Failure)
[17.086s][info][gc,heap        ] GC(21) DefNew: 629119K(629120K)->60511K(629120K) Eden: 559232K(559232K)->0K(559232K) From: 69887K(69888K)->60511K(69888K)
[17.086s][info][gc,heap        ] GC(21) Tenured: 887574K(1398144K)->921689K(1398144K)
[17.086s][info][gc,metaspace   ] GC(21) Metaspace: 21506K(21824K)->21506K(21824K) NonClass: 18724K(18880K)->18724K(18880K) Class: 2782K(2944K)->2782K(2944K)
[17.086s][info][gc             ] GC(21) Pause Young (Allocation Failure) 1481M->959M(1979M) 325.658ms
[17.086s][info][gc,cpu         ] GC(21) User=0.33s Sys=0.00s Real=0.33s
[17.233s][info][gc,start       ] GC(22) Pause Young (Allocation Failure)
[17.688s][info][gc,heap        ] GC(22) DefNew: 619743K(629120K)->69888K(629120K) Eden: 559232K(559232K)->0K(559232K) From: 60511K(69888K)->69888K(69888K)
[17.688s][info][gc,heap        ] GC(22) Tenured: 921689K(1398144K)->980040K(1398144K)
[17.688s][info][gc,metaspace   ] GC(22) Metaspace: 21506K(21824K)->21506K(21824K) NonClass: 18724K(18880K)->18724K(18880K) Class: 2782K(2944K)->2782K(2944K)
[17.688s][info][gc             ] GC(22) Pause Young (Allocation Failure) 1505M->1025M(1979M) 454.967ms
[17.688s][info][gc,cpu         ] GC(22) User=0.42s Sys=0.00s Real=0.46s
[18.107s][info][gc,start       ] GC(23) Pause Young (Allocation Failure)
[18.413s][info][gc,heap        ] GC(23) DefNew: 629120K(629120K)->61577K(629120K) Eden: 559232K(559232K)->0K(559232K) From: 69888K(69888K)->61577K(69888K)
[18.413s][info][gc,heap        ] GC(23) Tenured: 980040K(1398144K)->1015830K(1398144K)
[18.413s][info][gc,metaspace   ] GC(23) Metaspace: 21506K(21824K)->21506K(21824K) NonClass: 18724K(18880K)->18724K(18880K) Class: 2782K(2944K)->2782K(2944K)
[18.413s][info][gc             ] GC(23) Pause Young (Allocation Failure) 1571M->1052M(1979M) 305.799ms
[18.413s][info][gc,cpu         ] GC(23) User=0.30s Sys=0.02s Real=0.31s
[18.733s][info][gc,start       ] GC(24) Pause Young (Allocation Failure)
[19.063s][info][gc,heap        ] GC(24) DefNew: 620809K(629120K)->69887K(629120K) Eden: 559232K(559232K)->0K(559232K) From: 61577K(69888K)->69887K(69888K)
[19.063s][info][gc,heap        ] GC(24) Tenured: 1015830K(1398144K)->1054547K(1398144K)
[19.063s][info][gc,metaspace   ] GC(24) Metaspace: 21530K(21888K)->21530K(21888K) NonClass: 18747K(18944K)->18747K(18944K) Class: 2782K(2944K)->2782K(2944K)
[19.063s][info][gc             ] GC(24) Pause Young (Allocation Failure) 1598M->1098M(1979M) 329.828ms
[19.063s][info][gc,cpu         ] GC(24) User=0.33s Sys=0.02s Real=0.33s
[19.213s][info][gc,start       ] GC(25) Pause Young (Allocation Failure)
[19.694s][info][gc,heap        ] GC(25) DefNew: 629119K(629120K)->69888K(629120K) Eden: 559232K(559232K)->0K(559232K) From: 69887K(69888K)->69888K(69888K)
[19.694s][info][gc,heap        ] GC(25) Tenured: 1054547K(1398144K)->1119991K(1398144K)
[19.694s][info][gc,metaspace   ] GC(25) Metaspace: 21530K(21888K)->21530K(21888K) NonClass: 18747K(18944K)->18747K(18944K) Class: 2782K(2944K)->2782K(2944K)
[19.694s][info][gc             ] GC(25) Pause Young (Allocation Failure) 1644M->1161M(1979M) 480.750ms
[19.694s][info][gc,cpu         ] GC(25) User=0.41s Sys=0.00s Real=0.48s
[20.175s][info][gc,start       ] GC(26) Pause Full (System.gc())
[20.175s][info][gc,phases,start] GC(26) Phase 1: Mark live objects
[20.351s][info][gc,phases      ] GC(26) Phase 1: Mark live objects 176.033ms
[20.351s][info][gc,phases,start] GC(26) Phase 2: Compute new object addresses
[20.588s][info][gc,phases      ] GC(26) Phase 2: Compute new object addresses 236.840ms
[20.588s][info][gc,phases,start] GC(26) Phase 3: Adjust pointers
[20.694s][info][gc,phases      ] GC(26) Phase 3: Adjust pointers 106.129ms
[20.694s][info][gc,phases,start] GC(26) Phase 4: Move objects
[20.742s][info][gc,phases      ] GC(26) Phase 4: Move objects 48.065ms
[20.743s][info][gc,heap        ] GC(26) DefNew: 487362K(629120K)->0K(629120K) Eden: 417474K(559232K)->0K(559232K) From: 69888K(69888K)->0K(69888K)
[20.743s][info][gc,heap        ] GC(26) Tenured: 1119991K(1398144K)->170991K(1398144K)
[20.743s][info][gc,metaspace   ] GC(26) Metaspace: 21557K(21888K)->21557K(21888K) NonClass: 18772K(18944K)->18772K(18944K) Class: 2785K(2944K)->2785K(2944K)
[20.743s][info][gc             ] GC(26) Pause Full (System.gc()) 1569M->166M(1979M) 567.791ms
[20.743s][info][gc,cpu         ] GC(26) User=0.56s Sys=0.00s Real=0.57s
[20.918s][info][gc,start       ] GC(27) Pause Young (Allocation Failure)
[21.234s][info][gc,heap        ] GC(27) DefNew: 559232K(629120K)->69888K(629120K) Eden: 559232K(559232K)->0K(559232K) From: 0K(69888K)->69888K(69888K)
[21.234s][info][gc,heap        ] GC(27) Tenured: 170991K(1398144K)->179228K(1398144K)
[21.234s][info][gc,metaspace   ] GC(27) Metaspace: 21572K(21888K)->21572K(21888K) NonClass: 18787K(18944K)->18787K(18944K) Class: 2785K(2944K)->2785K(2944K)
[21.234s][info][gc             ] GC(27) Pause Young (Allocation Failure) 713M->243M(1979M) 316.053ms
[21.234s][info][gc,cpu         ] GC(27) User=0.30s Sys=0.00s Real=0.31s
[21.382s][info][gc,start       ] GC(28) Pause Young (Allocation Failure)
[21.878s][info][gc,heap        ] GC(28) DefNew: 629120K(629120K)->69887K(629120K) Eden: 559232K(559232K)->0K(559232K) From: 69888K(69888K)->69887K(69888K)
[21.878s][info][gc,heap        ] GC(28) Tenured: 179228K(1398144K)->248638K(1398144K)
[21.878s][info][gc,metaspace   ] GC(28) Metaspace: 21572K(21888K)->21572K(21888K) NonClass: 18787K(18944K)->18787K(18944K) Class: 2785K(2944K)->2785K(2944K)
[21.878s][info][gc             ] GC(28) Pause Young (Allocation Failure) 789M->311M(1979M) 495.252ms
[21.878s][info][gc,cpu         ] GC(28) User=0.50s Sys=0.00s Real=0.50s
[22.417s][info][gc,start       ] GC(29) Pause Young (Allocation Failure)
[22.734s][info][gc,heap        ] GC(29) DefNew: 629119K(629120K)->62605K(629120K) Eden: 559232K(559232K)->0K(559232K) From: 69887K(69888K)->62605K(69888K)
[22.734s][info][gc,heap        ] GC(29) Tenured: 248638K(1398144K)->283957K(1398144K)
[22.734s][info][gc,metaspace   ] GC(29) Metaspace: 21583K(21888K)->21583K(21888K) NonClass: 18797K(18944K)->18797K(18944K) Class: 2785K(2944K)->2785K(2944K)
[22.734s][info][gc             ] GC(29) Pause Young (Allocation Failure) 857M->338M(1979M) 316.845ms
[22.734s][info][gc,cpu         ] GC(29) User=0.31s Sys=0.00s Real=0.31s
[22.868s][info][gc,start       ] GC(30) Pause Young (Allocation Failure)
[23.291s][info][gc,heap        ] GC(30) DefNew: 621837K(629120K)->68697K(629120K) Eden: 559232K(559232K)->0K(559232K) From: 62605K(69888K)->68697K(69888K)
[23.291s][info][gc,heap        ] GC(30) Tenured: 283957K(1398144K)->341212K(1398144K)
[23.291s][info][gc,metaspace   ] GC(30) Metaspace: 21583K(21888K)->21583K(21888K) NonClass: 18797K(18944K)->18797K(18944K) Class: 2785K(2944K)->2785K(2944K)
[23.291s][info][gc             ] GC(30) Pause Young (Allocation Failure) 884M->400M(1979M) 423.169ms
[23.291s][info][gc,cpu         ] GC(30) User=0.36s Sys=0.02s Real=0.42s
[23.686s][info][gc,start       ] GC(31) Pause Young (Allocation Failure)
[23.980s][info][gc,heap        ] GC(31) DefNew: 627929K(629120K)->62890K(629120K) Eden: 559232K(559232K)->0K(559232K) From: 68697K(69888K)->62890K(69888K)
[23.980s][info][gc,heap        ] GC(31) Tenured: 341212K(1398144K)->374481K(1398144K)
[23.980s][info][gc,metaspace   ] GC(31) Metaspace: 21583K(21888K)->21583K(21888K) NonClass: 18798K(18944K)->18798K(18944K) Class: 2785K(2944K)->2785K(2944K)
[23.980s][info][gc             ] GC(31) Pause Young (Allocation Failure) 946M->427M(1979M) 294.030ms
[23.980s][info][gc,cpu         ] GC(31) User=0.28s Sys=0.00s Real=0.30s
[24.276s][info][gc,start       ] GC(32) Pause Young (Allocation Failure)
[24.598s][info][gc,heap        ] GC(32) DefNew: 622122K(629120K)->67711K(629120K) Eden: 559232K(559232K)->0K(559232K) From: 62890K(69888K)->67711K(69888K)
[24.598s][info][gc,heap        ] GC(32) Tenured: 374481K(1398144K)->411274K(1398144K)
[24.598s][info][gc,metaspace   ] GC(32) Metaspace: 21618K(21952K)->21618K(21952K) NonClass: 18833K(19008K)->18833K(19008K) Class: 2785K(2944K)->2785K(2944K)
[24.598s][info][gc             ] GC(32) Pause Young (Allocation Failure) 973M->467M(1979M) 322.215ms
[24.598s][info][gc,cpu         ] GC(32) User=0.27s Sys=0.00s Real=0.33s
[24.751s][info][gc,start       ] GC(33) Pause Young (Allocation Failure)
[25.222s][info][gc,heap        ] GC(33) DefNew: 626943K(629120K)->69888K(629120K) Eden: 559232K(559232K)->0K(559232K) From: 67711K(69888K)->69888K(69888K)
[25.222s][info][gc,heap        ] GC(33) Tenured: 411274K(1398144K)->475944K(1398144K)
[25.222s][info][gc,metaspace   ] GC(33) Metaspace: 21618K(21952K)->21618K(21952K) NonClass: 18833K(19008K)->18833K(19008K) Class: 2785K(2944K)->2785K(2944K)
[25.222s][info][gc             ] GC(33) Pause Young (Allocation Failure) 1013M->533M(1979M) 470.339ms
[25.222s][info][gc,cpu         ] GC(33) User=0.47s Sys=0.00s Real=0.48s
[25.807s][info][gc,start       ] GC(34) Pause Young (Allocation Failure)
[26.082s][info][gc,heap        ] GC(34) DefNew: 629120K(629120K)->48618K(629120K) Eden: 559232K(559232K)->0K(559232K) From: 69888K(69888K)->48618K(69888K)
[26.082s][info][gc,heap        ] GC(34) Tenured: 475944K(1398144K)->512285K(1398144K)
[26.082s][info][gc,metaspace   ] GC(34) Metaspace: 21653K(22016K)->21653K(22016K) NonClass: 18868K(19072K)->18868K(19072K) Class: 2785K(2944K)->2785K(2944K)
[26.082s][info][gc             ] GC(34) Pause Young (Allocation Failure) 1079M->547M(1979M) 275.911ms
[26.082s][info][gc,cpu         ] GC(34) User=0.30s Sys=0.00s Real=0.28s
[26.226s][info][gc,start       ] GC(35) Pause Young (Allocation Failure)
[26.631s][info][gc,heap        ] GC(35) DefNew: 607850K(629120K)->69887K(629120K) Eden: 559232K(559232K)->0K(559232K) From: 48618K(69888K)->69887K(69888K)
[26.631s][info][gc,heap        ] GC(35) Tenured: 512285K(1398144K)->558477K(1398144K)
[26.631s][info][gc,metaspace   ] GC(35) Metaspace: 21653K(22016K)->21653K(22016K) NonClass: 18868K(19072K)->18868K(19072K) Class: 2785K(2944K)->2785K(2944K)
[26.631s][info][gc             ] GC(35) Pause Young (Allocation Failure) 1093M->613M(1979M) 405.713ms
[26.631s][info][gc,cpu         ] GC(35) User=0.38s Sys=0.00s Real=0.40s
[26.795s][info][gc,start       ] GC(36) Pause Young (Allocation Failure)
[27.275s][info][gc,heap        ] GC(36) DefNew: 629119K(629120K)->69887K(629120K) Eden: 559232K(559232K)->0K(559232K) From: 69887K(69888K)->69887K(69888K)
[27.275s][info][gc,heap        ] GC(36) Tenured: 558477K(1398144K)->618417K(1398144K)
[27.275s][info][gc,metaspace   ] GC(36) Metaspace: 21653K(22016K)->21653K(22016K) NonClass: 18868K(19072K)->18868K(19072K) Class: 2785K(2944K)->2785K(2944K)
[27.275s][info][gc             ] GC(36) Pause Young (Allocation Failure) 1159M->672M(1979M) 480.000ms
[27.275s][info][gc,cpu         ] GC(36) User=0.48s Sys=0.00s Real=0.48s
[27.818s][info][gc,start       ] GC(37) Pause Young (Allocation Failure)
[28.113s][info][gc,heap        ] GC(37) DefNew: 629119K(629120K)->58584K(629120K) Eden: 559232K(559232K)->0K(559232K) From: 69887K(69888K)->58584K(69888K)
[28.113s][info][gc,heap        ] GC(37) Tenured: 618417K(1398144K)->650921K(1398144K)
[28.113s][info][gc,metaspace   ] GC(37) Metaspace: 21680K(22016K)->21680K(22016K) NonClass: 18894K(19072K)->18894K(19072K) Class: 2785K(2944K)->2785K(2944K)
[28.113s][info][gc             ] GC(37) Pause Young (Allocation Failure) 1218M->692M(1979M) 294.767ms
[28.113s][info][gc,cpu         ] GC(37) User=0.28s Sys=0.00s Real=0.28s
[28.261s][info][gc,start       ] GC(38) Pause Young (Allocation Failure)
[28.682s][info][gc,heap        ] GC(38) DefNew: 617816K(629120K)->69888K(629120K) Eden: 559232K(559232K)->0K(559232K) From: 58584K(69888K)->69888K(69888K)
[28.682s][info][gc,heap        ] GC(38) Tenured: 650921K(1398144K)->706776K(1398144K)
[28.682s][info][gc,metaspace   ] GC(38) Metaspace: 21680K(22016K)->21680K(22016K) NonClass: 18894K(19072K)->18894K(19072K) Class: 2785K(2944K)->2785K(2944K)
[28.682s][info][gc             ] GC(38) Pause Young (Allocation Failure) 1239M->758M(1979M) 420.747ms
[28.682s][info][gc,cpu         ] GC(38) User=0.36s Sys=0.00s Real=0.41s
[29.124s][info][gc,start       ] GC(39) Pause Young (Allocation Failure)
[29.401s][info][gc,heap        ] GC(39) DefNew: 629120K(629120K)->54174K(629120K) Eden: 559232K(559232K)->0K(559232K) From: 69888K(69888K)->54174K(69888K)
[29.401s][info][gc,heap        ] GC(39) Tenured: 706776K(1398144K)->743459K(1398144K)
[29.401s][info][gc,metaspace   ] GC(39) Metaspace: 21680K(22016K)->21680K(22016K) NonClass: 18894K(19072K)->18894K(19072K) Class: 2785K(2944K)->2785K(2944K)
[29.401s][info][gc             ] GC(39) Pause Young (Allocation Failure) 1304M->778M(1979M) 277.327ms
[29.401s][info][gc,cpu         ] GC(39) User=0.27s Sys=0.00s Real=0.28s
[29.635s][info][gc,start       ] GC(40) Pause Young (Allocation Failure)
[29.975s][info][gc,heap        ] GC(40) DefNew: 613406K(629120K)->69887K(629120K) Eden: 559232K(559232K)->0K(559232K) From: 54174K(69888K)->69887K(69888K)
[29.975s][info][gc,heap        ] GC(40) Tenured: 743459K(1398144K)->781085K(1398144K)
[29.975s][info][gc,metaspace   ] GC(40) Metaspace: 21703K(22016K)->21703K(22016K) NonClass: 18917K(19072K)->18917K(19072K) Class: 2785K(2944K)->2785K(2944K)
[29.975s][info][gc             ] GC(40) Pause Young (Allocation Failure) 1325M->831M(1979M) 339.266ms
[29.975s][info][gc,cpu         ] GC(40) User=0.33s Sys=0.00s Real=0.33s
[30.128s][info][gc,start       ] GC(41) Pause Young (Allocation Failure)
[30.600s][info][gc,heap        ] GC(41) DefNew: 629119K(629120K)->69888K(629120K) Eden: 559232K(559232K)->0K(559232K) From: 69887K(69888K)->69888K(69888K)
[30.600s][info][gc,heap        ] GC(41) Tenured: 781085K(1398144K)->845641K(1398144K)
[30.600s][info][gc,metaspace   ] GC(41) Metaspace: 21704K(22016K)->21704K(22016K) NonClass: 18919K(19072K)->18919K(19072K) Class: 2785K(2944K)->2785K(2944K)
[30.600s][info][gc             ] GC(41) Pause Young (Allocation Failure) 1377M->894M(1979M) 472.193ms
[30.600s][info][gc,cpu         ] GC(41) User=0.44s Sys=0.00s Real=0.47s
[31.188s][info][gc,start       ] GC(42) Pause Young (Allocation Failure)
[31.473s][info][gc,heap        ] GC(42) DefNew: 629120K(629120K)->52138K(629120K) Eden: 559232K(559232K)->0K(559232K) From: 69888K(69888K)->52138K(69888K)
[31.473s][info][gc,heap        ] GC(42) Tenured: 845641K(1398144K)->881730K(1398144K)
[31.473s][info][gc,metaspace   ] GC(42) Metaspace: 21733K(22016K)->21733K(22016K) NonClass: 18948K(19072K)->18948K(19072K) Class: 2785K(2944K)->2785K(2944K)
[31.474s][info][gc             ] GC(42) Pause Young (Allocation Failure) 1440M->911M(1979M) 285.315ms
[31.474s][info][gc,cpu         ] GC(42) User=0.30s Sys=0.00s Real=0.28s
[31.615s][info][gc,start       ] GC(43) Pause Young (Allocation Failure)
[32.026s][info][gc,heap        ] GC(43) DefNew: 611370K(629120K)->69887K(629120K) Eden: 559232K(559232K)->0K(559232K) From: 52138K(69888K)->69887K(69888K)
[32.026s][info][gc,heap        ] GC(43) Tenured: 881730K(1398144K)->927695K(1398144K)
[32.026s][info][gc,metaspace   ] GC(43) Metaspace: 21733K(22016K)->21733K(22016K) NonClass: 18948K(19072K)->18948K(19072K) Class: 2785K(2944K)->2785K(2944K)
[32.026s][info][gc             ] GC(43) Pause Young (Allocation Failure) 1458M->974M(1979M) 411.348ms
[32.026s][info][gc,cpu         ] GC(43) User=0.36s Sys=0.00s Real=0.41s
[32.232s][info][gc,start       ] GC(44) Pause Young (Allocation Failure)
[32.711s][info][gc,heap        ] GC(44) DefNew: 629119K(629120K)->69888K(629120K) Eden: 559232K(559232K)->0K(559232K) From: 69887K(69888K)->69888K(69888K)
[32.711s][info][gc,heap        ] GC(44) Tenured: 927695K(1398144K)->984431K(1398144K)
[32.711s][info][gc,metaspace   ] GC(44) Metaspace: 21733K(22016K)->21733K(22016K) NonClass: 18948K(19072K)->18948K(19072K) Class: 2785K(2944K)->2785K(2944K)
[32.711s][info][gc             ] GC(44) Pause Young (Allocation Failure) 1520M->1029M(1979M) 478.513ms
[32.711s][info][gc,cpu         ] GC(44) User=0.47s Sys=0.00s Real=0.47s
[33.277s][info][gc,start       ] GC(45) Pause Young (Allocation Failure)
[33.584s][info][gc,heap        ] GC(45) DefNew: 629120K(629120K)->60833K(629120K) Eden: 559232K(559232K)->0K(559232K) From: 69888K(69888K)->60833K(69888K)
[33.584s][info][gc,heap        ] GC(45) Tenured: 984431K(1398144K)->1017504K(1398144K)
[33.584s][info][gc,metaspace   ] GC(45) Metaspace: 21745K(22016K)->21745K(22016K) NonClass: 18959K(19072K)->18959K(19072K) Class: 2785K(2944K)->2785K(2944K)
[33.584s][info][gc             ] GC(45) Pause Young (Allocation Failure) 1575M->1053M(1979M) 307.036ms
[33.584s][info][gc,cpu         ] GC(45) User=0.30s Sys=0.00s Real=0.30s
[33.730s][info][gc,start       ] GC(46) Pause Young (Allocation Failure)
[34.154s][info][gc,heap        ] GC(46) DefNew: 620065K(629120K)->69888K(629120K) Eden: 559232K(559232K)->0K(559232K) From: 60833K(69888K)->69888K(69888K)
[34.154s][info][gc,heap        ] GC(46) Tenured: 1017504K(1398144K)->1075667K(1398144K)
[34.154s][info][gc,metaspace   ] GC(46) Metaspace: 21745K(22016K)->21745K(22016K) NonClass: 18959K(19072K)->18959K(19072K) Class: 2785K(2944K)->2785K(2944K)
[34.154s][info][gc             ] GC(46) Pause Young (Allocation Failure) 1599M->1118M(1979M) 424.690ms
[34.154s][info][gc,cpu         ] GC(46) User=0.41s Sys=0.00s Real=0.42s
[34.631s][info][gc,start       ] GC(47) Pause Young (Allocation Failure)
[34.907s][info][gc,heap        ] GC(47) DefNew: 629120K(629120K)->54475K(629120K) Eden: 559232K(559232K)->0K(559232K) From: 69888K(69888K)->54475K(69888K)
[34.907s][info][gc,heap        ] GC(47) Tenured: 1075667K(1398144K)->1112145K(1398144K)
[34.908s][info][gc,metaspace   ] GC(47) Metaspace: 21745K(22016K)->21745K(22016K) NonClass: 18959K(19072K)->18959K(19072K) Class: 2785K(2944K)->2785K(2944K)
[34.908s][info][gc             ] GC(47) Pause Young (Allocation Failure) 1664M->1139M(1979M) 276.246ms
[34.908s][info][gc,cpu         ] GC(47) User=0.28s Sys=0.00s Real=0.28s
[35.157s][info][gc,start       ] GC(48) Pause Young (Allocation Failure)
[35.507s][info][gc,heap        ] GC(48) DefNew: 613707K(629120K)->69887K(629120K) Eden: 559232K(559232K)->0K(559232K) From: 54475K(69888K)->69887K(69888K)
[35.507s][info][gc,heap        ] GC(48) Tenured: 1112145K(1398144K)->1154204K(1398144K)
[35.507s][info][gc,metaspace   ] GC(48) Metaspace: 21768K(22144K)->21768K(22144K) NonClass: 18982K(19200K)->18982K(19200K) Class: 2785K(2944K)->2785K(2944K)
[35.507s][info][gc             ] GC(48) Pause Young (Allocation Failure) 1685M->1195M(1979M) 349.791ms
[35.507s][info][gc,cpu         ] GC(48) User=0.31s Sys=0.03s Real=0.35s
[35.664s][info][gc,start       ] GC(49) Pause Young (Allocation Failure)
[36.180s][info][gc,heap        ] GC(49) DefNew: 629119K(629120K)->69887K(629120K) Eden: 559232K(559232K)->0K(559232K) From: 69887K(69888K)->69887K(69888K)
[36.180s][info][gc,heap        ] GC(49) Tenured: 1154204K(1398144K)->1223709K(1398144K)
[36.180s][info][gc,metaspace   ] GC(49) Metaspace: 21768K(22144K)->21768K(22144K) NonClass: 18982K(19200K)->18982K(19200K) Class: 2785K(2944K)->2785K(2944K)
[36.180s][info][gc             ] GC(49) Pause Young (Allocation Failure) 1741M->1263M(1979M) 515.987ms
[36.180s][info][gc,cpu         ] GC(49) User=0.50s Sys=0.02s Real=0.51s
[36.717s][info][gc,start       ] GC(50) Pause Young (Allocation Failure)
[37.034s][info][gc,heap        ] GC(50) DefNew: 629119K(629120K)->58908K(629120K) Eden: 559232K(559232K)->0K(559232K) From: 69887K(69888K)->58908K(69888K)
[37.034s][info][gc,heap        ] GC(50) Tenured: 1223709K(1398144K)->1259875K(1398144K)
[37.034s][info][gc,metaspace   ] GC(50) Metaspace: 21776K(22144K)->21776K(22144K) NonClass: 18991K(19200K)->18991K(19200K) Class: 2785K(2944K)->2785K(2944K)
[37.034s][info][gc             ] GC(50) Pause Young (Allocation Failure) 1809M->1287M(1979M) 316.188ms
[37.034s][info][gc,cpu         ] GC(50) User=0.33s Sys=0.00s Real=0.31s
[37.193s][info][gc,start       ] GC(51) Pause Young (Allocation Failure)
[37.657s][info][gc,heap        ] GC(51) DefNew: 618140K(629120K)->69888K(629120K) Eden: 559232K(559232K)->0K(559232K) From: 58908K(69888K)->69888K(69888K)
[37.657s][info][gc,heap        ] GC(51) Tenured: 1259875K(1398144K)->1318584K(1398144K)
[37.657s][info][gc,metaspace   ] GC(51) Metaspace: 21776K(22144K)->21776K(22144K) NonClass: 18991K(19200K)->18991K(19200K) Class: 2785K(2944K)->2785K(2944K)
[37.657s][info][gc             ] GC(51) Pause Young (Allocation Failure) 1833M->1355M(1979M) 464.234ms
[37.657s][info][gc,cpu         ] GC(51) User=0.42s Sys=0.00s Real=0.45s
[38.060s][info][gc,start       ] GC(52) Pause Young (Allocation Failure)
[38.061s][info][gc             ] GC(52) Pause Young (Allocation Failure) 1902M->1902M(1979M) 0.080ms
[38.061s][info][gc,cpu         ] GC(52) User=0.00s Sys=0.00s Real=0.00s
[38.061s][info][gc,start       ] GC(53) Pause Full (Allocation Failure)
[38.061s][info][gc,phases,start] GC(53) Phase 1: Mark live objects
[38.325s][info][gc,phases      ] GC(53) Phase 1: Mark live objects 264.458ms
[38.325s][info][gc,phases,start] GC(53) Phase 2: Compute new object addresses
[38.617s][info][gc,phases      ] GC(53) Phase 2: Compute new object addresses 292.025ms
[38.617s][info][gc,phases,start] GC(53) Phase 3: Adjust pointers
[38.770s][info][gc,phases      ] GC(53) Phase 3: Adjust pointers 152.732ms
[38.770s][info][gc,phases,start] GC(53) Phase 4: Move objects
[38.851s][info][gc,phases      ] GC(53) Phase 4: Move objects 81.060ms
[38.851s][info][gc,heap        ] GC(53) DefNew: 629120K(629120K)->0K(629120K) Eden: 559232K(559232K)->0K(559232K) From: 69888K(69888K)->0K(69888K)
[38.851s][info][gc,heap        ] GC(53) Tenured: 1318584K(1398144K)->157957K(1398144K)
[38.851s][info][gc,metaspace   ] GC(53) Metaspace: 21777K(22144K)->21777K(22144K) NonClass: 18991K(19200K)->18991K(19200K) Class: 2785K(2944K)->2785K(2944K)
[38.851s][info][gc             ] GC(53) Pause Full (Allocation Failure) 1902M->154M(1979M) 790.913ms
[38.852s][info][gc,cpu         ] GC(53) User=0.75s Sys=0.02s Real=0.80s
[39.002s][info][gc,start       ] GC(54) Pause Full (System.gc())
[39.002s][info][gc,phases,start] GC(54) Phase 1: Mark live objects
[39.135s][info][gc,phases      ] GC(54) Phase 1: Mark live objects 133.003ms
[39.135s][info][gc,phases,start] GC(54) Phase 2: Compute new object addresses
[39.187s][info][gc,phases      ] GC(54) Phase 2: Compute new object addresses 51.558ms
[39.187s][info][gc,phases,start] GC(54) Phase 3: Adjust pointers
[39.266s][info][gc,phases      ] GC(54) Phase 3: Adjust pointers 79.031ms
[39.266s][info][gc,phases,start] GC(54) Phase 4: Move objects
[39.273s][info][gc,phases      ] GC(54) Phase 4: Move objects 6.898ms
[39.273s][info][gc,heap        ] GC(54) DefNew: 116912K(629120K)->0K(629120K) Eden: 116912K(559232K)->0K(559232K) From: 0K(69888K)->0K(69888K)
[39.273s][info][gc,heap        ] GC(54) Tenured: 157957K(1398144K)->165451K(1398144K)
[39.273s][info][gc,metaspace   ] GC(54) Metaspace: 21786K(22144K)->21786K(22144K) NonClass: 19000K(19200K)->19000K(19200K) Class: 2785K(2944K)->2785K(2944K)
[39.273s][info][gc             ] GC(54) Pause Full (System.gc()) 268M->161M(1979M) 270.876ms
[39.273s][info][gc,cpu         ] GC(54) User=0.28s Sys=0.00s Real=0.27s
[39.440s][info][gc,start       ] GC(55) Pause Young (Allocation Failure)
[39.747s][info][gc,heap        ] GC(55) DefNew: 559232K(629120K)->69888K(629120K) Eden: 559232K(559232K)->0K(559232K) From: 0K(69888K)->69888K(69888K)
[39.747s][info][gc,heap        ] GC(55) Tenured: 165451K(1398144K)->170485K(1398144K)
[39.747s][info][gc,metaspace   ] GC(55) Metaspace: 21793K(22144K)->21793K(22144K) NonClass: 19007K(19200K)->19007K(19200K) Class: 2785K(2944K)->2785K(2944K)
[39.747s][info][gc             ] GC(55) Pause Young (Allocation Failure) 707M->234M(1979M) 306.915ms
[39.747s][info][gc,cpu         ] GC(55) User=0.28s Sys=0.00s Real=0.31s
[39.903s][info][gc,start       ] GC(56) Pause Young (Allocation Failure)
[40.408s][info][gc,heap        ] GC(56) DefNew: 629120K(629120K)->69887K(629120K) Eden: 559232K(559232K)->0K(559232K) From: 69888K(69888K)->69887K(69888K)
[40.408s][info][gc,heap        ] GC(56) Tenured: 170485K(1398144K)->242796K(1398144K)
[40.408s][info][gc,metaspace   ] GC(56) Metaspace: 21793K(22144K)->21793K(22144K) NonClass: 19007K(19200K)->19007K(19200K) Class: 2785K(2944K)->2785K(2944K)
[40.408s][info][gc             ] GC(56) Pause Young (Allocation Failure) 780M->305M(1979M) 504.650ms
[40.408s][info][gc,cpu         ] GC(56) User=0.41s Sys=0.03s Real=0.50s
[40.939s][info][gc,start       ] GC(57) Pause Young (Allocation Failure)
[41.252s][info][gc,heap        ] GC(57) DefNew: 629119K(629120K)->60298K(629120K) Eden: 559232K(559232K)->0K(559232K) From: 69887K(69888K)->60298K(69888K)
[41.252s][info][gc,heap        ] GC(57) Tenured: 242796K(1398144K)->278383K(1398144K)
[41.252s][info][gc,metaspace   ] GC(57) Metaspace: 21808K(22144K)->21808K(22144K) NonClass: 19023K(19200K)->19023K(19200K) Class: 2785K(2944K)->2785K(2944K)
[41.252s][info][gc             ] GC(57) Pause Young (Allocation Failure) 851M->330M(1979M) 313.438ms
[41.252s][info][gc,cpu         ] GC(57) User=0.31s Sys=0.00s Real=0.31s
[41.402s][info][gc,start       ] GC(58) Pause Young (Allocation Failure)
[41.863s][info][gc,heap        ] GC(58) DefNew: 619530K(629120K)->69887K(629120K) Eden: 559232K(559232K)->0K(559232K) From: 60298K(69888K)->69887K(69888K)
[41.863s][info][gc,heap        ] GC(58) Tenured: 278383K(1398144K)->338870K(1398144K)
[41.863s][info][gc,metaspace   ] GC(58) Metaspace: 21811K(22144K)->21811K(22144K) NonClass: 19026K(19200K)->19026K(19200K) Class: 2785K(2944K)->2785K(2944K)
[41.863s][info][gc             ] GC(58) Pause Young (Allocation Failure) 876M->399M(1979M) 461.364ms
[41.863s][info][gc,cpu         ] GC(58) User=0.47s Sys=0.00s Real=0.46s
[42.326s][info][gc,start       ] GC(59) Pause Young (Allocation Failure)
[42.610s][info][gc,heap        ] GC(59) DefNew: 629119K(629120K)->55799K(629120K) Eden: 559232K(559232K)->0K(559232K) From: 69887K(69888K)->55799K(69888K)
[42.610s][info][gc,heap        ] GC(59) Tenured: 338870K(1398144K)->374106K(1398144K)
[42.610s][info][gc,metaspace   ] GC(59) Metaspace: 21813K(22144K)->21813K(22144K) NonClass: 19028K(19200K)->19028K(19200K) Class: 2785K(2944K)->2785K(2944K)
[42.610s][info][gc             ] GC(59) Pause Young (Allocation Failure) 945M->419M(1979M) 284.160ms
[42.610s][info][gc,cpu         ] GC(59) User=0.28s Sys=0.00s Real=0.30s
[42.861s][info][gc,start       ] GC(60) Pause Young (Allocation Failure)
[43.207s][info][gc,heap        ] GC(60) DefNew: 615031K(629120K)->69888K(629120K) Eden: 559232K(559232K)->0K(559232K) From: 55799K(69888K)->69888K(69888K)
[43.207s][info][gc,heap        ] GC(60) Tenured: 374106K(1398144K)->416694K(1398144K)
[43.207s][info][gc,metaspace   ] GC(60) Metaspace: 21841K(22208K)->21841K(22208K) NonClass: 19056K(19264K)->19056K(19264K) Class: 2785K(2944K)->2785K(2944K)
[43.207s][info][gc             ] GC(60) Pause Young (Allocation Failure) 965M->475M(1979M) 346.112ms
[43.207s][info][gc,cpu         ] GC(60) User=0.34s Sys=0.00s Real=0.35s
[43.357s][info][gc,start       ] GC(61) Pause Young (Allocation Failure)
[43.831s][info][gc,heap        ] GC(61) DefNew: 629120K(629120K)->69887K(629120K) Eden: 559232K(559232K)->0K(559232K) From: 69888K(69888K)->69887K(69888K)
[43.831s][info][gc,heap        ] GC(61) Tenured: 416694K(1398144K)->481227K(1398144K)
[43.831s][info][gc,metaspace   ] GC(61) Metaspace: 21841K(22208K)->21841K(22208K) NonClass: 19056K(19264K)->19056K(19264K) Class: 2785K(2944K)->2785K(2944K)
[43.831s][info][gc             ] GC(61) Pause Young (Allocation Failure) 1021M->538M(1979M) 474.480ms
[43.831s][info][gc,cpu         ] GC(61) User=0.45s Sys=0.00s Real=0.47s
[44.332s][info][gc,start       ] GC(62) Pause Young (Allocation Failure)
[44.634s][info][gc,heap        ] GC(62) DefNew: 629119K(629120K)->54616K(629120K) Eden: 559232K(559232K)->0K(559232K) From: 69887K(69888K)->54616K(69888K)
[44.634s][info][gc,heap        ] GC(62) Tenured: 481227K(1398144K)->517293K(1398144K)
[44.634s][info][gc,metaspace   ] GC(62) Metaspace: 21855K(22208K)->21855K(22208K) NonClass: 19069K(19264K)->19069K(19264K) Class: 2785K(2944K)->2785K(2944K)
[44.634s][info][gc             ] GC(62) Pause Young (Allocation Failure) 1084M->558M(1979M) 302.291ms
[44.634s][info][gc,cpu         ] GC(62) User=0.30s Sys=0.00s Real=0.30s
[44.773s][info][gc,start       ] GC(63) Pause Young (Allocation Failure)
[45.212s][info][gc,heap        ] GC(63) DefNew: 613848K(629120K)->69888K(629120K) Eden: 559232K(559232K)->0K(559232K) From: 54616K(69888K)->69888K(69888K)
[45.212s][info][gc,heap        ] GC(63) Tenured: 517293K(1398144K)->568288K(1398144K)
[45.212s][info][gc,metaspace   ] GC(63) Metaspace: 21856K(22208K)->21856K(22208K) NonClass: 19070K(19264K)->19070K(19264K) Class: 2785K(2944K)->2785K(2944K)
[45.212s][info][gc             ] GC(63) Pause Young (Allocation Failure) 1104M->623M(1979M) 438.969ms
[45.212s][info][gc,cpu         ] GC(63) User=0.41s Sys=0.00s Real=0.44s
[45.512s][info][gc,start       ] GC(64) Pause Young (Allocation Failure)
[45.917s][info][gc,heap        ] GC(64) DefNew: 629120K(629120K)->69887K(629120K) Eden: 559232K(559232K)->0K(559232K) From: 69888K(69888K)->69887K(69888K)
[45.917s][info][gc,heap        ] GC(64) Tenured: 568288K(1398144K)->611487K(1398144K)
[45.917s][info][gc,metaspace   ] GC(64) Metaspace: 21856K(22208K)->21856K(22208K) NonClass: 19071K(19264K)->19071K(19264K) Class: 2785K(2944K)->2785K(2944K)
[45.917s][info][gc             ] GC(64) Pause Young (Allocation Failure) 1169M->665M(1979M) 404.810ms
[45.917s][info][gc,cpu         ] GC(64) User=0.38s Sys=0.00s Real=0.39s
[46.340s][info][gc,start       ] GC(65) Pause Young (Allocation Failure)
[46.649s][info][gc,heap        ] GC(65) DefNew: 629119K(629120K)->61643K(629120K) Eden: 559232K(559232K)->0K(559232K) From: 69887K(69888K)->61643K(69888K)
[46.649s][info][gc,heap        ] GC(65) Tenured: 611487K(1398144K)->647875K(1398144K)
[46.649s][info][gc,metaspace   ] GC(65) Metaspace: 21865K(22208K)->21865K(22208K) NonClass: 19080K(19264K)->19080K(19264K) Class: 2785K(2944K)->2785K(2944K)
[46.649s][info][gc             ] GC(65) Pause Young (Allocation Failure) 1211M->692M(1979M) 309.137ms
[46.649s][info][gc,cpu         ] GC(65) User=0.28s Sys=0.00s Real=0.31s
[46.786s][info][gc,start       ] GC(66) Pause Young (Allocation Failure)
[47.220s][info][gc,heap        ] GC(66) DefNew: 620875K(629120K)->69888K(629120K) Eden: 559232K(559232K)->0K(559232K) From: 61643K(69888K)->69888K(69888K)
[47.220s][info][gc,heap        ] GC(66) Tenured: 647875K(1398144K)->702688K(1398144K)
[47.220s][info][gc,metaspace   ] GC(66) Metaspace: 21865K(22208K)->21865K(22208K) NonClass: 19080K(19264K)->19080K(19264K) Class: 2785K(2944K)->2785K(2944K)
[47.220s][info][gc             ] GC(66) Pause Young (Allocation Failure) 1239M->754M(1979M) 434.159ms
[47.220s][info][gc,cpu         ] GC(66) User=0.41s Sys=0.00s Real=0.42s
[47.731s][info][gc,start       ] GC(67) Pause Young (Allocation Failure)
[48.027s][info][gc,heap        ] GC(67) DefNew: 629120K(629120K)->50822K(629120K) Eden: 559232K(559232K)->0K(559232K) From: 69888K(69888K)->50822K(69888K)
[48.027s][info][gc,heap        ] GC(67) Tenured: 702688K(1398144K)->736187K(1398144K)
[48.027s][info][gc,metaspace   ] GC(67) Metaspace: 21865K(22208K)->21865K(22208K) NonClass: 19080K(19264K)->19080K(19264K) Class: 2785K(2944K)->2785K(2944K)
[48.027s][info][gc             ] GC(67) Pause Young (Allocation Failure) 1300M->768M(1979M) 295.572ms
[48.027s][info][gc,cpu         ] GC(67) User=0.28s Sys=0.00s Real=0.28s
[48.340s][info][gc,start       ] GC(68) Pause Young (Allocation Failure)
[48.747s][info][gc,heap        ] GC(68) DefNew: 610054K(629120K)->69887K(629120K) Eden: 559232K(559232K)->0K(559232K) From: 50822K(69888K)->69887K(69888K)
[48.747s][info][gc,heap        ] GC(68) Tenured: 736187K(1398144K)->787153K(1398144K)
[48.747s][info][gc,metaspace   ] GC(68) Metaspace: 21877K(22208K)->21877K(22208K) NonClass: 19092K(19264K)->19092K(19264K) Class: 2785K(2944K)->2785K(2944K)
[48.747s][info][gc             ] GC(68) Pause Young (Allocation Failure) 1314M->836M(1979M) 406.787ms
[48.747s][info][gc,cpu         ] GC(68) User=0.42s Sys=0.00s Real=0.41s
[48.939s][info][gc,start       ] GC(69) Pause Young (Allocation Failure)
[49.384s][info][gc,heap        ] GC(69) DefNew: 629119K(629120K)->69888K(629120K) Eden: 559232K(559232K)->0K(559232K) From: 69887K(69888K)->69888K(69888K)
[49.384s][info][gc,heap        ] GC(69) Tenured: 787153K(1398144K)->860504K(1398144K)
[49.384s][info][gc,metaspace   ] GC(69) Metaspace: 21877K(22208K)->21877K(22208K) NonClass: 19092K(19264K)->19092K(19264K) Class: 2785K(2944K)->2785K(2944K)
[49.384s][info][gc             ] GC(69) Pause Young (Allocation Failure) 1383M->908M(1979M) 445.768ms
[49.384s][info][gc,cpu         ] GC(69) User=0.41s Sys=0.00s Real=0.44s
[49.853s][info][gc,start       ] GC(70) Pause Young (Allocation Failure)
[50.166s][info][gc,heap        ] GC(70) DefNew: 629120K(629120K)->61817K(629120K) Eden: 559232K(559232K)->0K(559232K) From: 69888K(69888K)->61817K(69888K)
[50.166s][info][gc,heap        ] GC(70) Tenured: 860504K(1398144K)->893175K(1398144K)
[50.166s][info][gc,metaspace   ] GC(70) Metaspace: 21884K(22208K)->21884K(22208K) NonClass: 19099K(19264K)->19099K(19264K) Class: 2785K(2944K)->2785K(2944K)
[50.166s][info][gc             ] GC(70) Pause Young (Allocation Failure) 1454M->932M(1979M) 312.834ms
[50.166s][info][gc,cpu         ] GC(70) User=0.33s Sys=0.00s Real=0.31s
[50.313s][info][gc,start       ] GC(71) Pause Young (Allocation Failure)
[50.783s][info][gc,heap        ] GC(71) DefNew: 621049K(629120K)->69887K(629120K) Eden: 559232K(559232K)->0K(559232K) From: 61817K(69888K)->69887K(69888K)
[50.784s][info][gc,heap        ] GC(71) Tenured: 893175K(1398144K)->953779K(1398144K)
[50.784s][info][gc,metaspace   ] GC(71) Metaspace: 21884K(22208K)->21884K(22208K) NonClass: 19099K(19264K)->19099K(19264K) Class: 2785K(2944K)->2785K(2944K)
[50.784s][info][gc             ] GC(71) Pause Young (Allocation Failure) 1478M->999M(1979M) 470.560ms
[50.784s][info][gc,cpu         ] GC(71) User=0.45s Sys=0.00s Real=0.46s
[51.313s][info][gc,start       ] GC(72) Pause Young (Allocation Failure)
[51.582s][info][gc,heap        ] GC(72) DefNew: 629119K(629120K)->49963K(629120K) Eden: 559232K(559232K)->0K(559232K) From: 69887K(69888K)->49963K(69888K)
[51.582s][info][gc,heap        ] GC(72) Tenured: 953779K(1398144K)->989485K(1398144K)
[51.582s][info][gc,metaspace   ] GC(72) Metaspace: 21884K(22208K)->21884K(22208K) NonClass: 19099K(19264K)->19099K(19264K) Class: 2785K(2944K)->2785K(2944K)
[51.582s][info][gc             ] GC(72) Pause Young (Allocation Failure) 1545M->1015M(1979M) 269.460ms
[51.582s][info][gc,cpu         ] GC(72) User=0.27s Sys=0.00s Real=0.27s
[51.815s][info][gc,start       ] GC(73) Pause Young (Allocation Failure)
[52.147s][info][gc,heap        ] GC(73) DefNew: 609195K(629120K)->68256K(629120K) Eden: 559232K(559232K)->0K(559232K) From: 49963K(69888K)->68256K(69888K)
[52.147s][info][gc,heap        ] GC(73) Tenured: 989485K(1398144K)->1025673K(1398144K)
[52.147s][info][gc,metaspace   ] GC(73) Metaspace: 21899K(22208K)->21899K(22208K) NonClass: 19114K(19264K)->19114K(19264K) Class: 2785K(2944K)->2785K(2944K)
[52.147s][info][gc             ] GC(73) Pause Young (Allocation Failure) 1561M->1068M(1979M) 332.371ms
[52.147s][info][gc,cpu         ] GC(73) User=0.34s Sys=0.00s Real=0.33s
[52.299s][info][gc,start       ] GC(74) Pause Young (Allocation Failure)
[52.776s][info][gc,heap        ] GC(74) DefNew: 627488K(629120K)->69887K(629120K) Eden: 559232K(559232K)->0K(559232K) From: 68256K(69888K)->69887K(69888K)
[52.776s][info][gc,heap        ] GC(74) Tenured: 1025673K(1398144K)->1089779K(1398144K)
[52.776s][info][gc,metaspace   ] GC(74) Metaspace: 21899K(22208K)->21899K(22208K) NonClass: 19114K(19264K)->19114K(19264K) Class: 2785K(2944K)->2785K(2944K)
[52.776s][info][gc             ] GC(74) Pause Young (Allocation Failure) 1614M->1132M(1979M) 477.183ms
[52.776s][info][gc,cpu         ] GC(74) User=0.47s Sys=0.00s Real=0.47s
[53.451s][info][gc,start       ] GC(75) Pause Young (Allocation Failure)
[53.755s][info][gc,heap        ] GC(75) DefNew: 629119K(629120K)->56735K(629120K) Eden: 559232K(559232K)->0K(559232K) From: 69887K(69888K)->56735K(69888K)
[53.755s][info][gc,heap        ] GC(75) Tenured: 1089779K(1398144K)->1125725K(1398144K)
[53.755s][info][gc,metaspace   ] GC(75) Metaspace: 21909K(22208K)->21909K(22208K) NonClass: 19124K(19264K)->19124K(19264K) Class: 2785K(2944K)->2785K(2944K)
[53.755s][info][gc             ] GC(75) Pause Young (Allocation Failure) 1678M->1154M(1979M) 303.944ms
[53.755s][info][gc,cpu         ] GC(75) User=0.34s Sys=0.00s Real=0.31s
[53.894s][info][gc,start       ] GC(76) Pause Young (Allocation Failure)
[54.309s][info][gc,heap        ] GC(76) DefNew: 615967K(629120K)->69577K(629120K) Eden: 559232K(559232K)->0K(559232K) From: 56735K(69888K)->69577K(69888K)
[54.309s][info][gc,heap        ] GC(76) Tenured: 1125725K(1398144K)->1178484K(1398144K)
[54.309s][info][gc,metaspace   ] GC(76) Metaspace: 21909K(22208K)->21909K(22208K) NonClass: 19124K(19264K)->19124K(19264K) Class: 2785K(2944K)->2785K(2944K)
[54.309s][info][gc             ] GC(76) Pause Young (Allocation Failure) 1700M->1218M(1979M) 414.830ms
[54.309s][info][gc,cpu         ] GC(76) User=0.42s Sys=0.00s Real=0.42s
[54.546s][info][gc,start       ] GC(77) Pause Young (Allocation Failure)
[54.943s][info][gc,heap        ] GC(77) DefNew: 628809K(629120K)->69888K(629120K) Eden: 559232K(559232K)->0K(559232K) From: 69577K(69888K)->69888K(69888K)
[54.943s][info][gc,heap        ] GC(77) Tenured: 1178484K(1398144K)->1225912K(1398144K)
[54.943s][info][gc,metaspace   ] GC(77) Metaspace: 21909K(22208K)->21909K(22208K) NonClass: 19124K(19264K)->19124K(19264K) Class: 2785K(2944K)->2785K(2944K)
[54.943s][info][gc             ] GC(77) Pause Young (Allocation Failure) 1764M->1265M(1979M) 396.776ms
[54.943s][info][gc,cpu         ] GC(77) User=0.33s Sys=0.02s Real=0.39s
[55.381s][info][gc,start       ] GC(78) Pause Young (Allocation Failure)
[55.697s][info][gc,heap        ] GC(78) DefNew: 629120K(629120K)->62714K(629120K) Eden: 559232K(559232K)->0K(559232K) From: 69888K(69888K)->62714K(69888K)
[55.697s][info][gc,heap        ] GC(78) Tenured: 1225912K(1398144K)->1260331K(1398144K)
[55.697s][info][gc,metaspace   ] GC(78) Metaspace: 21917K(22208K)->21917K(22208K) NonClass: 19131K(19264K)->19131K(19264K) Class: 2785K(2944K)->2785K(2944K)
[55.697s][info][gc             ] GC(78) Pause Young (Allocation Failure) 1811M->1292M(1979M) 315.620ms
[55.697s][info][gc,cpu         ] GC(78) User=0.31s Sys=0.00s Real=0.31s
[55.835s][info][gc,start       ] GC(79) Pause Young (Allocation Failure)
[56.271s][info][gc,heap        ] GC(79) DefNew: 621946K(629120K)->69888K(629120K) Eden: 559232K(559232K)->0K(559232K) From: 62714K(69888K)->69888K(69888K)
[56.271s][info][gc,heap        ] GC(79) Tenured: 1260331K(1398144K)->1315538K(1398144K)
[56.271s][info][gc,metaspace   ] GC(79) Metaspace: 21917K(22208K)->21917K(22208K) NonClass: 19131K(19264K)->19131K(19264K) Class: 2785K(2944K)->2785K(2944K)
[56.271s][info][gc             ] GC(79) Pause Young (Allocation Failure) 1838M->1352M(1979M) 435.332ms
[56.271s][info][gc,cpu         ] GC(79) User=0.41s Sys=0.00s Real=0.44s
[56.752s][info][gc,start       ] GC(80) Pause Young (Allocation Failure)
[57.073s][info][gc,heap        ] GC(80) DefNew: 629120K(629120K)->56071K(629120K) Eden: 559232K(559232K)->0K(559232K) From: 69888K(69888K)->56071K(69888K)
[57.073s][info][gc,heap        ] GC(80) Tenured: 1315538K(1398144K)->1351123K(1398144K)
[57.073s][info][gc,metaspace   ] GC(80) Metaspace: 21917K(22208K)->21917K(22208K) NonClass: 19131K(19264K)->19131K(19264K) Class: 2785K(2944K)->2785K(2944K)
[57.073s][info][gc             ] GC(80) Pause Young (Allocation Failure) 1899M->1374M(1979M) 320.713ms
[57.073s][info][gc,cpu         ] GC(80) User=0.28s Sys=0.05s Real=0.31s
[57.235s][info][gc,start       ] GC(81) Pause Full (System.gc())
[57.235s][info][gc,phases,start] GC(81) Phase 1: Mark live objects
[57.386s][info][gc,phases      ] GC(81) Phase 1: Mark live objects 151.170ms
[57.386s][info][gc,phases,start] GC(81) Phase 2: Compute new object addresses
[57.604s][info][gc,phases      ] GC(81) Phase 2: Compute new object addresses 218.285ms
[57.604s][info][gc,phases,start] GC(81) Phase 3: Adjust pointers
[57.679s][info][gc,phases      ] GC(81) Phase 3: Adjust pointers 74.105ms
[57.679s][info][gc,phases,start] GC(81) Phase 4: Move objects
[57.708s][info][gc,phases      ] GC(81) Phase 4: Move objects 29.367ms
[57.708s][info][gc,heap        ] GC(81) DefNew: 122005K(629120K)->0K(629120K) Eden: 65934K(559232K)->0K(559232K) From: 56071K(69888K)->0K(69888K)
[57.708s][info][gc,heap        ] GC(81) Tenured: 1351123K(1398144K)->139035K(1398144K)
[57.708s][info][gc,metaspace   ] GC(81) Metaspace: 21922K(22272K)->21922K(22272K) NonClass: 19136K(19328K)->19136K(19328K) Class: 2785K(2944K)->2785K(2944K)
[57.708s][info][gc             ] GC(81) Pause Full (System.gc()) 1438M->135M(1979M) 473.562ms
[57.708s][info][gc,cpu         ] GC(81) User=0.45s Sys=0.00s Real=0.47s
[57.873s][info][gc,start       ] GC(82) Pause Young (Allocation Failure)
[58.194s][info][gc,heap        ] GC(82) DefNew: 559232K(629120K)->69888K(629120K) Eden: 559232K(559232K)->0K(559232K) From: 0K(69888K)->69888K(69888K)
[58.194s][info][gc,heap        ] GC(82) Tenured: 139035K(1398144K)->145866K(1398144K)
[58.194s][info][gc,metaspace   ] GC(82) Metaspace: 21925K(22272K)->21925K(22272K) NonClass: 19139K(19328K)->19139K(19328K) Class: 2785K(2944K)->2785K(2944K)
[58.194s][info][gc             ] GC(82) Pause Young (Allocation Failure) 681M->210M(1979M) 321.181ms
[58.194s][info][gc,cpu         ] GC(82) User=0.31s Sys=0.00s Real=0.33s
[58.341s][info][gc,start       ] GC(83) Pause Young (Allocation Failure)
[58.824s][info][gc,heap        ] GC(83) DefNew: 629120K(629120K)->69887K(629120K) Eden: 559232K(559232K)->0K(559232K) From: 69888K(69888K)->69887K(69888K)
[58.824s][info][gc,heap        ] GC(83) Tenured: 145866K(1398144K)->211416K(1398144K)
[58.824s][info][gc,metaspace   ] GC(83) Metaspace: 21925K(22272K)->21925K(22272K) NonClass: 19139K(19328K)->19139K(19328K) Class: 2785K(2944K)->2785K(2944K)
[58.824s][info][gc             ] GC(83) Pause Young (Allocation Failure) 756M->274M(1979M) 482.897ms
[58.824s][info][gc,cpu         ] GC(83) User=0.42s Sys=0.02s Real=0.49s
[59.384s][info][gc,start       ] GC(84) Pause Young (Allocation Failure)
[59.699s][info][gc,heap        ] GC(84) DefNew: 629119K(629120K)->63593K(629120K) Eden: 559232K(559232K)->0K(559232K) From: 69887K(69888K)->63593K(69888K)
[59.699s][info][gc,heap        ] GC(84) Tenured: 211416K(1398144K)->246411K(1398144K)
[59.699s][info][gc,metaspace   ] GC(84) Metaspace: 21939K(22272K)->21939K(22272K) NonClass: 19154K(19328K)->19154K(19328K) Class: 2785K(2944K)->2785K(2944K)
[59.699s][info][gc             ] GC(84) Pause Young (Allocation Failure) 820M->302M(1979M) 314.346ms
[59.699s][info][gc,cpu         ] GC(84) User=0.27s Sys=0.00s Real=0.32s
[59.840s][info][gc,start       ] GC(85) Pause Young (Allocation Failure)
[60.265s][info][gc,heap        ] GC(85) DefNew: 622825K(629120K)->69887K(629120K) Eden: 559232K(559232K)->0K(559232K) From: 63593K(69888K)->69887K(69888K)
[60.265s][info][gc,heap        ] GC(85) Tenured: 246411K(1398144K)->305915K(1398144K)
[60.265s][info][gc,metaspace   ] GC(85) Metaspace: 21939K(22272K)->21939K(22272K) NonClass: 19154K(19328K)->19154K(19328K) Class: 2785K(2944K)->2785K(2944K)
[60.265s][info][gc             ] GC(85) Pause Young (Allocation Failure) 848M->366M(1979M) 425.043ms
[60.265s][info][gc,cpu         ] GC(85) User=0.44s Sys=0.00s Real=0.42s
[60.644s][info][gc,start       ] GC(86) Pause Young (Allocation Failure)
[60.937s][info][gc,heap        ] GC(86) DefNew: 629119K(629120K)->60360K(629120K) Eden: 559232K(559232K)->0K(559232K) From: 69887K(69888K)->60360K(69888K)
[60.937s][info][gc,heap        ] GC(86) Tenured: 305915K(1398144K)->340544K(1398144K)
[60.937s][info][gc,metaspace   ] GC(86) Metaspace: 21939K(22272K)->21939K(22272K) NonClass: 19154K(19328K)->19154K(19328K) Class: 2785K(2944K)->2785K(2944K)
[60.938s][info][gc             ] GC(86) Pause Young (Allocation Failure) 913M->391M(1979M) 293.325ms
[60.938s][info][gc,cpu         ] GC(86) User=0.28s Sys=0.00s Real=0.30s
[61.201s][info][gc,start       ] GC(87) Pause Young (Allocation Failure)
[61.536s][info][gc,heap        ] GC(87) DefNew: 619592K(629120K)->69887K(629120K) Eden: 559232K(559232K)->0K(559232K) From: 60360K(69888K)->69887K(69888K)
[61.536s][info][gc,heap        ] GC(87) Tenured: 340544K(1398144K)->378279K(1398144K)
[61.536s][info][gc,metaspace   ] GC(87) Metaspace: 21962K(22336K)->21962K(22336K) NonClass: 19177K(19392K)->19177K(19392K) Class: 2785K(2944K)->2785K(2944K)
[61.536s][info][gc             ] GC(87) Pause Young (Allocation Failure) 937M->437M(1979M) 335.160ms
[61.536s][info][gc,cpu         ] GC(87) User=0.31s Sys=0.00s Real=0.33s
[61.688s][info][gc,start       ] GC(88) Pause Young (Allocation Failure)
[62.158s][info][gc,heap        ] GC(88) DefNew: 629119K(629120K)->69887K(629120K) Eden: 559232K(559232K)->0K(559232K) From: 69887K(69888K)->69887K(69888K)
[62.158s][info][gc,heap        ] GC(88) Tenured: 378279K(1398144K)->443699K(1398144K)
[62.158s][info][gc,metaspace   ] GC(88) Metaspace: 21962K(22336K)->21962K(22336K) NonClass: 19177K(19392K)->19177K(19392K) Class: 2785K(2944K)->2785K(2944K)
[62.158s][info][gc             ] GC(88) Pause Young (Allocation Failure) 983M->501M(1979M) 470.074ms
[62.158s][info][gc,cpu         ] GC(88) User=0.42s Sys=0.00s Real=0.47s
[62.764s][info][gc,start       ] GC(89) Pause Young (Allocation Failure)
[63.049s][info][gc,heap        ] GC(89) DefNew: 629119K(629120K)->54127K(629120K) Eden: 559232K(559232K)->0K(559232K) From: 69887K(69888K)->54127K(69888K)
[63.049s][info][gc,heap        ] GC(89) Tenured: 443699K(1398144K)->479518K(1398144K)
[63.049s][info][gc,metaspace   ] GC(89) Metaspace: 21973K(22336K)->21973K(22336K) NonClass: 19188K(19392K)->19188K(19392K) Class: 2785K(2944K)->2785K(2944K)
[63.049s][info][gc             ] GC(89) Pause Young (Allocation Failure) 1047M->521M(1979M) 284.235ms
[63.049s][info][gc,cpu         ] GC(89) User=0.25s Sys=0.00s Real=0.28s
[63.194s][info][gc,start       ] GC(90) Pause Young (Allocation Failure)
[63.637s][info][gc,heap        ] GC(90) DefNew: 613359K(629120K)->69887K(629120K) Eden: 559232K(559232K)->0K(559232K) From: 54127K(69888K)->69887K(69888K)
[63.637s][info][gc,heap        ] GC(90) Tenured: 479518K(1398144K)->534147K(1398144K)
[63.637s][info][gc,metaspace   ] GC(90) Metaspace: 21973K(22336K)->21973K(22336K) NonClass: 19188K(19392K)->19188K(19392K) Class: 2785K(2944K)->2785K(2944K)
[63.637s][info][gc             ] GC(90) Pause Young (Allocation Failure) 1067M->589M(1979M) 442.918ms
[63.637s][info][gc,cpu         ] GC(90) User=0.44s Sys=0.00s Real=0.44s
[63.930s][info][gc,start       ] GC(91) Pause Young (Allocation Failure)
[64.355s][info][gc,heap        ] GC(91) DefNew: 629119K(629120K)->69888K(629120K) Eden: 559232K(559232K)->0K(559232K) From: 69887K(69888K)->69888K(69888K)
[64.355s][info][gc,heap        ] GC(91) Tenured: 534147K(1398144K)->578150K(1398144K)
[64.355s][info][gc,metaspace   ] GC(91) Metaspace: 21973K(22336K)->21973K(22336K) NonClass: 19188K(19392K)->19188K(19392K) Class: 2785K(2944K)->2785K(2944K)
[64.355s][info][gc             ] GC(91) Pause Young (Allocation Failure) 1136M->632M(1979M) 425.397ms
[64.355s][info][gc,cpu         ] GC(91) User=0.41s Sys=0.00s Real=0.42s
[64.764s][info][gc,start       ] GC(92) Pause Young (Allocation Failure)
[65.070s][info][gc,heap        ] GC(92) DefNew: 629120K(629120K)->58693K(629120K) Eden: 559232K(559232K)->0K(559232K) From: 69888K(69888K)->58693K(69888K)
[65.070s][info][gc,heap        ] GC(92) Tenured: 578150K(1398144K)->614750K(1398144K)
[65.070s][info][gc,metaspace   ] GC(92) Metaspace: 21982K(22336K)->21982K(22336K) NonClass: 19197K(19392K)->19197K(19392K) Class: 2785K(2944K)->2785K(2944K)
[65.070s][info][gc             ] GC(92) Pause Young (Allocation Failure) 1178M->657M(1979M) 305.438ms
[65.070s][info][gc,cpu         ] GC(92) User=0.28s Sys=0.00s Real=0.31s
[65.213s][info][gc,start       ] GC(93) Pause Young (Allocation Failure)
[65.650s][info][gc,heap        ] GC(93) DefNew: 617925K(629120K)->69887K(629120K) Eden: 559232K(559232K)->0K(559232K) From: 58693K(69888K)->69887K(69888K)
[65.650s][info][gc,heap        ] GC(93) Tenured: 614750K(1398144K)->669047K(1398144K)
[65.650s][info][gc,metaspace   ] GC(93) Metaspace: 21982K(22336K)->21982K(22336K) NonClass: 19197K(19392K)->19197K(19392K) Class: 2785K(2944K)->2785K(2944K)
[65.650s][info][gc             ] GC(93) Pause Young (Allocation Failure) 1203M->721M(1979M) 437.097ms
[65.650s][info][gc,cpu         ] GC(93) User=0.41s Sys=0.00s Real=0.44s
[66.172s][info][gc,start       ] GC(94) Pause Young (Allocation Failure)
[66.434s][info][gc,heap        ] GC(94) DefNew: 629119K(629120K)->47757K(629120K) Eden: 559232K(559232K)->0K(559232K) From: 69887K(69888K)->47757K(69888K)
[66.434s][info][gc,heap        ] GC(94) Tenured: 669047K(1398144K)->704430K(1398144K)
[66.434s][info][gc,metaspace   ] GC(94) Metaspace: 21982K(22336K)->21982K(22336K) NonClass: 19197K(19392K)->19197K(19392K) Class: 2785K(2944K)->2785K(2944K)
[66.434s][info][gc             ] GC(94) Pause Young (Allocation Failure) 1267M->734M(1979M) 262.522ms
[66.434s][info][gc,cpu         ] GC(94) User=0.22s Sys=0.00s Real=0.25s
[66.643s][info][gc,start       ] GC(95) Pause Young (Allocation Failure)
[67.006s][info][gc,heap        ] GC(95) DefNew: 606989K(629120K)->69887K(629120K) Eden: 559232K(559232K)->0K(559232K) From: 47757K(69888K)->69887K(69888K)
[67.006s][info][gc,heap        ] GC(95) Tenured: 704430K(1398144K)->743600K(1398144K)
[67.006s][info][gc,metaspace   ] GC(95) Metaspace: 21994K(22336K)->21994K(22336K) NonClass: 19209K(19392K)->19209K(19392K) Class: 2785K(2944K)->2785K(2944K)
[67.006s][info][gc             ] GC(95) Pause Young (Allocation Failure) 1280M->794M(1979M) 363.545ms
[67.006s][info][gc,cpu         ] GC(95) User=0.33s Sys=0.00s Real=0.36s
[67.160s][info][gc,start       ] GC(96) Pause Young (Allocation Failure)
[67.646s][info][gc,heap        ] GC(96) DefNew: 629119K(629120K)->69888K(629120K) Eden: 559232K(559232K)->0K(559232K) From: 69887K(69888K)->69888K(69888K)
[67.646s][info][gc,heap        ] GC(96) Tenured: 743600K(1398144K)->809810K(1398144K)
[67.646s][info][gc,metaspace   ] GC(96) Metaspace: 21994K(22336K)->21994K(22336K) NonClass: 19209K(19392K)->19209K(19392K) Class: 2785K(2944K)->2785K(2944K)
[67.646s][info][gc             ] GC(96) Pause Young (Allocation Failure) 1340M->859M(1979M) 486.318ms
[67.646s][info][gc,cpu         ] GC(96) User=0.45s Sys=0.00s Real=0.49s
[68.231s][info][gc,start       ] GC(97) Pause Young (Allocation Failure)
[68.521s][info][gc,heap        ] GC(97) DefNew: 629120K(629120K)->50435K(629120K) Eden: 559232K(559232K)->0K(559232K) From: 69888K(69888K)->50435K(69888K)
[68.521s][info][gc,heap        ] GC(97) Tenured: 809810K(1398144K)->845505K(1398144K)
[68.521s][info][gc,metaspace   ] GC(97) Metaspace: 22011K(22336K)->22011K(22336K) NonClass: 19225K(19392K)->19225K(19392K) Class: 2785K(2944K)->2785K(2944K)
[68.521s][info][gc             ] GC(97) Pause Young (Allocation Failure) 1405M->874M(1979M) 289.857ms
[68.521s][info][gc,cpu         ] GC(97) User=0.30s Sys=0.00s Real=0.30s
[68.672s][info][gc,start       ] GC(98) Pause Young (Allocation Failure)
[69.105s][info][gc,heap        ] GC(98) DefNew: 609667K(629120K)->69888K(629120K) Eden: 559232K(559232K)->0K(559232K) From: 50435K(69888K)->69888K(69888K)
[69.105s][info][gc,heap        ] GC(98) Tenured: 845505K(1398144K)->896309K(1398144K)
[69.105s][info][gc,metaspace   ] GC(98) Metaspace: 22011K(22336K)->22011K(22336K) NonClass: 19225K(19392K)->19225K(19392K) Class: 2785K(2944K)->2785K(2944K)
[69.105s][info][gc             ] GC(98) Pause Young (Allocation Failure) 1421M->943M(1979M) 433.525ms
[69.105s][info][gc,cpu         ] GC(98) User=0.42s Sys=0.00s Real=0.44s
[69.409s][info][gc,start       ] GC(99) Pause Young (Allocation Failure)
[69.818s][info][gc,heap        ] GC(99) DefNew: 629120K(629120K)->69888K(629120K) Eden: 559232K(559232K)->0K(559232K) From: 69888K(69888K)->69888K(69888K)
[69.818s][info][gc,heap        ] GC(99) Tenured: 896309K(1398144K)->943750K(1398144K)
[69.818s][info][gc,metaspace   ] GC(99) Metaspace: 22011K(22336K)->22011K(22336K) NonClass: 19225K(19392K)->19225K(19392K) Class: 2785K(2944K)->2785K(2944K)
[69.818s][info][gc             ] GC(99) Pause Young (Allocation Failure) 1489M->989M(1979M) 409.755ms
[69.818s][info][gc,cpu         ] GC(99) User=0.41s Sys=0.00s Real=0.42s
[70.285s][info][gc,start       ] GC(100) Pause Young (Allocation Failure)
[70.587s][info][gc,heap        ] GC(100) DefNew: 629120K(629120K)->62924K(629120K) Eden: 559232K(559232K)->0K(559232K) From: 69888K(69888K)->62924K(69888K)
[70.587s][info][gc,heap        ] GC(100) Tenured: 943750K(1398144K)->979098K(1398144K)
[70.587s][info][gc,metaspace   ] GC(100) Metaspace: 22026K(22336K)->22026K(22336K) NonClass: 19241K(19392K)->19241K(19392K) Class: 2785K(2944K)->2785K(2944K)
[70.587s][info][gc             ] GC(100) Pause Young (Allocation Failure) 1536M->1017M(1979M) 302.735ms
[70.587s][info][gc,cpu         ] GC(100) User=0.28s Sys=0.00s Real=0.31s
[70.737s][info][gc,start       ] GC(101) Pause Young (Allocation Failure)
[71.169s][info][gc,heap        ] GC(101) DefNew: 622156K(629120K)->69888K(629120K) Eden: 559232K(559232K)->0K(559232K) From: 62924K(69888K)->69888K(69888K)
[71.169s][info][gc,heap        ] GC(101) Tenured: 979098K(1398144K)->1038925K(1398144K)
[71.169s][info][gc,metaspace   ] GC(101) Metaspace: 22026K(22336K)->22026K(22336K) NonClass: 19241K(19392K)->19241K(19392K) Class: 2785K(2944K)->2785K(2944K)
[71.169s][info][gc             ] GC(101) Pause Young (Allocation Failure) 1563M->1082M(1979M) 432.526ms
[71.169s][info][gc,cpu         ] GC(101) User=0.44s Sys=0.00s Real=0.44s
[71.757s][info][gc,start       ] GC(102) Pause Young (Allocation Failure)
[71.995s][info][gc,heap        ] GC(102) DefNew: 629120K(629120K)->39517K(629120K) Eden: 559232K(559232K)->0K(559232K) From: 69888K(69888K)->39517K(69888K)
[71.996s][info][gc,heap        ] GC(102) Tenured: 1038925K(1398144K)->1075772K(1398144K)
[71.996s][info][gc,metaspace   ] GC(102) Metaspace: 22034K(22400K)->22034K(22400K) NonClass: 19249K(19456K)->19249K(19456K) Class: 2785K(2944K)->2785K(2944K)
[71.996s][info][gc             ] GC(102) Pause Young (Allocation Failure) 1628M->1089M(1979M) 238.085ms
[71.996s][info][gc,cpu         ] GC(102) User=0.23s Sys=0.00s Real=0.25s
[72.139s][info][gc,start       ] GC(103) Pause Young (Allocation Failure)
[72.504s][info][gc,heap        ] GC(103) DefNew: 598749K(629120K)->69888K(629120K) Eden: 559232K(559232K)->0K(559232K) From: 39517K(69888K)->69888K(69888K)
[72.504s][info][gc,heap        ] GC(103) Tenured: 1075772K(1398144K)->1116946K(1398144K)
[72.504s][info][gc,metaspace   ] GC(103) Metaspace: 22034K(22400K)->22034K(22400K) NonClass: 19249K(19456K)->19249K(19456K) Class: 2785K(2944K)->2785K(2944K)
[72.504s][info][gc             ] GC(103) Pause Young (Allocation Failure) 1635M->1159M(1979M) 365.670ms
[72.504s][info][gc,cpu         ] GC(103) User=0.36s Sys=0.00s Real=0.36s
[72.649s][info][gc,start       ] GC(104) Pause Young (Allocation Failure)
[73.109s][info][gc,heap        ] GC(104) DefNew: 629120K(629120K)->69888K(629120K) Eden: 559232K(559232K)->0K(559232K) From: 69888K(69888K)->69888K(69888K)
[73.109s][info][gc,heap        ] GC(104) Tenured: 1116946K(1398144K)->1177789K(1398144K)
[73.109s][info][gc,metaspace   ] GC(104) Metaspace: 22034K(22400K)->22034K(22400K) NonClass: 19249K(19456K)->19249K(19456K) Class: 2785K(2944K)->2785K(2944K)
[73.109s][info][gc             ] GC(104) Pause Young (Allocation Failure) 1705M->1218M(1979M) 460.090ms
[73.109s][info][gc,cpu         ] GC(104) User=0.42s Sys=0.00s Real=0.46s
[73.701s][info][gc,start       ] GC(105) Pause Young (Allocation Failure)
[73.978s][info][gc,heap        ] GC(105) DefNew: 629120K(629120K)->52544K(629120K) Eden: 559232K(559232K)->0K(559232K) From: 69888K(69888K)->52544K(69888K)
[73.978s][info][gc,heap        ] GC(105) Tenured: 1177789K(1398144K)->1211408K(1398144K)
[73.978s][info][gc,metaspace   ] GC(105) Metaspace: 22046K(22400K)->22046K(22400K) NonClass: 19261K(19456K)->19261K(19456K) Class: 2785K(2944K)->2785K(2944K)
[73.978s][info][gc             ] GC(105) Pause Young (Allocation Failure) 1764M->1234M(1979M) 277.097ms
[73.978s][info][gc,cpu         ] GC(105) User=0.31s Sys=0.00s Real=0.27s
[74.127s][info][gc,start       ] GC(106) Pause Young (Allocation Failure)
[74.556s][info][gc,heap        ] GC(106) DefNew: 611776K(629120K)->69887K(629120K) Eden: 559232K(559232K)->0K(559232K) From: 52544K(69888K)->69887K(69888K)
[74.556s][info][gc,heap        ] GC(106) Tenured: 1211408K(1398144K)->1265178K(1398144K)
[74.556s][info][gc,metaspace   ] GC(106) Metaspace: 22046K(22400K)->22046K(22400K) NonClass: 19261K(19456K)->19261K(19456K) Class: 2785K(2944K)->2785K(2944K)
[74.556s][info][gc             ] GC(106) Pause Young (Allocation Failure) 1780M->1303M(1979M) 428.557ms
[74.556s][info][gc,cpu         ] GC(106) User=0.41s Sys=0.00s Real=0.41s
[74.903s][info][gc,start       ] GC(107) Pause Young (Allocation Failure)
[75.269s][info][gc,heap        ] GC(107) DefNew: 629119K(629120K)->69888K(629120K) Eden: 559232K(559232K)->0K(559232K) From: 69887K(69888K)->69888K(69888K)
[75.269s][info][gc,heap        ] GC(107) Tenured: 1265178K(1398144K)->1302139K(1398144K)
[75.269s][info][gc,metaspace   ] GC(107) Metaspace: 22046K(22400K)->22046K(22400K) NonClass: 19261K(19456K)->19261K(19456K) Class: 2785K(2944K)->2785K(2944K)
[75.269s][info][gc             ] GC(107) Pause Young (Allocation Failure) 1849M->1339M(1979M) 366.413ms
[75.269s][info][gc,cpu         ] GC(107) User=0.36s Sys=0.00s Real=0.36s
[75.501s][info][gc,start       ] GC(108) Pause Full (System.gc())
[75.501s][info][gc,phases,start] GC(108) Phase 1: Mark live objects
[75.681s][info][gc,phases      ] GC(108) Phase 1: Mark live objects 180.372ms
[75.681s][info][gc,phases,start] GC(108) Phase 2: Compute new object addresses
[75.908s][info][gc,phases      ] GC(108) Phase 2: Compute new object addresses 226.729ms
[75.908s][info][gc,phases,start] GC(108) Phase 3: Adjust pointers
[75.987s][info][gc,phases      ] GC(108) Phase 3: Adjust pointers 78.981ms
[75.987s][info][gc,phases,start] GC(108) Phase 4: Move objects
[76.018s][info][gc,phases      ] GC(108) Phase 4: Move objects 31.421ms
[76.019s][info][gc,heap        ] GC(108) DefNew: 219509K(629120K)->0K(629120K) Eden: 149621K(559232K)->0K(559232K) From: 69888K(69888K)->0K(69888K)
[76.019s][info][gc,heap        ] GC(108) Tenured: 1302139K(1398144K)->138924K(1398144K)
[76.019s][info][gc,metaspace   ] GC(108) Metaspace: 22049K(22400K)->22049K(22400K) NonClass: 19263K(19456K)->19263K(19456K) Class: 2785K(2944K)->2785K(2944K)
[76.019s][info][gc             ] GC(108) Pause Full (System.gc()) 1485M->135M(1979M) 518.180ms
[76.019s][info][gc,cpu         ] GC(108) User=0.52s Sys=0.00s Real=0.52s
[76.172s][info][gc,start       ] GC(109) Pause Young (Allocation Failure)
[76.477s][info][gc,heap        ] GC(109) DefNew: 559232K(629120K)->69887K(629120K) Eden: 559232K(559232K)->0K(559232K) From: 0K(69888K)->69887K(69888K)
[76.477s][info][gc,heap        ] GC(109) Tenured: 138924K(1398144K)->142305K(1398144K)
[76.477s][info][gc,metaspace   ] GC(109) Metaspace: 22051K(22400K)->22051K(22400K) NonClass: 19266K(19456K)->19266K(19456K) Class: 2785K(2944K)->2785K(2944K)
[76.477s][info][gc             ] GC(109) Pause Young (Allocation Failure) 681M->207M(1979M) 304.899ms
[76.477s][info][gc,cpu         ] GC(109) User=0.31s Sys=0.00s Real=0.30s
[76.633s][info][gc,start       ] GC(110) Pause Young (Allocation Failure)
[77.134s][info][gc,heap        ] GC(110) DefNew: 629119K(629120K)->69888K(629120K) Eden: 559232K(559232K)->0K(559232K) From: 69887K(69888K)->69888K(69888K)
[77.134s][info][gc,heap        ] GC(110) Tenured: 142305K(1398144K)->212809K(1398144K)
[77.134s][info][gc,metaspace   ] GC(110) Metaspace: 22051K(22400K)->22051K(22400K) NonClass: 19266K(19456K)->19266K(19456K) Class: 2785K(2944K)->2785K(2944K)
[77.135s][info][gc             ] GC(110) Pause Young (Allocation Failure) 753M->276M(1979M) 501.592ms
[77.135s][info][gc,cpu         ] GC(110) User=0.50s Sys=0.00s Real=0.50s
[77.695s][info][gc,start       ] GC(111) Pause Young (Allocation Failure)
[78.004s][info][gc,heap        ] GC(111) DefNew: 629120K(629120K)->59610K(629120K) Eden: 559232K(559232K)->0K(559232K) From: 69888K(69888K)->59610K(69888K)
[78.004s][info][gc,heap        ] GC(111) Tenured: 212809K(1398144K)->247842K(1398144K)
[78.004s][info][gc,metaspace   ] GC(111) Metaspace: 22052K(22400K)->22052K(22400K) NonClass: 19266K(19456K)->19266K(19456K) Class: 2785K(2944K)->2785K(2944K)
[78.004s][info][gc             ] GC(111) Pause Young (Allocation Failure) 822M->300M(1979M) 308.724ms
[78.004s][info][gc,cpu         ] GC(111) User=0.28s Sys=0.00s Real=0.30s
[78.152s][info][gc,start       ] GC(112) Pause Young (Allocation Failure)
[78.587s][info][gc,heap        ] GC(112) DefNew: 618842K(629120K)->69888K(629120K) Eden: 559232K(559232K)->0K(559232K) From: 59610K(69888K)->69888K(69888K)
[78.587s][info][gc,heap        ] GC(112) Tenured: 247842K(1398144K)->306778K(1398144K)
[78.587s][info][gc,metaspace   ] GC(112) Metaspace: 22052K(22400K)->22052K(22400K) NonClass: 19266K(19456K)->19266K(19456K) Class: 2785K(2944K)->2785K(2944K)
[78.587s][info][gc             ] GC(112) Pause Young (Allocation Failure) 846M->367M(1979M) 434.456ms
[78.587s][info][gc,cpu         ] GC(112) User=0.44s Sys=0.00s Real=0.44s
[79.000s][info][gc,start       ] GC(113) Pause Young (Allocation Failure)
[79.298s][info][gc,heap        ] GC(113) DefNew: 629120K(629120K)->61340K(629120K) Eden: 559232K(559232K)->0K(559232K) From: 69888K(69888K)->61340K(69888K)
[79.298s][info][gc,heap        ] GC(113) Tenured: 306778K(1398144K)->342706K(1398144K)
[79.298s][info][gc,metaspace   ] GC(113) Metaspace: 22052K(22400K)->22052K(22400K) NonClass: 19266K(19456K)->19266K(19456K) Class: 2785K(2944K)->2785K(2944K)
[79.298s][info][gc             ] GC(113) Pause Young (Allocation Failure) 913M->394M(1979M) 298.264ms
[79.298s][info][gc,cpu         ] GC(113) User=0.25s Sys=0.00s Real=0.30s
[79.590s][info][gc,start       ] GC(114) Pause Young (Allocation Failure)
[79.909s][info][gc,heap        ] GC(114) DefNew: 620572K(629120K)->69887K(629120K) Eden: 559232K(559232K)->0K(559232K) From: 61340K(69888K)->69887K(69888K)
[79.909s][info][gc,heap        ] GC(114) Tenured: 342706K(1398144K)->381411K(1398144K)
[79.909s][info][gc,metaspace   ] GC(114) Metaspace: 22068K(22400K)->22068K(22400K) NonClass: 19282K(19456K)->19282K(19456K) Class: 2785K(2944K)->2785K(2944K)
[79.909s][info][gc             ] GC(114) Pause Young (Allocation Failure) 940M->440M(1979M) 319.393ms
[79.909s][info][gc,cpu         ] GC(114) User=0.31s Sys=0.00s Real=0.31s
[80.045s][info][gc,start       ] GC(115) Pause Young (Allocation Failure)
[80.493s][info][gc,heap        ] GC(115) DefNew: 629119K(629120K)->69887K(629120K) Eden: 559232K(559232K)->0K(559232K) From: 69887K(69888K)->69887K(69888K)
[80.493s][info][gc,heap        ] GC(115) Tenured: 381411K(1398144K)->442790K(1398144K)
[80.493s][info][gc,metaspace   ] GC(115) Metaspace: 22069K(22400K)->22069K(22400K) NonClass: 19283K(19456K)->19283K(19456K) Class: 2785K(2944K)->2785K(2944K)
[80.493s][info][gc             ] GC(115) Pause Young (Allocation Failure) 986M->500M(1979M) 448.017ms
[80.493s][info][gc,cpu         ] GC(115) User=0.44s Sys=0.00s Real=0.45s
[81.036s][info][gc,start       ] GC(116) Pause Young (Allocation Failure)
[81.296s][info][gc,heap        ] GC(116) DefNew: 629119K(629120K)->46828K(629120K) Eden: 559232K(559232K)->0K(559232K) From: 69887K(69888K)->46828K(69888K)
[81.297s][info][gc,heap        ] GC(116) Tenured: 442790K(1398144K)->475077K(1398144K)
[81.297s][info][gc,metaspace   ] GC(116) Metaspace: 22089K(22400K)->22089K(22400K) NonClass: 19304K(19456K)->19304K(19456K) Class: 2785K(2944K)->2785K(2944K)
[81.297s][info][gc             ] GC(116) Pause Young (Allocation Failure) 1046M->509M(1979M) 260.845ms
[81.297s][info][gc,cpu         ] GC(116) User=0.30s Sys=0.00s Real=0.27s
[81.439s][info][gc,start       ] GC(117) Pause Young (Allocation Failure)
[81.847s][info][gc,heap        ] GC(117) DefNew: 606060K(629120K)->69888K(629120K) Eden: 559232K(559232K)->0K(559232K) From: 46828K(69888K)->69888K(69888K)
[81.847s][info][gc,heap        ] GC(117) Tenured: 475077K(1398144K)->521638K(1398144K)
[81.847s][info][gc,metaspace   ] GC(117) Metaspace: 22090K(22400K)->22090K(22400K) NonClass: 19304K(19456K)->19304K(19456K) Class: 2785K(2944K)->2785K(2944K)
[81.847s][info][gc             ] GC(117) Pause Young (Allocation Failure) 1055M->577M(1979M) 408.446ms
[81.847s][info][gc,cpu         ] GC(117) User=0.38s Sys=0.00s Real=0.41s
[82.023s][info][gc,start       ] GC(118) Pause Young (Allocation Failure)
[82.524s][info][gc,heap        ] GC(118) DefNew: 629120K(629120K)->69887K(629120K) Eden: 559232K(559232K)->0K(559232K) From: 69888K(69888K)->69887K(69888K)
[82.524s][info][gc,heap        ] GC(118) Tenured: 521638K(1398144K)->588667K(1398144K)
[82.524s][info][gc,metaspace   ] GC(118) Metaspace: 22090K(22400K)->22090K(22400K) NonClass: 19305K(19456K)->19305K(19456K) Class: 2785K(2944K)->2785K(2944K)
[82.524s][info][gc             ] GC(118) Pause Young (Allocation Failure) 1123M->643M(1979M) 500.958ms
[82.524s][info][gc,cpu         ] GC(118) User=0.52s Sys=0.00s Real=0.50s
[83.064s][info][gc,start       ] GC(119) Pause Young (Allocation Failure)
[83.376s][info][gc,heap        ] GC(119) DefNew: 629119K(629120K)->62853K(629120K) Eden: 559232K(559232K)->0K(559232K) From: 69887K(69888K)->62853K(69888K)
[83.376s][info][gc,heap        ] GC(119) Tenured: 588667K(1398144K)->621450K(1398144K)
[83.376s][info][gc,metaspace   ] GC(119) Metaspace: 22097K(22400K)->22097K(22400K) NonClass: 19312K(19456K)->19312K(19456K) Class: 2785K(2944K)->2785K(2944K)
[83.376s][info][gc             ] GC(119) Pause Young (Allocation Failure) 1189M->668M(1979M) 311.674ms
[83.376s][info][gc,cpu         ] GC(119) User=0.30s Sys=0.00s Real=0.31s
[83.524s][info][gc,start       ] GC(120) Pause Young (Allocation Failure)
[83.961s][info][gc,heap        ] GC(120) DefNew: 622085K(629120K)->69887K(629120K) Eden: 559232K(559232K)->0K(559232K) From: 62853K(69888K)->69887K(69888K)
[83.961s][info][gc,heap        ] GC(120) Tenured: 621450K(1398144K)->684034K(1398144K)
[83.961s][info][gc,metaspace   ] GC(120) Metaspace: 22097K(22400K)->22097K(22400K) NonClass: 19312K(19456K)->19312K(19456K) Class: 2785K(2944K)->2785K(2944K)
[83.962s][info][gc             ] GC(120) Pause Young (Allocation Failure) 1214M->736M(1979M) 437.053ms
[83.962s][info][gc,cpu         ] GC(120) User=0.42s Sys=0.00s Real=0.44s
[84.421s][info][gc,start       ] GC(121) Pause Young (Allocation Failure)
[84.689s][info][gc,heap        ] GC(121) DefNew: 629119K(629120K)->47234K(629120K) Eden: 559232K(559232K)->0K(559232K) From: 69887K(69888K)->47234K(69888K)
[84.689s][info][gc,heap        ] GC(121) Tenured: 684034K(1398144K)->720108K(1398144K)
[84.689s][info][gc,metaspace   ] GC(121) Metaspace: 22098K(22400K)->22098K(22400K) NonClass: 19312K(19456K)->19312K(19456K) Class: 2785K(2944K)->2785K(2944K)
[84.689s][info][gc             ] GC(121) Pause Young (Allocation Failure) 1282M->749M(1979M) 268.274ms
[84.689s][info][gc,cpu         ] GC(121) User=0.23s Sys=0.00s Real=0.27s
[84.882s][info][gc,start       ] GC(122) Pause Young (Allocation Failure)
[85.226s][info][gc,heap        ] GC(122) DefNew: 606466K(629120K)->69888K(629120K) Eden: 559232K(559232K)->0K(559232K) From: 47234K(69888K)->69888K(69888K)
[85.226s][info][gc,heap        ] GC(122) Tenured: 720108K(1398144K)->756978K(1398144K)
[85.226s][info][gc,metaspace   ] GC(122) Metaspace: 22099K(22400K)->22099K(22400K) NonClass: 19314K(19456K)->19314K(19456K) Class: 2785K(2944K)->2785K(2944K)
[85.226s][info][gc             ] GC(122) Pause Young (Allocation Failure) 1295M->807M(1979M) 343.332ms
[85.226s][info][gc,cpu         ] GC(122) User=0.33s Sys=0.00s Real=0.35s
[85.372s][info][gc,start       ] GC(123) Pause Young (Allocation Failure)
[85.838s][info][gc,heap        ] GC(123) DefNew: 629120K(629120K)->69888K(629120K) Eden: 559232K(559232K)->0K(559232K) From: 69888K(69888K)->69888K(69888K)
[85.839s][info][gc,heap        ] GC(123) Tenured: 756978K(1398144K)->821126K(1398144K)
[85.839s][info][gc,metaspace   ] GC(123) Metaspace: 22099K(22400K)->22099K(22400K) NonClass: 19314K(19456K)->19314K(19456K) Class: 2785K(2944K)->2785K(2944K)
[85.839s][info][gc             ] GC(123) Pause Young (Allocation Failure) 1353M->870M(1979M) 467.047ms
[85.839s][info][gc,cpu         ] GC(123) User=0.47s Sys=0.00s Real=0.47s
[86.429s][info][gc,start       ] GC(124) Pause Young (Allocation Failure)
[86.717s][info][gc,heap        ] GC(124) DefNew: 629120K(629120K)->53123K(629120K) Eden: 559232K(559232K)->0K(559232K) From: 69888K(69888K)->53123K(69888K)
[86.717s][info][gc,heap        ] GC(124) Tenured: 821126K(1398144K)->855694K(1398144K)
[86.717s][info][gc,metaspace   ] GC(124) Metaspace: 22099K(22400K)->22099K(22400K) NonClass: 19314K(19456K)->19314K(19456K) Class: 2785K(2944K)->2785K(2944K)
[86.717s][info][gc             ] GC(124) Pause Young (Allocation Failure) 1416M->887M(1979M) 287.234ms
[86.717s][info][gc,cpu         ] GC(124) User=0.31s Sys=0.00s Real=0.28s
[86.860s][info][gc,start       ] GC(125) Pause Young (Allocation Failure)
[87.300s][info][gc,heap        ] GC(125) DefNew: 612355K(629120K)->69888K(629120K) Eden: 559232K(559232K)->0K(559232K) From: 53123K(69888K)->69888K(69888K)
[87.300s][info][gc,heap        ] GC(125) Tenured: 855694K(1398144K)->907374K(1398144K)
[87.300s][info][gc,metaspace   ] GC(125) Metaspace: 22099K(22400K)->22099K(22400K) NonClass: 19314K(19456K)->19314K(19456K) Class: 2785K(2944K)->2785K(2944K)
[87.300s][info][gc             ] GC(125) Pause Young (Allocation Failure) 1433M->954M(1979M) 439.867ms
[87.300s][info][gc,cpu         ] GC(125) User=0.41s Sys=0.00s Real=0.44s
[87.548s][info][gc,start       ] GC(126) Pause Young (Allocation Failure)
[87.980s][info][gc,heap        ] GC(126) DefNew: 629120K(629120K)->69888K(629120K) Eden: 559232K(559232K)->0K(559232K) From: 69888K(69888K)->69888K(69888K)
[87.980s][info][gc,heap        ] GC(126) Tenured: 907374K(1398144K)->958280K(1398144K)
[87.980s][info][gc,metaspace   ] GC(126) Metaspace: 22099K(22400K)->22099K(22400K) NonClass: 19314K(19456K)->19314K(19456K) Class: 2785K(2944K)->2785K(2944K)
[87.980s][info][gc             ] GC(126) Pause Young (Allocation Failure) 1500M->1004M(1979M) 431.683ms
[87.980s][info][gc,cpu         ] GC(126) User=0.41s Sys=0.00s Real=0.42s
[88.473s][info][gc,start       ] GC(127) Pause Young (Allocation Failure)
[88.802s][info][gc,heap        ] GC(127) DefNew: 629120K(629120K)->66759K(629120K) Eden: 559232K(559232K)->0K(559232K) From: 69888K(69888K)->66759K(69888K)
[88.802s][info][gc,heap        ] GC(127) Tenured: 958280K(1398144K)->992655K(1398144K)
[88.802s][info][gc,metaspace   ] GC(127) Metaspace: 22104K(22400K)->22104K(22400K) NonClass: 19319K(19456K)->19319K(19456K) Class: 2785K(2944K)->2785K(2944K)
[88.802s][info][gc             ] GC(127) Pause Young (Allocation Failure) 1550M->1034M(1979M) 329.226ms
[88.802s][info][gc,cpu         ] GC(127) User=0.30s Sys=0.00s Real=0.34s
[88.942s][info][gc,start       ] GC(128) Pause Young (Allocation Failure)
[89.382s][info][gc,heap        ] GC(128) DefNew: 625991K(629120K)->69887K(629120K) Eden: 559232K(559232K)->0K(559232K) From: 66759K(69888K)->69887K(69888K)
[89.382s][info][gc,heap        ] GC(128) Tenured: 992655K(1398144K)->1052773K(1398144K)
[89.382s][info][gc,metaspace   ] GC(128) Metaspace: 22104K(22400K)->22104K(22400K) NonClass: 19319K(19456K)->19319K(19456K) Class: 2785K(2944K)->2785K(2944K)
[89.382s][info][gc             ] GC(128) Pause Young (Allocation Failure) 1580M->1096M(1979M) 440.138ms
[89.382s][info][gc,cpu         ] GC(128) User=0.41s Sys=0.00s Real=0.44s
[89.930s][info][gc,start       ] GC(129) Pause Young (Allocation Failure)
[90.222s][info][gc,heap        ] GC(129) DefNew: 629119K(629120K)->50258K(629120K) Eden: 559232K(559232K)->0K(559232K) From: 69887K(69888K)->50258K(69888K)
[90.222s][info][gc,heap        ] GC(129) Tenured: 1052773K(1398144K)->1085407K(1398144K)
[90.222s][info][gc,metaspace   ] GC(129) Metaspace: 22104K(22400K)->22104K(22400K) NonClass: 19319K(19456K)->19319K(19456K) Class: 2785K(2944K)->2785K(2944K)
[90.222s][info][gc             ] GC(129) Pause Young (Allocation Failure) 1642M->1109M(1979M) 292.251ms
[90.222s][info][gc,cpu         ] GC(129) User=0.27s Sys=0.00s Real=0.28s
[90.485s][info][gc,start       ] GC(130) Pause Young (Allocation Failure)
[90.857s][info][gc,heap        ] GC(130) DefNew: 609490K(629120K)->69887K(629120K) Eden: 559232K(559232K)->0K(559232K) From: 50258K(69888K)->69887K(69888K)
[90.857s][info][gc,heap        ] GC(130) Tenured: 1085407K(1398144K)->1124412K(1398144K)
[90.857s][info][gc,metaspace   ] GC(130) Metaspace: 22110K(22400K)->22110K(22400K) NonClass: 19325K(19456K)->19325K(19456K) Class: 2785K(2944K)->2785K(2944K)
[90.857s][info][gc             ] GC(130) Pause Young (Allocation Failure) 1655M->1166M(1979M) 372.060ms
[90.857s][info][gc,cpu         ] GC(130) User=0.36s Sys=0.00s Real=0.38s
[91.010s][info][gc,start       ] GC(131) Pause Young (Allocation Failure)
[91.496s][info][gc,heap        ] GC(131) DefNew: 629119K(629120K)->69888K(629120K) Eden: 559232K(559232K)->0K(559232K) From: 69887K(69888K)->69888K(69888K)
[91.496s][info][gc,heap        ] GC(131) Tenured: 1124412K(1398144K)->1190888K(1398144K)
[91.496s][info][gc,metaspace   ] GC(131) Metaspace: 22110K(22400K)->22110K(22400K) NonClass: 19325K(19456K)->19325K(19456K) Class: 2785K(2944K)->2785K(2944K)
[91.496s][info][gc             ] GC(131) Pause Young (Allocation Failure) 1712M->1231M(1979M) 486.557ms
[91.496s][info][gc,cpu         ] GC(131) User=0.47s Sys=0.00s Real=0.49s
[92.054s][info][gc,start       ] GC(132) Pause Young (Allocation Failure)
[92.362s][info][gc,heap        ] GC(132) DefNew: 629120K(629120K)->56284K(629120K) Eden: 559232K(559232K)->0K(559232K) From: 69888K(69888K)->56284K(69888K)
[92.362s][info][gc,heap        ] GC(132) Tenured: 1190888K(1398144K)->1227750K(1398144K)
[92.362s][info][gc,metaspace   ] GC(132) Metaspace: 22111K(22400K)->22111K(22400K) NonClass: 19325K(19456K)->19325K(19456K) Class: 2785K(2944K)->2785K(2944K)
[92.362s][info][gc             ] GC(132) Pause Young (Allocation Failure) 1777M->1253M(1979M) 308.387ms
[92.362s][info][gc,cpu         ] GC(132) User=0.33s Sys=0.00s Real=0.32s
[92.500s][info][gc,start       ] GC(133) Pause Young (Allocation Failure)
[92.925s][info][gc,heap        ] GC(133) DefNew: 615516K(629120K)->69887K(629120K) Eden: 559232K(559232K)->0K(559232K) From: 56284K(69888K)->69887K(69888K)
[92.925s][info][gc,heap        ] GC(133) Tenured: 1227750K(1398144K)->1280963K(1398144K)
[92.925s][info][gc,metaspace   ] GC(133) Metaspace: 22111K(22400K)->22111K(22400K) NonClass: 19325K(19456K)->19325K(19456K) Class: 2785K(2944K)->2785K(2944K)
[92.925s][info][gc             ] GC(133) Pause Young (Allocation Failure) 1800M->1319M(1979M) 425.027ms
[92.925s][info][gc,cpu         ] GC(133) User=0.42s Sys=0.00s Real=0.42s
[93.215s][info][gc,start       ] GC(134) Pause Young (Allocation Failure)
[93.631s][info][gc,heap        ] GC(134) DefNew: 629119K(629120K)->69579K(629120K) Eden: 559232K(559232K)->0K(559232K) From: 69887K(69888K)->69579K(69888K)
[93.631s][info][gc,heap        ] GC(134) Tenured: 1280963K(1398144K)->1323522K(1398144K)
[93.631s][info][gc,metaspace   ] GC(134) Metaspace: 22111K(22400K)->22111K(22400K) NonClass: 19325K(19456K)->19325K(19456K) Class: 2785K(2944K)->2785K(2944K)
[93.631s][info][gc             ] GC(134) Pause Young (Allocation Failure) 1865M->1360M(1979M) 416.384ms
[93.631s][info][gc,cpu         ] GC(134) User=0.41s Sys=0.00s Real=0.42s
[94.047s][info][gc,start       ] GC(135) Pause Full (System.gc())
[94.048s][info][gc,phases,start] GC(135) Phase 1: Mark live objects
[94.215s][info][gc,phases      ] GC(135) Phase 1: Mark live objects 167.439ms
[94.215s][info][gc,phases,start] GC(135) Phase 2: Compute new object addresses
[94.460s][info][gc,phases      ] GC(135) Phase 2: Compute new object addresses 244.618ms
[94.460s][info][gc,phases,start] GC(135) Phase 3: Adjust pointers
[94.540s][info][gc,phases      ] GC(135) Phase 3: Adjust pointers 80.662ms
[94.540s][info][gc,phases,start] GC(135) Phase 4: Move objects
[94.579s][info][gc,phases      ] GC(135) Phase 4: Move objects 38.359ms
[94.579s][info][gc,heap        ] GC(135) DefNew: 328151K(629120K)->0K(629120K) Eden: 258571K(559232K)->0K(559232K) From: 69579K(69888K)->0K(69888K)
[94.579s][info][gc,heap        ] GC(135) Tenured: 1323522K(1398144K)->88792K(1398144K)
[94.579s][info][gc,metaspace   ] GC(135) Metaspace: 22112K(22400K)->22112K(22400K) NonClass: 19327K(19456K)->19327K(19456K) Class: 2785K(2944K)->2785K(2944K)
[94.579s][info][gc             ] GC(135) Pause Full (System.gc()) 1612M->86M(1979M) 531.767ms
[94.579s][info][gc,cpu         ] GC(135) User=0.48s Sys=0.00s Real=0.53s
[94.735s][info][gc,start       ] GC(136) Pause Young (Allocation Failure)
[95.034s][info][gc,heap        ] GC(136) DefNew: 559232K(629120K)->69887K(629120K) Eden: 559232K(559232K)->0K(559232K) From: 0K(69888K)->69887K(69888K)
[95.034s][info][gc,heap        ] GC(136) Tenured: 88792K(1398144K)->92214K(1398144K)
[95.034s][info][gc,metaspace   ] GC(136) Metaspace: 22119K(22464K)->22119K(22464K) NonClass: 19333K(19520K)->19333K(19520K) Class: 2785K(2944K)->2785K(2944K)
[95.034s][info][gc             ] GC(136) Pause Young (Allocation Failure) 632M->158M(1979M) 299.449ms
[95.034s][info][gc,cpu         ] GC(136) User=0.30s Sys=0.00s Real=0.30s
[95.185s][info][gc,start       ] GC(137) Pause Young (Allocation Failure)
[95.663s][info][gc,heap        ] GC(137) DefNew: 629119K(629120K)->69887K(629120K) Eden: 559232K(559232K)->0K(559232K) From: 69887K(69888K)->69887K(69888K)
[95.663s][info][gc,heap        ] GC(137) Tenured: 92214K(1398144K)->159667K(1398144K)
[95.663s][info][gc,metaspace   ] GC(137) Metaspace: 22119K(22464K)->22119K(22464K) NonClass: 19333K(19520K)->19333K(19520K) Class: 2785K(2944K)->2785K(2944K)
[95.663s][info][gc             ] GC(137) Pause Young (Allocation Failure) 704M->224M(1979M) 477.633ms
[95.663s][info][gc,cpu         ] GC(137) User=0.44s Sys=0.00s Real=0.47s
[96.161s][info][gc,start       ] GC(138) Pause Young (Allocation Failure)
[96.480s][info][gc,heap        ] GC(138) DefNew: 629119K(629120K)->62026K(629120K) Eden: 559232K(559232K)->0K(559232K) From: 69887K(69888K)->62026K(69888K)
[96.480s][info][gc,heap        ] GC(138) Tenured: 159667K(1398144K)->196235K(1398144K)
[96.480s][info][gc,metaspace   ] GC(138) Metaspace: 22134K(22464K)->22134K(22464K) NonClass: 19349K(19520K)->19349K(19520K) Class: 2785K(2944K)->2785K(2944K)
[96.480s][info][gc             ] GC(138) Pause Young (Allocation Failure) 770M->252M(1979M) 318.878ms
[96.480s][info][gc,cpu         ] GC(138) User=0.31s Sys=0.00s Real=0.32s
[96.629s][info][gc,start       ] GC(139) Pause Young (Allocation Failure)
[97.086s][info][gc,heap        ] GC(139) DefNew: 621258K(629120K)->69888K(629120K) Eden: 559232K(559232K)->0K(559232K) From: 62026K(69888K)->69888K(69888K)
[97.086s][info][gc,heap        ] GC(139) Tenured: 196235K(1398144K)->258690K(1398144K)
[97.086s][info][gc,metaspace   ] GC(139) Metaspace: 22134K(22464K)->22134K(22464K) NonClass: 19349K(19520K)->19349K(19520K) Class: 2785K(2944K)->2785K(2944K)
[97.086s][info][gc             ] GC(139) Pause Young (Allocation Failure) 798M->320M(1979M) 456.839ms
[97.086s][info][gc,cpu         ] GC(139) User=0.45s Sys=0.00s Real=0.45s
[97.508s][info][gc,start       ] GC(140) Pause Young (Allocation Failure)
[97.811s][info][gc,heap        ] GC(140) DefNew: 629120K(629120K)->61888K(629120K) Eden: 559232K(559232K)->0K(559232K) From: 69888K(69888K)->61888K(69888K)
[97.811s][info][gc,heap        ] GC(140) Tenured: 258690K(1398144K)->293450K(1398144K)
[97.811s][info][gc,metaspace   ] GC(140) Metaspace: 22134K(22464K)->22134K(22464K) NonClass: 19349K(19520K)->19349K(19520K) Class: 2785K(2944K)->2785K(2944K)
[97.811s][info][gc             ] GC(140) Pause Young (Allocation Failure) 867M->347M(1979M) 302.873ms
[97.811s][info][gc,cpu         ] GC(140) User=0.30s Sys=0.00s Real=0.30s
[98.119s][info][gc,start       ] GC(141) Pause Young (Allocation Failure)
[98.442s][info][gc,heap        ] GC(141) DefNew: 621120K(629120K)->69888K(629120K) Eden: 559232K(559232K)->0K(559232K) From: 61888K(69888K)->69888K(69888K)
[98.443s][info][gc,heap        ] GC(141) Tenured: 293450K(1398144K)->331561K(1398144K)
[98.443s][info][gc,metaspace   ] GC(141) Metaspace: 22143K(22464K)->22143K(22464K) NonClass: 19358K(19520K)->19358K(19520K) Class: 2785K(2944K)->2785K(2944K)
[98.443s][info][gc             ] GC(141) Pause Young (Allocation Failure) 893M->392M(1979M) 323.799ms
[98.443s][info][gc,cpu         ] GC(141) User=0.30s Sys=0.00s Real=0.32s
[98.584s][info][gc,start       ] GC(142) Pause Young (Allocation Failure)
[99.084s][info][gc,heap        ] GC(142) DefNew: 629120K(629120K)->69887K(629120K) Eden: 559232K(559232K)->0K(559232K) From: 69888K(69888K)->69887K(69888K)
[99.084s][info][gc,heap        ] GC(142) Tenured: 331561K(1398144K)->395961K(1398144K)
[99.084s][info][gc,metaspace   ] GC(142) Metaspace: 22143K(22464K)->22143K(22464K) NonClass: 19358K(19520K)->19358K(19520K) Class: 2785K(2944K)->2785K(2944K)
[99.084s][info][gc             ] GC(142) Pause Young (Allocation Failure) 938M->454M(1979M) 500.365ms
[99.084s][info][gc,cpu         ] GC(142) User=0.47s Sys=0.00s Real=0.50s
[99.726s][info][gc,start       ] GC(143) Pause Young (Allocation Failure)
[99.990s][info][gc,heap        ] GC(143) DefNew: 629119K(629120K)->43984K(629120K) Eden: 559232K(559232K)->0K(559232K) From: 69887K(69888K)->43984K(69888K)
[99.990s][info][gc,heap        ] GC(143) Tenured: 395961K(1398144K)->429942K(1398144K)
[99.990s][info][gc,metaspace   ] GC(143) Metaspace: 22149K(22464K)->22149K(22464K) NonClass: 19363K(19520K)->19363K(19520K) Class: 2785K(2944K)->2785K(2944K)
[99.990s][info][gc             ] GC(143) Pause Young (Allocation Failure) 1001M->462M(1979M) 264.560ms
[99.990s][info][gc,cpu         ] GC(143) User=0.28s Sys=0.00s Real=0.27s
[100.142s][info][gc,start       ] GC(144) Pause Young (Allocation Failure)
[100.556s][info][gc,heap        ] GC(144) DefNew: 603216K(629120K)->69888K(629120K) Eden: 559232K(559232K)->0K(559232K) From: 43984K(69888K)->69888K(69888K)
[100.556s][info][gc,heap        ] GC(144) Tenured: 429942K(1398144K)->474882K(1398144K)
[100.556s][info][gc,metaspace   ] GC(144) Metaspace: 22149K(22464K)->22149K(22464K) NonClass: 19363K(19520K)->19363K(19520K) Class: 2785K(2944K)->2785K(2944K)
[100.556s][info][gc             ] GC(144) Pause Young (Allocation Failure) 1008M->532M(1979M) 414.019ms
[100.556s][info][gc,cpu         ] GC(144) User=0.39s Sys=0.00s Real=0.41s
[100.723s][info][gc,start       ] GC(145) Pause Young (Allocation Failure)
[101.255s][info][gc,heap        ] GC(145) DefNew: 629120K(629120K)->69888K(629120K) Eden: 559232K(559232K)->0K(559232K) From: 69888K(69888K)->69888K(69888K)
[101.255s][info][gc,heap        ] GC(145) Tenured: 474882K(1398144K)->539663K(1398144K)
[101.255s][info][gc,metaspace   ] GC(145) Metaspace: 22149K(22464K)->22149K(22464K) NonClass: 19363K(19520K)->19363K(19520K) Class: 2785K(2944K)->2785K(2944K)
[101.255s][info][gc             ] GC(145) Pause Young (Allocation Failure) 1078M->595M(1979M) 531.627ms
[101.255s][info][gc,cpu         ] GC(145) User=0.50s Sys=0.00s Real=0.53s
[101.875s][info][gc,start       ] GC(146) Pause Young (Allocation Failure)
[102.198s][info][gc,heap        ] GC(146) DefNew: 629120K(629120K)->64364K(629120K) Eden: 559232K(559232K)->0K(559232K) From: 69888K(69888K)->64364K(69888K)
[102.198s][info][gc,heap        ] GC(146) Tenured: 539663K(1398144K)->571752K(1398144K)
[102.198s][info][gc,metaspace   ] GC(146) Metaspace: 22165K(22464K)->22165K(22464K) NonClass: 19380K(19520K)->19380K(19520K) Class: 2785K(2944K)->2785K(2944K)
[102.198s][info][gc             ] GC(146) Pause Young (Allocation Failure) 1141M->621M(1979M) 322.681ms
[102.198s][info][gc,cpu         ] GC(146) User=0.22s Sys=0.00s Real=0.32s
[102.351s][info][gc,start       ] GC(147) Pause Young (Allocation Failure)
[102.840s][info][gc,heap        ] GC(147) DefNew: 623596K(629120K)->69888K(629120K) Eden: 559232K(559232K)->0K(559232K) From: 64364K(69888K)->69888K(69888K)
[102.840s][info][gc,heap        ] GC(147) Tenured: 571752K(1398144K)->638265K(1398144K)
[102.840s][info][gc,metaspace   ] GC(147) Metaspace: 22165K(22464K)->22165K(22464K) NonClass: 19380K(19520K)->19380K(19520K) Class: 2785K(2944K)->2785K(2944K)
[102.840s][info][gc             ] GC(147) Pause Young (Allocation Failure) 1167M->691M(1979M) 489.571ms
[102.840s][info][gc,cpu         ] GC(147) User=0.44s Sys=0.00s Real=0.49s
[103.467s][info][gc,start       ] GC(148) Pause Young (Allocation Failure)
[103.713s][info][gc,heap        ] GC(148) DefNew: 629120K(629120K)->40451K(629120K) Eden: 559232K(559232K)->0K(559232K) From: 69888K(69888K)->40451K(69888K)
[103.713s][info][gc,heap        ] GC(148) Tenured: 638265K(1398144K)->672681K(1398144K)
[103.713s][info][gc,metaspace   ] GC(148) Metaspace: 22165K(22464K)->22165K(22464K) NonClass: 19380K(19520K)->19380K(19520K) Class: 2785K(2944K)->2785K(2944K)
[103.713s][info][gc             ] GC(148) Pause Young (Allocation Failure) 1237M->696M(1979M) 246.324ms
[103.713s][info][gc,cpu         ] GC(148) User=0.23s Sys=0.00s Real=0.25s
[103.909s][info][gc,start       ] GC(149) Pause Young (Allocation Failure)
[104.323s][info][gc,heap        ] GC(149) DefNew: 599683K(629120K)->69888K(629120K) Eden: 559232K(559232K)->0K(559232K) From: 40451K(69888K)->69888K(69888K)
[104.323s][info][gc,heap        ] GC(149) Tenured: 672681K(1398144K)->723977K(1398144K)
[104.323s][info][gc,metaspace   ] GC(149) Metaspace: 22166K(22464K)->22166K(22464K) NonClass: 19380K(19520K)->19380K(19520K) Class: 2785K(2944K)->2785K(2944K)
[104.323s][info][gc             ] GC(149) Pause Young (Allocation Failure) 1242M->775M(1979M) 414.563ms
[104.323s][info][gc,cpu         ] GC(149) User=0.39s Sys=0.00s Real=0.41s
[104.515s][info][gc,start       ] GC(150) Pause Young (Allocation Failure)
[105.021s][info][gc,heap        ] GC(150) DefNew: 629120K(629120K)->69887K(629120K) Eden: 559232K(559232K)->0K(559232K) From: 69888K(69888K)->69887K(69888K)
[105.021s][info][gc,heap        ] GC(150) Tenured: 723977K(1398144K)->793221K(1398144K)
[105.021s][info][gc,metaspace   ] GC(150) Metaspace: 22166K(22464K)->22166K(22464K) NonClass: 19380K(19520K)->19380K(19520K) Class: 2785K(2944K)->2785K(2944K)
[105.021s][info][gc             ] GC(150) Pause Young (Allocation Failure) 1321M->842M(1979M) 506.010ms
[105.021s][info][gc,cpu         ] GC(150) User=0.48s Sys=0.00s Real=0.50s
[105.508s][info][gc,start       ] GC(151) Pause Young (Allocation Failure)
[105.842s][info][gc,heap        ] GC(151) DefNew: 629119K(629120K)->61321K(629120K) Eden: 559232K(559232K)->0K(559232K) From: 69887K(69888K)->61321K(69888K)
[105.842s][info][gc,heap        ] GC(151) Tenured: 793221K(1398144K)->829506K(1398144K)
[105.842s][info][gc,metaspace   ] GC(151) Metaspace: 22167K(22464K)->22167K(22464K) NonClass: 19382K(19520K)->19382K(19520K) Class: 2785K(2944K)->2785K(2944K)
[105.842s][info][gc             ] GC(151) Pause Young (Allocation Failure) 1389M->869M(1979M) 333.238ms
[105.842s][info][gc,cpu         ] GC(151) User=0.33s Sys=0.00s Real=0.33s
[105.979s][info][gc,start       ] GC(152) Pause Young (Allocation Failure)
[106.408s][info][gc,heap        ] GC(152) DefNew: 620553K(629120K)->68668K(629120K) Eden: 559232K(559232K)->0K(559232K) From: 61321K(69888K)->68668K(69888K)
[106.408s][info][gc,heap        ] GC(152) Tenured: 829506K(1398144K)->882702K(1398144K)
[106.408s][info][gc,metaspace   ] GC(152) Metaspace: 22167K(22464K)->22167K(22464K) NonClass: 19382K(19520K)->19382K(19520K) Class: 2785K(2944K)->2785K(2944K)
[106.408s][info][gc             ] GC(152) Pause Young (Allocation Failure) 1416M->929M(1979M) 429.618ms
[106.408s][info][gc,cpu         ] GC(152) User=0.34s Sys=0.05s Real=0.42s
[106.861s][info][gc,start       ] GC(153) Pause Young (Allocation Failure)
[107.216s][info][gc,heap        ] GC(153) DefNew: 627900K(629120K)->61917K(629120K) Eden: 559232K(559232K)->0K(559232K) From: 68668K(69888K)->61917K(69888K)
[107.216s][info][gc,heap        ] GC(153) Tenured: 882702K(1398144K)->921028K(1398144K)
[107.216s][info][gc,metaspace   ] GC(153) Metaspace: 22168K(22464K)->22168K(22464K) NonClass: 19382K(19520K)->19382K(19520K) Class: 2785K(2944K)->2785K(2944K)
[107.216s][info][gc             ] GC(153) Pause Young (Allocation Failure) 1475M->959M(1979M) 354.471ms
[107.216s][info][gc,cpu         ] GC(153) User=0.34s Sys=0.00s Real=0.35s
[107.594s][info][gc,start       ] GC(154) Pause Young (Allocation Failure)
[107.946s][info][gc,heap        ] GC(154) DefNew: 621149K(629120K)->69435K(629120K) Eden: 559232K(559232K)->0K(559232K) From: 61917K(69888K)->69435K(69888K)
[107.946s][info][gc,heap        ] GC(154) Tenured: 921028K(1398144K)->956028K(1398144K)
[107.946s][info][gc,metaspace   ] GC(154) Metaspace: 22169K(22464K)->22169K(22464K) NonClass: 19384K(19520K)->19384K(19520K) Class: 2785K(2944K)->2785K(2944K)
[107.946s][info][gc             ] GC(154) Pause Young (Allocation Failure) 1506M->1001M(1979M) 352.428ms
[107.946s][info][gc,cpu         ] GC(154) User=0.38s Sys=0.00s Real=0.35s
[108.098s][info][gc,start       ] GC(155) Pause Young (Allocation Failure)
[108.579s][info][gc,heap        ] GC(155) DefNew: 628667K(629120K)->69887K(629120K) Eden: 559232K(559232K)->0K(559232K) From: 69435K(69888K)->69887K(69888K)
[108.579s][info][gc,heap        ] GC(155) Tenured: 956028K(1398144K)->1023972K(1398144K)
[108.579s][info][gc,metaspace   ] GC(155) Metaspace: 22169K(22464K)->22169K(22464K) NonClass: 19384K(19520K)->19384K(19520K) Class: 2785K(2944K)->2785K(2944K)
[108.579s][info][gc             ] GC(155) Pause Young (Allocation Failure) 1547M->1068M(1979M) 481.418ms
[108.579s][info][gc,cpu         ] GC(155) User=0.45s Sys=0.00s Real=0.47s
[109.195s][info][gc,start       ] GC(156) Pause Young (Allocation Failure)
[109.465s][info][gc,heap        ] GC(156) DefNew: 629119K(629120K)->47732K(629120K) Eden: 559232K(559232K)->0K(559232K) From: 69887K(69888K)->47732K(69888K)
[109.465s][info][gc,heap        ] GC(156) Tenured: 1023972K(1398144K)->1057858K(1398144K)
[109.465s][info][gc,metaspace   ] GC(156) Metaspace: 22169K(22464K)->22169K(22464K) NonClass: 19384K(19520K)->19384K(19520K) Class: 2785K(2944K)->2785K(2944K)
[109.465s][info][gc             ] GC(156) Pause Young (Allocation Failure) 1614M->1079M(1979M) 269.991ms
[109.465s][info][gc,cpu         ] GC(156) User=0.28s Sys=0.00s Real=0.28s
[109.603s][info][gc,start       ] GC(157) Pause Young (Allocation Failure)
[110.010s][info][gc,heap        ] GC(157) DefNew: 606964K(629120K)->69887K(629120K) Eden: 559232K(559232K)->0K(559232K) From: 47732K(69888K)->69887K(69888K)
[110.010s][info][gc,heap        ] GC(157) Tenured: 1057858K(1398144K)->1102897K(1398144K)
[110.010s][info][gc,metaspace   ] GC(157) Metaspace: 22169K(22464K)->22169K(22464K) NonClass: 19384K(19520K)->19384K(19520K) Class: 2785K(2944K)->2785K(2944K)
[110.010s][info][gc             ] GC(157) Pause Young (Allocation Failure) 1625M->1145M(1979M) 407.263ms
[110.010s][info][gc,cpu         ] GC(157) User=0.39s Sys=0.00s Real=0.40s
[110.164s][info][gc,start       ] GC(158) Pause Young (Allocation Failure)
[110.630s][info][gc,heap        ] GC(158) DefNew: 629119K(629120K)->69887K(629120K) Eden: 559232K(559232K)->0K(559232K) From: 69887K(69888K)->69887K(69888K)
[110.630s][info][gc,heap        ] GC(158) Tenured: 1102897K(1398144K)->1165095K(1398144K)
[110.630s][info][gc,metaspace   ] GC(158) Metaspace: 22169K(22464K)->22169K(22464K) NonClass: 19384K(19520K)->19384K(19520K) Class: 2785K(2944K)->2785K(2944K)
[110.630s][info][gc             ] GC(158) Pause Young (Allocation Failure) 1691M->1206M(1979M) 466.572ms
[110.630s][info][gc,cpu         ] GC(158) User=0.45s Sys=0.00s Real=0.47s
[111.196s][info][gc,start       ] GC(159) Pause Young (Allocation Failure)
[111.492s][info][gc,heap        ] GC(159) DefNew: 629119K(629120K)->59209K(629120K) Eden: 559232K(559232K)->0K(559232K) From: 69887K(69888K)->59209K(69888K)
[111.492s][info][gc,heap        ] GC(159) Tenured: 1165095K(1398144K)->1199020K(1398144K)
[111.492s][info][gc,metaspace   ] GC(159) Metaspace: 22172K(22464K)->22172K(22464K) NonClass: 19386K(19520K)->19386K(19520K) Class: 2785K(2944K)->2785K(2944K)
[111.492s][info][gc             ] GC(159) Pause Young (Allocation Failure) 1752M->1228M(1979M) 296.073ms
[111.492s][info][gc,cpu         ] GC(159) User=0.27s Sys=0.00s Real=0.30s
[111.645s][info][gc,start       ] GC(160) Pause Young (Allocation Failure)
[112.082s][info][gc,heap        ] GC(160) DefNew: 618441K(629120K)->69888K(629120K) Eden: 559232K(559232K)->0K(559232K) From: 59209K(69888K)->69888K(69888K)
[112.082s][info][gc,heap        ] GC(160) Tenured: 1199020K(1398144K)->1257489K(1398144K)
[112.082s][info][gc,metaspace   ] GC(160) Metaspace: 22172K(22464K)->22172K(22464K) NonClass: 19386K(19520K)->19386K(19520K) Class: 2785K(2944K)->2785K(2944K)
[112.083s][info][gc             ] GC(160) Pause Young (Allocation Failure) 1774M->1296M(1979M) 437.516ms
[112.083s][info][gc,cpu         ] GC(160) User=0.44s Sys=0.00s Real=0.44s
[112.461s][info][gc,start       ] GC(161) Pause Young (Allocation Failure)
[112.774s][info][gc,heap        ] GC(161) DefNew: 629120K(629120K)->63810K(629120K) Eden: 559232K(559232K)->0K(559232K) From: 69888K(69888K)->63810K(69888K)
[112.774s][info][gc,heap        ] GC(161) Tenured: 1257489K(1398144K)->1294051K(1398144K)
[112.774s][info][gc,metaspace   ] GC(161) Metaspace: 22172K(22464K)->22172K(22464K) NonClass: 19386K(19520K)->19386K(19520K) Class: 2785K(2944K)->2785K(2944K)
[112.774s][info][gc             ] GC(161) Pause Young (Allocation Failure) 1842M->1326M(1979M) 313.479ms
[112.774s][info][gc,cpu         ] GC(161) User=0.30s Sys=0.00s Real=0.32s
[112.990s][info][gc,start       ] GC(162) Pause Full (System.gc())
[112.990s][info][gc,phases,start] GC(162) Phase 1: Mark live objects
[113.160s][info][gc,phases      ] GC(162) Phase 1: Mark live objects 169.967ms
[113.160s][info][gc,phases,start] GC(162) Phase 2: Compute new object addresses
[113.390s][info][gc,phases      ] GC(162) Phase 2: Compute new object addresses 229.580ms
[113.390s][info][gc,phases,start] GC(162) Phase 3: Adjust pointers
[113.468s][info][gc,phases      ] GC(162) Phase 3: Adjust pointers 78.502ms
[113.468s][info][gc,phases,start] GC(162) Phase 4: Move objects
[113.502s][info][gc,phases      ] GC(162) Phase 4: Move objects 33.383ms
[113.502s][info][gc,heap        ] GC(162) DefNew: 211026K(629120K)->0K(629120K) Eden: 147215K(559232K)->0K(559232K) From: 63810K(69888K)->0K(69888K)
[113.502s][info][gc,heap        ] GC(162) Tenured: 1294051K(1398144K)->149914K(1398144K)
[113.502s][info][gc,metaspace   ] GC(162) Metaspace: 22173K(22464K)->22173K(22464K) NonClass: 19387K(19520K)->19387K(19520K) Class: 2785K(2944K)->2785K(2944K)
[113.502s][info][gc             ] GC(162) Pause Full (System.gc()) 1469M->146M(1979M) 512.190ms
[113.502s][info][gc,cpu         ] GC(162) User=0.50s Sys=0.00s Real=0.52s
[113.692s][info][gc,start       ] GC(163) Pause Young (Allocation Failure)
[114.012s][info][gc,heap        ] GC(163) DefNew: 559232K(629120K)->69888K(629120K) Eden: 559232K(559232K)->0K(559232K) From: 0K(69888K)->69888K(69888K)
[114.012s][info][gc,heap        ] GC(163) Tenured: 149914K(1398144K)->159203K(1398144K)
[114.012s][info][gc,metaspace   ] GC(163) Metaspace: 22175K(22464K)->22175K(22464K) NonClass: 19389K(19520K)->19389K(19520K) Class: 2785K(2944K)->2785K(2944K)
[114.013s][info][gc             ] GC(163) Pause Young (Allocation Failure) 692M->223M(1979M) 320.092ms
[114.013s][info][gc,cpu         ] GC(163) User=0.31s Sys=0.00s Real=0.32s
[114.163s][info][gc,start       ] GC(164) Pause Young (Allocation Failure)
[114.644s][info][gc,heap        ] GC(164) DefNew: 629120K(629120K)->69887K(629120K) Eden: 559232K(559232K)->0K(559232K) From: 69888K(69888K)->69887K(69888K)
[114.644s][info][gc,heap        ] GC(164) Tenured: 159203K(1398144K)->229138K(1398144K)
[114.644s][info][gc,metaspace   ] GC(164) Metaspace: 22175K(22464K)->22175K(22464K) NonClass: 19389K(19520K)->19389K(19520K) Class: 2785K(2944K)->2785K(2944K)
[114.644s][info][gc             ] GC(164) Pause Young (Allocation Failure) 769M->292M(1979M) 480.193ms
[114.644s][info][gc,cpu         ] GC(164) User=0.47s Sys=0.00s Real=0.47s
[115.151s][info][gc,start       ] GC(165) Pause Young (Allocation Failure)
[115.497s][info][gc,heap        ] GC(165) DefNew: 629119K(629120K)->67917K(629120K) Eden: 559232K(559232K)->0K(559232K) From: 69887K(69888K)->67917K(69888K)
[115.497s][info][gc,heap        ] GC(165) Tenured: 229138K(1398144K)->265169K(1398144K)
[115.497s][info][gc,metaspace   ] GC(165) Metaspace: 22176K(22528K)->22176K(22528K) NonClass: 19390K(19584K)->19390K(19584K) Class: 2785K(2944K)->2785K(2944K)
[115.497s][info][gc             ] GC(165) Pause Young (Allocation Failure) 838M->325M(1979M) 345.764ms
[115.497s][info][gc,cpu         ] GC(165) User=0.34s Sys=0.00s Real=0.35s
[115.639s][info][gc,start       ] GC(166) Pause Young (Allocation Failure)
[116.103s][info][gc,heap        ] GC(166) DefNew: 627149K(629120K)->69887K(629120K) Eden: 559232K(559232K)->0K(559232K) From: 67917K(69888K)->69887K(69888K)
[116.103s][info][gc,heap        ] GC(166) Tenured: 265169K(1398144K)->328071K(1398144K)
[116.103s][info][gc,metaspace   ] GC(166) Metaspace: 22176K(22528K)->22176K(22528K) NonClass: 19390K(19584K)->19390K(19584K) Class: 2785K(2944K)->2785K(2944K)
[116.103s][info][gc             ] GC(166) Pause Young (Allocation Failure) 871M->388M(1979M) 464.732ms
[116.103s][info][gc,cpu         ] GC(166) User=0.42s Sys=0.00s Real=0.47s
[116.602s][info][gc,start       ] GC(167) Pause Young (Allocation Failure)
[116.877s][info][gc,heap        ] GC(167) DefNew: 629119K(629120K)->52848K(629120K) Eden: 559232K(559232K)->0K(559232K) From: 69887K(69888K)->52848K(69888K)
[116.878s][info][gc,heap        ] GC(167) Tenured: 328071K(1398144K)->363863K(1398144K)
[116.878s][info][gc,metaspace   ] GC(167) Metaspace: 22177K(22528K)->22177K(22528K) NonClass: 19392K(19584K)->19392K(19584K) Class: 2785K(2944K)->2785K(2944K)
[116.878s][info][gc             ] GC(167) Pause Young (Allocation Failure) 934M->406M(1979M) 275.239ms
[116.878s][info][gc,cpu         ] GC(167) User=0.25s Sys=0.00s Real=0.28s
[117.252s][info][gc,start       ] GC(168) Pause Young (Allocation Failure)
[117.561s][info][gc,heap        ] GC(168) DefNew: 612080K(629120K)->68124K(629120K) Eden: 559232K(559232K)->0K(559232K) From: 52848K(69888K)->68124K(69888K)
[117.561s][info][gc,heap        ] GC(168) Tenured: 363863K(1398144K)->397123K(1398144K)
[117.561s][info][gc,metaspace   ] GC(168) Metaspace: 22182K(22528K)->22182K(22528K) NonClass: 19396K(19584K)->19396K(19584K) Class: 2785K(2944K)->2785K(2944K)
[117.561s][info][gc             ] GC(168) Pause Young (Allocation Failure) 953M->454M(1979M) 309.001ms
[117.561s][info][gc,cpu         ] GC(168) User=0.31s Sys=0.00s Real=0.31s
[117.699s][info][gc,start       ] GC(169) Pause Young (Allocation Failure)
[118.150s][info][gc,heap        ] GC(169) DefNew: 627356K(629120K)->69887K(629120K) Eden: 559232K(559232K)->0K(559232K) From: 68124K(69888K)->69887K(69888K)
[118.150s][info][gc,heap        ] GC(169) Tenured: 397123K(1398144K)->457221K(1398144K)
[118.150s][info][gc,metaspace   ] GC(169) Metaspace: 22182K(22528K)->22182K(22528K) NonClass: 19396K(19584K)->19396K(19584K) Class: 2785K(2944K)->2785K(2944K)
[118.150s][info][gc             ] GC(169) Pause Young (Allocation Failure) 1000M->514M(1979M) 450.661ms
[118.150s][info][gc,cpu         ] GC(169) User=0.44s Sys=0.00s Real=0.44s
[118.718s][info][gc,start       ] GC(170) Pause Young (Allocation Failure)
[119.017s][info][gc,heap        ] GC(170) DefNew: 629119K(629120K)->57642K(629120K) Eden: 559232K(559232K)->0K(559232K) From: 69887K(69888K)->57642K(69888K)
[119.017s][info][gc,heap        ] GC(170) Tenured: 457221K(1398144K)->489279K(1398144K)
[119.017s][info][gc,metaspace   ] GC(170) Metaspace: 22192K(22528K)->22192K(22528K) NonClass: 19406K(19584K)->19406K(19584K) Class: 2785K(2944K)->2785K(2944K)
[119.017s][info][gc             ] GC(170) Pause Young (Allocation Failure) 1060M->534M(1979M) 299.503ms
[119.017s][info][gc,cpu         ] GC(170) User=0.33s Sys=0.00s Real=0.30s
[119.166s][info][gc,start       ] GC(171) Pause Young (Allocation Failure)
[119.613s][info][gc,heap        ] GC(171) DefNew: 616874K(629120K)->69888K(629120K) Eden: 559232K(559232K)->0K(559232K) From: 57642K(69888K)->69888K(69888K)
[119.613s][info][gc,heap        ] GC(171) Tenured: 489279K(1398144K)->547925K(1398144K)
[119.613s][info][gc,metaspace   ] GC(171) Metaspace: 22192K(22528K)->22192K(22528K) NonClass: 19406K(19584K)->19406K(19584K) Class: 2785K(2944K)->2785K(2944K)
[119.613s][info][gc             ] GC(171) Pause Young (Allocation Failure) 1080M->603M(1979M) 447.027ms
[119.613s][info][gc,cpu         ] GC(171) User=0.39s Sys=0.02s Real=0.46s
[119.896s][info][gc,start       ] GC(172) Pause Young (Allocation Failure)
[120.286s][info][gc,heap        ] GC(172) DefNew: 629120K(629120K)->69888K(629120K) Eden: 559232K(559232K)->0K(559232K) From: 69888K(69888K)->69888K(69888K)
[120.286s][info][gc,heap        ] GC(172) Tenured: 547925K(1398144K)->590524K(1398144K)
[120.286s][info][gc,metaspace   ] GC(172) Metaspace: 22192K(22528K)->22192K(22528K) NonClass: 19406K(19584K)->19406K(19584K) Class: 2785K(2944K)->2785K(2944K)
[120.287s][info][gc             ] GC(172) Pause Young (Allocation Failure) 1149M->644M(1979M) 390.841ms
[120.287s][info][gc,cpu         ] GC(172) User=0.39s Sys=0.00s Real=0.39s
[120.712s][info][gc,start       ] GC(173) Pause Young (Allocation Failure)
[121.016s][info][gc,heap        ] GC(173) DefNew: 629120K(629120K)->62525K(629120K) Eden: 559232K(559232K)->0K(559232K) From: 69888K(69888K)->62525K(69888K)
[121.016s][info][gc,heap        ] GC(173) Tenured: 590524K(1398144K)->626149K(1398144K)
[121.016s][info][gc,metaspace   ] GC(173) Metaspace: 22207K(22592K)->22207K(22592K) NonClass: 19421K(19648K)->19421K(19648K) Class: 2785K(2944K)->2785K(2944K)
[121.016s][info][gc             ] GC(173) Pause Young (Allocation Failure) 1191M->672M(1979M) 304.710ms
[121.016s][info][gc,cpu         ] GC(173) User=0.30s Sys=0.00s Real=0.30s
[121.164s][info][gc,start       ] GC(174) Pause Young (Allocation Failure)
[121.625s][info][gc,heap        ] GC(174) DefNew: 621757K(629120K)->69888K(629120K) Eden: 559231K(559232K)->0K(559232K) From: 62525K(69888K)->69888K(69888K)
[121.625s][info][gc,heap        ] GC(174) Tenured: 626149K(1398144K)->687799K(1398144K)
[121.625s][info][gc,metaspace   ] GC(174) Metaspace: 22207K(22592K)->22207K(22592K) NonClass: 19421K(19648K)->19421K(19648K) Class: 2785K(2944K)->2785K(2944K)
[121.625s][info][gc             ] GC(174) Pause Young (Allocation Failure) 1218M->739M(1979M) 460.598ms
[121.625s][info][gc,cpu         ] GC(174) User=0.45s Sys=0.00s Real=0.46s
[122.216s][info][gc,start       ] GC(175) Pause Young (Allocation Failure)
[122.452s][info][gc,heap        ] GC(175) DefNew: 629120K(629120K)->39944K(629120K) Eden: 559232K(559232K)->0K(559232K) From: 69888K(69888K)->39944K(69888K)
[122.452s][info][gc,heap        ] GC(175) Tenured: 687799K(1398144K)->722471K(1398144K)
[122.452s][info][gc,metaspace   ] GC(175) Metaspace: 22216K(22592K)->22216K(22592K) NonClass: 19430K(19648K)->19430K(19648K) Class: 2785K(2944K)->2785K(2944K)
[122.452s][info][gc             ] GC(175) Pause Young (Allocation Failure) 1286M->744M(1979M) 236.199ms
[122.452s][info][gc,cpu         ] GC(175) User=0.27s Sys=0.00s Real=0.24s
[122.610s][info][gc,start       ] GC(176) Pause Young (Allocation Failure)
[123.008s][info][gc,heap        ] GC(176) DefNew: 599176K(629120K)->69888K(629120K) Eden: 559232K(559232K)->0K(559232K) From: 39944K(69888K)->69888K(69888K)
[123.009s][info][gc,heap        ] GC(176) Tenured: 722471K(1398144K)->769260K(1398144K)
[123.009s][info][gc,metaspace   ] GC(176) Metaspace: 22216K(22592K)->22216K(22592K) NonClass: 19430K(19648K)->19430K(19648K) Class: 2785K(2944K)->2785K(2944K)
[123.009s][info][gc             ] GC(176) Pause Young (Allocation Failure) 1290M->819M(1979M) 398.607ms
[123.009s][info][gc,cpu         ] GC(176) User=0.38s Sys=0.00s Real=0.39s
[123.158s][info][gc,start       ] GC(177) Pause Young (Allocation Failure)
[123.653s][info][gc,heap        ] GC(177) DefNew: 629120K(629120K)->69888K(629120K) Eden: 559232K(559232K)->0K(559232K) From: 69888K(69888K)->69888K(69888K)
[123.653s][info][gc,heap        ] GC(177) Tenured: 769260K(1398144K)->837998K(1398144K)
[123.653s][info][gc,metaspace   ] GC(177) Metaspace: 22216K(22592K)->22216K(22592K) NonClass: 19430K(19648K)->19430K(19648K) Class: 2785K(2944K)->2785K(2944K)
[123.653s][info][gc             ] GC(177) Pause Young (Allocation Failure) 1365M->886M(1979M) 495.359ms
[123.653s][info][gc,cpu         ] GC(177) User=0.47s Sys=0.00s Real=0.49s
[124.217s][info][gc,start       ] GC(178) Pause Young (Allocation Failure)
[124.531s][info][gc,heap        ] GC(178) DefNew: 629120K(629120K)->62460K(629120K) Eden: 559232K(559232K)->0K(559232K) From: 69888K(69888K)->62460K(69888K)
[124.531s][info][gc,heap        ] GC(178) Tenured: 837998K(1398144K)->871273K(1398144K)
[124.531s][info][gc,metaspace   ] GC(178) Metaspace: 22235K(22592K)->22235K(22592K) NonClass: 19449K(19648K)->19449K(19648K) Class: 2785K(2944K)->2785K(2944K)
[124.531s][info][gc             ] GC(178) Pause Young (Allocation Failure) 1432M->911M(1979M) 314.281ms
[124.531s][info][gc,cpu         ] GC(178) User=0.33s Sys=0.00s Real=0.32s
[124.677s][info][gc,start       ] GC(179) Pause Young (Allocation Failure)
[125.128s][info][gc,heap        ] GC(179) DefNew: 621692K(629120K)->69888K(629120K) Eden: 559232K(559232K)->0K(559232K) From: 62460K(69888K)->69888K(69888K)
[125.128s][info][gc,heap        ] GC(179) Tenured: 871273K(1398144K)->929863K(1398144K)
[125.128s][info][gc,metaspace   ] GC(179) Metaspace: 22235K(22592K)->22235K(22592K) NonClass: 19449K(19648K)->19449K(19648K) Class: 2785K(2944K)->2785K(2944K)
[125.128s][info][gc             ] GC(179) Pause Young (Allocation Failure) 1457M->976M(1979M) 450.637ms
[125.128s][info][gc,cpu         ] GC(179) User=0.44s Sys=0.00s Real=0.44s
[125.566s][info][gc,start       ] GC(180) Pause Young (Allocation Failure)
[125.860s][info][gc,heap        ] GC(180) DefNew: 629120K(629120K)->60927K(629120K) Eden: 559232K(559232K)->0K(559232K) From: 69888K(69888K)->60927K(69888K)
[125.860s][info][gc,heap        ] GC(180) Tenured: 929863K(1398144K)->965554K(1398144K)
[125.860s][info][gc,metaspace   ] GC(180) Metaspace: 22235K(22592K)->22235K(22592K) NonClass: 19449K(19648K)->19449K(19648K) Class: 2785K(2944K)->2785K(2944K)
[125.860s][info][gc             ] GC(180) Pause Young (Allocation Failure) 1522M->1002M(1979M) 294.061ms
[125.860s][info][gc,cpu         ] GC(180) User=0.28s Sys=0.00s Real=0.30s
[126.140s][info][gc,start       ] GC(181) Pause Young (Allocation Failure)
[126.465s][info][gc,heap        ] GC(181) DefNew: 620159K(629120K)->69655K(629120K) Eden: 559232K(559232K)->0K(559232K) From: 60927K(69888K)->69655K(69888K)
[126.465s][info][gc,heap        ] GC(181) Tenured: 965554K(1398144K)->1003423K(1398144K)
[126.465s][info][gc,metaspace   ] GC(181) Metaspace: 22236K(22592K)->22236K(22592K) NonClass: 19450K(19648K)->19450K(19648K) Class: 2785K(2944K)->2785K(2944K)
[126.465s][info][gc             ] GC(181) Pause Young (Allocation Failure) 1548M->1047M(1979M) 324.459ms
[126.465s][info][gc,cpu         ] GC(181) User=0.34s Sys=0.00s Real=0.31s
[126.621s][info][gc,start       ] GC(182) Pause Young (Allocation Failure)
[127.110s][info][gc,heap        ] GC(182) DefNew: 628887K(629120K)->69888K(629120K) Eden: 559232K(559232K)->0K(559232K) From: 69655K(69888K)->69888K(69888K)
[127.110s][info][gc,heap        ] GC(182) Tenured: 1003423K(1398144K)->1070529K(1398144K)
[127.110s][info][gc,metaspace   ] GC(182) Metaspace: 22236K(22592K)->22236K(22592K) NonClass: 19450K(19648K)->19450K(19648K) Class: 2785K(2944K)->2785K(2944K)
[127.110s][info][gc             ] GC(182) Pause Young (Allocation Failure) 1594M->1113M(1979M) 488.609ms
[127.110s][info][gc,cpu         ] GC(182) User=0.47s Sys=0.00s Real=0.49s
[127.687s][info][gc,start       ] GC(183) Pause Young (Allocation Failure)
[127.960s][info][gc,heap        ] GC(183) DefNew: 629120K(629120K)->48255K(629120K) Eden: 559232K(559232K)->0K(559232K) From: 69888K(69888K)->48255K(69888K)
[127.960s][info][gc,heap        ] GC(183) Tenured: 1070529K(1398144K)->1105811K(1398144K)
[127.960s][info][gc,metaspace   ] GC(183) Metaspace: 22245K(22592K)->22245K(22592K) NonClass: 19459K(19648K)->19459K(19648K) Class: 2785K(2944K)->2785K(2944K)
[127.960s][info][gc             ] GC(183) Pause Young (Allocation Failure) 1659M->1127M(1979M) 272.929ms
[127.960s][info][gc,cpu         ] GC(183) User=0.31s Sys=0.00s Real=0.27s
[128.106s][info][gc,start       ] GC(184) Pause Young (Allocation Failure)
[128.513s][info][gc,heap        ] GC(184) DefNew: 607487K(629120K)->69887K(629120K) Eden: 559231K(559232K)->0K(559232K) From: 48255K(69888K)->69887K(69888K)
[128.513s][info][gc,heap        ] GC(184) Tenured: 1105811K(1398144K)->1152179K(1398144K)
[128.513s][info][gc,metaspace   ] GC(184) Metaspace: 22245K(22592K)->22245K(22592K) NonClass: 19459K(19648K)->19459K(19648K) Class: 2785K(2944K)->2785K(2944K)
[128.513s][info][gc             ] GC(184) Pause Young (Allocation Failure) 1673M->1193M(1979M) 406.397ms
[128.513s][info][gc,cpu         ] GC(184) User=0.38s Sys=0.00s Real=0.39s
[128.741s][info][gc,start       ] GC(185) Pause Young (Allocation Failure)
[129.209s][info][gc,heap        ] GC(185) DefNew: 629119K(629120K)->69888K(629120K) Eden: 559232K(559232K)->0K(559232K) From: 69887K(69888K)->69888K(69888K)
[129.209s][info][gc,heap        ] GC(185) Tenured: 1152179K(1398144K)->1205858K(1398144K)
[129.209s][info][gc,metaspace   ] GC(185) Metaspace: 22245K(22592K)->22245K(22592K) NonClass: 19459K(19648K)->19459K(19648K) Class: 2785K(2944K)->2785K(2944K)
[129.209s][info][gc             ] GC(185) Pause Young (Allocation Failure) 1739M->1245M(1979M) 468.146ms
[129.209s][info][gc,cpu         ] GC(185) User=0.45s Sys=0.00s Real=0.45s
[129.665s][info][gc,start       ] GC(186) Pause Young (Allocation Failure)
[129.981s][info][gc,heap        ] GC(186) DefNew: 629120K(629120K)->61043K(629120K) Eden: 559232K(559232K)->0K(559232K) From: 69888K(69888K)->61043K(69888K)
[129.981s][info][gc,heap        ] GC(186) Tenured: 1205858K(1398144K)->1238887K(1398144K)
[129.981s][info][gc,metaspace   ] GC(186) Metaspace: 22245K(22592K)->22245K(22592K) NonClass: 19459K(19648K)->19459K(19648K) Class: 2785K(2944K)->2785K(2944K)
[129.981s][info][gc             ] GC(186) Pause Young (Allocation Failure) 1791M->1269M(1979M) 315.417ms
[129.981s][info][gc,cpu         ] GC(186) User=0.31s Sys=0.00s Real=0.31s
[130.131s][info][gc,start       ] GC(187) Pause Young (Allocation Failure)
[130.571s][info][gc,heap        ] GC(187) DefNew: 620275K(629120K)->69888K(629120K) Eden: 559232K(559232K)->0K(559232K) From: 61043K(69888K)->69888K(69888K)
[130.571s][info][gc,heap        ] GC(187) Tenured: 1238887K(1398144K)->1297459K(1398144K)
[130.571s][info][gc,metaspace   ] GC(187) Metaspace: 22245K(22592K)->22245K(22592K) NonClass: 19459K(19648K)->19459K(19648K) Class: 2785K(2944K)->2785K(2944K)
[130.571s][info][gc             ] GC(187) Pause Young (Allocation Failure) 1815M->1335M(1979M) 439.972ms
[130.571s][info][gc,cpu         ] GC(187) User=0.41s Sys=0.00s Real=0.44s
[131.057s][info][gc,start       ] GC(188) Pause Young (Allocation Failure)
[131.313s][info][gc,heap        ] GC(188) DefNew: 629120K(629120K)->46307K(629120K) Eden: 559232K(559232K)->0K(559232K) From: 69888K(69888K)->46307K(69888K)
[131.313s][info][gc,heap        ] GC(188) Tenured: 1297459K(1398144K)->1333721K(1398144K)
[131.313s][info][gc,metaspace   ] GC(188) Metaspace: 22245K(22592K)->22245K(22592K) NonClass: 19459K(19648K)->19459K(19648K) Class: 2785K(2944K)->2785K(2944K)
[131.313s][info][gc             ] GC(188) Pause Young (Allocation Failure) 1881M->1347M(1979M) 256.228ms
[131.313s][info][gc,cpu         ] GC(188) User=0.25s Sys=0.00s Real=0.25s
[131.376s][info][gc,start       ] GC(189) Pause Full (System.gc())
[131.377s][info][gc,phases,start] GC(189) Phase 1: Mark live objects
[131.552s][info][gc,phases      ] GC(189) Phase 1: Mark live objects 175.161ms
[131.552s][info][gc,phases,start] GC(189) Phase 2: Compute new object addresses
[131.760s][info][gc,phases      ] GC(189) Phase 2: Compute new object addresses 208.404ms
[131.760s][info][gc,phases,start] GC(189) Phase 3: Adjust pointers
[131.822s][info][gc,phases      ] GC(189) Phase 3: Adjust pointers 62.218ms
[131.822s][info][gc,phases,start] GC(189) Phase 4: Move objects
[131.847s][info][gc,phases      ] GC(189) Phase 4: Move objects 24.883ms
[131.848s][info][gc,heap        ] GC(189) DefNew: 67023K(629120K)->0K(629120K) Eden: 20716K(559232K)->0K(559232K) From: 46307K(69888K)->0K(69888K)
[131.848s][info][gc,heap        ] GC(189) Tenured: 1333721K(1398144K)->155696K(1398144K)
[131.848s][info][gc,metaspace   ] GC(189) Metaspace: 22245K(22592K)->22245K(22592K) NonClass: 19459K(19648K)->19459K(19648K) Class: 2785K(2944K)->2785K(2944K)
[131.848s][info][gc             ] GC(189) Pause Full (System.gc()) 1367M->152M(1979M) 471.324ms
[131.848s][info][gc,cpu         ] GC(189) User=0.41s Sys=0.00s Real=0.47s
[131.999s][info][gc,start       ] GC(190) Pause Young (Allocation Failure)
[132.305s][info][gc,heap        ] GC(190) DefNew: 559232K(629120K)->69887K(629120K) Eden: 559232K(559232K)->0K(559232K) From: 0K(69888K)->69887K(69888K)
[132.305s][info][gc,heap        ] GC(190) Tenured: 155696K(1398144K)->159031K(1398144K)
[132.305s][info][gc,metaspace   ] GC(190) Metaspace: 22246K(22592K)->22246K(22592K) NonClass: 19460K(19648K)->19460K(19648K) Class: 2785K(2944K)->2785K(2944K)
[132.305s][info][gc             ] GC(190) Pause Young (Allocation Failure) 698M->223M(1979M) 306.063ms
[132.305s][info][gc,cpu         ] GC(190) User=0.28s Sys=0.00s Real=0.30s
[132.459s][info][gc,start       ] GC(191) Pause Young (Allocation Failure)
[132.939s][info][gc,heap        ] GC(191) DefNew: 629119K(629120K)->69888K(629120K) Eden: 559232K(559232K)->0K(559232K) From: 69887K(69888K)->69888K(69888K)
[132.939s][info][gc,heap        ] GC(191) Tenured: 159031K(1398144K)->225731K(1398144K)
[132.939s][info][gc,metaspace   ] GC(191) Metaspace: 22246K(22592K)->22246K(22592K) NonClass: 19460K(19648K)->19460K(19648K) Class: 2785K(2944K)->2785K(2944K)
[132.939s][info][gc             ] GC(191) Pause Young (Allocation Failure) 769M->288M(1979M) 480.137ms
[132.939s][info][gc,cpu         ] GC(191) User=0.47s Sys=0.00s Real=0.49s
[133.489s][info][gc,start       ] GC(192) Pause Young (Allocation Failure)
[133.791s][info][gc,heap        ] GC(192) DefNew: 629120K(629120K)->57730K(629120K) Eden: 559232K(559232K)->0K(559232K) From: 69888K(69888K)->57730K(69888K)
[133.791s][info][gc,heap        ] GC(192) Tenured: 225731K(1398144K)->263425K(1398144K)
[133.791s][info][gc,metaspace   ] GC(192) Metaspace: 22246K(22592K)->22246K(22592K) NonClass: 19460K(19648K)->19460K(19648K) Class: 2785K(2944K)->2785K(2944K)
[133.791s][info][gc             ] GC(192) Pause Young (Allocation Failure) 834M->313M(1979M) 302.241ms
[133.791s][info][gc,cpu         ] GC(192) User=0.23s Sys=0.02s Real=0.30s
[133.929s][info][gc,start       ] GC(193) Pause Young (Allocation Failure)
[134.347s][info][gc,heap        ] GC(193) DefNew: 616962K(629120K)->69888K(629120K) Eden: 559232K(559232K)->0K(559232K) From: 57730K(69888K)->69888K(69888K)
[134.347s][info][gc,heap        ] GC(193) Tenured: 263425K(1398144K)->317313K(1398144K)
[134.347s][info][gc,metaspace   ] GC(193) Metaspace: 22246K(22592K)->22246K(22592K) NonClass: 19460K(19648K)->19460K(19648K) Class: 2785K(2944K)->2785K(2944K)
[134.347s][info][gc             ] GC(193) Pause Young (Allocation Failure) 859M->378M(1979M) 417.850ms
[134.347s][info][gc,cpu         ] GC(193) User=0.42s Sys=0.00s Real=0.42s
[134.702s][info][gc,start       ] GC(194) Pause Young (Allocation Failure)
[135.060s][info][gc,heap        ] GC(194) DefNew: 629120K(629120K)->68474K(629120K) Eden: 559232K(559232K)->0K(559232K) From: 69888K(69888K)->68474K(69888K)
[135.060s][info][gc,heap        ] GC(194) Tenured: 317313K(1398144K)->354785K(1398144K)
[135.060s][info][gc,metaspace   ] GC(194) Metaspace: 22246K(22592K)->22246K(22592K) NonClass: 19460K(19648K)->19460K(19648K) Class: 2785K(2944K)->2785K(2944K)
[135.060s][info][gc             ] GC(194) Pause Young (Allocation Failure) 924M->413M(1979M) 358.154ms
[135.060s][info][gc,cpu         ] GC(194) User=0.34s Sys=0.00s Real=0.36s
[135.439s][info][gc,start       ] GC(195) Pause Young (Allocation Failure)
[135.765s][info][gc,heap        ] GC(195) DefNew: 627706K(629120K)->69887K(629120K) Eden: 559232K(559232K)->0K(559232K) From: 68474K(69888K)->69887K(69888K)
[135.765s][info][gc,heap        ] GC(195) Tenured: 354785K(1398144K)->393883K(1398144K)
[135.765s][info][gc,metaspace   ] GC(195) Metaspace: 22246K(22592K)->22246K(22592K) NonClass: 19460K(19648K)->19460K(19648K) Class: 2785K(2944K)->2785K(2944K)
[135.765s][info][gc             ] GC(195) Pause Young (Allocation Failure) 959M->452M(1979M) 326.389ms
[135.765s][info][gc,cpu         ] GC(195) User=0.25s Sys=0.00s Real=0.33s
[135.911s][info][gc,start       ] GC(196) Pause Young (Allocation Failure)
[136.353s][info][gc,heap        ] GC(196) DefNew: 629119K(629120K)->69887K(629120K) Eden: 559232K(559232K)->0K(559232K) From: 69887K(69888K)->69887K(69888K)
[136.353s][info][gc,heap        ] GC(196) Tenured: 393883K(1398144K)->457810K(1398144K)
[136.353s][info][gc,metaspace   ] GC(196) Metaspace: 22246K(22592K)->22246K(22592K) NonClass: 19460K(19648K)->19460K(19648K) Class: 2785K(2944K)->2785K(2944K)
[136.353s][info][gc             ] GC(196) Pause Young (Allocation Failure) 999M->515M(1979M) 442.294ms
[136.353s][info][gc,cpu         ] GC(196) User=0.44s Sys=0.00s Real=0.44s
[136.858s][info][gc,start       ] GC(197) Pause Young (Allocation Failure)
[137.123s][info][gc,heap        ] GC(197) DefNew: 629119K(629120K)->46762K(629120K) Eden: 559232K(559232K)->0K(559232K) From: 69887K(69888K)->46762K(69888K)
[137.123s][info][gc,heap        ] GC(197) Tenured: 457810K(1398144K)->491565K(1398144K)
[137.123s][info][gc,metaspace   ] GC(197) Metaspace: 22249K(22592K)->22249K(22592K) NonClass: 19463K(19648K)->19463K(19648K) Class: 2785K(2944K)->2785K(2944K)
[137.123s][info][gc             ] GC(197) Pause Young (Allocation Failure) 1061M->525M(1979M) 265.283ms
[137.124s][info][gc,cpu         ] GC(197) User=0.17s Sys=0.00s Real=0.26s
[137.262s][info][gc,start       ] GC(198) Pause Young (Allocation Failure)
[137.666s][info][gc,heap        ] GC(198) DefNew: 605994K(629120K)->69888K(629120K) Eden: 559232K(559232K)->0K(559232K) From: 46762K(69888K)->69888K(69888K)
[137.666s][info][gc,heap        ] GC(198) Tenured: 491565K(1398144K)->537733K(1398144K)
[137.666s][info][gc,metaspace   ] GC(198) Metaspace: 22249K(22592K)->22249K(22592K) NonClass: 19463K(19648K)->19463K(19648K) Class: 2785K(2944K)->2785K(2944K)
[137.666s][info][gc             ] GC(198) Pause Young (Allocation Failure) 1071M->593M(1979M) 403.821ms
[137.666s][info][gc,cpu         ] GC(198) User=0.41s Sys=0.00s Real=0.40s
[137.826s][info][gc,start       ] GC(199) Pause Young (Allocation Failure)
[138.296s][info][gc,heap        ] GC(199) DefNew: 629120K(629120K)->69888K(629120K) Eden: 559232K(559232K)->0K(559232K) From: 69888K(69888K)->69888K(69888K)
[138.296s][info][gc,heap        ] GC(199) Tenured: 537733K(1398144K)->602546K(1398144K)
[138.296s][info][gc,metaspace   ] GC(199) Metaspace: 22249K(22592K)->22249K(22592K) NonClass: 19463K(19648K)->19463K(19648K) Class: 2785K(2944K)->2785K(2944K)
[138.296s][info][gc             ] GC(199) Pause Young (Allocation Failure) 1139M->656M(1979M) 470.546ms
[138.296s][info][gc,cpu         ] GC(199) User=0.47s Sys=0.00s Real=0.47s
[138.826s][info][gc,start       ] GC(200) Pause Young (Allocation Failure)
[139.160s][info][gc,heap        ] GC(200) DefNew: 629120K(629120K)->64164K(629120K) Eden: 559232K(559232K)->0K(559232K) From: 69888K(69888K)->64164K(69888K)
[139.160s][info][gc,heap        ] GC(200) Tenured: 602546K(1398144K)->636881K(1398144K)
[139.160s][info][gc,metaspace   ] GC(200) Metaspace: 22253K(22592K)->22253K(22592K) NonClass: 19467K(19648K)->19467K(19648K) Class: 2785K(2944K)->2785K(2944K)
[139.160s][info][gc             ] GC(200) Pause Young (Allocation Failure) 1202M->684M(1979M) 333.696ms
[139.160s][info][gc,cpu         ] GC(200) User=0.33s Sys=0.00s Real=0.33s
[139.303s][info][gc,start       ] GC(201) Pause Young (Allocation Failure)
[139.746s][info][gc,heap        ] GC(201) DefNew: 623396K(629120K)->69887K(629120K) Eden: 559232K(559232K)->0K(559232K) From: 64164K(69888K)->69887K(69888K)
[139.746s][info][gc,heap        ] GC(201) Tenured: 636881K(1398144K)->696764K(1398144K)
[139.746s][info][gc,metaspace   ] GC(201) Metaspace: 22253K(22592K)->22253K(22592K) NonClass: 19467K(19648K)->19467K(19648K) Class: 2785K(2944K)->2785K(2944K)
[139.746s][info][gc             ] GC(201) Pause Young (Allocation Failure) 1230M->748M(1979M) 442.742ms
[139.746s][info][gc,cpu         ] GC(201) User=0.41s Sys=0.00s Real=0.44s
[140.193s][info][gc,start       ] GC(202) Pause Young (Allocation Failure)
[140.477s][info][gc,heap        ] GC(202) DefNew: 629119K(629120K)->56756K(629120K) Eden: 559232K(559232K)->0K(559232K) From: 69887K(69888K)->56756K(69888K)
[140.477s][info][gc,heap        ] GC(202) Tenured: 696764K(1398144K)->731915K(1398144K)
[140.477s][info][gc,metaspace   ] GC(202) Metaspace: 22253K(22592K)->22253K(22592K) NonClass: 19467K(19648K)->19467K(19648K) Class: 2785K(2944K)->2785K(2944K)
[140.477s][info][gc             ] GC(202) Pause Young (Allocation Failure) 1294M->770M(1979M) 284.179ms
[140.477s][info][gc,cpu         ] GC(202) User=0.25s Sys=0.00s Real=0.28s
[140.728s][info][gc,start       ] GC(203) Pause Young (Allocation Failure)
[141.044s][info][gc,heap        ] GC(203) DefNew: 615988K(629120K)->66074K(629120K) Eden: 559232K(559232K)->0K(559232K) From: 56756K(69888K)->66074K(69888K)
[141.044s][info][gc,heap        ] GC(203) Tenured: 731915K(1398144K)->769256K(1398144K)
[141.044s][info][gc,metaspace   ] GC(203) Metaspace: 22253K(22592K)->22253K(22592K) NonClass: 19467K(19648K)->19467K(19648K) Class: 2785K(2944K)->2785K(2944K)
[141.044s][info][gc             ] GC(203) Pause Young (Allocation Failure) 1316M->815M(1979M) 315.233ms
[141.044s][info][gc,cpu         ] GC(203) User=0.31s Sys=0.00s Real=0.31s
[141.188s][info][gc,start       ] GC(204) Pause Young (Allocation Failure)
[141.647s][info][gc,heap        ] GC(204) DefNew: 625306K(629120K)->69888K(629120K) Eden: 559232K(559232K)->0K(559232K) From: 66074K(69888K)->69888K(69888K)
[141.647s][info][gc,heap        ] GC(204) Tenured: 769256K(1398144K)->831783K(1398144K)
[141.647s][info][gc,metaspace   ] GC(204) Metaspace: 22253K(22592K)->22253K(22592K) NonClass: 19467K(19648K)->19467K(19648K) Class: 2785K(2944K)->2785K(2944K)
[141.647s][info][gc             ] GC(204) Pause Young (Allocation Failure) 1361M->880M(1979M) 458.847ms
[141.647s][info][gc,cpu         ] GC(204) User=0.44s Sys=0.00s Real=0.46s
[142.357s][info][gc,start       ] GC(205) Pause Young (Allocation Failure)
[142.594s][info][gc,heap        ] GC(205) DefNew: 629120K(629120K)->38493K(629120K) Eden: 559232K(559232K)->0K(559232K) From: 69888K(69888K)->38493K(69888K)
[142.594s][info][gc,heap        ] GC(205) Tenured: 831783K(1398144K)->867317K(1398144K)
[142.594s][info][gc,metaspace   ] GC(205) Metaspace: 22262K(22592K)->22262K(22592K) NonClass: 19476K(19648K)->19476K(19648K) Class: 2785K(2944K)->2785K(2944K)
[142.594s][info][gc             ] GC(205) Pause Young (Allocation Failure) 1426M->884M(1979M) 236.522ms
[142.594s][info][gc,cpu         ] GC(205) User=0.23s Sys=0.00s Real=0.23s
[142.736s][info][gc,start       ] GC(206) Pause Young (Allocation Failure)
[143.126s][info][gc,heap        ] GC(206) DefNew: 597725K(629120K)->69887K(629120K) Eden: 559232K(559232K)->0K(559232K) From: 38493K(69888K)->69887K(69888K)
[143.126s][info][gc,heap        ] GC(206) Tenured: 867317K(1398144K)->907685K(1398144K)
[143.126s][info][gc,metaspace   ] GC(206) Metaspace: 22262K(22592K)->22262K(22592K) NonClass: 19476K(19648K)->19476K(19648K) Class: 2785K(2944K)->2785K(2944K)
[143.126s][info][gc             ] GC(206) Pause Young (Allocation Failure) 1430M->954M(1979M) 389.794ms
[143.126s][info][gc,cpu         ] GC(206) User=0.38s Sys=0.00s Real=0.38s
[143.278s][info][gc,start       ] GC(207) Pause Young (Allocation Failure)
[143.756s][info][gc,heap        ] GC(207) DefNew: 629119K(629120K)->69888K(629120K) Eden: 559232K(559232K)->0K(559232K) From: 69887K(69888K)->69888K(69888K)
[143.757s][info][gc,heap        ] GC(207) Tenured: 907685K(1398144K)->973937K(1398144K)
[143.757s][info][gc,metaspace   ] GC(207) Metaspace: 22262K(22592K)->22262K(22592K) NonClass: 19476K(19648K)->19476K(19648K) Class: 2785K(2944K)->2785K(2944K)
[143.757s][info][gc             ] GC(207) Pause Young (Allocation Failure) 1500M->1019M(1979M) 478.361ms
[143.757s][info][gc,cpu         ] GC(207) User=0.45s Sys=0.00s Real=0.49s
[144.307s][info][gc,start       ] GC(208) Pause Young (Allocation Failure)
[144.640s][info][gc,heap        ] GC(208) DefNew: 629120K(629120K)->67992K(629120K) Eden: 559232K(559232K)->0K(559232K) From: 69888K(69888K)->67992K(69888K)
[144.640s][info][gc,heap        ] GC(208) Tenured: 973937K(1398144K)->1007024K(1398144K)
[144.640s][info][gc,metaspace   ] GC(208) Metaspace: 22266K(22592K)->22266K(22592K) NonClass: 19480K(19648K)->19480K(19648K) Class: 2785K(2944K)->2785K(2944K)
[144.640s][info][gc             ] GC(208) Pause Young (Allocation Failure) 1565M->1049M(1979M) 333.597ms
[144.640s][info][gc,cpu         ] GC(208) User=0.31s Sys=0.00s Real=0.33s
[144.788s][info][gc,start       ] GC(209) Pause Young (Allocation Failure)
[145.240s][info][gc,heap        ] GC(209) DefNew: 627224K(629120K)->69888K(629120K) Eden: 559232K(559232K)->0K(559232K) From: 67992K(69888K)->69888K(69888K)
[145.240s][info][gc,heap        ] GC(209) Tenured: 1007024K(1398144K)->1071354K(1398144K)
[145.240s][info][gc,metaspace   ] GC(209) Metaspace: 22266K(22592K)->22266K(22592K) NonClass: 19480K(19648K)->19480K(19648K) Class: 2785K(2944K)->2785K(2944K)
[145.240s][info][gc             ] GC(209) Pause Young (Allocation Failure) 1595M->1114M(1979M) 452.546ms
[145.240s][info][gc,cpu         ] GC(209) User=0.45s Sys=0.00s Real=0.46s
[145.721s][info][gc,start       ] GC(210) Pause Young (Allocation Failure)
[145.996s][info][gc,heap        ] GC(210) DefNew: 629120K(629120K)->53434K(629120K) Eden: 559232K(559232K)->0K(559232K) From: 69888K(69888K)->53434K(69888K)
[145.996s][info][gc,heap        ] GC(210) Tenured: 1071354K(1398144K)->1107678K(1398144K)
[145.996s][info][gc,metaspace   ] GC(210) Metaspace: 22266K(22592K)->22266K(22592K) NonClass: 19480K(19648K)->19480K(19648K) Class: 2785K(2944K)->2785K(2944K)
[145.996s][info][gc             ] GC(210) Pause Young (Allocation Failure) 1660M->1133M(1979M) 275.160ms
[145.996s][info][gc,cpu         ] GC(210) User=0.27s Sys=0.00s Real=0.28s
[146.247s][info][gc,start       ] GC(211) Pause Young (Allocation Failure)
[146.614s][info][gc,heap        ] GC(211) DefNew: 612666K(629120K)->69887K(629120K) Eden: 559232K(559232K)->0K(559232K) From: 53434K(69888K)->69887K(69888K)
[146.614s][info][gc,heap        ] GC(211) Tenured: 1107678K(1398144K)->1150272K(1398144K)
[146.614s][info][gc,metaspace   ] GC(211) Metaspace: 22275K(22592K)->22275K(22592K) NonClass: 19489K(19648K)->19489K(19648K) Class: 2785K(2944K)->2785K(2944K)
[146.614s][info][gc             ] GC(211) Pause Young (Allocation Failure) 1680M->1191M(1979M) 366.574ms
[146.614s][info][gc,cpu         ] GC(211) User=0.34s Sys=0.00s Real=0.36s
[146.750s][info][gc,start       ] GC(212) Pause Young (Allocation Failure)
[147.220s][info][gc,heap        ] GC(212) DefNew: 629119K(629120K)->69887K(629120K) Eden: 559232K(559232K)->0K(559232K) From: 69887K(69888K)->69887K(69888K)
[147.220s][info][gc,heap        ] GC(212) Tenured: 1150272K(1398144K)->1212272K(1398144K)
[147.220s][info][gc,metaspace   ] GC(212) Metaspace: 22275K(22592K)->22275K(22592K) NonClass: 19489K(19648K)->19489K(19648K) Class: 2785K(2944K)->2785K(2944K)
[147.220s][info][gc             ] GC(212) Pause Young (Allocation Failure) 1737M->1252M(1979M) 470.066ms
[147.220s][info][gc,cpu         ] GC(212) User=0.48s Sys=0.00s Real=0.47s
[147.776s][info][gc,start       ] GC(213) Pause Young (Allocation Failure)
[148.047s][info][gc,heap        ] GC(213) DefNew: 629119K(629120K)->50598K(629120K) Eden: 559232K(559232K)->0K(559232K) From: 69887K(69888K)->50598K(69888K)
[148.047s][info][gc,heap        ] GC(213) Tenured: 1212272K(1398144K)->1244535K(1398144K)
[148.047s][info][gc,metaspace   ] GC(213) Metaspace: 22277K(22592K)->22277K(22592K) NonClass: 19491K(19648K)->19491K(19648K) Class: 2785K(2944K)->2785K(2944K)
[148.047s][info][gc             ] GC(213) Pause Young (Allocation Failure) 1798M->1264M(1979M) 271.884ms
[148.047s][info][gc,cpu         ] GC(213) User=0.27s Sys=0.00s Real=0.27s
[148.192s][info][gc,start       ] GC(214) Pause Young (Allocation Failure)
[148.616s][info][gc,heap        ] GC(214) DefNew: 609830K(629120K)->69888K(629120K) Eden: 559232K(559232K)->0K(559232K) From: 50598K(69888K)->69888K(69888K)
[148.616s][info][gc,heap        ] GC(214) Tenured: 1244535K(1398144K)->1295095K(1398144K)
[148.616s][info][gc,metaspace   ] GC(214) Metaspace: 22277K(22592K)->22277K(22592K) NonClass: 19491K(19648K)->19491K(19648K) Class: 2785K(2944K)->2785K(2944K)
[148.616s][info][gc             ] GC(214) Pause Young (Allocation Failure) 1810M->1332M(1979M) 423.738ms
[148.616s][info][gc,cpu         ] GC(214) User=0.42s Sys=0.00s Real=0.42s
[148.917s][info][gc,start       ] GC(215) Pause Young (Allocation Failure)
[149.336s][info][gc,heap        ] GC(215) DefNew: 629120K(629120K)->69888K(629120K) Eden: 559232K(559232K)->0K(559232K) From: 69888K(69888K)->69888K(69888K)
[149.336s][info][gc,heap        ] GC(215) Tenured: 1295095K(1398144K)->1340755K(1398144K)
[149.336s][info][gc,metaspace   ] GC(215) Metaspace: 22277K(22592K)->22277K(22592K) NonClass: 19491K(19648K)->19491K(19648K) Class: 2785K(2944K)->2785K(2944K)
[149.336s][info][gc             ] GC(215) Pause Young (Allocation Failure) 1879M->1377M(1979M) 418.687ms
[149.336s][info][gc,cpu         ] GC(215) User=0.38s Sys=0.00s Real=0.42s
[149.827s][info][gc,start       ] GC(216) Pause Full (System.gc())
[149.827s][info][gc,phases,start] GC(216) Phase 1: Mark live objects
[149.972s][info][gc,phases      ] GC(216) Phase 1: Mark live objects 145.186ms
[149.972s][info][gc,phases,start] GC(216) Phase 2: Compute new object addresses
[150.220s][info][gc,phases      ] GC(216) Phase 2: Compute new object addresses 247.680ms
[150.220s][info][gc,phases,start] GC(216) Phase 3: Adjust pointers
[150.292s][info][gc,phases      ] GC(216) Phase 3: Adjust pointers 71.625ms
[150.292s][info][gc,phases,start] GC(216) Phase 4: Move objects
[150.325s][info][gc,phases      ] GC(216) Phase 4: Move objects 33.017ms
[150.325s][info][gc,heap        ] GC(216) DefNew: 365415K(629120K)->0K(629120K) Eden: 295527K(559232K)->0K(559232K) From: 69888K(69888K)->0K(69888K)
[150.325s][info][gc,heap        ] GC(216) Tenured: 1340755K(1398144K)->125497K(1398144K)
[150.325s][info][gc,metaspace   ] GC(216) Metaspace: 22277K(22592K)->22277K(22592K) NonClass: 19491K(19648K)->19491K(19648K) Class: 2785K(2944K)->2785K(2944K)
[150.325s][info][gc             ] GC(216) Pause Full (System.gc()) 1666M->122M(1979M) 498.145ms
[150.325s][info][gc,cpu         ] GC(216) User=0.50s Sys=0.00s Real=0.49s
[150.478s][info][gc,start       ] GC(217) Pause Young (Allocation Failure)
[150.772s][info][gc,heap        ] GC(217) DefNew: 559232K(629120K)->69887K(629120K) Eden: 559232K(559232K)->0K(559232K) From: 0K(69888K)->69887K(69888K)
[150.772s][info][gc,heap        ] GC(217) Tenured: 125497K(1398144K)->126116K(1398144K)
[150.772s][info][gc,metaspace   ] GC(217) Metaspace: 22281K(22592K)->22281K(22592K) NonClass: 19495K(19648K)->19495K(19648K) Class: 2785K(2944K)->2785K(2944K)
[150.772s][info][gc             ] GC(217) Pause Young (Allocation Failure) 668M->191M(1979M) 294.812ms
[150.772s][info][gc,cpu         ] GC(217) User=0.31s Sys=0.00s Real=0.30s
[150.919s][info][gc,start       ] GC(218) Pause Young (Allocation Failure)
[151.381s][info][gc,heap        ] GC(218) DefNew: 629119K(629120K)->69887K(629120K) Eden: 559232K(559232K)->0K(559232K) From: 69887K(69888K)->69887K(69888K)
[151.381s][info][gc,heap        ] GC(218) Tenured: 126116K(1398144K)->187606K(1398144K)
[151.381s][info][gc,metaspace   ] GC(218) Metaspace: 22281K(22592K)->22281K(22592K) NonClass: 19495K(19648K)->19495K(19648K) Class: 2785K(2944K)->2785K(2944K)
[151.381s][info][gc             ] GC(218) Pause Young (Allocation Failure) 737M->251M(1979M) 461.541ms
[151.381s][info][gc,cpu         ] GC(218) User=0.44s Sys=0.00s Real=0.47s
[152.000s][info][gc,start       ] GC(219) Pause Young (Allocation Failure)
[152.344s][info][gc,heap        ] GC(219) DefNew: 629119K(629120K)->66853K(629120K) Eden: 559232K(559232K)->0K(559232K) From: 69887K(69888K)->66853K(69888K)
[152.344s][info][gc,heap        ] GC(219) Tenured: 187606K(1398144K)->220542K(1398144K)
[152.344s][info][gc,metaspace   ] GC(219) Metaspace: 22281K(22592K)->22281K(22592K) NonClass: 19495K(19648K)->19495K(19648K) Class: 2785K(2944K)->2785K(2944K)
[152.344s][info][gc             ] GC(219) Pause Young (Allocation Failure) 797M->280M(1979M) 343.463ms
[152.344s][info][gc,cpu         ] GC(219) User=0.33s Sys=0.00s Real=0.33s
[152.492s][info][gc,start       ] GC(220) Pause Young (Allocation Failure)
[152.971s][info][gc,heap        ] GC(220) DefNew: 626085K(629120K)->69888K(629120K) Eden: 559232K(559232K)->0K(559232K) From: 66853K(69888K)->69888K(69888K)
[152.971s][info][gc,heap        ] GC(220) Tenured: 220542K(1398144K)->285742K(1398144K)
[152.971s][info][gc,metaspace   ] GC(220) Metaspace: 22281K(22592K)->22281K(22592K) NonClass: 19495K(19648K)->19495K(19648K) Class: 2785K(2944K)->2785K(2944K)
[152.971s][info][gc             ] GC(220) Pause Young (Allocation Failure) 826M->347M(1979M) 478.428ms
[152.971s][info][gc,cpu         ] GC(220) User=0.47s Sys=0.00s Real=0.47s
[153.431s][info][gc,start       ] GC(221) Pause Young (Allocation Failure)
[153.720s][info][gc,heap        ] GC(221) DefNew: 629120K(629120K)->57673K(629120K) Eden: 559232K(559232K)->0K(559232K) From: 69888K(69888K)->57673K(69888K)
[153.720s][info][gc,heap        ] GC(221) Tenured: 285742K(1398144K)->320627K(1398144K)
[153.720s][info][gc,metaspace   ] GC(221) Metaspace: 22281K(22592K)->22281K(22592K) NonClass: 19495K(19648K)->19495K(19648K) Class: 2785K(2944K)->2785K(2944K)
[153.720s][info][gc             ] GC(221) Pause Young (Allocation Failure) 893M->369M(1979M) 289.060ms
[153.720s][info][gc,cpu         ] GC(221) User=0.28s Sys=0.00s Real=0.28s
[153.971s][info][gc,start       ] GC(222) Pause Young (Allocation Failure)
[154.302s][info][gc,heap        ] GC(222) DefNew: 616905K(629120K)->68643K(629120K) Eden: 559232K(559232K)->0K(559232K) From: 57673K(69888K)->68643K(69888K)
[154.302s][info][gc,heap        ] GC(222) Tenured: 320627K(1398144K)->357435K(1398144K)
[154.302s][info][gc,metaspace   ] GC(222) Metaspace: 22284K(22592K)->22284K(22592K) NonClass: 19496K(19648K)->19496K(19648K) Class: 2788K(2944K)->2788K(2944K)
[154.303s][info][gc             ] GC(222) Pause Young (Allocation Failure) 915M->416M(1979M) 331.262ms
[154.303s][info][gc,cpu         ] GC(222) User=0.25s Sys=0.00s Real=0.33s
[154.454s][info][gc,start       ] GC(223) Pause Young (Allocation Failure)
[154.940s][info][gc,heap        ] GC(223) DefNew: 627875K(629120K)->69887K(629120K) Eden: 559232K(559232K)->0K(559232K) From: 68643K(69888K)->69887K(69888K)
[154.940s][info][gc,heap        ] GC(223) Tenured: 357435K(1398144K)->425027K(1398144K)
[154.941s][info][gc,metaspace   ] GC(223) Metaspace: 22284K(22592K)->22284K(22592K) NonClass: 19496K(19648K)->19496K(19648K) Class: 2788K(2944K)->2788K(2944K)
[154.941s][info][gc             ] GC(223) Pause Young (Allocation Failure) 962M->483M(1979M) 486.274ms
[154.941s][info][gc,cpu         ] GC(223) User=0.48s Sys=0.00s Real=0.47s
[155.511s][info][gc,start       ] GC(224) Pause Young (Allocation Failure)
[155.780s][info][gc,heap        ] GC(224) DefNew: 629119K(629120K)->43792K(629120K) Eden: 559232K(559232K)->0K(559232K) From: 69887K(69888K)->43792K(69888K)
[155.780s][info][gc,heap        ] GC(224) Tenured: 425027K(1398144K)->460598K(1398144K)
[155.780s][info][gc,metaspace   ] GC(224) Metaspace: 22288K(22592K)->22288K(22592K) NonClass: 19500K(19648K)->19500K(19648K) Class: 2788K(2944K)->2788K(2944K)
[155.780s][info][gc             ] GC(224) Pause Young (Allocation Failure) 1029M->492M(1979M) 269.186ms
[155.780s][info][gc,cpu         ] GC(224) User=0.23s Sys=0.00s Real=0.27s
[155.926s][info][gc,start       ] GC(225) Pause Young (Allocation Failure)
[156.327s][info][gc,heap        ] GC(225) DefNew: 603024K(629120K)->69888K(629120K) Eden: 559232K(559232K)->0K(559232K) From: 43792K(69888K)->69888K(69888K)
[156.327s][info][gc,heap        ] GC(225) Tenured: 460598K(1398144K)->503773K(1398144K)
[156.327s][info][gc,metaspace   ] GC(225) Metaspace: 22288K(22592K)->22288K(22592K) NonClass: 19500K(19648K)->19500K(19648K) Class: 2788K(2944K)->2788K(2944K)
[156.327s][info][gc             ] GC(225) Pause Young (Allocation Failure) 1038M->560M(1979M) 401.107ms
[156.327s][info][gc,cpu         ] GC(225) User=0.44s Sys=0.00s Real=0.39s
[156.581s][info][gc,start       ] GC(226) Pause Young (Allocation Failure)
[157.051s][info][gc,heap        ] GC(226) DefNew: 629120K(629120K)->69888K(629120K) Eden: 559232K(559232K)->0K(559232K) From: 69888K(69888K)->69888K(69888K)
[157.051s][info][gc,heap        ] GC(226) Tenured: 503773K(1398144K)->558807K(1398144K)
[157.051s][info][gc,metaspace   ] GC(226) Metaspace: 22288K(22592K)->22288K(22592K) NonClass: 19500K(19648K)->19500K(19648K) Class: 2788K(2944K)->2788K(2944K)
[157.051s][info][gc             ] GC(226) Pause Young (Allocation Failure) 1106M->613M(1979M) 469.389ms
[157.051s][info][gc,cpu         ] GC(226) User=0.45s Sys=0.00s Real=0.47s
[157.549s][info][gc,start       ] GC(227) Pause Young (Allocation Failure)
[157.864s][info][gc,heap        ] GC(227) DefNew: 629120K(629120K)->67537K(629120K) Eden: 559232K(559232K)->0K(559232K) From: 69888K(69888K)->67537K(69888K)
[157.864s][info][gc,heap        ] GC(227) Tenured: 558807K(1398144K)->593321K(1398144K)
[157.864s][info][gc,metaspace   ] GC(227) Metaspace: 22293K(22592K)->22293K(22592K) NonClass: 19504K(19648K)->19504K(19648K) Class: 2788K(2944K)->2788K(2944K)
[157.865s][info][gc             ] GC(227) Pause Young (Allocation Failure) 1160M->645M(1979M) 315.048ms
[157.865s][info][gc,cpu         ] GC(227) User=0.31s Sys=0.00s Real=0.31s
[158.005s][info][gc,start       ] GC(228) Pause Young (Allocation Failure)
[158.441s][info][gc,heap        ] GC(228) DefNew: 626769K(629120K)->69887K(629120K) Eden: 559232K(559232K)->0K(559232K) From: 67537K(69888K)->69887K(69888K)
[158.441s][info][gc,heap        ] GC(228) Tenured: 593321K(1398144K)->656824K(1398144K)
[158.441s][info][gc,metaspace   ] GC(228) Metaspace: 22293K(22592K)->22293K(22592K) NonClass: 19504K(19648K)->19504K(19648K) Class: 2788K(2944K)->2788K(2944K)
[158.441s][info][gc             ] GC(228) Pause Young (Allocation Failure) 1191M->709M(1979M) 436.206ms
[158.441s][info][gc,cpu         ] GC(228) User=0.41s Sys=0.00s Real=0.42s
[158.958s][info][gc,start       ] GC(229) Pause Young (Allocation Failure)
[159.198s][info][gc,heap        ] GC(229) DefNew: 629119K(629120K)->40542K(629120K) Eden: 559232K(559232K)->0K(559232K) From: 69887K(69888K)->40542K(69888K)
[159.198s][info][gc,heap        ] GC(229) Tenured: 656824K(1398144K)->690839K(1398144K)
[159.198s][info][gc,metaspace   ] GC(229) Metaspace: 22293K(22592K)->22293K(22592K) NonClass: 19504K(19648K)->19504K(19648K) Class: 2788K(2944K)->2788K(2944K)
[159.198s][info][gc             ] GC(229) Pause Young (Allocation Failure) 1255M->714M(1979M) 239.742ms
[159.198s][info][gc,cpu         ] GC(229) User=0.23s Sys=0.00s Real=0.25s
[159.365s][info][gc,start       ] GC(230) Pause Young (Allocation Failure)
[159.732s][info][gc,heap        ] GC(230) DefNew: 599774K(629120K)->69887K(629120K) Eden: 559232K(559232K)->0K(559232K) From: 40542K(69888K)->69887K(69888K)
[159.732s][info][gc,heap        ] GC(230) Tenured: 690839K(1398144K)->728682K(1398144K)
[159.732s][info][gc,metaspace   ] GC(230) Metaspace: 22312K(22656K)->22312K(22656K) NonClass: 19523K(19712K)->19523K(19712K) Class: 2788K(2944K)->2788K(2944K)
[159.732s][info][gc             ] GC(230) Pause Young (Allocation Failure) 1260M->779M(1979M) 366.563ms
[159.732s][info][gc,cpu         ] GC(230) User=0.38s Sys=0.00s Real=0.36s
[159.867s][info][gc,start       ] GC(231) Pause Young (Allocation Failure)
[160.333s][info][gc,heap        ] GC(231) DefNew: 629119K(629120K)->69887K(629120K) Eden: 559232K(559232K)->0K(559232K) From: 69887K(69888K)->69887K(69888K)
[160.333s][info][gc,heap        ] GC(231) Tenured: 728682K(1398144K)->788935K(1398144K)
[160.333s][info][gc,metaspace   ] GC(231) Metaspace: 22312K(22656K)->22312K(22656K) NonClass: 19523K(19712K)->19523K(19712K) Class: 2788K(2944K)->2788K(2944K)
[160.333s][info][gc             ] GC(231) Pause Young (Allocation Failure) 1325M->838M(1979M) 466.150ms
[160.333s][info][gc,cpu         ] GC(231) User=0.47s Sys=0.00s Real=0.47s
[160.942s][info][gc,start       ] GC(232) Pause Young (Allocation Failure)
[161.205s][info][gc,heap        ] GC(232) DefNew: 629119K(629120K)->48999K(629120K) Eden: 559232K(559232K)->0K(559232K) From: 69887K(69888K)->48999K(69888K)
[161.205s][info][gc,heap        ] GC(232) Tenured: 788935K(1398144K)->820591K(1398144K)
[161.205s][info][gc,metaspace   ] GC(232) Metaspace: 22318K(22656K)->22318K(22656K) NonClass: 19530K(19712K)->19530K(19712K) Class: 2788K(2944K)->2788K(2944K)
[161.205s][info][gc             ] GC(232) Pause Young (Allocation Failure) 1384M->849M(1979M) 263.393ms
[161.205s][info][gc,cpu         ] GC(232) User=0.22s Sys=0.00s Real=0.25s
[161.361s][info][gc,start       ] GC(233) Pause Young (Allocation Failure)
[161.775s][info][gc,heap        ] GC(233) DefNew: 608231K(629120K)->69888K(629120K) Eden: 559232K(559232K)->0K(559232K) From: 48999K(69888K)->69888K(69888K)
[161.775s][info][gc,heap        ] GC(233) Tenured: 820591K(1398144K)->871396K(1398144K)
[161.775s][info][gc,metaspace   ] GC(233) Metaspace: 22318K(22656K)->22318K(22656K) NonClass: 19530K(19712K)->19530K(19712K) Class: 2788K(2944K)->2788K(2944K)
[161.775s][info][gc             ] GC(233) Pause Young (Allocation Failure) 1395M->919M(1979M) 413.615ms
[161.775s][info][gc,cpu         ] GC(233) User=0.42s Sys=0.00s Real=0.42s
[162.119s][info][gc,start       ] GC(234) Pause Young (Allocation Failure)
[162.518s][info][gc,heap        ] GC(234) DefNew: 629120K(629120K)->69392K(629120K) Eden: 559232K(559232K)->0K(559232K) From: 69888K(69888K)->69392K(69888K)
[162.518s][info][gc,heap        ] GC(234) Tenured: 871396K(1398144K)->909208K(1398144K)
[162.518s][info][gc,metaspace   ] GC(234) Metaspace: 22318K(22656K)->22318K(22656K) NonClass: 19530K(19712K)->19530K(19712K) Class: 2788K(2944K)->2788K(2944K)
[162.518s][info][gc             ] GC(234) Pause Young (Allocation Failure) 1465M->955M(1979M) 399.227ms
[162.518s][info][gc,cpu         ] GC(234) User=0.39s Sys=0.00s Real=0.39s
[162.867s][info][gc,start       ] GC(235) Pause Young (Allocation Failure)
[163.180s][info][gc,heap        ] GC(235) DefNew: 628624K(629120K)->61383K(629120K) Eden: 559232K(559232K)->0K(559232K) From: 69392K(69888K)->61383K(69888K)
[163.181s][info][gc,heap        ] GC(235) Tenured: 909208K(1398144K)->950621K(1398144K)
[163.181s][info][gc,metaspace   ] GC(235) Metaspace: 22325K(22656K)->22325K(22656K) NonClass: 19537K(19712K)->19537K(19712K) Class: 2788K(2944K)->2788K(2944K)
[163.181s][info][gc             ] GC(235) Pause Young (Allocation Failure) 1501M->988M(1979M) 313.186ms
[163.181s][info][gc,cpu         ] GC(235) User=0.28s Sys=0.00s Real=0.31s
[163.326s][info][gc,start       ] GC(236) Pause Young (Allocation Failure)
[163.791s][info][gc,heap        ] GC(236) DefNew: 620615K(629120K)->69888K(629120K) Eden: 559232K(559232K)->0K(559232K) From: 61383K(69888K)->69888K(69888K)
[163.791s][info][gc,heap        ] GC(236) Tenured: 950621K(1398144K)->1009860K(1398144K)
[163.791s][info][gc,metaspace   ] GC(236) Metaspace: 22325K(22656K)->22325K(22656K) NonClass: 19537K(19712K)->19537K(19712K) Class: 2788K(2944K)->2788K(2944K)
[163.791s][info][gc             ] GC(236) Pause Young (Allocation Failure) 1534M->1054M(1979M) 464.752ms
[163.791s][info][gc,cpu         ] GC(236) User=0.44s Sys=0.00s Real=0.46s
[164.472s][info][gc,start       ] GC(237) Pause Young (Allocation Failure)
[164.702s][info][gc,heap        ] GC(237) DefNew: 629120K(629120K)->37559K(629120K) Eden: 559232K(559232K)->0K(559232K) From: 69888K(69888K)->37559K(69888K)
[164.702s][info][gc,heap        ] GC(237) Tenured: 1009860K(1398144K)->1044152K(1398144K)
[164.702s][info][gc,metaspace   ] GC(237) Metaspace: 22326K(22656K)->22326K(22656K) NonClass: 19537K(19712K)->19537K(19712K) Class: 2788K(2944K)->2788K(2944K)
[164.702s][info][gc             ] GC(237) Pause Young (Allocation Failure) 1600M->1056M(1979M) 229.552ms
[164.702s][info][gc,cpu         ] GC(237) User=0.20s Sys=0.00s Real=0.24s
[164.918s][info][gc,start       ] GC(238) Pause Young (Allocation Failure)
[165.263s][info][gc,heap        ] GC(238) DefNew: 596791K(629120K)->69887K(629120K) Eden: 559232K(559232K)->0K(559232K) From: 37559K(69888K)->69887K(69888K)
[165.263s][info][gc,heap        ] GC(238) Tenured: 1044152K(1398144K)->1080873K(1398144K)
[165.263s][info][gc,metaspace   ] GC(238) Metaspace: 22326K(22656K)->22326K(22656K) NonClass: 19537K(19712K)->19537K(19712K) Class: 2788K(2944K)->2788K(2944K)
[165.263s][info][gc             ] GC(238) Pause Young (Allocation Failure) 1602M->1123M(1979M) 345.190ms
[165.263s][info][gc,cpu         ] GC(238) User=0.33s Sys=0.00s Real=0.34s
[165.402s][info][gc,start       ] GC(239) Pause Young (Allocation Failure)
[165.885s][info][gc,heap        ] GC(239) DefNew: 629119K(629120K)->69887K(629120K) Eden: 559232K(559232K)->0K(559232K) From: 69887K(69888K)->69887K(69888K)
[165.885s][info][gc,heap        ] GC(239) Tenured: 1080873K(1398144K)->1146622K(1398144K)
[165.885s][info][gc,metaspace   ] GC(239) Metaspace: 22326K(22656K)->22326K(22656K) NonClass: 19537K(19712K)->19537K(19712K) Class: 2788K(2944K)->2788K(2944K)
[165.885s][info][gc             ] GC(239) Pause Young (Allocation Failure) 1669M->1187M(1979M) 482.850ms
[165.885s][info][gc,cpu         ] GC(239) User=0.45s Sys=0.00s Real=0.47s
[166.436s][info][gc,start       ] GC(240) Pause Young (Allocation Failure)
[166.769s][info][gc,heap        ] GC(240) DefNew: 629119K(629120K)->63395K(629120K) Eden: 559232K(559232K)->0K(559232K) From: 69887K(69888K)->63395K(69888K)
[166.769s][info][gc,heap        ] GC(240) Tenured: 1146622K(1398144K)->1180821K(1398144K)
[166.769s][info][gc,metaspace   ] GC(240) Metaspace: 22326K(22656K)->22326K(22656K) NonClass: 19537K(19712K)->19537K(19712K) Class: 2788K(2944K)->2788K(2944K)
[166.769s][info][gc             ] GC(240) Pause Young (Allocation Failure) 1734M->1215M(1979M) 333.217ms
[166.769s][info][gc,cpu         ] GC(240) User=0.30s Sys=0.00s Real=0.33s
[166.916s][info][gc,start       ] GC(241) Pause Young (Allocation Failure)
[167.365s][info][gc,heap        ] GC(241) DefNew: 622627K(629120K)->69888K(629120K) Eden: 559232K(559232K)->0K(559232K) From: 63395K(69888K)->69888K(69888K)
[167.365s][info][gc,heap        ] GC(241) Tenured: 1180821K(1398144K)->1242866K(1398144K)
[167.365s][info][gc,metaspace   ] GC(241) Metaspace: 22326K(22656K)->22326K(22656K) NonClass: 19537K(19712K)->19537K(19712K) Class: 2788K(2944K)->2788K(2944K)
[167.365s][info][gc             ] GC(241) Pause Young (Allocation Failure) 1761M->1281M(1979M) 449.104ms
[167.365s][info][gc,cpu         ] GC(241) User=0.45s Sys=0.00s Real=0.44s
[167.788s][info][gc,start       ] GC(242) Pause Young (Allocation Failure)
[168.087s][info][gc,heap        ] GC(242) DefNew: 629120K(629120K)->60132K(629120K) Eden: 559232K(559232K)->0K(559232K) From: 69888K(69888K)->60132K(69888K)
[168.087s][info][gc,heap        ] GC(242) Tenured: 1242866K(1398144K)->1278850K(1398144K)
[168.087s][info][gc,metaspace   ] GC(242) Metaspace: 22326K(22656K)->22326K(22656K) NonClass: 19537K(19712K)->19537K(19712K) Class: 2788K(2944K)->2788K(2944K)
[168.087s][info][gc             ] GC(242) Pause Young (Allocation Failure) 1828M->1307M(1979M) 298.279ms
[168.087s][info][gc,cpu         ] GC(242) User=0.28s Sys=0.00s Real=0.30s
[168.241s][info][gc,start       ] GC(243) Pause Full (System.gc())
[168.241s][info][gc,phases,start] GC(243) Phase 1: Mark live objects
[168.421s][info][gc,phases      ] GC(243) Phase 1: Mark live objects 180.762ms
[168.421s][info][gc,phases,start] GC(243) Phase 2: Compute new object addresses
[168.633s][info][gc,phases      ] GC(243) Phase 2: Compute new object addresses 211.626ms
[168.633s][info][gc,phases,start] GC(243) Phase 3: Adjust pointers
[168.702s][info][gc,phases      ] GC(243) Phase 3: Adjust pointers 68.481ms
[168.702s][info][gc,phases,start] GC(243) Phase 4: Move objects
[168.730s][info][gc,phases      ] GC(243) Phase 4: Move objects 27.876ms
[168.730s][info][gc,heap        ] GC(243) DefNew: 173951K(629120K)->0K(629120K) Eden: 113819K(559232K)->0K(559232K) From: 60132K(69888K)->0K(69888K)
[168.730s][info][gc,heap        ] GC(243) Tenured: 1278850K(1398144K)->104590K(1398144K)
[168.730s][info][gc,metaspace   ] GC(243) Metaspace: 22326K(22656K)->22326K(22656K) NonClass: 19537K(19712K)->19537K(19712K) Class: 2788K(2944K)->2788K(2944K)
[168.730s][info][gc             ] GC(243) Pause Full (System.gc()) 1418M->102M(1979M) 489.449ms
[168.730s][info][gc,cpu         ] GC(243) User=0.50s Sys=0.00s Real=0.50s
[168.883s][info][gc,start       ] GC(244) Pause Young (Allocation Failure)
[169.190s][info][gc,heap        ] GC(244) DefNew: 559232K(629120K)->69888K(629120K) Eden: 559232K(559232K)->0K(559232K) From: 0K(69888K)->69888K(69888K)
[169.190s][info][gc,heap        ] GC(244) Tenured: 104590K(1398144K)->108006K(1398144K)
[169.190s][info][gc,metaspace   ] GC(244) Metaspace: 22328K(22656K)->22328K(22656K) NonClass: 19539K(19712K)->19539K(19712K) Class: 2788K(2944K)->2788K(2944K)
[169.190s][info][gc             ] GC(244) Pause Young (Allocation Failure) 648M->173M(1979M) 307.118ms
[169.190s][info][gc,cpu         ] GC(244) User=0.31s Sys=0.00s Real=0.31s
[169.343s][info][gc,start       ] GC(245) Pause Young (Allocation Failure)
[169.825s][info][gc,heap        ] GC(245) DefNew: 629120K(629120K)->69888K(629120K) Eden: 559232K(559232K)->0K(559232K) From: 69888K(69888K)->69888K(69888K)
[169.825s][info][gc,heap        ] GC(245) Tenured: 108006K(1398144K)->174754K(1398144K)
[169.825s][info][gc,metaspace   ] GC(245) Metaspace: 22328K(22656K)->22328K(22656K) NonClass: 19539K(19712K)->19539K(19712K) Class: 2788K(2944K)->2788K(2944K)
[169.825s][info][gc             ] GC(245) Pause Young (Allocation Failure) 719M->238M(1979M) 481.957ms
[169.825s][info][gc,cpu         ] GC(245) User=0.45s Sys=0.00s Real=0.47s
[170.374s][info][gc,start       ] GC(246) Pause Young (Allocation Failure)
[170.680s][info][gc,heap        ] GC(246) DefNew: 629120K(629120K)->59902K(629120K) Eden: 559232K(559232K)->0K(559232K) From: 69888K(69888K)->59902K(69888K)
[170.680s][info][gc,heap        ] GC(246) Tenured: 174754K(1398144K)->210520K(1398144K)
[170.680s][info][gc,metaspace   ] GC(246) Metaspace: 22328K(22656K)->22328K(22656K) NonClass: 19540K(19712K)->19540K(19712K) Class: 2788K(2944K)->2788K(2944K)
[170.680s][info][gc             ] GC(246) Pause Young (Allocation Failure) 785M->264M(1979M) 306.268ms
[170.681s][info][gc,cpu         ] GC(246) User=0.27s Sys=0.00s Real=0.30s
[170.824s][info][gc,start       ] GC(247) Pause Young (Allocation Failure)
[171.260s][info][gc,heap        ] GC(247) DefNew: 619134K(629120K)->69888K(629120K) Eden: 559232K(559232K)->0K(559232K) From: 59902K(69888K)->69888K(69888K)
[171.260s][info][gc,heap        ] GC(247) Tenured: 210520K(1398144K)->266836K(1398144K)
[171.260s][info][gc,metaspace   ] GC(247) Metaspace: 22328K(22656K)->22328K(22656K) NonClass: 19540K(19712K)->19540K(19712K) Class: 2788K(2944K)->2788K(2944K)
[171.260s][info][gc             ] GC(247) Pause Young (Allocation Failure) 810M->328M(1979M) 435.848ms
[171.260s][info][gc,cpu         ] GC(247) User=0.36s Sys=0.00s Real=0.42s
[171.622s][info][gc,start       ] GC(248) Pause Young (Allocation Failure)
[171.945s][info][gc,heap        ] GC(248) DefNew: 629120K(629120K)->65841K(629120K) Eden: 559232K(559232K)->0K(559232K) From: 69888K(69888K)->65841K(69888K)
[171.945s][info][gc,heap        ] GC(248) Tenured: 266836K(1398144K)->307316K(1398144K)
[171.945s][info][gc,metaspace   ] GC(248) Metaspace: 22328K(22656K)->22328K(22656K) NonClass: 19540K(19712K)->19540K(19712K) Class: 2788K(2944K)->2788K(2944K)
[171.945s][info][gc             ] GC(248) Pause Young (Allocation Failure) 874M->364M(1979M) 322.903ms
[171.945s][info][gc,cpu         ] GC(248) User=0.31s Sys=0.00s Real=0.33s
[172.279s][info][gc,start       ] GC(249) Pause Young (Allocation Failure)
[172.569s][info][gc,heap        ] GC(249) DefNew: 625073K(629120K)->61988K(629120K) Eden: 559232K(559232K)->0K(559232K) From: 65841K(69888K)->61988K(69888K)
[172.569s][info][gc,heap        ] GC(249) Tenured: 307316K(1398144K)->343409K(1398144K)
[172.569s][info][gc,metaspace   ] GC(249) Metaspace: 22329K(22656K)->22329K(22656K) NonClass: 19540K(19712K)->19540K(19712K) Class: 2788K(2944K)->2788K(2944K)
[172.569s][info][gc             ] GC(249) Pause Young (Allocation Failure) 910M->395M(1979M) 289.677ms
[172.569s][info][gc,cpu         ] GC(249) User=0.30s Sys=0.00s Real=0.28s
[172.710s][info][gc,start       ] GC(250) Pause Young (Allocation Failure)
[173.151s][info][gc,heap        ] GC(250) DefNew: 621220K(629120K)->69887K(629120K) Eden: 559232K(559232K)->0K(559232K) From: 61988K(69888K)->69887K(69888K)
[173.151s][info][gc,heap        ] GC(250) Tenured: 343409K(1398144K)->399994K(1398144K)
[173.151s][info][gc,metaspace   ] GC(250) Metaspace: 22329K(22656K)->22329K(22656K) NonClass: 19540K(19712K)->19540K(19712K) Class: 2788K(2944K)->2788K(2944K)
[173.151s][info][gc             ] GC(250) Pause Young (Allocation Failure) 942M->458M(1979M) 441.060ms
[173.151s][info][gc,cpu         ] GC(250) User=0.42s Sys=0.00s Real=0.45s
[173.787s][info][gc,start       ] GC(251) Pause Young (Allocation Failure)
[174.039s][info][gc,heap        ] GC(251) DefNew: 629119K(629120K)->39133K(629120K) Eden: 559232K(559232K)->0K(559232K) From: 69887K(69888K)->39133K(69888K)
[174.039s][info][gc,heap        ] GC(251) Tenured: 399994K(1398144K)->434161K(1398144K)
[174.039s][info][gc,metaspace   ] GC(251) Metaspace: 22329K(22656K)->22329K(22656K) NonClass: 19541K(19712K)->19541K(19712K) Class: 2788K(2944K)->2788K(2944K)
[174.039s][info][gc             ] GC(251) Pause Young (Allocation Failure) 1004M->462M(1979M) 251.939ms
[174.039s][info][gc,cpu         ] GC(251) User=0.23s Sys=0.00s Real=0.25s
[174.180s][info][gc,start       ] GC(252) Pause Young (Allocation Failure)
[174.559s][info][gc,heap        ] GC(252) DefNew: 598365K(629120K)->69887K(629120K) Eden: 559232K(559232K)->0K(559232K) From: 39133K(69888K)->69887K(69888K)
[174.559s][info][gc,heap        ] GC(252) Tenured: 434161K(1398144K)->475563K(1398144K)
[174.559s][info][gc,metaspace   ] GC(252) Metaspace: 22329K(22656K)->22329K(22656K) NonClass: 19541K(19712K)->19541K(19712K) Class: 2788K(2944K)->2788K(2944K)
[174.559s][info][gc             ] GC(252) Pause Young (Allocation Failure) 1008M->532M(1979M) 379.243ms
[174.559s][info][gc,cpu         ] GC(252) User=0.36s Sys=0.00s Real=0.38s
[174.712s][info][gc,start       ] GC(253) Pause Young (Allocation Failure)
[175.188s][info][gc,heap        ] GC(253) DefNew: 629119K(629120K)->69887K(629120K) Eden: 559232K(559232K)->0K(559232K) From: 69887K(69888K)->69887K(69888K)
[175.188s][info][gc,heap        ] GC(253) Tenured: 475563K(1398144K)->540914K(1398144K)
[175.188s][info][gc,metaspace   ] GC(253) Metaspace: 22329K(22656K)->22329K(22656K) NonClass: 19541K(19712K)->19541K(19712K) Class: 2788K(2944K)->2788K(2944K)
[175.188s][info][gc             ] GC(253) Pause Young (Allocation Failure) 1078M->596M(1979M) 476.091ms
[175.188s][info][gc,cpu         ] GC(253) User=0.45s Sys=0.00s Real=0.47s
[175.769s][info][gc,start       ] GC(254) Pause Young (Allocation Failure)
[176.060s][info][gc,heap        ] GC(254) DefNew: 629119K(629120K)->57102K(629120K) Eden: 559232K(559232K)->0K(559232K) From: 69887K(69888K)->57102K(69888K)
[176.060s][info][gc,heap        ] GC(254) Tenured: 540914K(1398144K)->575132K(1398144K)
[176.060s][info][gc,metaspace   ] GC(254) Metaspace: 22330K(22656K)->22330K(22656K) NonClass: 19541K(19712K)->19541K(19712K) Class: 2788K(2944K)->2788K(2944K)
[176.060s][info][gc             ] GC(254) Pause Young (Allocation Failure) 1142M->617M(1979M) 291.438ms
[176.060s][info][gc,cpu         ] GC(254) User=0.33s Sys=0.00s Real=0.30s
[176.210s][info][gc,start       ] GC(255) Pause Young (Allocation Failure)
[176.629s][info][gc,heap        ] GC(255) DefNew: 616334K(629120K)->69887K(629120K) Eden: 559232K(559232K)->0K(559232K) From: 57102K(69888K)->69887K(69888K)
[176.629s][info][gc,heap        ] GC(255) Tenured: 575132K(1398144K)->629782K(1398144K)
[176.629s][info][gc,metaspace   ] GC(255) Metaspace: 22330K(22656K)->22330K(22656K) NonClass: 19541K(19712K)->19541K(19712K) Class: 2788K(2944K)->2788K(2944K)
[176.629s][info][gc             ] GC(255) Pause Young (Allocation Failure) 1163M->683M(1979M) 418.658ms
[176.629s][info][gc,cpu         ] GC(255) User=0.38s Sys=0.02s Real=0.41s
[177.022s][info][gc,start       ] GC(256) Pause Young (Allocation Failure)
[177.331s][info][gc,heap        ] GC(256) DefNew: 629119K(629120K)->61623K(629120K) Eden: 559232K(559232K)->0K(559232K) From: 69887K(69888K)->61623K(69888K)
[177.331s][info][gc,heap        ] GC(256) Tenured: 629782K(1398144K)->667616K(1398144K)
[177.331s][info][gc,metaspace   ] GC(256) Metaspace: 22330K(22656K)->22330K(22656K) NonClass: 19541K(19712K)->19541K(19712K) Class: 2788K(2944K)->2788K(2944K)
[177.331s][info][gc             ] GC(256) Pause Young (Allocation Failure) 1229M->712M(1979M) 308.490ms
[177.331s][info][gc,cpu         ] GC(256) User=0.31s Sys=0.00s Real=0.31s
[177.591s][info][gc,start       ] GC(257) Pause Young (Allocation Failure)
[177.908s][info][gc,heap        ] GC(257) DefNew: 620855K(629120K)->64153K(629120K) Eden: 559232K(559232K)->0K(559232K) From: 61623K(69888K)->64153K(69888K)
[177.908s][info][gc,heap        ] GC(257) Tenured: 667616K(1398144K)->708279K(1398144K)
[177.908s][info][gc,metaspace   ] GC(257) Metaspace: 22338K(22656K)->22338K(22656K) NonClass: 19550K(19712K)->19550K(19712K) Class: 2788K(2944K)->2788K(2944K)
[177.908s][info][gc             ] GC(257) Pause Young (Allocation Failure) 1258M->754M(1979M) 316.479ms
[177.908s][info][gc,cpu         ] GC(257) User=0.27s Sys=0.02s Real=0.32s
[178.062s][info][gc,start       ] GC(258) Pause Young (Allocation Failure)
[178.525s][info][gc,heap        ] GC(258) DefNew: 623385K(629120K)->69887K(629120K) Eden: 559232K(559232K)->0K(559232K) From: 64153K(69888K)->69887K(69888K)
[178.525s][info][gc,heap        ] GC(258) Tenured: 708279K(1398144K)->770323K(1398144K)
[178.525s][info][gc,metaspace   ] GC(258) Metaspace: 22338K(22656K)->22338K(22656K) NonClass: 19550K(19712K)->19550K(19712K) Class: 2788K(2944K)->2788K(2944K)
[178.525s][info][gc             ] GC(258) Pause Young (Allocation Failure) 1300M->820M(1979M) 462.493ms
[178.525s][info][gc,cpu         ] GC(258) User=0.45s Sys=0.00s Real=0.47s
[179.280s][info][gc,start       ] GC(259) Pause Young (Allocation Failure)
[179.504s][info][gc,heap        ] GC(259) DefNew: 629119K(629120K)->33234K(629120K) Eden: 559232K(559232K)->0K(559232K) From: 69887K(69888K)->33234K(69888K)
[179.504s][info][gc,heap        ] GC(259) Tenured: 770323K(1398144K)->807362K(1398144K)
[179.504s][info][gc,metaspace   ] GC(259) Metaspace: 22339K(22656K)->22339K(22656K) NonClass: 19551K(19712K)->19551K(19712K) Class: 2788K(2944K)->2788K(2944K)
[179.504s][info][gc             ] GC(259) Pause Young (Allocation Failure) 1366M->820M(1979M) 224.193ms
[179.504s][info][gc,cpu         ] GC(259) User=0.22s Sys=0.00s Real=0.22s
[179.664s][info][gc,start       ] GC(260) Pause Young (Allocation Failure)
[180.030s][info][gc,heap        ] GC(260) DefNew: 592466K(629120K)->69888K(629120K) Eden: 559232K(559232K)->0K(559232K) From: 33234K(69888K)->69888K(69888K)
[180.030s][info][gc,heap        ] GC(260) Tenured: 807362K(1398144K)->842706K(1398144K)
[180.030s][info][gc,metaspace   ] GC(260) Metaspace: 22357K(22656K)->22357K(22656K) NonClass: 19568K(19712K)->19568K(19712K) Class: 2788K(2944K)->2788K(2944K)
[180.030s][info][gc             ] GC(260) Pause Young (Allocation Failure) 1367M->891M(1979M) 365.599ms
[180.030s][info][gc,cpu         ] GC(260) User=0.31s Sys=0.00s Real=0.38s
[180.181s][info][gc,start       ] GC(261) Pause Young (Allocation Failure)
[180.649s][info][gc,heap        ] GC(261) DefNew: 629120K(629120K)->69887K(629120K) Eden: 559232K(559232K)->0K(559232K) From: 69888K(69888K)->69887K(69888K)
[180.649s][info][gc,heap        ] GC(261) Tenured: 842706K(1398144K)->917263K(1398144K)
[180.649s][info][gc,metaspace   ] GC(261) Metaspace: 22357K(22656K)->22357K(22656K) NonClass: 19568K(19712K)->19568K(19712K) Class: 2788K(2944K)->2788K(2944K)
[180.649s][info][gc             ] GC(261) Pause Young (Allocation Failure) 1437M->964M(1979M) 468.805ms
[180.649s][info][gc,cpu         ] GC(261) User=0.45s Sys=0.00s Real=0.47s
[181.208s][info][gc,start       ] GC(262) Pause Young (Allocation Failure)
[181.548s][info][gc,heap        ] GC(262) DefNew: 629119K(629120K)->69887K(629120K) Eden: 559232K(559232K)->0K(559232K) From: 69887K(69888K)->69887K(69888K)
[181.548s][info][gc,heap        ] GC(262) Tenured: 917263K(1398144K)->957771K(1398144K)
[181.548s][info][gc,metaspace   ] GC(262) Metaspace: 22361K(22656K)->22361K(22656K) NonClass: 19572K(19712K)->19572K(19712K) Class: 2788K(2944K)->2788K(2944K)
[181.549s][info][gc             ] GC(262) Pause Young (Allocation Failure) 1510M->1003M(1979M) 340.150ms
[181.549s][info][gc,cpu         ] GC(262) User=0.34s Sys=0.00s Real=0.33s
[181.699s][info][gc,start       ] GC(263) Pause Young (Allocation Failure)
[182.157s][info][gc,heap        ] GC(263) DefNew: 629119K(629120K)->69888K(629120K) Eden: 559232K(559232K)->0K(559232K) From: 69887K(69888K)->69888K(69888K)
[182.157s][info][gc,heap        ] GC(263) Tenured: 957771K(1398144K)->1024422K(1398144K)
[182.157s][info][gc,metaspace   ] GC(263) Metaspace: 22361K(22656K)->22361K(22656K) NonClass: 19572K(19712K)->19572K(19712K) Class: 2788K(2944K)->2788K(2944K)
[182.157s][info][gc             ] GC(263) Pause Young (Allocation Failure) 1549M->1068M(1979M) 457.587ms
[182.157s][info][gc,cpu         ] GC(263) User=0.42s Sys=0.00s Real=0.47s
[182.648s][info][gc,start       ] GC(264) Pause Young (Allocation Failure)
[182.887s][info][gc,heap        ] GC(264) DefNew: 629120K(629120K)->39756K(629120K) Eden: 559232K(559232K)->0K(559232K) From: 69888K(69888K)->39756K(69888K)
[182.887s][info][gc,heap        ] GC(264) Tenured: 1024422K(1398144K)->1060255K(1398144K)
[182.887s][info][gc,metaspace   ] GC(264) Metaspace: 22361K(22656K)->22361K(22656K) NonClass: 19572K(19712K)->19572K(19712K) Class: 2788K(2944K)->2788K(2944K)
[182.887s][info][gc             ] GC(264) Pause Young (Allocation Failure) 1614M->1074M(1979M) 238.219ms
[182.887s][info][gc,cpu         ] GC(264) User=0.25s Sys=0.00s Real=0.25s
[183.043s][info][gc,start       ] GC(265) Pause Young (Allocation Failure)
[183.413s][info][gc,heap        ] GC(265) DefNew: 598988K(629120K)->69887K(629120K) Eden: 559232K(559232K)->0K(559232K) From: 39756K(69888K)->69887K(69888K)
[183.413s][info][gc,heap        ] GC(265) Tenured: 1060255K(1398144K)->1101069K(1398144K)
[183.413s][info][gc,metaspace   ] GC(265) Metaspace: 22361K(22656K)->22361K(22656K) NonClass: 19572K(19712K)->19572K(19712K) Class: 2788K(2944K)->2788K(2944K)
[183.413s][info][gc             ] GC(265) Pause Young (Allocation Failure) 1620M->1143M(1979M) 369.760ms
[183.413s][info][gc,cpu         ] GC(265) User=0.38s Sys=0.00s Real=0.38s
[183.564s][info][gc,start       ] GC(266) Pause Young (Allocation Failure)
[184.045s][info][gc,heap        ] GC(266) DefNew: 629119K(629120K)->69888K(629120K) Eden: 559232K(559232K)->0K(559232K) From: 69887K(69888K)->69888K(69888K)
[184.046s][info][gc,heap        ] GC(266) Tenured: 1101069K(1398144K)->1167754K(1398144K)
[184.046s][info][gc,metaspace   ] GC(266) Metaspace: 22361K(22656K)->22361K(22656K) NonClass: 19572K(19712K)->19572K(19712K) Class: 2788K(2944K)->2788K(2944K)
[184.046s][info][gc             ] GC(266) Pause Young (Allocation Failure) 1689M->1208M(1979M) 481.667ms
[184.046s][info][gc,cpu         ] GC(266) User=0.48s Sys=0.00s Real=0.48s
[184.604s][info][gc,start       ] GC(267) Pause Young (Allocation Failure)
[184.900s][info][gc,heap        ] GC(267) DefNew: 629120K(629120K)->58681K(629120K) Eden: 559232K(559232K)->0K(559232K) From: 69888K(69888K)->58681K(69888K)
[184.900s][info][gc,heap        ] GC(267) Tenured: 1167754K(1398144K)->1203114K(1398144K)
[184.900s][info][gc,metaspace   ] GC(267) Metaspace: 22362K(22656K)->22362K(22656K) NonClass: 19574K(19712K)->19574K(19712K) Class: 2788K(2944K)->2788K(2944K)
[184.900s][info][gc             ] GC(267) Pause Young (Allocation Failure) 1754M->1232M(1979M) 296.717ms
[184.900s][info][gc,cpu         ] GC(267) User=0.28s Sys=0.00s Real=0.28s
[185.053s][info][gc,start       ] GC(268) Pause Young (Allocation Failure)
[185.484s][info][gc,heap        ] GC(268) DefNew: 617913K(629120K)->69888K(629120K) Eden: 559232K(559232K)->0K(559232K) From: 58681K(69888K)->69888K(69888K)
[185.484s][info][gc,heap        ] GC(268) Tenured: 1203114K(1398144K)->1261174K(1398144K)
[185.484s][info][gc,metaspace   ] GC(268) Metaspace: 22362K(22656K)->22362K(22656K) NonClass: 19574K(19712K)->19574K(19712K) Class: 2788K(2944K)->2788K(2944K)
[185.484s][info][gc             ] GC(268) Pause Young (Allocation Failure) 1778M->1299M(1979M) 431.076ms
[185.484s][info][gc,cpu         ] GC(268) User=0.42s Sys=0.00s Real=0.42s
[185.892s][info][gc,start       ] GC(269) Pause Young (Allocation Failure)
[186.204s][info][gc,heap        ] GC(269) DefNew: 629120K(629120K)->61004K(629120K) Eden: 559232K(559232K)->0K(559232K) From: 69888K(69888K)->61004K(69888K)
[186.204s][info][gc,heap        ] GC(269) Tenured: 1261174K(1398144K)->1297529K(1398144K)
[186.204s][info][gc,metaspace   ] GC(269) Metaspace: 22362K(22656K)->22362K(22656K) NonClass: 19574K(19712K)->19574K(19712K) Class: 2788K(2944K)->2788K(2944K)
[186.204s][info][gc             ] GC(269) Pause Young (Allocation Failure) 1845M->1326M(1979M) 311.676ms
[186.204s][info][gc,cpu         ] GC(269) User=0.31s Sys=0.00s Real=0.31s
[186.365s][info][gc,start       ] GC(270) Pause Full (System.gc())
[186.365s][info][gc,phases,start] GC(270) Phase 1: Mark live objects
[186.550s][info][gc,phases      ] GC(270) Phase 1: Mark live objects 185.119ms
[186.550s][info][gc,phases,start] GC(270) Phase 2: Compute new object addresses
[186.778s][info][gc,phases      ] GC(270) Phase 2: Compute new object addresses 227.949ms
[186.778s][info][gc,phases,start] GC(270) Phase 3: Adjust pointers
[186.847s][info][gc,phases      ] GC(270) Phase 3: Adjust pointers 68.208ms
[186.847s][info][gc,phases,start] GC(270) Phase 4: Move objects
[186.875s][info][gc,phases      ] GC(270) Phase 4: Move objects 27.909ms
[186.875s][info][gc,heap        ] GC(270) DefNew: 191224K(629120K)->0K(629120K) Eden: 130220K(559232K)->0K(559232K) From: 61004K(69888K)->0K(69888K)
[186.875s][info][gc,heap        ] GC(270) Tenured: 1297529K(1398144K)->164302K(1398144K)
[186.875s][info][gc,metaspace   ] GC(270) Metaspace: 22362K(22656K)->22362K(22656K) NonClass: 19574K(19712K)->19574K(19712K) Class: 2788K(2944K)->2788K(2944K)
[186.875s][info][gc             ] GC(270) Pause Full (System.gc()) 1453M->160M(1979M) 509.855ms
[186.875s][info][gc,cpu         ] GC(270) User=0.47s Sys=0.00s Real=0.50s
[187.026s][info][gc,start       ] GC(271) Pause Young (Allocation Failure)
[187.334s][info][gc,heap        ] GC(271) DefNew: 559232K(629120K)->69887K(629120K) Eden: 559232K(559232K)->0K(559232K) From: 0K(69888K)->69887K(69888K)
[187.334s][info][gc,heap        ] GC(271) Tenured: 164302K(1398144K)->166766K(1398144K)
[187.334s][info][gc,metaspace   ] GC(271) Metaspace: 22366K(22656K)->22366K(22656K) NonClass: 19577K(19712K)->19577K(19712K) Class: 2788K(2944K)->2788K(2944K)
[187.334s][info][gc             ] GC(271) Pause Young (Allocation Failure) 706M->231M(1979M) 308.044ms
[187.334s][info][gc,cpu         ] GC(271) User=0.31s Sys=0.00s Real=0.31s
[187.480s][info][gc,start       ] GC(272) Pause Young (Allocation Failure)
[187.960s][info][gc,heap        ] GC(272) DefNew: 629119K(629120K)->69888K(629120K) Eden: 559232K(559232K)->0K(559232K) From: 69887K(69888K)->69888K(69888K)
[187.960s][info][gc,heap        ] GC(272) Tenured: 166766K(1398144K)->231652K(1398144K)
[187.960s][info][gc,metaspace   ] GC(272) Metaspace: 22366K(22656K)->22366K(22656K) NonClass: 19577K(19712K)->19577K(19712K) Class: 2788K(2944K)->2788K(2944K)
[187.960s][info][gc             ] GC(272) Pause Young (Allocation Failure) 777M->294M(1979M) 479.314ms
[187.960s][info][gc,cpu         ] GC(272) User=0.47s Sys=0.00s Real=0.49s
[188.533s][info][gc,start       ] GC(273) Pause Young (Allocation Failure)
[188.820s][info][gc,heap        ] GC(273) DefNew: 629120K(629120K)->57307K(629120K) Eden: 559232K(559232K)->0K(559232K) From: 69888K(69888K)->57307K(69888K)
[188.820s][info][gc,heap        ] GC(273) Tenured: 231652K(1398144K)->267194K(1398144K)
[188.820s][info][gc,metaspace   ] GC(273) Metaspace: 22366K(22656K)->22366K(22656K) NonClass: 19577K(19712K)->19577K(19712K) Class: 2788K(2944K)->2788K(2944K)
[188.820s][info][gc             ] GC(273) Pause Young (Allocation Failure) 840M->316M(1979M) 287.195ms
[188.820s][info][gc,cpu         ] GC(273) User=0.28s Sys=0.00s Real=0.28s
[188.964s][info][gc,start       ] GC(274) Pause Young (Allocation Failure)
[189.377s][info][gc,heap        ] GC(274) DefNew: 616539K(629120K)->69887K(629120K) Eden: 559232K(559232K)->0K(559232K) From: 57307K(69888K)->69887K(69888K)
[189.377s][info][gc,heap        ] GC(274) Tenured: 267194K(1398144K)->323337K(1398144K)
[189.377s][info][gc,metaspace   ] GC(274) Metaspace: 22366K(22656K)->22366K(22656K) NonClass: 19577K(19712K)->19577K(19712K) Class: 2788K(2944K)->2788K(2944K)
[189.377s][info][gc             ] GC(274) Pause Young (Allocation Failure) 863M->384M(1979M) 413.500ms
[189.377s][info][gc,cpu         ] GC(274) User=0.41s Sys=0.00s Real=0.42s
[189.717s][info][gc,start       ] GC(275) Pause Young (Allocation Failure)
[190.057s][info][gc,heap        ] GC(275) DefNew: 629119K(629120K)->68788K(629120K) Eden: 559232K(559232K)->0K(559232K) From: 69887K(69888K)->68788K(69888K)
[190.057s][info][gc,heap        ] GC(275) Tenured: 323337K(1398144K)->360616K(1398144K)
[190.057s][info][gc,metaspace   ] GC(275) Metaspace: 22366K(22656K)->22366K(22656K) NonClass: 19577K(19712K)->19577K(19712K) Class: 2788K(2944K)->2788K(2944K)
[190.057s][info][gc             ] GC(275) Pause Young (Allocation Failure) 930M->419M(1979M) 339.855ms
[190.057s][info][gc,cpu         ] GC(275) User=0.33s Sys=0.00s Real=0.33s
[190.413s][info][gc,start       ] GC(276) Pause Young (Allocation Failure)
[190.729s][info][gc,heap        ] GC(276) DefNew: 628020K(629120K)->66380K(629120K) Eden: 559232K(559232K)->0K(559232K) From: 68788K(69888K)->66380K(69888K)
[190.729s][info][gc,heap        ] GC(276) Tenured: 360616K(1398144K)->397389K(1398144K)
[190.729s][info][gc,metaspace   ] GC(276) Metaspace: 22367K(22656K)->22367K(22656K) NonClass: 19578K(19712K)->19578K(19712K) Class: 2788K(2944K)->2788K(2944K)
[190.729s][info][gc             ] GC(276) Pause Young (Allocation Failure) 965M->452M(1979M) 316.310ms
[190.729s][info][gc,cpu         ] GC(276) User=0.25s Sys=0.00s Real=0.31s
[190.878s][info][gc,start       ] GC(277) Pause Young (Allocation Failure)
[191.344s][info][gc,heap        ] GC(277) DefNew: 625612K(629120K)->69888K(629120K) Eden: 559232K(559232K)->0K(559232K) From: 66380K(69888K)->69888K(69888K)
[191.344s][info][gc,heap        ] GC(277) Tenured: 397389K(1398144K)->460329K(1398144K)
[191.344s][info][gc,metaspace   ] GC(277) Metaspace: 22367K(22656K)->22367K(22656K) NonClass: 19578K(19712K)->19578K(19712K) Class: 2788K(2944K)->2788K(2944K)
[191.344s][info][gc             ] GC(277) Pause Young (Allocation Failure) 999M->517M(1979M) 465.621ms
[191.344s][info][gc,cpu         ] GC(277) User=0.44s Sys=0.00s Real=0.46s
[191.938s][info][gc,start       ] GC(278) Pause Young (Allocation Failure)
[192.198s][info][gc,heap        ] GC(278) DefNew: 629120K(629120K)->46159K(629120K) Eden: 559232K(559232K)->0K(559232K) From: 69888K(69888K)->46159K(69888K)
[192.198s][info][gc,heap        ] GC(278) Tenured: 460329K(1398144K)->495621K(1398144K)
[192.198s][info][gc,metaspace   ] GC(278) Metaspace: 22367K(22656K)->22367K(22656K) NonClass: 19578K(19712K)->19578K(19712K) Class: 2788K(2944K)->2788K(2944K)
[192.198s][info][gc             ] GC(278) Pause Young (Allocation Failure) 1063M->529M(1979M) 260.642ms
[192.198s][info][gc,cpu         ] GC(278) User=0.27s Sys=0.00s Real=0.25s
[192.342s][info][gc,start       ] GC(279) Pause Young (Allocation Failure)
[192.733s][info][gc,heap        ] GC(279) DefNew: 605391K(629120K)->69887K(629120K) Eden: 559232K(559232K)->0K(559232K) From: 46159K(69888K)->69887K(69888K)
[192.733s][info][gc,heap        ] GC(279) Tenured: 495621K(1398144K)->541402K(1398144K)
[192.733s][info][gc,metaspace   ] GC(279) Metaspace: 22367K(22656K)->22367K(22656K) NonClass: 19578K(19712K)->19578K(19712K) Class: 2788K(2944K)->2788K(2944K)
[192.733s][info][gc             ] GC(279) Pause Young (Allocation Failure) 1075M->596M(1979M) 391.019ms
[192.733s][info][gc,cpu         ] GC(279) User=0.38s Sys=0.00s Real=0.39s
[192.905s][info][gc,start       ] GC(280) Pause Young (Allocation Failure)
[193.389s][info][gc,heap        ] GC(280) DefNew: 629119K(629120K)->69888K(629120K) Eden: 559232K(559232K)->0K(559232K) From: 69887K(69888K)->69888K(69888K)
[193.389s][info][gc,heap        ] GC(280) Tenured: 541402K(1398144K)->604457K(1398144K)
[193.389s][info][gc,metaspace   ] GC(280) Metaspace: 22367K(22656K)->22367K(22656K) NonClass: 19578K(19712K)->19578K(19712K) Class: 2788K(2944K)->2788K(2944K)
[193.389s][info][gc             ] GC(280) Pause Young (Allocation Failure) 1143M->658M(1979M) 483.494ms
[193.389s][info][gc,cpu         ] GC(280) User=0.45s Sys=0.00s Real=0.47s
[193.908s][info][gc,start       ] GC(281) Pause Young (Allocation Failure)
[194.230s][info][gc,heap        ] GC(281) DefNew: 629120K(629120K)->61014K(629120K) Eden: 559232K(559232K)->0K(559232K) From: 69888K(69888K)->61014K(69888K)
[194.230s][info][gc,heap        ] GC(281) Tenured: 604457K(1398144K)->638446K(1398144K)
[194.230s][info][gc,metaspace   ] GC(281) Metaspace: 22367K(22656K)->22367K(22656K) NonClass: 19578K(19712K)->19578K(19712K) Class: 2788K(2944K)->2788K(2944K)
[194.230s][info][gc             ] GC(281) Pause Young (Allocation Failure) 1204M->683M(1979M) 322.095ms
[194.230s][info][gc,cpu         ] GC(281) User=0.30s Sys=0.00s Real=0.33s
[194.374s][info][gc,start       ] GC(282) Pause Young (Allocation Failure)
[194.810s][info][gc,heap        ] GC(282) DefNew: 620246K(629120K)->69888K(629120K) Eden: 559232K(559232K)->0K(559232K) From: 61014K(69888K)->69888K(69888K)
[194.810s][info][gc,heap        ] GC(282) Tenured: 638446K(1398144K)->696451K(1398144K)
[194.810s][info][gc,metaspace   ] GC(282) Metaspace: 22367K(22656K)->22367K(22656K) NonClass: 19578K(19712K)->19578K(19712K) Class: 2788K(2944K)->2788K(2944K)
[194.810s][info][gc             ] GC(282) Pause Young (Allocation Failure) 1229M->748M(1979M) 435.794ms
[194.810s][info][gc,cpu         ] GC(282) User=0.44s Sys=0.00s Real=0.44s
[195.246s][info][gc,start       ] GC(283) Pause Young (Allocation Failure)
[195.525s][info][gc,heap        ] GC(283) DefNew: 629120K(629120K)->55259K(629120K) Eden: 559232K(559232K)->0K(559232K) From: 69888K(69888K)->55259K(69888K)
[195.525s][info][gc,heap        ] GC(283) Tenured: 696451K(1398144K)->732347K(1398144K)
[195.525s][info][gc,metaspace   ] GC(283) Metaspace: 22367K(22656K)->22367K(22656K) NonClass: 19578K(19712K)->19578K(19712K) Class: 2788K(2944K)->2788K(2944K)
[195.525s][info][gc             ] GC(283) Pause Young (Allocation Failure) 1294M->769M(1979M) 279.194ms
[195.525s][info][gc,cpu         ] GC(283) User=0.27s Sys=0.00s Real=0.28s
[195.775s][info][gc,start       ] GC(284) Pause Young (Allocation Failure)
[196.108s][info][gc,heap        ] GC(284) DefNew: 614491K(629120K)->69887K(629120K) Eden: 559232K(559232K)->0K(559232K) From: 55259K(69888K)->69887K(69888K)
[196.108s][info][gc,heap        ] GC(284) Tenured: 732347K(1398144K)->769557K(1398144K)
[196.108s][info][gc,metaspace   ] GC(284) Metaspace: 22367K(22656K)->22367K(22656K) NonClass: 19578K(19712K)->19578K(19712K) Class: 2788K(2944K)->2788K(2944K)
[196.108s][info][gc             ] GC(284) Pause Young (Allocation Failure) 1315M->819M(1979M) 332.273ms
[196.108s][info][gc,cpu         ] GC(284) User=0.31s Sys=0.00s Real=0.35s
[196.266s][info][gc,start       ] GC(285) Pause Young (Allocation Failure)
[196.765s][info][gc,heap        ] GC(285) DefNew: 629119K(629120K)->69888K(629120K) Eden: 559232K(559232K)->0K(559232K) From: 69887K(69888K)->69888K(69888K)
[196.765s][info][gc,heap        ] GC(285) Tenured: 769557K(1398144K)->839496K(1398144K)
[196.765s][info][gc,metaspace   ] GC(285) Metaspace: 22367K(22656K)->22367K(22656K) NonClass: 19578K(19712K)->19578K(19712K) Class: 2788K(2944K)->2788K(2944K)
[196.765s][info][gc             ] GC(285) Pause Young (Allocation Failure) 1365M->888M(1979M) 499.324ms
[196.765s][info][gc,cpu         ] GC(285) User=0.47s Sys=0.02s Real=0.49s
[197.331s][info][gc,start       ] GC(286) Pause Young (Allocation Failure)
[197.623s][info][gc,heap        ] GC(286) DefNew: 629120K(629120K)->49924K(629120K) Eden: 559232K(559232K)->0K(559232K) From: 69888K(69888K)->49924K(69888K)
[197.623s][info][gc,heap        ] GC(286) Tenured: 839496K(1398144K)->876048K(1398144K)
[197.623s][info][gc,metaspace   ] GC(286) Metaspace: 22372K(22656K)->22372K(22656K) NonClass: 19584K(19712K)->19584K(19712K) Class: 2788K(2944K)->2788K(2944K)
[197.623s][info][gc             ] GC(286) Pause Young (Allocation Failure) 1434M->904M(1979M) 292.633ms
[197.623s][info][gc,cpu         ] GC(286) User=0.28s Sys=0.00s Real=0.28s
[197.761s][info][gc,start       ] GC(287) Pause Young (Allocation Failure)
[198.180s][info][gc,heap        ] GC(287) DefNew: 609156K(629120K)->69887K(629120K) Eden: 559232K(559232K)->0K(559232K) From: 49924K(69888K)->69887K(69888K)
[198.180s][info][gc,heap        ] GC(287) Tenured: 876048K(1398144K)->922670K(1398144K)
[198.180s][info][gc,metaspace   ] GC(287) Metaspace: 22372K(22656K)->22372K(22656K) NonClass: 19584K(19712K)->19584K(19712K) Class: 2788K(2944K)->2788K(2944K)
[198.180s][info][gc             ] GC(287) Pause Young (Allocation Failure) 1450M->969M(1979M) 419.543ms
[198.180s][info][gc,cpu         ] GC(287) User=0.39s Sys=0.00s Real=0.42s
[198.435s][info][gc,start       ] GC(288) Pause Young (Allocation Failure)
[198.875s][info][gc,heap        ] GC(288) DefNew: 629119K(629120K)->69887K(629120K) Eden: 559232K(559232K)->0K(559232K) From: 69887K(69888K)->69887K(69888K)
[198.875s][info][gc,heap        ] GC(288) Tenured: 922670K(1398144K)->975669K(1398144K)
[198.875s][info][gc,metaspace   ] GC(288) Metaspace: 22372K(22656K)->22372K(22656K) NonClass: 19584K(19712K)->19584K(19712K) Class: 2788K(2944K)->2788K(2944K)
[198.875s][info][gc             ] GC(288) Pause Young (Allocation Failure) 1515M->1021M(1979M) 440.615ms
[198.875s][info][gc,cpu         ] GC(288) User=0.42s Sys=0.00s Real=0.43s
[199.391s][info][gc,start       ] GC(289) Pause Young (Allocation Failure)
[199.717s][info][gc,heap        ] GC(289) DefNew: 629119K(629120K)->67283K(629120K) Eden: 559232K(559232K)->0K(559232K) From: 69887K(69888K)->67283K(69888K)
[199.717s][info][gc,heap        ] GC(289) Tenured: 975669K(1398144K)->1010872K(1398144K)
[199.717s][info][gc,metaspace   ] GC(289) Metaspace: 22372K(22656K)->22372K(22656K) NonClass: 19584K(19712K)->19584K(19712K) Class: 2788K(2944K)->2788K(2944K)
[199.717s][info][gc             ] GC(289) Pause Young (Allocation Failure) 1567M->1052M(1979M) 325.519ms
[199.717s][info][gc,cpu         ] GC(289) User=0.33s Sys=0.00s Real=0.33s
[199.867s][info][gc,start       ] GC(290) Pause Young (Allocation Failure)
[200.325s][info][gc,heap        ] GC(290) DefNew: 626515K(629120K)->69887K(629120K) Eden: 559232K(559232K)->0K(559232K) From: 67283K(69888K)->69887K(69888K)
[200.325s][info][gc,heap        ] GC(290) Tenured: 1010872K(1398144K)->1074957K(1398144K)
[200.325s][info][gc,metaspace   ] GC(290) Metaspace: 22372K(22656K)->22372K(22656K) NonClass: 19584K(19712K)->19584K(19712K) Class: 2788K(2944K)->2788K(2944K)
[200.325s][info][gc             ] GC(290) Pause Young (Allocation Failure) 1599M->1118M(1979M) 458.120ms
[200.325s][info][gc,cpu         ] GC(290) User=0.42s Sys=0.00s Real=0.46s
[200.890s][info][gc,start       ] GC(291) Pause Young (Allocation Failure)
[201.132s][info][gc,heap        ] GC(291) DefNew: 629119K(629120K)->39835K(629120K) Eden: 559232K(559232K)->0K(559232K) From: 69887K(69888K)->39835K(69888K)
[201.132s][info][gc,heap        ] GC(291) Tenured: 1074957K(1398144K)->1112541K(1398144K)
[201.132s][info][gc,metaspace   ] GC(291) Metaspace: 22373K(22656K)->22373K(22656K) NonClass: 19585K(19712K)->19585K(19712K) Class: 2788K(2944K)->2788K(2944K)
[201.132s][info][gc             ] GC(291) Pause Young (Allocation Failure) 1664M->1125M(1979M) 242.058ms
[201.132s][info][gc,cpu         ] GC(291) User=0.25s Sys=0.00s Real=0.24s
[201.294s][info][gc,start       ] GC(292) Pause Young (Allocation Failure)
[201.659s][info][gc,heap        ] GC(292) DefNew: 599067K(629120K)->69887K(629120K) Eden: 559232K(559232K)->0K(559232K) From: 39835K(69888K)->69887K(69888K)
[201.659s][info][gc,heap        ] GC(292) Tenured: 1112541K(1398144K)->1152261K(1398144K)
[201.659s][info][gc,metaspace   ] GC(292) Metaspace: 22374K(22656K)->22374K(22656K) NonClass: 19585K(19712K)->19585K(19712K) Class: 2788K(2944K)->2788K(2944K)
[201.659s][info][gc             ] GC(292) Pause Young (Allocation Failure) 1671M->1193M(1979M) 364.957ms
[201.659s][info][gc,cpu         ] GC(292) User=0.36s Sys=0.00s Real=0.36s
[201.810s][info][gc,start       ] GC(293) Pause Young (Allocation Failure)
[202.290s][info][gc,heap        ] GC(293) DefNew: 629119K(629120K)->69888K(629120K) Eden: 559232K(559232K)->0K(559232K) From: 69887K(69888K)->69888K(69888K)
[202.290s][info][gc,heap        ] GC(293) Tenured: 1152261K(1398144K)->1218237K(1398144K)
[202.290s][info][gc,metaspace   ] GC(293) Metaspace: 22374K(22656K)->22374K(22656K) NonClass: 19585K(19712K)->19585K(19712K) Class: 2788K(2944K)->2788K(2944K)
[202.290s][info][gc             ] GC(293) Pause Young (Allocation Failure) 1739M->1257M(1979M) 480.000ms
[202.290s][info][gc,cpu         ] GC(293) User=0.48s Sys=0.00s Real=0.47s
[202.847s][info][gc,start       ] GC(294) Pause Young (Allocation Failure)
[203.147s][info][gc,heap        ] GC(294) DefNew: 629120K(629120K)->57617K(629120K) Eden: 559232K(559232K)->0K(559232K) From: 69888K(69888K)->57617K(69888K)
[203.147s][info][gc,heap        ] GC(294) Tenured: 1218237K(1398144K)->1254361K(1398144K)
[203.147s][info][gc,metaspace   ] GC(294) Metaspace: 22375K(22656K)->22375K(22656K) NonClass: 19587K(19712K)->19587K(19712K) Class: 2788K(2944K)->2788K(2944K)
[203.147s][info][gc             ] GC(294) Pause Young (Allocation Failure) 1804M->1281M(1979M) 300.197ms
[203.147s][info][gc,cpu         ] GC(294) User=0.28s Sys=0.00s Real=0.30s
[203.291s][info][gc,start       ] GC(295) Pause Young (Allocation Failure)
[203.714s][info][gc,heap        ] GC(295) DefNew: 616849K(629120K)->69888K(629120K) Eden: 559232K(559232K)->0K(559232K) From: 57617K(69888K)->69888K(69888K)
[203.714s][info][gc,heap        ] GC(295) Tenured: 1254361K(1398144K)->1306605K(1398144K)
[203.714s][info][gc,metaspace   ] GC(295) Metaspace: 22375K(22656K)->22375K(22656K) NonClass: 19587K(19712K)->19587K(19712K) Class: 2788K(2944K)->2788K(2944K)
[203.714s][info][gc             ] GC(295) Pause Young (Allocation Failure) 1827M->1344M(1979M) 423.789ms
[203.714s][info][gc,cpu         ] GC(295) User=0.39s Sys=0.00s Real=0.42s
[204.035s][info][gc,start       ] GC(296) Pause Young (Allocation Failure)
[204.401s][info][gc,heap        ] GC(296) DefNew: 629120K(629120K)->69321K(629120K) Eden: 559232K(559232K)->0K(559232K) From: 69888K(69888K)->69321K(69888K)
[204.401s][info][gc,heap        ] GC(296) Tenured: 1306605K(1398144K)->1343507K(1398144K)
[204.401s][info][gc,metaspace   ] GC(296) Metaspace: 22375K(22656K)->22375K(22656K) NonClass: 19587K(19712K)->19587K(19712K) Class: 2788K(2944K)->2788K(2944K)
[204.401s][info][gc             ] GC(296) Pause Young (Allocation Failure) 1890M->1379M(1979M) 366.286ms
[204.401s][info][gc,cpu         ] GC(296) User=0.36s Sys=0.00s Real=0.36s
[204.666s][info][gc,start       ] GC(297) Pause Full (System.gc())
[204.666s][info][gc,phases,start] GC(297) Phase 1: Mark live objects
[204.870s][info][gc,phases      ] GC(297) Phase 1: Mark live objects 203.638ms
[204.870s][info][gc,phases,start] GC(297) Phase 2: Compute new object addresses
[205.102s][info][gc,phases      ] GC(297) Phase 2: Compute new object addresses 232.494ms
[205.102s][info][gc,phases,start] GC(297) Phase 3: Adjust pointers
[205.180s][info][gc,phases      ] GC(297) Phase 3: Adjust pointers 77.503ms
[205.180s][info][gc,phases,start] GC(297) Phase 4: Move objects
[205.212s][info][gc,phases      ] GC(297) Phase 4: Move objects 31.896ms
[205.212s][info][gc,heap        ] GC(297) DefNew: 241845K(629120K)->0K(629120K) Eden: 172524K(559232K)->0K(559232K) From: 69321K(69888K)->0K(69888K)
[205.212s][info][gc,heap        ] GC(297) Tenured: 1343507K(1398144K)->164040K(1398144K)
[205.212s][info][gc,metaspace   ] GC(297) Metaspace: 22376K(22656K)->22376K(22656K) NonClass: 19587K(19712K)->19587K(19712K) Class: 2788K(2944K)->2788K(2944K)
[205.212s][info][gc             ] GC(297) Pause Full (System.gc()) 1548M->160M(1979M) 546.191ms
[205.212s][info][gc,cpu         ] GC(297) User=0.52s Sys=0.00s Real=0.55s
[205.374s][info][gc,start       ] GC(298) Pause Young (Allocation Failure)
[205.683s][info][gc,heap        ] GC(298) DefNew: 559232K(629120K)->69888K(629120K) Eden: 559232K(559232K)->0K(559232K) From: 0K(69888K)->69888K(69888K)
[205.683s][info][gc,heap        ] GC(298) Tenured: 164040K(1398144K)->169170K(1398144K)
[205.683s][info][gc,metaspace   ] GC(298) Metaspace: 22376K(22656K)->22376K(22656K) NonClass: 19588K(19712K)->19588K(19712K) Class: 2788K(2944K)->2788K(2944K)
[205.683s][info][gc             ] GC(298) Pause Young (Allocation Failure) 706M->233M(1979M) 308.847ms
[205.683s][info][gc,cpu         ] GC(298) User=0.30s Sys=0.00s Real=0.30s
[205.828s][info][gc,start       ] GC(299) Pause Young (Allocation Failure)
[206.309s][info][gc,heap        ] GC(299) DefNew: 629120K(629120K)->69888K(629120K) Eden: 559232K(559232K)->0K(559232K) From: 69888K(69888K)->69888K(69888K)
[206.309s][info][gc,heap        ] GC(299) Tenured: 169170K(1398144K)->235734K(1398144K)
[206.309s][info][gc,metaspace   ] GC(299) Metaspace: 22376K(22656K)->22376K(22656K) NonClass: 19588K(19712K)->19588K(19712K) Class: 2788K(2944K)->2788K(2944K)
[206.309s][info][gc             ] GC(299) Pause Young (Allocation Failure) 779M->298M(1979M) 481.295ms
[206.309s][info][gc,cpu         ] GC(299) User=0.45s Sys=0.00s Real=0.48s
[206.869s][info][gc,start       ] GC(300) Pause Young (Allocation Failure)
[207.187s][info][gc,heap        ] GC(300) DefNew: 629120K(629120K)->61262K(629120K) Eden: 559232K(559232K)->0K(559232K) From: 69888K(69888K)->61262K(69888K)
[207.188s][info][gc,heap        ] GC(300) Tenured: 235734K(1398144K)->270271K(1398144K)
[207.188s][info][gc,metaspace   ] GC(300) Metaspace: 22376K(22656K)->22376K(22656K) NonClass: 19588K(19712K)->19588K(19712K) Class: 2788K(2944K)->2788K(2944K)
[207.188s][info][gc             ] GC(300) Pause Young (Allocation Failure) 844M->323M(1979M) 318.384ms
[207.188s][info][gc,cpu         ] GC(300) User=0.30s Sys=0.00s Real=0.31s
[207.327s][info][gc,start       ] GC(301) Pause Young (Allocation Failure)
[207.766s][info][gc,heap        ] GC(301) DefNew: 620494K(629120K)->69887K(629120K) Eden: 559232K(559232K)->0K(559232K) From: 61262K(69888K)->69887K(69888K)
[207.766s][info][gc,heap        ] GC(301) Tenured: 270271K(1398144K)->327152K(1398144K)
[207.766s][info][gc,metaspace   ] GC(301) Metaspace: 22376K(22656K)->22376K(22656K) NonClass: 19588K(19712K)->19588K(19712K) Class: 2788K(2944K)->2788K(2944K)
[207.766s][info][gc             ] GC(301) Pause Young (Allocation Failure) 869M->387M(1979M) 438.977ms
[207.766s][info][gc,cpu         ] GC(301) User=0.44s Sys=0.00s Real=0.44s
[208.172s][info][gc,start       ] GC(302) Pause Young (Allocation Failure)
[208.488s][info][gc,heap        ] GC(302) DefNew: 629119K(629120K)->64852K(629120K) Eden: 559232K(559232K)->0K(559232K) From: 69887K(69888K)->64852K(69888K)
[208.488s][info][gc,heap        ] GC(302) Tenured: 327152K(1398144K)->365485K(1398144K)
[208.488s][info][gc,metaspace   ] GC(302) Metaspace: 22376K(22656K)->22376K(22656K) NonClass: 19588K(19712K)->19588K(19712K) Class: 2788K(2944K)->2788K(2944K)
[208.488s][info][gc             ] GC(302) Pause Young (Allocation Failure) 933M->420M(1979M) 315.933ms
[208.488s][info][gc,cpu         ] GC(302) User=0.30s Sys=0.00s Real=0.31s
[208.829s][info][gc,start       ] GC(303) Pause Young (Allocation Failure)
[209.148s][info][gc,heap        ] GC(303) DefNew: 624084K(629120K)->68643K(629120K) Eden: 559232K(559232K)->0K(559232K) From: 64852K(69888K)->68643K(69888K)
[209.148s][info][gc,heap        ] GC(303) Tenured: 365485K(1398144K)->401753K(1398144K)
[209.148s][info][gc,metaspace   ] GC(303) Metaspace: 22376K(22656K)->22376K(22656K) NonClass: 19588K(19712K)->19588K(19712K) Class: 2788K(2944K)->2788K(2944K)
[209.148s][info][gc             ] GC(303) Pause Young (Allocation Failure) 966M->459M(1979M) 318.612ms
[209.148s][info][gc,cpu         ] GC(303) User=0.31s Sys=0.00s Real=0.31s
[209.293s][info][gc,start       ] GC(304) Pause Young (Allocation Failure)
[209.758s][info][gc,heap        ] GC(304) DefNew: 627875K(629120K)->69887K(629120K) Eden: 559232K(559232K)->0K(559232K) From: 68643K(69888K)->69887K(69888K)
[209.758s][info][gc,heap        ] GC(304) Tenured: 401753K(1398144K)->466982K(1398144K)
[209.758s][info][gc,metaspace   ] GC(304) Metaspace: 22376K(22656K)->22376K(22656K) NonClass: 19588K(19712K)->19588K(19712K) Class: 2788K(2944K)->2788K(2944K)
[209.758s][info][gc             ] GC(304) Pause Young (Allocation Failure) 1005M->524M(1979M) 464.526ms
[209.758s][info][gc,cpu         ] GC(304) User=0.45s Sys=0.00s Real=0.46s
[210.334s][info][gc,start       ] GC(305) Pause Young (Allocation Failure)
[210.600s][info][gc,heap        ] GC(305) DefNew: 629119K(629120K)->47659K(629120K) Eden: 559232K(559232K)->0K(559232K) From: 69887K(69888K)->47659K(69888K)
[210.600s][info][gc,heap        ] GC(305) Tenured: 466982K(1398144K)->502262K(1398144K)
[210.600s][info][gc,metaspace   ] GC(305) Metaspace: 22377K(22656K)->22377K(22656K) NonClass: 19588K(19712K)->19588K(19712K) Class: 2788K(2944K)->2788K(2944K)
[210.600s][info][gc             ] GC(305) Pause Young (Allocation Failure) 1070M->537M(1979M) 266.050ms
[210.600s][info][gc,cpu         ] GC(305) User=0.25s Sys=0.00s Real=0.27s
[210.736s][info][gc,start       ] GC(306) Pause Young (Allocation Failure)
[211.128s][info][gc,heap        ] GC(306) DefNew: 606891K(629120K)->69887K(629120K) Eden: 559232K(559232K)->0K(559232K) From: 47659K(69888K)->69887K(69888K)
[211.128s][info][gc,heap        ] GC(306) Tenured: 502262K(1398144K)->545988K(1398144K)
[211.128s][info][gc,metaspace   ] GC(306) Metaspace: 22377K(22656K)->22377K(22656K) NonClass: 19588K(19712K)->19588K(19712K) Class: 2788K(2944K)->2788K(2944K)
[211.128s][info][gc             ] GC(306) Pause Young (Allocation Failure) 1083M->601M(1979M) 391.395ms
[211.128s][info][gc,cpu         ] GC(306) User=0.38s Sys=0.00s Real=0.39s
[211.261s][info][gc,start       ] GC(307) Pause Young (Allocation Failure)
[211.718s][info][gc,heap        ] GC(307) DefNew: 629119K(629120K)->68648K(629120K) Eden: 559232K(559232K)->0K(559232K) From: 69887K(69888K)->68648K(69888K)
[211.718s][info][gc,heap        ] GC(307) Tenured: 545988K(1398144K)->607288K(1398144K)
[211.718s][info][gc,metaspace   ] GC(307) Metaspace: 22377K(22656K)->22377K(22656K) NonClass: 19588K(19712K)->19588K(19712K) Class: 2788K(2944K)->2788K(2944K)
[211.718s][info][gc             ] GC(307) Pause Young (Allocation Failure) 1147M->660M(1979M) 456.674ms
[211.718s][info][gc,cpu         ] GC(307) User=0.45s Sys=0.00s Real=0.45s
[212.315s][info][gc,start       ] GC(308) Pause Young (Allocation Failure)
[212.628s][info][gc,heap        ] GC(308) DefNew: 627880K(629120K)->61133K(629120K) Eden: 559232K(559232K)->0K(559232K) From: 68648K(69888K)->61133K(69888K)
[212.628s][info][gc,heap        ] GC(308) Tenured: 607288K(1398144K)->638635K(1398144K)
[212.628s][info][gc,metaspace   ] GC(308) Metaspace: 22377K(22656K)->22377K(22656K) NonClass: 19588K(19712K)->19588K(19712K) Class: 2788K(2944K)->2788K(2944K)
[212.628s][info][gc             ] GC(308) Pause Young (Allocation Failure) 1206M->683M(1979M) 313.042ms
[212.628s][info][gc,cpu         ] GC(308) User=0.34s Sys=0.00s Real=0.31s
[212.768s][info][gc,start       ] GC(309) Pause Young (Allocation Failure)
[213.186s][info][gc,heap        ] GC(309) DefNew: 620365K(629120K)->69887K(629120K) Eden: 559232K(559232K)->0K(559232K) From: 61133K(69888K)->69887K(69888K)
[213.186s][info][gc,heap        ] GC(309) Tenured: 638635K(1398144K)->692813K(1398144K)
[213.186s][info][gc,metaspace   ] GC(309) Metaspace: 22377K(22656K)->22377K(22656K) NonClass: 19588K(19712K)->19588K(19712K) Class: 2788K(2944K)->2788K(2944K)
[213.186s][info][gc             ] GC(309) Pause Young (Allocation Failure) 1229M->744M(1979M) 418.515ms
[213.186s][info][gc,cpu         ] GC(309) User=0.41s Sys=0.00s Real=0.42s
[213.527s][info][gc,start       ] GC(310) Pause Young (Allocation Failure)
[213.886s][info][gc,heap        ] GC(310) DefNew: 629119K(629120K)->67142K(629120K) Eden: 559232K(559232K)->0K(559232K) From: 69887K(69888K)->67142K(69888K)
[213.886s][info][gc,heap        ] GC(310) Tenured: 692813K(1398144K)->729060K(1398144K)
[213.886s][info][gc,metaspace   ] GC(310) Metaspace: 22377K(22656K)->22377K(22656K) NonClass: 19588K(19712K)->19588K(19712K) Class: 2788K(2944K)->2788K(2944K)
[213.886s][info][gc             ] GC(310) Pause Young (Allocation Failure) 1290M->777M(1979M) 358.723ms
[213.886s][info][gc,cpu         ] GC(310) User=0.36s Sys=0.00s Real=0.35s
[214.240s][info][gc,start       ] GC(311) Pause Young (Allocation Failure)
[214.550s][info][gc,heap        ] GC(311) DefNew: 626374K(629120K)->64077K(629120K) Eden: 559232K(559232K)->0K(559232K) From: 67142K(69888K)->64077K(69888K)
[214.550s][info][gc,heap        ] GC(311) Tenured: 729060K(1398144K)->765218K(1398144K)
[214.550s][info][gc,metaspace   ] GC(311) Metaspace: 22377K(22656K)->22377K(22656K) NonClass: 19588K(19712K)->19588K(19712K) Class: 2788K(2944K)->2788K(2944K)
[214.550s][info][gc             ] GC(311) Pause Young (Allocation Failure) 1323M->809M(1979M) 310.007ms
[214.550s][info][gc,cpu         ] GC(311) User=0.27s Sys=0.03s Real=0.31s
[214.711s][info][gc,start       ] GC(312) Pause Young (Allocation Failure)
[215.179s][info][gc,heap        ] GC(312) DefNew: 623309K(629120K)->69887K(629120K) Eden: 559232K(559232K)->0K(559232K) From: 64077K(69888K)->69887K(69888K)
[215.179s][info][gc,heap        ] GC(312) Tenured: 765218K(1398144K)->829125K(1398144K)
[215.179s][info][gc,metaspace   ] GC(312) Metaspace: 22377K(22656K)->22377K(22656K) NonClass: 19588K(19712K)->19588K(19712K) Class: 2788K(2944K)->2788K(2944K)
[215.179s][info][gc             ] GC(312) Pause Young (Allocation Failure) 1355M->877M(1979M) 468.648ms
[215.179s][info][gc,cpu         ] GC(312) User=0.47s Sys=0.00s Real=0.46s
[215.750s][info][gc,start       ] GC(313) Pause Young (Allocation Failure)
[216.020s][info][gc,heap        ] GC(313) DefNew: 629119K(629120K)->48302K(629120K) Eden: 559232K(559232K)->0K(559232K) From: 69887K(69888K)->48302K(69888K)
[216.020s][info][gc,heap        ] GC(313) Tenured: 829125K(1398144K)->863633K(1398144K)
[216.020s][info][gc,metaspace   ] GC(313) Metaspace: 22377K(22656K)->22377K(22656K) NonClass: 19589K(19712K)->19589K(19712K) Class: 2788K(2944K)->2788K(2944K)
[216.020s][info][gc             ] GC(313) Pause Young (Allocation Failure) 1424M->890M(1979M) 269.679ms
[216.020s][info][gc,cpu         ] GC(313) User=0.28s Sys=0.00s Real=0.28s
[216.170s][info][gc,start       ] GC(314) Pause Young (Allocation Failure)
[216.572s][info][gc,heap        ] GC(314) DefNew: 607534K(629120K)->69887K(629120K) Eden: 559232K(559232K)->0K(559232K) From: 48302K(69888K)->69887K(69888K)
[216.572s][info][gc,heap        ] GC(314) Tenured: 863633K(1398144K)->915392K(1398144K)
[216.572s][info][gc,metaspace   ] GC(314) Metaspace: 22377K(22656K)->22377K(22656K) NonClass: 19589K(19712K)->19589K(19712K) Class: 2788K(2944K)->2788K(2944K)
[216.572s][info][gc             ] GC(314) Pause Young (Allocation Failure) 1436M->962M(1979M) 401.506ms
[216.572s][info][gc,cpu         ] GC(314) User=0.38s Sys=0.00s Real=0.39s
[216.727s][info][gc,start       ] GC(315) Pause Young (Allocation Failure)
[217.213s][info][gc,heap        ] GC(315) DefNew: 629119K(629120K)->69887K(629120K) Eden: 559232K(559232K)->0K(559232K) From: 69887K(69888K)->69887K(69888K)
[217.213s][info][gc,heap        ] GC(315) Tenured: 915392K(1398144K)->977923K(1398144K)
[217.213s][info][gc,metaspace   ] GC(315) Metaspace: 22377K(22656K)->22377K(22656K) NonClass: 19589K(19712K)->19589K(19712K) Class: 2788K(2944K)->2788K(2944K)
[217.213s][info][gc             ] GC(315) Pause Young (Allocation Failure) 1508M->1023M(1979M) 486.250ms
[217.213s][info][gc,cpu         ] GC(315) User=0.48s Sys=0.00s Real=0.47s
[217.729s][info][gc,start       ] GC(316) Pause Young (Allocation Failure)
[218.041s][info][gc,heap        ] GC(316) DefNew: 629119K(629120K)->61120K(629120K) Eden: 559232K(559232K)->0K(559232K) From: 69887K(69888K)->61120K(69888K)
[218.041s][info][gc,heap        ] GC(316) Tenured: 977923K(1398144K)->1011739K(1398144K)
[218.041s][info][gc,metaspace   ] GC(316) Metaspace: 22379K(22656K)->22379K(22656K) NonClass: 19590K(19712K)->19590K(19712K) Class: 2788K(2944K)->2788K(2944K)
[218.041s][info][gc             ] GC(316) Pause Young (Allocation Failure) 1569M->1047M(1979M) 312.669ms
[218.041s][info][gc,cpu         ] GC(316) User=0.31s Sys=0.00s Real=0.31s
[218.190s][info][gc,start       ] GC(317) Pause Young (Allocation Failure)
[218.634s][info][gc,heap        ] GC(317) DefNew: 620352K(629120K)->69888K(629120K) Eden: 559232K(559232K)->0K(559232K) From: 61120K(69888K)->69888K(69888K)
[218.634s][info][gc,heap        ] GC(317) Tenured: 1011739K(1398144K)->1072097K(1398144K)
[218.634s][info][gc,metaspace   ] GC(317) Metaspace: 22379K(22656K)->22379K(22656K) NonClass: 19590K(19712K)->19590K(19712K) Class: 2788K(2944K)->2788K(2944K)
[218.634s][info][gc             ] GC(317) Pause Young (Allocation Failure) 1593M->1115M(1979M) 444.420ms
[218.634s][info][gc,cpu         ] GC(317) User=0.45s Sys=0.00s Real=0.45s
[219.093s][info][gc,start       ] GC(318) Pause Young (Allocation Failure)
[219.372s][info][gc,heap        ] GC(318) DefNew: 629120K(629120K)->52827K(629120K) Eden: 559232K(559232K)->0K(559232K) From: 69888K(69888K)->52827K(69888K)
[219.372s][info][gc,heap        ] GC(318) Tenured: 1072097K(1398144K)->1107811K(1398144K)
[219.372s][info][gc,metaspace   ] GC(318) Metaspace: 22379K(22656K)->22379K(22656K) NonClass: 19590K(19712K)->19590K(19712K) Class: 2788K(2944K)->2788K(2944K)
[219.372s][info][gc             ] GC(318) Pause Young (Allocation Failure) 1661M->1133M(1979M) 278.799ms
[219.372s][info][gc,cpu         ] GC(318) User=0.14s Sys=0.00s Real=0.28s
[219.609s][info][gc,start       ] GC(319) Pause Young (Allocation Failure)
[219.956s][info][gc,heap        ] GC(319) DefNew: 612059K(629120K)->69888K(629120K) Eden: 559232K(559232K)->0K(559232K) From: 52827K(69888K)->69888K(69888K)
[219.956s][info][gc,heap        ] GC(319) Tenured: 1107811K(1398144K)->1147355K(1398144K)
[219.956s][info][gc,metaspace   ] GC(319) Metaspace: 22379K(22656K)->22379K(22656K) NonClass: 19590K(19712K)->19590K(19712K) Class: 2788K(2944K)->2788K(2944K)
[219.956s][info][gc             ] GC(319) Pause Young (Allocation Failure) 1679M->1188M(1979M) 346.899ms
[219.956s][info][gc,cpu         ] GC(319) User=0.34s Sys=0.00s Real=0.35s
[220.105s][info][gc,start       ] GC(320) Pause Young (Allocation Failure)
[220.587s][info][gc,heap        ] GC(320) DefNew: 629120K(629120K)->69887K(629120K) Eden: 559232K(559232K)->0K(559232K) From: 69888K(69888K)->69887K(69888K)
[220.587s][info][gc,heap        ] GC(320) Tenured: 1147355K(1398144K)->1212058K(1398144K)
[220.587s][info][gc,metaspace   ] GC(320) Metaspace: 22379K(22656K)->22379K(22656K) NonClass: 19590K(19712K)->19590K(19712K) Class: 2788K(2944K)->2788K(2944K)
[220.587s][info][gc             ] GC(320) Pause Young (Allocation Failure) 1734M->1251M(1979M) 482.536ms
[220.587s][info][gc,cpu         ] GC(320) User=0.47s Sys=0.00s Real=0.49s
[221.170s][info][gc,start       ] GC(321) Pause Young (Allocation Failure)
[221.469s][info][gc,heap        ] GC(321) DefNew: 629119K(629120K)->54351K(629120K) Eden: 559232K(559232K)->0K(559232K) From: 69887K(69888K)->54351K(69888K)
[221.469s][info][gc,heap        ] GC(321) Tenured: 1212058K(1398144K)->1247575K(1398144K)
[221.469s][info][gc,metaspace   ] GC(321) Metaspace: 22379K(22656K)->22379K(22656K) NonClass: 19591K(19712K)->19591K(19712K) Class: 2788K(2944K)->2788K(2944K)
[221.469s][info][gc             ] GC(321) Pause Young (Allocation Failure) 1798M->1271M(1979M) 299.387ms
[221.469s][info][gc,cpu         ] GC(321) User=0.33s Sys=0.00s Real=0.30s
[221.606s][info][gc,start       ] GC(322) Pause Young (Allocation Failure)
[222.030s][info][gc,heap        ] GC(322) DefNew: 613583K(629120K)->69888K(629120K) Eden: 559232K(559232K)->0K(559232K) From: 54351K(69888K)->69888K(69888K)
[222.030s][info][gc,heap        ] GC(322) Tenured: 1247575K(1398144K)->1295595K(1398144K)
[222.030s][info][gc,metaspace   ] GC(322) Metaspace: 22379K(22656K)->22379K(22656K) NonClass: 19591K(19712K)->19591K(19712K) Class: 2788K(2944K)->2788K(2944K)
[222.030s][info][gc             ] GC(322) Pause Young (Allocation Failure) 1817M->1333M(1979M) 424.542ms
[222.030s][info][gc,cpu         ] GC(322) User=0.42s Sys=0.00s Real=0.42s
[222.314s][info][gc,start       ] GC(323) Pause Young (Allocation Failure)
[222.764s][info][gc,heap        ] GC(323) DefNew: 629120K(629120K)->69888K(629120K) Eden: 559232K(559232K)->0K(559232K) From: 69888K(69888K)->69888K(69888K)
[222.764s][info][gc,heap        ] GC(323) Tenured: 1295595K(1398144K)->1344321K(1398144K)
[222.764s][info][gc,metaspace   ] GC(323) Metaspace: 22379K(22656K)->22379K(22656K) NonClass: 19591K(19712K)->19591K(19712K) Class: 2788K(2944K)->2788K(2944K)
[222.764s][info][gc             ] GC(323) Pause Young (Allocation Failure) 1879M->1381M(1979M) 450.508ms
[222.764s][info][gc,cpu         ] GC(323) User=0.41s Sys=0.00s Real=0.46s
[223.131s][info][gc,start       ] GC(324) Pause Full (System.gc())
[223.131s][info][gc,phases,start] GC(324) Phase 1: Mark live objects
[223.305s][info][gc,phases      ] GC(324) Phase 1: Mark live objects 173.705ms
[223.305s][info][gc,phases,start] GC(324) Phase 2: Compute new object addresses
[223.545s][info][gc,phases      ] GC(324) Phase 2: Compute new object addresses 240.638ms
[223.545s][info][gc,phases,start] GC(324) Phase 3: Adjust pointers
[223.636s][info][gc,phases      ] GC(324) Phase 3: Adjust pointers 90.103ms
[223.636s][info][gc,phases,start] GC(324) Phase 4: Move objects
[223.672s][info][gc,phases      ] GC(324) Phase 4: Move objects 36.049ms
[223.672s][info][gc,heap        ] GC(324) DefNew: 301386K(629120K)->0K(629120K) Eden: 231498K(559232K)->0K(559232K) From: 69888K(69888K)->0K(69888K)
[223.672s][info][gc,heap        ] GC(324) Tenured: 1344321K(1398144K)->163986K(1398144K)
[223.672s][info][gc,metaspace   ] GC(324) Metaspace: 22379K(22656K)->22379K(22656K) NonClass: 19591K(19712K)->19591K(19712K) Class: 2788K(2944K)->2788K(2944K)
[223.672s][info][gc             ] GC(324) Pause Full (System.gc()) 1607M->160M(1979M) 541.171ms
[223.672s][info][gc,cpu         ] GC(324) User=0.53s Sys=0.00s Real=0.55s
[223.823s][info][gc,start       ] GC(325) Pause Young (Allocation Failure)
[224.138s][info][gc,heap        ] GC(325) DefNew: 559232K(629120K)->69887K(629120K) Eden: 559232K(559232K)->0K(559232K) From: 0K(69888K)->69887K(69888K)
[224.138s][info][gc,heap        ] GC(325) Tenured: 163986K(1398144K)->168967K(1398144K)
[224.138s][info][gc,metaspace   ] GC(325) Metaspace: 22379K(22656K)->22379K(22656K) NonClass: 19591K(19712K)->19591K(19712K) Class: 2788K(2944K)->2788K(2944K)
[224.138s][info][gc             ] GC(325) Pause Young (Allocation Failure) 706M->233M(1979M) 314.637ms
[224.138s][info][gc,cpu         ] GC(325) User=0.31s Sys=0.00s Real=0.31s
[224.283s][info][gc,start       ] GC(326) Pause Young (Allocation Failure)
[224.766s][info][gc,heap        ] GC(326) DefNew: 629119K(629120K)->69888K(629120K) Eden: 559232K(559232K)->0K(559232K) From: 69887K(69888K)->69888K(69888K)
[224.766s][info][gc,heap        ] GC(326) Tenured: 168967K(1398144K)->234360K(1398144K)
[224.766s][info][gc,metaspace   ] GC(326) Metaspace: 22379K(22656K)->22379K(22656K) NonClass: 19591K(19712K)->19591K(19712K) Class: 2788K(2944K)->2788K(2944K)
[224.766s][info][gc             ] GC(326) Pause Young (Allocation Failure) 779M->297M(1979M) 482.920ms
[224.766s][info][gc,cpu         ] GC(326) User=0.47s Sys=0.00s Real=0.49s
[225.356s][info][gc,start       ] GC(327) Pause Young (Allocation Failure)
[225.659s][info][gc,heap        ] GC(327) DefNew: 629120K(629120K)->59226K(629120K) Eden: 559232K(559232K)->0K(559232K) From: 69888K(69888K)->59226K(69888K)
[225.659s][info][gc,heap        ] GC(327) Tenured: 234360K(1398144K)->269550K(1398144K)
[225.659s][info][gc,metaspace   ] GC(327) Metaspace: 22381K(22656K)->22381K(22656K) NonClass: 19593K(19712K)->19593K(19712K) Class: 2788K(2944K)->2788K(2944K)
[225.659s][info][gc             ] GC(327) Pause Young (Allocation Failure) 843M->321M(1979M) 303.295ms
[225.659s][info][gc,cpu         ] GC(327) User=0.30s Sys=0.00s Real=0.30s
[225.797s][info][gc,start       ] GC(328) Pause Young (Allocation Failure)
[226.222s][info][gc,heap        ] GC(328) DefNew: 618458K(629120K)->69888K(629120K) Eden: 559232K(559232K)->0K(559232K) From: 59226K(69888K)->69888K(69888K)
[226.222s][info][gc,heap        ] GC(328) Tenured: 269550K(1398144K)->324137K(1398144K)
[226.222s][info][gc,metaspace   ] GC(328) Metaspace: 22381K(22656K)->22381K(22656K) NonClass: 19593K(19712K)->19593K(19712K) Class: 2788K(2944K)->2788K(2944K)
[226.222s][info][gc             ] GC(328) Pause Young (Allocation Failure) 867M->384M(1979M) 425.370ms
[226.222s][info][gc,cpu         ] GC(328) User=0.42s Sys=0.00s Real=0.42s
[226.559s][info][gc,start       ] GC(329) Pause Young (Allocation Failure)
[226.920s][info][gc,heap        ] GC(329) DefNew: 629120K(629120K)->67391K(629120K) Eden: 559232K(559232K)->0K(559232K) From: 69888K(69888K)->67391K(69888K)
[226.920s][info][gc,heap        ] GC(329) Tenured: 324137K(1398144K)->365398K(1398144K)
[226.920s][info][gc,metaspace   ] GC(329) Metaspace: 22381K(22656K)->22381K(22656K) NonClass: 19593K(19712K)->19593K(19712K) Class: 2788K(2944K)->2788K(2944K)
[226.920s][info][gc             ] GC(329) Pause Young (Allocation Failure) 930M->422M(1979M) 360.689ms
[226.920s][info][gc,cpu         ] GC(329) User=0.36s Sys=0.00s Real=0.36s
[227.292s][info][gc,start       ] GC(330) Pause Young (Allocation Failure)
[227.614s][info][gc,heap        ] GC(330) DefNew: 626623K(629120K)->64883K(629120K) Eden: 559232K(559232K)->0K(559232K) From: 67391K(69888K)->64883K(69888K)
[227.614s][info][gc,heap        ] GC(330) Tenured: 365398K(1398144K)->400734K(1398144K)
[227.614s][info][gc,metaspace   ] GC(330) Metaspace: 22382K(22656K)->22382K(22656K) NonClass: 19593K(19712K)->19593K(19712K) Class: 2788K(2944K)->2788K(2944K)
[227.614s][info][gc             ] GC(330) Pause Young (Allocation Failure) 968M->454M(1979M) 321.850ms
[227.614s][info][gc,cpu         ] GC(330) User=0.31s Sys=0.00s Real=0.33s
[227.757s][info][gc,start       ] GC(331) Pause Young (Allocation Failure)
[228.208s][info][gc,heap        ] GC(331) DefNew: 624115K(629120K)->69888K(629120K) Eden: 559232K(559232K)->0K(559232K) From: 64883K(69888K)->69888K(69888K)
[228.208s][info][gc,heap        ] GC(331) Tenured: 400734K(1398144K)->460948K(1398144K)
[228.208s][info][gc,metaspace   ] GC(331) Metaspace: 22382K(22656K)->22382K(22656K) NonClass: 19593K(19712K)->19593K(19712K) Class: 2788K(2944K)->2788K(2944K)
[228.208s][info][gc             ] GC(331) Pause Young (Allocation Failure) 1000M->518M(1979M) 450.838ms
[228.208s][info][gc,cpu         ] GC(331) User=0.44s Sys=0.00s Real=0.46s
[228.812s][info][gc,start       ] GC(332) Pause Young (Allocation Failure)
[229.052s][info][gc,heap        ] GC(332) DefNew: 629120K(629120K)->41514K(629120K) Eden: 559232K(559232K)->0K(559232K) From: 69888K(69888K)->41514K(69888K)
[229.052s][info][gc,heap        ] GC(332) Tenured: 460948K(1398144K)->496038K(1398144K)
[229.052s][info][gc,metaspace   ] GC(332) Metaspace: 22385K(22656K)->22385K(22656K) NonClass: 19597K(19712K)->19597K(19712K) Class: 2788K(2944K)->2788K(2944K)
[229.052s][info][gc             ] GC(332) Pause Young (Allocation Failure) 1064M->524M(1979M) 240.457ms
[229.052s][info][gc,cpu         ] GC(332) User=0.22s Sys=0.00s Real=0.24s
[229.201s][info][gc,start       ] GC(333) Pause Young (Allocation Failure)
[229.582s][info][gc,heap        ] GC(333) DefNew: 600746K(629120K)->69887K(629120K) Eden: 559232K(559232K)->0K(559232K) From: 41514K(69888K)->69887K(69888K)
[229.582s][info][gc,heap        ] GC(333) Tenured: 496038K(1398144K)->540782K(1398144K)
[229.582s][info][gc,metaspace   ] GC(333) Metaspace: 22385K(22656K)->22385K(22656K) NonClass: 19597K(19712K)->19597K(19712K) Class: 2788K(2944K)->2788K(2944K)
[229.582s][info][gc             ] GC(333) Pause Young (Allocation Failure) 1071M->596M(1979M) 381.571ms
[229.582s][info][gc,cpu         ] GC(333) User=0.34s Sys=0.00s Real=0.38s
[229.732s][info][gc,start       ] GC(334) Pause Young (Allocation Failure)
[230.208s][info][gc,heap        ] GC(334) DefNew: 629119K(629120K)->69888K(629120K) Eden: 559232K(559232K)->0K(559232K) From: 69887K(69888K)->69888K(69888K)
[230.209s][info][gc,heap        ] GC(334) Tenured: 540782K(1398144K)->607306K(1398144K)
[230.209s][info][gc,metaspace   ] GC(334) Metaspace: 22385K(22656K)->22385K(22656K) NonClass: 19597K(19712K)->19597K(19712K) Class: 2788K(2944K)->2788K(2944K)
[230.209s][info][gc             ] GC(334) Pause Young (Allocation Failure) 1142M->661M(1979M) 476.448ms
[230.209s][info][gc,cpu         ] GC(334) User=0.39s Sys=0.00s Real=0.47s
[230.759s][info][gc,start       ] GC(335) Pause Young (Allocation Failure)
[231.050s][info][gc,heap        ] GC(335) DefNew: 629120K(629120K)->57395K(629120K) Eden: 559232K(559232K)->0K(559232K) From: 69888K(69888K)->57395K(69888K)
[231.050s][info][gc,heap        ] GC(335) Tenured: 607306K(1398144K)->641270K(1398144K)
[231.050s][info][gc,metaspace   ] GC(335) Metaspace: 22385K(22656K)->22385K(22656K) NonClass: 19597K(19712K)->19597K(19712K) Class: 2788K(2944K)->2788K(2944K)
[231.050s][info][gc             ] GC(335) Pause Young (Allocation Failure) 1207M->682M(1979M) 291.341ms
[231.050s][info][gc,cpu         ] GC(335) User=0.23s Sys=0.00s Real=0.28s
[231.200s][info][gc,start       ] GC(336) Pause Young (Allocation Failure)
[231.638s][info][gc,heap        ] GC(336) DefNew: 616627K(629120K)->69887K(629120K) Eden: 559232K(559232K)->0K(559232K) From: 57395K(69888K)->69887K(69888K)
[231.638s][info][gc,heap        ] GC(336) Tenured: 641270K(1398144K)->698386K(1398144K)
[231.638s][info][gc,metaspace   ] GC(336) Metaspace: 22385K(22656K)->22385K(22656K) NonClass: 19597K(19712K)->19597K(19712K) Class: 2788K(2944K)->2788K(2944K)
[231.638s][info][gc             ] GC(336) Pause Young (Allocation Failure) 1228M->750M(1979M) 437.268ms
[231.638s][info][gc,cpu         ] GC(336) User=0.45s Sys=0.00s Real=0.44s
[232.012s][info][gc,start       ] GC(337) Pause Young (Allocation Failure)
[232.321s][info][gc,heap        ] GC(337) DefNew: 629119K(629120K)->64595K(629120K) Eden: 559232K(559232K)->0K(559232K) From: 69887K(69888K)->64595K(69888K)
[232.321s][info][gc,heap        ] GC(337) Tenured: 698386K(1398144K)->734043K(1398144K)
[232.321s][info][gc,metaspace   ] GC(337) Metaspace: 22385K(22656K)->22385K(22656K) NonClass: 19597K(19712K)->19597K(19712K) Class: 2788K(2944K)->2788K(2944K)
[232.321s][info][gc             ] GC(337) Pause Young (Allocation Failure) 1296M->779M(1979M) 309.193ms
[232.321s][info][gc,cpu         ] GC(337) User=0.30s Sys=0.00s Real=0.31s
[232.618s][info][gc,start       ] GC(338) Pause Young (Allocation Failure)
[232.934s][info][gc,heap        ] GC(338) DefNew: 623827K(629120K)->64905K(629120K) Eden: 559232K(559232K)->0K(559232K) From: 64595K(69888K)->64905K(69888K)
[232.934s][info][gc,heap        ] GC(338) Tenured: 734043K(1398144K)->771228K(1398144K)
[232.934s][info][gc,metaspace   ] GC(338) Metaspace: 22386K(22656K)->22386K(22656K) NonClass: 19598K(19712K)->19598K(19712K) Class: 2788K(2944K)->2788K(2944K)
[232.934s][info][gc             ] GC(338) Pause Young (Allocation Failure) 1326M->816M(1979M) 316.291ms
[232.934s][info][gc,cpu         ] GC(338) User=0.31s Sys=0.00s Real=0.31s
[233.087s][info][gc,start       ] GC(339) Pause Young (Allocation Failure)
[233.560s][info][gc,heap        ] GC(339) DefNew: 624137K(629120K)->69888K(629120K) Eden: 559232K(559232K)->0K(559232K) From: 64905K(69888K)->69888K(69888K)
[233.560s][info][gc,heap        ] GC(339) Tenured: 771228K(1398144K)->833334K(1398144K)
[233.560s][info][gc,metaspace   ] GC(339) Metaspace: 22386K(22656K)->22386K(22656K) NonClass: 19598K(19712K)->19598K(19712K) Class: 2788K(2944K)->2788K(2944K)
[233.560s][info][gc             ] GC(339) Pause Young (Allocation Failure) 1362M->882M(1979M) 473.522ms
[233.561s][info][gc,cpu         ] GC(339) User=0.47s Sys=0.00s Real=0.47s
[234.240s][info][gc,start       ] GC(340) Pause Young (Allocation Failure)
[234.519s][info][gc,heap        ] GC(340) DefNew: 629120K(629120K)->49707K(629120K) Eden: 559232K(559232K)->0K(559232K) From: 69888K(69888K)->49707K(69888K)
[234.519s][info][gc,heap        ] GC(340) Tenured: 833334K(1398144K)->868850K(1398144K)
[234.519s][info][gc,metaspace   ] GC(340) Metaspace: 22402K(22720K)->22402K(22720K) NonClass: 19614K(19776K)->19614K(19776K) Class: 2788K(2944K)->2788K(2944K)
[234.519s][info][gc             ] GC(340) Pause Young (Allocation Failure) 1428M->897M(1979M) 278.573ms
[234.519s][info][gc,cpu         ] GC(340) User=0.27s Sys=0.00s Real=0.27s
[234.674s][info][gc,start       ] GC(341) Pause Young (Allocation Failure)
[235.080s][info][gc,heap        ] GC(341) DefNew: 608939K(629120K)->69887K(629120K) Eden: 559232K(559232K)->0K(559232K) From: 49707K(69888K)->69887K(69888K)
[235.080s][info][gc,heap        ] GC(341) Tenured: 868850K(1398144K)->919983K(1398144K)
[235.080s][info][gc,metaspace   ] GC(341) Metaspace: 22402K(22720K)->22402K(22720K) NonClass: 19614K(19776K)->19614K(19776K) Class: 2788K(2944K)->2788K(2944K)
[235.080s][info][gc             ] GC(341) Pause Young (Allocation Failure) 1443M->966M(1979M) 406.004ms
[235.080s][info][gc,cpu         ] GC(341) User=0.41s Sys=0.00s Real=0.40s
[235.279s][info][gc,start       ] GC(342) Pause Young (Allocation Failure)
[235.760s][info][gc,heap        ] GC(342) DefNew: 629119K(629120K)->69888K(629120K) Eden: 559232K(559232K)->0K(559232K) From: 69887K(69888K)->69888K(69888K)
[235.760s][info][gc,heap        ] GC(342) Tenured: 919983K(1398144K)->974993K(1398144K)
[235.760s][info][gc,metaspace   ] GC(342) Metaspace: 22403K(22720K)->22403K(22720K) NonClass: 19614K(19776K)->19614K(19776K) Class: 2788K(2944K)->2788K(2944K)
[235.760s][info][gc             ] GC(342) Pause Young (Allocation Failure) 1512M->1020M(1979M) 480.935ms
[235.760s][info][gc,cpu         ] GC(342) User=0.47s Sys=0.00s Real=0.47s
[236.282s][info][gc,start       ] GC(343) Pause Young (Allocation Failure)
[236.572s][info][gc,heap        ] GC(343) DefNew: 629120K(629120K)->60599K(629120K) Eden: 559232K(559232K)->0K(559232K) From: 69888K(69888K)->60599K(69888K)
[236.572s][info][gc,heap        ] GC(343) Tenured: 974993K(1398144K)->1007170K(1398144K)
[236.572s][info][gc,metaspace   ] GC(343) Metaspace: 22461K(22784K)->22461K(22784K) NonClass: 19663K(19840K)->19663K(19840K) Class: 2797K(2944K)->2797K(2944K)
[236.572s][info][gc             ] GC(343) Pause Young (Allocation Failure) 1566M->1042M(1979M) 289.680ms
[236.572s][info][gc,cpu         ] GC(343) User=0.25s Sys=0.00s Real=0.28s
[236.718s][info][gc,start       ] GC(344) Pause Young (Allocation Failure)
[237.145s][info][gc,heap        ] GC(344) DefNew: 619831K(629120K)->69887K(629120K) Eden: 559232K(559232K)->0K(559232K) From: 60599K(69888K)->69887K(69888K)
[237.145s][info][gc,heap        ] GC(344) Tenured: 1007170K(1398144K)->1065347K(1398144K)
[237.145s][info][gc,metaspace   ] GC(344) Metaspace: 22461K(22784K)->22461K(22784K) NonClass: 19663K(19840K)->19663K(19840K) Class: 2797K(2944K)->2797K(2944K)
[237.145s][info][gc             ] GC(344) Pause Young (Allocation Failure) 1588M->1108M(1979M) 426.794ms
[237.145s][info][gc,cpu         ] GC(344) User=0.42s Sys=0.00s Real=0.42s
[237.662s][info][gc,start       ] GC(345) Pause Young (Allocation Failure)
[237.916s][info][gc,heap        ] GC(345) DefNew: 629119K(629120K)->46035K(629120K) Eden: 559232K(559232K)->0K(559232K) From: 69887K(69888K)->46035K(69888K)
[237.916s][info][gc,heap        ] GC(345) Tenured: 1065347K(1398144K)->1101224K(1398144K)
[237.916s][info][gc,metaspace   ] GC(345) Metaspace: 22463K(22784K)->22463K(22784K) NonClass: 19665K(19840K)->19665K(19840K) Class: 2797K(2944K)->2797K(2944K)
[237.916s][info][gc             ] GC(345) Pause Young (Allocation Failure) 1654M->1120M(1979M) 254.393ms
[237.916s][info][gc,cpu         ] GC(345) User=0.25s Sys=0.00s Real=0.25s
[238.112s][info][gc,start       ] GC(346) Pause Young (Allocation Failure)
[238.479s][info][gc,heap        ] GC(346) DefNew: 605267K(629120K)->69887K(629120K) Eden: 559232K(559232K)->0K(559232K) From: 46035K(69888K)->69887K(69888K)
[238.479s][info][gc,heap        ] GC(346) Tenured: 1101224K(1398144K)->1147207K(1398144K)
[238.479s][info][gc,metaspace   ] GC(346) Metaspace: 22480K(22848K)->22480K(22848K) NonClass: 19682K(19904K)->19682K(19904K) Class: 2797K(2944K)->2797K(2944K)
[238.479s][info][gc             ] GC(346) Pause Young (Allocation Failure) 1666M->1188M(1979M) 367.475ms
[238.479s][info][gc,cpu         ] GC(346) User=0.36s Sys=0.00s Real=0.37s
[238.635s][info][gc,start       ] GC(347) Pause Young (Allocation Failure)
[239.123s][info][gc,heap        ] GC(347) DefNew: 629119K(629120K)->69887K(629120K) Eden: 559232K(559232K)->0K(559232K) From: 69887K(69888K)->69887K(69888K)
[239.123s][info][gc,heap        ] GC(347) Tenured: 1147207K(1398144K)->1215744K(1398144K)
[239.123s][info][gc,metaspace   ] GC(347) Metaspace: 22480K(22848K)->22480K(22848K) NonClass: 19682K(19904K)->19682K(19904K) Class: 2797K(2944K)->2797K(2944K)
[239.123s][info][gc             ] GC(347) Pause Young (Allocation Failure) 1734M->1255M(1979M) 488.068ms
[239.123s][info][gc,cpu         ] GC(347) User=0.48s Sys=0.00s Real=0.49s
[239.640s][info][gc,start       ] GC(348) Pause Young (Allocation Failure)
[239.953s][info][gc,heap        ] GC(348) DefNew: 629119K(629120K)->59244K(629120K) Eden: 559232K(559232K)->0K(559232K) From: 69887K(69888K)->59244K(69888K)
[239.954s][info][gc,heap        ] GC(348) Tenured: 1215744K(1398144K)->1252282K(1398144K)
[239.954s][info][gc,metaspace   ] GC(348) Metaspace: 22486K(22848K)->22486K(22848K) NonClass: 19688K(19904K)->19688K(19904K) Class: 2797K(2944K)->2797K(2944K)
[239.954s][info][gc             ] GC(348) Pause Young (Allocation Failure) 1801M->1280M(1979M) 313.119ms
[239.954s][info][gc,cpu         ] GC(348) User=0.31s Sys=0.00s Real=0.31s
[240.099s][info][gc,start       ] GC(349) Pause Young (Allocation Failure)
[240.531s][info][gc,heap        ] GC(349) DefNew: 618476K(629120K)->69888K(629120K) Eden: 559232K(559232K)->0K(559232K) From: 59244K(69888K)->69888K(69888K)
[240.531s][info][gc,heap        ] GC(349) Tenured: 1252282K(1398144K)->1306510K(1398144K)
[240.531s][info][gc,metaspace   ] GC(349) Metaspace: 22486K(22848K)->22486K(22848K) NonClass: 19688K(19904K)->19688K(19904K) Class: 2797K(2944K)->2797K(2944K)
[240.531s][info][gc             ] GC(349) Pause Young (Allocation Failure) 1826M->1344M(1979M) 431.445ms
[240.531s][info][gc,cpu         ] GC(349) User=0.42s Sys=0.00s Real=0.42s
[240.919s][info][gc,start       ] GC(350) Pause Young (Allocation Failure)
[241.245s][info][gc,heap        ] GC(350) DefNew: 629120K(629120K)->64413K(629120K) Eden: 559232K(559232K)->0K(559232K) From: 69888K(69888K)->64413K(69888K)
[241.245s][info][gc,heap        ] GC(350) Tenured: 1306510K(1398144K)->1341224K(1398144K)
[241.245s][info][gc,metaspace   ] GC(350) Metaspace: 22486K(22848K)->22486K(22848K) NonClass: 19688K(19904K)->19688K(19904K) Class: 2797K(2944K)->2797K(2944K)
[241.245s][info][gc             ] GC(350) Pause Young (Allocation Failure) 1890M->1372M(1979M) 326.100ms
[241.245s][info][gc,cpu         ] GC(350) User=0.31s Sys=0.00s Real=0.33s
[241.430s][info][gc,start       ] GC(351) Pause Full (System.gc())
[241.430s][info][gc,phases,start] GC(351) Phase 1: Mark live objects
[241.631s][info][gc,phases      ] GC(351) Phase 1: Mark live objects 201.357ms
[241.631s][info][gc,phases,start] GC(351) Phase 2: Compute new object addresses
[241.852s][info][gc,phases      ] GC(351) Phase 2: Compute new object addresses 221.059ms
[241.852s][info][gc,phases,start] GC(351) Phase 3: Adjust pointers
[241.924s][info][gc,phases      ] GC(351) Phase 3: Adjust pointers 72.232ms
[241.924s][info][gc,phases,start] GC(351) Phase 4: Move objects
[241.954s][info][gc,phases      ] GC(351) Phase 4: Move objects 29.842ms
[241.955s][info][gc,heap        ] GC(351) DefNew: 185664K(629120K)->0K(629120K) Eden: 121250K(559232K)->0K(559232K) From: 64413K(69888K)->0K(69888K)
[241.955s][info][gc,heap        ] GC(351) Tenured: 1341224K(1398144K)->104354K(1398144K)
[241.955s][info][gc,metaspace   ] GC(351) Metaspace: 22493K(22848K)->22493K(22848K) NonClass: 19695K(19904K)->19695K(19904K) Class: 2797K(2944K)->2797K(2944K)
[241.955s][info][gc             ] GC(351) Pause Full (System.gc()) 1491M->101M(1979M) 525.180ms
[241.955s][info][gc,cpu         ] GC(351) User=0.53s Sys=0.00s Real=0.53s
[242.112s][info][gc,start       ] GC(352) Pause Young (Allocation Failure)
[242.421s][info][gc,heap        ] GC(352) DefNew: 559232K(629120K)->69888K(629120K) Eden: 559232K(559232K)->0K(559232K) From: 0K(69888K)->69888K(69888K)
[242.421s][info][gc,heap        ] GC(352) Tenured: 104354K(1398144K)->108943K(1398144K)
[242.421s][info][gc,metaspace   ] GC(352) Metaspace: 22505K(22848K)->22505K(22848K) NonClass: 19707K(19904K)->19707K(19904K) Class: 2797K(2944K)->2797K(2944K)
[242.421s][info][gc             ] GC(352) Pause Young (Allocation Failure) 648M->174M(1979M) 308.772ms
[242.421s][info][gc,cpu         ] GC(352) User=0.28s Sys=0.00s Real=0.32s
[242.560s][info][gc,start       ] GC(353) Pause Young (Allocation Failure)
[243.035s][info][gc,heap        ] GC(353) DefNew: 629120K(629120K)->69887K(629120K) Eden: 559232K(559232K)->0K(559232K) From: 69888K(69888K)->69887K(69888K)
[243.035s][info][gc,heap        ] GC(353) Tenured: 108943K(1398144K)->172816K(1398144K)
[243.035s][info][gc,metaspace   ] GC(353) Metaspace: 22505K(22848K)->22505K(22848K) NonClass: 19707K(19904K)->19707K(19904K) Class: 2797K(2944K)->2797K(2944K)
[243.035s][info][gc             ] GC(353) Pause Young (Allocation Failure) 720M->237M(1979M) 475.290ms
[243.035s][info][gc,cpu         ] GC(353) User=0.48s Sys=0.00s Real=0.47s
[243.607s][info][gc,start       ] GC(354) Pause Young (Allocation Failure)
[243.909s][info][gc,heap        ] GC(354) DefNew: 629119K(629120K)->59782K(629120K) Eden: 559232K(559232K)->0K(559232K) From: 69887K(69888K)->59782K(69888K)
[243.909s][info][gc,heap        ] GC(354) Tenured: 172816K(1398144K)->205132K(1398144K)
[243.909s][info][gc,metaspace   ] GC(354) Metaspace: 22506K(22848K)->22506K(22848K) NonClass: 19708K(19904K)->19708K(19904K) Class: 2797K(2944K)->2797K(2944K)
[243.909s][info][gc             ] GC(354) Pause Young (Allocation Failure) 783M->258M(1979M) 301.760ms
[243.909s][info][gc,cpu         ] GC(354) User=0.28s Sys=0.00s Real=0.30s
[244.055s][info][gc,start       ] GC(355) Pause Young (Allocation Failure)
[244.476s][info][gc,heap        ] GC(355) DefNew: 619014K(629120K)->69887K(629120K) Eden: 559232K(559232K)->0K(559232K) From: 59782K(69888K)->69887K(69888K)
[244.476s][info][gc,heap        ] GC(355) Tenured: 205132K(1398144K)->261317K(1398144K)
[244.476s][info][gc,metaspace   ] GC(355) Metaspace: 22506K(22848K)->22506K(22848K) NonClass: 19708K(19904K)->19708K(19904K) Class: 2797K(2944K)->2797K(2944K)
[244.476s][info][gc             ] GC(355) Pause Young (Allocation Failure) 804M->323M(1979M) 421.478ms
[244.476s][info][gc,cpu         ] GC(355) User=0.41s Sys=0.00s Real=0.43s
[244.873s][info][gc,start       ] GC(356) Pause Young (Allocation Failure)
[245.189s][info][gc,heap        ] GC(356) DefNew: 629119K(629120K)->66687K(629120K) Eden: 559232K(559232K)->0K(559232K) From: 69887K(69888K)->66687K(69888K)
[245.189s][info][gc,heap        ] GC(356) Tenured: 261317K(1398144K)->296728K(1398144K)
[245.189s][info][gc,metaspace   ] GC(356) Metaspace: 22506K(22848K)->22506K(22848K) NonClass: 19708K(19904K)->19708K(19904K) Class: 2797K(2944K)->2797K(2944K)
[245.189s][info][gc             ] GC(356) Pause Young (Allocation Failure) 869M->354M(1979M) 316.312ms
[245.189s][info][gc,cpu         ] GC(356) User=0.30s Sys=0.00s Real=0.31s
[245.660s][info][gc,start       ] GC(357) Pause Young (Allocation Failure)
[245.927s][info][gc,heap        ] GC(357) DefNew: 625919K(629120K)->58913K(629120K) Eden: 559232K(559232K)->0K(559232K) From: 66687K(69888K)->58913K(69888K)
[245.927s][info][gc,heap        ] GC(357) Tenured: 296728K(1398144K)->331808K(1398144K)
[245.928s][info][gc,metaspace   ] GC(357) Metaspace: 22506K(22848K)->22506K(22848K) NonClass: 19708K(19904K)->19708K(19904K) Class: 2797K(2944K)->2797K(2944K)
[245.928s][info][gc             ] GC(357) Pause Young (Allocation Failure) 901M->381M(1979M) 267.239ms
[245.928s][info][gc,cpu         ] GC(357) User=0.23s Sys=0.00s Real=0.27s
[246.081s][info][gc,start       ] GC(358) Pause Young (Allocation Failure)
[246.517s][info][gc,heap        ] GC(358) DefNew: 618145K(629120K)->69887K(629120K) Eden: 559232K(559232K)->0K(559232K) From: 58913K(69888K)->69887K(69888K)
[246.517s][info][gc,heap        ] GC(358) Tenured: 331808K(1398144K)->389198K(1398144K)
[246.517s][info][gc,metaspace   ] GC(358) Metaspace: 22506K(22848K)->22506K(22848K) NonClass: 19708K(19904K)->19708K(19904K) Class: 2797K(2944K)->2797K(2944K)
[246.517s][info][gc             ] GC(358) Pause Young (Allocation Failure) 927M->448M(1979M) 435.853ms
[246.517s][info][gc,cpu         ] GC(358) User=0.45s Sys=0.00s Real=0.44s
[247.071s][info][gc,start       ] GC(359) Pause Young (Allocation Failure)
[247.348s][info][gc,heap        ] GC(359) DefNew: 629119K(629120K)->52813K(629120K) Eden: 559232K(559232K)->0K(559232K) From: 69887K(69888K)->52813K(69888K)
[247.348s][info][gc,heap        ] GC(359) Tenured: 389198K(1398144K)->423272K(1398144K)
[247.348s][info][gc,metaspace   ] GC(359) Metaspace: 22516K(22848K)->22516K(22848K) NonClass: 19718K(19904K)->19718K(19904K) Class: 2797K(2944K)->2797K(2944K)
[247.348s][info][gc             ] GC(359) Pause Young (Allocation Failure) 994M->464M(1979M) 277.099ms
[247.348s][info][gc,cpu         ] GC(359) User=0.23s Sys=0.00s Real=0.27s
[247.491s][info][gc,start       ] GC(360) Pause Young (Allocation Failure)
[247.895s][info][gc,heap        ] GC(360) DefNew: 612045K(629120K)->69887K(629120K) Eden: 559232K(559232K)->0K(559232K) From: 52813K(69888K)->69887K(69888K)
[247.895s][info][gc,heap        ] GC(360) Tenured: 423272K(1398144K)->473713K(1398144K)
[247.895s][info][gc,metaspace   ] GC(360) Metaspace: 22516K(22848K)->22516K(22848K) NonClass: 19718K(19904K)->19718K(19904K) Class: 2797K(2944K)->2797K(2944K)
[247.895s][info][gc             ] GC(360) Pause Young (Allocation Failure) 1011M->530M(1979M) 403.790ms
[247.895s][info][gc,cpu         ] GC(360) User=0.38s Sys=0.00s Real=0.39s
[248.088s][info][gc,start       ] GC(361) Pause Young (Allocation Failure)
[248.567s][info][gc,heap        ] GC(361) DefNew: 629119K(629120K)->69887K(629120K) Eden: 559232K(559232K)->0K(559232K) From: 69887K(69888K)->69887K(69888K)
[248.567s][info][gc,heap        ] GC(361) Tenured: 473713K(1398144K)->528879K(1398144K)
[248.567s][info][gc,metaspace   ] GC(361) Metaspace: 22516K(22848K)->22516K(22848K) NonClass: 19718K(19904K)->19718K(19904K) Class: 2797K(2944K)->2797K(2944K)
[248.567s][info][gc             ] GC(361) Pause Young (Allocation Failure) 1076M->584M(1979M) 479.666ms
[248.567s][info][gc,cpu         ] GC(361) User=0.45s Sys=0.00s Real=0.49s
[249.066s][info][gc,start       ] GC(362) Pause Young (Allocation Failure)
[249.393s][info][gc,heap        ] GC(362) DefNew: 629119K(629120K)->63000K(629120K) Eden: 559232K(559232K)->0K(559232K) From: 69887K(69888K)->63000K(69888K)
[249.393s][info][gc,heap        ] GC(362) Tenured: 528879K(1398144K)->562126K(1398144K)
[249.393s][info][gc,metaspace   ] GC(362) Metaspace: 22516K(22848K)->22516K(22848K) NonClass: 19718K(19904K)->19718K(19904K) Class: 2797K(2944K)->2797K(2944K)
[249.393s][info][gc             ] GC(362) Pause Young (Allocation Failure) 1130M->610M(1979M) 327.079ms
[249.393s][info][gc,cpu         ] GC(362) User=0.31s Sys=0.00s Real=0.31s
[249.544s][info][gc,start       ] GC(363) Pause Young (Allocation Failure)
[249.999s][info][gc,heap        ] GC(363) DefNew: 622232K(629120K)->69888K(629120K) Eden: 559232K(559232K)->0K(559232K) From: 63000K(69888K)->69888K(69888K)
[249.999s][info][gc,heap        ] GC(363) Tenured: 562126K(1398144K)->621908K(1398144K)
[249.999s][info][gc,metaspace   ] GC(363) Metaspace: 22516K(22848K)->22516K(22848K) NonClass: 19718K(19904K)->19718K(19904K) Class: 2797K(2944K)->2797K(2944K)
[249.999s][info][gc             ] GC(363) Pause Young (Allocation Failure) 1156M->675M(1979M) 454.171ms
[249.999s][info][gc,cpu         ] GC(363) User=0.45s Sys=0.00s Real=0.44s
[250.534s][info][gc,start       ] GC(364) Pause Young (Allocation Failure)
[250.800s][info][gc,heap        ] GC(364) DefNew: 629120K(629120K)->47974K(629120K) Eden: 559232K(559232K)->0K(559232K) From: 69888K(69888K)->47974K(69888K)
[250.800s][info][gc,heap        ] GC(364) Tenured: 621908K(1398144K)->659705K(1398144K)
[250.800s][info][gc,metaspace   ] GC(364) Metaspace: 22516K(22848K)->22516K(22848K) NonClass: 19718K(19904K)->19718K(19904K) Class: 2797K(2944K)->2797K(2944K)
[250.800s][info][gc             ] GC(364) Pause Young (Allocation Failure) 1221M->691M(1979M) 266.777ms
[250.800s][info][gc,cpu         ] GC(364) User=0.25s Sys=0.00s Real=0.27s
[251.010s][info][gc,start       ] GC(365) Pause Young (Allocation Failure)
[251.372s][info][gc,heap        ] GC(365) DefNew: 607206K(629120K)->69887K(629120K) Eden: 559232K(559232K)->0K(559232K) From: 47974K(69888K)->69887K(69888K)
[251.372s][info][gc,heap        ] GC(365) Tenured: 659705K(1398144K)->700752K(1398144K)
[251.372s][info][gc,metaspace   ] GC(365) Metaspace: 22516K(22848K)->22516K(22848K) NonClass: 19718K(19904K)->19718K(19904K) Class: 2797K(2944K)->2797K(2944K)
[251.372s][info][gc             ] GC(365) Pause Young (Allocation Failure) 1237M->752M(1979M) 361.868ms
[251.372s][info][gc,cpu         ] GC(365) User=0.31s Sys=0.00s Real=0.36s
[251.524s][info][gc,start       ] GC(366) Pause Young (Allocation Failure)
[252.027s][info][gc,heap        ] GC(366) DefNew: 629119K(629120K)->69888K(629120K) Eden: 559232K(559232K)->0K(559232K) From: 69887K(69888K)->69888K(69888K)
[252.027s][info][gc,heap        ] GC(366) Tenured: 700752K(1398144K)->771276K(1398144K)
[252.027s][info][gc,metaspace   ] GC(366) Metaspace: 22516K(22848K)->22516K(22848K) NonClass: 19718K(19904K)->19718K(19904K) Class: 2797K(2944K)->2797K(2944K)
[252.027s][info][gc             ] GC(366) Pause Young (Allocation Failure) 1298M->821M(1979M) 503.270ms
[252.027s][info][gc,cpu         ] GC(366) User=0.47s Sys=0.00s Real=0.50s
[252.553s][info][gc,start       ] GC(367) Pause Young (Allocation Failure)
[252.847s][info][gc,heap        ] GC(367) DefNew: 629120K(629120K)->53277K(629120K) Eden: 559232K(559232K)->0K(559232K) From: 69888K(69888K)->53277K(69888K)
[252.847s][info][gc,heap        ] GC(367) Tenured: 771276K(1398144K)->806316K(1398144K)
[252.847s][info][gc,metaspace   ] GC(367) Metaspace: 22517K(22848K)->22517K(22848K) NonClass: 19719K(19904K)->19719K(19904K) Class: 2797K(2944K)->2797K(2944K)
[252.847s][info][gc             ] GC(367) Pause Young (Allocation Failure) 1367M->839M(1979M) 294.150ms
[252.847s][info][gc,cpu         ] GC(367) User=0.31s Sys=0.00s Real=0.28s
[252.997s][info][gc,start       ] GC(368) Pause Young (Allocation Failure)
[253.424s][info][gc,heap        ] GC(368) DefNew: 612509K(629120K)->69888K(629120K) Eden: 559232K(559232K)->0K(559232K) From: 53277K(69888K)->69888K(69888K)
[253.424s][info][gc,heap        ] GC(368) Tenured: 806316K(1398144K)->858017K(1398144K)
[253.424s][info][gc,metaspace   ] GC(368) Metaspace: 22517K(22848K)->22517K(22848K) NonClass: 19719K(19904K)->19719K(19904K) Class: 2797K(2944K)->2797K(2944K)
[253.424s][info][gc             ] GC(368) Pause Young (Allocation Failure) 1385M->906M(1979M) 427.082ms
[253.424s][info][gc,cpu         ] GC(368) User=0.39s Sys=0.00s Real=0.42s
[253.776s][info][gc,start       ] GC(369) Pause Young (Allocation Failure)
[254.128s][info][gc,heap        ] GC(369) DefNew: 629120K(629120K)->69017K(629120K) Eden: 559232K(559232K)->0K(559232K) From: 69888K(69888K)->69017K(69888K)
[254.128s][info][gc,heap        ] GC(369) Tenured: 858017K(1398144K)->897252K(1398144K)
[254.128s][info][gc,metaspace   ] GC(369) Metaspace: 22520K(22848K)->22520K(22848K) NonClass: 19722K(19904K)->19722K(19904K) Class: 2797K(2944K)->2797K(2944K)
[254.128s][info][gc             ] GC(369) Pause Young (Allocation Failure) 1452M->943M(1979M) 351.947ms
[254.128s][info][gc,cpu         ] GC(369) User=0.34s Sys=0.00s Real=0.35s
[254.495s][info][gc,start       ] GC(370) Pause Young (Allocation Failure)
[254.810s][info][gc,heap        ] GC(370) DefNew: 628249K(629120K)->63035K(629120K) Eden: 559232K(559232K)->0K(559232K) From: 69017K(69888K)->63035K(69888K)
[254.810s][info][gc,heap        ] GC(370) Tenured: 897252K(1398144K)->933898K(1398144K)
[254.810s][info][gc,metaspace   ] GC(370) Metaspace: 22520K(22848K)->22520K(22848K) NonClass: 19722K(19904K)->19722K(19904K) Class: 2797K(2944K)->2797K(2944K)
[254.810s][info][gc             ] GC(370) Pause Young (Allocation Failure) 1489M->973M(1979M) 314.877ms
[254.810s][info][gc,cpu         ] GC(370) User=0.30s Sys=0.00s Real=0.31s
[254.949s][info][gc,start       ] GC(371) Pause Young (Allocation Failure)
[255.378s][info][gc,heap        ] GC(371) DefNew: 622267K(629120K)->69888K(629120K) Eden: 559232K(559232K)->0K(559232K) From: 63035K(69888K)->69888K(69888K)
[255.378s][info][gc,heap        ] GC(371) Tenured: 933898K(1398144K)->989343K(1398144K)
[255.378s][info][gc,metaspace   ] GC(371) Metaspace: 22520K(22848K)->22520K(22848K) NonClass: 19722K(19904K)->19722K(19904K) Class: 2797K(2944K)->2797K(2944K)
[255.378s][info][gc             ] GC(371) Pause Young (Allocation Failure) 1519M->1034M(1979M) 429.131ms
[255.378s][info][gc,cpu         ] GC(371) User=0.44s Sys=0.00s Real=0.42s
[256.020s][info][gc,start       ] GC(372) Pause Young (Allocation Failure)
[256.264s][info][gc,heap        ] GC(372) DefNew: 629120K(629120K)->39797K(629120K) Eden: 559232K(559232K)->0K(559232K) From: 69888K(69888K)->39797K(69888K)
[256.265s][info][gc,heap        ] GC(372) Tenured: 989343K(1398144K)->1022547K(1398144K)
[256.265s][info][gc,metaspace   ] GC(372) Metaspace: 22520K(22848K)->22520K(22848K) NonClass: 19722K(19904K)->19722K(19904K) Class: 2797K(2944K)->2797K(2944K)
[256.265s][info][gc             ] GC(372) Pause Young (Allocation Failure) 1580M->1037M(1979M) 244.056ms
[256.265s][info][gc,cpu         ] GC(372) User=0.22s Sys=0.00s Real=0.23s
[256.419s][info][gc,start       ] GC(373) Pause Young (Allocation Failure)
[256.795s][info][gc,heap        ] GC(373) DefNew: 599029K(629120K)->69887K(629120K) Eden: 559232K(559232K)->0K(559232K) From: 39797K(69888K)->69887K(69888K)
[256.795s][info][gc,heap        ] GC(373) Tenured: 1022547K(1398144K)->1063581K(1398144K)
[256.795s][info][gc,metaspace   ] GC(373) Metaspace: 22520K(22848K)->22520K(22848K) NonClass: 19722K(19904K)->19722K(19904K) Class: 2797K(2944K)->2797K(2944K)
[256.795s][info][gc             ] GC(373) Pause Young (Allocation Failure) 1583M->1106M(1979M) 376.665ms
[256.795s][info][gc,cpu         ] GC(373) User=0.36s Sys=0.00s Real=0.37s
[256.930s][info][gc,start       ] GC(374) Pause Young (Allocation Failure)
[257.392s][info][gc,heap        ] GC(374) DefNew: 629119K(629120K)->69888K(629120K) Eden: 559232K(559232K)->0K(559232K) From: 69887K(69888K)->69888K(69888K)
[257.392s][info][gc,heap        ] GC(374) Tenured: 1063581K(1398144K)->1125095K(1398144K)
[257.392s][info][gc,metaspace   ] GC(374) Metaspace: 22520K(22848K)->22520K(22848K) NonClass: 19722K(19904K)->19722K(19904K) Class: 2797K(2944K)->2797K(2944K)
[257.392s][info][gc             ] GC(374) Pause Young (Allocation Failure) 1653M->1166M(1979M) 461.670ms
[257.392s][info][gc,cpu         ] GC(374) User=0.38s Sys=0.00s Real=0.47s
[257.977s][info][gc,start       ] GC(375) Pause Young (Allocation Failure)
[258.252s][info][gc,heap        ] GC(375) DefNew: 629120K(629120K)->55982K(629120K) Eden: 559232K(559232K)->0K(559232K) From: 69888K(69888K)->55982K(69888K)
[258.252s][info][gc,heap        ] GC(375) Tenured: 1125095K(1398144K)->1156757K(1398144K)
[258.252s][info][gc,metaspace   ] GC(375) Metaspace: 22520K(22848K)->22520K(22848K) NonClass: 19722K(19904K)->19722K(19904K) Class: 2797K(2944K)->2797K(2944K)
[258.252s][info][gc             ] GC(375) Pause Young (Allocation Failure) 1713M->1184M(1979M) 274.997ms
[258.252s][info][gc,cpu         ] GC(375) User=0.39s Sys=0.00s Real=0.27s
[258.399s][info][gc,start       ] GC(376) Pause Young (Allocation Failure)
[258.820s][info][gc,heap        ] GC(376) DefNew: 615214K(629120K)->69887K(629120K) Eden: 559232K(559232K)->0K(559232K) From: 55982K(69888K)->69887K(69888K)
[258.820s][info][gc,heap        ] GC(376) Tenured: 1156757K(1398144K)->1212249K(1398144K)
[258.820s][info][gc,metaspace   ] GC(376) Metaspace: 22520K(22848K)->22520K(22848K) NonClass: 19722K(19904K)->19722K(19904K) Class: 2797K(2944K)->2797K(2944K)
[258.820s][info][gc             ] GC(376) Pause Young (Allocation Failure) 1730M->1252M(1979M) 420.391ms
[258.820s][info][gc,cpu         ] GC(376) User=0.41s Sys=0.00s Real=0.41s
[259.144s][info][gc,start       ] GC(377) Pause Young (Allocation Failure)
[259.510s][info][gc,heap        ] GC(377) DefNew: 629119K(629120K)->69866K(629120K) Eden: 559232K(559232K)->0K(559232K) From: 69887K(69888K)->69866K(69888K)
[259.510s][info][gc,heap        ] GC(377) Tenured: 1212249K(1398144K)->1248297K(1398144K)
[259.510s][info][gc,metaspace   ] GC(377) Metaspace: 22520K(22848K)->22520K(22848K) NonClass: 19722K(19904K)->19722K(19904K) Class: 2797K(2944K)->2797K(2944K)
[259.510s][info][gc             ] GC(377) Pause Young (Allocation Failure) 1798M->1287M(1979M) 366.261ms
[259.510s][info][gc,cpu         ] GC(377) User=0.33s Sys=0.02s Real=0.36s
[259.753s][info][gc,start       ] GC(378) Pause Full (System.gc())
[259.753s][info][gc,phases,start] GC(378) Phase 1: Mark live objects
[259.926s][info][gc,phases      ] GC(378) Phase 1: Mark live objects 173.153ms
[259.926s][info][gc,phases,start] GC(378) Phase 2: Compute new object addresses
[260.151s][info][gc,phases      ] GC(378) Phase 2: Compute new object addresses 225.111ms
[260.152s][info][gc,phases,start] GC(378) Phase 3: Adjust pointers
[260.229s][info][gc,phases      ] GC(378) Phase 3: Adjust pointers 77.054ms
[260.229s][info][gc,phases,start] GC(378) Phase 4: Move objects
[260.260s][info][gc,phases      ] GC(378) Phase 4: Move objects 31.187ms
[260.260s][info][gc,heap        ] GC(378) DefNew: 237679K(629120K)->0K(629120K) Eden: 167812K(559232K)->0K(559232K) From: 69866K(69888K)->0K(69888K)
[260.260s][info][gc,heap        ] GC(378) Tenured: 1248297K(1398144K)->163268K(1398144K)
[260.260s][info][gc,metaspace   ] GC(378) Metaspace: 22521K(22848K)->22521K(22848K) NonClass: 19723K(19904K)->19723K(19904K) Class: 2797K(2944K)->2797K(2944K)
[260.260s][info][gc             ] GC(378) Pause Full (System.gc()) 1451M->159M(1979M) 507.125ms
[260.260s][info][gc,cpu         ] GC(378) User=0.52s Sys=0.00s Real=0.50s
[260.420s][info][gc,start       ] GC(379) Pause Young (Allocation Failure)
[260.736s][info][gc,heap        ] GC(379) DefNew: 559232K(629120K)->69887K(629120K) Eden: 559232K(559232K)->0K(559232K) From: 0K(69888K)->69887K(69888K)
[260.737s][info][gc,heap        ] GC(379) Tenured: 163268K(1398144K)->168885K(1398144K)
[260.737s][info][gc,metaspace   ] GC(379) Metaspace: 22523K(22848K)->22523K(22848K) NonClass: 19725K(19904K)->19725K(19904K) Class: 2797K(2944K)->2797K(2944K)
[260.737s][info][gc             ] GC(379) Pause Young (Allocation Failure) 705M->233M(1979M) 316.844ms
[260.737s][info][gc,cpu         ] GC(379) User=0.31s Sys=0.00s Real=0.33s
[260.880s][info][gc,start       ] GC(380) Pause Young (Allocation Failure)
[261.366s][info][gc,heap        ] GC(380) DefNew: 629119K(629120K)->69888K(629120K) Eden: 559232K(559232K)->0K(559232K) From: 69887K(69888K)->69888K(69888K)
[261.366s][info][gc,heap        ] GC(380) Tenured: 168885K(1398144K)->235517K(1398144K)
[261.366s][info][gc,metaspace   ] GC(380) Metaspace: 22523K(22848K)->22523K(22848K) NonClass: 19725K(19904K)->19725K(19904K) Class: 2797K(2944K)->2797K(2944K)
[261.366s][info][gc             ] GC(380) Pause Young (Allocation Failure) 779M->298M(1979M) 485.885ms
[261.366s][info][gc,cpu         ] GC(380) User=0.45s Sys=0.00s Real=0.49s
[261.902s][info][gc,start       ] GC(381) Pause Young (Allocation Failure)
[262.196s][info][gc,heap        ] GC(381) DefNew: 629120K(629120K)->56652K(629120K) Eden: 559232K(559232K)->0K(559232K) From: 69888K(69888K)->56652K(69888K)
[262.196s][info][gc,heap        ] GC(381) Tenured: 235517K(1398144K)->269892K(1398144K)
[262.196s][info][gc,metaspace   ] GC(381) Metaspace: 22523K(22848K)->22523K(22848K) NonClass: 19725K(19904K)->19725K(19904K) Class: 2797K(2944K)->2797K(2944K)
[262.196s][info][gc             ] GC(381) Pause Young (Allocation Failure) 844M->318M(1979M) 293.334ms
[262.196s][info][gc,cpu         ] GC(381) User=0.28s Sys=0.00s Real=0.28s
[262.342s][info][gc,start       ] GC(382) Pause Young (Allocation Failure)
[262.766s][info][gc,heap        ] GC(382) DefNew: 615884K(629120K)->69888K(629120K) Eden: 559232K(559232K)->0K(559232K) From: 56652K(69888K)->69888K(69888K)
[262.766s][info][gc,heap        ] GC(382) Tenured: 269892K(1398144K)->322448K(1398144K)
[262.766s][info][gc,metaspace   ] GC(382) Metaspace: 22523K(22848K)->22523K(22848K) NonClass: 19725K(19904K)->19725K(19904K) Class: 2797K(2944K)->2797K(2944K)
[262.766s][info][gc             ] GC(382) Pause Young (Allocation Failure) 865M->383M(1979M) 424.464ms
[262.766s][info][gc,cpu         ] GC(382) User=0.42s Sys=0.00s Real=0.42s
[263.139s][info][gc,start       ] GC(383) Pause Young (Allocation Failure)
[263.488s][info][gc,heap        ] GC(383) DefNew: 629120K(629120K)->69202K(629120K) Eden: 559232K(559232K)->0K(559232K) From: 69888K(69888K)->69202K(69888K)
[263.488s][info][gc,heap        ] GC(383) Tenured: 322448K(1398144K)->358842K(1398144K)
[263.488s][info][gc,metaspace   ] GC(383) Metaspace: 22523K(22848K)->22523K(22848K) NonClass: 19725K(19904K)->19725K(19904K) Class: 2797K(2944K)->2797K(2944K)
[263.488s][info][gc             ] GC(383) Pause Young (Allocation Failure) 929M->418M(1979M) 349.099ms
[263.488s][info][gc,cpu         ] GC(383) User=0.33s Sys=0.00s Real=0.36s
[263.833s][info][gc,start       ] GC(384) Pause Young (Allocation Failure)
[264.149s][info][gc,heap        ] GC(384) DefNew: 628434K(629120K)->69627K(629120K) Eden: 559232K(559232K)->0K(559232K) From: 69202K(69888K)->69627K(69888K)
[264.149s][info][gc,heap        ] GC(384) Tenured: 358842K(1398144K)->397231K(1398144K)
[264.149s][info][gc,metaspace   ] GC(384) Metaspace: 22523K(22848K)->22523K(22848K) NonClass: 19725K(19904K)->19725K(19904K) Class: 2797K(2944K)->2797K(2944K)
[264.149s][info][gc             ] GC(384) Pause Young (Allocation Failure) 964M->455M(1979M) 315.788ms
[264.149s][info][gc,cpu         ] GC(384) User=0.28s Sys=0.00s Real=0.31s
[264.294s][info][gc,start       ] GC(385) Pause Young (Allocation Failure)
[264.751s][info][gc,heap        ] GC(385) DefNew: 628859K(629120K)->69888K(629120K) Eden: 559232K(559232K)->0K(559232K) From: 69627K(69888K)->69888K(69888K)
[264.751s][info][gc,heap        ] GC(385) Tenured: 397231K(1398144K)->463726K(1398144K)
[264.751s][info][gc,metaspace   ] GC(385) Metaspace: 22523K(22848K)->22523K(22848K) NonClass: 19725K(19904K)->19725K(19904K) Class: 2797K(2944K)->2797K(2944K)
[264.751s][info][gc             ] GC(385) Pause Young (Allocation Failure) 1002M->521M(1979M) 457.613ms
[264.751s][info][gc,cpu         ] GC(385) User=0.39s Sys=0.02s Real=0.46s
[265.231s][info][gc,start       ] GC(386) Pause Young (Allocation Failure)
[265.500s][info][gc,heap        ] GC(386) DefNew: 629120K(629120K)->47257K(629120K) Eden: 559232K(559232K)->0K(559232K) From: 69888K(69888K)->47257K(69888K)
[265.500s][info][gc,heap        ] GC(386) Tenured: 463726K(1398144K)->498906K(1398144K)
[265.500s][info][gc,metaspace   ] GC(386) Metaspace: 22523K(22848K)->22523K(22848K) NonClass: 19725K(19904K)->19725K(19904K) Class: 2797K(2944K)->2797K(2944K)
[265.500s][info][gc             ] GC(386) Pause Young (Allocation Failure) 1067M->533M(1979M) 269.105ms
[265.500s][info][gc,cpu         ] GC(386) User=0.28s Sys=0.00s Real=0.27s
[265.645s][info][gc,start       ] GC(387) Pause Young (Allocation Failure)
[266.055s][info][gc,heap        ] GC(387) DefNew: 606489K(629120K)->69887K(629120K) Eden: 559232K(559232K)->0K(559232K) From: 47257K(69888K)->69887K(69888K)
[266.057s][info][gc,heap        ] GC(387) Tenured: 498906K(1398144K)->545007K(1398144K)
[266.057s][info][gc,metaspace   ] GC(387) Metaspace: 22523K(22848K)->22523K(22848K) NonClass: 19725K(19904K)->19725K(19904K) Class: 2797K(2944K)->2797K(2944K)
[266.057s][info][gc             ] GC(387) Pause Young (Allocation Failure) 1079M->600M(1979M) 412.550ms
[266.057s][info][gc,cpu         ] GC(387) User=0.34s Sys=0.00s Real=0.42s
[266.201s][info][gc,start       ] GC(388) Pause Young (Allocation Failure)
[266.672s][info][gc,heap        ] GC(388) DefNew: 629119K(629120K)->69881K(629120K) Eden: 559232K(559232K)->0K(559232K) From: 69887K(69888K)->69881K(69888K)
[266.672s][info][gc,heap        ] GC(388) Tenured: 545007K(1398144K)->605244K(1398144K)
[266.672s][info][gc,metaspace   ] GC(388) Metaspace: 22523K(22848K)->22523K(22848K) NonClass: 19725K(19904K)->19725K(19904K) Class: 2797K(2944K)->2797K(2944K)
[266.672s][info][gc             ] GC(388) Pause Young (Allocation Failure) 1146M->659M(1979M) 471.665ms
[266.672s][info][gc,cpu         ] GC(388) User=0.42s Sys=0.00s Real=0.47s
[267.236s][info][gc,start       ] GC(389) Pause Young (Allocation Failure)
[267.534s][info][gc,heap        ] GC(389) DefNew: 629113K(629120K)->55551K(629120K) Eden: 559232K(559232K)->0K(559232K) From: 69881K(69888K)->55551K(69888K)
[267.534s][info][gc,heap        ] GC(389) Tenured: 605244K(1398144K)->638665K(1398144K)
[267.534s][info][gc,metaspace   ] GC(389) Metaspace: 22523K(22848K)->22523K(22848K) NonClass: 19725K(19904K)->19725K(19904K) Class: 2797K(2944K)->2797K(2944K)
[267.534s][info][gc             ] GC(389) Pause Young (Allocation Failure) 1205M->677M(1979M) 298.440ms
[267.534s][info][gc,cpu         ] GC(389) User=0.28s Sys=0.00s Real=0.30s
[267.690s][info][gc,start       ] GC(390) Pause Young (Allocation Failure)
[268.125s][info][gc,heap        ] GC(390) DefNew: 614783K(629120K)->69887K(629120K) Eden: 559232K(559232K)->0K(559232K) From: 55551K(69888K)->69887K(69888K)
[268.125s][info][gc,heap        ] GC(390) Tenured: 638665K(1398144K)->695302K(1398144K)
[268.125s][info][gc,metaspace   ] GC(390) Metaspace: 22523K(22848K)->22523K(22848K) NonClass: 19725K(19904K)->19725K(19904K) Class: 2797K(2944K)->2797K(2944K)
[268.125s][info][gc             ] GC(390) Pause Young (Allocation Failure) 1224M->747M(1979M) 434.966ms
[268.125s][info][gc,cpu         ] GC(390) User=0.42s Sys=0.00s Real=0.42s
[268.553s][info][gc,start       ] GC(391) Pause Young (Allocation Failure)
[268.840s][info][gc,heap        ] GC(391) DefNew: 629119K(629120K)->55331K(629120K) Eden: 559232K(559232K)->0K(559232K) From: 69887K(69888K)->55331K(69888K)
[268.840s][info][gc,heap        ] GC(391) Tenured: 695302K(1398144K)->731620K(1398144K)
[268.840s][info][gc,metaspace   ] GC(391) Metaspace: 22523K(22848K)->22523K(22848K) NonClass: 19725K(19904K)->19725K(19904K) Class: 2797K(2944K)->2797K(2944K)
[268.840s][info][gc             ] GC(391) Pause Young (Allocation Failure) 1293M->768M(1979M) 287.799ms
[268.840s][info][gc,cpu         ] GC(391) User=0.27s Sys=0.00s Real=0.30s
[269.084s][info][gc,start       ] GC(392) Pause Young (Allocation Failure)
[269.417s][info][gc,heap        ] GC(392) DefNew: 614563K(629120K)->69888K(629120K) Eden: 559232K(559232K)->0K(559232K) From: 55331K(69888K)->69888K(69888K)
[269.417s][info][gc,heap        ] GC(392) Tenured: 731620K(1398144K)->773824K(1398144K)
[269.417s][info][gc,metaspace   ] GC(392) Metaspace: 22523K(22848K)->22523K(22848K) NonClass: 19725K(19904K)->19725K(19904K) Class: 2797K(2944K)->2797K(2944K)
[269.417s][info][gc             ] GC(392) Pause Young (Allocation Failure) 1314M->823M(1979M) 332.196ms
[269.417s][info][gc,cpu         ] GC(392) User=0.33s Sys=0.00s Real=0.33s
[269.565s][info][gc,start       ] GC(393) Pause Young (Allocation Failure)
[270.049s][info][gc,heap        ] GC(393) DefNew: 629120K(629120K)->69887K(629120K) Eden: 559232K(559232K)->0K(559232K) From: 69888K(69888K)->69887K(69888K)
[270.049s][info][gc,heap        ] GC(393) Tenured: 773824K(1398144K)->840476K(1398144K)
[270.049s][info][gc,metaspace   ] GC(393) Metaspace: 22523K(22848K)->22523K(22848K) NonClass: 19725K(19904K)->19725K(19904K) Class: 2797K(2944K)->2797K(2944K)
[270.049s][info][gc             ] GC(393) Pause Young (Allocation Failure) 1370M->889M(1979M) 483.825ms
[270.049s][info][gc,cpu         ] GC(393) User=0.47s Sys=0.00s Real=0.50s
[270.574s][info][gc,start       ] GC(394) Pause Young (Allocation Failure)
[270.871s][info][gc,heap        ] GC(394) DefNew: 629119K(629120K)->54941K(629120K) Eden: 559232K(559232K)->0K(559232K) From: 69887K(69888K)->54941K(69888K)
[270.871s][info][gc,heap        ] GC(394) Tenured: 840476K(1398144K)->875870K(1398144K)
[270.871s][info][gc,metaspace   ] GC(394) Metaspace: 22523K(22848K)->22523K(22848K) NonClass: 19725K(19904K)->19725K(19904K) Class: 2797K(2944K)->2797K(2944K)
[270.871s][info][gc             ] GC(394) Pause Young (Allocation Failure) 1435M->908M(1979M) 297.366ms
[270.871s][info][gc,cpu         ] GC(394) User=0.33s Sys=0.00s Real=0.30s
[271.009s][info][gc,start       ] GC(395) Pause Young (Allocation Failure)
[271.444s][info][gc,heap        ] GC(395) DefNew: 614173K(629120K)->69888K(629120K) Eden: 559232K(559232K)->0K(559232K) From: 54941K(69888K)->69888K(69888K)
[271.444s][info][gc,heap        ] GC(395) Tenured: 875870K(1398144K)->928480K(1398144K)
[271.444s][info][gc,metaspace   ] GC(395) Metaspace: 22523K(22848K)->22523K(22848K) NonClass: 19725K(19904K)->19725K(19904K) Class: 2797K(2944K)->2797K(2944K)
[271.444s][info][gc             ] GC(395) Pause Young (Allocation Failure) 1455M->974M(1979M) 434.744ms
[271.444s][info][gc,cpu         ] GC(395) User=0.44s Sys=0.00s Real=0.44s
[271.760s][info][gc,start       ] GC(396) Pause Young (Allocation Failure)
[272.156s][info][gc,heap        ] GC(396) DefNew: 629120K(629120K)->69888K(629120K) Eden: 559232K(559232K)->0K(559232K) From: 69888K(69888K)->69888K(69888K)
[272.156s][info][gc,heap        ] GC(396) Tenured: 928480K(1398144K)->970169K(1398144K)
[272.156s][info][gc,metaspace   ] GC(396) Metaspace: 22523K(22848K)->22523K(22848K) NonClass: 19725K(19904K)->19725K(19904K) Class: 2797K(2944K)->2797K(2944K)
[272.156s][info][gc             ] GC(396) Pause Young (Allocation Failure) 1521M->1015M(1979M) 396.530ms
[272.156s][info][gc,cpu         ] GC(396) User=0.38s Sys=0.00s Real=0.40s
[272.557s][info][gc,start       ] GC(397) Pause Young (Allocation Failure)
[272.870s][info][gc,heap        ] GC(397) DefNew: 629120K(629120K)->62164K(629120K) Eden: 559232K(559232K)->0K(559232K) From: 69888K(69888K)->62164K(69888K)
[272.870s][info][gc,heap        ] GC(397) Tenured: 970169K(1398144K)->1006529K(1398144K)
[272.870s][info][gc,metaspace   ] GC(397) Metaspace: 22524K(22848K)->22524K(22848K) NonClass: 19726K(19904K)->19726K(19904K) Class: 2797K(2944K)->2797K(2944K)
[272.871s][info][gc             ] GC(397) Pause Young (Allocation Failure) 1561M->1043M(1979M) 313.232ms
[272.871s][info][gc,cpu         ] GC(397) User=0.30s Sys=0.00s Real=0.31s
[273.011s][info][gc,start       ] GC(398) Pause Young (Allocation Failure)
[273.443s][info][gc,heap        ] GC(398) DefNew: 621396K(629120K)->69888K(629120K) Eden: 559232K(559232K)->0K(559232K) From: 62164K(69888K)->69888K(69888K)
[273.443s][info][gc,heap        ] GC(398) Tenured: 1006529K(1398144K)->1061226K(1398144K)
[273.443s][info][gc,metaspace   ] GC(398) Metaspace: 22524K(22848K)->22524K(22848K) NonClass: 19726K(19904K)->19726K(19904K) Class: 2797K(2944K)->2797K(2944K)
[273.443s][info][gc             ] GC(398) Pause Young (Allocation Failure) 1589M->1104M(1979M) 431.150ms
[273.443s][info][gc,cpu         ] GC(398) User=0.42s Sys=0.00s Real=0.44s
[274.080s][info][gc,start       ] GC(399) Pause Young (Allocation Failure)
[274.324s][info][gc,heap        ] GC(399) DefNew: 629120K(629120K)->40133K(629120K) Eden: 559232K(559232K)->0K(559232K) From: 69888K(69888K)->40133K(69888K)
[274.324s][info][gc,heap        ] GC(399) Tenured: 1061226K(1398144K)->1094825K(1398144K)
[274.324s][info][gc,metaspace   ] GC(399) Metaspace: 22524K(22848K)->22524K(22848K) NonClass: 19726K(19904K)->19726K(19904K) Class: 2797K(2944K)->2797K(2944K)
[274.324s][info][gc             ] GC(399) Pause Young (Allocation Failure) 1650M->1108M(1979M) 244.494ms
[274.324s][info][gc,cpu         ] GC(399) User=0.22s Sys=0.00s Real=0.25s
[274.469s][info][gc,start       ] GC(400) Pause Young (Allocation Failure)
[274.834s][info][gc,heap        ] GC(400) DefNew: 599365K(629120K)->69887K(629120K) Eden: 559232K(559232K)->0K(559232K) From: 40133K(69888K)->69887K(69888K)
[274.835s][info][gc,heap        ] GC(400) Tenured: 1094825K(1398144K)->1135619K(1398144K)
[274.835s][info][gc,metaspace   ] GC(400) Metaspace: 22524K(22848K)->22524K(22848K) NonClass: 19726K(19904K)->19726K(19904K) Class: 2797K(2944K)->2797K(2944K)
[274.835s][info][gc             ] GC(400) Pause Young (Allocation Failure) 1654M->1177M(1979M) 365.818ms
[274.835s][info][gc,cpu         ] GC(400) User=0.34s Sys=0.00s Real=0.38s
[274.981s][info][gc,start       ] GC(401) Pause Young (Allocation Failure)
[275.455s][info][gc,heap        ] GC(401) DefNew: 629119K(629120K)->69887K(629120K) Eden: 559232K(559232K)->0K(559232K) From: 69887K(69888K)->69887K(69888K)
[275.455s][info][gc,heap        ] GC(401) Tenured: 1135619K(1398144K)->1200106K(1398144K)
[275.455s][info][gc,metaspace   ] GC(401) Metaspace: 22524K(22848K)->22524K(22848K) NonClass: 19726K(19904K)->19726K(19904K) Class: 2797K(2944K)->2797K(2944K)
[275.455s][info][gc             ] GC(401) Pause Young (Allocation Failure) 1723M->1240M(1979M) 474.285ms
[275.455s][info][gc,cpu         ] GC(401) User=0.45s Sys=0.00s Real=0.47s
[276.036s][info][gc,start       ] GC(402) Pause Young (Allocation Failure)
[276.323s][info][gc,heap        ] GC(402) DefNew: 629119K(629120K)->56219K(629120K) Eden: 559232K(559232K)->0K(559232K) From: 69887K(69888K)->56219K(69888K)
[276.323s][info][gc,heap        ] GC(402) Tenured: 1200106K(1398144K)->1234811K(1398144K)
[276.323s][info][gc,metaspace   ] GC(402) Metaspace: 22524K(22848K)->22524K(22848K) NonClass: 19726K(19904K)->19726K(19904K) Class: 2797K(2944K)->2797K(2944K)
[276.323s][info][gc             ] GC(402) Pause Young (Allocation Failure) 1786M->1260M(1979M) 286.562ms
[276.323s][info][gc,cpu         ] GC(402) User=0.34s Sys=0.00s Real=0.28s
[276.457s][info][gc,start       ] GC(403) Pause Young (Allocation Failure)
[276.868s][info][gc,heap        ] GC(403) DefNew: 615451K(629120K)->67530K(629120K) Eden: 559232K(559232K)->0K(559232K) From: 56219K(69888K)->67530K(69888K)
[276.868s][info][gc,heap        ] GC(403) Tenured: 1234811K(1398144K)->1287426K(1398144K)
[276.868s][info][gc,metaspace   ] GC(403) Metaspace: 22524K(22848K)->22524K(22848K) NonClass: 19726K(19904K)->19726K(19904K) Class: 2797K(2944K)->2797K(2944K)
[276.868s][info][gc             ] GC(403) Pause Young (Allocation Failure) 1806M->1323M(1979M) 410.232ms
[276.868s][info][gc,cpu         ] GC(403) User=0.36s Sys=0.00s Real=0.41s
[277.138s][info][gc,start       ] GC(404) Pause Young (Allocation Failure)
[277.509s][info][gc,heap        ] GC(404) DefNew: 626762K(629120K)->69888K(629120K) Eden: 559232K(559232K)->0K(559232K) From: 67530K(69888K)->69888K(69888K)
[277.509s][info][gc,heap        ] GC(404) Tenured: 1287426K(1398144K)->1332733K(1398144K)
[277.509s][info][gc,metaspace   ] GC(404) Metaspace: 22524K(22848K)->22524K(22848K) NonClass: 19726K(19904K)->19726K(19904K) Class: 2797K(2944K)->2797K(2944K)
[277.509s][info][gc             ] GC(404) Pause Young (Allocation Failure) 1869M->1369M(1979M) 370.172ms
[277.509s][info][gc,cpu         ] GC(404) User=0.31s Sys=0.02s Real=0.38s
[277.874s][info][gc,start       ] GC(405) Pause Full (System.gc())
[277.874s][info][gc,phases,start] GC(405) Phase 1: Mark live objects
[278.085s][info][gc,phases      ] GC(405) Phase 1: Mark live objects 211.318ms
[278.085s][info][gc,phases,start] GC(405) Phase 2: Compute new object addresses
[278.323s][info][gc,phases      ] GC(405) Phase 2: Compute new object addresses 237.662ms
[278.323s][info][gc,phases,start] GC(405) Phase 3: Adjust pointers
[278.406s][info][gc,phases      ] GC(405) Phase 3: Adjust pointers 83.278ms
[278.406s][info][gc,phases,start] GC(405) Phase 4: Move objects
[278.441s][info][gc,phases      ] GC(405) Phase 4: Move objects 34.575ms
[278.441s][info][gc,heap        ] GC(405) DefNew: 295804K(629120K)->0K(629120K) Eden: 225916K(559232K)->0K(559232K) From: 69888K(69888K)->0K(69888K)
[278.441s][info][gc,heap        ] GC(405) Tenured: 1332733K(1398144K)->163509K(1398144K)
[278.441s][info][gc,metaspace   ] GC(405) Metaspace: 22524K(22848K)->22524K(22848K) NonClass: 19726K(19904K)->19726K(19904K) Class: 2797K(2944K)->2797K(2944K)
[278.441s][info][gc             ] GC(405) Pause Full (System.gc()) 1590M->159M(1979M) 567.520ms
[278.441s][info][gc,cpu         ] GC(405) User=0.50s Sys=0.00s Real=0.57s
[278.592s][info][gc,start       ] GC(406) Pause Young (Allocation Failure)
[278.900s][info][gc,heap        ] GC(406) DefNew: 559232K(629120K)->69887K(629120K) Eden: 559232K(559232K)->0K(559232K) From: 0K(69888K)->69887K(69888K)
[278.900s][info][gc,heap        ] GC(406) Tenured: 163509K(1398144K)->167610K(1398144K)
[278.900s][info][gc,metaspace   ] GC(406) Metaspace: 22524K(22848K)->22524K(22848K) NonClass: 19726K(19904K)->19726K(19904K) Class: 2797K(2944K)->2797K(2944K)
[278.900s][info][gc             ] GC(406) Pause Young (Allocation Failure) 705M->231M(1979M) 307.740ms
[278.900s][info][gc,cpu         ] GC(406) User=0.31s Sys=0.00s Real=0.31s
[279.054s][info][gc,start       ] GC(407) Pause Young (Allocation Failure)
[279.536s][info][gc,heap        ] GC(407) DefNew: 629119K(629120K)->69887K(629120K) Eden: 559232K(559232K)->0K(559232K) From: 69887K(69888K)->69887K(69888K)
[279.536s][info][gc,heap        ] GC(407) Tenured: 167610K(1398144K)->235144K(1398144K)
[279.536s][info][gc,metaspace   ] GC(407) Metaspace: 22524K(22848K)->22524K(22848K) NonClass: 19726K(19904K)->19726K(19904K) Class: 2797K(2944K)->2797K(2944K)
[279.536s][info][gc             ] GC(407) Pause Young (Allocation Failure) 778M->297M(1979M) 481.388ms
[279.536s][info][gc,cpu         ] GC(407) User=0.45s Sys=0.00s Real=0.47s
[280.076s][info][gc,start       ] GC(408) Pause Young (Allocation Failure)
[280.365s][info][gc,heap        ] GC(408) DefNew: 629119K(629120K)->55193K(629120K) Eden: 559232K(559232K)->0K(559232K) From: 69887K(69888K)->55193K(69888K)
[280.365s][info][gc,heap        ] GC(408) Tenured: 235144K(1398144K)->270782K(1398144K)
[280.365s][info][gc,metaspace   ] GC(408) Metaspace: 22524K(22848K)->22524K(22848K) NonClass: 19726K(19904K)->19726K(19904K) Class: 2797K(2944K)->2797K(2944K)
[280.365s][info][gc             ] GC(408) Pause Young (Allocation Failure) 844M->318M(1979M) 288.997ms
[280.365s][info][gc,cpu         ] GC(408) User=0.33s Sys=0.00s Real=0.28s
[280.507s][info][gc,start       ] GC(409) Pause Young (Allocation Failure)
[280.933s][info][gc,heap        ] GC(409) DefNew: 614425K(629120K)->69888K(629120K) Eden: 559232K(559232K)->0K(559232K) From: 55193K(69888K)->69888K(69888K)
[280.933s][info][gc,heap        ] GC(409) Tenured: 270782K(1398144K)->322950K(1398144K)
[280.933s][info][gc,metaspace   ] GC(409) Metaspace: 22524K(22848K)->22524K(22848K) NonClass: 19726K(19904K)->19726K(19904K) Class: 2797K(2944K)->2797K(2944K)
[280.933s][info][gc             ] GC(409) Pause Young (Allocation Failure) 864M->383M(1979M) 426.718ms
[280.933s][info][gc,cpu         ] GC(409) User=0.36s Sys=0.00s Real=0.42s
[281.236s][info][gc,start       ] GC(410) Pause Young (Allocation Failure)
[281.620s][info][gc,heap        ] GC(410) DefNew: 629120K(629120K)->69020K(629120K) Eden: 559232K(559232K)->0K(559232K) From: 69888K(69888K)->69020K(69888K)
[281.620s][info][gc,heap        ] GC(410) Tenured: 322950K(1398144K)->364264K(1398144K)
[281.620s][info][gc,metaspace   ] GC(410) Metaspace: 22524K(22848K)->22524K(22848K) NonClass: 19726K(19904K)->19726K(19904K) Class: 2797K(2944K)->2797K(2944K)
[281.620s][info][gc             ] GC(410) Pause Young (Allocation Failure) 929M->423M(1979M) 384.887ms
[281.620s][info][gc,cpu         ] GC(410) User=0.38s Sys=0.00s Real=0.39s
[282.022s][info][gc,start       ] GC(411) Pause Young (Allocation Failure)
[282.336s][info][gc,heap        ] GC(411) DefNew: 628252K(629120K)->62409K(629120K) Eden: 559232K(559232K)->0K(559232K) From: 69020K(69888K)->62409K(69888K)
[282.336s][info][gc,heap        ] GC(411) Tenured: 364264K(1398144K)->399670K(1398144K)
[282.336s][info][gc,metaspace   ] GC(411) Metaspace: 22524K(22848K)->22524K(22848K) NonClass: 19726K(19904K)->19726K(19904K) Class: 2797K(2944K)->2797K(2944K)
[282.336s][info][gc             ] GC(411) Pause Young (Allocation Failure) 969M->451M(1979M) 314.033ms
[282.336s][info][gc,cpu         ] GC(411) User=0.23s Sys=0.02s Real=0.31s
[282.492s][info][gc,start       ] GC(412) Pause Young (Allocation Failure)
[282.938s][info][gc,heap        ] GC(412) DefNew: 621641K(629120K)->69888K(629120K) Eden: 559232K(559232K)->0K(559232K) From: 62409K(69888K)->69888K(69888K)
[282.938s][info][gc,heap        ] GC(412) Tenured: 399670K(1398144K)->459941K(1398144K)
[282.938s][info][gc,metaspace   ] GC(412) Metaspace: 22524K(22848K)->22524K(22848K) NonClass: 19726K(19904K)->19726K(19904K) Class: 2797K(2944K)->2797K(2944K)
[282.938s][info][gc             ] GC(412) Pause Young (Allocation Failure) 997M->517M(1979M) 445.490ms
[282.938s][info][gc,cpu         ] GC(412) User=0.44s Sys=0.00s Real=0.46s
[283.538s][info][gc,start       ] GC(413) Pause Young (Allocation Failure)
[283.783s][info][gc,heap        ] GC(413) DefNew: 629120K(629120K)->40943K(629120K) Eden: 559232K(559232K)->0K(559232K) From: 69888K(69888K)->40943K(69888K)
[283.783s][info][gc,heap        ] GC(413) Tenured: 459941K(1398144K)->496388K(1398144K)
[283.783s][info][gc,metaspace   ] GC(413) Metaspace: 22524K(22848K)->22524K(22848K) NonClass: 19726K(19904K)->19726K(19904K) Class: 2797K(2944K)->2797K(2944K)
[283.783s][info][gc             ] GC(413) Pause Young (Allocation Failure) 1063M->524M(1979M) 244.914ms
[283.783s][info][gc,cpu         ] GC(413) User=0.19s Sys=0.00s Real=0.24s
[283.922s][info][gc,start       ] GC(414) Pause Young (Allocation Failure)
[284.288s][info][gc,heap        ] GC(414) DefNew: 600175K(629120K)->69887K(629120K) Eden: 559232K(559232K)->0K(559232K) From: 40943K(69888K)->69887K(69888K)
[284.288s][info][gc,heap        ] GC(414) Tenured: 496388K(1398144K)->535759K(1398144K)
[284.288s][info][gc,metaspace   ] GC(414) Metaspace: 22524K(22848K)->22524K(22848K) NonClass: 19726K(19904K)->19726K(19904K) Class: 2797K(2944K)->2797K(2944K)
[284.288s][info][gc             ] GC(414) Pause Young (Allocation Failure) 1070M->591M(1979M) 365.992ms
[284.288s][info][gc,cpu         ] GC(414) User=0.36s Sys=0.00s Real=0.38s
[284.453s][info][gc,start       ] GC(415) Pause Young (Allocation Failure)
[284.939s][info][gc,heap        ] GC(415) DefNew: 629119K(629120K)->69887K(629120K) Eden: 559232K(559232K)->0K(559232K) From: 69887K(69888K)->69887K(69888K)
[284.939s][info][gc,heap        ] GC(415) Tenured: 535759K(1398144K)->603639K(1398144K)
[284.939s][info][gc,metaspace   ] GC(415) Metaspace: 22524K(22848K)->22524K(22848K) NonClass: 19726K(19904K)->19726K(19904K) Class: 2797K(2944K)->2797K(2944K)
[284.939s][info][gc             ] GC(415) Pause Young (Allocation Failure) 1137M->657M(1979M) 485.753ms
[284.939s][info][gc,cpu         ] GC(415) User=0.48s Sys=0.00s Real=0.49s
[285.484s][info][gc,start       ] GC(416) Pause Young (Allocation Failure)
[285.802s][info][gc,heap        ] GC(416) DefNew: 629119K(629120K)->58201K(629120K) Eden: 559232K(559232K)->0K(559232K) From: 69887K(69888K)->58201K(69888K)
[285.802s][info][gc,heap        ] GC(416) Tenured: 603639K(1398144K)->638610K(1398144K)
[285.802s][info][gc,metaspace   ] GC(416) Metaspace: 22524K(22848K)->22524K(22848K) NonClass: 19726K(19904K)->19726K(19904K) Class: 2797K(2944K)->2797K(2944K)
[285.802s][info][gc             ] GC(416) Pause Young (Allocation Failure) 1203M->680M(1979M) 318.131ms
[285.802s][info][gc,cpu         ] GC(416) User=0.30s Sys=0.00s Real=0.31s
[285.956s][info][gc,start       ] GC(417) Pause Young (Allocation Failure)
[286.404s][info][gc,heap        ] GC(417) DefNew: 617433K(629120K)->69887K(629120K) Eden: 559232K(559232K)->0K(559232K) From: 58201K(69888K)->69887K(69888K)
[286.404s][info][gc,heap        ] GC(417) Tenured: 638610K(1398144K)->698003K(1398144K)
[286.404s][info][gc,metaspace   ] GC(417) Metaspace: 22524K(22848K)->22524K(22848K) NonClass: 19726K(19904K)->19726K(19904K) Class: 2797K(2944K)->2797K(2944K)
[286.404s][info][gc             ] GC(417) Pause Young (Allocation Failure) 1226M->749M(1979M) 447.374ms
[286.404s][info][gc,cpu         ] GC(417) User=0.41s Sys=0.00s Real=0.44s
[286.848s][info][gc,start       ] GC(418) Pause Young (Allocation Failure)
[287.130s][info][gc,heap        ] GC(418) DefNew: 629119K(629120K)->55155K(629120K) Eden: 559232K(559232K)->0K(559232K) From: 69887K(69888K)->55155K(69888K)
[287.130s][info][gc,heap        ] GC(418) Tenured: 698003K(1398144K)->733432K(1398144K)
[287.130s][info][gc,metaspace   ] GC(418) Metaspace: 22524K(22848K)->22524K(22848K) NonClass: 19726K(19904K)->19726K(19904K) Class: 2797K(2944K)->2797K(2944K)
[287.130s][info][gc             ] GC(418) Pause Young (Allocation Failure) 1296M->770M(1979M) 282.233ms
[287.130s][info][gc,cpu         ] GC(418) User=0.25s Sys=0.00s Real=0.28s
[287.348s][info][gc,start       ] GC(419) Pause Young (Allocation Failure)
[287.664s][info][gc,heap        ] GC(419) DefNew: 614387K(629120K)->63261K(629120K) Eden: 559232K(559232K)->0K(559232K) From: 55155K(69888K)->63261K(69888K)
[287.665s][info][gc,heap        ] GC(419) Tenured: 733432K(1398144K)->772587K(1398144K)
[287.665s][info][gc,metaspace   ] GC(419) Metaspace: 22525K(22848K)->22525K(22848K) NonClass: 19727K(19904K)->19727K(19904K) Class: 2797K(2944K)->2797K(2944K)
[287.665s][info][gc             ] GC(419) Pause Young (Allocation Failure) 1316M->816M(1979M) 316.667ms
[287.665s][info][gc,cpu         ] GC(419) User=0.31s Sys=0.00s Real=0.31s
[287.808s][info][gc,start       ] GC(420) Pause Young (Allocation Failure)
[288.253s][info][gc,heap        ] GC(420) DefNew: 622493K(629120K)->69888K(629120K) Eden: 559232K(559232K)->0K(559232K) From: 63261K(69888K)->69888K(69888K)
[288.253s][info][gc,heap        ] GC(420) Tenured: 772587K(1398144K)->829467K(1398144K)
[288.253s][info][gc,metaspace   ] GC(420) Metaspace: 22525K(22848K)->22525K(22848K) NonClass: 19727K(19904K)->19727K(19904K) Class: 2797K(2944K)->2797K(2944K)
[288.253s][info][gc             ] GC(420) Pause Young (Allocation Failure) 1362M->878M(1979M) 445.517ms
[288.253s][info][gc,cpu         ] GC(420) User=0.42s Sys=0.00s Real=0.44s
[288.875s][info][gc,start       ] GC(421) Pause Young (Allocation Failure)
[289.144s][info][gc,heap        ] GC(421) DefNew: 629120K(629120K)->48017K(629120K) Eden: 559232K(559232K)->0K(559232K) From: 69888K(69888K)->48017K(69888K)
[289.144s][info][gc,heap        ] GC(421) Tenured: 829467K(1398144K)->862320K(1398144K)
[289.144s][info][gc,metaspace   ] GC(421) Metaspace: 22525K(22848K)->22525K(22848K) NonClass: 19727K(19904K)->19727K(19904K) Class: 2797K(2944K)->2797K(2944K)
[289.144s][info][gc             ] GC(421) Pause Young (Allocation Failure) 1424M->889M(1979M) 269.202ms
[289.144s][info][gc,cpu         ] GC(421) User=0.30s Sys=0.00s Real=0.27s
[289.291s][info][gc,start       ] GC(422) Pause Young (Allocation Failure)
[289.694s][info][gc,heap        ] GC(422) DefNew: 607249K(629120K)->69887K(629120K) Eden: 559232K(559232K)->0K(559232K) From: 48017K(69888K)->69887K(69888K)
[289.694s][info][gc,heap        ] GC(422) Tenured: 862320K(1398144K)->909102K(1398144K)
[289.694s][info][gc,metaspace   ] GC(422) Metaspace: 22525K(22848K)->22525K(22848K) NonClass: 19727K(19904K)->19727K(19904K) Class: 2797K(2944K)->2797K(2944K)
[289.694s][info][gc             ] GC(422) Pause Young (Allocation Failure) 1435M->956M(1979M) 403.379ms
[289.694s][info][gc,cpu         ] GC(422) User=0.36s Sys=0.00s Real=0.40s
[289.840s][info][gc,start       ] GC(423) Pause Young (Allocation Failure)
[290.310s][info][gc,heap        ] GC(423) DefNew: 629119K(629120K)->69887K(629120K) Eden: 559232K(559232K)->0K(559232K) From: 69887K(69888K)->69887K(69888K)
[290.310s][info][gc,heap        ] GC(423) Tenured: 909102K(1398144K)->971085K(1398144K)
[290.310s][info][gc,metaspace   ] GC(423) Metaspace: 22525K(22848K)->22525K(22848K) NonClass: 19727K(19904K)->19727K(19904K) Class: 2797K(2944K)->2797K(2944K)
[290.310s][info][gc             ] GC(423) Pause Young (Allocation Failure) 1502M->1016M(1979M) 470.058ms
[290.310s][info][gc,cpu         ] GC(423) User=0.47s Sys=0.00s Real=0.47s
[290.846s][info][gc,start       ] GC(424) Pause Young (Allocation Failure)
[291.160s][info][gc,heap        ] GC(424) DefNew: 629119K(629120K)->61337K(629120K) Eden: 559232K(559232K)->0K(559232K) From: 69887K(69888K)->61337K(69888K)
[291.160s][info][gc,heap        ] GC(424) Tenured: 971085K(1398144K)->1004076K(1398144K)
[291.160s][info][gc,metaspace   ] GC(424) Metaspace: 22527K(22848K)->22527K(22848K) NonClass: 19729K(19904K)->19729K(19904K) Class: 2797K(2944K)->2797K(2944K)
[291.160s][info][gc             ] GC(424) Pause Young (Allocation Failure) 1562M->1040M(1979M) 314.269ms
[291.160s][info][gc,cpu         ] GC(424) User=0.31s Sys=0.00s Real=0.31s
[291.306s][info][gc,start       ] GC(425) Pause Young (Allocation Failure)
[291.751s][info][gc,heap        ] GC(425) DefNew: 620569K(629120K)->69887K(629120K) Eden: 559232K(559232K)->0K(559232K) From: 61337K(69888K)->69887K(69888K)
[291.751s][info][gc,heap        ] GC(425) Tenured: 1004076K(1398144K)->1064304K(1398144K)
[291.751s][info][gc,metaspace   ] GC(425) Metaspace: 22527K(22848K)->22527K(22848K) NonClass: 19729K(19904K)->19729K(19904K) Class: 2797K(2944K)->2797K(2944K)
[291.751s][info][gc             ] GC(425) Pause Young (Allocation Failure) 1586M->1107M(1979M) 445.531ms
[291.751s][info][gc,cpu         ] GC(425) User=0.38s Sys=0.00s Real=0.44s
[292.169s][info][gc,start       ] GC(426) Pause Young (Allocation Failure)
[292.456s][info][gc,heap        ] GC(426) DefNew: 629119K(629120K)->58666K(629120K) Eden: 559232K(559232K)->0K(559232K) From: 69887K(69888K)->58666K(69888K)
[292.456s][info][gc,heap        ] GC(426) Tenured: 1064304K(1398144K)->1099229K(1398144K)
[292.456s][info][gc,metaspace   ] GC(426) Metaspace: 22527K(22848K)->22527K(22848K) NonClass: 19729K(19904K)->19729K(19904K) Class: 2797K(2944K)->2797K(2944K)
[292.456s][info][gc             ] GC(426) Pause Young (Allocation Failure) 1653M->1130M(1979M) 287.626ms
[292.456s][info][gc,cpu         ] GC(426) User=0.28s Sys=0.00s Real=0.28s
[292.733s][info][gc,start       ] GC(427) Pause Young (Allocation Failure)
[293.063s][info][gc,heap        ] GC(427) DefNew: 617898K(629120K)->69834K(629120K) Eden: 559232K(559232K)->0K(559232K) From: 58666K(69888K)->69834K(69888K)
[293.063s][info][gc,heap        ] GC(427) Tenured: 1099229K(1398144K)->1135602K(1398144K)
[293.063s][info][gc,metaspace   ] GC(427) Metaspace: 22527K(22848K)->22527K(22848K) NonClass: 19729K(19904K)->19729K(19904K) Class: 2797K(2944K)->2797K(2944K)
[293.063s][info][gc             ] GC(427) Pause Young (Allocation Failure) 1676M->1177M(1979M) 330.085ms
[293.063s][info][gc,cpu         ] GC(427) User=0.31s Sys=0.00s Real=0.33s
[293.204s][info][gc,start       ] GC(428) Pause Young (Allocation Failure)
[293.663s][info][gc,heap        ] GC(428) DefNew: 629066K(629120K)->69887K(629120K) Eden: 559232K(559232K)->0K(559232K) From: 69834K(69888K)->69887K(69888K)
[293.663s][info][gc,heap        ] GC(428) Tenured: 1135602K(1398144K)->1197955K(1398144K)
[293.663s][info][gc,metaspace   ] GC(428) Metaspace: 22527K(22848K)->22527K(22848K) NonClass: 19729K(19904K)->19729K(19904K) Class: 2797K(2944K)->2797K(2944K)
[293.663s][info][gc             ] GC(428) Pause Young (Allocation Failure) 1723M->1238M(1979M) 458.906ms
[293.663s][info][gc,cpu         ] GC(428) User=0.47s Sys=0.00s Real=0.47s
[294.292s][info][gc,start       ] GC(429) Pause Young (Allocation Failure)
[294.578s][info][gc,heap        ] GC(429) DefNew: 629119K(629120K)->50659K(629120K) Eden: 559232K(559232K)->0K(559232K) From: 69887K(69888K)->50659K(69888K)
[294.578s][info][gc,heap        ] GC(429) Tenured: 1197955K(1398144K)->1231811K(1398144K)
[294.578s][info][gc,metaspace   ] GC(429) Metaspace: 22527K(22848K)->22527K(22848K) NonClass: 19729K(19904K)->19729K(19904K) Class: 2797K(2944K)->2797K(2944K)
[294.578s][info][gc             ] GC(429) Pause Young (Allocation Failure) 1784M->1252M(1979M) 285.223ms
[294.578s][info][gc,cpu         ] GC(429) User=0.28s Sys=0.00s Real=0.28s
[294.729s][info][gc,start       ] GC(430) Pause Young (Allocation Failure)
[295.143s][info][gc,heap        ] GC(430) DefNew: 609891K(629120K)->69887K(629120K) Eden: 559232K(559232K)->0K(559232K) From: 50659K(69888K)->69887K(69888K)
[295.143s][info][gc,heap        ] GC(430) Tenured: 1231811K(1398144K)->1282097K(1398144K)
[295.143s][info][gc,metaspace   ] GC(430) Metaspace: 22527K(22848K)->22527K(22848K) NonClass: 19729K(19904K)->19729K(19904K) Class: 2797K(2944K)->2797K(2944K)
[295.143s][info][gc             ] GC(430) Pause Young (Allocation Failure) 1798M->1320M(1979M) 414.176ms
[295.143s][info][gc,cpu         ] GC(430) User=0.41s Sys=0.00s Real=0.41s
[295.323s][info][gc,start       ] GC(431) Pause Young (Allocation Failure)
[295.818s][info][gc,heap        ] GC(431) DefNew: 629119K(629120K)->69887K(629120K) Eden: 559232K(559232K)->0K(559232K) From: 69887K(69888K)->69887K(69888K)
[295.818s][info][gc,heap        ] GC(431) Tenured: 1282097K(1398144K)->1342519K(1398144K)
[295.818s][info][gc,metaspace   ] GC(431) Metaspace: 22527K(22848K)->22527K(22848K) NonClass: 19729K(19904K)->19729K(19904K) Class: 2797K(2944K)->2797K(2944K)
[295.818s][info][gc             ] GC(431) Pause Young (Allocation Failure) 1866M->1379M(1979M) 495.304ms
[295.818s][info][gc,cpu         ] GC(431) User=0.48s Sys=0.00s Real=0.49s
[296.243s][info][gc,start       ] GC(432) Pause Full (System.gc())
[296.243s][info][gc,phases,start] GC(432) Phase 1: Mark live objects
[296.426s][info][gc,phases      ] GC(432) Phase 1: Mark live objects 183.606ms
[296.426s][info][gc,phases,start] GC(432) Phase 2: Compute new object addresses
[296.671s][info][gc,phases      ] GC(432) Phase 2: Compute new object addresses 244.225ms
[296.671s][info][gc,phases,start] GC(432) Phase 3: Adjust pointers
[296.763s][info][gc,phases      ] GC(432) Phase 3: Adjust pointers 91.974ms
[296.763s][info][gc,phases,start] GC(432) Phase 4: Move objects
[296.801s][info][gc,phases      ] GC(432) Phase 4: Move objects 38.255ms
[296.801s][info][gc,heap        ] GC(432) DefNew: 331902K(629120K)->0K(629120K) Eden: 262014K(559232K)->0K(559232K) From: 69887K(69888K)->0K(69888K)
[296.801s][info][gc,heap        ] GC(432) Tenured: 1342519K(1398144K)->163599K(1398144K)
[296.801s][info][gc,metaspace   ] GC(432) Metaspace: 22527K(22848K)->22527K(22848K) NonClass: 19729K(19904K)->19729K(19904K) Class: 2797K(2944K)->2797K(2944K)
[296.801s][info][gc             ] GC(432) Pause Full (System.gc()) 1635M->159M(1979M) 558.611ms
[296.801s][info][gc,cpu         ] GC(432) User=0.56s Sys=0.00s Real=0.56s
[296.973s][info][gc,start       ] GC(433) Pause Young (Allocation Failure)
[297.280s][info][gc,heap        ] GC(433) DefNew: 559232K(629120K)->69888K(629120K) Eden: 559232K(559232K)->0K(559232K) From: 0K(69888K)->69888K(69888K)
[297.280s][info][gc,heap        ] GC(433) Tenured: 163599K(1398144K)->172053K(1398144K)
[297.280s][info][gc,metaspace   ] GC(433) Metaspace: 22527K(22848K)->22527K(22848K) NonClass: 19729K(19904K)->19729K(19904K) Class: 2797K(2944K)->2797K(2944K)
[297.280s][info][gc             ] GC(433) Pause Young (Allocation Failure) 705M->236M(1979M) 307.300ms
[297.280s][info][gc,cpu         ] GC(433) User=0.27s Sys=0.00s Real=0.30s
[297.425s][info][gc,start       ] GC(434) Pause Young (Allocation Failure)
[297.897s][info][gc,heap        ] GC(434) DefNew: 629120K(629120K)->69888K(629120K) Eden: 559232K(559232K)->0K(559232K) From: 69888K(69888K)->69888K(69888K)
[297.897s][info][gc,heap        ] GC(434) Tenured: 172053K(1398144K)->237711K(1398144K)
[297.897s][info][gc,metaspace   ] GC(434) Metaspace: 22527K(22848K)->22527K(22848K) NonClass: 19729K(19904K)->19729K(19904K) Class: 2797K(2944K)->2797K(2944K)
[297.897s][info][gc             ] GC(434) Pause Young (Allocation Failure) 782M->300M(1979M) 472.709ms
[297.897s][info][gc,cpu         ] GC(434) User=0.47s Sys=0.00s Real=0.47s
[298.421s][info][gc,start       ] GC(435) Pause Young (Allocation Failure)
[298.737s][info][gc,heap        ] GC(435) DefNew: 629120K(629120K)->63055K(629120K) Eden: 559232K(559232K)->0K(559232K) From: 69888K(69888K)->63055K(69888K)
[298.737s][info][gc,heap        ] GC(435) Tenured: 237711K(1398144K)->271251K(1398144K)
[298.737s][info][gc,metaspace   ] GC(435) Metaspace: 22527K(22848K)->22527K(22848K) NonClass: 19729K(19904K)->19729K(19904K) Class: 2797K(2944K)->2797K(2944K)
[298.737s][info][gc             ] GC(435) Pause Young (Allocation Failure) 846M->326M(1979M) 316.047ms
[298.737s][info][gc,cpu         ] GC(435) User=0.31s Sys=0.00s Real=0.31s
[298.882s][info][gc,start       ] GC(436) Pause Young (Allocation Failure)
[299.314s][info][gc,heap        ] GC(436) DefNew: 622287K(629120K)->69888K(629120K) Eden: 559232K(559232K)->0K(559232K) From: 63055K(69888K)->69888K(69888K)
[299.314s][info][gc,heap        ] GC(436) Tenured: 271251K(1398144K)->331588K(1398144K)
[299.314s][info][gc,metaspace   ] GC(436) Metaspace: 22527K(22848K)->22527K(22848K) NonClass: 19729K(19904K)->19729K(19904K) Class: 2797K(2944K)->2797K(2944K)
[299.314s][info][gc             ] GC(436) Pause Young (Allocation Failure) 872M->392M(1979M) 432.548ms
[299.314s][info][gc,cpu         ] GC(436) User=0.39s Sys=0.00s Real=0.43s
[299.709s][info][gc,start       ] GC(437) Pause Young (Allocation Failure)
[299.987s][info][gc,heap        ] GC(437) DefNew: 629120K(629120K)->54131K(629120K) Eden: 559232K(559232K)->0K(559232K) From: 69888K(69888K)->54131K(69888K)
[299.988s][info][gc,heap        ] GC(437) Tenured: 331588K(1398144K)->367103K(1398144K)
[299.988s][info][gc,metaspace   ] GC(437) Metaspace: 22527K(22848K)->22527K(22848K) NonClass: 19729K(19904K)->19729K(19904K) Class: 2797K(2944K)->2797K(2944K)
[299.988s][info][gc             ] GC(437) Pause Young (Allocation Failure) 938M->411M(1979M) 278.276ms
[299.988s][info][gc,cpu         ] GC(437) User=0.27s Sys=0.00s Real=0.27s
[300.267s][info][gc,start       ] GC(438) Pause Young (Allocation Failure)
[300.577s][info][gc,heap        ] GC(438) DefNew: 613363K(629120K)->68543K(629120K) Eden: 559232K(559232K)->0K(559232K) From: 54131K(69888K)->68543K(69888K)
[300.577s][info][gc,heap        ] GC(438) Tenured: 367103K(1398144K)->404460K(1398144K)
[300.577s][info][gc,metaspace   ] GC(438) Metaspace: 22527K(22848K)->22527K(22848K) NonClass: 19729K(19904K)->19729K(19904K) Class: 2797K(2944K)->2797K(2944K)
[300.577s][info][gc             ] GC(438) Pause Young (Allocation Failure) 957M->461M(1979M) 310.050ms
[300.577s][info][gc,cpu         ] GC(438) User=0.27s Sys=0.00s Real=0.30s
[300.730s][info][gc,start       ] GC(439) Pause Young (Allocation Failure)
[301.173s][info][gc,heap        ] GC(439) DefNew: 627775K(629120K)->69888K(629120K) Eden: 559232K(559232K)->0K(559232K) From: 68543K(69888K)->69888K(69888K)
[301.174s][info][gc,heap        ] GC(439) Tenured: 404460K(1398144K)->467259K(1398144K)
[301.174s][info][gc,metaspace   ] GC(439) Metaspace: 22527K(22848K)->22527K(22848K) NonClass: 19729K(19904K)->19729K(19904K) Class: 2797K(2944K)->2797K(2944K)
[301.174s][info][gc             ] GC(439) Pause Young (Allocation Failure) 1008M->524M(1979M) 443.697ms
[301.174s][info][gc,cpu         ] GC(439) User=0.44s Sys=0.00s Real=0.44s
[301.680s][info][gc,start       ] GC(440) Pause Young (Allocation Failure)
[301.970s][info][gc,heap        ] GC(440) DefNew: 629120K(629120K)->53246K(629120K) Eden: 559232K(559232K)->0K(559232K) From: 69888K(69888K)->53246K(69888K)
[301.970s][info][gc,heap        ] GC(440) Tenured: 467259K(1398144K)->502003K(1398144K)
[301.970s][info][gc,metaspace   ] GC(440) Metaspace: 22527K(22848K)->22527K(22848K) NonClass: 19729K(19904K)->19729K(19904K) Class: 2797K(2944K)->2797K(2944K)
[301.970s][info][gc             ] GC(440) Pause Young (Allocation Failure) 1070M->542M(1979M) 289.973ms
[301.970s][info][gc,cpu         ] GC(440) User=0.33s Sys=0.00s Real=0.28s
[302.118s][info][gc,start       ] GC(441) Pause Young (Allocation Failure)
[302.555s][info][gc,heap        ] GC(441) DefNew: 612478K(629120K)->69888K(629120K) Eden: 559232K(559232K)->0K(559232K) From: 53246K(69888K)->69888K(69888K)
[302.555s][info][gc,heap        ] GC(441) Tenured: 502003K(1398144K)->555520K(1398144K)
[302.555s][info][gc,metaspace   ] GC(441) Metaspace: 22527K(22848K)->22527K(22848K) NonClass: 19729K(19904K)->19729K(19904K) Class: 2797K(2944K)->2797K(2944K)
[302.555s][info][gc             ] GC(441) Pause Young (Allocation Failure) 1088M->610M(1979M) 436.564ms
[302.555s][info][gc,cpu         ] GC(441) User=0.38s Sys=0.00s Real=0.43s
[302.835s][info][gc,start       ] GC(442) Pause Young (Allocation Failure)
[303.274s][info][gc,heap        ] GC(442) DefNew: 629120K(629120K)->69888K(629120K) Eden: 559232K(559232K)->0K(559232K) From: 69888K(69888K)->69888K(69888K)
[303.275s][info][gc,heap        ] GC(442) Tenured: 555520K(1398144K)->601544K(1398144K)
[303.275s][info][gc,metaspace   ] GC(442) Metaspace: 22527K(22848K)->22527K(22848K) NonClass: 19729K(19904K)->19729K(19904K) Class: 2797K(2944K)->2797K(2944K)
[303.275s][info][gc             ] GC(442) Pause Young (Allocation Failure) 1156M->655M(1979M) 439.957ms
[303.275s][info][gc,cpu         ] GC(442) User=0.44s Sys=0.00s Real=0.44s
[303.717s][info][gc,start       ] GC(443) Pause Young (Allocation Failure)
[304.032s][info][gc,heap        ] GC(443) DefNew: 629120K(629120K)->61371K(629120K) Eden: 559232K(559232K)->0K(559232K) From: 69888K(69888K)->61371K(69888K)
[304.032s][info][gc,heap        ] GC(443) Tenured: 601544K(1398144K)->637192K(1398144K)
[304.032s][info][gc,metaspace   ] GC(443) Metaspace: 22527K(22848K)->22527K(22848K) NonClass: 19729K(19904K)->19729K(19904K) Class: 2797K(2944K)->2797K(2944K)
[304.032s][info][gc             ] GC(443) Pause Young (Allocation Failure) 1201M->682M(1979M) 315.197ms
[304.032s][info][gc,cpu         ] GC(443) User=0.33s Sys=0.00s Real=0.31s
[304.184s][info][gc,start       ] GC(444) Pause Young (Allocation Failure)
[304.639s][info][gc,heap        ] GC(444) DefNew: 620603K(629120K)->69888K(629120K) Eden: 559232K(559232K)->0K(559232K) From: 61371K(69888K)->69888K(69888K)
[304.639s][info][gc,heap        ] GC(444) Tenured: 637192K(1398144K)->696962K(1398144K)
[304.639s][info][gc,metaspace   ] GC(444) Metaspace: 22527K(22848K)->22527K(22848K) NonClass: 19729K(19904K)->19729K(19904K) Class: 2797K(2944K)->2797K(2944K)
[304.639s][info][gc             ] GC(444) Pause Young (Allocation Failure) 1228M->748M(1979M) 454.381ms
[304.639s][info][gc,cpu         ] GC(444) User=0.45s Sys=0.00s Real=0.45s
[305.220s][info][gc,start       ] GC(445) Pause Young (Allocation Failure)
[305.458s][info][gc,heap        ] GC(445) DefNew: 629120K(629120K)->40075K(629120K) Eden: 559232K(559232K)->0K(559232K) From: 69888K(69888K)->40075K(69888K)
[305.458s][info][gc,heap        ] GC(445) Tenured: 696962K(1398144K)->733126K(1398144K)
[305.458s][info][gc,metaspace   ] GC(445) Metaspace: 22527K(22848K)->22527K(22848K) NonClass: 19729K(19904K)->19729K(19904K) Class: 2797K(2944K)->2797K(2944K)
[305.458s][info][gc             ] GC(445) Pause Young (Allocation Failure) 1295M->755M(1979M) 238.904ms
[305.459s][info][gc,cpu         ] GC(445) User=0.23s Sys=0.00s Real=0.24s
[305.756s][info][gc,start       ] GC(446) Pause Young (Allocation Failure)
[306.058s][info][gc,heap        ] GC(446) DefNew: 599307K(629120K)->62122K(629120K) Eden: 559232K(559232K)->0K(559232K) From: 40075K(69888K)->62122K(69888K)
[306.059s][info][gc,heap        ] GC(446) Tenured: 733126K(1398144K)->767200K(1398144K)
[306.059s][info][gc,metaspace   ] GC(446) Metaspace: 22527K(22848K)->22527K(22848K) NonClass: 19729K(19904K)->19729K(19904K) Class: 2797K(2944K)->2797K(2944K)
[306.059s][info][gc             ] GC(446) Pause Young (Allocation Failure) 1301M->809M(1979M) 302.533ms
[306.059s][info][gc,cpu         ] GC(446) User=0.27s Sys=0.00s Real=0.30s
[306.209s][info][gc,start       ] GC(447) Pause Young (Allocation Failure)
[306.667s][info][gc,heap        ] GC(447) DefNew: 621354K(629120K)->69888K(629120K) Eden: 559232K(559232K)->0K(559232K) From: 62122K(69888K)->69888K(69888K)
[306.667s][info][gc,heap        ] GC(447) Tenured: 767200K(1398144K)->824744K(1398144K)
[306.667s][info][gc,metaspace   ] GC(447) Metaspace: 22527K(22848K)->22527K(22848K) NonClass: 19729K(19904K)->19729K(19904K) Class: 2797K(2944K)->2797K(2944K)
[306.667s][info][gc             ] GC(447) Pause Young (Allocation Failure) 1356M->873M(1979M) 458.683ms
[306.667s][info][gc,cpu         ] GC(447) User=0.45s Sys=0.00s Real=0.46s
[307.278s][info][gc,start       ] GC(448) Pause Young (Allocation Failure)
[307.588s][info][gc,heap        ] GC(448) DefNew: 629120K(629120K)->62901K(629120K) Eden: 559232K(559232K)->0K(559232K) From: 69888K(69888K)->62901K(69888K)
[307.588s][info][gc,heap        ] GC(448) Tenured: 824744K(1398144K)->860906K(1398144K)
[307.588s][info][gc,metaspace   ] GC(448) Metaspace: 22527K(22848K)->22527K(22848K) NonClass: 19729K(19904K)->19729K(19904K) Class: 2797K(2944K)->2797K(2944K)
[307.588s][info][gc             ] GC(448) Pause Young (Allocation Failure) 1419M->902M(1979M) 309.605ms
[307.588s][info][gc,cpu         ] GC(448) User=0.31s Sys=0.00s Real=0.31s
[307.741s][info][gc,start       ] GC(449) Pause Young (Allocation Failure)
[308.187s][info][gc,heap        ] GC(449) DefNew: 622133K(629120K)->69888K(629120K) Eden: 559232K(559232K)->0K(559232K) From: 62901K(69888K)->69888K(69888K)
[308.187s][info][gc,heap        ] GC(449) Tenured: 860906K(1398144K)->924248K(1398144K)
[308.187s][info][gc,metaspace   ] GC(449) Metaspace: 22527K(22848K)->22527K(22848K) NonClass: 19729K(19904K)->19729K(19904K) Class: 2797K(2944K)->2797K(2944K)
[308.187s][info][gc             ] GC(449) Pause Young (Allocation Failure) 1448M->970M(1979M) 445.353ms
[308.187s][info][gc,cpu         ] GC(449) User=0.41s Sys=0.00s Real=0.44s
[308.600s][info][gc,start       ] GC(450) Pause Young (Allocation Failure)
[308.909s][info][gc,heap        ] GC(450) DefNew: 629120K(629120K)->59680K(629120K) Eden: 559232K(559232K)->0K(559232K) From: 69888K(69888K)->59680K(69888K)
[308.909s][info][gc,heap        ] GC(450) Tenured: 924248K(1398144K)->961762K(1398144K)
[308.909s][info][gc,metaspace   ] GC(450) Metaspace: 22527K(22848K)->22527K(22848K) NonClass: 19729K(19904K)->19729K(19904K) Class: 2797K(2944K)->2797K(2944K)
[308.909s][info][gc             ] GC(450) Pause Young (Allocation Failure) 1516M->997M(1979M) 309.702ms
[308.909s][info][gc,cpu         ] GC(450) User=0.30s Sys=0.00s Real=0.30s
[309.197s][info][gc,start       ] GC(451) Pause Young (Allocation Failure)
[309.525s][info][gc,heap        ] GC(451) DefNew: 618912K(629120K)->69888K(629120K) Eden: 559232K(559232K)->0K(559232K) From: 59680K(69888K)->69888K(69888K)
[309.525s][info][gc,heap        ] GC(451) Tenured: 961762K(1398144K)->1004288K(1398144K)
[309.525s][info][gc,metaspace   ] GC(451) Metaspace: 22527K(22848K)->22527K(22848K) NonClass: 19729K(19904K)->19729K(19904K) Class: 2797K(2944K)->2797K(2944K)
[309.525s][info][gc             ] GC(451) Pause Young (Allocation Failure) 1543M->1049M(1979M) 327.475ms
[309.525s][info][gc,cpu         ] GC(451) User=0.31s Sys=0.00s Real=0.33s
[309.679s][info][gc,start       ] GC(452) Pause Young (Allocation Failure)
[310.133s][info][gc,heap        ] GC(452) DefNew: 629120K(629120K)->69887K(629120K) Eden: 559232K(559232K)->0K(559232K) From: 69888K(69888K)->69887K(69888K)
[310.133s][info][gc,heap        ] GC(452) Tenured: 1004288K(1398144K)->1069233K(1398144K)
[310.133s][info][gc,metaspace   ] GC(452) Metaspace: 22527K(22848K)->22527K(22848K) NonClass: 19729K(19904K)->19729K(19904K) Class: 2797K(2944K)->2797K(2944K)
[310.133s][info][gc             ] GC(452) Pause Young (Allocation Failure) 1595M->1112M(1979M) 454.298ms
[310.133s][info][gc,cpu         ] GC(452) User=0.45s Sys=0.00s Real=0.46s
[310.584s][info][gc,start       ] GC(453) Pause Young (Allocation Failure)
[310.899s][info][gc,heap        ] GC(453) DefNew: 629119K(629120K)->57091K(629120K) Eden: 559232K(559232K)->0K(559232K) From: 69887K(69888K)->57091K(69888K)
[310.899s][info][gc,heap        ] GC(453) Tenured: 1069233K(1398144K)->1105456K(1398144K)
[310.899s][info][gc,metaspace   ] GC(453) Metaspace: 22527K(22848K)->22527K(22848K) NonClass: 19729K(19904K)->19729K(19904K) Class: 2797K(2944K)->2797K(2944K)
[310.899s][info][gc             ] GC(453) Pause Young (Allocation Failure) 1658M->1135M(1979M) 315.801ms
[310.899s][info][gc,cpu         ] GC(453) User=0.33s Sys=0.00s Real=0.31s
[311.048s][info][gc,start       ] GC(454) Pause Young (Allocation Failure)
[311.487s][info][gc,heap        ] GC(454) DefNew: 616323K(629120K)->69888K(629120K) Eden: 559232K(559232K)->0K(559232K) From: 57091K(69888K)->69888K(69888K)
[311.487s][info][gc,heap        ] GC(454) Tenured: 1105456K(1398144K)->1159867K(1398144K)
[311.487s][info][gc,metaspace   ] GC(454) Metaspace: 22527K(22848K)->22527K(22848K) NonClass: 19729K(19904K)->19729K(19904K) Class: 2797K(2944K)->2797K(2944K)
[311.487s][info][gc             ] GC(454) Pause Young (Allocation Failure) 1681M->1200M(1979M) 438.877ms
[311.487s][info][gc,cpu         ] GC(454) User=0.44s Sys=0.00s Real=0.42s
[311.794s][info][gc,start       ] GC(455) Pause Young (Allocation Failure)
[312.153s][info][gc,heap        ] GC(455) DefNew: 629120K(629120K)->68796K(629120K) Eden: 559232K(559232K)->0K(559232K) From: 69888K(69888K)->68796K(69888K)
[312.153s][info][gc,heap        ] GC(455) Tenured: 1159867K(1398144K)->1203387K(1398144K)
[312.153s][info][gc,metaspace   ] GC(455) Metaspace: 22527K(22848K)->22527K(22848K) NonClass: 19729K(19904K)->19729K(19904K) Class: 2797K(2944K)->2797K(2944K)
[312.153s][info][gc             ] GC(455) Pause Young (Allocation Failure) 1747M->1242M(1979M) 359.081ms
[312.153s][info][gc,cpu         ] GC(455) User=0.31s Sys=0.00s Real=0.36s
[312.562s][info][gc,start       ] GC(456) Pause Young (Allocation Failure)
[312.860s][info][gc,heap        ] GC(456) DefNew: 628028K(629120K)->64949K(629120K) Eden: 559232K(559232K)->0K(559232K) From: 68796K(69888K)->64949K(69888K)
[312.860s][info][gc,heap        ] GC(456) Tenured: 1203387K(1398144K)->1238841K(1398144K)
[312.860s][info][gc,metaspace   ] GC(456) Metaspace: 22527K(22848K)->22527K(22848K) NonClass: 19729K(19904K)->19729K(19904K) Class: 2797K(2944K)->2797K(2944K)
[312.860s][info][gc             ] GC(456) Pause Young (Allocation Failure) 1788M->1273M(1979M) 297.535ms
[312.860s][info][gc,cpu         ] GC(456) User=0.30s Sys=0.00s Real=0.30s
[313.009s][info][gc,start       ] GC(457) Pause Young (Allocation Failure)
[313.457s][info][gc,heap        ] GC(457) DefNew: 624181K(629120K)->69888K(629120K) Eden: 559232K(559232K)->0K(559232K) From: 64949K(69888K)->69888K(69888K)
[313.457s][info][gc,heap        ] GC(457) Tenured: 1238841K(1398144K)->1302880K(1398144K)
[313.457s][info][gc,metaspace   ] GC(457) Metaspace: 22527K(22848K)->22527K(22848K) NonClass: 19729K(19904K)->19729K(19904K) Class: 2797K(2944K)->2797K(2944K)
[313.457s][info][gc             ] GC(457) Pause Young (Allocation Failure) 1819M->1340M(1979M) 447.942ms
[313.457s][info][gc,cpu         ] GC(457) User=0.45s Sys=0.00s Real=0.46s
[313.981s][info][gc,start       ] GC(458) Pause Young (Allocation Failure)
[314.214s][info][gc,heap        ] GC(458) DefNew: 629120K(629120K)->37388K(629120K) Eden: 559232K(559232K)->0K(559232K) From: 69888K(69888K)->37388K(69888K)
[314.214s][info][gc,heap        ] GC(458) Tenured: 1302880K(1398144K)->1337477K(1398144K)
[314.214s][info][gc,metaspace   ] GC(458) Metaspace: 22527K(22848K)->22527K(22848K) NonClass: 19729K(19904K)->19729K(19904K) Class: 2797K(2944K)->2797K(2944K)
[314.214s][info][gc             ] GC(458) Pause Young (Allocation Failure) 1886M->1342M(1979M) 232.638ms
[314.214s][info][gc,cpu         ] GC(458) User=0.23s Sys=0.00s Real=0.24s
[314.305s][info][gc,start       ] GC(459) Pause Full (System.gc())
[314.306s][info][gc,phases,start] GC(459) Phase 1: Mark live objects
[314.466s][info][gc,phases      ] GC(459) Phase 1: Mark live objects 160.853ms
[314.466s][info][gc,phases,start] GC(459) Phase 2: Compute new object addresses
[314.672s][info][gc,phases      ] GC(459) Phase 2: Compute new object addresses 205.526ms
[314.672s][info][gc,phases,start] GC(459) Phase 3: Adjust pointers
[314.731s][info][gc,phases      ] GC(459) Phase 3: Adjust pointers 58.939ms
[314.731s][info][gc,phases,start] GC(459) Phase 4: Move objects
[314.756s][info][gc,phases      ] GC(459) Phase 4: Move objects 25.180ms
[314.757s][info][gc,heap        ] GC(459) DefNew: 88593K(629120K)->0K(629120K) Eden: 51205K(559232K)->0K(559232K) From: 37388K(69888K)->0K(69888K)
[314.757s][info][gc,heap        ] GC(459) Tenured: 1337477K(1398144K)->85954K(1398144K)
[314.757s][info][gc,metaspace   ] GC(459) Metaspace: 22527K(22848K)->22527K(22848K) NonClass: 19729K(19904K)->19729K(19904K) Class: 2797K(2944K)->2797K(2944K)
[314.757s][info][gc             ] GC(459) Pause Full (System.gc()) 1392M->83M(1979M) 451.163ms
[314.757s][info][gc,cpu         ] GC(459) User=0.44s Sys=0.00s Real=0.44s
[314.932s][info][gc,start       ] GC(460) Pause Young (Allocation Failure)
[315.242s][info][gc,heap        ] GC(460) DefNew: 559232K(629120K)->69887K(629120K) Eden: 559232K(559232K)->0K(559232K) From: 0K(69888K)->69887K(69888K)
[315.242s][info][gc,heap        ] GC(460) Tenured: 85954K(1398144K)->95936K(1398144K)
[315.242s][info][gc,metaspace   ] GC(460) Metaspace: 22553K(22848K)->22553K(22848K) NonClass: 19755K(19904K)->19755K(19904K) Class: 2797K(2944K)->2797K(2944K)
[315.242s][info][gc             ] GC(460) Pause Young (Allocation Failure) 630M->161M(1979M) 310.192ms
[315.242s][info][gc,cpu         ] GC(460) User=0.31s Sys=0.00s Real=0.32s
[315.392s][info][gc,start       ] GC(461) Pause Young (Allocation Failure)
[315.880s][info][gc,heap        ] GC(461) DefNew: 629119K(629120K)->69888K(629120K) Eden: 559232K(559232K)->0K(559232K) From: 69887K(69888K)->69888K(69888K)
[315.880s][info][gc,heap        ] GC(461) Tenured: 95936K(1398144K)->166770K(1398144K)
[315.880s][info][gc,metaspace   ] GC(461) Metaspace: 22553K(22848K)->22553K(22848K) NonClass: 19755K(19904K)->19755K(19904K) Class: 2797K(2944K)->2797K(2944K)
[315.880s][info][gc             ] GC(461) Pause Young (Allocation Failure) 708M->231M(1979M) 488.737ms
[315.881s][info][gc,cpu         ] GC(461) User=0.47s Sys=0.00s Real=0.49s
[316.389s][info][gc,start       ] GC(462) Pause Young (Allocation Failure)
[316.740s][info][gc,heap        ] GC(462) DefNew: 629120K(629120K)->66689K(629120K) Eden: 559232K(559232K)->0K(559232K) From: 69888K(69888K)->66689K(69888K)
[316.740s][info][gc,heap        ] GC(462) Tenured: 166770K(1398144K)->201416K(1398144K)
[316.740s][info][gc,metaspace   ] GC(462) Metaspace: 22559K(22848K)->22559K(22848K) NonClass: 19761K(19904K)->19761K(19904K) Class: 2797K(2944K)->2797K(2944K)
[316.740s][info][gc             ] GC(462) Pause Young (Allocation Failure) 777M->261M(1979M) 351.349ms
[316.740s][info][gc,cpu         ] GC(462) User=0.34s Sys=0.00s Real=0.35s
[316.895s][info][gc,start       ] GC(463) Pause Young (Allocation Failure)
[317.357s][info][gc,heap        ] GC(463) DefNew: 625921K(629120K)->69888K(629120K) Eden: 559232K(559232K)->0K(559232K) From: 66689K(69888K)->69888K(69888K)
[317.357s][info][gc,heap        ] GC(463) Tenured: 201416K(1398144K)->265033K(1398144K)
[317.357s][info][gc,metaspace   ] GC(463) Metaspace: 22559K(22848K)->22559K(22848K) NonClass: 19761K(19904K)->19761K(19904K) Class: 2797K(2944K)->2797K(2944K)
[317.357s][info][gc             ] GC(463) Pause Young (Allocation Failure) 807M->327M(1979M) 461.589ms
[317.357s][info][gc,cpu         ] GC(463) User=0.44s Sys=0.00s Real=0.46s
[317.877s][info][gc,start       ] GC(464) Pause Young (Allocation Failure)
[318.143s][info][gc,heap        ] GC(464) DefNew: 629120K(629120K)->49678K(629120K) Eden: 559232K(559232K)->0K(559232K) From: 69888K(69888K)->49678K(69888K)
[318.143s][info][gc,heap        ] GC(464) Tenured: 265033K(1398144K)->302175K(1398144K)
[318.143s][info][gc,metaspace   ] GC(464) Metaspace: 22559K(22848K)->22559K(22848K) NonClass: 19761K(19904K)->19761K(19904K) Class: 2797K(2944K)->2797K(2944K)
[318.143s][info][gc             ] GC(464) Pause Young (Allocation Failure) 873M->343M(1979M) 266.521ms
[318.143s][info][gc,cpu         ] GC(464) User=0.25s Sys=0.00s Real=0.27s
[318.355s][info][gc,start       ] GC(465) Pause Young (Allocation Failure)
[318.698s][info][gc,heap        ] GC(465) DefNew: 608910K(629120K)->69887K(629120K) Eden: 559232K(559232K)->0K(559232K) From: 49678K(69888K)->69887K(69888K)
[318.698s][info][gc,heap        ] GC(465) Tenured: 302175K(1398144K)->342522K(1398144K)
[318.698s][info][gc,metaspace   ] GC(465) Metaspace: 22563K(22848K)->22563K(22848K) NonClass: 19765K(19904K)->19765K(19904K) Class: 2797K(2944K)->2797K(2944K)
[318.698s][info][gc             ] GC(465) Pause Young (Allocation Failure) 889M->402M(1979M) 343.124ms
[318.698s][info][gc,cpu         ] GC(465) User=0.31s Sys=0.00s Real=0.34s
[318.850s][info][gc,start       ] GC(466) Pause Young (Allocation Failure)
[319.350s][info][gc,heap        ] GC(466) DefNew: 629119K(629120K)->69887K(629120K) Eden: 559232K(559232K)->0K(559232K) From: 69887K(69888K)->69887K(69888K)
[319.351s][info][gc,heap        ] GC(466) Tenured: 342522K(1398144K)->411435K(1398144K)
[319.351s][info][gc,metaspace   ] GC(466) Metaspace: 22563K(22848K)->22563K(22848K) NonClass: 19765K(19904K)->19765K(19904K) Class: 2797K(2944K)->2797K(2944K)
[319.351s][info][gc             ] GC(466) Pause Young (Allocation Failure) 948M->470M(1979M) 500.354ms
[319.351s][info][gc,cpu         ] GC(466) User=0.47s Sys=0.00s Real=0.49s
[319.873s][info][gc,start       ] GC(467) Pause Young (Allocation Failure)
[320.175s][info][gc,heap        ] GC(467) DefNew: 629119K(629120K)->53276K(629120K) Eden: 559232K(559232K)->0K(559232K) From: 69887K(69888K)->53276K(69888K)
[320.175s][info][gc,heap        ] GC(467) Tenured: 411435K(1398144K)->446122K(1398144K)
[320.175s][info][gc,metaspace   ] GC(467) Metaspace: 22563K(22848K)->22563K(22848K) NonClass: 19765K(19904K)->19765K(19904K) Class: 2797K(2944K)->2797K(2944K)
[320.175s][info][gc             ] GC(467) Pause Young (Allocation Failure) 1016M->487M(1979M) 302.325ms
[320.175s][info][gc,cpu         ] GC(467) User=0.33s Sys=0.00s Real=0.30s
[320.334s][info][gc,start       ] GC(468) Pause Young (Allocation Failure)
[320.778s][info][gc,heap        ] GC(468) DefNew: 612508K(629120K)->69887K(629120K) Eden: 559232K(559232K)->0K(559232K) From: 53276K(69888K)->69887K(69888K)
[320.778s][info][gc,heap        ] GC(468) Tenured: 446122K(1398144K)->503449K(1398144K)
[320.778s][info][gc,metaspace   ] GC(468) Metaspace: 22563K(22848K)->22563K(22848K) NonClass: 19765K(19904K)->19765K(19904K) Class: 2797K(2944K)->2797K(2944K)
[320.778s][info][gc             ] GC(468) Pause Young (Allocation Failure) 1033M->559M(1979M) 443.934ms
[320.778s][info][gc,cpu         ] GC(468) User=0.45s Sys=0.00s Real=0.46s
[321.164s][info][gc,start       ] GC(469) Pause Young (Allocation Failure)
[321.506s][info][gc,heap        ] GC(469) DefNew: 629119K(629120K)->62083K(629120K) Eden: 559232K(559232K)->0K(559232K) From: 69887K(69888K)->62083K(69888K)
[321.506s][info][gc,heap        ] GC(469) Tenured: 503449K(1398144K)->541065K(1398144K)
[321.506s][info][gc,metaspace   ] GC(469) Metaspace: 22563K(22848K)->22563K(22848K) NonClass: 19765K(19904K)->19765K(19904K) Class: 2797K(2944K)->2797K(2944K)
[321.507s][info][gc             ] GC(469) Pause Young (Allocation Failure) 1106M->589M(1979M) 342.483ms
[321.507s][info][gc,cpu         ] GC(469) User=0.31s Sys=0.00s Real=0.35s
[321.781s][info][gc,start       ] GC(470) Pause Young (Allocation Failure)
[322.112s][info][gc,heap        ] GC(470) DefNew: 621315K(629120K)->64761K(629120K) Eden: 559232K(559232K)->0K(559232K) From: 62083K(69888K)->64761K(69888K)
[322.112s][info][gc,heap        ] GC(470) Tenured: 541065K(1398144K)->581980K(1398144K)
[322.112s][info][gc,metaspace   ] GC(470) Metaspace: 22563K(22848K)->22563K(22848K) NonClass: 19765K(19904K)->19765K(19904K) Class: 2797K(2944K)->2797K(2944K)
[322.112s][info][gc             ] GC(470) Pause Young (Allocation Failure) 1135M->631M(1979M) 331.361ms
[322.112s][info][gc,cpu         ] GC(470) User=0.31s Sys=0.00s Real=0.33s
[322.262s][info][gc,start       ] GC(471) Pause Young (Allocation Failure)
[322.724s][info][gc,heap        ] GC(471) DefNew: 623993K(629120K)->69888K(629120K) Eden: 559232K(559232K)->0K(559232K) From: 64761K(69888K)->69888K(69888K)
[322.724s][info][gc,heap        ] GC(471) Tenured: 581980K(1398144K)->641210K(1398144K)
[322.724s][info][gc,metaspace   ] GC(471) Metaspace: 22563K(22848K)->22563K(22848K) NonClass: 19765K(19904K)->19765K(19904K) Class: 2797K(2944K)->2797K(2944K)
[322.724s][info][gc             ] GC(471) Pause Young (Allocation Failure) 1177M->694M(1979M) 462.846ms
[322.724s][info][gc,cpu         ] GC(471) User=0.45s Sys=0.00s Real=0.46s
[323.331s][info][gc,start       ] GC(472) Pause Young (Allocation Failure)
[323.588s][info][gc,heap        ] GC(472) DefNew: 629120K(629120K)->44330K(629120K) Eden: 559232K(559232K)->0K(559232K) From: 69888K(69888K)->44330K(69888K)
[323.588s][info][gc,heap        ] GC(472) Tenured: 641210K(1398144K)->678803K(1398144K)
[323.588s][info][gc,metaspace   ] GC(472) Metaspace: 22563K(22848K)->22563K(22848K) NonClass: 19765K(19904K)->19765K(19904K) Class: 2797K(2944K)->2797K(2944K)
[323.588s][info][gc             ] GC(472) Pause Young (Allocation Failure) 1240M->706M(1979M) 256.408ms
[323.588s][info][gc,cpu         ] GC(472) User=0.28s Sys=0.00s Real=0.27s
[323.739s][info][gc,start       ] GC(473) Pause Young (Allocation Failure)
[324.140s][info][gc,heap        ] GC(473) DefNew: 603562K(629120K)->69887K(629120K) Eden: 559232K(559232K)->0K(559232K) From: 44330K(69888K)->69887K(69888K)
[324.140s][info][gc,heap        ] GC(473) Tenured: 678803K(1398144K)->726476K(1398144K)
[324.140s][info][gc,metaspace   ] GC(473) Metaspace: 22563K(22848K)->22563K(22848K) NonClass: 19765K(19904K)->19765K(19904K) Class: 2797K(2944K)->2797K(2944K)
[324.140s][info][gc             ] GC(473) Pause Young (Allocation Failure) 1252M->777M(1979M) 401.071ms
[324.140s][info][gc,cpu         ] GC(473) User=0.39s Sys=0.00s Real=0.41s
[324.277s][info][gc,start       ] GC(474) Pause Young (Allocation Failure)
[324.736s][info][gc,heap        ] GC(474) DefNew: 629119K(629120K)->69888K(629120K) Eden: 559232K(559232K)->0K(559232K) From: 69887K(69888K)->69888K(69888K)
[324.736s][info][gc,heap        ] GC(474) Tenured: 726476K(1398144K)->786942K(1398144K)
[324.736s][info][gc,metaspace   ] GC(474) Metaspace: 22563K(22848K)->22563K(22848K) NonClass: 19765K(19904K)->19765K(19904K) Class: 2797K(2944K)->2797K(2944K)
[324.736s][info][gc             ] GC(474) Pause Young (Allocation Failure) 1323M->836M(1979M) 459.339ms
[324.736s][info][gc,cpu         ] GC(474) User=0.38s Sys=0.00s Real=0.45s
[325.288s][info][gc,start       ] GC(475) Pause Young (Allocation Failure)
[325.579s][info][gc,heap        ] GC(475) DefNew: 629120K(629120K)->58916K(629120K) Eden: 559232K(559232K)->0K(559232K) From: 69888K(69888K)->58916K(69888K)
[325.579s][info][gc,heap        ] GC(475) Tenured: 786942K(1398144K)->819119K(1398144K)
[325.579s][info][gc,metaspace   ] GC(475) Metaspace: 22564K(22848K)->22564K(22848K) NonClass: 19766K(19904K)->19766K(19904K) Class: 2797K(2944K)->2797K(2944K)
[325.579s][info][gc             ] GC(475) Pause Young (Allocation Failure) 1382M->857M(1979M) 291.523ms
[325.579s][info][gc,cpu         ] GC(475) User=0.30s Sys=0.00s Real=0.30s
[325.731s][info][gc,start       ] GC(476) Pause Young (Allocation Failure)
[326.165s][info][gc,heap        ] GC(476) DefNew: 618148K(629120K)->69888K(629120K) Eden: 559232K(559232K)->0K(559232K) From: 58916K(69888K)->69888K(69888K)
[326.165s][info][gc,heap        ] GC(476) Tenured: 819119K(1398144K)->876775K(1398144K)
[326.165s][info][gc,metaspace   ] GC(476) Metaspace: 22564K(22848K)->22564K(22848K) NonClass: 19766K(19904K)->19766K(19904K) Class: 2797K(2944K)->2797K(2944K)
[326.165s][info][gc             ] GC(476) Pause Young (Allocation Failure) 1403M->924M(1979M) 433.859ms
[326.165s][info][gc,cpu         ] GC(476) User=0.39s Sys=0.00s Real=0.44s
[326.542s][info][gc,start       ] GC(477) Pause Young (Allocation Failure)
[326.850s][info][gc,heap        ] GC(477) DefNew: 629120K(629120K)->61858K(629120K) Eden: 559232K(559232K)->0K(559232K) From: 69888K(69888K)->61858K(69888K)
[326.850s][info][gc,heap        ] GC(477) Tenured: 876775K(1398144K)->914703K(1398144K)
[326.850s][info][gc,metaspace   ] GC(477) Metaspace: 22564K(22848K)->22564K(22848K) NonClass: 19766K(19904K)->19766K(19904K) Class: 2797K(2944K)->2797K(2944K)
[326.850s][info][gc             ] GC(477) Pause Young (Allocation Failure) 1470M->953M(1979M) 307.727ms
[326.850s][info][gc,cpu         ] GC(477) User=0.28s Sys=0.00s Real=0.30s
[327.148s][info][gc,start       ] GC(478) Pause Young (Allocation Failure)
[327.472s][info][gc,heap        ] GC(478) DefNew: 621090K(629120K)->69888K(629120K) Eden: 559232K(559232K)->0K(559232K) From: 61858K(69888K)->69888K(69888K)
[327.472s][info][gc,heap        ] GC(478) Tenured: 914703K(1398144K)->952749K(1398144K)
[327.472s][info][gc,metaspace   ] GC(478) Metaspace: 22564K(22848K)->22564K(22848K) NonClass: 19766K(19904K)->19766K(19904K) Class: 2797K(2944K)->2797K(2944K)
[327.472s][info][gc             ] GC(478) Pause Young (Allocation Failure) 1499M->998M(1979M) 323.945ms
[327.472s][info][gc,cpu         ] GC(478) User=0.30s Sys=0.00s Real=0.33s
[327.617s][info][gc,start       ] GC(479) Pause Young (Allocation Failure)
[328.079s][info][gc,heap        ] GC(479) DefNew: 629120K(629120K)->69888K(629120K) Eden: 559232K(559232K)->0K(559232K) From: 69888K(69888K)->69888K(69888K)
[328.079s][info][gc,heap        ] GC(479) Tenured: 952749K(1398144K)->1015999K(1398144K)
[328.079s][info][gc,metaspace   ] GC(479) Metaspace: 22564K(22848K)->22564K(22848K) NonClass: 19766K(19904K)->19766K(19904K) Class: 2797K(2944K)->2797K(2944K)
[328.079s][info][gc             ] GC(479) Pause Young (Allocation Failure) 1544M->1060M(1979M) 461.573ms
[328.079s][info][gc,cpu         ] GC(479) User=0.44s Sys=0.00s Real=0.47s
[328.641s][info][gc,start       ] GC(480) Pause Young (Allocation Failure)
[328.916s][info][gc,heap        ] GC(480) DefNew: 629120K(629120K)->49836K(629120K) Eden: 559232K(559232K)->0K(559232K) From: 69888K(69888K)->49836K(69888K)
[328.916s][info][gc,heap        ] GC(480) Tenured: 1015999K(1398144K)->1050812K(1398144K)
[328.916s][info][gc,metaspace   ] GC(480) Metaspace: 22564K(22848K)->22564K(22848K) NonClass: 19766K(19904K)->19766K(19904K) Class: 2797K(2944K)->2797K(2944K)
[328.916s][info][gc             ] GC(480) Pause Young (Allocation Failure) 1606M->1074M(1979M) 274.755ms
[328.916s][info][gc,cpu         ] GC(480) User=0.28s Sys=0.00s Real=0.27s
[329.061s][info][gc,start       ] GC(481) Pause Young (Allocation Failure)
[329.465s][info][gc,heap        ] GC(481) DefNew: 609068K(629120K)->69887K(629120K) Eden: 559232K(559232K)->0K(559232K) From: 49836K(69888K)->69887K(69888K)
[329.465s][info][gc,heap        ] GC(481) Tenured: 1050812K(1398144K)->1099354K(1398144K)
[329.465s][info][gc,metaspace   ] GC(481) Metaspace: 22564K(22848K)->22564K(22848K) NonClass: 19766K(19904K)->19766K(19904K) Class: 2797K(2944K)->2797K(2944K)
[329.465s][info][gc             ] GC(481) Pause Young (Allocation Failure) 1620M->1141M(1979M) 404.770ms
[329.465s][info][gc,cpu         ] GC(481) User=0.41s Sys=0.00s Real=0.39s
[329.700s][info][gc,start       ] GC(482) Pause Young (Allocation Failure)
[330.166s][info][gc,heap        ] GC(482) DefNew: 629119K(629120K)->69888K(629120K) Eden: 559232K(559232K)->0K(559232K) From: 69887K(69888K)->69888K(69888K)
[330.166s][info][gc,heap        ] GC(482) Tenured: 1099354K(1398144K)->1153254K(1398144K)
[330.166s][info][gc,metaspace   ] GC(482) Metaspace: 22564K(22848K)->22564K(22848K) NonClass: 19766K(19904K)->19766K(19904K) Class: 2797K(2944K)->2797K(2944K)
[330.166s][info][gc             ] GC(482) Pause Young (Allocation Failure) 1687M->1194M(1979M) 465.861ms
[330.166s][info][gc,cpu         ] GC(482) User=0.45s Sys=0.00s Real=0.47s
[330.622s][info][gc,start       ] GC(483) Pause Young (Allocation Failure)
[330.930s][info][gc,heap        ] GC(483) DefNew: 629120K(629120K)->60525K(629120K) Eden: 559232K(559232K)->0K(559232K) From: 69888K(69888K)->60525K(69888K)
[330.930s][info][gc,heap        ] GC(483) Tenured: 1153254K(1398144K)->1186365K(1398144K)
[330.930s][info][gc,metaspace   ] GC(483) Metaspace: 22564K(22848K)->22564K(22848K) NonClass: 19766K(19904K)->19766K(19904K) Class: 2797K(2944K)->2797K(2944K)
[330.930s][info][gc             ] GC(483) Pause Young (Allocation Failure) 1740M->1217M(1979M) 307.484ms
[330.930s][info][gc,cpu         ] GC(483) User=0.31s Sys=0.00s Real=0.30s
[331.066s][info][gc,start       ] GC(484) Pause Young (Allocation Failure)
[331.483s][info][gc,heap        ] GC(484) DefNew: 619757K(629120K)->69888K(629120K) Eden: 559232K(559232K)->0K(559232K) From: 60525K(69888K)->69888K(69888K)
[331.483s][info][gc,heap        ] GC(484) Tenured: 1186365K(1398144K)->1238189K(1398144K)
[331.483s][info][gc,metaspace   ] GC(484) Metaspace: 22564K(22848K)->22564K(22848K) NonClass: 19766K(19904K)->19766K(19904K) Class: 2797K(2944K)->2797K(2944K)
[331.483s][info][gc             ] GC(484) Pause Young (Allocation Failure) 1763M->1277M(1979M) 417.395ms
[331.483s][info][gc,cpu         ] GC(484) User=0.42s Sys=0.00s Real=0.42s
[331.927s][info][gc,start       ] GC(485) Pause Young (Allocation Failure)
[332.268s][info][gc,heap        ] GC(485) DefNew: 629120K(629120K)->59113K(629120K) Eden: 559232K(559232K)->0K(559232K) From: 69888K(69888K)->59113K(69888K)
[332.268s][info][gc,heap        ] GC(485) Tenured: 1238189K(1398144K)->1275098K(1398144K)
[332.268s][info][gc,metaspace   ] GC(485) Metaspace: 22564K(22848K)->22564K(22848K) NonClass: 19766K(19904K)->19766K(19904K) Class: 2797K(2944K)->2797K(2944K)
[332.268s][info][gc             ] GC(485) Pause Young (Allocation Failure) 1823M->1302M(1979M) 340.998ms
[332.268s][info][gc,cpu         ] GC(485) User=0.34s Sys=0.00s Real=0.35s
[332.476s][info][gc,start       ] GC(486) Pause Full (System.gc())
[332.476s][info][gc,phases,start] GC(486) Phase 1: Mark live objects
[332.630s][info][gc,phases      ] GC(486) Phase 1: Mark live objects 153.717ms
[332.630s][info][gc,phases,start] GC(486) Phase 2: Compute new object addresses
[332.848s][info][gc,phases      ] GC(486) Phase 2: Compute new object addresses 218.348ms
[332.848s][info][gc,phases,start] GC(486) Phase 3: Adjust pointers
[332.926s][info][gc,phases      ] GC(486) Phase 3: Adjust pointers 77.605ms
[332.926s][info][gc,phases,start] GC(486) Phase 4: Move objects
[332.957s][info][gc,phases      ] GC(486) Phase 4: Move objects 31.506ms
[332.958s][info][gc,heap        ] GC(486) DefNew: 144753K(629120K)->0K(629120K) Eden: 85640K(559232K)->0K(559232K) From: 59113K(69888K)->0K(69888K)
[332.958s][info][gc,heap        ] GC(486) Tenured: 1275098K(1398144K)->151612K(1398144K)
[332.958s][info][gc,metaspace   ] GC(486) Metaspace: 22564K(22848K)->22564K(22848K) NonClass: 19766K(19904K)->19766K(19904K) Class: 2797K(2944K)->2797K(2944K)
[332.958s][info][gc             ] GC(486) Pause Full (System.gc()) 1386M->148M(1979M) 481.847ms
[332.958s][info][gc,cpu         ] GC(486) User=0.44s Sys=0.00s Real=0.49s
[333.121s][info][gc,start       ] GC(487) Pause Young (Allocation Failure)
[333.438s][info][gc,heap        ] GC(487) DefNew: 559232K(629120K)->69887K(629120K) Eden: 559232K(559232K)->0K(559232K) From: 0K(69888K)->69887K(69888K)
[333.438s][info][gc,heap        ] GC(487) Tenured: 151612K(1398144K)->159325K(1398144K)
[333.438s][info][gc,metaspace   ] GC(487) Metaspace: 22564K(22848K)->22564K(22848K) NonClass: 19766K(19904K)->19766K(19904K) Class: 2797K(2944K)->2797K(2944K)
[333.438s][info][gc             ] GC(487) Pause Young (Allocation Failure) 694M->223M(1979M) 316.967ms
[333.438s][info][gc,cpu         ] GC(487) User=0.31s Sys=0.00s Real=0.31s
[333.586s][info][gc,start       ] GC(488) Pause Young (Allocation Failure)
[334.068s][info][gc,heap        ] GC(488) DefNew: 629119K(629120K)->69888K(629120K) Eden: 559232K(559232K)->0K(559232K) From: 69887K(69888K)->69888K(69888K)
[334.068s][info][gc,heap        ] GC(488) Tenured: 159325K(1398144K)->225167K(1398144K)
[334.068s][info][gc,metaspace   ] GC(488) Metaspace: 22564K(22848K)->22564K(22848K) NonClass: 19766K(19904K)->19766K(19904K) Class: 2797K(2944K)->2797K(2944K)
[334.068s][info][gc             ] GC(488) Pause Young (Allocation Failure) 769M->288M(1979M) 481.898ms
[334.068s][info][gc,cpu         ] GC(488) User=0.47s Sys=0.00s Real=0.47s
[334.602s][info][gc,start       ] GC(489) Pause Young (Allocation Failure)
[334.900s][info][gc,heap        ] GC(489) DefNew: 629120K(629120K)->58975K(629120K) Eden: 559232K(559232K)->0K(559232K) From: 69888K(69888K)->58975K(69888K)
[334.900s][info][gc,heap        ] GC(489) Tenured: 225167K(1398144K)->260069K(1398144K)
[334.900s][info][gc,metaspace   ] GC(489) Metaspace: 22564K(22848K)->22564K(22848K) NonClass: 19766K(19904K)->19766K(19904K) Class: 2797K(2944K)->2797K(2944K)
[334.900s][info][gc             ] GC(489) Pause Young (Allocation Failure) 834M->311M(1979M) 298.349ms
[334.900s][info][gc,cpu         ] GC(489) User=0.27s Sys=0.00s Real=0.30s
[335.039s][info][gc,start       ] GC(490) Pause Young (Allocation Failure)
[335.466s][info][gc,heap        ] GC(490) DefNew: 618207K(629120K)->69887K(629120K) Eden: 559232K(559232K)->0K(559232K) From: 58975K(69888K)->69887K(69888K)
[335.466s][info][gc,heap        ] GC(490) Tenured: 260069K(1398144K)->316517K(1398144K)
[335.466s][info][gc,metaspace   ] GC(490) Metaspace: 22564K(22848K)->22564K(22848K) NonClass: 19766K(19904K)->19766K(19904K) Class: 2797K(2944K)->2797K(2944K)
[335.466s][info][gc             ] GC(490) Pause Young (Allocation Failure) 857M->377M(1979M) 426.815ms
[335.466s][info][gc,cpu         ] GC(490) User=0.39s Sys=0.00s Real=0.42s
[335.832s][info][gc,start       ] GC(491) Pause Young (Allocation Failure)
[336.144s][info][gc,heap        ] GC(491) DefNew: 629119K(629120K)->66793K(629120K) Eden: 559232K(559232K)->0K(559232K) From: 69887K(69888K)->66793K(69888K)
[336.144s][info][gc,heap        ] GC(491) Tenured: 316517K(1398144K)->352600K(1398144K)
[336.144s][info][gc,metaspace   ] GC(491) Metaspace: 22564K(22848K)->22564K(22848K) NonClass: 19766K(19904K)->19766K(19904K) Class: 2797K(2944K)->2797K(2944K)
[336.144s][info][gc             ] GC(491) Pause Young (Allocation Failure) 923M->409M(1979M) 312.583ms
[336.144s][info][gc,cpu         ] GC(491) User=0.30s Sys=0.00s Real=0.31s
[336.455s][info][gc,start       ] GC(492) Pause Young (Allocation Failure)
[336.766s][info][gc,heap        ] GC(492) DefNew: 626025K(629120K)->65448K(629120K) Eden: 559232K(559232K)->0K(559232K) From: 66793K(69888K)->65448K(69888K)
[336.766s][info][gc,heap        ] GC(492) Tenured: 352600K(1398144K)->389245K(1398144K)
[336.766s][info][gc,metaspace   ] GC(492) Metaspace: 22564K(22848K)->22564K(22848K) NonClass: 19766K(19904K)->19766K(19904K) Class: 2797K(2944K)->2797K(2944K)
[336.766s][info][gc             ] GC(492) Pause Young (Allocation Failure) 955M->444M(1979M) 311.185ms
[336.766s][info][gc,cpu         ] GC(492) User=0.25s Sys=0.03s Real=0.31s
[336.910s][info][gc,start       ] GC(493) Pause Young (Allocation Failure)
[337.373s][info][gc,heap        ] GC(493) DefNew: 624680K(629120K)->69887K(629120K) Eden: 559232K(559232K)->0K(559232K) From: 65448K(69888K)->69887K(69888K)
[337.373s][info][gc,heap        ] GC(493) Tenured: 389245K(1398144K)->450289K(1398144K)
[337.373s][info][gc,metaspace   ] GC(493) Metaspace: 22564K(22848K)->22564K(22848K) NonClass: 19766K(19904K)->19766K(19904K) Class: 2797K(2944K)->2797K(2944K)
[337.373s][info][gc             ] GC(493) Pause Young (Allocation Failure) 990M->507M(1979M) 462.501ms
[337.373s][info][gc,cpu         ] GC(493) User=0.44s Sys=0.00s Real=0.47s
[337.981s][info][gc,start       ] GC(494) Pause Young (Allocation Failure)
[338.250s][info][gc,heap        ] GC(494) DefNew: 629119K(629120K)->49182K(629120K) Eden: 559232K(559232K)->0K(559232K) From: 69887K(69888K)->49182K(69888K)
[338.250s][info][gc,heap        ] GC(494) Tenured: 450289K(1398144K)->484470K(1398144K)
[338.250s][info][gc,metaspace   ] GC(494) Metaspace: 22564K(22848K)->22564K(22848K) NonClass: 19766K(19904K)->19766K(19904K) Class: 2797K(2944K)->2797K(2944K)
[338.250s][info][gc             ] GC(494) Pause Young (Allocation Failure) 1054M->521M(1979M) 268.598ms
[338.250s][info][gc,cpu         ] GC(494) User=0.28s Sys=0.00s Real=0.27s
[338.394s][info][gc,start       ] GC(495) Pause Young (Allocation Failure)
[338.785s][info][gc,heap        ] GC(495) DefNew: 608414K(629120K)->69888K(629120K) Eden: 559232K(559232K)->0K(559232K) From: 49182K(69888K)->69888K(69888K)
[338.785s][info][gc,heap        ] GC(495) Tenured: 484470K(1398144K)->532006K(1398144K)
[338.785s][info][gc,metaspace   ] GC(495) Metaspace: 22564K(22848K)->22564K(22848K) NonClass: 19766K(19904K)->19766K(19904K) Class: 2797K(2944K)->2797K(2944K)
[338.785s][info][gc             ] GC(495) Pause Young (Allocation Failure) 1067M->587M(1979M) 390.640ms
[338.785s][info][gc,cpu         ] GC(495) User=0.38s Sys=0.00s Real=0.39s
[338.932s][info][gc,start       ] GC(496) Pause Young (Allocation Failure)
[339.400s][info][gc,heap        ] GC(496) DefNew: 629120K(629120K)->69888K(629120K) Eden: 559232K(559232K)->0K(559232K) From: 69888K(69888K)->69888K(69888K)
[339.401s][info][gc,heap        ] GC(496) Tenured: 532006K(1398144K)->593750K(1398144K)
[339.401s][info][gc,metaspace   ] GC(496) Metaspace: 22564K(22848K)->22564K(22848K) NonClass: 19766K(19904K)->19766K(19904K) Class: 2797K(2944K)->2797K(2944K)
[339.401s][info][gc             ] GC(496) Pause Young (Allocation Failure) 1133M->648M(1979M) 468.810ms
[339.401s][info][gc,cpu         ] GC(496) User=0.44s Sys=0.00s Real=0.47s
[339.944s][info][gc,start       ] GC(497) Pause Young (Allocation Failure)
[340.266s][info][gc,heap        ] GC(497) DefNew: 629120K(629120K)->62457K(629120K) Eden: 559232K(559232K)->0K(559232K) From: 69888K(69888K)->62457K(69888K)
[340.266s][info][gc,heap        ] GC(497) Tenured: 593750K(1398144K)->627049K(1398144K)
[340.266s][info][gc,metaspace   ] GC(497) Metaspace: 22564K(22848K)->22564K(22848K) NonClass: 19766K(19904K)->19766K(19904K) Class: 2797K(2944K)->2797K(2944K)
[340.266s][info][gc             ] GC(497) Pause Young (Allocation Failure) 1194M->673M(1979M) 321.779ms
[340.266s][info][gc,cpu         ] GC(497) User=0.27s Sys=0.00s Real=0.33s
[340.418s][info][gc,start       ] GC(498) Pause Young (Allocation Failure)
[340.865s][info][gc,heap        ] GC(498) DefNew: 621689K(629120K)->69888K(629120K) Eden: 559232K(559232K)->0K(559232K) From: 62457K(69888K)->69888K(69888K)
[340.865s][info][gc,heap        ] GC(498) Tenured: 627049K(1398144K)->688458K(1398144K)
[340.865s][info][gc,metaspace   ] GC(498) Metaspace: 22564K(22848K)->22564K(22848K) NonClass: 19766K(19904K)->19766K(19904K) Class: 2797K(2944K)->2797K(2944K)
[340.865s][info][gc             ] GC(498) Pause Young (Allocation Failure) 1219M->740M(1979M) 447.317ms
[340.865s][info][gc,cpu         ] GC(498) User=0.41s Sys=0.00s Real=0.45s
[341.288s][info][gc,start       ] GC(499) Pause Young (Allocation Failure)
[341.569s][info][gc,heap        ] GC(499) DefNew: 629120K(629120K)->54575K(629120K) Eden: 559232K(559232K)->0K(559232K) From: 69888K(69888K)->54575K(69888K)
[341.569s][info][gc,heap        ] GC(499) Tenured: 688458K(1398144K)->724544K(1398144K)
[341.569s][info][gc,metaspace   ] GC(499) Metaspace: 22564K(22848K)->22564K(22848K) NonClass: 19766K(19904K)->19766K(19904K) Class: 2797K(2944K)->2797K(2944K)
[341.569s][info][gc             ] GC(499) Pause Young (Allocation Failure) 1286M->760M(1979M) 280.734ms
[341.569s][info][gc,cpu         ] GC(499) User=0.27s Sys=0.00s Real=0.27s
[341.803s][info][gc,start       ] GC(500) Pause Young (Allocation Failure)
[342.129s][info][gc,heap        ] GC(500) DefNew: 613807K(629120K)->66887K(629120K) Eden: 559232K(559232K)->0K(559232K) From: 54575K(69888K)->66887K(69888K)
[342.129s][info][gc,heap        ] GC(500) Tenured: 724544K(1398144K)->761184K(1398144K)
[342.129s][info][gc,metaspace   ] GC(500) Metaspace: 22564K(22848K)->22564K(22848K) NonClass: 19766K(19904K)->19766K(19904K) Class: 2797K(2944K)->2797K(2944K)
[342.129s][info][gc             ] GC(500) Pause Young (Allocation Failure) 1306M->808M(1979M) 325.642ms
[342.129s][info][gc,cpu         ] GC(500) User=0.28s Sys=0.00s Real=0.32s
[342.283s][info][gc,start       ] GC(501) Pause Young (Allocation Failure)
[342.755s][info][gc,heap        ] GC(501) DefNew: 626119K(629120K)->69887K(629120K) Eden: 559232K(559232K)->0K(559232K) From: 66887K(69888K)->69887K(69888K)
[342.755s][info][gc,heap        ] GC(501) Tenured: 761184K(1398144K)->824242K(1398144K)
[342.755s][info][gc,metaspace   ] GC(501) Metaspace: 22564K(22848K)->22564K(22848K) NonClass: 19766K(19904K)->19766K(19904K) Class: 2797K(2944K)->2797K(2944K)
[342.755s][info][gc             ] GC(501) Pause Young (Allocation Failure) 1354M->873M(1979M) 471.904ms
[342.755s][info][gc,cpu         ] GC(501) User=0.47s Sys=0.00s Real=0.47s
[343.387s][info][gc,start       ] GC(502) Pause Young (Allocation Failure)
[343.676s][info][gc,heap        ] GC(502) DefNew: 629119K(629120K)->54525K(629120K) Eden: 559232K(559232K)->0K(559232K) From: 69887K(69888K)->54525K(69888K)
[343.676s][info][gc,heap        ] GC(502) Tenured: 824242K(1398144K)->860126K(1398144K)
[343.676s][info][gc,metaspace   ] GC(502) Metaspace: 22564K(22848K)->22564K(22848K) NonClass: 19766K(19904K)->19766K(19904K) Class: 2797K(2944K)->2797K(2944K)
[343.676s][info][gc             ] GC(502) Pause Young (Allocation Failure) 1419M->893M(1979M) 289.023ms
[343.676s][info][gc,cpu         ] GC(502) User=0.33s Sys=0.00s Real=0.28s
[343.827s][info][gc,start       ] GC(503) Pause Young (Allocation Failure)
[344.243s][info][gc,heap        ] GC(503) DefNew: 613757K(629120K)->69887K(629120K) Eden: 559232K(559232K)->0K(559232K) From: 54525K(69888K)->69887K(69888K)
[344.243s][info][gc,heap        ] GC(503) Tenured: 860126K(1398144K)->913638K(1398144K)
[344.243s][info][gc,metaspace   ] GC(503) Metaspace: 22564K(22848K)->22564K(22848K) NonClass: 19766K(19904K)->19766K(19904K) Class: 2797K(2944K)->2797K(2944K)
[344.243s][info][gc             ] GC(503) Pause Young (Allocation Failure) 1439M->960M(1979M) 415.877ms
[344.243s][info][gc,cpu         ] GC(503) User=0.41s Sys=0.00s Real=0.41s
[344.535s][info][gc,start       ] GC(504) Pause Young (Allocation Failure)
[344.945s][info][gc,heap        ] GC(504) DefNew: 629119K(629120K)->69887K(629120K) Eden: 559232K(559232K)->0K(559232K) From: 69887K(69888K)->69887K(69888K)
[344.945s][info][gc,heap        ] GC(504) Tenured: 913638K(1398144K)->953761K(1398144K)
[344.945s][info][gc,metaspace   ] GC(504) Metaspace: 22564K(22848K)->22564K(22848K) NonClass: 19766K(19904K)->19766K(19904K) Class: 2797K(2944K)->2797K(2944K)
[344.945s][info][gc             ] GC(504) Pause Young (Allocation Failure) 1506M->999M(1979M) 409.635ms
[344.945s][info][gc,cpu         ] GC(504) User=0.39s Sys=0.00s Real=0.41s
[345.322s][info][gc,start       ] GC(505) Pause Young (Allocation Failure)
[345.629s][info][gc,heap        ] GC(505) DefNew: 629119K(629120K)->60253K(629120K) Eden: 559232K(559232K)->0K(559232K) From: 69887K(69888K)->60253K(69888K)
[345.629s][info][gc,heap        ] GC(505) Tenured: 953761K(1398144K)->989839K(1398144K)
[345.629s][info][gc,metaspace   ] GC(505) Metaspace: 22568K(22848K)->22568K(22848K) NonClass: 19770K(19904K)->19770K(19904K) Class: 2797K(2944K)->2797K(2944K)
[345.629s][info][gc             ] GC(505) Pause Young (Allocation Failure) 1545M->1025M(1979M) 306.807ms
[345.629s][info][gc,cpu         ] GC(505) User=0.28s Sys=0.00s Real=0.30s
[345.772s][info][gc,start       ] GC(506) Pause Young (Allocation Failure)
[346.227s][info][gc,heap        ] GC(506) DefNew: 619485K(629120K)->69888K(629120K) Eden: 559232K(559232K)->0K(559232K) From: 60253K(69888K)->69888K(69888K)
[346.227s][info][gc,heap        ] GC(506) Tenured: 989839K(1398144K)->1048152K(1398144K)
[346.227s][info][gc,metaspace   ] GC(506) Metaspace: 22568K(22848K)->22568K(22848K) NonClass: 19770K(19904K)->19770K(19904K) Class: 2797K(2944K)->2797K(2944K)
[346.227s][info][gc             ] GC(506) Pause Young (Allocation Failure) 1571M->1091M(1979M) 454.595ms
[346.227s][info][gc,cpu         ] GC(506) User=0.44s Sys=0.00s Real=0.45s
[346.864s][info][gc,start       ] GC(507) Pause Young (Allocation Failure)
[347.099s][info][gc,heap        ] GC(507) DefNew: 629120K(629120K)->39958K(629120K) Eden: 559232K(559232K)->0K(559232K) From: 69888K(69888K)->39958K(69888K)
[347.099s][info][gc,heap        ] GC(507) Tenured: 1048152K(1398144K)->1081700K(1398144K)
[347.099s][info][gc,metaspace   ] GC(507) Metaspace: 22568K(22848K)->22568K(22848K) NonClass: 19770K(19904K)->19770K(19904K) Class: 2797K(2944K)->2797K(2944K)
[347.099s][info][gc             ] GC(507) Pause Young (Allocation Failure) 1637M->1095M(1979M) 235.112ms
[347.099s][info][gc,cpu         ] GC(507) User=0.22s Sys=0.00s Real=0.24s
[347.242s][info][gc,start       ] GC(508) Pause Young (Allocation Failure)
[347.621s][info][gc,heap        ] GC(508) DefNew: 599190K(629120K)->69888K(629120K) Eden: 559232K(559232K)->0K(559232K) From: 39958K(69888K)->69888K(69888K)
[347.621s][info][gc,heap        ] GC(508) Tenured: 1081700K(1398144K)->1125584K(1398144K)
[347.621s][info][gc,metaspace   ] GC(508) Metaspace: 22568K(22848K)->22568K(22848K) NonClass: 19770K(19904K)->19770K(19904K) Class: 2797K(2944K)->2797K(2944K)
[347.621s][info][gc             ] GC(508) Pause Young (Allocation Failure) 1641M->1167M(1979M) 379.063ms
[347.621s][info][gc,cpu         ] GC(508) User=0.39s Sys=0.00s Real=0.38s
[347.764s][info][gc,start       ] GC(509) Pause Young (Allocation Failure)
[348.249s][info][gc,heap        ] GC(509) DefNew: 629120K(629120K)->69888K(629120K) Eden: 559232K(559232K)->0K(559232K) From: 69888K(69888K)->69888K(69888K)
[348.249s][info][gc,heap        ] GC(509) Tenured: 1125584K(1398144K)->1191430K(1398144K)
[348.249s][info][gc,metaspace   ] GC(509) Metaspace: 22568K(22848K)->22568K(22848K) NonClass: 19770K(19904K)->19770K(19904K) Class: 2797K(2944K)->2797K(2944K)
[348.249s][info][gc             ] GC(509) Pause Young (Allocation Failure) 1713M->1231M(1979M) 484.540ms
[348.249s][info][gc,cpu         ] GC(509) User=0.47s Sys=0.00s Real=0.49s
[348.833s][info][gc,start       ] GC(510) Pause Young (Allocation Failure)
[349.127s][info][gc,heap        ] GC(510) DefNew: 629120K(629120K)->57051K(629120K) Eden: 559232K(559232K)->0K(559232K) From: 69888K(69888K)->57051K(69888K)
[349.127s][info][gc,heap        ] GC(510) Tenured: 1191430K(1398144K)->1225098K(1398144K)
[349.127s][info][gc,metaspace   ] GC(510) Metaspace: 22568K(22848K)->22568K(22848K) NonClass: 19770K(19904K)->19770K(19904K) Class: 2797K(2944K)->2797K(2944K)
[349.127s][info][gc             ] GC(510) Pause Young (Allocation Failure) 1777M->1252M(1979M) 293.983ms
[349.127s][info][gc,cpu         ] GC(510) User=0.30s Sys=0.00s Real=0.29s
[349.271s][info][gc,start       ] GC(511) Pause Young (Allocation Failure)
[349.704s][info][gc,heap        ] GC(511) DefNew: 616283K(629120K)->69888K(629120K) Eden: 559232K(559232K)->0K(559232K) From: 57051K(69888K)->69888K(69888K)
[349.704s][info][gc,heap        ] GC(511) Tenured: 1225098K(1398144K)->1280571K(1398144K)
[349.704s][info][gc,metaspace   ] GC(511) Metaspace: 22568K(22848K)->22568K(22848K) NonClass: 19770K(19904K)->19770K(19904K) Class: 2797K(2944K)->2797K(2944K)
[349.704s][info][gc             ] GC(511) Pause Young (Allocation Failure) 1798M->1318M(1979M) 432.947ms
[349.704s][info][gc,cpu         ] GC(511) User=0.41s Sys=0.00s Real=0.43s
[350.036s][info][gc,start       ] GC(512) Pause Young (Allocation Failure)
[350.362s][info][gc,heap        ] GC(512) DefNew: 629120K(629120K)->68183K(629120K) Eden: 559232K(559232K)->0K(559232K) From: 69888K(69888K)->68183K(69888K)
[350.362s][info][gc,heap        ] GC(512) Tenured: 1280571K(1398144K)->1317219K(1398144K)
[350.362s][info][gc,metaspace   ] GC(512) Metaspace: 22568K(22848K)->22568K(22848K) NonClass: 19770K(19904K)->19770K(19904K) Class: 2797K(2944K)->2797K(2944K)
[350.362s][info][gc             ] GC(512) Pause Young (Allocation Failure) 1864M->1352M(1979M) 326.369ms
[350.362s][info][gc,cpu         ] GC(512) User=0.30s Sys=0.02s Real=0.33s
[350.604s][info][gc,start       ] GC(513) Pause Full (System.gc())
[350.604s][info][gc,phases,start] GC(513) Phase 1: Mark live objects
[350.784s][info][gc,phases      ] GC(513) Phase 1: Mark live objects 179.883ms
[350.784s][info][gc,phases,start] GC(513) Phase 2: Compute new object addresses
[351.007s][info][gc,phases      ] GC(513) Phase 2: Compute new object addresses 223.858ms
[351.007s][info][gc,phases,start] GC(513) Phase 3: Adjust pointers
[351.082s][info][gc,phases      ] GC(513) Phase 3: Adjust pointers 74.112ms
[351.082s][info][gc,phases,start] GC(513) Phase 4: Move objects
[351.112s][info][gc,phases      ] GC(513) Phase 4: Move objects 30.560ms
[351.113s][info][gc,heap        ] GC(513) DefNew: 221116K(629120K)->0K(629120K) Eden: 152932K(559232K)->0K(559232K) From: 68183K(69888K)->0K(69888K)
[351.113s][info][gc,heap        ] GC(513) Tenured: 1317219K(1398144K)->154200K(1398144K)
[351.113s][info][gc,metaspace   ] GC(513) Metaspace: 22571K(22848K)->22571K(22848K) NonClass: 19773K(19904K)->19773K(19904K) Class: 2797K(2944K)->2797K(2944K)
[351.113s][info][gc             ] GC(513) Pause Full (System.gc()) 1502M->150M(1979M) 509.135ms
[351.113s][info][gc,cpu         ] GC(513) User=0.50s Sys=0.00s Real=0.52s
[351.274s][info][gc,start       ] GC(514) Pause Young (Allocation Failure)
[351.576s][info][gc,heap        ] GC(514) DefNew: 559232K(629120K)->69888K(629120K) Eden: 559232K(559232K)->0K(559232K) From: 0K(69888K)->69888K(69888K)
[351.576s][info][gc,heap        ] GC(514) Tenured: 154200K(1398144K)->160382K(1398144K)
[351.576s][info][gc,metaspace   ] GC(514) Metaspace: 22572K(22848K)->22572K(22848K) NonClass: 19774K(19904K)->19774K(19904K) Class: 2797K(2944K)->2797K(2944K)
[351.576s][info][gc             ] GC(514) Pause Young (Allocation Failure) 696M->224M(1979M) 302.495ms
[351.576s][info][gc,cpu         ] GC(514) User=0.28s Sys=0.00s Real=0.31s
[351.727s][info][gc,start       ] GC(515) Pause Young (Allocation Failure)
[352.204s][info][gc,heap        ] GC(515) DefNew: 629120K(629120K)->69888K(629120K) Eden: 559232K(559232K)->0K(559232K) From: 69888K(69888K)->69888K(69888K)
[352.204s][info][gc,heap        ] GC(515) Tenured: 160382K(1398144K)->225466K(1398144K)
[352.204s][info][gc,metaspace   ] GC(515) Metaspace: 22572K(22848K)->22572K(22848K) NonClass: 19774K(19904K)->19774K(19904K) Class: 2797K(2944K)->2797K(2944K)
[352.204s][info][gc             ] GC(515) Pause Young (Allocation Failure) 770M->288M(1979M) 477.865ms
[352.204s][info][gc,cpu         ] GC(515) User=0.44s Sys=0.00s Real=0.47s
[352.759s][info][gc,start       ] GC(516) Pause Young (Allocation Failure)
[353.060s][info][gc,heap        ] GC(516) DefNew: 629120K(629120K)->61383K(629120K) Eden: 559232K(559232K)->0K(559232K) From: 69888K(69888K)->61383K(69888K)
[353.060s][info][gc,heap        ] GC(516) Tenured: 225466K(1398144K)->258867K(1398144K)
[353.060s][info][gc,metaspace   ] GC(516) Metaspace: 22588K(22912K)->22588K(22912K) NonClass: 19790K(19968K)->19790K(19968K) Class: 2797K(2944K)->2797K(2944K)
[353.060s][info][gc             ] GC(516) Pause Young (Allocation Failure) 834M->312M(1979M) 300.783ms
[353.060s][info][gc,cpu         ] GC(516) User=0.30s Sys=0.00s Real=0.30s
[353.195s][info][gc,start       ] GC(517) Pause Young (Allocation Failure)
[353.605s][info][gc,heap        ] GC(517) DefNew: 620615K(629120K)->66346K(629120K) Eden: 559232K(559232K)->0K(559232K) From: 61383K(69888K)->66346K(69888K)
[353.605s][info][gc,heap        ] GC(517) Tenured: 258867K(1398144K)->316434K(1398144K)
[353.605s][info][gc,metaspace   ] GC(517) Metaspace: 22588K(22912K)->22588K(22912K) NonClass: 19790K(19968K)->19790K(19968K) Class: 2797K(2944K)->2797K(2944K)
[353.605s][info][gc             ] GC(517) Pause Young (Allocation Failure) 858M->373M(1979M) 410.337ms
[353.606s][info][gc,cpu         ] GC(517) User=0.39s Sys=0.00s Real=0.41s
[353.980s][info][gc,start       ] GC(518) Pause Young (Allocation Failure)
[354.281s][info][gc,heap        ] GC(518) DefNew: 625578K(629120K)->64214K(629120K) Eden: 559232K(559232K)->0K(559232K) From: 66346K(69888K)->64214K(69888K)
[354.281s][info][gc,heap        ] GC(518) Tenured: 316434K(1398144K)->350021K(1398144K)
[354.281s][info][gc,metaspace   ] GC(518) Metaspace: 22591K(22912K)->22591K(22912K) NonClass: 19793K(19968K)->19793K(19968K) Class: 2797K(2944K)->2797K(2944K)
[354.281s][info][gc             ] GC(518) Pause Young (Allocation Failure) 919M->404M(1979M) 301.202ms
[354.281s][info][gc,cpu         ] GC(518) User=0.30s Sys=0.00s Real=0.31s
[354.583s][info][gc,start       ] GC(519) Pause Young (Allocation Failure)
[354.918s][info][gc,heap        ] GC(519) DefNew: 623446K(629120K)->67896K(629120K) Eden: 559232K(559232K)->0K(559232K) From: 64214K(69888K)->67896K(69888K)
[354.918s][info][gc,heap        ] GC(519) Tenured: 350021K(1398144K)->387411K(1398144K)
[354.918s][info][gc,metaspace   ] GC(519) Metaspace: 22614K(22912K)->22614K(22912K) NonClass: 19816K(19968K)->19816K(19968K) Class: 2797K(2944K)->2797K(2944K)
[354.918s][info][gc             ] GC(519) Pause Young (Allocation Failure) 950M->444M(1979M) 334.902ms
[354.918s][info][gc,cpu         ] GC(519) User=0.30s Sys=0.00s Real=0.33s
[355.074s][info][gc,start       ] GC(520) Pause Young (Allocation Failure)
[355.545s][info][gc,heap        ] GC(520) DefNew: 627128K(629120K)->69888K(629120K) Eden: 559232K(559232K)->0K(559232K) From: 67896K(69888K)->69888K(69888K)
[355.546s][info][gc,heap        ] GC(520) Tenured: 387411K(1398144K)->452532K(1398144K)
[355.546s][info][gc,metaspace   ] GC(520) Metaspace: 22614K(22912K)->22614K(22912K) NonClass: 19816K(19968K)->19816K(19968K) Class: 2797K(2944K)->2797K(2944K)
[355.546s][info][gc             ] GC(520) Pause Young (Allocation Failure) 990M->510M(1979M) 472.005ms
[355.546s][info][gc,cpu         ] GC(520) User=0.44s Sys=0.00s Real=0.47s
[356.092s][info][gc,start       ] GC(521) Pause Young (Allocation Failure)
[356.380s][info][gc,heap        ] GC(521) DefNew: 629120K(629120K)->52698K(629120K) Eden: 559232K(559232K)->0K(559232K) From: 69888K(69888K)->52698K(69888K)
[356.380s][info][gc,heap        ] GC(521) Tenured: 452532K(1398144K)->489986K(1398144K)
[356.380s][info][gc,metaspace   ] GC(521) Metaspace: 22621K(22912K)->22621K(22912K) NonClass: 19823K(19968K)->19823K(19968K) Class: 2797K(2944K)->2797K(2944K)
[356.380s][info][gc             ] GC(521) Pause Young (Allocation Failure) 1056M->529M(1979M) 287.639ms
[356.380s][info][gc,cpu         ] GC(521) User=0.31s Sys=0.00s Real=0.28s
[356.524s][info][gc,start       ] GC(522) Pause Young (Allocation Failure)
[356.942s][info][gc,heap        ] GC(522) DefNew: 611930K(629120K)->69888K(629120K) Eden: 559232K(559232K)->0K(559232K) From: 52698K(69888K)->69888K(69888K)
[356.942s][info][gc,heap        ] GC(522) Tenured: 489986K(1398144K)->541010K(1398144K)
[356.942s][info][gc,metaspace   ] GC(522) Metaspace: 22621K(22912K)->22621K(22912K) NonClass: 19823K(19968K)->19823K(19968K) Class: 2797K(2944K)->2797K(2944K)
[356.942s][info][gc             ] GC(522) Pause Young (Allocation Failure) 1076M->596M(1979M) 417.695ms
[356.942s][info][gc,cpu         ] GC(522) User=0.39s Sys=0.00s Real=0.42s
[357.203s][info][gc,start       ] GC(523) Pause Young (Allocation Failure)
[357.647s][info][gc,heap        ] GC(523) DefNew: 629120K(629120K)->69888K(629120K) Eden: 559232K(559232K)->0K(559232K) From: 69888K(69888K)->69888K(69888K)
[357.648s][info][gc,heap        ] GC(523) Tenured: 541010K(1398144K)->587754K(1398144K)
[357.648s][info][gc,metaspace   ] GC(523) Metaspace: 22621K(22912K)->22621K(22912K) NonClass: 19823K(19968K)->19823K(19968K) Class: 2797K(2944K)->2797K(2944K)
[357.648s][info][gc             ] GC(523) Pause Young (Allocation Failure) 1142M->642M(1979M) 444.454ms
[357.648s][info][gc,cpu         ] GC(523) User=0.44s Sys=0.00s Real=0.44s
[358.151s][info][gc,start       ] GC(524) Pause Young (Allocation Failure)
[358.413s][info][gc,heap        ] GC(524) DefNew: 629120K(629120K)->51777K(629120K) Eden: 559232K(559232K)->0K(559232K) From: 69888K(69888K)->51777K(69888K)
[358.413s][info][gc,heap        ] GC(524) Tenured: 587754K(1398144K)->620456K(1398144K)
[358.413s][info][gc,metaspace   ] GC(524) Metaspace: 22624K(22912K)->22624K(22912K) NonClass: 19826K(19968K)->19826K(19968K) Class: 2797K(2944K)->2797K(2944K)
[358.413s][info][gc             ] GC(524) Pause Young (Allocation Failure) 1188M->656M(1979M) 262.824ms
[358.413s][info][gc,cpu         ] GC(524) User=0.27s Sys=0.00s Real=0.25s
[358.564s][info][gc,start       ] GC(525) Pause Young (Allocation Failure)
[358.994s][info][gc,heap        ] GC(525) DefNew: 611009K(629120K)->69887K(629120K) Eden: 559232K(559232K)->0K(559232K) From: 51777K(69888K)->69887K(69888K)
[358.994s][info][gc,heap        ] GC(525) Tenured: 620456K(1398144K)->669826K(1398144K)
[358.994s][info][gc,metaspace   ] GC(525) Metaspace: 22624K(22912K)->22624K(22912K) NonClass: 19826K(19968K)->19826K(19968K) Class: 2797K(2944K)->2797K(2944K)
[358.994s][info][gc             ] GC(525) Pause Young (Allocation Failure) 1202M->722M(1979M) 429.895ms
[358.994s][info][gc,cpu         ] GC(525) User=0.41s Sys=0.00s Real=0.42s
[359.425s][info][gc,start       ] GC(526) Pause Young (Allocation Failure)
[359.716s][info][gc,heap        ] GC(526) DefNew: 629119K(629120K)->58278K(629120K) Eden: 559232K(559232K)->0K(559232K) From: 69887K(69888K)->58278K(69888K)
[359.716s][info][gc,heap        ] GC(526) Tenured: 669826K(1398144K)->705331K(1398144K)
[359.717s][info][gc,metaspace   ] GC(526) Metaspace: 22624K(22912K)->22624K(22912K) NonClass: 19826K(19968K)->19826K(19968K) Class: 2797K(2944K)->2797K(2944K)
[359.717s][info][gc             ] GC(526) Pause Young (Allocation Failure) 1268M->745M(1979M) 291.055ms
[359.717s][info][gc,cpu         ] GC(526) User=0.27s Sys=0.02s Real=0.30s
[359.998s][info][gc,start       ] GC(527) Pause Young (Allocation Failure)
[360.359s][info][gc,heap        ] GC(527) DefNew: 617510K(629120K)->69887K(629120K) Eden: 559232K(559232K)->0K(559232K) From: 58278K(69888K)->69887K(69888K)
[360.360s][info][gc,heap        ] GC(527) Tenured: 705331K(1398144K)->748234K(1398144K)
[360.360s][info][gc,metaspace   ] GC(527) Metaspace: 22624K(22912K)->22624K(22912K) NonClass: 19826K(19968K)->19826K(19968K) Class: 2797K(2944K)->2797K(2944K)
[360.360s][info][gc             ] GC(527) Pause Young (Allocation Failure) 1291M->798M(1979M) 361.255ms
[360.360s][info][gc,cpu         ] GC(527) User=0.34s Sys=0.00s Real=0.36s
[360.507s][info][gc,start       ] GC(528) Pause Young (Allocation Failure)
[360.981s][info][gc,heap        ] GC(528) DefNew: 629119K(629120K)->69888K(629120K) Eden: 559232K(559232K)->0K(559232K) From: 69887K(69888K)->69888K(69888K)
[360.981s][info][gc,heap        ] GC(528) Tenured: 748234K(1398144K)->810985K(1398144K)
[360.981s][info][gc,metaspace   ] GC(528) Metaspace: 22624K(22912K)->22624K(22912K) NonClass: 19826K(19968K)->19826K(19968K) Class: 2797K(2944K)->2797K(2944K)
[360.981s][info][gc             ] GC(528) Pause Young (Allocation Failure) 1345M->860M(1979M) 474.242ms
[360.981s][info][gc,cpu         ] GC(528) User=0.45s Sys=0.00s Real=0.47s
[361.555s][info][gc,start       ] GC(529) Pause Young (Allocation Failure)
[361.848s][info][gc,heap        ] GC(529) DefNew: 629120K(629120K)->53177K(629120K) Eden: 559232K(559232K)->0K(559232K) From: 69888K(69888K)->53177K(69888K)
[361.848s][info][gc,heap        ] GC(529) Tenured: 810985K(1398144K)->848234K(1398144K)
[361.848s][info][gc,metaspace   ] GC(529) Metaspace: 22624K(22912K)->22624K(22912K) NonClass: 19826K(19968K)->19826K(19968K) Class: 2797K(2944K)->2797K(2944K)
[361.848s][info][gc             ] GC(529) Pause Young (Allocation Failure) 1406M->880M(1979M) 293.017ms
[361.848s][info][gc,cpu         ] GC(529) User=0.34s Sys=0.00s Real=0.29s
[361.991s][info][gc,start       ] GC(530) Pause Young (Allocation Failure)
[362.415s][info][gc,heap        ] GC(530) DefNew: 612409K(629120K)->69888K(629120K) Eden: 559232K(559232K)->0K(559232K) From: 53177K(69888K)->69888K(69888K)
[362.415s][info][gc,heap        ] GC(530) Tenured: 848234K(1398144K)->900024K(1398144K)
[362.415s][info][gc,metaspace   ] GC(530) Metaspace: 22624K(22912K)->22624K(22912K) NonClass: 19826K(19968K)->19826K(19968K) Class: 2797K(2944K)->2797K(2944K)
[362.415s][info][gc             ] GC(530) Pause Young (Allocation Failure) 1426M->947M(1979M) 423.930ms
[362.415s][info][gc,cpu         ] GC(530) User=0.41s Sys=0.00s Real=0.42s
[362.805s][info][gc,start       ] GC(531) Pause Young (Allocation Failure)
[363.249s][info][gc,heap        ] GC(531) DefNew: 629120K(629120K)->69888K(629120K) Eden: 559232K(559232K)->0K(559232K) From: 69888K(69888K)->69888K(69888K)
[363.249s][info][gc,heap        ] GC(531) Tenured: 900024K(1398144K)->947208K(1398144K)
[363.249s][info][gc,metaspace   ] GC(531) Metaspace: 22624K(22912K)->22624K(22912K) NonClass: 19826K(19968K)->19826K(19968K) Class: 2797K(2944K)->2797K(2944K)
[363.249s][info][gc             ] GC(531) Pause Young (Allocation Failure) 1493M->993M(1979M) 444.311ms
[363.249s][info][gc,cpu         ] GC(531) User=0.39s Sys=0.00s Real=0.44s
[363.740s][info][gc,start       ] GC(532) Pause Young (Allocation Failure)
[364.062s][info][gc,heap        ] GC(532) DefNew: 629120K(629120K)->69887K(629120K) Eden: 559232K(559232K)->0K(559232K) From: 69888K(69888K)->69887K(69888K)
[364.062s][info][gc,heap        ] GC(532) Tenured: 947208K(1398144K)->981721K(1398144K)
[364.062s][info][gc,metaspace   ] GC(532) Metaspace: 22624K(22912K)->22624K(22912K) NonClass: 19826K(19968K)->19826K(19968K) Class: 2797K(2944K)->2797K(2944K)
[364.062s][info][gc             ] GC(532) Pause Young (Allocation Failure) 1539M->1026M(1979M) 322.374ms
[364.062s][info][gc,cpu         ] GC(532) User=0.33s Sys=0.00s Real=0.32s
[364.205s][info][gc,start       ] GC(533) Pause Young (Allocation Failure)
[364.656s][info][gc,heap        ] GC(533) DefNew: 629119K(629120K)->69888K(629120K) Eden: 559232K(559232K)->0K(559232K) From: 69887K(69888K)->69888K(69888K)
[364.656s][info][gc,heap        ] GC(533) Tenured: 981721K(1398144K)->1046386K(1398144K)
[364.656s][info][gc,metaspace   ] GC(533) Metaspace: 22624K(22912K)->22624K(22912K) NonClass: 19826K(19968K)->19826K(19968K) Class: 2797K(2944K)->2797K(2944K)
[364.656s][info][gc             ] GC(533) Pause Young (Allocation Failure) 1573M->1090M(1979M) 450.712ms
[364.656s][info][gc,cpu         ] GC(533) User=0.44s Sys=0.00s Real=0.45s
[365.223s][info][gc,start       ] GC(534) Pause Young (Allocation Failure)
[365.471s][info][gc,heap        ] GC(534) DefNew: 629120K(629120K)->42858K(629120K) Eden: 559232K(559232K)->0K(559232K) From: 69888K(69888K)->42858K(69888K)
[365.471s][info][gc,heap        ] GC(534) Tenured: 1046386K(1398144K)->1081481K(1398144K)
[365.471s][info][gc,metaspace   ] GC(534) Metaspace: 22624K(22912K)->22624K(22912K) NonClass: 19826K(19968K)->19826K(19968K) Class: 2797K(2944K)->2797K(2944K)
[365.471s][info][gc             ] GC(534) Pause Young (Allocation Failure) 1636M->1097M(1979M) 247.160ms
[365.471s][info][gc,cpu         ] GC(534) User=0.25s Sys=0.00s Real=0.24s
[365.619s][info][gc,start       ] GC(535) Pause Young (Allocation Failure)
[366.014s][info][gc,heap        ] GC(535) DefNew: 602090K(629120K)->69887K(629120K) Eden: 559232K(559232K)->0K(559232K) From: 42858K(69888K)->69887K(69888K)
[366.015s][info][gc,heap        ] GC(535) Tenured: 1081481K(1398144K)->1127304K(1398144K)
[366.015s][info][gc,metaspace   ] GC(535) Metaspace: 22624K(22912K)->22624K(22912K) NonClass: 19826K(19968K)->19826K(19968K) Class: 2797K(2944K)->2797K(2944K)
[366.015s][info][gc             ] GC(535) Pause Young (Allocation Failure) 1644M->1169M(1979M) 395.939ms
[366.015s][info][gc,cpu         ] GC(535) User=0.41s Sys=0.00s Real=0.39s
[366.165s][info][gc,start       ] GC(536) Pause Young (Allocation Failure)
[366.646s][info][gc,heap        ] GC(536) DefNew: 629119K(629120K)->69888K(629120K) Eden: 559232K(559232K)->0K(559232K) From: 69887K(69888K)->69888K(69888K)
[366.646s][info][gc,heap        ] GC(536) Tenured: 1127304K(1398144K)->1193155K(1398144K)
[366.646s][info][gc,metaspace   ] GC(536) Metaspace: 22624K(22912K)->22624K(22912K) NonClass: 19826K(19968K)->19826K(19968K) Class: 2797K(2944K)->2797K(2944K)
[366.646s][info][gc             ] GC(536) Pause Young (Allocation Failure) 1715M->1233M(1979M) 481.192ms
[366.646s][info][gc,cpu         ] GC(536) User=0.44s Sys=0.00s Real=0.49s
[367.170s][info][gc,start       ] GC(537) Pause Young (Allocation Failure)
[367.487s][info][gc,heap        ] GC(537) DefNew: 629120K(629120K)->63289K(629120K) Eden: 559232K(559232K)->0K(559232K) From: 69888K(69888K)->63289K(69888K)
[367.487s][info][gc,heap        ] GC(537) Tenured: 1193155K(1398144K)->1227502K(1398144K)
[367.487s][info][gc,metaspace   ] GC(537) Metaspace: 22624K(22912K)->22624K(22912K) NonClass: 19826K(19968K)->19826K(19968K) Class: 2797K(2944K)->2797K(2944K)
[367.487s][info][gc             ] GC(537) Pause Young (Allocation Failure) 1779M->1260M(1979M) 316.741ms
[367.487s][info][gc,cpu         ] GC(537) User=0.31s Sys=0.00s Real=0.31s
[367.636s][info][gc,start       ] GC(538) Pause Young (Allocation Failure)
[368.095s][info][gc,heap        ] GC(538) DefNew: 622521K(629120K)->69887K(629120K) Eden: 559232K(559232K)->0K(559232K) From: 63289K(69888K)->69887K(69888K)
[368.095s][info][gc,heap        ] GC(538) Tenured: 1227502K(1398144K)->1287371K(1398144K)
[368.095s][info][gc,metaspace   ] GC(538) Metaspace: 22624K(22912K)->22624K(22912K) NonClass: 19826K(19968K)->19826K(19968K) Class: 2797K(2944K)->2797K(2944K)
[368.095s][info][gc             ] GC(538) Pause Young (Allocation Failure) 1806M->1325M(1979M) 459.147ms
[368.095s][info][gc,cpu         ] GC(538) User=0.45s Sys=0.00s Real=0.46s
[368.582s][info][gc,start       ] GC(539) Pause Young (Allocation Failure)
[368.880s][info][gc,heap        ] GC(539) DefNew: 629119K(629120K)->59707K(629120K) Eden: 559232K(559232K)->0K(559232K) From: 69887K(69888K)->59707K(69888K)
[368.880s][info][gc,heap        ] GC(539) Tenured: 1287371K(1398144K)->1323205K(1398144K)
[368.880s][info][gc,metaspace   ] GC(539) Metaspace: 22624K(22912K)->22624K(22912K) NonClass: 19826K(19968K)->19826K(19968K) Class: 2797K(2944K)->2797K(2944K)
[368.880s][info][gc             ] GC(539) Pause Young (Allocation Failure) 1871M->1350M(1979M) 297.414ms
[368.880s][info][gc,cpu         ] GC(539) User=0.25s Sys=0.00s Real=0.29s
[369.034s][info][gc,start       ] GC(540) Pause Full (System.gc())
[369.034s][info][gc,phases,start] GC(540) Phase 1: Mark live objects
[369.209s][info][gc,phases      ] GC(540) Phase 1: Mark live objects 174.799ms
[369.209s][info][gc,phases,start] GC(540) Phase 2: Compute new object addresses
[369.426s][info][gc,phases      ] GC(540) Phase 2: Compute new object addresses 216.668ms
[369.426s][info][gc,phases,start] GC(540) Phase 3: Adjust pointers
[369.496s][info][gc,phases      ] GC(540) Phase 3: Adjust pointers 70.206ms
[369.496s][info][gc,phases,start] GC(540) Phase 4: Move objects
[369.526s][info][gc,phases      ] GC(540) Phase 4: Move objects 29.497ms
[369.526s][info][gc,heap        ] GC(540) DefNew: 153896K(629120K)->0K(629120K) Eden: 94189K(559232K)->0K(559232K) From: 59707K(69888K)->0K(69888K)
[369.526s][info][gc,heap        ] GC(540) Tenured: 1323205K(1398144K)->154206K(1398144K)
[369.526s][info][gc,metaspace   ] GC(540) Metaspace: 22624K(22912K)->22624K(22912K) NonClass: 19826K(19968K)->19826K(19968K) Class: 2797K(2944K)->2797K(2944K)
[369.526s][info][gc             ] GC(540) Pause Full (System.gc()) 1442M->150M(1979M) 491.856ms
[369.526s][info][gc,cpu         ] GC(540) User=0.41s Sys=0.00s Real=0.49s
[369.702s][info][gc,start       ] GC(541) Pause Young (Allocation Failure)
[370.011s][info][gc,heap        ] GC(541) DefNew: 559232K(629120K)->69888K(629120K) Eden: 559232K(559232K)->0K(559232K) From: 0K(69888K)->69888K(69888K)
[370.011s][info][gc,heap        ] GC(541) Tenured: 154206K(1398144K)->164365K(1398144K)
[370.011s][info][gc,metaspace   ] GC(541) Metaspace: 22624K(22912K)->22624K(22912K) NonClass: 19826K(19968K)->19826K(19968K) Class: 2797K(2944K)->2797K(2944K)
[370.011s][info][gc             ] GC(541) Pause Young (Allocation Failure) 696M->228M(1979M) 308.301ms
[370.011s][info][gc,cpu         ] GC(541) User=0.30s Sys=0.00s Real=0.32s
[370.162s][info][gc,start       ] GC(542) Pause Young (Allocation Failure)
[370.641s][info][gc,heap        ] GC(542) DefNew: 629120K(629120K)->69887K(629120K) Eden: 559232K(559232K)->0K(559232K) From: 69888K(69888K)->69887K(69888K)
[370.641s][info][gc,heap        ] GC(542) Tenured: 164365K(1398144K)->234852K(1398144K)
[370.641s][info][gc,metaspace   ] GC(542) Metaspace: 22624K(22912K)->22624K(22912K) NonClass: 19826K(19968K)->19826K(19968K) Class: 2797K(2944K)->2797K(2944K)
[370.641s][info][gc             ] GC(542) Pause Young (Allocation Failure) 774M->297M(1979M) 479.098ms
[370.641s][info][gc,cpu         ] GC(542) User=0.42s Sys=0.00s Real=0.47s
[371.113s][info][gc,start       ] GC(543) Pause Young (Allocation Failure)
[371.434s][info][gc,heap        ] GC(543) DefNew: 629119K(629120K)->60450K(629120K) Eden: 559232K(559232K)->0K(559232K) From: 69887K(69888K)->60450K(69888K)
[371.434s][info][gc,heap        ] GC(543) Tenured: 234852K(1398144K)->270923K(1398144K)
[371.434s][info][gc,metaspace   ] GC(543) Metaspace: 22624K(22912K)->22624K(22912K) NonClass: 19826K(19968K)->19826K(19968K) Class: 2797K(2944K)->2797K(2944K)
[371.434s][info][gc             ] GC(543) Pause Young (Allocation Failure) 843M->323M(1979M) 321.439ms
[371.434s][info][gc,cpu         ] GC(543) User=0.30s Sys=0.00s Real=0.31s
[371.586s][info][gc,start       ] GC(544) Pause Young (Allocation Failure)
[372.027s][info][gc,heap        ] GC(544) DefNew: 619682K(629120K)->69888K(629120K) Eden: 559232K(559232K)->0K(559232K) From: 60450K(69888K)->69888K(69888K)
[372.027s][info][gc,heap        ] GC(544) Tenured: 270923K(1398144K)->328616K(1398144K)
[372.027s][info][gc,metaspace   ] GC(544) Metaspace: 22624K(22912K)->22624K(22912K) NonClass: 19826K(19968K)->19826K(19968K) Class: 2797K(2944K)->2797K(2944K)
[372.027s][info][gc             ] GC(544) Pause Young (Allocation Failure) 869M->389M(1979M) 441.250ms
[372.027s][info][gc,cpu         ] GC(544) User=0.44s Sys=0.00s Real=0.44s
[372.447s][info][gc,start       ] GC(545) Pause Young (Allocation Failure)
[372.742s][info][gc,heap        ] GC(545) DefNew: 629120K(629120K)->58288K(629120K) Eden: 559232K(559232K)->0K(559232K) From: 69888K(69888K)->58288K(69888K)
[372.742s][info][gc,heap        ] GC(545) Tenured: 328616K(1398144K)->365231K(1398144K)
[372.742s][info][gc,metaspace   ] GC(545) Metaspace: 22624K(22912K)->22624K(22912K) NonClass: 19826K(19968K)->19826K(19968K) Class: 2797K(2944K)->2797K(2944K)
[372.742s][info][gc             ] GC(545) Pause Young (Allocation Failure) 935M->413M(1979M) 294.925ms
[372.742s][info][gc,cpu         ] GC(545) User=0.25s Sys=0.00s Real=0.30s
[372.985s][info][gc,start       ] GC(546) Pause Young (Allocation Failure)
[373.300s][info][gc,heap        ] GC(546) DefNew: 617520K(629120K)->63779K(629120K) Eden: 559232K(559232K)->0K(559232K) From: 58288K(69888K)->63779K(69888K)
[373.300s][info][gc,heap        ] GC(546) Tenured: 365231K(1398144K)->402165K(1398144K)
[373.300s][info][gc,metaspace   ] GC(546) Metaspace: 22624K(22912K)->22624K(22912K) NonClass: 19826K(19968K)->19826K(19968K) Class: 2797K(2944K)->2797K(2944K)
[373.300s][info][gc             ] GC(546) Pause Young (Allocation Failure) 959M->455M(1979M) 314.802ms
[373.300s][info][gc,cpu         ] GC(546) User=0.31s Sys=0.00s Real=0.31s
[373.440s][info][gc,start       ] GC(547) Pause Young (Allocation Failure)
[373.907s][info][gc,heap        ] GC(547) DefNew: 623011K(629120K)->69887K(629120K) Eden: 559232K(559232K)->0K(559232K) From: 63779K(69888K)->69887K(69888K)
[373.907s][info][gc,heap        ] GC(547) Tenured: 402165K(1398144K)->461002K(1398144K)
[373.907s][info][gc,metaspace   ] GC(547) Metaspace: 22624K(22912K)->22624K(22912K) NonClass: 19826K(19968K)->19826K(19968K) Class: 2797K(2944K)->2797K(2944K)
[373.907s][info][gc             ] GC(547) Pause Young (Allocation Failure) 1001M->518M(1979M) 467.090ms
[373.907s][info][gc,cpu         ] GC(547) User=0.39s Sys=0.00s Real=0.47s
[374.553s][info][gc,start       ] GC(548) Pause Young (Allocation Failure)
[374.806s][info][gc,heap        ] GC(548) DefNew: 629119K(629120K)->44695K(629120K) Eden: 559232K(559232K)->0K(559232K) From: 69887K(69888K)->44695K(69888K)
[374.806s][info][gc,heap        ] GC(548) Tenured: 461002K(1398144K)->494759K(1398144K)
[374.806s][info][gc,metaspace   ] GC(548) Metaspace: 22624K(22912K)->22624K(22912K) NonClass: 19826K(19968K)->19826K(19968K) Class: 2797K(2944K)->2797K(2944K)
[374.806s][info][gc             ] GC(548) Pause Young (Allocation Failure) 1064M->526M(1979M) 253.773ms
[374.806s][info][gc,cpu         ] GC(548) User=0.22s Sys=0.00s Real=0.25s
[374.953s][info][gc,start       ] GC(549) Pause Young (Allocation Failure)
[375.326s][info][gc,heap        ] GC(549) DefNew: 603927K(629120K)->69887K(629120K) Eden: 559232K(559232K)->0K(559232K) From: 44695K(69888K)->69887K(69888K)
[375.326s][info][gc,heap        ] GC(549) Tenured: 494759K(1398144K)->539272K(1398144K)
[375.326s][info][gc,metaspace   ] GC(549) Metaspace: 22624K(22912K)->22624K(22912K) NonClass: 19826K(19968K)->19826K(19968K) Class: 2797K(2944K)->2797K(2944K)
[375.326s][info][gc             ] GC(549) Pause Young (Allocation Failure) 1072M->594M(1979M) 373.262ms
[375.326s][info][gc,cpu         ] GC(549) User=0.38s Sys=0.00s Real=0.38s
[375.481s][info][gc,start       ] GC(550) Pause Young (Allocation Failure)
[375.965s][info][gc,heap        ] GC(550) DefNew: 629119K(629120K)->69888K(629120K) Eden: 559232K(559232K)->0K(559232K) From: 69887K(69888K)->69888K(69888K)
[375.965s][info][gc,heap        ] GC(550) Tenured: 539272K(1398144K)->607203K(1398144K)
[375.965s][info][gc,metaspace   ] GC(550) Metaspace: 22624K(22912K)->22624K(22912K) NonClass: 19826K(19968K)->19826K(19968K) Class: 2797K(2944K)->2797K(2944K)
[375.965s][info][gc             ] GC(550) Pause Young (Allocation Failure) 1141M->661M(1979M) 484.739ms
[375.965s][info][gc,cpu         ] GC(550) User=0.44s Sys=0.00s Real=0.48s
[376.501s][info][gc,start       ] GC(551) Pause Young (Allocation Failure)
[376.818s][info][gc,heap        ] GC(551) DefNew: 629120K(629120K)->63534K(629120K) Eden: 559232K(559232K)->0K(559232K) From: 69888K(69888K)->63534K(69888K)
[376.818s][info][gc,heap        ] GC(551) Tenured: 607203K(1398144K)->640522K(1398144K)
[376.818s][info][gc,metaspace   ] GC(551) Metaspace: 22624K(22912K)->22624K(22912K) NonClass: 19826K(19968K)->19826K(19968K) Class: 2797K(2944K)->2797K(2944K)
[376.818s][info][gc             ] GC(551) Pause Young (Allocation Failure) 1207M->687M(1979M) 316.266ms
[376.818s][info][gc,cpu         ] GC(551) User=0.33s Sys=0.00s Real=0.31s
[376.961s][info][gc,start       ] GC(552) Pause Young (Allocation Failure)
[377.395s][info][gc,heap        ] GC(552) DefNew: 622766K(629120K)->69888K(629120K) Eden: 559232K(559232K)->0K(559232K) From: 63534K(69888K)->69888K(69888K)
[377.395s][info][gc,heap        ] GC(552) Tenured: 640522K(1398144K)->700341K(1398144K)
[377.395s][info][gc,metaspace   ] GC(552) Metaspace: 22624K(22912K)->22624K(22912K) NonClass: 19826K(19968K)->19826K(19968K) Class: 2797K(2944K)->2797K(2944K)
[377.395s][info][gc             ] GC(552) Pause Young (Allocation Failure) 1233M->752M(1979M) 434.269ms
[377.395s][info][gc,cpu         ] GC(552) User=0.38s Sys=0.00s Real=0.44s
[377.843s][info][gc,start       ] GC(553) Pause Young (Allocation Failure)
[378.126s][info][gc,heap        ] GC(553) DefNew: 629120K(629120K)->55193K(629120K) Eden: 559232K(559232K)->0K(559232K) From: 69888K(69888K)->55193K(69888K)
[378.127s][info][gc,heap        ] GC(553) Tenured: 700341K(1398144K)->735670K(1398144K)
[378.127s][info][gc,metaspace   ] GC(553) Metaspace: 22624K(22912K)->22624K(22912K) NonClass: 19826K(19968K)->19826K(19968K) Class: 2797K(2944K)->2797K(2944K)
[378.127s][info][gc             ] GC(553) Pause Young (Allocation Failure) 1298M->772M(1979M) 283.073ms
[378.127s][info][gc,cpu         ] GC(553) User=0.28s Sys=0.00s Real=0.28s
[378.379s][info][gc,start       ] GC(554) Pause Young (Allocation Failure)
[378.715s][info][gc,heap        ] GC(554) DefNew: 614425K(629120K)->69887K(629120K) Eden: 559232K(559232K)->0K(559232K) From: 55193K(69888K)->69887K(69888K)
[378.715s][info][gc,heap        ] GC(554) Tenured: 735670K(1398144K)->773335K(1398144K)
[378.715s][info][gc,metaspace   ] GC(554) Metaspace: 22626K(22912K)->22626K(22912K) NonClass: 19828K(19968K)->19828K(19968K) Class: 2797K(2944K)->2797K(2944K)
[378.715s][info][gc             ] GC(554) Pause Young (Allocation Failure) 1318M->823M(1979M) 335.794ms
[378.715s][info][gc,cpu         ] GC(554) User=0.33s Sys=0.00s Real=0.32s
[378.857s][info][gc,start       ] GC(555) Pause Young (Allocation Failure)
[379.316s][info][gc,heap        ] GC(555) DefNew: 629119K(629120K)->69887K(629120K) Eden: 559232K(559232K)->0K(559232K) From: 69887K(69888K)->69887K(69888K)
[379.316s][info][gc,heap        ] GC(555) Tenured: 773335K(1398144K)->836502K(1398144K)
[379.316s][info][gc,metaspace   ] GC(555) Metaspace: 22626K(22912K)->22626K(22912K) NonClass: 19828K(19968K)->19828K(19968K) Class: 2797K(2944K)->2797K(2944K)
[379.316s][info][gc             ] GC(555) Pause Young (Allocation Failure) 1369M->885M(1979M) 459.224ms
[379.316s][info][gc,cpu         ] GC(555) User=0.47s Sys=0.00s Real=0.47s
[380.065s][info][gc,start       ] GC(556) Pause Young (Allocation Failure)
[380.301s][info][gc,heap        ] GC(556) DefNew: 629119K(629120K)->38224K(629120K) Eden: 559232K(559232K)->0K(559232K) From: 69887K(69888K)->38224K(69888K)
[380.301s][info][gc,heap        ] GC(556) Tenured: 836502K(1398144K)->869854K(1398144K)
[380.301s][info][gc,metaspace   ] GC(556) Metaspace: 22626K(22912K)->22626K(22912K) NonClass: 19828K(19968K)->19828K(19968K) Class: 2797K(2944K)->2797K(2944K)
[380.301s][info][gc             ] GC(556) Pause Young (Allocation Failure) 1431M->886M(1979M) 235.466ms
[380.301s][info][gc,cpu         ] GC(556) User=0.20s Sys=0.00s Real=0.22s
[380.447s][info][gc,start       ] GC(557) Pause Young (Allocation Failure)
[380.820s][info][gc,heap        ] GC(557) DefNew: 597456K(629120K)->69887K(629120K) Eden: 559232K(559232K)->0K(559232K) From: 38224K(69888K)->69887K(69888K)
[380.820s][info][gc,heap        ] GC(557) Tenured: 869854K(1398144K)->905780K(1398144K)
[380.820s][info][gc,metaspace   ] GC(557) Metaspace: 22626K(22912K)->22626K(22912K) NonClass: 19828K(19968K)->19828K(19968K) Class: 2797K(2944K)->2797K(2944K)
[380.820s][info][gc             ] GC(557) Pause Young (Allocation Failure) 1432M->952M(1979M) 373.048ms
[380.820s][info][gc,cpu         ] GC(557) User=0.36s Sys=0.00s Real=0.36s
[380.967s][info][gc,start       ] GC(558) Pause Young (Allocation Failure)
[381.432s][info][gc,heap        ] GC(558) DefNew: 629119K(629120K)->69888K(629120K) Eden: 559232K(559232K)->0K(559232K) From: 69887K(69888K)->69888K(69888K)
[381.432s][info][gc,heap        ] GC(558) Tenured: 905780K(1398144K)->968526K(1398144K)
[381.432s][info][gc,metaspace   ] GC(558) Metaspace: 22626K(22912K)->22626K(22912K) NonClass: 19828K(19968K)->19828K(19968K) Class: 2797K(2944K)->2797K(2944K)
[381.432s][info][gc             ] GC(558) Pause Young (Allocation Failure) 1498M->1014M(1979M) 465.258ms
[381.432s][info][gc,cpu         ] GC(558) User=0.39s Sys=0.00s Real=0.45s
[381.963s][info][gc,start       ] GC(559) Pause Young (Allocation Failure)
[382.315s][info][gc,heap        ] GC(559) DefNew: 629120K(629120K)->68693K(629120K) Eden: 559232K(559232K)->0K(559232K) From: 69888K(69888K)->68693K(69888K)
[382.315s][info][gc,heap        ] GC(559) Tenured: 968526K(1398144K)->1002454K(1398144K)
[382.315s][info][gc,metaspace   ] GC(559) Metaspace: 22626K(22912K)->22626K(22912K) NonClass: 19828K(19968K)->19828K(19968K) Class: 2797K(2944K)->2797K(2944K)
[382.315s][info][gc             ] GC(559) Pause Young (Allocation Failure) 1560M->1046M(1979M) 351.796ms
[382.315s][info][gc,cpu         ] GC(559) User=0.30s Sys=0.00s Real=0.36s
[382.459s][info][gc,start       ] GC(560) Pause Young (Allocation Failure)
[382.923s][info][gc,heap        ] GC(560) DefNew: 627925K(629120K)->69887K(629120K) Eden: 559232K(559232K)->0K(559232K) From: 68693K(69888K)->69887K(69888K)
[382.923s][info][gc,heap        ] GC(560) Tenured: 1002454K(1398144K)->1068873K(1398144K)
[382.923s][info][gc,metaspace   ] GC(560) Metaspace: 22626K(22912K)->22626K(22912K) NonClass: 19828K(19968K)->19828K(19968K) Class: 2797K(2944K)->2797K(2944K)
[382.923s][info][gc             ] GC(560) Pause Young (Allocation Failure) 1592M->1112M(1979M) 464.243ms
[382.923s][info][gc,cpu         ] GC(560) User=0.45s Sys=0.00s Real=0.46s
[383.435s][info][gc,start       ] GC(561) Pause Young (Allocation Failure)
[383.711s][info][gc,heap        ] GC(561) DefNew: 629119K(629120K)->51605K(629120K) Eden: 559232K(559232K)->0K(559232K) From: 69887K(69888K)->51605K(69888K)
[383.711s][info][gc,heap        ] GC(561) Tenured: 1068873K(1398144K)->1104307K(1398144K)
[383.711s][info][gc,metaspace   ] GC(561) Metaspace: 22626K(22912K)->22626K(22912K) NonClass: 19828K(19968K)->19828K(19968K) Class: 2797K(2944K)->2797K(2944K)
[383.711s][info][gc             ] GC(561) Pause Young (Allocation Failure) 1658M->1128M(1979M) 275.693ms
[383.711s][info][gc,cpu         ] GC(561) User=0.28s Sys=0.00s Real=0.28s
[383.934s][info][gc,start       ] GC(562) Pause Young (Allocation Failure)
[384.280s][info][gc,heap        ] GC(562) DefNew: 610837K(629120K)->69887K(629120K) Eden: 559232K(559232K)->0K(559232K) From: 51605K(69888K)->69887K(69888K)
[384.280s][info][gc,heap        ] GC(562) Tenured: 1104307K(1398144K)->1141541K(1398144K)
[384.280s][info][gc,metaspace   ] GC(562) Metaspace: 22626K(22912K)->22626K(22912K) NonClass: 19828K(19968K)->19828K(19968K) Class: 2797K(2944K)->2797K(2944K)
[384.280s][info][gc             ] GC(562) Pause Young (Allocation Failure) 1674M->1183M(1979M) 345.763ms
[384.280s][info][gc,cpu         ] GC(562) User=0.33s Sys=0.00s Real=0.35s
[384.431s][info][gc,start       ] GC(563) Pause Young (Allocation Failure)
[384.910s][info][gc,heap        ] GC(563) DefNew: 629119K(629120K)->69888K(629120K) Eden: 559232K(559232K)->0K(559232K) From: 69887K(69888K)->69888K(69888K)
[384.910s][info][gc,heap        ] GC(563) Tenured: 1141541K(1398144K)->1207282K(1398144K)
[384.910s][info][gc,metaspace   ] GC(563) Metaspace: 22626K(22912K)->22626K(22912K) NonClass: 19828K(19968K)->19828K(19968K) Class: 2797K(2944K)->2797K(2944K)
[384.910s][info][gc             ] GC(563) Pause Young (Allocation Failure) 1729M->1247M(1979M) 479.033ms
[384.910s][info][gc,cpu         ] GC(563) User=0.47s Sys=0.00s Real=0.49s
[385.504s][info][gc,start       ] GC(564) Pause Young (Allocation Failure)
[385.797s][info][gc,heap        ] GC(564) DefNew: 629120K(629120K)->50691K(629120K) Eden: 559232K(559232K)->0K(559232K) From: 69888K(69888K)->50691K(69888K)
[385.797s][info][gc,heap        ] GC(564) Tenured: 1207282K(1398144K)->1244788K(1398144K)
[385.797s][info][gc,metaspace   ] GC(564) Metaspace: 22626K(22912K)->22626K(22912K) NonClass: 19828K(19968K)->19828K(19968K) Class: 2797K(2944K)->2797K(2944K)
[385.797s][info][gc             ] GC(564) Pause Young (Allocation Failure) 1793M->1265M(1979M) 292.958ms
[385.797s][info][gc,cpu         ] GC(564) User=0.27s Sys=0.00s Real=0.30s
[385.942s][info][gc,start       ] GC(565) Pause Young (Allocation Failure)
[386.357s][info][gc,heap        ] GC(565) DefNew: 609923K(629120K)->69888K(629120K) Eden: 559232K(559232K)->0K(559232K) From: 50691K(69888K)->69888K(69888K)
[386.357s][info][gc,heap        ] GC(565) Tenured: 1244788K(1398144K)->1293669K(1398144K)
[386.357s][info][gc,metaspace   ] GC(565) Metaspace: 22626K(22912K)->22626K(22912K) NonClass: 19828K(19968K)->19828K(19968K) Class: 2797K(2944K)->2797K(2944K)
[386.357s][info][gc             ] GC(565) Pause Young (Allocation Failure) 1811M->1331M(1979M) 414.682ms
[386.357s][info][gc,cpu         ] GC(565) User=0.39s Sys=0.00s Real=0.42s
[386.594s][info][gc,start       ] GC(566) Pause Young (Allocation Failure)
[387.024s][info][gc,heap        ] GC(566) DefNew: 629120K(629120K)->69888K(629120K) Eden: 559232K(559232K)->0K(559232K) From: 69888K(69888K)->69888K(69888K)
[387.024s][info][gc,heap        ] GC(566) Tenured: 1293669K(1398144K)->1344752K(1398144K)
[387.024s][info][gc,metaspace   ] GC(566) Metaspace: 22626K(22912K)->22626K(22912K) NonClass: 19828K(19968K)->19828K(19968K) Class: 2797K(2944K)->2797K(2944K)
[387.024s][info][gc             ] GC(566) Pause Young (Allocation Failure) 1877M->1381M(1979M) 430.090ms
[387.024s][info][gc,cpu         ] GC(566) User=0.42s Sys=0.00s Real=0.42s
[387.392s][info][gc,start       ] GC(567) Pause Full (System.gc())
[387.392s][info][gc,phases,start] GC(567) Phase 1: Mark live objects
[387.593s][info][gc,phases      ] GC(567) Phase 1: Mark live objects 201.000ms
[387.593s][info][gc,phases,start] GC(567) Phase 2: Compute new object addresses
[387.833s][info][gc,phases      ] GC(567) Phase 2: Compute new object addresses 240.127ms
[387.833s][info][gc,phases,start] GC(567) Phase 3: Adjust pointers
[387.920s][info][gc,phases      ] GC(567) Phase 3: Adjust pointers 86.439ms
[387.920s][info][gc,phases,start] GC(567) Phase 4: Move objects
[387.956s][info][gc,phases      ] GC(567) Phase 4: Move objects 36.435ms
[387.956s][info][gc,heap        ] GC(567) DefNew: 292187K(629120K)->0K(629120K) Eden: 222299K(559232K)->0K(559232K) From: 69888K(69888K)->0K(69888K)
[387.956s][info][gc,heap        ] GC(567) Tenured: 1344752K(1398144K)->104588K(1398144K)
[387.956s][info][gc,metaspace   ] GC(567) Metaspace: 22626K(22912K)->22626K(22912K) NonClass: 19828K(19968K)->19828K(19968K) Class: 2797K(2944K)->2797K(2944K)
[387.957s][info][gc             ] GC(567) Pause Full (System.gc()) 1598M->102M(1979M) 564.699ms
[387.957s][info][gc,cpu         ] GC(567) User=0.53s Sys=0.00s Real=0.57s
[388.123s][info][gc,start       ] GC(568) Pause Young (Allocation Failure)
[388.431s][info][gc,heap        ] GC(568) DefNew: 559232K(629120K)->69888K(629120K) Eden: 559232K(559232K)->0K(559232K) From: 0K(69888K)->69888K(69888K)
[388.431s][info][gc,heap        ] GC(568) Tenured: 104588K(1398144K)->109318K(1398144K)
[388.431s][info][gc,metaspace   ] GC(568) Metaspace: 22628K(22912K)->22628K(22912K) NonClass: 19830K(19968K)->19830K(19968K) Class: 2797K(2944K)->2797K(2944K)
[388.431s][info][gc             ] GC(568) Pause Young (Allocation Failure) 648M->175M(1979M) 307.946ms
[388.431s][info][gc,cpu         ] GC(568) User=0.31s Sys=0.00s Real=0.31s
[388.568s][info][gc,start       ] GC(569) Pause Young (Allocation Failure)
[389.054s][info][gc,heap        ] GC(569) DefNew: 629120K(629120K)->69888K(629120K) Eden: 559232K(559232K)->0K(559232K) From: 69888K(69888K)->69888K(69888K)
[389.054s][info][gc,heap        ] GC(569) Tenured: 109318K(1398144K)->174554K(1398144K)
[389.054s][info][gc,metaspace   ] GC(569) Metaspace: 22628K(22912K)->22628K(22912K) NonClass: 19830K(19968K)->19830K(19968K) Class: 2797K(2944K)->2797K(2944K)
[389.054s][info][gc             ] GC(569) Pause Young (Allocation Failure) 721M->238M(1979M) 485.780ms
[389.054s][info][gc,cpu         ] GC(569) User=0.48s Sys=0.00s Real=0.49s
[389.636s][info][gc,start       ] GC(570) Pause Young (Allocation Failure)
[389.944s][info][gc,heap        ] GC(570) DefNew: 629120K(629120K)->57899K(629120K) Eden: 559232K(559232K)->0K(559232K) From: 69888K(69888K)->57899K(69888K)
[389.944s][info][gc,heap        ] GC(570) Tenured: 174554K(1398144K)->207704K(1398144K)
[389.944s][info][gc,metaspace   ] GC(570) Metaspace: 22628K(22912K)->22628K(22912K) NonClass: 19830K(19968K)->19830K(19968K) Class: 2797K(2944K)->2797K(2944K)
[389.944s][info][gc             ] GC(570) Pause Young (Allocation Failure) 784M->259M(1979M) 308.142ms
[389.944s][info][gc,cpu         ] GC(570) User=0.30s Sys=0.00s Real=0.31s
[390.094s][info][gc,start       ] GC(571) Pause Young (Allocation Failure)
[390.534s][info][gc,heap        ] GC(571) DefNew: 617131K(629120K)->69888K(629120K) Eden: 559232K(559232K)->0K(559232K) From: 57899K(69888K)->69888K(69888K)
[390.534s][info][gc,heap        ] GC(571) Tenured: 207704K(1398144K)->264946K(1398144K)
[390.534s][info][gc,metaspace   ] GC(571) Metaspace: 22628K(22912K)->22628K(22912K) NonClass: 19830K(19968K)->19830K(19968K) Class: 2797K(2944K)->2797K(2944K)
[390.534s][info][gc             ] GC(571) Pause Young (Allocation Failure) 805M->326M(1979M) 440.176ms
[390.534s][info][gc,cpu         ] GC(571) User=0.44s Sys=0.00s Real=0.44s
[390.927s][info][gc,start       ] GC(572) Pause Young (Allocation Failure)
[391.248s][info][gc,heap        ] GC(572) DefNew: 629120K(629120K)->66040K(629120K) Eden: 559232K(559232K)->0K(559232K) From: 69888K(69888K)->66040K(69888K)
[391.248s][info][gc,heap        ] GC(572) Tenured: 264946K(1398144K)->303847K(1398144K)
[391.248s][info][gc,metaspace   ] GC(572) Metaspace: 22628K(22912K)->22628K(22912K) NonClass: 19830K(19968K)->19830K(19968K) Class: 2797K(2944K)->2797K(2944K)
[391.248s][info][gc             ] GC(572) Pause Young (Allocation Failure) 873M->361M(1979M) 321.017ms
[391.248s][info][gc,cpu         ] GC(572) User=0.33s Sys=0.00s Real=0.33s
[391.549s][info][gc,start       ] GC(573) Pause Young (Allocation Failure)
[391.856s][info][gc,heap        ] GC(573) DefNew: 625272K(629120K)->66234K(629120K) Eden: 559232K(559232K)->0K(559232K) From: 66040K(69888K)->66234K(69888K)
[391.856s][info][gc,heap        ] GC(573) Tenured: 303847K(1398144K)->341014K(1398144K)
[391.856s][info][gc,metaspace   ] GC(573) Metaspace: 22628K(22912K)->22628K(22912K) NonClass: 19830K(19968K)->19830K(19968K) Class: 2797K(2944K)->2797K(2944K)
[391.856s][info][gc             ] GC(573) Pause Young (Allocation Failure) 907M->397M(1979M) 306.582ms
[391.856s][info][gc,cpu         ] GC(573) User=0.30s Sys=0.00s Real=0.30s
[392.013s][info][gc,start       ] GC(574) Pause Young (Allocation Failure)
[392.482s][info][gc,heap        ] GC(574) DefNew: 625466K(629120K)->69888K(629120K) Eden: 559232K(559232K)->0K(559232K) From: 66234K(69888K)->69888K(69888K)
[392.482s][info][gc,heap        ] GC(574) Tenured: 341014K(1398144K)->405245K(1398144K)
[392.482s][info][gc,metaspace   ] GC(574) Metaspace: 22628K(22912K)->22628K(22912K) NonClass: 19830K(19968K)->19830K(19968K) Class: 2797K(2944K)->2797K(2944K)
[392.482s][info][gc             ] GC(574) Pause Young (Allocation Failure) 943M->463M(1979M) 468.641ms
[392.482s][info][gc,cpu         ] GC(574) User=0.44s Sys=0.00s Real=0.47s
[393.052s][info][gc,start       ] GC(575) Pause Young (Allocation Failure)
[393.305s][info][gc,heap        ] GC(575) DefNew: 629120K(629120K)->42437K(629120K) Eden: 559232K(559232K)->0K(559232K) From: 69888K(69888K)->42437K(69888K)
[393.305s][info][gc,heap        ] GC(575) Tenured: 405245K(1398144K)->441702K(1398144K)
[393.305s][info][gc,metaspace   ] GC(575) Metaspace: 22628K(22912K)->22628K(22912K) NonClass: 19830K(19968K)->19830K(19968K) Class: 2797K(2944K)->2797K(2944K)
[393.305s][info][gc             ] GC(575) Pause Young (Allocation Failure) 1010M->472M(1979M) 252.950ms
[393.305s][info][gc,cpu         ] GC(575) User=0.25s Sys=0.00s Real=0.25s
[393.450s][info][gc,start       ] GC(576) Pause Young (Allocation Failure)
[393.850s][info][gc,heap        ] GC(576) DefNew: 601669K(629120K)->69887K(629120K) Eden: 559232K(559232K)->0K(559232K) From: 42437K(69888K)->69887K(69888K)
[393.850s][info][gc,heap        ] GC(576) Tenured: 441702K(1398144K)->485668K(1398144K)
[393.850s][info][gc,metaspace   ] GC(576) Metaspace: 22628K(22912K)->22628K(22912K) NonClass: 19830K(19968K)->19830K(19968K) Class: 2797K(2944K)->2797K(2944K)
[393.850s][info][gc             ] GC(576) Pause Young (Allocation Failure) 1018M->542M(1979M) 399.734ms
[393.850s][info][gc,cpu         ] GC(576) User=0.34s Sys=0.00s Real=0.39s
[393.996s][info][gc,start       ] GC(577) Pause Young (Allocation Failure)
[394.475s][info][gc,heap        ] GC(577) DefNew: 629119K(629120K)->69887K(629120K) Eden: 559232K(559232K)->0K(559232K) From: 69887K(69888K)->69887K(69888K)
[394.475s][info][gc,heap        ] GC(577) Tenured: 485668K(1398144K)->551157K(1398144K)
[394.475s][info][gc,metaspace   ] GC(577) Metaspace: 22628K(22912K)->22628K(22912K) NonClass: 19830K(19968K)->19830K(19968K) Class: 2797K(2944K)->2797K(2944K)
[394.475s][info][gc             ] GC(577) Pause Young (Allocation Failure) 1088M->606M(1979M) 479.308ms
[394.475s][info][gc,cpu         ] GC(577) User=0.47s Sys=0.00s Real=0.47s
[395.051s][info][gc,start       ] GC(578) Pause Young (Allocation Failure)
[395.353s][info][gc,heap        ] GC(578) DefNew: 629119K(629120K)->60257K(629120K) Eden: 559232K(559232K)->0K(559232K) From: 69887K(69888K)->60257K(69888K)
[395.353s][info][gc,heap        ] GC(578) Tenured: 551157K(1398144K)->584557K(1398144K)
[395.353s][info][gc,metaspace   ] GC(578) Metaspace: 22628K(22912K)->22628K(22912K) NonClass: 19830K(19968K)->19830K(19968K) Class: 2797K(2944K)->2797K(2944K)
[395.353s][info][gc             ] GC(578) Pause Young (Allocation Failure) 1152M->629M(1979M) 301.202ms
[395.353s][info][gc,cpu         ] GC(578) User=0.30s Sys=0.00s Real=0.30s
[395.486s][info][gc,start       ] GC(579) Pause Young (Allocation Failure)
[395.911s][info][gc,heap        ] GC(579) DefNew: 619489K(629120K)->69887K(629120K) Eden: 559232K(559232K)->0K(559232K) From: 60257K(69888K)->69887K(69888K)
[395.911s][info][gc,heap        ] GC(579) Tenured: 584557K(1398144K)->638395K(1398144K)
[395.911s][info][gc,metaspace   ] GC(579) Metaspace: 22628K(22912K)->22628K(22912K) NonClass: 19830K(19968K)->19830K(19968K) Class: 2797K(2944K)->2797K(2944K)
[395.911s][info][gc             ] GC(579) Pause Young (Allocation Failure) 1175M->691M(1979M) 425.387ms
[395.911s][info][gc,cpu         ] GC(579) User=0.38s Sys=0.02s Real=0.44s
[396.297s][info][gc,start       ] GC(580) Pause Young (Allocation Failure)
[396.633s][info][gc,heap        ] GC(580) DefNew: 629119K(629120K)->65518K(629120K) Eden: 559232K(559232K)->0K(559232K) From: 69887K(69888K)->65518K(69888K)
[396.633s][info][gc,heap        ] GC(580) Tenured: 638395K(1398144K)->673930K(1398144K)
[396.633s][info][gc,metaspace   ] GC(580) Metaspace: 22628K(22912K)->22628K(22912K) NonClass: 19830K(19968K)->19830K(19968K) Class: 2797K(2944K)->2797K(2944K)
[396.633s][info][gc             ] GC(580) Pause Young (Allocation Failure) 1237M->722M(1979M) 335.246ms
[396.633s][info][gc,cpu         ] GC(580) User=0.33s Sys=0.00s Real=0.33s
[396.963s][info][gc,start       ] GC(581) Pause Young (Allocation Failure)
[397.274s][info][gc,heap        ] GC(581) DefNew: 624750K(629120K)->61964K(629120K) Eden: 559232K(559232K)->0K(559232K) From: 65518K(69888K)->61964K(69888K)
[397.274s][info][gc,heap        ] GC(581) Tenured: 673930K(1398144K)->710439K(1398144K)
[397.274s][info][gc,metaspace   ] GC(581) Metaspace: 22628K(22912K)->22628K(22912K) NonClass: 19830K(19968K)->19830K(19968K) Class: 2797K(2944K)->2797K(2944K)
[397.274s][info][gc             ] GC(581) Pause Young (Allocation Failure) 1268M->754M(1979M) 311.132ms
[397.274s][info][gc,cpu         ] GC(581) User=0.27s Sys=0.00s Real=0.30s
[397.427s][info][gc,start       ] GC(582) Pause Young (Allocation Failure)
[397.896s][info][gc,heap        ] GC(582) DefNew: 621196K(629120K)->69888K(629120K) Eden: 559232K(559232K)->0K(559232K) From: 61964K(69888K)->69888K(69888K)
[397.896s][info][gc,heap        ] GC(582) Tenured: 710439K(1398144K)->771412K(1398144K)
[397.896s][info][gc,metaspace   ] GC(582) Metaspace: 22628K(22912K)->22628K(22912K) NonClass: 19830K(19968K)->19830K(19968K) Class: 2797K(2944K)->2797K(2944K)
[397.896s][info][gc             ] GC(582) Pause Young (Allocation Failure) 1300M->821M(1979M) 469.440ms
[397.896s][info][gc,cpu         ] GC(582) User=0.44s Sys=0.00s Real=0.47s
[398.518s][info][gc,start       ] GC(583) Pause Young (Allocation Failure)
[398.775s][info][gc,heap        ] GC(583) DefNew: 629120K(629120K)->43239K(629120K) Eden: 559232K(559232K)->0K(559232K) From: 69888K(69888K)->43239K(69888K)
[398.775s][info][gc,heap        ] GC(583) Tenured: 771412K(1398144K)->808733K(1398144K)
[398.775s][info][gc,metaspace   ] GC(583) Metaspace: 22628K(22912K)->22628K(22912K) NonClass: 19830K(19968K)->19830K(19968K) Class: 2797K(2944K)->2797K(2944K)
[398.775s][info][gc             ] GC(583) Pause Young (Allocation Failure) 1367M->832M(1979M) 257.438ms
[398.775s][info][gc,cpu         ] GC(583) User=0.25s Sys=0.00s Real=0.25s
[398.915s][info][gc,start       ] GC(584) Pause Young (Allocation Failure)
[399.285s][info][gc,heap        ] GC(584) DefNew: 602471K(629120K)->69339K(629120K) Eden: 559232K(559232K)->0K(559232K) From: 43239K(69888K)->69339K(69888K)
[399.285s][info][gc,heap        ] GC(584) Tenured: 808733K(1398144K)->849259K(1398144K)
[399.285s][info][gc,metaspace   ] GC(584) Metaspace: 22628K(22912K)->22628K(22912K) NonClass: 19830K(19968K)->19830K(19968K) Class: 2797K(2944K)->2797K(2944K)
[399.285s][info][gc             ] GC(584) Pause Young (Allocation Failure) 1378M->897M(1979M) 370.625ms
[399.285s][info][gc,cpu         ] GC(584) User=0.34s Sys=0.00s Real=0.38s
[399.441s][info][gc,start       ] GC(585) Pause Young (Allocation Failure)
[399.897s][info][gc,heap        ] GC(585) DefNew: 628571K(629120K)->69887K(629120K) Eden: 559232K(559232K)->0K(559232K) From: 69339K(69888K)->69887K(69888K)
[399.897s][info][gc,heap        ] GC(585) Tenured: 849259K(1398144K)->912628K(1398144K)
[399.897s][info][gc,metaspace   ] GC(585) Metaspace: 22628K(22912K)->22628K(22912K) NonClass: 19830K(19968K)->19830K(19968K) Class: 2797K(2944K)->2797K(2944K)
[399.897s][info][gc             ] GC(585) Pause Young (Allocation Failure) 1443M->959M(1979M) 456.722ms
[399.897s][info][gc,cpu         ] GC(585) User=0.45s Sys=0.00s Real=0.45s
[400.463s][info][gc,start       ] GC(586) Pause Young (Allocation Failure)
[400.762s][info][gc,heap        ] GC(586) DefNew: 629119K(629120K)->53452K(629120K) Eden: 559232K(559232K)->0K(559232K) From: 69887K(69888K)->53452K(69888K)
[400.762s][info][gc,heap        ] GC(586) Tenured: 912628K(1398144K)->947772K(1398144K)
[400.762s][info][gc,metaspace   ] GC(586) Metaspace: 22628K(22912K)->22628K(22912K) NonClass: 19830K(19968K)->19830K(19968K) Class: 2797K(2944K)->2797K(2944K)
[400.762s][info][gc             ] GC(586) Pause Young (Allocation Failure) 1505M->977M(1979M) 298.615ms
[400.762s][info][gc,cpu         ] GC(586) User=0.31s Sys=0.00s Real=0.30s
[400.911s][info][gc,start       ] GC(587) Pause Young (Allocation Failure)
[401.355s][info][gc,heap        ] GC(587) DefNew: 612684K(629120K)->69887K(629120K) Eden: 559232K(559232K)->0K(559232K) From: 53452K(69888K)->69887K(69888K)
[401.355s][info][gc,heap        ] GC(587) Tenured: 947772K(1398144K)->1001938K(1398144K)
[401.355s][info][gc,metaspace   ] GC(587) Metaspace: 22628K(22912K)->22628K(22912K) NonClass: 19830K(19968K)->19830K(19968K) Class: 2797K(2944K)->2797K(2944K)
[401.355s][info][gc             ] GC(587) Pause Young (Allocation Failure) 1523M->1046M(1979M) 443.548ms
[401.355s][info][gc,cpu         ] GC(587) User=0.44s Sys=0.00s Real=0.46s
[401.767s][info][gc,start       ] GC(588) Pause Young (Allocation Failure)
[402.092s][info][gc,heap        ] GC(588) DefNew: 629119K(629120K)->67640K(629120K) Eden: 559232K(559232K)->0K(559232K) From: 69887K(69888K)->67640K(69888K)
[402.092s][info][gc,heap        ] GC(588) Tenured: 1001938K(1398144K)->1038658K(1398144K)
[402.092s][info][gc,metaspace   ] GC(588) Metaspace: 22628K(22912K)->22628K(22912K) NonClass: 19830K(19968K)->19830K(19968K) Class: 2797K(2944K)->2797K(2944K)
[402.092s][info][gc             ] GC(588) Pause Young (Allocation Failure) 1592M->1080M(1979M) 324.778ms
[402.092s][info][gc,cpu         ] GC(588) User=0.31s Sys=0.00s Real=0.33s
[402.415s][info][gc,start       ] GC(589) Pause Young (Allocation Failure)
[402.720s][info][gc,heap        ] GC(589) DefNew: 626872K(629120K)->62876K(629120K) Eden: 559232K(559232K)->0K(559232K) From: 67640K(69888K)->62876K(69888K)
[402.720s][info][gc,heap        ] GC(589) Tenured: 1038658K(1398144K)->1076431K(1398144K)
[402.720s][info][gc,metaspace   ] GC(589) Metaspace: 22628K(22912K)->22628K(22912K) NonClass: 19830K(19968K)->19830K(19968K) Class: 2797K(2944K)->2797K(2944K)
[402.720s][info][gc             ] GC(589) Pause Young (Allocation Failure) 1626M->1112M(1979M) 305.130ms
[402.720s][info][gc,cpu         ] GC(589) User=0.27s Sys=0.00s Real=0.30s
[402.869s][info][gc,start       ] GC(590) Pause Young (Allocation Failure)
[403.326s][info][gc,heap        ] GC(590) DefNew: 622108K(629120K)->69888K(629120K) Eden: 559232K(559232K)->0K(559232K) From: 62876K(69888K)->69888K(69888K)
[403.326s][info][gc,heap        ] GC(590) Tenured: 1076431K(1398144K)->1137516K(1398144K)
[403.326s][info][gc,metaspace   ] GC(590) Metaspace: 22628K(22912K)->22628K(22912K) NonClass: 19830K(19968K)->19830K(19968K) Class: 2797K(2944K)->2797K(2944K)
[403.326s][info][gc             ] GC(590) Pause Young (Allocation Failure) 1658M->1179M(1979M) 457.493ms
[403.326s][info][gc,cpu         ] GC(590) User=0.41s Sys=0.00s Real=0.46s
[404.013s][info][gc,start       ] GC(591) Pause Young (Allocation Failure)
[404.246s][info][gc,heap        ] GC(591) DefNew: 629120K(629120K)->36862K(629120K) Eden: 559232K(559232K)->0K(559232K) From: 69888K(69888K)->36862K(69888K)
[404.246s][info][gc,heap        ] GC(591) Tenured: 1137516K(1398144K)->1172645K(1398144K)
[404.246s][info][gc,metaspace   ] GC(591) Metaspace: 22628K(22912K)->22628K(22912K) NonClass: 19830K(19968K)->19830K(19968K) Class: 2797K(2944K)->2797K(2944K)
[404.246s][info][gc             ] GC(591) Pause Young (Allocation Failure) 1725M->1181M(1979M) 233.081ms
[404.246s][info][gc,cpu         ] GC(591) User=0.23s Sys=0.00s Real=0.24s
[404.393s][info][gc,start       ] GC(592) Pause Young (Allocation Failure)
[404.758s][info][gc,heap        ] GC(592) DefNew: 596094K(629120K)->69888K(629120K) Eden: 559232K(559232K)->0K(559232K) From: 36862K(69888K)->69888K(69888K)
[404.758s][info][gc,heap        ] GC(592) Tenured: 1172645K(1398144K)->1210288K(1398144K)
[404.758s][info][gc,metaspace   ] GC(592) Metaspace: 22628K(22912K)->22628K(22912K) NonClass: 19830K(19968K)->19830K(19968K) Class: 2797K(2944K)->2797K(2944K)
[404.758s][info][gc             ] GC(592) Pause Young (Allocation Failure) 1727M->1250M(1979M) 364.782ms
[404.758s][info][gc,cpu         ] GC(592) User=0.36s Sys=0.00s Real=0.38s
[404.911s][info][gc,start       ] GC(593) Pause Young (Allocation Failure)
[405.391s][info][gc,heap        ] GC(593) DefNew: 629120K(629120K)->69888K(629120K) Eden: 559232K(559232K)->0K(559232K) From: 69888K(69888K)->69888K(69888K)
[405.391s][info][gc,heap        ] GC(593) Tenured: 1210288K(1398144K)->1276445K(1398144K)
[405.391s][info][gc,metaspace   ] GC(593) Metaspace: 22628K(22912K)->22628K(22912K) NonClass: 19830K(19968K)->19830K(19968K) Class: 2797K(2944K)->2797K(2944K)
[405.391s][info][gc             ] GC(593) Pause Young (Allocation Failure) 1796M->1314M(1979M) 479.912ms
[405.391s][info][gc,cpu         ] GC(593) User=0.45s Sys=0.00s Real=0.49s
[405.846s][info][gc,start       ] GC(594) Pause Full (System.gc())
[405.846s][info][gc,phases,start] GC(594) Phase 1: Mark live objects
[406.055s][info][gc,phases      ] GC(594) Phase 1: Mark live objects 209.668ms
[406.055s][info][gc,phases,start] GC(594) Phase 2: Compute new object addresses
[406.307s][info][gc,phases      ] GC(594) Phase 2: Compute new object addresses 251.124ms
[406.307s][info][gc,phases,start] GC(594) Phase 3: Adjust pointers
[406.409s][info][gc,phases      ] GC(594) Phase 3: Adjust pointers 102.619ms
[406.409s][info][gc,phases,start] GC(594) Phase 4: Move objects
[406.452s][info][gc,phases      ] GC(594) Phase 4: Move objects 42.767ms
[406.453s][info][gc,heap        ] GC(594) DefNew: 368184K(629120K)->0K(629120K) Eden: 298296K(559232K)->0K(559232K) From: 69888K(69888K)->0K(69888K)
[406.453s][info][gc,heap        ] GC(594) Tenured: 1276445K(1398144K)->167086K(1398144K)
[406.453s][info][gc,metaspace   ] GC(594) Metaspace: 22628K(22912K)->22628K(22912K) NonClass: 19830K(19968K)->19830K(19968K) Class: 2797K(2944K)->2797K(2944K)
[406.453s][info][gc             ] GC(594) Pause Full (System.gc()) 1606M->163M(1979M) 606.941ms
[406.453s][info][gc,cpu         ] GC(594) User=0.48s Sys=0.02s Real=0.61s
[406.620s][info][gc,start       ] GC(595) Pause Young (Allocation Failure)
[406.924s][info][gc,heap        ] GC(595) DefNew: 559232K(629120K)->69888K(629120K) Eden: 559232K(559232K)->0K(559232K) From: 0K(69888K)->69888K(69888K)
[406.924s][info][gc,heap        ] GC(595) Tenured: 167086K(1398144K)->173413K(1398144K)
[406.924s][info][gc,metaspace   ] GC(595) Metaspace: 22630K(22912K)->22630K(22912K) NonClass: 19832K(19968K)->19832K(19968K) Class: 2797K(2944K)->2797K(2944K)
[406.924s][info][gc             ] GC(595) Pause Young (Allocation Failure) 709M->237M(1979M) 303.896ms
[406.924s][info][gc,cpu         ] GC(595) User=0.28s Sys=0.00s Real=0.31s
[407.076s][info][gc,start       ] GC(596) Pause Young (Allocation Failure)
[407.574s][info][gc,heap        ] GC(596) DefNew: 629120K(629120K)->69888K(629120K) Eden: 559232K(559232K)->0K(559232K) From: 69888K(69888K)->69888K(69888K)
[407.574s][info][gc,heap        ] GC(596) Tenured: 173413K(1398144K)->245195K(1398144K)
[407.574s][info][gc,metaspace   ] GC(596) Metaspace: 22630K(22912K)->22630K(22912K) NonClass: 19832K(19968K)->19832K(19968K) Class: 2797K(2944K)->2797K(2944K)
[407.574s][info][gc             ] GC(596) Pause Young (Allocation Failure) 783M->307M(1979M) 497.932ms
[407.574s][info][gc,cpu         ] GC(596) User=0.45s Sys=0.00s Real=0.50s
[408.090s][info][gc,start       ] GC(597) Pause Young (Allocation Failure)
[408.406s][info][gc,heap        ] GC(597) DefNew: 629120K(629120K)->60428K(629120K) Eden: 559232K(559232K)->0K(559232K) From: 69888K(69888K)->60428K(69888K)
[408.406s][info][gc,heap        ] GC(597) Tenured: 245195K(1398144K)->280838K(1398144K)
[408.406s][info][gc,metaspace   ] GC(597) Metaspace: 22630K(22912K)->22630K(22912K) NonClass: 19832K(19968K)->19832K(19968K) Class: 2797K(2944K)->2797K(2944K)
[408.406s][info][gc             ] GC(597) Pause Young (Allocation Failure) 853M->333M(1979M) 315.955ms
[408.406s][info][gc,cpu         ] GC(597) User=0.31s Sys=0.00s Real=0.31s
[408.551s][info][gc,start       ] GC(598) Pause Young (Allocation Failure)
[409.004s][info][gc,heap        ] GC(598) DefNew: 619660K(629120K)->69888K(629120K) Eden: 559232K(559232K)->0K(559232K) From: 60428K(69888K)->69888K(69888K)
[409.004s][info][gc,heap        ] GC(598) Tenured: 280838K(1398144K)->338427K(1398144K)
[409.004s][info][gc,metaspace   ] GC(598) Metaspace: 22630K(22912K)->22630K(22912K) NonClass: 19832K(19968K)->19832K(19968K) Class: 2797K(2944K)->2797K(2944K)
[409.004s][info][gc             ] GC(598) Pause Young (Allocation Failure) 879M->398M(1979M) 452.570ms
[409.004s][info][gc,cpu         ] GC(598) User=0.42s Sys=0.00s Real=0.45s
[409.389s][info][gc,start       ] GC(599) Pause Young (Allocation Failure)
[409.701s][info][gc,heap        ] GC(599) DefNew: 629120K(629120K)->63125K(629120K) Eden: 559232K(559232K)->0K(559232K) From: 69888K(69888K)->63125K(69888K)
[409.701s][info][gc,heap        ] GC(599) Tenured: 338427K(1398144K)->376394K(1398144K)
[409.701s][info][gc,metaspace   ] GC(599) Metaspace: 22630K(22912K)->22630K(22912K) NonClass: 19832K(19968K)->19832K(19968K) Class: 2797K(2944K)->2797K(2944K)
[409.701s][info][gc             ] GC(599) Pause Young (Allocation Failure) 944M->429M(1979M) 312.194ms
[409.701s][info][gc,cpu         ] GC(599) User=0.30s Sys=0.00s Real=0.31s
[410.059s][info][gc,start       ] GC(600) Pause Young (Allocation Failure)
[410.421s][info][gc,heap        ] GC(600) DefNew: 622357K(629120K)->69887K(629120K) Eden: 559232K(559232K)->0K(559232K) From: 63125K(69888K)->69887K(69888K)
[410.421s][info][gc,heap        ] GC(600) Tenured: 376394K(1398144K)->419782K(1398144K)
[410.421s][info][gc,metaspace   ] GC(600) Metaspace: 22630K(22912K)->22630K(22912K) NonClass: 19832K(19968K)->19832K(19968K) Class: 2797K(2944K)->2797K(2944K)
[410.421s][info][gc             ] GC(600) Pause Young (Allocation Failure) 975M->478M(1979M) 362.851ms
[410.421s][info][gc,cpu         ] GC(600) User=0.36s Sys=0.00s Real=0.37s
[410.574s][info][gc,start       ] GC(601) Pause Young (Allocation Failure)
[411.059s][info][gc,heap        ] GC(601) DefNew: 629119K(629120K)->69888K(629120K) Eden: 559232K(559232K)->0K(559232K) From: 69887K(69888K)->69888K(69888K)
[411.059s][info][gc,heap        ] GC(601) Tenured: 419782K(1398144K)->484802K(1398144K)
[411.059s][info][gc,metaspace   ] GC(601) Metaspace: 22630K(22912K)->22630K(22912K) NonClass: 19832K(19968K)->19832K(19968K) Class: 2797K(2944K)->2797K(2944K)
[411.059s][info][gc             ] GC(601) Pause Young (Allocation Failure) 1024M->541M(1979M) 485.171ms
[411.059s][info][gc,cpu         ] GC(601) User=0.50s Sys=0.00s Real=0.49s
[411.639s][info][gc,start       ] GC(602) Pause Young (Allocation Failure)
[411.931s][info][gc,heap        ] GC(602) DefNew: 629120K(629120K)->53087K(629120K) Eden: 559232K(559232K)->0K(559232K) From: 69888K(69888K)->53087K(69888K)
[411.931s][info][gc,heap        ] GC(602) Tenured: 484802K(1398144K)->519586K(1398144K)
[411.931s][info][gc,metaspace   ] GC(602) Metaspace: 22630K(22912K)->22630K(22912K) NonClass: 19832K(19968K)->19832K(19968K) Class: 2797K(2944K)->2797K(2944K)
[411.931s][info][gc             ] GC(602) Pause Young (Allocation Failure) 1087M->559M(1979M) 291.593ms
[411.931s][info][gc,cpu         ] GC(602) User=0.33s Sys=0.00s Real=0.30s
[412.072s][info][gc,start       ] GC(603) Pause Young (Allocation Failure)
[412.504s][info][gc,heap        ] GC(603) DefNew: 612319K(629120K)->69888K(629120K) Eden: 559232K(559232K)->0K(559232K) From: 53087K(69888K)->69888K(69888K)
[412.504s][info][gc,heap        ] GC(603) Tenured: 519586K(1398144K)->569797K(1398144K)
[412.504s][info][gc,metaspace   ] GC(603) Metaspace: 22630K(22912K)->22630K(22912K) NonClass: 19832K(19968K)->19832K(19968K) Class: 2797K(2944K)->2797K(2944K)
[412.504s][info][gc             ] GC(603) Pause Young (Allocation Failure) 1105M->624M(1979M) 431.891ms
[412.504s][info][gc,cpu         ] GC(603) User=0.39s Sys=0.00s Real=0.42s
[412.808s][info][gc,start       ] GC(604) Pause Young (Allocation Failure)
[413.216s][info][gc,heap        ] GC(604) DefNew: 629120K(629120K)->69887K(629120K) Eden: 559232K(559232K)->0K(559232K) From: 69888K(69888K)->69887K(69888K)
[413.216s][info][gc,heap        ] GC(604) Tenured: 569797K(1398144K)->617621K(1398144K)
[413.216s][info][gc,metaspace   ] GC(604) Metaspace: 22630K(22912K)->22630K(22912K) NonClass: 19832K(19968K)->19832K(19968K) Class: 2797K(2944K)->2797K(2944K)
[413.216s][info][gc             ] GC(604) Pause Young (Allocation Failure) 1170M->671M(1979M) 408.515ms
[413.216s][info][gc,cpu         ] GC(604) User=0.39s Sys=0.00s Real=0.41s
[413.658s][info][gc,start       ] GC(605) Pause Young (Allocation Failure)
[413.967s][info][gc,heap        ] GC(605) DefNew: 629119K(629120K)->59966K(629120K) Eden: 559232K(559232K)->0K(559232K) From: 69887K(69888K)->59966K(69888K)
[413.967s][info][gc,heap        ] GC(605) Tenured: 617621K(1398144K)->654337K(1398144K)
[413.967s][info][gc,metaspace   ] GC(605) Metaspace: 22630K(22912K)->22630K(22912K) NonClass: 19832K(19968K)->19832K(19968K) Class: 2797K(2944K)->2797K(2944K)
[413.967s][info][gc             ] GC(605) Pause Young (Allocation Failure) 1217M->697M(1979M) 309.819ms
[413.967s][info][gc,cpu         ] GC(605) User=0.31s Sys=0.00s Real=0.31s
[414.119s][info][gc,start       ] GC(606) Pause Young (Allocation Failure)
[414.584s][info][gc,heap        ] GC(606) DefNew: 619198K(629120K)->69888K(629120K) Eden: 559232K(559232K)->0K(559232K) From: 59966K(69888K)->69888K(69888K)
[414.584s][info][gc,heap        ] GC(606) Tenured: 654337K(1398144K)->716080K(1398144K)
[414.584s][info][gc,metaspace   ] GC(606) Metaspace: 22630K(22912K)->22630K(22912K) NonClass: 19832K(19968K)->19832K(19968K) Class: 2797K(2944K)->2797K(2944K)
[414.584s][info][gc             ] GC(606) Pause Young (Allocation Failure) 1243M->767M(1979M) 465.811ms
[414.584s][info][gc,cpu         ] GC(606) User=0.44s Sys=0.00s Real=0.47s
[415.272s][info][gc,start       ] GC(607) Pause Young (Allocation Failure)
[415.523s][info][gc,heap        ] GC(607) DefNew: 629120K(629120K)->44388K(629120K) Eden: 559232K(559232K)->0K(559232K) From: 69888K(69888K)->44388K(69888K)
[415.523s][info][gc,heap        ] GC(607) Tenured: 716080K(1398144K)->749702K(1398144K)
[415.523s][info][gc,metaspace   ] GC(607) Metaspace: 22630K(22912K)->22630K(22912K) NonClass: 19832K(19968K)->19832K(19968K) Class: 2797K(2944K)->2797K(2944K)
[415.523s][info][gc             ] GC(607) Pause Young (Allocation Failure) 1313M->775M(1979M) 251.291ms
[415.523s][info][gc,cpu         ] GC(607) User=0.23s Sys=0.00s Real=0.25s
[415.775s][info][gc,start       ] GC(608) Pause Young (Allocation Failure)
[416.171s][info][gc,heap        ] GC(608) DefNew: 603620K(629120K)->69887K(629120K) Eden: 559232K(559232K)->0K(559232K) From: 44388K(69888K)->69887K(69888K)
[416.171s][info][gc,heap        ] GC(608) Tenured: 749702K(1398144K)->798262K(1398144K)
[416.171s][info][gc,metaspace   ] GC(608) Metaspace: 22631K(22912K)->22631K(22912K) NonClass: 19833K(19968K)->19833K(19968K) Class: 2797K(2944K)->2797K(2944K)
[416.171s][info][gc             ] GC(608) Pause Young (Allocation Failure) 1321M->847M(1979M) 396.855ms
[416.171s][info][gc,cpu         ] GC(608) User=0.41s Sys=0.00s Real=0.41s
[416.330s][info][gc,start       ] GC(609) Pause Young (Allocation Failure)
[416.824s][info][gc,heap        ] GC(609) DefNew: 629119K(629120K)->69888K(629120K) Eden: 559232K(559232K)->0K(559232K) From: 69887K(69888K)->69888K(69888K)
[416.824s][info][gc,heap        ] GC(609) Tenured: 798262K(1398144K)->865467K(1398144K)
[416.824s][info][gc,metaspace   ] GC(609) Metaspace: 22631K(22912K)->22631K(22912K) NonClass: 19833K(19968K)->19833K(19968K) Class: 2797K(2944K)->2797K(2944K)
[416.824s][info][gc             ] GC(609) Pause Young (Allocation Failure) 1393M->913M(1979M) 493.847ms
[416.824s][info][gc,cpu         ] GC(609) User=0.45s Sys=0.00s Real=0.49s
[417.471s][info][gc,start       ] GC(610) Pause Young (Allocation Failure)
[417.752s][info][gc,heap        ] GC(610) DefNew: 629120K(629120K)->48699K(629120K) Eden: 559232K(559232K)->0K(559232K) From: 69888K(69888K)->48699K(69888K)
[417.752s][info][gc,heap        ] GC(610) Tenured: 865467K(1398144K)->901683K(1398144K)
[417.752s][info][gc,metaspace   ] GC(610) Metaspace: 22631K(22912K)->22631K(22912K) NonClass: 19833K(19968K)->19833K(19968K) Class: 2797K(2944K)->2797K(2944K)
[417.752s][info][gc             ] GC(610) Pause Young (Allocation Failure) 1459M->928M(1979M) 280.847ms
[417.752s][info][gc,cpu         ] GC(610) User=0.27s Sys=0.00s Real=0.28s
[417.899s][info][gc,start       ] GC(611) Pause Young (Allocation Failure)
[418.309s][info][gc,heap        ] GC(611) DefNew: 607931K(629120K)->69888K(629120K) Eden: 559232K(559232K)->0K(559232K) From: 48699K(69888K)->69888K(69888K)
[418.309s][info][gc,heap        ] GC(611) Tenured: 901683K(1398144K)->946779K(1398144K)
[418.309s][info][gc,metaspace   ] GC(611) Metaspace: 22631K(22912K)->22631K(22912K) NonClass: 19833K(19968K)->19833K(19968K) Class: 2797K(2944K)->2797K(2944K)
[418.309s][info][gc             ] GC(611) Pause Young (Allocation Failure) 1474M->992M(1979M) 409.433ms
[418.309s][info][gc,cpu         ] GC(611) User=0.39s Sys=0.00s Real=0.41s
[418.608s][info][gc,start       ] GC(612) Pause Young (Allocation Failure)
[418.942s][info][gc,heap        ] GC(612) DefNew: 629120K(629120K)->66631K(629120K) Eden: 559232K(559232K)->0K(559232K) From: 69888K(69888K)->66631K(69888K)
[418.942s][info][gc,heap        ] GC(612) Tenured: 946779K(1398144K)->990542K(1398144K)
[418.942s][info][gc,metaspace   ] GC(612) Metaspace: 22631K(22912K)->22631K(22912K) NonClass: 19833K(19968K)->19833K(19968K) Class: 2797K(2944K)->2797K(2944K)
[418.942s][info][gc             ] GC(612) Pause Young (Allocation Failure) 1538M->1032M(1979M) 334.035ms
[418.942s][info][gc,cpu         ] GC(612) User=0.33s Sys=0.00s Real=0.35s
[419.359s][info][gc,start       ] GC(613) Pause Young (Allocation Failure)
[419.719s][info][gc,heap        ] GC(613) DefNew: 625863K(629120K)->69888K(629120K) Eden: 559232K(559232K)->0K(559232K) From: 66631K(69888K)->69888K(69888K)
[419.719s][info][gc,heap        ] GC(613) Tenured: 990542K(1398144K)->1032270K(1398144K)
[419.719s][info][gc,metaspace   ] GC(613) Metaspace: 22631K(22912K)->22631K(22912K) NonClass: 19833K(19968K)->19833K(19968K) Class: 2797K(2944K)->2797K(2944K)
[419.719s][info][gc             ] GC(613) Pause Young (Allocation Failure) 1578M->1076M(1979M) 359.915ms
[419.719s][info][gc,cpu         ] GC(613) User=0.36s Sys=0.00s Real=0.36s
[419.865s][info][gc,start       ] GC(614) Pause Young (Allocation Failure)
[420.336s][info][gc,heap        ] GC(614) DefNew: 629120K(629120K)->69888K(629120K) Eden: 559232K(559232K)->0K(559232K) From: 69888K(69888K)->69888K(69888K)
[420.336s][info][gc,heap        ] GC(614) Tenured: 1032270K(1398144K)->1097759K(1398144K)
[420.336s][info][gc,metaspace   ] GC(614) Metaspace: 22631K(22912K)->22631K(22912K) NonClass: 19833K(19968K)->19833K(19968K) Class: 2797K(2944K)->2797K(2944K)
[420.336s][info][gc             ] GC(614) Pause Young (Allocation Failure) 1622M->1140M(1979M) 471.456ms
[420.336s][info][gc,cpu         ] GC(614) User=0.48s Sys=0.00s Real=0.46s
[420.905s][info][gc,start       ] GC(615) Pause Young (Allocation Failure)
[421.174s][info][gc,heap        ] GC(615) DefNew: 629120K(629120K)->46874K(629120K) Eden: 559232K(559232K)->0K(559232K) From: 69888K(69888K)->46874K(69888K)
[421.174s][info][gc,heap        ] GC(615) Tenured: 1097759K(1398144K)->1133171K(1398144K)
[421.174s][info][gc,metaspace   ] GC(615) Metaspace: 22631K(22912K)->22631K(22912K) NonClass: 19833K(19968K)->19833K(19968K) Class: 2797K(2944K)->2797K(2944K)
[421.174s][info][gc             ] GC(615) Pause Young (Allocation Failure) 1686M->1152M(1979M) 268.938ms
[421.174s][info][gc,cpu         ] GC(615) User=0.28s Sys=0.00s Real=0.27s
[421.324s][info][gc,start       ] GC(616) Pause Young (Allocation Failure)
[421.735s][info][gc,heap        ] GC(616) DefNew: 606106K(629120K)->69888K(629120K) Eden: 559232K(559232K)->0K(559232K) From: 46874K(69888K)->69888K(69888K)
[421.735s][info][gc,heap        ] GC(616) Tenured: 1133171K(1398144K)->1179980K(1398144K)
[421.735s][info][gc,metaspace   ] GC(616) Metaspace: 22631K(22912K)->22631K(22912K) NonClass: 19833K(19968K)->19833K(19968K) Class: 2797K(2944K)->2797K(2944K)
[421.735s][info][gc             ] GC(616) Pause Young (Allocation Failure) 1698M->1220M(1979M) 411.077ms
[421.735s][info][gc,cpu         ] GC(616) User=0.44s Sys=0.00s Real=0.42s
[421.913s][info][gc,start       ] GC(617) Pause Young (Allocation Failure)
[422.391s][info][gc,heap        ] GC(617) DefNew: 629120K(629120K)->69887K(629120K) Eden: 559232K(559232K)->0K(559232K) From: 69888K(69888K)->69887K(69888K)
[422.391s][info][gc,heap        ] GC(617) Tenured: 1179980K(1398144K)->1236978K(1398144K)
[422.391s][info][gc,metaspace   ] GC(617) Metaspace: 22631K(22912K)->22631K(22912K) NonClass: 19833K(19968K)->19833K(19968K) Class: 2797K(2944K)->2797K(2944K)
[422.391s][info][gc             ] GC(617) Pause Young (Allocation Failure) 1766M->1276M(1979M) 478.744ms
[422.391s][info][gc,cpu         ] GC(617) User=0.47s Sys=0.00s Real=0.49s
[422.890s][info][gc,start       ] GC(618) Pause Young (Allocation Failure)
[423.184s][info][gc,heap        ] GC(618) DefNew: 629119K(629120K)->58224K(629120K) Eden: 559232K(559232K)->0K(559232K) From: 69887K(69888K)->58224K(69888K)
[423.184s][info][gc,heap        ] GC(618) Tenured: 1236978K(1398144K)->1269008K(1398144K)
[423.184s][info][gc,metaspace   ] GC(618) Metaspace: 22631K(22912K)->22631K(22912K) NonClass: 19833K(19968K)->19833K(19968K) Class: 2797K(2944K)->2797K(2944K)
[423.184s][info][gc             ] GC(618) Pause Young (Allocation Failure) 1822M->1296M(1979M) 293.977ms
[423.184s][info][gc,cpu         ] GC(618) User=0.27s Sys=0.00s Real=0.30s
[423.331s][info][gc,start       ] GC(619) Pause Young (Allocation Failure)
[423.774s][info][gc,heap        ] GC(619) DefNew: 617456K(629120K)->69888K(629120K) Eden: 559232K(559232K)->0K(559232K) From: 58224K(69888K)->69888K(69888K)
[423.774s][info][gc,heap        ] GC(619) Tenured: 1269008K(1398144K)->1325437K(1398144K)
[423.774s][info][gc,metaspace   ] GC(619) Metaspace: 22631K(22912K)->22631K(22912K) NonClass: 19833K(19968K)->19833K(19968K) Class: 2797K(2944K)->2797K(2944K)
[423.774s][info][gc             ] GC(619) Pause Young (Allocation Failure) 1842M->1362M(1979M) 442.651ms
[423.774s][info][gc,cpu         ] GC(619) User=0.42s Sys=0.00s Real=0.45s
[424.203s][info][gc,start       ] GC(620) Pause Young (Allocation Failure)
[424.203s][info][gc             ] GC(620) Pause Young (Allocation Failure) 1908M->1908M(1979M) 0.082ms
[424.203s][info][gc,cpu         ] GC(620) User=0.00s Sys=0.00s Real=0.00s
[424.203s][info][gc,start       ] GC(621) Pause Full (Allocation Failure)
[424.203s][info][gc,phases,start] GC(621) Phase 1: Mark live objects
[424.432s][info][gc,phases      ] GC(621) Phase 1: Mark live objects 228.562ms
[424.432s][info][gc,phases,start] GC(621) Phase 2: Compute new object addresses
[424.724s][info][gc,phases      ] GC(621) Phase 2: Compute new object addresses 292.385ms
[424.724s][info][gc,phases,start] GC(621) Phase 3: Adjust pointers
[424.856s][info][gc,phases      ] GC(621) Phase 3: Adjust pointers 131.424ms
[424.856s][info][gc,phases,start] GC(621) Phase 4: Move objects
[424.924s][info][gc,phases      ] GC(621) Phase 4: Move objects 68.126ms
[424.924s][info][gc,heap        ] GC(621) DefNew: 629120K(629120K)->0K(629120K) Eden: 559232K(559232K)->0K(559232K) From: 69888K(69888K)->0K(69888K)
[424.924s][info][gc,heap        ] GC(621) Tenured: 1325437K(1398144K)->196480K(1398144K)
[424.924s][info][gc,metaspace   ] GC(621) Metaspace: 22631K(22912K)->22631K(22912K) NonClass: 19833K(19968K)->19833K(19968K) Class: 2797K(2944K)->2797K(2944K)
[424.924s][info][gc             ] GC(621) Pause Full (Allocation Failure) 1908M->191M(1979M) 721.102ms
[424.924s][info][gc,cpu         ] GC(621) User=0.66s Sys=0.00s Real=0.72s
[425.126s][info][gc,start       ] GC(622) Pause Full (System.gc())
[425.126s][info][gc,phases,start] GC(622) Phase 1: Mark live objects
[425.275s][info][gc,phases      ] GC(622) Phase 1: Mark live objects 148.728ms
[425.275s][info][gc,phases,start] GC(622) Phase 2: Compute new object addresses
[425.316s][info][gc,phases      ] GC(622) Phase 2: Compute new object addresses 41.099ms
[425.316s][info][gc,phases,start] GC(622) Phase 3: Adjust pointers
[425.404s][info][gc,phases      ] GC(622) Phase 3: Adjust pointers 87.371ms
[425.404s][info][gc,phases,start] GC(622) Phase 4: Move objects
[425.435s][info][gc,phases      ] GC(622) Phase 4: Move objects 31.754ms
[425.436s][info][gc,heap        ] GC(622) DefNew: 77082K(629120K)->0K(629120K) Eden: 77082K(559232K)->0K(559232K) From: 0K(69888K)->0K(69888K)
[425.436s][info][gc,heap        ] GC(622) Tenured: 196480K(1398144K)->174330K(1398144K)
[425.436s][info][gc,metaspace   ] GC(622) Metaspace: 22631K(22912K)->22631K(22912K) NonClass: 19833K(19968K)->19833K(19968K) Class: 2797K(2944K)->2797K(2944K)
[425.436s][info][gc             ] GC(622) Pause Full (System.gc()) 267M->170M(1979M) 309.354ms
[425.436s][info][gc,cpu         ] GC(622) User=0.31s Sys=0.00s Real=0.31s
[425.597s][info][gc,start       ] GC(623) Pause Young (Allocation Failure)
[425.909s][info][gc,heap        ] GC(623) DefNew: 559232K(629120K)->69888K(629120K) Eden: 559232K(559232K)->0K(559232K) From: 0K(69888K)->69888K(69888K)
[425.909s][info][gc,heap        ] GC(623) Tenured: 174330K(1398144K)->179202K(1398144K)
[425.909s][info][gc,metaspace   ] GC(623) Metaspace: 22633K(22912K)->22633K(22912K) NonClass: 19835K(19968K)->19835K(19968K) Class: 2797K(2944K)->2797K(2944K)
[425.909s][info][gc             ] GC(623) Pause Young (Allocation Failure) 716M->243M(1979M) 312.334ms
[425.909s][info][gc,cpu         ] GC(623) User=0.31s Sys=0.00s Real=0.31s
[426.064s][info][gc,start       ] GC(624) Pause Young (Allocation Failure)
[426.550s][info][gc,heap        ] GC(624) DefNew: 629120K(629120K)->69888K(629120K) Eden: 559232K(559232K)->0K(559232K) From: 69888K(69888K)->69888K(69888K)
[426.550s][info][gc,heap        ] GC(624) Tenured: 179202K(1398144K)->246063K(1398144K)
[426.550s][info][gc,metaspace   ] GC(624) Metaspace: 22633K(22912K)->22633K(22912K) NonClass: 19835K(19968K)->19835K(19968K) Class: 2797K(2944K)->2797K(2944K)
[426.550s][info][gc             ] GC(624) Pause Young (Allocation Failure) 789M->308M(1979M) 485.995ms
[426.550s][info][gc,cpu         ] GC(624) User=0.44s Sys=0.00s Real=0.49s
[427.103s][info][gc,start       ] GC(625) Pause Young (Allocation Failure)
[427.415s][info][gc,heap        ] GC(625) DefNew: 629120K(629120K)->58972K(629120K) Eden: 559232K(559232K)->0K(559232K) From: 69888K(69888K)->58972K(69888K)
[427.415s][info][gc,heap        ] GC(625) Tenured: 246063K(1398144K)->284355K(1398144K)
[427.415s][info][gc,metaspace   ] GC(625) Metaspace: 22633K(22912K)->22633K(22912K) NonClass: 19835K(19968K)->19835K(19968K) Class: 2797K(2944K)->2797K(2944K)
[427.415s][info][gc             ] GC(625) Pause Young (Allocation Failure) 854M->335M(1979M) 311.714ms
[427.415s][info][gc,cpu         ] GC(625) User=0.28s Sys=0.00s Real=0.31s
[427.559s][info][gc,start       ] GC(626) Pause Young (Allocation Failure)
[427.997s][info][gc,heap        ] GC(626) DefNew: 618204K(629120K)->69888K(629120K) Eden: 559232K(559232K)->0K(559232K) From: 58972K(69888K)->69888K(69888K)
[427.997s][info][gc,heap        ] GC(626) Tenured: 284355K(1398144K)->342111K(1398144K)
[427.997s][info][gc,metaspace   ] GC(626) Metaspace: 22633K(22912K)->22633K(22912K) NonClass: 19835K(19968K)->19835K(19968K) Class: 2797K(2944K)->2797K(2944K)
[427.997s][info][gc             ] GC(626) Pause Young (Allocation Failure) 881M->402M(1979M) 438.331ms
[427.997s][info][gc,cpu         ] GC(626) User=0.44s Sys=0.00s Real=0.44s
[428.374s][info][gc,start       ] GC(627) Pause Young (Allocation Failure)
[428.691s][info][gc,heap        ] GC(627) DefNew: 629120K(629120K)->64744K(629120K) Eden: 559232K(559232K)->0K(559232K) From: 69888K(69888K)->64744K(69888K)
[428.691s][info][gc,heap        ] GC(627) Tenured: 342111K(1398144K)->380397K(1398144K)
[428.691s][info][gc,metaspace   ] GC(627) Metaspace: 22633K(22912K)->22633K(22912K) NonClass: 19835K(19968K)->19835K(19968K) Class: 2797K(2944K)->2797K(2944K)
[428.691s][info][gc             ] GC(627) Pause Young (Allocation Failure) 948M->434M(1979M) 316.265ms
[428.691s][info][gc,cpu         ] GC(627) User=0.30s Sys=0.00s Real=0.32s
[429.012s][info][gc,start       ] GC(628) Pause Young (Allocation Failure)
[429.322s][info][gc,heap        ] GC(628) DefNew: 623976K(629120K)->68598K(629120K) Eden: 559232K(559232K)->0K(559232K) From: 64744K(69888K)->68598K(69888K)
[429.322s][info][gc,heap        ] GC(628) Tenured: 380397K(1398144K)->415816K(1398144K)
[429.322s][info][gc,metaspace   ] GC(628) Metaspace: 22633K(22912K)->22633K(22912K) NonClass: 19835K(19968K)->19835K(19968K) Class: 2797K(2944K)->2797K(2944K)
[429.322s][info][gc             ] GC(628) Pause Young (Allocation Failure) 980M->473M(1979M) 310.284ms
[429.322s][info][gc,cpu         ] GC(628) User=0.28s Sys=0.00s Real=0.31s
[429.469s][info][gc,start       ] GC(629) Pause Young (Allocation Failure)
[429.958s][info][gc,heap        ] GC(629) DefNew: 627830K(629120K)->69888K(629120K) Eden: 559232K(559232K)->0K(559232K) From: 68598K(69888K)->69888K(69888K)
[429.958s][info][gc,heap        ] GC(629) Tenured: 415816K(1398144K)->485236K(1398144K)
[429.958s][info][gc,metaspace   ] GC(629) Metaspace: 22633K(22912K)->22633K(22912K) NonClass: 19835K(19968K)->19835K(19968K) Class: 2797K(2944K)->2797K(2944K)
[429.958s][info][gc             ] GC(629) Pause Young (Allocation Failure) 1019M->542M(1979M) 489.006ms
[429.958s][info][gc,cpu         ] GC(629) User=0.47s Sys=0.00s Real=0.49s
[430.547s][info][gc,start       ] GC(630) Pause Young (Allocation Failure)
[430.834s][info][gc,heap        ] GC(630) DefNew: 629120K(629120K)->52109K(629120K) Eden: 559232K(559232K)->0K(559232K) From: 69888K(69888K)->52109K(69888K)
[430.834s][info][gc,heap        ] GC(630) Tenured: 485236K(1398144K)->521086K(1398144K)
[430.834s][info][gc,metaspace   ] GC(630) Metaspace: 22633K(22912K)->22633K(22912K) NonClass: 19835K(19968K)->19835K(19968K) Class: 2797K(2944K)->2797K(2944K)
[430.834s][info][gc             ] GC(630) Pause Young (Allocation Failure) 1088M->559M(1979M) 287.225ms
[430.834s][info][gc,cpu         ] GC(630) User=0.28s Sys=0.00s Real=0.28s
[430.979s][info][gc,start       ] GC(631) Pause Young (Allocation Failure)
[431.386s][info][gc,heap        ] GC(631) DefNew: 611341K(629120K)->69888K(629120K) Eden: 559232K(559232K)->0K(559232K) From: 52109K(69888K)->69888K(69888K)
[431.386s][info][gc,heap        ] GC(631) Tenured: 521086K(1398144K)->569632K(1398144K)
[431.386s][info][gc,metaspace   ] GC(631) Metaspace: 22633K(22912K)->22633K(22912K) NonClass: 19835K(19968K)->19835K(19968K) Class: 2797K(2944K)->2797K(2944K)
[431.386s][info][gc             ] GC(631) Pause Young (Allocation Failure) 1105M->624M(1979M) 406.407ms
[431.386s][info][gc,cpu         ] GC(631) User=0.36s Sys=0.00s Real=0.41s
[431.608s][info][gc,start       ] GC(632) Pause Young (Allocation Failure)
[432.069s][info][gc,heap        ] GC(632) DefNew: 629053K(629120K)->69887K(629120K) Eden: 559165K(559232K)->0K(559232K) From: 69888K(69888K)->69887K(69888K)
[432.070s][info][gc,heap        ] GC(632) Tenured: 569632K(1398144K)->621143K(1398144K)
[432.070s][info][gc,metaspace   ] GC(632) Metaspace: 22633K(22912K)->22633K(22912K) NonClass: 19835K(19968K)->19835K(19968K) Class: 2797K(2944K)->2797K(2944K)
[432.070s][info][gc             ] GC(632) Pause Young (Allocation Failure) 1170M->674M(1979M) 461.602ms
[432.070s][info][gc,cpu         ] GC(632) User=0.44s Sys=0.00s Real=0.45s
[432.529s][info][gc,start       ] GC(633) Pause Young (Allocation Failure)
[432.836s][info][gc,heap        ] GC(633) DefNew: 629119K(629120K)->58774K(629120K) Eden: 559232K(559232K)->0K(559232K) From: 69887K(69888K)->58774K(69888K)
[432.836s][info][gc,heap        ] GC(633) Tenured: 621143K(1398144K)->654659K(1398144K)
[432.836s][info][gc,metaspace   ] GC(633) Metaspace: 22633K(22912K)->22633K(22912K) NonClass: 19835K(19968K)->19835K(19968K) Class: 2797K(2944K)->2797K(2944K)
[432.836s][info][gc             ] GC(633) Pause Young (Allocation Failure) 1220M->696M(1979M) 306.934ms
[432.836s][info][gc,cpu         ] GC(633) User=0.30s Sys=0.00s Real=0.30s
[432.990s][info][gc,start       ] GC(634) Pause Young (Allocation Failure)
[433.445s][info][gc,heap        ] GC(634) DefNew: 618006K(629120K)->69888K(629120K) Eden: 559232K(559232K)->0K(559232K) From: 58774K(69888K)->69888K(69888K)
[433.446s][info][gc,heap        ] GC(634) Tenured: 654659K(1398144K)->713884K(1398144K)
[433.446s][info][gc,metaspace   ] GC(634) Metaspace: 22633K(22912K)->22633K(22912K) NonClass: 19835K(19968K)->19835K(19968K) Class: 2797K(2944K)->2797K(2944K)
[433.446s][info][gc             ] GC(634) Pause Young (Allocation Failure) 1242M->765M(1979M) 455.648ms
[433.446s][info][gc,cpu         ] GC(634) User=0.44s Sys=0.00s Real=0.44s
[433.960s][info][gc,start       ] GC(635) Pause Young (Allocation Failure)
[434.212s][info][gc,heap        ] GC(635) DefNew: 629120K(629120K)->45322K(629120K) Eden: 559232K(559232K)->0K(559232K) From: 69888K(69888K)->45322K(69888K)
[434.212s][info][gc,heap        ] GC(635) Tenured: 713884K(1398144K)->748251K(1398144K)
[434.212s][info][gc,metaspace   ] GC(635) Metaspace: 22633K(22912K)->22633K(22912K) NonClass: 19835K(19968K)->19835K(19968K) Class: 2797K(2944K)->2797K(2944K)
[434.212s][info][gc             ] GC(635) Pause Young (Allocation Failure) 1311M->774M(1979M) 251.844ms
[434.212s][info][gc,cpu         ] GC(635) User=0.25s Sys=0.00s Real=0.25s
[434.398s][info][gc,start       ] GC(636) Pause Young (Allocation Failure)
[434.775s][info][gc,heap        ] GC(636) DefNew: 604554K(629120K)->69887K(629120K) Eden: 559232K(559232K)->0K(559232K) From: 45322K(69888K)->69887K(69888K)
[434.775s][info][gc,heap        ] GC(636) Tenured: 748251K(1398144K)->790617K(1398144K)
[434.775s][info][gc,metaspace   ] GC(636) Metaspace: 22633K(22912K)->22633K(22912K) NonClass: 19835K(19968K)->19835K(19968K) Class: 2797K(2944K)->2797K(2944K)
[434.775s][info][gc             ] GC(636) Pause Young (Allocation Failure) 1321M->840M(1979M) 376.768ms
[434.775s][info][gc,cpu         ] GC(636) User=0.33s Sys=0.00s Real=0.37s
[434.927s][info][gc,start       ] GC(637) Pause Young (Allocation Failure)
[435.410s][info][gc,heap        ] GC(637) DefNew: 629119K(629120K)->69888K(629120K) Eden: 559232K(559232K)->0K(559232K) From: 69887K(69888K)->69888K(69888K)
[435.410s][info][gc,heap        ] GC(637) Tenured: 790617K(1398144K)->857187K(1398144K)
[435.410s][info][gc,metaspace   ] GC(637) Metaspace: 22633K(22912K)->22633K(22912K) NonClass: 19835K(19968K)->19835K(19968K) Class: 2797K(2944K)->2797K(2944K)
[435.410s][info][gc             ] GC(637) Pause Young (Allocation Failure) 1386M->905M(1979M) 482.956ms
[435.410s][info][gc,cpu         ] GC(637) User=0.45s Sys=0.00s Real=0.49s
[435.964s][info][gc,start       ] GC(638) Pause Young (Allocation Failure)
[436.245s][info][gc,heap        ] GC(638) DefNew: 629120K(629120K)->52912K(629120K) Eden: 559232K(559232K)->0K(559232K) From: 69888K(69888K)->52912K(69888K)
[436.245s][info][gc,heap        ] GC(638) Tenured: 857187K(1398144K)->892724K(1398144K)
[436.245s][info][gc,metaspace   ] GC(638) Metaspace: 22633K(22912K)->22633K(22912K) NonClass: 19835K(19968K)->19835K(19968K) Class: 2797K(2944K)->2797K(2944K)
[436.245s][info][gc             ] GC(638) Pause Young (Allocation Failure) 1451M->923M(1979M) 280.802ms
[436.245s][info][gc,cpu         ] GC(638) User=0.27s Sys=0.00s Real=0.28s
[436.379s][info][gc,start       ] GC(639) Pause Young (Allocation Failure)
[436.784s][info][gc,heap        ] GC(639) DefNew: 612144K(629120K)->69888K(629120K) Eden: 559232K(559232K)->0K(559232K) From: 52912K(69888K)->69888K(69888K)
[436.784s][info][gc,heap        ] GC(639) Tenured: 892724K(1398144K)->938654K(1398144K)
[436.784s][info][gc,metaspace   ] GC(639) Metaspace: 22633K(22912K)->22633K(22912K) NonClass: 19835K(19968K)->19835K(19968K) Class: 2797K(2944K)->2797K(2944K)
[436.784s][info][gc             ] GC(639) Pause Young (Allocation Failure) 1469M->984M(1979M) 404.188ms
[436.784s][info][gc,cpu         ] GC(639) User=0.36s Sys=0.00s Real=0.41s
[437.018s][info][gc,start       ] GC(640) Pause Young (Allocation Failure)
[437.466s][info][gc,heap        ] GC(640) DefNew: 629120K(629120K)->69887K(629120K) Eden: 559232K(559232K)->0K(559232K) From: 69888K(69888K)->69887K(69888K)
[437.466s][info][gc,heap        ] GC(640) Tenured: 938654K(1398144K)->992289K(1398144K)
[437.466s][info][gc,metaspace   ] GC(640) Metaspace: 22633K(22912K)->22633K(22912K) NonClass: 19835K(19968K)->19835K(19968K) Class: 2797K(2944K)->2797K(2944K)
[437.466s][info][gc             ] GC(640) Pause Young (Allocation Failure) 1531M->1037M(1979M) 447.918ms
[437.466s][info][gc,cpu         ] GC(640) User=0.45s Sys=0.00s Real=0.44s
[438.015s][info][gc,start       ] GC(641) Pause Young (Allocation Failure)
[438.329s][info][gc,heap        ] GC(641) DefNew: 629119K(629120K)->60372K(629120K) Eden: 559232K(559232K)->0K(559232K) From: 69887K(69888K)->60372K(69888K)
[438.329s][info][gc,heap        ] GC(641) Tenured: 992289K(1398144K)->1025328K(1398144K)
[438.329s][info][gc,metaspace   ] GC(641) Metaspace: 22633K(22912K)->22633K(22912K) NonClass: 19835K(19968K)->19835K(19968K) Class: 2797K(2944K)->2797K(2944K)
[438.329s][info][gc             ] GC(641) Pause Young (Allocation Failure) 1583M->1060M(1979M) 313.612ms
[438.329s][info][gc,cpu         ] GC(641) User=0.27s Sys=0.00s Real=0.31s
[438.475s][info][gc,start       ] GC(642) Pause Young (Allocation Failure)
[438.932s][info][gc,heap        ] GC(642) DefNew: 619604K(629120K)->69887K(629120K) Eden: 559232K(559232K)->0K(559232K) From: 60372K(69888K)->69887K(69888K)
[438.932s][info][gc,heap        ] GC(642) Tenured: 1025328K(1398144K)->1082808K(1398144K)
[438.932s][info][gc,metaspace   ] GC(642) Metaspace: 22633K(22912K)->22633K(22912K) NonClass: 19835K(19968K)->19835K(19968K) Class: 2797K(2944K)->2797K(2944K)
[438.932s][info][gc             ] GC(642) Pause Young (Allocation Failure) 1606M->1125M(1979M) 457.394ms
[438.932s][info][gc,cpu         ] GC(642) User=0.44s Sys=0.00s Real=0.46s
[439.403s][info][gc,start       ] GC(643) Pause Young (Allocation Failure)
[439.688s][info][gc,heap        ] GC(643) DefNew: 629119K(629120K)->56863K(629120K) Eden: 559232K(559232K)->0K(559232K) From: 69887K(69888K)->56863K(69888K)
[439.688s][info][gc,heap        ] GC(643) Tenured: 1082808K(1398144K)->1117525K(1398144K)
[439.688s][info][gc,metaspace   ] GC(643) Metaspace: 22633K(22912K)->22633K(22912K) NonClass: 19835K(19968K)->19835K(19968K) Class: 2797K(2944K)->2797K(2944K)
[439.688s][info][gc             ] GC(643) Pause Young (Allocation Failure) 1671M->1146M(1979M) 285.431ms
[439.688s][info][gc,cpu         ] GC(643) User=0.20s Sys=0.00s Real=0.28s
[439.954s][info][gc,start       ] GC(644) Pause Young (Allocation Failure)
[440.281s][info][gc,heap        ] GC(644) DefNew: 616095K(629120K)->69887K(629120K) Eden: 559232K(559232K)->0K(559232K) From: 56863K(69888K)->69887K(69888K)
[440.281s][info][gc,heap        ] GC(644) Tenured: 1117525K(1398144K)->1154034K(1398144K)
[440.281s][info][gc,metaspace   ] GC(644) Metaspace: 22633K(22912K)->22633K(22912K) NonClass: 19835K(19968K)->19835K(19968K) Class: 2797K(2944K)->2797K(2944K)
[440.281s][info][gc             ] GC(644) Pause Young (Allocation Failure) 1692M->1195M(1979M) 326.680ms
[440.281s][info][gc,cpu         ] GC(644) User=0.31s Sys=0.00s Real=0.31s
[440.426s][info][gc,start       ] GC(645) Pause Young (Allocation Failure)
[440.897s][info][gc,heap        ] GC(645) DefNew: 629119K(629120K)->69887K(629120K) Eden: 559232K(559232K)->0K(559232K) From: 69887K(69888K)->69887K(69888K)
[440.897s][info][gc,heap        ] GC(645) Tenured: 1154034K(1398144K)->1219382K(1398144K)
[440.897s][info][gc,metaspace   ] GC(645) Metaspace: 22633K(22912K)->22633K(22912K) NonClass: 19835K(19968K)->19835K(19968K) Class: 2797K(2944K)->2797K(2944K)
[440.897s][info][gc             ] GC(645) Pause Young (Allocation Failure) 1741M->1259M(1979M) 471.364ms
[440.897s][info][gc,cpu         ] GC(645) User=0.47s Sys=0.00s Real=0.47s
[441.456s][info][gc,start       ] GC(646) Pause Young (Allocation Failure)
[441.746s][info][gc,heap        ] GC(646) DefNew: 629119K(629120K)->51830K(629120K) Eden: 559232K(559232K)->0K(559232K) From: 69887K(69888K)->51830K(69888K)
[441.746s][info][gc,heap        ] GC(646) Tenured: 1219382K(1398144K)->1254064K(1398144K)
[441.746s][info][gc,metaspace   ] GC(646) Metaspace: 22634K(22912K)->22634K(22912K) NonClass: 19836K(19968K)->19836K(19968K) Class: 2797K(2944K)->2797K(2944K)
[441.746s][info][gc             ] GC(646) Pause Young (Allocation Failure) 1805M->1275M(1979M) 289.392ms
[441.746s][info][gc,cpu         ] GC(646) User=0.25s Sys=0.00s Real=0.30s
[441.891s][info][gc,start       ] GC(647) Pause Young (Allocation Failure)
[442.318s][info][gc,heap        ] GC(647) DefNew: 611062K(629120K)->69888K(629120K) Eden: 559232K(559232K)->0K(559232K) From: 51830K(69888K)->69888K(69888K)
[442.318s][info][gc,heap        ] GC(647) Tenured: 1254064K(1398144K)->1304587K(1398144K)
[442.318s][info][gc,metaspace   ] GC(647) Metaspace: 22634K(22912K)->22634K(22912K) NonClass: 19836K(19968K)->19836K(19968K) Class: 2797K(2944K)->2797K(2944K)
[442.318s][info][gc             ] GC(647) Pause Young (Allocation Failure) 1821M->1342M(1979M) 427.612ms
[442.318s][info][gc,cpu         ] GC(647) User=0.30s Sys=0.02s Real=0.43s
[442.522s][info][gc,start       ] GC(648) Pause Young (Allocation Failure)
[442.976s][info][gc,heap        ] GC(648) DefNew: 629120K(629120K)->69888K(629120K) Eden: 559232K(559232K)->0K(559232K) From: 69888K(69888K)->69888K(69888K)
[442.976s][info][gc,heap        ] GC(648) Tenured: 1304587K(1398144K)->1358391K(1398144K)
[442.976s][info][gc,metaspace   ] GC(648) Metaspace: 22634K(22912K)->22634K(22912K) NonClass: 19836K(19968K)->19836K(19968K) Class: 2797K(2944K)->2797K(2944K)
[442.976s][info][gc             ] GC(648) Pause Young (Allocation Failure) 1888M->1394M(1979M) 453.844ms
[442.976s][info][gc,cpu         ] GC(648) User=0.42s Sys=0.00s Real=0.45s
[443.380s][info][gc,start       ] GC(649) Pause Full (System.gc())
[443.380s][info][gc,phases,start] GC(649) Phase 1: Mark live objects
[443.571s][info][gc,phases      ] GC(649) Phase 1: Mark live objects 190.416ms
[443.571s][info][gc,phases,start] GC(649) Phase 2: Compute new object addresses
[443.818s][info][gc,phases      ] GC(649) Phase 2: Compute new object addresses 247.261ms
[443.818s][info][gc,phases,start] GC(649) Phase 3: Adjust pointers
[443.907s][info][gc,phases      ] GC(649) Phase 3: Adjust pointers 88.775ms
[443.907s][info][gc,phases,start] GC(649) Phase 4: Move objects
[443.944s][info][gc,phases      ] GC(649) Phase 4: Move objects 37.134ms
[443.944s][info][gc,heap        ] GC(649) DefNew: 325678K(629120K)->0K(629120K) Eden: 255790K(559232K)->0K(559232K) From: 69888K(69888K)->0K(69888K)
[443.944s][info][gc,heap        ] GC(649) Tenured: 1358391K(1398144K)->104941K(1398144K)
[443.944s][info][gc,metaspace   ] GC(649) Metaspace: 22634K(22912K)->22634K(22912K) NonClass: 19836K(19968K)->19836K(19968K) Class: 2797K(2944K)->2797K(2944K)
[443.944s][info][gc             ] GC(649) Pause Full (System.gc()) 1644M->102M(1979M) 564.263ms
[443.944s][info][gc,cpu         ] GC(649) User=0.53s Sys=0.00s Real=0.57s
[444.107s][info][gc,start       ] GC(650) Pause Young (Allocation Failure)
[444.416s][info][gc,heap        ] GC(650) DefNew: 559232K(629120K)->69888K(629120K) Eden: 559232K(559232K)->0K(559232K) From: 0K(69888K)->69888K(69888K)
[444.416s][info][gc,heap        ] GC(650) Tenured: 104941K(1398144K)->110790K(1398144K)
[444.416s][info][gc,metaspace   ] GC(650) Metaspace: 22634K(22912K)->22634K(22912K) NonClass: 19836K(19968K)->19836K(19968K) Class: 2797K(2944K)->2797K(2944K)
[444.416s][info][gc             ] GC(650) Pause Young (Allocation Failure) 648M->176M(1979M) 309.284ms
[444.416s][info][gc,cpu         ] GC(650) User=0.31s Sys=0.00s Real=0.31s
[444.557s][info][gc,start       ] GC(651) Pause Young (Allocation Failure)
[445.044s][info][gc,heap        ] GC(651) DefNew: 629120K(629120K)->69887K(629120K) Eden: 559232K(559232K)->0K(559232K) From: 69888K(69888K)->69887K(69888K)
[445.044s][info][gc,heap        ] GC(651) Tenured: 110790K(1398144K)->177001K(1398144K)
[445.044s][info][gc,metaspace   ] GC(651) Metaspace: 22634K(22912K)->22634K(22912K) NonClass: 19836K(19968K)->19836K(19968K) Class: 2797K(2944K)->2797K(2944K)
[445.044s][info][gc             ] GC(651) Pause Young (Allocation Failure) 722M->241M(1979M) 487.590ms
[445.044s][info][gc,cpu         ] GC(651) User=0.48s Sys=0.00s Real=0.50s
[445.608s][info][gc,start       ] GC(652) Pause Young (Allocation Failure)
[445.921s][info][gc,heap        ] GC(652) DefNew: 629119K(629120K)->63974K(629120K) Eden: 559232K(559232K)->0K(559232K) From: 69887K(69888K)->63974K(69888K)
[445.921s][info][gc,heap        ] GC(652) Tenured: 177001K(1398144K)->210592K(1398144K)
[445.921s][info][gc,metaspace   ] GC(652) Metaspace: 22634K(22912K)->22634K(22912K) NonClass: 19836K(19968K)->19836K(19968K) Class: 2797K(2944K)->2797K(2944K)
[445.921s][info][gc             ] GC(652) Pause Young (Allocation Failure) 787M->268M(1979M) 313.794ms
[445.921s][info][gc,cpu         ] GC(652) User=0.28s Sys=0.00s Real=0.31s
[446.062s][info][gc,start       ] GC(653) Pause Young (Allocation Failure)
[446.496s][info][gc,heap        ] GC(653) DefNew: 623206K(629120K)->69887K(629120K) Eden: 559232K(559232K)->0K(559232K) From: 63974K(69888K)->69887K(69888K)
[446.496s][info][gc,heap        ] GC(653) Tenured: 210592K(1398144K)->271003K(1398144K)
[446.496s][info][gc,metaspace   ] GC(653) Metaspace: 22634K(22912K)->22634K(22912K) NonClass: 19836K(19968K)->19836K(19968K) Class: 2797K(2944K)->2797K(2944K)
[446.496s][info][gc             ] GC(653) Pause Young (Allocation Failure) 814M->332M(1979M) 433.780ms
[446.496s][info][gc,cpu         ] GC(653) User=0.44s Sys=0.00s Real=0.44s
[446.886s][info][gc,start       ] GC(654) Pause Young (Allocation Failure)
[447.182s][info][gc,heap        ] GC(654) DefNew: 629119K(629120K)->61037K(629120K) Eden: 559232K(559232K)->0K(559232K) From: 69887K(69888K)->61037K(69888K)
[447.182s][info][gc,heap        ] GC(654) Tenured: 271003K(1398144K)->305734K(1398144K)
[447.182s][info][gc,metaspace   ] GC(654) Metaspace: 22634K(22912K)->22634K(22912K) NonClass: 19836K(19968K)->19836K(19968K) Class: 2797K(2944K)->2797K(2944K)
[447.182s][info][gc             ] GC(654) Pause Young (Allocation Failure) 879M->358M(1979M) 296.927ms
[447.182s][info][gc,cpu         ] GC(654) User=0.28s Sys=0.00s Real=0.30s
[447.453s][info][gc,start       ] GC(655) Pause Young (Allocation Failure)
[447.764s][info][gc,heap        ] GC(655) DefNew: 620269K(629120K)->63054K(629120K) Eden: 559232K(559232K)->0K(559232K) From: 61037K(69888K)->63054K(69888K)
[447.764s][info][gc,heap        ] GC(655) Tenured: 305734K(1398144K)->341399K(1398144K)
[447.764s][info][gc,metaspace   ] GC(655) Metaspace: 22636K(22912K)->22636K(22912K) NonClass: 19838K(19968K)->19838K(19968K) Class: 2797K(2944K)->2797K(2944K)
[447.764s][info][gc             ] GC(655) Pause Young (Allocation Failure) 904M->394M(1979M) 311.234ms
[447.764s][info][gc,cpu         ] GC(655) User=0.31s Sys=0.00s Real=0.31s
[447.898s][info][gc,start       ] GC(656) Pause Young (Allocation Failure)
[448.341s][info][gc,heap        ] GC(656) DefNew: 622286K(629120K)->69887K(629120K) Eden: 559232K(559232K)->0K(559232K) From: 63054K(69888K)->69887K(69888K)
[448.341s][info][gc,heap        ] GC(656) Tenured: 341399K(1398144K)->398391K(1398144K)
[448.341s][info][gc,metaspace   ] GC(656) Metaspace: 22636K(22912K)->22636K(22912K) NonClass: 19838K(19968K)->19838K(19968K) Class: 2797K(2944K)->2797K(2944K)
[448.341s][info][gc             ] GC(656) Pause Young (Allocation Failure) 941M->457M(1979M) 443.061ms
[448.341s][info][gc,cpu         ] GC(656) User=0.38s Sys=0.00s Real=0.46s
[449.041s][info][gc,start       ] GC(657) Pause Young (Allocation Failure)
[449.277s][info][gc,heap        ] GC(657) DefNew: 629119K(629120K)->38054K(629120K) Eden: 559232K(559232K)->0K(559232K) From: 69887K(69888K)->38054K(69888K)
[449.277s][info][gc,heap        ] GC(657) Tenured: 398391K(1398144K)->430458K(1398144K)
[449.277s][info][gc,metaspace   ] GC(657) Metaspace: 22636K(22912K)->22636K(22912K) NonClass: 19838K(19968K)->19838K(19968K) Class: 2797K(2944K)->2797K(2944K)
[449.277s][info][gc             ] GC(657) Pause Young (Allocation Failure) 1003M->457M(1979M) 235.212ms
[449.277s][info][gc,cpu         ] GC(657) User=0.22s Sys=0.00s Real=0.23s
[449.473s][info][gc,start       ] GC(658) Pause Young (Allocation Failure)
[449.833s][info][gc,heap        ] GC(658) DefNew: 597286K(629120K)->68885K(629120K) Eden: 559232K(559232K)->0K(559232K) From: 38054K(69888K)->68885K(69888K)
[449.833s][info][gc,heap        ] GC(658) Tenured: 430458K(1398144K)->465739K(1398144K)
[449.833s][info][gc,metaspace   ] GC(658) Metaspace: 22636K(22912K)->22636K(22912K) NonClass: 19838K(19968K)->19838K(19968K) Class: 2797K(2944K)->2797K(2944K)
[449.833s][info][gc             ] GC(658) Pause Young (Allocation Failure) 1003M->522M(1979M) 360.186ms
[449.833s][info][gc,cpu         ] GC(658) User=0.33s Sys=0.00s Real=0.37s
[449.982s][info][gc,start       ] GC(659) Pause Young (Allocation Failure)
[450.449s][info][gc,heap        ] GC(659) DefNew: 628117K(629120K)->69888K(629120K) Eden: 559232K(559232K)->0K(559232K) From: 68885K(69888K)->69888K(69888K)
[450.450s][info][gc,heap        ] GC(659) Tenured: 465739K(1398144K)->527301K(1398144K)
[450.450s][info][gc,metaspace   ] GC(659) Metaspace: 22636K(22912K)->22636K(22912K) NonClass: 19838K(19968K)->19838K(19968K) Class: 2797K(2944K)->2797K(2944K)
[450.450s][info][gc             ] GC(659) Pause Young (Allocation Failure) 1068M->583M(1979M) 467.243ms
[450.450s][info][gc,cpu         ] GC(659) User=0.47s Sys=0.00s Real=0.46s
[451.055s][info][gc,start       ] GC(660) Pause Young (Allocation Failure)
[451.374s][info][gc,heap        ] GC(660) DefNew: 629120K(629120K)->60359K(629120K) Eden: 559232K(559232K)->0K(559232K) From: 69888K(69888K)->60359K(69888K)
[451.374s][info][gc,heap        ] GC(660) Tenured: 527301K(1398144K)->562411K(1398144K)
[451.374s][info][gc,metaspace   ] GC(660) Metaspace: 22636K(22912K)->22636K(22912K) NonClass: 19838K(19968K)->19838K(19968K) Class: 2797K(2944K)->2797K(2944K)
[451.374s][info][gc             ] GC(660) Pause Young (Allocation Failure) 1129M->608M(1979M) 319.067ms
[451.374s][info][gc,cpu         ] GC(660) User=0.23s Sys=0.00s Real=0.32s
[451.529s][info][gc,start       ] GC(661) Pause Young (Allocation Failure)
[451.983s][info][gc,heap        ] GC(661) DefNew: 619591K(629120K)->69887K(629120K) Eden: 559232K(559232K)->0K(559232K) From: 60359K(69888K)->69887K(69888K)
[451.983s][info][gc,heap        ] GC(661) Tenured: 562411K(1398144K)->623502K(1398144K)
[451.983s][info][gc,metaspace   ] GC(661) Metaspace: 22636K(22912K)->22636K(22912K) NonClass: 19838K(19968K)->19838K(19968K) Class: 2797K(2944K)->2797K(2944K)
[451.983s][info][gc             ] GC(661) Pause Young (Allocation Failure) 1154M->677M(1979M) 453.962ms
[451.983s][info][gc,cpu         ] GC(661) User=0.47s Sys=0.00s Real=0.46s
[452.357s][info][gc,start       ] GC(662) Pause Young (Allocation Failure)
[452.681s][info][gc,heap        ] GC(662) DefNew: 629119K(629120K)->64289K(629120K) Eden: 559232K(559232K)->0K(559232K) From: 69887K(69888K)->64289K(69888K)
[452.681s][info][gc,heap        ] GC(662) Tenured: 623502K(1398144K)->663316K(1398144K)
[452.681s][info][gc,metaspace   ] GC(662) Metaspace: 22636K(22912K)->22636K(22912K) NonClass: 19838K(19968K)->19838K(19968K) Class: 2797K(2944K)->2797K(2944K)
[452.681s][info][gc             ] GC(662) Pause Young (Allocation Failure) 1223M->710M(1979M) 323.661ms
[452.681s][info][gc,cpu         ] GC(662) User=0.31s Sys=0.00s Real=0.31s
[453.042s][info][gc,start       ] GC(663) Pause Young (Allocation Failure)
[453.387s][info][gc,heap        ] GC(663) DefNew: 623521K(629120K)->69887K(629120K) Eden: 559232K(559232K)->0K(559232K) From: 64289K(69888K)->69887K(69888K)
[453.387s][info][gc,heap        ] GC(663) Tenured: 663316K(1398144K)->704487K(1398144K)
[453.387s][info][gc,metaspace   ] GC(663) Metaspace: 22636K(22912K)->22636K(22912K) NonClass: 19838K(19968K)->19838K(19968K) Class: 2797K(2944K)->2797K(2944K)
[453.387s][info][gc             ] GC(663) Pause Young (Allocation Failure) 1256M->756M(1979M) 345.545ms
[453.387s][info][gc,cpu         ] GC(663) User=0.33s Sys=0.00s Real=0.35s
[453.533s][info][gc,start       ] GC(664) Pause Young (Allocation Failure)
[454.007s][info][gc,heap        ] GC(664) DefNew: 629119K(629120K)->69888K(629120K) Eden: 559232K(559232K)->0K(559232K) From: 69887K(69888K)->69888K(69888K)
[454.007s][info][gc,heap        ] GC(664) Tenured: 704487K(1398144K)->768374K(1398144K)
[454.007s][info][gc,metaspace   ] GC(664) Metaspace: 22636K(22912K)->22636K(22912K) NonClass: 19838K(19968K)->19838K(19968K) Class: 2797K(2944K)->2797K(2944K)
[454.007s][info][gc             ] GC(664) Pause Young (Allocation Failure) 1302M->818M(1979M) 473.753ms
[454.007s][info][gc,cpu         ] GC(664) User=0.47s Sys=0.00s Real=0.49s
[454.583s][info][gc,start       ] GC(665) Pause Young (Allocation Failure)
[454.870s][info][gc,heap        ] GC(665) DefNew: 629120K(629120K)->52325K(629120K) Eden: 559232K(559232K)->0K(559232K) From: 69888K(69888K)->52325K(69888K)
[454.870s][info][gc,heap        ] GC(665) Tenured: 768374K(1398144K)->803800K(1398144K)
[454.870s][info][gc,metaspace   ] GC(665) Metaspace: 22639K(22912K)->22639K(22912K) NonClass: 19841K(19968K)->19841K(19968K) Class: 2797K(2944K)->2797K(2944K)
[454.870s][info][gc             ] GC(665) Pause Young (Allocation Failure) 1364M->836M(1979M) 287.626ms
[454.870s][info][gc,cpu         ] GC(665) User=0.31s Sys=0.00s Real=0.28s
[455.016s][info][gc,start       ] GC(666) Pause Young (Allocation Failure)
[455.435s][info][gc,heap        ] GC(666) DefNew: 611557K(629120K)->69888K(629120K) Eden: 559232K(559232K)->0K(559232K) From: 52325K(69888K)->69888K(69888K)
[455.435s][info][gc,heap        ] GC(666) Tenured: 803800K(1398144K)->852193K(1398144K)
[455.435s][info][gc,metaspace   ] GC(666) Metaspace: 22639K(22912K)->22639K(22912K) NonClass: 19841K(19968K)->19841K(19968K) Class: 2797K(2944K)->2797K(2944K)
[455.435s][info][gc             ] GC(666) Pause Young (Allocation Failure) 1382M->900M(1979M) 418.800ms
[455.435s][info][gc,cpu         ] GC(666) User=0.39s Sys=0.00s Real=0.41s
[455.643s][info][gc,start       ] GC(667) Pause Young (Allocation Failure)
[456.104s][info][gc,heap        ] GC(667) DefNew: 629120K(629120K)->69887K(629120K) Eden: 559232K(559232K)->0K(559232K) From: 69888K(69888K)->69887K(69888K)
[456.104s][info][gc,heap        ] GC(667) Tenured: 852193K(1398144K)->905288K(1398144K)
[456.104s][info][gc,metaspace   ] GC(667) Metaspace: 22639K(22912K)->22639K(22912K) NonClass: 19841K(19968K)->19841K(19968K) Class: 2797K(2944K)->2797K(2944K)
[456.104s][info][gc             ] GC(667) Pause Young (Allocation Failure) 1446M->952M(1979M) 461.479ms
[456.104s][info][gc,cpu         ] GC(667) User=0.44s Sys=0.00s Real=0.45s
[456.620s][info][gc,start       ] GC(668) Pause Young (Allocation Failure)
[456.941s][info][gc,heap        ] GC(668) DefNew: 629119K(629120K)->66862K(629120K) Eden: 559232K(559232K)->0K(559232K) From: 69887K(69888K)->66862K(69888K)
[456.941s][info][gc,heap        ] GC(668) Tenured: 905288K(1398144K)->938781K(1398144K)
[456.941s][info][gc,metaspace   ] GC(668) Metaspace: 22642K(22976K)->22642K(22976K) NonClass: 19844K(20032K)->19844K(20032K) Class: 2797K(2944K)->2797K(2944K)
[456.941s][info][gc             ] GC(668) Pause Young (Allocation Failure) 1498M->982M(1979M) 320.596ms
[456.941s][info][gc,cpu         ] GC(668) User=0.27s Sys=0.00s Real=0.31s
[457.090s][info][gc,start       ] GC(669) Pause Young (Allocation Failure)
[457.543s][info][gc,heap        ] GC(669) DefNew: 626094K(629120K)->69888K(629120K) Eden: 559232K(559232K)->0K(559232K) From: 66862K(69888K)->69888K(69888K)
[457.543s][info][gc,heap        ] GC(669) Tenured: 938781K(1398144K)->1004691K(1398144K)
[457.543s][info][gc,metaspace   ] GC(669) Metaspace: 22642K(22976K)->22642K(22976K) NonClass: 19844K(20032K)->19844K(20032K) Class: 2797K(2944K)->2797K(2944K)
[457.543s][info][gc             ] GC(669) Pause Young (Allocation Failure) 1528M->1049M(1979M) 453.637ms
[457.543s][info][gc,cpu         ] GC(669) User=0.44s Sys=0.00s Real=0.44s
[458.132s][info][gc,start       ] GC(670) Pause Young (Allocation Failure)
[458.387s][info][gc,heap        ] GC(670) DefNew: 629120K(629120K)->44058K(629120K) Eden: 559232K(559232K)->0K(559232K) From: 69888K(69888K)->44058K(69888K)
[458.387s][info][gc,heap        ] GC(670) Tenured: 1004691K(1398144K)->1039916K(1398144K)
[458.387s][info][gc,metaspace   ] GC(670) Metaspace: 22643K(22976K)->22643K(22976K) NonClass: 19845K(20032K)->19845K(20032K) Class: 2797K(2944K)->2797K(2944K)
[458.387s][info][gc             ] GC(670) Pause Young (Allocation Failure) 1595M->1058M(1979M) 254.789ms
[458.387s][info][gc,cpu         ] GC(670) User=0.25s Sys=0.00s Real=0.25s
[458.534s][info][gc,start       ] GC(671) Pause Young (Allocation Failure)
[458.919s][info][gc,heap        ] GC(671) DefNew: 603290K(629120K)->69887K(629120K) Eden: 559232K(559232K)->0K(559232K) From: 44058K(69888K)->69887K(69888K)
[458.919s][info][gc,heap        ] GC(671) Tenured: 1039916K(1398144K)->1084964K(1398144K)
[458.919s][info][gc,metaspace   ] GC(671) Metaspace: 22643K(22976K)->22643K(22976K) NonClass: 19845K(20032K)->19845K(20032K) Class: 2797K(2944K)->2797K(2944K)
[458.919s][info][gc             ] GC(671) Pause Young (Allocation Failure) 1604M->1127M(1979M) 385.208ms
[458.919s][info][gc,cpu         ] GC(671) User=0.34s Sys=0.00s Real=0.39s
[459.101s][info][gc,start       ] GC(672) Pause Young (Allocation Failure)
[459.610s][info][gc,heap        ] GC(672) DefNew: 629119K(629120K)->69888K(629120K) Eden: 559232K(559232K)->0K(559232K) From: 69887K(69888K)->69888K(69888K)
[459.610s][info][gc,heap        ] GC(672) Tenured: 1084964K(1398144K)->1154789K(1398144K)
[459.610s][info][gc,metaspace   ] GC(672) Metaspace: 22643K(22976K)->22643K(22976K) NonClass: 19845K(20032K)->19845K(20032K) Class: 2797K(2944K)->2797K(2944K)
[459.610s][info][gc             ] GC(672) Pause Young (Allocation Failure) 1673M->1195M(1979M) 508.930ms
[459.610s][info][gc,cpu         ] GC(672) User=0.41s Sys=0.00s Real=0.50s
[460.069s][info][gc,start       ] GC(673) Pause Young (Allocation Failure)
[460.397s][info][gc,heap        ] GC(673) DefNew: 629120K(629120K)->61371K(629120K) Eden: 559232K(559232K)->0K(559232K) From: 69888K(69888K)->61371K(69888K)
[460.397s][info][gc,heap        ] GC(673) Tenured: 1154789K(1398144K)->1189499K(1398144K)
[460.397s][info][gc,metaspace   ] GC(673) Metaspace: 22643K(22976K)->22643K(22976K) NonClass: 19845K(20032K)->19845K(20032K) Class: 2797K(2944K)->2797K(2944K)
[460.397s][info][gc             ] GC(673) Pause Young (Allocation Failure) 1742M->1221M(1979M) 327.783ms
[460.397s][info][gc,cpu         ] GC(673) User=0.30s Sys=0.00s Real=0.33s
[460.546s][info][gc,start       ] GC(674) Pause Young (Allocation Failure)
[461.018s][info][gc,heap        ] GC(674) DefNew: 620603K(629120K)->69888K(629120K) Eden: 559232K(559232K)->0K(559232K) From: 61371K(69888K)->69888K(69888K)
[461.018s][info][gc,heap        ] GC(674) Tenured: 1189499K(1398144K)->1250849K(1398144K)
[461.018s][info][gc,metaspace   ] GC(674) Metaspace: 22643K(22976K)->22643K(22976K) NonClass: 19845K(20032K)->19845K(20032K) Class: 2797K(2944K)->2797K(2944K)
[461.018s][info][gc             ] GC(674) Pause Young (Allocation Failure) 1767M->1289M(1979M) 471.568ms
[461.018s][info][gc,cpu         ] GC(674) User=0.45s Sys=0.00s Real=0.47s
[461.494s][info][gc,start       ] GC(675) Pause Young (Allocation Failure)
[461.765s][info][gc,heap        ] GC(675) DefNew: 629120K(629120K)->50706K(629120K) Eden: 559232K(559232K)->0K(559232K) From: 69888K(69888K)->50706K(69888K)
[461.765s][info][gc,heap        ] GC(675) Tenured: 1250849K(1398144K)->1285458K(1398144K)
[461.765s][info][gc,metaspace   ] GC(675) Metaspace: 22643K(22976K)->22643K(22976K) NonClass: 19845K(20032K)->19845K(20032K) Class: 2797K(2944K)->2797K(2944K)
[461.765s][info][gc             ] GC(675) Pause Young (Allocation Failure) 1835M->1304M(1979M) 271.096ms
[461.765s][info][gc,cpu         ] GC(675) User=0.28s Sys=0.00s Real=0.28s
[461.840s][info][gc,start       ] GC(676) Pause Full (System.gc())
[461.840s][info][gc,phases,start] GC(676) Phase 1: Mark live objects
[462.020s][info][gc,phases      ] GC(676) Phase 1: Mark live objects 180.427ms
[462.020s][info][gc,phases,start] GC(676) Phase 2: Compute new object addresses
[462.231s][info][gc,phases      ] GC(676) Phase 2: Compute new object addresses 210.426ms
[462.231s][info][gc,phases,start] GC(676) Phase 3: Adjust pointers
[462.294s][info][gc,phases      ] GC(676) Phase 3: Adjust pointers 63.218ms
[462.294s][info][gc,phases,start] GC(676) Phase 4: Move objects
[462.320s][info][gc,phases      ] GC(676) Phase 4: Move objects 25.693ms
[462.320s][info][gc,heap        ] GC(676) DefNew: 95933K(629120K)->0K(629120K) Eden: 45226K(559232K)->0K(559232K) From: 50706K(69888K)->0K(69888K)
[462.320s][info][gc,heap        ] GC(676) Tenured: 1285458K(1398144K)->167526K(1398144K)
[462.320s][info][gc,metaspace   ] GC(676) Metaspace: 22643K(22976K)->22643K(22976K) NonClass: 19845K(20032K)->19845K(20032K) Class: 2797K(2944K)->2797K(2944K)
[462.320s][info][gc             ] GC(676) Pause Full (System.gc()) 1349M->163M(1979M) 480.390ms
[462.320s][info][gc,cpu         ] GC(676) User=0.47s Sys=0.00s Real=0.49s
[462.488s][info][gc,start       ] GC(677) Pause Young (Allocation Failure)
[462.806s][info][gc,heap        ] GC(677) DefNew: 559232K(629120K)->69888K(629120K) Eden: 559232K(559232K)->0K(559232K) From: 0K(69888K)->69888K(69888K)
[462.806s][info][gc,heap        ] GC(677) Tenured: 167526K(1398144K)->178702K(1398144K)
[462.806s][info][gc,metaspace   ] GC(677) Metaspace: 22644K(22976K)->22644K(22976K) NonClass: 19846K(20032K)->19846K(20032K) Class: 2797K(2944K)->2797K(2944K)
[462.806s][info][gc             ] GC(677) Pause Young (Allocation Failure) 709M->242M(1979M) 318.678ms
[462.806s][info][gc,cpu         ] GC(677) User=0.31s Sys=0.00s Real=0.31s
[462.960s][info][gc,start       ] GC(678) Pause Young (Allocation Failure)
[463.432s][info][gc,heap        ] GC(678) DefNew: 629120K(629120K)->69888K(629120K) Eden: 559232K(559232K)->0K(559232K) From: 69888K(69888K)->69888K(69888K)
[463.432s][info][gc,heap        ] GC(678) Tenured: 178702K(1398144K)->247999K(1398144K)
[463.432s][info][gc,metaspace   ] GC(678) Metaspace: 22644K(22976K)->22644K(22976K) NonClass: 19846K(20032K)->19846K(20032K) Class: 2797K(2944K)->2797K(2944K)
[463.432s][info][gc             ] GC(678) Pause Young (Allocation Failure) 788M->310M(1979M) 472.192ms
[463.432s][info][gc,cpu         ] GC(678) User=0.44s Sys=0.02s Real=0.47s
[463.913s][info][gc,start       ] GC(679) Pause Young (Allocation Failure)
[464.226s][info][gc,heap        ] GC(679) DefNew: 629120K(629120K)->62504K(629120K) Eden: 559232K(559232K)->0K(559232K) From: 69888K(69888K)->62504K(69888K)
[464.226s][info][gc,heap        ] GC(679) Tenured: 247999K(1398144K)->284694K(1398144K)
[464.226s][info][gc,metaspace   ] GC(679) Metaspace: 22646K(22976K)->22646K(22976K) NonClass: 19848K(20032K)->19848K(20032K) Class: 2797K(2944K)->2797K(2944K)
[464.226s][info][gc             ] GC(679) Pause Young (Allocation Failure) 856M->339M(1979M) 313.611ms
[464.227s][info][gc,cpu         ] GC(679) User=0.30s Sys=0.00s Real=0.31s
[464.374s][info][gc,start       ] GC(680) Pause Young (Allocation Failure)
[464.815s][info][gc,heap        ] GC(680) DefNew: 621736K(629120K)->69888K(629120K) Eden: 559232K(559232K)->0K(559232K) From: 62504K(69888K)->69888K(69888K)
[464.815s][info][gc,heap        ] GC(680) Tenured: 284694K(1398144K)->344707K(1398144K)
[464.815s][info][gc,metaspace   ] GC(680) Metaspace: 22646K(22976K)->22646K(22976K) NonClass: 19848K(20032K)->19848K(20032K) Class: 2797K(2944K)->2797K(2944K)
[464.815s][info][gc             ] GC(680) Pause Young (Allocation Failure) 885M->404M(1979M) 441.353ms
[464.815s][info][gc,cpu         ] GC(680) User=0.42s Sys=0.00s Real=0.44s
[465.224s][info][gc,start       ] GC(681) Pause Young (Allocation Failure)
[465.515s][info][gc,heap        ] GC(681) DefNew: 629120K(629120K)->56921K(629120K) Eden: 559232K(559232K)->0K(559232K) From: 69888K(69888K)->56921K(69888K)
[465.515s][info][gc,heap        ] GC(681) Tenured: 344707K(1398144K)->380945K(1398144K)
[465.515s][info][gc,metaspace   ] GC(681) Metaspace: 22646K(22976K)->22646K(22976K) NonClass: 19848K(20032K)->19848K(20032K) Class: 2797K(2944K)->2797K(2944K)
[465.515s][info][gc             ] GC(681) Pause Young (Allocation Failure) 951M->427M(1979M) 290.365ms
[465.515s][info][gc,cpu         ] GC(681) User=0.28s Sys=0.00s Real=0.30s
[465.783s][info][gc,start       ] GC(682) Pause Young (Allocation Failure)
[466.108s][info][gc,heap        ] GC(682) DefNew: 616153K(629120K)->69841K(629120K) Eden: 559232K(559232K)->0K(559232K) From: 56921K(69888K)->69841K(69888K)
[466.108s][info][gc,heap        ] GC(682) Tenured: 380945K(1398144K)->416875K(1398144K)
[466.108s][info][gc,metaspace   ] GC(682) Metaspace: 22653K(22976K)->22653K(22976K) NonClass: 19855K(20032K)->19855K(20032K) Class: 2797K(2944K)->2797K(2944K)
[466.108s][info][gc             ] GC(682) Pause Young (Allocation Failure) 973M->475M(1979M) 325.339ms
[466.108s][info][gc,cpu         ] GC(682) User=0.31s Sys=0.00s Real=0.33s
[466.260s][info][gc,start       ] GC(683) Pause Young (Allocation Failure)
[466.753s][info][gc,heap        ] GC(683) DefNew: 629073K(629120K)->69887K(629120K) Eden: 559232K(559232K)->0K(559232K) From: 69841K(69888K)->69887K(69888K)
[466.753s][info][gc,heap        ] GC(683) Tenured: 416875K(1398144K)->486094K(1398144K)
[466.753s][info][gc,metaspace   ] GC(683) Metaspace: 22653K(22976K)->22653K(22976K) NonClass: 19855K(20032K)->19855K(20032K) Class: 2797K(2944K)->2797K(2944K)
[466.753s][info][gc             ] GC(683) Pause Young (Allocation Failure) 1021M->542M(1979M) 493.653ms
[466.753s][info][gc,cpu         ] GC(683) User=0.47s Sys=0.00s Real=0.50s
[467.311s][info][gc,start       ] GC(684) Pause Young (Allocation Failure)
[467.589s][info][gc,heap        ] GC(684) DefNew: 629119K(629120K)->50000K(629120K) Eden: 559232K(559232K)->0K(559232K) From: 69887K(69888K)->50000K(69888K)
[467.589s][info][gc,heap        ] GC(684) Tenured: 486094K(1398144K)->520957K(1398144K)
[467.589s][info][gc,metaspace   ] GC(684) Metaspace: 22658K(22976K)->22658K(22976K) NonClass: 19860K(20032K)->19860K(20032K) Class: 2797K(2944K)->2797K(2944K)
[467.589s][info][gc             ] GC(684) Pause Young (Allocation Failure) 1089M->557M(1979M) 278.604ms
[467.589s][info][gc,cpu         ] GC(684) User=0.28s Sys=0.00s Real=0.27s
[467.745s][info][gc,start       ] GC(685) Pause Young (Allocation Failure)
[468.166s][info][gc,heap        ] GC(685) DefNew: 609232K(629120K)->69888K(629120K) Eden: 559232K(559232K)->0K(559232K) From: 50000K(69888K)->69888K(69888K)
[468.166s][info][gc,heap        ] GC(685) Tenured: 520957K(1398144K)->570818K(1398144K)
[468.166s][info][gc,metaspace   ] GC(685) Metaspace: 22658K(22976K)->22658K(22976K) NonClass: 19860K(20032K)->19860K(20032K) Class: 2797K(2944K)->2797K(2944K)
[468.166s][info][gc             ] GC(685) Pause Young (Allocation Failure) 1103M->625M(1979M) 421.162ms
[468.166s][info][gc,cpu         ] GC(685) User=0.42s Sys=0.00s Real=0.41s
[468.433s][info][gc,start       ] GC(686) Pause Young (Allocation Failure)
[468.882s][info][gc,heap        ] GC(686) DefNew: 629120K(629120K)->69888K(629120K) Eden: 559232K(559232K)->0K(559232K) From: 69888K(69888K)->69888K(69888K)
[468.882s][info][gc,heap        ] GC(686) Tenured: 570818K(1398144K)->619085K(1398144K)
[468.882s][info][gc,metaspace   ] GC(686) Metaspace: 22658K(22976K)->22658K(22976K) NonClass: 19860K(20032K)->19860K(20032K) Class: 2797K(2944K)->2797K(2944K)
[468.882s][info][gc             ] GC(686) Pause Young (Allocation Failure) 1171M->672M(1979M) 449.466ms
[468.882s][info][gc,cpu         ] GC(686) User=0.39s Sys=0.00s Real=0.44s
[469.322s][info][gc,start       ] GC(687) Pause Young (Allocation Failure)
[469.635s][info][gc,heap        ] GC(687) DefNew: 629120K(629120K)->60052K(629120K) Eden: 559232K(559232K)->0K(559232K) From: 69888K(69888K)->60052K(69888K)
[469.635s][info][gc,heap        ] GC(687) Tenured: 619085K(1398144K)->654490K(1398144K)
[469.635s][info][gc,metaspace   ] GC(687) Metaspace: 22658K(22976K)->22658K(22976K) NonClass: 19860K(20032K)->19860K(20032K) Class: 2797K(2944K)->2797K(2944K)
[469.635s][info][gc             ] GC(687) Pause Young (Allocation Failure) 1218M->697M(1979M) 312.501ms
[469.635s][info][gc,cpu         ] GC(687) User=0.33s Sys=0.00s Real=0.31s
[469.785s][info][gc,start       ] GC(688) Pause Young (Allocation Failure)
[470.230s][info][gc,heap        ] GC(688) DefNew: 619284K(629120K)->69888K(629120K) Eden: 559232K(559232K)->0K(559232K) From: 60052K(69888K)->69888K(69888K)
[470.230s][info][gc,heap        ] GC(688) Tenured: 654490K(1398144K)->712117K(1398144K)
[470.230s][info][gc,metaspace   ] GC(688) Metaspace: 22658K(22976K)->22658K(22976K) NonClass: 19860K(20032K)->19860K(20032K) Class: 2797K(2944K)->2797K(2944K)
[470.230s][info][gc             ] GC(688) Pause Young (Allocation Failure) 1243M->763M(1979M) 444.791ms
[470.230s][info][gc,cpu         ] GC(688) User=0.42s Sys=0.00s Real=0.44s
[470.804s][info][gc,start       ] GC(689) Pause Young (Allocation Failure)
[471.062s][info][gc,heap        ] GC(689) DefNew: 629120K(629120K)->45830K(629120K) Eden: 559232K(559232K)->0K(559232K) From: 69888K(69888K)->45830K(69888K)
[471.062s][info][gc,heap        ] GC(689) Tenured: 712117K(1398144K)->749064K(1398144K)
[471.062s][info][gc,metaspace   ] GC(689) Metaspace: 22659K(22976K)->22659K(22976K) NonClass: 19861K(20032K)->19861K(20032K) Class: 2797K(2944K)->2797K(2944K)
[471.062s][info][gc             ] GC(689) Pause Young (Allocation Failure) 1309M->776M(1979M) 257.968ms
[471.062s][info][gc,cpu         ] GC(689) User=0.23s Sys=0.02s Real=0.27s
[471.277s][info][gc,start       ] GC(690) Pause Young (Allocation Failure)
[471.652s][info][gc,heap        ] GC(690) DefNew: 605062K(629120K)->69888K(629120K) Eden: 559232K(559232K)->0K(559232K) From: 45830K(69888K)->69888K(69888K)
[471.652s][info][gc,heap        ] GC(690) Tenured: 749064K(1398144K)->794971K(1398144K)
[471.652s][info][gc,metaspace   ] GC(690) Metaspace: 22717K(23040K)->22717K(23040K) NonClass: 19919K(20096K)->19919K(20096K) Class: 2797K(2944K)->2797K(2944K)
[471.652s][info][gc             ] GC(690) Pause Young (Allocation Failure) 1322M->844M(1979M) 375.913ms
[471.653s][info][gc,cpu         ] GC(690) User=0.34s Sys=0.00s Real=0.38s
[471.796s][info][gc,start       ] GC(691) Pause Young (Allocation Failure)
[472.276s][info][gc,heap        ] GC(691) DefNew: 629120K(629120K)->69887K(629120K) Eden: 559232K(559232K)->0K(559232K) From: 69888K(69888K)->69887K(69888K)
[472.276s][info][gc,heap        ] GC(691) Tenured: 794971K(1398144K)->861857K(1398144K)
[472.276s][info][gc,metaspace   ] GC(691) Metaspace: 22717K(23040K)->22717K(23040K) NonClass: 19919K(20096K)->19919K(20096K) Class: 2797K(2944K)->2797K(2944K)
[472.276s][info][gc             ] GC(691) Pause Young (Allocation Failure) 1390M->909M(1979M) 479.676ms
[472.276s][info][gc,cpu         ] GC(691) User=0.47s Sys=0.00s Real=0.47s
[472.813s][info][gc,start       ] GC(692) Pause Young (Allocation Failure)
[473.133s][info][gc,heap        ] GC(692) DefNew: 629119K(629120K)->64317K(629120K) Eden: 559232K(559232K)->0K(559232K) From: 69887K(69888K)->64317K(69888K)
[473.133s][info][gc,heap        ] GC(692) Tenured: 861857K(1398144K)->898266K(1398144K)
[473.133s][info][gc,metaspace   ] GC(692) Metaspace: 22751K(23104K)->22751K(23104K) NonClass: 19953K(20160K)->19953K(20160K) Class: 2797K(2944K)->2797K(2944K)
[473.133s][info][gc             ] GC(692) Pause Young (Allocation Failure) 1456M->940M(1979M) 319.888ms
[473.133s][info][gc,cpu         ] GC(692) User=0.31s Sys=0.00s Real=0.31s
[473.273s][info][gc,start       ] GC(693) Pause Young (Allocation Failure)
[473.709s][info][gc,heap        ] GC(693) DefNew: 623549K(629120K)->69887K(629120K) Eden: 559232K(559232K)->0K(559232K) From: 64317K(69888K)->69887K(69888K)
[473.709s][info][gc,heap        ] GC(693) Tenured: 898266K(1398144K)->958313K(1398144K)
[473.709s][info][gc,metaspace   ] GC(693) Metaspace: 22751K(23104K)->22751K(23104K) NonClass: 19953K(20160K)->19953K(20160K) Class: 2797K(2944K)->2797K(2944K)
[473.709s][info][gc             ] GC(693) Pause Young (Allocation Failure) 1486M->1004M(1979M) 436.625ms
[473.709s][info][gc,cpu         ] GC(693) User=0.42s Sys=0.02s Real=0.44s
[474.144s][info][gc,start       ] GC(694) Pause Young (Allocation Failure)
[474.431s][info][gc,heap        ] GC(694) DefNew: 629119K(629120K)->57801K(629120K) Eden: 559232K(559232K)->0K(559232K) From: 69887K(69888K)->57801K(69888K)
[474.431s][info][gc,heap        ] GC(694) Tenured: 958313K(1398144K)->992834K(1398144K)
[474.431s][info][gc,metaspace   ] GC(694) Metaspace: 22751K(23104K)->22751K(23104K) NonClass: 19953K(20160K)->19953K(20160K) Class: 2797K(2944K)->2797K(2944K)
[474.431s][info][gc             ] GC(694) Pause Young (Allocation Failure) 1550M->1026M(1979M) 286.780ms
[474.431s][info][gc,cpu         ] GC(694) User=0.27s Sys=0.00s Real=0.30s
[474.713s][info][gc,start       ] GC(695) Pause Young (Allocation Failure)
[475.035s][info][gc,heap        ] GC(695) DefNew: 617033K(629120K)->69847K(629120K) Eden: 559232K(559232K)->0K(559232K) From: 57801K(69888K)->69847K(69888K)
[475.035s][info][gc,heap        ] GC(695) Tenured: 992834K(1398144K)->1029466K(1398144K)
[475.035s][info][gc,metaspace   ] GC(695) Metaspace: 22775K(23104K)->22775K(23104K) NonClass: 19977K(20160K)->19977K(20160K) Class: 2797K(2944K)->2797K(2944K)
[475.035s][info][gc             ] GC(695) Pause Young (Allocation Failure) 1572M->1073M(1979M) 321.715ms
[475.035s][info][gc,cpu         ] GC(695) User=0.30s Sys=0.00s Real=0.31s
[475.174s][info][gc,start       ] GC(696) Pause Young (Allocation Failure)
[475.634s][info][gc,heap        ] GC(696) DefNew: 629079K(629120K)->69669K(629120K) Eden: 559232K(559232K)->0K(559232K) From: 69847K(69888K)->69669K(69888K)
[475.634s][info][gc,heap        ] GC(696) Tenured: 1029466K(1398144K)->1090501K(1398144K)
[475.634s][info][gc,metaspace   ] GC(696) Metaspace: 22780K(23104K)->22780K(23104K) NonClass: 19982K(20160K)->19982K(20160K) Class: 2797K(2944K)->2797K(2944K)
[475.634s][info][gc             ] GC(696) Pause Young (Allocation Failure) 1619M->1132M(1979M) 459.957ms
[475.634s][info][gc,cpu         ] GC(696) User=0.44s Sys=0.00s Real=0.45s
[476.243s][info][gc,start       ] GC(697) Pause Young (Allocation Failure)
[476.506s][info][gc,heap        ] GC(697) DefNew: 628901K(629120K)->47831K(629120K) Eden: 559232K(559232K)->0K(559232K) From: 69669K(69888K)->47831K(69888K)
[476.506s][info][gc,heap        ] GC(697) Tenured: 1090501K(1398144K)->1122169K(1398144K)
[476.506s][info][gc,metaspace   ] GC(697) Metaspace: 22780K(23104K)->22780K(23104K) NonClass: 19983K(20160K)->19983K(20160K) Class: 2797K(2944K)->2797K(2944K)
[476.506s][info][gc             ] GC(697) Pause Young (Allocation Failure) 1679M->1142M(1979M) 262.567ms
[476.506s][info][gc,cpu         ] GC(697) User=0.28s Sys=0.00s Real=0.25s
[476.653s][info][gc,start       ] GC(698) Pause Young (Allocation Failure)
[477.064s][info][gc,heap        ] GC(698) DefNew: 607063K(629120K)->69887K(629120K) Eden: 559232K(559232K)->0K(559232K) From: 47831K(69888K)->69887K(69888K)
[477.064s][info][gc,heap        ] GC(698) Tenured: 1122169K(1398144K)->1171045K(1398144K)
[477.065s][info][gc,metaspace   ] GC(698) Metaspace: 22780K(23104K)->22780K(23104K) NonClass: 19983K(20160K)->19983K(20160K) Class: 2797K(2944K)->2797K(2944K)
[477.065s][info][gc             ] GC(698) Pause Young (Allocation Failure) 1688M->1211M(1979M) 411.759ms
[477.065s][info][gc,cpu         ] GC(698) User=0.39s Sys=0.00s Real=0.41s
[477.218s][info][gc,start       ] GC(699) Pause Young (Allocation Failure)
[477.710s][info][gc,heap        ] GC(699) DefNew: 629119K(629120K)->69888K(629120K) Eden: 559232K(559232K)->0K(559232K) From: 69887K(69888K)->69888K(69888K)
[477.710s][info][gc,heap        ] GC(699) Tenured: 1171045K(1398144K)->1234561K(1398144K)
[477.710s][info][gc,metaspace   ] GC(699) Metaspace: 22780K(23104K)->22780K(23104K) NonClass: 19983K(20160K)->19983K(20160K) Class: 2797K(2944K)->2797K(2944K)
[477.710s][info][gc             ] GC(699) Pause Young (Allocation Failure) 1757M->1273M(1979M) 491.316ms
[477.710s][info][gc,cpu         ] GC(699) User=0.45s Sys=0.00s Real=0.49s
[478.212s][info][gc,start       ] GC(700) Pause Young (Allocation Failure)
[478.518s][info][gc,heap        ] GC(700) DefNew: 629120K(629120K)->58319K(629120K) Eden: 559232K(559232K)->0K(559232K) From: 69888K(69888K)->58319K(69888K)
[478.518s][info][gc,heap        ] GC(700) Tenured: 1234561K(1398144K)->1269148K(1398144K)
[478.518s][info][gc,metaspace   ] GC(700) Metaspace: 22781K(23104K)->22781K(23104K) NonClass: 19983K(20160K)->19983K(20160K) Class: 2797K(2944K)->2797K(2944K)
[478.518s][info][gc             ] GC(700) Pause Young (Allocation Failure) 1820M->1296M(1979M) 306.105ms
[478.518s][info][gc,cpu         ] GC(700) User=0.31s Sys=0.00s Real=0.31s
[478.669s][info][gc,start       ] GC(701) Pause Young (Allocation Failure)
[479.109s][info][gc,heap        ] GC(701) DefNew: 617551K(629120K)->69888K(629120K) Eden: 559232K(559232K)->0K(559232K) From: 58319K(69888K)->69888K(69888K)
[479.109s][info][gc,heap        ] GC(701) Tenured: 1269148K(1398144K)->1328299K(1398144K)
[479.109s][info][gc,metaspace   ] GC(701) Metaspace: 22781K(23104K)->22781K(23104K) NonClass: 19983K(20160K)->19983K(20160K) Class: 2797K(2944K)->2797K(2944K)
[479.109s][info][gc             ] GC(701) Pause Young (Allocation Failure) 1842M->1365M(1979M) 440.036ms
[479.109s][info][gc,cpu         ] GC(701) User=0.39s Sys=0.00s Real=0.44s
[479.546s][info][gc,start       ] GC(702) Pause Young (Allocation Failure)
[479.546s][info][gc             ] GC(702) Pause Young (Allocation Failure) 1911M->1911M(1979M) 0.079ms
[479.546s][info][gc,cpu         ] GC(702) User=0.00s Sys=0.00s Real=0.00s
[479.546s][info][gc,start       ] GC(703) Pause Full (Allocation Failure)
[479.546s][info][gc,phases,start] GC(703) Phase 1: Mark live objects
[479.792s][info][gc,phases      ] GC(703) Phase 1: Mark live objects 246.103ms
[479.792s][info][gc,phases,start] GC(703) Phase 2: Compute new object addresses
[480.085s][info][gc,phases      ] GC(703) Phase 2: Compute new object addresses 292.602ms
[480.085s][info][gc,phases,start] GC(703) Phase 3: Adjust pointers
[480.218s][info][gc,phases      ] GC(703) Phase 3: Adjust pointers 133.287ms
[480.218s][info][gc,phases,start] GC(703) Phase 4: Move objects
[480.289s][info][gc,phases      ] GC(703) Phase 4: Move objects 71.311ms
[480.290s][info][gc,heap        ] GC(703) DefNew: 629120K(629120K)->0K(629120K) Eden: 559232K(559232K)->0K(559232K) From: 69888K(69888K)->0K(69888K)
[480.290s][info][gc,heap        ] GC(703) Tenured: 1328299K(1398144K)->199548K(1398144K)
[480.290s][info][gc,metaspace   ] GC(703) Metaspace: 22781K(23104K)->22781K(23104K) NonClass: 19983K(20160K)->19983K(20160K) Class: 2797K(2944K)->2797K(2944K)
[480.290s][info][gc             ] GC(703) Pause Full (Allocation Failure) 1911M->194M(1979M) 743.902ms
[480.290s][info][gc,cpu         ] GC(703) User=0.69s Sys=0.00s Real=0.74s
[480.391s][info][gc,start       ] GC(704) Pause Full (System.gc())
[480.391s][info][gc,phases,start] GC(704) Phase 1: Mark live objects
[480.539s][info][gc,phases      ] GC(704) Phase 1: Mark live objects 147.653ms
[480.539s][info][gc,phases,start] GC(704) Phase 2: Compute new object addresses
[480.579s][info][gc,phases      ] GC(704) Phase 2: Compute new object addresses 39.986ms
[480.579s][info][gc,phases,start] GC(704) Phase 3: Adjust pointers
[480.666s][info][gc,phases      ] GC(704) Phase 3: Adjust pointers 86.505ms
[480.666s][info][gc,phases,start] GC(704) Phase 4: Move objects
[480.693s][info][gc,phases      ] GC(704) Phase 4: Move objects 27.699ms
[480.694s][info][gc,heap        ] GC(704) DefNew: 74507K(629120K)->0K(629120K) Eden: 74507K(559232K)->0K(559232K) From: 0K(69888K)->0K(69888K)
[480.694s][info][gc,heap        ] GC(704) Tenured: 199548K(1398144K)->167378K(1398144K)
[480.694s][info][gc,metaspace   ] GC(704) Metaspace: 22783K(23104K)->22783K(23104K) NonClass: 19985K(20160K)->19985K(20160K) Class: 2797K(2944K)->2797K(2944K)
[480.694s][info][gc             ] GC(704) Pause Full (System.gc()) 267M->163M(1979M) 302.248ms
[480.694s][info][gc,cpu         ] GC(704) User=0.30s Sys=0.00s Real=0.30s
[480.870s][info][gc,start       ] GC(705) Pause Young (Allocation Failure)
[481.191s][info][gc,heap        ] GC(705) DefNew: 559232K(629120K)->69887K(629120K) Eden: 559232K(559232K)->0K(559232K) From: 0K(69888K)->69887K(69888K)
[481.191s][info][gc,heap        ] GC(705) Tenured: 167378K(1398144K)->178413K(1398144K)
[481.191s][info][gc,metaspace   ] GC(705) Metaspace: 22783K(23104K)->22783K(23104K) NonClass: 19985K(20160K)->19985K(20160K) Class: 2797K(2944K)->2797K(2944K)
[481.191s][info][gc             ] GC(705) Pause Young (Allocation Failure) 709M->242M(1979M) 320.770ms
[481.191s][info][gc,cpu         ] GC(705) User=0.33s Sys=0.00s Real=0.33s
[481.330s][info][gc,start       ] GC(706) Pause Young (Allocation Failure)
[481.812s][info][gc,heap        ] GC(706) DefNew: 629119K(629120K)->69888K(629120K) Eden: 559232K(559232K)->0K(559232K) From: 69887K(69888K)->69888K(69888K)
[481.812s][info][gc,heap        ] GC(706) Tenured: 178413K(1398144K)->243718K(1398144K)
[481.812s][info][gc,metaspace   ] GC(706) Metaspace: 22783K(23104K)->22783K(23104K) NonClass: 19985K(20160K)->19985K(20160K) Class: 2797K(2944K)->2797K(2944K)
[481.812s][info][gc             ] GC(706) Pause Young (Allocation Failure) 788M->306M(1979M) 481.887ms
[481.812s][info][gc,cpu         ] GC(706) User=0.48s Sys=0.00s Real=0.49s
[482.333s][info][gc,start       ] GC(707) Pause Young (Allocation Failure)
[482.642s][info][gc,heap        ] GC(707) DefNew: 629120K(629120K)->59697K(629120K) Eden: 559232K(559232K)->0K(559232K) From: 69888K(69888K)->59697K(69888K)
[482.642s][info][gc,heap        ] GC(707) Tenured: 243718K(1398144K)->276020K(1398144K)
[482.642s][info][gc,metaspace   ] GC(707) Metaspace: 22783K(23104K)->22783K(23104K) NonClass: 19985K(20160K)->19985K(20160K) Class: 2797K(2944K)->2797K(2944K)
[482.642s][info][gc             ] GC(707) Pause Young (Allocation Failure) 852M->327M(1979M) 309.332ms
[482.642s][info][gc,cpu         ] GC(707) User=0.30s Sys=0.00s Real=0.30s
[482.792s][info][gc,start       ] GC(708) Pause Young (Allocation Failure)
[483.220s][info][gc,heap        ] GC(708) DefNew: 618929K(629120K)->69887K(629120K) Eden: 559232K(559232K)->0K(559232K) From: 59697K(69888K)->69887K(69888K)
[483.220s][info][gc,heap        ] GC(708) Tenured: 276020K(1398144K)->331276K(1398144K)
[483.220s][info][gc,metaspace   ] GC(708) Metaspace: 22783K(23104K)->22783K(23104K) NonClass: 19985K(20160K)->19985K(20160K) Class: 2797K(2944K)->2797K(2944K)
[483.220s][info][gc             ] GC(708) Pause Young (Allocation Failure) 873M->391M(1979M) 428.022ms
[483.220s][info][gc,cpu         ] GC(708) User=0.41s Sys=0.00s Real=0.42s
[483.627s][info][gc,start       ] GC(709) Pause Young (Allocation Failure)
[483.938s][info][gc,heap        ] GC(709) DefNew: 629119K(629120K)->62023K(629120K) Eden: 559232K(559232K)->0K(559232K) From: 69887K(69888K)->62023K(69888K)
[483.938s][info][gc,heap        ] GC(709) Tenured: 331276K(1398144K)->367526K(1398144K)
[483.938s][info][gc,metaspace   ] GC(709) Metaspace: 22783K(23104K)->22783K(23104K) NonClass: 19985K(20160K)->19985K(20160K) Class: 2797K(2944K)->2797K(2944K)
[483.938s][info][gc             ] GC(709) Pause Young (Allocation Failure) 937M->419M(1979M) 310.606ms
[483.938s][info][gc,cpu         ] GC(709) User=0.31s Sys=0.00s Real=0.31s
[484.214s][info][gc,start       ] GC(710) Pause Young (Allocation Failure)
[484.535s][info][gc,heap        ] GC(710) DefNew: 621255K(629120K)->66560K(629120K) Eden: 559232K(559232K)->0K(559232K) From: 62023K(69888K)->66560K(69888K)
[484.535s][info][gc,heap        ] GC(710) Tenured: 367526K(1398144K)->404837K(1398144K)
[484.535s][info][gc,metaspace   ] GC(710) Metaspace: 22783K(23104K)->22783K(23104K) NonClass: 19985K(20160K)->19985K(20160K) Class: 2797K(2944K)->2797K(2944K)
[484.535s][info][gc             ] GC(710) Pause Young (Allocation Failure) 965M->460M(1979M) 321.225ms
[484.535s][info][gc,cpu         ] GC(710) User=0.30s Sys=0.00s Real=0.33s
[484.691s][info][gc,start       ] GC(711) Pause Young (Allocation Failure)
[485.160s][info][gc,heap        ] GC(711) DefNew: 625792K(629120K)->69887K(629120K) Eden: 559232K(559232K)->0K(559232K) From: 66560K(69888K)->69887K(69888K)
[485.160s][info][gc,heap        ] GC(711) Tenured: 404837K(1398144K)->468435K(1398144K)
[485.160s][info][gc,metaspace   ] GC(711) Metaspace: 22783K(23104K)->22783K(23104K) NonClass: 19985K(20160K)->19985K(20160K) Class: 2797K(2944K)->2797K(2944K)
[485.160s][info][gc             ] GC(711) Pause Young (Allocation Failure) 1006M->525M(1979M) 468.521ms
[485.160s][info][gc,cpu         ] GC(711) User=0.47s Sys=0.00s Real=0.47s
[485.709s][info][gc,start       ] GC(712) Pause Young (Allocation Failure)
[485.981s][info][gc,heap        ] GC(712) DefNew: 629119K(629120K)->48395K(629120K) Eden: 559232K(559232K)->0K(559232K) From: 69887K(69888K)->48395K(69888K)
[485.981s][info][gc,heap        ] GC(712) Tenured: 468435K(1398144K)->504957K(1398144K)
[485.981s][info][gc,metaspace   ] GC(712) Metaspace: 22783K(23104K)->22783K(23104K) NonClass: 19985K(20160K)->19985K(20160K) Class: 2797K(2944K)->2797K(2944K)
[485.981s][info][gc             ] GC(712) Pause Young (Allocation Failure) 1071M->540M(1979M) 271.965ms
[485.981s][info][gc,cpu         ] GC(712) User=0.28s Sys=0.00s Real=0.27s
[486.120s][info][gc,start       ] GC(713) Pause Young (Allocation Failure)
[486.509s][info][gc,heap        ] GC(713) DefNew: 607627K(629120K)->69888K(629120K) Eden: 559232K(559232K)->0K(559232K) From: 48395K(69888K)->69888K(69888K)
[486.509s][info][gc,heap        ] GC(713) Tenured: 504957K(1398144K)->549950K(1398144K)
[486.509s][info][gc,metaspace   ] GC(713) Metaspace: 22783K(23104K)->22783K(23104K) NonClass: 19985K(20160K)->19985K(20160K) Class: 2797K(2944K)->2797K(2944K)
[486.510s][info][gc             ] GC(713) Pause Young (Allocation Failure) 1086M->605M(1979M) 389.110ms
[486.510s][info][gc,cpu         ] GC(713) User=0.38s Sys=0.00s Real=0.40s
[486.685s][info][gc,start       ] GC(714) Pause Young (Allocation Failure)
[487.173s][info][gc,heap        ] GC(714) DefNew: 629120K(629120K)->69888K(629120K) Eden: 559232K(559232K)->0K(559232K) From: 69888K(69888K)->69888K(69888K)
[487.173s][info][gc,heap        ] GC(714) Tenured: 549950K(1398144K)->615685K(1398144K)
[487.173s][info][gc,metaspace   ] GC(714) Metaspace: 22783K(23104K)->22783K(23104K) NonClass: 19985K(20160K)->19985K(20160K) Class: 2797K(2944K)->2797K(2944K)
[487.173s][info][gc             ] GC(714) Pause Young (Allocation Failure) 1151M->669M(1979M) 488.699ms
[487.173s][info][gc,cpu         ] GC(714) User=0.45s Sys=0.00s Real=0.49s
[487.679s][info][gc,start       ] GC(715) Pause Young (Allocation Failure)
[488.025s][info][gc,heap        ] GC(715) DefNew: 629120K(629120K)->65448K(629120K) Eden: 559232K(559232K)->0K(559232K) From: 69888K(69888K)->65448K(69888K)
[488.025s][info][gc,heap        ] GC(715) Tenured: 615685K(1398144K)->650099K(1398144K)
[488.025s][info][gc,metaspace   ] GC(715) Metaspace: 22784K(23104K)->22784K(23104K) NonClass: 19986K(20160K)->19986K(20160K) Class: 2797K(2944K)->2797K(2944K)
[488.025s][info][gc             ] GC(715) Pause Young (Allocation Failure) 1215M->698M(1979M) 346.392ms
[488.025s][info][gc,cpu         ] GC(715) User=0.34s Sys=0.00s Real=0.35s
[488.177s][info][gc,start       ] GC(716) Pause Young (Allocation Failure)
[488.635s][info][gc,heap        ] GC(716) DefNew: 624680K(629120K)->69888K(629120K) Eden: 559232K(559232K)->0K(559232K) From: 65448K(69888K)->69888K(69888K)
[488.635s][info][gc,heap        ] GC(716) Tenured: 650099K(1398144K)->710776K(1398144K)
[488.635s][info][gc,metaspace   ] GC(716) Metaspace: 22784K(23104K)->22784K(23104K) NonClass: 19986K(20160K)->19986K(20160K) Class: 2797K(2944K)->2797K(2944K)
[488.635s][info][gc             ] GC(716) Pause Young (Allocation Failure) 1244M->762M(1979M) 457.775ms
[488.635s][info][gc,cpu         ] GC(716) User=0.45s Sys=0.00s Real=0.46s
[489.105s][info][gc,start       ] GC(717) Pause Young (Allocation Failure)
[489.391s][info][gc,heap        ] GC(717) DefNew: 629120K(629120K)->54692K(629120K) Eden: 559232K(559232K)->0K(559232K) From: 69888K(69888K)->54692K(69888K)
[489.391s][info][gc,heap        ] GC(717) Tenured: 710776K(1398144K)->748752K(1398144K)
[489.391s][info][gc,metaspace   ] GC(717) Metaspace: 22784K(23104K)->22784K(23104K) NonClass: 19986K(20160K)->19986K(20160K) Class: 2797K(2944K)->2797K(2944K)
[489.391s][info][gc             ] GC(717) Pause Young (Allocation Failure) 1308M->784M(1979M) 285.960ms
[489.391s][info][gc,cpu         ] GC(717) User=0.28s Sys=0.00s Real=0.28s
[489.666s][info][gc,start       ] GC(718) Pause Young (Allocation Failure)
[490.027s][info][gc,heap        ] GC(718) DefNew: 613924K(629120K)->69888K(629120K) Eden: 559232K(559232K)->0K(559232K) From: 54692K(69888K)->69888K(69888K)
[490.027s][info][gc,heap        ] GC(718) Tenured: 748752K(1398144K)->791541K(1398144K)
[490.027s][info][gc,metaspace   ] GC(718) Metaspace: 22785K(23104K)->22785K(23104K) NonClass: 19987K(20160K)->19987K(20160K) Class: 2797K(2944K)->2797K(2944K)
[490.027s][info][gc             ] GC(718) Pause Young (Allocation Failure) 1330M->841M(1979M) 360.843ms
[490.027s][info][gc,cpu         ] GC(718) User=0.33s Sys=0.00s Real=0.36s
[490.179s][info][gc,start       ] GC(719) Pause Young (Allocation Failure)
[490.664s][info][gc,heap        ] GC(719) DefNew: 629120K(629120K)->69888K(629120K) Eden: 559232K(559232K)->0K(559232K) From: 69888K(69888K)->69888K(69888K)
[490.664s][info][gc,heap        ] GC(719) Tenured: 791541K(1398144K)->856331K(1398144K)
[490.664s][info][gc,metaspace   ] GC(719) Metaspace: 22785K(23104K)->22785K(23104K) NonClass: 19987K(20160K)->19987K(20160K) Class: 2797K(2944K)->2797K(2944K)
[490.664s][info][gc             ] GC(719) Pause Young (Allocation Failure) 1387M->904M(1979M) 484.578ms
[490.664s][info][gc,cpu         ] GC(719) User=0.45s Sys=0.00s Real=0.47s
[491.208s][info][gc,start       ] GC(720) Pause Young (Allocation Failure)
[491.494s][info][gc,heap        ] GC(720) DefNew: 629120K(629120K)->54120K(629120K) Eden: 559232K(559232K)->0K(559232K) From: 69888K(69888K)->54120K(69888K)
[491.494s][info][gc,heap        ] GC(720) Tenured: 856331K(1398144K)->892252K(1398144K)
[491.494s][info][gc,metaspace   ] GC(720) Metaspace: 22785K(23104K)->22785K(23104K) NonClass: 19987K(20160K)->19987K(20160K) Class: 2797K(2944K)->2797K(2944K)
[491.494s][info][gc             ] GC(720) Pause Young (Allocation Failure) 1450M->924M(1979M) 285.991ms
[491.494s][info][gc,cpu         ] GC(720) User=0.28s Sys=0.00s Real=0.28s
[491.650s][info][gc,start       ] GC(721) Pause Young (Allocation Failure)
[492.079s][info][gc,heap        ] GC(721) DefNew: 613352K(629120K)->69888K(629120K) Eden: 559232K(559232K)->0K(559232K) From: 54120K(69888K)->69888K(69888K)
[492.079s][info][gc,heap        ] GC(721) Tenured: 892252K(1398144K)->949863K(1398144K)
[492.079s][info][gc,metaspace   ] GC(721) Metaspace: 22785K(23104K)->22785K(23104K) NonClass: 19987K(20160K)->19987K(20160K) Class: 2797K(2944K)->2797K(2944K)
[492.079s][info][gc             ] GC(721) Pause Young (Allocation Failure) 1470M->995M(1979M) 429.022ms
[492.079s][info][gc,cpu         ] GC(721) User=0.42s Sys=0.00s Real=0.44s
[492.420s][info][gc,start       ] GC(722) Pause Young (Allocation Failure)
[492.779s][info][gc,heap        ] GC(722) DefNew: 629120K(629120K)->66336K(629120K) Eden: 559232K(559232K)->0K(559232K) From: 69888K(69888K)->66336K(69888K)
[492.779s][info][gc,heap        ] GC(722) Tenured: 949863K(1398144K)->987164K(1398144K)
[492.779s][info][gc,metaspace   ] GC(722) Metaspace: 22785K(23104K)->22785K(23104K) NonClass: 19987K(20160K)->19987K(20160K) Class: 2797K(2944K)->2797K(2944K)
[492.779s][info][gc             ] GC(722) Pause Young (Allocation Failure) 1541M->1028M(1979M) 359.014ms
[492.779s][info][gc,cpu         ] GC(722) User=0.31s Sys=0.00s Real=0.35s
[493.119s][info][gc,start       ] GC(723) Pause Young (Allocation Failure)
[493.427s][info][gc,heap        ] GC(723) DefNew: 625568K(629120K)->61551K(629120K) Eden: 559232K(559232K)->0K(559232K) From: 66336K(69888K)->61551K(69888K)
[493.427s][info][gc,heap        ] GC(723) Tenured: 987164K(1398144K)->1025051K(1398144K)
[493.427s][info][gc,metaspace   ] GC(723) Metaspace: 22786K(23104K)->22786K(23104K) NonClass: 19988K(20160K)->19988K(20160K) Class: 2797K(2944K)->2797K(2944K)
[493.427s][info][gc             ] GC(723) Pause Young (Allocation Failure) 1574M->1061M(1979M) 307.630ms
[493.427s][info][gc,cpu         ] GC(723) User=0.27s Sys=0.00s Real=0.31s
[493.565s][info][gc,start       ] GC(724) Pause Young (Allocation Failure)
[494.018s][info][gc,heap        ] GC(724) DefNew: 620783K(629120K)->69888K(629120K) Eden: 559232K(559232K)->0K(559232K) From: 61551K(69888K)->69888K(69888K)
[494.018s][info][gc,heap        ] GC(724) Tenured: 1025051K(1398144K)->1080866K(1398144K)
[494.018s][info][gc,metaspace   ] GC(724) Metaspace: 22786K(23104K)->22786K(23104K) NonClass: 19988K(20160K)->19988K(20160K) Class: 2797K(2944K)->2797K(2944K)
[494.018s][info][gc             ] GC(724) Pause Young (Allocation Failure) 1607M->1123M(1979M) 452.711ms
[494.018s][info][gc,cpu         ] GC(724) User=0.45s Sys=0.00s Real=0.46s
[494.631s][info][gc,start       ] GC(725) Pause Young (Allocation Failure)
[494.880s][info][gc,heap        ] GC(725) DefNew: 629120K(629120K)->41132K(629120K) Eden: 559232K(559232K)->0K(559232K) From: 69888K(69888K)->41132K(69888K)
[494.880s][info][gc,heap        ] GC(725) Tenured: 1080866K(1398144K)->1113962K(1398144K)
[494.880s][info][gc,metaspace   ] GC(725) Metaspace: 22786K(23104K)->22786K(23104K) NonClass: 19988K(20160K)->19988K(20160K) Class: 2797K(2944K)->2797K(2944K)
[494.880s][info][gc             ] GC(725) Pause Young (Allocation Failure) 1669M->1128M(1979M) 249.007ms
[494.880s][info][gc,cpu         ] GC(725) User=0.23s Sys=0.00s Real=0.24s
[495.028s][info][gc,start       ] GC(726) Pause Young (Allocation Failure)
[495.415s][info][gc,heap        ] GC(726) DefNew: 600364K(629120K)->69888K(629120K) Eden: 559232K(559232K)->0K(559232K) From: 41132K(69888K)->69888K(69888K)
[495.415s][info][gc,heap        ] GC(726) Tenured: 1113962K(1398144K)->1156906K(1398144K)
[495.415s][info][gc,metaspace   ] GC(726) Metaspace: 22786K(23104K)->22786K(23104K) NonClass: 19988K(20160K)->19988K(20160K) Class: 2797K(2944K)->2797K(2944K)
[495.415s][info][gc             ] GC(726) Pause Young (Allocation Failure) 1674M->1198M(1979M) 386.929ms
[495.415s][info][gc,cpu         ] GC(726) User=0.38s Sys=0.00s Real=0.38s
[495.553s][info][gc,start       ] GC(727) Pause Young (Allocation Failure)
[496.020s][info][gc,heap        ] GC(727) DefNew: 629120K(629120K)->69811K(629120K) Eden: 559232K(559232K)->0K(559232K) From: 69888K(69888K)->69811K(69888K)
[496.020s][info][gc,heap        ] GC(727) Tenured: 1156906K(1398144K)->1217964K(1398144K)
[496.020s][info][gc,metaspace   ] GC(727) Metaspace: 22786K(23104K)->22786K(23104K) NonClass: 19988K(20160K)->19988K(20160K) Class: 2797K(2944K)->2797K(2944K)
[496.020s][info][gc             ] GC(727) Pause Young (Allocation Failure) 1744M->1257M(1979M) 466.460ms
[496.020s][info][gc,cpu         ] GC(727) User=0.39s Sys=0.00s Real=0.46s
[496.598s][info][gc,start       ] GC(728) Pause Young (Allocation Failure)
[496.878s][info][gc,heap        ] GC(728) DefNew: 629043K(629120K)->56809K(629120K) Eden: 559232K(559232K)->0K(559232K) From: 69811K(69888K)->56809K(69888K)
[496.879s][info][gc,heap        ] GC(728) Tenured: 1217964K(1398144K)->1249885K(1398144K)
[496.879s][info][gc,metaspace   ] GC(728) Metaspace: 22787K(23104K)->22787K(23104K) NonClass: 19988K(20160K)->19988K(20160K) Class: 2798K(2944K)->2798K(2944K)
[496.879s][info][gc             ] GC(728) Pause Young (Allocation Failure) 1803M->1276M(1979M) 280.731ms
[496.879s][info][gc,cpu         ] GC(728) User=0.30s Sys=0.00s Real=0.28s
[497.015s][info][gc,start       ] GC(729) Pause Young (Allocation Failure)
[497.434s][info][gc,heap        ] GC(729) DefNew: 616041K(629120K)->69887K(629120K) Eden: 559232K(559232K)->0K(559232K) From: 56809K(69888K)->69887K(69888K)
[497.434s][info][gc,heap        ] GC(729) Tenured: 1249885K(1398144K)->1302880K(1398144K)
[497.434s][info][gc,metaspace   ] GC(729) Metaspace: 22787K(23104K)->22787K(23104K) NonClass: 19988K(20160K)->19988K(20160K) Class: 2798K(2944K)->2798K(2944K)
[497.434s][info][gc             ] GC(729) Pause Young (Allocation Failure) 1822M->1340M(1979M) 419.015ms
[497.434s][info][gc,cpu         ] GC(729) User=0.42s Sys=0.00s Real=0.43s
[497.742s][info][gc,start       ] GC(730) Pause Young (Allocation Failure)
[498.132s][info][gc,heap        ] GC(730) DefNew: 629119K(629120K)->68710K(629120K) Eden: 559232K(559232K)->0K(559232K) From: 69887K(69888K)->68710K(69888K)
[498.132s][info][gc,heap        ] GC(730) Tenured: 1302880K(1398144K)->1343518K(1398144K)
[498.132s][info][gc,metaspace   ] GC(730) Metaspace: 22787K(23104K)->22787K(23104K) NonClass: 19988K(20160K)->19988K(20160K) Class: 2798K(2944K)->2798K(2944K)
[498.132s][info][gc             ] GC(730) Pause Young (Allocation Failure) 1886M->1379M(1979M) 389.541ms
[498.132s][info][gc,cpu         ] GC(730) User=0.36s Sys=0.00s Real=0.39s
[498.412s][info][gc,start       ] GC(731) Pause Full (System.gc())
[498.412s][info][gc,phases,start] GC(731) Phase 1: Mark live objects
[498.609s][info][gc,phases      ] GC(731) Phase 1: Mark live objects 196.316ms
[498.609s][info][gc,phases,start] GC(731) Phase 2: Compute new object addresses
[498.841s][info][gc,phases      ] GC(731) Phase 2: Compute new object addresses 231.931ms
[498.841s][info][gc,phases,start] GC(731) Phase 3: Adjust pointers
[498.923s][info][gc,phases      ] GC(731) Phase 3: Adjust pointers 82.494ms
[498.923s][info][gc,phases,start] GC(731) Phase 4: Move objects
[498.958s][info][gc,phases      ] GC(731) Phase 4: Move objects 34.193ms
[498.958s][info][gc,heap        ] GC(731) DefNew: 253458K(629120K)->0K(629120K) Eden: 184748K(559232K)->0K(559232K) From: 68710K(69888K)->0K(69888K)
[498.958s][info][gc,heap        ] GC(731) Tenured: 1343518K(1398144K)->104662K(1398144K)
[498.958s][info][gc,metaspace   ] GC(731) Metaspace: 22787K(23104K)->22787K(23104K) NonClass: 19988K(20160K)->19988K(20160K) Class: 2798K(2944K)->2798K(2944K)
[498.958s][info][gc             ] GC(731) Pause Full (System.gc()) 1559M->102M(1979M) 545.615ms
[498.958s][info][gc,cpu         ] GC(731) User=0.52s Sys=0.00s Real=0.53s
[499.137s][info][gc,start       ] GC(732) Pause Young (Allocation Failure)
[499.444s][info][gc,heap        ] GC(732) DefNew: 559232K(629120K)->69888K(629120K) Eden: 559232K(559232K)->0K(559232K) From: 0K(69888K)->69888K(69888K)
[499.445s][info][gc,heap        ] GC(732) Tenured: 104662K(1398144K)->112876K(1398144K)
[499.445s][info][gc,metaspace   ] GC(732) Metaspace: 22787K(23104K)->22787K(23104K) NonClass: 19988K(20160K)->19988K(20160K) Class: 2798K(2944K)->2798K(2944K)
[499.445s][info][gc             ] GC(732) Pause Young (Allocation Failure) 648M->178M(1979M) 307.707ms
[499.445s][info][gc,cpu         ] GC(732) User=0.31s Sys=0.00s Real=0.30s
[499.586s][info][gc,start       ] GC(733) Pause Young (Allocation Failure)
[500.066s][info][gc,heap        ] GC(733) DefNew: 629120K(629120K)->69887K(629120K) Eden: 559232K(559232K)->0K(559232K) From: 69888K(69888K)->69887K(69888K)
[500.066s][info][gc,heap        ] GC(733) Tenured: 112876K(1398144K)->179345K(1398144K)
[500.066s][info][gc,metaspace   ] GC(733) Metaspace: 22787K(23104K)->22787K(23104K) NonClass: 19988K(20160K)->19988K(20160K) Class: 2798K(2944K)->2798K(2944K)
[500.066s][info][gc             ] GC(733) Pause Young (Allocation Failure) 724M->243M(1979M) 479.367ms
[500.066s][info][gc,cpu         ] GC(733) User=0.45s Sys=0.00s Real=0.49s
[500.582s][info][gc,start       ] GC(734) Pause Young (Allocation Failure)
[500.908s][info][gc,heap        ] GC(734) DefNew: 629119K(629120K)->62963K(629120K) Eden: 559232K(559232K)->0K(559232K) From: 69887K(69888K)->62963K(69888K)
[500.908s][info][gc,heap        ] GC(734) Tenured: 179345K(1398144K)->213494K(1398144K)
[500.908s][info][gc,metaspace   ] GC(734) Metaspace: 22787K(23104K)->22787K(23104K) NonClass: 19988K(20160K)->19988K(20160K) Class: 2798K(2944K)->2798K(2944K)
[500.908s][info][gc             ] GC(734) Pause Young (Allocation Failure) 789M->269M(1979M) 326.014ms
[500.908s][info][gc,cpu         ] GC(734) User=0.33s Sys=0.00s Real=0.33s
[501.053s][info][gc,start       ] GC(735) Pause Young (Allocation Failure)
[501.502s][info][gc,heap        ] GC(735) DefNew: 622195K(629120K)->69888K(629120K) Eden: 559232K(559232K)->0K(559232K) From: 62963K(69888K)->69888K(69888K)
[501.502s][info][gc,heap        ] GC(735) Tenured: 213494K(1398144K)->274015K(1398144K)
[501.502s][info][gc,metaspace   ] GC(735) Metaspace: 22787K(23104K)->22787K(23104K) NonClass: 19988K(20160K)->19988K(20160K) Class: 2798K(2944K)->2798K(2944K)
[501.502s][info][gc             ] GC(735) Pause Young (Allocation Failure) 816M->335M(1979M) 449.056ms
[501.502s][info][gc,cpu         ] GC(735) User=0.44s Sys=0.00s Real=0.45s
[501.930s][info][gc,start       ] GC(736) Pause Young (Allocation Failure)
[502.220s][info][gc,heap        ] GC(736) DefNew: 629120K(629120K)->57285K(629120K) Eden: 559232K(559232K)->0K(559232K) From: 69888K(69888K)->57285K(69888K)
[502.220s][info][gc,heap        ] GC(736) Tenured: 274015K(1398144K)->310955K(1398144K)
[502.220s][info][gc,metaspace   ] GC(736) Metaspace: 22787K(23104K)->22787K(23104K) NonClass: 19988K(20160K)->19988K(20160K) Class: 2798K(2944K)->2798K(2944K)
[502.220s][info][gc             ] GC(736) Pause Young (Allocation Failure) 881M->359M(1979M) 289.786ms
[502.220s][info][gc,cpu         ] GC(736) User=0.28s Sys=0.00s Real=0.28s
[502.476s][info][gc,start       ] GC(737) Pause Young (Allocation Failure)
[502.813s][info][gc,heap        ] GC(737) DefNew: 616517K(629120K)->69888K(629120K) Eden: 559232K(559232K)->0K(559232K) From: 57285K(69888K)->69888K(69888K)
[502.813s][info][gc,heap        ] GC(737) Tenured: 310955K(1398144K)->352663K(1398144K)
[502.813s][info][gc,metaspace   ] GC(737) Metaspace: 22787K(23104K)->22787K(23104K) NonClass: 19988K(20160K)->19988K(20160K) Class: 2798K(2944K)->2798K(2944K)
[502.813s][info][gc             ] GC(737) Pause Young (Allocation Failure) 905M->412M(1979M) 336.682ms
[502.813s][info][gc,cpu         ] GC(737) User=0.31s Sys=0.00s Real=0.33s
[502.960s][info][gc,start       ] GC(738) Pause Young (Allocation Failure)
[503.427s][info][gc,heap        ] GC(738) DefNew: 629120K(629120K)->69887K(629120K) Eden: 559232K(559232K)->0K(559232K) From: 69888K(69888K)->69887K(69888K)
[503.427s][info][gc,heap        ] GC(738) Tenured: 352663K(1398144K)->418376K(1398144K)
[503.427s][info][gc,metaspace   ] GC(738) Metaspace: 22787K(23104K)->22787K(23104K) NonClass: 19988K(20160K)->19988K(20160K) Class: 2798K(2944K)->2798K(2944K)
[503.427s][info][gc             ] GC(738) Pause Young (Allocation Failure) 958M->476M(1979M) 467.814ms
[503.427s][info][gc,cpu         ] GC(738) User=0.45s Sys=0.00s Real=0.47s
[503.940s][info][gc,start       ] GC(739) Pause Young (Allocation Failure)
[504.216s][info][gc,heap        ] GC(739) DefNew: 629119K(629120K)->47692K(629120K) Eden: 559232K(559232K)->0K(559232K) From: 69887K(69888K)->47692K(69888K)
[504.216s][info][gc,heap        ] GC(739) Tenured: 418376K(1398144K)->453147K(1398144K)
[504.216s][info][gc,metaspace   ] GC(739) Metaspace: 22787K(23104K)->22787K(23104K) NonClass: 19988K(20160K)->19988K(20160K) Class: 2798K(2944K)->2798K(2944K)
[504.216s][info][gc             ] GC(739) Pause Young (Allocation Failure) 1022M->489M(1979M) 275.983ms
[504.216s][info][gc,cpu         ] GC(739) User=0.28s Sys=0.00s Real=0.28s
[504.358s][info][gc,start       ] GC(740) Pause Young (Allocation Failure)
[504.782s][info][gc,heap        ] GC(740) DefNew: 606924K(629120K)->69888K(629120K) Eden: 559232K(559232K)->0K(559232K) From: 47692K(69888K)->69888K(69888K)
[504.782s][info][gc,heap        ] GC(740) Tenured: 453147K(1398144K)->499072K(1398144K)
[504.782s][info][gc,metaspace   ] GC(740) Metaspace: 22787K(23104K)->22787K(23104K) NonClass: 19988K(20160K)->19988K(20160K) Class: 2798K(2944K)->2798K(2944K)
[504.782s][info][gc             ] GC(740) Pause Young (Allocation Failure) 1035M->555M(1979M) 423.299ms
[504.782s][info][gc,cpu         ] GC(740) User=0.41s Sys=0.00s Real=0.42s
[504.971s][info][gc,start       ] GC(741) Pause Young (Allocation Failure)
[505.457s][info][gc,heap        ] GC(741) DefNew: 629120K(629120K)->69888K(629120K) Eden: 559232K(559232K)->0K(559232K) From: 69888K(69888K)->69888K(69888K)
[505.457s][info][gc,heap        ] GC(741) Tenured: 499072K(1398144K)->559942K(1398144K)
[505.457s][info][gc,metaspace   ] GC(741) Metaspace: 22787K(23104K)->22787K(23104K) NonClass: 19988K(20160K)->19988K(20160K) Class: 2798K(2944K)->2798K(2944K)
[505.457s][info][gc             ] GC(741) Pause Young (Allocation Failure) 1101M->615M(1979M) 485.516ms
[505.457s][info][gc,cpu         ] GC(741) User=0.47s Sys=0.00s Real=0.49s
[506.007s][info][gc,start       ] GC(742) Pause Young (Allocation Failure)
[506.309s][info][gc,heap        ] GC(742) DefNew: 629120K(629120K)->64522K(629120K) Eden: 559232K(559232K)->0K(559232K) From: 69888K(69888K)->64522K(69888K)
[506.309s][info][gc,heap        ] GC(742) Tenured: 559942K(1398144K)->593486K(1398144K)
[506.309s][info][gc,metaspace   ] GC(742) Metaspace: 22790K(23104K)->22790K(23104K) NonClass: 19992K(20160K)->19992K(20160K) Class: 2798K(2944K)->2798K(2944K)
[506.309s][info][gc             ] GC(742) Pause Young (Allocation Failure) 1161M->642M(1979M) 302.292ms
[506.309s][info][gc,cpu         ] GC(742) User=0.28s Sys=0.00s Real=0.30s
[506.454s][info][gc,start       ] GC(743) Pause Young (Allocation Failure)
[506.877s][info][gc,heap        ] GC(743) DefNew: 623754K(629120K)->69888K(629120K) Eden: 559232K(559232K)->0K(559232K) From: 64522K(69888K)->69888K(69888K)
[506.878s][info][gc,heap        ] GC(743) Tenured: 593486K(1398144K)->656795K(1398144K)
[506.878s][info][gc,metaspace   ] GC(743) Metaspace: 22790K(23104K)->22790K(23104K) NonClass: 19992K(20160K)->19992K(20160K) Class: 2798K(2944K)->2798K(2944K)
[506.878s][info][gc             ] GC(743) Pause Young (Allocation Failure) 1188M->709M(1979M) 423.799ms
[506.878s][info][gc,cpu         ] GC(743) User=0.39s Sys=0.00s Real=0.42s
[507.321s][info][gc,start       ] GC(744) Pause Young (Allocation Failure)
[507.576s][info][gc,heap        ] GC(744) DefNew: 629120K(629120K)->44753K(629120K) Eden: 559232K(559232K)->0K(559232K) From: 69888K(69888K)->44753K(69888K)
[507.576s][info][gc,heap        ] GC(744) Tenured: 656795K(1398144K)->692493K(1398144K)
[507.576s][info][gc,metaspace   ] GC(744) Metaspace: 22790K(23104K)->22790K(23104K) NonClass: 19992K(20160K)->19992K(20160K) Class: 2798K(2944K)->2798K(2944K)
[507.576s][info][gc             ] GC(744) Pause Young (Allocation Failure) 1255M->719M(1979M) 254.739ms
[507.576s][info][gc,cpu         ] GC(744) User=0.22s Sys=0.00s Real=0.25s
[507.752s][info][gc,start       ] GC(745) Pause Young (Allocation Failure)
[508.090s][info][gc,heap        ] GC(745) DefNew: 603985K(629120K)->68303K(629120K) Eden: 559232K(559232K)->0K(559232K) From: 44753K(69888K)->68303K(69888K)
[508.090s][info][gc,heap        ] GC(745) Tenured: 692493K(1398144K)->729848K(1398144K)
[508.090s][info][gc,metaspace   ] GC(745) Metaspace: 22790K(23104K)->22790K(23104K) NonClass: 19992K(20160K)->19992K(20160K) Class: 2798K(2944K)->2798K(2944K)
[508.090s][info][gc             ] GC(745) Pause Young (Allocation Failure) 1266M->779M(1979M) 338.248ms
[508.090s][info][gc,cpu         ] GC(745) User=0.28s Sys=0.00s Real=0.33s
[508.225s][info][gc,start       ] GC(746) Pause Young (Allocation Failure)
[508.686s][info][gc,heap        ] GC(746) DefNew: 627535K(629120K)->69887K(629120K) Eden: 559232K(559232K)->0K(559232K) From: 68303K(69888K)->69887K(69888K)
[508.686s][info][gc,heap        ] GC(746) Tenured: 729848K(1398144K)->790145K(1398144K)
[508.686s][info][gc,metaspace   ] GC(746) Metaspace: 22790K(23104K)->22790K(23104K) NonClass: 19992K(20160K)->19992K(20160K) Class: 2798K(2944K)->2798K(2944K)
[508.686s][info][gc             ] GC(746) Pause Young (Allocation Failure) 1325M->839M(1979M) 460.948ms
[508.686s][info][gc,cpu         ] GC(746) User=0.47s Sys=0.00s Real=0.46s
[509.328s][info][gc,start       ] GC(747) Pause Young (Allocation Failure)
[509.621s][info][gc,heap        ] GC(747) DefNew: 629119K(629120K)->55769K(629120K) Eden: 559232K(559232K)->0K(559232K) From: 69887K(69888K)->55769K(69888K)
[509.621s][info][gc,heap        ] GC(747) Tenured: 790145K(1398144K)->821609K(1398144K)
[509.621s][info][gc,metaspace   ] GC(747) Metaspace: 22790K(23104K)->22790K(23104K) NonClass: 19992K(20160K)->19992K(20160K) Class: 2798K(2944K)->2798K(2944K)
[509.621s][info][gc             ] GC(747) Pause Young (Allocation Failure) 1386M->856M(1979M) 292.785ms
[509.621s][info][gc,cpu         ] GC(747) User=0.33s Sys=0.00s Real=0.30s
[509.773s][info][gc,start       ] GC(748) Pause Young (Allocation Failure)
[510.219s][info][gc,heap        ] GC(748) DefNew: 615001K(629120K)->69887K(629120K) Eden: 559232K(559232K)->0K(559232K) From: 55769K(69888K)->69887K(69888K)
[510.219s][info][gc,heap        ] GC(748) Tenured: 821609K(1398144K)->879456K(1398144K)
[510.219s][info][gc,metaspace   ] GC(748) Metaspace: 22790K(23104K)->22790K(23104K) NonClass: 19992K(20160K)->19992K(20160K) Class: 2798K(2944K)->2798K(2944K)
[510.219s][info][gc             ] GC(748) Pause Young (Allocation Failure) 1402M->927M(1979M) 446.280ms
[510.219s][info][gc,cpu         ] GC(748) User=0.36s Sys=0.00s Real=0.45s
[510.485s][info][gc,start       ] GC(749) Pause Young (Allocation Failure)
[510.896s][info][gc,heap        ] GC(749) DefNew: 629119K(629120K)->69888K(629120K) Eden: 559232K(559232K)->0K(559232K) From: 69887K(69888K)->69888K(69888K)
[510.896s][info][gc,heap        ] GC(749) Tenured: 879456K(1398144K)->922188K(1398144K)
[510.896s][info][gc,metaspace   ] GC(749) Metaspace: 22790K(23104K)->22790K(23104K) NonClass: 19992K(20160K)->19992K(20160K) Class: 2798K(2944K)->2798K(2944K)
[510.896s][info][gc             ] GC(749) Pause Young (Allocation Failure) 1473M->968M(1979M) 411.118ms
[510.896s][info][gc,cpu         ] GC(749) User=0.39s Sys=0.00s Real=0.41s
[511.319s][info][gc,start       ] GC(750) Pause Young (Allocation Failure)
[511.628s][info][gc,heap        ] GC(750) DefNew: 629120K(629120K)->59665K(629120K) Eden: 559232K(559232K)->0K(559232K) From: 69888K(69888K)->59665K(69888K)
[511.628s][info][gc,heap        ] GC(750) Tenured: 922188K(1398144K)->957855K(1398144K)
[511.628s][info][gc,metaspace   ] GC(750) Metaspace: 22790K(23104K)->22790K(23104K) NonClass: 19992K(20160K)->19992K(20160K) Class: 2798K(2944K)->2798K(2944K)
[511.628s][info][gc             ] GC(750) Pause Young (Allocation Failure) 1514M->993M(1979M) 309.317ms
[511.628s][info][gc,cpu         ] GC(750) User=0.30s Sys=0.00s Real=0.31s
[511.785s][info][gc,start       ] GC(751) Pause Young (Allocation Failure)
[512.223s][info][gc,heap        ] GC(751) DefNew: 618897K(629120K)->69888K(629120K) Eden: 559232K(559232K)->0K(559232K) From: 59665K(69888K)->69888K(69888K)
[512.223s][info][gc,heap        ] GC(751) Tenured: 957855K(1398144K)->1016139K(1398144K)
[512.223s][info][gc,metaspace   ] GC(751) Metaspace: 22790K(23104K)->22790K(23104K) NonClass: 19992K(20160K)->19992K(20160K) Class: 2798K(2944K)->2798K(2944K)
[512.223s][info][gc             ] GC(751) Pause Young (Allocation Failure) 1539M->1060M(1979M) 438.019ms
[512.223s][info][gc,cpu         ] GC(751) User=0.42s Sys=0.00s Real=0.44s
[512.854s][info][gc,start       ] GC(752) Pause Young (Allocation Failure)
[513.093s][info][gc,heap        ] GC(752) DefNew: 629120K(629120K)->39777K(629120K) Eden: 559232K(559232K)->0K(559232K) From: 69888K(69888K)->39777K(69888K)
[513.093s][info][gc,heap        ] GC(752) Tenured: 1016139K(1398144K)->1052610K(1398144K)
[513.093s][info][gc,metaspace   ] GC(752) Metaspace: 22793K(23104K)->22793K(23104K) NonClass: 19995K(20160K)->19995K(20160K) Class: 2798K(2944K)->2798K(2944K)
[513.093s][info][gc             ] GC(752) Pause Young (Allocation Failure) 1606M->1066M(1979M) 238.410ms
[513.093s][info][gc,cpu         ] GC(752) User=0.23s Sys=0.00s Real=0.24s
[513.241s][info][gc,start       ] GC(753) Pause Young (Allocation Failure)
[513.605s][info][gc,heap        ] GC(753) DefNew: 599009K(629120K)->69888K(629120K) Eden: 559232K(559232K)->0K(559232K) From: 39777K(69888K)->69888K(69888K)
[513.605s][info][gc,heap        ] GC(753) Tenured: 1052610K(1398144K)->1093883K(1398144K)
[513.605s][info][gc,metaspace   ] GC(753) Metaspace: 22793K(23104K)->22793K(23104K) NonClass: 19995K(20160K)->19995K(20160K) Class: 2798K(2944K)->2798K(2944K)
[513.605s][info][gc             ] GC(753) Pause Young (Allocation Failure) 1612M->1136M(1979M) 363.744ms
[513.605s][info][gc,cpu         ] GC(753) User=0.31s Sys=0.00s Real=0.36s
[513.758s][info][gc,start       ] GC(754) Pause Young (Allocation Failure)
[514.226s][info][gc,heap        ] GC(754) DefNew: 629120K(629120K)->69888K(629120K) Eden: 559232K(559232K)->0K(559232K) From: 69888K(69888K)->69888K(69888K)
[514.226s][info][gc,heap        ] GC(754) Tenured: 1093883K(1398144K)->1159404K(1398144K)
[514.226s][info][gc,metaspace   ] GC(754) Metaspace: 22793K(23104K)->22793K(23104K) NonClass: 19995K(20160K)->19995K(20160K) Class: 2798K(2944K)->2798K(2944K)
[514.226s][info][gc             ] GC(754) Pause Young (Allocation Failure) 1682M->1200M(1979M) 468.206ms
[514.226s][info][gc,cpu         ] GC(754) User=0.47s Sys=0.00s Real=0.47s
[514.785s][info][gc,start       ] GC(755) Pause Young (Allocation Failure)
[515.067s][info][gc,heap        ] GC(755) DefNew: 629120K(629120K)->56452K(629120K) Eden: 559232K(559232K)->0K(559232K) From: 69888K(69888K)->56452K(69888K)
[515.067s][info][gc,heap        ] GC(755) Tenured: 1159404K(1398144K)->1194643K(1398144K)
[515.067s][info][gc,metaspace   ] GC(755) Metaspace: 22793K(23104K)->22793K(23104K) NonClass: 19995K(20160K)->19995K(20160K) Class: 2798K(2944K)->2798K(2944K)
[515.067s][info][gc             ] GC(755) Pause Young (Allocation Failure) 1746M->1221M(1979M) 281.747ms
[515.067s][info][gc,cpu         ] GC(755) User=0.28s Sys=0.00s Real=0.28s
[515.217s][info][gc,start       ] GC(756) Pause Young (Allocation Failure)
[515.634s][info][gc,heap        ] GC(756) DefNew: 615684K(629120K)->69888K(629120K) Eden: 559232K(559232K)->0K(559232K) From: 56452K(69888K)->69888K(69888K)
[515.634s][info][gc,heap        ] GC(756) Tenured: 1194643K(1398144K)->1249477K(1398144K)
[515.634s][info][gc,metaspace   ] GC(756) Metaspace: 22793K(23104K)->22793K(23104K) NonClass: 19995K(20160K)->19995K(20160K) Class: 2798K(2944K)->2798K(2944K)
[515.634s][info][gc             ] GC(756) Pause Young (Allocation Failure) 1767M->1288M(1979M) 416.919ms
[515.634s][info][gc,cpu         ] GC(756) User=0.42s Sys=0.00s Real=0.42s
[515.959s][info][gc,start       ] GC(757) Pause Young (Allocation Failure)
[516.299s][info][gc,heap        ] GC(757) DefNew: 629120K(629120K)->66864K(629120K) Eden: 559232K(559232K)->0K(559232K) From: 69888K(69888K)->66864K(69888K)
[516.300s][info][gc,heap        ] GC(757) Tenured: 1249477K(1398144K)->1289546K(1398144K)
[516.300s][info][gc,metaspace   ] GC(757) Metaspace: 22793K(23104K)->22793K(23104K) NonClass: 19995K(20160K)->19995K(20160K) Class: 2798K(2944K)->2798K(2944K)
[516.300s][info][gc             ] GC(757) Pause Young (Allocation Failure) 1834M->1324M(1979M) 340.994ms
[516.300s][info][gc,cpu         ] GC(757) User=0.33s Sys=0.00s Real=0.33s
[516.537s][info][gc,start       ] GC(758) Pause Full (System.gc())
[516.537s][info][gc,phases,start] GC(758) Phase 1: Mark live objects
[516.717s][info][gc,phases      ] GC(758) Phase 1: Mark live objects 180.030ms
[516.717s][info][gc,phases,start] GC(758) Phase 2: Compute new object addresses
[516.949s][info][gc,phases      ] GC(758) Phase 2: Compute new object addresses 231.535ms
[516.949s][info][gc,phases,start] GC(758) Phase 3: Adjust pointers
[517.025s][info][gc,phases      ] GC(758) Phase 3: Adjust pointers 76.020ms
[517.025s][info][gc,phases,start] GC(758) Phase 4: Move objects
[517.056s][info][gc,phases      ] GC(758) Phase 4: Move objects 31.300ms
[517.057s][info][gc,heap        ] GC(758) DefNew: 231484K(629120K)->0K(629120K) Eden: 164619K(559232K)->0K(559232K) From: 66864K(69888K)->0K(69888K)
[517.057s][info][gc,heap        ] GC(758) Tenured: 1289546K(1398144K)->165897K(1398144K)
[517.057s][info][gc,metaspace   ] GC(758) Metaspace: 22793K(23104K)->22793K(23104K) NonClass: 19995K(20160K)->19995K(20160K) Class: 2798K(2944K)->2798K(2944K)
[517.057s][info][gc             ] GC(758) Pause Full (System.gc()) 1485M->162M(1979M) 519.537ms
[517.057s][info][gc,cpu         ] GC(758) User=0.44s Sys=0.00s Real=0.52s
[517.229s][info][gc,start       ] GC(759) Pause Young (Allocation Failure)
[517.545s][info][gc,heap        ] GC(759) DefNew: 559232K(629120K)->69888K(629120K) Eden: 559232K(559232K)->0K(559232K) From: 0K(69888K)->69888K(69888K)
[517.545s][info][gc,heap        ] GC(759) Tenured: 165897K(1398144K)->175807K(1398144K)
[517.545s][info][gc,metaspace   ] GC(759) Metaspace: 22793K(23104K)->22793K(23104K) NonClass: 19995K(20160K)->19995K(20160K) Class: 2798K(2944K)->2798K(2944K)
[517.545s][info][gc             ] GC(759) Pause Young (Allocation Failure) 708M->239M(1979M) 315.824ms
[517.545s][info][gc,cpu         ] GC(759) User=0.31s Sys=0.00s Real=0.31s
[517.700s][info][gc,start       ] GC(760) Pause Young (Allocation Failure)
[518.198s][info][gc,heap        ] GC(760) DefNew: 629120K(629120K)->69888K(629120K) Eden: 559232K(559232K)->0K(559232K) From: 69888K(69888K)->69888K(69888K)
[518.198s][info][gc,heap        ] GC(760) Tenured: 175807K(1398144K)->247573K(1398144K)
[518.198s][info][gc,metaspace   ] GC(760) Metaspace: 22793K(23104K)->22793K(23104K) NonClass: 19995K(20160K)->19995K(20160K) Class: 2798K(2944K)->2798K(2944K)
[518.198s][info][gc             ] GC(760) Pause Young (Allocation Failure) 786M->310M(1979M) 498.213ms
[518.198s][info][gc,cpu         ] GC(760) User=0.45s Sys=0.00s Real=0.50s
[518.697s][info][gc,start       ] GC(761) Pause Young (Allocation Failure)
[519.027s][info][gc,heap        ] GC(761) DefNew: 629120K(629120K)->59977K(629120K) Eden: 559232K(559232K)->0K(559232K) From: 69888K(69888K)->59977K(69888K)
[519.027s][info][gc,heap        ] GC(761) Tenured: 247573K(1398144K)->283859K(1398144K)
[519.027s][info][gc,metaspace   ] GC(761) Metaspace: 22793K(23104K)->22793K(23104K) NonClass: 19995K(20160K)->19995K(20160K) Class: 2798K(2944K)->2798K(2944K)
[519.027s][info][gc             ] GC(761) Pause Young (Allocation Failure) 856M->335M(1979M) 330.069ms
[519.027s][info][gc,cpu         ] GC(761) User=0.33s Sys=0.00s Real=0.33s
[519.164s][info][gc,start       ] GC(762) Pause Young (Allocation Failure)
[519.616s][info][gc,heap        ] GC(762) DefNew: 619209K(629120K)->69887K(629120K) Eden: 559232K(559232K)->0K(559232K) From: 59977K(69888K)->69887K(69888K)
[519.617s][info][gc,heap        ] GC(762) Tenured: 283859K(1398144K)->340655K(1398144K)
[519.617s][info][gc,metaspace   ] GC(762) Metaspace: 22793K(23104K)->22793K(23104K) NonClass: 19995K(20160K)->19995K(20160K) Class: 2798K(2944K)->2798K(2944K)
[519.617s][info][gc             ] GC(762) Pause Young (Allocation Failure) 881M->400M(1979M) 452.264ms
[519.617s][info][gc,cpu         ] GC(762) User=0.44s Sys=0.00s Real=0.46s
[520.034s][info][gc,start       ] GC(763) Pause Young (Allocation Failure)
[520.332s][info][gc,heap        ] GC(763) DefNew: 629119K(629120K)->60111K(629120K) Eden: 559232K(559232K)->0K(559232K) From: 69887K(69888K)->60111K(69888K)
[520.332s][info][gc,heap        ] GC(763) Tenured: 340655K(1398144K)->377032K(1398144K)
[520.332s][info][gc,metaspace   ] GC(763) Metaspace: 22793K(23104K)->22793K(23104K) NonClass: 19995K(20160K)->19995K(20160K) Class: 2798K(2944K)->2798K(2944K)
[520.332s][info][gc             ] GC(763) Pause Young (Allocation Failure) 947M->426M(1979M) 298.170ms
[520.332s][info][gc,cpu         ] GC(763) User=0.28s Sys=0.00s Real=0.30s
[520.657s][info][gc,start       ] GC(764) Pause Young (Allocation Failure)
[520.962s][info][gc,heap        ] GC(764) DefNew: 619343K(629120K)->61729K(629120K) Eden: 559232K(559232K)->0K(559232K) From: 60111K(69888K)->61729K(69888K)
[520.962s][info][gc,heap        ] GC(764) Tenured: 377032K(1398144K)->413711K(1398144K)
[520.962s][info][gc,metaspace   ] GC(764) Metaspace: 22793K(23104K)->22793K(23104K) NonClass: 19995K(20160K)->19995K(20160K) Class: 2798K(2944K)->2798K(2944K)
[520.962s][info][gc             ] GC(764) Pause Young (Allocation Failure) 973M->464M(1979M) 305.424ms
[520.962s][info][gc,cpu         ] GC(764) User=0.30s Sys=0.00s Real=0.30s
[521.111s][info][gc,start       ] GC(765) Pause Young (Allocation Failure)
[521.566s][info][gc,heap        ] GC(765) DefNew: 620961K(629120K)->69888K(629120K) Eden: 559232K(559232K)->0K(559232K) From: 61729K(69888K)->69888K(69888K)
[521.566s][info][gc,heap        ] GC(765) Tenured: 413711K(1398144K)->471035K(1398144K)
[521.566s][info][gc,metaspace   ] GC(765) Metaspace: 22793K(23104K)->22793K(23104K) NonClass: 19995K(20160K)->19995K(20160K) Class: 2798K(2944K)->2798K(2944K)
[521.566s][info][gc             ] GC(765) Pause Young (Allocation Failure) 1010M->528M(1979M) 455.033ms
[521.566s][info][gc,cpu         ] GC(765) User=0.41s Sys=0.00s Real=0.45s
[522.178s][info][gc,start       ] GC(766) Pause Young (Allocation Failure)
[522.466s][info][gc,heap        ] GC(766) DefNew: 629120K(629120K)->53381K(629120K) Eden: 559232K(559232K)->0K(559232K) From: 69888K(69888K)->53381K(69888K)
[522.466s][info][gc,heap        ] GC(766) Tenured: 471035K(1398144K)->507561K(1398144K)
[522.466s][info][gc,metaspace   ] GC(766) Metaspace: 22793K(23104K)->22793K(23104K) NonClass: 19995K(20160K)->19995K(20160K) Class: 2798K(2944K)->2798K(2944K)
[522.466s][info][gc             ] GC(766) Pause Young (Allocation Failure) 1074M->547M(1979M) 288.781ms
[522.466s][info][gc,cpu         ] GC(766) User=0.31s Sys=0.00s Real=0.28s
[522.611s][info][gc,start       ] GC(767) Pause Young (Allocation Failure)
[523.033s][info][gc,heap        ] GC(767) DefNew: 612613K(629120K)->69888K(629120K) Eden: 559232K(559232K)->0K(559232K) From: 53381K(69888K)->69888K(69888K)
[523.033s][info][gc,heap        ] GC(767) Tenured: 507561K(1398144K)->559358K(1398144K)
[523.033s][info][gc,metaspace   ] GC(767) Metaspace: 22793K(23104K)->22793K(23104K) NonClass: 19995K(20160K)->19995K(20160K) Class: 2798K(2944K)->2798K(2944K)
[523.033s][info][gc             ] GC(767) Pause Young (Allocation Failure) 1093M->614M(1979M) 422.304ms
[523.033s][info][gc,cpu         ] GC(767) User=0.34s Sys=0.00s Real=0.42s
[523.289s][info][gc,start       ] GC(768) Pause Young (Allocation Failure)
[523.745s][info][gc,heap        ] GC(768) DefNew: 629120K(629120K)->69888K(629120K) Eden: 559232K(559232K)->0K(559232K) From: 69888K(69888K)->69888K(69888K)
[523.746s][info][gc,heap        ] GC(768) Tenured: 559358K(1398144K)->609724K(1398144K)
[523.746s][info][gc,metaspace   ] GC(768) Metaspace: 22793K(23104K)->22793K(23104K) NonClass: 19995K(20160K)->19995K(20160K) Class: 2798K(2944K)->2798K(2944K)
[523.746s][info][gc             ] GC(768) Pause Young (Allocation Failure) 1160M->663M(1979M) 456.451ms
[523.746s][info][gc,cpu         ] GC(768) User=0.44s Sys=0.00s Real=0.44s
[524.191s][info][gc,start       ] GC(769) Pause Young (Allocation Failure)
[524.496s][info][gc,heap        ] GC(769) DefNew: 629120K(629120K)->60818K(629120K) Eden: 559232K(559232K)->0K(559232K) From: 69888K(69888K)->60818K(69888K)
[524.496s][info][gc,heap        ] GC(769) Tenured: 609724K(1398144K)->643794K(1398144K)
[524.496s][info][gc,metaspace   ] GC(769) Metaspace: 22793K(23104K)->22793K(23104K) NonClass: 19995K(20160K)->19995K(20160K) Class: 2798K(2944K)->2798K(2944K)
[524.496s][info][gc             ] GC(769) Pause Young (Allocation Failure) 1209M->688M(1979M) 304.876ms
[524.496s][info][gc,cpu         ] GC(769) User=0.31s Sys=0.00s Real=0.30s
[524.648s][info][gc,start       ] GC(770) Pause Young (Allocation Failure)
[525.100s][info][gc,heap        ] GC(770) DefNew: 620050K(629120K)->69888K(629120K) Eden: 559232K(559232K)->0K(559232K) From: 60818K(69888K)->69888K(69888K)
[525.101s][info][gc,heap        ] GC(770) Tenured: 643794K(1398144K)->702331K(1398144K)
[525.101s][info][gc,metaspace   ] GC(770) Metaspace: 22793K(23104K)->22793K(23104K) NonClass: 19995K(20160K)->19995K(20160K) Class: 2798K(2944K)->2798K(2944K)
[525.101s][info][gc             ] GC(770) Pause Young (Allocation Failure) 1234M->754M(1979M) 452.942ms
[525.101s][info][gc,cpu         ] GC(770) User=0.45s Sys=0.00s Real=0.46s
[525.614s][info][gc,start       ] GC(771) Pause Young (Allocation Failure)
[525.880s][info][gc,heap        ] GC(771) DefNew: 629120K(629120K)->48454K(629120K) Eden: 559232K(559232K)->0K(559232K) From: 69888K(69888K)->48454K(69888K)
[525.880s][info][gc,heap        ] GC(771) Tenured: 702331K(1398144K)->738635K(1398144K)
[525.880s][info][gc,metaspace   ] GC(771) Metaspace: 22793K(23104K)->22793K(23104K) NonClass: 19995K(20160K)->19995K(20160K) Class: 2798K(2944K)->2798K(2944K)
[525.880s][info][gc             ] GC(771) Pause Young (Allocation Failure) 1300M->768M(1979M) 265.824ms
[525.880s][info][gc,cpu         ] GC(771) User=0.27s Sys=0.00s Real=0.27s
[526.114s][info][gc,start       ] GC(772) Pause Young (Allocation Failure)
[526.479s][info][gc,heap        ] GC(772) DefNew: 607686K(629120K)->69888K(629120K) Eden: 559232K(559232K)->0K(559232K) From: 48454K(69888K)->69888K(69888K)
[526.479s][info][gc,heap        ] GC(772) Tenured: 738635K(1398144K)->782480K(1398144K)
[526.479s][info][gc,metaspace   ] GC(772) Metaspace: 22793K(23104K)->22793K(23104K) NonClass: 19995K(20160K)->19995K(20160K) Class: 2798K(2944K)->2798K(2944K)
[526.479s][info][gc             ] GC(772) Pause Young (Allocation Failure) 1314M->832M(1979M) 365.585ms
[526.479s][info][gc,cpu         ] GC(772) User=0.36s Sys=0.00s Real=0.38s
[526.618s][info][gc,start       ] GC(773) Pause Young (Allocation Failure)
[527.099s][info][gc,heap        ] GC(773) DefNew: 629120K(629120K)->69887K(629120K) Eden: 559232K(559232K)->0K(559232K) From: 69888K(69888K)->69887K(69888K)
[527.099s][info][gc,heap        ] GC(773) Tenured: 782480K(1398144K)->848107K(1398144K)
[527.099s][info][gc,metaspace   ] GC(773) Metaspace: 22793K(23104K)->22793K(23104K) NonClass: 19995K(20160K)->19995K(20160K) Class: 2798K(2944K)->2798K(2944K)
[527.099s][info][gc             ] GC(773) Pause Young (Allocation Failure) 1378M->896M(1979M) 480.356ms
[527.099s][info][gc,cpu         ] GC(773) User=0.48s Sys=0.00s Real=0.49s
[527.640s][info][gc,start       ] GC(774) Pause Young (Allocation Failure)
[527.939s][info][gc,heap        ] GC(774) DefNew: 629119K(629120K)->58046K(629120K) Eden: 559232K(559232K)->0K(559232K) From: 69887K(69888K)->58046K(69888K)
[527.939s][info][gc,heap        ] GC(774) Tenured: 848107K(1398144K)->881003K(1398144K)
[527.939s][info][gc,metaspace   ] GC(774) Metaspace: 22793K(23104K)->22793K(23104K) NonClass: 19995K(20160K)->19995K(20160K) Class: 2798K(2944K)->2798K(2944K)
[527.939s][info][gc             ] GC(774) Pause Young (Allocation Failure) 1442M->917M(1979M) 298.798ms
[527.939s][info][gc,cpu         ] GC(774) User=0.33s Sys=0.00s Real=0.30s
[528.080s][info][gc,start       ] GC(775) Pause Young (Allocation Failure)
[528.496s][info][gc,heap        ] GC(775) DefNew: 617278K(629120K)->69887K(629120K) Eden: 559232K(559232K)->0K(559232K) From: 58046K(69888K)->69887K(69888K)
[528.496s][info][gc,heap        ] GC(775) Tenured: 881003K(1398144K)->934115K(1398144K)
[528.496s][info][gc,metaspace   ] GC(775) Metaspace: 22793K(23104K)->22793K(23104K) NonClass: 19995K(20160K)->19995K(20160K) Class: 2798K(2944K)->2798K(2944K)
[528.496s][info][gc             ] GC(775) Pause Young (Allocation Failure) 1463M->980M(1979M) 415.580ms
[528.496s][info][gc,cpu         ] GC(775) User=0.36s Sys=0.00s Real=0.41s
[528.816s][info][gc,start       ] GC(776) Pause Young (Allocation Failure)
[529.179s][info][gc,heap        ] GC(776) DefNew: 629119K(629120K)->67775K(629120K) Eden: 559232K(559232K)->0K(559232K) From: 69887K(69888K)->67775K(69888K)
[529.179s][info][gc,heap        ] GC(776) Tenured: 934115K(1398144K)->974358K(1398144K)
[529.179s][info][gc,metaspace   ] GC(776) Metaspace: 22793K(23104K)->22793K(23104K) NonClass: 19995K(20160K)->19995K(20160K) Class: 2798K(2944K)->2798K(2944K)
[529.179s][info][gc             ] GC(776) Pause Young (Allocation Failure) 1526M->1017M(1979M) 363.146ms
[529.179s][info][gc,cpu         ] GC(776) User=0.31s Sys=0.00s Real=0.36s
[529.574s][info][gc,start       ] GC(777) Pause Young (Allocation Failure)
[529.891s][info][gc,heap        ] GC(777) DefNew: 627007K(629120K)->64592K(629120K) Eden: 559232K(559232K)->0K(559232K) From: 67775K(69888K)->64592K(69888K)
[529.891s][info][gc,heap        ] GC(777) Tenured: 974358K(1398144K)->1010061K(1398144K)
[529.891s][info][gc,metaspace   ] GC(777) Metaspace: 22793K(23104K)->22793K(23104K) NonClass: 19995K(20160K)->19995K(20160K) Class: 2798K(2944K)->2798K(2944K)
[529.891s][info][gc             ] GC(777) Pause Young (Allocation Failure) 1563M->1049M(1979M) 317.474ms
[529.891s][info][gc,cpu         ] GC(777) User=0.31s Sys=0.00s Real=0.31s
[530.045s][info][gc,start       ] GC(778) Pause Young (Allocation Failure)
[530.500s][info][gc,heap        ] GC(778) DefNew: 623824K(629120K)->69887K(629120K) Eden: 559232K(559232K)->0K(559232K) From: 64592K(69888K)->69887K(69888K)
[530.500s][info][gc,heap        ] GC(778) Tenured: 1010061K(1398144K)->1070573K(1398144K)
[530.500s][info][gc,metaspace   ] GC(778) Metaspace: 22793K(23104K)->22793K(23104K) NonClass: 19995K(20160K)->19995K(20160K) Class: 2798K(2944K)->2798K(2944K)
[530.500s][info][gc             ] GC(778) Pause Young (Allocation Failure) 1595M->1113M(1979M) 454.473ms
[530.500s][info][gc,cpu         ] GC(778) User=0.42s Sys=0.02s Real=0.46s
[531.051s][info][gc,start       ] GC(779) Pause Young (Allocation Failure)
[531.294s][info][gc,heap        ] GC(779) DefNew: 629119K(629120K)->42598K(629120K) Eden: 559232K(559232K)->0K(559232K) From: 69887K(69888K)->42598K(69888K)
[531.294s][info][gc,heap        ] GC(779) Tenured: 1070573K(1398144K)->1106399K(1398144K)
[531.294s][info][gc,metaspace   ] GC(779) Metaspace: 22795K(23104K)->22795K(23104K) NonClass: 19996K(20160K)->19996K(20160K) Class: 2798K(2944K)->2798K(2944K)
[531.294s][info][gc             ] GC(779) Pause Young (Allocation Failure) 1659M->1122M(1979M) 243.116ms
[531.294s][info][gc,cpu         ] GC(779) User=0.25s Sys=0.00s Real=0.24s
[531.442s][info][gc,start       ] GC(780) Pause Young (Allocation Failure)
[531.817s][info][gc,heap        ] GC(780) DefNew: 601830K(629120K)->69888K(629120K) Eden: 559232K(559232K)->0K(559232K) From: 42598K(69888K)->69888K(69888K)
[531.817s][info][gc,heap        ] GC(780) Tenured: 1106399K(1398144K)->1149644K(1398144K)
[531.817s][info][gc,metaspace   ] GC(780) Metaspace: 22795K(23104K)->22795K(23104K) NonClass: 19996K(20160K)->19996K(20160K) Class: 2798K(2944K)->2798K(2944K)
[531.817s][info][gc             ] GC(780) Pause Young (Allocation Failure) 1668M->1190M(1979M) 375.369ms
[531.817s][info][gc,cpu         ] GC(780) User=0.38s Sys=0.00s Real=0.38s
[531.966s][info][gc,start       ] GC(781) Pause Young (Allocation Failure)
[532.446s][info][gc,heap        ] GC(781) DefNew: 629120K(629120K)->69888K(629120K) Eden: 559232K(559232K)->0K(559232K) From: 69888K(69888K)->69888K(69888K)
[532.446s][info][gc,heap        ] GC(781) Tenured: 1149644K(1398144K)->1216859K(1398144K)
[532.446s][info][gc,metaspace   ] GC(781) Metaspace: 22795K(23104K)->22795K(23104K) NonClass: 19996K(20160K)->19996K(20160K) Class: 2798K(2944K)->2798K(2944K)
[532.447s][info][gc             ] GC(781) Pause Young (Allocation Failure) 1737M->1256M(1979M) 480.245ms
[532.447s][info][gc,cpu         ] GC(781) User=0.47s Sys=0.00s Real=0.47s
[532.983s][info][gc,start       ] GC(782) Pause Young (Allocation Failure)
[533.277s][info][gc,heap        ] GC(782) DefNew: 629120K(629120K)->57760K(629120K) Eden: 559232K(559232K)->0K(559232K) From: 69888K(69888K)->57760K(69888K)
[533.277s][info][gc,heap        ] GC(782) Tenured: 1216859K(1398144K)->1249786K(1398144K)
[533.277s][info][gc,metaspace   ] GC(782) Metaspace: 22795K(23104K)->22795K(23104K) NonClass: 19996K(20160K)->19996K(20160K) Class: 2798K(2944K)->2798K(2944K)
[533.277s][info][gc             ] GC(782) Pause Young (Allocation Failure) 1802M->1276M(1979M) 293.876ms
[533.277s][info][gc,cpu         ] GC(782) User=0.28s Sys=0.00s Real=0.28s
[533.428s][info][gc,start       ] GC(783) Pause Young (Allocation Failure)
[533.871s][info][gc,heap        ] GC(783) DefNew: 616992K(629120K)->69888K(629120K) Eden: 559232K(559232K)->0K(559232K) From: 57760K(69888K)->69888K(69888K)
[533.871s][info][gc,heap        ] GC(783) Tenured: 1249786K(1398144K)->1308673K(1398144K)
[533.871s][info][gc,metaspace   ] GC(783) Metaspace: 22795K(23104K)->22795K(23104K) NonClass: 19996K(20160K)->19996K(20160K) Class: 2798K(2944K)->2798K(2944K)
[533.871s][info][gc             ] GC(783) Pause Young (Allocation Failure) 1823M->1346M(1979M) 442.458ms
[533.871s][info][gc,cpu         ] GC(783) User=0.44s Sys=0.00s Real=0.45s
[534.250s][info][gc,start       ] GC(784) Pause Young (Allocation Failure)
[534.562s][info][gc,heap        ] GC(784) DefNew: 629120K(629120K)->64083K(629120K) Eden: 559232K(559232K)->0K(559232K) From: 69888K(69888K)->64083K(69888K)
[534.562s][info][gc,heap        ] GC(784) Tenured: 1308673K(1398144K)->1345159K(1398144K)
[534.562s][info][gc,metaspace   ] GC(784) Metaspace: 22795K(23104K)->22795K(23104K) NonClass: 19996K(20160K)->19996K(20160K) Class: 2798K(2944K)->2798K(2944K)
[534.562s][info][gc             ] GC(784) Pause Young (Allocation Failure) 1892M->1376M(1979M) 311.919ms
[534.562s][info][gc,cpu         ] GC(784) User=0.23s Sys=0.00s Real=0.31s
[534.750s][info][gc,start       ] GC(785) Pause Full (System.gc())
[534.750s][info][gc,phases,start] GC(785) Phase 1: Mark live objects
[534.936s][info][gc,phases      ] GC(785) Phase 1: Mark live objects 185.969ms
[534.936s][info][gc,phases,start] GC(785) Phase 2: Compute new object addresses
[535.159s][info][gc,phases      ] GC(785) Phase 2: Compute new object addresses 223.286ms
[535.159s][info][gc,phases,start] GC(785) Phase 3: Adjust pointers
[535.231s][info][gc,phases      ] GC(785) Phase 3: Adjust pointers 71.108ms
[535.231s][info][gc,phases,start] GC(785) Phase 4: Move objects
[535.260s][info][gc,phases      ] GC(785) Phase 4: Move objects 29.327ms
[535.260s][info][gc,heap        ] GC(785) DefNew: 193279K(629120K)->0K(629120K) Eden: 129195K(559232K)->0K(559232K) From: 64083K(69888K)->0K(69888K)
[535.260s][info][gc,heap        ] GC(785) Tenured: 1345159K(1398144K)->165918K(1398144K)
[535.260s][info][gc,metaspace   ] GC(785) Metaspace: 22797K(23104K)->22797K(23104K) NonClass: 19998K(20160K)->19998K(20160K) Class: 2798K(2944K)->2798K(2944K)
[535.260s][info][gc             ] GC(785) Pause Full (System.gc()) 1502M->162M(1979M) 510.360ms
[535.260s][info][gc,cpu         ] GC(785) User=0.44s Sys=0.00s Real=0.50s
[535.415s][info][gc,start       ] GC(786) Pause Young (Allocation Failure)
[535.743s][info][gc,heap        ] GC(786) DefNew: 559232K(629120K)->69887K(629120K) Eden: 559232K(559232K)->0K(559232K) From: 0K(69888K)->69887K(69888K)
[535.743s][info][gc,heap        ] GC(786) Tenured: 165918K(1398144K)->171010K(1398144K)
[535.743s][info][gc,metaspace   ] GC(786) Metaspace: 22801K(23104K)->22801K(23104K) NonClass: 20003K(20160K)->20003K(20160K) Class: 2798K(2944K)->2798K(2944K)
[535.743s][info][gc             ] GC(786) Pause Young (Allocation Failure) 708M->235M(1979M) 328.473ms
[535.743s][info][gc,cpu         ] GC(786) User=0.31s Sys=0.00s Real=0.33s
[535.891s][info][gc,start       ] GC(787) Pause Young (Allocation Failure)
[536.364s][info][gc,heap        ] GC(787) DefNew: 629119K(629120K)->69888K(629120K) Eden: 559232K(559232K)->0K(559232K) From: 69887K(69888K)->69888K(69888K)
[536.364s][info][gc,heap        ] GC(787) Tenured: 171010K(1398144K)->235408K(1398144K)
[536.364s][info][gc,metaspace   ] GC(787) Metaspace: 22801K(23104K)->22801K(23104K) NonClass: 20003K(20160K)->20003K(20160K) Class: 2798K(2944K)->2798K(2944K)
[536.364s][info][gc             ] GC(787) Pause Young (Allocation Failure) 781M->298M(1979M) 473.022ms
[536.364s][info][gc,cpu         ] GC(787) User=0.42s Sys=0.00s Real=0.47s
[536.905s][info][gc,start       ] GC(788) Pause Young (Allocation Failure)
[537.198s][info][gc,heap        ] GC(788) DefNew: 629120K(629120K)->58628K(629120K) Eden: 559232K(559232K)->0K(559232K) From: 69888K(69888K)->58628K(69888K)
[537.198s][info][gc,heap        ] GC(788) Tenured: 235408K(1398144K)->270400K(1398144K)
[537.198s][info][gc,metaspace   ] GC(788) Metaspace: 22801K(23104K)->22801K(23104K) NonClass: 20003K(20160K)->20003K(20160K) Class: 2798K(2944K)->2798K(2944K)
[537.198s][info][gc             ] GC(788) Pause Young (Allocation Failure) 844M->321M(1979M) 293.705ms
[537.198s][info][gc,cpu         ] GC(788) User=0.25s Sys=0.00s Real=0.28s
[537.346s][info][gc,start       ] GC(789) Pause Young (Allocation Failure)
[537.767s][info][gc,heap        ] GC(789) DefNew: 617860K(629120K)->69887K(629120K) Eden: 559232K(559232K)->0K(559232K) From: 58628K(69888K)->69887K(69888K)
[537.767s][info][gc,heap        ] GC(789) Tenured: 270400K(1398144K)->326494K(1398144K)
[537.767s][info][gc,metaspace   ] GC(789) Metaspace: 22801K(23104K)->22801K(23104K) NonClass: 20003K(20160K)->20003K(20160K) Class: 2798K(2944K)->2798K(2944K)
[537.767s][info][gc             ] GC(789) Pause Young (Allocation Failure) 867M->387M(1979M) 421.515ms
[537.767s][info][gc,cpu         ] GC(789) User=0.36s Sys=0.00s Real=0.42s
[538.128s][info][gc,start       ] GC(790) Pause Young (Allocation Failure)
[538.438s][info][gc,heap        ] GC(790) DefNew: 629119K(629120K)->64722K(629120K) Eden: 559232K(559232K)->0K(559232K) From: 69887K(69888K)->64722K(69888K)
[538.438s][info][gc,heap        ] GC(790) Tenured: 326494K(1398144K)->362659K(1398144K)
[538.438s][info][gc,metaspace   ] GC(790) Metaspace: 22801K(23104K)->22801K(23104K) NonClass: 20003K(20160K)->20003K(20160K) Class: 2798K(2944K)->2798K(2944K)
[538.438s][info][gc             ] GC(790) Pause Young (Allocation Failure) 933M->417M(1979M) 310.303ms
[538.438s][info][gc,cpu         ] GC(790) User=0.30s Sys=0.00s Real=0.31s
[538.754s][info][gc,start       ] GC(791) Pause Young (Allocation Failure)
[539.092s][info][gc,heap        ] GC(791) DefNew: 623954K(629120K)->69888K(629120K) Eden: 559232K(559232K)->0K(559232K) From: 64722K(69888K)->69888K(69888K)
[539.092s][info][gc,heap        ] GC(791) Tenured: 362659K(1398144K)->405577K(1398144K)
[539.092s][info][gc,metaspace   ] GC(791) Metaspace: 22808K(23104K)->22808K(23104K) NonClass: 20010K(20160K)->20010K(20160K) Class: 2798K(2944K)->2798K(2944K)
[539.092s][info][gc             ] GC(791) Pause Young (Allocation Failure) 963M->464M(1979M) 337.739ms
[539.092s][info][gc,cpu         ] GC(791) User=0.28s Sys=0.00s Real=0.33s
[539.242s][info][gc,start       ] GC(792) Pause Young (Allocation Failure)
[539.717s][info][gc,heap        ] GC(792) DefNew: 629120K(629120K)->69888K(629120K) Eden: 559232K(559232K)->0K(559232K) From: 69888K(69888K)->69888K(69888K)
[539.717s][info][gc,heap        ] GC(792) Tenured: 405577K(1398144K)->471217K(1398144K)
[539.717s][info][gc,metaspace   ] GC(792) Metaspace: 22808K(23104K)->22808K(23104K) NonClass: 20010K(20160K)->20010K(20160K) Class: 2798K(2944K)->2798K(2944K)
[539.717s][info][gc             ] GC(792) Pause Young (Allocation Failure) 1010M->528M(1979M) 475.023ms
[539.717s][info][gc,cpu         ] GC(792) User=0.47s Sys=0.00s Real=0.47s
[540.208s][info][gc,start       ] GC(793) Pause Young (Allocation Failure)
[540.502s][info][gc,heap        ] GC(793) DefNew: 629120K(629120K)->53125K(629120K) Eden: 559232K(559232K)->0K(559232K) From: 69888K(69888K)->53125K(69888K)
[540.502s][info][gc,heap        ] GC(793) Tenured: 471217K(1398144K)->506035K(1398144K)
[540.502s][info][gc,metaspace   ] GC(793) Metaspace: 22808K(23104K)->22808K(23104K) NonClass: 20010K(20160K)->20010K(20160K) Class: 2798K(2944K)->2798K(2944K)
[540.502s][info][gc             ] GC(793) Pause Young (Allocation Failure) 1074M->546M(1979M) 294.117ms
[540.502s][info][gc,cpu         ] GC(793) User=0.31s Sys=0.00s Real=0.28s
[540.647s][info][gc,start       ] GC(794) Pause Young (Allocation Failure)
[541.070s][info][gc,heap        ] GC(794) DefNew: 612357K(629120K)->69888K(629120K) Eden: 559232K(559232K)->0K(559232K) From: 53125K(69888K)->69888K(69888K)
[541.070s][info][gc,heap        ] GC(794) Tenured: 506035K(1398144K)->556749K(1398144K)
[541.070s][info][gc,metaspace   ] GC(794) Metaspace: 22808K(23104K)->22808K(23104K) NonClass: 20010K(20160K)->20010K(20160K) Class: 2798K(2944K)->2798K(2944K)
[541.070s][info][gc             ] GC(794) Pause Young (Allocation Failure) 1092M->611M(1979M) 422.499ms
[541.070s][info][gc,cpu         ] GC(794) User=0.44s Sys=0.00s Real=0.42s
[541.328s][info][gc,start       ] GC(795) Pause Young (Allocation Failure)
[541.763s][info][gc,heap        ] GC(795) DefNew: 629120K(629120K)->69887K(629120K) Eden: 559232K(559232K)->0K(559232K) From: 69888K(69888K)->69887K(69888K)
[541.763s][info][gc,heap        ] GC(795) Tenured: 556749K(1398144K)->606382K(1398144K)
[541.763s][info][gc,metaspace   ] GC(795) Metaspace: 22808K(23104K)->22808K(23104K) NonClass: 20010K(20160K)->20010K(20160K) Class: 2798K(2944K)->2798K(2944K)
[541.763s][info][gc             ] GC(795) Pause Young (Allocation Failure) 1158M->660M(1979M) 435.275ms
[541.763s][info][gc,cpu         ] GC(795) User=0.42s Sys=0.00s Real=0.44s
[542.237s][info][gc,start       ] GC(796) Pause Young (Allocation Failure)
[542.541s][info][gc,heap        ] GC(796) DefNew: 629119K(629120K)->66508K(629120K) Eden: 559232K(559232K)->0K(559232K) From: 69887K(69888K)->66508K(69888K)
[542.541s][info][gc,heap        ] GC(796) Tenured: 606382K(1398144K)->641130K(1398144K)
[542.541s][info][gc,metaspace   ] GC(796) Metaspace: 22808K(23104K)->22808K(23104K) NonClass: 20010K(20160K)->20010K(20160K) Class: 2798K(2944K)->2798K(2944K)
[542.541s][info][gc             ] GC(796) Pause Young (Allocation Failure) 1206M->691M(1979M) 304.253ms
[542.541s][info][gc,cpu         ] GC(796) User=0.28s Sys=0.00s Real=0.30s
[542.685s][info][gc,start       ] GC(797) Pause Young (Allocation Failure)
[543.127s][info][gc,heap        ] GC(797) DefNew: 625740K(629120K)->69888K(629120K) Eden: 559232K(559232K)->0K(559232K) From: 66508K(69888K)->69888K(69888K)
[543.127s][info][gc,heap        ] GC(797) Tenured: 641130K(1398144K)->705485K(1398144K)
[543.127s][info][gc,metaspace   ] GC(797) Metaspace: 22808K(23104K)->22808K(23104K) NonClass: 20010K(20160K)->20010K(20160K) Class: 2798K(2944K)->2798K(2944K)
[543.127s][info][gc             ] GC(797) Pause Young (Allocation Failure) 1237M->757M(1979M) 441.788ms
[543.127s][info][gc,cpu         ] GC(797) User=0.44s Sys=0.00s Real=0.44s
[543.676s][info][gc,start       ] GC(798) Pause Young (Allocation Failure)
[543.914s][info][gc,heap        ] GC(798) DefNew: 629120K(629120K)->39724K(629120K) Eden: 559232K(559232K)->0K(559232K) From: 69888K(69888K)->39724K(69888K)
[543.914s][info][gc,heap        ] GC(798) Tenured: 705485K(1398144K)->739822K(1398144K)
[543.914s][info][gc,metaspace   ] GC(798) Metaspace: 22808K(23104K)->22808K(23104K) NonClass: 20010K(20160K)->20010K(20160K) Class: 2798K(2944K)->2798K(2944K)
[543.914s][info][gc             ] GC(798) Pause Young (Allocation Failure) 1303M->761M(1979M) 237.758ms
[543.914s][info][gc,cpu         ] GC(798) User=0.22s Sys=0.00s Real=0.22s
[544.063s][info][gc,start       ] GC(799) Pause Young (Allocation Failure)
[544.433s][info][gc,heap        ] GC(799) DefNew: 598956K(629120K)->69888K(629120K) Eden: 559232K(559232K)->0K(559232K) From: 39724K(69888K)->69888K(69888K)
[544.433s][info][gc,heap        ] GC(799) Tenured: 739822K(1398144K)->780458K(1398144K)
[544.433s][info][gc,metaspace   ] GC(799) Metaspace: 22808K(23104K)->22808K(23104K) NonClass: 20010K(20160K)->20010K(20160K) Class: 2798K(2944K)->2798K(2944K)
[544.433s][info][gc             ] GC(799) Pause Young (Allocation Failure) 1307M->830M(1979M) 370.617ms
[544.433s][info][gc,cpu         ] GC(799) User=0.38s Sys=0.00s Real=0.36s
[544.588s][info][gc,start       ] GC(800) Pause Young (Allocation Failure)
[545.076s][info][gc,heap        ] GC(800) DefNew: 629120K(629120K)->69888K(629120K) Eden: 559232K(559232K)->0K(559232K) From: 69888K(69888K)->69888K(69888K)
[545.076s][info][gc,heap        ] GC(800) Tenured: 780458K(1398144K)->848694K(1398144K)
[545.076s][info][gc,metaspace   ] GC(800) Metaspace: 22808K(23104K)->22808K(23104K) NonClass: 20010K(20160K)->20010K(20160K) Class: 2798K(2944K)->2798K(2944K)
[545.076s][info][gc             ] GC(800) Pause Young (Allocation Failure) 1376M->897M(1979M) 488.541ms
[545.076s][info][gc,cpu         ] GC(800) User=0.48s Sys=0.00s Real=0.49s
[545.635s][info][gc,start       ] GC(801) Pause Young (Allocation Failure)
[545.929s][info][gc,heap        ] GC(801) DefNew: 629120K(629120K)->58822K(629120K) Eden: 559232K(559232K)->0K(559232K) From: 69888K(69888K)->58822K(69888K)
[545.929s][info][gc,heap        ] GC(801) Tenured: 848694K(1398144K)->883563K(1398144K)
[545.929s][info][gc,metaspace   ] GC(801) Metaspace: 22814K(23168K)->22814K(23168K) NonClass: 20015K(20224K)->20015K(20224K) Class: 2798K(2944K)->2798K(2944K)
[545.929s][info][gc             ] GC(801) Pause Young (Allocation Failure) 1443M->920M(1979M) 294.560ms
[545.929s][info][gc,cpu         ] GC(801) User=0.27s Sys=0.00s Real=0.30s
[546.079s][info][gc,start       ] GC(802) Pause Young (Allocation Failure)
[546.510s][info][gc,heap        ] GC(802) DefNew: 618054K(629120K)->69888K(629120K) Eden: 559232K(559232K)->0K(559232K) From: 58822K(69888K)->69888K(69888K)
[546.510s][info][gc,heap        ] GC(802) Tenured: 883563K(1398144K)->941202K(1398144K)
[546.510s][info][gc,metaspace   ] GC(802) Metaspace: 22814K(23168K)->22814K(23168K) NonClass: 20015K(20224K)->20015K(20224K) Class: 2798K(2944K)->2798K(2944K)
[546.510s][info][gc             ] GC(802) Pause Young (Allocation Failure) 1466M->987M(1979M) 430.833ms
[546.510s][info][gc,cpu         ] GC(802) User=0.44s Sys=0.00s Real=0.44s
[546.913s][info][gc,start       ] GC(803) Pause Young (Allocation Failure)
[547.220s][info][gc,heap        ] GC(803) DefNew: 629120K(629120K)->64826K(629120K) Eden: 559232K(559232K)->0K(559232K) From: 69888K(69888K)->64826K(69888K)
[547.221s][info][gc,heap        ] GC(803) Tenured: 941202K(1398144K)->976608K(1398144K)
[547.221s][info][gc,metaspace   ] GC(803) Metaspace: 22814K(23168K)->22814K(23168K) NonClass: 20015K(20224K)->20015K(20224K) Class: 2798K(2944K)->2798K(2944K)
[547.221s][info][gc             ] GC(803) Pause Young (Allocation Failure) 1533M->1017M(1979M) 307.826ms
[547.221s][info][gc,cpu         ] GC(803) User=0.30s Sys=0.00s Real=0.31s
[547.542s][info][gc,start       ] GC(804) Pause Young (Allocation Failure)
[547.858s][info][gc,heap        ] GC(804) DefNew: 624058K(629120K)->67794K(629120K) Eden: 559232K(559232K)->0K(559232K) From: 64826K(69888K)->67794K(69888K)
[547.858s][info][gc,heap        ] GC(804) Tenured: 976608K(1398144K)->1013661K(1398144K)
[547.858s][info][gc,metaspace   ] GC(804) Metaspace: 22814K(23168K)->22814K(23168K) NonClass: 20015K(20224K)->20015K(20224K) Class: 2798K(2944K)->2798K(2944K)
[547.858s][info][gc             ] GC(804) Pause Young (Allocation Failure) 1563M->1056M(1979M) 316.021ms
[547.858s][info][gc,cpu         ] GC(804) User=0.30s Sys=0.00s Real=0.31s
[548.010s][info][gc,start       ] GC(805) Pause Young (Allocation Failure)
[548.476s][info][gc,heap        ] GC(805) DefNew: 627026K(629120K)->69888K(629120K) Eden: 559232K(559232K)->0K(559232K) From: 67794K(69888K)->69888K(69888K)
[548.476s][info][gc,heap        ] GC(805) Tenured: 1013661K(1398144K)->1078231K(1398144K)
[548.476s][info][gc,metaspace   ] GC(805) Metaspace: 22814K(23168K)->22814K(23168K) NonClass: 20015K(20224K)->20015K(20224K) Class: 2798K(2944K)->2798K(2944K)
[548.476s][info][gc             ] GC(805) Pause Young (Allocation Failure) 1602M->1121M(1979M) 465.598ms
[548.476s][info][gc,cpu         ] GC(805) User=0.44s Sys=0.00s Real=0.47s
[549.051s][info][gc,start       ] GC(806) Pause Young (Allocation Failure)
[549.320s][info][gc,heap        ] GC(806) DefNew: 629120K(629120K)->49248K(629120K) Eden: 559232K(559232K)->0K(559232K) From: 69888K(69888K)->49248K(69888K)
[549.320s][info][gc,heap        ] GC(806) Tenured: 1078231K(1398144K)->1113800K(1398144K)
[549.320s][info][gc,metaspace   ] GC(806) Metaspace: 22814K(23168K)->22814K(23168K) NonClass: 20015K(20224K)->20015K(20224K) Class: 2798K(2944K)->2798K(2944K)
[549.320s][info][gc             ] GC(806) Pause Young (Allocation Failure) 1667M->1135M(1979M) 269.200ms
[549.320s][info][gc,cpu         ] GC(806) User=0.25s Sys=0.00s Real=0.27s
[549.469s][info][gc,start       ] GC(807) Pause Young (Allocation Failure)
[549.865s][info][gc,heap        ] GC(807) DefNew: 608480K(629120K)->69887K(629120K) Eden: 559232K(559232K)->0K(559232K) From: 49248K(69888K)->69887K(69888K)
[549.865s][info][gc,heap        ] GC(807) Tenured: 1113800K(1398144K)->1161565K(1398144K)
[549.865s][info][gc,metaspace   ] GC(807) Metaspace: 22814K(23168K)->22814K(23168K) NonClass: 20015K(20224K)->20015K(20224K) Class: 2798K(2944K)->2798K(2944K)
[549.865s][info][gc             ] GC(807) Pause Young (Allocation Failure) 1681M->1202M(1979M) 395.922ms
[549.865s][info][gc,cpu         ] GC(807) User=0.39s Sys=0.00s Real=0.39s
[550.029s][info][gc,start       ] GC(808) Pause Young (Allocation Failure)
[550.512s][info][gc,heap        ] GC(808) DefNew: 629119K(629120K)->69887K(629120K) Eden: 559232K(559232K)->0K(559232K) From: 69887K(69888K)->69887K(69888K)
[550.512s][info][gc,heap        ] GC(808) Tenured: 1161565K(1398144K)->1221770K(1398144K)
[550.512s][info][gc,metaspace   ] GC(808) Metaspace: 22814K(23168K)->22814K(23168K) NonClass: 20015K(20224K)->20015K(20224K) Class: 2798K(2944K)->2798K(2944K)
[550.512s][info][gc             ] GC(808) Pause Young (Allocation Failure) 1748M->1261M(1979M) 482.535ms
[550.512s][info][gc,cpu         ] GC(808) User=0.45s Sys=0.00s Real=0.47s
[551.168s][info][gc,start       ] GC(809) Pause Young (Allocation Failure)
[551.424s][info][gc,heap        ] GC(809) DefNew: 629119K(629120K)->49586K(629120K) Eden: 559232K(559232K)->0K(559232K) From: 69887K(69888K)->49586K(69888K)
[551.424s][info][gc,heap        ] GC(809) Tenured: 1221770K(1398144K)->1253042K(1398144K)
[551.424s][info][gc,metaspace   ] GC(809) Metaspace: 22814K(23168K)->22814K(23168K) NonClass: 20015K(20224K)->20015K(20224K) Class: 2798K(2944K)->2798K(2944K)
[551.424s][info][gc             ] GC(809) Pause Young (Allocation Failure) 1807M->1272M(1979M) 255.993ms
[551.424s][info][gc,cpu         ] GC(809) User=0.25s Sys=0.00s Real=0.25s
[551.560s][info][gc,start       ] GC(810) Pause Young (Allocation Failure)
[551.947s][info][gc,heap        ] GC(810) DefNew: 608818K(629120K)->66746K(629120K) Eden: 559232K(559232K)->0K(559232K) From: 49586K(69888K)->66746K(69888K)
[551.947s][info][gc,heap        ] GC(810) Tenured: 1253042K(1398144K)->1298443K(1398144K)
[551.947s][info][gc,metaspace   ] GC(810) Metaspace: 22814K(23168K)->22814K(23168K) NonClass: 20015K(20224K)->20015K(20224K) Class: 2798K(2944K)->2798K(2944K)
[551.947s][info][gc             ] GC(810) Pause Young (Allocation Failure) 1818M->1333M(1979M) 387.033ms
[551.947s][info][gc,cpu         ] GC(810) User=0.39s Sys=0.00s Real=0.39s
[552.259s][info][gc,start       ] GC(811) Pause Young (Allocation Failure)
[552.586s][info][gc,heap        ] GC(811) DefNew: 625978K(629120K)->67411K(629120K) Eden: 559232K(559232K)->0K(559232K) From: 66746K(69888K)->67411K(69888K)
[552.586s][info][gc,heap        ] GC(811) Tenured: 1298443K(1398144K)->1337022K(1398144K)
[552.586s][info][gc,metaspace   ] GC(811) Metaspace: 22814K(23168K)->22814K(23168K) NonClass: 20015K(20224K)->20015K(20224K) Class: 2798K(2944K)->2798K(2944K)
[552.586s][info][gc             ] GC(811) Pause Young (Allocation Failure) 1879M->1371M(1979M) 326.855ms
[552.586s][info][gc,cpu         ] GC(811) User=0.31s Sys=0.00s Real=0.32s
[552.849s][info][gc,start       ] GC(812) Pause Full (System.gc())
[552.850s][info][gc,phases,start] GC(812) Phase 1: Mark live objects
[553.045s][info][gc,phases      ] GC(812) Phase 1: Mark live objects 195.785ms
[553.045s][info][gc,phases,start] GC(812) Phase 2: Compute new object addresses
[553.261s][info][gc,phases      ] GC(812) Phase 2: Compute new object addresses 215.771ms
[553.261s][info][gc,phases,start] GC(812) Phase 3: Adjust pointers
[553.339s][info][gc,phases      ] GC(812) Phase 3: Adjust pointers 78.020ms
[553.339s][info][gc,phases,start] GC(812) Phase 4: Move objects
[553.371s][info][gc,phases      ] GC(812) Phase 4: Move objects 31.869ms
[553.372s][info][gc,heap        ] GC(812) DefNew: 139588K(629120K)->0K(629120K) Eden: 72177K(559232K)->0K(559232K) From: 67411K(69888K)->0K(69888K)
[553.372s][info][gc,heap        ] GC(812) Tenured: 1337022K(1398144K)->165644K(1398144K)
[553.372s][info][gc,metaspace   ] GC(812) Metaspace: 22814K(23168K)->22814K(23168K) NonClass: 20015K(20224K)->20015K(20224K) Class: 2798K(2944K)->2798K(2944K)
[553.372s][info][gc             ] GC(812) Pause Full (System.gc()) 1442M->161M(1979M) 522.130ms
[553.372s][info][gc,cpu         ] GC(812) User=0.45s Sys=0.00s Real=0.52s
[553.525s][info][gc,start       ] GC(813) Pause Young (Allocation Failure)
[553.838s][info][gc,heap        ] GC(813) DefNew: 559232K(629120K)->69888K(629120K) Eden: 559232K(559232K)->0K(559232K) From: 0K(69888K)->69888K(69888K)
[553.838s][info][gc,heap        ] GC(813) Tenured: 165644K(1398144K)->170805K(1398144K)
[553.838s][info][gc,metaspace   ] GC(813) Metaspace: 22814K(23168K)->22814K(23168K) NonClass: 20015K(20224K)->20015K(20224K) Class: 2798K(2944K)->2798K(2944K)
[553.838s][info][gc             ] GC(813) Pause Young (Allocation Failure) 707M->235M(1979M) 313.000ms
[553.838s][info][gc,cpu         ] GC(813) User=0.31s Sys=0.00s Real=0.32s
[553.991s][info][gc,start       ] GC(814) Pause Young (Allocation Failure)
[554.480s][info][gc,heap        ] GC(814) DefNew: 629120K(629120K)->69888K(629120K) Eden: 559232K(559232K)->0K(559232K) From: 69888K(69888K)->69888K(69888K)
[554.480s][info][gc,heap        ] GC(814) Tenured: 170805K(1398144K)->240348K(1398144K)
[554.480s][info][gc,metaspace   ] GC(814) Metaspace: 22814K(23168K)->22814K(23168K) NonClass: 20015K(20224K)->20015K(20224K) Class: 2798K(2944K)->2798K(2944K)
[554.480s][info][gc             ] GC(814) Pause Young (Allocation Failure) 781M->302M(1979M) 488.971ms
[554.480s][info][gc,cpu         ] GC(814) User=0.47s Sys=0.00s Real=0.49s
[555.034s][info][gc,start       ] GC(815) Pause Young (Allocation Failure)
[555.338s][info][gc,heap        ] GC(815) DefNew: 629120K(629120K)->59060K(629120K) Eden: 559232K(559232K)->0K(559232K) From: 69888K(69888K)->59060K(69888K)
[555.338s][info][gc,heap        ] GC(815) Tenured: 240348K(1398144K)->276468K(1398144K)
[555.338s][info][gc,metaspace   ] GC(815) Metaspace: 22814K(23168K)->22814K(23168K) NonClass: 20015K(20224K)->20015K(20224K) Class: 2798K(2944K)->2798K(2944K)
[555.338s][info][gc             ] GC(815) Pause Young (Allocation Failure) 849M->327M(1979M) 304.515ms
[555.338s][info][gc,cpu         ] GC(815) User=0.30s Sys=0.00s Real=0.30s
[555.483s][info][gc,start       ] GC(816) Pause Young (Allocation Failure)
[555.920s][info][gc,heap        ] GC(816) DefNew: 618292K(629120K)->69888K(629120K) Eden: 559232K(559232K)->0K(559232K) From: 59060K(69888K)->69888K(69888K)
[555.920s][info][gc,heap        ] GC(816) Tenured: 276468K(1398144K)->333992K(1398144K)
[555.920s][info][gc,metaspace   ] GC(816) Metaspace: 22814K(23168K)->22814K(23168K) NonClass: 20015K(20224K)->20015K(20224K) Class: 2798K(2944K)->2798K(2944K)
[555.920s][info][gc             ] GC(816) Pause Young (Allocation Failure) 873M->394M(1979M) 437.822ms
[555.920s][info][gc,cpu         ] GC(816) User=0.39s Sys=0.02s Real=0.44s
[556.266s][info][gc,start       ] GC(817) Pause Young (Allocation Failure)
[556.582s][info][gc,heap        ] GC(817) DefNew: 629120K(629120K)->65699K(629120K) Eden: 559232K(559232K)->0K(559232K) From: 69888K(69888K)->65699K(69888K)
[556.582s][info][gc,heap        ] GC(817) Tenured: 333992K(1398144K)->371635K(1398144K)
[556.582s][info][gc,metaspace   ] GC(817) Metaspace: 22814K(23168K)->22814K(23168K) NonClass: 20015K(20224K)->20015K(20224K) Class: 2798K(2944K)->2798K(2944K)
[556.582s][info][gc             ] GC(817) Pause Young (Allocation Failure) 940M->427M(1979M) 315.575ms
[556.582s][info][gc,cpu         ] GC(817) User=0.28s Sys=0.00s Real=0.31s
[556.901s][info][gc,start       ] GC(818) Pause Young (Allocation Failure)
[557.205s][info][gc,heap        ] GC(818) DefNew: 624931K(629120K)->66824K(629120K) Eden: 559232K(559232K)->0K(559232K) From: 65699K(69888K)->66824K(69888K)
[557.205s][info][gc,heap        ] GC(818) Tenured: 371635K(1398144K)->407143K(1398144K)
[557.205s][info][gc,metaspace   ] GC(818) Metaspace: 22814K(23168K)->22814K(23168K) NonClass: 20015K(20224K)->20015K(20224K) Class: 2798K(2944K)->2798K(2944K)
[557.205s][info][gc             ] GC(818) Pause Young (Allocation Failure) 973M->462M(1979M) 304.723ms
[557.205s][info][gc,cpu         ] GC(818) User=0.30s Sys=0.00s Real=0.30s
[557.359s][info][gc,start       ] GC(819) Pause Young (Allocation Failure)
[557.818s][info][gc,heap        ] GC(819) DefNew: 626056K(629120K)->69887K(629120K) Eden: 559232K(559232K)->0K(559232K) From: 66824K(69888K)->69887K(69888K)
[557.818s][info][gc,heap        ] GC(819) Tenured: 407143K(1398144K)->471318K(1398144K)
[557.818s][info][gc,metaspace   ] GC(819) Metaspace: 22814K(23168K)->22814K(23168K) NonClass: 20015K(20224K)->20015K(20224K) Class: 2798K(2944K)->2798K(2944K)
[557.818s][info][gc             ] GC(819) Pause Young (Allocation Failure) 1008M->528M(1979M) 458.322ms
[557.818s][info][gc,cpu         ] GC(819) User=0.45s Sys=0.00s Real=0.45s
[558.355s][info][gc,start       ] GC(820) Pause Young (Allocation Failure)
[558.619s][info][gc,heap        ] GC(820) DefNew: 629119K(629120K)->44979K(629120K) Eden: 559232K(559232K)->0K(559232K) From: 69887K(69888K)->44979K(69888K)
[558.619s][info][gc,heap        ] GC(820) Tenured: 471318K(1398144K)->508503K(1398144K)
[558.619s][info][gc,metaspace   ] GC(820) Metaspace: 22814K(23168K)->22814K(23168K) NonClass: 20015K(20224K)->20015K(20224K) Class: 2798K(2944K)->2798K(2944K)
[558.619s][info][gc             ] GC(820) Pause Young (Allocation Failure) 1074M->540M(1979M) 263.971ms
[558.619s][info][gc,cpu         ] GC(820) User=0.30s Sys=0.00s Real=0.25s
[558.760s][info][gc,start       ] GC(821) Pause Young (Allocation Failure)
[559.166s][info][gc,heap        ] GC(821) DefNew: 604211K(629120K)->69888K(629120K) Eden: 559232K(559232K)->0K(559232K) From: 44979K(69888K)->69888K(69888K)
[559.166s][info][gc,heap        ] GC(821) Tenured: 508503K(1398144K)->553954K(1398144K)
[559.166s][info][gc,metaspace   ] GC(821) Metaspace: 22814K(23168K)->22814K(23168K) NonClass: 20015K(20224K)->20015K(20224K) Class: 2798K(2944K)->2798K(2944K)
[559.166s][info][gc             ] GC(821) Pause Young (Allocation Failure) 1086M->609M(1979M) 406.238ms
[559.166s][info][gc,cpu         ] GC(821) User=0.41s Sys=0.00s Real=0.41s
[559.317s][info][gc,start       ] GC(822) Pause Young (Allocation Failure)
[559.790s][info][gc,heap        ] GC(822) DefNew: 629120K(629120K)->69888K(629120K) Eden: 559232K(559232K)->0K(559232K) From: 69888K(69888K)->69888K(69888K)
[559.790s][info][gc,heap        ] GC(822) Tenured: 553954K(1398144K)->618507K(1398144K)
[559.790s][info][gc,metaspace   ] GC(822) Metaspace: 22814K(23168K)->22814K(23168K) NonClass: 20015K(20224K)->20015K(20224K) Class: 2798K(2944K)->2798K(2944K)
[559.790s][info][gc             ] GC(822) Pause Young (Allocation Failure) 1155M->672M(1979M) 473.047ms
[559.790s][info][gc,cpu         ] GC(822) User=0.47s Sys=0.00s Real=0.47s
[560.334s][info][gc,start       ] GC(823) Pause Young (Allocation Failure)
[560.634s][info][gc,heap        ] GC(823) DefNew: 629120K(629120K)->60043K(629120K) Eden: 559232K(559232K)->0K(559232K) From: 69888K(69888K)->60043K(69888K)
[560.634s][info][gc,heap        ] GC(823) Tenured: 618507K(1398144K)->652535K(1398144K)
[560.634s][info][gc,metaspace   ] GC(823) Metaspace: 22814K(23168K)->22814K(23168K) NonClass: 20015K(20224K)->20015K(20224K) Class: 2798K(2944K)->2798K(2944K)
[560.634s][info][gc             ] GC(823) Pause Young (Allocation Failure) 1218M->695M(1979M) 299.584ms
[560.634s][info][gc,cpu         ] GC(823) User=0.28s Sys=0.00s Real=0.30s
[560.786s][info][gc,start       ] GC(824) Pause Young (Allocation Failure)
[561.222s][info][gc,heap        ] GC(824) DefNew: 619275K(629120K)->69888K(629120K) Eden: 559232K(559232K)->0K(559232K) From: 60043K(69888K)->69888K(69888K)
[561.222s][info][gc,heap        ] GC(824) Tenured: 652535K(1398144K)->712495K(1398144K)
[561.222s][info][gc,metaspace   ] GC(824) Metaspace: 22814K(23168K)->22814K(23168K) NonClass: 20015K(20224K)->20015K(20224K) Class: 2798K(2944K)->2798K(2944K)
[561.222s][info][gc             ] GC(824) Pause Young (Allocation Failure) 1242M->764M(1979M) 436.181ms
[561.222s][info][gc,cpu         ] GC(824) User=0.42s Sys=0.00s Real=0.44s
[561.616s][info][gc,start       ] GC(825) Pause Young (Allocation Failure)
[561.915s][info][gc,heap        ] GC(825) DefNew: 629120K(629120K)->58978K(629120K) Eden: 559232K(559232K)->0K(559232K) From: 69888K(69888K)->58978K(69888K)
[561.915s][info][gc,heap        ] GC(825) Tenured: 712495K(1398144K)->749443K(1398144K)
[561.915s][info][gc,metaspace   ] GC(825) Metaspace: 22814K(23168K)->22814K(23168K) NonClass: 20015K(20224K)->20015K(20224K) Class: 2798K(2944K)->2798K(2944K)
[561.915s][info][gc             ] GC(825) Pause Young (Allocation Failure) 1310M->789M(1979M) 299.191ms
[561.915s][info][gc,cpu         ] GC(825) User=0.30s Sys=0.00s Real=0.30s
[562.338s][info][gc,start       ] GC(826) Pause Young (Allocation Failure)
[562.597s][info][gc,heap        ] GC(826) DefNew: 618210K(629120K)->57139K(629120K) Eden: 559232K(559232K)->0K(559232K) From: 58978K(69888K)->57139K(69888K)
[562.597s][info][gc,heap        ] GC(826) Tenured: 749443K(1398144K)->783075K(1398144K)
[562.597s][info][gc,metaspace   ] GC(826) Metaspace: 22814K(23168K)->22814K(23168K) NonClass: 20015K(20224K)->20015K(20224K) Class: 2798K(2944K)->2798K(2944K)
[562.597s][info][gc             ] GC(826) Pause Young (Allocation Failure) 1335M->820M(1979M) 259.095ms
[562.597s][info][gc,cpu         ] GC(826) User=0.27s Sys=0.00s Real=0.25s
[562.735s][info][gc,start       ] GC(827) Pause Young (Allocation Failure)
[563.164s][info][gc,heap        ] GC(827) DefNew: 616371K(629120K)->69887K(629120K) Eden: 559232K(559232K)->0K(559232K) From: 57139K(69888K)->69887K(69888K)
[563.164s][info][gc,heap        ] GC(827) Tenured: 783075K(1398144K)->832237K(1398144K)
[563.164s][info][gc,metaspace   ] GC(827) Metaspace: 22814K(23168K)->22814K(23168K) NonClass: 20015K(20224K)->20015K(20224K) Class: 2798K(2944K)->2798K(2944K)
[563.164s][info][gc             ] GC(827) Pause Young (Allocation Failure) 1366M->880M(1979M) 429.393ms
[563.164s][info][gc,cpu         ] GC(827) User=0.42s Sys=0.00s Real=0.42s
[563.739s][info][gc,start       ] GC(828) Pause Young (Allocation Failure)
[564.007s][info][gc,heap        ] GC(828) DefNew: 629119K(629120K)->50984K(629120K) Eden: 559232K(559232K)->0K(559232K) From: 69887K(69888K)->50984K(69888K)
[564.007s][info][gc,heap        ] GC(828) Tenured: 832237K(1398144K)->865836K(1398144K)
[564.007s][info][gc,metaspace   ] GC(828) Metaspace: 22814K(23168K)->22814K(23168K) NonClass: 20015K(20224K)->20015K(20224K) Class: 2798K(2944K)->2798K(2944K)
[564.007s][info][gc             ] GC(828) Pause Young (Allocation Failure) 1427M->895M(1979M) 268.243ms
[564.007s][info][gc,cpu         ] GC(828) User=0.28s Sys=0.00s Real=0.27s
[564.145s][info][gc,start       ] GC(829) Pause Young (Allocation Failure)
[564.537s][info][gc,heap        ] GC(829) DefNew: 610216K(629120K)->69887K(629120K) Eden: 559232K(559232K)->0K(559232K) From: 50984K(69888K)->69887K(69888K)
[564.537s][info][gc,heap        ] GC(829) Tenured: 865836K(1398144K)->914559K(1398144K)
[564.537s][info][gc,metaspace   ] GC(829) Metaspace: 22814K(23168K)->22814K(23168K) NonClass: 20015K(20224K)->20015K(20224K) Class: 2798K(2944K)->2798K(2944K)
[564.537s][info][gc             ] GC(829) Pause Young (Allocation Failure) 1441M->961M(1979M) 391.709ms
[564.537s][info][gc,cpu         ] GC(829) User=0.36s Sys=0.00s Real=0.39s
[564.695s][info][gc,start       ] GC(830) Pause Young (Allocation Failure)
[565.161s][info][gc,heap        ] GC(830) DefNew: 629119K(629120K)->69888K(629120K) Eden: 559232K(559232K)->0K(559232K) From: 69887K(69888K)->69888K(69888K)
[565.161s][info][gc,heap        ] GC(830) Tenured: 914559K(1398144K)->980383K(1398144K)
[565.161s][info][gc,metaspace   ] GC(830) Metaspace: 22814K(23168K)->22814K(23168K) NonClass: 20015K(20224K)->20015K(20224K) Class: 2798K(2944K)->2798K(2944K)
[565.161s][info][gc             ] GC(830) Pause Young (Allocation Failure) 1507M->1025M(1979M) 466.791ms
[565.162s][info][gc,cpu         ] GC(830) User=0.47s Sys=0.00s Real=0.46s
[565.706s][info][gc,start       ] GC(831) Pause Young (Allocation Failure)
[566.033s][info][gc,heap        ] GC(831) DefNew: 629120K(629120K)->60713K(629120K) Eden: 559232K(559232K)->0K(559232K) From: 69888K(69888K)->60713K(69888K)
[566.033s][info][gc,heap        ] GC(831) Tenured: 980383K(1398144K)->1015040K(1398144K)
[566.033s][info][gc,metaspace   ] GC(831) Metaspace: 22814K(23168K)->22814K(23168K) NonClass: 20015K(20224K)->20015K(20224K) Class: 2798K(2944K)->2798K(2944K)
[566.033s][info][gc             ] GC(831) Pause Young (Allocation Failure) 1571M->1050M(1979M) 326.808ms
[566.033s][info][gc,cpu         ] GC(831) User=0.34s Sys=0.00s Real=0.33s
[566.183s][info][gc,start       ] GC(832) Pause Young (Allocation Failure)
[566.636s][info][gc,heap        ] GC(832) DefNew: 619945K(629120K)->69887K(629120K) Eden: 559232K(559232K)->0K(559232K) From: 60713K(69888K)->69887K(69888K)
[566.636s][info][gc,heap        ] GC(832) Tenured: 1015040K(1398144K)->1075194K(1398144K)
[566.636s][info][gc,metaspace   ] GC(832) Metaspace: 22814K(23168K)->22814K(23168K) NonClass: 20015K(20224K)->20015K(20224K) Class: 2798K(2944K)->2798K(2944K)
[566.636s][info][gc             ] GC(832) Pause Young (Allocation Failure) 1596M->1118M(1979M) 452.406ms
[566.636s][info][gc,cpu         ] GC(832) User=0.42s Sys=0.00s Real=0.44s
[567.070s][info][gc,start       ] GC(833) Pause Young (Allocation Failure)
[567.362s][info][gc,heap        ] GC(833) DefNew: 629119K(629120K)->58555K(629120K) Eden: 559232K(559232K)->0K(559232K) From: 69887K(69888K)->58555K(69888K)
[567.362s][info][gc,heap        ] GC(833) Tenured: 1075194K(1398144K)->1109275K(1398144K)
[567.362s][info][gc,metaspace   ] GC(833) Metaspace: 22814K(23168K)->22814K(23168K) NonClass: 20015K(20224K)->20015K(20224K) Class: 2798K(2944K)->2798K(2944K)
[567.362s][info][gc             ] GC(833) Pause Young (Allocation Failure) 1664M->1140M(1979M) 292.102ms
[567.362s][info][gc,cpu         ] GC(833) User=0.31s Sys=0.00s Real=0.30s
[567.706s][info][gc,start       ] GC(834) Pause Young (Allocation Failure)
[568.027s][info][gc,heap        ] GC(834) DefNew: 617787K(629120K)->69345K(629120K) Eden: 559232K(559232K)->0K(559232K) From: 58555K(69888K)->69345K(69888K)
[568.027s][info][gc,heap        ] GC(834) Tenured: 1109275K(1398144K)->1144237K(1398144K)
[568.027s][info][gc,metaspace   ] GC(834) Metaspace: 22814K(23168K)->22814K(23168K) NonClass: 20015K(20224K)->20015K(20224K) Class: 2798K(2944K)->2798K(2944K)
[568.027s][info][gc             ] GC(834) Pause Young (Allocation Failure) 1686M->1185M(1979M) 321.576ms
[568.027s][info][gc,cpu         ] GC(834) User=0.33s Sys=0.00s Real=0.33s
[568.167s][info][gc,start       ] GC(835) Pause Young (Allocation Failure)
[568.614s][info][gc,heap        ] GC(835) DefNew: 628577K(629120K)->69888K(629120K) Eden: 559232K(559232K)->0K(559232K) From: 69345K(69888K)->69888K(69888K)
[568.614s][info][gc,heap        ] GC(835) Tenured: 1144237K(1398144K)->1204074K(1398144K)
[568.614s][info][gc,metaspace   ] GC(835) Metaspace: 22814K(23168K)->22814K(23168K) NonClass: 20015K(20224K)->20015K(20224K) Class: 2798K(2944K)->2798K(2944K)
[568.614s][info][gc             ] GC(835) Pause Young (Allocation Failure) 1731M->1244M(1979M) 447.714ms
[568.614s][info][gc,cpu         ] GC(835) User=0.44s Sys=0.00s Real=0.45s
[569.212s][info][gc,start       ] GC(836) Pause Young (Allocation Failure)
[569.499s][info][gc,heap        ] GC(836) DefNew: 629120K(629120K)->55424K(629120K) Eden: 559232K(559232K)->0K(559232K) From: 69888K(69888K)->55424K(69888K)
[569.499s][info][gc,heap        ] GC(836) Tenured: 1204074K(1398144K)->1237076K(1398144K)
[569.499s][info][gc,metaspace   ] GC(836) Metaspace: 22814K(23168K)->22814K(23168K) NonClass: 20015K(20224K)->20015K(20224K) Class: 2798K(2944K)->2798K(2944K)
[569.499s][info][gc             ] GC(836) Pause Young (Allocation Failure) 1790M->1262M(1979M) 286.853ms
[569.499s][info][gc,cpu         ] GC(836) User=0.27s Sys=0.00s Real=0.29s
[569.643s][info][gc,start       ] GC(837) Pause Young (Allocation Failure)
[570.065s][info][gc,heap        ] GC(837) DefNew: 614656K(629120K)->69887K(629120K) Eden: 559232K(559232K)->0K(559232K) From: 55424K(69888K)->69887K(69888K)
[570.065s][info][gc,heap        ] GC(837) Tenured: 1237076K(1398144K)->1291798K(1398144K)
[570.065s][info][gc,metaspace   ] GC(837) Metaspace: 22814K(23168K)->22814K(23168K) NonClass: 20015K(20224K)->20015K(20224K) Class: 2798K(2944K)->2798K(2944K)
[570.065s][info][gc             ] GC(837) Pause Young (Allocation Failure) 1808M->1329M(1979M) 421.828ms
[570.065s][info][gc,cpu         ] GC(837) User=0.41s Sys=0.00s Real=0.42s
[570.312s][info][gc,start       ] GC(838) Pause Young (Allocation Failure)
[570.751s][info][gc,heap        ] GC(838) DefNew: 629119K(629120K)->69888K(629120K) Eden: 559232K(559232K)->0K(559232K) From: 69887K(69888K)->69888K(69888K)
[570.751s][info][gc,heap        ] GC(838) Tenured: 1291798K(1398144K)->1339409K(1398144K)
[570.751s][info][gc,metaspace   ] GC(838) Metaspace: 22814K(23168K)->22814K(23168K) NonClass: 20015K(20224K)->20015K(20224K) Class: 2798K(2944K)->2798K(2944K)
[570.751s][info][gc             ] GC(838) Pause Young (Allocation Failure) 1875M->1376M(1979M) 438.783ms
[570.751s][info][gc,cpu         ] GC(838) User=0.42s Sys=0.00s Real=0.44s
[571.099s][info][gc,start       ] GC(839) Pause Full (System.gc())
[571.099s][info][gc,phases,start] GC(839) Phase 1: Mark live objects
[571.284s][info][gc,phases      ] GC(839) Phase 1: Mark live objects 185.306ms
[571.284s][info][gc,phases,start] GC(839) Phase 2: Compute new object addresses
[571.522s][info][gc,phases      ] GC(839) Phase 2: Compute new object addresses 237.524ms
[571.522s][info][gc,phases,start] GC(839) Phase 3: Adjust pointers
[571.606s][info][gc,phases      ] GC(839) Phase 3: Adjust pointers 84.754ms
[571.606s][info][gc,phases,start] GC(839) Phase 4: Move objects
[571.643s][info][gc,phases      ] GC(839) Phase 4: Move objects 36.964ms
[571.644s][info][gc,heap        ] GC(839) DefNew: 291483K(629120K)->0K(629120K) Eden: 221595K(559232K)->0K(559232K) From: 69888K(69888K)->0K(69888K)
[571.644s][info][gc,heap        ] GC(839) Tenured: 1339409K(1398144K)->104805K(1398144K)
[571.644s][info][gc,metaspace   ] GC(839) Metaspace: 22815K(23168K)->22815K(23168K) NonClass: 20016K(20224K)->20016K(20224K) Class: 2798K(2944K)->2798K(2944K)
[571.644s][info][gc             ] GC(839) Pause Full (System.gc()) 1592M->102M(1979M) 545.203ms
[571.644s][info][gc,cpu         ] GC(839) User=0.53s Sys=0.00s Real=0.53s
[571.803s][info][gc,start       ] GC(840) Pause Young (Allocation Failure)
[572.111s][info][gc,heap        ] GC(840) DefNew: 559232K(629120K)->69888K(629120K) Eden: 559232K(559232K)->0K(559232K) From: 0K(69888K)->69888K(69888K)
[572.111s][info][gc,heap        ] GC(840) Tenured: 104805K(1398144K)->110929K(1398144K)
[572.111s][info][gc,metaspace   ] GC(840) Metaspace: 22815K(23168K)->22815K(23168K) NonClass: 20016K(20224K)->20016K(20224K) Class: 2798K(2944K)->2798K(2944K)
[572.111s][info][gc             ] GC(840) Pause Young (Allocation Failure) 648M->176M(1979M) 308.195ms
[572.111s][info][gc,cpu         ] GC(840) User=0.28s Sys=0.02s Real=0.31s
[572.277s][info][gc,start       ] GC(841) Pause Young (Allocation Failure)
[572.784s][info][gc,heap        ] GC(841) DefNew: 629120K(629120K)->69887K(629120K) Eden: 559232K(559232K)->0K(559232K) From: 69888K(69888K)->69887K(69888K)
[572.784s][info][gc,heap        ] GC(841) Tenured: 110929K(1398144K)->186360K(1398144K)
[572.784s][info][gc,metaspace   ] GC(841) Metaspace: 22815K(23168K)->22815K(23168K) NonClass: 20016K(20224K)->20016K(20224K) Class: 2798K(2944K)->2798K(2944K)
[572.784s][info][gc             ] GC(841) Pause Young (Allocation Failure) 722M->250M(1979M) 506.799ms
[572.784s][info][gc,cpu         ] GC(841) User=0.50s Sys=0.00s Real=0.50s
[573.302s][info][gc,start       ] GC(842) Pause Young (Allocation Failure)
[573.637s][info][gc,heap        ] GC(842) DefNew: 629119K(629120K)->65322K(629120K) Eden: 559232K(559232K)->0K(559232K) From: 69887K(69888K)->65322K(69888K)
[573.637s][info][gc,heap        ] GC(842) Tenured: 186360K(1398144K)->221672K(1398144K)
[573.637s][info][gc,metaspace   ] GC(842) Metaspace: 22815K(23168K)->22815K(23168K) NonClass: 20016K(20224K)->20016K(20224K) Class: 2798K(2944K)->2798K(2944K)
[573.637s][info][gc             ] GC(842) Pause Young (Allocation Failure) 796M->280M(1979M) 335.200ms
[573.637s][info][gc,cpu         ] GC(842) User=0.33s Sys=0.00s Real=0.33s
[573.780s][info][gc,start       ] GC(843) Pause Young (Allocation Failure)
[574.231s][info][gc,heap        ] GC(843) DefNew: 624554K(629120K)->69887K(629120K) Eden: 559232K(559232K)->0K(559232K) From: 65322K(69888K)->69887K(69888K)
[574.231s][info][gc,heap        ] GC(843) Tenured: 221672K(1398144K)->284297K(1398144K)
[574.231s][info][gc,metaspace   ] GC(843) Metaspace: 22815K(23168K)->22815K(23168K) NonClass: 20016K(20224K)->20016K(20224K) Class: 2798K(2944K)->2798K(2944K)
[574.231s][info][gc             ] GC(843) Pause Young (Allocation Failure) 826M->345M(1979M) 450.845ms
[574.231s][info][gc,cpu         ] GC(843) User=0.44s Sys=0.00s Real=0.46s
[574.667s][info][gc,start       ] GC(844) Pause Young (Allocation Failure)
[574.944s][info][gc,heap        ] GC(844) DefNew: 629119K(629120K)->53500K(629120K) Eden: 559232K(559232K)->0K(559232K) From: 69887K(69888K)->53500K(69888K)
[574.944s][info][gc,heap        ] GC(844) Tenured: 284297K(1398144K)->318757K(1398144K)
[574.944s][info][gc,metaspace   ] GC(844) Metaspace: 22815K(23168K)->22815K(23168K) NonClass: 20016K(20224K)->20016K(20224K) Class: 2798K(2944K)->2798K(2944K)
[574.944s][info][gc             ] GC(844) Pause Young (Allocation Failure) 892M->363M(1979M) 276.987ms
[574.944s][info][gc,cpu         ] GC(844) User=0.27s Sys=0.00s Real=0.28s
[575.174s][info][gc,start       ] GC(845) Pause Young (Allocation Failure)
[575.513s][info][gc,heap        ] GC(845) DefNew: 612732K(629120K)->69888K(629120K) Eden: 559232K(559232K)->0K(559232K) From: 53500K(69888K)->69888K(69888K)
[575.513s][info][gc,heap        ] GC(845) Tenured: 318757K(1398144K)->358879K(1398144K)
[575.513s][info][gc,metaspace   ] GC(845) Metaspace: 22815K(23168K)->22815K(23168K) NonClass: 20016K(20224K)->20016K(20224K) Class: 2798K(2944K)->2798K(2944K)
[575.513s][info][gc             ] GC(845) Pause Young (Allocation Failure) 909M->418M(1979M) 338.978ms
[575.513s][info][gc,cpu         ] GC(845) User=0.34s Sys=0.00s Real=0.35s
[575.671s][info][gc,start       ] GC(846) Pause Young (Allocation Failure)
[576.154s][info][gc,heap        ] GC(846) DefNew: 629120K(629120K)->69888K(629120K) Eden: 559232K(559232K)->0K(559232K) From: 69888K(69888K)->69888K(69888K)
[576.154s][info][gc,heap        ] GC(846) Tenured: 358879K(1398144K)->425543K(1398144K)
[576.154s][info][gc,metaspace   ] GC(846) Metaspace: 22815K(23168K)->22815K(23168K) NonClass: 20016K(20224K)->20016K(20224K) Class: 2798K(2944K)->2798K(2944K)
[576.154s][info][gc             ] GC(846) Pause Young (Allocation Failure) 964M->483M(1979M) 482.905ms
[576.154s][info][gc,cpu         ] GC(846) User=0.41s Sys=0.00s Real=0.49s
[576.880s][info][gc,start       ] GC(847) Pause Young (Allocation Failure)
[577.112s][info][gc,heap        ] GC(847) DefNew: 629120K(629120K)->36258K(629120K) Eden: 559232K(559232K)->0K(559232K) From: 69888K(69888K)->36258K(69888K)
[577.113s][info][gc,heap        ] GC(847) Tenured: 425543K(1398144K)->459303K(1398144K)
[577.113s][info][gc,metaspace   ] GC(847) Metaspace: 22815K(23168K)->22815K(23168K) NonClass: 20016K(20224K)->20016K(20224K) Class: 2798K(2944K)->2798K(2944K)
[577.113s][info][gc             ] GC(847) Pause Young (Allocation Failure) 1029M->483M(1979M) 232.538ms
[577.113s][info][gc,cpu         ] GC(847) User=0.23s Sys=0.00s Real=0.23s
[577.251s][info][gc,start       ] GC(848) Pause Young (Allocation Failure)
[577.615s][info][gc,heap        ] GC(848) DefNew: 595490K(629120K)->68116K(629120K) Eden: 559232K(559232K)->0K(559232K) From: 36258K(69888K)->68116K(69888K)
[577.615s][info][gc,heap        ] GC(848) Tenured: 459303K(1398144K)->491364K(1398144K)
[577.615s][info][gc,metaspace   ] GC(848) Metaspace: 22815K(23168K)->22815K(23168K) NonClass: 20016K(20224K)->20016K(20224K) Class: 2798K(2944K)->2798K(2944K)
[577.615s][info][gc             ] GC(848) Pause Young (Allocation Failure) 1030M->546M(1979M) 363.969ms
[577.615s][info][gc,cpu         ] GC(848) User=0.39s Sys=0.00s Real=0.38s
[577.768s][info][gc,start       ] GC(849) Pause Young (Allocation Failure)
[578.216s][info][gc,heap        ] GC(849) DefNew: 627348K(629120K)->69888K(629120K) Eden: 559232K(559232K)->0K(559232K) From: 68116K(69888K)->69888K(69888K)
[578.216s][info][gc,heap        ] GC(849) Tenured: 491364K(1398144K)->554437K(1398144K)
[578.216s][info][gc,metaspace   ] GC(849) Metaspace: 22815K(23168K)->22815K(23168K) NonClass: 20016K(20224K)->20016K(20224K) Class: 2798K(2944K)->2798K(2944K)
[578.216s][info][gc             ] GC(849) Pause Young (Allocation Failure) 1092M->609M(1979M) 448.380ms
[578.216s][info][gc,cpu         ] GC(849) User=0.38s Sys=0.00s Real=0.46s
[578.812s][info][gc,start       ] GC(850) Pause Young (Allocation Failure)
[579.203s][info][gc,heap        ] GC(850) DefNew: 629120K(629120K)->69888K(629120K) Eden: 559232K(559232K)->0K(559232K) From: 69888K(69888K)->69888K(69888K)
[579.203s][info][gc,heap        ] GC(850) Tenured: 554437K(1398144K)->599607K(1398144K)
[579.203s][info][gc,metaspace   ] GC(850) Metaspace: 22815K(23168K)->22815K(23168K) NonClass: 20016K(20224K)->20016K(20224K) Class: 2798K(2944K)->2798K(2944K)
[579.203s][info][gc             ] GC(850) Pause Young (Allocation Failure) 1155M->653M(1979M) 391.084ms
[579.203s][info][gc,cpu         ] GC(850) User=0.39s Sys=0.00s Real=0.39s
[579.349s][info][gc,start       ] GC(851) Pause Young (Allocation Failure)
[579.823s][info][gc,heap        ] GC(851) DefNew: 629120K(629120K)->69888K(629120K) Eden: 559232K(559232K)->0K(559232K) From: 69888K(69888K)->69888K(69888K)
[579.823s][info][gc,heap        ] GC(851) Tenured: 599607K(1398144K)->665435K(1398144K)
[579.823s][info][gc,metaspace   ] GC(851) Metaspace: 22815K(23168K)->22815K(23168K) NonClass: 20016K(20224K)->20016K(20224K) Class: 2798K(2944K)->2798K(2944K)
[579.823s][info][gc             ] GC(851) Pause Young (Allocation Failure) 1199M->718M(1979M) 473.526ms
[579.823s][info][gc,cpu         ] GC(851) User=0.44s Sys=0.00s Real=0.47s
[580.358s][info][gc,start       ] GC(852) Pause Young (Allocation Failure)
[580.611s][info][gc,heap        ] GC(852) DefNew: 629120K(629120K)->44166K(629120K) Eden: 559232K(559232K)->0K(559232K) From: 69888K(69888K)->44166K(69888K)
[580.611s][info][gc,heap        ] GC(852) Tenured: 665435K(1398144K)->701038K(1398144K)
[580.611s][info][gc,metaspace   ] GC(852) Metaspace: 22815K(23168K)->22815K(23168K) NonClass: 20016K(20224K)->20016K(20224K) Class: 2798K(2944K)->2798K(2944K)
[580.611s][info][gc             ] GC(852) Pause Young (Allocation Failure) 1264M->727M(1979M) 252.600ms
[580.611s][info][gc,cpu         ] GC(852) User=0.25s Sys=0.00s Real=0.25s
[580.749s][info][gc,start       ] GC(853) Pause Young (Allocation Failure)
[581.148s][info][gc,heap        ] GC(853) DefNew: 603398K(629120K)->69888K(629120K) Eden: 559232K(559232K)->0K(559232K) From: 44166K(69888K)->69888K(69888K)
[581.148s][info][gc,heap        ] GC(853) Tenured: 701038K(1398144K)->744818K(1398144K)
[581.148s][info][gc,metaspace   ] GC(853) Metaspace: 22815K(23168K)->22815K(23168K) NonClass: 20016K(20224K)->20016K(20224K) Class: 2798K(2944K)->2798K(2944K)
[581.148s][info][gc             ] GC(853) Pause Young (Allocation Failure) 1273M->795M(1979M) 399.487ms
[581.148s][info][gc,cpu         ] GC(853) User=0.39s Sys=0.00s Real=0.41s
[581.286s][info][gc,start       ] GC(854) Pause Young (Allocation Failure)
[581.761s][info][gc,heap        ] GC(854) DefNew: 629120K(629120K)->69887K(629120K) Eden: 559232K(559232K)->0K(559232K) From: 69888K(69888K)->69887K(69888K)
[581.761s][info][gc,heap        ] GC(854) Tenured: 744818K(1398144K)->806917K(1398144K)
[581.761s][info][gc,metaspace   ] GC(854) Metaspace: 22815K(23168K)->22815K(23168K) NonClass: 20016K(20224K)->20016K(20224K) Class: 2798K(2944K)->2798K(2944K)
[581.761s][info][gc             ] GC(854) Pause Young (Allocation Failure) 1341M->856M(1979M) 475.663ms
[581.761s][info][gc,cpu         ] GC(854) User=0.47s Sys=0.00s Real=0.47s
[582.399s][info][gc,start       ] GC(855) Pause Young (Allocation Failure)
[582.689s][info][gc,heap        ] GC(855) DefNew: 629119K(629120K)->56544K(629120K) Eden: 559232K(559232K)->0K(559232K) From: 69887K(69888K)->56544K(69888K)
[582.689s][info][gc,heap        ] GC(855) Tenured: 806917K(1398144K)->839668K(1398144K)
[582.689s][info][gc,metaspace   ] GC(855) Metaspace: 22815K(23168K)->22815K(23168K) NonClass: 20016K(20224K)->20016K(20224K) Class: 2798K(2944K)->2798K(2944K)
[582.689s][info][gc             ] GC(855) Pause Young (Allocation Failure) 1402M->875M(1979M) 289.866ms
[582.689s][info][gc,cpu         ] GC(855) User=0.27s Sys=0.00s Real=0.28s
[582.828s][info][gc,start       ] GC(856) Pause Young (Allocation Failure)
[583.246s][info][gc,heap        ] GC(856) DefNew: 615776K(629120K)->69887K(629120K) Eden: 559232K(559232K)->0K(559232K) From: 56544K(69888K)->69887K(69888K)
[583.246s][info][gc,heap        ] GC(856) Tenured: 839668K(1398144K)->890818K(1398144K)
[583.246s][info][gc,metaspace   ] GC(856) Metaspace: 22815K(23168K)->22815K(23168K) NonClass: 20016K(20224K)->20016K(20224K) Class: 2798K(2944K)->2798K(2944K)
[583.246s][info][gc             ] GC(856) Pause Young (Allocation Failure) 1421M->938M(1979M) 417.319ms
[583.246s][info][gc,cpu         ] GC(856) User=0.42s Sys=0.00s Real=0.41s
[583.568s][info][gc,start       ] GC(857) Pause Young (Allocation Failure)
[583.913s][info][gc,heap        ] GC(857) DefNew: 629119K(629120K)->69888K(629120K) Eden: 559232K(559232K)->0K(559232K) From: 69887K(69888K)->69888K(69888K)
[583.913s][info][gc,heap        ] GC(857) Tenured: 890818K(1398144K)->931749K(1398144K)
[583.913s][info][gc,metaspace   ] GC(857) Metaspace: 22815K(23168K)->22815K(23168K) NonClass: 20016K(20224K)->20016K(20224K) Class: 2798K(2944K)->2798K(2944K)
[583.913s][info][gc             ] GC(857) Pause Young (Allocation Failure) 1484M->978M(1979M) 345.713ms
[583.913s][info][gc,cpu         ] GC(857) User=0.33s Sys=0.00s Real=0.34s
[584.312s][info][gc,start       ] GC(858) Pause Young (Allocation Failure)
[584.611s][info][gc,heap        ] GC(858) DefNew: 629120K(629120K)->63298K(629120K) Eden: 559232K(559232K)->0K(559232K) From: 69888K(69888K)->63298K(69888K)
[584.611s][info][gc,heap        ] GC(858) Tenured: 931749K(1398144K)->968402K(1398144K)
[584.611s][info][gc,metaspace   ] GC(858) Metaspace: 22816K(23168K)->22816K(23168K) NonClass: 20017K(20224K)->20017K(20224K) Class: 2798K(2944K)->2798K(2944K)
[584.611s][info][gc             ] GC(858) Pause Young (Allocation Failure) 1524M->1007M(1979M) 298.797ms
[584.611s][info][gc,cpu         ] GC(858) User=0.23s Sys=0.03s Real=0.30s
[584.767s][info][gc,start       ] GC(859) Pause Young (Allocation Failure)
[585.231s][info][gc,heap        ] GC(859) DefNew: 622530K(629120K)->69888K(629120K) Eden: 559232K(559232K)->0K(559232K) From: 63298K(69888K)->69888K(69888K)
[585.231s][info][gc,heap        ] GC(859) Tenured: 968402K(1398144K)->1032094K(1398144K)
[585.231s][info][gc,metaspace   ] GC(859) Metaspace: 22816K(23168K)->22816K(23168K) NonClass: 20017K(20224K)->20017K(20224K) Class: 2798K(2944K)->2798K(2944K)
[585.231s][info][gc             ] GC(859) Pause Young (Allocation Failure) 1553M->1076M(1979M) 464.383ms
[585.231s][info][gc,cpu         ] GC(859) User=0.45s Sys=0.00s Real=0.47s
[585.867s][info][gc,start       ] GC(860) Pause Young (Allocation Failure)
[586.117s][info][gc,heap        ] GC(860) DefNew: 629120K(629120K)->43766K(629120K) Eden: 559232K(559232K)->0K(559232K) From: 69888K(69888K)->43766K(69888K)
[586.117s][info][gc,heap        ] GC(860) Tenured: 1032094K(1398144K)->1066866K(1398144K)
[586.117s][info][gc,metaspace   ] GC(860) Metaspace: 22816K(23168K)->22816K(23168K) NonClass: 20017K(20224K)->20017K(20224K) Class: 2798K(2944K)->2798K(2944K)
[586.117s][info][gc             ] GC(860) Pause Young (Allocation Failure) 1622M->1084M(1979M) 250.140ms
[586.117s][info][gc,cpu         ] GC(860) User=0.22s Sys=0.00s Real=0.24s
[586.250s][info][gc,start       ] GC(861) Pause Young (Allocation Failure)
[586.617s][info][gc,heap        ] GC(861) DefNew: 602998K(629120K)->69329K(629120K) Eden: 559232K(559232K)->0K(559232K) From: 43766K(69888K)->69329K(69888K)
[586.617s][info][gc,heap        ] GC(861) Tenured: 1066866K(1398144K)->1108227K(1398144K)
[586.617s][info][gc,metaspace   ] GC(861) Metaspace: 22816K(23168K)->22816K(23168K) NonClass: 20017K(20224K)->20017K(20224K) Class: 2798K(2944K)->2798K(2944K)
[586.617s][info][gc             ] GC(861) Pause Young (Allocation Failure) 1630M->1149M(1979M) 367.051ms
[586.617s][info][gc,cpu         ] GC(861) User=0.34s Sys=0.00s Real=0.36s
[586.779s][info][gc,start       ] GC(862) Pause Young (Allocation Failure)
[587.265s][info][gc,heap        ] GC(862) DefNew: 628561K(629120K)->69887K(629120K) Eden: 559232K(559232K)->0K(559232K) From: 69329K(69888K)->69887K(69888K)
[587.265s][info][gc,heap        ] GC(862) Tenured: 1108227K(1398144K)->1176978K(1398144K)
[587.265s][info][gc,metaspace   ] GC(862) Metaspace: 22816K(23168K)->22816K(23168K) NonClass: 20017K(20224K)->20017K(20224K) Class: 2798K(2944K)->2798K(2944K)
[587.265s][info][gc             ] GC(862) Pause Young (Allocation Failure) 1696M->1217M(1979M) 485.464ms
[587.265s][info][gc,cpu         ] GC(862) User=0.47s Sys=0.00s Real=0.49s
[587.816s][info][gc,start       ] GC(863) Pause Young (Allocation Failure)
[588.143s][info][gc,heap        ] GC(863) DefNew: 629119K(629120K)->60200K(629120K) Eden: 559232K(559232K)->0K(559232K) From: 69887K(69888K)->60200K(69888K)
[588.143s][info][gc,heap        ] GC(863) Tenured: 1176978K(1398144K)->1210763K(1398144K)
[588.143s][info][gc,metaspace   ] GC(863) Metaspace: 22818K(23168K)->22818K(23168K) NonClass: 20019K(20224K)->20019K(20224K) Class: 2798K(2944K)->2798K(2944K)
[588.143s][info][gc             ] GC(863) Pause Young (Allocation Failure) 1763M->1241M(1979M) 327.532ms
[588.143s][info][gc,cpu         ] GC(863) User=0.33s Sys=0.00s Real=0.33s
[588.293s][info][gc,start       ] GC(864) Pause Young (Allocation Failure)
[588.737s][info][gc,heap        ] GC(864) DefNew: 619432K(629120K)->69888K(629120K) Eden: 559232K(559232K)->0K(559232K) From: 60200K(69888K)->69888K(69888K)
[588.737s][info][gc,heap        ] GC(864) Tenured: 1210763K(1398144K)->1268962K(1398144K)
[588.737s][info][gc,metaspace   ] GC(864) Metaspace: 22818K(23168K)->22818K(23168K) NonClass: 20019K(20224K)->20019K(20224K) Class: 2798K(2944K)->2798K(2944K)
[588.737s][info][gc             ] GC(864) Pause Young (Allocation Failure) 1787M->1307M(1979M) 444.071ms
[588.737s][info][gc,cpu         ] GC(864) User=0.44s Sys=0.00s Real=0.45s
[589.134s][info][gc,start       ] GC(865) Pause Young (Allocation Failure)
[589.433s][info][gc,heap        ] GC(865) DefNew: 629120K(629120K)->60860K(629120K) Eden: 559232K(559232K)->0K(559232K) From: 69888K(69888K)->60860K(69888K)
[589.433s][info][gc,heap        ] GC(865) Tenured: 1268962K(1398144K)->1304957K(1398144K)
[589.433s][info][gc,metaspace   ] GC(865) Metaspace: 22818K(23168K)->22818K(23168K) NonClass: 20019K(20224K)->20019K(20224K) Class: 2798K(2944K)->2798K(2944K)
[589.433s][info][gc             ] GC(865) Pause Young (Allocation Failure) 1853M->1333M(1979M) 299.874ms
[589.433s][info][gc,cpu         ] GC(865) User=0.27s Sys=0.00s Real=0.30s
[589.593s][info][gc,start       ] GC(866) Pause Full (System.gc())
[589.593s][info][gc,phases,start] GC(866) Phase 1: Mark live objects
[589.785s][info][gc,phases      ] GC(866) Phase 1: Mark live objects 191.261ms
[589.785s][info][gc,phases,start] GC(866) Phase 2: Compute new object addresses
[590.008s][info][gc,phases      ] GC(866) Phase 2: Compute new object addresses 222.889ms
[590.008s][info][gc,phases,start] GC(866) Phase 3: Adjust pointers
[590.079s][info][gc,phases      ] GC(866) Phase 3: Adjust pointers 71.217ms
[590.079s][info][gc,phases,start] GC(866) Phase 4: Move objects
[590.107s][info][gc,phases      ] GC(866) Phase 4: Move objects 28.477ms
[590.108s][info][gc,heap        ] GC(866) DefNew: 175810K(629120K)->0K(629120K) Eden: 114949K(559232K)->0K(559232K) From: 60860K(69888K)->0K(69888K)
[590.108s][info][gc,heap        ] GC(866) Tenured: 1304957K(1398144K)->166320K(1398144K)
[590.108s][info][gc,metaspace   ] GC(866) Metaspace: 22819K(23168K)->22819K(23168K) NonClass: 20020K(20224K)->20020K(20224K) Class: 2798K(2944K)->2798K(2944K)
[590.108s][info][gc             ] GC(866) Pause Full (System.gc()) 1446M->162M(1979M) 514.625ms
[590.108s][info][gc,cpu         ] GC(866) User=0.47s Sys=0.00s Real=0.52s
[590.268s][info][gc,start       ] GC(867) Pause Young (Allocation Failure)
[590.564s][info][gc,heap        ] GC(867) DefNew: 559232K(629120K)->69887K(629120K) Eden: 559232K(559232K)->0K(559232K) From: 0K(69888K)->69887K(69888K)
[590.564s][info][gc,heap        ] GC(867) Tenured: 166320K(1398144K)->172505K(1398144K)
[590.564s][info][gc,metaspace   ] GC(867) Metaspace: 22820K(23168K)->22820K(23168K) NonClass: 20022K(20224K)->20022K(20224K) Class: 2798K(2944K)->2798K(2944K)
[590.564s][info][gc             ] GC(867) Pause Young (Allocation Failure) 708M->236M(1979M) 296.029ms
[590.564s][info][gc,cpu         ] GC(867) User=0.30s Sys=0.00s Real=0.28s
[590.730s][info][gc,start       ] GC(868) Pause Young (Allocation Failure)
[591.230s][info][gc,heap        ] GC(868) DefNew: 629119K(629120K)->69888K(629120K) Eden: 559232K(559232K)->0K(559232K) From: 69887K(69888K)->69888K(69888K)
[591.230s][info][gc,heap        ] GC(868) Tenured: 172505K(1398144K)->246774K(1398144K)
[591.230s][info][gc,metaspace   ] GC(868) Metaspace: 22820K(23168K)->22820K(23168K) NonClass: 20022K(20224K)->20022K(20224K) Class: 2798K(2944K)->2798K(2944K)
[591.230s][info][gc             ] GC(868) Pause Young (Allocation Failure) 782M->309M(1979M) 499.881ms
[591.230s][info][gc,cpu         ] GC(868) User=0.47s Sys=0.02s Real=0.49s
[591.729s][info][gc,start       ] GC(869) Pause Young (Allocation Failure)
[592.072s][info][gc,heap        ] GC(869) DefNew: 629120K(629120K)->69887K(629120K) Eden: 559232K(559232K)->0K(559232K) From: 69888K(69888K)->69887K(69888K)
[592.072s][info][gc,heap        ] GC(869) Tenured: 246774K(1398144K)->283512K(1398144K)
[592.072s][info][gc,metaspace   ] GC(869) Metaspace: 22821K(23168K)->22821K(23168K) NonClass: 20023K(20224K)->20023K(20224K) Class: 2798K(2944K)->2798K(2944K)
[592.072s][info][gc             ] GC(869) Pause Young (Allocation Failure) 855M->345M(1979M) 343.119ms
[592.072s][info][gc,cpu         ] GC(869) User=0.33s Sys=0.00s Real=0.35s
[592.219s][info][gc,start       ] GC(870) Pause Young (Allocation Failure)
[592.671s][info][gc,heap        ] GC(870) DefNew: 629119K(629120K)->69887K(629120K) Eden: 559232K(559232K)->0K(559232K) From: 69887K(69888K)->69887K(69888K)
[592.671s][info][gc,heap        ] GC(870) Tenured: 283512K(1398144K)->350070K(1398144K)
[592.671s][info][gc,metaspace   ] GC(870) Metaspace: 22821K(23168K)->22821K(23168K) NonClass: 20023K(20224K)->20023K(20224K) Class: 2798K(2944K)->2798K(2944K)
[592.671s][info][gc             ] GC(870) Pause Young (Allocation Failure) 891M->410M(1979M) 451.183ms
[592.671s][info][gc,cpu         ] GC(870) User=0.39s Sys=0.00s Real=0.46s
[593.162s][info][gc,start       ] GC(871) Pause Young (Allocation Failure)
[593.401s][info][gc,heap        ] GC(871) DefNew: 629119K(629120K)->39428K(629120K) Eden: 559232K(559232K)->0K(559232K) From: 69887K(69888K)->39428K(69888K)
[593.401s][info][gc,heap        ] GC(871) Tenured: 350070K(1398144K)->385580K(1398144K)
[593.401s][info][gc,metaspace   ] GC(871) Metaspace: 22821K(23168K)->22821K(23168K) NonClass: 20023K(20224K)->20023K(20224K) Class: 2798K(2944K)->2798K(2944K)
[593.401s][info][gc             ] GC(871) Pause Young (Allocation Failure) 956M->415M(1979M) 238.770ms
[593.401s][info][gc,cpu         ] GC(871) User=0.22s Sys=0.00s Real=0.24s
[593.549s][info][gc,start       ] GC(872) Pause Young (Allocation Failure)
[593.918s][info][gc,heap        ] GC(872) DefNew: 598660K(629120K)->69887K(629120K) Eden: 559232K(559232K)->0K(559232K) From: 39428K(69888K)->69887K(69888K)
[593.918s][info][gc,heap        ] GC(872) Tenured: 385580K(1398144K)->424920K(1398144K)
[593.918s][info][gc,metaspace   ] GC(872) Metaspace: 22821K(23168K)->22821K(23168K) NonClass: 20023K(20224K)->20023K(20224K) Class: 2798K(2944K)->2798K(2944K)
[593.918s][info][gc             ] GC(872) Pause Young (Allocation Failure) 961M->483M(1979M) 369.114ms
[593.918s][info][gc,cpu         ] GC(872) User=0.34s Sys=0.00s Real=0.37s
[594.065s][info][gc,start       ] GC(873) Pause Young (Allocation Failure)
[594.547s][info][gc,heap        ] GC(873) DefNew: 629119K(629120K)->69887K(629120K) Eden: 559232K(559232K)->0K(559232K) From: 69887K(69888K)->69887K(69888K)
[594.547s][info][gc,heap        ] GC(873) Tenured: 424920K(1398144K)->490455K(1398144K)
[594.547s][info][gc,metaspace   ] GC(873) Metaspace: 22821K(23168K)->22821K(23168K) NonClass: 20023K(20224K)->20023K(20224K) Class: 2798K(2944K)->2798K(2944K)
[594.547s][info][gc             ] GC(873) Pause Young (Allocation Failure) 1029M->547M(1979M) 482.069ms
[594.547s][info][gc,cpu         ] GC(873) User=0.48s Sys=0.00s Real=0.49s
[595.116s][info][gc,start       ] GC(874) Pause Young (Allocation Failure)
[595.405s][info][gc,heap        ] GC(874) DefNew: 629119K(629120K)->55666K(629120K) Eden: 559232K(559232K)->0K(559232K) From: 69887K(69888K)->55666K(69888K)
[595.405s][info][gc,heap        ] GC(874) Tenured: 490455K(1398144K)->525814K(1398144K)
[595.405s][info][gc,metaspace   ] GC(874) Metaspace: 22821K(23168K)->22821K(23168K) NonClass: 20023K(20224K)->20023K(20224K) Class: 2798K(2944K)->2798K(2944K)
[595.405s][info][gc             ] GC(874) Pause Young (Allocation Failure) 1093M->567M(1979M) 288.722ms
[595.405s][info][gc,cpu         ] GC(874) User=0.30s Sys=0.00s Real=0.28s
[595.540s][info][gc,start       ] GC(875) Pause Young (Allocation Failure)
[595.966s][info][gc,heap        ] GC(875) DefNew: 614898K(629120K)->69888K(629120K) Eden: 559232K(559232K)->0K(559232K) From: 55666K(69888K)->69888K(69888K)
[595.966s][info][gc,heap        ] GC(875) Tenured: 525814K(1398144K)->576443K(1398144K)
[595.966s][info][gc,metaspace   ] GC(875) Metaspace: 22821K(23168K)->22821K(23168K) NonClass: 20023K(20224K)->20023K(20224K) Class: 2798K(2944K)->2798K(2944K)
[595.966s][info][gc             ] GC(875) Pause Young (Allocation Failure) 1113M->631M(1979M) 425.965ms
[595.966s][info][gc,cpu         ] GC(875) User=0.42s Sys=0.00s Real=0.42s
[596.227s][info][gc,start       ] GC(876) Pause Young (Allocation Failure)
[596.678s][info][gc,heap        ] GC(876) DefNew: 629120K(629120K)->69888K(629120K) Eden: 559232K(559232K)->0K(559232K) From: 69888K(69888K)->69888K(69888K)
[596.678s][info][gc,heap        ] GC(876) Tenured: 576443K(1398144K)->625056K(1398144K)
[596.678s][info][gc,metaspace   ] GC(876) Metaspace: 22821K(23168K)->22821K(23168K) NonClass: 20023K(20224K)->20023K(20224K) Class: 2798K(2944K)->2798K(2944K)
[596.678s][info][gc             ] GC(876) Pause Young (Allocation Failure) 1177M->678M(1979M) 451.546ms
[596.678s][info][gc,cpu         ] GC(876) User=0.42s Sys=0.00s Real=0.45s
[597.170s][info][gc,start       ] GC(877) Pause Young (Allocation Failure)
[597.491s][info][gc,heap        ] GC(877) DefNew: 629120K(629120K)->68739K(629120K) Eden: 559232K(559232K)->0K(559232K) From: 69888K(69888K)->68739K(69888K)
[597.491s][info][gc,heap        ] GC(877) Tenured: 625056K(1398144K)->657911K(1398144K)
[597.491s][info][gc,metaspace   ] GC(877) Metaspace: 22821K(23168K)->22821K(23168K) NonClass: 20023K(20224K)->20023K(20224K) Class: 2798K(2944K)->2798K(2944K)
[597.491s][info][gc             ] GC(877) Pause Young (Allocation Failure) 1224M->709M(1979M) 320.703ms
[597.491s][info][gc,cpu         ] GC(877) User=0.31s Sys=0.00s Real=0.31s
[597.637s][info][gc,start       ] GC(878) Pause Young (Allocation Failure)
[598.083s][info][gc,heap        ] GC(878) DefNew: 627971K(629120K)->69888K(629120K) Eden: 559232K(559232K)->0K(559232K) From: 68739K(69888K)->69888K(69888K)
[598.083s][info][gc,heap        ] GC(878) Tenured: 657911K(1398144K)->722598K(1398144K)
[598.083s][info][gc,metaspace   ] GC(878) Metaspace: 22821K(23168K)->22821K(23168K) NonClass: 20023K(20224K)->20023K(20224K) Class: 2798K(2944K)->2798K(2944K)
[598.083s][info][gc             ] GC(878) Pause Young (Allocation Failure) 1255M->773M(1979M) 445.257ms
[598.083s][info][gc,cpu         ] GC(878) User=0.42s Sys=0.00s Real=0.44s
[598.644s][info][gc,start       ] GC(879) Pause Young (Allocation Failure)
[598.891s][info][gc,heap        ] GC(879) DefNew: 629120K(629120K)->41853K(629120K) Eden: 559232K(559232K)->0K(559232K) From: 69888K(69888K)->41853K(69888K)
[598.891s][info][gc,heap        ] GC(879) Tenured: 722598K(1398144K)->758545K(1398144K)
[598.891s][info][gc,metaspace   ] GC(879) Metaspace: 22821K(23168K)->22821K(23168K) NonClass: 20023K(20224K)->20023K(20224K) Class: 2798K(2944K)->2798K(2944K)
[598.891s][info][gc             ] GC(879) Pause Young (Allocation Failure) 1320M->781M(1979M) 246.658ms
[598.891s][info][gc,cpu         ] GC(879) User=0.25s Sys=0.00s Real=0.25s
[599.034s][info][gc,start       ] GC(880) Pause Young (Allocation Failure)
[599.425s][info][gc,heap        ] GC(880) DefNew: 601085K(629120K)->69888K(629120K) Eden: 559232K(559232K)->0K(559232K) From: 41853K(69888K)->69888K(69888K)
[599.425s][info][gc,heap        ] GC(880) Tenured: 758545K(1398144K)->802169K(1398144K)
[599.425s][info][gc,metaspace   ] GC(880) Metaspace: 22821K(23168K)->22821K(23168K) NonClass: 20023K(20224K)->20023K(20224K) Class: 2798K(2944K)->2798K(2944K)
[599.425s][info][gc             ] GC(880) Pause Young (Allocation Failure) 1327M->851M(1979M) 391.184ms
[599.425s][info][gc,cpu         ] GC(880) User=0.36s Sys=0.00s Real=0.38s
[599.580s][info][gc,start       ] GC(881) Pause Young (Allocation Failure)
[600.056s][info][gc,heap        ] GC(881) DefNew: 629120K(629120K)->69888K(629120K) Eden: 559232K(559232K)->0K(559232K) From: 69888K(69888K)->69888K(69888K)
[600.056s][info][gc,heap        ] GC(881) Tenured: 802169K(1398144K)->866435K(1398144K)
[600.056s][info][gc,metaspace   ] GC(881) Metaspace: 22821K(23168K)->22821K(23168K) NonClass: 20023K(20224K)->20023K(20224K) Class: 2798K(2944K)->2798K(2944K)
[600.056s][info][gc             ] GC(881) Pause Young (Allocation Failure) 1397M->914M(1979M) 476.151ms
[600.056s][info][gc,cpu         ] GC(881) User=0.45s Sys=0.00s Real=0.48s
[600.614s][info][gc,start       ] GC(882) Pause Young (Allocation Failure)
[600.929s][info][gc,heap        ] GC(882) DefNew: 629120K(629120K)->58988K(629120K) Eden: 559232K(559232K)->0K(559232K) From: 69888K(69888K)->58988K(69888K)
[600.929s][info][gc,heap        ] GC(882) Tenured: 866435K(1398144K)->900386K(1398144K)
[600.929s][info][gc,metaspace   ] GC(882) Metaspace: 22821K(23168K)->22821K(23168K) NonClass: 20023K(20224K)->20023K(20224K) Class: 2798K(2944K)->2798K(2944K)
[600.929s][info][gc             ] GC(882) Pause Young (Allocation Failure) 1460M->936M(1979M) 314.102ms
[600.929s][info][gc,cpu         ] GC(882) User=0.25s Sys=0.00s Real=0.31s
[601.071s][info][gc,start       ] GC(883) Pause Young (Allocation Failure)
[601.498s][info][gc,heap        ] GC(883) DefNew: 618220K(629120K)->69888K(629120K) Eden: 559232K(559232K)->0K(559232K) From: 58988K(69888K)->69888K(69888K)
[601.499s][info][gc,heap        ] GC(883) Tenured: 900386K(1398144K)->955686K(1398144K)
[601.499s][info][gc,metaspace   ] GC(883) Metaspace: 22821K(23168K)->22821K(23168K) NonClass: 20023K(20224K)->20023K(20224K) Class: 2798K(2944K)->2798K(2944K)
[601.499s][info][gc             ] GC(883) Pause Young (Allocation Failure) 1483M->1001M(1979M) 427.975ms
[601.499s][info][gc,cpu         ] GC(883) User=0.41s Sys=0.00s Real=0.42s
[601.876s][info][gc,start       ] GC(884) Pause Young (Allocation Failure)
[602.210s][info][gc,heap        ] GC(884) DefNew: 629120K(629120K)->65621K(629120K) Eden: 559232K(559232K)->0K(559232K) From: 69888K(69888K)->65621K(69888K)
[602.210s][info][gc,heap        ] GC(884) Tenured: 955686K(1398144K)->993229K(1398144K)
[602.210s][info][gc,metaspace   ] GC(884) Metaspace: 22821K(23168K)->22821K(23168K) NonClass: 20023K(20224K)->20023K(20224K) Class: 2798K(2944K)->2798K(2944K)
[602.210s][info][gc             ] GC(884) Pause Young (Allocation Failure) 1547M->1034M(1979M) 334.253ms
[602.210s][info][gc,cpu         ] GC(884) User=0.27s Sys=0.00s Real=0.33s
[602.553s][info][gc,start       ] GC(885) Pause Young (Allocation Failure)
[602.882s][info][gc,heap        ] GC(885) DefNew: 624853K(629120K)->69567K(629120K) Eden: 559232K(559232K)->0K(559232K) From: 65621K(69888K)->69567K(69888K)
[602.882s][info][gc,heap        ] GC(885) Tenured: 993229K(1398144K)->1029788K(1398144K)
[602.882s][info][gc,metaspace   ] GC(885) Metaspace: 22821K(23168K)->22821K(23168K) NonClass: 20023K(20224K)->20023K(20224K) Class: 2798K(2944K)->2798K(2944K)
[602.882s][info][gc             ] GC(885) Pause Young (Allocation Failure) 1580M->1073M(1979M) 329.348ms
[602.882s][info][gc,cpu         ] GC(885) User=0.33s Sys=0.00s Real=0.33s
[603.039s][info][gc,start       ] GC(886) Pause Young (Allocation Failure)
[603.521s][info][gc,heap        ] GC(886) DefNew: 628799K(629120K)->69887K(629120K) Eden: 559232K(559232K)->0K(559232K) From: 69567K(69888K)->69887K(69888K)
[603.521s][info][gc,heap        ] GC(886) Tenured: 1029788K(1398144K)->1101746K(1398144K)
[603.521s][info][gc,metaspace   ] GC(886) Metaspace: 22821K(23168K)->22821K(23168K) NonClass: 20023K(20224K)->20023K(20224K) Class: 2798K(2944K)->2798K(2944K)
[603.521s][info][gc             ] GC(886) Pause Young (Allocation Failure) 1619M->1144M(1979M) 482.005ms
[603.521s][info][gc,cpu         ] GC(886) User=0.45s Sys=0.00s Real=0.49s
[604.033s][info][gc,start       ] GC(887) Pause Young (Allocation Failure)
[604.312s][info][gc,heap        ] GC(887) DefNew: 629119K(629120K)->50490K(629120K) Eden: 559232K(559232K)->0K(559232K) From: 69887K(69888K)->50490K(69888K)
[604.313s][info][gc,heap        ] GC(887) Tenured: 1101746K(1398144K)->1136534K(1398144K)
[604.313s][info][gc,metaspace   ] GC(887) Metaspace: 22821K(23168K)->22821K(23168K) NonClass: 20023K(20224K)->20023K(20224K) Class: 2798K(2944K)->2798K(2944K)
[604.313s][info][gc             ] GC(887) Pause Young (Allocation Failure) 1690M->1159M(1979M) 279.957ms
[604.313s][info][gc,cpu         ] GC(887) User=0.30s Sys=0.00s Real=0.28s
[604.459s][info][gc,start       ] GC(888) Pause Young (Allocation Failure)
[604.874s][info][gc,heap        ] GC(888) DefNew: 609722K(629120K)->69888K(629120K) Eden: 559232K(559232K)->0K(559232K) From: 50490K(69888K)->69888K(69888K)
[604.874s][info][gc,heap        ] GC(888) Tenured: 1136534K(1398144K)->1185150K(1398144K)
[604.874s][info][gc,metaspace   ] GC(888) Metaspace: 22821K(23168K)->22821K(23168K) NonClass: 20023K(20224K)->20023K(20224K) Class: 2798K(2944K)->2798K(2944K)
[604.874s][info][gc             ] GC(888) Pause Young (Allocation Failure) 1705M->1225M(1979M) 415.128ms
[604.874s][info][gc,cpu         ] GC(888) User=0.38s Sys=0.00s Real=0.41s
[605.123s][info][gc,start       ] GC(889) Pause Young (Allocation Failure)
[605.576s][info][gc,heap        ] GC(889) DefNew: 629120K(629120K)->69887K(629120K) Eden: 559232K(559232K)->0K(559232K) From: 69888K(69888K)->69887K(69888K)
[605.576s][info][gc,heap        ] GC(889) Tenured: 1185150K(1398144K)->1234498K(1398144K)
[605.576s][info][gc,metaspace   ] GC(889) Metaspace: 22821K(23168K)->22821K(23168K) NonClass: 20023K(20224K)->20023K(20224K) Class: 2798K(2944K)->2798K(2944K)
[605.576s][info][gc             ] GC(889) Pause Young (Allocation Failure) 1771M->1273M(1979M) 453.122ms
[605.576s][info][gc,cpu         ] GC(889) User=0.45s Sys=0.00s Real=0.45s
[606.017s][info][gc,start       ] GC(890) Pause Young (Allocation Failure)
[606.338s][info][gc,heap        ] GC(890) DefNew: 629119K(629120K)->62835K(629120K) Eden: 559232K(559232K)->0K(559232K) From: 69887K(69888K)->62835K(69888K)
[606.338s][info][gc,heap        ] GC(890) Tenured: 1234498K(1398144K)->1269291K(1398144K)
[606.338s][info][gc,metaspace   ] GC(890) Metaspace: 22821K(23168K)->22821K(23168K) NonClass: 20023K(20224K)->20023K(20224K) Class: 2798K(2944K)->2798K(2944K)
[606.338s][info][gc             ] GC(890) Pause Young (Allocation Failure) 1819M->1300M(1979M) 321.484ms
[606.339s][info][gc,cpu         ] GC(890) User=0.31s Sys=0.00s Real=0.33s
[606.480s][info][gc,start       ] GC(891) Pause Young (Allocation Failure)
[606.917s][info][gc,heap        ] GC(891) DefNew: 622067K(629120K)->69888K(629120K) Eden: 559232K(559232K)->0K(559232K) From: 62835K(69888K)->69888K(69888K)
[606.917s][info][gc,heap        ] GC(891) Tenured: 1269291K(1398144K)->1325387K(1398144K)
[606.917s][info][gc,metaspace   ] GC(891) Metaspace: 22821K(23168K)->22821K(23168K) NonClass: 20023K(20224K)->20023K(20224K) Class: 2798K(2944K)->2798K(2944K)
[606.917s][info][gc             ] GC(891) Pause Young (Allocation Failure) 1847M->1362M(1979M) 437.318ms
[606.917s][info][gc,cpu         ] GC(891) User=0.36s Sys=0.00s Real=0.44s
[607.437s][info][gc,start       ] GC(892) Pause Young (Allocation Failure)
[607.437s][info][gc             ] GC(892) Pause Young (Allocation Failure) 1908M->1908M(1979M) 0.077ms
[607.437s][info][gc,cpu         ] GC(892) User=0.00s Sys=0.00s Real=0.00s
[607.437s][info][gc,start       ] GC(893) Pause Full (Allocation Failure)
[607.437s][info][gc,phases,start] GC(893) Phase 1: Mark live objects
[607.647s][info][gc,phases      ] GC(893) Phase 1: Mark live objects 210.085ms
[607.647s][info][gc,phases,start] GC(893) Phase 2: Compute new object addresses
[607.936s][info][gc,phases      ] GC(893) Phase 2: Compute new object addresses 289.344ms
[607.936s][info][gc,phases,start] GC(893) Phase 3: Adjust pointers
[608.056s][info][gc,phases      ] GC(893) Phase 3: Adjust pointers 119.774ms
[608.056s][info][gc,phases,start] GC(893) Phase 4: Move objects
[608.118s][info][gc,phases      ] GC(893) Phase 4: Move objects 61.730ms
[608.118s][info][gc,heap        ] GC(893) DefNew: 629120K(629120K)->0K(629120K) Eden: 559232K(559232K)->0K(559232K) From: 69888K(69888K)->0K(69888K)
[608.118s][info][gc,heap        ] GC(893) Tenured: 1325387K(1398144K)->177615K(1398144K)
[608.118s][info][gc,metaspace   ] GC(893) Metaspace: 22821K(23168K)->22821K(23168K) NonClass: 20023K(20224K)->20023K(20224K) Class: 2798K(2944K)->2798K(2944K)
[608.118s][info][gc             ] GC(893) Pause Full (Allocation Failure) 1908M->173M(1979M) 681.520ms
[608.118s][info][gc,cpu         ] GC(893) User=0.64s Sys=0.00s Real=0.68s
[608.207s][info][gc,start       ] GC(894) Pause Full (System.gc())
[608.207s][info][gc,phases,start] GC(894) Phase 1: Mark live objects
[608.363s][info][gc,phases      ] GC(894) Phase 1: Mark live objects 155.235ms
[608.363s][info][gc,phases,start] GC(894) Phase 2: Compute new object addresses
[608.395s][info][gc,phases      ] GC(894) Phase 2: Compute new object addresses 32.041ms
[608.395s][info][gc,phases,start] GC(894) Phase 3: Adjust pointers
[608.476s][info][gc,phases      ] GC(894) Phase 3: Adjust pointers 81.340ms
[608.476s][info][gc,phases,start] GC(894) Phase 4: Move objects
[608.494s][info][gc,phases      ] GC(894) Phase 4: Move objects 18.053ms
[608.494s][info][gc,heap        ] GC(894) DefNew: 30311K(629120K)->0K(629120K) Eden: 30311K(559232K)->0K(559232K) From: 0K(69888K)->0K(69888K)
[608.494s][info][gc,heap        ] GC(894) Tenured: 177615K(1398144K)->174444K(1398144K)
[608.494s][info][gc,metaspace   ] GC(894) Metaspace: 22821K(23168K)->22821K(23168K) NonClass: 20023K(20224K)->20023K(20224K) Class: 2798K(2944K)->2798K(2944K)
[608.494s][info][gc             ] GC(894) Pause Full (System.gc()) 203M->170M(1979M) 287.071ms
[608.494s][info][gc,cpu         ] GC(894) User=0.27s Sys=0.00s Real=0.28s
[608.650s][info][gc,start       ] GC(895) Pause Young (Allocation Failure)
[608.967s][info][gc,heap        ] GC(895) DefNew: 559232K(629120K)->69888K(629120K) Eden: 559232K(559232K)->0K(559232K) From: 0K(69888K)->69888K(69888K)
[608.967s][info][gc,heap        ] GC(895) Tenured: 174444K(1398144K)->180534K(1398144K)
[608.967s][info][gc,metaspace   ] GC(895) Metaspace: 22821K(23168K)->22821K(23168K) NonClass: 20023K(20224K)->20023K(20224K) Class: 2798K(2944K)->2798K(2944K)
[608.967s][info][gc             ] GC(895) Pause Young (Allocation Failure) 716M->244M(1979M) 316.797ms
[608.967s][info][gc,cpu         ] GC(895) User=0.31s Sys=0.02s Real=0.33s
[609.117s][info][gc,start       ] GC(896) Pause Young (Allocation Failure)
[609.592s][info][gc,heap        ] GC(896) DefNew: 629120K(629120K)->69888K(629120K) Eden: 559232K(559232K)->0K(559232K) From: 69888K(69888K)->69888K(69888K)
[609.592s][info][gc,heap        ] GC(896) Tenured: 180534K(1398144K)->246006K(1398144K)
[609.592s][info][gc,metaspace   ] GC(896) Metaspace: 22821K(23168K)->22821K(23168K) NonClass: 20023K(20224K)->20023K(20224K) Class: 2798K(2944K)->2798K(2944K)
[609.592s][info][gc             ] GC(896) Pause Young (Allocation Failure) 790M->308M(1979M) 475.016ms
[609.592s][info][gc,cpu         ] GC(896) User=0.41s Sys=0.00s Real=0.47s
[610.155s][info][gc,start       ] GC(897) Pause Young (Allocation Failure)
[610.457s][info][gc,heap        ] GC(897) DefNew: 629120K(629120K)->57859K(629120K) Eden: 559232K(559232K)->0K(559232K) From: 69888K(69888K)->57859K(69888K)
[610.457s][info][gc,heap        ] GC(897) Tenured: 246006K(1398144K)->282743K(1398144K)
[610.457s][info][gc,metaspace   ] GC(897) Metaspace: 22821K(23168K)->22821K(23168K) NonClass: 20023K(20224K)->20023K(20224K) Class: 2798K(2944K)->2798K(2944K)
[610.457s][info][gc             ] GC(897) Pause Young (Allocation Failure) 854M->332M(1979M) 302.145ms
[610.457s][info][gc,cpu         ] GC(897) User=0.31s Sys=0.00s Real=0.30s
[610.591s][info][gc,start       ] GC(898) Pause Young (Allocation Failure)
[611.003s][info][gc,heap        ] GC(898) DefNew: 617091K(629120K)->67619K(629120K) Eden: 559232K(559232K)->0K(559232K) From: 57859K(69888K)->67619K(69888K)
[611.003s][info][gc,heap        ] GC(898) Tenured: 282743K(1398144K)->332292K(1398144K)
[611.003s][info][gc,metaspace   ] GC(898) Metaspace: 22821K(23168K)->22821K(23168K) NonClass: 20023K(20224K)->20023K(20224K) Class: 2798K(2944K)->2798K(2944K)
[611.003s][info][gc             ] GC(898) Pause Young (Allocation Failure) 878M->390M(1979M) 411.928ms
[611.003s][info][gc,cpu         ] GC(898) User=0.41s Sys=0.00s Real=0.41s
[611.329s][info][gc,start       ] GC(899) Pause Young (Allocation Failure)
[611.736s][info][gc,heap        ] GC(899) DefNew: 626851K(629120K)->69766K(629120K) Eden: 559232K(559232K)->0K(559232K) From: 67619K(69888K)->69766K(69888K)
[611.736s][info][gc,heap        ] GC(899) Tenured: 332292K(1398144K)->373721K(1398144K)
[611.736s][info][gc,metaspace   ] GC(899) Metaspace: 22821K(23168K)->22821K(23168K) NonClass: 20023K(20224K)->20023K(20224K) Class: 2798K(2944K)->2798K(2944K)
[611.736s][info][gc             ] GC(899) Pause Young (Allocation Failure) 936M->433M(1979M) 406.546ms
[611.736s][info][gc,cpu         ] GC(899) User=0.39s Sys=0.00s Real=0.41s
[612.151s][info][gc,start       ] GC(900) Pause Young (Allocation Failure)
[612.481s][info][gc,heap        ] GC(900) DefNew: 628998K(629120K)->62690K(629120K) Eden: 559232K(559232K)->0K(559232K) From: 69766K(69888K)->62690K(69888K)
[612.481s][info][gc,heap        ] GC(900) Tenured: 373721K(1398144K)->409869K(1398144K)
[612.481s][info][gc,metaspace   ] GC(900) Metaspace: 22821K(23168K)->22821K(23168K) NonClass: 20023K(20224K)->20023K(20224K) Class: 2798K(2944K)->2798K(2944K)
[612.481s][info][gc             ] GC(900) Pause Young (Allocation Failure) 979M->461M(1979M) 329.558ms
[612.481s][info][gc,cpu         ] GC(900) User=0.31s Sys=0.00s Real=0.33s
[612.635s][info][gc,start       ] GC(901) Pause Young (Allocation Failure)
[613.092s][info][gc,heap        ] GC(901) DefNew: 621922K(629120K)->69888K(629120K) Eden: 559232K(559232K)->0K(559232K) From: 62690K(69888K)->69888K(69888K)
[613.092s][info][gc,heap        ] GC(901) Tenured: 409869K(1398144K)->470668K(1398144K)
[613.092s][info][gc,metaspace   ] GC(901) Metaspace: 22821K(23168K)->22821K(23168K) NonClass: 20023K(20224K)->20023K(20224K) Class: 2798K(2944K)->2798K(2944K)
[613.092s][info][gc             ] GC(901) Pause Young (Allocation Failure) 1007M->527M(1979M) 456.830ms
[613.092s][info][gc,cpu         ] GC(901) User=0.44s Sys=0.00s Real=0.46s
[613.725s][info][gc,start       ] GC(902) Pause Young (Allocation Failure)
[613.964s][info][gc,heap        ] GC(902) DefNew: 629120K(629120K)->38502K(629120K) Eden: 559232K(559232K)->0K(559232K) From: 69888K(69888K)->38502K(69888K)
[613.964s][info][gc,heap        ] GC(902) Tenured: 470668K(1398144K)->509326K(1398144K)
[613.964s][info][gc,metaspace   ] GC(902) Metaspace: 22822K(23168K)->22822K(23168K) NonClass: 20023K(20224K)->20023K(20224K) Class: 2798K(2944K)->2798K(2944K)
[613.964s][info][gc             ] GC(902) Pause Young (Allocation Failure) 1074M->534M(1979M) 239.946ms
[613.964s][info][gc,cpu         ] GC(902) User=0.23s Sys=0.00s Real=0.24s
[614.174s][info][gc,start       ] GC(903) Pause Young (Allocation Failure)
[614.518s][info][gc,heap        ] GC(903) DefNew: 597734K(629120K)->69888K(629120K) Eden: 559232K(559232K)->0K(559232K) From: 38502K(69888K)->69888K(69888K)
[614.518s][info][gc,heap        ] GC(903) Tenured: 509326K(1398144K)->547629K(1398144K)
[614.518s][info][gc,metaspace   ] GC(903) Metaspace: 22822K(23168K)->22822K(23168K) NonClass: 20023K(20224K)->20023K(20224K) Class: 2798K(2944K)->2798K(2944K)
[614.518s][info][gc             ] GC(903) Pause Young (Allocation Failure) 1081M->603M(1979M) 343.811ms
[614.518s][info][gc,cpu         ] GC(903) User=0.28s Sys=0.00s Real=0.35s
[614.659s][info][gc,start       ] GC(904) Pause Young (Allocation Failure)
[615.135s][info][gc,heap        ] GC(904) DefNew: 629120K(629120K)->69887K(629120K) Eden: 559232K(559232K)->0K(559232K) From: 69888K(69888K)->69887K(69888K)
[615.135s][info][gc,heap        ] GC(904) Tenured: 547629K(1398144K)->612452K(1398144K)
[615.135s][info][gc,metaspace   ] GC(904) Metaspace: 22822K(23168K)->22822K(23168K) NonClass: 20023K(20224K)->20023K(20224K) Class: 2798K(2944K)->2798K(2944K)
[615.135s][info][gc             ] GC(904) Pause Young (Allocation Failure) 1149M->666M(1979M) 475.339ms
[615.135s][info][gc,cpu         ] GC(904) User=0.44s Sys=0.00s Real=0.49s
[615.675s][info][gc,start       ] GC(905) Pause Young (Allocation Failure)
[615.998s][info][gc,heap        ] GC(905) DefNew: 629119K(629120K)->64426K(629120K) Eden: 559232K(559232K)->0K(559232K) From: 69887K(69888K)->64426K(69888K)
[615.998s][info][gc,heap        ] GC(905) Tenured: 612452K(1398144K)->645485K(1398144K)
[615.998s][info][gc,metaspace   ] GC(905) Metaspace: 22822K(23168K)->22822K(23168K) NonClass: 20023K(20224K)->20023K(20224K) Class: 2798K(2944K)->2798K(2944K)
[615.998s][info][gc             ] GC(905) Pause Young (Allocation Failure) 1212M->693M(1979M) 323.188ms
[615.998s][info][gc,cpu         ] GC(905) User=0.27s Sys=0.00s Real=0.33s
[616.154s][info][gc,start       ] GC(906) Pause Young (Allocation Failure)
[616.617s][info][gc,heap        ] GC(906) DefNew: 623658K(629120K)->69887K(629120K) Eden: 559232K(559232K)->0K(559232K) From: 64426K(69888K)->69887K(69888K)
[616.617s][info][gc,heap        ] GC(906) Tenured: 645485K(1398144K)->711622K(1398144K)
[616.617s][info][gc,metaspace   ] GC(906) Metaspace: 22822K(23168K)->22822K(23168K) NonClass: 20023K(20224K)->20023K(20224K) Class: 2798K(2944K)->2798K(2944K)
[616.617s][info][gc             ] GC(906) Pause Young (Allocation Failure) 1239M->763M(1979M) 462.864ms
[616.617s][info][gc,cpu         ] GC(906) User=0.44s Sys=0.00s Real=0.45s
[617.085s][info][gc,start       ] GC(907) Pause Young (Allocation Failure)
[617.362s][info][gc,heap        ] GC(907) DefNew: 629119K(629120K)->50604K(629120K) Eden: 559232K(559232K)->0K(559232K) From: 69887K(69888K)->50604K(69888K)
[617.362s][info][gc,heap        ] GC(907) Tenured: 711622K(1398144K)->748638K(1398144K)
[617.362s][info][gc,metaspace   ] GC(907) Metaspace: 22822K(23168K)->22822K(23168K) NonClass: 20023K(20224K)->20023K(20224K) Class: 2798K(2944K)->2798K(2944K)
[617.362s][info][gc             ] GC(907) Pause Young (Allocation Failure) 1309M->780M(1979M) 276.932ms
[617.362s][info][gc,cpu         ] GC(907) User=0.27s Sys=0.00s Real=0.27s
[617.574s][info][gc,start       ] GC(908) Pause Young (Allocation Failure)
[617.932s][info][gc,heap        ] GC(908) DefNew: 609836K(629120K)->69887K(629120K) Eden: 559232K(559232K)->0K(559232K) From: 50604K(69888K)->69887K(69888K)
[617.932s][info][gc,heap        ] GC(908) Tenured: 748638K(1398144K)->791046K(1398144K)
[617.932s][info][gc,metaspace   ] GC(908) Metaspace: 22822K(23168K)->22822K(23168K) NonClass: 20023K(20224K)->20023K(20224K) Class: 2798K(2944K)->2798K(2944K)
[617.932s][info][gc             ] GC(908) Pause Young (Allocation Failure) 1326M->840M(1979M) 357.783ms
[617.932s][info][gc,cpu         ] GC(908) User=0.34s Sys=0.00s Real=0.36s
[618.088s][info][gc,start       ] GC(909) Pause Young (Allocation Failure)
[618.567s][info][gc,heap        ] GC(909) DefNew: 629119K(629120K)->69888K(629120K) Eden: 559232K(559232K)->0K(559232K) From: 69887K(69888K)->69888K(69888K)
[618.567s][info][gc,heap        ] GC(909) Tenured: 791046K(1398144K)->858727K(1398144K)
[618.567s][info][gc,metaspace   ] GC(909) Metaspace: 22822K(23168K)->22822K(23168K) NonClass: 20023K(20224K)->20023K(20224K) Class: 2798K(2944K)->2798K(2944K)
[618.567s][info][gc             ] GC(909) Pause Young (Allocation Failure) 1386M->906M(1979M) 479.880ms
[618.568s][info][gc,cpu         ] GC(909) User=0.45s Sys=0.00s Real=0.47s
[619.128s][info][gc,start       ] GC(910) Pause Young (Allocation Failure)
[619.429s][info][gc,heap        ] GC(910) DefNew: 629120K(629120K)->56175K(629120K) Eden: 559232K(559232K)->0K(559232K) From: 69888K(69888K)->56175K(69888K)
[619.429s][info][gc,heap        ] GC(910) Tenured: 858727K(1398144K)->895681K(1398144K)
[619.429s][info][gc,metaspace   ] GC(910) Metaspace: 22822K(23168K)->22822K(23168K) NonClass: 20023K(20224K)->20023K(20224K) Class: 2798K(2944K)->2798K(2944K)
[619.429s][info][gc             ] GC(910) Pause Young (Allocation Failure) 1452M->929M(1979M) 301.116ms
[619.429s][info][gc,cpu         ] GC(910) User=0.30s Sys=0.00s Real=0.30s
[619.569s][info][gc,start       ] GC(911) Pause Young (Allocation Failure)
[620.018s][info][gc,heap        ] GC(911) DefNew: 615407K(629120K)->69888K(629120K) Eden: 559232K(559232K)->0K(559232K) From: 56175K(69888K)->69888K(69888K)
[620.018s][info][gc,heap        ] GC(911) Tenured: 895681K(1398144K)->950918K(1398144K)
[620.018s][info][gc,metaspace   ] GC(911) Metaspace: 22822K(23168K)->22822K(23168K) NonClass: 20023K(20224K)->20023K(20224K) Class: 2798K(2944K)->2798K(2944K)
[620.018s][info][gc             ] GC(911) Pause Young (Allocation Failure) 1475M->996M(1979M) 449.115ms
[620.018s][info][gc,cpu         ] GC(911) User=0.45s Sys=0.00s Real=0.45s
[620.409s][info][gc,start       ] GC(912) Pause Young (Allocation Failure)
[620.742s][info][gc,heap        ] GC(912) DefNew: 629120K(629120K)->69657K(629120K) Eden: 559232K(559232K)->0K(559232K) From: 69888K(69888K)->69657K(69888K)
[620.742s][info][gc,heap        ] GC(912) Tenured: 950918K(1398144K)->985458K(1398144K)
[620.742s][info][gc,metaspace   ] GC(912) Metaspace: 22822K(23168K)->22822K(23168K) NonClass: 20023K(20224K)->20023K(20224K) Class: 2798K(2944K)->2798K(2944K)
[620.742s][info][gc             ] GC(912) Pause Young (Allocation Failure) 1543M->1030M(1979M) 332.297ms
[620.742s][info][gc,cpu         ] GC(912) User=0.33s Sys=0.00s Real=0.33s
[621.067s][info][gc,start       ] GC(913) Pause Young (Allocation Failure)
[621.364s][info][gc,heap        ] GC(913) DefNew: 628889K(629120K)->60440K(629120K) Eden: 559232K(559232K)->0K(559232K) From: 69657K(69888K)->60440K(69888K)
[621.364s][info][gc,heap        ] GC(913) Tenured: 985458K(1398144K)->1024658K(1398144K)
[621.364s][info][gc,metaspace   ] GC(913) Metaspace: 22822K(23168K)->22822K(23168K) NonClass: 20023K(20224K)->20023K(20224K) Class: 2798K(2944K)->2798K(2944K)
[621.364s][info][gc             ] GC(913) Pause Young (Allocation Failure) 1576M->1059M(1979M) 296.438ms
[621.364s][info][gc,cpu         ] GC(913) User=0.27s Sys=0.00s Real=0.28s
[621.519s][info][gc,start       ] GC(914) Pause Young (Allocation Failure)
[621.978s][info][gc,heap        ] GC(914) DefNew: 619672K(629120K)->69888K(629120K) Eden: 559232K(559232K)->0K(559232K) From: 60440K(69888K)->69888K(69888K)
[621.978s][info][gc,heap        ] GC(914) Tenured: 1024658K(1398144K)->1083458K(1398144K)
[621.978s][info][gc,metaspace   ] GC(914) Metaspace: 22822K(23168K)->22822K(23168K) NonClass: 20023K(20224K)->20023K(20224K) Class: 2798K(2944K)->2798K(2944K)
[621.978s][info][gc             ] GC(914) Pause Young (Allocation Failure) 1605M->1126M(1979M) 459.040ms
[621.978s][info][gc,cpu         ] GC(914) User=0.45s Sys=0.00s Real=0.45s
[622.550s][info][gc,start       ] GC(915) Pause Young (Allocation Failure)
[622.786s][info][gc,heap        ] GC(915) DefNew: 629120K(629120K)->40062K(629120K) Eden: 559232K(559232K)->0K(559232K) From: 69888K(69888K)->40062K(69888K)
[622.786s][info][gc,heap        ] GC(915) Tenured: 1083458K(1398144K)->1118325K(1398144K)
[622.786s][info][gc,metaspace   ] GC(915) Metaspace: 22822K(23168K)->22822K(23168K) NonClass: 20023K(20224K)->20023K(20224K) Class: 2798K(2944K)->2798K(2944K)
[622.786s][info][gc             ] GC(915) Pause Young (Allocation Failure) 1672M->1131M(1979M) 236.490ms
[622.786s][info][gc,cpu         ] GC(915) User=0.22s Sys=0.00s Real=0.23s
[622.922s][info][gc,start       ] GC(916) Pause Young (Allocation Failure)
[623.281s][info][gc,heap        ] GC(916) DefNew: 599294K(629120K)->69888K(629120K) Eden: 559232K(559232K)->0K(559232K) From: 40062K(69888K)->69888K(69888K)
[623.281s][info][gc,heap        ] GC(916) Tenured: 1118325K(1398144K)->1156746K(1398144K)
[623.281s][info][gc,metaspace   ] GC(916) Metaspace: 22822K(23168K)->22822K(23168K) NonClass: 20023K(20224K)->20023K(20224K) Class: 2798K(2944K)->2798K(2944K)
[623.281s][info][gc             ] GC(916) Pause Young (Allocation Failure) 1677M->1197M(1979M) 359.868ms
[623.281s][info][gc,cpu         ] GC(916) User=0.36s Sys=0.00s Real=0.36s
[623.436s][info][gc,start       ] GC(917) Pause Young (Allocation Failure)
[623.912s][info][gc,heap        ] GC(917) DefNew: 629120K(629120K)->69887K(629120K) Eden: 559232K(559232K)->0K(559232K) From: 69888K(69888K)->69887K(69888K)
[623.912s][info][gc,heap        ] GC(917) Tenured: 1156746K(1398144K)->1224214K(1398144K)
[623.912s][info][gc,metaspace   ] GC(917) Metaspace: 22822K(23168K)->22822K(23168K) NonClass: 20023K(20224K)->20023K(20224K) Class: 2798K(2944K)->2798K(2944K)
[623.912s][info][gc             ] GC(917) Pause Young (Allocation Failure) 1744M->1263M(1979M) 475.480ms
[623.912s][info][gc,cpu         ] GC(917) User=0.47s Sys=0.00s Real=0.47s
[624.464s][info][gc,start       ] GC(918) Pause Young (Allocation Failure)
[624.775s][info][gc,heap        ] GC(918) DefNew: 629119K(629120K)->57895K(629120K) Eden: 559232K(559232K)->0K(559232K) From: 69887K(69888K)->57895K(69888K)
[624.775s][info][gc,heap        ] GC(918) Tenured: 1224214K(1398144K)->1257789K(1398144K)
[624.775s][info][gc,metaspace   ] GC(918) Metaspace: 22822K(23168K)->22822K(23168K) NonClass: 20023K(20224K)->20023K(20224K) Class: 2798K(2944K)->2798K(2944K)
[624.775s][info][gc             ] GC(918) Pause Young (Allocation Failure) 1809M->1284M(1979M) 310.518ms
[624.775s][info][gc,cpu         ] GC(918) User=0.31s Sys=0.00s Real=0.31s
[624.925s][info][gc,start       ] GC(919) Pause Young (Allocation Failure)
[625.355s][info][gc,heap        ] GC(919) DefNew: 617127K(629120K)->69887K(629120K) Eden: 559232K(559232K)->0K(559232K) From: 57895K(69888K)->69887K(69888K)
[625.355s][info][gc,heap        ] GC(919) Tenured: 1257789K(1398144K)->1313657K(1398144K)
[625.355s][info][gc,metaspace   ] GC(919) Metaspace: 22822K(23168K)->22822K(23168K) NonClass: 20023K(20224K)->20023K(20224K) Class: 2798K(2944K)->2798K(2944K)
[625.355s][info][gc             ] GC(919) Pause Young (Allocation Failure) 1830M->1351M(1979M) 430.501ms
[625.355s][info][gc,cpu         ] GC(919) User=0.44s Sys=0.00s Real=0.42s
[625.694s][info][gc,start       ] GC(920) Pause Young (Allocation Failure)
[626.022s][info][gc,heap        ] GC(920) DefNew: 629119K(629120K)->66590K(629120K) Eden: 559232K(559232K)->0K(559232K) From: 69887K(69888K)->66590K(69888K)
[626.022s][info][gc,heap        ] GC(920) Tenured: 1313657K(1398144K)->1353951K(1398144K)
[626.022s][info][gc,metaspace   ] GC(920) Metaspace: 22822K(23168K)->22822K(23168K) NonClass: 20023K(20224K)->20023K(20224K) Class: 2798K(2944K)->2798K(2944K)
[626.022s][info][gc             ] GC(920) Pause Young (Allocation Failure) 1897M->1387M(1979M) 328.304ms
[626.022s][info][gc,cpu         ] GC(920) User=0.33s Sys=0.00s Real=0.33s
[626.265s][info][gc,start       ] GC(921) Pause Full (System.gc())
[626.265s][info][gc,phases,start] GC(921) Phase 1: Mark live objects
[626.438s][info][gc,phases      ] GC(921) Phase 1: Mark live objects 172.513ms
[626.438s][info][gc,phases,start] GC(921) Phase 2: Compute new object addresses
[626.666s][info][gc,phases      ] GC(921) Phase 2: Compute new object addresses 228.071ms
[626.666s][info][gc,phases,start] GC(921) Phase 3: Adjust pointers
[626.742s][info][gc,phases      ] GC(921) Phase 3: Adjust pointers 75.434ms
[626.742s][info][gc,phases,start] GC(921) Phase 4: Move objects
[626.773s][info][gc,phases      ] GC(921) Phase 4: Move objects 31.002ms
[626.773s][info][gc,heap        ] GC(921) DefNew: 214411K(629120K)->0K(629120K) Eden: 147820K(559232K)->0K(559232K) From: 66590K(69888K)->0K(69888K)
[626.773s][info][gc,heap        ] GC(921) Tenured: 1353951K(1398144K)->104966K(1398144K)
[626.773s][info][gc,metaspace   ] GC(921) Metaspace: 22822K(23168K)->22822K(23168K) NonClass: 20024K(20224K)->20024K(20224K) Class: 2798K(2944K)->2798K(2944K)
[626.773s][info][gc             ] GC(921) Pause Full (System.gc()) 1531M->102M(1979M) 507.690ms
[626.773s][info][gc,cpu         ] GC(921) User=0.47s Sys=0.00s Real=0.50s
[626.935s][info][gc,start       ] GC(922) Pause Young (Allocation Failure)
[627.246s][info][gc,heap        ] GC(922) DefNew: 559232K(629120K)->69888K(629120K) Eden: 559232K(559232K)->0K(559232K) From: 0K(69888K)->69888K(69888K)
[627.246s][info][gc,heap        ] GC(922) Tenured: 104966K(1398144K)->113299K(1398144K)
[627.246s][info][gc,metaspace   ] GC(922) Metaspace: 22822K(23168K)->22822K(23168K) NonClass: 20024K(20224K)->20024K(20224K) Class: 2798K(2944K)->2798K(2944K)
[627.246s][info][gc             ] GC(922) Pause Young (Allocation Failure) 648M->178M(1979M) 310.681ms
[627.246s][info][gc,cpu         ] GC(922) User=0.30s Sys=0.00s Real=0.31s
[627.400s][info][gc,start       ] GC(923) Pause Young (Allocation Failure)
[627.880s][info][gc,heap        ] GC(923) DefNew: 629120K(629120K)->69887K(629120K) Eden: 559232K(559232K)->0K(559232K) From: 69888K(69888K)->69887K(69888K)
[627.880s][info][gc,heap        ] GC(923) Tenured: 113299K(1398144K)->181066K(1398144K)
[627.880s][info][gc,metaspace   ] GC(923) Metaspace: 22822K(23168K)->22822K(23168K) NonClass: 20024K(20224K)->20024K(20224K) Class: 2798K(2944K)->2798K(2944K)
[627.880s][info][gc             ] GC(923) Pause Young (Allocation Failure) 725M->245M(1979M) 479.738ms
[627.880s][info][gc,cpu         ] GC(923) User=0.47s Sys=0.00s Real=0.49s
[628.384s][info][gc,start       ] GC(924) Pause Young (Allocation Failure)
[628.698s][info][gc,heap        ] GC(924) DefNew: 629119K(629120K)->60682K(629120K) Eden: 559232K(559232K)->0K(559232K) From: 69887K(69888K)->60682K(69888K)
[628.698s][info][gc,heap        ] GC(924) Tenured: 181066K(1398144K)->218479K(1398144K)
[628.698s][info][gc,metaspace   ] GC(924) Metaspace: 22823K(23168K)->22823K(23168K) NonClass: 20024K(20224K)->20024K(20224K) Class: 2798K(2944K)->2798K(2944K)
[628.698s][info][gc             ] GC(924) Pause Young (Allocation Failure) 791M->272M(1979M) 314.546ms
[628.698s][info][gc,cpu         ] GC(924) User=0.30s Sys=0.00s Real=0.31s
[628.843s][info][gc,start       ] GC(925) Pause Young (Allocation Failure)
[629.280s][info][gc,heap        ] GC(925) DefNew: 619914K(629120K)->69888K(629120K) Eden: 559232K(559232K)->0K(559232K) From: 60682K(69888K)->69888K(69888K)
[629.280s][info][gc,heap        ] GC(925) Tenured: 218479K(1398144K)->279077K(1398144K)
[629.280s][info][gc,metaspace   ] GC(925) Metaspace: 22823K(23168K)->22823K(23168K) NonClass: 20024K(20224K)->20024K(20224K) Class: 2798K(2944K)->2798K(2944K)
[629.280s][info][gc             ] GC(925) Pause Young (Allocation Failure) 818M->340M(1979M) 437.363ms
[629.280s][info][gc,cpu         ] GC(925) User=0.39s Sys=0.02s Real=0.42s
[629.679s][info][gc,start       ] GC(926) Pause Young (Allocation Failure)
[629.970s][info][gc,heap        ] GC(926) DefNew: 629120K(629120K)->56483K(629120K) Eden: 559232K(559232K)->0K(559232K) From: 69888K(69888K)->56483K(69888K)
[629.970s][info][gc,heap        ] GC(926) Tenured: 279077K(1398144K)->316057K(1398144K)
[629.970s][info][gc,metaspace   ] GC(926) Metaspace: 22823K(23168K)->22823K(23168K) NonClass: 20024K(20224K)->20024K(20224K) Class: 2798K(2944K)->2798K(2944K)
[629.970s][info][gc             ] GC(926) Pause Young (Allocation Failure) 886M->363M(1979M) 290.822ms
[629.970s][info][gc,cpu         ] GC(926) User=0.27s Sys=0.00s Real=0.28s
[630.204s][info][gc,start       ] GC(927) Pause Young (Allocation Failure)
[630.529s][info][gc,heap        ] GC(927) DefNew: 615715K(629120K)->66971K(629120K) Eden: 559232K(559232K)->0K(559232K) From: 56483K(69888K)->66971K(69888K)
[630.529s][info][gc,heap        ] GC(927) Tenured: 316057K(1398144K)->353611K(1398144K)
[630.529s][info][gc,metaspace   ] GC(927) Metaspace: 22823K(23168K)->22823K(23168K) NonClass: 20024K(20224K)->20024K(20224K) Class: 2798K(2944K)->2798K(2944K)
[630.529s][info][gc             ] GC(927) Pause Young (Allocation Failure) 909M->410M(1979M) 325.235ms
[630.529s][info][gc,cpu         ] GC(927) User=0.31s Sys=0.00s Real=0.33s
[630.686s][info][gc,start       ] GC(928) Pause Young (Allocation Failure)
[631.168s][info][gc,heap        ] GC(928) DefNew: 626203K(629120K)->69888K(629120K) Eden: 559232K(559232K)->0K(559232K) From: 66971K(69888K)->69888K(69888K)
[631.168s][info][gc,heap        ] GC(928) Tenured: 353611K(1398144K)->417020K(1398144K)
[631.168s][info][gc,metaspace   ] GC(928) Metaspace: 22823K(23168K)->22823K(23168K) NonClass: 20024K(20224K)->20024K(20224K) Class: 2798K(2944K)->2798K(2944K)
[631.168s][info][gc             ] GC(928) Pause Young (Allocation Failure) 956M->475M(1979M) 482.330ms
[631.168s][info][gc,cpu         ] GC(928) User=0.47s Sys=0.00s Real=0.47s
[631.739s][info][gc,start       ] GC(929) Pause Young (Allocation Failure)
[632.010s][info][gc,heap        ] GC(929) DefNew: 629120K(629120K)->46692K(629120K) Eden: 559232K(559232K)->0K(559232K) From: 69888K(69888K)->46692K(69888K)
[632.010s][info][gc,heap        ] GC(929) Tenured: 417020K(1398144K)->453547K(1398144K)
[632.010s][info][gc,metaspace   ] GC(929) Metaspace: 22823K(23168K)->22823K(23168K) NonClass: 20024K(20224K)->20024K(20224K) Class: 2798K(2944K)->2798K(2944K)
[632.010s][info][gc             ] GC(929) Pause Young (Allocation Failure) 1021M->488M(1979M) 271.171ms
[632.010s][info][gc,cpu         ] GC(929) User=0.19s Sys=0.00s Real=0.27s
[632.157s][info][gc,start       ] GC(930) Pause Young (Allocation Failure)
[632.564s][info][gc,heap        ] GC(930) DefNew: 605924K(629120K)->69888K(629120K) Eden: 559232K(559232K)->0K(559232K) From: 46692K(69888K)->69888K(69888K)
[632.564s][info][gc,heap        ] GC(930) Tenured: 453547K(1398144K)->499511K(1398144K)
[632.564s][info][gc,metaspace   ] GC(930) Metaspace: 22823K(23168K)->22823K(23168K) NonClass: 20024K(20224K)->20024K(20224K) Class: 2798K(2944K)->2798K(2944K)
[632.564s][info][gc             ] GC(930) Pause Young (Allocation Failure) 1034M->556M(1979M) 406.951ms
[632.564s][info][gc,cpu         ] GC(930) User=0.34s Sys=0.00s Real=0.39s
[632.811s][info][gc,start       ] GC(931) Pause Young (Allocation Failure)
[633.276s][info][gc,heap        ] GC(931) DefNew: 629120K(629120K)->69887K(629120K) Eden: 559232K(559232K)->0K(559232K) From: 69888K(69888K)->69887K(69888K)
[633.276s][info][gc,heap        ] GC(931) Tenured: 499511K(1398144K)->553605K(1398144K)
[633.276s][info][gc,metaspace   ] GC(931) Metaspace: 22823K(23168K)->22823K(23168K) NonClass: 20024K(20224K)->20024K(20224K) Class: 2798K(2944K)->2798K(2944K)
[633.276s][info][gc             ] GC(931) Pause Young (Allocation Failure) 1102M->608M(1979M) 464.732ms
[633.276s][info][gc,cpu         ] GC(931) User=0.45s Sys=0.00s Real=0.47s
[633.745s][info][gc,start       ] GC(932) Pause Young (Allocation Failure)
[634.038s][info][gc,heap        ] GC(932) DefNew: 629119K(629120K)->60203K(629120K) Eden: 559232K(559232K)->0K(559232K) From: 69887K(69888K)->60203K(69888K)
[634.038s][info][gc,heap        ] GC(932) Tenured: 553605K(1398144K)->585417K(1398144K)
[634.038s][info][gc,metaspace   ] GC(932) Metaspace: 22823K(23168K)->22823K(23168K) NonClass: 20024K(20224K)->20024K(20224K) Class: 2798K(2944K)->2798K(2944K)
[634.038s][info][gc             ] GC(932) Pause Young (Allocation Failure) 1155M->630M(1979M) 293.525ms
[634.038s][info][gc,cpu         ] GC(932) User=0.28s Sys=0.00s Real=0.30s
[634.186s][info][gc,start       ] GC(933) Pause Young (Allocation Failure)
[634.621s][info][gc,heap        ] GC(933) DefNew: 619435K(629120K)->69887K(629120K) Eden: 559232K(559232K)->0K(559232K) From: 60203K(69888K)->69887K(69888K)
[634.621s][info][gc,heap        ] GC(933) Tenured: 585417K(1398144K)->641230K(1398144K)
[634.621s][info][gc,metaspace   ] GC(933) Metaspace: 22823K(23168K)->22823K(23168K) NonClass: 20024K(20224K)->20024K(20224K) Class: 2798K(2944K)->2798K(2944K)
[634.621s][info][gc             ] GC(933) Pause Young (Allocation Failure) 1176M->694M(1979M) 435.132ms
[634.621s][info][gc,cpu         ] GC(933) User=0.39s Sys=0.00s Real=0.44s
[635.106s][info][gc,start       ] GC(934) Pause Young (Allocation Failure)
[635.372s][info][gc,heap        ] GC(934) DefNew: 629119K(629120K)->49900K(629120K) Eden: 559232K(559232K)->0K(559232K) From: 69887K(69888K)->49900K(69888K)
[635.372s][info][gc,heap        ] GC(934) Tenured: 641230K(1398144K)->677799K(1398144K)
[635.372s][info][gc,metaspace   ] GC(934) Metaspace: 22823K(23168K)->22823K(23168K) NonClass: 20024K(20224K)->20024K(20224K) Class: 2798K(2944K)->2798K(2944K)
[635.372s][info][gc             ] GC(934) Pause Young (Allocation Failure) 1240M->710M(1979M) 266.366ms
[635.372s][info][gc,cpu         ] GC(934) User=0.25s Sys=0.00s Real=0.27s
[635.722s][info][gc,start       ] GC(935) Pause Young (Allocation Failure)
[636.077s][info][gc,heap        ] GC(935) DefNew: 609132K(629120K)->69887K(629120K) Eden: 559232K(559232K)->0K(559232K) From: 49900K(69888K)->69887K(69888K)
[636.077s][info][gc,heap        ] GC(935) Tenured: 677799K(1398144K)->714612K(1398144K)
[636.077s][info][gc,metaspace   ] GC(935) Metaspace: 22823K(23168K)->22823K(23168K) NonClass: 20024K(20224K)->20024K(20224K) Class: 2798K(2944K)->2798K(2944K)
[636.077s][info][gc             ] GC(935) Pause Young (Allocation Failure) 1256M->766M(1979M) 355.441ms
[636.077s][info][gc,cpu         ] GC(935) User=0.33s Sys=0.00s Real=0.36s
[636.215s][info][gc,start       ] GC(936) Pause Young (Allocation Failure)
[636.683s][info][gc,heap        ] GC(936) DefNew: 629119K(629120K)->69888K(629120K) Eden: 559232K(559232K)->0K(559232K) From: 69887K(69888K)->69888K(69888K)
[636.684s][info][gc,heap        ] GC(936) Tenured: 714612K(1398144K)->778403K(1398144K)
[636.684s][info][gc,metaspace   ] GC(936) Metaspace: 22823K(23168K)->22823K(23168K) NonClass: 20024K(20224K)->20024K(20224K) Class: 2798K(2944K)->2798K(2944K)
[636.684s][info][gc             ] GC(936) Pause Young (Allocation Failure) 1312M->828M(1979M) 468.886ms
[636.684s][info][gc,cpu         ] GC(936) User=0.42s Sys=0.00s Real=0.47s
[637.338s][info][gc,start       ] GC(937) Pause Young (Allocation Failure)
[637.650s][info][gc,heap        ] GC(937) DefNew: 629120K(629120K)->62002K(629120K) Eden: 559232K(559232K)->0K(559232K) From: 69888K(69888K)->62002K(69888K)
[637.650s][info][gc,heap        ] GC(937) Tenured: 778403K(1398144K)->812230K(1398144K)
[637.650s][info][gc,metaspace   ] GC(937) Metaspace: 22823K(23168K)->22823K(23168K) NonClass: 20024K(20224K)->20024K(20224K) Class: 2798K(2944K)->2798K(2944K)
[637.650s][info][gc             ] GC(937) Pause Young (Allocation Failure) 1374M->853M(1979M) 312.009ms
[637.650s][info][gc,cpu         ] GC(937) User=0.34s Sys=0.00s Real=0.30s
[637.794s][info][gc,start       ] GC(938) Pause Young (Allocation Failure)
[638.239s][info][gc,heap        ] GC(938) DefNew: 621234K(629120K)->69887K(629120K) Eden: 559232K(559232K)->0K(559232K) From: 62002K(69888K)->69887K(69888K)
[638.239s][info][gc,heap        ] GC(938) Tenured: 812230K(1398144K)->872839K(1398144K)
[638.239s][info][gc,metaspace   ] GC(938) Metaspace: 22823K(23168K)->22823K(23168K) NonClass: 20024K(20224K)->20024K(20224K) Class: 2798K(2944K)->2798K(2944K)
[638.239s][info][gc             ] GC(938) Pause Young (Allocation Failure) 1399M->920M(1979M) 444.742ms
[638.239s][info][gc,cpu         ] GC(938) User=0.41s Sys=0.00s Real=0.45s
[638.616s][info][gc,start       ] GC(939) Pause Young (Allocation Failure)
[638.923s][info][gc,heap        ] GC(939) DefNew: 629119K(629120K)->64227K(629120K) Eden: 559232K(559232K)->0K(559232K) From: 69887K(69888K)->64227K(69888K)
[638.923s][info][gc,heap        ] GC(939) Tenured: 872839K(1398144K)->909047K(1398144K)
[638.923s][info][gc,metaspace   ] GC(939) Metaspace: 22823K(23168K)->22823K(23168K) NonClass: 20024K(20224K)->20024K(20224K) Class: 2798K(2944K)->2798K(2944K)
[638.923s][info][gc             ] GC(939) Pause Young (Allocation Failure) 1466M->950M(1979M) 306.881ms
[638.923s][info][gc,cpu         ] GC(939) User=0.28s Sys=0.00s Real=0.30s
[639.315s][info][gc,start       ] GC(940) Pause Young (Allocation Failure)
[639.587s][info][gc,heap        ] GC(940) DefNew: 623459K(629120K)->55151K(629120K) Eden: 559232K(559232K)->0K(559232K) From: 64227K(69888K)->55151K(69888K)
[639.587s][info][gc,heap        ] GC(940) Tenured: 909047K(1398144K)->945031K(1398144K)
[639.587s][info][gc,metaspace   ] GC(940) Metaspace: 22823K(23168K)->22823K(23168K) NonClass: 20024K(20224K)->20024K(20224K) Class: 2798K(2944K)->2798K(2944K)
[639.587s][info][gc             ] GC(940) Pause Young (Allocation Failure) 1496M->976M(1979M) 271.790ms
[639.587s][info][gc,cpu         ] GC(940) User=0.25s Sys=0.00s Real=0.27s
[639.748s][info][gc,start       ] GC(941) Pause Young (Allocation Failure)
[640.210s][info][gc,heap        ] GC(941) DefNew: 614383K(629120K)->69888K(629120K) Eden: 559232K(559232K)->0K(559232K) From: 55151K(69888K)->69888K(69888K)
[640.210s][info][gc,heap        ] GC(941) Tenured: 945031K(1398144K)->1000145K(1398144K)
[640.210s][info][gc,metaspace   ] GC(941) Metaspace: 22823K(23168K)->22823K(23168K) NonClass: 20024K(20224K)->20024K(20224K) Class: 2798K(2944K)->2798K(2944K)
[640.210s][info][gc             ] GC(941) Pause Young (Allocation Failure) 1522M->1044M(1979M) 461.520ms
[640.210s][info][gc,cpu         ] GC(941) User=0.45s Sys=0.00s Real=0.45s
[640.907s][info][gc,start       ] GC(942) Pause Young (Allocation Failure)
[641.148s][info][gc,heap        ] GC(942) DefNew: 629120K(629120K)->41608K(629120K) Eden: 559232K(559232K)->0K(559232K) From: 69888K(69888K)->41608K(69888K)
[641.148s][info][gc,heap        ] GC(942) Tenured: 1000145K(1398144K)->1034186K(1398144K)
[641.148s][info][gc,metaspace   ] GC(942) Metaspace: 22823K(23168K)->22823K(23168K) NonClass: 20024K(20224K)->20024K(20224K) Class: 2798K(2944K)->2798K(2944K)
[641.148s][info][gc             ] GC(942) Pause Young (Allocation Failure) 1591M->1050M(1979M) 240.935ms
[641.148s][info][gc,cpu         ] GC(942) User=0.23s Sys=0.00s Real=0.24s
[641.289s][info][gc,start       ] GC(943) Pause Young (Allocation Failure)
[641.653s][info][gc,heap        ] GC(943) DefNew: 600840K(629120K)->69888K(629120K) Eden: 559232K(559232K)->0K(559232K) From: 41608K(69888K)->69888K(69888K)
[641.653s][info][gc,heap        ] GC(943) Tenured: 1034186K(1398144K)->1073255K(1398144K)
[641.653s][info][gc,metaspace   ] GC(943) Metaspace: 22823K(23168K)->22823K(23168K) NonClass: 20024K(20224K)->20024K(20224K) Class: 2798K(2944K)->2798K(2944K)
[641.653s][info][gc             ] GC(943) Pause Young (Allocation Failure) 1596M->1116M(1979M) 363.659ms
[641.653s][info][gc,cpu         ] GC(943) User=0.38s Sys=0.00s Real=0.36s
[641.808s][info][gc,start       ] GC(944) Pause Young (Allocation Failure)
[642.284s][info][gc,heap        ] GC(944) DefNew: 629120K(629120K)->69887K(629120K) Eden: 559232K(559232K)->0K(559232K) From: 69888K(69888K)->69887K(69888K)
[642.284s][info][gc,heap        ] GC(944) Tenured: 1073255K(1398144K)->1140486K(1398144K)
[642.284s][info][gc,metaspace   ] GC(944) Metaspace: 22823K(23168K)->22823K(23168K) NonClass: 20024K(20224K)->20024K(20224K) Class: 2798K(2944K)->2798K(2944K)
[642.284s][info][gc             ] GC(944) Pause Young (Allocation Failure) 1662M->1182M(1979M) 475.832ms
[642.284s][info][gc,cpu         ] GC(944) User=0.48s Sys=0.00s Real=0.47s
[642.841s][info][gc,start       ] GC(945) Pause Young (Allocation Failure)
[643.173s][info][gc,heap        ] GC(945) DefNew: 629119K(629120K)->62607K(629120K) Eden: 559232K(559232K)->0K(559232K) From: 69887K(69888K)->62607K(69888K)
[643.173s][info][gc,heap        ] GC(945) Tenured: 1140486K(1398144K)->1172436K(1398144K)
[643.173s][info][gc,metaspace   ] GC(945) Metaspace: 22823K(23168K)->22823K(23168K) NonClass: 20024K(20224K)->20024K(20224K) Class: 2798K(2944K)->2798K(2944K)
[643.173s][info][gc             ] GC(945) Pause Young (Allocation Failure) 1728M->1206M(1979M) 332.178ms
[643.173s][info][gc,cpu         ] GC(945) User=0.33s Sys=0.00s Real=0.33s
[643.321s][info][gc,start       ] GC(946) Pause Young (Allocation Failure)
[643.778s][info][gc,heap        ] GC(946) DefNew: 621839K(629120K)->69887K(629120K) Eden: 559232K(559232K)->0K(559232K) From: 62607K(69888K)->69887K(69888K)
[643.778s][info][gc,heap        ] GC(946) Tenured: 1172436K(1398144K)->1231016K(1398144K)
[643.778s][info][gc,metaspace   ] GC(946) Metaspace: 22823K(23168K)->22823K(23168K) NonClass: 20024K(20224K)->20024K(20224K) Class: 2798K(2944K)->2798K(2944K)
[643.778s][info][gc             ] GC(946) Pause Young (Allocation Failure) 1752M->1270M(1979M) 457.202ms
[643.778s][info][gc,cpu         ] GC(946) User=0.44s Sys=0.00s Real=0.45s
[644.176s][info][gc,start       ] GC(947) Pause Young (Allocation Failure)
[644.491s][info][gc,heap        ] GC(947) DefNew: 629119K(629120K)->62406K(629120K) Eden: 559232K(559232K)->0K(559232K) From: 69887K(69888K)->62406K(69888K)
[644.492s][info][gc,heap        ] GC(947) Tenured: 1231016K(1398144K)->1271233K(1398144K)
[644.492s][info][gc,metaspace   ] GC(947) Metaspace: 22823K(23168K)->22823K(23168K) NonClass: 20024K(20224K)->20024K(20224K) Class: 2798K(2944K)->2798K(2944K)
[644.492s][info][gc             ] GC(947) Pause Young (Allocation Failure) 1816M->1302M(1979M) 315.519ms
[644.492s][info][gc,cpu         ] GC(947) User=0.30s Sys=0.00s Real=0.32s
[644.700s][info][gc,start       ] GC(948) Pause Full (System.gc())
[644.700s][info][gc,phases,start] GC(948) Phase 1: Mark live objects
[644.902s][info][gc,phases      ] GC(948) Phase 1: Mark live objects 202.737ms
[644.902s][info][gc,phases,start] GC(948) Phase 2: Compute new object addresses
[645.120s][info][gc,phases      ] GC(948) Phase 2: Compute new object addresses 218.016ms
[645.120s][info][gc,phases,start] GC(948) Phase 3: Adjust pointers
[645.193s][info][gc,phases      ] GC(948) Phase 3: Adjust pointers 72.603ms
[645.193s][info][gc,phases,start] GC(948) Phase 4: Move objects
[645.223s][info][gc,phases      ] GC(948) Phase 4: Move objects 29.527ms
[645.223s][info][gc,heap        ] GC(948) DefNew: 170872K(629120K)->0K(629120K) Eden: 108466K(559232K)->0K(559232K) From: 62406K(69888K)->0K(69888K)
[645.223s][info][gc,heap        ] GC(948) Tenured: 1271233K(1398144K)->166030K(1398144K)
[645.223s][info][gc,metaspace   ] GC(948) Metaspace: 22823K(23168K)->22823K(23168K) NonClass: 20024K(20224K)->20024K(20224K) Class: 2798K(2944K)->2798K(2944K)
[645.223s][info][gc             ] GC(948) Pause Full (System.gc()) 1408M->162M(1979M) 523.538ms
[645.223s][info][gc,cpu         ] GC(948) User=0.50s Sys=0.00s Real=0.52s
[645.367s][info][gc,start       ] GC(949) Pause Young (Allocation Failure)
[645.675s][info][gc,heap        ] GC(949) DefNew: 559232K(629120K)->69887K(629120K) Eden: 559232K(559232K)->0K(559232K) From: 0K(69888K)->69887K(69888K)
[645.675s][info][gc,heap        ] GC(949) Tenured: 166030K(1398144K)->167484K(1398144K)
[645.675s][info][gc,metaspace   ] GC(949) Metaspace: 22825K(23168K)->22825K(23168K) NonClass: 20027K(20224K)->20027K(20224K) Class: 2798K(2944K)->2798K(2944K)
[645.675s][info][gc             ] GC(949) Pause Young (Allocation Failure) 708M->231M(1979M) 307.440ms
[645.675s][info][gc,cpu         ] GC(949) User=0.31s Sys=0.00s Real=0.30s
[645.825s][info][gc,start       ] GC(950) Pause Young (Allocation Failure)
[646.305s][info][gc,heap        ] GC(950) DefNew: 629119K(629120K)->69888K(629120K) Eden: 559232K(559232K)->0K(559232K) From: 69887K(69888K)->69888K(69888K)
[646.305s][info][gc,heap        ] GC(950) Tenured: 167484K(1398144K)->231854K(1398144K)
[646.305s][info][gc,metaspace   ] GC(950) Metaspace: 22825K(23168K)->22825K(23168K) NonClass: 20027K(20224K)->20027K(20224K) Class: 2798K(2944K)->2798K(2944K)
[646.305s][info][gc             ] GC(950) Pause Young (Allocation Failure) 777M->294M(1979M) 480.164ms
[646.305s][info][gc,cpu         ] GC(950) User=0.47s Sys=0.00s Real=0.47s
[646.866s][info][gc,start       ] GC(951) Pause Young (Allocation Failure)
[647.163s][info][gc,heap        ] GC(951) DefNew: 629120K(629120K)->57245K(629120K) Eden: 559232K(559232K)->0K(559232K) From: 69888K(69888K)->57245K(69888K)
[647.163s][info][gc,heap        ] GC(951) Tenured: 231854K(1398144K)->268054K(1398144K)
[647.163s][info][gc,metaspace   ] GC(951) Metaspace: 22825K(23168K)->22825K(23168K) NonClass: 20027K(20224K)->20027K(20224K) Class: 2798K(2944K)->2798K(2944K)
[647.163s][info][gc             ] GC(951) Pause Young (Allocation Failure) 840M->317M(1979M) 296.662ms
[647.163s][info][gc,cpu         ] GC(951) User=0.30s Sys=0.00s Real=0.30s
[647.307s][info][gc,start       ] GC(952) Pause Young (Allocation Failure)
[647.734s][info][gc,heap        ] GC(952) DefNew: 616477K(629120K)->69887K(629120K) Eden: 559232K(559232K)->0K(559232K) From: 57245K(69888K)->69887K(69888K)
[647.734s][info][gc,heap        ] GC(952) Tenured: 268054K(1398144K)->323523K(1398144K)
[647.734s][info][gc,metaspace   ] GC(952) Metaspace: 22825K(23168K)->22825K(23168K) NonClass: 20027K(20224K)->20027K(20224K) Class: 2798K(2944K)->2798K(2944K)
[647.734s][info][gc             ] GC(952) Pause Young (Allocation Failure) 863M->384M(1979M) 427.498ms
[647.734s][info][gc,cpu         ] GC(952) User=0.42s Sys=0.00s Real=0.42s
[648.065s][info][gc,start       ] GC(953) Pause Young (Allocation Failure)
[648.416s][info][gc,heap        ] GC(953) DefNew: 629119K(629120K)->68734K(629120K) Eden: 559232K(559232K)->0K(559232K) From: 69887K(69888K)->68734K(69888K)
[648.416s][info][gc,heap        ] GC(953) Tenured: 323523K(1398144K)->364670K(1398144K)
[648.416s][info][gc,metaspace   ] GC(953) Metaspace: 22825K(23168K)->22825K(23168K) NonClass: 20027K(20224K)->20027K(20224K) Class: 2798K(2944K)->2798K(2944K)
[648.416s][info][gc             ] GC(953) Pause Young (Allocation Failure) 930M->423M(1979M) 350.837ms
[648.416s][info][gc,cpu         ] GC(953) User=0.33s Sys=0.00s Real=0.35s
[648.788s][info][gc,start       ] GC(954) Pause Young (Allocation Failure)
[649.086s][info][gc,heap        ] GC(954) DefNew: 627966K(629120K)->61034K(629120K) Eden: 559232K(559232K)->0K(559232K) From: 68734K(69888K)->61034K(69888K)
[649.086s][info][gc,heap        ] GC(954) Tenured: 364670K(1398144K)->401316K(1398144K)
[649.086s][info][gc,metaspace   ] GC(954) Metaspace: 22825K(23168K)->22825K(23168K) NonClass: 20027K(20224K)->20027K(20224K) Class: 2798K(2944K)->2798K(2944K)
[649.086s][info][gc             ] GC(954) Pause Young (Allocation Failure) 969M->451M(1979M) 297.987ms
[649.086s][info][gc,cpu         ] GC(954) User=0.28s Sys=0.00s Real=0.30s
[649.234s][info][gc,start       ] GC(955) Pause Young (Allocation Failure)
[649.692s][info][gc,heap        ] GC(955) DefNew: 620266K(629120K)->69887K(629120K) Eden: 559232K(559232K)->0K(559232K) From: 61034K(69888K)->69887K(69888K)
[649.692s][info][gc,heap        ] GC(955) Tenured: 401316K(1398144K)->461840K(1398144K)
[649.692s][info][gc,metaspace   ] GC(955) Metaspace: 22825K(23168K)->22825K(23168K) NonClass: 20027K(20224K)->20027K(20224K) Class: 2798K(2944K)->2798K(2944K)
[649.692s][info][gc             ] GC(955) Pause Young (Allocation Failure) 997M->519M(1979M) 457.682ms
[649.692s][info][gc,cpu         ] GC(955) User=0.45s Sys=0.00s Real=0.46s
[650.273s][info][gc,start       ] GC(956) Pause Young (Allocation Failure)
[650.510s][info][gc,heap        ] GC(956) DefNew: 629119K(629120K)->39947K(629120K) Eden: 559232K(559232K)->0K(559232K) From: 69887K(69888K)->39947K(69888K)
[650.510s][info][gc,heap        ] GC(956) Tenured: 461840K(1398144K)->497943K(1398144K)
[650.510s][info][gc,metaspace   ] GC(956) Metaspace: 22825K(23168K)->22825K(23168K) NonClass: 20027K(20224K)->20027K(20224K) Class: 2798K(2944K)->2798K(2944K)
[650.510s][info][gc             ] GC(956) Pause Young (Allocation Failure) 1065M->525M(1979M) 236.981ms
[650.510s][info][gc,cpu         ] GC(956) User=0.22s Sys=0.00s Real=0.24s
[650.671s][info][gc,start       ] GC(957) Pause Young (Allocation Failure)
[651.035s][info][gc,heap        ] GC(957) DefNew: 599179K(629120K)->69887K(629120K) Eden: 559232K(559232K)->0K(559232K) From: 39947K(69888K)->69887K(69888K)
[651.035s][info][gc,heap        ] GC(957) Tenured: 497943K(1398144K)->536940K(1398144K)
[651.035s][info][gc,metaspace   ] GC(957) Metaspace: 22825K(23168K)->22825K(23168K) NonClass: 20027K(20224K)->20027K(20224K) Class: 2798K(2944K)->2798K(2944K)
[651.035s][info][gc             ] GC(957) Pause Young (Allocation Failure) 1071M->592M(1979M) 364.259ms
[651.035s][info][gc,cpu         ] GC(957) User=0.34s Sys=0.00s Real=0.37s
[651.191s][info][gc,start       ] GC(958) Pause Young (Allocation Failure)
[651.675s][info][gc,heap        ] GC(958) DefNew: 629119K(629120K)->69888K(629120K) Eden: 559232K(559232K)->0K(559232K) From: 69887K(69888K)->69888K(69888K)
[651.675s][info][gc,heap        ] GC(958) Tenured: 536940K(1398144K)->605010K(1398144K)
[651.675s][info][gc,metaspace   ] GC(958) Metaspace: 22825K(23168K)->22825K(23168K) NonClass: 20027K(20224K)->20027K(20224K) Class: 2798K(2944K)->2798K(2944K)
[651.676s][info][gc             ] GC(958) Pause Young (Allocation Failure) 1138M->659M(1979M) 484.202ms
[651.676s][info][gc,cpu         ] GC(958) User=0.47s Sys=0.00s Real=0.48s
[652.229s][info][gc,start       ] GC(959) Pause Young (Allocation Failure)
[652.527s][info][gc,heap        ] GC(959) DefNew: 629120K(629120K)->55851K(629120K) Eden: 559232K(559232K)->0K(559232K) From: 69888K(69888K)->55851K(69888K)
[652.527s][info][gc,heap        ] GC(959) Tenured: 605010K(1398144K)->641688K(1398144K)
[652.527s][info][gc,metaspace   ] GC(959) Metaspace: 22825K(23168K)->22825K(23168K) NonClass: 20027K(20224K)->20027K(20224K) Class: 2798K(2944K)->2798K(2944K)
[652.528s][info][gc             ] GC(959) Pause Young (Allocation Failure) 1205M->681M(1979M) 298.636ms
[652.528s][info][gc,cpu         ] GC(959) User=0.34s Sys=0.00s Real=0.30s
[652.679s][info][gc,start       ] GC(960) Pause Young (Allocation Failure)
[653.099s][info][gc,heap        ] GC(960) DefNew: 615083K(629120K)->69888K(629120K) Eden: 559232K(559232K)->0K(559232K) From: 55851K(69888K)->69888K(69888K)
[653.099s][info][gc,heap        ] GC(960) Tenured: 641688K(1398144K)->695342K(1398144K)
[653.099s][info][gc,metaspace   ] GC(960) Metaspace: 22825K(23168K)->22825K(23168K) NonClass: 20027K(20224K)->20027K(20224K) Class: 2798K(2944K)->2798K(2944K)
[653.099s][info][gc             ] GC(960) Pause Young (Allocation Failure) 1227M->747M(1979M) 419.855ms
[653.099s][info][gc,cpu         ] GC(960) User=0.42s Sys=0.00s Real=0.41s
[653.435s][info][gc,start       ] GC(961) Pause Young (Allocation Failure)
[653.763s][info][gc,heap        ] GC(961) DefNew: 629120K(629120K)->67760K(629120K) Eden: 559232K(559232K)->0K(559232K) From: 69888K(69888K)->67760K(69888K)
[653.763s][info][gc,heap        ] GC(961) Tenured: 695342K(1398144K)->732901K(1398144K)
[653.763s][info][gc,metaspace   ] GC(961) Metaspace: 22825K(23168K)->22825K(23168K) NonClass: 20027K(20224K)->20027K(20224K) Class: 2798K(2944K)->2798K(2944K)
[653.763s][info][gc             ] GC(961) Pause Young (Allocation Failure) 1293M->781M(1979M) 328.490ms
[653.763s][info][gc,cpu         ] GC(961) User=0.31s Sys=0.00s Real=0.33s
[654.083s][info][gc,start       ] GC(962) Pause Young (Allocation Failure)
[654.385s][info][gc,heap        ] GC(962) DefNew: 626992K(629120K)->61804K(629120K) Eden: 559232K(559232K)->0K(559232K) From: 67760K(69888K)->61804K(69888K)
[654.385s][info][gc,heap        ] GC(962) Tenured: 732901K(1398144K)->770602K(1398144K)
[654.385s][info][gc,metaspace   ] GC(962) Metaspace: 22825K(23168K)->22825K(23168K) NonClass: 20027K(20224K)->20027K(20224K) Class: 2798K(2944K)->2798K(2944K)
[654.385s][info][gc             ] GC(962) Pause Young (Allocation Failure) 1328M->812M(1979M) 302.511ms
[654.385s][info][gc,cpu         ] GC(962) User=0.30s Sys=0.00s Real=0.30s
[654.536s][info][gc,start       ] GC(963) Pause Young (Allocation Failure)
[655.007s][info][gc,heap        ] GC(963) DefNew: 621036K(629120K)->69888K(629120K) Eden: 559232K(559232K)->0K(559232K) From: 61804K(69888K)->69888K(69888K)
[655.007s][info][gc,heap        ] GC(963) Tenured: 770602K(1398144K)->831419K(1398144K)
[655.007s][info][gc,metaspace   ] GC(963) Metaspace: 22825K(23168K)->22825K(23168K) NonClass: 20027K(20224K)->20027K(20224K) Class: 2798K(2944K)->2798K(2944K)
[655.007s][info][gc             ] GC(963) Pause Young (Allocation Failure) 1359M->880M(1979M) 470.469ms
[655.007s][info][gc,cpu         ] GC(963) User=0.45s Sys=0.00s Real=0.47s
[655.645s][info][gc,start       ] GC(964) Pause Young (Allocation Failure)
[655.898s][info][gc,heap        ] GC(964) DefNew: 629120K(629120K)->42971K(629120K) Eden: 559232K(559232K)->0K(559232K) From: 69888K(69888K)->42971K(69888K)
[655.898s][info][gc,heap        ] GC(964) Tenured: 831419K(1398144K)->867699K(1398144K)
[655.898s][info][gc,metaspace   ] GC(964) Metaspace: 22825K(23168K)->22825K(23168K) NonClass: 20027K(20224K)->20027K(20224K) Class: 2798K(2944K)->2798K(2944K)
[655.898s][info][gc             ] GC(964) Pause Young (Allocation Failure) 1426M->889M(1979M) 253.242ms
[655.898s][info][gc,cpu         ] GC(964) User=0.25s Sys=0.00s Real=0.25s
[656.042s][info][gc,start       ] GC(965) Pause Young (Allocation Failure)
[656.436s][info][gc,heap        ] GC(965) DefNew: 602203K(629120K)->69887K(629120K) Eden: 559232K(559232K)->0K(559232K) From: 42971K(69888K)->69887K(69888K)
[656.437s][info][gc,heap        ] GC(965) Tenured: 867699K(1398144K)->910178K(1398144K)
[656.437s][info][gc,metaspace   ] GC(965) Metaspace: 22825K(23168K)->22825K(23168K) NonClass: 20027K(20224K)->20027K(20224K) Class: 2798K(2944K)->2798K(2944K)
[656.437s][info][gc             ] GC(965) Pause Young (Allocation Failure) 1435M->957M(1979M) 394.569ms
[656.437s][info][gc,cpu         ] GC(965) User=0.38s Sys=0.00s Real=0.39s
[656.576s][info][gc,start       ] GC(966) Pause Young (Allocation Failure)
[657.045s][info][gc,heap        ] GC(966) DefNew: 629119K(629120K)->69887K(629120K) Eden: 559232K(559232K)->0K(559232K) From: 69887K(69888K)->69887K(69888K)
[657.045s][info][gc,heap        ] GC(966) Tenured: 910178K(1398144K)->973385K(1398144K)
[657.045s][info][gc,metaspace   ] GC(966) Metaspace: 22825K(23168K)->22825K(23168K) NonClass: 20027K(20224K)->20027K(20224K) Class: 2798K(2944K)->2798K(2944K)
[657.045s][info][gc             ] GC(966) Pause Young (Allocation Failure) 1503M->1018M(1979M) 469.040ms
[657.045s][info][gc,cpu         ] GC(966) User=0.42s Sys=0.02s Real=0.48s
[657.668s][info][gc,start       ] GC(967) Pause Young (Allocation Failure)
[657.978s][info][gc,heap        ] GC(967) DefNew: 629119K(629120K)->60646K(629120K) Eden: 559232K(559232K)->0K(559232K) From: 69887K(69888K)->60646K(69888K)
[657.978s][info][gc,heap        ] GC(967) Tenured: 973385K(1398144K)->1007192K(1398144K)
[657.978s][info][gc,metaspace   ] GC(967) Metaspace: 22825K(23168K)->22825K(23168K) NonClass: 20027K(20224K)->20027K(20224K) Class: 2798K(2944K)->2798K(2944K)
[657.978s][info][gc             ] GC(967) Pause Young (Allocation Failure) 1564M->1042M(1979M) 309.463ms
[657.978s][info][gc,cpu         ] GC(967) User=0.30s Sys=0.00s Real=0.30s
[658.119s][info][gc,start       ] GC(968) Pause Young (Allocation Failure)
[658.541s][info][gc,heap        ] GC(968) DefNew: 619878K(629120K)->69888K(629120K) Eden: 559232K(559232K)->0K(559232K) From: 60646K(69888K)->69888K(69888K)
[658.541s][info][gc,heap        ] GC(968) Tenured: 1007192K(1398144K)->1064319K(1398144K)
[658.541s][info][gc,metaspace   ] GC(968) Metaspace: 22825K(23168K)->22825K(23168K) NonClass: 20027K(20224K)->20027K(20224K) Class: 2798K(2944K)->2798K(2944K)
[658.541s][info][gc             ] GC(968) Pause Young (Allocation Failure) 1588M->1107M(1979M) 422.100ms
[658.541s][info][gc,cpu         ] GC(968) User=0.41s Sys=0.00s Real=0.42s
[658.909s][info][gc,start       ] GC(969) Pause Young (Allocation Failure)
[659.235s][info][gc,heap        ] GC(969) DefNew: 629120K(629120K)->65126K(629120K) Eden: 559232K(559232K)->0K(559232K) From: 69888K(69888K)->65126K(69888K)
[659.235s][info][gc,heap        ] GC(969) Tenured: 1064319K(1398144K)->1099465K(1398144K)
[659.235s][info][gc,metaspace   ] GC(969) Metaspace: 22825K(23168K)->22825K(23168K) NonClass: 20027K(20224K)->20027K(20224K) Class: 2798K(2944K)->2798K(2944K)
[659.235s][info][gc             ] GC(969) Pause Young (Allocation Failure) 1653M->1137M(1979M) 326.048ms
[659.235s][info][gc,cpu         ] GC(969) User=0.31s Sys=0.00s Real=0.33s
[659.549s][info][gc,start       ] GC(970) Pause Young (Allocation Failure)
[659.864s][info][gc,heap        ] GC(970) DefNew: 624358K(629120K)->65438K(629120K) Eden: 559232K(559232K)->0K(559232K) From: 65126K(69888K)->65438K(69888K)
[659.864s][info][gc,heap        ] GC(970) Tenured: 1099465K(1398144K)->1137475K(1398144K)
[659.864s][info][gc,metaspace   ] GC(970) Metaspace: 22825K(23168K)->22825K(23168K) NonClass: 20027K(20224K)->20027K(20224K) Class: 2798K(2944K)->2798K(2944K)
[659.864s][info][gc             ] GC(970) Pause Young (Allocation Failure) 1683M->1174M(1979M) 314.947ms
[659.864s][info][gc,cpu         ] GC(970) User=0.30s Sys=0.00s Real=0.31s
[660.008s][info][gc,start       ] GC(971) Pause Young (Allocation Failure)
[660.460s][info][gc,heap        ] GC(971) DefNew: 624670K(629120K)->69888K(629120K) Eden: 559232K(559232K)->0K(559232K) From: 65438K(69888K)->69888K(69888K)
[660.460s][info][gc,heap        ] GC(971) Tenured: 1137475K(1398144K)->1197183K(1398144K)
[660.460s][info][gc,metaspace   ] GC(971) Metaspace: 22825K(23168K)->22825K(23168K) NonClass: 20027K(20224K)->20027K(20224K) Class: 2798K(2944K)->2798K(2944K)
[660.460s][info][gc             ] GC(971) Pause Young (Allocation Failure) 1720M->1237M(1979M) 452.584ms
[660.460s][info][gc,cpu         ] GC(971) User=0.45s Sys=0.00s Real=0.46s
[661.077s][info][gc,start       ] GC(972) Pause Young (Allocation Failure)
[661.325s][info][gc,heap        ] GC(972) DefNew: 629120K(629120K)->43940K(629120K) Eden: 559232K(559232K)->0K(559232K) From: 69888K(69888K)->43940K(69888K)
[661.325s][info][gc,heap        ] GC(972) Tenured: 1197183K(1398144K)->1232200K(1398144K)
[661.325s][info][gc,metaspace   ] GC(972) Metaspace: 22825K(23168K)->22825K(23168K) NonClass: 20027K(20224K)->20027K(20224K) Class: 2798K(2944K)->2798K(2944K)
[661.325s][info][gc             ] GC(972) Pause Young (Allocation Failure) 1783M->1246M(1979M) 247.660ms
[661.325s][info][gc,cpu         ] GC(972) User=0.25s Sys=0.00s Real=0.25s
[661.466s][info][gc,start       ] GC(973) Pause Young (Allocation Failure)
[661.862s][info][gc,heap        ] GC(973) DefNew: 603172K(629120K)->69888K(629120K) Eden: 559232K(559232K)->0K(559232K) From: 43940K(69888K)->69888K(69888K)
[661.862s][info][gc,heap        ] GC(973) Tenured: 1232200K(1398144K)->1276397K(1398144K)
[661.862s][info][gc,metaspace   ] GC(973) Metaspace: 22825K(23168K)->22825K(23168K) NonClass: 20027K(20224K)->20027K(20224K) Class: 2798K(2944K)->2798K(2944K)
[661.862s][info][gc             ] GC(973) Pause Young (Allocation Failure) 1792M->1314M(1979M) 395.726ms
[661.862s][info][gc,cpu         ] GC(973) User=0.39s Sys=0.00s Real=0.39s
[662.009s][info][gc,start       ] GC(974) Pause Young (Allocation Failure)
[662.488s][info][gc,heap        ] GC(974) DefNew: 629120K(629120K)->69888K(629120K) Eden: 559232K(559232K)->0K(559232K) From: 69888K(69888K)->69888K(69888K)
[662.488s][info][gc,heap        ] GC(974) Tenured: 1276397K(1398144K)->1341571K(1398144K)
[662.488s][info][gc,metaspace   ] GC(974) Metaspace: 22825K(23168K)->22825K(23168K) NonClass: 20027K(20224K)->20027K(20224K) Class: 2798K(2944K)->2798K(2944K)
[662.488s][info][gc             ] GC(974) Pause Young (Allocation Failure) 1860M->1378M(1979M) 478.967ms
[662.488s][info][gc,cpu         ] GC(974) User=0.45s Sys=0.00s Real=0.47s
[662.947s][info][gc,start       ] GC(975) Pause Full (System.gc())
[662.947s][info][gc,phases,start] GC(975) Phase 1: Mark live objects
[663.144s][info][gc,phases      ] GC(975) Phase 1: Mark live objects 197.516ms
[663.144s][info][gc,phases,start] GC(975) Phase 2: Compute new object addresses
[663.396s][info][gc,phases      ] GC(975) Phase 2: Compute new object addresses 252.010ms
[663.396s][info][gc,phases,start] GC(975) Phase 3: Adjust pointers
[663.497s][info][gc,phases      ] GC(975) Phase 3: Adjust pointers 100.583ms
[663.497s][info][gc,phases,start] GC(975) Phase 4: Move objects
[663.538s][info][gc,phases      ] GC(975) Phase 4: Move objects 41.017ms
[663.538s][info][gc,heap        ] GC(975) DefNew: 373408K(629120K)->0K(629120K) Eden: 303520K(559232K)->0K(559232K) From: 69888K(69888K)->0K(69888K)
[663.538s][info][gc,heap        ] GC(975) Tenured: 1341571K(1398144K)->166276K(1398144K)
[663.538s][info][gc,metaspace   ] GC(975) Metaspace: 22825K(23168K)->22825K(23168K) NonClass: 20027K(20224K)->20027K(20224K) Class: 2798K(2944K)->2798K(2944K)
[663.539s][info][gc             ] GC(975) Pause Full (System.gc()) 1674M->162M(1979M) 591.765ms
[663.539s][info][gc,cpu         ] GC(975) User=0.58s Sys=0.00s Real=0.60s
[663.722s][info][gc,start       ] GC(976) Pause Young (Allocation Failure)
[664.043s][info][gc,heap        ] GC(976) DefNew: 559232K(629120K)->69888K(629120K) Eden: 559232K(559232K)->0K(559232K) From: 0K(69888K)->69888K(69888K)
[664.043s][info][gc,heap        ] GC(976) Tenured: 166276K(1398144K)->179115K(1398144K)
[664.043s][info][gc,metaspace   ] GC(976) Metaspace: 22826K(23168K)->22826K(23168K) NonClass: 20027K(20224K)->20027K(20224K) Class: 2798K(2944K)->2798K(2944K)
[664.043s][info][gc             ] GC(976) Pause Young (Allocation Failure) 708M->243M(1979M) 320.375ms
[664.043s][info][gc,cpu         ] GC(976) User=0.33s Sys=0.00s Real=0.33s
[664.188s][info][gc,start       ] GC(977) Pause Young (Allocation Failure)
[664.666s][info][gc,heap        ] GC(977) DefNew: 629120K(629120K)->69888K(629120K) Eden: 559232K(559232K)->0K(559232K) From: 69888K(69888K)->69888K(69888K)
[664.666s][info][gc,heap        ] GC(977) Tenured: 179115K(1398144K)->247443K(1398144K)
[664.666s][info][gc,metaspace   ] GC(977) Metaspace: 22826K(23168K)->22826K(23168K) NonClass: 20027K(20224K)->20027K(20224K) Class: 2798K(2944K)->2798K(2944K)
[664.666s][info][gc             ] GC(977) Pause Young (Allocation Failure) 789M->309M(1979M) 478.695ms
[664.666s][info][gc,cpu         ] GC(977) User=0.44s Sys=0.00s Real=0.47s
[665.116s][info][gc,start       ] GC(978) Pause Young (Allocation Failure)
[665.452s][info][gc,heap        ] GC(978) DefNew: 629120K(629120K)->62839K(629120K) Eden: 559232K(559232K)->0K(559232K) From: 69888K(69888K)->62839K(69888K)
[665.452s][info][gc,heap        ] GC(978) Tenured: 247443K(1398144K)->281774K(1398144K)
[665.452s][info][gc,metaspace   ] GC(978) Metaspace: 22826K(23168K)->22826K(23168K) NonClass: 20027K(20224K)->20027K(20224K) Class: 2798K(2944K)->2798K(2944K)
[665.452s][info][gc             ] GC(978) Pause Young (Allocation Failure) 856M->336M(1979M) 335.856ms
[665.452s][info][gc,cpu         ] GC(978) User=0.28s Sys=0.00s Real=0.33s
[665.595s][info][gc,start       ] GC(979) Pause Young (Allocation Failure)
[666.052s][info][gc,heap        ] GC(979) DefNew: 622071K(629120K)->69887K(629120K) Eden: 559232K(559232K)->0K(559232K) From: 62839K(69888K)->69887K(69888K)
[666.052s][info][gc,heap        ] GC(979) Tenured: 281774K(1398144K)->339696K(1398144K)
[666.052s][info][gc,metaspace   ] GC(979) Metaspace: 22826K(23168K)->22826K(23168K) NonClass: 20027K(20224K)->20027K(20224K) Class: 2798K(2944K)->2798K(2944K)
[666.052s][info][gc             ] GC(979) Pause Young (Allocation Failure) 882M->399M(1979M) 457.282ms
[666.052s][info][gc,cpu         ] GC(979) User=0.45s Sys=0.00s Real=0.46s
[666.511s][info][gc,start       ] GC(980) Pause Young (Allocation Failure)
[666.806s][info][gc,heap        ] GC(980) DefNew: 629119K(629120K)->59794K(629120K) Eden: 559232K(559232K)->0K(559232K) From: 69887K(69888K)->59794K(69888K)
[666.806s][info][gc,heap        ] GC(980) Tenured: 339696K(1398144K)->375094K(1398144K)
[666.806s][info][gc,metaspace   ] GC(980) Metaspace: 22826K(23168K)->22826K(23168K) NonClass: 20027K(20224K)->20027K(20224K) Class: 2798K(2944K)->2798K(2944K)
[666.806s][info][gc             ] GC(980) Pause Young (Allocation Failure) 946M->424M(1979M) 294.328ms
[666.806s][info][gc,cpu         ] GC(980) User=0.28s Sys=0.00s Real=0.29s
[667.089s][info][gc,start       ] GC(981) Pause Young (Allocation Failure)
[667.437s][info][gc,heap        ] GC(981) DefNew: 619026K(629120K)->69887K(629120K) Eden: 559232K(559232K)->0K(559232K) From: 59794K(69888K)->69887K(69888K)
[667.437s][info][gc,heap        ] GC(981) Tenured: 375094K(1398144K)->416895K(1398144K)
[667.437s][info][gc,metaspace   ] GC(981) Metaspace: 22826K(23168K)->22826K(23168K) NonClass: 20027K(20224K)->20027K(20224K) Class: 2798K(2944K)->2798K(2944K)
[667.437s][info][gc             ] GC(981) Pause Young (Allocation Failure) 970M->475M(1979M) 347.421ms
[667.437s][info][gc,cpu         ] GC(981) User=0.34s Sys=0.00s Real=0.36s
[667.576s][info][gc,start       ] GC(982) Pause Young (Allocation Failure)
[668.051s][info][gc,heap        ] GC(982) DefNew: 629119K(629120K)->69888K(629120K) Eden: 559232K(559232K)->0K(559232K) From: 69887K(69888K)->69888K(69888K)
[668.051s][info][gc,heap        ] GC(982) Tenured: 416895K(1398144K)->480687K(1398144K)
[668.051s][info][gc,metaspace   ] GC(982) Metaspace: 22826K(23168K)->22826K(23168K) NonClass: 20027K(20224K)->20027K(20224K) Class: 2798K(2944K)->2798K(2944K)
[668.051s][info][gc             ] GC(982) Pause Young (Allocation Failure) 1021M->537M(1979M) 475.335ms
[668.051s][info][gc,cpu         ] GC(982) User=0.47s Sys=0.00s Real=0.49s
[668.750s][info][gc,start       ] GC(983) Pause Young (Allocation Failure)
[668.995s][info][gc,heap        ] GC(983) DefNew: 629120K(629120K)->39076K(629120K) Eden: 559232K(559232K)->0K(559232K) From: 69888K(69888K)->39076K(69888K)
[668.995s][info][gc,heap        ] GC(983) Tenured: 480687K(1398144K)->515057K(1398144K)
[668.995s][info][gc,metaspace   ] GC(983) Metaspace: 22826K(23168K)->22826K(23168K) NonClass: 20027K(20224K)->20027K(20224K) Class: 2798K(2944K)->2798K(2944K)
[668.995s][info][gc             ] GC(983) Pause Young (Allocation Failure) 1083M->541M(1979M) 244.715ms
[668.995s][info][gc,cpu         ] GC(983) User=0.25s Sys=0.00s Real=0.25s
[669.140s][info][gc,start       ] GC(984) Pause Young (Allocation Failure)
[669.525s][info][gc,heap        ] GC(984) DefNew: 598308K(629120K)->69888K(629120K) Eden: 559232K(559232K)->0K(559232K) From: 39076K(69888K)->69888K(69888K)
[669.525s][info][gc,heap        ] GC(984) Tenured: 515057K(1398144K)->551432K(1398144K)
[669.525s][info][gc,metaspace   ] GC(984) Metaspace: 22826K(23168K)->22826K(23168K) NonClass: 20027K(20224K)->20027K(20224K) Class: 2798K(2944K)->2798K(2944K)
[669.525s][info][gc             ] GC(984) Pause Young (Allocation Failure) 1087M->606M(1979M) 385.534ms
[669.525s][info][gc,cpu         ] GC(984) User=0.38s Sys=0.00s Real=0.38s
[669.683s][info][gc,start       ] GC(985) Pause Young (Allocation Failure)
[670.143s][info][gc,heap        ] GC(985) DefNew: 629120K(629120K)->69888K(629120K) Eden: 559232K(559232K)->0K(559232K) From: 69888K(69888K)->69888K(69888K)
[670.143s][info][gc,heap        ] GC(985) Tenured: 551432K(1398144K)->617022K(1398144K)
[670.143s][info][gc,metaspace   ] GC(985) Metaspace: 22826K(23168K)->22826K(23168K) NonClass: 20027K(20224K)->20027K(20224K) Class: 2798K(2944K)->2798K(2944K)
[670.143s][info][gc             ] GC(985) Pause Young (Allocation Failure) 1152M->670M(1979M) 459.563ms
[670.143s][info][gc,cpu         ] GC(985) User=0.45s Sys=0.00s Real=0.46s
[670.721s][info][gc,start       ] GC(986) Pause Young (Allocation Failure)
[671.098s][info][gc,heap        ] GC(986) DefNew: 629120K(629120K)->69888K(629120K) Eden: 559232K(559232K)->0K(559232K) From: 69888K(69888K)->69888K(69888K)
[671.098s][info][gc,heap        ] GC(986) Tenured: 617022K(1398144K)->658506K(1398144K)
[671.098s][info][gc,metaspace   ] GC(986) Metaspace: 22826K(23168K)->22826K(23168K) NonClass: 20027K(20224K)->20027K(20224K) Class: 2798K(2944K)->2798K(2944K)
[671.098s][info][gc             ] GC(986) Pause Young (Allocation Failure) 1216M->711M(1979M) 377.483ms
[671.098s][info][gc,cpu         ] GC(986) User=0.36s Sys=0.00s Real=0.38s
[671.247s][info][gc,start       ] GC(987) Pause Young (Allocation Failure)
[671.721s][info][gc,heap        ] GC(987) DefNew: 629120K(629120K)->69887K(629120K) Eden: 559232K(559232K)->0K(559232K) From: 69888K(69888K)->69887K(69888K)
[671.721s][info][gc,heap        ] GC(987) Tenured: 658506K(1398144K)->725656K(1398144K)
[671.721s][info][gc,metaspace   ] GC(987) Metaspace: 22826K(23168K)->22826K(23168K) NonClass: 20027K(20224K)->20027K(20224K) Class: 2798K(2944K)->2798K(2944K)
[671.721s][info][gc             ] GC(987) Pause Young (Allocation Failure) 1257M->776M(1979M) 474.050ms
[671.721s][info][gc,cpu         ] GC(987) User=0.47s Sys=0.00s Real=0.48s
[672.221s][info][gc,start       ] GC(988) Pause Young (Allocation Failure)
[672.466s][info][gc,heap        ] GC(988) DefNew: 629119K(629120K)->41254K(629120K) Eden: 559232K(559232K)->0K(559232K) From: 69887K(69888K)->41254K(69888K)
[672.466s][info][gc,heap        ] GC(988) Tenured: 725656K(1398144K)->761730K(1398144K)
[672.466s][info][gc,metaspace   ] GC(988) Metaspace: 22826K(23168K)->22826K(23168K) NonClass: 20027K(20224K)->20027K(20224K) Class: 2798K(2944K)->2798K(2944K)
[672.466s][info][gc             ] GC(988) Pause Young (Allocation Failure) 1323M->784M(1979M) 245.117ms
[672.466s][info][gc,cpu         ] GC(988) User=0.25s Sys=0.00s Real=0.23s
[672.724s][info][gc,start       ] GC(989) Pause Young (Allocation Failure)
[673.054s][info][gc,heap        ] GC(989) DefNew: 600486K(629120K)->65109K(629120K) Eden: 559232K(559232K)->0K(559232K) From: 41254K(69888K)->65109K(69888K)
[673.054s][info][gc,heap        ] GC(989) Tenured: 761730K(1398144K)->795360K(1398144K)
[673.054s][info][gc,metaspace   ] GC(989) Metaspace: 22826K(23168K)->22826K(23168K) NonClass: 20027K(20224K)->20027K(20224K) Class: 2798K(2944K)->2798K(2944K)
[673.054s][info][gc             ] GC(989) Pause Young (Allocation Failure) 1330M->840M(1979M) 330.211ms
[673.054s][info][gc,cpu         ] GC(989) User=0.31s Sys=0.00s Real=0.33s
[673.189s][info][gc,start       ] GC(990) Pause Young (Allocation Failure)
[673.638s][info][gc,heap        ] GC(990) DefNew: 624341K(629120K)->69887K(629120K) Eden: 559232K(559232K)->0K(559232K) From: 65109K(69888K)->69887K(69888K)
[673.638s][info][gc,heap        ] GC(990) Tenured: 795360K(1398144K)->852071K(1398144K)
[673.638s][info][gc,metaspace   ] GC(990) Metaspace: 22826K(23168K)->22826K(23168K) NonClass: 20027K(20224K)->20027K(20224K) Class: 2798K(2944K)->2798K(2944K)
[673.638s][info][gc             ] GC(990) Pause Young (Allocation Failure) 1386M->900M(1979M) 448.740ms
[673.638s][info][gc,cpu         ] GC(990) User=0.47s Sys=0.00s Real=0.46s
[674.318s][info][gc,start       ] GC(991) Pause Young (Allocation Failure)
[674.616s][info][gc,heap        ] GC(991) DefNew: 629119K(629120K)->57092K(629120K) Eden: 559232K(559232K)->0K(559232K) From: 69887K(69888K)->57092K(69888K)
[674.616s][info][gc,heap        ] GC(991) Tenured: 852071K(1398144K)->884507K(1398144K)
[674.616s][info][gc,metaspace   ] GC(991) Metaspace: 22826K(23168K)->22826K(23168K) NonClass: 20027K(20224K)->20027K(20224K) Class: 2798K(2944K)->2798K(2944K)
[674.616s][info][gc             ] GC(991) Pause Young (Allocation Failure) 1446M->919M(1979M) 297.794ms
[674.616s][info][gc,cpu         ] GC(991) User=0.33s Sys=0.00s Real=0.30s
[674.769s][info][gc,start       ] GC(992) Pause Young (Allocation Failure)
[675.211s][info][gc,heap        ] GC(992) DefNew: 616324K(629120K)->69887K(629120K) Eden: 559232K(559232K)->0K(559232K) From: 57092K(69888K)->69887K(69888K)
[675.211s][info][gc,heap        ] GC(992) Tenured: 884507K(1398144K)->943095K(1398144K)
[675.211s][info][gc,metaspace   ] GC(992) Metaspace: 22826K(23168K)->22826K(23168K) NonClass: 20027K(20224K)->20027K(20224K) Class: 2798K(2944K)->2798K(2944K)
[675.211s][info][gc             ] GC(992) Pause Young (Allocation Failure) 1465M->989M(1979M) 442.046ms
[675.211s][info][gc,cpu         ] GC(992) User=0.42s Sys=0.00s Real=0.46s
[675.498s][info][gc,start       ] GC(993) Pause Young (Allocation Failure)
[675.912s][info][gc,heap        ] GC(993) DefNew: 629119K(629120K)->69888K(629120K) Eden: 559232K(559232K)->0K(559232K) From: 69887K(69888K)->69888K(69888K)
[675.912s][info][gc,heap        ] GC(993) Tenured: 943095K(1398144K)->985534K(1398144K)
[675.912s][info][gc,metaspace   ] GC(993) Metaspace: 22826K(23168K)->22826K(23168K) NonClass: 20027K(20224K)->20027K(20224K) Class: 2798K(2944K)->2798K(2944K)
[675.912s][info][gc             ] GC(993) Pause Young (Allocation Failure) 1535M->1030M(1979M) 414.044ms
[675.912s][info][gc,cpu         ] GC(993) User=0.41s Sys=0.00s Real=0.41s
[676.324s][info][gc,start       ] GC(994) Pause Young (Allocation Failure)
[676.642s][info][gc,heap        ] GC(994) DefNew: 629120K(629120K)->63054K(629120K) Eden: 559232K(559232K)->0K(559232K) From: 69888K(69888K)->63054K(69888K)
[676.642s][info][gc,heap        ] GC(994) Tenured: 985534K(1398144K)->1021848K(1398144K)
[676.642s][info][gc,metaspace   ] GC(994) Metaspace: 22826K(23168K)->22826K(23168K) NonClass: 20027K(20224K)->20027K(20224K) Class: 2798K(2944K)->2798K(2944K)
[676.642s][info][gc             ] GC(994) Pause Young (Allocation Failure) 1576M->1059M(1979M) 318.368ms
[676.642s][info][gc,cpu         ] GC(994) User=0.33s Sys=0.00s Real=0.31s
[676.798s][info][gc,start       ] GC(995) Pause Young (Allocation Failure)
[677.260s][info][gc,heap        ] GC(995) DefNew: 622286K(629120K)->69888K(629120K) Eden: 559232K(559232K)->0K(559232K) From: 63054K(69888K)->69888K(69888K)
[677.260s][info][gc,heap        ] GC(995) Tenured: 1021848K(1398144K)->1083742K(1398144K)
[677.260s][info][gc,metaspace   ] GC(995) Metaspace: 22826K(23168K)->22826K(23168K) NonClass: 20027K(20224K)->20027K(20224K) Class: 2798K(2944K)->2798K(2944K)
[677.260s][info][gc             ] GC(995) Pause Young (Allocation Failure) 1605M->1126M(1979M) 462.118ms
[677.260s][info][gc,cpu         ] GC(995) User=0.44s Sys=0.00s Real=0.47s
[677.881s][info][gc,start       ] GC(996) Pause Young (Allocation Failure)
[678.112s][info][gc,heap        ] GC(996) DefNew: 629120K(629120K)->38188K(629120K) Eden: 559232K(559232K)->0K(559232K) From: 69888K(69888K)->38188K(69888K)
[678.112s][info][gc,heap        ] GC(996) Tenured: 1083742K(1398144K)->1117091K(1398144K)
[678.112s][info][gc,metaspace   ] GC(996) Metaspace: 22826K(23168K)->22826K(23168K) NonClass: 20027K(20224K)->20027K(20224K) Class: 2798K(2944K)->2798K(2944K)
[678.112s][info][gc             ] GC(996) Pause Young (Allocation Failure) 1672M->1128M(1979M) 230.807ms
[678.112s][info][gc,cpu         ] GC(996) User=0.22s Sys=0.00s Real=0.23s
[678.254s][info][gc,start       ] GC(997) Pause Young (Allocation Failure)
[678.607s][info][gc,heap        ] GC(997) DefNew: 597420K(629120K)->67254K(629120K) Eden: 559232K(559232K)->0K(559232K) From: 38188K(69888K)->67254K(69888K)
[678.607s][info][gc,heap        ] GC(997) Tenured: 1117091K(1398144K)->1153044K(1398144K)
[678.607s][info][gc,metaspace   ] GC(997) Metaspace: 22826K(23168K)->22826K(23168K) NonClass: 20027K(20224K)->20027K(20224K) Class: 2798K(2944K)->2798K(2944K)
[678.607s][info][gc             ] GC(997) Pause Young (Allocation Failure) 1674M->1191M(1979M) 353.190ms
[678.607s][info][gc,cpu         ] GC(997) User=0.34s Sys=0.00s Real=0.35s
[678.763s][info][gc,start       ] GC(998) Pause Young (Allocation Failure)
[679.248s][info][gc,heap        ] GC(998) DefNew: 626486K(629120K)->69888K(629120K) Eden: 559232K(559232K)->0K(559232K) From: 67254K(69888K)->69888K(69888K)
[679.248s][info][gc,heap        ] GC(998) Tenured: 1153044K(1398144K)->1217134K(1398144K)
[679.248s][info][gc,metaspace   ] GC(998) Metaspace: 22826K(23168K)->22826K(23168K) NonClass: 20027K(20224K)->20027K(20224K) Class: 2798K(2944K)->2798K(2944K)
[679.248s][info][gc             ] GC(998) Pause Young (Allocation Failure) 1737M->1256M(1979M) 484.797ms
[679.248s][info][gc,cpu         ] GC(998) User=0.50s Sys=0.00s Real=0.49s
[679.864s][info][gc,start       ] GC(999) Pause Young (Allocation Failure)
[680.191s][info][gc,heap        ] GC(999) DefNew: 629120K(629120K)->59119K(629120K) Eden: 559232K(559232K)->0K(559232K) From: 69888K(69888K)->59119K(69888K)
[680.191s][info][gc,heap        ] GC(999) Tenured: 1217134K(1398144K)->1253341K(1398144K)
[680.191s][info][gc,metaspace   ] GC(999) Metaspace: 22826K(23168K)->22826K(23168K) NonClass: 20027K(20224K)->20027K(20224K) Class: 2798K(2944K)->2798K(2944K)
[680.191s][info][gc             ] GC(999) Pause Young (Allocation Failure) 1802M->1281M(1979M) 327.605ms
[680.191s][info][gc,cpu         ] GC(999) User=0.30s Sys=0.00s Real=0.32s
[680.340s][info][gc,start       ] GC(1000) Pause Young (Allocation Failure)
[680.773s][info][gc,heap        ] GC(1000) DefNew: 618351K(629120K)->69888K(629120K) Eden: 559232K(559232K)->0K(559232K) From: 59119K(69888K)->69888K(69888K)
[680.773s][info][gc,heap        ] GC(1000) Tenured: 1253341K(1398144K)->1308407K(1398144K)
[680.773s][info][gc,metaspace   ] GC(1000) Metaspace: 22826K(23168K)->22826K(23168K) NonClass: 20027K(20224K)->20027K(20224K) Class: 2798K(2944K)->2798K(2944K)
[680.773s][info][gc             ] GC(1000) Pause Young (Allocation Failure) 1827M->1345M(1979M) 432.788ms
[680.773s][info][gc,cpu         ] GC(1000) User=0.44s Sys=0.00s Real=0.44s
[681.143s][info][gc,start       ] GC(1001) Pause Young (Allocation Failure)
[681.463s][info][gc,heap        ] GC(1001) DefNew: 629120K(629120K)->68927K(629120K) Eden: 559232K(559232K)->0K(559232K) From: 69888K(69888K)->68927K(69888K)
[681.463s][info][gc,heap        ] GC(1001) Tenured: 1308407K(1398144K)->1343967K(1398144K)
[681.463s][info][gc,metaspace   ] GC(1001) Metaspace: 22826K(23168K)->22826K(23168K) NonClass: 20027K(20224K)->20027K(20224K) Class: 2798K(2944K)->2798K(2944K)
[681.463s][info][gc             ] GC(1001) Pause Young (Allocation Failure) 1892M->1379M(1979M) 319.828ms
[681.463s][info][gc,cpu         ] GC(1001) User=0.31s Sys=0.00s Real=0.31s
[681.674s][info][gc,start       ] GC(1002) Pause Full (System.gc())
[681.674s][info][gc,phases,start] GC(1002) Phase 1: Mark live objects
[681.855s][info][gc,phases      ] GC(1002) Phase 1: Mark live objects 180.543ms
[681.855s][info][gc,phases,start] GC(1002) Phase 2: Compute new object addresses
[682.081s][info][gc,phases      ] GC(1002) Phase 2: Compute new object addresses 226.382ms
[682.081s][info][gc,phases,start] GC(1002) Phase 3: Adjust pointers
[682.155s][info][gc,phases      ] GC(1002) Phase 3: Adjust pointers 73.317ms
[682.155s][info][gc,phases,start] GC(1002) Phase 4: Move objects
[682.185s][info][gc,phases      ] GC(1002) Phase 4: Move objects 29.819ms
[682.185s][info][gc,heap        ] GC(1002) DefNew: 222371K(629120K)->0K(629120K) Eden: 153443K(559232K)->0K(559232K) From: 68927K(69888K)->0K(69888K)
[682.185s][info][gc,heap        ] GC(1002) Tenured: 1343967K(1398144K)->167283K(1398144K)
[682.185s][info][gc,metaspace   ] GC(1002) Metaspace: 22826K(23168K)->22826K(23168K) NonClass: 20027K(20224K)->20027K(20224K) Class: 2798K(2944K)->2798K(2944K)
[682.185s][info][gc             ] GC(1002) Pause Full (System.gc()) 1529M->163M(1979M) 510.739ms
[682.185s][info][gc,cpu         ] GC(1002) User=0.52s Sys=0.00s Real=0.52s
[682.354s][info][gc,start       ] GC(1003) Pause Young (Allocation Failure)
[682.647s][info][gc,heap        ] GC(1003) DefNew: 559232K(629120K)->69888K(629120K) Eden: 559232K(559232K)->0K(559232K) From: 0K(69888K)->69888K(69888K)
[682.647s][info][gc,heap        ] GC(1003) Tenured: 167283K(1398144K)->176491K(1398144K)
[682.647s][info][gc,metaspace   ] GC(1003) Metaspace: 22826K(23168K)->22826K(23168K) NonClass: 20028K(20224K)->20028K(20224K) Class: 2798K(2944K)->2798K(2944K)
[682.647s][info][gc             ] GC(1003) Pause Young (Allocation Failure) 709M->240M(1979M) 292.984ms
[682.647s][info][gc,cpu         ] GC(1003) User=0.28s Sys=0.00s Real=0.28s
[682.807s][info][gc,start       ] GC(1004) Pause Young (Allocation Failure)
[683.294s][info][gc,heap        ] GC(1004) DefNew: 629120K(629120K)->69888K(629120K) Eden: 559232K(559232K)->0K(559232K) From: 69888K(69888K)->69888K(69888K)
[683.294s][info][gc,heap        ] GC(1004) Tenured: 176491K(1398144K)->248126K(1398144K)
[683.294s][info][gc,metaspace   ] GC(1004) Metaspace: 22826K(23168K)->22826K(23168K) NonClass: 20028K(20224K)->20028K(20224K) Class: 2798K(2944K)->2798K(2944K)
[683.294s][info][gc             ] GC(1004) Pause Young (Allocation Failure) 786M->310M(1979M) 487.672ms
[683.294s][info][gc,cpu         ] GC(1004) User=0.47s Sys=0.00s Real=0.49s
[683.773s][info][gc,start       ] GC(1005) Pause Young (Allocation Failure)
[684.101s][info][gc,heap        ] GC(1005) DefNew: 629120K(629120K)->63716K(629120K) Eden: 559232K(559232K)->0K(559232K) From: 69888K(69888K)->63716K(69888K)
[684.101s][info][gc,heap        ] GC(1005) Tenured: 248126K(1398144K)->285295K(1398144K)
[684.101s][info][gc,metaspace   ] GC(1005) Metaspace: 22826K(23168K)->22826K(23168K) NonClass: 20028K(20224K)->20028K(20224K) Class: 2798K(2944K)->2798K(2944K)
[684.101s][info][gc             ] GC(1005) Pause Young (Allocation Failure) 856M->340M(1979M) 327.897ms
[684.101s][info][gc,cpu         ] GC(1005) User=0.31s Sys=0.00s Real=0.33s
[684.240s][info][gc,start       ] GC(1006) Pause Young (Allocation Failure)
[684.690s][info][gc,heap        ] GC(1006) DefNew: 622948K(629120K)->69888K(629120K) Eden: 559232K(559232K)->0K(559232K) From: 63716K(69888K)->69888K(69888K)
[684.690s][info][gc,heap        ] GC(1006) Tenured: 285295K(1398144K)->345797K(1398144K)
[684.690s][info][gc,metaspace   ] GC(1006) Metaspace: 22826K(23168K)->22826K(23168K) NonClass: 20028K(20224K)->20028K(20224K) Class: 2798K(2944K)->2798K(2944K)
[684.690s][info][gc             ] GC(1006) Pause Young (Allocation Failure) 886M->405M(1979M) 449.555ms
[684.690s][info][gc,cpu         ] GC(1006) User=0.44s Sys=0.00s Real=0.46s
[685.127s][info][gc,start       ] GC(1007) Pause Young (Allocation Failure)
[685.410s][info][gc,heap        ] GC(1007) DefNew: 629120K(629120K)->56518K(629120K) Eden: 559232K(559232K)->0K(559232K) From: 69888K(69888K)->56518K(69888K)
[685.410s][info][gc,heap        ] GC(1007) Tenured: 345797K(1398144K)->380670K(1398144K)
[685.410s][info][gc,metaspace   ] GC(1007) Metaspace: 22826K(23168K)->22826K(23168K) NonClass: 20028K(20224K)->20028K(20224K) Class: 2798K(2944K)->2798K(2944K)
[685.410s][info][gc             ] GC(1007) Pause Young (Allocation Failure) 952M->426M(1979M) 283.555ms
[685.410s][info][gc,cpu         ] GC(1007) User=0.27s Sys=0.00s Real=0.28s
[685.713s][info][gc,start       ] GC(1008) Pause Young (Allocation Failure)
[686.017s][info][gc,heap        ] GC(1008) DefNew: 615750K(629120K)->62442K(629120K) Eden: 559232K(559232K)->0K(559232K) From: 56518K(69888K)->62442K(69888K)
[686.017s][info][gc,heap        ] GC(1008) Tenured: 380670K(1398144K)->415656K(1398144K)
[686.017s][info][gc,metaspace   ] GC(1008) Metaspace: 22826K(23168K)->22826K(23168K) NonClass: 20028K(20224K)->20028K(20224K) Class: 2798K(2944K)->2798K(2944K)
[686.017s][info][gc             ] GC(1008) Pause Young (Allocation Failure) 973M->466M(1979M) 304.080ms
[686.017s][info][gc,cpu         ] GC(1008) User=0.31s Sys=0.00s Real=0.31s
[686.161s][info][gc,start       ] GC(1009) Pause Young (Allocation Failure)
[686.612s][info][gc,heap        ] GC(1009) DefNew: 621674K(629120K)->69888K(629120K) Eden: 559232K(559232K)->0K(559232K) From: 62442K(69888K)->69888K(69888K)
[686.612s][info][gc,heap        ] GC(1009) Tenured: 415656K(1398144K)->470903K(1398144K)
[686.612s][info][gc,metaspace   ] GC(1009) Metaspace: 22826K(23168K)->22826K(23168K) NonClass: 20028K(20224K)->20028K(20224K) Class: 2798K(2944K)->2798K(2944K)
[686.612s][info][gc             ] GC(1009) Pause Young (Allocation Failure) 1013M->528M(1979M) 451.247ms
[686.612s][info][gc,cpu         ] GC(1009) User=0.44s Sys=0.00s Real=0.46s
[687.358s][info][gc,start       ] GC(1010) Pause Young (Allocation Failure)
[687.576s][info][gc,heap        ] GC(1010) DefNew: 629120K(629120K)->36986K(629120K) Eden: 559232K(559232K)->0K(559232K) From: 69888K(69888K)->36986K(69888K)
[687.576s][info][gc,heap        ] GC(1010) Tenured: 470903K(1398144K)->504130K(1398144K)
[687.576s][info][gc,metaspace   ] GC(1010) Metaspace: 22826K(23168K)->22826K(23168K) NonClass: 20028K(20224K)->20028K(20224K) Class: 2798K(2944K)->2798K(2944K)
[687.576s][info][gc             ] GC(1010) Pause Young (Allocation Failure) 1074M->528M(1979M) 218.075ms
[687.576s][info][gc,cpu         ] GC(1010) User=0.20s Sys=0.00s Real=0.22s
[687.728s][info][gc,start       ] GC(1011) Pause Young (Allocation Failure)
[688.101s][info][gc,heap        ] GC(1011) DefNew: 596218K(629120K)->69888K(629120K) Eden: 559232K(559232K)->0K(559232K) From: 36986K(69888K)->69888K(69888K)
[688.101s][info][gc,heap        ] GC(1011) Tenured: 504130K(1398144K)->543064K(1398144K)
[688.101s][info][gc,metaspace   ] GC(1011) Metaspace: 22826K(23168K)->22826K(23168K) NonClass: 20028K(20224K)->20028K(20224K) Class: 2798K(2944K)->2798K(2944K)
[688.101s][info][gc             ] GC(1011) Pause Young (Allocation Failure) 1074M->598M(1979M) 372.694ms
[688.101s][info][gc,cpu         ] GC(1011) User=0.36s Sys=0.00s Real=0.38s
[688.252s][info][gc,start       ] GC(1012) Pause Young (Allocation Failure)
[688.719s][info][gc,heap        ] GC(1012) DefNew: 629120K(629120K)->69887K(629120K) Eden: 559232K(559232K)->0K(559232K) From: 69888K(69888K)->69887K(69888K)
[688.719s][info][gc,heap        ] GC(1012) Tenured: 543064K(1398144K)->608374K(1398144K)
[688.720s][info][gc,metaspace   ] GC(1012) Metaspace: 22826K(23168K)->22826K(23168K) NonClass: 20028K(20224K)->20028K(20224K) Class: 2798K(2944K)->2798K(2944K)
[688.720s][info][gc             ] GC(1012) Pause Young (Allocation Failure) 1144M->662M(1979M) 467.361ms
[688.720s][info][gc,cpu         ] GC(1012) User=0.45s Sys=0.00s Real=0.47s
[689.280s][info][gc,start       ] GC(1013) Pause Young (Allocation Failure)
[689.606s][info][gc,heap        ] GC(1013) DefNew: 629119K(629120K)->64734K(629120K) Eden: 559232K(559232K)->0K(559232K) From: 69887K(69888K)->64734K(69888K)
[689.607s][info][gc,heap        ] GC(1013) Tenured: 608374K(1398144K)->643567K(1398144K)
[689.607s][info][gc,metaspace   ] GC(1013) Metaspace: 22826K(23168K)->22826K(23168K) NonClass: 20028K(20224K)->20028K(20224K) Class: 2798K(2944K)->2798K(2944K)
[689.607s][info][gc             ] GC(1013) Pause Young (Allocation Failure) 1208M->691M(1979M) 326.101ms
[689.607s][info][gc,cpu         ] GC(1013) User=0.31s Sys=0.00s Real=0.31s
[689.762s][info][gc,start       ] GC(1014) Pause Young (Allocation Failure)
[690.233s][info][gc,heap        ] GC(1014) DefNew: 623966K(629120K)->69888K(629120K) Eden: 559232K(559232K)->0K(559232K) From: 64734K(69888K)->69888K(69888K)
[690.233s][info][gc,heap        ] GC(1014) Tenured: 643567K(1398144K)->708070K(1398144K)
[690.233s][info][gc,metaspace   ] GC(1014) Metaspace: 22826K(23168K)->22826K(23168K) NonClass: 20028K(20224K)->20028K(20224K) Class: 2798K(2944K)->2798K(2944K)
[690.233s][info][gc             ] GC(1014) Pause Young (Allocation Failure) 1237M->759M(1979M) 470.656ms
[690.233s][info][gc,cpu         ] GC(1014) User=0.39s Sys=0.00s Real=0.48s
[690.718s][info][gc,start       ] GC(1015) Pause Young (Allocation Failure)
[690.991s][info][gc,heap        ] GC(1015) DefNew: 629120K(629120K)->50929K(629120K) Eden: 559232K(559232K)->0K(559232K) From: 69888K(69888K)->50929K(69888K)
[690.991s][info][gc,heap        ] GC(1015) Tenured: 708070K(1398144K)->743734K(1398144K)
[690.991s][info][gc,metaspace   ] GC(1015) Metaspace: 22826K(23168K)->22826K(23168K) NonClass: 20028K(20224K)->20028K(20224K) Class: 2798K(2944K)->2798K(2944K)
[690.991s][info][gc             ] GC(1015) Pause Young (Allocation Failure) 1305M->776M(1979M) 272.184ms
[690.991s][info][gc,cpu         ] GC(1015) User=0.28s Sys=0.00s Real=0.28s
[691.190s][info][gc,start       ] GC(1016) Pause Young (Allocation Failure)
[691.529s][info][gc,heap        ] GC(1016) DefNew: 610161K(629120K)->67742K(629120K) Eden: 559232K(559232K)->0K(559232K) From: 50929K(69888K)->67742K(69888K)
[691.529s][info][gc,heap        ] GC(1016) Tenured: 743734K(1398144K)->781325K(1398144K)
[691.529s][info][gc,metaspace   ] GC(1016) Metaspace: 22826K(23168K)->22826K(23168K) NonClass: 20028K(20224K)->20028K(20224K) Class: 2798K(2944K)->2798K(2944K)
[691.529s][info][gc             ] GC(1016) Pause Young (Allocation Failure) 1322M->829M(1979M) 338.834ms
[691.529s][info][gc,cpu         ] GC(1016) User=0.33s Sys=0.00s Real=0.35s
[691.685s][info][gc,start       ] GC(1017) Pause Young (Allocation Failure)
[692.165s][info][gc,heap        ] GC(1017) DefNew: 626974K(629120K)->69888K(629120K) Eden: 559232K(559232K)->0K(559232K) From: 67742K(69888K)->69888K(69888K)
[692.165s][info][gc,heap        ] GC(1017) Tenured: 781325K(1398144K)->845947K(1398144K)
[692.165s][info][gc,metaspace   ] GC(1017) Metaspace: 22826K(23168K)->22826K(23168K) NonClass: 20028K(20224K)->20028K(20224K) Class: 2798K(2944K)->2798K(2944K)
[692.165s][info][gc             ] GC(1017) Pause Young (Allocation Failure) 1375M->894M(1979M) 479.784ms
[692.165s][info][gc,cpu         ] GC(1017) User=0.47s Sys=0.00s Real=0.47s
[692.782s][info][gc,start       ] GC(1018) Pause Young (Allocation Failure)
[693.058s][info][gc,heap        ] GC(1018) DefNew: 629120K(629120K)->48616K(629120K) Eden: 559232K(559232K)->0K(559232K) From: 69888K(69888K)->48616K(69888K)
[693.058s][info][gc,heap        ] GC(1018) Tenured: 845947K(1398144K)->882123K(1398144K)
[693.058s][info][gc,metaspace   ] GC(1018) Metaspace: 22826K(23168K)->22826K(23168K) NonClass: 20028K(20224K)->20028K(20224K) Class: 2798K(2944K)->2798K(2944K)
[693.058s][info][gc             ] GC(1018) Pause Young (Allocation Failure) 1440M->908M(1979M) 276.749ms
[693.058s][info][gc,cpu         ] GC(1018) User=0.30s Sys=0.00s Real=0.27s
[693.206s][info][gc,start       ] GC(1019) Pause Young (Allocation Failure)
[693.614s][info][gc,heap        ] GC(1019) DefNew: 607848K(629120K)->69888K(629120K) Eden: 559232K(559232K)->0K(559232K) From: 48616K(69888K)->69888K(69888K)
[693.614s][info][gc,heap        ] GC(1019) Tenured: 882123K(1398144K)->930530K(1398144K)
[693.614s][info][gc,metaspace   ] GC(1019) Metaspace: 22826K(23168K)->22826K(23168K) NonClass: 20028K(20224K)->20028K(20224K) Class: 2798K(2944K)->2798K(2944K)
[693.614s][info][gc             ] GC(1019) Pause Young (Allocation Failure) 1455M->976M(1979M) 408.473ms
[693.614s][info][gc,cpu         ] GC(1019) User=0.39s Sys=0.00s Real=0.41s
[693.872s][info][gc,start       ] GC(1020) Pause Young (Allocation Failure)
[694.329s][info][gc,heap        ] GC(1020) DefNew: 629120K(629120K)->69888K(629120K) Eden: 559232K(559232K)->0K(559232K) From: 69888K(69888K)->69888K(69888K)
[694.329s][info][gc,heap        ] GC(1020) Tenured: 930530K(1398144K)->979908K(1398144K)
[694.329s][info][gc,metaspace   ] GC(1020) Metaspace: 22826K(23168K)->22826K(23168K) NonClass: 20028K(20224K)->20028K(20224K) Class: 2798K(2944K)->2798K(2944K)
[694.329s][info][gc             ] GC(1020) Pause Young (Allocation Failure) 1523M->1025M(1979M) 457.521ms
[694.329s][info][gc,cpu         ] GC(1020) User=0.42s Sys=0.00s Real=0.46s
[694.783s][info][gc,start       ] GC(1021) Pause Young (Allocation Failure)
[695.081s][info][gc,heap        ] GC(1021) DefNew: 629120K(629120K)->55881K(629120K) Eden: 559232K(559232K)->0K(559232K) From: 69888K(69888K)->55881K(69888K)
[695.081s][info][gc,heap        ] GC(1021) Tenured: 979908K(1398144K)->1014069K(1398144K)
[695.081s][info][gc,metaspace   ] GC(1021) Metaspace: 22826K(23168K)->22826K(23168K) NonClass: 20028K(20224K)->20028K(20224K) Class: 2798K(2944K)->2798K(2944K)
[695.081s][info][gc             ] GC(1021) Pause Young (Allocation Failure) 1571M->1044M(1979M) 298.209ms
[695.081s][info][gc,cpu         ] GC(1021) User=0.30s Sys=0.00s Real=0.30s
[695.230s][info][gc,start       ] GC(1022) Pause Young (Allocation Failure)
[695.666s][info][gc,heap        ] GC(1022) DefNew: 615113K(629120K)->69887K(629120K) Eden: 559232K(559232K)->0K(559232K) From: 55881K(69888K)->69887K(69888K)
[695.666s][info][gc,heap        ] GC(1022) Tenured: 1014069K(1398144K)->1068245K(1398144K)
[695.666s][info][gc,metaspace   ] GC(1022) Metaspace: 22826K(23168K)->22826K(23168K) NonClass: 20028K(20224K)->20028K(20224K) Class: 2798K(2944K)->2798K(2944K)
[695.666s][info][gc             ] GC(1022) Pause Young (Allocation Failure) 1590M->1111M(1979M) 436.653ms
[695.666s][info][gc,cpu         ] GC(1022) User=0.44s Sys=0.00s Real=0.44s
[696.187s][info][gc,start       ] GC(1023) Pause Young (Allocation Failure)
[696.457s][info][gc,heap        ] GC(1023) DefNew: 629119K(629120K)->51285K(629120K) Eden: 559232K(559232K)->0K(559232K) From: 69887K(69888K)->51285K(69888K)
[696.457s][info][gc,heap        ] GC(1023) Tenured: 1068245K(1398144K)->1105225K(1398144K)
[696.457s][info][gc,metaspace   ] GC(1023) Metaspace: 22826K(23168K)->22826K(23168K) NonClass: 20028K(20224K)->20028K(20224K) Class: 2798K(2944K)->2798K(2944K)
[696.457s][info][gc             ] GC(1023) Pause Young (Allocation Failure) 1657M->1129M(1979M) 270.114ms
[696.457s][info][gc,cpu         ] GC(1023) User=0.25s Sys=0.00s Real=0.28s
[696.753s][info][gc,start       ] GC(1024) Pause Young (Allocation Failure)
[697.152s][info][gc,heap        ] GC(1024) DefNew: 610517K(629120K)->69887K(629120K) Eden: 559232K(559232K)->0K(559232K) From: 51285K(69888K)->69887K(69888K)
[697.152s][info][gc,heap        ] GC(1024) Tenured: 1105225K(1398144K)->1153200K(1398144K)
[697.152s][info][gc,metaspace   ] GC(1024) Metaspace: 22826K(23168K)->22826K(23168K) NonClass: 20028K(20224K)->20028K(20224K) Class: 2798K(2944K)->2798K(2944K)
[697.152s][info][gc             ] GC(1024) Pause Young (Allocation Failure) 1675M->1194M(1979M) 399.654ms
[697.152s][info][gc,cpu         ] GC(1024) User=0.39s Sys=0.00s Real=0.39s
[697.306s][info][gc,start       ] GC(1025) Pause Young (Allocation Failure)
[697.706s][info][gc,heap        ] GC(1025) DefNew: 629119K(629120K)->69888K(629120K) Eden: 559232K(559232K)->0K(559232K) From: 69887K(69888K)->69888K(69888K)
[697.706s][info][gc,heap        ] GC(1025) Tenured: 1153200K(1398144K)->1217523K(1398144K)
[697.706s][info][gc,metaspace   ] GC(1025) Metaspace: 22826K(23168K)->22826K(23168K) NonClass: 20028K(20224K)->20028K(20224K) Class: 2798K(2944K)->2798K(2944K)
[697.706s][info][gc             ] GC(1025) Pause Young (Allocation Failure) 1740M->1257M(1979M) 400.058ms
[697.706s][info][gc,cpu         ] GC(1025) User=0.41s Sys=0.00s Real=0.39s
[698.256s][info][gc,start       ] GC(1026) Pause Young (Allocation Failure)
[698.523s][info][gc,heap        ] GC(1026) DefNew: 629120K(629120K)->58020K(629120K) Eden: 559232K(559232K)->0K(559232K) From: 69888K(69888K)->58020K(69888K)
[698.523s][info][gc,heap        ] GC(1026) Tenured: 1217523K(1398144K)->1250879K(1398144K)
[698.523s][info][gc,metaspace   ] GC(1026) Metaspace: 22826K(23168K)->22826K(23168K) NonClass: 20028K(20224K)->20028K(20224K) Class: 2798K(2944K)->2798K(2944K)
[698.523s][info][gc             ] GC(1026) Pause Young (Allocation Failure) 1803M->1278M(1979M) 267.397ms
[698.523s][info][gc,cpu         ] GC(1026) User=0.27s Sys=0.00s Real=0.27s
[698.674s][info][gc,start       ] GC(1027) Pause Young (Allocation Failure)
[699.106s][info][gc,heap        ] GC(1027) DefNew: 617252K(629120K)->69888K(629120K) Eden: 559232K(559232K)->0K(559232K) From: 58020K(69888K)->69888K(69888K)
[699.106s][info][gc,heap        ] GC(1027) Tenured: 1250879K(1398144K)->1306886K(1398144K)
[699.106s][info][gc,metaspace   ] GC(1027) Metaspace: 22826K(23168K)->22826K(23168K) NonClass: 20028K(20224K)->20028K(20224K) Class: 2798K(2944K)->2798K(2944K)
[699.106s][info][gc             ] GC(1027) Pause Young (Allocation Failure) 1824M->1344M(1979M) 432.103ms
[699.106s][info][gc,cpu         ] GC(1027) User=0.44s Sys=0.00s Real=0.42s
[699.547s][info][gc,start       ] GC(1028) Pause Young (Allocation Failure)
[699.842s][info][gc,heap        ] GC(1028) DefNew: 629120K(629120K)->59259K(629120K) Eden: 559232K(559232K)->0K(559232K) From: 69888K(69888K)->59259K(69888K)
[699.842s][info][gc,heap        ] GC(1028) Tenured: 1306886K(1398144K)->1343702K(1398144K)
[699.842s][info][gc,metaspace   ] GC(1028) Metaspace: 22826K(23168K)->22826K(23168K) NonClass: 20028K(20224K)->20028K(20224K) Class: 2798K(2944K)->2798K(2944K)
[699.842s][info][gc             ] GC(1028) Pause Young (Allocation Failure) 1890M->1370M(1979M) 295.255ms
[699.842s][info][gc,cpu         ] GC(1028) User=0.28s Sys=0.00s Real=0.30s
[699.989s][info][gc,start       ] GC(1029) Pause Full (System.gc())
[699.989s][info][gc,phases,start] GC(1029) Phase 1: Mark live objects
[700.166s][info][gc,phases      ] GC(1029) Phase 1: Mark live objects 177.219ms
[700.166s][info][gc,phases,start] GC(1029) Phase 2: Compute new object addresses
[700.383s][info][gc,phases      ] GC(1029) Phase 2: Compute new object addresses 217.236ms
[700.383s][info][gc,phases,start] GC(1029) Phase 3: Adjust pointers
[700.451s][info][gc,phases      ] GC(1029) Phase 3: Adjust pointers 67.782ms
[700.451s][info][gc,phases,start] GC(1029) Phase 4: Move objects
[700.479s][info][gc,phases      ] GC(1029) Phase 4: Move objects 27.661ms
[700.479s][info][gc,heap        ] GC(1029) DefNew: 154545K(629120K)->0K(629120K) Eden: 95286K(559232K)->0K(559232K) From: 59259K(69888K)->0K(69888K)
[700.479s][info][gc,heap        ] GC(1029) Tenured: 1343702K(1398144K)->104971K(1398144K)
[700.479s][info][gc,metaspace   ] GC(1029) Metaspace: 22826K(23168K)->22826K(23168K) NonClass: 20028K(20224K)->20028K(20224K) Class: 2798K(2944K)->2798K(2944K)
[700.479s][info][gc             ] GC(1029) Pause Full (System.gc()) 1463M->102M(1979M) 490.587ms
[700.479s][info][gc,cpu         ] GC(1029) User=0.47s Sys=0.00s Real=0.49s
[700.654s][info][gc,start       ] GC(1030) Pause Young (Allocation Failure)
[700.984s][info][gc,heap        ] GC(1030) DefNew: 559232K(629120K)->69887K(629120K) Eden: 559232K(559232K)->0K(559232K) From: 0K(69888K)->69887K(69888K)
[700.984s][info][gc,heap        ] GC(1030) Tenured: 104971K(1398144K)->116343K(1398144K)
[700.984s][info][gc,metaspace   ] GC(1030) Metaspace: 22832K(23168K)->22832K(23168K) NonClass: 20034K(20224K)->20034K(20224K) Class: 2798K(2944K)->2798K(2944K)
[700.984s][info][gc             ] GC(1030) Pause Young (Allocation Failure) 648M->181M(1979M) 329.890ms
[700.984s][info][gc,cpu         ] GC(1030) User=0.33s Sys=0.00s Real=0.33s
[701.118s][info][gc,start       ] GC(1031) Pause Young (Allocation Failure)
[701.579s][info][gc,heap        ] GC(1031) DefNew: 629119K(629120K)->68965K(629120K) Eden: 559232K(559232K)->0K(559232K) From: 69887K(69888K)->68965K(69888K)
[701.579s][info][gc,heap        ] GC(1031) Tenured: 116343K(1398144K)->177434K(1398144K)
[701.580s][info][gc,metaspace   ] GC(1031) Metaspace: 22832K(23168K)->22832K(23168K) NonClass: 20034K(20224K)->20034K(20224K) Class: 2798K(2944K)->2798K(2944K)
[701.580s][info][gc             ] GC(1031) Pause Young (Allocation Failure) 727M->240M(1979M) 461.155ms
[701.580s][info][gc,cpu         ] GC(1031) User=0.45s Sys=0.00s Real=0.46s
[702.127s][info][gc,start       ] GC(1032) Pause Young (Allocation Failure)
[702.425s][info][gc,heap        ] GC(1032) DefNew: 628197K(629120K)->57413K(629120K) Eden: 559232K(559232K)->0K(559232K) From: 68965K(69888K)->57413K(69888K)
[702.425s][info][gc,heap        ] GC(1032) Tenured: 177434K(1398144K)->209106K(1398144K)
[702.425s][info][gc,metaspace   ] GC(1032) Metaspace: 22834K(23168K)->22834K(23168K) NonClass: 20035K(20224K)->20035K(20224K) Class: 2798K(2944K)->2798K(2944K)
[702.425s][info][gc             ] GC(1032) Pause Young (Allocation Failure) 786M->260M(1979M) 297.796ms
[702.425s][info][gc,cpu         ] GC(1032) User=0.30s Sys=0.00s Real=0.30s
[702.573s][info][gc,start       ] GC(1033) Pause Young (Allocation Failure)
[703.014s][info][gc,heap        ] GC(1033) DefNew: 616645K(629120K)->69887K(629120K) Eden: 559232K(559232K)->0K(559232K) From: 57413K(69888K)->69887K(69888K)
[703.014s][info][gc,heap        ] GC(1033) Tenured: 209106K(1398144K)->264819K(1398144K)
[703.014s][info][gc,metaspace   ] GC(1033) Metaspace: 22834K(23168K)->22834K(23168K) NonClass: 20035K(20224K)->20035K(20224K) Class: 2798K(2944K)->2798K(2944K)
[703.014s][info][gc             ] GC(1033) Pause Young (Allocation Failure) 806M->326M(1979M) 441.478ms
[703.014s][info][gc,cpu         ] GC(1033) User=0.41s Sys=0.00s Real=0.44s
[703.382s][info][gc,start       ] GC(1034) Pause Young (Allocation Failure)
[703.693s][info][gc,heap        ] GC(1034) DefNew: 629119K(629120K)->65628K(629120K) Eden: 559232K(559232K)->0K(559232K) From: 69887K(69888K)->65628K(69888K)
[703.693s][info][gc,heap        ] GC(1034) Tenured: 264819K(1398144K)->301382K(1398144K)
[703.693s][info][gc,metaspace   ] GC(1034) Metaspace: 22834K(23168K)->22834K(23168K) NonClass: 20035K(20224K)->20035K(20224K) Class: 2798K(2944K)->2798K(2944K)
[703.694s][info][gc             ] GC(1034) Pause Young (Allocation Failure) 872M->358M(1979M) 311.596ms
[703.694s][info][gc,cpu         ] GC(1034) User=0.31s Sys=0.00s Real=0.31s
[703.987s][info][gc,start       ] GC(1035) Pause Young (Allocation Failure)
[704.300s][info][gc,heap        ] GC(1035) DefNew: 624860K(629120K)->65925K(629120K) Eden: 559232K(559232K)->0K(559232K) From: 65628K(69888K)->65925K(69888K)
[704.300s][info][gc,heap        ] GC(1035) Tenured: 301382K(1398144K)->338452K(1398144K)
[704.300s][info][gc,metaspace   ] GC(1035) Metaspace: 22850K(23168K)->22850K(23168K) NonClass: 20051K(20224K)->20051K(20224K) Class: 2798K(2944K)->2798K(2944K)
[704.300s][info][gc             ] GC(1035) Pause Young (Allocation Failure) 904M->394M(1979M) 312.907ms
[704.300s][info][gc,cpu         ] GC(1035) User=0.30s Sys=0.00s Real=0.30s
[704.452s][info][gc,start       ] GC(1036) Pause Young (Allocation Failure)
[704.914s][info][gc,heap        ] GC(1036) DefNew: 625157K(629120K)->69888K(629120K) Eden: 559232K(559232K)->0K(559232K) From: 65925K(69888K)->69888K(69888K)
[704.914s][info][gc,heap        ] GC(1036) Tenured: 338452K(1398144K)->400610K(1398144K)
[704.914s][info][gc,metaspace   ] GC(1036) Metaspace: 22850K(23168K)->22850K(23168K) NonClass: 20051K(20224K)->20051K(20224K) Class: 2798K(2944K)->2798K(2944K)
[704.914s][info][gc             ] GC(1036) Pause Young (Allocation Failure) 941M->459M(1979M) 461.871ms
[704.914s][info][gc,cpu         ] GC(1036) User=0.45s Sys=0.00s Real=0.47s
[705.511s][info][gc,start       ] GC(1037) Pause Young (Allocation Failure)
[705.768s][info][gc,heap        ] GC(1037) DefNew: 629120K(629120K)->45325K(629120K) Eden: 559232K(559232K)->0K(559232K) From: 69888K(69888K)->45325K(69888K)
[705.768s][info][gc,heap        ] GC(1037) Tenured: 400610K(1398144K)->435766K(1398144K)
[705.768s][info][gc,metaspace   ] GC(1037) Metaspace: 22862K(23168K)->22862K(23168K) NonClass: 20064K(20224K)->20064K(20224K) Class: 2798K(2944K)->2798K(2944K)
[705.768s][info][gc             ] GC(1037) Pause Young (Allocation Failure) 1005M->469M(1979M) 257.576ms
[705.768s][info][gc,cpu         ] GC(1037) User=0.25s Sys=0.00s Real=0.25s
[705.912s][info][gc,start       ] GC(1038) Pause Young (Allocation Failure)
[706.316s][info][gc,heap        ] GC(1038) DefNew: 604557K(629120K)->69887K(629120K) Eden: 559232K(559232K)->0K(559232K) From: 45325K(69888K)->69887K(69888K)
[706.316s][info][gc,heap        ] GC(1038) Tenured: 435766K(1398144K)->484032K(1398144K)
[706.316s][info][gc,metaspace   ] GC(1038) Metaspace: 22862K(23168K)->22862K(23168K) NonClass: 20064K(20224K)->20064K(20224K) Class: 2798K(2944K)->2798K(2944K)
[706.316s][info][gc             ] GC(1038) Pause Young (Allocation Failure) 1015M->540M(1979M) 403.950ms
[706.316s][info][gc,cpu         ] GC(1038) User=0.38s Sys=0.00s Real=0.41s
[706.472s][info][gc,start       ] GC(1039) Pause Young (Allocation Failure)
[706.945s][info][gc,heap        ] GC(1039) DefNew: 629119K(629120K)->69887K(629120K) Eden: 559232K(559232K)->0K(559232K) From: 69887K(69888K)->69887K(69888K)
[706.945s][info][gc,heap        ] GC(1039) Tenured: 484032K(1398144K)->549199K(1398144K)
[706.945s][info][gc,metaspace   ] GC(1039) Metaspace: 22862K(23168K)->22862K(23168K) NonClass: 20064K(20224K)->20064K(20224K) Class: 2798K(2944K)->2798K(2944K)
[706.945s][info][gc             ] GC(1039) Pause Young (Allocation Failure) 1087M->604M(1979M) 473.395ms
[706.945s][info][gc,cpu         ] GC(1039) User=0.45s Sys=0.00s Real=0.47s
[707.436s][info][gc,start       ] GC(1040) Pause Young (Allocation Failure)
[707.755s][info][gc,heap        ] GC(1040) DefNew: 629119K(629120K)->60689K(629120K) Eden: 559232K(559232K)->0K(559232K) From: 69887K(69888K)->60689K(69888K)
[707.755s][info][gc,heap        ] GC(1040) Tenured: 549199K(1398144K)->584139K(1398144K)
[707.755s][info][gc,metaspace   ] GC(1040) Metaspace: 22866K(23168K)->22866K(23168K) NonClass: 20067K(20224K)->20067K(20224K) Class: 2798K(2944K)->2798K(2944K)
[707.755s][info][gc             ] GC(1040) Pause Young (Allocation Failure) 1150M->629M(1979M) 318.669ms
[707.755s][info][gc,cpu         ] GC(1040) User=0.30s Sys=0.00s Real=0.32s
[707.904s][info][gc,start       ] GC(1041) Pause Young (Allocation Failure)
[708.360s][info][gc,heap        ] GC(1041) DefNew: 619921K(629120K)->69887K(629120K) Eden: 559232K(559232K)->0K(559232K) From: 60689K(69888K)->69887K(69888K)
[708.360s][info][gc,heap        ] GC(1041) Tenured: 584139K(1398144K)->644526K(1398144K)
[708.360s][info][gc,metaspace   ] GC(1041) Metaspace: 22866K(23168K)->22866K(23168K) NonClass: 20067K(20224K)->20067K(20224K) Class: 2798K(2944K)->2798K(2944K)
[708.360s][info][gc             ] GC(1041) Pause Young (Allocation Failure) 1175M->697M(1979M) 455.965ms
[708.360s][info][gc,cpu         ] GC(1041) User=0.45s Sys=0.00s Real=0.45s
[708.827s][info][gc,start       ] GC(1042) Pause Young (Allocation Failure)
[709.112s][info][gc,heap        ] GC(1042) DefNew: 629119K(629120K)->55769K(629120K) Eden: 559232K(559232K)->0K(559232K) From: 69887K(69888K)->55769K(69888K)
[709.112s][info][gc,heap        ] GC(1042) Tenured: 644526K(1398144K)->680368K(1398144K)
[709.112s][info][gc,metaspace   ] GC(1042) Metaspace: 22866K(23168K)->22866K(23168K) NonClass: 20067K(20224K)->20067K(20224K) Class: 2798K(2944K)->2798K(2944K)
[709.112s][info][gc             ] GC(1042) Pause Young (Allocation Failure) 1243M->718M(1979M) 285.057ms
[709.112s][info][gc,cpu         ] GC(1042) User=0.27s Sys=0.02s Real=0.28s
[709.351s][info][gc,start       ] GC(1043) Pause Young (Allocation Failure)
[709.686s][info][gc,heap        ] GC(1043) DefNew: 615001K(629120K)->69887K(629120K) Eden: 559232K(559232K)->0K(559232K) From: 55769K(69888K)->69887K(69888K)
[709.686s][info][gc,heap        ] GC(1043) Tenured: 680368K(1398144K)->718850K(1398144K)
[709.686s][info][gc,metaspace   ] GC(1043) Metaspace: 22871K(23168K)->22871K(23168K) NonClass: 20072K(20224K)->20072K(20224K) Class: 2798K(2944K)->2798K(2944K)
[709.686s][info][gc             ] GC(1043) Pause Young (Allocation Failure) 1265M->770M(1979M) 335.045ms
[709.686s][info][gc,cpu         ] GC(1043) User=0.33s Sys=0.00s Real=0.35s
[709.827s][info][gc,start       ] GC(1044) Pause Young (Allocation Failure)
[710.296s][info][gc,heap        ] GC(1044) DefNew: 629119K(629120K)->69888K(629120K) Eden: 559232K(559232K)->0K(559232K) From: 69887K(69888K)->69888K(69888K)
[710.296s][info][gc,heap        ] GC(1044) Tenured: 718850K(1398144K)->784378K(1398144K)
[710.296s][info][gc,metaspace   ] GC(1044) Metaspace: 22871K(23168K)->22871K(23168K) NonClass: 20072K(20224K)->20072K(20224K) Class: 2798K(2944K)->2798K(2944K)
[710.296s][info][gc             ] GC(1044) Pause Young (Allocation Failure) 1316M->834M(1979M) 469.290ms
[710.296s][info][gc,cpu         ] GC(1044) User=0.48s Sys=0.00s Real=0.47s
[710.877s][info][gc,start       ] GC(1045) Pause Young (Allocation Failure)
[711.161s][info][gc,heap        ] GC(1045) DefNew: 629120K(629120K)->49806K(629120K) Eden: 559232K(559232K)->0K(559232K) From: 69888K(69888K)->49806K(69888K)
[711.161s][info][gc,heap        ] GC(1045) Tenured: 784378K(1398144K)->818115K(1398144K)
[711.161s][info][gc,metaspace   ] GC(1045) Metaspace: 22871K(23168K)->22871K(23168K) NonClass: 20072K(20224K)->20072K(20224K) Class: 2798K(2944K)->2798K(2944K)
[711.161s][info][gc             ] GC(1045) Pause Young (Allocation Failure) 1380M->847M(1979M) 283.118ms
[711.161s][info][gc,cpu         ] GC(1045) User=0.31s Sys=0.00s Real=0.28s
[711.312s][info][gc,start       ] GC(1046) Pause Young (Allocation Failure)
[711.743s][info][gc,heap        ] GC(1046) DefNew: 609038K(629120K)->69888K(629120K) Eden: 559232K(559232K)->0K(559232K) From: 49806K(69888K)->69888K(69888K)
[711.743s][info][gc,heap        ] GC(1046) Tenured: 818115K(1398144K)->867039K(1398144K)
[711.743s][info][gc,metaspace   ] GC(1046) Metaspace: 22871K(23168K)->22871K(23168K) NonClass: 20072K(20224K)->20072K(20224K) Class: 2798K(2944K)->2798K(2944K)
[711.743s][info][gc             ] GC(1046) Pause Young (Allocation Failure) 1393M->914M(1979M) 431.043ms
[711.743s][info][gc,cpu         ] GC(1046) User=0.41s Sys=0.00s Real=0.42s
[711.948s][info][gc,start       ] GC(1047) Pause Young (Allocation Failure)
[712.414s][info][gc,heap        ] GC(1047) DefNew: 629120K(629120K)->69888K(629120K) Eden: 559232K(559232K)->0K(559232K) From: 69888K(69888K)->69888K(69888K)
[712.414s][info][gc,heap        ] GC(1047) Tenured: 867039K(1398144K)->922410K(1398144K)
[712.414s][info][gc,metaspace   ] GC(1047) Metaspace: 22871K(23168K)->22871K(23168K) NonClass: 20072K(20224K)->20072K(20224K) Class: 2798K(2944K)->2798K(2944K)
[712.414s][info][gc             ] GC(1047) Pause Young (Allocation Failure) 1461M->969M(1979M) 465.602ms
[712.414s][info][gc,cpu         ] GC(1047) User=0.47s Sys=0.00s Real=0.46s
[712.928s][info][gc,start       ] GC(1048) Pause Young (Allocation Failure)
[713.242s][info][gc,heap        ] GC(1048) DefNew: 629120K(629120K)->63089K(629120K) Eden: 559232K(559232K)->0K(559232K) From: 69888K(69888K)->63089K(69888K)
[713.242s][info][gc,heap        ] GC(1048) Tenured: 922410K(1398144K)->955891K(1398144K)
[713.242s][info][gc,metaspace   ] GC(1048) Metaspace: 22871K(23168K)->22871K(23168K) NonClass: 20072K(20224K)->20072K(20224K) Class: 2798K(2944K)->2798K(2944K)
[713.242s][info][gc             ] GC(1048) Pause Young (Allocation Failure) 1515M->995M(1979M) 313.946ms
[713.242s][info][gc,cpu         ] GC(1048) User=0.30s Sys=0.00s Real=0.31s
[713.382s][info][gc,start       ] GC(1049) Pause Young (Allocation Failure)
[713.818s][info][gc,heap        ] GC(1049) DefNew: 622321K(629120K)->69888K(629120K) Eden: 559232K(559232K)->0K(559232K) From: 63089K(69888K)->69888K(69888K)
[713.818s][info][gc,heap        ] GC(1049) Tenured: 955891K(1398144K)->1013888K(1398144K)
[713.818s][info][gc,metaspace   ] GC(1049) Metaspace: 22871K(23168K)->22871K(23168K) NonClass: 20072K(20224K)->20072K(20224K) Class: 2798K(2944K)->2798K(2944K)
[713.818s][info][gc             ] GC(1049) Pause Young (Allocation Failure) 1541M->1058M(1979M) 435.940ms
[713.818s][info][gc,cpu         ] GC(1049) User=0.41s Sys=0.00s Real=0.42s
[714.312s][info][gc,start       ] GC(1050) Pause Young (Allocation Failure)
[714.580s][info][gc,heap        ] GC(1050) DefNew: 629120K(629120K)->52230K(629120K) Eden: 559232K(559232K)->0K(559232K) From: 69888K(69888K)->52230K(69888K)
[714.580s][info][gc,heap        ] GC(1050) Tenured: 1013888K(1398144K)->1049743K(1398144K)
[714.580s][info][gc,metaspace   ] GC(1050) Metaspace: 22871K(23168K)->22871K(23168K) NonClass: 20072K(20224K)->20072K(20224K) Class: 2798K(2944K)->2798K(2944K)
[714.581s][info][gc             ] GC(1050) Pause Young (Allocation Failure) 1604M->1076M(1979M) 268.868ms
[714.581s][info][gc,cpu         ] GC(1050) User=0.27s Sys=0.00s Real=0.28s
[714.963s][info][gc,start       ] GC(1051) Pause Young (Allocation Failure)
[715.256s][info][gc,heap        ] GC(1051) DefNew: 611462K(629120K)->62932K(629120K) Eden: 559232K(559232K)->0K(559232K) From: 52230K(69888K)->62932K(69888K)
[715.256s][info][gc,heap        ] GC(1051) Tenured: 1049743K(1398144K)->1083427K(1398144K)
[715.256s][info][gc,metaspace   ] GC(1051) Metaspace: 22871K(23168K)->22871K(23168K) NonClass: 20072K(20224K)->20072K(20224K) Class: 2798K(2944K)->2798K(2944K)
[715.256s][info][gc             ] GC(1051) Pause Young (Allocation Failure) 1622M->1119M(1979M) 292.371ms
[715.256s][info][gc,cpu         ] GC(1051) User=0.27s Sys=0.00s Real=0.30s
[715.407s][info][gc,start       ] GC(1052) Pause Young (Allocation Failure)
[715.866s][info][gc,heap        ] GC(1052) DefNew: 622164K(629120K)->69887K(629120K) Eden: 559232K(559232K)->0K(559232K) From: 62932K(69888K)->69887K(69888K)
[715.867s][info][gc,heap        ] GC(1052) Tenured: 1083427K(1398144K)->1141679K(1398144K)
[715.867s][info][gc,metaspace   ] GC(1052) Metaspace: 22871K(23168K)->22871K(23168K) NonClass: 20072K(20224K)->20072K(20224K) Class: 2798K(2944K)->2798K(2944K)
[715.867s][info][gc             ] GC(1052) Pause Young (Allocation Failure) 1665M->1183M(1979M) 459.855ms
[715.867s][info][gc,cpu         ] GC(1052) User=0.45s Sys=0.00s Real=0.46s
[716.449s][info][gc,start       ] GC(1053) Pause Young (Allocation Failure)
[716.766s][info][gc,heap        ] GC(1053) DefNew: 629119K(629120K)->58233K(629120K) Eden: 559232K(559232K)->0K(559232K) From: 69887K(69888K)->58233K(69888K)
[716.766s][info][gc,heap        ] GC(1053) Tenured: 1141679K(1398144K)->1178354K(1398144K)
[716.766s][info][gc,metaspace   ] GC(1053) Metaspace: 22871K(23168K)->22871K(23168K) NonClass: 20072K(20224K)->20072K(20224K) Class: 2798K(2944K)->2798K(2944K)
[716.766s][info][gc             ] GC(1053) Pause Young (Allocation Failure) 1729M->1207M(1979M) 317.776ms
[716.767s][info][gc,cpu         ] GC(1053) User=0.33s Sys=0.00s Real=0.31s
[716.909s][info][gc,start       ] GC(1054) Pause Young (Allocation Failure)
[717.331s][info][gc,heap        ] GC(1054) DefNew: 617465K(629120K)->69887K(629120K) Eden: 559232K(559232K)->0K(559232K) From: 58233K(69888K)->69887K(69888K)
[717.331s][info][gc,heap        ] GC(1054) Tenured: 1178354K(1398144K)->1233821K(1398144K)
[717.331s][info][gc,metaspace   ] GC(1054) Metaspace: 22871K(23168K)->22871K(23168K) NonClass: 20072K(20224K)->20072K(20224K) Class: 2798K(2944K)->2798K(2944K)
[717.332s][info][gc             ] GC(1054) Pause Young (Allocation Failure) 1753M->1273M(1979M) 422.875ms
[717.332s][info][gc,cpu         ] GC(1054) User=0.42s Sys=0.00s Real=0.42s
[717.641s][info][gc,start       ] GC(1055) Pause Young (Allocation Failure)
[718.027s][info][gc,heap        ] GC(1055) DefNew: 629119K(629120K)->69888K(629120K) Eden: 559232K(559232K)->0K(559232K) From: 69887K(69888K)->69888K(69888K)
[718.027s][info][gc,heap        ] GC(1055) Tenured: 1233821K(1398144K)->1277016K(1398144K)
[718.027s][info][gc,metaspace   ] GC(1055) Metaspace: 22871K(23168K)->22871K(23168K) NonClass: 20072K(20224K)->20072K(20224K) Class: 2798K(2944K)->2798K(2944K)
[718.027s][info][gc             ] GC(1055) Pause Young (Allocation Failure) 1819M->1315M(1979M) 386.242ms
[718.027s][info][gc,cpu         ] GC(1055) User=0.39s Sys=0.00s Real=0.39s
[718.325s][info][gc,start       ] GC(1056) Pause Full (System.gc())
[718.325s][info][gc,phases,start] GC(1056) Phase 1: Mark live objects
[718.503s][info][gc,phases      ] GC(1056) Phase 1: Mark live objects 178.658ms
[718.503s][info][gc,phases,start] GC(1056) Phase 2: Compute new object addresses
[718.738s][info][gc,phases      ] GC(1056) Phase 2: Compute new object addresses 234.018ms
[718.738s][info][gc,phases,start] GC(1056) Phase 3: Adjust pointers
[718.819s][info][gc,phases      ] GC(1056) Phase 3: Adjust pointers 81.051ms
[718.819s][info][gc,phases,start] GC(1056) Phase 4: Move objects
[718.853s][info][gc,phases      ] GC(1056) Phase 4: Move objects 33.932ms
[718.853s][info][gc,heap        ] GC(1056) DefNew: 263373K(629120K)->0K(629120K) Eden: 193485K(559232K)->0K(559232K) From: 69888K(69888K)->0K(69888K)
[718.853s][info][gc,heap        ] GC(1056) Tenured: 1277016K(1398144K)->165497K(1398144K)
[718.853s][info][gc,metaspace   ] GC(1056) Metaspace: 22871K(23168K)->22871K(23168K) NonClass: 20072K(20224K)->20072K(20224K) Class: 2798K(2944K)->2798K(2944K)
[718.853s][info][gc             ] GC(1056) Pause Full (System.gc()) 1504M->161M(1979M) 528.343ms
[718.853s][info][gc,cpu         ] GC(1056) User=0.39s Sys=0.02s Real=0.52s
[719.020s][info][gc,start       ] GC(1057) Pause Young (Allocation Failure)
[719.318s][info][gc,heap        ] GC(1057) DefNew: 559232K(629120K)->69888K(629120K) Eden: 559232K(559232K)->0K(559232K) From: 0K(69888K)->69888K(69888K)
[719.318s][info][gc,heap        ] GC(1057) Tenured: 165497K(1398144K)->172663K(1398144K)
[719.318s][info][gc,metaspace   ] GC(1057) Metaspace: 22873K(23168K)->22873K(23168K) NonClass: 20075K(20224K)->20075K(20224K) Class: 2798K(2944K)->2798K(2944K)
[719.319s][info][gc             ] GC(1057) Pause Young (Allocation Failure) 707M->236M(1979M) 298.688ms
[719.319s][info][gc,cpu         ] GC(1057) User=0.28s Sys=0.00s Real=0.30s
[719.469s][info][gc,start       ] GC(1058) Pause Young (Allocation Failure)
[719.956s][info][gc,heap        ] GC(1058) DefNew: 629120K(629120K)->69888K(629120K) Eden: 559232K(559232K)->0K(559232K) From: 69888K(69888K)->69888K(69888K)
[719.956s][info][gc,heap        ] GC(1058) Tenured: 172663K(1398144K)->243004K(1398144K)
[719.956s][info][gc,metaspace   ] GC(1058) Metaspace: 22873K(23168K)->22873K(23168K) NonClass: 20075K(20224K)->20075K(20224K) Class: 2798K(2944K)->2798K(2944K)
[719.956s][info][gc             ] GC(1058) Pause Young (Allocation Failure) 782M->305M(1979M) 486.596ms
[719.956s][info][gc,cpu         ] GC(1058) User=0.47s Sys=0.00s Real=0.49s
[720.451s][info][gc,start       ] GC(1059) Pause Young (Allocation Failure)
[720.784s][info][gc,heap        ] GC(1059) DefNew: 629120K(629120K)->63328K(629120K) Eden: 559232K(559232K)->0K(559232K) From: 69888K(69888K)->63328K(69888K)
[720.784s][info][gc,heap        ] GC(1059) Tenured: 243004K(1398144K)->280052K(1398144K)
[720.784s][info][gc,metaspace   ] GC(1059) Metaspace: 22873K(23168K)->22873K(23168K) NonClass: 20075K(20224K)->20075K(20224K) Class: 2798K(2944K)->2798K(2944K)
[720.784s][info][gc             ] GC(1059) Pause Young (Allocation Failure) 851M->335M(1979M) 332.365ms
[720.784s][info][gc,cpu         ] GC(1059) User=0.34s Sys=0.00s Real=0.35s
[720.937s][info][gc,start       ] GC(1060) Pause Young (Allocation Failure)
[721.387s][info][gc,heap        ] GC(1060) DefNew: 622560K(629120K)->69888K(629120K) Eden: 559232K(559232K)->0K(559232K) From: 63328K(69888K)->69888K(69888K)
[721.388s][info][gc,heap        ] GC(1060) Tenured: 280052K(1398144K)->343005K(1398144K)
[721.388s][info][gc,metaspace   ] GC(1060) Metaspace: 22873K(23168K)->22873K(23168K) NonClass: 20075K(20224K)->20075K(20224K) Class: 2798K(2944K)->2798K(2944K)
[721.388s][info][gc             ] GC(1060) Pause Young (Allocation Failure) 881M->403M(1979M) 450.187ms
[721.388s][info][gc,cpu         ] GC(1060) User=0.42s Sys=0.00s Real=0.46s
[721.828s][info][gc,start       ] GC(1061) Pause Young (Allocation Failure)
[722.105s][info][gc,heap        ] GC(1061) DefNew: 629120K(629120K)->53851K(629120K) Eden: 559232K(559232K)->0K(559232K) From: 69888K(69888K)->53851K(69888K)
[722.105s][info][gc,heap        ] GC(1061) Tenured: 343005K(1398144K)->378977K(1398144K)
[722.105s][info][gc,metaspace   ] GC(1061) Metaspace: 22873K(23168K)->22873K(23168K) NonClass: 20075K(20224K)->20075K(20224K) Class: 2798K(2944K)->2798K(2944K)
[722.105s][info][gc             ] GC(1061) Pause Young (Allocation Failure) 949M->422M(1979M) 277.139ms
[722.105s][info][gc,cpu         ] GC(1061) User=0.27s Sys=0.00s Real=0.28s
[722.325s][info][gc,start       ] GC(1062) Pause Young (Allocation Failure)
[722.645s][info][gc,heap        ] GC(1062) DefNew: 613083K(629120K)->66291K(629120K) Eden: 559232K(559232K)->0K(559232K) From: 53851K(69888K)->66291K(69888K)
[722.645s][info][gc,heap        ] GC(1062) Tenured: 378977K(1398144K)->417243K(1398144K)
[722.645s][info][gc,metaspace   ] GC(1062) Metaspace: 22873K(23168K)->22873K(23168K) NonClass: 20075K(20224K)->20075K(20224K) Class: 2798K(2944K)->2798K(2944K)
[722.645s][info][gc             ] GC(1062) Pause Young (Allocation Failure) 968M->472M(1979M) 320.589ms
[722.645s][info][gc,cpu         ] GC(1062) User=0.27s Sys=0.00s Real=0.33s
[722.795s][info][gc,start       ] GC(1063) Pause Young (Allocation Failure)
[723.268s][info][gc,heap        ] GC(1063) DefNew: 625523K(629120K)->69888K(629120K) Eden: 559232K(559232K)->0K(559232K) From: 66291K(69888K)->69888K(69888K)
[723.268s][info][gc,heap        ] GC(1063) Tenured: 417243K(1398144K)->480605K(1398144K)
[723.268s][info][gc,metaspace   ] GC(1063) Metaspace: 22873K(23168K)->22873K(23168K) NonClass: 20075K(20224K)->20075K(20224K) Class: 2798K(2944K)->2798K(2944K)
[723.268s][info][gc             ] GC(1063) Pause Young (Allocation Failure) 1018M->537M(1979M) 472.689ms
[723.268s][info][gc,cpu         ] GC(1063) User=0.47s Sys=0.00s Real=0.47s
[723.846s][info][gc,start       ] GC(1064) Pause Young (Allocation Failure)
[724.134s][info][gc,heap        ] GC(1064) DefNew: 629120K(629120K)->52092K(629120K) Eden: 559232K(559232K)->0K(559232K) From: 69888K(69888K)->52092K(69888K)
[724.134s][info][gc,heap        ] GC(1064) Tenured: 480605K(1398144K)->516978K(1398144K)
[724.134s][info][gc,metaspace   ] GC(1064) Metaspace: 22873K(23168K)->22873K(23168K) NonClass: 20075K(20224K)->20075K(20224K) Class: 2798K(2944K)->2798K(2944K)
[724.134s][info][gc             ] GC(1064) Pause Young (Allocation Failure) 1083M->555M(1979M) 288.494ms
[724.134s][info][gc,cpu         ] GC(1064) User=0.30s Sys=0.00s Real=0.28s
[724.272s][info][gc,start       ] GC(1065) Pause Young (Allocation Failure)
[724.691s][info][gc,heap        ] GC(1065) DefNew: 611324K(629120K)->69887K(629120K) Eden: 559232K(559232K)->0K(559232K) From: 52092K(69888K)->69887K(69888K)
[724.691s][info][gc,heap        ] GC(1065) Tenured: 516978K(1398144K)->565547K(1398144K)
[724.691s][info][gc,metaspace   ] GC(1065) Metaspace: 22873K(23168K)->22873K(23168K) NonClass: 20075K(20224K)->20075K(20224K) Class: 2798K(2944K)->2798K(2944K)
[724.691s][info][gc             ] GC(1065) Pause Young (Allocation Failure) 1101M->620M(1979M) 419.488ms
[724.691s][info][gc,cpu         ] GC(1065) User=0.36s Sys=0.00s Real=0.42s
[724.939s][info][gc,start       ] GC(1066) Pause Young (Allocation Failure)
[725.394s][info][gc,heap        ] GC(1066) DefNew: 629119K(629120K)->69888K(629120K) Eden: 559232K(559232K)->0K(559232K) From: 69887K(69888K)->69888K(69888K)
[725.394s][info][gc,heap        ] GC(1066) Tenured: 565547K(1398144K)->618730K(1398144K)
[725.394s][info][gc,metaspace   ] GC(1066) Metaspace: 22873K(23168K)->22873K(23168K) NonClass: 20075K(20224K)->20075K(20224K) Class: 2798K(2944K)->2798K(2944K)
[725.394s][info][gc             ] GC(1066) Pause Young (Allocation Failure) 1166M->672M(1979M) 454.709ms
[725.394s][info][gc,cpu         ] GC(1066) User=0.44s Sys=0.00s Real=0.46s
[725.875s][info][gc,start       ] GC(1067) Pause Young (Allocation Failure)
[726.178s][info][gc,heap        ] GC(1067) DefNew: 629120K(629120K)->60624K(629120K) Eden: 559232K(559232K)->0K(559232K) From: 69888K(69888K)->60624K(69888K)
[726.178s][info][gc,heap        ] GC(1067) Tenured: 618730K(1398144K)->653108K(1398144K)
[726.178s][info][gc,metaspace   ] GC(1067) Metaspace: 22873K(23168K)->22873K(23168K) NonClass: 20075K(20224K)->20075K(20224K) Class: 2798K(2944K)->2798K(2944K)
[726.178s][info][gc             ] GC(1067) Pause Young (Allocation Failure) 1218M->697M(1979M) 303.073ms
[726.178s][info][gc,cpu         ] GC(1067) User=0.31s Sys=0.00s Real=0.31s
[726.326s][info][gc,start       ] GC(1068) Pause Young (Allocation Failure)
[726.787s][info][gc,heap        ] GC(1068) DefNew: 619856K(629120K)->69887K(629120K) Eden: 559232K(559232K)->0K(559232K) From: 60624K(69888K)->69887K(69888K)
[726.787s][info][gc,heap        ] GC(1068) Tenured: 653108K(1398144K)->713577K(1398144K)
[726.787s][info][gc,metaspace   ] GC(1068) Metaspace: 22873K(23168K)->22873K(23168K) NonClass: 20075K(20224K)->20075K(20224K) Class: 2798K(2944K)->2798K(2944K)
[726.787s][info][gc             ] GC(1068) Pause Young (Allocation Failure) 1243M->765M(1979M) 461.271ms
[726.787s][info][gc,cpu         ] GC(1068) User=0.41s Sys=0.00s Real=0.46s
[727.271s][info][gc,start       ] GC(1069) Pause Young (Allocation Failure)
[727.545s][info][gc,heap        ] GC(1069) DefNew: 629119K(629120K)->52133K(629120K) Eden: 559232K(559232K)->0K(559232K) From: 69887K(69888K)->52133K(69888K)
[727.545s][info][gc,heap        ] GC(1069) Tenured: 713577K(1398144K)->749338K(1398144K)
[727.545s][info][gc,metaspace   ] GC(1069) Metaspace: 22873K(23168K)->22873K(23168K) NonClass: 20075K(20224K)->20075K(20224K) Class: 2798K(2944K)->2798K(2944K)
[727.545s][info][gc             ] GC(1069) Pause Young (Allocation Failure) 1311M->782M(1979M) 274.073ms
[727.545s][info][gc,cpu         ] GC(1069) User=0.27s Sys=0.00s Real=0.27s
[727.793s][info][gc,start       ] GC(1070) Pause Young (Allocation Failure)
[728.145s][info][gc,heap        ] GC(1070) DefNew: 611365K(629120K)->69887K(629120K) Eden: 559232K(559232K)->0K(559232K) From: 52133K(69888K)->69887K(69888K)
[728.145s][info][gc,heap        ] GC(1070) Tenured: 749338K(1398144K)->786064K(1398144K)
[728.145s][info][gc,metaspace   ] GC(1070) Metaspace: 22873K(23168K)->22873K(23168K) NonClass: 20075K(20224K)->20075K(20224K) Class: 2798K(2944K)->2798K(2944K)
[728.145s][info][gc             ] GC(1070) Pause Young (Allocation Failure) 1328M->835M(1979M) 351.396ms
[728.145s][info][gc,cpu         ] GC(1070) User=0.31s Sys=0.00s Real=0.35s
[728.297s][info][gc,start       ] GC(1071) Pause Young (Allocation Failure)
[728.782s][info][gc,heap        ] GC(1071) DefNew: 629119K(629120K)->69888K(629120K) Eden: 559232K(559232K)->0K(559232K) From: 69887K(69888K)->69888K(69888K)
[728.782s][info][gc,heap        ] GC(1071) Tenured: 786064K(1398144K)->852926K(1398144K)
[728.782s][info][gc,metaspace   ] GC(1071) Metaspace: 22873K(23168K)->22873K(23168K) NonClass: 20075K(20224K)->20075K(20224K) Class: 2798K(2944K)->2798K(2944K)
[728.782s][info][gc             ] GC(1071) Pause Young (Allocation Failure) 1382M->901M(1979M) 484.829ms
[728.782s][info][gc,cpu         ] GC(1071) User=0.48s Sys=0.00s Real=0.49s
[729.399s][info][gc,start       ] GC(1072) Pause Young (Allocation Failure)
[729.696s][info][gc,heap        ] GC(1072) DefNew: 629120K(629120K)->53494K(629120K) Eden: 559232K(559232K)->0K(559232K) From: 69888K(69888K)->53494K(69888K)
[729.696s][info][gc,heap        ] GC(1072) Tenured: 852926K(1398144K)->888442K(1398144K)
[729.696s][info][gc,metaspace   ] GC(1072) Metaspace: 22873K(23168K)->22873K(23168K) NonClass: 20075K(20224K)->20075K(20224K) Class: 2798K(2944K)->2798K(2944K)
[729.696s][info][gc             ] GC(1072) Pause Young (Allocation Failure) 1447M->919M(1979M) 297.526ms
[729.696s][info][gc,cpu         ] GC(1072) User=0.33s Sys=0.00s Real=0.30s
[729.843s][info][gc,start       ] GC(1073) Pause Young (Allocation Failure)
[730.262s][info][gc,heap        ] GC(1073) DefNew: 612726K(629120K)->69888K(629120K) Eden: 559232K(559232K)->0K(559232K) From: 53494K(69888K)->69888K(69888K)
[730.262s][info][gc,heap        ] GC(1073) Tenured: 888442K(1398144K)->940521K(1398144K)
[730.262s][info][gc,metaspace   ] GC(1073) Metaspace: 22873K(23168K)->22873K(23168K) NonClass: 20075K(20224K)->20075K(20224K) Class: 2798K(2944K)->2798K(2944K)
[730.262s][info][gc             ] GC(1073) Pause Young (Allocation Failure) 1465M->986M(1979M) 418.582ms
[730.262s][info][gc,cpu         ] GC(1073) User=0.42s Sys=0.00s Real=0.42s
[730.510s][info][gc,start       ] GC(1074) Pause Young (Allocation Failure)
[730.937s][info][gc,heap        ] GC(1074) DefNew: 629120K(629120K)->69887K(629120K) Eden: 559232K(559232K)->0K(559232K) From: 69888K(69888K)->69887K(69888K)
[730.937s][info][gc,heap        ] GC(1074) Tenured: 940521K(1398144K)->987047K(1398144K)
[730.937s][info][gc,metaspace   ] GC(1074) Metaspace: 22873K(23168K)->22873K(23168K) NonClass: 20075K(20224K)->20075K(20224K) Class: 2798K(2944K)->2798K(2944K)
[730.937s][info][gc             ] GC(1074) Pause Young (Allocation Failure) 1532M->1032M(1979M) 427.498ms
[730.937s][info][gc,cpu         ] GC(1074) User=0.42s Sys=0.00s Real=0.42s
[731.367s][info][gc,start       ] GC(1075) Pause Young (Allocation Failure)
[731.669s][info][gc,heap        ] GC(1075) DefNew: 629119K(629120K)->60202K(629120K) Eden: 559232K(559232K)->0K(559232K) From: 69887K(69888K)->60202K(69888K)
[731.669s][info][gc,heap        ] GC(1075) Tenured: 987047K(1398144K)->1022972K(1398144K)
[731.669s][info][gc,metaspace   ] GC(1075) Metaspace: 22875K(23168K)->22875K(23168K) NonClass: 20076K(20224K)->20076K(20224K) Class: 2798K(2944K)->2798K(2944K)
[731.669s][info][gc             ] GC(1075) Pause Young (Allocation Failure) 1578M->1057M(1979M) 302.033ms
[731.669s][info][gc,cpu         ] GC(1075) User=0.30s Sys=0.00s Real=0.31s
[731.813s][info][gc,start       ] GC(1076) Pause Young (Allocation Failure)
[732.251s][info][gc,heap        ] GC(1076) DefNew: 619434K(629120K)->69887K(629120K) Eden: 559232K(559232K)->0K(559232K) From: 60202K(69888K)->69887K(69888K)
[732.251s][info][gc,heap        ] GC(1076) Tenured: 1022972K(1398144K)->1079130K(1398144K)
[732.251s][info][gc,metaspace   ] GC(1076) Metaspace: 22875K(23168K)->22875K(23168K) NonClass: 20076K(20224K)->20076K(20224K) Class: 2798K(2944K)->2798K(2944K)
[732.251s][info][gc             ] GC(1076) Pause Young (Allocation Failure) 1603M->1122M(1979M) 438.067ms
[732.251s][info][gc,cpu         ] GC(1076) User=0.44s Sys=0.00s Real=0.44s
[732.800s][info][gc,start       ] GC(1077) Pause Young (Allocation Failure)
[733.041s][info][gc,heap        ] GC(1077) DefNew: 629119K(629120K)->42648K(629120K) Eden: 559232K(559232K)->0K(559232K) From: 69887K(69888K)->42648K(69888K)
[733.041s][info][gc,heap        ] GC(1077) Tenured: 1079130K(1398144K)->1114596K(1398144K)
[733.041s][info][gc,metaspace   ] GC(1077) Metaspace: 22875K(23168K)->22875K(23168K) NonClass: 20076K(20224K)->20076K(20224K) Class: 2798K(2944K)->2798K(2944K)
[733.041s][info][gc             ] GC(1077) Pause Young (Allocation Failure) 1668M->1130M(1979M) 241.100ms
[733.041s][info][gc,cpu         ] GC(1077) User=0.23s Sys=0.00s Real=0.25s
[733.191s][info][gc,start       ] GC(1078) Pause Young (Allocation Failure)
[733.559s][info][gc,heap        ] GC(1078) DefNew: 601880K(629120K)->69888K(629120K) Eden: 559232K(559232K)->0K(559232K) From: 42648K(69888K)->69888K(69888K)
[733.559s][info][gc,heap        ] GC(1078) Tenured: 1114596K(1398144K)->1159744K(1398144K)
[733.559s][info][gc,metaspace   ] GC(1078) Metaspace: 22875K(23168K)->22875K(23168K) NonClass: 20076K(20224K)->20076K(20224K) Class: 2798K(2944K)->2798K(2944K)
[733.560s][info][gc             ] GC(1078) Pause Young (Allocation Failure) 1676M->1200M(1979M) 368.788ms
[733.560s][info][gc,cpu         ] GC(1078) User=0.38s Sys=0.00s Real=0.38s
[733.710s][info][gc,start       ] GC(1079) Pause Young (Allocation Failure)
[734.194s][info][gc,heap        ] GC(1079) DefNew: 629120K(629120K)->69887K(629120K) Eden: 559232K(559232K)->0K(559232K) From: 69888K(69888K)->69887K(69888K)
[734.194s][info][gc,heap        ] GC(1079) Tenured: 1159744K(1398144K)->1227117K(1398144K)
[734.194s][info][gc,metaspace   ] GC(1079) Metaspace: 22875K(23168K)->22875K(23168K) NonClass: 20076K(20224K)->20076K(20224K) Class: 2798K(2944K)->2798K(2944K)
[734.194s][info][gc             ] GC(1079) Pause Young (Allocation Failure) 1746M->1266M(1979M) 483.592ms
[734.194s][info][gc,cpu         ] GC(1079) User=0.48s Sys=0.00s Real=0.49s
[734.720s][info][gc,start       ] GC(1080) Pause Young (Allocation Failure)
[735.018s][info][gc,heap        ] GC(1080) DefNew: 629119K(629120K)->58732K(629120K) Eden: 559232K(559232K)->0K(559232K) From: 69887K(69888K)->58732K(69888K)
[735.018s][info][gc,heap        ] GC(1080) Tenured: 1227117K(1398144K)->1260013K(1398144K)
[735.018s][info][gc,metaspace   ] GC(1080) Metaspace: 22875K(23168K)->22875K(23168K) NonClass: 20076K(20224K)->20076K(20224K) Class: 2798K(2944K)->2798K(2944K)
[735.018s][info][gc             ] GC(1080) Pause Young (Allocation Failure) 1812M->1287M(1979M) 297.748ms
[735.018s][info][gc,cpu         ] GC(1080) User=0.33s Sys=0.00s Real=0.30s
[735.168s][info][gc,start       ] GC(1081) Pause Young (Allocation Failure)
[735.605s][info][gc,heap        ] GC(1081) DefNew: 617964K(629120K)->69888K(629120K) Eden: 559232K(559232K)->0K(559232K) From: 58732K(69888K)->69888K(69888K)
[735.605s][info][gc,heap        ] GC(1081) Tenured: 1260013K(1398144K)->1317943K(1398144K)
[735.605s][info][gc,metaspace   ] GC(1081) Metaspace: 22875K(23168K)->22875K(23168K) NonClass: 20076K(20224K)->20076K(20224K) Class: 2798K(2944K)->2798K(2944K)
[735.605s][info][gc             ] GC(1081) Pause Young (Allocation Failure) 1833M->1355M(1979M) 437.105ms
[735.605s][info][gc,cpu         ] GC(1081) User=0.42s Sys=0.00s Real=0.44s
[735.996s][info][gc,start       ] GC(1082) Pause Young (Allocation Failure)
[736.300s][info][gc,heap        ] GC(1082) DefNew: 629120K(629120K)->62226K(629120K) Eden: 559232K(559232K)->0K(559232K) From: 69888K(69888K)->62226K(69888K)
[736.300s][info][gc,heap        ] GC(1082) Tenured: 1317943K(1398144K)->1353756K(1398144K)
[736.300s][info][gc,metaspace   ] GC(1082) Metaspace: 22875K(23168K)->22875K(23168K) NonClass: 20076K(20224K)->20076K(20224K) Class: 2798K(2944K)->2798K(2944K)
[736.300s][info][gc             ] GC(1082) Pause Young (Allocation Failure) 1901M->1382M(1979M) 303.680ms
[736.300s][info][gc,cpu         ] GC(1082) User=0.28s Sys=0.00s Real=0.30s
[736.504s][info][gc,start       ] GC(1083) Pause Full (System.gc())
[736.504s][info][gc,phases,start] GC(1083) Phase 1: Mark live objects
[736.672s][info][gc,phases      ] GC(1083) Phase 1: Mark live objects 167.890ms
[736.672s][info][gc,phases,start] GC(1083) Phase 2: Compute new object addresses
[736.897s][info][gc,phases      ] GC(1083) Phase 2: Compute new object addresses 225.048ms
[736.897s][info][gc,phases,start] GC(1083) Phase 3: Adjust pointers
[736.966s][info][gc,phases      ] GC(1083) Phase 3: Adjust pointers 69.213ms
[736.967s][info][gc,phases,start] GC(1083) Phase 4: Move objects
[736.997s][info][gc,phases      ] GC(1083) Phase 4: Move objects 30.032ms
[736.997s][info][gc,heap        ] GC(1083) DefNew: 200621K(629120K)->0K(629120K) Eden: 138394K(559232K)->0K(559232K) From: 62226K(69888K)->0K(69888K)
[736.997s][info][gc,heap        ] GC(1083) Tenured: 1353756K(1398144K)->156091K(1398144K)
[736.997s][info][gc,metaspace   ] GC(1083) Metaspace: 22875K(23168K)->22875K(23168K) NonClass: 20076K(20224K)->20076K(20224K) Class: 2798K(2944K)->2798K(2944K)
[736.997s][info][gc             ] GC(1083) Pause Full (System.gc()) 1517M->152M(1979M) 492.873ms
[736.997s][info][gc,cpu         ] GC(1083) User=0.45s Sys=0.00s Real=0.49s
[737.157s][info][gc,start       ] GC(1084) Pause Young (Allocation Failure)
[737.456s][info][gc,heap        ] GC(1084) DefNew: 559232K(629120K)->69887K(629120K) Eden: 559232K(559232K)->0K(559232K) From: 0K(69888K)->69887K(69888K)
[737.456s][info][gc,heap        ] GC(1084) Tenured: 156091K(1398144K)->158944K(1398144K)
[737.456s][info][gc,metaspace   ] GC(1084) Metaspace: 22875K(23168K)->22875K(23168K) NonClass: 20076K(20224K)->20076K(20224K) Class: 2798K(2944K)->2798K(2944K)
[737.456s][info][gc             ] GC(1084) Pause Young (Allocation Failure) 698M->223M(1979M) 299.498ms
[737.456s][info][gc,cpu         ] GC(1084) User=0.30s Sys=0.00s Real=0.30s
[737.612s][info][gc,start       ] GC(1085) Pause Young (Allocation Failure)
[738.087s][info][gc,heap        ] GC(1085) DefNew: 629119K(629120K)->69888K(629120K) Eden: 559232K(559232K)->0K(559232K) From: 69887K(69888K)->69888K(69888K)
[738.087s][info][gc,heap        ] GC(1085) Tenured: 158944K(1398144K)->225220K(1398144K)
[738.087s][info][gc,metaspace   ] GC(1085) Metaspace: 22875K(23168K)->22875K(23168K) NonClass: 20076K(20224K)->20076K(20224K) Class: 2798K(2944K)->2798K(2944K)
[738.087s][info][gc             ] GC(1085) Pause Young (Allocation Failure) 769M->288M(1979M) 475.245ms
[738.087s][info][gc,cpu         ] GC(1085) User=0.47s Sys=0.00s Real=0.47s
[738.637s][info][gc,start       ] GC(1086) Pause Young (Allocation Failure)
[738.952s][info][gc,heap        ] GC(1086) DefNew: 629120K(629120K)->64109K(629120K) Eden: 559232K(559232K)->0K(559232K) From: 69888K(69888K)->64109K(69888K)
[738.952s][info][gc,heap        ] GC(1086) Tenured: 225220K(1398144K)->261382K(1398144K)
[738.952s][info][gc,metaspace   ] GC(1086) Metaspace: 22875K(23168K)->22875K(23168K) NonClass: 20076K(20224K)->20076K(20224K) Class: 2798K(2944K)->2798K(2944K)
[738.952s][info][gc             ] GC(1086) Pause Young (Allocation Failure) 834M->317M(1979M) 314.776ms
[738.952s][info][gc,cpu         ] GC(1086) User=0.31s Sys=0.00s Real=0.32s
[739.092s][info][gc,start       ] GC(1087) Pause Young (Allocation Failure)
[739.519s][info][gc,heap        ] GC(1087) DefNew: 623341K(629120K)->69887K(629120K) Eden: 559232K(559232K)->0K(559232K) From: 64109K(69888K)->69887K(69888K)
[739.519s][info][gc,heap        ] GC(1087) Tenured: 261382K(1398144K)->321061K(1398144K)
[739.519s][info][gc,metaspace   ] GC(1087) Metaspace: 22875K(23168K)->22875K(23168K) NonClass: 20076K(20224K)->20076K(20224K) Class: 2798K(2944K)->2798K(2944K)
[739.519s][info][gc             ] GC(1087) Pause Young (Allocation Failure) 863M->381M(1979M) 426.871ms
[739.519s][info][gc,cpu         ] GC(1087) User=0.38s Sys=0.00s Real=0.42s
[739.906s][info][gc,start       ] GC(1088) Pause Young (Allocation Failure)
[740.201s][info][gc,heap        ] GC(1088) DefNew: 629119K(629120K)->60725K(629120K) Eden: 559232K(559232K)->0K(559232K) From: 69887K(69888K)->60725K(69888K)
[740.201s][info][gc,heap        ] GC(1088) Tenured: 321061K(1398144K)->355823K(1398144K)
[740.201s][info][gc,metaspace   ] GC(1088) Metaspace: 22875K(23168K)->22875K(23168K) NonClass: 20076K(20224K)->20076K(20224K) Class: 2798K(2944K)->2798K(2944K)
[740.201s][info][gc             ] GC(1088) Pause Young (Allocation Failure) 927M->406M(1979M) 294.907ms
[740.201s][info][gc,cpu         ] GC(1088) User=0.27s Sys=0.00s Real=0.30s
[740.540s][info][gc,start       ] GC(1089) Pause Young (Allocation Failure)
[740.892s][info][gc,heap        ] GC(1089) DefNew: 619957K(629120K)->69887K(629120K) Eden: 559232K(559232K)->0K(559232K) From: 60725K(69888K)->69887K(69888K)
[740.892s][info][gc,heap        ] GC(1089) Tenured: 355823K(1398144K)->393989K(1398144K)
[740.892s][info][gc,metaspace   ] GC(1089) Metaspace: 22875K(23168K)->22875K(23168K) NonClass: 20076K(20224K)->20076K(20224K) Class: 2798K(2944K)->2798K(2944K)
[740.892s][info][gc             ] GC(1089) Pause Young (Allocation Failure) 952M->453M(1979M) 351.930ms
[740.892s][info][gc,cpu         ] GC(1089) User=0.34s Sys=0.00s Real=0.36s
[741.039s][info][gc,start       ] GC(1090) Pause Young (Allocation Failure)
[741.517s][info][gc,heap        ] GC(1090) DefNew: 629119K(629120K)->69888K(629120K) Eden: 559232K(559232K)->0K(559232K) From: 69887K(69888K)->69888K(69888K)
[741.517s][info][gc,heap        ] GC(1090) Tenured: 393989K(1398144K)->460579K(1398144K)
[741.517s][info][gc,metaspace   ] GC(1090) Metaspace: 22875K(23168K)->22875K(23168K) NonClass: 20076K(20224K)->20076K(20224K) Class: 2798K(2944K)->2798K(2944K)
[741.517s][info][gc             ] GC(1090) Pause Young (Allocation Failure) 999M->518M(1979M) 477.513ms
[741.517s][info][gc,cpu         ] GC(1090) User=0.39s Sys=0.03s Real=0.47s
[742.150s][info][gc,start       ] GC(1091) Pause Young (Allocation Failure)
[742.453s][info][gc,heap        ] GC(1091) DefNew: 629120K(629120K)->53195K(629120K) Eden: 559232K(559232K)->0K(559232K) From: 69888K(69888K)->53195K(69888K)
[742.453s][info][gc,heap        ] GC(1091) Tenured: 460579K(1398144K)->498145K(1398144K)
[742.453s][info][gc,metaspace   ] GC(1091) Metaspace: 22875K(23168K)->22875K(23168K) NonClass: 20076K(20224K)->20076K(20224K) Class: 2798K(2944K)->2798K(2944K)
[742.453s][info][gc             ] GC(1091) Pause Young (Allocation Failure) 1064M->538M(1979M) 303.864ms
[742.453s][info][gc,cpu         ] GC(1091) User=0.31s Sys=0.00s Real=0.32s
[742.601s][info][gc,start       ] GC(1092) Pause Young (Allocation Failure)
[743.038s][info][gc,heap        ] GC(1092) DefNew: 612427K(629120K)->69888K(629120K) Eden: 559232K(559232K)->0K(559232K) From: 53195K(69888K)->69888K(69888K)
[743.038s][info][gc,heap        ] GC(1092) Tenured: 498145K(1398144K)->552011K(1398144K)
[743.038s][info][gc,metaspace   ] GC(1092) Metaspace: 22875K(23168K)->22875K(23168K) NonClass: 20076K(20224K)->20076K(20224K) Class: 2798K(2944K)->2798K(2944K)
[743.038s][info][gc             ] GC(1092) Pause Young (Allocation Failure) 1084M->607M(1979M) 437.235ms
[743.038s][info][gc,cpu         ] GC(1092) User=0.44s Sys=0.00s Real=0.44s
[743.293s][info][gc,start       ] GC(1093) Pause Young (Allocation Failure)
[743.716s][info][gc,heap        ] GC(1093) DefNew: 629120K(629120K)->69887K(629120K) Eden: 559232K(559232K)->0K(559232K) From: 69888K(69888K)->69887K(69888K)
[743.716s][info][gc,heap        ] GC(1093) Tenured: 552011K(1398144K)->598098K(1398144K)
[743.716s][info][gc,metaspace   ] GC(1093) Metaspace: 22875K(23168K)->22875K(23168K) NonClass: 20076K(20224K)->20076K(20224K) Class: 2798K(2944K)->2798K(2944K)
[743.716s][info][gc             ] GC(1093) Pause Young (Allocation Failure) 1153M->652M(1979M) 423.315ms
[743.716s][info][gc,cpu         ] GC(1093) User=0.39s Sys=0.00s Real=0.42s
[744.144s][info][gc,start       ] GC(1094) Pause Young (Allocation Failure)
[744.443s][info][gc,heap        ] GC(1094) DefNew: 629119K(629120K)->60284K(629120K) Eden: 559232K(559232K)->0K(559232K) From: 69887K(69888K)->60284K(69888K)
[744.443s][info][gc,heap        ] GC(1094) Tenured: 598098K(1398144K)->632928K(1398144K)
[744.443s][info][gc,metaspace   ] GC(1094) Metaspace: 22875K(23168K)->22875K(23168K) NonClass: 20076K(20224K)->20076K(20224K) Class: 2798K(2944K)->2798K(2944K)
[744.443s][info][gc             ] GC(1094) Pause Young (Allocation Failure) 1198M->676M(1979M) 298.654ms
[744.443s][info][gc,cpu         ] GC(1094) User=0.30s Sys=0.00s Real=0.30s
[744.591s][info][gc,start       ] GC(1095) Pause Young (Allocation Failure)
[745.034s][info][gc,heap        ] GC(1095) DefNew: 619516K(629120K)->69888K(629120K) Eden: 559232K(559232K)->0K(559232K) From: 60284K(69888K)->69888K(69888K)
[745.034s][info][gc,heap        ] GC(1095) Tenured: 632928K(1398144K)->689347K(1398144K)
[745.034s][info][gc,metaspace   ] GC(1095) Metaspace: 22875K(23168K)->22875K(23168K) NonClass: 20076K(20224K)->20076K(20224K) Class: 2798K(2944K)->2798K(2944K)
[745.034s][info][gc             ] GC(1095) Pause Young (Allocation Failure) 1223M->741M(1979M) 442.765ms
[745.034s][info][gc,cpu         ] GC(1095) User=0.42s Sys=0.00s Real=0.44s
[745.601s][info][gc,start       ] GC(1096) Pause Young (Allocation Failure)
[745.850s][info][gc,heap        ] GC(1096) DefNew: 629120K(629120K)->43292K(629120K) Eden: 559232K(559232K)->0K(559232K) From: 69888K(69888K)->43292K(69888K)
[745.850s][info][gc,heap        ] GC(1096) Tenured: 689347K(1398144K)->726543K(1398144K)
[745.850s][info][gc,metaspace   ] GC(1096) Metaspace: 22875K(23168K)->22875K(23168K) NonClass: 20076K(20224K)->20076K(20224K) Class: 2798K(2944K)->2798K(2944K)
[745.850s][info][gc             ] GC(1096) Pause Young (Allocation Failure) 1287M->751M(1979M) 248.878ms
[745.850s][info][gc,cpu         ] GC(1096) User=0.23s Sys=0.00s Real=0.25s
[746.024s][info][gc,start       ] GC(1097) Pause Young (Allocation Failure)
[746.389s][info][gc,heap        ] GC(1097) DefNew: 602524K(629120K)->69888K(629120K) Eden: 559232K(559232K)->0K(559232K) From: 43292K(69888K)->69888K(69888K)
[746.390s][info][gc,heap        ] GC(1097) Tenured: 726543K(1398144K)->770423K(1398144K)
[746.390s][info][gc,metaspace   ] GC(1097) Metaspace: 22875K(23168K)->22875K(23168K) NonClass: 20076K(20224K)->20076K(20224K) Class: 2798K(2944K)->2798K(2944K)
[746.390s][info][gc             ] GC(1097) Pause Young (Allocation Failure) 1297M->820M(1979M) 365.462ms
[746.390s][info][gc,cpu         ] GC(1097) User=0.34s Sys=0.00s Real=0.36s
[746.538s][info][gc,start       ] GC(1098) Pause Young (Allocation Failure)
[747.015s][info][gc,heap        ] GC(1098) DefNew: 629120K(629120K)->69887K(629120K) Eden: 559232K(559232K)->0K(559232K) From: 69888K(69888K)->69887K(69888K)
[747.015s][info][gc,heap        ] GC(1098) Tenured: 770423K(1398144K)->835789K(1398144K)
[747.015s][info][gc,metaspace   ] GC(1098) Metaspace: 22875K(23168K)->22875K(23168K) NonClass: 20076K(20224K)->20076K(20224K) Class: 2798K(2944K)->2798K(2944K)
[747.015s][info][gc             ] GC(1098) Pause Young (Allocation Failure) 1366M->884M(1979M) 477.115ms
[747.015s][info][gc,cpu         ] GC(1098) User=0.48s Sys=0.00s Real=0.49s
[747.515s][info][gc,start       ] GC(1099) Pause Young (Allocation Failure)
[747.817s][info][gc,heap        ] GC(1099) DefNew: 629119K(629120K)->57388K(629120K) Eden: 559232K(559232K)->0K(559232K) From: 69887K(69888K)->57388K(69888K)
[747.817s][info][gc,heap        ] GC(1099) Tenured: 835789K(1398144K)->871726K(1398144K)
[747.817s][info][gc,metaspace   ] GC(1099) Metaspace: 22878K(23168K)->22878K(23168K) NonClass: 20079K(20224K)->20079K(20224K) Class: 2798K(2944K)->2798K(2944K)
[747.817s][info][gc             ] GC(1099) Pause Young (Allocation Failure) 1430M->907M(1979M) 302.875ms
[747.818s][info][gc,cpu         ] GC(1099) User=0.31s Sys=0.00s Real=0.31s
[747.959s][info][gc,start       ] GC(1100) Pause Young (Allocation Failure)
[748.386s][info][gc,heap        ] GC(1100) DefNew: 616620K(629120K)->69888K(629120K) Eden: 559232K(559232K)->0K(559232K) From: 57388K(69888K)->69888K(69888K)
[748.386s][info][gc,heap        ] GC(1100) Tenured: 871726K(1398144K)->924939K(1398144K)
[748.386s][info][gc,metaspace   ] GC(1100) Metaspace: 22878K(23168K)->22878K(23168K) NonClass: 20079K(20224K)->20079K(20224K) Class: 2798K(2944K)->2798K(2944K)
[748.386s][info][gc             ] GC(1100) Pause Young (Allocation Failure) 1453M->971M(1979M) 426.319ms
[748.386s][info][gc,cpu         ] GC(1100) User=0.39s Sys=0.00s Real=0.42s
[748.766s][info][gc,start       ] GC(1101) Pause Young (Allocation Failure)
[749.089s][info][gc,heap        ] GC(1101) DefNew: 629120K(629120K)->68647K(629120K) Eden: 559232K(559232K)->0K(559232K) From: 69888K(69888K)->68647K(69888K)
[749.089s][info][gc,heap        ] GC(1101) Tenured: 924939K(1398144K)->960315K(1398144K)
[749.089s][info][gc,metaspace   ] GC(1101) Metaspace: 22878K(23168K)->22878K(23168K) NonClass: 20079K(20224K)->20079K(20224K) Class: 2798K(2944K)->2798K(2944K)
[749.089s][info][gc             ] GC(1101) Pause Young (Allocation Failure) 1517M->1004M(1979M) 323.549ms
[749.089s][info][gc,cpu         ] GC(1101) User=0.31s Sys=0.00s Real=0.33s
[749.414s][info][gc,start       ] GC(1102) Pause Young (Allocation Failure)
[749.722s][info][gc,heap        ] GC(1102) DefNew: 627879K(629120K)->65397K(629120K) Eden: 559232K(559232K)->0K(559232K) From: 68647K(69888K)->65397K(69888K)
[749.722s][info][gc,heap        ] GC(1102) Tenured: 960315K(1398144K)->998486K(1398144K)
[749.722s][info][gc,metaspace   ] GC(1102) Metaspace: 22878K(23168K)->22878K(23168K) NonClass: 20079K(20224K)->20079K(20224K) Class: 2798K(2944K)->2798K(2944K)
[749.722s][info][gc             ] GC(1102) Pause Young (Allocation Failure) 1550M->1038M(1979M) 307.872ms
[749.722s][info][gc,cpu         ] GC(1102) User=0.30s Sys=0.00s Real=0.31s
[749.871s][info][gc,start       ] GC(1103) Pause Young (Allocation Failure)
[750.312s][info][gc,heap        ] GC(1103) DefNew: 624629K(629120K)->69887K(629120K) Eden: 559232K(559232K)->0K(559232K) From: 65397K(69888K)->69887K(69888K)
[750.312s][info][gc,heap        ] GC(1103) Tenured: 998486K(1398144K)->1056850K(1398144K)
[750.312s][info][gc,metaspace   ] GC(1103) Metaspace: 22878K(23168K)->22878K(23168K) NonClass: 20079K(20224K)->20079K(20224K) Class: 2798K(2944K)->2798K(2944K)
[750.312s][info][gc             ] GC(1103) Pause Young (Allocation Failure) 1585M->1100M(1979M) 440.721ms
[750.312s][info][gc,cpu         ] GC(1103) User=0.44s Sys=0.00s Real=0.44s
[750.909s][info][gc,start       ] GC(1104) Pause Young (Allocation Failure)
[751.158s][info][gc,heap        ] GC(1104) DefNew: 629119K(629120K)->41541K(629120K) Eden: 559232K(559232K)->0K(559232K) From: 69887K(69888K)->41541K(69888K)
[751.158s][info][gc,heap        ] GC(1104) Tenured: 1056850K(1398144K)->1091894K(1398144K)
[751.158s][info][gc,metaspace   ] GC(1104) Metaspace: 22878K(23168K)->22878K(23168K) NonClass: 20079K(20224K)->20079K(20224K) Class: 2798K(2944K)->2798K(2944K)
[751.158s][info][gc             ] GC(1104) Pause Young (Allocation Failure) 1646M->1106M(1979M) 249.399ms
[751.158s][info][gc,cpu         ] GC(1104) User=0.20s Sys=0.05s Real=0.25s
[751.301s][info][gc,start       ] GC(1105) Pause Young (Allocation Failure)
[751.689s][info][gc,heap        ] GC(1105) DefNew: 600773K(629120K)->69888K(629120K) Eden: 559232K(559232K)->0K(559232K) From: 41541K(69888K)->69888K(69888K)
[751.689s][info][gc,heap        ] GC(1105) Tenured: 1091894K(1398144K)->1134030K(1398144K)
[751.689s][info][gc,metaspace   ] GC(1105) Metaspace: 22878K(23168K)->22878K(23168K) NonClass: 20079K(20224K)->20079K(20224K) Class: 2798K(2944K)->2798K(2944K)
[751.689s][info][gc             ] GC(1105) Pause Young (Allocation Failure) 1652M->1175M(1979M) 387.785ms
[751.689s][info][gc,cpu         ] GC(1105) User=0.39s Sys=0.00s Real=0.39s
[751.835s][info][gc,start       ] GC(1106) Pause Young (Allocation Failure)
[752.304s][info][gc,heap        ] GC(1106) DefNew: 629120K(629120K)->69887K(629120K) Eden: 559232K(559232K)->0K(559232K) From: 69888K(69888K)->69887K(69888K)
[752.304s][info][gc,heap        ] GC(1106) Tenured: 1134030K(1398144K)->1197723K(1398144K)
[752.304s][info][gc,metaspace   ] GC(1106) Metaspace: 22878K(23168K)->22878K(23168K) NonClass: 20079K(20224K)->20079K(20224K) Class: 2798K(2944K)->2798K(2944K)
[752.304s][info][gc             ] GC(1106) Pause Young (Allocation Failure) 1721M->1237M(1979M) 469.338ms
[752.304s][info][gc,cpu         ] GC(1106) User=0.44s Sys=0.00s Real=0.45s
[752.902s][info][gc,start       ] GC(1107) Pause Young (Allocation Failure)
[753.202s][info][gc,heap        ] GC(1107) DefNew: 629119K(629120K)->62198K(629120K) Eden: 559232K(559232K)->0K(559232K) From: 69887K(69888K)->62198K(69888K)
[753.202s][info][gc,heap        ] GC(1107) Tenured: 1197723K(1398144K)->1231396K(1398144K)
[753.202s][info][gc,metaspace   ] GC(1107) Metaspace: 22878K(23168K)->22878K(23168K) NonClass: 20079K(20224K)->20079K(20224K) Class: 2798K(2944K)->2798K(2944K)
[753.203s][info][gc             ] GC(1107) Pause Young (Allocation Failure) 1784M->1263M(1979M) 300.282ms
[753.203s][info][gc,cpu         ] GC(1107) User=0.28s Sys=0.02s Real=0.30s
[753.352s][info][gc,start       ] GC(1108) Pause Young (Allocation Failure)
[753.780s][info][gc,heap        ] GC(1108) DefNew: 621430K(629120K)->69887K(629120K) Eden: 559232K(559232K)->0K(559232K) From: 62198K(69888K)->69887K(69888K)
[753.780s][info][gc,heap        ] GC(1108) Tenured: 1231396K(1398144K)->1292238K(1398144K)
[753.780s][info][gc,metaspace   ] GC(1108) Metaspace: 22878K(23168K)->22878K(23168K) NonClass: 20079K(20224K)->20079K(20224K) Class: 2798K(2944K)->2798K(2944K)
[753.780s][info][gc             ] GC(1108) Pause Young (Allocation Failure) 1809M->1330M(1979M) 428.352ms
[753.780s][info][gc,cpu         ] GC(1108) User=0.42s Sys=0.00s Real=0.43s
[754.160s][info][gc,start       ] GC(1109) Pause Young (Allocation Failure)
[754.450s][info][gc,heap        ] GC(1109) DefNew: 629119K(629120K)->56831K(629120K) Eden: 559232K(559232K)->0K(559232K) From: 69887K(69888K)->56831K(69888K)
[754.450s][info][gc,heap        ] GC(1109) Tenured: 1292238K(1398144K)->1328212K(1398144K)
[754.450s][info][gc,metaspace   ] GC(1109) Metaspace: 22878K(23168K)->22878K(23168K) NonClass: 20079K(20224K)->20079K(20224K) Class: 2798K(2944K)->2798K(2944K)
[754.450s][info][gc             ] GC(1109) Pause Young (Allocation Failure) 1876M->1352M(1979M) 290.386ms
[754.450s][info][gc,cpu         ] GC(1109) User=0.28s Sys=0.00s Real=0.30s
[754.559s][info][gc,start       ] GC(1110) Pause Full (System.gc())
[754.559s][info][gc,phases,start] GC(1110) Phase 1: Mark live objects
[754.738s][info][gc,phases      ] GC(1110) Phase 1: Mark live objects 179.165ms
[754.738s][info][gc,phases,start] GC(1110) Phase 2: Compute new object addresses
[754.951s][info][gc,phases      ] GC(1110) Phase 2: Compute new object addresses 212.719ms
[754.951s][info][gc,phases,start] GC(1110) Phase 3: Adjust pointers
[755.019s][info][gc,phases      ] GC(1110) Phase 3: Adjust pointers 68.468ms
[755.019s][info][gc,phases,start] GC(1110) Phase 4: Move objects
[755.046s][info][gc,phases      ] GC(1110) Phase 4: Move objects 27.104ms
[755.047s][info][gc,heap        ] GC(1110) DefNew: 133333K(629120K)->0K(629120K) Eden: 76502K(559232K)->0K(559232K) From: 56831K(69888K)->0K(69888K)
[755.047s][info][gc,heap        ] GC(1110) Tenured: 1328212K(1398144K)->165333K(1398144K)
[755.047s][info][gc,metaspace   ] GC(1110) Metaspace: 22878K(23168K)->22878K(23168K) NonClass: 20079K(20224K)->20079K(20224K) Class: 2798K(2944K)->2798K(2944K)
[755.047s][info][gc             ] GC(1110) Pause Full (System.gc()) 1427M->161M(1979M) 488.136ms
[755.047s][info][gc,cpu         ] GC(1110) User=0.44s Sys=0.00s Real=0.49s
[755.213s][info][gc,start       ] GC(1111) Pause Young (Allocation Failure)
[755.521s][info][gc,heap        ] GC(1111) DefNew: 559232K(629120K)->69887K(629120K) Eden: 559232K(559232K)->0K(559232K) From: 0K(69888K)->69887K(69888K)
[755.521s][info][gc,heap        ] GC(1111) Tenured: 165333K(1398144K)->173037K(1398144K)
[755.521s][info][gc,metaspace   ] GC(1111) Metaspace: 22887K(23168K)->22887K(23168K) NonClass: 20088K(20224K)->20088K(20224K) Class: 2798K(2944K)->2798K(2944K)
[755.521s][info][gc             ] GC(1111) Pause Young (Allocation Failure) 707M->237M(1979M) 307.930ms
[755.521s][info][gc,cpu         ] GC(1111) User=0.30s Sys=0.00s Real=0.31s
[755.676s][info][gc,start       ] GC(1112) Pause Young (Allocation Failure)
[756.161s][info][gc,heap        ] GC(1112) DefNew: 629119K(629120K)->69888K(629120K) Eden: 559232K(559232K)->0K(559232K) From: 69887K(69888K)->69888K(69888K)
[756.161s][info][gc,heap        ] GC(1112) Tenured: 173037K(1398144K)->242634K(1398144K)
[756.161s][info][gc,metaspace   ] GC(1112) Metaspace: 22887K(23168K)->22887K(23168K) NonClass: 20088K(20224K)->20088K(20224K) Class: 2798K(2944K)->2798K(2944K)
[756.162s][info][gc             ] GC(1112) Pause Young (Allocation Failure) 783M->305M(1979M) 485.561ms
[756.162s][info][gc,cpu         ] GC(1112) User=0.47s Sys=0.00s Real=0.49s
[756.663s][info][gc,start       ] GC(1113) Pause Young (Allocation Failure)
[756.966s][info][gc,heap        ] GC(1113) DefNew: 629120K(629120K)->57614K(629120K) Eden: 559232K(559232K)->0K(559232K) From: 69888K(69888K)->57614K(69888K)
[756.966s][info][gc,heap        ] GC(1113) Tenured: 242634K(1398144K)->278372K(1398144K)
[756.966s][info][gc,metaspace   ] GC(1113) Metaspace: 22887K(23168K)->22887K(23168K) NonClass: 20088K(20224K)->20088K(20224K) Class: 2798K(2944K)->2798K(2944K)
[756.966s][info][gc             ] GC(1113) Pause Young (Allocation Failure) 851M->328M(1979M) 303.580ms
[756.966s][info][gc,cpu         ] GC(1113) User=0.30s Sys=0.00s Real=0.30s
[757.110s][info][gc,start       ] GC(1114) Pause Young (Allocation Failure)
[757.540s][info][gc,heap        ] GC(1114) DefNew: 616846K(629120K)->69888K(629120K) Eden: 559232K(559232K)->0K(559232K) From: 57614K(69888K)->69888K(69888K)
[757.540s][info][gc,heap        ] GC(1114) Tenured: 278372K(1398144K)->331984K(1398144K)
[757.540s][info][gc,metaspace   ] GC(1114) Metaspace: 22887K(23168K)->22887K(23168K) NonClass: 20088K(20224K)->20088K(20224K) Class: 2798K(2944K)->2798K(2944K)
[757.540s][info][gc             ] GC(1114) Pause Young (Allocation Failure) 874M->392M(1979M) 430.620ms
[757.540s][info][gc,cpu         ] GC(1114) User=0.33s Sys=0.00s Real=0.42s
[757.900s][info][gc,start       ] GC(1115) Pause Young (Allocation Failure)
[758.233s][info][gc,heap        ] GC(1115) DefNew: 629120K(629120K)->65549K(629120K) Eden: 559232K(559232K)->0K(559232K) From: 69888K(69888K)->65549K(69888K)
[758.233s][info][gc,heap        ] GC(1115) Tenured: 331984K(1398144K)->371045K(1398144K)
[758.233s][info][gc,metaspace   ] GC(1115) Metaspace: 22887K(23168K)->22887K(23168K) NonClass: 20088K(20224K)->20088K(20224K) Class: 2798K(2944K)->2798K(2944K)
[758.233s][info][gc             ] GC(1115) Pause Young (Allocation Failure) 938M->426M(1979M) 333.117ms
[758.233s][info][gc,cpu         ] GC(1115) User=0.34s Sys=0.00s Real=0.34s
[758.577s][info][gc,start       ] GC(1116) Pause Young (Allocation Failure)
[758.895s][info][gc,heap        ] GC(1116) DefNew: 624781K(629120K)->66681K(629120K) Eden: 559232K(559232K)->0K(559232K) From: 65549K(69888K)->66681K(69888K)
[758.895s][info][gc,heap        ] GC(1116) Tenured: 371045K(1398144K)->406325K(1398144K)
[758.895s][info][gc,metaspace   ] GC(1116) Metaspace: 22887K(23168K)->22887K(23168K) NonClass: 20088K(20224K)->20088K(20224K) Class: 2798K(2944K)->2798K(2944K)
[758.895s][info][gc             ] GC(1116) Pause Young (Allocation Failure) 972M->461M(1979M) 317.857ms
[758.895s][info][gc,cpu         ] GC(1116) User=0.31s Sys=0.00s Real=0.31s
[759.043s][info][gc,start       ] GC(1117) Pause Young (Allocation Failure)
[759.501s][info][gc,heap        ] GC(1117) DefNew: 625913K(629120K)->69887K(629120K) Eden: 559232K(559232K)->0K(559232K) From: 66681K(69888K)->69887K(69888K)
[759.501s][info][gc,heap        ] GC(1117) Tenured: 406325K(1398144K)->468496K(1398144K)
[759.501s][info][gc,metaspace   ] GC(1117) Metaspace: 22887K(23168K)->22887K(23168K) NonClass: 20088K(20224K)->20088K(20224K) Class: 2798K(2944K)->2798K(2944K)
[759.501s][info][gc             ] GC(1117) Pause Young (Allocation Failure) 1008M->525M(1979M) 458.687ms
[759.501s][info][gc,cpu         ] GC(1117) User=0.45s Sys=0.00s Real=0.46s
[760.199s][info][gc,start       ] GC(1118) Pause Young (Allocation Failure)
[760.422s][info][gc,heap        ] GC(1118) DefNew: 629119K(629120K)->35447K(629120K) Eden: 559232K(559232K)->0K(559232K) From: 69887K(69888K)->35447K(69888K)
[760.422s][info][gc,heap        ] GC(1118) Tenured: 468496K(1398144K)->504140K(1398144K)
[760.422s][info][gc,metaspace   ] GC(1118) Metaspace: 22887K(23168K)->22887K(23168K) NonClass: 20088K(20224K)->20088K(20224K) Class: 2798K(2944K)->2798K(2944K)
[760.422s][info][gc             ] GC(1118) Pause Young (Allocation Failure) 1071M->526M(1979M) 223.461ms
[760.422s][info][gc,cpu         ] GC(1118) User=0.22s Sys=0.00s Real=0.22s
[760.614s][info][gc,start       ] GC(1119) Pause Young (Allocation Failure)
[760.955s][info][gc,heap        ] GC(1119) DefNew: 594679K(629120K)->68864K(629120K) Eden: 559232K(559232K)->0K(559232K) From: 35447K(69888K)->68864K(69888K)
[760.955s][info][gc,heap        ] GC(1119) Tenured: 504140K(1398144K)->536064K(1398144K)
[760.955s][info][gc,metaspace   ] GC(1119) Metaspace: 22887K(23168K)->22887K(23168K) NonClass: 20088K(20224K)->20088K(20224K) Class: 2798K(2944K)->2798K(2944K)
[760.955s][info][gc             ] GC(1119) Pause Young (Allocation Failure) 1073M->590M(1979M) 340.948ms
[760.955s][info][gc,cpu         ] GC(1119) User=0.34s Sys=0.00s Real=0.35s
[761.098s][info][gc,start       ] GC(1120) Pause Young (Allocation Failure)
[761.552s][info][gc,heap        ] GC(1120) DefNew: 628096K(629120K)->69887K(629120K) Eden: 559232K(559232K)->0K(559232K) From: 68864K(69888K)->69887K(69888K)
[761.552s][info][gc,heap        ] GC(1120) Tenured: 536064K(1398144K)->595077K(1398144K)
[761.552s][info][gc,metaspace   ] GC(1120) Metaspace: 22887K(23168K)->22887K(23168K) NonClass: 20088K(20224K)->20088K(20224K) Class: 2798K(2944K)->2798K(2944K)
[761.552s][info][gc             ] GC(1120) Pause Young (Allocation Failure) 1136M->649M(1979M) 453.528ms
[761.552s][info][gc,cpu         ] GC(1120) User=0.42s Sys=0.00s Real=0.44s
[762.184s][info][gc,start       ] GC(1121) Pause Young (Allocation Failure)
[762.517s][info][gc,heap        ] GC(1121) DefNew: 629119K(629120K)->65355K(629120K) Eden: 559232K(559232K)->0K(559232K) From: 69887K(69888K)->65355K(69888K)
[762.517s][info][gc,heap        ] GC(1121) Tenured: 595077K(1398144K)->627585K(1398144K)
[762.517s][info][gc,metaspace   ] GC(1121) Metaspace: 22887K(23168K)->22887K(23168K) NonClass: 20088K(20224K)->20088K(20224K) Class: 2798K(2944K)->2798K(2944K)
[762.517s][info][gc             ] GC(1121) Pause Young (Allocation Failure) 1195M->676M(1979M) 333.350ms
[762.517s][info][gc,cpu         ] GC(1121) User=0.33s Sys=0.00s Real=0.33s
[762.676s][info][gc,start       ] GC(1122) Pause Young (Allocation Failure)
[763.150s][info][gc,heap        ] GC(1122) DefNew: 624587K(629120K)->69887K(629120K) Eden: 559232K(559232K)->0K(559232K) From: 65355K(69888K)->69887K(69888K)
[763.150s][info][gc,heap        ] GC(1122) Tenured: 627585K(1398144K)->694156K(1398144K)
[763.150s][info][gc,metaspace   ] GC(1122) Metaspace: 22887K(23168K)->22887K(23168K) NonClass: 20088K(20224K)->20088K(20224K) Class: 2798K(2944K)->2798K(2944K)
[763.150s][info][gc             ] GC(1122) Pause Young (Allocation Failure) 1222M->746M(1979M) 474.700ms
[763.150s][info][gc,cpu         ] GC(1122) User=0.47s Sys=0.00s Real=0.47s
[763.566s][info][gc,start       ] GC(1123) Pause Young (Allocation Failure)
[763.870s][info][gc,heap        ] GC(1123) DefNew: 629119K(629120K)->59443K(629120K) Eden: 559232K(559232K)->0K(559232K) From: 69887K(69888K)->59443K(69888K)
[763.870s][info][gc,heap        ] GC(1123) Tenured: 694156K(1398144K)->730967K(1398144K)
[763.870s][info][gc,metaspace   ] GC(1123) Metaspace: 22887K(23168K)->22887K(23168K) NonClass: 20088K(20224K)->20088K(20224K) Class: 2798K(2944K)->2798K(2944K)
[763.870s][info][gc             ] GC(1123) Pause Young (Allocation Failure) 1292M->771M(1979M) 304.723ms
[763.870s][info][gc,cpu         ] GC(1123) User=0.25s Sys=0.00s Real=0.30s
[764.140s][info][gc,start       ] GC(1124) Pause Young (Allocation Failure)
[764.475s][info][gc,heap        ] GC(1124) DefNew: 618675K(629120K)->69888K(629120K) Eden: 559232K(559232K)->0K(559232K) From: 59443K(69888K)->69888K(69888K)
[764.475s][info][gc,heap        ] GC(1124) Tenured: 730967K(1398144K)->767991K(1398144K)
[764.475s][info][gc,metaspace   ] GC(1124) Metaspace: 22887K(23168K)->22887K(23168K) NonClass: 20088K(20224K)->20088K(20224K) Class: 2798K(2944K)->2798K(2944K)
[764.475s][info][gc             ] GC(1124) Pause Young (Allocation Failure) 1318M->818M(1979M) 335.241ms
[764.475s][info][gc,cpu         ] GC(1124) User=0.33s Sys=0.00s Real=0.33s
[764.617s][info][gc,start       ] GC(1125) Pause Young (Allocation Failure)
[765.082s][info][gc,heap        ] GC(1125) DefNew: 629120K(629120K)->69888K(629120K) Eden: 559232K(559232K)->0K(559232K) From: 69888K(69888K)->69888K(69888K)
[765.082s][info][gc,heap        ] GC(1125) Tenured: 767991K(1398144K)->831276K(1398144K)
[765.082s][info][gc,metaspace   ] GC(1125) Metaspace: 22887K(23168K)->22887K(23168K) NonClass: 20088K(20224K)->20088K(20224K) Class: 2798K(2944K)->2798K(2944K)
[765.082s][info][gc             ] GC(1125) Pause Young (Allocation Failure) 1364M->880M(1979M) 464.868ms
[765.082s][info][gc,cpu         ] GC(1125) User=0.44s Sys=0.00s Real=0.47s
[765.702s][info][gc,start       ] GC(1126) Pause Young (Allocation Failure)
[765.974s][info][gc,heap        ] GC(1126) DefNew: 629120K(629120K)->49018K(629120K) Eden: 559232K(559232K)->0K(559232K) From: 69888K(69888K)->49018K(69888K)
[765.974s][info][gc,heap        ] GC(1126) Tenured: 831276K(1398144K)->867067K(1398144K)
[765.974s][info][gc,metaspace   ] GC(1126) Metaspace: 22887K(23168K)->22887K(23168K) NonClass: 20089K(20224K)->20089K(20224K) Class: 2798K(2944K)->2798K(2944K)
[765.974s][info][gc             ] GC(1126) Pause Young (Allocation Failure) 1426M->894M(1979M) 271.492ms
[765.974s][info][gc,cpu         ] GC(1126) User=0.27s Sys=0.00s Real=0.27s
[766.121s][info][gc,start       ] GC(1127) Pause Young (Allocation Failure)
[766.536s][info][gc,heap        ] GC(1127) DefNew: 608250K(629120K)->69888K(629120K) Eden: 559232K(559232K)->0K(559232K) From: 49018K(69888K)->69888K(69888K)
[766.536s][info][gc,heap        ] GC(1127) Tenured: 867067K(1398144K)->917099K(1398144K)
[766.536s][info][gc,metaspace   ] GC(1127) Metaspace: 22887K(23168K)->22887K(23168K) NonClass: 20089K(20224K)->20089K(20224K) Class: 2798K(2944K)->2798K(2944K)
[766.536s][info][gc             ] GC(1127) Pause Young (Allocation Failure) 1440M->963M(1979M) 415.224ms
[766.536s][info][gc,cpu         ] GC(1127) User=0.42s Sys=0.00s Real=0.41s
[766.814s][info][gc,start       ] GC(1128) Pause Young (Allocation Failure)
[767.268s][info][gc,heap        ] GC(1128) DefNew: 629120K(629120K)->69888K(629120K) Eden: 559232K(559232K)->0K(559232K) From: 69888K(69888K)->69888K(69888K)
[767.268s][info][gc,heap        ] GC(1128) Tenured: 917099K(1398144K)->965750K(1398144K)
[767.268s][info][gc,metaspace   ] GC(1128) Metaspace: 22887K(23168K)->22887K(23168K) NonClass: 20089K(20224K)->20089K(20224K) Class: 2798K(2944K)->2798K(2944K)
[767.268s][info][gc             ] GC(1128) Pause Young (Allocation Failure) 1509M->1011M(1979M) 454.833ms
[767.268s][info][gc,cpu         ] GC(1128) User=0.45s Sys=0.00s Real=0.45s
[767.693s][info][gc,start       ] GC(1129) Pause Young (Allocation Failure)
[768.002s][info][gc,heap        ] GC(1129) DefNew: 629120K(629120K)->60227K(629120K) Eden: 559232K(559232K)->0K(559232K) From: 69888K(69888K)->60227K(69888K)
[768.002s][info][gc,heap        ] GC(1129) Tenured: 965750K(1398144K)->1000873K(1398144K)
[768.002s][info][gc,metaspace   ] GC(1129) Metaspace: 22887K(23168K)->22887K(23168K) NonClass: 20089K(20224K)->20089K(20224K) Class: 2798K(2944K)->2798K(2944K)
[768.002s][info][gc             ] GC(1129) Pause Young (Allocation Failure) 1557M->1036M(1979M) 308.986ms
[768.002s][info][gc,cpu         ] GC(1129) User=0.30s Sys=0.00s Real=0.30s
[768.155s][info][gc,start       ] GC(1130) Pause Young (Allocation Failure)
[768.599s][info][gc,heap        ] GC(1130) DefNew: 619459K(629120K)->69888K(629120K) Eden: 559232K(559232K)->0K(559232K) From: 60227K(69888K)->69888K(69888K)
[768.600s][info][gc,heap        ] GC(1130) Tenured: 1000873K(1398144K)->1058779K(1398144K)
[768.600s][info][gc,metaspace   ] GC(1130) Metaspace: 22887K(23168K)->22887K(23168K) NonClass: 20089K(20224K)->20089K(20224K) Class: 2798K(2944K)->2798K(2944K)
[768.600s][info][gc             ] GC(1130) Pause Young (Allocation Failure) 1582M->1102M(1979M) 444.388ms
[768.600s][info][gc,cpu         ] GC(1130) User=0.44s Sys=0.00s Real=0.44s
[769.177s][info][gc,start       ] GC(1131) Pause Young (Allocation Failure)
[769.416s][info][gc,heap        ] GC(1131) DefNew: 629120K(629120K)->40636K(629120K) Eden: 559232K(559232K)->0K(559232K) From: 69888K(69888K)->40636K(69888K)
[769.416s][info][gc,heap        ] GC(1131) Tenured: 1058779K(1398144K)->1094963K(1398144K)
[769.416s][info][gc,metaspace   ] GC(1131) Metaspace: 22887K(23168K)->22887K(23168K) NonClass: 20089K(20224K)->20089K(20224K) Class: 2798K(2944K)->2798K(2944K)
[769.416s][info][gc             ] GC(1131) Pause Young (Allocation Failure) 1648M->1108M(1979M) 239.062ms
[769.416s][info][gc,cpu         ] GC(1131) User=0.23s Sys=0.00s Real=0.23s
[769.559s][info][gc,start       ] GC(1132) Pause Young (Allocation Failure)
[769.919s][info][gc,heap        ] GC(1132) DefNew: 599868K(629120K)->69888K(629120K) Eden: 559232K(559232K)->0K(559232K) From: 40636K(69888K)->69888K(69888K)
[769.919s][info][gc,heap        ] GC(1132) Tenured: 1094963K(1398144K)->1134002K(1398144K)
[769.919s][info][gc,metaspace   ] GC(1132) Metaspace: 22887K(23168K)->22887K(23168K) NonClass: 20089K(20224K)->20089K(20224K) Class: 2798K(2944K)->2798K(2944K)
[769.919s][info][gc             ] GC(1132) Pause Young (Allocation Failure) 1655M->1175M(1979M) 360.417ms
[769.919s][info][gc,cpu         ] GC(1132) User=0.36s Sys=0.00s Real=0.37s
[770.060s][info][gc,start       ] GC(1133) Pause Young (Allocation Failure)
[770.542s][info][gc,heap        ] GC(1133) DefNew: 629120K(629120K)->69888K(629120K) Eden: 559232K(559232K)->0K(559232K) From: 69888K(69888K)->69888K(69888K)
[770.542s][info][gc,heap        ] GC(1133) Tenured: 1134002K(1398144K)->1197461K(1398144K)
[770.542s][info][gc,metaspace   ] GC(1133) Metaspace: 22887K(23168K)->22887K(23168K) NonClass: 20089K(20224K)->20089K(20224K) Class: 2798K(2944K)->2798K(2944K)
[770.542s][info][gc             ] GC(1133) Pause Young (Allocation Failure) 1721M->1237M(1979M) 482.168ms
[770.543s][info][gc,cpu         ] GC(1133) User=0.47s Sys=0.02s Real=0.49s
[771.124s][info][gc,start       ] GC(1134) Pause Young (Allocation Failure)
[771.412s][info][gc,heap        ] GC(1134) DefNew: 629120K(629120K)->54526K(629120K) Eden: 559232K(559232K)->0K(559232K) From: 69888K(69888K)->54526K(69888K)
[771.412s][info][gc,heap        ] GC(1134) Tenured: 1197461K(1398144K)->1231429K(1398144K)
[771.412s][info][gc,metaspace   ] GC(1134) Metaspace: 22887K(23168K)->22887K(23168K) NonClass: 20089K(20224K)->20089K(20224K) Class: 2798K(2944K)->2798K(2944K)
[771.412s][info][gc             ] GC(1134) Pause Young (Allocation Failure) 1783M->1255M(1979M) 287.899ms
[771.412s][info][gc,cpu         ] GC(1134) User=0.20s Sys=0.00s Real=0.28s
[771.557s][info][gc,start       ] GC(1135) Pause Young (Allocation Failure)
[771.989s][info][gc,heap        ] GC(1135) DefNew: 613758K(629120K)->69888K(629120K) Eden: 559232K(559232K)->0K(559232K) From: 54526K(69888K)->69888K(69888K)
[771.989s][info][gc,heap        ] GC(1135) Tenured: 1231429K(1398144K)->1285626K(1398144K)
[771.989s][info][gc,metaspace   ] GC(1135) Metaspace: 22887K(23168K)->22887K(23168K) NonClass: 20089K(20224K)->20089K(20224K) Class: 2798K(2944K)->2798K(2944K)
[771.989s][info][gc             ] GC(1135) Pause Young (Allocation Failure) 1801M->1323M(1979M) 432.163ms
[771.989s][info][gc,cpu         ] GC(1135) User=0.41s Sys=0.00s Real=0.44s
[772.261s][info][gc,start       ] GC(1136) Pause Young (Allocation Failure)
[772.644s][info][gc,heap        ] GC(1136) DefNew: 629120K(629120K)->69888K(629120K) Eden: 559232K(559232K)->0K(559232K) From: 69888K(69888K)->69888K(69888K)
[772.644s][info][gc,heap        ] GC(1136) Tenured: 1285626K(1398144K)->1327610K(1398144K)
[772.644s][info][gc,metaspace   ] GC(1136) Metaspace: 22887K(23168K)->22887K(23168K) NonClass: 20089K(20224K)->20089K(20224K) Class: 2798K(2944K)->2798K(2944K)
[772.644s][info][gc             ] GC(1136) Pause Young (Allocation Failure) 1869M->1364M(1979M) 382.405ms
[772.644s][info][gc,cpu         ] GC(1136) User=0.38s Sys=0.00s Real=0.38s
[773.073s][info][gc,start       ] GC(1137) Pause Full (System.gc())
[773.073s][info][gc,phases,start] GC(1137) Phase 1: Mark live objects
[773.223s][info][gc,phases      ] GC(1137) Phase 1: Mark live objects 150.077ms
[773.224s][info][gc,phases,start] GC(1137) Phase 2: Compute new object addresses
[773.465s][info][gc,phases      ] GC(1137) Phase 2: Compute new object addresses 241.614ms
[773.465s][info][gc,phases,start] GC(1137) Phase 3: Adjust pointers
[773.543s][info][gc,phases      ] GC(1137) Phase 3: Adjust pointers 77.340ms
[773.543s][info][gc,phases,start] GC(1137) Phase 4: Move objects
[773.578s][info][gc,phases      ] GC(1137) Phase 4: Move objects 35.421ms
[773.578s][info][gc,heap        ] GC(1137) DefNew: 337709K(629120K)->0K(629120K) Eden: 267821K(559232K)->0K(559232K) From: 69888K(69888K)->0K(69888K)
[773.578s][info][gc,heap        ] GC(1137) Tenured: 1327610K(1398144K)->83333K(1398144K)
[773.578s][info][gc,metaspace   ] GC(1137) Metaspace: 22887K(23168K)->22887K(23168K) NonClass: 20089K(20224K)->20089K(20224K) Class: 2798K(2944K)->2798K(2944K)
[773.578s][info][gc             ] GC(1137) Pause Full (System.gc()) 1626M->81M(1979M) 505.135ms
[773.578s][info][gc,cpu         ] GC(1137) User=0.45s Sys=0.00s Real=0.50s
[773.751s][info][gc,start       ] GC(1138) Pause Young (Allocation Failure)
[774.072s][info][gc,heap        ] GC(1138) DefNew: 559232K(629120K)->69887K(629120K) Eden: 559232K(559232K)->0K(559232K) From: 0K(69888K)->69887K(69888K)
[774.072s][info][gc,heap        ] GC(1138) Tenured: 83333K(1398144K)->94334K(1398144K)
[774.072s][info][gc,metaspace   ] GC(1138) Metaspace: 22889K(23168K)->22889K(23168K) NonClass: 20091K(20224K)->20091K(20224K) Class: 2798K(2944K)->2798K(2944K)
[774.072s][info][gc             ] GC(1138) Pause Young (Allocation Failure) 627M->160M(1979M) 321.708ms
[774.072s][info][gc,cpu         ] GC(1138) User=0.31s Sys=0.00s Real=0.31s
[774.221s][info][gc,start       ] GC(1139) Pause Young (Allocation Failure)
[774.703s][info][gc,heap        ] GC(1139) DefNew: 629119K(629120K)->69888K(629120K) Eden: 559232K(559232K)->0K(559232K) From: 69887K(69888K)->69888K(69888K)
[774.703s][info][gc,heap        ] GC(1139) Tenured: 94334K(1398144K)->163268K(1398144K)
[774.703s][info][gc,metaspace   ] GC(1139) Metaspace: 22889K(23168K)->22889K(23168K) NonClass: 20091K(20224K)->20091K(20224K) Class: 2798K(2944K)->2798K(2944K)
[774.703s][info][gc             ] GC(1139) Pause Young (Allocation Failure) 706M->227M(1979M) 482.484ms
[774.703s][info][gc,cpu         ] GC(1139) User=0.45s Sys=0.00s Real=0.47s
[775.171s][info][gc,start       ] GC(1140) Pause Young (Allocation Failure)
[775.517s][info][gc,heap        ] GC(1140) DefNew: 629120K(629120K)->65845K(629120K) Eden: 559232K(559232K)->0K(559232K) From: 69888K(69888K)->65845K(69888K)
[775.517s][info][gc,heap        ] GC(1140) Tenured: 163268K(1398144K)->200765K(1398144K)
[775.517s][info][gc,metaspace   ] GC(1140) Metaspace: 22889K(23168K)->22889K(23168K) NonClass: 20091K(20224K)->20091K(20224K) Class: 2798K(2944K)->2798K(2944K)
[775.517s][info][gc             ] GC(1140) Pause Young (Allocation Failure) 773M->260M(1979M) 345.543ms
[775.517s][info][gc,cpu         ] GC(1140) User=0.34s Sys=0.00s Real=0.35s
[775.672s][info][gc,start       ] GC(1141) Pause Young (Allocation Failure)
[776.152s][info][gc,heap        ] GC(1141) DefNew: 625077K(629120K)->69887K(629120K) Eden: 559232K(559232K)->0K(559232K) From: 65845K(69888K)->69887K(69888K)
[776.152s][info][gc,heap        ] GC(1141) Tenured: 200765K(1398144K)->267023K(1398144K)
[776.152s][info][gc,metaspace   ] GC(1141) Metaspace: 22889K(23168K)->22889K(23168K) NonClass: 20091K(20224K)->20091K(20224K) Class: 2798K(2944K)->2798K(2944K)
[776.152s][info][gc             ] GC(1141) Pause Young (Allocation Failure) 806M->329M(1979M) 479.671ms
[776.152s][info][gc,cpu         ] GC(1141) User=0.42s Sys=0.02s Real=0.49s
[776.654s][info][gc,start       ] GC(1142) Pause Young (Allocation Failure)
[776.931s][info][gc,heap        ] GC(1142) DefNew: 629119K(629120K)->48749K(629120K) Eden: 559232K(559232K)->0K(559232K) From: 69887K(69888K)->48749K(69888K)
[776.931s][info][gc,heap        ] GC(1142) Tenured: 267023K(1398144K)->301591K(1398144K)
[776.931s][info][gc,metaspace   ] GC(1142) Metaspace: 22889K(23168K)->22889K(23168K) NonClass: 20091K(20224K)->20091K(20224K) Class: 2798K(2944K)->2798K(2944K)
[776.931s][info][gc             ] GC(1142) Pause Young (Allocation Failure) 875M->342M(1979M) 276.740ms
[776.931s][info][gc,cpu         ] GC(1142) User=0.22s Sys=0.00s Real=0.28s
[777.164s][info][gc,start       ] GC(1143) Pause Young (Allocation Failure)
[777.525s][info][gc,heap        ] GC(1143) DefNew: 607981K(629120K)->69887K(629120K) Eden: 559232K(559232K)->0K(559232K) From: 48749K(69888K)->69887K(69888K)
[777.525s][info][gc,heap        ] GC(1143) Tenured: 301591K(1398144K)->345438K(1398144K)
[777.525s][info][gc,metaspace   ] GC(1143) Metaspace: 22889K(23168K)->22889K(23168K) NonClass: 20091K(20224K)->20091K(20224K) Class: 2798K(2944K)->2798K(2944K)
[777.525s][info][gc             ] GC(1143) Pause Young (Allocation Failure) 888M->405M(1979M) 360.701ms
[777.525s][info][gc,cpu         ] GC(1143) User=0.36s Sys=0.00s Real=0.36s
[777.676s][info][gc,start       ] GC(1144) Pause Young (Allocation Failure)
[778.159s][info][gc,heap        ] GC(1144) DefNew: 629119K(629120K)->69888K(629120K) Eden: 559232K(559232K)->0K(559232K) From: 69887K(69888K)->69888K(69888K)
[778.159s][info][gc,heap        ] GC(1144) Tenured: 345438K(1398144K)->413288K(1398144K)
[778.159s][info][gc,metaspace   ] GC(1144) Metaspace: 22889K(23168K)->22889K(23168K) NonClass: 20091K(20224K)->20091K(20224K) Class: 2798K(2944K)->2798K(2944K)
[778.159s][info][gc             ] GC(1144) Pause Young (Allocation Failure) 951M->471M(1979M) 482.559ms
[778.159s][info][gc,cpu         ] GC(1144) User=0.47s Sys=0.00s Real=0.49s
[778.675s][info][gc,start       ] GC(1145) Pause Young (Allocation Failure)
[778.978s][info][gc,heap        ] GC(1145) DefNew: 629120K(629120K)->54648K(629120K) Eden: 559232K(559232K)->0K(559232K) From: 69888K(69888K)->54648K(69888K)
[778.978s][info][gc,heap        ] GC(1145) Tenured: 413288K(1398144K)->450581K(1398144K)
[778.978s][info][gc,metaspace   ] GC(1145) Metaspace: 22889K(23168K)->22889K(23168K) NonClass: 20091K(20224K)->20091K(20224K) Class: 2798K(2944K)->2798K(2944K)
[778.978s][info][gc             ] GC(1145) Pause Young (Allocation Failure) 1017M->493M(1979M) 303.337ms
[778.978s][info][gc,cpu         ] GC(1145) User=0.25s Sys=0.00s Real=0.30s
[779.129s][info][gc,start       ] GC(1146) Pause Young (Allocation Failure)
[779.579s][info][gc,heap        ] GC(1146) DefNew: 613880K(629120K)->69888K(629120K) Eden: 559232K(559232K)->0K(559232K) From: 54648K(69888K)->69888K(69888K)
[779.579s][info][gc,heap        ] GC(1146) Tenured: 450581K(1398144K)->505393K(1398144K)
[779.579s][info][gc,metaspace   ] GC(1146) Metaspace: 22889K(23168K)->22889K(23168K) NonClass: 20091K(20224K)->20091K(20224K) Class: 2798K(2944K)->2798K(2944K)
[779.579s][info][gc             ] GC(1146) Pause Young (Allocation Failure) 1039M->561M(1979M) 450.558ms
[779.579s][info][gc,cpu         ] GC(1146) User=0.41s Sys=0.00s Real=0.45s
[779.978s][info][gc,start       ] GC(1147) Pause Young (Allocation Failure)
[780.305s][info][gc,heap        ] GC(1147) DefNew: 629120K(629120K)->66360K(629120K) Eden: 559232K(559232K)->0K(559232K) From: 69888K(69888K)->66360K(69888K)
[780.305s][info][gc,heap        ] GC(1147) Tenured: 505393K(1398144K)->544648K(1398144K)
[780.305s][info][gc,metaspace   ] GC(1147) Metaspace: 22889K(23168K)->22889K(23168K) NonClass: 20091K(20224K)->20091K(20224K) Class: 2798K(2944K)->2798K(2944K)
[780.305s][info][gc             ] GC(1147) Pause Young (Allocation Failure) 1107M->596M(1979M) 327.492ms
[780.305s][info][gc,cpu         ] GC(1147) User=0.23s Sys=0.00s Real=0.33s
[780.625s][info][gc,start       ] GC(1148) Pause Young (Allocation Failure)
[780.953s][info][gc,heap        ] GC(1148) DefNew: 625592K(629120K)->69887K(629120K) Eden: 559232K(559232K)->0K(559232K) From: 66360K(69888K)->69887K(69888K)
[780.953s][info][gc,heap        ] GC(1148) Tenured: 544648K(1398144K)->582228K(1398144K)
[780.953s][info][gc,metaspace   ] GC(1148) Metaspace: 22889K(23168K)->22889K(23168K) NonClass: 20091K(20224K)->20091K(20224K) Class: 2798K(2944K)->2798K(2944K)
[780.953s][info][gc             ] GC(1148) Pause Young (Allocation Failure) 1142M->636M(1979M) 328.212ms
[780.953s][info][gc,cpu         ] GC(1148) User=0.31s Sys=0.00s Real=0.33s
[781.099s][info][gc,start       ] GC(1149) Pause Young (Allocation Failure)
[781.557s][info][gc,heap        ] GC(1149) DefNew: 629119K(629120K)->69888K(629120K) Eden: 559232K(559232K)->0K(559232K) From: 69887K(69888K)->69888K(69888K)
[781.557s][info][gc,heap        ] GC(1149) Tenured: 582228K(1398144K)->646276K(1398144K)
[781.557s][info][gc,metaspace   ] GC(1149) Metaspace: 22889K(23168K)->22889K(23168K) NonClass: 20091K(20224K)->20091K(20224K) Class: 2798K(2944K)->2798K(2944K)
[781.557s][info][gc             ] GC(1149) Pause Young (Allocation Failure) 1182M->699M(1979M) 457.375ms
[781.557s][info][gc,cpu         ] GC(1149) User=0.39s Sys=0.02s Real=0.45s
[782.128s][info][gc,start       ] GC(1150) Pause Young (Allocation Failure)
[782.394s][info][gc,heap        ] GC(1150) DefNew: 629120K(629120K)->47329K(629120K) Eden: 559232K(559232K)->0K(559232K) From: 69888K(69888K)->47329K(69888K)
[782.394s][info][gc,heap        ] GC(1150) Tenured: 646276K(1398144K)->680964K(1398144K)
[782.394s][info][gc,metaspace   ] GC(1150) Metaspace: 22889K(23168K)->22889K(23168K) NonClass: 20091K(20224K)->20091K(20224K) Class: 2798K(2944K)->2798K(2944K)
[782.394s][info][gc             ] GC(1150) Pause Young (Allocation Failure) 1245M->711M(1979M) 266.408ms
[782.394s][info][gc,cpu         ] GC(1150) User=0.23s Sys=0.00s Real=0.27s
[782.539s][info][gc,start       ] GC(1151) Pause Young (Allocation Failure)
[782.946s][info][gc,heap        ] GC(1151) DefNew: 606561K(629120K)->69887K(629120K) Eden: 559232K(559232K)->0K(559232K) From: 47329K(69888K)->69887K(69888K)
[782.946s][info][gc,heap        ] GC(1151) Tenured: 680964K(1398144K)->727803K(1398144K)
[782.946s][info][gc,metaspace   ] GC(1151) Metaspace: 22889K(23168K)->22889K(23168K) NonClass: 20091K(20224K)->20091K(20224K) Class: 2798K(2944K)->2798K(2944K)
[782.946s][info][gc             ] GC(1151) Pause Young (Allocation Failure) 1257M->778M(1979M) 407.197ms
[782.946s][info][gc,cpu         ] GC(1151) User=0.41s Sys=0.00s Real=0.40s
[783.132s][info][gc,start       ] GC(1152) Pause Young (Allocation Failure)
[783.619s][info][gc,heap        ] GC(1152) DefNew: 629119K(629120K)->69888K(629120K) Eden: 559232K(559232K)->0K(559232K) From: 69887K(69888K)->69888K(69888K)
[783.619s][info][gc,heap        ] GC(1152) Tenured: 727803K(1398144K)->789048K(1398144K)
[783.619s][info][gc,metaspace   ] GC(1152) Metaspace: 22889K(23168K)->22889K(23168K) NonClass: 20091K(20224K)->20091K(20224K) Class: 2798K(2944K)->2798K(2944K)
[783.619s][info][gc             ] GC(1152) Pause Young (Allocation Failure) 1325M->838M(1979M) 487.436ms
[783.619s][info][gc,cpu         ] GC(1152) User=0.44s Sys=0.00s Real=0.49s
[784.113s][info][gc,start       ] GC(1153) Pause Young (Allocation Failure)
[784.418s][info][gc,heap        ] GC(1153) DefNew: 629119K(629120K)->57415K(629120K) Eden: 559231K(559232K)->0K(559232K) From: 69888K(69888K)->57415K(69888K)
[784.418s][info][gc,heap        ] GC(1153) Tenured: 789048K(1398144K)->822373K(1398144K)
[784.418s][info][gc,metaspace   ] GC(1153) Metaspace: 22889K(23168K)->22889K(23168K) NonClass: 20091K(20224K)->20091K(20224K) Class: 2798K(2944K)->2798K(2944K)
[784.418s][info][gc             ] GC(1153) Pause Young (Allocation Failure) 1384M->859M(1979M) 304.907ms
[784.418s][info][gc,cpu         ] GC(1153) User=0.28s Sys=0.00s Real=0.30s
[784.561s][info][gc,start       ] GC(1154) Pause Young (Allocation Failure)
[785.002s][info][gc,heap        ] GC(1154) DefNew: 616647K(629120K)->69888K(629120K) Eden: 559232K(559232K)->0K(559232K) From: 57415K(69888K)->69888K(69888K)
[785.002s][info][gc,heap        ] GC(1154) Tenured: 822373K(1398144K)->877844K(1398144K)
[785.002s][info][gc,metaspace   ] GC(1154) Metaspace: 22889K(23168K)->22889K(23168K) NonClass: 20091K(20224K)->20091K(20224K) Class: 2798K(2944K)->2798K(2944K)
[785.002s][info][gc             ] GC(1154) Pause Young (Allocation Failure) 1405M->925M(1979M) 441.113ms
[785.002s][info][gc,cpu         ] GC(1154) User=0.42s Sys=0.00s Real=0.44s
[785.482s][info][gc,start       ] GC(1155) Pause Young (Allocation Failure)
[785.759s][info][gc,heap        ] GC(1155) DefNew: 629120K(629120K)->53936K(629120K) Eden: 559232K(559232K)->0K(559232K) From: 69888K(69888K)->53936K(69888K)
[785.759s][info][gc,heap        ] GC(1155) Tenured: 877844K(1398144K)->913905K(1398144K)
[785.759s][info][gc,metaspace   ] GC(1155) Metaspace: 22889K(23168K)->22889K(23168K) NonClass: 20091K(20224K)->20091K(20224K) Class: 2798K(2944K)->2798K(2944K)
[785.759s][info][gc             ] GC(1155) Pause Young (Allocation Failure) 1471M->945M(1979M) 277.256ms
[785.759s][info][gc,cpu         ] GC(1155) User=0.27s Sys=0.00s Real=0.28s
[785.993s][info][gc,start       ] GC(1156) Pause Young (Allocation Failure)
[786.353s][info][gc,heap        ] GC(1156) DefNew: 613168K(629120K)->69887K(629120K) Eden: 559232K(559232K)->0K(559232K) From: 53936K(69888K)->69887K(69888K)
[786.353s][info][gc,heap        ] GC(1156) Tenured: 913905K(1398144K)->956881K(1398144K)
[786.353s][info][gc,metaspace   ] GC(1156) Metaspace: 22889K(23168K)->22889K(23168K) NonClass: 20091K(20224K)->20091K(20224K) Class: 2798K(2944K)->2798K(2944K)
[786.353s][info][gc             ] GC(1156) Pause Young (Allocation Failure) 1491M->1002M(1979M) 359.925ms
[786.353s][info][gc,cpu         ] GC(1156) User=0.36s Sys=0.00s Real=0.36s
[786.496s][info][gc,start       ] GC(1157) Pause Young (Allocation Failure)
[786.962s][info][gc,heap        ] GC(1157) DefNew: 629119K(629120K)->69888K(629120K) Eden: 559232K(559232K)->0K(559232K) From: 69887K(69888K)->69888K(69888K)
[786.962s][info][gc,heap        ] GC(1157) Tenured: 956881K(1398144K)->1017320K(1398144K)
[786.962s][info][gc,metaspace   ] GC(1157) Metaspace: 22889K(23168K)->22889K(23168K) NonClass: 20091K(20224K)->20091K(20224K) Class: 2798K(2944K)->2798K(2944K)
[786.962s][info][gc             ] GC(1157) Pause Young (Allocation Failure) 1548M->1061M(1979M) 465.390ms
[786.962s][info][gc,cpu         ] GC(1157) User=0.41s Sys=0.00s Real=0.46s
[787.578s][info][gc,start       ] GC(1158) Pause Young (Allocation Failure)
[787.866s][info][gc,heap        ] GC(1158) DefNew: 629120K(629120K)->53915K(629120K) Eden: 559232K(559232K)->0K(559232K) From: 69888K(69888K)->53915K(69888K)
[787.866s][info][gc,heap        ] GC(1158) Tenured: 1017320K(1398144K)->1051130K(1398144K)
[787.866s][info][gc,metaspace   ] GC(1158) Metaspace: 22889K(23168K)->22889K(23168K) NonClass: 20091K(20224K)->20091K(20224K) Class: 2798K(2944K)->2798K(2944K)
[787.866s][info][gc             ] GC(1158) Pause Young (Allocation Failure) 1607M->1079M(1979M) 288.004ms
[787.866s][info][gc,cpu         ] GC(1158) User=0.33s Sys=0.00s Real=0.28s
[788.010s][info][gc,start       ] GC(1159) Pause Young (Allocation Failure)
[788.427s][info][gc,heap        ] GC(1159) DefNew: 613147K(629120K)->69888K(629120K) Eden: 559232K(559232K)->0K(559232K) From: 53915K(69888K)->69888K(69888K)
[788.428s][info][gc,heap        ] GC(1159) Tenured: 1051130K(1398144K)->1102797K(1398144K)
[788.428s][info][gc,metaspace   ] GC(1159) Metaspace: 22889K(23168K)->22889K(23168K) NonClass: 20091K(20224K)->20091K(20224K) Class: 2798K(2944K)->2798K(2944K)
[788.428s][info][gc             ] GC(1159) Pause Young (Allocation Failure) 1625M->1145M(1979M) 417.873ms
[788.428s][info][gc,cpu         ] GC(1159) User=0.38s Sys=0.00s Real=0.41s
[788.701s][info][gc,start       ] GC(1160) Pause Young (Allocation Failure)
[789.111s][info][gc,heap        ] GC(1160) DefNew: 629120K(629120K)->69887K(629120K) Eden: 559232K(559232K)->0K(559232K) From: 69888K(69888K)->69887K(69888K)
[789.111s][info][gc,heap        ] GC(1160) Tenured: 1102797K(1398144K)->1149455K(1398144K)
[789.111s][info][gc,metaspace   ] GC(1160) Metaspace: 22889K(23168K)->22889K(23168K) NonClass: 20091K(20224K)->20091K(20224K) Class: 2798K(2944K)->2798K(2944K)
[789.111s][info][gc             ] GC(1160) Pause Young (Allocation Failure) 1691M->1190M(1979M) 409.529ms
[789.111s][info][gc,cpu         ] GC(1160) User=0.41s Sys=0.00s Real=0.41s
[789.545s][info][gc,start       ] GC(1161) Pause Young (Allocation Failure)
[789.849s][info][gc,heap        ] GC(1161) DefNew: 629119K(629120K)->63420K(629120K) Eden: 559232K(559232K)->0K(559232K) From: 69887K(69888K)->63420K(69888K)
[789.849s][info][gc,heap        ] GC(1161) Tenured: 1149455K(1398144K)->1184411K(1398144K)
[789.849s][info][gc,metaspace   ] GC(1161) Metaspace: 22889K(23168K)->22889K(23168K) NonClass: 20091K(20224K)->20091K(20224K) Class: 2798K(2944K)->2798K(2944K)
[789.849s][info][gc             ] GC(1161) Pause Young (Allocation Failure) 1736M->1218M(1979M) 304.843ms
[789.849s][info][gc,cpu         ] GC(1161) User=0.30s Sys=0.00s Real=0.31s
[789.999s][info][gc,start       ] GC(1162) Pause Young (Allocation Failure)
[790.440s][info][gc,heap        ] GC(1162) DefNew: 622652K(629120K)->69888K(629120K) Eden: 559232K(559232K)->0K(559232K) From: 63420K(69888K)->69888K(69888K)
[790.440s][info][gc,heap        ] GC(1162) Tenured: 1184411K(1398144K)->1246441K(1398144K)
[790.440s][info][gc,metaspace   ] GC(1162) Metaspace: 22889K(23168K)->22889K(23168K) NonClass: 20091K(20224K)->20091K(20224K) Class: 2798K(2944K)->2798K(2944K)
[790.440s][info][gc             ] GC(1162) Pause Young (Allocation Failure) 1764M->1285M(1979M) 441.181ms
[790.440s][info][gc,cpu         ] GC(1162) User=0.42s Sys=0.00s Real=0.44s
[790.974s][info][gc,start       ] GC(1163) Pause Full (System.gc())
[790.974s][info][gc,phases,start] GC(1163) Phase 1: Mark live objects
[791.144s][info][gc,phases      ] GC(1163) Phase 1: Mark live objects 169.427ms
[791.144s][info][gc,phases,start] GC(1163) Phase 2: Compute new object addresses
[791.426s][info][gc,phases      ] GC(1163) Phase 2: Compute new object addresses 282.552ms
[791.426s][info][gc,phases,start] GC(1163) Phase 3: Adjust pointers
[791.540s][info][gc,phases      ] GC(1163) Phase 3: Adjust pointers 113.485ms
[791.540s][info][gc,phases,start] GC(1163) Phase 4: Move objects
[791.596s][info][gc,phases      ] GC(1163) Phase 4: Move objects 55.797ms
[791.596s][info][gc,heap        ] GC(1163) DefNew: 620140K(629120K)->0K(629120K) Eden: 550252K(559232K)->0K(559232K) From: 69888K(69888K)->0K(69888K)
[791.596s][info][gc,heap        ] GC(1163) Tenured: 1246441K(1398144K)->148623K(1398144K)
[791.596s][info][gc,metaspace   ] GC(1163) Metaspace: 22889K(23168K)->22889K(23168K) NonClass: 20091K(20224K)->20091K(20224K) Class: 2798K(2944K)->2798K(2944K)
[791.596s][info][gc             ] GC(1163) Pause Full (System.gc()) 1822M->145M(1979M) 621.948ms
[791.596s][info][gc,cpu         ] GC(1163) User=0.62s Sys=0.00s Real=0.63s
[791.753s][info][gc,start       ] GC(1164) Pause Young (Allocation Failure)
[792.075s][info][gc,heap        ] GC(1164) DefNew: 559232K(629120K)->69888K(629120K) Eden: 559232K(559232K)->0K(559232K) From: 0K(69888K)->69888K(69888K)
[792.075s][info][gc,heap        ] GC(1164) Tenured: 148623K(1398144K)->153372K(1398144K)
[792.075s][info][gc,metaspace   ] GC(1164) Metaspace: 22889K(23168K)->22889K(23168K) NonClass: 20091K(20224K)->20091K(20224K) Class: 2798K(2944K)->2798K(2944K)
[792.075s][info][gc             ] GC(1164) Pause Young (Allocation Failure) 691M->218M(1979M) 321.528ms
[792.075s][info][gc,cpu         ] GC(1164) User=0.31s Sys=0.00s Real=0.32s
[792.228s][info][gc,start       ] GC(1165) Pause Young (Allocation Failure)
[792.706s][info][gc,heap        ] GC(1165) DefNew: 629120K(629120K)->69887K(629120K) Eden: 559232K(559232K)->0K(559232K) From: 69888K(69888K)->69887K(69888K)
[792.706s][info][gc,heap        ] GC(1165) Tenured: 153372K(1398144K)->218641K(1398144K)
[792.706s][info][gc,metaspace   ] GC(1165) Metaspace: 22889K(23168K)->22889K(23168K) NonClass: 20091K(20224K)->20091K(20224K) Class: 2798K(2944K)->2798K(2944K)
[792.706s][info][gc             ] GC(1165) Pause Young (Allocation Failure) 764M->281M(1979M) 478.164ms
[792.706s][info][gc,cpu         ] GC(1165) User=0.47s Sys=0.00s Real=0.47s
[793.268s][info][gc,start       ] GC(1166) Pause Young (Allocation Failure)
[793.578s][info][gc,heap        ] GC(1166) DefNew: 629119K(629120K)->62120K(629120K) Eden: 559232K(559232K)->0K(559232K) From: 69887K(69888K)->62120K(69888K)
[793.578s][info][gc,heap        ] GC(1166) Tenured: 218641K(1398144K)->256432K(1398144K)
[793.578s][info][gc,metaspace   ] GC(1166) Metaspace: 22889K(23168K)->22889K(23168K) NonClass: 20091K(20224K)->20091K(20224K) Class: 2798K(2944K)->2798K(2944K)
[793.578s][info][gc             ] GC(1166) Pause Young (Allocation Failure) 827M->311M(1979M) 309.936ms
[793.578s][info][gc,cpu         ] GC(1166) User=0.30s Sys=0.00s Real=0.30s
[793.718s][info][gc,start       ] GC(1167) Pause Young (Allocation Failure)
[794.151s][info][gc,heap        ] GC(1167) DefNew: 621352K(629120K)->69887K(629120K) Eden: 559232K(559232K)->0K(559232K) From: 62120K(69888K)->69887K(69888K)
[794.151s][info][gc,heap        ] GC(1167) Tenured: 256432K(1398144K)->314024K(1398144K)
[794.151s][info][gc,metaspace   ] GC(1167) Metaspace: 22889K(23168K)->22889K(23168K) NonClass: 20091K(20224K)->20091K(20224K) Class: 2798K(2944K)->2798K(2944K)
[794.151s][info][gc             ] GC(1167) Pause Young (Allocation Failure) 857M->374M(1979M) 432.604ms
[794.151s][info][gc,cpu         ] GC(1167) User=0.34s Sys=0.03s Real=0.44s
[794.538s][info][gc,start       ] GC(1168) Pause Young (Allocation Failure)
[794.836s][info][gc,heap        ] GC(1168) DefNew: 629119K(629120K)->62771K(629120K) Eden: 559232K(559232K)->0K(559232K) From: 69887K(69888K)->62771K(69888K)
[794.837s][info][gc,heap        ] GC(1168) Tenured: 314024K(1398144K)->348290K(1398144K)
[794.837s][info][gc,metaspace   ] GC(1168) Metaspace: 22889K(23168K)->22889K(23168K) NonClass: 20091K(20224K)->20091K(20224K) Class: 2798K(2944K)->2798K(2944K)
[794.837s][info][gc             ] GC(1168) Pause Young (Allocation Failure) 921M->401M(1979M) 299.071ms
[794.837s][info][gc,cpu         ] GC(1168) User=0.30s Sys=0.00s Real=0.30s
[795.107s][info][gc,start       ] GC(1169) Pause Young (Allocation Failure)
[795.421s][info][gc,heap        ] GC(1169) DefNew: 622003K(629120K)->64814K(629120K) Eden: 559232K(559232K)->0K(559232K) From: 62771K(69888K)->64814K(69888K)
[795.421s][info][gc,heap        ] GC(1169) Tenured: 348290K(1398144K)->387135K(1398144K)
[795.421s][info][gc,metaspace   ] GC(1169) Metaspace: 22889K(23168K)->22889K(23168K) NonClass: 20091K(20224K)->20091K(20224K) Class: 2798K(2944K)->2798K(2944K)
[795.421s][info][gc             ] GC(1169) Pause Young (Allocation Failure) 947M->441M(1979M) 313.757ms
[795.421s][info][gc,cpu         ] GC(1169) User=0.30s Sys=0.00s Real=0.31s
[795.571s][info][gc,start       ] GC(1170) Pause Young (Allocation Failure)
[796.044s][info][gc,heap        ] GC(1170) DefNew: 624046K(629120K)->69888K(629120K) Eden: 559232K(559232K)->0K(559232K) From: 64814K(69888K)->69888K(69888K)
[796.044s][info][gc,heap        ] GC(1170) Tenured: 387135K(1398144K)->449989K(1398144K)
[796.044s][info][gc,metaspace   ] GC(1170) Metaspace: 22889K(23168K)->22889K(23168K) NonClass: 20091K(20224K)->20091K(20224K) Class: 2798K(2944K)->2798K(2944K)
[796.044s][info][gc             ] GC(1170) Pause Young (Allocation Failure) 987M->507M(1979M) 472.904ms
[796.044s][info][gc,cpu         ] GC(1170) User=0.44s Sys=0.00s Real=0.47s
[796.761s][info][gc,start       ] GC(1171) Pause Young (Allocation Failure)
[796.985s][info][gc,heap        ] GC(1171) DefNew: 629120K(629120K)->34561K(629120K) Eden: 559232K(559232K)->0K(559232K) From: 69888K(69888K)->34561K(69888K)
[796.985s][info][gc,heap        ] GC(1171) Tenured: 449989K(1398144K)->484321K(1398144K)
[796.985s][info][gc,metaspace   ] GC(1171) Metaspace: 22889K(23168K)->22889K(23168K) NonClass: 20091K(20224K)->20091K(20224K) Class: 2798K(2944K)->2798K(2944K)
[796.985s][info][gc             ] GC(1171) Pause Young (Allocation Failure) 1053M->506M(1979M) 224.766ms
[796.985s][info][gc,cpu         ] GC(1171) User=0.22s Sys=0.00s Real=0.24s
[797.130s][info][gc,start       ] GC(1172) Pause Young (Allocation Failure)
[797.480s][info][gc,heap        ] GC(1172) DefNew: 593793K(629120K)->69887K(629120K) Eden: 559232K(559232K)->0K(559232K) From: 34561K(69888K)->69887K(69888K)
[797.480s][info][gc,heap        ] GC(1172) Tenured: 484321K(1398144K)->517816K(1398144K)
[797.480s][info][gc,metaspace   ] GC(1172) Metaspace: 22889K(23168K)->22889K(23168K) NonClass: 20091K(20224K)->20091K(20224K) Class: 2798K(2944K)->2798K(2944K)
[797.480s][info][gc             ] GC(1172) Pause Young (Allocation Failure) 1052M->573M(1979M) 349.983ms
[797.480s][info][gc,cpu         ] GC(1172) User=0.34s Sys=0.00s Real=0.35s
[797.625s][info][gc,start       ] GC(1173) Pause Young (Allocation Failure)
[798.070s][info][gc,heap        ] GC(1173) DefNew: 629119K(629120K)->69888K(629120K) Eden: 559232K(559232K)->0K(559232K) From: 69887K(69888K)->69888K(69888K)
[798.070s][info][gc,heap        ] GC(1173) Tenured: 517816K(1398144K)->587450K(1398144K)
[798.070s][info][gc,metaspace   ] GC(1173) Metaspace: 22889K(23168K)->22889K(23168K) NonClass: 20091K(20224K)->20091K(20224K) Class: 2798K(2944K)->2798K(2944K)
[798.070s][info][gc             ] GC(1173) Pause Young (Allocation Failure) 1120M->641M(1979M) 445.049ms
[798.070s][info][gc,cpu         ] GC(1173) User=0.36s Sys=0.00s Real=0.44s
[798.616s][info][gc,start       ] GC(1174) Pause Young (Allocation Failure)
[798.934s][info][gc,heap        ] GC(1174) DefNew: 629120K(629120K)->62986K(629120K) Eden: 559232K(559232K)->0K(559232K) From: 69888K(69888K)->62986K(69888K)
[798.934s][info][gc,heap        ] GC(1174) Tenured: 587450K(1398144K)->621882K(1398144K)
[798.934s][info][gc,metaspace   ] GC(1174) Metaspace: 22889K(23168K)->22889K(23168K) NonClass: 20091K(20224K)->20091K(20224K) Class: 2798K(2944K)->2798K(2944K)
[798.934s][info][gc             ] GC(1174) Pause Young (Allocation Failure) 1188M->668M(1979M) 318.918ms
[798.934s][info][gc,cpu         ] GC(1174) User=0.31s Sys=0.00s Real=0.31s
[799.082s][info][gc,start       ] GC(1175) Pause Young (Allocation Failure)
[799.539s][info][gc,heap        ] GC(1175) DefNew: 622218K(629120K)->69888K(629120K) Eden: 559232K(559232K)->0K(559232K) From: 62986K(69888K)->69888K(69888K)
[799.539s][info][gc,heap        ] GC(1175) Tenured: 621882K(1398144K)->683368K(1398144K)
[799.539s][info][gc,metaspace   ] GC(1175) Metaspace: 22889K(23168K)->22889K(23168K) NonClass: 20091K(20224K)->20091K(20224K) Class: 2798K(2944K)->2798K(2944K)
[799.539s][info][gc             ] GC(1175) Pause Young (Allocation Failure) 1214M->735M(1979M) 457.172ms
[799.539s][info][gc,cpu         ] GC(1175) User=0.45s Sys=0.00s Real=0.45s
[799.948s][info][gc,start       ] GC(1176) Pause Young (Allocation Failure)
[800.250s][info][gc,heap        ] GC(1176) DefNew: 629120K(629120K)->63220K(629120K) Eden: 559232K(559232K)->0K(559232K) From: 69888K(69888K)->63220K(69888K)
[800.250s][info][gc,heap        ] GC(1176) Tenured: 683368K(1398144K)->717906K(1398144K)
[800.250s][info][gc,metaspace   ] GC(1176) Metaspace: 22889K(23168K)->22889K(23168K) NonClass: 20091K(20224K)->20091K(20224K) Class: 2798K(2944K)->2798K(2944K)
[800.250s][info][gc             ] GC(1176) Pause Young (Allocation Failure) 1281M->762M(1979M) 302.478ms
[800.250s][info][gc,cpu         ] GC(1176) User=0.30s Sys=0.00s Real=0.30s
[800.558s][info][gc,start       ] GC(1177) Pause Young (Allocation Failure)
[800.867s][info][gc,heap        ] GC(1177) DefNew: 622452K(629120K)->69484K(629120K) Eden: 559232K(559232K)->0K(559232K) From: 63220K(69888K)->69484K(69888K)
[800.867s][info][gc,heap        ] GC(1177) Tenured: 717906K(1398144K)->753332K(1398144K)
[800.867s][info][gc,metaspace   ] GC(1177) Metaspace: 22889K(23168K)->22889K(23168K) NonClass: 20091K(20224K)->20091K(20224K) Class: 2798K(2944K)->2798K(2944K)
[800.867s][info][gc             ] GC(1177) Pause Young (Allocation Failure) 1308M->803M(1979M) 309.535ms
[800.867s][info][gc,cpu         ] GC(1177) User=0.28s Sys=0.00s Real=0.31s
[801.016s][info][gc,start       ] GC(1178) Pause Young (Allocation Failure)
[801.482s][info][gc,heap        ] GC(1178) DefNew: 628716K(629120K)->69888K(629120K) Eden: 559232K(559232K)->0K(559232K) From: 69484K(69888K)->69888K(69888K)
[801.482s][info][gc,heap        ] GC(1178) Tenured: 753332K(1398144K)->820076K(1398144K)
[801.482s][info][gc,metaspace   ] GC(1178) Metaspace: 22889K(23168K)->22889K(23168K) NonClass: 20091K(20224K)->20091K(20224K) Class: 2798K(2944K)->2798K(2944K)
[801.482s][info][gc             ] GC(1178) Pause Young (Allocation Failure) 1349M->869M(1979M) 466.494ms
[801.482s][info][gc,cpu         ] GC(1178) User=0.45s Sys=0.00s Real=0.48s
[801.997s][info][gc,start       ] GC(1179) Pause Young (Allocation Failure)
[802.272s][info][gc,heap        ] GC(1179) DefNew: 629120K(629120K)->48739K(629120K) Eden: 559232K(559232K)->0K(559232K) From: 69888K(69888K)->48739K(69888K)
[802.272s][info][gc,heap        ] GC(1179) Tenured: 820076K(1398144K)->855360K(1398144K)
[802.272s][info][gc,metaspace   ] GC(1179) Metaspace: 22889K(23168K)->22889K(23168K) NonClass: 20091K(20224K)->20091K(20224K) Class: 2798K(2944K)->2798K(2944K)
[802.272s][info][gc             ] GC(1179) Pause Young (Allocation Failure) 1415M->882M(1979M) 274.966ms
[802.272s][info][gc,cpu         ] GC(1179) User=0.28s Sys=0.00s Real=0.28s
[802.416s][info][gc,start       ] GC(1180) Pause Young (Allocation Failure)
[802.821s][info][gc,heap        ] GC(1180) DefNew: 607971K(629120K)->69888K(629120K) Eden: 559232K(559232K)->0K(559232K) From: 48739K(69888K)->69888K(69888K)
[802.821s][info][gc,heap        ] GC(1180) Tenured: 855360K(1398144K)->902963K(1398144K)
[802.821s][info][gc,metaspace   ] GC(1180) Metaspace: 22889K(23168K)->22889K(23168K) NonClass: 20091K(20224K)->20091K(20224K) Class: 2798K(2944K)->2798K(2944K)
[802.821s][info][gc             ] GC(1180) Pause Young (Allocation Failure) 1429M->950M(1979M) 405.601ms
[802.821s][info][gc,cpu         ] GC(1180) User=0.38s Sys=0.00s Real=0.41s
[803.030s][info][gc,start       ] GC(1181) Pause Young (Allocation Failure)
[803.503s][info][gc,heap        ] GC(1181) DefNew: 629120K(629120K)->69888K(629120K) Eden: 559232K(559232K)->0K(559232K) From: 69888K(69888K)->69888K(69888K)
[803.503s][info][gc,heap        ] GC(1181) Tenured: 902963K(1398144K)->956271K(1398144K)
[803.503s][info][gc,metaspace   ] GC(1181) Metaspace: 22889K(23168K)->22889K(23168K) NonClass: 20091K(20224K)->20091K(20224K) Class: 2798K(2944K)->2798K(2944K)
[803.503s][info][gc             ] GC(1181) Pause Young (Allocation Failure) 1496M->1002M(1979M) 473.128ms
[803.503s][info][gc,cpu         ] GC(1181) User=0.47s Sys=0.00s Real=0.47s
[804.018s][info][gc,start       ] GC(1182) Pause Young (Allocation Failure)
[804.317s][info][gc,heap        ] GC(1182) DefNew: 629120K(629120K)->63052K(629120K) Eden: 559232K(559232K)->0K(559232K) From: 69888K(69888K)->63052K(69888K)
[804.317s][info][gc,heap        ] GC(1182) Tenured: 956271K(1398144K)->988799K(1398144K)
[804.317s][info][gc,metaspace   ] GC(1182) Metaspace: 22889K(23168K)->22889K(23168K) NonClass: 20091K(20224K)->20091K(20224K) Class: 2798K(2944K)->2798K(2944K)
[804.317s][info][gc             ] GC(1182) Pause Young (Allocation Failure) 1548M->1027M(1979M) 298.364ms
[804.317s][info][gc,cpu         ] GC(1182) User=0.30s Sys=0.00s Real=0.30s
[804.462s][info][gc,start       ] GC(1183) Pause Young (Allocation Failure)
[804.889s][info][gc,heap        ] GC(1183) DefNew: 622284K(629120K)->69888K(629120K) Eden: 559232K(559232K)->0K(559232K) From: 63052K(69888K)->69888K(69888K)
[804.889s][info][gc,heap        ] GC(1183) Tenured: 988799K(1398144K)->1049543K(1398144K)
[804.889s][info][gc,metaspace   ] GC(1183) Metaspace: 22889K(23168K)->22889K(23168K) NonClass: 20091K(20224K)->20091K(20224K) Class: 2798K(2944K)->2798K(2944K)
[804.890s][info][gc             ] GC(1183) Pause Young (Allocation Failure) 1573M->1093M(1979M) 427.936ms
[804.890s][info][gc,cpu         ] GC(1183) User=0.44s Sys=0.00s Real=0.44s
[805.383s][info][gc,start       ] GC(1184) Pause Young (Allocation Failure)
[805.633s][info][gc,heap        ] GC(1184) DefNew: 629120K(629120K)->44666K(629120K) Eden: 559232K(559232K)->0K(559232K) From: 69888K(69888K)->44666K(69888K)
[805.633s][info][gc,heap        ] GC(1184) Tenured: 1049543K(1398144K)->1085082K(1398144K)
[805.633s][info][gc,metaspace   ] GC(1184) Metaspace: 22889K(23168K)->22889K(23168K) NonClass: 20091K(20224K)->20091K(20224K) Class: 2798K(2944K)->2798K(2944K)
[805.633s][info][gc             ] GC(1184) Pause Young (Allocation Failure) 1639M->1103M(1979M) 250.703ms
[805.633s][info][gc,cpu         ] GC(1184) User=0.25s Sys=0.00s Real=0.25s
[805.814s][info][gc,start       ] GC(1185) Pause Young (Allocation Failure)
[806.183s][info][gc,heap        ] GC(1185) DefNew: 603898K(629120K)->69887K(629120K) Eden: 559232K(559232K)->0K(559232K) From: 44666K(69888K)->69887K(69888K)
[806.183s][info][gc,heap        ] GC(1185) Tenured: 1085082K(1398144K)->1125705K(1398144K)
[806.183s][info][gc,metaspace   ] GC(1185) Metaspace: 22889K(23168K)->22889K(23168K) NonClass: 20091K(20224K)->20091K(20224K) Class: 2798K(2944K)->2798K(2944K)
[806.183s][info][gc             ] GC(1185) Pause Young (Allocation Failure) 1649M->1167M(1979M) 368.555ms
[806.183s][info][gc,cpu         ] GC(1185) User=0.38s Sys=0.00s Real=0.38s
[806.317s][info][gc,start       ] GC(1186) Pause Young (Allocation Failure)
[806.787s][info][gc,heap        ] GC(1186) DefNew: 629119K(629120K)->69887K(629120K) Eden: 559232K(559232K)->0K(559232K) From: 69887K(69888K)->69887K(69888K)
[806.787s][info][gc,heap        ] GC(1186) Tenured: 1125705K(1398144K)->1186828K(1398144K)
[806.787s][info][gc,metaspace   ] GC(1186) Metaspace: 22889K(23168K)->22889K(23168K) NonClass: 20091K(20224K)->20091K(20224K) Class: 2798K(2944K)->2798K(2944K)
[806.787s][info][gc             ] GC(1186) Pause Young (Allocation Failure) 1713M->1227M(1979M) 469.914ms
[806.787s][info][gc,cpu         ] GC(1186) User=0.44s Sys=0.00s Real=0.47s
[807.390s][info][gc,start       ] GC(1187) Pause Young (Allocation Failure)
[807.666s][info][gc,heap        ] GC(1187) DefNew: 629119K(629120K)->52337K(629120K) Eden: 559232K(559232K)->0K(559232K) From: 69887K(69888K)->52337K(69888K)
[807.666s][info][gc,heap        ] GC(1187) Tenured: 1186828K(1398144K)->1218658K(1398144K)
[807.666s][info][gc,metaspace   ] GC(1187) Metaspace: 22889K(23168K)->22889K(23168K) NonClass: 20091K(20224K)->20091K(20224K) Class: 2798K(2944K)->2798K(2944K)
[807.666s][info][gc             ] GC(1187) Pause Young (Allocation Failure) 1773M->1241M(1979M) 275.418ms
[807.666s][info][gc,cpu         ] GC(1187) User=0.28s Sys=0.00s Real=0.27s
[807.808s][info][gc,start       ] GC(1188) Pause Young (Allocation Failure)
[808.228s][info][gc,heap        ] GC(1188) DefNew: 611569K(629120K)->69888K(629120K) Eden: 559232K(559232K)->0K(559232K) From: 52337K(69888K)->69888K(69888K)
[808.228s][info][gc,heap        ] GC(1188) Tenured: 1218658K(1398144K)->1270409K(1398144K)
[808.228s][info][gc,metaspace   ] GC(1188) Metaspace: 22889K(23168K)->22889K(23168K) NonClass: 20091K(20224K)->20091K(20224K) Class: 2798K(2944K)->2798K(2944K)
[808.228s][info][gc             ] GC(1188) Pause Young (Allocation Failure) 1787M->1308M(1979M) 420.136ms
[808.228s][info][gc,cpu         ] GC(1188) User=0.41s Sys=0.00s Real=0.42s
[808.551s][info][gc,start       ] GC(1189) Pause Young (Allocation Failure)
[808.955s][info][gc,heap        ] GC(1189) DefNew: 629120K(629120K)->69888K(629120K) Eden: 559232K(559232K)->0K(559232K) From: 69888K(69888K)->69888K(69888K)
[808.955s][info][gc,heap        ] GC(1189) Tenured: 1270409K(1398144K)->1311213K(1398144K)
[808.955s][info][gc,metaspace   ] GC(1189) Metaspace: 22889K(23168K)->22889K(23168K) NonClass: 20091K(20224K)->20091K(20224K) Class: 2798K(2944K)->2798K(2944K)
[808.955s][info][gc             ] GC(1189) Pause Young (Allocation Failure) 1855M->1348M(1979M) 403.367ms
[808.955s][info][gc,cpu         ] GC(1189) User=0.39s Sys=0.00s Real=0.41s
[809.233s][info][gc,start       ] GC(1190) Pause Full (System.gc())
[809.233s][info][gc,phases,start] GC(1190) Phase 1: Mark live objects
[809.418s][info][gc,phases      ] GC(1190) Phase 1: Mark live objects 185.353ms
[809.418s][info][gc,phases,start] GC(1190) Phase 2: Compute new object addresses
[809.651s][info][gc,phases      ] GC(1190) Phase 2: Compute new object addresses 232.267ms
[809.651s][info][gc,phases,start] GC(1190) Phase 3: Adjust pointers
[809.733s][info][gc,phases      ] GC(1190) Phase 3: Adjust pointers 82.232ms
[809.733s][info][gc,phases,start] GC(1190) Phase 4: Move objects
[809.766s][info][gc,phases      ] GC(1190) Phase 4: Move objects 32.926ms
[809.766s][info][gc,heap        ] GC(1190) DefNew: 263175K(629120K)->0K(629120K) Eden: 193287K(559232K)->0K(559232K) From: 69888K(69888K)->0K(69888K)
[809.766s][info][gc,heap        ] GC(1190) Tenured: 1311213K(1398144K)->148852K(1398144K)
[809.766s][info][gc,metaspace   ] GC(1190) Metaspace: 22889K(23168K)->22889K(23168K) NonClass: 20091K(20224K)->20091K(20224K) Class: 2798K(2944K)->2798K(2944K)
[809.766s][info][gc             ] GC(1190) Pause Full (System.gc()) 1537M->145M(1979M) 533.446ms
[809.766s][info][gc,cpu         ] GC(1190) User=0.48s Sys=0.00s Real=0.52s
[809.929s][info][gc,start       ] GC(1191) Pause Young (Allocation Failure)
[810.244s][info][gc,heap        ] GC(1191) DefNew: 559232K(629120K)->69888K(629120K) Eden: 559232K(559232K)->0K(559232K) From: 0K(69888K)->69888K(69888K)
[810.244s][info][gc,heap        ] GC(1191) Tenured: 148852K(1398144K)->156517K(1398144K)
[810.244s][info][gc,metaspace   ] GC(1191) Metaspace: 22889K(23168K)->22889K(23168K) NonClass: 20091K(20224K)->20091K(20224K) Class: 2798K(2944K)->2798K(2944K)
[810.244s][info][gc             ] GC(1191) Pause Young (Allocation Failure) 691M->221M(1979M) 314.443ms
[810.244s][info][gc,cpu         ] GC(1191) User=0.30s Sys=0.00s Real=0.31s
[810.385s][info][gc,start       ] GC(1192) Pause Young (Allocation Failure)
[810.861s][info][gc,heap        ] GC(1192) DefNew: 629120K(629120K)->69887K(629120K) Eden: 559232K(559232K)->0K(559232K) From: 69888K(69888K)->69887K(69888K)
[810.861s][info][gc,heap        ] GC(1192) Tenured: 156517K(1398144K)->220791K(1398144K)
[810.861s][info][gc,metaspace   ] GC(1192) Metaspace: 22889K(23168K)->22889K(23168K) NonClass: 20091K(20224K)->20091K(20224K) Class: 2798K(2944K)->2798K(2944K)
[810.861s][info][gc             ] GC(1192) Pause Young (Allocation Failure) 767M->283M(1979M) 475.871ms
[810.861s][info][gc,cpu         ] GC(1192) User=0.48s Sys=0.00s Real=0.49s
[811.405s][info][gc,start       ] GC(1193) Pause Young (Allocation Failure)
[811.715s][info][gc,heap        ] GC(1193) DefNew: 629119K(629120K)->58565K(629120K) Eden: 559232K(559232K)->0K(559232K) From: 69887K(69888K)->58565K(69888K)
[811.716s][info][gc,heap        ] GC(1193) Tenured: 220791K(1398144K)->254306K(1398144K)
[811.716s][info][gc,metaspace   ] GC(1193) Metaspace: 22889K(23168K)->22889K(23168K) NonClass: 20091K(20224K)->20091K(20224K) Class: 2798K(2944K)->2798K(2944K)
[811.716s][info][gc             ] GC(1193) Pause Young (Allocation Failure) 829M->305M(1979M) 310.882ms
[811.716s][info][gc,cpu         ] GC(1193) User=0.31s Sys=0.00s Real=0.31s
[811.859s][info][gc,start       ] GC(1194) Pause Young (Allocation Failure)
[812.294s][info][gc,heap        ] GC(1194) DefNew: 617797K(629120K)->69887K(629120K) Eden: 559232K(559232K)->0K(559232K) From: 58565K(69888K)->69887K(69888K)
[812.295s][info][gc,heap        ] GC(1194) Tenured: 254306K(1398144K)->309355K(1398144K)
[812.295s][info][gc,metaspace   ] GC(1194) Metaspace: 22889K(23168K)->22889K(23168K) NonClass: 20091K(20224K)->20091K(20224K) Class: 2798K(2944K)->2798K(2944K)
[812.295s][info][gc             ] GC(1194) Pause Young (Allocation Failure) 851M->370M(1979M) 435.715ms
[812.295s][info][gc,cpu         ] GC(1194) User=0.44s Sys=0.00s Real=0.44s
[812.632s][info][gc,start       ] GC(1195) Pause Young (Allocation Failure)
[812.952s][info][gc,heap        ] GC(1195) DefNew: 629119K(629120K)->65943K(629120K) Eden: 559232K(559232K)->0K(559232K) From: 69887K(69888K)->65943K(69888K)
[812.952s][info][gc,heap        ] GC(1195) Tenured: 309355K(1398144K)->348547K(1398144K)
[812.952s][info][gc,metaspace   ] GC(1195) Metaspace: 22889K(23168K)->22889K(23168K) NonClass: 20091K(20224K)->20091K(20224K) Class: 2798K(2944K)->2798K(2944K)
[812.952s][info][gc             ] GC(1195) Pause Young (Allocation Failure) 916M->404M(1979M) 320.578ms
[812.952s][info][gc,cpu         ] GC(1195) User=0.31s Sys=0.00s Real=0.31s
[813.294s][info][gc,start       ] GC(1196) Pause Young (Allocation Failure)
[813.597s][info][gc,heap        ] GC(1196) DefNew: 625175K(629120K)->69887K(629120K) Eden: 559232K(559232K)->0K(559232K) From: 65943K(69888K)->69887K(69888K)
[813.597s][info][gc,heap        ] GC(1196) Tenured: 348547K(1398144K)->384791K(1398144K)
[813.597s][info][gc,metaspace   ] GC(1196) Metaspace: 22889K(23168K)->22889K(23168K) NonClass: 20091K(20224K)->20091K(20224K) Class: 2798K(2944K)->2798K(2944K)
[813.597s][info][gc             ] GC(1196) Pause Young (Allocation Failure) 950M->444M(1979M) 303.364ms
[813.597s][info][gc,cpu         ] GC(1196) User=0.27s Sys=0.00s Real=0.30s
[813.751s][info][gc,start       ] GC(1197) Pause Young (Allocation Failure)
[814.224s][info][gc,heap        ] GC(1197) DefNew: 629119K(629120K)->69888K(629120K) Eden: 559232K(559232K)->0K(559232K) From: 69887K(69888K)->69888K(69888K)
[814.224s][info][gc,heap        ] GC(1197) Tenured: 384791K(1398144K)->455333K(1398144K)
[814.224s][info][gc,metaspace   ] GC(1197) Metaspace: 22889K(23168K)->22889K(23168K) NonClass: 20091K(20224K)->20091K(20224K) Class: 2798K(2944K)->2798K(2944K)
[814.224s][info][gc             ] GC(1197) Pause Young (Allocation Failure) 990M->512M(1979M) 473.657ms
[814.224s][info][gc,cpu         ] GC(1197) User=0.48s Sys=0.00s Real=0.47s
[814.708s][info][gc,start       ] GC(1198) Pause Young (Allocation Failure)
[814.990s][info][gc,heap        ] GC(1198) DefNew: 629120K(629120K)->49204K(629120K) Eden: 559232K(559232K)->0K(559232K) From: 69888K(69888K)->49204K(69888K)
[814.990s][info][gc,heap        ] GC(1198) Tenured: 455333K(1398144K)->490390K(1398144K)
[814.990s][info][gc,metaspace   ] GC(1198) Metaspace: 22889K(23168K)->22889K(23168K) NonClass: 20091K(20224K)->20091K(20224K) Class: 2798K(2944K)->2798K(2944K)
[814.990s][info][gc             ] GC(1198) Pause Young (Allocation Failure) 1059M->526M(1979M) 281.718ms
[814.990s][info][gc,cpu         ] GC(1198) User=0.30s Sys=0.00s Real=0.28s
[815.136s][info][gc,start       ] GC(1199) Pause Young (Allocation Failure)
[815.542s][info][gc,heap        ] GC(1199) DefNew: 608436K(629120K)->69888K(629120K) Eden: 559232K(559232K)->0K(559232K) From: 49204K(69888K)->69888K(69888K)
[815.542s][info][gc,heap        ] GC(1199) Tenured: 490390K(1398144K)->536494K(1398144K)
[815.542s][info][gc,metaspace   ] GC(1199) Metaspace: 22889K(23168K)->22889K(23168K) NonClass: 20091K(20224K)->20091K(20224K) Class: 2798K(2944K)->2798K(2944K)
[815.543s][info][gc             ] GC(1199) Pause Young (Allocation Failure) 1073M->592M(1979M) 406.127ms
[815.543s][info][gc,cpu         ] GC(1199) User=0.39s Sys=0.00s Real=0.39s
[815.719s][info][gc,start       ] GC(1200) Pause Young (Allocation Failure)
[816.206s][info][gc,heap        ] GC(1200) DefNew: 629120K(629120K)->69887K(629120K) Eden: 559232K(559232K)->0K(559232K) From: 69888K(69888K)->69887K(69888K)
[816.206s][info][gc,heap        ] GC(1200) Tenured: 536494K(1398144K)->597820K(1398144K)
[816.206s][info][gc,metaspace   ] GC(1200) Metaspace: 22889K(23168K)->22889K(23168K) NonClass: 20091K(20224K)->20091K(20224K) Class: 2798K(2944K)->2798K(2944K)
[816.206s][info][gc             ] GC(1200) Pause Young (Allocation Failure) 1138M->652M(1979M) 487.092ms
[816.206s][info][gc,cpu         ] GC(1200) User=0.45s Sys=0.00s Real=0.49s
[816.733s][info][gc,start       ] GC(1201) Pause Young (Allocation Failure)
[817.046s][info][gc,heap        ] GC(1201) DefNew: 629119K(629120K)->59413K(629120K) Eden: 559232K(559232K)->0K(559232K) From: 69887K(69888K)->59413K(69888K)
[817.046s][info][gc,heap        ] GC(1201) Tenured: 597820K(1398144K)->631858K(1398144K)
[817.046s][info][gc,metaspace   ] GC(1201) Metaspace: 22891K(23168K)->22891K(23168K) NonClass: 20092K(20224K)->20092K(20224K) Class: 2798K(2944K)->2798K(2944K)
[817.046s][info][gc             ] GC(1201) Pause Young (Allocation Failure) 1198M->675M(1979M) 312.421ms
[817.046s][info][gc,cpu         ] GC(1201) User=0.31s Sys=0.00s Real=0.30s
[817.196s][info][gc,start       ] GC(1202) Pause Young (Allocation Failure)
[817.632s][info][gc,heap        ] GC(1202) DefNew: 618645K(629120K)->69888K(629120K) Eden: 559232K(559232K)->0K(559232K) From: 59413K(69888K)->69888K(69888K)
[817.632s][info][gc,heap        ] GC(1202) Tenured: 631858K(1398144K)->689087K(1398144K)
[817.632s][info][gc,metaspace   ] GC(1202) Metaspace: 22891K(23168K)->22891K(23168K) NonClass: 20092K(20224K)->20092K(20224K) Class: 2798K(2944K)->2798K(2944K)
[817.632s][info][gc             ] GC(1202) Pause Young (Allocation Failure) 1221M->741M(1979M) 435.611ms
[817.632s][info][gc,cpu         ] GC(1202) User=0.42s Sys=0.00s Real=0.44s
[818.064s][info][gc,start       ] GC(1203) Pause Young (Allocation Failure)
[818.352s][info][gc,heap        ] GC(1203) DefNew: 629120K(629120K)->57195K(629120K) Eden: 559232K(559232K)->0K(559232K) From: 69888K(69888K)->57195K(69888K)
[818.352s][info][gc,heap        ] GC(1203) Tenured: 689087K(1398144K)->725411K(1398144K)
[818.353s][info][gc,metaspace   ] GC(1203) Metaspace: 22891K(23168K)->22891K(23168K) NonClass: 20092K(20224K)->20092K(20224K) Class: 2798K(2944K)->2798K(2944K)
[818.353s][info][gc             ] GC(1203) Pause Young (Allocation Failure) 1287M->764M(1979M) 288.648ms
[818.353s][info][gc,cpu         ] GC(1203) User=0.28s Sys=0.00s Real=0.28s
[818.765s][info][gc,start       ] GC(1204) Pause Young (Allocation Failure)
[819.046s][info][gc,heap        ] GC(1204) DefNew: 616427K(629120K)->62907K(629120K) Eden: 559232K(559232K)->0K(559232K) From: 57195K(69888K)->62907K(69888K)
[819.046s][info][gc,heap        ] GC(1204) Tenured: 725411K(1398144K)->759405K(1398144K)
[819.046s][info][gc,metaspace   ] GC(1204) Metaspace: 22891K(23168K)->22891K(23168K) NonClass: 20092K(20224K)->20092K(20224K) Class: 2798K(2944K)->2798K(2944K)
[819.046s][info][gc             ] GC(1204) Pause Young (Allocation Failure) 1310M->803M(1979M) 281.174ms
[819.046s][info][gc,cpu         ] GC(1204) User=0.22s Sys=0.00s Real=0.27s
[819.185s][info][gc,start       ] GC(1205) Pause Young (Allocation Failure)
[819.615s][info][gc,heap        ] GC(1205) DefNew: 622139K(629120K)->69888K(629120K) Eden: 559232K(559232K)->0K(559232K) From: 62907K(69888K)->69888K(69888K)
[819.615s][info][gc,heap        ] GC(1205) Tenured: 759405K(1398144K)->813616K(1398144K)
[819.615s][info][gc,metaspace   ] GC(1205) Metaspace: 22891K(23168K)->22891K(23168K) NonClass: 20092K(20224K)->20092K(20224K) Class: 2798K(2944K)->2798K(2944K)
[819.615s][info][gc             ] GC(1205) Pause Young (Allocation Failure) 1349M->862M(1979M) 430.072ms
[819.615s][info][gc,cpu         ] GC(1205) User=0.42s Sys=0.00s Real=0.42s
[820.174s][info][gc,start       ] GC(1206) Pause Young (Allocation Failure)
[820.474s][info][gc,heap        ] GC(1206) DefNew: 629120K(629120K)->58956K(629120K) Eden: 559232K(559232K)->0K(559232K) From: 69888K(69888K)->58956K(69888K)
[820.474s][info][gc,heap        ] GC(1206) Tenured: 813616K(1398144K)->847110K(1398144K)
[820.474s][info][gc,metaspace   ] GC(1206) Metaspace: 22891K(23168K)->22891K(23168K) NonClass: 20092K(20224K)->20092K(20224K) Class: 2798K(2944K)->2798K(2944K)
[820.474s][info][gc             ] GC(1206) Pause Young (Allocation Failure) 1408M->884M(1979M) 299.856ms
[820.474s][info][gc,cpu         ] GC(1206) User=0.23s Sys=0.00s Real=0.30s
[820.607s][info][gc,start       ] GC(1207) Pause Young (Allocation Failure)
[821.021s][info][gc,heap        ] GC(1207) DefNew: 618188K(629120K)->68991K(629120K) Eden: 559232K(559232K)->0K(559232K) From: 58956K(69888K)->68991K(69888K)
[821.021s][info][gc,heap        ] GC(1207) Tenured: 847110K(1398144K)->899417K(1398144K)
[821.021s][info][gc,metaspace   ] GC(1207) Metaspace: 22891K(23168K)->22891K(23168K) NonClass: 20092K(20224K)->20092K(20224K) Class: 2798K(2944K)->2798K(2944K)
[821.021s][info][gc             ] GC(1207) Pause Young (Allocation Failure) 1430M->945M(1979M) 413.856ms
[821.021s][info][gc,cpu         ] GC(1207) User=0.42s Sys=0.00s Real=0.43s
[821.256s][info][gc,start       ] GC(1208) Pause Young (Allocation Failure)
[821.717s][info][gc,heap        ] GC(1208) DefNew: 628223K(629120K)->69888K(629120K) Eden: 559232K(559232K)->0K(559232K) From: 68991K(69888K)->69888K(69888K)
[821.717s][info][gc,heap        ] GC(1208) Tenured: 899417K(1398144K)->951747K(1398144K)
[821.717s][info][gc,metaspace   ] GC(1208) Metaspace: 22891K(23168K)->22891K(23168K) NonClass: 20092K(20224K)->20092K(20224K) Class: 2798K(2944K)->2798K(2944K)
[821.717s][info][gc             ] GC(1208) Pause Young (Allocation Failure) 1491M->997M(1979M) 461.192ms
[821.717s][info][gc,cpu         ] GC(1208) User=0.45s Sys=0.00s Real=0.45s
[822.211s][info][gc,start       ] GC(1209) Pause Young (Allocation Failure)
[822.515s][info][gc,heap        ] GC(1209) DefNew: 629120K(629120K)->59654K(629120K) Eden: 559232K(559232K)->0K(559232K) From: 69888K(69888K)->59654K(69888K)
[822.515s][info][gc,heap        ] GC(1209) Tenured: 951747K(1398144K)->986001K(1398144K)
[822.515s][info][gc,metaspace   ] GC(1209) Metaspace: 22891K(23168K)->22891K(23168K) NonClass: 20092K(20224K)->20092K(20224K) Class: 2798K(2944K)->2798K(2944K)
[822.515s][info][gc             ] GC(1209) Pause Young (Allocation Failure) 1543M->1021M(1979M) 304.102ms
[822.515s][info][gc,cpu         ] GC(1209) User=0.25s Sys=0.00s Real=0.31s
[822.664s][info][gc,start       ] GC(1210) Pause Young (Allocation Failure)
[823.118s][info][gc,heap        ] GC(1210) DefNew: 618886K(629120K)->69888K(629120K) Eden: 559232K(559232K)->0K(559232K) From: 59654K(69888K)->69888K(69888K)
[823.118s][info][gc,heap        ] GC(1210) Tenured: 986001K(1398144K)->1044667K(1398144K)
[823.118s][info][gc,metaspace   ] GC(1210) Metaspace: 22891K(23168K)->22891K(23168K) NonClass: 20092K(20224K)->20092K(20224K) Class: 2798K(2944K)->2798K(2944K)
[823.118s][info][gc             ] GC(1210) Pause Young (Allocation Failure) 1567M->1088M(1979M) 454.079ms
[823.118s][info][gc,cpu         ] GC(1210) User=0.45s Sys=0.00s Real=0.46s
[823.663s][info][gc,start       ] GC(1211) Pause Young (Allocation Failure)
[823.923s][info][gc,heap        ] GC(1211) DefNew: 629120K(629120K)->47557K(629120K) Eden: 559232K(559232K)->0K(559232K) From: 69888K(69888K)->47557K(69888K)
[823.923s][info][gc,heap        ] GC(1211) Tenured: 1044667K(1398144K)->1080154K(1398144K)
[823.923s][info][gc,metaspace   ] GC(1211) Metaspace: 22891K(23168K)->22891K(23168K) NonClass: 20092K(20224K)->20092K(20224K) Class: 2798K(2944K)->2798K(2944K)
[823.923s][info][gc             ] GC(1211) Pause Young (Allocation Failure) 1634M->1101M(1979M) 260.036ms
[823.923s][info][gc,cpu         ] GC(1211) User=0.25s Sys=0.00s Real=0.27s
[824.126s][info][gc,start       ] GC(1212) Pause Young (Allocation Failure)
[824.497s][info][gc,heap        ] GC(1212) DefNew: 606789K(629120K)->69888K(629120K) Eden: 559232K(559232K)->0K(559232K) From: 47557K(69888K)->69888K(69888K)
[824.497s][info][gc,heap        ] GC(1212) Tenured: 1080154K(1398144K)->1123561K(1398144K)
[824.497s][info][gc,metaspace   ] GC(1212) Metaspace: 22891K(23168K)->22891K(23168K) NonClass: 20092K(20224K)->20092K(20224K) Class: 2798K(2944K)->2798K(2944K)
[824.497s][info][gc             ] GC(1212) Pause Young (Allocation Failure) 1647M->1165M(1979M) 371.015ms
[824.497s][info][gc,cpu         ] GC(1212) User=0.38s Sys=0.00s Real=0.36s
[824.640s][info][gc,start       ] GC(1213) Pause Young (Allocation Failure)
[825.122s][info][gc,heap        ] GC(1213) DefNew: 629120K(629120K)->69887K(629120K) Eden: 559232K(559232K)->0K(559232K) From: 69888K(69888K)->69887K(69888K)
[825.122s][info][gc,heap        ] GC(1213) Tenured: 1123561K(1398144K)->1187175K(1398144K)
[825.122s][info][gc,metaspace   ] GC(1213) Metaspace: 22891K(23168K)->22891K(23168K) NonClass: 20092K(20224K)->20092K(20224K) Class: 2798K(2944K)->2798K(2944K)
[825.122s][info][gc             ] GC(1213) Pause Young (Allocation Failure) 1711M->1227M(1979M) 481.616ms
[825.122s][info][gc,cpu         ] GC(1213) User=0.47s Sys=0.00s Real=0.49s
[825.674s][info][gc,start       ] GC(1214) Pause Young (Allocation Failure)
[825.957s][info][gc,heap        ] GC(1214) DefNew: 629119K(629120K)->50789K(629120K) Eden: 559232K(559232K)->0K(559232K) From: 69887K(69888K)->50789K(69888K)
[825.957s][info][gc,heap        ] GC(1214) Tenured: 1187175K(1398144K)->1221462K(1398144K)
[825.957s][info][gc,metaspace   ] GC(1214) Metaspace: 22891K(23168K)->22891K(23168K) NonClass: 20092K(20224K)->20092K(20224K) Class: 2798K(2944K)->2798K(2944K)
[825.957s][info][gc             ] GC(1214) Pause Young (Allocation Failure) 1773M->1242M(1979M) 282.996ms
[825.957s][info][gc,cpu         ] GC(1214) User=0.30s Sys=0.00s Real=0.30s
[826.097s][info][gc,start       ] GC(1215) Pause Young (Allocation Failure)
[826.506s][info][gc,heap        ] GC(1215) DefNew: 610021K(629120K)->69887K(629120K) Eden: 559232K(559232K)->0K(559232K) From: 50789K(69888K)->69887K(69888K)
[826.506s][info][gc,heap        ] GC(1215) Tenured: 1221462K(1398144K)->1267789K(1398144K)
[826.506s][info][gc,metaspace   ] GC(1215) Metaspace: 22891K(23168K)->22891K(23168K) NonClass: 20092K(20224K)->20092K(20224K) Class: 2798K(2944K)->2798K(2944K)
[826.506s][info][gc             ] GC(1215) Pause Young (Allocation Failure) 1788M->1306M(1979M) 409.214ms
[826.506s][info][gc,cpu         ] GC(1215) User=0.39s Sys=0.00s Real=0.41s
[826.782s][info][gc,start       ] GC(1216) Pause Young (Allocation Failure)
[827.198s][info][gc,heap        ] GC(1216) DefNew: 629119K(629120K)->69888K(629120K) Eden: 559232K(559232K)->0K(559232K) From: 69887K(69888K)->69888K(69888K)
[827.198s][info][gc,heap        ] GC(1216) Tenured: 1267789K(1398144K)->1320028K(1398144K)
[827.198s][info][gc,metaspace   ] GC(1216) Metaspace: 22891K(23168K)->22891K(23168K) NonClass: 20092K(20224K)->20092K(20224K) Class: 2798K(2944K)->2798K(2944K)
[827.198s][info][gc             ] GC(1216) Pause Young (Allocation Failure) 1852M->1357M(1979M) 416.377ms
[827.198s][info][gc,cpu         ] GC(1216) User=0.34s Sys=0.00s Real=0.42s
[827.563s][info][gc,start       ] GC(1217) Pause Full (System.gc())
[827.563s][info][gc,phases,start] GC(1217) Phase 1: Mark live objects
[827.760s][info][gc,phases      ] GC(1217) Phase 1: Mark live objects 197.081ms
[827.760s][info][gc,phases,start] GC(1217) Phase 2: Compute new object addresses
[827.997s][info][gc,phases      ] GC(1217) Phase 2: Compute new object addresses 237.525ms
[827.997s][info][gc,phases,start] GC(1217) Phase 3: Adjust pointers
[828.083s][info][gc,phases      ] GC(1217) Phase 3: Adjust pointers 85.312ms
[828.083s][info][gc,phases,start] GC(1217) Phase 4: Move objects
[828.119s][info][gc,phases      ] GC(1217) Phase 4: Move objects 35.698ms
[828.119s][info][gc,heap        ] GC(1217) DefNew: 295881K(629120K)->0K(629120K) Eden: 225993K(559232K)->0K(559232K) From: 69888K(69888K)->0K(69888K)
[828.119s][info][gc,heap        ] GC(1217) Tenured: 1320028K(1398144K)->148842K(1398144K)
[828.119s][info][gc,metaspace   ] GC(1217) Metaspace: 22891K(23168K)->22891K(23168K) NonClass: 20092K(20224K)->20092K(20224K) Class: 2798K(2944K)->2798K(2944K)
[828.119s][info][gc             ] GC(1217) Pause Full (System.gc()) 1578M->145M(1979M) 556.260ms
[828.119s][info][gc,cpu         ] GC(1217) User=0.53s Sys=0.00s Real=0.54s
[828.276s][info][gc,start       ] GC(1218) Pause Young (Allocation Failure)
[828.579s][info][gc,heap        ] GC(1218) DefNew: 559232K(629120K)->69887K(629120K) Eden: 559232K(559232K)->0K(559232K) From: 0K(69888K)->69887K(69888K)
[828.579s][info][gc,heap        ] GC(1218) Tenured: 148842K(1398144K)->154122K(1398144K)
[828.579s][info][gc,metaspace   ] GC(1218) Metaspace: 22891K(23168K)->22891K(23168K) NonClass: 20092K(20224K)->20092K(20224K) Class: 2798K(2944K)->2798K(2944K)
[828.579s][info][gc             ] GC(1218) Pause Young (Allocation Failure) 691M->218M(1979M) 303.164ms
[828.579s][info][gc,cpu         ] GC(1218) User=0.30s Sys=0.00s Real=0.31s
[828.729s][info][gc,start       ] GC(1219) Pause Young (Allocation Failure)
[829.213s][info][gc,heap        ] GC(1219) DefNew: 629119K(629120K)->69887K(629120K) Eden: 559232K(559232K)->0K(559232K) From: 69887K(69888K)->69887K(69888K)
[829.213s][info][gc,heap        ] GC(1219) Tenured: 154122K(1398144K)->221509K(1398144K)
[829.213s][info][gc,metaspace   ] GC(1219) Metaspace: 22891K(23168K)->22891K(23168K) NonClass: 20092K(20224K)->20092K(20224K) Class: 2798K(2944K)->2798K(2944K)
[829.213s][info][gc             ] GC(1219) Pause Young (Allocation Failure) 764M->284M(1979M) 484.713ms
[829.213s][info][gc,cpu         ] GC(1219) User=0.48s Sys=0.00s Real=0.49s
[829.738s][info][gc,start       ] GC(1220) Pause Young (Allocation Failure)
[830.043s][info][gc,heap        ] GC(1220) DefNew: 629119K(629120K)->58191K(629120K) Eden: 559232K(559232K)->0K(559232K) From: 69887K(69888K)->58191K(69888K)
[830.043s][info][gc,heap        ] GC(1220) Tenured: 221509K(1398144K)->258162K(1398144K)
[830.043s][info][gc,metaspace   ] GC(1220) Metaspace: 22891K(23168K)->22891K(23168K) NonClass: 20092K(20224K)->20092K(20224K) Class: 2798K(2944K)->2798K(2944K)
[830.043s][info][gc             ] GC(1220) Pause Young (Allocation Failure) 830M->308M(1979M) 304.599ms
[830.043s][info][gc,cpu         ] GC(1220) User=0.28s Sys=0.00s Real=0.30s
[830.189s][info][gc,start       ] GC(1221) Pause Young (Allocation Failure)
[830.615s][info][gc,heap        ] GC(1221) DefNew: 617423K(629120K)->69888K(629120K) Eden: 559232K(559232K)->0K(559232K) From: 58191K(69888K)->69888K(69888K)
[830.615s][info][gc,heap        ] GC(1221) Tenured: 258162K(1398144K)->314529K(1398144K)
[830.615s][info][gc,metaspace   ] GC(1221) Metaspace: 22891K(23168K)->22891K(23168K) NonClass: 20092K(20224K)->20092K(20224K) Class: 2798K(2944K)->2798K(2944K)
[830.615s][info][gc             ] GC(1221) Pause Young (Allocation Failure) 855M->375M(1979M) 425.749ms
[830.615s][info][gc,cpu         ] GC(1221) User=0.39s Sys=0.00s Real=0.42s
[830.974s][info][gc,start       ] GC(1222) Pause Young (Allocation Failure)
[831.289s][info][gc,heap        ] GC(1222) DefNew: 629120K(629120K)->65797K(629120K) Eden: 559232K(559232K)->0K(559232K) From: 69888K(69888K)->65797K(69888K)
[831.289s][info][gc,heap        ] GC(1222) Tenured: 314529K(1398144K)->352044K(1398144K)
[831.289s][info][gc,metaspace   ] GC(1222) Metaspace: 22891K(23168K)->22891K(23168K) NonClass: 20092K(20224K)->20092K(20224K) Class: 2798K(2944K)->2798K(2944K)
[831.289s][info][gc             ] GC(1222) Pause Young (Allocation Failure) 921M->408M(1979M) 314.770ms
[831.289s][info][gc,cpu         ] GC(1222) User=0.31s Sys=0.00s Real=0.31s
[831.623s][info][gc,start       ] GC(1223) Pause Young (Allocation Failure)
[831.937s][info][gc,heap        ] GC(1223) DefNew: 625029K(629120K)->68085K(629120K) Eden: 559232K(559232K)->0K(559232K) From: 65797K(69888K)->68085K(69888K)
[831.937s][info][gc,heap        ] GC(1223) Tenured: 352044K(1398144K)->387987K(1398144K)
[831.937s][info][gc,metaspace   ] GC(1223) Metaspace: 22891K(23168K)->22891K(23168K) NonClass: 20092K(20224K)->20092K(20224K) Class: 2798K(2944K)->2798K(2944K)
[831.937s][info][gc             ] GC(1223) Pause Young (Allocation Failure) 954M->445M(1979M) 313.631ms
[831.937s][info][gc,cpu         ] GC(1223) User=0.33s Sys=0.00s Real=0.31s
[832.082s][info][gc,start       ] GC(1224) Pause Young (Allocation Failure)
[832.530s][info][gc,heap        ] GC(1224) DefNew: 627317K(629120K)->69888K(629120K) Eden: 559232K(559232K)->0K(559232K) From: 68085K(69888K)->69888K(69888K)
[832.530s][info][gc,heap        ] GC(1224) Tenured: 387987K(1398144K)->451202K(1398144K)
[832.530s][info][gc,metaspace   ] GC(1224) Metaspace: 22891K(23168K)->22891K(23168K) NonClass: 20092K(20224K)->20092K(20224K) Class: 2798K(2944K)->2798K(2944K)
[832.530s][info][gc             ] GC(1224) Pause Young (Allocation Failure) 991M->508M(1979M) 448.046ms
[832.530s][info][gc,cpu         ] GC(1224) User=0.45s Sys=0.00s Real=0.44s
[833.154s][info][gc,start       ] GC(1225) Pause Young (Allocation Failure)
[833.427s][info][gc,heap        ] GC(1225) DefNew: 629120K(629120K)->51922K(629120K) Eden: 559232K(559232K)->0K(559232K) From: 69888K(69888K)->51922K(69888K)
[833.427s][info][gc,heap        ] GC(1225) Tenured: 451202K(1398144K)->484941K(1398144K)
[833.427s][info][gc,metaspace   ] GC(1225) Metaspace: 22893K(23168K)->22893K(23168K) NonClass: 20095K(20224K)->20095K(20224K) Class: 2798K(2944K)->2798K(2944K)
[833.427s][info][gc             ] GC(1225) Pause Young (Allocation Failure) 1055M->524M(1979M) 272.944ms
[833.427s][info][gc,cpu         ] GC(1225) User=0.30s Sys=0.00s Real=0.27s
[833.565s][info][gc,start       ] GC(1226) Pause Young (Allocation Failure)
[833.969s][info][gc,heap        ] GC(1226) DefNew: 611154K(629120K)->69887K(629120K) Eden: 559232K(559232K)->0K(559232K) From: 51922K(69888K)->69887K(69888K)
[833.969s][info][gc,heap        ] GC(1226) Tenured: 484941K(1398144K)->534559K(1398144K)
[833.969s][info][gc,metaspace   ] GC(1226) Metaspace: 22893K(23168K)->22893K(23168K) NonClass: 20095K(20224K)->20095K(20224K) Class: 2798K(2944K)->2798K(2944K)
[833.969s][info][gc             ] GC(1226) Pause Young (Allocation Failure) 1070M->590M(1979M) 403.553ms
[833.969s][info][gc,cpu         ] GC(1226) User=0.36s Sys=0.00s Real=0.41s
[834.134s][info][gc,start       ] GC(1227) Pause Young (Allocation Failure)
[834.608s][info][gc,heap        ] GC(1227) DefNew: 629119K(629120K)->69887K(629120K) Eden: 559232K(559232K)->0K(559232K) From: 69887K(69888K)->69887K(69888K)
[834.608s][info][gc,heap        ] GC(1227) Tenured: 534559K(1398144K)->592136K(1398144K)
[834.608s][info][gc,metaspace   ] GC(1227) Metaspace: 22893K(23168K)->22893K(23168K) NonClass: 20095K(20224K)->20095K(20224K) Class: 2798K(2944K)->2798K(2944K)
[834.608s][info][gc             ] GC(1227) Pause Young (Allocation Failure) 1136M->646M(1979M) 473.676ms
[834.608s][info][gc,cpu         ] GC(1227) User=0.48s Sys=0.00s Real=0.49s
[835.118s][info][gc,start       ] GC(1228) Pause Young (Allocation Failure)
[835.418s][info][gc,heap        ] GC(1228) DefNew: 629119K(629120K)->55052K(629120K) Eden: 559232K(559232K)->0K(559232K) From: 69887K(69888K)->55052K(69888K)
[835.418s][info][gc,heap        ] GC(1228) Tenured: 592136K(1398144K)->626270K(1398144K)
[835.418s][info][gc,metaspace   ] GC(1228) Metaspace: 22893K(23168K)->22893K(23168K) NonClass: 20095K(20224K)->20095K(20224K) Class: 2798K(2944K)->2798K(2944K)
[835.418s][info][gc             ] GC(1228) Pause Young (Allocation Failure) 1192M->665M(1979M) 299.955ms
[835.418s][info][gc,cpu         ] GC(1228) User=0.30s Sys=0.00s Real=0.30s
[835.567s][info][gc,start       ] GC(1229) Pause Young (Allocation Failure)
[836.001s][info][gc,heap        ] GC(1229) DefNew: 614284K(629120K)->69887K(629120K) Eden: 559232K(559232K)->0K(559232K) From: 55052K(69888K)->69887K(69888K)
[836.001s][info][gc,heap        ] GC(1229) Tenured: 626270K(1398144K)->679096K(1398144K)
[836.001s][info][gc,metaspace   ] GC(1229) Metaspace: 22893K(23168K)->22893K(23168K) NonClass: 20095K(20224K)->20095K(20224K) Class: 2798K(2944K)->2798K(2944K)
[836.001s][info][gc             ] GC(1229) Pause Young (Allocation Failure) 1211M->731M(1979M) 434.318ms
[836.001s][info][gc,cpu         ] GC(1229) User=0.42s Sys=0.00s Real=0.42s
[836.426s][info][gc,start       ] GC(1230) Pause Young (Allocation Failure)
[836.730s][info][gc,heap        ] GC(1230) DefNew: 629119K(629120K)->61268K(629120K) Eden: 559232K(559232K)->0K(559232K) From: 69887K(69888K)->61268K(69888K)
[836.731s][info][gc,heap        ] GC(1230) Tenured: 679096K(1398144K)->716872K(1398144K)
[836.731s][info][gc,metaspace   ] GC(1230) Metaspace: 22893K(23168K)->22893K(23168K) NonClass: 20095K(20224K)->20095K(20224K) Class: 2798K(2944K)->2798K(2944K)
[836.731s][info][gc             ] GC(1230) Pause Young (Allocation Failure) 1277M->759M(1979M) 305.005ms
[836.731s][info][gc,cpu         ] GC(1230) User=0.30s Sys=0.00s Real=0.31s
[837.056s][info][gc,start       ] GC(1231) Pause Young (Allocation Failure)
[837.399s][info][gc,heap        ] GC(1231) DefNew: 620500K(629120K)->69887K(629120K) Eden: 559232K(559232K)->0K(559232K) From: 61268K(69888K)->69887K(69888K)
[837.399s][info][gc,heap        ] GC(1231) Tenured: 716872K(1398144K)->754315K(1398144K)
[837.399s][info][gc,metaspace   ] GC(1231) Metaspace: 22893K(23168K)->22893K(23168K) NonClass: 20095K(20224K)->20095K(20224K) Class: 2798K(2944K)->2798K(2944K)
[837.399s][info][gc             ] GC(1231) Pause Young (Allocation Failure) 1306M->804M(1979M) 342.692ms
[837.399s][info][gc,cpu         ] GC(1231) User=0.31s Sys=0.00s Real=0.33s
[837.537s][info][gc,start       ] GC(1232) Pause Young (Allocation Failure)
[837.991s][info][gc,heap        ] GC(1232) DefNew: 629119K(629120K)->69887K(629120K) Eden: 559232K(559232K)->0K(559232K) From: 69887K(69888K)->69887K(69888K)
[837.991s][info][gc,heap        ] GC(1232) Tenured: 754315K(1398144K)->816147K(1398144K)
[837.991s][info][gc,metaspace   ] GC(1232) Metaspace: 22893K(23168K)->22893K(23168K) NonClass: 20095K(20224K)->20095K(20224K) Class: 2798K(2944K)->2798K(2944K)
[837.991s][info][gc             ] GC(1232) Pause Young (Allocation Failure) 1351M->865M(1979M) 454.786ms
[837.991s][info][gc,cpu         ] GC(1232) User=0.42s Sys=0.00s Real=0.46s
[838.586s][info][gc,start       ] GC(1233) Pause Young (Allocation Failure)
[838.862s][info][gc,heap        ] GC(1233) DefNew: 629119K(629120K)->50946K(629120K) Eden: 559232K(559232K)->0K(559232K) From: 69887K(69888K)->50946K(69888K)
[838.862s][info][gc,heap        ] GC(1233) Tenured: 816147K(1398144K)->848406K(1398144K)
[838.862s][info][gc,metaspace   ] GC(1233) Metaspace: 22893K(23168K)->22893K(23168K) NonClass: 20095K(20224K)->20095K(20224K) Class: 2798K(2944K)->2798K(2944K)
[838.862s][info][gc             ] GC(1233) Pause Young (Allocation Failure) 1411M->878M(1979M) 275.931ms
[838.862s][info][gc,cpu         ] GC(1233) User=0.30s Sys=0.02s Real=0.28s
[839.008s][info][gc,start       ] GC(1234) Pause Young (Allocation Failure)
[839.420s][info][gc,heap        ] GC(1234) DefNew: 610178K(629120K)->69887K(629120K) Eden: 559232K(559232K)->0K(559232K) From: 50946K(69888K)->69887K(69888K)
[839.420s][info][gc,heap        ] GC(1234) Tenured: 848406K(1398144K)->896131K(1398144K)
[839.420s][info][gc,metaspace   ] GC(1234) Metaspace: 22893K(23168K)->22893K(23168K) NonClass: 20095K(20224K)->20095K(20224K) Class: 2798K(2944K)->2798K(2944K)
[839.420s][info][gc             ] GC(1234) Pause Young (Allocation Failure) 1424M->943M(1979M) 412.014ms
[839.420s][info][gc,cpu         ] GC(1234) User=0.41s Sys=0.00s Real=0.42s
[839.661s][info][gc,start       ] GC(1235) Pause Young (Allocation Failure)
[840.124s][info][gc,heap        ] GC(1235) DefNew: 629119K(629120K)->69888K(629120K) Eden: 559232K(559232K)->0K(559232K) From: 69887K(69888K)->69888K(69888K)
[840.124s][info][gc,heap        ] GC(1235) Tenured: 896131K(1398144K)->948393K(1398144K)
[840.124s][info][gc,metaspace   ] GC(1235) Metaspace: 22893K(23168K)->22893K(23168K) NonClass: 20095K(20224K)->20095K(20224K) Class: 2798K(2944K)->2798K(2944K)
[840.124s][info][gc             ] GC(1235) Pause Young (Allocation Failure) 1489M->994M(1979M) 463.765ms
[840.124s][info][gc,cpu         ] GC(1235) User=0.44s Sys=0.00s Real=0.46s
[840.619s][info][gc,start       ] GC(1236) Pause Young (Allocation Failure)
[840.919s][info][gc,heap        ] GC(1236) DefNew: 629120K(629120K)->66080K(629120K) Eden: 559232K(559232K)->0K(559232K) From: 69888K(69888K)->66080K(69888K)
[840.919s][info][gc,heap        ] GC(1236) Tenured: 948393K(1398144K)->981662K(1398144K)
[840.919s][info][gc,metaspace   ] GC(1236) Metaspace: 22893K(23168K)->22893K(23168K) NonClass: 20095K(20224K)->20095K(20224K) Class: 2798K(2944K)->2798K(2944K)
[840.919s][info][gc             ] GC(1236) Pause Young (Allocation Failure) 1540M->1023M(1979M) 300.319ms
[840.919s][info][gc,cpu         ] GC(1236) User=0.30s Sys=0.00s Real=0.30s
[841.070s][info][gc,start       ] GC(1237) Pause Young (Allocation Failure)
[841.497s][info][gc,heap        ] GC(1237) DefNew: 625312K(629120K)->69887K(629120K) Eden: 559232K(559232K)->0K(559232K) From: 66080K(69888K)->69887K(69888K)
[841.497s][info][gc,heap        ] GC(1237) Tenured: 981662K(1398144K)->1045965K(1398144K)
[841.497s][info][gc,metaspace   ] GC(1237) Metaspace: 22893K(23168K)->22893K(23168K) NonClass: 20095K(20224K)->20095K(20224K) Class: 2798K(2944K)->2798K(2944K)
[841.497s][info][gc             ] GC(1237) Pause Young (Allocation Failure) 1569M->1089M(1979M) 426.823ms
[841.497s][info][gc,cpu         ] GC(1237) User=0.41s Sys=0.00s Real=0.42s
[842.007s][info][gc,start       ] GC(1238) Pause Young (Allocation Failure)
[842.248s][info][gc,heap        ] GC(1238) DefNew: 629119K(629120K)->41287K(629120K) Eden: 559232K(559232K)->0K(559232K) From: 69887K(69888K)->41287K(69888K)
[842.248s][info][gc,heap        ] GC(1238) Tenured: 1045965K(1398144K)->1080610K(1398144K)
[842.248s][info][gc,metaspace   ] GC(1238) Metaspace: 22893K(23168K)->22893K(23168K) NonClass: 20095K(20224K)->20095K(20224K) Class: 2798K(2944K)->2798K(2944K)
[842.248s][info][gc             ] GC(1238) Pause Young (Allocation Failure) 1635M->1095M(1979M) 240.921ms
[842.248s][info][gc,cpu         ] GC(1238) User=0.23s Sys=0.00s Real=0.25s
[842.397s][info][gc,start       ] GC(1239) Pause Young (Allocation Failure)
[842.779s][info][gc,heap        ] GC(1239) DefNew: 600519K(629120K)->69887K(629120K) Eden: 559232K(559232K)->0K(559232K) From: 41287K(69888K)->69887K(69888K)
[842.779s][info][gc,heap        ] GC(1239) Tenured: 1080610K(1398144K)->1123460K(1398144K)
[842.779s][info][gc,metaspace   ] GC(1239) Metaspace: 22893K(23168K)->22893K(23168K) NonClass: 20095K(20224K)->20095K(20224K) Class: 2798K(2944K)->2798K(2944K)
[842.779s][info][gc             ] GC(1239) Pause Young (Allocation Failure) 1641M->1165M(1979M) 382.272ms
[842.779s][info][gc,cpu         ] GC(1239) User=0.39s Sys=0.00s Real=0.39s
[842.933s][info][gc,start       ] GC(1240) Pause Young (Allocation Failure)
[843.421s][info][gc,heap        ] GC(1240) DefNew: 629119K(629120K)->69888K(629120K) Eden: 559232K(559232K)->0K(559232K) From: 69887K(69888K)->69888K(69888K)
[843.421s][info][gc,heap        ] GC(1240) Tenured: 1123460K(1398144K)->1192992K(1398144K)
[843.421s][info][gc,metaspace   ] GC(1240) Metaspace: 22893K(23168K)->22893K(23168K) NonClass: 20095K(20224K)->20095K(20224K) Class: 2798K(2944K)->2798K(2944K)
[843.421s][info][gc             ] GC(1240) Pause Young (Allocation Failure) 1711M->1233M(1979M) 487.548ms
[843.421s][info][gc,cpu         ] GC(1240) User=0.48s Sys=0.00s Real=0.49s
[843.940s][info][gc,start       ] GC(1241) Pause Young (Allocation Failure)
[844.241s][info][gc,heap        ] GC(1241) DefNew: 629120K(629120K)->58515K(629120K) Eden: 559232K(559232K)->0K(559232K) From: 69888K(69888K)->58515K(69888K)
[844.241s][info][gc,heap        ] GC(1241) Tenured: 1192992K(1398144K)->1224729K(1398144K)
[844.241s][info][gc,metaspace   ] GC(1241) Metaspace: 22893K(23168K)->22893K(23168K) NonClass: 20095K(20224K)->20095K(20224K) Class: 2798K(2944K)->2798K(2944K)
[844.241s][info][gc             ] GC(1241) Pause Young (Allocation Failure) 1779M->1253M(1979M) 300.657ms
[844.241s][info][gc,cpu         ] GC(1241) User=0.30s Sys=0.00s Real=0.31s
[844.388s][info][gc,start       ] GC(1242) Pause Young (Allocation Failure)
[844.832s][info][gc,heap        ] GC(1242) DefNew: 617747K(629120K)->69887K(629120K) Eden: 559232K(559232K)->0K(559232K) From: 58515K(69888K)->69887K(69888K)
[844.832s][info][gc,heap        ] GC(1242) Tenured: 1224729K(1398144K)->1281805K(1398144K)
[844.832s][info][gc,metaspace   ] GC(1242) Metaspace: 22893K(23168K)->22893K(23168K) NonClass: 20095K(20224K)->20095K(20224K) Class: 2798K(2944K)->2798K(2944K)
[844.832s][info][gc             ] GC(1242) Pause Young (Allocation Failure) 1799M->1320M(1979M) 444.469ms
[844.832s][info][gc,cpu         ] GC(1242) User=0.44s Sys=0.00s Real=0.44s
[845.208s][info][gc,start       ] GC(1243) Pause Young (Allocation Failure)
[845.522s][info][gc,heap        ] GC(1243) DefNew: 629119K(629120K)->64372K(629120K) Eden: 559232K(559232K)->0K(559232K) From: 69887K(69888K)->64372K(69888K)
[845.522s][info][gc,heap        ] GC(1243) Tenured: 1281805K(1398144K)->1318960K(1398144K)
[845.522s][info][gc,metaspace   ] GC(1243) Metaspace: 22893K(23168K)->22893K(23168K) NonClass: 20095K(20224K)->20095K(20224K) Class: 2798K(2944K)->2798K(2944K)
[845.522s][info][gc             ] GC(1243) Pause Young (Allocation Failure) 1866M->1350M(1979M) 314.483ms
[845.522s][info][gc,cpu         ] GC(1243) User=0.28s Sys=0.00s Real=0.32s
[845.726s][info][gc,start       ] GC(1244) Pause Full (System.gc())
[845.726s][info][gc,phases,start] GC(1244) Phase 1: Mark live objects
[845.901s][info][gc,phases      ] GC(1244) Phase 1: Mark live objects 175.509ms
[845.901s][info][gc,phases,start] GC(1244) Phase 2: Compute new object addresses
[846.121s][info][gc,phases      ] GC(1244) Phase 2: Compute new object addresses 220.050ms
[846.121s][info][gc,phases,start] GC(1244) Phase 3: Adjust pointers
[846.196s][info][gc,phases      ] GC(1244) Phase 3: Adjust pointers 74.107ms
[846.196s][info][gc,phases,start] GC(1244) Phase 4: Move objects
[846.226s][info][gc,phases      ] GC(1244) Phase 4: Move objects 29.977ms
[846.226s][info][gc,heap        ] GC(1244) DefNew: 188109K(629120K)->0K(629120K) Eden: 123737K(559232K)->0K(559232K) From: 64372K(69888K)->0K(69888K)
[846.226s][info][gc,heap        ] GC(1244) Tenured: 1318960K(1398144K)->104831K(1398144K)
[846.226s][info][gc,metaspace   ] GC(1244) Metaspace: 22893K(23168K)->22893K(23168K) NonClass: 20095K(20224K)->20095K(20224K) Class: 2798K(2944K)->2798K(2944K)
[846.226s][info][gc             ] GC(1244) Pause Full (System.gc()) 1471M->102M(1979M) 500.337ms
[846.226s][info][gc,cpu         ] GC(1244) User=0.48s Sys=0.00s Real=0.50s
[846.382s][info][gc,start       ] GC(1245) Pause Young (Allocation Failure)
[846.686s][info][gc,heap        ] GC(1245) DefNew: 559232K(629120K)->69887K(629120K) Eden: 559232K(559232K)->0K(559232K) From: 0K(69888K)->69887K(69888K)
[846.686s][info][gc,heap        ] GC(1245) Tenured: 104831K(1398144K)->108135K(1398144K)
[846.686s][info][gc,metaspace   ] GC(1245) Metaspace: 22893K(23168K)->22893K(23168K) NonClass: 20095K(20224K)->20095K(20224K) Class: 2798K(2944K)->2798K(2944K)
[846.686s][info][gc             ] GC(1245) Pause Young (Allocation Failure) 648M->173M(1979M) 303.695ms
[846.686s][info][gc,cpu         ] GC(1245) User=0.27s Sys=0.00s Real=0.30s
[846.842s][info][gc,start       ] GC(1246) Pause Young (Allocation Failure)
[847.340s][info][gc,heap        ] GC(1246) DefNew: 629119K(629120K)->69888K(629120K) Eden: 559232K(559232K)->0K(559232K) From: 69887K(69888K)->69888K(69888K)
[847.340s][info][gc,heap        ] GC(1246) Tenured: 108135K(1398144K)->178160K(1398144K)
[847.340s][info][gc,metaspace   ] GC(1246) Metaspace: 22893K(23168K)->22893K(23168K) NonClass: 20095K(20224K)->20095K(20224K) Class: 2798K(2944K)->2798K(2944K)
[847.340s][info][gc             ] GC(1246) Pause Young (Allocation Failure) 719M->242M(1979M) 498.497ms
[847.340s][info][gc,cpu         ] GC(1246) User=0.50s Sys=0.00s Real=0.50s
[847.884s][info][gc,start       ] GC(1247) Pause Young (Allocation Failure)
[848.188s][info][gc,heap        ] GC(1247) DefNew: 629120K(629120K)->56064K(629120K) Eden: 559232K(559232K)->0K(559232K) From: 69888K(69888K)->56064K(69888K)
[848.188s][info][gc,heap        ] GC(1247) Tenured: 178160K(1398144K)->214867K(1398144K)
[848.188s][info][gc,metaspace   ] GC(1247) Metaspace: 22893K(23168K)->22893K(23168K) NonClass: 20095K(20224K)->20095K(20224K) Class: 2798K(2944K)->2798K(2944K)
[848.188s][info][gc             ] GC(1247) Pause Young (Allocation Failure) 788M->264M(1979M) 304.408ms
[848.188s][info][gc,cpu         ] GC(1247) User=0.30s Sys=0.00s Real=0.31s
[848.326s][info][gc,start       ] GC(1248) Pause Young (Allocation Failure)
[848.752s][info][gc,heap        ] GC(1248) DefNew: 615296K(629120K)->69887K(629120K) Eden: 559232K(559232K)->0K(559232K) From: 56064K(69888K)->69887K(69888K)
[848.752s][info][gc,heap        ] GC(1248) Tenured: 214867K(1398144K)->266467K(1398144K)
[848.752s][info][gc,metaspace   ] GC(1248) Metaspace: 22893K(23168K)->22893K(23168K) NonClass: 20095K(20224K)->20095K(20224K) Class: 2798K(2944K)->2798K(2944K)
[848.752s][info][gc             ] GC(1248) Pause Young (Allocation Failure) 810M->328M(1979M) 425.622ms
[848.752s][info][gc,cpu         ] GC(1248) User=0.41s Sys=0.00s Real=0.44s
[849.103s][info][gc,start       ] GC(1249) Pause Young (Allocation Failure)
[849.448s][info][gc,heap        ] GC(1249) DefNew: 629119K(629120K)->68772K(629120K) Eden: 559232K(559232K)->0K(559232K) From: 69887K(69888K)->68772K(69888K)
[849.448s][info][gc,heap        ] GC(1249) Tenured: 266467K(1398144K)->308245K(1398144K)
[849.448s][info][gc,metaspace   ] GC(1249) Metaspace: 22893K(23168K)->22893K(23168K) NonClass: 20095K(20224K)->20095K(20224K) Class: 2798K(2944K)->2798K(2944K)
[849.448s][info][gc             ] GC(1249) Pause Young (Allocation Failure) 874M->368M(1979M) 344.469ms
[849.448s][info][gc,cpu         ] GC(1249) User=0.33s Sys=0.00s Real=0.35s
[849.834s][info][gc,start       ] GC(1250) Pause Young (Allocation Failure)
[850.128s][info][gc,heap        ] GC(1250) DefNew: 628004K(629120K)->61840K(629120K) Eden: 559232K(559232K)->0K(559232K) From: 68772K(69888K)->61840K(69888K)
[850.128s][info][gc,heap        ] GC(1250) Tenured: 308245K(1398144K)->344522K(1398144K)
[850.128s][info][gc,metaspace   ] GC(1250) Metaspace: 22893K(23168K)->22893K(23168K) NonClass: 20095K(20224K)->20095K(20224K) Class: 2798K(2944K)->2798K(2944K)
[850.128s][info][gc             ] GC(1250) Pause Young (Allocation Failure) 914M->396M(1979M) 294.408ms
[850.128s][info][gc,cpu         ] GC(1250) User=0.28s Sys=0.00s Real=0.28s
[850.282s][info][gc,start       ] GC(1251) Pause Young (Allocation Failure)
[850.738s][info][gc,heap        ] GC(1251) DefNew: 621072K(629120K)->69888K(629120K) Eden: 559232K(559232K)->0K(559232K) From: 61840K(69888K)->69888K(69888K)
[850.738s][info][gc,heap        ] GC(1251) Tenured: 344522K(1398144K)->404861K(1398144K)
[850.738s][info][gc,metaspace   ] GC(1251) Metaspace: 22893K(23168K)->22893K(23168K) NonClass: 20095K(20224K)->20095K(20224K) Class: 2798K(2944K)->2798K(2944K)
[850.738s][info][gc             ] GC(1251) Pause Young (Allocation Failure) 942M->463M(1979M) 455.894ms
[850.738s][info][gc,cpu         ] GC(1251) User=0.44s Sys=0.00s Real=0.45s
[851.328s][info][gc,start       ] GC(1252) Pause Young (Allocation Failure)
[851.573s][info][gc,heap        ] GC(1252) DefNew: 629120K(629120K)->41407K(629120K) Eden: 559232K(559232K)->0K(559232K) From: 69888K(69888K)->41407K(69888K)
[851.573s][info][gc,heap        ] GC(1252) Tenured: 404861K(1398144K)->441343K(1398144K)
[851.573s][info][gc,metaspace   ] GC(1252) Metaspace: 22893K(23168K)->22893K(23168K) NonClass: 20095K(20224K)->20095K(20224K) Class: 2798K(2944K)->2798K(2944K)
[851.573s][info][gc             ] GC(1252) Pause Young (Allocation Failure) 1009M->471M(1979M) 244.787ms
[851.573s][info][gc,cpu         ] GC(1252) User=0.23s Sys=0.00s Real=0.25s
[851.722s][info][gc,start       ] GC(1253) Pause Young (Allocation Failure)
[852.106s][info][gc,heap        ] GC(1253) DefNew: 600639K(629120K)->69887K(629120K) Eden: 559232K(559232K)->0K(559232K) From: 41407K(69888K)->69887K(69888K)
[852.106s][info][gc,heap        ] GC(1253) Tenured: 441343K(1398144K)->485314K(1398144K)
[852.106s][info][gc,metaspace   ] GC(1253) Metaspace: 22893K(23168K)->22893K(23168K) NonClass: 20095K(20224K)->20095K(20224K) Class: 2798K(2944K)->2798K(2944K)
[852.106s][info][gc             ] GC(1253) Pause Young (Allocation Failure) 1017M->542M(1979M) 384.114ms
[852.106s][info][gc,cpu         ] GC(1253) User=0.34s Sys=0.00s Real=0.38s
[852.256s][info][gc,start       ] GC(1254) Pause Young (Allocation Failure)
[852.733s][info][gc,heap        ] GC(1254) DefNew: 629119K(629120K)->69888K(629120K) Eden: 559232K(559232K)->0K(559232K) From: 69887K(69888K)->69888K(69888K)
[852.733s][info][gc,heap        ] GC(1254) Tenured: 485314K(1398144K)->550957K(1398144K)
[852.733s][info][gc,metaspace   ] GC(1254) Metaspace: 22893K(23168K)->22893K(23168K) NonClass: 20095K(20224K)->20095K(20224K) Class: 2798K(2944K)->2798K(2944K)
[852.733s][info][gc             ] GC(1254) Pause Young (Allocation Failure) 1088M->606M(1979M) 477.487ms
[852.733s][info][gc,cpu         ] GC(1254) User=0.47s Sys=0.00s Real=0.47s
[853.278s][info][gc,start       ] GC(1255) Pause Young (Allocation Failure)
[853.583s][info][gc,heap        ] GC(1255) DefNew: 629120K(629120K)->61436K(629120K) Eden: 559232K(559232K)->0K(559232K) From: 69888K(69888K)->61436K(69888K)
[853.583s][info][gc,heap        ] GC(1255) Tenured: 550957K(1398144K)->585419K(1398144K)
[853.583s][info][gc,metaspace   ] GC(1255) Metaspace: 22893K(23168K)->22893K(23168K) NonClass: 20095K(20224K)->20095K(20224K) Class: 2798K(2944K)->2798K(2944K)
[853.583s][info][gc             ] GC(1255) Pause Young (Allocation Failure) 1152M->631M(1979M) 305.675ms
[853.583s][info][gc,cpu         ] GC(1255) User=0.30s Sys=0.00s Real=0.30s
[853.727s][info][gc,start       ] GC(1256) Pause Young (Allocation Failure)
[854.179s][info][gc,heap        ] GC(1256) DefNew: 620668K(629120K)->69888K(629120K) Eden: 559232K(559232K)->0K(559232K) From: 61436K(69888K)->69888K(69888K)
[854.179s][info][gc,heap        ] GC(1256) Tenured: 585419K(1398144K)->644880K(1398144K)
[854.179s][info][gc,metaspace   ] GC(1256) Metaspace: 22893K(23168K)->22893K(23168K) NonClass: 20095K(20224K)->20095K(20224K) Class: 2798K(2944K)->2798K(2944K)
[854.179s][info][gc             ] GC(1256) Pause Young (Allocation Failure) 1177M->698M(1979M) 452.470ms
[854.179s][info][gc,cpu         ] GC(1256) User=0.45s Sys=0.00s Real=0.45s
[854.579s][info][gc,start       ] GC(1257) Pause Young (Allocation Failure)
[854.888s][info][gc,heap        ] GC(1257) DefNew: 629120K(629120K)->63999K(629120K) Eden: 559232K(559232K)->0K(559232K) From: 69888K(69888K)->63999K(69888K)
[854.888s][info][gc,heap        ] GC(1257) Tenured: 644880K(1398144K)->679229K(1398144K)
[854.888s][info][gc,metaspace   ] GC(1257) Metaspace: 22893K(23168K)->22893K(23168K) NonClass: 20095K(20224K)->20095K(20224K) Class: 2798K(2944K)->2798K(2944K)
[854.888s][info][gc             ] GC(1257) Pause Young (Allocation Failure) 1244M->725M(1979M) 308.492ms
[854.888s][info][gc,cpu         ] GC(1257) User=0.30s Sys=0.00s Real=0.31s
[855.199s][info][gc,start       ] GC(1258) Pause Young (Allocation Failure)
[855.522s][info][gc,heap        ] GC(1258) DefNew: 623231K(629120K)->69887K(629120K) Eden: 559232K(559232K)->0K(559232K) From: 63999K(69888K)->69887K(69888K)
[855.523s][info][gc,heap        ] GC(1258) Tenured: 679229K(1398144K)->717888K(1398144K)
[855.523s][info][gc,metaspace   ] GC(1258) Metaspace: 22893K(23168K)->22893K(23168K) NonClass: 20095K(20224K)->20095K(20224K) Class: 2798K(2944K)->2798K(2944K)
[855.523s][info][gc             ] GC(1258) Pause Young (Allocation Failure) 1271M->769M(1979M) 323.159ms
[855.523s][info][gc,cpu         ] GC(1258) User=0.33s Sys=0.00s Real=0.31s
[855.663s][info][gc,start       ] GC(1259) Pause Young (Allocation Failure)
[856.142s][info][gc,heap        ] GC(1259) DefNew: 629119K(629120K)->69888K(629120K) Eden: 559232K(559232K)->0K(559232K) From: 69887K(69888K)->69888K(69888K)
[856.142s][info][gc,heap        ] GC(1259) Tenured: 717888K(1398144K)->784183K(1398144K)
[856.142s][info][gc,metaspace   ] GC(1259) Metaspace: 22893K(23168K)->22893K(23168K) NonClass: 20095K(20224K)->20095K(20224K) Class: 2798K(2944K)->2798K(2944K)
[856.142s][info][gc             ] GC(1259) Pause Young (Allocation Failure) 1315M->834M(1979M) 478.267ms
[856.142s][info][gc,cpu         ] GC(1259) User=0.47s Sys=0.00s Real=0.49s
[856.734s][info][gc,start       ] GC(1260) Pause Young (Allocation Failure)
[857.007s][info][gc,heap        ] GC(1260) DefNew: 629120K(629120K)->47457K(629120K) Eden: 559232K(559232K)->0K(559232K) From: 69888K(69888K)->47457K(69888K)
[857.007s][info][gc,heap        ] GC(1260) Tenured: 784183K(1398144K)->818219K(1398144K)
[857.007s][info][gc,metaspace   ] GC(1260) Metaspace: 22893K(23168K)->22893K(23168K) NonClass: 20095K(20224K)->20095K(20224K) Class: 2798K(2944K)->2798K(2944K)
[857.007s][info][gc             ] GC(1260) Pause Young (Allocation Failure) 1380M->845M(1979M) 272.239ms
[857.007s][info][gc,cpu         ] GC(1260) User=0.31s Sys=0.00s Real=0.27s
[857.152s][info][gc,start       ] GC(1261) Pause Young (Allocation Failure)
[857.576s][info][gc,heap        ] GC(1261) DefNew: 606689K(629120K)->69887K(629120K) Eden: 559232K(559232K)->0K(559232K) From: 47457K(69888K)->69887K(69888K)
[857.576s][info][gc,heap        ] GC(1261) Tenured: 818219K(1398144K)->867437K(1398144K)
[857.576s][info][gc,metaspace   ] GC(1261) Metaspace: 22893K(23168K)->22893K(23168K) NonClass: 20095K(20224K)->20095K(20224K) Class: 2798K(2944K)->2798K(2944K)
[857.576s][info][gc             ] GC(1261) Pause Young (Allocation Failure) 1391M->915M(1979M) 423.810ms
[857.576s][info][gc,cpu         ] GC(1261) User=0.38s Sys=0.00s Real=0.42s
[857.793s][info][gc,start       ] GC(1262) Pause Young (Allocation Failure)
[858.257s][info][gc,heap        ] GC(1262) DefNew: 629119K(629120K)->69888K(629120K) Eden: 559232K(559232K)->0K(559232K) From: 69887K(69888K)->69888K(69888K)
[858.257s][info][gc,heap        ] GC(1262) Tenured: 867437K(1398144K)->919730K(1398144K)
[858.258s][info][gc,metaspace   ] GC(1262) Metaspace: 22893K(23168K)->22893K(23168K) NonClass: 20095K(20224K)->20095K(20224K) Class: 2798K(2944K)->2798K(2944K)
[858.258s][info][gc             ] GC(1262) Pause Young (Allocation Failure) 1461M->966M(1979M) 464.524ms
[858.258s][info][gc,cpu         ] GC(1262) User=0.45s Sys=0.00s Real=0.47s
[858.737s][info][gc,start       ] GC(1263) Pause Young (Allocation Failure)
[859.046s][info][gc,heap        ] GC(1263) DefNew: 629120K(629120K)->65982K(629120K) Eden: 559232K(559232K)->0K(559232K) From: 69888K(69888K)->65982K(69888K)
[859.046s][info][gc,heap        ] GC(1263) Tenured: 919730K(1398144K)->951585K(1398144K)
[859.046s][info][gc,metaspace   ] GC(1263) Metaspace: 22894K(23168K)->22894K(23168K) NonClass: 20095K(20224K)->20095K(20224K) Class: 2798K(2944K)->2798K(2944K)
[859.046s][info][gc             ] GC(1263) Pause Young (Allocation Failure) 1512M->993M(1979M) 309.471ms
[859.046s][info][gc,cpu         ] GC(1263) User=0.31s Sys=0.00s Real=0.32s
[859.186s][info][gc,start       ] GC(1264) Pause Young (Allocation Failure)
[859.628s][info][gc,heap        ] GC(1264) DefNew: 625214K(629120K)->69888K(629120K) Eden: 559232K(559232K)->0K(559232K) From: 65982K(69888K)->69888K(69888K)
[859.628s][info][gc,heap        ] GC(1264) Tenured: 951585K(1398144K)->1014688K(1398144K)
[859.628s][info][gc,metaspace   ] GC(1264) Metaspace: 22894K(23168K)->22894K(23168K) NonClass: 20095K(20224K)->20095K(20224K) Class: 2798K(2944K)->2798K(2944K)
[859.628s][info][gc             ] GC(1264) Pause Young (Allocation Failure) 1539M->1059M(1979M) 442.053ms
[859.628s][info][gc,cpu         ] GC(1264) User=0.44s Sys=0.00s Real=0.44s
[860.140s][info][gc,start       ] GC(1265) Pause Young (Allocation Failure)
[860.379s][info][gc,heap        ] GC(1265) DefNew: 629120K(629120K)->38921K(629120K) Eden: 559232K(559232K)->0K(559232K) From: 69888K(69888K)->38921K(69888K)
[860.379s][info][gc,heap        ] GC(1265) Tenured: 1014688K(1398144K)->1050382K(1398144K)
[860.379s][info][gc,metaspace   ] GC(1265) Metaspace: 22894K(23168K)->22894K(23168K) NonClass: 20095K(20224K)->20095K(20224K) Class: 2798K(2944K)->2798K(2944K)
[860.379s][info][gc             ] GC(1265) Pause Young (Allocation Failure) 1605M->1063M(1979M) 238.694ms
[860.379s][info][gc,cpu         ] GC(1265) User=0.22s Sys=0.00s Real=0.24s
[860.541s][info][gc,start       ] GC(1266) Pause Young (Allocation Failure)
[860.913s][info][gc,heap        ] GC(1266) DefNew: 598153K(629120K)->69888K(629120K) Eden: 559232K(559232K)->0K(559232K) From: 38921K(69888K)->69888K(69888K)
[860.913s][info][gc,heap        ] GC(1266) Tenured: 1050382K(1398144K)->1093033K(1398144K)
[860.913s][info][gc,metaspace   ] GC(1266) Metaspace: 22894K(23168K)->22894K(23168K) NonClass: 20095K(20224K)->20095K(20224K) Class: 2798K(2944K)->2798K(2944K)
[860.913s][info][gc             ] GC(1266) Pause Young (Allocation Failure) 1609M->1135M(1979M) 372.160ms
[860.913s][info][gc,cpu         ] GC(1266) User=0.38s Sys=0.00s Real=0.38s
[861.068s][info][gc,start       ] GC(1267) Pause Young (Allocation Failure)
[861.547s][info][gc,heap        ] GC(1267) DefNew: 629120K(629120K)->69887K(629120K) Eden: 559232K(559232K)->0K(559232K) From: 69888K(69888K)->69887K(69888K)
[861.547s][info][gc,heap        ] GC(1267) Tenured: 1093033K(1398144K)->1161951K(1398144K)
[861.547s][info][gc,metaspace   ] GC(1267) Metaspace: 22894K(23168K)->22894K(23168K) NonClass: 20095K(20224K)->20095K(20224K) Class: 2798K(2944K)->2798K(2944K)
[861.547s][info][gc             ] GC(1267) Pause Young (Allocation Failure) 1681M->1202M(1979M) 478.263ms
[861.547s][info][gc,cpu         ] GC(1267) User=0.45s Sys=0.00s Real=0.47s
[862.078s][info][gc,start       ] GC(1268) Pause Young (Allocation Failure)
[862.394s][info][gc,heap        ] GC(1268) DefNew: 629119K(629120K)->62697K(629120K) Eden: 559232K(559232K)->0K(559232K) From: 69887K(69888K)->62697K(69888K)
[862.395s][info][gc,heap        ] GC(1268) Tenured: 1161951K(1398144K)->1196908K(1398144K)
[862.395s][info][gc,metaspace   ] GC(1268) Metaspace: 22894K(23168K)->22894K(23168K) NonClass: 20095K(20224K)->20095K(20224K) Class: 2798K(2944K)->2798K(2944K)
[862.395s][info][gc             ] GC(1268) Pause Young (Allocation Failure) 1749M->1230M(1979M) 316.305ms
[862.395s][info][gc,cpu         ] GC(1268) User=0.30s Sys=0.00s Real=0.31s
[862.541s][info][gc,start       ] GC(1269) Pause Young (Allocation Failure)
[863.004s][info][gc,heap        ] GC(1269) DefNew: 621929K(629120K)->69888K(629120K) Eden: 559232K(559232K)->0K(559232K) From: 62697K(69888K)->69888K(69888K)
[863.004s][info][gc,heap        ] GC(1269) Tenured: 1196908K(1398144K)->1257585K(1398144K)
[863.004s][info][gc,metaspace   ] GC(1269) Metaspace: 22894K(23168K)->22894K(23168K) NonClass: 20095K(20224K)->20095K(20224K) Class: 2798K(2944K)->2798K(2944K)
[863.004s][info][gc             ] GC(1269) Pause Young (Allocation Failure) 1776M->1296M(1979M) 462.870ms
[863.004s][info][gc,cpu         ] GC(1269) User=0.45s Sys=0.00s Real=0.46s
[863.405s][info][gc,start       ] GC(1270) Pause Young (Allocation Failure)
[863.695s][info][gc,heap        ] GC(1270) DefNew: 629120K(629120K)->58072K(629120K) Eden: 559232K(559232K)->0K(559232K) From: 69888K(69888K)->58072K(69888K)
[863.695s][info][gc,heap        ] GC(1270) Tenured: 1257585K(1398144K)->1292637K(1398144K)
[863.695s][info][gc,metaspace   ] GC(1270) Metaspace: 22894K(23168K)->22894K(23168K) NonClass: 20095K(20224K)->20095K(20224K) Class: 2798K(2944K)->2798K(2944K)
[863.695s][info][gc             ] GC(1270) Pause Young (Allocation Failure) 1842M->1319M(1979M) 289.183ms
[863.695s][info][gc,cpu         ] GC(1270) User=0.28s Sys=0.00s Real=0.28s
[863.819s][info][gc,start       ] GC(1271) Pause Full (System.gc())
[863.819s][info][gc,phases,start] GC(1271) Phase 1: Mark live objects
[863.991s][info][gc,phases      ] GC(1271) Phase 1: Mark live objects 171.288ms
[863.991s][info][gc,phases,start] GC(1271) Phase 2: Compute new object addresses
[864.210s][info][gc,phases      ] GC(1271) Phase 2: Compute new object addresses 219.080ms
[864.210s][info][gc,phases,start] GC(1271) Phase 3: Adjust pointers
[864.277s][info][gc,phases      ] GC(1271) Phase 3: Adjust pointers 66.759ms
[864.277s][info][gc,phases,start] GC(1271) Phase 4: Move objects
[864.304s][info][gc,phases      ] GC(1271) Phase 4: Move objects 27.453ms
[864.304s][info][gc,heap        ] GC(1271) DefNew: 150779K(629120K)->0K(629120K) Eden: 92706K(559232K)->0K(559232K) From: 58072K(69888K)->0K(69888K)
[864.304s][info][gc,heap        ] GC(1271) Tenured: 1292637K(1398144K)->166290K(1398144K)
[864.304s][info][gc,metaspace   ] GC(1271) Metaspace: 22894K(23168K)->22894K(23168K) NonClass: 20095K(20224K)->20095K(20224K) Class: 2798K(2944K)->2798K(2944K)
[864.304s][info][gc             ] GC(1271) Pause Full (System.gc()) 1409M->162M(1979M) 485.201ms
[864.304s][info][gc,cpu         ] GC(1271) User=0.48s Sys=0.00s Real=0.49s
[864.483s][info][gc,start       ] GC(1272) Pause Young (Allocation Failure)
[864.794s][info][gc,heap        ] GC(1272) DefNew: 559232K(629120K)->69887K(629120K) Eden: 559232K(559232K)->0K(559232K) From: 0K(69888K)->69887K(69888K)
[864.794s][info][gc,heap        ] GC(1272) Tenured: 166290K(1398144K)->176854K(1398144K)
[864.794s][info][gc,metaspace   ] GC(1272) Metaspace: 22894K(23168K)->22894K(23168K) NonClass: 20095K(20224K)->20095K(20224K) Class: 2798K(2944K)->2798K(2944K)
[864.794s][info][gc             ] GC(1272) Pause Young (Allocation Failure) 708M->240M(1979M) 311.076ms
[864.794s][info][gc,cpu         ] GC(1272) User=0.31s Sys=0.00s Real=0.31s
[864.946s][info][gc,start       ] GC(1273) Pause Young (Allocation Failure)
[865.425s][info][gc,heap        ] GC(1273) DefNew: 629119K(629120K)->69888K(629120K) Eden: 559232K(559232K)->0K(559232K) From: 69887K(69888K)->69888K(69888K)
[865.425s][info][gc,heap        ] GC(1273) Tenured: 176854K(1398144K)->247041K(1398144K)
[865.425s][info][gc,metaspace   ] GC(1273) Metaspace: 22894K(23168K)->22894K(23168K) NonClass: 20095K(20224K)->20095K(20224K) Class: 2798K(2944K)->2798K(2944K)
[865.425s][info][gc             ] GC(1273) Pause Young (Allocation Failure) 787M->309M(1979M) 478.985ms
[865.425s][info][gc,cpu         ] GC(1273) User=0.39s Sys=0.00s Real=0.49s
[865.919s][info][gc,start       ] GC(1274) Pause Young (Allocation Failure)
[866.245s][info][gc,heap        ] GC(1274) DefNew: 629120K(629120K)->62090K(629120K) Eden: 559232K(559232K)->0K(559232K) From: 69888K(69888K)->62090K(69888K)
[866.245s][info][gc,heap        ] GC(1274) Tenured: 247041K(1398144K)->283863K(1398144K)
[866.245s][info][gc,metaspace   ] GC(1274) Metaspace: 22894K(23168K)->22894K(23168K) NonClass: 20095K(20224K)->20095K(20224K) Class: 2798K(2944K)->2798K(2944K)
[866.245s][info][gc             ] GC(1274) Pause Young (Allocation Failure) 855M->337M(1979M) 326.419ms
[866.245s][info][gc,cpu         ] GC(1274) User=0.33s Sys=0.00s Real=0.33s
[866.394s][info][gc,start       ] GC(1275) Pause Young (Allocation Failure)
[866.850s][info][gc,heap        ] GC(1275) DefNew: 621322K(629120K)->69888K(629120K) Eden: 559232K(559232K)->0K(559232K) From: 62090K(69888K)->69888K(69888K)
[866.850s][info][gc,heap        ] GC(1275) Tenured: 283863K(1398144K)->343528K(1398144K)
[866.850s][info][gc,metaspace   ] GC(1275) Metaspace: 22894K(23168K)->22894K(23168K) NonClass: 20095K(20224K)->20095K(20224K) Class: 2798K(2944K)->2798K(2944K)
[866.850s][info][gc             ] GC(1275) Pause Young (Allocation Failure) 883M->403M(1979M) 456.162ms
[866.850s][info][gc,cpu         ] GC(1275) User=0.47s Sys=0.00s Real=0.46s
[867.297s][info][gc,start       ] GC(1276) Pause Young (Allocation Failure)
[867.581s][info][gc,heap        ] GC(1276) DefNew: 629120K(629120K)->56765K(629120K) Eden: 559232K(559232K)->0K(559232K) From: 69888K(69888K)->56765K(69888K)
[867.581s][info][gc,heap        ] GC(1276) Tenured: 343528K(1398144K)->379379K(1398144K)
[867.581s][info][gc,metaspace   ] GC(1276) Metaspace: 22894K(23168K)->22894K(23168K) NonClass: 20095K(20224K)->20095K(20224K) Class: 2798K(2944K)->2798K(2944K)
[867.581s][info][gc             ] GC(1276) Pause Young (Allocation Failure) 949M->425M(1979M) 284.663ms
[867.581s][info][gc,cpu         ] GC(1276) User=0.27s Sys=0.00s Real=0.28s
[867.824s][info][gc,start       ] GC(1277) Pause Young (Allocation Failure)
[868.168s][info][gc,heap        ] GC(1277) DefNew: 615997K(629120K)->69887K(629120K) Eden: 559232K(559232K)->0K(559232K) From: 56765K(69888K)->69887K(69888K)
[868.168s][info][gc,heap        ] GC(1277) Tenured: 379379K(1398144K)->420401K(1398144K)
[868.168s][info][gc,metaspace   ] GC(1277) Metaspace: 22894K(23168K)->22894K(23168K) NonClass: 20095K(20224K)->20095K(20224K) Class: 2798K(2944K)->2798K(2944K)
[868.168s][info][gc             ] GC(1277) Pause Young (Allocation Failure) 972M->478M(1979M) 344.455ms
[868.168s][info][gc,cpu         ] GC(1277) User=0.34s Sys=0.00s Real=0.34s
[868.320s][info][gc,start       ] GC(1278) Pause Young (Allocation Failure)
[868.796s][info][gc,heap        ] GC(1278) DefNew: 629119K(629120K)->69888K(629120K) Eden: 559232K(559232K)->0K(559232K) From: 69887K(69888K)->69888K(69888K)
[868.796s][info][gc,heap        ] GC(1278) Tenured: 420401K(1398144K)->485708K(1398144K)
[868.796s][info][gc,metaspace   ] GC(1278) Metaspace: 22894K(23168K)->22894K(23168K) NonClass: 20095K(20224K)->20095K(20224K) Class: 2798K(2944K)->2798K(2944K)
[868.796s][info][gc             ] GC(1278) Pause Young (Allocation Failure) 1024M->542M(1979M) 476.907ms
[868.796s][info][gc,cpu         ] GC(1278) User=0.44s Sys=0.00s Real=0.47s
[869.334s][info][gc,start       ] GC(1279) Pause Young (Allocation Failure)
[869.625s][info][gc,heap        ] GC(1279) DefNew: 629120K(629120K)->49546K(629120K) Eden: 559232K(559232K)->0K(559232K) From: 69888K(69888K)->49546K(69888K)
[869.625s][info][gc,heap        ] GC(1279) Tenured: 485708K(1398144K)->522510K(1398144K)
[869.625s][info][gc,metaspace   ] GC(1279) Metaspace: 22894K(23168K)->22894K(23168K) NonClass: 20095K(20224K)->20095K(20224K) Class: 2798K(2944K)->2798K(2944K)
[869.625s][info][gc             ] GC(1279) Pause Young (Allocation Failure) 1088M->558M(1979M) 290.890ms
[869.625s][info][gc,cpu         ] GC(1279) User=0.30s Sys=0.00s Real=0.29s
[869.777s][info][gc,start       ] GC(1280) Pause Young (Allocation Failure)
[870.205s][info][gc,heap        ] GC(1280) DefNew: 608778K(629120K)->69888K(629120K) Eden: 559232K(559232K)->0K(559232K) From: 49546K(69888K)->69888K(69888K)
[870.205s][info][gc,heap        ] GC(1280) Tenured: 522510K(1398144K)->572560K(1398144K)
[870.205s][info][gc,metaspace   ] GC(1280) Metaspace: 22894K(23168K)->22894K(23168K) NonClass: 20095K(20224K)->20095K(20224K) Class: 2798K(2944K)->2798K(2944K)
[870.205s][info][gc             ] GC(1280) Pause Young (Allocation Failure) 1104M->627M(1979M) 427.596ms
[870.205s][info][gc,cpu         ] GC(1280) User=0.44s Sys=0.00s Real=0.44s
[870.517s][info][gc,start       ] GC(1281) Pause Young (Allocation Failure)
[870.924s][info][gc,heap        ] GC(1281) DefNew: 629120K(629120K)->69888K(629120K) Eden: 559232K(559232K)->0K(559232K) From: 69888K(69888K)->69888K(69888K)
[870.924s][info][gc,heap        ] GC(1281) Tenured: 572560K(1398144K)->615808K(1398144K)
[870.924s][info][gc,metaspace   ] GC(1281) Metaspace: 22894K(23168K)->22894K(23168K) NonClass: 20095K(20224K)->20095K(20224K) Class: 2798K(2944K)->2798K(2944K)
[870.924s][info][gc             ] GC(1281) Pause Young (Allocation Failure) 1173M->669M(1979M) 406.721ms
[870.924s][info][gc,cpu         ] GC(1281) User=0.41s Sys=0.00s Real=0.41s
[871.294s][info][gc,start       ] GC(1282) Pause Young (Allocation Failure)
[871.601s][info][gc,heap        ] GC(1282) DefNew: 629120K(629120K)->60582K(629120K) Eden: 559232K(559232K)->0K(559232K) From: 69888K(69888K)->60582K(69888K)
[871.601s][info][gc,heap        ] GC(1282) Tenured: 615808K(1398144K)->651263K(1398144K)
[871.601s][info][gc,metaspace   ] GC(1282) Metaspace: 22894K(23168K)->22894K(23168K) NonClass: 20095K(20224K)->20095K(20224K) Class: 2798K(2944K)->2798K(2944K)
[871.601s][info][gc             ] GC(1282) Pause Young (Allocation Failure) 1215M->695M(1979M) 306.656ms
[871.601s][info][gc,cpu         ] GC(1282) User=0.31s Sys=0.00s Real=0.31s
[871.755s][info][gc,start       ] GC(1283) Pause Young (Allocation Failure)
[872.215s][info][gc,heap        ] GC(1283) DefNew: 619814K(629120K)->69888K(629120K) Eden: 559232K(559232K)->0K(559232K) From: 60582K(69888K)->69888K(69888K)
[872.215s][info][gc,heap        ] GC(1283) Tenured: 651263K(1398144K)->708218K(1398144K)
[872.215s][info][gc,metaspace   ] GC(1283) Metaspace: 22894K(23168K)->22894K(23168K) NonClass: 20095K(20224K)->20095K(20224K) Class: 2798K(2944K)->2798K(2944K)
[872.215s][info][gc             ] GC(1283) Pause Young (Allocation Failure) 1241M->759M(1979M) 460.039ms
[872.215s][info][gc,cpu         ] GC(1283) User=0.45s Sys=0.00s Real=0.45s
[872.841s][info][gc,start       ] GC(1284) Pause Young (Allocation Failure)
[873.079s][info][gc,heap        ] GC(1284) DefNew: 629120K(629120K)->40008K(629120K) Eden: 559232K(559232K)->0K(559232K) From: 69888K(69888K)->40008K(69888K)
[873.079s][info][gc,heap        ] GC(1284) Tenured: 708218K(1398144K)->744404K(1398144K)
[873.079s][info][gc,metaspace   ] GC(1284) Metaspace: 22894K(23168K)->22894K(23168K) NonClass: 20095K(20224K)->20095K(20224K) Class: 2798K(2944K)->2798K(2944K)
[873.079s][info][gc             ] GC(1284) Pause Young (Allocation Failure) 1305M->766M(1979M) 238.671ms
[873.079s][info][gc,cpu         ] GC(1284) User=0.23s Sys=0.00s Real=0.24s
[873.227s][info][gc,start       ] GC(1285) Pause Young (Allocation Failure)
[873.612s][info][gc,heap        ] GC(1285) DefNew: 599240K(629120K)->69888K(629120K) Eden: 559232K(559232K)->0K(559232K) From: 40008K(69888K)->69888K(69888K)
[873.612s][info][gc,heap        ] GC(1285) Tenured: 744404K(1398144K)->790025K(1398144K)
[873.612s][info][gc,metaspace   ] GC(1285) Metaspace: 22894K(23168K)->22894K(23168K) NonClass: 20095K(20224K)->20095K(20224K) Class: 2798K(2944K)->2798K(2944K)
[873.612s][info][gc             ] GC(1285) Pause Young (Allocation Failure) 1312M->839M(1979M) 385.779ms
[873.612s][info][gc,cpu         ] GC(1285) User=0.38s Sys=0.00s Real=0.38s
[873.771s][info][gc,start       ] GC(1286) Pause Young (Allocation Failure)
[874.305s][info][gc,heap        ] GC(1286) DefNew: 629120K(629120K)->69888K(629120K) Eden: 559232K(559232K)->0K(559232K) From: 69888K(69888K)->69888K(69888K)
[874.306s][info][gc,heap        ] GC(1286) Tenured: 790025K(1398144K)->857066K(1398144K)
[874.306s][info][gc,metaspace   ] GC(1286) Metaspace: 22894K(23168K)->22894K(23168K) NonClass: 20095K(20224K)->20095K(20224K) Class: 2798K(2944K)->2798K(2944K)
[874.306s][info][gc             ] GC(1286) Pause Young (Allocation Failure) 1385M->905M(1979M) 534.859ms
[874.306s][info][gc,cpu         ] GC(1286) User=0.52s Sys=0.00s Real=0.53s
[874.936s][info][gc,start       ] GC(1287) Pause Young (Allocation Failure)
[875.247s][info][gc,heap        ] GC(1287) DefNew: 629120K(629120K)->61670K(629120K) Eden: 559232K(559232K)->0K(559232K) From: 69888K(69888K)->61670K(69888K)
[875.247s][info][gc,heap        ] GC(1287) Tenured: 857066K(1398144K)->890148K(1398144K)
[875.247s][info][gc,metaspace   ] GC(1287) Metaspace: 22894K(23168K)->22894K(23168K) NonClass: 20095K(20224K)->20095K(20224K) Class: 2798K(2944K)->2798K(2944K)
[875.247s][info][gc             ] GC(1287) Pause Young (Allocation Failure) 1451M->929M(1979M) 311.098ms
[875.247s][info][gc,cpu         ] GC(1287) User=0.31s Sys=0.00s Real=0.30s
[875.385s][info][gc,start       ] GC(1288) Pause Young (Allocation Failure)
[875.816s][info][gc,heap        ] GC(1288) DefNew: 620902K(629120K)->68833K(629120K) Eden: 559232K(559232K)->0K(559232K) From: 61670K(69888K)->68833K(69888K)
[875.816s][info][gc,heap        ] GC(1288) Tenured: 890148K(1398144K)->947447K(1398144K)
[875.816s][info][gc,metaspace   ] GC(1288) Metaspace: 22894K(23168K)->22894K(23168K) NonClass: 20095K(20224K)->20095K(20224K) Class: 2798K(2944K)->2798K(2944K)
[875.816s][info][gc             ] GC(1288) Pause Young (Allocation Failure) 1475M->992M(1979M) 430.889ms
[875.816s][info][gc,cpu         ] GC(1288) User=0.42s Sys=0.00s Real=0.42s
[876.183s][info][gc,start       ] GC(1289) Pause Young (Allocation Failure)
[876.494s][info][gc,heap        ] GC(1289) DefNew: 628065K(629120K)->64195K(629120K) Eden: 559232K(559232K)->0K(559232K) From: 68833K(69888K)->64195K(69888K)
[876.494s][info][gc,heap        ] GC(1289) Tenured: 947447K(1398144K)->985188K(1398144K)
[876.494s][info][gc,metaspace   ] GC(1289) Metaspace: 22894K(23168K)->22894K(23168K) NonClass: 20095K(20224K)->20095K(20224K) Class: 2798K(2944K)->2798K(2944K)
[876.494s][info][gc             ] GC(1289) Pause Young (Allocation Failure) 1538M->1024M(1979M) 310.561ms
[876.494s][info][gc,cpu         ] GC(1289) User=0.30s Sys=0.00s Real=0.31s
[876.847s][info][gc,start       ] GC(1290) Pause Young (Allocation Failure)
[877.167s][info][gc,heap        ] GC(1290) DefNew: 623427K(629120K)->69035K(629120K) Eden: 559232K(559232K)->0K(559232K) From: 64195K(69888K)->69035K(69888K)
[877.167s][info][gc,heap        ] GC(1290) Tenured: 985188K(1398144K)->1020665K(1398144K)
[877.167s][info][gc,metaspace   ] GC(1290) Metaspace: 22894K(23168K)->22894K(23168K) NonClass: 20095K(20224K)->20095K(20224K) Class: 2798K(2944K)->2798K(2944K)
[877.167s][info][gc             ] GC(1290) Pause Young (Allocation Failure) 1570M->1064M(1979M) 320.647ms
[877.167s][info][gc,cpu         ] GC(1290) User=0.28s Sys=0.00s Real=0.33s
[877.312s][info][gc,start       ] GC(1291) Pause Young (Allocation Failure)
[877.789s][info][gc,heap        ] GC(1291) DefNew: 628267K(629120K)->69888K(629120K) Eden: 559232K(559232K)->0K(559232K) From: 69035K(69888K)->69888K(69888K)
[877.789s][info][gc,heap        ] GC(1291) Tenured: 1020665K(1398144K)->1086883K(1398144K)
[877.789s][info][gc,metaspace   ] GC(1291) Metaspace: 22894K(23168K)->22894K(23168K) NonClass: 20095K(20224K)->20095K(20224K) Class: 2798K(2944K)->2798K(2944K)
[877.789s][info][gc             ] GC(1291) Pause Young (Allocation Failure) 1610M->1129M(1979M) 476.460ms
[877.789s][info][gc,cpu         ] GC(1291) User=0.45s Sys=0.00s Real=0.49s
[878.490s][info][gc,start       ] GC(1292) Pause Young (Allocation Failure)
[878.708s][info][gc,heap        ] GC(1292) DefNew: 629120K(629120K)->32988K(629120K) Eden: 559232K(559232K)->0K(559232K) From: 69888K(69888K)->32988K(69888K)
[878.708s][info][gc,heap        ] GC(1292) Tenured: 1086883K(1398144K)->1120422K(1398144K)
[878.708s][info][gc,metaspace   ] GC(1292) Metaspace: 22894K(23168K)->22894K(23168K) NonClass: 20095K(20224K)->20095K(20224K) Class: 2798K(2944K)->2798K(2944K)
[878.708s][info][gc             ] GC(1292) Pause Young (Allocation Failure) 1675M->1126M(1979M) 218.106ms
[878.708s][info][gc,cpu         ] GC(1292) User=0.20s Sys=0.00s Real=0.22s
[878.880s][info][gc,start       ] GC(1293) Pause Young (Allocation Failure)
[879.243s][info][gc,heap        ] GC(1293) DefNew: 592220K(629120K)->69888K(629120K) Eden: 559232K(559232K)->0K(559232K) From: 32988K(69888K)->69888K(69888K)
[879.243s][info][gc,heap        ] GC(1293) Tenured: 1120422K(1398144K)->1155138K(1398144K)
[879.243s][info][gc,metaspace   ] GC(1293) Metaspace: 22894K(23168K)->22894K(23168K) NonClass: 20095K(20224K)->20095K(20224K) Class: 2798K(2944K)->2798K(2944K)
[879.243s][info][gc             ] GC(1293) Pause Young (Allocation Failure) 1672M->1196M(1979M) 362.868ms
[879.243s][info][gc,cpu         ] GC(1293) User=0.34s Sys=0.00s Real=0.38s
[879.395s][info][gc,start       ] GC(1294) Pause Young (Allocation Failure)
[879.864s][info][gc,heap        ] GC(1294) DefNew: 629120K(629120K)->69887K(629120K) Eden: 559232K(559232K)->0K(559232K) From: 69888K(69888K)->69887K(69888K)
[879.864s][info][gc,heap        ] GC(1294) Tenured: 1155138K(1398144K)->1227318K(1398144K)
[879.864s][info][gc,metaspace   ] GC(1294) Metaspace: 22894K(23168K)->22894K(23168K) NonClass: 20095K(20224K)->20095K(20224K) Class: 2798K(2944K)->2798K(2944K)
[879.864s][info][gc             ] GC(1294) Pause Young (Allocation Failure) 1742M->1266M(1979M) 469.894ms
[879.864s][info][gc,cpu         ] GC(1294) User=0.47s Sys=0.00s Real=0.47s
[880.369s][info][gc,start       ] GC(1295) Pause Young (Allocation Failure)
[880.719s][info][gc,heap        ] GC(1295) DefNew: 629119K(629120K)->66603K(629120K) Eden: 559232K(559232K)->0K(559232K) From: 69887K(69888K)->66603K(69888K)
[880.719s][info][gc,heap        ] GC(1295) Tenured: 1227318K(1398144K)->1262940K(1398144K)
[880.719s][info][gc,metaspace   ] GC(1295) Metaspace: 22894K(23168K)->22894K(23168K) NonClass: 20095K(20224K)->20095K(20224K) Class: 2798K(2944K)->2798K(2944K)
[880.719s][info][gc             ] GC(1295) Pause Young (Allocation Failure) 1812M->1298M(1979M) 349.484ms
[880.719s][info][gc,cpu         ] GC(1295) User=0.34s Sys=0.00s Real=0.35s
[880.876s][info][gc,start       ] GC(1296) Pause Young (Allocation Failure)
[881.363s][info][gc,heap        ] GC(1296) DefNew: 625835K(629120K)->69888K(629120K) Eden: 559232K(559232K)->0K(559232K) From: 66603K(69888K)->69888K(69888K)
[881.363s][info][gc,heap        ] GC(1296) Tenured: 1262940K(1398144K)->1329437K(1398144K)
[881.363s][info][gc,metaspace   ] GC(1296) Metaspace: 22894K(23168K)->22894K(23168K) NonClass: 20095K(20224K)->20095K(20224K) Class: 2798K(2944K)->2798K(2944K)
[881.363s][info][gc             ] GC(1296) Pause Young (Allocation Failure) 1844M->1366M(1979M) 486.251ms
[881.363s][info][gc,cpu         ] GC(1296) User=0.45s Sys=0.00s Real=0.49s
[881.842s][info][gc,start       ] GC(1297) Pause Young (Allocation Failure)
[881.842s][info][gc             ] GC(1297) Pause Young (Allocation Failure) 1912M->1912M(1979M) 0.079ms
[881.842s][info][gc,cpu         ] GC(1297) User=0.00s Sys=0.00s Real=0.00s
[881.842s][info][gc,start       ] GC(1298) Pause Full (Allocation Failure)
[881.842s][info][gc,phases,start] GC(1298) Phase 1: Mark live objects
[882.077s][info][gc,phases      ] GC(1298) Phase 1: Mark live objects 234.203ms
[882.077s][info][gc,phases,start] GC(1298) Phase 2: Compute new object addresses
[882.370s][info][gc,phases      ] GC(1298) Phase 2: Compute new object addresses 293.226ms
[882.370s][info][gc,phases,start] GC(1298) Phase 3: Adjust pointers
[882.507s][info][gc,phases      ] GC(1298) Phase 3: Adjust pointers 136.506ms
[882.507s][info][gc,phases,start] GC(1298) Phase 4: Move objects
[882.578s][info][gc,phases      ] GC(1298) Phase 4: Move objects 71.674ms
[882.579s][info][gc,heap        ] GC(1298) DefNew: 629120K(629120K)->0K(629120K) Eden: 559232K(559232K)->0K(559232K) From: 69888K(69888K)->0K(69888K)
[882.579s][info][gc,heap        ] GC(1298) Tenured: 1329437K(1398144K)->197928K(1398144K)
[882.579s][info][gc,metaspace   ] GC(1298) Metaspace: 22894K(23168K)->22894K(23168K) NonClass: 20095K(20224K)->20095K(20224K) Class: 2798K(2944K)->2798K(2944K)
[882.579s][info][gc             ] GC(1298) Pause Full (Allocation Failure) 1912M->193M(1979M) 736.844ms
[882.579s][info][gc,cpu         ] GC(1298) User=0.72s Sys=0.00s Real=0.74s
[882.653s][info][gc,start       ] GC(1299) Pause Full (System.gc())
[882.653s][info][gc,phases,start] GC(1299) Phase 1: Mark live objects
[882.801s][info][gc,phases      ] GC(1299) Phase 1: Mark live objects 148.617ms
[882.801s][info][gc,phases,start] GC(1299) Phase 2: Compute new object addresses
[882.840s][info][gc,phases      ] GC(1299) Phase 2: Compute new object addresses 38.256ms
[882.840s][info][gc,phases,start] GC(1299) Phase 3: Adjust pointers
[882.922s][info][gc,phases      ] GC(1299) Phase 3: Adjust pointers 82.013ms
[882.922s][info][gc,phases,start] GC(1299) Phase 4: Move objects
[882.948s][info][gc,phases      ] GC(1299) Phase 4: Move objects 26.255ms
[882.948s][info][gc,heap        ] GC(1299) DefNew: 66728K(629120K)->0K(629120K) Eden: 66728K(559232K)->0K(559232K) From: 0K(69888K)->0K(69888K)
[882.948s][info][gc,heap        ] GC(1299) Tenured: 197928K(1398144K)->168718K(1398144K)
[882.948s][info][gc,metaspace   ] GC(1299) Metaspace: 22894K(23168K)->22894K(23168K) NonClass: 20095K(20224K)->20095K(20224K) Class: 2798K(2944K)->2798K(2944K)
[882.948s][info][gc             ] GC(1299) Pause Full (System.gc()) 258M->164M(1979M) 295.533ms
[882.948s][info][gc,cpu         ] GC(1299) User=0.28s Sys=0.00s Real=0.30s
[883.102s][info][gc,start       ] GC(1300) Pause Young (Allocation Failure)
[883.411s][info][gc,heap        ] GC(1300) DefNew: 559232K(629120K)->69887K(629120K) Eden: 559232K(559232K)->0K(559232K) From: 0K(69888K)->69887K(69888K)
[883.411s][info][gc,heap        ] GC(1300) Tenured: 168718K(1398144K)->171250K(1398144K)
[883.411s][info][gc,metaspace   ] GC(1300) Metaspace: 22894K(23168K)->22894K(23168K) NonClass: 20095K(20224K)->20095K(20224K) Class: 2798K(2944K)->2798K(2944K)
[883.411s][info][gc             ] GC(1300) Pause Young (Allocation Failure) 710M->235M(1979M) 309.064ms
[883.411s][info][gc,cpu         ] GC(1300) User=0.31s Sys=0.00s Real=0.32s
[883.561s][info][gc,start       ] GC(1301) Pause Young (Allocation Failure)
[884.053s][info][gc,heap        ] GC(1301) DefNew: 629119K(629120K)->69888K(629120K) Eden: 559232K(559232K)->0K(559232K) From: 69887K(69888K)->69888K(69888K)
[884.053s][info][gc,heap        ] GC(1301) Tenured: 171250K(1398144K)->239022K(1398144K)
[884.053s][info][gc,metaspace   ] GC(1301) Metaspace: 22894K(23168K)->22894K(23168K) NonClass: 20095K(20224K)->20095K(20224K) Class: 2798K(2944K)->2798K(2944K)
[884.053s][info][gc             ] GC(1301) Pause Young (Allocation Failure) 781M->301M(1979M) 492.461ms
[884.053s][info][gc,cpu         ] GC(1301) User=0.48s Sys=0.02s Real=0.49s
[884.586s][info][gc,start       ] GC(1302) Pause Young (Allocation Failure)
[884.883s][info][gc,heap        ] GC(1302) DefNew: 629120K(629120K)->57865K(629120K) Eden: 559232K(559232K)->0K(559232K) From: 69888K(69888K)->57865K(69888K)
[884.883s][info][gc,heap        ] GC(1302) Tenured: 239022K(1398144K)->274540K(1398144K)
[884.883s][info][gc,metaspace   ] GC(1302) Metaspace: 22894K(23168K)->22894K(23168K) NonClass: 20095K(20224K)->20095K(20224K) Class: 2798K(2944K)->2798K(2944K)
[884.883s][info][gc             ] GC(1302) Pause Young (Allocation Failure) 847M->324M(1979M) 297.284ms
[884.883s][info][gc,cpu         ] GC(1302) User=0.33s Sys=0.00s Real=0.30s
[885.034s][info][gc,start       ] GC(1303) Pause Young (Allocation Failure)
[885.464s][info][gc,heap        ] GC(1303) DefNew: 617097K(629120K)->69888K(629120K) Eden: 559232K(559232K)->0K(559232K) From: 57865K(69888K)->69888K(69888K)
[885.464s][info][gc,heap        ] GC(1303) Tenured: 274540K(1398144K)->332182K(1398144K)
[885.464s][info][gc,metaspace   ] GC(1303) Metaspace: 22894K(23168K)->22894K(23168K) NonClass: 20095K(20224K)->20095K(20224K) Class: 2798K(2944K)->2798K(2944K)
[885.464s][info][gc             ] GC(1303) Pause Young (Allocation Failure) 870M->392M(1979M) 430.246ms
[885.464s][info][gc,cpu         ] GC(1303) User=0.42s Sys=0.00s Real=0.44s
[885.837s][info][gc,start       ] GC(1304) Pause Young (Allocation Failure)
[886.147s][info][gc,heap        ] GC(1304) DefNew: 629120K(629120K)->62928K(629120K) Eden: 559232K(559232K)->0K(559232K) From: 69888K(69888K)->62928K(69888K)
[886.147s][info][gc,heap        ] GC(1304) Tenured: 332182K(1398144K)->367749K(1398144K)
[886.147s][info][gc,metaspace   ] GC(1304) Metaspace: 22894K(23168K)->22894K(23168K) NonClass: 20095K(20224K)->20095K(20224K) Class: 2798K(2944K)->2798K(2944K)
[886.147s][info][gc             ] GC(1304) Pause Young (Allocation Failure) 938M->420M(1979M) 309.615ms
[886.147s][info][gc,cpu         ] GC(1304) User=0.25s Sys=0.02s Real=0.30s
[886.419s][info][gc,start       ] GC(1305) Pause Young (Allocation Failure)
[886.740s][info][gc,heap        ] GC(1305) DefNew: 622160K(629120K)->65293K(629120K) Eden: 559232K(559232K)->0K(559232K) From: 62928K(69888K)->65293K(69888K)
[886.740s][info][gc,heap        ] GC(1305) Tenured: 367749K(1398144K)->406291K(1398144K)
[886.740s][info][gc,metaspace   ] GC(1305) Metaspace: 22894K(23168K)->22894K(23168K) NonClass: 20095K(20224K)->20095K(20224K) Class: 2798K(2944K)->2798K(2944K)
[886.740s][info][gc             ] GC(1305) Pause Young (Allocation Failure) 966M->460M(1979M) 320.207ms
[886.740s][info][gc,cpu         ] GC(1305) User=0.33s Sys=0.00s Real=0.31s
[886.892s][info][gc,start       ] GC(1306) Pause Young (Allocation Failure)
[887.361s][info][gc,heap        ] GC(1306) DefNew: 624525K(629120K)->69888K(629120K) Eden: 559232K(559232K)->0K(559232K) From: 65293K(69888K)->69888K(69888K)
[887.361s][info][gc,heap        ] GC(1306) Tenured: 406291K(1398144K)->469289K(1398144K)
[887.361s][info][gc,metaspace   ] GC(1306) Metaspace: 22894K(23168K)->22894K(23168K) NonClass: 20095K(20224K)->20095K(20224K) Class: 2798K(2944K)->2798K(2944K)
[887.361s][info][gc             ] GC(1306) Pause Young (Allocation Failure) 1006M->526M(1979M) 469.512ms
[887.361s][info][gc,cpu         ] GC(1306) User=0.47s Sys=0.00s Real=0.47s
[887.950s][info][gc,start       ] GC(1307) Pause Young (Allocation Failure)
[888.231s][info][gc,heap        ] GC(1307) DefNew: 629120K(629120K)->50398K(629120K) Eden: 559232K(559232K)->0K(559232K) From: 69888K(69888K)->50398K(69888K)
[888.231s][info][gc,heap        ] GC(1307) Tenured: 469289K(1398144K)->505712K(1398144K)
[888.231s][info][gc,metaspace   ] GC(1307) Metaspace: 22894K(23168K)->22894K(23168K) NonClass: 20095K(20224K)->20095K(20224K) Class: 2798K(2944K)->2798K(2944K)
[888.231s][info][gc             ] GC(1307) Pause Young (Allocation Failure) 1072M->543M(1979M) 281.122ms
[888.231s][info][gc,cpu         ] GC(1307) User=0.31s Sys=0.00s Real=0.27s
[888.366s][info][gc,start       ] GC(1308) Pause Young (Allocation Failure)
[888.771s][info][gc,heap        ] GC(1308) DefNew: 609630K(629120K)->69887K(629120K) Eden: 559232K(559232K)->0K(559232K) From: 50398K(69888K)->69887K(69888K)
[888.771s][info][gc,heap        ] GC(1308) Tenured: 505712K(1398144K)->552366K(1398144K)
[888.771s][info][gc,metaspace   ] GC(1308) Metaspace: 22894K(23168K)->22894K(23168K) NonClass: 20095K(20224K)->20095K(20224K) Class: 2798K(2944K)->2798K(2944K)
[888.771s][info][gc             ] GC(1308) Pause Young (Allocation Failure) 1089M->607M(1979M) 404.981ms
[888.771s][info][gc,cpu         ] GC(1308) User=0.41s Sys=0.00s Real=0.40s
[888.944s][info][gc,start       ] GC(1309) Pause Young (Allocation Failure)
[889.419s][info][gc,heap        ] GC(1309) DefNew: 629119K(629120K)->69888K(629120K) Eden: 559232K(559232K)->0K(559232K) From: 69887K(69888K)->69888K(69888K)
[889.419s][info][gc,heap        ] GC(1309) Tenured: 552366K(1398144K)->615008K(1398144K)
[889.419s][info][gc,metaspace   ] GC(1309) Metaspace: 22894K(23168K)->22894K(23168K) NonClass: 20095K(20224K)->20095K(20224K) Class: 2798K(2944K)->2798K(2944K)
[889.419s][info][gc             ] GC(1309) Pause Young (Allocation Failure) 1153M->668M(1979M) 474.481ms
[889.419s][info][gc,cpu         ] GC(1309) User=0.50s Sys=0.00s Real=0.47s
[889.933s][info][gc,start       ] GC(1310) Pause Young (Allocation Failure)
[890.244s][info][gc,heap        ] GC(1310) DefNew: 629120K(629120K)->59255K(629120K) Eden: 559232K(559232K)->0K(559232K) From: 69888K(69888K)->59255K(69888K)
[890.244s][info][gc,heap        ] GC(1310) Tenured: 615008K(1398144K)->649021K(1398144K)
[890.244s][info][gc,metaspace   ] GC(1310) Metaspace: 22894K(23168K)->22894K(23168K) NonClass: 20095K(20224K)->20095K(20224K) Class: 2798K(2944K)->2798K(2944K)
[890.244s][info][gc             ] GC(1310) Pause Young (Allocation Failure) 1214M->691M(1979M) 311.156ms
[890.244s][info][gc,cpu         ] GC(1310) User=0.30s Sys=0.00s Real=0.31s
[890.389s][info][gc,start       ] GC(1311) Pause Young (Allocation Failure)
[890.817s][info][gc,heap        ] GC(1311) DefNew: 618487K(629120K)->69888K(629120K) Eden: 559232K(559232K)->0K(559232K) From: 59255K(69888K)->69888K(69888K)
[890.817s][info][gc,heap        ] GC(1311) Tenured: 649021K(1398144K)->702714K(1398144K)
[890.817s][info][gc,metaspace   ] GC(1311) Metaspace: 22894K(23168K)->22894K(23168K) NonClass: 20095K(20224K)->20095K(20224K) Class: 2798K(2944K)->2798K(2944K)
[890.817s][info][gc             ] GC(1311) Pause Young (Allocation Failure) 1237M->754M(1979M) 427.302ms
[890.817s][info][gc,cpu         ] GC(1311) User=0.39s Sys=0.00s Real=0.43s
[891.256s][info][gc,start       ] GC(1312) Pause Young (Allocation Failure)
[891.553s][info][gc,heap        ] GC(1312) DefNew: 629120K(629120K)->57909K(629120K) Eden: 559232K(559232K)->0K(559232K) From: 69888K(69888K)->57909K(69888K)
[891.553s][info][gc,heap        ] GC(1312) Tenured: 702714K(1398144K)->738132K(1398144K)
[891.553s][info][gc,metaspace   ] GC(1312) Metaspace: 22894K(23168K)->22894K(23168K) NonClass: 20095K(20224K)->20095K(20224K) Class: 2798K(2944K)->2798K(2944K)
[891.553s][info][gc             ] GC(1312) Pause Young (Allocation Failure) 1300M->777M(1979M) 297.102ms
[891.553s][info][gc,cpu         ] GC(1312) User=0.30s Sys=0.00s Real=0.30s
[891.829s][info][gc,start       ] GC(1313) Pause Young (Allocation Failure)
[892.175s][info][gc,heap        ] GC(1313) DefNew: 617141K(629120K)->69888K(629120K) Eden: 559232K(559232K)->0K(559232K) From: 57909K(69888K)->69888K(69888K)
[892.175s][info][gc,heap        ] GC(1313) Tenured: 738132K(1398144K)->778374K(1398144K)
[892.175s][info][gc,metaspace   ] GC(1313) Metaspace: 22894K(23168K)->22894K(23168K) NonClass: 20095K(20224K)->20095K(20224K) Class: 2798K(2944K)->2798K(2944K)
[892.175s][info][gc             ] GC(1313) Pause Young (Allocation Failure) 1323M->828M(1979M) 345.666ms
[892.175s][info][gc,cpu         ] GC(1313) User=0.31s Sys=0.00s Real=0.35s
[892.316s][info][gc,start       ] GC(1314) Pause Young (Allocation Failure)
[892.782s][info][gc,heap        ] GC(1314) DefNew: 629120K(629120K)->69888K(629120K) Eden: 559232K(559232K)->0K(559232K) From: 69888K(69888K)->69888K(69888K)
[892.782s][info][gc,heap        ] GC(1314) Tenured: 778374K(1398144K)->841933K(1398144K)
[892.782s][info][gc,metaspace   ] GC(1314) Metaspace: 22894K(23168K)->22894K(23168K) NonClass: 20095K(20224K)->20095K(20224K) Class: 2798K(2944K)->2798K(2944K)
[892.782s][info][gc             ] GC(1314) Pause Young (Allocation Failure) 1374M->890M(1979M) 465.454ms
[892.782s][info][gc,cpu         ] GC(1314) User=0.45s Sys=0.00s Real=0.47s
[893.365s][info][gc,start       ] GC(1315) Pause Young (Allocation Failure)
[893.636s][info][gc,heap        ] GC(1315) DefNew: 629120K(629120K)->49662K(629120K) Eden: 559232K(559232K)->0K(559232K) From: 69888K(69888K)->49662K(69888K)
[893.636s][info][gc,heap        ] GC(1315) Tenured: 841933K(1398144K)->874910K(1398144K)
[893.636s][info][gc,metaspace   ] GC(1315) Metaspace: 22894K(23168K)->22894K(23168K) NonClass: 20095K(20224K)->20095K(20224K) Class: 2798K(2944K)->2798K(2944K)
[893.636s][info][gc             ] GC(1315) Pause Young (Allocation Failure) 1436M->902M(1979M) 271.174ms
[893.636s][info][gc,cpu         ] GC(1315) User=0.31s Sys=0.00s Real=0.27s
[893.789s][info][gc,start       ] GC(1316) Pause Young (Allocation Failure)
[894.214s][info][gc,heap        ] GC(1316) DefNew: 608894K(629120K)->69887K(629120K) Eden: 559232K(559232K)->0K(559232K) From: 49662K(69888K)->69887K(69888K)
[894.214s][info][gc,heap        ] GC(1316) Tenured: 874910K(1398144K)->926500K(1398144K)
[894.214s][info][gc,metaspace   ] GC(1316) Metaspace: 22894K(23168K)->22894K(23168K) NonClass: 20095K(20224K)->20095K(20224K) Class: 2798K(2944K)->2798K(2944K)
[894.214s][info][gc             ] GC(1316) Pause Young (Allocation Failure) 1449M->973M(1979M) 425.052ms
[894.214s][info][gc,cpu         ] GC(1316) User=0.42s Sys=0.00s Real=0.42s
[894.440s][info][gc,start       ] GC(1317) Pause Young (Allocation Failure)
[894.895s][info][gc,heap        ] GC(1317) DefNew: 629119K(629120K)->69887K(629120K) Eden: 559232K(559232K)->0K(559232K) From: 69887K(69888K)->69887K(69888K)
[894.895s][info][gc,heap        ] GC(1317) Tenured: 926500K(1398144K)->974065K(1398144K)
[894.895s][info][gc,metaspace   ] GC(1317) Metaspace: 22894K(23168K)->22894K(23168K) NonClass: 20095K(20224K)->20095K(20224K) Class: 2798K(2944K)->2798K(2944K)
[894.895s][info][gc             ] GC(1317) Pause Young (Allocation Failure) 1519M->1019M(1979M) 455.098ms
[894.895s][info][gc,cpu         ] GC(1317) User=0.42s Sys=0.00s Real=0.46s
[895.337s][info][gc,start       ] GC(1318) Pause Young (Allocation Failure)
[895.631s][info][gc,heap        ] GC(1318) DefNew: 629119K(629120K)->59360K(629120K) Eden: 559232K(559232K)->0K(559232K) From: 69887K(69888K)->59360K(69888K)
[895.632s][info][gc,heap        ] GC(1318) Tenured: 974065K(1398144K)->1008141K(1398144K)
[895.632s][info][gc,metaspace   ] GC(1318) Metaspace: 22894K(23168K)->22894K(23168K) NonClass: 20095K(20224K)->20095K(20224K) Class: 2798K(2944K)->2798K(2944K)
[895.632s][info][gc             ] GC(1318) Pause Young (Allocation Failure) 1565M->1042M(1979M) 294.618ms
[895.632s][info][gc,cpu         ] GC(1318) User=0.28s Sys=0.00s Real=0.28s
[895.776s][info][gc,start       ] GC(1319) Pause Young (Allocation Failure)
[896.204s][info][gc,heap        ] GC(1319) DefNew: 618592K(629120K)->69887K(629120K) Eden: 559232K(559232K)->0K(559232K) From: 59360K(69888K)->69887K(69888K)
[896.204s][info][gc,heap        ] GC(1319) Tenured: 1008141K(1398144K)->1061217K(1398144K)
[896.204s][info][gc,metaspace   ] GC(1319) Metaspace: 22894K(23168K)->22894K(23168K) NonClass: 20095K(20224K)->20095K(20224K) Class: 2798K(2944K)->2798K(2944K)
[896.204s][info][gc             ] GC(1319) Pause Young (Allocation Failure) 1588M->1104M(1979M) 427.889ms
[896.204s][info][gc,cpu         ] GC(1319) User=0.41s Sys=0.00s Real=0.42s
[896.707s][info][gc,start       ] GC(1320) Pause Young (Allocation Failure)
[896.983s][info][gc,heap        ] GC(1320) DefNew: 629119K(629120K)->51900K(629120K) Eden: 559232K(559232K)->0K(559232K) From: 69887K(69888K)->51900K(69888K)
[896.983s][info][gc,heap        ] GC(1320) Tenured: 1061217K(1398144K)->1096429K(1398144K)
[896.983s][info][gc,metaspace   ] GC(1320) Metaspace: 22894K(23168K)->22894K(23168K) NonClass: 20095K(20224K)->20095K(20224K) Class: 2798K(2944K)->2798K(2944K)
[896.983s][info][gc             ] GC(1320) Pause Young (Allocation Failure) 1650M->1121M(1979M) 276.316ms
[896.983s][info][gc,cpu         ] GC(1320) User=0.27s Sys=0.00s Real=0.27s
[897.210s][info][gc,start       ] GC(1321) Pause Young (Allocation Failure)
[897.581s][info][gc,heap        ] GC(1321) DefNew: 611132K(629120K)->69887K(629120K) Eden: 559232K(559232K)->0K(559232K) From: 51900K(69888K)->69887K(69888K)
[897.581s][info][gc,heap        ] GC(1321) Tenured: 1096429K(1398144K)->1136133K(1398144K)
[897.581s][info][gc,metaspace   ] GC(1321) Metaspace: 22894K(23168K)->22894K(23168K) NonClass: 20095K(20224K)->20095K(20224K) Class: 2798K(2944K)->2798K(2944K)
[897.581s][info][gc             ] GC(1321) Pause Young (Allocation Failure) 1667M->1177M(1979M) 371.231ms
[897.581s][info][gc,cpu         ] GC(1321) User=0.36s Sys=0.00s Real=0.38s
[897.732s][info][gc,start       ] GC(1322) Pause Young (Allocation Failure)
[898.205s][info][gc,heap        ] GC(1322) DefNew: 629119K(629120K)->69888K(629120K) Eden: 559232K(559232K)->0K(559232K) From: 69887K(69888K)->69888K(69888K)
[898.205s][info][gc,heap        ] GC(1322) Tenured: 1136133K(1398144K)->1198965K(1398144K)
[898.205s][info][gc,metaspace   ] GC(1322) Metaspace: 22894K(23168K)->22894K(23168K) NonClass: 20095K(20224K)->20095K(20224K) Class: 2798K(2944K)->2798K(2944K)
[898.205s][info][gc             ] GC(1322) Pause Young (Allocation Failure) 1723M->1239M(1979M) 472.978ms
[898.205s][info][gc,cpu         ] GC(1322) User=0.44s Sys=0.00s Real=0.47s
[898.792s][info][gc,start       ] GC(1323) Pause Young (Allocation Failure)
[899.070s][info][gc,heap        ] GC(1323) DefNew: 629120K(629120K)->49014K(629120K) Eden: 559232K(559232K)->0K(559232K) From: 69888K(69888K)->49014K(69888K)
[899.070s][info][gc,heap        ] GC(1323) Tenured: 1198965K(1398144K)->1234598K(1398144K)
[899.070s][info][gc,metaspace   ] GC(1323) Metaspace: 22894K(23168K)->22894K(23168K) NonClass: 20095K(20224K)->20095K(20224K) Class: 2798K(2944K)->2798K(2944K)
[899.071s][info][gc             ] GC(1323) Pause Young (Allocation Failure) 1785M->1253M(1979M) 278.975ms
[899.071s][info][gc,cpu         ] GC(1323) User=0.28s Sys=0.00s Real=0.27s
[899.217s][info][gc,start       ] GC(1324) Pause Young (Allocation Failure)
[899.641s][info][gc,heap        ] GC(1324) DefNew: 608246K(629120K)->69888K(629120K) Eden: 559232K(559232K)->0K(559232K) From: 49014K(69888K)->69888K(69888K)
[899.642s][info][gc,heap        ] GC(1324) Tenured: 1234598K(1398144K)->1284483K(1398144K)
[899.642s][info][gc,metaspace   ] GC(1324) Metaspace: 22894K(23168K)->22894K(23168K) NonClass: 20095K(20224K)->20095K(20224K) Class: 2798K(2944K)->2798K(2944K)
[899.642s][info][gc             ] GC(1324) Pause Young (Allocation Failure) 1799M->1322M(1979M) 425.064ms
[899.642s][info][gc,cpu         ] GC(1324) User=0.39s Sys=0.00s Real=0.44s
[899.944s][info][gc,start       ] GC(1325) Pause Young (Allocation Failure)
[900.371s][info][gc,heap        ] GC(1325) DefNew: 629120K(629120K)->69888K(629120K) Eden: 559232K(559232K)->0K(559232K) From: 69888K(69888K)->69888K(69888K)
[900.371s][info][gc,heap        ] GC(1325) Tenured: 1284483K(1398144K)->1329507K(1398144K)
[900.371s][info][gc,metaspace   ] GC(1325) Metaspace: 22894K(23168K)->22894K(23168K) NonClass: 20095K(20224K)->20095K(20224K) Class: 2798K(2944K)->2798K(2944K)
[900.371s][info][gc             ] GC(1325) Pause Young (Allocation Failure) 1868M->1366M(1979M) 426.957ms
[900.371s][info][gc,cpu         ] GC(1325) User=0.39s Sys=0.00s Real=0.42s
[900.678s][info][gc,start       ] GC(1326) Pause Full (System.gc())
[900.679s][info][gc,phases,start] GC(1326) Phase 1: Mark live objects
[900.876s][info][gc,phases      ] GC(1326) Phase 1: Mark live objects 197.615ms
[900.876s][info][gc,phases,start] GC(1326) Phase 2: Compute new object addresses
[901.108s][info][gc,phases      ] GC(1326) Phase 2: Compute new object addresses 231.822ms
[901.108s][info][gc,phases,start] GC(1326) Phase 3: Adjust pointers
[901.189s][info][gc,phases      ] GC(1326) Phase 3: Adjust pointers 80.871ms
[901.189s][info][gc,phases,start] GC(1326) Phase 4: Move objects
[901.223s][info][gc,phases      ] GC(1326) Phase 4: Move objects 34.024ms
[901.223s][info][gc,heap        ] GC(1326) DefNew: 265032K(629120K)->0K(629120K) Eden: 195144K(559232K)->0K(559232K) From: 69888K(69888K)->0K(69888K)
[901.223s][info][gc,heap        ] GC(1326) Tenured: 1329507K(1398144K)->104748K(1398144K)
[901.223s][info][gc,metaspace   ] GC(1326) Metaspace: 22894K(23168K)->22894K(23168K) NonClass: 20095K(20224K)->20095K(20224K) Class: 2798K(2944K)->2798K(2944K)
[901.223s][info][gc             ] GC(1326) Pause Full (System.gc()) 1557M->102M(1979M) 544.981ms
[901.223s][info][gc,cpu         ] GC(1326) User=0.55s Sys=0.00s Real=0.55s
[901.386s][info][gc,start       ] GC(1327) Pause Young (Allocation Failure)
[901.692s][info][gc,heap        ] GC(1327) DefNew: 559232K(629120K)->69887K(629120K) Eden: 559232K(559232K)->0K(559232K) From: 0K(69888K)->69887K(69888K)
[901.692s][info][gc,heap        ] GC(1327) Tenured: 104748K(1398144K)->112150K(1398144K)
[901.692s][info][gc,metaspace   ] GC(1327) Metaspace: 22894K(23168K)->22894K(23168K) NonClass: 20095K(20224K)->20095K(20224K) Class: 2798K(2944K)->2798K(2944K)
[901.692s][info][gc             ] GC(1327) Pause Young (Allocation Failure) 648M->177M(1979M) 305.998ms
[901.692s][info][gc,cpu         ] GC(1327) User=0.31s Sys=0.00s Real=0.30s
[901.837s][info][gc,start       ] GC(1328) Pause Young (Allocation Failure)
[902.323s][info][gc,heap        ] GC(1328) DefNew: 629119K(629120K)->69887K(629120K) Eden: 559231K(559232K)->0K(559232K) From: 69887K(69888K)->69887K(69888K)
[902.323s][info][gc,heap        ] GC(1328) Tenured: 112150K(1398144K)->178914K(1398144K)
[902.323s][info][gc,metaspace   ] GC(1328) Metaspace: 22894K(23168K)->22894K(23168K) NonClass: 20095K(20224K)->20095K(20224K) Class: 2798K(2944K)->2798K(2944K)
[902.323s][info][gc             ] GC(1328) Pause Young (Allocation Failure) 723M->242M(1979M) 485.804ms
[902.323s][info][gc,cpu         ] GC(1328) User=0.47s Sys=0.00s Real=0.49s
[902.858s][info][gc,start       ] GC(1329) Pause Young (Allocation Failure)
[903.166s][info][gc,heap        ] GC(1329) DefNew: 629119K(629120K)->60247K(629120K) Eden: 559232K(559232K)->0K(559232K) From: 69887K(69888K)->60247K(69888K)
[903.166s][info][gc,heap        ] GC(1329) Tenured: 178914K(1398144K)->212687K(1398144K)
[903.166s][info][gc,metaspace   ] GC(1329) Metaspace: 22894K(23168K)->22894K(23168K) NonClass: 20095K(20224K)->20095K(20224K) Class: 2798K(2944K)->2798K(2944K)
[903.166s][info][gc             ] GC(1329) Pause Young (Allocation Failure) 789M->266M(1979M) 307.926ms
[903.166s][info][gc,cpu         ] GC(1329) User=0.28s Sys=0.00s Real=0.30s
[903.308s][info][gc,start       ] GC(1330) Pause Young (Allocation Failure)
[903.736s][info][gc,heap        ] GC(1330) DefNew: 619479K(629120K)->69887K(629120K) Eden: 559232K(559232K)->0K(559232K) From: 60247K(69888K)->69887K(69888K)
[903.736s][info][gc,heap        ] GC(1330) Tenured: 212687K(1398144K)->268410K(1398144K)
[903.736s][info][gc,metaspace   ] GC(1330) Metaspace: 22894K(23168K)->22894K(23168K) NonClass: 20095K(20224K)->20095K(20224K) Class: 2798K(2944K)->2798K(2944K)
[903.736s][info][gc             ] GC(1330) Pause Young (Allocation Failure) 812M->330M(1979M) 428.867ms
[903.736s][info][gc,cpu         ] GC(1330) User=0.42s Sys=0.00s Real=0.44s
[904.091s][info][gc,start       ] GC(1331) Pause Young (Allocation Failure)
[904.412s][info][gc,heap        ] GC(1331) DefNew: 629119K(629120K)->66411K(629120K) Eden: 559232K(559232K)->0K(559232K) From: 69887K(69888K)->66411K(69888K)
[904.412s][info][gc,heap        ] GC(1331) Tenured: 268410K(1398144K)->305272K(1398144K)
[904.412s][info][gc,metaspace   ] GC(1331) Metaspace: 22894K(23168K)->22894K(23168K) NonClass: 20095K(20224K)->20095K(20224K) Class: 2798K(2944K)->2798K(2944K)
[904.412s][info][gc             ] GC(1331) Pause Young (Allocation Failure) 876M->362M(1979M) 321.033ms
[904.412s][info][gc,cpu         ] GC(1331) User=0.30s Sys=0.00s Real=0.31s
[904.749s][info][gc,start       ] GC(1332) Pause Young (Allocation Failure)
[905.059s][info][gc,heap        ] GC(1332) DefNew: 625643K(629120K)->69016K(629120K) Eden: 559232K(559232K)->0K(559232K) From: 66411K(69888K)->69016K(69888K)
[905.059s][info][gc,heap        ] GC(1332) Tenured: 305272K(1398144K)->341936K(1398144K)
[905.059s][info][gc,metaspace   ] GC(1332) Metaspace: 22894K(23168K)->22894K(23168K) NonClass: 20095K(20224K)->20095K(20224K) Class: 2798K(2944K)->2798K(2944K)
[905.059s][info][gc             ] GC(1332) Pause Young (Allocation Failure) 909M->401M(1979M) 310.431ms
[905.059s][info][gc,cpu         ] GC(1332) User=0.28s Sys=0.00s Real=0.32s
[905.199s][info][gc,start       ] GC(1333) Pause Young (Allocation Failure)
[905.655s][info][gc,heap        ] GC(1333) DefNew: 628248K(629120K)->69887K(629120K) Eden: 559232K(559232K)->0K(559232K) From: 69016K(69888K)->69887K(69888K)
[905.655s][info][gc,heap        ] GC(1333) Tenured: 341936K(1398144K)->406216K(1398144K)
[905.655s][info][gc,metaspace   ] GC(1333) Metaspace: 22894K(23168K)->22894K(23168K) NonClass: 20095K(20224K)->20095K(20224K) Class: 2798K(2944K)->2798K(2944K)
[905.655s][info][gc             ] GC(1333) Pause Young (Allocation Failure) 947M->464M(1979M) 455.819ms
[905.655s][info][gc,cpu         ] GC(1333) User=0.44s Sys=0.00s Real=0.46s
[906.204s][info][gc,start       ] GC(1334) Pause Young (Allocation Failure)
[906.452s][info][gc,heap        ] GC(1334) DefNew: 629119K(629120K)->41957K(629120K) Eden: 559232K(559232K)->0K(559232K) From: 69887K(69888K)->41957K(69888K)
[906.452s][info][gc,heap        ] GC(1334) Tenured: 406216K(1398144K)->439434K(1398144K)
[906.452s][info][gc,metaspace   ] GC(1334) Metaspace: 22894K(23168K)->22894K(23168K) NonClass: 20095K(20224K)->20095K(20224K) Class: 2798K(2944K)->2798K(2944K)
[906.452s][info][gc             ] GC(1334) Pause Young (Allocation Failure) 1011M->470M(1979M) 247.576ms
[906.452s][info][gc,cpu         ] GC(1334) User=0.23s Sys=0.00s Real=0.24s
[906.602s][info][gc,start       ] GC(1335) Pause Young (Allocation Failure)
[907.001s][info][gc,heap        ] GC(1335) DefNew: 601189K(629120K)->69888K(629120K) Eden: 559232K(559232K)->0K(559232K) From: 41957K(69888K)->69888K(69888K)
[907.001s][info][gc,heap        ] GC(1335) Tenured: 439434K(1398144K)->484384K(1398144K)
[907.001s][info][gc,metaspace   ] GC(1335) Metaspace: 22894K(23168K)->22894K(23168K) NonClass: 20095K(20224K)->20095K(20224K) Class: 2798K(2944K)->2798K(2944K)
[907.001s][info][gc             ] GC(1335) Pause Young (Allocation Failure) 1016M->541M(1979M) 399.199ms
[907.001s][info][gc,cpu         ] GC(1335) User=0.38s Sys=0.00s Real=0.39s
[907.154s][info][gc,start       ] GC(1336) Pause Young (Allocation Failure)
[907.626s][info][gc,heap        ] GC(1336) DefNew: 629120K(629120K)->69887K(629120K) Eden: 559232K(559232K)->0K(559232K) From: 69888K(69888K)->69887K(69888K)
[907.626s][info][gc,heap        ] GC(1336) Tenured: 484384K(1398144K)->549378K(1398144K)
[907.626s][info][gc,metaspace   ] GC(1336) Metaspace: 22894K(23168K)->22894K(23168K) NonClass: 20095K(20224K)->20095K(20224K) Class: 2798K(2944K)->2798K(2944K)
[907.626s][info][gc             ] GC(1336) Pause Young (Allocation Failure) 1087M->604M(1979M) 472.261ms
[907.626s][info][gc,cpu         ] GC(1336) User=0.47s Sys=0.00s Real=0.47s
[908.170s][info][gc,start       ] GC(1337) Pause Young (Allocation Failure)
[908.481s][info][gc,heap        ] GC(1337) DefNew: 629119K(629120K)->64653K(629120K) Eden: 559232K(559232K)->0K(559232K) From: 69887K(69888K)->64653K(69888K)
[908.481s][info][gc,heap        ] GC(1337) Tenured: 549378K(1398144K)->584347K(1398144K)
[908.481s][info][gc,metaspace   ] GC(1337) Metaspace: 22894K(23168K)->22894K(23168K) NonClass: 20095K(20224K)->20095K(20224K) Class: 2798K(2944K)->2798K(2944K)
[908.481s][info][gc             ] GC(1337) Pause Young (Allocation Failure) 1150M->633M(1979M) 311.268ms
[908.481s][info][gc,cpu         ] GC(1337) User=0.31s Sys=0.00s Real=0.31s
[908.616s][info][gc,start       ] GC(1338) Pause Young (Allocation Failure)
[909.043s][info][gc,heap        ] GC(1338) DefNew: 623885K(629120K)->67948K(629120K) Eden: 559232K(559232K)->0K(559232K) From: 64653K(69888K)->67948K(69888K)
[909.044s][info][gc,heap        ] GC(1338) Tenured: 584347K(1398144K)->644223K(1398144K)
[909.044s][info][gc,metaspace   ] GC(1338) Metaspace: 22894K(23168K)->22894K(23168K) NonClass: 20095K(20224K)->20095K(20224K) Class: 2798K(2944K)->2798K(2944K)
[909.044s][info][gc             ] GC(1338) Pause Young (Allocation Failure) 1179M->695M(1979M) 427.200ms
[909.044s][info][gc,cpu         ] GC(1338) User=0.41s Sys=0.00s Real=0.42s
[909.431s][info][gc,start       ] GC(1339) Pause Young (Allocation Failure)
[909.724s][info][gc,heap        ] GC(1339) DefNew: 627180K(629120K)->61028K(629120K) Eden: 559232K(559232K)->0K(559232K) From: 67948K(69888K)->61028K(69888K)
[909.724s][info][gc,heap        ] GC(1339) Tenured: 644223K(1398144K)->677629K(1398144K)
[909.724s][info][gc,metaspace   ] GC(1339) Metaspace: 22894K(23168K)->22894K(23168K) NonClass: 20095K(20224K)->20095K(20224K) Class: 2798K(2944K)->2798K(2944K)
[909.724s][info][gc             ] GC(1339) Pause Young (Allocation Failure) 1241M->721M(1979M) 293.264ms
[909.724s][info][gc,cpu         ] GC(1339) User=0.28s Sys=0.00s Real=0.28s
[910.006s][info][gc,start       ] GC(1340) Pause Young (Allocation Failure)
[910.340s][info][gc,heap        ] GC(1340) DefNew: 620260K(629120K)->69409K(629120K) Eden: 559232K(559232K)->0K(559232K) From: 61028K(69888K)->69409K(69888K)
[910.340s][info][gc,heap        ] GC(1340) Tenured: 677629K(1398144K)->712925K(1398144K)
[910.340s][info][gc,metaspace   ] GC(1340) Metaspace: 22894K(23168K)->22894K(23168K) NonClass: 20095K(20224K)->20095K(20224K) Class: 2798K(2944K)->2798K(2944K)
[910.340s][info][gc             ] GC(1340) Pause Young (Allocation Failure) 1267M->763M(1979M) 333.528ms
[910.340s][info][gc,cpu         ] GC(1340) User=0.31s Sys=0.00s Real=0.33s
[910.490s][info][gc,start       ] GC(1341) Pause Young (Allocation Failure)
[910.966s][info][gc,heap        ] GC(1341) DefNew: 628641K(629120K)->69887K(629120K) Eden: 559232K(559232K)->0K(559232K) From: 69409K(69888K)->69887K(69888K)
[910.966s][info][gc,heap        ] GC(1341) Tenured: 712925K(1398144K)->779078K(1398144K)
[910.966s][info][gc,metaspace   ] GC(1341) Metaspace: 22894K(23168K)->22894K(23168K) NonClass: 20095K(20224K)->20095K(20224K) Class: 2798K(2944K)->2798K(2944K)
[910.966s][info][gc             ] GC(1341) Pause Young (Allocation Failure) 1310M->829M(1979M) 476.228ms
[910.966s][info][gc,cpu         ] GC(1341) User=0.47s Sys=0.00s Real=0.47s
[911.556s][info][gc,start       ] GC(1342) Pause Young (Allocation Failure)
[911.826s][info][gc,heap        ] GC(1342) DefNew: 629119K(629120K)->47275K(629120K) Eden: 559232K(559232K)->0K(559232K) From: 69887K(69888K)->47275K(69888K)
[911.826s][info][gc,heap        ] GC(1342) Tenured: 779078K(1398144K)->814890K(1398144K)
[911.826s][info][gc,metaspace   ] GC(1342) Metaspace: 22894K(23168K)->22894K(23168K) NonClass: 20095K(20224K)->20095K(20224K) Class: 2798K(2944K)->2798K(2944K)
[911.826s][info][gc             ] GC(1342) Pause Young (Allocation Failure) 1375M->841M(1979M) 269.593ms
[911.826s][info][gc,cpu         ] GC(1342) User=0.30s Sys=0.00s Real=0.28s
[911.969s][info][gc,start       ] GC(1343) Pause Young (Allocation Failure)
[912.387s][info][gc,heap        ] GC(1343) DefNew: 606507K(629120K)->69888K(629120K) Eden: 559232K(559232K)->0K(559232K) From: 47275K(69888K)->69888K(69888K)
[912.387s][info][gc,heap        ] GC(1343) Tenured: 814890K(1398144K)->862899K(1398144K)
[912.387s][info][gc,metaspace   ] GC(1343) Metaspace: 22894K(23168K)->22894K(23168K) NonClass: 20095K(20224K)->20095K(20224K) Class: 2798K(2944K)->2798K(2944K)
[912.387s][info][gc             ] GC(1343) Pause Young (Allocation Failure) 1388M->910M(1979M) 417.505ms
[912.387s][info][gc,cpu         ] GC(1343) User=0.41s Sys=0.00s Real=0.41s
[912.619s][info][gc,start       ] GC(1344) Pause Young (Allocation Failure)
[913.093s][info][gc,heap        ] GC(1344) DefNew: 629120K(629120K)->69887K(629120K) Eden: 559232K(559232K)->0K(559232K) From: 69888K(69888K)->69887K(69888K)
[913.093s][info][gc,heap        ] GC(1344) Tenured: 862899K(1398144K)->916875K(1398144K)
[913.093s][info][gc,metaspace   ] GC(1344) Metaspace: 22894K(23168K)->22894K(23168K) NonClass: 20095K(20224K)->20095K(20224K) Class: 2798K(2944K)->2798K(2944K)
[913.093s][info][gc             ] GC(1344) Pause Young (Allocation Failure) 1457M->963M(1979M) 474.310ms
[913.093s][info][gc,cpu         ] GC(1344) User=0.47s Sys=0.00s Real=0.47s
[913.579s][info][gc,start       ] GC(1345) Pause Young (Allocation Failure)
[913.886s][info][gc,heap        ] GC(1345) DefNew: 629119K(629120K)->58912K(629120K) Eden: 559232K(559232K)->0K(559232K) From: 69887K(69888K)->58912K(69888K)
[913.886s][info][gc,heap        ] GC(1345) Tenured: 916875K(1398144K)->950511K(1398144K)
[913.886s][info][gc,metaspace   ] GC(1345) Metaspace: 22894K(23168K)->22894K(23168K) NonClass: 20095K(20224K)->20095K(20224K) Class: 2798K(2944K)->2798K(2944K)
[913.886s][info][gc             ] GC(1345) Pause Young (Allocation Failure) 1509M->985M(1979M) 307.121ms
[913.886s][info][gc,cpu         ] GC(1345) User=0.28s Sys=0.00s Real=0.31s
[914.041s][info][gc,start       ] GC(1346) Pause Young (Allocation Failure)
[914.479s][info][gc,heap        ] GC(1346) DefNew: 618144K(629120K)->69888K(629120K) Eden: 559232K(559232K)->0K(559232K) From: 58912K(69888K)->69888K(69888K)
[914.480s][info][gc,heap        ] GC(1346) Tenured: 950511K(1398144K)->1007639K(1398144K)
[914.480s][info][gc,metaspace   ] GC(1346) Metaspace: 22894K(23168K)->22894K(23168K) NonClass: 20095K(20224K)->20095K(20224K) Class: 2798K(2944K)->2798K(2944K)
[914.480s][info][gc             ] GC(1346) Pause Young (Allocation Failure) 1531M->1052M(1979M) 438.800ms
[914.480s][info][gc,cpu         ] GC(1346) User=0.44s Sys=0.00s Real=0.44s
[914.985s][info][gc,start       ] GC(1347) Pause Young (Allocation Failure)
[915.255s][info][gc,heap        ] GC(1347) DefNew: 629120K(629120K)->51537K(629120K) Eden: 559232K(559232K)->0K(559232K) From: 69888K(69888K)->51537K(69888K)
[915.255s][info][gc,heap        ] GC(1347) Tenured: 1007639K(1398144K)->1043596K(1398144K)
[915.255s][info][gc,metaspace   ] GC(1347) Metaspace: 22894K(23168K)->22894K(23168K) NonClass: 20095K(20224K)->20095K(20224K) Class: 2798K(2944K)->2798K(2944K)
[915.256s][info][gc             ] GC(1347) Pause Young (Allocation Failure) 1598M->1069M(1979M) 270.691ms
[915.256s][info][gc,cpu         ] GC(1347) User=0.27s Sys=0.00s Real=0.28s
[915.492s][info][gc,start       ] GC(1348) Pause Young (Allocation Failure)
[915.835s][info][gc,heap        ] GC(1348) DefNew: 610769K(629120K)->69887K(629120K) Eden: 559232K(559232K)->0K(559232K) From: 51537K(69888K)->69887K(69888K)
[915.835s][info][gc,heap        ] GC(1348) Tenured: 1043596K(1398144K)->1082913K(1398144K)
[915.835s][info][gc,metaspace   ] GC(1348) Metaspace: 22894K(23168K)->22894K(23168K) NonClass: 20095K(20224K)->20095K(20224K) Class: 2798K(2944K)->2798K(2944K)
[915.835s][info][gc             ] GC(1348) Pause Young (Allocation Failure) 1615M->1125M(1979M) 343.642ms
[915.835s][info][gc,cpu         ] GC(1348) User=0.34s Sys=0.00s Real=0.35s
[915.980s][info][gc,start       ] GC(1349) Pause Young (Allocation Failure)
[916.460s][info][gc,heap        ] GC(1349) DefNew: 629119K(629120K)->69887K(629120K) Eden: 559232K(559232K)->0K(559232K) From: 69887K(69888K)->69887K(69888K)
[916.460s][info][gc,heap        ] GC(1349) Tenured: 1082913K(1398144K)->1147622K(1398144K)
[916.460s][info][gc,metaspace   ] GC(1349) Metaspace: 22894K(23168K)->22894K(23168K) NonClass: 20095K(20224K)->20095K(20224K) Class: 2798K(2944K)->2798K(2944K)
[916.460s][info][gc             ] GC(1349) Pause Young (Allocation Failure) 1671M->1188M(1979M) 480.327ms
[916.460s][info][gc,cpu         ] GC(1349) User=0.45s Sys=0.00s Real=0.49s
[917.192s][info][gc,start       ] GC(1350) Pause Young (Allocation Failure)
[917.443s][info][gc,heap        ] GC(1350) DefNew: 629119K(629120K)->41884K(629120K) Eden: 559232K(559232K)->0K(559232K) From: 69887K(69888K)->41884K(69888K)
[917.443s][info][gc,heap        ] GC(1350) Tenured: 1147622K(1398144K)->1182798K(1398144K)
[917.443s][info][gc,metaspace   ] GC(1350) Metaspace: 22894K(23168K)->22894K(23168K) NonClass: 20095K(20224K)->20095K(20224K) Class: 2798K(2944K)->2798K(2944K)
[917.443s][info][gc             ] GC(1350) Pause Young (Allocation Failure) 1735M->1195M(1979M) 250.294ms
[917.443s][info][gc,cpu         ] GC(1350) User=0.27s Sys=0.00s Real=0.25s
[917.585s][info][gc,start       ] GC(1351) Pause Young (Allocation Failure)
[917.973s][info][gc,heap        ] GC(1351) DefNew: 601116K(629120K)->69887K(629120K) Eden: 559232K(559232K)->0K(559232K) From: 41884K(69888K)->69887K(69888K)
[917.973s][info][gc,heap        ] GC(1351) Tenured: 1182798K(1398144K)->1223259K(1398144K)
[917.973s][info][gc,metaspace   ] GC(1351) Metaspace: 22894K(23168K)->22894K(23168K) NonClass: 20095K(20224K)->20095K(20224K) Class: 2798K(2944K)->2798K(2944K)
[917.973s][info][gc             ] GC(1351) Pause Young (Allocation Failure) 1742M->1262M(1979M) 387.943ms
[917.973s][info][gc,cpu         ] GC(1351) User=0.31s Sys=0.00s Real=0.38s
[918.139s][info][gc,start       ] GC(1352) Pause Young (Allocation Failure)
[918.613s][info][gc,heap        ] GC(1352) DefNew: 629119K(629120K)->69887K(629120K) Eden: 559232K(559232K)->0K(559232K) From: 69887K(69888K)->69887K(69888K)
[918.613s][info][gc,heap        ] GC(1352) Tenured: 1223259K(1398144K)->1283287K(1398144K)
[918.613s][info][gc,metaspace   ] GC(1352) Metaspace: 22894K(23168K)->22894K(23168K) NonClass: 20095K(20224K)->20095K(20224K) Class: 2798K(2944K)->2798K(2944K)
[918.613s][info][gc             ] GC(1352) Pause Young (Allocation Failure) 1808M->1321M(1979M) 474.177ms
[918.613s][info][gc,cpu         ] GC(1352) User=0.44s Sys=0.00s Real=0.47s
[919.192s][info][gc,start       ] GC(1353) Pause Full (System.gc())
[919.192s][info][gc,phases,start] GC(1353) Phase 1: Mark live objects
[919.312s][info][gc,phases      ] GC(1353) Phase 1: Mark live objects 120.253ms
[919.312s][info][gc,phases,start] GC(1353) Phase 2: Compute new object addresses
[919.555s][info][gc,phases      ] GC(1353) Phase 2: Compute new object addresses 243.250ms
[919.556s][info][gc,phases,start] GC(1353) Phase 3: Adjust pointers
[919.626s][info][gc,phases      ] GC(1353) Phase 3: Adjust pointers 70.905ms
[919.626s][info][gc,phases,start] GC(1353) Phase 4: Move objects
[919.658s][info][gc,phases      ] GC(1353) Phase 4: Move objects 31.862ms
[919.659s][info][gc,heap        ] GC(1353) DefNew: 336812K(629120K)->0K(629120K) Eden: 266924K(559232K)->0K(559232K) From: 69887K(69888K)->0K(69888K)
[919.659s][info][gc,heap        ] GC(1353) Tenured: 1283287K(1398144K)->126544K(1398144K)
[919.659s][info][gc,metaspace   ] GC(1353) Metaspace: 22894K(23168K)->22894K(23168K) NonClass: 20095K(20224K)->20095K(20224K) Class: 2798K(2944K)->2798K(2944K)
[919.659s][info][gc             ] GC(1353) Pause Full (System.gc()) 1582M->123M(1979M) 466.890ms
[919.659s][info][gc,cpu         ] GC(1353) User=0.45s Sys=0.00s Real=0.47s
[919.823s][info][gc,start       ] GC(1354) Pause Young (Allocation Failure)
[920.120s][info][gc,heap        ] GC(1354) DefNew: 559232K(629120K)->69888K(629120K) Eden: 559232K(559232K)->0K(559232K) From: 0K(69888K)->69888K(69888K)
[920.120s][info][gc,heap        ] GC(1354) Tenured: 126544K(1398144K)->129249K(1398144K)
[920.120s][info][gc,metaspace   ] GC(1354) Metaspace: 22894K(23168K)->22894K(23168K) NonClass: 20095K(20224K)->20095K(20224K) Class: 2798K(2944K)->2798K(2944K)
[920.120s][info][gc             ] GC(1354) Pause Young (Allocation Failure) 669M->194M(1979M) 296.970ms
[920.120s][info][gc,cpu         ] GC(1354) User=0.28s Sys=0.00s Real=0.29s
[920.263s][info][gc,start       ] GC(1355) Pause Young (Allocation Failure)
[920.735s][info][gc,heap        ] GC(1355) DefNew: 629120K(629120K)->69888K(629120K) Eden: 559232K(559232K)->0K(559232K) From: 69888K(69888K)->69888K(69888K)
[920.735s][info][gc,heap        ] GC(1355) Tenured: 129249K(1398144K)->194235K(1398144K)
[920.735s][info][gc,metaspace   ] GC(1355) Metaspace: 22894K(23168K)->22894K(23168K) NonClass: 20095K(20224K)->20095K(20224K) Class: 2798K(2944K)->2798K(2944K)
[920.735s][info][gc             ] GC(1355) Pause Young (Allocation Failure) 740M->257M(1979M) 472.629ms
[920.735s][info][gc,cpu         ] GC(1355) User=0.41s Sys=0.00s Real=0.48s
[921.318s][info][gc,start       ] GC(1356) Pause Young (Allocation Failure)
[921.678s][info][gc,heap        ] GC(1356) DefNew: 629120K(629120K)->69888K(629120K) Eden: 559232K(559232K)->0K(559232K) From: 69888K(69888K)->69888K(69888K)
[921.678s][info][gc,heap        ] GC(1356) Tenured: 194235K(1398144K)->231191K(1398144K)
[921.678s][info][gc,metaspace   ] GC(1356) Metaspace: 22894K(23168K)->22894K(23168K) NonClass: 20095K(20224K)->20095K(20224K) Class: 2798K(2944K)->2798K(2944K)
[921.678s][info][gc             ] GC(1356) Pause Young (Allocation Failure) 804M->294M(1979M) 359.932ms
[921.678s][info][gc,cpu         ] GC(1356) User=0.33s Sys=0.00s Real=0.36s
[921.819s][info][gc,start       ] GC(1357) Pause Young (Allocation Failure)
[922.280s][info][gc,heap        ] GC(1357) DefNew: 629120K(629120K)->69888K(629120K) Eden: 559232K(559232K)->0K(559232K) From: 69888K(69888K)->69888K(69888K)
[922.280s][info][gc,heap        ] GC(1357) Tenured: 231191K(1398144K)->295133K(1398144K)
[922.280s][info][gc,metaspace   ] GC(1357) Metaspace: 22894K(23168K)->22894K(23168K) NonClass: 20095K(20224K)->20095K(20224K) Class: 2798K(2944K)->2798K(2944K)
[922.280s][info][gc             ] GC(1357) Pause Young (Allocation Failure) 840M->356M(1979M) 461.671ms
[922.280s][info][gc,cpu         ] GC(1357) User=0.45s Sys=0.00s Real=0.46s
[922.777s][info][gc,start       ] GC(1358) Pause Young (Allocation Failure)
[923.044s][info][gc,heap        ] GC(1358) DefNew: 629120K(629120K)->49977K(629120K) Eden: 559232K(559232K)->0K(559232K) From: 69888K(69888K)->49977K(69888K)
[923.044s][info][gc,heap        ] GC(1358) Tenured: 295133K(1398144K)->329600K(1398144K)
[923.044s][info][gc,metaspace   ] GC(1358) Metaspace: 22894K(23168K)->22894K(23168K) NonClass: 20095K(20224K)->20095K(20224K) Class: 2798K(2944K)->2798K(2944K)
[923.044s][info][gc             ] GC(1358) Pause Young (Allocation Failure) 902M->370M(1979M) 266.914ms
[923.044s][info][gc,cpu         ] GC(1358) User=0.23s Sys=0.00s Real=0.27s
[923.259s][info][gc,start       ] GC(1359) Pause Young (Allocation Failure)
[923.615s][info][gc,heap        ] GC(1359) DefNew: 609209K(629120K)->69887K(629120K) Eden: 559232K(559232K)->0K(559232K) From: 49977K(69888K)->69887K(69888K)
[923.615s][info][gc,heap        ] GC(1359) Tenured: 329600K(1398144K)->369643K(1398144K)
[923.615s][info][gc,metaspace   ] GC(1359) Metaspace: 22894K(23168K)->22894K(23168K) NonClass: 20095K(20224K)->20095K(20224K) Class: 2798K(2944K)->2798K(2944K)
[923.615s][info][gc             ] GC(1359) Pause Young (Allocation Failure) 916M->429M(1979M) 356.246ms
[923.615s][info][gc,cpu         ] GC(1359) User=0.36s Sys=0.00s Real=0.35s
[923.768s][info][gc,start       ] GC(1360) Pause Young (Allocation Failure)
[924.254s][info][gc,heap        ] GC(1360) DefNew: 629119K(629120K)->69888K(629120K) Eden: 559232K(559232K)->0K(559232K) From: 69887K(69888K)->69888K(69888K)
[924.254s][info][gc,heap        ] GC(1360) Tenured: 369643K(1398144K)->435634K(1398144K)
[924.254s][info][gc,metaspace   ] GC(1360) Metaspace: 22894K(23168K)->22894K(23168K) NonClass: 20095K(20224K)->20095K(20224K) Class: 2798K(2944K)->2798K(2944K)
[924.254s][info][gc             ] GC(1360) Pause Young (Allocation Failure) 975M->493M(1979M) 486.081ms
[924.254s][info][gc,cpu         ] GC(1360) User=0.48s Sys=0.00s Real=0.49s
[924.814s][info][gc,start       ] GC(1361) Pause Young (Allocation Failure)
[925.103s][info][gc,heap        ] GC(1361) DefNew: 629120K(629120K)->51920K(629120K) Eden: 559232K(559232K)->0K(559232K) From: 69888K(69888K)->51920K(69888K)
[925.103s][info][gc,heap        ] GC(1361) Tenured: 435634K(1398144K)->471137K(1398144K)
[925.103s][info][gc,metaspace   ] GC(1361) Metaspace: 22894K(23168K)->22894K(23168K) NonClass: 20095K(20224K)->20095K(20224K) Class: 2798K(2944K)->2798K(2944K)
[925.103s][info][gc             ] GC(1361) Pause Young (Allocation Failure) 1039M->510M(1979M) 289.162ms
[925.103s][info][gc,cpu         ] GC(1361) User=0.30s Sys=0.00s Real=0.28s
[925.247s][info][gc,start       ] GC(1362) Pause Young (Allocation Failure)
[925.669s][info][gc,heap        ] GC(1362) DefNew: 611152K(629120K)->69888K(629120K) Eden: 559232K(559232K)->0K(559232K) From: 51920K(69888K)->69888K(69888K)
[925.669s][info][gc,heap        ] GC(1362) Tenured: 471137K(1398144K)->521173K(1398144K)
[925.669s][info][gc,metaspace   ] GC(1362) Metaspace: 22894K(23168K)->22894K(23168K) NonClass: 20095K(20224K)->20095K(20224K) Class: 2798K(2944K)->2798K(2944K)
[925.669s][info][gc             ] GC(1362) Pause Young (Allocation Failure) 1056M->577M(1979M) 422.577ms
[925.669s][info][gc,cpu         ] GC(1362) User=0.38s Sys=0.00s Real=0.41s
[925.935s][info][gc,start       ] GC(1363) Pause Young (Allocation Failure)
[926.346s][info][gc,heap        ] GC(1363) DefNew: 629120K(629120K)->69887K(629120K) Eden: 559232K(559232K)->0K(559232K) From: 69888K(69888K)->69887K(69888K)
[926.346s][info][gc,heap        ] GC(1363) Tenured: 521173K(1398144K)->567989K(1398144K)
[926.346s][info][gc,metaspace   ] GC(1363) Metaspace: 22894K(23168K)->22894K(23168K) NonClass: 20095K(20224K)->20095K(20224K) Class: 2798K(2944K)->2798K(2944K)
[926.346s][info][gc             ] GC(1363) Pause Young (Allocation Failure) 1123M->622M(1979M) 411.093ms
[926.346s][info][gc,cpu         ] GC(1363) User=0.34s Sys=0.00s Real=0.41s
[926.846s][info][gc,start       ] GC(1364) Pause Young (Allocation Failure)
[927.131s][info][gc,heap        ] GC(1364) DefNew: 629119K(629120K)->61352K(629120K) Eden: 559232K(559232K)->0K(559232K) From: 69887K(69888K)->61352K(69888K)
[927.131s][info][gc,heap        ] GC(1364) Tenured: 567989K(1398144K)->601798K(1398144K)
[927.131s][info][gc,metaspace   ] GC(1364) Metaspace: 22894K(23168K)->22894K(23168K) NonClass: 20095K(20224K)->20095K(20224K) Class: 2798K(2944K)->2798K(2944K)
[927.131s][info][gc             ] GC(1364) Pause Young (Allocation Failure) 1169M->647M(1979M) 284.691ms
[927.131s][info][gc,cpu         ] GC(1364) User=0.28s Sys=0.00s Real=0.28s
[927.266s][info][gc,start       ] GC(1365) Pause Young (Allocation Failure)
[927.685s][info][gc,heap        ] GC(1365) DefNew: 620584K(629120K)->69888K(629120K) Eden: 559232K(559232K)->0K(559232K) From: 61352K(69888K)->69888K(69888K)
[927.685s][info][gc,heap        ] GC(1365) Tenured: 601798K(1398144K)->656714K(1398144K)
[927.685s][info][gc,metaspace   ] GC(1365) Metaspace: 22894K(23168K)->22894K(23168K) NonClass: 20095K(20224K)->20095K(20224K) Class: 2798K(2944K)->2798K(2944K)
[927.685s][info][gc             ] GC(1365) Pause Young (Allocation Failure) 1193M->709M(1979M) 418.561ms
[927.685s][info][gc,cpu         ] GC(1365) User=0.39s Sys=0.00s Real=0.42s
[928.216s][info][gc,start       ] GC(1366) Pause Young (Allocation Failure)
[928.463s][info][gc,heap        ] GC(1366) DefNew: 629120K(629120K)->45570K(629120K) Eden: 559232K(559232K)->0K(559232K) From: 69888K(69888K)->45570K(69888K)
[928.463s][info][gc,heap        ] GC(1366) Tenured: 656714K(1398144K)->689741K(1398144K)
[928.463s][info][gc,metaspace   ] GC(1366) Metaspace: 22894K(23168K)->22894K(23168K) NonClass: 20095K(20224K)->20095K(20224K) Class: 2798K(2944K)->2798K(2944K)
[928.463s][info][gc             ] GC(1366) Pause Young (Allocation Failure) 1255M->718M(1979M) 247.009ms
[928.463s][info][gc,cpu         ] GC(1366) User=0.22s Sys=0.00s Real=0.24s
[928.837s][info][gc,start       ] GC(1367) Pause Young (Allocation Failure)
[929.146s][info][gc,heap        ] GC(1367) DefNew: 604802K(629120K)->69887K(629120K) Eden: 559232K(559232K)->0K(559232K) From: 45570K(69888K)->69887K(69888K)
[929.146s][info][gc,heap        ] GC(1367) Tenured: 689741K(1398144K)->725446K(1398144K)
[929.146s][info][gc,metaspace   ] GC(1367) Metaspace: 22894K(23168K)->22894K(23168K) NonClass: 20095K(20224K)->20095K(20224K) Class: 2798K(2944K)->2798K(2944K)
[929.146s][info][gc             ] GC(1367) Pause Young (Allocation Failure) 1264M->776M(1979M) 309.148ms
[929.146s][info][gc,cpu         ] GC(1367) User=0.30s Sys=0.00s Real=0.32s
[929.291s][info][gc,start       ] GC(1368) Pause Young (Allocation Failure)
[929.749s][info][gc,heap        ] GC(1368) DefNew: 629119K(629120K)->69888K(629120K) Eden: 559232K(559232K)->0K(559232K) From: 69887K(69888K)->69888K(69888K)
[929.749s][info][gc,heap        ] GC(1368) Tenured: 725446K(1398144K)->789345K(1398144K)
[929.749s][info][gc,metaspace   ] GC(1368) Metaspace: 22894K(23168K)->22894K(23168K) NonClass: 20095K(20224K)->20095K(20224K) Class: 2798K(2944K)->2798K(2944K)
[929.749s][info][gc             ] GC(1368) Pause Young (Allocation Failure) 1322M->839M(1979M) 457.857ms
[929.749s][info][gc,cpu         ] GC(1368) User=0.44s Sys=0.00s Real=0.45s
[930.220s][info][gc,start       ] GC(1369) Pause Young (Allocation Failure)
[930.566s][info][gc,heap        ] GC(1369) DefNew: 629120K(629120K)->66305K(629120K) Eden: 559232K(559232K)->0K(559232K) From: 69888K(69888K)->66305K(69888K)
[930.566s][info][gc,heap        ] GC(1369) Tenured: 789345K(1398144K)->822769K(1398144K)
[930.566s][info][gc,metaspace   ] GC(1369) Metaspace: 22894K(23168K)->22894K(23168K) NonClass: 20095K(20224K)->20095K(20224K) Class: 2798K(2944K)->2798K(2944K)
[930.566s][info][gc             ] GC(1369) Pause Young (Allocation Failure) 1385M->868M(1979M) 346.090ms
[930.566s][info][gc,cpu         ] GC(1369) User=0.31s Sys=0.00s Real=0.35s
[930.704s][info][gc,start       ] GC(1370) Pause Young (Allocation Failure)
[931.163s][info][gc,heap        ] GC(1370) DefNew: 625537K(629120K)->69888K(629120K) Eden: 559232K(559232K)->0K(559232K) From: 66305K(69888K)->69888K(69888K)
[931.163s][info][gc,heap        ] GC(1370) Tenured: 822769K(1398144K)->882807K(1398144K)
[931.163s][info][gc,metaspace   ] GC(1370) Metaspace: 22894K(23168K)->22894K(23168K) NonClass: 20095K(20224K)->20095K(20224K) Class: 2798K(2944K)->2798K(2944K)
[931.163s][info][gc             ] GC(1370) Pause Young (Allocation Failure) 1414M->930M(1979M) 459.051ms
[931.163s][info][gc,cpu         ] GC(1370) User=0.38s Sys=0.00s Real=0.47s
[931.561s][info][gc,start       ] GC(1371) Pause Young (Allocation Failure)
[931.924s][info][gc,heap        ] GC(1371) DefNew: 629120K(629120K)->63274K(629120K) Eden: 559232K(559232K)->0K(559232K) From: 69888K(69888K)->63274K(69888K)
[931.924s][info][gc,heap        ] GC(1371) Tenured: 882807K(1398144K)->918600K(1398144K)
[931.924s][info][gc,metaspace   ] GC(1371) Metaspace: 22894K(23168K)->22894K(23168K) NonClass: 20095K(20224K)->20095K(20224K) Class: 2798K(2944K)->2798K(2944K)
[931.924s][info][gc             ] GC(1371) Pause Young (Allocation Failure) 1476M->958M(1979M) 362.614ms
[931.924s][info][gc,cpu         ] GC(1371) User=0.33s Sys=0.00s Real=0.35s
[932.259s][info][gc,start       ] GC(1372) Pause Young (Allocation Failure)
[932.604s][info][gc,heap        ] GC(1372) DefNew: 622506K(629120K)->67939K(629120K) Eden: 559232K(559232K)->0K(559232K) From: 63274K(69888K)->67939K(69888K)
[932.604s][info][gc,heap        ] GC(1372) Tenured: 918600K(1398144K)->954405K(1398144K)
[932.604s][info][gc,metaspace   ] GC(1372) Metaspace: 22894K(23168K)->22894K(23168K) NonClass: 20095K(20224K)->20095K(20224K) Class: 2798K(2944K)->2798K(2944K)
[932.604s][info][gc             ] GC(1372) Pause Young (Allocation Failure) 1504M->998M(1979M) 344.709ms
[932.604s][info][gc,cpu         ] GC(1372) User=0.28s Sys=0.00s Real=0.35s
[932.753s][info][gc,start       ] GC(1373) Pause Young (Allocation Failure)
[933.223s][info][gc,heap        ] GC(1373) DefNew: 627171K(629120K)->69888K(629120K) Eden: 559232K(559232K)->0K(559232K) From: 67939K(69888K)->69888K(69888K)
[933.223s][info][gc,heap        ] GC(1373) Tenured: 954405K(1398144K)->1019162K(1398144K)
[933.223s][info][gc,metaspace   ] GC(1373) Metaspace: 22894K(23168K)->22894K(23168K) NonClass: 20095K(20224K)->20095K(20224K) Class: 2798K(2944K)->2798K(2944K)
[933.223s][info][gc             ] GC(1373) Pause Young (Allocation Failure) 1544M->1063M(1979M) 469.794ms
[933.223s][info][gc,cpu         ] GC(1373) User=0.42s Sys=0.00s Real=0.47s
[933.860s][info][gc,start       ] GC(1374) Pause Young (Allocation Failure)
[934.124s][info][gc,heap        ] GC(1374) DefNew: 629120K(629120K)->46034K(629120K) Eden: 559232K(559232K)->0K(559232K) From: 69888K(69888K)->46034K(69888K)
[934.124s][info][gc,heap        ] GC(1374) Tenured: 1019162K(1398144K)->1055728K(1398144K)
[934.124s][info][gc,metaspace   ] GC(1374) Metaspace: 22894K(23168K)->22894K(23168K) NonClass: 20095K(20224K)->20095K(20224K) Class: 2798K(2944K)->2798K(2944K)
[934.124s][info][gc             ] GC(1374) Pause Young (Allocation Failure) 1609M->1075M(1979M) 264.618ms
[934.124s][info][gc,cpu         ] GC(1374) User=0.27s Sys=0.00s Real=0.27s
[934.269s][info][gc,start       ] GC(1375) Pause Young (Allocation Failure)
[934.670s][info][gc,heap        ] GC(1375) DefNew: 605266K(629120K)->69887K(629120K) Eden: 559232K(559232K)->0K(559232K) From: 46034K(69888K)->69887K(69888K)
[934.670s][info][gc,heap        ] GC(1375) Tenured: 1055728K(1398144K)->1101399K(1398144K)
[934.670s][info][gc,metaspace   ] GC(1375) Metaspace: 22894K(23168K)->22894K(23168K) NonClass: 20095K(20224K)->20095K(20224K) Class: 2798K(2944K)->2798K(2944K)
[934.670s][info][gc             ] GC(1375) Pause Young (Allocation Failure) 1622M->1143M(1979M) 401.108ms
[934.670s][info][gc,cpu         ] GC(1375) User=0.34s Sys=0.00s Real=0.40s
[934.843s][info][gc,start       ] GC(1376) Pause Young (Allocation Failure)
[935.328s][info][gc,heap        ] GC(1376) DefNew: 629119K(629120K)->69887K(629120K) Eden: 559232K(559232K)->0K(559232K) From: 69887K(69888K)->69887K(69888K)
[935.328s][info][gc,heap        ] GC(1376) Tenured: 1101399K(1398144K)->1163324K(1398144K)
[935.328s][info][gc,metaspace   ] GC(1376) Metaspace: 22894K(23168K)->22894K(23168K) NonClass: 20095K(20224K)->20095K(20224K) Class: 2798K(2944K)->2798K(2944K)
[935.329s][info][gc             ] GC(1376) Pause Young (Allocation Failure) 1689M->1204M(1979M) 485.443ms
[935.329s][info][gc,cpu         ] GC(1376) User=0.48s Sys=0.00s Real=0.49s
[935.831s][info][gc,start       ] GC(1377) Pause Young (Allocation Failure)
[936.140s][info][gc,heap        ] GC(1377) DefNew: 629119K(629120K)->59223K(629120K) Eden: 559232K(559232K)->0K(559232K) From: 69887K(69888K)->59223K(69888K)
[936.140s][info][gc,heap        ] GC(1377) Tenured: 1163324K(1398144K)->1197359K(1398144K)
[936.140s][info][gc,metaspace   ] GC(1377) Metaspace: 22894K(23168K)->22894K(23168K) NonClass: 20095K(20224K)->20095K(20224K) Class: 2798K(2944K)->2798K(2944K)
[936.140s][info][gc             ] GC(1377) Pause Young (Allocation Failure) 1750M->1227M(1979M) 308.681ms
[936.140s][info][gc,cpu         ] GC(1377) User=0.30s Sys=0.00s Real=0.31s
[936.286s][info][gc,start       ] GC(1378) Pause Young (Allocation Failure)
[936.723s][info][gc,heap        ] GC(1378) DefNew: 618455K(629120K)->69888K(629120K) Eden: 559232K(559232K)->0K(559232K) From: 59223K(69888K)->69888K(69888K)
[936.723s][info][gc,heap        ] GC(1378) Tenured: 1197359K(1398144K)->1254988K(1398144K)
[936.723s][info][gc,metaspace   ] GC(1378) Metaspace: 22894K(23168K)->22894K(23168K) NonClass: 20095K(20224K)->20095K(20224K) Class: 2798K(2944K)->2798K(2944K)
[936.723s][info][gc             ] GC(1378) Pause Young (Allocation Failure) 1773M->1293M(1979M) 437.036ms
[936.723s][info][gc,cpu         ] GC(1378) User=0.42s Sys=0.00s Real=0.44s
[937.172s][info][gc,start       ] GC(1379) Pause Young (Allocation Failure)
[937.461s][info][gc,heap        ] GC(1379) DefNew: 629120K(629120K)->57748K(629120K) Eden: 559232K(559232K)->0K(559232K) From: 69888K(69888K)->57748K(69888K)
[937.461s][info][gc,heap        ] GC(1379) Tenured: 1254988K(1398144K)->1291682K(1398144K)
[937.461s][info][gc,metaspace   ] GC(1379) Metaspace: 22894K(23168K)->22894K(23168K) NonClass: 20095K(20224K)->20095K(20224K) Class: 2798K(2944K)->2798K(2944K)
[937.461s][info][gc             ] GC(1379) Pause Young (Allocation Failure) 1839M->1317M(1979M) 289.252ms
[937.461s][info][gc,cpu         ] GC(1379) User=0.25s Sys=0.00s Real=0.28s
[937.591s][info][gc,start       ] GC(1380) Pause Full (System.gc())
[937.591s][info][gc,phases,start] GC(1380) Phase 1: Mark live objects
[937.727s][info][gc,phases      ] GC(1380) Phase 1: Mark live objects 136.518ms
[937.727s][info][gc,phases,start] GC(1380) Phase 2: Compute new object addresses
[937.937s][info][gc,phases      ] GC(1380) Phase 2: Compute new object addresses 209.695ms
[937.937s][info][gc,phases,start] GC(1380) Phase 3: Adjust pointers
[938.007s][info][gc,phases      ] GC(1380) Phase 3: Adjust pointers 70.055ms
[938.007s][info][gc,phases,start] GC(1380) Phase 4: Move objects
[938.035s][info][gc,phases      ] GC(1380) Phase 4: Move objects 27.618ms
[938.035s][info][gc,heap        ] GC(1380) DefNew: 135333K(629120K)->0K(629120K) Eden: 77584K(559232K)->0K(559232K) From: 57748K(69888K)->0K(69888K)
[938.035s][info][gc,heap        ] GC(1380) Tenured: 1291682K(1398144K)->166729K(1398144K)
[938.035s][info][gc,metaspace   ] GC(1380) Metaspace: 22894K(23168K)->22894K(23168K) NonClass: 20095K(20224K)->20095K(20224K) Class: 2798K(2944K)->2798K(2944K)
[938.035s][info][gc             ] GC(1380) Pause Full (System.gc()) 1393M->162M(1979M) 444.522ms
[938.035s][info][gc,cpu         ] GC(1380) User=0.44s Sys=0.00s Real=0.44s
[938.185s][info][gc,start       ] GC(1381) Pause Young (Allocation Failure)
[938.496s][info][gc,heap        ] GC(1381) DefNew: 559232K(629120K)->69887K(629120K) Eden: 559232K(559232K)->0K(559232K) From: 0K(69888K)->69887K(69888K)
[938.496s][info][gc,heap        ] GC(1381) Tenured: 166729K(1398144K)->169777K(1398144K)
[938.496s][info][gc,metaspace   ] GC(1381) Metaspace: 22925K(23232K)->22925K(23232K) NonClass: 20127K(20288K)->20127K(20288K) Class: 2798K(2944K)->2798K(2944K)
[938.496s][info][gc             ] GC(1381) Pause Young (Allocation Failure) 708M->234M(1979M) 311.367ms
[938.496s][info][gc,cpu         ] GC(1381) User=0.30s Sys=0.00s Real=0.31s
[938.645s][info][gc,start       ] GC(1382) Pause Young (Allocation Failure)
[939.127s][info][gc,heap        ] GC(1382) DefNew: 629119K(629120K)->69887K(629120K) Eden: 559232K(559232K)->0K(559232K) From: 69887K(69888K)->69887K(69888K)
[939.127s][info][gc,heap        ] GC(1382) Tenured: 169777K(1398144K)->234344K(1398144K)
[939.127s][info][gc,metaspace   ] GC(1382) Metaspace: 22925K(23232K)->22925K(23232K) NonClass: 20127K(20288K)->20127K(20288K) Class: 2798K(2944K)->2798K(2944K)
[939.127s][info][gc             ] GC(1382) Pause Young (Allocation Failure) 780M->297M(1979M) 482.599ms
[939.127s][info][gc,cpu         ] GC(1382) User=0.48s Sys=0.00s Real=0.49s
[939.677s][info][gc,start       ] GC(1383) Pause Young (Allocation Failure)
[939.976s][info][gc,heap        ] GC(1383) DefNew: 629119K(629120K)->55482K(629120K) Eden: 559232K(559232K)->0K(559232K) From: 69887K(69888K)->55482K(69888K)
[939.976s][info][gc,heap        ] GC(1383) Tenured: 234344K(1398144K)->270928K(1398144K)
[939.976s][info][gc,metaspace   ] GC(1383) Metaspace: 23118K(23488K)->23118K(23488K) NonClass: 20319K(20544K)->20319K(20544K) Class: 2798K(2944K)->2798K(2944K)
[939.976s][info][gc             ] GC(1383) Pause Young (Allocation Failure) 843M->318M(1979M) 299.430ms
[939.976s][info][gc,cpu         ] GC(1383) User=0.30s Sys=0.00s Real=0.30s
[940.122s][info][gc,start       ] GC(1384) Pause Young (Allocation Failure)
[940.532s][info][gc,heap        ] GC(1384) DefNew: 614714K(629120K)->69888K(629120K) Eden: 559232K(559232K)->0K(559232K) From: 55482K(69888K)->69888K(69888K)
[940.532s][info][gc,heap        ] GC(1384) Tenured: 270928K(1398144K)->323009K(1398144K)
[940.532s][info][gc,metaspace   ] GC(1384) Metaspace: 23118K(23488K)->23118K(23488K) NonClass: 20319K(20544K)->20319K(20544K) Class: 2798K(2944K)->2798K(2944K)
[940.532s][info][gc             ] GC(1384) Pause Young (Allocation Failure) 864M->383M(1979M) 410.575ms
[940.532s][info][gc,cpu         ] GC(1384) User=0.38s Sys=0.00s Real=0.41s
[940.852s][info][gc,start       ] GC(1385) Pause Young (Allocation Failure)
[941.221s][info][gc,heap        ] GC(1385) DefNew: 629120K(629120K)->69223K(629120K) Eden: 559232K(559232K)->0K(559232K) From: 69888K(69888K)->69223K(69888K)
[941.221s][info][gc,heap        ] GC(1385) Tenured: 323009K(1398144K)->361743K(1398144K)
[941.221s][info][gc,metaspace   ] GC(1385) Metaspace: 23118K(23488K)->23118K(23488K) NonClass: 20319K(20544K)->20319K(20544K) Class: 2798K(2944K)->2798K(2944K)
[941.221s][info][gc             ] GC(1385) Pause Young (Allocation Failure) 929M->420M(1979M) 369.519ms
[941.221s][info][gc,cpu         ] GC(1385) User=0.36s Sys=0.00s Real=0.36s
[941.576s][info][gc,start       ] GC(1386) Pause Young (Allocation Failure)
[941.875s][info][gc,heap        ] GC(1386) DefNew: 628455K(629120K)->59013K(629120K) Eden: 559232K(559232K)->0K(559232K) From: 69223K(69888K)->59013K(69888K)
[941.875s][info][gc,heap        ] GC(1386) Tenured: 361743K(1398144K)->398985K(1398144K)
[941.875s][info][gc,metaspace   ] GC(1386) Metaspace: 23158K(23488K)->23158K(23488K) NonClass: 20359K(20544K)->20359K(20544K) Class: 2798K(2944K)->2798K(2944K)
[941.875s][info][gc             ] GC(1386) Pause Young (Allocation Failure) 966M->447M(1979M) 298.736ms
[941.875s][info][gc,cpu         ] GC(1386) User=0.30s Sys=0.00s Real=0.30s
[942.023s][info][gc,start       ] GC(1387) Pause Young (Allocation Failure)
[942.467s][info][gc,heap        ] GC(1387) DefNew: 618245K(629120K)->69887K(629120K) Eden: 559232K(559232K)->0K(559232K) From: 59013K(69888K)->69887K(69888K)
[942.467s][info][gc,heap        ] GC(1387) Tenured: 398985K(1398144K)->455588K(1398144K)
[942.467s][info][gc,metaspace   ] GC(1387) Metaspace: 23158K(23488K)->23158K(23488K) NonClass: 20359K(20544K)->20359K(20544K) Class: 2798K(2944K)->2798K(2944K)
[942.467s][info][gc             ] GC(1387) Pause Young (Allocation Failure) 993M->513M(1979M) 444.344ms
[942.467s][info][gc,cpu         ] GC(1387) User=0.44s Sys=0.00s Real=0.44s
[943.038s][info][gc,start       ] GC(1388) Pause Young (Allocation Failure)
[943.281s][info][gc,heap        ] GC(1388) DefNew: 629119K(629120K)->42357K(629120K) Eden: 559232K(559232K)->0K(559232K) From: 69887K(69888K)->42357K(69888K)
[943.281s][info][gc,heap        ] GC(1388) Tenured: 455588K(1398144K)->492115K(1398144K)
[943.281s][info][gc,metaspace   ] GC(1388) Metaspace: 23186K(23552K)->23186K(23552K) NonClass: 20388K(20608K)->20388K(20608K) Class: 2798K(2944K)->2798K(2944K)
[943.281s][info][gc             ] GC(1388) Pause Young (Allocation Failure) 1059M->521M(1979M) 242.933ms
[943.281s][info][gc,cpu         ] GC(1388) User=0.22s Sys=0.00s Real=0.24s
[943.464s][info][gc,start       ] GC(1389) Pause Young (Allocation Failure)
[943.827s][info][gc,heap        ] GC(1389) DefNew: 601589K(629120K)->69888K(629120K) Eden: 559232K(559232K)->0K(559232K) From: 42357K(69888K)->69888K(69888K)
[943.827s][info][gc,heap        ] GC(1389) Tenured: 492115K(1398144K)->536795K(1398144K)
[943.827s][info][gc,metaspace   ] GC(1389) Metaspace: 23186K(23552K)->23186K(23552K) NonClass: 20388K(20608K)->20388K(20608K) Class: 2798K(2944K)->2798K(2944K)
[943.827s][info][gc             ] GC(1389) Pause Young (Allocation Failure) 1068M->592M(1979M) 363.500ms
[943.827s][info][gc,cpu         ] GC(1389) User=0.31s Sys=0.00s Real=0.36s
[943.980s][info][gc,start       ] GC(1390) Pause Young (Allocation Failure)
[944.462s][info][gc,heap        ] GC(1390) DefNew: 629120K(629120K)->69887K(629120K) Eden: 559232K(559232K)->0K(559232K) From: 69888K(69888K)->69887K(69888K)
[944.462s][info][gc,heap        ] GC(1390) Tenured: 536795K(1398144K)->605111K(1398144K)
[944.462s][info][gc,metaspace   ] GC(1390) Metaspace: 23186K(23552K)->23186K(23552K) NonClass: 20388K(20608K)->20388K(20608K) Class: 2798K(2944K)->2798K(2944K)
[944.462s][info][gc             ] GC(1390) Pause Young (Allocation Failure) 1138M->659M(1979M) 482.125ms
[944.462s][info][gc,cpu         ] GC(1390) User=0.42s Sys=0.00s Real=0.47s
[944.970s][info][gc,start       ] GC(1391) Pause Young (Allocation Failure)
[945.285s][info][gc,heap        ] GC(1391) DefNew: 629119K(629120K)->60015K(629120K) Eden: 559232K(559232K)->0K(559232K) From: 69887K(69888K)->60015K(69888K)
[945.285s][info][gc,heap        ] GC(1391) Tenured: 605111K(1398144K)->641200K(1398144K)
[945.285s][info][gc,metaspace   ] GC(1391) Metaspace: 23186K(23552K)->23186K(23552K) NonClass: 20388K(20608K)->20388K(20608K) Class: 2798K(2944K)->2798K(2944K)
[945.285s][info][gc             ] GC(1391) Pause Young (Allocation Failure) 1205M->684M(1979M) 315.424ms
[945.285s][info][gc,cpu         ] GC(1391) User=0.30s Sys=0.00s Real=0.31s
[945.435s][info][gc,start       ] GC(1392) Pause Young (Allocation Failure)
[945.893s][info][gc,heap        ] GC(1392) DefNew: 619247K(629120K)->69888K(629120K) Eden: 559232K(559232K)->0K(559232K) From: 60015K(69888K)->69888K(69888K)
[945.893s][info][gc,heap        ] GC(1392) Tenured: 641200K(1398144K)->703207K(1398144K)
[945.893s][info][gc,metaspace   ] GC(1392) Metaspace: 23186K(23552K)->23186K(23552K) NonClass: 20388K(20608K)->20388K(20608K) Class: 2798K(2944K)->2798K(2944K)
[945.893s][info][gc             ] GC(1392) Pause Young (Allocation Failure) 1230M->754M(1979M) 458.292ms
[945.893s][info][gc,cpu         ] GC(1392) User=0.45s Sys=0.00s Real=0.46s
[946.328s][info][gc,start       ] GC(1393) Pause Young (Allocation Failure)
[946.622s][info][gc,heap        ] GC(1393) DefNew: 629120K(629120K)->57352K(629120K) Eden: 559232K(559232K)->0K(559232K) From: 69888K(69888K)->57352K(69888K)
[946.622s][info][gc,heap        ] GC(1393) Tenured: 703207K(1398144K)->739452K(1398144K)
[946.622s][info][gc,metaspace   ] GC(1393) Metaspace: 23186K(23552K)->23186K(23552K) NonClass: 20388K(20608K)->20388K(20608K) Class: 2798K(2944K)->2798K(2944K)
[946.622s][info][gc             ] GC(1393) Pause Young (Allocation Failure) 1301M->778M(1979M) 293.783ms
[946.622s][info][gc,cpu         ] GC(1393) User=0.28s Sys=0.00s Real=0.28s
[946.869s][info][gc,start       ] GC(1394) Pause Young (Allocation Failure)
[947.210s][info][gc,heap        ] GC(1394) DefNew: 616584K(629120K)->69887K(629120K) Eden: 559232K(559232K)->0K(559232K) From: 57352K(69888K)->69887K(69888K)
[947.210s][info][gc,heap        ] GC(1394) Tenured: 739452K(1398144K)->781046K(1398144K)
[947.210s][info][gc,metaspace   ] GC(1394) Metaspace: 23186K(23552K)->23186K(23552K) NonClass: 20388K(20608K)->20388K(20608K) Class: 2798K(2944K)->2798K(2944K)
[947.210s][info][gc             ] GC(1394) Pause Young (Allocation Failure) 1324M->830M(1979M) 340.639ms
[947.210s][info][gc,cpu         ] GC(1394) User=0.34s Sys=0.00s Real=0.35s
[947.365s][info][gc,start       ] GC(1395) Pause Young (Allocation Failure)
[947.847s][info][gc,heap        ] GC(1395) DefNew: 629119K(629120K)->69888K(629120K) Eden: 559232K(559232K)->0K(559232K) From: 69887K(69888K)->69888K(69888K)
[947.847s][info][gc,heap        ] GC(1395) Tenured: 781046K(1398144K)->847641K(1398144K)
[947.847s][info][gc,metaspace   ] GC(1395) Metaspace: 23186K(23552K)->23186K(23552K) NonClass: 20388K(20608K)->20388K(20608K) Class: 2798K(2944K)->2798K(2944K)
[947.847s][info][gc             ] GC(1395) Pause Young (Allocation Failure) 1377M->896M(1979M) 481.726ms
[947.847s][info][gc,cpu         ] GC(1395) User=0.42s Sys=0.00s Real=0.49s
[948.361s][info][gc,start       ] GC(1396) Pause Young (Allocation Failure)
[948.664s][info][gc,heap        ] GC(1396) DefNew: 629120K(629120K)->57937K(629120K) Eden: 559232K(559232K)->0K(559232K) From: 69888K(69888K)->57937K(69888K)
[948.664s][info][gc,heap        ] GC(1396) Tenured: 847641K(1398144K)->882304K(1398144K)
[948.664s][info][gc,metaspace   ] GC(1396) Metaspace: 23186K(23552K)->23186K(23552K) NonClass: 20388K(20608K)->20388K(20608K) Class: 2798K(2944K)->2798K(2944K)
[948.664s][info][gc             ] GC(1396) Pause Young (Allocation Failure) 1442M->918M(1979M) 302.249ms
[948.664s][info][gc,cpu         ] GC(1396) User=0.30s Sys=0.00s Real=0.30s
[948.807s][info][gc,start       ] GC(1397) Pause Young (Allocation Failure)
[949.237s][info][gc,heap        ] GC(1397) DefNew: 617169K(629120K)->69888K(629120K) Eden: 559232K(559232K)->0K(559232K) From: 57937K(69888K)->69888K(69888K)
[949.237s][info][gc,heap        ] GC(1397) Tenured: 882304K(1398144K)->935564K(1398144K)
[949.237s][info][gc,metaspace   ] GC(1397) Metaspace: 23186K(23552K)->23186K(23552K) NonClass: 20388K(20608K)->20388K(20608K) Class: 2798K(2944K)->2798K(2944K)
[949.237s][info][gc             ] GC(1397) Pause Young (Allocation Failure) 1464M->981M(1979M) 430.138ms
[949.237s][info][gc,cpu         ] GC(1397) User=0.41s Sys=0.00s Real=0.42s
[949.528s][info][gc,start       ] GC(1398) Pause Young (Allocation Failure)
[949.904s][info][gc,heap        ] GC(1398) DefNew: 629120K(629120K)->69887K(629120K) Eden: 559232K(559232K)->0K(559232K) From: 69888K(69888K)->69887K(69888K)
[949.904s][info][gc,heap        ] GC(1398) Tenured: 935564K(1398144K)->975923K(1398144K)
[949.904s][info][gc,metaspace   ] GC(1398) Metaspace: 23186K(23552K)->23186K(23552K) NonClass: 20388K(20608K)->20388K(20608K) Class: 2798K(2944K)->2798K(2944K)
[949.904s][info][gc             ] GC(1398) Pause Young (Allocation Failure) 1528M->1021M(1979M) 376.640ms
[949.904s][info][gc,cpu         ] GC(1398) User=0.36s Sys=0.00s Real=0.38s
[950.292s][info][gc,start       ] GC(1399) Pause Young (Allocation Failure)
[950.595s][info][gc,heap        ] GC(1399) DefNew: 629119K(629120K)->61947K(629120K) Eden: 559232K(559232K)->0K(559232K) From: 69887K(69888K)->61947K(69888K)
[950.595s][info][gc,heap        ] GC(1399) Tenured: 975923K(1398144K)->1012464K(1398144K)
[950.595s][info][gc,metaspace   ] GC(1399) Metaspace: 23186K(23552K)->23186K(23552K) NonClass: 20388K(20608K)->20388K(20608K) Class: 2798K(2944K)->2798K(2944K)
[950.595s][info][gc             ] GC(1399) Pause Young (Allocation Failure) 1567M->1049M(1979M) 303.340ms
[950.595s][info][gc,cpu         ] GC(1399) User=0.31s Sys=0.00s Real=0.30s
[950.746s][info][gc,start       ] GC(1400) Pause Young (Allocation Failure)
[951.192s][info][gc,heap        ] GC(1400) DefNew: 621179K(629120K)->69887K(629120K) Eden: 559232K(559232K)->0K(559232K) From: 61947K(69888K)->69887K(69888K)
[951.192s][info][gc,heap        ] GC(1400) Tenured: 1012464K(1398144K)->1070063K(1398144K)
[951.192s][info][gc,metaspace   ] GC(1400) Metaspace: 23186K(23552K)->23186K(23552K) NonClass: 20388K(20608K)->20388K(20608K) Class: 2798K(2944K)->2798K(2944K)
[951.192s][info][gc             ] GC(1400) Pause Young (Allocation Failure) 1595M->1113M(1979M) 445.844ms
[951.192s][info][gc,cpu         ] GC(1400) User=0.38s Sys=0.00s Real=0.46s
[951.798s][info][gc,start       ] GC(1401) Pause Young (Allocation Failure)
[952.038s][info][gc,heap        ] GC(1401) DefNew: 629119K(629120K)->40875K(629120K) Eden: 559232K(559232K)->0K(559232K) From: 69887K(69888K)->40875K(69888K)
[952.038s][info][gc,heap        ] GC(1401) Tenured: 1070063K(1398144K)->1106582K(1398144K)
[952.038s][info][gc,metaspace   ] GC(1401) Metaspace: 23186K(23552K)->23186K(23552K) NonClass: 20388K(20608K)->20388K(20608K) Class: 2798K(2944K)->2798K(2944K)
[952.038s][info][gc             ] GC(1401) Pause Young (Allocation Failure) 1659M->1120M(1979M) 239.698ms
[952.038s][info][gc,cpu         ] GC(1401) User=0.22s Sys=0.00s Real=0.24s
[952.172s][info][gc,start       ] GC(1402) Pause Young (Allocation Failure)
[952.524s][info][gc,heap        ] GC(1402) DefNew: 600107K(629120K)->67618K(629120K) Eden: 559232K(559232K)->0K(559232K) From: 40875K(69888K)->67618K(69888K)
[952.524s][info][gc,heap        ] GC(1402) Tenured: 1106582K(1398144K)->1145467K(1398144K)
[952.524s][info][gc,metaspace   ] GC(1402) Metaspace: 23186K(23552K)->23186K(23552K) NonClass: 20388K(20608K)->20388K(20608K) Class: 2798K(2944K)->2798K(2944K)
[952.524s][info][gc             ] GC(1402) Pause Young (Allocation Failure) 1666M->1184M(1979M) 351.981ms
[952.524s][info][gc,cpu         ] GC(1402) User=0.27s Sys=0.02s Real=0.35s
[952.676s][info][gc,start       ] GC(1403) Pause Young (Allocation Failure)
[953.135s][info][gc,heap        ] GC(1403) DefNew: 626850K(629120K)->69888K(629120K) Eden: 559232K(559232K)->0K(559232K) From: 67618K(69888K)->69888K(69888K)
[953.135s][info][gc,heap        ] GC(1403) Tenured: 1145467K(1398144K)->1207695K(1398144K)
[953.135s][info][gc,metaspace   ] GC(1403) Metaspace: 23186K(23552K)->23186K(23552K) NonClass: 20388K(20608K)->20388K(20608K) Class: 2798K(2944K)->2798K(2944K)
[953.135s][info][gc             ] GC(1403) Pause Young (Allocation Failure) 1730M->1247M(1979M) 459.670ms
[953.135s][info][gc,cpu         ] GC(1403) User=0.47s Sys=0.00s Real=0.46s
[953.699s][info][gc,start       ] GC(1404) Pause Young (Allocation Failure)
[953.997s][info][gc,heap        ] GC(1404) DefNew: 629120K(629120K)->54680K(629120K) Eden: 559232K(559232K)->0K(559232K) From: 69888K(69888K)->54680K(69888K)
[953.997s][info][gc,heap        ] GC(1404) Tenured: 1207695K(1398144K)->1243640K(1398144K)
[953.997s][info][gc,metaspace   ] GC(1404) Metaspace: 23186K(23552K)->23186K(23552K) NonClass: 20388K(20608K)->20388K(20608K) Class: 2798K(2944K)->2798K(2944K)
[953.997s][info][gc             ] GC(1404) Pause Young (Allocation Failure) 1793M->1267M(1979M) 298.359ms
[953.997s][info][gc,cpu         ] GC(1404) User=0.33s Sys=0.00s Real=0.30s
[954.145s][info][gc,start       ] GC(1405) Pause Young (Allocation Failure)
[954.576s][info][gc,heap        ] GC(1405) DefNew: 613912K(629120K)->69887K(629120K) Eden: 559232K(559232K)->0K(559232K) From: 54680K(69888K)->69887K(69888K)
[954.576s][info][gc,heap        ] GC(1405) Tenured: 1243640K(1398144K)->1296552K(1398144K)
[954.576s][info][gc,metaspace   ] GC(1405) Metaspace: 23186K(23552K)->23186K(23552K) NonClass: 20388K(20608K)->20388K(20608K) Class: 2798K(2944K)->2798K(2944K)
[954.576s][info][gc             ] GC(1405) Pause Young (Allocation Failure) 1814M->1334M(1979M) 430.999ms
[954.576s][info][gc,cpu         ] GC(1405) User=0.39s Sys=0.02s Real=0.42s
[954.839s][info][gc,start       ] GC(1406) Pause Young (Allocation Failure)
[955.219s][info][gc,heap        ] GC(1406) DefNew: 629119K(629120K)->69372K(629120K) Eden: 559232K(559232K)->0K(559232K) From: 69887K(69888K)->69372K(69888K)
[955.219s][info][gc,heap        ] GC(1406) Tenured: 1296552K(1398144K)->1342233K(1398144K)
[955.219s][info][gc,metaspace   ] GC(1406) Metaspace: 23186K(23552K)->23186K(23552K) NonClass: 20388K(20608K)->20388K(20608K) Class: 2798K(2944K)->2798K(2944K)
[955.219s][info][gc             ] GC(1406) Pause Young (Allocation Failure) 1880M->1378M(1979M) 379.168ms
[955.219s][info][gc,cpu         ] GC(1406) User=0.38s Sys=0.00s Real=0.38s
[955.542s][info][gc,start       ] GC(1407) Pause Full (System.gc())
[955.542s][info][gc,phases,start] GC(1407) Phase 1: Mark live objects
[955.725s][info][gc,phases      ] GC(1407) Phase 1: Mark live objects 182.984ms
[955.725s][info][gc,phases,start] GC(1407) Phase 2: Compute new object addresses
[955.961s][info][gc,phases      ] GC(1407) Phase 2: Compute new object addresses 235.905ms
[955.961s][info][gc,phases,start] GC(1407) Phase 3: Adjust pointers
[956.043s][info][gc,phases      ] GC(1407) Phase 3: Adjust pointers 81.896ms
[956.043s][info][gc,phases,start] GC(1407) Phase 4: Move objects
[956.077s][info][gc,phases      ] GC(1407) Phase 4: Move objects 33.964ms
[956.078s][info][gc,heap        ] GC(1407) DefNew: 266581K(629120K)->0K(629120K) Eden: 197208K(559232K)->0K(559232K) From: 69372K(69888K)->0K(69888K)
[956.078s][info][gc,heap        ] GC(1407) Tenured: 1342233K(1398144K)->166372K(1398144K)
[956.078s][info][gc,metaspace   ] GC(1407) Metaspace: 23186K(23552K)->23186K(23552K) NonClass: 20388K(20608K)->20388K(20608K) Class: 2798K(2944K)->2798K(2944K)
[956.078s][info][gc             ] GC(1407) Pause Full (System.gc()) 1571M->162M(1979M) 535.408ms
[956.078s][info][gc,cpu         ] GC(1407) User=0.50s Sys=0.00s Real=0.53s
[956.238s][info][gc,start       ] GC(1408) Pause Young (Allocation Failure)
[956.548s][info][gc,heap        ] GC(1408) DefNew: 559232K(629120K)->69888K(629120K) Eden: 559232K(559232K)->0K(559232K) From: 0K(69888K)->69888K(69888K)
[956.548s][info][gc,heap        ] GC(1408) Tenured: 166372K(1398144K)->173917K(1398144K)
[956.548s][info][gc,metaspace   ] GC(1408) Metaspace: 23186K(23552K)->23186K(23552K) NonClass: 20388K(20608K)->20388K(20608K) Class: 2798K(2944K)->2798K(2944K)
[956.548s][info][gc             ] GC(1408) Pause Young (Allocation Failure) 708M->238M(1979M) 309.918ms
[956.548s][info][gc,cpu         ] GC(1408) User=0.28s Sys=0.00s Real=0.31s
[956.711s][info][gc,start       ] GC(1409) Pause Young (Allocation Failure)
[957.225s][info][gc,heap        ] GC(1409) DefNew: 629120K(629120K)->69887K(629120K) Eden: 559232K(559232K)->0K(559232K) From: 69888K(69888K)->69887K(69888K)
[957.225s][info][gc,heap        ] GC(1409) Tenured: 173917K(1398144K)->248788K(1398144K)
[957.225s][info][gc,metaspace   ] GC(1409) Metaspace: 23186K(23552K)->23186K(23552K) NonClass: 20388K(20608K)->20388K(20608K) Class: 2798K(2944K)->2798K(2944K)
[957.225s][info][gc             ] GC(1409) Pause Young (Allocation Failure) 784M->311M(1979M) 514.172ms
[957.225s][info][gc,cpu         ] GC(1409) User=0.44s Sys=0.05s Real=0.51s
[957.711s][info][gc,start       ] GC(1410) Pause Young (Allocation Failure)
[958.065s][info][gc,heap        ] GC(1410) DefNew: 629119K(629120K)->65739K(629120K) Eden: 559232K(559232K)->0K(559232K) From: 69887K(69888K)->65739K(69888K)
[958.065s][info][gc,heap        ] GC(1410) Tenured: 248788K(1398144K)->284019K(1398144K)
[958.065s][info][gc,metaspace   ] GC(1410) Metaspace: 23186K(23552K)->23186K(23552K) NonClass: 20388K(20608K)->20388K(20608K) Class: 2798K(2944K)->2798K(2944K)
[958.065s][info][gc             ] GC(1410) Pause Young (Allocation Failure) 857M->341M(1979M) 353.818ms
[958.065s][info][gc,cpu         ] GC(1410) User=0.38s Sys=0.00s Real=0.36s
[958.211s][info][gc,start       ] GC(1411) Pause Young (Allocation Failure)
[958.651s][info][gc,heap        ] GC(1411) DefNew: 624971K(629120K)->69887K(629120K) Eden: 559232K(559232K)->0K(559232K) From: 65739K(69888K)->69887K(69888K)
[958.651s][info][gc,heap        ] GC(1411) Tenured: 284019K(1398144K)->347547K(1398144K)
[958.651s][info][gc,metaspace   ] GC(1411) Metaspace: 23186K(23552K)->23186K(23552K) NonClass: 20388K(20608K)->20388K(20608K) Class: 2798K(2944K)->2798K(2944K)
[958.651s][info][gc             ] GC(1411) Pause Young (Allocation Failure) 887M->407M(1979M) 440.025ms
[958.651s][info][gc,cpu         ] GC(1411) User=0.41s Sys=0.00s Real=0.44s
[959.105s][info][gc,start       ] GC(1412) Pause Young (Allocation Failure)
[959.373s][info][gc,heap        ] GC(1412) DefNew: 629119K(629120K)->50120K(629120K) Eden: 559232K(559232K)->0K(559232K) From: 69887K(69888K)->50120K(69888K)
[959.373s][info][gc,heap        ] GC(1412) Tenured: 347547K(1398144K)->382482K(1398144K)
[959.373s][info][gc,metaspace   ] GC(1412) Metaspace: 23186K(23552K)->23186K(23552K) NonClass: 20388K(20608K)->20388K(20608K) Class: 2798K(2944K)->2798K(2944K)
[959.373s][info][gc             ] GC(1412) Pause Young (Allocation Failure) 953M->422M(1979M) 267.750ms
[959.373s][info][gc,cpu         ] GC(1412) User=0.25s Sys=0.00s Real=0.27s
[959.573s][info][gc,start       ] GC(1413) Pause Young (Allocation Failure)
[959.899s][info][gc,heap        ] GC(1413) DefNew: 609352K(629120K)->65912K(629120K) Eden: 559232K(559232K)->0K(559232K) From: 50120K(69888K)->65912K(69888K)
[959.899s][info][gc,heap        ] GC(1413) Tenured: 382482K(1398144K)->420453K(1398144K)
[959.899s][info][gc,metaspace   ] GC(1413) Metaspace: 23186K(23552K)->23186K(23552K) NonClass: 20388K(20608K)->20388K(20608K) Class: 2798K(2944K)->2798K(2944K)
[959.899s][info][gc             ] GC(1413) Pause Young (Allocation Failure) 968M->474M(1979M) 325.885ms
[959.899s][info][gc,cpu         ] GC(1413) User=0.30s Sys=0.00s Real=0.33s
[960.041s][info][gc,start       ] GC(1414) Pause Young (Allocation Failure)
[960.512s][info][gc,heap        ] GC(1414) DefNew: 625144K(629120K)->69888K(629120K) Eden: 559232K(559232K)->0K(559232K) From: 65912K(69888K)->69888K(69888K)
[960.512s][info][gc,heap        ] GC(1414) Tenured: 420453K(1398144K)->483689K(1398144K)
[960.512s][info][gc,metaspace   ] GC(1414) Metaspace: 23186K(23552K)->23186K(23552K) NonClass: 20388K(20608K)->20388K(20608K) Class: 2798K(2944K)->2798K(2944K)
[960.512s][info][gc             ] GC(1414) Pause Young (Allocation Failure) 1021M->540M(1979M) 470.480ms
[960.512s][info][gc,cpu         ] GC(1414) User=0.47s Sys=0.00s Real=0.47s
[961.115s][info][gc,start       ] GC(1415) Pause Young (Allocation Failure)
[961.387s][info][gc,heap        ] GC(1415) DefNew: 629120K(629120K)->47928K(629120K) Eden: 559232K(559232K)->0K(559232K) From: 69888K(69888K)->47928K(69888K)
[961.387s][info][gc,heap        ] GC(1415) Tenured: 483689K(1398144K)->518029K(1398144K)
[961.387s][info][gc,metaspace   ] GC(1415) Metaspace: 23186K(23552K)->23186K(23552K) NonClass: 20388K(20608K)->20388K(20608K) Class: 2798K(2944K)->2798K(2944K)
[961.387s][info][gc             ] GC(1415) Pause Young (Allocation Failure) 1086M->552M(1979M) 272.576ms
[961.387s][info][gc,cpu         ] GC(1415) User=0.25s Sys=0.00s Real=0.27s
[961.522s][info][gc,start       ] GC(1416) Pause Young (Allocation Failure)
[961.934s][info][gc,heap        ] GC(1416) DefNew: 607160K(629120K)->69888K(629120K) Eden: 559232K(559232K)->0K(559232K) From: 47928K(69888K)->69888K(69888K)
[961.934s][info][gc,heap        ] GC(1416) Tenured: 518029K(1398144K)->563822K(1398144K)
[961.934s][info][gc,metaspace   ] GC(1416) Metaspace: 23186K(23552K)->23186K(23552K) NonClass: 20388K(20608K)->20388K(20608K) Class: 2798K(2944K)->2798K(2944K)
[961.934s][info][gc             ] GC(1416) Pause Young (Allocation Failure) 1098M->618M(1979M) 411.928ms
[961.934s][info][gc,cpu         ] GC(1416) User=0.41s Sys=0.00s Real=0.41s
[962.098s][info][gc,start       ] GC(1417) Pause Young (Allocation Failure)
[962.583s][info][gc,heap        ] GC(1417) DefNew: 629120K(629120K)->69888K(629120K) Eden: 559232K(559232K)->0K(559232K) From: 69888K(69888K)->69888K(69888K)
[962.583s][info][gc,heap        ] GC(1417) Tenured: 563822K(1398144K)->628630K(1398144K)
[962.583s][info][gc,metaspace   ] GC(1417) Metaspace: 23186K(23552K)->23186K(23552K) NonClass: 20388K(20608K)->20388K(20608K) Class: 2798K(2944K)->2798K(2944K)
[962.583s][info][gc             ] GC(1417) Pause Young (Allocation Failure) 1164M->682M(1979M) 485.619ms
[962.583s][info][gc,cpu         ] GC(1417) User=0.47s Sys=0.00s Real=0.49s
[963.285s][info][gc,start       ] GC(1418) Pause Young (Allocation Failure)
[963.564s][info][gc,heap        ] GC(1418) DefNew: 629120K(629120K)->55190K(629120K) Eden: 559232K(559232K)->0K(559232K) From: 69888K(69888K)->55190K(69888K)
[963.564s][info][gc,heap        ] GC(1418) Tenured: 628630K(1398144K)->661563K(1398144K)
[963.564s][info][gc,metaspace   ] GC(1418) Metaspace: 23186K(23552K)->23186K(23552K) NonClass: 20388K(20608K)->20388K(20608K) Class: 2798K(2944K)->2798K(2944K)
[963.564s][info][gc             ] GC(1418) Pause Young (Allocation Failure) 1228M->699M(1979M) 278.126ms
[963.564s][info][gc,cpu         ] GC(1418) User=0.27s Sys=0.00s Real=0.27s
[963.712s][info][gc,start       ] GC(1419) Pause Young (Allocation Failure)
[964.125s][info][gc,heap        ] GC(1419) DefNew: 614422K(629120K)->69888K(629120K) Eden: 559232K(559232K)->0K(559232K) From: 55190K(69888K)->69888K(69888K)
[964.125s][info][gc,heap        ] GC(1419) Tenured: 661563K(1398144K)->713715K(1398144K)
[964.125s][info][gc,metaspace   ] GC(1419) Metaspace: 23186K(23552K)->23186K(23552K) NonClass: 20388K(20608K)->20388K(20608K) Class: 2798K(2944K)->2798K(2944K)
[964.125s][info][gc             ] GC(1419) Pause Young (Allocation Failure) 1246M->765M(1979M) 412.461ms
[964.125s][info][gc,cpu         ] GC(1419) User=0.38s Sys=0.00s Real=0.42s
[964.401s][info][gc,start       ] GC(1420) Pause Young (Allocation Failure)
[964.748s][info][gc,heap        ] GC(1420) DefNew: 629120K(629120K)->64355K(629120K) Eden: 559232K(559232K)->0K(559232K) From: 69888K(69888K)->64355K(69888K)
[964.748s][info][gc,heap        ] GC(1420) Tenured: 713715K(1398144K)->756272K(1398144K)
[964.748s][info][gc,metaspace   ] GC(1420) Metaspace: 23186K(23552K)->23186K(23552K) NonClass: 20388K(20608K)->20388K(20608K) Class: 2798K(2944K)->2798K(2944K)
[964.748s][info][gc             ] GC(1420) Pause Young (Allocation Failure) 1311M->801M(1979M) 346.834ms
[964.748s][info][gc,cpu         ] GC(1420) User=0.34s Sys=0.00s Real=0.34s
[965.121s][info][gc,start       ] GC(1421) Pause Young (Allocation Failure)
[965.472s][info][gc,heap        ] GC(1421) DefNew: 623587K(629120K)->69887K(629120K) Eden: 559232K(559232K)->0K(559232K) From: 64355K(69888K)->69887K(69888K)
[965.472s][info][gc,heap        ] GC(1421) Tenured: 756272K(1398144K)->794436K(1398144K)
[965.472s][info][gc,metaspace   ] GC(1421) Metaspace: 23186K(23552K)->23186K(23552K) NonClass: 20388K(20608K)->20388K(20608K) Class: 2798K(2944K)->2798K(2944K)
[965.472s][info][gc             ] GC(1421) Pause Young (Allocation Failure) 1347M->844M(1979M) 350.684ms
[965.472s][info][gc,cpu         ] GC(1421) User=0.33s Sys=0.00s Real=0.35s
[965.618s][info][gc,start       ] GC(1422) Pause Young (Allocation Failure)
[966.089s][info][gc,heap        ] GC(1422) DefNew: 629119K(629120K)->69887K(629120K) Eden: 559232K(559232K)->0K(559232K) From: 69887K(69888K)->69887K(69888K)
[966.090s][info][gc,heap        ] GC(1422) Tenured: 794436K(1398144K)->858807K(1398144K)
[966.090s][info][gc,metaspace   ] GC(1422) Metaspace: 23186K(23552K)->23186K(23552K) NonClass: 20388K(20608K)->20388K(20608K) Class: 2798K(2944K)->2798K(2944K)
[966.090s][info][gc             ] GC(1422) Pause Young (Allocation Failure) 1390M->906M(1979M) 472.003ms
[966.090s][info][gc,cpu         ] GC(1422) User=0.44s Sys=0.00s Real=0.47s
[966.689s][info][gc,start       ] GC(1423) Pause Young (Allocation Failure)
[966.956s][info][gc,heap        ] GC(1423) DefNew: 629119K(629120K)->46734K(629120K) Eden: 559232K(559232K)->0K(559232K) From: 69887K(69888K)->46734K(69888K)
[966.957s][info][gc,heap        ] GC(1423) Tenured: 858807K(1398144K)->893860K(1398144K)
[966.957s][info][gc,metaspace   ] GC(1423) Metaspace: 23186K(23552K)->23186K(23552K) NonClass: 20388K(20608K)->20388K(20608K) Class: 2798K(2944K)->2798K(2944K)
[966.957s][info][gc             ] GC(1423) Pause Young (Allocation Failure) 1453M->918M(1979M) 267.220ms
[966.957s][info][gc,cpu         ] GC(1423) User=0.28s Sys=0.00s Real=0.27s
[967.096s][info][gc,start       ] GC(1424) Pause Young (Allocation Failure)
[967.495s][info][gc,heap        ] GC(1424) DefNew: 605966K(629120K)->69887K(629120K) Eden: 559232K(559232K)->0K(559232K) From: 46734K(69888K)->69887K(69888K)
[967.495s][info][gc,heap        ] GC(1424) Tenured: 893860K(1398144K)->939345K(1398144K)
[967.495s][info][gc,metaspace   ] GC(1424) Metaspace: 23186K(23552K)->23186K(23552K) NonClass: 20388K(20608K)->20388K(20608K) Class: 2798K(2944K)->2798K(2944K)
[967.495s][info][gc             ] GC(1424) Pause Young (Allocation Failure) 1464M->985M(1979M) 398.893ms
[967.495s][info][gc,cpu         ] GC(1424) User=0.38s Sys=0.00s Real=0.39s
[967.684s][info][gc,start       ] GC(1425) Pause Young (Allocation Failure)
[968.193s][info][gc,heap        ] GC(1425) DefNew: 629119K(629120K)->69887K(629120K) Eden: 559232K(559232K)->0K(559232K) From: 69887K(69888K)->69887K(69888K)
[968.193s][info][gc,heap        ] GC(1425) Tenured: 939345K(1398144K)->1003563K(1398144K)
[968.193s][info][gc,metaspace   ] GC(1425) Metaspace: 23186K(23552K)->23186K(23552K) NonClass: 20388K(20608K)->20388K(20608K) Class: 2798K(2944K)->2798K(2944K)
[968.193s][info][gc             ] GC(1425) Pause Young (Allocation Failure) 1531M->1048M(1979M) 508.745ms
[968.193s][info][gc,cpu         ] GC(1425) User=0.50s Sys=0.00s Real=0.50s
[968.732s][info][gc,start       ] GC(1426) Pause Young (Allocation Failure)
[969.047s][info][gc,heap        ] GC(1426) DefNew: 629119K(629120K)->63308K(629120K) Eden: 559232K(559232K)->0K(559232K) From: 69887K(69888K)->63308K(69888K)
[969.047s][info][gc,heap        ] GC(1426) Tenured: 1003563K(1398144K)->1036633K(1398144K)
[969.047s][info][gc,metaspace   ] GC(1426) Metaspace: 23186K(23552K)->23186K(23552K) NonClass: 20388K(20608K)->20388K(20608K) Class: 2798K(2944K)->2798K(2944K)
[969.047s][info][gc             ] GC(1426) Pause Young (Allocation Failure) 1594M->1074M(1979M) 314.435ms
[969.047s][info][gc,cpu         ] GC(1426) User=0.33s Sys=0.00s Real=0.32s
[969.194s][info][gc,start       ] GC(1427) Pause Young (Allocation Failure)
[969.621s][info][gc,heap        ] GC(1427) DefNew: 622540K(629120K)->69887K(629120K) Eden: 559232K(559232K)->0K(559232K) From: 63308K(69888K)->69887K(69888K)
[969.621s][info][gc,heap        ] GC(1427) Tenured: 1036633K(1398144K)->1097315K(1398144K)
[969.621s][info][gc,metaspace   ] GC(1427) Metaspace: 23186K(23552K)->23186K(23552K) NonClass: 20388K(20608K)->20388K(20608K) Class: 2798K(2944K)->2798K(2944K)
[969.621s][info][gc             ] GC(1427) Pause Young (Allocation Failure) 1620M->1139M(1979M) 426.763ms
[969.621s][info][gc,cpu         ] GC(1427) User=0.42s Sys=0.00s Real=0.42s
[970.038s][info][gc,start       ] GC(1428) Pause Young (Allocation Failure)
[970.313s][info][gc,heap        ] GC(1428) DefNew: 629119K(629120K)->51950K(629120K) Eden: 559232K(559232K)->0K(559232K) From: 69887K(69888K)->51950K(69888K)
[970.313s][info][gc,heap        ] GC(1428) Tenured: 1097315K(1398144K)->1132233K(1398144K)
[970.313s][info][gc,metaspace   ] GC(1428) Metaspace: 23186K(23552K)->23186K(23552K) NonClass: 20388K(20608K)->20388K(20608K) Class: 2798K(2944K)->2798K(2944K)
[970.313s][info][gc             ] GC(1428) Pause Young (Allocation Failure) 1685M->1156M(1979M) 275.380ms
[970.313s][info][gc,cpu         ] GC(1428) User=0.27s Sys=0.00s Real=0.27s
[970.529s][info][gc,start       ] GC(1429) Pause Young (Allocation Failure)
[970.868s][info][gc,heap        ] GC(1429) DefNew: 611182K(629120K)->69856K(629120K) Eden: 559232K(559232K)->0K(559232K) From: 51950K(69888K)->69856K(69888K)
[970.868s][info][gc,heap        ] GC(1429) Tenured: 1132233K(1398144K)->1168744K(1398144K)
[970.868s][info][gc,metaspace   ] GC(1429) Metaspace: 23186K(23552K)->23186K(23552K) NonClass: 20388K(20608K)->20388K(20608K) Class: 2798K(2944K)->2798K(2944K)
[970.868s][info][gc             ] GC(1429) Pause Young (Allocation Failure) 1702M->1209M(1979M) 339.236ms
[970.868s][info][gc,cpu         ] GC(1429) User=0.34s Sys=0.00s Real=0.35s
[971.022s][info][gc,start       ] GC(1430) Pause Young (Allocation Failure)
[971.502s][info][gc,heap        ] GC(1430) DefNew: 629088K(629120K)->69887K(629120K) Eden: 559232K(559232K)->0K(559232K) From: 69856K(69888K)->69887K(69888K)
[971.502s][info][gc,heap        ] GC(1430) Tenured: 1168744K(1398144K)->1235502K(1398144K)
[971.502s][info][gc,metaspace   ] GC(1430) Metaspace: 23186K(23552K)->23186K(23552K) NonClass: 20388K(20608K)->20388K(20608K) Class: 2798K(2944K)->2798K(2944K)
[971.502s][info][gc             ] GC(1430) Pause Young (Allocation Failure) 1755M->1274M(1979M) 479.771ms
[971.502s][info][gc,cpu         ] GC(1430) User=0.48s Sys=0.00s Real=0.47s
[972.220s][info][gc,start       ] GC(1431) Pause Young (Allocation Failure)
[972.457s][info][gc,heap        ] GC(1431) DefNew: 629119K(629120K)->38093K(629120K) Eden: 559232K(559232K)->0K(559232K) From: 69887K(69888K)->38093K(69888K)
[972.457s][info][gc,heap        ] GC(1431) Tenured: 1235502K(1398144K)->1270442K(1398144K)
[972.457s][info][gc,metaspace   ] GC(1431) Metaspace: 23186K(23552K)->23186K(23552K) NonClass: 20388K(20608K)->20388K(20608K) Class: 2798K(2944K)->2798K(2944K)
[972.457s][info][gc             ] GC(1431) Pause Young (Allocation Failure) 1820M->1277M(1979M) 236.796ms
[972.457s][info][gc,cpu         ] GC(1431) User=0.23s Sys=0.00s Real=0.24s
[972.588s][info][gc,start       ] GC(1432) Pause Young (Allocation Failure)
[972.962s][info][gc,heap        ] GC(1432) DefNew: 597325K(629120K)->66825K(629120K) Eden: 559232K(559232K)->0K(559232K) From: 38093K(69888K)->66825K(69888K)
[972.962s][info][gc,heap        ] GC(1432) Tenured: 1270442K(1398144K)->1305559K(1398144K)
[972.962s][info][gc,metaspace   ] GC(1432) Metaspace: 23186K(23552K)->23186K(23552K) NonClass: 20388K(20608K)->20388K(20608K) Class: 2798K(2944K)->2798K(2944K)
[972.962s][info][gc             ] GC(1432) Pause Young (Allocation Failure) 1823M->1340M(1979M) 374.590ms
[972.962s][info][gc,cpu         ] GC(1432) User=0.38s Sys=0.00s Real=0.38s
[973.110s][info][gc,start       ] GC(1433) Pause Young (Allocation Failure)
[973.569s][info][gc,heap        ] GC(1433) DefNew: 626057K(629120K)->69887K(629120K) Eden: 559232K(559232K)->0K(559232K) From: 66825K(69888K)->69887K(69888K)
[973.569s][info][gc,heap        ] GC(1433) Tenured: 1305559K(1398144K)->1365582K(1398144K)
[973.569s][info][gc,metaspace   ] GC(1433) Metaspace: 23186K(23552K)->23186K(23552K) NonClass: 20388K(20608K)->20388K(20608K) Class: 2798K(2944K)->2798K(2944K)
[973.569s][info][gc             ] GC(1433) Pause Young (Allocation Failure) 1886M->1401M(1979M) 459.693ms
[973.569s][info][gc,cpu         ] GC(1433) User=0.41s Sys=0.02s Real=0.45s
[974.091s][info][gc,start       ] GC(1434) Pause Full (System.gc())
[974.091s][info][gc,phases,start] GC(1434) Phase 1: Mark live objects
[974.285s][info][gc,phases      ] GC(1434) Phase 1: Mark live objects 193.662ms
[974.285s][info][gc,phases,start] GC(1434) Phase 2: Compute new object addresses
[974.532s][info][gc,phases      ] GC(1434) Phase 2: Compute new object addresses 246.406ms
[974.532s][info][gc,phases,start] GC(1434) Phase 3: Adjust pointers
[974.634s][info][gc,phases      ] GC(1434) Phase 3: Adjust pointers 102.080ms
[974.634s][info][gc,phases,start] GC(1434) Phase 4: Move objects
[974.679s][info][gc,phases      ] GC(1434) Phase 4: Move objects 44.899ms
[974.679s][info][gc,heap        ] GC(1434) DefNew: 308899K(629120K)->0K(629120K) Eden: 239011K(559232K)->0K(559232K) From: 69887K(69888K)->0K(69888K)
[974.679s][info][gc,heap        ] GC(1434) Tenured: 1365582K(1398144K)->104941K(1398144K)
[974.679s][info][gc,metaspace   ] GC(1434) Metaspace: 23186K(23552K)->23186K(23552K) NonClass: 20388K(20608K)->20388K(20608K) Class: 2798K(2944K)->2798K(2944K)
[974.679s][info][gc             ] GC(1434) Pause Full (System.gc()) 1635M->102M(1979M) 587.728ms
[974.679s][info][gc,cpu         ] GC(1434) User=0.56s Sys=0.00s Real=0.58s
[974.848s][info][gc,start       ] GC(1435) Pause Young (Allocation Failure)
[975.163s][info][gc,heap        ] GC(1435) DefNew: 559232K(629120K)->69887K(629120K) Eden: 559232K(559232K)->0K(559232K) From: 0K(69888K)->69887K(69888K)
[975.163s][info][gc,heap        ] GC(1435) Tenured: 104941K(1398144K)->113276K(1398144K)
[975.163s][info][gc,metaspace   ] GC(1435) Metaspace: 23186K(23552K)->23186K(23552K) NonClass: 20388K(20608K)->20388K(20608K) Class: 2798K(2944K)->2798K(2944K)
[975.163s][info][gc             ] GC(1435) Pause Young (Allocation Failure) 648M->178M(1979M) 315.364ms
[975.163s][info][gc,cpu         ] GC(1435) User=0.33s Sys=0.00s Real=0.32s
[975.303s][info][gc,start       ] GC(1436) Pause Young (Allocation Failure)
[975.785s][info][gc,heap        ] GC(1436) DefNew: 629119K(629120K)->69887K(629120K) Eden: 559232K(559232K)->0K(559232K) From: 69887K(69888K)->69887K(69888K)
[975.785s][info][gc,heap        ] GC(1436) Tenured: 113276K(1398144K)->178654K(1398144K)
[975.785s][info][gc,metaspace   ] GC(1436) Metaspace: 23186K(23552K)->23186K(23552K) NonClass: 20388K(20608K)->20388K(20608K) Class: 2798K(2944K)->2798K(2944K)
[975.785s][info][gc             ] GC(1436) Pause Young (Allocation Failure) 724M->242M(1979M) 481.840ms
[975.785s][info][gc,cpu         ] GC(1436) User=0.45s Sys=0.00s Real=0.47s
[976.338s][info][gc,start       ] GC(1437) Pause Young (Allocation Failure)
[976.643s][info][gc,heap        ] GC(1437) DefNew: 629119K(629120K)->59107K(629120K) Eden: 559232K(559232K)->0K(559232K) From: 69887K(69888K)->59107K(69888K)
[976.643s][info][gc,heap        ] GC(1437) Tenured: 178654K(1398144K)->212713K(1398144K)
[976.643s][info][gc,metaspace   ] GC(1437) Metaspace: 23186K(23552K)->23186K(23552K) NonClass: 20388K(20608K)->20388K(20608K) Class: 2798K(2944K)->2798K(2944K)
[976.643s][info][gc             ] GC(1437) Pause Young (Allocation Failure) 788M->265M(1979M) 305.509ms
[976.643s][info][gc,cpu         ] GC(1437) User=0.34s Sys=0.00s Real=0.30s
[976.787s][info][gc,start       ] GC(1438) Pause Young (Allocation Failure)
[977.230s][info][gc,heap        ] GC(1438) DefNew: 618339K(629120K)->69887K(629120K) Eden: 559232K(559232K)->0K(559232K) From: 59107K(69888K)->69887K(69888K)
[977.230s][info][gc,heap        ] GC(1438) Tenured: 212713K(1398144K)->268066K(1398144K)
[977.230s][info][gc,metaspace   ] GC(1438) Metaspace: 23186K(23552K)->23186K(23552K) NonClass: 20388K(20608K)->20388K(20608K) Class: 2798K(2944K)->2798K(2944K)
[977.230s][info][gc             ] GC(1438) Pause Young (Allocation Failure) 811M->330M(1979M) 443.128ms
[977.230s][info][gc,cpu         ] GC(1438) User=0.44s Sys=0.00s Real=0.44s
[977.584s][info][gc,start       ] GC(1439) Pause Young (Allocation Failure)
[977.912s][info][gc,heap        ] GC(1439) DefNew: 629119K(629120K)->66432K(629120K) Eden: 559232K(559232K)->0K(559232K) From: 69887K(69888K)->66432K(69888K)
[977.912s][info][gc,heap        ] GC(1439) Tenured: 268066K(1398144K)->308645K(1398144K)
[977.912s][info][gc,metaspace   ] GC(1439) Metaspace: 23186K(23552K)->23186K(23552K) NonClass: 20388K(20608K)->20388K(20608K) Class: 2798K(2944K)->2798K(2944K)
[977.912s][info][gc             ] GC(1439) Pause Young (Allocation Failure) 876M->366M(1979M) 327.871ms
[977.912s][info][gc,cpu         ] GC(1439) User=0.28s Sys=0.02s Real=0.33s
[978.246s][info][gc,start       ] GC(1440) Pause Young (Allocation Failure)
[978.543s][info][gc,heap        ] GC(1440) DefNew: 625664K(629120K)->62156K(629120K) Eden: 559232K(559232K)->0K(559232K) From: 66432K(69888K)->62156K(69888K)
[978.543s][info][gc,heap        ] GC(1440) Tenured: 308645K(1398144K)->345228K(1398144K)
[978.543s][info][gc,metaspace   ] GC(1440) Metaspace: 23186K(23552K)->23186K(23552K) NonClass: 20388K(20608K)->20388K(20608K) Class: 2798K(2944K)->2798K(2944K)
[978.543s][info][gc             ] GC(1440) Pause Young (Allocation Failure) 912M->397M(1979M) 296.252ms
[978.543s][info][gc,cpu         ] GC(1440) User=0.28s Sys=0.00s Real=0.30s
[978.695s][info][gc,start       ] GC(1441) Pause Young (Allocation Failure)
[979.172s][info][gc,heap        ] GC(1441) DefNew: 621388K(629120K)->69888K(629120K) Eden: 559232K(559232K)->0K(559232K) From: 62156K(69888K)->69888K(69888K)
[979.172s][info][gc,heap        ] GC(1441) Tenured: 345228K(1398144K)->407878K(1398144K)
[979.172s][info][gc,metaspace   ] GC(1441) Metaspace: 23186K(23552K)->23186K(23552K) NonClass: 20388K(20608K)->20388K(20608K) Class: 2798K(2944K)->2798K(2944K)
[979.172s][info][gc             ] GC(1441) Pause Young (Allocation Failure) 943M->466M(1979M) 477.292ms
[979.172s][info][gc,cpu         ] GC(1441) User=0.47s Sys=0.00s Real=0.47s
[979.775s][info][gc,start       ] GC(1442) Pause Young (Allocation Failure)
[980.020s][info][gc,heap        ] GC(1442) DefNew: 629120K(629120K)->40840K(629120K) Eden: 559232K(559232K)->0K(559232K) From: 69888K(69888K)->40840K(69888K)
[980.020s][info][gc,heap        ] GC(1442) Tenured: 407878K(1398144K)->442984K(1398144K)
[980.020s][info][gc,metaspace   ] GC(1442) Metaspace: 23186K(23552K)->23186K(23552K) NonClass: 20388K(20608K)->20388K(20608K) Class: 2798K(2944K)->2798K(2944K)
[980.020s][info][gc             ] GC(1442) Pause Young (Allocation Failure) 1012M->472M(1979M) 245.186ms
[980.020s][info][gc,cpu         ] GC(1442) User=0.27s Sys=0.00s Real=0.24s
[980.164s][info][gc,start       ] GC(1443) Pause Young (Allocation Failure)
[980.549s][info][gc,heap        ] GC(1443) DefNew: 600072K(629120K)->69887K(629120K) Eden: 559232K(559232K)->0K(559232K) From: 40840K(69888K)->69887K(69888K)
[980.549s][info][gc,heap        ] GC(1443) Tenured: 442984K(1398144K)->486943K(1398144K)
[980.549s][info][gc,metaspace   ] GC(1443) Metaspace: 23186K(23552K)->23186K(23552K) NonClass: 20388K(20608K)->20388K(20608K) Class: 2798K(2944K)->2798K(2944K)
[980.549s][info][gc             ] GC(1443) Pause Young (Allocation Failure) 1018M->543M(1979M) 384.523ms
[980.549s][info][gc,cpu         ] GC(1443) User=0.36s Sys=0.00s Real=0.39s
[980.693s][info][gc,start       ] GC(1444) Pause Young (Allocation Failure)
[981.171s][info][gc,heap        ] GC(1444) DefNew: 629119K(629120K)->69888K(629120K) Eden: 559232K(559232K)->0K(559232K) From: 69887K(69888K)->69888K(69888K)
[981.172s][info][gc,heap        ] GC(1444) Tenured: 486943K(1398144K)->552747K(1398144K)
[981.172s][info][gc,metaspace   ] GC(1444) Metaspace: 23186K(23552K)->23186K(23552K) NonClass: 20388K(20608K)->20388K(20608K) Class: 2798K(2944K)->2798K(2944K)
[981.172s][info][gc             ] GC(1444) Pause Young (Allocation Failure) 1089M->608M(1979M) 478.397ms
[981.172s][info][gc,cpu         ] GC(1444) User=0.47s Sys=0.00s Real=0.48s
[981.715s][info][gc,start       ] GC(1445) Pause Young (Allocation Failure)
[982.025s][info][gc,heap        ] GC(1445) DefNew: 629120K(629120K)->60261K(629120K) Eden: 559232K(559232K)->0K(559232K) From: 69888K(69888K)->60261K(69888K)
[982.025s][info][gc,heap        ] GC(1445) Tenured: 552747K(1398144K)->586269K(1398144K)
[982.025s][info][gc,metaspace   ] GC(1445) Metaspace: 23186K(23552K)->23186K(23552K) NonClass: 20388K(20608K)->20388K(20608K) Class: 2798K(2944K)->2798K(2944K)
[982.025s][info][gc             ] GC(1445) Pause Young (Allocation Failure) 1154M->631M(1979M) 309.471ms
[982.025s][info][gc,cpu         ] GC(1445) User=0.31s Sys=0.00s Real=0.31s
[982.174s][info][gc,start       ] GC(1446) Pause Young (Allocation Failure)
[982.611s][info][gc,heap        ] GC(1446) DefNew: 619493K(629120K)->69888K(629120K) Eden: 559232K(559232K)->0K(559232K) From: 60261K(69888K)->69888K(69888K)
[982.611s][info][gc,heap        ] GC(1446) Tenured: 586269K(1398144K)->643930K(1398144K)
[982.611s][info][gc,metaspace   ] GC(1446) Metaspace: 23186K(23552K)->23186K(23552K) NonClass: 20388K(20608K)->20388K(20608K) Class: 2798K(2944K)->2798K(2944K)
[982.612s][info][gc             ] GC(1446) Pause Young (Allocation Failure) 1177M->697M(1979M) 437.774ms
[982.612s][info][gc,cpu         ] GC(1446) User=0.42s Sys=0.00s Real=0.43s
[983.036s][info][gc,start       ] GC(1447) Pause Young (Allocation Failure)
[983.341s][info][gc,heap        ] GC(1447) DefNew: 629120K(629120K)->62652K(629120K) Eden: 559232K(559232K)->0K(559232K) From: 69888K(69888K)->62652K(69888K)
[983.341s][info][gc,heap        ] GC(1447) Tenured: 643930K(1398144K)->681474K(1398144K)
[983.341s][info][gc,metaspace   ] GC(1447) Metaspace: 23186K(23552K)->23186K(23552K) NonClass: 20388K(20608K)->20388K(20608K) Class: 2798K(2944K)->2798K(2944K)
[983.342s][info][gc             ] GC(1447) Pause Young (Allocation Failure) 1243M->726M(1979M) 305.450ms
[983.342s][info][gc,cpu         ] GC(1447) User=0.30s Sys=0.00s Real=0.30s
[983.643s][info][gc,start       ] GC(1448) Pause Young (Allocation Failure)
[983.970s][info][gc,heap        ] GC(1448) DefNew: 621884K(629120K)->69018K(629120K) Eden: 559232K(559232K)->0K(559232K) From: 62652K(69888K)->69018K(69888K)
[983.970s][info][gc,heap        ] GC(1448) Tenured: 681474K(1398144K)->717958K(1398144K)
[983.970s][info][gc,metaspace   ] GC(1448) Metaspace: 23186K(23552K)->23186K(23552K) NonClass: 20388K(20608K)->20388K(20608K) Class: 2798K(2944K)->2798K(2944K)
[983.970s][info][gc             ] GC(1448) Pause Young (Allocation Failure) 1272M->768M(1979M) 326.538ms
[983.970s][info][gc,cpu         ] GC(1448) User=0.31s Sys=0.00s Real=0.31s
[984.116s][info][gc,start       ] GC(1449) Pause Young (Allocation Failure)
[984.578s][info][gc,heap        ] GC(1449) DefNew: 628250K(629120K)->69887K(629120K) Eden: 559232K(559232K)->0K(559232K) From: 69018K(69888K)->69887K(69888K)
[984.578s][info][gc,heap        ] GC(1449) Tenured: 717958K(1398144K)->780951K(1398144K)
[984.578s][info][gc,metaspace   ] GC(1449) Metaspace: 23186K(23552K)->23186K(23552K) NonClass: 20388K(20608K)->20388K(20608K) Class: 2798K(2944K)->2798K(2944K)
[984.578s][info][gc             ] GC(1449) Pause Young (Allocation Failure) 1314M->830M(1979M) 461.810ms
[984.578s][info][gc,cpu         ] GC(1449) User=0.44s Sys=0.00s Real=0.46s
[985.161s][info][gc,start       ] GC(1450) Pause Young (Allocation Failure)
[985.432s][info][gc,heap        ] GC(1450) DefNew: 629119K(629120K)->49164K(629120K) Eden: 559232K(559232K)->0K(559232K) From: 69887K(69888K)->49164K(69888K)
[985.432s][info][gc,heap        ] GC(1450) Tenured: 780951K(1398144K)->816249K(1398144K)
[985.432s][info][gc,metaspace   ] GC(1450) Metaspace: 23186K(23552K)->23186K(23552K) NonClass: 20388K(20608K)->20388K(20608K) Class: 2798K(2944K)->2798K(2944K)
[985.432s][info][gc             ] GC(1450) Pause Young (Allocation Failure) 1377M->845M(1979M) 270.640ms
[985.432s][info][gc,cpu         ] GC(1450) User=0.28s Sys=0.00s Real=0.28s
[985.578s][info][gc,start       ] GC(1451) Pause Young (Allocation Failure)
[985.987s][info][gc,heap        ] GC(1451) DefNew: 608396K(629120K)->69888K(629120K) Eden: 559232K(559232K)->0K(559232K) From: 49164K(69888K)->69888K(69888K)
[985.987s][info][gc,heap        ] GC(1451) Tenured: 816249K(1398144K)->864105K(1398144K)
[985.987s][info][gc,metaspace   ] GC(1451) Metaspace: 23186K(23552K)->23186K(23552K) NonClass: 20388K(20608K)->20388K(20608K) Class: 2798K(2944K)->2798K(2944K)
[985.987s][info][gc             ] GC(1451) Pause Young (Allocation Failure) 1391M->912M(1979M) 408.476ms
[985.987s][info][gc,cpu         ] GC(1451) User=0.42s Sys=0.00s Real=0.41s
[986.146s][info][gc,start       ] GC(1452) Pause Young (Allocation Failure)
[986.637s][info][gc,heap        ] GC(1452) DefNew: 629120K(629120K)->69887K(629120K) Eden: 559232K(559232K)->0K(559232K) From: 69888K(69888K)->69887K(69888K)
[986.637s][info][gc,heap        ] GC(1452) Tenured: 864105K(1398144K)->925532K(1398144K)
[986.637s][info][gc,metaspace   ] GC(1452) Metaspace: 23186K(23552K)->23186K(23552K) NonClass: 20388K(20608K)->20388K(20608K) Class: 2798K(2944K)->2798K(2944K)
[986.637s][info][gc             ] GC(1452) Pause Young (Allocation Failure) 1458M->972M(1979M) 491.584ms
[986.637s][info][gc,cpu         ] GC(1452) User=0.47s Sys=0.00s Real=0.49s
[987.162s][info][gc,start       ] GC(1453) Pause Young (Allocation Failure)
[987.482s][info][gc,heap        ] GC(1453) DefNew: 629119K(629120K)->63284K(629120K) Eden: 559232K(559232K)->0K(559232K) From: 69887K(69888K)->63284K(69888K)
[987.482s][info][gc,heap        ] GC(1453) Tenured: 925532K(1398144K)->959415K(1398144K)
[987.482s][info][gc,metaspace   ] GC(1453) Metaspace: 23186K(23552K)->23186K(23552K) NonClass: 20388K(20608K)->20388K(20608K) Class: 2798K(2944K)->2798K(2944K)
[987.482s][info][gc             ] GC(1453) Pause Young (Allocation Failure) 1518M->998M(1979M) 319.638ms
[987.482s][info][gc,cpu         ] GC(1453) User=0.28s Sys=0.00s Real=0.31s
[987.626s][info][gc,start       ] GC(1454) Pause Young (Allocation Failure)
[988.071s][info][gc,heap        ] GC(1454) DefNew: 622516K(629120K)->69888K(629120K) Eden: 559232K(559232K)->0K(559232K) From: 63284K(69888K)->69888K(69888K)
[988.071s][info][gc,heap        ] GC(1454) Tenured: 959415K(1398144K)->1020015K(1398144K)
[988.071s][info][gc,metaspace   ] GC(1454) Metaspace: 23186K(23552K)->23186K(23552K) NonClass: 20388K(20608K)->20388K(20608K) Class: 2798K(2944K)->2798K(2944K)
[988.071s][info][gc             ] GC(1454) Pause Young (Allocation Failure) 1544M->1064M(1979M) 445.183ms
[988.071s][info][gc,cpu         ] GC(1454) User=0.45s Sys=0.00s Real=0.44s
[988.543s][info][gc,start       ] GC(1455) Pause Young (Allocation Failure)
[988.810s][info][gc,heap        ] GC(1455) DefNew: 629120K(629120K)->50237K(629120K) Eden: 559232K(559232K)->0K(559232K) From: 69888K(69888K)->50237K(69888K)
[988.810s][info][gc,heap        ] GC(1455) Tenured: 1020015K(1398144K)->1056053K(1398144K)
[988.810s][info][gc,metaspace   ] GC(1455) Metaspace: 23186K(23552K)->23186K(23552K) NonClass: 20388K(20608K)->20388K(20608K) Class: 2798K(2944K)->2798K(2944K)
[988.810s][info][gc             ] GC(1455) Pause Young (Allocation Failure) 1610M->1080M(1979M) 267.914ms
[988.810s][info][gc,cpu         ] GC(1455) User=0.25s Sys=0.00s Real=0.27s
[989.016s][info][gc,start       ] GC(1456) Pause Young (Allocation Failure)
[989.362s][info][gc,heap        ] GC(1456) DefNew: 609469K(629120K)->69887K(629120K) Eden: 559232K(559232K)->0K(559232K) From: 50237K(69888K)->69887K(69888K)
[989.362s][info][gc,heap        ] GC(1456) Tenured: 1056053K(1398144K)->1095458K(1398144K)
[989.362s][info][gc,metaspace   ] GC(1456) Metaspace: 23186K(23552K)->23186K(23552K) NonClass: 20388K(20608K)->20388K(20608K) Class: 2798K(2944K)->2798K(2944K)
[989.362s][info][gc             ] GC(1456) Pause Young (Allocation Failure) 1626M->1138M(1979M) 346.768ms
[989.362s][info][gc,cpu         ] GC(1456) User=0.36s Sys=0.00s Real=0.34s
[989.517s][info][gc,start       ] GC(1457) Pause Young (Allocation Failure)
[990.018s][info][gc,heap        ] GC(1457) DefNew: 629119K(629120K)->69888K(629120K) Eden: 559232K(559232K)->0K(559232K) From: 69887K(69888K)->69888K(69888K)
[990.018s][info][gc,heap        ] GC(1457) Tenured: 1095458K(1398144K)->1164410K(1398144K)
[990.018s][info][gc,metaspace   ] GC(1457) Metaspace: 23186K(23552K)->23186K(23552K) NonClass: 20388K(20608K)->20388K(20608K) Class: 2798K(2944K)->2798K(2944K)
[990.018s][info][gc             ] GC(1457) Pause Young (Allocation Failure) 1684M->1205M(1979M) 500.786ms
[990.018s][info][gc,cpu         ] GC(1457) User=0.50s Sys=0.00s Real=0.50s
[990.555s][info][gc,start       ] GC(1458) Pause Young (Allocation Failure)
[990.857s][info][gc,heap        ] GC(1458) DefNew: 629120K(629120K)->54361K(629120K) Eden: 559232K(559232K)->0K(559232K) From: 69888K(69888K)->54361K(69888K)
[990.857s][info][gc,heap        ] GC(1458) Tenured: 1164410K(1398144K)->1200379K(1398144K)
[990.857s][info][gc,metaspace   ] GC(1458) Metaspace: 23186K(23552K)->23186K(23552K) NonClass: 20388K(20608K)->20388K(20608K) Class: 2798K(2944K)->2798K(2944K)
[990.857s][info][gc             ] GC(1458) Pause Young (Allocation Failure) 1751M->1225M(1979M) 302.033ms
[990.857s][info][gc,cpu         ] GC(1458) User=0.31s Sys=0.00s Real=0.30s
[991.007s][info][gc,start       ] GC(1459) Pause Young (Allocation Failure)
[991.425s][info][gc,heap        ] GC(1459) DefNew: 613593K(629120K)->69888K(629120K) Eden: 559232K(559232K)->0K(559232K) From: 54361K(69888K)->69888K(69888K)
[991.425s][info][gc,heap        ] GC(1459) Tenured: 1200379K(1398144K)->1252115K(1398144K)
[991.425s][info][gc,metaspace   ] GC(1459) Metaspace: 23186K(23552K)->23186K(23552K) NonClass: 20388K(20608K)->20388K(20608K) Class: 2798K(2944K)->2798K(2944K)
[991.425s][info][gc             ] GC(1459) Pause Young (Allocation Failure) 1771M->1291M(1979M) 418.217ms
[991.426s][info][gc,cpu         ] GC(1459) User=0.42s Sys=0.00s Real=0.42s
[991.709s][info][gc,start       ] GC(1460) Pause Young (Allocation Failure)
[992.085s][info][gc,heap        ] GC(1460) DefNew: 629120K(629120K)->69888K(629120K) Eden: 559232K(559232K)->0K(559232K) From: 69888K(69888K)->69888K(69888K)
[992.085s][info][gc,heap        ] GC(1460) Tenured: 1252115K(1398144K)->1292779K(1398144K)
[992.085s][info][gc,metaspace   ] GC(1460) Metaspace: 23186K(23552K)->23186K(23552K) NonClass: 20388K(20608K)->20388K(20608K) Class: 2798K(2944K)->2798K(2944K)
[992.085s][info][gc             ] GC(1460) Pause Young (Allocation Failure) 1837M->1330M(1979M) 376.104ms
[992.085s][info][gc,cpu         ] GC(1460) User=0.36s Sys=0.00s Real=0.38s
[992.426s][info][gc,start       ] GC(1461) Pause Full (System.gc())
[992.426s][info][gc,phases,start] GC(1461) Phase 1: Mark live objects
[992.594s][info][gc,phases      ] GC(1461) Phase 1: Mark live objects 167.584ms
[992.594s][info][gc,phases,start] GC(1461) Phase 2: Compute new object addresses
[992.837s][info][gc,phases      ] GC(1461) Phase 2: Compute new object addresses 243.357ms
[992.837s][info][gc,phases,start] GC(1461) Phase 3: Adjust pointers
[992.917s][info][gc,phases      ] GC(1461) Phase 3: Adjust pointers 80.022ms
[992.917s][info][gc,phases,start] GC(1461) Phase 4: Move objects
[992.953s][info][gc,phases      ] GC(1461) Phase 4: Move objects 35.662ms
[992.953s][info][gc,heap        ] GC(1461) DefNew: 302797K(629120K)->0K(629120K) Eden: 232909K(559232K)->0K(559232K) From: 69888K(69888K)->0K(69888K)
[992.953s][info][gc,heap        ] GC(1461) Tenured: 1292779K(1398144K)->158382K(1398144K)
[992.953s][info][gc,metaspace   ] GC(1461) Metaspace: 23186K(23552K)->23186K(23552K) NonClass: 20388K(20608K)->20388K(20608K) Class: 2798K(2944K)->2798K(2944K)
[992.953s][info][gc             ] GC(1461) Pause Full (System.gc()) 1558M->154M(1979M) 527.361ms
[992.953s][info][gc,cpu         ] GC(1461) User=0.45s Sys=0.00s Real=0.53s
[993.107s][info][gc,start       ] GC(1462) Pause Young (Allocation Failure)
[993.410s][info][gc,heap        ] GC(1462) DefNew: 559232K(629120K)->69888K(629120K) Eden: 559232K(559232K)->0K(559232K) From: 0K(69888K)->69888K(69888K)
[993.410s][info][gc,heap        ] GC(1462) Tenured: 158382K(1398144K)->162953K(1398144K)
[993.410s][info][gc,metaspace   ] GC(1462) Metaspace: 23186K(23552K)->23186K(23552K) NonClass: 20388K(20608K)->20388K(20608K) Class: 2798K(2944K)->2798K(2944K)
[993.410s][info][gc             ] GC(1462) Pause Young (Allocation Failure) 700M->227M(1979M) 303.648ms
[993.410s][info][gc,cpu         ] GC(1462) User=0.30s Sys=0.00s Real=0.30s
[993.556s][info][gc,start       ] GC(1463) Pause Young (Allocation Failure)
[994.033s][info][gc,heap        ] GC(1463) DefNew: 629120K(629120K)->69888K(629120K) Eden: 559232K(559232K)->0K(559232K) From: 69888K(69888K)->69888K(69888K)
[994.033s][info][gc,heap        ] GC(1463) Tenured: 162953K(1398144K)->228216K(1398144K)
[994.033s][info][gc,metaspace   ] GC(1463) Metaspace: 23186K(23552K)->23186K(23552K) NonClass: 20388K(20608K)->20388K(20608K) Class: 2798K(2944K)->2798K(2944K)
[994.033s][info][gc             ] GC(1463) Pause Young (Allocation Failure) 773M->291M(1979M) 477.334ms
[994.033s][info][gc,cpu         ] GC(1463) User=0.45s Sys=0.00s Real=0.49s
[994.614s][info][gc,start       ] GC(1464) Pause Young (Allocation Failure)
[994.945s][info][gc,heap        ] GC(1464) DefNew: 629120K(629120K)->63277K(629120K) Eden: 559232K(559232K)->0K(559232K) From: 69888K(69888K)->63277K(69888K)
[994.945s][info][gc,heap        ] GC(1464) Tenured: 228216K(1398144K)->262900K(1398144K)
[994.945s][info][gc,metaspace   ] GC(1464) Metaspace: 23186K(23552K)->23186K(23552K) NonClass: 20388K(20608K)->20388K(20608K) Class: 2798K(2944K)->2798K(2944K)
[994.945s][info][gc             ] GC(1464) Pause Young (Allocation Failure) 837M->318M(1979M) 330.910ms
[994.945s][info][gc,cpu         ] GC(1464) User=0.33s Sys=0.00s Real=0.33s
[995.083s][info][gc,start       ] GC(1465) Pause Young (Allocation Failure)
[995.516s][info][gc,heap        ] GC(1465) DefNew: 622509K(629120K)->69887K(629120K) Eden: 559232K(559232K)->0K(559232K) From: 63277K(69888K)->69887K(69888K)
[995.516s][info][gc,heap        ] GC(1465) Tenured: 262900K(1398144K)->319654K(1398144K)
[995.516s][info][gc,metaspace   ] GC(1465) Metaspace: 23186K(23552K)->23186K(23552K) NonClass: 20388K(20608K)->20388K(20608K) Class: 2798K(2944K)->2798K(2944K)
[995.516s][info][gc             ] GC(1465) Pause Young (Allocation Failure) 864M->380M(1979M) 433.605ms
[995.516s][info][gc,cpu         ] GC(1465) User=0.44s Sys=0.00s Real=0.44s
[995.924s][info][gc,start       ] GC(1466) Pause Young (Allocation Failure)
[996.258s][info][gc,heap        ] GC(1466) DefNew: 629119K(629120K)->65469K(629120K) Eden: 559232K(559232K)->0K(559232K) From: 69887K(69888K)->65469K(69888K)
[996.258s][info][gc,heap        ] GC(1466) Tenured: 319654K(1398144K)->353800K(1398144K)
[996.258s][info][gc,metaspace   ] GC(1466) Metaspace: 23186K(23552K)->23186K(23552K) NonClass: 20388K(20608K)->20388K(20608K) Class: 2798K(2944K)->2798K(2944K)
[996.258s][info][gc             ] GC(1466) Pause Young (Allocation Failure) 926M->409M(1979M) 334.530ms
[996.258s][info][gc,cpu         ] GC(1466) User=0.33s Sys=0.00s Real=0.33s
[996.560s][info][gc,start       ] GC(1467) Pause Young (Allocation Failure)
[996.880s][info][gc,heap        ] GC(1467) DefNew: 624701K(629120K)->62760K(629120K) Eden: 559232K(559232K)->0K(559232K) From: 65469K(69888K)->62760K(69888K)
[996.880s][info][gc,heap        ] GC(1467) Tenured: 353800K(1398144K)->391269K(1398144K)
[996.880s][info][gc,metaspace   ] GC(1467) Metaspace: 23186K(23552K)->23186K(23552K) NonClass: 20388K(20608K)->20388K(20608K) Class: 2798K(2944K)->2798K(2944K)
[996.880s][info][gc             ] GC(1467) Pause Young (Allocation Failure) 955M->443M(1979M) 319.181ms
[996.880s][info][gc,cpu         ] GC(1467) User=0.30s Sys=0.00s Real=0.31s
[997.032s][info][gc,start       ] GC(1468) Pause Young (Allocation Failure)
[997.491s][info][gc,heap        ] GC(1468) DefNew: 621992K(629120K)->69888K(629120K) Eden: 559232K(559232K)->0K(559232K) From: 62760K(69888K)->69888K(69888K)
[997.491s][info][gc,heap        ] GC(1468) Tenured: 391269K(1398144K)->451319K(1398144K)
[997.491s][info][gc,metaspace   ] GC(1468) Metaspace: 23186K(23552K)->23186K(23552K) NonClass: 20388K(20608K)->20388K(20608K) Class: 2798K(2944K)->2798K(2944K)
[997.491s][info][gc             ] GC(1468) Pause Young (Allocation Failure) 989M->508M(1979M) 458.514ms
[997.491s][info][gc,cpu         ] GC(1468) User=0.42s Sys=0.00s Real=0.45s
[998.092s][info][gc,start       ] GC(1469) Pause Young (Allocation Failure)
[998.346s][info][gc,heap        ] GC(1469) DefNew: 629120K(629120K)->43272K(629120K) Eden: 559232K(559232K)->0K(559232K) From: 69888K(69888K)->43272K(69888K)
[998.346s][info][gc,heap        ] GC(1469) Tenured: 451319K(1398144K)->487448K(1398144K)
[998.346s][info][gc,metaspace   ] GC(1469) Metaspace: 23186K(23552K)->23186K(23552K) NonClass: 20388K(20608K)->20388K(20608K) Class: 2798K(2944K)->2798K(2944K)
[998.346s][info][gc             ] GC(1469) Pause Young (Allocation Failure) 1055M->518M(1979M) 254.130ms
[998.346s][info][gc,cpu         ] GC(1469) User=0.25s Sys=0.00s Real=0.25s
[998.495s][info][gc,start       ] GC(1470) Pause Young (Allocation Failure)
[998.892s][info][gc,heap        ] GC(1470) DefNew: 602504K(629120K)->69888K(629120K) Eden: 559232K(559232K)->0K(559232K) From: 43272K(69888K)->69888K(69888K)
[998.892s][info][gc,heap        ] GC(1470) Tenured: 487448K(1398144K)->533672K(1398144K)
[998.892s][info][gc,metaspace   ] GC(1470) Metaspace: 23186K(23552K)->23186K(23552K) NonClass: 20388K(20608K)->20388K(20608K) Class: 2798K(2944K)->2798K(2944K)
[998.892s][info][gc             ] GC(1470) Pause Young (Allocation Failure) 1064M->589M(1979M) 397.019ms
[998.892s][info][gc,cpu         ] GC(1470) User=0.39s Sys=0.00s Real=0.39s
[999.050s][info][gc,start       ] GC(1471) Pause Young (Allocation Failure)
[999.518s][info][gc,heap        ] GC(1471) DefNew: 629120K(629120K)->69888K(629120K) Eden: 559232K(559232K)->0K(559232K) From: 69888K(69888K)->69888K(69888K)
[999.518s][info][gc,heap        ] GC(1471) Tenured: 533672K(1398144K)->598002K(1398144K)
[999.518s][info][gc,metaspace   ] GC(1471) Metaspace: 23186K(23552K)->23186K(23552K) NonClass: 20388K(20608K)->20388K(20608K) Class: 2798K(2944K)->2798K(2944K)
[999.518s][info][gc             ] GC(1471) Pause Young (Allocation Failure) 1135M->652M(1979M) 467.336ms
[999.518s][info][gc,cpu         ] GC(1471) User=0.42s Sys=0.00s Real=0.46s
[1000.062s][info][gc,start       ] GC(1472) Pause Young (Allocation Failure)
[1000.379s][info][gc,heap        ] GC(1472) DefNew: 629120K(629120K)->65215K(629120K) Eden: 559232K(559232K)->0K(559232K) From: 69888K(69888K)->65215K(69888K)
[1000.379s][info][gc,heap        ] GC(1472) Tenured: 598002K(1398144K)->632391K(1398144K)
[1000.379s][info][gc,metaspace   ] GC(1472) Metaspace: 23187K(23552K)->23187K(23552K) NonClass: 20388K(20608K)->20388K(20608K) Class: 2798K(2944K)->2798K(2944K)
[1000.379s][info][gc             ] GC(1472) Pause Young (Allocation Failure) 1198M->681M(1979M) 316.505ms
[1000.379s][info][gc,cpu         ] GC(1472) User=0.31s Sys=0.00s Real=0.33s
[1000.521s][info][gc,start       ] GC(1473) Pause Young (Allocation Failure)
[1000.961s][info][gc,heap        ] GC(1473) DefNew: 624447K(629120K)->69888K(629120K) Eden: 559232K(559232K)->0K(559232K) From: 65215K(69888K)->69888K(69888K)
[1000.961s][info][gc,heap        ] GC(1473) Tenured: 632391K(1398144K)->693390K(1398144K)
[1000.961s][info][gc,metaspace   ] GC(1473) Metaspace: 23187K(23552K)->23187K(23552K) NonClass: 20388K(20608K)->20388K(20608K) Class: 2798K(2944K)->2798K(2944K)
[1000.961s][info][gc             ] GC(1473) Pause Young (Allocation Failure) 1227M->745M(1979M) 439.432ms
[1000.961s][info][gc,cpu         ] GC(1473) User=0.42s Sys=0.00s Real=0.44s
[1001.391s][info][gc,start       ] GC(1474) Pause Young (Allocation Failure)
[1001.681s][info][gc,heap        ] GC(1474) DefNew: 629120K(629120K)->58943K(629120K) Eden: 559232K(559232K)->0K(559232K) From: 69888K(69888K)->58943K(69888K)
[1001.681s][info][gc,heap        ] GC(1474) Tenured: 693390K(1398144K)->728483K(1398144K)
[1001.681s][info][gc,metaspace   ] GC(1474) Metaspace: 23187K(23552K)->23187K(23552K) NonClass: 20388K(20608K)->20388K(20608K) Class: 2798K(2944K)->2798K(2944K)
[1001.681s][info][gc             ] GC(1474) Pause Young (Allocation Failure) 1291M->768M(1979M) 289.856ms
[1001.681s][info][gc,cpu         ] GC(1474) User=0.30s Sys=0.00s Real=0.30s
[1001.934s][info][gc,start       ] GC(1475) Pause Young (Allocation Failure)
[1002.262s][info][gc,heap        ] GC(1475) DefNew: 618175K(629120K)->69458K(629120K) Eden: 559232K(559232K)->0K(559232K) From: 58943K(69888K)->69458K(69888K)
[1002.262s][info][gc,heap        ] GC(1475) Tenured: 728483K(1398144K)->763933K(1398144K)
[1002.262s][info][gc,metaspace   ] GC(1475) Metaspace: 23187K(23552K)->23187K(23552K) NonClass: 20388K(20608K)->20388K(20608K) Class: 2798K(2944K)->2798K(2944K)
[1002.262s][info][gc             ] GC(1475) Pause Young (Allocation Failure) 1315M->813M(1979M) 327.789ms
[1002.262s][info][gc,cpu         ] GC(1475) User=0.33s Sys=0.00s Real=0.33s
[1002.407s][info][gc,start       ] GC(1476) Pause Young (Allocation Failure)
[1002.879s][info][gc,heap        ] GC(1476) DefNew: 628690K(629120K)->69888K(629120K) Eden: 559232K(559232K)->0K(559232K) From: 69458K(69888K)->69888K(69888K)
[1002.879s][info][gc,heap        ] GC(1476) Tenured: 763933K(1398144K)->828964K(1398144K)
[1002.879s][info][gc,metaspace   ] GC(1476) Metaspace: 23187K(23552K)->23187K(23552K) NonClass: 20388K(20608K)->20388K(20608K) Class: 2798K(2944K)->2798K(2944K)
[1002.879s][info][gc             ] GC(1476) Pause Young (Allocation Failure) 1359M->877M(1979M) 471.891ms
[1002.879s][info][gc,cpu         ] GC(1476) User=0.44s Sys=0.00s Real=0.47s
[1003.473s][info][gc,start       ] GC(1477) Pause Young (Allocation Failure)
[1003.745s][info][gc,heap        ] GC(1477) DefNew: 629120K(629120K)->50273K(629120K) Eden: 559232K(559232K)->0K(559232K) From: 69888K(69888K)->50273K(69888K)
[1003.745s][info][gc,heap        ] GC(1477) Tenured: 828964K(1398144K)->864407K(1398144K)
[1003.745s][info][gc,metaspace   ] GC(1477) Metaspace: 23187K(23552K)->23187K(23552K) NonClass: 20388K(20608K)->20388K(20608K) Class: 2798K(2944K)->2798K(2944K)
[1003.745s][info][gc             ] GC(1477) Pause Young (Allocation Failure) 1423M->893M(1979M) 272.760ms
[1003.745s][info][gc,cpu         ] GC(1477) User=0.23s Sys=0.00s Real=0.27s
[1003.899s][info][gc,start       ] GC(1478) Pause Young (Allocation Failure)
[1004.322s][info][gc,heap        ] GC(1478) DefNew: 609505K(629120K)->69888K(629120K) Eden: 559232K(559232K)->0K(559232K) From: 50273K(69888K)->69888K(69888K)
[1004.322s][info][gc,heap        ] GC(1478) Tenured: 864407K(1398144K)->917586K(1398144K)
[1004.322s][info][gc,metaspace   ] GC(1478) Metaspace: 23187K(23552K)->23187K(23552K) NonClass: 20388K(20608K)->20388K(20608K) Class: 2798K(2944K)->2798K(2944K)
[1004.322s][info][gc             ] GC(1478) Pause Young (Allocation Failure) 1439M->964M(1979M) 422.802ms
[1004.322s][info][gc,cpu         ] GC(1478) User=0.42s Sys=0.00s Real=0.42s
[1004.572s][info][gc,start       ] GC(1479) Pause Young (Allocation Failure)
[1005.021s][info][gc,heap        ] GC(1479) DefNew: 629120K(629120K)->69887K(629120K) Eden: 559232K(559232K)->0K(559232K) From: 69888K(69888K)->69887K(69888K)
[1005.021s][info][gc,heap        ] GC(1479) Tenured: 917586K(1398144K)->963925K(1398144K)
[1005.021s][info][gc,metaspace   ] GC(1479) Metaspace: 23187K(23552K)->23187K(23552K) NonClass: 20388K(20608K)->20388K(20608K) Class: 2798K(2944K)->2798K(2944K)
[1005.022s][info][gc             ] GC(1479) Pause Young (Allocation Failure) 1510M->1009M(1979M) 449.213ms
[1005.022s][info][gc,cpu         ] GC(1479) User=0.44s Sys=0.00s Real=0.45s
[1005.452s][info][gc,start       ] GC(1480) Pause Young (Allocation Failure)
[1005.766s][info][gc,heap        ] GC(1480) DefNew: 629119K(629120K)->62051K(629120K) Eden: 559232K(559232K)->0K(559232K) From: 69887K(69888K)->62051K(69888K)
[1005.767s][info][gc,heap        ] GC(1480) Tenured: 963925K(1398144K)->998648K(1398144K)
[1005.767s][info][gc,metaspace   ] GC(1480) Metaspace: 23187K(23552K)->23187K(23552K) NonClass: 20388K(20608K)->20388K(20608K) Class: 2798K(2944K)->2798K(2944K)
[1005.767s][info][gc             ] GC(1480) Pause Young (Allocation Failure) 1555M->1035M(1979M) 315.049ms
[1005.767s][info][gc,cpu         ] GC(1480) User=0.28s Sys=0.00s Real=0.31s
[1005.922s][info][gc,start       ] GC(1481) Pause Young (Allocation Failure)
[1006.384s][info][gc,heap        ] GC(1481) DefNew: 621283K(629120K)->69888K(629120K) Eden: 559232K(559232K)->0K(559232K) From: 62051K(69888K)->69888K(69888K)
[1006.384s][info][gc,heap        ] GC(1481) Tenured: 998648K(1398144K)->1060932K(1398144K)
[1006.384s][info][gc,metaspace   ] GC(1481) Metaspace: 23187K(23552K)->23187K(23552K) NonClass: 20388K(20608K)->20388K(20608K) Class: 2798K(2944K)->2798K(2944K)
[1006.384s][info][gc             ] GC(1481) Pause Young (Allocation Failure) 1581M->1104M(1979M) 461.313ms
[1006.384s][info][gc,cpu         ] GC(1481) User=0.47s Sys=0.00s Real=0.45s
[1006.920s][info][gc,start       ] GC(1482) Pause Young (Allocation Failure)
[1007.167s][info][gc,heap        ] GC(1482) DefNew: 629120K(629120K)->41247K(629120K) Eden: 559232K(559232K)->0K(559232K) From: 69888K(69888K)->41247K(69888K)
[1007.167s][info][gc,heap        ] GC(1482) Tenured: 1060932K(1398144K)->1097132K(1398144K)
[1007.167s][info][gc,metaspace   ] GC(1482) Metaspace: 23187K(23552K)->23187K(23552K) NonClass: 20388K(20608K)->20388K(20608K) Class: 2798K(2944K)->2798K(2944K)
[1007.167s][info][gc             ] GC(1482) Pause Young (Allocation Failure) 1650M->1111M(1979M) 246.475ms
[1007.167s][info][gc,cpu         ] GC(1482) User=0.27s Sys=0.00s Real=0.25s
[1007.308s][info][gc,start       ] GC(1483) Pause Young (Allocation Failure)
[1007.668s][info][gc,heap        ] GC(1483) DefNew: 600479K(629120K)->69887K(629120K) Eden: 559232K(559232K)->0K(559232K) From: 41247K(69888K)->69887K(69888K)
[1007.668s][info][gc,heap        ] GC(1483) Tenured: 1097132K(1398144K)->1136093K(1398144K)
[1007.668s][info][gc,metaspace   ] GC(1483) Metaspace: 23187K(23552K)->23187K(23552K) NonClass: 20388K(20608K)->20388K(20608K) Class: 2798K(2944K)->2798K(2944K)
[1007.668s][info][gc             ] GC(1483) Pause Young (Allocation Failure) 1657M->1177M(1979M) 360.528ms
[1007.668s][info][gc,cpu         ] GC(1483) User=0.31s Sys=0.00s Real=0.36s
[1007.829s][info][gc,start       ] GC(1484) Pause Young (Allocation Failure)
[1008.315s][info][gc,heap        ] GC(1484) DefNew: 629119K(629120K)->69888K(629120K) Eden: 559232K(559232K)->0K(559232K) From: 69887K(69888K)->69888K(69888K)
[1008.315s][info][gc,heap        ] GC(1484) Tenured: 1136093K(1398144K)->1206904K(1398144K)
[1008.315s][info][gc,metaspace   ] GC(1484) Metaspace: 23187K(23552K)->23187K(23552K) NonClass: 20388K(20608K)->20388K(20608K) Class: 2798K(2944K)->2798K(2944K)
[1008.315s][info][gc             ] GC(1484) Pause Young (Allocation Failure) 1723M->1246M(1979M) 486.001ms
[1008.315s][info][gc,cpu         ] GC(1484) User=0.47s Sys=0.00s Real=0.49s
[1008.839s][info][gc,start       ] GC(1485) Pause Young (Allocation Failure)
[1009.162s][info][gc,heap        ] GC(1485) DefNew: 629120K(629120K)->60322K(629120K) Eden: 559232K(559232K)->0K(559232K) From: 69888K(69888K)->60322K(69888K)
[1009.162s][info][gc,heap        ] GC(1485) Tenured: 1206904K(1398144K)->1239999K(1398144K)
[1009.162s][info][gc,metaspace   ] GC(1485) Metaspace: 23187K(23552K)->23187K(23552K) NonClass: 20388K(20608K)->20388K(20608K) Class: 2798K(2944K)->2798K(2944K)
[1009.162s][info][gc             ] GC(1485) Pause Young (Allocation Failure) 1792M->1269M(1979M) 323.053ms
[1009.162s][info][gc,cpu         ] GC(1485) User=0.30s Sys=0.00s Real=0.31s
[1009.307s][info][gc,start       ] GC(1486) Pause Young (Allocation Failure)
[1009.751s][info][gc,heap        ] GC(1486) DefNew: 619554K(629120K)->69888K(629120K) Eden: 559232K(559232K)->0K(559232K) From: 60322K(69888K)->69888K(69888K)
[1009.751s][info][gc,heap        ] GC(1486) Tenured: 1239999K(1398144K)->1296420K(1398144K)
[1009.751s][info][gc,metaspace   ] GC(1486) Metaspace: 23187K(23552K)->23187K(23552K) NonClass: 20388K(20608K)->20388K(20608K) Class: 2798K(2944K)->2798K(2944K)
[1009.751s][info][gc             ] GC(1486) Pause Young (Allocation Failure) 1815M->1334M(1979M) 443.748ms
[1009.751s][info][gc,cpu         ] GC(1486) User=0.41s Sys=0.00s Real=0.46s
[1010.142s][info][gc,start       ] GC(1487) Pause Young (Allocation Failure)
[1010.444s][info][gc,heap        ] GC(1487) DefNew: 629120K(629120K)->63174K(629120K) Eden: 559232K(559232K)->0K(559232K) From: 69888K(69888K)->63174K(69888K)
[1010.444s][info][gc,heap        ] GC(1487) Tenured: 1296420K(1398144K)->1331843K(1398144K)
[1010.444s][info][gc,metaspace   ] GC(1487) Metaspace: 23187K(23552K)->23187K(23552K) NonClass: 20388K(20608K)->20388K(20608K) Class: 2798K(2944K)->2798K(2944K)
[1010.444s][info][gc             ] GC(1487) Pause Young (Allocation Failure) 1880M->1362M(1979M) 301.484ms
[1010.444s][info][gc,cpu         ] GC(1487) User=0.31s Sys=0.00s Real=0.30s
[1010.610s][info][gc,start       ] GC(1488) Pause Full (System.gc())
[1010.610s][info][gc,phases,start] GC(1488) Phase 1: Mark live objects
[1010.779s][info][gc,phases      ] GC(1488) Phase 1: Mark live objects 168.193ms
[1010.779s][info][gc,phases,start] GC(1488) Phase 2: Compute new object addresses
[1011.000s][info][gc,phases      ] GC(1488) Phase 2: Compute new object addresses 221.157ms
[1011.000s][info][gc,phases,start] GC(1488) Phase 3: Adjust pointers
[1011.072s][info][gc,phases      ] GC(1488) Phase 3: Adjust pointers 71.946ms
[1011.072s][info][gc,phases,start] GC(1488) Phase 4: Move objects
[1011.100s][info][gc,phases      ] GC(1488) Phase 4: Move objects 28.569ms
[1011.101s][info][gc,heap        ] GC(1488) DefNew: 192000K(629120K)->0K(629120K) Eden: 128825K(559232K)->0K(559232K) From: 63174K(69888K)->0K(69888K)
[1011.101s][info][gc,heap        ] GC(1488) Tenured: 1331843K(1398144K)->168483K(1398144K)
[1011.101s][info][gc,metaspace   ] GC(1488) Metaspace: 23187K(23552K)->23187K(23552K) NonClass: 20388K(20608K)->20388K(20608K) Class: 2798K(2944K)->2798K(2944K)
[1011.101s][info][gc             ] GC(1488) Pause Full (System.gc()) 1488M->164M(1979M) 490.536ms
[1011.101s][info][gc,cpu         ] GC(1488) User=0.48s Sys=0.00s Real=0.50s
[1011.279s][info][gc,start       ] GC(1489) Pause Young (Allocation Failure)
[1011.596s][info][gc,heap        ] GC(1489) DefNew: 559232K(629120K)->69888K(629120K) Eden: 559232K(559232K)->0K(559232K) From: 0K(69888K)->69888K(69888K)
[1011.596s][info][gc,heap        ] GC(1489) Tenured: 168483K(1398144K)->180401K(1398144K)
[1011.596s][info][gc,metaspace   ] GC(1489) Metaspace: 23187K(23552K)->23187K(23552K) NonClass: 20388K(20608K)->20388K(20608K) Class: 2798K(2944K)->2798K(2944K)
[1011.596s][info][gc             ] GC(1489) Pause Young (Allocation Failure) 710M->244M(1979M) 317.147ms
[1011.596s][info][gc,cpu         ] GC(1489) User=0.33s Sys=0.00s Real=0.31s
[1011.748s][info][gc,start       ] GC(1490) Pause Young (Allocation Failure)
[1012.245s][info][gc,heap        ] GC(1490) DefNew: 629120K(629120K)->69888K(629120K) Eden: 559232K(559232K)->0K(559232K) From: 69888K(69888K)->69888K(69888K)
[1012.245s][info][gc,heap        ] GC(1490) Tenured: 180401K(1398144K)->251277K(1398144K)
[1012.245s][info][gc,metaspace   ] GC(1490) Metaspace: 23187K(23552K)->23187K(23552K) NonClass: 20388K(20608K)->20388K(20608K) Class: 2798K(2944K)->2798K(2944K)
[1012.245s][info][gc             ] GC(1490) Pause Young (Allocation Failure) 790M->313M(1979M) 497.050ms
[1012.245s][info][gc,cpu         ] GC(1490) User=0.47s Sys=0.00s Real=0.50s
[1012.725s][info][gc,start       ] GC(1491) Pause Young (Allocation Failure)
[1013.055s][info][gc,heap        ] GC(1491) DefNew: 629120K(629120K)->60045K(629120K) Eden: 559232K(559232K)->0K(559232K) From: 69888K(69888K)->60045K(69888K)
[1013.055s][info][gc,heap        ] GC(1491) Tenured: 251277K(1398144K)->287694K(1398144K)
[1013.055s][info][gc,metaspace   ] GC(1491) Metaspace: 23187K(23552K)->23187K(23552K) NonClass: 20388K(20608K)->20388K(20608K) Class: 2798K(2944K)->2798K(2944K)
[1013.056s][info][gc             ] GC(1491) Pause Young (Allocation Failure) 859M->339M(1979M) 330.888ms
[1013.056s][info][gc,cpu         ] GC(1491) User=0.28s Sys=0.00s Real=0.33s
[1013.200s][info][gc,start       ] GC(1492) Pause Young (Allocation Failure)
[1013.662s][info][gc,heap        ] GC(1492) DefNew: 619277K(629120K)->69888K(629120K) Eden: 559232K(559232K)->0K(559232K) From: 60045K(69888K)->69888K(69888K)
[1013.662s][info][gc,heap        ] GC(1492) Tenured: 287694K(1398144K)->346051K(1398144K)
[1013.662s][info][gc,metaspace   ] GC(1492) Metaspace: 23187K(23552K)->23187K(23552K) NonClass: 20388K(20608K)->20388K(20608K) Class: 2798K(2944K)->2798K(2944K)
[1013.662s][info][gc             ] GC(1492) Pause Young (Allocation Failure) 885M->406M(1979M) 462.431ms
[1013.663s][info][gc,cpu         ] GC(1492) User=0.44s Sys=0.00s Real=0.47s
[1014.158s][info][gc,start       ] GC(1493) Pause Young (Allocation Failure)
[1014.432s][info][gc,heap        ] GC(1493) DefNew: 629120K(629120K)->54605K(629120K) Eden: 559232K(559232K)->0K(559232K) From: 69888K(69888K)->54605K(69888K)
[1014.432s][info][gc,heap        ] GC(1493) Tenured: 346051K(1398144K)->380666K(1398144K)
[1014.432s][info][gc,metaspace   ] GC(1493) Metaspace: 23187K(23552K)->23187K(23552K) NonClass: 20388K(20608K)->20388K(20608K) Class: 2798K(2944K)->2798K(2944K)
[1014.432s][info][gc             ] GC(1493) Pause Young (Allocation Failure) 952M->425M(1979M) 273.865ms
[1014.432s][info][gc,cpu         ] GC(1493) User=0.28s Sys=0.00s Real=0.28s
[1014.646s][info][gc,start       ] GC(1494) Pause Young (Allocation Failure)
[1014.992s][info][gc,heap        ] GC(1494) DefNew: 613837K(629120K)->69888K(629120K) Eden: 559232K(559232K)->0K(559232K) From: 54605K(69888K)->69888K(69888K)
[1014.992s][info][gc,heap        ] GC(1494) Tenured: 380666K(1398144K)->420960K(1398144K)
[1014.992s][info][gc,metaspace   ] GC(1494) Metaspace: 23188K(23552K)->23188K(23552K) NonClass: 20390K(20608K)->20390K(20608K) Class: 2798K(2944K)->2798K(2944K)
[1014.992s][info][gc             ] GC(1494) Pause Young (Allocation Failure) 971M->479M(1979M) 345.699ms
[1014.992s][info][gc,cpu         ] GC(1494) User=0.33s Sys=0.00s Real=0.34s
[1015.146s][info][gc,start       ] GC(1495) Pause Young (Allocation Failure)
[1015.617s][info][gc,heap        ] GC(1495) DefNew: 629120K(629120K)->69888K(629120K) Eden: 559232K(559232K)->0K(559232K) From: 69888K(69888K)->69888K(69888K)
[1015.617s][info][gc,heap        ] GC(1495) Tenured: 420960K(1398144K)->485514K(1398144K)
[1015.617s][info][gc,metaspace   ] GC(1495) Metaspace: 23188K(23552K)->23188K(23552K) NonClass: 20390K(20608K)->20390K(20608K) Class: 2798K(2944K)->2798K(2944K)
[1015.617s][info][gc             ] GC(1495) Pause Young (Allocation Failure) 1025M->542M(1979M) 471.101ms
[1015.617s][info][gc,cpu         ] GC(1495) User=0.41s Sys=0.00s Real=0.47s
[1016.201s][info][gc,start       ] GC(1496) Pause Young (Allocation Failure)
[1016.498s][info][gc,heap        ] GC(1496) DefNew: 629120K(629120K)->54700K(629120K) Eden: 559232K(559232K)->0K(559232K) From: 69888K(69888K)->54700K(69888K)
[1016.499s][info][gc,heap        ] GC(1496) Tenured: 485514K(1398144K)->521720K(1398144K)
[1016.499s][info][gc,metaspace   ] GC(1496) Metaspace: 23188K(23552K)->23188K(23552K) NonClass: 20390K(20608K)->20390K(20608K) Class: 2798K(2944K)->2798K(2944K)
[1016.499s][info][gc             ] GC(1496) Pause Young (Allocation Failure) 1088M->562M(1979M) 297.468ms
[1016.499s][info][gc,cpu         ] GC(1496) User=0.27s Sys=0.00s Real=0.30s
[1016.646s][info][gc,start       ] GC(1497) Pause Young (Allocation Failure)
[1017.074s][info][gc,heap        ] GC(1497) DefNew: 613932K(629120K)->69888K(629120K) Eden: 559232K(559232K)->0K(559232K) From: 54700K(69888K)->69888K(69888K)
[1017.074s][info][gc,heap        ] GC(1497) Tenured: 521720K(1398144K)->575545K(1398144K)
[1017.074s][info][gc,metaspace   ] GC(1497) Metaspace: 23188K(23552K)->23188K(23552K) NonClass: 20390K(20608K)->20390K(20608K) Class: 2798K(2944K)->2798K(2944K)
[1017.074s][info][gc             ] GC(1497) Pause Young (Allocation Failure) 1109M->630M(1979M) 428.112ms
[1017.074s][info][gc,cpu         ] GC(1497) User=0.44s Sys=0.00s Real=0.42s
[1017.391s][info][gc,start       ] GC(1498) Pause Young (Allocation Failure)
[1017.773s][info][gc,heap        ] GC(1498) DefNew: 629120K(629120K)->69888K(629120K) Eden: 559232K(559232K)->0K(559232K) From: 69888K(69888K)->69888K(69888K)
[1017.773s][info][gc,heap        ] GC(1498) Tenured: 575545K(1398144K)->612476K(1398144K)
[1017.773s][info][gc,metaspace   ] GC(1498) Metaspace: 23188K(23552K)->23188K(23552K) NonClass: 20390K(20608K)->20390K(20608K) Class: 2798K(2944K)->2798K(2944K)
[1017.773s][info][gc             ] GC(1498) Pause Young (Allocation Failure) 1176M->666M(1979M) 382.162ms
[1017.773s][info][gc,cpu         ] GC(1498) User=0.38s Sys=0.00s Real=0.39s
[1018.106s][info][gc,start       ] GC(1499) Pause Young (Allocation Failure)
[1018.437s][info][gc,heap        ] GC(1499) DefNew: 629120K(629120K)->61847K(629120K) Eden: 559232K(559232K)->0K(559232K) From: 69888K(69888K)->61847K(69888K)
[1018.437s][info][gc,heap        ] GC(1499) Tenured: 612476K(1398144K)->650615K(1398144K)
[1018.437s][info][gc,metaspace   ] GC(1499) Metaspace: 23188K(23552K)->23188K(23552K) NonClass: 20390K(20608K)->20390K(20608K) Class: 2798K(2944K)->2798K(2944K)
[1018.437s][info][gc             ] GC(1499) Pause Young (Allocation Failure) 1212M->695M(1979M) 331.052ms
[1018.437s][info][gc,cpu         ] GC(1499) User=0.27s Sys=0.00s Real=0.33s
[1018.587s][info][gc,start       ] GC(1500) Pause Young (Allocation Failure)
[1019.048s][info][gc,heap        ] GC(1500) DefNew: 621079K(629120K)->69888K(629120K) Eden: 559232K(559232K)->0K(559232K) From: 61847K(69888K)->69888K(69888K)
[1019.048s][info][gc,heap        ] GC(1500) Tenured: 650615K(1398144K)->709720K(1398144K)
[1019.048s][info][gc,metaspace   ] GC(1500) Metaspace: 23188K(23552K)->23188K(23552K) NonClass: 20390K(20608K)->20390K(20608K) Class: 2798K(2944K)->2798K(2944K)
[1019.048s][info][gc             ] GC(1500) Pause Young (Allocation Failure) 1241M->761M(1979M) 460.529ms
[1019.048s][info][gc,cpu         ] GC(1500) User=0.44s Sys=0.00s Real=0.47s
[1019.647s][info][gc,start       ] GC(1501) Pause Young (Allocation Failure)
[1019.911s][info][gc,heap        ] GC(1501) DefNew: 629120K(629120K)->44459K(629120K) Eden: 559232K(559232K)->0K(559232K) From: 69888K(69888K)->44459K(69888K)
[1019.911s][info][gc,heap        ] GC(1501) Tenured: 709720K(1398144K)->746185K(1398144K)
[1019.911s][info][gc,metaspace   ] GC(1501) Metaspace: 23188K(23552K)->23188K(23552K) NonClass: 20390K(20608K)->20390K(20608K) Class: 2798K(2944K)->2798K(2944K)
[1019.912s][info][gc             ] GC(1501) Pause Young (Allocation Failure) 1307M->772M(1979M) 264.026ms
[1019.912s][info][gc,cpu         ] GC(1501) User=0.22s Sys=0.00s Real=0.25s
[1020.061s][info][gc,start       ] GC(1502) Pause Young (Allocation Failure)
[1020.459s][info][gc,heap        ] GC(1502) DefNew: 603691K(629120K)->69888K(629120K) Eden: 559232K(559232K)->0K(559232K) From: 44459K(69888K)->69888K(69888K)
[1020.459s][info][gc,heap        ] GC(1502) Tenured: 746185K(1398144K)->795496K(1398144K)
[1020.459s][info][gc,metaspace   ] GC(1502) Metaspace: 23188K(23552K)->23188K(23552K) NonClass: 20390K(20608K)->20390K(20608K) Class: 2798K(2944K)->2798K(2944K)
[1020.459s][info][gc             ] GC(1502) Pause Young (Allocation Failure) 1318M->845M(1979M) 397.642ms
[1020.459s][info][gc,cpu         ] GC(1502) User=0.42s Sys=0.00s Real=0.40s
[1020.643s][info][gc,start       ] GC(1503) Pause Young (Allocation Failure)
[1021.151s][info][gc,heap        ] GC(1503) DefNew: 629120K(629120K)->69888K(629120K) Eden: 559232K(559232K)->0K(559232K) From: 69888K(69888K)->69888K(69888K)
[1021.151s][info][gc,heap        ] GC(1503) Tenured: 795496K(1398144K)->862429K(1398144K)
[1021.151s][info][gc,metaspace   ] GC(1503) Metaspace: 23188K(23552K)->23188K(23552K) NonClass: 20390K(20608K)->20390K(20608K) Class: 2798K(2944K)->2798K(2944K)
[1021.151s][info][gc             ] GC(1503) Pause Young (Allocation Failure) 1391M->910M(1979M) 507.644ms
[1021.151s][info][gc,cpu         ] GC(1503) User=0.50s Sys=0.00s Real=0.50s
[1021.621s][info][gc,start       ] GC(1504) Pause Young (Allocation Failure)
[1021.950s][info][gc,heap        ] GC(1504) DefNew: 629120K(629120K)->62530K(629120K) Eden: 559232K(559232K)->0K(559232K) From: 69888K(69888K)->62530K(69888K)
[1021.950s][info][gc,heap        ] GC(1504) Tenured: 862429K(1398144K)->895811K(1398144K)
[1021.950s][info][gc,metaspace   ] GC(1504) Metaspace: 23188K(23552K)->23188K(23552K) NonClass: 20390K(20608K)->20390K(20608K) Class: 2798K(2944K)->2798K(2944K)
[1021.950s][info][gc             ] GC(1504) Pause Young (Allocation Failure) 1456M->935M(1979M) 328.405ms
[1021.950s][info][gc,cpu         ] GC(1504) User=0.31s Sys=0.00s Real=0.31s
[1022.099s][info][gc,start       ] GC(1505) Pause Young (Allocation Failure)
[1022.552s][info][gc,heap        ] GC(1505) DefNew: 621762K(629120K)->69888K(629120K) Eden: 559232K(559232K)->0K(559232K) From: 62530K(69888K)->69888K(69888K)
[1022.552s][info][gc,heap        ] GC(1505) Tenured: 895811K(1398144K)->956283K(1398144K)
[1022.552s][info][gc,metaspace   ] GC(1505) Metaspace: 23188K(23552K)->23188K(23552K) NonClass: 20390K(20608K)->20390K(20608K) Class: 2798K(2944K)->2798K(2944K)
[1022.552s][info][gc             ] GC(1505) Pause Young (Allocation Failure) 1482M->1002M(1979M) 453.406ms
[1022.552s][info][gc,cpu         ] GC(1505) User=0.45s Sys=0.00s Real=0.46s
[1023.060s][info][gc,start       ] GC(1506) Pause Young (Allocation Failure)
[1023.320s][info][gc,heap        ] GC(1506) DefNew: 629120K(629120K)->48420K(629120K) Eden: 559232K(559232K)->0K(559232K) From: 69888K(69888K)->48420K(69888K)
[1023.320s][info][gc,heap        ] GC(1506) Tenured: 956283K(1398144K)->992016K(1398144K)
[1023.320s][info][gc,metaspace   ] GC(1506) Metaspace: 23188K(23552K)->23188K(23552K) NonClass: 20390K(20608K)->20390K(20608K) Class: 2798K(2944K)->2798K(2944K)
[1023.320s][info][gc             ] GC(1506) Pause Young (Allocation Failure) 1548M->1016M(1979M) 260.091ms
[1023.320s][info][gc,cpu         ] GC(1506) User=0.22s Sys=0.00s Real=0.27s
[1023.516s][info][gc,start       ] GC(1507) Pause Young (Allocation Failure)
[1023.862s][info][gc,heap        ] GC(1507) DefNew: 607652K(629120K)->69887K(629120K) Eden: 559232K(559232K)->0K(559232K) From: 48420K(69888K)->69887K(69888K)
[1023.862s][info][gc,heap        ] GC(1507) Tenured: 992016K(1398144K)->1031964K(1398144K)
[1023.862s][info][gc,metaspace   ] GC(1507) Metaspace: 23188K(23552K)->23188K(23552K) NonClass: 20390K(20608K)->20390K(20608K) Class: 2798K(2944K)->2798K(2944K)
[1023.862s][info][gc             ] GC(1507) Pause Young (Allocation Failure) 1562M->1076M(1979M) 345.842ms
[1023.862s][info][gc,cpu         ] GC(1507) User=0.31s Sys=0.00s Real=0.35s
[1024.011s][info][gc,start       ] GC(1508) Pause Young (Allocation Failure)
[1024.488s][info][gc,heap        ] GC(1508) DefNew: 629119K(629120K)->69888K(629120K) Eden: 559232K(559232K)->0K(559232K) From: 69887K(69888K)->69888K(69888K)
[1024.488s][info][gc,heap        ] GC(1508) Tenured: 1031964K(1398144K)->1097472K(1398144K)
[1024.488s][info][gc,metaspace   ] GC(1508) Metaspace: 23188K(23552K)->23188K(23552K) NonClass: 20390K(20608K)->20390K(20608K) Class: 2798K(2944K)->2798K(2944K)
[1024.488s][info][gc             ] GC(1508) Pause Young (Allocation Failure) 1622M->1140M(1979M) 476.919ms
[1024.488s][info][gc,cpu         ] GC(1508) User=0.45s Sys=0.00s Real=0.49s
[1025.040s][info][gc,start       ] GC(1509) Pause Young (Allocation Failure)
[1025.329s][info][gc,heap        ] GC(1509) DefNew: 629120K(629120K)->50921K(629120K) Eden: 559232K(559232K)->0K(559232K) From: 69888K(69888K)->50921K(69888K)
[1025.329s][info][gc,heap        ] GC(1509) Tenured: 1097472K(1398144K)->1132639K(1398144K)
[1025.329s][info][gc,metaspace   ] GC(1509) Metaspace: 23188K(23552K)->23188K(23552K) NonClass: 20390K(20608K)->20390K(20608K) Class: 2798K(2944K)->2798K(2944K)
[1025.329s][info][gc             ] GC(1509) Pause Young (Allocation Failure) 1686M->1155M(1979M) 288.536ms
[1025.329s][info][gc,cpu         ] GC(1509) User=0.28s Sys=0.00s Real=0.28s
[1025.477s][info][gc,start       ] GC(1510) Pause Young (Allocation Failure)
[1025.910s][info][gc,heap        ] GC(1510) DefNew: 610153K(629120K)->69888K(629120K) Eden: 559232K(559232K)->0K(559232K) From: 50921K(69888K)->69888K(69888K)
[1025.910s][info][gc,heap        ] GC(1510) Tenured: 1132639K(1398144K)->1182122K(1398144K)
[1025.910s][info][gc,metaspace   ] GC(1510) Metaspace: 23188K(23552K)->23188K(23552K) NonClass: 20390K(20608K)->20390K(20608K) Class: 2798K(2944K)->2798K(2944K)
[1025.911s][info][gc             ] GC(1510) Pause Young (Allocation Failure) 1701M->1222M(1979M) 433.899ms
[1025.911s][info][gc,cpu         ] GC(1510) User=0.39s Sys=0.00s Real=0.43s
[1026.266s][info][gc,start       ] GC(1511) Pause Young (Allocation Failure)
[1026.659s][info][gc,heap        ] GC(1511) DefNew: 629120K(629120K)->69887K(629120K) Eden: 559232K(559232K)->0K(559232K) From: 69888K(69888K)->69887K(69888K)
[1026.659s][info][gc,heap        ] GC(1511) Tenured: 1182122K(1398144K)->1223277K(1398144K)
[1026.660s][info][gc,metaspace   ] GC(1511) Metaspace: 23188K(23552K)->23188K(23552K) NonClass: 20390K(20608K)->20390K(20608K) Class: 2798K(2944K)->2798K(2944K)
[1026.660s][info][gc             ] GC(1511) Pause Young (Allocation Failure) 1768M->1262M(1979M) 393.599ms
[1026.660s][info][gc,cpu         ] GC(1511) User=0.38s Sys=0.00s Real=0.39s
[1027.019s][info][gc,start       ] GC(1512) Pause Young (Allocation Failure)
[1027.333s][info][gc,heap        ] GC(1512) DefNew: 629119K(629120K)->61408K(629120K) Eden: 559232K(559232K)->0K(559232K) From: 69887K(69888K)->61408K(69888K)
[1027.333s][info][gc,heap        ] GC(1512) Tenured: 1223277K(1398144K)->1262154K(1398144K)
[1027.333s][info][gc,metaspace   ] GC(1512) Metaspace: 23188K(23552K)->23188K(23552K) NonClass: 20390K(20608K)->20390K(20608K) Class: 2798K(2944K)->2798K(2944K)
[1027.333s][info][gc             ] GC(1512) Pause Young (Allocation Failure) 1808M->1292M(1979M) 313.445ms
[1027.333s][info][gc,cpu         ] GC(1512) User=0.30s Sys=0.00s Real=0.31s
[1027.483s][info][gc,start       ] GC(1513) Pause Young (Allocation Failure)
[1027.956s][info][gc,heap        ] GC(1513) DefNew: 620640K(629120K)->69888K(629120K) Eden: 559232K(559232K)->0K(559232K) From: 61408K(69888K)->69888K(69888K)
[1027.956s][info][gc,heap        ] GC(1513) Tenured: 1262154K(1398144K)->1325201K(1398144K)
[1027.956s][info][gc,metaspace   ] GC(1513) Metaspace: 23188K(23552K)->23188K(23552K) NonClass: 20390K(20608K)->20390K(20608K) Class: 2798K(2944K)->2798K(2944K)
[1027.956s][info][gc             ] GC(1513) Pause Young (Allocation Failure) 1838M->1362M(1979M) 472.363ms
[1027.956s][info][gc,cpu         ] GC(1513) User=0.45s Sys=0.00s Real=0.47s
[1028.519s][info][gc,start       ] GC(1514) Pause Full (System.gc())
[1028.519s][info][gc,phases,start] GC(1514) Phase 1: Mark live objects
[1028.696s][info][gc,phases      ] GC(1514) Phase 1: Mark live objects 177.334ms
[1028.696s][info][gc,phases,start] GC(1514) Phase 2: Compute new object addresses
[1028.979s][info][gc,phases      ] GC(1514) Phase 2: Compute new object addresses 283.264ms
[1028.979s][info][gc,phases,start] GC(1514) Phase 3: Adjust pointers
[1029.091s][info][gc,phases      ] GC(1514) Phase 3: Adjust pointers 111.855ms
[1029.091s][info][gc,phases,start] GC(1514) Phase 4: Move objects
[1029.146s][info][gc,phases      ] GC(1514) Phase 4: Move objects 54.430ms
[1029.146s][info][gc,heap        ] GC(1514) DefNew: 587604K(629120K)->0K(629120K) Eden: 517716K(559232K)->0K(559232K) From: 69888K(69888K)->0K(69888K)
[1029.146s][info][gc,heap        ] GC(1514) Tenured: 1325201K(1398144K)->168525K(1398144K)
[1029.146s][info][gc,metaspace   ] GC(1514) Metaspace: 23188K(23552K)->23188K(23552K) NonClass: 20390K(20608K)->20390K(20608K) Class: 2798K(2944K)->2798K(2944K)
[1029.146s][info][gc             ] GC(1514) Pause Full (System.gc()) 1867M->164M(1979M) 627.537ms
[1029.146s][info][gc,cpu         ] GC(1514) User=0.61s Sys=0.00s Real=0.63s
[1029.307s][info][gc,start       ] GC(1515) Pause Young (Allocation Failure)
[1029.616s][info][gc,heap        ] GC(1515) DefNew: 559232K(629120K)->69887K(629120K) Eden: 559232K(559232K)->0K(559232K) From: 0K(69888K)->69887K(69888K)
[1029.616s][info][gc,heap        ] GC(1515) Tenured: 168525K(1398144K)->174902K(1398144K)
[1029.616s][info][gc,metaspace   ] GC(1515) Metaspace: 23188K(23552K)->23188K(23552K) NonClass: 20390K(20608K)->20390K(20608K) Class: 2798K(2944K)->2798K(2944K)
[1029.616s][info][gc             ] GC(1515) Pause Young (Allocation Failure) 710M->239M(1979M) 308.981ms
[1029.616s][info][gc,cpu         ] GC(1515) User=0.33s Sys=0.00s Real=0.31s
[1029.769s][info][gc,start       ] GC(1516) Pause Young (Allocation Failure)
[1030.250s][info][gc,heap        ] GC(1516) DefNew: 629119K(629120K)->69888K(629120K) Eden: 559232K(559232K)->0K(559232K) From: 69887K(69888K)->69888K(69888K)
[1030.250s][info][gc,heap        ] GC(1516) Tenured: 174902K(1398144K)->241607K(1398144K)
[1030.250s][info][gc,metaspace   ] GC(1516) Metaspace: 23188K(23552K)->23188K(23552K) NonClass: 20390K(20608K)->20390K(20608K) Class: 2798K(2944K)->2798K(2944K)
[1030.250s][info][gc             ] GC(1516) Pause Young (Allocation Failure) 785M->304M(1979M) 480.322ms
[1030.250s][info][gc,cpu         ] GC(1516) User=0.50s Sys=0.00s Real=0.49s
[1030.780s][info][gc,start       ] GC(1517) Pause Young (Allocation Failure)
[1031.096s][info][gc,heap        ] GC(1517) DefNew: 629120K(629120K)->60539K(629120K) Eden: 559232K(559232K)->0K(559232K) From: 69888K(69888K)->60539K(69888K)
[1031.096s][info][gc,heap        ] GC(1517) Tenured: 241607K(1398144K)->278051K(1398144K)
[1031.096s][info][gc,metaspace   ] GC(1517) Metaspace: 23188K(23552K)->23188K(23552K) NonClass: 20390K(20608K)->20390K(20608K) Class: 2798K(2944K)->2798K(2944K)
[1031.096s][info][gc             ] GC(1517) Pause Young (Allocation Failure) 850M->330M(1979M) 316.597ms
[1031.096s][info][gc,cpu         ] GC(1517) User=0.30s Sys=0.00s Real=0.32s
[1031.227s][info][gc,start       ] GC(1518) Pause Young (Allocation Failure)
[1031.650s][info][gc,heap        ] GC(1518) DefNew: 619771K(629120K)->69887K(629120K) Eden: 559232K(559232K)->0K(559232K) From: 60539K(69888K)->69887K(69888K)
[1031.650s][info][gc,heap        ] GC(1518) Tenured: 278051K(1398144K)->330076K(1398144K)
[1031.650s][info][gc,metaspace   ] GC(1518) Metaspace: 23188K(23552K)->23188K(23552K) NonClass: 20390K(20608K)->20390K(20608K) Class: 2798K(2944K)->2798K(2944K)
[1031.650s][info][gc             ] GC(1518) Pause Young (Allocation Failure) 876M->390M(1979M) 422.950ms
[1031.650s][info][gc,cpu         ] GC(1518) User=0.30s Sys=0.05s Real=0.41s
[1031.994s][info][gc,start       ] GC(1519) Pause Young (Allocation Failure)
[1032.378s][info][gc,heap        ] GC(1519) DefNew: 629119K(629120K)->67763K(629120K) Eden: 559232K(559232K)->0K(559232K) From: 69887K(69888K)->67763K(69888K)
[1032.378s][info][gc,heap        ] GC(1519) Tenured: 330076K(1398144K)->370981K(1398144K)
[1032.378s][info][gc,metaspace   ] GC(1519) Metaspace: 23188K(23552K)->23188K(23552K) NonClass: 20390K(20608K)->20390K(20608K) Class: 2798K(2944K)->2798K(2944K)
[1032.378s][info][gc             ] GC(1519) Pause Young (Allocation Failure) 936M->428M(1979M) 384.034ms
[1032.378s][info][gc,cpu         ] GC(1519) User=0.38s Sys=0.00s Real=0.39s
[1032.784s][info][gc,start       ] GC(1520) Pause Young (Allocation Failure)
[1033.097s][info][gc,heap        ] GC(1520) DefNew: 626995K(629120K)->61049K(629120K) Eden: 559232K(559232K)->0K(559232K) From: 67763K(69888K)->61049K(69888K)
[1033.097s][info][gc,heap        ] GC(1520) Tenured: 370981K(1398144K)->406294K(1398144K)
[1033.097s][info][gc,metaspace   ] GC(1520) Metaspace: 23188K(23552K)->23188K(23552K) NonClass: 20390K(20608K)->20390K(20608K) Class: 2798K(2944K)->2798K(2944K)
[1033.097s][info][gc             ] GC(1520) Pause Young (Allocation Failure) 974M->456M(1979M) 313.861ms
[1033.097s][info][gc,cpu         ] GC(1520) User=0.30s Sys=0.00s Real=0.30s
[1033.250s][info][gc,start       ] GC(1521) Pause Young (Allocation Failure)
[1033.709s][info][gc,heap        ] GC(1521) DefNew: 620281K(629120K)->69887K(629120K) Eden: 559232K(559232K)->0K(559232K) From: 61049K(69888K)->69887K(69888K)
[1033.709s][info][gc,heap        ] GC(1521) Tenured: 406294K(1398144K)->466196K(1398144K)
[1033.709s][info][gc,metaspace   ] GC(1521) Metaspace: 23188K(23552K)->23188K(23552K) NonClass: 20390K(20608K)->20390K(20608K) Class: 2798K(2944K)->2798K(2944K)
[1033.709s][info][gc             ] GC(1521) Pause Young (Allocation Failure) 1002M->523M(1979M) 459.367ms
[1033.710s][info][gc,cpu         ] GC(1521) User=0.41s Sys=0.00s Real=0.46s
[1034.307s][info][gc,start       ] GC(1522) Pause Young (Allocation Failure)
[1034.541s][info][gc,heap        ] GC(1522) DefNew: 629119K(629120K)->39219K(629120K) Eden: 559232K(559232K)->0K(559232K) From: 69887K(69888K)->39219K(69888K)
[1034.541s][info][gc,heap        ] GC(1522) Tenured: 466196K(1398144K)->502372K(1398144K)
[1034.541s][info][gc,metaspace   ] GC(1522) Metaspace: 23188K(23552K)->23188K(23552K) NonClass: 20390K(20608K)->20390K(20608K) Class: 2798K(2944K)->2798K(2944K)
[1034.541s][info][gc             ] GC(1522) Pause Young (Allocation Failure) 1069M->528M(1979M) 234.261ms
[1034.541s][info][gc,cpu         ] GC(1522) User=0.19s Sys=0.00s Real=0.24s
[1034.692s][info][gc,start       ] GC(1523) Pause Young (Allocation Failure)
[1035.068s][info][gc,heap        ] GC(1523) DefNew: 598451K(629120K)->69888K(629120K) Eden: 559232K(559232K)->0K(559232K) From: 39219K(69888K)->69888K(69888K)
[1035.068s][info][gc,heap        ] GC(1523) Tenured: 502372K(1398144K)->546124K(1398144K)
[1035.068s][info][gc,metaspace   ] GC(1523) Metaspace: 23188K(23552K)->23188K(23552K) NonClass: 20390K(20608K)->20390K(20608K) Class: 2798K(2944K)->2798K(2944K)
[1035.068s][info][gc             ] GC(1523) Pause Young (Allocation Failure) 1075M->601M(1979M) 375.730ms
[1035.068s][info][gc,cpu         ] GC(1523) User=0.36s Sys=0.00s Real=0.37s
[1035.222s][info][gc,start       ] GC(1524) Pause Young (Allocation Failure)
[1035.697s][info][gc,heap        ] GC(1524) DefNew: 629120K(629120K)->69887K(629120K) Eden: 559232K(559232K)->0K(559232K) From: 69888K(69888K)->69887K(69888K)
[1035.697s][info][gc,heap        ] GC(1524) Tenured: 546124K(1398144K)->612305K(1398144K)
[1035.697s][info][gc,metaspace   ] GC(1524) Metaspace: 23188K(23552K)->23188K(23552K) NonClass: 20390K(20608K)->20390K(20608K) Class: 2798K(2944K)->2798K(2944K)
[1035.697s][info][gc             ] GC(1524) Pause Young (Allocation Failure) 1147M->666M(1979M) 475.559ms
[1035.697s][info][gc,cpu         ] GC(1524) User=0.48s Sys=0.00s Real=0.48s
[1036.234s][info][gc,start       ] GC(1525) Pause Young (Allocation Failure)
[1036.530s][info][gc,heap        ] GC(1525) DefNew: 629119K(629120K)->58645K(629120K) Eden: 559232K(559232K)->0K(559232K) From: 69887K(69888K)->58645K(69888K)
[1036.530s][info][gc,heap        ] GC(1525) Tenured: 612305K(1398144K)->647389K(1398144K)
[1036.530s][info][gc,metaspace   ] GC(1525) Metaspace: 23188K(23552K)->23188K(23552K) NonClass: 20390K(20608K)->20390K(20608K) Class: 2798K(2944K)->2798K(2944K)
[1036.530s][info][gc             ] GC(1525) Pause Young (Allocation Failure) 1212M->689M(1979M) 296.127ms
[1036.530s][info][gc,cpu         ] GC(1525) User=0.28s Sys=0.00s Real=0.30s
[1036.667s][info][gc,start       ] GC(1526) Pause Young (Allocation Failure)
[1037.089s][info][gc,heap        ] GC(1526) DefNew: 617877K(629120K)->69066K(629120K) Eden: 559232K(559232K)->0K(559232K) From: 58645K(69888K)->69066K(69888K)
[1037.089s][info][gc,heap        ] GC(1526) Tenured: 647389K(1398144K)->699813K(1398144K)
[1037.089s][info][gc,metaspace   ] GC(1526) Metaspace: 23188K(23552K)->23188K(23552K) NonClass: 20390K(20608K)->20390K(20608K) Class: 2798K(2944K)->2798K(2944K)
[1037.089s][info][gc             ] GC(1526) Pause Young (Allocation Failure) 1235M->750M(1979M) 422.167ms
[1037.089s][info][gc,cpu         ] GC(1526) User=0.41s Sys=0.00s Real=0.41s
[1037.415s][info][gc,start       ] GC(1527) Pause Young (Allocation Failure)
[1037.769s][info][gc,heap        ] GC(1527) DefNew: 628298K(629120K)->68221K(629120K) Eden: 559232K(559232K)->0K(559232K) From: 69066K(69888K)->68221K(69888K)
[1037.769s][info][gc,heap        ] GC(1527) Tenured: 699813K(1398144K)->740274K(1398144K)
[1037.769s][info][gc,metaspace   ] GC(1527) Metaspace: 23188K(23552K)->23188K(23552K) NonClass: 20390K(20608K)->20390K(20608K) Class: 2798K(2944K)->2798K(2944K)
[1037.769s][info][gc             ] GC(1527) Pause Young (Allocation Failure) 1296M->789M(1979M) 354.527ms
[1037.769s][info][gc,cpu         ] GC(1527) User=0.34s Sys=0.00s Real=0.36s
[1038.160s][info][gc,start       ] GC(1528) Pause Young (Allocation Failure)
[1038.465s][info][gc,heap        ] GC(1528) DefNew: 627453K(629120K)->65296K(629120K) Eden: 559232K(559232K)->0K(559232K) From: 68221K(69888K)->65296K(69888K)
[1038.465s][info][gc,heap        ] GC(1528) Tenured: 740274K(1398144K)->776024K(1398144K)
[1038.465s][info][gc,metaspace   ] GC(1528) Metaspace: 23188K(23552K)->23188K(23552K) NonClass: 20390K(20608K)->20390K(20608K) Class: 2798K(2944K)->2798K(2944K)
[1038.465s][info][gc             ] GC(1528) Pause Young (Allocation Failure) 1335M->821M(1979M) 305.117ms
[1038.465s][info][gc,cpu         ] GC(1528) User=0.31s Sys=0.00s Real=0.30s
[1038.617s][info][gc,start       ] GC(1529) Pause Young (Allocation Failure)
[1039.089s][info][gc,heap        ] GC(1529) DefNew: 624528K(629120K)->69888K(629120K) Eden: 559232K(559232K)->0K(559232K) From: 65296K(69888K)->69888K(69888K)
[1039.089s][info][gc,heap        ] GC(1529) Tenured: 776024K(1398144K)->843042K(1398144K)
[1039.089s][info][gc,metaspace   ] GC(1529) Metaspace: 23188K(23552K)->23188K(23552K) NonClass: 20390K(20608K)->20390K(20608K) Class: 2798K(2944K)->2798K(2944K)
[1039.089s][info][gc             ] GC(1529) Pause Young (Allocation Failure) 1367M->891M(1979M) 471.987ms
[1039.089s][info][gc,cpu         ] GC(1529) User=0.45s Sys=0.00s Real=0.47s
[1039.594s][info][gc,start       ] GC(1530) Pause Young (Allocation Failure)
[1039.859s][info][gc,heap        ] GC(1530) DefNew: 629120K(629120K)->44945K(629120K) Eden: 559232K(559232K)->0K(559232K) From: 69888K(69888K)->44945K(69888K)
[1039.859s][info][gc,heap        ] GC(1530) Tenured: 843042K(1398144K)->879327K(1398144K)
[1039.859s][info][gc,metaspace   ] GC(1530) Metaspace: 23188K(23552K)->23188K(23552K) NonClass: 20390K(20608K)->20390K(20608K) Class: 2798K(2944K)->2798K(2944K)
[1039.859s][info][gc             ] GC(1530) Pause Young (Allocation Failure) 1437M->902M(1979M) 264.708ms
[1039.859s][info][gc,cpu         ] GC(1530) User=0.27s Sys=0.00s Real=0.25s
[1039.997s][info][gc,start       ] GC(1531) Pause Young (Allocation Failure)
[1040.385s][info][gc,heap        ] GC(1531) DefNew: 604177K(629120K)->69888K(629120K) Eden: 559232K(559232K)->0K(559232K) From: 44945K(69888K)->69888K(69888K)
[1040.386s][info][gc,heap        ] GC(1531) Tenured: 879327K(1398144K)->922006K(1398144K)
[1040.386s][info][gc,metaspace   ] GC(1531) Metaspace: 23188K(23552K)->23188K(23552K) NonClass: 20390K(20608K)->20390K(20608K) Class: 2798K(2944K)->2798K(2944K)
[1040.386s][info][gc             ] GC(1531) Pause Young (Allocation Failure) 1448M->968M(1979M) 388.700ms
[1040.386s][info][gc,cpu         ] GC(1531) User=0.36s Sys=0.00s Real=0.39s
[1040.552s][info][gc,start       ] GC(1532) Pause Young (Allocation Failure)
[1041.046s][info][gc,heap        ] GC(1532) DefNew: 629120K(629120K)->69888K(629120K) Eden: 559232K(559232K)->0K(559232K) From: 69888K(69888K)->69888K(69888K)
[1041.046s][info][gc,heap        ] GC(1532) Tenured: 922006K(1398144K)->990670K(1398144K)
[1041.046s][info][gc,metaspace   ] GC(1532) Metaspace: 23188K(23552K)->23188K(23552K) NonClass: 20390K(20608K)->20390K(20608K) Class: 2798K(2944K)->2798K(2944K)
[1041.046s][info][gc             ] GC(1532) Pause Young (Allocation Failure) 1514M->1035M(1979M) 494.564ms
[1041.046s][info][gc,cpu         ] GC(1532) User=0.47s Sys=0.00s Real=0.49s
[1041.615s][info][gc,start       ] GC(1533) Pause Young (Allocation Failure)
[1041.934s][info][gc,heap        ] GC(1533) DefNew: 629120K(629120K)->61349K(629120K) Eden: 559232K(559232K)->0K(559232K) From: 69888K(69888K)->61349K(69888K)
[1041.934s][info][gc,heap        ] GC(1533) Tenured: 990670K(1398144K)->1026032K(1398144K)
[1041.934s][info][gc,metaspace   ] GC(1533) Metaspace: 23188K(23552K)->23188K(23552K) NonClass: 20390K(20608K)->20390K(20608K) Class: 2798K(2944K)->2798K(2944K)
[1041.934s][info][gc             ] GC(1533) Pause Young (Allocation Failure) 1581M->1061M(1979M) 318.498ms
[1041.934s][info][gc,cpu         ] GC(1533) User=0.31s Sys=0.00s Real=0.31s
[1042.088s][info][gc,start       ] GC(1534) Pause Young (Allocation Failure)
[1042.531s][info][gc,heap        ] GC(1534) DefNew: 620581K(629120K)->69888K(629120K) Eden: 559232K(559232K)->0K(559232K) From: 61349K(69888K)->69888K(69888K)
[1042.531s][info][gc,heap        ] GC(1534) Tenured: 1026032K(1398144K)->1085970K(1398144K)
[1042.532s][info][gc,metaspace   ] GC(1534) Metaspace: 23188K(23552K)->23188K(23552K) NonClass: 20390K(20608K)->20390K(20608K) Class: 2798K(2944K)->2798K(2944K)
[1042.532s][info][gc             ] GC(1534) Pause Young (Allocation Failure) 1608M->1128M(1979M) 444.014ms
[1042.532s][info][gc,cpu         ] GC(1534) User=0.41s Sys=0.00s Real=0.44s
[1042.977s][info][gc,start       ] GC(1535) Pause Young (Allocation Failure)
[1043.269s][info][gc,heap        ] GC(1535) DefNew: 629120K(629120K)->58950K(629120K) Eden: 559232K(559232K)->0K(559232K) From: 69888K(69888K)->58950K(69888K)
[1043.269s][info][gc,heap        ] GC(1535) Tenured: 1085970K(1398144K)->1122720K(1398144K)
[1043.269s][info][gc,metaspace   ] GC(1535) Metaspace: 23188K(23552K)->23188K(23552K) NonClass: 20390K(20608K)->20390K(20608K) Class: 2798K(2944K)->2798K(2944K)
[1043.270s][info][gc             ] GC(1535) Pause Young (Allocation Failure) 1674M->1153M(1979M) 292.610ms
[1043.270s][info][gc,cpu         ] GC(1535) User=0.27s Sys=0.00s Real=0.28s
[1043.543s][info][gc,start       ] GC(1536) Pause Young (Allocation Failure)
[1043.874s][info][gc,heap        ] GC(1536) DefNew: 618182K(629120K)->69888K(629120K) Eden: 559232K(559232K)->0K(559232K) From: 58950K(69888K)->69888K(69888K)
[1043.874s][info][gc,heap        ] GC(1536) Tenured: 1122720K(1398144K)->1159661K(1398144K)
[1043.874s][info][gc,metaspace   ] GC(1536) Metaspace: 23188K(23552K)->23188K(23552K) NonClass: 20390K(20608K)->20390K(20608K) Class: 2798K(2944K)->2798K(2944K)
[1043.874s][info][gc             ] GC(1536) Pause Young (Allocation Failure) 1700M->1200M(1979M) 331.327ms
[1043.874s][info][gc,cpu         ] GC(1536) User=0.33s Sys=0.00s Real=0.33s
[1044.030s][info][gc,start       ] GC(1537) Pause Young (Allocation Failure)
[1044.525s][info][gc,heap        ] GC(1537) DefNew: 629120K(629120K)->69888K(629120K) Eden: 559232K(559232K)->0K(559232K) From: 69888K(69888K)->69888K(69888K)
[1044.525s][info][gc,heap        ] GC(1537) Tenured: 1159661K(1398144K)->1231005K(1398144K)
[1044.525s][info][gc,metaspace   ] GC(1537) Metaspace: 23188K(23552K)->23188K(23552K) NonClass: 20390K(20608K)->20390K(20608K) Class: 2798K(2944K)->2798K(2944K)
[1044.525s][info][gc             ] GC(1537) Pause Young (Allocation Failure) 1746M->1270M(1979M) 494.714ms
[1044.525s][info][gc,cpu         ] GC(1537) User=0.47s Sys=0.00s Real=0.50s
[1045.075s][info][gc,start       ] GC(1538) Pause Young (Allocation Failure)
[1045.368s][info][gc,heap        ] GC(1538) DefNew: 629120K(629120K)->54555K(629120K) Eden: 559232K(559232K)->0K(559232K) From: 69888K(69888K)->54555K(69888K)
[1045.368s][info][gc,heap        ] GC(1538) Tenured: 1231005K(1398144K)->1266555K(1398144K)
[1045.368s][info][gc,metaspace   ] GC(1538) Metaspace: 23188K(23552K)->23188K(23552K) NonClass: 20390K(20608K)->20390K(20608K) Class: 2798K(2944K)->2798K(2944K)
[1045.368s][info][gc             ] GC(1538) Pause Young (Allocation Failure) 1816M->1290M(1979M) 292.683ms
[1045.368s][info][gc,cpu         ] GC(1538) User=0.31s Sys=0.00s Real=0.30s
[1045.513s][info][gc,start       ] GC(1539) Pause Young (Allocation Failure)
[1045.933s][info][gc,heap        ] GC(1539) DefNew: 613787K(629120K)->69887K(629120K) Eden: 559232K(559232K)->0K(559232K) From: 54555K(69888K)->69887K(69888K)
[1045.933s][info][gc,heap        ] GC(1539) Tenured: 1266555K(1398144K)->1319747K(1398144K)
[1045.933s][info][gc,metaspace   ] GC(1539) Metaspace: 23188K(23552K)->23188K(23552K) NonClass: 20390K(20608K)->20390K(20608K) Class: 2798K(2944K)->2798K(2944K)
[1045.933s][info][gc             ] GC(1539) Pause Young (Allocation Failure) 1836M->1357M(1979M) 420.014ms
[1045.933s][info][gc,cpu         ] GC(1539) User=0.39s Sys=0.00s Real=0.41s
[1046.224s][info][gc,start       ] GC(1540) Pause Young (Allocation Failure)
[1046.224s][info][gc             ] GC(1540) Pause Young (Allocation Failure) 1903M->1903M(1979M) 0.077ms
[1046.224s][info][gc,cpu         ] GC(1540) User=0.00s Sys=0.00s Real=0.00s
[1046.224s][info][gc,start       ] GC(1541) Pause Full (Allocation Failure)
[1046.224s][info][gc,phases,start] GC(1541) Phase 1: Mark live objects
[1046.530s][info][gc,phases      ] GC(1541) Phase 1: Mark live objects 305.744ms
[1046.530s][info][gc,phases,start] GC(1541) Phase 2: Compute new object addresses
[1046.829s][info][gc,phases      ] GC(1541) Phase 2: Compute new object addresses 298.777ms
[1046.829s][info][gc,phases,start] GC(1541) Phase 3: Adjust pointers
[1047.007s][info][gc,phases      ] GC(1541) Phase 3: Adjust pointers 177.823ms
[1047.007s][info][gc,phases,start] GC(1541) Phase 4: Move objects
[1047.101s][info][gc,phases      ] GC(1541) Phase 4: Move objects 94.006ms
[1047.101s][info][gc,heap        ] GC(1541) DefNew: 629119K(629120K)->0K(629120K) Eden: 559232K(559232K)->0K(559232K) From: 69887K(69888K)->0K(69888K)
[1047.101s][info][gc,heap        ] GC(1541) Tenured: 1319747K(1398144K)->192803K(1398144K)
[1047.101s][info][gc,metaspace   ] GC(1541) Metaspace: 23188K(23552K)->23188K(23552K) NonClass: 20390K(20608K)->20390K(20608K) Class: 2798K(2944K)->2798K(2944K)
[1047.101s][info][gc             ] GC(1541) Pause Full (Allocation Failure) 1903M->188M(1979M) 876.915ms
[1047.101s][info][gc,cpu         ] GC(1541) User=0.86s Sys=0.00s Real=0.88s
[1047.348s][info][gc,start       ] GC(1542) Pause Full (System.gc())
[1047.349s][info][gc,phases,start] GC(1542) Phase 1: Mark live objects
[1047.494s][info][gc,phases      ] GC(1542) Phase 1: Mark live objects 145.673ms
[1047.494s][info][gc,phases,start] GC(1542) Phase 2: Compute new object addresses
[1047.560s][info][gc,phases      ] GC(1542) Phase 2: Compute new object addresses 65.734ms
[1047.560s][info][gc,phases,start] GC(1542) Phase 3: Adjust pointers
[1047.650s][info][gc,phases      ] GC(1542) Phase 3: Adjust pointers 89.911ms
[1047.650s][info][gc,phases,start] GC(1542) Phase 4: Move objects
[1047.678s][info][gc,phases      ] GC(1542) Phase 4: Move objects 28.021ms
[1047.678s][info][gc,heap        ] GC(1542) DefNew: 190280K(629120K)->0K(629120K) Eden: 190280K(559232K)->0K(559232K) From: 0K(69888K)->0K(69888K)
[1047.678s][info][gc,heap        ] GC(1542) Tenured: 192803K(1398144K)->174716K(1398144K)
[1047.678s][info][gc,metaspace   ] GC(1542) Metaspace: 23188K(23552K)->23188K(23552K) NonClass: 20390K(20608K)->20390K(20608K) Class: 2798K(2944K)->2798K(2944K)
[1047.678s][info][gc             ] GC(1542) Pause Full (System.gc()) 374M->170M(1979M) 329.725ms
[1047.678s][info][gc,cpu         ] GC(1542) User=0.33s Sys=0.00s Real=0.33s
[1047.844s][info][gc,start       ] GC(1543) Pause Young (Allocation Failure)
[1048.167s][info][gc,heap        ] GC(1543) DefNew: 559232K(629120K)->69888K(629120K) Eden: 559232K(559232K)->0K(559232K) From: 0K(69888K)->69888K(69888K)
[1048.167s][info][gc,heap        ] GC(1543) Tenured: 174716K(1398144K)->183876K(1398144K)
[1048.167s][info][gc,metaspace   ] GC(1543) Metaspace: 23188K(23552K)->23188K(23552K) NonClass: 20390K(20608K)->20390K(20608K) Class: 2798K(2944K)->2798K(2944K)
[1048.167s][info][gc             ] GC(1543) Pause Young (Allocation Failure) 716M->247M(1979M) 322.686ms
[1048.167s][info][gc,cpu         ] GC(1543) User=0.33s Sys=0.00s Real=0.33s
[1048.324s][info][gc,start       ] GC(1544) Pause Young (Allocation Failure)
[1048.815s][info][gc,heap        ] GC(1544) DefNew: 629120K(629120K)->69887K(629120K) Eden: 559232K(559232K)->0K(559232K) From: 69888K(69888K)->69887K(69888K)
[1048.815s][info][gc,heap        ] GC(1544) Tenured: 183876K(1398144K)->252527K(1398144K)
[1048.815s][info][gc,metaspace   ] GC(1544) Metaspace: 23188K(23552K)->23188K(23552K) NonClass: 20390K(20608K)->20390K(20608K) Class: 2798K(2944K)->2798K(2944K)
[1048.815s][info][gc             ] GC(1544) Pause Young (Allocation Failure) 793M->314M(1979M) 490.941ms
[1048.815s][info][gc,cpu         ] GC(1544) User=0.39s Sys=0.03s Real=0.48s
[1049.295s][info][gc,start       ] GC(1545) Pause Young (Allocation Failure)
[1049.613s][info][gc,heap        ] GC(1545) DefNew: 629119K(629120K)->60623K(629120K) Eden: 559232K(559232K)->0K(559232K) From: 69887K(69888K)->60623K(69888K)
[1049.613s][info][gc,heap        ] GC(1545) Tenured: 252527K(1398144K)->288690K(1398144K)
[1049.613s][info][gc,metaspace   ] GC(1545) Metaspace: 23188K(23552K)->23188K(23552K) NonClass: 20390K(20608K)->20390K(20608K) Class: 2798K(2944K)->2798K(2944K)
[1049.613s][info][gc             ] GC(1545) Pause Young (Allocation Failure) 860M->341M(1979M) 318.100ms
[1049.613s][info][gc,cpu         ] GC(1545) User=0.28s Sys=0.00s Real=0.31s
[1049.768s][info][gc,start       ] GC(1546) Pause Young (Allocation Failure)
[1050.218s][info][gc,heap        ] GC(1546) DefNew: 619855K(629120K)->69888K(629120K) Eden: 559232K(559232K)->0K(559232K) From: 60623K(69888K)->69888K(69888K)
[1050.218s][info][gc,heap        ] GC(1546) Tenured: 288690K(1398144K)->349654K(1398144K)
[1050.218s][info][gc,metaspace   ] GC(1546) Metaspace: 23188K(23552K)->23188K(23552K) NonClass: 20390K(20608K)->20390K(20608K) Class: 2798K(2944K)->2798K(2944K)
[1050.218s][info][gc             ] GC(1546) Pause Young (Allocation Failure) 887M->409M(1979M) 449.991ms
[1050.218s][info][gc,cpu         ] GC(1546) User=0.45s Sys=0.00s Real=0.44s
[1050.625s][info][gc,start       ] GC(1547) Pause Young (Allocation Failure)
[1050.924s][info][gc,heap        ] GC(1547) DefNew: 629120K(629120K)->59456K(629120K) Eden: 559232K(559232K)->0K(559232K) From: 69888K(69888K)->59456K(69888K)
[1050.925s][info][gc,heap        ] GC(1547) Tenured: 349654K(1398144K)->384999K(1398144K)
[1050.925s][info][gc,metaspace   ] GC(1547) Metaspace: 23188K(23552K)->23188K(23552K) NonClass: 20390K(20608K)->20390K(20608K) Class: 2798K(2944K)->2798K(2944K)
[1050.925s][info][gc             ] GC(1547) Pause Young (Allocation Failure) 955M->434M(1979M) 299.876ms
[1050.925s][info][gc,cpu         ] GC(1547) User=0.25s Sys=0.00s Real=0.30s
[1051.187s][info][gc,start       ] GC(1548) Pause Young (Allocation Failure)
[1051.499s][info][gc,heap        ] GC(1548) DefNew: 618688K(629120K)->64975K(629120K) Eden: 559232K(559232K)->0K(559232K) From: 59456K(69888K)->64975K(69888K)
[1051.500s][info][gc,heap        ] GC(1548) Tenured: 384999K(1398144K)->420632K(1398144K)
[1051.500s][info][gc,metaspace   ] GC(1548) Metaspace: 23188K(23552K)->23188K(23552K) NonClass: 20390K(20608K)->20390K(20608K) Class: 2798K(2944K)->2798K(2944K)
[1051.500s][info][gc             ] GC(1548) Pause Young (Allocation Failure) 980M->474M(1979M) 312.153ms
[1051.500s][info][gc,cpu         ] GC(1548) User=0.31s Sys=0.00s Real=0.31s
[1051.640s][info][gc,start       ] GC(1549) Pause Young (Allocation Failure)
[1052.095s][info][gc,heap        ] GC(1549) DefNew: 624207K(629120K)->69887K(629120K) Eden: 559232K(559232K)->0K(559232K) From: 64975K(69888K)->69887K(69888K)
[1052.095s][info][gc,heap        ] GC(1549) Tenured: 420632K(1398144K)->479738K(1398144K)
[1052.095s][info][gc,metaspace   ] GC(1549) Metaspace: 23188K(23552K)->23188K(23552K) NonClass: 20390K(20608K)->20390K(20608K) Class: 2798K(2944K)->2798K(2944K)
[1052.095s][info][gc             ] GC(1549) Pause Young (Allocation Failure) 1020M->536M(1979M) 455.761ms
[1052.095s][info][gc,cpu         ] GC(1549) User=0.44s Sys=0.00s Real=0.46s
[1052.737s][info][gc,start       ] GC(1550) Pause Young (Allocation Failure)
[1052.998s][info][gc,heap        ] GC(1550) DefNew: 629119K(629120K)->45621K(629120K) Eden: 559232K(559232K)->0K(559232K) From: 69887K(69888K)->45621K(69888K)
[1052.998s][info][gc,heap        ] GC(1550) Tenured: 479738K(1398144K)->513577K(1398144K)
[1052.998s][info][gc,metaspace   ] GC(1550) Metaspace: 23188K(23552K)->23188K(23552K) NonClass: 20390K(20608K)->20390K(20608K) Class: 2798K(2944K)->2798K(2944K)
[1052.998s][info][gc             ] GC(1550) Pause Young (Allocation Failure) 1082M->546M(1979M) 260.932ms
[1052.998s][info][gc,cpu         ] GC(1550) User=0.28s Sys=0.00s Real=0.26s
[1053.144s][info][gc,start       ] GC(1551) Pause Young (Allocation Failure)
[1053.529s][info][gc,heap        ] GC(1551) DefNew: 604853K(629120K)->69887K(629120K) Eden: 559232K(559232K)->0K(559232K) From: 45621K(69888K)->69887K(69888K)
[1053.529s][info][gc,heap        ] GC(1551) Tenured: 513577K(1398144K)->558604K(1398144K)
[1053.529s][info][gc,metaspace   ] GC(1551) Metaspace: 23188K(23552K)->23188K(23552K) NonClass: 20390K(20608K)->20390K(20608K) Class: 2798K(2944K)->2798K(2944K)
[1053.529s][info][gc             ] GC(1551) Pause Young (Allocation Failure) 1092M->613M(1979M) 385.150ms
[1053.529s][info][gc,cpu         ] GC(1551) User=0.31s Sys=0.00s Real=0.39s
[1053.683s][info][gc,start       ] GC(1552) Pause Young (Allocation Failure)
[1054.159s][info][gc,heap        ] GC(1552) DefNew: 629119K(629120K)->69887K(629120K) Eden: 559232K(559232K)->0K(559232K) From: 69887K(69888K)->69887K(69888K)
[1054.159s][info][gc,heap        ] GC(1552) Tenured: 558604K(1398144K)->624566K(1398144K)
[1054.159s][info][gc,metaspace   ] GC(1552) Metaspace: 23188K(23552K)->23188K(23552K) NonClass: 20390K(20608K)->20390K(20608K) Class: 2798K(2944K)->2798K(2944K)
[1054.159s][info][gc             ] GC(1552) Pause Young (Allocation Failure) 1159M->678M(1979M) 476.068ms
[1054.159s][info][gc,cpu         ] GC(1552) User=0.42s Sys=0.00s Real=0.47s
[1054.667s][info][gc,start       ] GC(1553) Pause Young (Allocation Failure)
[1054.981s][info][gc,heap        ] GC(1553) DefNew: 629119K(629120K)->60169K(629120K) Eden: 559232K(559232K)->0K(559232K) From: 69887K(69888K)->60169K(69888K)
[1054.981s][info][gc,heap        ] GC(1553) Tenured: 624566K(1398144K)->659224K(1398144K)
[1054.981s][info][gc,metaspace   ] GC(1553) Metaspace: 23188K(23552K)->23188K(23552K) NonClass: 20390K(20608K)->20390K(20608K) Class: 2798K(2944K)->2798K(2944K)
[1054.981s][info][gc             ] GC(1553) Pause Young (Allocation Failure) 1224M->702M(1979M) 314.464ms
[1054.981s][info][gc,cpu         ] GC(1553) User=0.31s Sys=0.00s Real=0.31s
[1055.134s][info][gc,start       ] GC(1554) Pause Young (Allocation Failure)
[1055.583s][info][gc,heap        ] GC(1554) DefNew: 619401K(629120K)->69888K(629120K) Eden: 559232K(559232K)->0K(559232K) From: 60169K(69888K)->69888K(69888K)
[1055.583s][info][gc,heap        ] GC(1554) Tenured: 659224K(1398144K)->719014K(1398144K)
[1055.583s][info][gc,metaspace   ] GC(1554) Metaspace: 23188K(23552K)->23188K(23552K) NonClass: 20390K(20608K)->20390K(20608K) Class: 2798K(2944K)->2798K(2944K)
[1055.583s][info][gc             ] GC(1554) Pause Young (Allocation Failure) 1248M->770M(1979M) 448.851ms
[1055.583s][info][gc,cpu         ] GC(1554) User=0.42s Sys=0.00s Real=0.45s
[1056.033s][info][gc,start       ] GC(1555) Pause Young (Allocation Failure)
[1056.329s][info][gc,heap        ] GC(1555) DefNew: 629120K(629120K)->60343K(629120K) Eden: 559232K(559232K)->0K(559232K) From: 69888K(69888K)->60343K(69888K)
[1056.329s][info][gc,heap        ] GC(1555) Tenured: 719014K(1398144K)->753884K(1398144K)
[1056.329s][info][gc,metaspace   ] GC(1555) Metaspace: 23188K(23552K)->23188K(23552K) NonClass: 20390K(20608K)->20390K(20608K) Class: 2798K(2944K)->2798K(2944K)
[1056.329s][info][gc             ] GC(1555) Pause Young (Allocation Failure) 1316M->795M(1979M) 296.011ms
[1056.329s][info][gc,cpu         ] GC(1555) User=0.27s Sys=0.00s Real=0.28s
[1056.615s][info][gc,start       ] GC(1556) Pause Young (Allocation Failure)
[1056.949s][info][gc,heap        ] GC(1556) DefNew: 619575K(629120K)->69887K(629120K) Eden: 559232K(559232K)->0K(559232K) From: 60343K(69888K)->69887K(69888K)
[1056.949s][info][gc,heap        ] GC(1556) Tenured: 753884K(1398144K)->790140K(1398144K)
[1056.949s][info][gc,metaspace   ] GC(1556) Metaspace: 23188K(23552K)->23188K(23552K) NonClass: 20390K(20608K)->20390K(20608K) Class: 2798K(2944K)->2798K(2944K)
[1056.949s][info][gc             ] GC(1556) Pause Young (Allocation Failure) 1341M->839M(1979M) 334.456ms
[1056.949s][info][gc,cpu         ] GC(1556) User=0.27s Sys=0.00s Real=0.35s
[1057.099s][info][gc,start       ] GC(1557) Pause Young (Allocation Failure)
[1057.580s][info][gc,heap        ] GC(1557) DefNew: 629119K(629120K)->69888K(629120K) Eden: 559232K(559232K)->0K(559232K) From: 69887K(69888K)->69888K(69888K)
[1057.580s][info][gc,heap        ] GC(1557) Tenured: 790140K(1398144K)->857697K(1398144K)
[1057.580s][info][gc,metaspace   ] GC(1557) Metaspace: 23188K(23552K)->23188K(23552K) NonClass: 20390K(20608K)->20390K(20608K) Class: 2798K(2944K)->2798K(2944K)
[1057.580s][info][gc             ] GC(1557) Pause Young (Allocation Failure) 1385M->905M(1979M) 480.605ms
[1057.580s][info][gc,cpu         ] GC(1557) User=0.48s Sys=0.00s Real=0.49s
[1058.194s][info][gc,start       ] GC(1558) Pause Young (Allocation Failure)
[1058.478s][info][gc,heap        ] GC(1558) DefNew: 629120K(629120K)->52214K(629120K) Eden: 559232K(559232K)->0K(559232K) From: 69888K(69888K)->52214K(69888K)
[1058.479s][info][gc,heap        ] GC(1558) Tenured: 857697K(1398144K)->891669K(1398144K)
[1058.479s][info][gc,metaspace   ] GC(1558) Metaspace: 23188K(23552K)->23188K(23552K) NonClass: 20390K(20608K)->20390K(20608K) Class: 2798K(2944K)->2798K(2944K)
[1058.479s][info][gc             ] GC(1558) Pause Young (Allocation Failure) 1451M->921M(1979M) 284.941ms
[1058.479s][info][gc,cpu         ] GC(1558) User=0.30s Sys=0.00s Real=0.28s
[1058.618s][info][gc,start       ] GC(1559) Pause Young (Allocation Failure)
[1059.030s][info][gc,heap        ] GC(1559) DefNew: 611446K(629120K)->69888K(629120K) Eden: 559232K(559232K)->0K(559232K) From: 52214K(69888K)->69888K(69888K)
[1059.030s][info][gc,heap        ] GC(1559) Tenured: 891669K(1398144K)->939838K(1398144K)
[1059.030s][info][gc,metaspace   ] GC(1559) Metaspace: 23188K(23552K)->23188K(23552K) NonClass: 20390K(20608K)->20390K(20608K) Class: 2798K(2944K)->2798K(2944K)
[1059.030s][info][gc             ] GC(1559) Pause Young (Allocation Failure) 1467M->986M(1979M) 411.276ms
[1059.030s][info][gc,cpu         ] GC(1559) User=0.39s Sys=0.00s Real=0.41s
[1059.240s][info][gc,start       ] GC(1560) Pause Young (Allocation Failure)
[1059.712s][info][gc,heap        ] GC(1560) DefNew: 629120K(629120K)->69888K(629120K) Eden: 559232K(559232K)->0K(559232K) From: 69888K(69888K)->69888K(69888K)
[1059.712s][info][gc,heap        ] GC(1560) Tenured: 939838K(1398144K)->996532K(1398144K)
[1059.712s][info][gc,metaspace   ] GC(1560) Metaspace: 23188K(23552K)->23188K(23552K) NonClass: 20390K(20608K)->20390K(20608K) Class: 2798K(2944K)->2798K(2944K)
[1059.712s][info][gc             ] GC(1560) Pause Young (Allocation Failure) 1532M->1041M(1979M) 471.928ms
[1059.712s][info][gc,cpu         ] GC(1560) User=0.44s Sys=0.00s Real=0.46s
[1060.246s][info][gc,start       ] GC(1561) Pause Young (Allocation Failure)
[1060.538s][info][gc,heap        ] GC(1561) DefNew: 629120K(629120K)->59589K(629120K) Eden: 559232K(559232K)->0K(559232K) From: 69888K(69888K)->59589K(69888K)
[1060.538s][info][gc,heap        ] GC(1561) Tenured: 996532K(1398144K)->1029014K(1398144K)
[1060.538s][info][gc,metaspace   ] GC(1561) Metaspace: 23188K(23552K)->23188K(23552K) NonClass: 20390K(20608K)->20390K(20608K) Class: 2798K(2944K)->2798K(2944K)
[1060.538s][info][gc             ] GC(1561) Pause Young (Allocation Failure) 1587M->1063M(1979M) 291.464ms
[1060.538s][info][gc,cpu         ] GC(1561) User=0.30s Sys=0.00s Real=0.29s
[1060.687s][info][gc,start       ] GC(1562) Pause Young (Allocation Failure)
[1061.125s][info][gc,heap        ] GC(1562) DefNew: 618821K(629120K)->69888K(629120K) Eden: 559232K(559232K)->0K(559232K) From: 59589K(69888K)->69888K(69888K)
[1061.125s][info][gc,heap        ] GC(1562) Tenured: 1029014K(1398144K)->1086914K(1398144K)
[1061.125s][info][gc,metaspace   ] GC(1562) Metaspace: 23188K(23552K)->23188K(23552K) NonClass: 20390K(20608K)->20390K(20608K) Class: 2798K(2944K)->2798K(2944K)
[1061.125s][info][gc             ] GC(1562) Pause Young (Allocation Failure) 1609M->1129M(1979M) 437.538ms
[1061.125s][info][gc,cpu         ] GC(1562) User=0.34s Sys=0.00s Real=0.44s
[1061.564s][info][gc,start       ] GC(1563) Pause Young (Allocation Failure)
[1061.846s][info][gc,heap        ] GC(1563) DefNew: 629120K(629120K)->56292K(629120K) Eden: 559232K(559232K)->0K(559232K) From: 69888K(69888K)->56292K(69888K)
[1061.846s][info][gc,heap        ] GC(1563) Tenured: 1086914K(1398144K)->1122374K(1398144K)
[1061.846s][info][gc,metaspace   ] GC(1563) Metaspace: 23188K(23552K)->23188K(23552K) NonClass: 20390K(20608K)->20390K(20608K) Class: 2798K(2944K)->2798K(2944K)
[1061.846s][info][gc             ] GC(1563) Pause Young (Allocation Failure) 1675M->1151M(1979M) 282.055ms
[1061.846s][info][gc,cpu         ] GC(1563) User=0.27s Sys=0.00s Real=0.29s
[1062.126s][info][gc,start       ] GC(1564) Pause Young (Allocation Failure)
[1062.467s][info][gc,heap        ] GC(1564) DefNew: 615524K(629120K)->69887K(629120K) Eden: 559232K(559232K)->0K(559232K) From: 56292K(69888K)->69887K(69888K)
[1062.467s][info][gc,heap        ] GC(1564) Tenured: 1122374K(1398144K)->1165297K(1398144K)
[1062.467s][info][gc,metaspace   ] GC(1564) Metaspace: 23188K(23552K)->23188K(23552K) NonClass: 20390K(20608K)->20390K(20608K) Class: 2798K(2944K)->2798K(2944K)
[1062.467s][info][gc             ] GC(1564) Pause Young (Allocation Failure) 1697M->1206M(1979M) 341.496ms
[1062.467s][info][gc,cpu         ] GC(1564) User=0.34s Sys=0.00s Real=0.35s
[1062.615s][info][gc,start       ] GC(1565) Pause Young (Allocation Failure)
[1063.100s][info][gc,heap        ] GC(1565) DefNew: 629119K(629120K)->69888K(629120K) Eden: 559232K(559232K)->0K(559232K) From: 69887K(69888K)->69888K(69888K)
[1063.100s][info][gc,heap        ] GC(1565) Tenured: 1165297K(1398144K)->1231727K(1398144K)
[1063.100s][info][gc,metaspace   ] GC(1565) Metaspace: 23188K(23552K)->23188K(23552K) NonClass: 20390K(20608K)->20390K(20608K) Class: 2798K(2944K)->2798K(2944K)
[1063.100s][info][gc             ] GC(1565) Pause Young (Allocation Failure) 1752M->1271M(1979M) 484.624ms
[1063.100s][info][gc,cpu         ] GC(1565) User=0.47s Sys=0.00s Real=0.47s
[1063.600s][info][gc,start       ] GC(1566) Pause Young (Allocation Failure)
[1063.903s][info][gc,heap        ] GC(1566) DefNew: 629120K(629120K)->56861K(629120K) Eden: 559232K(559232K)->0K(559232K) From: 69888K(69888K)->56861K(69888K)
[1063.903s][info][gc,heap        ] GC(1566) Tenured: 1231727K(1398144K)->1267988K(1398144K)
[1063.903s][info][gc,metaspace   ] GC(1566) Metaspace: 23188K(23552K)->23188K(23552K) NonClass: 20390K(20608K)->20390K(20608K) Class: 2798K(2944K)->2798K(2944K)
[1063.903s][info][gc             ] GC(1566) Pause Young (Allocation Failure) 1817M->1293M(1979M) 303.022ms
[1063.903s][info][gc,cpu         ] GC(1566) User=0.31s Sys=0.00s Real=0.31s
[1064.042s][info][gc,start       ] GC(1567) Pause Young (Allocation Failure)
[1064.462s][info][gc,heap        ] GC(1567) DefNew: 616093K(629120K)->69887K(629120K) Eden: 559232K(559232K)->0K(559232K) From: 56861K(69888K)->69887K(69888K)
[1064.462s][info][gc,heap        ] GC(1567) Tenured: 1267988K(1398144K)->1319075K(1398144K)
[1064.462s][info][gc,metaspace   ] GC(1567) Metaspace: 23188K(23552K)->23188K(23552K) NonClass: 20390K(20608K)->20390K(20608K) Class: 2798K(2944K)->2798K(2944K)
[1064.462s][info][gc             ] GC(1567) Pause Young (Allocation Failure) 1839M->1356M(1979M) 420.510ms
[1064.462s][info][gc,cpu         ] GC(1567) User=0.42s Sys=0.00s Real=0.41s
[1064.728s][info][gc,start       ] GC(1568) Pause Young (Allocation Failure)
[1065.138s][info][gc,heap        ] GC(1568) DefNew: 629119K(629120K)->69888K(629120K) Eden: 559232K(559232K)->0K(559232K) From: 69887K(69888K)->69888K(69888K)
[1065.138s][info][gc,heap        ] GC(1568) Tenured: 1319075K(1398144K)->1361769K(1398144K)
[1065.138s][info][gc,metaspace   ] GC(1568) Metaspace: 23188K(23552K)->23188K(23552K) NonClass: 20390K(20608K)->20390K(20608K) Class: 2798K(2944K)->2798K(2944K)
[1065.138s][info][gc             ] GC(1568) Pause Young (Allocation Failure) 1902M->1398M(1979M) 410.386ms
[1065.138s][info][gc,cpu         ] GC(1568) User=0.41s Sys=0.00s Real=0.41s
[1065.459s][info][gc,start       ] GC(1569) Pause Full (System.gc())
[1065.459s][info][gc,phases,start] GC(1569) Phase 1: Mark live objects
[1065.650s][info][gc,phases      ] GC(1569) Phase 1: Mark live objects 191.403ms
[1065.650s][info][gc,phases,start] GC(1569) Phase 2: Compute new object addresses
[1065.887s][info][gc,phases      ] GC(1569) Phase 2: Compute new object addresses 236.675ms
[1065.887s][info][gc,phases,start] GC(1569) Phase 3: Adjust pointers
[1065.973s][info][gc,phases      ] GC(1569) Phase 3: Adjust pointers 85.306ms
[1065.973s][info][gc,phases,start] GC(1569) Phase 4: Move objects
[1066.007s][info][gc,phases      ] GC(1569) Phase 4: Move objects 34.337ms
[1066.007s][info][gc,heap        ] GC(1569) DefNew: 269317K(629120K)->0K(629120K) Eden: 199429K(559232K)->0K(559232K) From: 69888K(69888K)->0K(69888K)
[1066.007s][info][gc,heap        ] GC(1569) Tenured: 1361769K(1398144K)->104748K(1398144K)
[1066.007s][info][gc,metaspace   ] GC(1569) Metaspace: 23188K(23552K)->23188K(23552K) NonClass: 20390K(20608K)->20390K(20608K) Class: 2798K(2944K)->2798K(2944K)
[1066.007s][info][gc             ] GC(1569) Pause Full (System.gc()) 1592M->102M(1979M) 548.375ms
[1066.007s][info][gc,cpu         ] GC(1569) User=0.52s Sys=0.00s Real=0.55s
[1066.163s][info][gc,start       ] GC(1570) Pause Young (Allocation Failure)
[1066.469s][info][gc,heap        ] GC(1570) DefNew: 559232K(629120K)->69887K(629120K) Eden: 559232K(559232K)->0K(559232K) From: 0K(69888K)->69887K(69888K)
[1066.469s][info][gc,heap        ] GC(1570) Tenured: 104748K(1398144K)->108503K(1398144K)
[1066.469s][info][gc,metaspace   ] GC(1570) Metaspace: 23188K(23552K)->23188K(23552K) NonClass: 20390K(20608K)->20390K(20608K) Class: 2798K(2944K)->2798K(2944K)
[1066.469s][info][gc             ] GC(1570) Pause Young (Allocation Failure) 648M->174M(1979M) 306.362ms
[1066.469s][info][gc,cpu         ] GC(1570) User=0.27s Sys=0.00s Real=0.30s
[1066.621s][info][gc,start       ] GC(1571) Pause Young (Allocation Failure)
[1067.113s][info][gc,heap        ] GC(1571) DefNew: 629119K(629120K)->69887K(629120K) Eden: 559232K(559232K)->0K(559232K) From: 69887K(69888K)->69887K(69888K)
[1067.113s][info][gc,heap        ] GC(1571) Tenured: 108503K(1398144K)->177601K(1398144K)
[1067.113s][info][gc,metaspace   ] GC(1571) Metaspace: 23188K(23552K)->23188K(23552K) NonClass: 20390K(20608K)->20390K(20608K) Class: 2798K(2944K)->2798K(2944K)
[1067.113s][info][gc             ] GC(1571) Pause Young (Allocation Failure) 720M->241M(1979M) 491.831ms
[1067.113s][info][gc,cpu         ] GC(1571) User=0.50s Sys=0.00s Real=0.49s
[1067.669s][info][gc,start       ] GC(1572) Pause Young (Allocation Failure)
[1067.977s][info][gc,heap        ] GC(1572) DefNew: 629119K(629120K)->59797K(629120K) Eden: 559232K(559232K)->0K(559232K) From: 69887K(69888K)->59797K(69888K)
[1067.977s][info][gc,heap        ] GC(1572) Tenured: 177601K(1398144K)->213058K(1398144K)
[1067.977s][info][gc,metaspace   ] GC(1572) Metaspace: 23189K(23552K)->23189K(23552K) NonClass: 20390K(20608K)->20390K(20608K) Class: 2798K(2944K)->2798K(2944K)
[1067.977s][info][gc             ] GC(1572) Pause Young (Allocation Failure) 787M->266M(1979M) 308.357ms
[1067.977s][info][gc,cpu         ] GC(1572) User=0.30s Sys=0.00s Real=0.31s
[1068.127s][info][gc,start       ] GC(1573) Pause Young (Allocation Failure)
[1068.572s][info][gc,heap        ] GC(1573) DefNew: 619029K(629120K)->69888K(629120K) Eden: 559232K(559232K)->0K(559232K) From: 59797K(69888K)->69888K(69888K)
[1068.572s][info][gc,heap        ] GC(1573) Tenured: 213058K(1398144K)->272052K(1398144K)
[1068.572s][info][gc,metaspace   ] GC(1573) Metaspace: 23189K(23552K)->23189K(23552K) NonClass: 20390K(20608K)->20390K(20608K) Class: 2798K(2944K)->2798K(2944K)
[1068.572s][info][gc             ] GC(1573) Pause Young (Allocation Failure) 812M->333M(1979M) 445.028ms
[1068.572s][info][gc,cpu         ] GC(1573) User=0.36s Sys=0.00s Real=0.44s
[1068.973s][info][gc,start       ] GC(1574) Pause Young (Allocation Failure)
[1069.270s][info][gc,heap        ] GC(1574) DefNew: 629120K(629120K)->61569K(629120K) Eden: 559232K(559232K)->0K(559232K) From: 69888K(69888K)->61569K(69888K)
[1069.270s][info][gc,heap        ] GC(1574) Tenured: 272052K(1398144K)->307028K(1398144K)
[1069.270s][info][gc,metaspace   ] GC(1574) Metaspace: 23189K(23552K)->23189K(23552K) NonClass: 20390K(20608K)->20390K(20608K) Class: 2798K(2944K)->2798K(2944K)
[1069.270s][info][gc             ] GC(1574) Pause Young (Allocation Failure) 880M->359M(1979M) 297.200ms
[1069.270s][info][gc,cpu         ] GC(1574) User=0.28s Sys=0.00s Real=0.30s
[1069.656s][info][gc,start       ] GC(1575) Pause Young (Allocation Failure)
[1069.943s][info][gc,heap        ] GC(1575) DefNew: 620801K(629120K)->66267K(629120K) Eden: 559232K(559232K)->0K(559232K) From: 61569K(69888K)->66267K(69888K)
[1069.943s][info][gc,heap        ] GC(1575) Tenured: 307028K(1398144K)->342923K(1398144K)
[1069.943s][info][gc,metaspace   ] GC(1575) Metaspace: 23189K(23552K)->23189K(23552K) NonClass: 20390K(20608K)->20390K(20608K) Class: 2798K(2944K)->2798K(2944K)
[1069.943s][info][gc             ] GC(1575) Pause Young (Allocation Failure) 906M->399M(1979M) 287.196ms
[1069.943s][info][gc,cpu         ] GC(1575) User=0.28s Sys=0.00s Real=0.28s
[1070.090s][info][gc,start       ] GC(1576) Pause Young (Allocation Failure)
[1070.519s][info][gc,heap        ] GC(1576) DefNew: 625499K(629120K)->69887K(629120K) Eden: 559232K(559232K)->0K(559232K) From: 66267K(69888K)->69887K(69888K)
[1070.519s][info][gc,heap        ] GC(1576) Tenured: 342923K(1398144K)->404198K(1398144K)
[1070.520s][info][gc,metaspace   ] GC(1576) Metaspace: 23189K(23552K)->23189K(23552K) NonClass: 20390K(20608K)->20390K(20608K) Class: 2798K(2944K)->2798K(2944K)
[1070.520s][info][gc             ] GC(1576) Pause Young (Allocation Failure) 945M->462M(1979M) 429.269ms
[1070.520s][info][gc,cpu         ] GC(1576) User=0.42s Sys=0.00s Real=0.42s
[1071.005s][info][gc,start       ] GC(1577) Pause Young (Allocation Failure)
[1071.263s][info][gc,heap        ] GC(1577) DefNew: 629119K(629120K)->46777K(629120K) Eden: 559232K(559232K)->0K(559232K) From: 69887K(69888K)->46777K(69888K)
[1071.264s][info][gc,heap        ] GC(1577) Tenured: 404198K(1398144K)->437377K(1398144K)
[1071.264s][info][gc,metaspace   ] GC(1577) Metaspace: 23189K(23552K)->23189K(23552K) NonClass: 20390K(20608K)->20390K(20608K) Class: 2798K(2944K)->2798K(2944K)
[1071.264s][info][gc             ] GC(1577) Pause Young (Allocation Failure) 1009M->472M(1979M) 259.005ms
[1071.264s][info][gc,cpu         ] GC(1577) User=0.25s Sys=0.00s Real=0.25s
[1071.406s][info][gc,start       ] GC(1578) Pause Young (Allocation Failure)
[1071.799s][info][gc,heap        ] GC(1578) DefNew: 606009K(629120K)->69887K(629120K) Eden: 559232K(559232K)->0K(559232K) From: 46777K(69888K)->69887K(69888K)
[1071.799s][info][gc,heap        ] GC(1578) Tenured: 437377K(1398144K)->480724K(1398144K)
[1071.799s][info][gc,metaspace   ] GC(1578) Metaspace: 23189K(23552K)->23189K(23552K) NonClass: 20390K(20608K)->20390K(20608K) Class: 2798K(2944K)->2798K(2944K)
[1071.799s][info][gc             ] GC(1578) Pause Young (Allocation Failure) 1018M->537M(1979M) 393.489ms
[1071.800s][info][gc,cpu         ] GC(1578) User=0.34s Sys=0.02s Real=0.39s
[1071.950s][info][gc,start       ] GC(1579) Pause Young (Allocation Failure)
[1072.416s][info][gc,heap        ] GC(1579) DefNew: 629119K(629120K)->69887K(629120K) Eden: 559232K(559232K)->0K(559232K) From: 69887K(69888K)->69887K(69888K)
[1072.416s][info][gc,heap        ] GC(1579) Tenured: 480724K(1398144K)->542595K(1398144K)
[1072.416s][info][gc,metaspace   ] GC(1579) Metaspace: 23189K(23552K)->23189K(23552K) NonClass: 20390K(20608K)->20390K(20608K) Class: 2798K(2944K)->2798K(2944K)
[1072.416s][info][gc             ] GC(1579) Pause Young (Allocation Failure) 1083M->598M(1979M) 466.659ms
[1072.416s][info][gc,cpu         ] GC(1579) User=0.39s Sys=0.00s Real=0.47s
[1072.989s][info][gc,start       ] GC(1580) Pause Young (Allocation Failure)
[1073.317s][info][gc,heap        ] GC(1580) DefNew: 629119K(629120K)->66330K(629120K) Eden: 559232K(559232K)->0K(559232K) From: 69887K(69888K)->66330K(69888K)
[1073.317s][info][gc,heap        ] GC(1580) Tenured: 542595K(1398144K)->575950K(1398144K)
[1073.317s][info][gc,metaspace   ] GC(1580) Metaspace: 23189K(23552K)->23189K(23552K) NonClass: 20390K(20608K)->20390K(20608K) Class: 2798K(2944K)->2798K(2944K)
[1073.318s][info][gc             ] GC(1580) Pause Young (Allocation Failure) 1144M->627M(1979M) 328.285ms
[1073.318s][info][gc,cpu         ] GC(1580) User=0.33s Sys=0.00s Real=0.33s
[1073.453s][info][gc,start       ] GC(1581) Pause Young (Allocation Failure)
[1073.885s][info][gc,heap        ] GC(1581) DefNew: 625562K(629120K)->69732K(629120K) Eden: 559232K(559232K)->0K(559232K) From: 66330K(69888K)->69732K(69888K)
[1073.885s][info][gc,heap        ] GC(1581) Tenured: 575950K(1398144K)->635172K(1398144K)
[1073.886s][info][gc,metaspace   ] GC(1581) Metaspace: 23189K(23552K)->23189K(23552K) NonClass: 20390K(20608K)->20390K(20608K) Class: 2798K(2944K)->2798K(2944K)
[1073.886s][info][gc             ] GC(1581) Pause Young (Allocation Failure) 1173M->688M(1979M) 432.675ms
[1073.886s][info][gc,cpu         ] GC(1581) User=0.39s Sys=0.00s Real=0.42s
[1074.339s][info][gc,start       ] GC(1582) Pause Young (Allocation Failure)
[1074.611s][info][gc,heap        ] GC(1582) DefNew: 628964K(629120K)->54144K(629120K) Eden: 559232K(559232K)->0K(559232K) From: 69732K(69888K)->54144K(69888K)
[1074.612s][info][gc,heap        ] GC(1582) Tenured: 635172K(1398144K)->668340K(1398144K)
[1074.612s][info][gc,metaspace   ] GC(1582) Metaspace: 23189K(23552K)->23189K(23552K) NonClass: 20390K(20608K)->20390K(20608K) Class: 2798K(2944K)->2798K(2944K)
[1074.612s][info][gc             ] GC(1582) Pause Young (Allocation Failure) 1234M->705M(1979M) 272.921ms
[1074.612s][info][gc,cpu         ] GC(1582) User=0.27s Sys=0.00s Real=0.27s
[1074.855s][info][gc,start       ] GC(1583) Pause Young (Allocation Failure)
[1075.195s][info][gc,heap        ] GC(1583) DefNew: 613376K(629120K)->69887K(629120K) Eden: 559232K(559232K)->0K(559232K) From: 54144K(69888K)->69887K(69888K)
[1075.195s][info][gc,heap        ] GC(1583) Tenured: 668340K(1398144K)->708042K(1398144K)
[1075.195s][info][gc,metaspace   ] GC(1583) Metaspace: 23189K(23552K)->23189K(23552K) NonClass: 20390K(20608K)->20390K(20608K) Class: 2798K(2944K)->2798K(2944K)
[1075.195s][info][gc             ] GC(1583) Pause Young (Allocation Failure) 1251M->759M(1979M) 339.934ms
[1075.195s][info][gc,cpu         ] GC(1583) User=0.30s Sys=0.00s Real=0.33s
[1075.366s][info][gc,start       ] GC(1584) Pause Young (Allocation Failure)
[1075.826s][info][gc,heap        ] GC(1584) DefNew: 629119K(629120K)->69887K(629120K) Eden: 559232K(559232K)->0K(559232K) From: 69887K(69888K)->69887K(69888K)
[1075.826s][info][gc,heap        ] GC(1584) Tenured: 708042K(1398144K)->770816K(1398144K)
[1075.826s][info][gc,metaspace   ] GC(1584) Metaspace: 23189K(23552K)->23189K(23552K) NonClass: 20390K(20608K)->20390K(20608K) Class: 2798K(2944K)->2798K(2944K)
[1075.826s][info][gc             ] GC(1584) Pause Young (Allocation Failure) 1305M->821M(1979M) 460.168ms
[1075.826s][info][gc,cpu         ] GC(1584) User=0.47s Sys=0.00s Real=0.47s
[1076.547s][info][gc,start       ] GC(1585) Pause Young (Allocation Failure)
[1076.776s][info][gc,heap        ] GC(1585) DefNew: 629119K(629120K)->37761K(629120K) Eden: 559232K(559232K)->0K(559232K) From: 69887K(69888K)->37761K(69888K)
[1076.776s][info][gc,heap        ] GC(1585) Tenured: 770816K(1398144K)->804871K(1398144K)
[1076.776s][info][gc,metaspace   ] GC(1585) Metaspace: 23189K(23552K)->23189K(23552K) NonClass: 20390K(20608K)->20390K(20608K) Class: 2798K(2944K)->2798K(2944K)
[1076.776s][info][gc             ] GC(1585) Pause Young (Allocation Failure) 1367M->822M(1979M) 229.305ms
[1076.776s][info][gc,cpu         ] GC(1585) User=0.22s Sys=0.00s Real=0.24s
[1076.928s][info][gc,start       ] GC(1586) Pause Young (Allocation Failure)
[1077.308s][info][gc,heap        ] GC(1586) DefNew: 596993K(629120K)->69888K(629120K) Eden: 559232K(559232K)->0K(559232K) From: 37761K(69888K)->69888K(69888K)
[1077.308s][info][gc,heap        ] GC(1586) Tenured: 804871K(1398144K)->842885K(1398144K)
[1077.308s][info][gc,metaspace   ] GC(1586) Metaspace: 23189K(23552K)->23189K(23552K) NonClass: 20390K(20608K)->20390K(20608K) Class: 2798K(2944K)->2798K(2944K)
[1077.308s][info][gc             ] GC(1586) Pause Young (Allocation Failure) 1369M->891M(1979M) 380.407ms
[1077.308s][info][gc,cpu         ] GC(1586) User=0.39s Sys=0.00s Real=0.39s
[1077.455s][info][gc,start       ] GC(1587) Pause Young (Allocation Failure)
[1077.933s][info][gc,heap        ] GC(1587) DefNew: 629120K(629120K)->69888K(629120K) Eden: 559232K(559232K)->0K(559232K) From: 69888K(69888K)->69888K(69888K)
[1077.933s][info][gc,heap        ] GC(1587) Tenured: 842885K(1398144K)->908467K(1398144K)
[1077.933s][info][gc,metaspace   ] GC(1587) Metaspace: 23189K(23552K)->23189K(23552K) NonClass: 20390K(20608K)->20390K(20608K) Class: 2798K(2944K)->2798K(2944K)
[1077.933s][info][gc             ] GC(1587) Pause Young (Allocation Failure) 1437M->955M(1979M) 477.760ms
[1077.933s][info][gc,cpu         ] GC(1587) User=0.45s Sys=0.00s Real=0.47s
[1078.456s][info][gc,start       ] GC(1588) Pause Young (Allocation Failure)
[1078.845s][info][gc,heap        ] GC(1588) DefNew: 629120K(629120K)->69888K(629120K) Eden: 559232K(559232K)->0K(559232K) From: 69888K(69888K)->69888K(69888K)
[1078.845s][info][gc,heap        ] GC(1588) Tenured: 908467K(1398144K)->945448K(1398144K)
[1078.845s][info][gc,metaspace   ] GC(1588) Metaspace: 23189K(23552K)->23189K(23552K) NonClass: 20390K(20608K)->20390K(20608K) Class: 2798K(2944K)->2798K(2944K)
[1078.845s][info][gc             ] GC(1588) Pause Young (Allocation Failure) 1501M->991M(1979M) 388.557ms
[1078.845s][info][gc,cpu         ] GC(1588) User=0.34s Sys=0.00s Real=0.39s
[1079.000s][info][gc,start       ] GC(1589) Pause Young (Allocation Failure)
[1079.474s][info][gc,heap        ] GC(1589) DefNew: 629120K(629120K)->69888K(629120K) Eden: 559232K(559232K)->0K(559232K) From: 69888K(69888K)->69888K(69888K)
[1079.474s][info][gc,heap        ] GC(1589) Tenured: 945448K(1398144K)->1014260K(1398144K)
[1079.474s][info][gc,metaspace   ] GC(1589) Metaspace: 23189K(23552K)->23189K(23552K) NonClass: 20390K(20608K)->20390K(20608K) Class: 2798K(2944K)->2798K(2944K)
[1079.474s][info][gc             ] GC(1589) Pause Young (Allocation Failure) 1537M->1058M(1979M) 474.179ms
[1079.474s][info][gc,cpu         ] GC(1589) User=0.44s Sys=0.00s Real=0.46s
[1080.112s][info][gc,start       ] GC(1590) Pause Young (Allocation Failure)
[1080.354s][info][gc,heap        ] GC(1590) DefNew: 629120K(629120K)->39598K(629120K) Eden: 559232K(559232K)->0K(559232K) From: 69888K(69888K)->39598K(69888K)
[1080.354s][info][gc,heap        ] GC(1590) Tenured: 1014260K(1398144K)->1050976K(1398144K)
[1080.354s][info][gc,metaspace   ] GC(1590) Metaspace: 23189K(23552K)->23189K(23552K) NonClass: 20390K(20608K)->20390K(20608K) Class: 2798K(2944K)->2798K(2944K)
[1080.354s][info][gc             ] GC(1590) Pause Young (Allocation Failure) 1604M->1065M(1979M) 241.841ms
[1080.354s][info][gc,cpu         ] GC(1590) User=0.23s Sys=0.00s Real=0.24s
[1080.554s][info][gc,start       ] GC(1591) Pause Young (Allocation Failure)
[1080.903s][info][gc,heap        ] GC(1591) DefNew: 598830K(629120K)->69888K(629120K) Eden: 559232K(559232K)->0K(559232K) From: 39598K(69888K)->69888K(69888K)
[1080.903s][info][gc,heap        ] GC(1591) Tenured: 1050976K(1398144K)->1088537K(1398144K)
[1080.903s][info][gc,metaspace   ] GC(1591) Metaspace: 23189K(23552K)->23189K(23552K) NonClass: 20390K(20608K)->20390K(20608K) Class: 2798K(2944K)->2798K(2944K)
[1080.903s][info][gc             ] GC(1591) Pause Young (Allocation Failure) 1611M->1131M(1979M) 348.708ms
[1080.903s][info][gc,cpu         ] GC(1591) User=0.34s Sys=0.00s Real=0.36s
[1081.053s][info][gc,start       ] GC(1592) Pause Young (Allocation Failure)
[1081.539s][info][gc,heap        ] GC(1592) DefNew: 629120K(629120K)->69887K(629120K) Eden: 559232K(559232K)->0K(559232K) From: 69888K(69888K)->69887K(69888K)
[1081.539s][info][gc,heap        ] GC(1592) Tenured: 1088537K(1398144K)->1153245K(1398144K)
[1081.539s][info][gc,metaspace   ] GC(1592) Metaspace: 23189K(23552K)->23189K(23552K) NonClass: 20390K(20608K)->20390K(20608K) Class: 2798K(2944K)->2798K(2944K)
[1081.539s][info][gc             ] GC(1592) Pause Young (Allocation Failure) 1677M->1194M(1979M) 486.477ms
[1081.539s][info][gc,cpu         ] GC(1592) User=0.44s Sys=0.00s Real=0.49s
[1082.081s][info][gc,start       ] GC(1593) Pause Young (Allocation Failure)
[1082.390s][info][gc,heap        ] GC(1593) DefNew: 629119K(629120K)->55968K(629120K) Eden: 559232K(559232K)->0K(559232K) From: 69887K(69888K)->55968K(69888K)
[1082.390s][info][gc,heap        ] GC(1593) Tenured: 1153245K(1398144K)->1189518K(1398144K)
[1082.390s][info][gc,metaspace   ] GC(1593) Metaspace: 23189K(23552K)->23189K(23552K) NonClass: 20390K(20608K)->20390K(20608K) Class: 2798K(2944K)->2798K(2944K)
[1082.390s][info][gc             ] GC(1593) Pause Young (Allocation Failure) 1740M->1216M(1979M) 309.012ms
[1082.390s][info][gc,cpu         ] GC(1593) User=0.33s Sys=0.00s Real=0.31s
[1082.535s][info][gc,start       ] GC(1594) Pause Young (Allocation Failure)
[1082.976s][info][gc,heap        ] GC(1594) DefNew: 615200K(629120K)->69888K(629120K) Eden: 559232K(559232K)->0K(559232K) From: 55968K(69888K)->69888K(69888K)
[1082.976s][info][gc,heap        ] GC(1594) Tenured: 1189518K(1398144K)->1243884K(1398144K)
[1082.976s][info][gc,metaspace   ] GC(1594) Metaspace: 23189K(23552K)->23189K(23552K) NonClass: 20390K(20608K)->20390K(20608K) Class: 2798K(2944K)->2798K(2944K)
[1082.976s][info][gc             ] GC(1594) Pause Young (Allocation Failure) 1762M->1282M(1979M) 441.226ms
[1082.976s][info][gc,cpu         ] GC(1594) User=0.36s Sys=0.00s Real=0.44s
[1083.302s][info][gc,start       ] GC(1595) Pause Young (Allocation Failure)
[1083.643s][info][gc,heap        ] GC(1595) DefNew: 629120K(629120K)->69668K(629120K) Eden: 559232K(559232K)->0K(559232K) From: 69888K(69888K)->69668K(69888K)
[1083.643s][info][gc,heap        ] GC(1595) Tenured: 1243884K(1398144K)->1281057K(1398144K)
[1083.643s][info][gc,metaspace   ] GC(1595) Metaspace: 23189K(23552K)->23189K(23552K) NonClass: 20390K(20608K)->20390K(20608K) Class: 2798K(2944K)->2798K(2944K)
[1083.643s][info][gc             ] GC(1595) Pause Young (Allocation Failure) 1829M->1319M(1979M) 340.857ms
[1083.643s][info][gc,cpu         ] GC(1595) User=0.33s Sys=0.00s Real=0.34s
[1083.884s][info][gc,start       ] GC(1596) Pause Full (System.gc())
[1083.884s][info][gc,phases,start] GC(1596) Phase 1: Mark live objects
[1084.067s][info][gc,phases      ] GC(1596) Phase 1: Mark live objects 183.035ms
[1084.067s][info][gc,phases,start] GC(1596) Phase 2: Compute new object addresses
[1084.297s][info][gc,phases      ] GC(1596) Phase 2: Compute new object addresses 229.642ms
[1084.297s][info][gc,phases,start] GC(1596) Phase 3: Adjust pointers
[1084.374s][info][gc,phases      ] GC(1596) Phase 3: Adjust pointers 77.022ms
[1084.374s][info][gc,phases,start] GC(1596) Phase 4: Move objects
[1084.405s][info][gc,phases      ] GC(1596) Phase 4: Move objects 31.141ms
[1084.406s][info][gc,heap        ] GC(1596) DefNew: 231751K(629120K)->0K(629120K) Eden: 162083K(559232K)->0K(559232K) From: 69668K(69888K)->0K(69888K)
[1084.406s][info][gc,heap        ] GC(1596) Tenured: 1281057K(1398144K)->165625K(1398144K)
[1084.406s][info][gc,metaspace   ] GC(1596) Metaspace: 23189K(23552K)->23189K(23552K) NonClass: 20390K(20608K)->20390K(20608K) Class: 2798K(2944K)->2798K(2944K)
[1084.406s][info][gc             ] GC(1596) Pause Full (System.gc()) 1477M->161M(1979M) 521.510ms
[1084.406s][info][gc,cpu         ] GC(1596) User=0.48s Sys=0.02s Real=0.52s
[1084.561s][info][gc,start       ] GC(1597) Pause Young (Allocation Failure)
[1084.880s][info][gc,heap        ] GC(1597) DefNew: 559232K(629120K)->69887K(629120K) Eden: 559232K(559232K)->0K(559232K) From: 0K(69888K)->69887K(69888K)
[1084.880s][info][gc,heap        ] GC(1597) Tenured: 165625K(1398144K)->172738K(1398144K)
[1084.880s][info][gc,metaspace   ] GC(1597) Metaspace: 23189K(23552K)->23189K(23552K) NonClass: 20390K(20608K)->20390K(20608K) Class: 2798K(2944K)->2798K(2944K)
[1084.881s][info][gc             ] GC(1597) Pause Young (Allocation Failure) 707M->236M(1979M) 319.080ms
[1084.881s][info][gc,cpu         ] GC(1597) User=0.25s Sys=0.00s Real=0.31s
[1085.023s][info][gc,start       ] GC(1598) Pause Young (Allocation Failure)
[1085.489s][info][gc,heap        ] GC(1598) DefNew: 629119K(629120K)->69888K(629120K) Eden: 559232K(559232K)->0K(559232K) From: 69887K(69888K)->69888K(69888K)
[1085.490s][info][gc,heap        ] GC(1598) Tenured: 172738K(1398144K)->234923K(1398144K)
[1085.490s][info][gc,metaspace   ] GC(1598) Metaspace: 23189K(23552K)->23189K(23552K) NonClass: 20390K(20608K)->20390K(20608K) Class: 2798K(2944K)->2798K(2944K)
[1085.490s][info][gc             ] GC(1598) Pause Young (Allocation Failure) 783M->297M(1979M) 466.714ms
[1085.490s][info][gc,cpu         ] GC(1598) User=0.45s Sys=0.00s Real=0.45s
[1086.044s][info][gc,start       ] GC(1599) Pause Young (Allocation Failure)
[1086.347s][info][gc,heap        ] GC(1599) DefNew: 629120K(629120K)->57386K(629120K) Eden: 559232K(559232K)->0K(559232K) From: 69888K(69888K)->57386K(69888K)
[1086.347s][info][gc,heap        ] GC(1599) Tenured: 234923K(1398144K)->267679K(1398144K)
[1086.347s][info][gc,metaspace   ] GC(1599) Metaspace: 23189K(23552K)->23189K(23552K) NonClass: 20390K(20608K)->20390K(20608K) Class: 2798K(2944K)->2798K(2944K)
[1086.347s][info][gc             ] GC(1599) Pause Young (Allocation Failure) 843M->317M(1979M) 302.922ms
[1086.347s][info][gc,cpu         ] GC(1599) User=0.28s Sys=0.00s Real=0.30s
[1086.492s][info][gc,start       ] GC(1600) Pause Young (Allocation Failure)
[1086.915s][info][gc,heap        ] GC(1600) DefNew: 616618K(629120K)->69887K(629120K) Eden: 559232K(559232K)->0K(559232K) From: 57386K(69888K)->69887K(69888K)
[1086.915s][info][gc,heap        ] GC(1600) Tenured: 267679K(1398144K)->320237K(1398144K)
[1086.915s][info][gc,metaspace   ] GC(1600) Metaspace: 23189K(23552K)->23189K(23552K) NonClass: 20390K(20608K)->20390K(20608K) Class: 2798K(2944K)->2798K(2944K)
[1086.915s][info][gc             ] GC(1600) Pause Young (Allocation Failure) 863M->380M(1979M) 422.947ms
[1086.915s][info][gc,cpu         ] GC(1600) User=0.41s Sys=0.00s Real=0.42s
[1087.269s][info][gc,start       ] GC(1601) Pause Young (Allocation Failure)
[1087.618s][info][gc,heap        ] GC(1601) DefNew: 629119K(629120K)->68870K(629120K) Eden: 559232K(559232K)->0K(559232K) From: 69887K(69888K)->68870K(69888K)
[1087.618s][info][gc,heap        ] GC(1601) Tenured: 320237K(1398144K)->358224K(1398144K)
[1087.618s][info][gc,metaspace   ] GC(1601) Metaspace: 23189K(23552K)->23189K(23552K) NonClass: 20390K(20608K)->20390K(20608K) Class: 2798K(2944K)->2798K(2944K)
[1087.619s][info][gc             ] GC(1601) Pause Young (Allocation Failure) 927M->417M(1979M) 349.649ms
[1087.619s][info][gc,cpu         ] GC(1601) User=0.33s Sys=0.00s Real=0.35s
[1087.975s][info][gc,start       ] GC(1602) Pause Young (Allocation Failure)
[1088.288s][info][gc,heap        ] GC(1602) DefNew: 628102K(629120K)->66016K(629120K) Eden: 559232K(559232K)->0K(559232K) From: 68870K(69888K)->66016K(69888K)
[1088.288s][info][gc,heap        ] GC(1602) Tenured: 358224K(1398144K)->395554K(1398144K)
[1088.288s][info][gc,metaspace   ] GC(1602) Metaspace: 23189K(23552K)->23189K(23552K) NonClass: 20390K(20608K)->20390K(20608K) Class: 2798K(2944K)->2798K(2944K)
[1088.288s][info][gc             ] GC(1602) Pause Young (Allocation Failure) 963M->450M(1979M) 313.319ms
[1088.288s][info][gc,cpu         ] GC(1602) User=0.31s Sys=0.00s Real=0.32s
[1088.424s][info][gc,start       ] GC(1603) Pause Young (Allocation Failure)
[1088.865s][info][gc,heap        ] GC(1603) DefNew: 625248K(629120K)->69888K(629120K) Eden: 559232K(559232K)->0K(559232K) From: 66016K(69888K)->69888K(69888K)
[1088.865s][info][gc,heap        ] GC(1603) Tenured: 395554K(1398144K)->453767K(1398144K)
[1088.865s][info][gc,metaspace   ] GC(1603) Metaspace: 23189K(23552K)->23189K(23552K) NonClass: 20390K(20608K)->20390K(20608K) Class: 2798K(2944K)->2798K(2944K)
[1088.865s][info][gc             ] GC(1603) Pause Young (Allocation Failure) 996M->511M(1979M) 441.230ms
[1088.865s][info][gc,cpu         ] GC(1603) User=0.42s Sys=0.00s Real=0.44s
[1089.444s][info][gc,start       ] GC(1604) Pause Young (Allocation Failure)
[1089.689s][info][gc,heap        ] GC(1604) DefNew: 629120K(629120K)->42944K(629120K) Eden: 559232K(559232K)->0K(559232K) From: 69888K(69888K)->42944K(69888K)
[1089.689s][info][gc,heap        ] GC(1604) Tenured: 453767K(1398144K)->486879K(1398144K)
[1089.689s][info][gc,metaspace   ] GC(1604) Metaspace: 23189K(23552K)->23189K(23552K) NonClass: 20390K(20608K)->20390K(20608K) Class: 2798K(2944K)->2798K(2944K)
[1089.689s][info][gc             ] GC(1604) Pause Young (Allocation Failure) 1057M->517M(1979M) 244.767ms
[1089.689s][info][gc,cpu         ] GC(1604) User=0.20s Sys=0.00s Real=0.25s
[1089.839s][info][gc,start       ] GC(1605) Pause Young (Allocation Failure)
[1090.225s][info][gc,heap        ] GC(1605) DefNew: 602176K(629120K)->69888K(629120K) Eden: 559232K(559232K)->0K(559232K) From: 42944K(69888K)->69888K(69888K)
[1090.225s][info][gc,heap        ] GC(1605) Tenured: 486879K(1398144K)->531752K(1398144K)
[1090.226s][info][gc,metaspace   ] GC(1605) Metaspace: 23189K(23552K)->23189K(23552K) NonClass: 20390K(20608K)->20390K(20608K) Class: 2798K(2944K)->2798K(2944K)
[1090.226s][info][gc             ] GC(1605) Pause Young (Allocation Failure) 1063M->587M(1979M) 386.572ms
[1090.226s][info][gc,cpu         ] GC(1605) User=0.36s Sys=0.00s Real=0.39s
[1090.377s][info][gc,start       ] GC(1606) Pause Young (Allocation Failure)
[1090.867s][info][gc,heap        ] GC(1606) DefNew: 629120K(629120K)->69888K(629120K) Eden: 559232K(559232K)->0K(559232K) From: 69888K(69888K)->69888K(69888K)
[1090.867s][info][gc,heap        ] GC(1606) Tenured: 531752K(1398144K)->600048K(1398144K)
[1090.867s][info][gc,metaspace   ] GC(1606) Metaspace: 23189K(23552K)->23189K(23552K) NonClass: 20390K(20608K)->20390K(20608K) Class: 2798K(2944K)->2798K(2944K)
[1090.867s][info][gc             ] GC(1606) Pause Young (Allocation Failure) 1133M->654M(1979M) 489.949ms
[1090.867s][info][gc,cpu         ] GC(1606) User=0.47s Sys=0.00s Real=0.50s
[1091.365s][info][gc,start       ] GC(1607) Pause Young (Allocation Failure)
[1091.680s][info][gc,heap        ] GC(1607) DefNew: 629120K(629120K)->59039K(629120K) Eden: 559232K(559232K)->0K(559232K) From: 69888K(69888K)->59039K(69888K)
[1091.680s][info][gc,heap        ] GC(1607) Tenured: 600048K(1398144K)->633993K(1398144K)
[1091.680s][info][gc,metaspace   ] GC(1607) Metaspace: 23189K(23552K)->23189K(23552K) NonClass: 20390K(20608K)->20390K(20608K) Class: 2798K(2944K)->2798K(2944K)
[1091.680s][info][gc             ] GC(1607) Pause Young (Allocation Failure) 1200M->676M(1979M) 314.509ms
[1091.680s][info][gc,cpu         ] GC(1607) User=0.31s Sys=0.00s Real=0.31s
[1091.837s][info][gc,start       ] GC(1608) Pause Young (Allocation Failure)
[1092.297s][info][gc,heap        ] GC(1608) DefNew: 618271K(629120K)->69888K(629120K) Eden: 559232K(559232K)->0K(559232K) From: 59039K(69888K)->69888K(69888K)
[1092.297s][info][gc,heap        ] GC(1608) Tenured: 633993K(1398144K)->694213K(1398144K)
[1092.297s][info][gc,metaspace   ] GC(1608) Metaspace: 23189K(23552K)->23189K(23552K) NonClass: 20390K(20608K)->20390K(20608K) Class: 2798K(2944K)->2798K(2944K)
[1092.297s][info][gc             ] GC(1608) Pause Young (Allocation Failure) 1222M->746M(1979M) 460.618ms
[1092.297s][info][gc,cpu         ] GC(1608) User=0.47s Sys=0.00s Real=0.45s
[1092.747s][info][gc,start       ] GC(1609) Pause Young (Allocation Failure)
[1093.042s][info][gc,heap        ] GC(1609) DefNew: 629120K(629120K)->59585K(629120K) Eden: 559232K(559232K)->0K(559232K) From: 69888K(69888K)->59585K(69888K)
[1093.042s][info][gc,heap        ] GC(1609) Tenured: 694213K(1398144K)->728733K(1398144K)
[1093.042s][info][gc,metaspace   ] GC(1609) Metaspace: 23189K(23552K)->23189K(23552K) NonClass: 20390K(20608K)->20390K(20608K) Class: 2798K(2944K)->2798K(2944K)
[1093.042s][info][gc             ] GC(1609) Pause Young (Allocation Failure) 1292M->769M(1979M) 295.108ms
[1093.042s][info][gc,cpu         ] GC(1609) User=0.30s Sys=0.00s Real=0.30s
[1093.307s][info][gc,start       ] GC(1610) Pause Young (Allocation Failure)
[1093.649s][info][gc,heap        ] GC(1610) DefNew: 618817K(629120K)->69888K(629120K) Eden: 559232K(559232K)->0K(559232K) From: 59585K(69888K)->69888K(69888K)
[1093.649s][info][gc,heap        ] GC(1610) Tenured: 728733K(1398144K)->768547K(1398144K)
[1093.649s][info][gc,metaspace   ] GC(1610) Metaspace: 23189K(23552K)->23189K(23552K) NonClass: 20390K(20608K)->20390K(20608K) Class: 2798K(2944K)->2798K(2944K)
[1093.649s][info][gc             ] GC(1610) Pause Young (Allocation Failure) 1315M->818M(1979M) 341.688ms
[1093.649s][info][gc,cpu         ] GC(1610) User=0.34s Sys=0.00s Real=0.35s
[1093.802s][info][gc,start       ] GC(1611) Pause Young (Allocation Failure)
[1094.282s][info][gc,heap        ] GC(1611) DefNew: 629120K(629120K)->69887K(629120K) Eden: 559232K(559232K)->0K(559232K) From: 69888K(69888K)->69887K(69888K)
[1094.282s][info][gc,heap        ] GC(1611) Tenured: 768547K(1398144K)->833787K(1398144K)
[1094.282s][info][gc,metaspace   ] GC(1611) Metaspace: 23189K(23552K)->23189K(23552K) NonClass: 20390K(20608K)->20390K(20608K) Class: 2798K(2944K)->2798K(2944K)
[1094.282s][info][gc             ] GC(1611) Pause Young (Allocation Failure) 1364M->882M(1979M) 479.757ms
[1094.282s][info][gc,cpu         ] GC(1611) User=0.47s Sys=0.00s Real=0.47s
[1094.871s][info][gc,start       ] GC(1612) Pause Young (Allocation Failure)
[1095.154s][info][gc,heap        ] GC(1612) DefNew: 629119K(629120K)->50473K(629120K) Eden: 559232K(559232K)->0K(559232K) From: 69887K(69888K)->50473K(69888K)
[1095.154s][info][gc,heap        ] GC(1612) Tenured: 833787K(1398144K)->869190K(1398144K)
[1095.154s][info][gc,metaspace   ] GC(1612) Metaspace: 23189K(23552K)->23189K(23552K) NonClass: 20390K(20608K)->20390K(20608K) Class: 2798K(2944K)->2798K(2944K)
[1095.154s][info][gc             ] GC(1612) Pause Young (Allocation Failure) 1428M->898M(1979M) 283.122ms
[1095.154s][info][gc,cpu         ] GC(1612) User=0.27s Sys=0.00s Real=0.28s
[1095.292s][info][gc,start       ] GC(1613) Pause Young (Allocation Failure)
[1095.716s][info][gc,heap        ] GC(1613) DefNew: 609705K(629120K)->69888K(629120K) Eden: 559232K(559232K)->0K(559232K) From: 50473K(69888K)->69888K(69888K)
[1095.716s][info][gc,heap        ] GC(1613) Tenured: 869190K(1398144K)->916806K(1398144K)
[1095.716s][info][gc,metaspace   ] GC(1613) Metaspace: 23189K(23552K)->23189K(23552K) NonClass: 20390K(20608K)->20390K(20608K) Class: 2798K(2944K)->2798K(2944K)
[1095.716s][info][gc             ] GC(1613) Pause Young (Allocation Failure) 1444M->963M(1979M) 423.723ms
[1095.716s][info][gc,cpu         ] GC(1613) User=0.42s Sys=0.00s Real=0.42s
[1095.951s][info][gc,start       ] GC(1614) Pause Young (Allocation Failure)
[1096.406s][info][gc,heap        ] GC(1614) DefNew: 629120K(629120K)->69888K(629120K) Eden: 559232K(559232K)->0K(559232K) From: 69888K(69888K)->69888K(69888K)
[1096.406s][info][gc,heap        ] GC(1614) Tenured: 916806K(1398144K)->969632K(1398144K)
[1096.406s][info][gc,metaspace   ] GC(1614) Metaspace: 23189K(23552K)->23189K(23552K) NonClass: 20390K(20608K)->20390K(20608K) Class: 2798K(2944K)->2798K(2944K)
[1096.406s][info][gc             ] GC(1614) Pause Young (Allocation Failure) 1509M->1015M(1979M) 455.607ms
[1096.406s][info][gc,cpu         ] GC(1614) User=0.44s Sys=0.00s Real=0.45s
[1096.912s][info][gc,start       ] GC(1615) Pause Young (Allocation Failure)
[1097.214s][info][gc,heap        ] GC(1615) DefNew: 629120K(629120K)->63846K(629120K) Eden: 559232K(559232K)->0K(559232K) From: 69888K(69888K)->63846K(69888K)
[1097.214s][info][gc,heap        ] GC(1615) Tenured: 969632K(1398144K)->1003804K(1398144K)
[1097.214s][info][gc,metaspace   ] GC(1615) Metaspace: 23189K(23552K)->23189K(23552K) NonClass: 20390K(20608K)->20390K(20608K) Class: 2798K(2944K)->2798K(2944K)
[1097.214s][info][gc             ] GC(1615) Pause Young (Allocation Failure) 1561M->1042M(1979M) 301.511ms
[1097.214s][info][gc,cpu         ] GC(1615) User=0.30s Sys=0.00s Real=0.30s
[1097.359s][info][gc,start       ] GC(1616) Pause Young (Allocation Failure)
[1097.784s][info][gc,heap        ] GC(1616) DefNew: 623078K(629120K)->69888K(629120K) Eden: 559232K(559232K)->0K(559232K) From: 63846K(69888K)->69888K(69888K)
[1097.784s][info][gc,heap        ] GC(1616) Tenured: 1003804K(1398144K)->1064286K(1398144K)
[1097.784s][info][gc,metaspace   ] GC(1616) Metaspace: 23189K(23552K)->23189K(23552K) NonClass: 20390K(20608K)->20390K(20608K) Class: 2798K(2944K)->2798K(2944K)
[1097.785s][info][gc             ] GC(1616) Pause Young (Allocation Failure) 1588M->1107M(1979M) 425.082ms
[1097.785s][info][gc,cpu         ] GC(1616) User=0.41s Sys=0.00s Real=0.42s
[1098.273s][info][gc,start       ] GC(1617) Pause Young (Allocation Failure)
[1098.522s][info][gc,heap        ] GC(1617) DefNew: 629120K(629120K)->43563K(629120K) Eden: 559232K(559232K)->0K(559232K) From: 69888K(69888K)->43563K(69888K)
[1098.522s][info][gc,heap        ] GC(1617) Tenured: 1064286K(1398144K)->1100888K(1398144K)
[1098.522s][info][gc,metaspace   ] GC(1617) Metaspace: 23189K(23552K)->23189K(23552K) NonClass: 20390K(20608K)->20390K(20608K) Class: 2798K(2944K)->2798K(2944K)
[1098.522s][info][gc             ] GC(1617) Pause Young (Allocation Failure) 1653M->1117M(1979M) 248.927ms
[1098.522s][info][gc,cpu         ] GC(1617) User=0.23s Sys=0.00s Real=0.24s
[1098.691s][info][gc,start       ] GC(1618) Pause Young (Allocation Failure)
[1099.028s][info][gc,heap        ] GC(1618) DefNew: 602795K(629120K)->69888K(629120K) Eden: 559232K(559232K)->0K(559232K) From: 43563K(69888K)->69888K(69888K)
[1099.028s][info][gc,heap        ] GC(1618) Tenured: 1100888K(1398144K)->1140474K(1398144K)
[1099.028s][info][gc,metaspace   ] GC(1618) Metaspace: 23189K(23552K)->23189K(23552K) NonClass: 20390K(20608K)->20390K(20608K) Class: 2798K(2944K)->2798K(2944K)
[1099.028s][info][gc             ] GC(1618) Pause Young (Allocation Failure) 1663M->1181M(1979M) 337.244ms
[1099.028s][info][gc,cpu         ] GC(1618) User=0.33s Sys=0.00s Real=0.35s
[1099.178s][info][gc,start       ] GC(1619) Pause Young (Allocation Failure)
[1099.665s][info][gc,heap        ] GC(1619) DefNew: 629120K(629120K)->69888K(629120K) Eden: 559232K(559232K)->0K(559232K) From: 69888K(69888K)->69888K(69888K)
[1099.665s][info][gc,heap        ] GC(1619) Tenured: 1140474K(1398144K)->1206595K(1398144K)
[1099.665s][info][gc,metaspace   ] GC(1619) Metaspace: 23189K(23552K)->23189K(23552K) NonClass: 20390K(20608K)->20390K(20608K) Class: 2798K(2944K)->2798K(2944K)
[1099.665s][info][gc             ] GC(1619) Pause Young (Allocation Failure) 1728M->1246M(1979M) 486.559ms
[1099.665s][info][gc,cpu         ] GC(1619) User=0.42s Sys=0.00s Real=0.49s
[1100.217s][info][gc,start       ] GC(1620) Pause Young (Allocation Failure)
[1100.492s][info][gc,heap        ] GC(1620) DefNew: 629120K(629120K)->48073K(629120K) Eden: 559232K(559232K)->0K(559232K) From: 69888K(69888K)->48073K(69888K)
[1100.492s][info][gc,heap        ] GC(1620) Tenured: 1206595K(1398144K)->1241571K(1398144K)
[1100.492s][info][gc,metaspace   ] GC(1620) Metaspace: 23189K(23552K)->23189K(23552K) NonClass: 20390K(20608K)->20390K(20608K) Class: 2798K(2944K)->2798K(2944K)
[1100.492s][info][gc             ] GC(1620) Pause Young (Allocation Failure) 1792M->1259M(1979M) 275.366ms
[1100.492s][info][gc,cpu         ] GC(1620) User=0.30s Sys=0.00s Real=0.27s
[1100.633s][info][gc,start       ] GC(1621) Pause Young (Allocation Failure)
[1101.056s][info][gc,heap        ] GC(1621) DefNew: 607305K(629120K)->69888K(629120K) Eden: 559232K(559232K)->0K(559232K) From: 48073K(69888K)->69888K(69888K)
[1101.056s][info][gc,heap        ] GC(1621) Tenured: 1241571K(1398144K)->1287501K(1398144K)
[1101.056s][info][gc,metaspace   ] GC(1621) Metaspace: 23189K(23552K)->23189K(23552K) NonClass: 20390K(20608K)->20390K(20608K) Class: 2798K(2944K)->2798K(2944K)
[1101.056s][info][gc             ] GC(1621) Pause Young (Allocation Failure) 1805M->1325M(1979M) 422.952ms
[1101.056s][info][gc,cpu         ] GC(1621) User=0.41s Sys=0.00s Real=0.42s
[1101.236s][info][gc,start       ] GC(1622) Pause Young (Allocation Failure)
[1101.703s][info][gc,heap        ] GC(1622) DefNew: 629120K(629120K)->69887K(629120K) Eden: 559232K(559232K)->0K(559232K) From: 69888K(69888K)->69887K(69888K)
[1101.703s][info][gc,heap        ] GC(1622) Tenured: 1287501K(1398144K)->1345771K(1398144K)
[1101.703s][info][gc,metaspace   ] GC(1622) Metaspace: 23189K(23552K)->23189K(23552K) NonClass: 20390K(20608K)->20390K(20608K) Class: 2798K(2944K)->2798K(2944K)
[1101.703s][info][gc             ] GC(1622) Pause Young (Allocation Failure) 1871M->1382M(1979M) 466.579ms
[1101.703s][info][gc,cpu         ] GC(1622) User=0.44s Sys=0.00s Real=0.46s
[1102.171s][info][gc,start       ] GC(1623) Pause Full (System.gc())
[1102.171s][info][gc,phases,start] GC(1623) Phase 1: Mark live objects
[1102.375s][info][gc,phases      ] GC(1623) Phase 1: Mark live objects 203.633ms
[1102.375s][info][gc,phases,start] GC(1623) Phase 2: Compute new object addresses
[1102.620s][info][gc,phases      ] GC(1623) Phase 2: Compute new object addresses 245.337ms
[1102.620s][info][gc,phases,start] GC(1623) Phase 3: Adjust pointers
[1102.712s][info][gc,phases      ] GC(1623) Phase 3: Adjust pointers 91.879ms
[1102.712s][info][gc,phases,start] GC(1623) Phase 4: Move objects
[1102.751s][info][gc,phases      ] GC(1623) Phase 4: Move objects 38.873ms
[1102.751s][info][gc,heap        ] GC(1623) DefNew: 341716K(629120K)->0K(629120K) Eden: 271828K(559232K)->0K(559232K) From: 69887K(69888K)->0K(69888K)
[1102.751s][info][gc,heap        ] GC(1623) Tenured: 1345771K(1398144K)->104727K(1398144K)
[1102.751s][info][gc,metaspace   ] GC(1623) Metaspace: 23189K(23552K)->23189K(23552K) NonClass: 20390K(20608K)->20390K(20608K) Class: 2798K(2944K)->2798K(2944K)
[1102.751s][info][gc             ] GC(1623) Pause Full (System.gc()) 1647M->102M(1979M) 580.436ms
[1102.751s][info][gc,cpu         ] GC(1623) User=0.53s Sys=0.00s Real=0.58s
[1102.943s][info][gc,start       ] GC(1624) Pause Young (Allocation Failure)
[1103.256s][info][gc,heap        ] GC(1624) DefNew: 559232K(629120K)->69888K(629120K) Eden: 559232K(559232K)->0K(559232K) From: 0K(69888K)->69888K(69888K)
[1103.256s][info][gc,heap        ] GC(1624) Tenured: 104727K(1398144K)->115595K(1398144K)
[1103.256s][info][gc,metaspace   ] GC(1624) Metaspace: 23189K(23552K)->23189K(23552K) NonClass: 20390K(20608K)->20390K(20608K) Class: 2798K(2944K)->2798K(2944K)
[1103.256s][info][gc             ] GC(1624) Pause Young (Allocation Failure) 648M->181M(1979M) 313.137ms
[1103.256s][info][gc,cpu         ] GC(1624) User=0.28s Sys=0.00s Real=0.31s
[1103.399s][info][gc,start       ] GC(1625) Pause Young (Allocation Failure)
[1103.875s][info][gc,heap        ] GC(1625) DefNew: 629120K(629120K)->69887K(629120K) Eden: 559232K(559232K)->0K(559232K) From: 69888K(69888K)->69887K(69888K)
[1103.875s][info][gc,heap        ] GC(1625) Tenured: 115595K(1398144K)->182395K(1398144K)
[1103.875s][info][gc,metaspace   ] GC(1625) Metaspace: 23189K(23552K)->23189K(23552K) NonClass: 20390K(20608K)->20390K(20608K) Class: 2798K(2944K)->2798K(2944K)
[1103.875s][info][gc             ] GC(1625) Pause Young (Allocation Failure) 727M->246M(1979M) 475.778ms
[1103.875s][info][gc,cpu         ] GC(1625) User=0.47s Sys=0.00s Real=0.47s
[1104.363s][info][gc,start       ] GC(1626) Pause Young (Allocation Failure)
[1104.691s][info][gc,heap        ] GC(1626) DefNew: 629119K(629120K)->62635K(629120K) Eden: 559232K(559232K)->0K(559232K) From: 69887K(69888K)->62635K(69888K)
[1104.691s][info][gc,heap        ] GC(1626) Tenured: 182395K(1398144K)->215492K(1398144K)
[1104.691s][info][gc,metaspace   ] GC(1626) Metaspace: 23189K(23552K)->23189K(23552K) NonClass: 20390K(20608K)->20390K(20608K) Class: 2798K(2944K)->2798K(2944K)
[1104.691s][info][gc             ] GC(1626) Pause Young (Allocation Failure) 792M->271M(1979M) 327.926ms
[1104.691s][info][gc,cpu         ] GC(1626) User=0.33s Sys=0.00s Real=0.33s
[1104.838s][info][gc,start       ] GC(1627) Pause Young (Allocation Failure)
[1105.307s][info][gc,heap        ] GC(1627) DefNew: 621867K(629120K)->69888K(629120K) Eden: 559232K(559232K)->0K(559232K) From: 62635K(69888K)->69888K(69888K)
[1105.307s][info][gc,heap        ] GC(1627) Tenured: 215492K(1398144K)->277294K(1398144K)
[1105.307s][info][gc,metaspace   ] GC(1627) Metaspace: 23189K(23552K)->23189K(23552K) NonClass: 20390K(20608K)->20390K(20608K) Class: 2798K(2944K)->2798K(2944K)
[1105.307s][info][gc             ] GC(1627) Pause Young (Allocation Failure) 817M->339M(1979M) 469.385ms
[1105.307s][info][gc,cpu         ] GC(1627) User=0.44s Sys=0.00s Real=0.47s
[1105.755s][info][gc,start       ] GC(1628) Pause Young (Allocation Failure)
[1106.050s][info][gc,heap        ] GC(1628) DefNew: 629120K(629120K)->59161K(629120K) Eden: 559232K(559232K)->0K(559232K) From: 69888K(69888K)->59161K(69888K)
[1106.050s][info][gc,heap        ] GC(1628) Tenured: 277294K(1398144K)->311742K(1398144K)
[1106.050s][info][gc,metaspace   ] GC(1628) Metaspace: 23189K(23552K)->23189K(23552K) NonClass: 20390K(20608K)->20390K(20608K) Class: 2798K(2944K)->2798K(2944K)
[1106.050s][info][gc             ] GC(1628) Pause Young (Allocation Failure) 885M->362M(1979M) 295.723ms
[1106.050s][info][gc,cpu         ] GC(1628) User=0.28s Sys=0.00s Real=0.30s
[1106.330s][info][gc,start       ] GC(1629) Pause Young (Allocation Failure)
[1106.648s][info][gc,heap        ] GC(1629) DefNew: 618393K(629120K)->67385K(629120K) Eden: 559232K(559232K)->0K(559232K) From: 59161K(69888K)->67385K(69888K)
[1106.648s][info][gc,heap        ] GC(1629) Tenured: 311742K(1398144K)->346831K(1398144K)
[1106.648s][info][gc,metaspace   ] GC(1629) Metaspace: 23189K(23552K)->23189K(23552K) NonClass: 20390K(20608K)->20390K(20608K) Class: 2798K(2944K)->2798K(2944K)
[1106.648s][info][gc             ] GC(1629) Pause Young (Allocation Failure) 908M->404M(1979M) 317.818ms
[1106.648s][info][gc,cpu         ] GC(1629) User=0.31s Sys=0.00s Real=0.33s
[1106.803s][info][gc,start       ] GC(1630) Pause Young (Allocation Failure)
[1107.271s][info][gc,heap        ] GC(1630) DefNew: 626617K(629120K)->69888K(629120K) Eden: 559232K(559232K)->0K(559232K) From: 67385K(69888K)->69888K(69888K)
[1107.271s][info][gc,heap        ] GC(1630) Tenured: 346831K(1398144K)->411944K(1398144K)
[1107.271s][info][gc,metaspace   ] GC(1630) Metaspace: 23189K(23552K)->23189K(23552K) NonClass: 20390K(20608K)->20390K(20608K) Class: 2798K(2944K)->2798K(2944K)
[1107.271s][info][gc             ] GC(1630) Pause Young (Allocation Failure) 950M->470M(1979M) 468.176ms
[1107.271s][info][gc,cpu         ] GC(1630) User=0.47s Sys=0.00s Real=0.47s
[1107.942s][info][gc,start       ] GC(1631) Pause Young (Allocation Failure)
[1108.190s][info][gc,heap        ] GC(1631) DefNew: 629120K(629120K)->40316K(629120K) Eden: 559232K(559232K)->0K(559232K) From: 69888K(69888K)->40316K(69888K)
[1108.190s][info][gc,heap        ] GC(1631) Tenured: 411944K(1398144K)->449617K(1398144K)
[1108.190s][info][gc,metaspace   ] GC(1631) Metaspace: 23189K(23552K)->23189K(23552K) NonClass: 20390K(20608K)->20390K(20608K) Class: 2798K(2944K)->2798K(2944K)
[1108.190s][info][gc             ] GC(1631) Pause Young (Allocation Failure) 1016M->478M(1979M) 247.600ms
[1108.190s][info][gc,cpu         ] GC(1631) User=0.22s Sys=0.00s Real=0.24s
[1108.338s][info][gc,start       ] GC(1632) Pause Young (Allocation Failure)
[1108.716s][info][gc,heap        ] GC(1632) DefNew: 599548K(629120K)->69887K(629120K) Eden: 559232K(559232K)->0K(559232K) From: 40316K(69888K)->69887K(69888K)
[1108.716s][info][gc,heap        ] GC(1632) Tenured: 449617K(1398144K)->489402K(1398144K)
[1108.716s][info][gc,metaspace   ] GC(1632) Metaspace: 23189K(23552K)->23189K(23552K) NonClass: 20390K(20608K)->20390K(20608K) Class: 2798K(2944K)->2798K(2944K)
[1108.716s][info][gc             ] GC(1632) Pause Young (Allocation Failure) 1024M->546M(1979M) 377.804ms
[1108.716s][info][gc,cpu         ] GC(1632) User=0.38s Sys=0.00s Real=0.38s
[1108.871s][info][gc,start       ] GC(1633) Pause Young (Allocation Failure)
[1109.347s][info][gc,heap        ] GC(1633) DefNew: 629119K(629120K)->69887K(629120K) Eden: 559232K(559232K)->0K(559232K) From: 69887K(69888K)->69887K(69888K)
[1109.347s][info][gc,heap        ] GC(1633) Tenured: 489402K(1398144K)->555687K(1398144K)
[1109.347s][info][gc,metaspace   ] GC(1633) Metaspace: 23189K(23552K)->23189K(23552K) NonClass: 20390K(20608K)->20390K(20608K) Class: 2798K(2944K)->2798K(2944K)
[1109.347s][info][gc             ] GC(1633) Pause Young (Allocation Failure) 1092M->610M(1979M) 475.439ms
[1109.347s][info][gc,cpu         ] GC(1633) User=0.48s Sys=0.00s Real=0.47s
[1109.887s][info][gc,start       ] GC(1634) Pause Young (Allocation Failure)
[1110.258s][info][gc,heap        ] GC(1634) DefNew: 629119K(629120K)->69887K(629120K) Eden: 559232K(559232K)->0K(559232K) From: 69887K(69888K)->69887K(69888K)
[1110.258s][info][gc,heap        ] GC(1634) Tenured: 555687K(1398144K)->597640K(1398144K)
[1110.258s][info][gc,metaspace   ] GC(1634) Metaspace: 23189K(23552K)->23189K(23552K) NonClass: 20390K(20608K)->20390K(20608K) Class: 2798K(2944K)->2798K(2944K)
[1110.258s][info][gc             ] GC(1634) Pause Young (Allocation Failure) 1157M->651M(1979M) 370.885ms
[1110.258s][info][gc,cpu         ] GC(1634) User=0.34s Sys=0.00s Real=0.37s
[1110.407s][info][gc,start       ] GC(1635) Pause Young (Allocation Failure)
[1110.873s][info][gc,heap        ] GC(1635) DefNew: 629119K(629120K)->69888K(629120K) Eden: 559232K(559232K)->0K(559232K) From: 69887K(69888K)->69888K(69888K)
[1110.873s][info][gc,heap        ] GC(1635) Tenured: 597640K(1398144K)->662860K(1398144K)
[1110.873s][info][gc,metaspace   ] GC(1635) Metaspace: 23189K(23552K)->23189K(23552K) NonClass: 20390K(20608K)->20390K(20608K) Class: 2798K(2944K)->2798K(2944K)
[1110.873s][info][gc             ] GC(1635) Pause Young (Allocation Failure) 1198M->715M(1979M) 466.231ms
[1110.873s][info][gc,cpu         ] GC(1635) User=0.44s Sys=0.00s Real=0.47s
[1111.405s][info][gc,start       ] GC(1636) Pause Young (Allocation Failure)
[1111.646s][info][gc,heap        ] GC(1636) DefNew: 629120K(629120K)->40505K(629120K) Eden: 559232K(559232K)->0K(559232K) From: 69888K(69888K)->40505K(69888K)
[1111.646s][info][gc,heap        ] GC(1636) Tenured: 662860K(1398144K)->698583K(1398144K)
[1111.646s][info][gc,metaspace   ] GC(1636) Metaspace: 23189K(23552K)->23189K(23552K) NonClass: 20390K(20608K)->20390K(20608K) Class: 2798K(2944K)->2798K(2944K)
[1111.646s][info][gc             ] GC(1636) Pause Young (Allocation Failure) 1261M->721M(1979M) 241.834ms
[1111.646s][info][gc,cpu         ] GC(1636) User=0.25s Sys=0.00s Real=0.24s
[1111.788s][info][gc,start       ] GC(1637) Pause Young (Allocation Failure)
[1112.170s][info][gc,heap        ] GC(1637) DefNew: 599737K(629120K)->69887K(629120K) Eden: 559232K(559232K)->0K(559232K) From: 40505K(69888K)->69887K(69888K)
[1112.170s][info][gc,heap        ] GC(1637) Tenured: 698583K(1398144K)->739027K(1398144K)
[1112.170s][info][gc,metaspace   ] GC(1637) Metaspace: 23189K(23552K)->23189K(23552K) NonClass: 20390K(20608K)->20390K(20608K) Class: 2798K(2944K)->2798K(2944K)
[1112.170s][info][gc             ] GC(1637) Pause Young (Allocation Failure) 1267M->789M(1979M) 382.414ms
[1112.170s][info][gc,cpu         ] GC(1637) User=0.38s Sys=0.00s Real=0.38s
[1112.315s][info][gc,start       ] GC(1638) Pause Young (Allocation Failure)
[1112.786s][info][gc,heap        ] GC(1638) DefNew: 629119K(629120K)->69888K(629120K) Eden: 559232K(559232K)->0K(559232K) From: 69887K(69888K)->69888K(69888K)
[1112.786s][info][gc,heap        ] GC(1638) Tenured: 739027K(1398144K)->804831K(1398144K)
[1112.786s][info][gc,metaspace   ] GC(1638) Metaspace: 23189K(23552K)->23189K(23552K) NonClass: 20390K(20608K)->20390K(20608K) Class: 2798K(2944K)->2798K(2944K)
[1112.786s][info][gc             ] GC(1638) Pause Young (Allocation Failure) 1336M->854M(1979M) 470.757ms
[1112.786s][info][gc,cpu         ] GC(1638) User=0.45s Sys=0.00s Real=0.47s
[1113.390s][info][gc,start       ] GC(1639) Pause Young (Allocation Failure)
[1113.682s][info][gc,heap        ] GC(1639) DefNew: 629120K(629120K)->56676K(629120K) Eden: 559232K(559232K)->0K(559232K) From: 69888K(69888K)->56676K(69888K)
[1113.682s][info][gc,heap        ] GC(1639) Tenured: 804831K(1398144K)->837946K(1398144K)
[1113.682s][info][gc,metaspace   ] GC(1639) Metaspace: 23189K(23552K)->23189K(23552K) NonClass: 20390K(20608K)->20390K(20608K) Class: 2798K(2944K)->2798K(2944K)
[1113.683s][info][gc             ] GC(1639) Pause Young (Allocation Failure) 1400M->873M(1979M) 292.923ms
[1113.683s][info][gc,cpu         ] GC(1639) User=0.31s Sys=0.00s Real=0.30s
[1113.828s][info][gc,start       ] GC(1640) Pause Young (Allocation Failure)
[1114.265s][info][gc,heap        ] GC(1640) DefNew: 615908K(629120K)->69887K(629120K) Eden: 559232K(559232K)->0K(559232K) From: 56676K(69888K)->69887K(69888K)
[1114.265s][info][gc,heap        ] GC(1640) Tenured: 837946K(1398144K)->894694K(1398144K)
[1114.265s][info][gc,metaspace   ] GC(1640) Metaspace: 23189K(23552K)->23189K(23552K) NonClass: 20390K(20608K)->20390K(20608K) Class: 2798K(2944K)->2798K(2944K)
[1114.265s][info][gc             ] GC(1640) Pause Young (Allocation Failure) 1419M->941M(1979M) 436.809ms
[1114.265s][info][gc,cpu         ] GC(1640) User=0.41s Sys=0.00s Real=0.44s
[1114.613s][info][gc,start       ] GC(1641) Pause Young (Allocation Failure)
[1114.946s][info][gc,heap        ] GC(1641) DefNew: 629119K(629120K)->67351K(629120K) Eden: 559232K(559232K)->0K(559232K) From: 69887K(69888K)->67351K(69888K)
[1114.946s][info][gc,heap        ] GC(1641) Tenured: 894694K(1398144K)->934748K(1398144K)
[1114.946s][info][gc,metaspace   ] GC(1641) Metaspace: 23189K(23552K)->23189K(23552K) NonClass: 20390K(20608K)->20390K(20608K) Class: 2798K(2944K)->2798K(2944K)
[1114.946s][info][gc             ] GC(1641) Pause Young (Allocation Failure) 1488M->978M(1979M) 333.573ms
[1114.946s][info][gc,cpu         ] GC(1641) User=0.31s Sys=0.00s Real=0.33s
[1115.317s][info][gc,start       ] GC(1642) Pause Young (Allocation Failure)
[1115.626s][info][gc,heap        ] GC(1642) DefNew: 626583K(629120K)->65914K(629120K) Eden: 559232K(559232K)->0K(559232K) From: 67351K(69888K)->65914K(69888K)
[1115.626s][info][gc,heap        ] GC(1642) Tenured: 934748K(1398144K)->970571K(1398144K)
[1115.626s][info][gc,metaspace   ] GC(1642) Metaspace: 23189K(23552K)->23189K(23552K) NonClass: 20390K(20608K)->20390K(20608K) Class: 2798K(2944K)->2798K(2944K)
[1115.626s][info][gc             ] GC(1642) Pause Young (Allocation Failure) 1524M->1012M(1979M) 308.925ms
[1115.626s][info][gc,cpu         ] GC(1642) User=0.28s Sys=0.00s Real=0.31s
[1115.781s][info][gc,start       ] GC(1643) Pause Young (Allocation Failure)
[1116.271s][info][gc,heap        ] GC(1643) DefNew: 625146K(629120K)->69887K(629120K) Eden: 559232K(559232K)->0K(559232K) From: 65914K(69888K)->69887K(69888K)
[1116.271s][info][gc,heap        ] GC(1643) Tenured: 970571K(1398144K)->1039259K(1398144K)
[1116.271s][info][gc,metaspace   ] GC(1643) Metaspace: 23189K(23552K)->23189K(23552K) NonClass: 20390K(20608K)->20390K(20608K) Class: 2798K(2944K)->2798K(2944K)
[1116.271s][info][gc             ] GC(1643) Pause Young (Allocation Failure) 1558M->1083M(1979M) 490.194ms
[1116.271s][info][gc,cpu         ] GC(1643) User=0.48s Sys=0.00s Real=0.49s
[1116.846s][info][gc,start       ] GC(1644) Pause Young (Allocation Failure)
[1117.105s][info][gc,heap        ] GC(1644) DefNew: 629119K(629120K)->44261K(629120K) Eden: 559232K(559232K)->0K(559232K) From: 69887K(69888K)->44261K(69888K)
[1117.105s][info][gc,heap        ] GC(1644) Tenured: 1039259K(1398144K)->1072511K(1398144K)
[1117.105s][info][gc,metaspace   ] GC(1644) Metaspace: 23189K(23552K)->23189K(23552K) NonClass: 20390K(20608K)->20390K(20608K) Class: 2798K(2944K)->2798K(2944K)
[1117.105s][info][gc             ] GC(1644) Pause Young (Allocation Failure) 1629M->1090M(1979M) 259.602ms
[1117.106s][info][gc,cpu         ] GC(1644) User=0.25s Sys=0.00s Real=0.27s
[1117.253s][info][gc,start       ] GC(1645) Pause Young (Allocation Failure)
[1117.651s][info][gc,heap        ] GC(1645) DefNew: 603493K(629120K)->69888K(629120K) Eden: 559232K(559232K)->0K(559232K) From: 44261K(69888K)->69888K(69888K)
[1117.651s][info][gc,heap        ] GC(1645) Tenured: 1072511K(1398144K)->1119500K(1398144K)
[1117.651s][info][gc,metaspace   ] GC(1645) Metaspace: 23189K(23552K)->23189K(23552K) NonClass: 20390K(20608K)->20390K(20608K) Class: 2798K(2944K)->2798K(2944K)
[1117.651s][info][gc             ] GC(1645) Pause Young (Allocation Failure) 1636M->1161M(1979M) 397.688ms
[1117.651s][info][gc,cpu         ] GC(1645) User=0.38s Sys=0.00s Real=0.39s
[1117.837s][info][gc,start       ] GC(1646) Pause Young (Allocation Failure)
[1118.343s][info][gc,heap        ] GC(1646) DefNew: 629120K(629120K)->69888K(629120K) Eden: 559232K(559232K)->0K(559232K) From: 69888K(69888K)->69888K(69888K)
[1118.343s][info][gc,heap        ] GC(1646) Tenured: 1119500K(1398144K)->1189283K(1398144K)
[1118.344s][info][gc,metaspace   ] GC(1646) Metaspace: 23189K(23552K)->23189K(23552K) NonClass: 20390K(20608K)->20390K(20608K) Class: 2798K(2944K)->2798K(2944K)
[1118.344s][info][gc             ] GC(1646) Pause Young (Allocation Failure) 1707M->1229M(1979M) 506.471ms
[1118.344s][info][gc,cpu         ] GC(1646) User=0.52s Sys=0.00s Real=0.50s
[1118.809s][info][gc,start       ] GC(1647) Pause Young (Allocation Failure)
[1119.131s][info][gc,heap        ] GC(1647) DefNew: 629120K(629120K)->59637K(629120K) Eden: 559232K(559232K)->0K(559232K) From: 69888K(69888K)->59637K(69888K)
[1119.131s][info][gc,heap        ] GC(1647) Tenured: 1189283K(1398144K)->1222025K(1398144K)
[1119.131s][info][gc,metaspace   ] GC(1647) Metaspace: 23189K(23552K)->23189K(23552K) NonClass: 20390K(20608K)->20390K(20608K) Class: 2798K(2944K)->2798K(2944K)
[1119.131s][info][gc             ] GC(1647) Pause Young (Allocation Failure) 1775M->1251M(1979M) 322.089ms
[1119.131s][info][gc,cpu         ] GC(1647) User=0.28s Sys=0.00s Real=0.32s
[1119.281s][info][gc,start       ] GC(1648) Pause Young (Allocation Failure)
[1119.741s][info][gc,heap        ] GC(1648) DefNew: 618869K(629120K)->69888K(629120K) Eden: 559232K(559232K)->0K(559232K) From: 59637K(69888K)->69888K(69888K)
[1119.741s][info][gc,heap        ] GC(1648) Tenured: 1222025K(1398144K)->1281831K(1398144K)
[1119.741s][info][gc,metaspace   ] GC(1648) Metaspace: 23189K(23552K)->23189K(23552K) NonClass: 20390K(20608K)->20390K(20608K) Class: 2798K(2944K)->2798K(2944K)
[1119.741s][info][gc             ] GC(1648) Pause Young (Allocation Failure) 1797M->1320M(1979M) 460.877ms
[1119.741s][info][gc,cpu         ] GC(1648) User=0.45s Sys=0.00s Real=0.45s
[1120.224s][info][gc,start       ] GC(1649) Pause Young (Allocation Failure)
[1120.502s][info][gc,heap        ] GC(1649) DefNew: 629120K(629120K)->53909K(629120K) Eden: 559232K(559232K)->0K(559232K) From: 69888K(69888K)->53909K(69888K)
[1120.502s][info][gc,heap        ] GC(1649) Tenured: 1281831K(1398144K)->1316522K(1398144K)
[1120.502s][info][gc,metaspace   ] GC(1649) Metaspace: 23189K(23552K)->23189K(23552K) NonClass: 20390K(20608K)->20390K(20608K) Class: 2798K(2944K)->2798K(2944K)
[1120.502s][info][gc             ] GC(1649) Pause Young (Allocation Failure) 1866M->1338M(1979M) 277.655ms
[1120.502s][info][gc,cpu         ] GC(1649) User=0.23s Sys=0.00s Real=0.27s
[1120.612s][info][gc,start       ] GC(1650) Pause Full (System.gc())
[1120.612s][info][gc,phases,start] GC(1650) Phase 1: Mark live objects
[1120.789s][info][gc,phases      ] GC(1650) Phase 1: Mark live objects 177.589ms
[1120.789s][info][gc,phases,start] GC(1650) Phase 2: Compute new object addresses
[1121.009s][info][gc,phases      ] GC(1650) Phase 2: Compute new object addresses 219.395ms
[1121.009s][info][gc,phases,start] GC(1650) Phase 3: Adjust pointers
[1121.075s][info][gc,phases      ] GC(1650) Phase 3: Adjust pointers 65.705ms
[1121.075s][info][gc,phases,start] GC(1650) Phase 4: Move objects
[1121.101s][info][gc,phases      ] GC(1650) Phase 4: Move objects 26.852ms
[1121.102s][info][gc,heap        ] GC(1650) DefNew: 133268K(629120K)->0K(629120K) Eden: 79359K(559232K)->0K(559232K) From: 53909K(69888K)->0K(69888K)
[1121.102s][info][gc,heap        ] GC(1650) Tenured: 1316522K(1398144K)->168802K(1398144K)
[1121.102s][info][gc,metaspace   ] GC(1650) Metaspace: 23191K(23552K)->23191K(23552K) NonClass: 20392K(20608K)->20392K(20608K) Class: 2798K(2944K)->2798K(2944K)
[1121.102s][info][gc             ] GC(1650) Pause Full (System.gc()) 1415M->164M(1979M) 490.198ms
[1121.102s][info][gc,cpu         ] GC(1650) User=0.47s Sys=0.00s Real=0.49s
[1121.270s][info][gc,start       ] GC(1651) Pause Young (Allocation Failure)
[1121.589s][info][gc,heap        ] GC(1651) DefNew: 559232K(629120K)->69887K(629120K) Eden: 559232K(559232K)->0K(559232K) From: 0K(69888K)->69887K(69888K)
[1121.589s][info][gc,heap        ] GC(1651) Tenured: 168802K(1398144K)->178734K(1398144K)
[1121.589s][info][gc,metaspace   ] GC(1651) Metaspace: 23200K(23552K)->23200K(23552K) NonClass: 20401K(20608K)->20401K(20608K) Class: 2798K(2944K)->2798K(2944K)
[1121.589s][info][gc             ] GC(1651) Pause Young (Allocation Failure) 710M->242M(1979M) 318.484ms
[1121.589s][info][gc,cpu         ] GC(1651) User=0.31s Sys=0.00s Real=0.31s
[1121.734s][info][gc,start       ] GC(1652) Pause Young (Allocation Failure)
[1122.212s][info][gc,heap        ] GC(1652) DefNew: 629119K(629120K)->69888K(629120K) Eden: 559232K(559232K)->0K(559232K) From: 69887K(69888K)->69888K(69888K)
[1122.212s][info][gc,heap        ] GC(1652) Tenured: 178734K(1398144K)->243484K(1398144K)
[1122.212s][info][gc,metaspace   ] GC(1652) Metaspace: 23200K(23552K)->23200K(23552K) NonClass: 20401K(20608K)->20401K(20608K) Class: 2798K(2944K)->2798K(2944K)
[1122.212s][info][gc             ] GC(1652) Pause Young (Allocation Failure) 788M->306M(1979M) 478.774ms
[1122.213s][info][gc,cpu         ] GC(1652) User=0.41s Sys=0.00s Real=0.47s
[1122.746s][info][gc,start       ] GC(1653) Pause Young (Allocation Failure)
[1123.061s][info][gc,heap        ] GC(1653) DefNew: 629120K(629120K)->61174K(629120K) Eden: 559232K(559232K)->0K(559232K) From: 69888K(69888K)->61174K(69888K)
[1123.061s][info][gc,heap        ] GC(1653) Tenured: 243484K(1398144K)->276086K(1398144K)
[1123.061s][info][gc,metaspace   ] GC(1653) Metaspace: 23200K(23552K)->23200K(23552K) NonClass: 20401K(20608K)->20401K(20608K) Class: 2798K(2944K)->2798K(2944K)
[1123.061s][info][gc             ] GC(1653) Pause Young (Allocation Failure) 852M->329M(1979M) 315.386ms
[1123.061s][info][gc,cpu         ] GC(1653) User=0.31s Sys=0.00s Real=0.31s
[1123.208s][info][gc,start       ] GC(1654) Pause Young (Allocation Failure)
[1123.656s][info][gc,heap        ] GC(1654) DefNew: 620406K(629120K)->69887K(629120K) Eden: 559232K(559232K)->0K(559232K) From: 61174K(69888K)->69887K(69888K)
[1123.656s][info][gc,heap        ] GC(1654) Tenured: 276086K(1398144K)->337301K(1398144K)
[1123.656s][info][gc,metaspace   ] GC(1654) Metaspace: 23200K(23552K)->23200K(23552K) NonClass: 20401K(20608K)->20401K(20608K) Class: 2798K(2944K)->2798K(2944K)
[1123.656s][info][gc             ] GC(1654) Pause Young (Allocation Failure) 875M->397M(1979M) 448.745ms
[1123.656s][info][gc,cpu         ] GC(1654) User=0.39s Sys=0.03s Real=0.44s
[1124.070s][info][gc,start       ] GC(1655) Pause Young (Allocation Failure)
[1124.362s][info][gc,heap        ] GC(1655) DefNew: 629119K(629120K)->57984K(629120K) Eden: 559232K(559232K)->0K(559232K) From: 69887K(69888K)->57984K(69888K)
[1124.362s][info][gc,heap        ] GC(1655) Tenured: 337301K(1398144K)->373485K(1398144K)
[1124.362s][info][gc,metaspace   ] GC(1655) Metaspace: 23200K(23552K)->23200K(23552K) NonClass: 20401K(20608K)->20401K(20608K) Class: 2798K(2944K)->2798K(2944K)
[1124.362s][info][gc             ] GC(1655) Pause Young (Allocation Failure) 943M->421M(1979M) 291.986ms
[1124.362s][info][gc,cpu         ] GC(1655) User=0.28s Sys=0.00s Real=0.30s
[1124.612s][info][gc,start       ] GC(1656) Pause Young (Allocation Failure)
[1124.932s][info][gc,heap        ] GC(1656) DefNew: 617216K(629120K)->66943K(629120K) Eden: 559232K(559232K)->0K(559232K) From: 57984K(69888K)->66943K(69888K)
[1124.932s][info][gc,heap        ] GC(1656) Tenured: 373485K(1398144K)->409646K(1398144K)
[1124.932s][info][gc,metaspace   ] GC(1656) Metaspace: 23200K(23552K)->23200K(23552K) NonClass: 20401K(20608K)->20401K(20608K) Class: 2798K(2944K)->2798K(2944K)
[1124.932s][info][gc             ] GC(1656) Pause Young (Allocation Failure) 967M->465M(1979M) 320.134ms
[1124.932s][info][gc,cpu         ] GC(1656) User=0.33s Sys=0.00s Real=0.31s
[1125.088s][info][gc,start       ] GC(1657) Pause Young (Allocation Failure)
[1125.553s][info][gc,heap        ] GC(1657) DefNew: 626175K(629120K)->69887K(629120K) Eden: 559232K(559232K)->0K(559232K) From: 66943K(69888K)->69887K(69888K)
[1125.553s][info][gc,heap        ] GC(1657) Tenured: 409646K(1398144K)->472401K(1398144K)
[1125.553s][info][gc,metaspace   ] GC(1657) Metaspace: 23200K(23552K)->23200K(23552K) NonClass: 20401K(20608K)->20401K(20608K) Class: 2798K(2944K)->2798K(2944K)
[1125.553s][info][gc             ] GC(1657) Pause Young (Allocation Failure) 1011M->529M(1979M) 464.899ms
[1125.553s][info][gc,cpu         ] GC(1657) User=0.47s Sys=0.00s Real=0.46s
[1126.141s][info][gc,start       ] GC(1658) Pause Young (Allocation Failure)
[1126.418s][info][gc,heap        ] GC(1658) DefNew: 629119K(629120K)->50926K(629120K) Eden: 559232K(559232K)->0K(559232K) From: 69887K(69888K)->50926K(69888K)
[1126.418s][info][gc,heap        ] GC(1658) Tenured: 472401K(1398144K)->508932K(1398144K)
[1126.418s][info][gc,metaspace   ] GC(1658) Metaspace: 23200K(23552K)->23200K(23552K) NonClass: 20401K(20608K)->20401K(20608K) Class: 2798K(2944K)->2798K(2944K)
[1126.418s][info][gc             ] GC(1658) Pause Young (Allocation Failure) 1075M->546M(1979M) 276.717ms
[1126.418s][info][gc,cpu         ] GC(1658) User=0.31s Sys=0.00s Real=0.27s
[1126.564s][info][gc,start       ] GC(1659) Pause Young (Allocation Failure)
[1126.979s][info][gc,heap        ] GC(1659) DefNew: 610158K(629120K)->69887K(629120K) Eden: 559232K(559232K)->0K(559232K) From: 50926K(69888K)->69887K(69888K)
[1126.979s][info][gc,heap        ] GC(1659) Tenured: 508932K(1398144K)->558817K(1398144K)
[1126.979s][info][gc,metaspace   ] GC(1659) Metaspace: 23200K(23552K)->23200K(23552K) NonClass: 20401K(20608K)->20401K(20608K) Class: 2798K(2944K)->2798K(2944K)
[1126.979s][info][gc             ] GC(1659) Pause Young (Allocation Failure) 1092M->613M(1979M) 414.384ms
[1126.979s][info][gc,cpu         ] GC(1659) User=0.42s Sys=0.00s Real=0.42s
[1127.171s][info][gc,start       ] GC(1660) Pause Young (Allocation Failure)
[1127.635s][info][gc,heap        ] GC(1660) DefNew: 629119K(629120K)->69888K(629120K) Eden: 559232K(559232K)->0K(559232K) From: 69887K(69888K)->69888K(69888K)
[1127.635s][info][gc,heap        ] GC(1660) Tenured: 558817K(1398144K)->611397K(1398144K)
[1127.635s][info][gc,metaspace   ] GC(1660) Metaspace: 23200K(23552K)->23200K(23552K) NonClass: 20401K(20608K)->20401K(20608K) Class: 2798K(2944K)->2798K(2944K)
[1127.635s][info][gc             ] GC(1660) Pause Young (Allocation Failure) 1160M->665M(1979M) 463.788ms
[1127.635s][info][gc,cpu         ] GC(1660) User=0.45s Sys=0.00s Real=0.47s
[1128.127s][info][gc,start       ] GC(1661) Pause Young (Allocation Failure)
[1128.415s][info][gc,heap        ] GC(1661) DefNew: 629120K(629120K)->60665K(629120K) Eden: 559232K(559232K)->0K(559232K) From: 69888K(69888K)->60665K(69888K)
[1128.415s][info][gc,heap        ] GC(1661) Tenured: 611397K(1398144K)->644649K(1398144K)
[1128.415s][info][gc,metaspace   ] GC(1661) Metaspace: 23200K(23552K)->23200K(23552K) NonClass: 20401K(20608K)->20401K(20608K) Class: 2798K(2944K)->2798K(2944K)
[1128.415s][info][gc             ] GC(1661) Pause Young (Allocation Failure) 1211M->688M(1979M) 288.446ms
[1128.415s][info][gc,cpu         ] GC(1661) User=0.28s Sys=0.00s Real=0.30s
[1128.558s][info][gc,start       ] GC(1662) Pause Young (Allocation Failure)
[1129.000s][info][gc,heap        ] GC(1662) DefNew: 619897K(629120K)->69888K(629120K) Eden: 559232K(559232K)->0K(559232K) From: 60665K(69888K)->69888K(69888K)
[1129.000s][info][gc,heap        ] GC(1662) Tenured: 644649K(1398144K)->700361K(1398144K)
[1129.000s][info][gc,metaspace   ] GC(1662) Metaspace: 23200K(23552K)->23200K(23552K) NonClass: 20401K(20608K)->20401K(20608K) Class: 2798K(2944K)->2798K(2944K)
[1129.000s][info][gc             ] GC(1662) Pause Young (Allocation Failure) 1234M->752M(1979M) 441.573ms
[1129.000s][info][gc,cpu         ] GC(1662) User=0.44s Sys=0.00s Real=0.44s
[1129.490s][info][gc,start       ] GC(1663) Pause Young (Allocation Failure)
[1129.768s][info][gc,heap        ] GC(1663) DefNew: 629120K(629120K)->54931K(629120K) Eden: 559232K(559232K)->0K(559232K) From: 69888K(69888K)->54931K(69888K)
[1129.768s][info][gc,heap        ] GC(1663) Tenured: 700361K(1398144K)->736148K(1398144K)
[1129.768s][info][gc,metaspace   ] GC(1663) Metaspace: 23200K(23552K)->23200K(23552K) NonClass: 20401K(20608K)->20401K(20608K) Class: 2798K(2944K)->2798K(2944K)
[1129.768s][info][gc             ] GC(1663) Pause Young (Allocation Failure) 1298M->772M(1979M) 277.946ms
[1129.768s][info][gc,cpu         ] GC(1663) User=0.25s Sys=0.00s Real=0.28s
[1130.042s][info][gc,start       ] GC(1664) Pause Young (Allocation Failure)
[1130.400s][info][gc,heap        ] GC(1664) DefNew: 614163K(629120K)->69887K(629120K) Eden: 559232K(559232K)->0K(559232K) From: 54931K(69888K)->69887K(69888K)
[1130.400s][info][gc,heap        ] GC(1664) Tenured: 736148K(1398144K)->780817K(1398144K)
[1130.400s][info][gc,metaspace   ] GC(1664) Metaspace: 23200K(23552K)->23200K(23552K) NonClass: 20401K(20608K)->20401K(20608K) Class: 2798K(2944K)->2798K(2944K)
[1130.400s][info][gc             ] GC(1664) Pause Young (Allocation Failure) 1318M->830M(1979M) 358.772ms
[1130.401s][info][gc,cpu         ] GC(1664) User=0.36s Sys=0.00s Real=0.36s
[1130.555s][info][gc,start       ] GC(1665) Pause Young (Allocation Failure)
[1131.040s][info][gc,heap        ] GC(1665) DefNew: 629119K(629120K)->69887K(629120K) Eden: 559232K(559232K)->0K(559232K) From: 69887K(69888K)->69887K(69888K)
[1131.040s][info][gc,heap        ] GC(1665) Tenured: 780817K(1398144K)->850715K(1398144K)
[1131.040s][info][gc,metaspace   ] GC(1665) Metaspace: 23200K(23552K)->23200K(23552K) NonClass: 20401K(20608K)->20401K(20608K) Class: 2798K(2944K)->2798K(2944K)
[1131.040s][info][gc             ] GC(1665) Pause Young (Allocation Failure) 1376M->899M(1979M) 485.249ms
[1131.040s][info][gc,cpu         ] GC(1665) User=0.48s Sys=0.00s Real=0.49s
[1131.518s][info][gc,start       ] GC(1666) Pause Young (Allocation Failure)
[1131.831s][info][gc,heap        ] GC(1666) DefNew: 629119K(629120K)->58785K(629120K) Eden: 559232K(559232K)->0K(559232K) From: 69887K(69888K)->58785K(69888K)
[1131.831s][info][gc,heap        ] GC(1666) Tenured: 850715K(1398144K)->886937K(1398144K)
[1131.831s][info][gc,metaspace   ] GC(1666) Metaspace: 23200K(23552K)->23200K(23552K) NonClass: 20401K(20608K)->20401K(20608K) Class: 2798K(2944K)->2798K(2944K)
[1131.831s][info][gc             ] GC(1666) Pause Young (Allocation Failure) 1445M->923M(1979M) 312.276ms
[1131.831s][info][gc,cpu         ] GC(1666) User=0.33s Sys=0.00s Real=0.31s
[1131.976s][info][gc,start       ] GC(1667) Pause Young (Allocation Failure)
[1132.423s][info][gc,heap        ] GC(1667) DefNew: 618017K(629120K)->69888K(629120K) Eden: 559232K(559232K)->0K(559232K) From: 58785K(69888K)->69888K(69888K)
[1132.423s][info][gc,heap        ] GC(1667) Tenured: 886937K(1398144K)->944052K(1398144K)
[1132.423s][info][gc,metaspace   ] GC(1667) Metaspace: 23200K(23552K)->23200K(23552K) NonClass: 20401K(20608K)->20401K(20608K) Class: 2798K(2944K)->2798K(2944K)
[1132.423s][info][gc             ] GC(1667) Pause Young (Allocation Failure) 1469M->990M(1979M) 446.910ms
[1132.423s][info][gc,cpu         ] GC(1667) User=0.44s Sys=0.00s Real=0.45s
[1132.818s][info][gc,start       ] GC(1668) Pause Young (Allocation Failure)
[1133.151s][info][gc,heap        ] GC(1668) DefNew: 629120K(629120K)->65701K(629120K) Eden: 559232K(559232K)->0K(559232K) From: 69888K(69888K)->65701K(69888K)
[1133.151s][info][gc,heap        ] GC(1668) Tenured: 944052K(1398144K)->980898K(1398144K)
[1133.151s][info][gc,metaspace   ] GC(1668) Metaspace: 23200K(23552K)->23200K(23552K) NonClass: 20401K(20608K)->20401K(20608K) Class: 2798K(2944K)->2798K(2944K)
[1133.151s][info][gc             ] GC(1668) Pause Young (Allocation Failure) 1536M->1022M(1979M) 333.116ms
[1133.151s][info][gc,cpu         ] GC(1668) User=0.31s Sys=0.00s Real=0.33s
[1133.463s][info][gc,start       ] GC(1669) Pause Young (Allocation Failure)
[1133.768s][info][gc,heap        ] GC(1669) DefNew: 624933K(629120K)->65360K(629120K) Eden: 559232K(559232K)->0K(559232K) From: 65701K(69888K)->65360K(69888K)
[1133.768s][info][gc,heap        ] GC(1669) Tenured: 980898K(1398144K)->1017187K(1398144K)
[1133.768s][info][gc,metaspace   ] GC(1669) Metaspace: 23200K(23552K)->23200K(23552K) NonClass: 20401K(20608K)->20401K(20608K) Class: 2798K(2944K)->2798K(2944K)
[1133.768s][info][gc             ] GC(1669) Pause Young (Allocation Failure) 1568M->1057M(1979M) 305.377ms
[1133.768s][info][gc,cpu         ] GC(1669) User=0.28s Sys=0.00s Real=0.30s
[1133.915s][info][gc,start       ] GC(1670) Pause Young (Allocation Failure)
[1134.372s][info][gc,heap        ] GC(1670) DefNew: 624592K(629120K)->69888K(629120K) Eden: 559232K(559232K)->0K(559232K) From: 65360K(69888K)->69888K(69888K)
[1134.372s][info][gc,heap        ] GC(1670) Tenured: 1017187K(1398144K)->1077552K(1398144K)
[1134.372s][info][gc,metaspace   ] GC(1670) Metaspace: 23200K(23552K)->23200K(23552K) NonClass: 20401K(20608K)->20401K(20608K) Class: 2798K(2944K)->2798K(2944K)
[1134.372s][info][gc             ] GC(1670) Pause Young (Allocation Failure) 1603M->1120M(1979M) 457.608ms
[1134.372s][info][gc,cpu         ] GC(1670) User=0.45s Sys=0.00s Real=0.45s
[1134.990s][info][gc,start       ] GC(1671) Pause Young (Allocation Failure)
[1135.245s][info][gc,heap        ] GC(1671) DefNew: 629120K(629120K)->45156K(629120K) Eden: 559232K(559232K)->0K(559232K) From: 69888K(69888K)->45156K(69888K)
[1135.245s][info][gc,heap        ] GC(1671) Tenured: 1077552K(1398144K)->1112796K(1398144K)
[1135.245s][info][gc,metaspace   ] GC(1671) Metaspace: 23200K(23552K)->23200K(23552K) NonClass: 20401K(20608K)->20401K(20608K) Class: 2798K(2944K)->2798K(2944K)
[1135.246s][info][gc             ] GC(1671) Pause Young (Allocation Failure) 1666M->1130M(1979M) 255.562ms
[1135.246s][info][gc,cpu         ] GC(1671) User=0.25s Sys=0.00s Real=0.25s
[1135.387s][info][gc,start       ] GC(1672) Pause Young (Allocation Failure)
[1135.767s][info][gc,heap        ] GC(1672) DefNew: 604388K(629120K)->69887K(629120K) Eden: 559232K(559232K)->0K(559232K) From: 45156K(69888K)->69887K(69888K)
[1135.767s][info][gc,heap        ] GC(1672) Tenured: 1112796K(1398144K)->1154977K(1398144K)
[1135.767s][info][gc,metaspace   ] GC(1672) Metaspace: 23200K(23552K)->23200K(23552K) NonClass: 20401K(20608K)->20401K(20608K) Class: 2798K(2944K)->2798K(2944K)
[1135.767s][info][gc             ] GC(1672) Pause Young (Allocation Failure) 1676M->1196M(1979M) 380.295ms
[1135.767s][info][gc,cpu         ] GC(1672) User=0.31s Sys=0.00s Real=0.38s
[1135.921s][info][gc,start       ] GC(1673) Pause Young (Allocation Failure)
[1136.388s][info][gc,heap        ] GC(1673) DefNew: 629119K(629120K)->69887K(629120K) Eden: 559232K(559232K)->0K(559232K) From: 69887K(69888K)->69887K(69888K)
[1136.388s][info][gc,heap        ] GC(1673) Tenured: 1154977K(1398144K)->1221110K(1398144K)
[1136.388s][info][gc,metaspace   ] GC(1673) Metaspace: 23200K(23552K)->23200K(23552K) NonClass: 20401K(20608K)->20401K(20608K) Class: 2798K(2944K)->2798K(2944K)
[1136.388s][info][gc             ] GC(1673) Pause Young (Allocation Failure) 1742M->1260M(1979M) 467.788ms
[1136.388s][info][gc,cpu         ] GC(1673) User=0.45s Sys=0.00s Real=0.47s
[1136.958s][info][gc,start       ] GC(1674) Pause Young (Allocation Failure)
[1137.277s][info][gc,heap        ] GC(1674) DefNew: 629119K(629120K)->59175K(629120K) Eden: 559232K(559232K)->0K(559232K) From: 69887K(69888K)->59175K(69888K)
[1137.277s][info][gc,heap        ] GC(1674) Tenured: 1221110K(1398144K)->1254751K(1398144K)
[1137.277s][info][gc,metaspace   ] GC(1674) Metaspace: 23200K(23552K)->23200K(23552K) NonClass: 20401K(20608K)->20401K(20608K) Class: 2798K(2944K)->2798K(2944K)
[1137.277s][info][gc             ] GC(1674) Pause Young (Allocation Failure) 1806M->1283M(1979M) 319.446ms
[1137.277s][info][gc,cpu         ] GC(1674) User=0.31s Sys=0.00s Real=0.31s
[1137.430s][info][gc,start       ] GC(1675) Pause Young (Allocation Failure)
[1137.879s][info][gc,heap        ] GC(1675) DefNew: 618407K(629120K)->69888K(629120K) Eden: 559232K(559232K)->0K(559232K) From: 59175K(69888K)->69888K(69888K)
[1137.879s][info][gc,heap        ] GC(1675) Tenured: 1254751K(1398144K)->1314213K(1398144K)
[1137.879s][info][gc,metaspace   ] GC(1675) Metaspace: 23200K(23552K)->23200K(23552K) NonClass: 20401K(20608K)->20401K(20608K) Class: 2798K(2944K)->2798K(2944K)
[1137.879s][info][gc             ] GC(1675) Pause Young (Allocation Failure) 1829M->1351M(1979M) 449.337ms
[1137.879s][info][gc,cpu         ] GC(1675) User=0.42s Sys=0.00s Real=0.46s
[1138.284s][info][gc,start       ] GC(1676) Pause Young (Allocation Failure)
[1138.586s][info][gc,heap        ] GC(1676) DefNew: 629120K(629120K)->63146K(629120K) Eden: 559232K(559232K)->0K(559232K) From: 69888K(69888K)->63146K(69888K)
[1138.586s][info][gc,heap        ] GC(1676) Tenured: 1314213K(1398144K)->1348865K(1398144K)
[1138.586s][info][gc,metaspace   ] GC(1676) Metaspace: 23200K(23552K)->23200K(23552K) NonClass: 20401K(20608K)->20401K(20608K) Class: 2798K(2944K)->2798K(2944K)
[1138.586s][info][gc             ] GC(1676) Pause Young (Allocation Failure) 1897M->1378M(1979M) 302.822ms
[1138.586s][info][gc,cpu         ] GC(1676) User=0.30s Sys=0.00s Real=0.31s
[1138.756s][info][gc,start       ] GC(1677) Pause Full (System.gc())
[1138.756s][info][gc,phases,start] GC(1677) Phase 1: Mark live objects
[1138.947s][info][gc,phases      ] GC(1677) Phase 1: Mark live objects 191.136ms
[1138.947s][info][gc,phases,start] GC(1677) Phase 2: Compute new object addresses
[1139.166s][info][gc,phases      ] GC(1677) Phase 2: Compute new object addresses 218.784ms
[1139.166s][info][gc,phases,start] GC(1677) Phase 3: Adjust pointers
[1139.238s][info][gc,phases      ] GC(1677) Phase 3: Adjust pointers 71.431ms
[1139.238s][info][gc,phases,start] GC(1677) Phase 4: Move objects
[1139.267s][info][gc,phases      ] GC(1677) Phase 4: Move objects 29.027ms
[1139.267s][info][gc,heap        ] GC(1677) DefNew: 164767K(629120K)->0K(629120K) Eden: 101621K(559232K)->0K(559232K) From: 63146K(69888K)->0K(69888K)
[1139.267s][info][gc,heap        ] GC(1677) Tenured: 1348865K(1398144K)->104898K(1398144K)
[1139.267s][info][gc,metaspace   ] GC(1677) Metaspace: 23200K(23552K)->23200K(23552K) NonClass: 20401K(20608K)->20401K(20608K) Class: 2798K(2944K)->2798K(2944K)
[1139.267s][info][gc             ] GC(1677) Pause Full (System.gc()) 1478M->102M(1979M) 511.036ms
[1139.267s][info][gc,cpu         ] GC(1677) User=0.45s Sys=0.00s Real=0.52s
[1139.424s][info][gc,start       ] GC(1678) Pause Young (Allocation Failure)
[1139.726s][info][gc,heap        ] GC(1678) DefNew: 559232K(629120K)->69887K(629120K) Eden: 559232K(559232K)->0K(559232K) From: 0K(69888K)->69887K(69888K)
[1139.726s][info][gc,heap        ] GC(1678) Tenured: 104898K(1398144K)->111215K(1398144K)
[1139.726s][info][gc,metaspace   ] GC(1678) Metaspace: 23200K(23552K)->23200K(23552K) NonClass: 20401K(20608K)->20401K(20608K) Class: 2798K(2944K)->2798K(2944K)
[1139.726s][info][gc             ] GC(1678) Pause Young (Allocation Failure) 648M->176M(1979M) 302.072ms
[1139.726s][info][gc,cpu         ] GC(1678) User=0.28s Sys=0.03s Real=0.30s
[1139.868s][info][gc,start       ] GC(1679) Pause Young (Allocation Failure)
[1140.340s][info][gc,heap        ] GC(1679) DefNew: 629119K(629120K)->69888K(629120K) Eden: 559232K(559232K)->0K(559232K) From: 69887K(69888K)->69888K(69888K)
[1140.340s][info][gc,heap        ] GC(1679) Tenured: 111215K(1398144K)->174954K(1398144K)
[1140.340s][info][gc,metaspace   ] GC(1679) Metaspace: 23200K(23552K)->23200K(23552K) NonClass: 20401K(20608K)->20401K(20608K) Class: 2798K(2944K)->2798K(2944K)
[1140.340s][info][gc             ] GC(1679) Pause Young (Allocation Failure) 722M->239M(1979M) 472.253ms
[1140.340s][info][gc,cpu         ] GC(1679) User=0.42s Sys=0.00s Real=0.47s
[1140.929s][info][gc,start       ] GC(1680) Pause Young (Allocation Failure)
[1141.225s][info][gc,heap        ] GC(1680) DefNew: 629120K(629120K)->58710K(629120K) Eden: 559232K(559232K)->0K(559232K) From: 69888K(69888K)->58710K(69888K)
[1141.226s][info][gc,heap        ] GC(1680) Tenured: 174954K(1398144K)->207505K(1398144K)
[1141.226s][info][gc,metaspace   ] GC(1680) Metaspace: 23200K(23552K)->23200K(23552K) NonClass: 20401K(20608K)->20401K(20608K) Class: 2798K(2944K)->2798K(2944K)
[1141.226s][info][gc             ] GC(1680) Pause Young (Allocation Failure) 785M->259M(1979M) 296.990ms
[1141.226s][info][gc,cpu         ] GC(1680) User=0.28s Sys=0.00s Real=0.29s
[1141.387s][info][gc,start       ] GC(1681) Pause Young (Allocation Failure)
[1141.840s][info][gc,heap        ] GC(1681) DefNew: 617942K(629120K)->69888K(629120K) Eden: 559232K(559232K)->0K(559232K) From: 58710K(69888K)->69888K(69888K)
[1141.840s][info][gc,heap        ] GC(1681) Tenured: 207505K(1398144K)->268218K(1398144K)
[1141.840s][info][gc,metaspace   ] GC(1681) Metaspace: 23200K(23552K)->23200K(23552K) NonClass: 20401K(20608K)->20401K(20608K) Class: 2798K(2944K)->2798K(2944K)
[1141.840s][info][gc             ] GC(1681) Pause Young (Allocation Failure) 806M->330M(1979M) 453.104ms
[1141.840s][info][gc,cpu         ] GC(1681) User=0.44s Sys=0.00s Real=0.46s
[1142.232s][info][gc,start       ] GC(1682) Pause Young (Allocation Failure)
[1142.542s][info][gc,heap        ] GC(1682) DefNew: 629120K(629120K)->61501K(629120K) Eden: 559232K(559232K)->0K(559232K) From: 69888K(69888K)->61501K(69888K)
[1142.542s][info][gc,heap        ] GC(1682) Tenured: 268218K(1398144K)->305324K(1398144K)
[1142.542s][info][gc,metaspace   ] GC(1682) Metaspace: 23200K(23552K)->23200K(23552K) NonClass: 20401K(20608K)->20401K(20608K) Class: 2798K(2944K)->2798K(2944K)
[1142.542s][info][gc             ] GC(1682) Pause Young (Allocation Failure) 876M->358M(1979M) 310.372ms
[1142.542s][info][gc,cpu         ] GC(1682) User=0.31s Sys=0.00s Real=0.31s
[1142.816s][info][gc,start       ] GC(1683) Pause Young (Allocation Failure)
[1143.138s][info][gc,heap        ] GC(1683) DefNew: 620733K(629120K)->67771K(629120K) Eden: 559232K(559232K)->0K(559232K) From: 61501K(69888K)->67771K(69888K)
[1143.138s][info][gc,heap        ] GC(1683) Tenured: 305324K(1398144K)->342726K(1398144K)
[1143.138s][info][gc,metaspace   ] GC(1683) Metaspace: 23200K(23552K)->23200K(23552K) NonClass: 20401K(20608K)->20401K(20608K) Class: 2798K(2944K)->2798K(2944K)
[1143.138s][info][gc             ] GC(1683) Pause Young (Allocation Failure) 904M->400M(1979M) 322.298ms
[1143.138s][info][gc,cpu         ] GC(1683) User=0.33s Sys=0.00s Real=0.33s
[1143.281s][info][gc,start       ] GC(1684) Pause Young (Allocation Failure)
[1143.735s][info][gc,heap        ] GC(1684) DefNew: 627003K(629120K)->69887K(629120K) Eden: 559232K(559232K)->0K(559232K) From: 67771K(69888K)->69887K(69888K)
[1143.735s][info][gc,heap        ] GC(1684) Tenured: 342726K(1398144K)->404232K(1398144K)
[1143.735s][info][gc,metaspace   ] GC(1684) Metaspace: 23200K(23552K)->23200K(23552K) NonClass: 20401K(20608K)->20401K(20608K) Class: 2798K(2944K)->2798K(2944K)
[1143.735s][info][gc             ] GC(1684) Pause Young (Allocation Failure) 947M->463M(1979M) 453.289ms
[1143.735s][info][gc,cpu         ] GC(1684) User=0.41s Sys=0.00s Real=0.46s
[1144.317s][info][gc,start       ] GC(1685) Pause Young (Allocation Failure)
[1144.580s][info][gc,heap        ] GC(1685) DefNew: 629119K(629120K)->46871K(629120K) Eden: 559232K(559232K)->0K(559232K) From: 69887K(69888K)->46871K(69888K)
[1144.580s][info][gc,heap        ] GC(1685) Tenured: 404232K(1398144K)->437645K(1398144K)
[1144.580s][info][gc,metaspace   ] GC(1685) Metaspace: 23200K(23552K)->23200K(23552K) NonClass: 20401K(20608K)->20401K(20608K) Class: 2798K(2944K)->2798K(2944K)
[1144.580s][info][gc             ] GC(1685) Pause Young (Allocation Failure) 1009M->473M(1979M) 262.891ms
[1144.580s][info][gc,cpu         ] GC(1685) User=0.27s Sys=0.00s Real=0.27s
[1144.724s][info][gc,start       ] GC(1686) Pause Young (Allocation Failure)
[1145.144s][info][gc,heap        ] GC(1686) DefNew: 606103K(629120K)->69887K(629120K) Eden: 559232K(559232K)->0K(559232K) From: 46871K(69888K)->69887K(69888K)
[1145.144s][info][gc,heap        ] GC(1686) Tenured: 437645K(1398144K)->486968K(1398144K)
[1145.144s][info][gc,metaspace   ] GC(1686) Metaspace: 23200K(23552K)->23200K(23552K) NonClass: 20401K(20608K)->20401K(20608K) Class: 2798K(2944K)->2798K(2944K)
[1145.144s][info][gc             ] GC(1686) Pause Young (Allocation Failure) 1019M->543M(1979M) 419.504ms
[1145.144s][info][gc,cpu         ] GC(1686) User=0.39s Sys=0.00s Real=0.42s
[1145.303s][info][gc,start       ] GC(1687) Pause Young (Allocation Failure)
[1145.779s][info][gc,heap        ] GC(1687) DefNew: 629119K(629120K)->69887K(629120K) Eden: 559232K(559232K)->0K(559232K) From: 69887K(69888K)->69887K(69888K)
[1145.779s][info][gc,heap        ] GC(1687) Tenured: 486968K(1398144K)->549079K(1398144K)
[1145.779s][info][gc,metaspace   ] GC(1687) Metaspace: 23200K(23552K)->23200K(23552K) NonClass: 20401K(20608K)->20401K(20608K) Class: 2798K(2944K)->2798K(2944K)
[1145.779s][info][gc             ] GC(1687) Pause Young (Allocation Failure) 1089M->604M(1979M) 476.282ms
[1145.779s][info][gc,cpu         ] GC(1687) User=0.47s Sys=0.00s Real=0.47s
[1146.282s][info][gc,start       ] GC(1688) Pause Young (Allocation Failure)
[1146.585s][info][gc,heap        ] GC(1688) DefNew: 629119K(629120K)->57132K(629120K) Eden: 559232K(559232K)->0K(559232K) From: 69887K(69888K)->57132K(69888K)
[1146.585s][info][gc,heap        ] GC(1688) Tenured: 549079K(1398144K)->584131K(1398144K)
[1146.585s][info][gc,metaspace   ] GC(1688) Metaspace: 23200K(23552K)->23200K(23552K) NonClass: 20401K(20608K)->20401K(20608K) Class: 2798K(2944K)->2798K(2944K)
[1146.585s][info][gc             ] GC(1688) Pause Young (Allocation Failure) 1150M->626M(1979M) 302.518ms
[1146.585s][info][gc,cpu         ] GC(1688) User=0.31s Sys=0.00s Real=0.30s
[1146.722s][info][gc,start       ] GC(1689) Pause Young (Allocation Failure)
[1147.160s][info][gc,heap        ] GC(1689) DefNew: 616364K(629120K)->69887K(629120K) Eden: 559232K(559232K)->0K(559232K) From: 57132K(69888K)->69887K(69888K)
[1147.160s][info][gc,heap        ] GC(1689) Tenured: 584131K(1398144K)->637383K(1398144K)
[1147.160s][info][gc,metaspace   ] GC(1689) Metaspace: 23200K(23552K)->23200K(23552K) NonClass: 20401K(20608K)->20401K(20608K) Class: 2798K(2944K)->2798K(2944K)
[1147.160s][info][gc             ] GC(1689) Pause Young (Allocation Failure) 1172M->690M(1979M) 438.260ms
[1147.160s][info][gc,cpu         ] GC(1689) User=0.41s Sys=0.00s Real=0.44s
[1147.568s][info][gc,start       ] GC(1690) Pause Young (Allocation Failure)
[1147.892s][info][gc,heap        ] GC(1690) DefNew: 629119K(629120K)->63520K(629120K) Eden: 559232K(559232K)->0K(559232K) From: 69887K(69888K)->63520K(69888K)
[1147.892s][info][gc,heap        ] GC(1690) Tenured: 637383K(1398144K)->674406K(1398144K)
[1147.892s][info][gc,metaspace   ] GC(1690) Metaspace: 23200K(23552K)->23200K(23552K) NonClass: 20401K(20608K)->20401K(20608K) Class: 2798K(2944K)->2798K(2944K)
[1147.892s][info][gc             ] GC(1690) Pause Young (Allocation Failure) 1236M->720M(1979M) 324.116ms
[1147.892s][info][gc,cpu         ] GC(1690) User=0.31s Sys=0.00s Real=0.31s
[1148.231s][info][gc,start       ] GC(1691) Pause Young (Allocation Failure)
[1148.546s][info][gc,heap        ] GC(1691) DefNew: 622752K(629120K)->69888K(629120K) Eden: 559232K(559232K)->0K(559232K) From: 63520K(69888K)->69888K(69888K)
[1148.546s][info][gc,heap        ] GC(1691) Tenured: 674406K(1398144K)->710752K(1398144K)
[1148.546s][info][gc,metaspace   ] GC(1691) Metaspace: 23200K(23552K)->23200K(23552K) NonClass: 20401K(20608K)->20401K(20608K) Class: 2798K(2944K)->2798K(2944K)
[1148.546s][info][gc             ] GC(1691) Pause Young (Allocation Failure) 1266M->762M(1979M) 314.397ms
[1148.546s][info][gc,cpu         ] GC(1691) User=0.31s Sys=0.00s Real=0.31s
[1148.702s][info][gc,start       ] GC(1692) Pause Young (Allocation Failure)
[1149.177s][info][gc,heap        ] GC(1692) DefNew: 629120K(629120K)->69887K(629120K) Eden: 559232K(559232K)->0K(559232K) From: 69888K(69888K)->69887K(69888K)
[1149.177s][info][gc,heap        ] GC(1692) Tenured: 710752K(1398144K)->781393K(1398144K)
[1149.177s][info][gc,metaspace   ] GC(1692) Metaspace: 23200K(23552K)->23200K(23552K) NonClass: 20401K(20608K)->20401K(20608K) Class: 2798K(2944K)->2798K(2944K)
[1149.177s][info][gc             ] GC(1692) Pause Young (Allocation Failure) 1308M->831M(1979M) 475.139ms
[1149.177s][info][gc,cpu         ] GC(1692) User=0.47s Sys=0.00s Real=0.49s
[1149.657s][info][gc,start       ] GC(1693) Pause Young (Allocation Failure)
[1149.941s][info][gc,heap        ] GC(1693) DefNew: 629119K(629120K)->50377K(629120K) Eden: 559232K(559232K)->0K(559232K) From: 69887K(69888K)->50377K(69888K)
[1149.941s][info][gc,heap        ] GC(1693) Tenured: 781393K(1398144K)->815536K(1398144K)
[1149.941s][info][gc,metaspace   ] GC(1693) Metaspace: 23200K(23552K)->23200K(23552K) NonClass: 20401K(20608K)->20401K(20608K) Class: 2798K(2944K)->2798K(2944K)
[1149.941s][info][gc             ] GC(1693) Pause Young (Allocation Failure) 1377M->845M(1979M) 284.271ms
[1149.941s][info][gc,cpu         ] GC(1693) User=0.27s Sys=0.00s Real=0.28s
[1150.090s][info][gc,start       ] GC(1694) Pause Young (Allocation Failure)
[1150.518s][info][gc,heap        ] GC(1694) DefNew: 609609K(629120K)->69888K(629120K) Eden: 559232K(559232K)->0K(559232K) From: 50377K(69888K)->69888K(69888K)
[1150.518s][info][gc,heap        ] GC(1694) Tenured: 815536K(1398144K)->865355K(1398144K)
[1150.518s][info][gc,metaspace   ] GC(1694) Metaspace: 23200K(23552K)->23200K(23552K) NonClass: 20401K(20608K)->20401K(20608K) Class: 2798K(2944K)->2798K(2944K)
[1150.518s][info][gc             ] GC(1694) Pause Young (Allocation Failure) 1391M->913M(1979M) 428.931ms
[1150.519s][info][gc,cpu         ] GC(1694) User=0.39s Sys=0.00s Real=0.42s
[1150.755s][info][gc,start       ] GC(1695) Pause Young (Allocation Failure)
[1151.214s][info][gc,heap        ] GC(1695) DefNew: 629120K(629120K)->69887K(629120K) Eden: 559232K(559232K)->0K(559232K) From: 69888K(69888K)->69887K(69888K)
[1151.214s][info][gc,heap        ] GC(1695) Tenured: 865355K(1398144K)->914726K(1398144K)
[1151.214s][info][gc,metaspace   ] GC(1695) Metaspace: 23200K(23552K)->23200K(23552K) NonClass: 20401K(20608K)->20401K(20608K) Class: 2798K(2944K)->2798K(2944K)
[1151.214s][info][gc             ] GC(1695) Pause Young (Allocation Failure) 1459M->961M(1979M) 458.312ms
[1151.214s][info][gc,cpu         ] GC(1695) User=0.44s Sys=0.00s Real=0.46s
[1151.661s][info][gc,start       ] GC(1696) Pause Young (Allocation Failure)
[1151.973s][info][gc,heap        ] GC(1696) DefNew: 629119K(629120K)->61764K(629120K) Eden: 559232K(559232K)->0K(559232K) From: 69887K(69888K)->61764K(69888K)
[1151.973s][info][gc,heap        ] GC(1696) Tenured: 914726K(1398144K)->948762K(1398144K)
[1151.973s][info][gc,metaspace   ] GC(1696) Metaspace: 23200K(23552K)->23200K(23552K) NonClass: 20401K(20608K)->20401K(20608K) Class: 2798K(2944K)->2798K(2944K)
[1151.973s][info][gc             ] GC(1696) Pause Young (Allocation Failure) 1507M->986M(1979M) 312.600ms
[1151.973s][info][gc,cpu         ] GC(1696) User=0.30s Sys=0.00s Real=0.31s
[1152.116s][info][gc,start       ] GC(1697) Pause Young (Allocation Failure)
[1152.540s][info][gc,heap        ] GC(1697) DefNew: 620996K(629120K)->69887K(629120K) Eden: 559232K(559232K)->0K(559232K) From: 61764K(69888K)->69887K(69888K)
[1152.540s][info][gc,heap        ] GC(1697) Tenured: 948762K(1398144K)->1004840K(1398144K)
[1152.540s][info][gc,metaspace   ] GC(1697) Metaspace: 23200K(23552K)->23200K(23552K) NonClass: 20401K(20608K)->20401K(20608K) Class: 2798K(2944K)->2798K(2944K)
[1152.540s][info][gc             ] GC(1697) Pause Young (Allocation Failure) 1532M->1049M(1979M) 424.635ms
[1152.540s][info][gc,cpu         ] GC(1697) User=0.36s Sys=0.00s Real=0.42s
[1153.064s][info][gc,start       ] GC(1698) Pause Young (Allocation Failure)
[1153.330s][info][gc,heap        ] GC(1698) DefNew: 629119K(629120K)->49909K(629120K) Eden: 559232K(559232K)->0K(559232K) From: 69887K(69888K)->49909K(69888K)
[1153.330s][info][gc,heap        ] GC(1698) Tenured: 1004840K(1398144K)->1040158K(1398144K)
[1153.330s][info][gc,metaspace   ] GC(1698) Metaspace: 23200K(23552K)->23200K(23552K) NonClass: 20401K(20608K)->20401K(20608K) Class: 2798K(2944K)->2798K(2944K)
[1153.330s][info][gc             ] GC(1698) Pause Young (Allocation Failure) 1595M->1064M(1979M) 265.479ms
[1153.330s][info][gc,cpu         ] GC(1698) User=0.25s Sys=0.00s Real=0.27s
[1153.572s][info][gc,start       ] GC(1699) Pause Young (Allocation Failure)
[1153.930s][info][gc,heap        ] GC(1699) DefNew: 609141K(629120K)->69887K(629120K) Eden: 559232K(559232K)->0K(559232K) From: 49909K(69888K)->69887K(69888K)
[1153.930s][info][gc,heap        ] GC(1699) Tenured: 1040158K(1398144K)->1079606K(1398144K)
[1153.930s][info][gc,metaspace   ] GC(1699) Metaspace: 23200K(23552K)->23200K(23552K) NonClass: 20401K(20608K)->20401K(20608K) Class: 2798K(2944K)->2798K(2944K)
[1153.930s][info][gc             ] GC(1699) Pause Young (Allocation Failure) 1610M->1122M(1979M) 358.002ms
[1153.930s][info][gc,cpu         ] GC(1699) User=0.34s Sys=0.00s Real=0.35s
[1154.085s][info][gc,start       ] GC(1700) Pause Young (Allocation Failure)
[1154.562s][info][gc,heap        ] GC(1700) DefNew: 629119K(629120K)->69888K(629120K) Eden: 559232K(559232K)->0K(559232K) From: 69887K(69888K)->69888K(69888K)
[1154.562s][info][gc,heap        ] GC(1700) Tenured: 1079606K(1398144K)->1145989K(1398144K)
[1154.562s][info][gc,metaspace   ] GC(1700) Metaspace: 23200K(23552K)->23200K(23552K) NonClass: 20401K(20608K)->20401K(20608K) Class: 2798K(2944K)->2798K(2944K)
[1154.562s][info][gc             ] GC(1700) Pause Young (Allocation Failure) 1668M->1187M(1979M) 477.199ms
[1154.562s][info][gc,cpu         ] GC(1700) User=0.48s Sys=0.00s Real=0.49s
[1155.119s][info][gc,start       ] GC(1701) Pause Young (Allocation Failure)
[1155.421s][info][gc,heap        ] GC(1701) DefNew: 629120K(629120K)->57849K(629120K) Eden: 559232K(559232K)->0K(559232K) From: 69888K(69888K)->57849K(69888K)
[1155.421s][info][gc,heap        ] GC(1701) Tenured: 1145989K(1398144K)->1181843K(1398144K)
[1155.421s][info][gc,metaspace   ] GC(1701) Metaspace: 23200K(23552K)->23200K(23552K) NonClass: 20401K(20608K)->20401K(20608K) Class: 2798K(2944K)->2798K(2944K)
[1155.421s][info][gc             ] GC(1701) Pause Young (Allocation Failure) 1733M->1210M(1979M) 302.422ms
[1155.421s][info][gc,cpu         ] GC(1701) User=0.30s Sys=0.00s Real=0.30s
[1155.561s][info][gc,start       ] GC(1702) Pause Young (Allocation Failure)
[1155.996s][info][gc,heap        ] GC(1702) DefNew: 617081K(629120K)->69887K(629120K) Eden: 559232K(559232K)->0K(559232K) From: 57849K(69888K)->69887K(69888K)
[1155.996s][info][gc,heap        ] GC(1702) Tenured: 1181843K(1398144K)->1237539K(1398144K)
[1155.996s][info][gc,metaspace   ] GC(1702) Metaspace: 23200K(23552K)->23200K(23552K) NonClass: 20401K(20608K)->20401K(20608K) Class: 2798K(2944K)->2798K(2944K)
[1155.996s][info][gc             ] GC(1702) Pause Young (Allocation Failure) 1756M->1276M(1979M) 435.065ms
[1155.996s][info][gc,cpu         ] GC(1702) User=0.41s Sys=0.00s Real=0.44s
[1156.291s][info][gc,start       ] GC(1703) Pause Young (Allocation Failure)
[1156.642s][info][gc,heap        ] GC(1703) DefNew: 629119K(629120K)->69185K(629120K) Eden: 559232K(559232K)->0K(559232K) From: 69887K(69888K)->69185K(69888K)
[1156.642s][info][gc,heap        ] GC(1703) Tenured: 1237539K(1398144K)->1278097K(1398144K)
[1156.642s][info][gc,metaspace   ] GC(1703) Metaspace: 23200K(23552K)->23200K(23552K) NonClass: 20401K(20608K)->20401K(20608K) Class: 2798K(2944K)->2798K(2944K)
[1156.642s][info][gc             ] GC(1703) Pause Young (Allocation Failure) 1822M->1315M(1979M) 351.108ms
[1156.642s][info][gc,cpu         ] GC(1703) User=0.34s Sys=0.00s Real=0.35s
[1157.093s][info][gc,start       ] GC(1704) Pause Full (System.gc())
[1157.093s][info][gc,phases,start] GC(1704) Phase 1: Mark live objects
[1157.222s][info][gc,phases      ] GC(1704) Phase 1: Mark live objects 129.470ms
[1157.222s][info][gc,phases,start] GC(1704) Phase 2: Compute new object addresses
[1157.465s][info][gc,phases      ] GC(1704) Phase 2: Compute new object addresses 242.889ms
[1157.465s][info][gc,phases,start] GC(1704) Phase 3: Adjust pointers
[1157.534s][info][gc,phases      ] GC(1704) Phase 3: Adjust pointers 68.437ms
[1157.534s][info][gc,phases,start] GC(1704) Phase 4: Move objects
[1157.565s][info][gc,phases      ] GC(1704) Phase 4: Move objects 31.597ms
[1157.566s][info][gc,heap        ] GC(1704) DefNew: 345970K(629120K)->0K(629120K) Eden: 276784K(559232K)->0K(559232K) From: 69185K(69888K)->0K(69888K)
[1157.566s][info][gc,heap        ] GC(1704) Tenured: 1278097K(1398144K)->133957K(1398144K)
[1157.566s][info][gc,metaspace   ] GC(1704) Metaspace: 23200K(23552K)->23200K(23552K) NonClass: 20401K(20608K)->20401K(20608K) Class: 2798K(2944K)->2798K(2944K)
[1157.566s][info][gc             ] GC(1704) Pause Full (System.gc()) 1586M->130M(1979M) 473.031ms
[1157.566s][info][gc,cpu         ] GC(1704) User=0.42s Sys=0.00s Real=0.47s
[1157.718s][info][gc,start       ] GC(1705) Pause Young (Allocation Failure)
[1158.026s][info][gc,heap        ] GC(1705) DefNew: 559232K(629120K)->69888K(629120K) Eden: 559232K(559232K)->0K(559232K) From: 0K(69888K)->69888K(69888K)
[1158.026s][info][gc,heap        ] GC(1705) Tenured: 133957K(1398144K)->135428K(1398144K)
[1158.026s][info][gc,metaspace   ] GC(1705) Metaspace: 23201K(23552K)->23201K(23552K) NonClass: 20402K(20608K)->20402K(20608K) Class: 2798K(2944K)->2798K(2944K)
[1158.026s][info][gc             ] GC(1705) Pause Young (Allocation Failure) 676M->200M(1979M) 308.867ms
[1158.026s][info][gc,cpu         ] GC(1705) User=0.30s Sys=0.00s Real=0.31s
[1158.187s][info][gc,start       ] GC(1706) Pause Young (Allocation Failure)
[1158.681s][info][gc,heap        ] GC(1706) DefNew: 629120K(629120K)->69888K(629120K) Eden: 559232K(559232K)->0K(559232K) From: 69888K(69888K)->69888K(69888K)
[1158.681s][info][gc,heap        ] GC(1706) Tenured: 135428K(1398144K)->203511K(1398144K)
[1158.681s][info][gc,metaspace   ] GC(1706) Metaspace: 23201K(23552K)->23201K(23552K) NonClass: 20402K(20608K)->20402K(20608K) Class: 2798K(2944K)->2798K(2944K)
[1158.681s][info][gc             ] GC(1706) Pause Young (Allocation Failure) 746M->266M(1979M) 494.233ms
[1158.681s][info][gc,cpu         ] GC(1706) User=0.45s Sys=0.00s Real=0.49s
[1159.233s][info][gc,start       ] GC(1707) Pause Young (Allocation Failure)
[1159.591s][info][gc,heap        ] GC(1707) DefNew: 629120K(629120K)->69887K(629120K) Eden: 559232K(559232K)->0K(559232K) From: 69888K(69888K)->69887K(69888K)
[1159.591s][info][gc,heap        ] GC(1707) Tenured: 203511K(1398144K)->242483K(1398144K)
[1159.591s][info][gc,metaspace   ] GC(1707) Metaspace: 23201K(23552K)->23201K(23552K) NonClass: 20402K(20608K)->20402K(20608K) Class: 2798K(2944K)->2798K(2944K)
[1159.591s][info][gc             ] GC(1707) Pause Young (Allocation Failure) 813M->305M(1979M) 357.571ms
[1159.591s][info][gc,cpu         ] GC(1707) User=0.36s Sys=0.00s Real=0.36s
[1159.727s][info][gc,start       ] GC(1708) Pause Young (Allocation Failure)
[1160.182s][info][gc,heap        ] GC(1708) DefNew: 629119K(629120K)->69888K(629120K) Eden: 559232K(559232K)->0K(559232K) From: 69887K(69888K)->69888K(69888K)
[1160.182s][info][gc,heap        ] GC(1708) Tenured: 242483K(1398144K)->304999K(1398144K)
[1160.182s][info][gc,metaspace   ] GC(1708) Metaspace: 23201K(23552K)->23201K(23552K) NonClass: 20402K(20608K)->20402K(20608K) Class: 2798K(2944K)->2798K(2944K)
[1160.182s][info][gc             ] GC(1708) Pause Young (Allocation Failure) 851M->366M(1979M) 455.130ms
[1160.182s][info][gc,cpu         ] GC(1708) User=0.45s Sys=0.00s Real=0.45s
[1160.645s][info][gc,start       ] GC(1709) Pause Young (Allocation Failure)
[1160.921s][info][gc,heap        ] GC(1709) DefNew: 629120K(629120K)->53574K(629120K) Eden: 559232K(559232K)->0K(559232K) From: 69888K(69888K)->53574K(69888K)
[1160.921s][info][gc,heap        ] GC(1709) Tenured: 304999K(1398144K)->338430K(1398144K)
[1160.921s][info][gc,metaspace   ] GC(1709) Metaspace: 23201K(23552K)->23201K(23552K) NonClass: 20402K(20608K)->20402K(20608K) Class: 2798K(2944K)->2798K(2944K)
[1160.921s][info][gc             ] GC(1709) Pause Young (Allocation Failure) 912M->382M(1979M) 275.923ms
[1160.921s][info][gc,cpu         ] GC(1709) User=0.27s Sys=0.00s Real=0.28s
[1161.154s][info][gc,start       ] GC(1710) Pause Young (Allocation Failure)
[1161.499s][info][gc,heap        ] GC(1710) DefNew: 612806K(629120K)->69887K(629120K) Eden: 559232K(559232K)->0K(559232K) From: 53574K(69888K)->69887K(69888K)
[1161.499s][info][gc,heap        ] GC(1710) Tenured: 338430K(1398144K)->377717K(1398144K)
[1161.499s][info][gc,metaspace   ] GC(1710) Metaspace: 23201K(23552K)->23201K(23552K) NonClass: 20402K(20608K)->20402K(20608K) Class: 2798K(2944K)->2798K(2944K)
[1161.499s][info][gc             ] GC(1710) Pause Young (Allocation Failure) 928M->437M(1979M) 344.770ms
[1161.499s][info][gc,cpu         ] GC(1710) User=0.33s Sys=0.00s Real=0.35s
[1161.644s][info][gc,start       ] GC(1711) Pause Young (Allocation Failure)
[1162.128s][info][gc,heap        ] GC(1711) DefNew: 629119K(629120K)->69888K(629120K) Eden: 559232K(559232K)->0K(559232K) From: 69887K(69888K)->69888K(69888K)
[1162.128s][info][gc,heap        ] GC(1711) Tenured: 377717K(1398144K)->442942K(1398144K)
[1162.128s][info][gc,metaspace   ] GC(1711) Metaspace: 23201K(23552K)->23201K(23552K) NonClass: 20402K(20608K)->20402K(20608K) Class: 2798K(2944K)->2798K(2944K)
[1162.128s][info][gc             ] GC(1711) Pause Young (Allocation Failure) 983M->500M(1979M) 483.537ms
[1162.128s][info][gc,cpu         ] GC(1711) User=0.48s Sys=0.00s Real=0.49s
[1162.697s][info][gc,start       ] GC(1712) Pause Young (Allocation Failure)
[1162.992s][info][gc,heap        ] GC(1712) DefNew: 629120K(629120K)->54392K(629120K) Eden: 559232K(559232K)->0K(559232K) From: 69888K(69888K)->54392K(69888K)
[1162.992s][info][gc,heap        ] GC(1712) Tenured: 442942K(1398144K)->478454K(1398144K)
[1162.992s][info][gc,metaspace   ] GC(1712) Metaspace: 23201K(23552K)->23201K(23552K) NonClass: 20402K(20608K)->20402K(20608K) Class: 2798K(2944K)->2798K(2944K)
[1162.992s][info][gc             ] GC(1712) Pause Young (Allocation Failure) 1046M->520M(1979M) 295.489ms
[1162.992s][info][gc,cpu         ] GC(1712) User=0.33s Sys=0.00s Real=0.30s
[1163.139s][info][gc,start       ] GC(1713) Pause Young (Allocation Failure)
[1163.560s][info][gc,heap        ] GC(1713) DefNew: 613624K(629120K)->69888K(629120K) Eden: 559232K(559232K)->0K(559232K) From: 54392K(69888K)->69888K(69888K)
[1163.560s][info][gc,heap        ] GC(1713) Tenured: 478454K(1398144K)->530099K(1398144K)
[1163.560s][info][gc,metaspace   ] GC(1713) Metaspace: 23201K(23552K)->23201K(23552K) NonClass: 20402K(20608K)->20402K(20608K) Class: 2798K(2944K)->2798K(2944K)
[1163.560s][info][gc             ] GC(1713) Pause Young (Allocation Failure) 1066M->585M(1979M) 420.783ms
[1163.560s][info][gc,cpu         ] GC(1713) User=0.42s Sys=0.00s Real=0.41s
[1163.822s][info][gc,start       ] GC(1714) Pause Young (Allocation Failure)
[1164.251s][info][gc,heap        ] GC(1714) DefNew: 629120K(629120K)->69888K(629120K) Eden: 559232K(559232K)->0K(559232K) From: 69888K(69888K)->69888K(69888K)
[1164.251s][info][gc,heap        ] GC(1714) Tenured: 530099K(1398144K)->578691K(1398144K)
[1164.251s][info][gc,metaspace   ] GC(1714) Metaspace: 23201K(23552K)->23201K(23552K) NonClass: 20402K(20608K)->20402K(20608K) Class: 2798K(2944K)->2798K(2944K)
[1164.251s][info][gc             ] GC(1714) Pause Young (Allocation Failure) 1132M->633M(1979M) 429.282ms
[1164.251s][info][gc,cpu         ] GC(1714) User=0.41s Sys=0.00s Real=0.42s
[1164.694s][info][gc,start       ] GC(1715) Pause Young (Allocation Failure)
[1165.001s][info][gc,heap        ] GC(1715) DefNew: 629120K(629120K)->61794K(629120K) Eden: 559232K(559232K)->0K(559232K) From: 69888K(69888K)->61794K(69888K)
[1165.001s][info][gc,heap        ] GC(1715) Tenured: 578691K(1398144K)->613271K(1398144K)
[1165.001s][info][gc,metaspace   ] GC(1715) Metaspace: 23201K(23552K)->23201K(23552K) NonClass: 20402K(20608K)->20402K(20608K) Class: 2798K(2944K)->2798K(2944K)
[1165.001s][info][gc             ] GC(1715) Pause Young (Allocation Failure) 1179M->659M(1979M) 307.049ms
[1165.001s][info][gc,cpu         ] GC(1715) User=0.31s Sys=0.00s Real=0.30s
[1165.145s][info][gc,start       ] GC(1716) Pause Young (Allocation Failure)
[1165.590s][info][gc,heap        ] GC(1716) DefNew: 621026K(629120K)->69887K(629120K) Eden: 559232K(559232K)->0K(559232K) From: 61794K(69888K)->69887K(69888K)
[1165.590s][info][gc,heap        ] GC(1716) Tenured: 613271K(1398144K)->672650K(1398144K)
[1165.590s][info][gc,metaspace   ] GC(1716) Metaspace: 23201K(23552K)->23201K(23552K) NonClass: 20402K(20608K)->20402K(20608K) Class: 2798K(2944K)->2798K(2944K)
[1165.590s][info][gc             ] GC(1716) Pause Young (Allocation Failure) 1205M->725M(1979M) 444.820ms
[1165.590s][info][gc,cpu         ] GC(1716) User=0.42s Sys=0.00s Real=0.46s
[1166.074s][info][gc,start       ] GC(1717) Pause Young (Allocation Failure)
[1166.334s][info][gc,heap        ] GC(1717) DefNew: 629119K(629120K)->47847K(629120K) Eden: 559232K(559232K)->0K(559232K) From: 69887K(69888K)->47847K(69888K)
[1166.334s][info][gc,heap        ] GC(1717) Tenured: 672650K(1398144K)->708475K(1398144K)
[1166.334s][info][gc,metaspace   ] GC(1717) Metaspace: 23201K(23552K)->23201K(23552K) NonClass: 20402K(20608K)->20402K(20608K) Class: 2798K(2944K)->2798K(2944K)
[1166.334s][info][gc             ] GC(1717) Pause Young (Allocation Failure) 1271M->738M(1979M) 260.158ms
[1166.334s][info][gc,cpu         ] GC(1717) User=0.25s Sys=0.00s Real=0.26s
[1166.534s][info][gc,start       ] GC(1718) Pause Young (Allocation Failure)
[1166.869s][info][gc,heap        ] GC(1718) DefNew: 607079K(629120K)->66278K(629120K) Eden: 559232K(559232K)->0K(559232K) From: 47847K(69888K)->66278K(69888K)
[1166.869s][info][gc,heap        ] GC(1718) Tenured: 708475K(1398144K)->744098K(1398144K)
[1166.869s][info][gc,metaspace   ] GC(1718) Metaspace: 23201K(23552K)->23201K(23552K) NonClass: 20402K(20608K)->20402K(20608K) Class: 2798K(2944K)->2798K(2944K)
[1166.869s][info][gc             ] GC(1718) Pause Young (Allocation Failure) 1284M->791M(1979M) 334.808ms
[1166.869s][info][gc,cpu         ] GC(1718) User=0.30s Sys=0.00s Real=0.33s
[1167.022s][info][gc,start       ] GC(1719) Pause Young (Allocation Failure)
[1167.494s][info][gc,heap        ] GC(1719) DefNew: 625510K(629120K)->69888K(629120K) Eden: 559232K(559232K)->0K(559232K) From: 66278K(69888K)->69888K(69888K)
[1167.494s][info][gc,heap        ] GC(1719) Tenured: 744098K(1398144K)->807172K(1398144K)
[1167.494s][info][gc,metaspace   ] GC(1719) Metaspace: 23201K(23552K)->23201K(23552K) NonClass: 20402K(20608K)->20402K(20608K) Class: 2798K(2944K)->2798K(2944K)
[1167.494s][info][gc             ] GC(1719) Pause Young (Allocation Failure) 1337M->856M(1979M) 472.525ms
[1167.494s][info][gc,cpu         ] GC(1719) User=0.45s Sys=0.00s Real=0.47s
[1168.135s][info][gc,start       ] GC(1720) Pause Young (Allocation Failure)
[1168.422s][info][gc,heap        ] GC(1720) DefNew: 629120K(629120K)->52638K(629120K) Eden: 559232K(559232K)->0K(559232K) From: 69888K(69888K)->52638K(69888K)
[1168.422s][info][gc,heap        ] GC(1720) Tenured: 807172K(1398144K)->842692K(1398144K)
[1168.422s][info][gc,metaspace   ] GC(1720) Metaspace: 23201K(23552K)->23201K(23552K) NonClass: 20402K(20608K)->20402K(20608K) Class: 2798K(2944K)->2798K(2944K)
[1168.422s][info][gc             ] GC(1720) Pause Young (Allocation Failure) 1402M->874M(1979M) 286.989ms
[1168.422s][info][gc,cpu         ] GC(1720) User=0.33s Sys=0.00s Real=0.28s
[1168.561s][info][gc,start       ] GC(1721) Pause Young (Allocation Failure)
[1168.990s][info][gc,heap        ] GC(1721) DefNew: 611870K(629120K)->69888K(629120K) Eden: 559232K(559232K)->0K(559232K) From: 52638K(69888K)->69888K(69888K)
[1168.990s][info][gc,heap        ] GC(1721) Tenured: 842692K(1398144K)->892995K(1398144K)
[1168.990s][info][gc,metaspace   ] GC(1721) Metaspace: 23201K(23552K)->23201K(23552K) NonClass: 20402K(20608K)->20402K(20608K) Class: 2798K(2944K)->2798K(2944K)
[1168.990s][info][gc             ] GC(1721) Pause Young (Allocation Failure) 1420M->940M(1979M) 428.881ms
[1168.990s][info][gc,cpu         ] GC(1721) User=0.42s Sys=0.00s Real=0.43s
[1169.208s][info][gc,start       ] GC(1722) Pause Young (Allocation Failure)
[1169.672s][info][gc,heap        ] GC(1722) DefNew: 629119K(629120K)->69887K(629120K) Eden: 559231K(559232K)->0K(559232K) From: 69888K(69888K)->69887K(69888K)
[1169.672s][info][gc,heap        ] GC(1722) Tenured: 892995K(1398144K)->946928K(1398144K)
[1169.672s][info][gc,metaspace   ] GC(1722) Metaspace: 23201K(23552K)->23201K(23552K) NonClass: 20402K(20608K)->20402K(20608K) Class: 2798K(2944K)->2798K(2944K)
[1169.672s][info][gc             ] GC(1722) Pause Young (Allocation Failure) 1486M->992M(1979M) 464.591ms
[1169.672s][info][gc,cpu         ] GC(1722) User=0.45s Sys=0.00s Real=0.47s
[1170.185s][info][gc,start       ] GC(1723) Pause Young (Allocation Failure)
[1170.489s][info][gc,heap        ] GC(1723) DefNew: 629119K(629120K)->60499K(629120K) Eden: 559232K(559232K)->0K(559232K) From: 69887K(69888K)->60499K(69888K)
[1170.489s][info][gc,heap        ] GC(1723) Tenured: 946928K(1398144K)->981540K(1398144K)
[1170.489s][info][gc,metaspace   ] GC(1723) Metaspace: 23201K(23552K)->23201K(23552K) NonClass: 20402K(20608K)->20402K(20608K) Class: 2798K(2944K)->2798K(2944K)
[1170.490s][info][gc             ] GC(1723) Pause Young (Allocation Failure) 1539M->1017M(1979M) 304.338ms
[1170.490s][info][gc,cpu         ] GC(1723) User=0.28s Sys=0.00s Real=0.30s
[1170.629s][info][gc,start       ] GC(1724) Pause Young (Allocation Failure)
[1171.059s][info][gc,heap        ] GC(1724) DefNew: 619731K(629120K)->69887K(629120K) Eden: 559232K(559232K)->0K(559232K) From: 60499K(69888K)->69887K(69888K)
[1171.059s][info][gc,heap        ] GC(1724) Tenured: 981540K(1398144K)->1036499K(1398144K)
[1171.059s][info][gc,metaspace   ] GC(1724) Metaspace: 23201K(23552K)->23201K(23552K) NonClass: 20402K(20608K)->20402K(20608K) Class: 2798K(2944K)->2798K(2944K)
[1171.059s][info][gc             ] GC(1724) Pause Young (Allocation Failure) 1563M->1080M(1979M) 429.722ms
[1171.059s][info][gc,cpu         ] GC(1724) User=0.42s Sys=0.00s Real=0.42s
[1171.535s][info][gc,start       ] GC(1725) Pause Young (Allocation Failure)
[1171.842s][info][gc,heap        ] GC(1725) DefNew: 629119K(629120K)->57219K(629120K) Eden: 559232K(559232K)->0K(559232K) From: 69887K(69888K)->57219K(69888K)
[1171.842s][info][gc,heap        ] GC(1725) Tenured: 1036499K(1398144K)->1070111K(1398144K)
[1171.842s][info][gc,metaspace   ] GC(1725) Metaspace: 23201K(23552K)->23201K(23552K) NonClass: 20402K(20608K)->20402K(20608K) Class: 2798K(2944K)->2798K(2944K)
[1171.842s][info][gc             ] GC(1725) Pause Young (Allocation Failure) 1626M->1100M(1979M) 306.351ms
[1171.842s][info][gc,cpu         ] GC(1725) User=0.30s Sys=0.00s Real=0.30s
[1172.145s][info][gc,start       ] GC(1726) Pause Young (Allocation Failure)
[1172.501s][info][gc,heap        ] GC(1726) DefNew: 616451K(629120K)->69888K(629120K) Eden: 559232K(559232K)->0K(559232K) From: 57219K(69888K)->69888K(69888K)
[1172.501s][info][gc,heap        ] GC(1726) Tenured: 1070111K(1398144K)->1112295K(1398144K)
[1172.501s][info][gc,metaspace   ] GC(1726) Metaspace: 23207K(23552K)->23207K(23552K) NonClass: 20408K(20608K)->20408K(20608K) Class: 2798K(2944K)->2798K(2944K)
[1172.501s][info][gc             ] GC(1726) Pause Young (Allocation Failure) 1647M->1154M(1979M) 356.065ms
[1172.501s][info][gc,cpu         ] GC(1726) User=0.34s Sys=0.00s Real=0.35s
[1172.640s][info][gc,start       ] GC(1727) Pause Young (Allocation Failure)
[1173.101s][info][gc,heap        ] GC(1727) DefNew: 629120K(629120K)->69887K(629120K) Eden: 559232K(559232K)->0K(559232K) From: 69888K(69888K)->69887K(69888K)
[1173.101s][info][gc,heap        ] GC(1727) Tenured: 1112295K(1398144K)->1173001K(1398144K)
[1173.101s][info][gc,metaspace   ] GC(1727) Metaspace: 23207K(23552K)->23207K(23552K) NonClass: 20408K(20608K)->20408K(20608K) Class: 2798K(2944K)->2798K(2944K)
[1173.101s][info][gc             ] GC(1727) Pause Young (Allocation Failure) 1700M->1213M(1979M) 461.168ms
[1173.101s][info][gc,cpu         ] GC(1727) User=0.45s Sys=0.00s Real=0.47s
[1173.626s][info][gc,start       ] GC(1728) Pause Young (Allocation Failure)
[1173.904s][info][gc,heap        ] GC(1728) DefNew: 629119K(629120K)->52155K(629120K) Eden: 559232K(559232K)->0K(559232K) From: 69887K(69888K)->52155K(69888K)
[1173.904s][info][gc,heap        ] GC(1728) Tenured: 1173001K(1398144K)->1205671K(1398144K)
[1173.904s][info][gc,metaspace   ] GC(1728) Metaspace: 23214K(23552K)->23214K(23552K) NonClass: 20416K(20608K)->20416K(20608K) Class: 2798K(2944K)->2798K(2944K)
[1173.904s][info][gc             ] GC(1728) Pause Young (Allocation Failure) 1759M->1228M(1979M) 277.275ms
[1173.904s][info][gc,cpu         ] GC(1728) User=0.33s Sys=0.00s Real=0.28s
[1174.054s][info][gc,start       ] GC(1729) Pause Young (Allocation Failure)
[1174.478s][info][gc,heap        ] GC(1729) DefNew: 611387K(629120K)->69887K(629120K) Eden: 559232K(559232K)->0K(559232K) From: 52155K(69888K)->69887K(69888K)
[1174.478s][info][gc,heap        ] GC(1729) Tenured: 1205671K(1398144K)->1259380K(1398144K)
[1174.478s][info][gc,metaspace   ] GC(1729) Metaspace: 23214K(23552K)->23214K(23552K) NonClass: 20416K(20608K)->20416K(20608K) Class: 2798K(2944K)->2798K(2944K)
[1174.478s][info][gc             ] GC(1729) Pause Young (Allocation Failure) 1774M->1298M(1979M) 424.884ms
[1174.478s][info][gc,cpu         ] GC(1729) User=0.39s Sys=0.00s Real=0.42s
[1174.781s][info][gc,start       ] GC(1730) Pause Young (Allocation Failure)
[1175.185s][info][gc,heap        ] GC(1730) DefNew: 629119K(629120K)->69887K(629120K) Eden: 559232K(559232K)->0K(559232K) From: 69887K(69888K)->69887K(69888K)
[1175.185s][info][gc,heap        ] GC(1730) Tenured: 1259380K(1398144K)->1299694K(1398144K)
[1175.185s][info][gc,metaspace   ] GC(1730) Metaspace: 23214K(23552K)->23214K(23552K) NonClass: 20416K(20608K)->20416K(20608K) Class: 2798K(2944K)->2798K(2944K)
[1175.185s][info][gc             ] GC(1730) Pause Young (Allocation Failure) 1844M->1337M(1979M) 403.587ms
[1175.185s][info][gc,cpu         ] GC(1730) User=0.36s Sys=0.00s Real=0.39s
[1175.450s][info][gc,start       ] GC(1731) Pause Full (System.gc())
[1175.450s][info][gc,phases,start] GC(1731) Phase 1: Mark live objects
[1175.623s][info][gc,phases      ] GC(1731) Phase 1: Mark live objects 173.624ms
[1175.624s][info][gc,phases,start] GC(1731) Phase 2: Compute new object addresses
[1175.852s][info][gc,phases      ] GC(1731) Phase 2: Compute new object addresses 228.374ms
[1175.852s][info][gc,phases,start] GC(1731) Phase 3: Adjust pointers
[1175.933s][info][gc,phases      ] GC(1731) Phase 3: Adjust pointers 81.301ms
[1175.933s][info][gc,phases,start] GC(1731) Phase 4: Move objects
[1175.966s][info][gc,phases      ] GC(1731) Phase 4: Move objects 33.080ms
[1175.967s][info][gc,heap        ] GC(1731) DefNew: 251480K(629120K)->0K(629120K) Eden: 181592K(559232K)->0K(559232K) From: 69887K(69888K)->0K(69888K)
[1175.967s][info][gc,heap        ] GC(1731) Tenured: 1299694K(1398144K)->105760K(1398144K)
[1175.967s][info][gc,metaspace   ] GC(1731) Metaspace: 23214K(23552K)->23214K(23552K) NonClass: 20416K(20608K)->20416K(20608K) Class: 2798K(2944K)->2798K(2944K)
[1175.967s][info][gc             ] GC(1731) Pause Full (System.gc()) 1514M->103M(1979M) 517.048ms
[1175.967s][info][gc,cpu         ] GC(1731) User=0.50s Sys=0.00s Real=0.52s
[1176.125s][info][gc,start       ] GC(1732) Pause Young (Allocation Failure)
[1176.433s][info][gc,heap        ] GC(1732) DefNew: 559232K(629120K)->69888K(629120K) Eden: 559232K(559232K)->0K(559232K) From: 0K(69888K)->69888K(69888K)
[1176.433s][info][gc,heap        ] GC(1732) Tenured: 105760K(1398144K)->110538K(1398144K)
[1176.433s][info][gc,metaspace   ] GC(1732) Metaspace: 23214K(23552K)->23214K(23552K) NonClass: 20416K(20608K)->20416K(20608K) Class: 2798K(2944K)->2798K(2944K)
[1176.433s][info][gc             ] GC(1732) Pause Young (Allocation Failure) 649M->176M(1979M) 308.292ms
[1176.433s][info][gc,cpu         ] GC(1732) User=0.33s Sys=0.00s Real=0.30s
[1176.586s][info][gc,start       ] GC(1733) Pause Young (Allocation Failure)
[1177.086s][info][gc,heap        ] GC(1733) DefNew: 629120K(629120K)->69888K(629120K) Eden: 559232K(559232K)->0K(559232K) From: 69888K(69888K)->69888K(69888K)
[1177.086s][info][gc,heap        ] GC(1733) Tenured: 110538K(1398144K)->179726K(1398144K)
[1177.086s][info][gc,metaspace   ] GC(1733) Metaspace: 23214K(23552K)->23214K(23552K) NonClass: 20416K(20608K)->20416K(20608K) Class: 2798K(2944K)->2798K(2944K)
[1177.086s][info][gc             ] GC(1733) Pause Young (Allocation Failure) 722M->243M(1979M) 499.529ms
[1177.086s][info][gc,cpu         ] GC(1733) User=0.48s Sys=0.00s Real=0.50s
[1177.673s][info][gc,start       ] GC(1734) Pause Young (Allocation Failure)
[1178.004s][info][gc,heap        ] GC(1734) DefNew: 629120K(629120K)->61106K(629120K) Eden: 559232K(559232K)->0K(559232K) From: 69888K(69888K)->61106K(69888K)
[1178.004s][info][gc,heap        ] GC(1734) Tenured: 179726K(1398144K)->215015K(1398144K)
[1178.004s][info][gc,metaspace   ] GC(1734) Metaspace: 23216K(23552K)->23216K(23552K) NonClass: 20418K(20608K)->20418K(20608K) Class: 2798K(2944K)->2798K(2944K)
[1178.004s][info][gc             ] GC(1734) Pause Young (Allocation Failure) 789M->269M(1979M) 331.442ms
[1178.004s][info][gc,cpu         ] GC(1734) User=0.30s Sys=0.00s Real=0.34s
[1178.148s][info][gc,start       ] GC(1735) Pause Young (Allocation Failure)
[1178.597s][info][gc,heap        ] GC(1735) DefNew: 620338K(629120K)->69888K(629120K) Eden: 559232K(559232K)->0K(559232K) From: 61106K(69888K)->69888K(69888K)
[1178.597s][info][gc,heap        ] GC(1735) Tenured: 215015K(1398144K)->274224K(1398144K)
[1178.597s][info][gc,metaspace   ] GC(1735) Metaspace: 23216K(23552K)->23216K(23552K) NonClass: 20418K(20608K)->20418K(20608K) Class: 2798K(2944K)->2798K(2944K)
[1178.597s][info][gc             ] GC(1735) Pause Young (Allocation Failure) 815M->336M(1979M) 448.247ms
[1178.597s][info][gc,cpu         ] GC(1735) User=0.42s Sys=0.00s Real=0.46s
[1179.017s][info][gc,start       ] GC(1736) Pause Young (Allocation Failure)
[1179.331s][info][gc,heap        ] GC(1736) DefNew: 629120K(629120K)->61821K(629120K) Eden: 559232K(559232K)->0K(559232K) From: 69888K(69888K)->61821K(69888K)
[1179.331s][info][gc,heap        ] GC(1736) Tenured: 274224K(1398144K)->315699K(1398144K)
[1179.331s][info][gc,metaspace   ] GC(1736) Metaspace: 23216K(23552K)->23216K(23552K) NonClass: 20418K(20608K)->20418K(20608K) Class: 2798K(2944K)->2798K(2944K)
[1179.331s][info][gc             ] GC(1736) Pause Young (Allocation Failure) 882M->368M(1979M) 313.593ms
[1179.331s][info][gc,cpu         ] GC(1736) User=0.27s Sys=0.00s Real=0.31s
[1179.650s][info][gc,start       ] GC(1737) Pause Young (Allocation Failure)
[1179.955s][info][gc,heap        ] GC(1737) DefNew: 621053K(629120K)->64336K(629120K) Eden: 559232K(559232K)->0K(559232K) From: 61821K(69888K)->64336K(69888K)
[1179.955s][info][gc,heap        ] GC(1737) Tenured: 315699K(1398144K)->350700K(1398144K)
[1179.955s][info][gc,metaspace   ] GC(1737) Metaspace: 23216K(23552K)->23216K(23552K) NonClass: 20418K(20608K)->20418K(20608K) Class: 2798K(2944K)->2798K(2944K)
[1179.955s][info][gc             ] GC(1737) Pause Young (Allocation Failure) 914M->405M(1979M) 304.799ms
[1179.955s][info][gc,cpu         ] GC(1737) User=0.27s Sys=0.00s Real=0.31s
[1180.119s][info][gc,start       ] GC(1738) Pause Young (Allocation Failure)
[1180.611s][info][gc,heap        ] GC(1738) DefNew: 623568K(629120K)->69887K(629120K) Eden: 559232K(559232K)->0K(559232K) From: 64336K(69888K)->69887K(69888K)
[1180.611s][info][gc,heap        ] GC(1738) Tenured: 350700K(1398144K)->418821K(1398144K)
[1180.611s][info][gc,metaspace   ] GC(1738) Metaspace: 23216K(23552K)->23216K(23552K) NonClass: 20418K(20608K)->20418K(20608K) Class: 2798K(2944K)->2798K(2944K)
[1180.611s][info][gc             ] GC(1738) Pause Young (Allocation Failure) 951M->477M(1979M) 491.977ms
[1180.611s][info][gc,cpu         ] GC(1738) User=0.42s Sys=0.00s Real=0.49s
[1181.332s][info][gc,start       ] GC(1739) Pause Young (Allocation Failure)
[1181.556s][info][gc,heap        ] GC(1739) DefNew: 629119K(629120K)->31016K(629120K) Eden: 559232K(559232K)->0K(559232K) From: 69887K(69888K)->31016K(69888K)
[1181.556s][info][gc,heap        ] GC(1739) Tenured: 418821K(1398144K)->456344K(1398144K)
[1181.556s][info][gc,metaspace   ] GC(1739) Metaspace: 23216K(23552K)->23216K(23552K) NonClass: 20418K(20608K)->20418K(20608K) Class: 2798K(2944K)->2798K(2944K)
[1181.556s][info][gc             ] GC(1739) Pause Young (Allocation Failure) 1023M->475M(1979M) 223.701ms
[1181.556s][info][gc,cpu         ] GC(1739) User=0.22s Sys=0.00s Real=0.22s
[1181.700s][info][gc,start       ] GC(1740) Pause Young (Allocation Failure)
[1182.042s][info][gc,heap        ] GC(1740) DefNew: 590248K(629120K)->69888K(629120K) Eden: 559232K(559232K)->0K(559232K) From: 31016K(69888K)->69888K(69888K)
[1182.042s][info][gc,heap        ] GC(1740) Tenured: 456344K(1398144K)->485023K(1398144K)
[1182.042s][info][gc,metaspace   ] GC(1740) Metaspace: 23216K(23552K)->23216K(23552K) NonClass: 20418K(20608K)->20418K(20608K) Class: 2798K(2944K)->2798K(2944K)
[1182.043s][info][gc             ] GC(1740) Pause Young (Allocation Failure) 1022M->541M(1979M) 342.947ms
[1182.043s][info][gc,cpu         ] GC(1740) User=0.36s Sys=0.00s Real=0.33s
[1182.187s][info][gc,start       ] GC(1741) Pause Young (Allocation Failure)
[1182.646s][info][gc,heap        ] GC(1741) DefNew: 629120K(629120K)->69888K(629120K) Eden: 559232K(559232K)->0K(559232K) From: 69888K(69888K)->69888K(69888K)
[1182.646s][info][gc,heap        ] GC(1741) Tenured: 485023K(1398144K)->554349K(1398144K)
[1182.646s][info][gc,metaspace   ] GC(1741) Metaspace: 23216K(23552K)->23216K(23552K) NonClass: 20418K(20608K)->20418K(20608K) Class: 2798K(2944K)->2798K(2944K)
[1182.646s][info][gc             ] GC(1741) Pause Young (Allocation Failure) 1088M->609M(1979M) 459.207ms
[1182.646s][info][gc,cpu         ] GC(1741) User=0.45s Sys=0.00s Real=0.46s
[1183.232s][info][gc,start       ] GC(1742) Pause Young (Allocation Failure)
[1183.593s][info][gc,heap        ] GC(1742) DefNew: 629120K(629120K)->69887K(629120K) Eden: 559232K(559232K)->0K(559232K) From: 69888K(69888K)->69887K(69888K)
[1183.593s][info][gc,heap        ] GC(1742) Tenured: 554349K(1398144K)->588396K(1398144K)
[1183.593s][info][gc,metaspace   ] GC(1742) Metaspace: 23216K(23552K)->23216K(23552K) NonClass: 20418K(20608K)->20418K(20608K) Class: 2798K(2944K)->2798K(2944K)
[1183.593s][info][gc             ] GC(1742) Pause Young (Allocation Failure) 1155M->642M(1979M) 361.193ms
[1183.593s][info][gc,cpu         ] GC(1742) User=0.36s Sys=0.00s Real=0.36s
[1183.743s][info][gc,start       ] GC(1743) Pause Young (Allocation Failure)
[1184.233s][info][gc,heap        ] GC(1743) DefNew: 629119K(629120K)->69888K(629120K) Eden: 559232K(559232K)->0K(559232K) From: 69887K(69888K)->69888K(69888K)
[1184.233s][info][gc,heap        ] GC(1743) Tenured: 588396K(1398144K)->656434K(1398144K)
[1184.233s][info][gc,metaspace   ] GC(1743) Metaspace: 23216K(23552K)->23216K(23552K) NonClass: 20418K(20608K)->20418K(20608K) Class: 2798K(2944K)->2798K(2944K)
[1184.233s][info][gc             ] GC(1743) Pause Young (Allocation Failure) 1188M->709M(1979M) 490.051ms
[1184.233s][info][gc,cpu         ] GC(1743) User=0.41s Sys=0.00s Real=0.50s
[1184.732s][info][gc,start       ] GC(1744) Pause Young (Allocation Failure)
[1185.006s][info][gc,heap        ] GC(1744) DefNew: 629120K(629120K)->52374K(629120K) Eden: 559232K(559232K)->0K(559232K) From: 69888K(69888K)->52374K(69888K)
[1185.006s][info][gc,heap        ] GC(1744) Tenured: 656434K(1398144K)->691852K(1398144K)
[1185.006s][info][gc,metaspace   ] GC(1744) Metaspace: 23216K(23552K)->23216K(23552K) NonClass: 20418K(20608K)->20418K(20608K) Class: 2798K(2944K)->2798K(2944K)
[1185.006s][info][gc             ] GC(1744) Pause Young (Allocation Failure) 1255M->726M(1979M) 273.518ms
[1185.006s][info][gc,cpu         ] GC(1744) User=0.27s Sys=0.00s Real=0.27s
[1185.237s][info][gc,start       ] GC(1745) Pause Young (Allocation Failure)
[1185.584s][info][gc,heap        ] GC(1745) DefNew: 611606K(629120K)->69888K(629120K) Eden: 559232K(559232K)->0K(559232K) From: 52374K(69888K)->69888K(69888K)
[1185.584s][info][gc,heap        ] GC(1745) Tenured: 691852K(1398144K)->733630K(1398144K)
[1185.584s][info][gc,metaspace   ] GC(1745) Metaspace: 23216K(23552K)->23216K(23552K) NonClass: 20418K(20608K)->20418K(20608K) Class: 2798K(2944K)->2798K(2944K)
[1185.584s][info][gc             ] GC(1745) Pause Young (Allocation Failure) 1272M->784M(1979M) 347.410ms
[1185.584s][info][gc,cpu         ] GC(1745) User=0.34s Sys=0.00s Real=0.36s
[1185.731s][info][gc,start       ] GC(1746) Pause Young (Allocation Failure)
[1186.209s][info][gc,heap        ] GC(1746) DefNew: 629120K(629120K)->69888K(629120K) Eden: 559232K(559232K)->0K(559232K) From: 69888K(69888K)->69888K(69888K)
[1186.209s][info][gc,heap        ] GC(1746) Tenured: 733630K(1398144K)->797765K(1398144K)
[1186.209s][info][gc,metaspace   ] GC(1746) Metaspace: 23216K(23552K)->23216K(23552K) NonClass: 20418K(20608K)->20418K(20608K) Class: 2798K(2944K)->2798K(2944K)
[1186.209s][info][gc             ] GC(1746) Pause Young (Allocation Failure) 1330M->847M(1979M) 478.623ms
[1186.209s][info][gc,cpu         ] GC(1746) User=0.42s Sys=0.00s Real=0.49s
[1186.740s][info][gc,start       ] GC(1747) Pause Young (Allocation Failure)
[1187.022s][info][gc,heap        ] GC(1747) DefNew: 629120K(629120K)->51509K(629120K) Eden: 559232K(559232K)->0K(559232K) From: 69888K(69888K)->51509K(69888K)
[1187.022s][info][gc,heap        ] GC(1747) Tenured: 797765K(1398144K)->835086K(1398144K)
[1187.022s][info][gc,metaspace   ] GC(1747) Metaspace: 23216K(23552K)->23216K(23552K) NonClass: 20418K(20608K)->20418K(20608K) Class: 2798K(2944K)->2798K(2944K)
[1187.022s][info][gc             ] GC(1747) Pause Young (Allocation Failure) 1393M->865M(1979M) 282.048ms
[1187.022s][info][gc,cpu         ] GC(1747) User=0.31s Sys=0.00s Real=0.29s
[1187.162s][info][gc,start       ] GC(1748) Pause Young (Allocation Failure)
[1187.566s][info][gc,heap        ] GC(1748) DefNew: 610741K(629120K)->69888K(629120K) Eden: 559232K(559232K)->0K(559232K) From: 51509K(69888K)->69888K(69888K)
[1187.566s][info][gc,heap        ] GC(1748) Tenured: 835086K(1398144K)->882434K(1398144K)
[1187.566s][info][gc,metaspace   ] GC(1748) Metaspace: 23216K(23552K)->23216K(23552K) NonClass: 20418K(20608K)->20418K(20608K) Class: 2798K(2944K)->2798K(2944K)
[1187.566s][info][gc             ] GC(1748) Pause Young (Allocation Failure) 1411M->930M(1979M) 403.539ms
[1187.566s][info][gc,cpu         ] GC(1748) User=0.39s Sys=0.00s Real=0.39s
[1187.815s][info][gc,start       ] GC(1749) Pause Young (Allocation Failure)
[1188.246s][info][gc,heap        ] GC(1749) DefNew: 629120K(629120K)->69887K(629120K) Eden: 559232K(559232K)->0K(559232K) From: 69888K(69888K)->69887K(69888K)
[1188.246s][info][gc,heap        ] GC(1749) Tenured: 882434K(1398144K)->931090K(1398144K)
[1188.246s][info][gc,metaspace   ] GC(1749) Metaspace: 23216K(23552K)->23216K(23552K) NonClass: 20418K(20608K)->20418K(20608K) Class: 2798K(2944K)->2798K(2944K)
[1188.246s][info][gc             ] GC(1749) Pause Young (Allocation Failure) 1476M->977M(1979M) 431.398ms
[1188.246s][info][gc,cpu         ] GC(1749) User=0.42s Sys=0.00s Real=0.44s
[1188.712s][info][gc,start       ] GC(1750) Pause Young (Allocation Failure)
[1189.022s][info][gc,heap        ] GC(1750) DefNew: 629119K(629120K)->61374K(629120K) Eden: 559232K(559232K)->0K(559232K) From: 69887K(69888K)->61374K(69888K)
[1189.022s][info][gc,heap        ] GC(1750) Tenured: 931090K(1398144K)->966637K(1398144K)
[1189.022s][info][gc,metaspace   ] GC(1750) Metaspace: 23216K(23552K)->23216K(23552K) NonClass: 20418K(20608K)->20418K(20608K) Class: 2798K(2944K)->2798K(2944K)
[1189.022s][info][gc             ] GC(1750) Pause Young (Allocation Failure) 1523M->1003M(1979M) 310.707ms
[1189.022s][info][gc,cpu         ] GC(1750) User=0.30s Sys=0.00s Real=0.31s
[1189.171s][info][gc,start       ] GC(1751) Pause Young (Allocation Failure)
[1189.606s][info][gc,heap        ] GC(1751) DefNew: 620606K(629120K)->69888K(629120K) Eden: 559232K(559232K)->0K(559232K) From: 61374K(69888K)->69888K(69888K)
[1189.606s][info][gc,heap        ] GC(1751) Tenured: 966637K(1398144K)->1022646K(1398144K)
[1189.606s][info][gc,metaspace   ] GC(1751) Metaspace: 23216K(23552K)->23216K(23552K) NonClass: 20418K(20608K)->20418K(20608K) Class: 2798K(2944K)->2798K(2944K)
[1189.606s][info][gc             ] GC(1751) Pause Young (Allocation Failure) 1550M->1066M(1979M) 435.045ms
[1189.606s][info][gc,cpu         ] GC(1751) User=0.41s Sys=0.00s Real=0.42s
[1190.147s][info][gc,start       ] GC(1752) Pause Young (Allocation Failure)
[1190.393s][info][gc,heap        ] GC(1752) DefNew: 629120K(629120K)->45047K(629120K) Eden: 559232K(559232K)->0K(559232K) From: 69888K(69888K)->45047K(69888K)
[1190.393s][info][gc,heap        ] GC(1752) Tenured: 1022646K(1398144K)->1058189K(1398144K)
[1190.393s][info][gc,metaspace   ] GC(1752) Metaspace: 23216K(23552K)->23216K(23552K) NonClass: 20418K(20608K)->20418K(20608K) Class: 2798K(2944K)->2798K(2944K)
[1190.393s][info][gc             ] GC(1752) Pause Young (Allocation Failure) 1613M->1077M(1979M) 246.078ms
[1190.393s][info][gc,cpu         ] GC(1752) User=0.22s Sys=0.00s Real=0.24s
[1190.567s][info][gc,start       ] GC(1753) Pause Young (Allocation Failure)
[1190.932s][info][gc,heap        ] GC(1753) DefNew: 604279K(629120K)->69888K(629120K) Eden: 559232K(559232K)->0K(559232K) From: 45047K(69888K)->69888K(69888K)
[1190.932s][info][gc,heap        ] GC(1753) Tenured: 1058189K(1398144K)->1096997K(1398144K)
[1190.932s][info][gc,metaspace   ] GC(1753) Metaspace: 23216K(23552K)->23216K(23552K) NonClass: 20418K(20608K)->20418K(20608K) Class: 2798K(2944K)->2798K(2944K)
[1190.932s][info][gc             ] GC(1753) Pause Young (Allocation Failure) 1623M->1139M(1979M) 365.152ms
[1190.932s][info][gc,cpu         ] GC(1753) User=0.34s Sys=0.00s Real=0.37s
[1191.083s][info][gc,start       ] GC(1754) Pause Young (Allocation Failure)
[1191.569s][info][gc,heap        ] GC(1754) DefNew: 629120K(629120K)->69888K(629120K) Eden: 559232K(559232K)->0K(559232K) From: 69888K(69888K)->69888K(69888K)
[1191.569s][info][gc,heap        ] GC(1754) Tenured: 1096997K(1398144K)->1163255K(1398144K)
[1191.569s][info][gc,metaspace   ] GC(1754) Metaspace: 23216K(23552K)->23216K(23552K) NonClass: 20418K(20608K)->20418K(20608K) Class: 2798K(2944K)->2798K(2944K)
[1191.569s][info][gc             ] GC(1754) Pause Young (Allocation Failure) 1685M->1204M(1979M) 486.422ms
[1191.569s][info][gc,cpu         ] GC(1754) User=0.48s Sys=0.00s Real=0.49s
[1192.202s][info][gc,start       ] GC(1755) Pause Young (Allocation Failure)
[1192.510s][info][gc,heap        ] GC(1755) DefNew: 629120K(629120K)->56682K(629120K) Eden: 559232K(559232K)->0K(559232K) From: 69888K(69888K)->56682K(69888K)
[1192.510s][info][gc,heap        ] GC(1755) Tenured: 1163255K(1398144K)->1199839K(1398144K)
[1192.510s][info][gc,metaspace   ] GC(1755) Metaspace: 23216K(23552K)->23216K(23552K) NonClass: 20418K(20608K)->20418K(20608K) Class: 2798K(2944K)->2798K(2944K)
[1192.510s][info][gc             ] GC(1755) Pause Young (Allocation Failure) 1750M->1227M(1979M) 307.262ms
[1192.510s][info][gc,cpu         ] GC(1755) User=0.31s Sys=0.00s Real=0.31s
[1192.654s][info][gc,start       ] GC(1756) Pause Young (Allocation Failure)
[1193.074s][info][gc,heap        ] GC(1756) DefNew: 615914K(629120K)->69888K(629120K) Eden: 559232K(559232K)->0K(559232K) From: 56682K(69888K)->69888K(69888K)
[1193.074s][info][gc,heap        ] GC(1756) Tenured: 1199839K(1398144K)->1252800K(1398144K)
[1193.074s][info][gc,metaspace   ] GC(1756) Metaspace: 23216K(23552K)->23216K(23552K) NonClass: 20418K(20608K)->20418K(20608K) Class: 2798K(2944K)->2798K(2944K)
[1193.074s][info][gc             ] GC(1756) Pause Young (Allocation Failure) 1773M->1291M(1979M) 420.197ms
[1193.074s][info][gc,cpu         ] GC(1756) User=0.41s Sys=0.00s Real=0.42s
[1193.364s][info][gc,start       ] GC(1757) Pause Young (Allocation Failure)
[1193.725s][info][gc,heap        ] GC(1757) DefNew: 629120K(629120K)->69887K(629120K) Eden: 559232K(559232K)->0K(559232K) From: 69888K(69888K)->69887K(69888K)
[1193.725s][info][gc,heap        ] GC(1757) Tenured: 1252800K(1398144K)->1293015K(1398144K)
[1193.725s][info][gc,metaspace   ] GC(1757) Metaspace: 23216K(23552K)->23216K(23552K) NonClass: 20418K(20608K)->20418K(20608K) Class: 2798K(2944K)->2798K(2944K)
[1193.725s][info][gc             ] GC(1757) Pause Young (Allocation Failure) 1837M->1330M(1979M) 360.465ms
[1193.725s][info][gc,cpu         ] GC(1757) User=0.34s Sys=0.00s Real=0.36s
[1194.020s][info][gc,start       ] GC(1758) Pause Full (System.gc())
[1194.021s][info][gc,phases,start] GC(1758) Phase 1: Mark live objects
[1194.202s][info][gc,phases      ] GC(1758) Phase 1: Mark live objects 181.649ms
[1194.202s][info][gc,phases,start] GC(1758) Phase 2: Compute new object addresses
[1194.435s][info][gc,phases      ] GC(1758) Phase 2: Compute new object addresses 232.841ms
[1194.435s][info][gc,phases,start] GC(1758) Phase 3: Adjust pointers
[1194.515s][info][gc,phases      ] GC(1758) Phase 3: Adjust pointers 80.188ms
[1194.515s][info][gc,phases,start] GC(1758) Phase 4: Move objects
[1194.548s][info][gc,phases      ] GC(1758) Phase 4: Move objects 32.654ms
[1194.548s][info][gc,heap        ] GC(1758) DefNew: 250757K(629120K)->0K(629120K) Eden: 180869K(559232K)->0K(559232K) From: 69887K(69888K)->0K(69888K)
[1194.548s][info][gc,heap        ] GC(1758) Tenured: 1293015K(1398144K)->166570K(1398144K)
[1194.548s][info][gc,metaspace   ] GC(1758) Metaspace: 23216K(23552K)->23216K(23552K) NonClass: 20418K(20608K)->20418K(20608K) Class: 2798K(2944K)->2798K(2944K)
[1194.548s][info][gc             ] GC(1758) Pause Full (System.gc()) 1507M->162M(1979M) 527.970ms
[1194.548s][info][gc,cpu         ] GC(1758) User=0.52s Sys=0.00s Real=0.52s
[1194.714s][info][gc,start       ] GC(1759) Pause Young (Allocation Failure)
[1195.037s][info][gc,heap        ] GC(1759) DefNew: 559232K(629120K)->69888K(629120K) Eden: 559232K(559232K)->0K(559232K) From: 0K(69888K)->69888K(69888K)
[1195.037s][info][gc,heap        ] GC(1759) Tenured: 166570K(1398144K)->175963K(1398144K)
[1195.037s][info][gc,metaspace   ] GC(1759) Metaspace: 23216K(23552K)->23216K(23552K) NonClass: 20418K(20608K)->20418K(20608K) Class: 2798K(2944K)->2798K(2944K)
[1195.037s][info][gc             ] GC(1759) Pause Young (Allocation Failure) 708M->240M(1979M) 323.289ms
[1195.037s][info][gc,cpu         ] GC(1759) User=0.30s Sys=0.00s Real=0.33s
[1195.191s][info][gc,start       ] GC(1760) Pause Young (Allocation Failure)
[1195.701s][info][gc,heap        ] GC(1760) DefNew: 629120K(629120K)->69888K(629120K) Eden: 559232K(559232K)->0K(559232K) From: 69888K(69888K)->69888K(69888K)
[1195.701s][info][gc,heap        ] GC(1760) Tenured: 175963K(1398144K)->249809K(1398144K)
[1195.701s][info][gc,metaspace   ] GC(1760) Metaspace: 23216K(23552K)->23216K(23552K) NonClass: 20418K(20608K)->20418K(20608K) Class: 2798K(2944K)->2798K(2944K)
[1195.701s][info][gc             ] GC(1760) Pause Young (Allocation Failure) 786M->312M(1979M) 509.956ms
[1195.701s][info][gc,cpu         ] GC(1760) User=0.50s Sys=0.00s Real=0.50s
[1196.214s][info][gc,start       ] GC(1761) Pause Young (Allocation Failure)
[1196.532s][info][gc,heap        ] GC(1761) DefNew: 629120K(629120K)->61738K(629120K) Eden: 559232K(559232K)->0K(559232K) From: 69888K(69888K)->61738K(69888K)
[1196.532s][info][gc,heap        ] GC(1761) Tenured: 249809K(1398144K)->284177K(1398144K)
[1196.532s][info][gc,metaspace   ] GC(1761) Metaspace: 23216K(23552K)->23216K(23552K) NonClass: 20418K(20608K)->20418K(20608K) Class: 2798K(2944K)->2798K(2944K)
[1196.532s][info][gc             ] GC(1761) Pause Young (Allocation Failure) 858M->337M(1979M) 317.707ms
[1196.532s][info][gc,cpu         ] GC(1761) User=0.31s Sys=0.00s Real=0.33s
[1196.680s][info][gc,start       ] GC(1762) Pause Young (Allocation Failure)
[1197.119s][info][gc,heap        ] GC(1762) DefNew: 620970K(629120K)->69888K(629120K) Eden: 559232K(559232K)->0K(559232K) From: 61738K(69888K)->69888K(69888K)
[1197.119s][info][gc,heap        ] GC(1762) Tenured: 284177K(1398144K)->343631K(1398144K)
[1197.119s][info][gc,metaspace   ] GC(1762) Metaspace: 23216K(23552K)->23216K(23552K) NonClass: 20418K(20608K)->20418K(20608K) Class: 2798K(2944K)->2798K(2944K)
[1197.120s][info][gc             ] GC(1762) Pause Young (Allocation Failure) 883M->403M(1979M) 439.856ms
[1197.120s][info][gc,cpu         ] GC(1762) User=0.39s Sys=0.00s Real=0.44s
[1197.535s][info][gc,start       ] GC(1763) Pause Young (Allocation Failure)
[1197.820s][info][gc,heap        ] GC(1763) DefNew: 629120K(629120K)->55298K(629120K) Eden: 559232K(559232K)->0K(559232K) From: 69888K(69888K)->55298K(69888K)
[1197.820s][info][gc,heap        ] GC(1763) Tenured: 343631K(1398144K)->380198K(1398144K)
[1197.820s][info][gc,metaspace   ] GC(1763) Metaspace: 23216K(23552K)->23216K(23552K) NonClass: 20418K(20608K)->20418K(20608K) Class: 2798K(2944K)->2798K(2944K)
[1197.820s][info][gc             ] GC(1763) Pause Young (Allocation Failure) 949M->425M(1979M) 284.994ms
[1197.820s][info][gc,cpu         ] GC(1763) User=0.27s Sys=0.00s Real=0.28s
[1198.050s][info][gc,start       ] GC(1764) Pause Young (Allocation Failure)
[1198.387s][info][gc,heap        ] GC(1764) DefNew: 614530K(629120K)->69887K(629120K) Eden: 559232K(559232K)->0K(559232K) From: 55298K(69888K)->69887K(69888K)
[1198.387s][info][gc,heap        ] GC(1764) Tenured: 380198K(1398144K)->418121K(1398144K)
[1198.387s][info][gc,metaspace   ] GC(1764) Metaspace: 23216K(23552K)->23216K(23552K) NonClass: 20418K(20608K)->20418K(20608K) Class: 2798K(2944K)->2798K(2944K)
[1198.387s][info][gc             ] GC(1764) Pause Young (Allocation Failure) 971M->476M(1979M) 337.718ms
[1198.387s][info][gc,cpu         ] GC(1764) User=0.25s Sys=0.00s Real=0.34s
[1198.528s][info][gc,start       ] GC(1765) Pause Young (Allocation Failure)
[1198.984s][info][gc,heap        ] GC(1765) DefNew: 629119K(629120K)->69888K(629120K) Eden: 559232K(559232K)->0K(559232K) From: 69887K(69888K)->69888K(69888K)
[1198.984s][info][gc,heap        ] GC(1765) Tenured: 418121K(1398144K)->476513K(1398144K)
[1198.984s][info][gc,metaspace   ] GC(1765) Metaspace: 23216K(23552K)->23216K(23552K) NonClass: 20418K(20608K)->20418K(20608K) Class: 2798K(2944K)->2798K(2944K)
[1198.984s][info][gc             ] GC(1765) Pause Young (Allocation Failure) 1022M->533M(1979M) 455.436ms
[1198.984s][info][gc,cpu         ] GC(1765) User=0.44s Sys=0.00s Real=0.45s
[1199.658s][info][gc,start       ] GC(1766) Pause Young (Allocation Failure)
[1199.936s][info][gc,heap        ] GC(1766) DefNew: 629120K(629120K)->48622K(629120K) Eden: 559232K(559232K)->0K(559232K) From: 69888K(69888K)->48622K(69888K)
[1199.936s][info][gc,heap        ] GC(1766) Tenured: 476513K(1398144K)->508890K(1398144K)
[1199.936s][info][gc,metaspace   ] GC(1766) Metaspace: 23216K(23552K)->23216K(23552K) NonClass: 20418K(20608K)->20418K(20608K) Class: 2798K(2944K)->2798K(2944K)
[1199.936s][info][gc             ] GC(1766) Pause Young (Allocation Failure) 1079M->544M(1979M) 278.296ms
[1199.936s][info][gc,cpu         ] GC(1766) User=0.30s Sys=0.00s Real=0.28s
[1200.083s][info][gc,start       ] GC(1767) Pause Young (Allocation Failure)
[1200.502s][info][gc,heap        ] GC(1767) DefNew: 607854K(629120K)->69888K(629120K) Eden: 559232K(559232K)->0K(559232K) From: 48622K(69888K)->69888K(69888K)
[1200.502s][info][gc,heap        ] GC(1767) Tenured: 508890K(1398144K)->556373K(1398144K)
[1200.502s][info][gc,metaspace   ] GC(1767) Metaspace: 23216K(23552K)->23216K(23552K) NonClass: 20418K(20608K)->20418K(20608K) Class: 2798K(2944K)->2798K(2944K)
[1200.502s][info][gc             ] GC(1767) Pause Young (Allocation Failure) 1090M->611M(1979M) 419.910ms
[1200.502s][info][gc,cpu         ] GC(1767) User=0.42s Sys=0.00s Real=0.42s
[1200.691s][info][gc,start       ] GC(1768) Pause Young (Allocation Failure)
[1201.173s][info][gc,heap        ] GC(1768) DefNew: 629120K(629120K)->69888K(629120K) Eden: 559232K(559232K)->0K(559232K) From: 69888K(69888K)->69888K(69888K)
[1201.173s][info][gc,heap        ] GC(1768) Tenured: 556373K(1398144K)->614399K(1398144K)
[1201.173s][info][gc,metaspace   ] GC(1768) Metaspace: 23216K(23552K)->23216K(23552K) NonClass: 20418K(20608K)->20418K(20608K) Class: 2798K(2944K)->2798K(2944K)
[1201.173s][info][gc             ] GC(1768) Pause Young (Allocation Failure) 1157M->668M(1979M) 482.179ms
[1201.173s][info][gc,cpu         ] GC(1768) User=0.45s Sys=0.00s Real=0.49s
[1201.683s][info][gc,start       ] GC(1769) Pause Young (Allocation Failure)
[1201.985s][info][gc,heap        ] GC(1769) DefNew: 629120K(629120K)->57796K(629120K) Eden: 559232K(559232K)->0K(559232K) From: 69888K(69888K)->57796K(69888K)
[1201.985s][info][gc,heap        ] GC(1769) Tenured: 614399K(1398144K)->648484K(1398144K)
[1201.985s][info][gc,metaspace   ] GC(1769) Metaspace: 23216K(23552K)->23216K(23552K) NonClass: 20418K(20608K)->20418K(20608K) Class: 2798K(2944K)->2798K(2944K)
[1201.985s][info][gc             ] GC(1769) Pause Young (Allocation Failure) 1214M->689M(1979M) 302.454ms
[1201.985s][info][gc,cpu         ] GC(1769) User=0.20s Sys=0.00s Real=0.30s
[1202.123s][info][gc,start       ] GC(1770) Pause Young (Allocation Failure)
[1202.537s][info][gc,heap        ] GC(1770) DefNew: 617028K(629120K)->69888K(629120K) Eden: 559232K(559232K)->0K(559232K) From: 57796K(69888K)->69888K(69888K)
[1202.537s][info][gc,heap        ] GC(1770) Tenured: 648484K(1398144K)->701902K(1398144K)
[1202.537s][info][gc,metaspace   ] GC(1770) Metaspace: 23216K(23552K)->23216K(23552K) NonClass: 20418K(20608K)->20418K(20608K) Class: 2798K(2944K)->2798K(2944K)
[1202.537s][info][gc             ] GC(1770) Pause Young (Allocation Failure) 1235M->753M(1979M) 414.118ms
[1202.537s][info][gc,cpu         ] GC(1770) User=0.41s Sys=0.00s Real=0.41s
[1203.014s][info][gc,start       ] GC(1771) Pause Young (Allocation Failure)
[1203.301s][info][gc,heap        ] GC(1771) DefNew: 629120K(629120K)->56514K(629120K) Eden: 559232K(559232K)->0K(559232K) From: 69888K(69888K)->56514K(69888K)
[1203.301s][info][gc,heap        ] GC(1771) Tenured: 701902K(1398144K)->737243K(1398144K)
[1203.301s][info][gc,metaspace   ] GC(1771) Metaspace: 23216K(23552K)->23216K(23552K) NonClass: 20418K(20608K)->20418K(20608K) Class: 2798K(2944K)->2798K(2944K)
[1203.301s][info][gc             ] GC(1771) Pause Young (Allocation Failure) 1299M->775M(1979M) 286.318ms
[1203.301s][info][gc,cpu         ] GC(1771) User=0.28s Sys=0.00s Real=0.28s
[1203.562s][info][gc,start       ] GC(1772) Pause Young (Allocation Failure)
[1203.894s][info][gc,heap        ] GC(1772) DefNew: 615746K(629120K)->67867K(629120K) Eden: 559232K(559232K)->0K(559232K) From: 56514K(69888K)->67867K(69888K)
[1203.894s][info][gc,heap        ] GC(1772) Tenured: 737243K(1398144K)->773927K(1398144K)
[1203.894s][info][gc,metaspace   ] GC(1772) Metaspace: 23216K(23552K)->23216K(23552K) NonClass: 20418K(20608K)->20418K(20608K) Class: 2798K(2944K)->2798K(2944K)
[1203.894s][info][gc             ] GC(1772) Pause Young (Allocation Failure) 1321M->822M(1979M) 332.182ms
[1203.894s][info][gc,cpu         ] GC(1772) User=0.34s Sys=0.00s Real=0.34s
[1204.047s][info][gc,start       ] GC(1773) Pause Young (Allocation Failure)
[1204.530s][info][gc,heap        ] GC(1773) DefNew: 627099K(629120K)->69888K(629120K) Eden: 559232K(559232K)->0K(559232K) From: 67867K(69888K)->69888K(69888K)
[1204.530s][info][gc,heap        ] GC(1773) Tenured: 773927K(1398144K)->839729K(1398144K)
[1204.530s][info][gc,metaspace   ] GC(1773) Metaspace: 23216K(23552K)->23216K(23552K) NonClass: 20418K(20608K)->20418K(20608K) Class: 2798K(2944K)->2798K(2944K)
[1204.530s][info][gc             ] GC(1773) Pause Young (Allocation Failure) 1368M->888M(1979M) 483.738ms
[1204.530s][info][gc,cpu         ] GC(1773) User=0.42s Sys=0.02s Real=0.49s
[1205.158s][info][gc,start       ] GC(1774) Pause Young (Allocation Failure)
[1205.440s][info][gc,heap        ] GC(1774) DefNew: 629120K(629120K)->49156K(629120K) Eden: 559232K(559232K)->0K(559232K) From: 69888K(69888K)->49156K(69888K)
[1205.440s][info][gc,heap        ] GC(1774) Tenured: 839729K(1398144K)->875079K(1398144K)
[1205.440s][info][gc,metaspace   ] GC(1774) Metaspace: 23216K(23552K)->23216K(23552K) NonClass: 20418K(20608K)->20418K(20608K) Class: 2798K(2944K)->2798K(2944K)
[1205.440s][info][gc             ] GC(1774) Pause Young (Allocation Failure) 1434M->902M(1979M) 282.295ms
[1205.440s][info][gc,cpu         ] GC(1774) User=0.27s Sys=0.00s Real=0.28s
[1205.580s][info][gc,start       ] GC(1775) Pause Young (Allocation Failure)
[1206.000s][info][gc,heap        ] GC(1775) DefNew: 608388K(629120K)->69888K(629120K) Eden: 559232K(559232K)->0K(559232K) From: 49156K(69888K)->69888K(69888K)
[1206.000s][info][gc,heap        ] GC(1775) Tenured: 875079K(1398144K)->921940K(1398144K)
[1206.000s][info][gc,metaspace   ] GC(1775) Metaspace: 23216K(23552K)->23216K(23552K) NonClass: 20418K(20608K)->20418K(20608K) Class: 2798K(2944K)->2798K(2944K)
[1206.000s][info][gc             ] GC(1775) Pause Young (Allocation Failure) 1448M->968M(1979M) 420.365ms
[1206.000s][info][gc,cpu         ] GC(1775) User=0.41s Sys=0.00s Real=0.42s
[1206.241s][info][gc,start       ] GC(1776) Pause Young (Allocation Failure)
[1206.699s][info][gc,heap        ] GC(1776) DefNew: 629120K(629120K)->69887K(629120K) Eden: 559232K(559232K)->0K(559232K) From: 69888K(69888K)->69887K(69888K)
[1206.699s][info][gc,heap        ] GC(1776) Tenured: 921940K(1398144K)->974138K(1398144K)
[1206.699s][info][gc,metaspace   ] GC(1776) Metaspace: 23216K(23552K)->23216K(23552K) NonClass: 20418K(20608K)->20418K(20608K) Class: 2798K(2944K)->2798K(2944K)
[1206.699s][info][gc             ] GC(1776) Pause Young (Allocation Failure) 1514M->1019M(1979M) 457.159ms
[1206.699s][info][gc,cpu         ] GC(1776) User=0.44s Sys=0.00s Real=0.46s
[1207.169s][info][gc,start       ] GC(1777) Pause Young (Allocation Failure)
[1207.470s][info][gc,heap        ] GC(1777) DefNew: 629119K(629120K)->63180K(629120K) Eden: 559232K(559232K)->0K(559232K) From: 69887K(69888K)->63180K(69888K)
[1207.470s][info][gc,heap        ] GC(1777) Tenured: 974138K(1398144K)->1007283K(1398144K)
[1207.470s][info][gc,metaspace   ] GC(1777) Metaspace: 23216K(23552K)->23216K(23552K) NonClass: 20418K(20608K)->20418K(20608K) Class: 2798K(2944K)->2798K(2944K)
[1207.470s][info][gc             ] GC(1777) Pause Young (Allocation Failure) 1565M->1045M(1979M) 300.836ms
[1207.470s][info][gc,cpu         ] GC(1777) User=0.30s Sys=0.00s Real=0.30s
[1207.617s][info][gc,start       ] GC(1778) Pause Young (Allocation Failure)
[1208.053s][info][gc,heap        ] GC(1778) DefNew: 622412K(629120K)->69888K(629120K) Eden: 559232K(559232K)->0K(559232K) From: 63180K(69888K)->69888K(69888K)
[1208.053s][info][gc,heap        ] GC(1778) Tenured: 1007283K(1398144K)->1066740K(1398144K)
[1208.053s][info][gc,metaspace   ] GC(1778) Metaspace: 23216K(23552K)->23216K(23552K) NonClass: 20418K(20608K)->20418K(20608K) Class: 2798K(2944K)->2798K(2944K)
[1208.053s][info][gc             ] GC(1778) Pause Young (Allocation Failure) 1591M->1109M(1979M) 435.941ms
[1208.053s][info][gc,cpu         ] GC(1778) User=0.42s Sys=0.00s Real=0.42s
[1208.583s][info][gc,start       ] GC(1779) Pause Young (Allocation Failure)
[1208.831s][info][gc,heap        ] GC(1779) DefNew: 629120K(629120K)->43210K(629120K) Eden: 559232K(559232K)->0K(559232K) From: 69888K(69888K)->43210K(69888K)
[1208.831s][info][gc,heap        ] GC(1779) Tenured: 1066740K(1398144K)->1102026K(1398144K)
[1208.831s][info][gc,metaspace   ] GC(1779) Metaspace: 23216K(23552K)->23216K(23552K) NonClass: 20418K(20608K)->20418K(20608K) Class: 2798K(2944K)->2798K(2944K)
[1208.831s][info][gc             ] GC(1779) Pause Young (Allocation Failure) 1656M->1118M(1979M) 247.574ms
[1208.831s][info][gc,cpu         ] GC(1779) User=0.23s Sys=0.00s Real=0.25s
[1208.992s][info][gc,start       ] GC(1780) Pause Young (Allocation Failure)
[1209.355s][info][gc,heap        ] GC(1780) DefNew: 602442K(629120K)->69887K(629120K) Eden: 559232K(559232K)->0K(559232K) From: 43210K(69888K)->69887K(69888K)
[1209.355s][info][gc,heap        ] GC(1780) Tenured: 1102026K(1398144K)->1141345K(1398144K)
[1209.355s][info][gc,metaspace   ] GC(1780) Metaspace: 23216K(23552K)->23216K(23552K) NonClass: 20418K(20608K)->20418K(20608K) Class: 2798K(2944K)->2798K(2944K)
[1209.355s][info][gc             ] GC(1780) Pause Young (Allocation Failure) 1664M->1182M(1979M) 363.434ms
[1209.355s][info][gc,cpu         ] GC(1780) User=0.36s Sys=0.00s Real=0.36s
[1209.509s][info][gc,start       ] GC(1781) Pause Young (Allocation Failure)
[1209.997s][info][gc,heap        ] GC(1781) DefNew: 629119K(629120K)->69888K(629120K) Eden: 559232K(559232K)->0K(559232K) From: 69887K(69888K)->69888K(69888K)
[1209.997s][info][gc,heap        ] GC(1781) Tenured: 1141345K(1398144K)->1207798K(1398144K)
[1209.997s][info][gc,metaspace   ] GC(1781) Metaspace: 23216K(23552K)->23216K(23552K) NonClass: 20418K(20608K)->20418K(20608K) Class: 2798K(2944K)->2798K(2944K)
[1209.997s][info][gc             ] GC(1781) Pause Young (Allocation Failure) 1728M->1247M(1979M) 488.040ms
[1209.997s][info][gc,cpu         ] GC(1781) User=0.45s Sys=0.00s Real=0.49s
[1210.553s][info][gc,start       ] GC(1782) Pause Young (Allocation Failure)
[1210.857s][info][gc,heap        ] GC(1782) DefNew: 629120K(629120K)->56148K(629120K) Eden: 559232K(559232K)->0K(559232K) From: 69888K(69888K)->56148K(69888K)
[1210.857s][info][gc,heap        ] GC(1782) Tenured: 1207798K(1398144K)->1243451K(1398144K)
[1210.857s][info][gc,metaspace   ] GC(1782) Metaspace: 23216K(23552K)->23216K(23552K) NonClass: 20418K(20608K)->20418K(20608K) Class: 2798K(2944K)->2798K(2944K)
[1210.857s][info][gc             ] GC(1782) Pause Young (Allocation Failure) 1793M->1269M(1979M) 303.970ms
[1210.857s][info][gc,cpu         ] GC(1782) User=0.25s Sys=0.00s Real=0.30s
[1211.002s][info][gc,start       ] GC(1783) Pause Young (Allocation Failure)
[1211.424s][info][gc,heap        ] GC(1783) DefNew: 615380K(629120K)->69887K(629120K) Eden: 559232K(559232K)->0K(559232K) From: 56148K(69888K)->69887K(69888K)
[1211.424s][info][gc,heap        ] GC(1783) Tenured: 1243451K(1398144K)->1296894K(1398144K)
[1211.424s][info][gc,metaspace   ] GC(1783) Metaspace: 23216K(23552K)->23216K(23552K) NonClass: 20418K(20608K)->20418K(20608K) Class: 2798K(2944K)->2798K(2944K)
[1211.424s][info][gc             ] GC(1783) Pause Young (Allocation Failure) 1815M->1334M(1979M) 421.404ms
[1211.424s][info][gc,cpu         ] GC(1783) User=0.42s Sys=0.00s Real=0.42s
[1211.740s][info][gc,start       ] GC(1784) Pause Young (Allocation Failure)
[1212.088s][info][gc,heap        ] GC(1784) DefNew: 629119K(629120K)->69281K(629120K) Eden: 559232K(559232K)->0K(559232K) From: 69887K(69888K)->69281K(69888K)
[1212.088s][info][gc,heap        ] GC(1784) Tenured: 1296894K(1398144K)->1334042K(1398144K)
[1212.088s][info][gc,metaspace   ] GC(1784) Metaspace: 23216K(23552K)->23216K(23552K) NonClass: 20418K(20608K)->20418K(20608K) Class: 2798K(2944K)->2798K(2944K)
[1212.088s][info][gc             ] GC(1784) Pause Young (Allocation Failure) 1880M->1370M(1979M) 347.996ms
[1212.088s][info][gc,cpu         ] GC(1784) User=0.36s Sys=0.00s Real=0.36s
[1212.348s][info][gc,start       ] GC(1785) Pause Full (System.gc())
[1212.348s][info][gc,phases,start] GC(1785) Phase 1: Mark live objects
[1212.526s][info][gc,phases      ] GC(1785) Phase 1: Mark live objects 177.987ms
[1212.526s][info][gc,phases,start] GC(1785) Phase 2: Compute new object addresses
[1212.757s][info][gc,phases      ] GC(1785) Phase 2: Compute new object addresses 230.474ms
[1212.757s][info][gc,phases,start] GC(1785) Phase 3: Adjust pointers
[1212.839s][info][gc,phases      ] GC(1785) Phase 3: Adjust pointers 82.202ms
[1212.839s][info][gc,phases,start] GC(1785) Phase 4: Move objects
[1212.872s][info][gc,phases      ] GC(1785) Phase 4: Move objects 32.777ms
[1212.873s][info][gc,heap        ] GC(1785) DefNew: 253775K(629120K)->0K(629120K) Eden: 184493K(559232K)->0K(559232K) From: 69281K(69888K)->0K(69888K)
[1212.873s][info][gc,heap        ] GC(1785) Tenured: 1334042K(1398144K)->162248K(1398144K)
[1212.873s][info][gc,metaspace   ] GC(1785) Metaspace: 23216K(23552K)->23216K(23552K) NonClass: 20418K(20608K)->20418K(20608K) Class: 2798K(2944K)->2798K(2944K)
[1212.873s][info][gc             ] GC(1785) Pause Full (System.gc()) 1550M->158M(1979M) 524.821ms
[1212.873s][info][gc,cpu         ] GC(1785) User=0.50s Sys=0.00s Real=0.53s
[1213.031s][info][gc,start       ] GC(1786) Pause Young (Allocation Failure)
[1213.342s][info][gc,heap        ] GC(1786) DefNew: 559232K(629120K)->69887K(629120K) Eden: 559232K(559232K)->0K(559232K) From: 0K(69888K)->69887K(69888K)
[1213.342s][info][gc,heap        ] GC(1786) Tenured: 162248K(1398144K)->167736K(1398144K)
[1213.342s][info][gc,metaspace   ] GC(1786) Metaspace: 23216K(23552K)->23216K(23552K) NonClass: 20418K(20608K)->20418K(20608K) Class: 2798K(2944K)->2798K(2944K)
[1213.342s][info][gc             ] GC(1786) Pause Young (Allocation Failure) 704M->232M(1979M) 310.406ms
[1213.342s][info][gc,cpu         ] GC(1786) User=0.31s Sys=0.00s Real=0.31s
[1213.497s][info][gc,start       ] GC(1787) Pause Young (Allocation Failure)
[1213.990s][info][gc,heap        ] GC(1787) DefNew: 629119K(629120K)->69888K(629120K) Eden: 559232K(559232K)->0K(559232K) From: 69887K(69888K)->69888K(69888K)
[1213.990s][info][gc,heap        ] GC(1787) Tenured: 167736K(1398144K)->236370K(1398144K)
[1213.990s][info][gc,metaspace   ] GC(1787) Metaspace: 23216K(23552K)->23216K(23552K) NonClass: 20418K(20608K)->20418K(20608K) Class: 2798K(2944K)->2798K(2944K)
[1213.990s][info][gc             ] GC(1787) Pause Young (Allocation Failure) 778M->299M(1979M) 493.546ms
[1213.990s][info][gc,cpu         ] GC(1787) User=0.48s Sys=0.02s Real=0.49s
[1214.523s][info][gc,start       ] GC(1788) Pause Young (Allocation Failure)
[1214.841s][info][gc,heap        ] GC(1788) DefNew: 629120K(629120K)->61034K(629120K) Eden: 559232K(559232K)->0K(559232K) From: 69888K(69888K)->61034K(69888K)
[1214.841s][info][gc,heap        ] GC(1788) Tenured: 236370K(1398144K)->271836K(1398144K)
[1214.841s][info][gc,metaspace   ] GC(1788) Metaspace: 23216K(23552K)->23216K(23552K) NonClass: 20418K(20608K)->20418K(20608K) Class: 2798K(2944K)->2798K(2944K)
[1214.841s][info][gc             ] GC(1788) Pause Young (Allocation Failure) 845M->325M(1979M) 318.505ms
[1214.842s][info][gc,cpu         ] GC(1788) User=0.28s Sys=0.00s Real=0.33s
[1214.986s][info][gc,start       ] GC(1789) Pause Young (Allocation Failure)
[1215.423s][info][gc,heap        ] GC(1789) DefNew: 620266K(629120K)->69887K(629120K) Eden: 559232K(559232K)->0K(559232K) From: 61034K(69888K)->69887K(69888K)
[1215.423s][info][gc,heap        ] GC(1789) Tenured: 271836K(1398144K)->330853K(1398144K)
[1215.423s][info][gc,metaspace   ] GC(1789) Metaspace: 23216K(23552K)->23216K(23552K) NonClass: 20418K(20608K)->20418K(20608K) Class: 2798K(2944K)->2798K(2944K)
[1215.423s][info][gc             ] GC(1789) Pause Young (Allocation Failure) 871M->391M(1979M) 436.261ms
[1215.423s][info][gc,cpu         ] GC(1789) User=0.41s Sys=0.00s Real=0.43s
[1215.809s][info][gc,start       ] GC(1790) Pause Young (Allocation Failure)
[1216.108s][info][gc,heap        ] GC(1790) DefNew: 629119K(629120K)->58894K(629120K) Eden: 559232K(559232K)->0K(559232K) From: 69887K(69888K)->58894K(69888K)
[1216.108s][info][gc,heap        ] GC(1790) Tenured: 330853K(1398144K)->368696K(1398144K)
[1216.108s][info][gc,metaspace   ] GC(1790) Metaspace: 23216K(23552K)->23216K(23552K) NonClass: 20418K(20608K)->20418K(20608K) Class: 2798K(2944K)->2798K(2944K)
[1216.108s][info][gc             ] GC(1790) Pause Young (Allocation Failure) 937M->417M(1979M) 298.919ms
[1216.108s][info][gc,cpu         ] GC(1790) User=0.30s Sys=0.00s Real=0.30s
[1216.548s][info][gc,start       ] GC(1791) Pause Young (Allocation Failure)
[1216.808s][info][gc,heap        ] GC(1791) DefNew: 618126K(629120K)->57334K(629120K) Eden: 559232K(559232K)->0K(559232K) From: 58894K(69888K)->57334K(69888K)
[1216.808s][info][gc,heap        ] GC(1791) Tenured: 368696K(1398144K)->403076K(1398144K)
[1216.808s][info][gc,metaspace   ] GC(1791) Metaspace: 23216K(23552K)->23216K(23552K) NonClass: 20418K(20608K)->20418K(20608K) Class: 2798K(2944K)->2798K(2944K)
[1216.808s][info][gc             ] GC(1791) Pause Young (Allocation Failure) 963M->449M(1979M) 260.235ms
[1216.808s][info][gc,cpu         ] GC(1791) User=0.27s Sys=0.00s Real=0.27s
[1216.951s][info][gc,start       ] GC(1792) Pause Young (Allocation Failure)
[1217.378s][info][gc,heap        ] GC(1792) DefNew: 616566K(629120K)->69888K(629120K) Eden: 559232K(559232K)->0K(559232K) From: 57334K(69888K)->69888K(69888K)
[1217.379s][info][gc,heap        ] GC(1792) Tenured: 403076K(1398144K)->455257K(1398144K)
[1217.379s][info][gc,metaspace   ] GC(1792) Metaspace: 23216K(23552K)->23216K(23552K) NonClass: 20418K(20608K)->20418K(20608K) Class: 2798K(2944K)->2798K(2944K)
[1217.379s][info][gc             ] GC(1792) Pause Young (Allocation Failure) 995M->512M(1979M) 427.644ms
[1217.379s][info][gc,cpu         ] GC(1792) User=0.41s Sys=0.00s Real=0.42s
[1217.931s][info][gc,start       ] GC(1793) Pause Young (Allocation Failure)
[1218.227s][info][gc,heap        ] GC(1793) DefNew: 629120K(629120K)->58381K(629120K) Eden: 559232K(559232K)->0K(559232K) From: 69888K(69888K)->58381K(69888K)
[1218.227s][info][gc,heap        ] GC(1793) Tenured: 455257K(1398144K)->490380K(1398144K)
[1218.227s][info][gc,metaspace   ] GC(1793) Metaspace: 23216K(23552K)->23216K(23552K) NonClass: 20418K(20608K)->20418K(20608K) Class: 2798K(2944K)->2798K(2944K)
[1218.227s][info][gc             ] GC(1793) Pause Young (Allocation Failure) 1058M->535M(1979M) 295.577ms
[1218.227s][info][gc,cpu         ] GC(1793) User=0.28s Sys=0.00s Real=0.28s
[1218.372s][info][gc,start       ] GC(1794) Pause Young (Allocation Failure)
[1218.795s][info][gc,heap        ] GC(1794) DefNew: 617613K(629120K)->69887K(629120K) Eden: 559232K(559232K)->0K(559232K) From: 58381K(69888K)->69887K(69888K)
[1218.795s][info][gc,heap        ] GC(1794) Tenured: 490380K(1398144K)->548088K(1398144K)
[1218.795s][info][gc,metaspace   ] GC(1794) Metaspace: 23216K(23552K)->23216K(23552K) NonClass: 20418K(20608K)->20418K(20608K) Class: 2798K(2944K)->2798K(2944K)
[1218.795s][info][gc             ] GC(1794) Pause Young (Allocation Failure) 1082M->603M(1979M) 422.558ms
[1218.795s][info][gc,cpu         ] GC(1794) User=0.42s Sys=0.00s Real=0.43s
[1219.020s][info][gc,start       ] GC(1795) Pause Young (Allocation Failure)
[1219.486s][info][gc,heap        ] GC(1795) DefNew: 629119K(629120K)->69888K(629120K) Eden: 559232K(559232K)->0K(559232K) From: 69887K(69888K)->69888K(69888K)
[1219.486s][info][gc,heap        ] GC(1795) Tenured: 548088K(1398144K)->599502K(1398144K)
[1219.486s][info][gc,metaspace   ] GC(1795) Metaspace: 23216K(23552K)->23216K(23552K) NonClass: 20418K(20608K)->20418K(20608K) Class: 2798K(2944K)->2798K(2944K)
[1219.486s][info][gc             ] GC(1795) Pause Young (Allocation Failure) 1149M->653M(1979M) 466.183ms
[1219.486s][info][gc,cpu         ] GC(1795) User=0.41s Sys=0.00s Real=0.47s
[1219.961s][info][gc,start       ] GC(1796) Pause Young (Allocation Failure)
[1220.246s][info][gc,heap        ] GC(1796) DefNew: 629120K(629120K)->56470K(629120K) Eden: 559232K(559232K)->0K(559232K) From: 69888K(69888K)->56470K(69888K)
[1220.246s][info][gc,heap        ] GC(1796) Tenured: 599502K(1398144K)->633683K(1398144K)
[1220.246s][info][gc,metaspace   ] GC(1796) Metaspace: 23216K(23552K)->23216K(23552K) NonClass: 20418K(20608K)->20418K(20608K) Class: 2798K(2944K)->2798K(2944K)
[1220.246s][info][gc             ] GC(1796) Pause Young (Allocation Failure) 1199M->673M(1979M) 284.630ms
[1220.246s][info][gc,cpu         ] GC(1796) User=0.27s Sys=0.00s Real=0.28s
[1220.402s][info][gc,start       ] GC(1797) Pause Young (Allocation Failure)
[1220.835s][info][gc,heap        ] GC(1797) DefNew: 615702K(629120K)->69888K(629120K) Eden: 559232K(559232K)->0K(559232K) From: 56470K(69888K)->69888K(69888K)
[1220.835s][info][gc,heap        ] GC(1797) Tenured: 633683K(1398144K)->690734K(1398144K)
[1220.835s][info][gc,metaspace   ] GC(1797) Metaspace: 23216K(23552K)->23216K(23552K) NonClass: 20418K(20608K)->20418K(20608K) Class: 2798K(2944K)->2798K(2944K)
[1220.835s][info][gc             ] GC(1797) Pause Young (Allocation Failure) 1220M->742M(1979M) 433.265ms
[1220.835s][info][gc,cpu         ] GC(1797) User=0.41s Sys=0.00s Real=0.42s
[1221.347s][info][gc,start       ] GC(1798) Pause Young (Allocation Failure)
[1221.608s][info][gc,heap        ] GC(1798) DefNew: 629120K(629120K)->48393K(629120K) Eden: 559232K(559232K)->0K(559232K) From: 69888K(69888K)->48393K(69888K)
[1221.608s][info][gc,heap        ] GC(1798) Tenured: 690734K(1398144K)->725363K(1398144K)
[1221.608s][info][gc,metaspace   ] GC(1798) Metaspace: 23216K(23552K)->23216K(23552K) NonClass: 20418K(20608K)->20418K(20608K) Class: 2798K(2944K)->2798K(2944K)
[1221.608s][info][gc             ] GC(1798) Pause Young (Allocation Failure) 1288M->755M(1979M) 261.192ms
[1221.608s][info][gc,cpu         ] GC(1798) User=0.25s Sys=0.00s Real=0.25s
[1221.838s][info][gc,start       ] GC(1799) Pause Young (Allocation Failure)
[1222.201s][info][gc,heap        ] GC(1799) DefNew: 607625K(629120K)->69887K(629120K) Eden: 559232K(559232K)->0K(559232K) From: 48393K(69888K)->69887K(69888K)
[1222.201s][info][gc,heap        ] GC(1799) Tenured: 725363K(1398144K)->771080K(1398144K)
[1222.201s][info][gc,metaspace   ] GC(1799) Metaspace: 23216K(23552K)->23216K(23552K) NonClass: 20418K(20608K)->20418K(20608K) Class: 2798K(2944K)->2798K(2944K)
[1222.201s][info][gc             ] GC(1799) Pause Young (Allocation Failure) 1301M->821M(1979M) 362.514ms
[1222.201s][info][gc,cpu         ] GC(1799) User=0.34s Sys=0.00s Real=0.36s
[1222.349s][info][gc,start       ] GC(1800) Pause Young (Allocation Failure)
[1222.828s][info][gc,heap        ] GC(1800) DefNew: 629119K(629120K)->69888K(629120K) Eden: 559232K(559232K)->0K(559232K) From: 69887K(69888K)->69888K(69888K)
[1222.828s][info][gc,heap        ] GC(1800) Tenured: 771080K(1398144K)->839601K(1398144K)
[1222.828s][info][gc,metaspace   ] GC(1800) Metaspace: 23216K(23552K)->23216K(23552K) NonClass: 20418K(20608K)->20418K(20608K) Class: 2798K(2944K)->2798K(2944K)
[1222.828s][info][gc             ] GC(1800) Pause Young (Allocation Failure) 1367M->888M(1979M) 478.711ms
[1222.828s][info][gc,cpu         ] GC(1800) User=0.47s Sys=0.00s Real=0.47s
[1223.324s][info][gc,start       ] GC(1801) Pause Young (Allocation Failure)
[1223.636s][info][gc,heap        ] GC(1801) DefNew: 629120K(629120K)->58769K(629120K) Eden: 559232K(559232K)->0K(559232K) From: 69888K(69888K)->58769K(69888K)
[1223.636s][info][gc,heap        ] GC(1801) Tenured: 839601K(1398144K)->874575K(1398144K)
[1223.636s][info][gc,metaspace   ] GC(1801) Metaspace: 23216K(23552K)->23216K(23552K) NonClass: 20418K(20608K)->20418K(20608K) Class: 2798K(2944K)->2798K(2944K)
[1223.636s][info][gc             ] GC(1801) Pause Young (Allocation Failure) 1434M->911M(1979M) 312.272ms
[1223.636s][info][gc,cpu         ] GC(1801) User=0.30s Sys=0.00s Real=0.31s
[1223.786s][info][gc,start       ] GC(1802) Pause Young (Allocation Failure)
[1224.229s][info][gc,heap        ] GC(1802) DefNew: 618001K(629120K)->69888K(629120K) Eden: 559232K(559232K)->0K(559232K) From: 58769K(69888K)->69888K(69888K)
[1224.229s][info][gc,heap        ] GC(1802) Tenured: 874575K(1398144K)->930074K(1398144K)
[1224.229s][info][gc,metaspace   ] GC(1802) Metaspace: 23216K(23552K)->23216K(23552K) NonClass: 20418K(20608K)->20418K(20608K) Class: 2798K(2944K)->2798K(2944K)
[1224.229s][info][gc             ] GC(1802) Pause Young (Allocation Failure) 1457M->976M(1979M) 443.084ms
[1224.229s][info][gc,cpu         ] GC(1802) User=0.42s Sys=0.00s Real=0.46s
[1224.596s][info][gc,start       ] GC(1803) Pause Young (Allocation Failure)
[1224.918s][info][gc,heap        ] GC(1803) DefNew: 629120K(629120K)->66464K(629120K) Eden: 559232K(559232K)->0K(559232K) From: 69888K(69888K)->66464K(69888K)
[1224.919s][info][gc,heap        ] GC(1803) Tenured: 930074K(1398144K)->967964K(1398144K)
[1224.919s][info][gc,metaspace   ] GC(1803) Metaspace: 23216K(23552K)->23216K(23552K) NonClass: 20418K(20608K)->20418K(20608K) Class: 2798K(2944K)->2798K(2944K)
[1224.919s][info][gc             ] GC(1803) Pause Young (Allocation Failure) 1522M->1010M(1979M) 322.657ms
[1224.919s][info][gc,cpu         ] GC(1803) User=0.30s Sys=0.00s Real=0.33s
[1225.288s][info][gc,start       ] GC(1804) Pause Young (Allocation Failure)
[1225.596s][info][gc,heap        ] GC(1804) DefNew: 625696K(629120K)->69887K(629120K) Eden: 559232K(559232K)->0K(559232K) From: 66464K(69888K)->69887K(69888K)
[1225.596s][info][gc,heap        ] GC(1804) Tenured: 967964K(1398144K)->1005410K(1398144K)
[1225.596s][info][gc,metaspace   ] GC(1804) Metaspace: 23216K(23552K)->23216K(23552K) NonClass: 20418K(20608K)->20418K(20608K) Class: 2798K(2944K)->2798K(2944K)
[1225.596s][info][gc             ] GC(1804) Pause Young (Allocation Failure) 1556M->1050M(1979M) 308.096ms
[1225.596s][info][gc,cpu         ] GC(1804) User=0.28s Sys=0.00s Real=0.31s
[1225.743s][info][gc,start       ] GC(1805) Pause Young (Allocation Failure)
[1226.215s][info][gc,heap        ] GC(1805) DefNew: 629119K(629120K)->69887K(629120K) Eden: 559232K(559232K)->0K(559232K) From: 69887K(69888K)->69887K(69888K)
[1226.215s][info][gc,heap        ] GC(1805) Tenured: 1005410K(1398144K)->1072647K(1398144K)
[1226.215s][info][gc,metaspace   ] GC(1805) Metaspace: 23216K(23552K)->23216K(23552K) NonClass: 20418K(20608K)->20418K(20608K) Class: 2798K(2944K)->2798K(2944K)
[1226.216s][info][gc             ] GC(1805) Pause Young (Allocation Failure) 1596M->1115M(1979M) 472.415ms
[1226.216s][info][gc,cpu         ] GC(1805) User=0.48s Sys=0.00s Real=0.48s
[1226.739s][info][gc,start       ] GC(1806) Pause Young (Allocation Failure)
[1227.005s][info][gc,heap        ] GC(1806) DefNew: 629119K(629120K)->43348K(629120K) Eden: 559232K(559232K)->0K(559232K) From: 69887K(69888K)->43348K(69888K)
[1227.005s][info][gc,heap        ] GC(1806) Tenured: 1072647K(1398144K)->1109667K(1398144K)
[1227.005s][info][gc,metaspace   ] GC(1806) Metaspace: 23216K(23552K)->23216K(23552K) NonClass: 20418K(20608K)->20418K(20608K) Class: 2798K(2944K)->2798K(2944K)
[1227.005s][info][gc             ] GC(1806) Pause Young (Allocation Failure) 1661M->1125M(1979M) 266.147ms
[1227.005s][info][gc,cpu         ] GC(1806) User=0.23s Sys=0.00s Real=0.27s
[1227.136s][info][gc,start       ] GC(1807) Pause Young (Allocation Failure)
[1227.527s][info][gc,heap        ] GC(1807) DefNew: 602580K(629120K)->69887K(629120K) Eden: 559232K(559232K)->0K(559232K) From: 43348K(69888K)->69887K(69888K)
[1227.527s][info][gc,heap        ] GC(1807) Tenured: 1109667K(1398144K)->1149570K(1398144K)
[1227.527s][info][gc,metaspace   ] GC(1807) Metaspace: 23216K(23552K)->23216K(23552K) NonClass: 20418K(20608K)->20418K(20608K) Class: 2798K(2944K)->2798K(2944K)
[1227.527s][info][gc             ] GC(1807) Pause Young (Allocation Failure) 1672M->1190M(1979M) 391.071ms
[1227.527s][info][gc,cpu         ] GC(1807) User=0.41s Sys=0.00s Real=0.38s
[1227.679s][info][gc,start       ] GC(1808) Pause Young (Allocation Failure)
[1228.144s][info][gc,heap        ] GC(1808) DefNew: 629119K(629120K)->69888K(629120K) Eden: 559232K(559232K)->0K(559232K) From: 69887K(69888K)->69888K(69888K)
[1228.144s][info][gc,heap        ] GC(1808) Tenured: 1149570K(1398144K)->1212946K(1398144K)
[1228.144s][info][gc,metaspace   ] GC(1808) Metaspace: 23216K(23552K)->23216K(23552K) NonClass: 20418K(20608K)->20418K(20608K) Class: 2798K(2944K)->2798K(2944K)
[1228.144s][info][gc             ] GC(1808) Pause Young (Allocation Failure) 1737M->1252M(1979M) 465.346ms
[1228.144s][info][gc,cpu         ] GC(1808) User=0.45s Sys=0.00s Real=0.47s
[1228.705s][info][gc,start       ] GC(1809) Pause Young (Allocation Failure)
[1229.006s][info][gc,heap        ] GC(1809) DefNew: 629120K(629120K)->59948K(629120K) Eden: 559232K(559232K)->0K(559232K) From: 69888K(69888K)->59948K(69888K)
[1229.006s][info][gc,heap        ] GC(1809) Tenured: 1212946K(1398144K)->1248333K(1398144K)
[1229.006s][info][gc,metaspace   ] GC(1809) Metaspace: 23216K(23552K)->23216K(23552K) NonClass: 20418K(20608K)->20418K(20608K) Class: 2798K(2944K)->2798K(2944K)
[1229.006s][info][gc             ] GC(1809) Pause Young (Allocation Failure) 1798M->1277M(1979M) 301.475ms
[1229.006s][info][gc,cpu         ] GC(1809) User=0.28s Sys=0.00s Real=0.30s
[1229.154s][info][gc,start       ] GC(1810) Pause Young (Allocation Failure)
[1229.571s][info][gc,heap        ] GC(1810) DefNew: 619180K(629120K)->69887K(629120K) Eden: 559232K(559232K)->0K(559232K) From: 59948K(69888K)->69887K(69888K)
[1229.571s][info][gc,heap        ] GC(1810) Tenured: 1248333K(1398144K)->1306180K(1398144K)
[1229.571s][info][gc,metaspace   ] GC(1810) Metaspace: 23216K(23552K)->23216K(23552K) NonClass: 20418K(20608K)->20418K(20608K) Class: 2798K(2944K)->2798K(2944K)
[1229.571s][info][gc             ] GC(1810) Pause Young (Allocation Failure) 1823M->1343M(1979M) 416.574ms
[1229.571s][info][gc,cpu         ] GC(1810) User=0.42s Sys=0.00s Real=0.42s
[1229.907s][info][gc,start       ] GC(1811) Pause Young (Allocation Failure)
[1230.205s][info][gc,heap        ] GC(1811) DefNew: 629119K(629120K)->60569K(629120K) Eden: 559232K(559232K)->0K(559232K) From: 69887K(69888K)->60569K(69888K)
[1230.205s][info][gc,heap        ] GC(1811) Tenured: 1306180K(1398144K)->1341822K(1398144K)
[1230.205s][info][gc,metaspace   ] GC(1811) Metaspace: 23216K(23552K)->23216K(23552K) NonClass: 20418K(20608K)->20418K(20608K) Class: 2798K(2944K)->2798K(2944K)
[1230.206s][info][gc             ] GC(1811) Pause Young (Allocation Failure) 1889M->1369M(1979M) 298.601ms
[1230.206s][info][gc,cpu         ] GC(1811) User=0.28s Sys=0.00s Real=0.30s
[1230.365s][info][gc,start       ] GC(1812) Pause Full (System.gc())
[1230.365s][info][gc,phases,start] GC(1812) Phase 1: Mark live objects
[1230.548s][info][gc,phases      ] GC(1812) Phase 1: Mark live objects 183.855ms
[1230.549s][info][gc,phases,start] GC(1812) Phase 2: Compute new object addresses
[1230.768s][info][gc,phases      ] GC(1812) Phase 2: Compute new object addresses 219.707ms
[1230.768s][info][gc,phases,start] GC(1812) Phase 3: Adjust pointers
[1230.841s][info][gc,phases      ] GC(1812) Phase 3: Adjust pointers 72.292ms
[1230.841s][info][gc,phases,start] GC(1812) Phase 4: Move objects
[1230.869s][info][gc,phases      ] GC(1812) Phase 4: Move objects 28.008ms
[1230.869s][info][gc,heap        ] GC(1812) DefNew: 188483K(629120K)->0K(629120K) Eden: 127913K(559232K)->0K(559232K) From: 60569K(69888K)->0K(69888K)
[1230.869s][info][gc,heap        ] GC(1812) Tenured: 1341822K(1398144K)->166472K(1398144K)
[1230.869s][info][gc,metaspace   ] GC(1812) Metaspace: 23216K(23552K)->23216K(23552K) NonClass: 20418K(20608K)->20418K(20608K) Class: 2798K(2944K)->2798K(2944K)
[1230.869s][info][gc             ] GC(1812) Pause Full (System.gc()) 1494M->162M(1979M) 504.509ms
[1230.869s][info][gc,cpu         ] GC(1812) User=0.50s Sys=0.00s Real=0.50s
[1231.042s][info][gc,start       ] GC(1813) Pause Young (Allocation Failure)
[1231.349s][info][gc,heap        ] GC(1813) DefNew: 559232K(629120K)->69887K(629120K) Eden: 559232K(559232K)->0K(559232K) From: 0K(69888K)->69887K(69888K)
[1231.349s][info][gc,heap        ] GC(1813) Tenured: 166472K(1398144K)->175285K(1398144K)
[1231.349s][info][gc,metaspace   ] GC(1813) Metaspace: 23216K(23552K)->23216K(23552K) NonClass: 20418K(20608K)->20418K(20608K) Class: 2798K(2944K)->2798K(2944K)
[1231.349s][info][gc             ] GC(1813) Pause Young (Allocation Failure) 708M->239M(1979M) 306.601ms
[1231.349s][info][gc,cpu         ] GC(1813) User=0.30s Sys=0.00s Real=0.30s
[1231.496s][info][gc,start       ] GC(1814) Pause Young (Allocation Failure)
[1231.987s][info][gc,heap        ] GC(1814) DefNew: 629119K(629120K)->69887K(629120K) Eden: 559232K(559232K)->0K(559232K) From: 69887K(69888K)->69887K(69888K)
[1231.987s][info][gc,heap        ] GC(1814) Tenured: 175285K(1398144K)->242763K(1398144K)
[1231.987s][info][gc,metaspace   ] GC(1814) Metaspace: 23216K(23552K)->23216K(23552K) NonClass: 20418K(20608K)->20418K(20608K) Class: 2798K(2944K)->2798K(2944K)
[1231.987s][info][gc             ] GC(1814) Pause Young (Allocation Failure) 785M->305M(1979M) 491.492ms
[1231.987s][info][gc,cpu         ] GC(1814) User=0.48s Sys=0.00s Real=0.49s
[1232.492s][info][gc,start       ] GC(1815) Pause Young (Allocation Failure)
[1232.814s][info][gc,heap        ] GC(1815) DefNew: 629119K(629120K)->60902K(629120K) Eden: 559232K(559232K)->0K(559232K) From: 69887K(69888K)->60902K(69888K)
[1232.814s][info][gc,heap        ] GC(1815) Tenured: 242763K(1398144K)->278450K(1398144K)
[1232.814s][info][gc,metaspace   ] GC(1815) Metaspace: 23216K(23552K)->23216K(23552K) NonClass: 20418K(20608K)->20418K(20608K) Class: 2798K(2944K)->2798K(2944K)
[1232.814s][info][gc             ] GC(1815) Pause Young (Allocation Failure) 851M->331M(1979M) 321.571ms
[1232.814s][info][gc,cpu         ] GC(1815) User=0.31s Sys=0.00s Real=0.32s
[1232.954s][info][gc,start       ] GC(1816) Pause Young (Allocation Failure)
[1233.395s][info][gc,heap        ] GC(1816) DefNew: 620134K(629120K)->69887K(629120K) Eden: 559232K(559232K)->0K(559232K) From: 60902K(69888K)->69887K(69888K)
[1233.395s][info][gc,heap        ] GC(1816) Tenured: 278450K(1398144K)->335589K(1398144K)
[1233.395s][info][gc,metaspace   ] GC(1816) Metaspace: 23216K(23552K)->23216K(23552K) NonClass: 20418K(20608K)->20418K(20608K) Class: 2798K(2944K)->2798K(2944K)
[1233.395s][info][gc             ] GC(1816) Pause Young (Allocation Failure) 877M->395M(1979M) 440.950ms
[1233.395s][info][gc,cpu         ] GC(1816) User=0.38s Sys=0.02s Real=0.44s
[1233.797s][info][gc,start       ] GC(1817) Pause Young (Allocation Failure)
[1234.103s][info][gc,heap        ] GC(1817) DefNew: 629119K(629120K)->65638K(629120K) Eden: 559232K(559232K)->0K(559232K) From: 69887K(69888K)->65638K(69888K)
[1234.103s][info][gc,heap        ] GC(1817) Tenured: 335589K(1398144K)->369658K(1398144K)
[1234.103s][info][gc,metaspace   ] GC(1817) Metaspace: 23216K(23552K)->23216K(23552K) NonClass: 20418K(20608K)->20418K(20608K) Class: 2798K(2944K)->2798K(2944K)
[1234.103s][info][gc             ] GC(1817) Pause Young (Allocation Failure) 942M->425M(1979M) 305.282ms
[1234.103s][info][gc,cpu         ] GC(1817) User=0.30s Sys=0.00s Real=0.30s
[1234.418s][info][gc,start       ] GC(1818) Pause Young (Allocation Failure)
[1234.734s][info][gc,heap        ] GC(1818) DefNew: 624870K(629120K)->67545K(629120K) Eden: 559232K(559232K)->0K(559232K) From: 65638K(69888K)->67545K(69888K)
[1234.734s][info][gc,heap        ] GC(1818) Tenured: 369658K(1398144K)->407027K(1398144K)
[1234.734s][info][gc,metaspace   ] GC(1818) Metaspace: 23216K(23552K)->23216K(23552K) NonClass: 20418K(20608K)->20418K(20608K) Class: 2798K(2944K)->2798K(2944K)
[1234.734s][info][gc             ] GC(1818) Pause Young (Allocation Failure) 971M->463M(1979M) 316.055ms
[1234.734s][info][gc,cpu         ] GC(1818) User=0.28s Sys=0.00s Real=0.32s
[1234.876s][info][gc,start       ] GC(1819) Pause Young (Allocation Failure)
[1235.336s][info][gc,heap        ] GC(1819) DefNew: 626777K(629120K)->69888K(629120K) Eden: 559231K(559232K)->0K(559232K) From: 67545K(69888K)->69888K(69888K)
[1235.336s][info][gc,heap        ] GC(1819) Tenured: 407027K(1398144K)->469791K(1398144K)
[1235.336s][info][gc,metaspace   ] GC(1819) Metaspace: 23216K(23552K)->23216K(23552K) NonClass: 20418K(20608K)->20418K(20608K) Class: 2798K(2944K)->2798K(2944K)
[1235.336s][info][gc             ] GC(1819) Pause Young (Allocation Failure) 1009M->527M(1979M) 459.852ms
[1235.336s][info][gc,cpu         ] GC(1819) User=0.47s Sys=0.00s Real=0.46s
[1235.926s][info][gc,start       ] GC(1820) Pause Young (Allocation Failure)
[1236.183s][info][gc,heap        ] GC(1820) DefNew: 629120K(629120K)->45086K(629120K) Eden: 559232K(559232K)->0K(559232K) From: 69888K(69888K)->45086K(69888K)
[1236.183s][info][gc,heap        ] GC(1820) Tenured: 469791K(1398144K)->504672K(1398144K)
[1236.183s][info][gc,metaspace   ] GC(1820) Metaspace: 23216K(23552K)->23216K(23552K) NonClass: 20418K(20608K)->20418K(20608K) Class: 2798K(2944K)->2798K(2944K)
[1236.183s][info][gc             ] GC(1820) Pause Young (Allocation Failure) 1073M->536M(1979M) 256.646ms
[1236.183s][info][gc,cpu         ] GC(1820) User=0.25s Sys=0.00s Real=0.27s
[1236.328s][info][gc,start       ] GC(1821) Pause Young (Allocation Failure)
[1236.734s][info][gc,heap        ] GC(1821) DefNew: 604318K(629120K)->69887K(629120K) Eden: 559232K(559232K)->0K(559232K) From: 45086K(69888K)->69887K(69888K)
[1236.734s][info][gc,heap        ] GC(1821) Tenured: 504672K(1398144K)->551930K(1398144K)
[1236.734s][info][gc,metaspace   ] GC(1821) Metaspace: 23216K(23552K)->23216K(23552K) NonClass: 20418K(20608K)->20418K(20608K) Class: 2798K(2944K)->2798K(2944K)
[1236.734s][info][gc             ] GC(1821) Pause Young (Allocation Failure) 1082M->607M(1979M) 406.015ms
[1236.734s][info][gc,cpu         ] GC(1821) User=0.39s Sys=0.00s Real=0.42s
[1236.895s][info][gc,start       ] GC(1822) Pause Young (Allocation Failure)
[1237.376s][info][gc,heap        ] GC(1822) DefNew: 629119K(629120K)->69888K(629120K) Eden: 559232K(559232K)->0K(559232K) From: 69887K(69888K)->69888K(69888K)
[1237.376s][info][gc,heap        ] GC(1822) Tenured: 551930K(1398144K)->613607K(1398144K)
[1237.376s][info][gc,metaspace   ] GC(1822) Metaspace: 23216K(23552K)->23216K(23552K) NonClass: 20418K(20608K)->20418K(20608K) Class: 2798K(2944K)->2798K(2944K)
[1237.376s][info][gc             ] GC(1822) Pause Young (Allocation Failure) 1153M->667M(1979M) 481.559ms
[1237.376s][info][gc,cpu         ] GC(1822) User=0.39s Sys=0.00s Real=0.47s
[1238.023s][info][gc,start       ] GC(1823) Pause Young (Allocation Failure)
[1238.294s][info][gc,heap        ] GC(1823) DefNew: 629120K(629120K)->53450K(629120K) Eden: 559232K(559232K)->0K(559232K) From: 69888K(69888K)->53450K(69888K)
[1238.294s][info][gc,heap        ] GC(1823) Tenured: 613607K(1398144K)->647108K(1398144K)
[1238.294s][info][gc,metaspace   ] GC(1823) Metaspace: 23216K(23552K)->23216K(23552K) NonClass: 20418K(20608K)->20418K(20608K) Class: 2798K(2944K)->2798K(2944K)
[1238.294s][info][gc             ] GC(1823) Pause Young (Allocation Failure) 1213M->684M(1979M) 270.170ms
[1238.294s][info][gc,cpu         ] GC(1823) User=0.27s Sys=0.00s Real=0.27s
[1238.440s][info][gc,start       ] GC(1824) Pause Young (Allocation Failure)
[1238.852s][info][gc,heap        ] GC(1824) DefNew: 612682K(629120K)->69888K(629120K) Eden: 559232K(559232K)->0K(559232K) From: 53450K(69888K)->69888K(69888K)
[1238.852s][info][gc,heap        ] GC(1824) Tenured: 647108K(1398144K)->697367K(1398144K)
[1238.852s][info][gc,metaspace   ] GC(1824) Metaspace: 23216K(23552K)->23216K(23552K) NonClass: 20418K(20608K)->20418K(20608K) Class: 2798K(2944K)->2798K(2944K)
[1238.852s][info][gc             ] GC(1824) Pause Young (Allocation Failure) 1230M->749M(1979M) 412.377ms
[1238.852s][info][gc,cpu         ] GC(1824) User=0.38s Sys=0.00s Real=0.41s
[1239.227s][info][gc,start       ] GC(1825) Pause Young (Allocation Failure)
[1239.528s][info][gc,heap        ] GC(1825) DefNew: 629120K(629120K)->63767K(629120K) Eden: 559232K(559232K)->0K(559232K) From: 69888K(69888K)->63767K(69888K)
[1239.528s][info][gc,heap        ] GC(1825) Tenured: 697367K(1398144K)->732676K(1398144K)
[1239.528s][info][gc,metaspace   ] GC(1825) Metaspace: 23216K(23552K)->23216K(23552K) NonClass: 20418K(20608K)->20418K(20608K) Class: 2798K(2944K)->2798K(2944K)
[1239.528s][info][gc             ] GC(1825) Pause Young (Allocation Failure) 1295M->777M(1979M) 301.192ms
[1239.528s][info][gc,cpu         ] GC(1825) User=0.28s Sys=0.00s Real=0.30s
[1239.845s][info][gc,start       ] GC(1826) Pause Young (Allocation Failure)
[1240.216s][info][gc,heap        ] GC(1826) DefNew: 622999K(629120K)->69887K(629120K) Eden: 559232K(559232K)->0K(559232K) From: 63767K(69888K)->69887K(69888K)
[1240.216s][info][gc,heap        ] GC(1826) Tenured: 732676K(1398144K)->778141K(1398144K)
[1240.216s][info][gc,metaspace   ] GC(1826) Metaspace: 23216K(23552K)->23216K(23552K) NonClass: 20418K(20608K)->20418K(20608K) Class: 2798K(2944K)->2798K(2944K)
[1240.216s][info][gc             ] GC(1826) Pause Young (Allocation Failure) 1323M->828M(1979M) 370.712ms
[1240.216s][info][gc,cpu         ] GC(1826) User=0.38s Sys=0.00s Real=0.36s
[1240.364s][info][gc,start       ] GC(1827) Pause Young (Allocation Failure)
[1240.853s][info][gc,heap        ] GC(1827) DefNew: 629119K(629120K)->69888K(629120K) Eden: 559232K(559232K)->0K(559232K) From: 69887K(69888K)->69888K(69888K)
[1240.853s][info][gc,heap        ] GC(1827) Tenured: 778141K(1398144K)->843760K(1398144K)
[1240.853s][info][gc,metaspace   ] GC(1827) Metaspace: 23216K(23552K)->23216K(23552K) NonClass: 20418K(20608K)->20418K(20608K) Class: 2798K(2944K)->2798K(2944K)
[1240.853s][info][gc             ] GC(1827) Pause Young (Allocation Failure) 1374M->892M(1979M) 488.782ms
[1240.853s][info][gc,cpu         ] GC(1827) User=0.48s Sys=0.00s Real=0.49s
[1241.417s][info][gc,start       ] GC(1828) Pause Young (Allocation Failure)
[1241.708s][info][gc,heap        ] GC(1828) DefNew: 629120K(629120K)->53906K(629120K) Eden: 559232K(559232K)->0K(559232K) From: 69888K(69888K)->53906K(69888K)
[1241.708s][info][gc,heap        ] GC(1828) Tenured: 843760K(1398144K)->879622K(1398144K)
[1241.708s][info][gc,metaspace   ] GC(1828) Metaspace: 23216K(23552K)->23216K(23552K) NonClass: 20418K(20608K)->20418K(20608K) Class: 2798K(2944K)->2798K(2944K)
[1241.708s][info][gc             ] GC(1828) Pause Young (Allocation Failure) 1438M->911M(1979M) 291.633ms
[1241.708s][info][gc,cpu         ] GC(1828) User=0.31s Sys=0.00s Real=0.28s
[1241.843s][info][gc,start       ] GC(1829) Pause Young (Allocation Failure)
[1242.263s][info][gc,heap        ] GC(1829) DefNew: 613138K(629120K)->69816K(629120K) Eden: 559232K(559232K)->0K(559232K) From: 53906K(69888K)->69816K(69888K)
[1242.263s][info][gc,heap        ] GC(1829) Tenured: 879622K(1398144K)->928202K(1398144K)
[1242.263s][info][gc,metaspace   ] GC(1829) Metaspace: 23216K(23552K)->23216K(23552K) NonClass: 20418K(20608K)->20418K(20608K) Class: 2798K(2944K)->2798K(2944K)
[1242.263s][info][gc             ] GC(1829) Pause Young (Allocation Failure) 1457M->974M(1979M) 419.389ms
[1242.263s][info][gc,cpu         ] GC(1829) User=0.39s Sys=0.00s Real=0.42s
[1242.517s][info][gc,start       ] GC(1830) Pause Young (Allocation Failure)
[1242.951s][info][gc,heap        ] GC(1830) DefNew: 629048K(629120K)->69888K(629120K) Eden: 559232K(559232K)->0K(559232K) From: 69816K(69888K)->69888K(69888K)
[1242.952s][info][gc,heap        ] GC(1830) Tenured: 928202K(1398144K)->976225K(1398144K)
[1242.952s][info][gc,metaspace   ] GC(1830) Metaspace: 23216K(23552K)->23216K(23552K) NonClass: 20418K(20608K)->20418K(20608K) Class: 2798K(2944K)->2798K(2944K)
[1242.952s][info][gc             ] GC(1830) Pause Young (Allocation Failure) 1520M->1021M(1979M) 434.445ms
[1242.952s][info][gc,cpu         ] GC(1830) User=0.41s Sys=0.00s Real=0.43s
[1243.450s][info][gc,start       ] GC(1831) Pause Young (Allocation Failure)
[1243.770s][info][gc,heap        ] GC(1831) DefNew: 629120K(629120K)->64936K(629120K) Eden: 559232K(559232K)->0K(559232K) From: 69888K(69888K)->64936K(69888K)
[1243.770s][info][gc,heap        ] GC(1831) Tenured: 976225K(1398144K)->1011580K(1398144K)
[1243.770s][info][gc,metaspace   ] GC(1831) Metaspace: 23216K(23552K)->23216K(23552K) NonClass: 20418K(20608K)->20418K(20608K) Class: 2798K(2944K)->2798K(2944K)
[1243.770s][info][gc             ] GC(1831) Pause Young (Allocation Failure) 1567M->1051M(1979M) 319.796ms
[1243.770s][info][gc,cpu         ] GC(1831) User=0.31s Sys=0.00s Real=0.32s
[1243.926s][info][gc,start       ] GC(1832) Pause Young (Allocation Failure)
[1244.377s][info][gc,heap        ] GC(1832) DefNew: 624168K(629120K)->69888K(629120K) Eden: 559232K(559232K)->0K(559232K) From: 64936K(69888K)->69888K(69888K)
[1244.377s][info][gc,heap        ] GC(1832) Tenured: 1011580K(1398144K)->1075174K(1398144K)
[1244.377s][info][gc,metaspace   ] GC(1832) Metaspace: 23216K(23552K)->23216K(23552K) NonClass: 20418K(20608K)->20418K(20608K) Class: 2798K(2944K)->2798K(2944K)
[1244.377s][info][gc             ] GC(1832) Pause Young (Allocation Failure) 1597M->1118M(1979M) 450.418ms
[1244.377s][info][gc,cpu         ] GC(1832) User=0.44s Sys=0.00s Real=0.44s
[1244.913s][info][gc,start       ] GC(1833) Pause Young (Allocation Failure)
[1245.159s][info][gc,heap        ] GC(1833) DefNew: 629120K(629120K)->41914K(629120K) Eden: 559232K(559232K)->0K(559232K) From: 69888K(69888K)->41914K(69888K)
[1245.159s][info][gc,heap        ] GC(1833) Tenured: 1075174K(1398144K)->1110343K(1398144K)
[1245.159s][info][gc,metaspace   ] GC(1833) Metaspace: 23216K(23552K)->23216K(23552K) NonClass: 20418K(20608K)->20418K(20608K) Class: 2798K(2944K)->2798K(2944K)
[1245.159s][info][gc             ] GC(1833) Pause Young (Allocation Failure) 1664M->1125M(1979M) 246.528ms
[1245.159s][info][gc,cpu         ] GC(1833) User=0.23s Sys=0.00s Real=0.25s
[1245.309s][info][gc,start       ] GC(1834) Pause Young (Allocation Failure)
[1245.691s][info][gc,heap        ] GC(1834) DefNew: 601146K(629120K)->69888K(629120K) Eden: 559232K(559232K)->0K(559232K) From: 41914K(69888K)->69888K(69888K)
[1245.691s][info][gc,heap        ] GC(1834) Tenured: 1110343K(1398144K)->1153186K(1398144K)
[1245.691s][info][gc,metaspace   ] GC(1834) Metaspace: 23216K(23552K)->23216K(23552K) NonClass: 20418K(20608K)->20418K(20608K) Class: 2798K(2944K)->2798K(2944K)
[1245.691s][info][gc             ] GC(1834) Pause Young (Allocation Failure) 1671M->1194M(1979M) 382.491ms
[1245.691s][info][gc,cpu         ] GC(1834) User=0.38s Sys=0.00s Real=0.38s
[1245.851s][info][gc,start       ] GC(1835) Pause Young (Allocation Failure)
[1246.349s][info][gc,heap        ] GC(1835) DefNew: 629120K(629120K)->69887K(629120K) Eden: 559232K(559232K)->0K(559232K) From: 69888K(69888K)->69887K(69888K)
[1246.350s][info][gc,heap        ] GC(1835) Tenured: 1153186K(1398144K)->1222254K(1398144K)
[1246.350s][info][gc,metaspace   ] GC(1835) Metaspace: 23216K(23552K)->23216K(23552K) NonClass: 20418K(20608K)->20418K(20608K) Class: 2798K(2944K)->2798K(2944K)
[1246.350s][info][gc             ] GC(1835) Pause Young (Allocation Failure) 1740M->1261M(1979M) 499.041ms
[1246.350s][info][gc,cpu         ] GC(1835) User=0.48s Sys=0.00s Real=0.50s
[1246.907s][info][gc,start       ] GC(1836) Pause Young (Allocation Failure)
[1247.239s][info][gc,heap        ] GC(1836) DefNew: 629119K(629120K)->63663K(629120K) Eden: 559232K(559232K)->0K(559232K) From: 69887K(69888K)->63663K(69888K)
[1247.239s][info][gc,heap        ] GC(1836) Tenured: 1222254K(1398144K)->1255657K(1398144K)
[1247.239s][info][gc,metaspace   ] GC(1836) Metaspace: 23216K(23552K)->23216K(23552K) NonClass: 20418K(20608K)->20418K(20608K) Class: 2798K(2944K)->2798K(2944K)
[1247.239s][info][gc             ] GC(1836) Pause Young (Allocation Failure) 1807M->1288M(1979M) 331.597ms
[1247.239s][info][gc,cpu         ] GC(1836) User=0.28s Sys=0.00s Real=0.33s
[1247.382s][info][gc,start       ] GC(1837) Pause Young (Allocation Failure)
[1247.826s][info][gc,heap        ] GC(1837) DefNew: 622895K(629120K)->69887K(629120K) Eden: 559232K(559232K)->0K(559232K) From: 63663K(69888K)->69887K(69888K)
[1247.826s][info][gc,heap        ] GC(1837) Tenured: 1255657K(1398144K)->1314069K(1398144K)
[1247.826s][info][gc,metaspace   ] GC(1837) Metaspace: 23216K(23552K)->23216K(23552K) NonClass: 20418K(20608K)->20418K(20608K) Class: 2798K(2944K)->2798K(2944K)
[1247.826s][info][gc             ] GC(1837) Pause Young (Allocation Failure) 1834M->1351M(1979M) 444.617ms
[1247.826s][info][gc,cpu         ] GC(1837) User=0.45s Sys=0.00s Real=0.44s
[1248.221s][info][gc,start       ] GC(1838) Pause Young (Allocation Failure)
[1248.518s][info][gc,heap        ] GC(1838) DefNew: 629119K(629120K)->62339K(629120K) Eden: 559232K(559232K)->0K(559232K) From: 69887K(69888K)->62339K(69888K)
[1248.518s][info][gc,heap        ] GC(1838) Tenured: 1314069K(1398144K)->1349565K(1398144K)
[1248.518s][info][gc,metaspace   ] GC(1838) Metaspace: 23216K(23552K)->23216K(23552K) NonClass: 20418K(20608K)->20418K(20608K) Class: 2798K(2944K)->2798K(2944K)
[1248.519s][info][gc             ] GC(1838) Pause Young (Allocation Failure) 1897M->1378M(1979M) 297.732ms
[1248.519s][info][gc,cpu         ] GC(1838) User=0.28s Sys=0.00s Real=0.30s
[1248.854s][info][gc,start       ] GC(1839) Pause Full (System.gc())
[1248.855s][info][gc,phases,start] GC(1839) Phase 1: Mark live objects
[1248.999s][info][gc,phases      ] GC(1839) Phase 1: Mark live objects 144.013ms
[1248.999s][info][gc,phases,start] GC(1839) Phase 2: Compute new object addresses
[1249.230s][info][gc,phases      ] GC(1839) Phase 2: Compute new object addresses 231.601ms
[1249.230s][info][gc,phases,start] GC(1839) Phase 3: Adjust pointers
[1249.290s][info][gc,phases      ] GC(1839) Phase 3: Adjust pointers 59.591ms
[1249.290s][info][gc,phases,start] GC(1839) Phase 4: Move objects
[1249.318s][info][gc,phases      ] GC(1839) Phase 4: Move objects 27.797ms
[1249.318s][info][gc,heap        ] GC(1839) DefNew: 261799K(629120K)->0K(629120K) Eden: 199460K(559232K)->0K(559232K) From: 62339K(69888K)->0K(69888K)
[1249.318s][info][gc,heap        ] GC(1839) Tenured: 1349565K(1398144K)->73319K(1398144K)
[1249.318s][info][gc,metaspace   ] GC(1839) Metaspace: 23216K(23552K)->23216K(23552K) NonClass: 20418K(20608K)->20418K(20608K) Class: 2798K(2944K)->2798K(2944K)
[1249.318s][info][gc             ] GC(1839) Pause Full (System.gc()) 1573M->71M(1979M) 463.709ms
[1249.318s][info][gc,cpu         ] GC(1839) User=0.44s Sys=0.00s Real=0.47s
[1249.471s][info][gc,start       ] GC(1840) Pause Young (Allocation Failure)
[1249.773s][info][gc,heap        ] GC(1840) DefNew: 559232K(629120K)->69888K(629120K) Eden: 559232K(559232K)->0K(559232K) From: 0K(69888K)->69888K(69888K)
[1249.773s][info][gc,heap        ] GC(1840) Tenured: 73319K(1398144K)->76425K(1398144K)
[1249.773s][info][gc,metaspace   ] GC(1840) Metaspace: 23216K(23552K)->23216K(23552K) NonClass: 20418K(20608K)->20418K(20608K) Class: 2798K(2944K)->2798K(2944K)
[1249.773s][info][gc             ] GC(1840) Pause Young (Allocation Failure) 617M->142M(1979M) 301.460ms
[1249.773s][info][gc,cpu         ] GC(1840) User=0.30s Sys=0.00s Real=0.31s
[1249.924s][info][gc,start       ] GC(1841) Pause Young (Allocation Failure)
[1250.417s][info][gc,heap        ] GC(1841) DefNew: 629120K(629120K)->69888K(629120K) Eden: 559232K(559232K)->0K(559232K) From: 69888K(69888K)->69888K(69888K)
[1250.417s][info][gc,heap        ] GC(1841) Tenured: 76425K(1398144K)->146502K(1398144K)
[1250.417s][info][gc,metaspace   ] GC(1841) Metaspace: 23216K(23552K)->23216K(23552K) NonClass: 20418K(20608K)->20418K(20608K) Class: 2798K(2944K)->2798K(2944K)
[1250.417s][info][gc             ] GC(1841) Pause Young (Allocation Failure) 689M->211M(1979M) 492.471ms
[1250.417s][info][gc,cpu         ] GC(1841) User=0.48s Sys=0.00s Real=0.50s
[1250.964s][info][gc,start       ] GC(1842) Pause Young (Allocation Failure)
[1251.313s][info][gc,heap        ] GC(1842) DefNew: 629120K(629120K)->69737K(629120K) Eden: 559232K(559232K)->0K(559232K) From: 69888K(69888K)->69737K(69888K)
[1251.313s][info][gc,heap        ] GC(1842) Tenured: 146502K(1398144K)->181423K(1398144K)
[1251.313s][info][gc,metaspace   ] GC(1842) Metaspace: 23216K(23552K)->23216K(23552K) NonClass: 20418K(20608K)->20418K(20608K) Class: 2798K(2944K)->2798K(2944K)
[1251.313s][info][gc             ] GC(1842) Pause Young (Allocation Failure) 757M->245M(1979M) 348.688ms
[1251.313s][info][gc,cpu         ] GC(1842) User=0.31s Sys=0.00s Real=0.34s
[1251.456s][info][gc,start       ] GC(1843) Pause Young (Allocation Failure)
[1251.912s][info][gc,heap        ] GC(1843) DefNew: 628969K(629120K)->69887K(629120K) Eden: 559232K(559232K)->0K(559232K) From: 69737K(69888K)->69887K(69888K)
[1251.912s][info][gc,heap        ] GC(1843) Tenured: 181423K(1398144K)->246559K(1398144K)
[1251.912s][info][gc,metaspace   ] GC(1843) Metaspace: 23216K(23552K)->23216K(23552K) NonClass: 20418K(20608K)->20418K(20608K) Class: 2798K(2944K)->2798K(2944K)
[1251.912s][info][gc             ] GC(1843) Pause Young (Allocation Failure) 791M->309M(1979M) 456.238ms
[1251.912s][info][gc,cpu         ] GC(1843) User=0.44s Sys=0.00s Real=0.46s
[1252.377s][info][gc,start       ] GC(1844) Pause Young (Allocation Failure)
[1252.658s][info][gc,heap        ] GC(1844) DefNew: 629119K(629120K)->57698K(629120K) Eden: 559232K(559232K)->0K(559232K) From: 69887K(69888K)->57698K(69888K)
[1252.658s][info][gc,heap        ] GC(1844) Tenured: 246559K(1398144K)->281814K(1398144K)
[1252.658s][info][gc,metaspace   ] GC(1844) Metaspace: 23216K(23552K)->23216K(23552K) NonClass: 20418K(20608K)->20418K(20608K) Class: 2798K(2944K)->2798K(2944K)
[1252.658s][info][gc             ] GC(1844) Pause Young (Allocation Failure) 855M->331M(1979M) 281.905ms
[1252.659s][info][gc,cpu         ] GC(1844) User=0.27s Sys=0.00s Real=0.28s
[1252.932s][info][gc,start       ] GC(1845) Pause Young (Allocation Failure)
[1253.266s][info][gc,heap        ] GC(1845) DefNew: 616930K(629120K)->67726K(629120K) Eden: 559232K(559232K)->0K(559232K) From: 57698K(69888K)->67726K(69888K)
[1253.266s][info][gc,heap        ] GC(1845) Tenured: 281814K(1398144K)->317388K(1398144K)
[1253.266s][info][gc,metaspace   ] GC(1845) Metaspace: 23216K(23552K)->23216K(23552K) NonClass: 20418K(20608K)->20418K(20608K) Class: 2798K(2944K)->2798K(2944K)
[1253.266s][info][gc             ] GC(1845) Pause Young (Allocation Failure) 877M->376M(1979M) 333.671ms
[1253.266s][info][gc,cpu         ] GC(1845) User=0.34s Sys=0.00s Real=0.35s
[1253.401s][info][gc,start       ] GC(1846) Pause Young (Allocation Failure)
[1253.859s][info][gc,heap        ] GC(1846) DefNew: 626958K(629120K)->69888K(629120K) Eden: 559232K(559232K)->0K(559232K) From: 67726K(69888K)->69888K(69888K)
[1253.859s][info][gc,heap        ] GC(1846) Tenured: 317388K(1398144K)->377105K(1398144K)
[1253.859s][info][gc,metaspace   ] GC(1846) Metaspace: 23216K(23552K)->23216K(23552K) NonClass: 20418K(20608K)->20418K(20608K) Class: 2798K(2944K)->2798K(2944K)
[1253.859s][info][gc             ] GC(1846) Pause Young (Allocation Failure) 922M->436M(1979M) 457.875ms
[1253.859s][info][gc,cpu         ] GC(1846) User=0.42s Sys=0.00s Real=0.45s
[1254.530s][info][gc,start       ] GC(1847) Pause Young (Allocation Failure)
[1254.798s][info][gc,heap        ] GC(1847) DefNew: 629120K(629120K)->45394K(629120K) Eden: 559232K(559232K)->0K(559232K) From: 69888K(69888K)->45394K(69888K)
[1254.798s][info][gc,heap        ] GC(1847) Tenured: 377105K(1398144K)->409671K(1398144K)
[1254.798s][info][gc,metaspace   ] GC(1847) Metaspace: 23216K(23552K)->23216K(23552K) NonClass: 20418K(20608K)->20418K(20608K) Class: 2798K(2944K)->2798K(2944K)
[1254.798s][info][gc             ] GC(1847) Pause Young (Allocation Failure) 982M->444M(1979M) 267.633ms
[1254.798s][info][gc,cpu         ] GC(1847) User=0.27s Sys=0.00s Real=0.28s
[1254.942s][info][gc,start       ] GC(1848) Pause Young (Allocation Failure)
[1255.358s][info][gc,heap        ] GC(1848) DefNew: 604626K(629120K)->69888K(629120K) Eden: 559232K(559232K)->0K(559232K) From: 45394K(69888K)->69888K(69888K)
[1255.358s][info][gc,heap        ] GC(1848) Tenured: 409671K(1398144K)->456807K(1398144K)
[1255.358s][info][gc,metaspace   ] GC(1848) Metaspace: 23216K(23552K)->23216K(23552K) NonClass: 20418K(20608K)->20418K(20608K) Class: 2798K(2944K)->2798K(2944K)
[1255.358s][info][gc             ] GC(1848) Pause Young (Allocation Failure) 990M->514M(1979M) 416.360ms
[1255.358s][info][gc,cpu         ] GC(1848) User=0.36s Sys=0.00s Real=0.42s
[1255.523s][info][gc,start       ] GC(1849) Pause Young (Allocation Failure)
[1256.032s][info][gc,heap        ] GC(1849) DefNew: 629120K(629120K)->69888K(629120K) Eden: 559232K(559232K)->0K(559232K) From: 69888K(69888K)->69888K(69888K)
[1256.032s][info][gc,heap        ] GC(1849) Tenured: 456807K(1398144K)->524606K(1398144K)
[1256.032s][info][gc,metaspace   ] GC(1849) Metaspace: 23216K(23552K)->23216K(23552K) NonClass: 20418K(20608K)->20418K(20608K) Class: 2798K(2944K)->2798K(2944K)
[1256.032s][info][gc             ] GC(1849) Pause Young (Allocation Failure) 1060M->580M(1979M) 508.912ms
[1256.032s][info][gc,cpu         ] GC(1849) User=0.50s Sys=0.00s Real=0.52s
[1256.559s][info][gc,start       ] GC(1850) Pause Young (Allocation Failure)
[1256.869s][info][gc,heap        ] GC(1850) DefNew: 629120K(629120K)->60765K(629120K) Eden: 559232K(559232K)->0K(559232K) From: 69888K(69888K)->60765K(69888K)
[1256.869s][info][gc,heap        ] GC(1850) Tenured: 524606K(1398144K)->558158K(1398144K)
[1256.869s][info][gc,metaspace   ] GC(1850) Metaspace: 23216K(23552K)->23216K(23552K) NonClass: 20418K(20608K)->20418K(20608K) Class: 2798K(2944K)->2798K(2944K)
[1256.869s][info][gc             ] GC(1850) Pause Young (Allocation Failure) 1126M->604M(1979M) 309.423ms
[1256.869s][info][gc,cpu         ] GC(1850) User=0.28s Sys=0.00s Real=0.31s
[1257.009s][info][gc,start       ] GC(1851) Pause Young (Allocation Failure)
[1257.451s][info][gc,heap        ] GC(1851) DefNew: 619997K(629120K)->69888K(629120K) Eden: 559232K(559232K)->0K(559232K) From: 60765K(69888K)->69888K(69888K)
[1257.451s][info][gc,heap        ] GC(1851) Tenured: 558158K(1398144K)->615771K(1398144K)
[1257.451s][info][gc,metaspace   ] GC(1851) Metaspace: 23216K(23552K)->23216K(23552K) NonClass: 20418K(20608K)->20418K(20608K) Class: 2798K(2944K)->2798K(2944K)
[1257.451s][info][gc             ] GC(1851) Pause Young (Allocation Failure) 1150M->669M(1979M) 442.192ms
[1257.451s][info][gc,cpu         ] GC(1851) User=0.38s Sys=0.00s Real=0.44s
[1257.860s][info][gc,start       ] GC(1852) Pause Young (Allocation Failure)
[1258.175s][info][gc,heap        ] GC(1852) DefNew: 629120K(629120K)->63319K(629120K) Eden: 559232K(559232K)->0K(559232K) From: 69888K(69888K)->63319K(69888K)
[1258.175s][info][gc,heap        ] GC(1852) Tenured: 615771K(1398144K)->654783K(1398144K)
[1258.175s][info][gc,metaspace   ] GC(1852) Metaspace: 23216K(23552K)->23216K(23552K) NonClass: 20418K(20608K)->20418K(20608K) Class: 2798K(2944K)->2798K(2944K)
[1258.175s][info][gc             ] GC(1852) Pause Young (Allocation Failure) 1215M->701M(1979M) 315.548ms
[1258.175s][info][gc,cpu         ] GC(1852) User=0.25s Sys=0.00s Real=0.31s
[1258.496s][info][gc,start       ] GC(1853) Pause Young (Allocation Failure)
[1258.803s][info][gc,heap        ] GC(1853) DefNew: 622551K(629120K)->68882K(629120K) Eden: 559232K(559232K)->0K(559232K) From: 63319K(69888K)->68882K(69888K)
[1258.803s][info][gc,heap        ] GC(1853) Tenured: 654783K(1398144K)->690188K(1398144K)
[1258.803s][info][gc,metaspace   ] GC(1853) Metaspace: 23216K(23552K)->23216K(23552K) NonClass: 20418K(20608K)->20418K(20608K) Class: 2798K(2944K)->2798K(2944K)
[1258.804s][info][gc             ] GC(1853) Pause Young (Allocation Failure) 1247M->741M(1979M) 307.570ms
[1258.804s][info][gc,cpu         ] GC(1853) User=0.31s Sys=0.00s Real=0.31s
[1258.953s][info][gc,start       ] GC(1854) Pause Young (Allocation Failure)
[1259.435s][info][gc,heap        ] GC(1854) DefNew: 628114K(629120K)->69887K(629120K) Eden: 559232K(559232K)->0K(559232K) From: 68882K(69888K)->69887K(69888K)
[1259.435s][info][gc,heap        ] GC(1854) Tenured: 690188K(1398144K)->758951K(1398144K)
[1259.435s][info][gc,metaspace   ] GC(1854) Metaspace: 23216K(23552K)->23216K(23552K) NonClass: 20418K(20608K)->20418K(20608K) Class: 2798K(2944K)->2798K(2944K)
[1259.435s][info][gc             ] GC(1854) Pause Young (Allocation Failure) 1287M->809M(1979M) 482.309ms
[1259.435s][info][gc,cpu         ] GC(1854) User=0.48s Sys=0.00s Real=0.49s
[1260.024s][info][gc,start       ] GC(1855) Pause Young (Allocation Failure)
[1260.298s][info][gc,heap        ] GC(1855) DefNew: 629119K(629120K)->48097K(629120K) Eden: 559232K(559232K)->0K(559232K) From: 69887K(69888K)->48097K(69888K)
[1260.298s][info][gc,heap        ] GC(1855) Tenured: 758951K(1398144K)->795763K(1398144K)
[1260.298s][info][gc,metaspace   ] GC(1855) Metaspace: 23216K(23552K)->23216K(23552K) NonClass: 20418K(20608K)->20418K(20608K) Class: 2798K(2944K)->2798K(2944K)
[1260.298s][info][gc             ] GC(1855) Pause Young (Allocation Failure) 1355M->824M(1979M) 274.071ms
[1260.298s][info][gc,cpu         ] GC(1855) User=0.22s Sys=0.00s Real=0.27s
[1260.438s][info][gc,start       ] GC(1856) Pause Young (Allocation Failure)
[1260.837s][info][gc,heap        ] GC(1856) DefNew: 607329K(629120K)->69888K(629120K) Eden: 559232K(559232K)->0K(559232K) From: 48097K(69888K)->69888K(69888K)
[1260.837s][info][gc,heap        ] GC(1856) Tenured: 795763K(1398144K)->841134K(1398144K)
[1260.837s][info][gc,metaspace   ] GC(1856) Metaspace: 23216K(23552K)->23216K(23552K) NonClass: 20418K(20608K)->20418K(20608K) Class: 2798K(2944K)->2798K(2944K)
[1260.837s][info][gc             ] GC(1856) Pause Young (Allocation Failure) 1370M->889M(1979M) 399.248ms
[1260.837s][info][gc,cpu         ] GC(1856) User=0.39s Sys=0.00s Real=0.41s
[1261.024s][info][gc,start       ] GC(1857) Pause Young (Allocation Failure)
[1261.520s][info][gc,heap        ] GC(1857) DefNew: 629120K(629120K)->69887K(629120K) Eden: 559232K(559232K)->0K(559232K) From: 69888K(69888K)->69887K(69888K)
[1261.520s][info][gc,heap        ] GC(1857) Tenured: 841134K(1398144K)->905352K(1398144K)
[1261.520s][info][gc,metaspace   ] GC(1857) Metaspace: 23216K(23552K)->23216K(23552K) NonClass: 20418K(20608K)->20418K(20608K) Class: 2798K(2944K)->2798K(2944K)
[1261.520s][info][gc             ] GC(1857) Pause Young (Allocation Failure) 1435M->952M(1979M) 496.665ms
[1261.520s][info][gc,cpu         ] GC(1857) User=0.47s Sys=0.00s Real=0.49s
[1262.007s][info][gc,start       ] GC(1858) Pause Young (Allocation Failure)
[1262.324s][info][gc,heap        ] GC(1858) DefNew: 629119K(629120K)->61853K(629120K) Eden: 559232K(559232K)->0K(559232K) From: 69887K(69888K)->61853K(69888K)
[1262.324s][info][gc,heap        ] GC(1858) Tenured: 905352K(1398144K)->937825K(1398144K)
[1262.324s][info][gc,metaspace   ] GC(1858) Metaspace: 23216K(23552K)->23216K(23552K) NonClass: 20418K(20608K)->20418K(20608K) Class: 2798K(2944K)->2798K(2944K)
[1262.324s][info][gc             ] GC(1858) Pause Young (Allocation Failure) 1498M->976M(1979M) 316.870ms
[1262.324s][info][gc,cpu         ] GC(1858) User=0.30s Sys=0.00s Real=0.33s
[1262.465s][info][gc,start       ] GC(1859) Pause Young (Allocation Failure)
[1262.888s][info][gc,heap        ] GC(1859) DefNew: 621085K(629120K)->69887K(629120K) Eden: 559232K(559232K)->0K(559232K) From: 61853K(69888K)->69887K(69888K)
[1262.888s][info][gc,heap        ] GC(1859) Tenured: 937825K(1398144K)->992766K(1398144K)
[1262.888s][info][gc,metaspace   ] GC(1859) Metaspace: 23216K(23552K)->23216K(23552K) NonClass: 20418K(20608K)->20418K(20608K) Class: 2798K(2944K)->2798K(2944K)
[1262.888s][info][gc             ] GC(1859) Pause Young (Allocation Failure) 1522M->1037M(1979M) 423.750ms
[1262.888s][info][gc,cpu         ] GC(1859) User=0.41s Sys=0.00s Real=0.43s
[1263.349s][info][gc,start       ] GC(1860) Pause Young (Allocation Failure)
[1263.648s][info][gc,heap        ] GC(1860) DefNew: 629119K(629120K)->57384K(629120K) Eden: 559232K(559232K)->0K(559232K) From: 69887K(69888K)->57384K(69888K)
[1263.648s][info][gc,heap        ] GC(1860) Tenured: 992766K(1398144K)->1027744K(1398144K)
[1263.648s][info][gc,metaspace   ] GC(1860) Metaspace: 23216K(23552K)->23216K(23552K) NonClass: 20418K(20608K)->20418K(20608K) Class: 2798K(2944K)->2798K(2944K)
[1263.648s][info][gc             ] GC(1860) Pause Young (Allocation Failure) 1583M->1059M(1979M) 298.610ms
[1263.648s][info][gc,cpu         ] GC(1860) User=0.30s Sys=0.00s Real=0.30s
[1263.922s][info][gc,start       ] GC(1861) Pause Young (Allocation Failure)
[1264.275s][info][gc,heap        ] GC(1861) DefNew: 616616K(629120K)->69887K(629120K) Eden: 559232K(559232K)->0K(559232K) From: 57384K(69888K)->69887K(69888K)
[1264.275s][info][gc,heap        ] GC(1861) Tenured: 1027744K(1398144K)->1067994K(1398144K)
[1264.275s][info][gc,metaspace   ] GC(1861) Metaspace: 23216K(23552K)->23216K(23552K) NonClass: 20418K(20608K)->20418K(20608K) Class: 2798K(2944K)->2798K(2944K)
[1264.275s][info][gc             ] GC(1861) Pause Young (Allocation Failure) 1605M->1111M(1979M) 352.813ms
[1264.275s][info][gc,cpu         ] GC(1861) User=0.34s Sys=0.00s Real=0.36s
[1264.428s][info][gc,start       ] GC(1862) Pause Young (Allocation Failure)
[1264.919s][info][gc,heap        ] GC(1862) DefNew: 629119K(629120K)->69888K(629120K) Eden: 559232K(559232K)->0K(559232K) From: 69887K(69888K)->69888K(69888K)
[1264.919s][info][gc,heap        ] GC(1862) Tenured: 1067994K(1398144K)->1135464K(1398144K)
[1264.919s][info][gc,metaspace   ] GC(1862) Metaspace: 23216K(23552K)->23216K(23552K) NonClass: 20418K(20608K)->20418K(20608K) Class: 2798K(2944K)->2798K(2944K)
[1264.919s][info][gc             ] GC(1862) Pause Young (Allocation Failure) 1657M->1177M(1979M) 490.810ms
[1264.919s][info][gc,cpu         ] GC(1862) User=0.45s Sys=0.00s Real=0.50s
[1265.456s][info][gc,start       ] GC(1863) Pause Young (Allocation Failure)
[1265.749s][info][gc,heap        ] GC(1863) DefNew: 629120K(629120K)->49301K(629120K) Eden: 559232K(559232K)->0K(559232K) From: 69888K(69888K)->49301K(69888K)
[1265.749s][info][gc,heap        ] GC(1863) Tenured: 1135464K(1398144K)->1170337K(1398144K)
[1265.749s][info][gc,metaspace   ] GC(1863) Metaspace: 23216K(23552K)->23216K(23552K) NonClass: 20418K(20608K)->20418K(20608K) Class: 2798K(2944K)->2798K(2944K)
[1265.749s][info][gc             ] GC(1863) Pause Young (Allocation Failure) 1723M->1191M(1979M) 293.821ms
[1265.749s][info][gc,cpu         ] GC(1863) User=0.30s Sys=0.02s Real=0.31s
[1265.907s][info][gc,start       ] GC(1864) Pause Young (Allocation Failure)
[1266.357s][info][gc,heap        ] GC(1864) DefNew: 608533K(629120K)->69887K(629120K) Eden: 559232K(559232K)->0K(559232K) From: 49301K(69888K)->69887K(69888K)
[1266.357s][info][gc,heap        ] GC(1864) Tenured: 1170337K(1398144K)->1221561K(1398144K)
[1266.357s][info][gc,metaspace   ] GC(1864) Metaspace: 23216K(23552K)->23216K(23552K) NonClass: 20418K(20608K)->20418K(20608K) Class: 2798K(2944K)->2798K(2944K)
[1266.357s][info][gc             ] GC(1864) Pause Young (Allocation Failure) 1737M->1261M(1979M) 449.218ms
[1266.357s][info][gc,cpu         ] GC(1864) User=0.45s Sys=0.00s Real=0.45s
[1266.649s][info][gc,start       ] GC(1865) Pause Young (Allocation Failure)
[1267.074s][info][gc,heap        ] GC(1865) DefNew: 629119K(629120K)->69888K(629120K) Eden: 559232K(559232K)->0K(559232K) From: 69887K(69888K)->69888K(69888K)
[1267.075s][info][gc,heap        ] GC(1865) Tenured: 1221561K(1398144K)->1268721K(1398144K)
[1267.075s][info][gc,metaspace   ] GC(1865) Metaspace: 23216K(23552K)->23216K(23552K) NonClass: 20418K(20608K)->20418K(20608K) Class: 2798K(2944K)->2798K(2944K)
[1267.075s][info][gc             ] GC(1865) Pause Young (Allocation Failure) 1807M->1307M(1979M) 425.769ms
[1267.075s][info][gc,cpu         ] GC(1865) User=0.42s Sys=0.00s Real=0.42s
[1267.417s][info][gc,start       ] GC(1866) Pause Full (System.gc())
[1267.417s][info][gc,phases,start] GC(1866) Phase 1: Mark live objects
[1267.606s][info][gc,phases      ] GC(1866) Phase 1: Mark live objects 189.288ms
[1267.607s][info][gc,phases,start] GC(1866) Phase 2: Compute new object addresses
[1267.842s][info][gc,phases      ] GC(1866) Phase 2: Compute new object addresses 235.434ms
[1267.842s][info][gc,phases,start] GC(1866) Phase 3: Adjust pointers
[1267.927s][info][gc,phases      ] GC(1866) Phase 3: Adjust pointers 84.527ms
[1267.927s][info][gc,phases,start] GC(1866) Phase 4: Move objects
[1267.963s][info][gc,phases      ] GC(1866) Phase 4: Move objects 36.738ms
[1267.964s][info][gc,heap        ] GC(1866) DefNew: 278200K(629120K)->0K(629120K) Eden: 208312K(559232K)->0K(559232K) From: 69888K(69888K)->0K(69888K)
[1267.964s][info][gc,heap        ] GC(1866) Tenured: 1268721K(1398144K)->141457K(1398144K)
[1267.964s][info][gc,metaspace   ] GC(1866) Metaspace: 23216K(23552K)->23216K(23552K) NonClass: 20418K(20608K)->20418K(20608K) Class: 2798K(2944K)->2798K(2944K)
[1267.964s][info][gc             ] GC(1866) Pause Full (System.gc()) 1510M->138M(1979M) 546.654ms
[1267.964s][info][gc,cpu         ] GC(1866) User=0.50s Sys=0.00s Real=0.55s
[1268.117s][info][gc,start       ] GC(1867) Pause Young (Allocation Failure)
[1268.432s][info][gc,heap        ] GC(1867) DefNew: 559232K(629120K)->69888K(629120K) Eden: 559232K(559232K)->0K(559232K) From: 0K(69888K)->69888K(69888K)
[1268.432s][info][gc,heap        ] GC(1867) Tenured: 141457K(1398144K)->146566K(1398144K)
[1268.433s][info][gc,metaspace   ] GC(1867) Metaspace: 23216K(23552K)->23216K(23552K) NonClass: 20418K(20608K)->20418K(20608K) Class: 2798K(2944K)->2798K(2944K)
[1268.433s][info][gc             ] GC(1867) Pause Young (Allocation Failure) 684M->211M(1979M) 315.663ms
[1268.433s][info][gc,cpu         ] GC(1867) User=0.31s Sys=0.00s Real=0.32s
[1268.579s][info][gc,start       ] GC(1868) Pause Young (Allocation Failure)
[1269.094s][info][gc,heap        ] GC(1868) DefNew: 629120K(629120K)->69888K(629120K) Eden: 559232K(559232K)->0K(559232K) From: 69888K(69888K)->69888K(69888K)
[1269.094s][info][gc,heap        ] GC(1868) Tenured: 146566K(1398144K)->212423K(1398144K)
[1269.094s][info][gc,metaspace   ] GC(1868) Metaspace: 23216K(23552K)->23216K(23552K) NonClass: 20418K(20608K)->20418K(20608K) Class: 2798K(2944K)->2798K(2944K)
[1269.094s][info][gc             ] GC(1868) Pause Young (Allocation Failure) 757M->275M(1979M) 515.485ms
[1269.094s][info][gc,cpu         ] GC(1868) User=0.47s Sys=0.00s Real=0.52s
[1269.622s][info][gc,start       ] GC(1869) Pause Young (Allocation Failure)
[1269.914s][info][gc,heap        ] GC(1869) DefNew: 629120K(629120K)->56392K(629120K) Eden: 559232K(559232K)->0K(559232K) From: 69888K(69888K)->56392K(69888K)
[1269.914s][info][gc,heap        ] GC(1869) Tenured: 212423K(1398144K)->248125K(1398144K)
[1269.914s][info][gc,metaspace   ] GC(1869) Metaspace: 23216K(23552K)->23216K(23552K) NonClass: 20418K(20608K)->20418K(20608K) Class: 2798K(2944K)->2798K(2944K)
[1269.914s][info][gc             ] GC(1869) Pause Young (Allocation Failure) 821M->297M(1979M) 291.889ms
[1269.914s][info][gc,cpu         ] GC(1869) User=0.31s Sys=0.00s Real=0.28s
[1270.054s][info][gc,start       ] GC(1870) Pause Young (Allocation Failure)
[1270.468s][info][gc,heap        ] GC(1870) DefNew: 615624K(629120K)->69888K(629120K) Eden: 559232K(559232K)->0K(559232K) From: 56392K(69888K)->69888K(69888K)
[1270.468s][info][gc,heap        ] GC(1870) Tenured: 248125K(1398144K)->301911K(1398144K)
[1270.468s][info][gc,metaspace   ] GC(1870) Metaspace: 23216K(23552K)->23216K(23552K) NonClass: 20418K(20608K)->20418K(20608K) Class: 2798K(2944K)->2798K(2944K)
[1270.468s][info][gc             ] GC(1870) Pause Young (Allocation Failure) 843M->363M(1979M) 413.574ms
[1270.468s][info][gc,cpu         ] GC(1870) User=0.34s Sys=0.02s Real=0.41s
[1270.815s][info][gc,start       ] GC(1871) Pause Young (Allocation Failure)
[1271.166s][info][gc,heap        ] GC(1871) DefNew: 629120K(629120K)->69044K(629120K) Eden: 559232K(559232K)->0K(559232K) From: 69888K(69888K)->69044K(69888K)
[1271.166s][info][gc,heap        ] GC(1871) Tenured: 301911K(1398144K)->336748K(1398144K)
[1271.166s][info][gc,metaspace   ] GC(1871) Metaspace: 23216K(23552K)->23216K(23552K) NonClass: 20418K(20608K)->20418K(20608K) Class: 2798K(2944K)->2798K(2944K)
[1271.166s][info][gc             ] GC(1871) Pause Young (Allocation Failure) 909M->396M(1979M) 351.078ms
[1271.166s][info][gc,cpu         ] GC(1871) User=0.33s Sys=0.00s Real=0.35s
[1271.486s][info][gc,start       ] GC(1872) Pause Young (Allocation Failure)
[1271.789s][info][gc,heap        ] GC(1872) DefNew: 628276K(629120K)->59051K(629120K) Eden: 559232K(559232K)->0K(559232K) From: 69044K(69888K)->59051K(69888K)
[1271.789s][info][gc,heap        ] GC(1872) Tenured: 336748K(1398144K)->376112K(1398144K)
[1271.789s][info][gc,metaspace   ] GC(1872) Metaspace: 23216K(23552K)->23216K(23552K) NonClass: 20418K(20608K)->20418K(20608K) Class: 2798K(2944K)->2798K(2944K)
[1271.790s][info][gc             ] GC(1872) Pause Young (Allocation Failure) 942M->424M(1979M) 303.599ms
[1271.790s][info][gc,cpu         ] GC(1872) User=0.30s Sys=0.00s Real=0.30s
[1271.946s][info][gc,start       ] GC(1873) Pause Young (Allocation Failure)
[1272.395s][info][gc,heap        ] GC(1873) DefNew: 618283K(629120K)->69887K(629120K) Eden: 559232K(559232K)->0K(559232K) From: 59051K(69888K)->69887K(69888K)
[1272.395s][info][gc,heap        ] GC(1873) Tenured: 376112K(1398144K)->432184K(1398144K)
[1272.395s][info][gc,metaspace   ] GC(1873) Metaspace: 23216K(23552K)->23216K(23552K) NonClass: 20418K(20608K)->20418K(20608K) Class: 2798K(2944K)->2798K(2944K)
[1272.395s][info][gc             ] GC(1873) Pause Young (Allocation Failure) 971M->490M(1979M) 448.513ms
[1272.395s][info][gc,cpu         ] GC(1873) User=0.42s Sys=0.00s Real=0.46s
[1273.013s][info][gc,start       ] GC(1874) Pause Young (Allocation Failure)
[1273.262s][info][gc,heap        ] GC(1874) DefNew: 629119K(629120K)->42294K(629120K) Eden: 559232K(559232K)->0K(559232K) From: 69887K(69888K)->42294K(69888K)
[1273.262s][info][gc,heap        ] GC(1874) Tenured: 432184K(1398144K)->469672K(1398144K)
[1273.262s][info][gc,metaspace   ] GC(1874) Metaspace: 23216K(23552K)->23216K(23552K) NonClass: 20418K(20608K)->20418K(20608K) Class: 2798K(2944K)->2798K(2944K)
[1273.262s][info][gc             ] GC(1874) Pause Young (Allocation Failure) 1036M->499M(1979M) 249.080ms
[1273.262s][info][gc,cpu         ] GC(1874) User=0.25s Sys=0.00s Real=0.25s
[1273.394s][info][gc,start       ] GC(1875) Pause Young (Allocation Failure)
[1273.773s][info][gc,heap        ] GC(1875) DefNew: 601526K(629120K)->69887K(629120K) Eden: 559232K(559232K)->0K(559232K) From: 42294K(69888K)->69887K(69888K)
[1273.773s][info][gc,heap        ] GC(1875) Tenured: 469672K(1398144K)->510313K(1398144K)
[1273.773s][info][gc,metaspace   ] GC(1875) Metaspace: 23216K(23552K)->23216K(23552K) NonClass: 20418K(20608K)->20418K(20608K) Class: 2798K(2944K)->2798K(2944K)
[1273.773s][info][gc             ] GC(1875) Pause Young (Allocation Failure) 1046M->566M(1979M) 379.107ms
[1273.773s][info][gc,cpu         ] GC(1875) User=0.38s Sys=0.00s Real=0.38s
[1273.938s][info][gc,start       ] GC(1876) Pause Young (Allocation Failure)
[1274.428s][info][gc,heap        ] GC(1876) DefNew: 629119K(629120K)->69888K(629120K) Eden: 559232K(559232K)->0K(559232K) From: 69887K(69888K)->69888K(69888K)
[1274.428s][info][gc,heap        ] GC(1876) Tenured: 510313K(1398144K)->578478K(1398144K)
[1274.428s][info][gc,metaspace   ] GC(1876) Metaspace: 23216K(23552K)->23216K(23552K) NonClass: 20418K(20608K)->20418K(20608K) Class: 2798K(2944K)->2798K(2944K)
[1274.428s][info][gc             ] GC(1876) Pause Young (Allocation Failure) 1112M->633M(1979M) 490.316ms
[1274.428s][info][gc,cpu         ] GC(1876) User=0.48s Sys=0.00s Real=0.49s
[1275.013s][info][gc,start       ] GC(1877) Pause Young (Allocation Failure)
[1275.333s][info][gc,heap        ] GC(1877) DefNew: 629120K(629120K)->60255K(629120K) Eden: 559232K(559232K)->0K(559232K) From: 69888K(69888K)->60255K(69888K)
[1275.333s][info][gc,heap        ] GC(1877) Tenured: 578478K(1398144K)->611342K(1398144K)
[1275.333s][info][gc,metaspace   ] GC(1877) Metaspace: 23216K(23552K)->23216K(23552K) NonClass: 20418K(20608K)->20418K(20608K) Class: 2798K(2944K)->2798K(2944K)
[1275.333s][info][gc             ] GC(1877) Pause Young (Allocation Failure) 1179M->655M(1979M) 319.387ms
[1275.333s][info][gc,cpu         ] GC(1877) User=0.33s Sys=0.00s Real=0.32s
[1275.470s][info][gc,start       ] GC(1878) Pause Young (Allocation Failure)
[1275.898s][info][gc,heap        ] GC(1878) DefNew: 619487K(629120K)->69888K(629120K) Eden: 559232K(559232K)->0K(559232K) From: 60255K(69888K)->69888K(69888K)
[1275.898s][info][gc,heap        ] GC(1878) Tenured: 611342K(1398144K)->663068K(1398144K)
[1275.898s][info][gc,metaspace   ] GC(1878) Metaspace: 23216K(23552K)->23216K(23552K) NonClass: 20418K(20608K)->20418K(20608K) Class: 2798K(2944K)->2798K(2944K)
[1275.898s][info][gc             ] GC(1878) Pause Young (Allocation Failure) 1201M->715M(1979M) 428.006ms
[1275.898s][info][gc,cpu         ] GC(1878) User=0.41s Sys=0.00s Real=0.42s
[1276.213s][info][gc,start       ] GC(1879) Pause Young (Allocation Failure)
[1276.610s][info][gc,heap        ] GC(1879) DefNew: 629120K(629120K)->66843K(629120K) Eden: 559232K(559232K)->0K(559232K) From: 69888K(69888K)->66843K(69888K)
[1276.610s][info][gc,heap        ] GC(1879) Tenured: 663068K(1398144K)->704182K(1398144K)
[1276.610s][info][gc,metaspace   ] GC(1879) Metaspace: 23216K(23552K)->23216K(23552K) NonClass: 20418K(20608K)->20418K(20608K) Class: 2798K(2944K)->2798K(2944K)
[1276.610s][info][gc             ] GC(1879) Pause Young (Allocation Failure) 1261M->752M(1979M) 397.026ms
[1276.610s][info][gc,cpu         ] GC(1879) User=0.38s Sys=0.00s Real=0.39s
[1277.007s][info][gc,start       ] GC(1880) Pause Young (Allocation Failure)
[1277.328s][info][gc,heap        ] GC(1880) DefNew: 626075K(629120K)->64898K(629120K) Eden: 559232K(559232K)->0K(559232K) From: 66843K(69888K)->64898K(69888K)
[1277.328s][info][gc,heap        ] GC(1880) Tenured: 704182K(1398144K)->739105K(1398144K)
[1277.328s][info][gc,metaspace   ] GC(1880) Metaspace: 23216K(23552K)->23216K(23552K) NonClass: 20418K(20608K)->20418K(20608K) Class: 2798K(2944K)->2798K(2944K)
[1277.328s][info][gc             ] GC(1880) Pause Young (Allocation Failure) 1299M->785M(1979M) 320.543ms
[1277.328s][info][gc,cpu         ] GC(1880) User=0.31s Sys=0.00s Real=0.33s
[1277.479s][info][gc,start       ] GC(1881) Pause Young (Allocation Failure)
[1277.939s][info][gc,heap        ] GC(1881) DefNew: 624130K(629120K)->69888K(629120K) Eden: 559232K(559232K)->0K(559232K) From: 64898K(69888K)->69888K(69888K)
[1277.939s][info][gc,heap        ] GC(1881) Tenured: 739105K(1398144K)->801918K(1398144K)
[1277.939s][info][gc,metaspace   ] GC(1881) Metaspace: 23216K(23552K)->23216K(23552K) NonClass: 20418K(20608K)->20418K(20608K) Class: 2798K(2944K)->2798K(2944K)
[1277.939s][info][gc             ] GC(1881) Pause Young (Allocation Failure) 1331M->851M(1979M) 460.039ms
[1277.939s][info][gc,cpu         ] GC(1881) User=0.42s Sys=0.00s Real=0.47s
[1278.524s][info][gc,start       ] GC(1882) Pause Young (Allocation Failure)
[1278.764s][info][gc,heap        ] GC(1882) DefNew: 629120K(629120K)->41169K(629120K) Eden: 559232K(559232K)->0K(559232K) From: 69888K(69888K)->41169K(69888K)
[1278.765s][info][gc,heap        ] GC(1882) Tenured: 801918K(1398144K)->838516K(1398144K)
[1278.765s][info][gc,metaspace   ] GC(1882) Metaspace: 23216K(23552K)->23216K(23552K) NonClass: 20418K(20608K)->20418K(20608K) Class: 2798K(2944K)->2798K(2944K)
[1278.765s][info][gc             ] GC(1882) Pause Young (Allocation Failure) 1397M->859M(1979M) 240.964ms
[1278.765s][info][gc,cpu         ] GC(1882) User=0.19s Sys=0.00s Real=0.23s
[1278.917s][info][gc,start       ] GC(1883) Pause Young (Allocation Failure)
[1279.308s][info][gc,heap        ] GC(1883) DefNew: 600401K(629120K)->69888K(629120K) Eden: 559232K(559232K)->0K(559232K) From: 41169K(69888K)->69888K(69888K)
[1279.308s][info][gc,heap        ] GC(1883) Tenured: 838516K(1398144K)->883233K(1398144K)
[1279.308s][info][gc,metaspace   ] GC(1883) Metaspace: 23216K(23552K)->23216K(23552K) NonClass: 20418K(20608K)->20418K(20608K) Class: 2798K(2944K)->2798K(2944K)
[1279.308s][info][gc             ] GC(1883) Pause Young (Allocation Failure) 1405M->930M(1979M) 391.876ms
[1279.308s][info][gc,cpu         ] GC(1883) User=0.36s Sys=0.00s Real=0.39s
[1279.465s][info][gc,start       ] GC(1884) Pause Young (Allocation Failure)
[1279.960s][info][gc,heap        ] GC(1884) DefNew: 629120K(629120K)->69887K(629120K) Eden: 559232K(559232K)->0K(559232K) From: 69888K(69888K)->69887K(69888K)
[1279.960s][info][gc,heap        ] GC(1884) Tenured: 883233K(1398144K)->952837K(1398144K)
[1279.960s][info][gc,metaspace   ] GC(1884) Metaspace: 23216K(23552K)->23216K(23552K) NonClass: 20418K(20608K)->20418K(20608K) Class: 2798K(2944K)->2798K(2944K)
[1279.960s][info][gc             ] GC(1884) Pause Young (Allocation Failure) 1476M->998M(1979M) 495.146ms
[1279.960s][info][gc,cpu         ] GC(1884) User=0.48s Sys=0.00s Real=0.49s
[1280.533s][info][gc,start       ] GC(1885) Pause Young (Allocation Failure)
[1280.851s][info][gc,heap        ] GC(1885) DefNew: 629119K(629120K)->64526K(629120K) Eden: 559232K(559232K)->0K(559232K) From: 69887K(69888K)->64526K(69888K)
[1280.851s][info][gc,heap        ] GC(1885) Tenured: 952837K(1398144K)->985827K(1398144K)
[1280.851s][info][gc,metaspace   ] GC(1885) Metaspace: 23216K(23552K)->23216K(23552K) NonClass: 20418K(20608K)->20418K(20608K) Class: 2798K(2944K)->2798K(2944K)
[1280.851s][info][gc             ] GC(1885) Pause Young (Allocation Failure) 1544M->1025M(1979M) 318.437ms
[1280.851s][info][gc,cpu         ] GC(1885) User=0.33s Sys=0.00s Real=0.31s
[1280.998s][info][gc,start       ] GC(1886) Pause Young (Allocation Failure)
[1281.429s][info][gc,heap        ] GC(1886) DefNew: 623758K(629120K)->69888K(629120K) Eden: 559232K(559232K)->0K(559232K) From: 64526K(69888K)->69888K(69888K)
[1281.429s][info][gc,heap        ] GC(1886) Tenured: 985827K(1398144K)->1049692K(1398144K)
[1281.429s][info][gc,metaspace   ] GC(1886) Metaspace: 23216K(23552K)->23216K(23552K) NonClass: 20418K(20608K)->20418K(20608K) Class: 2798K(2944K)->2798K(2944K)
[1281.429s][info][gc             ] GC(1886) Pause Young (Allocation Failure) 1571M->1093M(1979M) 430.886ms
[1281.429s][info][gc,cpu         ] GC(1886) User=0.41s Sys=0.00s Real=0.44s
[1281.888s][info][gc,start       ] GC(1887) Pause Young (Allocation Failure)
[1282.148s][info][gc,heap        ] GC(1887) DefNew: 629120K(629120K)->48401K(629120K) Eden: 559232K(559232K)->0K(559232K) From: 69888K(69888K)->48401K(69888K)
[1282.148s][info][gc,heap        ] GC(1887) Tenured: 1049692K(1398144K)->1085144K(1398144K)
[1282.148s][info][gc,metaspace   ] GC(1887) Metaspace: 23216K(23552K)->23216K(23552K) NonClass: 20418K(20608K)->20418K(20608K) Class: 2798K(2944K)->2798K(2944K)
[1282.148s][info][gc             ] GC(1887) Pause Young (Allocation Failure) 1639M->1106M(1979M) 260.419ms
[1282.148s][info][gc,cpu         ] GC(1887) User=0.27s Sys=0.00s Real=0.27s
[1282.342s][info][gc,start       ] GC(1888) Pause Young (Allocation Failure)
[1282.683s][info][gc,heap        ] GC(1888) DefNew: 607633K(629120K)->69887K(629120K) Eden: 559232K(559232K)->0K(559232K) From: 48401K(69888K)->69887K(69888K)
[1282.683s][info][gc,heap        ] GC(1888) Tenured: 1085144K(1398144K)->1124014K(1398144K)
[1282.683s][info][gc,metaspace   ] GC(1888) Metaspace: 23216K(23552K)->23216K(23552K) NonClass: 20418K(20608K)->20418K(20608K) Class: 2798K(2944K)->2798K(2944K)
[1282.683s][info][gc             ] GC(1888) Pause Young (Allocation Failure) 1653M->1165M(1979M) 341.428ms
[1282.683s][info][gc,cpu         ] GC(1888) User=0.28s Sys=0.00s Real=0.35s
[1282.839s][info][gc,start       ] GC(1889) Pause Young (Allocation Failure)
[1283.332s][info][gc,heap        ] GC(1889) DefNew: 629119K(629120K)->69888K(629120K) Eden: 559232K(559232K)->0K(559232K) From: 69887K(69888K)->69888K(69888K)
[1283.332s][info][gc,heap        ] GC(1889) Tenured: 1124014K(1398144K)->1192536K(1398144K)
[1283.332s][info][gc,metaspace   ] GC(1889) Metaspace: 23216K(23552K)->23216K(23552K) NonClass: 20418K(20608K)->20418K(20608K) Class: 2798K(2944K)->2798K(2944K)
[1283.332s][info][gc             ] GC(1889) Pause Young (Allocation Failure) 1712M->1232M(1979M) 492.761ms
[1283.332s][info][gc,cpu         ] GC(1889) User=0.50s Sys=0.00s Real=0.50s
[1283.894s][info][gc,start       ] GC(1890) Pause Young (Allocation Failure)
[1284.202s][info][gc,heap        ] GC(1890) DefNew: 629120K(629120K)->57639K(629120K) Eden: 559232K(559232K)->0K(559232K) From: 69888K(69888K)->57639K(69888K)
[1284.202s][info][gc,heap        ] GC(1890) Tenured: 1192536K(1398144K)->1227959K(1398144K)
[1284.202s][info][gc,metaspace   ] GC(1890) Metaspace: 23216K(23552K)->23216K(23552K) NonClass: 20418K(20608K)->20418K(20608K) Class: 2798K(2944K)->2798K(2944K)
[1284.202s][info][gc             ] GC(1890) Pause Young (Allocation Failure) 1778M->1255M(1979M) 308.468ms
[1284.202s][info][gc,cpu         ] GC(1890) User=0.30s Sys=0.00s Real=0.30s
[1284.346s][info][gc,start       ] GC(1891) Pause Young (Allocation Failure)
[1284.783s][info][gc,heap        ] GC(1891) DefNew: 616871K(629120K)->69888K(629120K) Eden: 559232K(559232K)->0K(559232K) From: 57639K(69888K)->69888K(69888K)
[1284.783s][info][gc,heap        ] GC(1891) Tenured: 1227959K(1398144K)->1283764K(1398144K)
[1284.783s][info][gc,metaspace   ] GC(1891) Metaspace: 23216K(23552K)->23216K(23552K) NonClass: 20418K(20608K)->20418K(20608K) Class: 2798K(2944K)->2798K(2944K)
[1284.783s][info][gc             ] GC(1891) Pause Young (Allocation Failure) 1801M->1321M(1979M) 437.102ms
[1284.783s][info][gc,cpu         ] GC(1891) User=0.42s Sys=0.00s Real=0.42s
[1285.154s][info][gc,start       ] GC(1892) Pause Young (Allocation Failure)
[1285.486s][info][gc,heap        ] GC(1892) DefNew: 629120K(629120K)->68206K(629120K) Eden: 559232K(559232K)->0K(559232K) From: 69888K(69888K)->68206K(69888K)
[1285.487s][info][gc,heap        ] GC(1892) Tenured: 1283764K(1398144K)->1319222K(1398144K)
[1285.487s][info][gc,metaspace   ] GC(1892) Metaspace: 23216K(23552K)->23216K(23552K) NonClass: 20418K(20608K)->20418K(20608K) Class: 2798K(2944K)->2798K(2944K)
[1285.487s][info][gc             ] GC(1892) Pause Young (Allocation Failure) 1868M->1354M(1979M) 332.584ms
[1285.487s][info][gc,cpu         ] GC(1892) User=0.33s Sys=0.00s Real=0.33s
[1285.677s][info][gc,start       ] GC(1893) Pause Full (System.gc())
[1285.677s][info][gc,phases,start] GC(1893) Phase 1: Mark live objects
[1285.843s][info][gc,phases      ] GC(1893) Phase 1: Mark live objects 166.434ms
[1285.843s][info][gc,phases,start] GC(1893) Phase 2: Compute new object addresses
[1286.071s][info][gc,phases      ] GC(1893) Phase 2: Compute new object addresses 227.872ms
[1286.071s][info][gc,phases,start] GC(1893) Phase 3: Adjust pointers
[1286.146s][info][gc,phases      ] GC(1893) Phase 3: Adjust pointers 74.310ms
[1286.146s][info][gc,phases,start] GC(1893) Phase 4: Move objects
[1286.176s][info][gc,phases      ] GC(1893) Phase 4: Move objects 29.980ms
[1286.176s][info][gc,heap        ] GC(1893) DefNew: 211209K(629120K)->0K(629120K) Eden: 143003K(559232K)->0K(559232K) From: 68206K(69888K)->0K(69888K)
[1286.176s][info][gc,heap        ] GC(1893) Tenured: 1319222K(1398144K)->141545K(1398144K)
[1286.176s][info][gc,metaspace   ] GC(1893) Metaspace: 23216K(23552K)->23216K(23552K) NonClass: 20418K(20608K)->20418K(20608K) Class: 2798K(2944K)->2798K(2944K)
[1286.176s][info][gc             ] GC(1893) Pause Full (System.gc()) 1494M->138M(1979M) 499.284ms
[1286.176s][info][gc,cpu         ] GC(1893) User=0.45s Sys=0.00s Real=0.50s
[1286.328s][info][gc,start       ] GC(1894) Pause Young (Allocation Failure)
[1286.635s][info][gc,heap        ] GC(1894) DefNew: 559232K(629120K)->69888K(629120K) Eden: 559232K(559232K)->0K(559232K) From: 0K(69888K)->69888K(69888K)
[1286.635s][info][gc,heap        ] GC(1894) Tenured: 141545K(1398144K)->146753K(1398144K)
[1286.635s][info][gc,metaspace   ] GC(1894) Metaspace: 23216K(23552K)->23216K(23552K) NonClass: 20418K(20608K)->20418K(20608K) Class: 2798K(2944K)->2798K(2944K)
[1286.635s][info][gc             ] GC(1894) Pause Young (Allocation Failure) 684M->211M(1979M) 306.816ms
[1286.635s][info][gc,cpu         ] GC(1894) User=0.27s Sys=0.02s Real=0.31s
[1286.785s][info][gc,start       ] GC(1895) Pause Young (Allocation Failure)
[1287.273s][info][gc,heap        ] GC(1895) DefNew: 629120K(629120K)->69888K(629120K) Eden: 559232K(559232K)->0K(559232K) From: 69888K(69888K)->69888K(69888K)
[1287.273s][info][gc,heap        ] GC(1895) Tenured: 146753K(1398144K)->214667K(1398144K)
[1287.273s][info][gc,metaspace   ] GC(1895) Metaspace: 23216K(23552K)->23216K(23552K) NonClass: 20418K(20608K)->20418K(20608K) Class: 2798K(2944K)->2798K(2944K)
[1287.273s][info][gc             ] GC(1895) Pause Young (Allocation Failure) 757M->277M(1979M) 488.062ms
[1287.273s][info][gc,cpu         ] GC(1895) User=0.45s Sys=0.00s Real=0.49s
[1287.810s][info][gc,start       ] GC(1896) Pause Young (Allocation Failure)
[1288.119s][info][gc,heap        ] GC(1896) DefNew: 629120K(629120K)->60732K(629120K) Eden: 559232K(559232K)->0K(559232K) From: 69888K(69888K)->60732K(69888K)
[1288.119s][info][gc,heap        ] GC(1896) Tenured: 214667K(1398144K)->249825K(1398144K)
[1288.119s][info][gc,metaspace   ] GC(1896) Metaspace: 23216K(23552K)->23216K(23552K) NonClass: 20418K(20608K)->20418K(20608K) Class: 2798K(2944K)->2798K(2944K)
[1288.119s][info][gc             ] GC(1896) Pause Young (Allocation Failure) 824M->303M(1979M) 309.292ms
[1288.119s][info][gc,cpu         ] GC(1896) User=0.30s Sys=0.00s Real=0.30s
[1288.259s][info][gc,start       ] GC(1897) Pause Young (Allocation Failure)
[1288.693s][info][gc,heap        ] GC(1897) DefNew: 619964K(629120K)->69887K(629120K) Eden: 559232K(559232K)->0K(559232K) From: 60732K(69888K)->69887K(69888K)
[1288.693s][info][gc,heap        ] GC(1897) Tenured: 249825K(1398144K)->307531K(1398144K)
[1288.693s][info][gc,metaspace   ] GC(1897) Metaspace: 23216K(23552K)->23216K(23552K) NonClass: 20418K(20608K)->20418K(20608K) Class: 2798K(2944K)->2798K(2944K)
[1288.693s][info][gc             ] GC(1897) Pause Young (Allocation Failure) 849M->368M(1979M) 434.473ms
[1288.693s][info][gc,cpu         ] GC(1897) User=0.42s Sys=0.00s Real=0.44s
[1289.107s][info][gc,start       ] GC(1898) Pause Young (Allocation Failure)
[1289.400s][info][gc,heap        ] GC(1898) DefNew: 629119K(629120K)->61222K(629120K) Eden: 559232K(559232K)->0K(559232K) From: 69887K(69888K)->61222K(69888K)
[1289.400s][info][gc,heap        ] GC(1898) Tenured: 307531K(1398144K)->343141K(1398144K)
[1289.400s][info][gc,metaspace   ] GC(1898) Metaspace: 23216K(23552K)->23216K(23552K) NonClass: 20418K(20608K)->20418K(20608K) Class: 2798K(2944K)->2798K(2944K)
[1289.400s][info][gc             ] GC(1898) Pause Young (Allocation Failure) 914M->394M(1979M) 293.164ms
[1289.400s][info][gc,cpu         ] GC(1898) User=0.28s Sys=0.00s Real=0.30s
[1289.653s][info][gc,start       ] GC(1899) Pause Young (Allocation Failure)
[1289.978s][info][gc,heap        ] GC(1899) DefNew: 620454K(629120K)->66118K(629120K) Eden: 559232K(559232K)->0K(559232K) From: 61222K(69888K)->66118K(69888K)
[1289.978s][info][gc,heap        ] GC(1899) Tenured: 343141K(1398144K)->380756K(1398144K)
[1289.978s][info][gc,metaspace   ] GC(1899) Metaspace: 23216K(23552K)->23216K(23552K) NonClass: 20418K(20608K)->20418K(20608K) Class: 2798K(2944K)->2798K(2944K)
[1289.978s][info][gc             ] GC(1899) Pause Young (Allocation Failure) 941M->436M(1979M) 324.351ms
[1289.978s][info][gc,cpu         ] GC(1899) User=0.31s Sys=0.00s Real=0.33s
[1290.129s][info][gc,start       ] GC(1900) Pause Young (Allocation Failure)
[1290.598s][info][gc,heap        ] GC(1900) DefNew: 625350K(629120K)->69888K(629120K) Eden: 559232K(559232K)->0K(559232K) From: 66118K(69888K)->69888K(69888K)
[1290.598s][info][gc,heap        ] GC(1900) Tenured: 380756K(1398144K)->442587K(1398144K)
[1290.598s][info][gc,metaspace   ] GC(1900) Metaspace: 23216K(23552K)->23216K(23552K) NonClass: 20418K(20608K)->20418K(20608K) Class: 2798K(2944K)->2798K(2944K)
[1290.598s][info][gc             ] GC(1900) Pause Young (Allocation Failure) 982M->500M(1979M) 469.080ms
[1290.598s][info][gc,cpu         ] GC(1900) User=0.44s Sys=0.00s Real=0.47s
[1291.203s][info][gc,start       ] GC(1901) Pause Young (Allocation Failure)
[1291.478s][info][gc,heap        ] GC(1901) DefNew: 629120K(629120K)->46211K(629120K) Eden: 559232K(559232K)->0K(559232K) From: 69888K(69888K)->46211K(69888K)
[1291.478s][info][gc,heap        ] GC(1901) Tenured: 442587K(1398144K)->479305K(1398144K)
[1291.478s][info][gc,metaspace   ] GC(1901) Metaspace: 23216K(23552K)->23216K(23552K) NonClass: 20418K(20608K)->20418K(20608K) Class: 2798K(2944K)->2798K(2944K)
[1291.478s][info][gc             ] GC(1901) Pause Young (Allocation Failure) 1046M->513M(1979M) 275.214ms
[1291.478s][info][gc,cpu         ] GC(1901) User=0.27s Sys=0.00s Real=0.28s
[1291.619s][info][gc,start       ] GC(1902) Pause Young (Allocation Failure)
[1292.015s][info][gc,heap        ] GC(1902) DefNew: 605443K(629120K)->69887K(629120K) Eden: 559232K(559232K)->0K(559232K) From: 46211K(69888K)->69887K(69888K)
[1292.015s][info][gc,heap        ] GC(1902) Tenured: 479305K(1398144K)->523545K(1398144K)
[1292.015s][info][gc,metaspace   ] GC(1902) Metaspace: 23216K(23552K)->23216K(23552K) NonClass: 20418K(20608K)->20418K(20608K) Class: 2798K(2944K)->2798K(2944K)
[1292.015s][info][gc             ] GC(1902) Pause Young (Allocation Failure) 1059M->579M(1979M) 396.265ms
[1292.015s][info][gc,cpu         ] GC(1902) User=0.39s Sys=0.00s Real=0.39s
[1292.183s][info][gc,start       ] GC(1903) Pause Young (Allocation Failure)
[1292.678s][info][gc,heap        ] GC(1903) DefNew: 629119K(629120K)->69888K(629120K) Eden: 559232K(559232K)->0K(559232K) From: 69887K(69888K)->69888K(69888K)
[1292.678s][info][gc,heap        ] GC(1903) Tenured: 523545K(1398144K)->588474K(1398144K)
[1292.678s][info][gc,metaspace   ] GC(1903) Metaspace: 23216K(23552K)->23216K(23552K) NonClass: 20418K(20608K)->20418K(20608K) Class: 2798K(2944K)->2798K(2944K)
[1292.678s][info][gc             ] GC(1903) Pause Young (Allocation Failure) 1125M->642M(1979M) 495.038ms
[1292.678s][info][gc,cpu         ] GC(1903) User=0.50s Sys=0.00s Real=0.49s
[1293.210s][info][gc,start       ] GC(1904) Pause Young (Allocation Failure)
[1293.505s][info][gc,heap        ] GC(1904) DefNew: 629120K(629120K)->61189K(629120K) Eden: 559232K(559232K)->0K(559232K) From: 69888K(69888K)->61189K(69888K)
[1293.505s][info][gc,heap        ] GC(1904) Tenured: 588474K(1398144K)->621778K(1398144K)
[1293.505s][info][gc,metaspace   ] GC(1904) Metaspace: 23216K(23552K)->23216K(23552K) NonClass: 20418K(20608K)->20418K(20608K) Class: 2798K(2944K)->2798K(2944K)
[1293.505s][info][gc             ] GC(1904) Pause Young (Allocation Failure) 1189M->666M(1979M) 295.569ms
[1293.505s][info][gc,cpu         ] GC(1904) User=0.30s Sys=0.00s Real=0.30s
[1293.647s][info][gc,start       ] GC(1905) Pause Young (Allocation Failure)
[1294.069s][info][gc,heap        ] GC(1905) DefNew: 620421K(629120K)->69888K(629120K) Eden: 559232K(559232K)->0K(559232K) From: 61189K(69888K)->69888K(69888K)
[1294.069s][info][gc,heap        ] GC(1905) Tenured: 621778K(1398144K)->680402K(1398144K)
[1294.069s][info][gc,metaspace   ] GC(1905) Metaspace: 23216K(23552K)->23216K(23552K) NonClass: 20418K(20608K)->20418K(20608K) Class: 2798K(2944K)->2798K(2944K)
[1294.069s][info][gc             ] GC(1905) Pause Young (Allocation Failure) 1213M->732M(1979M) 421.870ms
[1294.069s][info][gc,cpu         ] GC(1905) User=0.41s Sys=0.00s Real=0.41s
[1294.519s][info][gc,start       ] GC(1906) Pause Young (Allocation Failure)
[1294.791s][info][gc,heap        ] GC(1906) DefNew: 629120K(629120K)->51870K(629120K) Eden: 559232K(559232K)->0K(559232K) From: 69888K(69888K)->51870K(69888K)
[1294.791s][info][gc,heap        ] GC(1906) Tenured: 680402K(1398144K)->715318K(1398144K)
[1294.791s][info][gc,metaspace   ] GC(1906) Metaspace: 23216K(23552K)->23216K(23552K) NonClass: 20418K(20608K)->20418K(20608K) Class: 2798K(2944K)->2798K(2944K)
[1294.791s][info][gc             ] GC(1906) Pause Young (Allocation Failure) 1278M->749M(1979M) 272.109ms
[1294.791s][info][gc,cpu         ] GC(1906) User=0.27s Sys=0.00s Real=0.27s
[1295.011s][info][gc,start       ] GC(1907) Pause Young (Allocation Failure)
[1295.340s][info][gc,heap        ] GC(1907) DefNew: 611102K(629120K)->67306K(629120K) Eden: 559232K(559232K)->0K(559232K) From: 51870K(69888K)->67306K(69888K)
[1295.340s][info][gc,heap        ] GC(1907) Tenured: 715318K(1398144K)->752063K(1398144K)
[1295.340s][info][gc,metaspace   ] GC(1907) Metaspace: 23216K(23552K)->23216K(23552K) NonClass: 20418K(20608K)->20418K(20608K) Class: 2798K(2944K)->2798K(2944K)
[1295.340s][info][gc             ] GC(1907) Pause Young (Allocation Failure) 1295M->800M(1979M) 328.842ms
[1295.340s][info][gc,cpu         ] GC(1907) User=0.28s Sys=0.00s Real=0.33s
[1295.480s][info][gc,start       ] GC(1908) Pause Young (Allocation Failure)
[1295.937s][info][gc,heap        ] GC(1908) DefNew: 626538K(629120K)->69888K(629120K) Eden: 559232K(559232K)->0K(559232K) From: 67306K(69888K)->69888K(69888K)
[1295.937s][info][gc,heap        ] GC(1908) Tenured: 752063K(1398144K)->811976K(1398144K)
[1295.937s][info][gc,metaspace   ] GC(1908) Metaspace: 23216K(23552K)->23216K(23552K) NonClass: 20418K(20608K)->20418K(20608K) Class: 2798K(2944K)->2798K(2944K)
[1295.937s][info][gc             ] GC(1908) Pause Young (Allocation Failure) 1346M->861M(1979M) 456.467ms
[1295.937s][info][gc,cpu         ] GC(1908) User=0.45s Sys=0.00s Real=0.45s
[1296.539s][info][gc,start       ] GC(1909) Pause Young (Allocation Failure)
[1296.802s][info][gc,heap        ] GC(1909) DefNew: 629120K(629120K)->45144K(629120K) Eden: 559232K(559232K)->0K(559232K) From: 69888K(69888K)->45144K(69888K)
[1296.802s][info][gc,heap        ] GC(1909) Tenured: 811976K(1398144K)->845074K(1398144K)
[1296.802s][info][gc,metaspace   ] GC(1909) Metaspace: 23216K(23552K)->23216K(23552K) NonClass: 20418K(20608K)->20418K(20608K) Class: 2798K(2944K)->2798K(2944K)
[1296.802s][info][gc             ] GC(1909) Pause Young (Allocation Failure) 1407M->869M(1979M) 262.283ms
[1296.802s][info][gc,cpu         ] GC(1909) User=0.25s Sys=0.00s Real=0.27s
[1296.949s][info][gc,start       ] GC(1910) Pause Young (Allocation Failure)
[1297.342s][info][gc,heap        ] GC(1910) DefNew: 604376K(629120K)->69887K(629120K) Eden: 559232K(559232K)->0K(559232K) From: 45144K(69888K)->69887K(69888K)
[1297.344s][info][gc,heap        ] GC(1910) Tenured: 845074K(1398144K)->889171K(1398144K)
[1297.344s][info][gc,metaspace   ] GC(1910) Metaspace: 23216K(23552K)->23216K(23552K) NonClass: 20418K(20608K)->20418K(20608K) Class: 2798K(2944K)->2798K(2944K)
[1297.344s][info][gc             ] GC(1910) Pause Young (Allocation Failure) 1415M->936M(1979M) 394.705ms
[1297.344s][info][gc,cpu         ] GC(1910) User=0.41s Sys=0.00s Real=0.39s
[1297.502s][info][gc,start       ] GC(1911) Pause Young (Allocation Failure)
[1297.972s][info][gc,heap        ] GC(1911) DefNew: 629119K(629120K)->69888K(629120K) Eden: 559232K(559232K)->0K(559232K) From: 69887K(69888K)->69888K(69888K)
[1297.972s][info][gc,heap        ] GC(1911) Tenured: 889171K(1398144K)->950459K(1398144K)
[1297.972s][info][gc,metaspace   ] GC(1911) Metaspace: 23216K(23552K)->23216K(23552K) NonClass: 20418K(20608K)->20418K(20608K) Class: 2798K(2944K)->2798K(2944K)
[1297.972s][info][gc             ] GC(1911) Pause Young (Allocation Failure) 1482M->996M(1979M) 469.673ms
[1297.972s][info][gc,cpu         ] GC(1911) User=0.48s Sys=0.00s Real=0.46s
[1298.470s][info][gc,start       ] GC(1912) Pause Young (Allocation Failure)
[1298.779s][info][gc,heap        ] GC(1912) DefNew: 629120K(629120K)->57756K(629120K) Eden: 559232K(559232K)->0K(559232K) From: 69888K(69888K)->57756K(69888K)
[1298.779s][info][gc,heap        ] GC(1912) Tenured: 950459K(1398144K)->986563K(1398144K)
[1298.779s][info][gc,metaspace   ] GC(1912) Metaspace: 23216K(23552K)->23216K(23552K) NonClass: 20418K(20608K)->20418K(20608K) Class: 2798K(2944K)->2798K(2944K)
[1298.779s][info][gc             ] GC(1912) Pause Young (Allocation Failure) 1542M->1019M(1979M) 309.634ms
[1298.779s][info][gc,cpu         ] GC(1912) User=0.31s Sys=0.00s Real=0.31s
[1298.918s][info][gc,start       ] GC(1913) Pause Young (Allocation Failure)
[1299.346s][info][gc,heap        ] GC(1913) DefNew: 616988K(629120K)->69887K(629120K) Eden: 559232K(559232K)->0K(559232K) From: 57756K(69888K)->69887K(69888K)
[1299.346s][info][gc,heap        ] GC(1913) Tenured: 986563K(1398144K)->1038769K(1398144K)
[1299.346s][info][gc,metaspace   ] GC(1913) Metaspace: 23216K(23552K)->23216K(23552K) NonClass: 20418K(20608K)->20418K(20608K) Class: 2798K(2944K)->2798K(2944K)
[1299.346s][info][gc             ] GC(1913) Pause Young (Allocation Failure) 1565M->1082M(1979M) 427.593ms
[1299.346s][info][gc,cpu         ] GC(1913) User=0.41s Sys=0.00s Real=0.41s
[1299.769s][info][gc,start       ] GC(1914) Pause Young (Allocation Failure)
[1300.138s][info][gc,heap        ] GC(1914) DefNew: 629119K(629120K)->62867K(629120K) Eden: 559232K(559232K)->0K(559232K) From: 69887K(69888K)->62867K(69888K)
[1300.138s][info][gc,heap        ] GC(1914) Tenured: 1038769K(1398144K)->1077833K(1398144K)
[1300.138s][info][gc,metaspace   ] GC(1914) Metaspace: 23216K(23552K)->23216K(23552K) NonClass: 20418K(20608K)->20418K(20608K) Class: 2798K(2944K)->2798K(2944K)
[1300.138s][info][gc             ] GC(1914) Pause Young (Allocation Failure) 1628M->1113M(1979M) 368.950ms
[1300.138s][info][gc,cpu         ] GC(1914) User=0.34s Sys=0.00s Real=0.37s
[1300.504s][info][gc,start       ] GC(1915) Pause Young (Allocation Failure)
[1300.849s][info][gc,heap        ] GC(1915) DefNew: 622099K(629120K)->69888K(629120K) Eden: 559232K(559232K)->0K(559232K) From: 62867K(69888K)->69888K(69888K)
[1300.849s][info][gc,heap        ] GC(1915) Tenured: 1077833K(1398144K)->1115236K(1398144K)
[1300.849s][info][gc,metaspace   ] GC(1915) Metaspace: 23216K(23552K)->23216K(23552K) NonClass: 20418K(20608K)->20418K(20608K) Class: 2798K(2944K)->2798K(2944K)
[1300.849s][info][gc             ] GC(1915) Pause Young (Allocation Failure) 1660M->1157M(1979M) 345.026ms
[1300.849s][info][gc,cpu         ] GC(1915) User=0.31s Sys=0.00s Real=0.35s
[1301.000s][info][gc,start       ] GC(1916) Pause Young (Allocation Failure)
[1301.465s][info][gc,heap        ] GC(1916) DefNew: 629120K(629120K)->69887K(629120K) Eden: 559232K(559232K)->0K(559232K) From: 69888K(69888K)->69887K(69888K)
[1301.465s][info][gc,heap        ] GC(1916) Tenured: 1115236K(1398144K)->1182284K(1398144K)
[1301.465s][info][gc,metaspace   ] GC(1916) Metaspace: 23216K(23552K)->23216K(23552K) NonClass: 20418K(20608K)->20418K(20608K) Class: 2798K(2944K)->2798K(2944K)
[1301.465s][info][gc             ] GC(1916) Pause Young (Allocation Failure) 1703M->1222M(1979M) 465.508ms
[1301.465s][info][gc,cpu         ] GC(1916) User=0.41s Sys=0.00s Real=0.47s
[1301.982s][info][gc,start       ] GC(1917) Pause Young (Allocation Failure)
[1302.259s][info][gc,heap        ] GC(1917) DefNew: 629119K(629120K)->47991K(629120K) Eden: 559232K(559232K)->0K(559232K) From: 69887K(69888K)->47991K(69888K)
[1302.260s][info][gc,heap        ] GC(1917) Tenured: 1182284K(1398144K)->1218417K(1398144K)
[1302.260s][info][gc,metaspace   ] GC(1917) Metaspace: 23216K(23552K)->23216K(23552K) NonClass: 20418K(20608K)->20418K(20608K) Class: 2798K(2944K)->2798K(2944K)
[1302.260s][info][gc             ] GC(1917) Pause Young (Allocation Failure) 1768M->1236M(1979M) 277.685ms
[1302.260s][info][gc,cpu         ] GC(1917) User=0.27s Sys=0.00s Real=0.28s
[1302.404s][info][gc,start       ] GC(1918) Pause Young (Allocation Failure)
[1302.826s][info][gc,heap        ] GC(1918) DefNew: 607223K(629120K)->69887K(629120K) Eden: 559232K(559232K)->0K(559232K) From: 47991K(69888K)->69887K(69888K)
[1302.826s][info][gc,heap        ] GC(1918) Tenured: 1218417K(1398144K)->1265809K(1398144K)
[1302.826s][info][gc,metaspace   ] GC(1918) Metaspace: 23216K(23552K)->23216K(23552K) NonClass: 20418K(20608K)->20418K(20608K) Class: 2798K(2944K)->2798K(2944K)
[1302.826s][info][gc             ] GC(1918) Pause Young (Allocation Failure) 1782M->1304M(1979M) 422.111ms
[1302.826s][info][gc,cpu         ] GC(1918) User=0.42s Sys=0.00s Real=0.42s
[1303.037s][info][gc,start       ] GC(1919) Pause Young (Allocation Failure)
[1303.519s][info][gc,heap        ] GC(1919) DefNew: 629119K(629120K)->69888K(629120K) Eden: 559232K(559232K)->0K(559232K) From: 69887K(69888K)->69888K(69888K)
[1303.519s][info][gc,heap        ] GC(1919) Tenured: 1265809K(1398144K)->1322518K(1398144K)
[1303.519s][info][gc,metaspace   ] GC(1919) Metaspace: 23216K(23552K)->23216K(23552K) NonClass: 20418K(20608K)->20418K(20608K) Class: 2798K(2944K)->2798K(2944K)
[1303.519s][info][gc             ] GC(1919) Pause Young (Allocation Failure) 1850M->1359M(1979M) 481.718ms
[1303.519s][info][gc,cpu         ] GC(1919) User=0.45s Sys=0.02s Real=0.49s
[1303.947s][info][gc,start       ] GC(1920) Pause Full (System.gc())
[1303.947s][info][gc,phases,start] GC(1920) Phase 1: Mark live objects
[1304.143s][info][gc,phases      ] GC(1920) Phase 1: Mark live objects 195.478ms
[1304.143s][info][gc,phases,start] GC(1920) Phase 2: Compute new object addresses
[1304.388s][info][gc,phases      ] GC(1920) Phase 2: Compute new object addresses 245.376ms
[1304.388s][info][gc,phases,start] GC(1920) Phase 3: Adjust pointers
[1304.478s][info][gc,phases      ] GC(1920) Phase 3: Adjust pointers 90.220ms
[1304.478s][info][gc,phases,start] GC(1920) Phase 4: Move objects
[1304.516s][info][gc,phases      ] GC(1920) Phase 4: Move objects 37.950ms
[1304.517s][info][gc,heap        ] GC(1920) DefNew: 322376K(629120K)->0K(629120K) Eden: 252488K(559232K)->0K(559232K) From: 69888K(69888K)->0K(69888K)
[1304.517s][info][gc,heap        ] GC(1920) Tenured: 1322518K(1398144K)->141344K(1398144K)
[1304.517s][info][gc,metaspace   ] GC(1920) Metaspace: 23216K(23552K)->23216K(23552K) NonClass: 20418K(20608K)->20418K(20608K) Class: 2798K(2944K)->2798K(2944K)
[1304.517s][info][gc             ] GC(1920) Pause Full (System.gc()) 1606M->138M(1979M) 569.675ms
[1304.517s][info][gc,cpu         ] GC(1920) User=0.52s Sys=0.00s Real=0.57s
[1304.656s][info][gc,start       ] GC(1921) Pause Young (Allocation Failure)
[1304.955s][info][gc,heap        ] GC(1921) DefNew: 559232K(629120K)->69336K(629120K) Eden: 559232K(559232K)->0K(559232K) From: 0K(69888K)->69336K(69888K)
[1304.955s][info][gc,heap        ] GC(1921) Tenured: 141344K(1398144K)->141344K(1398144K)
[1304.955s][info][gc,metaspace   ] GC(1921) Metaspace: 23216K(23552K)->23216K(23552K) NonClass: 20418K(20608K)->20418K(20608K) Class: 2798K(2944K)->2798K(2944K)
[1304.955s][info][gc             ] GC(1921) Pause Young (Allocation Failure) 684M->205M(1979M) 299.247ms
[1304.955s][info][gc,cpu         ] GC(1921) User=0.30s Sys=0.00s Real=0.30s
[1305.118s][info][gc,start       ] GC(1922) Pause Young (Allocation Failure)
[1305.600s][info][gc,heap        ] GC(1922) DefNew: 628568K(629120K)->69888K(629120K) Eden: 559232K(559232K)->0K(559232K) From: 69336K(69888K)->69888K(69888K)
[1305.600s][info][gc,heap        ] GC(1922) Tenured: 141344K(1398144K)->208580K(1398144K)
[1305.600s][info][gc,metaspace   ] GC(1922) Metaspace: 23216K(23552K)->23216K(23552K) NonClass: 20418K(20608K)->20418K(20608K) Class: 2798K(2944K)->2798K(2944K)
[1305.600s][info][gc             ] GC(1922) Pause Young (Allocation Failure) 751M->271M(1979M) 481.672ms
[1305.600s][info][gc,cpu         ] GC(1922) User=0.48s Sys=0.00s Real=0.49s
[1306.182s][info][gc,start       ] GC(1923) Pause Young (Allocation Failure)
[1306.499s][info][gc,heap        ] GC(1923) DefNew: 629120K(629120K)->57161K(629120K) Eden: 559232K(559232K)->0K(559232K) From: 69888K(69888K)->57161K(69888K)
[1306.500s][info][gc,heap        ] GC(1923) Tenured: 208580K(1398144K)->245972K(1398144K)
[1306.500s][info][gc,metaspace   ] GC(1923) Metaspace: 23216K(23552K)->23216K(23552K) NonClass: 20418K(20608K)->20418K(20608K) Class: 2798K(2944K)->2798K(2944K)
[1306.500s][info][gc             ] GC(1923) Pause Young (Allocation Failure) 818M->296M(1979M) 317.101ms
[1306.500s][info][gc,cpu         ] GC(1923) User=0.31s Sys=0.00s Real=0.31s
[1306.646s][info][gc,start       ] GC(1924) Pause Young (Allocation Failure)
[1307.074s][info][gc,heap        ] GC(1924) DefNew: 616393K(629120K)->69888K(629120K) Eden: 559232K(559232K)->0K(559232K) From: 57161K(69888K)->69888K(69888K)
[1307.074s][info][gc,heap        ] GC(1924) Tenured: 245972K(1398144K)->301531K(1398144K)
[1307.074s][info][gc,metaspace   ] GC(1924) Metaspace: 23216K(23552K)->23216K(23552K) NonClass: 20418K(20608K)->20418K(20608K) Class: 2798K(2944K)->2798K(2944K)
[1307.074s][info][gc             ] GC(1924) Pause Young (Allocation Failure) 842M->362M(1979M) 427.439ms
[1307.074s][info][gc,cpu         ] GC(1924) User=0.42s Sys=0.00s Real=0.42s
[1307.368s][info][gc,start       ] GC(1925) Pause Young (Allocation Failure)
[1307.711s][info][gc,heap        ] GC(1925) DefNew: 629120K(629120K)->67754K(629120K) Eden: 559232K(559232K)->0K(559232K) From: 69888K(69888K)->67754K(69888K)
[1307.711s][info][gc,heap        ] GC(1925) Tenured: 301531K(1398144K)->344235K(1398144K)
[1307.711s][info][gc,metaspace   ] GC(1925) Metaspace: 23216K(23552K)->23216K(23552K) NonClass: 20418K(20608K)->20418K(20608K) Class: 2798K(2944K)->2798K(2944K)
[1307.711s][info][gc             ] GC(1925) Pause Young (Allocation Failure) 908M->402M(1979M) 342.998ms
[1307.711s][info][gc,cpu         ] GC(1925) User=0.34s Sys=0.00s Real=0.35s
[1308.089s][info][gc,start       ] GC(1926) Pause Young (Allocation Failure)
[1308.376s][info][gc,heap        ] GC(1926) DefNew: 626986K(629120K)->60725K(629120K) Eden: 559232K(559232K)->0K(559232K) From: 67754K(69888K)->60725K(69888K)
[1308.376s][info][gc,heap        ] GC(1926) Tenured: 344235K(1398144K)->379759K(1398144K)
[1308.376s][info][gc,metaspace   ] GC(1926) Metaspace: 23216K(23552K)->23216K(23552K) NonClass: 20418K(20608K)->20418K(20608K) Class: 2798K(2944K)->2798K(2944K)
[1308.376s][info][gc             ] GC(1926) Pause Young (Allocation Failure) 948M->430M(1979M) 287.108ms
[1308.376s][info][gc,cpu         ] GC(1926) User=0.25s Sys=0.00s Real=0.28s
[1308.524s][info][gc,start       ] GC(1927) Pause Young (Allocation Failure)
[1308.968s][info][gc,heap        ] GC(1927) DefNew: 619957K(629120K)->69888K(629120K) Eden: 559232K(559232K)->0K(559232K) From: 60725K(69888K)->69888K(69888K)
[1308.968s][info][gc,heap        ] GC(1927) Tenured: 379759K(1398144K)->436746K(1398144K)
[1308.968s][info][gc,metaspace   ] GC(1927) Metaspace: 23216K(23552K)->23216K(23552K) NonClass: 20418K(20608K)->20418K(20608K) Class: 2798K(2944K)->2798K(2944K)
[1308.968s][info][gc             ] GC(1927) Pause Young (Allocation Failure) 976M->494M(1979M) 443.681ms
[1308.968s][info][gc,cpu         ] GC(1927) User=0.44s Sys=0.00s Real=0.44s
[1309.504s][info][gc,start       ] GC(1928) Pause Young (Allocation Failure)
[1309.751s][info][gc,heap        ] GC(1928) DefNew: 629120K(629120K)->43040K(629120K) Eden: 559232K(559232K)->0K(559232K) From: 69888K(69888K)->43040K(69888K)
[1309.751s][info][gc,heap        ] GC(1928) Tenured: 436746K(1398144K)->474525K(1398144K)
[1309.751s][info][gc,metaspace   ] GC(1928) Metaspace: 23216K(23552K)->23216K(23552K) NonClass: 20418K(20608K)->20418K(20608K) Class: 2798K(2944K)->2798K(2944K)
[1309.751s][info][gc             ] GC(1928) Pause Young (Allocation Failure) 1040M->505M(1979M) 247.431ms
[1309.751s][info][gc,cpu         ] GC(1928) User=0.23s Sys=0.00s Real=0.25s
[1309.938s][info][gc,start       ] GC(1929) Pause Young (Allocation Failure)
[1310.295s][info][gc,heap        ] GC(1929) DefNew: 602272K(629120K)->69888K(629120K) Eden: 559232K(559232K)->0K(559232K) From: 43040K(69888K)->69888K(69888K)
[1310.295s][info][gc,heap        ] GC(1929) Tenured: 474525K(1398144K)->515887K(1398144K)
[1310.295s][info][gc,metaspace   ] GC(1929) Metaspace: 23216K(23552K)->23216K(23552K) NonClass: 20418K(20608K)->20418K(20608K) Class: 2798K(2944K)->2798K(2944K)
[1310.295s][info][gc             ] GC(1929) Pause Young (Allocation Failure) 1051M->572M(1979M) 357.728ms
[1310.295s][info][gc,cpu         ] GC(1929) User=0.38s Sys=0.00s Real=0.36s
[1310.440s][info][gc,start       ] GC(1930) Pause Young (Allocation Failure)
[1310.932s][info][gc,heap        ] GC(1930) DefNew: 629120K(629120K)->69888K(629120K) Eden: 559232K(559232K)->0K(559232K) From: 69888K(69888K)->69888K(69888K)
[1310.932s][info][gc,heap        ] GC(1930) Tenured: 515887K(1398144K)->585651K(1398144K)
[1310.932s][info][gc,metaspace   ] GC(1930) Metaspace: 23216K(23552K)->23216K(23552K) NonClass: 20418K(20608K)->20418K(20608K) Class: 2798K(2944K)->2798K(2944K)
[1310.932s][info][gc             ] GC(1930) Pause Young (Allocation Failure) 1118M->640M(1979M) 492.698ms
[1310.932s][info][gc,cpu         ] GC(1930) User=0.48s Sys=0.00s Real=0.49s
[1311.461s][info][gc,start       ] GC(1931) Pause Young (Allocation Failure)
[1311.759s][info][gc,heap        ] GC(1931) DefNew: 629120K(629120K)->59085K(629120K) Eden: 559232K(559232K)->0K(559232K) From: 69888K(69888K)->59085K(69888K)
[1311.759s][info][gc,heap        ] GC(1931) Tenured: 585651K(1398144K)->620232K(1398144K)
[1311.759s][info][gc,metaspace   ] GC(1931) Metaspace: 23216K(23552K)->23216K(23552K) NonClass: 20418K(20608K)->20418K(20608K) Class: 2798K(2944K)->2798K(2944K)
[1311.759s][info][gc             ] GC(1931) Pause Young (Allocation Failure) 1186M->663M(1979M) 298.782ms
[1311.759s][info][gc,cpu         ] GC(1931) User=0.28s Sys=0.00s Real=0.30s
[1311.910s][info][gc,start       ] GC(1932) Pause Young (Allocation Failure)
[1312.334s][info][gc,heap        ] GC(1932) DefNew: 618317K(629120K)->69888K(629120K) Eden: 559232K(559232K)->0K(559232K) From: 59085K(69888K)->69888K(69888K)
[1312.334s][info][gc,heap        ] GC(1932) Tenured: 620232K(1398144K)->675669K(1398144K)
[1312.334s][info][gc,metaspace   ] GC(1932) Metaspace: 23216K(23552K)->23216K(23552K) NonClass: 20418K(20608K)->20418K(20608K) Class: 2798K(2944K)->2798K(2944K)
[1312.334s][info][gc             ] GC(1932) Pause Young (Allocation Failure) 1209M->728M(1979M) 423.778ms
[1312.334s][info][gc,cpu         ] GC(1932) User=0.31s Sys=0.00s Real=0.42s
[1312.736s][info][gc,start       ] GC(1933) Pause Young (Allocation Failure)
[1313.068s][info][gc,heap        ] GC(1933) DefNew: 629120K(629120K)->66694K(629120K) Eden: 559232K(559232K)->0K(559232K) From: 69888K(69888K)->66694K(69888K)
[1313.068s][info][gc,heap        ] GC(1933) Tenured: 675669K(1398144K)->711856K(1398144K)
[1313.068s][info][gc,metaspace   ] GC(1933) Metaspace: 23216K(23552K)->23216K(23552K) NonClass: 20418K(20608K)->20418K(20608K) Class: 2798K(2944K)->2798K(2944K)
[1313.068s][info][gc             ] GC(1933) Pause Young (Allocation Failure) 1274M->760M(1979M) 331.517ms
[1313.068s][info][gc,cpu         ] GC(1933) User=0.33s Sys=0.00s Real=0.33s
[1313.392s][info][gc,start       ] GC(1934) Pause Young (Allocation Failure)
[1313.712s][info][gc,heap        ] GC(1934) DefNew: 625926K(629120K)->66457K(629120K) Eden: 559232K(559232K)->0K(559232K) From: 66694K(69888K)->66457K(69888K)
[1313.712s][info][gc,heap        ] GC(1934) Tenured: 711856K(1398144K)->748674K(1398144K)
[1313.712s][info][gc,metaspace   ] GC(1934) Metaspace: 23216K(23552K)->23216K(23552K) NonClass: 20418K(20608K)->20418K(20608K) Class: 2798K(2944K)->2798K(2944K)
[1313.712s][info][gc             ] GC(1934) Pause Young (Allocation Failure) 1306M->796M(1979M) 320.106ms
[1313.712s][info][gc,cpu         ] GC(1934) User=0.27s Sys=0.00s Real=0.32s
[1313.872s][info][gc,start       ] GC(1935) Pause Young (Allocation Failure)
[1314.343s][info][gc,heap        ] GC(1935) DefNew: 625689K(629120K)->69888K(629120K) Eden: 559232K(559232K)->0K(559232K) From: 66457K(69888K)->69888K(69888K)
[1314.343s][info][gc,heap        ] GC(1935) Tenured: 748674K(1398144K)->811322K(1398144K)
[1314.343s][info][gc,metaspace   ] GC(1935) Metaspace: 23216K(23552K)->23216K(23552K) NonClass: 20418K(20608K)->20418K(20608K) Class: 2798K(2944K)->2798K(2944K)
[1314.343s][info][gc             ] GC(1935) Pause Young (Allocation Failure) 1342M->860M(1979M) 470.646ms
[1314.343s][info][gc,cpu         ] GC(1935) User=0.47s Sys=0.00s Real=0.47s
[1314.955s][info][gc,start       ] GC(1936) Pause Young (Allocation Failure)
[1315.223s][info][gc,heap        ] GC(1936) DefNew: 629120K(629120K)->47711K(629120K) Eden: 559232K(559232K)->0K(559232K) From: 69888K(69888K)->47711K(69888K)
[1315.223s][info][gc,heap        ] GC(1936) Tenured: 811322K(1398144K)->847473K(1398144K)
[1315.223s][info][gc,metaspace   ] GC(1936) Metaspace: 23216K(23552K)->23216K(23552K) NonClass: 20418K(20608K)->20418K(20608K) Class: 2798K(2944K)->2798K(2944K)
[1315.223s][info][gc             ] GC(1936) Pause Young (Allocation Failure) 1406M->874M(1979M) 268.246ms
[1315.223s][info][gc,cpu         ] GC(1936) User=0.27s Sys=0.00s Real=0.27s
[1315.369s][info][gc,start       ] GC(1937) Pause Young (Allocation Failure)
[1315.761s][info][gc,heap        ] GC(1937) DefNew: 606943K(629120K)->69887K(629120K) Eden: 559232K(559232K)->0K(559232K) From: 47711K(69888K)->69887K(69888K)
[1315.761s][info][gc,heap        ] GC(1937) Tenured: 847473K(1398144K)->895602K(1398144K)
[1315.761s][info][gc,metaspace   ] GC(1937) Metaspace: 23216K(23552K)->23216K(23552K) NonClass: 20418K(20608K)->20418K(20608K) Class: 2798K(2944K)->2798K(2944K)
[1315.761s][info][gc             ] GC(1937) Pause Young (Allocation Failure) 1420M->942M(1979M) 392.279ms
[1315.761s][info][gc,cpu         ] GC(1937) User=0.36s Sys=0.02s Real=0.39s
[1315.955s][info][gc,start       ] GC(1938) Pause Young (Allocation Failure)
[1316.449s][info][gc,heap        ] GC(1938) DefNew: 629119K(629120K)->69888K(629120K) Eden: 559232K(559232K)->0K(559232K) From: 69887K(69888K)->69888K(69888K)
[1316.449s][info][gc,heap        ] GC(1938) Tenured: 895602K(1398144K)->959158K(1398144K)
[1316.449s][info][gc,metaspace   ] GC(1938) Metaspace: 23216K(23552K)->23216K(23552K) NonClass: 20418K(20608K)->20418K(20608K) Class: 2798K(2944K)->2798K(2944K)
[1316.449s][info][gc             ] GC(1938) Pause Young (Allocation Failure) 1488M->1004M(1979M) 493.916ms
[1316.449s][info][gc,cpu         ] GC(1938) User=0.45s Sys=0.00s Real=0.50s
[1316.936s][info][gc,start       ] GC(1939) Pause Young (Allocation Failure)
[1317.256s][info][gc,heap        ] GC(1939) DefNew: 629120K(629120K)->59475K(629120K) Eden: 559232K(559232K)->0K(559232K) From: 69888K(69888K)->59475K(69888K)
[1317.256s][info][gc,heap        ] GC(1939) Tenured: 959158K(1398144K)->993132K(1398144K)
[1317.256s][info][gc,metaspace   ] GC(1939) Metaspace: 23216K(23552K)->23216K(23552K) NonClass: 20418K(20608K)->20418K(20608K) Class: 2798K(2944K)->2798K(2944K)
[1317.256s][info][gc             ] GC(1939) Pause Young (Allocation Failure) 1551M->1027M(1979M) 319.849ms
[1317.256s][info][gc,cpu         ] GC(1939) User=0.31s Sys=0.00s Real=0.31s
[1317.397s][info][gc,start       ] GC(1940) Pause Young (Allocation Failure)
[1317.823s][info][gc,heap        ] GC(1940) DefNew: 618707K(629120K)->69887K(629120K) Eden: 559232K(559232K)->0K(559232K) From: 59475K(69888K)->69887K(69888K)
[1317.824s][info][gc,heap        ] GC(1940) Tenured: 993132K(1398144K)->1046293K(1398144K)
[1317.824s][info][gc,metaspace   ] GC(1940) Metaspace: 23216K(23552K)->23216K(23552K) NonClass: 20418K(20608K)->20418K(20608K) Class: 2798K(2944K)->2798K(2944K)
[1317.824s][info][gc             ] GC(1940) Pause Young (Allocation Failure) 1574M->1090M(1979M) 426.774ms
[1317.824s][info][gc,cpu         ] GC(1940) User=0.39s Sys=0.00s Real=0.44s
[1318.279s][info][gc,start       ] GC(1941) Pause Young (Allocation Failure)
[1318.603s][info][gc,heap        ] GC(1941) DefNew: 629119K(629120K)->61094K(629120K) Eden: 559232K(559232K)->0K(559232K) From: 69887K(69888K)->61094K(69888K)
[1318.603s][info][gc,heap        ] GC(1941) Tenured: 1046293K(1398144K)->1080320K(1398144K)
[1318.603s][info][gc,metaspace   ] GC(1941) Metaspace: 23216K(23552K)->23216K(23552K) NonClass: 20418K(20608K)->20418K(20608K) Class: 2798K(2944K)->2798K(2944K)
[1318.603s][info][gc             ] GC(1941) Pause Young (Allocation Failure) 1636M->1114M(1979M) 324.209ms
[1318.603s][info][gc,cpu         ] GC(1941) User=0.31s Sys=0.00s Real=0.34s
[1318.902s][info][gc,start       ] GC(1942) Pause Young (Allocation Failure)
[1319.258s][info][gc,heap        ] GC(1942) DefNew: 620326K(629120K)->69887K(629120K) Eden: 559232K(559232K)->0K(559232K) From: 61094K(69888K)->69887K(69888K)
[1319.258s][info][gc,heap        ] GC(1942) Tenured: 1080320K(1398144K)->1118204K(1398144K)
[1319.258s][info][gc,metaspace   ] GC(1942) Metaspace: 23216K(23552K)->23216K(23552K) NonClass: 20418K(20608K)->20418K(20608K) Class: 2798K(2944K)->2798K(2944K)
[1319.258s][info][gc             ] GC(1942) Pause Young (Allocation Failure) 1660M->1160M(1979M) 356.153ms
[1319.258s][info][gc,cpu         ] GC(1942) User=0.36s Sys=0.00s Real=0.34s
[1319.414s][info][gc,start       ] GC(1943) Pause Young (Allocation Failure)
[1319.899s][info][gc,heap        ] GC(1943) DefNew: 629119K(629120K)->69888K(629120K) Eden: 559232K(559232K)->0K(559232K) From: 69887K(69888K)->69888K(69888K)
[1319.899s][info][gc,heap        ] GC(1943) Tenured: 1118204K(1398144K)->1184711K(1398144K)
[1319.899s][info][gc,metaspace   ] GC(1943) Metaspace: 23216K(23552K)->23216K(23552K) NonClass: 20418K(20608K)->20418K(20608K) Class: 2798K(2944K)->2798K(2944K)
[1319.899s][info][gc             ] GC(1943) Pause Young (Allocation Failure) 1706M->1225M(1979M) 485.220ms
[1319.899s][info][gc,cpu         ] GC(1943) User=0.47s Sys=0.00s Real=0.48s
[1320.576s][info][gc,start       ] GC(1944) Pause Young (Allocation Failure)
[1320.868s][info][gc,heap        ] GC(1944) DefNew: 629120K(629120K)->52371K(629120K) Eden: 559232K(559232K)->0K(559232K) From: 69888K(69888K)->52371K(69888K)
[1320.868s][info][gc,heap        ] GC(1944) Tenured: 1184711K(1398144K)->1220414K(1398144K)
[1320.868s][info][gc,metaspace   ] GC(1944) Metaspace: 23216K(23552K)->23216K(23552K) NonClass: 20418K(20608K)->20418K(20608K) Class: 2798K(2944K)->2798K(2944K)
[1320.868s][info][gc             ] GC(1944) Pause Young (Allocation Failure) 1771M->1242M(1979M) 291.940ms
[1320.868s][info][gc,cpu         ] GC(1944) User=0.28s Sys=0.00s Real=0.28s
[1321.003s][info][gc,start       ] GC(1945) Pause Young (Allocation Failure)
[1321.413s][info][gc,heap        ] GC(1945) DefNew: 611603K(629120K)->69887K(629120K) Eden: 559232K(559232K)->0K(559232K) From: 52371K(69888K)->69887K(69888K)
[1321.413s][info][gc,heap        ] GC(1945) Tenured: 1220414K(1398144K)->1267721K(1398144K)
[1321.413s][info][gc,metaspace   ] GC(1945) Metaspace: 23216K(23552K)->23216K(23552K) NonClass: 20418K(20608K)->20418K(20608K) Class: 2798K(2944K)->2798K(2944K)
[1321.413s][info][gc             ] GC(1945) Pause Young (Allocation Failure) 1789M->1306M(1979M) 409.641ms
[1321.413s][info][gc,cpu         ] GC(1945) User=0.38s Sys=0.00s Real=0.41s
[1321.640s][info][gc,start       ] GC(1946) Pause Young (Allocation Failure)
[1322.113s][info][gc,heap        ] GC(1946) DefNew: 629119K(629120K)->69888K(629120K) Eden: 559232K(559232K)->0K(559232K) From: 69887K(69888K)->69888K(69888K)
[1322.113s][info][gc,heap        ] GC(1946) Tenured: 1267721K(1398144K)->1323397K(1398144K)
[1322.113s][info][gc,metaspace   ] GC(1946) Metaspace: 23216K(23552K)->23216K(23552K) NonClass: 20418K(20608K)->20418K(20608K) Class: 2798K(2944K)->2798K(2944K)
[1322.113s][info][gc             ] GC(1946) Pause Young (Allocation Failure) 1852M->1360M(1979M) 472.452ms
[1322.113s][info][gc,cpu         ] GC(1946) User=0.45s Sys=0.00s Real=0.47s
[1322.527s][info][gc,start       ] GC(1947) Pause Full (System.gc())
[1322.528s][info][gc,phases,start] GC(1947) Phase 1: Mark live objects
[1322.719s][info][gc,phases      ] GC(1947) Phase 1: Mark live objects 191.496ms
[1322.719s][info][gc,phases,start] GC(1947) Phase 2: Compute new object addresses
[1322.965s][info][gc,phases      ] GC(1947) Phase 2: Compute new object addresses 245.458ms
[1322.965s][info][gc,phases,start] GC(1947) Phase 3: Adjust pointers
[1323.056s][info][gc,phases      ] GC(1947) Phase 3: Adjust pointers 90.933ms
[1323.056s][info][gc,phases,start] GC(1947) Phase 4: Move objects
[1323.094s][info][gc,phases      ] GC(1947) Phase 4: Move objects 38.531ms
[1323.094s][info][gc,heap        ] GC(1947) DefNew: 331311K(629120K)->0K(629120K) Eden: 261423K(559232K)->0K(559232K) From: 69888K(69888K)->0K(69888K)
[1323.094s][info][gc,heap        ] GC(1947) Tenured: 1323397K(1398144K)->105017K(1398144K)
[1323.094s][info][gc,metaspace   ] GC(1947) Metaspace: 23216K(23552K)->23216K(23552K) NonClass: 20418K(20608K)->20418K(20608K) Class: 2798K(2944K)->2798K(2944K)
[1323.095s][info][gc             ] GC(1947) Pause Full (System.gc()) 1615M->102M(1979M) 567.074ms
[1323.095s][info][gc,cpu         ] GC(1947) User=0.53s Sys=0.00s Real=0.57s
[1323.248s][info][gc,start       ] GC(1948) Pause Young (Allocation Failure)
[1323.552s][info][gc,heap        ] GC(1948) DefNew: 559232K(629120K)->69887K(629120K) Eden: 559232K(559232K)->0K(559232K) From: 0K(69888K)->69887K(69888K)
[1323.552s][info][gc,heap        ] GC(1948) Tenured: 105017K(1398144K)->107903K(1398144K)
[1323.552s][info][gc,metaspace   ] GC(1948) Metaspace: 23216K(23552K)->23216K(23552K) NonClass: 20418K(20608K)->20418K(20608K) Class: 2798K(2944K)->2798K(2944K)
[1323.552s][info][gc             ] GC(1948) Pause Young (Allocation Failure) 648M->173M(1979M) 304.517ms
[1323.553s][info][gc,cpu         ] GC(1948) User=0.31s Sys=0.00s Real=0.31s
[1323.701s][info][gc,start       ] GC(1949) Pause Young (Allocation Failure)
[1324.177s][info][gc,heap        ] GC(1949) DefNew: 629119K(629120K)->69888K(629120K) Eden: 559232K(559232K)->0K(559232K) From: 69887K(69888K)->69888K(69888K)
[1324.177s][info][gc,heap        ] GC(1949) Tenured: 107903K(1398144K)->173046K(1398144K)
[1324.177s][info][gc,metaspace   ] GC(1949) Metaspace: 23216K(23552K)->23216K(23552K) NonClass: 20418K(20608K)->20418K(20608K) Class: 2798K(2944K)->2798K(2944K)
[1324.177s][info][gc             ] GC(1949) Pause Young (Allocation Failure) 719M->237M(1979M) 476.050ms
[1324.177s][info][gc,cpu         ] GC(1949) User=0.44s Sys=0.00s Real=0.47s
[1324.732s][info][gc,start       ] GC(1950) Pause Young (Allocation Failure)
[1325.032s][info][gc,heap        ] GC(1950) DefNew: 629120K(629120K)->56418K(629120K) Eden: 559232K(559232K)->0K(559232K) From: 69888K(69888K)->56418K(69888K)
[1325.032s][info][gc,heap        ] GC(1950) Tenured: 173046K(1398144K)->208989K(1398144K)
[1325.032s][info][gc,metaspace   ] GC(1950) Metaspace: 23216K(23552K)->23216K(23552K) NonClass: 20418K(20608K)->20418K(20608K) Class: 2798K(2944K)->2798K(2944K)
[1325.032s][info][gc             ] GC(1950) Pause Young (Allocation Failure) 783M->259M(1979M) 299.743ms
[1325.032s][info][gc,cpu         ] GC(1950) User=0.30s Sys=0.00s Real=0.30s
[1325.182s][info][gc,start       ] GC(1951) Pause Young (Allocation Failure)
[1325.626s][info][gc,heap        ] GC(1951) DefNew: 615650K(629120K)->69888K(629120K) Eden: 559232K(559232K)->0K(559232K) From: 56418K(69888K)->69888K(69888K)
[1325.626s][info][gc,heap        ] GC(1951) Tenured: 208989K(1398144K)->266162K(1398144K)
[1325.626s][info][gc,metaspace   ] GC(1951) Metaspace: 23216K(23552K)->23216K(23552K) NonClass: 20418K(20608K)->20418K(20608K) Class: 2798K(2944K)->2798K(2944K)
[1325.626s][info][gc             ] GC(1951) Pause Young (Allocation Failure) 805M->328M(1979M) 444.737ms
[1325.626s][info][gc,cpu         ] GC(1951) User=0.42s Sys=0.00s Real=0.45s
[1325.997s][info][gc,start       ] GC(1952) Pause Young (Allocation Failure)
[1326.324s][info][gc,heap        ] GC(1952) DefNew: 629120K(629120K)->65824K(629120K) Eden: 559232K(559232K)->0K(559232K) From: 69888K(69888K)->65824K(69888K)
[1326.324s][info][gc,heap        ] GC(1952) Tenured: 266162K(1398144K)->304826K(1398144K)
[1326.324s][info][gc,metaspace   ] GC(1952) Metaspace: 23216K(23552K)->23216K(23552K) NonClass: 20418K(20608K)->20418K(20608K) Class: 2798K(2944K)->2798K(2944K)
[1326.324s][info][gc             ] GC(1952) Pause Young (Allocation Failure) 874M->361M(1979M) 326.328ms
[1326.324s][info][gc,cpu         ] GC(1952) User=0.31s Sys=0.00s Real=0.32s
[1326.648s][info][gc,start       ] GC(1953) Pause Young (Allocation Failure)
[1326.964s][info][gc,heap        ] GC(1953) DefNew: 625056K(629120K)->68041K(629120K) Eden: 559232K(559232K)->0K(559232K) From: 65824K(69888K)->68041K(69888K)
[1326.964s][info][gc,heap        ] GC(1953) Tenured: 304826K(1398144K)->340229K(1398144K)
[1326.964s][info][gc,metaspace   ] GC(1953) Metaspace: 23216K(23552K)->23216K(23552K) NonClass: 20418K(20608K)->20418K(20608K) Class: 2798K(2944K)->2798K(2944K)
[1326.964s][info][gc             ] GC(1953) Pause Young (Allocation Failure) 908M->398M(1979M) 315.645ms
[1326.964s][info][gc,cpu         ] GC(1953) User=0.30s Sys=0.00s Real=0.31s
[1327.118s][info][gc,start       ] GC(1954) Pause Young (Allocation Failure)
[1327.592s][info][gc,heap        ] GC(1954) DefNew: 627273K(629120K)->69888K(629120K) Eden: 559232K(559232K)->0K(559232K) From: 68041K(69888K)->69888K(69888K)
[1327.592s][info][gc,heap        ] GC(1954) Tenured: 340229K(1398144K)->407114K(1398144K)
[1327.592s][info][gc,metaspace   ] GC(1954) Metaspace: 23216K(23552K)->23216K(23552K) NonClass: 20418K(20608K)->20418K(20608K) Class: 2798K(2944K)->2798K(2944K)
[1327.592s][info][gc             ] GC(1954) Pause Young (Allocation Failure) 944M->465M(1979M) 473.874ms
[1327.592s][info][gc,cpu         ] GC(1954) User=0.44s Sys=0.00s Real=0.47s
[1328.162s][info][gc,start       ] GC(1955) Pause Young (Allocation Failure)
[1328.433s][info][gc,heap        ] GC(1955) DefNew: 629120K(629120K)->49645K(629120K) Eden: 559232K(559232K)->0K(559232K) From: 69888K(69888K)->49645K(69888K)
[1328.433s][info][gc,heap        ] GC(1955) Tenured: 407114K(1398144K)->444264K(1398144K)
[1328.433s][info][gc,metaspace   ] GC(1955) Metaspace: 23216K(23552K)->23216K(23552K) NonClass: 20418K(20608K)->20418K(20608K) Class: 2798K(2944K)->2798K(2944K)
[1328.434s][info][gc             ] GC(1955) Pause Young (Allocation Failure) 1011M->482M(1979M) 272.027ms
[1328.434s][info][gc,cpu         ] GC(1955) User=0.28s Sys=0.00s Real=0.27s
[1328.576s][info][gc,start       ] GC(1956) Pause Young (Allocation Failure)
[1328.979s][info][gc,heap        ] GC(1956) DefNew: 608877K(629120K)->69887K(629120K) Eden: 559232K(559232K)->0K(559232K) From: 49645K(69888K)->69887K(69888K)
[1328.979s][info][gc,heap        ] GC(1956) Tenured: 444264K(1398144K)->491245K(1398144K)
[1328.979s][info][gc,metaspace   ] GC(1956) Metaspace: 23216K(23552K)->23216K(23552K) NonClass: 20418K(20608K)->20418K(20608K) Class: 2798K(2944K)->2798K(2944K)
[1328.979s][info][gc             ] GC(1956) Pause Young (Allocation Failure) 1028M->547M(1979M) 403.253ms
[1328.979s][info][gc,cpu         ] GC(1956) User=0.38s Sys=0.00s Real=0.41s
[1329.177s][info][gc,start       ] GC(1957) Pause Young (Allocation Failure)
[1329.646s][info][gc,heap        ] GC(1957) DefNew: 629119K(629120K)->69887K(629120K) Eden: 559232K(559232K)->0K(559232K) From: 69887K(69888K)->69887K(69888K)
[1329.646s][info][gc,heap        ] GC(1957) Tenured: 491245K(1398144K)->545466K(1398144K)
[1329.646s][info][gc,metaspace   ] GC(1957) Metaspace: 23216K(23552K)->23216K(23552K) NonClass: 20418K(20608K)->20418K(20608K) Class: 2798K(2944K)->2798K(2944K)
[1329.646s][info][gc             ] GC(1957) Pause Young (Allocation Failure) 1094M->600M(1979M) 469.423ms
[1329.646s][info][gc,cpu         ] GC(1957) User=0.45s Sys=0.00s Real=0.45s
[1330.129s][info][gc,start       ] GC(1958) Pause Young (Allocation Failure)
[1330.429s][info][gc,heap        ] GC(1958) DefNew: 629119K(629120K)->56906K(629120K) Eden: 559232K(559232K)->0K(559232K) From: 69887K(69888K)->56906K(69888K)
[1330.429s][info][gc,heap        ] GC(1958) Tenured: 545466K(1398144K)->578906K(1398144K)
[1330.430s][info][gc,metaspace   ] GC(1958) Metaspace: 23216K(23552K)->23216K(23552K) NonClass: 20418K(20608K)->20418K(20608K) Class: 2798K(2944K)->2798K(2944K)
[1330.430s][info][gc             ] GC(1958) Pause Young (Allocation Failure) 1147M->620M(1979M) 300.859ms
[1330.430s][info][gc,cpu         ] GC(1958) User=0.30s Sys=0.00s Real=0.30s
[1330.573s][info][gc,start       ] GC(1959) Pause Young (Allocation Failure)
[1331.005s][info][gc,heap        ] GC(1959) DefNew: 616138K(629120K)->69887K(629120K) Eden: 559232K(559232K)->0K(559232K) From: 56906K(69888K)->69887K(69888K)
[1331.005s][info][gc,heap        ] GC(1959) Tenured: 578906K(1398144K)->631591K(1398144K)
[1331.005s][info][gc,metaspace   ] GC(1959) Metaspace: 23216K(23552K)->23216K(23552K) NonClass: 20418K(20608K)->20418K(20608K) Class: 2798K(2944K)->2798K(2944K)
[1331.005s][info][gc             ] GC(1959) Pause Young (Allocation Failure) 1167M->685M(1979M) 432.072ms
[1331.005s][info][gc,cpu         ] GC(1959) User=0.44s Sys=0.00s Real=0.44s
[1331.446s][info][gc,start       ] GC(1960) Pause Young (Allocation Failure)
[1331.745s][info][gc,heap        ] GC(1960) DefNew: 629119K(629120K)->59224K(629120K) Eden: 559232K(559232K)->0K(559232K) From: 69887K(69888K)->59224K(69888K)
[1331.746s][info][gc,heap        ] GC(1960) Tenured: 631591K(1398144K)->668545K(1398144K)
[1331.746s][info][gc,metaspace   ] GC(1960) Metaspace: 23216K(23552K)->23216K(23552K) NonClass: 20418K(20608K)->20418K(20608K) Class: 2798K(2944K)->2798K(2944K)
[1331.746s][info][gc             ] GC(1960) Pause Young (Allocation Failure) 1231M->710M(1979M) 299.743ms
[1331.746s][info][gc,cpu         ] GC(1960) User=0.28s Sys=0.00s Real=0.30s
[1332.058s][info][gc,start       ] GC(1961) Pause Young (Allocation Failure)
[1332.389s][info][gc,heap        ] GC(1961) DefNew: 618456K(629120K)->69888K(629120K) Eden: 559232K(559232K)->0K(559232K) From: 59224K(69888K)->69888K(69888K)
[1332.389s][info][gc,heap        ] GC(1961) Tenured: 668545K(1398144K)->707400K(1398144K)
[1332.389s][info][gc,metaspace   ] GC(1961) Metaspace: 23216K(23552K)->23216K(23552K) NonClass: 20418K(20608K)->20418K(20608K) Class: 2798K(2944K)->2798K(2944K)
[1332.389s][info][gc             ] GC(1961) Pause Young (Allocation Failure) 1256M->759M(1979M) 331.493ms
[1332.389s][info][gc,cpu         ] GC(1961) User=0.31s Sys=0.00s Real=0.33s
[1332.535s][info][gc,start       ] GC(1962) Pause Young (Allocation Failure)
[1333.001s][info][gc,heap        ] GC(1962) DefNew: 629120K(629120K)->69887K(629120K) Eden: 559232K(559232K)->0K(559232K) From: 69888K(69888K)->69887K(69888K)
[1333.001s][info][gc,heap        ] GC(1962) Tenured: 707400K(1398144K)->772156K(1398144K)
[1333.001s][info][gc,metaspace   ] GC(1962) Metaspace: 23216K(23552K)->23216K(23552K) NonClass: 20418K(20608K)->20418K(20608K) Class: 2798K(2944K)->2798K(2944K)
[1333.001s][info][gc             ] GC(1962) Pause Young (Allocation Failure) 1305M->822M(1979M) 465.431ms
[1333.001s][info][gc,cpu         ] GC(1962) User=0.45s Sys=0.00s Real=0.45s
[1333.496s][info][gc,start       ] GC(1963) Pause Young (Allocation Failure)
[1333.773s][info][gc,heap        ] GC(1963) DefNew: 629119K(629120K)->51321K(629120K) Eden: 559232K(559232K)->0K(559232K) From: 69887K(69888K)->51321K(69888K)
[1333.773s][info][gc,heap        ] GC(1963) Tenured: 772156K(1398144K)->807260K(1398144K)
[1333.773s][info][gc,metaspace   ] GC(1963) Metaspace: 23216K(23552K)->23216K(23552K) NonClass: 20418K(20608K)->20418K(20608K) Class: 2798K(2944K)->2798K(2944K)
[1333.773s][info][gc             ] GC(1963) Pause Young (Allocation Failure) 1368M->838M(1979M) 276.485ms
[1333.773s][info][gc,cpu         ] GC(1963) User=0.30s Sys=0.00s Real=0.28s
[1333.922s][info][gc,start       ] GC(1964) Pause Young (Allocation Failure)
[1334.352s][info][gc,heap        ] GC(1964) DefNew: 610553K(629120K)->69888K(629120K) Eden: 559232K(559232K)->0K(559232K) From: 51321K(69888K)->69888K(69888K)
[1334.352s][info][gc,heap        ] GC(1964) Tenured: 807260K(1398144K)->859477K(1398144K)
[1334.352s][info][gc,metaspace   ] GC(1964) Metaspace: 23216K(23552K)->23216K(23552K) NonClass: 20418K(20608K)->20418K(20608K) Class: 2798K(2944K)->2798K(2944K)
[1334.352s][info][gc             ] GC(1964) Pause Young (Allocation Failure) 1384M->907M(1979M) 430.134ms
[1334.352s][info][gc,cpu         ] GC(1964) User=0.42s Sys=0.00s Real=0.42s
[1334.620s][info][gc,start       ] GC(1965) Pause Young (Allocation Failure)
[1335.069s][info][gc,heap        ] GC(1965) DefNew: 629120K(629120K)->69888K(629120K) Eden: 559232K(559232K)->0K(559232K) From: 69888K(69888K)->69888K(69888K)
[1335.069s][info][gc,heap        ] GC(1965) Tenured: 859477K(1398144K)->905460K(1398144K)
[1335.069s][info][gc,metaspace   ] GC(1965) Metaspace: 23216K(23552K)->23216K(23552K) NonClass: 20418K(20608K)->20418K(20608K) Class: 2798K(2944K)->2798K(2944K)
[1335.069s][info][gc             ] GC(1965) Pause Young (Allocation Failure) 1453M->952M(1979M) 448.973ms
[1335.069s][info][gc,cpu         ] GC(1965) User=0.44s Sys=0.00s Real=0.46s
[1335.498s][info][gc,start       ] GC(1966) Pause Young (Allocation Failure)
[1335.804s][info][gc,heap        ] GC(1966) DefNew: 629120K(629120K)->59321K(629120K) Eden: 559232K(559232K)->0K(559232K) From: 69888K(69888K)->59321K(69888K)
[1335.804s][info][gc,heap        ] GC(1966) Tenured: 905460K(1398144K)->940778K(1398144K)
[1335.804s][info][gc,metaspace   ] GC(1966) Metaspace: 23216K(23552K)->23216K(23552K) NonClass: 20418K(20608K)->20418K(20608K) Class: 2798K(2944K)->2798K(2944K)
[1335.804s][info][gc             ] GC(1966) Pause Young (Allocation Failure) 1498M->976M(1979M) 306.192ms
[1335.804s][info][gc,cpu         ] GC(1966) User=0.30s Sys=0.00s Real=0.31s
[1335.955s][info][gc,start       ] GC(1967) Pause Young (Allocation Failure)
[1336.408s][info][gc,heap        ] GC(1967) DefNew: 618553K(629120K)->69888K(629120K) Eden: 559232K(559232K)->0K(559232K) From: 59321K(69888K)->69888K(69888K)
[1336.408s][info][gc,heap        ] GC(1967) Tenured: 940778K(1398144K)->998940K(1398144K)
[1336.408s][info][gc,metaspace   ] GC(1967) Metaspace: 23216K(23552K)->23216K(23552K) NonClass: 20418K(20608K)->20418K(20608K) Class: 2798K(2944K)->2798K(2944K)
[1336.408s][info][gc             ] GC(1967) Pause Young (Allocation Failure) 1522M->1043M(1979M) 452.658ms
[1336.408s][info][gc,cpu         ] GC(1967) User=0.44s Sys=0.00s Real=0.45s
[1336.932s][info][gc,start       ] GC(1968) Pause Young (Allocation Failure)
[1337.195s][info][gc,heap        ] GC(1968) DefNew: 629120K(629120K)->47922K(629120K) Eden: 559232K(559232K)->0K(559232K) From: 69888K(69888K)->47922K(69888K)
[1337.195s][info][gc,heap        ] GC(1968) Tenured: 998940K(1398144K)->1034596K(1398144K)
[1337.195s][info][gc,metaspace   ] GC(1968) Metaspace: 23216K(23552K)->23216K(23552K) NonClass: 20418K(20608K)->20418K(20608K) Class: 2798K(2944K)->2798K(2944K)
[1337.195s][info][gc             ] GC(1968) Pause Young (Allocation Failure) 1589M->1057M(1979M) 262.251ms
[1337.195s][info][gc,cpu         ] GC(1968) User=0.25s Sys=0.00s Real=0.27s
[1337.446s][info][gc,start       ] GC(1969) Pause Young (Allocation Failure)
[1337.818s][info][gc,heap        ] GC(1969) DefNew: 607154K(629120K)->69887K(629120K) Eden: 559232K(559232K)->0K(559232K) From: 47922K(69888K)->69887K(69888K)
[1337.818s][info][gc,heap        ] GC(1969) Tenured: 1034596K(1398144K)->1081871K(1398144K)
[1337.818s][info][gc,metaspace   ] GC(1969) Metaspace: 23216K(23552K)->23216K(23552K) NonClass: 20418K(20608K)->20418K(20608K) Class: 2798K(2944K)->2798K(2944K)
[1337.818s][info][gc             ] GC(1969) Pause Young (Allocation Failure) 1603M->1124M(1979M) 372.291ms
[1337.818s][info][gc,cpu         ] GC(1969) User=0.36s Sys=0.02s Real=0.38s
[1337.964s][info][gc,start       ] GC(1970) Pause Young (Allocation Failure)
[1338.444s][info][gc,heap        ] GC(1970) DefNew: 629119K(629120K)->69887K(629120K) Eden: 559232K(559232K)->0K(559232K) From: 69887K(69888K)->69887K(69888K)
[1338.444s][info][gc,heap        ] GC(1970) Tenured: 1081871K(1398144K)->1150210K(1398144K)
[1338.444s][info][gc,metaspace   ] GC(1970) Metaspace: 23216K(23552K)->23216K(23552K) NonClass: 20418K(20608K)->20418K(20608K) Class: 2798K(2944K)->2798K(2944K)
[1338.444s][info][gc             ] GC(1970) Pause Young (Allocation Failure) 1670M->1191M(1979M) 479.920ms
[1338.444s][info][gc,cpu         ] GC(1970) User=0.45s Sys=0.00s Real=0.48s
[1338.905s][info][gc,start       ] GC(1971) Pause Young (Allocation Failure)
[1339.210s][info][gc,heap        ] GC(1971) DefNew: 629119K(629120K)->58410K(629120K) Eden: 559232K(559232K)->0K(559232K) From: 69887K(69888K)->58410K(69888K)
[1339.210s][info][gc,heap        ] GC(1971) Tenured: 1150210K(1398144K)->1185456K(1398144K)
[1339.210s][info][gc,metaspace   ] GC(1971) Metaspace: 23216K(23552K)->23216K(23552K) NonClass: 20418K(20608K)->20418K(20608K) Class: 2798K(2944K)->2798K(2944K)
[1339.210s][info][gc             ] GC(1971) Pause Young (Allocation Failure) 1737M->1214M(1979M) 305.041ms
[1339.210s][info][gc,cpu         ] GC(1971) User=0.30s Sys=0.00s Real=0.31s
[1339.360s][info][gc,start       ] GC(1972) Pause Young (Allocation Failure)
[1339.798s][info][gc,heap        ] GC(1972) DefNew: 617642K(629120K)->69888K(629120K) Eden: 559232K(559232K)->0K(559232K) From: 58410K(69888K)->69888K(69888K)
[1339.798s][info][gc,heap        ] GC(1972) Tenured: 1185456K(1398144K)->1241298K(1398144K)
[1339.798s][info][gc,metaspace   ] GC(1972) Metaspace: 23216K(23552K)->23216K(23552K) NonClass: 20418K(20608K)->20418K(20608K) Class: 2798K(2944K)->2798K(2944K)
[1339.798s][info][gc             ] GC(1972) Pause Young (Allocation Failure) 1760M->1280M(1979M) 437.709ms
[1339.798s][info][gc,cpu         ] GC(1972) User=0.39s Sys=0.00s Real=0.44s
[1340.219s][info][gc,start       ] GC(1973) Pause Young (Allocation Failure)
[1340.524s][info][gc,heap        ] GC(1973) DefNew: 629120K(629120K)->64357K(629120K) Eden: 559232K(559232K)->0K(559232K) From: 69888K(69888K)->64357K(69888K)
[1340.524s][info][gc,heap        ] GC(1973) Tenured: 1241298K(1398144K)->1277154K(1398144K)
[1340.524s][info][gc,metaspace   ] GC(1973) Metaspace: 23216K(23552K)->23216K(23552K) NonClass: 20418K(20608K)->20418K(20608K) Class: 2798K(2944K)->2798K(2944K)
[1340.524s][info][gc             ] GC(1973) Pause Young (Allocation Failure) 1826M->1310M(1979M) 305.275ms
[1340.524s][info][gc,cpu         ] GC(1973) User=0.30s Sys=0.00s Real=0.31s
[1340.709s][info][gc,start       ] GC(1974) Pause Full (System.gc())
[1340.709s][info][gc,phases,start] GC(1974) Phase 1: Mark live objects
[1340.898s][info][gc,phases      ] GC(1974) Phase 1: Mark live objects 188.587ms
[1340.898s][info][gc,phases,start] GC(1974) Phase 2: Compute new object addresses
[1341.119s][info][gc,phases      ] GC(1974) Phase 2: Compute new object addresses 221.478ms
[1341.120s][info][gc,phases,start] GC(1974) Phase 3: Adjust pointers
[1341.192s][info][gc,phases      ] GC(1974) Phase 3: Adjust pointers 72.069ms
[1341.192s][info][gc,phases,start] GC(1974) Phase 4: Move objects
[1341.221s][info][gc,phases      ] GC(1974) Phase 4: Move objects 28.980ms
[1341.221s][info][gc,heap        ] GC(1974) DefNew: 178290K(629120K)->0K(629120K) Eden: 113933K(559232K)->0K(559232K) From: 64357K(69888K)->0K(69888K)
[1341.221s][info][gc,heap        ] GC(1974) Tenured: 1277154K(1398144K)->167802K(1398144K)
[1341.221s][info][gc,metaspace   ] GC(1974) Metaspace: 23216K(23552K)->23216K(23552K) NonClass: 20418K(20608K)->20418K(20608K) Class: 2798K(2944K)->2798K(2944K)
[1341.221s][info][gc             ] GC(1974) Pause Full (System.gc()) 1421M->163M(1979M) 511.783ms
[1341.221s][info][gc,cpu         ] GC(1974) User=0.52s Sys=0.00s Real=0.52s
[1341.397s][info][gc,start       ] GC(1975) Pause Young (Allocation Failure)
[1341.713s][info][gc,heap        ] GC(1975) DefNew: 559232K(629120K)->69887K(629120K) Eden: 559232K(559232K)->0K(559232K) From: 0K(69888K)->69887K(69888K)
[1341.713s][info][gc,heap        ] GC(1975) Tenured: 167802K(1398144K)->177481K(1398144K)
[1341.713s][info][gc,metaspace   ] GC(1975) Metaspace: 23216K(23552K)->23216K(23552K) NonClass: 20418K(20608K)->20418K(20608K) Class: 2798K(2944K)->2798K(2944K)
[1341.713s][info][gc             ] GC(1975) Pause Young (Allocation Failure) 709M->241M(1979M) 315.527ms
[1341.713s][info][gc,cpu         ] GC(1975) User=0.31s Sys=0.00s Real=0.31s
[1341.873s][info][gc,start       ] GC(1976) Pause Young (Allocation Failure)
[1342.371s][info][gc,heap        ] GC(1976) DefNew: 629119K(629120K)->69888K(629120K) Eden: 559232K(559232K)->0K(559232K) From: 69887K(69888K)->69888K(69888K)
[1342.371s][info][gc,heap        ] GC(1976) Tenured: 177481K(1398144K)->250576K(1398144K)
[1342.371s][info][gc,metaspace   ] GC(1976) Metaspace: 23216K(23552K)->23216K(23552K) NonClass: 20418K(20608K)->20418K(20608K) Class: 2798K(2944K)->2798K(2944K)
[1342.371s][info][gc             ] GC(1976) Pause Young (Allocation Failure) 787M->312M(1979M) 498.876ms
[1342.371s][info][gc,cpu         ] GC(1976) User=0.47s Sys=0.00s Real=0.50s
[1342.865s][info][gc,start       ] GC(1977) Pause Young (Allocation Failure)
[1343.212s][info][gc,heap        ] GC(1977) DefNew: 629120K(629120K)->66246K(629120K) Eden: 559232K(559232K)->0K(559232K) From: 69888K(69888K)->66246K(69888K)
[1343.212s][info][gc,heap        ] GC(1977) Tenured: 250576K(1398144K)->288147K(1398144K)
[1343.212s][info][gc,metaspace   ] GC(1977) Metaspace: 23216K(23552K)->23216K(23552K) NonClass: 20418K(20608K)->20418K(20608K) Class: 2798K(2944K)->2798K(2944K)
[1343.212s][info][gc             ] GC(1977) Pause Young (Allocation Failure) 859M->346M(1979M) 347.515ms
[1343.212s][info][gc,cpu         ] GC(1977) User=0.33s Sys=0.00s Real=0.35s
[1343.363s][info][gc,start       ] GC(1978) Pause Young (Allocation Failure)
[1343.846s][info][gc,heap        ] GC(1978) DefNew: 625478K(629120K)->69887K(629120K) Eden: 559232K(559232K)->0K(559232K) From: 66246K(69888K)->69887K(69888K)
[1343.846s][info][gc,heap        ] GC(1978) Tenured: 288147K(1398144K)->356343K(1398144K)
[1343.846s][info][gc,metaspace   ] GC(1978) Metaspace: 23216K(23552K)->23216K(23552K) NonClass: 20418K(20608K)->20418K(20608K) Class: 2798K(2944K)->2798K(2944K)
[1343.846s][info][gc             ] GC(1978) Pause Young (Allocation Failure) 892M->416M(1979M) 483.335ms
[1343.846s][info][gc,cpu         ] GC(1978) User=0.45s Sys=0.00s Real=0.49s
[1344.362s][info][gc,start       ] GC(1979) Pause Young (Allocation Failure)
[1344.610s][info][gc,heap        ] GC(1979) DefNew: 629119K(629120K)->43165K(629120K) Eden: 559232K(559232K)->0K(559232K) From: 69887K(69888K)->43165K(69888K)
[1344.610s][info][gc,heap        ] GC(1979) Tenured: 356343K(1398144K)->391003K(1398144K)
[1344.610s][info][gc,metaspace   ] GC(1979) Metaspace: 23216K(23552K)->23216K(23552K) NonClass: 20418K(20608K)->20418K(20608K) Class: 2798K(2944K)->2798K(2944K)
[1344.610s][info][gc             ] GC(1979) Pause Young (Allocation Failure) 962M->423M(1979M) 247.907ms
[1344.610s][info][gc,cpu         ] GC(1979) User=0.25s Sys=0.00s Real=0.24s
[1344.786s][info][gc,start       ] GC(1980) Pause Young (Allocation Failure)
[1345.163s][info][gc,heap        ] GC(1980) DefNew: 602397K(629120K)->69888K(629120K) Eden: 559232K(559232K)->0K(559232K) From: 43165K(69888K)->69888K(69888K)
[1345.163s][info][gc,heap        ] GC(1980) Tenured: 391003K(1398144K)->432145K(1398144K)
[1345.163s][info][gc,metaspace   ] GC(1980) Metaspace: 23216K(23552K)->23216K(23552K) NonClass: 20418K(20608K)->20418K(20608K) Class: 2798K(2944K)->2798K(2944K)
[1345.163s][info][gc             ] GC(1980) Pause Young (Allocation Failure) 970M->490M(1979M) 376.740ms
[1345.163s][info][gc,cpu         ] GC(1980) User=0.36s Sys=0.00s Real=0.38s
[1345.319s][info][gc,start       ] GC(1981) Pause Young (Allocation Failure)
[1345.804s][info][gc,heap        ] GC(1981) DefNew: 629120K(629120K)->69888K(629120K) Eden: 559232K(559232K)->0K(559232K) From: 69888K(69888K)->69888K(69888K)
[1345.804s][info][gc,heap        ] GC(1981) Tenured: 432145K(1398144K)->499876K(1398144K)
[1345.804s][info][gc,metaspace   ] GC(1981) Metaspace: 23216K(23552K)->23216K(23552K) NonClass: 20418K(20608K)->20418K(20608K) Class: 2798K(2944K)->2798K(2944K)
[1345.804s][info][gc             ] GC(1981) Pause Young (Allocation Failure) 1036M->556M(1979M) 485.233ms
[1345.804s][info][gc,cpu         ] GC(1981) User=0.47s Sys=0.00s Real=0.49s
[1346.355s][info][gc,start       ] GC(1982) Pause Young (Allocation Failure)
[1346.656s][info][gc,heap        ] GC(1982) DefNew: 629120K(629120K)->57670K(629120K) Eden: 559232K(559232K)->0K(559232K) From: 69888K(69888K)->57670K(69888K)
[1346.656s][info][gc,heap        ] GC(1982) Tenured: 499876K(1398144K)->537017K(1398144K)
[1346.656s][info][gc,metaspace   ] GC(1982) Metaspace: 23216K(23552K)->23216K(23552K) NonClass: 20418K(20608K)->20418K(20608K) Class: 2798K(2944K)->2798K(2944K)
[1346.656s][info][gc             ] GC(1982) Pause Young (Allocation Failure) 1102M->580M(1979M) 301.063ms
[1346.656s][info][gc,cpu         ] GC(1982) User=0.30s Sys=0.00s Real=0.30s
[1346.800s][info][gc,start       ] GC(1983) Pause Young (Allocation Failure)
[1347.229s][info][gc,heap        ] GC(1983) DefNew: 616902K(629120K)->69888K(629120K) Eden: 559232K(559232K)->0K(559232K) From: 57670K(69888K)->69888K(69888K)
[1347.229s][info][gc,heap        ] GC(1983) Tenured: 537017K(1398144K)->592128K(1398144K)
[1347.229s][info][gc,metaspace   ] GC(1983) Metaspace: 23216K(23552K)->23216K(23552K) NonClass: 20418K(20608K)->20418K(20608K) Class: 2798K(2944K)->2798K(2944K)
[1347.229s][info][gc             ] GC(1983) Pause Young (Allocation Failure) 1126M->646M(1979M) 428.578ms
[1347.229s][info][gc,cpu         ] GC(1983) User=0.42s Sys=0.00s Real=0.42s
[1347.594s][info][gc,start       ] GC(1984) Pause Young (Allocation Failure)
[1347.924s][info][gc,heap        ] GC(1984) DefNew: 629120K(629120K)->67267K(629120K) Eden: 559232K(559232K)->0K(559232K) From: 69888K(69888K)->67267K(69888K)
[1347.924s][info][gc,heap        ] GC(1984) Tenured: 592128K(1398144K)->631484K(1398144K)
[1347.924s][info][gc,metaspace   ] GC(1984) Metaspace: 23216K(23552K)->23216K(23552K) NonClass: 20418K(20608K)->20418K(20608K) Class: 2798K(2944K)->2798K(2944K)
[1347.924s][info][gc             ] GC(1984) Pause Young (Allocation Failure) 1192M->682M(1979M) 329.913ms
[1347.924s][info][gc,cpu         ] GC(1984) User=0.31s Sys=0.00s Real=0.33s
[1348.260s][info][gc,start       ] GC(1985) Pause Young (Allocation Failure)
[1348.557s][info][gc,heap        ] GC(1985) DefNew: 626499K(629120K)->65925K(629120K) Eden: 559232K(559232K)->0K(559232K) From: 67267K(69888K)->65925K(69888K)
[1348.557s][info][gc,heap        ] GC(1985) Tenured: 631484K(1398144K)->667936K(1398144K)
[1348.557s][info][gc,metaspace   ] GC(1985) Metaspace: 23216K(23552K)->23216K(23552K) NonClass: 20418K(20608K)->20418K(20608K) Class: 2798K(2944K)->2798K(2944K)
[1348.557s][info][gc             ] GC(1985) Pause Young (Allocation Failure) 1228M->716M(1979M) 296.942ms
[1348.557s][info][gc,cpu         ] GC(1985) User=0.23s Sys=0.00s Real=0.30s
[1348.707s][info][gc,start       ] GC(1986) Pause Young (Allocation Failure)
[1349.164s][info][gc,heap        ] GC(1986) DefNew: 625157K(629120K)->69888K(629120K) Eden: 559232K(559232K)->0K(559232K) From: 65925K(69888K)->69888K(69888K)
[1349.164s][info][gc,heap        ] GC(1986) Tenured: 667936K(1398144K)->728482K(1398144K)
[1349.164s][info][gc,metaspace   ] GC(1986) Metaspace: 23216K(23552K)->23216K(23552K) NonClass: 20418K(20608K)->20418K(20608K) Class: 2798K(2944K)->2798K(2944K)
[1349.164s][info][gc             ] GC(1986) Pause Young (Allocation Failure) 1262M->779M(1979M) 456.750ms
[1349.164s][info][gc,cpu         ] GC(1986) User=0.47s Sys=0.00s Real=0.45s
[1349.747s][info][gc,start       ] GC(1987) Pause Young (Allocation Failure)
[1349.981s][info][gc,heap        ] GC(1987) DefNew: 629120K(629120K)->40421K(629120K) Eden: 559232K(559232K)->0K(559232K) From: 69888K(69888K)->40421K(69888K)
[1349.981s][info][gc,heap        ] GC(1987) Tenured: 728482K(1398144K)->765035K(1398144K)
[1349.981s][info][gc,metaspace   ] GC(1987) Metaspace: 23216K(23552K)->23216K(23552K) NonClass: 20418K(20608K)->20418K(20608K) Class: 2798K(2944K)->2798K(2944K)
[1349.981s][info][gc             ] GC(1987) Pause Young (Allocation Failure) 1325M->786M(1979M) 234.571ms
[1349.981s][info][gc,cpu         ] GC(1987) User=0.23s Sys=0.00s Real=0.24s
[1350.128s][info][gc,start       ] GC(1988) Pause Young (Allocation Failure)
[1350.501s][info][gc,heap        ] GC(1988) DefNew: 599653K(629120K)->69887K(629120K) Eden: 559232K(559232K)->0K(559232K) From: 40421K(69888K)->69887K(69888K)
[1350.501s][info][gc,heap        ] GC(1988) Tenured: 765035K(1398144K)->805434K(1398144K)
[1350.501s][info][gc,metaspace   ] GC(1988) Metaspace: 23216K(23552K)->23216K(23552K) NonClass: 20418K(20608K)->20418K(20608K) Class: 2798K(2944K)->2798K(2944K)
[1350.501s][info][gc             ] GC(1988) Pause Young (Allocation Failure) 1332M->854M(1979M) 373.492ms
[1350.501s][info][gc,cpu         ] GC(1988) User=0.38s Sys=0.00s Real=0.38s
[1350.645s][info][gc,start       ] GC(1989) Pause Young (Allocation Failure)
[1351.112s][info][gc,heap        ] GC(1989) DefNew: 629119K(629120K)->69888K(629120K) Eden: 559232K(559232K)->0K(559232K) From: 69887K(69888K)->69888K(69888K)
[1351.112s][info][gc,heap        ] GC(1989) Tenured: 805434K(1398144K)->870335K(1398144K)
[1351.112s][info][gc,metaspace   ] GC(1989) Metaspace: 23216K(23552K)->23216K(23552K) NonClass: 20418K(20608K)->20418K(20608K) Class: 2798K(2944K)->2798K(2944K)
[1351.112s][info][gc             ] GC(1989) Pause Young (Allocation Failure) 1400M->918M(1979M) 466.630ms
[1351.112s][info][gc,cpu         ] GC(1989) User=0.45s Sys=0.00s Real=0.46s
[1351.713s][info][gc,start       ] GC(1990) Pause Young (Allocation Failure)
[1352.010s][info][gc,heap        ] GC(1990) DefNew: 629120K(629120K)->59672K(629120K) Eden: 559232K(559232K)->0K(559232K) From: 69888K(69888K)->59672K(69888K)
[1352.010s][info][gc,heap        ] GC(1990) Tenured: 870335K(1398144K)->904176K(1398144K)
[1352.010s][info][gc,metaspace   ] GC(1990) Metaspace: 23216K(23552K)->23216K(23552K) NonClass: 20418K(20608K)->20418K(20608K) Class: 2798K(2944K)->2798K(2944K)
[1352.010s][info][gc             ] GC(1990) Pause Young (Allocation Failure) 1464M->941M(1979M) 297.071ms
[1352.010s][info][gc,cpu         ] GC(1990) User=0.27s Sys=0.00s Real=0.28s
[1352.149s][info][gc,start       ] GC(1991) Pause Young (Allocation Failure)
[1352.578s][info][gc,heap        ] GC(1991) DefNew: 618904K(629120K)->69888K(629120K) Eden: 559232K(559232K)->0K(559232K) From: 59672K(69888K)->69888K(69888K)
[1352.578s][info][gc,heap        ] GC(1991) Tenured: 904176K(1398144K)->959264K(1398144K)
[1352.578s][info][gc,metaspace   ] GC(1991) Metaspace: 23216K(23552K)->23216K(23552K) NonClass: 20418K(20608K)->20418K(20608K) Class: 2798K(2944K)->2798K(2944K)
[1352.578s][info][gc             ] GC(1991) Pause Young (Allocation Failure) 1487M->1005M(1979M) 428.934ms
[1352.578s][info][gc,cpu         ] GC(1991) User=0.44s Sys=0.00s Real=0.43s
[1352.900s][info][gc,start       ] GC(1992) Pause Young (Allocation Failure)
[1353.276s][info][gc,heap        ] GC(1992) DefNew: 629120K(629120K)->66473K(629120K) Eden: 559232K(559232K)->0K(559232K) From: 69888K(69888K)->66473K(69888K)
[1353.276s][info][gc,heap        ] GC(1992) Tenured: 959264K(1398144K)->1000630K(1398144K)
[1353.276s][info][gc,metaspace   ] GC(1992) Metaspace: 23216K(23552K)->23216K(23552K) NonClass: 20418K(20608K)->20418K(20608K) Class: 2798K(2944K)->2798K(2944K)
[1353.276s][info][gc             ] GC(1992) Pause Young (Allocation Failure) 1551M->1042M(1979M) 375.639ms
[1353.276s][info][gc,cpu         ] GC(1992) User=0.33s Sys=0.00s Real=0.38s
[1353.669s][info][gc,start       ] GC(1993) Pause Young (Allocation Failure)
[1353.989s][info][gc,heap        ] GC(1993) DefNew: 625705K(629120K)->64787K(629120K) Eden: 559232K(559232K)->0K(559232K) From: 66473K(69888K)->64787K(69888K)
[1353.989s][info][gc,heap        ] GC(1993) Tenured: 1000630K(1398144K)->1035054K(1398144K)
[1353.989s][info][gc,metaspace   ] GC(1993) Metaspace: 23216K(23552K)->23216K(23552K) NonClass: 20418K(20608K)->20418K(20608K) Class: 2798K(2944K)->2798K(2944K)
[1353.989s][info][gc             ] GC(1993) Pause Young (Allocation Failure) 1588M->1074M(1979M) 320.748ms
[1353.989s][info][gc,cpu         ] GC(1993) User=0.30s Sys=0.00s Real=0.33s
[1354.142s][info][gc,start       ] GC(1994) Pause Young (Allocation Failure)
[1354.611s][info][gc,heap        ] GC(1994) DefNew: 624019K(629120K)->69887K(629120K) Eden: 559232K(559232K)->0K(559232K) From: 64787K(69888K)->69887K(69888K)
[1354.611s][info][gc,heap        ] GC(1994) Tenured: 1035054K(1398144K)->1097935K(1398144K)
[1354.611s][info][gc,metaspace   ] GC(1994) Metaspace: 23216K(23552K)->23216K(23552K) NonClass: 20418K(20608K)->20418K(20608K) Class: 2798K(2944K)->2798K(2944K)
[1354.611s][info][gc             ] GC(1994) Pause Young (Allocation Failure) 1620M->1140M(1979M) 469.639ms
[1354.611s][info][gc,cpu         ] GC(1994) User=0.45s Sys=0.00s Real=0.47s
[1355.186s][info][gc,start       ] GC(1995) Pause Young (Allocation Failure)
[1355.427s][info][gc,heap        ] GC(1995) DefNew: 629119K(629120K)->39637K(629120K) Eden: 559232K(559232K)->0K(559232K) From: 69887K(69888K)->39637K(69888K)
[1355.427s][info][gc,heap        ] GC(1995) Tenured: 1097935K(1398144K)->1134664K(1398144K)
[1355.427s][info][gc,metaspace   ] GC(1995) Metaspace: 23216K(23552K)->23216K(23552K) NonClass: 20418K(20608K)->20418K(20608K) Class: 2798K(2944K)->2798K(2944K)
[1355.427s][info][gc             ] GC(1995) Pause Young (Allocation Failure) 1686M->1146M(1979M) 241.293ms
[1355.427s][info][gc,cpu         ] GC(1995) User=0.22s Sys=0.00s Real=0.24s
[1355.564s][info][gc,start       ] GC(1996) Pause Young (Allocation Failure)
[1355.931s][info][gc,heap        ] GC(1996) DefNew: 598869K(629120K)->69888K(629120K) Eden: 559232K(559232K)->0K(559232K) From: 39637K(69888K)->69888K(69888K)
[1355.931s][info][gc,heap        ] GC(1996) Tenured: 1134664K(1398144K)->1173985K(1398144K)
[1355.931s][info][gc,metaspace   ] GC(1996) Metaspace: 23216K(23552K)->23216K(23552K) NonClass: 20418K(20608K)->20418K(20608K) Class: 2798K(2944K)->2798K(2944K)
[1355.931s][info][gc             ] GC(1996) Pause Young (Allocation Failure) 1692M->1214M(1979M) 366.788ms
[1355.931s][info][gc,cpu         ] GC(1996) User=0.34s Sys=0.00s Real=0.36s
[1356.077s][info][gc,start       ] GC(1997) Pause Young (Allocation Failure)
[1356.540s][info][gc,heap        ] GC(1997) DefNew: 629120K(629120K)->69887K(629120K) Eden: 559232K(559232K)->0K(559232K) From: 69888K(69888K)->69887K(69888K)
[1356.540s][info][gc,heap        ] GC(1997) Tenured: 1173985K(1398144K)->1238897K(1398144K)
[1356.540s][info][gc,metaspace   ] GC(1997) Metaspace: 23216K(23552K)->23216K(23552K) NonClass: 20418K(20608K)->20418K(20608K) Class: 2798K(2944K)->2798K(2944K)
[1356.540s][info][gc             ] GC(1997) Pause Young (Allocation Failure) 1760M->1278M(1979M) 463.127ms
[1356.540s][info][gc,cpu         ] GC(1997) User=0.44s Sys=0.00s Real=0.47s
[1357.122s][info][gc,start       ] GC(1998) Pause Young (Allocation Failure)
[1357.414s][info][gc,heap        ] GC(1998) DefNew: 629119K(629120K)->58551K(629120K) Eden: 559232K(559232K)->0K(559232K) From: 69887K(69888K)->58551K(69888K)
[1357.414s][info][gc,heap        ] GC(1998) Tenured: 1238897K(1398144K)->1273238K(1398144K)
[1357.414s][info][gc,metaspace   ] GC(1998) Metaspace: 23216K(23552K)->23216K(23552K) NonClass: 20418K(20608K)->20418K(20608K) Class: 2798K(2944K)->2798K(2944K)
[1357.414s][info][gc             ] GC(1998) Pause Young (Allocation Failure) 1824M->1300M(1979M) 292.461ms
[1357.414s][info][gc,cpu         ] GC(1998) User=0.28s Sys=0.00s Real=0.28s
[1357.555s][info][gc,start       ] GC(1999) Pause Young (Allocation Failure)
[1357.983s][info][gc,heap        ] GC(1999) DefNew: 617783K(629120K)->69887K(629120K) Eden: 559232K(559232K)->0K(559232K) From: 58551K(69888K)->69887K(69888K)
[1357.983s][info][gc,heap        ] GC(1999) Tenured: 1273238K(1398144K)->1327499K(1398144K)
[1357.983s][info][gc,metaspace   ] GC(1999) Metaspace: 23216K(23552K)->23216K(23552K) NonClass: 20418K(20608K)->20418K(20608K) Class: 2798K(2944K)->2798K(2944K)
[1357.983s][info][gc             ] GC(1999) Pause Young (Allocation Failure) 1846M->1364M(1979M) 427.903ms
[1357.983s][info][gc,cpu         ] GC(1999) User=0.41s Sys=0.00s Real=0.42s
[1358.297s][info][gc,start       ] GC(2000) Pause Young (Allocation Failure)
[1358.297s][info][gc             ] GC(2000) Pause Young (Allocation Failure) 1910M->1910M(1979M) 0.080ms
[1358.297s][info][gc,cpu         ] GC(2000) User=0.00s Sys=0.00s Real=0.00s
[1358.297s][info][gc,start       ] GC(2001) Pause Full (Allocation Failure)
[1358.297s][info][gc,phases,start] GC(2001) Phase 1: Mark live objects
[1358.633s][info][gc,phases      ] GC(2001) Phase 1: Mark live objects 336.418ms
[1358.633s][info][gc,phases,start] GC(2001) Phase 2: Compute new object addresses
[1358.933s][info][gc,phases      ] GC(2001) Phase 2: Compute new object addresses 299.274ms
[1358.933s][info][gc,phases,start] GC(2001) Phase 3: Adjust pointers
[1359.098s][info][gc,phases      ] GC(2001) Phase 3: Adjust pointers 164.897ms
[1359.098s][info][gc,phases,start] GC(2001) Phase 4: Move objects
[1359.182s][info][gc,phases      ] GC(2001) Phase 4: Move objects 84.382ms
[1359.182s][info][gc,heap        ] GC(2001) DefNew: 629119K(629120K)->0K(629120K) Eden: 559232K(559232K)->0K(559232K) From: 69887K(69888K)->0K(69888K)
[1359.182s][info][gc,heap        ] GC(2001) Tenured: 1327499K(1398144K)->246851K(1398144K)
[1359.182s][info][gc,metaspace   ] GC(2001) Metaspace: 23216K(23552K)->23216K(23552K) NonClass: 20418K(20608K)->20418K(20608K) Class: 2798K(2944K)->2798K(2944K)
[1359.182s][info][gc             ] GC(2001) Pause Full (Allocation Failure) 1910M->241M(1979M) 885.545ms
[1359.182s][info][gc,cpu         ] GC(2001) User=0.88s Sys=0.00s Real=0.89s
[1359.463s][info][gc,start       ] GC(2002) Pause Full (System.gc())
[1359.463s][info][gc,phases,start] GC(2002) Phase 1: Mark live objects
[1359.618s][info][gc,phases      ] GC(2002) Phase 1: Mark live objects 154.605ms
[1359.618s][info][gc,phases,start] GC(2002) Phase 2: Compute new object addresses
[1359.680s][info][gc,phases      ] GC(2002) Phase 2: Compute new object addresses 62.393ms
[1359.680s][info][gc,phases,start] GC(2002) Phase 3: Adjust pointers
[1359.772s][info][gc,phases      ] GC(2002) Phase 3: Adjust pointers 92.072ms
[1359.772s][info][gc,phases,start] GC(2002) Phase 4: Move objects
[1359.808s][info][gc,phases      ] GC(2002) Phase 4: Move objects 36.028ms
[1359.809s][info][gc,heap        ] GC(2002) DefNew: 176178K(629120K)->0K(629120K) Eden: 176178K(559232K)->0K(559232K) From: 0K(69888K)->0K(69888K)
[1359.809s][info][gc,heap        ] GC(2002) Tenured: 246851K(1398144K)->167812K(1398144K)
[1359.809s][info][gc,metaspace   ] GC(2002) Metaspace: 23216K(23552K)->23216K(23552K) NonClass: 20418K(20608K)->20418K(20608K) Class: 2798K(2944K)->2798K(2944K)
[1359.809s][info][gc             ] GC(2002) Pause Full (System.gc()) 413M->163M(1979M) 345.629ms
[1359.809s][info][gc,cpu         ] GC(2002) User=0.33s Sys=0.00s Real=0.35s
[1359.949s][info][gc,start       ] GC(2003) Pause Young (Allocation Failure)
[1360.249s][info][gc,heap        ] GC(2003) DefNew: 559232K(629120K)->69887K(629120K) Eden: 559232K(559232K)->0K(559232K) From: 0K(69888K)->69887K(69888K)
[1360.249s][info][gc,heap        ] GC(2003) Tenured: 167812K(1398144K)->169432K(1398144K)
[1360.249s][info][gc,metaspace   ] GC(2003) Metaspace: 23216K(23552K)->23216K(23552K) NonClass: 20418K(20608K)->20418K(20608K) Class: 2798K(2944K)->2798K(2944K)
[1360.249s][info][gc             ] GC(2003) Pause Young (Allocation Failure) 710M->233M(1979M) 300.131ms
[1360.249s][info][gc,cpu         ] GC(2003) User=0.31s Sys=0.00s Real=0.30s
[1360.385s][info][gc,start       ] GC(2004) Pause Young (Allocation Failure)
[1360.853s][info][gc,heap        ] GC(2004) DefNew: 629119K(629120K)->69887K(629120K) Eden: 559232K(559232K)->0K(559232K) From: 69887K(69888K)->69887K(69888K)
[1360.854s][info][gc,heap        ] GC(2004) Tenured: 169432K(1398144K)->229313K(1398144K)
[1360.854s][info][gc,metaspace   ] GC(2004) Metaspace: 23216K(23552K)->23216K(23552K) NonClass: 20418K(20608K)->20418K(20608K) Class: 2798K(2944K)->2798K(2944K)
[1360.854s][info][gc             ] GC(2004) Pause Young (Allocation Failure) 779M->292M(1979M) 469.052ms
[1360.854s][info][gc,cpu         ] GC(2004) User=0.45s Sys=0.00s Real=0.47s
[1361.436s][info][gc,start       ] GC(2005) Pause Young (Allocation Failure)
[1361.720s][info][gc,heap        ] GC(2005) DefNew: 629119K(629120K)->55946K(629120K) Eden: 559232K(559232K)->0K(559232K) From: 69887K(69888K)->55946K(69888K)
[1361.720s][info][gc,heap        ] GC(2005) Tenured: 229313K(1398144K)->261477K(1398144K)
[1361.720s][info][gc,metaspace   ] GC(2005) Metaspace: 23216K(23552K)->23216K(23552K) NonClass: 20418K(20608K)->20418K(20608K) Class: 2798K(2944K)->2798K(2944K)
[1361.720s][info][gc             ] GC(2005) Pause Young (Allocation Failure) 838M->309M(1979M) 283.546ms
[1361.720s][info][gc,cpu         ] GC(2005) User=0.28s Sys=0.00s Real=0.28s
[1361.874s][info][gc,start       ] GC(2006) Pause Young (Allocation Failure)
[1362.314s][info][gc,heap        ] GC(2006) DefNew: 615178K(629120K)->69888K(629120K) Eden: 559232K(559232K)->0K(559232K) From: 55946K(69888K)->69888K(69888K)
[1362.314s][info][gc,heap        ] GC(2006) Tenured: 261477K(1398144K)->318423K(1398144K)
[1362.314s][info][gc,metaspace   ] GC(2006) Metaspace: 23216K(23552K)->23216K(23552K) NonClass: 20418K(20608K)->20418K(20608K) Class: 2798K(2944K)->2798K(2944K)
[1362.314s][info][gc             ] GC(2006) Pause Young (Allocation Failure) 856M->379M(1979M) 440.773ms
[1362.314s][info][gc,cpu         ] GC(2006) User=0.38s Sys=0.03s Real=0.44s
[1362.619s][info][gc,start       ] GC(2007) Pause Young (Allocation Failure)
[1363.013s][info][gc,heap        ] GC(2007) DefNew: 629120K(629120K)->69474K(629120K) Eden: 559232K(559232K)->0K(559232K) From: 69888K(69888K)->69474K(69888K)
[1363.014s][info][gc,heap        ] GC(2007) Tenured: 318423K(1398144K)->359160K(1398144K)
[1363.014s][info][gc,metaspace   ] GC(2007) Metaspace: 23216K(23552K)->23216K(23552K) NonClass: 20418K(20608K)->20418K(20608K) Class: 2798K(2944K)->2798K(2944K)
[1363.014s][info][gc             ] GC(2007) Pause Young (Allocation Failure) 925M->418M(1979M) 394.095ms
[1363.014s][info][gc,cpu         ] GC(2007) User=0.39s Sys=0.00s Real=0.39s
[1363.376s][info][gc,start       ] GC(2008) Pause Young (Allocation Failure)
[1363.691s][info][gc,heap        ] GC(2008) DefNew: 628706K(629120K)->61424K(629120K) Eden: 559232K(559232K)->0K(559232K) From: 69474K(69888K)->61424K(69888K)
[1363.691s][info][gc,heap        ] GC(2008) Tenured: 359160K(1398144K)->395476K(1398144K)
[1363.691s][info][gc,metaspace   ] GC(2008) Metaspace: 23216K(23552K)->23216K(23552K) NonClass: 20418K(20608K)->20418K(20608K) Class: 2798K(2944K)->2798K(2944K)
[1363.691s][info][gc             ] GC(2008) Pause Young (Allocation Failure) 964M->446M(1979M) 314.928ms
[1363.691s][info][gc,cpu         ] GC(2008) User=0.30s Sys=0.00s Real=0.31s
[1363.844s][info][gc,start       ] GC(2009) Pause Young (Allocation Failure)
[1364.314s][info][gc,heap        ] GC(2009) DefNew: 620656K(629120K)->69888K(629120K) Eden: 559232K(559232K)->0K(559232K) From: 61424K(69888K)->69888K(69888K)
[1364.314s][info][gc,heap        ] GC(2009) Tenured: 395476K(1398144K)->457535K(1398144K)
[1364.314s][info][gc,metaspace   ] GC(2009) Metaspace: 23216K(23552K)->23216K(23552K) NonClass: 20418K(20608K)->20418K(20608K) Class: 2798K(2944K)->2798K(2944K)
[1364.314s][info][gc             ] GC(2009) Pause Young (Allocation Failure) 992M->515M(1979M) 470.451ms
[1364.314s][info][gc,cpu         ] GC(2009) User=0.44s Sys=0.00s Real=0.47s
[1364.939s][info][gc,start       ] GC(2010) Pause Young (Allocation Failure)
[1365.182s][info][gc,heap        ] GC(2010) DefNew: 629120K(629120K)->40810K(629120K) Eden: 559232K(559232K)->0K(559232K) From: 69888K(69888K)->40810K(69888K)
[1365.182s][info][gc,heap        ] GC(2010) Tenured: 457535K(1398144K)->492332K(1398144K)
[1365.182s][info][gc,metaspace   ] GC(2010) Metaspace: 23216K(23552K)->23216K(23552K) NonClass: 20418K(20608K)->20418K(20608K) Class: 2798K(2944K)->2798K(2944K)
[1365.182s][info][gc             ] GC(2010) Pause Young (Allocation Failure) 1061M->520M(1979M) 242.623ms
[1365.182s][info][gc,cpu         ] GC(2010) User=0.23s Sys=0.00s Real=0.25s
[1365.323s][info][gc,start       ] GC(2011) Pause Young (Allocation Failure)
[1365.696s][info][gc,heap        ] GC(2011) DefNew: 600042K(629120K)->69887K(629120K) Eden: 559232K(559232K)->0K(559232K) From: 40810K(69888K)->69887K(69888K)
[1365.696s][info][gc,heap        ] GC(2011) Tenured: 492332K(1398144K)->532944K(1398144K)
[1365.696s][info][gc,metaspace   ] GC(2011) Metaspace: 23216K(23552K)->23216K(23552K) NonClass: 20418K(20608K)->20418K(20608K) Class: 2798K(2944K)->2798K(2944K)
[1365.696s][info][gc             ] GC(2011) Pause Young (Allocation Failure) 1066M->588M(1979M) 372.331ms
[1365.696s][info][gc,cpu         ] GC(2011) User=0.34s Sys=0.00s Real=0.38s
[1365.854s][info][gc,start       ] GC(2012) Pause Young (Allocation Failure)
[1366.348s][info][gc,heap        ] GC(2012) DefNew: 629119K(629120K)->69888K(629120K) Eden: 559232K(559232K)->0K(559232K) From: 69887K(69888K)->69888K(69888K)
[1366.348s][info][gc,heap        ] GC(2012) Tenured: 532944K(1398144K)->602309K(1398144K)
[1366.348s][info][gc,metaspace   ] GC(2012) Metaspace: 23216K(23552K)->23216K(23552K) NonClass: 20418K(20608K)->20418K(20608K) Class: 2798K(2944K)->2798K(2944K)
[1366.348s][info][gc             ] GC(2012) Pause Young (Allocation Failure) 1134M->656M(1979M) 493.919ms
[1366.348s][info][gc,cpu         ] GC(2012) User=0.45s Sys=0.00s Real=0.49s
[1366.887s][info][gc,start       ] GC(2013) Pause Young (Allocation Failure)
[1367.199s][info][gc,heap        ] GC(2013) DefNew: 629120K(629120K)->57339K(629120K) Eden: 559232K(559232K)->0K(559232K) From: 69888K(69888K)->57339K(69888K)
[1367.199s][info][gc,heap        ] GC(2013) Tenured: 602309K(1398144K)->634998K(1398144K)
[1367.199s][info][gc,metaspace   ] GC(2013) Metaspace: 23216K(23552K)->23216K(23552K) NonClass: 20418K(20608K)->20418K(20608K) Class: 2798K(2944K)->2798K(2944K)
[1367.199s][info][gc             ] GC(2013) Pause Young (Allocation Failure) 1202M->676M(1979M) 311.578ms
[1367.199s][info][gc,cpu         ] GC(2013) User=0.23s Sys=0.03s Real=0.31s
[1367.337s][info][gc,start       ] GC(2014) Pause Young (Allocation Failure)
[1367.764s][info][gc,heap        ] GC(2014) DefNew: 616571K(629120K)->69887K(629120K) Eden: 559232K(559232K)->0K(559232K) From: 57339K(69888K)->69887K(69888K)
[1367.764s][info][gc,heap        ] GC(2014) Tenured: 634998K(1398144K)->685741K(1398144K)
[1367.764s][info][gc,metaspace   ] GC(2014) Metaspace: 23216K(23552K)->23216K(23552K) NonClass: 20418K(20608K)->20418K(20608K) Class: 2798K(2944K)->2798K(2944K)
[1367.764s][info][gc             ] GC(2014) Pause Young (Allocation Failure) 1222M->737M(1979M) 427.519ms
[1367.764s][info][gc,cpu         ] GC(2014) User=0.41s Sys=0.00s Real=0.42s
[1368.146s][info][gc,start       ] GC(2015) Pause Young (Allocation Failure)
[1368.523s][info][gc,heap        ] GC(2015) DefNew: 629119K(629120K)->67048K(629120K) Eden: 559232K(559232K)->0K(559232K) From: 69887K(69888K)->67048K(69888K)
[1368.523s][info][gc,heap        ] GC(2015) Tenured: 685741K(1398144K)->724419K(1398144K)
[1368.523s][info][gc,metaspace   ] GC(2015) Metaspace: 23216K(23552K)->23216K(23552K) NonClass: 20418K(20608K)->20418K(20608K) Class: 2798K(2944K)->2798K(2944K)
[1368.523s][info][gc             ] GC(2015) Pause Young (Allocation Failure) 1284M->772M(1979M) 376.466ms
[1368.523s][info][gc,cpu         ] GC(2015) User=0.36s Sys=0.00s Real=0.38s
[1368.910s][info][gc,start       ] GC(2016) Pause Young (Allocation Failure)
[1369.245s][info][gc,heap        ] GC(2016) DefNew: 626280K(629120K)->67253K(629120K) Eden: 559232K(559232K)->0K(559232K) From: 67048K(69888K)->67253K(69888K)
[1369.245s][info][gc,heap        ] GC(2016) Tenured: 724419K(1398144K)->760565K(1398144K)
[1369.245s][info][gc,metaspace   ] GC(2016) Metaspace: 23216K(23552K)->23216K(23552K) NonClass: 20418K(20608K)->20418K(20608K) Class: 2798K(2944K)->2798K(2944K)
[1369.245s][info][gc             ] GC(2016) Pause Young (Allocation Failure) 1319M->808M(1979M) 334.603ms
[1369.245s][info][gc,cpu         ] GC(2016) User=0.33s Sys=0.00s Real=0.33s
[1369.386s][info][gc,start       ] GC(2017) Pause Young (Allocation Failure)
[1369.848s][info][gc,heap        ] GC(2017) DefNew: 626485K(629120K)->69887K(629120K) Eden: 559232K(559232K)->0K(559232K) From: 67253K(69888K)->69887K(69888K)
[1369.848s][info][gc,heap        ] GC(2017) Tenured: 760565K(1398144K)->821381K(1398144K)
[1369.848s][info][gc,metaspace   ] GC(2017) Metaspace: 23216K(23552K)->23216K(23552K) NonClass: 20418K(20608K)->20418K(20608K) Class: 2798K(2944K)->2798K(2944K)
[1369.848s][info][gc             ] GC(2017) Pause Young (Allocation Failure) 1354M->870M(1979M) 461.925ms
[1369.848s][info][gc,cpu         ] GC(2017) User=0.48s Sys=0.00s Real=0.47s
[1370.501s][info][gc,start       ] GC(2018) Pause Young (Allocation Failure)
[1370.734s][info][gc,heap        ] GC(2018) DefNew: 629119K(629120K)->38137K(629120K) Eden: 559232K(559232K)->0K(559232K) From: 69887K(69888K)->38137K(69888K)
[1370.734s][info][gc,heap        ] GC(2018) Tenured: 821381K(1398144K)->855215K(1398144K)
[1370.734s][info][gc,metaspace   ] GC(2018) Metaspace: 23216K(23552K)->23216K(23552K) NonClass: 20418K(20608K)->20418K(20608K) Class: 2798K(2944K)->2798K(2944K)
[1370.734s][info][gc             ] GC(2018) Pause Young (Allocation Failure) 1416M->872M(1979M) 233.832ms
[1370.734s][info][gc,cpu         ] GC(2018) User=0.23s Sys=0.00s Real=0.24s
[1370.978s][info][gc,start       ] GC(2019) Pause Young (Allocation Failure)
[1371.312s][info][gc,heap        ] GC(2019) DefNew: 597369K(629120K)->69016K(629120K) Eden: 559232K(559232K)->0K(559232K) From: 38137K(69888K)->69016K(69888K)
[1371.312s][info][gc,heap        ] GC(2019) Tenured: 855215K(1398144K)->889859K(1398144K)
[1371.312s][info][gc,metaspace   ] GC(2019) Metaspace: 23216K(23552K)->23216K(23552K) NonClass: 20418K(20608K)->20418K(20608K) Class: 2798K(2944K)->2798K(2944K)
[1371.313s][info][gc             ] GC(2019) Pause Young (Allocation Failure) 1418M->936M(1979M) 334.912ms
[1371.313s][info][gc,cpu         ] GC(2019) User=0.33s Sys=0.00s Real=0.34s
[1371.465s][info][gc,start       ] GC(2020) Pause Young (Allocation Failure)
[1371.933s][info][gc,heap        ] GC(2020) DefNew: 628248K(629120K)->69888K(629120K) Eden: 559232K(559232K)->0K(559232K) From: 69016K(69888K)->69888K(69888K)
[1371.933s][info][gc,heap        ] GC(2020) Tenured: 889859K(1398144K)->951713K(1398144K)
[1371.933s][info][gc,metaspace   ] GC(2020) Metaspace: 23216K(23552K)->23216K(23552K) NonClass: 20418K(20608K)->20418K(20608K) Class: 2798K(2944K)->2798K(2944K)
[1371.934s][info][gc             ] GC(2020) Pause Young (Allocation Failure) 1482M->997M(1979M) 468.342ms
[1371.934s][info][gc,cpu         ] GC(2020) User=0.45s Sys=0.00s Real=0.47s
[1372.499s][info][gc,start       ] GC(2021) Pause Young (Allocation Failure)
[1372.827s][info][gc,heap        ] GC(2021) DefNew: 629120K(629120K)->61200K(629120K) Eden: 559232K(559232K)->0K(559232K) From: 69888K(69888K)->61200K(69888K)
[1372.827s][info][gc,heap        ] GC(2021) Tenured: 951713K(1398144K)->987227K(1398144K)
[1372.827s][info][gc,metaspace   ] GC(2021) Metaspace: 23216K(23552K)->23216K(23552K) NonClass: 20418K(20608K)->20418K(20608K) Class: 2798K(2944K)->2798K(2944K)
[1372.827s][info][gc             ] GC(2021) Pause Young (Allocation Failure) 1543M->1023M(1979M) 327.901ms
[1372.827s][info][gc,cpu         ] GC(2021) User=0.31s Sys=0.00s Real=0.32s
[1372.967s][info][gc,start       ] GC(2022) Pause Young (Allocation Failure)
[1373.422s][info][gc,heap        ] GC(2022) DefNew: 620432K(629120K)->69887K(629120K) Eden: 559232K(559232K)->0K(559232K) From: 61200K(69888K)->69887K(69888K)
[1373.422s][info][gc,heap        ] GC(2022) Tenured: 987227K(1398144K)->1044574K(1398144K)
[1373.422s][info][gc,metaspace   ] GC(2022) Metaspace: 23216K(23552K)->23216K(23552K) NonClass: 20418K(20608K)->20418K(20608K) Class: 2798K(2944K)->2798K(2944K)
[1373.422s][info][gc             ] GC(2022) Pause Young (Allocation Failure) 1569M->1088M(1979M) 454.863ms
[1373.422s][info][gc,cpu         ] GC(2022) User=0.45s Sys=0.00s Real=0.46s
[1373.783s][info][gc,start       ] GC(2023) Pause Young (Allocation Failure)
[1374.106s][info][gc,heap        ] GC(2023) DefNew: 629119K(629120K)->67043K(629120K) Eden: 559232K(559232K)->0K(559232K) From: 69887K(69888K)->67043K(69888K)
[1374.106s][info][gc,heap        ] GC(2023) Tenured: 1044574K(1398144K)->1083766K(1398144K)
[1374.106s][info][gc,metaspace   ] GC(2023) Metaspace: 23216K(23552K)->23216K(23552K) NonClass: 20418K(20608K)->20418K(20608K) Class: 2798K(2944K)->2798K(2944K)
[1374.106s][info][gc             ] GC(2023) Pause Young (Allocation Failure) 1634M->1123M(1979M) 322.581ms
[1374.106s][info][gc,cpu         ] GC(2023) User=0.31s Sys=0.00s Real=0.31s
[1374.440s][info][gc,start       ] GC(2024) Pause Young (Allocation Failure)
[1374.727s][info][gc,heap        ] GC(2024) DefNew: 626275K(629120K)->60630K(629120K) Eden: 559232K(559232K)->0K(559232K) From: 67043K(69888K)->60630K(69888K)
[1374.727s][info][gc,heap        ] GC(2024) Tenured: 1083766K(1398144K)->1120599K(1398144K)
[1374.727s][info][gc,metaspace   ] GC(2024) Metaspace: 23216K(23552K)->23216K(23552K) NonClass: 20418K(20608K)->20418K(20608K) Class: 2798K(2944K)->2798K(2944K)
[1374.727s][info][gc             ] GC(2024) Pause Young (Allocation Failure) 1669M->1153M(1979M) 287.570ms
[1374.727s][info][gc,cpu         ] GC(2024) User=0.30s Sys=0.00s Real=0.29s
[1374.881s][info][gc,start       ] GC(2025) Pause Young (Allocation Failure)
[1375.343s][info][gc,heap        ] GC(2025) DefNew: 619862K(629120K)->69887K(629120K) Eden: 559232K(559232K)->0K(559232K) From: 60630K(69888K)->69887K(69888K)
[1375.343s][info][gc,heap        ] GC(2025) Tenured: 1120599K(1398144K)->1181151K(1398144K)
[1375.343s][info][gc,metaspace   ] GC(2025) Metaspace: 23216K(23552K)->23216K(23552K) NonClass: 20418K(20608K)->20418K(20608K) Class: 2798K(2944K)->2798K(2944K)
[1375.343s][info][gc             ] GC(2025) Pause Young (Allocation Failure) 1699M->1221M(1979M) 462.349ms
[1375.343s][info][gc,cpu         ] GC(2025) User=0.47s Sys=0.00s Real=0.47s
[1376.015s][info][gc,start       ] GC(2026) Pause Young (Allocation Failure)
[1376.253s][info][gc,heap        ] GC(2026) DefNew: 629119K(629120K)->38559K(629120K) Eden: 559232K(559232K)->0K(559232K) From: 69887K(69888K)->38559K(69888K)
[1376.253s][info][gc,heap        ] GC(2026) Tenured: 1181151K(1398144K)->1218060K(1398144K)
[1376.253s][info][gc,metaspace   ] GC(2026) Metaspace: 23216K(23552K)->23216K(23552K) NonClass: 20418K(20608K)->20418K(20608K) Class: 2798K(2944K)->2798K(2944K)
[1376.253s][info][gc             ] GC(2026) Pause Young (Allocation Failure) 1767M->1227M(1979M) 238.409ms
[1376.253s][info][gc,cpu         ] GC(2026) User=0.23s Sys=0.00s Real=0.25s
[1376.477s][info][gc,start       ] GC(2027) Pause Young (Allocation Failure)
[1376.800s][info][gc,heap        ] GC(2027) DefNew: 597791K(629120K)->67654K(629120K) Eden: 559232K(559232K)->0K(559232K) From: 38559K(69888K)->67654K(69888K)
[1376.800s][info][gc,heap        ] GC(2027) Tenured: 1218060K(1398144K)->1253179K(1398144K)
[1376.800s][info][gc,metaspace   ] GC(2027) Metaspace: 23216K(23552K)->23216K(23552K) NonClass: 20418K(20608K)->20418K(20608K) Class: 2798K(2944K)->2798K(2944K)
[1376.800s][info][gc             ] GC(2027) Pause Young (Allocation Failure) 1773M->1289M(1979M) 323.166ms
[1376.800s][info][gc,cpu         ] GC(2027) User=0.28s Sys=0.00s Real=0.31s
[1376.954s][info][gc,start       ] GC(2028) Pause Young (Allocation Failure)
[1377.427s][info][gc,heap        ] GC(2028) DefNew: 626886K(629120K)->69888K(629120K) Eden: 559232K(559232K)->0K(559232K) From: 67654K(69888K)->69888K(69888K)
[1377.427s][info][gc,heap        ] GC(2028) Tenured: 1253179K(1398144K)->1317088K(1398144K)
[1377.427s][info][gc,metaspace   ] GC(2028) Metaspace: 23216K(23552K)->23216K(23552K) NonClass: 20418K(20608K)->20418K(20608K) Class: 2798K(2944K)->2798K(2944K)
[1377.427s][info][gc             ] GC(2028) Pause Young (Allocation Failure) 1836M->1354M(1979M) 473.291ms
[1377.427s][info][gc,cpu         ] GC(2028) User=0.48s Sys=0.00s Real=0.48s
[1377.885s][info][gc,start       ] GC(2029) Pause Full (System.gc())
[1377.885s][info][gc,phases,start] GC(2029) Phase 1: Mark live objects
[1378.060s][info][gc,phases      ] GC(2029) Phase 1: Mark live objects 175.471ms
[1378.060s][info][gc,phases,start] GC(2029) Phase 2: Compute new object addresses
[1378.313s][info][gc,phases      ] GC(2029) Phase 2: Compute new object addresses 252.684ms
[1378.313s][info][gc,phases,start] GC(2029) Phase 3: Adjust pointers
[1378.418s][info][gc,phases      ] GC(2029) Phase 3: Adjust pointers 105.089ms
[1378.418s][info][gc,phases,start] GC(2029) Phase 4: Move objects
[1378.464s][info][gc,phases      ] GC(2029) Phase 4: Move objects 45.900ms
[1378.465s][info][gc,heap        ] GC(2029) DefNew: 408518K(629120K)->0K(629120K) Eden: 338630K(559232K)->0K(559232K) From: 69888K(69888K)->0K(69888K)
[1378.465s][info][gc,heap        ] GC(2029) Tenured: 1317088K(1398144K)->105332K(1398144K)
[1378.465s][info][gc,metaspace   ] GC(2029) Metaspace: 23216K(23552K)->23216K(23552K) NonClass: 20418K(20608K)->20418K(20608K) Class: 2798K(2944K)->2798K(2944K)
[1378.465s][info][gc             ] GC(2029) Pause Full (System.gc()) 1685M->102M(1979M) 579.836ms
[1378.465s][info][gc,cpu         ] GC(2029) User=0.55s Sys=0.02s Real=0.58s
[1378.620s][info][gc,start       ] GC(2030) Pause Young (Allocation Failure)
[1378.927s][info][gc,heap        ] GC(2030) DefNew: 559232K(629120K)->69888K(629120K) Eden: 559232K(559232K)->0K(559232K) From: 0K(69888K)->69888K(69888K)
[1378.927s][info][gc,heap        ] GC(2030) Tenured: 105332K(1398144K)->110373K(1398144K)
[1378.927s][info][gc,metaspace   ] GC(2030) Metaspace: 23216K(23552K)->23216K(23552K) NonClass: 20418K(20608K)->20418K(20608K) Class: 2798K(2944K)->2798K(2944K)
[1378.927s][info][gc             ] GC(2030) Pause Young (Allocation Failure) 648M->176M(1979M) 307.412ms
[1378.927s][info][gc,cpu         ] GC(2030) User=0.30s Sys=0.00s Real=0.30s
[1379.080s][info][gc,start       ] GC(2031) Pause Young (Allocation Failure)
[1379.553s][info][gc,heap        ] GC(2031) DefNew: 629120K(629120K)->69887K(629120K) Eden: 559232K(559232K)->0K(559232K) From: 69888K(69888K)->69887K(69888K)
[1379.553s][info][gc,heap        ] GC(2031) Tenured: 110373K(1398144K)->175295K(1398144K)
[1379.553s][info][gc,metaspace   ] GC(2031) Metaspace: 23216K(23552K)->23216K(23552K) NonClass: 20418K(20608K)->20418K(20608K) Class: 2798K(2944K)->2798K(2944K)
[1379.553s][info][gc             ] GC(2031) Pause Young (Allocation Failure) 722M->239M(1979M) 472.780ms
[1379.553s][info][gc,cpu         ] GC(2031) User=0.42s Sys=0.00s Real=0.47s
[1380.103s][info][gc,start       ] GC(2032) Pause Young (Allocation Failure)
[1380.412s][info][gc,heap        ] GC(2032) DefNew: 629119K(629120K)->59479K(629120K) Eden: 559232K(559232K)->0K(559232K) From: 69887K(69888K)->59479K(69888K)
[1380.412s][info][gc,heap        ] GC(2032) Tenured: 175295K(1398144K)->211096K(1398144K)
[1380.412s][info][gc,metaspace   ] GC(2032) Metaspace: 23216K(23552K)->23216K(23552K) NonClass: 20418K(20608K)->20418K(20608K) Class: 2798K(2944K)->2798K(2944K)
[1380.412s][info][gc             ] GC(2032) Pause Young (Allocation Failure) 785M->264M(1979M) 309.288ms
[1380.412s][info][gc,cpu         ] GC(2032) User=0.28s Sys=0.00s Real=0.30s
[1380.560s][info][gc,start       ] GC(2033) Pause Young (Allocation Failure)
[1380.999s][info][gc,heap        ] GC(2033) DefNew: 618711K(629120K)->69888K(629120K) Eden: 559232K(559232K)->0K(559232K) From: 59479K(69888K)->69888K(69888K)
[1380.999s][info][gc,heap        ] GC(2033) Tenured: 211096K(1398144K)->266790K(1398144K)
[1380.999s][info][gc,metaspace   ] GC(2033) Metaspace: 23216K(23552K)->23216K(23552K) NonClass: 20418K(20608K)->20418K(20608K) Class: 2798K(2944K)->2798K(2944K)
[1380.999s][info][gc             ] GC(2033) Pause Young (Allocation Failure) 810M->328M(1979M) 439.602ms
[1380.999s][info][gc,cpu         ] GC(2033) User=0.42s Sys=0.00s Real=0.44s
[1381.398s][info][gc,start       ] GC(2034) Pause Young (Allocation Failure)
[1381.720s][info][gc,heap        ] GC(2034) DefNew: 629120K(629120K)->65562K(629120K) Eden: 559232K(559232K)->0K(559232K) From: 69888K(69888K)->65562K(69888K)
[1381.720s][info][gc,heap        ] GC(2034) Tenured: 266790K(1398144K)->305212K(1398144K)
[1381.720s][info][gc,metaspace   ] GC(2034) Metaspace: 23216K(23552K)->23216K(23552K) NonClass: 20418K(20608K)->20418K(20608K) Class: 2798K(2944K)->2798K(2944K)
[1381.720s][info][gc             ] GC(2034) Pause Young (Allocation Failure) 874M->362M(1979M) 322.269ms
[1381.720s][info][gc,cpu         ] GC(2034) User=0.31s Sys=0.00s Real=0.33s
[1382.100s][info][gc,start       ] GC(2035) Pause Young (Allocation Failure)
[1382.384s][info][gc,heap        ] GC(2035) DefNew: 624794K(629120K)->58613K(629120K) Eden: 559232K(559232K)->0K(559232K) From: 65562K(69888K)->58613K(69888K)
[1382.384s][info][gc,heap        ] GC(2035) Tenured: 305212K(1398144K)->340335K(1398144K)
[1382.384s][info][gc,metaspace   ] GC(2035) Metaspace: 23216K(23552K)->23216K(23552K) NonClass: 20418K(20608K)->20418K(20608K) Class: 2798K(2944K)->2798K(2944K)
[1382.384s][info][gc             ] GC(2035) Pause Young (Allocation Failure) 908M->389M(1979M) 284.152ms
[1382.384s][info][gc,cpu         ] GC(2035) User=0.25s Sys=0.00s Real=0.28s
[1382.537s][info][gc,start       ] GC(2036) Pause Young (Allocation Failure)
[1382.980s][info][gc,heap        ] GC(2036) DefNew: 617845K(629120K)->69888K(629120K) Eden: 559232K(559232K)->0K(559232K) From: 58613K(69888K)->69888K(69888K)
[1382.980s][info][gc,heap        ] GC(2036) Tenured: 340335K(1398144K)->393617K(1398144K)
[1382.980s][info][gc,metaspace   ] GC(2036) Metaspace: 23216K(23552K)->23216K(23552K) NonClass: 20418K(20608K)->20418K(20608K) Class: 2798K(2944K)->2798K(2944K)
[1382.980s][info][gc             ] GC(2036) Pause Young (Allocation Failure) 935M->452M(1979M) 442.697ms
[1382.980s][info][gc,cpu         ] GC(2036) User=0.45s Sys=0.00s Real=0.44s
[1383.614s][info][gc,start       ] GC(2037) Pause Young (Allocation Failure)
[1383.872s][info][gc,heap        ] GC(2037) DefNew: 629120K(629120K)->45210K(629120K) Eden: 559232K(559232K)->0K(559232K) From: 69888K(69888K)->45210K(69888K)
[1383.872s][info][gc,heap        ] GC(2037) Tenured: 393617K(1398144K)->431372K(1398144K)
[1383.872s][info][gc,metaspace   ] GC(2037) Metaspace: 23216K(23552K)->23216K(23552K) NonClass: 20418K(20608K)->20418K(20608K) Class: 2798K(2944K)->2798K(2944K)
[1383.872s][info][gc             ] GC(2037) Pause Young (Allocation Failure) 998M->465M(1979M) 258.113ms
[1383.872s][info][gc,cpu         ] GC(2037) User=0.27s Sys=0.00s Real=0.25s
[1384.009s][info][gc,start       ] GC(2038) Pause Young (Allocation Failure)
[1384.378s][info][gc,heap        ] GC(2038) DefNew: 604442K(629120K)->69887K(629120K) Eden: 559232K(559232K)->0K(559232K) From: 45210K(69888K)->69887K(69888K)
[1384.378s][info][gc,heap        ] GC(2038) Tenured: 431372K(1398144K)->475109K(1398144K)
[1384.378s][info][gc,metaspace   ] GC(2038) Metaspace: 23216K(23552K)->23216K(23552K) NonClass: 20418K(20608K)->20418K(20608K) Class: 2798K(2944K)->2798K(2944K)
[1384.378s][info][gc             ] GC(2038) Pause Young (Allocation Failure) 1011M->532M(1979M) 368.693ms
[1384.378s][info][gc,cpu         ] GC(2038) User=0.34s Sys=0.00s Real=0.36s
[1384.527s][info][gc,start       ] GC(2039) Pause Young (Allocation Failure)
[1384.995s][info][gc,heap        ] GC(2039) DefNew: 629119K(629120K)->69887K(629120K) Eden: 559232K(559232K)->0K(559232K) From: 69887K(69888K)->69887K(69888K)
[1384.995s][info][gc,heap        ] GC(2039) Tenured: 475109K(1398144K)->538970K(1398144K)
[1384.995s][info][gc,metaspace   ] GC(2039) Metaspace: 23216K(23552K)->23216K(23552K) NonClass: 20418K(20608K)->20418K(20608K) Class: 2798K(2944K)->2798K(2944K)
[1384.995s][info][gc             ] GC(2039) Pause Young (Allocation Failure) 1078M->594M(1979M) 468.406ms
[1384.995s][info][gc,cpu         ] GC(2039) User=0.47s Sys=0.00s Real=0.46s
[1385.707s][info][gc,start       ] GC(2040) Pause Young (Allocation Failure)
[1385.953s][info][gc,heap        ] GC(2040) DefNew: 629119K(629120K)->44562K(629120K) Eden: 559232K(559232K)->0K(559232K) From: 69887K(69888K)->44562K(69888K)
[1385.953s][info][gc,heap        ] GC(2040) Tenured: 538970K(1398144K)->572849K(1398144K)
[1385.953s][info][gc,metaspace   ] GC(2040) Metaspace: 23216K(23552K)->23216K(23552K) NonClass: 20418K(20608K)->20418K(20608K) Class: 2798K(2944K)->2798K(2944K)
[1385.953s][info][gc             ] GC(2040) Pause Young (Allocation Failure) 1140M->602M(1979M) 245.848ms
[1385.953s][info][gc,cpu         ] GC(2040) User=0.25s Sys=0.00s Real=0.25s
[1386.107s][info][gc,start       ] GC(2041) Pause Young (Allocation Failure)
[1386.488s][info][gc,heap        ] GC(2041) DefNew: 603794K(629120K)->69887K(629120K) Eden: 559232K(559232K)->0K(559232K) From: 44562K(69888K)->69887K(69888K)
[1386.488s][info][gc,heap        ] GC(2041) Tenured: 572849K(1398144K)->614132K(1398144K)
[1386.488s][info][gc,metaspace   ] GC(2041) Metaspace: 23216K(23552K)->23216K(23552K) NonClass: 20418K(20608K)->20418K(20608K) Class: 2798K(2944K)->2798K(2944K)
[1386.488s][info][gc             ] GC(2041) Pause Young (Allocation Failure) 1149M->667M(1979M) 380.509ms
[1386.488s][info][gc,cpu         ] GC(2041) User=0.33s Sys=0.00s Real=0.37s
[1386.689s][info][gc,start       ] GC(2042) Pause Young (Allocation Failure)
[1387.142s][info][gc,heap        ] GC(2042) DefNew: 629119K(629120K)->69887K(629120K) Eden: 559232K(559232K)->0K(559232K) From: 69887K(69888K)->69887K(69888K)
[1387.142s][info][gc,heap        ] GC(2042) Tenured: 614132K(1398144K)->661592K(1398144K)
[1387.143s][info][gc,metaspace   ] GC(2042) Metaspace: 23216K(23552K)->23216K(23552K) NonClass: 20418K(20608K)->20418K(20608K) Class: 2798K(2944K)->2798K(2944K)
[1387.143s][info][gc             ] GC(2042) Pause Young (Allocation Failure) 1214M->714M(1979M) 453.788ms
[1387.143s][info][gc,cpu         ] GC(2042) User=0.44s Sys=0.00s Real=0.45s
[1387.574s][info][gc,start       ] GC(2043) Pause Young (Allocation Failure)
[1387.936s][info][gc,heap        ] GC(2043) DefNew: 629119K(629120K)->67266K(629120K) Eden: 559232K(559232K)->0K(559232K) From: 69887K(69888K)->67266K(69888K)
[1387.936s][info][gc,heap        ] GC(2043) Tenured: 661592K(1398144K)->697218K(1398144K)
[1387.936s][info][gc,metaspace   ] GC(2043) Metaspace: 23216K(23552K)->23216K(23552K) NonClass: 20418K(20608K)->20418K(20608K) Class: 2798K(2944K)->2798K(2944K)
[1387.936s][info][gc             ] GC(2043) Pause Young (Allocation Failure) 1260M->746M(1979M) 362.364ms
[1387.936s][info][gc,cpu         ] GC(2043) User=0.34s Sys=0.00s Real=0.36s
[1388.093s][info][gc,start       ] GC(2044) Pause Young (Allocation Failure)
[1388.570s][info][gc,heap        ] GC(2044) DefNew: 626498K(629120K)->69888K(629120K) Eden: 559232K(559232K)->0K(559232K) From: 67266K(69888K)->69888K(69888K)
[1388.570s][info][gc,heap        ] GC(2044) Tenured: 697218K(1398144K)->765864K(1398144K)
[1388.570s][info][gc,metaspace   ] GC(2044) Metaspace: 23216K(23552K)->23216K(23552K) NonClass: 20418K(20608K)->20418K(20608K) Class: 2798K(2944K)->2798K(2944K)
[1388.570s][info][gc             ] GC(2044) Pause Young (Allocation Failure) 1292M->816M(1979M) 477.622ms
[1388.570s][info][gc,cpu         ] GC(2044) User=0.47s Sys=0.00s Real=0.49s
[1389.311s][info][gc,start       ] GC(2045) Pause Young (Allocation Failure)
[1389.545s][info][gc,heap        ] GC(2045) DefNew: 629120K(629120K)->36862K(629120K) Eden: 559232K(559232K)->0K(559232K) From: 69888K(69888K)->36862K(69888K)
[1389.545s][info][gc,heap        ] GC(2045) Tenured: 765864K(1398144K)->801126K(1398144K)
[1389.545s][info][gc,metaspace   ] GC(2045) Metaspace: 23216K(23552K)->23216K(23552K) NonClass: 20418K(20608K)->20418K(20608K) Class: 2798K(2944K)->2798K(2944K)
[1389.545s][info][gc             ] GC(2045) Pause Young (Allocation Failure) 1362M->818M(1979M) 234.317ms
[1389.545s][info][gc,cpu         ] GC(2045) User=0.20s Sys=0.00s Real=0.22s
[1389.677s][info][gc,start       ] GC(2046) Pause Young (Allocation Failure)
[1390.038s][info][gc,heap        ] GC(2046) DefNew: 596094K(629120K)->67868K(629120K) Eden: 559232K(559232K)->0K(559232K) From: 36862K(69888K)->67868K(69888K)
[1390.039s][info][gc,heap        ] GC(2046) Tenured: 801126K(1398144K)->835518K(1398144K)
[1390.039s][info][gc,metaspace   ] GC(2046) Metaspace: 23216K(23552K)->23216K(23552K) NonClass: 20418K(20608K)->20418K(20608K) Class: 2798K(2944K)->2798K(2944K)
[1390.039s][info][gc             ] GC(2046) Pause Young (Allocation Failure) 1364M->882M(1979M) 361.839ms
[1390.039s][info][gc,cpu         ] GC(2046) User=0.34s Sys=0.00s Real=0.36s
[1390.199s][info][gc,start       ] GC(2047) Pause Young (Allocation Failure)
[1390.670s][info][gc,heap        ] GC(2047) DefNew: 627100K(629120K)->69888K(629120K) Eden: 559232K(559232K)->0K(559232K) From: 67868K(69888K)->69888K(69888K)
[1390.670s][info][gc,heap        ] GC(2047) Tenured: 835518K(1398144K)->901397K(1398144K)
[1390.670s][info][gc,metaspace   ] GC(2047) Metaspace: 23216K(23552K)->23216K(23552K) NonClass: 20418K(20608K)->20418K(20608K) Class: 2798K(2944K)->2798K(2944K)
[1390.670s][info][gc             ] GC(2047) Pause Young (Allocation Failure) 1428M->948M(1979M) 470.932ms
[1390.670s][info][gc,cpu         ] GC(2047) User=0.44s Sys=0.00s Real=0.47s
[1391.310s][info][gc,start       ] GC(2048) Pause Young (Allocation Failure)
[1391.652s][info][gc,heap        ] GC(2048) DefNew: 629120K(629120K)->69178K(629120K) Eden: 559232K(559232K)->0K(559232K) From: 69888K(69888K)->69178K(69888K)
[1391.652s][info][gc,heap        ] GC(2048) Tenured: 901397K(1398144K)->934724K(1398144K)
[1391.652s][info][gc,metaspace   ] GC(2048) Metaspace: 23216K(23552K)->23216K(23552K) NonClass: 20418K(20608K)->20418K(20608K) Class: 2798K(2944K)->2798K(2944K)
[1391.652s][info][gc             ] GC(2048) Pause Young (Allocation Failure) 1494M->980M(1979M) 342.055ms
[1391.652s][info][gc,cpu         ] GC(2048) User=0.33s Sys=0.00s Real=0.33s
[1391.802s][info][gc,start       ] GC(2049) Pause Young (Allocation Failure)
[1392.245s][info][gc,heap        ] GC(2049) DefNew: 628410K(629120K)->69887K(629120K) Eden: 559232K(559232K)->0K(559232K) From: 69178K(69888K)->69887K(69888K)
[1392.245s][info][gc,heap        ] GC(2049) Tenured: 934724K(1398144K)->1000192K(1398144K)
[1392.245s][info][gc,metaspace   ] GC(2049) Metaspace: 23216K(23552K)->23216K(23552K) NonClass: 20418K(20608K)->20418K(20608K) Class: 2798K(2944K)->2798K(2944K)
[1392.245s][info][gc             ] GC(2049) Pause Young (Allocation Failure) 1526M->1045M(1979M) 443.787ms
[1392.245s][info][gc,cpu         ] GC(2049) User=0.44s Sys=0.00s Real=0.44s
[1392.716s][info][gc,start       ] GC(2050) Pause Young (Allocation Failure)
[1392.984s][info][gc,heap        ] GC(2050) DefNew: 629119K(629120K)->49603K(629120K) Eden: 559232K(559232K)->0K(559232K) From: 69887K(69888K)->49603K(69888K)
[1392.984s][info][gc,heap        ] GC(2050) Tenured: 1000192K(1398144K)->1036074K(1398144K)
[1392.984s][info][gc,metaspace   ] GC(2050) Metaspace: 23216K(23552K)->23216K(23552K) NonClass: 20418K(20608K)->20418K(20608K) Class: 2798K(2944K)->2798K(2944K)
[1392.984s][info][gc             ] GC(2050) Pause Young (Allocation Failure) 1591M->1060M(1979M) 267.887ms
[1392.984s][info][gc,cpu         ] GC(2050) User=0.20s Sys=0.00s Real=0.27s
[1393.197s][info][gc,start       ] GC(2051) Pause Young (Allocation Failure)
[1393.549s][info][gc,heap        ] GC(2051) DefNew: 608835K(629120K)->69887K(629120K) Eden: 559232K(559232K)->0K(559232K) From: 49603K(69888K)->69887K(69888K)
[1393.549s][info][gc,heap        ] GC(2051) Tenured: 1036074K(1398144K)->1076254K(1398144K)
[1393.549s][info][gc,metaspace   ] GC(2051) Metaspace: 23216K(23552K)->23216K(23552K) NonClass: 20418K(20608K)->20418K(20608K) Class: 2798K(2944K)->2798K(2944K)
[1393.549s][info][gc             ] GC(2051) Pause Young (Allocation Failure) 1606M->1119M(1979M) 352.485ms
[1393.549s][info][gc,cpu         ] GC(2051) User=0.33s Sys=0.00s Real=0.36s
[1393.693s][info][gc,start       ] GC(2052) Pause Young (Allocation Failure)
[1394.166s][info][gc,heap        ] GC(2052) DefNew: 629119K(629120K)->69887K(629120K) Eden: 559232K(559232K)->0K(559232K) From: 69887K(69888K)->69887K(69888K)
[1394.166s][info][gc,heap        ] GC(2052) Tenured: 1076254K(1398144K)->1138571K(1398144K)
[1394.166s][info][gc,metaspace   ] GC(2052) Metaspace: 23216K(23552K)->23216K(23552K) NonClass: 20418K(20608K)->20418K(20608K) Class: 2798K(2944K)->2798K(2944K)
[1394.167s][info][gc             ] GC(2052) Pause Young (Allocation Failure) 1665M->1180M(1979M) 473.796ms
[1394.167s][info][gc,cpu         ] GC(2052) User=0.48s Sys=0.00s Real=0.49s
[1394.750s][info][gc,start       ] GC(2053) Pause Young (Allocation Failure)
[1395.043s][info][gc,heap        ] GC(2053) DefNew: 629119K(629120K)->54265K(629120K) Eden: 559232K(559232K)->0K(559232K) From: 69887K(69888K)->54265K(69888K)
[1395.043s][info][gc,heap        ] GC(2053) Tenured: 1138571K(1398144K)->1171572K(1398144K)
[1395.043s][info][gc,metaspace   ] GC(2053) Metaspace: 23216K(23552K)->23216K(23552K) NonClass: 20418K(20608K)->20418K(20608K) Class: 2798K(2944K)->2798K(2944K)
[1395.043s][info][gc             ] GC(2053) Pause Young (Allocation Failure) 1726M->1197M(1979M) 293.418ms
[1395.043s][info][gc,cpu         ] GC(2053) User=0.28s Sys=0.00s Real=0.28s
[1395.182s][info][gc,start       ] GC(2054) Pause Young (Allocation Failure)
[1395.602s][info][gc,heap        ] GC(2054) DefNew: 613497K(629120K)->69888K(629120K) Eden: 559232K(559232K)->0K(559232K) From: 54265K(69888K)->69888K(69888K)
[1395.602s][info][gc,heap        ] GC(2054) Tenured: 1171572K(1398144K)->1221656K(1398144K)
[1395.602s][info][gc,metaspace   ] GC(2054) Metaspace: 23216K(23552K)->23216K(23552K) NonClass: 20418K(20608K)->20418K(20608K) Class: 2798K(2944K)->2798K(2944K)
[1395.602s][info][gc             ] GC(2054) Pause Young (Allocation Failure) 1743M->1261M(1979M) 420.555ms
[1395.602s][info][gc,cpu         ] GC(2054) User=0.41s Sys=0.00s Real=0.42s
[1395.849s][info][gc,start       ] GC(2055) Pause Young (Allocation Failure)
[1396.286s][info][gc,heap        ] GC(2055) DefNew: 629120K(629120K)->69887K(629120K) Eden: 559232K(559232K)->0K(559232K) From: 69888K(69888K)->69887K(69888K)
[1396.286s][info][gc,heap        ] GC(2055) Tenured: 1221656K(1398144K)->1268515K(1398144K)
[1396.286s][info][gc,metaspace   ] GC(2055) Metaspace: 23216K(23552K)->23216K(23552K) NonClass: 20418K(20608K)->20418K(20608K) Class: 2798K(2944K)->2798K(2944K)
[1396.286s][info][gc             ] GC(2055) Pause Young (Allocation Failure) 1807M->1307M(1979M) 436.967ms
[1396.286s][info][gc,cpu         ] GC(2055) User=0.42s Sys=0.00s Real=0.42s
[1396.647s][info][gc,start       ] GC(2056) Pause Full (System.gc())
[1396.647s][info][gc,phases,start] GC(2056) Phase 1: Mark live objects
[1396.848s][info][gc,phases      ] GC(2056) Phase 1: Mark live objects 200.896ms
[1396.848s][info][gc,phases,start] GC(2056) Phase 2: Compute new object addresses
[1397.085s][info][gc,phases      ] GC(2056) Phase 2: Compute new object addresses 237.553ms
[1397.085s][info][gc,phases,start] GC(2056) Phase 3: Adjust pointers
[1397.171s][info][gc,phases      ] GC(2056) Phase 3: Adjust pointers 85.399ms
[1397.171s][info][gc,phases,start] GC(2056) Phase 4: Move objects
[1397.206s][info][gc,phases      ] GC(2056) Phase 4: Move objects 35.373ms
[1397.207s][info][gc,heap        ] GC(2056) DefNew: 301025K(629120K)->0K(629120K) Eden: 231137K(559232K)->0K(559232K) From: 69887K(69888K)->0K(69888K)
[1397.207s][info][gc,heap        ] GC(2056) Tenured: 1268515K(1398144K)->167129K(1398144K)
[1397.207s][info][gc,metaspace   ] GC(2056) Metaspace: 23216K(23552K)->23216K(23552K) NonClass: 20418K(20608K)->20418K(20608K) Class: 2798K(2944K)->2798K(2944K)
[1397.207s][info][gc             ] GC(2056) Pause Full (System.gc()) 1532M->163M(1979M) 559.863ms
[1397.207s][info][gc,cpu         ] GC(2056) User=0.56s Sys=0.00s Real=0.57s
[1397.377s][info][gc,start       ] GC(2057) Pause Young (Allocation Failure)
[1397.679s][info][gc,heap        ] GC(2057) DefNew: 559232K(629120K)->69887K(629120K) Eden: 559232K(559232K)->0K(559232K) From: 0K(69888K)->69887K(69888K)
[1397.679s][info][gc,heap        ] GC(2057) Tenured: 167129K(1398144K)->173611K(1398144K)
[1397.679s][info][gc,metaspace   ] GC(2057) Metaspace: 23216K(23552K)->23216K(23552K) NonClass: 20418K(20608K)->20418K(20608K) Class: 2798K(2944K)->2798K(2944K)
[1397.679s][info][gc             ] GC(2057) Pause Young (Allocation Failure) 709M->237M(1979M) 301.780ms
[1397.679s][info][gc,cpu         ] GC(2057) User=0.27s Sys=0.00s Real=0.30s
[1397.832s][info][gc,start       ] GC(2058) Pause Young (Allocation Failure)
[1398.330s][info][gc,heap        ] GC(2058) DefNew: 629119K(629120K)->69887K(629120K) Eden: 559232K(559232K)->0K(559232K) From: 69887K(69888K)->69887K(69888K)
[1398.330s][info][gc,heap        ] GC(2058) Tenured: 173611K(1398144K)->245545K(1398144K)
[1398.330s][info][gc,metaspace   ] GC(2058) Metaspace: 23216K(23552K)->23216K(23552K) NonClass: 20418K(20608K)->20418K(20608K) Class: 2798K(2944K)->2798K(2944K)
[1398.330s][info][gc             ] GC(2058) Pause Young (Allocation Failure) 783M->308M(1979M) 497.201ms
[1398.330s][info][gc,cpu         ] GC(2058) User=0.52s Sys=0.00s Real=0.50s
[1398.852s][info][gc,start       ] GC(2059) Pause Young (Allocation Failure)
[1399.171s][info][gc,heap        ] GC(2059) DefNew: 629119K(629120K)->61934K(629120K) Eden: 559232K(559232K)->0K(559232K) From: 69887K(69888K)->61934K(69888K)
[1399.171s][info][gc,heap        ] GC(2059) Tenured: 245545K(1398144K)->278654K(1398144K)
[1399.171s][info][gc,metaspace   ] GC(2059) Metaspace: 23216K(23552K)->23216K(23552K) NonClass: 20418K(20608K)->20418K(20608K) Class: 2798K(2944K)->2798K(2944K)
[1399.171s][info][gc             ] GC(2059) Pause Young (Allocation Failure) 854M->332M(1979M) 318.794ms
[1399.171s][info][gc,cpu         ] GC(2059) User=0.31s Sys=0.00s Real=0.31s
[1399.322s][info][gc,start       ] GC(2060) Pause Young (Allocation Failure)
[1399.771s][info][gc,heap        ] GC(2060) DefNew: 621166K(629120K)->69888K(629120K) Eden: 559232K(559232K)->0K(559232K) From: 61934K(69888K)->69888K(69888K)
[1399.771s][info][gc,heap        ] GC(2060) Tenured: 278654K(1398144K)->339176K(1398144K)
[1399.771s][info][gc,metaspace   ] GC(2060) Metaspace: 23216K(23552K)->23216K(23552K) NonClass: 20418K(20608K)->20418K(20608K) Class: 2798K(2944K)->2798K(2944K)
[1399.771s][info][gc             ] GC(2060) Pause Young (Allocation Failure) 878M->399M(1979M) 448.700ms
[1399.771s][info][gc,cpu         ] GC(2060) User=0.42s Sys=0.00s Real=0.46s
[1400.189s][info][gc,start       ] GC(2061) Pause Young (Allocation Failure)
[1400.484s][info][gc,heap        ] GC(2061) DefNew: 629120K(629120K)->58409K(629120K) Eden: 559232K(559232K)->0K(559232K) From: 69888K(69888K)->58409K(69888K)
[1400.484s][info][gc,heap        ] GC(2061) Tenured: 339176K(1398144K)->375869K(1398144K)
[1400.484s][info][gc,metaspace   ] GC(2061) Metaspace: 23216K(23552K)->23216K(23552K) NonClass: 20418K(20608K)->20418K(20608K) Class: 2798K(2944K)->2798K(2944K)
[1400.484s][info][gc             ] GC(2061) Pause Young (Allocation Failure) 945M->424M(1979M) 294.240ms
[1400.484s][info][gc,cpu         ] GC(2061) User=0.30s Sys=0.00s Real=0.30s
[1400.732s][info][gc,start       ] GC(2062) Pause Young (Allocation Failure)
[1401.060s][info][gc,heap        ] GC(2062) DefNew: 617641K(629120K)->69887K(629120K) Eden: 559232K(559232K)->0K(559232K) From: 58409K(69888K)->69887K(69888K)
[1401.060s][info][gc,heap        ] GC(2062) Tenured: 375869K(1398144K)->413227K(1398144K)
[1401.060s][info][gc,metaspace   ] GC(2062) Metaspace: 23216K(23552K)->23216K(23552K) NonClass: 20418K(20608K)->20418K(20608K) Class: 2798K(2944K)->2798K(2944K)
[1401.060s][info][gc             ] GC(2062) Pause Young (Allocation Failure) 970M->471M(1979M) 328.325ms
[1401.060s][info][gc,cpu         ] GC(2062) User=0.33s Sys=0.00s Real=0.33s
[1401.209s][info][gc,start       ] GC(2063) Pause Young (Allocation Failure)
[1401.673s][info][gc,heap        ] GC(2063) DefNew: 629119K(629120K)->69888K(629120K) Eden: 559232K(559232K)->0K(559232K) From: 69887K(69888K)->69888K(69888K)
[1401.673s][info][gc,heap        ] GC(2063) Tenured: 413227K(1398144K)->478377K(1398144K)
[1401.673s][info][gc,metaspace   ] GC(2063) Metaspace: 23216K(23552K)->23216K(23552K) NonClass: 20418K(20608K)->20418K(20608K) Class: 2798K(2944K)->2798K(2944K)
[1401.673s][info][gc             ] GC(2063) Pause Young (Allocation Failure) 1017M->535M(1979M) 464.227ms
[1401.673s][info][gc,cpu         ] GC(2063) User=0.41s Sys=0.03s Real=0.45s
[1402.223s][info][gc,start       ] GC(2064) Pause Young (Allocation Failure)
[1402.500s][info][gc,heap        ] GC(2064) DefNew: 629120K(629120K)->51410K(629120K) Eden: 559232K(559232K)->0K(559232K) From: 69888K(69888K)->51410K(69888K)
[1402.500s][info][gc,heap        ] GC(2064) Tenured: 478377K(1398144K)->513810K(1398144K)
[1402.500s][info][gc,metaspace   ] GC(2064) Metaspace: 23216K(23552K)->23216K(23552K) NonClass: 20418K(20608K)->20418K(20608K) Class: 2798K(2944K)->2798K(2944K)
[1402.500s][info][gc             ] GC(2064) Pause Young (Allocation Failure) 1081M->551M(1979M) 277.436ms
[1402.500s][info][gc,cpu         ] GC(2064) User=0.27s Sys=0.00s Real=0.27s
[1402.645s][info][gc,start       ] GC(2065) Pause Young (Allocation Failure)
[1403.063s][info][gc,heap        ] GC(2065) DefNew: 610642K(629120K)->69887K(629120K) Eden: 559232K(559232K)->0K(559232K) From: 51410K(69888K)->69887K(69888K)
[1403.063s][info][gc,heap        ] GC(2065) Tenured: 513810K(1398144K)->565357K(1398144K)
[1403.063s][info][gc,metaspace   ] GC(2065) Metaspace: 23216K(23552K)->23216K(23552K) NonClass: 20418K(20608K)->20418K(20608K) Class: 2798K(2944K)->2798K(2944K)
[1403.063s][info][gc             ] GC(2065) Pause Young (Allocation Failure) 1098M->620M(1979M) 417.975ms
[1403.063s][info][gc,cpu         ] GC(2065) User=0.34s Sys=0.02s Real=0.42s
[1403.245s][info][gc,start       ] GC(2066) Pause Young (Allocation Failure)
[1403.716s][info][gc,heap        ] GC(2066) DefNew: 629119K(629120K)->69888K(629120K) Eden: 559232K(559232K)->0K(559232K) From: 69887K(69888K)->69888K(69888K)
[1403.716s][info][gc,heap        ] GC(2066) Tenured: 565357K(1398144K)->617947K(1398144K)
[1403.716s][info][gc,metaspace   ] GC(2066) Metaspace: 23216K(23552K)->23216K(23552K) NonClass: 20418K(20608K)->20418K(20608K) Class: 2798K(2944K)->2798K(2944K)
[1403.716s][info][gc             ] GC(2066) Pause Young (Allocation Failure) 1166M->671M(1979M) 471.435ms
[1403.716s][info][gc,cpu         ] GC(2066) User=0.44s Sys=0.00s Real=0.47s
[1404.222s][info][gc,start       ] GC(2067) Pause Young (Allocation Failure)
[1404.540s][info][gc,heap        ] GC(2067) DefNew: 629120K(629120K)->64301K(629120K) Eden: 559232K(559232K)->0K(559232K) From: 69888K(69888K)->64301K(69888K)
[1404.540s][info][gc,heap        ] GC(2067) Tenured: 617947K(1398144K)->651147K(1398144K)
[1404.540s][info][gc,metaspace   ] GC(2067) Metaspace: 23216K(23552K)->23216K(23552K) NonClass: 20418K(20608K)->20418K(20608K) Class: 2798K(2944K)->2798K(2944K)
[1404.540s][info][gc             ] GC(2067) Pause Young (Allocation Failure) 1217M->698M(1979M) 317.283ms
[1404.540s][info][gc,cpu         ] GC(2067) User=0.28s Sys=0.00s Real=0.31s
[1404.688s][info][gc,start       ] GC(2068) Pause Young (Allocation Failure)
[1405.140s][info][gc,heap        ] GC(2068) DefNew: 623533K(629120K)->69888K(629120K) Eden: 559232K(559232K)->0K(559232K) From: 64301K(69888K)->69888K(69888K)
[1405.140s][info][gc,heap        ] GC(2068) Tenured: 651147K(1398144K)->711919K(1398144K)
[1405.140s][info][gc,metaspace   ] GC(2068) Metaspace: 23216K(23552K)->23216K(23552K) NonClass: 20418K(20608K)->20418K(20608K) Class: 2798K(2944K)->2798K(2944K)
[1405.140s][info][gc             ] GC(2068) Pause Young (Allocation Failure) 1244M->763M(1979M) 452.055ms
[1405.140s][info][gc,cpu         ] GC(2068) User=0.39s Sys=0.00s Real=0.44s
[1405.737s][info][gc,start       ] GC(2069) Pause Young (Allocation Failure)
[1405.979s][info][gc,heap        ] GC(2069) DefNew: 629120K(629120K)->39712K(629120K) Eden: 559232K(559232K)->0K(559232K) From: 69888K(69888K)->39712K(69888K)
[1405.979s][info][gc,heap        ] GC(2069) Tenured: 711919K(1398144K)->748640K(1398144K)
[1405.979s][info][gc,metaspace   ] GC(2069) Metaspace: 23216K(23552K)->23216K(23552K) NonClass: 20418K(20608K)->20418K(20608K) Class: 2798K(2944K)->2798K(2944K)
[1405.979s][info][gc             ] GC(2069) Pause Young (Allocation Failure) 1309M->769M(1979M) 241.709ms
[1405.979s][info][gc,cpu         ] GC(2069) User=0.23s Sys=0.00s Real=0.24s
[1406.117s][info][gc,start       ] GC(2070) Pause Young (Allocation Failure)
[1406.474s][info][gc,heap        ] GC(2070) DefNew: 598944K(629120K)->69887K(629120K) Eden: 559232K(559232K)->0K(559232K) From: 39712K(69888K)->69887K(69888K)
[1406.474s][info][gc,heap        ] GC(2070) Tenured: 748640K(1398144K)->787274K(1398144K)
[1406.474s][info][gc,metaspace   ] GC(2070) Metaspace: 23216K(23552K)->23216K(23552K) NonClass: 20418K(20608K)->20418K(20608K) Class: 2798K(2944K)->2798K(2944K)
[1406.474s][info][gc             ] GC(2070) Pause Young (Allocation Failure) 1316M->837M(1979M) 357.363ms
[1406.474s][info][gc,cpu         ] GC(2070) User=0.33s Sys=0.00s Real=0.36s
[1406.632s][info][gc,start       ] GC(2071) Pause Young (Allocation Failure)
[1407.109s][info][gc,heap        ] GC(2071) DefNew: 629119K(629120K)->69888K(629120K) Eden: 559232K(559232K)->0K(559232K) From: 69887K(69888K)->69888K(69888K)
[1407.109s][info][gc,heap        ] GC(2071) Tenured: 787274K(1398144K)->854286K(1398144K)
[1407.109s][info][gc,metaspace   ] GC(2071) Metaspace: 23216K(23552K)->23216K(23552K) NonClass: 20418K(20608K)->20418K(20608K) Class: 2798K(2944K)->2798K(2944K)
[1407.109s][info][gc             ] GC(2071) Pause Young (Allocation Failure) 1383M->902M(1979M) 477.490ms
[1407.109s][info][gc,cpu         ] GC(2071) User=0.45s Sys=0.00s Real=0.47s
[1407.718s][info][gc,start       ] GC(2072) Pause Young (Allocation Failure)
[1408.025s][info][gc,heap        ] GC(2072) DefNew: 629120K(629120K)->57334K(629120K) Eden: 559232K(559232K)->0K(559232K) From: 69888K(69888K)->57334K(69888K)
[1408.025s][info][gc,heap        ] GC(2072) Tenured: 854286K(1398144K)->890406K(1398144K)
[1408.025s][info][gc,metaspace   ] GC(2072) Metaspace: 23216K(23552K)->23216K(23552K) NonClass: 20418K(20608K)->20418K(20608K) Class: 2798K(2944K)->2798K(2944K)
[1408.025s][info][gc             ] GC(2072) Pause Young (Allocation Failure) 1448M->925M(1979M) 306.255ms
[1408.025s][info][gc,cpu         ] GC(2072) User=0.30s Sys=0.00s Real=0.32s
[1408.164s][info][gc,start       ] GC(2073) Pause Young (Allocation Failure)
[1408.586s][info][gc,heap        ] GC(2073) DefNew: 616566K(629120K)->69887K(629120K) Eden: 559232K(559232K)->0K(559232K) From: 57334K(69888K)->69887K(69888K)
[1408.586s][info][gc,heap        ] GC(2073) Tenured: 890406K(1398144K)->943419K(1398144K)
[1408.586s][info][gc,metaspace   ] GC(2073) Metaspace: 23216K(23552K)->23216K(23552K) NonClass: 20418K(20608K)->20418K(20608K) Class: 2798K(2944K)->2798K(2944K)
[1408.586s][info][gc             ] GC(2073) Pause Young (Allocation Failure) 1471M->989M(1979M) 422.055ms
[1408.586s][info][gc,cpu         ] GC(2073) User=0.36s Sys=0.00s Real=0.41s
[1408.902s][info][gc,start       ] GC(2074) Pause Young (Allocation Failure)
[1409.257s][info][gc,heap        ] GC(2074) DefNew: 629119K(629120K)->68577K(629120K) Eden: 559232K(559232K)->0K(559232K) From: 69887K(69888K)->68577K(69888K)
[1409.257s][info][gc,heap        ] GC(2074) Tenured: 943419K(1398144K)->981995K(1398144K)
[1409.257s][info][gc,metaspace   ] GC(2074) Metaspace: 23216K(23552K)->23216K(23552K) NonClass: 20418K(20608K)->20418K(20608K) Class: 2798K(2944K)->2798K(2944K)
[1409.257s][info][gc             ] GC(2074) Pause Young (Allocation Failure) 1535M->1025M(1979M) 354.429ms
[1409.257s][info][gc,cpu         ] GC(2074) User=0.31s Sys=0.00s Real=0.35s
[1409.642s][info][gc,start       ] GC(2075) Pause Young (Allocation Failure)
[1409.958s][info][gc,heap        ] GC(2075) DefNew: 627809K(629120K)->65863K(629120K) Eden: 559232K(559232K)->0K(559232K) From: 68577K(69888K)->65863K(69888K)
[1409.958s][info][gc,heap        ] GC(2075) Tenured: 981995K(1398144K)->1017707K(1398144K)
[1409.958s][info][gc,metaspace   ] GC(2075) Metaspace: 23218K(23552K)->23218K(23552K) NonClass: 20419K(20608K)->20419K(20608K) Class: 2798K(2944K)->2798K(2944K)
[1409.958s][info][gc             ] GC(2075) Pause Young (Allocation Failure) 1572M->1058M(1979M) 316.101ms
[1409.958s][info][gc,cpu         ] GC(2075) User=0.31s Sys=0.00s Real=0.33s
[1410.109s][info][gc,start       ] GC(2076) Pause Young (Allocation Failure)
[1410.561s][info][gc,heap        ] GC(2076) DefNew: 625095K(629120K)->69887K(629120K) Eden: 559232K(559232K)->0K(559232K) From: 65863K(69888K)->69887K(69888K)
[1410.561s][info][gc,heap        ] GC(2076) Tenured: 1017707K(1398144K)->1079616K(1398144K)
[1410.561s][info][gc,metaspace   ] GC(2076) Metaspace: 23218K(23552K)->23218K(23552K) NonClass: 20419K(20608K)->20419K(20608K) Class: 2798K(2944K)->2798K(2944K)
[1410.561s][info][gc             ] GC(2076) Pause Young (Allocation Failure) 1604M->1122M(1979M) 451.517ms
[1410.561s][info][gc,cpu         ] GC(2076) User=0.44s Sys=0.00s Real=0.45s
[1411.098s][info][gc,start       ] GC(2077) Pause Young (Allocation Failure)
[1411.361s][info][gc,heap        ] GC(2077) DefNew: 629119K(629120K)->47084K(629120K) Eden: 559232K(559232K)->0K(559232K) From: 69887K(69888K)->47084K(69888K)
[1411.361s][info][gc,heap        ] GC(2077) Tenured: 1079616K(1398144K)->1116181K(1398144K)
[1411.361s][info][gc,metaspace   ] GC(2077) Metaspace: 23219K(23552K)->23219K(23552K) NonClass: 20420K(20608K)->20420K(20608K) Class: 2798K(2944K)->2798K(2944K)
[1411.361s][info][gc             ] GC(2077) Pause Young (Allocation Failure) 1668M->1136M(1979M) 262.636ms
[1411.361s][info][gc,cpu         ] GC(2077) User=0.25s Sys=0.00s Real=0.27s
[1411.544s][info][gc,start       ] GC(2078) Pause Young (Allocation Failure)
[1411.996s][info][gc,heap        ] GC(2078) DefNew: 606316K(629120K)->69888K(629120K) Eden: 559232K(559232K)->0K(559232K) From: 47084K(69888K)->69888K(69888K)
[1411.996s][info][gc,heap        ] GC(2078) Tenured: 1116181K(1398144K)->1175238K(1398144K)
[1411.996s][info][gc,metaspace   ] GC(2078) Metaspace: 23219K(23552K)->23219K(23552K) NonClass: 20420K(20608K)->20420K(20608K) Class: 2798K(2944K)->2798K(2944K)
[1411.996s][info][gc             ] GC(2078) Pause Young (Allocation Failure) 1682M->1215M(1979M) 451.289ms
[1411.996s][info][gc,cpu         ] GC(2078) User=0.45s Sys=0.00s Real=0.44s
[1412.273s][info][gc,start       ] GC(2079) Pause Young (Allocation Failure)
[1412.716s][info][gc,heap        ] GC(2079) DefNew: 629120K(629120K)->69887K(629120K) Eden: 559232K(559232K)->0K(559232K) From: 69888K(69888K)->69887K(69888K)
[1412.716s][info][gc,heap        ] GC(2079) Tenured: 1175238K(1398144K)->1221915K(1398144K)
[1412.716s][info][gc,metaspace   ] GC(2079) Metaspace: 23219K(23552K)->23219K(23552K) NonClass: 20420K(20608K)->20420K(20608K) Class: 2798K(2944K)->2798K(2944K)
[1412.716s][info][gc             ] GC(2079) Pause Young (Allocation Failure) 1762M->1261M(1979M) 442.849ms
[1412.716s][info][gc,cpu         ] GC(2079) User=0.42s Sys=0.00s Real=0.44s
[1413.168s][info][gc,start       ] GC(2080) Pause Young (Allocation Failure)
[1413.506s][info][gc,heap        ] GC(2080) DefNew: 629119K(629120K)->68015K(629120K) Eden: 559232K(559232K)->0K(559232K) From: 69887K(69888K)->68015K(69888K)
[1413.506s][info][gc,heap        ] GC(2080) Tenured: 1221915K(1398144K)->1256321K(1398144K)
[1413.506s][info][gc,metaspace   ] GC(2080) Metaspace: 23219K(23552K)->23219K(23552K) NonClass: 20421K(20608K)->20421K(20608K) Class: 2798K(2944K)->2798K(2944K)
[1413.506s][info][gc             ] GC(2080) Pause Young (Allocation Failure) 1807M->1293M(1979M) 338.403ms
[1413.506s][info][gc,cpu         ] GC(2080) User=0.34s Sys=0.00s Real=0.34s
[1413.657s][info][gc,start       ] GC(2081) Pause Young (Allocation Failure)
[1414.126s][info][gc,heap        ] GC(2081) DefNew: 627247K(629120K)->69887K(629120K) Eden: 559232K(559232K)->0K(559232K) From: 68015K(69888K)->69887K(69888K)
[1414.126s][info][gc,heap        ] GC(2081) Tenured: 1256321K(1398144K)->1319862K(1398144K)
[1414.126s][info][gc,metaspace   ] GC(2081) Metaspace: 23219K(23552K)->23219K(23552K) NonClass: 20421K(20608K)->20421K(20608K) Class: 2798K(2944K)->2798K(2944K)
[1414.126s][info][gc             ] GC(2081) Pause Young (Allocation Failure) 1839M->1357M(1979M) 469.331ms
[1414.126s][info][gc,cpu         ] GC(2081) User=0.39s Sys=0.00s Real=0.47s
[1414.671s][info][gc,start       ] GC(2082) Pause Full (System.gc())
[1414.671s][info][gc,phases,start] GC(2082) Phase 1: Mark live objects
[1414.857s][info][gc,phases      ] GC(2082) Phase 1: Mark live objects 185.875ms
[1414.857s][info][gc,phases,start] GC(2082) Phase 2: Compute new object addresses
[1415.141s][info][gc,phases      ] GC(2082) Phase 2: Compute new object addresses 283.690ms
[1415.141s][info][gc,phases,start] GC(2082) Phase 3: Adjust pointers
[1415.253s][info][gc,phases      ] GC(2082) Phase 3: Adjust pointers 112.096ms
[1415.253s][info][gc,phases,start] GC(2082) Phase 4: Move objects
[1415.308s][info][gc,phases      ] GC(2082) Phase 4: Move objects 54.951ms
[1415.309s][info][gc,heap        ] GC(2082) DefNew: 609303K(629120K)->0K(629120K) Eden: 539415K(559232K)->0K(559232K) From: 69887K(69888K)->0K(69888K)
[1415.309s][info][gc,heap        ] GC(2082) Tenured: 1319862K(1398144K)->105089K(1398144K)
[1415.309s][info][gc,metaspace   ] GC(2082) Metaspace: 23219K(23552K)->23219K(23552K) NonClass: 20421K(20608K)->20421K(20608K) Class: 2798K(2944K)->2798K(2944K)
[1415.309s][info][gc             ] GC(2082) Pause Full (System.gc()) 1883M->102M(1979M) 637.335ms
[1415.309s][info][gc,cpu         ] GC(2082) User=0.62s Sys=0.00s Real=0.64s
[1415.467s][info][gc,start       ] GC(2083) Pause Young (Allocation Failure)
[1415.763s][info][gc,heap        ] GC(2083) DefNew: 559232K(629120K)->69888K(629120K) Eden: 559232K(559232K)->0K(559232K) From: 0K(69888K)->69888K(69888K)
[1415.763s][info][gc,heap        ] GC(2083) Tenured: 105089K(1398144K)->108738K(1398144K)
[1415.763s][info][gc,metaspace   ] GC(2083) Metaspace: 23222K(23552K)->23222K(23552K) NonClass: 20423K(20608K)->20423K(20608K) Class: 2798K(2944K)->2798K(2944K)
[1415.763s][info][gc             ] GC(2083) Pause Young (Allocation Failure) 648M->174M(1979M) 296.212ms
[1415.763s][info][gc,cpu         ] GC(2083) User=0.28s Sys=0.00s Real=0.28s
[1415.919s][info][gc,start       ] GC(2084) Pause Young (Allocation Failure)
[1416.410s][info][gc,heap        ] GC(2084) DefNew: 629120K(629120K)->69888K(629120K) Eden: 559232K(559232K)->0K(559232K) From: 69888K(69888K)->69888K(69888K)
[1416.410s][info][gc,heap        ] GC(2084) Tenured: 108738K(1398144K)->176898K(1398144K)
[1416.410s][info][gc,metaspace   ] GC(2084) Metaspace: 23222K(23552K)->23222K(23552K) NonClass: 20423K(20608K)->20423K(20608K) Class: 2798K(2944K)->2798K(2944K)
[1416.410s][info][gc             ] GC(2084) Pause Young (Allocation Failure) 720M->241M(1979M) 491.259ms
[1416.410s][info][gc,cpu         ] GC(2084) User=0.48s Sys=0.00s Real=0.49s
[1416.940s][info][gc,start       ] GC(2085) Pause Young (Allocation Failure)
[1417.253s][info][gc,heap        ] GC(2085) DefNew: 629120K(629120K)->59959K(629120K) Eden: 559232K(559232K)->0K(559232K) From: 69888K(69888K)->59959K(69888K)
[1417.253s][info][gc,heap        ] GC(2085) Tenured: 176898K(1398144K)->214586K(1398144K)
[1417.253s][info][gc,metaspace   ] GC(2085) Metaspace: 23222K(23552K)->23222K(23552K) NonClass: 20423K(20608K)->20423K(20608K) Class: 2798K(2944K)->2798K(2944K)
[1417.253s][info][gc             ] GC(2085) Pause Young (Allocation Failure) 787M->268M(1979M) 313.360ms
[1417.253s][info][gc,cpu         ] GC(2085) User=0.30s Sys=0.00s Real=0.30s
[1417.397s][info][gc,start       ] GC(2086) Pause Young (Allocation Failure)
[1417.824s][info][gc,heap        ] GC(2086) DefNew: 619191K(629120K)->69888K(629120K) Eden: 559232K(559232K)->0K(559232K) From: 59959K(69888K)->69888K(69888K)
[1417.824s][info][gc,heap        ] GC(2086) Tenured: 214586K(1398144K)->271607K(1398144K)
[1417.824s][info][gc,metaspace   ] GC(2086) Metaspace: 23222K(23552K)->23222K(23552K) NonClass: 20423K(20608K)->20423K(20608K) Class: 2798K(2944K)->2798K(2944K)
[1417.825s][info][gc             ] GC(2086) Pause Young (Allocation Failure) 814M->333M(1979M) 427.065ms
[1417.825s][info][gc,cpu         ] GC(2086) User=0.42s Sys=0.00s Real=0.42s
[1418.180s][info][gc,start       ] GC(2087) Pause Young (Allocation Failure)
[1418.498s][info][gc,heap        ] GC(2087) DefNew: 629120K(629120K)->65158K(629120K) Eden: 559232K(559232K)->0K(559232K) From: 69888K(69888K)->65158K(69888K)
[1418.498s][info][gc,heap        ] GC(2087) Tenured: 271607K(1398144K)->306883K(1398144K)
[1418.499s][info][gc,metaspace   ] GC(2087) Metaspace: 23222K(23552K)->23222K(23552K) NonClass: 20423K(20608K)->20423K(20608K) Class: 2798K(2944K)->2798K(2944K)
[1418.499s][info][gc             ] GC(2087) Pause Young (Allocation Failure) 879M->363M(1979M) 318.993ms
[1418.499s][info][gc,cpu         ] GC(2087) User=0.31s Sys=0.00s Real=0.31s
[1418.842s][info][gc,start       ] GC(2088) Pause Young (Allocation Failure)
[1419.164s][info][gc,heap        ] GC(2088) DefNew: 624390K(629120K)->69888K(629120K) Eden: 559232K(559232K)->0K(559232K) From: 65158K(69888K)->69888K(69888K)
[1419.164s][info][gc,heap        ] GC(2088) Tenured: 306883K(1398144K)->344877K(1398144K)
[1419.164s][info][gc,metaspace   ] GC(2088) Metaspace: 23222K(23552K)->23222K(23552K) NonClass: 20423K(20608K)->20423K(20608K) Class: 2798K(2944K)->2798K(2944K)
[1419.164s][info][gc             ] GC(2088) Pause Young (Allocation Failure) 909M->405M(1979M) 321.781ms
[1419.164s][info][gc,cpu         ] GC(2088) User=0.30s Sys=0.00s Real=0.33s
[1419.312s][info][gc,start       ] GC(2089) Pause Young (Allocation Failure)
[1419.756s][info][gc,heap        ] GC(2089) DefNew: 629120K(629120K)->69887K(629120K) Eden: 559232K(559232K)->0K(559232K) From: 69888K(69888K)->69887K(69888K)
[1419.756s][info][gc,heap        ] GC(2089) Tenured: 344877K(1398144K)->409317K(1398144K)
[1419.756s][info][gc,metaspace   ] GC(2089) Metaspace: 23222K(23552K)->23222K(23552K) NonClass: 20423K(20608K)->20423K(20608K) Class: 2798K(2944K)->2798K(2944K)
[1419.756s][info][gc             ] GC(2089) Pause Young (Allocation Failure) 951M->467M(1979M) 444.170ms
[1419.756s][info][gc,cpu         ] GC(2089) User=0.44s Sys=0.00s Real=0.46s
[1420.263s][info][gc,start       ] GC(2090) Pause Young (Allocation Failure)
[1420.535s][info][gc,heap        ] GC(2090) DefNew: 629119K(629120K)->50027K(629120K) Eden: 559232K(559232K)->0K(559232K) From: 69887K(69888K)->50027K(69888K)
[1420.536s][info][gc,heap        ] GC(2090) Tenured: 409317K(1398144K)->444084K(1398144K)
[1420.536s][info][gc,metaspace   ] GC(2090) Metaspace: 23222K(23552K)->23222K(23552K) NonClass: 20423K(20608K)->20423K(20608K) Class: 2798K(2944K)->2798K(2944K)
[1420.536s][info][gc             ] GC(2090) Pause Young (Allocation Failure) 1014M->482M(1979M) 272.486ms
[1420.536s][info][gc,cpu         ] GC(2090) User=0.27s Sys=0.00s Real=0.27s
[1420.682s][info][gc,start       ] GC(2091) Pause Young (Allocation Failure)
[1421.096s][info][gc,heap        ] GC(2091) DefNew: 609259K(629120K)->69887K(629120K) Eden: 559232K(559232K)->0K(559232K) From: 50027K(69888K)->69887K(69888K)
[1421.096s][info][gc,heap        ] GC(2091) Tenured: 444084K(1398144K)->493487K(1398144K)
[1421.096s][info][gc,metaspace   ] GC(2091) Metaspace: 23222K(23552K)->23222K(23552K) NonClass: 20423K(20608K)->20423K(20608K) Class: 2798K(2944K)->2798K(2944K)
[1421.096s][info][gc             ] GC(2091) Pause Young (Allocation Failure) 1028M->550M(1979M) 414.481ms
[1421.096s][info][gc,cpu         ] GC(2091) User=0.38s Sys=0.00s Real=0.41s
[1421.336s][info][gc,start       ] GC(2092) Pause Young (Allocation Failure)
[1421.791s][info][gc,heap        ] GC(2092) DefNew: 629119K(629120K)->69888K(629120K) Eden: 559232K(559232K)->0K(559232K) From: 69887K(69888K)->69888K(69888K)
[1421.791s][info][gc,heap        ] GC(2092) Tenured: 493487K(1398144K)->544583K(1398144K)
[1421.791s][info][gc,metaspace   ] GC(2092) Metaspace: 23222K(23552K)->23222K(23552K) NonClass: 20423K(20608K)->20423K(20608K) Class: 2798K(2944K)->2798K(2944K)
[1421.791s][info][gc             ] GC(2092) Pause Young (Allocation Failure) 1096M->600M(1979M) 455.267ms
[1421.791s][info][gc,cpu         ] GC(2092) User=0.42s Sys=0.00s Real=0.45s
[1422.235s][info][gc,start       ] GC(2093) Pause Young (Allocation Failure)
[1422.544s][info][gc,heap        ] GC(2093) DefNew: 629120K(629120K)->61301K(629120K) Eden: 559232K(559232K)->0K(559232K) From: 69888K(69888K)->61301K(69888K)
[1422.544s][info][gc,heap        ] GC(2093) Tenured: 544583K(1398144K)->578162K(1398144K)
[1422.544s][info][gc,metaspace   ] GC(2093) Metaspace: 23222K(23552K)->23222K(23552K) NonClass: 20423K(20608K)->20423K(20608K) Class: 2798K(2944K)->2798K(2944K)
[1422.544s][info][gc             ] GC(2093) Pause Young (Allocation Failure) 1146M->624M(1979M) 308.664ms
[1422.544s][info][gc,cpu         ] GC(2093) User=0.31s Sys=0.00s Real=0.30s
[1422.699s][info][gc,start       ] GC(2094) Pause Young (Allocation Failure)
[1423.166s][info][gc,heap        ] GC(2094) DefNew: 620533K(629120K)->69887K(629120K) Eden: 559232K(559232K)->0K(559232K) From: 61301K(69888K)->69887K(69888K)
[1423.166s][info][gc,heap        ] GC(2094) Tenured: 578162K(1398144K)->639190K(1398144K)
[1423.166s][info][gc,metaspace   ] GC(2094) Metaspace: 23222K(23552K)->23222K(23552K) NonClass: 20423K(20608K)->20423K(20608K) Class: 2798K(2944K)->2798K(2944K)
[1423.167s][info][gc             ] GC(2094) Pause Young (Allocation Failure) 1170M->692M(1979M) 467.538ms
[1423.167s][info][gc,cpu         ] GC(2094) User=0.38s Sys=0.00s Real=0.47s
[1423.715s][info][gc,start       ] GC(2095) Pause Young (Allocation Failure)
[1423.957s][info][gc,heap        ] GC(2095) DefNew: 629119K(629120K)->40745K(629120K) Eden: 559232K(559232K)->0K(559232K) From: 69887K(69888K)->40745K(69888K)
[1423.957s][info][gc,heap        ] GC(2095) Tenured: 639190K(1398144K)->673204K(1398144K)
[1423.957s][info][gc,metaspace   ] GC(2095) Metaspace: 23222K(23552K)->23222K(23552K) NonClass: 20423K(20608K)->20423K(20608K) Class: 2798K(2944K)->2798K(2944K)
[1423.957s][info][gc             ] GC(2095) Pause Young (Allocation Failure) 1238M->697M(1979M) 241.946ms
[1423.957s][info][gc,cpu         ] GC(2095) User=0.22s Sys=0.00s Real=0.24s
[1424.102s][info][gc,start       ] GC(2096) Pause Young (Allocation Failure)
[1424.478s][info][gc,heap        ] GC(2096) DefNew: 599977K(629120K)->69888K(629120K) Eden: 559232K(559232K)->0K(559232K) From: 40745K(69888K)->69888K(69888K)
[1424.478s][info][gc,heap        ] GC(2096) Tenured: 673204K(1398144K)->716262K(1398144K)
[1424.478s][info][gc,metaspace   ] GC(2096) Metaspace: 23222K(23552K)->23222K(23552K) NonClass: 20423K(20608K)->20423K(20608K) Class: 2798K(2944K)->2798K(2944K)
[1424.478s][info][gc             ] GC(2096) Pause Young (Allocation Failure) 1243M->767M(1979M) 375.743ms
[1424.478s][info][gc,cpu         ] GC(2096) User=0.31s Sys=0.02s Real=0.38s
[1424.618s][info][gc,start       ] GC(2097) Pause Young (Allocation Failure)
[1425.091s][info][gc,heap        ] GC(2097) DefNew: 629120K(629120K)->69887K(629120K) Eden: 559232K(559232K)->0K(559232K) From: 69888K(69888K)->69887K(69888K)
[1425.091s][info][gc,heap        ] GC(2097) Tenured: 716262K(1398144K)->780954K(1398144K)
[1425.091s][info][gc,metaspace   ] GC(2097) Metaspace: 23222K(23552K)->23222K(23552K) NonClass: 20423K(20608K)->20423K(20608K) Class: 2798K(2944K)->2798K(2944K)
[1425.091s][info][gc             ] GC(2097) Pause Young (Allocation Failure) 1313M->830M(1979M) 472.702ms
[1425.091s][info][gc,cpu         ] GC(2097) User=0.45s Sys=0.00s Real=0.47s
[1425.646s][info][gc,start       ] GC(2098) Pause Young (Allocation Failure)
[1425.938s][info][gc,heap        ] GC(2098) DefNew: 629119K(629120K)->57680K(629120K) Eden: 559232K(559232K)->0K(559232K) From: 69887K(69888K)->57680K(69888K)
[1425.938s][info][gc,heap        ] GC(2098) Tenured: 780954K(1398144K)->814726K(1398144K)
[1425.938s][info][gc,metaspace   ] GC(2098) Metaspace: 23222K(23552K)->23222K(23552K) NonClass: 20423K(20608K)->20423K(20608K) Class: 2798K(2944K)->2798K(2944K)
[1425.938s][info][gc             ] GC(2098) Pause Young (Allocation Failure) 1377M->851M(1979M) 291.799ms
[1425.938s][info][gc,cpu         ] GC(2098) User=0.23s Sys=0.00s Real=0.29s
[1426.093s][info][gc,start       ] GC(2099) Pause Young (Allocation Failure)
[1426.527s][info][gc,heap        ] GC(2099) DefNew: 616912K(629120K)->69888K(629120K) Eden: 559232K(559232K)->0K(559232K) From: 57680K(69888K)->69888K(69888K)
[1426.527s][info][gc,heap        ] GC(2099) Tenured: 814726K(1398144K)->871725K(1398144K)
[1426.527s][info][gc,metaspace   ] GC(2099) Metaspace: 23222K(23552K)->23222K(23552K) NonClass: 20423K(20608K)->20423K(20608K) Class: 2798K(2944K)->2798K(2944K)
[1426.527s][info][gc             ] GC(2099) Pause Young (Allocation Failure) 1398M->919M(1979M) 434.086ms
[1426.527s][info][gc,cpu         ] GC(2099) User=0.42s Sys=0.00s Real=0.44s
[1426.905s][info][gc,start       ] GC(2100) Pause Young (Allocation Failure)
[1427.223s][info][gc,heap        ] GC(2100) DefNew: 629120K(629120K)->65971K(629120K) Eden: 559232K(559232K)->0K(559232K) From: 69888K(69888K)->65971K(69888K)
[1427.223s][info][gc,heap        ] GC(2100) Tenured: 871725K(1398144K)->907977K(1398144K)
[1427.223s][info][gc,metaspace   ] GC(2100) Metaspace: 23222K(23552K)->23222K(23552K) NonClass: 20423K(20608K)->20423K(20608K) Class: 2798K(2944K)->2798K(2944K)
[1427.223s][info][gc             ] GC(2100) Pause Young (Allocation Failure) 1465M->951M(1979M) 318.566ms
[1427.223s][info][gc,cpu         ] GC(2100) User=0.33s Sys=0.00s Real=0.33s
[1427.533s][info][gc,start       ] GC(2101) Pause Young (Allocation Failure)
[1427.842s][info][gc,heap        ] GC(2101) DefNew: 625203K(629120K)->65598K(629120K) Eden: 559232K(559232K)->0K(559232K) From: 65971K(69888K)->65598K(69888K)
[1427.842s][info][gc,heap        ] GC(2101) Tenured: 907977K(1398144K)->945011K(1398144K)
[1427.842s][info][gc,metaspace   ] GC(2101) Metaspace: 23222K(23552K)->23222K(23552K) NonClass: 20423K(20608K)->20423K(20608K) Class: 2798K(2944K)->2798K(2944K)
[1427.842s][info][gc             ] GC(2101) Pause Young (Allocation Failure) 1497M->986M(1979M) 308.893ms
[1427.842s][info][gc,cpu         ] GC(2101) User=0.31s Sys=0.00s Real=0.32s
[1427.985s][info][gc,start       ] GC(2102) Pause Young (Allocation Failure)
[1428.427s][info][gc,heap        ] GC(2102) DefNew: 624830K(629120K)->69887K(629120K) Eden: 559232K(559232K)->0K(559232K) From: 65598K(69888K)->69887K(69888K)
[1428.427s][info][gc,heap        ] GC(2102) Tenured: 945011K(1398144K)->1003072K(1398144K)
[1428.427s][info][gc,metaspace   ] GC(2102) Metaspace: 23222K(23552K)->23222K(23552K) NonClass: 20423K(20608K)->20423K(20608K) Class: 2798K(2944K)->2798K(2944K)
[1428.427s][info][gc             ] GC(2102) Pause Young (Allocation Failure) 1533M->1047M(1979M) 442.224ms
[1428.427s][info][gc,cpu         ] GC(2102) User=0.44s Sys=0.00s Real=0.44s
[1429.047s][info][gc,start       ] GC(2103) Pause Young (Allocation Failure)
[1429.285s][info][gc,heap        ] GC(2103) DefNew: 629119K(629120K)->40209K(629120K) Eden: 559232K(559232K)->0K(559232K) From: 69887K(69888K)->40209K(69888K)
[1429.285s][info][gc,heap        ] GC(2103) Tenured: 1003072K(1398144K)->1037750K(1398144K)
[1429.285s][info][gc,metaspace   ] GC(2103) Metaspace: 23222K(23552K)->23222K(23552K) NonClass: 20423K(20608K)->20423K(20608K) Class: 2798K(2944K)->2798K(2944K)
[1429.285s][info][gc             ] GC(2103) Pause Young (Allocation Failure) 1593M->1052M(1979M) 237.936ms
[1429.285s][info][gc,cpu         ] GC(2103) User=0.23s Sys=0.00s Real=0.23s
[1429.427s][info][gc,start       ] GC(2104) Pause Young (Allocation Failure)
[1429.802s][info][gc,heap        ] GC(2104) DefNew: 599441K(629120K)->69887K(629120K) Eden: 559232K(559232K)->0K(559232K) From: 40209K(69888K)->69887K(69888K)
[1429.802s][info][gc,heap        ] GC(2104) Tenured: 1037750K(1398144K)->1077680K(1398144K)
[1429.802s][info][gc,metaspace   ] GC(2104) Metaspace: 23222K(23552K)->23222K(23552K) NonClass: 20423K(20608K)->20423K(20608K) Class: 2798K(2944K)->2798K(2944K)
[1429.802s][info][gc             ] GC(2104) Pause Young (Allocation Failure) 1598M->1120M(1979M) 374.900ms
[1429.802s][info][gc,cpu         ] GC(2104) User=0.36s Sys=0.00s Real=0.38s
[1429.974s][info][gc,start       ] GC(2105) Pause Young (Allocation Failure)
[1430.470s][info][gc,heap        ] GC(2105) DefNew: 629119K(629120K)->69888K(629120K) Eden: 559232K(559232K)->0K(559232K) From: 69887K(69888K)->69888K(69888K)
[1430.470s][info][gc,heap        ] GC(2105) Tenured: 1077680K(1398144K)->1150232K(1398144K)
[1430.470s][info][gc,metaspace   ] GC(2105) Metaspace: 23222K(23552K)->23222K(23552K) NonClass: 20423K(20608K)->20423K(20608K) Class: 2798K(2944K)->2798K(2944K)
[1430.470s][info][gc             ] GC(2105) Pause Young (Allocation Failure) 1666M->1191M(1979M) 496.072ms
[1430.470s][info][gc,cpu         ] GC(2105) User=0.52s Sys=0.00s Real=0.50s
[1431.006s][info][gc,start       ] GC(2106) Pause Young (Allocation Failure)
[1431.329s][info][gc,heap        ] GC(2106) DefNew: 629120K(629120K)->61804K(629120K) Eden: 559232K(559232K)->0K(559232K) From: 69888K(69888K)->61804K(69888K)
[1431.329s][info][gc,heap        ] GC(2106) Tenured: 1150232K(1398144K)->1184153K(1398144K)
[1431.329s][info][gc,metaspace   ] GC(2106) Metaspace: 23222K(23552K)->23222K(23552K) NonClass: 20423K(20608K)->20423K(20608K) Class: 2798K(2944K)->2798K(2944K)
[1431.329s][info][gc             ] GC(2106) Pause Young (Allocation Failure) 1737M->1216M(1979M) 323.165ms
[1431.329s][info][gc,cpu         ] GC(2106) User=0.31s Sys=0.00s Real=0.33s
[1431.473s][info][gc,start       ] GC(2107) Pause Young (Allocation Failure)
[1431.906s][info][gc,heap        ] GC(2107) DefNew: 621036K(629120K)->69888K(629120K) Eden: 559232K(559232K)->0K(559232K) From: 61804K(69888K)->69888K(69888K)
[1431.906s][info][gc,heap        ] GC(2107) Tenured: 1184153K(1398144K)->1241765K(1398144K)
[1431.906s][info][gc,metaspace   ] GC(2107) Metaspace: 23222K(23552K)->23222K(23552K) NonClass: 20423K(20608K)->20423K(20608K) Class: 2798K(2944K)->2798K(2944K)
[1431.906s][info][gc             ] GC(2107) Pause Young (Allocation Failure) 1762M->1280M(1979M) 432.969ms
[1431.906s][info][gc,cpu         ] GC(2107) User=0.41s Sys=0.00s Real=0.42s
[1432.344s][info][gc,start       ] GC(2108) Pause Young (Allocation Failure)
[1432.636s][info][gc,heap        ] GC(2108) DefNew: 629120K(629120K)->58750K(629120K) Eden: 559232K(559232K)->0K(559232K) From: 69888K(69888K)->58750K(69888K)
[1432.636s][info][gc,heap        ] GC(2108) Tenured: 1241765K(1398144K)->1277231K(1398144K)
[1432.636s][info][gc,metaspace   ] GC(2108) Metaspace: 23222K(23552K)->23222K(23552K) NonClass: 20423K(20608K)->20423K(20608K) Class: 2798K(2944K)->2798K(2944K)
[1432.636s][info][gc             ] GC(2108) Pause Young (Allocation Failure) 1827M->1304M(1979M) 291.955ms
[1432.636s][info][gc,cpu         ] GC(2108) User=0.28s Sys=0.00s Real=0.28s
[1432.768s][info][gc,start       ] GC(2109) Pause Full (System.gc())
[1432.768s][info][gc,phases,start] GC(2109) Phase 1: Mark live objects
[1432.947s][info][gc,phases      ] GC(2109) Phase 1: Mark live objects 179.077ms
[1432.949s][info][gc,phases,start] GC(2109) Phase 2: Compute new object addresses
[1433.166s][info][gc,phases      ] GC(2109) Phase 2: Compute new object addresses 217.333ms
[1433.166s][info][gc,phases,start] GC(2109) Phase 3: Adjust pointers
[1433.237s][info][gc,phases      ] GC(2109) Phase 3: Adjust pointers 70.946ms
[1433.237s][info][gc,phases,start] GC(2109) Phase 4: Move objects
[1433.265s][info][gc,phases      ] GC(2109) Phase 4: Move objects 27.966ms
[1433.266s][info][gc,heap        ] GC(2109) DefNew: 144123K(629120K)->0K(629120K) Eden: 85373K(559232K)->0K(559232K) From: 58750K(69888K)->0K(69888K)
[1433.266s][info][gc,heap        ] GC(2109) Tenured: 1277231K(1398144K)->166621K(1398144K)
[1433.266s][info][gc,metaspace   ] GC(2109) Metaspace: 23222K(23552K)->23222K(23552K) NonClass: 20423K(20608K)->20423K(20608K) Class: 2798K(2944K)->2798K(2944K)
[1433.266s][info][gc             ] GC(2109) Pause Full (System.gc()) 1388M->162M(1979M) 497.770ms
[1433.266s][info][gc,cpu         ] GC(2109) User=0.45s Sys=0.00s Real=0.50s
[1433.423s][info][gc,start       ] GC(2110) Pause Young (Allocation Failure)
[1433.727s][info][gc,heap        ] GC(2110) DefNew: 559232K(629120K)->69888K(629120K) Eden: 559232K(559232K)->0K(559232K) From: 0K(69888K)->69888K(69888K)
[1433.727s][info][gc,heap        ] GC(2110) Tenured: 166621K(1398144K)->170839K(1398144K)
[1433.727s][info][gc,metaspace   ] GC(2110) Metaspace: 23222K(23552K)->23222K(23552K) NonClass: 20423K(20608K)->20423K(20608K) Class: 2798K(2944K)->2798K(2944K)
[1433.727s][info][gc             ] GC(2110) Pause Young (Allocation Failure) 708M->235M(1979M) 304.626ms
[1433.727s][info][gc,cpu         ] GC(2110) User=0.31s Sys=0.00s Real=0.30s
[1433.881s][info][gc,start       ] GC(2111) Pause Young (Allocation Failure)
[1434.380s][info][gc,heap        ] GC(2111) DefNew: 629120K(629120K)->69888K(629120K) Eden: 559232K(559232K)->0K(559232K) From: 69888K(69888K)->69888K(69888K)
[1434.380s][info][gc,heap        ] GC(2111) Tenured: 170839K(1398144K)->241465K(1398144K)
[1434.380s][info][gc,metaspace   ] GC(2111) Metaspace: 23222K(23552K)->23222K(23552K) NonClass: 20423K(20608K)->20423K(20608K) Class: 2798K(2944K)->2798K(2944K)
[1434.380s][info][gc             ] GC(2111) Pause Young (Allocation Failure) 781M->304M(1979M) 498.779ms
[1434.380s][info][gc,cpu         ] GC(2111) User=0.52s Sys=0.00s Real=0.50s
[1434.918s][info][gc,start       ] GC(2112) Pause Young (Allocation Failure)
[1435.219s][info][gc,heap        ] GC(2112) DefNew: 629120K(629120K)->58370K(629120K) Eden: 559232K(559232K)->0K(559232K) From: 69888K(69888K)->58370K(69888K)
[1435.219s][info][gc,heap        ] GC(2112) Tenured: 241465K(1398144K)->276576K(1398144K)
[1435.219s][info][gc,metaspace   ] GC(2112) Metaspace: 23222K(23552K)->23222K(23552K) NonClass: 20423K(20608K)->20423K(20608K) Class: 2798K(2944K)->2798K(2944K)
[1435.219s][info][gc             ] GC(2112) Pause Young (Allocation Failure) 850M->327M(1979M) 300.739ms
[1435.219s][info][gc,cpu         ] GC(2112) User=0.30s Sys=0.00s Real=0.31s
[1435.374s][info][gc,start       ] GC(2113) Pause Young (Allocation Failure)
[1435.823s][info][gc,heap        ] GC(2113) DefNew: 617602K(629120K)->69888K(629120K) Eden: 559232K(559232K)->0K(559232K) From: 58370K(69888K)->69888K(69888K)
[1435.823s][info][gc,heap        ] GC(2113) Tenured: 276576K(1398144K)->334776K(1398144K)
[1435.823s][info][gc,metaspace   ] GC(2113) Metaspace: 23222K(23552K)->23222K(23552K) NonClass: 20423K(20608K)->20423K(20608K) Class: 2798K(2944K)->2798K(2944K)
[1435.823s][info][gc             ] GC(2113) Pause Young (Allocation Failure) 873M->395M(1979M) 449.225ms
[1435.823s][info][gc,cpu         ] GC(2113) User=0.45s Sys=0.00s Real=0.45s
[1436.202s][info][gc,start       ] GC(2114) Pause Young (Allocation Failure)
[1436.509s][info][gc,heap        ] GC(2114) DefNew: 629120K(629120K)->62667K(629120K) Eden: 559232K(559232K)->0K(559232K) From: 69888K(69888K)->62667K(69888K)
[1436.509s][info][gc,heap        ] GC(2114) Tenured: 334776K(1398144K)->371005K(1398144K)
[1436.509s][info][gc,metaspace   ] GC(2114) Metaspace: 23222K(23552K)->23222K(23552K) NonClass: 20423K(20608K)->20423K(20608K) Class: 2798K(2944K)->2798K(2944K)
[1436.509s][info][gc             ] GC(2114) Pause Young (Allocation Failure) 941M->423M(1979M) 306.337ms
[1436.509s][info][gc,cpu         ] GC(2114) User=0.30s Sys=0.00s Real=0.30s
[1436.803s][info][gc,start       ] GC(2115) Pause Young (Allocation Failure)
[1437.120s][info][gc,heap        ] GC(2115) DefNew: 621899K(629120K)->67886K(629120K) Eden: 559232K(559232K)->0K(559232K) From: 62667K(69888K)->67886K(69888K)
[1437.120s][info][gc,heap        ] GC(2115) Tenured: 371005K(1398144K)->406325K(1398144K)
[1437.120s][info][gc,metaspace   ] GC(2115) Metaspace: 23222K(23552K)->23222K(23552K) NonClass: 20423K(20608K)->20423K(20608K) Class: 2798K(2944K)->2798K(2944K)
[1437.120s][info][gc             ] GC(2115) Pause Young (Allocation Failure) 969M->463M(1979M) 316.718ms
[1437.120s][info][gc,cpu         ] GC(2115) User=0.31s Sys=0.00s Real=0.31s
[1437.273s][info][gc,start       ] GC(2116) Pause Young (Allocation Failure)
[1437.737s][info][gc,heap        ] GC(2116) DefNew: 627118K(629120K)->69887K(629120K) Eden: 559232K(559232K)->0K(559232K) From: 67886K(69888K)->69887K(69888K)
[1437.737s][info][gc,heap        ] GC(2116) Tenured: 406325K(1398144K)->469828K(1398144K)
[1437.737s][info][gc,metaspace   ] GC(2116) Metaspace: 23222K(23552K)->23222K(23552K) NonClass: 20423K(20608K)->20423K(20608K) Class: 2798K(2944K)->2798K(2944K)
[1437.737s][info][gc             ] GC(2116) Pause Young (Allocation Failure) 1009M->527M(1979M) 463.517ms
[1437.737s][info][gc,cpu         ] GC(2116) User=0.41s Sys=0.00s Real=0.45s
[1438.317s][info][gc,start       ] GC(2117) Pause Young (Allocation Failure)
[1438.571s][info][gc,heap        ] GC(2117) DefNew: 629119K(629120K)->44812K(629120K) Eden: 559232K(559232K)->0K(559232K) From: 69887K(69888K)->44812K(69888K)
[1438.571s][info][gc,heap        ] GC(2117) Tenured: 469828K(1398144K)->506014K(1398144K)
[1438.571s][info][gc,metaspace   ] GC(2117) Metaspace: 23222K(23552K)->23222K(23552K) NonClass: 20423K(20608K)->20423K(20608K) Class: 2798K(2944K)->2798K(2944K)
[1438.571s][info][gc             ] GC(2117) Pause Young (Allocation Failure) 1073M->537M(1979M) 254.036ms
[1438.571s][info][gc,cpu         ] GC(2117) User=0.27s Sys=0.00s Real=0.25s
[1438.716s][info][gc,start       ] GC(2118) Pause Young (Allocation Failure)
[1439.118s][info][gc,heap        ] GC(2118) DefNew: 604044K(629120K)->69887K(629120K) Eden: 559232K(559232K)->0K(559232K) From: 44812K(69888K)->69887K(69888K)
[1439.118s][info][gc,heap        ] GC(2118) Tenured: 506014K(1398144K)->552507K(1398144K)
[1439.118s][info][gc,metaspace   ] GC(2118) Metaspace: 23222K(23552K)->23222K(23552K) NonClass: 20423K(20608K)->20423K(20608K) Class: 2798K(2944K)->2798K(2944K)
[1439.118s][info][gc             ] GC(2118) Pause Young (Allocation Failure) 1084M->607M(1979M) 401.593ms
[1439.118s][info][gc,cpu         ] GC(2118) User=0.39s Sys=0.00s Real=0.41s
[1439.278s][info][gc,start       ] GC(2119) Pause Young (Allocation Failure)
[1439.759s][info][gc,heap        ] GC(2119) DefNew: 629119K(629120K)->69887K(629120K) Eden: 559232K(559232K)->0K(559232K) From: 69887K(69888K)->69887K(69888K)
[1439.759s][info][gc,heap        ] GC(2119) Tenured: 552507K(1398144K)->617923K(1398144K)
[1439.759s][info][gc,metaspace   ] GC(2119) Metaspace: 23222K(23552K)->23222K(23552K) NonClass: 20423K(20608K)->20423K(20608K) Class: 2798K(2944K)->2798K(2944K)
[1439.759s][info][gc             ] GC(2119) Pause Young (Allocation Failure) 1153M->671M(1979M) 481.905ms
[1439.759s][info][gc,cpu         ] GC(2119) User=0.50s Sys=0.02s Real=0.47s
[1440.288s][info][gc,start       ] GC(2120) Pause Young (Allocation Failure)
[1440.601s][info][gc,heap        ] GC(2120) DefNew: 629119K(629120K)->61714K(629120K) Eden: 559232K(559232K)->0K(559232K) From: 69887K(69888K)->61714K(69888K)
[1440.601s][info][gc,heap        ] GC(2120) Tenured: 617923K(1398144K)->650910K(1398144K)
[1440.601s][info][gc,metaspace   ] GC(2120) Metaspace: 23222K(23552K)->23222K(23552K) NonClass: 20423K(20608K)->20423K(20608K) Class: 2798K(2944K)->2798K(2944K)
[1440.601s][info][gc             ] GC(2120) Pause Young (Allocation Failure) 1217M->695M(1979M) 312.519ms
[1440.601s][info][gc,cpu         ] GC(2120) User=0.31s Sys=0.00s Real=0.31s
[1440.751s][info][gc,start       ] GC(2121) Pause Young (Allocation Failure)
[1441.209s][info][gc,heap        ] GC(2121) DefNew: 620946K(629120K)->69888K(629120K) Eden: 559232K(559232K)->0K(559232K) From: 61714K(69888K)->69888K(69888K)
[1441.209s][info][gc,heap        ] GC(2121) Tenured: 650910K(1398144K)->710173K(1398144K)
[1441.209s][info][gc,metaspace   ] GC(2121) Metaspace: 23222K(23552K)->23222K(23552K) NonClass: 20423K(20608K)->20423K(20608K) Class: 2798K(2944K)->2798K(2944K)
[1441.209s][info][gc             ] GC(2121) Pause Young (Allocation Failure) 1242M->761M(1979M) 457.858ms
[1441.209s][info][gc,cpu         ] GC(2121) User=0.41s Sys=0.00s Real=0.45s
[1441.628s][info][gc,start       ] GC(2122) Pause Young (Allocation Failure)
[1441.913s][info][gc,heap        ] GC(2122) DefNew: 629120K(629120K)->55362K(629120K) Eden: 559232K(559232K)->0K(559232K) From: 69888K(69888K)->55362K(69888K)
[1441.914s][info][gc,heap        ] GC(2122) Tenured: 710173K(1398144K)->746114K(1398144K)
[1441.914s][info][gc,metaspace   ] GC(2122) Metaspace: 23222K(23552K)->23222K(23552K) NonClass: 20423K(20608K)->20423K(20608K) Class: 2798K(2944K)->2798K(2944K)
[1441.914s][info][gc             ] GC(2122) Pause Young (Allocation Failure) 1307M->782M(1979M) 285.466ms
[1441.914s][info][gc,cpu         ] GC(2122) User=0.27s Sys=0.00s Real=0.28s
[1442.161s][info][gc,start       ] GC(2123) Pause Young (Allocation Failure)
[1442.496s][info][gc,heap        ] GC(2123) DefNew: 614594K(629120K)->69097K(629120K) Eden: 559232K(559232K)->0K(559232K) From: 55362K(69888K)->69097K(69888K)
[1442.496s][info][gc,heap        ] GC(2123) Tenured: 746114K(1398144K)->782236K(1398144K)
[1442.496s][info][gc,metaspace   ] GC(2123) Metaspace: 23222K(23552K)->23222K(23552K) NonClass: 20423K(20608K)->20423K(20608K) Class: 2798K(2944K)->2798K(2944K)
[1442.496s][info][gc             ] GC(2123) Pause Young (Allocation Failure) 1328M->831M(1979M) 334.715ms
[1442.496s][info][gc,cpu         ] GC(2123) User=0.34s Sys=0.00s Real=0.33s
[1442.649s][info][gc,start       ] GC(2124) Pause Young (Allocation Failure)
[1443.136s][info][gc,heap        ] GC(2124) DefNew: 628329K(629120K)->69887K(629120K) Eden: 559232K(559232K)->0K(559232K) From: 69097K(69888K)->69887K(69888K)
[1443.137s][info][gc,heap        ] GC(2124) Tenured: 782236K(1398144K)->849614K(1398144K)
[1443.137s][info][gc,metaspace   ] GC(2124) Metaspace: 23222K(23552K)->23222K(23552K) NonClass: 20423K(20608K)->20423K(20608K) Class: 2798K(2944K)->2798K(2944K)
[1443.137s][info][gc             ] GC(2124) Pause Young (Allocation Failure) 1377M->897M(1979M) 487.142ms
[1443.137s][info][gc,cpu         ] GC(2124) User=0.47s Sys=0.00s Real=0.49s
[1443.892s][info][gc,start       ] GC(2125) Pause Young (Allocation Failure)
[1444.125s][info][gc,heap        ] GC(2125) DefNew: 629119K(629120K)->35404K(629120K) Eden: 559232K(559232K)->0K(559232K) From: 69887K(69888K)->35404K(69888K)
[1444.125s][info][gc,heap        ] GC(2125) Tenured: 849614K(1398144K)->884830K(1398144K)
[1444.125s][info][gc,metaspace   ] GC(2125) Metaspace: 23222K(23552K)->23222K(23552K) NonClass: 20423K(20608K)->20423K(20608K) Class: 2798K(2944K)->2798K(2944K)
[1444.125s][info][gc             ] GC(2125) Pause Young (Allocation Failure) 1444M->898M(1979M) 232.997ms
[1444.125s][info][gc,cpu         ] GC(2125) User=0.20s Sys=0.00s Real=0.24s
[1444.272s][info][gc,start       ] GC(2126) Pause Young (Allocation Failure)
[1444.655s][info][gc,heap        ] GC(2126) DefNew: 594636K(629120K)->69887K(629120K) Eden: 559232K(559232K)->0K(559232K) From: 35404K(69888K)->69887K(69888K)
[1444.655s][info][gc,heap        ] GC(2126) Tenured: 884830K(1398144K)->922391K(1398144K)
[1444.655s][info][gc,metaspace   ] GC(2126) Metaspace: 23222K(23552K)->23222K(23552K) NonClass: 20423K(20608K)->20423K(20608K) Class: 2798K(2944K)->2798K(2944K)
[1444.655s][info][gc             ] GC(2126) Pause Young (Allocation Failure) 1444M->969M(1979M) 382.640ms
[1444.655s][info][gc,cpu         ] GC(2126) User=0.38s Sys=0.00s Real=0.37s
[1444.806s][info][gc,start       ] GC(2127) Pause Young (Allocation Failure)
[1445.261s][info][gc,heap        ] GC(2127) DefNew: 629119K(629120K)->69887K(629120K) Eden: 559232K(559232K)->0K(559232K) From: 69887K(69888K)->69887K(69888K)
[1445.261s][info][gc,heap        ] GC(2127) Tenured: 922391K(1398144K)->984471K(1398144K)
[1445.261s][info][gc,metaspace   ] GC(2127) Metaspace: 23222K(23552K)->23222K(23552K) NonClass: 20423K(20608K)->20423K(20608K) Class: 2798K(2944K)->2798K(2944K)
[1445.261s][info][gc             ] GC(2127) Pause Young (Allocation Failure) 1515M->1029M(1979M) 454.660ms
[1445.261s][info][gc,cpu         ] GC(2127) User=0.45s Sys=0.00s Real=0.45s
[1445.788s][info][gc,start       ] GC(2128) Pause Young (Allocation Failure)
[1446.129s][info][gc,heap        ] GC(2128) DefNew: 629119K(629120K)->68258K(629120K) Eden: 559232K(559232K)->0K(559232K) From: 69887K(69888K)->68258K(69888K)
[1446.129s][info][gc,heap        ] GC(2128) Tenured: 984471K(1398144K)->1019255K(1398144K)
[1446.129s][info][gc,metaspace   ] GC(2128) Metaspace: 23222K(23552K)->23222K(23552K) NonClass: 20423K(20608K)->20423K(20608K) Class: 2798K(2944K)->2798K(2944K)
[1446.130s][info][gc             ] GC(2128) Pause Young (Allocation Failure) 1575M->1062M(1979M) 341.129ms
[1446.130s][info][gc,cpu         ] GC(2128) User=0.34s Sys=0.00s Real=0.33s
[1446.284s][info][gc,start       ] GC(2129) Pause Young (Allocation Failure)
[1446.756s][info][gc,heap        ] GC(2129) DefNew: 627490K(629120K)->69888K(629120K) Eden: 559232K(559232K)->0K(559232K) From: 68258K(69888K)->69888K(69888K)
[1446.756s][info][gc,heap        ] GC(2129) Tenured: 1019255K(1398144K)->1086838K(1398144K)
[1446.756s][info][gc,metaspace   ] GC(2129) Metaspace: 23222K(23552K)->23222K(23552K) NonClass: 20423K(20608K)->20423K(20608K) Class: 2798K(2944K)->2798K(2944K)
[1446.756s][info][gc             ] GC(2129) Pause Young (Allocation Failure) 1608M->1129M(1979M) 472.191ms
[1446.756s][info][gc,cpu         ] GC(2129) User=0.44s Sys=0.00s Real=0.47s
[1447.276s][info][gc,start       ] GC(2130) Pause Young (Allocation Failure)
[1447.544s][info][gc,heap        ] GC(2130) DefNew: 629120K(629120K)->49064K(629120K) Eden: 559232K(559232K)->0K(559232K) From: 69888K(69888K)->49064K(69888K)
[1447.544s][info][gc,heap        ] GC(2130) Tenured: 1086838K(1398144K)->1123198K(1398144K)
[1447.544s][info][gc,metaspace   ] GC(2130) Metaspace: 23222K(23552K)->23222K(23552K) NonClass: 20423K(20608K)->20423K(20608K) Class: 2798K(2944K)->2798K(2944K)
[1447.544s][info][gc             ] GC(2130) Pause Young (Allocation Failure) 1675M->1144M(1979M) 267.922ms
[1447.544s][info][gc,cpu         ] GC(2130) User=0.23s Sys=0.00s Real=0.27s
[1447.827s][info][gc,start       ] GC(2131) Pause Young (Allocation Failure)
[1448.159s][info][gc,heap        ] GC(2131) DefNew: 608296K(629120K)->69887K(629120K) Eden: 559232K(559232K)->0K(559232K) From: 49064K(69888K)->69887K(69888K)
[1448.159s][info][gc,heap        ] GC(2131) Tenured: 1123198K(1398144K)->1164353K(1398144K)
[1448.159s][info][gc,metaspace   ] GC(2131) Metaspace: 23222K(23552K)->23222K(23552K) NonClass: 20423K(20608K)->20423K(20608K) Class: 2798K(2944K)->2798K(2944K)
[1448.159s][info][gc             ] GC(2131) Pause Young (Allocation Failure) 1690M->1205M(1979M) 332.006ms
[1448.159s][info][gc,cpu         ] GC(2131) User=0.33s Sys=0.00s Real=0.35s
[1448.306s][info][gc,start       ] GC(2132) Pause Young (Allocation Failure)
[1448.774s][info][gc,heap        ] GC(2132) DefNew: 629119K(629120K)->69887K(629120K) Eden: 559232K(559232K)->0K(559232K) From: 69887K(69888K)->69887K(69888K)
[1448.775s][info][gc,heap        ] GC(2132) Tenured: 1164353K(1398144K)->1227892K(1398144K)
[1448.775s][info][gc,metaspace   ] GC(2132) Metaspace: 23222K(23552K)->23222K(23552K) NonClass: 20423K(20608K)->20423K(20608K) Class: 2798K(2944K)->2798K(2944K)
[1448.775s][info][gc             ] GC(2132) Pause Young (Allocation Failure) 1751M->1267M(1979M) 468.882ms
[1448.775s][info][gc,cpu         ] GC(2132) User=0.45s Sys=0.00s Real=0.47s
[1449.203s][info][gc,start       ] GC(2133) Pause Young (Allocation Failure)
[1449.522s][info][gc,heap        ] GC(2133) DefNew: 629119K(629120K)->61400K(629120K) Eden: 559232K(559232K)->0K(559232K) From: 69887K(69888K)->61400K(69888K)
[1449.522s][info][gc,heap        ] GC(2133) Tenured: 1227892K(1398144K)->1263077K(1398144K)
[1449.522s][info][gc,metaspace   ] GC(2133) Metaspace: 23222K(23552K)->23222K(23552K) NonClass: 20423K(20608K)->20423K(20608K) Class: 2798K(2944K)->2798K(2944K)
[1449.522s][info][gc             ] GC(2133) Pause Young (Allocation Failure) 1813M->1293M(1979M) 319.183ms
[1449.522s][info][gc,cpu         ] GC(2133) User=0.33s Sys=0.00s Real=0.31s
[1449.671s][info][gc,start       ] GC(2134) Pause Young (Allocation Failure)
[1450.117s][info][gc,heap        ] GC(2134) DefNew: 620632K(629120K)->69887K(629120K) Eden: 559232K(559232K)->0K(559232K) From: 61400K(69888K)->69887K(69888K)
[1450.117s][info][gc,heap        ] GC(2134) Tenured: 1263077K(1398144K)->1322745K(1398144K)
[1450.117s][info][gc,metaspace   ] GC(2134) Metaspace: 23222K(23552K)->23222K(23552K) NonClass: 20423K(20608K)->20423K(20608K) Class: 2798K(2944K)->2798K(2944K)
[1450.117s][info][gc             ] GC(2134) Pause Young (Allocation Failure) 1839M->1359M(1979M) 446.104ms
[1450.117s][info][gc,cpu         ] GC(2134) User=0.42s Sys=0.00s Real=0.44s
[1450.558s][info][gc,start       ] GC(2135) Pause Young (Allocation Failure)
[1450.558s][info][gc             ] GC(2135) Pause Young (Allocation Failure) 1906M->1906M(1979M) 0.078ms
[1450.558s][info][gc,cpu         ] GC(2135) User=0.00s Sys=0.00s Real=0.00s
[1450.558s][info][gc,start       ] GC(2136) Pause Full (Allocation Failure)
[1450.558s][info][gc,phases,start] GC(2136) Phase 1: Mark live objects
[1450.813s][info][gc,phases      ] GC(2136) Phase 1: Mark live objects 254.927ms
[1450.813s][info][gc,phases,start] GC(2136) Phase 2: Compute new object addresses
[1451.108s][info][gc,phases      ] GC(2136) Phase 2: Compute new object addresses 294.695ms
[1451.108s][info][gc,phases,start] GC(2136) Phase 3: Adjust pointers
[1451.257s][info][gc,phases      ] GC(2136) Phase 3: Adjust pointers 148.884ms
[1451.257s][info][gc,phases,start] GC(2136) Phase 4: Move objects
[1451.336s][info][gc,phases      ] GC(2136) Phase 4: Move objects 78.769ms
[1451.336s][info][gc,heap        ] GC(2136) DefNew: 629119K(629120K)->0K(629120K) Eden: 559232K(559232K)->0K(559232K) From: 69887K(69888K)->0K(69888K)
[1451.336s][info][gc,heap        ] GC(2136) Tenured: 1322745K(1398144K)->152990K(1398144K)
[1451.336s][info][gc,metaspace   ] GC(2136) Metaspace: 23222K(23552K)->23222K(23552K) NonClass: 20423K(20608K)->20423K(20608K) Class: 2798K(2944K)->2798K(2944K)
[1451.336s][info][gc             ] GC(2136) Pause Full (Allocation Failure) 1906M->149M(1979M) 777.830ms
[1451.336s][info][gc,cpu         ] GC(2136) User=0.66s Sys=0.02s Real=0.77s
[1451.454s][info][gc,start       ] GC(2137) Pause Full (System.gc())
[1451.454s][info][gc,phases,start] GC(2137) Phase 1: Mark live objects
[1451.592s][info][gc,phases      ] GC(2137) Phase 1: Mark live objects 137.646ms
[1451.592s][info][gc,phases,start] GC(2137) Phase 2: Compute new object addresses
[1451.640s][info][gc,phases      ] GC(2137) Phase 2: Compute new object addresses 48.466ms
[1451.640s][info][gc,phases,start] GC(2137) Phase 3: Adjust pointers
[1451.720s][info][gc,phases      ] GC(2137) Phase 3: Adjust pointers 79.457ms
[1451.720s][info][gc,phases,start] GC(2137) Phase 4: Move objects
[1451.725s][info][gc,phases      ] GC(2137) Phase 4: Move objects 5.559ms
[1451.725s][info][gc,heap        ] GC(2137) DefNew: 103695K(629120K)->0K(629120K) Eden: 103695K(559232K)->0K(559232K) From: 0K(69888K)->0K(69888K)
[1451.725s][info][gc,heap        ] GC(2137) Tenured: 152990K(1398144K)->159105K(1398144K)
[1451.725s][info][gc,metaspace   ] GC(2137) Metaspace: 23222K(23552K)->23222K(23552K) NonClass: 20423K(20608K)->20423K(20608K) Class: 2798K(2944K)->2798K(2944K)
[1451.725s][info][gc             ] GC(2137) Pause Full (System.gc()) 250M->155M(1979M) 271.520ms
[1451.725s][info][gc,cpu         ] GC(2137) User=0.23s Sys=0.00s Real=0.27s
[1451.876s][info][gc,start       ] GC(2138) Pause Young (Allocation Failure)
[1452.185s][info][gc,heap        ] GC(2138) DefNew: 559232K(629120K)->69887K(629120K) Eden: 559232K(559232K)->0K(559232K) From: 0K(69888K)->69887K(69888K)
[1452.185s][info][gc,heap        ] GC(2138) Tenured: 159105K(1398144K)->162329K(1398144K)
[1452.185s][info][gc,metaspace   ] GC(2138) Metaspace: 23222K(23552K)->23222K(23552K) NonClass: 20423K(20608K)->20423K(20608K) Class: 2798K(2944K)->2798K(2944K)
[1452.185s][info][gc             ] GC(2138) Pause Young (Allocation Failure) 701M->226M(1979M) 308.821ms
[1452.185s][info][gc,cpu         ] GC(2138) User=0.28s Sys=0.00s Real=0.30s
[1452.324s][info][gc,start       ] GC(2139) Pause Young (Allocation Failure)
[1452.789s][info][gc,heap        ] GC(2139) DefNew: 629119K(629120K)->69888K(629120K) Eden: 559232K(559232K)->0K(559232K) From: 69887K(69888K)->69888K(69888K)
[1452.789s][info][gc,heap        ] GC(2139) Tenured: 162329K(1398144K)->223448K(1398144K)
[1452.789s][info][gc,metaspace   ] GC(2139) Metaspace: 23222K(23552K)->23222K(23552K) NonClass: 20423K(20608K)->20423K(20608K) Class: 2798K(2944K)->2798K(2944K)
[1452.789s][info][gc             ] GC(2139) Pause Young (Allocation Failure) 772M->286M(1979M) 465.928ms
[1452.789s][info][gc,cpu         ] GC(2139) User=0.47s Sys=0.00s Real=0.47s
[1453.369s][info][gc,start       ] GC(2140) Pause Young (Allocation Failure)
[1453.641s][info][gc,heap        ] GC(2140) DefNew: 629120K(629120K)->53431K(629120K) Eden: 559232K(559232K)->0K(559232K) From: 69888K(69888K)->53431K(69888K)
[1453.641s][info][gc,heap        ] GC(2140) Tenured: 223448K(1398144K)->255683K(1398144K)
[1453.641s][info][gc,metaspace   ] GC(2140) Metaspace: 23222K(23552K)->23222K(23552K) NonClass: 20423K(20608K)->20423K(20608K) Class: 2798K(2944K)->2798K(2944K)
[1453.641s][info][gc             ] GC(2140) Pause Young (Allocation Failure) 832M->301M(1979M) 272.803ms
[1453.641s][info][gc,cpu         ] GC(2140) User=0.28s Sys=0.00s Real=0.28s
[1453.774s][info][gc,start       ] GC(2141) Pause Young (Allocation Failure)
[1454.179s][info][gc,heap        ] GC(2141) DefNew: 612663K(629120K)->69887K(629120K) Eden: 559232K(559232K)->0K(559232K) From: 53431K(69888K)->69887K(69888K)
[1454.179s][info][gc,heap        ] GC(2141) Tenured: 255683K(1398144K)->303077K(1398144K)
[1454.179s][info][gc,metaspace   ] GC(2141) Metaspace: 23222K(23552K)->23222K(23552K) NonClass: 20423K(20608K)->20423K(20608K) Class: 2798K(2944K)->2798K(2944K)
[1454.179s][info][gc             ] GC(2141) Pause Young (Allocation Failure) 847M->364M(1979M) 404.508ms
[1454.179s][info][gc,cpu         ] GC(2141) User=0.38s Sys=0.00s Real=0.41s
[1454.409s][info][gc,start       ] GC(2142) Pause Young (Allocation Failure)
[1454.864s][info][gc,heap        ] GC(2142) DefNew: 629119K(629120K)->69888K(629120K) Eden: 559232K(559232K)->0K(559232K) From: 69887K(69888K)->69888K(69888K)
[1454.864s][info][gc,heap        ] GC(2142) Tenured: 303077K(1398144K)->353250K(1398144K)
[1454.864s][info][gc,metaspace   ] GC(2142) Metaspace: 23222K(23552K)->23222K(23552K) NonClass: 20423K(20608K)->20423K(20608K) Class: 2798K(2944K)->2798K(2944K)
[1454.864s][info][gc             ] GC(2142) Pause Young (Allocation Failure) 910M->413M(1979M) 455.118ms
[1454.864s][info][gc,cpu         ] GC(2142) User=0.41s Sys=0.03s Real=0.46s
[1455.342s][info][gc,start       ] GC(2143) Pause Young (Allocation Failure)
[1455.639s][info][gc,heap        ] GC(2143) DefNew: 629120K(629120K)->59551K(629120K) Eden: 559232K(559232K)->0K(559232K) From: 69888K(69888K)->59551K(69888K)
[1455.639s][info][gc,heap        ] GC(2143) Tenured: 353250K(1398144K)->386982K(1398144K)
[1455.639s][info][gc,metaspace   ] GC(2143) Metaspace: 23222K(23552K)->23222K(23552K) NonClass: 20423K(20608K)->20423K(20608K) Class: 2798K(2944K)->2798K(2944K)
[1455.639s][info][gc             ] GC(2143) Pause Young (Allocation Failure) 959M->436M(1979M) 297.391ms
[1455.639s][info][gc,cpu         ] GC(2143) User=0.30s Sys=0.00s Real=0.28s
[1455.790s][info][gc,start       ] GC(2144) Pause Young (Allocation Failure)
[1456.245s][info][gc,heap        ] GC(2144) DefNew: 618783K(629120K)->69887K(629120K) Eden: 559232K(559232K)->0K(559232K) From: 59551K(69888K)->69887K(69888K)
[1456.245s][info][gc,heap        ] GC(2144) Tenured: 386982K(1398144K)->445251K(1398144K)
[1456.245s][info][gc,metaspace   ] GC(2144) Metaspace: 23222K(23552K)->23222K(23552K) NonClass: 20423K(20608K)->20423K(20608K) Class: 2798K(2944K)->2798K(2944K)
[1456.245s][info][gc             ] GC(2144) Pause Young (Allocation Failure) 982M->503M(1979M) 455.139ms
[1456.245s][info][gc,cpu         ] GC(2144) User=0.44s Sys=0.00s Real=0.45s
[1456.791s][info][gc,start       ] GC(2145) Pause Young (Allocation Failure)
[1457.055s][info][gc,heap        ] GC(2145) DefNew: 629119K(629120K)->48661K(629120K) Eden: 559232K(559232K)->0K(559232K) From: 69887K(69888K)->48661K(69888K)
[1457.055s][info][gc,heap        ] GC(2145) Tenured: 445251K(1398144K)->480873K(1398144K)
[1457.055s][info][gc,metaspace   ] GC(2145) Metaspace: 23222K(23552K)->23222K(23552K) NonClass: 20423K(20608K)->20423K(20608K) Class: 2798K(2944K)->2798K(2944K)
[1457.056s][info][gc             ] GC(2145) Pause Young (Allocation Failure) 1049M->517M(1979M) 264.034ms
[1457.056s][info][gc,cpu         ] GC(2145) User=0.25s Sys=0.00s Real=0.25s
[1457.264s][info][gc,start       ] GC(2146) Pause Young (Allocation Failure)
[1457.622s][info][gc,heap        ] GC(2146) DefNew: 607893K(629120K)->69887K(629120K) Eden: 559232K(559232K)->0K(559232K) From: 48661K(69888K)->69887K(69888K)
[1457.622s][info][gc,heap        ] GC(2146) Tenured: 480873K(1398144K)->522866K(1398144K)
[1457.622s][info][gc,metaspace   ] GC(2146) Metaspace: 23222K(23552K)->23222K(23552K) NonClass: 20423K(20608K)->20423K(20608K) Class: 2798K(2944K)->2798K(2944K)
[1457.622s][info][gc             ] GC(2146) Pause Young (Allocation Failure) 1063M->578M(1979M) 358.176ms
[1457.622s][info][gc,cpu         ] GC(2146) User=0.34s Sys=0.00s Real=0.35s
[1457.772s][info][gc,start       ] GC(2147) Pause Young (Allocation Failure)
[1458.275s][info][gc,heap        ] GC(2147) DefNew: 629119K(629120K)->69888K(629120K) Eden: 559232K(559232K)->0K(559232K) From: 69887K(69888K)->69888K(69888K)
[1458.275s][info][gc,heap        ] GC(2147) Tenured: 522866K(1398144K)->592271K(1398144K)
[1458.275s][info][gc,metaspace   ] GC(2147) Metaspace: 23222K(23552K)->23222K(23552K) NonClass: 20423K(20608K)->20423K(20608K) Class: 2798K(2944K)->2798K(2944K)
[1458.275s][info][gc             ] GC(2147) Pause Young (Allocation Failure) 1124M->646M(1979M) 502.761ms
[1458.275s][info][gc,cpu         ] GC(2147) User=0.48s Sys=0.00s Real=0.50s
[1458.799s][info][gc,start       ] GC(2148) Pause Young (Allocation Failure)
[1459.103s][info][gc,heap        ] GC(2148) DefNew: 629120K(629120K)->55512K(629120K) Eden: 559232K(559232K)->0K(559232K) From: 69888K(69888K)->55512K(69888K)
[1459.103s][info][gc,heap        ] GC(2148) Tenured: 592271K(1398144K)->627002K(1398144K)
[1459.103s][info][gc,metaspace   ] GC(2148) Metaspace: 23222K(23552K)->23222K(23552K) NonClass: 20423K(20608K)->20423K(20608K) Class: 2798K(2944K)->2798K(2944K)
[1459.103s][info][gc             ] GC(2148) Pause Young (Allocation Failure) 1192M->666M(1979M) 304.641ms
[1459.103s][info][gc,cpu         ] GC(2148) User=0.33s Sys=0.00s Real=0.32s
[1459.243s][info][gc,start       ] GC(2149) Pause Young (Allocation Failure)
[1459.666s][info][gc,heap        ] GC(2149) DefNew: 614744K(629120K)->69887K(629120K) Eden: 559232K(559232K)->0K(559232K) From: 55512K(69888K)->69887K(69888K)
[1459.666s][info][gc,heap        ] GC(2149) Tenured: 627002K(1398144K)->679080K(1398144K)
[1459.666s][info][gc,metaspace   ] GC(2149) Metaspace: 23222K(23552K)->23222K(23552K) NonClass: 20423K(20608K)->20423K(20608K) Class: 2798K(2944K)->2798K(2944K)
[1459.666s][info][gc             ] GC(2149) Pause Young (Allocation Failure) 1212M->731M(1979M) 423.070ms
[1459.666s][info][gc,cpu         ] GC(2149) User=0.38s Sys=0.00s Real=0.42s
[1459.992s][info][gc,start       ] GC(2150) Pause Young (Allocation Failure)
[1460.373s][info][gc,heap        ] GC(2150) DefNew: 629119K(629120K)->69888K(629120K) Eden: 559232K(559232K)->0K(559232K) From: 69887K(69888K)->69888K(69888K)
[1460.373s][info][gc,heap        ] GC(2150) Tenured: 679080K(1398144K)->718294K(1398144K)
[1460.373s][info][gc,metaspace   ] GC(2150) Metaspace: 23222K(23552K)->23222K(23552K) NonClass: 20423K(20608K)->20423K(20608K) Class: 2798K(2944K)->2798K(2944K)
[1460.373s][info][gc             ] GC(2150) Pause Young (Allocation Failure) 1277M->769M(1979M) 380.844ms
[1460.373s][info][gc,cpu         ] GC(2150) User=0.38s Sys=0.00s Real=0.38s
[1460.744s][info][gc,start       ] GC(2151) Pause Young (Allocation Failure)
[1461.069s][info][gc,heap        ] GC(2151) DefNew: 629120K(629120K)->63207K(629120K) Eden: 559232K(559232K)->0K(559232K) From: 69888K(69888K)->63207K(69888K)
[1461.069s][info][gc,heap        ] GC(2151) Tenured: 718294K(1398144K)->755976K(1398144K)
[1461.069s][info][gc,metaspace   ] GC(2151) Metaspace: 23222K(23552K)->23222K(23552K) NonClass: 20423K(20608K)->20423K(20608K) Class: 2798K(2944K)->2798K(2944K)
[1461.069s][info][gc             ] GC(2151) Pause Young (Allocation Failure) 1315M->799M(1979M) 324.768ms
[1461.069s][info][gc,cpu         ] GC(2151) User=0.30s Sys=0.00s Real=0.33s
[1461.219s][info][gc,start       ] GC(2152) Pause Young (Allocation Failure)
[1461.666s][info][gc,heap        ] GC(2152) DefNew: 622439K(629120K)->69888K(629120K) Eden: 559232K(559232K)->0K(559232K) From: 63207K(69888K)->69888K(69888K)
[1461.666s][info][gc,heap        ] GC(2152) Tenured: 755976K(1398144K)->815129K(1398144K)
[1461.666s][info][gc,metaspace   ] GC(2152) Metaspace: 23222K(23552K)->23222K(23552K) NonClass: 20423K(20608K)->20423K(20608K) Class: 2798K(2944K)->2798K(2944K)
[1461.666s][info][gc             ] GC(2152) Pause Young (Allocation Failure) 1346M->864M(1979M) 446.954ms
[1461.666s][info][gc,cpu         ] GC(2152) User=0.36s Sys=0.03s Real=0.46s
[1462.270s][info][gc,start       ] GC(2153) Pause Young (Allocation Failure)
[1462.504s][info][gc,heap        ] GC(2153) DefNew: 629120K(629120K)->39613K(629120K) Eden: 559232K(559232K)->0K(559232K) From: 69888K(69888K)->39613K(69888K)
[1462.504s][info][gc,heap        ] GC(2153) Tenured: 815129K(1398144K)->849915K(1398144K)
[1462.504s][info][gc,metaspace   ] GC(2153) Metaspace: 23222K(23552K)->23222K(23552K) NonClass: 20423K(20608K)->20423K(20608K) Class: 2798K(2944K)->2798K(2944K)
[1462.504s][info][gc             ] GC(2153) Pause Young (Allocation Failure) 1410M->868M(1979M) 234.575ms
[1462.504s][info][gc,cpu         ] GC(2153) User=0.22s Sys=0.00s Real=0.24s
[1462.642s][info][gc,start       ] GC(2154) Pause Young (Allocation Failure)
[1463.006s][info][gc,heap        ] GC(2154) DefNew: 598845K(629120K)->69887K(629120K) Eden: 559232K(559232K)->0K(559232K) From: 39613K(69888K)->69887K(69888K)
[1463.006s][info][gc,heap        ] GC(2154) Tenured: 849915K(1398144K)->887732K(1398144K)
[1463.006s][info][gc,metaspace   ] GC(2154) Metaspace: 23222K(23552K)->23222K(23552K) NonClass: 20423K(20608K)->20423K(20608K) Class: 2798K(2944K)->2798K(2944K)
[1463.006s][info][gc             ] GC(2154) Pause Young (Allocation Failure) 1414M->935M(1979M) 363.989ms
[1463.006s][info][gc,cpu         ] GC(2154) User=0.28s Sys=0.02s Real=0.38s
[1463.164s][info][gc,start       ] GC(2155) Pause Young (Allocation Failure)
[1463.636s][info][gc,heap        ] GC(2155) DefNew: 629119K(629120K)->69887K(629120K) Eden: 559232K(559232K)->0K(559232K) From: 69887K(69888K)->69887K(69888K)
[1463.636s][info][gc,heap        ] GC(2155) Tenured: 887732K(1398144K)->955609K(1398144K)
[1463.636s][info][gc,metaspace   ] GC(2155) Metaspace: 23222K(23552K)->23222K(23552K) NonClass: 20423K(20608K)->20423K(20608K) Class: 2798K(2944K)->2798K(2944K)
[1463.636s][info][gc             ] GC(2155) Pause Young (Allocation Failure) 1481M->1001M(1979M) 471.831ms
[1463.636s][info][gc,cpu         ] GC(2155) User=0.45s Sys=0.00s Real=0.47s
[1464.234s][info][gc,start       ] GC(2156) Pause Young (Allocation Failure)
[1464.538s][info][gc,heap        ] GC(2156) DefNew: 629119K(629120K)->55818K(629120K) Eden: 559232K(559232K)->0K(559232K) From: 69887K(69888K)->55818K(69888K)
[1464.538s][info][gc,heap        ] GC(2156) Tenured: 955609K(1398144K)->989164K(1398144K)
[1464.538s][info][gc,metaspace   ] GC(2156) Metaspace: 23222K(23552K)->23222K(23552K) NonClass: 20423K(20608K)->20423K(20608K) Class: 2798K(2944K)->2798K(2944K)
[1464.538s][info][gc             ] GC(2156) Pause Young (Allocation Failure) 1547M->1020M(1979M) 303.841ms
[1464.538s][info][gc,cpu         ] GC(2156) User=0.33s Sys=0.00s Real=0.30s
[1464.681s][info][gc,start       ] GC(2157) Pause Young (Allocation Failure)
[1465.112s][info][gc,heap        ] GC(2157) DefNew: 615050K(629120K)->69888K(629120K) Eden: 559232K(559232K)->0K(559232K) From: 55818K(69888K)->69888K(69888K)
[1465.112s][info][gc,heap        ] GC(2157) Tenured: 989164K(1398144K)->1040546K(1398144K)
[1465.112s][info][gc,metaspace   ] GC(2157) Metaspace: 23222K(23552K)->23222K(23552K) NonClass: 20423K(20608K)->20423K(20608K) Class: 2798K(2944K)->2798K(2944K)
[1465.113s][info][gc             ] GC(2157) Pause Young (Allocation Failure) 1566M->1084M(1979M) 431.632ms
[1465.113s][info][gc,cpu         ] GC(2157) User=0.44s Sys=0.00s Real=0.44s
[1465.474s][info][gc,start       ] GC(2158) Pause Young (Allocation Failure)
[1465.821s][info][gc,heap        ] GC(2158) DefNew: 629120K(629120K)->69707K(629120K) Eden: 559232K(559232K)->0K(559232K) From: 69888K(69888K)->69707K(69888K)
[1465.821s][info][gc,heap        ] GC(2158) Tenured: 1040546K(1398144K)->1077237K(1398144K)
[1465.821s][info][gc,metaspace   ] GC(2158) Metaspace: 23222K(23552K)->23222K(23552K) NonClass: 20423K(20608K)->20423K(20608K) Class: 2798K(2944K)->2798K(2944K)
[1465.821s][info][gc             ] GC(2158) Pause Young (Allocation Failure) 1630M->1120M(1979M) 347.838ms
[1465.821s][info][gc,cpu         ] GC(2158) User=0.34s Sys=0.00s Real=0.35s
[1466.161s][info][gc,start       ] GC(2159) Pause Young (Allocation Failure)
[1466.471s][info][gc,heap        ] GC(2159) DefNew: 628939K(629120K)->65716K(629120K) Eden: 559232K(559232K)->0K(559232K) From: 69707K(69888K)->65716K(69888K)
[1466.471s][info][gc,heap        ] GC(2159) Tenured: 1077237K(1398144K)->1116774K(1398144K)
[1466.471s][info][gc,metaspace   ] GC(2159) Metaspace: 23222K(23552K)->23222K(23552K) NonClass: 20423K(20608K)->20423K(20608K) Class: 2798K(2944K)->2798K(2944K)
[1466.471s][info][gc             ] GC(2159) Pause Young (Allocation Failure) 1666M->1154M(1979M) 310.021ms
[1466.471s][info][gc,cpu         ] GC(2159) User=0.28s Sys=0.00s Real=0.31s
[1466.607s][info][gc,start       ] GC(2160) Pause Young (Allocation Failure)
[1467.055s][info][gc,heap        ] GC(2160) DefNew: 624948K(629120K)->69887K(629120K) Eden: 559232K(559232K)->0K(559232K) From: 65716K(69888K)->69887K(69888K)
[1467.055s][info][gc,heap        ] GC(2160) Tenured: 1116774K(1398144K)->1175108K(1398144K)
[1467.055s][info][gc,metaspace   ] GC(2160) Metaspace: 23222K(23552K)->23222K(23552K) NonClass: 20423K(20608K)->20423K(20608K) Class: 2798K(2944K)->2798K(2944K)
[1467.055s][info][gc             ] GC(2160) Pause Young (Allocation Failure) 1700M->1215M(1979M) 447.677ms
[1467.055s][info][gc,cpu         ] GC(2160) User=0.44s Sys=0.00s Real=0.46s
[1467.626s][info][gc,start       ] GC(2161) Pause Young (Allocation Failure)
[1467.860s][info][gc,heap        ] GC(2161) DefNew: 629119K(629120K)->38807K(629120K) Eden: 559232K(559232K)->0K(559232K) From: 69887K(69888K)->38807K(69888K)
[1467.860s][info][gc,heap        ] GC(2161) Tenured: 1175108K(1398144K)->1208300K(1398144K)
[1467.860s][info][gc,metaspace   ] GC(2161) Metaspace: 23222K(23552K)->23222K(23552K) NonClass: 20423K(20608K)->20423K(20608K) Class: 2798K(2944K)->2798K(2944K)
[1467.860s][info][gc             ] GC(2161) Pause Young (Allocation Failure) 1761M->1217M(1979M) 233.679ms
[1467.860s][info][gc,cpu         ] GC(2161) User=0.22s Sys=0.00s Real=0.24s
[1467.998s][info][gc,start       ] GC(2162) Pause Young (Allocation Failure)
[1468.373s][info][gc,heap        ] GC(2162) DefNew: 598039K(629120K)->69888K(629120K) Eden: 559232K(559232K)->0K(559232K) From: 38807K(69888K)->69888K(69888K)
[1468.373s][info][gc,heap        ] GC(2162) Tenured: 1208300K(1398144K)->1247620K(1398144K)
[1468.373s][info][gc,metaspace   ] GC(2162) Metaspace: 23222K(23552K)->23222K(23552K) NonClass: 20423K(20608K)->20423K(20608K) Class: 2798K(2944K)->2798K(2944K)
[1468.373s][info][gc             ] GC(2162) Pause Young (Allocation Failure) 1764M->1286M(1979M) 375.463ms
[1468.373s][info][gc,cpu         ] GC(2162) User=0.39s Sys=0.00s Real=0.38s
[1468.530s][info][gc,start       ] GC(2163) Pause Young (Allocation Failure)
[1469.009s][info][gc,heap        ] GC(2163) DefNew: 629120K(629120K)->69887K(629120K) Eden: 559232K(559232K)->0K(559232K) From: 69888K(69888K)->69887K(69888K)
[1469.009s][info][gc,heap        ] GC(2163) Tenured: 1247620K(1398144K)->1314806K(1398144K)
[1469.009s][info][gc,metaspace   ] GC(2163) Metaspace: 23222K(23552K)->23222K(23552K) NonClass: 20423K(20608K)->20423K(20608K) Class: 2798K(2944K)->2798K(2944K)
[1469.009s][info][gc             ] GC(2163) Pause Young (Allocation Failure) 1832M->1352M(1979M) 478.876ms
[1469.009s][info][gc,cpu         ] GC(2163) User=0.45s Sys=0.00s Real=0.48s
[1469.481s][info][gc,start       ] GC(2164) Pause Full (System.gc())
[1469.482s][info][gc,phases,start] GC(2164) Phase 1: Mark live objects
[1469.672s][info][gc,phases      ] GC(2164) Phase 1: Mark live objects 190.548ms
[1469.672s][info][gc,phases,start] GC(2164) Phase 2: Compute new object addresses
[1469.929s][info][gc,phases      ] GC(2164) Phase 2: Compute new object addresses 256.792ms
[1469.929s][info][gc,phases,start] GC(2164) Phase 3: Adjust pointers
[1470.034s][info][gc,phases      ] GC(2164) Phase 3: Adjust pointers 104.960ms
[1470.034s][info][gc,phases,start] GC(2164) Phase 4: Move objects
[1470.078s][info][gc,phases      ] GC(2164) Phase 4: Move objects 43.721ms
[1470.078s][info][gc,heap        ] GC(2164) DefNew: 411236K(629120K)->0K(629120K) Eden: 341348K(559232K)->0K(559232K) From: 69887K(69888K)->0K(69888K)
[1470.078s][info][gc,heap        ] GC(2164) Tenured: 1314806K(1398144K)->105158K(1398144K)
[1470.078s][info][gc,metaspace   ] GC(2164) Metaspace: 23222K(23552K)->23222K(23552K) NonClass: 20423K(20608K)->20423K(20608K) Class: 2798K(2944K)->2798K(2944K)
[1470.078s][info][gc             ] GC(2164) Pause Full (System.gc()) 1685M->102M(1979M) 596.628ms
[1470.078s][info][gc,cpu         ] GC(2164) User=0.55s Sys=0.00s Real=0.60s
[1470.259s][info][gc,start       ] GC(2165) Pause Young (Allocation Failure)
[1470.574s][info][gc,heap        ] GC(2165) DefNew: 559232K(629120K)->69888K(629120K) Eden: 559232K(559232K)->0K(559232K) From: 0K(69888K)->69888K(69888K)
[1470.574s][info][gc,heap        ] GC(2165) Tenured: 105158K(1398144K)->117172K(1398144K)
[1470.574s][info][gc,metaspace   ] GC(2165) Metaspace: 23222K(23552K)->23222K(23552K) NonClass: 20423K(20608K)->20423K(20608K) Class: 2798K(2944K)->2798K(2944K)
[1470.574s][info][gc             ] GC(2165) Pause Young (Allocation Failure) 648M->182M(1979M) 314.538ms
[1470.574s][info][gc,cpu         ] GC(2165) User=0.31s Sys=0.00s Real=0.31s
[1470.724s][info][gc,start       ] GC(2166) Pause Young (Allocation Failure)
[1471.206s][info][gc,heap        ] GC(2166) DefNew: 629120K(629120K)->69888K(629120K) Eden: 559232K(559232K)->0K(559232K) From: 69888K(69888K)->69888K(69888K)
[1471.206s][info][gc,heap        ] GC(2166) Tenured: 117172K(1398144K)->185658K(1398144K)
[1471.206s][info][gc,metaspace   ] GC(2166) Metaspace: 23222K(23552K)->23222K(23552K) NonClass: 20423K(20608K)->20423K(20608K) Class: 2798K(2944K)->2798K(2944K)
[1471.206s][info][gc             ] GC(2166) Pause Young (Allocation Failure) 728M->249M(1979M) 481.836ms
[1471.206s][info][gc,cpu         ] GC(2166) User=0.47s Sys=0.00s Real=0.49s
[1471.669s][info][gc,start       ] GC(2167) Pause Young (Allocation Failure)
[1472.004s][info][gc,heap        ] GC(2167) DefNew: 629120K(629120K)->64957K(629120K) Eden: 559232K(559232K)->0K(559232K) From: 69888K(69888K)->64957K(69888K)
[1472.004s][info][gc,heap        ] GC(2167) Tenured: 185658K(1398144K)->221596K(1398144K)
[1472.005s][info][gc,metaspace   ] GC(2167) Metaspace: 23222K(23552K)->23222K(23552K) NonClass: 20423K(20608K)->20423K(20608K) Class: 2798K(2944K)->2798K(2944K)
[1472.005s][info][gc             ] GC(2167) Pause Young (Allocation Failure) 795M->279M(1979M) 336.027ms
[1472.005s][info][gc,cpu         ] GC(2167) User=0.30s Sys=0.00s Real=0.33s
[1472.148s][info][gc,start       ] GC(2168) Pause Young (Allocation Failure)
[1472.586s][info][gc,heap        ] GC(2168) DefNew: 624189K(629120K)->69887K(629120K) Eden: 559232K(559232K)->0K(559232K) From: 64957K(69888K)->69887K(69888K)
[1472.587s][info][gc,heap        ] GC(2168) Tenured: 221596K(1398144K)->282292K(1398144K)
[1472.587s][info][gc,metaspace   ] GC(2168) Metaspace: 23222K(23552K)->23222K(23552K) NonClass: 20423K(20608K)->20423K(20608K) Class: 2798K(2944K)->2798K(2944K)
[1472.587s][info][gc             ] GC(2168) Pause Young (Allocation Failure) 825M->343M(1979M) 438.145ms
[1472.587s][info][gc,cpu         ] GC(2168) User=0.42s Sys=0.00s Real=0.42s
[1473.089s][info][gc,start       ] GC(2169) Pause Young (Allocation Failure)
[1473.343s][info][gc,heap        ] GC(2169) DefNew: 629119K(629120K)->45976K(629120K) Eden: 559232K(559232K)->0K(559232K) From: 69887K(69888K)->45976K(69888K)
[1473.343s][info][gc,heap        ] GC(2169) Tenured: 282292K(1398144K)->318016K(1398144K)
[1473.343s][info][gc,metaspace   ] GC(2169) Metaspace: 23222K(23552K)->23222K(23552K) NonClass: 20423K(20608K)->20423K(20608K) Class: 2798K(2944K)->2798K(2944K)
[1473.343s][info][gc             ] GC(2169) Pause Young (Allocation Failure) 890M->355M(1979M) 254.780ms
[1473.343s][info][gc,cpu         ] GC(2169) User=0.23s Sys=0.00s Real=0.25s
[1473.509s][info][gc,start       ] GC(2170) Pause Young (Allocation Failure)
[1473.853s][info][gc,heap        ] GC(2170) DefNew: 605208K(629120K)->68690K(629120K) Eden: 559232K(559232K)->0K(559232K) From: 45976K(69888K)->68690K(69888K)
[1473.853s][info][gc,heap        ] GC(2170) Tenured: 318016K(1398144K)->356616K(1398144K)
[1473.853s][info][gc,metaspace   ] GC(2170) Metaspace: 23222K(23552K)->23222K(23552K) NonClass: 20423K(20608K)->20423K(20608K) Class: 2798K(2944K)->2798K(2944K)
[1473.853s][info][gc             ] GC(2170) Pause Young (Allocation Failure) 901M->415M(1979M) 344.586ms
[1473.853s][info][gc,cpu         ] GC(2170) User=0.33s Sys=0.00s Real=0.35s
[1474.008s][info][gc,start       ] GC(2171) Pause Young (Allocation Failure)
[1474.485s][info][gc,heap        ] GC(2171) DefNew: 627922K(629120K)->69888K(629120K) Eden: 559232K(559232K)->0K(559232K) From: 68690K(69888K)->69888K(69888K)
[1474.485s][info][gc,heap        ] GC(2171) Tenured: 356616K(1398144K)->421520K(1398144K)
[1474.485s][info][gc,metaspace   ] GC(2171) Metaspace: 23222K(23552K)->23222K(23552K) NonClass: 20423K(20608K)->20423K(20608K) Class: 2798K(2944K)->2798K(2944K)
[1474.485s][info][gc             ] GC(2171) Pause Young (Allocation Failure) 961M->479M(1979M) 476.953ms
[1474.485s][info][gc,cpu         ] GC(2171) User=0.45s Sys=0.00s Real=0.47s
[1475.075s][info][gc,start       ] GC(2172) Pause Young (Allocation Failure)
[1475.366s][info][gc,heap        ] GC(2172) DefNew: 629120K(629120K)->52571K(629120K) Eden: 559232K(559232K)->0K(559232K) From: 69888K(69888K)->52571K(69888K)
[1475.366s][info][gc,heap        ] GC(2172) Tenured: 421520K(1398144K)->458259K(1398144K)
[1475.366s][info][gc,metaspace   ] GC(2172) Metaspace: 23222K(23552K)->23222K(23552K) NonClass: 20423K(20608K)->20423K(20608K) Class: 2798K(2944K)->2798K(2944K)
[1475.366s][info][gc             ] GC(2172) Pause Young (Allocation Failure) 1026M->498M(1979M) 291.537ms
[1475.366s][info][gc,cpu         ] GC(2172) User=0.23s Sys=0.00s Real=0.28s
[1475.508s][info][gc,start       ] GC(2173) Pause Young (Allocation Failure)
[1475.923s][info][gc,heap        ] GC(2173) DefNew: 611803K(629120K)->69887K(629120K) Eden: 559232K(559232K)->0K(559232K) From: 52571K(69888K)->69887K(69888K)
[1475.923s][info][gc,heap        ] GC(2173) Tenured: 458259K(1398144K)->509100K(1398144K)
[1475.923s][info][gc,metaspace   ] GC(2173) Metaspace: 23222K(23552K)->23222K(23552K) NonClass: 20423K(20608K)->20423K(20608K) Class: 2798K(2944K)->2798K(2944K)
[1475.923s][info][gc             ] GC(2173) Pause Young (Allocation Failure) 1044M->565M(1979M) 414.764ms
[1475.923s][info][gc,cpu         ] GC(2173) User=0.34s Sys=0.00s Real=0.41s
[1476.194s][info][gc,start       ] GC(2174) Pause Young (Allocation Failure)
[1476.612s][info][gc,heap        ] GC(2174) DefNew: 629119K(629120K)->69887K(629120K) Eden: 559232K(559232K)->0K(559232K) From: 69887K(69888K)->69887K(69888K)
[1476.612s][info][gc,heap        ] GC(2174) Tenured: 509100K(1398144K)->553351K(1398144K)
[1476.612s][info][gc,metaspace   ] GC(2174) Metaspace: 23222K(23552K)->23222K(23552K) NonClass: 20423K(20608K)->20423K(20608K) Class: 2798K(2944K)->2798K(2944K)
[1476.612s][info][gc             ] GC(2174) Pause Young (Allocation Failure) 1111M->608M(1979M) 417.996ms
[1476.612s][info][gc,cpu         ] GC(2174) User=0.41s Sys=0.00s Real=0.42s
[1477.181s][info][gc,start       ] GC(2175) Pause Young (Allocation Failure)
[1477.443s][info][gc,heap        ] GC(2175) DefNew: 629119K(629120K)->54301K(629120K) Eden: 559232K(559232K)->0K(559232K) From: 69887K(69888K)->54301K(69888K)
[1477.443s][info][gc,heap        ] GC(2175) Tenured: 553351K(1398144K)->588375K(1398144K)
[1477.443s][info][gc,metaspace   ] GC(2175) Metaspace: 23222K(23552K)->23222K(23552K) NonClass: 20423K(20608K)->20423K(20608K) Class: 2798K(2944K)->2798K(2944K)
[1477.443s][info][gc             ] GC(2175) Pause Young (Allocation Failure) 1154M->627M(1979M) 262.835ms
[1477.443s][info][gc,cpu         ] GC(2175) User=0.27s Sys=0.00s Real=0.27s
[1477.588s][info][gc,start       ] GC(2176) Pause Young (Allocation Failure)
[1477.982s][info][gc,heap        ] GC(2176) DefNew: 613533K(629120K)->68935K(629120K) Eden: 559232K(559232K)->0K(559232K) From: 54301K(69888K)->68935K(69888K)
[1477.982s][info][gc,heap        ] GC(2176) Tenured: 588375K(1398144K)->637711K(1398144K)
[1477.982s][info][gc,metaspace   ] GC(2176) Metaspace: 23222K(23552K)->23222K(23552K) NonClass: 20423K(20608K)->20423K(20608K) Class: 2798K(2944K)->2798K(2944K)
[1477.982s][info][gc             ] GC(2176) Pause Young (Allocation Failure) 1173M->690M(1979M) 394.440ms
[1477.982s][info][gc,cpu         ] GC(2176) User=0.39s Sys=0.00s Real=0.39s
[1478.507s][info][gc,start       ] GC(2177) Pause Young (Allocation Failure)
[1478.751s][info][gc,heap        ] GC(2177) DefNew: 628167K(629120K)->45548K(629120K) Eden: 559232K(559232K)->0K(559232K) From: 68935K(69888K)->45548K(69888K)
[1478.751s][info][gc,heap        ] GC(2177) Tenured: 637711K(1398144K)->672087K(1398144K)
[1478.751s][info][gc,metaspace   ] GC(2177) Metaspace: 23222K(23552K)->23222K(23552K) NonClass: 20423K(20608K)->20423K(20608K) Class: 2798K(2944K)->2798K(2944K)
[1478.751s][info][gc             ] GC(2177) Pause Young (Allocation Failure) 1236M->700M(1979M) 243.600ms
[1478.751s][info][gc,cpu         ] GC(2177) User=0.23s Sys=0.00s Real=0.24s
[1478.898s][info][gc,start       ] GC(2178) Pause Young (Allocation Failure)
[1479.283s][info][gc,heap        ] GC(2178) DefNew: 604780K(629120K)->69887K(629120K) Eden: 559232K(559232K)->0K(559232K) From: 45548K(69888K)->69887K(69888K)
[1479.283s][info][gc,heap        ] GC(2178) Tenured: 672087K(1398144K)->720957K(1398144K)
[1479.283s][info][gc,metaspace   ] GC(2178) Metaspace: 23222K(23552K)->23222K(23552K) NonClass: 20423K(20608K)->20423K(20608K) Class: 2798K(2944K)->2798K(2944K)
[1479.283s][info][gc             ] GC(2178) Pause Young (Allocation Failure) 1246M->772M(1979M) 384.326ms
[1479.283s][info][gc,cpu         ] GC(2178) User=0.38s Sys=0.00s Real=0.38s
[1479.427s][info][gc,start       ] GC(2179) Pause Young (Allocation Failure)
[1479.903s][info][gc,heap        ] GC(2179) DefNew: 629119K(629120K)->69888K(629120K) Eden: 559232K(559232K)->0K(559232K) From: 69887K(69888K)->69888K(69888K)
[1479.903s][info][gc,heap        ] GC(2179) Tenured: 720957K(1398144K)->787335K(1398144K)
[1479.903s][info][gc,metaspace   ] GC(2179) Metaspace: 23222K(23552K)->23222K(23552K) NonClass: 20423K(20608K)->20423K(20608K) Class: 2798K(2944K)->2798K(2944K)
[1479.903s][info][gc             ] GC(2179) Pause Young (Allocation Failure) 1318M->837M(1979M) 475.482ms
[1479.903s][info][gc,cpu         ] GC(2179) User=0.47s Sys=0.00s Real=0.49s
[1480.463s][info][gc,start       ] GC(2180) Pause Young (Allocation Failure)
[1480.757s][info][gc,heap        ] GC(2180) DefNew: 629120K(629120K)->59541K(629120K) Eden: 559232K(559232K)->0K(559232K) From: 69888K(69888K)->59541K(69888K)
[1480.757s][info][gc,heap        ] GC(2180) Tenured: 787335K(1398144K)->820744K(1398144K)
[1480.757s][info][gc,metaspace   ] GC(2180) Metaspace: 23222K(23552K)->23222K(23552K) NonClass: 20423K(20608K)->20423K(20608K) Class: 2798K(2944K)->2798K(2944K)
[1480.757s][info][gc             ] GC(2180) Pause Young (Allocation Failure) 1383M->859M(1979M) 293.637ms
[1480.757s][info][gc,cpu         ] GC(2180) User=0.31s Sys=0.00s Real=0.28s
[1480.908s][info][gc,start       ] GC(2181) Pause Young (Allocation Failure)
[1481.338s][info][gc,heap        ] GC(2181) DefNew: 618773K(629120K)->69888K(629120K) Eden: 559232K(559232K)->0K(559232K) From: 59541K(69888K)->69888K(69888K)
[1481.338s][info][gc,heap        ] GC(2181) Tenured: 820744K(1398144K)->878101K(1398144K)
[1481.338s][info][gc,metaspace   ] GC(2181) Metaspace: 23222K(23552K)->23222K(23552K) NonClass: 20423K(20608K)->20423K(20608K) Class: 2798K(2944K)->2798K(2944K)
[1481.338s][info][gc             ] GC(2181) Pause Young (Allocation Failure) 1405M->925M(1979M) 430.092ms
[1481.338s][info][gc,cpu         ] GC(2181) User=0.42s Sys=0.00s Real=0.42s
[1481.708s][info][gc,start       ] GC(2182) Pause Young (Allocation Failure)
[1482.018s][info][gc,heap        ] GC(2182) DefNew: 629120K(629120K)->64370K(629120K) Eden: 559232K(559232K)->0K(559232K) From: 69888K(69888K)->64370K(69888K)
[1482.018s][info][gc,heap        ] GC(2182) Tenured: 878101K(1398144K)->914156K(1398144K)
[1482.018s][info][gc,metaspace   ] GC(2182) Metaspace: 23222K(23552K)->23222K(23552K) NonClass: 20423K(20608K)->20423K(20608K) Class: 2798K(2944K)->2798K(2944K)
[1482.018s][info][gc             ] GC(2182) Pause Young (Allocation Failure) 1471M->955M(1979M) 310.673ms
[1482.018s][info][gc,cpu         ] GC(2182) User=0.30s Sys=0.00s Real=0.30s
[1482.315s][info][gc,start       ] GC(2183) Pause Young (Allocation Failure)
[1482.622s][info][gc,heap        ] GC(2183) DefNew: 623602K(629120K)->63366K(629120K) Eden: 559232K(559232K)->0K(559232K) From: 64370K(69888K)->63366K(69888K)
[1482.622s][info][gc,heap        ] GC(2183) Tenured: 914156K(1398144K)->952279K(1398144K)
[1482.622s][info][gc,metaspace   ] GC(2183) Metaspace: 23222K(23552K)->23222K(23552K) NonClass: 20423K(20608K)->20423K(20608K) Class: 2798K(2944K)->2798K(2944K)
[1482.622s][info][gc             ] GC(2183) Pause Young (Allocation Failure) 1501M->991M(1979M) 306.605ms
[1482.622s][info][gc,cpu         ] GC(2183) User=0.31s Sys=0.00s Real=0.30s
[1482.770s][info][gc,start       ] GC(2184) Pause Young (Allocation Failure)
[1483.215s][info][gc,heap        ] GC(2184) DefNew: 622598K(629120K)->69887K(629120K) Eden: 559232K(559232K)->0K(559232K) From: 63366K(69888K)->69887K(69888K)
[1483.216s][info][gc,heap        ] GC(2184) Tenured: 952279K(1398144K)->1011196K(1398144K)
[1483.216s][info][gc,metaspace   ] GC(2184) Metaspace: 23222K(23552K)->23222K(23552K) NonClass: 20423K(20608K)->20423K(20608K) Class: 2798K(2944K)->2798K(2944K)
[1483.216s][info][gc             ] GC(2184) Pause Young (Allocation Failure) 1537M->1055M(1979M) 445.599ms
[1483.216s][info][gc,cpu         ] GC(2184) User=0.44s Sys=0.00s Real=0.44s
[1483.819s][info][gc,start       ] GC(2185) Pause Young (Allocation Failure)
[1484.072s][info][gc,heap        ] GC(2185) DefNew: 629119K(629120K)->44053K(629120K) Eden: 559232K(559232K)->0K(559232K) From: 69887K(69888K)->44053K(69888K)
[1484.072s][info][gc,heap        ] GC(2185) Tenured: 1011196K(1398144K)->1047016K(1398144K)
[1484.072s][info][gc,metaspace   ] GC(2185) Metaspace: 23222K(23552K)->23222K(23552K) NonClass: 20423K(20608K)->20423K(20608K) Class: 2798K(2944K)->2798K(2944K)
[1484.072s][info][gc             ] GC(2185) Pause Young (Allocation Failure) 1601M->1065M(1979M) 252.553ms
[1484.072s][info][gc,cpu         ] GC(2185) User=0.25s Sys=0.00s Real=0.25s
[1484.217s][info][gc,start       ] GC(2186) Pause Young (Allocation Failure)
[1484.603s][info][gc,heap        ] GC(2186) DefNew: 603285K(629120K)->69888K(629120K) Eden: 559232K(559232K)->0K(559232K) From: 44053K(69888K)->69888K(69888K)
[1484.603s][info][gc,heap        ] GC(2186) Tenured: 1047016K(1398144K)->1091240K(1398144K)
[1484.603s][info][gc,metaspace   ] GC(2186) Metaspace: 23222K(23552K)->23222K(23552K) NonClass: 20423K(20608K)->20423K(20608K) Class: 2798K(2944K)->2798K(2944K)
[1484.604s][info][gc             ] GC(2186) Pause Young (Allocation Failure) 1611M->1133M(1979M) 386.585ms
[1484.604s][info][gc,cpu         ] GC(2186) User=0.36s Sys=0.00s Real=0.38s
[1484.751s][info][gc,start       ] GC(2187) Pause Young (Allocation Failure)
[1485.231s][info][gc,heap        ] GC(2187) DefNew: 629120K(629120K)->69888K(629120K) Eden: 559232K(559232K)->0K(559232K) From: 69888K(69888K)->69888K(69888K)
[1485.231s][info][gc,heap        ] GC(2187) Tenured: 1091240K(1398144K)->1157241K(1398144K)
[1485.231s][info][gc,metaspace   ] GC(2187) Metaspace: 23222K(23552K)->23222K(23552K) NonClass: 20423K(20608K)->20423K(20608K) Class: 2798K(2944K)->2798K(2944K)
[1485.231s][info][gc             ] GC(2187) Pause Young (Allocation Failure) 1680M->1198M(1979M) 479.444ms
[1485.231s][info][gc,cpu         ] GC(2187) User=0.47s Sys=0.00s Real=0.47s
[1485.756s][info][gc,start       ] GC(2188) Pause Young (Allocation Failure)
[1486.078s][info][gc,heap        ] GC(2188) DefNew: 629120K(629120K)->62399K(629120K) Eden: 559232K(559232K)->0K(559232K) From: 69888K(69888K)->62399K(69888K)
[1486.078s][info][gc,heap        ] GC(2188) Tenured: 1157241K(1398144K)->1192381K(1398144K)
[1486.078s][info][gc,metaspace   ] GC(2188) Metaspace: 23222K(23552K)->23222K(23552K) NonClass: 20423K(20608K)->20423K(20608K) Class: 2798K(2944K)->2798K(2944K)
[1486.078s][info][gc             ] GC(2188) Pause Young (Allocation Failure) 1744M->1225M(1979M) 322.019ms
[1486.078s][info][gc,cpu         ] GC(2188) User=0.33s Sys=0.00s Real=0.33s
[1486.229s][info][gc,start       ] GC(2189) Pause Young (Allocation Failure)
[1486.691s][info][gc,heap        ] GC(2189) DefNew: 621631K(629120K)->69888K(629120K) Eden: 559232K(559232K)->0K(559232K) From: 62399K(69888K)->69888K(69888K)
[1486.691s][info][gc,heap        ] GC(2189) Tenured: 1192381K(1398144K)->1254651K(1398144K)
[1486.691s][info][gc,metaspace   ] GC(2189) Metaspace: 23222K(23552K)->23222K(23552K) NonClass: 20423K(20608K)->20423K(20608K) Class: 2798K(2944K)->2798K(2944K)
[1486.691s][info][gc             ] GC(2189) Pause Young (Allocation Failure) 1771M->1293M(1979M) 461.636ms
[1486.691s][info][gc,cpu         ] GC(2189) User=0.44s Sys=0.00s Real=0.47s
[1487.119s][info][gc,start       ] GC(2190) Pause Young (Allocation Failure)
[1487.406s][info][gc,heap        ] GC(2190) DefNew: 629120K(629120K)->56373K(629120K) Eden: 559232K(559232K)->0K(559232K) From: 69888K(69888K)->56373K(69888K)
[1487.406s][info][gc,heap        ] GC(2190) Tenured: 1254651K(1398144K)->1290433K(1398144K)
[1487.406s][info][gc,metaspace   ] GC(2190) Metaspace: 23222K(23552K)->23222K(23552K) NonClass: 20423K(20608K)->20423K(20608K) Class: 2798K(2944K)->2798K(2944K)
[1487.406s][info][gc             ] GC(2190) Pause Young (Allocation Failure) 1839M->1315M(1979M) 287.503ms
[1487.406s][info][gc,cpu         ] GC(2190) User=0.28s Sys=0.00s Real=0.30s
[1487.530s][info][gc,start       ] GC(2191) Pause Full (System.gc())
[1487.530s][info][gc,phases,start] GC(2191) Phase 1: Mark live objects
[1487.696s][info][gc,phases      ] GC(2191) Phase 1: Mark live objects 165.589ms
[1487.696s][info][gc,phases,start] GC(2191) Phase 2: Compute new object addresses
[1487.911s][info][gc,phases      ] GC(2191) Phase 2: Compute new object addresses 215.150ms
[1487.911s][info][gc,phases,start] GC(2191) Phase 3: Adjust pointers
[1487.980s][info][gc,phases      ] GC(2191) Phase 3: Adjust pointers 68.790ms
[1487.980s][info][gc,phases,start] GC(2191) Phase 4: Move objects
[1488.008s][info][gc,phases      ] GC(2191) Phase 4: Move objects 27.654ms
[1488.008s][info][gc,heap        ] GC(2191) DefNew: 114750K(629120K)->0K(629120K) Eden: 58376K(559232K)->0K(559232K) From: 56373K(69888K)->0K(69888K)
[1488.008s][info][gc,heap        ] GC(2191) Tenured: 1290433K(1398144K)->168867K(1398144K)
[1488.008s][info][gc,metaspace   ] GC(2191) Metaspace: 23222K(23552K)->23222K(23552K) NonClass: 20423K(20608K)->20423K(20608K) Class: 2798K(2944K)->2798K(2944K)
[1488.008s][info][gc             ] GC(2191) Pause Full (System.gc()) 1372M->164M(1979M) 477.843ms
[1488.008s][info][gc,cpu         ] GC(2191) User=0.47s Sys=0.00s Real=0.49s
[1488.168s][info][gc,start       ] GC(2192) Pause Young (Allocation Failure)
[1488.471s][info][gc,heap        ] GC(2192) DefNew: 559232K(629120K)->69888K(629120K) Eden: 559232K(559232K)->0K(559232K) From: 0K(69888K)->69888K(69888K)
[1488.471s][info][gc,heap        ] GC(2192) Tenured: 168867K(1398144K)->173809K(1398144K)
[1488.471s][info][gc,metaspace   ] GC(2192) Metaspace: 23222K(23552K)->23222K(23552K) NonClass: 20423K(20608K)->20423K(20608K) Class: 2798K(2944K)->2798K(2944K)
[1488.471s][info][gc             ] GC(2192) Pause Young (Allocation Failure) 711M->237M(1979M) 303.228ms
[1488.471s][info][gc,cpu         ] GC(2192) User=0.28s Sys=0.03s Real=0.30s
[1488.625s][info][gc,start       ] GC(2193) Pause Young (Allocation Failure)
[1489.092s][info][gc,heap        ] GC(2193) DefNew: 629120K(629120K)->69887K(629120K) Eden: 559232K(559232K)->0K(559232K) From: 69888K(69888K)->69887K(69888K)
[1489.092s][info][gc,heap        ] GC(2193) Tenured: 173809K(1398144K)->238225K(1398144K)
[1489.092s][info][gc,metaspace   ] GC(2193) Metaspace: 23222K(23552K)->23222K(23552K) NonClass: 20423K(20608K)->20423K(20608K) Class: 2798K(2944K)->2798K(2944K)
[1489.092s][info][gc             ] GC(2193) Pause Young (Allocation Failure) 784M->300M(1979M) 467.352ms
[1489.092s][info][gc,cpu         ] GC(2193) User=0.44s Sys=0.00s Real=0.47s
[1489.625s][info][gc,start       ] GC(2194) Pause Young (Allocation Failure)
[1489.924s][info][gc,heap        ] GC(2194) DefNew: 629119K(629120K)->56806K(629120K) Eden: 559232K(559232K)->0K(559232K) From: 69887K(69888K)->56806K(69888K)
[1489.924s][info][gc,heap        ] GC(2194) Tenured: 238225K(1398144K)->272899K(1398144K)
[1489.924s][info][gc,metaspace   ] GC(2194) Metaspace: 23222K(23552K)->23222K(23552K) NonClass: 20423K(20608K)->20423K(20608K) Class: 2798K(2944K)->2798K(2944K)
[1489.924s][info][gc             ] GC(2194) Pause Young (Allocation Failure) 847M->321M(1979M) 298.696ms
[1489.924s][info][gc,cpu         ] GC(2194) User=0.33s Sys=0.00s Real=0.30s
[1490.058s][info][gc,start       ] GC(2195) Pause Young (Allocation Failure)
[1490.477s][info][gc,heap        ] GC(2195) DefNew: 616038K(629120K)->69887K(629120K) Eden: 559232K(559232K)->0K(559232K) From: 56806K(69888K)->69887K(69888K)
[1490.477s][info][gc,heap        ] GC(2195) Tenured: 272899K(1398144K)->321937K(1398144K)
[1490.477s][info][gc,metaspace   ] GC(2195) Metaspace: 23222K(23552K)->23222K(23552K) NonClass: 20423K(20608K)->20423K(20608K) Class: 2798K(2944K)->2798K(2944K)
[1490.477s][info][gc             ] GC(2195) Pause Young (Allocation Failure) 868M->382M(1979M) 419.305ms
[1490.477s][info][gc,cpu         ] GC(2195) User=0.38s Sys=0.00s Real=0.42s
[1490.812s][info][gc,start       ] GC(2196) Pause Young (Allocation Failure)
[1491.210s][info][gc,heap        ] GC(2196) DefNew: 629119K(629120K)->69463K(629120K) Eden: 559232K(559232K)->0K(559232K) From: 69887K(69888K)->69463K(69888K)
[1491.210s][info][gc,heap        ] GC(2196) Tenured: 321937K(1398144K)->363241K(1398144K)
[1491.210s][info][gc,metaspace   ] GC(2196) Metaspace: 23222K(23552K)->23222K(23552K) NonClass: 20423K(20608K)->20423K(20608K) Class: 2798K(2944K)->2798K(2944K)
[1491.210s][info][gc             ] GC(2196) Pause Young (Allocation Failure) 928M->422M(1979M) 397.851ms
[1491.210s][info][gc,cpu         ] GC(2196) User=0.39s Sys=0.00s Real=0.41s
[1491.638s][info][gc,start       ] GC(2197) Pause Young (Allocation Failure)
[1491.952s][info][gc,heap        ] GC(2197) DefNew: 628695K(629120K)->68521K(629120K) Eden: 559232K(559232K)->0K(559232K) From: 69463K(69888K)->68521K(69888K)
[1491.952s][info][gc,heap        ] GC(2197) Tenured: 363241K(1398144K)->399089K(1398144K)
[1491.952s][info][gc,metaspace   ] GC(2197) Metaspace: 23222K(23552K)->23222K(23552K) NonClass: 20423K(20608K)->20423K(20608K) Class: 2798K(2944K)->2798K(2944K)
[1491.952s][info][gc             ] GC(2197) Pause Young (Allocation Failure) 968M->456M(1979M) 313.976ms
[1491.952s][info][gc,cpu         ] GC(2197) User=0.31s Sys=0.00s Real=0.31s
[1492.090s][info][gc,start       ] GC(2198) Pause Young (Allocation Failure)
[1492.543s][info][gc,heap        ] GC(2198) DefNew: 627753K(629120K)->69887K(629120K) Eden: 559232K(559232K)->0K(559232K) From: 68521K(69888K)->69887K(69888K)
[1492.543s][info][gc,heap        ] GC(2198) Tenured: 399089K(1398144K)->463551K(1398144K)
[1492.543s][info][gc,metaspace   ] GC(2198) Metaspace: 23222K(23552K)->23222K(23552K) NonClass: 20423K(20608K)->20423K(20608K) Class: 2798K(2944K)->2798K(2944K)
[1492.543s][info][gc             ] GC(2198) Pause Young (Allocation Failure) 1002M->520M(1979M) 453.789ms
[1492.543s][info][gc,cpu         ] GC(2198) User=0.41s Sys=0.00s Real=0.45s
[1493.055s][info][gc,start       ] GC(2199) Pause Young (Allocation Failure)
[1493.302s][info][gc,heap        ] GC(2199) DefNew: 629119K(629120K)->42624K(629120K) Eden: 559232K(559232K)->0K(559232K) From: 69887K(69888K)->42624K(69888K)
[1493.302s][info][gc,heap        ] GC(2199) Tenured: 463551K(1398144K)->496297K(1398144K)
[1493.302s][info][gc,metaspace   ] GC(2199) Metaspace: 23222K(23552K)->23222K(23552K) NonClass: 20423K(20608K)->20423K(20608K) Class: 2798K(2944K)->2798K(2944K)
[1493.302s][info][gc             ] GC(2199) Pause Young (Allocation Failure) 1067M->526M(1979M) 246.234ms
[1493.302s][info][gc,cpu         ] GC(2199) User=0.23s Sys=0.00s Real=0.24s
[1493.446s][info][gc,start       ] GC(2200) Pause Young (Allocation Failure)
[1493.845s][info][gc,heap        ] GC(2200) DefNew: 601856K(629120K)->69887K(629120K) Eden: 559232K(559232K)->0K(559232K) From: 42624K(69888K)->69887K(69888K)
[1493.845s][info][gc,heap        ] GC(2200) Tenured: 496297K(1398144K)->541835K(1398144K)
[1493.845s][info][gc,metaspace   ] GC(2200) Metaspace: 23222K(23552K)->23222K(23552K) NonClass: 20423K(20608K)->20423K(20608K) Class: 2798K(2944K)->2798K(2944K)
[1493.845s][info][gc             ] GC(2200) Pause Young (Allocation Failure) 1072M->597M(1979M) 398.879ms
[1493.845s][info][gc,cpu         ] GC(2200) User=0.41s Sys=0.00s Real=0.41s
[1493.985s][info][gc,start       ] GC(2201) Pause Young (Allocation Failure)
[1494.449s][info][gc,heap        ] GC(2201) DefNew: 629119K(629120K)->69888K(629120K) Eden: 559232K(559232K)->0K(559232K) From: 69887K(69888K)->69888K(69888K)
[1494.449s][info][gc,heap        ] GC(2201) Tenured: 541835K(1398144K)->603611K(1398144K)
[1494.449s][info][gc,metaspace   ] GC(2201) Metaspace: 23222K(23552K)->23222K(23552K) NonClass: 20423K(20608K)->20423K(20608K) Class: 2798K(2944K)->2798K(2944K)
[1494.449s][info][gc             ] GC(2201) Pause Young (Allocation Failure) 1143M->657M(1979M) 463.527ms
[1494.449s][info][gc,cpu         ] GC(2201) User=0.44s Sys=0.00s Real=0.45s
[1495.017s][info][gc,start       ] GC(2202) Pause Young (Allocation Failure)
[1495.314s][info][gc,heap        ] GC(2202) DefNew: 629120K(629120K)->60061K(629120K) Eden: 559232K(559232K)->0K(559232K) From: 69888K(69888K)->60061K(69888K)
[1495.314s][info][gc,heap        ] GC(2202) Tenured: 603611K(1398144K)->636375K(1398144K)
[1495.314s][info][gc,metaspace   ] GC(2202) Metaspace: 23222K(23552K)->23222K(23552K) NonClass: 20423K(20608K)->20423K(20608K) Class: 2798K(2944K)->2798K(2944K)
[1495.314s][info][gc             ] GC(2202) Pause Young (Allocation Failure) 1203M->680M(1979M) 296.364ms
[1495.314s][info][gc,cpu         ] GC(2202) User=0.30s Sys=0.00s Real=0.30s
[1495.462s][info][gc,start       ] GC(2203) Pause Young (Allocation Failure)
[1495.883s][info][gc,heap        ] GC(2203) DefNew: 619293K(629120K)->69887K(629120K) Eden: 559232K(559232K)->0K(559232K) From: 60061K(69888K)->69887K(69888K)
[1495.883s][info][gc,heap        ] GC(2203) Tenured: 636375K(1398144K)->693644K(1398144K)
[1495.883s][info][gc,metaspace   ] GC(2203) Metaspace: 23222K(23552K)->23222K(23552K) NonClass: 20423K(20608K)->20423K(20608K) Class: 2798K(2944K)->2798K(2944K)
[1495.883s][info][gc             ] GC(2203) Pause Young (Allocation Failure) 1226M->745M(1979M) 421.713ms
[1495.883s][info][gc,cpu         ] GC(2203) User=0.38s Sys=0.00s Real=0.43s
[1496.256s][info][gc,start       ] GC(2204) Pause Young (Allocation Failure)
[1496.572s][info][gc,heap        ] GC(2204) DefNew: 629119K(629120K)->64631K(629120K) Eden: 559232K(559232K)->0K(559232K) From: 69887K(69888K)->64631K(69888K)
[1496.572s][info][gc,heap        ] GC(2204) Tenured: 693644K(1398144K)->728923K(1398144K)
[1496.572s][info][gc,metaspace   ] GC(2204) Metaspace: 23222K(23552K)->23222K(23552K) NonClass: 20423K(20608K)->20423K(20608K) Class: 2798K(2944K)->2798K(2944K)
[1496.572s][info][gc             ] GC(2204) Pause Young (Allocation Failure) 1291M->774M(1979M) 316.016ms
[1496.572s][info][gc,cpu         ] GC(2204) User=0.30s Sys=0.00s Real=0.31s
[1496.883s][info][gc,start       ] GC(2205) Pause Young (Allocation Failure)
[1497.202s][info][gc,heap        ] GC(2205) DefNew: 623863K(629120K)->65680K(629120K) Eden: 559232K(559232K)->0K(559232K) From: 64631K(69888K)->65680K(69888K)
[1497.202s][info][gc,heap        ] GC(2205) Tenured: 728923K(1398144K)->766550K(1398144K)
[1497.202s][info][gc,metaspace   ] GC(2205) Metaspace: 23222K(23552K)->23222K(23552K) NonClass: 20423K(20608K)->20423K(20608K) Class: 2798K(2944K)->2798K(2944K)
[1497.202s][info][gc             ] GC(2205) Pause Young (Allocation Failure) 1321M->812M(1979M) 319.152ms
[1497.202s][info][gc,cpu         ] GC(2205) User=0.31s Sys=0.00s Real=0.33s
[1497.354s][info][gc,start       ] GC(2206) Pause Young (Allocation Failure)
[1497.812s][info][gc,heap        ] GC(2206) DefNew: 624912K(629120K)->69887K(629120K) Eden: 559232K(559232K)->0K(559232K) From: 65680K(69888K)->69887K(69888K)
[1497.812s][info][gc,heap        ] GC(2206) Tenured: 766550K(1398144K)->829654K(1398144K)
[1497.812s][info][gc,metaspace   ] GC(2206) Metaspace: 23222K(23552K)->23222K(23552K) NonClass: 20423K(20608K)->20423K(20608K) Class: 2798K(2944K)->2798K(2944K)
[1497.812s][info][gc             ] GC(2206) Pause Young (Allocation Failure) 1358M->878M(1979M) 458.092ms
[1497.812s][info][gc,cpu         ] GC(2206) User=0.44s Sys=0.00s Real=0.46s
[1498.414s][info][gc,start       ] GC(2207) Pause Young (Allocation Failure)
[1498.687s][info][gc,heap        ] GC(2207) DefNew: 629119K(629120K)->49143K(629120K) Eden: 559232K(559232K)->0K(559232K) From: 69887K(69888K)->49143K(69888K)
[1498.687s][info][gc,heap        ] GC(2207) Tenured: 829654K(1398144K)->866837K(1398144K)
[1498.687s][info][gc,metaspace   ] GC(2207) Metaspace: 23222K(23552K)->23222K(23552K) NonClass: 20423K(20608K)->20423K(20608K) Class: 2798K(2944K)->2798K(2944K)
[1498.687s][info][gc             ] GC(2207) Pause Young (Allocation Failure) 1424M->894M(1979M) 273.327ms
[1498.687s][info][gc,cpu         ] GC(2207) User=0.28s Sys=0.00s Real=0.27s
[1498.839s][info][gc,start       ] GC(2208) Pause Young (Allocation Failure)
[1499.258s][info][gc,heap        ] GC(2208) DefNew: 608375K(629120K)->69888K(629120K) Eden: 559232K(559232K)->0K(559232K) From: 49143K(69888K)->69888K(69888K)
[1499.258s][info][gc,heap        ] GC(2208) Tenured: 866837K(1398144K)->917870K(1398144K)
[1499.258s][info][gc,metaspace   ] GC(2208) Metaspace: 23222K(23552K)->23222K(23552K) NonClass: 20423K(20608K)->20423K(20608K) Class: 2798K(2944K)->2798K(2944K)
[1499.258s][info][gc             ] GC(2208) Pause Young (Allocation Failure) 1440M->964M(1979M) 418.646ms
[1499.258s][info][gc,cpu         ] GC(2208) User=0.39s Sys=0.00s Real=0.42s
[1499.455s][info][gc,start       ] GC(2209) Pause Young (Allocation Failure)
[1499.927s][info][gc,heap        ] GC(2209) DefNew: 629120K(629120K)->69888K(629120K) Eden: 559232K(559232K)->0K(559232K) From: 69888K(69888K)->69888K(69888K)
[1499.927s][info][gc,heap        ] GC(2209) Tenured: 917870K(1398144K)->970919K(1398144K)
[1499.927s][info][gc,metaspace   ] GC(2209) Metaspace: 23222K(23552K)->23222K(23552K) NonClass: 20423K(20608K)->20423K(20608K) Class: 2798K(2944K)->2798K(2944K)
[1499.927s][info][gc             ] GC(2209) Pause Young (Allocation Failure) 1510M->1016M(1979M) 472.941ms
[1499.927s][info][gc,cpu         ] GC(2209) User=0.47s Sys=0.00s Real=0.49s
[1500.498s][info][gc,start       ] GC(2210) Pause Young (Allocation Failure)
[1500.766s][info][gc,heap        ] GC(2210) DefNew: 629120K(629120K)->52554K(629120K) Eden: 559232K(559232K)->0K(559232K) From: 69888K(69888K)->52554K(69888K)
[1500.766s][info][gc,heap        ] GC(2210) Tenured: 970919K(1398144K)->1001583K(1398144K)
[1500.766s][info][gc,metaspace   ] GC(2210) Metaspace: 23222K(23552K)->23222K(23552K) NonClass: 20423K(20608K)->20423K(20608K) Class: 2798K(2944K)->2798K(2944K)
[1500.766s][info][gc             ] GC(2210) Pause Young (Allocation Failure) 1562M->1029M(1979M) 268.048ms
[1500.766s][info][gc,cpu         ] GC(2210) User=0.27s Sys=0.00s Real=0.27s
[1500.919s][info][gc,start       ] GC(2211) Pause Young (Allocation Failure)
[1501.380s][info][gc,heap        ] GC(2211) DefNew: 611786K(629120K)->69888K(629120K) Eden: 559232K(559232K)->0K(559232K) From: 52554K(69888K)->69888K(69888K)
[1501.380s][info][gc,heap        ] GC(2211) Tenured: 1001583K(1398144K)->1052110K(1398144K)
[1501.380s][info][gc,metaspace   ] GC(2211) Metaspace: 23222K(23552K)->23222K(23552K) NonClass: 20423K(20608K)->20423K(20608K) Class: 2798K(2944K)->2798K(2944K)
[1501.380s][info][gc             ] GC(2211) Pause Young (Allocation Failure) 1575M->1095M(1979M) 461.386ms
[1501.381s][info][gc,cpu         ] GC(2211) User=0.44s Sys=0.00s Real=0.45s
[1501.818s][info][gc,start       ] GC(2212) Pause Young (Allocation Failure)
[1502.119s][info][gc,heap        ] GC(2212) DefNew: 629120K(629120K)->61634K(629120K) Eden: 559232K(559232K)->0K(559232K) From: 69888K(69888K)->61634K(69888K)
[1502.119s][info][gc,heap        ] GC(2212) Tenured: 1052110K(1398144K)->1087720K(1398144K)
[1502.119s][info][gc,metaspace   ] GC(2212) Metaspace: 23222K(23552K)->23222K(23552K) NonClass: 20423K(20608K)->20423K(20608K) Class: 2798K(2944K)->2798K(2944K)
[1502.119s][info][gc             ] GC(2212) Pause Young (Allocation Failure) 1641M->1122M(1979M) 301.132ms
[1502.119s][info][gc,cpu         ] GC(2212) User=0.30s Sys=0.00s Real=0.30s
[1502.421s][info][gc,start       ] GC(2213) Pause Young (Allocation Failure)
[1502.777s][info][gc,heap        ] GC(2213) DefNew: 620866K(629120K)->69888K(629120K) Eden: 559232K(559232K)->0K(559232K) From: 61634K(69888K)->69888K(69888K)
[1502.777s][info][gc,heap        ] GC(2213) Tenured: 1087720K(1398144K)->1130574K(1398144K)
[1502.777s][info][gc,metaspace   ] GC(2213) Metaspace: 23222K(23552K)->23222K(23552K) NonClass: 20423K(20608K)->20423K(20608K) Class: 2798K(2944K)->2798K(2944K)
[1502.777s][info][gc             ] GC(2213) Pause Young (Allocation Failure) 1668M->1172M(1979M) 356.148ms
[1502.777s][info][gc,cpu         ] GC(2213) User=0.30s Sys=0.00s Real=0.36s
[1502.940s][info][gc,start       ] GC(2214) Pause Young (Allocation Failure)
[1503.445s][info][gc,heap        ] GC(2214) DefNew: 629120K(629120K)->69888K(629120K) Eden: 559232K(559232K)->0K(559232K) From: 69888K(69888K)->69888K(69888K)
[1503.445s][info][gc,heap        ] GC(2214) Tenured: 1130574K(1398144K)->1199537K(1398144K)
[1503.445s][info][gc,metaspace   ] GC(2214) Metaspace: 23222K(23552K)->23222K(23552K) NonClass: 20423K(20608K)->20423K(20608K) Class: 2798K(2944K)->2798K(2944K)
[1503.445s][info][gc             ] GC(2214) Pause Young (Allocation Failure) 1718M->1239M(1979M) 505.076ms
[1503.445s][info][gc,cpu         ] GC(2214) User=0.52s Sys=0.00s Real=0.50s
[1503.993s][info][gc,start       ] GC(2215) Pause Young (Allocation Failure)
[1504.302s][info][gc,heap        ] GC(2215) DefNew: 629120K(629120K)->54207K(629120K) Eden: 559232K(559232K)->0K(559232K) From: 69888K(69888K)->54207K(69888K)
[1504.302s][info][gc,heap        ] GC(2215) Tenured: 1199537K(1398144K)->1234816K(1398144K)
[1504.302s][info][gc,metaspace   ] GC(2215) Metaspace: 23222K(23552K)->23222K(23552K) NonClass: 20423K(20608K)->20423K(20608K) Class: 2798K(2944K)->2798K(2944K)
[1504.303s][info][gc             ] GC(2215) Pause Young (Allocation Failure) 1785M->1258M(1979M) 309.054ms
[1504.303s][info][gc,cpu         ] GC(2215) User=0.34s Sys=0.00s Real=0.32s
[1504.443s][info][gc,start       ] GC(2216) Pause Young (Allocation Failure)
[1504.879s][info][gc,heap        ] GC(2216) DefNew: 613439K(629120K)->69888K(629120K) Eden: 559232K(559232K)->0K(559232K) From: 54207K(69888K)->69888K(69888K)
[1504.879s][info][gc,heap        ] GC(2216) Tenured: 1234816K(1398144K)->1285527K(1398144K)
[1504.879s][info][gc,metaspace   ] GC(2216) Metaspace: 23222K(23552K)->23222K(23552K) NonClass: 20423K(20608K)->20423K(20608K) Class: 2798K(2944K)->2798K(2944K)
[1504.879s][info][gc             ] GC(2216) Pause Young (Allocation Failure) 1804M->1323M(1979M) 435.757ms
[1504.879s][info][gc,cpu         ] GC(2216) User=0.42s Sys=0.00s Real=0.42s
[1505.233s][info][gc,start       ] GC(2217) Pause Young (Allocation Failure)
[1505.625s][info][gc,heap        ] GC(2217) DefNew: 629120K(629120K)->69887K(629120K) Eden: 559232K(559232K)->0K(559232K) From: 69888K(69888K)->69887K(69888K)
[1505.625s][info][gc,heap        ] GC(2217) Tenured: 1285527K(1398144K)->1324874K(1398144K)
[1505.625s][info][gc,metaspace   ] GC(2217) Metaspace: 23222K(23552K)->23222K(23552K) NonClass: 20423K(20608K)->20423K(20608K) Class: 2798K(2944K)->2798K(2944K)
[1505.625s][info][gc             ] GC(2217) Pause Young (Allocation Failure) 1869M->1362M(1979M) 391.912ms
[1505.625s][info][gc,cpu         ] GC(2217) User=0.38s Sys=0.00s Real=0.39s
[1506.062s][info][gc,start       ] GC(2218) Pause Full (System.gc())
[1506.062s][info][gc,phases,start] GC(2218) Phase 1: Mark live objects
[1506.187s][info][gc,phases      ] GC(2218) Phase 1: Mark live objects 125.393ms
[1506.187s][info][gc,phases,start] GC(2218) Phase 2: Compute new object addresses
[1506.426s][info][gc,phases      ] GC(2218) Phase 2: Compute new object addresses 238.844ms
[1506.426s][info][gc,phases,start] GC(2218) Phase 3: Adjust pointers
[1506.494s][info][gc,phases      ] GC(2218) Phase 3: Adjust pointers 67.793ms
[1506.494s][info][gc,phases,start] GC(2218) Phase 4: Move objects
[1506.524s][info][gc,phases      ] GC(2218) Phase 4: Move objects 29.992ms
[1506.524s][info][gc,heap        ] GC(2218) DefNew: 337881K(629120K)->0K(629120K) Eden: 267993K(559232K)->0K(559232K) From: 69887K(69888K)->0K(69888K)
[1506.524s][info][gc,heap        ] GC(2218) Tenured: 1324874K(1398144K)->71256K(1398144K)
[1506.524s][info][gc,metaspace   ] GC(2218) Metaspace: 23222K(23552K)->23222K(23552K) NonClass: 20423K(20608K)->20423K(20608K) Class: 2798K(2944K)->2798K(2944K)
[1506.524s][info][gc             ] GC(2218) Pause Full (System.gc()) 1623M->69M(1979M) 462.684ms
[1506.524s][info][gc,cpu         ] GC(2218) User=0.47s Sys=0.00s Real=0.47s
[1506.696s][info][gc,start       ] GC(2219) Pause Young (Allocation Failure)
[1507.003s][info][gc,heap        ] GC(2219) DefNew: 559232K(629120K)->69888K(629120K) Eden: 559232K(559232K)->0K(559232K) From: 0K(69888K)->69888K(69888K)
[1507.003s][info][gc,heap        ] GC(2219) Tenured: 71256K(1398144K)->79246K(1398144K)
[1507.003s][info][gc,metaspace   ] GC(2219) Metaspace: 23222K(23552K)->23222K(23552K) NonClass: 20423K(20608K)->20423K(20608K) Class: 2798K(2944K)->2798K(2944K)
[1507.003s][info][gc             ] GC(2219) Pause Young (Allocation Failure) 615M->145M(1979M) 306.536ms
[1507.003s][info][gc,cpu         ] GC(2219) User=0.28s Sys=0.00s Real=0.30s
[1507.145s][info][gc,start       ] GC(2220) Pause Young (Allocation Failure)
[1507.618s][info][gc,heap        ] GC(2220) DefNew: 629120K(629120K)->69888K(629120K) Eden: 559232K(559232K)->0K(559232K) From: 69888K(69888K)->69888K(69888K)
[1507.618s][info][gc,heap        ] GC(2220) Tenured: 79246K(1398144K)->144378K(1398144K)
[1507.618s][info][gc,metaspace   ] GC(2220) Metaspace: 23222K(23552K)->23222K(23552K) NonClass: 20423K(20608K)->20423K(20608K) Class: 2798K(2944K)->2798K(2944K)
[1507.618s][info][gc             ] GC(2220) Pause Young (Allocation Failure) 691M->209M(1979M) 472.864ms
[1507.618s][info][gc,cpu         ] GC(2220) User=0.41s Sys=0.00s Real=0.48s
[1508.136s][info][gc,start       ] GC(2221) Pause Young (Allocation Failure)
[1508.508s][info][gc,heap        ] GC(2221) DefNew: 629120K(629120K)->69887K(629120K) Eden: 559232K(559232K)->0K(559232K) From: 69888K(69888K)->69887K(69888K)
[1508.508s][info][gc,heap        ] GC(2221) Tenured: 144378K(1398144K)->183709K(1398144K)
[1508.508s][info][gc,metaspace   ] GC(2221) Metaspace: 23222K(23552K)->23222K(23552K) NonClass: 20423K(20608K)->20423K(20608K) Class: 2798K(2944K)->2798K(2944K)
[1508.508s][info][gc             ] GC(2221) Pause Young (Allocation Failure) 755M->247M(1979M) 371.990ms
[1508.508s][info][gc,cpu         ] GC(2221) User=0.34s Sys=0.00s Real=0.38s
[1508.655s][info][gc,start       ] GC(2222) Pause Young (Allocation Failure)
[1509.138s][info][gc,heap        ] GC(2222) DefNew: 629119K(629120K)->69888K(629120K) Eden: 559232K(559232K)->0K(559232K) From: 69887K(69888K)->69888K(69888K)
[1509.138s][info][gc,heap        ] GC(2222) Tenured: 183709K(1398144K)->250542K(1398144K)
[1509.138s][info][gc,metaspace   ] GC(2222) Metaspace: 23222K(23552K)->23222K(23552K) NonClass: 20423K(20608K)->20423K(20608K) Class: 2798K(2944K)->2798K(2944K)
[1509.138s][info][gc             ] GC(2222) Pause Young (Allocation Failure) 793M->312M(1979M) 482.849ms
[1509.138s][info][gc,cpu         ] GC(2222) User=0.47s Sys=0.00s Real=0.49s
[1509.708s][info][gc,start       ] GC(2223) Pause Young (Allocation Failure)
[1509.952s][info][gc,heap        ] GC(2223) DefNew: 629120K(629120K)->40956K(629120K) Eden: 559232K(559232K)->0K(559232K) From: 69888K(69888K)->40956K(69888K)
[1509.952s][info][gc,heap        ] GC(2223) Tenured: 250542K(1398144K)->285384K(1398144K)
[1509.952s][info][gc,metaspace   ] GC(2223) Metaspace: 23222K(23552K)->23222K(23552K) NonClass: 20423K(20608K)->20423K(20608K) Class: 2798K(2944K)->2798K(2944K)
[1509.952s][info][gc             ] GC(2223) Pause Young (Allocation Failure) 859M->318M(1979M) 243.729ms
[1509.952s][info][gc,cpu         ] GC(2223) User=0.22s Sys=0.00s Real=0.25s
[1510.096s][info][gc,start       ] GC(2224) Pause Young (Allocation Failure)
[1510.464s][info][gc,heap        ] GC(2224) DefNew: 600188K(629120K)->69888K(629120K) Eden: 559232K(559232K)->0K(559232K) From: 40956K(69888K)->69888K(69888K)
[1510.464s][info][gc,heap        ] GC(2224) Tenured: 285384K(1398144K)->326638K(1398144K)
[1510.464s][info][gc,metaspace   ] GC(2224) Metaspace: 23222K(23552K)->23222K(23552K) NonClass: 20423K(20608K)->20423K(20608K) Class: 2798K(2944K)->2798K(2944K)
[1510.464s][info][gc             ] GC(2224) Pause Young (Allocation Failure) 864M->387M(1979M) 367.940ms
[1510.464s][info][gc,cpu         ] GC(2224) User=0.38s Sys=0.00s Real=0.36s
[1510.612s][info][gc,start       ] GC(2225) Pause Young (Allocation Failure)
[1511.089s][info][gc,heap        ] GC(2225) DefNew: 629120K(629120K)->69888K(629120K) Eden: 559232K(559232K)->0K(559232K) From: 69888K(69888K)->69888K(69888K)
[1511.089s][info][gc,heap        ] GC(2225) Tenured: 326638K(1398144K)->393506K(1398144K)
[1511.089s][info][gc,metaspace   ] GC(2225) Metaspace: 23222K(23552K)->23222K(23552K) NonClass: 20423K(20608K)->20423K(20608K) Class: 2798K(2944K)->2798K(2944K)
[1511.089s][info][gc             ] GC(2225) Pause Young (Allocation Failure) 933M->452M(1979M) 476.729ms
[1511.089s][info][gc,cpu         ] GC(2225) User=0.47s Sys=0.00s Real=0.47s
[1511.637s][info][gc,start       ] GC(2226) Pause Young (Allocation Failure)
[1511.935s][info][gc,heap        ] GC(2226) DefNew: 629120K(629120K)->59525K(629120K) Eden: 559232K(559232K)->0K(559232K) From: 69888K(69888K)->59525K(69888K)
[1511.935s][info][gc,heap        ] GC(2226) Tenured: 393506K(1398144K)->427480K(1398144K)
[1511.935s][info][gc,metaspace   ] GC(2226) Metaspace: 23222K(23552K)->23222K(23552K) NonClass: 20423K(20608K)->20423K(20608K) Class: 2798K(2944K)->2798K(2944K)
[1511.935s][info][gc             ] GC(2226) Pause Young (Allocation Failure) 998M->475M(1979M) 298.700ms
[1511.935s][info][gc,cpu         ] GC(2226) User=0.30s Sys=0.00s Real=0.30s
[1512.070s][info][gc,start       ] GC(2227) Pause Young (Allocation Failure)
[1512.486s][info][gc,heap        ] GC(2227) DefNew: 618757K(629120K)->68696K(629120K) Eden: 559232K(559232K)->0K(559232K) From: 59525K(69888K)->68696K(69888K)
[1512.486s][info][gc,heap        ] GC(2227) Tenured: 427480K(1398144K)->480391K(1398144K)
[1512.486s][info][gc,metaspace   ] GC(2227) Metaspace: 23222K(23552K)->23222K(23552K) NonClass: 20423K(20608K)->20423K(20608K) Class: 2798K(2944K)->2798K(2944K)
[1512.486s][info][gc             ] GC(2227) Pause Young (Allocation Failure) 1021M->536M(1979M) 416.751ms
[1512.486s][info][gc,cpu         ] GC(2227) User=0.34s Sys=0.00s Real=0.41s
[1512.824s][info][gc,start       ] GC(2228) Pause Young (Allocation Failure)
[1513.182s][info][gc,heap        ] GC(2228) DefNew: 627928K(629120K)->68020K(629120K) Eden: 559232K(559232K)->0K(559232K) From: 68696K(69888K)->68020K(69888K)
[1513.182s][info][gc,heap        ] GC(2228) Tenured: 480391K(1398144K)->519818K(1398144K)
[1513.182s][info][gc,metaspace   ] GC(2228) Metaspace: 23222K(23552K)->23222K(23552K) NonClass: 20423K(20608K)->20423K(20608K) Class: 2798K(2944K)->2798K(2944K)
[1513.182s][info][gc             ] GC(2228) Pause Young (Allocation Failure) 1082M->574M(1979M) 357.280ms
[1513.182s][info][gc,cpu         ] GC(2228) User=0.34s Sys=0.00s Real=0.36s
[1513.570s][info][gc,start       ] GC(2229) Pause Young (Allocation Failure)
[1513.886s][info][gc,heap        ] GC(2229) DefNew: 627252K(629120K)->66811K(629120K) Eden: 559232K(559232K)->0K(559232K) From: 68020K(69888K)->66811K(69888K)
[1513.886s][info][gc,heap        ] GC(2229) Tenured: 519818K(1398144K)->555524K(1398144K)
[1513.886s][info][gc,metaspace   ] GC(2229) Metaspace: 23222K(23552K)->23222K(23552K) NonClass: 20423K(20608K)->20423K(20608K) Class: 2798K(2944K)->2798K(2944K)
[1513.886s][info][gc             ] GC(2229) Pause Young (Allocation Failure) 1120M->607M(1979M) 316.298ms
[1513.886s][info][gc,cpu         ] GC(2229) User=0.31s Sys=0.00s Real=0.33s
[1514.046s][info][gc,start       ] GC(2230) Pause Young (Allocation Failure)
[1514.500s][info][gc,heap        ] GC(2230) DefNew: 626043K(629120K)->69888K(629120K) Eden: 559232K(559232K)->0K(559232K) From: 66811K(69888K)->69888K(69888K)
[1514.500s][info][gc,heap        ] GC(2230) Tenured: 555524K(1398144K)->621915K(1398144K)
[1514.500s][info][gc,metaspace   ] GC(2230) Metaspace: 23222K(23552K)->23222K(23552K) NonClass: 20423K(20608K)->20423K(20608K) Class: 2798K(2944K)->2798K(2944K)
[1514.500s][info][gc             ] GC(2230) Pause Young (Allocation Failure) 1153M->675M(1979M) 454.902ms
[1514.500s][info][gc,cpu         ] GC(2230) User=0.45s Sys=0.00s Real=0.46s
[1515.035s][info][gc,start       ] GC(2231) Pause Young (Allocation Failure)
[1515.288s][info][gc,heap        ] GC(2231) DefNew: 629120K(629120K)->42709K(629120K) Eden: 559232K(559232K)->0K(559232K) From: 69888K(69888K)->42709K(69888K)
[1515.288s][info][gc,heap        ] GC(2231) Tenured: 621915K(1398144K)->656695K(1398144K)
[1515.289s][info][gc,metaspace   ] GC(2231) Metaspace: 23222K(23552K)->23222K(23552K) NonClass: 20423K(20608K)->20423K(20608K) Class: 2798K(2944K)->2798K(2944K)
[1515.289s][info][gc             ] GC(2231) Pause Young (Allocation Failure) 1221M->683M(1979M) 253.841ms
[1515.289s][info][gc,cpu         ] GC(2231) User=0.27s Sys=0.00s Real=0.26s
[1515.420s][info][gc,start       ] GC(2232) Pause Young (Allocation Failure)
[1515.788s][info][gc,heap        ] GC(2232) DefNew: 601941K(629120K)->67548K(629120K) Eden: 559232K(559232K)->0K(559232K) From: 42709K(69888K)->67548K(69888K)
[1515.788s][info][gc,heap        ] GC(2232) Tenured: 656695K(1398144K)->695892K(1398144K)
[1515.788s][info][gc,metaspace   ] GC(2232) Metaspace: 23222K(23552K)->23222K(23552K) NonClass: 20423K(20608K)->20423K(20608K) Class: 2798K(2944K)->2798K(2944K)
[1515.788s][info][gc             ] GC(2232) Pause Young (Allocation Failure) 1229M->745M(1979M) 367.927ms
[1515.788s][info][gc,cpu         ] GC(2232) User=0.31s Sys=0.00s Real=0.38s
[1515.935s][info][gc,start       ] GC(2233) Pause Young (Allocation Failure)
[1516.393s][info][gc,heap        ] GC(2233) DefNew: 626780K(629120K)->69888K(629120K) Eden: 559232K(559232K)->0K(559232K) From: 67548K(69888K)->69888K(69888K)
[1516.393s][info][gc,heap        ] GC(2233) Tenured: 695892K(1398144K)->758391K(1398144K)
[1516.393s][info][gc,metaspace   ] GC(2233) Metaspace: 23222K(23552K)->23222K(23552K) NonClass: 20423K(20608K)->20423K(20608K) Class: 2798K(2944K)->2798K(2944K)
[1516.393s][info][gc             ] GC(2233) Pause Young (Allocation Failure) 1291M->808M(1979M) 458.422ms
[1516.393s][info][gc,cpu         ] GC(2233) User=0.44s Sys=0.00s Real=0.45s
[1517.013s][info][gc,start       ] GC(2234) Pause Young (Allocation Failure)
[1517.313s][info][gc,heap        ] GC(2234) DefNew: 629120K(629120K)->57117K(629120K) Eden: 559232K(559232K)->0K(559232K) From: 69888K(69888K)->57117K(69888K)
[1517.313s][info][gc,heap        ] GC(2234) Tenured: 758391K(1398144K)->793098K(1398144K)
[1517.313s][info][gc,metaspace   ] GC(2234) Metaspace: 23222K(23552K)->23222K(23552K) NonClass: 20423K(20608K)->20423K(20608K) Class: 2798K(2944K)->2798K(2944K)
[1517.313s][info][gc             ] GC(2234) Pause Young (Allocation Failure) 1354M->830M(1979M) 299.581ms
[1517.313s][info][gc,cpu         ] GC(2234) User=0.27s Sys=0.00s Real=0.30s
[1517.457s][info][gc,start       ] GC(2235) Pause Young (Allocation Failure)
[1517.878s][info][gc,heap        ] GC(2235) DefNew: 616349K(629120K)->69887K(629120K) Eden: 559232K(559232K)->0K(559232K) From: 57117K(69888K)->69887K(69888K)
[1517.878s][info][gc,heap        ] GC(2235) Tenured: 793098K(1398144K)->846169K(1398144K)
[1517.878s][info][gc,metaspace   ] GC(2235) Metaspace: 23222K(23552K)->23222K(23552K) NonClass: 20423K(20608K)->20423K(20608K) Class: 2798K(2944K)->2798K(2944K)
[1517.878s][info][gc             ] GC(2235) Pause Young (Allocation Failure) 1376M->894M(1979M) 421.068ms
[1517.878s][info][gc,cpu         ] GC(2235) User=0.39s Sys=0.00s Real=0.41s
[1518.244s][info][gc,start       ] GC(2236) Pause Young (Allocation Failure)
[1518.580s][info][gc,heap        ] GC(2236) DefNew: 629119K(629120K)->66760K(629120K) Eden: 559232K(559232K)->0K(559232K) From: 69887K(69888K)->66760K(69888K)
[1518.580s][info][gc,heap        ] GC(2236) Tenured: 846169K(1398144K)->881839K(1398144K)
[1518.580s][info][gc,metaspace   ] GC(2236) Metaspace: 23222K(23552K)->23222K(23552K) NonClass: 20423K(20608K)->20423K(20608K) Class: 2798K(2944K)->2798K(2944K)
[1518.580s][info][gc             ] GC(2236) Pause Young (Allocation Failure) 1440M->926M(1979M) 335.546ms
[1518.580s][info][gc,cpu         ] GC(2236) User=0.28s Sys=0.02s Real=0.33s
[1518.918s][info][gc,start       ] GC(2237) Pause Young (Allocation Failure)
[1519.257s][info][gc,heap        ] GC(2237) DefNew: 625992K(629120K)->69887K(629120K) Eden: 559232K(559232K)->0K(559232K) From: 66760K(69888K)->69887K(69888K)
[1519.257s][info][gc,heap        ] GC(2237) Tenured: 881839K(1398144K)->921067K(1398144K)
[1519.257s][info][gc,metaspace   ] GC(2237) Metaspace: 23222K(23552K)->23222K(23552K) NonClass: 20423K(20608K)->20423K(20608K) Class: 2798K(2944K)->2798K(2944K)
[1519.257s][info][gc             ] GC(2237) Pause Young (Allocation Failure) 1472M->967M(1979M) 338.958ms
[1519.257s][info][gc,cpu         ] GC(2237) User=0.30s Sys=0.00s Real=0.35s
[1519.407s][info][gc,start       ] GC(2238) Pause Young (Allocation Failure)
[1519.868s][info][gc,heap        ] GC(2238) DefNew: 629119K(629120K)->69887K(629120K) Eden: 559232K(559232K)->0K(559232K) From: 69887K(69888K)->69887K(69888K)
[1519.868s][info][gc,heap        ] GC(2238) Tenured: 921067K(1398144K)->986266K(1398144K)
[1519.868s][info][gc,metaspace   ] GC(2238) Metaspace: 23222K(23552K)->23222K(23552K) NonClass: 20423K(20608K)->20423K(20608K) Class: 2798K(2944K)->2798K(2944K)
[1519.868s][info][gc             ] GC(2238) Pause Young (Allocation Failure) 1513M->1031M(1979M) 461.068ms
[1519.868s][info][gc,cpu         ] GC(2238) User=0.42s Sys=0.00s Real=0.46s
[1520.452s][info][gc,start       ] GC(2239) Pause Young (Allocation Failure)
[1520.718s][info][gc,heap        ] GC(2239) DefNew: 629119K(629120K)->47400K(629120K) Eden: 559232K(559232K)->0K(559232K) From: 69887K(69888K)->47400K(69888K)
[1520.718s][info][gc,heap        ] GC(2239) Tenured: 986266K(1398144K)->1021997K(1398144K)
[1520.718s][info][gc,metaspace   ] GC(2239) Metaspace: 23222K(23552K)->23222K(23552K) NonClass: 20423K(20608K)->20423K(20608K) Class: 2798K(2944K)->2798K(2944K)
[1520.718s][info][gc             ] GC(2239) Pause Young (Allocation Failure) 1577M->1044M(1979M) 265.667ms
[1520.718s][info][gc,cpu         ] GC(2239) User=0.28s Sys=0.00s Real=0.27s
[1520.858s][info][gc,start       ] GC(2240) Pause Young (Allocation Failure)
[1521.267s][info][gc,heap        ] GC(2240) DefNew: 606632K(629120K)->69887K(629120K) Eden: 559232K(559232K)->0K(559232K) From: 47400K(69888K)->69887K(69888K)
[1521.267s][info][gc,heap        ] GC(2240) Tenured: 1021997K(1398144K)->1066679K(1398144K)
[1521.267s][info][gc,metaspace   ] GC(2240) Metaspace: 23222K(23552K)->23222K(23552K) NonClass: 20423K(20608K)->20423K(20608K) Class: 2798K(2944K)->2798K(2944K)
[1521.267s][info][gc             ] GC(2240) Pause Young (Allocation Failure) 1590M->1109M(1979M) 408.636ms
[1521.267s][info][gc,cpu         ] GC(2240) User=0.41s Sys=0.00s Real=0.41s
[1521.470s][info][gc,start       ] GC(2241) Pause Young (Allocation Failure)
[1521.951s][info][gc,heap        ] GC(2241) DefNew: 629119K(629120K)->69888K(629120K) Eden: 559232K(559232K)->0K(559232K) From: 69887K(69888K)->69888K(69888K)
[1521.951s][info][gc,heap        ] GC(2241) Tenured: 1066679K(1398144K)->1126350K(1398144K)
[1521.951s][info][gc,metaspace   ] GC(2241) Metaspace: 23222K(23552K)->23222K(23552K) NonClass: 20423K(20608K)->20423K(20608K) Class: 2798K(2944K)->2798K(2944K)
[1521.951s][info][gc             ] GC(2241) Pause Young (Allocation Failure) 1656M->1168M(1979M) 481.007ms
[1521.951s][info][gc,cpu         ] GC(2241) User=0.48s Sys=0.00s Real=0.49s
[1522.458s][info][gc,start       ] GC(2242) Pause Young (Allocation Failure)
[1522.759s][info][gc,heap        ] GC(2242) DefNew: 629120K(629120K)->57441K(629120K) Eden: 559232K(559232K)->0K(559232K) From: 69888K(69888K)->57441K(69888K)
[1522.759s][info][gc,heap        ] GC(2242) Tenured: 1126350K(1398144K)->1159614K(1398144K)
[1522.759s][info][gc,metaspace   ] GC(2242) Metaspace: 23222K(23552K)->23222K(23552K) NonClass: 20423K(20608K)->20423K(20608K) Class: 2798K(2944K)->2798K(2944K)
[1522.759s][info][gc             ] GC(2242) Pause Young (Allocation Failure) 1714M->1188M(1979M) 301.197ms
[1522.759s][info][gc,cpu         ] GC(2242) User=0.28s Sys=0.00s Real=0.30s
[1522.911s][info][gc,start       ] GC(2243) Pause Young (Allocation Failure)
[1523.352s][info][gc,heap        ] GC(2243) DefNew: 616673K(629120K)->69887K(629120K) Eden: 559232K(559232K)->0K(559232K) From: 57441K(69888K)->69887K(69888K)
[1523.352s][info][gc,heap        ] GC(2243) Tenured: 1159614K(1398144K)->1215836K(1398144K)
[1523.352s][info][gc,metaspace   ] GC(2243) Metaspace: 23222K(23552K)->23222K(23552K) NonClass: 20423K(20608K)->20423K(20608K) Class: 2798K(2944K)->2798K(2944K)
[1523.352s][info][gc             ] GC(2243) Pause Young (Allocation Failure) 1734M->1255M(1979M) 440.894ms
[1523.352s][info][gc,cpu         ] GC(2243) User=0.45s Sys=0.00s Real=0.44s
[1523.795s][info][gc,start       ] GC(2244) Pause Young (Allocation Failure)
[1524.080s][info][gc,heap        ] GC(2244) DefNew: 629119K(629120K)->55317K(629120K) Eden: 559232K(559232K)->0K(559232K) From: 69887K(69888K)->55317K(69888K)
[1524.080s][info][gc,heap        ] GC(2244) Tenured: 1215836K(1398144K)->1251909K(1398144K)
[1524.080s][info][gc,metaspace   ] GC(2244) Metaspace: 23222K(23552K)->23222K(23552K) NonClass: 20423K(20608K)->20423K(20608K) Class: 2798K(2944K)->2798K(2944K)
[1524.080s][info][gc             ] GC(2244) Pause Young (Allocation Failure) 1801M->1276M(1979M) 285.680ms
[1524.080s][info][gc,cpu         ] GC(2244) User=0.28s Sys=0.00s Real=0.28s
[1524.197s][info][gc,start       ] GC(2245) Pause Full (System.gc())
[1524.197s][info][gc,phases,start] GC(2245) Phase 1: Mark live objects
[1524.359s][info][gc,phases      ] GC(2245) Phase 1: Mark live objects 162.209ms
[1524.359s][info][gc,phases,start] GC(2245) Phase 2: Compute new object addresses
[1524.568s][info][gc,phases      ] GC(2245) Phase 2: Compute new object addresses 208.650ms
[1524.568s][info][gc,phases,start] GC(2245) Phase 3: Adjust pointers
[1524.635s][info][gc,phases      ] GC(2245) Phase 3: Adjust pointers 66.760ms
[1524.635s][info][gc,phases,start] GC(2245) Phase 4: Move objects
[1524.662s][info][gc,phases      ] GC(2245) Phase 4: Move objects 27.035ms
[1524.662s][info][gc,heap        ] GC(2245) DefNew: 125008K(629120K)->0K(629120K) Eden: 69691K(559232K)->0K(559232K) From: 55317K(69888K)->0K(69888K)
[1524.662s][info][gc,heap        ] GC(2245) Tenured: 1251909K(1398144K)->137671K(1398144K)
[1524.662s][info][gc,metaspace   ] GC(2245) Metaspace: 23222K(23552K)->23222K(23552K) NonClass: 20423K(20608K)->20423K(20608K) Class: 2798K(2944K)->2798K(2944K)
[1524.662s][info][gc             ] GC(2245) Pause Full (System.gc()) 1344M->134M(1979M) 465.292ms
[1524.662s][info][gc,cpu         ] GC(2245) User=0.45s Sys=0.00s Real=0.46s
[1524.825s][info][gc,start       ] GC(2246) Pause Young (Allocation Failure)
[1525.142s][info][gc,heap        ] GC(2246) DefNew: 559232K(629120K)->69887K(629120K) Eden: 559232K(559232K)->0K(559232K) From: 0K(69888K)->69887K(69888K)
[1525.142s][info][gc,heap        ] GC(2246) Tenured: 137671K(1398144K)->146005K(1398144K)
[1525.142s][info][gc,metaspace   ] GC(2246) Metaspace: 23222K(23552K)->23222K(23552K) NonClass: 20423K(20608K)->20423K(20608K) Class: 2798K(2944K)->2798K(2944K)
[1525.142s][info][gc             ] GC(2246) Pause Young (Allocation Failure) 680M->210M(1979M) 317.151ms
[1525.142s][info][gc,cpu         ] GC(2246) User=0.33s Sys=0.00s Real=0.31s
[1525.293s][info][gc,start       ] GC(2247) Pause Young (Allocation Failure)
[1525.775s][info][gc,heap        ] GC(2247) DefNew: 629119K(629120K)->69888K(629120K) Eden: 559232K(559232K)->0K(559232K) From: 69887K(69888K)->69888K(69888K)
[1525.775s][info][gc,heap        ] GC(2247) Tenured: 146005K(1398144K)->212538K(1398144K)
[1525.775s][info][gc,metaspace   ] GC(2247) Metaspace: 23222K(23552K)->23222K(23552K) NonClass: 20423K(20608K)->20423K(20608K) Class: 2798K(2944K)->2798K(2944K)
[1525.776s][info][gc             ] GC(2247) Pause Young (Allocation Failure) 756M->275M(1979M) 482.094ms
[1525.776s][info][gc,cpu         ] GC(2247) User=0.44s Sys=0.02s Real=0.47s
[1526.326s][info][gc,start       ] GC(2248) Pause Young (Allocation Failure)
[1526.637s][info][gc,heap        ] GC(2248) DefNew: 629120K(629120K)->59937K(629120K) Eden: 559232K(559232K)->0K(559232K) From: 69888K(69888K)->59937K(69888K)
[1526.637s][info][gc,heap        ] GC(2248) Tenured: 212538K(1398144K)->247802K(1398144K)
[1526.637s][info][gc,metaspace   ] GC(2248) Metaspace: 23222K(23552K)->23222K(23552K) NonClass: 20423K(20608K)->20423K(20608K) Class: 2798K(2944K)->2798K(2944K)
[1526.637s][info][gc             ] GC(2248) Pause Young (Allocation Failure) 821M->300M(1979M) 311.394ms
[1526.637s][info][gc,cpu         ] GC(2248) User=0.30s Sys=0.00s Real=0.30s
[1526.784s][info][gc,start       ] GC(2249) Pause Young (Allocation Failure)
[1527.223s][info][gc,heap        ] GC(2249) DefNew: 619169K(629120K)->69888K(629120K) Eden: 559232K(559232K)->0K(559232K) From: 59937K(69888K)->69888K(69888K)
[1527.223s][info][gc,heap        ] GC(2249) Tenured: 247802K(1398144K)->304599K(1398144K)
[1527.223s][info][gc,metaspace   ] GC(2249) Metaspace: 23222K(23552K)->23222K(23552K) NonClass: 20423K(20608K)->20423K(20608K) Class: 2798K(2944K)->2798K(2944K)
[1527.223s][info][gc             ] GC(2249) Pause Young (Allocation Failure) 846M->365M(1979M) 439.443ms
[1527.223s][info][gc,cpu         ] GC(2249) User=0.44s Sys=0.00s Real=0.44s
[1527.580s][info][gc,start       ] GC(2250) Pause Young (Allocation Failure)
[1527.894s][info][gc,heap        ] GC(2250) DefNew: 629120K(629120K)->64260K(629120K) Eden: 559232K(559232K)->0K(559232K) From: 69888K(69888K)->64260K(69888K)
[1527.894s][info][gc,heap        ] GC(2250) Tenured: 304599K(1398144K)->341954K(1398144K)
[1527.894s][info][gc,metaspace   ] GC(2250) Metaspace: 23222K(23552K)->23222K(23552K) NonClass: 20423K(20608K)->20423K(20608K) Class: 2798K(2944K)->2798K(2944K)
[1527.894s][info][gc             ] GC(2250) Pause Young (Allocation Failure) 911M->396M(1979M) 314.652ms
[1527.894s][info][gc,cpu         ] GC(2250) User=0.31s Sys=0.00s Real=0.31s
[1528.209s][info][gc,start       ] GC(2251) Pause Young (Allocation Failure)
[1528.521s][info][gc,heap        ] GC(2251) DefNew: 623492K(629120K)->68205K(629120K) Eden: 559232K(559232K)->0K(559232K) From: 64260K(69888K)->68205K(69888K)
[1528.521s][info][gc,heap        ] GC(2251) Tenured: 341954K(1398144K)->377591K(1398144K)
[1528.521s][info][gc,metaspace   ] GC(2251) Metaspace: 23222K(23552K)->23222K(23552K) NonClass: 20423K(20608K)->20423K(20608K) Class: 2798K(2944K)->2798K(2944K)
[1528.521s][info][gc             ] GC(2251) Pause Young (Allocation Failure) 942M->435M(1979M) 312.107ms
[1528.521s][info][gc,cpu         ] GC(2251) User=0.28s Sys=0.00s Real=0.31s
[1528.665s][info][gc,start       ] GC(2252) Pause Young (Allocation Failure)
[1529.127s][info][gc,heap        ] GC(2252) DefNew: 627437K(629120K)->69887K(629120K) Eden: 559232K(559232K)->0K(559232K) From: 68205K(69888K)->69887K(69888K)
[1529.127s][info][gc,heap        ] GC(2252) Tenured: 377591K(1398144K)->440026K(1398144K)
[1529.127s][info][gc,metaspace   ] GC(2252) Metaspace: 23222K(23552K)->23222K(23552K) NonClass: 20423K(20608K)->20423K(20608K) Class: 2798K(2944K)->2798K(2944K)
[1529.127s][info][gc             ] GC(2252) Pause Young (Allocation Failure) 981M->497M(1979M) 462.241ms
[1529.127s][info][gc,cpu         ] GC(2252) User=0.44s Sys=0.00s Real=0.45s
[1529.675s][info][gc,start       ] GC(2253) Pause Young (Allocation Failure)
[1529.921s][info][gc,heap        ] GC(2253) DefNew: 629119K(629120K)->43127K(629120K) Eden: 559232K(559232K)->0K(559232K) From: 69887K(69888K)->43127K(69888K)
[1529.921s][info][gc,heap        ] GC(2253) Tenured: 440026K(1398144K)->474767K(1398144K)
[1529.921s][info][gc,metaspace   ] GC(2253) Metaspace: 23222K(23552K)->23222K(23552K) NonClass: 20423K(20608K)->20423K(20608K) Class: 2798K(2944K)->2798K(2944K)
[1529.921s][info][gc             ] GC(2253) Pause Young (Allocation Failure) 1044M->505M(1979M) 246.275ms
[1529.921s][info][gc,cpu         ] GC(2253) User=0.23s Sys=0.00s Real=0.24s
[1530.057s][info][gc,start       ] GC(2254) Pause Young (Allocation Failure)
[1530.436s][info][gc,heap        ] GC(2254) DefNew: 602359K(629120K)->69887K(629120K) Eden: 559232K(559232K)->0K(559232K) From: 43127K(69888K)->69887K(69888K)
[1530.436s][info][gc,heap        ] GC(2254) Tenured: 474767K(1398144K)->516422K(1398144K)
[1530.436s][info][gc,metaspace   ] GC(2254) Metaspace: 23222K(23552K)->23222K(23552K) NonClass: 20423K(20608K)->20423K(20608K) Class: 2798K(2944K)->2798K(2944K)
[1530.436s][info][gc             ] GC(2254) Pause Young (Allocation Failure) 1051M->572M(1979M) 378.633ms
[1530.436s][info][gc,cpu         ] GC(2254) User=0.36s Sys=0.00s Real=0.38s
[1530.588s][info][gc,start       ] GC(2255) Pause Young (Allocation Failure)
[1531.062s][info][gc,heap        ] GC(2255) DefNew: 629119K(629120K)->69888K(629120K) Eden: 559232K(559232K)->0K(559232K) From: 69887K(69888K)->69888K(69888K)
[1531.062s][info][gc,heap        ] GC(2255) Tenured: 516422K(1398144K)->583321K(1398144K)
[1531.062s][info][gc,metaspace   ] GC(2255) Metaspace: 23222K(23552K)->23222K(23552K) NonClass: 20423K(20608K)->20423K(20608K) Class: 2798K(2944K)->2798K(2944K)
[1531.062s][info][gc             ] GC(2255) Pause Young (Allocation Failure) 1118M->637M(1979M) 474.087ms
[1531.062s][info][gc,cpu         ] GC(2255) User=0.48s Sys=0.00s Real=0.49s
[1531.613s][info][gc,start       ] GC(2256) Pause Young (Allocation Failure)
[1531.925s][info][gc,heap        ] GC(2256) DefNew: 629120K(629120K)->59401K(629120K) Eden: 559232K(559232K)->0K(559232K) From: 69888K(69888K)->59401K(69888K)
[1531.925s][info][gc,heap        ] GC(2256) Tenured: 583321K(1398144K)->616586K(1398144K)
[1531.925s][info][gc,metaspace   ] GC(2256) Metaspace: 23222K(23552K)->23222K(23552K) NonClass: 20423K(20608K)->20423K(20608K) Class: 2798K(2944K)->2798K(2944K)
[1531.925s][info][gc             ] GC(2256) Pause Young (Allocation Failure) 1184M->660M(1979M) 311.888ms
[1531.925s][info][gc,cpu         ] GC(2256) User=0.31s Sys=0.00s Real=0.31s
[1532.073s][info][gc,start       ] GC(2257) Pause Young (Allocation Failure)
[1532.516s][info][gc,heap        ] GC(2257) DefNew: 618633K(629120K)->69888K(629120K) Eden: 559232K(559232K)->0K(559232K) From: 59401K(69888K)->69888K(69888K)
[1532.516s][info][gc,heap        ] GC(2257) Tenured: 616586K(1398144K)->673987K(1398144K)
[1532.516s][info][gc,metaspace   ] GC(2257) Metaspace: 23222K(23552K)->23222K(23552K) NonClass: 20423K(20608K)->20423K(20608K) Class: 2798K(2944K)->2798K(2944K)
[1532.516s][info][gc             ] GC(2257) Pause Young (Allocation Failure) 1206M->726M(1979M) 443.491ms
[1532.516s][info][gc,cpu         ] GC(2257) User=0.42s Sys=0.00s Real=0.44s
[1532.958s][info][gc,start       ] GC(2258) Pause Young (Allocation Failure)
[1533.264s][info][gc,heap        ] GC(2258) DefNew: 629120K(629120K)->63231K(629120K) Eden: 559232K(559232K)->0K(559232K) From: 69888K(69888K)->63231K(69888K)
[1533.264s][info][gc,heap        ] GC(2258) Tenured: 673987K(1398144K)->710124K(1398144K)
[1533.264s][info][gc,metaspace   ] GC(2258) Metaspace: 23222K(23552K)->23222K(23552K) NonClass: 20423K(20608K)->20423K(20608K) Class: 2798K(2944K)->2798K(2944K)
[1533.264s][info][gc             ] GC(2258) Pause Young (Allocation Failure) 1272M->755M(1979M) 306.215ms
[1533.264s][info][gc,cpu         ] GC(2258) User=0.30s Sys=0.00s Real=0.31s
[1533.543s][info][gc,start       ] GC(2259) Pause Young (Allocation Failure)
[1533.844s][info][gc,heap        ] GC(2259) DefNew: 622463K(629120K)->63391K(629120K) Eden: 559232K(559232K)->0K(559232K) From: 63231K(69888K)->63391K(69888K)
[1533.844s][info][gc,heap        ] GC(2259) Tenured: 710124K(1398144K)->747695K(1398144K)
[1533.844s][info][gc,metaspace   ] GC(2259) Metaspace: 23222K(23552K)->23222K(23552K) NonClass: 20423K(20608K)->20423K(20608K) Class: 2798K(2944K)->2798K(2944K)
[1533.844s][info][gc             ] GC(2259) Pause Young (Allocation Failure) 1301M->792M(1979M) 300.889ms
[1533.844s][info][gc,cpu         ] GC(2259) User=0.30s Sys=0.00s Real=0.30s
[1533.995s][info][gc,start       ] GC(2260) Pause Young (Allocation Failure)
[1534.458s][info][gc,heap        ] GC(2260) DefNew: 622623K(629120K)->69887K(629120K) Eden: 559232K(559232K)->0K(559232K) From: 63391K(69888K)->69887K(69888K)
[1534.458s][info][gc,heap        ] GC(2260) Tenured: 747695K(1398144K)->808805K(1398144K)
[1534.458s][info][gc,metaspace   ] GC(2260) Metaspace: 23222K(23552K)->23222K(23552K) NonClass: 20423K(20608K)->20423K(20608K) Class: 2798K(2944K)->2798K(2944K)
[1534.458s][info][gc             ] GC(2260) Pause Young (Allocation Failure) 1338M->858M(1979M) 463.171ms
[1534.458s][info][gc,cpu         ] GC(2260) User=0.45s Sys=0.00s Real=0.47s
[1535.041s][info][gc,start       ] GC(2261) Pause Young (Allocation Failure)
[1535.301s][info][gc,heap        ] GC(2261) DefNew: 629119K(629120K)->46331K(629120K) Eden: 559232K(559232K)->0K(559232K) From: 69887K(69888K)->46331K(69888K)
[1535.301s][info][gc,heap        ] GC(2261) Tenured: 808805K(1398144K)->844792K(1398144K)
[1535.301s][info][gc,metaspace   ] GC(2261) Metaspace: 23222K(23552K)->23222K(23552K) NonClass: 20423K(20608K)->20423K(20608K) Class: 2798K(2944K)->2798K(2944K)
[1535.301s][info][gc             ] GC(2261) Pause Young (Allocation Failure) 1404M->870M(1979M) 259.928ms
[1535.301s][info][gc,cpu         ] GC(2261) User=0.22s Sys=0.00s Real=0.25s
[1535.445s][info][gc,start       ] GC(2262) Pause Young (Allocation Failure)
[1535.828s][info][gc,heap        ] GC(2262) DefNew: 605563K(629120K)->69888K(629120K) Eden: 559232K(559232K)->0K(559232K) From: 46331K(69888K)->69888K(69888K)
[1535.828s][info][gc,heap        ] GC(2262) Tenured: 844792K(1398144K)->889734K(1398144K)
[1535.828s][info][gc,metaspace   ] GC(2262) Metaspace: 23222K(23552K)->23222K(23552K) NonClass: 20423K(20608K)->20423K(20608K) Class: 2798K(2944K)->2798K(2944K)
[1535.828s][info][gc             ] GC(2262) Pause Young (Allocation Failure) 1416M->937M(1979M) 382.684ms
[1535.828s][info][gc,cpu         ] GC(2262) User=0.33s Sys=0.00s Real=0.39s
[1535.968s][info][gc,start       ] GC(2263) Pause Young (Allocation Failure)
[1536.443s][info][gc,heap        ] GC(2263) DefNew: 629120K(629120K)->69887K(629120K) Eden: 559232K(559232K)->0K(559232K) From: 69888K(69888K)->69887K(69888K)
[1536.443s][info][gc,heap        ] GC(2263) Tenured: 889734K(1398144K)->955416K(1398144K)
[1536.443s][info][gc,metaspace   ] GC(2263) Metaspace: 23222K(23552K)->23222K(23552K) NonClass: 20423K(20608K)->20423K(20608K) Class: 2798K(2944K)->2798K(2944K)
[1536.443s][info][gc             ] GC(2263) Pause Young (Allocation Failure) 1483M->1001M(1979M) 474.244ms
[1536.443s][info][gc,cpu         ] GC(2263) User=0.47s Sys=0.00s Real=0.47s
[1537.023s][info][gc,start       ] GC(2264) Pause Young (Allocation Failure)
[1537.346s][info][gc,heap        ] GC(2264) DefNew: 629119K(629120K)->60664K(629120K) Eden: 559232K(559232K)->0K(559232K) From: 69887K(69888K)->60664K(69888K)
[1537.346s][info][gc,heap        ] GC(2264) Tenured: 955416K(1398144K)->989693K(1398144K)
[1537.346s][info][gc,metaspace   ] GC(2264) Metaspace: 23222K(23552K)->23222K(23552K) NonClass: 20423K(20608K)->20423K(20608K) Class: 2798K(2944K)->2798K(2944K)
[1537.346s][info][gc             ] GC(2264) Pause Young (Allocation Failure) 1547M->1025M(1979M) 323.045ms
[1537.346s][info][gc,cpu         ] GC(2264) User=0.31s Sys=0.00s Real=0.31s
[1537.495s][info][gc,start       ] GC(2265) Pause Young (Allocation Failure)
[1537.943s][info][gc,heap        ] GC(2265) DefNew: 619896K(629120K)->69888K(629120K) Eden: 559232K(559232K)->0K(559232K) From: 60664K(69888K)->69888K(69888K)
[1537.943s][info][gc,heap        ] GC(2265) Tenured: 989693K(1398144K)->1049511K(1398144K)
[1537.943s][info][gc,metaspace   ] GC(2265) Metaspace: 23222K(23552K)->23222K(23552K) NonClass: 20423K(20608K)->20423K(20608K) Class: 2798K(2944K)->2798K(2944K)
[1537.944s][info][gc             ] GC(2265) Pause Young (Allocation Failure) 1571M->1093M(1979M) 448.243ms
[1537.944s][info][gc,cpu         ] GC(2265) User=0.34s Sys=0.00s Real=0.44s
[1538.383s][info][gc,start       ] GC(2266) Pause Young (Allocation Failure)
[1538.678s][info][gc,heap        ] GC(2266) DefNew: 629120K(629120K)->58615K(629120K) Eden: 559232K(559232K)->0K(559232K) From: 69888K(69888K)->58615K(69888K)
[1538.679s][info][gc,heap        ] GC(2266) Tenured: 1049511K(1398144K)->1085908K(1398144K)
[1538.679s][info][gc,metaspace   ] GC(2266) Metaspace: 23222K(23552K)->23222K(23552K) NonClass: 20423K(20608K)->20423K(20608K) Class: 2798K(2944K)->2798K(2944K)
[1538.679s][info][gc             ] GC(2266) Pause Young (Allocation Failure) 1639M->1117M(1979M) 295.507ms
[1538.679s][info][gc,cpu         ] GC(2266) User=0.28s Sys=0.00s Real=0.29s
[1538.935s][info][gc,start       ] GC(2267) Pause Young (Allocation Failure)
[1539.247s][info][gc,heap        ] GC(2267) DefNew: 617847K(629120K)->64465K(629120K) Eden: 559232K(559232K)->0K(559232K) From: 58615K(69888K)->64465K(69888K)
[1539.247s][info][gc,heap        ] GC(2267) Tenured: 1085908K(1398144K)->1123238K(1398144K)
[1539.247s][info][gc,metaspace   ] GC(2267) Metaspace: 23222K(23552K)->23222K(23552K) NonClass: 20423K(20608K)->20423K(20608K) Class: 2798K(2944K)->2798K(2944K)
[1539.247s][info][gc             ] GC(2267) Pause Young (Allocation Failure) 1663M->1159M(1979M) 311.612ms
[1539.247s][info][gc,cpu         ] GC(2267) User=0.33s Sys=0.00s Real=0.30s
[1539.394s][info][gc,start       ] GC(2268) Pause Young (Allocation Failure)
[1539.869s][info][gc,heap        ] GC(2268) DefNew: 623697K(629120K)->69888K(629120K) Eden: 559232K(559232K)->0K(559232K) From: 64465K(69888K)->69888K(69888K)
[1539.869s][info][gc,heap        ] GC(2268) Tenured: 1123238K(1398144K)->1186166K(1398144K)
[1539.869s][info][gc,metaspace   ] GC(2268) Metaspace: 23222K(23552K)->23222K(23552K) NonClass: 20423K(20608K)->20423K(20608K) Class: 2798K(2944K)->2798K(2944K)
[1539.869s][info][gc             ] GC(2268) Pause Young (Allocation Failure) 1705M->1226M(1979M) 474.787ms
[1539.869s][info][gc,cpu         ] GC(2268) User=0.39s Sys=0.00s Real=0.47s
[1540.463s][info][gc,start       ] GC(2269) Pause Young (Allocation Failure)
[1540.727s][info][gc,heap        ] GC(2269) DefNew: 629120K(629120K)->44581K(629120K) Eden: 559232K(559232K)->0K(559232K) From: 69888K(69888K)->44581K(69888K)
[1540.727s][info][gc,heap        ] GC(2269) Tenured: 1186166K(1398144K)->1221769K(1398144K)
[1540.727s][info][gc,metaspace   ] GC(2269) Metaspace: 23222K(23552K)->23222K(23552K) NonClass: 20423K(20608K)->20423K(20608K) Class: 2798K(2944K)->2798K(2944K)
[1540.727s][info][gc             ] GC(2269) Pause Young (Allocation Failure) 1772M->1236M(1979M) 264.417ms
[1540.727s][info][gc,cpu         ] GC(2269) User=0.27s Sys=0.00s Real=0.27s
[1540.873s][info][gc,start       ] GC(2270) Pause Young (Allocation Failure)
[1541.283s][info][gc,heap        ] GC(2270) DefNew: 603813K(629120K)->69887K(629120K) Eden: 559232K(559232K)->0K(559232K) From: 44581K(69888K)->69887K(69888K)
[1541.283s][info][gc,heap        ] GC(2270) Tenured: 1221769K(1398144K)->1268181K(1398144K)
[1541.283s][info][gc,metaspace   ] GC(2270) Metaspace: 23222K(23552K)->23222K(23552K) NonClass: 20423K(20608K)->20423K(20608K) Class: 2798K(2944K)->2798K(2944K)
[1541.283s][info][gc             ] GC(2270) Pause Young (Allocation Failure) 1782M->1306M(1979M) 410.233ms
[1541.283s][info][gc,cpu         ] GC(2270) User=0.36s Sys=0.00s Real=0.41s
[1541.472s][info][gc,start       ] GC(2271) Pause Young (Allocation Failure)
[1541.963s][info][gc,heap        ] GC(2271) DefNew: 629119K(629120K)->69888K(629120K) Eden: 559232K(559232K)->0K(559232K) From: 69887K(69888K)->69888K(69888K)
[1541.963s][info][gc,heap        ] GC(2271) Tenured: 1268181K(1398144K)->1326856K(1398144K)
[1541.963s][info][gc,metaspace   ] GC(2271) Metaspace: 23222K(23552K)->23222K(23552K) NonClass: 20423K(20608K)->20423K(20608K) Class: 2798K(2944K)->2798K(2944K)
[1541.963s][info][gc             ] GC(2271) Pause Young (Allocation Failure) 1852M->1364M(1979M) 490.731ms
[1541.963s][info][gc,cpu         ] GC(2271) User=0.47s Sys=0.00s Real=0.49s
[1542.377s][info][gc,start       ] GC(2272) Pause Full (System.gc())
[1542.377s][info][gc,phases,start] GC(2272) Phase 1: Mark live objects
[1542.554s][info][gc,phases      ] GC(2272) Phase 1: Mark live objects 177.007ms
[1542.554s][info][gc,phases,start] GC(2272) Phase 2: Compute new object addresses
[1542.800s][info][gc,phases      ] GC(2272) Phase 2: Compute new object addresses 246.472ms
[1542.800s][info][gc,phases,start] GC(2272) Phase 3: Adjust pointers
[1542.895s][info][gc,phases      ] GC(2272) Phase 3: Adjust pointers 94.676ms
[1542.895s][info][gc,phases,start] GC(2272) Phase 4: Move objects
[1542.933s][info][gc,phases      ] GC(2272) Phase 4: Move objects 38.184ms
[1542.934s][info][gc,heap        ] GC(2272) DefNew: 333128K(629120K)->0K(629120K) Eden: 263240K(559232K)->0K(559232K) From: 69888K(69888K)->0K(69888K)
[1542.934s][info][gc,heap        ] GC(2272) Tenured: 1326856K(1398144K)->137754K(1398144K)
[1542.934s][info][gc,metaspace   ] GC(2272) Metaspace: 23222K(23552K)->23222K(23552K) NonClass: 20423K(20608K)->20423K(20608K) Class: 2798K(2944K)->2798K(2944K)
[1542.934s][info][gc             ] GC(2272) Pause Full (System.gc()) 1621M->134M(1979M) 556.969ms
[1542.934s][info][gc,cpu         ] GC(2272) User=0.55s Sys=0.00s Real=0.57s
[1543.102s][info][gc,start       ] GC(2273) Pause Young (Allocation Failure)
[1543.413s][info][gc,heap        ] GC(2273) DefNew: 559232K(629120K)->69888K(629120K) Eden: 559232K(559232K)->0K(559232K) From: 0K(69888K)->69888K(69888K)
[1543.413s][info][gc,heap        ] GC(2273) Tenured: 137754K(1398144K)->145829K(1398144K)
[1543.413s][info][gc,metaspace   ] GC(2273) Metaspace: 23223K(23552K)->23223K(23552K) NonClass: 20425K(20608K)->20425K(20608K) Class: 2798K(2944K)->2798K(2944K)
[1543.413s][info][gc             ] GC(2273) Pause Young (Allocation Failure) 680M->210M(1979M) 311.637ms
[1543.413s][info][gc,cpu         ] GC(2273) User=0.30s Sys=0.00s Real=0.31s
[1543.559s][info][gc,start       ] GC(2274) Pause Young (Allocation Failure)
[1544.048s][info][gc,heap        ] GC(2274) DefNew: 629120K(629120K)->69887K(629120K) Eden: 559232K(559232K)->0K(559232K) From: 69888K(69888K)->69887K(69888K)
[1544.048s][info][gc,heap        ] GC(2274) Tenured: 145829K(1398144K)->214106K(1398144K)
[1544.048s][info][gc,metaspace   ] GC(2274) Metaspace: 23223K(23552K)->23223K(23552K) NonClass: 20425K(20608K)->20425K(20608K) Class: 2798K(2944K)->2798K(2944K)
[1544.048s][info][gc             ] GC(2274) Pause Young (Allocation Failure) 756M->277M(1979M) 489.092ms
[1544.048s][info][gc,cpu         ] GC(2274) User=0.48s Sys=0.00s Real=0.49s
[1544.593s][info][gc,start       ] GC(2275) Pause Young (Allocation Failure)
[1544.918s][info][gc,heap        ] GC(2275) DefNew: 629119K(629120K)->62404K(629120K) Eden: 559232K(559232K)->0K(559232K) From: 69887K(69888K)->62404K(69888K)
[1544.918s][info][gc,heap        ] GC(2275) Tenured: 214106K(1398144K)->248723K(1398144K)
[1544.918s][info][gc,metaspace   ] GC(2275) Metaspace: 23223K(23552K)->23223K(23552K) NonClass: 20425K(20608K)->20425K(20608K) Class: 2798K(2944K)->2798K(2944K)
[1544.918s][info][gc             ] GC(2275) Pause Young (Allocation Failure) 823M->303M(1979M) 324.332ms
[1544.918s][info][gc,cpu         ] GC(2275) User=0.31s Sys=0.00s Real=0.32s
[1545.070s][info][gc,start       ] GC(2276) Pause Young (Allocation Failure)
[1545.526s][info][gc,heap        ] GC(2276) DefNew: 621636K(629120K)->69888K(629120K) Eden: 559232K(559232K)->0K(559232K) From: 62404K(69888K)->69888K(69888K)
[1545.526s][info][gc,heap        ] GC(2276) Tenured: 248723K(1398144K)->311038K(1398144K)
[1545.526s][info][gc,metaspace   ] GC(2276) Metaspace: 23223K(23552K)->23223K(23552K) NonClass: 20425K(20608K)->20425K(20608K) Class: 2798K(2944K)->2798K(2944K)
[1545.526s][info][gc             ] GC(2276) Pause Young (Allocation Failure) 849M->371M(1979M) 456.586ms
[1545.526s][info][gc,cpu         ] GC(2276) User=0.44s Sys=0.00s Real=0.46s
[1545.947s][info][gc,start       ] GC(2277) Pause Young (Allocation Failure)
[1546.233s][info][gc,heap        ] GC(2277) DefNew: 629120K(629120K)->55637K(629120K) Eden: 559232K(559232K)->0K(559232K) From: 69888K(69888K)->55637K(69888K)
[1546.233s][info][gc,heap        ] GC(2277) Tenured: 311038K(1398144K)->346909K(1398144K)
[1546.233s][info][gc,metaspace   ] GC(2277) Metaspace: 23223K(23552K)->23223K(23552K) NonClass: 20425K(20608K)->20425K(20608K) Class: 2798K(2944K)->2798K(2944K)
[1546.233s][info][gc             ] GC(2277) Pause Young (Allocation Failure) 918M->393M(1979M) 285.941ms
[1546.233s][info][gc,cpu         ] GC(2277) User=0.27s Sys=0.00s Real=0.28s
[1546.617s][info][gc,start       ] GC(2278) Pause Young (Allocation Failure)
[1546.885s][info][gc,heap        ] GC(2278) DefNew: 614869K(629120K)->60548K(629120K) Eden: 559232K(559232K)->0K(559232K) From: 55637K(69888K)->60548K(69888K)
[1546.885s][info][gc,heap        ] GC(2278) Tenured: 346909K(1398144K)->382158K(1398144K)
[1546.885s][info][gc,metaspace   ] GC(2278) Metaspace: 23223K(23552K)->23223K(23552K) NonClass: 20425K(20608K)->20425K(20608K) Class: 2798K(2944K)->2798K(2944K)
[1546.885s][info][gc             ] GC(2278) Pause Young (Allocation Failure) 939M->432M(1979M) 267.970ms
[1546.885s][info][gc,cpu         ] GC(2278) User=0.28s Sys=0.00s Real=0.27s
[1547.028s][info][gc,start       ] GC(2279) Pause Young (Allocation Failure)
[1547.465s][info][gc,heap        ] GC(2279) DefNew: 619780K(629120K)->69887K(629120K) Eden: 559232K(559232K)->0K(559232K) From: 60548K(69888K)->69887K(69888K)
[1547.465s][info][gc,heap        ] GC(2279) Tenured: 382158K(1398144K)->439101K(1398144K)
[1547.465s][info][gc,metaspace   ] GC(2279) Metaspace: 23223K(23552K)->23223K(23552K) NonClass: 20425K(20608K)->20425K(20608K) Class: 2798K(2944K)->2798K(2944K)
[1547.465s][info][gc             ] GC(2279) Pause Young (Allocation Failure) 978M->497M(1979M) 436.795ms
[1547.465s][info][gc,cpu         ] GC(2279) User=0.41s Sys=0.00s Real=0.44s
[1547.965s][info][gc,start       ] GC(2280) Pause Young (Allocation Failure)
[1548.268s][info][gc,heap        ] GC(2280) DefNew: 629119K(629120K)->58612K(629120K) Eden: 559232K(559232K)->0K(559232K) From: 69887K(69888K)->58612K(69888K)
[1548.268s][info][gc,heap        ] GC(2280) Tenured: 439101K(1398144K)->473213K(1398144K)
[1548.268s][info][gc,metaspace   ] GC(2280) Metaspace: 23223K(23552K)->23223K(23552K) NonClass: 20425K(20608K)->20425K(20608K) Class: 2798K(2944K)->2798K(2944K)
[1548.268s][info][gc             ] GC(2280) Pause Young (Allocation Failure) 1043M->519M(1979M) 303.225ms
[1548.268s][info][gc,cpu         ] GC(2280) User=0.30s Sys=0.00s Real=0.30s
[1548.414s][info][gc,start       ] GC(2281) Pause Young (Allocation Failure)
[1548.842s][info][gc,heap        ] GC(2281) DefNew: 617844K(629120K)->69888K(629120K) Eden: 559232K(559232K)->0K(559232K) From: 58612K(69888K)->69888K(69888K)
[1548.842s][info][gc,heap        ] GC(2281) Tenured: 473213K(1398144K)->530790K(1398144K)
[1548.842s][info][gc,metaspace   ] GC(2281) Metaspace: 23223K(23552K)->23223K(23552K) NonClass: 20425K(20608K)->20425K(20608K) Class: 2798K(2944K)->2798K(2944K)
[1548.842s][info][gc             ] GC(2281) Pause Young (Allocation Failure) 1065M->586M(1979M) 427.761ms
[1548.842s][info][gc,cpu         ] GC(2281) User=0.36s Sys=0.00s Real=0.42s
[1549.066s][info][gc,start       ] GC(2282) Pause Young (Allocation Failure)
[1549.500s][info][gc,heap        ] GC(2282) DefNew: 629120K(629120K)->69887K(629120K) Eden: 559232K(559232K)->0K(559232K) From: 69888K(69888K)->69887K(69888K)
[1549.500s][info][gc,heap        ] GC(2282) Tenured: 530790K(1398144K)->579234K(1398144K)
[1549.500s][info][gc,metaspace   ] GC(2282) Metaspace: 23223K(23552K)->23223K(23552K) NonClass: 20425K(20608K)->20425K(20608K) Class: 2798K(2944K)->2798K(2944K)
[1549.500s][info][gc             ] GC(2282) Pause Young (Allocation Failure) 1132M->633M(1979M) 433.610ms
[1549.500s][info][gc,cpu         ] GC(2282) User=0.42s Sys=0.00s Real=0.44s
[1549.965s][info][gc,start       ] GC(2283) Pause Young (Allocation Failure)
[1550.263s][info][gc,heap        ] GC(2283) DefNew: 629119K(629120K)->63532K(629120K) Eden: 559232K(559232K)->0K(559232K) From: 69887K(69888K)->63532K(69888K)
[1550.263s][info][gc,heap        ] GC(2283) Tenured: 579234K(1398144K)->612564K(1398144K)
[1550.263s][info][gc,metaspace   ] GC(2283) Metaspace: 23223K(23552K)->23223K(23552K) NonClass: 20425K(20608K)->20425K(20608K) Class: 2798K(2944K)->2798K(2944K)
[1550.263s][info][gc             ] GC(2283) Pause Young (Allocation Failure) 1180M->660M(1979M) 298.633ms
[1550.263s][info][gc,cpu         ] GC(2283) User=0.28s Sys=0.00s Real=0.30s
[1550.409s][info][gc,start       ] GC(2284) Pause Young (Allocation Failure)
[1550.841s][info][gc,heap        ] GC(2284) DefNew: 622764K(629120K)->69887K(629120K) Eden: 559232K(559232K)->0K(559232K) From: 63532K(69888K)->69887K(69888K)
[1550.841s][info][gc,heap        ] GC(2284) Tenured: 612564K(1398144K)->670922K(1398144K)
[1550.841s][info][gc,metaspace   ] GC(2284) Metaspace: 23223K(23552K)->23223K(23552K) NonClass: 20425K(20608K)->20425K(20608K) Class: 2798K(2944K)->2798K(2944K)
[1550.841s][info][gc             ] GC(2284) Pause Young (Allocation Failure) 1206M->723M(1979M) 432.010ms
[1550.841s][info][gc,cpu         ] GC(2284) User=0.42s Sys=0.00s Real=0.44s
[1551.312s][info][gc,start       ] GC(2285) Pause Young (Allocation Failure)
[1551.571s][info][gc,heap        ] GC(2285) DefNew: 629119K(629120K)->47280K(629120K) Eden: 559232K(559232K)->0K(559232K) From: 69887K(69888K)->47280K(69888K)
[1551.571s][info][gc,heap        ] GC(2285) Tenured: 670922K(1398144K)->707508K(1398144K)
[1551.571s][info][gc,metaspace   ] GC(2285) Metaspace: 23223K(23552K)->23223K(23552K) NonClass: 20425K(20608K)->20425K(20608K) Class: 2798K(2944K)->2798K(2944K)
[1551.571s][info][gc             ] GC(2285) Pause Young (Allocation Failure) 1269M->737M(1979M) 258.750ms
[1551.571s][info][gc,cpu         ] GC(2285) User=0.27s Sys=0.00s Real=0.26s
[1551.782s][info][gc,start       ] GC(2286) Pause Young (Allocation Failure)
[1552.137s][info][gc,heap        ] GC(2286) DefNew: 606512K(629120K)->69887K(629120K) Eden: 559232K(559232K)->0K(559232K) From: 47280K(69888K)->69887K(69888K)
[1552.137s][info][gc,heap        ] GC(2286) Tenured: 707508K(1398144K)->745451K(1398144K)
[1552.137s][info][gc,metaspace   ] GC(2286) Metaspace: 23223K(23552K)->23223K(23552K) NonClass: 20425K(20608K)->20425K(20608K) Class: 2798K(2944K)->2798K(2944K)
[1552.137s][info][gc             ] GC(2286) Pause Young (Allocation Failure) 1283M->796M(1979M) 354.511ms
[1552.137s][info][gc,cpu         ] GC(2286) User=0.33s Sys=0.00s Real=0.35s
[1552.291s][info][gc,start       ] GC(2287) Pause Young (Allocation Failure)
[1552.774s][info][gc,heap        ] GC(2287) DefNew: 629119K(629120K)->69888K(629120K) Eden: 559232K(559232K)->0K(559232K) From: 69887K(69888K)->69888K(69888K)
[1552.774s][info][gc,heap        ] GC(2287) Tenured: 745451K(1398144K)->812349K(1398144K)
[1552.774s][info][gc,metaspace   ] GC(2287) Metaspace: 23223K(23552K)->23223K(23552K) NonClass: 20425K(20608K)->20425K(20608K) Class: 2798K(2944K)->2798K(2944K)
[1552.774s][info][gc             ] GC(2287) Pause Young (Allocation Failure) 1342M->861M(1979M) 482.891ms
[1552.774s][info][gc,cpu         ] GC(2287) User=0.48s Sys=0.00s Real=0.49s
[1553.329s][info][gc,start       ] GC(2288) Pause Young (Allocation Failure)
[1553.636s][info][gc,heap        ] GC(2288) DefNew: 629120K(629120K)->56269K(629120K) Eden: 559232K(559232K)->0K(559232K) From: 69888K(69888K)->56269K(69888K)
[1553.636s][info][gc,heap        ] GC(2288) Tenured: 812349K(1398144K)->847516K(1398144K)
[1553.636s][info][gc,metaspace   ] GC(2288) Metaspace: 23223K(23552K)->23223K(23552K) NonClass: 20425K(20608K)->20425K(20608K) Class: 2798K(2944K)->2798K(2944K)
[1553.636s][info][gc             ] GC(2288) Pause Young (Allocation Failure) 1407M->882M(1979M) 307.568ms
[1553.636s][info][gc,cpu         ] GC(2288) User=0.33s Sys=0.00s Real=0.30s
[1553.770s][info][gc,start       ] GC(2289) Pause Young (Allocation Failure)
[1554.199s][info][gc,heap        ] GC(2289) DefNew: 615501K(629120K)->69888K(629120K) Eden: 559232K(559232K)->0K(559232K) From: 56269K(69888K)->69888K(69888K)
[1554.199s][info][gc,heap        ] GC(2289) Tenured: 847516K(1398144K)->896281K(1398144K)
[1554.199s][info][gc,metaspace   ] GC(2289) Metaspace: 23223K(23552K)->23223K(23552K) NonClass: 20425K(20608K)->20425K(20608K) Class: 2798K(2944K)->2798K(2944K)
[1554.199s][info][gc             ] GC(2289) Pause Young (Allocation Failure) 1428M->943M(1979M) 429.162ms
[1554.199s][info][gc,cpu         ] GC(2289) User=0.38s Sys=0.00s Real=0.42s
[1554.517s][info][gc,start       ] GC(2290) Pause Young (Allocation Failure)
[1554.935s][info][gc,heap        ] GC(2290) DefNew: 629120K(629120K)->69887K(629120K) Eden: 559232K(559232K)->0K(559232K) From: 69888K(69888K)->69887K(69888K)
[1554.935s][info][gc,heap        ] GC(2290) Tenured: 896281K(1398144K)->937363K(1398144K)
[1554.935s][info][gc,metaspace   ] GC(2290) Metaspace: 23223K(23552K)->23223K(23552K) NonClass: 20425K(20608K)->20425K(20608K) Class: 2798K(2944K)->2798K(2944K)
[1554.935s][info][gc             ] GC(2290) Pause Young (Allocation Failure) 1489M->983M(1979M) 417.703ms
[1554.935s][info][gc,cpu         ] GC(2290) User=0.42s Sys=0.00s Real=0.42s
[1555.494s][info][gc,start       ] GC(2291) Pause Young (Allocation Failure)
[1555.772s][info][gc,heap        ] GC(2291) DefNew: 629119K(629120K)->59168K(629120K) Eden: 559232K(559232K)->0K(559232K) From: 69887K(69888K)->59168K(69888K)
[1555.773s][info][gc,heap        ] GC(2291) Tenured: 937363K(1398144K)->971730K(1398144K)
[1555.773s][info][gc,metaspace   ] GC(2291) Metaspace: 23223K(23552K)->23223K(23552K) NonClass: 20425K(20608K)->20425K(20608K) Class: 2798K(2944K)->2798K(2944K)
[1555.773s][info][gc             ] GC(2291) Pause Young (Allocation Failure) 1529M->1006M(1979M) 278.607ms
[1555.773s][info][gc,cpu         ] GC(2291) User=0.27s Sys=0.00s Real=0.27s
[1555.924s][info][gc,start       ] GC(2292) Pause Young (Allocation Failure)
[1556.330s][info][gc,heap        ] GC(2292) DefNew: 618400K(629120K)->69307K(629120K) Eden: 559232K(559232K)->0K(559232K) From: 59168K(69888K)->69307K(69888K)
[1556.330s][info][gc,heap        ] GC(2292) Tenured: 971730K(1398144K)->1026086K(1398144K)
[1556.330s][info][gc,metaspace   ] GC(2292) Metaspace: 23223K(23552K)->23223K(23552K) NonClass: 20425K(20608K)->20425K(20608K) Class: 2798K(2944K)->2798K(2944K)
[1556.330s][info][gc             ] GC(2292) Pause Young (Allocation Failure) 1552M->1069M(1979M) 406.123ms
[1556.330s][info][gc,cpu         ] GC(2292) User=0.41s Sys=0.00s Real=0.41s
[1556.831s][info][gc,start       ] GC(2293) Pause Young (Allocation Failure)
[1557.093s][info][gc,heap        ] GC(2293) DefNew: 628539K(629120K)->48212K(629120K) Eden: 559232K(559232K)->0K(559232K) From: 69307K(69888K)->48212K(69888K)
[1557.093s][info][gc,heap        ] GC(2293) Tenured: 1026086K(1398144K)->1060977K(1398144K)
[1557.093s][info][gc,metaspace   ] GC(2293) Metaspace: 23223K(23552K)->23223K(23552K) NonClass: 20425K(20608K)->20425K(20608K) Class: 2798K(2944K)->2798K(2944K)
[1557.093s][info][gc             ] GC(2293) Pause Young (Allocation Failure) 1615M->1083M(1979M) 262.843ms
[1557.093s][info][gc,cpu         ] GC(2293) User=0.27s Sys=0.00s Real=0.27s
[1557.234s][info][gc,start       ] GC(2294) Pause Young (Allocation Failure)
[1557.620s][info][gc,heap        ] GC(2294) DefNew: 607444K(629120K)->69887K(629120K) Eden: 559232K(559232K)->0K(559232K) From: 48212K(69888K)->69887K(69888K)
[1557.620s][info][gc,heap        ] GC(2294) Tenured: 1060977K(1398144K)->1107457K(1398144K)
[1557.620s][info][gc,metaspace   ] GC(2294) Metaspace: 23223K(23552K)->23223K(23552K) NonClass: 20425K(20608K)->20425K(20608K) Class: 2798K(2944K)->2798K(2944K)
[1557.620s][info][gc             ] GC(2294) Pause Young (Allocation Failure) 1629M->1149M(1979M) 385.852ms
[1557.620s][info][gc,cpu         ] GC(2294) User=0.34s Sys=0.00s Real=0.39s
[1557.776s][info][gc,start       ] GC(2295) Pause Young (Allocation Failure)
[1558.260s][info][gc,heap        ] GC(2295) DefNew: 629119K(629120K)->69888K(629120K) Eden: 559232K(559232K)->0K(559232K) From: 69887K(69888K)->69888K(69888K)
[1558.260s][info][gc,heap        ] GC(2295) Tenured: 1107457K(1398144K)->1174172K(1398144K)
[1558.260s][info][gc,metaspace   ] GC(2295) Metaspace: 23223K(23552K)->23223K(23552K) NonClass: 20425K(20608K)->20425K(20608K) Class: 2798K(2944K)->2798K(2944K)
[1558.260s][info][gc             ] GC(2295) Pause Young (Allocation Failure) 1695M->1214M(1979M) 483.755ms
[1558.260s][info][gc,cpu         ] GC(2295) User=0.48s Sys=0.00s Real=0.49s
[1558.770s][info][gc,start       ] GC(2296) Pause Young (Allocation Failure)
[1559.091s][info][gc,heap        ] GC(2296) DefNew: 629120K(629120K)->58627K(629120K) Eden: 559232K(559232K)->0K(559232K) From: 69888K(69888K)->58627K(69888K)
[1559.091s][info][gc,heap        ] GC(2296) Tenured: 1174172K(1398144K)->1210947K(1398144K)
[1559.091s][info][gc,metaspace   ] GC(2296) Metaspace: 23223K(23552K)->23223K(23552K) NonClass: 20425K(20608K)->20425K(20608K) Class: 2798K(2944K)->2798K(2944K)
[1559.091s][info][gc             ] GC(2296) Pause Young (Allocation Failure) 1761M->1239M(1979M) 321.285ms
[1559.091s][info][gc,cpu         ] GC(2296) User=0.30s Sys=0.00s Real=0.31s
[1559.232s][info][gc,start       ] GC(2297) Pause Young (Allocation Failure)
[1559.671s][info][gc,heap        ] GC(2297) DefNew: 617859K(629120K)->69888K(629120K) Eden: 559232K(559232K)->0K(559232K) From: 58627K(69888K)->69888K(69888K)
[1559.672s][info][gc,heap        ] GC(2297) Tenured: 1210947K(1398144K)->1267114K(1398144K)
[1559.672s][info][gc,metaspace   ] GC(2297) Metaspace: 23223K(23552K)->23223K(23552K) NonClass: 20425K(20608K)->20425K(20608K) Class: 2798K(2944K)->2798K(2944K)
[1559.672s][info][gc             ] GC(2297) Pause Young (Allocation Failure) 1785M->1305M(1979M) 439.641ms
[1559.672s][info][gc,cpu         ] GC(2297) User=0.42s Sys=0.00s Real=0.44s
[1560.081s][info][gc,start       ] GC(2298) Pause Young (Allocation Failure)
[1560.387s][info][gc,heap        ] GC(2298) DefNew: 629120K(629120K)->62721K(629120K) Eden: 559232K(559232K)->0K(559232K) From: 69888K(69888K)->62721K(69888K)
[1560.387s][info][gc,heap        ] GC(2298) Tenured: 1267114K(1398144K)->1304323K(1398144K)
[1560.387s][info][gc,metaspace   ] GC(2298) Metaspace: 23223K(23552K)->23223K(23552K) NonClass: 20425K(20608K)->20425K(20608K) Class: 2798K(2944K)->2798K(2944K)
[1560.387s][info][gc             ] GC(2298) Pause Young (Allocation Failure) 1851M->1335M(1979M) 305.959ms
[1560.387s][info][gc,cpu         ] GC(2298) User=0.30s Sys=0.00s Real=0.30s
[1560.566s][info][gc,start       ] GC(2299) Pause Full (System.gc())
[1560.566s][info][gc,phases,start] GC(2299) Phase 1: Mark live objects
[1560.708s][info][gc,phases      ] GC(2299) Phase 1: Mark live objects 142.438ms
[1560.708s][info][gc,phases,start] GC(2299) Phase 2: Compute new object addresses
[1560.929s][info][gc,phases      ] GC(2299) Phase 2: Compute new object addresses 221.189ms
[1560.929s][info][gc,phases,start] GC(2299) Phase 3: Adjust pointers
[1561.002s][info][gc,phases      ] GC(2299) Phase 3: Adjust pointers 72.889ms
[1561.002s][info][gc,phases,start] GC(2299) Phase 4: Move objects
[1561.031s][info][gc,phases      ] GC(2299) Phase 4: Move objects 28.892ms
[1561.032s][info][gc,heap        ] GC(2299) DefNew: 185133K(629120K)->0K(629120K) Eden: 122411K(559232K)->0K(559232K) From: 62721K(69888K)->0K(69888K)
[1561.032s][info][gc,heap        ] GC(2299) Tenured: 1304323K(1398144K)->137539K(1398144K)
[1561.032s][info][gc,metaspace   ] GC(2299) Metaspace: 23223K(23552K)->23223K(23552K) NonClass: 20425K(20608K)->20425K(20608K) Class: 2798K(2944K)->2798K(2944K)
[1561.032s][info][gc             ] GC(2299) Pause Full (System.gc()) 1454M->134M(1979M) 466.075ms
[1561.032s][info][gc,cpu         ] GC(2299) User=0.42s Sys=0.00s Real=0.47s
[1561.191s][info][gc,start       ] GC(2300) Pause Young (Allocation Failure)
[1561.524s][info][gc,heap        ] GC(2300) DefNew: 559232K(629120K)->69887K(629120K) Eden: 559232K(559232K)->0K(559232K) From: 0K(69888K)->69887K(69888K)
[1561.524s][info][gc,heap        ] GC(2300) Tenured: 137539K(1398144K)->143480K(1398144K)
[1561.524s][info][gc,metaspace   ] GC(2300) Metaspace: 23223K(23552K)->23223K(23552K) NonClass: 20425K(20608K)->20425K(20608K) Class: 2798K(2944K)->2798K(2944K)
[1561.524s][info][gc             ] GC(2300) Pause Young (Allocation Failure) 680M->208M(1979M) 332.486ms
[1561.524s][info][gc,cpu         ] GC(2300) User=0.31s Sys=0.00s Real=0.34s
[1561.666s][info][gc,start       ] GC(2301) Pause Young (Allocation Failure)
[1562.129s][info][gc,heap        ] GC(2301) DefNew: 629119K(629120K)->69888K(629120K) Eden: 559232K(559232K)->0K(559232K) From: 69887K(69888K)->69888K(69888K)
[1562.129s][info][gc,heap        ] GC(2301) Tenured: 143480K(1398144K)->206137K(1398144K)
[1562.129s][info][gc,metaspace   ] GC(2301) Metaspace: 23223K(23552K)->23223K(23552K) NonClass: 20425K(20608K)->20425K(20608K) Class: 2798K(2944K)->2798K(2944K)
[1562.129s][info][gc             ] GC(2301) Pause Young (Allocation Failure) 754M->269M(1979M) 462.690ms
[1562.129s][info][gc,cpu         ] GC(2301) User=0.42s Sys=0.00s Real=0.46s
[1562.669s][info][gc,start       ] GC(2302) Pause Young (Allocation Failure)
[1562.970s][info][gc,heap        ] GC(2302) DefNew: 629120K(629120K)->56652K(629120K) Eden: 559232K(559232K)->0K(559232K) From: 69888K(69888K)->56652K(69888K)
[1562.970s][info][gc,heap        ] GC(2302) Tenured: 206137K(1398144K)->240447K(1398144K)
[1562.970s][info][gc,metaspace   ] GC(2302) Metaspace: 23223K(23552K)->23223K(23552K) NonClass: 20425K(20608K)->20425K(20608K) Class: 2798K(2944K)->2798K(2944K)
[1562.970s][info][gc             ] GC(2302) Pause Young (Allocation Failure) 815M->290M(1979M) 300.693ms
[1562.970s][info][gc,cpu         ] GC(2302) User=0.34s Sys=0.00s Real=0.30s
[1563.117s][info][gc,start       ] GC(2303) Pause Young (Allocation Failure)
[1563.548s][info][gc,heap        ] GC(2303) DefNew: 615884K(629120K)->69888K(629120K) Eden: 559232K(559232K)->0K(559232K) From: 56652K(69888K)->69888K(69888K)
[1563.548s][info][gc,heap        ] GC(2303) Tenured: 240447K(1398144K)->294521K(1398144K)
[1563.548s][info][gc,metaspace   ] GC(2303) Metaspace: 23223K(23552K)->23223K(23552K) NonClass: 20425K(20608K)->20425K(20608K) Class: 2798K(2944K)->2798K(2944K)
[1563.548s][info][gc             ] GC(2303) Pause Young (Allocation Failure) 836M->355M(1979M) 430.311ms
[1563.548s][info][gc,cpu         ] GC(2303) User=0.42s Sys=0.00s Real=0.44s
[1563.879s][info][gc,start       ] GC(2304) Pause Young (Allocation Failure)
[1564.220s][info][gc,heap        ] GC(2304) DefNew: 629120K(629120K)->67011K(629120K) Eden: 559232K(559232K)->0K(559232K) From: 69888K(69888K)->67011K(69888K)
[1564.220s][info][gc,heap        ] GC(2304) Tenured: 294521K(1398144K)->337459K(1398144K)
[1564.220s][info][gc,metaspace   ] GC(2304) Metaspace: 23223K(23552K)->23223K(23552K) NonClass: 20425K(20608K)->20425K(20608K) Class: 2798K(2944K)->2798K(2944K)
[1564.220s][info][gc             ] GC(2304) Pause Young (Allocation Failure) 901M->394M(1979M) 341.215ms
[1564.220s][info][gc,cpu         ] GC(2304) User=0.33s Sys=0.00s Real=0.35s
[1564.594s][info][gc,start       ] GC(2305) Pause Young (Allocation Failure)
[1564.905s][info][gc,heap        ] GC(2305) DefNew: 626243K(629120K)->69239K(629120K) Eden: 559232K(559232K)->0K(559232K) From: 67011K(69888K)->69239K(69888K)
[1564.905s][info][gc,heap        ] GC(2305) Tenured: 337459K(1398144K)->372450K(1398144K)
[1564.905s][info][gc,metaspace   ] GC(2305) Metaspace: 23223K(23552K)->23223K(23552K) NonClass: 20425K(20608K)->20425K(20608K) Class: 2798K(2944K)->2798K(2944K)
[1564.905s][info][gc             ] GC(2305) Pause Young (Allocation Failure) 941M->431M(1979M) 311.107ms
[1564.905s][info][gc,cpu         ] GC(2305) User=0.28s Sys=0.00s Real=0.31s
[1565.053s][info][gc,start       ] GC(2306) Pause Young (Allocation Failure)
[1565.506s][info][gc,heap        ] GC(2306) DefNew: 628471K(629120K)->69887K(629120K) Eden: 559232K(559232K)->0K(559232K) From: 69239K(69888K)->69887K(69888K)
[1565.506s][info][gc,heap        ] GC(2306) Tenured: 372450K(1398144K)->438040K(1398144K)
[1565.506s][info][gc,metaspace   ] GC(2306) Metaspace: 23223K(23552K)->23223K(23552K) NonClass: 20425K(20608K)->20425K(20608K) Class: 2798K(2944K)->2798K(2944K)
[1565.506s][info][gc             ] GC(2306) Pause Young (Allocation Failure) 977M->496M(1979M) 453.348ms
[1565.506s][info][gc,cpu         ] GC(2306) User=0.45s Sys=0.00s Real=0.45s
[1566.068s][info][gc,start       ] GC(2307) Pause Young (Allocation Failure)
[1566.325s][info][gc,heap        ] GC(2307) DefNew: 629119K(629120K)->44765K(629120K) Eden: 559232K(559232K)->0K(559232K) From: 69887K(69888K)->44765K(69888K)
[1566.325s][info][gc,heap        ] GC(2307) Tenured: 438040K(1398144K)->474156K(1398144K)
[1566.325s][info][gc,metaspace   ] GC(2307) Metaspace: 23223K(23552K)->23223K(23552K) NonClass: 20425K(20608K)->20425K(20608K) Class: 2798K(2944K)->2798K(2944K)
[1566.325s][info][gc             ] GC(2307) Pause Young (Allocation Failure) 1042M->506M(1979M) 257.469ms
[1566.325s][info][gc,cpu         ] GC(2307) User=0.27s Sys=0.00s Real=0.27s
[1566.473s][info][gc,start       ] GC(2308) Pause Young (Allocation Failure)
[1566.881s][info][gc,heap        ] GC(2308) DefNew: 603997K(629120K)->69888K(629120K) Eden: 559232K(559232K)->0K(559232K) From: 44765K(69888K)->69888K(69888K)
[1566.881s][info][gc,heap        ] GC(2308) Tenured: 474156K(1398144K)->520423K(1398144K)
[1566.881s][info][gc,metaspace   ] GC(2308) Metaspace: 23223K(23552K)->23223K(23552K) NonClass: 20425K(20608K)->20425K(20608K) Class: 2798K(2944K)->2798K(2944K)
[1566.881s][info][gc             ] GC(2308) Pause Young (Allocation Failure) 1052M->576M(1979M) 408.759ms
[1566.881s][info][gc,cpu         ] GC(2308) User=0.41s Sys=0.00s Real=0.41s
[1567.043s][info][gc,start       ] GC(2309) Pause Young (Allocation Failure)
[1567.491s][info][gc,heap        ] GC(2309) DefNew: 629120K(629120K)->69887K(629120K) Eden: 559232K(559232K)->0K(559232K) From: 69888K(69888K)->69887K(69888K)
[1567.491s][info][gc,heap        ] GC(2309) Tenured: 520423K(1398144K)->584291K(1398144K)
[1567.491s][info][gc,metaspace   ] GC(2309) Metaspace: 23223K(23552K)->23223K(23552K) NonClass: 20425K(20608K)->20425K(20608K) Class: 2798K(2944K)->2798K(2944K)
[1567.491s][info][gc             ] GC(2309) Pause Young (Allocation Failure) 1122M->638M(1979M) 447.832ms
[1567.491s][info][gc,cpu         ] GC(2309) User=0.42s Sys=0.00s Real=0.44s
[1568.162s][info][gc,start       ] GC(2310) Pause Young (Allocation Failure)
[1568.416s][info][gc,heap        ] GC(2310) DefNew: 629119K(629120K)->51533K(629120K) Eden: 559232K(559232K)->0K(559232K) From: 69887K(69888K)->51533K(69888K)
[1568.416s][info][gc,heap        ] GC(2310) Tenured: 584291K(1398144K)->619240K(1398144K)
[1568.416s][info][gc,metaspace   ] GC(2310) Metaspace: 23223K(23552K)->23223K(23552K) NonClass: 20425K(20608K)->20425K(20608K) Class: 2798K(2944K)->2798K(2944K)
[1568.416s][info][gc             ] GC(2310) Pause Young (Allocation Failure) 1184M->655M(1979M) 253.774ms
[1568.416s][info][gc,cpu         ] GC(2310) User=0.27s Sys=0.00s Real=0.27s
[1568.559s][info][gc,start       ] GC(2311) Pause Young (Allocation Failure)
[1568.968s][info][gc,heap        ] GC(2311) DefNew: 610765K(629120K)->69887K(629120K) Eden: 559232K(559232K)->0K(559232K) From: 51533K(69888K)->69887K(69888K)
[1568.969s][info][gc,heap        ] GC(2311) Tenured: 619240K(1398144K)->668127K(1398144K)
[1568.969s][info][gc,metaspace   ] GC(2311) Metaspace: 23223K(23552K)->23223K(23552K) NonClass: 20425K(20608K)->20425K(20608K) Class: 2798K(2944K)->2798K(2944K)
[1568.969s][info][gc             ] GC(2311) Pause Young (Allocation Failure) 1201M->720M(1979M) 409.392ms
[1568.969s][info][gc,cpu         ] GC(2311) User=0.38s Sys=0.00s Real=0.41s
[1569.244s][info][gc,start       ] GC(2312) Pause Young (Allocation Failure)
[1569.580s][info][gc,heap        ] GC(2312) DefNew: 629119K(629120K)->64601K(629120K) Eden: 559232K(559232K)->0K(559232K) From: 69887K(69888K)->64601K(69888K)
[1569.580s][info][gc,heap        ] GC(2312) Tenured: 668127K(1398144K)->710342K(1398144K)
[1569.580s][info][gc,metaspace   ] GC(2312) Metaspace: 23223K(23552K)->23223K(23552K) NonClass: 20425K(20608K)->20425K(20608K) Class: 2798K(2944K)->2798K(2944K)
[1569.580s][info][gc             ] GC(2312) Pause Young (Allocation Failure) 1266M->756M(1979M) 335.316ms
[1569.580s][info][gc,cpu         ] GC(2312) User=0.31s Sys=0.00s Real=0.33s
[1569.987s][info][gc,start       ] GC(2313) Pause Young (Allocation Failure)
[1570.358s][info][gc,heap        ] GC(2313) DefNew: 623833K(629120K)->69887K(629120K) Eden: 559232K(559232K)->0K(559232K) From: 64601K(69888K)->69887K(69888K)
[1570.358s][info][gc,heap        ] GC(2313) Tenured: 710342K(1398144K)->754504K(1398144K)
[1570.358s][info][gc,metaspace   ] GC(2313) Metaspace: 23223K(23552K)->23223K(23552K) NonClass: 20425K(20608K)->20425K(20608K) Class: 2798K(2944K)->2798K(2944K)
[1570.358s][info][gc             ] GC(2313) Pause Young (Allocation Failure) 1302M->805M(1979M) 371.558ms
[1570.358s][info][gc,cpu         ] GC(2313) User=0.38s Sys=0.00s Real=0.36s
[1570.503s][info][gc,start       ] GC(2314) Pause Young (Allocation Failure)
[1570.980s][info][gc,heap        ] GC(2314) DefNew: 629119K(629120K)->69888K(629120K) Eden: 559232K(559232K)->0K(559232K) From: 69887K(69888K)->69888K(69888K)
[1570.980s][info][gc,heap        ] GC(2314) Tenured: 754504K(1398144K)->819772K(1398144K)
[1570.980s][info][gc,metaspace   ] GC(2314) Metaspace: 23223K(23552K)->23223K(23552K) NonClass: 20425K(20608K)->20425K(20608K) Class: 2798K(2944K)->2798K(2944K)
[1570.980s][info][gc             ] GC(2314) Pause Young (Allocation Failure) 1351M->868M(1979M) 477.255ms
[1570.980s][info][gc,cpu         ] GC(2314) User=0.47s Sys=0.00s Real=0.47s
[1571.567s][info][gc,start       ] GC(2315) Pause Young (Allocation Failure)
[1571.845s][info][gc,heap        ] GC(2315) DefNew: 629120K(629120K)->51242K(629120K) Eden: 559232K(559232K)->0K(559232K) From: 69888K(69888K)->51242K(69888K)
[1571.845s][info][gc,heap        ] GC(2315) Tenured: 819772K(1398144K)->855183K(1398144K)
[1571.845s][info][gc,metaspace   ] GC(2315) Metaspace: 23223K(23552K)->23223K(23552K) NonClass: 20425K(20608K)->20425K(20608K) Class: 2798K(2944K)->2798K(2944K)
[1571.845s][info][gc             ] GC(2315) Pause Young (Allocation Failure) 1414M->885M(1979M) 277.894ms
[1571.845s][info][gc,cpu         ] GC(2315) User=0.27s Sys=0.00s Real=0.28s
[1571.989s][info][gc,start       ] GC(2316) Pause Young (Allocation Failure)
[1572.397s][info][gc,heap        ] GC(2316) DefNew: 610474K(629120K)->69888K(629120K) Eden: 559232K(559232K)->0K(559232K) From: 51242K(69888K)->69888K(69888K)
[1572.397s][info][gc,heap        ] GC(2316) Tenured: 855183K(1398144K)->904603K(1398144K)
[1572.397s][info][gc,metaspace   ] GC(2316) Metaspace: 23223K(23552K)->23223K(23552K) NonClass: 20425K(20608K)->20425K(20608K) Class: 2798K(2944K)->2798K(2944K)
[1572.397s][info][gc             ] GC(2316) Pause Young (Allocation Failure) 1431M->951M(1979M) 407.987ms
[1572.397s][info][gc,cpu         ] GC(2316) User=0.41s Sys=0.00s Real=0.41s
[1572.715s][info][gc,start       ] GC(2317) Pause Young (Allocation Failure)
[1573.119s][info][gc,heap        ] GC(2317) DefNew: 629120K(629120K)->69887K(629120K) Eden: 559232K(559232K)->0K(559232K) From: 69888K(69888K)->69887K(69888K)
[1573.119s][info][gc,heap        ] GC(2317) Tenured: 904603K(1398144K)->943279K(1398144K)
[1573.119s][info][gc,metaspace   ] GC(2317) Metaspace: 23223K(23552K)->23223K(23552K) NonClass: 20425K(20608K)->20425K(20608K) Class: 2798K(2944K)->2798K(2944K)
[1573.119s][info][gc             ] GC(2317) Pause Young (Allocation Failure) 1497M->989M(1979M) 403.881ms
[1573.119s][info][gc,cpu         ] GC(2317) User=0.39s Sys=0.00s Real=0.39s
[1573.457s][info][gc,start       ] GC(2318) Pause Young (Allocation Failure)
[1573.771s][info][gc,heap        ] GC(2318) DefNew: 629119K(629120K)->66923K(629120K) Eden: 559232K(559232K)->0K(559232K) From: 69887K(69888K)->66923K(69888K)
[1573.771s][info][gc,heap        ] GC(2318) Tenured: 943279K(1398144K)->984170K(1398144K)
[1573.771s][info][gc,metaspace   ] GC(2318) Metaspace: 23223K(23552K)->23223K(23552K) NonClass: 20425K(20608K)->20425K(20608K) Class: 2798K(2944K)->2798K(2944K)
[1573.771s][info][gc             ] GC(2318) Pause Young (Allocation Failure) 1535M->1026M(1979M) 314.575ms
[1573.771s][info][gc,cpu         ] GC(2318) User=0.31s Sys=0.00s Real=0.31s
[1573.916s][info][gc,start       ] GC(2319) Pause Young (Allocation Failure)
[1574.364s][info][gc,heap        ] GC(2319) DefNew: 626155K(629120K)->69888K(629120K) Eden: 559232K(559232K)->0K(559232K) From: 66923K(69888K)->69888K(69888K)
[1574.364s][info][gc,heap        ] GC(2319) Tenured: 984170K(1398144K)->1044054K(1398144K)
[1574.364s][info][gc,metaspace   ] GC(2319) Metaspace: 23223K(23552K)->23223K(23552K) NonClass: 20425K(20608K)->20425K(20608K) Class: 2798K(2944K)->2798K(2944K)
[1574.364s][info][gc             ] GC(2319) Pause Young (Allocation Failure) 1572M->1087M(1979M) 448.479ms
[1574.364s][info][gc,cpu         ] GC(2319) User=0.42s Sys=0.00s Real=0.45s
[1574.933s][info][gc,start       ] GC(2320) Pause Young (Allocation Failure)
[1575.171s][info][gc,heap        ] GC(2320) DefNew: 629120K(629120K)->40496K(629120K) Eden: 559232K(559232K)->0K(559232K) From: 69888K(69888K)->40496K(69888K)
[1575.171s][info][gc,heap        ] GC(2320) Tenured: 1044054K(1398144K)->1077227K(1398144K)
[1575.171s][info][gc,metaspace   ] GC(2320) Metaspace: 23223K(23552K)->23223K(23552K) NonClass: 20425K(20608K)->20425K(20608K) Class: 2798K(2944K)->2798K(2944K)
[1575.171s][info][gc             ] GC(2320) Pause Young (Allocation Failure) 1633M->1091M(1979M) 237.482ms
[1575.171s][info][gc,cpu         ] GC(2320) User=0.22s Sys=0.00s Real=0.24s
[1575.315s][info][gc,start       ] GC(2321) Pause Young (Allocation Failure)
[1575.695s][info][gc,heap        ] GC(2321) DefNew: 599728K(629120K)->69888K(629120K) Eden: 559232K(559232K)->0K(559232K) From: 40496K(69888K)->69888K(69888K)
[1575.695s][info][gc,heap        ] GC(2321) Tenured: 1077227K(1398144K)->1118189K(1398144K)
[1575.695s][info][gc,metaspace   ] GC(2321) Metaspace: 23223K(23552K)->23223K(23552K) NonClass: 20425K(20608K)->20425K(20608K) Class: 2798K(2944K)->2798K(2944K)
[1575.695s][info][gc             ] GC(2321) Pause Young (Allocation Failure) 1637M->1160M(1979M) 380.282ms
[1575.695s][info][gc,cpu         ] GC(2321) User=0.34s Sys=0.00s Real=0.38s
[1575.839s][info][gc,start       ] GC(2322) Pause Young (Allocation Failure)
[1576.314s][info][gc,heap        ] GC(2322) DefNew: 629120K(629120K)->69888K(629120K) Eden: 559232K(559232K)->0K(559232K) From: 69888K(69888K)->69888K(69888K)
[1576.314s][info][gc,heap        ] GC(2322) Tenured: 1118189K(1398144K)->1184145K(1398144K)
[1576.314s][info][gc,metaspace   ] GC(2322) Metaspace: 23223K(23552K)->23223K(23552K) NonClass: 20425K(20608K)->20425K(20608K) Class: 2798K(2944K)->2798K(2944K)
[1576.314s][info][gc             ] GC(2322) Pause Young (Allocation Failure) 1706M->1224M(1979M) 475.485ms
[1576.314s][info][gc,cpu         ] GC(2322) User=0.45s Sys=0.00s Real=0.47s
[1576.956s][info][gc,start       ] GC(2323) Pause Young (Allocation Failure)
[1577.248s][info][gc,heap        ] GC(2323) DefNew: 629120K(629120K)->57518K(629120K) Eden: 559232K(559232K)->0K(559232K) From: 69888K(69888K)->57518K(69888K)
[1577.248s][info][gc,heap        ] GC(2323) Tenured: 1184145K(1398144K)->1217706K(1398144K)
[1577.248s][info][gc,metaspace   ] GC(2323) Metaspace: 23224K(23552K)->23224K(23552K) NonClass: 20425K(20608K)->20425K(20608K) Class: 2798K(2944K)->2798K(2944K)
[1577.248s][info][gc             ] GC(2323) Pause Young (Allocation Failure) 1770M->1245M(1979M) 291.867ms
[1577.248s][info][gc,cpu         ] GC(2323) User=0.27s Sys=0.00s Real=0.28s
[1577.396s][info][gc,start       ] GC(2324) Pause Young (Allocation Failure)
[1577.804s][info][gc,heap        ] GC(2324) DefNew: 616750K(629120K)->69887K(629120K) Eden: 559232K(559232K)->0K(559232K) From: 57518K(69888K)->69887K(69888K)
[1577.804s][info][gc,heap        ] GC(2324) Tenured: 1217706K(1398144K)->1271850K(1398144K)
[1577.804s][info][gc,metaspace   ] GC(2324) Metaspace: 23224K(23552K)->23224K(23552K) NonClass: 20425K(20608K)->20425K(20608K) Class: 2798K(2944K)->2798K(2944K)
[1577.804s][info][gc             ] GC(2324) Pause Young (Allocation Failure) 1791M->1310M(1979M) 408.255ms
[1577.804s][info][gc,cpu         ] GC(2324) User=0.39s Sys=0.00s Real=0.41s
[1578.109s][info][gc,start       ] GC(2325) Pause Young (Allocation Failure)
[1578.472s][info][gc,heap        ] GC(2325) DefNew: 629119K(629120K)->66456K(629120K) Eden: 559232K(559232K)->0K(559232K) From: 69887K(69888K)->66456K(69888K)
[1578.472s][info][gc,heap        ] GC(2325) Tenured: 1271850K(1398144K)->1312939K(1398144K)
[1578.472s][info][gc,metaspace   ] GC(2325) Metaspace: 23224K(23552K)->23224K(23552K) NonClass: 20425K(20608K)->20425K(20608K) Class: 2798K(2944K)->2798K(2944K)
[1578.472s][info][gc             ] GC(2325) Pause Young (Allocation Failure) 1856M->1347M(1979M) 362.407ms
[1578.472s][info][gc,cpu         ] GC(2325) User=0.36s Sys=0.00s Real=0.36s
[1578.892s][info][gc,start       ] GC(2326) Pause Full (System.gc())
[1578.892s][info][gc,phases,start] GC(2326) Phase 1: Mark live objects
[1579.019s][info][gc,phases      ] GC(2326) Phase 1: Mark live objects 127.550ms
[1579.019s][info][gc,phases,start] GC(2326) Phase 2: Compute new object addresses
[1579.260s][info][gc,phases      ] GC(2326) Phase 2: Compute new object addresses 240.154ms
[1579.260s][info][gc,phases,start] GC(2326) Phase 3: Adjust pointers
[1579.329s][info][gc,phases      ] GC(2326) Phase 3: Adjust pointers 69.508ms
[1579.329s][info][gc,phases,start] GC(2326) Phase 4: Move objects
[1579.361s][info][gc,phases      ] GC(2326) Phase 4: Move objects 31.381ms
[1579.361s][info][gc,heap        ] GC(2326) DefNew: 318783K(629120K)->0K(629120K) Eden: 252327K(559232K)->0K(559232K) From: 66456K(69888K)->0K(69888K)
[1579.361s][info][gc,heap        ] GC(2326) Tenured: 1312939K(1398144K)->73957K(1398144K)
[1579.361s][info][gc,metaspace   ] GC(2326) Metaspace: 23224K(23552K)->23224K(23552K) NonClass: 20425K(20608K)->20425K(20608K) Class: 2798K(2944K)->2798K(2944K)
[1579.361s][info][gc             ] GC(2326) Pause Full (System.gc()) 1593M->72M(1979M) 469.293ms
[1579.361s][info][gc,cpu         ] GC(2326) User=0.42s Sys=0.00s Real=0.48s
[1579.525s][info][gc,start       ] GC(2327) Pause Young (Allocation Failure)
[1579.839s][info][gc,heap        ] GC(2327) DefNew: 559232K(629120K)->69888K(629120K) Eden: 559232K(559232K)->0K(559232K) From: 0K(69888K)->69888K(69888K)
[1579.839s][info][gc,heap        ] GC(2327) Tenured: 73957K(1398144K)->80402K(1398144K)
[1579.839s][info][gc,metaspace   ] GC(2327) Metaspace: 23224K(23552K)->23224K(23552K) NonClass: 20425K(20608K)->20425K(20608K) Class: 2798K(2944K)->2798K(2944K)
[1579.839s][info][gc             ] GC(2327) Pause Young (Allocation Failure) 618M->146M(1979M) 313.665ms
[1579.839s][info][gc,cpu         ] GC(2327) User=0.31s Sys=0.00s Real=0.31s
[1579.983s][info][gc,start       ] GC(2328) Pause Young (Allocation Failure)
[1580.459s][info][gc,heap        ] GC(2328) DefNew: 629120K(629120K)->69887K(629120K) Eden: 559232K(559232K)->0K(559232K) From: 69888K(69888K)->69887K(69888K)
[1580.459s][info][gc,heap        ] GC(2328) Tenured: 80402K(1398144K)->145556K(1398144K)
[1580.459s][info][gc,metaspace   ] GC(2328) Metaspace: 23224K(23552K)->23224K(23552K) NonClass: 20425K(20608K)->20425K(20608K) Class: 2798K(2944K)->2798K(2944K)
[1580.459s][info][gc             ] GC(2328) Pause Young (Allocation Failure) 692M->210M(1979M) 475.977ms
[1580.459s][info][gc,cpu         ] GC(2328) User=0.45s Sys=0.00s Real=0.47s
[1581.023s][info][gc,start       ] GC(2329) Pause Young (Allocation Failure)
[1581.390s][info][gc,heap        ] GC(2329) DefNew: 629119K(629120K)->69887K(629120K) Eden: 559232K(559232K)->0K(559232K) From: 69887K(69888K)->69887K(69888K)
[1581.390s][info][gc,heap        ] GC(2329) Tenured: 145556K(1398144K)->179771K(1398144K)
[1581.390s][info][gc,metaspace   ] GC(2329) Metaspace: 23224K(23552K)->23224K(23552K) NonClass: 20425K(20608K)->20425K(20608K) Class: 2798K(2944K)->2798K(2944K)
[1581.390s][info][gc             ] GC(2329) Pause Young (Allocation Failure) 756M->243M(1979M) 367.152ms
[1581.390s][info][gc,cpu         ] GC(2329) User=0.34s Sys=0.00s Real=0.36s
[1581.539s][info][gc,start       ] GC(2330) Pause Young (Allocation Failure)
[1582.015s][info][gc,heap        ] GC(2330) DefNew: 629119K(629120K)->69888K(629120K) Eden: 559232K(559232K)->0K(559232K) From: 69887K(69888K)->69888K(69888K)
[1582.015s][info][gc,heap        ] GC(2330) Tenured: 179771K(1398144K)->246080K(1398144K)
[1582.015s][info][gc,metaspace   ] GC(2330) Metaspace: 23224K(23552K)->23224K(23552K) NonClass: 20425K(20608K)->20425K(20608K) Class: 2798K(2944K)->2798K(2944K)
[1582.015s][info][gc             ] GC(2330) Pause Young (Allocation Failure) 789M->308M(1979M) 476.003ms
[1582.015s][info][gc,cpu         ] GC(2330) User=0.47s Sys=0.00s Real=0.47s
[1582.544s][info][gc,start       ] GC(2331) Pause Young (Allocation Failure)
[1582.813s][info][gc,heap        ] GC(2331) DefNew: 629120K(629120K)->50083K(629120K) Eden: 559232K(559232K)->0K(559232K) From: 69888K(69888K)->50083K(69888K)
[1582.813s][info][gc,heap        ] GC(2331) Tenured: 246080K(1398144K)->282413K(1398144K)
[1582.813s][info][gc,metaspace   ] GC(2331) Metaspace: 23224K(23552K)->23224K(23552K) NonClass: 20425K(20608K)->20425K(20608K) Class: 2798K(2944K)->2798K(2944K)
[1582.813s][info][gc             ] GC(2331) Pause Young (Allocation Failure) 854M->324M(1979M) 268.655ms
[1582.813s][info][gc,cpu         ] GC(2331) User=0.25s Sys=0.00s Real=0.27s
[1583.045s][info][gc,start       ] GC(2332) Pause Young (Allocation Failure)
[1583.405s][info][gc,heap        ] GC(2332) DefNew: 609315K(629120K)->69887K(629120K) Eden: 559232K(559232K)->0K(559232K) From: 50083K(69888K)->69887K(69888K)
[1583.405s][info][gc,heap        ] GC(2332) Tenured: 282413K(1398144K)->325769K(1398144K)
[1583.405s][info][gc,metaspace   ] GC(2332) Metaspace: 23224K(23552K)->23224K(23552K) NonClass: 20425K(20608K)->20425K(20608K) Class: 2798K(2944K)->2798K(2944K)
[1583.405s][info][gc             ] GC(2332) Pause Young (Allocation Failure) 870M->386M(1979M) 359.389ms
[1583.405s][info][gc,cpu         ] GC(2332) User=0.31s Sys=0.00s Real=0.35s
[1583.557s][info][gc,start       ] GC(2333) Pause Young (Allocation Failure)
[1584.026s][info][gc,heap        ] GC(2333) DefNew: 629119K(629120K)->69887K(629120K) Eden: 559232K(559232K)->0K(559232K) From: 69887K(69888K)->69887K(69888K)
[1584.026s][info][gc,heap        ] GC(2333) Tenured: 325769K(1398144K)->389316K(1398144K)
[1584.026s][info][gc,metaspace   ] GC(2333) Metaspace: 23224K(23552K)->23224K(23552K) NonClass: 20425K(20608K)->20425K(20608K) Class: 2798K(2944K)->2798K(2944K)
[1584.026s][info][gc             ] GC(2333) Pause Young (Allocation Failure) 932M->448M(1979M) 469.047ms
[1584.026s][info][gc,cpu         ] GC(2333) User=0.45s Sys=0.00s Real=0.47s
[1584.506s][info][gc,start       ] GC(2334) Pause Young (Allocation Failure)
[1584.796s][info][gc,heap        ] GC(2334) DefNew: 629119K(629120K)->53984K(629120K) Eden: 559232K(559232K)->0K(559232K) From: 69887K(69888K)->53984K(69888K)
[1584.796s][info][gc,heap        ] GC(2334) Tenured: 389316K(1398144K)->424371K(1398144K)
[1584.796s][info][gc,metaspace   ] GC(2334) Metaspace: 23224K(23552K)->23224K(23552K) NonClass: 20425K(20608K)->20425K(20608K) Class: 2798K(2944K)->2798K(2944K)
[1584.796s][info][gc             ] GC(2334) Pause Young (Allocation Failure) 994M->467M(1979M) 289.653ms
[1584.796s][info][gc,cpu         ] GC(2334) User=0.22s Sys=0.00s Real=0.28s
[1584.946s][info][gc,start       ] GC(2335) Pause Young (Allocation Failure)
[1585.383s][info][gc,heap        ] GC(2335) DefNew: 613216K(629120K)->69888K(629120K) Eden: 559232K(559232K)->0K(559232K) From: 53984K(69888K)->69888K(69888K)
[1585.383s][info][gc,heap        ] GC(2335) Tenured: 424371K(1398144K)->477820K(1398144K)
[1585.383s][info][gc,metaspace   ] GC(2335) Metaspace: 23224K(23552K)->23224K(23552K) NonClass: 20425K(20608K)->20425K(20608K) Class: 2798K(2944K)->2798K(2944K)
[1585.383s][info][gc             ] GC(2335) Pause Young (Allocation Failure) 1013M->534M(1979M) 436.916ms
[1585.383s][info][gc,cpu         ] GC(2335) User=0.44s Sys=0.00s Real=0.44s
[1585.744s][info][gc,start       ] GC(2336) Pause Young (Allocation Failure)
[1586.094s][info][gc,heap        ] GC(2336) DefNew: 629120K(629120K)->69715K(629120K) Eden: 559232K(559232K)->0K(559232K) From: 69888K(69888K)->69715K(69888K)
[1586.094s][info][gc,heap        ] GC(2336) Tenured: 477820K(1398144K)->516457K(1398144K)
[1586.094s][info][gc,metaspace   ] GC(2336) Metaspace: 23224K(23552K)->23224K(23552K) NonClass: 20425K(20608K)->20425K(20608K) Class: 2798K(2944K)->2798K(2944K)
[1586.094s][info][gc             ] GC(2336) Pause Young (Allocation Failure) 1080M->572M(1979M) 350.655ms
[1586.094s][info][gc,cpu         ] GC(2336) User=0.30s Sys=0.00s Real=0.36s
[1586.446s][info][gc,start       ] GC(2337) Pause Young (Allocation Failure)
[1586.748s][info][gc,heap        ] GC(2337) DefNew: 628947K(629120K)->63179K(629120K) Eden: 559232K(559232K)->0K(559232K) From: 69715K(69888K)->63179K(69888K)
[1586.748s][info][gc,heap        ] GC(2337) Tenured: 516457K(1398144K)->554442K(1398144K)
[1586.748s][info][gc,metaspace   ] GC(2337) Metaspace: 23224K(23552K)->23224K(23552K) NonClass: 20425K(20608K)->20425K(20608K) Class: 2798K(2944K)->2798K(2944K)
[1586.748s][info][gc             ] GC(2337) Pause Young (Allocation Failure) 1118M->603M(1979M) 302.340ms
[1586.748s][info][gc,cpu         ] GC(2337) User=0.30s Sys=0.00s Real=0.30s
[1586.906s][info][gc,start       ] GC(2338) Pause Young (Allocation Failure)
[1587.359s][info][gc,heap        ] GC(2338) DefNew: 622411K(629120K)->69887K(629120K) Eden: 559232K(559232K)->0K(559232K) From: 63179K(69888K)->69887K(69888K)
[1587.359s][info][gc,heap        ] GC(2338) Tenured: 554442K(1398144K)->614969K(1398144K)
[1587.359s][info][gc,metaspace   ] GC(2338) Metaspace: 23224K(23552K)->23224K(23552K) NonClass: 20425K(20608K)->20425K(20608K) Class: 2798K(2944K)->2798K(2944K)
[1587.359s][info][gc             ] GC(2338) Pause Young (Allocation Failure) 1149M->668M(1979M) 452.846ms
[1587.359s][info][gc,cpu         ] GC(2338) User=0.42s Sys=0.00s Real=0.46s
[1587.937s][info][gc,start       ] GC(2339) Pause Young (Allocation Failure)
[1588.192s][info][gc,heap        ] GC(2339) DefNew: 629119K(629120K)->44606K(629120K) Eden: 559232K(559232K)->0K(559232K) From: 69887K(69888K)->44606K(69888K)
[1588.192s][info][gc,heap        ] GC(2339) Tenured: 614969K(1398144K)->652901K(1398144K)
[1588.192s][info][gc,metaspace   ] GC(2339) Metaspace: 23224K(23552K)->23224K(23552K) NonClass: 20425K(20608K)->20425K(20608K) Class: 2798K(2944K)->2798K(2944K)
[1588.192s][info][gc             ] GC(2339) Pause Young (Allocation Failure) 1214M->681M(1979M) 255.427ms
[1588.192s][info][gc,cpu         ] GC(2339) User=0.27s Sys=0.00s Real=0.25s
[1588.343s][info][gc,start       ] GC(2340) Pause Young (Allocation Failure)
[1588.739s][info][gc,heap        ] GC(2340) DefNew: 603838K(629120K)->69887K(629120K) Eden: 559232K(559232K)->0K(559232K) From: 44606K(69888K)->69887K(69888K)
[1588.739s][info][gc,heap        ] GC(2340) Tenured: 652901K(1398144K)->700061K(1398144K)
[1588.739s][info][gc,metaspace   ] GC(2340) Metaspace: 23224K(23552K)->23224K(23552K) NonClass: 20425K(20608K)->20425K(20608K) Class: 2798K(2944K)->2798K(2944K)
[1588.739s][info][gc             ] GC(2340) Pause Young (Allocation Failure) 1227M->751M(1979M) 395.446ms
[1588.739s][info][gc,cpu         ] GC(2340) User=0.41s Sys=0.00s Real=0.39s
[1588.923s][info][gc,start       ] GC(2341) Pause Young (Allocation Failure)
[1589.397s][info][gc,heap        ] GC(2341) DefNew: 629119K(629120K)->69887K(629120K) Eden: 559232K(559232K)->0K(559232K) From: 69887K(69888K)->69887K(69888K)
[1589.397s][info][gc,heap        ] GC(2341) Tenured: 700061K(1398144K)->757326K(1398144K)
[1589.397s][info][gc,metaspace   ] GC(2341) Metaspace: 23224K(23552K)->23224K(23552K) NonClass: 20425K(20608K)->20425K(20608K) Class: 2798K(2944K)->2798K(2944K)
[1589.397s][info][gc             ] GC(2341) Pause Young (Allocation Failure) 1298M->807M(1979M) 474.425ms
[1589.397s][info][gc,cpu         ] GC(2341) User=0.47s Sys=0.00s Real=0.47s
[1589.887s][info][gc,start       ] GC(2342) Pause Young (Allocation Failure)
[1590.195s][info][gc,heap        ] GC(2342) DefNew: 629119K(629120K)->58349K(629120K) Eden: 559232K(559232K)->0K(559232K) From: 69887K(69888K)->58349K(69888K)
[1590.195s][info][gc,heap        ] GC(2342) Tenured: 757326K(1398144K)->791750K(1398144K)
[1590.195s][info][gc,metaspace   ] GC(2342) Metaspace: 23224K(23552K)->23224K(23552K) NonClass: 20425K(20608K)->20425K(20608K) Class: 2798K(2944K)->2798K(2944K)
[1590.195s][info][gc             ] GC(2342) Pause Young (Allocation Failure) 1353M->830M(1979M) 307.576ms
[1590.195s][info][gc,cpu         ] GC(2342) User=0.30s Sys=0.00s Real=0.30s
[1590.328s][info][gc,start       ] GC(2343) Pause Young (Allocation Failure)
[1590.763s][info][gc,heap        ] GC(2343) DefNew: 617581K(629120K)->69888K(629120K) Eden: 559232K(559232K)->0K(559232K) From: 58349K(69888K)->69888K(69888K)
[1590.763s][info][gc,heap        ] GC(2343) Tenured: 791750K(1398144K)->844284K(1398144K)
[1590.763s][info][gc,metaspace   ] GC(2343) Metaspace: 23224K(23552K)->23224K(23552K) NonClass: 20425K(20608K)->20425K(20608K) Class: 2798K(2944K)->2798K(2944K)
[1590.763s][info][gc             ] GC(2343) Pause Young (Allocation Failure) 1376M->892M(1979M) 434.188ms
[1590.763s][info][gc,cpu         ] GC(2343) User=0.42s Sys=0.00s Real=0.44s
[1591.246s][info][gc,start       ] GC(2344) Pause Young (Allocation Failure)
[1591.574s][info][gc,heap        ] GC(2344) DefNew: 629120K(629120K)->59402K(629120K) Eden: 559232K(559232K)->0K(559232K) From: 69888K(69888K)->59402K(69888K)
[1591.574s][info][gc,heap        ] GC(2344) Tenured: 844284K(1398144K)->877354K(1398144K)
[1591.574s][info][gc,metaspace   ] GC(2344) Metaspace: 23224K(23552K)->23224K(23552K) NonClass: 20425K(20608K)->20425K(20608K) Class: 2798K(2944K)->2798K(2944K)
[1591.574s][info][gc             ] GC(2344) Pause Young (Allocation Failure) 1438M->914M(1979M) 327.813ms
[1591.574s][info][gc,cpu         ] GC(2344) User=0.31s Sys=0.00s Real=0.33s
[1591.976s][info][gc,start       ] GC(2345) Pause Young (Allocation Failure)
[1592.279s][info][gc,heap        ] GC(2345) DefNew: 618634K(629120K)->63304K(629120K) Eden: 559232K(559232K)->0K(559232K) From: 59402K(69888K)->63304K(69888K)
[1592.279s][info][gc,heap        ] GC(2345) Tenured: 877354K(1398144K)->912442K(1398144K)
[1592.279s][info][gc,metaspace   ] GC(2345) Metaspace: 23224K(23552K)->23224K(23552K) NonClass: 20425K(20608K)->20425K(20608K) Class: 2798K(2944K)->2798K(2944K)
[1592.279s][info][gc             ] GC(2345) Pause Young (Allocation Failure) 1460M->952M(1979M) 302.562ms
[1592.279s][info][gc,cpu         ] GC(2345) User=0.30s Sys=0.00s Real=0.30s
[1592.426s][info][gc,start       ] GC(2346) Pause Young (Allocation Failure)
[1592.873s][info][gc,heap        ] GC(2346) DefNew: 622536K(629120K)->69887K(629120K) Eden: 559232K(559232K)->0K(559232K) From: 63304K(69888K)->69887K(69888K)
[1592.873s][info][gc,heap        ] GC(2346) Tenured: 912442K(1398144K)->970525K(1398144K)
[1592.873s][info][gc,metaspace   ] GC(2346) Metaspace: 23224K(23552K)->23224K(23552K) NonClass: 20425K(20608K)->20425K(20608K) Class: 2798K(2944K)->2798K(2944K)
[1592.873s][info][gc             ] GC(2346) Pause Young (Allocation Failure) 1499M->1016M(1979M) 446.697ms
[1592.873s][info][gc,cpu         ] GC(2346) User=0.44s Sys=0.00s Real=0.45s
[1593.397s][info][gc,start       ] GC(2347) Pause Young (Allocation Failure)
[1593.690s][info][gc,heap        ] GC(2347) DefNew: 629119K(629120K)->55984K(629120K) Eden: 559232K(559232K)->0K(559232K) From: 69887K(69888K)->55984K(69888K)
[1593.690s][info][gc,heap        ] GC(2347) Tenured: 970525K(1398144K)->1006243K(1398144K)
[1593.690s][info][gc,metaspace   ] GC(2347) Metaspace: 23224K(23552K)->23224K(23552K) NonClass: 20425K(20608K)->20425K(20608K) Class: 2798K(2944K)->2798K(2944K)
[1593.690s][info][gc             ] GC(2347) Pause Young (Allocation Failure) 1562M->1037M(1979M) 292.844ms
[1593.690s][info][gc,cpu         ] GC(2347) User=0.33s Sys=0.00s Real=0.29s
[1593.835s][info][gc,start       ] GC(2348) Pause Young (Allocation Failure)
[1594.260s][info][gc,heap        ] GC(2348) DefNew: 615216K(629120K)->69888K(629120K) Eden: 559232K(559232K)->0K(559232K) From: 55984K(69888K)->69888K(69888K)
[1594.260s][info][gc,heap        ] GC(2348) Tenured: 1006243K(1398144K)->1060022K(1398144K)
[1594.260s][info][gc,metaspace   ] GC(2348) Metaspace: 23224K(23552K)->23224K(23552K) NonClass: 20425K(20608K)->20425K(20608K) Class: 2798K(2944K)->2798K(2944K)
[1594.260s][info][gc             ] GC(2348) Pause Young (Allocation Failure) 1583M->1103M(1979M) 425.313ms
[1594.260s][info][gc,cpu         ] GC(2348) User=0.42s Sys=0.00s Real=0.42s
[1594.495s][info][gc,start       ] GC(2349) Pause Young (Allocation Failure)
[1594.953s][info][gc,heap        ] GC(2349) DefNew: 629120K(629120K)->69887K(629120K) Eden: 559232K(559232K)->0K(559232K) From: 69888K(69888K)->69887K(69888K)
[1594.953s][info][gc,heap        ] GC(2349) Tenured: 1060022K(1398144K)->1109678K(1398144K)
[1594.953s][info][gc,metaspace   ] GC(2349) Metaspace: 23224K(23552K)->23224K(23552K) NonClass: 20425K(20608K)->20425K(20608K) Class: 2798K(2944K)->2798K(2944K)
[1594.953s][info][gc             ] GC(2349) Pause Young (Allocation Failure) 1649M->1151M(1979M) 458.342ms
[1594.953s][info][gc,cpu         ] GC(2349) User=0.42s Sys=0.00s Real=0.44s
[1595.415s][info][gc,start       ] GC(2350) Pause Young (Allocation Failure)
[1595.721s][info][gc,heap        ] GC(2350) DefNew: 629119K(629120K)->62642K(629120K) Eden: 559232K(559232K)->0K(559232K) From: 69887K(69888K)->62642K(69888K)
[1595.721s][info][gc,heap        ] GC(2350) Tenured: 1109678K(1398144K)->1143601K(1398144K)
[1595.721s][info][gc,metaspace   ] GC(2350) Metaspace: 23224K(23552K)->23224K(23552K) NonClass: 20425K(20608K)->20425K(20608K) Class: 2798K(2944K)->2798K(2944K)
[1595.721s][info][gc             ] GC(2350) Pause Young (Allocation Failure) 1698M->1177M(1979M) 305.470ms
[1595.721s][info][gc,cpu         ] GC(2350) User=0.30s Sys=0.00s Real=0.30s
[1595.876s][info][gc,start       ] GC(2351) Pause Young (Allocation Failure)
[1596.319s][info][gc,heap        ] GC(2351) DefNew: 621874K(629120K)->69888K(629120K) Eden: 559232K(559232K)->0K(559232K) From: 62642K(69888K)->69888K(69888K)
[1596.319s][info][gc,heap        ] GC(2351) Tenured: 1143601K(1398144K)->1203157K(1398144K)
[1596.319s][info][gc,metaspace   ] GC(2351) Metaspace: 23224K(23552K)->23224K(23552K) NonClass: 20425K(20608K)->20425K(20608K) Class: 2798K(2944K)->2798K(2944K)
[1596.319s][info][gc             ] GC(2351) Pause Young (Allocation Failure) 1724M->1243M(1979M) 443.719ms
[1596.319s][info][gc,cpu         ] GC(2351) User=0.42s Sys=0.00s Real=0.44s
[1596.889s][info][gc,start       ] GC(2352) Pause Young (Allocation Failure)
[1597.130s][info][gc,heap        ] GC(2352) DefNew: 629120K(629120K)->40725K(629120K) Eden: 559232K(559232K)->0K(559232K) From: 69888K(69888K)->40725K(69888K)
[1597.130s][info][gc,heap        ] GC(2352) Tenured: 1203157K(1398144K)->1239878K(1398144K)
[1597.130s][info][gc,metaspace   ] GC(2352) Metaspace: 23224K(23552K)->23224K(23552K) NonClass: 20425K(20608K)->20425K(20608K) Class: 2798K(2944K)->2798K(2944K)
[1597.130s][info][gc             ] GC(2352) Pause Young (Allocation Failure) 1789M->1250M(1979M) 240.397ms
[1597.130s][info][gc,cpu         ] GC(2352) User=0.23s Sys=0.00s Real=0.24s
[1597.144s][info][gc,start       ] GC(2353) Pause Full (System.gc())
[1597.144s][info][gc,phases,start] GC(2353) Phase 1: Mark live objects
[1597.295s][info][gc,phases      ] GC(2353) Phase 1: Mark live objects 151.839ms
[1597.296s][info][gc,phases,start] GC(2353) Phase 2: Compute new object addresses
[1597.494s][info][gc,phases      ] GC(2353) Phase 2: Compute new object addresses 198.342ms
[1597.494s][info][gc,phases,start] GC(2353) Phase 3: Adjust pointers
[1597.555s][info][gc,phases      ] GC(2353) Phase 3: Adjust pointers 60.596ms
[1597.555s][info][gc,phases,start] GC(2353) Phase 4: Move objects
[1597.577s][info][gc,phases      ] GC(2353) Phase 4: Move objects 22.781ms
[1597.578s][info][gc,heap        ] GC(2353) DefNew: 48564K(629120K)->0K(629120K) Eden: 7838K(559232K)->0K(559232K) From: 40725K(69888K)->0K(69888K)
[1597.578s][info][gc,heap        ] GC(2353) Tenured: 1239878K(1398144K)->141786K(1398144K)
[1597.578s][info][gc,metaspace   ] GC(2353) Metaspace: 23224K(23552K)->23224K(23552K) NonClass: 20425K(20608K)->20425K(20608K) Class: 2798K(2944K)->2798K(2944K)
[1597.578s][info][gc             ] GC(2353) Pause Full (System.gc()) 1258M->138M(1979M) 434.199ms
[1597.578s][info][gc,cpu         ] GC(2353) User=0.42s Sys=0.00s Real=0.42s
[1597.738s][info][gc,start       ] GC(2354) Pause Young (Allocation Failure)
[1598.050s][info][gc,heap        ] GC(2354) DefNew: 559232K(629120K)->69887K(629120K) Eden: 559232K(559232K)->0K(559232K) From: 0K(69888K)->69887K(69888K)
[1598.050s][info][gc,heap        ] GC(2354) Tenured: 141786K(1398144K)->147307K(1398144K)
[1598.050s][info][gc,metaspace   ] GC(2354) Metaspace: 23224K(23552K)->23224K(23552K) NonClass: 20425K(20608K)->20425K(20608K) Class: 2798K(2944K)->2798K(2944K)
[1598.050s][info][gc             ] GC(2354) Pause Young (Allocation Failure) 684M->212M(1979M) 311.289ms
[1598.050s][info][gc,cpu         ] GC(2354) User=0.31s Sys=0.00s Real=0.31s
[1598.197s][info][gc,start       ] GC(2355) Pause Young (Allocation Failure)
[1598.692s][info][gc,heap        ] GC(2355) DefNew: 629119K(629120K)->69887K(629120K) Eden: 559232K(559232K)->0K(559232K) From: 69887K(69888K)->69887K(69888K)
[1598.693s][info][gc,heap        ] GC(2355) Tenured: 147307K(1398144K)->218182K(1398144K)
[1598.693s][info][gc,metaspace   ] GC(2355) Metaspace: 23224K(23552K)->23224K(23552K) NonClass: 20425K(20608K)->20425K(20608K) Class: 2798K(2944K)->2798K(2944K)
[1598.693s][info][gc             ] GC(2355) Pause Young (Allocation Failure) 758M->281M(1979M) 495.109ms
[1598.693s][info][gc,cpu         ] GC(2355) User=0.48s Sys=0.00s Real=0.50s
[1599.233s][info][gc,start       ] GC(2356) Pause Young (Allocation Failure)
[1599.553s][info][gc,heap        ] GC(2356) DefNew: 629119K(629120K)->63112K(629120K) Eden: 559232K(559232K)->0K(559232K) From: 69887K(69888K)->63112K(69888K)
[1599.553s][info][gc,heap        ] GC(2356) Tenured: 218182K(1398144K)->253966K(1398144K)
[1599.553s][info][gc,metaspace   ] GC(2356) Metaspace: 23224K(23552K)->23224K(23552K) NonClass: 20425K(20608K)->20425K(20608K) Class: 2798K(2944K)->2798K(2944K)
[1599.553s][info][gc             ] GC(2356) Pause Young (Allocation Failure) 827M->309M(1979M) 320.528ms
[1599.553s][info][gc,cpu         ] GC(2356) User=0.31s Sys=0.00s Real=0.32s
[1599.705s][info][gc,start       ] GC(2357) Pause Young (Allocation Failure)
[1600.155s][info][gc,heap        ] GC(2357) DefNew: 622344K(629120K)->69888K(629120K) Eden: 559232K(559232K)->0K(559232K) From: 63112K(69888K)->69888K(69888K)
[1600.155s][info][gc,heap        ] GC(2357) Tenured: 253966K(1398144K)->315682K(1398144K)
[1600.155s][info][gc,metaspace   ] GC(2357) Metaspace: 23224K(23552K)->23224K(23552K) NonClass: 20425K(20608K)->20425K(20608K) Class: 2798K(2944K)->2798K(2944K)
[1600.155s][info][gc             ] GC(2357) Pause Young (Allocation Failure) 855M->376M(1979M) 449.881ms
[1600.155s][info][gc,cpu         ] GC(2357) User=0.47s Sys=0.00s Real=0.45s
[1600.575s][info][gc,start       ] GC(2358) Pause Young (Allocation Failure)
[1600.867s][info][gc,heap        ] GC(2358) DefNew: 629120K(629120K)->58080K(629120K) Eden: 559232K(559232K)->0K(559232K) From: 69888K(69888K)->58080K(69888K)
[1600.867s][info][gc,heap        ] GC(2358) Tenured: 315682K(1398144K)->352384K(1398144K)
[1600.867s][info][gc,metaspace   ] GC(2358) Metaspace: 23224K(23552K)->23224K(23552K) NonClass: 20425K(20608K)->20425K(20608K) Class: 2798K(2944K)->2798K(2944K)
[1600.867s][info][gc             ] GC(2358) Pause Young (Allocation Failure) 922M->400M(1979M) 292.129ms
[1600.867s][info][gc,cpu         ] GC(2358) User=0.28s Sys=0.00s Real=0.30s
[1601.126s][info][gc,start       ] GC(2359) Pause Young (Allocation Failure)
[1601.439s][info][gc,heap        ] GC(2359) DefNew: 617312K(629120K)->65697K(629120K) Eden: 559232K(559232K)->0K(559232K) From: 58080K(69888K)->65697K(69888K)
[1601.439s][info][gc,heap        ] GC(2359) Tenured: 352384K(1398144K)->387156K(1398144K)
[1601.439s][info][gc,metaspace   ] GC(2359) Metaspace: 23224K(23552K)->23224K(23552K) NonClass: 20425K(20608K)->20425K(20608K) Class: 2798K(2944K)->2798K(2944K)
[1601.439s][info][gc             ] GC(2359) Pause Young (Allocation Failure) 946M->442M(1979M) 313.671ms
[1601.439s][info][gc,cpu         ] GC(2359) User=0.30s Sys=0.00s Real=0.30s
[1601.597s][info][gc,start       ] GC(2360) Pause Young (Allocation Failure)
[1602.060s][info][gc,heap        ] GC(2360) DefNew: 624929K(629120K)->69888K(629120K) Eden: 559232K(559232K)->0K(559232K) From: 65697K(69888K)->69888K(69888K)
[1602.060s][info][gc,heap        ] GC(2360) Tenured: 387156K(1398144K)->449395K(1398144K)
[1602.060s][info][gc,metaspace   ] GC(2360) Metaspace: 23224K(23552K)->23224K(23552K) NonClass: 20425K(20608K)->20425K(20608K) Class: 2798K(2944K)->2798K(2944K)
[1602.060s][info][gc             ] GC(2360) Pause Young (Allocation Failure) 988M->507M(1979M) 463.168ms
[1602.060s][info][gc,cpu         ] GC(2360) User=0.42s Sys=0.00s Real=0.46s
[1602.636s][info][gc,start       ] GC(2361) Pause Young (Allocation Failure)
[1602.925s][info][gc,heap        ] GC(2361) DefNew: 629120K(629120K)->53448K(629120K) Eden: 559232K(559232K)->0K(559232K) From: 69888K(69888K)->53448K(69888K)
[1602.925s][info][gc,heap        ] GC(2361) Tenured: 449395K(1398144K)->487010K(1398144K)
[1602.925s][info][gc,metaspace   ] GC(2361) Metaspace: 23224K(23552K)->23224K(23552K) NonClass: 20425K(20608K)->20425K(20608K) Class: 2798K(2944K)->2798K(2944K)
[1602.925s][info][gc             ] GC(2361) Pause Young (Allocation Failure) 1053M->527M(1979M) 289.206ms
[1602.926s][info][gc,cpu         ] GC(2361) User=0.30s Sys=0.00s Real=0.28s
[1603.075s][info][gc,start       ] GC(2362) Pause Young (Allocation Failure)
[1603.503s][info][gc,heap        ] GC(2362) DefNew: 612680K(629120K)->69887K(629120K) Eden: 559232K(559232K)->0K(559232K) From: 53448K(69888K)->69887K(69888K)
[1603.503s][info][gc,heap        ] GC(2362) Tenured: 487010K(1398144K)->539982K(1398144K)
[1603.503s][info][gc,metaspace   ] GC(2362) Metaspace: 23224K(23552K)->23224K(23552K) NonClass: 20425K(20608K)->20425K(20608K) Class: 2798K(2944K)->2798K(2944K)
[1603.503s][info][gc             ] GC(2362) Pause Young (Allocation Failure) 1073M->595M(1979M) 428.685ms
[1603.503s][info][gc,cpu         ] GC(2362) User=0.38s Sys=0.00s Real=0.44s
[1603.769s][info][gc,start       ] GC(2363) Pause Young (Allocation Failure)
[1604.223s][info][gc,heap        ] GC(2363) DefNew: 629119K(629120K)->69888K(629120K) Eden: 559232K(559232K)->0K(559232K) From: 69887K(69888K)->69888K(69888K)
[1604.223s][info][gc,heap        ] GC(2363) Tenured: 539982K(1398144K)->587427K(1398144K)
[1604.223s][info][gc,metaspace   ] GC(2363) Metaspace: 23224K(23552K)->23224K(23552K) NonClass: 20425K(20608K)->20425K(20608K) Class: 2798K(2944K)->2798K(2944K)
[1604.223s][info][gc             ] GC(2363) Pause Young (Allocation Failure) 1141M->641M(1979M) 454.177ms
[1604.223s][info][gc,cpu         ] GC(2363) User=0.47s Sys=0.00s Real=0.45s
[1604.648s][info][gc,start       ] GC(2364) Pause Young (Allocation Failure)
[1604.958s][info][gc,heap        ] GC(2364) DefNew: 629120K(629120K)->59983K(629120K) Eden: 559232K(559232K)->0K(559232K) From: 69888K(69888K)->59983K(69888K)
[1604.958s][info][gc,heap        ] GC(2364) Tenured: 587427K(1398144K)->623271K(1398144K)
[1604.958s][info][gc,metaspace   ] GC(2364) Metaspace: 23224K(23552K)->23224K(23552K) NonClass: 20425K(20608K)->20425K(20608K) Class: 2798K(2944K)->2798K(2944K)
[1604.958s][info][gc             ] GC(2364) Pause Young (Allocation Failure) 1188M->667M(1979M) 309.951ms
[1604.958s][info][gc,cpu         ] GC(2364) User=0.28s Sys=0.00s Real=0.30s
[1605.124s][info][gc,start       ] GC(2365) Pause Young (Allocation Failure)
[1605.595s][info][gc,heap        ] GC(2365) DefNew: 619215K(629120K)->69887K(629120K) Eden: 559232K(559232K)->0K(559232K) From: 59983K(69888K)->69887K(69888K)
[1605.595s][info][gc,heap        ] GC(2365) Tenured: 623271K(1398144K)->689286K(1398144K)
[1605.595s][info][gc,metaspace   ] GC(2365) Metaspace: 23224K(23552K)->23224K(23552K) NonClass: 20425K(20608K)->20425K(20608K) Class: 2798K(2944K)->2798K(2944K)
[1605.595s][info][gc             ] GC(2365) Pause Young (Allocation Failure) 1213M->741M(1979M) 471.257ms
[1605.595s][info][gc,cpu         ] GC(2365) User=0.44s Sys=0.00s Real=0.47s
[1606.155s][info][gc,start       ] GC(2366) Pause Young (Allocation Failure)
[1606.397s][info][gc,heap        ] GC(2366) DefNew: 629119K(629120K)->39253K(629120K) Eden: 559232K(559232K)->0K(559232K) From: 69887K(69888K)->39253K(69888K)
[1606.397s][info][gc,heap        ] GC(2366) Tenured: 689286K(1398144K)->724572K(1398144K)
[1606.397s][info][gc,metaspace   ] GC(2366) Metaspace: 23224K(23552K)->23224K(23552K) NonClass: 20425K(20608K)->20425K(20608K) Class: 2798K(2944K)->2798K(2944K)
[1606.397s][info][gc             ] GC(2366) Pause Young (Allocation Failure) 1287M->745M(1979M) 242.472ms
[1606.397s][info][gc,cpu         ] GC(2366) User=0.25s Sys=0.00s Real=0.25s
[1606.542s][info][gc,start       ] GC(2367) Pause Young (Allocation Failure)
[1606.923s][info][gc,heap        ] GC(2367) DefNew: 598485K(629120K)->69888K(629120K) Eden: 559232K(559232K)->0K(559232K) From: 39253K(69888K)->69888K(69888K)
[1606.923s][info][gc,heap        ] GC(2367) Tenured: 724572K(1398144K)->766779K(1398144K)
[1606.923s][info][gc,metaspace   ] GC(2367) Metaspace: 23224K(23552K)->23224K(23552K) NonClass: 20425K(20608K)->20425K(20608K) Class: 2798K(2944K)->2798K(2944K)
[1606.923s][info][gc             ] GC(2367) Pause Young (Allocation Failure) 1292M->817M(1979M) 381.372ms
[1606.923s][info][gc,cpu         ] GC(2367) User=0.36s Sys=0.00s Real=0.38s
[1607.070s][info][gc,start       ] GC(2368) Pause Young (Allocation Failure)
[1607.542s][info][gc,heap        ] GC(2368) DefNew: 629120K(629120K)->69888K(629120K) Eden: 559232K(559232K)->0K(559232K) From: 69888K(69888K)->69888K(69888K)
[1607.542s][info][gc,heap        ] GC(2368) Tenured: 766779K(1398144K)->832199K(1398144K)
[1607.542s][info][gc,metaspace   ] GC(2368) Metaspace: 23224K(23552K)->23224K(23552K) NonClass: 20425K(20608K)->20425K(20608K) Class: 2798K(2944K)->2798K(2944K)
[1607.542s][info][gc             ] GC(2368) Pause Young (Allocation Failure) 1363M->880M(1979M) 472.367ms
[1607.542s][info][gc,cpu         ] GC(2368) User=0.44s Sys=0.02s Real=0.47s
[1608.100s][info][gc,start       ] GC(2369) Pause Young (Allocation Failure)
[1608.395s][info][gc,heap        ] GC(2369) DefNew: 629120K(629120K)->59993K(629120K) Eden: 559232K(559232K)->0K(559232K) From: 69888K(69888K)->59993K(69888K)
[1608.395s][info][gc,heap        ] GC(2369) Tenured: 832199K(1398144K)->866476K(1398144K)
[1608.395s][info][gc,metaspace   ] GC(2369) Metaspace: 23224K(23552K)->23224K(23552K) NonClass: 20425K(20608K)->20425K(20608K) Class: 2798K(2944K)->2798K(2944K)
[1608.395s][info][gc             ] GC(2369) Pause Young (Allocation Failure) 1427M->904M(1979M) 295.382ms
[1608.395s][info][gc,cpu         ] GC(2369) User=0.28s Sys=0.00s Real=0.30s
[1608.548s][info][gc,start       ] GC(2370) Pause Young (Allocation Failure)
[1608.981s][info][gc,heap        ] GC(2370) DefNew: 619225K(629120K)->69887K(629120K) Eden: 559232K(559232K)->0K(559232K) From: 59993K(69888K)->69887K(69888K)
[1608.981s][info][gc,heap        ] GC(2370) Tenured: 866476K(1398144K)->926119K(1398144K)
[1608.981s][info][gc,metaspace   ] GC(2370) Metaspace: 23224K(23552K)->23224K(23552K) NonClass: 20425K(20608K)->20425K(20608K) Class: 2798K(2944K)->2798K(2944K)
[1608.982s][info][gc             ] GC(2370) Pause Young (Allocation Failure) 1450M->972M(1979M) 433.464ms
[1608.982s][info][gc,cpu         ] GC(2370) User=0.38s Sys=0.00s Real=0.44s
[1609.332s][info][gc,start       ] GC(2371) Pause Young (Allocation Failure)
[1609.642s][info][gc,heap        ] GC(2371) DefNew: 629119K(629120K)->63828K(629120K) Eden: 559232K(559232K)->0K(559232K) From: 69887K(69888K)->63828K(69888K)
[1609.642s][info][gc,heap        ] GC(2371) Tenured: 926119K(1398144K)->962370K(1398144K)
[1609.642s][info][gc,metaspace   ] GC(2371) Metaspace: 23224K(23552K)->23224K(23552K) NonClass: 20425K(20608K)->20425K(20608K) Class: 2798K(2944K)->2798K(2944K)
[1609.642s][info][gc             ] GC(2371) Pause Young (Allocation Failure) 1518M->1002M(1979M) 310.370ms
[1609.642s][info][gc,cpu         ] GC(2371) User=0.27s Sys=0.00s Real=0.31s
[1609.938s][info][gc,start       ] GC(2372) Pause Young (Allocation Failure)
[1610.268s][info][gc,heap        ] GC(2372) DefNew: 623060K(629120K)->68432K(629120K) Eden: 559232K(559232K)->0K(559232K) From: 63828K(69888K)->68432K(69888K)
[1610.268s][info][gc,heap        ] GC(2372) Tenured: 962370K(1398144K)->998419K(1398144K)
[1610.268s][info][gc,metaspace   ] GC(2372) Metaspace: 23224K(23552K)->23224K(23552K) NonClass: 20425K(20608K)->20425K(20608K) Class: 2798K(2944K)->2798K(2944K)
[1610.268s][info][gc             ] GC(2372) Pause Young (Allocation Failure) 1548M->1041M(1979M) 329.823ms
[1610.268s][info][gc,cpu         ] GC(2372) User=0.33s Sys=0.00s Real=0.33s
[1610.422s][info][gc,start       ] GC(2373) Pause Young (Allocation Failure)
[1610.888s][info][gc,heap        ] GC(2373) DefNew: 627664K(629120K)->69888K(629120K) Eden: 559232K(559232K)->0K(559232K) From: 68432K(69888K)->69888K(69888K)
[1610.888s][info][gc,heap        ] GC(2373) Tenured: 998419K(1398144K)->1061009K(1398144K)
[1610.888s][info][gc,metaspace   ] GC(2373) Metaspace: 23224K(23552K)->23224K(23552K) NonClass: 20425K(20608K)->20425K(20608K) Class: 2798K(2944K)->2798K(2944K)
[1610.888s][info][gc             ] GC(2373) Pause Young (Allocation Failure) 1587M->1104M(1979M) 466.306ms
[1610.888s][info][gc,cpu         ] GC(2373) User=0.47s Sys=0.00s Real=0.47s
[1611.484s][info][gc,start       ] GC(2374) Pause Young (Allocation Failure)
[1611.758s][info][gc,heap        ] GC(2374) DefNew: 629120K(629120K)->48383K(629120K) Eden: 559232K(559232K)->0K(559232K) From: 69888K(69888K)->48383K(69888K)
[1611.758s][info][gc,heap        ] GC(2374) Tenured: 1061009K(1398144K)->1098076K(1398144K)
[1611.758s][info][gc,metaspace   ] GC(2374) Metaspace: 23224K(23552K)->23224K(23552K) NonClass: 20425K(20608K)->20425K(20608K) Class: 2798K(2944K)->2798K(2944K)
[1611.758s][info][gc             ] GC(2374) Pause Young (Allocation Failure) 1650M->1119M(1979M) 273.388ms
[1611.758s][info][gc,cpu         ] GC(2374) User=0.27s Sys=0.00s Real=0.27s
[1611.910s][info][gc,start       ] GC(2375) Pause Young (Allocation Failure)
[1612.318s][info][gc,heap        ] GC(2375) DefNew: 607615K(629120K)->69888K(629120K) Eden: 559232K(559232K)->0K(559232K) From: 48383K(69888K)->69888K(69888K)
[1612.318s][info][gc,heap        ] GC(2375) Tenured: 1098076K(1398144K)->1146605K(1398144K)
[1612.318s][info][gc,metaspace   ] GC(2375) Metaspace: 23224K(23552K)->23224K(23552K) NonClass: 20425K(20608K)->20425K(20608K) Class: 2798K(2944K)->2798K(2944K)
[1612.318s][info][gc             ] GC(2375) Pause Young (Allocation Failure) 1665M->1187M(1979M) 408.458ms
[1612.318s][info][gc,cpu         ] GC(2375) User=0.41s Sys=0.00s Real=0.41s
[1612.492s][info][gc,start       ] GC(2376) Pause Young (Allocation Failure)
[1612.972s][info][gc,heap        ] GC(2376) DefNew: 629120K(629120K)->69888K(629120K) Eden: 559232K(559232K)->0K(559232K) From: 69888K(69888K)->69888K(69888K)
[1612.972s][info][gc,heap        ] GC(2376) Tenured: 1146605K(1398144K)->1204814K(1398144K)
[1612.972s][info][gc,metaspace   ] GC(2376) Metaspace: 23224K(23552K)->23224K(23552K) NonClass: 20425K(20608K)->20425K(20608K) Class: 2798K(2944K)->2798K(2944K)
[1612.972s][info][gc             ] GC(2376) Pause Young (Allocation Failure) 1734M->1244M(1979M) 479.583ms
[1612.972s][info][gc,cpu         ] GC(2376) User=0.47s Sys=0.00s Real=0.47s
[1613.469s][info][gc,start       ] GC(2377) Pause Young (Allocation Failure)
[1613.786s][info][gc,heap        ] GC(2377) DefNew: 629120K(629120K)->62468K(629120K) Eden: 559232K(559232K)->0K(559232K) From: 69888K(69888K)->62468K(69888K)
[1613.786s][info][gc,heap        ] GC(2377) Tenured: 1204814K(1398144K)->1237263K(1398144K)
[1613.786s][info][gc,metaspace   ] GC(2377) Metaspace: 23224K(23552K)->23224K(23552K) NonClass: 20425K(20608K)->20425K(20608K) Class: 2798K(2944K)->2798K(2944K)
[1613.786s][info][gc             ] GC(2377) Pause Young (Allocation Failure) 1790M->1269M(1979M) 316.954ms
[1613.786s][info][gc,cpu         ] GC(2377) User=0.31s Sys=0.00s Real=0.32s
[1613.940s][info][gc,start       ] GC(2378) Pause Young (Allocation Failure)
[1614.389s][info][gc,heap        ] GC(2378) DefNew: 621700K(629120K)->69887K(629120K) Eden: 559232K(559232K)->0K(559232K) From: 62468K(69888K)->69887K(69888K)
[1614.389s][info][gc,heap        ] GC(2378) Tenured: 1237263K(1398144K)->1298046K(1398144K)
[1614.389s][info][gc,metaspace   ] GC(2378) Metaspace: 23224K(23552K)->23224K(23552K) NonClass: 20425K(20608K)->20425K(20608K) Class: 2798K(2944K)->2798K(2944K)
[1614.389s][info][gc             ] GC(2378) Pause Young (Allocation Failure) 1815M->1335M(1979M) 449.292ms
[1614.389s][info][gc,cpu         ] GC(2378) User=0.44s Sys=0.00s Real=0.45s
[1614.846s][info][gc,start       ] GC(2379) Pause Young (Allocation Failure)
[1615.121s][info][gc,heap        ] GC(2379) DefNew: 629119K(629120K)->50535K(629120K) Eden: 559232K(559232K)->0K(559232K) From: 69887K(69888K)->50535K(69888K)
[1615.121s][info][gc,heap        ] GC(2379) Tenured: 1298046K(1398144K)->1335773K(1398144K)
[1615.121s][info][gc,metaspace   ] GC(2379) Metaspace: 23224K(23552K)->23224K(23552K) NonClass: 20425K(20608K)->20425K(20608K) Class: 2798K(2944K)->2798K(2944K)
[1615.121s][info][gc             ] GC(2379) Pause Young (Allocation Failure) 1881M->1353M(1979M) 274.401ms
[1615.121s][info][gc,cpu         ] GC(2379) User=0.27s Sys=0.00s Real=0.27s
[1615.218s][info][gc,start       ] GC(2380) Pause Full (System.gc())
[1615.218s][info][gc,phases,start] GC(2380) Phase 1: Mark live objects
[1615.403s][info][gc,phases      ] GC(2380) Phase 1: Mark live objects 184.808ms
[1615.403s][info][gc,phases,start] GC(2380) Phase 2: Compute new object addresses
[1615.616s][info][gc,phases      ] GC(2380) Phase 2: Compute new object addresses 212.994ms
[1615.616s][info][gc,phases,start] GC(2380) Phase 3: Adjust pointers
[1615.682s][info][gc,phases      ] GC(2380) Phase 3: Adjust pointers 65.264ms
[1615.682s][info][gc,phases,start] GC(2380) Phase 4: Move objects
[1615.708s][info][gc,phases      ] GC(2380) Phase 4: Move objects 26.729ms
[1615.709s][info][gc,heap        ] GC(2380) DefNew: 104194K(629120K)->0K(629120K) Eden: 53658K(559232K)->0K(559232K) From: 50535K(69888K)->0K(69888K)
[1615.709s][info][gc,heap        ] GC(2380) Tenured: 1335773K(1398144K)->134643K(1398144K)
[1615.709s][info][gc,metaspace   ] GC(2380) Metaspace: 23224K(23552K)->23224K(23552K) NonClass: 20425K(20608K)->20425K(20608K) Class: 2798K(2944K)->2798K(2944K)
[1615.709s][info][gc             ] GC(2380) Pause Full (System.gc()) 1406M->131M(1979M) 490.474ms
[1615.709s][info][gc,cpu         ] GC(2380) User=0.47s Sys=0.00s Real=0.49s
[1615.864s][info][gc,start       ] GC(2381) Pause Young (Allocation Failure)
[1616.187s][info][gc,heap        ] GC(2381) DefNew: 559232K(629120K)->69888K(629120K) Eden: 559232K(559232K)->0K(559232K) From: 0K(69888K)->69888K(69888K)
[1616.187s][info][gc,heap        ] GC(2381) Tenured: 134643K(1398144K)->142810K(1398144K)
[1616.187s][info][gc,metaspace   ] GC(2381) Metaspace: 23224K(23552K)->23224K(23552K) NonClass: 20425K(20608K)->20425K(20608K) Class: 2798K(2944K)->2798K(2944K)
[1616.187s][info][gc             ] GC(2381) Pause Young (Allocation Failure) 677M->207M(1979M) 323.078ms
[1616.187s][info][gc,cpu         ] GC(2381) User=0.28s Sys=0.02s Real=0.33s
[1616.341s][info][gc,start       ] GC(2382) Pause Young (Allocation Failure)
[1616.823s][info][gc,heap        ] GC(2382) DefNew: 629120K(629120K)->69888K(629120K) Eden: 559232K(559232K)->0K(559232K) From: 69888K(69888K)->69888K(69888K)
[1616.823s][info][gc,heap        ] GC(2382) Tenured: 142810K(1398144K)->208602K(1398144K)
[1616.823s][info][gc,metaspace   ] GC(2382) Metaspace: 23224K(23552K)->23224K(23552K) NonClass: 20425K(20608K)->20425K(20608K) Class: 2798K(2944K)->2798K(2944K)
[1616.823s][info][gc             ] GC(2382) Pause Young (Allocation Failure) 753M->271M(1979M) 481.910ms
[1616.823s][info][gc,cpu         ] GC(2382) User=0.45s Sys=0.00s Real=0.49s
[1617.384s][info][gc,start       ] GC(2383) Pause Young (Allocation Failure)
[1617.700s][info][gc,heap        ] GC(2383) DefNew: 629120K(629120K)->61619K(629120K) Eden: 559232K(559232K)->0K(559232K) From: 69888K(69888K)->61619K(69888K)
[1617.700s][info][gc,heap        ] GC(2383) Tenured: 208602K(1398144K)->244610K(1398144K)
[1617.700s][info][gc,metaspace   ] GC(2383) Metaspace: 23224K(23552K)->23224K(23552K) NonClass: 20425K(20608K)->20425K(20608K) Class: 2798K(2944K)->2798K(2944K)
[1617.700s][info][gc             ] GC(2383) Pause Young (Allocation Failure) 818M->299M(1979M) 316.391ms
[1617.700s][info][gc,cpu         ] GC(2383) User=0.30s Sys=0.00s Real=0.32s
[1617.852s][info][gc,start       ] GC(2384) Pause Young (Allocation Failure)
[1618.295s][info][gc,heap        ] GC(2384) DefNew: 620851K(629120K)->69887K(629120K) Eden: 559232K(559232K)->0K(559232K) From: 61619K(69888K)->69887K(69888K)
[1618.295s][info][gc,heap        ] GC(2384) Tenured: 244610K(1398144K)->306281K(1398144K)
[1618.295s][info][gc,metaspace   ] GC(2384) Metaspace: 23224K(23552K)->23224K(23552K) NonClass: 20425K(20608K)->20425K(20608K) Class: 2798K(2944K)->2798K(2944K)
[1618.295s][info][gc             ] GC(2384) Pause Young (Allocation Failure) 845M->367M(1979M) 443.622ms
[1618.295s][info][gc,cpu         ] GC(2384) User=0.44s Sys=0.00s Real=0.44s
[1618.679s][info][gc,start       ] GC(2385) Pause Young (Allocation Failure)
[1618.973s][info][gc,heap        ] GC(2385) DefNew: 629119K(629120K)->58503K(629120K) Eden: 559232K(559232K)->0K(559232K) From: 69887K(69888K)->58503K(69888K)
[1618.973s][info][gc,heap        ] GC(2385) Tenured: 306281K(1398144K)->341599K(1398144K)
[1618.973s][info][gc,metaspace   ] GC(2385) Metaspace: 23224K(23552K)->23224K(23552K) NonClass: 20425K(20608K)->20425K(20608K) Class: 2798K(2944K)->2798K(2944K)
[1618.973s][info][gc             ] GC(2385) Pause Young (Allocation Failure) 913M->390M(1979M) 294.335ms
[1618.973s][info][gc,cpu         ] GC(2385) User=0.30s Sys=0.00s Real=0.30s
[1619.261s][info][gc,start       ] GC(2386) Pause Young (Allocation Failure)
[1619.578s][info][gc,heap        ] GC(2386) DefNew: 617735K(629120K)->69888K(629120K) Eden: 559232K(559232K)->0K(559232K) From: 58503K(69888K)->69888K(69888K)
[1619.578s][info][gc,heap        ] GC(2386) Tenured: 341599K(1398144K)->378867K(1398144K)
[1619.578s][info][gc,metaspace   ] GC(2386) Metaspace: 23224K(23552K)->23224K(23552K) NonClass: 20425K(20608K)->20425K(20608K) Class: 2798K(2944K)->2798K(2944K)
[1619.578s][info][gc             ] GC(2386) Pause Young (Allocation Failure) 936M->438M(1979M) 317.501ms
[1619.578s][info][gc,cpu         ] GC(2386) User=0.30s Sys=0.00s Real=0.31s
[1619.728s][info][gc,start       ] GC(2387) Pause Young (Allocation Failure)
[1620.214s][info][gc,heap        ] GC(2387) DefNew: 629120K(629120K)->69887K(629120K) Eden: 559232K(559232K)->0K(559232K) From: 69888K(69888K)->69887K(69888K)
[1620.214s][info][gc,heap        ] GC(2387) Tenured: 378867K(1398144K)->447616K(1398144K)
[1620.214s][info][gc,metaspace   ] GC(2387) Metaspace: 23224K(23552K)->23224K(23552K) NonClass: 20425K(20608K)->20425K(20608K) Class: 2798K(2944K)->2798K(2944K)
[1620.214s][info][gc             ] GC(2387) Pause Young (Allocation Failure) 984M->505M(1979M) 486.174ms
[1620.214s][info][gc,cpu         ] GC(2387) User=0.47s Sys=0.00s Real=0.49s
[1620.727s][info][gc,start       ] GC(2388) Pause Young (Allocation Failure)
[1621.013s][info][gc,heap        ] GC(2388) DefNew: 629119K(629120K)->51583K(629120K) Eden: 559232K(559232K)->0K(559232K) From: 69887K(69888K)->51583K(69888K)
[1621.013s][info][gc,heap        ] GC(2388) Tenured: 447616K(1398144K)->482107K(1398144K)
[1621.013s][info][gc,metaspace   ] GC(2388) Metaspace: 23224K(23552K)->23224K(23552K) NonClass: 20425K(20608K)->20425K(20608K) Class: 2798K(2944K)->2798K(2944K)
[1621.013s][info][gc             ] GC(2388) Pause Young (Allocation Failure) 1051M->521M(1979M) 285.661ms
[1621.013s][info][gc,cpu         ] GC(2388) User=0.31s Sys=0.00s Real=0.30s
[1621.161s][info][gc,start       ] GC(2389) Pause Young (Allocation Failure)
[1621.590s][info][gc,heap        ] GC(2389) DefNew: 610815K(629120K)->69888K(629120K) Eden: 559232K(559232K)->0K(559232K) From: 51583K(69888K)->69888K(69888K)
[1621.590s][info][gc,heap        ] GC(2389) Tenured: 482107K(1398144K)->533739K(1398144K)
[1621.590s][info][gc,metaspace   ] GC(2389) Metaspace: 23224K(23552K)->23224K(23552K) NonClass: 20425K(20608K)->20425K(20608K) Class: 2798K(2944K)->2798K(2944K)
[1621.590s][info][gc             ] GC(2389) Pause Young (Allocation Failure) 1067M->589M(1979M) 429.087ms
[1621.590s][info][gc,cpu         ] GC(2389) User=0.42s Sys=0.00s Real=0.42s
[1621.863s][info][gc,start       ] GC(2390) Pause Young (Allocation Failure)
[1622.317s][info][gc,heap        ] GC(2390) DefNew: 629120K(629120K)->69887K(629120K) Eden: 559232K(559232K)->0K(559232K) From: 69888K(69888K)->69887K(69888K)
[1622.317s][info][gc,heap        ] GC(2390) Tenured: 533739K(1398144K)->581411K(1398144K)
[1622.317s][info][gc,metaspace   ] GC(2390) Metaspace: 23224K(23552K)->23224K(23552K) NonClass: 20425K(20608K)->20425K(20608K) Class: 2798K(2944K)->2798K(2944K)
[1622.317s][info][gc             ] GC(2390) Pause Young (Allocation Failure) 1135M->636M(1979M) 453.964ms
[1622.317s][info][gc,cpu         ] GC(2390) User=0.44s Sys=0.00s Real=0.45s
[1622.764s][info][gc,start       ] GC(2391) Pause Young (Allocation Failure)
[1623.084s][info][gc,heap        ] GC(2391) DefNew: 629119K(629120K)->62631K(629120K) Eden: 559232K(559232K)->0K(559232K) From: 69887K(69888K)->62631K(69888K)
[1623.084s][info][gc,heap        ] GC(2391) Tenured: 581411K(1398144K)->616924K(1398144K)
[1623.085s][info][gc,metaspace   ] GC(2391) Metaspace: 23224K(23552K)->23224K(23552K) NonClass: 20425K(20608K)->20425K(20608K) Class: 2798K(2944K)->2798K(2944K)
[1623.085s][info][gc             ] GC(2391) Pause Young (Allocation Failure) 1182M->663M(1979M) 320.682ms
[1623.085s][info][gc,cpu         ] GC(2391) User=0.31s Sys=0.00s Real=0.33s
[1623.236s][info][gc,start       ] GC(2392) Pause Young (Allocation Failure)
[1623.694s][info][gc,heap        ] GC(2392) DefNew: 621863K(629120K)->69887K(629120K) Eden: 559232K(559232K)->0K(559232K) From: 62631K(69888K)->69887K(69888K)
[1623.694s][info][gc,heap        ] GC(2392) Tenured: 616924K(1398144K)->677845K(1398144K)
[1623.694s][info][gc,metaspace   ] GC(2392) Metaspace: 23224K(23552K)->23224K(23552K) NonClass: 20425K(20608K)->20425K(20608K) Class: 2798K(2944K)->2798K(2944K)
[1623.694s][info][gc             ] GC(2392) Pause Young (Allocation Failure) 1209M->730M(1979M) 458.172ms
[1623.694s][info][gc,cpu         ] GC(2392) User=0.44s Sys=0.00s Real=0.45s
[1624.272s][info][gc,start       ] GC(2393) Pause Young (Allocation Failure)
[1624.509s][info][gc,heap        ] GC(2393) DefNew: 629119K(629120K)->39552K(629120K) Eden: 559232K(559232K)->0K(559232K) From: 69887K(69888K)->39552K(69888K)
[1624.509s][info][gc,heap        ] GC(2393) Tenured: 677845K(1398144K)->713488K(1398144K)
[1624.509s][info][gc,metaspace   ] GC(2393) Metaspace: 23224K(23552K)->23224K(23552K) NonClass: 20425K(20608K)->20425K(20608K) Class: 2798K(2944K)->2798K(2944K)
[1624.509s][info][gc             ] GC(2393) Pause Young (Allocation Failure) 1276M->735M(1979M) 236.219ms
[1624.509s][info][gc,cpu         ] GC(2393) User=0.20s Sys=0.00s Real=0.23s
[1624.656s][info][gc,start       ] GC(2394) Pause Young (Allocation Failure)
[1625.012s][info][gc,heap        ] GC(2394) DefNew: 598784K(629120K)->69888K(629120K) Eden: 559232K(559232K)->0K(559232K) From: 39552K(69888K)->69888K(69888K)
[1625.012s][info][gc,heap        ] GC(2394) Tenured: 713488K(1398144K)->751266K(1398144K)
[1625.012s][info][gc,metaspace   ] GC(2394) Metaspace: 23224K(23552K)->23224K(23552K) NonClass: 20425K(20608K)->20425K(20608K) Class: 2798K(2944K)->2798K(2944K)
[1625.012s][info][gc             ] GC(2394) Pause Young (Allocation Failure) 1281M->801M(1979M) 356.640ms
[1625.012s][info][gc,cpu         ] GC(2394) User=0.36s Sys=0.00s Real=0.36s
[1625.153s][info][gc,start       ] GC(2395) Pause Young (Allocation Failure)
[1625.617s][info][gc,heap        ] GC(2395) DefNew: 629120K(629120K)->69888K(629120K) Eden: 559232K(559232K)->0K(559232K) From: 69888K(69888K)->69888K(69888K)
[1625.617s][info][gc,heap        ] GC(2395) Tenured: 751266K(1398144K)->812898K(1398144K)
[1625.617s][info][gc,metaspace   ] GC(2395) Metaspace: 23224K(23552K)->23224K(23552K) NonClass: 20425K(20608K)->20425K(20608K) Class: 2798K(2944K)->2798K(2944K)
[1625.617s][info][gc             ] GC(2395) Pause Young (Allocation Failure) 1348M->862M(1979M) 463.294ms
[1625.617s][info][gc,cpu         ] GC(2395) User=0.45s Sys=0.00s Real=0.47s
[1626.246s][info][gc,start       ] GC(2396) Pause Young (Allocation Failure)
[1626.546s][info][gc,heap        ] GC(2396) DefNew: 629120K(629120K)->58131K(629120K) Eden: 559232K(559232K)->0K(559232K) From: 69888K(69888K)->58131K(69888K)
[1626.546s][info][gc,heap        ] GC(2396) Tenured: 812898K(1398144K)->846013K(1398144K)
[1626.546s][info][gc,metaspace   ] GC(2396) Metaspace: 23224K(23552K)->23224K(23552K) NonClass: 20425K(20608K)->20425K(20608K) Class: 2798K(2944K)->2798K(2944K)
[1626.546s][info][gc             ] GC(2396) Pause Young (Allocation Failure) 1408M->882M(1979M) 299.908ms
[1626.546s][info][gc,cpu         ] GC(2396) User=0.30s Sys=0.00s Real=0.30s
[1626.696s][info][gc,start       ] GC(2397) Pause Young (Allocation Failure)
[1627.135s][info][gc,heap        ] GC(2397) DefNew: 617363K(629120K)->69887K(629120K) Eden: 559232K(559232K)->0K(559232K) From: 58131K(69888K)->69887K(69888K)
[1627.135s][info][gc,heap        ] GC(2397) Tenured: 846013K(1398144K)->904684K(1398144K)
[1627.135s][info][gc,metaspace   ] GC(2397) Metaspace: 23224K(23552K)->23224K(23552K) NonClass: 20425K(20608K)->20425K(20608K) Class: 2798K(2944K)->2798K(2944K)
[1627.135s][info][gc             ] GC(2397) Pause Young (Allocation Failure) 1429M->951M(1979M) 439.344ms
[1627.135s][info][gc,cpu         ] GC(2397) User=0.44s Sys=0.00s Real=0.44s
[1627.511s][info][gc,start       ] GC(2398) Pause Young (Allocation Failure)
[1627.838s][info][gc,heap        ] GC(2398) DefNew: 629119K(629120K)->63515K(629120K) Eden: 559232K(559232K)->0K(559232K) From: 69887K(69888K)->63515K(69888K)
[1627.838s][info][gc,heap        ] GC(2398) Tenured: 904684K(1398144K)->941080K(1398144K)
[1627.838s][info][gc,metaspace   ] GC(2398) Metaspace: 23224K(23552K)->23224K(23552K) NonClass: 20425K(20608K)->20425K(20608K) Class: 2798K(2944K)->2798K(2944K)
[1627.838s][info][gc             ] GC(2398) Pause Young (Allocation Failure) 1497M->981M(1979M) 326.912ms
[1627.838s][info][gc,cpu         ] GC(2398) User=0.33s Sys=0.00s Real=0.33s
[1628.132s][info][gc,start       ] GC(2399) Pause Young (Allocation Failure)
[1628.448s][info][gc,heap        ] GC(2399) DefNew: 622747K(629120K)->65821K(629120K) Eden: 559232K(559232K)->0K(559232K) From: 63515K(69888K)->65821K(69888K)
[1628.448s][info][gc,heap        ] GC(2399) Tenured: 941080K(1398144K)->980125K(1398144K)
[1628.448s][info][gc,metaspace   ] GC(2399) Metaspace: 23224K(23552K)->23224K(23552K) NonClass: 20425K(20608K)->20425K(20608K) Class: 2798K(2944K)->2798K(2944K)
[1628.448s][info][gc             ] GC(2399) Pause Young (Allocation Failure) 1527M->1021M(1979M) 315.955ms
[1628.448s][info][gc,cpu         ] GC(2399) User=0.30s Sys=0.02s Real=0.31s
[1628.598s][info][gc,start       ] GC(2400) Pause Young (Allocation Failure)
[1629.068s][info][gc,heap        ] GC(2400) DefNew: 625053K(629120K)->69888K(629120K) Eden: 559232K(559232K)->0K(559232K) From: 65821K(69888K)->69888K(69888K)
[1629.068s][info][gc,heap        ] GC(2400) Tenured: 980125K(1398144K)->1043617K(1398144K)
[1629.068s][info][gc,metaspace   ] GC(2400) Metaspace: 23224K(23552K)->23224K(23552K) NonClass: 20425K(20608K)->20425K(20608K) Class: 2798K(2944K)->2798K(2944K)
[1629.068s][info][gc             ] GC(2400) Pause Young (Allocation Failure) 1567M->1087M(1979M) 470.337ms
[1629.068s][info][gc,cpu         ] GC(2400) User=0.45s Sys=0.00s Real=0.47s
[1629.683s][info][gc,start       ] GC(2401) Pause Young (Allocation Failure)
[1629.943s][info][gc,heap        ] GC(2401) DefNew: 629120K(629120K)->44560K(629120K) Eden: 559232K(559232K)->0K(559232K) From: 69888K(69888K)->44560K(69888K)
[1629.943s][info][gc,heap        ] GC(2401) Tenured: 1043617K(1398144K)->1079094K(1398144K)
[1629.943s][info][gc,metaspace   ] GC(2401) Metaspace: 23224K(23552K)->23224K(23552K) NonClass: 20425K(20608K)->20425K(20608K) Class: 2798K(2944K)->2798K(2944K)
[1629.943s][info][gc             ] GC(2401) Pause Young (Allocation Failure) 1633M->1097M(1979M) 259.501ms
[1629.943s][info][gc,cpu         ] GC(2401) User=0.23s Sys=0.00s Real=0.27s
[1630.079s][info][gc,start       ] GC(2402) Pause Young (Allocation Failure)
[1630.458s][info][gc,heap        ] GC(2402) DefNew: 603792K(629120K)->69855K(629120K) Eden: 559232K(559232K)->0K(559232K) From: 44560K(69888K)->69855K(69888K)
[1630.458s][info][gc,heap        ] GC(2402) Tenured: 1079094K(1398144K)->1119173K(1398144K)
[1630.458s][info][gc,metaspace   ] GC(2402) Metaspace: 23224K(23552K)->23224K(23552K) NonClass: 20425K(20608K)->20425K(20608K) Class: 2798K(2944K)->2798K(2944K)
[1630.458s][info][gc             ] GC(2402) Pause Young (Allocation Failure) 1643M->1161M(1979M) 378.846ms
[1630.458s][info][gc,cpu         ] GC(2402) User=0.41s Sys=0.00s Real=0.38s
[1630.614s][info][gc,start       ] GC(2403) Pause Young (Allocation Failure)
[1631.092s][info][gc,heap        ] GC(2403) DefNew: 629087K(629120K)->69888K(629120K) Eden: 559232K(559232K)->0K(559232K) From: 69855K(69888K)->69888K(69888K)
[1631.092s][info][gc,heap        ] GC(2403) Tenured: 1119173K(1398144K)->1188696K(1398144K)
[1631.092s][info][gc,metaspace   ] GC(2403) Metaspace: 23224K(23552K)->23224K(23552K) NonClass: 20425K(20608K)->20425K(20608K) Class: 2798K(2944K)->2798K(2944K)
[1631.092s][info][gc             ] GC(2403) Pause Young (Allocation Failure) 1707M->1229M(1979M) 477.765ms
[1631.092s][info][gc,cpu         ] GC(2403) User=0.45s Sys=0.00s Real=0.47s
[1631.613s][info][gc,start       ] GC(2404) Pause Young (Allocation Failure)
[1631.959s][info][gc,heap        ] GC(2404) DefNew: 629120K(629120K)->63825K(629120K) Eden: 559232K(559232K)->0K(559232K) From: 69888K(69888K)->63825K(69888K)
[1631.959s][info][gc,heap        ] GC(2404) Tenured: 1188696K(1398144K)->1220732K(1398144K)
[1631.959s][info][gc,metaspace   ] GC(2404) Metaspace: 23224K(23552K)->23224K(23552K) NonClass: 20425K(20608K)->20425K(20608K) Class: 2798K(2944K)->2798K(2944K)
[1631.959s][info][gc             ] GC(2404) Pause Young (Allocation Failure) 1775M->1254M(1979M) 346.443ms
[1631.959s][info][gc,cpu         ] GC(2404) User=0.33s Sys=0.00s Real=0.36s
[1632.103s][info][gc,start       ] GC(2405) Pause Young (Allocation Failure)
[1632.544s][info][gc,heap        ] GC(2405) DefNew: 623057K(629120K)->69888K(629120K) Eden: 559232K(559232K)->0K(559232K) From: 63825K(69888K)->69888K(69888K)
[1632.544s][info][gc,heap        ] GC(2405) Tenured: 1220732K(1398144K)->1279128K(1398144K)
[1632.544s][info][gc,metaspace   ] GC(2405) Metaspace: 23224K(23552K)->23224K(23552K) NonClass: 20425K(20608K)->20425K(20608K) Class: 2798K(2944K)->2798K(2944K)
[1632.545s][info][gc             ] GC(2405) Pause Young (Allocation Failure) 1800M->1317M(1979M) 441.349ms
[1632.545s][info][gc,cpu         ] GC(2405) User=0.44s Sys=0.00s Real=0.44s
[1632.968s][info][gc,start       ] GC(2406) Pause Young (Allocation Failure)
[1633.260s][info][gc,heap        ] GC(2406) DefNew: 629120K(629120K)->59632K(629120K) Eden: 559232K(559232K)->0K(559232K) From: 69888K(69888K)->59632K(69888K)
[1633.260s][info][gc,heap        ] GC(2406) Tenured: 1279128K(1398144K)->1315845K(1398144K)
[1633.260s][info][gc,metaspace   ] GC(2406) Metaspace: 23224K(23552K)->23224K(23552K) NonClass: 20425K(20608K)->20425K(20608K) Class: 2798K(2944K)->2798K(2944K)
[1633.260s][info][gc             ] GC(2406) Pause Young (Allocation Failure) 1863M->1343M(1979M) 292.230ms
[1633.260s][info][gc,cpu         ] GC(2406) User=0.27s Sys=0.00s Real=0.28s
[1633.433s][info][gc,start       ] GC(2407) Pause Full (System.gc())
[1633.433s][info][gc,phases,start] GC(2407) Phase 1: Mark live objects
[1633.621s][info][gc,phases      ] GC(2407) Phase 1: Mark live objects 187.887ms
[1633.621s][info][gc,phases,start] GC(2407) Phase 2: Compute new object addresses
[1633.842s][info][gc,phases      ] GC(2407) Phase 2: Compute new object addresses 221.175ms
[1633.842s][info][gc,phases,start] GC(2407) Phase 3: Adjust pointers
[1633.914s][info][gc,phases      ] GC(2407) Phase 3: Adjust pointers 71.471ms
[1633.914s][info][gc,phases,start] GC(2407) Phase 4: Move objects
[1633.942s][info][gc,phases      ] GC(2407) Phase 4: Move objects 28.576ms
[1633.943s][info][gc,heap        ] GC(2407) DefNew: 169914K(629120K)->0K(629120K) Eden: 110281K(559232K)->0K(559232K) From: 59632K(69888K)->0K(69888K)
[1633.943s][info][gc,heap        ] GC(2407) Tenured: 1315845K(1398144K)->135066K(1398144K)
[1633.943s][info][gc,metaspace   ] GC(2407) Metaspace: 23224K(23552K)->23224K(23552K) NonClass: 20425K(20608K)->20425K(20608K) Class: 2798K(2944K)->2798K(2944K)
[1633.943s][info][gc             ] GC(2407) Pause Full (System.gc()) 1450M->131M(1979M) 509.771ms
[1633.943s][info][gc,cpu         ] GC(2407) User=0.48s Sys=0.00s Real=0.50s
[1634.089s][info][gc,start       ] GC(2408) Pause Young (Allocation Failure)
[1634.380s][info][gc,heap        ] GC(2408) DefNew: 559232K(629120K)->69887K(629120K) Eden: 559232K(559232K)->0K(559232K) From: 0K(69888K)->69887K(69888K)
[1634.380s][info][gc,heap        ] GC(2408) Tenured: 135066K(1398144K)->137594K(1398144K)
[1634.380s][info][gc,metaspace   ] GC(2408) Metaspace: 23224K(23552K)->23224K(23552K) NonClass: 20425K(20608K)->20425K(20608K) Class: 2798K(2944K)->2798K(2944K)
[1634.380s][info][gc             ] GC(2408) Pause Young (Allocation Failure) 678M->202M(1979M) 291.607ms
[1634.381s][info][gc,cpu         ] GC(2408) User=0.30s Sys=0.00s Real=0.29s
[1634.536s][info][gc,start       ] GC(2409) Pause Young (Allocation Failure)
[1635.023s][info][gc,heap        ] GC(2409) DefNew: 629119K(629120K)->69888K(629120K) Eden: 559232K(559232K)->0K(559232K) From: 69887K(69888K)->69888K(69888K)
[1635.023s][info][gc,heap        ] GC(2409) Tenured: 137594K(1398144K)->206766K(1398144K)
[1635.023s][info][gc,metaspace   ] GC(2409) Metaspace: 23224K(23552K)->23224K(23552K) NonClass: 20425K(20608K)->20425K(20608K) Class: 2798K(2944K)->2798K(2944K)
[1635.023s][info][gc             ] GC(2409) Pause Young (Allocation Failure) 748M->270M(1979M) 487.382ms
[1635.023s][info][gc,cpu         ] GC(2409) User=0.45s Sys=0.00s Real=0.50s
[1635.560s][info][gc,start       ] GC(2410) Pause Young (Allocation Failure)
[1635.851s][info][gc,heap        ] GC(2410) DefNew: 629120K(629120K)->55516K(629120K) Eden: 559232K(559232K)->0K(559232K) From: 69888K(69888K)->55516K(69888K)
[1635.851s][info][gc,heap        ] GC(2410) Tenured: 206766K(1398144K)->241936K(1398144K)
[1635.851s][info][gc,metaspace   ] GC(2410) Metaspace: 23224K(23552K)->23224K(23552K) NonClass: 20425K(20608K)->20425K(20608K) Class: 2798K(2944K)->2798K(2944K)
[1635.851s][info][gc             ] GC(2410) Pause Young (Allocation Failure) 816M->290M(1979M) 290.816ms
[1635.851s][info][gc,cpu         ] GC(2410) User=0.30s Sys=0.00s Real=0.28s
[1635.999s][info][gc,start       ] GC(2411) Pause Young (Allocation Failure)
[1636.414s][info][gc,heap        ] GC(2411) DefNew: 614748K(629120K)->69887K(629120K) Eden: 559232K(559232K)->0K(559232K) From: 55516K(69888K)->69887K(69888K)
[1636.414s][info][gc,heap        ] GC(2411) Tenured: 241936K(1398144K)->295230K(1398144K)
[1636.414s][info][gc,metaspace   ] GC(2411) Metaspace: 23224K(23552K)->23224K(23552K) NonClass: 20425K(20608K)->20425K(20608K) Class: 2798K(2944K)->2798K(2944K)
[1636.414s][info][gc             ] GC(2411) Pause Young (Allocation Failure) 836M->356M(1979M) 414.441ms
[1636.414s][info][gc,cpu         ] GC(2411) User=0.39s Sys=0.00s Real=0.41s
[1636.703s][info][gc,start       ] GC(2412) Pause Young (Allocation Failure)
[1637.053s][info][gc,heap        ] GC(2412) DefNew: 629119K(629120K)->67983K(629120K) Eden: 559232K(559232K)->0K(559232K) From: 69887K(69888K)->67983K(69888K)
[1637.053s][info][gc,heap        ] GC(2412) Tenured: 295230K(1398144K)->336654K(1398144K)
[1637.053s][info][gc,metaspace   ] GC(2412) Metaspace: 23224K(23552K)->23224K(23552K) NonClass: 20425K(20608K)->20425K(20608K) Class: 2798K(2944K)->2798K(2944K)
[1637.053s][info][gc             ] GC(2412) Pause Young (Allocation Failure) 902M->395M(1979M) 350.314ms
[1637.053s][info][gc,cpu         ] GC(2412) User=0.34s Sys=0.00s Real=0.36s
[1637.420s][info][gc,start       ] GC(2413) Pause Young (Allocation Failure)
[1637.725s][info][gc,heap        ] GC(2413) DefNew: 627215K(629120K)->65067K(629120K) Eden: 559232K(559232K)->0K(559232K) From: 67983K(69888K)->65067K(69888K)
[1637.725s][info][gc,heap        ] GC(2413) Tenured: 336654K(1398144K)->372785K(1398144K)
[1637.725s][info][gc,metaspace   ] GC(2413) Metaspace: 23224K(23552K)->23224K(23552K) NonClass: 20425K(20608K)->20425K(20608K) Class: 2798K(2944K)->2798K(2944K)
[1637.725s][info][gc             ] GC(2413) Pause Young (Allocation Failure) 941M->427M(1979M) 305.375ms
[1637.725s][info][gc,cpu         ] GC(2413) User=0.30s Sys=0.00s Real=0.30s
[1637.880s][info][gc,start       ] GC(2414) Pause Young (Allocation Failure)
[1638.340s][info][gc,heap        ] GC(2414) DefNew: 624299K(629120K)->69888K(629120K) Eden: 559232K(559232K)->0K(559232K) From: 65067K(69888K)->69888K(69888K)
[1638.340s][info][gc,heap        ] GC(2414) Tenured: 372785K(1398144K)->436168K(1398144K)
[1638.340s][info][gc,metaspace   ] GC(2414) Metaspace: 23224K(23552K)->23224K(23552K) NonClass: 20425K(20608K)->20425K(20608K) Class: 2798K(2944K)->2798K(2944K)
[1638.340s][info][gc             ] GC(2414) Pause Young (Allocation Failure) 973M->494M(1979M) 460.061ms
[1638.340s][info][gc,cpu         ] GC(2414) User=0.48s Sys=0.00s Real=0.45s
[1638.899s][info][gc,start       ] GC(2415) Pause Young (Allocation Failure)
[1639.152s][info][gc,heap        ] GC(2415) DefNew: 629120K(629120K)->42569K(629120K) Eden: 559232K(559232K)->0K(559232K) From: 69888K(69888K)->42569K(69888K)
[1639.152s][info][gc,heap        ] GC(2415) Tenured: 436168K(1398144K)->473478K(1398144K)
[1639.152s][info][gc,metaspace   ] GC(2415) Metaspace: 23224K(23552K)->23224K(23552K) NonClass: 20425K(20608K)->20425K(20608K) Class: 2798K(2944K)->2798K(2944K)
[1639.152s][info][gc             ] GC(2415) Pause Young (Allocation Failure) 1040M->503M(1979M) 253.342ms
[1639.152s][info][gc,cpu         ] GC(2415) User=0.23s Sys=0.00s Real=0.26s
[1639.289s][info][gc,start       ] GC(2416) Pause Young (Allocation Failure)
[1639.670s][info][gc,heap        ] GC(2416) DefNew: 601801K(629120K)->69888K(629120K) Eden: 559232K(559232K)->0K(559232K) From: 42569K(69888K)->69888K(69888K)
[1639.670s][info][gc,heap        ] GC(2416) Tenured: 473478K(1398144K)->516360K(1398144K)
[1639.670s][info][gc,metaspace   ] GC(2416) Metaspace: 23224K(23552K)->23224K(23552K) NonClass: 20425K(20608K)->20425K(20608K) Class: 2798K(2944K)->2798K(2944K)
[1639.670s][info][gc             ] GC(2416) Pause Young (Allocation Failure) 1050M->572M(1979M) 380.780ms
[1639.670s][info][gc,cpu         ] GC(2416) User=0.36s Sys=0.00s Real=0.38s
[1639.819s][info][gc,start       ] GC(2417) Pause Young (Allocation Failure)
[1640.302s][info][gc,heap        ] GC(2417) DefNew: 629120K(629120K)->69888K(629120K) Eden: 559232K(559232K)->0K(559232K) From: 69888K(69888K)->69888K(69888K)
[1640.302s][info][gc,heap        ] GC(2417) Tenured: 516360K(1398144K)->582574K(1398144K)
[1640.302s][info][gc,metaspace   ] GC(2417) Metaspace: 23224K(23552K)->23224K(23552K) NonClass: 20425K(20608K)->20425K(20608K) Class: 2798K(2944K)->2798K(2944K)
[1640.302s][info][gc             ] GC(2417) Pause Young (Allocation Failure) 1118M->637M(1979M) 483.571ms
[1640.302s][info][gc,cpu         ] GC(2417) User=0.39s Sys=0.05s Real=0.49s
[1640.837s][info][gc,start       ] GC(2418) Pause Young (Allocation Failure)
[1641.122s][info][gc,heap        ] GC(2418) DefNew: 629120K(629120K)->56532K(629120K) Eden: 559232K(559232K)->0K(559232K) From: 69888K(69888K)->56532K(69888K)
[1641.122s][info][gc,heap        ] GC(2418) Tenured: 582574K(1398144K)->616514K(1398144K)
[1641.122s][info][gc,metaspace   ] GC(2418) Metaspace: 23224K(23552K)->23224K(23552K) NonClass: 20425K(20608K)->20425K(20608K) Class: 2798K(2944K)->2798K(2944K)
[1641.122s][info][gc             ] GC(2418) Pause Young (Allocation Failure) 1183M->657M(1979M) 284.911ms
[1641.122s][info][gc,cpu         ] GC(2418) User=0.28s Sys=0.00s Real=0.28s
[1641.267s][info][gc,start       ] GC(2419) Pause Young (Allocation Failure)
[1641.704s][info][gc,heap        ] GC(2419) DefNew: 615764K(629120K)->69888K(629120K) Eden: 559232K(559232K)->0K(559232K) From: 56532K(69888K)->69888K(69888K)
[1641.704s][info][gc,heap        ] GC(2419) Tenured: 616514K(1398144K)->671964K(1398144K)
[1641.704s][info][gc,metaspace   ] GC(2419) Metaspace: 23224K(23552K)->23224K(23552K) NonClass: 20425K(20608K)->20425K(20608K) Class: 2798K(2944K)->2798K(2944K)
[1641.704s][info][gc             ] GC(2419) Pause Young (Allocation Failure) 1203M->724M(1979M) 436.596ms
[1641.704s][info][gc,cpu         ] GC(2419) User=0.42s Sys=0.00s Real=0.43s
[1642.041s][info][gc,start       ] GC(2420) Pause Young (Allocation Failure)
[1642.373s][info][gc,heap        ] GC(2420) DefNew: 629120K(629120K)->66071K(629120K) Eden: 559232K(559232K)->0K(559232K) From: 69888K(69888K)->66071K(69888K)
[1642.373s][info][gc,heap        ] GC(2420) Tenured: 671964K(1398144K)->711665K(1398144K)
[1642.373s][info][gc,metaspace   ] GC(2420) Metaspace: 23224K(23552K)->23224K(23552K) NonClass: 20425K(20608K)->20425K(20608K) Class: 2798K(2944K)->2798K(2944K)
[1642.373s][info][gc             ] GC(2420) Pause Young (Allocation Failure) 1270M->759M(1979M) 331.869ms
[1642.373s][info][gc,cpu         ] GC(2420) User=0.31s Sys=0.00s Real=0.33s
[1642.871s][info][gc,start       ] GC(2421) Pause Young (Allocation Failure)
[1643.160s][info][gc,heap        ] GC(2421) DefNew: 625303K(629120K)->65665K(629120K) Eden: 559232K(559232K)->0K(559232K) From: 66071K(69888K)->65665K(69888K)
[1643.160s][info][gc,heap        ] GC(2421) Tenured: 711665K(1398144K)->744699K(1398144K)
[1643.160s][info][gc,metaspace   ] GC(2421) Metaspace: 23224K(23552K)->23224K(23552K) NonClass: 20425K(20608K)->20425K(20608K) Class: 2798K(2944K)->2798K(2944K)
[1643.160s][info][gc             ] GC(2421) Pause Young (Allocation Failure) 1305M->791M(1979M) 288.552ms
[1643.160s][info][gc,cpu         ] GC(2421) User=0.27s Sys=0.00s Real=0.30s
[1643.296s][info][gc,start       ] GC(2422) Pause Young (Allocation Failure)
[1643.713s][info][gc,heap        ] GC(2422) DefNew: 624897K(629120K)->69857K(629120K) Eden: 559232K(559232K)->0K(559232K) From: 65665K(69888K)->69857K(69888K)
[1643.713s][info][gc,heap        ] GC(2422) Tenured: 744699K(1398144K)->800113K(1398144K)
[1643.713s][info][gc,metaspace   ] GC(2422) Metaspace: 23224K(23552K)->23224K(23552K) NonClass: 20425K(20608K)->20425K(20608K) Class: 2798K(2944K)->2798K(2944K)
[1643.713s][info][gc             ] GC(2422) Pause Young (Allocation Failure) 1337M->849M(1979M) 416.886ms
[1643.713s][info][gc,cpu         ] GC(2422) User=0.41s Sys=0.00s Real=0.42s
[1644.245s][info][gc,start       ] GC(2423) Pause Young (Allocation Failure)
[1644.525s][info][gc,heap        ] GC(2423) DefNew: 629089K(629120K)->55597K(629120K) Eden: 559232K(559232K)->0K(559232K) From: 69857K(69888K)->55597K(69888K)
[1644.525s][info][gc,heap        ] GC(2423) Tenured: 800113K(1398144K)->832643K(1398144K)
[1644.525s][info][gc,metaspace   ] GC(2423) Metaspace: 23226K(23552K)->23226K(23552K) NonClass: 20428K(20608K)->20428K(20608K) Class: 2798K(2944K)->2798K(2944K)
[1644.525s][info][gc             ] GC(2423) Pause Young (Allocation Failure) 1395M->867M(1979M) 280.138ms
[1644.525s][info][gc,cpu         ] GC(2423) User=0.23s Sys=0.00s Real=0.27s
[1644.668s][info][gc,start       ] GC(2424) Pause Young (Allocation Failure)
[1645.072s][info][gc,heap        ] GC(2424) DefNew: 614829K(629120K)->69888K(629120K) Eden: 559232K(559232K)->0K(559232K) From: 55597K(69888K)->69888K(69888K)
[1645.072s][info][gc,heap        ] GC(2424) Tenured: 832643K(1398144K)->887150K(1398144K)
[1645.072s][info][gc,metaspace   ] GC(2424) Metaspace: 23226K(23552K)->23226K(23552K) NonClass: 20428K(20608K)->20428K(20608K) Class: 2798K(2944K)->2798K(2944K)
[1645.072s][info][gc             ] GC(2424) Pause Young (Allocation Failure) 1413M->934M(1979M) 404.252ms
[1645.072s][info][gc,cpu         ] GC(2424) User=0.41s Sys=0.00s Real=0.39s
[1645.231s][info][gc,start       ] GC(2425) Pause Young (Allocation Failure)
[1645.720s][info][gc,heap        ] GC(2425) DefNew: 629120K(629120K)->69887K(629120K) Eden: 559232K(559232K)->0K(559232K) From: 69888K(69888K)->69887K(69888K)
[1645.720s][info][gc,heap        ] GC(2425) Tenured: 887150K(1398144K)->949029K(1398144K)
[1645.720s][info][gc,metaspace   ] GC(2425) Metaspace: 23226K(23552K)->23226K(23552K) NonClass: 20428K(20608K)->20428K(20608K) Class: 2798K(2944K)->2798K(2944K)
[1645.720s][info][gc             ] GC(2425) Pause Young (Allocation Failure) 1480M->995M(1979M) 489.068ms
[1645.720s][info][gc,cpu         ] GC(2425) User=0.50s Sys=0.00s Real=0.49s
[1646.241s][info][gc,start       ] GC(2426) Pause Young (Allocation Failure)
[1646.543s][info][gc,heap        ] GC(2426) DefNew: 629119K(629120K)->57441K(629120K) Eden: 559232K(559232K)->0K(559232K) From: 69887K(69888K)->57441K(69888K)
[1646.543s][info][gc,heap        ] GC(2426) Tenured: 949029K(1398144K)->982332K(1398144K)
[1646.543s][info][gc,metaspace   ] GC(2426) Metaspace: 23227K(23552K)->23227K(23552K) NonClass: 20428K(20608K)->20428K(20608K) Class: 2798K(2944K)->2798K(2944K)
[1646.543s][info][gc             ] GC(2426) Pause Young (Allocation Failure) 1541M->1015M(1979M) 301.370ms
[1646.543s][info][gc,cpu         ] GC(2426) User=0.28s Sys=0.00s Real=0.31s
[1646.677s][info][gc,start       ] GC(2427) Pause Young (Allocation Failure)
[1647.095s][info][gc,heap        ] GC(2427) DefNew: 616673K(629120K)->69888K(629120K) Eden: 559232K(559232K)->0K(559232K) From: 57441K(69888K)->69888K(69888K)
[1647.095s][info][gc,heap        ] GC(2427) Tenured: 982332K(1398144K)->1034021K(1398144K)
[1647.095s][info][gc,metaspace   ] GC(2427) Metaspace: 23227K(23552K)->23227K(23552K) NonClass: 20428K(20608K)->20428K(20608K) Class: 2798K(2944K)->2798K(2944K)
[1647.095s][info][gc             ] GC(2427) Pause Young (Allocation Failure) 1561M->1078M(1979M) 418.691ms
[1647.095s][info][gc,cpu         ] GC(2427) User=0.39s Sys=0.00s Real=0.41s
[1647.542s][info][gc,start       ] GC(2428) Pause Young (Allocation Failure)
[1647.860s][info][gc,heap        ] GC(2428) DefNew: 629120K(629120K)->62042K(629120K) Eden: 559232K(559232K)->0K(559232K) From: 69888K(69888K)->62042K(69888K)
[1647.860s][info][gc,heap        ] GC(2428) Tenured: 1034021K(1398144K)->1067460K(1398144K)
[1647.860s][info][gc,metaspace   ] GC(2428) Metaspace: 23227K(23552K)->23227K(23552K) NonClass: 20428K(20608K)->20428K(20608K) Class: 2798K(2944K)->2798K(2944K)
[1647.860s][info][gc             ] GC(2428) Pause Young (Allocation Failure) 1624M->1103M(1979M) 318.549ms
[1647.860s][info][gc,cpu         ] GC(2428) User=0.28s Sys=0.00s Real=0.33s
[1648.167s][info][gc,start       ] GC(2429) Pause Young (Allocation Failure)
[1648.499s][info][gc,heap        ] GC(2429) DefNew: 621274K(629120K)->69887K(629120K) Eden: 559232K(559232K)->0K(559232K) From: 62042K(69888K)->69887K(69888K)
[1648.499s][info][gc,heap        ] GC(2429) Tenured: 1067460K(1398144K)->1104500K(1398144K)
[1648.499s][info][gc,metaspace   ] GC(2429) Metaspace: 23227K(23552K)->23227K(23552K) NonClass: 20428K(20608K)->20428K(20608K) Class: 2798K(2944K)->2798K(2944K)
[1648.499s][info][gc             ] GC(2429) Pause Young (Allocation Failure) 1649M->1146M(1979M) 331.614ms
[1648.499s][info][gc,cpu         ] GC(2429) User=0.33s Sys=0.00s Real=0.33s
[1648.641s][info][gc,start       ] GC(2430) Pause Young (Allocation Failure)
[1649.092s][info][gc,heap        ] GC(2430) DefNew: 629119K(629120K)->69888K(629120K) Eden: 559232K(559232K)->0K(559232K) From: 69887K(69888K)->69888K(69888K)
[1649.092s][info][gc,heap        ] GC(2430) Tenured: 1104500K(1398144K)->1166628K(1398144K)
[1649.092s][info][gc,metaspace   ] GC(2430) Metaspace: 23227K(23552K)->23227K(23552K) NonClass: 20428K(20608K)->20428K(20608K) Class: 2798K(2944K)->2798K(2944K)
[1649.092s][info][gc             ] GC(2430) Pause Young (Allocation Failure) 1692M->1207M(1979M) 451.334ms
[1649.092s][info][gc,cpu         ] GC(2430) User=0.38s Sys=0.02s Real=0.44s
[1649.661s][info][gc,start       ] GC(2431) Pause Young (Allocation Failure)
[1649.932s][info][gc,heap        ] GC(2431) DefNew: 629120K(629120K)->48040K(629120K) Eden: 559232K(559232K)->0K(559232K) From: 69888K(69888K)->48040K(69888K)
[1649.932s][info][gc,heap        ] GC(2431) Tenured: 1166628K(1398144K)->1200167K(1398144K)
[1649.932s][info][gc,metaspace   ] GC(2431) Metaspace: 23227K(23552K)->23227K(23552K) NonClass: 20428K(20608K)->20428K(20608K) Class: 2798K(2944K)->2798K(2944K)
[1649.932s][info][gc             ] GC(2431) Pause Young (Allocation Failure) 1753M->1218M(1979M) 270.805ms
[1649.932s][info][gc,cpu         ] GC(2431) User=0.28s Sys=0.00s Real=0.28s
[1650.074s][info][gc,start       ] GC(2432) Pause Young (Allocation Failure)
[1650.495s][info][gc,heap        ] GC(2432) DefNew: 607272K(629120K)->69888K(629120K) Eden: 559232K(559232K)->0K(559232K) From: 48040K(69888K)->69888K(69888K)
[1650.495s][info][gc,heap        ] GC(2432) Tenured: 1200167K(1398144K)->1247766K(1398144K)
[1650.495s][info][gc,metaspace   ] GC(2432) Metaspace: 23227K(23552K)->23227K(23552K) NonClass: 20428K(20608K)->20428K(20608K) Class: 2798K(2944K)->2798K(2944K)
[1650.495s][info][gc             ] GC(2432) Pause Young (Allocation Failure) 1765M->1286M(1979M) 421.026ms
[1650.495s][info][gc,cpu         ] GC(2432) User=0.41s Sys=0.00s Real=0.42s
[1650.684s][info][gc,start       ] GC(2433) Pause Young (Allocation Failure)
[1651.169s][info][gc,heap        ] GC(2433) DefNew: 629120K(629120K)->69888K(629120K) Eden: 559232K(559232K)->0K(559232K) From: 69888K(69888K)->69888K(69888K)
[1651.169s][info][gc,heap        ] GC(2433) Tenured: 1247766K(1398144K)->1306608K(1398144K)
[1651.169s][info][gc,metaspace   ] GC(2433) Metaspace: 23227K(23552K)->23227K(23552K) NonClass: 20428K(20608K)->20428K(20608K) Class: 2798K(2944K)->2798K(2944K)
[1651.169s][info][gc             ] GC(2433) Pause Young (Allocation Failure) 1832M->1344M(1979M) 484.428ms
[1651.169s][info][gc,cpu         ] GC(2433) User=0.47s Sys=0.00s Real=0.47s
[1651.597s][info][gc,start       ] GC(2434) Pause Full (System.gc())
[1651.597s][info][gc,phases,start] GC(2434) Phase 1: Mark live objects
[1651.784s][info][gc,phases      ] GC(2434) Phase 1: Mark live objects 186.443ms
[1651.784s][info][gc,phases,start] GC(2434) Phase 2: Compute new object addresses
[1652.027s][info][gc,phases      ] GC(2434) Phase 2: Compute new object addresses 243.227ms
[1652.027s][info][gc,phases,start] GC(2434) Phase 3: Adjust pointers
[1652.118s][info][gc,phases      ] GC(2434) Phase 3: Adjust pointers 91.324ms
[1652.118s][info][gc,phases,start] GC(2434) Phase 4: Move objects
[1652.157s][info][gc,phases      ] GC(2434) Phase 4: Move objects 38.310ms
[1652.157s][info][gc,heap        ] GC(2434) DefNew: 336824K(629120K)->0K(629120K) Eden: 266936K(559232K)->0K(559232K) From: 69888K(69888K)->0K(69888K)
[1652.157s][info][gc,heap        ] GC(2434) Tenured: 1306608K(1398144K)->105107K(1398144K)
[1652.157s][info][gc,metaspace   ] GC(2434) Metaspace: 23227K(23552K)->23227K(23552K) NonClass: 20428K(20608K)->20428K(20608K) Class: 2798K(2944K)->2798K(2944K)
[1652.157s][info][gc             ] GC(2434) Pause Full (System.gc()) 1604M->102M(1979M) 559.996ms
[1652.157s][info][gc,cpu         ] GC(2434) User=0.53s Sys=0.00s Real=0.57s
[1652.313s][info][gc,start       ] GC(2435) Pause Young (Allocation Failure)
[1652.632s][info][gc,heap        ] GC(2435) DefNew: 559232K(629120K)->69888K(629120K) Eden: 559232K(559232K)->0K(559232K) From: 0K(69888K)->69888K(69888K)
[1652.632s][info][gc,heap        ] GC(2435) Tenured: 105107K(1398144K)->112311K(1398144K)
[1652.632s][info][gc,metaspace   ] GC(2435) Metaspace: 23227K(23552K)->23227K(23552K) NonClass: 20428K(20608K)->20428K(20608K) Class: 2798K(2944K)->2798K(2944K)
[1652.632s][info][gc             ] GC(2435) Pause Young (Allocation Failure) 648M->177M(1979M) 318.739ms
[1652.632s][info][gc,cpu         ] GC(2435) User=0.31s Sys=0.00s Real=0.32s
[1652.787s][info][gc,start       ] GC(2436) Pause Young (Allocation Failure)
[1653.268s][info][gc,heap        ] GC(2436) DefNew: 629120K(629120K)->69888K(629120K) Eden: 559232K(559232K)->0K(559232K) From: 69888K(69888K)->69888K(69888K)
[1653.268s][info][gc,heap        ] GC(2436) Tenured: 112311K(1398144K)->178555K(1398144K)
[1653.268s][info][gc,metaspace   ] GC(2436) Metaspace: 23227K(23552K)->23227K(23552K) NonClass: 20428K(20608K)->20428K(20608K) Class: 2798K(2944K)->2798K(2944K)
[1653.269s][info][gc             ] GC(2436) Pause Young (Allocation Failure) 724M->242M(1979M) 481.268ms
[1653.269s][info][gc,cpu         ] GC(2436) User=0.42s Sys=0.00s Real=0.49s
[1653.766s][info][gc,start       ] GC(2437) Pause Young (Allocation Failure)
[1654.072s][info][gc,heap        ] GC(2437) DefNew: 629120K(629120K)->60165K(629120K) Eden: 559232K(559232K)->0K(559232K) From: 69888K(69888K)->60165K(69888K)
[1654.072s][info][gc,heap        ] GC(2437) Tenured: 178555K(1398144K)->213642K(1398144K)
[1654.072s][info][gc,metaspace   ] GC(2437) Metaspace: 23227K(23552K)->23227K(23552K) NonClass: 20428K(20608K)->20428K(20608K) Class: 2798K(2944K)->2798K(2944K)
[1654.072s][info][gc             ] GC(2437) Pause Young (Allocation Failure) 788M->267M(1979M) 305.236ms
[1654.072s][info][gc,cpu         ] GC(2437) User=0.28s Sys=0.00s Real=0.31s
[1654.219s][info][gc,start       ] GC(2438) Pause Young (Allocation Failure)
[1654.651s][info][gc,heap        ] GC(2438) DefNew: 619397K(629120K)->69888K(629120K) Eden: 559232K(559232K)->0K(559232K) From: 60165K(69888K)->69888K(69888K)
[1654.652s][info][gc,heap        ] GC(2438) Tenured: 213642K(1398144K)->270308K(1398144K)
[1654.652s][info][gc,metaspace   ] GC(2438) Metaspace: 23227K(23552K)->23227K(23552K) NonClass: 20428K(20608K)->20428K(20608K) Class: 2798K(2944K)->2798K(2944K)
[1654.652s][info][gc             ] GC(2438) Pause Young (Allocation Failure) 813M->332M(1979M) 432.330ms
[1654.652s][info][gc,cpu         ] GC(2438) User=0.42s Sys=0.00s Real=0.44s
[1654.986s][info][gc,start       ] GC(2439) Pause Young (Allocation Failure)
[1655.317s][info][gc,heap        ] GC(2439) DefNew: 629120K(629120K)->65276K(629120K) Eden: 559232K(559232K)->0K(559232K) From: 69888K(69888K)->65276K(69888K)
[1655.317s][info][gc,heap        ] GC(2439) Tenured: 270308K(1398144K)->309277K(1398144K)
[1655.318s][info][gc,metaspace   ] GC(2439) Metaspace: 23227K(23552K)->23227K(23552K) NonClass: 20428K(20608K)->20428K(20608K) Class: 2798K(2944K)->2798K(2944K)
[1655.318s][info][gc             ] GC(2439) Pause Young (Allocation Failure) 878M->365M(1979M) 331.258ms
[1655.318s][info][gc,cpu         ] GC(2439) User=0.25s Sys=0.00s Real=0.33s
[1655.638s][info][gc,start       ] GC(2440) Pause Young (Allocation Failure)
[1655.948s][info][gc,heap        ] GC(2440) DefNew: 624508K(629120K)->63923K(629120K) Eden: 559232K(559232K)->0K(559232K) From: 65276K(69888K)->63923K(69888K)
[1655.948s][info][gc,heap        ] GC(2440) Tenured: 309277K(1398144K)->344913K(1398144K)
[1655.948s][info][gc,metaspace   ] GC(2440) Metaspace: 23227K(23552K)->23227K(23552K) NonClass: 20428K(20608K)->20428K(20608K) Class: 2798K(2944K)->2798K(2944K)
[1655.948s][info][gc             ] GC(2440) Pause Young (Allocation Failure) 911M->399M(1979M) 310.469ms
[1655.948s][info][gc,cpu         ] GC(2440) User=0.30s Sys=0.00s Real=0.31s
[1656.096s][info][gc,start       ] GC(2441) Pause Young (Allocation Failure)
[1656.563s][info][gc,heap        ] GC(2441) DefNew: 623155K(629120K)->69888K(629120K) Eden: 559232K(559232K)->0K(559232K) From: 63923K(69888K)->69888K(69888K)
[1656.563s][info][gc,heap        ] GC(2441) Tenured: 344913K(1398144K)->406106K(1398144K)
[1656.563s][info][gc,metaspace   ] GC(2441) Metaspace: 23227K(23552K)->23227K(23552K) NonClass: 20428K(20608K)->20428K(20608K) Class: 2798K(2944K)->2798K(2944K)
[1656.563s][info][gc             ] GC(2441) Pause Young (Allocation Failure) 945M->464M(1979M) 466.874ms
[1656.563s][info][gc,cpu         ] GC(2441) User=0.45s Sys=0.00s Real=0.47s
[1657.128s][info][gc,start       ] GC(2442) Pause Young (Allocation Failure)
[1657.379s][info][gc,heap        ] GC(2442) DefNew: 629120K(629120K)->42202K(629120K) Eden: 559232K(559232K)->0K(559232K) From: 69888K(69888K)->42202K(69888K)
[1657.379s][info][gc,heap        ] GC(2442) Tenured: 406106K(1398144K)->441980K(1398144K)
[1657.379s][info][gc,metaspace   ] GC(2442) Metaspace: 23227K(23552K)->23227K(23552K) NonClass: 20428K(20608K)->20428K(20608K) Class: 2798K(2944K)->2798K(2944K)
[1657.379s][info][gc             ] GC(2442) Pause Young (Allocation Failure) 1010M->472M(1979M) 251.231ms
[1657.379s][info][gc,cpu         ] GC(2442) User=0.22s Sys=0.00s Real=0.25s
[1657.519s][info][gc,start       ] GC(2443) Pause Young (Allocation Failure)
[1657.904s][info][gc,heap        ] GC(2443) DefNew: 601434K(629120K)->69888K(629120K) Eden: 559232K(559232K)->0K(559232K) From: 42202K(69888K)->69888K(69888K)
[1657.904s][info][gc,heap        ] GC(2443) Tenured: 441980K(1398144K)->485247K(1398144K)
[1657.904s][info][gc,metaspace   ] GC(2443) Metaspace: 23227K(23552K)->23227K(23552K) NonClass: 20428K(20608K)->20428K(20608K) Class: 2798K(2944K)->2798K(2944K)
[1657.904s][info][gc             ] GC(2443) Pause Young (Allocation Failure) 1018M->542M(1979M) 385.474ms
[1657.904s][info][gc,cpu         ] GC(2443) User=0.38s Sys=0.00s Real=0.38s
[1658.055s][info][gc,start       ] GC(2444) Pause Young (Allocation Failure)
[1658.541s][info][gc,heap        ] GC(2444) DefNew: 629120K(629120K)->69888K(629120K) Eden: 559232K(559232K)->0K(559232K) From: 69888K(69888K)->69888K(69888K)
[1658.541s][info][gc,heap        ] GC(2444) Tenured: 485247K(1398144K)->553068K(1398144K)
[1658.541s][info][gc,metaspace   ] GC(2444) Metaspace: 23227K(23552K)->23227K(23552K) NonClass: 20428K(20608K)->20428K(20608K) Class: 2798K(2944K)->2798K(2944K)
[1658.541s][info][gc             ] GC(2444) Pause Young (Allocation Failure) 1088M->608M(1979M) 486.132ms
[1658.541s][info][gc,cpu         ] GC(2444) User=0.48s Sys=0.00s Real=0.49s
[1659.093s][info][gc,start       ] GC(2445) Pause Young (Allocation Failure)
[1659.395s][info][gc,heap        ] GC(2445) DefNew: 629120K(629120K)->59689K(629120K) Eden: 559232K(559232K)->0K(559232K) From: 69888K(69888K)->59689K(69888K)
[1659.395s][info][gc,heap        ] GC(2445) Tenured: 553068K(1398144K)->586313K(1398144K)
[1659.395s][info][gc,metaspace   ] GC(2445) Metaspace: 23227K(23552K)->23227K(23552K) NonClass: 20428K(20608K)->20428K(20608K) Class: 2798K(2944K)->2798K(2944K)
[1659.395s][info][gc             ] GC(2445) Pause Young (Allocation Failure) 1154M->630M(1979M) 302.512ms
[1659.395s][info][gc,cpu         ] GC(2445) User=0.30s Sys=0.00s Real=0.30s
[1659.539s][info][gc,start       ] GC(2446) Pause Young (Allocation Failure)
[1659.962s][info][gc,heap        ] GC(2446) DefNew: 618921K(629120K)->69887K(629120K) Eden: 559232K(559232K)->0K(559232K) From: 59689K(69888K)->69887K(69888K)
[1659.962s][info][gc,heap        ] GC(2446) Tenured: 586313K(1398144K)->640327K(1398144K)
[1659.962s][info][gc,metaspace   ] GC(2446) Metaspace: 23227K(23552K)->23227K(23552K) NonClass: 20428K(20608K)->20428K(20608K) Class: 2798K(2944K)->2798K(2944K)
[1659.962s][info][gc             ] GC(2446) Pause Young (Allocation Failure) 1176M->693M(1979M) 422.837ms
[1659.962s][info][gc,cpu         ] GC(2446) User=0.36s Sys=0.00s Real=0.41s
[1660.306s][info][gc,start       ] GC(2447) Pause Young (Allocation Failure)
[1660.645s][info][gc,heap        ] GC(2447) DefNew: 629119K(629120K)->65366K(629120K) Eden: 559232K(559232K)->0K(559232K) From: 69887K(69888K)->65366K(69888K)
[1660.645s][info][gc,heap        ] GC(2447) Tenured: 640327K(1398144K)->676660K(1398144K)
[1660.645s][info][gc,metaspace   ] GC(2447) Metaspace: 23227K(23552K)->23227K(23552K) NonClass: 20428K(20608K)->20428K(20608K) Class: 2798K(2944K)->2798K(2944K)
[1660.645s][info][gc             ] GC(2447) Pause Young (Allocation Failure) 1239M->724M(1979M) 338.276ms
[1660.645s][info][gc,cpu         ] GC(2447) User=0.33s Sys=0.00s Real=0.35s
[1661.079s][info][gc,start       ] GC(2448) Pause Young (Allocation Failure)
[1661.358s][info][gc,heap        ] GC(2448) DefNew: 624598K(629120K)->56465K(629120K) Eden: 559232K(559232K)->0K(559232K) From: 65366K(69888K)->56465K(69888K)
[1661.358s][info][gc,heap        ] GC(2448) Tenured: 676660K(1398144K)->710856K(1398144K)
[1661.358s][info][gc,metaspace   ] GC(2448) Metaspace: 23227K(23552K)->23227K(23552K) NonClass: 20428K(20608K)->20428K(20608K) Class: 2798K(2944K)->2798K(2944K)
[1661.358s][info][gc             ] GC(2448) Pause Young (Allocation Failure) 1270M->749M(1979M) 278.897ms
[1661.358s][info][gc,cpu         ] GC(2448) User=0.20s Sys=0.02s Real=0.28s
[1661.551s][info][gc,start       ] GC(2449) Pause Young (Allocation Failure)
[1661.979s][info][gc,heap        ] GC(2449) DefNew: 615697K(629120K)->69887K(629120K) Eden: 559232K(559232K)->0K(559232K) From: 56465K(69888K)->69887K(69888K)
[1661.979s][info][gc,heap        ] GC(2449) Tenured: 710856K(1398144K)->761035K(1398144K)
[1661.979s][info][gc,metaspace   ] GC(2449) Metaspace: 23227K(23552K)->23227K(23552K) NonClass: 20428K(20608K)->20428K(20608K) Class: 2798K(2944K)->2798K(2944K)
[1661.979s][info][gc             ] GC(2449) Pause Young (Allocation Failure) 1295M->811M(1979M) 428.537ms
[1661.979s][info][gc,cpu         ] GC(2449) User=0.44s Sys=0.00s Real=0.43s
[1662.578s][info][gc,start       ] GC(2450) Pause Young (Allocation Failure)
[1662.831s][info][gc,heap        ] GC(2450) DefNew: 629119K(629120K)->46246K(629120K) Eden: 559232K(559232K)->0K(559232K) From: 69887K(69888K)->46246K(69888K)
[1662.832s][info][gc,heap        ] GC(2450) Tenured: 761035K(1398144K)->795962K(1398144K)
[1662.832s][info][gc,metaspace   ] GC(2450) Metaspace: 23227K(23552K)->23227K(23552K) NonClass: 20428K(20608K)->20428K(20608K) Class: 2798K(2944K)->2798K(2944K)
[1662.832s][info][gc             ] GC(2450) Pause Young (Allocation Failure) 1357M->822M(1979M) 253.174ms
[1662.832s][info][gc,cpu         ] GC(2450) User=0.25s Sys=0.00s Real=0.25s
[1662.980s][info][gc,start       ] GC(2451) Pause Young (Allocation Failure)
[1663.384s][info][gc,heap        ] GC(2451) DefNew: 605478K(629120K)->69887K(629120K) Eden: 559232K(559232K)->0K(559232K) From: 46246K(69888K)->69887K(69888K)
[1663.384s][info][gc,heap        ] GC(2451) Tenured: 795962K(1398144K)->846656K(1398144K)
[1663.384s][info][gc,metaspace   ] GC(2451) Metaspace: 23227K(23552K)->23227K(23552K) NonClass: 20428K(20608K)->20428K(20608K) Class: 2798K(2944K)->2798K(2944K)
[1663.384s][info][gc             ] GC(2451) Pause Young (Allocation Failure) 1368M->895M(1979M) 403.604ms
[1663.384s][info][gc,cpu         ] GC(2451) User=0.41s Sys=0.00s Real=0.40s
[1663.538s][info][gc,start       ] GC(2452) Pause Young (Allocation Failure)
[1664.021s][info][gc,heap        ] GC(2452) DefNew: 629119K(629120K)->69888K(629120K) Eden: 559232K(559232K)->0K(559232K) From: 69887K(69888K)->69888K(69888K)
[1664.021s][info][gc,heap        ] GC(2452) Tenured: 846656K(1398144K)->913398K(1398144K)
[1664.021s][info][gc,metaspace   ] GC(2452) Metaspace: 23227K(23552K)->23227K(23552K) NonClass: 20428K(20608K)->20428K(20608K) Class: 2798K(2944K)->2798K(2944K)
[1664.021s][info][gc             ] GC(2452) Pause Young (Allocation Failure) 1441M->960M(1979M) 483.380ms
[1664.021s][info][gc,cpu         ] GC(2452) User=0.45s Sys=0.00s Real=0.47s
[1664.556s][info][gc,start       ] GC(2453) Pause Young (Allocation Failure)
[1664.861s][info][gc,heap        ] GC(2453) DefNew: 629120K(629120K)->58211K(629120K) Eden: 559232K(559232K)->0K(559232K) From: 69888K(69888K)->58211K(69888K)
[1664.861s][info][gc,heap        ] GC(2453) Tenured: 913398K(1398144K)->947315K(1398144K)
[1664.861s][info][gc,metaspace   ] GC(2453) Metaspace: 23227K(23552K)->23227K(23552K) NonClass: 20428K(20608K)->20428K(20608K) Class: 2798K(2944K)->2798K(2944K)
[1664.861s][info][gc             ] GC(2453) Pause Young (Allocation Failure) 1506M->981M(1979M) 304.902ms
[1664.861s][info][gc,cpu         ] GC(2453) User=0.30s Sys=0.00s Real=0.30s
[1665.001s][info][gc,start       ] GC(2454) Pause Young (Allocation Failure)
[1665.433s][info][gc,heap        ] GC(2454) DefNew: 617443K(629120K)->69888K(629120K) Eden: 559232K(559232K)->0K(559232K) From: 58211K(69888K)->69888K(69888K)
[1665.433s][info][gc,heap        ] GC(2454) Tenured: 947315K(1398144K)->1000991K(1398144K)
[1665.433s][info][gc,metaspace   ] GC(2454) Metaspace: 23227K(23552K)->23227K(23552K) NonClass: 20428K(20608K)->20428K(20608K) Class: 2798K(2944K)->2798K(2944K)
[1665.433s][info][gc             ] GC(2454) Pause Young (Allocation Failure) 1528M->1045M(1979M) 432.219ms
[1665.433s][info][gc,cpu         ] GC(2454) User=0.42s Sys=0.00s Real=0.42s
[1665.829s][info][gc,start       ] GC(2455) Pause Young (Allocation Failure)
[1666.145s][info][gc,heap        ] GC(2455) DefNew: 629120K(629120K)->66132K(629120K) Eden: 559232K(559232K)->0K(559232K) From: 69888K(69888K)->66132K(69888K)
[1666.145s][info][gc,heap        ] GC(2455) Tenured: 1000991K(1398144K)->1037579K(1398144K)
[1666.145s][info][gc,metaspace   ] GC(2455) Metaspace: 23227K(23552K)->23227K(23552K) NonClass: 20428K(20608K)->20428K(20608K) Class: 2798K(2944K)->2798K(2944K)
[1666.145s][info][gc             ] GC(2455) Pause Young (Allocation Failure) 1591M->1077M(1979M) 315.696ms
[1666.145s][info][gc,cpu         ] GC(2455) User=0.31s Sys=0.00s Real=0.33s
[1666.486s][info][gc,start       ] GC(2456) Pause Young (Allocation Failure)
[1666.792s][info][gc,heap        ] GC(2456) DefNew: 625364K(629120K)->69070K(629120K) Eden: 559232K(559232K)->0K(559232K) From: 66132K(69888K)->69070K(69888K)
[1666.792s][info][gc,heap        ] GC(2456) Tenured: 1037579K(1398144K)->1074683K(1398144K)
[1666.792s][info][gc,metaspace   ] GC(2456) Metaspace: 23227K(23552K)->23227K(23552K) NonClass: 20428K(20608K)->20428K(20608K) Class: 2798K(2944K)->2798K(2944K)
[1666.792s][info][gc             ] GC(2456) Pause Young (Allocation Failure) 1623M->1116M(1979M) 306.321ms
[1666.792s][info][gc,cpu         ] GC(2456) User=0.30s Sys=0.00s Real=0.31s
[1666.949s][info][gc,start       ] GC(2457) Pause Young (Allocation Failure)
[1667.416s][info][gc,heap        ] GC(2457) DefNew: 628302K(629120K)->69887K(629120K) Eden: 559232K(559232K)->0K(559232K) From: 69070K(69888K)->69887K(69888K)
[1667.416s][info][gc,heap        ] GC(2457) Tenured: 1074683K(1398144K)->1141645K(1398144K)
[1667.416s][info][gc,metaspace   ] GC(2457) Metaspace: 23227K(23552K)->23227K(23552K) NonClass: 20428K(20608K)->20428K(20608K) Class: 2798K(2944K)->2798K(2944K)
[1667.416s][info][gc             ] GC(2457) Pause Young (Allocation Failure) 1663M->1183M(1979M) 466.305ms
[1667.416s][info][gc,cpu         ] GC(2457) User=0.42s Sys=0.00s Real=0.45s
[1667.919s][info][gc,start       ] GC(2458) Pause Young (Allocation Failure)
[1668.189s][info][gc,heap        ] GC(2458) DefNew: 629119K(629120K)->45571K(629120K) Eden: 559232K(559232K)->0K(559232K) From: 69887K(69888K)->45571K(69888K)
[1668.189s][info][gc,heap        ] GC(2458) Tenured: 1141645K(1398144K)->1179681K(1398144K)
[1668.189s][info][gc,metaspace   ] GC(2458) Metaspace: 23227K(23552K)->23227K(23552K) NonClass: 20428K(20608K)->20428K(20608K) Class: 2798K(2944K)->2798K(2944K)
[1668.189s][info][gc             ] GC(2458) Pause Young (Allocation Failure) 1729M->1196M(1979M) 269.851ms
[1668.189s][info][gc,cpu         ] GC(2458) User=0.28s Sys=0.00s Real=0.28s
[1668.333s][info][gc,start       ] GC(2459) Pause Young (Allocation Failure)
[1668.721s][info][gc,heap        ] GC(2459) DefNew: 604803K(629120K)->69887K(629120K) Eden: 559232K(559232K)->0K(559232K) From: 45571K(69888K)->69887K(69888K)
[1668.721s][info][gc,heap        ] GC(2459) Tenured: 1179681K(1398144K)->1224525K(1398144K)
[1668.721s][info][gc,metaspace   ] GC(2459) Metaspace: 23227K(23552K)->23227K(23552K) NonClass: 20428K(20608K)->20428K(20608K) Class: 2798K(2944K)->2798K(2944K)
[1668.721s][info][gc             ] GC(2459) Pause Young (Allocation Failure) 1742M->1264M(1979M) 388.209ms
[1668.721s][info][gc,cpu         ] GC(2459) User=0.34s Sys=0.00s Real=0.38s
[1668.875s][info][gc,start       ] GC(2460) Pause Young (Allocation Failure)
[1669.351s][info][gc,heap        ] GC(2460) DefNew: 629119K(629120K)->69887K(629120K) Eden: 559232K(559232K)->0K(559232K) From: 69887K(69888K)->69887K(69888K)
[1669.351s][info][gc,heap        ] GC(2460) Tenured: 1224525K(1398144K)->1289521K(1398144K)
[1669.351s][info][gc,metaspace   ] GC(2460) Metaspace: 23227K(23552K)->23227K(23552K) NonClass: 20428K(20608K)->20428K(20608K) Class: 2798K(2944K)->2798K(2944K)
[1669.351s][info][gc             ] GC(2460) Pause Young (Allocation Failure) 1810M->1327M(1979M) 476.192ms
[1669.351s][info][gc,cpu         ] GC(2460) User=0.44s Sys=0.00s Real=0.49s
[1669.782s][info][gc,start       ] GC(2461) Pause Full (System.gc())
[1669.783s][info][gc,phases,start] GC(2461) Phase 1: Mark live objects
[1669.990s][info][gc,phases      ] GC(2461) Phase 1: Mark live objects 207.340ms
[1669.990s][info][gc,phases,start] GC(2461) Phase 2: Compute new object addresses
[1670.239s][info][gc,phases      ] GC(2461) Phase 2: Compute new object addresses 249.006ms
[1670.239s][info][gc,phases,start] GC(2461) Phase 3: Adjust pointers
[1670.334s][info][gc,phases      ] GC(2461) Phase 3: Adjust pointers 95.507ms
[1670.335s][info][gc,phases,start] GC(2461) Phase 4: Move objects
[1670.374s][info][gc,phases      ] GC(2461) Phase 4: Move objects 39.025ms
[1670.374s][info][gc,heap        ] GC(2461) DefNew: 361103K(629120K)->0K(629120K) Eden: 291215K(559232K)->0K(559232K) From: 69887K(69888K)->0K(69888K)
[1670.374s][info][gc,heap        ] GC(2461) Tenured: 1289521K(1398144K)->169140K(1398144K)
[1670.374s][info][gc,metaspace   ] GC(2461) Metaspace: 23227K(23552K)->23227K(23552K) NonClass: 20428K(20608K)->20428K(20608K) Class: 2798K(2944K)->2798K(2944K)
[1670.374s][info][gc             ] GC(2461) Pause Full (System.gc()) 1611M->165M(1979M) 591.536ms
[1670.374s][info][gc,cpu         ] GC(2461) User=0.58s Sys=0.00s Real=0.58s
[1670.524s][info][gc,start       ] GC(2462) Pause Young (Allocation Failure)
[1670.823s][info][gc,heap        ] GC(2462) DefNew: 559232K(629120K)->69887K(629120K) Eden: 559232K(559232K)->0K(559232K) From: 0K(69888K)->69887K(69888K)
[1670.823s][info][gc,heap        ] GC(2462) Tenured: 169140K(1398144K)->171476K(1398144K)
[1670.823s][info][gc,metaspace   ] GC(2462) Metaspace: 23227K(23552K)->23227K(23552K) NonClass: 20428K(20608K)->20428K(20608K) Class: 2798K(2944K)->2798K(2944K)
[1670.823s][info][gc             ] GC(2462) Pause Young (Allocation Failure) 711M->235M(1979M) 299.909ms
[1670.823s][info][gc,cpu         ] GC(2462) User=0.28s Sys=0.00s Real=0.30s
[1670.975s][info][gc,start       ] GC(2463) Pause Young (Allocation Failure)
[1671.467s][info][gc,heap        ] GC(2463) DefNew: 629119K(629120K)->69888K(629120K) Eden: 559232K(559232K)->0K(559232K) From: 69887K(69888K)->69888K(69888K)
[1671.467s][info][gc,heap        ] GC(2463) Tenured: 171476K(1398144K)->238215K(1398144K)
[1671.467s][info][gc,metaspace   ] GC(2463) Metaspace: 23227K(23552K)->23227K(23552K) NonClass: 20428K(20608K)->20428K(20608K) Class: 2798K(2944K)->2798K(2944K)
[1671.467s][info][gc             ] GC(2463) Pause Young (Allocation Failure) 781M->300M(1979M) 492.000ms
[1671.467s][info][gc,cpu         ] GC(2463) User=0.47s Sys=0.00s Real=0.50s
[1672.075s][info][gc,start       ] GC(2464) Pause Young (Allocation Failure)
[1672.371s][info][gc,heap        ] GC(2464) DefNew: 629120K(629120K)->56796K(629120K) Eden: 559232K(559232K)->0K(559232K) From: 69888K(69888K)->56796K(69888K)
[1672.371s][info][gc,heap        ] GC(2464) Tenured: 238215K(1398144K)->273419K(1398144K)
[1672.371s][info][gc,metaspace   ] GC(2464) Metaspace: 23227K(23552K)->23227K(23552K) NonClass: 20428K(20608K)->20428K(20608K) Class: 2798K(2944K)->2798K(2944K)
[1672.371s][info][gc             ] GC(2464) Pause Young (Allocation Failure) 847M->322M(1979M) 296.770ms
[1672.371s][info][gc,cpu         ] GC(2464) User=0.31s Sys=0.00s Real=0.30s
[1672.508s][info][gc,start       ] GC(2465) Pause Young (Allocation Failure)
[1672.926s][info][gc,heap        ] GC(2465) DefNew: 616028K(629120K)->69888K(629120K) Eden: 559232K(559232K)->0K(559232K) From: 56796K(69888K)->69888K(69888K)
[1672.927s][info][gc,heap        ] GC(2465) Tenured: 273419K(1398144K)->324436K(1398144K)
[1672.927s][info][gc,metaspace   ] GC(2465) Metaspace: 23227K(23552K)->23227K(23552K) NonClass: 20428K(20608K)->20428K(20608K) Class: 2798K(2944K)->2798K(2944K)
[1672.927s][info][gc             ] GC(2465) Pause Young (Allocation Failure) 868M->385M(1979M) 419.006ms
[1672.927s][info][gc,cpu         ] GC(2465) User=0.41s Sys=0.00s Real=0.41s
[1673.226s][info][gc,start       ] GC(2466) Pause Young (Allocation Failure)
[1673.646s][info][gc,heap        ] GC(2466) DefNew: 629120K(629120K)->69888K(629120K) Eden: 559232K(559232K)->0K(559232K) From: 69888K(69888K)->69888K(69888K)
[1673.646s][info][gc,heap        ] GC(2466) Tenured: 324436K(1398144K)->369894K(1398144K)
[1673.646s][info][gc,metaspace   ] GC(2466) Metaspace: 23227K(23552K)->23227K(23552K) NonClass: 20428K(20608K)->20428K(20608K) Class: 2798K(2944K)->2798K(2944K)
[1673.646s][info][gc             ] GC(2466) Pause Young (Allocation Failure) 931M->429M(1979M) 419.683ms
[1673.646s][info][gc,cpu         ] GC(2466) User=0.39s Sys=0.00s Real=0.41s
[1674.128s][info][gc,start       ] GC(2467) Pause Young (Allocation Failure)
[1674.438s][info][gc,heap        ] GC(2467) DefNew: 629120K(629120K)->66449K(629120K) Eden: 559232K(559232K)->0K(559232K) From: 69888K(69888K)->66449K(69888K)
[1674.438s][info][gc,heap        ] GC(2467) Tenured: 369894K(1398144K)->403504K(1398144K)
[1674.438s][info][gc,metaspace   ] GC(2467) Metaspace: 23227K(23552K)->23227K(23552K) NonClass: 20428K(20608K)->20428K(20608K) Class: 2798K(2944K)->2798K(2944K)
[1674.438s][info][gc             ] GC(2467) Pause Young (Allocation Failure) 975M->458M(1979M) 309.905ms
[1674.438s][info][gc,cpu         ] GC(2467) User=0.28s Sys=0.00s Real=0.31s
[1674.574s][info][gc,start       ] GC(2468) Pause Young (Allocation Failure)
[1675.006s][info][gc,heap        ] GC(2468) DefNew: 625681K(629120K)->69888K(629120K) Eden: 559232K(559232K)->0K(559232K) From: 66449K(69888K)->69888K(69888K)
[1675.006s][info][gc,heap        ] GC(2468) Tenured: 403504K(1398144K)->462482K(1398144K)
[1675.006s][info][gc,metaspace   ] GC(2468) Metaspace: 23227K(23552K)->23227K(23552K) NonClass: 20428K(20608K)->20428K(20608K) Class: 2798K(2944K)->2798K(2944K)
[1675.006s][info][gc             ] GC(2468) Pause Young (Allocation Failure) 1005M->519M(1979M) 432.081ms
[1675.006s][info][gc,cpu         ] GC(2468) User=0.42s Sys=0.00s Real=0.42s
[1675.530s][info][gc,start       ] GC(2469) Pause Young (Allocation Failure)
[1675.771s][info][gc,heap        ] GC(2469) DefNew: 629120K(629120K)->43569K(629120K) Eden: 559232K(559232K)->0K(559232K) From: 69888K(69888K)->43569K(69888K)
[1675.771s][info][gc,heap        ] GC(2469) Tenured: 462482K(1398144K)->495478K(1398144K)
[1675.771s][info][gc,metaspace   ] GC(2469) Metaspace: 23227K(23552K)->23227K(23552K) NonClass: 20428K(20608K)->20428K(20608K) Class: 2798K(2944K)->2798K(2944K)
[1675.771s][info][gc             ] GC(2469) Pause Young (Allocation Failure) 1066M->526M(1979M) 240.853ms
[1675.771s][info][gc,cpu         ] GC(2469) User=0.23s Sys=0.00s Real=0.25s
[1675.965s][info][gc,start       ] GC(2470) Pause Young (Allocation Failure)
[1676.339s][info][gc,heap        ] GC(2470) DefNew: 602801K(629120K)->69887K(629120K) Eden: 559232K(559232K)->0K(559232K) From: 43569K(69888K)->69887K(69888K)
[1676.339s][info][gc,heap        ] GC(2470) Tenured: 495478K(1398144K)->540360K(1398144K)
[1676.339s][info][gc,metaspace   ] GC(2470) Metaspace: 23227K(23552K)->23227K(23552K) NonClass: 20428K(20608K)->20428K(20608K) Class: 2798K(2944K)->2798K(2944K)
[1676.339s][info][gc             ] GC(2470) Pause Young (Allocation Failure) 1072M->595M(1979M) 373.620ms
[1676.339s][info][gc,cpu         ] GC(2470) User=0.31s Sys=0.00s Real=0.38s
[1676.491s][info][gc,start       ] GC(2471) Pause Young (Allocation Failure)
[1676.969s][info][gc,heap        ] GC(2471) DefNew: 629119K(629120K)->69888K(629120K) Eden: 559232K(559232K)->0K(559232K) From: 69887K(69888K)->69888K(69888K)
[1676.969s][info][gc,heap        ] GC(2471) Tenured: 540360K(1398144K)->606672K(1398144K)
[1676.969s][info][gc,metaspace   ] GC(2471) Metaspace: 23227K(23552K)->23227K(23552K) NonClass: 20428K(20608K)->20428K(20608K) Class: 2798K(2944K)->2798K(2944K)
[1676.969s][info][gc             ] GC(2471) Pause Young (Allocation Failure) 1142M->660M(1979M) 478.010ms
[1676.969s][info][gc,cpu         ] GC(2471) User=0.47s Sys=0.00s Real=0.49s
[1677.467s][info][gc,start       ] GC(2472) Pause Young (Allocation Failure)
[1677.775s][info][gc,heap        ] GC(2472) DefNew: 629120K(629120K)->58911K(629120K) Eden: 559232K(559232K)->0K(559232K) From: 69888K(69888K)->58911K(69888K)
[1677.775s][info][gc,heap        ] GC(2472) Tenured: 606672K(1398144K)->642318K(1398144K)
[1677.775s][info][gc,metaspace   ] GC(2472) Metaspace: 23227K(23552K)->23227K(23552K) NonClass: 20428K(20608K)->20428K(20608K) Class: 2798K(2944K)->2798K(2944K)
[1677.775s][info][gc             ] GC(2472) Pause Young (Allocation Failure) 1206M->684M(1979M) 308.456ms
[1677.775s][info][gc,cpu         ] GC(2472) User=0.28s Sys=0.00s Real=0.32s
[1677.923s][info][gc,start       ] GC(2473) Pause Young (Allocation Failure)
[1678.363s][info][gc,heap        ] GC(2473) DefNew: 618143K(629120K)->69888K(629120K) Eden: 559232K(559232K)->0K(559232K) From: 58911K(69888K)->69888K(69888K)
[1678.363s][info][gc,heap        ] GC(2473) Tenured: 642318K(1398144K)->698906K(1398144K)
[1678.363s][info][gc,metaspace   ] GC(2473) Metaspace: 23227K(23552K)->23227K(23552K) NonClass: 20428K(20608K)->20428K(20608K) Class: 2798K(2944K)->2798K(2944K)
[1678.363s][info][gc             ] GC(2473) Pause Young (Allocation Failure) 1230M->750M(1979M) 440.247ms
[1678.363s][info][gc,cpu         ] GC(2473) User=0.44s Sys=0.00s Real=0.44s
[1678.736s][info][gc,start       ] GC(2474) Pause Young (Allocation Failure)
[1679.056s][info][gc,heap        ] GC(2474) DefNew: 629120K(629120K)->64839K(629120K) Eden: 559232K(559232K)->0K(559232K) From: 69888K(69888K)->64839K(69888K)
[1679.056s][info][gc,heap        ] GC(2474) Tenured: 698906K(1398144K)->737667K(1398144K)
[1679.056s][info][gc,metaspace   ] GC(2474) Metaspace: 23227K(23552K)->23227K(23552K) NonClass: 20428K(20608K)->20428K(20608K) Class: 2798K(2944K)->2798K(2944K)
[1679.056s][info][gc             ] GC(2474) Pause Young (Allocation Failure) 1296M->783M(1979M) 320.308ms
[1679.056s][info][gc,cpu         ] GC(2474) User=0.31s Sys=0.00s Real=0.33s
[1679.369s][info][gc,start       ] GC(2475) Pause Young (Allocation Failure)
[1679.662s][info][gc,heap        ] GC(2475) DefNew: 624071K(629120K)->62202K(629120K) Eden: 559232K(559232K)->0K(559232K) From: 64839K(69888K)->62202K(69888K)
[1679.662s][info][gc,heap        ] GC(2475) Tenured: 737667K(1398144K)->774196K(1398144K)
[1679.662s][info][gc,metaspace   ] GC(2475) Metaspace: 23227K(23552K)->23227K(23552K) NonClass: 20428K(20608K)->20428K(20608K) Class: 2798K(2944K)->2798K(2944K)
[1679.662s][info][gc             ] GC(2475) Pause Young (Allocation Failure) 1329M->816M(1979M) 293.089ms
[1679.662s][info][gc,cpu         ] GC(2475) User=0.25s Sys=0.00s Real=0.28s
[1679.812s][info][gc,start       ] GC(2476) Pause Young (Allocation Failure)
[1680.269s][info][gc,heap        ] GC(2476) DefNew: 621434K(629120K)->69887K(629120K) Eden: 559232K(559232K)->0K(559232K) From: 62202K(69888K)->69887K(69888K)
[1680.269s][info][gc,heap        ] GC(2476) Tenured: 774196K(1398144K)->834351K(1398144K)
[1680.269s][info][gc,metaspace   ] GC(2476) Metaspace: 23227K(23552K)->23227K(23552K) NonClass: 20428K(20608K)->20428K(20608K) Class: 2798K(2944K)->2798K(2944K)
[1680.269s][info][gc             ] GC(2476) Pause Young (Allocation Failure) 1362M->883M(1979M) 457.402ms
[1680.269s][info][gc,cpu         ] GC(2476) User=0.45s Sys=0.00s Real=0.46s
[1680.880s][info][gc,start       ] GC(2477) Pause Young (Allocation Failure)
[1681.130s][info][gc,heap        ] GC(2477) DefNew: 629119K(629120K)->42210K(629120K) Eden: 559232K(559232K)->0K(559232K) From: 69887K(69888K)->42210K(69888K)
[1681.130s][info][gc,heap        ] GC(2477) Tenured: 834351K(1398144K)->870347K(1398144K)
[1681.130s][info][gc,metaspace   ] GC(2477) Metaspace: 23227K(23552K)->23227K(23552K) NonClass: 20428K(20608K)->20428K(20608K) Class: 2798K(2944K)->2798K(2944K)
[1681.130s][info][gc             ] GC(2477) Pause Young (Allocation Failure) 1429M->891M(1979M) 249.387ms
[1681.130s][info][gc,cpu         ] GC(2477) User=0.23s Sys=0.00s Real=0.25s
[1681.268s][info][gc,start       ] GC(2478) Pause Young (Allocation Failure)
[1681.650s][info][gc,heap        ] GC(2478) DefNew: 601442K(629120K)->69887K(629120K) Eden: 559232K(559232K)->0K(559232K) From: 42210K(69888K)->69887K(69888K)
[1681.650s][info][gc,heap        ] GC(2478) Tenured: 870347K(1398144K)->911686K(1398144K)
[1681.650s][info][gc,metaspace   ] GC(2478) Metaspace: 23227K(23552K)->23227K(23552K) NonClass: 20428K(20608K)->20428K(20608K) Class: 2798K(2944K)->2798K(2944K)
[1681.650s][info][gc             ] GC(2478) Pause Young (Allocation Failure) 1437M->958M(1979M) 382.651ms
[1681.651s][info][gc,cpu         ] GC(2478) User=0.39s Sys=0.00s Real=0.38s
[1681.803s][info][gc,start       ] GC(2479) Pause Young (Allocation Failure)
[1682.298s][info][gc,heap        ] GC(2479) DefNew: 629119K(629120K)->69888K(629120K) Eden: 559232K(559232K)->0K(559232K) From: 69887K(69888K)->69888K(69888K)
[1682.298s][info][gc,heap        ] GC(2479) Tenured: 911686K(1398144K)->977251K(1398144K)
[1682.298s][info][gc,metaspace   ] GC(2479) Metaspace: 23227K(23552K)->23227K(23552K) NonClass: 20428K(20608K)->20428K(20608K) Class: 2798K(2944K)->2798K(2944K)
[1682.298s][info][gc             ] GC(2479) Pause Young (Allocation Failure) 1504M->1022M(1979M) 495.336ms
[1682.298s][info][gc,cpu         ] GC(2479) User=0.47s Sys=0.02s Real=0.49s
[1682.885s][info][gc,start       ] GC(2480) Pause Young (Allocation Failure)
[1683.184s][info][gc,heap        ] GC(2480) DefNew: 629120K(629120K)->61338K(629120K) Eden: 559232K(559232K)->0K(559232K) From: 69888K(69888K)->61338K(69888K)
[1683.184s][info][gc,heap        ] GC(2480) Tenured: 977251K(1398144K)->1009527K(1398144K)
[1683.184s][info][gc,metaspace   ] GC(2480) Metaspace: 23227K(23552K)->23227K(23552K) NonClass: 20428K(20608K)->20428K(20608K) Class: 2798K(2944K)->2798K(2944K)
[1683.184s][info][gc             ] GC(2480) Pause Young (Allocation Failure) 1568M->1045M(1979M) 299.112ms
[1683.184s][info][gc,cpu         ] GC(2480) User=0.28s Sys=0.00s Real=0.30s
[1683.333s][info][gc,start       ] GC(2481) Pause Young (Allocation Failure)
[1683.750s][info][gc,heap        ] GC(2481) DefNew: 620570K(629120K)->69887K(629120K) Eden: 559232K(559232K)->0K(559232K) From: 61338K(69888K)->69887K(69888K)
[1683.750s][info][gc,heap        ] GC(2481) Tenured: 1009527K(1398144K)->1067617K(1398144K)
[1683.750s][info][gc,metaspace   ] GC(2481) Metaspace: 23227K(23552K)->23227K(23552K) NonClass: 20428K(20608K)->20428K(20608K) Class: 2798K(2944K)->2798K(2944K)
[1683.751s][info][gc             ] GC(2481) Pause Young (Allocation Failure) 1591M->1110M(1979M) 417.774ms
[1683.751s][info][gc,cpu         ] GC(2481) User=0.39s Sys=0.00s Real=0.42s
[1684.162s][info][gc,start       ] GC(2482) Pause Young (Allocation Failure)
[1684.455s][info][gc,heap        ] GC(2482) DefNew: 629119K(629120K)->58119K(629120K) Eden: 559232K(559232K)->0K(559232K) From: 69887K(69888K)->58119K(69888K)
[1684.455s][info][gc,heap        ] GC(2482) Tenured: 1067617K(1398144K)->1103104K(1398144K)
[1684.455s][info][gc,metaspace   ] GC(2482) Metaspace: 23227K(23552K)->23227K(23552K) NonClass: 20428K(20608K)->20428K(20608K) Class: 2798K(2944K)->2798K(2944K)
[1684.455s][info][gc             ] GC(2482) Pause Young (Allocation Failure) 1656M->1134M(1979M) 293.029ms
[1684.455s][info][gc,cpu         ] GC(2482) User=0.28s Sys=0.00s Real=0.30s
[1684.713s][info][gc,start       ] GC(2483) Pause Young (Allocation Failure)
[1685.050s][info][gc,heap        ] GC(2483) DefNew: 617351K(629120K)->69887K(629120K) Eden: 559232K(559232K)->0K(559232K) From: 58119K(69888K)->69887K(69888K)
[1685.050s][info][gc,heap        ] GC(2483) Tenured: 1103104K(1398144K)->1142610K(1398144K)
[1685.050s][info][gc,metaspace   ] GC(2483) Metaspace: 23227K(23552K)->23227K(23552K) NonClass: 20428K(20608K)->20428K(20608K) Class: 2798K(2944K)->2798K(2944K)
[1685.050s][info][gc             ] GC(2483) Pause Young (Allocation Failure) 1680M->1184M(1979M) 337.710ms
[1685.050s][info][gc,cpu         ] GC(2483) User=0.34s Sys=0.00s Real=0.34s
[1685.205s][info][gc,start       ] GC(2484) Pause Young (Allocation Failure)
[1685.681s][info][gc,heap        ] GC(2484) DefNew: 629119K(629120K)->69888K(629120K) Eden: 559232K(559232K)->0K(559232K) From: 69887K(69888K)->69888K(69888K)
[1685.681s][info][gc,heap        ] GC(2484) Tenured: 1142610K(1398144K)->1208732K(1398144K)
[1685.681s][info][gc,metaspace   ] GC(2484) Metaspace: 23227K(23552K)->23227K(23552K) NonClass: 20428K(20608K)->20428K(20608K) Class: 2798K(2944K)->2798K(2944K)
[1685.681s][info][gc             ] GC(2484) Pause Young (Allocation Failure) 1730M->1248M(1979M) 476.612ms
[1685.681s][info][gc,cpu         ] GC(2484) User=0.45s Sys=0.00s Real=0.49s
[1686.221s][info][gc,start       ] GC(2485) Pause Young (Allocation Failure)
[1686.523s][info][gc,heap        ] GC(2485) DefNew: 629120K(629120K)->55539K(629120K) Eden: 559232K(559232K)->0K(559232K) From: 69888K(69888K)->55539K(69888K)
[1686.523s][info][gc,heap        ] GC(2485) Tenured: 1208732K(1398144K)->1246389K(1398144K)
[1686.523s][info][gc,metaspace   ] GC(2485) Metaspace: 23227K(23552K)->23227K(23552K) NonClass: 20428K(20608K)->20428K(20608K) Class: 2798K(2944K)->2798K(2944K)
[1686.523s][info][gc             ] GC(2485) Pause Young (Allocation Failure) 1794M->1271M(1979M) 301.809ms
[1686.523s][info][gc,cpu         ] GC(2485) User=0.30s Sys=0.00s Real=0.31s
[1686.669s][info][gc,start       ] GC(2486) Pause Young (Allocation Failure)
[1687.083s][info][gc,heap        ] GC(2486) DefNew: 614771K(629120K)->69888K(629120K) Eden: 559232K(559232K)->0K(559232K) From: 55539K(69888K)->69888K(69888K)
[1687.083s][info][gc,heap        ] GC(2486) Tenured: 1246389K(1398144K)->1300202K(1398144K)
[1687.083s][info][gc,metaspace   ] GC(2486) Metaspace: 23227K(23552K)->23227K(23552K) NonClass: 20428K(20608K)->20428K(20608K) Class: 2798K(2944K)->2798K(2944K)
[1687.083s][info][gc             ] GC(2486) Pause Young (Allocation Failure) 1817M->1337M(1979M) 413.943ms
[1687.083s][info][gc,cpu         ] GC(2486) User=0.39s Sys=0.00s Real=0.41s
[1687.335s][info][gc,start       ] GC(2487) Pause Young (Allocation Failure)
[1687.733s][info][gc,heap        ] GC(2487) DefNew: 629120K(629120K)->69888K(629120K) Eden: 559232K(559232K)->0K(559232K) From: 69888K(69888K)->69888K(69888K)
[1687.733s][info][gc,heap        ] GC(2487) Tenured: 1300202K(1398144K)->1344639K(1398144K)
[1687.733s][info][gc,metaspace   ] GC(2487) Metaspace: 23227K(23552K)->23227K(23552K) NonClass: 20428K(20608K)->20428K(20608K) Class: 2798K(2944K)->2798K(2944K)
[1687.733s][info][gc             ] GC(2487) Pause Young (Allocation Failure) 1884M->1381M(1979M) 397.685ms
[1687.733s][info][gc,cpu         ] GC(2487) User=0.38s Sys=0.00s Real=0.39s
[1688.041s][info][gc,start       ] GC(2488) Pause Full (System.gc())
[1688.041s][info][gc,phases,start] GC(2488) Phase 1: Mark live objects
[1688.229s][info][gc,phases      ] GC(2488) Phase 1: Mark live objects 187.599ms
[1688.229s][info][gc,phases,start] GC(2488) Phase 2: Compute new object addresses
[1688.464s][info][gc,phases      ] GC(2488) Phase 2: Compute new object addresses 234.755ms
[1688.464s][info][gc,phases,start] GC(2488) Phase 3: Adjust pointers
[1688.547s][info][gc,phases      ] GC(2488) Phase 3: Adjust pointers 83.004ms
[1688.547s][info][gc,phases,start] GC(2488) Phase 4: Move objects
[1688.581s][info][gc,phases      ] GC(2488) Phase 4: Move objects 33.789ms
[1688.581s][info][gc,heap        ] GC(2488) DefNew: 276717K(629120K)->0K(629120K) Eden: 206829K(559232K)->0K(559232K) From: 69888K(69888K)->0K(69888K)
[1688.581s][info][gc,heap        ] GC(2488) Tenured: 1344639K(1398144K)->104964K(1398144K)
[1688.581s][info][gc,metaspace   ] GC(2488) Metaspace: 23227K(23552K)->23227K(23552K) NonClass: 20428K(20608K)->20428K(20608K) Class: 2798K(2944K)->2798K(2944K)
[1688.581s][info][gc             ] GC(2488) Pause Full (System.gc()) 1583M->102M(1979M) 539.830ms
[1688.581s][info][gc,cpu         ] GC(2488) User=0.53s Sys=0.00s Real=0.55s
[1688.735s][info][gc,start       ] GC(2489) Pause Young (Allocation Failure)
[1689.057s][info][gc,heap        ] GC(2489) DefNew: 559232K(629120K)->69888K(629120K) Eden: 559232K(559232K)->0K(559232K) From: 0K(69888K)->69888K(69888K)
[1689.057s][info][gc,heap        ] GC(2489) Tenured: 104964K(1398144K)->112470K(1398144K)
[1689.057s][info][gc,metaspace   ] GC(2489) Metaspace: 23227K(23552K)->23227K(23552K) NonClass: 20428K(20608K)->20428K(20608K) Class: 2798K(2944K)->2798K(2944K)
[1689.057s][info][gc             ] GC(2489) Pause Young (Allocation Failure) 648M->178M(1979M) 321.937ms
[1689.057s][info][gc,cpu         ] GC(2489) User=0.31s Sys=0.00s Real=0.33s
[1689.210s][info][gc,start       ] GC(2490) Pause Young (Allocation Failure)
[1689.704s][info][gc,heap        ] GC(2490) DefNew: 629120K(629120K)->69887K(629120K) Eden: 559232K(559232K)->0K(559232K) From: 69888K(69888K)->69887K(69888K)
[1689.704s][info][gc,heap        ] GC(2490) Tenured: 112470K(1398144K)->182018K(1398144K)
[1689.704s][info][gc,metaspace   ] GC(2490) Metaspace: 23227K(23552K)->23227K(23552K) NonClass: 20428K(20608K)->20428K(20608K) Class: 2798K(2944K)->2798K(2944K)
[1689.704s][info][gc             ] GC(2490) Pause Young (Allocation Failure) 724M->246M(1979M) 494.964ms
[1689.705s][info][gc,cpu         ] GC(2490) User=0.48s Sys=0.00s Real=0.49s
[1690.241s][info][gc,start       ] GC(2491) Pause Young (Allocation Failure)
[1690.552s][info][gc,heap        ] GC(2491) DefNew: 629119K(629120K)->62439K(629120K) Eden: 559232K(559232K)->0K(559232K) From: 69887K(69888K)->62439K(69888K)
[1690.552s][info][gc,heap        ] GC(2491) Tenured: 182018K(1398144K)->216220K(1398144K)
[1690.552s][info][gc,metaspace   ] GC(2491) Metaspace: 23227K(23552K)->23227K(23552K) NonClass: 20428K(20608K)->20428K(20608K) Class: 2798K(2944K)->2798K(2944K)
[1690.552s][info][gc             ] GC(2491) Pause Young (Allocation Failure) 792M->272M(1979M) 311.128ms
[1690.552s][info][gc,cpu         ] GC(2491) User=0.31s Sys=0.00s Real=0.31s
[1690.693s][info][gc,start       ] GC(2492) Pause Young (Allocation Failure)
[1691.120s][info][gc,heap        ] GC(2492) DefNew: 621671K(629120K)->69887K(629120K) Eden: 559232K(559232K)->0K(559232K) From: 62439K(69888K)->69887K(69888K)
[1691.120s][info][gc,heap        ] GC(2492) Tenured: 216220K(1398144K)->273665K(1398144K)
[1691.120s][info][gc,metaspace   ] GC(2492) Metaspace: 23227K(23552K)->23227K(23552K) NonClass: 20428K(20608K)->20428K(20608K) Class: 2798K(2944K)->2798K(2944K)
[1691.120s][info][gc             ] GC(2492) Pause Young (Allocation Failure) 818M->335M(1979M) 426.351ms
[1691.120s][info][gc,cpu         ] GC(2492) User=0.39s Sys=0.00s Real=0.42s
[1691.496s][info][gc,start       ] GC(2493) Pause Young (Allocation Failure)
[1691.790s][info][gc,heap        ] GC(2493) DefNew: 629119K(629120K)->62806K(629120K) Eden: 559232K(559232K)->0K(559232K) From: 69887K(69888K)->62806K(69888K)
[1691.790s][info][gc,heap        ] GC(2493) Tenured: 273665K(1398144K)->307715K(1398144K)
[1691.790s][info][gc,metaspace   ] GC(2493) Metaspace: 23227K(23552K)->23227K(23552K) NonClass: 20428K(20608K)->20428K(20608K) Class: 2798K(2944K)->2798K(2944K)
[1691.790s][info][gc             ] GC(2493) Pause Young (Allocation Failure) 881M->361M(1979M) 294.568ms
[1691.790s][info][gc,cpu         ] GC(2493) User=0.28s Sys=0.00s Real=0.30s
[1692.080s][info][gc,start       ] GC(2494) Pause Young (Allocation Failure)
[1692.395s][info][gc,heap        ] GC(2494) DefNew: 622038K(629120K)->67367K(629120K) Eden: 559232K(559232K)->0K(559232K) From: 62806K(69888K)->67367K(69888K)
[1692.395s][info][gc,heap        ] GC(2494) Tenured: 307715K(1398144K)->345729K(1398144K)
[1692.395s][info][gc,metaspace   ] GC(2494) Metaspace: 23227K(23552K)->23227K(23552K) NonClass: 20428K(20608K)->20428K(20608K) Class: 2798K(2944K)->2798K(2944K)
[1692.395s][info][gc             ] GC(2494) Pause Young (Allocation Failure) 907M->403M(1979M) 314.948ms
[1692.395s][info][gc,cpu         ] GC(2494) User=0.31s Sys=0.00s Real=0.31s
[1692.548s][info][gc,start       ] GC(2495) Pause Young (Allocation Failure)
[1693.020s][info][gc,heap        ] GC(2495) DefNew: 626599K(629120K)->69887K(629120K) Eden: 559232K(559232K)->0K(559232K) From: 67367K(69888K)->69887K(69888K)
[1693.020s][info][gc,heap        ] GC(2495) Tenured: 345729K(1398144K)->409952K(1398144K)
[1693.020s][info][gc,metaspace   ] GC(2495) Metaspace: 23227K(23552K)->23227K(23552K) NonClass: 20428K(20608K)->20428K(20608K) Class: 2798K(2944K)->2798K(2944K)
[1693.020s][info][gc             ] GC(2495) Pause Young (Allocation Failure) 949M->468M(1979M) 471.978ms
[1693.020s][info][gc,cpu         ] GC(2495) User=0.47s Sys=0.00s Real=0.47s
[1693.557s][info][gc,start       ] GC(2496) Pause Young (Allocation Failure)
[1693.844s][info][gc,heap        ] GC(2496) DefNew: 629119K(629120K)->52980K(629120K) Eden: 559232K(559232K)->0K(559232K) From: 69887K(69888K)->52980K(69888K)
[1693.844s][info][gc,heap        ] GC(2496) Tenured: 409952K(1398144K)->446404K(1398144K)
[1693.844s][info][gc,metaspace   ] GC(2496) Metaspace: 23227K(23552K)->23227K(23552K) NonClass: 20428K(20608K)->20428K(20608K) Class: 2798K(2944K)->2798K(2944K)
[1693.844s][info][gc             ] GC(2496) Pause Young (Allocation Failure) 1014M->487M(1979M) 286.286ms
[1693.844s][info][gc,cpu         ] GC(2496) User=0.27s Sys=0.00s Real=0.28s
[1693.990s][info][gc,start       ] GC(2497) Pause Young (Allocation Failure)
[1694.402s][info][gc,heap        ] GC(2497) DefNew: 612212K(629120K)->69887K(629120K) Eden: 559232K(559232K)->0K(559232K) From: 52980K(69888K)->69887K(69888K)
[1694.402s][info][gc,heap        ] GC(2497) Tenured: 446404K(1398144K)->498081K(1398144K)
[1694.402s][info][gc,metaspace   ] GC(2497) Metaspace: 23227K(23552K)->23227K(23552K) NonClass: 20428K(20608K)->20428K(20608K) Class: 2798K(2944K)->2798K(2944K)
[1694.402s][info][gc             ] GC(2497) Pause Young (Allocation Failure) 1033M->554M(1979M) 411.228ms
[1694.402s][info][gc,cpu         ] GC(2497) User=0.41s Sys=0.00s Real=0.41s
[1694.627s][info][gc,start       ] GC(2498) Pause Young (Allocation Failure)
[1695.086s][info][gc,heap        ] GC(2498) DefNew: 629119K(629120K)->69887K(629120K) Eden: 559232K(559232K)->0K(559232K) From: 69887K(69888K)->69887K(69888K)
[1695.086s][info][gc,heap        ] GC(2498) Tenured: 498081K(1398144K)->548881K(1398144K)
[1695.086s][info][gc,metaspace   ] GC(2498) Metaspace: 23227K(23552K)->23227K(23552K) NonClass: 20428K(20608K)->20428K(20608K) Class: 2798K(2944K)->2798K(2944K)
[1695.086s][info][gc             ] GC(2498) Pause Young (Allocation Failure) 1100M->604M(1979M) 458.940ms
[1695.086s][info][gc,cpu         ] GC(2498) User=0.44s Sys=0.00s Real=0.47s
[1695.544s][info][gc,start       ] GC(2499) Pause Young (Allocation Failure)
[1695.839s][info][gc,heap        ] GC(2499) DefNew: 629119K(629120K)->59754K(629120K) Eden: 559232K(559232K)->0K(559232K) From: 69887K(69888K)->59754K(69888K)
[1695.839s][info][gc,heap        ] GC(2499) Tenured: 548881K(1398144K)->582620K(1398144K)
[1695.839s][info][gc,metaspace   ] GC(2499) Metaspace: 23227K(23552K)->23227K(23552K) NonClass: 20428K(20608K)->20428K(20608K) Class: 2798K(2944K)->2798K(2944K)
[1695.839s][info][gc             ] GC(2499) Pause Young (Allocation Failure) 1150M->627M(1979M) 295.742ms
[1695.839s][info][gc,cpu         ] GC(2499) User=0.28s Sys=0.00s Real=0.30s
[1695.992s][info][gc,start       ] GC(2500) Pause Young (Allocation Failure)
[1696.429s][info][gc,heap        ] GC(2500) DefNew: 618986K(629120K)->69888K(629120K) Eden: 559232K(559232K)->0K(559232K) From: 59754K(69888K)->69888K(69888K)
[1696.430s][info][gc,heap        ] GC(2500) Tenured: 582620K(1398144K)->639180K(1398144K)
[1696.430s][info][gc,metaspace   ] GC(2500) Metaspace: 23227K(23552K)->23227K(23552K) NonClass: 20428K(20608K)->20428K(20608K) Class: 2798K(2944K)->2798K(2944K)
[1696.430s][info][gc             ] GC(2500) Pause Young (Allocation Failure) 1173M->692M(1979M) 437.996ms
[1696.430s][info][gc,cpu         ] GC(2500) User=0.44s Sys=0.00s Real=0.45s
[1696.912s][info][gc,start       ] GC(2501) Pause Young (Allocation Failure)
[1697.176s][info][gc,heap        ] GC(2501) DefNew: 629120K(629120K)->48470K(629120K) Eden: 559232K(559232K)->0K(559232K) From: 69888K(69888K)->48470K(69888K)
[1697.176s][info][gc,heap        ] GC(2501) Tenured: 639180K(1398144K)->675843K(1398144K)
[1697.176s][info][gc,metaspace   ] GC(2501) Metaspace: 23227K(23552K)->23227K(23552K) NonClass: 20428K(20608K)->20428K(20608K) Class: 2798K(2944K)->2798K(2944K)
[1697.176s][info][gc             ] GC(2501) Pause Young (Allocation Failure) 1238M->707M(1979M) 263.493ms
[1697.176s][info][gc,cpu         ] GC(2501) User=0.25s Sys=0.00s Real=0.25s
[1697.396s][info][gc,start       ] GC(2502) Pause Young (Allocation Failure)
[1697.757s][info][gc,heap        ] GC(2502) DefNew: 607702K(629120K)->69887K(629120K) Eden: 559232K(559232K)->0K(559232K) From: 48470K(69888K)->69887K(69888K)
[1697.757s][info][gc,heap        ] GC(2502) Tenured: 675843K(1398144K)->719043K(1398144K)
[1697.757s][info][gc,metaspace   ] GC(2502) Metaspace: 23227K(23552K)->23227K(23552K) NonClass: 20428K(20608K)->20428K(20608K) Class: 2798K(2944K)->2798K(2944K)
[1697.757s][info][gc             ] GC(2502) Pause Young (Allocation Failure) 1253M->770M(1979M) 360.866ms
[1697.757s][info][gc,cpu         ] GC(2502) User=0.33s Sys=0.00s Real=0.35s
[1697.918s][info][gc,start       ] GC(2503) Pause Young (Allocation Failure)
[1698.410s][info][gc,heap        ] GC(2503) DefNew: 629119K(629120K)->69888K(629120K) Eden: 559232K(559232K)->0K(559232K) From: 69887K(69888K)->69888K(69888K)
[1698.410s][info][gc,heap        ] GC(2503) Tenured: 719043K(1398144K)->790197K(1398144K)
[1698.410s][info][gc,metaspace   ] GC(2503) Metaspace: 23227K(23552K)->23227K(23552K) NonClass: 20428K(20608K)->20428K(20608K) Class: 2798K(2944K)->2798K(2944K)
[1698.410s][info][gc             ] GC(2503) Pause Young (Allocation Failure) 1316M->839M(1979M) 491.719ms
[1698.410s][info][gc,cpu         ] GC(2503) User=0.42s Sys=0.00s Real=0.48s
[1698.937s][info][gc,start       ] GC(2504) Pause Young (Allocation Failure)
[1699.236s][info][gc,heap        ] GC(2504) DefNew: 629120K(629120K)->55542K(629120K) Eden: 559232K(559232K)->0K(559232K) From: 69888K(69888K)->55542K(69888K)
[1699.236s][info][gc,heap        ] GC(2504) Tenured: 790197K(1398144K)->826231K(1398144K)
[1699.236s][info][gc,metaspace   ] GC(2504) Metaspace: 23227K(23552K)->23227K(23552K) NonClass: 20428K(20608K)->20428K(20608K) Class: 2798K(2944K)->2798K(2944K)
[1699.236s][info][gc             ] GC(2504) Pause Young (Allocation Failure) 1386M->861M(1979M) 299.024ms
[1699.236s][info][gc,cpu         ] GC(2504) User=0.31s Sys=0.00s Real=0.30s
[1699.388s][info][gc,start       ] GC(2505) Pause Young (Allocation Failure)
[1699.811s][info][gc,heap        ] GC(2505) DefNew: 614774K(629120K)->69887K(629120K) Eden: 559232K(559232K)->0K(559232K) From: 55542K(69888K)->69887K(69888K)
[1699.811s][info][gc,heap        ] GC(2505) Tenured: 826231K(1398144K)->880321K(1398144K)
[1699.811s][info][gc,metaspace   ] GC(2505) Metaspace: 23227K(23552K)->23227K(23552K) NonClass: 20428K(20608K)->20428K(20608K) Class: 2798K(2944K)->2798K(2944K)
[1699.812s][info][gc             ] GC(2505) Pause Young (Allocation Failure) 1407M->927M(1979M) 423.720ms
[1699.812s][info][gc,cpu         ] GC(2505) User=0.38s Sys=0.00s Real=0.42s
[1700.193s][info][gc,start       ] GC(2506) Pause Young (Allocation Failure)
[1700.502s][info][gc,heap        ] GC(2506) DefNew: 629119K(629120K)->65085K(629120K) Eden: 559232K(559232K)->0K(559232K) From: 69887K(69888K)->65085K(69888K)
[1700.502s][info][gc,heap        ] GC(2506) Tenured: 880321K(1398144K)->915872K(1398144K)
[1700.502s][info][gc,metaspace   ] GC(2506) Metaspace: 23227K(23552K)->23227K(23552K) NonClass: 20428K(20608K)->20428K(20608K) Class: 2798K(2944K)->2798K(2944K)
[1700.503s][info][gc             ] GC(2506) Pause Young (Allocation Failure) 1474M->957M(1979M) 309.055ms
[1700.503s][info][gc,cpu         ] GC(2506) User=0.25s Sys=0.00s Real=0.30s
[1700.789s][info][gc,start       ] GC(2507) Pause Young (Allocation Failure)
[1701.100s][info][gc,heap        ] GC(2507) DefNew: 624317K(629120K)->63918K(629120K) Eden: 559232K(559232K)->0K(559232K) From: 65085K(69888K)->63918K(69888K)
[1701.100s][info][gc,heap        ] GC(2507) Tenured: 915872K(1398144K)->954361K(1398144K)
[1701.100s][info][gc,metaspace   ] GC(2507) Metaspace: 23227K(23552K)->23227K(23552K) NonClass: 20428K(20608K)->20428K(20608K) Class: 2798K(2944K)->2798K(2944K)
[1701.100s][info][gc             ] GC(2507) Pause Young (Allocation Failure) 1504M->994M(1979M) 311.724ms
[1701.100s][info][gc,cpu         ] GC(2507) User=0.31s Sys=0.00s Real=0.31s
[1701.239s][info][gc,start       ] GC(2508) Pause Young (Allocation Failure)
[1701.681s][info][gc,heap        ] GC(2508) DefNew: 623150K(629120K)->69887K(629120K) Eden: 559232K(559232K)->0K(559232K) From: 63918K(69888K)->69887K(69888K)
[1701.681s][info][gc,heap        ] GC(2508) Tenured: 954361K(1398144K)->1010520K(1398144K)
[1701.681s][info][gc,metaspace   ] GC(2508) Metaspace: 23227K(23552K)->23227K(23552K) NonClass: 20428K(20608K)->20428K(20608K) Class: 2798K(2944K)->2798K(2944K)
[1701.681s][info][gc             ] GC(2508) Pause Young (Allocation Failure) 1540M->1055M(1979M) 441.834ms
[1701.681s][info][gc,cpu         ] GC(2508) User=0.41s Sys=0.00s Real=0.44s
[1702.357s][info][gc,start       ] GC(2509) Pause Young (Allocation Failure)
[1702.618s][info][gc,heap        ] GC(2509) DefNew: 629119K(629120K)->44241K(629120K) Eden: 559232K(559232K)->0K(559232K) From: 69887K(69888K)->44241K(69888K)
[1702.618s][info][gc,heap        ] GC(2509) Tenured: 1010520K(1398144K)->1043783K(1398144K)
[1702.618s][info][gc,metaspace   ] GC(2509) Metaspace: 23227K(23552K)->23227K(23552K) NonClass: 20428K(20608K)->20428K(20608K) Class: 2798K(2944K)->2798K(2944K)
[1702.618s][info][gc             ] GC(2509) Pause Young (Allocation Failure) 1601M->1062M(1979M) 261.541ms
[1702.618s][info][gc,cpu         ] GC(2509) User=0.23s Sys=0.00s Real=0.25s
[1702.761s][info][gc,start       ] GC(2510) Pause Young (Allocation Failure)
[1703.159s][info][gc,heap        ] GC(2510) DefNew: 603473K(629120K)->69888K(629120K) Eden: 559232K(559232K)->0K(559232K) From: 44241K(69888K)->69888K(69888K)
[1703.159s][info][gc,heap        ] GC(2510) Tenured: 1043783K(1398144K)->1088154K(1398144K)
[1703.159s][info][gc,metaspace   ] GC(2510) Metaspace: 23227K(23552K)->23227K(23552K) NonClass: 20428K(20608K)->20428K(20608K) Class: 2798K(2944K)->2798K(2944K)
[1703.159s][info][gc             ] GC(2510) Pause Young (Allocation Failure) 1608M->1130M(1979M) 397.530ms
[1703.159s][info][gc,cpu         ] GC(2510) User=0.41s Sys=0.00s Real=0.41s
[1703.309s][info][gc,start       ] GC(2511) Pause Young (Allocation Failure)
[1703.791s][info][gc,heap        ] GC(2511) DefNew: 629120K(629120K)->69888K(629120K) Eden: 559232K(559232K)->0K(559232K) From: 69888K(69888K)->69888K(69888K)
[1703.791s][info][gc,heap        ] GC(2511) Tenured: 1088154K(1398144K)->1155331K(1398144K)
[1703.791s][info][gc,metaspace   ] GC(2511) Metaspace: 23227K(23552K)->23227K(23552K) NonClass: 20428K(20608K)->20428K(20608K) Class: 2798K(2944K)->2798K(2944K)
[1703.791s][info][gc             ] GC(2511) Pause Young (Allocation Failure) 1677M->1196M(1979M) 482.731ms
[1703.791s][info][gc,cpu         ] GC(2511) User=0.48s Sys=0.00s Real=0.49s
[1704.327s][info][gc,start       ] GC(2512) Pause Young (Allocation Failure)
[1704.627s][info][gc,heap        ] GC(2512) DefNew: 629120K(629120K)->58622K(629120K) Eden: 559232K(559232K)->0K(559232K) From: 69888K(69888K)->58622K(69888K)
[1704.627s][info][gc,heap        ] GC(2512) Tenured: 1155331K(1398144K)->1188470K(1398144K)
[1704.627s][info][gc,metaspace   ] GC(2512) Metaspace: 23227K(23552K)->23227K(23552K) NonClass: 20428K(20608K)->20428K(20608K) Class: 2798K(2944K)->2798K(2944K)
[1704.627s][info][gc             ] GC(2512) Pause Young (Allocation Failure) 1742M->1217M(1979M) 300.760ms
[1704.627s][info][gc,cpu         ] GC(2512) User=0.28s Sys=0.00s Real=0.30s
[1704.777s][info][gc,start       ] GC(2513) Pause Young (Allocation Failure)
[1705.209s][info][gc,heap        ] GC(2513) DefNew: 617854K(629120K)->69888K(629120K) Eden: 559232K(559232K)->0K(559232K) From: 58622K(69888K)->69888K(69888K)
[1705.209s][info][gc,heap        ] GC(2513) Tenured: 1188470K(1398144K)->1244248K(1398144K)
[1705.209s][info][gc,metaspace   ] GC(2513) Metaspace: 23227K(23552K)->23227K(23552K) NonClass: 20428K(20608K)->20428K(20608K) Class: 2798K(2944K)->2798K(2944K)
[1705.209s][info][gc             ] GC(2513) Pause Young (Allocation Failure) 1763M->1283M(1979M) 432.279ms
[1705.209s][info][gc,cpu         ] GC(2513) User=0.42s Sys=0.00s Real=0.44s
[1705.569s][info][gc,start       ] GC(2514) Pause Young (Allocation Failure)
[1705.884s][info][gc,heap        ] GC(2514) DefNew: 629120K(629120K)->63412K(629120K) Eden: 559232K(559232K)->0K(559232K) From: 69888K(69888K)->63412K(69888K)
[1705.884s][info][gc,heap        ] GC(2514) Tenured: 1244248K(1398144K)->1283477K(1398144K)
[1705.884s][info][gc,metaspace   ] GC(2514) Metaspace: 23227K(23552K)->23227K(23552K) NonClass: 20428K(20608K)->20428K(20608K) Class: 2798K(2944K)->2798K(2944K)
[1705.884s][info][gc             ] GC(2514) Pause Young (Allocation Failure) 1829M->1315M(1979M) 315.107ms
[1705.884s][info][gc,cpu         ] GC(2514) User=0.30s Sys=0.00s Real=0.31s
[1706.082s][info][gc,start       ] GC(2515) Pause Full (System.gc())
[1706.082s][info][gc,phases,start] GC(2515) Phase 1: Mark live objects
[1706.262s][info][gc,phases      ] GC(2515) Phase 1: Mark live objects 180.148ms
[1706.262s][info][gc,phases,start] GC(2515) Phase 2: Compute new object addresses
[1706.485s][info][gc,phases      ] GC(2515) Phase 2: Compute new object addresses 222.893ms
[1706.485s][info][gc,phases,start] GC(2515) Phase 3: Adjust pointers
[1706.560s][info][gc,phases      ] GC(2515) Phase 3: Adjust pointers 74.449ms
[1706.560s][info][gc,phases,start] GC(2515) Phase 4: Move objects
[1706.589s][info][gc,phases      ] GC(2515) Phase 4: Move objects 29.688ms
[1706.590s][info][gc,heap        ] GC(2515) DefNew: 196585K(629120K)->0K(629120K) Eden: 133172K(559232K)->0K(559232K) From: 63412K(69888K)->0K(69888K)
[1706.590s][info][gc,heap        ] GC(2515) Tenured: 1283477K(1398144K)->166691K(1398144K)
[1706.590s][info][gc,metaspace   ] GC(2515) Metaspace: 23227K(23552K)->23227K(23552K) NonClass: 20428K(20608K)->20428K(20608K) Class: 2798K(2944K)->2798K(2944K)
[1706.590s][info][gc             ] GC(2515) Pause Full (System.gc()) 1445M->162M(1979M) 507.895ms
[1706.590s][info][gc,cpu         ] GC(2515) User=0.48s Sys=0.00s Real=0.52s
[1706.736s][info][gc,start       ] GC(2516) Pause Young (Allocation Failure)
[1707.051s][info][gc,heap        ] GC(2516) DefNew: 559232K(629120K)->69888K(629120K) Eden: 559232K(559232K)->0K(559232K) From: 0K(69888K)->69888K(69888K)
[1707.051s][info][gc,heap        ] GC(2516) Tenured: 166691K(1398144K)->169969K(1398144K)
[1707.051s][info][gc,metaspace   ] GC(2516) Metaspace: 23229K(23552K)->23229K(23552K) NonClass: 20431K(20608K)->20431K(20608K) Class: 2798K(2944K)->2798K(2944K)
[1707.051s][info][gc             ] GC(2516) Pause Young (Allocation Failure) 708M->234M(1979M) 315.596ms
[1707.051s][info][gc,cpu         ] GC(2516) User=0.30s Sys=0.00s Real=0.31s
[1707.197s][info][gc,start       ] GC(2517) Pause Young (Allocation Failure)
[1707.664s][info][gc,heap        ] GC(2517) DefNew: 629120K(629120K)->69887K(629120K) Eden: 559232K(559232K)->0K(559232K) From: 69888K(69888K)->69887K(69888K)
[1707.664s][info][gc,heap        ] GC(2517) Tenured: 169969K(1398144K)->234008K(1398144K)
[1707.664s][info][gc,metaspace   ] GC(2517) Metaspace: 23229K(23552K)->23229K(23552K) NonClass: 20431K(20608K)->20431K(20608K) Class: 2798K(2944K)->2798K(2944K)
[1707.664s][info][gc             ] GC(2517) Pause Young (Allocation Failure) 780M->296M(1979M) 466.530ms
[1707.664s][info][gc,cpu         ] GC(2517) User=0.42s Sys=0.00s Real=0.47s
[1708.203s][info][gc,start       ] GC(2518) Pause Young (Allocation Failure)
[1708.486s][info][gc,heap        ] GC(2518) DefNew: 629119K(629120K)->54917K(629120K) Eden: 559232K(559232K)->0K(559232K) From: 69887K(69888K)->54917K(69888K)
[1708.486s][info][gc,heap        ] GC(2518) Tenured: 234008K(1398144K)->268707K(1398144K)
[1708.486s][info][gc,metaspace   ] GC(2518) Metaspace: 23229K(23552K)->23229K(23552K) NonClass: 20431K(20608K)->20431K(20608K) Class: 2798K(2944K)->2798K(2944K)
[1708.486s][info][gc             ] GC(2518) Pause Young (Allocation Failure) 842M->316M(1979M) 283.249ms
[1708.486s][info][gc,cpu         ] GC(2518) User=0.30s Sys=0.00s Real=0.28s
[1708.634s][info][gc,start       ] GC(2519) Pause Young (Allocation Failure)
[1709.063s][info][gc,heap        ] GC(2519) DefNew: 614149K(629120K)->69888K(629120K) Eden: 559232K(559232K)->0K(559232K) From: 54917K(69888K)->69888K(69888K)
[1709.063s][info][gc,heap        ] GC(2519) Tenured: 268707K(1398144K)->322768K(1398144K)
[1709.063s][info][gc,metaspace   ] GC(2519) Metaspace: 23229K(23552K)->23229K(23552K) NonClass: 20431K(20608K)->20431K(20608K) Class: 2798K(2944K)->2798K(2944K)
[1709.063s][info][gc             ] GC(2519) Pause Young (Allocation Failure) 862M->383M(1979M) 429.160ms
[1709.063s][info][gc,cpu         ] GC(2519) User=0.38s Sys=0.00s Real=0.42s
[1709.369s][info][gc,start       ] GC(2520) Pause Young (Allocation Failure)
[1709.736s][info][gc,heap        ] GC(2520) DefNew: 629120K(629120K)->68483K(629120K) Eden: 559232K(559232K)->0K(559232K) From: 69888K(69888K)->68483K(69888K)
[1709.736s][info][gc,heap        ] GC(2520) Tenured: 322768K(1398144K)->365924K(1398144K)
[1709.736s][info][gc,metaspace   ] GC(2520) Metaspace: 23229K(23552K)->23229K(23552K) NonClass: 20431K(20608K)->20431K(20608K) Class: 2798K(2944K)->2798K(2944K)
[1709.736s][info][gc             ] GC(2520) Pause Young (Allocation Failure) 929M->424M(1979M) 366.947ms
[1709.736s][info][gc,cpu         ] GC(2520) User=0.36s Sys=0.00s Real=0.38s
[1710.121s][info][gc,start       ] GC(2521) Pause Young (Allocation Failure)
[1710.414s][info][gc,heap        ] GC(2521) DefNew: 627715K(629120K)->60519K(629120K) Eden: 559232K(559232K)->0K(559232K) From: 68483K(69888K)->60519K(69888K)
[1710.414s][info][gc,heap        ] GC(2521) Tenured: 365924K(1398144K)->402151K(1398144K)
[1710.414s][info][gc,metaspace   ] GC(2521) Metaspace: 23229K(23552K)->23229K(23552K) NonClass: 20431K(20608K)->20431K(20608K) Class: 2798K(2944K)->2798K(2944K)
[1710.414s][info][gc             ] GC(2521) Pause Young (Allocation Failure) 970M->451M(1979M) 292.403ms
[1710.414s][info][gc,cpu         ] GC(2521) User=0.28s Sys=0.00s Real=0.30s
[1710.565s][info][gc,start       ] GC(2522) Pause Young (Allocation Failure)
[1711.026s][info][gc,heap        ] GC(2522) DefNew: 619751K(629120K)->69888K(629120K) Eden: 559232K(559232K)->0K(559232K) From: 60519K(69888K)->69888K(69888K)
[1711.026s][info][gc,heap        ] GC(2522) Tenured: 402151K(1398144K)->462133K(1398144K)
[1711.026s][info][gc,metaspace   ] GC(2522) Metaspace: 23229K(23552K)->23229K(23552K) NonClass: 20431K(20608K)->20431K(20608K) Class: 2798K(2944K)->2798K(2944K)
[1711.026s][info][gc             ] GC(2522) Pause Young (Allocation Failure) 997M->519M(1979M) 461.171ms
[1711.026s][info][gc,cpu         ] GC(2522) User=0.44s Sys=0.00s Real=0.47s
[1711.592s][info][gc,start       ] GC(2523) Pause Young (Allocation Failure)
[1711.826s][info][gc,heap        ] GC(2523) DefNew: 629120K(629120K)->38857K(629120K) Eden: 559232K(559232K)->0K(559232K) From: 69888K(69888K)->38857K(69888K)
[1711.826s][info][gc,heap        ] GC(2523) Tenured: 462133K(1398144K)->497896K(1398144K)
[1711.826s][info][gc,metaspace   ] GC(2523) Metaspace: 23229K(23552K)->23229K(23552K) NonClass: 20431K(20608K)->20431K(20608K) Class: 2798K(2944K)->2798K(2944K)
[1711.826s][info][gc             ] GC(2523) Pause Young (Allocation Failure) 1065M->524M(1979M) 233.822ms
[1711.826s][info][gc,cpu         ] GC(2523) User=0.22s Sys=0.00s Real=0.23s
[1711.974s][info][gc,start       ] GC(2524) Pause Young (Allocation Failure)
[1712.348s][info][gc,heap        ] GC(2524) DefNew: 598089K(629120K)->69887K(629120K) Eden: 559232K(559232K)->0K(559232K) From: 38857K(69888K)->69887K(69888K)
[1712.348s][info][gc,heap        ] GC(2524) Tenured: 497896K(1398144K)->540845K(1398144K)
[1712.348s][info][gc,metaspace   ] GC(2524) Metaspace: 23229K(23552K)->23229K(23552K) NonClass: 20431K(20608K)->20431K(20608K) Class: 2798K(2944K)->2798K(2944K)
[1712.348s][info][gc             ] GC(2524) Pause Young (Allocation Failure) 1070M->596M(1979M) 374.405ms
[1712.348s][info][gc,cpu         ] GC(2524) User=0.36s Sys=0.00s Real=0.38s
[1712.495s][info][gc,start       ] GC(2525) Pause Young (Allocation Failure)
[1712.976s][info][gc,heap        ] GC(2525) DefNew: 629119K(629120K)->69887K(629120K) Eden: 559232K(559232K)->0K(559232K) From: 69887K(69888K)->69887K(69888K)
[1712.976s][info][gc,heap        ] GC(2525) Tenured: 540845K(1398144K)->607521K(1398144K)
[1712.976s][info][gc,metaspace   ] GC(2525) Metaspace: 23229K(23552K)->23229K(23552K) NonClass: 20431K(20608K)->20431K(20608K) Class: 2798K(2944K)->2798K(2944K)
[1712.976s][info][gc             ] GC(2525) Pause Young (Allocation Failure) 1142M->661M(1979M) 480.914ms
[1712.976s][info][gc,cpu         ] GC(2525) User=0.48s Sys=0.00s Real=0.47s
[1713.526s][info][gc,start       ] GC(2526) Pause Young (Allocation Failure)
[1713.830s][info][gc,heap        ] GC(2526) DefNew: 629119K(629120K)->60628K(629120K) Eden: 559232K(559232K)->0K(559232K) From: 69887K(69888K)->60628K(69888K)
[1713.830s][info][gc,heap        ] GC(2526) Tenured: 607521K(1398144K)->641002K(1398144K)
[1713.830s][info][gc,metaspace   ] GC(2526) Metaspace: 23229K(23552K)->23229K(23552K) NonClass: 20431K(20608K)->20431K(20608K) Class: 2798K(2944K)->2798K(2944K)
[1713.830s][info][gc             ] GC(2526) Pause Young (Allocation Failure) 1207M->685M(1979M) 304.935ms
[1713.831s][info][gc,cpu         ] GC(2526) User=0.31s Sys=0.00s Real=0.31s
[1713.979s][info][gc,start       ] GC(2527) Pause Young (Allocation Failure)
[1714.422s][info][gc,heap        ] GC(2527) DefNew: 619860K(629120K)->69887K(629120K) Eden: 559232K(559232K)->0K(559232K) From: 60628K(69888K)->69887K(69888K)
[1714.422s][info][gc,heap        ] GC(2527) Tenured: 641002K(1398144K)->699392K(1398144K)
[1714.422s][info][gc,metaspace   ] GC(2527) Metaspace: 23229K(23552K)->23229K(23552K) NonClass: 20431K(20608K)->20431K(20608K) Class: 2798K(2944K)->2798K(2944K)
[1714.422s][info][gc             ] GC(2527) Pause Young (Allocation Failure) 1231M->751M(1979M) 443.475ms
[1714.422s][info][gc,cpu         ] GC(2527) User=0.38s Sys=0.00s Real=0.44s
[1714.769s][info][gc,start       ] GC(2528) Pause Young (Allocation Failure)
[1715.087s][info][gc,heap        ] GC(2528) DefNew: 629119K(629120K)->65026K(629120K) Eden: 559232K(559232K)->0K(559232K) From: 69887K(69888K)->65026K(69888K)
[1715.087s][info][gc,heap        ] GC(2528) Tenured: 699392K(1398144K)->737135K(1398144K)
[1715.087s][info][gc,metaspace   ] GC(2528) Metaspace: 23229K(23552K)->23229K(23552K) NonClass: 20431K(20608K)->20431K(20608K) Class: 2798K(2944K)->2798K(2944K)
[1715.087s][info][gc             ] GC(2528) Pause Young (Allocation Failure) 1297M->783M(1979M) 317.886ms
[1715.087s][info][gc,cpu         ] GC(2528) User=0.25s Sys=0.00s Real=0.31s
[1715.447s][info][gc,start       ] GC(2529) Pause Young (Allocation Failure)
[1715.778s][info][gc,heap        ] GC(2529) DefNew: 624258K(629120K)->69093K(629120K) Eden: 559232K(559232K)->0K(559232K) From: 65026K(69888K)->69093K(69888K)
[1715.778s][info][gc,heap        ] GC(2529) Tenured: 737135K(1398144K)->772904K(1398144K)
[1715.778s][info][gc,metaspace   ] GC(2529) Metaspace: 23229K(23552K)->23229K(23552K) NonClass: 20431K(20608K)->20431K(20608K) Class: 2798K(2944K)->2798K(2944K)
[1715.778s][info][gc             ] GC(2529) Pause Young (Allocation Failure) 1329M->822M(1979M) 330.412ms
[1715.778s][info][gc,cpu         ] GC(2529) User=0.33s Sys=0.00s Real=0.33s
[1715.933s][info][gc,start       ] GC(2530) Pause Young (Allocation Failure)
[1716.416s][info][gc,heap        ] GC(2530) DefNew: 628325K(629120K)->69888K(629120K) Eden: 559232K(559232K)->0K(559232K) From: 69093K(69888K)->69888K(69888K)
[1716.416s][info][gc,heap        ] GC(2530) Tenured: 772904K(1398144K)->841830K(1398144K)
[1716.416s][info][gc,metaspace   ] GC(2530) Metaspace: 23229K(23552K)->23229K(23552K) NonClass: 20431K(20608K)->20431K(20608K) Class: 2798K(2944K)->2798K(2944K)
[1716.416s][info][gc             ] GC(2530) Pause Young (Allocation Failure) 1368M->890M(1979M) 483.483ms
[1716.416s][info][gc,cpu         ] GC(2530) User=0.45s Sys=0.00s Real=0.47s
[1717.033s][info][gc,start       ] GC(2531) Pause Young (Allocation Failure)
[1717.316s][info][gc,heap        ] GC(2531) DefNew: 629120K(629120K)->48587K(629120K) Eden: 559232K(559232K)->0K(559232K) From: 69888K(69888K)->48587K(69888K)
[1717.316s][info][gc,heap        ] GC(2531) Tenured: 841830K(1398144K)->877438K(1398144K)
[1717.316s][info][gc,metaspace   ] GC(2531) Metaspace: 23229K(23552K)->23229K(23552K) NonClass: 20431K(20608K)->20431K(20608K) Class: 2798K(2944K)->2798K(2944K)
[1717.316s][info][gc             ] GC(2531) Pause Young (Allocation Failure) 1436M->904M(1979M) 282.626ms
[1717.316s][info][gc,cpu         ] GC(2531) User=0.28s Sys=0.00s Real=0.28s
[1717.461s][info][gc,start       ] GC(2532) Pause Young (Allocation Failure)
[1717.871s][info][gc,heap        ] GC(2532) DefNew: 607819K(629120K)->69888K(629120K) Eden: 559232K(559232K)->0K(559232K) From: 48587K(69888K)->69888K(69888K)
[1717.871s][info][gc,heap        ] GC(2532) Tenured: 877438K(1398144K)->924859K(1398144K)
[1717.871s][info][gc,metaspace   ] GC(2532) Metaspace: 23229K(23552K)->23229K(23552K) NonClass: 20431K(20608K)->20431K(20608K) Class: 2798K(2944K)->2798K(2944K)
[1717.871s][info][gc             ] GC(2532) Pause Young (Allocation Failure) 1450M->971M(1979M) 409.239ms
[1717.871s][info][gc,cpu         ] GC(2532) User=0.38s Sys=0.00s Real=0.41s
[1718.090s][info][gc,start       ] GC(2533) Pause Young (Allocation Failure)
[1718.545s][info][gc,heap        ] GC(2533) DefNew: 629120K(629120K)->69888K(629120K) Eden: 559232K(559232K)->0K(559232K) From: 69888K(69888K)->69888K(69888K)
[1718.545s][info][gc,heap        ] GC(2533) Tenured: 924859K(1398144K)->974994K(1398144K)
[1718.545s][info][gc,metaspace   ] GC(2533) Metaspace: 23229K(23552K)->23229K(23552K) NonClass: 20431K(20608K)->20431K(20608K) Class: 2798K(2944K)->2798K(2944K)
[1718.545s][info][gc             ] GC(2533) Pause Young (Allocation Failure) 1517M->1020M(1979M) 455.207ms
[1718.545s][info][gc,cpu         ] GC(2533) User=0.45s Sys=0.00s Real=0.46s
[1718.999s][info][gc,start       ] GC(2534) Pause Young (Allocation Failure)
[1719.299s][info][gc,heap        ] GC(2534) DefNew: 629120K(629120K)->57075K(629120K) Eden: 559232K(559232K)->0K(559232K) From: 69888K(69888K)->57075K(69888K)
[1719.299s][info][gc,heap        ] GC(2534) Tenured: 974994K(1398144K)->1008066K(1398144K)
[1719.299s][info][gc,metaspace   ] GC(2534) Metaspace: 23229K(23552K)->23229K(23552K) NonClass: 20431K(20608K)->20431K(20608K) Class: 2798K(2944K)->2798K(2944K)
[1719.299s][info][gc             ] GC(2534) Pause Young (Allocation Failure) 1566M->1040M(1979M) 300.843ms
[1719.299s][info][gc,cpu         ] GC(2534) User=0.28s Sys=0.00s Real=0.30s
[1719.441s][info][gc,start       ] GC(2535) Pause Young (Allocation Failure)
[1719.865s][info][gc,heap        ] GC(2535) DefNew: 616307K(629120K)->69888K(629120K) Eden: 559232K(559232K)->0K(559232K) From: 57075K(69888K)->69888K(69888K)
[1719.865s][info][gc,heap        ] GC(2535) Tenured: 1008066K(1398144K)->1059401K(1398144K)
[1719.865s][info][gc,metaspace   ] GC(2535) Metaspace: 23229K(23552K)->23229K(23552K) NonClass: 20431K(20608K)->20431K(20608K) Class: 2798K(2944K)->2798K(2944K)
[1719.865s][info][gc             ] GC(2535) Pause Young (Allocation Failure) 1586M->1102M(1979M) 424.109ms
[1719.865s][info][gc,cpu         ] GC(2535) User=0.34s Sys=0.00s Real=0.42s
[1720.348s][info][gc,start       ] GC(2536) Pause Young (Allocation Failure)
[1720.640s][info][gc,heap        ] GC(2536) DefNew: 629120K(629120K)->57960K(629120K) Eden: 559232K(559232K)->0K(559232K) From: 69888K(69888K)->57960K(69888K)
[1720.640s][info][gc,heap        ] GC(2536) Tenured: 1059401K(1398144K)->1094723K(1398144K)
[1720.640s][info][gc,metaspace   ] GC(2536) Metaspace: 23229K(23552K)->23229K(23552K) NonClass: 20431K(20608K)->20431K(20608K) Class: 2798K(2944K)->2798K(2944K)
[1720.640s][info][gc             ] GC(2536) Pause Young (Allocation Failure) 1648M->1125M(1979M) 291.961ms
[1720.640s][info][gc,cpu         ] GC(2536) User=0.28s Sys=0.00s Real=0.30s
[1720.894s][info][gc,start       ] GC(2537) Pause Young (Allocation Failure)
[1721.242s][info][gc,heap        ] GC(2537) DefNew: 617192K(629120K)->69793K(629120K) Eden: 559232K(559232K)->0K(559232K) From: 57960K(69888K)->69793K(69888K)
[1721.242s][info][gc,heap        ] GC(2537) Tenured: 1094723K(1398144K)->1130552K(1398144K)
[1721.242s][info][gc,metaspace   ] GC(2537) Metaspace: 23229K(23552K)->23229K(23552K) NonClass: 20431K(20608K)->20431K(20608K) Class: 2798K(2944K)->2798K(2944K)
[1721.242s][info][gc             ] GC(2537) Pause Young (Allocation Failure) 1671M->1172M(1979M) 347.787ms
[1721.242s][info][gc,cpu         ] GC(2537) User=0.36s Sys=0.00s Real=0.34s
[1721.388s][info][gc,start       ] GC(2538) Pause Young (Allocation Failure)
[1721.859s][info][gc,heap        ] GC(2538) DefNew: 629025K(629120K)->69888K(629120K) Eden: 559232K(559232K)->0K(559232K) From: 69793K(69888K)->69888K(69888K)
[1721.859s][info][gc,heap        ] GC(2538) Tenured: 1130552K(1398144K)->1195656K(1398144K)
[1721.859s][info][gc,metaspace   ] GC(2538) Metaspace: 23229K(23552K)->23229K(23552K) NonClass: 20431K(20608K)->20431K(20608K) Class: 2798K(2944K)->2798K(2944K)
[1721.860s][info][gc             ] GC(2538) Pause Young (Allocation Failure) 1718M->1235M(1979M) 471.218ms
[1721.860s][info][gc,cpu         ] GC(2538) User=0.48s Sys=0.00s Real=0.47s
[1722.504s][info][gc,start       ] GC(2539) Pause Young (Allocation Failure)
[1722.771s][info][gc,heap        ] GC(2539) DefNew: 629120K(629120K)->45308K(629120K) Eden: 559232K(559232K)->0K(559232K) From: 69888K(69888K)->45308K(69888K)
[1722.771s][info][gc,heap        ] GC(2539) Tenured: 1195656K(1398144K)->1231988K(1398144K)
[1722.771s][info][gc,metaspace   ] GC(2539) Metaspace: 23229K(23552K)->23229K(23552K) NonClass: 20431K(20608K)->20431K(20608K) Class: 2798K(2944K)->2798K(2944K)
[1722.771s][info][gc             ] GC(2539) Pause Young (Allocation Failure) 1782M->1247M(1979M) 266.842ms
[1722.771s][info][gc,cpu         ] GC(2539) User=0.30s Sys=0.00s Real=0.28s
[1722.921s][info][gc,start       ] GC(2540) Pause Young (Allocation Failure)
[1723.328s][info][gc,heap        ] GC(2540) DefNew: 604540K(629120K)->69887K(629120K) Eden: 559232K(559232K)->0K(559232K) From: 45308K(69888K)->69887K(69888K)
[1723.328s][info][gc,heap        ] GC(2540) Tenured: 1231988K(1398144K)->1279220K(1398144K)
[1723.328s][info][gc,metaspace   ] GC(2540) Metaspace: 23229K(23552K)->23229K(23552K) NonClass: 20431K(20608K)->20431K(20608K) Class: 2798K(2944K)->2798K(2944K)
[1723.328s][info][gc             ] GC(2540) Pause Young (Allocation Failure) 1793M->1317M(1979M) 407.184ms
[1723.328s][info][gc,cpu         ] GC(2540) User=0.42s Sys=0.00s Real=0.41s
[1723.483s][info][gc,start       ] GC(2541) Pause Young (Allocation Failure)
[1723.968s][info][gc,heap        ] GC(2541) DefNew: 629119K(629120K)->69888K(629120K) Eden: 559232K(559232K)->0K(559232K) From: 69887K(69888K)->69888K(69888K)
[1723.968s][info][gc,heap        ] GC(2541) Tenured: 1279220K(1398144K)->1341548K(1398144K)
[1723.968s][info][gc,metaspace   ] GC(2541) Metaspace: 23229K(23552K)->23229K(23552K) NonClass: 20431K(20608K)->20431K(20608K) Class: 2798K(2944K)->2798K(2944K)
[1723.968s][info][gc             ] GC(2541) Pause Young (Allocation Failure) 1863M->1378M(1979M) 485.096ms
[1723.968s][info][gc,cpu         ] GC(2541) User=0.50s Sys=0.00s Real=0.47s
[1724.427s][info][gc,start       ] GC(2542) Pause Full (System.gc())
[1724.427s][info][gc,phases,start] GC(2542) Phase 1: Mark live objects
[1724.630s][info][gc,phases      ] GC(2542) Phase 1: Mark live objects 203.299ms
[1724.630s][info][gc,phases,start] GC(2542) Phase 2: Compute new object addresses
[1724.879s][info][gc,phases      ] GC(2542) Phase 2: Compute new object addresses 249.073ms
[1724.879s][info][gc,phases,start] GC(2542) Phase 3: Adjust pointers
[1724.978s][info][gc,phases      ] GC(2542) Phase 3: Adjust pointers 98.788ms
[1724.978s][info][gc,phases,start] GC(2542) Phase 4: Move objects
[1725.018s][info][gc,phases      ] GC(2542) Phase 4: Move objects 39.418ms
[1725.018s][info][gc,heap        ] GC(2542) DefNew: 364854K(629120K)->0K(629120K) Eden: 294966K(559232K)->0K(559232K) From: 69888K(69888K)->0K(69888K)
[1725.018s][info][gc,heap        ] GC(2542) Tenured: 1341548K(1398144K)->105089K(1398144K)
[1725.018s][info][gc,metaspace   ] GC(2542) Metaspace: 23229K(23552K)->23229K(23552K) NonClass: 20431K(20608K)->20431K(20608K) Class: 2798K(2944K)->2798K(2944K)
[1725.018s][info][gc             ] GC(2542) Pause Full (System.gc()) 1666M->102M(1979M) 591.211ms
[1725.018s][info][gc,cpu         ] GC(2542) User=0.53s Sys=0.02s Real=0.60s
[1725.182s][info][gc,start       ] GC(2543) Pause Young (Allocation Failure)
[1725.489s][info][gc,heap        ] GC(2543) DefNew: 559232K(629120K)->69887K(629120K) Eden: 559232K(559232K)->0K(559232K) From: 0K(69888K)->69887K(69888K)
[1725.489s][info][gc,heap        ] GC(2543) Tenured: 105089K(1398144K)->114356K(1398144K)
[1725.489s][info][gc,metaspace   ] GC(2543) Metaspace: 23229K(23552K)->23229K(23552K) NonClass: 20431K(20608K)->20431K(20608K) Class: 2798K(2944K)->2798K(2944K)
[1725.489s][info][gc             ] GC(2543) Pause Young (Allocation Failure) 648M->179M(1979M) 306.586ms
[1725.489s][info][gc,cpu         ] GC(2543) User=0.25s Sys=0.00s Real=0.31s
[1725.643s][info][gc,start       ] GC(2544) Pause Young (Allocation Failure)
[1726.133s][info][gc,heap        ] GC(2544) DefNew: 629119K(629120K)->69888K(629120K) Eden: 559232K(559232K)->0K(559232K) From: 69887K(69888K)->69888K(69888K)
[1726.133s][info][gc,heap        ] GC(2544) Tenured: 114356K(1398144K)->185168K(1398144K)
[1726.133s][info][gc,metaspace   ] GC(2544) Metaspace: 23229K(23552K)->23229K(23552K) NonClass: 20431K(20608K)->20431K(20608K) Class: 2798K(2944K)->2798K(2944K)
[1726.133s][info][gc             ] GC(2544) Pause Young (Allocation Failure) 726M->249M(1979M) 490.199ms
[1726.133s][info][gc,cpu         ] GC(2544) User=0.48s Sys=0.00s Real=0.49s
[1726.597s][info][gc,start       ] GC(2545) Pause Young (Allocation Failure)
[1726.916s][info][gc,heap        ] GC(2545) DefNew: 629120K(629120K)->62814K(629120K) Eden: 559232K(559232K)->0K(559232K) From: 69888K(69888K)->62814K(69888K)
[1726.916s][info][gc,heap        ] GC(2545) Tenured: 185168K(1398144K)->220649K(1398144K)
[1726.916s][info][gc,metaspace   ] GC(2545) Metaspace: 23229K(23552K)->23229K(23552K) NonClass: 20431K(20608K)->20431K(20608K) Class: 2798K(2944K)->2798K(2944K)
[1726.916s][info][gc             ] GC(2545) Pause Young (Allocation Failure) 795M->276M(1979M) 319.902ms
[1726.916s][info][gc,cpu         ] GC(2545) User=0.31s Sys=0.00s Real=0.31s
[1727.060s][info][gc,start       ] GC(2546) Pause Young (Allocation Failure)
[1727.503s][info][gc,heap        ] GC(2546) DefNew: 622046K(629120K)->69888K(629120K) Eden: 559232K(559232K)->0K(559232K) From: 62814K(69888K)->69888K(69888K)
[1727.503s][info][gc,heap        ] GC(2546) Tenured: 220649K(1398144K)->278618K(1398144K)
[1727.503s][info][gc,metaspace   ] GC(2546) Metaspace: 23229K(23552K)->23229K(23552K) NonClass: 20431K(20608K)->20431K(20608K) Class: 2798K(2944K)->2798K(2944K)
[1727.503s][info][gc             ] GC(2546) Pause Young (Allocation Failure) 822M->340M(1979M) 442.721ms
[1727.503s][info][gc,cpu         ] GC(2546) User=0.42s Sys=0.00s Real=0.44s
[1727.911s][info][gc,start       ] GC(2547) Pause Young (Allocation Failure)
[1728.207s][info][gc,heap        ] GC(2547) DefNew: 629120K(629120K)->61623K(629120K) Eden: 559232K(559232K)->0K(559232K) From: 69888K(69888K)->61623K(69888K)
[1728.207s][info][gc,heap        ] GC(2547) Tenured: 278618K(1398144K)->313681K(1398144K)
[1728.207s][info][gc,metaspace   ] GC(2547) Metaspace: 23229K(23552K)->23229K(23552K) NonClass: 20431K(20608K)->20431K(20608K) Class: 2798K(2944K)->2798K(2944K)
[1728.207s][info][gc             ] GC(2547) Pause Young (Allocation Failure) 886M->366M(1979M) 296.103ms
[1728.207s][info][gc,cpu         ] GC(2547) User=0.30s Sys=0.00s Real=0.30s
[1728.500s][info][gc,start       ] GC(2548) Pause Young (Allocation Failure)
[1728.820s][info][gc,heap        ] GC(2548) DefNew: 620855K(629120K)->69887K(629120K) Eden: 559232K(559232K)->0K(559232K) From: 61623K(69888K)->69887K(69888K)
[1728.820s][info][gc,heap        ] GC(2548) Tenured: 313681K(1398144K)->350593K(1398144K)
[1728.820s][info][gc,metaspace   ] GC(2548) Metaspace: 23230K(23552K)->23230K(23552K) NonClass: 20431K(20608K)->20431K(20608K) Class: 2798K(2944K)->2798K(2944K)
[1728.820s][info][gc             ] GC(2548) Pause Young (Allocation Failure) 912M->410M(1979M) 319.981ms
[1728.820s][info][gc,cpu         ] GC(2548) User=0.33s Sys=0.00s Real=0.32s
[1728.969s][info][gc,start       ] GC(2549) Pause Young (Allocation Failure)
[1729.440s][info][gc,heap        ] GC(2549) DefNew: 629119K(629120K)->69888K(629120K) Eden: 559232K(559232K)->0K(559232K) From: 69887K(69888K)->69888K(69888K)
[1729.440s][info][gc,heap        ] GC(2549) Tenured: 350593K(1398144K)->416238K(1398144K)
[1729.440s][info][gc,metaspace   ] GC(2549) Metaspace: 23230K(23552K)->23230K(23552K) NonClass: 20431K(20608K)->20431K(20608K) Class: 2798K(2944K)->2798K(2944K)
[1729.440s][info][gc             ] GC(2549) Pause Young (Allocation Failure) 956M->474M(1979M) 470.952ms
[1729.440s][info][gc,cpu         ] GC(2549) User=0.47s Sys=0.00s Real=0.47s
[1730.100s][info][gc,start       ] GC(2550) Pause Young (Allocation Failure)
[1730.351s][info][gc,heap        ] GC(2550) DefNew: 629120K(629120K)->42485K(629120K) Eden: 559232K(559232K)->0K(559232K) From: 69888K(69888K)->42485K(69888K)
[1730.351s][info][gc,heap        ] GC(2550) Tenured: 416238K(1398144K)->451342K(1398144K)
[1730.351s][info][gc,metaspace   ] GC(2550) Metaspace: 23230K(23552K)->23230K(23552K) NonClass: 20431K(20608K)->20431K(20608K) Class: 2798K(2944K)->2798K(2944K)
[1730.351s][info][gc             ] GC(2550) Pause Young (Allocation Failure) 1020M->482M(1979M) 251.524ms
[1730.351s][info][gc,cpu         ] GC(2550) User=0.19s Sys=0.00s Real=0.25s
[1730.489s][info][gc,start       ] GC(2551) Pause Young (Allocation Failure)
[1730.876s][info][gc,heap        ] GC(2551) DefNew: 601717K(629120K)->68832K(629120K) Eden: 559232K(559232K)->0K(559232K) From: 42485K(69888K)->68832K(69888K)
[1730.876s][info][gc,heap        ] GC(2551) Tenured: 451342K(1398144K)->490337K(1398144K)
[1730.876s][info][gc,metaspace   ] GC(2551) Metaspace: 23230K(23552K)->23230K(23552K) NonClass: 20431K(20608K)->20431K(20608K) Class: 2798K(2944K)->2798K(2944K)
[1730.876s][info][gc             ] GC(2551) Pause Young (Allocation Failure) 1028M->546M(1979M) 387.346ms
[1730.876s][info][gc,cpu         ] GC(2551) User=0.39s Sys=0.00s Real=0.39s
[1731.031s][info][gc,start       ] GC(2552) Pause Young (Allocation Failure)
[1731.496s][info][gc,heap        ] GC(2552) DefNew: 628064K(629120K)->69888K(629120K) Eden: 559232K(559232K)->0K(559232K) From: 68832K(69888K)->69888K(69888K)
[1731.496s][info][gc,heap        ] GC(2552) Tenured: 490337K(1398144K)->552607K(1398144K)
[1731.496s][info][gc,metaspace   ] GC(2552) Metaspace: 23230K(23552K)->23230K(23552K) NonClass: 20431K(20608K)->20431K(20608K) Class: 2798K(2944K)->2798K(2944K)
[1731.496s][info][gc             ] GC(2552) Pause Young (Allocation Failure) 1092M->607M(1979M) 465.386ms
[1731.496s][info][gc,cpu         ] GC(2552) User=0.39s Sys=0.00s Real=0.46s
[1732.113s][info][gc,start       ] GC(2553) Pause Young (Allocation Failure)
[1732.445s][info][gc,heap        ] GC(2553) DefNew: 629120K(629120K)->67249K(629120K) Eden: 559232K(559232K)->0K(559232K) From: 69888K(69888K)->67249K(69888K)
[1732.445s][info][gc,heap        ] GC(2553) Tenured: 552607K(1398144K)->586131K(1398144K)
[1732.445s][info][gc,metaspace   ] GC(2553) Metaspace: 23230K(23552K)->23230K(23552K) NonClass: 20431K(20608K)->20431K(20608K) Class: 2798K(2944K)->2798K(2944K)
[1732.445s][info][gc             ] GC(2553) Pause Young (Allocation Failure) 1154M->638M(1979M) 332.643ms
[1732.445s][info][gc,cpu         ] GC(2553) User=0.33s Sys=0.00s Real=0.35s
[1732.586s][info][gc,start       ] GC(2554) Pause Young (Allocation Failure)
[1733.035s][info][gc,heap        ] GC(2554) DefNew: 626481K(629120K)->69888K(629120K) Eden: 559232K(559232K)->0K(559232K) From: 67249K(69888K)->69888K(69888K)
[1733.035s][info][gc,heap        ] GC(2554) Tenured: 586131K(1398144K)->650669K(1398144K)
[1733.035s][info][gc,metaspace   ] GC(2554) Metaspace: 23230K(23552K)->23230K(23552K) NonClass: 20431K(20608K)->20431K(20608K) Class: 2798K(2944K)->2798K(2944K)
[1733.035s][info][gc             ] GC(2554) Pause Young (Allocation Failure) 1184M->703M(1979M) 448.445ms
[1733.035s][info][gc,cpu         ] GC(2554) User=0.44s Sys=0.00s Real=0.46s
[1733.465s][info][gc,start       ] GC(2555) Pause Young (Allocation Failure)
[1733.743s][info][gc,heap        ] GC(2555) DefNew: 629120K(629120K)->54213K(629120K) Eden: 559232K(559232K)->0K(559232K) From: 69888K(69888K)->54213K(69888K)
[1733.743s][info][gc,heap        ] GC(2555) Tenured: 650669K(1398144K)->685178K(1398144K)
[1733.743s][info][gc,metaspace   ] GC(2555) Metaspace: 23230K(23552K)->23230K(23552K) NonClass: 20431K(20608K)->20431K(20608K) Class: 2798K(2944K)->2798K(2944K)
[1733.743s][info][gc             ] GC(2555) Pause Young (Allocation Failure) 1249M->722M(1979M) 277.299ms
[1733.743s][info][gc,cpu         ] GC(2555) User=0.27s Sys=0.00s Real=0.28s
[1733.985s][info][gc,start       ] GC(2556) Pause Young (Allocation Failure)
[1734.323s][info][gc,heap        ] GC(2556) DefNew: 613445K(629120K)->69887K(629120K) Eden: 559232K(559232K)->0K(559232K) From: 54213K(69888K)->69887K(69888K)
[1734.323s][info][gc,heap        ] GC(2556) Tenured: 685178K(1398144K)->724848K(1398144K)
[1734.323s][info][gc,metaspace   ] GC(2556) Metaspace: 23230K(23552K)->23230K(23552K) NonClass: 20431K(20608K)->20431K(20608K) Class: 2798K(2944K)->2798K(2944K)
[1734.323s][info][gc             ] GC(2556) Pause Young (Allocation Failure) 1268M->776M(1979M) 338.275ms
[1734.323s][info][gc,cpu         ] GC(2556) User=0.31s Sys=0.00s Real=0.35s
[1734.471s][info][gc,start       ] GC(2557) Pause Young (Allocation Failure)
[1734.945s][info][gc,heap        ] GC(2557) DefNew: 629119K(629120K)->69888K(629120K) Eden: 559232K(559232K)->0K(559232K) From: 69887K(69888K)->69888K(69888K)
[1734.945s][info][gc,heap        ] GC(2557) Tenured: 724848K(1398144K)->789999K(1398144K)
[1734.945s][info][gc,metaspace   ] GC(2557) Metaspace: 23230K(23552K)->23230K(23552K) NonClass: 20431K(20608K)->20431K(20608K) Class: 2798K(2944K)->2798K(2944K)
[1734.945s][info][gc             ] GC(2557) Pause Young (Allocation Failure) 1322M->839M(1979M) 474.598ms
[1734.945s][info][gc,cpu         ] GC(2557) User=0.44s Sys=0.00s Real=0.49s
[1735.537s][info][gc,start       ] GC(2558) Pause Young (Allocation Failure)
[1735.817s][info][gc,heap        ] GC(2558) DefNew: 629120K(629120K)->52216K(629120K) Eden: 559232K(559232K)->0K(559232K) From: 69888K(69888K)->52216K(69888K)
[1735.817s][info][gc,heap        ] GC(2558) Tenured: 789999K(1398144K)->825716K(1398144K)
[1735.817s][info][gc,metaspace   ] GC(2558) Metaspace: 23230K(23552K)->23230K(23552K) NonClass: 20431K(20608K)->20431K(20608K) Class: 2798K(2944K)->2798K(2944K)
[1735.817s][info][gc             ] GC(2558) Pause Young (Allocation Failure) 1385M->857M(1979M) 279.821ms
[1735.817s][info][gc,cpu         ] GC(2558) User=0.28s Sys=0.00s Real=0.28s
[1735.968s][info][gc,start       ] GC(2559) Pause Young (Allocation Failure)
[1736.383s][info][gc,heap        ] GC(2559) DefNew: 611448K(629120K)->69887K(629120K) Eden: 559232K(559232K)->0K(559232K) From: 52216K(69888K)->69887K(69888K)
[1736.383s][info][gc,heap        ] GC(2559) Tenured: 825716K(1398144K)->876878K(1398144K)
[1736.383s][info][gc,metaspace   ] GC(2559) Metaspace: 23230K(23552K)->23230K(23552K) NonClass: 20431K(20608K)->20431K(20608K) Class: 2798K(2944K)->2798K(2944K)
[1736.383s][info][gc             ] GC(2559) Pause Young (Allocation Failure) 1403M->924M(1979M) 415.447ms
[1736.383s][info][gc,cpu         ] GC(2559) User=0.39s Sys=0.00s Real=0.42s
[1736.673s][info][gc,start       ] GC(2560) Pause Young (Allocation Failure)
[1737.108s][info][gc,heap        ] GC(2560) DefNew: 629119K(629120K)->69888K(629120K) Eden: 559232K(559232K)->0K(559232K) From: 69887K(69888K)->69888K(69888K)
[1737.109s][info][gc,heap        ] GC(2560) Tenured: 876878K(1398144K)->919727K(1398144K)
[1737.109s][info][gc,metaspace   ] GC(2560) Metaspace: 23230K(23552K)->23230K(23552K) NonClass: 20431K(20608K)->20431K(20608K) Class: 2798K(2944K)->2798K(2944K)
[1737.109s][info][gc             ] GC(2560) Pause Young (Allocation Failure) 1470M->966M(1979M) 435.361ms
[1737.109s][info][gc,cpu         ] GC(2560) User=0.41s Sys=0.00s Real=0.44s
[1737.507s][info][gc,start       ] GC(2561) Pause Young (Allocation Failure)
[1737.791s][info][gc,heap        ] GC(2561) DefNew: 629120K(629120K)->60398K(629120K) Eden: 559232K(559232K)->0K(559232K) From: 69888K(69888K)->60398K(69888K)
[1737.791s][info][gc,heap        ] GC(2561) Tenured: 919727K(1398144K)->956000K(1398144K)
[1737.791s][info][gc,metaspace   ] GC(2561) Metaspace: 23230K(23552K)->23230K(23552K) NonClass: 20431K(20608K)->20431K(20608K) Class: 2798K(2944K)->2798K(2944K)
[1737.791s][info][gc             ] GC(2561) Pause Young (Allocation Failure) 1512M->992M(1979M) 283.449ms
[1737.791s][info][gc,cpu         ] GC(2561) User=0.27s Sys=0.00s Real=0.28s
[1737.941s][info][gc,start       ] GC(2562) Pause Young (Allocation Failure)
[1738.391s][info][gc,heap        ] GC(2562) DefNew: 619630K(629120K)->69888K(629120K) Eden: 559232K(559232K)->0K(559232K) From: 60398K(69888K)->69888K(69888K)
[1738.391s][info][gc,heap        ] GC(2562) Tenured: 956000K(1398144K)->1014445K(1398144K)
[1738.391s][info][gc,metaspace   ] GC(2562) Metaspace: 23230K(23552K)->23230K(23552K) NonClass: 20431K(20608K)->20431K(20608K) Class: 2798K(2944K)->2798K(2944K)
[1738.391s][info][gc             ] GC(2562) Pause Young (Allocation Failure) 1538M->1058M(1979M) 450.671ms
[1738.391s][info][gc,cpu         ] GC(2562) User=0.45s Sys=0.00s Real=0.46s
[1738.966s][info][gc,start       ] GC(2563) Pause Young (Allocation Failure)
[1739.206s][info][gc,heap        ] GC(2563) DefNew: 629120K(629120K)->41750K(629120K) Eden: 559232K(559232K)->0K(559232K) From: 69888K(69888K)->41750K(69888K)
[1739.206s][info][gc,heap        ] GC(2563) Tenured: 1014445K(1398144K)->1051746K(1398144K)
[1739.206s][info][gc,metaspace   ] GC(2563) Metaspace: 23230K(23552K)->23230K(23552K) NonClass: 20431K(20608K)->20431K(20608K) Class: 2798K(2944K)->2798K(2944K)
[1739.206s][info][gc             ] GC(2563) Pause Young (Allocation Failure) 1605M->1067M(1979M) 240.625ms
[1739.206s][info][gc,cpu         ] GC(2563) User=0.25s Sys=0.00s Real=0.25s
[1739.373s][info][gc,start       ] GC(2564) Pause Young (Allocation Failure)
[1739.731s][info][gc,heap        ] GC(2564) DefNew: 600982K(629120K)->69887K(629120K) Eden: 559232K(559232K)->0K(559232K) From: 41750K(69888K)->69887K(69888K)
[1739.731s][info][gc,heap        ] GC(2564) Tenured: 1051746K(1398144K)->1091988K(1398144K)
[1739.731s][info][gc,metaspace   ] GC(2564) Metaspace: 23230K(23552K)->23230K(23552K) NonClass: 20431K(20608K)->20431K(20608K) Class: 2798K(2944K)->2798K(2944K)
[1739.731s][info][gc             ] GC(2564) Pause Young (Allocation Failure) 1613M->1134M(1979M) 358.352ms
[1739.731s][info][gc,cpu         ] GC(2564) User=0.34s Sys=0.00s Real=0.36s
[1739.880s][info][gc,start       ] GC(2565) Pause Young (Allocation Failure)
[1740.370s][info][gc,heap        ] GC(2565) DefNew: 629119K(629120K)->69887K(629120K) Eden: 559232K(559232K)->0K(559232K) From: 69887K(69888K)->69887K(69888K)
[1740.370s][info][gc,heap        ] GC(2565) Tenured: 1091988K(1398144K)->1159452K(1398144K)
[1740.370s][info][gc,metaspace   ] GC(2565) Metaspace: 23230K(23552K)->23230K(23552K) NonClass: 20431K(20608K)->20431K(20608K) Class: 2798K(2944K)->2798K(2944K)
[1740.370s][info][gc             ] GC(2565) Pause Young (Allocation Failure) 1680M->1200M(1979M) 489.699ms
[1740.370s][info][gc,cpu         ] GC(2565) User=0.47s Sys=0.00s Real=0.49s
[1740.909s][info][gc,start       ] GC(2566) Pause Young (Allocation Failure)
[1741.196s][info][gc,heap        ] GC(2566) DefNew: 629119K(629120K)->53705K(629120K) Eden: 559232K(559232K)->0K(559232K) From: 69887K(69888K)->53705K(69888K)
[1741.196s][info][gc,heap        ] GC(2566) Tenured: 1159452K(1398144K)->1194666K(1398144K)
[1741.196s][info][gc,metaspace   ] GC(2566) Metaspace: 23230K(23552K)->23230K(23552K) NonClass: 20431K(20608K)->20431K(20608K) Class: 2798K(2944K)->2798K(2944K)
[1741.196s][info][gc             ] GC(2566) Pause Young (Allocation Failure) 1746M->1219M(1979M) 287.304ms
[1741.197s][info][gc,cpu         ] GC(2566) User=0.33s Sys=0.00s Real=0.28s
[1741.340s][info][gc,start       ] GC(2567) Pause Young (Allocation Failure)
[1741.760s][info][gc,heap        ] GC(2567) DefNew: 612937K(629120K)->69888K(629120K) Eden: 559232K(559232K)->0K(559232K) From: 53705K(69888K)->69888K(69888K)
[1741.760s][info][gc,heap        ] GC(2567) Tenured: 1194666K(1398144K)->1246428K(1398144K)
[1741.760s][info][gc,metaspace   ] GC(2567) Metaspace: 23230K(23552K)->23230K(23552K) NonClass: 20431K(20608K)->20431K(20608K) Class: 2798K(2944K)->2798K(2944K)
[1741.760s][info][gc             ] GC(2567) Pause Young (Allocation Failure) 1765M->1285M(1979M) 419.912ms
[1741.760s][info][gc,cpu         ] GC(2567) User=0.42s Sys=0.00s Real=0.42s
[1742.061s][info][gc,start       ] GC(2568) Pause Young (Allocation Failure)
[1742.445s][info][gc,heap        ] GC(2568) DefNew: 629120K(629120K)->69887K(629120K) Eden: 559232K(559232K)->0K(559232K) From: 69888K(69888K)->69887K(69888K)
[1742.445s][info][gc,heap        ] GC(2568) Tenured: 1246428K(1398144K)->1291938K(1398144K)
[1742.445s][info][gc,metaspace   ] GC(2568) Metaspace: 23230K(23552K)->23230K(23552K) NonClass: 20431K(20608K)->20431K(20608K) Class: 2798K(2944K)->2798K(2944K)
[1742.445s][info][gc             ] GC(2568) Pause Young (Allocation Failure) 1831M->1329M(1979M) 384.070ms
[1742.446s][info][gc,cpu         ] GC(2568) User=0.34s Sys=0.02s Real=0.38s
[1742.806s][info][gc,start       ] GC(2569) Pause Full (System.gc())
[1742.806s][info][gc,phases,start] GC(2569) Phase 1: Mark live objects
[1743.013s][info][gc,phases      ] GC(2569) Phase 1: Mark live objects 206.789ms
[1743.013s][info][gc,phases,start] GC(2569) Phase 2: Compute new object addresses
[1743.251s][info][gc,phases      ] GC(2569) Phase 2: Compute new object addresses 238.315ms
[1743.251s][info][gc,phases,start] GC(2569) Phase 3: Adjust pointers
[1743.333s][info][gc,phases      ] GC(2569) Phase 3: Adjust pointers 81.395ms
[1743.333s][info][gc,phases,start] GC(2569) Phase 4: Move objects
[1743.367s][info][gc,phases      ] GC(2569) Phase 4: Move objects 34.081ms
[1743.367s][info][gc,heap        ] GC(2569) DefNew: 276746K(629120K)->0K(629120K) Eden: 206858K(559232K)->0K(559232K) From: 69887K(69888K)->0K(69888K)
[1743.367s][info][gc,heap        ] GC(2569) Tenured: 1291938K(1398144K)->167270K(1398144K)
[1743.367s][info][gc,metaspace   ] GC(2569) Metaspace: 23230K(23552K)->23230K(23552K) NonClass: 20431K(20608K)->20431K(20608K) Class: 2798K(2944K)->2798K(2944K)
[1743.367s][info][gc             ] GC(2569) Pause Full (System.gc()) 1531M->163M(1979M) 561.315ms
[1743.367s][info][gc,cpu         ] GC(2569) User=0.52s Sys=0.00s Real=0.57s
[1743.518s][info][gc,start       ] GC(2570) Pause Young (Allocation Failure)
[1743.821s][info][gc,heap        ] GC(2570) DefNew: 559232K(629120K)->69887K(629120K) Eden: 559232K(559232K)->0K(559232K) From: 0K(69888K)->69887K(69888K)
[1743.821s][info][gc,heap        ] GC(2570) Tenured: 167270K(1398144K)->170983K(1398144K)
[1743.821s][info][gc,metaspace   ] GC(2570) Metaspace: 23230K(23552K)->23230K(23552K) NonClass: 20431K(20608K)->20431K(20608K) Class: 2798K(2944K)->2798K(2944K)
[1743.821s][info][gc             ] GC(2570) Pause Young (Allocation Failure) 709M->235M(1979M) 303.009ms
[1743.821s][info][gc,cpu         ] GC(2570) User=0.30s Sys=0.00s Real=0.30s
[1743.977s][info][gc,start       ] GC(2571) Pause Young (Allocation Failure)
[1744.477s][info][gc,heap        ] GC(2571) DefNew: 629119K(629120K)->69888K(629120K) Eden: 559232K(559232K)->0K(559232K) From: 69887K(69888K)->69888K(69888K)
[1744.477s][info][gc,heap        ] GC(2571) Tenured: 170983K(1398144K)->239703K(1398144K)
[1744.477s][info][gc,metaspace   ] GC(2571) Metaspace: 23230K(23552K)->23230K(23552K) NonClass: 20431K(20608K)->20431K(20608K) Class: 2798K(2944K)->2798K(2944K)
[1744.477s][info][gc             ] GC(2571) Pause Young (Allocation Failure) 781M->302M(1979M) 499.657ms
[1744.477s][info][gc,cpu         ] GC(2571) User=0.47s Sys=0.00s Real=0.50s
[1745.049s][info][gc,start       ] GC(2572) Pause Young (Allocation Failure)
[1745.344s][info][gc,heap        ] GC(2572) DefNew: 629120K(629120K)->57205K(629120K) Eden: 559232K(559232K)->0K(559232K) From: 69888K(69888K)->57205K(69888K)
[1745.344s][info][gc,heap        ] GC(2572) Tenured: 239703K(1398144K)->274980K(1398144K)
[1745.344s][info][gc,metaspace   ] GC(2572) Metaspace: 23230K(23552K)->23230K(23552K) NonClass: 20431K(20608K)->20431K(20608K) Class: 2798K(2944K)->2798K(2944K)
[1745.344s][info][gc             ] GC(2572) Pause Young (Allocation Failure) 848M->324M(1979M) 295.229ms
[1745.344s][info][gc,cpu         ] GC(2572) User=0.27s Sys=0.00s Real=0.30s
[1745.482s][info][gc,start       ] GC(2573) Pause Young (Allocation Failure)
[1745.906s][info][gc,heap        ] GC(2573) DefNew: 616437K(629120K)->69888K(629120K) Eden: 559232K(559232K)->0K(559232K) From: 57205K(69888K)->69888K(69888K)
[1745.906s][info][gc,heap        ] GC(2573) Tenured: 274980K(1398144K)->326439K(1398144K)
[1745.906s][info][gc,metaspace   ] GC(2573) Metaspace: 23230K(23552K)->23230K(23552K) NonClass: 20431K(20608K)->20431K(20608K) Class: 2798K(2944K)->2798K(2944K)
[1745.906s][info][gc             ] GC(2573) Pause Young (Allocation Failure) 870M->387M(1979M) 423.689ms
[1745.906s][info][gc,cpu         ] GC(2573) User=0.42s Sys=0.00s Real=0.42s
[1746.219s][info][gc,start       ] GC(2574) Pause Young (Allocation Failure)
[1746.616s][info][gc,heap        ] GC(2574) DefNew: 629120K(629120K)->68944K(629120K) Eden: 559232K(559232K)->0K(559232K) From: 69888K(69888K)->68944K(69888K)
[1746.616s][info][gc,heap        ] GC(2574) Tenured: 326439K(1398144K)->367415K(1398144K)
[1746.616s][info][gc,metaspace   ] GC(2574) Metaspace: 23230K(23552K)->23230K(23552K) NonClass: 20431K(20608K)->20431K(20608K) Class: 2798K(2944K)->2798K(2944K)
[1746.616s][info][gc             ] GC(2574) Pause Young (Allocation Failure) 933M->426M(1979M) 397.416ms
[1746.616s][info][gc,cpu         ] GC(2574) User=0.34s Sys=0.00s Real=0.40s
[1747.015s][info][gc,start       ] GC(2575) Pause Young (Allocation Failure)
[1747.332s][info][gc,heap        ] GC(2575) DefNew: 628176K(629120K)->62919K(629120K) Eden: 559232K(559232K)->0K(559232K) From: 68944K(69888K)->62919K(69888K)
[1747.332s][info][gc,heap        ] GC(2575) Tenured: 367415K(1398144K)->403359K(1398144K)
[1747.332s][info][gc,metaspace   ] GC(2575) Metaspace: 23230K(23552K)->23230K(23552K) NonClass: 20431K(20608K)->20431K(20608K) Class: 2798K(2944K)->2798K(2944K)
[1747.332s][info][gc             ] GC(2575) Pause Young (Allocation Failure) 972M->455M(1979M) 317.305ms
[1747.332s][info][gc,cpu         ] GC(2575) User=0.30s Sys=0.00s Real=0.31s
[1747.470s][info][gc,start       ] GC(2576) Pause Young (Allocation Failure)
[1747.905s][info][gc,heap        ] GC(2576) DefNew: 622151K(629120K)->69887K(629120K) Eden: 559232K(559232K)->0K(559232K) From: 62919K(69888K)->69887K(69888K)
[1747.906s][info][gc,heap        ] GC(2576) Tenured: 403359K(1398144K)->459976K(1398144K)
[1747.906s][info][gc,metaspace   ] GC(2576) Metaspace: 23230K(23552K)->23230K(23552K) NonClass: 20431K(20608K)->20431K(20608K) Class: 2798K(2944K)->2798K(2944K)
[1747.906s][info][gc             ] GC(2576) Pause Young (Allocation Failure) 1001M->517M(1979M) 435.765ms
[1747.906s][info][gc,cpu         ] GC(2576) User=0.45s Sys=0.00s Real=0.44s
[1748.422s][info][gc,start       ] GC(2577) Pause Young (Allocation Failure)
[1748.698s][info][gc,heap        ] GC(2577) DefNew: 629119K(629120K)->51507K(629120K) Eden: 559232K(559232K)->0K(559232K) From: 69887K(69888K)->51507K(69888K)
[1748.699s][info][gc,heap        ] GC(2577) Tenured: 459976K(1398144K)->494016K(1398144K)
[1748.699s][info][gc,metaspace   ] GC(2577) Metaspace: 23230K(23552K)->23230K(23552K) NonClass: 20431K(20608K)->20431K(20608K) Class: 2798K(2944K)->2798K(2944K)
[1748.699s][info][gc             ] GC(2577) Pause Young (Allocation Failure) 1063M->532M(1979M) 276.535ms
[1748.699s][info][gc,cpu         ] GC(2577) User=0.27s Sys=0.00s Real=0.27s
[1749.062s][info][gc,start       ] GC(2578) Pause Young (Allocation Failure)
[1749.369s][info][gc,heap        ] GC(2578) DefNew: 610739K(629120K)->66950K(629120K) Eden: 559232K(559232K)->0K(559232K) From: 51507K(69888K)->66950K(69888K)
[1749.369s][info][gc,heap        ] GC(2578) Tenured: 494016K(1398144K)->525785K(1398144K)
[1749.369s][info][gc,metaspace   ] GC(2578) Metaspace: 23230K(23552K)->23230K(23552K) NonClass: 20431K(20608K)->20431K(20608K) Class: 2798K(2944K)->2798K(2944K)
[1749.369s][info][gc             ] GC(2578) Pause Young (Allocation Failure) 1078M->578M(1979M) 307.293ms
[1749.369s][info][gc,cpu         ] GC(2578) User=0.28s Sys=0.00s Real=0.31s
[1749.509s][info][gc,start       ] GC(2579) Pause Young (Allocation Failure)
[1749.952s][info][gc,heap        ] GC(2579) DefNew: 626182K(629120K)->69887K(629120K) Eden: 559232K(559232K)->0K(559232K) From: 66950K(69888K)->69887K(69888K)
[1749.952s][info][gc,heap        ] GC(2579) Tenured: 525785K(1398144K)->584257K(1398144K)
[1749.952s][info][gc,metaspace   ] GC(2579) Metaspace: 23230K(23552K)->23230K(23552K) NonClass: 20431K(20608K)->20431K(20608K) Class: 2798K(2944K)->2798K(2944K)
[1749.952s][info][gc             ] GC(2579) Pause Young (Allocation Failure) 1124M->638M(1979M) 443.132ms
[1749.953s][info][gc,cpu         ] GC(2579) User=0.42s Sys=0.00s Real=0.45s
[1750.510s][info][gc,start       ] GC(2580) Pause Young (Allocation Failure)
[1750.787s][info][gc,heap        ] GC(2580) DefNew: 629119K(629120K)->51968K(629120K) Eden: 559232K(559232K)->0K(559232K) From: 69887K(69888K)->51968K(69888K)
[1750.787s][info][gc,heap        ] GC(2580) Tenured: 584257K(1398144K)->616181K(1398144K)
[1750.787s][info][gc,metaspace   ] GC(2580) Metaspace: 23230K(23552K)->23230K(23552K) NonClass: 20431K(20608K)->20431K(20608K) Class: 2798K(2944K)->2798K(2944K)
[1750.787s][info][gc             ] GC(2580) Pause Young (Allocation Failure) 1184M->652M(1979M) 277.461ms
[1750.787s][info][gc,cpu         ] GC(2580) User=0.28s Sys=0.00s Real=0.28s
[1750.935s][info][gc,start       ] GC(2581) Pause Young (Allocation Failure)
[1751.358s][info][gc,heap        ] GC(2581) DefNew: 611200K(629120K)->69887K(629120K) Eden: 559232K(559232K)->0K(559232K) From: 51968K(69888K)->69887K(69888K)
[1751.358s][info][gc,heap        ] GC(2581) Tenured: 616181K(1398144K)->667085K(1398144K)
[1751.358s][info][gc,metaspace   ] GC(2581) Metaspace: 23230K(23552K)->23230K(23552K) NonClass: 20431K(20608K)->20431K(20608K) Class: 2798K(2944K)->2798K(2944K)
[1751.358s][info][gc             ] GC(2581) Pause Young (Allocation Failure) 1198M->719M(1979M) 422.525ms
[1751.358s][info][gc,cpu         ] GC(2581) User=0.42s Sys=0.00s Real=0.42s
[1751.576s][info][gc,start       ] GC(2582) Pause Young (Allocation Failure)
[1752.034s][info][gc,heap        ] GC(2582) DefNew: 629119K(629120K)->69888K(629120K) Eden: 559232K(559232K)->0K(559232K) From: 69887K(69888K)->69888K(69888K)
[1752.034s][info][gc,heap        ] GC(2582) Tenured: 667085K(1398144K)->716369K(1398144K)
[1752.034s][info][gc,metaspace   ] GC(2582) Metaspace: 23230K(23552K)->23230K(23552K) NonClass: 20431K(20608K)->20431K(20608K) Class: 2798K(2944K)->2798K(2944K)
[1752.034s][info][gc             ] GC(2582) Pause Young (Allocation Failure) 1265M->767M(1979M) 457.474ms
[1752.034s][info][gc,cpu         ] GC(2582) User=0.39s Sys=0.00s Real=0.46s
[1752.506s][info][gc,start       ] GC(2583) Pause Young (Allocation Failure)
[1752.822s][info][gc,heap        ] GC(2583) DefNew: 629120K(629120K)->68432K(629120K) Eden: 559232K(559232K)->0K(559232K) From: 69888K(69888K)->68432K(69888K)
[1752.822s][info][gc,heap        ] GC(2583) Tenured: 716369K(1398144K)->750378K(1398144K)
[1752.822s][info][gc,metaspace   ] GC(2583) Metaspace: 23230K(23552K)->23230K(23552K) NonClass: 20431K(20608K)->20431K(20608K) Class: 2798K(2944K)->2798K(2944K)
[1752.822s][info][gc             ] GC(2583) Pause Young (Allocation Failure) 1313M->799M(1979M) 315.705ms
[1752.822s][info][gc,cpu         ] GC(2583) User=0.30s Sys=0.00s Real=0.31s
[1752.976s][info][gc,start       ] GC(2584) Pause Young (Allocation Failure)
[1753.410s][info][gc,heap        ] GC(2584) DefNew: 627664K(629120K)->69888K(629120K) Eden: 559232K(559232K)->0K(559232K) From: 68432K(69888K)->69888K(69888K)
[1753.411s][info][gc,heap        ] GC(2584) Tenured: 750378K(1398144K)->816733K(1398144K)
[1753.411s][info][gc,metaspace   ] GC(2584) Metaspace: 23230K(23552K)->23230K(23552K) NonClass: 20431K(20608K)->20431K(20608K) Class: 2798K(2944K)->2798K(2944K)
[1753.411s][info][gc             ] GC(2584) Pause Young (Allocation Failure) 1345M->865M(1979M) 434.984ms
[1753.411s][info][gc,cpu         ] GC(2584) User=0.42s Sys=0.00s Real=0.42s
[1753.910s][info][gc,start       ] GC(2585) Pause Young (Allocation Failure)
[1754.166s][info][gc,heap        ] GC(2585) DefNew: 629120K(629120K)->44114K(629120K) Eden: 559232K(559232K)->0K(559232K) From: 69888K(69888K)->44114K(69888K)
[1754.166s][info][gc,heap        ] GC(2585) Tenured: 816733K(1398144K)->852790K(1398144K)
[1754.166s][info][gc,metaspace   ] GC(2585) Metaspace: 23230K(23552K)->23230K(23552K) NonClass: 20431K(20608K)->20431K(20608K) Class: 2798K(2944K)->2798K(2944K)
[1754.166s][info][gc             ] GC(2585) Pause Young (Allocation Failure) 1411M->875M(1979M) 255.380ms
[1754.166s][info][gc,cpu         ] GC(2585) User=0.25s Sys=0.00s Real=0.25s
[1754.313s][info][gc,start       ] GC(2586) Pause Young (Allocation Failure)
[1754.702s][info][gc,heap        ] GC(2586) DefNew: 603346K(629120K)->69888K(629120K) Eden: 559232K(559232K)->0K(559232K) From: 44114K(69888K)->69888K(69888K)
[1754.702s][info][gc,heap        ] GC(2586) Tenured: 852790K(1398144K)->897477K(1398144K)
[1754.702s][info][gc,metaspace   ] GC(2586) Metaspace: 23230K(23552K)->23230K(23552K) NonClass: 20431K(20608K)->20431K(20608K) Class: 2798K(2944K)->2798K(2944K)
[1754.702s][info][gc             ] GC(2586) Pause Young (Allocation Failure) 1422M->944M(1979M) 388.657ms
[1754.702s][info][gc,cpu         ] GC(2586) User=0.39s Sys=0.00s Real=0.39s
[1754.844s][info][gc,start       ] GC(2587) Pause Young (Allocation Failure)
[1755.306s][info][gc,heap        ] GC(2587) DefNew: 629120K(629120K)->69887K(629120K) Eden: 559232K(559232K)->0K(559232K) From: 69888K(69888K)->69887K(69888K)
[1755.306s][info][gc,heap        ] GC(2587) Tenured: 897477K(1398144K)->959046K(1398144K)
[1755.306s][info][gc,metaspace   ] GC(2587) Metaspace: 23230K(23552K)->23230K(23552K) NonClass: 20431K(20608K)->20431K(20608K) Class: 2798K(2944K)->2798K(2944K)
[1755.306s][info][gc             ] GC(2587) Pause Young (Allocation Failure) 1490M->1004M(1979M) 461.669ms
[1755.306s][info][gc,cpu         ] GC(2587) User=0.41s Sys=0.00s Real=0.45s
[1755.897s][info][gc,start       ] GC(2588) Pause Young (Allocation Failure)
[1756.202s][info][gc,heap        ] GC(2588) DefNew: 629119K(629120K)->59315K(629120K) Eden: 559232K(559232K)->0K(559232K) From: 69887K(69888K)->59315K(69888K)
[1756.202s][info][gc,heap        ] GC(2588) Tenured: 959046K(1398144K)->992152K(1398144K)
[1756.202s][info][gc,metaspace   ] GC(2588) Metaspace: 23230K(23552K)->23230K(23552K) NonClass: 20431K(20608K)->20431K(20608K) Class: 2798K(2944K)->2798K(2944K)
[1756.202s][info][gc             ] GC(2588) Pause Young (Allocation Failure) 1550M->1026M(1979M) 305.045ms
[1756.202s][info][gc,cpu         ] GC(2588) User=0.27s Sys=0.00s Real=0.30s
[1756.351s][info][gc,start       ] GC(2589) Pause Young (Allocation Failure)
[1756.790s][info][gc,heap        ] GC(2589) DefNew: 618547K(629120K)->69888K(629120K) Eden: 559232K(559232K)->0K(559232K) From: 59315K(69888K)->69888K(69888K)
[1756.790s][info][gc,heap        ] GC(2589) Tenured: 992152K(1398144K)->1049560K(1398144K)
[1756.790s][info][gc,metaspace   ] GC(2589) Metaspace: 23230K(23552K)->23230K(23552K) NonClass: 20431K(20608K)->20431K(20608K) Class: 2798K(2944K)->2798K(2944K)
[1756.790s][info][gc             ] GC(2589) Pause Young (Allocation Failure) 1572M->1093M(1979M) 439.554ms
[1756.790s][info][gc,cpu         ] GC(2589) User=0.44s Sys=0.00s Real=0.44s
[1757.177s][info][gc,start       ] GC(2590) Pause Young (Allocation Failure)
[1757.489s][info][gc,heap        ] GC(2590) DefNew: 629120K(629120K)->64382K(629120K) Eden: 559232K(559232K)->0K(559232K) From: 69888K(69888K)->64382K(69888K)
[1757.489s][info][gc,heap        ] GC(2590) Tenured: 1049560K(1398144K)->1086232K(1398144K)
[1757.489s][info][gc,metaspace   ] GC(2590) Metaspace: 23230K(23552K)->23230K(23552K) NonClass: 20431K(20608K)->20431K(20608K) Class: 2798K(2944K)->2798K(2944K)
[1757.489s][info][gc             ] GC(2590) Pause Young (Allocation Failure) 1639M->1123M(1979M) 312.425ms
[1757.489s][info][gc,cpu         ] GC(2590) User=0.30s Sys=0.00s Real=0.31s
[1757.800s][info][gc,start       ] GC(2591) Pause Young (Allocation Failure)
[1758.101s][info][gc,heap        ] GC(2591) DefNew: 623614K(629120K)->64615K(629120K) Eden: 559232K(559232K)->0K(559232K) From: 64382K(69888K)->64615K(69888K)
[1758.101s][info][gc,heap        ] GC(2591) Tenured: 1086232K(1398144K)->1122237K(1398144K)
[1758.101s][info][gc,metaspace   ] GC(2591) Metaspace: 23230K(23552K)->23230K(23552K) NonClass: 20431K(20608K)->20431K(20608K) Class: 2798K(2944K)->2798K(2944K)
[1758.101s][info][gc             ] GC(2591) Pause Young (Allocation Failure) 1669M->1159M(1979M) 301.172ms
[1758.101s][info][gc,cpu         ] GC(2591) User=0.28s Sys=0.00s Real=0.30s
[1758.246s][info][gc,start       ] GC(2592) Pause Young (Allocation Failure)
[1758.709s][info][gc,heap        ] GC(2592) DefNew: 623847K(629120K)->69888K(629120K) Eden: 559232K(559232K)->0K(559232K) From: 64615K(69888K)->69888K(69888K)
[1758.709s][info][gc,heap        ] GC(2592) Tenured: 1122237K(1398144K)->1183809K(1398144K)
[1758.709s][info][gc,metaspace   ] GC(2592) Metaspace: 23230K(23552K)->23230K(23552K) NonClass: 20431K(20608K)->20431K(20608K) Class: 2798K(2944K)->2798K(2944K)
[1758.709s][info][gc             ] GC(2592) Pause Young (Allocation Failure) 1705M->1224M(1979M) 462.882ms
[1758.709s][info][gc,cpu         ] GC(2592) User=0.44s Sys=0.00s Real=0.45s
[1759.287s][info][gc,start       ] GC(2593) Pause Young (Allocation Failure)
[1759.545s][info][gc,heap        ] GC(2593) DefNew: 629120K(629120K)->45342K(629120K) Eden: 559232K(559232K)->0K(559232K) From: 69888K(69888K)->45342K(69888K)
[1759.545s][info][gc,heap        ] GC(2593) Tenured: 1183809K(1398144K)->1219113K(1398144K)
[1759.545s][info][gc,metaspace   ] GC(2593) Metaspace: 23230K(23552K)->23230K(23552K) NonClass: 20431K(20608K)->20431K(20608K) Class: 2798K(2944K)->2798K(2944K)
[1759.545s][info][gc             ] GC(2593) Pause Young (Allocation Failure) 1770M->1234M(1979M) 258.397ms
[1759.545s][info][gc,cpu         ] GC(2593) User=0.25s Sys=0.00s Real=0.25s
[1759.687s][info][gc,start       ] GC(2594) Pause Young (Allocation Failure)
[1760.082s][info][gc,heap        ] GC(2594) DefNew: 604574K(629120K)->69888K(629120K) Eden: 559232K(559232K)->0K(559232K) From: 45342K(69888K)->69888K(69888K)
[1760.082s][info][gc,heap        ] GC(2594) Tenured: 1219113K(1398144K)->1264337K(1398144K)
[1760.082s][info][gc,metaspace   ] GC(2594) Metaspace: 23230K(23552K)->23230K(23552K) NonClass: 20431K(20608K)->20431K(20608K) Class: 2798K(2944K)->2798K(2944K)
[1760.082s][info][gc             ] GC(2594) Pause Young (Allocation Failure) 1780M->1302M(1979M) 394.585ms
[1760.082s][info][gc,cpu         ] GC(2594) User=0.39s Sys=0.00s Real=0.39s
[1760.222s][info][gc,start       ] GC(2595) Pause Young (Allocation Failure)
[1760.690s][info][gc,heap        ] GC(2595) DefNew: 629120K(629120K)->69887K(629120K) Eden: 559232K(559232K)->0K(559232K) From: 69888K(69888K)->69887K(69888K)
[1760.690s][info][gc,heap        ] GC(2595) Tenured: 1264337K(1398144K)->1326089K(1398144K)
[1760.690s][info][gc,metaspace   ] GC(2595) Metaspace: 23230K(23552K)->23230K(23552K) NonClass: 20431K(20608K)->20431K(20608K) Class: 2798K(2944K)->2798K(2944K)
[1760.690s][info][gc             ] GC(2595) Pause Young (Allocation Failure) 1849M->1363M(1979M) 468.279ms
[1760.690s][info][gc,cpu         ] GC(2595) User=0.45s Sys=0.00s Real=0.47s
[1761.164s][info][gc,start       ] GC(2596) Pause Full (System.gc())
[1761.165s][info][gc,phases,start] GC(2596) Phase 1: Mark live objects
[1761.344s][info][gc,phases      ] GC(2596) Phase 1: Mark live objects 179.751ms
[1761.344s][info][gc,phases,start] GC(2596) Phase 2: Compute new object addresses
[1761.596s][info][gc,phases      ] GC(2596) Phase 2: Compute new object addresses 251.796ms
[1761.596s][info][gc,phases,start] GC(2596) Phase 3: Adjust pointers
[1761.695s][info][gc,phases      ] GC(2596) Phase 3: Adjust pointers 98.892ms
[1761.695s][info][gc,phases,start] GC(2596) Phase 4: Move objects
[1761.736s][info][gc,phases      ] GC(2596) Phase 4: Move objects 40.656ms
[1761.736s][info][gc,heap        ] GC(2596) DefNew: 397249K(629120K)->0K(629120K) Eden: 327361K(559232K)->0K(559232K) From: 69887K(69888K)->0K(69888K)
[1761.736s][info][gc,heap        ] GC(2596) Tenured: 1326089K(1398144K)->167493K(1398144K)
[1761.736s][info][gc,metaspace   ] GC(2596) Metaspace: 23232K(23552K)->23232K(23552K) NonClass: 20434K(20608K)->20434K(20608K) Class: 2798K(2944K)->2798K(2944K)
[1761.736s][info][gc             ] GC(2596) Pause Full (System.gc()) 1682M->163M(1979M) 571.732ms
[1761.736s][info][gc,cpu         ] GC(2596) User=0.55s Sys=0.00s Real=0.57s
[1761.904s][info][gc,start       ] GC(2597) Pause Young (Allocation Failure)
[1762.225s][info][gc,heap        ] GC(2597) DefNew: 559232K(629120K)->69888K(629120K) Eden: 559232K(559232K)->0K(559232K) From: 0K(69888K)->69888K(69888K)
[1762.225s][info][gc,heap        ] GC(2597) Tenured: 167493K(1398144K)->175233K(1398144K)
[1762.225s][info][gc,metaspace   ] GC(2597) Metaspace: 23245K(23552K)->23245K(23552K) NonClass: 20447K(20608K)->20447K(20608K) Class: 2798K(2944K)->2798K(2944K)
[1762.225s][info][gc             ] GC(2597) Pause Young (Allocation Failure) 709M->239M(1979M) 321.395ms
[1762.225s][info][gc,cpu         ] GC(2597) User=0.30s Sys=0.00s Real=0.31s
[1762.366s][info][gc,start       ] GC(2598) Pause Young (Allocation Failure)
[1762.842s][info][gc,heap        ] GC(2598) DefNew: 629120K(629120K)->69887K(629120K) Eden: 559232K(559232K)->0K(559232K) From: 69888K(69888K)->69887K(69888K)
[1762.842s][info][gc,heap        ] GC(2598) Tenured: 175233K(1398144K)->241714K(1398144K)
[1762.842s][info][gc,metaspace   ] GC(2598) Metaspace: 23245K(23552K)->23245K(23552K) NonClass: 20447K(20608K)->20447K(20608K) Class: 2798K(2944K)->2798K(2944K)
[1762.842s][info][gc             ] GC(2598) Pause Young (Allocation Failure) 785M->304M(1979M) 475.263ms
[1762.842s][info][gc,cpu         ] GC(2598) User=0.48s Sys=0.00s Real=0.49s
[1763.411s][info][gc,start       ] GC(2599) Pause Young (Allocation Failure)
[1763.726s][info][gc,heap        ] GC(2599) DefNew: 629119K(629120K)->60147K(629120K) Eden: 559232K(559232K)->0K(559232K) From: 69887K(69888K)->60147K(69888K)
[1763.726s][info][gc,heap        ] GC(2599) Tenured: 241714K(1398144K)->275426K(1398144K)
[1763.726s][info][gc,metaspace   ] GC(2599) Metaspace: 23245K(23552K)->23245K(23552K) NonClass: 20447K(20608K)->20447K(20608K) Class: 2798K(2944K)->2798K(2944K)
[1763.726s][info][gc             ] GC(2599) Pause Young (Allocation Failure) 850M->327M(1979M) 314.843ms
[1763.726s][info][gc,cpu         ] GC(2599) User=0.33s Sys=0.00s Real=0.32s
[1763.878s][info][gc,start       ] GC(2600) Pause Young (Allocation Failure)
[1764.318s][info][gc,heap        ] GC(2600) DefNew: 619379K(629120K)->69887K(629120K) Eden: 559232K(559232K)->0K(559232K) From: 60147K(69888K)->69887K(69888K)
[1764.318s][info][gc,heap        ] GC(2600) Tenured: 275426K(1398144K)->333898K(1398144K)
[1764.318s][info][gc,metaspace   ] GC(2600) Metaspace: 23245K(23552K)->23245K(23552K) NonClass: 20447K(20608K)->20447K(20608K) Class: 2798K(2944K)->2798K(2944K)
[1764.318s][info][gc             ] GC(2600) Pause Young (Allocation Failure) 873M->394M(1979M) 440.139ms
[1764.318s][info][gc,cpu         ] GC(2600) User=0.44s Sys=0.00s Real=0.44s
[1764.711s][info][gc,start       ] GC(2601) Pause Young (Allocation Failure)
[1765.009s][info][gc,heap        ] GC(2601) DefNew: 629119K(629120K)->60084K(629120K) Eden: 559232K(559232K)->0K(559232K) From: 69887K(69888K)->60084K(69888K)
[1765.009s][info][gc,heap        ] GC(2601) Tenured: 333898K(1398144K)->370259K(1398144K)
[1765.009s][info][gc,metaspace   ] GC(2601) Metaspace: 23245K(23552K)->23245K(23552K) NonClass: 20447K(20608K)->20447K(20608K) Class: 2798K(2944K)->2798K(2944K)
[1765.009s][info][gc             ] GC(2601) Pause Young (Allocation Failure) 940M->420M(1979M) 298.790ms
[1765.009s][info][gc,cpu         ] GC(2601) User=0.28s Sys=0.00s Real=0.30s
[1765.276s][info][gc,start       ] GC(2602) Pause Young (Allocation Failure)
[1765.596s][info][gc,heap        ] GC(2602) DefNew: 619316K(629120K)->67809K(629120K) Eden: 559232K(559232K)->0K(559232K) From: 60084K(69888K)->67809K(69888K)
[1765.596s][info][gc,heap        ] GC(2602) Tenured: 370259K(1398144K)->406469K(1398144K)
[1765.596s][info][gc,metaspace   ] GC(2602) Metaspace: 23245K(23552K)->23245K(23552K) NonClass: 20447K(20608K)->20447K(20608K) Class: 2798K(2944K)->2798K(2944K)
[1765.596s][info][gc             ] GC(2602) Pause Young (Allocation Failure) 966M->463M(1979M) 319.824ms
[1765.596s][info][gc,cpu         ] GC(2602) User=0.30s Sys=0.00s Real=0.31s
[1765.746s][info][gc,start       ] GC(2603) Pause Young (Allocation Failure)
[1766.207s][info][gc,heap        ] GC(2603) DefNew: 627041K(629120K)->69887K(629120K) Eden: 559232K(559232K)->0K(559232K) From: 67809K(69888K)->69887K(69888K)
[1766.207s][info][gc,heap        ] GC(2603) Tenured: 406469K(1398144K)->468192K(1398144K)
[1766.207s][info][gc,metaspace   ] GC(2603) Metaspace: 23245K(23552K)->23245K(23552K) NonClass: 20447K(20608K)->20447K(20608K) Class: 2798K(2944K)->2798K(2944K)
[1766.207s][info][gc             ] GC(2603) Pause Young (Allocation Failure) 1009M->525M(1979M) 461.756ms
[1766.207s][info][gc,cpu         ] GC(2603) User=0.44s Sys=0.00s Real=0.46s
[1766.815s][info][gc,start       ] GC(2604) Pause Young (Allocation Failure)
[1767.088s][info][gc,heap        ] GC(2604) DefNew: 629119K(629120K)->48271K(629120K) Eden: 559232K(559232K)->0K(559232K) From: 69887K(69888K)->48271K(69888K)
[1767.088s][info][gc,heap        ] GC(2604) Tenured: 468192K(1398144K)->503210K(1398144K)
[1767.088s][info][gc,metaspace   ] GC(2604) Metaspace: 23245K(23552K)->23245K(23552K) NonClass: 20447K(20608K)->20447K(20608K) Class: 2798K(2944K)->2798K(2944K)
[1767.088s][info][gc             ] GC(2604) Pause Young (Allocation Failure) 1071M->538M(1979M) 273.077ms
[1767.088s][info][gc,cpu         ] GC(2604) User=0.28s Sys=0.00s Real=0.27s
[1767.235s][info][gc,start       ] GC(2605) Pause Young (Allocation Failure)
[1767.644s][info][gc,heap        ] GC(2605) DefNew: 607503K(629120K)->69887K(629120K) Eden: 559232K(559232K)->0K(559232K) From: 48271K(69888K)->69887K(69888K)
[1767.644s][info][gc,heap        ] GC(2605) Tenured: 503210K(1398144K)->551185K(1398144K)
[1767.644s][info][gc,metaspace   ] GC(2605) Metaspace: 23245K(23552K)->23245K(23552K) NonClass: 20447K(20608K)->20447K(20608K) Class: 2798K(2944K)->2798K(2944K)
[1767.644s][info][gc             ] GC(2605) Pause Young (Allocation Failure) 1084M->606M(1979M) 409.379ms
[1767.644s][info][gc,cpu         ] GC(2605) User=0.42s Sys=0.00s Real=0.41s
[1767.833s][info][gc,start       ] GC(2606) Pause Young (Allocation Failure)
[1768.308s][info][gc,heap        ] GC(2606) DefNew: 629119K(629120K)->69888K(629120K) Eden: 559232K(559232K)->0K(559232K) From: 69887K(69888K)->69888K(69888K)
[1768.308s][info][gc,heap        ] GC(2606) Tenured: 551185K(1398144K)->606021K(1398144K)
[1768.308s][info][gc,metaspace   ] GC(2606) Metaspace: 23245K(23552K)->23245K(23552K) NonClass: 20447K(20608K)->20447K(20608K) Class: 2798K(2944K)->2798K(2944K)
[1768.308s][info][gc             ] GC(2606) Pause Young (Allocation Failure) 1152M->660M(1979M) 475.021ms
[1768.308s][info][gc,cpu         ] GC(2606) User=0.45s Sys=0.00s Real=0.47s
[1768.784s][info][gc,start       ] GC(2607) Pause Young (Allocation Failure)
[1769.088s][info][gc,heap        ] GC(2607) DefNew: 629120K(629120K)->59085K(629120K) Eden: 559232K(559232K)->0K(559232K) From: 69888K(69888K)->59085K(69888K)
[1769.089s][info][gc,heap        ] GC(2607) Tenured: 606021K(1398144K)->639247K(1398144K)
[1769.089s][info][gc,metaspace   ] GC(2607) Metaspace: 23245K(23552K)->23245K(23552K) NonClass: 20447K(20608K)->20447K(20608K) Class: 2798K(2944K)->2798K(2944K)
[1769.089s][info][gc             ] GC(2607) Pause Young (Allocation Failure) 1206M->681M(1979M) 304.432ms
[1769.089s][info][gc,cpu         ] GC(2607) User=0.25s Sys=0.00s Real=0.30s
[1769.231s][info][gc,start       ] GC(2608) Pause Young (Allocation Failure)
[1769.676s][info][gc,heap        ] GC(2608) DefNew: 618317K(629120K)->69888K(629120K) Eden: 559232K(559232K)->0K(559232K) From: 59085K(69888K)->69888K(69888K)
[1769.676s][info][gc,heap        ] GC(2608) Tenured: 639247K(1398144K)->696541K(1398144K)
[1769.676s][info][gc,metaspace   ] GC(2608) Metaspace: 23245K(23552K)->23245K(23552K) NonClass: 20447K(20608K)->20447K(20608K) Class: 2798K(2944K)->2798K(2944K)
[1769.676s][info][gc             ] GC(2608) Pause Young (Allocation Failure) 1228M->748M(1979M) 445.757ms
[1769.676s][info][gc,cpu         ] GC(2608) User=0.44s Sys=0.00s Real=0.44s
[1770.129s][info][gc,start       ] GC(2609) Pause Young (Allocation Failure)
[1770.425s][info][gc,heap        ] GC(2609) DefNew: 629120K(629120K)->58453K(629120K) Eden: 559232K(559232K)->0K(559232K) From: 69888K(69888K)->58453K(69888K)
[1770.425s][info][gc,heap        ] GC(2609) Tenured: 696541K(1398144K)->733189K(1398144K)
[1770.425s][info][gc,metaspace   ] GC(2609) Metaspace: 23245K(23552K)->23245K(23552K) NonClass: 20447K(20608K)->20447K(20608K) Class: 2798K(2944K)->2798K(2944K)
[1770.425s][info][gc             ] GC(2609) Pause Young (Allocation Failure) 1294M->773M(1979M) 295.564ms
[1770.425s][info][gc,cpu         ] GC(2609) User=0.28s Sys=0.00s Real=0.30s
[1770.735s][info][gc,start       ] GC(2610) Pause Young (Allocation Failure)
[1771.084s][info][gc,heap        ] GC(2610) DefNew: 617685K(629120K)->69887K(629120K) Eden: 559232K(559232K)->0K(559232K) From: 58453K(69888K)->69887K(69888K)
[1771.084s][info][gc,heap        ] GC(2610) Tenured: 733189K(1398144K)->776337K(1398144K)
[1771.084s][info][gc,metaspace   ] GC(2610) Metaspace: 23245K(23552K)->23245K(23552K) NonClass: 20447K(20608K)->20447K(20608K) Class: 2798K(2944K)->2798K(2944K)
[1771.085s][info][gc             ] GC(2610) Pause Young (Allocation Failure) 1319M->826M(1979M) 349.938ms
[1771.085s][info][gc,cpu         ] GC(2610) User=0.36s Sys=0.00s Real=0.36s
[1771.235s][info][gc,start       ] GC(2611) Pause Young (Allocation Failure)
[1771.713s][info][gc,heap        ] GC(2611) DefNew: 629119K(629120K)->69887K(629120K) Eden: 559232K(559232K)->0K(559232K) From: 69887K(69888K)->69887K(69888K)
[1771.713s][info][gc,heap        ] GC(2611) Tenured: 776337K(1398144K)->842736K(1398144K)
[1771.713s][info][gc,metaspace   ] GC(2611) Metaspace: 23245K(23552K)->23245K(23552K) NonClass: 20447K(20608K)->20447K(20608K) Class: 2798K(2944K)->2798K(2944K)
[1771.713s][info][gc             ] GC(2611) Pause Young (Allocation Failure) 1372M->891M(1979M) 478.892ms
[1771.713s][info][gc,cpu         ] GC(2611) User=0.47s Sys=0.00s Real=0.47s
[1772.227s][info][gc,start       ] GC(2612) Pause Young (Allocation Failure)
[1772.529s][info][gc,heap        ] GC(2612) DefNew: 629119K(629120K)->57088K(629120K) Eden: 559232K(559232K)->0K(559232K) From: 69887K(69888K)->57088K(69888K)
[1772.529s][info][gc,heap        ] GC(2612) Tenured: 842736K(1398144K)->877906K(1398144K)
[1772.529s][info][gc,metaspace   ] GC(2612) Metaspace: 23245K(23552K)->23245K(23552K) NonClass: 20447K(20608K)->20447K(20608K) Class: 2798K(2944K)->2798K(2944K)
[1772.529s][info][gc             ] GC(2612) Pause Young (Allocation Failure) 1437M->913M(1979M) 302.731ms
[1772.529s][info][gc,cpu         ] GC(2612) User=0.34s Sys=0.00s Real=0.30s
[1772.671s][info][gc,start       ] GC(2613) Pause Young (Allocation Failure)
[1773.097s][info][gc,heap        ] GC(2613) DefNew: 616320K(629120K)->69887K(629120K) Eden: 559232K(559232K)->0K(559232K) From: 57088K(69888K)->69887K(69888K)
[1773.097s][info][gc,heap        ] GC(2613) Tenured: 877906K(1398144K)->930058K(1398144K)
[1773.097s][info][gc,metaspace   ] GC(2613) Metaspace: 23245K(23552K)->23245K(23552K) NonClass: 20447K(20608K)->20447K(20608K) Class: 2798K(2944K)->2798K(2944K)
[1773.097s][info][gc             ] GC(2613) Pause Young (Allocation Failure) 1459M->976M(1979M) 426.601ms
[1773.097s][info][gc,cpu         ] GC(2613) User=0.38s Sys=0.00s Real=0.43s
[1773.426s][info][gc,start       ] GC(2614) Pause Young (Allocation Failure)
[1773.789s][info][gc,heap        ] GC(2614) DefNew: 629119K(629120K)->69887K(629120K) Eden: 559232K(559232K)->0K(559232K) From: 69887K(69888K)->69887K(69888K)
[1773.789s][info][gc,heap        ] GC(2614) Tenured: 930058K(1398144K)->969903K(1398144K)
[1773.789s][info][gc,metaspace   ] GC(2614) Metaspace: 23245K(23552K)->23245K(23552K) NonClass: 20447K(20608K)->20447K(20608K) Class: 2798K(2944K)->2798K(2944K)
[1773.789s][info][gc             ] GC(2614) Pause Young (Allocation Failure) 1522M->1015M(1979M) 363.094ms
[1773.789s][info][gc,cpu         ] GC(2614) User=0.36s Sys=0.00s Real=0.38s
[1774.184s][info][gc,start       ] GC(2615) Pause Young (Allocation Failure)
[1774.490s][info][gc,heap        ] GC(2615) DefNew: 629119K(629120K)->64330K(629120K) Eden: 559232K(559232K)->0K(559232K) From: 69887K(69888K)->64330K(69888K)
[1774.490s][info][gc,heap        ] GC(2615) Tenured: 969903K(1398144K)->1007049K(1398144K)
[1774.490s][info][gc,metaspace   ] GC(2615) Metaspace: 23245K(23552K)->23245K(23552K) NonClass: 20447K(20608K)->20447K(20608K) Class: 2798K(2944K)->2798K(2944K)
[1774.490s][info][gc             ] GC(2615) Pause Young (Allocation Failure) 1561M->1046M(1979M) 306.003ms
[1774.490s][info][gc,cpu         ] GC(2615) User=0.27s Sys=0.00s Real=0.30s
[1774.640s][info][gc,start       ] GC(2616) Pause Young (Allocation Failure)
[1775.099s][info][gc,heap        ] GC(2616) DefNew: 623562K(629120K)->69887K(629120K) Eden: 559232K(559232K)->0K(559232K) From: 64330K(69888K)->69887K(69888K)
[1775.099s][info][gc,heap        ] GC(2616) Tenured: 1007049K(1398144K)->1069419K(1398144K)
[1775.099s][info][gc,metaspace   ] GC(2616) Metaspace: 23245K(23552K)->23245K(23552K) NonClass: 20447K(20608K)->20447K(20608K) Class: 2798K(2944K)->2798K(2944K)
[1775.099s][info][gc             ] GC(2616) Pause Young (Allocation Failure) 1592M->1112M(1979M) 458.707ms
[1775.099s][info][gc,cpu         ] GC(2616) User=0.44s Sys=0.00s Real=0.47s
[1775.650s][info][gc,start       ] GC(2617) Pause Young (Allocation Failure)
[1775.898s][info][gc,heap        ] GC(2617) DefNew: 629119K(629120K)->41631K(629120K) Eden: 559232K(559232K)->0K(559232K) From: 69887K(69888K)->41631K(69888K)
[1775.898s][info][gc,heap        ] GC(2617) Tenured: 1069419K(1398144K)->1105165K(1398144K)
[1775.898s][info][gc,metaspace   ] GC(2617) Metaspace: 23245K(23552K)->23245K(23552K) NonClass: 20447K(20608K)->20447K(20608K) Class: 2798K(2944K)->2798K(2944K)
[1775.898s][info][gc             ] GC(2617) Pause Young (Allocation Failure) 1658M->1119M(1979M) 247.588ms
[1775.898s][info][gc,cpu         ] GC(2617) User=0.27s Sys=0.00s Real=0.25s
[1776.047s][info][gc,start       ] GC(2618) Pause Young (Allocation Failure)
[1776.462s][info][gc,heap        ] GC(2618) DefNew: 600863K(629120K)->69887K(629120K) Eden: 559232K(559232K)->0K(559232K) From: 41631K(69888K)->69887K(69888K)
[1776.462s][info][gc,heap        ] GC(2618) Tenured: 1105165K(1398144K)->1152586K(1398144K)
[1776.462s][info][gc,metaspace   ] GC(2618) Metaspace: 23245K(23552K)->23245K(23552K) NonClass: 20447K(20608K)->20447K(20608K) Class: 2798K(2944K)->2798K(2944K)
[1776.462s][info][gc             ] GC(2618) Pause Young (Allocation Failure) 1666M->1193M(1979M) 414.998ms
[1776.462s][info][gc,cpu         ] GC(2618) User=0.41s Sys=0.00s Real=0.43s
[1776.604s][info][gc,start       ] GC(2619) Pause Young (Allocation Failure)
[1777.099s][info][gc,heap        ] GC(2619) DefNew: 629119K(629120K)->69888K(629120K) Eden: 559232K(559232K)->0K(559232K) From: 69887K(69888K)->69888K(69888K)
[1777.099s][info][gc,heap        ] GC(2619) Tenured: 1152586K(1398144K)->1215759K(1398144K)
[1777.099s][info][gc,metaspace   ] GC(2619) Metaspace: 23245K(23552K)->23245K(23552K) NonClass: 20447K(20608K)->20447K(20608K) Class: 2798K(2944K)->2798K(2944K)
[1777.099s][info][gc             ] GC(2619) Pause Young (Allocation Failure) 1739M->1255M(1979M) 494.157ms
[1777.099s][info][gc,cpu         ] GC(2619) User=0.47s Sys=0.00s Real=0.49s
[1777.693s][info][gc,start       ] GC(2620) Pause Young (Allocation Failure)
[1777.996s][info][gc,heap        ] GC(2620) DefNew: 629120K(629120K)->57521K(629120K) Eden: 559232K(559232K)->0K(559232K) From: 69888K(69888K)->57521K(69888K)
[1777.996s][info][gc,heap        ] GC(2620) Tenured: 1215759K(1398144K)->1248686K(1398144K)
[1777.996s][info][gc,metaspace   ] GC(2620) Metaspace: 23245K(23552K)->23245K(23552K) NonClass: 20447K(20608K)->20447K(20608K) Class: 2798K(2944K)->2798K(2944K)
[1777.996s][info][gc             ] GC(2620) Pause Young (Allocation Failure) 1801M->1275M(1979M) 303.041ms
[1777.996s][info][gc,cpu         ] GC(2620) User=0.28s Sys=0.00s Real=0.30s
[1778.142s][info][gc,start       ] GC(2621) Pause Young (Allocation Failure)
[1778.558s][info][gc,heap        ] GC(2621) DefNew: 616753K(629120K)->69888K(629120K) Eden: 559232K(559232K)->0K(559232K) From: 57521K(69888K)->69888K(69888K)
[1778.558s][info][gc,heap        ] GC(2621) Tenured: 1248686K(1398144K)->1300671K(1398144K)
[1778.558s][info][gc,metaspace   ] GC(2621) Metaspace: 23245K(23552K)->23245K(23552K) NonClass: 20447K(20608K)->20447K(20608K) Class: 2798K(2944K)->2798K(2944K)
[1778.558s][info][gc             ] GC(2621) Pause Young (Allocation Failure) 1821M->1338M(1979M) 416.243ms
[1778.558s][info][gc,cpu         ] GC(2621) User=0.39s Sys=0.00s Real=0.41s
[1778.903s][info][gc,start       ] GC(2622) Pause Young (Allocation Failure)
[1779.296s][info][gc,heap        ] GC(2622) DefNew: 629120K(629120K)->67566K(629120K) Eden: 559232K(559232K)->0K(559232K) From: 69888K(69888K)->67566K(69888K)
[1779.296s][info][gc,heap        ] GC(2622) Tenured: 1300671K(1398144K)->1339109K(1398144K)
[1779.296s][info][gc,metaspace   ] GC(2622) Metaspace: 23245K(23552K)->23245K(23552K) NonClass: 20447K(20608K)->20447K(20608K) Class: 2798K(2944K)->2798K(2944K)
[1779.296s][info][gc             ] GC(2622) Pause Young (Allocation Failure) 1884M->1373M(1979M) 392.764ms
[1779.296s][info][gc,cpu         ] GC(2622) User=0.38s Sys=0.00s Real=0.39s
[1779.552s][info][gc,start       ] GC(2623) Pause Full (System.gc())
[1779.552s][info][gc,phases,start] GC(2623) Phase 1: Mark live objects
[1779.746s][info][gc,phases      ] GC(2623) Phase 1: Mark live objects 193.867ms
[1779.746s][info][gc,phases,start] GC(2623) Phase 2: Compute new object addresses
[1779.978s][info][gc,phases      ] GC(2623) Phase 2: Compute new object addresses 231.756ms
[1779.978s][info][gc,phases,start] GC(2623) Phase 3: Adjust pointers
[1780.058s][info][gc,phases      ] GC(2623) Phase 3: Adjust pointers 79.843ms
[1780.058s][info][gc,phases,start] GC(2623) Phase 4: Move objects
[1780.091s][info][gc,phases      ] GC(2623) Phase 4: Move objects 32.938ms
[1780.092s][info][gc,heap        ] GC(2623) DefNew: 232512K(629120K)->0K(629120K) Eden: 164945K(559232K)->0K(559232K) From: 67566K(69888K)->0K(69888K)
[1780.092s][info][gc,heap        ] GC(2623) Tenured: 1339109K(1398144K)->167481K(1398144K)
[1780.092s][info][gc,metaspace   ] GC(2623) Metaspace: 23245K(23552K)->23245K(23552K) NonClass: 20447K(20608K)->20447K(20608K) Class: 2798K(2944K)->2798K(2944K)
[1780.092s][info][gc             ] GC(2623) Pause Full (System.gc()) 1534M->163M(1979M) 539.968ms
[1780.092s][info][gc,cpu         ] GC(2623) User=0.47s Sys=0.00s Real=0.55s
[1780.245s][info][gc,start       ] GC(2624) Pause Young (Allocation Failure)
[1780.549s][info][gc,heap        ] GC(2624) DefNew: 559232K(629120K)->69888K(629120K) Eden: 559232K(559232K)->0K(559232K) From: 0K(69888K)->69888K(69888K)
[1780.549s][info][gc,heap        ] GC(2624) Tenured: 167481K(1398144K)->171931K(1398144K)
[1780.549s][info][gc,metaspace   ] GC(2624) Metaspace: 23245K(23552K)->23245K(23552K) NonClass: 20447K(20608K)->20447K(20608K) Class: 2798K(2944K)->2798K(2944K)
[1780.549s][info][gc             ] GC(2624) Pause Young (Allocation Failure) 709M->236M(1979M) 304.242ms
[1780.549s][info][gc,cpu         ] GC(2624) User=0.30s Sys=0.00s Real=0.31s
[1780.709s][info][gc,start       ] GC(2625) Pause Young (Allocation Failure)
[1781.203s][info][gc,heap        ] GC(2625) DefNew: 629120K(629120K)->69887K(629120K) Eden: 559232K(559232K)->0K(559232K) From: 69888K(69888K)->69887K(69888K)
[1781.204s][info][gc,heap        ] GC(2625) Tenured: 171931K(1398144K)->243038K(1398144K)
[1781.204s][info][gc,metaspace   ] GC(2625) Metaspace: 23245K(23552K)->23245K(23552K) NonClass: 20447K(20608K)->20447K(20608K) Class: 2798K(2944K)->2798K(2944K)
[1781.204s][info][gc             ] GC(2625) Pause Young (Allocation Failure) 782M->305M(1979M) 494.395ms
[1781.204s][info][gc,cpu         ] GC(2625) User=0.41s Sys=0.00s Real=0.49s
[1781.737s][info][gc,start       ] GC(2626) Pause Young (Allocation Failure)
[1782.044s][info][gc,heap        ] GC(2626) DefNew: 629119K(629120K)->60338K(629120K) Eden: 559232K(559232K)->0K(559232K) From: 69887K(69888K)->60338K(69888K)
[1782.044s][info][gc,heap        ] GC(2626) Tenured: 243038K(1398144K)->277992K(1398144K)
[1782.044s][info][gc,metaspace   ] GC(2626) Metaspace: 23245K(23552K)->23245K(23552K) NonClass: 20447K(20608K)->20447K(20608K) Class: 2798K(2944K)->2798K(2944K)
[1782.044s][info][gc             ] GC(2626) Pause Young (Allocation Failure) 851M->330M(1979M) 307.534ms
[1782.044s][info][gc,cpu         ] GC(2626) User=0.27s Sys=0.00s Real=0.30s
[1782.186s][info][gc,start       ] GC(2627) Pause Young (Allocation Failure)
[1782.618s][info][gc,heap        ] GC(2627) DefNew: 619570K(629120K)->69887K(629120K) Eden: 559232K(559232K)->0K(559232K) From: 60338K(69888K)->69887K(69888K)
[1782.618s][info][gc,heap        ] GC(2627) Tenured: 277992K(1398144K)->336093K(1398144K)
[1782.618s][info][gc,metaspace   ] GC(2627) Metaspace: 23245K(23552K)->23245K(23552K) NonClass: 20447K(20608K)->20447K(20608K) Class: 2798K(2944K)->2798K(2944K)
[1782.618s][info][gc             ] GC(2627) Pause Young (Allocation Failure) 876M->396M(1979M) 431.638ms
[1782.618s][info][gc,cpu         ] GC(2627) User=0.44s Sys=0.00s Real=0.44s
[1783.003s][info][gc,start       ] GC(2628) Pause Young (Allocation Failure)
[1783.298s][info][gc,heap        ] GC(2628) DefNew: 629119K(629120K)->60040K(629120K) Eden: 559232K(559232K)->0K(559232K) From: 69887K(69888K)->60040K(69888K)
[1783.298s][info][gc,heap        ] GC(2628) Tenured: 336093K(1398144K)->370864K(1398144K)
[1783.298s][info][gc,metaspace   ] GC(2628) Metaspace: 23245K(23552K)->23245K(23552K) NonClass: 20447K(20608K)->20447K(20608K) Class: 2798K(2944K)->2798K(2944K)
[1783.298s][info][gc             ] GC(2628) Pause Young (Allocation Failure) 942M->420M(1979M) 294.308ms
[1783.298s][info][gc,cpu         ] GC(2628) User=0.27s Sys=0.00s Real=0.28s
[1783.552s][info][gc,start       ] GC(2629) Pause Young (Allocation Failure)
[1783.861s][info][gc,heap        ] GC(2629) DefNew: 619272K(629120K)->63241K(629120K) Eden: 559232K(559232K)->0K(559232K) From: 60040K(69888K)->63241K(69888K)
[1783.861s][info][gc,heap        ] GC(2629) Tenured: 370864K(1398144K)->408658K(1398144K)
[1783.861s][info][gc,metaspace   ] GC(2629) Metaspace: 23245K(23552K)->23245K(23552K) NonClass: 20447K(20608K)->20447K(20608K) Class: 2798K(2944K)->2798K(2944K)
[1783.861s][info][gc             ] GC(2629) Pause Young (Allocation Failure) 966M->460M(1979M) 308.986ms
[1783.861s][info][gc,cpu         ] GC(2629) User=0.33s Sys=0.00s Real=0.31s
[1784.003s][info][gc,start       ] GC(2630) Pause Young (Allocation Failure)
[1784.463s][info][gc,heap        ] GC(2630) DefNew: 622473K(629120K)->69888K(629120K) Eden: 559232K(559232K)->0K(559232K) From: 63241K(69888K)->69888K(69888K)
[1784.463s][info][gc,heap        ] GC(2630) Tenured: 408658K(1398144K)->468166K(1398144K)
[1784.463s][info][gc,metaspace   ] GC(2630) Metaspace: 23245K(23552K)->23245K(23552K) NonClass: 20447K(20608K)->20447K(20608K) Class: 2798K(2944K)->2798K(2944K)
[1784.463s][info][gc             ] GC(2630) Pause Young (Allocation Failure) 1006M->525M(1979M) 459.681ms
[1784.463s][info][gc,cpu         ] GC(2630) User=0.42s Sys=0.00s Real=0.45s
[1785.041s][info][gc,start       ] GC(2631) Pause Young (Allocation Failure)
[1785.300s][info][gc,heap        ] GC(2631) DefNew: 629120K(629120K)->43958K(629120K) Eden: 559232K(559232K)->0K(559232K) From: 69888K(69888K)->43958K(69888K)
[1785.300s][info][gc,heap        ] GC(2631) Tenured: 468166K(1398144K)->503524K(1398144K)
[1785.300s][info][gc,metaspace   ] GC(2631) Metaspace: 23245K(23552K)->23245K(23552K) NonClass: 20447K(20608K)->20447K(20608K) Class: 2798K(2944K)->2798K(2944K)
[1785.301s][info][gc             ] GC(2631) Pause Young (Allocation Failure) 1071M->534M(1979M) 259.612ms
[1785.301s][info][gc,cpu         ] GC(2631) User=0.22s Sys=0.00s Real=0.27s
[1785.444s][info][gc,start       ] GC(2632) Pause Young (Allocation Failure)
[1785.840s][info][gc,heap        ] GC(2632) DefNew: 603190K(629120K)->69887K(629120K) Eden: 559232K(559232K)->0K(559232K) From: 43958K(69888K)->69887K(69888K)
[1785.840s][info][gc,heap        ] GC(2632) Tenured: 503524K(1398144K)->547339K(1398144K)
[1785.840s][info][gc,metaspace   ] GC(2632) Metaspace: 23245K(23552K)->23245K(23552K) NonClass: 20447K(20608K)->20447K(20608K) Class: 2798K(2944K)->2798K(2944K)
[1785.840s][info][gc             ] GC(2632) Pause Young (Allocation Failure) 1080M->602M(1979M) 396.564ms
[1785.840s][info][gc,cpu         ] GC(2632) User=0.38s Sys=0.00s Real=0.39s
[1786.006s][info][gc,start       ] GC(2633) Pause Young (Allocation Failure)
[1786.489s][info][gc,heap        ] GC(2633) DefNew: 629119K(629120K)->69888K(629120K) Eden: 559232K(559232K)->0K(559232K) From: 69887K(69888K)->69888K(69888K)
[1786.489s][info][gc,heap        ] GC(2633) Tenured: 547339K(1398144K)->611114K(1398144K)
[1786.489s][info][gc,metaspace   ] GC(2633) Metaspace: 23245K(23552K)->23245K(23552K) NonClass: 20447K(20608K)->20447K(20608K) Class: 2798K(2944K)->2798K(2944K)
[1786.489s][info][gc             ] GC(2633) Pause Young (Allocation Failure) 1148M->665M(1979M) 483.524ms
[1786.489s][info][gc,cpu         ] GC(2633) User=0.44s Sys=0.00s Real=0.47s
[1787.039s][info][gc,start       ] GC(2634) Pause Young (Allocation Failure)
[1787.360s][info][gc,heap        ] GC(2634) DefNew: 629120K(629120K)->63275K(629120K) Eden: 559232K(559232K)->0K(559232K) From: 69888K(69888K)->63275K(69888K)
[1787.360s][info][gc,heap        ] GC(2634) Tenured: 611114K(1398144K)->646708K(1398144K)
[1787.360s][info][gc,metaspace   ] GC(2634) Metaspace: 23245K(23552K)->23245K(23552K) NonClass: 20447K(20608K)->20447K(20608K) Class: 2798K(2944K)->2798K(2944K)
[1787.360s][info][gc             ] GC(2634) Pause Young (Allocation Failure) 1211M->693M(1979M) 320.657ms
[1787.360s][info][gc,cpu         ] GC(2634) User=0.27s Sys=0.00s Real=0.31s
[1787.503s][info][gc,start       ] GC(2635) Pause Young (Allocation Failure)
[1787.940s][info][gc,heap        ] GC(2635) DefNew: 622507K(629120K)->69887K(629120K) Eden: 559232K(559232K)->0K(559232K) From: 63275K(69888K)->69887K(69888K)
[1787.941s][info][gc,heap        ] GC(2635) Tenured: 646708K(1398144K)->708710K(1398144K)
[1787.941s][info][gc,metaspace   ] GC(2635) Metaspace: 23245K(23552K)->23245K(23552K) NonClass: 20447K(20608K)->20447K(20608K) Class: 2798K(2944K)->2798K(2944K)
[1787.941s][info][gc             ] GC(2635) Pause Young (Allocation Failure) 1239M->760M(1979M) 437.860ms
[1787.941s][info][gc,cpu         ] GC(2635) User=0.45s Sys=0.00s Real=0.44s
[1788.355s][info][gc,start       ] GC(2636) Pause Young (Allocation Failure)
[1788.626s][info][gc,heap        ] GC(2636) DefNew: 629119K(629120K)->50820K(629120K) Eden: 559232K(559232K)->0K(559232K) From: 69887K(69888K)->50820K(69888K)
[1788.626s][info][gc,heap        ] GC(2636) Tenured: 708710K(1398144K)->743723K(1398144K)
[1788.626s][info][gc,metaspace   ] GC(2636) Metaspace: 23245K(23552K)->23245K(23552K) NonClass: 20447K(20608K)->20447K(20608K) Class: 2798K(2944K)->2798K(2944K)
[1788.626s][info][gc             ] GC(2636) Pause Young (Allocation Failure) 1306M->775M(1979M) 270.868ms
[1788.626s][info][gc,cpu         ] GC(2636) User=0.27s Sys=0.00s Real=0.27s
[1788.827s][info][gc,start       ] GC(2637) Pause Young (Allocation Failure)
[1789.156s][info][gc,heap        ] GC(2637) DefNew: 610052K(629120K)->67160K(629120K) Eden: 559232K(559232K)->0K(559232K) From: 50820K(69888K)->67160K(69888K)
[1789.156s][info][gc,heap        ] GC(2637) Tenured: 743723K(1398144K)->781365K(1398144K)
[1789.156s][info][gc,metaspace   ] GC(2637) Metaspace: 23245K(23552K)->23245K(23552K) NonClass: 20447K(20608K)->20447K(20608K) Class: 2798K(2944K)->2798K(2944K)
[1789.156s][info][gc             ] GC(2637) Pause Young (Allocation Failure) 1322M->828M(1979M) 328.722ms
[1789.156s][info][gc,cpu         ] GC(2637) User=0.33s Sys=0.00s Real=0.31s
[1789.304s][info][gc,start       ] GC(2638) Pause Young (Allocation Failure)
[1789.780s][info][gc,heap        ] GC(2638) DefNew: 626392K(629120K)->69887K(629120K) Eden: 559232K(559232K)->0K(559232K) From: 67160K(69888K)->69887K(69888K)
[1789.780s][info][gc,heap        ] GC(2638) Tenured: 781365K(1398144K)->846473K(1398144K)
[1789.780s][info][gc,metaspace   ] GC(2638) Metaspace: 23245K(23552K)->23245K(23552K) NonClass: 20447K(20608K)->20447K(20608K) Class: 2798K(2944K)->2798K(2944K)
[1789.780s][info][gc             ] GC(2638) Pause Young (Allocation Failure) 1374M->894M(1979M) 475.649ms
[1789.780s][info][gc,cpu         ] GC(2638) User=0.42s Sys=0.00s Real=0.47s
[1790.351s][info][gc,start       ] GC(2639) Pause Young (Allocation Failure)
[1790.632s][info][gc,heap        ] GC(2639) DefNew: 629119K(629120K)->51225K(629120K) Eden: 559232K(559232K)->0K(559232K) From: 69887K(69888K)->51225K(69888K)
[1790.632s][info][gc,heap        ] GC(2639) Tenured: 846473K(1398144K)->881528K(1398144K)
[1790.632s][info][gc,metaspace   ] GC(2639) Metaspace: 23245K(23552K)->23245K(23552K) NonClass: 20447K(20608K)->20447K(20608K) Class: 2798K(2944K)->2798K(2944K)
[1790.632s][info][gc             ] GC(2639) Pause Young (Allocation Failure) 1441M->910M(1979M) 280.730ms
[1790.632s][info][gc,cpu         ] GC(2639) User=0.28s Sys=0.00s Real=0.28s
[1790.773s][info][gc,start       ] GC(2640) Pause Young (Allocation Failure)
[1791.189s][info][gc,heap        ] GC(2640) DefNew: 610457K(629120K)->69887K(629120K) Eden: 559232K(559232K)->0K(559232K) From: 51225K(69888K)->69887K(69888K)
[1791.189s][info][gc,heap        ] GC(2640) Tenured: 881528K(1398144K)->929845K(1398144K)
[1791.189s][info][gc,metaspace   ] GC(2640) Metaspace: 23245K(23552K)->23245K(23552K) NonClass: 20447K(20608K)->20447K(20608K) Class: 2798K(2944K)->2798K(2944K)
[1791.189s][info][gc             ] GC(2640) Pause Young (Allocation Failure) 1457M->976M(1979M) 415.835ms
[1791.189s][info][gc,cpu         ] GC(2640) User=0.39s Sys=0.00s Real=0.42s
[1791.395s][info][gc,start       ] GC(2641) Pause Young (Allocation Failure)
[1791.873s][info][gc,heap        ] GC(2641) DefNew: 629119K(629120K)->69888K(629120K) Eden: 559232K(559232K)->0K(559232K) From: 69887K(69888K)->69888K(69888K)
[1791.873s][info][gc,heap        ] GC(2641) Tenured: 929845K(1398144K)->984612K(1398144K)
[1791.873s][info][gc,metaspace   ] GC(2641) Metaspace: 23245K(23552K)->23245K(23552K) NonClass: 20447K(20608K)->20447K(20608K) Class: 2798K(2944K)->2798K(2944K)
[1791.873s][info][gc             ] GC(2641) Pause Young (Allocation Failure) 1522M->1029M(1979M) 478.273ms
[1791.873s][info][gc,cpu         ] GC(2641) User=0.44s Sys=0.00s Real=0.49s
[1792.410s][info][gc,start       ] GC(2642) Pause Young (Allocation Failure)
[1792.711s][info][gc,heap        ] GC(2642) DefNew: 629120K(629120K)->59397K(629120K) Eden: 559232K(559232K)->0K(559232K) From: 69888K(69888K)->59397K(69888K)
[1792.711s][info][gc,heap        ] GC(2642) Tenured: 984612K(1398144K)->1019432K(1398144K)
[1792.711s][info][gc,metaspace   ] GC(2642) Metaspace: 23245K(23552K)->23245K(23552K) NonClass: 20447K(20608K)->20447K(20608K) Class: 2798K(2944K)->2798K(2944K)
[1792.711s][info][gc             ] GC(2642) Pause Young (Allocation Failure) 1575M->1053M(1979M) 300.587ms
[1792.711s][info][gc,cpu         ] GC(2642) User=0.27s Sys=0.00s Real=0.30s
[1792.849s][info][gc,start       ] GC(2643) Pause Young (Allocation Failure)
[1793.273s][info][gc,heap        ] GC(2643) DefNew: 618629K(629120K)->69887K(629120K) Eden: 559232K(559232K)->0K(559232K) From: 59397K(69888K)->69887K(69888K)
[1793.273s][info][gc,heap        ] GC(2643) Tenured: 1019432K(1398144K)->1072560K(1398144K)
[1793.273s][info][gc,metaspace   ] GC(2643) Metaspace: 23245K(23552K)->23245K(23552K) NonClass: 20447K(20608K)->20447K(20608K) Class: 2798K(2944K)->2798K(2944K)
[1793.273s][info][gc             ] GC(2643) Pause Young (Allocation Failure) 1599M->1115M(1979M) 424.069ms
[1793.273s][info][gc,cpu         ] GC(2643) User=0.42s Sys=0.00s Real=0.42s
[1793.696s][info][gc,start       ] GC(2644) Pause Young (Allocation Failure)
[1794.016s][info][gc,heap        ] GC(2644) DefNew: 629119K(629120K)->59345K(629120K) Eden: 559232K(559232K)->0K(559232K) From: 69887K(69888K)->59345K(69888K)
[1794.016s][info][gc,heap        ] GC(2644) Tenured: 1072560K(1398144K)->1108308K(1398144K)
[1794.016s][info][gc,metaspace   ] GC(2644) Metaspace: 23245K(23552K)->23245K(23552K) NonClass: 20447K(20608K)->20447K(20608K) Class: 2798K(2944K)->2798K(2944K)
[1794.016s][info][gc             ] GC(2644) Pause Young (Allocation Failure) 1661M->1140M(1979M) 320.559ms
[1794.016s][info][gc,cpu         ] GC(2644) User=0.27s Sys=0.02s Real=0.33s
[1794.318s][info][gc,start       ] GC(2645) Pause Young (Allocation Failure)
[1794.658s][info][gc,heap        ] GC(2645) DefNew: 618577K(629120K)->69366K(629120K) Eden: 559232K(559232K)->0K(559232K) From: 59345K(69888K)->69366K(69888K)
[1794.658s][info][gc,heap        ] GC(2645) Tenured: 1108308K(1398144K)->1142685K(1398144K)
[1794.658s][info][gc,metaspace   ] GC(2645) Metaspace: 23245K(23552K)->23245K(23552K) NonClass: 20447K(20608K)->20447K(20608K) Class: 2798K(2944K)->2798K(2944K)
[1794.658s][info][gc             ] GC(2645) Pause Young (Allocation Failure) 1686M->1183M(1979M) 340.812ms
[1794.658s][info][gc,cpu         ] GC(2645) User=0.33s Sys=0.00s Real=0.35s
[1794.809s][info][gc,start       ] GC(2646) Pause Young (Allocation Failure)
[1795.277s][info][gc,heap        ] GC(2646) DefNew: 628598K(629120K)->69887K(629120K) Eden: 559232K(559232K)->0K(559232K) From: 69366K(69888K)->69887K(69888K)
[1795.277s][info][gc,heap        ] GC(2646) Tenured: 1142685K(1398144K)->1208531K(1398144K)
[1795.277s][info][gc,metaspace   ] GC(2646) Metaspace: 23245K(23552K)->23245K(23552K) NonClass: 20447K(20608K)->20447K(20608K) Class: 2798K(2944K)->2798K(2944K)
[1795.277s][info][gc             ] GC(2646) Pause Young (Allocation Failure) 1729M->1248M(1979M) 468.657ms
[1795.277s][info][gc,cpu         ] GC(2646) User=0.45s Sys=0.00s Real=0.47s
[1795.876s][info][gc,start       ] GC(2647) Pause Young (Allocation Failure)
[1796.154s][info][gc,heap        ] GC(2647) DefNew: 629119K(629120K)->50461K(629120K) Eden: 559232K(559232K)->0K(559232K) From: 69887K(69888K)->50461K(69888K)
[1796.154s][info][gc,heap        ] GC(2647) Tenured: 1208531K(1398144K)->1244841K(1398144K)
[1796.154s][info][gc,metaspace   ] GC(2647) Metaspace: 23245K(23552K)->23245K(23552K) NonClass: 20447K(20608K)->20447K(20608K) Class: 2798K(2944K)->2798K(2944K)
[1796.154s][info][gc             ] GC(2647) Pause Young (Allocation Failure) 1794M->1264M(1979M) 278.181ms
[1796.154s][info][gc,cpu         ] GC(2647) User=0.30s Sys=0.00s Real=0.28s
[1796.287s][info][gc,start       ] GC(2648) Pause Young (Allocation Failure)
[1796.686s][info][gc,heap        ] GC(2648) DefNew: 609693K(629120K)->69887K(629120K) Eden: 559232K(559232K)->0K(559232K) From: 50461K(69888K)->69887K(69888K)
[1796.686s][info][gc,heap        ] GC(2648) Tenured: 1244841K(1398144K)->1290033K(1398144K)
[1796.686s][info][gc,metaspace   ] GC(2648) Metaspace: 23245K(23552K)->23245K(23552K) NonClass: 20447K(20608K)->20447K(20608K) Class: 2798K(2944K)->2798K(2944K)
[1796.686s][info][gc             ] GC(2648) Pause Young (Allocation Failure) 1811M->1328M(1979M) 399.229ms
[1796.686s][info][gc,cpu         ] GC(2648) User=0.36s Sys=0.00s Real=0.39s
[1796.885s][info][gc,start       ] GC(2649) Pause Young (Allocation Failure)
[1797.360s][info][gc,heap        ] GC(2649) DefNew: 629119K(629120K)->69887K(629120K) Eden: 559232K(559232K)->0K(559232K) From: 69887K(69888K)->69887K(69888K)
[1797.360s][info][gc,heap        ] GC(2649) Tenured: 1290033K(1398144K)->1346965K(1398144K)
[1797.360s][info][gc,metaspace   ] GC(2649) Metaspace: 23245K(23552K)->23245K(23552K) NonClass: 20447K(20608K)->20447K(20608K) Class: 2798K(2944K)->2798K(2944K)
[1797.360s][info][gc             ] GC(2649) Pause Young (Allocation Failure) 1874M->1383M(1979M) 475.370ms
[1797.360s][info][gc,cpu         ] GC(2649) User=0.44s Sys=0.00s Real=0.47s
[1797.922s][info][gc,start       ] GC(2650) Pause Full (System.gc())
[1797.922s][info][gc,phases,start] GC(2650) Phase 1: Mark live objects
[1798.075s][info][gc,phases      ] GC(2650) Phase 1: Mark live objects 153.297ms
[1798.075s][info][gc,phases,start] GC(2650) Phase 2: Compute new object addresses
[1798.331s][info][gc,phases      ] GC(2650) Phase 2: Compute new object addresses 255.743ms
[1798.331s][info][gc,phases,start] GC(2650) Phase 3: Adjust pointers
[1798.417s][info][gc,phases      ] GC(2650) Phase 3: Adjust pointers 86.227ms
[1798.417s][info][gc,phases,start] GC(2650) Phase 4: Move objects
[1798.456s][info][gc,phases      ] GC(2650) Phase 4: Move objects 39.236ms
[1798.457s][info][gc,heap        ] GC(2650) DefNew: 416349K(629120K)->0K(629120K) Eden: 346461K(559232K)->0K(559232K) From: 69887K(69888K)->0K(69888K)
[1798.457s][info][gc,heap        ] GC(2650) Tenured: 1346965K(1398144K)->80715K(1398144K)
[1798.457s][info][gc,metaspace   ] GC(2650) Metaspace: 23245K(23552K)->23245K(23552K) NonClass: 20447K(20608K)->20447K(20608K) Class: 2798K(2944K)->2798K(2944K)
[1798.457s][info][gc             ] GC(2650) Pause Full (System.gc()) 1721M->78M(1979M) 535.131ms
[1798.457s][info][gc,cpu         ] GC(2650) User=0.53s Sys=0.00s Real=0.53s
[1798.615s][info][gc,start       ] GC(2651) Pause Young (Allocation Failure)
[1798.914s][info][gc,heap        ] GC(2651) DefNew: 559232K(629120K)->69888K(629120K) Eden: 559232K(559232K)->0K(559232K) From: 0K(69888K)->69888K(69888K)
[1798.914s][info][gc,heap        ] GC(2651) Tenured: 80715K(1398144K)->84446K(1398144K)
[1798.914s][info][gc,metaspace   ] GC(2651) Metaspace: 23245K(23552K)->23245K(23552K) NonClass: 20447K(20608K)->20447K(20608K) Class: 2798K(2944K)->2798K(2944K)
[1798.914s][info][gc             ] GC(2651) Pause Young (Allocation Failure) 624M->150M(1979M) 299.663ms
[1798.914s][info][gc,cpu         ] GC(2651) User=0.28s Sys=0.00s Real=0.30s
[1799.061s][info][gc,start       ] GC(2652) Pause Young (Allocation Failure)
[1799.538s][info][gc,heap        ] GC(2652) DefNew: 629120K(629120K)->69887K(629120K) Eden: 559232K(559232K)->0K(559232K) From: 69888K(69888K)->69887K(69888K)
[1799.538s][info][gc,heap        ] GC(2652) Tenured: 84446K(1398144K)->148648K(1398144K)
[1799.538s][info][gc,metaspace   ] GC(2652) Metaspace: 23245K(23552K)->23245K(23552K) NonClass: 20447K(20608K)->20447K(20608K) Class: 2798K(2944K)->2798K(2944K)
[1799.538s][info][gc             ] GC(2652) Pause Young (Allocation Failure) 696M->213M(1979M) 477.538ms
[1799.538s][info][gc,cpu         ] GC(2652) User=0.45s Sys=0.00s Real=0.48s
[1800.108s][info][gc,start       ] GC(2653) Pause Young (Allocation Failure)
[1800.442s][info][gc,heap        ] GC(2653) DefNew: 629119K(629120K)->66645K(629120K) Eden: 559232K(559232K)->0K(559232K) From: 69887K(69888K)->66645K(69888K)
[1800.442s][info][gc,heap        ] GC(2653) Tenured: 148648K(1398144K)->181935K(1398144K)
[1800.442s][info][gc,metaspace   ] GC(2653) Metaspace: 23245K(23552K)->23245K(23552K) NonClass: 20447K(20608K)->20447K(20608K) Class: 2798K(2944K)->2798K(2944K)
[1800.442s][info][gc             ] GC(2653) Pause Young (Allocation Failure) 759M->242M(1979M) 333.766ms
[1800.442s][info][gc,cpu         ] GC(2653) User=0.33s Sys=0.00s Real=0.33s
[1800.592s][info][gc,start       ] GC(2654) Pause Young (Allocation Failure)
[1801.051s][info][gc,heap        ] GC(2654) DefNew: 625877K(629120K)->69887K(629120K) Eden: 559232K(559232K)->0K(559232K) From: 66645K(69888K)->69887K(69888K)
[1801.051s][info][gc,heap        ] GC(2654) Tenured: 181935K(1398144K)->246050K(1398144K)
[1801.051s][info][gc,metaspace   ] GC(2654) Metaspace: 23245K(23552K)->23245K(23552K) NonClass: 20447K(20608K)->20447K(20608K) Class: 2798K(2944K)->2798K(2944K)
[1801.051s][info][gc             ] GC(2654) Pause Young (Allocation Failure) 788M->308M(1979M) 459.400ms
[1801.051s][info][gc,cpu         ] GC(2654) User=0.45s Sys=0.00s Real=0.45s
[1801.482s][info][gc,start       ] GC(2655) Pause Young (Allocation Failure)
[1801.770s][info][gc,heap        ] GC(2655) DefNew: 629119K(629120K)->56853K(629120K) Eden: 559232K(559232K)->0K(559232K) From: 69887K(69888K)->56853K(69888K)
[1801.770s][info][gc,heap        ] GC(2655) Tenured: 246050K(1398144K)->282295K(1398144K)
[1801.770s][info][gc,metaspace   ] GC(2655) Metaspace: 23245K(23552K)->23245K(23552K) NonClass: 20447K(20608K)->20447K(20608K) Class: 2798K(2944K)->2798K(2944K)
[1801.770s][info][gc             ] GC(2655) Pause Young (Allocation Failure) 854M->331M(1979M) 288.441ms
[1801.770s][info][gc,cpu         ] GC(2655) User=0.23s Sys=0.00s Real=0.28s
[1802.063s][info][gc,start       ] GC(2656) Pause Young (Allocation Failure)
[1802.416s][info][gc,heap        ] GC(2656) DefNew: 616085K(629120K)->69887K(629120K) Eden: 559232K(559232K)->0K(559232K) From: 56853K(69888K)->69887K(69888K)
[1802.416s][info][gc,heap        ] GC(2656) Tenured: 282295K(1398144K)->323229K(1398144K)
[1802.416s][info][gc,metaspace   ] GC(2656) Metaspace: 23245K(23552K)->23245K(23552K) NonClass: 20447K(20608K)->20447K(20608K) Class: 2798K(2944K)->2798K(2944K)
[1802.416s][info][gc             ] GC(2656) Pause Young (Allocation Failure) 877M->383M(1979M) 353.158ms
[1802.416s][info][gc,cpu         ] GC(2656) User=0.34s Sys=0.00s Real=0.36s
[1802.555s][info][gc,start       ] GC(2657) Pause Young (Allocation Failure)
[1803.050s][info][gc,heap        ] GC(2657) DefNew: 629119K(629120K)->69887K(629120K) Eden: 559232K(559232K)->0K(559232K) From: 69887K(69888K)->69887K(69888K)
[1803.050s][info][gc,heap        ] GC(2657) Tenured: 323229K(1398144K)->386428K(1398144K)
[1803.050s][info][gc,metaspace   ] GC(2657) Metaspace: 23245K(23552K)->23245K(23552K) NonClass: 20447K(20608K)->20447K(20608K) Class: 2798K(2944K)->2798K(2944K)
[1803.050s][info][gc             ] GC(2657) Pause Young (Allocation Failure) 930M->445M(1979M) 494.885ms
[1803.050s][info][gc,cpu         ] GC(2657) User=0.48s Sys=0.00s Real=0.49s
[1803.641s][info][gc,start       ] GC(2658) Pause Young (Allocation Failure)
[1803.941s][info][gc,heap        ] GC(2658) DefNew: 629119K(629120K)->55513K(629120K) Eden: 559232K(559232K)->0K(559232K) From: 69887K(69888K)->55513K(69888K)
[1803.941s][info][gc,heap        ] GC(2658) Tenured: 386428K(1398144K)->419855K(1398144K)
[1803.941s][info][gc,metaspace   ] GC(2658) Metaspace: 23245K(23552K)->23245K(23552K) NonClass: 20447K(20608K)->20447K(20608K) Class: 2798K(2944K)->2798K(2944K)
[1803.941s][info][gc             ] GC(2658) Pause Young (Allocation Failure) 991M->464M(1979M) 299.744ms
[1803.941s][info][gc,cpu         ] GC(2658) User=0.33s Sys=0.00s Real=0.30s
[1804.101s][info][gc,start       ] GC(2659) Pause Young (Allocation Failure)
[1804.567s][info][gc,heap        ] GC(2659) DefNew: 614745K(629120K)->69888K(629120K) Eden: 559232K(559232K)->0K(559232K) From: 55513K(69888K)->69888K(69888K)
[1804.568s][info][gc,heap        ] GC(2659) Tenured: 419855K(1398144K)->477180K(1398144K)
[1804.568s][info][gc,metaspace   ] GC(2659) Metaspace: 23245K(23552K)->23245K(23552K) NonClass: 20447K(20608K)->20447K(20608K) Class: 2798K(2944K)->2798K(2944K)
[1804.568s][info][gc             ] GC(2659) Pause Young (Allocation Failure) 1010M->534M(1979M) 466.726ms
[1804.568s][info][gc,cpu         ] GC(2659) User=0.42s Sys=0.00s Real=0.47s
[1804.969s][info][gc,start       ] GC(2660) Pause Young (Allocation Failure)
[1805.322s][info][gc,heap        ] GC(2660) DefNew: 629120K(629120K)->65689K(629120K) Eden: 559232K(559232K)->0K(559232K) From: 69888K(69888K)->65689K(69888K)
[1805.322s][info][gc,heap        ] GC(2660) Tenured: 477180K(1398144K)->518198K(1398144K)
[1805.322s][info][gc,metaspace   ] GC(2660) Metaspace: 23245K(23552K)->23245K(23552K) NonClass: 20447K(20608K)->20447K(20608K) Class: 2798K(2944K)->2798K(2944K)
[1805.322s][info][gc             ] GC(2660) Pause Young (Allocation Failure) 1080M->570M(1979M) 353.373ms
[1805.322s][info][gc,cpu         ] GC(2660) User=0.36s Sys=0.00s Real=0.36s
[1805.673s][info][gc,start       ] GC(2661) Pause Young (Allocation Failure)
[1806.001s][info][gc,heap        ] GC(2661) DefNew: 624921K(629120K)->67891K(629120K) Eden: 559232K(559232K)->0K(559232K) From: 65689K(69888K)->67891K(69888K)
[1806.001s][info][gc,heap        ] GC(2661) Tenured: 518198K(1398144K)->554323K(1398144K)
[1806.001s][info][gc,metaspace   ] GC(2661) Metaspace: 23245K(23552K)->23245K(23552K) NonClass: 20447K(20608K)->20447K(20608K) Class: 2798K(2944K)->2798K(2944K)
[1806.001s][info][gc             ] GC(2661) Pause Young (Allocation Failure) 1116M->607M(1979M) 328.056ms
[1806.001s][info][gc,cpu         ] GC(2661) User=0.25s Sys=0.00s Real=0.32s
[1806.141s][info][gc,start       ] GC(2662) Pause Young (Allocation Failure)
[1806.597s][info][gc,heap        ] GC(2662) DefNew: 627123K(629120K)->69887K(629120K) Eden: 559232K(559232K)->0K(559232K) From: 67891K(69888K)->69887K(69888K)
[1806.597s][info][gc,heap        ] GC(2662) Tenured: 554323K(1398144K)->615869K(1398144K)
[1806.597s][info][gc,metaspace   ] GC(2662) Metaspace: 23245K(23552K)->23245K(23552K) NonClass: 20447K(20608K)->20447K(20608K) Class: 2798K(2944K)->2798K(2944K)
[1806.597s][info][gc             ] GC(2662) Pause Young (Allocation Failure) 1153M->669M(1979M) 456.141ms
[1806.597s][info][gc,cpu         ] GC(2662) User=0.47s Sys=0.00s Real=0.46s
[1807.210s][info][gc,start       ] GC(2663) Pause Young (Allocation Failure)
[1807.457s][info][gc,heap        ] GC(2663) DefNew: 629119K(629120K)->42174K(629120K) Eden: 559232K(559232K)->0K(559232K) From: 69887K(69888K)->42174K(69888K)
[1807.457s][info][gc,heap        ] GC(2663) Tenured: 615869K(1398144K)->650535K(1398144K)
[1807.457s][info][gc,metaspace   ] GC(2663) Metaspace: 23245K(23552K)->23245K(23552K) NonClass: 20447K(20608K)->20447K(20608K) Class: 2798K(2944K)->2798K(2944K)
[1807.457s][info][gc             ] GC(2663) Pause Young (Allocation Failure) 1215M->676M(1979M) 246.920ms
[1807.457s][info][gc,cpu         ] GC(2663) User=0.23s Sys=0.00s Real=0.24s
[1807.598s][info][gc,start       ] GC(2664) Pause Young (Allocation Failure)
[1807.979s][info][gc,heap        ] GC(2664) DefNew: 601406K(629120K)->69887K(629120K) Eden: 559232K(559232K)->0K(559232K) From: 42174K(69888K)->69887K(69888K)
[1807.979s][info][gc,heap        ] GC(2664) Tenured: 650535K(1398144K)->691476K(1398144K)
[1807.979s][info][gc,metaspace   ] GC(2664) Metaspace: 23245K(23552K)->23245K(23552K) NonClass: 20447K(20608K)->20447K(20608K) Class: 2798K(2944K)->2798K(2944K)
[1807.979s][info][gc             ] GC(2664) Pause Young (Allocation Failure) 1222M->743M(1979M) 380.712ms
[1807.979s][info][gc,cpu         ] GC(2664) User=0.36s Sys=0.00s Real=0.39s
[1808.132s][info][gc,start       ] GC(2665) Pause Young (Allocation Failure)
[1808.609s][info][gc,heap        ] GC(2665) DefNew: 629119K(629120K)->69888K(629120K) Eden: 559232K(559232K)->0K(559232K) From: 69887K(69888K)->69888K(69888K)
[1808.609s][info][gc,heap        ] GC(2665) Tenured: 691476K(1398144K)->758876K(1398144K)
[1808.609s][info][gc,metaspace   ] GC(2665) Metaspace: 23245K(23552K)->23245K(23552K) NonClass: 20447K(20608K)->20447K(20608K) Class: 2798K(2944K)->2798K(2944K)
[1808.609s][info][gc             ] GC(2665) Pause Young (Allocation Failure) 1289M->809M(1979M) 476.882ms
[1808.609s][info][gc,cpu         ] GC(2665) User=0.50s Sys=0.00s Real=0.49s
[1809.187s][info][gc,start       ] GC(2666) Pause Young (Allocation Failure)
[1809.480s][info][gc,heap        ] GC(2666) DefNew: 629120K(629120K)->59588K(629120K) Eden: 559232K(559232K)->0K(559232K) From: 69888K(69888K)->59588K(69888K)
[1809.480s][info][gc,heap        ] GC(2666) Tenured: 758876K(1398144K)->793109K(1398144K)
[1809.480s][info][gc,metaspace   ] GC(2666) Metaspace: 23245K(23552K)->23245K(23552K) NonClass: 20447K(20608K)->20447K(20608K) Class: 2798K(2944K)->2798K(2944K)
[1809.480s][info][gc             ] GC(2666) Pause Young (Allocation Failure) 1355M->832M(1979M) 293.432ms
[1809.480s][info][gc,cpu         ] GC(2666) User=0.25s Sys=0.00s Real=0.30s
[1809.627s][info][gc,start       ] GC(2667) Pause Young (Allocation Failure)
[1810.061s][info][gc,heap        ] GC(2667) DefNew: 618820K(629120K)->69888K(629120K) Eden: 559232K(559232K)->0K(559232K) From: 59588K(69888K)->69888K(69888K)
[1810.061s][info][gc,heap        ] GC(2667) Tenured: 793109K(1398144K)->851783K(1398144K)
[1810.061s][info][gc,metaspace   ] GC(2667) Metaspace: 23245K(23552K)->23245K(23552K) NonClass: 20447K(20608K)->20447K(20608K) Class: 2798K(2944K)->2798K(2944K)
[1810.061s][info][gc             ] GC(2667) Pause Young (Allocation Failure) 1378M->900M(1979M) 434.241ms
[1810.061s][info][gc,cpu         ] GC(2667) User=0.44s Sys=0.00s Real=0.45s
[1810.450s][info][gc,start       ] GC(2668) Pause Young (Allocation Failure)
[1810.750s][info][gc,heap        ] GC(2668) DefNew: 629120K(629120K)->61806K(629120K) Eden: 559232K(559232K)->0K(559232K) From: 69888K(69888K)->61806K(69888K)
[1810.750s][info][gc,heap        ] GC(2668) Tenured: 851783K(1398144K)->887979K(1398144K)
[1810.750s][info][gc,metaspace   ] GC(2668) Metaspace: 23245K(23552K)->23245K(23552K) NonClass: 20447K(20608K)->20447K(20608K) Class: 2798K(2944K)->2798K(2944K)
[1810.750s][info][gc             ] GC(2668) Pause Young (Allocation Failure) 1446M->927M(1979M) 299.930ms
[1810.750s][info][gc,cpu         ] GC(2668) User=0.30s Sys=0.00s Real=0.31s
[1811.029s][info][gc,start       ] GC(2669) Pause Young (Allocation Failure)
[1811.334s][info][gc,heap        ] GC(2669) DefNew: 621038K(629120K)->62623K(629120K) Eden: 559232K(559232K)->0K(559232K) From: 61806K(69888K)->62623K(69888K)
[1811.334s][info][gc,heap        ] GC(2669) Tenured: 887979K(1398144K)->925460K(1398144K)
[1811.334s][info][gc,metaspace   ] GC(2669) Metaspace: 23245K(23552K)->23245K(23552K) NonClass: 20447K(20608K)->20447K(20608K) Class: 2798K(2944K)->2798K(2944K)
[1811.334s][info][gc             ] GC(2669) Pause Young (Allocation Failure) 1473M->964M(1979M) 305.684ms
[1811.334s][info][gc,cpu         ] GC(2669) User=0.28s Sys=0.00s Real=0.30s
[1811.494s][info][gc,start       ] GC(2670) Pause Young (Allocation Failure)
[1811.970s][info][gc,heap        ] GC(2670) DefNew: 621855K(629120K)->69887K(629120K) Eden: 559232K(559232K)->0K(559232K) From: 62623K(69888K)->69887K(69888K)
[1811.970s][info][gc,heap        ] GC(2670) Tenured: 925460K(1398144K)->988339K(1398144K)
[1811.970s][info][gc,metaspace   ] GC(2670) Metaspace: 23245K(23552K)->23245K(23552K) NonClass: 20447K(20608K)->20447K(20608K) Class: 2798K(2944K)->2798K(2944K)
[1811.970s][info][gc             ] GC(2670) Pause Young (Allocation Failure) 1511M->1033M(1979M) 476.459ms
[1811.970s][info][gc,cpu         ] GC(2670) User=0.44s Sys=0.00s Real=0.49s
[1812.569s][info][gc,start       ] GC(2671) Pause Young (Allocation Failure)
[1812.843s][info][gc,heap        ] GC(2671) DefNew: 629119K(629120K)->48274K(629120K) Eden: 559232K(559232K)->0K(559232K) From: 69887K(69888K)->48274K(69888K)
[1812.843s][info][gc,heap        ] GC(2671) Tenured: 988339K(1398144K)->1024304K(1398144K)
[1812.843s][info][gc,metaspace   ] GC(2671) Metaspace: 23245K(23552K)->23245K(23552K) NonClass: 20447K(20608K)->20447K(20608K) Class: 2798K(2944K)->2798K(2944K)
[1812.844s][info][gc             ] GC(2671) Pause Young (Allocation Failure) 1579M->1047M(1979M) 274.676ms
[1812.844s][info][gc,cpu         ] GC(2671) User=0.28s Sys=0.00s Real=0.27s
[1812.989s][info][gc,start       ] GC(2672) Pause Young (Allocation Failure)
[1813.382s][info][gc,heap        ] GC(2672) DefNew: 607506K(629120K)->69887K(629120K) Eden: 559232K(559232K)->0K(559232K) From: 48274K(69888K)->69887K(69888K)
[1813.382s][info][gc,heap        ] GC(2672) Tenured: 1024304K(1398144K)->1069190K(1398144K)
[1813.382s][info][gc,metaspace   ] GC(2672) Metaspace: 23245K(23552K)->23245K(23552K) NonClass: 20447K(20608K)->20447K(20608K) Class: 2798K(2944K)->2798K(2944K)
[1813.382s][info][gc             ] GC(2672) Pause Young (Allocation Failure) 1593M->1112M(1979M) 393.548ms
[1813.382s][info][gc,cpu         ] GC(2672) User=0.39s Sys=0.00s Real=0.39s
[1813.584s][info][gc,start       ] GC(2673) Pause Young (Allocation Failure)
[1814.065s][info][gc,heap        ] GC(2673) DefNew: 629119K(629120K)->69888K(629120K) Eden: 559232K(559232K)->0K(559232K) From: 69887K(69888K)->69888K(69888K)
[1814.065s][info][gc,heap        ] GC(2673) Tenured: 1069190K(1398144K)->1126880K(1398144K)
[1814.065s][info][gc,metaspace   ] GC(2673) Metaspace: 23245K(23552K)->23245K(23552K) NonClass: 20447K(20608K)->20447K(20608K) Class: 2798K(2944K)->2798K(2944K)
[1814.065s][info][gc             ] GC(2673) Pause Young (Allocation Failure) 1658M->1168M(1979M) 481.558ms
[1814.065s][info][gc,cpu         ] GC(2673) User=0.48s Sys=0.00s Real=0.48s
[1814.564s][info][gc,start       ] GC(2674) Pause Young (Allocation Failure)
[1814.869s][info][gc,heap        ] GC(2674) DefNew: 629120K(629120K)->56484K(629120K) Eden: 559232K(559232K)->0K(559232K) From: 69888K(69888K)->56484K(69888K)
[1814.869s][info][gc,heap        ] GC(2674) Tenured: 1126880K(1398144K)->1160483K(1398144K)
[1814.870s][info][gc,metaspace   ] GC(2674) Metaspace: 23245K(23552K)->23245K(23552K) NonClass: 20447K(20608K)->20447K(20608K) Class: 2798K(2944K)->2798K(2944K)
[1814.870s][info][gc             ] GC(2674) Pause Young (Allocation Failure) 1714M->1188M(1979M) 305.487ms
[1814.870s][info][gc,cpu         ] GC(2674) User=0.30s Sys=0.00s Real=0.31s
[1815.030s][info][gc,start       ] GC(2675) Pause Young (Allocation Failure)
[1815.472s][info][gc,heap        ] GC(2675) DefNew: 615716K(629120K)->69888K(629120K) Eden: 559232K(559232K)->0K(559232K) From: 56484K(69888K)->69888K(69888K)
[1815.472s][info][gc,heap        ] GC(2675) Tenured: 1160483K(1398144K)->1216901K(1398144K)
[1815.472s][info][gc,metaspace   ] GC(2675) Metaspace: 23245K(23552K)->23245K(23552K) NonClass: 20447K(20608K)->20447K(20608K) Class: 2798K(2944K)->2798K(2944K)
[1815.472s][info][gc             ] GC(2675) Pause Young (Allocation Failure) 1734M->1256M(1979M) 442.013ms
[1815.472s][info][gc,cpu         ] GC(2675) User=0.44s Sys=0.00s Real=0.45s
[1815.919s][info][gc,start       ] GC(2676) Pause Young (Allocation Failure)
[1816.205s][info][gc,heap        ] GC(2676) DefNew: 629120K(629120K)->55117K(629120K) Eden: 559232K(559232K)->0K(559232K) From: 69888K(69888K)->55117K(69888K)
[1816.205s][info][gc,heap        ] GC(2676) Tenured: 1216901K(1398144K)->1252918K(1398144K)
[1816.205s][info][gc,metaspace   ] GC(2676) Metaspace: 23245K(23552K)->23245K(23552K) NonClass: 20447K(20608K)->20447K(20608K) Class: 2798K(2944K)->2798K(2944K)
[1816.205s][info][gc             ] GC(2676) Pause Young (Allocation Failure) 1802M->1277M(1979M) 285.527ms
[1816.205s][info][gc,cpu         ] GC(2676) User=0.27s Sys=0.00s Real=0.28s
[1816.326s][info][gc,start       ] GC(2677) Pause Full (System.gc())
[1816.326s][info][gc,phases,start] GC(2677) Phase 1: Mark live objects
[1816.481s][info][gc,phases      ] GC(2677) Phase 1: Mark live objects 154.867ms
[1816.481s][info][gc,phases,start] GC(2677) Phase 2: Compute new object addresses
[1816.690s][info][gc,phases      ] GC(2677) Phase 2: Compute new object addresses 208.704ms
[1816.690s][info][gc,phases,start] GC(2677) Phase 3: Adjust pointers
[1816.757s][info][gc,phases      ] GC(2677) Phase 3: Adjust pointers 67.352ms
[1816.758s][info][gc,phases,start] GC(2677) Phase 4: Move objects
[1816.785s][info][gc,phases      ] GC(2677) Phase 4: Move objects 27.562ms
[1816.785s][info][gc,heap        ] GC(2677) DefNew: 120735K(629120K)->0K(629120K) Eden: 65618K(559232K)->0K(559232K) From: 55117K(69888K)->0K(69888K)
[1816.785s][info][gc,heap        ] GC(2677) Tenured: 1252918K(1398144K)->147311K(1398144K)
[1816.785s][info][gc,metaspace   ] GC(2677) Metaspace: 23245K(23552K)->23245K(23552K) NonClass: 20447K(20608K)->20447K(20608K) Class: 2798K(2944K)->2798K(2944K)
[1816.786s][info][gc             ] GC(2677) Pause Full (System.gc()) 1341M->143M(1979M) 459.176ms
[1816.786s][info][gc,cpu         ] GC(2677) User=0.42s Sys=0.00s Real=0.46s
[1816.943s][info][gc,start       ] GC(2678) Pause Young (Allocation Failure)
[1817.248s][info][gc,heap        ] GC(2678) DefNew: 559232K(629120K)->69888K(629120K) Eden: 559232K(559232K)->0K(559232K) From: 0K(69888K)->69888K(69888K)
[1817.248s][info][gc,heap        ] GC(2678) Tenured: 147311K(1398144K)->152446K(1398144K)
[1817.248s][info][gc,metaspace   ] GC(2678) Metaspace: 23247K(23552K)->23247K(23552K) NonClass: 20448K(20608K)->20448K(20608K) Class: 2798K(2944K)->2798K(2944K)
[1817.248s][info][gc             ] GC(2678) Pause Young (Allocation Failure) 689M->217M(1979M) 304.370ms
[1817.248s][info][gc,cpu         ] GC(2678) User=0.31s Sys=0.00s Real=0.30s
[1817.384s][info][gc,start       ] GC(2679) Pause Young (Allocation Failure)
[1817.840s][info][gc,heap        ] GC(2679) DefNew: 629120K(629120K)->67467K(629120K) Eden: 559232K(559232K)->0K(559232K) From: 69888K(69888K)->67467K(69888K)
[1817.840s][info][gc,heap        ] GC(2679) Tenured: 152446K(1398144K)->213980K(1398144K)
[1817.840s][info][gc,metaspace   ] GC(2679) Metaspace: 23247K(23552K)->23247K(23552K) NonClass: 20448K(20608K)->20448K(20608K) Class: 2798K(2944K)->2798K(2944K)
[1817.840s][info][gc             ] GC(2679) Pause Young (Allocation Failure) 763M->274M(1979M) 455.758ms
[1817.840s][info][gc,cpu         ] GC(2679) User=0.41s Sys=0.00s Real=0.46s
[1818.427s][info][gc,start       ] GC(2680) Pause Young (Allocation Failure)
[1818.715s][info][gc,heap        ] GC(2680) DefNew: 626699K(629120K)->57622K(629120K) Eden: 559232K(559232K)->0K(559232K) From: 67467K(69888K)->57622K(69888K)
[1818.715s][info][gc,heap        ] GC(2680) Tenured: 213980K(1398144K)->245699K(1398144K)
[1818.715s][info][gc,metaspace   ] GC(2680) Metaspace: 23247K(23552K)->23247K(23552K) NonClass: 20448K(20608K)->20448K(20608K) Class: 2798K(2944K)->2798K(2944K)
[1818.715s][info][gc             ] GC(2680) Pause Young (Allocation Failure) 820M->296M(1979M) 287.380ms
[1818.715s][info][gc,cpu         ] GC(2680) User=0.33s Sys=0.00s Real=0.28s
[1818.865s][info][gc,start       ] GC(2681) Pause Young (Allocation Failure)
[1819.292s][info][gc,heap        ] GC(2681) DefNew: 616854K(629120K)->69887K(629120K) Eden: 559232K(559232K)->0K(559232K) From: 57622K(69888K)->69887K(69888K)
[1819.292s][info][gc,heap        ] GC(2681) Tenured: 245699K(1398144K)->302716K(1398144K)
[1819.292s][info][gc,metaspace   ] GC(2681) Metaspace: 23247K(23552K)->23247K(23552K) NonClass: 20448K(20608K)->20448K(20608K) Class: 2798K(2944K)->2798K(2944K)
[1819.292s][info][gc             ] GC(2681) Pause Young (Allocation Failure) 842M->363M(1979M) 427.015ms
[1819.292s][info][gc,cpu         ] GC(2681) User=0.41s Sys=0.00s Real=0.42s
[1819.640s][info][gc,start       ] GC(2682) Pause Young (Allocation Failure)
[1819.971s][info][gc,heap        ] GC(2682) DefNew: 629119K(629120K)->67758K(629120K) Eden: 559232K(559232K)->0K(559232K) From: 69887K(69888K)->67758K(69888K)
[1819.971s][info][gc,heap        ] GC(2682) Tenured: 302716K(1398144K)->337953K(1398144K)
[1819.971s][info][gc,metaspace   ] GC(2682) Metaspace: 23247K(23552K)->23247K(23552K) NonClass: 20448K(20608K)->20448K(20608K) Class: 2798K(2944K)->2798K(2944K)
[1819.971s][info][gc             ] GC(2682) Pause Young (Allocation Failure) 909M->396M(1979M) 330.664ms
[1819.971s][info][gc,cpu         ] GC(2682) User=0.33s Sys=0.00s Real=0.33s
[1820.281s][info][gc,start       ] GC(2683) Pause Young (Allocation Failure)
[1820.579s][info][gc,heap        ] GC(2683) DefNew: 626990K(629120K)->62948K(629120K) Eden: 559232K(559232K)->0K(559232K) From: 67758K(69888K)->62948K(69888K)
[1820.579s][info][gc,heap        ] GC(2683) Tenured: 337953K(1398144K)->375748K(1398144K)
[1820.579s][info][gc,metaspace   ] GC(2683) Metaspace: 23247K(23552K)->23247K(23552K) NonClass: 20448K(20608K)->20448K(20608K) Class: 2798K(2944K)->2798K(2944K)
[1820.579s][info][gc             ] GC(2683) Pause Young (Allocation Failure) 942M->428M(1979M) 297.759ms
[1820.579s][info][gc,cpu         ] GC(2683) User=0.27s Sys=0.00s Real=0.30s
[1820.733s][info][gc,start       ] GC(2684) Pause Young (Allocation Failure)
[1821.184s][info][gc,heap        ] GC(2684) DefNew: 622180K(629120K)->69888K(629120K) Eden: 559232K(559232K)->0K(559232K) From: 62948K(69888K)->69888K(69888K)
[1821.184s][info][gc,heap        ] GC(2684) Tenured: 375748K(1398144K)->434208K(1398144K)
[1821.184s][info][gc,metaspace   ] GC(2684) Metaspace: 23247K(23552K)->23247K(23552K) NonClass: 20448K(20608K)->20448K(20608K) Class: 2798K(2944K)->2798K(2944K)
[1821.184s][info][gc             ] GC(2684) Pause Young (Allocation Failure) 974M->492M(1979M) 451.183ms
[1821.184s][info][gc,cpu         ] GC(2684) User=0.41s Sys=0.00s Real=0.45s
[1821.765s][info][gc,start       ] GC(2685) Pause Young (Allocation Failure)
[1822.011s][info][gc,heap        ] GC(2685) DefNew: 629120K(629120K)->41617K(629120K) Eden: 559232K(559232K)->0K(559232K) From: 69888K(69888K)->41617K(69888K)
[1822.011s][info][gc,heap        ] GC(2685) Tenured: 434208K(1398144K)->471113K(1398144K)
[1822.011s][info][gc,metaspace   ] GC(2685) Metaspace: 23247K(23552K)->23247K(23552K) NonClass: 20448K(20608K)->20448K(20608K) Class: 2798K(2944K)->2798K(2944K)
[1822.011s][info][gc             ] GC(2685) Pause Young (Allocation Failure) 1038M->500M(1979M) 246.523ms
[1822.011s][info][gc,cpu         ] GC(2685) User=0.25s Sys=0.00s Real=0.25s
[1822.153s][info][gc,start       ] GC(2686) Pause Young (Allocation Failure)
[1822.531s][info][gc,heap        ] GC(2686) DefNew: 600849K(629120K)->69887K(629120K) Eden: 559232K(559232K)->0K(559232K) From: 41617K(69888K)->69887K(69888K)
[1822.531s][info][gc,heap        ] GC(2686) Tenured: 471113K(1398144K)->512477K(1398144K)
[1822.531s][info][gc,metaspace   ] GC(2686) Metaspace: 23247K(23552K)->23247K(23552K) NonClass: 20448K(20608K)->20448K(20608K) Class: 2798K(2944K)->2798K(2944K)
[1822.531s][info][gc             ] GC(2686) Pause Young (Allocation Failure) 1046M->568M(1979M) 378.280ms
[1822.531s][info][gc,cpu         ] GC(2686) User=0.38s Sys=0.00s Real=0.38s
[1822.685s][info][gc,start       ] GC(2687) Pause Young (Allocation Failure)
[1823.169s][info][gc,heap        ] GC(2687) DefNew: 629119K(629120K)->69888K(629120K) Eden: 559232K(559232K)->0K(559232K) From: 69887K(69888K)->69888K(69888K)
[1823.169s][info][gc,heap        ] GC(2687) Tenured: 512477K(1398144K)->578655K(1398144K)
[1823.169s][info][gc,metaspace   ] GC(2687) Metaspace: 23247K(23552K)->23247K(23552K) NonClass: 20448K(20608K)->20448K(20608K) Class: 2798K(2944K)->2798K(2944K)
[1823.169s][info][gc             ] GC(2687) Pause Young (Allocation Failure) 1114M->633M(1979M) 483.745ms
[1823.169s][info][gc,cpu         ] GC(2687) User=0.47s Sys=0.00s Real=0.48s
[1823.710s][info][gc,start       ] GC(2688) Pause Young (Allocation Failure)
[1823.997s][info][gc,heap        ] GC(2688) DefNew: 629120K(629120K)->57611K(629120K) Eden: 559232K(559232K)->0K(559232K) From: 69888K(69888K)->57611K(69888K)
[1823.997s][info][gc,heap        ] GC(2688) Tenured: 578655K(1398144K)->612582K(1398144K)
[1823.997s][info][gc,metaspace   ] GC(2688) Metaspace: 23247K(23552K)->23247K(23552K) NonClass: 20448K(20608K)->20448K(20608K) Class: 2798K(2944K)->2798K(2944K)
[1823.997s][info][gc             ] GC(2688) Pause Young (Allocation Failure) 1179M->654M(1979M) 287.752ms
[1823.997s][info][gc,cpu         ] GC(2688) User=0.28s Sys=0.00s Real=0.28s
[1824.137s][info][gc,start       ] GC(2689) Pause Young (Allocation Failure)
[1824.560s][info][gc,heap        ] GC(2689) DefNew: 616843K(629120K)->69887K(629120K) Eden: 559232K(559232K)->0K(559232K) From: 57611K(69888K)->69887K(69888K)
[1824.560s][info][gc,heap        ] GC(2689) Tenured: 612582K(1398144K)->667190K(1398144K)
[1824.561s][info][gc,metaspace   ] GC(2689) Metaspace: 23247K(23552K)->23247K(23552K) NonClass: 20448K(20608K)->20448K(20608K) Class: 2798K(2944K)->2798K(2944K)
[1824.561s][info][gc             ] GC(2689) Pause Young (Allocation Failure) 1200M->719M(1979M) 423.632ms
[1824.561s][info][gc,cpu         ] GC(2689) User=0.42s Sys=0.00s Real=0.42s
[1824.909s][info][gc,start       ] GC(2690) Pause Young (Allocation Failure)
[1825.257s][info][gc,heap        ] GC(2690) DefNew: 629119K(629120K)->67522K(629120K) Eden: 559232K(559232K)->0K(559232K) From: 69887K(69888K)->67522K(69888K)
[1825.257s][info][gc,heap        ] GC(2690) Tenured: 667190K(1398144K)->704204K(1398144K)
[1825.257s][info][gc,metaspace   ] GC(2690) Metaspace: 23247K(23552K)->23247K(23552K) NonClass: 20448K(20608K)->20448K(20608K) Class: 2798K(2944K)->2798K(2944K)
[1825.257s][info][gc             ] GC(2690) Pause Young (Allocation Failure) 1265M->753M(1979M) 348.674ms
[1825.257s][info][gc,cpu         ] GC(2690) User=0.36s Sys=0.00s Real=0.35s
[1825.601s][info][gc,start       ] GC(2691) Pause Young (Allocation Failure)
[1825.899s][info][gc,heap        ] GC(2691) DefNew: 626754K(629120K)->60593K(629120K) Eden: 559232K(559232K)->0K(559232K) From: 67522K(69888K)->60593K(69888K)
[1825.899s][info][gc,heap        ] GC(2691) Tenured: 704204K(1398144K)->740911K(1398144K)
[1825.899s][info][gc,metaspace   ] GC(2691) Metaspace: 23247K(23552K)->23247K(23552K) NonClass: 20448K(20608K)->20448K(20608K) Class: 2798K(2944K)->2798K(2944K)
[1825.899s][info][gc             ] GC(2691) Pause Young (Allocation Failure) 1299M->782M(1979M) 298.403ms
[1825.899s][info][gc,cpu         ] GC(2691) User=0.30s Sys=0.00s Real=0.30s
[1826.062s][info][gc,start       ] GC(2692) Pause Young (Allocation Failure)
[1826.534s][info][gc,heap        ] GC(2692) DefNew: 619825K(629120K)->69888K(629120K) Eden: 559232K(559232K)->0K(559232K) From: 60593K(69888K)->69888K(69888K)
[1826.534s][info][gc,heap        ] GC(2692) Tenured: 740911K(1398144K)->805247K(1398144K)
[1826.534s][info][gc,metaspace   ] GC(2692) Metaspace: 23247K(23552K)->23247K(23552K) NonClass: 20448K(20608K)->20448K(20608K) Class: 2798K(2944K)->2798K(2944K)
[1826.534s][info][gc             ] GC(2692) Pause Young (Allocation Failure) 1328M->854M(1979M) 472.111ms
[1826.534s][info][gc,cpu         ] GC(2692) User=0.41s Sys=0.00s Real=0.47s
[1827.192s][info][gc,start       ] GC(2693) Pause Young (Allocation Failure)
[1827.415s][info][gc,heap        ] GC(2693) DefNew: 629120K(629120K)->35874K(629120K) Eden: 559232K(559232K)->0K(559232K) From: 69888K(69888K)->35874K(69888K)
[1827.415s][info][gc,heap        ] GC(2693) Tenured: 805247K(1398144K)->837394K(1398144K)
[1827.415s][info][gc,metaspace   ] GC(2693) Metaspace: 23247K(23552K)->23247K(23552K) NonClass: 20448K(20608K)->20448K(20608K) Class: 2798K(2944K)->2798K(2944K)
[1827.415s][info][gc             ] GC(2693) Pause Young (Allocation Failure) 1400M->852M(1979M) 223.773ms
[1827.415s][info][gc,cpu         ] GC(2693) User=0.22s Sys=0.00s Real=0.22s
[1827.630s][info][gc,start       ] GC(2694) Pause Young (Allocation Failure)
[1827.975s][info][gc,heap        ] GC(2694) DefNew: 595106K(629120K)->67650K(629120K) Eden: 559232K(559232K)->0K(559232K) From: 35874K(69888K)->67650K(69888K)
[1827.975s][info][gc,heap        ] GC(2694) Tenured: 837394K(1398144K)->869504K(1398144K)
[1827.975s][info][gc,metaspace   ] GC(2694) Metaspace: 23247K(23552K)->23247K(23552K) NonClass: 20448K(20608K)->20448K(20608K) Class: 2798K(2944K)->2798K(2944K)
[1827.975s][info][gc             ] GC(2694) Pause Young (Allocation Failure) 1398M->915M(1979M) 344.638ms
[1827.975s][info][gc,cpu         ] GC(2694) User=0.31s Sys=0.00s Real=0.35s
[1828.117s][info][gc,start       ] GC(2695) Pause Young (Allocation Failure)
[1828.575s][info][gc,heap        ] GC(2695) DefNew: 626882K(629120K)->69888K(629120K) Eden: 559232K(559232K)->0K(559232K) From: 67650K(69888K)->69888K(69888K)
[1828.575s][info][gc,heap        ] GC(2695) Tenured: 869504K(1398144K)->928355K(1398144K)
[1828.575s][info][gc,metaspace   ] GC(2695) Metaspace: 23247K(23552K)->23247K(23552K) NonClass: 20448K(20608K)->20448K(20608K) Class: 2798K(2944K)->2798K(2944K)
[1828.575s][info][gc             ] GC(2695) Pause Young (Allocation Failure) 1461M->974M(1979M) 458.396ms
[1828.575s][info][gc,cpu         ] GC(2695) User=0.42s Sys=0.00s Real=0.47s
[1829.210s][info][gc,start       ] GC(2696) Pause Young (Allocation Failure)
[1829.570s][info][gc,heap        ] GC(2696) DefNew: 629120K(629120K)->69887K(629120K) Eden: 559232K(559232K)->0K(559232K) From: 69888K(69888K)->69887K(69888K)
[1829.570s][info][gc,heap        ] GC(2696) Tenured: 928355K(1398144K)->963153K(1398144K)
[1829.570s][info][gc,metaspace   ] GC(2696) Metaspace: 23247K(23552K)->23247K(23552K) NonClass: 20448K(20608K)->20448K(20608K) Class: 2798K(2944K)->2798K(2944K)
[1829.570s][info][gc             ] GC(2696) Pause Young (Allocation Failure) 1520M->1008M(1979M) 359.355ms
[1829.570s][info][gc,cpu         ] GC(2696) User=0.33s Sys=0.00s Real=0.36s
[1829.720s][info][gc,start       ] GC(2697) Pause Young (Allocation Failure)
[1830.193s][info][gc,heap        ] GC(2697) DefNew: 629119K(629120K)->69888K(629120K) Eden: 559232K(559232K)->0K(559232K) From: 69887K(69888K)->69888K(69888K)
[1830.193s][info][gc,heap        ] GC(2697) Tenured: 963153K(1398144K)->1031317K(1398144K)
[1830.193s][info][gc,metaspace   ] GC(2697) Metaspace: 23247K(23552K)->23247K(23552K) NonClass: 20448K(20608K)->20448K(20608K) Class: 2798K(2944K)->2798K(2944K)
[1830.193s][info][gc             ] GC(2697) Pause Young (Allocation Failure) 1554M->1075M(1979M) 473.291ms
[1830.193s][info][gc,cpu         ] GC(2697) User=0.47s Sys=0.00s Real=0.48s
[1830.625s][info][gc,start       ] GC(2698) Pause Young (Allocation Failure)
[1830.911s][info][gc,heap        ] GC(2698) DefNew: 629120K(629120K)->55781K(629120K) Eden: 559232K(559232K)->0K(559232K) From: 69888K(69888K)->55781K(69888K)
[1830.911s][info][gc,heap        ] GC(2698) Tenured: 1031317K(1398144K)->1067925K(1398144K)
[1830.911s][info][gc,metaspace   ] GC(2698) Metaspace: 23247K(23552K)->23247K(23552K) NonClass: 20448K(20608K)->20448K(20608K) Class: 2798K(2944K)->2798K(2944K)
[1830.911s][info][gc             ] GC(2698) Pause Young (Allocation Failure) 1621M->1097M(1979M) 286.037ms
[1830.911s][info][gc,cpu         ] GC(2698) User=0.23s Sys=0.00s Real=0.28s
[1831.149s][info][gc,start       ] GC(2699) Pause Young (Allocation Failure)
[1831.480s][info][gc,heap        ] GC(2699) DefNew: 615013K(629120K)->68848K(629120K) Eden: 559232K(559232K)->0K(559232K) From: 55781K(69888K)->68848K(69888K)
[1831.480s][info][gc,heap        ] GC(2699) Tenured: 1067925K(1398144K)->1103393K(1398144K)
[1831.480s][info][gc,metaspace   ] GC(2699) Metaspace: 23247K(23552K)->23247K(23552K) NonClass: 20448K(20608K)->20448K(20608K) Class: 2798K(2944K)->2798K(2944K)
[1831.480s][info][gc             ] GC(2699) Pause Young (Allocation Failure) 1643M->1144M(1979M) 330.618ms
[1831.480s][info][gc,cpu         ] GC(2699) User=0.31s Sys=0.00s Real=0.33s
[1831.631s][info][gc,start       ] GC(2700) Pause Young (Allocation Failure)
[1832.103s][info][gc,heap        ] GC(2700) DefNew: 628080K(629120K)->69887K(629120K) Eden: 559232K(559232K)->0K(559232K) From: 68848K(69888K)->69887K(69888K)
[1832.103s][info][gc,heap        ] GC(2700) Tenured: 1103393K(1398144K)->1167609K(1398144K)
[1832.103s][info][gc,metaspace   ] GC(2700) Metaspace: 23247K(23552K)->23247K(23552K) NonClass: 20448K(20608K)->20448K(20608K) Class: 2798K(2944K)->2798K(2944K)
[1832.103s][info][gc             ] GC(2700) Pause Young (Allocation Failure) 1690M->1208M(1979M) 472.628ms
[1832.103s][info][gc,cpu         ] GC(2700) User=0.45s Sys=0.00s Real=0.47s
[1832.667s][info][gc,start       ] GC(2701) Pause Young (Allocation Failure)
[1832.952s][info][gc,heap        ] GC(2701) DefNew: 629119K(629120K)->50510K(629120K) Eden: 559232K(559232K)->0K(559232K) From: 69887K(69888K)->50510K(69888K)
[1832.952s][info][gc,heap        ] GC(2701) Tenured: 1167609K(1398144K)->1203333K(1398144K)
[1832.952s][info][gc,metaspace   ] GC(2701) Metaspace: 23247K(23552K)->23247K(23552K) NonClass: 20448K(20608K)->20448K(20608K) Class: 2798K(2944K)->2798K(2944K)
[1832.952s][info][gc             ] GC(2701) Pause Young (Allocation Failure) 1754M->1224M(1979M) 284.928ms
[1832.952s][info][gc,cpu         ] GC(2701) User=0.30s Sys=0.00s Real=0.28s
[1833.101s][info][gc,start       ] GC(2702) Pause Young (Allocation Failure)
[1833.527s][info][gc,heap        ] GC(2702) DefNew: 609742K(629120K)->69888K(629120K) Eden: 559232K(559232K)->0K(559232K) From: 50510K(69888K)->69888K(69888K)
[1833.527s][info][gc,heap        ] GC(2702) Tenured: 1203333K(1398144K)->1253319K(1398144K)
[1833.527s][info][gc,metaspace   ] GC(2702) Metaspace: 23247K(23552K)->23247K(23552K) NonClass: 20448K(20608K)->20448K(20608K) Class: 2798K(2944K)->2798K(2944K)
[1833.528s][info][gc             ] GC(2702) Pause Young (Allocation Failure) 1770M->1292M(1979M) 426.892ms
[1833.528s][info][gc,cpu         ] GC(2702) User=0.44s Sys=0.00s Real=0.42s
[1833.788s][info][gc,start       ] GC(2703) Pause Young (Allocation Failure)
[1834.245s][info][gc,heap        ] GC(2703) DefNew: 629120K(629120K)->69888K(629120K) Eden: 559232K(559232K)->0K(559232K) From: 69888K(69888K)->69888K(69888K)
[1834.245s][info][gc,heap        ] GC(2703) Tenured: 1253319K(1398144K)->1302289K(1398144K)
[1834.245s][info][gc,metaspace   ] GC(2703) Metaspace: 23247K(23552K)->23247K(23552K) NonClass: 20448K(20608K)->20448K(20608K) Class: 2798K(2944K)->2798K(2944K)
[1834.245s][info][gc             ] GC(2703) Pause Young (Allocation Failure) 1838M->1340M(1979M) 456.556ms
[1834.245s][info][gc,cpu         ] GC(2703) User=0.44s Sys=0.00s Real=0.45s
[1834.954s][info][gc,heap,exit   ] Heap
[1834.954s][info][gc,heap,exit   ]  def new generation   total 629120K, used 482502K [0x0000000080000000, 0x00000000aaaa0000, 0x00000000aaaa0000)
[1834.955s][info][gc,heap,exit   ]   eden space 559232K,  73% used [0x0000000080000000, 0x00000000992f1ae0, 0x00000000a2220000)
[1834.955s][info][gc,heap,exit   ]   from space 69888K, 100% used [0x00000000a6660000, 0x00000000aaaa0000, 0x00000000aaaa0000)
[1834.955s][info][gc,heap,exit   ]   to   space 69888K,   0% used [0x00000000a2220000, 0x00000000a2220000, 0x00000000a6660000)
[1834.955s][info][gc,heap,exit   ]  tenured generation   total 1398144K, used 1302289K [0x00000000aaaa0000, 0x0000000100000000, 0x0000000100000000)
[1834.955s][info][gc,heap,exit   ]    the space 1398144K,  93% used [0x00000000aaaa0000, 0x00000000fa2646f8, 0x00000000fa264800, 0x0000000100000000)
[1834.955s][info][gc,heap,exit   ]  Metaspace       used 23306K, committed 23616K, reserved 1114112K
[1834.955s][info][gc,heap,exit   ]   class space    used 2808K, committed 2944K, reserved 1048576K
