[0.011s][info][gc] Using G1
[0.035s][info][gc,init] Version: 17.0.12+7-adhoc..jdk17u (release)
[0.035s][info][gc,init] CPUs: 6 total, 6 available
[0.035s][info][gc,init] Memory: 15591M
[0.035s][info][gc,init] Large Page Support: Disabled
[0.035s][info][gc,init] NUMA Support: Disabled
[0.035s][info][gc,init] Compressed Oops: Enabled (Zero based)
[0.035s][info][gc,init] Heap Region Size: 4M
[0.035s][info][gc,init] Heap Min Capacity: 8G
[0.035s][info][gc,init] Heap Initial Capacity: 8G
[0.035s][info][gc,init] Heap Max Capacity: 8G
[0.035s][info][gc,init] Pre-touch: Disabled
[0.035s][info][gc,init] Parallel Workers: 6
[0.035s][info][gc,init] Concurrent Workers: 2
[0.035s][info][gc,init] Concurrent Refinement Workers: 6
[0.035s][info][gc,init] Periodic GC: Disabled
[0.042s][info][gc,metaspace] CDS archive(s) mapped at: [0x0000025db8000000-0x0000025db8bc0000-0x0000025db8bc0000), size 12320768, SharedBaseAddress: 0x0000025db8000000, ArchiveRelocationMode: 1.
[0.042s][info][gc,metaspace] Compressed class space mapped at: 0x0000025db9000000-0x0000025df9000000, reserved size: 1073741824
[0.042s][info][gc,metaspace] Narrow klass base: 0x0000025db8000000, Narrow klass shift: 0, Narrow klass range: 0x100000000
[3.928s][info][gc,start    ] GC(0) Pause Young (Concurrent Start) (Metadata GC Threshold)
[3.928s][info][gc,task     ] GC(0) Using 6 workers of 6 for evacuation
[3.934s][info][gc,phases   ] GC(0)   Pre Evacuate Collection Set: 0.3ms
[3.934s][info][gc,phases   ] GC(0)   Merge Heap Roots: 0.1ms
[3.934s][info][gc,phases   ] GC(0)   Evacuate Collection Set: 4.4ms
[3.934s][info][gc,phases   ] GC(0)   Post Evacuate Collection Set: 0.7ms
[3.934s][info][gc,phases   ] GC(0)   Other: 0.4ms
[3.934s][info][gc,heap     ] GC(0) Eden regions: 21->0(99)
[3.934s][info][gc,heap     ] GC(0) Survivor regions: 0->3(13)
[3.934s][info][gc,heap     ] GC(0) Old regions: 0->0
[3.934s][info][gc,heap     ] GC(0) Archive regions: 0->0
[3.934s][info][gc,heap     ] GC(0) Humongous regions: 0->0
[3.934s][info][gc,metaspace] GC(0) Metaspace: 21307K(21504K)->21307K(21504K) NonClass: 18592K(18688K)->18592K(18688K) Class: 2714K(2816K)->2714K(2816K)
[3.934s][info][gc          ] GC(0) Pause Young (Concurrent Start) (Metadata GC Threshold) 84M->8M(8192M) 6.091ms
[3.934s][info][gc,cpu      ] GC(0) User=0.00s Sys=0.00s Real=0.02s
[3.934s][info][gc          ] GC(1) Concurrent Mark Cycle
[3.934s][info][gc,marking  ] GC(1) Concurrent Clear Claimed Marks
[3.934s][info][gc,marking  ] GC(1) Concurrent Clear Claimed Marks 0.017ms
[3.934s][info][gc,marking  ] GC(1) Concurrent Scan Root Regions
[3.936s][info][gc,marking  ] GC(1) Concurrent Scan Root Regions 1.856ms
[3.936s][info][gc,marking  ] GC(1) Concurrent Mark
[3.936s][info][gc,marking  ] GC(1) Concurrent Mark From Roots
[3.936s][info][gc,task     ] GC(1) Using 2 workers of 2 for marking
[3.937s][info][gc,marking  ] GC(1) Concurrent Mark From Roots 0.299ms
[3.937s][info][gc,marking  ] GC(1) Concurrent Preclean
[3.937s][info][gc,marking  ] GC(1) Concurrent Preclean 0.031ms
[3.937s][info][gc,start    ] GC(1) Pause Remark
[3.938s][info][gc          ] GC(1) Pause Remark 10M->10M(8192M) 1.633ms
[3.938s][info][gc,cpu      ] GC(1) User=0.00s Sys=0.00s Real=0.00s
[3.938s][info][gc,marking  ] GC(1) Concurrent Mark 2.194ms
[3.939s][info][gc,marking  ] GC(1) Concurrent Rebuild Remembered Sets
[3.939s][info][gc,marking  ] GC(1) Concurrent Rebuild Remembered Sets 0.008ms
[3.939s][info][gc,start    ] GC(1) Pause Cleanup
[3.939s][info][gc          ] GC(1) Pause Cleanup 10M->10M(8192M) 0.016ms
[3.939s][info][gc,cpu      ] GC(1) User=0.00s Sys=0.00s Real=0.00s
[3.939s][info][gc,marking  ] GC(1) Concurrent Cleanup for Next Mark
[3.956s][info][gc,marking  ] GC(1) Concurrent Cleanup for Next Mark 17.529ms
[3.956s][info][gc          ] GC(1) Concurrent Mark Cycle 21.969ms
[4.803s][info][gc,start    ] GC(2) Pause Young (Concurrent Start) (Metadata GC Threshold)
[4.803s][info][gc,task     ] GC(2) Using 6 workers of 6 for evacuation
[4.810s][info][gc,phases   ] GC(2)   Pre Evacuate Collection Set: 0.2ms
[4.810s][info][gc,phases   ] GC(2)   Merge Heap Roots: 0.1ms
[4.810s][info][gc,phases   ] GC(2)   Evacuate Collection Set: 5.6ms
[4.810s][info][gc,phases   ] GC(2)   Post Evacuate Collection Set: 0.9ms
[4.810s][info][gc,phases   ] GC(2)   Other: 0.2ms
[4.810s][info][gc,heap     ] GC(2) Eden regions: 14->0(98)
[4.810s][info][gc,heap     ] GC(2) Survivor regions: 3->4(13)
[4.810s][info][gc,heap     ] GC(2) Old regions: 0->0
[4.810s][info][gc,heap     ] GC(2) Archive regions: 0->0
[4.810s][info][gc,heap     ] GC(2) Humongous regions: 0->0
[4.810s][info][gc,metaspace] GC(2) Metaspace: 35696K(35968K)->35696K(35968K) NonClass: 30800K(30912K)->30800K(30912K) Class: 4895K(5056K)->4895K(5056K)
[4.810s][info][gc          ] GC(2) Pause Young (Concurrent Start) (Metadata GC Threshold) 62M->12M(8192M) 7.097ms
[4.810s][info][gc,cpu      ] GC(2) User=0.00s Sys=0.00s Real=0.01s
[4.810s][info][gc          ] GC(3) Concurrent Mark Cycle
[4.810s][info][gc,marking  ] GC(3) Concurrent Clear Claimed Marks
[4.810s][info][gc,marking  ] GC(3) Concurrent Clear Claimed Marks 0.024ms
[4.810s][info][gc,marking  ] GC(3) Concurrent Scan Root Regions
[4.814s][info][gc,marking  ] GC(3) Concurrent Scan Root Regions 3.133ms
[4.814s][info][gc,marking  ] GC(3) Concurrent Mark
[4.814s][info][gc,marking  ] GC(3) Concurrent Mark From Roots
[4.814s][info][gc,task     ] GC(3) Using 2 workers of 2 for marking
[4.814s][info][gc,marking  ] GC(3) Concurrent Mark From Roots 0.416ms
[4.814s][info][gc,marking  ] GC(3) Concurrent Preclean
[4.814s][info][gc,marking  ] GC(3) Concurrent Preclean 0.031ms
[4.814s][info][gc,start    ] GC(3) Pause Remark
[4.816s][info][gc          ] GC(3) Pause Remark 16M->16M(8192M) 1.287ms
[4.816s][info][gc,cpu      ] GC(3) User=0.00s Sys=0.02s Real=0.01s
[4.816s][info][gc,marking  ] GC(3) Concurrent Mark 2.088ms
[4.816s][info][gc,marking  ] GC(3) Concurrent Rebuild Remembered Sets
[4.816s][info][gc,marking  ] GC(3) Concurrent Rebuild Remembered Sets 0.009ms
[4.816s][info][gc,start    ] GC(3) Pause Cleanup
[4.816s][info][gc          ] GC(3) Pause Cleanup 16M->16M(8192M) 0.024ms
[4.816s][info][gc,cpu      ] GC(3) User=0.00s Sys=0.00s Real=0.00s
[4.816s][info][gc,marking  ] GC(3) Concurrent Cleanup for Next Mark
[4.834s][info][gc,marking  ] GC(3) Concurrent Cleanup for Next Mark 17.992ms
[4.834s][info][gc          ] GC(3) Concurrent Mark Cycle 23.681ms
[5.374s][info][gc,start    ] GC(4) Pause Full (System.gc())
[5.374s][info][gc,task     ] GC(4) Using 6 workers of 6 for full compaction
[5.374s][info][gc,phases,start] GC(4) Phase 1: Mark live objects
[5.379s][info][gc,phases      ] GC(4) Phase 1: Mark live objects 5.126ms
[5.379s][info][gc,phases,start] GC(4) Phase 2: Prepare for compaction
[5.385s][info][gc,phases      ] GC(4) Phase 2: Prepare for compaction 5.850ms
[5.385s][info][gc,phases,start] GC(4) Phase 3: Adjust pointers
[5.388s][info][gc,phases      ] GC(4) Phase 3: Adjust pointers 2.768ms
[5.388s][info][gc,phases,start] GC(4) Phase 4: Compact heap
[5.390s][info][gc,phases      ] GC(4) Phase 4: Compact heap 1.421ms
[5.405s][info][gc,heap        ] GC(4) Eden regions: 13->0(102)
[5.406s][info][gc,heap        ] GC(4) Survivor regions: 4->0(13)
[5.406s][info][gc,heap        ] GC(4) Old regions: 0->8
[5.406s][info][gc,heap        ] GC(4) Archive regions: 0->0
[5.406s][info][gc,heap        ] GC(4) Humongous regions: 0->0
[5.406s][info][gc,metaspace   ] GC(4) Metaspace: 44237K(44672K)->44237K(44672K) NonClass: 38096K(38336K)->38096K(38336K) Class: 6140K(6336K)->6140K(6336K)
[5.406s][info][gc             ] GC(4) Pause Full (System.gc()) 62M->16M(8192M) 31.704ms
[5.406s][info][gc,cpu         ] GC(4) User=0.09s Sys=0.09s Real=0.03s
[8.710s][info][gc,start       ] GC(5) Pause Young (Normal) (G1 Evacuation Pause)
[8.710s][info][gc,task        ] GC(5) Using 6 workers of 6 for evacuation
[8.716s][info][gc,phases      ] GC(5)   Pre Evacuate Collection Set: 0.1ms
[8.716s][info][gc,phases      ] GC(5)   Merge Heap Roots: 0.1ms
[8.716s][info][gc,phases      ] GC(5)   Evacuate Collection Set: 4.8ms
[8.716s][info][gc,phases      ] GC(5)   Post Evacuate Collection Set: 0.5ms
[8.716s][info][gc,phases      ] GC(5)   Other: 0.2ms
[8.716s][info][gc,heap        ] GC(5) Eden regions: 102->0(138)
[8.716s][info][gc,heap        ] GC(5) Survivor regions: 0->3(13)
[8.716s][info][gc,heap        ] GC(5) Old regions: 8->8
[8.716s][info][gc,heap        ] GC(5) Archive regions: 0->0
[8.716s][info][gc,heap        ] GC(5) Humongous regions: 0->0
[8.716s][info][gc,metaspace   ] GC(5) Metaspace: 49108K(49536K)->49108K(49536K) NonClass: 42648K(42880K)->42648K(42880K) Class: 6460K(6656K)->6460K(6656K)
[8.716s][info][gc             ] GC(5) Pause Young (Normal) (G1 Evacuation Pause) 424M->25M(8192M) 5.917ms
[8.716s][info][gc,cpu         ] GC(5) User=0.00s Sys=0.00s Real=0.00s
[11.311s][info][gc,start       ] GC(6) Pause Young (Normal) (G1 Evacuation Pause)
[11.311s][info][gc,task        ] GC(6) Using 6 workers of 6 for evacuation
[11.316s][info][gc,phases      ] GC(6)   Pre Evacuate Collection Set: 0.2ms
[11.316s][info][gc,phases      ] GC(6)   Merge Heap Roots: 0.1ms
[11.316s][info][gc,phases      ] GC(6)   Evacuate Collection Set: 4.3ms
[11.316s][info][gc,phases      ] GC(6)   Post Evacuate Collection Set: 0.5ms
[11.316s][info][gc,phases      ] GC(6)   Other: 0.2ms
[11.316s][info][gc,heap        ] GC(6) Eden regions: 138->0(1110)
[11.316s][info][gc,heap        ] GC(6) Survivor regions: 3->3(18)
[11.316s][info][gc,heap        ] GC(6) Old regions: 8->8
[11.316s][info][gc,heap        ] GC(6) Archive regions: 0->0
[11.316s][info][gc,heap        ] GC(6) Humongous regions: 0->0
[11.316s][info][gc,metaspace   ] GC(6) Metaspace: 49251K(49664K)->49251K(49664K) NonClass: 42775K(43008K)->42775K(43008K) Class: 6475K(6656K)->6475K(6656K)
[11.316s][info][gc             ] GC(6) Pause Young (Normal) (G1 Evacuation Pause) 577M->25M(8192M) 5.330ms
[11.316s][info][gc,cpu         ] GC(6) User=0.05s Sys=0.00s Real=0.01s
[16.088s][info][gc,start       ] GC(7) Pause Full (System.gc())
[16.088s][info][gc,task        ] GC(7) Using 6 workers of 6 for full compaction
[16.088s][info][gc,phases,start] GC(7) Phase 1: Mark live objects
[16.101s][info][gc,phases      ] GC(7) Phase 1: Mark live objects 12.163ms
[16.101s][info][gc,phases,start] GC(7) Phase 2: Prepare for compaction
[16.108s][info][gc,phases      ] GC(7) Phase 2: Prepare for compaction 7.237ms
[16.108s][info][gc,phases,start] GC(7) Phase 3: Adjust pointers
[16.115s][info][gc,phases      ] GC(7) Phase 3: Adjust pointers 6.903ms
[16.115s][info][gc,phases,start] GC(7) Phase 4: Compact heap
[16.119s][info][gc,phases      ] GC(7) Phase 4: Compact heap 4.469ms
[16.139s][info][gc,heap        ] GC(7) Eden regions: 487->0(1228)
[16.139s][info][gc,heap        ] GC(7) Survivor regions: 3->0(18)
[16.139s][info][gc,heap        ] GC(7) Old regions: 8->9
[16.139s][info][gc,heap        ] GC(7) Archive regions: 0->0
[16.139s][info][gc,heap        ] GC(7) Humongous regions: 0->0
[16.139s][info][gc,metaspace   ] GC(7) Metaspace: 49600K(50048K)->49580K(50048K) NonClass: 43096K(43328K)->43081K(43328K) Class: 6504K(6720K)->6498K(6720K)
[16.139s][info][gc             ] GC(7) Pause Full (System.gc()) 1971M->21M(8192M) 50.845ms
[16.139s][info][gc,cpu         ] GC(7) User=0.27s Sys=0.00s Real=0.05s
[19.779s][info][gc,start       ] GC(8) Pause Full (System.gc())
[19.779s][info][gc,task        ] GC(8) Using 6 workers of 6 for full compaction
[19.779s][info][gc,phases,start] GC(8) Phase 1: Mark live objects
[19.789s][info][gc,phases      ] GC(8) Phase 1: Mark live objects 9.621ms
[19.789s][info][gc,phases,start] GC(8) Phase 2: Prepare for compaction
[19.795s][info][gc,phases      ] GC(8) Phase 2: Prepare for compaction 6.511ms
[19.795s][info][gc,phases,start] GC(8) Phase 3: Adjust pointers
[19.803s][info][gc,phases      ] GC(8) Phase 3: Adjust pointers 7.970ms
[19.803s][info][gc,phases,start] GC(8) Phase 4: Compact heap
[19.807s][info][gc,phases      ] GC(8) Phase 4: Compact heap 3.535ms
[19.826s][info][gc,heap        ] GC(8) Eden regions: 671->0(1228)
[19.826s][info][gc,heap        ] GC(8) Survivor regions: 0->0(18)
[19.826s][info][gc,heap        ] GC(8) Old regions: 9->9
[19.826s][info][gc,heap        ] GC(8) Archive regions: 0->0
[19.826s][info][gc,heap        ] GC(8) Humongous regions: 0->0
[19.826s][info][gc,metaspace   ] GC(8) Metaspace: 50059K(50496K)->50059K(50496K) NonClass: 43555K(43776K)->43555K(43776K) Class: 6503K(6720K)->6503K(6720K)
[19.826s][info][gc             ] GC(8) Pause Full (System.gc()) 2705M->23M(8192M) 47.195ms
[19.826s][info][gc,cpu         ] GC(8) User=0.25s Sys=0.02s Real=0.05s
[22.967s][info][gc,start       ] GC(9) Pause Full (System.gc())
[22.967s][info][gc,task        ] GC(9) Using 6 workers of 6 for full compaction
[22.967s][info][gc,phases,start] GC(9) Phase 1: Mark live objects
[22.975s][info][gc,phases      ] GC(9) Phase 1: Mark live objects 8.266ms
[22.976s][info][gc,phases,start] GC(9) Phase 2: Prepare for compaction
[22.983s][info][gc,phases      ] GC(9) Phase 2: Prepare for compaction 7.468ms
[22.983s][info][gc,phases,start] GC(9) Phase 3: Adjust pointers
[22.991s][info][gc,phases      ] GC(9) Phase 3: Adjust pointers 7.645ms
[22.991s][info][gc,phases,start] GC(9) Phase 4: Compact heap
[22.995s][info][gc,phases      ] GC(9) Phase 4: Compact heap 3.842ms
[23.015s][info][gc,heap        ] GC(9) Eden regions: 652->0(1228)
[23.015s][info][gc,heap        ] GC(9) Survivor regions: 0->0(18)
[23.015s][info][gc,heap        ] GC(9) Old regions: 9->10
[23.015s][info][gc,heap        ] GC(9) Archive regions: 0->0
[23.015s][info][gc,heap        ] GC(9) Humongous regions: 0->0
[23.015s][info][gc,metaspace   ] GC(9) Metaspace: 50401K(50816K)->50401K(50816K) NonClass: 43897K(44096K)->43897K(44096K) Class: 6503K(6720K)->6503K(6720K)
[23.015s][info][gc             ] GC(9) Pause Full (System.gc()) 2631M->22M(8192M) 48.590ms
[23.015s][info][gc,cpu         ] GC(9) User=0.23s Sys=0.05s Real=0.05s
[25.930s][info][gc,start       ] GC(10) Pause Full (System.gc())
[25.930s][info][gc,task        ] GC(10) Using 6 workers of 6 for full compaction
[25.930s][info][gc,phases,start] GC(10) Phase 1: Mark live objects
[25.938s][info][gc,phases      ] GC(10) Phase 1: Mark live objects 8.122ms
[25.939s][info][gc,phases,start] GC(10) Phase 2: Prepare for compaction
[25.946s][info][gc,phases      ] GC(10) Phase 2: Prepare for compaction 7.185ms
[25.946s][info][gc,phases,start] GC(10) Phase 3: Adjust pointers
[25.955s][info][gc,phases      ] GC(10) Phase 3: Adjust pointers 9.519ms
[25.955s][info][gc,phases,start] GC(10) Phase 4: Compact heap
[25.959s][info][gc,phases      ] GC(10) Phase 4: Compact heap 3.701ms
[25.980s][info][gc,heap        ] GC(10) Eden regions: 646->0(1228)
[25.980s][info][gc,heap        ] GC(10) Survivor regions: 0->0(18)
[25.980s][info][gc,heap        ] GC(10) Old regions: 10->9
[25.980s][info][gc,heap        ] GC(10) Archive regions: 0->0
[25.980s][info][gc,heap        ] GC(10) Humongous regions: 0->0
[25.980s][info][gc,metaspace   ] GC(10) Metaspace: 50693K(51136K)->50693K(51136K) NonClass: 44190K(44416K)->44190K(44416K) Class: 6503K(6720K)->6503K(6720K)
[25.980s][info][gc             ] GC(10) Pause Full (System.gc()) 2606M->22M(8192M) 50.239ms
[25.980s][info][gc,cpu         ] GC(10) User=0.27s Sys=0.00s Real=0.05s
[28.887s][info][gc,start       ] GC(11) Pause Full (System.gc())
[28.887s][info][gc,task        ] GC(11) Using 6 workers of 6 for full compaction
[28.887s][info][gc,phases,start] GC(11) Phase 1: Mark live objects
[28.897s][info][gc,phases      ] GC(11) Phase 1: Mark live objects 9.523ms
[28.897s][info][gc,phases,start] GC(11) Phase 2: Prepare for compaction
[28.903s][info][gc,phases      ] GC(11) Phase 2: Prepare for compaction 6.592ms
[28.904s][info][gc,phases,start] GC(11) Phase 3: Adjust pointers
[28.913s][info][gc,phases      ] GC(11) Phase 3: Adjust pointers 9.200ms
[28.913s][info][gc,phases,start] GC(11) Phase 4: Compact heap
[28.916s][info][gc,phases      ] GC(11) Phase 4: Compact heap 3.456ms
[28.937s][info][gc,heap        ] GC(11) Eden regions: 625->0(1228)
[28.937s][info][gc,heap        ] GC(11) Survivor regions: 0->0(18)
[28.937s][info][gc,heap        ] GC(11) Old regions: 9->9
[28.937s][info][gc,heap        ] GC(11) Archive regions: 0->0
[28.937s][info][gc,heap        ] GC(11) Humongous regions: 0->0
[28.937s][info][gc,metaspace   ] GC(11) Metaspace: 50788K(51200K)->50788K(51200K) NonClass: 44285K(44480K)->44285K(44480K) Class: 6503K(6720K)->6503K(6720K)
[28.937s][info][gc             ] GC(11) Pause Full (System.gc()) 2522M->22M(8192M) 50.126ms
[28.937s][info][gc,cpu         ] GC(11) User=0.17s Sys=0.00s Real=0.05s
[31.744s][info][gc,start       ] GC(12) Pause Full (System.gc())
[31.744s][info][gc,task        ] GC(12) Using 6 workers of 6 for full compaction
[31.744s][info][gc,phases,start] GC(12) Phase 1: Mark live objects
[31.754s][info][gc,phases      ] GC(12) Phase 1: Mark live objects 9.876ms
[31.754s][info][gc,phases,start] GC(12) Phase 2: Prepare for compaction
[31.761s][info][gc,phases      ] GC(12) Phase 2: Prepare for compaction 7.120ms
[31.761s][info][gc,phases,start] GC(12) Phase 3: Adjust pointers
[31.770s][info][gc,phases      ] GC(12) Phase 3: Adjust pointers 8.903ms
[31.770s][info][gc,phases,start] GC(12) Phase 4: Compact heap
[31.775s][info][gc,phases      ] GC(12) Phase 4: Compact heap 4.225ms
[31.795s][info][gc,heap        ] GC(12) Eden regions: 622->0(1228)
[31.795s][info][gc,heap        ] GC(12) Survivor regions: 0->0(18)
[31.795s][info][gc,heap        ] GC(12) Old regions: 9->9
[31.795s][info][gc,heap        ] GC(12) Archive regions: 0->0
[31.795s][info][gc,heap        ] GC(12) Humongous regions: 0->0
[31.795s][info][gc,metaspace   ] GC(12) Metaspace: 51012K(51456K)->51012K(51456K) NonClass: 44508K(44736K)->44508K(44736K) Class: 6503K(6720K)->6503K(6720K)
[31.795s][info][gc             ] GC(12) Pause Full (System.gc()) 2510M->22M(8192M) 51.524ms
[31.795s][info][gc,cpu         ] GC(12) User=0.20s Sys=0.00s Real=0.05s
[34.566s][info][gc,start       ] GC(13) Pause Full (System.gc())
[34.566s][info][gc,task        ] GC(13) Using 6 workers of 6 for full compaction
[34.566s][info][gc,phases,start] GC(13) Phase 1: Mark live objects
[34.576s][info][gc,phases      ] GC(13) Phase 1: Mark live objects 9.357ms
[34.576s][info][gc,phases,start] GC(13) Phase 2: Prepare for compaction
[34.582s][info][gc,phases      ] GC(13) Phase 2: Prepare for compaction 6.466ms
[34.582s][info][gc,phases,start] GC(13) Phase 3: Adjust pointers
[34.591s][info][gc,phases      ] GC(13) Phase 3: Adjust pointers 9.336ms
[34.592s][info][gc,phases,start] GC(13) Phase 4: Compact heap
[34.595s][info][gc,phases      ] GC(13) Phase 4: Compact heap 3.795ms
[34.617s][info][gc,heap        ] GC(13) Eden regions: 604->0(1228)
[34.617s][info][gc,heap        ] GC(13) Survivor regions: 0->0(18)
[34.617s][info][gc,heap        ] GC(13) Old regions: 9->9
[34.617s][info][gc,heap        ] GC(13) Archive regions: 0->0
[34.617s][info][gc,heap        ] GC(13) Humongous regions: 0->0
[34.617s][info][gc,metaspace   ] GC(13) Metaspace: 51076K(51520K)->51076K(51520K) NonClass: 44572K(44800K)->44572K(44800K) Class: 6504K(6720K)->6504K(6720K)
[34.617s][info][gc             ] GC(13) Pause Full (System.gc()) 2436M->22M(8192M) 51.373ms
[34.617s][info][gc,cpu         ] GC(13) User=0.19s Sys=0.02s Real=0.06s
[37.322s][info][gc,start       ] GC(14) Pause Full (System.gc())
[37.322s][info][gc,task        ] GC(14) Using 6 workers of 6 for full compaction
[37.323s][info][gc,phases,start] GC(14) Phase 1: Mark live objects
[37.333s][info][gc,phases      ] GC(14) Phase 1: Mark live objects 10.358ms
[37.333s][info][gc,phases,start] GC(14) Phase 2: Prepare for compaction
[37.340s][info][gc,phases      ] GC(14) Phase 2: Prepare for compaction 7.114ms
[37.340s][info][gc,phases,start] GC(14) Phase 3: Adjust pointers
[37.349s][info][gc,phases      ] GC(14) Phase 3: Adjust pointers 8.952ms
[37.349s][info][gc,phases,start] GC(14) Phase 4: Compact heap
[37.353s][info][gc,phases      ] GC(14) Phase 4: Compact heap 4.030ms
[37.374s][info][gc,heap        ] GC(14) Eden regions: 594->0(1228)
[37.374s][info][gc,heap        ] GC(14) Survivor regions: 0->0(18)
[37.374s][info][gc,heap        ] GC(14) Old regions: 9->9
[37.374s][info][gc,heap        ] GC(14) Archive regions: 0->0
[37.374s][info][gc,heap        ] GC(14) Humongous regions: 0->0
[37.374s][info][gc,metaspace   ] GC(14) Metaspace: 51097K(51520K)->51097K(51520K) NonClass: 44593K(44800K)->44593K(44800K) Class: 6504K(6720K)->6504K(6720K)
[37.375s][info][gc             ] GC(14) Pause Full (System.gc()) 2396M->22M(8192M) 52.258ms
[37.375s][info][gc,cpu         ] GC(14) User=0.16s Sys=0.02s Real=0.05s
[40.058s][info][gc,start       ] GC(15) Pause Full (System.gc())
[40.058s][info][gc,task        ] GC(15) Using 6 workers of 6 for full compaction
[40.059s][info][gc,phases,start] GC(15) Phase 1: Mark live objects
[40.068s][info][gc,phases      ] GC(15) Phase 1: Mark live objects 8.988ms
[40.068s][info][gc,phases,start] GC(15) Phase 2: Prepare for compaction
[40.074s][info][gc,phases      ] GC(15) Phase 2: Prepare for compaction 6.150ms
[40.074s][info][gc,phases,start] GC(15) Phase 3: Adjust pointers
[40.083s][info][gc,phases      ] GC(15) Phase 3: Adjust pointers 9.472ms
[40.083s][info][gc,phases,start] GC(15) Phase 4: Compact heap
[40.086s][info][gc,phases      ] GC(15) Phase 4: Compact heap 2.889ms
[40.108s][info][gc,heap        ] GC(15) Eden regions: 593->0(1228)
[40.108s][info][gc,heap        ] GC(15) Survivor regions: 0->0(18)
[40.108s][info][gc,heap        ] GC(15) Old regions: 9->9
[40.108s][info][gc,heap        ] GC(15) Archive regions: 0->0
[40.108s][info][gc,heap        ] GC(15) Humongous regions: 0->0
[40.108s][info][gc,metaspace   ] GC(15) Metaspace: 51197K(51584K)->51197K(51584K) NonClass: 44693K(44864K)->44693K(44864K) Class: 6504K(6720K)->6504K(6720K)
[40.108s][info][gc             ] GC(15) Pause Full (System.gc()) 2392M->22M(8192M) 49.713ms
[40.108s][info][gc,cpu         ] GC(15) User=0.17s Sys=0.00s Real=0.05s
[42.726s][info][gc,start       ] GC(16) Pause Full (System.gc())
[42.726s][info][gc,task        ] GC(16) Using 6 workers of 6 for full compaction
[42.727s][info][gc,phases,start] GC(16) Phase 1: Mark live objects
[42.736s][info][gc,phases      ] GC(16) Phase 1: Mark live objects 9.305ms
[42.736s][info][gc,phases,start] GC(16) Phase 2: Prepare for compaction
[42.742s][info][gc,phases      ] GC(16) Phase 2: Prepare for compaction 6.432ms
[42.742s][info][gc,phases,start] GC(16) Phase 3: Adjust pointers
[42.753s][info][gc,phases      ] GC(16) Phase 3: Adjust pointers 10.353ms
[42.753s][info][gc,phases,start] GC(16) Phase 4: Compact heap
[42.756s][info][gc,phases      ] GC(16) Phase 4: Compact heap 3.212ms
[42.778s][info][gc,heap        ] GC(16) Eden regions: 591->0(1228)
[42.778s][info][gc,heap        ] GC(16) Survivor regions: 0->0(18)
[42.778s][info][gc,heap        ] GC(16) Old regions: 9->9
[42.778s][info][gc,heap        ] GC(16) Archive regions: 0->0
[42.778s][info][gc,heap        ] GC(16) Humongous regions: 0->0
[42.778s][info][gc,metaspace   ] GC(16) Metaspace: 51262K(51648K)->51262K(51648K) NonClass: 44758K(44928K)->44758K(44928K) Class: 6504K(6720K)->6504K(6720K)
[42.778s][info][gc             ] GC(16) Pause Full (System.gc()) 2384M->22M(8192M) 52.046ms
[42.778s][info][gc,cpu         ] GC(16) User=0.19s Sys=0.02s Real=0.05s
[45.478s][info][gc,start       ] GC(17) Pause Full (System.gc())
[45.478s][info][gc,task        ] GC(17) Using 6 workers of 6 for full compaction
[45.478s][info][gc,phases,start] GC(17) Phase 1: Mark live objects
[45.488s][info][gc,phases      ] GC(17) Phase 1: Mark live objects 10.215ms
[45.488s][info][gc,phases,start] GC(17) Phase 2: Prepare for compaction
[45.495s][info][gc,phases      ] GC(17) Phase 2: Prepare for compaction 6.434ms
[45.495s][info][gc,phases,start] GC(17) Phase 3: Adjust pointers
[45.505s][info][gc,phases      ] GC(17) Phase 3: Adjust pointers 9.792ms
[45.505s][info][gc,phases,start] GC(17) Phase 4: Compact heap
[45.508s][info][gc,phases      ] GC(17) Phase 4: Compact heap 2.982ms
[45.530s][info][gc,heap        ] GC(17) Eden regions: 586->0(1228)
[45.530s][info][gc,heap        ] GC(17) Survivor regions: 0->0(18)
[45.530s][info][gc,heap        ] GC(17) Old regions: 9->9
[45.530s][info][gc,heap        ] GC(17) Archive regions: 0->0
[45.530s][info][gc,heap        ] GC(17) Humongous regions: 0->0
[45.530s][info][gc,metaspace   ] GC(17) Metaspace: 51268K(51712K)->51268K(51712K) NonClass: 44764K(44992K)->44764K(44992K) Class: 6504K(6720K)->6504K(6720K)
[45.530s][info][gc             ] GC(17) Pause Full (System.gc()) 2364M->22M(8192M) 52.534ms
[45.530s][info][gc,cpu         ] GC(17) User=0.19s Sys=0.00s Real=0.05s
[48.117s][info][gc,start       ] GC(18) Pause Full (System.gc())
[48.117s][info][gc,task        ] GC(18) Using 6 workers of 6 for full compaction
[48.117s][info][gc,phases,start] GC(18) Phase 1: Mark live objects
[48.126s][info][gc,phases      ] GC(18) Phase 1: Mark live objects 8.872ms
[48.126s][info][gc,phases,start] GC(18) Phase 2: Prepare for compaction
[48.133s][info][gc,phases      ] GC(18) Phase 2: Prepare for compaction 6.510ms
[48.133s][info][gc,phases,start] GC(18) Phase 3: Adjust pointers
[48.141s][info][gc,phases      ] GC(18) Phase 3: Adjust pointers 8.448ms
[48.141s][info][gc,phases,start] GC(18) Phase 4: Compact heap
[48.144s][info][gc,phases      ] GC(18) Phase 4: Compact heap 3.065ms
[48.165s][info][gc,heap        ] GC(18) Eden regions: 584->0(1228)
[48.165s][info][gc,heap        ] GC(18) Survivor regions: 0->0(18)
[48.165s][info][gc,heap        ] GC(18) Old regions: 9->9
[48.165s][info][gc,heap        ] GC(18) Archive regions: 0->0
[48.165s][info][gc,heap        ] GC(18) Humongous regions: 0->0
[48.165s][info][gc,metaspace   ] GC(18) Metaspace: 51287K(51712K)->51287K(51712K) NonClass: 44783K(44992K)->44783K(44992K) Class: 6504K(6720K)->6504K(6720K)
[48.165s][info][gc             ] GC(18) Pause Full (System.gc()) 2358M->22M(8192M) 48.031ms
[48.165s][info][gc,cpu         ] GC(18) User=0.20s Sys=0.00s Real=0.05s
[50.833s][info][gc,start       ] GC(19) Pause Full (System.gc())
[50.833s][info][gc,task        ] GC(19) Using 6 workers of 6 for full compaction
[50.833s][info][gc,phases,start] GC(19) Phase 1: Mark live objects
[50.843s][info][gc,phases      ] GC(19) Phase 1: Mark live objects 9.447ms
[50.843s][info][gc,phases,start] GC(19) Phase 2: Prepare for compaction
[50.849s][info][gc,phases      ] GC(19) Phase 2: Prepare for compaction 6.501ms
[50.849s][info][gc,phases,start] GC(19) Phase 3: Adjust pointers
[50.858s][info][gc,phases      ] GC(19) Phase 3: Adjust pointers 8.927ms
[50.858s][info][gc,phases,start] GC(19) Phase 4: Compact heap
[50.862s][info][gc,phases      ] GC(19) Phase 4: Compact heap 3.162ms
[50.883s][info][gc,heap        ] GC(19) Eden regions: 579->0(1228)
[50.883s][info][gc,heap        ] GC(19) Survivor regions: 0->0(18)
[50.883s][info][gc,heap        ] GC(19) Old regions: 9->10
[50.883s][info][gc,heap        ] GC(19) Archive regions: 0->0
[50.883s][info][gc,heap        ] GC(19) Humongous regions: 0->0
[50.883s][info][gc,metaspace   ] GC(19) Metaspace: 51564K(52032K)->51564K(52032K) NonClass: 45057K(45312K)->45057K(45312K) Class: 6507K(6720K)->6507K(6720K)
[50.883s][info][gc             ] GC(19) Pause Full (System.gc()) 2336M->22M(8192M) 49.772ms
[50.883s][info][gc,cpu         ] GC(19) User=0.20s Sys=0.00s Real=0.05s
[53.498s][info][gc,start       ] GC(20) Pause Full (System.gc())
[53.498s][info][gc,task        ] GC(20) Using 6 workers of 6 for full compaction
[53.498s][info][gc,phases,start] GC(20) Phase 1: Mark live objects
[53.509s][info][gc,phases      ] GC(20) Phase 1: Mark live objects 10.654ms
[53.509s][info][gc,phases,start] GC(20) Phase 2: Prepare for compaction
[53.516s][info][gc,phases      ] GC(20) Phase 2: Prepare for compaction 6.548ms
[53.516s][info][gc,phases,start] GC(20) Phase 3: Adjust pointers
[53.526s][info][gc,phases      ] GC(20) Phase 3: Adjust pointers 10.325ms
[53.526s][info][gc,phases,start] GC(20) Phase 4: Compact heap
[53.529s][info][gc,phases      ] GC(20) Phase 4: Compact heap 2.932ms
[53.550s][info][gc,heap        ] GC(20) Eden regions: 575->0(1228)
[53.550s][info][gc,heap        ] GC(20) Survivor regions: 0->0(18)
[53.550s][info][gc,heap        ] GC(20) Old regions: 10->9
[53.550s][info][gc,heap        ] GC(20) Archive regions: 0->0
[53.550s][info][gc,heap        ] GC(20) Humongous regions: 0->0
[53.550s][info][gc,metaspace   ] GC(20) Metaspace: 51573K(52032K)->51573K(52032K) NonClass: 45065K(45312K)->45065K(45312K) Class: 6507K(6720K)->6507K(6720K)
[53.550s][info][gc             ] GC(20) Pause Full (System.gc()) 2320M->22M(8192M) 52.085ms
[53.550s][info][gc,cpu         ] GC(20) User=0.27s Sys=0.00s Real=0.05s
[56.140s][info][gc,start       ] GC(21) Pause Full (System.gc())
[56.140s][info][gc,task        ] GC(21) Using 6 workers of 6 for full compaction
[56.141s][info][gc,phases,start] GC(21) Phase 1: Mark live objects
[56.151s][info][gc,phases      ] GC(21) Phase 1: Mark live objects 10.023ms
[56.151s][info][gc,phases,start] GC(21) Phase 2: Prepare for compaction
[56.157s][info][gc,phases      ] GC(21) Phase 2: Prepare for compaction 6.626ms
[56.157s][info][gc,phases,start] GC(21) Phase 3: Adjust pointers
[56.166s][info][gc,phases      ] GC(21) Phase 3: Adjust pointers 9.093ms
[56.166s][info][gc,phases,start] GC(21) Phase 4: Compact heap
[56.170s][info][gc,phases      ] GC(21) Phase 4: Compact heap 3.743ms
[56.191s][info][gc,heap        ] GC(21) Eden regions: 564->0(1228)
[56.191s][info][gc,heap        ] GC(21) Survivor regions: 0->0(18)
[56.191s][info][gc,heap        ] GC(21) Old regions: 9->9
[56.191s][info][gc,heap        ] GC(21) Archive regions: 0->0
[56.191s][info][gc,heap        ] GC(21) Humongous regions: 0->0
[56.191s][info][gc,metaspace   ] GC(21) Metaspace: 51579K(52032K)->51579K(52032K) NonClass: 45072K(45312K)->45072K(45312K) Class: 6507K(6720K)->6507K(6720K)
[56.191s][info][gc             ] GC(21) Pause Full (System.gc()) 2278M->22M(8192M) 50.983ms
[56.191s][info][gc,cpu         ] GC(21) User=0.27s Sys=0.00s Real=0.06s
[58.692s][info][gc,start       ] GC(22) Pause Full (System.gc())
[58.692s][info][gc,task        ] GC(22) Using 6 workers of 6 for full compaction
[58.693s][info][gc,phases,start] GC(22) Phase 1: Mark live objects
[58.702s][info][gc,phases      ] GC(22) Phase 1: Mark live objects 9.028ms
[58.702s][info][gc,phases,start] GC(22) Phase 2: Prepare for compaction
[58.709s][info][gc,phases      ] GC(22) Phase 2: Prepare for compaction 7.073ms
[58.709s][info][gc,phases,start] GC(22) Phase 3: Adjust pointers
[58.718s][info][gc,phases      ] GC(22) Phase 3: Adjust pointers 9.332ms
[58.718s][info][gc,phases,start] GC(22) Phase 4: Compact heap
[58.721s][info][gc,phases      ] GC(22) Phase 4: Compact heap 2.863ms
[58.742s][info][gc,heap        ] GC(22) Eden regions: 564->0(1228)
[58.742s][info][gc,heap        ] GC(22) Survivor regions: 0->0(18)
[58.742s][info][gc,heap        ] GC(22) Old regions: 9->9
[58.742s][info][gc,heap        ] GC(22) Archive regions: 0->0
[58.742s][info][gc,heap        ] GC(22) Humongous regions: 0->0
[58.742s][info][gc,metaspace   ] GC(22) Metaspace: 51589K(52032K)->51589K(52032K) NonClass: 45082K(45312K)->45082K(45312K) Class: 6507K(6720K)->6507K(6720K)
[58.742s][info][gc             ] GC(22) Pause Full (System.gc()) 2276M->23M(8192M) 50.151ms
[58.742s][info][gc,cpu         ] GC(22) User=0.17s Sys=0.00s Real=0.05s
[61.284s][info][gc,start       ] GC(23) Pause Full (System.gc())
[61.284s][info][gc,task        ] GC(23) Using 6 workers of 6 for full compaction
[61.284s][info][gc,phases,start] GC(23) Phase 1: Mark live objects
[61.293s][info][gc,phases      ] GC(23) Phase 1: Mark live objects 8.724ms
[61.293s][info][gc,phases,start] GC(23) Phase 2: Prepare for compaction
[61.300s][info][gc,phases      ] GC(23) Phase 2: Prepare for compaction 6.539ms
[61.300s][info][gc,phases,start] GC(23) Phase 3: Adjust pointers
[61.309s][info][gc,phases      ] GC(23) Phase 3: Adjust pointers 9.687ms
[61.309s][info][gc,phases,start] GC(23) Phase 4: Compact heap
[61.313s][info][gc,phases      ] GC(23) Phase 4: Compact heap 3.469ms
[61.334s][info][gc,heap        ] GC(23) Eden regions: 565->0(1228)
[61.335s][info][gc,heap        ] GC(23) Survivor regions: 0->0(18)
[61.335s][info][gc,heap        ] GC(23) Old regions: 9->10
[61.335s][info][gc,heap        ] GC(23) Archive regions: 0->0
[61.335s][info][gc,heap        ] GC(23) Humongous regions: 0->0
[61.335s][info][gc,metaspace   ] GC(23) Metaspace: 51595K(52032K)->51595K(52032K) NonClass: 45088K(45312K)->45088K(45312K) Class: 6507K(6720K)->6507K(6720K)
[61.335s][info][gc             ] GC(23) Pause Full (System.gc()) 2281M->23M(8192M) 50.837ms
[61.335s][info][gc,cpu         ] GC(23) User=0.12s Sys=0.03s Real=0.06s
[63.828s][info][gc,start       ] GC(24) Pause Full (System.gc())
[63.828s][info][gc,task        ] GC(24) Using 6 workers of 6 for full compaction
[63.829s][info][gc,phases,start] GC(24) Phase 1: Mark live objects
[63.839s][info][gc,phases      ] GC(24) Phase 1: Mark live objects 10.318ms
[63.839s][info][gc,phases,start] GC(24) Phase 2: Prepare for compaction
[63.845s][info][gc,phases      ] GC(24) Phase 2: Prepare for compaction 6.457ms
[63.845s][info][gc,phases,start] GC(24) Phase 3: Adjust pointers
[63.855s][info][gc,phases      ] GC(24) Phase 3: Adjust pointers 9.662ms
[63.855s][info][gc,phases,start] GC(24) Phase 4: Compact heap
[63.858s][info][gc,phases      ] GC(24) Phase 4: Compact heap 3.212ms
[63.880s][info][gc,heap        ] GC(24) Eden regions: 561->0(1228)
[63.880s][info][gc,heap        ] GC(24) Survivor regions: 0->0(18)
[63.880s][info][gc,heap        ] GC(24) Old regions: 10->9
[63.880s][info][gc,heap        ] GC(24) Archive regions: 0->0
[63.880s][info][gc,heap        ] GC(24) Humongous regions: 0->0
[63.880s][info][gc,metaspace   ] GC(24) Metaspace: 51601K(52032K)->51601K(52032K) NonClass: 45093K(45312K)->45093K(45312K) Class: 6507K(6720K)->6507K(6720K)
[63.880s][info][gc             ] GC(24) Pause Full (System.gc()) 2265M->24M(8192M) 51.678ms
[63.880s][info][gc,cpu         ] GC(24) User=0.27s Sys=0.00s Real=0.05s
[66.391s][info][gc,start       ] GC(25) Pause Full (System.gc())
[66.391s][info][gc,task        ] GC(25) Using 6 workers of 6 for full compaction
[66.392s][info][gc,phases,start] GC(25) Phase 1: Mark live objects
[66.403s][info][gc,phases      ] GC(25) Phase 1: Mark live objects 10.777ms
[66.403s][info][gc,phases,start] GC(25) Phase 2: Prepare for compaction
[66.409s][info][gc,phases      ] GC(25) Phase 2: Prepare for compaction 6.576ms
[66.409s][info][gc,phases,start] GC(25) Phase 3: Adjust pointers
[66.419s][info][gc,phases      ] GC(25) Phase 3: Adjust pointers 9.769ms
[66.419s][info][gc,phases,start] GC(25) Phase 4: Compact heap
[66.423s][info][gc,phases      ] GC(25) Phase 4: Compact heap 3.455ms
[66.444s][info][gc,heap        ] GC(25) Eden regions: 560->0(1228)
[66.444s][info][gc,heap        ] GC(25) Survivor regions: 0->0(18)
[66.444s][info][gc,heap        ] GC(25) Old regions: 9->9
[66.444s][info][gc,heap        ] GC(25) Archive regions: 0->0
[66.444s][info][gc,heap        ] GC(25) Humongous regions: 0->0
[66.444s][info][gc,metaspace   ] GC(25) Metaspace: 51612K(52032K)->51612K(52032K) NonClass: 45102K(45312K)->45102K(45312K) Class: 6510K(6720K)->6510K(6720K)
[66.444s][info][gc             ] GC(25) Pause Full (System.gc()) 2262M->24M(8192M) 53.041ms
[66.444s][info][gc,cpu         ] GC(25) User=0.16s Sys=0.02s Real=0.05s
[68.920s][info][gc,start       ] GC(26) Pause Full (System.gc())
[68.920s][info][gc,task        ] GC(26) Using 6 workers of 6 for full compaction
[68.920s][info][gc,phases,start] GC(26) Phase 1: Mark live objects
[68.932s][info][gc,phases      ] GC(26) Phase 1: Mark live objects 11.919ms
[68.932s][info][gc,phases,start] GC(26) Phase 2: Prepare for compaction
[68.939s][info][gc,phases      ] GC(26) Phase 2: Prepare for compaction 6.997ms
[68.939s][info][gc,phases,start] GC(26) Phase 3: Adjust pointers
[68.949s][info][gc,phases      ] GC(26) Phase 3: Adjust pointers 9.832ms
[68.949s][info][gc,phases,start] GC(26) Phase 4: Compact heap
[68.953s][info][gc,phases      ] GC(26) Phase 4: Compact heap 3.625ms
[68.974s][info][gc,heap        ] GC(26) Eden regions: 560->0(1228)
[68.975s][info][gc,heap        ] GC(26) Survivor regions: 0->0(18)
[68.975s][info][gc,heap        ] GC(26) Old regions: 9->9
[68.975s][info][gc,heap        ] GC(26) Archive regions: 0->0
[68.975s][info][gc,heap        ] GC(26) Humongous regions: 0->0
[68.975s][info][gc,metaspace   ] GC(26) Metaspace: 51624K(52032K)->51624K(52032K) NonClass: 45113K(45312K)->45113K(45312K) Class: 6511K(6720K)->6511K(6720K)
[68.975s][info][gc             ] GC(26) Pause Full (System.gc()) 2262M->24M(8192M) 54.723ms
[68.975s][info][gc,cpu         ] GC(26) User=0.23s Sys=0.02s Real=0.05s
[71.420s][info][gc,start       ] GC(27) Pause Full (System.gc())
[71.420s][info][gc,task        ] GC(27) Using 6 workers of 6 for full compaction
[71.420s][info][gc,phases,start] GC(27) Phase 1: Mark live objects
[71.430s][info][gc,phases      ] GC(27) Phase 1: Mark live objects 9.989ms
[71.430s][info][gc,phases,start] GC(27) Phase 2: Prepare for compaction
[71.437s][info][gc,phases      ] GC(27) Phase 2: Prepare for compaction 6.453ms
[71.437s][info][gc,phases,start] GC(27) Phase 3: Adjust pointers
[71.447s][info][gc,phases      ] GC(27) Phase 3: Adjust pointers 9.776ms
[71.447s][info][gc,phases,start] GC(27) Phase 4: Compact heap
[71.450s][info][gc,phases      ] GC(27) Phase 4: Compact heap 3.158ms
[71.472s][info][gc,heap        ] GC(27) Eden regions: 556->0(1228)
[71.472s][info][gc,heap        ] GC(27) Survivor regions: 0->0(18)
[71.472s][info][gc,heap        ] GC(27) Old regions: 9->9
[71.472s][info][gc,heap        ] GC(27) Archive regions: 0->0
[71.472s][info][gc,heap        ] GC(27) Humongous regions: 0->0
[71.472s][info][gc,metaspace   ] GC(27) Metaspace: 51636K(52032K)->51636K(52032K) NonClass: 45125K(45312K)->45125K(45312K) Class: 6511K(6720K)->6511K(6720K)
[71.472s][info][gc             ] GC(27) Pause Full (System.gc()) 2246M->25M(8192M) 51.939ms
[71.472s][info][gc,cpu         ] GC(27) User=0.27s Sys=0.00s Real=0.05s
[73.978s][info][gc,start       ] GC(28) Pause Full (System.gc())
[73.978s][info][gc,task        ] GC(28) Using 6 workers of 6 for full compaction
[73.979s][info][gc,phases,start] GC(28) Phase 1: Mark live objects
[73.989s][info][gc,phases      ] GC(28) Phase 1: Mark live objects 10.411ms
[73.989s][info][gc,phases,start] GC(28) Phase 2: Prepare for compaction
[73.996s][info][gc,phases      ] GC(28) Phase 2: Prepare for compaction 6.826ms
[73.996s][info][gc,phases,start] GC(28) Phase 3: Adjust pointers
[74.006s][info][gc,phases      ] GC(28) Phase 3: Adjust pointers 9.516ms
[74.006s][info][gc,phases,start] GC(28) Phase 4: Compact heap
[74.009s][info][gc,phases      ] GC(28) Phase 4: Compact heap 3.213ms
[74.030s][info][gc,heap        ] GC(28) Eden regions: 554->0(1228)
[74.030s][info][gc,heap        ] GC(28) Survivor regions: 0->0(18)
[74.030s][info][gc,heap        ] GC(28) Old regions: 9->9
[74.030s][info][gc,heap        ] GC(28) Archive regions: 0->0
[74.030s][info][gc,heap        ] GC(28) Humongous regions: 0->0
[74.030s][info][gc,metaspace   ] GC(28) Metaspace: 51653K(52096K)->51653K(52096K) NonClass: 45142K(45376K)->45142K(45376K) Class: 6511K(6720K)->6511K(6720K)
[74.030s][info][gc             ] GC(28) Pause Full (System.gc()) 2241M->24M(8192M) 51.757ms
[74.030s][info][gc,cpu         ] GC(28) User=0.16s Sys=0.00s Real=0.06s
[76.533s][info][gc,start       ] GC(29) Pause Full (System.gc())
[76.533s][info][gc,task        ] GC(29) Using 6 workers of 6 for full compaction
[76.533s][info][gc,phases,start] GC(29) Phase 1: Mark live objects
[76.545s][info][gc,phases      ] GC(29) Phase 1: Mark live objects 11.786ms
[76.545s][info][gc,phases,start] GC(29) Phase 2: Prepare for compaction
[76.552s][info][gc,phases      ] GC(29) Phase 2: Prepare for compaction 6.605ms
[76.552s][info][gc,phases,start] GC(29) Phase 3: Adjust pointers
[76.562s][info][gc,phases      ] GC(29) Phase 3: Adjust pointers 9.932ms
[76.562s][info][gc,phases,start] GC(29) Phase 4: Compact heap
[76.565s][info][gc,phases      ] GC(29) Phase 4: Compact heap 3.073ms
[76.587s][info][gc,heap        ] GC(29) Eden regions: 550->0(1228)
[76.587s][info][gc,heap        ] GC(29) Survivor regions: 0->0(18)
[76.587s][info][gc,heap        ] GC(29) Old regions: 9->10
[76.587s][info][gc,heap        ] GC(29) Archive regions: 0->0
[76.587s][info][gc,heap        ] GC(29) Humongous regions: 0->0
[76.587s][info][gc,metaspace   ] GC(29) Metaspace: 51654K(52096K)->51654K(52096K) NonClass: 45143K(45376K)->45143K(45376K) Class: 6511K(6720K)->6511K(6720K)
[76.587s][info][gc             ] GC(29) Pause Full (System.gc()) 2222M->24M(8192M) 53.838ms
[76.587s][info][gc,cpu         ] GC(29) User=0.28s Sys=0.00s Real=0.07s
[79.081s][info][gc,start       ] GC(30) Pause Full (System.gc())
[79.081s][info][gc,task        ] GC(30) Using 6 workers of 6 for full compaction
[79.081s][info][gc,phases,start] GC(30) Phase 1: Mark live objects
[79.092s][info][gc,phases      ] GC(30) Phase 1: Mark live objects 10.527ms
[79.092s][info][gc,phases,start] GC(30) Phase 2: Prepare for compaction
[79.098s][info][gc,phases      ] GC(30) Phase 2: Prepare for compaction 6.375ms
[79.098s][info][gc,phases,start] GC(30) Phase 3: Adjust pointers
[79.108s][info][gc,phases      ] GC(30) Phase 3: Adjust pointers 10.146ms
[79.108s][info][gc,phases,start] GC(30) Phase 4: Compact heap
[79.112s][info][gc,phases      ] GC(30) Phase 4: Compact heap 3.275ms
[79.133s][info][gc,heap        ] GC(30) Eden regions: 549->0(1228)
[79.134s][info][gc,heap        ] GC(30) Survivor regions: 0->0(18)
[79.134s][info][gc,heap        ] GC(30) Old regions: 10->10
[79.134s][info][gc,heap        ] GC(30) Archive regions: 0->0
[79.134s][info][gc,heap        ] GC(30) Humongous regions: 0->0
[79.134s][info][gc,metaspace   ] GC(30) Metaspace: 51655K(52096K)->51655K(52096K) NonClass: 45144K(45376K)->45144K(45376K) Class: 6511K(6720K)->6511K(6720K)
[79.134s][info][gc             ] GC(30) Pause Full (System.gc()) 2218M->24M(8192M) 52.821ms
[79.134s][info][gc,cpu         ] GC(30) User=0.19s Sys=0.00s Real=0.06s
[81.597s][info][gc,start       ] GC(31) Pause Full (System.gc())
[81.597s][info][gc,task        ] GC(31) Using 6 workers of 6 for full compaction
[81.598s][info][gc,phases,start] GC(31) Phase 1: Mark live objects
[81.609s][info][gc,phases      ] GC(31) Phase 1: Mark live objects 11.163ms
[81.609s][info][gc,phases,start] GC(31) Phase 2: Prepare for compaction
[81.616s][info][gc,phases      ] GC(31) Phase 2: Prepare for compaction 6.692ms
[81.616s][info][gc,phases,start] GC(31) Phase 3: Adjust pointers
[81.626s][info][gc,phases      ] GC(31) Phase 3: Adjust pointers 10.050ms
[81.626s][info][gc,phases,start] GC(31) Phase 4: Compact heap
[81.629s][info][gc,phases      ] GC(31) Phase 4: Compact heap 3.238ms
[81.651s][info][gc,heap        ] GC(31) Eden regions: 553->0(1228)
[81.651s][info][gc,heap        ] GC(31) Survivor regions: 0->0(18)
[81.651s][info][gc,heap        ] GC(31) Old regions: 10->9
[81.651s][info][gc,heap        ] GC(31) Archive regions: 0->0
[81.651s][info][gc,heap        ] GC(31) Humongous regions: 0->0
[81.651s][info][gc,metaspace   ] GC(31) Metaspace: 51657K(52096K)->51657K(52096K) NonClass: 45146K(45376K)->45146K(45376K) Class: 6511K(6720K)->6511K(6720K)
[81.651s][info][gc             ] GC(31) Pause Full (System.gc()) 2234M->24M(8192M) 54.278ms
[81.651s][info][gc,cpu         ] GC(31) User=0.17s Sys=0.00s Real=0.05s
[84.118s][info][gc,start       ] GC(32) Pause Full (System.gc())
[84.118s][info][gc,task        ] GC(32) Using 6 workers of 6 for full compaction
[84.118s][info][gc,phases,start] GC(32) Phase 1: Mark live objects
[84.128s][info][gc,phases      ] GC(32) Phase 1: Mark live objects 9.866ms
[84.128s][info][gc,phases,start] GC(32) Phase 2: Prepare for compaction
[84.135s][info][gc,phases      ] GC(32) Phase 2: Prepare for compaction 7.245ms
[84.135s][info][gc,phases,start] GC(32) Phase 3: Adjust pointers
[84.145s][info][gc,phases      ] GC(32) Phase 3: Adjust pointers 9.656ms
[84.145s][info][gc,phases,start] GC(32) Phase 4: Compact heap
[84.149s][info][gc,phases      ] GC(32) Phase 4: Compact heap 3.835ms
[84.170s][info][gc,heap        ] GC(32) Eden regions: 551->0(1228)
[84.170s][info][gc,heap        ] GC(32) Survivor regions: 0->0(18)
[84.170s][info][gc,heap        ] GC(32) Old regions: 9->9
[84.170s][info][gc,heap        ] GC(32) Archive regions: 0->0
[84.170s][info][gc,heap        ] GC(32) Humongous regions: 0->0
[84.170s][info][gc,metaspace   ] GC(32) Metaspace: 51660K(52096K)->51660K(52096K) NonClass: 45149K(45376K)->45149K(45376K) Class: 6511K(6720K)->6511K(6720K)
[84.170s][info][gc             ] GC(32) Pause Full (System.gc()) 2228M->24M(8192M) 52.502ms
[84.170s][info][gc,cpu         ] GC(32) User=0.17s Sys=0.00s Real=0.04s
[86.584s][info][gc,start       ] GC(33) Pause Full (System.gc())
[86.584s][info][gc,task        ] GC(33) Using 6 workers of 6 for full compaction
[86.585s][info][gc,phases,start] GC(33) Phase 1: Mark live objects
[86.595s][info][gc,phases      ] GC(33) Phase 1: Mark live objects 10.759ms
[86.596s][info][gc,phases,start] GC(33) Phase 2: Prepare for compaction
[86.603s][info][gc,phases      ] GC(33) Phase 2: Prepare for compaction 7.075ms
[86.603s][info][gc,phases,start] GC(33) Phase 3: Adjust pointers
[86.612s][info][gc,phases      ] GC(33) Phase 3: Adjust pointers 9.583ms
[86.612s][info][gc,phases,start] GC(33) Phase 4: Compact heap
[86.615s][info][gc,phases      ] GC(33) Phase 4: Compact heap 3.128ms
[86.637s][info][gc,heap        ] GC(33) Eden regions: 551->0(1228)
[86.637s][info][gc,heap        ] GC(33) Survivor regions: 0->0(18)
[86.637s][info][gc,heap        ] GC(33) Old regions: 9->10
[86.637s][info][gc,heap        ] GC(33) Archive regions: 0->0
[86.637s][info][gc,heap        ] GC(33) Humongous regions: 0->0
[86.637s][info][gc,metaspace   ] GC(33) Metaspace: 51666K(52096K)->51666K(52096K) NonClass: 45155K(45376K)->45155K(45376K) Class: 6511K(6720K)->6511K(6720K)
[86.637s][info][gc             ] GC(33) Pause Full (System.gc()) 2226M->24M(8192M) 52.677ms
[86.637s][info][gc,cpu         ] GC(33) User=0.17s Sys=0.00s Real=0.05s
[89.036s][info][gc,start       ] GC(34) Pause Full (System.gc())
[89.036s][info][gc,task        ] GC(34) Using 6 workers of 6 for full compaction
[89.037s][info][gc,phases,start] GC(34) Phase 1: Mark live objects
[89.047s][info][gc,phases      ] GC(34) Phase 1: Mark live objects 10.443ms
[89.047s][info][gc,phases,start] GC(34) Phase 2: Prepare for compaction
[89.054s][info][gc,phases      ] GC(34) Phase 2: Prepare for compaction 6.687ms
[89.054s][info][gc,phases,start] GC(34) Phase 3: Adjust pointers
[89.064s][info][gc,phases      ] GC(34) Phase 3: Adjust pointers 10.053ms
[89.064s][info][gc,phases,start] GC(34) Phase 4: Compact heap
[89.067s][info][gc,phases      ] GC(34) Phase 4: Compact heap 3.189ms
[89.089s][info][gc,heap        ] GC(34) Eden regions: 543->0(1228)
[89.090s][info][gc,heap        ] GC(34) Survivor regions: 0->0(18)
[89.090s][info][gc,heap        ] GC(34) Old regions: 10->9
[89.090s][info][gc,heap        ] GC(34) Archive regions: 0->0
[89.090s][info][gc,heap        ] GC(34) Humongous regions: 0->0
[89.090s][info][gc,metaspace   ] GC(34) Metaspace: 51681K(52096K)->51681K(52096K) NonClass: 45169K(45376K)->45169K(45376K) Class: 6511K(6720K)->6511K(6720K)
[89.090s][info][gc             ] GC(34) Pause Full (System.gc()) 2196M->24M(8192M) 53.483ms
[89.090s][info][gc,cpu         ] GC(34) User=0.25s Sys=0.02s Real=0.05s
[91.437s][info][gc,start       ] GC(35) Pause Full (System.gc())
[91.437s][info][gc,task        ] GC(35) Using 6 workers of 6 for full compaction
[91.437s][info][gc,phases,start] GC(35) Phase 1: Mark live objects
[91.447s][info][gc,phases      ] GC(35) Phase 1: Mark live objects 10.139ms
[91.447s][info][gc,phases,start] GC(35) Phase 2: Prepare for compaction
[91.454s][info][gc,phases      ] GC(35) Phase 2: Prepare for compaction 6.455ms
[91.454s][info][gc,phases,start] GC(35) Phase 3: Adjust pointers
[91.464s][info][gc,phases      ] GC(35) Phase 3: Adjust pointers 10.200ms
[91.464s][info][gc,phases,start] GC(35) Phase 4: Compact heap
[91.467s][info][gc,phases      ] GC(35) Phase 4: Compact heap 3.166ms
[91.489s][info][gc,heap        ] GC(35) Eden regions: 531->0(1228)
[91.489s][info][gc,heap        ] GC(35) Survivor regions: 0->0(18)
[91.489s][info][gc,heap        ] GC(35) Old regions: 9->9
[91.489s][info][gc,heap        ] GC(35) Archive regions: 0->0
[91.489s][info][gc,heap        ] GC(35) Humongous regions: 0->0
[91.489s][info][gc,metaspace   ] GC(35) Metaspace: 51691K(52096K)->51691K(52096K) NonClass: 45179K(45376K)->45179K(45376K) Class: 6511K(6720K)->6511K(6720K)
[91.489s][info][gc             ] GC(35) Pause Full (System.gc()) 2146M->24M(8192M) 52.728ms
[91.490s][info][gc,cpu         ] GC(35) User=0.22s Sys=0.00s Real=0.05s
[93.857s][info][gc,start       ] GC(36) Pause Full (System.gc())
[93.857s][info][gc,task        ] GC(36) Using 6 workers of 6 for full compaction
[93.858s][info][gc,phases,start] GC(36) Phase 1: Mark live objects
[93.868s][info][gc,phases      ] GC(36) Phase 1: Mark live objects 10.139ms
[93.868s][info][gc,phases,start] GC(36) Phase 2: Prepare for compaction
[93.875s][info][gc,phases      ] GC(36) Phase 2: Prepare for compaction 6.985ms
[93.875s][info][gc,phases,start] GC(36) Phase 3: Adjust pointers
[93.885s][info][gc,phases      ] GC(36) Phase 3: Adjust pointers 10.245ms
[93.885s][info][gc,phases,start] GC(36) Phase 4: Compact heap
[93.890s][info][gc,phases      ] GC(36) Phase 4: Compact heap 4.733ms
[93.912s][info][gc,heap        ] GC(36) Eden regions: 527->0(1228)
[93.912s][info][gc,heap        ] GC(36) Survivor regions: 0->0(18)
[93.912s][info][gc,heap        ] GC(36) Old regions: 9->9
[93.912s][info][gc,heap        ] GC(36) Archive regions: 0->0
[93.912s][info][gc,heap        ] GC(36) Humongous regions: 0->0
[93.912s][info][gc,metaspace   ] GC(36) Metaspace: 51694K(52096K)->51694K(52096K) NonClass: 45182K(45376K)->45182K(45376K) Class: 6511K(6720K)->6511K(6720K)
[93.912s][info][gc             ] GC(36) Pause Full (System.gc()) 2130M->24M(8192M) 55.151ms
[93.912s][info][gc,cpu         ] GC(36) User=0.28s Sys=0.00s Real=0.05s
[96.261s][info][gc,start       ] GC(37) Pause Full (System.gc())
[96.261s][info][gc,task        ] GC(37) Using 6 workers of 6 for full compaction
[96.262s][info][gc,phases,start] GC(37) Phase 1: Mark live objects
[96.273s][info][gc,phases      ] GC(37) Phase 1: Mark live objects 11.497ms
[96.273s][info][gc,phases,start] GC(37) Phase 2: Prepare for compaction
[96.280s][info][gc,phases      ] GC(37) Phase 2: Prepare for compaction 6.689ms
[96.280s][info][gc,phases,start] GC(37) Phase 3: Adjust pointers
[96.290s][info][gc,phases      ] GC(37) Phase 3: Adjust pointers 9.740ms
[96.290s][info][gc,phases,start] GC(37) Phase 4: Compact heap
[96.293s][info][gc,phases      ] GC(37) Phase 4: Compact heap 3.034ms
[96.314s][info][gc,heap        ] GC(37) Eden regions: 526->0(1228)
[96.314s][info][gc,heap        ] GC(37) Survivor regions: 0->0(18)
[96.314s][info][gc,heap        ] GC(37) Old regions: 9->9
[96.314s][info][gc,heap        ] GC(37) Archive regions: 0->0
[96.314s][info][gc,heap        ] GC(37) Humongous regions: 0->0
[96.314s][info][gc,metaspace   ] GC(37) Metaspace: 51696K(52096K)->51696K(52096K) NonClass: 45184K(45376K)->45184K(45376K) Class: 6512K(6720K)->6512K(6720K)
[96.314s][info][gc             ] GC(37) Pause Full (System.gc()) 2128M->24M(8192M) 53.010ms
[96.314s][info][gc,cpu         ] GC(37) User=0.23s Sys=0.02s Real=0.06s
[98.704s][info][gc,start       ] GC(38) Pause Full (System.gc())
[98.704s][info][gc,task        ] GC(38) Using 6 workers of 6 for full compaction
[98.704s][info][gc,phases,start] GC(38) Phase 1: Mark live objects
[98.716s][info][gc,phases      ] GC(38) Phase 1: Mark live objects 12.027ms
[98.716s][info][gc,phases,start] GC(38) Phase 2: Prepare for compaction
[98.723s][info][gc,phases      ] GC(38) Phase 2: Prepare for compaction 7.001ms
[98.724s][info][gc,phases,start] GC(38) Phase 3: Adjust pointers
[98.733s][info][gc,phases      ] GC(38) Phase 3: Adjust pointers 9.849ms
[98.733s][info][gc,phases,start] GC(38) Phase 4: Compact heap
[98.737s][info][gc,phases      ] GC(38) Phase 4: Compact heap 3.597ms
[98.759s][info][gc,heap        ] GC(38) Eden regions: 527->0(1228)
[98.759s][info][gc,heap        ] GC(38) Survivor regions: 0->0(18)
[98.759s][info][gc,heap        ] GC(38) Old regions: 9->10
[98.759s][info][gc,heap        ] GC(38) Archive regions: 0->0
[98.759s][info][gc,heap        ] GC(38) Humongous regions: 0->0
[98.759s][info][gc,metaspace   ] GC(38) Metaspace: 51700K(52096K)->51700K(52096K) NonClass: 45187K(45376K)->45187K(45376K) Class: 6512K(6720K)->6512K(6720K)
[98.759s][info][gc             ] GC(38) Pause Full (System.gc()) 2130M->25M(8192M) 54.739ms
[98.759s][info][gc,cpu         ] GC(38) User=0.22s Sys=0.00s Real=0.05s
[101.151s][info][gc,start       ] GC(39) Pause Full (System.gc())
[101.151s][info][gc,task        ] GC(39) Using 6 workers of 6 for full compaction
[101.151s][info][gc,phases,start] GC(39) Phase 1: Mark live objects
[101.162s][info][gc,phases      ] GC(39) Phase 1: Mark live objects 10.547ms
[101.162s][info][gc,phases,start] GC(39) Phase 2: Prepare for compaction
[101.169s][info][gc,phases      ] GC(39) Phase 2: Prepare for compaction 7.086ms
[101.171s][info][gc,phases,start] GC(39) Phase 3: Adjust pointers
[101.180s][info][gc,phases      ] GC(39) Phase 3: Adjust pointers 9.599ms
[101.180s][info][gc,phases,start] GC(39) Phase 4: Compact heap
[101.185s][info][gc,phases      ] GC(39) Phase 4: Compact heap 4.058ms
[101.206s][info][gc,heap        ] GC(39) Eden regions: 526->0(1228)
[101.207s][info][gc,heap        ] GC(39) Survivor regions: 0->0(18)
[101.207s][info][gc,heap        ] GC(39) Old regions: 10->10
[101.207s][info][gc,heap        ] GC(39) Archive regions: 0->0
[101.207s][info][gc,heap        ] GC(39) Humongous regions: 0->0
[101.207s][info][gc,metaspace   ] GC(39) Metaspace: 51704K(52096K)->51704K(52096K) NonClass: 45191K(45376K)->45191K(45376K) Class: 6512K(6720K)->6512K(6720K)
[101.207s][info][gc             ] GC(39) Pause Full (System.gc()) 2127M->24M(8192M) 55.650ms
[101.207s][info][gc,cpu         ] GC(39) User=0.22s Sys=0.00s Real=0.05s
[103.562s][info][gc,start       ] GC(40) Pause Full (System.gc())
[103.562s][info][gc,task        ] GC(40) Using 6 workers of 6 for full compaction
[103.563s][info][gc,phases,start] GC(40) Phase 1: Mark live objects
[103.574s][info][gc,phases      ] GC(40) Phase 1: Mark live objects 11.661ms
[103.574s][info][gc,phases,start] GC(40) Phase 2: Prepare for compaction
[103.581s][info][gc,phases      ] GC(40) Phase 2: Prepare for compaction 6.701ms
[103.581s][info][gc,phases,start] GC(40) Phase 3: Adjust pointers
[103.592s][info][gc,phases      ] GC(40) Phase 3: Adjust pointers 10.608ms
[103.592s][info][gc,phases,start] GC(40) Phase 4: Compact heap
[103.596s][info][gc,phases      ] GC(40) Phase 4: Compact heap 4.040ms
[103.618s][info][gc,heap        ] GC(40) Eden regions: 531->0(1228)
[103.618s][info][gc,heap        ] GC(40) Survivor regions: 0->0(18)
[103.618s][info][gc,heap        ] GC(40) Old regions: 10->9
[103.618s][info][gc,heap        ] GC(40) Archive regions: 0->0
[103.618s][info][gc,heap        ] GC(40) Humongous regions: 0->0
[103.618s][info][gc,metaspace   ] GC(40) Metaspace: 51704K(52096K)->51704K(52096K) NonClass: 45191K(45376K)->45191K(45376K) Class: 6512K(6720K)->6512K(6720K)
[103.618s][info][gc             ] GC(40) Pause Full (System.gc()) 2148M->24M(8192M) 55.813ms
[103.618s][info][gc,cpu         ] GC(40) User=0.20s Sys=0.02s Real=0.05s
[106.072s][info][gc,start       ] GC(41) Pause Full (System.gc())
[106.072s][info][gc,task        ] GC(41) Using 6 workers of 6 for full compaction
[106.073s][info][gc,phases,start] GC(41) Phase 1: Mark live objects
[106.084s][info][gc,phases      ] GC(41) Phase 1: Mark live objects 11.200ms
[106.084s][info][gc,phases,start] GC(41) Phase 2: Prepare for compaction
[106.090s][info][gc,phases      ] GC(41) Phase 2: Prepare for compaction 6.516ms
[106.090s][info][gc,phases,start] GC(41) Phase 3: Adjust pointers
[106.101s][info][gc,phases      ] GC(41) Phase 3: Adjust pointers 10.421ms
[106.101s][info][gc,phases,start] GC(41) Phase 4: Compact heap
[106.105s][info][gc,phases      ] GC(41) Phase 4: Compact heap 3.803ms
[106.127s][info][gc,heap        ] GC(41) Eden regions: 528->0(1228)
[106.127s][info][gc,heap        ] GC(41) Survivor regions: 0->0(18)
[106.127s][info][gc,heap        ] GC(41) Old regions: 9->9
[106.127s][info][gc,heap        ] GC(41) Archive regions: 0->0
[106.127s][info][gc,heap        ] GC(41) Humongous regions: 0->0
[106.127s][info][gc,metaspace   ] GC(41) Metaspace: 51708K(52096K)->51708K(52096K) NonClass: 45195K(45376K)->45195K(45376K) Class: 6512K(6720K)->6512K(6720K)
[106.127s][info][gc             ] GC(41) Pause Full (System.gc()) 2136M->24M(8192M) 54.846ms
[106.127s][info][gc,cpu         ] GC(41) User=0.19s Sys=0.00s Real=0.06s
[108.512s][info][gc,start       ] GC(42) Pause Full (System.gc())
[108.512s][info][gc,task        ] GC(42) Using 6 workers of 6 for full compaction
[108.512s][info][gc,phases,start] GC(42) Phase 1: Mark live objects
[108.523s][info][gc,phases      ] GC(42) Phase 1: Mark live objects 10.469ms
[108.523s][info][gc,phases,start] GC(42) Phase 2: Prepare for compaction
[108.529s][info][gc,phases      ] GC(42) Phase 2: Prepare for compaction 6.629ms
[108.529s][info][gc,phases,start] GC(42) Phase 3: Adjust pointers
[108.540s][info][gc,phases      ] GC(42) Phase 3: Adjust pointers 10.429ms
[108.540s][info][gc,phases,start] GC(42) Phase 4: Compact heap
[108.543s][info][gc,phases      ] GC(42) Phase 4: Compact heap 3.631ms
[108.565s][info][gc,heap        ] GC(42) Eden regions: 529->0(1228)
[108.565s][info][gc,heap        ] GC(42) Survivor regions: 0->0(18)
[108.565s][info][gc,heap        ] GC(42) Old regions: 9->9
[108.565s][info][gc,heap        ] GC(42) Archive regions: 0->0
[108.565s][info][gc,heap        ] GC(42) Humongous regions: 0->0
[108.565s][info][gc,metaspace   ] GC(42) Metaspace: 51711K(52096K)->51711K(52096K) NonClass: 45198K(45376K)->45198K(45376K) Class: 6512K(6720K)->6512K(6720K)
[108.566s][info][gc             ] GC(42) Pause Full (System.gc()) 2140M->24M(8192M) 53.785ms
[108.566s][info][gc,cpu         ] GC(42) User=0.25s Sys=0.00s Real=0.06s
[110.976s][info][gc,start       ] GC(43) Pause Full (System.gc())
[110.976s][info][gc,task        ] GC(43) Using 6 workers of 6 for full compaction
[110.976s][info][gc,phases,start] GC(43) Phase 1: Mark live objects
[110.987s][info][gc,phases      ] GC(43) Phase 1: Mark live objects 10.472ms
[110.987s][info][gc,phases,start] GC(43) Phase 2: Prepare for compaction
[110.993s][info][gc,phases      ] GC(43) Phase 2: Prepare for compaction 6.596ms
[110.993s][info][gc,phases,start] GC(43) Phase 3: Adjust pointers
[111.004s][info][gc,phases      ] GC(43) Phase 3: Adjust pointers 10.287ms
[111.004s][info][gc,phases,start] GC(43) Phase 4: Compact heap
[111.007s][info][gc,phases      ] GC(43) Phase 4: Compact heap 3.301ms
[111.029s][info][gc,heap        ] GC(43) Eden regions: 531->0(1228)
[111.029s][info][gc,heap        ] GC(43) Survivor regions: 0->0(18)
[111.029s][info][gc,heap        ] GC(43) Old regions: 9->9
[111.029s][info][gc,heap        ] GC(43) Archive regions: 0->0
[111.029s][info][gc,heap        ] GC(43) Humongous regions: 0->0
[111.029s][info][gc,metaspace   ] GC(43) Metaspace: 51718K(52096K)->51718K(52096K) NonClass: 45205K(45376K)->45205K(45376K) Class: 6512K(6720K)->6512K(6720K)
[111.029s][info][gc             ] GC(43) Pause Full (System.gc()) 2148M->24M(8192M) 53.258ms
[111.029s][info][gc,cpu         ] GC(43) User=0.20s Sys=0.00s Real=0.05s
[113.326s][info][gc,start       ] GC(44) Pause Full (System.gc())
[113.326s][info][gc,task        ] GC(44) Using 6 workers of 6 for full compaction
[113.327s][info][gc,phases,start] GC(44) Phase 1: Mark live objects
[113.337s][info][gc,phases      ] GC(44) Phase 1: Mark live objects 10.813ms
[113.337s][info][gc,phases,start] GC(44) Phase 2: Prepare for compaction
[113.344s][info][gc,phases      ] GC(44) Phase 2: Prepare for compaction 7.030ms
[113.344s][info][gc,phases,start] GC(44) Phase 3: Adjust pointers
[113.355s][info][gc,phases      ] GC(44) Phase 3: Adjust pointers 10.045ms
[113.355s][info][gc,phases,start] GC(44) Phase 4: Compact heap
[113.359s][info][gc,phases      ] GC(44) Phase 4: Compact heap 3.950ms
[113.380s][info][gc,heap        ] GC(44) Eden regions: 523->0(1228)
[113.380s][info][gc,heap        ] GC(44) Survivor regions: 0->0(18)
[113.380s][info][gc,heap        ] GC(44) Old regions: 9->10
[113.380s][info][gc,heap        ] GC(44) Archive regions: 0->0
[113.380s][info][gc,heap        ] GC(44) Humongous regions: 0->0
[113.380s][info][gc,metaspace   ] GC(44) Metaspace: 51724K(52096K)->51724K(52096K) NonClass: 45211K(45376K)->45211K(45376K) Class: 6513K(6720K)->6513K(6720K)
[113.380s][info][gc             ] GC(44) Pause Full (System.gc()) 2114M->24M(8192M) 54.015ms
[113.380s][info][gc,cpu         ] GC(44) User=0.30s Sys=0.00s Real=0.05s
[115.708s][info][gc,start       ] GC(45) Pause Full (System.gc())
[115.708s][info][gc,task        ] GC(45) Using 6 workers of 6 for full compaction
[115.709s][info][gc,phases,start] GC(45) Phase 1: Mark live objects
[115.719s][info][gc,phases      ] GC(45) Phase 1: Mark live objects 10.201ms
[115.719s][info][gc,phases,start] GC(45) Phase 2: Prepare for compaction
[115.726s][info][gc,phases      ] GC(45) Phase 2: Prepare for compaction 7.017ms
[115.726s][info][gc,phases,start] GC(45) Phase 3: Adjust pointers
[115.736s][info][gc,phases      ] GC(45) Phase 3: Adjust pointers 9.942ms
[115.736s][info][gc,phases,start] GC(45) Phase 4: Compact heap
[115.740s][info][gc,phases      ] GC(45) Phase 4: Compact heap 3.767ms
[115.762s][info][gc,heap        ] GC(45) Eden regions: 523->0(1228)
[115.762s][info][gc,heap        ] GC(45) Survivor regions: 0->0(18)
[115.762s][info][gc,heap        ] GC(45) Old regions: 10->9
[115.762s][info][gc,heap        ] GC(45) Archive regions: 0->0
[115.762s][info][gc,heap        ] GC(45) Humongous regions: 0->0
[115.762s][info][gc,metaspace   ] GC(45) Metaspace: 51732K(52160K)->51732K(52160K) NonClass: 45219K(45440K)->45219K(45440K) Class: 6513K(6720K)->6513K(6720K)
[115.762s][info][gc             ] GC(45) Pause Full (System.gc()) 2116M->24M(8192M) 53.383ms
[115.762s][info][gc,cpu         ] GC(45) User=0.25s Sys=0.00s Real=0.05s
[118.101s][info][gc,start       ] GC(46) Pause Full (System.gc())
[118.101s][info][gc,task        ] GC(46) Using 6 workers of 6 for full compaction
[118.101s][info][gc,phases,start] GC(46) Phase 1: Mark live objects
[118.112s][info][gc,phases      ] GC(46) Phase 1: Mark live objects 10.748ms
[118.112s][info][gc,phases,start] GC(46) Phase 2: Prepare for compaction
[118.118s][info][gc,phases      ] GC(46) Phase 2: Prepare for compaction 6.306ms
[118.118s][info][gc,phases,start] GC(46) Phase 3: Adjust pointers
[118.128s][info][gc,phases      ] GC(46) Phase 3: Adjust pointers 9.558ms
[118.128s][info][gc,phases,start] GC(46) Phase 4: Compact heap
[118.131s][info][gc,phases      ] GC(46) Phase 4: Compact heap 3.224ms
[118.153s][info][gc,heap        ] GC(46) Eden regions: 522->0(1228)
[118.153s][info][gc,heap        ] GC(46) Survivor regions: 0->0(18)
[118.153s][info][gc,heap        ] GC(46) Old regions: 9->10
[118.153s][info][gc,heap        ] GC(46) Archive regions: 0->0
[118.153s][info][gc,heap        ] GC(46) Humongous regions: 0->0
[118.153s][info][gc,metaspace   ] GC(46) Metaspace: 51737K(52160K)->51737K(52160K) NonClass: 45224K(45440K)->45224K(45440K) Class: 6513K(6720K)->6513K(6720K)
[118.153s][info][gc             ] GC(46) Pause Full (System.gc()) 2110M->24M(8192M) 52.499ms
[118.153s][info][gc,cpu         ] GC(46) User=0.12s Sys=0.00s Real=0.05s
[120.430s][info][gc,start       ] GC(47) Pause Full (System.gc())
[120.430s][info][gc,task        ] GC(47) Using 6 workers of 6 for full compaction
[120.430s][info][gc,phases,start] GC(47) Phase 1: Mark live objects
[120.441s][info][gc,phases      ] GC(47) Phase 1: Mark live objects 11.467ms
[120.442s][info][gc,phases,start] GC(47) Phase 2: Prepare for compaction
[120.448s][info][gc,phases      ] GC(47) Phase 2: Prepare for compaction 6.453ms
[120.448s][info][gc,phases,start] GC(47) Phase 3: Adjust pointers
[120.458s][info][gc,phases      ] GC(47) Phase 3: Adjust pointers 9.695ms
[120.458s][info][gc,phases,start] GC(47) Phase 4: Compact heap
[120.461s][info][gc,phases      ] GC(47) Phase 4: Compact heap 3.189ms
[120.483s][info][gc,heap        ] GC(47) Eden regions: 525->0(1228)
[120.483s][info][gc,heap        ] GC(47) Survivor regions: 0->0(18)
[120.483s][info][gc,heap        ] GC(47) Old regions: 10->9
[120.483s][info][gc,heap        ] GC(47) Archive regions: 0->0
[120.483s][info][gc,heap        ] GC(47) Humongous regions: 0->0
[120.483s][info][gc,metaspace   ] GC(47) Metaspace: 51741K(52160K)->51741K(52160K) NonClass: 45228K(45440K)->45228K(45440K) Class: 6513K(6720K)->6513K(6720K)
[120.483s][info][gc             ] GC(47) Pause Full (System.gc()) 2124M->24M(8192M) 53.222ms
[120.483s][info][gc,cpu         ] GC(47) User=0.19s Sys=0.02s Real=0.05s
[122.768s][info][gc,start       ] GC(48) Pause Full (System.gc())
[122.769s][info][gc,task        ] GC(48) Using 6 workers of 6 for full compaction
[122.769s][info][gc,phases,start] GC(48) Phase 1: Mark live objects
[122.779s][info][gc,phases      ] GC(48) Phase 1: Mark live objects 10.597ms
[122.780s][info][gc,phases,start] GC(48) Phase 2: Prepare for compaction
[122.787s][info][gc,phases      ] GC(48) Phase 2: Prepare for compaction 7.064ms
[122.787s][info][gc,phases,start] GC(48) Phase 3: Adjust pointers
[122.796s][info][gc,phases      ] GC(48) Phase 3: Adjust pointers 9.342ms
[122.796s][info][gc,phases,start] GC(48) Phase 4: Compact heap
[122.800s][info][gc,phases      ] GC(48) Phase 4: Compact heap 3.579ms
[122.821s][info][gc,heap        ] GC(48) Eden regions: 526->0(1228)
[122.821s][info][gc,heap        ] GC(48) Survivor regions: 0->0(18)
[122.821s][info][gc,heap        ] GC(48) Old regions: 9->10
[122.821s][info][gc,heap        ] GC(48) Archive regions: 0->0
[122.821s][info][gc,heap        ] GC(48) Humongous regions: 0->0
[122.821s][info][gc,metaspace   ] GC(48) Metaspace: 51753K(52224K)->51753K(52224K) NonClass: 45240K(45504K)->45240K(45504K) Class: 6513K(6720K)->6513K(6720K)
[122.821s][info][gc             ] GC(48) Pause Full (System.gc()) 2128M->24M(8192M) 52.694ms
[122.821s][info][gc,cpu         ] GC(48) User=0.12s Sys=0.00s Real=0.05s
[125.098s][info][gc,start       ] GC(49) Pause Full (System.gc())
[125.099s][info][gc,task        ] GC(49) Using 6 workers of 6 for full compaction
[125.099s][info][gc,phases,start] GC(49) Phase 1: Mark live objects
[125.109s][info][gc,phases      ] GC(49) Phase 1: Mark live objects 10.039ms
[125.109s][info][gc,phases,start] GC(49) Phase 2: Prepare for compaction
[125.116s][info][gc,phases      ] GC(49) Phase 2: Prepare for compaction 7.022ms
[125.116s][info][gc,phases,start] GC(49) Phase 3: Adjust pointers
[125.125s][info][gc,phases      ] GC(49) Phase 3: Adjust pointers 9.444ms
[125.125s][info][gc,phases,start] GC(49) Phase 4: Compact heap
[125.129s][info][gc,phases      ] GC(49) Phase 4: Compact heap 3.067ms
[125.151s][info][gc,heap        ] GC(49) Eden regions: 521->0(1228)
[125.151s][info][gc,heap        ] GC(49) Survivor regions: 0->0(18)
[125.151s][info][gc,heap        ] GC(49) Old regions: 10->9
[125.151s][info][gc,heap        ] GC(49) Archive regions: 0->0
[125.151s][info][gc,heap        ] GC(49) Humongous regions: 0->0
[125.151s][info][gc,metaspace   ] GC(49) Metaspace: 51777K(52224K)->51777K(52224K) NonClass: 45260K(45504K)->45260K(45504K) Class: 6517K(6720K)->6517K(6720K)
[125.151s][info][gc             ] GC(49) Pause Full (System.gc()) 2106M->24M(8192M) 52.337ms
[125.151s][info][gc,cpu         ] GC(49) User=0.17s Sys=0.00s Real=0.05s
[127.441s][info][gc,start       ] GC(50) Pause Full (System.gc())
[127.442s][info][gc,task        ] GC(50) Using 6 workers of 6 for full compaction
[127.442s][info][gc,phases,start] GC(50) Phase 1: Mark live objects
[127.453s][info][gc,phases      ] GC(50) Phase 1: Mark live objects 10.767ms
[127.453s][info][gc,phases,start] GC(50) Phase 2: Prepare for compaction
[127.459s][info][gc,phases      ] GC(50) Phase 2: Prepare for compaction 6.347ms
[127.459s][info][gc,phases,start] GC(50) Phase 3: Adjust pointers
[127.469s][info][gc,phases      ] GC(50) Phase 3: Adjust pointers 10.440ms
[127.470s][info][gc,phases,start] GC(50) Phase 4: Compact heap
[127.473s][info][gc,phases      ] GC(50) Phase 4: Compact heap 3.195ms
[127.494s][info][gc,heap        ] GC(50) Eden regions: 522->0(1228)
[127.494s][info][gc,heap        ] GC(50) Survivor regions: 0->0(18)
[127.494s][info][gc,heap        ] GC(50) Old regions: 9->10
[127.494s][info][gc,heap        ] GC(50) Archive regions: 0->0
[127.494s][info][gc,heap        ] GC(50) Humongous regions: 0->0
[127.494s][info][gc,metaspace   ] GC(50) Metaspace: 51778K(52224K)->51778K(52224K) NonClass: 45261K(45504K)->45261K(45504K) Class: 6517K(6720K)->6517K(6720K)
[127.494s][info][gc             ] GC(50) Pause Full (System.gc()) 2112M->24M(8192M) 52.894ms
[127.494s][info][gc,cpu         ] GC(50) User=0.19s Sys=0.02s Real=0.05s
[129.751s][info][gc,start       ] GC(51) Pause Full (System.gc())
[129.751s][info][gc,task        ] GC(51) Using 6 workers of 6 for full compaction
[129.752s][info][gc,phases,start] GC(51) Phase 1: Mark live objects
[129.762s][info][gc,phases      ] GC(51) Phase 1: Mark live objects 10.093ms
[129.762s][info][gc,phases,start] GC(51) Phase 2: Prepare for compaction
[129.769s][info][gc,phases      ] GC(51) Phase 2: Prepare for compaction 7.058ms
[129.769s][info][gc,phases,start] GC(51) Phase 3: Adjust pointers
[129.778s][info][gc,phases      ] GC(51) Phase 3: Adjust pointers 9.658ms
[129.779s][info][gc,phases,start] GC(51) Phase 4: Compact heap
[129.782s][info][gc,phases      ] GC(51) Phase 4: Compact heap 3.404ms
[129.803s][info][gc,heap        ] GC(51) Eden regions: 518->0(1228)
[129.803s][info][gc,heap        ] GC(51) Survivor regions: 0->0(18)
[129.803s][info][gc,heap        ] GC(51) Old regions: 10->10
[129.803s][info][gc,heap        ] GC(51) Archive regions: 0->0
[129.803s][info][gc,heap        ] GC(51) Humongous regions: 0->0
[129.803s][info][gc,metaspace   ] GC(51) Metaspace: 51779K(52224K)->51779K(52224K) NonClass: 45262K(45504K)->45262K(45504K) Class: 6517K(6720K)->6517K(6720K)
[129.803s][info][gc             ] GC(51) Pause Full (System.gc()) 2094M->24M(8192M) 52.347ms
[129.803s][info][gc,cpu         ] GC(51) User=0.30s Sys=0.00s Real=0.05s
[132.115s][info][gc,start       ] GC(52) Pause Full (System.gc())
[132.115s][info][gc,task        ] GC(52) Using 6 workers of 6 for full compaction
[132.116s][info][gc,phases,start] GC(52) Phase 1: Mark live objects
[132.126s][info][gc,phases      ] GC(52) Phase 1: Mark live objects 10.911ms
[132.127s][info][gc,phases,start] GC(52) Phase 2: Prepare for compaction
[132.133s][info][gc,phases      ] GC(52) Phase 2: Prepare for compaction 6.780ms
[132.133s][info][gc,phases,start] GC(52) Phase 3: Adjust pointers
[132.143s][info][gc,phases      ] GC(52) Phase 3: Adjust pointers 9.246ms
[132.143s][info][gc,phases,start] GC(52) Phase 4: Compact heap
[132.146s][info][gc,phases      ] GC(52) Phase 4: Compact heap 3.288ms
[132.167s][info][gc,heap        ] GC(52) Eden regions: 518->0(1228)
[132.167s][info][gc,heap        ] GC(52) Survivor regions: 0->0(18)
[132.167s][info][gc,heap        ] GC(52) Old regions: 10->10
[132.167s][info][gc,heap        ] GC(52) Archive regions: 0->0
[132.167s][info][gc,heap        ] GC(52) Humongous regions: 0->0
[132.167s][info][gc,metaspace   ] GC(52) Metaspace: 51782K(52224K)->51782K(52224K) NonClass: 45265K(45504K)->45265K(45504K) Class: 6517K(6720K)->6517K(6720K)
[132.167s][info][gc             ] GC(52) Pause Full (System.gc()) 2096M->24M(8192M) 51.947ms
[132.167s][info][gc,cpu         ] GC(52) User=0.28s Sys=0.00s Real=0.04s
[134.585s][info][gc,start       ] GC(53) Pause Full (System.gc())
[134.585s][info][gc,task        ] GC(53) Using 6 workers of 6 for full compaction
[134.585s][info][gc,phases,start] GC(53) Phase 1: Mark live objects
[134.597s][info][gc,phases      ] GC(53) Phase 1: Mark live objects 11.961ms
[134.597s][info][gc,phases,start] GC(53) Phase 2: Prepare for compaction
[134.604s][info][gc,phases      ] GC(53) Phase 2: Prepare for compaction 6.284ms
[134.604s][info][gc,phases,start] GC(53) Phase 3: Adjust pointers
[134.614s][info][gc,phases      ] GC(53) Phase 3: Adjust pointers 10.109ms
[134.614s][info][gc,phases,start] GC(53) Phase 4: Compact heap
[134.617s][info][gc,phases      ] GC(53) Phase 4: Compact heap 3.050ms
[134.638s][info][gc,heap        ] GC(53) Eden regions: 519->0(1228)
[134.639s][info][gc,heap        ] GC(53) Survivor regions: 0->0(18)
[134.639s][info][gc,heap        ] GC(53) Old regions: 10->9
[134.639s][info][gc,heap        ] GC(53) Archive regions: 0->0
[134.639s][info][gc,heap        ] GC(53) Humongous regions: 0->0
[134.639s][info][gc,metaspace   ] GC(53) Metaspace: 51784K(52224K)->51784K(52224K) NonClass: 45267K(45504K)->45267K(45504K) Class: 6517K(6720K)->6517K(6720K)
[134.639s][info][gc             ] GC(53) Pause Full (System.gc()) 2098M->24M(8192M) 53.704ms
[134.639s][info][gc,cpu         ] GC(53) User=0.17s Sys=0.02s Real=0.05s
[136.898s][info][gc,start       ] GC(54) Pause Full (System.gc())
[136.898s][info][gc,task        ] GC(54) Using 6 workers of 6 for full compaction
[136.898s][info][gc,phases,start] GC(54) Phase 1: Mark live objects
[136.909s][info][gc,phases      ] GC(54) Phase 1: Mark live objects 10.753ms
[136.909s][info][gc,phases,start] GC(54) Phase 2: Prepare for compaction
[136.915s][info][gc,phases      ] GC(54) Phase 2: Prepare for compaction 6.391ms
[136.915s][info][gc,phases,start] GC(54) Phase 3: Adjust pointers
[136.925s][info][gc,phases      ] GC(54) Phase 3: Adjust pointers 10.012ms
[136.925s][info][gc,phases,start] GC(54) Phase 4: Compact heap
[136.928s][info][gc,phases      ] GC(54) Phase 4: Compact heap 3.001ms
[136.950s][info][gc,heap        ] GC(54) Eden regions: 519->0(1228)
[136.950s][info][gc,heap        ] GC(54) Survivor regions: 0->0(18)
[136.950s][info][gc,heap        ] GC(54) Old regions: 9->9
[136.950s][info][gc,heap        ] GC(54) Archive regions: 0->0
[136.950s][info][gc,heap        ] GC(54) Humongous regions: 0->0
[136.950s][info][gc,metaspace   ] GC(54) Metaspace: 51784K(52224K)->51784K(52224K) NonClass: 45267K(45504K)->45267K(45504K) Class: 6517K(6720K)->6517K(6720K)
[136.950s][info][gc             ] GC(54) Pause Full (System.gc()) 2098M->24M(8192M) 52.836ms
[136.950s][info][gc,cpu         ] GC(54) User=0.17s Sys=0.00s Real=0.05s
[139.223s][info][gc,start       ] GC(55) Pause Full (System.gc())
[139.223s][info][gc,task        ] GC(55) Using 6 workers of 6 for full compaction
[139.224s][info][gc,phases,start] GC(55) Phase 1: Mark live objects
[139.235s][info][gc,phases      ] GC(55) Phase 1: Mark live objects 11.372ms
[139.235s][info][gc,phases,start] GC(55) Phase 2: Prepare for compaction
[139.242s][info][gc,phases      ] GC(55) Phase 2: Prepare for compaction 7.175ms
[139.242s][info][gc,phases,start] GC(55) Phase 3: Adjust pointers
[139.251s][info][gc,phases      ] GC(55) Phase 3: Adjust pointers 9.189ms
[139.252s][info][gc,phases,start] GC(55) Phase 4: Compact heap
[139.255s][info][gc,phases      ] GC(55) Phase 4: Compact heap 3.718ms
[139.276s][info][gc,heap        ] GC(55) Eden regions: 518->0(1228)
[139.276s][info][gc,heap        ] GC(55) Survivor regions: 0->0(18)
[139.276s][info][gc,heap        ] GC(55) Old regions: 9->10
[139.276s][info][gc,heap        ] GC(55) Archive regions: 0->0
[139.276s][info][gc,heap        ] GC(55) Humongous regions: 0->0
[139.276s][info][gc,metaspace   ] GC(55) Metaspace: 51784K(52224K)->51784K(52224K) NonClass: 45267K(45504K)->45267K(45504K) Class: 6517K(6720K)->6517K(6720K)
[139.276s][info][gc             ] GC(55) Pause Full (System.gc()) 2094M->24M(8192M) 53.373ms
[139.276s][info][gc,cpu         ] GC(55) User=0.28s Sys=0.00s Real=0.05s
[141.537s][info][gc,start       ] GC(56) Pause Full (System.gc())
[141.537s][info][gc,task        ] GC(56) Using 6 workers of 6 for full compaction
[141.537s][info][gc,phases,start] GC(56) Phase 1: Mark live objects
[141.548s][info][gc,phases      ] GC(56) Phase 1: Mark live objects 10.611ms
[141.548s][info][gc,phases,start] GC(56) Phase 2: Prepare for compaction
[141.555s][info][gc,phases      ] GC(56) Phase 2: Prepare for compaction 7.099ms
[141.555s][info][gc,phases,start] GC(56) Phase 3: Adjust pointers
[141.565s][info][gc,phases      ] GC(56) Phase 3: Adjust pointers 9.562ms
[141.565s][info][gc,phases,start] GC(56) Phase 4: Compact heap
[141.569s][info][gc,phases      ] GC(56) Phase 4: Compact heap 4.096ms
[141.590s][info][gc,heap        ] GC(56) Eden regions: 525->0(1228)
[141.590s][info][gc,heap        ] GC(56) Survivor regions: 0->0(18)
[141.590s][info][gc,heap        ] GC(56) Old regions: 10->9
[141.590s][info][gc,heap        ] GC(56) Archive regions: 0->0
[141.590s][info][gc,heap        ] GC(56) Humongous regions: 0->0
[141.590s][info][gc,metaspace   ] GC(56) Metaspace: 51789K(52224K)->51789K(52224K) NonClass: 45271K(45504K)->45271K(45504K) Class: 6517K(6720K)->6517K(6720K)
[141.590s][info][gc             ] GC(56) Pause Full (System.gc()) 2124M->25M(8192M) 53.068ms
[141.590s][info][gc,cpu         ] GC(56) User=0.25s Sys=0.00s Real=0.05s
[143.901s][info][gc,start       ] GC(57) Pause Full (System.gc())
[143.901s][info][gc,task        ] GC(57) Using 6 workers of 6 for full compaction
[143.901s][info][gc,phases,start] GC(57) Phase 1: Mark live objects
[143.913s][info][gc,phases      ] GC(57) Phase 1: Mark live objects 12.255ms
[143.914s][info][gc,phases,start] GC(57) Phase 2: Prepare for compaction
[143.921s][info][gc,phases      ] GC(57) Phase 2: Prepare for compaction 7.403ms
[143.921s][info][gc,phases,start] GC(57) Phase 3: Adjust pointers
[143.930s][info][gc,phases      ] GC(57) Phase 3: Adjust pointers 9.297ms
[143.930s][info][gc,phases,start] GC(57) Phase 4: Compact heap
[143.934s][info][gc,phases      ] GC(57) Phase 4: Compact heap 3.811ms
[143.955s][info][gc,heap        ] GC(57) Eden regions: 522->0(1228)
[143.956s][info][gc,heap        ] GC(57) Survivor regions: 0->0(18)
[143.956s][info][gc,heap        ] GC(57) Old regions: 9->9
[143.956s][info][gc,heap        ] GC(57) Archive regions: 0->0
[143.956s][info][gc,heap        ] GC(57) Humongous regions: 0->0
[143.956s][info][gc,metaspace   ] GC(57) Metaspace: 51790K(52224K)->51790K(52224K) NonClass: 45273K(45504K)->45273K(45504K) Class: 6517K(6720K)->6517K(6720K)
[143.956s][info][gc             ] GC(57) Pause Full (System.gc()) 2111M->25M(8192M) 54.833ms
[143.956s][info][gc,cpu         ] GC(57) User=0.28s Sys=0.00s Real=0.05s
[146.233s][info][gc,start       ] GC(58) Pause Full (System.gc())
[146.233s][info][gc,task        ] GC(58) Using 6 workers of 6 for full compaction
[146.233s][info][gc,phases,start] GC(58) Phase 1: Mark live objects
[146.244s][info][gc,phases      ] GC(58) Phase 1: Mark live objects 10.346ms
[146.244s][info][gc,phases,start] GC(58) Phase 2: Prepare for compaction
[146.251s][info][gc,phases      ] GC(58) Phase 2: Prepare for compaction 7.090ms
[146.251s][info][gc,phases,start] GC(58) Phase 3: Adjust pointers
[146.260s][info][gc,phases      ] GC(58) Phase 3: Adjust pointers 9.490ms
[146.261s][info][gc,phases,start] GC(58) Phase 4: Compact heap
[146.264s][info][gc,phases      ] GC(58) Phase 4: Compact heap 3.788ms
[146.286s][info][gc,heap        ] GC(58) Eden regions: 519->0(1228)
[146.286s][info][gc,heap        ] GC(58) Survivor regions: 0->0(18)
[146.286s][info][gc,heap        ] GC(58) Old regions: 9->9
[146.286s][info][gc,heap        ] GC(58) Archive regions: 0->0
[146.286s][info][gc,heap        ] GC(58) Humongous regions: 0->0
[146.286s][info][gc,metaspace   ] GC(58) Metaspace: 51792K(52224K)->51792K(52224K) NonClass: 45275K(45504K)->45275K(45504K) Class: 6517K(6720K)->6517K(6720K)
[146.286s][info][gc             ] GC(58) Pause Full (System.gc()) 2099M->25M(8192M) 53.351ms
[146.286s][info][gc,cpu         ] GC(58) User=0.30s Sys=0.00s Real=0.06s
[148.549s][info][gc,start       ] GC(59) Pause Full (System.gc())
[148.549s][info][gc,task        ] GC(59) Using 6 workers of 6 for full compaction
[148.549s][info][gc,phases,start] GC(59) Phase 1: Mark live objects
[148.559s][info][gc,phases      ] GC(59) Phase 1: Mark live objects 10.041ms
[148.559s][info][gc,phases,start] GC(59) Phase 2: Prepare for compaction
[148.566s][info][gc,phases      ] GC(59) Phase 2: Prepare for compaction 7.084ms
[148.566s][info][gc,phases,start] GC(59) Phase 3: Adjust pointers
[148.576s][info][gc,phases      ] GC(59) Phase 3: Adjust pointers 9.429ms
[148.576s][info][gc,phases,start] GC(59) Phase 4: Compact heap
[148.581s][info][gc,phases      ] GC(59) Phase 4: Compact heap 4.950ms
[148.603s][info][gc,heap        ] GC(59) Eden regions: 522->0(1228)
[148.603s][info][gc,heap        ] GC(59) Survivor regions: 0->0(18)
[148.603s][info][gc,heap        ] GC(59) Old regions: 9->9
[148.603s][info][gc,heap        ] GC(59) Archive regions: 0->0
[148.603s][info][gc,heap        ] GC(59) Humongous regions: 0->0
[148.603s][info][gc,metaspace   ] GC(59) Metaspace: 51792K(52224K)->51792K(52224K) NonClass: 45275K(45504K)->45275K(45504K) Class: 6517K(6720K)->6517K(6720K)
[148.603s][info][gc             ] GC(59) Pause Full (System.gc()) 2111M->25M(8192M) 54.198ms
[148.603s][info][gc,cpu         ] GC(59) User=0.20s Sys=0.00s Real=0.05s
[150.901s][info][gc,start       ] GC(60) Pause Full (System.gc())
[150.901s][info][gc,task        ] GC(60) Using 6 workers of 6 for full compaction
[150.901s][info][gc,phases,start] GC(60) Phase 1: Mark live objects
[150.911s][info][gc,phases      ] GC(60) Phase 1: Mark live objects 10.102ms
[150.911s][info][gc,phases,start] GC(60) Phase 2: Prepare for compaction
[150.918s][info][gc,phases      ] GC(60) Phase 2: Prepare for compaction 6.914ms
[150.918s][info][gc,phases,start] GC(60) Phase 3: Adjust pointers
[150.928s][info][gc,phases      ] GC(60) Phase 3: Adjust pointers 9.746ms
[150.928s][info][gc,phases,start] GC(60) Phase 4: Compact heap
[150.931s][info][gc,phases      ] GC(60) Phase 4: Compact heap 3.078ms
[150.953s][info][gc,heap        ] GC(60) Eden regions: 518->0(1228)
[150.953s][info][gc,heap        ] GC(60) Survivor regions: 0->0(18)
[150.953s][info][gc,heap        ] GC(60) Old regions: 9->9
[150.953s][info][gc,heap        ] GC(60) Archive regions: 0->0
[150.953s][info][gc,heap        ] GC(60) Humongous regions: 0->0
[150.953s][info][gc,metaspace   ] GC(60) Metaspace: 51792K(52224K)->51792K(52224K) NonClass: 45275K(45504K)->45275K(45504K) Class: 6517K(6720K)->6517K(6720K)
[150.953s][info][gc             ] GC(60) Pause Full (System.gc()) 2095M->25M(8192M) 52.561ms
[150.953s][info][gc,cpu         ] GC(60) User=0.17s Sys=0.00s Real=0.05s
[153.204s][info][gc,start       ] GC(61) Pause Full (System.gc())
[153.205s][info][gc,task        ] GC(61) Using 6 workers of 6 for full compaction
[153.205s][info][gc,phases,start] GC(61) Phase 1: Mark live objects
[153.216s][info][gc,phases      ] GC(61) Phase 1: Mark live objects 10.789ms
[153.216s][info][gc,phases,start] GC(61) Phase 2: Prepare for compaction
[153.222s][info][gc,phases      ] GC(61) Phase 2: Prepare for compaction 6.417ms
[153.222s][info][gc,phases,start] GC(61) Phase 3: Adjust pointers
[153.232s][info][gc,phases      ] GC(61) Phase 3: Adjust pointers 10.229ms
[153.232s][info][gc,phases,start] GC(61) Phase 4: Compact heap
[153.236s][info][gc,phases      ] GC(61) Phase 4: Compact heap 3.042ms
[153.257s][info][gc,heap        ] GC(61) Eden regions: 516->0(1228)
[153.257s][info][gc,heap        ] GC(61) Survivor regions: 0->0(18)
[153.257s][info][gc,heap        ] GC(61) Old regions: 9->9
[153.257s][info][gc,heap        ] GC(61) Archive regions: 0->0
[153.257s][info][gc,heap        ] GC(61) Humongous regions: 0->0
[153.257s][info][gc,metaspace   ] GC(61) Metaspace: 51793K(52224K)->51793K(52224K) NonClass: 45276K(45504K)->45276K(45504K) Class: 6517K(6720K)->6517K(6720K)
[153.257s][info][gc             ] GC(61) Pause Full (System.gc()) 2089M->25M(8192M) 52.927ms
[153.257s][info][gc,cpu         ] GC(61) User=0.25s Sys=0.00s Real=0.05s
[155.490s][info][gc,start       ] GC(62) Pause Full (System.gc())
[155.490s][info][gc,task        ] GC(62) Using 6 workers of 6 for full compaction
[155.490s][info][gc,phases,start] GC(62) Phase 1: Mark live objects
[155.500s][info][gc,phases      ] GC(62) Phase 1: Mark live objects 9.957ms
[155.500s][info][gc,phases,start] GC(62) Phase 2: Prepare for compaction
[155.507s][info][gc,phases      ] GC(62) Phase 2: Prepare for compaction 6.337ms
[155.507s][info][gc,phases,start] GC(62) Phase 3: Adjust pointers
[155.517s][info][gc,phases      ] GC(62) Phase 3: Adjust pointers 9.744ms
[155.517s][info][gc,phases,start] GC(62) Phase 4: Compact heap
[155.520s][info][gc,phases      ] GC(62) Phase 4: Compact heap 3.513ms
[155.542s][info][gc,heap        ] GC(62) Eden regions: 507->0(1228)
[155.542s][info][gc,heap        ] GC(62) Survivor regions: 0->0(18)
[155.542s][info][gc,heap        ] GC(62) Old regions: 9->10
[155.542s][info][gc,heap        ] GC(62) Archive regions: 0->0
[155.542s][info][gc,heap        ] GC(62) Humongous regions: 0->0
[155.542s][info][gc,metaspace   ] GC(62) Metaspace: 51793K(52224K)->51793K(52224K) NonClass: 45276K(45504K)->45276K(45504K) Class: 6517K(6720K)->6517K(6720K)
[155.542s][info][gc             ] GC(62) Pause Full (System.gc()) 2053M->25M(8192M) 52.067ms
[155.542s][info][gc,cpu         ] GC(62) User=0.28s Sys=0.00s Real=0.05s
[157.716s][info][gc,start       ] GC(63) Pause Full (System.gc())
[157.716s][info][gc,task        ] GC(63) Using 6 workers of 6 for full compaction
[157.717s][info][gc,phases,start] GC(63) Phase 1: Mark live objects
[157.728s][info][gc,phases      ] GC(63) Phase 1: Mark live objects 11.118ms
[157.728s][info][gc,phases,start] GC(63) Phase 2: Prepare for compaction
[157.734s][info][gc,phases      ] GC(63) Phase 2: Prepare for compaction 6.189ms
[157.734s][info][gc,phases,start] GC(63) Phase 3: Adjust pointers
[157.746s][info][gc,phases      ] GC(63) Phase 3: Adjust pointers 11.639ms
[157.746s][info][gc,phases,start] GC(63) Phase 4: Compact heap
[157.749s][info][gc,phases      ] GC(63) Phase 4: Compact heap 3.091ms
[157.770s][info][gc,heap        ] GC(63) Eden regions: 500->0(1228)
[157.770s][info][gc,heap        ] GC(63) Survivor regions: 0->0(18)
[157.770s][info][gc,heap        ] GC(63) Old regions: 10->9
[157.770s][info][gc,heap        ] GC(63) Archive regions: 0->0
[157.770s][info][gc,heap        ] GC(63) Humongous regions: 0->0
[157.770s][info][gc,metaspace   ] GC(63) Metaspace: 51793K(52224K)->51793K(52224K) NonClass: 45276K(45504K)->45276K(45504K) Class: 6517K(6720K)->6517K(6720K)
[157.770s][info][gc             ] GC(63) Pause Full (System.gc()) 2023M->25M(8192M) 54.322ms
[157.770s][info][gc,cpu         ] GC(63) User=0.20s Sys=0.00s Real=0.05s
[159.957s][info][gc,start       ] GC(64) Pause Full (System.gc())
[159.958s][info][gc,task        ] GC(64) Using 6 workers of 6 for full compaction
[159.958s][info][gc,phases,start] GC(64) Phase 1: Mark live objects
[159.971s][info][gc,phases      ] GC(64) Phase 1: Mark live objects 13.161ms
[159.971s][info][gc,phases,start] GC(64) Phase 2: Prepare for compaction
[159.978s][info][gc,phases      ] GC(64) Phase 2: Prepare for compaction 6.457ms
[159.978s][info][gc,phases,start] GC(64) Phase 3: Adjust pointers
[159.987s][info][gc,phases      ] GC(64) Phase 3: Adjust pointers 9.670ms
[159.987s][info][gc,phases,start] GC(64) Phase 4: Compact heap
[159.990s][info][gc,phases      ] GC(64) Phase 4: Compact heap 2.902ms
[160.011s][info][gc,heap        ] GC(64) Eden regions: 497->0(1228)
[160.011s][info][gc,heap        ] GC(64) Survivor regions: 0->0(18)
[160.011s][info][gc,heap        ] GC(64) Old regions: 9->9
[160.011s][info][gc,heap        ] GC(64) Archive regions: 0->0
[160.011s][info][gc,heap        ] GC(64) Humongous regions: 0->0
[160.011s][info][gc,metaspace   ] GC(64) Metaspace: 51794K(52224K)->51794K(52224K) NonClass: 45276K(45504K)->45276K(45504K) Class: 6518K(6720K)->6518K(6720K)
[160.012s][info][gc             ] GC(64) Pause Full (System.gc()) 2011M->25M(8192M) 54.053ms
[160.012s][info][gc,cpu         ] GC(64) User=0.20s Sys=0.00s Real=0.05s
[162.216s][info][gc,start       ] GC(65) Pause Full (System.gc())
[162.216s][info][gc,task        ] GC(65) Using 6 workers of 6 for full compaction
[162.216s][info][gc,phases,start] GC(65) Phase 1: Mark live objects
[162.228s][info][gc,phases      ] GC(65) Phase 1: Mark live objects 12.027ms
[162.228s][info][gc,phases,start] GC(65) Phase 2: Prepare for compaction
[162.234s][info][gc,phases      ] GC(65) Phase 2: Prepare for compaction 6.362ms
[162.235s][info][gc,phases,start] GC(65) Phase 3: Adjust pointers
[162.244s][info][gc,phases      ] GC(65) Phase 3: Adjust pointers 9.759ms
[162.244s][info][gc,phases,start] GC(65) Phase 4: Compact heap
[162.248s][info][gc,phases      ] GC(65) Phase 4: Compact heap 3.245ms
[162.269s][info][gc,heap        ] GC(65) Eden regions: 498->0(1228)
[162.269s][info][gc,heap        ] GC(65) Survivor regions: 0->0(18)
[162.270s][info][gc,heap        ] GC(65) Old regions: 9->10
[162.270s][info][gc,heap        ] GC(65) Archive regions: 0->0
[162.270s][info][gc,heap        ] GC(65) Humongous regions: 0->0
[162.270s][info][gc,metaspace   ] GC(65) Metaspace: 51794K(52224K)->51794K(52224K) NonClass: 45276K(45504K)->45276K(45504K) Class: 6518K(6720K)->6518K(6720K)
[162.270s][info][gc             ] GC(65) Pause Full (System.gc()) 2017M->25M(8192M) 53.855ms
[162.270s][info][gc,cpu         ] GC(65) User=0.27s Sys=0.02s Real=0.05s
[164.455s][info][gc,start       ] GC(66) Pause Full (System.gc())
[164.455s][info][gc,task        ] GC(66) Using 6 workers of 6 for full compaction
[164.456s][info][gc,phases,start] GC(66) Phase 1: Mark live objects
[164.468s][info][gc,phases      ] GC(66) Phase 1: Mark live objects 12.024ms
[164.468s][info][gc,phases,start] GC(66) Phase 2: Prepare for compaction
[164.474s][info][gc,phases      ] GC(66) Phase 2: Prepare for compaction 6.308ms
[164.474s][info][gc,phases,start] GC(66) Phase 3: Adjust pointers
[164.484s][info][gc,phases      ] GC(66) Phase 3: Adjust pointers 9.713ms
[164.484s][info][gc,phases,start] GC(66) Phase 4: Compact heap
[164.487s][info][gc,phases      ] GC(66) Phase 4: Compact heap 3.041ms
[164.508s][info][gc,heap        ] GC(66) Eden regions: 497->0(1228)
[164.509s][info][gc,heap        ] GC(66) Survivor regions: 0->0(18)
[164.509s][info][gc,heap        ] GC(66) Old regions: 10->10
[164.509s][info][gc,heap        ] GC(66) Archive regions: 0->0
[164.509s][info][gc,heap        ] GC(66) Humongous regions: 0->0
[164.509s][info][gc,metaspace   ] GC(66) Metaspace: 51795K(52224K)->51795K(52224K) NonClass: 45276K(45504K)->45276K(45504K) Class: 6518K(6720K)->6518K(6720K)
[164.509s][info][gc             ] GC(66) Pause Full (System.gc()) 2011M->25M(8192M) 53.546ms
[164.509s][info][gc,cpu         ] GC(66) User=0.30s Sys=0.00s Real=0.05s
[166.783s][info][gc,start       ] GC(67) Pause Full (System.gc())
[166.784s][info][gc,task        ] GC(67) Using 6 workers of 6 for full compaction
[166.784s][info][gc,phases,start] GC(67) Phase 1: Mark live objects
[166.795s][info][gc,phases      ] GC(67) Phase 1: Mark live objects 11.070ms
[166.795s][info][gc,phases,start] GC(67) Phase 2: Prepare for compaction
[166.802s][info][gc,phases      ] GC(67) Phase 2: Prepare for compaction 7.036ms
[166.802s][info][gc,phases,start] GC(67) Phase 3: Adjust pointers
[166.812s][info][gc,phases      ] GC(67) Phase 3: Adjust pointers 9.684ms
[166.812s][info][gc,phases,start] GC(67) Phase 4: Compact heap
[166.816s][info][gc,phases      ] GC(67) Phase 4: Compact heap 4.076ms
[166.837s][info][gc,heap        ] GC(67) Eden regions: 499->0(1228)
[166.837s][info][gc,heap        ] GC(67) Survivor regions: 0->0(18)
[166.837s][info][gc,heap        ] GC(67) Old regions: 10->10
[166.837s][info][gc,heap        ] GC(67) Archive regions: 0->0
[166.837s][info][gc,heap        ] GC(67) Humongous regions: 0->0
[166.837s][info][gc,metaspace   ] GC(67) Metaspace: 51796K(52224K)->51796K(52224K) NonClass: 45278K(45504K)->45278K(45504K) Class: 6518K(6720K)->6518K(6720K)
[166.838s][info][gc             ] GC(67) Pause Full (System.gc()) 2021M->25M(8192M) 54.069ms
[166.838s][info][gc,cpu         ] GC(67) User=0.16s Sys=0.02s Real=0.05s
[169.009s][info][gc,start       ] GC(68) Pause Full (System.gc())
[169.009s][info][gc,task        ] GC(68) Using 6 workers of 6 for full compaction
[169.010s][info][gc,phases,start] GC(68) Phase 1: Mark live objects
[169.021s][info][gc,phases      ] GC(68) Phase 1: Mark live objects 11.439ms
[169.021s][info][gc,phases,start] GC(68) Phase 2: Prepare for compaction
[169.028s][info][gc,phases      ] GC(68) Phase 2: Prepare for compaction 6.355ms
[169.028s][info][gc,phases,start] GC(68) Phase 3: Adjust pointers
[169.038s][info][gc,phases      ] GC(68) Phase 3: Adjust pointers 9.944ms
[169.038s][info][gc,phases,start] GC(68) Phase 4: Compact heap
[169.041s][info][gc,phases      ] GC(68) Phase 4: Compact heap 3.124ms
[169.063s][info][gc,heap        ] GC(68) Eden regions: 496->0(1228)
[169.063s][info][gc,heap        ] GC(68) Survivor regions: 0->0(18)
[169.063s][info][gc,heap        ] GC(68) Old regions: 10->9
[169.063s][info][gc,heap        ] GC(68) Archive regions: 0->0
[169.063s][info][gc,heap        ] GC(68) Humongous regions: 0->0
[169.063s][info][gc,metaspace   ] GC(68) Metaspace: 51801K(52224K)->51801K(52224K) NonClass: 45282K(45504K)->45282K(45504K) Class: 6518K(6720K)->6518K(6720K)
[169.063s][info][gc             ] GC(68) Pause Full (System.gc()) 2007M->25M(8192M) 53.592ms
[169.063s][info][gc,cpu         ] GC(68) User=0.19s Sys=0.02s Real=0.05s
[171.261s][info][gc,start       ] GC(69) Pause Full (System.gc())
[171.261s][info][gc,task        ] GC(69) Using 6 workers of 6 for full compaction
[171.261s][info][gc,phases,start] GC(69) Phase 1: Mark live objects
[171.271s][info][gc,phases      ] GC(69) Phase 1: Mark live objects 9.786ms
[171.271s][info][gc,phases,start] GC(69) Phase 2: Prepare for compaction
[171.277s][info][gc,phases      ] GC(69) Phase 2: Prepare for compaction 6.347ms
[171.277s][info][gc,phases,start] GC(69) Phase 3: Adjust pointers
[171.287s][info][gc,phases      ] GC(69) Phase 3: Adjust pointers 9.871ms
[171.287s][info][gc,phases,start] GC(69) Phase 4: Compact heap
[171.290s][info][gc,phases      ] GC(69) Phase 4: Compact heap 3.116ms
[171.312s][info][gc,heap        ] GC(69) Eden regions: 497->0(1228)
[171.312s][info][gc,heap        ] GC(69) Survivor regions: 0->0(18)
[171.312s][info][gc,heap        ] GC(69) Old regions: 9->9
[171.312s][info][gc,heap        ] GC(69) Archive regions: 0->0
[171.312s][info][gc,heap        ] GC(69) Humongous regions: 0->0
[171.312s][info][gc,metaspace   ] GC(69) Metaspace: 51802K(52224K)->51802K(52224K) NonClass: 45283K(45504K)->45283K(45504K) Class: 6518K(6720K)->6518K(6720K)
[171.312s][info][gc             ] GC(69) Pause Full (System.gc()) 2011M->25M(8192M) 51.830ms
[171.312s][info][gc,cpu         ] GC(69) User=0.20s Sys=0.00s Real=0.05s
[173.475s][info][gc,start       ] GC(70) Pause Full (System.gc())
[173.475s][info][gc,task        ] GC(70) Using 6 workers of 6 for full compaction
[173.475s][info][gc,phases,start] GC(70) Phase 1: Mark live objects
[173.486s][info][gc,phases      ] GC(70) Phase 1: Mark live objects 10.448ms
[173.486s][info][gc,phases,start] GC(70) Phase 2: Prepare for compaction
[173.492s][info][gc,phases      ] GC(70) Phase 2: Prepare for compaction 6.578ms
[173.492s][info][gc,phases,start] GC(70) Phase 3: Adjust pointers
[173.502s][info][gc,phases      ] GC(70) Phase 3: Adjust pointers 9.906ms
[173.502s][info][gc,phases,start] GC(70) Phase 4: Compact heap
[173.505s][info][gc,phases      ] GC(70) Phase 4: Compact heap 3.131ms
[173.527s][info][gc,heap        ] GC(70) Eden regions: 496->0(1228)
[173.528s][info][gc,heap        ] GC(70) Survivor regions: 0->0(18)
[173.528s][info][gc,heap        ] GC(70) Old regions: 9->9
[173.528s][info][gc,heap        ] GC(70) Archive regions: 0->0
[173.528s][info][gc,heap        ] GC(70) Humongous regions: 0->0
[173.528s][info][gc,metaspace   ] GC(70) Metaspace: 51812K(52224K)->51812K(52224K) NonClass: 45293K(45504K)->45293K(45504K) Class: 6518K(6720K)->6518K(6720K)
[173.528s][info][gc             ] GC(70) Pause Full (System.gc()) 2007M->25M(8192M) 52.908ms
[173.528s][info][gc,cpu         ] GC(70) User=0.28s Sys=0.00s Real=0.05s
[175.756s][info][gc,start       ] GC(71) Pause Full (System.gc())
[175.756s][info][gc,task        ] GC(71) Using 6 workers of 6 for full compaction
[175.757s][info][gc,phases,start] GC(71) Phase 1: Mark live objects
[175.767s][info][gc,phases      ] GC(71) Phase 1: Mark live objects 10.170ms
[175.767s][info][gc,phases,start] GC(71) Phase 2: Prepare for compaction
[175.774s][info][gc,phases      ] GC(71) Phase 2: Prepare for compaction 6.465ms
[175.774s][info][gc,phases,start] GC(71) Phase 3: Adjust pointers
[175.783s][info][gc,phases      ] GC(71) Phase 3: Adjust pointers 9.857ms
[175.783s][info][gc,phases,start] GC(71) Phase 4: Compact heap
[175.786s][info][gc,phases      ] GC(71) Phase 4: Compact heap 2.798ms
[175.808s][info][gc,heap        ] GC(71) Eden regions: 495->0(1228)
[175.808s][info][gc,heap        ] GC(71) Survivor regions: 0->0(18)
[175.808s][info][gc,heap        ] GC(71) Old regions: 9->9
[175.808s][info][gc,heap        ] GC(71) Archive regions: 0->0
[175.808s][info][gc,heap        ] GC(71) Humongous regions: 0->0
[175.808s][info][gc,metaspace   ] GC(71) Metaspace: 51812K(52224K)->51812K(52224K) NonClass: 45293K(45504K)->45293K(45504K) Class: 6518K(6720K)->6518K(6720K)
[175.808s][info][gc             ] GC(71) Pause Full (System.gc()) 2005M->25M(8192M) 52.040ms
[175.808s][info][gc,cpu         ] GC(71) User=0.28s Sys=0.00s Real=0.05s
[177.974s][info][gc,start       ] GC(72) Pause Full (System.gc())
[177.974s][info][gc,task        ] GC(72) Using 6 workers of 6 for full compaction
[177.974s][info][gc,phases,start] GC(72) Phase 1: Mark live objects
[177.985s][info][gc,phases      ] GC(72) Phase 1: Mark live objects 11.134ms
[177.985s][info][gc,phases,start] GC(72) Phase 2: Prepare for compaction
[177.993s][info][gc,phases      ] GC(72) Phase 2: Prepare for compaction 7.385ms
[177.993s][info][gc,phases,start] GC(72) Phase 3: Adjust pointers
[178.002s][info][gc,phases      ] GC(72) Phase 3: Adjust pointers 9.612ms
[178.002s][info][gc,phases,start] GC(72) Phase 4: Compact heap
[178.007s][info][gc,phases      ] GC(72) Phase 4: Compact heap 4.579ms
[178.028s][info][gc,heap        ] GC(72) Eden regions: 497->0(1228)
[178.028s][info][gc,heap        ] GC(72) Survivor regions: 0->0(18)
[178.028s][info][gc,heap        ] GC(72) Old regions: 9->9
[178.028s][info][gc,heap        ] GC(72) Archive regions: 0->0
[178.028s][info][gc,heap        ] GC(72) Humongous regions: 0->0
[178.028s][info][gc,metaspace   ] GC(72) Metaspace: 51812K(52224K)->51812K(52224K) NonClass: 45293K(45504K)->45293K(45504K) Class: 6518K(6720K)->6518K(6720K)
[178.028s][info][gc             ] GC(72) Pause Full (System.gc()) 2013M->25M(8192M) 54.737ms
[178.028s][info][gc,cpu         ] GC(72) User=0.23s Sys=0.02s Real=0.05s
[180.184s][info][gc,start       ] GC(73) Pause Full (System.gc())
[180.184s][info][gc,task        ] GC(73) Using 6 workers of 6 for full compaction
[180.185s][info][gc,phases,start] GC(73) Phase 1: Mark live objects
[180.197s][info][gc,phases      ] GC(73) Phase 1: Mark live objects 11.683ms
[180.197s][info][gc,phases,start] GC(73) Phase 2: Prepare for compaction
[180.203s][info][gc,phases      ] GC(73) Phase 2: Prepare for compaction 6.587ms
[180.203s][info][gc,phases,start] GC(73) Phase 3: Adjust pointers
[180.213s][info][gc,phases      ] GC(73) Phase 3: Adjust pointers 9.790ms
[180.213s][info][gc,phases,start] GC(73) Phase 4: Compact heap
[180.216s][info][gc,phases      ] GC(73) Phase 4: Compact heap 3.296ms
[180.238s][info][gc,heap        ] GC(73) Eden regions: 496->0(1228)
[180.238s][info][gc,heap        ] GC(73) Survivor regions: 0->0(18)
[180.238s][info][gc,heap        ] GC(73) Old regions: 9->10
[180.238s][info][gc,heap        ] GC(73) Archive regions: 0->0
[180.238s][info][gc,heap        ] GC(73) Humongous regions: 0->0
[180.238s][info][gc,metaspace   ] GC(73) Metaspace: 51816K(52224K)->51816K(52224K) NonClass: 45298K(45504K)->45298K(45504K) Class: 6518K(6720K)->6518K(6720K)
[180.238s][info][gc             ] GC(73) Pause Full (System.gc()) 2007M->25M(8192M) 54.012ms
[180.238s][info][gc,cpu         ] GC(73) User=0.27s Sys=0.00s Real=0.05s
[182.402s][info][gc,start       ] GC(74) Pause Full (System.gc())
[182.402s][info][gc,task        ] GC(74) Using 6 workers of 6 for full compaction
[182.402s][info][gc,phases,start] GC(74) Phase 1: Mark live objects
[182.413s][info][gc,phases      ] GC(74) Phase 1: Mark live objects 11.066ms
[182.413s][info][gc,phases,start] GC(74) Phase 2: Prepare for compaction
[182.420s][info][gc,phases      ] GC(74) Phase 2: Prepare for compaction 6.595ms
[182.420s][info][gc,phases,start] GC(74) Phase 3: Adjust pointers
[182.430s][info][gc,phases      ] GC(74) Phase 3: Adjust pointers 9.685ms
[182.430s][info][gc,phases,start] GC(74) Phase 4: Compact heap
[182.433s][info][gc,phases      ] GC(74) Phase 4: Compact heap 3.635ms
[182.456s][info][gc,heap        ] GC(74) Eden regions: 497->0(1228)
[182.456s][info][gc,heap        ] GC(74) Survivor regions: 0->0(18)
[182.456s][info][gc,heap        ] GC(74) Old regions: 10->9
[182.456s][info][gc,heap        ] GC(74) Archive regions: 0->0
[182.456s][info][gc,heap        ] GC(74) Humongous regions: 0->0
[182.456s][info][gc,metaspace   ] GC(74) Metaspace: 51816K(52224K)->51816K(52224K) NonClass: 45298K(45504K)->45298K(45504K) Class: 6518K(6720K)->6518K(6720K)
[182.456s][info][gc             ] GC(74) Pause Full (System.gc()) 2013M->25M(8192M) 54.050ms
[182.456s][info][gc,cpu         ] GC(74) User=0.27s Sys=0.00s Real=0.05s
[184.646s][info][gc,start       ] GC(75) Pause Full (System.gc())
[184.646s][info][gc,task        ] GC(75) Using 6 workers of 6 for full compaction
[184.647s][info][gc,phases,start] GC(75) Phase 1: Mark live objects
[184.659s][info][gc,phases      ] GC(75) Phase 1: Mark live objects 12.154ms
[184.659s][info][gc,phases,start] GC(75) Phase 2: Prepare for compaction
[184.665s][info][gc,phases      ] GC(75) Phase 2: Prepare for compaction 6.105ms
[184.665s][info][gc,phases,start] GC(75) Phase 3: Adjust pointers
[184.675s][info][gc,phases      ] GC(75) Phase 3: Adjust pointers 9.894ms
[184.675s][info][gc,phases,start] GC(75) Phase 4: Compact heap
[184.678s][info][gc,phases      ] GC(75) Phase 4: Compact heap 3.001ms
[184.700s][info][gc,heap        ] GC(75) Eden regions: 500->0(1228)
[184.700s][info][gc,heap        ] GC(75) Survivor regions: 0->0(18)
[184.700s][info][gc,heap        ] GC(75) Old regions: 9->10
[184.700s][info][gc,heap        ] GC(75) Archive regions: 0->0
[184.700s][info][gc,heap        ] GC(75) Humongous regions: 0->0
[184.700s][info][gc,metaspace   ] GC(75) Metaspace: 51816K(52224K)->51816K(52224K) NonClass: 45298K(45504K)->45298K(45504K) Class: 6518K(6720K)->6518K(6720K)
[184.700s][info][gc             ] GC(75) Pause Full (System.gc()) 2023M->25M(8192M) 53.295ms
[184.700s][info][gc,cpu         ] GC(75) User=0.19s Sys=0.00s Real=0.05s
[186.869s][info][gc,start       ] GC(76) Pause Full (System.gc())
[186.869s][info][gc,task        ] GC(76) Using 6 workers of 6 for full compaction
[186.869s][info][gc,phases,start] GC(76) Phase 1: Mark live objects
[186.879s][info][gc,phases      ] GC(76) Phase 1: Mark live objects 9.607ms
[186.879s][info][gc,phases,start] GC(76) Phase 2: Prepare for compaction
[186.886s][info][gc,phases      ] GC(76) Phase 2: Prepare for compaction 6.818ms
[186.886s][info][gc,phases,start] GC(76) Phase 3: Adjust pointers
[186.895s][info][gc,phases      ] GC(76) Phase 3: Adjust pointers 9.736ms
[186.896s][info][gc,phases,start] GC(76) Phase 4: Compact heap
[186.899s][info][gc,phases      ] GC(76) Phase 4: Compact heap 3.704ms
[186.921s][info][gc,heap        ] GC(76) Eden regions: 498->0(1228)
[186.921s][info][gc,heap        ] GC(76) Survivor regions: 0->0(18)
[186.921s][info][gc,heap        ] GC(76) Old regions: 10->10
[186.921s][info][gc,heap        ] GC(76) Archive regions: 0->0
[186.921s][info][gc,heap        ] GC(76) Humongous regions: 0->0
[186.921s][info][gc,metaspace   ] GC(76) Metaspace: 51817K(52224K)->51817K(52224K) NonClass: 45298K(45504K)->45298K(45504K) Class: 6518K(6720K)->6518K(6720K)
[186.921s][info][gc             ] GC(76) Pause Full (System.gc()) 2015M->25M(8192M) 52.167ms
[186.921s][info][gc,cpu         ] GC(76) User=0.17s Sys=0.00s Real=0.04s
[189.132s][info][gc,start       ] GC(77) Pause Full (System.gc())
[189.132s][info][gc,task        ] GC(77) Using 6 workers of 6 for full compaction
[189.132s][info][gc,phases,start] GC(77) Phase 1: Mark live objects
[189.142s][info][gc,phases      ] GC(77) Phase 1: Mark live objects 10.102ms
[189.143s][info][gc,phases,start] GC(77) Phase 2: Prepare for compaction
[189.149s][info][gc,phases      ] GC(77) Phase 2: Prepare for compaction 6.806ms
[189.149s][info][gc,phases,start] GC(77) Phase 3: Adjust pointers
[189.159s][info][gc,phases      ] GC(77) Phase 3: Adjust pointers 9.757ms
[189.159s][info][gc,phases,start] GC(77) Phase 4: Compact heap
[189.163s][info][gc,phases      ] GC(77) Phase 4: Compact heap 3.588ms
[189.185s][info][gc,heap        ] GC(77) Eden regions: 497->0(1228)
[189.185s][info][gc,heap        ] GC(77) Survivor regions: 0->0(18)
[189.185s][info][gc,heap        ] GC(77) Old regions: 10->10
[189.185s][info][gc,heap        ] GC(77) Archive regions: 0->0
[189.185s][info][gc,heap        ] GC(77) Humongous regions: 0->0
[189.185s][info][gc,metaspace   ] GC(77) Metaspace: 51817K(52224K)->51817K(52224K) NonClass: 45299K(45504K)->45299K(45504K) Class: 6518K(6720K)->6518K(6720K)
[189.185s][info][gc             ] GC(77) Pause Full (System.gc()) 2011M->25M(8192M) 52.993ms
[189.185s][info][gc,cpu         ] GC(77) User=0.20s Sys=0.00s Real=0.05s
[191.425s][info][gc,start       ] GC(78) Pause Full (System.gc())
[191.425s][info][gc,task        ] GC(78) Using 6 workers of 6 for full compaction
[191.426s][info][gc,phases,start] GC(78) Phase 1: Mark live objects
[191.437s][info][gc,phases      ] GC(78) Phase 1: Mark live objects 10.699ms
[191.437s][info][gc,phases,start] GC(78) Phase 2: Prepare for compaction
[191.443s][info][gc,phases      ] GC(78) Phase 2: Prepare for compaction 6.326ms
[191.443s][info][gc,phases,start] GC(78) Phase 3: Adjust pointers
[191.453s][info][gc,phases      ] GC(78) Phase 3: Adjust pointers 10.315ms
[191.453s][info][gc,phases,start] GC(78) Phase 4: Compact heap
[191.457s][info][gc,phases      ] GC(78) Phase 4: Compact heap 3.369ms
[191.479s][info][gc,heap        ] GC(78) Eden regions: 498->0(1228)
[191.479s][info][gc,heap        ] GC(78) Survivor regions: 0->0(18)
[191.479s][info][gc,heap        ] GC(78) Old regions: 10->10
[191.479s][info][gc,heap        ] GC(78) Archive regions: 0->0
[191.479s][info][gc,heap        ] GC(78) Humongous regions: 0->0
[191.479s][info][gc,metaspace   ] GC(78) Metaspace: 51817K(52224K)->51817K(52224K) NonClass: 45299K(45504K)->45299K(45504K) Class: 6518K(6720K)->6518K(6720K)
[191.479s][info][gc             ] GC(78) Pause Full (System.gc()) 2017M->25M(8192M) 53.446ms
[191.479s][info][gc,cpu         ] GC(78) User=0.16s Sys=0.02s Real=0.05s
[193.647s][info][gc,start       ] GC(79) Pause Full (System.gc())
[193.647s][info][gc,task        ] GC(79) Using 6 workers of 6 for full compaction
[193.648s][info][gc,phases,start] GC(79) Phase 1: Mark live objects
[193.659s][info][gc,phases      ] GC(79) Phase 1: Mark live objects 11.259ms
[193.659s][info][gc,phases,start] GC(79) Phase 2: Prepare for compaction
[193.666s][info][gc,phases      ] GC(79) Phase 2: Prepare for compaction 7.051ms
[193.666s][info][gc,phases,start] GC(79) Phase 3: Adjust pointers
[193.676s][info][gc,phases      ] GC(79) Phase 3: Adjust pointers 9.580ms
[193.676s][info][gc,phases,start] GC(79) Phase 4: Compact heap
[193.679s][info][gc,phases      ] GC(79) Phase 4: Compact heap 3.419ms
[193.726s][info][gc,heap        ] GC(79) Eden regions: 497->0(1228)
[193.726s][info][gc,heap        ] GC(79) Survivor regions: 0->0(18)
[193.726s][info][gc,heap        ] GC(79) Old regions: 10->10
[193.726s][info][gc,heap        ] GC(79) Archive regions: 0->0
[193.726s][info][gc,heap        ] GC(79) Humongous regions: 0->0
[193.726s][info][gc,metaspace   ] GC(79) Metaspace: 51817K(52224K)->51817K(52224K) NonClass: 45299K(45504K)->45299K(45504K) Class: 6518K(6720K)->6518K(6720K)
[193.726s][info][gc             ] GC(79) Pause Full (System.gc()) 2011M->25M(8192M) 78.350ms
[193.726s][info][gc,cpu         ] GC(79) User=0.22s Sys=0.00s Real=0.07s
[195.907s][info][gc,start       ] GC(80) Pause Full (System.gc())
[195.907s][info][gc,task        ] GC(80) Using 6 workers of 6 for full compaction
[195.908s][info][gc,phases,start] GC(80) Phase 1: Mark live objects
[195.919s][info][gc,phases      ] GC(80) Phase 1: Mark live objects 11.376ms
[195.919s][info][gc,phases,start] GC(80) Phase 2: Prepare for compaction
[195.926s][info][gc,phases      ] GC(80) Phase 2: Prepare for compaction 6.452ms
[195.926s][info][gc,phases,start] GC(80) Phase 3: Adjust pointers
[195.936s][info][gc,phases      ] GC(80) Phase 3: Adjust pointers 9.969ms
[195.936s][info][gc,phases,start] GC(80) Phase 4: Compact heap
[195.939s][info][gc,phases      ] GC(80) Phase 4: Compact heap 3.153ms
[195.961s][info][gc,heap        ] GC(80) Eden regions: 496->0(1228)
[195.961s][info][gc,heap        ] GC(80) Survivor regions: 0->0(18)
[195.961s][info][gc,heap        ] GC(80) Old regions: 10->10
[195.961s][info][gc,heap        ] GC(80) Archive regions: 0->0
[195.961s][info][gc,heap        ] GC(80) Humongous regions: 0->0
[195.961s][info][gc,metaspace   ] GC(80) Metaspace: 51825K(52224K)->51825K(52224K) NonClass: 45307K(45504K)->45307K(45504K) Class: 6518K(6720K)->6518K(6720K)
[195.961s][info][gc             ] GC(80) Pause Full (System.gc()) 2007M->25M(8192M) 53.558ms
[195.961s][info][gc,cpu         ] GC(80) User=0.27s Sys=0.00s Real=0.04s
[198.111s][info][gc,start       ] GC(81) Pause Full (System.gc())
[198.111s][info][gc,task        ] GC(81) Using 6 workers of 6 for full compaction
[198.112s][info][gc,phases,start] GC(81) Phase 1: Mark live objects
[198.122s][info][gc,phases      ] GC(81) Phase 1: Mark live objects 10.433ms
[198.122s][info][gc,phases,start] GC(81) Phase 2: Prepare for compaction
[198.129s][info][gc,phases      ] GC(81) Phase 2: Prepare for compaction 6.983ms
[198.129s][info][gc,phases,start] GC(81) Phase 3: Adjust pointers
[198.139s][info][gc,phases      ] GC(81) Phase 3: Adjust pointers 9.417ms
[198.139s][info][gc,phases,start] GC(81) Phase 4: Compact heap
[198.142s][info][gc,phases      ] GC(81) Phase 4: Compact heap 3.672ms
[198.164s][info][gc,heap        ] GC(81) Eden regions: 494->0(1228)
[198.164s][info][gc,heap        ] GC(81) Survivor regions: 0->0(18)
[198.164s][info][gc,heap        ] GC(81) Old regions: 10->10
[198.164s][info][gc,heap        ] GC(81) Archive regions: 0->0
[198.164s][info][gc,heap        ] GC(81) Humongous regions: 0->0
[198.164s][info][gc,metaspace   ] GC(81) Metaspace: 51825K(52224K)->51825K(52224K) NonClass: 45307K(45504K)->45307K(45504K) Class: 6518K(6720K)->6518K(6720K)
[198.164s][info][gc             ] GC(81) Pause Full (System.gc()) 1999M->25M(8192M) 53.094ms
[198.164s][info][gc,cpu         ] GC(81) User=0.30s Sys=0.00s Real=0.05s
[200.345s][info][gc,start       ] GC(82) Pause Full (System.gc())
[200.345s][info][gc,task        ] GC(82) Using 6 workers of 6 for full compaction
[200.345s][info][gc,phases,start] GC(82) Phase 1: Mark live objects
[200.357s][info][gc,phases      ] GC(82) Phase 1: Mark live objects 12.264ms
[200.358s][info][gc,phases,start] GC(82) Phase 2: Prepare for compaction
[200.365s][info][gc,phases      ] GC(82) Phase 2: Prepare for compaction 7.008ms
[200.365s][info][gc,phases,start] GC(82) Phase 3: Adjust pointers
[200.375s][info][gc,phases      ] GC(82) Phase 3: Adjust pointers 10.515ms
[200.375s][info][gc,phases,start] GC(82) Phase 4: Compact heap
[200.378s][info][gc,phases      ] GC(82) Phase 4: Compact heap 3.231ms
[200.400s][info][gc,heap        ] GC(82) Eden regions: 495->0(1228)
[200.400s][info][gc,heap        ] GC(82) Survivor regions: 0->0(18)
[200.400s][info][gc,heap        ] GC(82) Old regions: 10->9
[200.400s][info][gc,heap        ] GC(82) Archive regions: 0->0
[200.400s][info][gc,heap        ] GC(82) Humongous regions: 0->0
[200.400s][info][gc,metaspace   ] GC(82) Metaspace: 51828K(52224K)->51828K(52224K) NonClass: 45309K(45504K)->45309K(45504K) Class: 6518K(6720K)->6518K(6720K)
[200.400s][info][gc             ] GC(82) Pause Full (System.gc()) 2003M->25M(8192M) 55.684ms
[200.400s][info][gc,cpu         ] GC(82) User=0.25s Sys=0.00s Real=0.05s
[202.661s][info][gc,start       ] GC(83) Pause Full (System.gc())
[202.661s][info][gc,task        ] GC(83) Using 6 workers of 6 for full compaction
[202.661s][info][gc,phases,start] GC(83) Phase 1: Mark live objects
[202.672s][info][gc,phases      ] GC(83) Phase 1: Mark live objects 10.574ms
[202.672s][info][gc,phases,start] GC(83) Phase 2: Prepare for compaction
[202.679s][info][gc,phases      ] GC(83) Phase 2: Prepare for compaction 6.556ms
[202.679s][info][gc,phases,start] GC(83) Phase 3: Adjust pointers
[202.689s][info][gc,phases      ] GC(83) Phase 3: Adjust pointers 10.552ms
[202.689s][info][gc,phases,start] GC(83) Phase 4: Compact heap
[202.692s][info][gc,phases      ] GC(83) Phase 4: Compact heap 3.140ms
[202.715s][info][gc,heap        ] GC(83) Eden regions: 492->0(1228)
[202.715s][info][gc,heap        ] GC(83) Survivor regions: 0->0(18)
[202.715s][info][gc,heap        ] GC(83) Old regions: 9->9
[202.715s][info][gc,heap        ] GC(83) Archive regions: 0->0
[202.715s][info][gc,heap        ] GC(83) Humongous regions: 0->0
[202.715s][info][gc,metaspace   ] GC(83) Metaspace: 51828K(52224K)->51828K(52224K) NonClass: 45309K(45504K)->45309K(45504K) Class: 6518K(6720K)->6518K(6720K)
[202.715s][info][gc             ] GC(83) Pause Full (System.gc()) 1993M->25M(8192M) 53.664ms
[202.715s][info][gc,cpu         ] GC(83) User=0.28s Sys=0.00s Real=0.07s
[204.997s][info][gc,start       ] GC(84) Pause Full (System.gc())
[204.997s][info][gc,task        ] GC(84) Using 6 workers of 6 for full compaction
[204.998s][info][gc,phases,start] GC(84) Phase 1: Mark live objects
[205.010s][info][gc,phases      ] GC(84) Phase 1: Mark live objects 12.480ms
[205.010s][info][gc,phases,start] GC(84) Phase 2: Prepare for compaction
[205.030s][info][gc,phases      ] GC(84) Phase 2: Prepare for compaction 20.124ms
[205.030s][info][gc,phases,start] GC(84) Phase 3: Adjust pointers
[205.040s][info][gc,phases      ] GC(84) Phase 3: Adjust pointers 9.880ms
[205.040s][info][gc,phases,start] GC(84) Phase 4: Compact heap
[205.044s][info][gc,phases      ] GC(84) Phase 4: Compact heap 3.717ms
[205.068s][info][gc,heap        ] GC(84) Eden regions: 493->0(1228)
[205.068s][info][gc,heap        ] GC(84) Survivor regions: 0->0(18)
[205.068s][info][gc,heap        ] GC(84) Old regions: 9->10
[205.068s][info][gc,heap        ] GC(84) Archive regions: 0->0
[205.068s][info][gc,heap        ] GC(84) Humongous regions: 0->0
[205.068s][info][gc,metaspace   ] GC(84) Metaspace: 51828K(52224K)->51828K(52224K) NonClass: 45309K(45504K)->45309K(45504K) Class: 6518K(6720K)->6518K(6720K)
[205.068s][info][gc             ] GC(84) Pause Full (System.gc()) 1995M->25M(8192M) 70.820ms
[205.068s][info][gc,cpu         ] GC(84) User=0.27s Sys=0.11s Real=0.08s
[207.268s][info][gc,start       ] GC(85) Pause Full (System.gc())
[207.268s][info][gc,task        ] GC(85) Using 6 workers of 6 for full compaction
[207.268s][info][gc,phases,start] GC(85) Phase 1: Mark live objects
[207.278s][info][gc,phases      ] GC(85) Phase 1: Mark live objects 9.805ms
[207.278s][info][gc,phases,start] GC(85) Phase 2: Prepare for compaction
[207.285s][info][gc,phases      ] GC(85) Phase 2: Prepare for compaction 6.750ms
[207.285s][info][gc,phases,start] GC(85) Phase 3: Adjust pointers
[207.295s][info][gc,phases      ] GC(85) Phase 3: Adjust pointers 9.737ms
[207.295s][info][gc,phases,start] GC(85) Phase 4: Compact heap
[207.298s][info][gc,phases      ] GC(85) Phase 4: Compact heap 3.232ms
[207.321s][info][gc,heap        ] GC(85) Eden regions: 493->0(1228)
[207.321s][info][gc,heap        ] GC(85) Survivor regions: 0->0(18)
[207.321s][info][gc,heap        ] GC(85) Old regions: 10->9
[207.321s][info][gc,heap        ] GC(85) Archive regions: 0->0
[207.321s][info][gc,heap        ] GC(85) Humongous regions: 0->0
[207.321s][info][gc,metaspace   ] GC(85) Metaspace: 51829K(52224K)->51829K(52224K) NonClass: 45311K(45504K)->45311K(45504K) Class: 6518K(6720K)->6518K(6720K)
[207.321s][info][gc             ] GC(85) Pause Full (System.gc()) 1995M->25M(8192M) 53.019ms
[207.321s][info][gc,cpu         ] GC(85) User=0.17s Sys=0.08s Real=0.05s
[209.476s][info][gc,start       ] GC(86) Pause Full (System.gc())
[209.476s][info][gc,task        ] GC(86) Using 6 workers of 6 for full compaction
[209.477s][info][gc,phases,start] GC(86) Phase 1: Mark live objects
[209.488s][info][gc,phases      ] GC(86) Phase 1: Mark live objects 11.637ms
[209.488s][info][gc,phases,start] GC(86) Phase 2: Prepare for compaction
[209.495s][info][gc,phases      ] GC(86) Phase 2: Prepare for compaction 6.274ms
[209.495s][info][gc,phases,start] GC(86) Phase 3: Adjust pointers
[209.505s][info][gc,phases      ] GC(86) Phase 3: Adjust pointers 10.347ms
[209.505s][info][gc,phases,start] GC(86) Phase 4: Compact heap
[209.508s][info][gc,phases      ] GC(86) Phase 4: Compact heap 3.064ms
[209.531s][info][gc,heap        ] GC(86) Eden regions: 495->0(1228)
[209.531s][info][gc,heap        ] GC(86) Survivor regions: 0->0(18)
[209.531s][info][gc,heap        ] GC(86) Old regions: 9->10
[209.531s][info][gc,heap        ] GC(86) Archive regions: 0->0
[209.531s][info][gc,heap        ] GC(86) Humongous regions: 0->0
[209.531s][info][gc,metaspace   ] GC(86) Metaspace: 51829K(52224K)->51829K(52224K) NonClass: 45311K(45504K)->45311K(45504K) Class: 6518K(6720K)->6518K(6720K)
[209.531s][info][gc             ] GC(86) Pause Full (System.gc()) 2003M->25M(8192M) 54.349ms
[209.531s][info][gc,cpu         ] GC(86) User=0.20s Sys=0.00s Real=0.06s
[211.697s][info][gc,start       ] GC(87) Pause Full (System.gc())
[211.697s][info][gc,task        ] GC(87) Using 6 workers of 6 for full compaction
[211.697s][info][gc,phases,start] GC(87) Phase 1: Mark live objects
[211.709s][info][gc,phases      ] GC(87) Phase 1: Mark live objects 11.160ms
[211.709s][info][gc,phases,start] GC(87) Phase 2: Prepare for compaction
[211.716s][info][gc,phases      ] GC(87) Phase 2: Prepare for compaction 7.426ms
[211.716s][info][gc,phases,start] GC(87) Phase 3: Adjust pointers
[211.727s][info][gc,phases      ] GC(87) Phase 3: Adjust pointers 11.386ms
[211.728s][info][gc,phases,start] GC(87) Phase 4: Compact heap
[211.732s][info][gc,phases      ] GC(87) Phase 4: Compact heap 3.973ms
[211.754s][info][gc,heap        ] GC(87) Eden regions: 500->0(1228)
[211.754s][info][gc,heap        ] GC(87) Survivor regions: 0->0(18)
[211.754s][info][gc,heap        ] GC(87) Old regions: 10->10
[211.754s][info][gc,heap        ] GC(87) Archive regions: 0->0
[211.754s][info][gc,heap        ] GC(87) Humongous regions: 0->0
[211.754s][info][gc,metaspace   ] GC(87) Metaspace: 51829K(52224K)->51829K(52224K) NonClass: 45311K(45504K)->45311K(45504K) Class: 6518K(6720K)->6518K(6720K)
[211.754s][info][gc             ] GC(87) Pause Full (System.gc()) 2023M->25M(8192M) 56.814ms
[211.754s][info][gc,cpu         ] GC(87) User=0.20s Sys=0.02s Real=0.06s
[213.923s][info][gc,start       ] GC(88) Pause Full (System.gc())
[213.923s][info][gc,task        ] GC(88) Using 6 workers of 6 for full compaction
[213.924s][info][gc,phases,start] GC(88) Phase 1: Mark live objects
[213.935s][info][gc,phases      ] GC(88) Phase 1: Mark live objects 11.161ms
[213.935s][info][gc,phases,start] GC(88) Phase 2: Prepare for compaction
[213.941s][info][gc,phases      ] GC(88) Phase 2: Prepare for compaction 6.385ms
[213.941s][info][gc,phases,start] GC(88) Phase 3: Adjust pointers
[213.951s][info][gc,phases      ] GC(88) Phase 3: Adjust pointers 10.170ms
[213.952s][info][gc,phases,start] GC(88) Phase 4: Compact heap
[213.955s][info][gc,phases      ] GC(88) Phase 4: Compact heap 3.107ms
[213.977s][info][gc,heap        ] GC(88) Eden regions: 493->0(1228)
[213.977s][info][gc,heap        ] GC(88) Survivor regions: 0->0(18)
[213.977s][info][gc,heap        ] GC(88) Old regions: 10->10
[213.977s][info][gc,heap        ] GC(88) Archive regions: 0->0
[213.977s][info][gc,heap        ] GC(88) Humongous regions: 0->0
[213.977s][info][gc,metaspace   ] GC(88) Metaspace: 51832K(52224K)->51832K(52224K) NonClass: 45313K(45504K)->45313K(45504K) Class: 6518K(6720K)->6518K(6720K)
[213.977s][info][gc             ] GC(88) Pause Full (System.gc()) 1997M->25M(8192M) 53.855ms
[213.977s][info][gc,cpu         ] GC(88) User=0.28s Sys=0.00s Real=0.07s
[216.086s][info][gc,start       ] GC(89) Pause Full (System.gc())
[216.086s][info][gc,task        ] GC(89) Using 6 workers of 6 for full compaction
[216.086s][info][gc,phases,start] GC(89) Phase 1: Mark live objects
[216.098s][info][gc,phases      ] GC(89) Phase 1: Mark live objects 11.918ms
[216.098s][info][gc,phases,start] GC(89) Phase 2: Prepare for compaction
[216.104s][info][gc,phases      ] GC(89) Phase 2: Prepare for compaction 6.353ms
[216.104s][info][gc,phases,start] GC(89) Phase 3: Adjust pointers
[216.114s][info][gc,phases      ] GC(89) Phase 3: Adjust pointers 10.051ms
[216.114s][info][gc,phases,start] GC(89) Phase 4: Compact heap
[216.118s][info][gc,phases      ] GC(89) Phase 4: Compact heap 3.148ms
[216.140s][info][gc,heap        ] GC(89) Eden regions: 498->0(1228)
[216.140s][info][gc,heap        ] GC(89) Survivor regions: 0->0(18)
[216.140s][info][gc,heap        ] GC(89) Old regions: 10->10
[216.140s][info][gc,heap        ] GC(89) Archive regions: 0->0
[216.140s][info][gc,heap        ] GC(89) Humongous regions: 0->0
[216.140s][info][gc,metaspace   ] GC(89) Metaspace: 51834K(52224K)->51834K(52224K) NonClass: 45316K(45504K)->45316K(45504K) Class: 6518K(6720K)->6518K(6720K)
[216.140s][info][gc             ] GC(89) Pause Full (System.gc()) 2017M->25M(8192M) 54.373ms
[216.140s][info][gc,cpu         ] GC(89) User=0.19s Sys=0.02s Real=0.07s
[218.310s][info][gc,start       ] GC(90) Pause Full (System.gc())
[218.311s][info][gc,task        ] GC(90) Using 6 workers of 6 for full compaction
[218.311s][info][gc,phases,start] GC(90) Phase 1: Mark live objects
[218.321s][info][gc,phases      ] GC(90) Phase 1: Mark live objects 10.048ms
[218.321s][info][gc,phases,start] GC(90) Phase 2: Prepare for compaction
[218.328s][info][gc,phases      ] GC(90) Phase 2: Prepare for compaction 6.966ms
[218.328s][info][gc,phases,start] GC(90) Phase 3: Adjust pointers
[218.338s][info][gc,phases      ] GC(90) Phase 3: Adjust pointers 9.771ms
[218.338s][info][gc,phases,start] GC(90) Phase 4: Compact heap
[218.342s][info][gc,phases      ] GC(90) Phase 4: Compact heap 4.114ms
[218.366s][info][gc,heap        ] GC(90) Eden regions: 495->0(1228)
[218.366s][info][gc,heap        ] GC(90) Survivor regions: 0->0(18)
[218.366s][info][gc,heap        ] GC(90) Old regions: 10->10
[218.366s][info][gc,heap        ] GC(90) Archive regions: 0->0
[218.366s][info][gc,heap        ] GC(90) Humongous regions: 0->0
[218.366s][info][gc,metaspace   ] GC(90) Metaspace: 51834K(52224K)->51834K(52224K) NonClass: 45316K(45504K)->45316K(45504K) Class: 6518K(6720K)->6518K(6720K)
[218.366s][info][gc             ] GC(90) Pause Full (System.gc()) 2003M->25M(8192M) 55.296ms
[218.366s][info][gc,cpu         ] GC(90) User=0.30s Sys=0.00s Real=0.06s
[220.495s][info][gc,start       ] GC(91) Pause Full (System.gc())
[220.495s][info][gc,task        ] GC(91) Using 6 workers of 6 for full compaction
[220.495s][info][gc,phases,start] GC(91) Phase 1: Mark live objects
[220.506s][info][gc,phases      ] GC(91) Phase 1: Mark live objects 11.125ms
[220.506s][info][gc,phases,start] GC(91) Phase 2: Prepare for compaction
[220.513s][info][gc,phases      ] GC(91) Phase 2: Prepare for compaction 6.659ms
[220.513s][info][gc,phases,start] GC(91) Phase 3: Adjust pointers
[220.523s][info][gc,phases      ] GC(91) Phase 3: Adjust pointers 9.839ms
[220.523s][info][gc,phases,start] GC(91) Phase 4: Compact heap
[220.526s][info][gc,phases      ] GC(91) Phase 4: Compact heap 3.189ms
[220.549s][info][gc,heap        ] GC(91) Eden regions: 496->0(1228)
[220.549s][info][gc,heap        ] GC(91) Survivor regions: 0->0(18)
[220.549s][info][gc,heap        ] GC(91) Old regions: 10->10
[220.549s][info][gc,heap        ] GC(91) Archive regions: 0->0
[220.549s][info][gc,heap        ] GC(91) Humongous regions: 0->0
[220.549s][info][gc,metaspace   ] GC(91) Metaspace: 51838K(52224K)->51838K(52224K) NonClass: 45319K(45504K)->45319K(45504K) Class: 6518K(6720K)->6518K(6720K)
[220.549s][info][gc             ] GC(91) Pause Full (System.gc()) 2009M->25M(8192M) 53.972ms
[220.549s][info][gc,cpu         ] GC(91) User=0.19s Sys=0.00s Real=0.05s
[222.721s][info][gc,start       ] GC(92) Pause Full (System.gc())
[222.721s][info][gc,task        ] GC(92) Using 6 workers of 6 for full compaction
[222.721s][info][gc,phases,start] GC(92) Phase 1: Mark live objects
[222.732s][info][gc,phases      ] GC(92) Phase 1: Mark live objects 10.905ms
[222.732s][info][gc,phases,start] GC(92) Phase 2: Prepare for compaction
[222.739s][info][gc,phases      ] GC(92) Phase 2: Prepare for compaction 7.113ms
[222.739s][info][gc,phases,start] GC(92) Phase 3: Adjust pointers
[222.749s][info][gc,phases      ] GC(92) Phase 3: Adjust pointers 9.715ms
[222.749s][info][gc,phases,start] GC(92) Phase 4: Compact heap
[222.752s][info][gc,phases      ] GC(92) Phase 4: Compact heap 3.201ms
[222.774s][info][gc,heap        ] GC(92) Eden regions: 496->0(1228)
[222.774s][info][gc,heap        ] GC(92) Survivor regions: 0->0(18)
[222.774s][info][gc,heap        ] GC(92) Old regions: 10->9
[222.774s][info][gc,heap        ] GC(92) Archive regions: 0->0
[222.774s][info][gc,heap        ] GC(92) Humongous regions: 0->0
[222.774s][info][gc,metaspace   ] GC(92) Metaspace: 51842K(52224K)->51842K(52224K) NonClass: 45324K(45504K)->45324K(45504K) Class: 6518K(6720K)->6518K(6720K)
[222.774s][info][gc             ] GC(92) Pause Full (System.gc()) 2007M->25M(8192M) 53.493ms
[222.774s][info][gc,cpu         ] GC(92) User=0.23s Sys=0.02s Real=0.05s
[224.927s][info][gc,start       ] GC(93) Pause Full (System.gc())
[224.927s][info][gc,task        ] GC(93) Using 6 workers of 6 for full compaction
[224.927s][info][gc,phases,start] GC(93) Phase 1: Mark live objects
[224.938s][info][gc,phases      ] GC(93) Phase 1: Mark live objects 10.778ms
[224.938s][info][gc,phases,start] GC(93) Phase 2: Prepare for compaction
[224.945s][info][gc,phases      ] GC(93) Phase 2: Prepare for compaction 6.563ms
[224.945s][info][gc,phases,start] GC(93) Phase 3: Adjust pointers
[224.955s][info][gc,phases      ] GC(93) Phase 3: Adjust pointers 10.347ms
[224.955s][info][gc,phases,start] GC(93) Phase 4: Compact heap
[224.958s][info][gc,phases      ] GC(93) Phase 4: Compact heap 3.167ms
[224.981s][info][gc,heap        ] GC(93) Eden regions: 493->0(1228)
[224.981s][info][gc,heap        ] GC(93) Survivor regions: 0->0(18)
[224.981s][info][gc,heap        ] GC(93) Old regions: 9->10
[224.981s][info][gc,heap        ] GC(93) Archive regions: 0->0
[224.981s][info][gc,heap        ] GC(93) Humongous regions: 0->0
[224.981s][info][gc,metaspace   ] GC(93) Metaspace: 51842K(52224K)->51842K(52224K) NonClass: 45324K(45504K)->45324K(45504K) Class: 6518K(6720K)->6518K(6720K)
[224.981s][info][gc             ] GC(93) Pause Full (System.gc()) 1997M->25M(8192M) 53.881ms
[224.981s][info][gc,cpu         ] GC(93) User=0.27s Sys=0.00s Real=0.05s
[227.248s][info][gc,start       ] GC(94) Pause Full (System.gc())
[227.248s][info][gc,task        ] GC(94) Using 6 workers of 6 for full compaction
[227.248s][info][gc,phases,start] GC(94) Phase 1: Mark live objects
[227.259s][info][gc,phases      ] GC(94) Phase 1: Mark live objects 11.030ms
[227.259s][info][gc,phases,start] GC(94) Phase 2: Prepare for compaction
[227.266s][info][gc,phases      ] GC(94) Phase 2: Prepare for compaction 6.733ms
[227.266s][info][gc,phases,start] GC(94) Phase 3: Adjust pointers
[227.276s][info][gc,phases      ] GC(94) Phase 3: Adjust pointers 10.015ms
[227.276s][info][gc,phases,start] GC(94) Phase 4: Compact heap
[227.279s][info][gc,phases      ] GC(94) Phase 4: Compact heap 3.068ms
[227.302s][info][gc,heap        ] GC(94) Eden regions: 499->0(1228)
[227.302s][info][gc,heap        ] GC(94) Survivor regions: 0->0(18)
[227.302s][info][gc,heap        ] GC(94) Old regions: 10->10
[227.302s][info][gc,heap        ] GC(94) Archive regions: 0->0
[227.302s][info][gc,heap        ] GC(94) Humongous regions: 0->0
[227.302s][info][gc,metaspace   ] GC(94) Metaspace: 51843K(52224K)->51843K(52224K) NonClass: 45324K(45504K)->45324K(45504K) Class: 6518K(6720K)->6518K(6720K)
[227.302s][info][gc             ] GC(94) Pause Full (System.gc()) 2019M->25M(8192M) 54.137ms
[227.302s][info][gc,cpu         ] GC(94) User=0.22s Sys=0.03s Real=0.05s
[229.467s][info][gc,start       ] GC(95) Pause Full (System.gc())
[229.467s][info][gc,task        ] GC(95) Using 6 workers of 6 for full compaction
[229.467s][info][gc,phases,start] GC(95) Phase 1: Mark live objects
[229.477s][info][gc,phases      ] GC(95) Phase 1: Mark live objects 10.235ms
[229.477s][info][gc,phases,start] GC(95) Phase 2: Prepare for compaction
[229.484s][info][gc,phases      ] GC(95) Phase 2: Prepare for compaction 7.034ms
[229.484s][info][gc,phases,start] GC(95) Phase 3: Adjust pointers
[229.494s][info][gc,phases      ] GC(95) Phase 3: Adjust pointers 9.855ms
[229.494s][info][gc,phases,start] GC(95) Phase 4: Compact heap
[229.498s][info][gc,phases      ] GC(95) Phase 4: Compact heap 3.484ms
[229.520s][info][gc,heap        ] GC(95) Eden regions: 495->0(1228)
[229.520s][info][gc,heap        ] GC(95) Survivor regions: 0->0(18)
[229.520s][info][gc,heap        ] GC(95) Old regions: 10->9
[229.520s][info][gc,heap        ] GC(95) Archive regions: 0->0
[229.520s][info][gc,heap        ] GC(95) Humongous regions: 0->0
[229.520s][info][gc,metaspace   ] GC(95) Metaspace: 51843K(52224K)->51843K(52224K) NonClass: 45324K(45504K)->45324K(45504K) Class: 6518K(6720K)->6518K(6720K)
[229.520s][info][gc             ] GC(95) Pause Full (System.gc()) 2003M->25M(8192M) 53.295ms
[229.520s][info][gc,cpu         ] GC(95) User=0.28s Sys=0.02s Real=0.05s
[231.704s][info][gc,start       ] GC(96) Pause Full (System.gc())
[231.704s][info][gc,task        ] GC(96) Using 6 workers of 6 for full compaction
[231.705s][info][gc,phases,start] GC(96) Phase 1: Mark live objects
[231.716s][info][gc,phases      ] GC(96) Phase 1: Mark live objects 11.131ms
[231.716s][info][gc,phases,start] GC(96) Phase 2: Prepare for compaction
[231.723s][info][gc,phases      ] GC(96) Phase 2: Prepare for compaction 6.628ms
[231.723s][info][gc,phases,start] GC(96) Phase 3: Adjust pointers
[231.733s][info][gc,phases      ] GC(96) Phase 3: Adjust pointers 9.955ms
[231.733s][info][gc,phases,start] GC(96) Phase 4: Compact heap
[231.736s][info][gc,phases      ] GC(96) Phase 4: Compact heap 3.103ms
[231.759s][info][gc,heap        ] GC(96) Eden regions: 496->0(1228)
[231.759s][info][gc,heap        ] GC(96) Survivor regions: 0->0(18)
[231.759s][info][gc,heap        ] GC(96) Old regions: 9->10
[231.759s][info][gc,heap        ] GC(96) Archive regions: 0->0
[231.759s][info][gc,heap        ] GC(96) Humongous regions: 0->0
[231.759s][info][gc,metaspace   ] GC(96) Metaspace: 51843K(52224K)->51843K(52224K) NonClass: 45324K(45504K)->45324K(45504K) Class: 6518K(6720K)->6518K(6720K)
[231.759s][info][gc             ] GC(96) Pause Full (System.gc()) 2007M->25M(8192M) 54.460ms
[231.759s][info][gc,cpu         ] GC(96) User=0.30s Sys=0.00s Real=0.05s
[233.885s][info][gc,start       ] GC(97) Pause Full (System.gc())
[233.885s][info][gc,task        ] GC(97) Using 6 workers of 6 for full compaction
[233.885s][info][gc,phases,start] GC(97) Phase 1: Mark live objects
[233.897s][info][gc,phases      ] GC(97) Phase 1: Mark live objects 11.237ms
[233.897s][info][gc,phases,start] GC(97) Phase 2: Prepare for compaction
[233.903s][info][gc,phases      ] GC(97) Phase 2: Prepare for compaction 6.649ms
[233.903s][info][gc,phases,start] GC(97) Phase 3: Adjust pointers
[233.913s][info][gc,phases      ] GC(97) Phase 3: Adjust pointers 9.972ms
[233.913s][info][gc,phases,start] GC(97) Phase 4: Compact heap
[233.916s][info][gc,phases      ] GC(97) Phase 4: Compact heap 2.906ms
[233.939s][info][gc,heap        ] GC(97) Eden regions: 498->0(1228)
[233.939s][info][gc,heap        ] GC(97) Survivor regions: 0->0(18)
[233.939s][info][gc,heap        ] GC(97) Old regions: 10->9
[233.939s][info][gc,heap        ] GC(97) Archive regions: 0->0
[233.939s][info][gc,heap        ] GC(97) Humongous regions: 0->0
[233.939s][info][gc,metaspace   ] GC(97) Metaspace: 51843K(52224K)->51843K(52224K) NonClass: 45324K(45504K)->45324K(45504K) Class: 6518K(6720K)->6518K(6720K)
[233.939s][info][gc             ] GC(97) Pause Full (System.gc()) 2015M->25M(8192M) 54.025ms
[233.939s][info][gc,cpu         ] GC(97) User=0.12s Sys=0.00s Real=0.06s
[236.108s][info][gc,start       ] GC(98) Pause Full (System.gc())
[236.108s][info][gc,task        ] GC(98) Using 6 workers of 6 for full compaction
[236.108s][info][gc,phases,start] GC(98) Phase 1: Mark live objects
[236.119s][info][gc,phases      ] GC(98) Phase 1: Mark live objects 10.837ms
[236.119s][info][gc,phases,start] GC(98) Phase 2: Prepare for compaction
[236.126s][info][gc,phases      ] GC(98) Phase 2: Prepare for compaction 6.572ms
[236.126s][info][gc,phases,start] GC(98) Phase 3: Adjust pointers
[236.136s][info][gc,phases      ] GC(98) Phase 3: Adjust pointers 10.309ms
[236.136s][info][gc,phases,start] GC(98) Phase 4: Compact heap
[236.140s][info][gc,phases      ] GC(98) Phase 4: Compact heap 3.454ms
[236.162s][info][gc,heap        ] GC(98) Eden regions: 496->0(1228)
[236.162s][info][gc,heap        ] GC(98) Survivor regions: 0->0(18)
[236.162s][info][gc,heap        ] GC(98) Old regions: 9->10
[236.162s][info][gc,heap        ] GC(98) Archive regions: 0->0
[236.162s][info][gc,heap        ] GC(98) Humongous regions: 0->0
[236.162s][info][gc,metaspace   ] GC(98) Metaspace: 51845K(52224K)->51845K(52224K) NonClass: 45326K(45504K)->45326K(45504K) Class: 6518K(6720K)->6518K(6720K)
[236.162s][info][gc             ] GC(98) Pause Full (System.gc()) 2007M->25M(8192M) 54.514ms
[236.162s][info][gc,cpu         ] GC(98) User=0.28s Sys=0.00s Real=0.06s
[238.304s][info][gc,start       ] GC(99) Pause Full (System.gc())
[238.304s][info][gc,task        ] GC(99) Using 6 workers of 6 for full compaction
[238.304s][info][gc,phases,start] GC(99) Phase 1: Mark live objects
[238.315s][info][gc,phases      ] GC(99) Phase 1: Mark live objects 10.690ms
[238.315s][info][gc,phases,start] GC(99) Phase 2: Prepare for compaction
[238.321s][info][gc,phases      ] GC(99) Phase 2: Prepare for compaction 6.273ms
[238.321s][info][gc,phases,start] GC(99) Phase 3: Adjust pointers
[238.331s][info][gc,phases      ] GC(99) Phase 3: Adjust pointers 10.085ms
[238.331s][info][gc,phases,start] GC(99) Phase 4: Compact heap
[238.334s][info][gc,phases      ] GC(99) Phase 4: Compact heap 2.998ms
[238.357s][info][gc,heap        ] GC(99) Eden regions: 497->0(1228)
[238.357s][info][gc,heap        ] GC(99) Survivor regions: 0->0(18)
[238.357s][info][gc,heap        ] GC(99) Old regions: 10->9
[238.357s][info][gc,heap        ] GC(99) Archive regions: 0->0
[238.357s][info][gc,heap        ] GC(99) Humongous regions: 0->0
[238.357s][info][gc,metaspace   ] GC(99) Metaspace: 51845K(52224K)->51845K(52224K) NonClass: 45327K(45504K)->45327K(45504K) Class: 6518K(6720K)->6518K(6720K)
[238.357s][info][gc             ] GC(99) Pause Full (System.gc()) 2011M->25M(8192M) 53.313ms
[238.357s][info][gc,cpu         ] GC(99) User=0.20s Sys=0.00s Real=0.07s
[240.507s][info][gc,start       ] GC(100) Pause Full (System.gc())
[240.507s][info][gc,task        ] GC(100) Using 6 workers of 6 for full compaction
[240.507s][info][gc,phases,start] GC(100) Phase 1: Mark live objects
[240.517s][info][gc,phases      ] GC(100) Phase 1: Mark live objects 10.138ms
[240.517s][info][gc,phases,start] GC(100) Phase 2: Prepare for compaction
[240.524s][info][gc,phases      ] GC(100) Phase 2: Prepare for compaction 6.943ms
[240.524s][info][gc,phases,start] GC(100) Phase 3: Adjust pointers
[240.534s][info][gc,phases      ] GC(100) Phase 3: Adjust pointers 9.725ms
[240.534s][info][gc,phases,start] GC(100) Phase 4: Compact heap
[240.537s][info][gc,phases      ] GC(100) Phase 4: Compact heap 3.117ms
[240.560s][info][gc,heap        ] GC(100) Eden regions: 500->0(1228)
[240.560s][info][gc,heap        ] GC(100) Survivor regions: 0->0(18)
[240.560s][info][gc,heap        ] GC(100) Old regions: 9->9
[240.560s][info][gc,heap        ] GC(100) Archive regions: 0->0
[240.560s][info][gc,heap        ] GC(100) Humongous regions: 0->0
[240.560s][info][gc,metaspace   ] GC(100) Metaspace: 51845K(52224K)->51845K(52224K) NonClass: 45327K(45504K)->45327K(45504K) Class: 6518K(6720K)->6518K(6720K)
[240.560s][info][gc             ] GC(100) Pause Full (System.gc()) 2023M->25M(8192M) 53.413ms
[240.560s][info][gc,cpu         ] GC(100) User=0.20s Sys=0.00s Real=0.05s
[242.711s][info][gc,start       ] GC(101) Pause Full (System.gc())
[242.711s][info][gc,task        ] GC(101) Using 6 workers of 6 for full compaction
[242.711s][info][gc,phases,start] GC(101) Phase 1: Mark live objects
[242.722s][info][gc,phases      ] GC(101) Phase 1: Mark live objects 10.424ms
[242.722s][info][gc,phases,start] GC(101) Phase 2: Prepare for compaction
[242.729s][info][gc,phases      ] GC(101) Phase 2: Prepare for compaction 7.045ms
[242.729s][info][gc,phases,start] GC(101) Phase 3: Adjust pointers
[242.739s][info][gc,phases      ] GC(101) Phase 3: Adjust pointers 10.060ms
[242.739s][info][gc,phases,start] GC(101) Phase 4: Compact heap
[242.742s][info][gc,phases      ] GC(101) Phase 4: Compact heap 3.103ms
[242.764s][info][gc,heap        ] GC(101) Eden regions: 497->0(1228)
[242.764s][info][gc,heap        ] GC(101) Survivor regions: 0->0(18)
[242.764s][info][gc,heap        ] GC(101) Old regions: 9->10
[242.764s][info][gc,heap        ] GC(101) Archive regions: 0->0
[242.764s][info][gc,heap        ] GC(101) Humongous regions: 0->0
[242.764s][info][gc,metaspace   ] GC(101) Metaspace: 51845K(52224K)->51845K(52224K) NonClass: 45327K(45504K)->45327K(45504K) Class: 6518K(6720K)->6518K(6720K)
[242.764s][info][gc             ] GC(101) Pause Full (System.gc()) 2013M->25M(8192M) 53.490ms
[242.764s][info][gc,cpu         ] GC(101) User=0.19s Sys=0.00s Real=0.05s
[244.899s][info][gc,start       ] GC(102) Pause Full (System.gc())
[244.900s][info][gc,task        ] GC(102) Using 6 workers of 6 for full compaction
[244.900s][info][gc,phases,start] GC(102) Phase 1: Mark live objects
[244.911s][info][gc,phases      ] GC(102) Phase 1: Mark live objects 11.159ms
[244.911s][info][gc,phases,start] GC(102) Phase 2: Prepare for compaction
[244.918s][info][gc,phases      ] GC(102) Phase 2: Prepare for compaction 6.525ms
[244.918s][info][gc,phases,start] GC(102) Phase 3: Adjust pointers
[244.928s][info][gc,phases      ] GC(102) Phase 3: Adjust pointers 10.212ms
[244.928s][info][gc,phases,start] GC(102) Phase 4: Compact heap
[244.931s][info][gc,phases      ] GC(102) Phase 4: Compact heap 2.910ms
[244.953s][info][gc,heap        ] GC(102) Eden regions: 497->0(1228)
[244.953s][info][gc,heap        ] GC(102) Survivor regions: 0->0(18)
[244.953s][info][gc,heap        ] GC(102) Old regions: 10->10
[244.953s][info][gc,heap        ] GC(102) Archive regions: 0->0
[244.953s][info][gc,heap        ] GC(102) Humongous regions: 0->0
[244.953s][info][gc,metaspace   ] GC(102) Metaspace: 51864K(52224K)->51864K(52224K) NonClass: 45346K(45504K)->45346K(45504K) Class: 6518K(6720K)->6518K(6720K)
[244.953s][info][gc             ] GC(102) Pause Full (System.gc()) 2011M->25M(8192M) 53.708ms
[244.953s][info][gc,cpu         ] GC(102) User=0.16s Sys=0.00s Real=0.06s
[247.092s][info][gc,start       ] GC(103) Pause Full (System.gc())
[247.092s][info][gc,task        ] GC(103) Using 6 workers of 6 for full compaction
[247.092s][info][gc,phases,start] GC(103) Phase 1: Mark live objects
[247.102s][info][gc,phases      ] GC(103) Phase 1: Mark live objects 10.085ms
[247.102s][info][gc,phases,start] GC(103) Phase 2: Prepare for compaction
[247.109s][info][gc,phases      ] GC(103) Phase 2: Prepare for compaction 6.604ms
[247.109s][info][gc,phases,start] GC(103) Phase 3: Adjust pointers
[247.119s][info][gc,phases      ] GC(103) Phase 3: Adjust pointers 10.096ms
[247.119s][info][gc,phases,start] GC(103) Phase 4: Compact heap
[247.122s][info][gc,phases      ] GC(103) Phase 4: Compact heap 3.270ms
[247.145s][info][gc,heap        ] GC(103) Eden regions: 492->0(1228)
[247.145s][info][gc,heap        ] GC(103) Survivor regions: 0->0(18)
[247.145s][info][gc,heap        ] GC(103) Old regions: 10->10
[247.145s][info][gc,heap        ] GC(103) Archive regions: 0->0
[247.145s][info][gc,heap        ] GC(103) Humongous regions: 0->0
[247.145s][info][gc,metaspace   ] GC(103) Metaspace: 51865K(52224K)->51865K(52224K) NonClass: 45346K(45504K)->45346K(45504K) Class: 6518K(6720K)->6518K(6720K)
[247.145s][info][gc             ] GC(103) Pause Full (System.gc()) 1993M->25M(8192M) 53.192ms
[247.145s][info][gc,cpu         ] GC(103) User=0.30s Sys=0.00s Real=0.05s
[249.273s][info][gc,start       ] GC(104) Pause Full (System.gc())
[249.273s][info][gc,task        ] GC(104) Using 6 workers of 6 for full compaction
[249.273s][info][gc,phases,start] GC(104) Phase 1: Mark live objects
[249.284s][info][gc,phases      ] GC(104) Phase 1: Mark live objects 10.292ms
[249.284s][info][gc,phases,start] GC(104) Phase 2: Prepare for compaction
[249.290s][info][gc,phases      ] GC(104) Phase 2: Prepare for compaction 6.731ms
[249.290s][info][gc,phases,start] GC(104) Phase 3: Adjust pointers
[249.300s][info][gc,phases      ] GC(104) Phase 3: Adjust pointers 9.968ms
[249.300s][info][gc,phases,start] GC(104) Phase 4: Compact heap
[249.303s][info][gc,phases      ] GC(104) Phase 4: Compact heap 2.926ms
[249.325s][info][gc,heap        ] GC(104) Eden regions: 498->0(1228)
[249.326s][info][gc,heap        ] GC(104) Survivor regions: 0->0(18)
[249.326s][info][gc,heap        ] GC(104) Old regions: 10->9
[249.326s][info][gc,heap        ] GC(104) Archive regions: 0->0
[249.326s][info][gc,heap        ] GC(104) Humongous regions: 0->0
[249.326s][info][gc,metaspace   ] GC(104) Metaspace: 51865K(52224K)->51865K(52224K) NonClass: 45347K(45504K)->45347K(45504K) Class: 6518K(6720K)->6518K(6720K)
[249.326s][info][gc             ] GC(104) Pause Full (System.gc()) 2017M->25M(8192M) 52.838ms
[249.326s][info][gc,cpu         ] GC(104) User=0.19s Sys=0.00s Real=0.05s
[251.507s][info][gc,start       ] GC(105) Pause Full (System.gc())
[251.507s][info][gc,task        ] GC(105) Using 6 workers of 6 for full compaction
[251.508s][info][gc,phases,start] GC(105) Phase 1: Mark live objects
[251.519s][info][gc,phases      ] GC(105) Phase 1: Mark live objects 11.749ms
[251.520s][info][gc,phases,start] GC(105) Phase 2: Prepare for compaction
[251.526s][info][gc,phases      ] GC(105) Phase 2: Prepare for compaction 6.618ms
[251.526s][info][gc,phases,start] GC(105) Phase 3: Adjust pointers
[251.538s][info][gc,phases      ] GC(105) Phase 3: Adjust pointers 11.988ms
[251.538s][info][gc,phases,start] GC(105) Phase 4: Compact heap
[251.541s][info][gc,phases      ] GC(105) Phase 4: Compact heap 3.162ms
[251.564s][info][gc,heap        ] GC(105) Eden regions: 494->0(1228)
[251.564s][info][gc,heap        ] GC(105) Survivor regions: 0->0(18)
[251.564s][info][gc,heap        ] GC(105) Old regions: 9->9
[251.564s][info][gc,heap        ] GC(105) Archive regions: 0->0
[251.564s][info][gc,heap        ] GC(105) Humongous regions: 0->0
[251.564s][info][gc,metaspace   ] GC(105) Metaspace: 51871K(52224K)->51871K(52224K) NonClass: 45353K(45504K)->45353K(45504K) Class: 6518K(6720K)->6518K(6720K)
[251.564s][info][gc             ] GC(105) Pause Full (System.gc()) 2001M->25M(8192M) 56.705ms
[251.564s][info][gc,cpu         ] GC(105) User=0.17s Sys=0.00s Real=0.06s
[253.734s][info][gc,heap,exit   ] Heap
[253.734s][info][gc,heap,exit   ]  garbage-first heap   total 8388608K, used 2045053K [0x0000000600000000, 0x0000000800000000)
[253.734s][info][gc,heap,exit   ]   region size 4096K, 494 young (2023424K), 0 survivors (0K)
[253.734s][info][gc,heap,exit   ]  Metaspace       used 51985K, committed 52352K, reserved 1114112K
[253.734s][info][gc,heap,exit   ]   class space    used 6546K, committed 6720K, reserved 1048576K
