[0.037s][info][gc,init] Initializing The Z Garbage Collector
[0.037s][info][gc,init] Version: 21.0.4+7-adhoc.Administrator.jdk21u (release)
[0.037s][info][gc,init] Using legacy single-generation mode
[0.037s][info][gc,init] NUMA Support: Disabled
[0.037s][info][gc,init] CPUs: 6 total, 6 available
[0.038s][info][gc,init] Memory: 15591M
[0.038s][info][gc,init] Large Page Support: Disabled
[0.038s][info][gc,init] GC Workers: 2 (dynamic)
[0.038s][info][gc,init] Address Space Type: Contiguous/Unrestricted/Complete
[0.038s][info][gc,init] Address Space Size: 65536M x 3 = 196608M
[0.038s][info][gc,init] Min Capacity: 4096M
[0.038s][info][gc,init] Initial Capacity: 4096M
[0.038s][info][gc,init] Max Capacity: 4096M
[0.038s][info][gc,init] Medium Page Size: 32M
[0.038s][info][gc,init] Pre-touch: Disabled
[0.038s][info][gc,init] Uncommit: Implicitly Disabled (-Xms equals -Xmx)
[0.175s][info][gc,init] Runtime Workers: 4
[0.176s][info][gc     ] Using The Z Garbage Collector
[0.185s][info][gc,metaspace] CDS archive(s) mapped at: [0x000001e623000000-0x000001e623c90000-0x000001e623c90000), size 13172736, SharedBaseAddress: 0x000001e623000000, ArchiveRelocationMode: 1.
[0.185s][info][gc,metaspace] Compressed class space mapped at: 0x000001e624000000-0x000001e664000000, reserved size: 1073741824
[0.185s][info][gc,metaspace] Narrow klass base: 0x000001e623000000, Narrow klass shift: 0, Narrow klass range: 0x100000000
[3.966s][info][gc,start    ] GC(0) Garbage Collection (Metadata GC Threshold)
[3.967s][info][gc,task     ] GC(0) Using 2 workers
[3.967s][info][gc,phases   ] GC(0) Pause Mark Start 0.022ms
[3.987s][info][gc,phases   ] GC(0) Concurrent Mark 19.678ms
[3.987s][info][gc,phases   ] GC(0) Pause Mark End 0.025ms
[3.987s][info][gc,phases   ] GC(0) Concurrent Mark Free 0.002ms
[3.989s][info][gc,phases   ] GC(0) Concurrent Process Non-Strong References 2.304ms
[3.989s][info][gc,phases   ] GC(0) Concurrent Reset Relocation Set 0.001ms
[3.995s][info][gc,phases   ] GC(0) Concurrent Select Relocation Set 5.959ms
[3.996s][info][gc,phases   ] GC(0) Pause Relocate Start 0.017ms
[4.000s][info][gc,phases   ] GC(0) Concurrent Relocate 4.208ms
[4.000s][info][gc,load     ] GC(0) Load: 0.00/0.00/0.00
[4.000s][info][gc,mmu      ] GC(0) MMU: 2ms/98.7%, 5ms/99.5%, 10ms/99.6%, 20ms/99.8%, 50ms/99.9%, 100ms/99.9%
[4.000s][info][gc,marking  ] GC(0) Mark: 2 stripe(s), 2 proactive flush(es), 1 terminate flush(es), 0 completion(s), 0 continuation(s) 
[4.000s][info][gc,marking  ] GC(0) Mark Stack Usage: 32M
[4.000s][info][gc,nmethod  ] GC(0) NMethods: 1521 registered, 261 unregistered
[4.000s][info][gc,metaspace] GC(0) Metaspace: 21M used, 21M committed, 1088M reserved
[4.000s][info][gc,ref      ] GC(0) Soft: 3350 encountered, 0 discovered, 0 enqueued
[4.000s][info][gc,ref      ] GC(0) Weak: 1330 encountered, 787 discovered, 406 enqueued
[4.000s][info][gc,ref      ] GC(0) Final: 0 encountered, 0 discovered, 0 enqueued
[4.000s][info][gc,ref      ] GC(0) Phantom: 557 encountered, 487 discovered, 305 enqueued
[4.000s][info][gc,reloc    ] GC(0) Small Pages: 45 / 90M, Empty: 0M, Relocated: 6M, In-Place: 0
[4.000s][info][gc,reloc    ] GC(0) Medium Pages: 0 / 0M, Empty: 0M, Relocated: 0M, In-Place: 0
[4.000s][info][gc,reloc    ] GC(0) Large Pages: 0 / 0M, Empty: 0M, Relocated: 0M, In-Place: 0
[4.000s][info][gc,reloc    ] GC(0) Forwarding Usage: 2M
[4.000s][info][gc,heap     ] GC(0) Min Capacity: 4096M(100%)
[4.000s][info][gc,heap     ] GC(0) Max Capacity: 4096M(100%)
[4.000s][info][gc,heap     ] GC(0) Soft Max Capacity: 4096M(100%)
[4.000s][info][gc,heap     ] GC(0)                Mark Start          Mark End        Relocate Start      Relocate End           High               Low         
[4.000s][info][gc,heap     ] GC(0)  Capacity:     4096M (100%)       4096M (100%)       4096M (100%)       4096M (100%)       4096M (100%)       4096M (100%)   
[4.000s][info][gc,heap     ] GC(0)      Free:     4006M (98%)        4004M (98%)        4000M (98%)        4074M (99%)        4074M (99%)        3994M (98%)    
[4.000s][info][gc,heap     ] GC(0)      Used:       90M (2%)           92M (2%)           96M (2%)           22M (1%)          102M (2%)           22M (1%)     
[4.000s][info][gc,heap     ] GC(0)      Live:         -                 9M (0%)            9M (0%)            9M (0%)             -                  -          
[4.000s][info][gc,heap     ] GC(0) Allocated:         -                 2M (0%)            6M (0%)            9M (0%)             -                  -          
[4.000s][info][gc,heap     ] GC(0)   Garbage:         -                80M (2%)           80M (2%)            3M (0%)             -                  -          
[4.000s][info][gc,heap     ] GC(0) Reclaimed:         -                  -                 0M (0%)           77M (2%)             -                  -          
[4.000s][info][gc          ] GC(0) Garbage Collection (Metadata GC Threshold) 90M(2%)->22M(1%)
[4.682s][info][gc,start    ] GC(1) Garbage Collection (System.gc())
[4.682s][info][gc,task     ] GC(1) Using 2 workers
[4.683s][info][gc,phases   ] GC(1) Pause Mark Start 0.010ms
[4.706s][info][gc,phases   ] GC(1) Concurrent Mark 23.446ms
[4.706s][info][gc,phases   ] GC(1) Pause Mark End 0.021ms
[4.706s][info][gc,phases   ] GC(1) Concurrent Mark Free 0.001ms
[4.711s][info][gc,phases   ] GC(1) Concurrent Process Non-Strong References 4.123ms
[4.711s][info][gc,phases   ] GC(1) Concurrent Reset Relocation Set 0.003ms
[4.713s][info][gc,phases   ] GC(1) Concurrent Select Relocation Set 2.704ms
[4.713s][info][gc,phases   ] GC(1) Pause Relocate Start 0.012ms
[4.719s][info][gc,phases   ] GC(1) Concurrent Relocate 5.848ms
[4.719s][info][gc,load     ] GC(1) Load: 0.00/0.00/0.00
[4.719s][info][gc,mmu      ] GC(1) MMU: 2ms/98.7%, 5ms/99.5%, 10ms/99.6%, 20ms/99.8%, 50ms/99.9%, 100ms/99.9%
[4.719s][info][gc,marking  ] GC(1) Mark: 2 stripe(s), 2 proactive flush(es), 1 terminate flush(es), 0 completion(s), 0 continuation(s) 
[4.719s][info][gc,marking  ] GC(1) Mark Stack Usage: 32M
[4.719s][info][gc,nmethod  ] GC(1) NMethods: 2344 registered, 396 unregistered
[4.719s][info][gc,metaspace] GC(1) Metaspace: 33M used, 34M committed, 1088M reserved
[4.719s][info][gc,ref      ] GC(1) Soft: 3642 encountered, 0 discovered, 0 enqueued
[4.719s][info][gc,ref      ] GC(1) Weak: 2678 encountered, 2009 discovered, 584 enqueued
[4.719s][info][gc,ref      ] GC(1) Final: 25 encountered, 0 discovered, 0 enqueued
[4.719s][info][gc,ref      ] GC(1) Phantom: 693 encountered, 604 discovered, 435 enqueued
[4.719s][info][gc,reloc    ] GC(1) Small Pages: 33 / 66M, Empty: 2M, Relocated: 8M, In-Place: 0
[4.719s][info][gc,reloc    ] GC(1) Medium Pages: 0 / 0M, Empty: 0M, Relocated: 0M, In-Place: 0
[4.719s][info][gc,reloc    ] GC(1) Large Pages: 0 / 0M, Empty: 0M, Relocated: 0M, In-Place: 0
[4.720s][info][gc,reloc    ] GC(1) Forwarding Usage: 2M
[4.720s][info][gc,heap     ] GC(1) Min Capacity: 4096M(100%)
[4.720s][info][gc,heap     ] GC(1) Max Capacity: 4096M(100%)
[4.720s][info][gc,heap     ] GC(1) Soft Max Capacity: 4096M(100%)
[4.720s][info][gc,heap     ] GC(1)                Mark Start          Mark End        Relocate Start      Relocate End           High               Low         
[4.720s][info][gc,heap     ] GC(1)  Capacity:     4096M (100%)       4096M (100%)       4096M (100%)       4096M (100%)       4096M (100%)       4096M (100%)   
[4.720s][info][gc,heap     ] GC(1)      Free:     4030M (98%)        4020M (98%)        4022M (98%)        4066M (99%)        4066M (99%)        4018M (98%)    
[4.720s][info][gc,heap     ] GC(1)      Used:       66M (2%)           76M (2%)           74M (2%)           30M (1%)           78M (2%)           30M (1%)     
[4.720s][info][gc,heap     ] GC(1)      Live:         -                13M (0%)           13M (0%)           13M (0%)             -                  -          
[4.720s][info][gc,heap     ] GC(1) Allocated:         -                10M (0%)           10M (0%)           11M (0%)             -                  -          
[4.720s][info][gc,heap     ] GC(1)   Garbage:         -                52M (1%)           50M (1%)            4M (0%)             -                  -          
[4.720s][info][gc,heap     ] GC(1) Reclaimed:         -                  -                 2M (0%)           47M (1%)             -                  -          
[4.720s][info][gc          ] GC(1) Garbage Collection (System.gc()) 66M(2%)->30M(1%)
[8.198s][info][gc,start    ] GC(2) Garbage Collection (Warmup)
[8.199s][info][gc,task     ] GC(2) Using 2 workers
[8.199s][info][gc,phases   ] GC(2) Pause Mark Start 0.006ms
[8.232s][info][gc,phases   ] GC(2) Concurrent Mark 33.521ms
[8.232s][info][gc,phases   ] GC(2) Pause Mark End 0.019ms
[8.232s][info][gc,phases   ] GC(2) Concurrent Mark Free 0.000ms
[8.254s][info][gc,phases   ] GC(2) Concurrent Process Non-Strong References 21.700ms
[8.254s][info][gc,phases   ] GC(2) Concurrent Reset Relocation Set 0.005ms
[8.256s][info][gc,phases   ] GC(2) Concurrent Select Relocation Set 2.195ms
[8.257s][info][gc,phases   ] GC(2) Pause Relocate Start 0.007ms
[8.261s][info][gc,phases   ] GC(2) Concurrent Relocate 4.704ms
[8.261s][info][gc,load     ] GC(2) Load: 0.00/0.00/0.00
[8.261s][info][gc,mmu      ] GC(2) MMU: 2ms/98.7%, 5ms/99.5%, 10ms/99.6%, 20ms/99.8%, 50ms/99.9%, 100ms/99.9%
[8.261s][info][gc,marking  ] GC(2) Mark: 2 stripe(s), 2 proactive flush(es), 1 terminate flush(es), 0 completion(s), 0 continuation(s) 
[8.261s][info][gc,marking  ] GC(2) Mark Stack Usage: 32M
[8.261s][info][gc,nmethod  ] GC(2) NMethods: 6165 registered, 1069 unregistered
[8.261s][info][gc,metaspace] GC(2) Metaspace: 49M used, 50M committed, 1088M reserved
[8.261s][info][gc,ref      ] GC(2) Soft: 3828 encountered, 0 discovered, 0 enqueued
[8.261s][info][gc,ref      ] GC(2) Weak: 5775 encountered, 3036 discovered, 1785 enqueued
[8.261s][info][gc,ref      ] GC(2) Final: 37 encountered, 17 discovered, 0 enqueued
[8.261s][info][gc,ref      ] GC(2) Phantom: 1989 encountered, 1815 discovered, 1698 enqueued
[8.261s][info][gc,reloc    ] GC(2) Small Pages: 213 / 426M, Empty: 134M, Relocated: 7M, In-Place: 0
[8.261s][info][gc,reloc    ] GC(2) Medium Pages: 0 / 0M, Empty: 0M, Relocated: 0M, In-Place: 0
[8.261s][info][gc,reloc    ] GC(2) Large Pages: 0 / 0M, Empty: 0M, Relocated: 0M, In-Place: 0
[8.261s][info][gc,reloc    ] GC(2) Forwarding Usage: 2M
[8.261s][info][gc,heap     ] GC(2) Min Capacity: 4096M(100%)
[8.262s][info][gc,heap     ] GC(2) Max Capacity: 4096M(100%)
[8.262s][info][gc,heap     ] GC(2) Soft Max Capacity: 4096M(100%)
[8.262s][info][gc,heap     ] GC(2)                Mark Start          Mark End        Relocate Start      Relocate End           High               Low         
[8.262s][info][gc,heap     ] GC(2)  Capacity:     4096M (100%)       4096M (100%)       4096M (100%)       4096M (100%)       4096M (100%)       4096M (100%)   
[8.262s][info][gc,heap     ] GC(2)      Free:     3670M (90%)        3658M (89%)        3792M (93%)        4060M (99%)        4060M (99%)        3658M (89%)    
[8.262s][info][gc,heap     ] GC(2)      Used:      426M (10%)         438M (11%)         304M (7%)           36M (1%)          438M (11%)          36M (1%)     
[8.262s][info][gc,heap     ] GC(2)      Live:         -                20M (1%)           20M (1%)           20M (1%)             -                  -          
[8.262s][info][gc,heap     ] GC(2) Allocated:         -                12M (0%)           12M (0%)           13M (0%)             -                  -          
[8.262s][info][gc,heap     ] GC(2)   Garbage:         -               405M (10%)         271M (7%)            1M (0%)             -                  -          
[8.262s][info][gc,heap     ] GC(2) Reclaimed:         -                  -               134M (3%)          403M (10%)            -                  -          
[8.262s][info][gc          ] GC(2) Garbage Collection (Warmup) 426M(10%)->36M(1%)
[10.198s][info][gc,stats    ] === Garbage Collection Statistics =======================================================================================================================
[10.198s][info][gc,stats    ]                                                              Last 10s              Last 10m              Last 10h                Total
[10.198s][info][gc,stats    ]                                                              Avg / Max             Avg / Max             Avg / Max             Avg / Max
[10.198s][info][gc,stats    ]   Collector: Garbage Collection Cycle                     44.634 / 62.948       44.634 / 62.948       44.634 / 62.948       44.634 / 62.948      ms
[10.198s][info][gc,stats    ]  Contention: Mark Segment Reset Contention                     0 / 0                 0 / 0                 0 / 0                 0 / 0           ops/s
[10.198s][info][gc,stats    ]  Contention: Mark SeqNum Reset Contention                      0 / 0                 0 / 0                 0 / 0                 0 / 0           ops/s
[10.198s][info][gc,stats    ]    Critical: Allocation Stall                                  0 / 0                 0 / 0                 0 / 0                 0 / 0           ops/s
[10.198s][info][gc,stats    ]    Critical: Allocation Stall                              0.000 / 0.000         0.000 / 0.000         0.000 / 0.000         0.000 / 0.000       ms
[10.198s][info][gc,stats    ]    Critical: GC Locker Stall                                   0 / 0                 0 / 0                 0 / 0                 0 / 0           ops/s
[10.198s][info][gc,stats    ]    Critical: GC Locker Stall                               0.000 / 0.000         0.000 / 0.000         0.000 / 0.000         0.000 / 0.000       ms
[10.198s][info][gc,stats    ]    Critical: Relocation Stall                                  0 / 0                 0 / 0                 0 / 0                 0 / 0           ops/s
[10.198s][info][gc,stats    ]    Critical: Relocation Stall                              0.000 / 0.000         0.000 / 0.000         0.000 / 0.000         0.000 / 0.000       ms
[10.198s][info][gc,stats    ]      Memory: Allocation Rate                                 116 / 370             116 / 370             116 / 370             116 / 370         MB/s
[10.198s][info][gc,stats    ]      Memory: Defragment                                        0 / 0                 0 / 0                 0 / 0                 0 / 0           ops/s
[10.198s][info][gc,stats    ]      Memory: Out Of Memory                                     0 / 0                 0 / 0                 0 / 0                 0 / 0           ops/s
[10.198s][info][gc,stats    ]      Memory: Page Cache Flush                                  0 / 0                 0 / 0                 0 / 0                 0 / 0           MB/s
[10.198s][info][gc,stats    ]      Memory: Page Cache Hit L1                                27 / 118              27 / 118              27 / 118              27 / 118         ops/s
[10.198s][info][gc,stats    ]      Memory: Page Cache Hit L2                                 0 / 0                 0 / 0                 0 / 0                 0 / 0           ops/s
[10.198s][info][gc,stats    ]      Memory: Page Cache Hit L3                                31 / 97               31 / 97               31 / 97               31 / 97          ops/s
[10.198s][info][gc,stats    ]      Memory: Page Cache Miss                                   0 / 1                 0 / 1                 0 / 1                 0 / 1           ops/s
[10.198s][info][gc,stats    ]      Memory: Uncommit                                          0 / 0                 0 / 0                 0 / 0                 0 / 0           MB/s
[10.198s][info][gc,stats    ]      Memory: Undo Object Allocation Failed                     0 / 0                 0 / 0                 0 / 0                 0 / 0           ops/s
[10.198s][info][gc,stats    ]      Memory: Undo Object Allocation Succeeded                  6 / 42                6 / 42                6 / 42                6 / 42          ops/s
[10.198s][info][gc,stats    ]      Memory: Undo Page Allocation                              0 / 0                 0 / 0                 0 / 0                 0 / 0           ops/s
[10.198s][info][gc,stats    ]       Phase: Concurrent Mark                              25.548 / 33.521       25.548 / 33.521       25.548 / 33.521       25.548 / 33.521      ms
[10.198s][info][gc,stats    ]       Phase: Concurrent Mark Continue                      0.000 / 0.000         0.000 / 0.000         0.000 / 0.000         0.000 / 0.000       ms
[10.198s][info][gc,stats    ]       Phase: Concurrent Mark Free                          0.001 / 0.002         0.001 / 0.002         0.001 / 0.002         0.001 / 0.002       ms
[10.198s][info][gc,stats    ]       Phase: Concurrent Process Non-Strong References      9.376 / 21.700        9.376 / 21.700        9.376 / 21.700        9.376 / 21.700      ms
[10.198s][info][gc,stats    ]       Phase: Concurrent Relocate                           4.920 / 5.848         4.920 / 5.848         4.920 / 5.848         4.920 / 5.848       ms
[10.198s][info][gc,stats    ]       Phase: Concurrent Reset Relocation Set               0.003 / 0.005         0.003 / 0.005         0.003 / 0.005         0.003 / 0.005       ms
[10.198s][info][gc,stats    ]       Phase: Concurrent Select Relocation Set              3.619 / 5.959         3.619 / 5.959         3.619 / 5.959         3.619 / 5.959       ms
[10.198s][info][gc,stats    ]       Phase: Pause Mark End                                0.022 / 0.025         0.022 / 0.025         0.022 / 0.025         0.022 / 0.025       ms
[10.198s][info][gc,stats    ]       Phase: Pause Mark Start                              0.012 / 0.022         0.012 / 0.022         0.012 / 0.022         0.012 / 0.022       ms
[10.198s][info][gc,stats    ]       Phase: Pause Relocate Start                          0.012 / 0.017         0.012 / 0.017         0.012 / 0.017         0.012 / 0.017       ms
[10.198s][info][gc,stats    ]    Subphase: Concurrent Classes Purge                      0.860 / 1.921         0.860 / 1.921         0.860 / 1.921         0.860 / 1.921       ms
[10.198s][info][gc,stats    ]    Subphase: Concurrent Classes Unlink                     6.488 / 15.207        6.488 / 15.207        6.488 / 15.207        6.488 / 15.207      ms
[10.198s][info][gc,stats    ]    Subphase: Concurrent Mark                              21.885 / 31.441       21.885 / 31.441       21.885 / 31.441       21.885 / 31.441      ms
[10.198s][info][gc,stats    ]    Subphase: Concurrent Mark Try Flush                     0.118 / 0.430         0.118 / 0.430         0.118 / 0.430         0.118 / 0.430       ms
[10.198s][info][gc,stats    ]    Subphase: Concurrent Mark Try Terminate                 1.870 / 9.226         1.870 / 9.226         1.870 / 9.226         1.870 / 9.226       ms
[10.198s][info][gc,stats    ]    Subphase: Concurrent References Enqueue                 0.007 / 0.010         0.007 / 0.010         0.007 / 0.010         0.007 / 0.010       ms
[10.198s][info][gc,stats    ]    Subphase: Concurrent References Process                 0.433 / 0.844         0.433 / 0.844         0.433 / 0.844         0.433 / 0.844       ms
[10.198s][info][gc,stats    ]    Subphase: Concurrent Roots ClassLoaderDataGraph         0.127 / 0.281         0.127 / 0.281         0.127 / 0.281         0.127 / 0.281       ms
[10.198s][info][gc,stats    ]    Subphase: Concurrent Roots CodeCache                    0.000 / 0.000         0.000 / 0.000         0.000 / 0.000         0.000 / 0.000       ms
[10.198s][info][gc,stats    ]    Subphase: Concurrent Roots JavaThreads                  1.018 / 1.924         1.018 / 1.924         1.018 / 1.924         1.018 / 1.924       ms
[10.198s][info][gc,stats    ]    Subphase: Concurrent Roots OopStorageSet                0.055 / 0.106         0.055 / 0.106         0.055 / 0.106         0.055 / 0.106       ms
[10.198s][info][gc,stats    ]    Subphase: Concurrent Weak Roots OopStorageSet           0.522 / 1.078         0.522 / 1.078         0.522 / 1.078         0.522 / 1.078       ms
[10.198s][info][gc,stats    ]    Subphase: Pause Mark Try Complete                       0.000 / 0.000         0.000 / 0.000         0.000 / 0.000         0.000 / 0.000       ms
[10.198s][info][gc,stats    ]      System: Java Threads                                     22 / 36               22 / 36               22 / 36               22 / 36          threads
[10.198s][info][gc,stats    ] =========================================================================================================================================================
[10.499s][info][gc,start    ] GC(3) Garbage Collection (Warmup)
[10.499s][info][gc,task     ] GC(3) Using 2 workers
[10.499s][info][gc,phases   ] GC(3) Pause Mark Start 0.008ms
[10.525s][info][gc,phases   ] GC(3) Concurrent Mark 26.217ms
[10.525s][info][gc,phases   ] GC(3) Pause Mark End 0.019ms
[10.526s][info][gc,phases   ] GC(3) Concurrent Mark Free 0.001ms
[10.534s][info][gc,phases   ] GC(3) Concurrent Process Non-Strong References 8.116ms
[10.534s][info][gc,phases   ] GC(3) Concurrent Reset Relocation Set 0.010ms
[10.537s][info][gc,phases   ] GC(3) Concurrent Select Relocation Set 3.223ms
[10.537s][info][gc,phases   ] GC(3) Pause Relocate Start 0.009ms
[10.539s][info][gc,phases   ] GC(3) Concurrent Relocate 2.148ms
[10.539s][info][gc,load     ] GC(3) Load: 0.00/0.00/0.00
[10.539s][info][gc,mmu      ] GC(3) MMU: 2ms/98.7%, 5ms/99.5%, 10ms/99.6%, 20ms/99.8%, 50ms/99.9%, 100ms/99.9%
[10.539s][info][gc,marking  ] GC(3) Mark: 2 stripe(s), 2 proactive flush(es), 1 terminate flush(es), 0 completion(s), 0 continuation(s) 
[10.539s][info][gc,marking  ] GC(3) Mark Stack Usage: 32M
[10.539s][info][gc,nmethod  ] GC(3) NMethods: 6218 registered, 1585 unregistered
[10.539s][info][gc,metaspace] GC(3) Metaspace: 49M used, 50M committed, 1088M reserved
[10.539s][info][gc,ref      ] GC(3) Soft: 3828 encountered, 0 discovered, 0 enqueued
[10.539s][info][gc,ref      ] GC(3) Weak: 3994 encountered, 375 discovered, 1 enqueued
[10.539s][info][gc,ref      ] GC(3) Final: 37 encountered, 0 discovered, 0 enqueued
[10.540s][info][gc,ref      ] GC(3) Phantom: 292 encountered, 134 discovered, 1 enqueued
[10.540s][info][gc,reloc    ] GC(3) Small Pages: 421 / 842M, Empty: 554M, Relocated: 3M, In-Place: 0
[10.540s][info][gc,reloc    ] GC(3) Medium Pages: 0 / 0M, Empty: 0M, Relocated: 0M, In-Place: 0
[10.540s][info][gc,reloc    ] GC(3) Large Pages: 0 / 0M, Empty: 0M, Relocated: 0M, In-Place: 0
[10.540s][info][gc,reloc    ] GC(3) Forwarding Usage: 0M
[10.540s][info][gc,heap     ] GC(3) Min Capacity: 4096M(100%)
[10.540s][info][gc,heap     ] GC(3) Max Capacity: 4096M(100%)
[10.540s][info][gc,heap     ] GC(3) Soft Max Capacity: 4096M(100%)
[10.540s][info][gc,heap     ] GC(3)                Mark Start          Mark End        Relocate Start      Relocate End           High               Low         
[10.540s][info][gc,heap     ] GC(3)  Capacity:     4096M (100%)       4096M (100%)       4096M (100%)       4096M (100%)       4096M (100%)       4096M (100%)   
[10.540s][info][gc,heap     ] GC(3)      Free:     3254M (79%)        3236M (79%)        3784M (92%)        4050M (99%)        4050M (99%)        3230M (79%)    
[10.540s][info][gc,heap     ] GC(3)      Used:      842M (21%)         860M (21%)         312M (8%)           46M (1%)          866M (21%)          46M (1%)     
[10.540s][info][gc,heap     ] GC(3)      Live:         -                20M (0%)           20M (0%)           20M (0%)             -                  -          
[10.540s][info][gc,heap     ] GC(3) Allocated:         -                18M (0%)           24M (1%)           23M (1%)             -                  -          
[10.540s][info][gc,heap     ] GC(3)   Garbage:         -               821M (20%)         267M (7%)            1M (0%)             -                  -          
[10.540s][info][gc,heap     ] GC(3) Reclaimed:         -                  -               554M (14%)         819M (20%)            -                  -          
[10.540s][info][gc          ] GC(3) Garbage Collection (Warmup) 842M(21%)->46M(1%)
[11.702s][info][gc,start    ] GC(4) Garbage Collection (Warmup)
[11.702s][info][gc,task     ] GC(4) Using 2 workers
[11.702s][info][gc,phases   ] GC(4) Pause Mark Start 0.009ms
[11.722s][info][gc,phases   ] GC(4) Concurrent Mark 19.841ms
[11.722s][info][gc,phases   ] GC(4) Pause Mark End 0.017ms
[11.722s][info][gc,phases   ] GC(4) Concurrent Mark Free 0.001ms
[11.728s][info][gc,phases   ] GC(4) Concurrent Process Non-Strong References 6.354ms
[11.728s][info][gc,phases   ] GC(4) Concurrent Reset Relocation Set 0.007ms
[11.730s][info][gc,phases   ] GC(4) Concurrent Select Relocation Set 2.051ms
[11.730s][info][gc,phases   ] GC(4) Pause Relocate Start 0.010ms
[11.731s][info][gc,phases   ] GC(4) Concurrent Relocate 0.440ms
[11.731s][info][gc,load     ] GC(4) Load: 0.00/0.00/0.00
[11.731s][info][gc,mmu      ] GC(4) MMU: 2ms/98.7%, 5ms/99.5%, 10ms/99.6%, 20ms/99.8%, 50ms/99.9%, 100ms/99.9%
[11.731s][info][gc,marking  ] GC(4) Mark: 2 stripe(s), 2 proactive flush(es), 1 terminate flush(es), 0 completion(s), 0 continuation(s) 
[11.731s][info][gc,marking  ] GC(4) Mark Stack Usage: 32M
[11.731s][info][gc,nmethod  ] GC(4) NMethods: 6228 registered, 1612 unregistered
[11.731s][info][gc,metaspace] GC(4) Metaspace: 49M used, 50M committed, 1088M reserved
[11.731s][info][gc,ref      ] GC(4) Soft: 3828 encountered, 0 discovered, 0 enqueued
[11.731s][info][gc,ref      ] GC(4) Weak: 3993 encountered, 418 discovered, 0 enqueued
[11.731s][info][gc,ref      ] GC(4) Final: 37 encountered, 4 discovered, 0 enqueued
[11.731s][info][gc,ref      ] GC(4) Phantom: 291 encountered, 248 discovered, 0 enqueued
[11.731s][info][gc,reloc    ] GC(4) Small Pages: 618 / 1236M, Empty: 1122M, Relocated: 0M, In-Place: 0
[11.731s][info][gc,reloc    ] GC(4) Medium Pages: 0 / 0M, Empty: 0M, Relocated: 0M, In-Place: 0
[11.731s][info][gc,reloc    ] GC(4) Large Pages: 0 / 0M, Empty: 0M, Relocated: 0M, In-Place: 0
[11.731s][info][gc,reloc    ] GC(4) Forwarding Usage: 0M
[11.731s][info][gc,heap     ] GC(4) Min Capacity: 4096M(100%)
[11.731s][info][gc,heap     ] GC(4) Max Capacity: 4096M(100%)
[11.731s][info][gc,heap     ] GC(4) Soft Max Capacity: 4096M(100%)
[11.731s][info][gc,heap     ] GC(4)                Mark Start          Mark End        Relocate Start      Relocate End           High               Low         
[11.731s][info][gc,heap     ] GC(4)  Capacity:     4096M (100%)       4096M (100%)       4096M (100%)       4096M (100%)       4096M (100%)       4096M (100%)   
[11.731s][info][gc,heap     ] GC(4)      Free:     2860M (70%)        2840M (69%)        3958M (97%)        4042M (99%)        4042M (99%)        2836M (69%)    
[11.731s][info][gc,heap     ] GC(4)      Used:     1236M (30%)        1256M (31%)         138M (3%)           54M (1%)         1260M (31%)          54M (1%)     
[11.731s][info][gc,heap     ] GC(4)      Live:         -                20M (0%)           20M (0%)           20M (0%)             -                  -          
[11.731s][info][gc,heap     ] GC(4) Allocated:         -                20M (0%)           24M (1%)           27M (1%)             -                  -          
[11.731s][info][gc,heap     ] GC(4)   Garbage:         -              1215M (30%)          93M (2%)            5M (0%)             -                  -          
[11.731s][info][gc,heap     ] GC(4) Reclaimed:         -                  -              1122M (27%)        1209M (30%)            -                  -          
[11.731s][info][gc          ] GC(4) Garbage Collection (Warmup) 1236M(30%)->54M(1%)
[13.322s][info][gc,start    ] GC(5) Garbage Collection (System.gc())
[13.322s][info][gc,task     ] GC(5) Using 2 workers
[13.322s][info][gc,phases   ] GC(5) Pause Mark Start 0.008ms
[13.341s][info][gc,phases   ] GC(5) Concurrent Mark 19.549ms
[13.341s][info][gc,phases   ] GC(5) Pause Mark End 0.010ms
[13.341s][info][gc,phases   ] GC(5) Concurrent Mark Free 0.001ms
[13.347s][info][gc,phases   ] GC(5) Concurrent Process Non-Strong References 5.813ms
[13.347s][info][gc,phases   ] GC(5) Concurrent Reset Relocation Set 0.004ms
[13.349s][info][gc,phases   ] GC(5) Concurrent Select Relocation Set 1.757ms
[13.349s][info][gc,phases   ] GC(5) Pause Relocate Start 0.006ms
[13.349s][info][gc,phases   ] GC(5) Concurrent Relocate 0.222ms
[13.349s][info][gc,load     ] GC(5) Load: 0.00/0.00/0.00
[13.349s][info][gc,mmu      ] GC(5) MMU: 2ms/98.7%, 5ms/99.5%, 10ms/99.6%, 20ms/99.8%, 50ms/99.9%, 100ms/99.9%
[13.350s][info][gc,marking  ] GC(5) Mark: 2 stripe(s), 2 proactive flush(es), 1 terminate flush(es), 0 completion(s), 0 continuation(s) 
[13.350s][info][gc,marking  ] GC(5) Mark Stack Usage: 32M
[13.350s][info][gc,nmethod  ] GC(5) NMethods: 6418 registered, 1708 unregistered
[13.350s][info][gc,metaspace] GC(5) Metaspace: 49M used, 50M committed, 1088M reserved
[13.350s][info][gc,ref      ] GC(5) Soft: 3833 encountered, 0 discovered, 0 enqueued
[13.350s][info][gc,ref      ] GC(5) Weak: 3944 encountered, 801 discovered, 68 enqueued
[13.350s][info][gc,ref      ] GC(5) Final: 37 encountered, 4 discovered, 0 enqueued
[13.350s][info][gc,ref      ] GC(5) Phantom: 313 encountered, 256 discovered, 22 enqueued
[13.350s][info][gc,reloc    ] GC(5) Small Pages: 744 / 1488M, Empty: 1346M, Relocated: 0M, In-Place: 0
[13.350s][info][gc,reloc    ] GC(5) Medium Pages: 0 / 0M, Empty: 0M, Relocated: 0M, In-Place: 0
[13.350s][info][gc,reloc    ] GC(5) Large Pages: 0 / 0M, Empty: 0M, Relocated: 0M, In-Place: 0
[13.350s][info][gc,reloc    ] GC(5) Forwarding Usage: 0M
[13.350s][info][gc,heap     ] GC(5) Min Capacity: 4096M(100%)
[13.350s][info][gc,heap     ] GC(5) Max Capacity: 4096M(100%)
[13.350s][info][gc,heap     ] GC(5) Soft Max Capacity: 4096M(100%)
[13.350s][info][gc,heap     ] GC(5)                Mark Start          Mark End        Relocate Start      Relocate End           High               Low         
[13.350s][info][gc,heap     ] GC(5)  Capacity:     4096M (100%)       4096M (100%)       4096M (100%)       4096M (100%)       4096M (100%)       4096M (100%)   
[13.350s][info][gc,heap     ] GC(5)      Free:     2608M (64%)        2596M (63%)        3942M (96%)        4058M (99%)        4058M (99%)        2596M (63%)    
[13.350s][info][gc,heap     ] GC(5)      Used:     1488M (36%)        1500M (37%)         154M (4%)           38M (1%)         1500M (37%)          38M (1%)     
[13.350s][info][gc,heap     ] GC(5)      Live:         -                19M (0%)           19M (0%)           19M (0%)             -                  -          
[13.350s][info][gc,heap     ] GC(5) Allocated:         -                12M (0%)           12M (0%)           12M (0%)             -                  -          
[13.350s][info][gc,heap     ] GC(5)   Garbage:         -              1468M (36%)         122M (3%)            6M (0%)             -                  -          
[13.350s][info][gc,heap     ] GC(5) Reclaimed:         -                  -              1346M (33%)        1462M (36%)            -                  -          
[13.350s][info][gc          ] GC(5) Garbage Collection (System.gc()) 1488M(36%)->38M(1%)
[15.802s][info][gc,start    ] GC(6) Garbage Collection (Proactive)
[15.802s][info][gc,task     ] GC(6) Using 2 workers
[15.802s][info][gc,phases   ] GC(6) Pause Mark Start 0.008ms
[15.819s][info][gc,phases   ] GC(6) Concurrent Mark 17.584ms
[15.819s][info][gc,phases   ] GC(6) Pause Mark End 0.020ms
[15.820s][info][gc,phases   ] GC(6) Concurrent Mark Free 0.001ms
[15.827s][info][gc,phases   ] GC(6) Concurrent Process Non-Strong References 7.787ms
[15.827s][info][gc,phases   ] GC(6) Concurrent Reset Relocation Set 0.004ms
[15.829s][info][gc,phases   ] GC(6) Concurrent Select Relocation Set 2.086ms
[15.830s][info][gc,phases   ] GC(6) Pause Relocate Start 0.007ms
[15.831s][info][gc,phases   ] GC(6) Concurrent Relocate 0.897ms
[15.831s][info][gc,load     ] GC(6) Load: 0.00/0.00/0.00
[15.831s][info][gc,mmu      ] GC(6) MMU: 2ms/98.7%, 5ms/99.5%, 10ms/99.6%, 20ms/99.8%, 50ms/99.9%, 100ms/99.9%
[15.831s][info][gc,marking  ] GC(6) Mark: 2 stripe(s), 2 proactive flush(es), 1 terminate flush(es), 0 completion(s), 0 continuation(s) 
[15.831s][info][gc,marking  ] GC(6) Mark Stack Usage: 32M
[15.831s][info][gc,nmethod  ] GC(6) NMethods: 6487 registered, 2069 unregistered
[15.831s][info][gc,metaspace] GC(6) Metaspace: 50M used, 50M committed, 1088M reserved
[15.831s][info][gc,ref      ] GC(6) Soft: 3838 encountered, 0 discovered, 0 enqueued
[15.831s][info][gc,ref      ] GC(6) Weak: 4137 encountered, 486 discovered, 60 enqueued
[15.831s][info][gc,ref      ] GC(6) Final: 37 encountered, 0 discovered, 0 enqueued
[15.831s][info][gc,ref      ] GC(6) Phantom: 334 encountered, 278 discovered, 43 enqueued
[15.831s][info][gc,reloc    ] GC(6) Small Pages: 728 / 1456M, Empty: 1294M, Relocated: 0M, In-Place: 0
[15.831s][info][gc,reloc    ] GC(6) Medium Pages: 0 / 0M, Empty: 0M, Relocated: 0M, In-Place: 0
[15.831s][info][gc,reloc    ] GC(6) Large Pages: 0 / 0M, Empty: 0M, Relocated: 0M, In-Place: 0
[15.831s][info][gc,reloc    ] GC(6) Forwarding Usage: 0M
[15.831s][info][gc,heap     ] GC(6) Min Capacity: 4096M(100%)
[15.831s][info][gc,heap     ] GC(6) Max Capacity: 4096M(100%)
[15.831s][info][gc,heap     ] GC(6) Soft Max Capacity: 4096M(100%)
[15.831s][info][gc,heap     ] GC(6)                Mark Start          Mark End        Relocate Start      Relocate End           High               Low         
[15.831s][info][gc,heap     ] GC(6)  Capacity:     4096M (100%)       4096M (100%)       4096M (100%)       4096M (100%)       4096M (100%)       4096M (100%)   
[15.831s][info][gc,heap     ] GC(6)      Free:     2640M (64%)        2622M (64%)        3908M (95%)        4044M (99%)        4044M (99%)        2616M (64%)    
[15.831s][info][gc,heap     ] GC(6)      Used:     1456M (36%)        1474M (36%)         188M (5%)           52M (1%)         1480M (36%)          52M (1%)     
[15.831s][info][gc,heap     ] GC(6)      Live:         -                20M (0%)           20M (0%)           20M (0%)             -                  -          
[15.831s][info][gc,heap     ] GC(6) Allocated:         -                18M (0%)           26M (1%)           25M (1%)             -                  -          
[15.831s][info][gc,heap     ] GC(6)   Garbage:         -              1435M (35%)         141M (3%)            5M (0%)             -                  -          
[15.831s][info][gc,heap     ] GC(6) Reclaimed:         -                  -              1294M (32%)        1429M (35%)            -                  -          
[15.831s][info][gc          ] GC(6) Garbage Collection (Proactive) 1456M(36%)->52M(1%)
[17.801s][info][gc,start    ] GC(7) Garbage Collection (Proactive)
[17.802s][info][gc,task     ] GC(7) Using 2 workers
[17.802s][info][gc,phases   ] GC(7) Pause Mark Start 0.009ms
[17.820s][info][gc,phases   ] GC(7) Concurrent Mark 17.797ms
[17.820s][info][gc,phases   ] GC(7) Pause Mark End 0.016ms
[17.820s][info][gc,phases   ] GC(7) Concurrent Mark Free 0.001ms
[17.826s][info][gc,phases   ] GC(7) Concurrent Process Non-Strong References 6.173ms
[17.826s][info][gc,phases   ] GC(7) Concurrent Reset Relocation Set 0.005ms
[17.828s][info][gc,phases   ] GC(7) Concurrent Select Relocation Set 2.244ms
[17.828s][info][gc,phases   ] GC(7) Pause Relocate Start 0.011ms
[17.829s][info][gc,phases   ] GC(7) Concurrent Relocate 0.872ms
[17.829s][info][gc,load     ] GC(7) Load: 0.00/0.00/0.00
[17.829s][info][gc,mmu      ] GC(7) MMU: 2ms/98.7%, 5ms/99.5%, 10ms/99.6%, 20ms/99.8%, 50ms/99.9%, 100ms/99.9%
[17.829s][info][gc,marking  ] GC(7) Mark: 2 stripe(s), 2 proactive flush(es), 1 terminate flush(es), 0 completion(s), 0 continuation(s) 
[17.829s][info][gc,marking  ] GC(7) Mark Stack Usage: 32M
[17.829s][info][gc,nmethod  ] GC(7) NMethods: 6488 registered, 2080 unregistered
[17.829s][info][gc,metaspace] GC(7) Metaspace: 50M used, 50M committed, 1088M reserved
[17.829s][info][gc,ref      ] GC(7) Soft: 3838 encountered, 0 discovered, 0 enqueued
[17.829s][info][gc,ref      ] GC(7) Weak: 4077 encountered, 496 discovered, 0 enqueued
[17.829s][info][gc,ref      ] GC(7) Final: 37 encountered, 0 discovered, 0 enqueued
[17.829s][info][gc,ref      ] GC(7) Phantom: 291 encountered, 236 discovered, 0 enqueued
[17.829s][info][gc,reloc    ] GC(7) Small Pages: 1056 / 2112M, Empty: 1994M, Relocated: 0M, In-Place: 0
[17.829s][info][gc,reloc    ] GC(7) Medium Pages: 0 / 0M, Empty: 0M, Relocated: 0M, In-Place: 0
[17.829s][info][gc,reloc    ] GC(7) Large Pages: 0 / 0M, Empty: 0M, Relocated: 0M, In-Place: 0
[17.829s][info][gc,reloc    ] GC(7) Forwarding Usage: 0M
[17.829s][info][gc,heap     ] GC(7) Min Capacity: 4096M(100%)
[17.829s][info][gc,heap     ] GC(7) Max Capacity: 4096M(100%)
[17.829s][info][gc,heap     ] GC(7) Soft Max Capacity: 4096M(100%)
[17.829s][info][gc,heap     ] GC(7)                Mark Start          Mark End        Relocate Start      Relocate End           High               Low         
[17.829s][info][gc,heap     ] GC(7)  Capacity:     4096M (100%)       4096M (100%)       4096M (100%)       4096M (100%)       4096M (100%)       4096M (100%)   
[17.829s][info][gc,heap     ] GC(7)      Free:     1984M (48%)        1966M (48%)        3954M (97%)        4042M (99%)        4042M (99%)        1962M (48%)    
[17.829s][info][gc,heap     ] GC(7)      Used:     2112M (52%)        2130M (52%)         142M (3%)           54M (1%)         2134M (52%)          54M (1%)     
[17.830s][info][gc,heap     ] GC(7)      Live:         -                20M (0%)           20M (0%)           20M (0%)             -                  -          
[17.830s][info][gc,heap     ] GC(7) Allocated:         -                18M (0%)           24M (1%)           27M (1%)             -                  -          
[17.830s][info][gc,heap     ] GC(7)   Garbage:         -              2091M (51%)          97M (2%)            5M (0%)             -                  -          
[17.830s][info][gc,heap     ] GC(7) Reclaimed:         -                  -              1994M (49%)        2085M (51%)            -                  -          
[17.830s][info][gc          ] GC(7) Garbage Collection (Proactive) 2112M(52%)->54M(1%)
[18.139s][info][gc,start    ] GC(8) Garbage Collection (System.gc())
[18.139s][info][gc,task     ] GC(8) Using 2 workers
[18.139s][info][gc,phases   ] GC(8) Pause Mark Start 0.010ms
[18.166s][info][gc,phases   ] GC(8) Concurrent Mark 27.065ms
[18.166s][info][gc,phases   ] GC(8) Pause Mark End 0.020ms
[18.167s][info][gc,phases   ] GC(8) Concurrent Mark Free 0.002ms
[18.173s][info][gc,phases   ] GC(8) Concurrent Process Non-Strong References 5.960ms
[18.173s][info][gc,phases   ] GC(8) Concurrent Reset Relocation Set 0.002ms
[18.174s][info][gc,phases   ] GC(8) Concurrent Select Relocation Set 1.528ms
[18.174s][info][gc,phases   ] GC(8) Pause Relocate Start 0.012ms
[18.175s][info][gc,phases   ] GC(8) Concurrent Relocate 0.780ms
[18.175s][info][gc,load     ] GC(8) Load: 0.00/0.00/0.00
[18.175s][info][gc,mmu      ] GC(8) MMU: 2ms/98.7%, 5ms/99.5%, 10ms/99.6%, 20ms/99.8%, 50ms/99.9%, 100ms/99.9%
[18.175s][info][gc,marking  ] GC(8) Mark: 2 stripe(s), 2 proactive flush(es), 1 terminate flush(es), 0 completion(s), 0 continuation(s) 
[18.175s][info][gc,marking  ] GC(8) Mark Stack Usage: 32M
[18.175s][info][gc,nmethod  ] GC(8) NMethods: 6577 registered, 2091 unregistered
[18.175s][info][gc,metaspace] GC(8) Metaspace: 50M used, 50M committed, 1088M reserved
[18.175s][info][gc,ref      ] GC(8) Soft: 3838 encountered, 0 discovered, 0 enqueued
[18.175s][info][gc,ref      ] GC(8) Weak: 3926 encountered, 734 discovered, 30 enqueued
[18.175s][info][gc,ref      ] GC(8) Final: 37 encountered, 2 discovered, 0 enqueued
[18.175s][info][gc,ref      ] GC(8) Phantom: 291 encountered, 236 discovered, 0 enqueued
[18.175s][info][gc,reloc    ] GC(8) Small Pages: 171 / 342M, Empty: 228M, Relocated: 0M, In-Place: 0
[18.175s][info][gc,reloc    ] GC(8) Medium Pages: 0 / 0M, Empty: 0M, Relocated: 0M, In-Place: 0
[18.175s][info][gc,reloc    ] GC(8) Large Pages: 0 / 0M, Empty: 0M, Relocated: 0M, In-Place: 0
[18.175s][info][gc,reloc    ] GC(8) Forwarding Usage: 0M
[18.175s][info][gc,heap     ] GC(8) Min Capacity: 4096M(100%)
[18.175s][info][gc,heap     ] GC(8) Max Capacity: 4096M(100%)
[18.175s][info][gc,heap     ] GC(8) Soft Max Capacity: 4096M(100%)
[18.175s][info][gc,heap     ] GC(8)                Mark Start          Mark End        Relocate Start      Relocate End           High               Low         
[18.175s][info][gc,heap     ] GC(8)  Capacity:     4096M (100%)       4096M (100%)       4096M (100%)       4096M (100%)       4096M (100%)       4096M (100%)   
[18.175s][info][gc,heap     ] GC(8)      Free:     3754M (92%)        3742M (91%)        3970M (97%)        4058M (99%)        4058M (99%)        3742M (91%)    
[18.175s][info][gc,heap     ] GC(8)      Used:      342M (8%)          354M (9%)          126M (3%)           38M (1%)          354M (9%)           38M (1%)     
[18.175s][info][gc,heap     ] GC(8)      Live:         -                19M (0%)           19M (0%)           19M (0%)             -                  -          
[18.175s][info][gc,heap     ] GC(8) Allocated:         -                12M (0%)           12M (0%)           12M (0%)             -                  -          
[18.175s][info][gc,heap     ] GC(8)   Garbage:         -               322M (8%)           94M (2%)            6M (0%)             -                  -          
[18.175s][info][gc,heap     ] GC(8) Reclaimed:         -                  -               228M (6%)          316M (8%)             -                  -          
[18.175s][info][gc          ] GC(8) Garbage Collection (System.gc()) 342M(8%)->38M(1%)
[20.198s][info][gc,stats    ] === Garbage Collection Statistics =======================================================================================================================
[20.198s][info][gc,stats    ]                                                              Last 10s              Last 10m              Last 10h                Total
[20.198s][info][gc,stats    ]                                                              Avg / Max             Avg / Max             Avg / Max             Avg / Max
[20.198s][info][gc,stats    ]   Collector: Garbage Collection Cycle                     31.876 / 40.533       36.129 / 62.948       36.129 / 62.948       36.129 / 62.948      ms
[20.198s][info][gc,stats    ]  Contention: Mark Segment Reset Contention                     0 / 0                 0 / 0                 0 / 0                 0 / 0           ops/s
[20.198s][info][gc,stats    ]  Contention: Mark SeqNum Reset Contention                      0 / 1                 0 / 1                 0 / 1                 0 / 1           ops/s
[20.198s][info][gc,stats    ]    Critical: Allocation Stall                                  0 / 0                 0 / 0                 0 / 0                 0 / 0           ops/s
[20.198s][info][gc,stats    ]    Critical: Allocation Stall                              0.000 / 0.000         0.000 / 0.000         0.000 / 0.000         0.000 / 0.000       ms
[20.198s][info][gc,stats    ]    Critical: GC Locker Stall                                   0 / 0                 0 / 0                 0 / 0                 0 / 0           ops/s
[20.198s][info][gc,stats    ]    Critical: GC Locker Stall                               0.000 / 0.000         0.000 / 0.000         0.000 / 0.000         0.000 / 0.000       ms
[20.198s][info][gc,stats    ]    Critical: Relocation Stall                                  0 / 0                 0 / 0                 0 / 0                 0 / 0           ops/s
[20.198s][info][gc,stats    ]    Critical: Relocation Stall                              0.000 / 0.000         0.000 / 0.000         0.000 / 0.000         0.000 / 0.000       ms
[20.198s][info][gc,stats    ]      Memory: Allocation Rate                                 855 / 1094            485 / 1094            485 / 1094            485 / 1094        MB/s
[20.198s][info][gc,stats    ]      Memory: Defragment                                        0 / 0                 0 / 0                 0 / 0                 0 / 0           ops/s
[20.198s][info][gc,stats    ]      Memory: Out Of Memory                                     0 / 0                 0 / 0                 0 / 0                 0 / 0           ops/s
[20.198s][info][gc,stats    ]      Memory: Page Cache Flush                                  0 / 0                 0 / 0                 0 / 0                 0 / 0           MB/s
[20.198s][info][gc,stats    ]      Memory: Page Cache Hit L1                               353 / 529             190 / 529             190 / 529             190 / 529         ops/s
[20.198s][info][gc,stats    ]      Memory: Page Cache Hit L2                                 0 / 0                 0 / 0                 0 / 0                 0 / 0           ops/s
[20.198s][info][gc,stats    ]      Memory: Page Cache Hit L3                                75 / 295              53 / 295              53 / 295              53 / 295         ops/s
[20.198s][info][gc,stats    ]      Memory: Page Cache Miss                                   0 / 0                 0 / 1                 0 / 1                 0 / 1           ops/s
[20.198s][info][gc,stats    ]      Memory: Uncommit                                          0 / 0                 0 / 0                 0 / 0                 0 / 0           MB/s
[20.198s][info][gc,stats    ]      Memory: Undo Object Allocation Failed                     0 / 0                 0 / 0                 0 / 0                 0 / 0           ops/s
[20.198s][info][gc,stats    ]      Memory: Undo Object Allocation Succeeded                  8 / 42                7 / 42                7 / 42                7 / 42          ops/s
[20.198s][info][gc,stats    ]      Memory: Undo Page Allocation                              1 / 4                 0 / 4                 0 / 4                 0 / 4           ops/s
[20.198s][info][gc,stats    ]       Phase: Concurrent Mark                              21.342 / 27.065       22.744 / 33.521       22.744 / 33.521       22.744 / 33.521      ms
[20.198s][info][gc,stats    ]       Phase: Concurrent Mark Continue                      0.000 / 0.000         0.000 / 0.000         0.000 / 0.000         0.000 / 0.000       ms
[20.198s][info][gc,stats    ]       Phase: Concurrent Mark Free                          0.001 / 0.002         0.001 / 0.002         0.001 / 0.002         0.001 / 0.002       ms
[20.198s][info][gc,stats    ]       Phase: Concurrent Process Non-Strong References      6.700 / 8.116         7.592 / 21.700        7.592 / 21.700        7.592 / 21.700      ms
[20.198s][info][gc,stats    ]       Phase: Concurrent Relocate                           0.893 / 2.148         2.235 / 5.848         2.235 / 5.848         2.235 / 5.848       ms
[20.198s][info][gc,stats    ]       Phase: Concurrent Reset Relocation Set               0.005 / 0.010         0.004 / 0.010         0.004 / 0.010         0.004 / 0.010       ms
[20.198s][info][gc,stats    ]       Phase: Concurrent Select Relocation Set              2.148 / 3.223         2.639 / 5.959         2.639 / 5.959         2.639 / 5.959       ms
[20.198s][info][gc,stats    ]       Phase: Pause Mark End                                0.017 / 0.020         0.018 / 0.025         0.018 / 0.025         0.018 / 0.025       ms
[20.198s][info][gc,stats    ]       Phase: Pause Mark Start                              0.009 / 0.010         0.010 / 0.022         0.010 / 0.022         0.010 / 0.022       ms
[20.198s][info][gc,stats    ]       Phase: Pause Relocate Start                          0.009 / 0.012         0.010 / 0.017         0.010 / 0.017         0.010 / 0.017       ms
[20.199s][info][gc,stats    ]    Subphase: Concurrent Classes Purge                      0.391 / 0.822         0.548 / 1.921         0.548 / 1.921         0.548 / 1.921       ms
[20.199s][info][gc,stats    ]    Subphase: Concurrent Classes Unlink                     5.638 / 6.461         5.921 / 15.207        5.921 / 15.207        5.921 / 15.207      ms
[20.199s][info][gc,stats    ]    Subphase: Concurrent Mark                              17.835 / 23.696       19.185 / 31.441       19.185 / 31.441       19.185 / 31.441      ms
[20.199s][info][gc,stats    ]    Subphase: Concurrent Mark Try Flush                     0.061 / 0.178         0.080 / 0.430         0.080 / 0.430         0.080 / 0.430       ms
[20.199s][info][gc,stats    ]    Subphase: Concurrent Mark Try Terminate                 1.012 / 10.298        1.298 / 10.298        1.298 / 10.298        1.298 / 10.298      ms
[20.199s][info][gc,stats    ]    Subphase: Concurrent References Enqueue                 0.005 / 0.008         0.005 / 0.010         0.005 / 0.010         0.005 / 0.010       ms
[20.199s][info][gc,stats    ]    Subphase: Concurrent References Process                 0.101 / 0.170         0.211 / 0.844         0.211 / 0.844         0.211 / 0.844       ms
[20.199s][info][gc,stats    ]    Subphase: Concurrent Roots ClassLoaderDataGraph         0.089 / 0.225         0.101 / 0.281         0.101 / 0.281         0.101 / 0.281       ms
[20.199s][info][gc,stats    ]    Subphase: Concurrent Roots CodeCache                    0.000 / 0.000         0.000 / 0.000         0.000 / 0.000         0.000 / 0.000       ms
[20.199s][info][gc,stats    ]    Subphase: Concurrent Roots JavaThreads                  1.952 / 3.172         1.641 / 3.172         1.641 / 3.172         1.641 / 3.172       ms
[20.199s][info][gc,stats    ]    Subphase: Concurrent Roots OopStorageSet                0.032 / 0.098         0.040 / 0.106         0.040 / 0.106         0.040 / 0.106       ms
[20.199s][info][gc,stats    ]    Subphase: Concurrent Weak Roots OopStorageSet           0.382 / 0.607         0.428 / 1.078         0.428 / 1.078         0.428 / 1.078       ms
[20.199s][info][gc,stats    ]    Subphase: Pause Mark Try Complete                       0.000 / 0.000         0.000 / 0.000         0.000 / 0.000         0.000 / 0.000       ms
[20.199s][info][gc,stats    ]      System: Java Threads                                     41 / 48               35 / 48               35 / 48               35 / 48          threads
[20.199s][info][gc,stats    ] =========================================================================================================================================================
[20.598s][info][gc,start    ] GC(9) Garbage Collection (Proactive)
[20.598s][info][gc,task     ] GC(9) Using 2 workers
[20.598s][info][gc,phases   ] GC(9) Pause Mark Start 0.010ms
[20.616s][info][gc,phases   ] GC(9) Concurrent Mark 17.913ms
[20.616s][info][gc,phases   ] GC(9) Pause Mark End 0.017ms
[20.616s][info][gc,phases   ] GC(9) Concurrent Mark Free 0.001ms
[20.623s][info][gc,phases   ] GC(9) Concurrent Process Non-Strong References 6.987ms
[20.623s][info][gc,phases   ] GC(9) Concurrent Reset Relocation Set 0.004ms
[20.626s][info][gc,phases   ] GC(9) Concurrent Select Relocation Set 2.269ms
[20.626s][info][gc,phases   ] GC(9) Pause Relocate Start 0.010ms
[20.626s][info][gc,phases   ] GC(9) Concurrent Relocate 0.765ms
[20.627s][info][gc,load     ] GC(9) Load: 0.00/0.00/0.00
[20.627s][info][gc,mmu      ] GC(9) MMU: 2ms/98.7%, 5ms/99.5%, 10ms/99.6%, 20ms/99.8%, 50ms/99.9%, 100ms/99.9%
[20.627s][info][gc,marking  ] GC(9) Mark: 2 stripe(s), 2 proactive flush(es), 1 terminate flush(es), 0 completion(s), 0 continuation(s) 
[20.627s][info][gc,marking  ] GC(9) Mark Stack Usage: 32M
[20.627s][info][gc,nmethod  ] GC(9) NMethods: 6637 registered, 2197 unregistered
[20.627s][info][gc,metaspace] GC(9) Metaspace: 50M used, 50M committed, 1088M reserved
[20.627s][info][gc,ref      ] GC(9) Soft: 3839 encountered, 0 discovered, 0 enqueued
[20.627s][info][gc,ref      ] GC(9) Weak: 4162 encountered, 356 discovered, 14 enqueued
[20.627s][info][gc,ref      ] GC(9) Final: 37 encountered, 11 discovered, 0 enqueued
[20.627s][info][gc,ref      ] GC(9) Phantom: 293 encountered, 263 discovered, 2 enqueued
[20.627s][info][gc,reloc    ] GC(9) Small Pages: 1118 / 2236M, Empty: 2092M, Relocated: 0M, In-Place: 0
[20.627s][info][gc,reloc    ] GC(9) Medium Pages: 0 / 0M, Empty: 0M, Relocated: 0M, In-Place: 0
[20.627s][info][gc,reloc    ] GC(9) Large Pages: 0 / 0M, Empty: 0M, Relocated: 0M, In-Place: 0
[20.627s][info][gc,reloc    ] GC(9) Forwarding Usage: 0M
[20.627s][info][gc,heap     ] GC(9) Min Capacity: 4096M(100%)
[20.627s][info][gc,heap     ] GC(9) Max Capacity: 4096M(100%)
[20.627s][info][gc,heap     ] GC(9) Soft Max Capacity: 4096M(100%)
[20.627s][info][gc,heap     ] GC(9)                Mark Start          Mark End        Relocate Start      Relocate End           High               Low         
[20.627s][info][gc,heap     ] GC(9)  Capacity:     4096M (100%)       4096M (100%)       4096M (100%)       4096M (100%)       4096M (100%)       4096M (100%)   
[20.627s][info][gc,heap     ] GC(9)      Free:     1860M (45%)        1844M (45%)        3932M (96%)        4050M (99%)        4050M (99%)        1842M (45%)    
[20.627s][info][gc,heap     ] GC(9)      Used:     2236M (55%)        2252M (55%)         164M (4%)           46M (1%)         2254M (55%)          46M (1%)     
[20.627s][info][gc,heap     ] GC(9)      Live:         -                20M (0%)           20M (0%)           20M (0%)             -                  -          
[20.627s][info][gc,heap     ] GC(9) Allocated:         -                16M (0%)           20M (0%)           19M (0%)             -                  -          
[20.627s][info][gc,heap     ] GC(9)   Garbage:         -              2215M (54%)         123M (3%)            5M (0%)             -                  -          
[20.627s][info][gc,heap     ] GC(9) Reclaimed:         -                  -              2092M (51%)        2209M (54%)            -                  -          
[20.627s][info][gc          ] GC(9) Garbage Collection (Proactive) 2236M(55%)->46M(1%)
[22.160s][info][gc,start    ] GC(10) Garbage Collection (System.gc())
[22.161s][info][gc,task     ] GC(10) Using 2 workers
[22.161s][info][gc,phases   ] GC(10) Pause Mark Start 0.006ms
[22.183s][info][gc,phases   ] GC(10) Concurrent Mark 21.750ms
[22.183s][info][gc,phases   ] GC(10) Pause Mark End 0.020ms
[22.183s][info][gc,phases   ] GC(10) Concurrent Mark Free 0.002ms
[22.190s][info][gc,phases   ] GC(10) Concurrent Process Non-Strong References 6.610ms
[22.190s][info][gc,phases   ] GC(10) Concurrent Reset Relocation Set 0.005ms
[22.191s][info][gc,phases   ] GC(10) Concurrent Select Relocation Set 1.707ms
[22.192s][info][gc,phases   ] GC(10) Pause Relocate Start 0.008ms
[22.192s][info][gc,phases   ] GC(10) Concurrent Relocate 0.425ms
[22.192s][info][gc,load     ] GC(10) Load: 0.00/0.00/0.00
[22.192s][info][gc,mmu      ] GC(10) MMU: 2ms/98.7%, 5ms/99.5%, 10ms/99.6%, 20ms/99.8%, 50ms/99.9%, 100ms/99.9%
[22.192s][info][gc,marking  ] GC(10) Mark: 2 stripe(s), 2 proactive flush(es), 1 terminate flush(es), 0 completion(s), 0 continuation(s) 
[22.192s][info][gc,marking  ] GC(10) Mark Stack Usage: 32M
[22.192s][info][gc,nmethod  ] GC(10) NMethods: 6719 registered, 2214 unregistered
[22.192s][info][gc,metaspace] GC(10) Metaspace: 50M used, 50M committed, 1088M reserved
[22.192s][info][gc,ref      ] GC(10) Soft: 3839 encountered, 0 discovered, 0 enqueued
[22.192s][info][gc,ref      ] GC(10) Weak: 4001 encountered, 474 discovered, 30 enqueued
[22.192s][info][gc,ref      ] GC(10) Final: 37 encountered, 3 discovered, 0 enqueued
[22.192s][info][gc,ref      ] GC(10) Phantom: 291 encountered, 237 discovered, 0 enqueued
[22.192s][info][gc,reloc    ] GC(10) Small Pages: 819 / 1638M, Empty: 1500M, Relocated: 0M, In-Place: 0
[22.192s][info][gc,reloc    ] GC(10) Medium Pages: 0 / 0M, Empty: 0M, Relocated: 0M, In-Place: 0
[22.192s][info][gc,reloc    ] GC(10) Large Pages: 0 / 0M, Empty: 0M, Relocated: 0M, In-Place: 0
[22.192s][info][gc,reloc    ] GC(10) Forwarding Usage: 0M
[22.192s][info][gc,heap     ] GC(10) Min Capacity: 4096M(100%)
[22.192s][info][gc,heap     ] GC(10) Max Capacity: 4096M(100%)
[22.192s][info][gc,heap     ] GC(10) Soft Max Capacity: 4096M(100%)
[22.192s][info][gc,heap     ] GC(10)                Mark Start          Mark End        Relocate Start      Relocate End           High               Low         
[22.192s][info][gc,heap     ] GC(10)  Capacity:     4096M (100%)       4096M (100%)       4096M (100%)       4096M (100%)       4096M (100%)       4096M (100%)   
[22.192s][info][gc,heap     ] GC(10)      Free:     2458M (60%)        2444M (60%)        3944M (96%)        4056M (99%)        4056M (99%)        2444M (60%)    
[22.192s][info][gc,heap     ] GC(10)      Used:     1638M (40%)        1652M (40%)         152M (4%)           40M (1%)         1652M (40%)          40M (1%)     
[22.192s][info][gc,heap     ] GC(10)      Live:         -                19M (0%)           19M (0%)           19M (0%)             -                  -          
[22.192s][info][gc,heap     ] GC(10) Allocated:         -                14M (0%)           14M (0%)           14M (0%)             -                  -          
[22.192s][info][gc,heap     ] GC(10)   Garbage:         -              1618M (40%)         118M (3%)            6M (0%)             -                  -          
[22.192s][info][gc,heap     ] GC(10) Reclaimed:         -                  -              1500M (37%)        1612M (39%)            -                  -          
[22.192s][info][gc          ] GC(10) Garbage Collection (System.gc()) 1638M(40%)->40M(1%)
[24.097s][info][gc,start    ] GC(11) Garbage Collection (Proactive)
[24.097s][info][gc,task     ] GC(11) Using 2 workers
[24.097s][info][gc,phases   ] GC(11) Pause Mark Start 0.008ms
[24.115s][info][gc,phases   ] GC(11) Concurrent Mark 17.462ms
[24.115s][info][gc,phases   ] GC(11) Pause Mark End 0.016ms
[24.115s][info][gc,phases   ] GC(11) Concurrent Mark Free 0.002ms
[24.122s][info][gc,phases   ] GC(11) Concurrent Process Non-Strong References 6.478ms
[24.122s][info][gc,phases   ] GC(11) Concurrent Reset Relocation Set 0.006ms
[24.124s][info][gc,phases   ] GC(11) Concurrent Select Relocation Set 2.089ms
[24.124s][info][gc,phases   ] GC(11) Pause Relocate Start 0.008ms
[24.125s][info][gc,phases   ] GC(11) Concurrent Relocate 0.769ms
[24.125s][info][gc,load     ] GC(11) Load: 0.00/0.00/0.00
[24.125s][info][gc,mmu      ] GC(11) MMU: 2ms/98.7%, 5ms/99.5%, 10ms/99.6%, 20ms/99.8%, 50ms/99.9%, 100ms/99.9%
[24.125s][info][gc,marking  ] GC(11) Mark: 2 stripe(s), 2 proactive flush(es), 1 terminate flush(es), 0 completion(s), 0 continuation(s) 
[24.125s][info][gc,marking  ] GC(11) Mark Stack Usage: 32M
[24.125s][info][gc,nmethod  ] GC(11) NMethods: 6765 registered, 2242 unregistered
[24.125s][info][gc,metaspace] GC(11) Metaspace: 50M used, 50M committed, 1088M reserved
[24.125s][info][gc,ref      ] GC(11) Soft: 3839 encountered, 0 discovered, 0 enqueued
[24.125s][info][gc,ref      ] GC(11) Weak: 4164 encountered, 465 discovered, 14 enqueued
[24.125s][info][gc,ref      ] GC(11) Final: 37 encountered, 0 discovered, 0 enqueued
[24.125s][info][gc,ref      ] GC(11) Phantom: 294 encountered, 238 discovered, 3 enqueued
[24.125s][info][gc,reloc    ] GC(11) Small Pages: 1029 / 2058M, Empty: 1940M, Relocated: 0M, In-Place: 0
[24.125s][info][gc,reloc    ] GC(11) Medium Pages: 0 / 0M, Empty: 0M, Relocated: 0M, In-Place: 0
[24.125s][info][gc,reloc    ] GC(11) Large Pages: 0 / 0M, Empty: 0M, Relocated: 0M, In-Place: 0
[24.125s][info][gc,reloc    ] GC(11) Forwarding Usage: 0M
[24.125s][info][gc,heap     ] GC(11) Min Capacity: 4096M(100%)
[24.125s][info][gc,heap     ] GC(11) Max Capacity: 4096M(100%)
[24.125s][info][gc,heap     ] GC(11) Soft Max Capacity: 4096M(100%)
[24.125s][info][gc,heap     ] GC(11)                Mark Start          Mark End        Relocate Start      Relocate End           High               Low         
[24.125s][info][gc,heap     ] GC(11)  Capacity:     4096M (100%)       4096M (100%)       4096M (100%)       4096M (100%)       4096M (100%)       4096M (100%)   
[24.125s][info][gc,heap     ] GC(11)      Free:     2038M (50%)        2020M (49%)        3952M (96%)        4042M (99%)        4042M (99%)        2018M (49%)    
[24.125s][info][gc,heap     ] GC(11)      Used:     2058M (50%)        2076M (51%)         144M (4%)           54M (1%)         2078M (51%)          54M (1%)     
[24.125s][info][gc,heap     ] GC(11)      Live:         -                20M (0%)           20M (0%)           20M (0%)             -                  -          
[24.125s][info][gc,heap     ] GC(11) Allocated:         -                18M (0%)           26M (1%)           27M (1%)             -                  -          
[24.125s][info][gc,heap     ] GC(11)   Garbage:         -              2037M (50%)          97M (2%)            5M (0%)             -                  -          
[24.125s][info][gc,heap     ] GC(11) Reclaimed:         -                  -              1940M (47%)        2031M (50%)            -                  -          
[24.125s][info][gc          ] GC(11) Garbage Collection (Proactive) 2058M(50%)->54M(1%)
[25.771s][info][gc,start    ] GC(12) Garbage Collection (System.gc())
[25.771s][info][gc,task     ] GC(12) Using 2 workers
[25.771s][info][gc,phases   ] GC(12) Pause Mark Start 0.007ms
[25.790s][info][gc,phases   ] GC(12) Concurrent Mark 18.349ms
[25.790s][info][gc,phases   ] GC(12) Pause Mark End 0.012ms
[25.790s][info][gc,phases   ] GC(12) Concurrent Mark Free 0.001ms
[25.796s][info][gc,phases   ] GC(12) Concurrent Process Non-Strong References 5.889ms
[25.796s][info][gc,phases   ] GC(12) Concurrent Reset Relocation Set 0.003ms
[25.798s][info][gc,phases   ] GC(12) Concurrent Select Relocation Set 2.038ms
[25.798s][info][gc,phases   ] GC(12) Pause Relocate Start 0.006ms
[25.798s][info][gc,phases   ] GC(12) Concurrent Relocate 0.341ms
[25.798s][info][gc,load     ] GC(12) Load: 0.00/0.00/0.00
[25.798s][info][gc,mmu      ] GC(12) MMU: 2ms/98.7%, 5ms/99.5%, 10ms/99.6%, 20ms/99.8%, 50ms/99.9%, 100ms/99.9%
[25.798s][info][gc,marking  ] GC(12) Mark: 2 stripe(s), 2 proactive flush(es), 1 terminate flush(es), 0 completion(s), 0 continuation(s) 
[25.798s][info][gc,marking  ] GC(12) Mark Stack Usage: 32M
[25.798s][info][gc,nmethod  ] GC(12) NMethods: 6859 registered, 2247 unregistered
[25.798s][info][gc,metaspace] GC(12) Metaspace: 50M used, 50M committed, 1088M reserved
[25.798s][info][gc,ref      ] GC(12) Soft: 3839 encountered, 0 discovered, 0 enqueued
[25.798s][info][gc,ref      ] GC(12) Weak: 3997 encountered, 471 discovered, 31 enqueued
[25.798s][info][gc,ref      ] GC(12) Final: 37 encountered, 0 discovered, 0 enqueued
[25.799s][info][gc,ref      ] GC(12) Phantom: 291 encountered, 235 discovered, 0 enqueued
[25.799s][info][gc,reloc    ] GC(12) Small Pages: 910 / 1820M, Empty: 1696M, Relocated: 0M, In-Place: 0
[25.799s][info][gc,reloc    ] GC(12) Medium Pages: 0 / 0M, Empty: 0M, Relocated: 0M, In-Place: 0
[25.799s][info][gc,reloc    ] GC(12) Large Pages: 0 / 0M, Empty: 0M, Relocated: 0M, In-Place: 0
[25.799s][info][gc,reloc    ] GC(12) Forwarding Usage: 0M
[25.799s][info][gc,heap     ] GC(12) Min Capacity: 4096M(100%)
[25.799s][info][gc,heap     ] GC(12) Max Capacity: 4096M(100%)
[25.799s][info][gc,heap     ] GC(12) Soft Max Capacity: 4096M(100%)
[25.799s][info][gc,heap     ] GC(12)                Mark Start          Mark End        Relocate Start      Relocate End           High               Low         
[25.799s][info][gc,heap     ] GC(12)  Capacity:     4096M (100%)       4096M (100%)       4096M (100%)       4096M (100%)       4096M (100%)       4096M (100%)   
[25.799s][info][gc,heap     ] GC(12)      Free:     2276M (56%)        2260M (55%)        3956M (97%)        4054M (99%)        4054M (99%)        2260M (55%)    
[25.799s][info][gc,heap     ] GC(12)      Used:     1820M (44%)        1836M (45%)         140M (3%)           42M (1%)         1836M (45%)          42M (1%)     
[25.799s][info][gc,heap     ] GC(12)      Live:         -                19M (0%)           19M (0%)           19M (0%)             -                  -          
[25.799s][info][gc,heap     ] GC(12) Allocated:         -                16M (0%)           16M (0%)           16M (0%)             -                  -          
[25.799s][info][gc,heap     ] GC(12)   Garbage:         -              1800M (44%)         104M (3%)            6M (0%)             -                  -          
[25.799s][info][gc,heap     ] GC(12) Reclaimed:         -                  -              1696M (41%)        1794M (44%)            -                  -          
[25.799s][info][gc          ] GC(12) Garbage Collection (System.gc()) 1820M(44%)->42M(1%)
[27.401s][info][gc,start    ] GC(13) Garbage Collection (Proactive)
[27.401s][info][gc,task     ] GC(13) Using 2 workers
[27.401s][info][gc,phases   ] GC(13) Pause Mark Start 0.008ms
[27.421s][info][gc,phases   ] GC(13) Concurrent Mark 19.357ms
[27.421s][info][gc,phases   ] GC(13) Pause Mark End 0.019ms
[27.421s][info][gc,phases   ] GC(13) Concurrent Mark Free 0.001ms
[27.428s][info][gc,phases   ] GC(13) Concurrent Process Non-Strong References 6.503ms
[27.428s][info][gc,phases   ] GC(13) Concurrent Reset Relocation Set 0.004ms
[27.430s][info][gc,phases   ] GC(13) Concurrent Select Relocation Set 2.075ms
[27.430s][info][gc,phases   ] GC(13) Pause Relocate Start 0.010ms
[27.431s][info][gc,phases   ] GC(13) Concurrent Relocate 0.788ms
[27.431s][info][gc,load     ] GC(13) Load: 0.00/0.00/0.00
[27.431s][info][gc,mmu      ] GC(13) MMU: 2ms/98.7%, 5ms/99.5%, 10ms/99.6%, 20ms/99.8%, 50ms/99.9%, 100ms/99.9%
[27.431s][info][gc,marking  ] GC(13) Mark: 2 stripe(s), 2 proactive flush(es), 1 terminate flush(es), 0 completion(s), 0 continuation(s) 
[27.431s][info][gc,marking  ] GC(13) Mark Stack Usage: 32M
[27.431s][info][gc,nmethod  ] GC(13) NMethods: 6932 registered, 2268 unregistered
[27.431s][info][gc,metaspace] GC(13) Metaspace: 50M used, 50M committed, 1088M reserved
[27.431s][info][gc,ref      ] GC(13) Soft: 3841 encountered, 0 discovered, 0 enqueued
[27.431s][info][gc,ref      ] GC(13) Weak: 4301 encountered, 637 discovered, 13 enqueued
[27.431s][info][gc,ref      ] GC(13) Final: 37 encountered, 0 discovered, 0 enqueued
[27.431s][info][gc,ref      ] GC(13) Phantom: 293 encountered, 237 discovered, 2 enqueued
[27.431s][info][gc,reloc    ] GC(13) Small Pages: 833 / 1666M, Empty: 1548M, Relocated: 0M, In-Place: 0
[27.431s][info][gc,reloc    ] GC(13) Medium Pages: 0 / 0M, Empty: 0M, Relocated: 0M, In-Place: 0
[27.431s][info][gc,reloc    ] GC(13) Large Pages: 0 / 0M, Empty: 0M, Relocated: 0M, In-Place: 0
[27.431s][info][gc,reloc    ] GC(13) Forwarding Usage: 0M
[27.431s][info][gc,heap     ] GC(13) Min Capacity: 4096M(100%)
[27.431s][info][gc,heap     ] GC(13) Max Capacity: 4096M(100%)
[27.431s][info][gc,heap     ] GC(13) Soft Max Capacity: 4096M(100%)
[27.431s][info][gc,heap     ] GC(13)                Mark Start          Mark End        Relocate Start      Relocate End           High               Low         
[27.431s][info][gc,heap     ] GC(13)  Capacity:     4096M (100%)       4096M (100%)       4096M (100%)       4096M (100%)       4096M (100%)       4096M (100%)   
[27.431s][info][gc,heap     ] GC(13)      Free:     2430M (59%)        2412M (59%)        3956M (97%)        4048M (99%)        4048M (99%)        2410M (59%)    
[27.431s][info][gc,heap     ] GC(13)      Used:     1666M (41%)        1684M (41%)         140M (3%)           48M (1%)         1686M (41%)          48M (1%)     
[27.431s][info][gc,heap     ] GC(13)      Live:         -                20M (0%)           20M (0%)           20M (0%)             -                  -          
[27.431s][info][gc,heap     ] GC(13) Allocated:         -                18M (0%)           22M (1%)           21M (1%)             -                  -          
[27.431s][info][gc,heap     ] GC(13)   Garbage:         -              1645M (40%)          97M (2%)            5M (0%)             -                  -          
[27.431s][info][gc,heap     ] GC(13) Reclaimed:         -                  -              1548M (38%)        1639M (40%)            -                  -          
[27.431s][info][gc          ] GC(13) Garbage Collection (Proactive) 1666M(41%)->48M(1%)
[29.097s][info][gc,start    ] GC(14) Garbage Collection (Proactive)
[29.098s][info][gc,task     ] GC(14) Using 2 workers
[29.098s][info][gc,phases   ] GC(14) Pause Mark Start 0.008ms
[29.117s][info][gc,phases   ] GC(14) Concurrent Mark 19.032ms
[29.117s][info][gc,phases   ] GC(14) Pause Mark End 0.015ms
[29.117s][info][gc,phases   ] GC(14) Concurrent Mark Free 0.001ms
[29.124s][info][gc,phases   ] GC(14) Concurrent Process Non-Strong References 6.557ms
[29.124s][info][gc,phases   ] GC(14) Concurrent Reset Relocation Set 0.005ms
[29.126s][info][gc,phases   ] GC(14) Concurrent Select Relocation Set 2.052ms
[29.126s][info][gc,phases   ] GC(14) Pause Relocate Start 0.010ms
[29.127s][info][gc,phases   ] GC(14) Concurrent Relocate 0.682ms
[29.127s][info][gc,load     ] GC(14) Load: 0.00/0.00/0.00
[29.127s][info][gc,mmu      ] GC(14) MMU: 2ms/98.7%, 5ms/99.5%, 10ms/99.6%, 20ms/99.8%, 50ms/99.9%, 100ms/99.9%
[29.127s][info][gc,marking  ] GC(14) Mark: 2 stripe(s), 2 proactive flush(es), 1 terminate flush(es), 0 completion(s), 0 continuation(s) 
[29.127s][info][gc,marking  ] GC(14) Mark Stack Usage: 32M
[29.127s][info][gc,nmethod  ] GC(14) NMethods: 6935 registered, 2269 unregistered
[29.127s][info][gc,metaspace] GC(14) Metaspace: 50M used, 50M committed, 1088M reserved
[29.127s][info][gc,ref      ] GC(14) Soft: 3841 encountered, 0 discovered, 0 enqueued
[29.127s][info][gc,ref      ] GC(14) Weak: 4288 encountered, 811 discovered, 0 enqueued
[29.127s][info][gc,ref      ] GC(14) Final: 37 encountered, 0 discovered, 0 enqueued
[29.127s][info][gc,ref      ] GC(14) Phantom: 291 encountered, 235 discovered, 0 enqueued
[29.127s][info][gc,reloc    ] GC(14) Small Pages: 806 / 1612M, Empty: 1498M, Relocated: 1M, In-Place: 0
[29.127s][info][gc,reloc    ] GC(14) Medium Pages: 0 / 0M, Empty: 0M, Relocated: 0M, In-Place: 0
[29.127s][info][gc,reloc    ] GC(14) Large Pages: 0 / 0M, Empty: 0M, Relocated: 0M, In-Place: 0
[29.127s][info][gc,reloc    ] GC(14) Forwarding Usage: 0M
[29.127s][info][gc,heap     ] GC(14) Min Capacity: 4096M(100%)
[29.127s][info][gc,heap     ] GC(14) Max Capacity: 4096M(100%)
[29.127s][info][gc,heap     ] GC(14) Soft Max Capacity: 4096M(100%)
[29.127s][info][gc,heap     ] GC(14)                Mark Start          Mark End        Relocate Start      Relocate End           High               Low         
[29.127s][info][gc,heap     ] GC(14)  Capacity:     4096M (100%)       4096M (100%)       4096M (100%)       4096M (100%)       4096M (100%)       4096M (100%)   
[29.127s][info][gc,heap     ] GC(14)      Free:     2484M (61%)        2462M (60%)        3958M (97%)        4046M (99%)        4046M (99%)        2460M (60%)    
[29.127s][info][gc,heap     ] GC(14)      Used:     1612M (39%)        1634M (40%)         138M (3%)           50M (1%)         1636M (40%)          50M (1%)     
[29.127s][info][gc,heap     ] GC(14)      Live:         -                20M (0%)           20M (0%)           20M (0%)             -                  -          
[29.127s][info][gc,heap     ] GC(14) Allocated:         -                22M (1%)           24M (1%)           23M (1%)             -                  -          
[29.127s][info][gc,heap     ] GC(14)   Garbage:         -              1591M (39%)          93M (2%)            5M (0%)             -                  -          
[29.127s][info][gc,heap     ] GC(14) Reclaimed:         -                  -              1498M (37%)        1585M (39%)            -                  -          
[29.127s][info][gc          ] GC(14) Garbage Collection (Proactive) 1612M(39%)->50M(1%)
[29.811s][info][gc,start    ] GC(15) Garbage Collection (System.gc())
[29.811s][info][gc,task     ] GC(15) Using 2 workers
[29.811s][info][gc,phases   ] GC(15) Pause Mark Start 0.007ms
[29.837s][info][gc,phases   ] GC(15) Concurrent Mark 25.612ms
[29.837s][info][gc,phases   ] GC(15) Pause Mark End 0.016ms
[29.837s][info][gc,phases   ] GC(15) Concurrent Mark Free 0.002ms
[29.843s][info][gc,phases   ] GC(15) Concurrent Process Non-Strong References 6.300ms
[29.844s][info][gc,phases   ] GC(15) Concurrent Reset Relocation Set 0.002ms
[29.845s][info][gc,phases   ] GC(15) Concurrent Select Relocation Set 1.542ms
[29.845s][info][gc,phases   ] GC(15) Pause Relocate Start 0.008ms
[29.846s][info][gc,phases   ] GC(15) Concurrent Relocate 0.466ms
[29.846s][info][gc,load     ] GC(15) Load: 0.00/0.00/0.00
[29.846s][info][gc,mmu      ] GC(15) MMU: 2ms/98.7%, 5ms/99.5%, 10ms/99.6%, 20ms/99.8%, 50ms/99.9%, 100ms/99.9%
[29.846s][info][gc,marking  ] GC(15) Mark: 2 stripe(s), 2 proactive flush(es), 1 terminate flush(es), 0 completion(s), 0 continuation(s) 
[29.846s][info][gc,marking  ] GC(15) Mark Stack Usage: 32M
[29.846s][info][gc,nmethod  ] GC(15) NMethods: 7027 registered, 2281 unregistered
[29.846s][info][gc,metaspace] GC(15) Metaspace: 50M used, 50M committed, 1088M reserved
[29.846s][info][gc,ref      ] GC(15) Soft: 3841 encountered, 0 discovered, 0 enqueued
[29.846s][info][gc,ref      ] GC(15) Weak: 4150 encountered, 592 discovered, 30 enqueued
[29.846s][info][gc,ref      ] GC(15) Final: 37 encountered, 4 discovered, 0 enqueued
[29.846s][info][gc,ref      ] GC(15) Phantom: 291 encountered, 233 discovered, 0 enqueued
[29.846s][info][gc,reloc    ] GC(15) Small Pages: 317 / 634M, Empty: 520M, Relocated: 0M, In-Place: 0
[29.846s][info][gc,reloc    ] GC(15) Medium Pages: 0 / 0M, Empty: 0M, Relocated: 0M, In-Place: 0
[29.846s][info][gc,reloc    ] GC(15) Large Pages: 0 / 0M, Empty: 0M, Relocated: 0M, In-Place: 0
[29.846s][info][gc,reloc    ] GC(15) Forwarding Usage: 0M
[29.846s][info][gc,heap     ] GC(15) Min Capacity: 4096M(100%)
[29.846s][info][gc,heap     ] GC(15) Max Capacity: 4096M(100%)
[29.846s][info][gc,heap     ] GC(15) Soft Max Capacity: 4096M(100%)
[29.846s][info][gc,heap     ] GC(15)                Mark Start          Mark End        Relocate Start      Relocate End           High               Low         
[29.846s][info][gc,heap     ] GC(15)  Capacity:     4096M (100%)       4096M (100%)       4096M (100%)       4096M (100%)       4096M (100%)       4096M (100%)   
[29.846s][info][gc,heap     ] GC(15)      Free:     3462M (85%)        3446M (84%)        3966M (97%)        4054M (99%)        4054M (99%)        3446M (84%)    
[29.846s][info][gc,heap     ] GC(15)      Used:      634M (15%)         650M (16%)         130M (3%)           42M (1%)          650M (16%)          42M (1%)     
[29.846s][info][gc,heap     ] GC(15)      Live:         -                20M (0%)           20M (0%)           20M (0%)             -                  -          
[29.846s][info][gc,heap     ] GC(15) Allocated:         -                16M (0%)           16M (0%)           15M (0%)             -                  -          
[29.846s][info][gc,heap     ] GC(15)   Garbage:         -               613M (15%)          93M (2%)            5M (0%)             -                  -          
[29.846s][info][gc,heap     ] GC(15) Reclaimed:         -                  -               520M (13%)         607M (15%)            -                  -          
[29.846s][info][gc          ] GC(15) Garbage Collection (System.gc()) 634M(15%)->42M(1%)
[30.198s][info][gc,stats    ] === Garbage Collection Statistics =======================================================================================================================
[30.198s][info][gc,stats    ]                                                              Last 10s              Last 10m              Last 10h                Total
[30.198s][info][gc,stats    ]                                                              Avg / Max             Avg / Max             Avg / Max             Avg / Max
[30.198s][info][gc,stats    ]   Collector: Garbage Collection Cycle                     29.783 / 34.769       33.353 / 62.948       33.353 / 62.948       33.353 / 62.948      ms
[30.198s][info][gc,stats    ]  Contention: Mark Segment Reset Contention                     0 / 2                 0 / 2                 0 / 2                 0 / 2           ops/s
[30.198s][info][gc,stats    ]  Contention: Mark SeqNum Reset Contention                      0 / 1                 0 / 1                 0 / 1                 0 / 1           ops/s
[30.198s][info][gc,stats    ]    Critical: Allocation Stall                                  0 / 0                 0 / 0                 0 / 0                 0 / 0           ops/s
[30.198s][info][gc,stats    ]    Critical: Allocation Stall                              0.000 / 0.000         0.000 / 0.000         0.000 / 0.000         0.000 / 0.000       ms
[30.198s][info][gc,stats    ]    Critical: GC Locker Stall                                   0 / 0                 0 / 0                 0 / 0                 0 / 0           ops/s
[30.198s][info][gc,stats    ]    Critical: GC Locker Stall                               0.000 / 0.000         0.000 / 0.000         0.000 / 0.000         0.000 / 0.000       ms
[30.198s][info][gc,stats    ]    Critical: Relocation Stall                                  0 / 0                 0 / 0                 0 / 0                 0 / 0           ops/s
[30.198s][info][gc,stats    ]    Critical: Relocation Stall                              0.000 / 0.000         0.000 / 0.000         0.000 / 0.000         0.000 / 0.000       ms
[30.198s][info][gc,stats    ]      Memory: Allocation Rate                                1007 / 1086            659 / 1094            659 / 1094            659 / 1094        MB/s
[30.198s][info][gc,stats    ]      Memory: Defragment                                        0 / 0                 0 / 0                 0 / 0                 0 / 0           ops/s
[30.198s][info][gc,stats    ]      Memory: Out Of Memory                                     0 / 0                 0 / 0                 0 / 0                 0 / 0           ops/s
[30.198s][info][gc,stats    ]      Memory: Page Cache Flush                                  0 / 0                 0 / 0                 0 / 0                 0 / 0           MB/s
[30.198s][info][gc,stats    ]      Memory: Page Cache Hit L1                               499 / 543             293 / 543             293 / 543             293 / 543         ops/s
[30.198s][info][gc,stats    ]      Memory: Page Cache Hit L2                                 0 / 0                 0 / 0                 0 / 0                 0 / 0           ops/s
[30.198s][info][gc,stats    ]      Memory: Page Cache Hit L3                                 6 / 60               37 / 295              37 / 295              37 / 295         ops/s
[30.198s][info][gc,stats    ]      Memory: Page Cache Miss                                   0 / 0                 0 / 1                 0 / 1                 0 / 1           ops/s
[30.198s][info][gc,stats    ]      Memory: Uncommit                                          0 / 0                 0 / 0                 0 / 0                 0 / 0           MB/s
[30.198s][info][gc,stats    ]      Memory: Undo Object Allocation Failed                     0 / 0                 0 / 0                 0 / 0                 0 / 0           ops/s
[30.198s][info][gc,stats    ]      Memory: Undo Object Allocation Succeeded                  0 / 5                 5 / 42                5 / 42                5 / 42          ops/s
[30.198s][info][gc,stats    ]      Memory: Undo Page Allocation                              1 / 3                 1 / 4                 1 / 4                 1 / 4           ops/s
[30.198s][info][gc,stats    ]       Phase: Concurrent Mark                              19.925 / 25.612       21.511 / 33.521       21.511 / 33.521       21.511 / 33.521      ms
[30.198s][info][gc,stats    ]       Phase: Concurrent Mark Continue                      0.000 / 0.000         0.000 / 0.000         0.000 / 0.000         0.000 / 0.000       ms
[30.198s][info][gc,stats    ]       Phase: Concurrent Mark Free                          0.001 / 0.002         0.001 / 0.002         0.001 / 0.002         0.001 / 0.002       ms
[30.198s][info][gc,stats    ]       Phase: Concurrent Process Non-Strong References      6.475 / 6.987         7.103 / 21.700        7.103 / 21.700        7.103 / 21.700      ms
[30.198s][info][gc,stats    ]       Phase: Concurrent Relocate                           0.605 / 0.788         1.522 / 5.848         1.522 / 5.848         1.522 / 5.848       ms
[30.198s][info][gc,stats    ]       Phase: Concurrent Reset Relocation Set               0.004 / 0.006         0.004 / 0.010         0.004 / 0.010         0.004 / 0.010       ms
[30.198s][info][gc,stats    ]       Phase: Concurrent Select Relocation Set              1.967 / 2.269         2.345 / 5.959         2.345 / 5.959         2.345 / 5.959       ms
[30.198s][info][gc,stats    ]       Phase: Pause Mark End                                0.017 / 0.020         0.018 / 0.025         0.018 / 0.025         0.018 / 0.025       ms
[30.198s][info][gc,stats    ]       Phase: Pause Mark Start                              0.008 / 0.010         0.009 / 0.022         0.009 / 0.022         0.009 / 0.022       ms
[30.198s][info][gc,stats    ]       Phase: Pause Relocate Start                          0.008 / 0.010         0.009 / 0.017         0.009 / 0.017         0.009 / 0.017       ms
[30.198s][info][gc,stats    ]    Subphase: Concurrent Classes Purge                      0.134 / 0.333         0.367 / 1.921         0.367 / 1.921         0.367 / 1.921       ms
[30.198s][info][gc,stats    ]    Subphase: Concurrent Classes Unlink                     5.723 / 6.133         5.834 / 15.207        5.834 / 15.207        5.834 / 15.207      ms
[30.198s][info][gc,stats    ]    Subphase: Concurrent Mark                              16.559 / 21.728       18.036 / 31.441       18.036 / 31.441       18.036 / 31.441      ms
[30.198s][info][gc,stats    ]    Subphase: Concurrent Mark Try Flush                     0.087 / 0.303         0.083 / 0.430         0.083 / 0.430         0.083 / 0.430       ms
[30.198s][info][gc,stats    ]    Subphase: Concurrent Mark Try Terminate                 1.160 / 7.233         1.238 / 10.298        1.238 / 10.298        1.238 / 10.298      ms
[30.198s][info][gc,stats    ]    Subphase: Concurrent References Enqueue                 0.005 / 0.007         0.005 / 0.010         0.005 / 0.010         0.005 / 0.010       ms
[30.198s][info][gc,stats    ]    Subphase: Concurrent References Process                 0.107 / 0.147         0.166 / 0.844         0.166 / 0.844         0.166 / 0.844       ms
[30.198s][info][gc,stats    ]    Subphase: Concurrent Roots ClassLoaderDataGraph         0.078 / 0.136         0.092 / 0.281         0.092 / 0.281         0.092 / 0.281       ms
[30.198s][info][gc,stats    ]    Subphase: Concurrent Roots CodeCache                    0.000 / 0.000         0.000 / 0.000         0.000 / 0.000         0.000 / 0.000       ms
[30.198s][info][gc,stats    ]    Subphase: Concurrent Roots JavaThreads                  1.622 / 3.432         1.633 / 3.432         1.633 / 3.432         1.633 / 3.432       ms
[30.198s][info][gc,stats    ]    Subphase: Concurrent Roots OopStorageSet                0.026 / 0.050         0.034 / 0.106         0.034 / 0.106         0.034 / 0.106       ms
[30.198s][info][gc,stats    ]    Subphase: Concurrent Weak Roots OopStorageSet           0.337 / 0.617         0.388 / 1.078         0.388 / 1.078         0.388 / 1.078       ms
[30.198s][info][gc,stats    ]    Subphase: Pause Mark Try Complete                       0.000 / 0.000         0.000 / 0.000         0.000 / 0.000         0.000 / 0.000       ms
[30.198s][info][gc,stats    ]      System: Java Threads                                     51 / 57               42 / 57               42 / 57               42 / 57          threads
[30.198s][info][gc,stats    ] =========================================================================================================================================================
[32.001s][info][gc,start    ] GC(16) Garbage Collection (Proactive)
[32.001s][info][gc,task     ] GC(16) Using 2 workers
[32.002s][info][gc,phases   ] GC(16) Pause Mark Start 0.010ms
[32.021s][info][gc,phases   ] GC(16) Concurrent Mark 19.373ms
[32.021s][info][gc,phases   ] GC(16) Pause Mark End 0.018ms
[32.021s][info][gc,phases   ] GC(16) Concurrent Mark Free 0.000ms
[32.028s][info][gc,phases   ] GC(16) Concurrent Process Non-Strong References 7.097ms
[32.028s][info][gc,phases   ] GC(16) Concurrent Reset Relocation Set 0.005ms
[32.031s][info][gc,phases   ] GC(16) Concurrent Select Relocation Set 2.275ms
[32.031s][info][gc,phases   ] GC(16) Pause Relocate Start 0.010ms
[32.032s][info][gc,phases   ] GC(16) Concurrent Relocate 0.760ms
[32.032s][info][gc,load     ] GC(16) Load: 0.00/0.00/0.00
[32.032s][info][gc,mmu      ] GC(16) MMU: 2ms/98.7%, 5ms/99.5%, 10ms/99.6%, 20ms/99.8%, 50ms/99.9%, 100ms/99.9%
[32.032s][info][gc,marking  ] GC(16) Mark: 2 stripe(s), 2 proactive flush(es), 1 terminate flush(es), 0 completion(s), 0 continuation(s) 
[32.032s][info][gc,marking  ] GC(16) Mark Stack Usage: 32M
[32.032s][info][gc,nmethod  ] GC(16) NMethods: 7080 registered, 2301 unregistered
[32.032s][info][gc,metaspace] GC(16) Metaspace: 50M used, 50M committed, 1088M reserved
[32.032s][info][gc,ref      ] GC(16) Soft: 3841 encountered, 0 discovered, 0 enqueued
[32.032s][info][gc,ref      ] GC(16) Weak: 4331 encountered, 527 discovered, 14 enqueued
[32.032s][info][gc,ref      ] GC(16) Final: 37 encountered, 1 discovered, 0 enqueued
[32.032s][info][gc,ref      ] GC(16) Phantom: 292 encountered, 237 discovered, 1 enqueued
[32.032s][info][gc,reloc    ] GC(16) Small Pages: 1150 / 2300M, Empty: 2176M, Relocated: 1M, In-Place: 0
[32.032s][info][gc,reloc    ] GC(16) Medium Pages: 0 / 0M, Empty: 0M, Relocated: 0M, In-Place: 0
[32.032s][info][gc,reloc    ] GC(16) Large Pages: 0 / 0M, Empty: 0M, Relocated: 0M, In-Place: 0
[32.032s][info][gc,reloc    ] GC(16) Forwarding Usage: 0M
[32.032s][info][gc,heap     ] GC(16) Min Capacity: 4096M(100%)
[32.032s][info][gc,heap     ] GC(16) Max Capacity: 4096M(100%)
[32.032s][info][gc,heap     ] GC(16) Soft Max Capacity: 4096M(100%)
[32.032s][info][gc,heap     ] GC(16)                Mark Start          Mark End        Relocate Start      Relocate End           High               Low         
[32.032s][info][gc,heap     ] GC(16)  Capacity:     4096M (100%)       4096M (100%)       4096M (100%)       4096M (100%)       4096M (100%)       4096M (100%)   
[32.032s][info][gc,heap     ] GC(16)      Free:     1796M (44%)        1778M (43%)        3950M (96%)        4044M (99%)        4044M (99%)        1776M (43%)    
[32.032s][info][gc,heap     ] GC(16)      Used:     2300M (56%)        2318M (57%)         146M (4%)           52M (1%)         2320M (57%)          52M (1%)     
[32.032s][info][gc,heap     ] GC(16)      Live:         -                20M (0%)           20M (0%)           20M (0%)             -                  -          
[32.032s][info][gc,heap     ] GC(16) Allocated:         -                18M (0%)           22M (1%)           25M (1%)             -                  -          
[32.032s][info][gc,heap     ] GC(16)   Garbage:         -              2279M (56%)         103M (3%)            5M (0%)             -                  -          
[32.032s][info][gc,heap     ] GC(16) Reclaimed:         -                  -              2176M (53%)        2273M (56%)            -                  -          
[32.032s][info][gc          ] GC(16) Garbage Collection (Proactive) 2300M(56%)->52M(1%)
[33.493s][info][gc,start    ] GC(17) Garbage Collection (System.gc())
[33.493s][info][gc,task     ] GC(17) Using 2 workers
[33.493s][info][gc,phases   ] GC(17) Pause Mark Start 0.005ms
[33.526s][info][gc,phases   ] GC(17) Concurrent Mark 32.771ms
[33.526s][info][gc,phases   ] GC(17) Pause Mark End 0.022ms
[33.526s][info][gc,phases   ] GC(17) Concurrent Mark Free 0.002ms
[33.533s][info][gc,phases   ] GC(17) Concurrent Process Non-Strong References 6.288ms
[33.533s][info][gc,phases   ] GC(17) Concurrent Reset Relocation Set 0.004ms
[33.535s][info][gc,phases   ] GC(17) Concurrent Select Relocation Set 2.090ms
[33.535s][info][gc,phases   ] GC(17) Pause Relocate Start 0.007ms
[33.535s][info][gc,phases   ] GC(17) Concurrent Relocate 0.415ms
[33.535s][info][gc,load     ] GC(17) Load: 0.00/0.00/0.00
[33.535s][info][gc,mmu      ] GC(17) MMU: 2ms/98.7%, 5ms/99.5%, 10ms/99.6%, 20ms/99.8%, 50ms/99.9%, 100ms/99.9%
[33.535s][info][gc,marking  ] GC(17) Mark: 2 stripe(s), 2 proactive flush(es), 1 terminate flush(es), 0 completion(s), 0 continuation(s) 
[33.535s][info][gc,marking  ] GC(17) Mark Stack Usage: 32M
[33.535s][info][gc,nmethod  ] GC(17) NMethods: 7136 registered, 2304 unregistered
[33.535s][info][gc,metaspace] GC(17) Metaspace: 50M used, 50M committed, 1088M reserved
[33.535s][info][gc,ref      ] GC(17) Soft: 3841 encountered, 0 discovered, 0 enqueued
[33.535s][info][gc,ref      ] GC(17) Weak: 4164 encountered, 378 discovered, 31 enqueued
[33.536s][info][gc,ref      ] GC(17) Final: 37 encountered, 0 discovered, 0 enqueued
[33.536s][info][gc,ref      ] GC(17) Phantom: 291 encountered, 235 discovered, 0 enqueued
[33.536s][info][gc,reloc    ] GC(17) Small Pages: 790 / 1580M, Empty: 1444M, Relocated: 0M, In-Place: 0
[33.536s][info][gc,reloc    ] GC(17) Medium Pages: 0 / 0M, Empty: 0M, Relocated: 0M, In-Place: 0
[33.536s][info][gc,reloc    ] GC(17) Large Pages: 0 / 0M, Empty: 0M, Relocated: 0M, In-Place: 0
[33.536s][info][gc,reloc    ] GC(17) Forwarding Usage: 0M
[33.536s][info][gc,heap     ] GC(17) Min Capacity: 4096M(100%)
[33.536s][info][gc,heap     ] GC(17) Max Capacity: 4096M(100%)
[33.536s][info][gc,heap     ] GC(17) Soft Max Capacity: 4096M(100%)
[33.536s][info][gc,heap     ] GC(17)                Mark Start          Mark End        Relocate Start      Relocate End           High               Low         
[33.536s][info][gc,heap     ] GC(17)  Capacity:     4096M (100%)       4096M (100%)       4096M (100%)       4096M (100%)       4096M (100%)       4096M (100%)   
[33.536s][info][gc,heap     ] GC(17)      Free:     2516M (61%)        2502M (61%)        3946M (96%)        4056M (99%)        4056M (99%)        2502M (61%)    
[33.536s][info][gc,heap     ] GC(17)      Used:     1580M (39%)        1594M (39%)         150M (4%)           40M (1%)         1594M (39%)          40M (1%)     
[33.536s][info][gc,heap     ] GC(17)      Live:         -                20M (0%)           20M (0%)           20M (0%)             -                  -          
[33.536s][info][gc,heap     ] GC(17) Allocated:         -                14M (0%)           14M (0%)           14M (0%)             -                  -          
[33.536s][info][gc,heap     ] GC(17)   Garbage:         -              1559M (38%)         115M (3%)            5M (0%)             -                  -          
[33.536s][info][gc,heap     ] GC(17) Reclaimed:         -                  -              1444M (35%)        1554M (38%)            -                  -          
[33.536s][info][gc          ] GC(17) Garbage Collection (System.gc()) 1580M(39%)->40M(1%)
[36.401s][info][gc,start    ] GC(18) Garbage Collection (Proactive)
[36.401s][info][gc,task     ] GC(18) Using 2 workers
[36.401s][info][gc,phases   ] GC(18) Pause Mark Start 0.010ms
[36.421s][info][gc,phases   ] GC(18) Concurrent Mark 19.358ms
[36.421s][info][gc,phases   ] GC(18) Pause Mark End 0.017ms
[36.421s][info][gc,phases   ] GC(18) Concurrent Mark Free 0.000ms
[36.428s][info][gc,phases   ] GC(18) Concurrent Process Non-Strong References 7.199ms
[36.428s][info][gc,phases   ] GC(18) Concurrent Reset Relocation Set 0.004ms
[36.430s][info][gc,phases   ] GC(18) Concurrent Select Relocation Set 2.204ms
[36.431s][info][gc,phases   ] GC(18) Pause Relocate Start 0.011ms
[36.431s][info][gc,phases   ] GC(18) Concurrent Relocate 0.785ms
[36.432s][info][gc,load     ] GC(18) Load: 0.00/0.00/0.00
[36.432s][info][gc,mmu      ] GC(18) MMU: 2ms/98.7%, 5ms/99.5%, 10ms/99.6%, 20ms/99.8%, 50ms/99.9%, 100ms/99.9%
[36.432s][info][gc,marking  ] GC(18) Mark: 2 stripe(s), 2 proactive flush(es), 1 terminate flush(es), 0 completion(s), 0 continuation(s) 
[36.432s][info][gc,marking  ] GC(18) Mark Stack Usage: 32M
[36.432s][info][gc,nmethod  ] GC(18) NMethods: 7184 registered, 2322 unregistered
[36.432s][info][gc,metaspace] GC(18) Metaspace: 50M used, 50M committed, 1088M reserved
[36.432s][info][gc,ref      ] GC(18) Soft: 3841 encountered, 0 discovered, 0 enqueued
[36.432s][info][gc,ref      ] GC(18) Weak: 4358 encountered, 734 discovered, 13 enqueued
[36.432s][info][gc,ref      ] GC(18) Final: 37 encountered, 0 discovered, 0 enqueued
[36.432s][info][gc,ref      ] GC(18) Phantom: 291 encountered, 235 discovered, 0 enqueued
[36.432s][info][gc,reloc    ] GC(18) Small Pages: 1486 / 2972M, Empty: 2854M, Relocated: 0M, In-Place: 0
[36.432s][info][gc,reloc    ] GC(18) Medium Pages: 0 / 0M, Empty: 0M, Relocated: 0M, In-Place: 0
[36.432s][info][gc,reloc    ] GC(18) Large Pages: 0 / 0M, Empty: 0M, Relocated: 0M, In-Place: 0
[36.432s][info][gc,reloc    ] GC(18) Forwarding Usage: 0M
[36.432s][info][gc,heap     ] GC(18) Min Capacity: 4096M(100%)
[36.432s][info][gc,heap     ] GC(18) Max Capacity: 4096M(100%)
[36.432s][info][gc,heap     ] GC(18) Soft Max Capacity: 4096M(100%)
[36.432s][info][gc,heap     ] GC(18)                Mark Start          Mark End        Relocate Start      Relocate End           High               Low         
[36.432s][info][gc,heap     ] GC(18)  Capacity:     4096M (100%)       4096M (100%)       4096M (100%)       4096M (100%)       4096M (100%)       4096M (100%)   
[36.432s][info][gc,heap     ] GC(18)      Free:     1124M (27%)        1104M (27%)        3954M (97%)        4044M (99%)        4044M (99%)        1100M (27%)    
[36.432s][info][gc,heap     ] GC(18)      Used:     2972M (73%)        2992M (73%)         142M (3%)           52M (1%)         2996M (73%)          52M (1%)     
[36.432s][info][gc,heap     ] GC(18)      Live:         -                20M (0%)           20M (0%)           20M (0%)             -                  -          
[36.432s][info][gc,heap     ] GC(18) Allocated:         -                20M (0%)           24M (1%)           25M (1%)             -                  -          
[36.432s][info][gc,heap     ] GC(18)   Garbage:         -              2951M (72%)          97M (2%)            5M (0%)             -                  -          
[36.432s][info][gc,heap     ] GC(18) Reclaimed:         -                  -              2854M (70%)        2945M (72%)            -                  -          
[36.432s][info][gc          ] GC(18) Garbage Collection (Proactive) 2972M(73%)->52M(1%)
[37.237s][info][gc,start    ] GC(19) Garbage Collection (System.gc())
[37.237s][info][gc,task     ] GC(19) Using 2 workers
[37.238s][info][gc,phases   ] GC(19) Pause Mark Start 0.007ms
[37.267s][info][gc,phases   ] GC(19) Concurrent Mark 29.166ms
[37.267s][info][gc,phases   ] GC(19) Pause Mark End 0.021ms
[37.267s][info][gc,phases   ] GC(19) Concurrent Mark Free 0.002ms
[37.273s][info][gc,phases   ] GC(19) Concurrent Process Non-Strong References 6.396ms
[37.273s][info][gc,phases   ] GC(19) Concurrent Reset Relocation Set 0.004ms
[37.275s][info][gc,phases   ] GC(19) Concurrent Select Relocation Set 1.791ms
[37.275s][info][gc,phases   ] GC(19) Pause Relocate Start 0.007ms
[37.276s][info][gc,phases   ] GC(19) Concurrent Relocate 0.401ms
[37.276s][info][gc,load     ] GC(19) Load: 0.00/0.00/0.00
[37.276s][info][gc,mmu      ] GC(19) MMU: 2ms/98.7%, 5ms/99.5%, 10ms/99.6%, 20ms/99.8%, 50ms/99.9%, 100ms/99.9%
[37.276s][info][gc,marking  ] GC(19) Mark: 2 stripe(s), 2 proactive flush(es), 1 terminate flush(es), 0 completion(s), 0 continuation(s) 
[37.276s][info][gc,marking  ] GC(19) Mark Stack Usage: 32M
[37.276s][info][gc,nmethod  ] GC(19) NMethods: 7239 registered, 2326 unregistered
[37.276s][info][gc,metaspace] GC(19) Metaspace: 50M used, 50M committed, 1088M reserved
[37.276s][info][gc,ref      ] GC(19) Soft: 3841 encountered, 0 discovered, 0 enqueued
[37.276s][info][gc,ref      ] GC(19) Weak: 4197 encountered, 723 discovered, 31 enqueued
[37.276s][info][gc,ref      ] GC(19) Final: 37 encountered, 0 discovered, 0 enqueued
[37.276s][info][gc,ref      ] GC(19) Phantom: 291 encountered, 234 discovered, 0 enqueued
[37.276s][info][gc,reloc    ] GC(19) Small Pages: 450 / 900M, Empty: 768M, Relocated: 0M, In-Place: 0
[37.276s][info][gc,reloc    ] GC(19) Medium Pages: 0 / 0M, Empty: 0M, Relocated: 0M, In-Place: 0
[37.276s][info][gc,reloc    ] GC(19) Large Pages: 0 / 0M, Empty: 0M, Relocated: 0M, In-Place: 0
[37.276s][info][gc,reloc    ] GC(19) Forwarding Usage: 0M
[37.276s][info][gc,heap     ] GC(19) Min Capacity: 4096M(100%)
[37.276s][info][gc,heap     ] GC(19) Max Capacity: 4096M(100%)
[37.276s][info][gc,heap     ] GC(19) Soft Max Capacity: 4096M(100%)
[37.276s][info][gc,heap     ] GC(19)                Mark Start          Mark End        Relocate Start      Relocate End           High               Low         
[37.276s][info][gc,heap     ] GC(19)  Capacity:     4096M (100%)       4096M (100%)       4096M (100%)       4096M (100%)       4096M (100%)       4096M (100%)   
[37.276s][info][gc,heap     ] GC(19)      Free:     3196M (78%)        3180M (78%)        3948M (96%)        4054M (99%)        4054M (99%)        3180M (78%)    
[37.276s][info][gc,heap     ] GC(19)      Used:      900M (22%)         916M (22%)         148M (4%)           42M (1%)          916M (22%)          42M (1%)     
[37.276s][info][gc,heap     ] GC(19)      Live:         -                20M (0%)           20M (0%)           20M (0%)             -                  -          
[37.276s][info][gc,heap     ] GC(19) Allocated:         -                16M (0%)           16M (0%)           16M (0%)             -                  -          
[37.276s][info][gc,heap     ] GC(19)   Garbage:         -               879M (21%)         111M (3%)            5M (0%)             -                  -          
[37.276s][info][gc,heap     ] GC(19) Reclaimed:         -                  -               768M (19%)         874M (21%)            -                  -          
[37.276s][info][gc          ] GC(19) Garbage Collection (System.gc()) 900M(22%)->42M(1%)
[39.797s][info][gc,start    ] GC(20) Garbage Collection (Proactive)
[39.797s][info][gc,task     ] GC(20) Using 2 workers
[39.797s][info][gc,phases   ] GC(20) Pause Mark Start 0.008ms
[39.816s][info][gc,phases   ] GC(20) Concurrent Mark 18.288ms
[39.816s][info][gc,phases   ] GC(20) Pause Mark End 0.015ms
[39.816s][info][gc,phases   ] GC(20) Concurrent Mark Free 0.001ms
[39.823s][info][gc,phases   ] GC(20) Concurrent Process Non-Strong References 7.201ms
[39.823s][info][gc,phases   ] GC(20) Concurrent Reset Relocation Set 0.004ms
[39.825s][info][gc,phases   ] GC(20) Concurrent Select Relocation Set 2.035ms
[39.825s][info][gc,phases   ] GC(20) Pause Relocate Start 0.009ms
[39.826s][info][gc,phases   ] GC(20) Concurrent Relocate 0.808ms
[39.826s][info][gc,load     ] GC(20) Load: 0.00/0.00/0.00
[39.826s][info][gc,mmu      ] GC(20) MMU: 2ms/98.7%, 5ms/99.5%, 10ms/99.6%, 20ms/99.8%, 50ms/99.9%, 100ms/99.9%
[39.826s][info][gc,marking  ] GC(20) Mark: 2 stripe(s), 2 proactive flush(es), 1 terminate flush(es), 0 completion(s), 0 continuation(s) 
[39.826s][info][gc,marking  ] GC(20) Mark Stack Usage: 32M
[39.826s][info][gc,nmethod  ] GC(20) NMethods: 7286 registered, 2334 unregistered
[39.826s][info][gc,metaspace] GC(20) Metaspace: 50M used, 50M committed, 1088M reserved
[39.826s][info][gc,ref      ] GC(20) Soft: 3841 encountered, 0 discovered, 0 enqueued
[39.826s][info][gc,ref      ] GC(20) Weak: 4358 encountered, 716 discovered, 13 enqueued
[39.826s][info][gc,ref      ] GC(20) Final: 37 encountered, 0 discovered, 0 enqueued
[39.826s][info][gc,ref      ] GC(20) Phantom: 291 encountered, 235 discovered, 0 enqueued
[39.826s][info][gc,reloc    ] GC(20) Small Pages: 1358 / 2716M, Empty: 2580M, Relocated: 0M, In-Place: 0
[39.826s][info][gc,reloc    ] GC(20) Medium Pages: 0 / 0M, Empty: 0M, Relocated: 0M, In-Place: 0
[39.826s][info][gc,reloc    ] GC(20) Large Pages: 0 / 0M, Empty: 0M, Relocated: 0M, In-Place: 0
[39.826s][info][gc,reloc    ] GC(20) Forwarding Usage: 0M
[39.826s][info][gc,heap     ] GC(20) Min Capacity: 4096M(100%)
[39.826s][info][gc,heap     ] GC(20) Max Capacity: 4096M(100%)
[39.826s][info][gc,heap     ] GC(20) Soft Max Capacity: 4096M(100%)
[39.826s][info][gc,heap     ] GC(20)                Mark Start          Mark End        Relocate Start      Relocate End           High               Low         
[39.826s][info][gc,heap     ] GC(20)  Capacity:     4096M (100%)       4096M (100%)       4096M (100%)       4096M (100%)       4096M (100%)       4096M (100%)   
[39.826s][info][gc,heap     ] GC(20)      Free:     1380M (34%)        1362M (33%)        3938M (96%)        4046M (99%)        4046M (99%)        1358M (33%)    
[39.826s][info][gc,heap     ] GC(20)      Used:     2716M (66%)        2734M (67%)         158M (4%)           50M (1%)         2738M (67%)          50M (1%)     
[39.827s][info][gc,heap     ] GC(20)      Live:         -                20M (0%)           20M (0%)           20M (0%)             -                  -          
[39.827s][info][gc,heap     ] GC(20) Allocated:         -                18M (0%)           22M (1%)           23M (1%)             -                  -          
[39.827s][info][gc,heap     ] GC(20)   Garbage:         -              2695M (66%)         115M (3%)            5M (0%)             -                  -          
[39.827s][info][gc,heap     ] GC(20) Reclaimed:         -                  -              2580M (63%)        2689M (66%)            -                  -          
[39.827s][info][gc          ] GC(20) Garbage Collection (Proactive) 2716M(66%)->50M(1%)
[40.198s][info][gc,stats    ] === Garbage Collection Statistics =======================================================================================================================
[40.198s][info][gc,stats    ]                                                              Last 10s              Last 10m              Last 10h                Total
[40.198s][info][gc,stats    ]                                                              Avg / Max             Avg / Max             Avg / Max             Avg / Max
[40.198s][info][gc,stats    ]   Collector: Garbage Collection Cycle                     34.079 / 42.266       33.526 / 62.948       33.526 / 62.948       33.526 / 62.948      ms
[40.198s][info][gc,stats    ]  Contention: Mark Segment Reset Contention                     0 / 0                 0 / 2                 0 / 2                 0 / 2           ops/s
[40.198s][info][gc,stats    ]  Contention: Mark SeqNum Reset Contention                      0 / 0                 0 / 1                 0 / 1                 0 / 1           ops/s
[40.198s][info][gc,stats    ]    Critical: Allocation Stall                                  0 / 0                 0 / 0                 0 / 0                 0 / 0           ops/s
[40.198s][info][gc,stats    ]    Critical: Allocation Stall                              0.000 / 0.000         0.000 / 0.000         0.000 / 0.000         0.000 / 0.000       ms
[40.198s][info][gc,stats    ]    Critical: GC Locker Stall                                   0 / 0                 0 / 0                 0 / 0                 0 / 0           ops/s
[40.198s][info][gc,stats    ]    Critical: GC Locker Stall                               0.000 / 0.000         0.000 / 0.000         0.000 / 0.000         0.000 / 0.000       ms
[40.198s][info][gc,stats    ]    Critical: Relocation Stall                                  0 / 0                 0 / 0                 0 / 0                 0 / 0           ops/s
[40.198s][info][gc,stats    ]    Critical: Relocation Stall                              0.000 / 0.000         0.000 / 0.000         0.000 / 0.000         0.000 / 0.000       ms
[40.198s][info][gc,stats    ]      Memory: Allocation Rate                                1046 / 1080            756 / 1094            756 / 1094            756 / 1094        MB/s
[40.198s][info][gc,stats    ]      Memory: Defragment                                        0 / 0                 0 / 0                 0 / 0                 0 / 0           ops/s
[40.198s][info][gc,stats    ]      Memory: Out Of Memory                                     0 / 0                 0 / 0                 0 / 0                 0 / 0           ops/s
[40.198s][info][gc,stats    ]      Memory: Page Cache Flush                                  0 / 0                 0 / 0                 0 / 0                 0 / 0           MB/s
[40.198s][info][gc,stats    ]      Memory: Page Cache Hit L1                               487 / 542             342 / 543             342 / 543             342 / 543         ops/s
[40.198s][info][gc,stats    ]      Memory: Page Cache Hit L2                                 0 / 0                 0 / 0                 0 / 0                 0 / 0           ops/s
[40.198s][info][gc,stats    ]      Memory: Page Cache Hit L3                                37 / 232              37 / 295              37 / 295              37 / 295         ops/s
[40.198s][info][gc,stats    ]      Memory: Page Cache Miss                                   0 / 0                 0 / 1                 0 / 1                 0 / 1           ops/s
[40.198s][info][gc,stats    ]      Memory: Uncommit                                          0 / 0                 0 / 0                 0 / 0                 0 / 0           MB/s
[40.198s][info][gc,stats    ]      Memory: Undo Object Allocation Failed                     0 / 0                 0 / 0                 0 / 0                 0 / 0           ops/s
[40.198s][info][gc,stats    ]      Memory: Undo Object Allocation Succeeded                  3 / 28                4 / 42                4 / 42                4 / 42          ops/s
[40.198s][info][gc,stats    ]      Memory: Undo Page Allocation                              2 / 8                 1 / 8                 1 / 8                 1 / 8           ops/s
[40.198s][info][gc,stats    ]       Phase: Concurrent Mark                              23.791 / 32.771       22.054 / 33.521       22.054 / 33.521       22.054 / 33.521      ms
[40.198s][info][gc,stats    ]       Phase: Concurrent Mark Continue                      0.000 / 0.000         0.000 / 0.000         0.000 / 0.000         0.000 / 0.000       ms
[40.198s][info][gc,stats    ]       Phase: Concurrent Mark Free                          0.001 / 0.002         0.001 / 0.002         0.001 / 0.002         0.001 / 0.002       ms
[40.198s][info][gc,stats    ]       Phase: Concurrent Process Non-Strong References      6.836 / 7.201         7.040 / 21.700        7.040 / 21.700        7.040 / 21.700      ms
[40.198s][info][gc,stats    ]       Phase: Concurrent Relocate                           0.634 / 0.808         1.311 / 5.848         1.311 / 5.848         1.311 / 5.848       ms
[40.198s][info][gc,stats    ]       Phase: Concurrent Reset Relocation Set               0.004 / 0.005         0.004 / 0.010         0.004 / 0.010         0.004 / 0.010       ms
[40.198s][info][gc,stats    ]       Phase: Concurrent Select Relocation Set              2.079 / 2.275         2.282 / 5.959         2.282 / 5.959         2.282 / 5.959       ms
[40.198s][info][gc,stats    ]       Phase: Pause Mark End                                0.018 / 0.022         0.018 / 0.025         0.018 / 0.025         0.018 / 0.025       ms
[40.198s][info][gc,stats    ]       Phase: Pause Mark Start                              0.008 / 0.010         0.009 / 0.022         0.009 / 0.022         0.009 / 0.022       ms
[40.198s][info][gc,stats    ]       Phase: Pause Relocate Start                          0.009 / 0.011         0.009 / 0.017         0.009 / 0.017         0.009 / 0.017       ms
[40.198s][info][gc,stats    ]    Subphase: Concurrent Classes Purge                      0.081 / 0.097         0.299 / 1.921         0.299 / 1.921         0.299 / 1.921       ms
[40.198s][info][gc,stats    ]    Subphase: Concurrent Classes Unlink                     6.045 / 6.562         5.885 / 15.207        5.885 / 15.207        5.885 / 15.207      ms
[40.198s][info][gc,stats    ]    Subphase: Concurrent Mark                              19.032 / 30.313       18.273 / 31.441       18.273 / 31.441       18.273 / 31.441      ms
[40.198s][info][gc,stats    ]    Subphase: Concurrent Mark Try Flush                     0.075 / 0.228         0.081 / 0.430         0.081 / 0.430         0.081 / 0.430       ms
[40.198s][info][gc,stats    ]    Subphase: Concurrent Mark Try Terminate                 2.192 / 15.145        1.465 / 15.145        1.465 / 15.145        1.465 / 15.145      ms
[40.198s][info][gc,stats    ]    Subphase: Concurrent References Enqueue                 0.005 / 0.006         0.005 / 0.010         0.005 / 0.010         0.005 / 0.010       ms
[40.198s][info][gc,stats    ]    Subphase: Concurrent References Process                 0.117 / 0.155         0.154 / 0.844         0.154 / 0.844         0.154 / 0.844       ms
[40.198s][info][gc,stats    ]    Subphase: Concurrent Roots ClassLoaderDataGraph         0.076 / 0.123         0.088 / 0.281         0.088 / 0.281         0.088 / 0.281       ms
[40.198s][info][gc,stats    ]    Subphase: Concurrent Roots CodeCache                    0.000 / 0.000         0.000 / 0.000         0.000 / 0.000         0.000 / 0.000       ms
[40.198s][info][gc,stats    ]    Subphase: Concurrent Roots JavaThreads                  1.673 / 2.227         1.642 / 3.432         1.642 / 3.432         1.642 / 3.432       ms
[40.198s][info][gc,stats    ]    Subphase: Concurrent Roots OopStorageSet                0.028 / 0.045         0.032 / 0.106         0.032 / 0.106         0.032 / 0.106       ms
[40.198s][info][gc,stats    ]    Subphase: Concurrent Weak Roots OopStorageSet           0.440 / 0.673         0.401 / 1.078         0.401 / 1.078         0.401 / 1.078       ms
[40.198s][info][gc,stats    ]    Subphase: Pause Mark Try Complete                       0.000 / 0.000         0.000 / 0.000         0.000 / 0.000         0.000 / 0.000       ms
[40.198s][info][gc,stats    ]      System: Java Threads                                     56 / 58               45 / 58               45 / 58               45 / 58          threads
[40.198s][info][gc,stats    ] =========================================================================================================================================================
[40.884s][info][gc,start    ] GC(21) Garbage Collection (System.gc())
[40.884s][info][gc,task     ] GC(21) Using 2 workers
[40.884s][info][gc,phases   ] GC(21) Pause Mark Start 0.007ms
[40.917s][info][gc,phases   ] GC(21) Concurrent Mark 33.122ms
[40.917s][info][gc,phases   ] GC(21) Pause Mark End 0.017ms
[40.917s][info][gc,phases   ] GC(21) Concurrent Mark Free 0.002ms
[40.923s][info][gc,phases   ] GC(21) Concurrent Process Non-Strong References 6.143ms
[40.923s][info][gc,phases   ] GC(21) Concurrent Reset Relocation Set 0.004ms
[40.925s][info][gc,phases   ] GC(21) Concurrent Select Relocation Set 1.967ms
[40.925s][info][gc,phases   ] GC(21) Pause Relocate Start 0.007ms
[40.926s][info][gc,phases   ] GC(21) Concurrent Relocate 0.361ms
[40.926s][info][gc,load     ] GC(21) Load: 0.00/0.00/0.00
[40.926s][info][gc,mmu      ] GC(21) MMU: 2ms/98.7%, 5ms/99.5%, 10ms/99.6%, 20ms/99.8%, 50ms/99.9%, 100ms/99.9%
[40.926s][info][gc,marking  ] GC(21) Mark: 2 stripe(s), 2 proactive flush(es), 1 terminate flush(es), 0 completion(s), 0 continuation(s) 
[40.926s][info][gc,marking  ] GC(21) Mark Stack Usage: 32M
[40.926s][info][gc,nmethod  ] GC(21) NMethods: 7347 registered, 2338 unregistered
[40.926s][info][gc,metaspace] GC(21) Metaspace: 50M used, 50M committed, 1088M reserved
[40.926s][info][gc,ref      ] GC(21) Soft: 3841 encountered, 0 discovered, 0 enqueued
[40.926s][info][gc,ref      ] GC(21) Weak: 4193 encountered, 669 discovered, 31 enqueued
[40.926s][info][gc,ref      ] GC(21) Final: 37 encountered, 0 discovered, 0 enqueued
[40.926s][info][gc,ref      ] GC(21) Phantom: 291 encountered, 236 discovered, 0 enqueued
[40.926s][info][gc,reloc    ] GC(21) Small Pages: 582 / 1164M, Empty: 1024M, Relocated: 0M, In-Place: 0
[40.926s][info][gc,reloc    ] GC(21) Medium Pages: 0 / 0M, Empty: 0M, Relocated: 0M, In-Place: 0
[40.926s][info][gc,reloc    ] GC(21) Large Pages: 0 / 0M, Empty: 0M, Relocated: 0M, In-Place: 0
[40.926s][info][gc,reloc    ] GC(21) Forwarding Usage: 0M
[40.926s][info][gc,heap     ] GC(21) Min Capacity: 4096M(100%)
[40.926s][info][gc,heap     ] GC(21) Max Capacity: 4096M(100%)
[40.926s][info][gc,heap     ] GC(21) Soft Max Capacity: 4096M(100%)
[40.926s][info][gc,heap     ] GC(21)                Mark Start          Mark End        Relocate Start      Relocate End           High               Low         
[40.926s][info][gc,heap     ] GC(21)  Capacity:     4096M (100%)       4096M (100%)       4096M (100%)       4096M (100%)       4096M (100%)       4096M (100%)   
[40.926s][info][gc,heap     ] GC(21)      Free:     2932M (72%)        2918M (71%)        3942M (96%)        4056M (99%)        4056M (99%)        2918M (71%)    
[40.926s][info][gc,heap     ] GC(21)      Used:     1164M (28%)        1178M (29%)         154M (4%)           40M (1%)         1178M (29%)          40M (1%)     
[40.926s][info][gc,heap     ] GC(21)      Live:         -                20M (0%)           20M (0%)           20M (0%)             -                  -          
[40.926s][info][gc,heap     ] GC(21) Allocated:         -                14M (0%)           14M (0%)           14M (0%)             -                  -          
[40.926s][info][gc,heap     ] GC(21)   Garbage:         -              1143M (28%)         119M (3%)            5M (0%)             -                  -          
[40.926s][info][gc,heap     ] GC(21) Reclaimed:         -                  -              1024M (25%)        1138M (28%)            -                  -          
[40.926s][info][gc          ] GC(21) Garbage Collection (System.gc()) 1164M(28%)->40M(1%)
[43.797s][info][gc,start    ] GC(22) Garbage Collection (Proactive)
[43.797s][info][gc,task     ] GC(22) Using 2 workers
[43.798s][info][gc,phases   ] GC(22) Pause Mark Start 0.009ms
[43.815s][info][gc,phases   ] GC(22) Concurrent Mark 17.221ms
[43.815s][info][gc,phases   ] GC(22) Pause Mark End 0.017ms
[43.815s][info][gc,phases   ] GC(22) Concurrent Mark Free 0.001ms
[43.822s][info][gc,phases   ] GC(22) Concurrent Process Non-Strong References 7.357ms
[43.822s][info][gc,phases   ] GC(22) Concurrent Reset Relocation Set 0.005ms
[43.825s][info][gc,phases   ] GC(22) Concurrent Select Relocation Set 2.307ms
[43.825s][info][gc,phases   ] GC(22) Pause Relocate Start 0.009ms
[43.826s][info][gc,phases   ] GC(22) Concurrent Relocate 0.761ms
[43.826s][info][gc,load     ] GC(22) Load: 0.00/0.00/0.00
[43.826s][info][gc,mmu      ] GC(22) MMU: 2ms/98.7%, 5ms/99.5%, 10ms/99.6%, 20ms/99.8%, 50ms/99.9%, 100ms/99.9%
[43.826s][info][gc,marking  ] GC(22) Mark: 2 stripe(s), 2 proactive flush(es), 1 terminate flush(es), 0 completion(s), 0 continuation(s) 
[43.826s][info][gc,marking  ] GC(22) Mark Stack Usage: 32M
[43.826s][info][gc,nmethod  ] GC(22) NMethods: 7375 registered, 2360 unregistered
[43.826s][info][gc,metaspace] GC(22) Metaspace: 50M used, 50M committed, 1088M reserved
[43.826s][info][gc,ref      ] GC(22) Soft: 3841 encountered, 0 discovered, 0 enqueued
[43.826s][info][gc,ref      ] GC(22) Weak: 4359 encountered, 632 discovered, 13 enqueued
[43.826s][info][gc,ref      ] GC(22) Final: 37 encountered, 0 discovered, 0 enqueued
[43.826s][info][gc,ref      ] GC(22) Phantom: 291 encountered, 237 discovered, 0 enqueued
[43.826s][info][gc,reloc    ] GC(22) Small Pages: 1535 / 3070M, Empty: 2942M, Relocated: 1M, In-Place: 0
[43.826s][info][gc,reloc    ] GC(22) Medium Pages: 0 / 0M, Empty: 0M, Relocated: 0M, In-Place: 0
[43.826s][info][gc,reloc    ] GC(22) Large Pages: 0 / 0M, Empty: 0M, Relocated: 0M, In-Place: 0
[43.826s][info][gc,reloc    ] GC(22) Forwarding Usage: 0M
[43.826s][info][gc,heap     ] GC(22) Min Capacity: 4096M(100%)
[43.826s][info][gc,heap     ] GC(22) Max Capacity: 4096M(100%)
[43.826s][info][gc,heap     ] GC(22) Soft Max Capacity: 4096M(100%)
[43.826s][info][gc,heap     ] GC(22)                Mark Start          Mark End        Relocate Start      Relocate End           High               Low         
[43.826s][info][gc,heap     ] GC(22)  Capacity:     4096M (100%)       4096M (100%)       4096M (100%)       4096M (100%)       4096M (100%)       4096M (100%)   
[43.826s][info][gc,heap     ] GC(22)      Free:     1026M (25%)        1008M (25%)        3944M (96%)        4046M (99%)        4046M (99%)        1006M (25%)    
[43.826s][info][gc,heap     ] GC(22)      Used:     3070M (75%)        3088M (75%)         152M (4%)           50M (1%)         3090M (75%)          50M (1%)     
[43.826s][info][gc,heap     ] GC(22)      Live:         -                20M (1%)           20M (1%)           20M (1%)             -                  -          
[43.826s][info][gc,heap     ] GC(22) Allocated:         -                18M (0%)           24M (1%)           23M (1%)             -                  -          
[43.826s][info][gc,heap     ] GC(22)   Garbage:         -              3049M (74%)         107M (3%)            5M (0%)             -                  -          
[43.826s][info][gc,heap     ] GC(22) Reclaimed:         -                  -              2942M (72%)        3043M (74%)            -                  -          
[43.826s][info][gc          ] GC(22) Garbage Collection (Proactive) 3070M(75%)->50M(1%)
[44.552s][info][gc,start    ] GC(23) Garbage Collection (System.gc())
[44.552s][info][gc,task     ] GC(23) Using 2 workers
[44.552s][info][gc,phases   ] GC(23) Pause Mark Start 0.007ms
[44.569s][info][gc,phases   ] GC(23) Concurrent Mark 17.099ms
[44.569s][info][gc,phases   ] GC(23) Pause Mark End 0.012ms
[44.569s][info][gc,phases   ] GC(23) Concurrent Mark Free 0.001ms
[44.575s][info][gc,phases   ] GC(23) Concurrent Process Non-Strong References 5.840ms
[44.575s][info][gc,phases   ] GC(23) Concurrent Reset Relocation Set 0.003ms
[44.577s][info][gc,phases   ] GC(23) Concurrent Select Relocation Set 1.850ms
[44.577s][info][gc,phases   ] GC(23) Pause Relocate Start 0.008ms
[44.578s][info][gc,phases   ] GC(23) Concurrent Relocate 0.457ms
[44.578s][info][gc,load     ] GC(23) Load: 0.00/0.00/0.00
[44.578s][info][gc,mmu      ] GC(23) MMU: 2ms/98.7%, 5ms/99.5%, 10ms/99.6%, 20ms/99.8%, 50ms/99.9%, 100ms/99.9%
[44.578s][info][gc,marking  ] GC(23) Mark: 2 stripe(s), 2 proactive flush(es), 1 terminate flush(es), 0 completion(s), 0 continuation(s) 
[44.578s][info][gc,marking  ] GC(23) Mark Stack Usage: 32M
[44.578s][info][gc,nmethod  ] GC(23) NMethods: 7423 registered, 2365 unregistered
[44.578s][info][gc,metaspace] GC(23) Metaspace: 50M used, 50M committed, 1088M reserved
[44.578s][info][gc,ref      ] GC(23) Soft: 3841 encountered, 0 discovered, 0 enqueued
[44.578s][info][gc,ref      ] GC(23) Weak: 4193 encountered, 525 discovered, 31 enqueued
[44.578s][info][gc,ref      ] GC(23) Final: 37 encountered, 0 discovered, 0 enqueued
[44.578s][info][gc,ref      ] GC(23) Phantom: 291 encountered, 237 discovered, 0 enqueued
[44.578s][info][gc,reloc    ] GC(23) Small Pages: 400 / 800M, Empty: 682M, Relocated: 0M, In-Place: 0
[44.578s][info][gc,reloc    ] GC(23) Medium Pages: 0 / 0M, Empty: 0M, Relocated: 0M, In-Place: 0
[44.578s][info][gc,reloc    ] GC(23) Large Pages: 0 / 0M, Empty: 0M, Relocated: 0M, In-Place: 0
[44.578s][info][gc,reloc    ] GC(23) Forwarding Usage: 0M
[44.578s][info][gc,heap     ] GC(23) Min Capacity: 4096M(100%)
[44.578s][info][gc,heap     ] GC(23) Max Capacity: 4096M(100%)
[44.578s][info][gc,heap     ] GC(23) Soft Max Capacity: 4096M(100%)
[44.578s][info][gc,heap     ] GC(23)                Mark Start          Mark End        Relocate Start      Relocate End           High               Low         
[44.578s][info][gc,heap     ] GC(23)  Capacity:     4096M (100%)       4096M (100%)       4096M (100%)       4096M (100%)       4096M (100%)       4096M (100%)   
[44.578s][info][gc,heap     ] GC(23)      Free:     3296M (80%)        3284M (80%)        3966M (97%)        4058M (99%)        4058M (99%)        3284M (80%)    
[44.578s][info][gc,heap     ] GC(23)      Used:      800M (20%)         812M (20%)         130M (3%)           38M (1%)          812M (20%)          38M (1%)     
[44.578s][info][gc,heap     ] GC(23)      Live:         -                20M (0%)           20M (0%)           20M (0%)             -                  -          
[44.578s][info][gc,heap     ] GC(23) Allocated:         -                12M (0%)           12M (0%)           12M (0%)             -                  -          
[44.578s][info][gc,heap     ] GC(23)   Garbage:         -               779M (19%)          97M (2%)            5M (0%)             -                  -          
[44.578s][info][gc,heap     ] GC(23) Reclaimed:         -                  -               682M (17%)         774M (19%)            -                  -          
[44.578s][info][gc          ] GC(23) Garbage Collection (System.gc()) 800M(20%)->38M(1%)
[46.701s][info][gc,start    ] GC(24) Garbage Collection (Proactive)
[46.701s][info][gc,task     ] GC(24) Using 2 workers
[46.701s][info][gc,phases   ] GC(24) Pause Mark Start 0.017ms
[46.720s][info][gc,phases   ] GC(24) Concurrent Mark 18.502ms
[46.720s][info][gc,phases   ] GC(24) Pause Mark End 0.017ms
[46.720s][info][gc,phases   ] GC(24) Concurrent Mark Free 0.001ms
[46.728s][info][gc,phases   ] GC(24) Concurrent Process Non-Strong References 7.391ms
[46.728s][info][gc,phases   ] GC(24) Concurrent Reset Relocation Set 0.004ms
[46.730s][info][gc,phases   ] GC(24) Concurrent Select Relocation Set 2.030ms
[46.730s][info][gc,phases   ] GC(24) Pause Relocate Start 0.010ms
[46.731s][info][gc,phases   ] GC(24) Concurrent Relocate 0.748ms
[46.731s][info][gc,load     ] GC(24) Load: 0.00/0.00/0.00
[46.731s][info][gc,mmu      ] GC(24) MMU: 2ms/98.7%, 5ms/99.5%, 10ms/99.6%, 20ms/99.8%, 50ms/99.9%, 100ms/99.9%
[46.731s][info][gc,marking  ] GC(24) Mark: 2 stripe(s), 2 proactive flush(es), 1 terminate flush(es), 0 completion(s), 0 continuation(s) 
[46.731s][info][gc,marking  ] GC(24) Mark Stack Usage: 32M
[46.731s][info][gc,nmethod  ] GC(24) NMethods: 7450 registered, 2379 unregistered
[46.731s][info][gc,metaspace] GC(24) Metaspace: 50M used, 50M committed, 1088M reserved
[46.731s][info][gc,ref      ] GC(24) Soft: 3841 encountered, 0 discovered, 0 enqueued
[46.731s][info][gc,ref      ] GC(24) Weak: 4359 encountered, 762 discovered, 13 enqueued
[46.731s][info][gc,ref      ] GC(24) Final: 37 encountered, 0 discovered, 0 enqueued
[46.731s][info][gc,ref      ] GC(24) Phantom: 291 encountered, 235 discovered, 0 enqueued
[46.731s][info][gc,reloc    ] GC(24) Small Pages: 1133 / 2266M, Empty: 2142M, Relocated: 0M, In-Place: 0
[46.731s][info][gc,reloc    ] GC(24) Medium Pages: 0 / 0M, Empty: 0M, Relocated: 0M, In-Place: 0
[46.731s][info][gc,reloc    ] GC(24) Large Pages: 0 / 0M, Empty: 0M, Relocated: 0M, In-Place: 0
[46.731s][info][gc,reloc    ] GC(24) Forwarding Usage: 0M
[46.731s][info][gc,heap     ] GC(24) Min Capacity: 4096M(100%)
[46.731s][info][gc,heap     ] GC(24) Max Capacity: 4096M(100%)
[46.731s][info][gc,heap     ] GC(24) Soft Max Capacity: 4096M(100%)
[46.731s][info][gc,heap     ] GC(24)                Mark Start          Mark End        Relocate Start      Relocate End           High               Low         
[46.731s][info][gc,heap     ] GC(24)  Capacity:     4096M (100%)       4096M (100%)       4096M (100%)       4096M (100%)       4096M (100%)       4096M (100%)   
[46.731s][info][gc,heap     ] GC(24)      Free:     1830M (45%)        1814M (44%)        3946M (96%)        4042M (99%)        4042M (99%)        1806M (44%)    
[46.731s][info][gc,heap     ] GC(24)      Used:     2266M (55%)        2282M (56%)         150M (4%)           54M (1%)         2290M (56%)          54M (1%)     
[46.731s][info][gc,heap     ] GC(24)      Live:         -                20M (0%)           20M (0%)           20M (0%)             -                  -          
[46.731s][info][gc,heap     ] GC(24) Allocated:         -                16M (0%)           26M (1%)           27M (1%)             -                  -          
[46.731s][info][gc,heap     ] GC(24)   Garbage:         -              2245M (55%)         103M (3%)            5M (0%)             -                  -          
[46.731s][info][gc,heap     ] GC(24) Reclaimed:         -                  -              2142M (52%)        2239M (55%)            -                  -          
[46.731s][info][gc          ] GC(24) Garbage Collection (Proactive) 2266M(55%)->54M(1%)
[48.204s][info][gc,start    ] GC(25) Garbage Collection (System.gc())
[48.204s][info][gc,task     ] GC(25) Using 2 workers
[48.204s][info][gc,phases   ] GC(25) Pause Mark Start 0.005ms
[48.237s][info][gc,phases   ] GC(25) Concurrent Mark 32.487ms
[48.237s][info][gc,phases   ] GC(25) Pause Mark End 0.024ms
[48.237s][info][gc,phases   ] GC(25) Concurrent Mark Free 0.002ms
[48.244s][info][gc,phases   ] GC(25) Concurrent Process Non-Strong References 7.201ms
[48.244s][info][gc,phases   ] GC(25) Concurrent Reset Relocation Set 0.003ms
[48.246s][info][gc,phases   ] GC(25) Concurrent Select Relocation Set 1.487ms
[48.246s][info][gc,phases   ] GC(25) Pause Relocate Start 0.007ms
[48.246s][info][gc,phases   ] GC(25) Concurrent Relocate 0.368ms
[48.246s][info][gc,load     ] GC(25) Load: 0.00/0.00/0.00
[48.246s][info][gc,mmu      ] GC(25) MMU: 2ms/98.7%, 5ms/99.5%, 10ms/99.6%, 20ms/99.8%, 50ms/99.9%, 100ms/99.9%
[48.246s][info][gc,marking  ] GC(25) Mark: 2 stripe(s), 3 proactive flush(es), 1 terminate flush(es), 0 completion(s), 0 continuation(s) 
[48.246s][info][gc,marking  ] GC(25) Mark Stack Usage: 32M
[48.246s][info][gc,nmethod  ] GC(25) NMethods: 7496 registered, 2386 unregistered
[48.246s][info][gc,metaspace] GC(25) Metaspace: 50M used, 51M committed, 1088M reserved
[48.247s][info][gc,ref      ] GC(25) Soft: 3841 encountered, 0 discovered, 0 enqueued
[48.247s][info][gc,ref      ] GC(25) Weak: 4193 encountered, 284 discovered, 30 enqueued
[48.247s][info][gc,ref      ] GC(25) Final: 37 encountered, 4 discovered, 0 enqueued
[48.247s][info][gc,ref      ] GC(25) Phantom: 291 encountered, 234 discovered, 0 enqueued
[48.247s][info][gc,reloc    ] GC(25) Small Pages: 804 / 1608M, Empty: 1482M, Relocated: 0M, In-Place: 0
[48.247s][info][gc,reloc    ] GC(25) Medium Pages: 0 / 0M, Empty: 0M, Relocated: 0M, In-Place: 0
[48.247s][info][gc,reloc    ] GC(25) Large Pages: 0 / 0M, Empty: 0M, Relocated: 0M, In-Place: 0
[48.247s][info][gc,reloc    ] GC(25) Forwarding Usage: 0M
[48.247s][info][gc,heap     ] GC(25) Min Capacity: 4096M(100%)
[48.247s][info][gc,heap     ] GC(25) Max Capacity: 4096M(100%)
[48.247s][info][gc,heap     ] GC(25) Soft Max Capacity: 4096M(100%)
[48.247s][info][gc,heap     ] GC(25)                Mark Start          Mark End        Relocate Start      Relocate End           High               Low         
[48.247s][info][gc,heap     ] GC(25)  Capacity:     4096M (100%)       4096M (100%)       4096M (100%)       4096M (100%)       4096M (100%)       4096M (100%)   
[48.247s][info][gc,heap     ] GC(25)      Free:     2488M (61%)        2472M (60%)        3954M (97%)        4054M (99%)        4054M (99%)        2472M (60%)    
[48.247s][info][gc,heap     ] GC(25)      Used:     1608M (39%)        1624M (40%)         142M (3%)           42M (1%)         1624M (40%)          42M (1%)     
[48.247s][info][gc,heap     ] GC(25)      Live:         -                20M (0%)           20M (0%)           20M (0%)             -                  -          
[48.247s][info][gc,heap     ] GC(25) Allocated:         -                16M (0%)           16M (0%)           16M (0%)             -                  -          
[48.247s][info][gc,heap     ] GC(25)   Garbage:         -              1587M (39%)         105M (3%)            5M (0%)             -                  -          
[48.247s][info][gc,heap     ] GC(25) Reclaimed:         -                  -              1482M (36%)        1582M (39%)            -                  -          
[48.247s][info][gc          ] GC(25) Garbage Collection (System.gc()) 1608M(39%)->42M(1%)
[50.201s][info][gc,stats    ] === Garbage Collection Statistics =======================================================================================================================
[50.201s][info][gc,stats    ]                                                              Last 10s              Last 10m              Last 10h                Total
[50.201s][info][gc,stats    ]                                                              Avg / Max             Avg / Max             Avg / Max             Avg / Max
[50.201s][info][gc,stats    ]   Collector: Garbage Collection Cycle                     33.687 / 42.409       33.557 / 62.948       33.557 / 62.948       33.557 / 62.948      ms
[50.201s][info][gc,stats    ]  Contention: Mark Segment Reset Contention                     0 / 1                 0 / 2                 0 / 2                 0 / 2           ops/s
[50.201s][info][gc,stats    ]  Contention: Mark SeqNum Reset Contention                      0 / 1                 0 / 1                 0 / 1                 0 / 1           ops/s
[50.201s][info][gc,stats    ]    Critical: Allocation Stall                                  0 / 0                 0 / 0                 0 / 0                 0 / 0           ops/s
[50.202s][info][gc,stats    ]    Critical: Allocation Stall                              0.000 / 0.000         0.000 / 0.000         0.000 / 0.000         0.000 / 0.000       ms
[50.202s][info][gc,stats    ]    Critical: GC Locker Stall                                   0 / 0                 0 / 0                 0 / 0                 0 / 0           ops/s
[50.202s][info][gc,stats    ]    Critical: GC Locker Stall                               0.000 / 0.000         0.000 / 0.000         0.000 / 0.000         0.000 / 0.000       ms
[50.202s][info][gc,stats    ]    Critical: Relocation Stall                                  0 / 0                 0 / 0                 0 / 0                 0 / 0           ops/s
[50.202s][info][gc,stats    ]    Critical: Relocation Stall                              0.000 / 0.000         0.000 / 0.000         0.000 / 0.000         0.000 / 0.000       ms
[50.202s][info][gc,stats    ]      Memory: Allocation Rate                                1046 / 1088            814 / 1094            814 / 1094            814 / 1094        MB/s
[50.202s][info][gc,stats    ]      Memory: Defragment                                        0 / 0                 0 / 0                 0 / 0                 0 / 0           ops/s
[50.202s][info][gc,stats    ]      Memory: Out Of Memory                                     0 / 0                 0 / 0                 0 / 0                 0 / 0           ops/s
[50.202s][info][gc,stats    ]      Memory: Page Cache Flush                                  0 / 0                 0 / 0                 0 / 0                 0 / 0           MB/s
[50.202s][info][gc,stats    ]      Memory: Page Cache Hit L1                               519 / 544             377 / 544             377 / 544             377 / 544         ops/s
[50.202s][info][gc,stats    ]      Memory: Page Cache Hit L2                                 0 / 0                 0 / 0                 0 / 0                 0 / 0           ops/s
[50.202s][info][gc,stats    ]      Memory: Page Cache Hit L3                                 4 / 47               30 / 295              30 / 295              30 / 295         ops/s
[50.202s][info][gc,stats    ]      Memory: Page Cache Miss                                   0 / 0                 0 / 1                 0 / 1                 0 / 1           ops/s
[50.202s][info][gc,stats    ]      Memory: Uncommit                                          0 / 0                 0 / 0                 0 / 0                 0 / 0           MB/s
[50.202s][info][gc,stats    ]      Memory: Undo Object Allocation Failed                     0 / 0                 0 / 0                 0 / 0                 0 / 0           ops/s
[50.202s][info][gc,stats    ]      Memory: Undo Object Allocation Succeeded                  0 / 1                 3 / 42                3 / 42                3 / 42          ops/s
[50.202s][info][gc,stats    ]      Memory: Undo Page Allocation                              1 / 3                 1 / 8                 1 / 8                 1 / 8           ops/s
[50.202s][info][gc,stats    ]       Phase: Concurrent Mark                              23.686 / 33.122       22.368 / 33.521       22.368 / 33.521       22.368 / 33.521      ms
[50.202s][info][gc,stats    ]       Phase: Concurrent Mark Continue                      0.000 / 0.000         0.000 / 0.000         0.000 / 0.000         0.000 / 0.000       ms
[50.202s][info][gc,stats    ]       Phase: Concurrent Mark Free                          0.001 / 0.002         0.001 / 0.002         0.001 / 0.002         0.001 / 0.002       ms
[50.202s][info][gc,stats    ]       Phase: Concurrent Process Non-Strong References      6.787 / 7.391         6.991 / 21.700        6.991 / 21.700        6.991 / 21.700      ms
[50.202s][info][gc,stats    ]       Phase: Concurrent Relocate                           0.539 / 0.761         1.162 / 5.848         1.162 / 5.848         1.162 / 5.848       ms
[50.202s][info][gc,stats    ]       Phase: Concurrent Reset Relocation Set               0.004 / 0.005         0.004 / 0.010         0.004 / 0.010         0.004 / 0.010       ms
[50.202s][info][gc,stats    ]       Phase: Concurrent Select Relocation Set              1.928 / 2.307         2.214 / 5.959         2.214 / 5.959         2.214 / 5.959       ms
[50.202s][info][gc,stats    ]       Phase: Pause Mark End                                0.017 / 0.024         0.018 / 0.025         0.018 / 0.025         0.018 / 0.025       ms
[50.202s][info][gc,stats    ]       Phase: Pause Mark Start                              0.009 / 0.017         0.009 / 0.022         0.009 / 0.022         0.009 / 0.022       ms
[50.202s][info][gc,stats    ]       Phase: Pause Relocate Start                          0.008 / 0.010         0.009 / 0.017         0.009 / 0.017         0.009 / 0.017       ms
[50.202s][info][gc,stats    ]    Subphase: Concurrent Classes Purge                      0.073 / 0.097         0.255 / 1.921         0.255 / 1.921         0.255 / 1.921       ms
[50.202s][info][gc,stats    ]    Subphase: Concurrent Classes Unlink                     6.012 / 6.694         5.909 / 15.207        5.909 / 15.207        5.909 / 15.207      ms
[50.202s][info][gc,stats    ]    Subphase: Concurrent Mark                              18.418 / 30.614       18.301 / 31.441       18.301 / 31.441       18.301 / 31.441      ms
[50.202s][info][gc,stats    ]    Subphase: Concurrent Mark Try Flush                     0.068 / 0.121         0.079 / 0.430         0.079 / 0.430         0.079 / 0.430       ms
[50.202s][info][gc,stats    ]    Subphase: Concurrent Mark Try Terminate                 2.326 / 15.335        1.630 / 15.335        1.630 / 15.335        1.630 / 15.335      ms
[50.202s][info][gc,stats    ]    Subphase: Concurrent References Enqueue                 0.005 / 0.007         0.005 / 0.010         0.005 / 0.010         0.005 / 0.010       ms
[50.202s][info][gc,stats    ]    Subphase: Concurrent References Process                 0.110 / 0.124         0.146 / 0.844         0.146 / 0.844         0.146 / 0.844       ms
[50.202s][info][gc,stats    ]    Subphase: Concurrent Roots ClassLoaderDataGraph         0.076 / 0.128         0.086 / 0.281         0.086 / 0.281         0.086 / 0.281       ms
[50.202s][info][gc,stats    ]    Subphase: Concurrent Roots CodeCache                    0.000 / 0.000         0.000 / 0.000         0.000 / 0.000         0.000 / 0.000       ms
[50.202s][info][gc,stats    ]    Subphase: Concurrent Roots JavaThreads                  1.665 / 2.496         1.647 / 3.432         1.647 / 3.432         1.647 / 3.432       ms
[50.202s][info][gc,stats    ]    Subphase: Concurrent Roots OopStorageSet                0.030 / 0.043         0.032 / 0.106         0.032 / 0.106         0.032 / 0.106       ms
[50.202s][info][gc,stats    ]    Subphase: Concurrent Weak Roots OopStorageSet           0.394 / 0.673         0.399 / 1.078         0.399 / 1.078         0.399 / 1.078       ms
[50.202s][info][gc,stats    ]    Subphase: Pause Mark Try Complete                       0.000 / 0.000         0.000 / 0.000         0.000 / 0.000         0.000 / 0.000       ms
[50.202s][info][gc,stats    ]      System: Java Threads                                     58 / 59               48 / 59               48 / 59               48 / 59          threads
[50.202s][info][gc,stats    ] =========================================================================================================================================================
[51.301s][info][gc,start    ] GC(26) Garbage Collection (Proactive)
[51.301s][info][gc,task     ] GC(26) Using 2 workers
[51.301s][info][gc,phases   ] GC(26) Pause Mark Start 0.010ms
[51.320s][info][gc,phases   ] GC(26) Concurrent Mark 18.631ms
[51.320s][info][gc,phases   ] GC(26) Pause Mark End 0.016ms
[51.320s][info][gc,phases   ] GC(26) Concurrent Mark Free 0.001ms
[51.328s][info][gc,phases   ] GC(26) Concurrent Process Non-Strong References 7.315ms
[51.328s][info][gc,phases   ] GC(26) Concurrent Reset Relocation Set 0.004ms
[51.330s][info][gc,phases   ] GC(26) Concurrent Select Relocation Set 2.286ms
[51.330s][info][gc,phases   ] GC(26) Pause Relocate Start 0.009ms
[51.331s][info][gc,phases   ] GC(26) Concurrent Relocate 0.801ms
[51.331s][info][gc,load     ] GC(26) Load: 0.00/0.00/0.00
[51.331s][info][gc,mmu      ] GC(26) MMU: 2ms/98.7%, 5ms/99.5%, 10ms/99.6%, 20ms/99.8%, 50ms/99.9%, 100ms/99.9%
[51.331s][info][gc,marking  ] GC(26) Mark: 2 stripe(s), 2 proactive flush(es), 1 terminate flush(es), 0 completion(s), 0 continuation(s) 
[51.331s][info][gc,marking  ] GC(26) Mark Stack Usage: 32M
[51.331s][info][gc,nmethod  ] GC(26) NMethods: 7566 registered, 2401 unregistered
[51.331s][info][gc,metaspace] GC(26) Metaspace: 50M used, 51M committed, 1088M reserved
[51.331s][info][gc,ref      ] GC(26) Soft: 3841 encountered, 0 discovered, 0 enqueued
[51.331s][info][gc,ref      ] GC(26) Weak: 4360 encountered, 336 discovered, 14 enqueued
[51.331s][info][gc,ref      ] GC(26) Final: 37 encountered, 0 discovered, 0 enqueued
[51.331s][info][gc,ref      ] GC(26) Phantom: 291 encountered, 237 discovered, 0 enqueued
[51.331s][info][gc,reloc    ] GC(26) Small Pages: 1639 / 3278M, Empty: 3140M, Relocated: 1M, In-Place: 0
[51.331s][info][gc,reloc    ] GC(26) Medium Pages: 0 / 0M, Empty: 0M, Relocated: 0M, In-Place: 0
[51.331s][info][gc,reloc    ] GC(26) Large Pages: 0 / 0M, Empty: 0M, Relocated: 0M, In-Place: 0
[51.331s][info][gc,reloc    ] GC(26) Forwarding Usage: 0M
[51.331s][info][gc,heap     ] GC(26) Min Capacity: 4096M(100%)
[51.331s][info][gc,heap     ] GC(26) Max Capacity: 4096M(100%)
[51.331s][info][gc,heap     ] GC(26) Soft Max Capacity: 4096M(100%)
[51.331s][info][gc,heap     ] GC(26)                Mark Start          Mark End        Relocate Start      Relocate End           High               Low         
[51.331s][info][gc,heap     ] GC(26)  Capacity:     4096M (100%)       4096M (100%)       4096M (100%)       4096M (100%)       4096M (100%)       4096M (100%)   
[51.331s][info][gc,heap     ] GC(26)      Free:      818M (20%)         800M (20%)        3936M (96%)        4044M (99%)        4044M (99%)         796M (19%)    
[51.331s][info][gc,heap     ] GC(26)      Used:     3278M (80%)        3296M (80%)         160M (4%)           52M (1%)         3300M (81%)          52M (1%)     
[51.331s][info][gc,heap     ] GC(26)      Live:         -                20M (0%)           20M (0%)           20M (0%)             -                  -          
[51.331s][info][gc,heap     ] GC(26) Allocated:         -                18M (0%)           22M (1%)           25M (1%)             -                  -          
[51.331s][info][gc,heap     ] GC(26)   Garbage:         -              3257M (80%)         117M (3%)            5M (0%)             -                  -          
[51.331s][info][gc,heap     ] GC(26) Reclaimed:         -                  -              3140M (77%)        3251M (79%)            -                  -          
[51.331s][info][gc          ] GC(26) Garbage Collection (Proactive) 3278M(80%)->52M(1%)
[51.865s][info][gc,start    ] GC(27) Garbage Collection (System.gc())
[51.865s][info][gc,task     ] GC(27) Using 2 workers
[51.865s][info][gc,phases   ] GC(27) Pause Mark Start 0.006ms
[51.897s][info][gc,phases   ] GC(27) Concurrent Mark 31.164ms
[51.897s][info][gc,phases   ] GC(27) Pause Mark End 0.024ms
[51.897s][info][gc,phases   ] GC(27) Concurrent Mark Free 0.002ms
[51.903s][info][gc,phases   ] GC(27) Concurrent Process Non-Strong References 6.208ms
[51.903s][info][gc,phases   ] GC(27) Concurrent Reset Relocation Set 0.005ms
[51.905s][info][gc,phases   ] GC(27) Concurrent Select Relocation Set 2.212ms
[51.905s][info][gc,phases   ] GC(27) Pause Relocate Start 0.009ms
[51.906s][info][gc,phases   ] GC(27) Concurrent Relocate 0.469ms
[51.906s][info][gc,load     ] GC(27) Load: 0.00/0.00/0.00
[51.906s][info][gc,mmu      ] GC(27) MMU: 2ms/98.7%, 5ms/99.5%, 10ms/99.6%, 20ms/99.8%, 50ms/99.9%, 100ms/99.9%
[51.906s][info][gc,marking  ] GC(27) Mark: 2 stripe(s), 2 proactive flush(es), 1 terminate flush(es), 0 completion(s), 0 continuation(s) 
[51.906s][info][gc,marking  ] GC(27) Mark Stack Usage: 32M
[51.906s][info][gc,nmethod  ] GC(27) NMethods: 7709 registered, 2409 unregistered
[51.906s][info][gc,metaspace] GC(27) Metaspace: 50M used, 51M committed, 1088M reserved
[51.906s][info][gc,ref      ] GC(27) Soft: 3841 encountered, 0 discovered, 0 enqueued
[51.906s][info][gc,ref      ] GC(27) Weak: 4199 encountered, 632 discovered, 30 enqueued
[51.906s][info][gc,ref      ] GC(27) Final: 37 encountered, 4 discovered, 0 enqueued
[51.906s][info][gc,ref      ] GC(27) Phantom: 291 encountered, 233 discovered, 0 enqueued
[51.906s][info][gc,reloc    ] GC(27) Small Pages: 299 / 598M, Empty: 470M, Relocated: 0M, In-Place: 0
[51.906s][info][gc,reloc    ] GC(27) Medium Pages: 0 / 0M, Empty: 0M, Relocated: 0M, In-Place: 0
[51.906s][info][gc,reloc    ] GC(27) Large Pages: 0 / 0M, Empty: 0M, Relocated: 0M, In-Place: 0
[51.906s][info][gc,reloc    ] GC(27) Forwarding Usage: 0M
[51.906s][info][gc,heap     ] GC(27) Min Capacity: 4096M(100%)
[51.906s][info][gc,heap     ] GC(27) Max Capacity: 4096M(100%)
[51.906s][info][gc,heap     ] GC(27) Soft Max Capacity: 4096M(100%)
[51.906s][info][gc,heap     ] GC(27)                Mark Start          Mark End        Relocate Start      Relocate End           High               Low         
[51.906s][info][gc,heap     ] GC(27)  Capacity:     4096M (100%)       4096M (100%)       4096M (100%)       4096M (100%)       4096M (100%)       4096M (100%)   
[51.906s][info][gc,heap     ] GC(27)      Free:     3498M (85%)        3486M (85%)        3956M (97%)        4058M (99%)        4058M (99%)        3486M (85%)    
[51.906s][info][gc,heap     ] GC(27)      Used:      598M (15%)         610M (15%)         140M (3%)           38M (1%)          610M (15%)          38M (1%)     
[51.906s][info][gc,heap     ] GC(27)      Live:         -                20M (0%)           20M (0%)           20M (0%)             -                  -          
[51.906s][info][gc,heap     ] GC(27) Allocated:         -                12M (0%)           12M (0%)           12M (0%)             -                  -          
[51.906s][info][gc,heap     ] GC(27)   Garbage:         -               577M (14%)         107M (3%)            5M (0%)             -                  -          
[51.906s][info][gc,heap     ] GC(27) Reclaimed:         -                  -               470M (11%)         572M (14%)            -                  -          
[51.906s][info][gc          ] GC(27) Garbage Collection (System.gc()) 598M(15%)->38M(1%)
[54.597s][info][gc,start    ] GC(28) Garbage Collection (Proactive)
[54.598s][info][gc,task     ] GC(28) Using 2 workers
[54.598s][info][gc,phases   ] GC(28) Pause Mark Start 0.010ms
[54.617s][info][gc,phases   ] GC(28) Concurrent Mark 19.419ms
[54.617s][info][gc,phases   ] GC(28) Pause Mark End 0.018ms
[54.617s][info][gc,phases   ] GC(28) Concurrent Mark Free 0.001ms
[54.624s][info][gc,phases   ] GC(28) Concurrent Process Non-Strong References 7.188ms
[54.625s][info][gc,phases   ] GC(28) Concurrent Reset Relocation Set 0.003ms
[54.627s][info][gc,phases   ] GC(28) Concurrent Select Relocation Set 2.116ms
[54.627s][info][gc,phases   ] GC(28) Pause Relocate Start 0.008ms
[54.628s][info][gc,phases   ] GC(28) Concurrent Relocate 0.767ms
[54.628s][info][gc,load     ] GC(28) Load: 0.00/0.00/0.00
[54.628s][info][gc,mmu      ] GC(28) MMU: 2ms/98.7%, 5ms/99.5%, 10ms/99.6%, 20ms/99.8%, 50ms/99.9%, 100ms/99.9%
[54.628s][info][gc,marking  ] GC(28) Mark: 2 stripe(s), 2 proactive flush(es), 1 terminate flush(es), 0 completion(s), 0 continuation(s) 
[54.628s][info][gc,marking  ] GC(28) Mark Stack Usage: 32M
[54.628s][info][gc,nmethod  ] GC(28) NMethods: 7743 registered, 2421 unregistered
[54.628s][info][gc,metaspace] GC(28) Metaspace: 50M used, 51M committed, 1088M reserved
[54.628s][info][gc,ref      ] GC(28) Soft: 3841 encountered, 0 discovered, 0 enqueued
[54.628s][info][gc,ref      ] GC(28) Weak: 4361 encountered, 1132 discovered, 14 enqueued
[54.628s][info][gc,ref      ] GC(28) Final: 37 encountered, 0 discovered, 0 enqueued
[54.628s][info][gc,ref      ] GC(28) Phantom: 291 encountered, 235 discovered, 0 enqueued
[54.628s][info][gc,reloc    ] GC(28) Small Pages: 1438 / 2876M, Empty: 2742M, Relocated: 0M, In-Place: 0
[54.628s][info][gc,reloc    ] GC(28) Medium Pages: 0 / 0M, Empty: 0M, Relocated: 0M, In-Place: 0
[54.628s][info][gc,reloc    ] GC(28) Large Pages: 0 / 0M, Empty: 0M, Relocated: 0M, In-Place: 0
[54.628s][info][gc,reloc    ] GC(28) Forwarding Usage: 0M
[54.628s][info][gc,heap     ] GC(28) Min Capacity: 4096M(100%)
[54.628s][info][gc,heap     ] GC(28) Max Capacity: 4096M(100%)
[54.628s][info][gc,heap     ] GC(28) Soft Max Capacity: 4096M(100%)
[54.628s][info][gc,heap     ] GC(28)                Mark Start          Mark End        Relocate Start      Relocate End           High               Low         
[54.628s][info][gc,heap     ] GC(28)  Capacity:     4096M (100%)       4096M (100%)       4096M (100%)       4096M (100%)       4096M (100%)       4096M (100%)   
[54.628s][info][gc,heap     ] GC(28)      Free:     1220M (30%)        1202M (29%)        3938M (96%)        4042M (99%)        4042M (99%)        1196M (29%)    
[54.628s][info][gc,heap     ] GC(28)      Used:     2876M (70%)        2894M (71%)         158M (4%)           54M (1%)         2900M (71%)          54M (1%)     
[54.628s][info][gc,heap     ] GC(28)      Live:         -                20M (0%)           20M (0%)           20M (0%)             -                  -          
[54.628s][info][gc,heap     ] GC(28) Allocated:         -                18M (0%)           24M (1%)           27M (1%)             -                  -          
[54.628s][info][gc,heap     ] GC(28)   Garbage:         -              2855M (70%)         113M (3%)            5M (0%)             -                  -          
[54.628s][info][gc,heap     ] GC(28) Reclaimed:         -                  -              2742M (67%)        2849M (70%)            -                  -          
[54.628s][info][gc          ] GC(28) Garbage Collection (Proactive) 2876M(70%)->54M(1%)
[55.539s][info][gc,start    ] GC(29) Garbage Collection (System.gc())
[55.539s][info][gc,task     ] GC(29) Using 2 workers
[55.539s][info][gc,phases   ] GC(29) Pause Mark Start 0.007ms
[55.566s][info][gc,phases   ] GC(29) Concurrent Mark 26.909ms
[55.566s][info][gc,phases   ] GC(29) Pause Mark End 0.022ms
[55.567s][info][gc,phases   ] GC(29) Concurrent Mark Free 0.001ms
[55.573s][info][gc,phases   ] GC(29) Concurrent Process Non-Strong References 6.584ms
[55.573s][info][gc,phases   ] GC(29) Concurrent Reset Relocation Set 0.005ms
[55.576s][info][gc,phases   ] GC(29) Concurrent Select Relocation Set 2.273ms
[55.576s][info][gc,phases   ] GC(29) Pause Relocate Start 0.012ms
[55.576s][info][gc,phases   ] GC(29) Concurrent Relocate 0.750ms
[55.576s][info][gc,load     ] GC(29) Load: 0.00/0.00/0.00
[55.577s][info][gc,mmu      ] GC(29) MMU: 2ms/98.7%, 5ms/99.5%, 10ms/99.6%, 20ms/99.8%, 50ms/99.9%, 100ms/99.9%
[55.577s][info][gc,marking  ] GC(29) Mark: 2 stripe(s), 2 proactive flush(es), 1 terminate flush(es), 0 completion(s), 0 continuation(s) 
[55.577s][info][gc,marking  ] GC(29) Mark Stack Usage: 32M
[55.577s][info][gc,nmethod  ] GC(29) NMethods: 7771 registered, 2425 unregistered
[55.577s][info][gc,metaspace] GC(29) Metaspace: 50M used, 51M committed, 1088M reserved
[55.577s][info][gc,ref      ] GC(29) Soft: 3841 encountered, 0 discovered, 0 enqueued
[55.577s][info][gc,ref      ] GC(29) Weak: 4196 encountered, 440 discovered, 31 enqueued
[55.577s][info][gc,ref      ] GC(29) Final: 37 encountered, 1 discovered, 0 enqueued
[55.577s][info][gc,ref      ] GC(29) Phantom: 291 encountered, 237 discovered, 0 enqueued
[55.577s][info][gc,reloc    ] GC(29) Small Pages: 500 / 1000M, Empty: 870M, Relocated: 0M, In-Place: 0
[55.577s][info][gc,reloc    ] GC(29) Medium Pages: 0 / 0M, Empty: 0M, Relocated: 0M, In-Place: 0
[55.577s][info][gc,reloc    ] GC(29) Large Pages: 0 / 0M, Empty: 0M, Relocated: 0M, In-Place: 0
[55.577s][info][gc,reloc    ] GC(29) Forwarding Usage: 0M
[55.577s][info][gc,heap     ] GC(29) Min Capacity: 4096M(100%)
[55.577s][info][gc,heap     ] GC(29) Max Capacity: 4096M(100%)
[55.577s][info][gc,heap     ] GC(29) Soft Max Capacity: 4096M(100%)
[55.577s][info][gc,heap     ] GC(29)                Mark Start          Mark End        Relocate Start      Relocate End           High               Low         
[55.577s][info][gc,heap     ] GC(29)  Capacity:     4096M (100%)       4096M (100%)       4096M (100%)       4096M (100%)       4096M (100%)       4096M (100%)   
[55.577s][info][gc,heap     ] GC(29)      Free:     3096M (76%)        3084M (75%)        3954M (97%)        4058M (99%)        4058M (99%)        3084M (75%)    
[55.577s][info][gc,heap     ] GC(29)      Used:     1000M (24%)        1012M (25%)         142M (3%)           38M (1%)         1012M (25%)          38M (1%)     
[55.577s][info][gc,heap     ] GC(29)      Live:         -                20M (0%)           20M (0%)           20M (0%)             -                  -          
[55.577s][info][gc,heap     ] GC(29) Allocated:         -                12M (0%)           12M (0%)           12M (0%)             -                  -          
[55.577s][info][gc,heap     ] GC(29)   Garbage:         -               979M (24%)         109M (3%)            5M (0%)             -                  -          
[55.577s][info][gc,heap     ] GC(29) Reclaimed:         -                  -               870M (21%)         974M (24%)            -                  -          
[55.577s][info][gc          ] GC(29) Garbage Collection (System.gc()) 1000M(24%)->38M(1%)
[57.897s][info][gc,start    ] GC(30) Garbage Collection (Proactive)
[57.897s][info][gc,task     ] GC(30) Using 2 workers
[57.897s][info][gc,phases   ] GC(30) Pause Mark Start 0.009ms
[57.916s][info][gc,phases   ] GC(30) Concurrent Mark 18.658ms
[57.916s][info][gc,phases   ] GC(30) Pause Mark End 0.018ms
[57.916s][info][gc,phases   ] GC(30) Concurrent Mark Free 0.001ms
[57.924s][info][gc,phases   ] GC(30) Concurrent Process Non-Strong References 7.315ms
[57.924s][info][gc,phases   ] GC(30) Concurrent Reset Relocation Set 0.005ms
[57.926s][info][gc,phases   ] GC(30) Concurrent Select Relocation Set 2.135ms
[57.926s][info][gc,phases   ] GC(30) Pause Relocate Start 0.010ms
[57.927s][info][gc,phases   ] GC(30) Concurrent Relocate 0.771ms
[57.927s][info][gc,load     ] GC(30) Load: 0.00/0.00/0.00
[57.927s][info][gc,mmu      ] GC(30) MMU: 2ms/98.7%, 5ms/99.5%, 10ms/99.6%, 20ms/99.8%, 50ms/99.9%, 100ms/99.9%
[57.927s][info][gc,marking  ] GC(30) Mark: 2 stripe(s), 2 proactive flush(es), 1 terminate flush(es), 0 completion(s), 0 continuation(s) 
[57.927s][info][gc,marking  ] GC(30) Mark Stack Usage: 32M
[57.927s][info][gc,nmethod  ] GC(30) NMethods: 7792 registered, 2440 unregistered
[57.927s][info][gc,metaspace] GC(30) Metaspace: 50M used, 51M committed, 1088M reserved
[57.927s][info][gc,ref      ] GC(30) Soft: 3841 encountered, 0 discovered, 0 enqueued
[57.927s][info][gc,ref      ] GC(30) Weak: 4362 encountered, 741 discovered, 13 enqueued
[57.927s][info][gc,ref      ] GC(30) Final: 37 encountered, 0 discovered, 0 enqueued
[57.927s][info][gc,ref      ] GC(30) Phantom: 291 encountered, 235 discovered, 0 enqueued
[57.927s][info][gc,reloc    ] GC(30) Small Pages: 1230 / 2460M, Empty: 2350M, Relocated: 0M, In-Place: 0
[57.927s][info][gc,reloc    ] GC(30) Medium Pages: 0 / 0M, Empty: 0M, Relocated: 0M, In-Place: 0
[57.927s][info][gc,reloc    ] GC(30) Large Pages: 0 / 0M, Empty: 0M, Relocated: 0M, In-Place: 0
[57.927s][info][gc,reloc    ] GC(30) Forwarding Usage: 0M
[57.927s][info][gc,heap     ] GC(30) Min Capacity: 4096M(100%)
[57.927s][info][gc,heap     ] GC(30) Max Capacity: 4096M(100%)
[57.927s][info][gc,heap     ] GC(30) Soft Max Capacity: 4096M(100%)
[57.927s][info][gc,heap     ] GC(30)                Mark Start          Mark End        Relocate Start      Relocate End           High               Low         
[57.927s][info][gc,heap     ] GC(30)  Capacity:     4096M (100%)       4096M (100%)       4096M (100%)       4096M (100%)       4096M (100%)       4096M (100%)   
[57.927s][info][gc,heap     ] GC(30)      Free:     1636M (40%)        1618M (40%)        3960M (97%)        4044M (99%)        4044M (99%)        1612M (39%)    
[57.927s][info][gc,heap     ] GC(30)      Used:     2460M (60%)        2478M (60%)         136M (3%)           52M (1%)         2484M (61%)          52M (1%)     
[57.927s][info][gc,heap     ] GC(30)      Live:         -                20M (0%)           20M (0%)           20M (0%)             -                  -          
[57.927s][info][gc,heap     ] GC(30) Allocated:         -                18M (0%)           26M (1%)           25M (1%)             -                  -          
[57.927s][info][gc,heap     ] GC(30)   Garbage:         -              2439M (60%)          89M (2%)            5M (0%)             -                  -          
[57.927s][info][gc,heap     ] GC(30) Reclaimed:         -                  -              2350M (57%)        2433M (59%)            -                  -          
[57.927s][info][gc          ] GC(30) Garbage Collection (Proactive) 2460M(60%)->52M(1%)
[59.235s][info][gc,start    ] GC(31) Garbage Collection (System.gc())
[59.235s][info][gc,task     ] GC(31) Using 2 workers
[59.235s][info][gc,phases   ] GC(31) Pause Mark Start 0.007ms
[59.266s][info][gc,phases   ] GC(31) Concurrent Mark 31.245ms
[59.266s][info][gc,phases   ] GC(31) Pause Mark End 0.021ms
[59.267s][info][gc,phases   ] GC(31) Concurrent Mark Free 0.002ms
[59.273s][info][gc,phases   ] GC(31) Concurrent Process Non-Strong References 6.847ms
[59.273s][info][gc,phases   ] GC(31) Concurrent Reset Relocation Set 0.003ms
[59.276s][info][gc,phases   ] GC(31) Concurrent Select Relocation Set 2.006ms
[59.276s][info][gc,phases   ] GC(31) Pause Relocate Start 0.006ms
[59.276s][info][gc,phases   ] GC(31) Concurrent Relocate 0.328ms
[59.276s][info][gc,load     ] GC(31) Load: 0.00/0.00/0.00
[59.276s][info][gc,mmu      ] GC(31) MMU: 2ms/98.7%, 5ms/99.5%, 10ms/99.6%, 20ms/99.8%, 50ms/99.9%, 100ms/99.9%
[59.276s][info][gc,marking  ] GC(31) Mark: 2 stripe(s), 2 proactive flush(es), 1 terminate flush(es), 0 completion(s), 0 continuation(s) 
[59.276s][info][gc,marking  ] GC(31) Mark Stack Usage: 32M
[59.276s][info][gc,nmethod  ] GC(31) NMethods: 7810 registered, 2446 unregistered
[59.276s][info][gc,metaspace] GC(31) Metaspace: 50M used, 51M committed, 1088M reserved
[59.276s][info][gc,ref      ] GC(31) Soft: 3841 encountered, 0 discovered, 0 enqueued
[59.276s][info][gc,ref      ] GC(31) Weak: 4196 encountered, 246 discovered, 31 enqueued
[59.276s][info][gc,ref      ] GC(31) Final: 37 encountered, 2 discovered, 0 enqueued
[59.276s][info][gc,ref      ] GC(31) Phantom: 291 encountered, 237 discovered, 0 enqueued
[59.276s][info][gc,reloc    ] GC(31) Small Pages: 705 / 1410M, Empty: 1274M, Relocated: 0M, In-Place: 0
[59.276s][info][gc,reloc    ] GC(31) Medium Pages: 0 / 0M, Empty: 0M, Relocated: 0M, In-Place: 0
[59.276s][info][gc,reloc    ] GC(31) Large Pages: 0 / 0M, Empty: 0M, Relocated: 0M, In-Place: 0
[59.276s][info][gc,reloc    ] GC(31) Forwarding Usage: 0M
[59.276s][info][gc,heap     ] GC(31) Min Capacity: 4096M(100%)
[59.276s][info][gc,heap     ] GC(31) Max Capacity: 4096M(100%)
[59.276s][info][gc,heap     ] GC(31) Soft Max Capacity: 4096M(100%)
[59.276s][info][gc,heap     ] GC(31)                Mark Start          Mark End        Relocate Start      Relocate End           High               Low         
[59.276s][info][gc,heap     ] GC(31)  Capacity:     4096M (100%)       4096M (100%)       4096M (100%)       4096M (100%)       4096M (100%)       4096M (100%)   
[59.276s][info][gc,heap     ] GC(31)      Free:     2686M (66%)        2672M (65%)        3946M (96%)        4056M (99%)        4056M (99%)        2672M (65%)    
[59.276s][info][gc,heap     ] GC(31)      Used:     1410M (34%)        1424M (35%)         150M (4%)           40M (1%)         1424M (35%)          40M (1%)     
[59.276s][info][gc,heap     ] GC(31)      Live:         -                20M (0%)           20M (0%)           20M (0%)             -                  -          
[59.276s][info][gc,heap     ] GC(31) Allocated:         -                14M (0%)           14M (0%)           14M (0%)             -                  -          
[59.276s][info][gc,heap     ] GC(31)   Garbage:         -              1389M (34%)         115M (3%)            5M (0%)             -                  -          
[59.276s][info][gc,heap     ] GC(31) Reclaimed:         -                  -              1274M (31%)        1384M (34%)            -                  -          
[59.276s][info][gc          ] GC(31) Garbage Collection (System.gc()) 1410M(34%)->40M(1%)
[60.202s][info][gc,stats    ] === Garbage Collection Statistics =======================================================================================================================
[60.202s][info][gc,stats    ]                                                              Last 10s              Last 10m              Last 10h                Total
[60.202s][info][gc,stats    ]                                                              Avg / Max             Avg / Max             Avg / Max             Avg / Max
[60.202s][info][gc,stats    ]   Collector: Garbage Collection Cycle                     34.818 / 41.181       33.793 / 62.948       33.793 / 62.948       33.793 / 62.948      ms
[60.202s][info][gc,stats    ]  Contention: Mark Segment Reset Contention                     0 / 1                 0 / 2                 0 / 2                 0 / 2           ops/s
[60.202s][info][gc,stats    ]  Contention: Mark SeqNum Reset Contention                      0 / 0                 0 / 1                 0 / 1                 0 / 1           ops/s
[60.202s][info][gc,stats    ]    Critical: Allocation Stall                                  0 / 0                 0 / 0                 0 / 0                 0 / 0           ops/s
[60.202s][info][gc,stats    ]    Critical: Allocation Stall                              0.000 / 0.000         0.000 / 0.000         0.000 / 0.000         0.000 / 0.000       ms
[60.202s][info][gc,stats    ]    Critical: GC Locker Stall                                   0 / 0                 0 / 0                 0 / 0                 0 / 0           ops/s
[60.202s][info][gc,stats    ]    Critical: GC Locker Stall                               0.000 / 0.000         0.000 / 0.000         0.000 / 0.000         0.000 / 0.000       ms
[60.202s][info][gc,stats    ]    Critical: Relocation Stall                                  0 / 0                 0 / 0                 0 / 0                 0 / 0           ops/s
[60.202s][info][gc,stats    ]    Critical: Relocation Stall                              0.000 / 0.000         0.000 / 0.000         0.000 / 0.000         0.000 / 0.000       ms
[60.202s][info][gc,stats    ]      Memory: Allocation Rate                                1038 / 1066            851 / 1094            851 / 1094            851 / 1094        MB/s
[60.202s][info][gc,stats    ]      Memory: Defragment                                        0 / 0                 0 / 0                 0 / 0                 0 / 0           ops/s
[60.202s][info][gc,stats    ]      Memory: Out Of Memory                                     0 / 0                 0 / 0                 0 / 0                 0 / 0           ops/s
[60.202s][info][gc,stats    ]      Memory: Page Cache Flush                                  0 / 0                 0 / 0                 0 / 0                 0 / 0           MB/s
[60.202s][info][gc,stats    ]      Memory: Page Cache Hit L1                               509 / 531             399 / 544             399 / 544             399 / 544         ops/s
[60.202s][info][gc,stats    ]      Memory: Page Cache Hit L2                                 0 / 0                 0 / 0                 0 / 0                 0 / 0           ops/s
[60.202s][info][gc,stats    ]      Memory: Page Cache Hit L3                                10 / 56               27 / 295              27 / 295              27 / 295         ops/s
[60.202s][info][gc,stats    ]      Memory: Page Cache Miss                                   0 / 0                 0 / 1                 0 / 1                 0 / 1           ops/s
[60.202s][info][gc,stats    ]      Memory: Uncommit                                          0 / 0                 0 / 0                 0 / 0                 0 / 0           MB/s
[60.202s][info][gc,stats    ]      Memory: Undo Object Allocation Failed                     0 / 0                 0 / 0                 0 / 0                 0 / 0           ops/s
[60.202s][info][gc,stats    ]      Memory: Undo Object Allocation Succeeded                  0 / 4                 3 / 42                3 / 42                3 / 42          ops/s
[60.202s][info][gc,stats    ]      Memory: Undo Page Allocation                              1 / 3                 1 / 8                 1 / 8                 1 / 8           ops/s
[60.202s][info][gc,stats    ]       Phase: Concurrent Mark                              24.338 / 31.245       22.737 / 33.521       22.737 / 33.521       22.737 / 33.521      ms
[60.202s][info][gc,stats    ]       Phase: Concurrent Mark Continue                      0.000 / 0.000         0.000 / 0.000         0.000 / 0.000         0.000 / 0.000       ms
[60.202s][info][gc,stats    ]       Phase: Concurrent Mark Free                          0.001 / 0.002         0.001 / 0.002         0.001 / 0.002         0.001 / 0.002       ms
[60.202s][info][gc,stats    ]       Phase: Concurrent Process Non-Strong References      6.909 / 7.315         6.976 / 21.700        6.976 / 21.700        6.976 / 21.700      ms
[60.202s][info][gc,stats    ]       Phase: Concurrent Relocate                           0.648 / 0.801         1.066 / 5.848         1.066 / 5.848         1.066 / 5.848       ms
[60.202s][info][gc,stats    ]       Phase: Concurrent Reset Relocation Set               0.004 / 0.005         0.004 / 0.010         0.004 / 0.010         0.004 / 0.010       ms
[60.202s][info][gc,stats    ]       Phase: Concurrent Select Relocation Set              2.171 / 2.286         2.206 / 5.959         2.206 / 5.959         2.206 / 5.959       ms
[60.202s][info][gc,stats    ]       Phase: Pause Mark End                                0.020 / 0.024         0.018 / 0.025         0.018 / 0.025         0.018 / 0.025       ms
[60.202s][info][gc,stats    ]       Phase: Pause Mark Start                              0.008 / 0.010         0.009 / 0.022         0.009 / 0.022         0.009 / 0.022       ms
[60.202s][info][gc,stats    ]       Phase: Pause Relocate Start                          0.009 / 0.012         0.009 / 0.017         0.009 / 0.017         0.009 / 0.017       ms
[60.202s][info][gc,stats    ]    Subphase: Concurrent Classes Purge                      0.077 / 0.084         0.222 / 1.921         0.222 / 1.921         0.222 / 1.921       ms
[60.202s][info][gc,stats    ]    Subphase: Concurrent Classes Unlink                     6.106 / 6.651         5.946 / 15.207        5.946 / 15.207        5.946 / 15.207      ms
[60.202s][info][gc,stats    ]    Subphase: Concurrent Mark                              18.609 / 28.446       18.359 / 31.441       18.359 / 31.441       18.359 / 31.441      ms
[60.202s][info][gc,stats    ]    Subphase: Concurrent Mark Try Flush                     0.066 / 0.110         0.076 / 0.430         0.076 / 0.430         0.076 / 0.430       ms
[60.202s][info][gc,stats    ]    Subphase: Concurrent Mark Try Terminate                 2.635 / 15.936        1.819 / 15.936        1.819 / 15.936        1.819 / 15.936      ms
[60.202s][info][gc,stats    ]    Subphase: Concurrent References Enqueue                 0.006 / 0.007         0.005 / 0.010         0.005 / 0.010         0.005 / 0.010       ms
[60.202s][info][gc,stats    ]    Subphase: Concurrent References Process                 0.121 / 0.154         0.141 / 0.844         0.141 / 0.844         0.141 / 0.844       ms
[60.202s][info][gc,stats    ]    Subphase: Concurrent Roots ClassLoaderDataGraph         0.072 / 0.124         0.083 / 0.281         0.083 / 0.281         0.083 / 0.281       ms
[60.202s][info][gc,stats    ]    Subphase: Concurrent Roots CodeCache                    0.000 / 0.000         0.000 / 0.000         0.000 / 0.000         0.000 / 0.000       ms
[60.202s][info][gc,stats    ]    Subphase: Concurrent Roots JavaThreads                  1.757 / 3.028         1.667 / 3.432         1.667 / 3.432         1.667 / 3.432       ms
[60.202s][info][gc,stats    ]    Subphase: Concurrent Roots OopStorageSet                0.024 / 0.034         0.030 / 0.106         0.030 / 0.106         0.030 / 0.106       ms
[60.202s][info][gc,stats    ]    Subphase: Concurrent Weak Roots OopStorageSet           0.442 / 0.662         0.407 / 1.078         0.407 / 1.078         0.407 / 1.078       ms
[60.202s][info][gc,stats    ]    Subphase: Pause Mark Try Complete                       0.000 / 0.000         0.000 / 0.000         0.000 / 0.000         0.000 / 0.000       ms
[60.202s][info][gc,stats    ]      System: Java Threads                                     59 / 61               50 / 61               50 / 61               50 / 61          threads
[60.202s][info][gc,stats    ] =========================================================================================================================================================
[61.997s][info][gc,start    ] GC(32) Garbage Collection (Proactive)
[61.997s][info][gc,task     ] GC(32) Using 2 workers
[61.997s][info][gc,phases   ] GC(32) Pause Mark Start 0.006ms
[62.016s][info][gc,phases   ] GC(32) Concurrent Mark 18.715ms
[62.016s][info][gc,phases   ] GC(32) Pause Mark End 0.015ms
[62.016s][info][gc,phases   ] GC(32) Concurrent Mark Free 0.001ms
[62.024s][info][gc,phases   ] GC(32) Concurrent Process Non-Strong References 7.246ms
[62.024s][info][gc,phases   ] GC(32) Concurrent Reset Relocation Set 0.006ms
[62.026s][info][gc,phases   ] GC(32) Concurrent Select Relocation Set 2.212ms
[62.026s][info][gc,phases   ] GC(32) Pause Relocate Start 0.008ms
[62.027s][info][gc,phases   ] GC(32) Concurrent Relocate 0.791ms
[62.027s][info][gc,load     ] GC(32) Load: 0.00/0.00/0.00
[62.027s][info][gc,mmu      ] GC(32) MMU: 2ms/98.7%, 5ms/99.5%, 10ms/99.6%, 20ms/99.8%, 50ms/99.9%, 100ms/99.9%
[62.027s][info][gc,marking  ] GC(32) Mark: 2 stripe(s), 2 proactive flush(es), 1 terminate flush(es), 0 completion(s), 0 continuation(s) 
[62.027s][info][gc,marking  ] GC(32) Mark Stack Usage: 32M
[62.027s][info][gc,nmethod  ] GC(32) NMethods: 7828 registered, 2459 unregistered
[62.027s][info][gc,metaspace] GC(32) Metaspace: 50M used, 51M committed, 1088M reserved
[62.027s][info][gc,ref      ] GC(32) Soft: 3841 encountered, 0 discovered, 0 enqueued
[62.027s][info][gc,ref      ] GC(32) Weak: 4362 encountered, 700 discovered, 13 enqueued
[62.027s][info][gc,ref      ] GC(32) Final: 37 encountered, 0 discovered, 0 enqueued
[62.027s][info][gc,ref      ] GC(32) Phantom: 291 encountered, 236 discovered, 0 enqueued
[62.027s][info][gc,reloc    ] GC(32) Small Pages: 1466 / 2932M, Empty: 2794M, Relocated: 1M, In-Place: 0
[62.027s][info][gc,reloc    ] GC(32) Medium Pages: 0 / 0M, Empty: 0M, Relocated: 0M, In-Place: 0
[62.027s][info][gc,reloc    ] GC(32) Large Pages: 0 / 0M, Empty: 0M, Relocated: 0M, In-Place: 0
[62.027s][info][gc,reloc    ] GC(32) Forwarding Usage: 0M
[62.027s][info][gc,heap     ] GC(32) Min Capacity: 4096M(100%)
[62.027s][info][gc,heap     ] GC(32) Max Capacity: 4096M(100%)
[62.027s][info][gc,heap     ] GC(32) Soft Max Capacity: 4096M(100%)
[62.027s][info][gc,heap     ] GC(32)                Mark Start          Mark End        Relocate Start      Relocate End           High               Low         
[62.027s][info][gc,heap     ] GC(32)  Capacity:     4096M (100%)       4096M (100%)       4096M (100%)       4096M (100%)       4096M (100%)       4096M (100%)   
[62.027s][info][gc,heap     ] GC(32)      Free:     1164M (28%)        1146M (28%)        3932M (96%)        4044M (99%)        4044M (99%)        1140M (28%)    
[62.027s][info][gc,heap     ] GC(32)      Used:     2932M (72%)        2950M (72%)         164M (4%)           52M (1%)         2956M (72%)          52M (1%)     
[62.027s][info][gc,heap     ] GC(32)      Live:         -                20M (1%)           20M (1%)           20M (1%)             -                  -          
[62.027s][info][gc,heap     ] GC(32) Allocated:         -                18M (0%)           26M (1%)           25M (1%)             -                  -          
[62.027s][info][gc,heap     ] GC(32)   Garbage:         -              2911M (71%)         117M (3%)            5M (0%)             -                  -          
[62.027s][info][gc,heap     ] GC(32) Reclaimed:         -                  -              2794M (68%)        2905M (71%)            -                  -          
[62.027s][info][gc          ] GC(32) Garbage Collection (Proactive) 2932M(72%)->52M(1%)
[62.865s][info][gc,start    ] GC(33) Garbage Collection (System.gc())
[62.865s][info][gc,task     ] GC(33) Using 2 workers
[62.865s][info][gc,phases   ] GC(33) Pause Mark Start 0.005ms
[62.881s][info][gc,phases   ] GC(33) Concurrent Mark 16.067ms
[62.881s][info][gc,phases   ] GC(33) Pause Mark End 0.017ms
[62.881s][info][gc,phases   ] GC(33) Concurrent Mark Free 0.001ms
[62.888s][info][gc,phases   ] GC(33) Concurrent Process Non-Strong References 6.832ms
[62.888s][info][gc,phases   ] GC(33) Concurrent Reset Relocation Set 0.004ms
[62.889s][info][gc,phases   ] GC(33) Concurrent Select Relocation Set 1.254ms
[62.889s][info][gc,phases   ] GC(33) Pause Relocate Start 0.008ms
[62.890s][info][gc,phases   ] GC(33) Concurrent Relocate 0.546ms
[62.890s][info][gc,load     ] GC(33) Load: 0.00/0.00/0.00
[62.890s][info][gc,mmu      ] GC(33) MMU: 2ms/98.7%, 5ms/99.5%, 10ms/99.6%, 20ms/99.8%, 50ms/99.9%, 100ms/99.9%
[62.890s][info][gc,marking  ] GC(33) Mark: 2 stripe(s), 2 proactive flush(es), 1 terminate flush(es), 0 completion(s), 0 continuation(s) 
[62.890s][info][gc,marking  ] GC(33) Mark Stack Usage: 32M
[62.890s][info][gc,nmethod  ] GC(33) NMethods: 7868 registered, 2461 unregistered
[62.890s][info][gc,metaspace] GC(33) Metaspace: 50M used, 51M committed, 1088M reserved
[62.890s][info][gc,ref      ] GC(33) Soft: 3841 encountered, 0 discovered, 0 enqueued
[62.890s][info][gc,ref      ] GC(33) Weak: 4196 encountered, 539 discovered, 30 enqueued
[62.890s][info][gc,ref      ] GC(33) Final: 37 encountered, 4 discovered, 0 enqueued
[62.890s][info][gc,ref      ] GC(33) Phantom: 291 encountered, 234 discovered, 0 enqueued
[62.890s][info][gc,reloc    ] GC(33) Small Pages: 472 / 944M, Empty: 804M, Relocated: 0M, In-Place: 0
[62.890s][info][gc,reloc    ] GC(33) Medium Pages: 0 / 0M, Empty: 0M, Relocated: 0M, In-Place: 0
[62.890s][info][gc,reloc    ] GC(33) Large Pages: 0 / 0M, Empty: 0M, Relocated: 0M, In-Place: 0
[62.890s][info][gc,reloc    ] GC(33) Forwarding Usage: 0M
[62.890s][info][gc,heap     ] GC(33) Min Capacity: 4096M(100%)
[62.890s][info][gc,heap     ] GC(33) Max Capacity: 4096M(100%)
[62.890s][info][gc,heap     ] GC(33) Soft Max Capacity: 4096M(100%)
[62.890s][info][gc,heap     ] GC(33)                Mark Start          Mark End        Relocate Start      Relocate End           High               Low         
[62.890s][info][gc,heap     ] GC(33)  Capacity:     4096M (100%)       4096M (100%)       4096M (100%)       4096M (100%)       4096M (100%)       4096M (100%)   
[62.890s][info][gc,heap     ] GC(33)      Free:     3152M (77%)        3138M (77%)        3942M (96%)        4056M (99%)        4056M (99%)        3138M (77%)    
[62.890s][info][gc,heap     ] GC(33)      Used:      944M (23%)         958M (23%)         154M (4%)           40M (1%)          958M (23%)          40M (1%)     
[62.890s][info][gc,heap     ] GC(33)      Live:         -                20M (0%)           20M (0%)           20M (0%)             -                  -          
[62.890s][info][gc,heap     ] GC(33) Allocated:         -                14M (0%)           14M (0%)           14M (0%)             -                  -          
[62.890s][info][gc,heap     ] GC(33)   Garbage:         -               923M (23%)         119M (3%)            5M (0%)             -                  -          
[62.890s][info][gc,heap     ] GC(33) Reclaimed:         -                  -               804M (20%)         918M (22%)            -                  -          
[62.890s][info][gc          ] GC(33) Garbage Collection (System.gc()) 944M(23%)->40M(1%)
[64.998s][info][gc,start    ] GC(34) Garbage Collection (Proactive)
[65.003s][info][gc,task     ] GC(34) Using 2 workers
[65.003s][info][gc,phases   ] GC(34) Pause Mark Start 0.011ms
[65.021s][info][gc,phases   ] GC(34) Concurrent Mark 17.915ms
[65.021s][info][gc,phases   ] GC(34) Pause Mark End 0.016ms
[65.021s][info][gc,phases   ] GC(34) Concurrent Mark Free 0.001ms
[65.028s][info][gc,phases   ] GC(34) Concurrent Process Non-Strong References 7.302ms
[65.029s][info][gc,phases   ] GC(34) Concurrent Reset Relocation Set 0.006ms
[65.031s][info][gc,phases   ] GC(34) Concurrent Select Relocation Set 2.040ms
[65.031s][info][gc,phases   ] GC(34) Pause Relocate Start 0.011ms
[65.032s][info][gc,phases   ] GC(34) Concurrent Relocate 0.808ms
[65.032s][info][gc,load     ] GC(34) Load: 0.00/0.00/0.00
[65.032s][info][gc,mmu      ] GC(34) MMU: 2ms/98.7%, 5ms/99.5%, 10ms/99.6%, 20ms/99.8%, 50ms/99.9%, 100ms/99.9%
[65.032s][info][gc,marking  ] GC(34) Mark: 2 stripe(s), 2 proactive flush(es), 1 terminate flush(es), 0 completion(s), 0 continuation(s) 
[65.032s][info][gc,marking  ] GC(34) Mark Stack Usage: 32M
[65.032s][info][gc,nmethod  ] GC(34) NMethods: 7911 registered, 2472 unregistered
[65.032s][info][gc,metaspace] GC(34) Metaspace: 50M used, 51M committed, 1088M reserved
[65.032s][info][gc,ref      ] GC(34) Soft: 3841 encountered, 0 discovered, 0 enqueued
[65.032s][info][gc,ref      ] GC(34) Weak: 4363 encountered, 337 discovered, 14 enqueued
[65.032s][info][gc,ref      ] GC(34) Final: 37 encountered, 0 discovered, 0 enqueued
[65.032s][info][gc,ref      ] GC(34) Phantom: 291 encountered, 237 discovered, 0 enqueued
[65.032s][info][gc,reloc    ] GC(34) Small Pages: 1164 / 2328M, Empty: 2202M, Relocated: 0M, In-Place: 0
[65.032s][info][gc,reloc    ] GC(34) Medium Pages: 0 / 0M, Empty: 0M, Relocated: 0M, In-Place: 0
[65.032s][info][gc,reloc    ] GC(34) Large Pages: 0 / 0M, Empty: 0M, Relocated: 0M, In-Place: 0
[65.032s][info][gc,reloc    ] GC(34) Forwarding Usage: 0M
[65.032s][info][gc,heap     ] GC(34) Min Capacity: 4096M(100%)
[65.032s][info][gc,heap     ] GC(34) Max Capacity: 4096M(100%)
[65.032s][info][gc,heap     ] GC(34) Soft Max Capacity: 4096M(100%)
[65.032s][info][gc,heap     ] GC(34)                Mark Start          Mark End        Relocate Start      Relocate End           High               Low         
[65.032s][info][gc,heap     ] GC(34)  Capacity:     4096M (100%)       4096M (100%)       4096M (100%)       4096M (100%)       4096M (100%)       4096M (100%)   
[65.032s][info][gc,heap     ] GC(34)      Free:     1768M (43%)        1750M (43%)        3946M (96%)        4044M (99%)        4044M (99%)        1746M (43%)    
[65.032s][info][gc,heap     ] GC(34)      Used:     2328M (57%)        2346M (57%)         150M (4%)           52M (1%)         2350M (57%)          52M (1%)     
[65.032s][info][gc,heap     ] GC(34)      Live:         -                20M (0%)           20M (0%)           20M (0%)             -                  -          
[65.032s][info][gc,heap     ] GC(34) Allocated:         -                18M (0%)           24M (1%)           25M (1%)             -                  -          
[65.032s][info][gc,heap     ] GC(34)   Garbage:         -              2307M (56%)         105M (3%)            5M (0%)             -                  -          
[65.032s][info][gc,heap     ] GC(34) Reclaimed:         -                  -              2202M (54%)        2301M (56%)            -                  -          
[65.032s][info][gc          ] GC(34) Garbage Collection (Proactive) 2328M(57%)->52M(1%)
[66.410s][info][gc,start    ] GC(35) Garbage Collection (System.gc())
[66.411s][info][gc,task     ] GC(35) Using 2 workers
[66.411s][info][gc,phases   ] GC(35) Pause Mark Start 0.007ms
[66.437s][info][gc,phases   ] GC(35) Concurrent Mark 26.254ms
[66.437s][info][gc,phases   ] GC(35) Pause Mark End 0.026ms
[66.437s][info][gc,phases   ] GC(35) Concurrent Mark Free 0.003ms
[66.444s][info][gc,phases   ] GC(35) Concurrent Process Non-Strong References 6.978ms
[66.444s][info][gc,phases   ] GC(35) Concurrent Reset Relocation Set 0.006ms
[66.446s][info][gc,phases   ] GC(35) Concurrent Select Relocation Set 1.885ms
[66.446s][info][gc,phases   ] GC(35) Pause Relocate Start 0.010ms
[66.447s][info][gc,phases   ] GC(35) Concurrent Relocate 0.537ms
[66.447s][info][gc,load     ] GC(35) Load: 0.00/0.00/0.00
[66.447s][info][gc,mmu      ] GC(35) MMU: 2ms/98.7%, 5ms/99.5%, 10ms/99.6%, 20ms/99.8%, 50ms/99.9%, 100ms/99.9%
[66.447s][info][gc,marking  ] GC(35) Mark: 2 stripe(s), 2 proactive flush(es), 1 terminate flush(es), 0 completion(s), 0 continuation(s) 
[66.447s][info][gc,marking  ] GC(35) Mark Stack Usage: 32M
[66.447s][info][gc,nmethod  ] GC(35) NMethods: 7953 registered, 2473 unregistered
[66.447s][info][gc,metaspace] GC(35) Metaspace: 50M used, 51M committed, 1088M reserved
[66.447s][info][gc,ref      ] GC(35) Soft: 3841 encountered, 0 discovered, 0 enqueued
[66.447s][info][gc,ref      ] GC(35) Weak: 4196 encountered, 307 discovered, 31 enqueued
[66.447s][info][gc,ref      ] GC(35) Final: 37 encountered, 1 discovered, 0 enqueued
[66.447s][info][gc,ref      ] GC(35) Phantom: 291 encountered, 236 discovered, 0 enqueued
[66.447s][info][gc,reloc    ] GC(35) Small Pages: 774 / 1548M, Empty: 1404M, Relocated: 0M, In-Place: 0
[66.447s][info][gc,reloc    ] GC(35) Medium Pages: 0 / 0M, Empty: 0M, Relocated: 0M, In-Place: 0
[66.447s][info][gc,reloc    ] GC(35) Large Pages: 0 / 0M, Empty: 0M, Relocated: 0M, In-Place: 0
[66.447s][info][gc,reloc    ] GC(35) Forwarding Usage: 0M
[66.447s][info][gc,heap     ] GC(35) Min Capacity: 4096M(100%)
[66.447s][info][gc,heap     ] GC(35) Max Capacity: 4096M(100%)
[66.447s][info][gc,heap     ] GC(35) Soft Max Capacity: 4096M(100%)
[66.447s][info][gc,heap     ] GC(35)                Mark Start          Mark End        Relocate Start      Relocate End           High               Low         
[66.447s][info][gc,heap     ] GC(35)  Capacity:     4096M (100%)       4096M (100%)       4096M (100%)       4096M (100%)       4096M (100%)       4096M (100%)   
[66.447s][info][gc,heap     ] GC(35)      Free:     2548M (62%)        2534M (62%)        3938M (96%)        4056M (99%)        4056M (99%)        2534M (62%)    
[66.447s][info][gc,heap     ] GC(35)      Used:     1548M (38%)        1562M (38%)         158M (4%)           40M (1%)         1562M (38%)          40M (1%)     
[66.447s][info][gc,heap     ] GC(35)      Live:         -                20M (0%)           20M (0%)           20M (0%)             -                  -          
[66.447s][info][gc,heap     ] GC(35) Allocated:         -                14M (0%)           14M (0%)           14M (0%)             -                  -          
[66.447s][info][gc,heap     ] GC(35)   Garbage:         -              1527M (37%)         123M (3%)            5M (0%)             -                  -          
[66.447s][info][gc,heap     ] GC(35) Reclaimed:         -                  -              1404M (34%)        1522M (37%)            -                  -          
[66.447s][info][gc          ] GC(35) Garbage Collection (System.gc()) 1548M(38%)->40M(1%)
[68.797s][info][gc,start    ] GC(36) Garbage Collection (Proactive)
[68.797s][info][gc,task     ] GC(36) Using 2 workers
[68.798s][info][gc,phases   ] GC(36) Pause Mark Start 0.009ms
[68.816s][info][gc,phases   ] GC(36) Concurrent Mark 18.265ms
[68.816s][info][gc,phases   ] GC(36) Pause Mark End 0.014ms
[68.816s][info][gc,phases   ] GC(36) Concurrent Mark Free 0.001ms
[68.824s][info][gc,phases   ] GC(36) Concurrent Process Non-Strong References 7.421ms
[68.824s][info][gc,phases   ] GC(36) Concurrent Reset Relocation Set 0.004ms
[68.826s][info][gc,phases   ] GC(36) Concurrent Select Relocation Set 2.383ms
[68.826s][info][gc,phases   ] GC(36) Pause Relocate Start 0.011ms
[68.827s][info][gc,phases   ] GC(36) Concurrent Relocate 0.786ms
[68.827s][info][gc,load     ] GC(36) Load: 0.00/0.00/0.00
[68.827s][info][gc,mmu      ] GC(36) MMU: 2ms/98.7%, 5ms/99.5%, 10ms/99.6%, 20ms/99.8%, 50ms/99.9%, 100ms/99.9%
[68.827s][info][gc,marking  ] GC(36) Mark: 2 stripe(s), 2 proactive flush(es), 1 terminate flush(es), 0 completion(s), 0 continuation(s) 
[68.827s][info][gc,marking  ] GC(36) Mark Stack Usage: 32M
[68.827s][info][gc,nmethod  ] GC(36) NMethods: 7980 registered, 2485 unregistered
[68.827s][info][gc,metaspace] GC(36) Metaspace: 50M used, 51M committed, 1088M reserved
[68.827s][info][gc,ref      ] GC(36) Soft: 3841 encountered, 0 discovered, 0 enqueued
[68.827s][info][gc,ref      ] GC(36) Weak: 4362 encountered, 859 discovered, 13 enqueued
[68.827s][info][gc,ref      ] GC(36) Final: 37 encountered, 0 discovered, 0 enqueued
[68.827s][info][gc,ref      ] GC(36) Phantom: 291 encountered, 236 discovered, 0 enqueued
[68.827s][info][gc,reloc    ] GC(36) Small Pages: 1282 / 2564M, Empty: 2436M, Relocated: 1M, In-Place: 0
[68.827s][info][gc,reloc    ] GC(36) Medium Pages: 0 / 0M, Empty: 0M, Relocated: 0M, In-Place: 0
[68.827s][info][gc,reloc    ] GC(36) Large Pages: 0 / 0M, Empty: 0M, Relocated: 0M, In-Place: 0
[68.827s][info][gc,reloc    ] GC(36) Forwarding Usage: 0M
[68.827s][info][gc,heap     ] GC(36) Min Capacity: 4096M(100%)
[68.827s][info][gc,heap     ] GC(36) Max Capacity: 4096M(100%)
[68.827s][info][gc,heap     ] GC(36) Soft Max Capacity: 4096M(100%)
[68.827s][info][gc,heap     ] GC(36)                Mark Start          Mark End        Relocate Start      Relocate End           High               Low         
[68.827s][info][gc,heap     ] GC(36)  Capacity:     4096M (100%)       4096M (100%)       4096M (100%)       4096M (100%)       4096M (100%)       4096M (100%)   
[68.827s][info][gc,heap     ] GC(36)      Free:     1532M (37%)        1514M (37%)        3942M (96%)        4042M (99%)        4042M (99%)        1508M (37%)    
[68.827s][info][gc,heap     ] GC(36)      Used:     2564M (63%)        2582M (63%)         154M (4%)           54M (1%)         2588M (63%)          54M (1%)     
[68.827s][info][gc,heap     ] GC(36)      Live:         -                20M (1%)           20M (1%)           20M (1%)             -                  -          
[68.827s][info][gc,heap     ] GC(36) Allocated:         -                18M (0%)           26M (1%)           27M (1%)             -                  -          
[68.827s][info][gc,heap     ] GC(36)   Garbage:         -              2543M (62%)         107M (3%)            5M (0%)             -                  -          
[68.827s][info][gc,heap     ] GC(36) Reclaimed:         -                  -              2436M (59%)        2537M (62%)            -                  -          
[68.827s][info][gc          ] GC(36) Garbage Collection (Proactive) 2564M(63%)->54M(1%)
[69.986s][info][gc,start    ] GC(37) Garbage Collection (System.gc())
[69.986s][info][gc,task     ] GC(37) Using 2 workers
[69.986s][info][gc,phases   ] GC(37) Pause Mark Start 0.007ms
[70.017s][info][gc,phases   ] GC(37) Concurrent Mark 30.754ms
[70.017s][info][gc,phases   ] GC(37) Pause Mark End 0.031ms
[70.017s][info][gc,phases   ] GC(37) Concurrent Mark Free 0.003ms
[70.024s][info][gc,phases   ] GC(37) Concurrent Process Non-Strong References 6.591ms
[70.024s][info][gc,phases   ] GC(37) Concurrent Reset Relocation Set 0.003ms
[70.026s][info][gc,phases   ] GC(37) Concurrent Select Relocation Set 1.894ms
[70.026s][info][gc,phases   ] GC(37) Pause Relocate Start 0.008ms
[70.026s][info][gc,phases   ] GC(37) Concurrent Relocate 0.372ms
[70.026s][info][gc,load     ] GC(37) Load: 0.00/0.00/0.00
[70.026s][info][gc,mmu      ] GC(37) MMU: 2ms/98.5%, 5ms/99.4%, 10ms/99.6%, 20ms/99.8%, 50ms/99.9%, 100ms/99.9%
[70.026s][info][gc,marking  ] GC(37) Mark: 2 stripe(s), 2 proactive flush(es), 1 terminate flush(es), 0 completion(s), 0 continuation(s) 
[70.026s][info][gc,marking  ] GC(37) Mark Stack Usage: 32M
[70.026s][info][gc,nmethod  ] GC(37) NMethods: 8020 registered, 2486 unregistered
[70.026s][info][gc,metaspace] GC(37) Metaspace: 50M used, 51M committed, 1088M reserved
[70.026s][info][gc,ref      ] GC(37) Soft: 3841 encountered, 0 discovered, 0 enqueued
[70.026s][info][gc,ref      ] GC(37) Weak: 4196 encountered, 258 discovered, 31 enqueued
[70.026s][info][gc,ref      ] GC(37) Final: 37 encountered, 12 discovered, 0 enqueued
[70.026s][info][gc,ref      ] GC(37) Phantom: 291 encountered, 234 discovered, 0 enqueued
[70.026s][info][gc,reloc    ] GC(37) Small Pages: 653 / 1306M, Empty: 1182M, Relocated: 0M, In-Place: 0
[70.026s][info][gc,reloc    ] GC(37) Medium Pages: 0 / 0M, Empty: 0M, Relocated: 0M, In-Place: 0
[70.026s][info][gc,reloc    ] GC(37) Large Pages: 0 / 0M, Empty: 0M, Relocated: 0M, In-Place: 0
[70.026s][info][gc,reloc    ] GC(37) Forwarding Usage: 0M
[70.026s][info][gc,heap     ] GC(37) Min Capacity: 4096M(100%)
[70.026s][info][gc,heap     ] GC(37) Max Capacity: 4096M(100%)
[70.026s][info][gc,heap     ] GC(37) Soft Max Capacity: 4096M(100%)
[70.026s][info][gc,heap     ] GC(37)                Mark Start          Mark End        Relocate Start      Relocate End           High               Low         
[70.026s][info][gc,heap     ] GC(37)  Capacity:     4096M (100%)       4096M (100%)       4096M (100%)       4096M (100%)       4096M (100%)       4096M (100%)   
[70.026s][info][gc,heap     ] GC(37)      Free:     2790M (68%)        2776M (68%)        3958M (97%)        4056M (99%)        4056M (99%)        2776M (68%)    
[70.026s][info][gc,heap     ] GC(37)      Used:     1306M (32%)        1320M (32%)         138M (3%)           40M (1%)         1320M (32%)          40M (1%)     
[70.026s][info][gc,heap     ] GC(37)      Live:         -                20M (0%)           20M (0%)           20M (0%)             -                  -          
[70.026s][info][gc,heap     ] GC(37) Allocated:         -                14M (0%)           14M (0%)           14M (0%)             -                  -          
[70.026s][info][gc,heap     ] GC(37)   Garbage:         -              1285M (31%)         103M (3%)            5M (0%)             -                  -          
[70.026s][info][gc,heap     ] GC(37) Reclaimed:         -                  -              1182M (29%)        1280M (31%)            -                  -          
[70.026s][info][gc          ] GC(37) Garbage Collection (System.gc()) 1306M(32%)->40M(1%)
[70.202s][info][gc,stats    ] === Garbage Collection Statistics =======================================================================================================================
[70.202s][info][gc,stats    ]                                                              Last 10s              Last 10m              Last 10h                Total
[70.202s][info][gc,stats    ]                                                              Avg / Max             Avg / Max             Avg / Max             Avg / Max
[70.202s][info][gc,stats    ]   Collector: Garbage Collection Cycle                     32.536 / 40.491       33.595 / 62.948       33.595 / 62.948       33.595 / 62.948      ms
[70.202s][info][gc,stats    ]  Contention: Mark Segment Reset Contention                     0 / 1                 0 / 2                 0 / 2                 0 / 2           ops/s
[70.202s][info][gc,stats    ]  Contention: Mark SeqNum Reset Contention                      0 / 2                 0 / 2                 0 / 2                 0 / 2           ops/s
[70.202s][info][gc,stats    ]    Critical: Allocation Stall                                  0 / 0                 0 / 0                 0 / 0                 0 / 0           ops/s
[70.202s][info][gc,stats    ]    Critical: Allocation Stall                              0.000 / 0.000         0.000 / 0.000         0.000 / 0.000         0.000 / 0.000       ms
[70.202s][info][gc,stats    ]    Critical: GC Locker Stall                                   0 / 0                 0 / 0                 0 / 0                 0 / 0           ops/s
[70.202s][info][gc,stats    ]    Critical: GC Locker Stall                               0.000 / 0.000         0.000 / 0.000         0.000 / 0.000         0.000 / 0.000       ms
[70.202s][info][gc,stats    ]    Critical: Relocation Stall                                  0 / 0                 0 / 0                 0 / 0                 0 / 0           ops/s
[70.202s][info][gc,stats    ]    Critical: Relocation Stall                              0.000 / 0.000         0.000 / 0.000         0.000 / 0.000         0.000 / 0.000       ms
[70.202s][info][gc,stats    ]      Memory: Allocation Rate                                1068 / 1120            882 / 1120            882 / 1120            882 / 1120        MB/s
[70.202s][info][gc,stats    ]      Memory: Defragment                                        0 / 0                 0 / 0                 0 / 0                 0 / 0           ops/s
[70.202s][info][gc,stats    ]      Memory: Out Of Memory                                     0 / 0                 0 / 0                 0 / 0                 0 / 0           ops/s
[70.202s][info][gc,stats    ]      Memory: Page Cache Flush                                  0 / 0                 0 / 0                 0 / 0                 0 / 0           MB/s
[70.202s][info][gc,stats    ]      Memory: Page Cache Hit L1                               535 / 560             418 / 560             418 / 560             418 / 560         ops/s
[70.202s][info][gc,stats    ]      Memory: Page Cache Hit L2                                 0 / 0                 0 / 0                 0 / 0                 0 / 0           ops/s
[70.202s][info][gc,stats    ]      Memory: Page Cache Hit L3                                 0 / 0                23 / 295              23 / 295              23 / 295         ops/s
[70.202s][info][gc,stats    ]      Memory: Page Cache Miss                                   0 / 0                 0 / 1                 0 / 1                 0 / 1           ops/s
[70.202s][info][gc,stats    ]      Memory: Uncommit                                          0 / 0                 0 / 0                 0 / 0                 0 / 0           MB/s
[70.202s][info][gc,stats    ]      Memory: Undo Object Allocation Failed                     0 / 1                 0 / 1                 0 / 1                 0 / 1           ops/s
[70.202s][info][gc,stats    ]      Memory: Undo Object Allocation Succeeded                  0 / 4                 2 / 42                2 / 42                2 / 42          ops/s
[70.202s][info][gc,stats    ]      Memory: Undo Page Allocation                              0 / 2                 1 / 8                 1 / 8                 1 / 8           ops/s
[70.202s][info][gc,stats    ]       Phase: Concurrent Mark                              21.328 / 30.754       22.515 / 33.521       22.515 / 33.521       22.515 / 33.521      ms
[70.202s][info][gc,stats    ]       Phase: Concurrent Mark Continue                      0.000 / 0.000         0.000 / 0.000         0.000 / 0.000         0.000 / 0.000       ms
[70.202s][info][gc,stats    ]       Phase: Concurrent Mark Free                          0.002 / 0.003         0.001 / 0.003         0.001 / 0.003         0.001 / 0.003       ms
[70.202s][info][gc,stats    ]       Phase: Concurrent Process Non-Strong References      7.061 / 7.421         6.989 / 21.700        6.989 / 21.700        6.989 / 21.700      ms
[70.202s][info][gc,stats    ]       Phase: Concurrent Relocate                           0.640 / 0.808         0.999 / 5.848         0.999 / 5.848         0.999 / 5.848       ms
[70.202s][info][gc,stats    ]       Phase: Concurrent Reset Relocation Set               0.005 / 0.006         0.004 / 0.010         0.004 / 0.010         0.004 / 0.010       ms
[70.202s][info][gc,stats    ]       Phase: Concurrent Select Relocation Set              1.945 / 2.383         2.164 / 5.959         2.164 / 5.959         2.164 / 5.959       ms
[70.202s][info][gc,stats    ]       Phase: Pause Mark End                                0.020 / 0.031         0.018 / 0.031         0.018 / 0.031         0.018 / 0.031       ms
[70.202s][info][gc,stats    ]       Phase: Pause Mark Start                              0.008 / 0.011         0.008 / 0.022         0.008 / 0.022         0.008 / 0.022       ms
[70.202s][info][gc,stats    ]       Phase: Pause Relocate Start                          0.009 / 0.011         0.009 / 0.017         0.009 / 0.017         0.009 / 0.017       ms
[70.202s][info][gc,stats    ]    Subphase: Concurrent Classes Purge                      0.048 / 0.078         0.195 / 1.921         0.195 / 1.921         0.195 / 1.921       ms
[70.202s][info][gc,stats    ]    Subphase: Concurrent Classes Unlink                     6.333 / 6.782         6.007 / 15.207        6.007 / 15.207        6.007 / 15.207      ms
[70.202s][info][gc,stats    ]    Subphase: Concurrent Mark                              17.339 / 28.272       18.198 / 31.441       18.198 / 31.441       18.198 / 31.441      ms
[70.202s][info][gc,stats    ]    Subphase: Concurrent Mark Try Flush                     0.063 / 0.159         0.074 / 0.430         0.074 / 0.430         0.074 / 0.430       ms
[70.202s][info][gc,stats    ]    Subphase: Concurrent Mark Try Terminate                 1.635 / 14.002        1.790 / 15.936        1.790 / 15.936        1.790 / 15.936      ms
[70.202s][info][gc,stats    ]    Subphase: Concurrent References Enqueue                 0.005 / 0.006         0.005 / 0.010         0.005 / 0.010         0.005 / 0.010       ms
[70.202s][info][gc,stats    ]    Subphase: Concurrent References Process                 0.115 / 0.147         0.137 / 0.844         0.137 / 0.844         0.137 / 0.844       ms
[70.202s][info][gc,stats    ]    Subphase: Concurrent Roots ClassLoaderDataGraph         0.077 / 0.127         0.082 / 0.281         0.082 / 0.281         0.082 / 0.281       ms
[70.202s][info][gc,stats    ]    Subphase: Concurrent Roots CodeCache                    0.000 / 0.000         0.000 / 0.000         0.000 / 0.000         0.000 / 0.000       ms
[70.202s][info][gc,stats    ]    Subphase: Concurrent Roots JavaThreads                  1.602 / 2.128         1.657 / 3.432         1.657 / 3.432         1.657 / 3.432       ms
[70.202s][info][gc,stats    ]    Subphase: Concurrent Roots OopStorageSet                0.025 / 0.042         0.029 / 0.106         0.029 / 0.106         0.029 / 0.106       ms
[70.202s][info][gc,stats    ]    Subphase: Concurrent Weak Roots OopStorageSet           0.407 / 0.639         0.407 / 1.078         0.407 / 1.078         0.407 / 1.078       ms
[70.202s][info][gc,stats    ]    Subphase: Pause Mark Try Complete                       0.000 / 0.000         0.000 / 0.000         0.000 / 0.000         0.000 / 0.000       ms
[70.202s][info][gc,stats    ]      System: Java Threads                                     61 / 61               52 / 61               52 / 61               52 / 61          threads
[70.202s][info][gc,stats    ] =========================================================================================================================================================
[72.701s][info][gc,start    ] GC(38) Garbage Collection (Proactive)
[72.701s][info][gc,task     ] GC(38) Using 2 workers
[72.701s][info][gc,phases   ] GC(38) Pause Mark Start 0.007ms
[72.720s][info][gc,phases   ] GC(38) Concurrent Mark 18.627ms
[72.720s][info][gc,phases   ] GC(38) Pause Mark End 0.019ms
[72.720s][info][gc,phases   ] GC(38) Concurrent Mark Free 0.001ms
[72.728s][info][gc,phases   ] GC(38) Concurrent Process Non-Strong References 7.901ms
[72.728s][info][gc,phases   ] GC(38) Concurrent Reset Relocation Set 0.003ms
[72.730s][info][gc,phases   ] GC(38) Concurrent Select Relocation Set 2.150ms
[72.730s][info][gc,phases   ] GC(38) Pause Relocate Start 0.010ms
[72.731s][info][gc,phases   ] GC(38) Concurrent Relocate 0.740ms
[72.731s][info][gc,load     ] GC(38) Load: 0.00/0.00/0.00
[72.731s][info][gc,mmu      ] GC(38) MMU: 2ms/98.5%, 5ms/99.4%, 10ms/99.6%, 20ms/99.8%, 50ms/99.9%, 100ms/99.9%
[72.731s][info][gc,marking  ] GC(38) Mark: 2 stripe(s), 2 proactive flush(es), 1 terminate flush(es), 0 completion(s), 0 continuation(s) 
[72.731s][info][gc,marking  ] GC(38) Mark Stack Usage: 32M
[72.731s][info][gc,nmethod  ] GC(38) NMethods: 8058 registered, 2494 unregistered
[72.731s][info][gc,metaspace] GC(38) Metaspace: 50M used, 51M committed, 1088M reserved
[72.731s][info][gc,ref      ] GC(38) Soft: 3841 encountered, 0 discovered, 0 enqueued
[72.731s][info][gc,ref      ] GC(38) Weak: 4362 encountered, 355 discovered, 13 enqueued
[72.731s][info][gc,ref      ] GC(38) Final: 37 encountered, 0 discovered, 0 enqueued
[72.731s][info][gc,ref      ] GC(38) Phantom: 291 encountered, 236 discovered, 0 enqueued
[72.731s][info][gc,reloc    ] GC(38) Small Pages: 1466 / 2932M, Empty: 2798M, Relocated: 1M, In-Place: 0
[72.731s][info][gc,reloc    ] GC(38) Medium Pages: 0 / 0M, Empty: 0M, Relocated: 0M, In-Place: 0
[72.731s][info][gc,reloc    ] GC(38) Large Pages: 0 / 0M, Empty: 0M, Relocated: 0M, In-Place: 0
[72.731s][info][gc,reloc    ] GC(38) Forwarding Usage: 0M
[72.731s][info][gc,heap     ] GC(38) Min Capacity: 4096M(100%)
[72.731s][info][gc,heap     ] GC(38) Max Capacity: 4096M(100%)
[72.731s][info][gc,heap     ] GC(38) Soft Max Capacity: 4096M(100%)
[72.731s][info][gc,heap     ] GC(38)                Mark Start          Mark End        Relocate Start      Relocate End           High               Low         
[72.731s][info][gc,heap     ] GC(38)  Capacity:     4096M (100%)       4096M (100%)       4096M (100%)       4096M (100%)       4096M (100%)       4096M (100%)   
[72.731s][info][gc,heap     ] GC(38)      Free:     1164M (28%)        1144M (28%)        3938M (96%)        4042M (99%)        4042M (99%)        1142M (28%)    
[72.731s][info][gc,heap     ] GC(38)      Used:     2932M (72%)        2952M (72%)         158M (4%)           54M (1%)         2954M (72%)          54M (1%)     
[72.731s][info][gc,heap     ] GC(38)      Live:         -                20M (0%)           20M (0%)           20M (0%)             -                  -          
[72.732s][info][gc,heap     ] GC(38) Allocated:         -                20M (0%)           24M (1%)           27M (1%)             -                  -          
[72.732s][info][gc,heap     ] GC(38)   Garbage:         -              2911M (71%)         113M (3%)            5M (0%)             -                  -          
[72.732s][info][gc,heap     ] GC(38) Reclaimed:         -                  -              2798M (68%)        2905M (71%)            -                  -          
[72.732s][info][gc          ] GC(38) Garbage Collection (Proactive) 2932M(72%)->54M(1%)
[73.538s][info][gc,start    ] GC(39) Garbage Collection (System.gc())
[73.539s][info][gc,task     ] GC(39) Using 2 workers
[73.539s][info][gc,phases   ] GC(39) Pause Mark Start 0.007ms
[73.561s][info][gc,phases   ] GC(39) Concurrent Mark 22.341ms
[73.561s][info][gc,phases   ] GC(39) Pause Mark End 0.018ms
[73.561s][info][gc,phases   ] GC(39) Concurrent Mark Free 0.001ms
[73.568s][info][gc,phases   ] GC(39) Concurrent Process Non-Strong References 6.907ms
[73.568s][info][gc,phases   ] GC(39) Concurrent Reset Relocation Set 0.003ms
[73.570s][info][gc,phases   ] GC(39) Concurrent Select Relocation Set 1.725ms
[73.570s][info][gc,phases   ] GC(39) Pause Relocate Start 0.008ms
[73.570s][info][gc,phases   ] GC(39) Concurrent Relocate 0.359ms
[73.570s][info][gc,load     ] GC(39) Load: 0.00/0.00/0.00
[73.570s][info][gc,mmu      ] GC(39) MMU: 2ms/98.5%, 5ms/99.4%, 10ms/99.6%, 20ms/99.8%, 50ms/99.9%, 100ms/99.9%
[73.570s][info][gc,marking  ] GC(39) Mark: 2 stripe(s), 2 proactive flush(es), 1 terminate flush(es), 0 completion(s), 0 continuation(s) 
[73.570s][info][gc,marking  ] GC(39) Mark Stack Usage: 32M
[73.570s][info][gc,nmethod  ] GC(39) NMethods: 8068 registered, 2499 unregistered
[73.570s][info][gc,metaspace] GC(39) Metaspace: 50M used, 51M committed, 1088M reserved
[73.570s][info][gc,ref      ] GC(39) Soft: 3841 encountered, 0 discovered, 0 enqueued
[73.570s][info][gc,ref      ] GC(39) Weak: 4200 encountered, 878 discovered, 30 enqueued
[73.570s][info][gc,ref      ] GC(39) Final: 37 encountered, 4 discovered, 0 enqueued
[73.570s][info][gc,ref      ] GC(39) Phantom: 291 encountered, 236 discovered, 0 enqueued
[73.570s][info][gc,reloc    ] GC(39) Small Pages: 473 / 946M, Empty: 830M, Relocated: 0M, In-Place: 0
[73.571s][info][gc,reloc    ] GC(39) Medium Pages: 0 / 0M, Empty: 0M, Relocated: 0M, In-Place: 0
[73.571s][info][gc,reloc    ] GC(39) Large Pages: 0 / 0M, Empty: 0M, Relocated: 0M, In-Place: 0
[73.571s][info][gc,reloc    ] GC(39) Forwarding Usage: 0M
[73.571s][info][gc,heap     ] GC(39) Min Capacity: 4096M(100%)
[73.571s][info][gc,heap     ] GC(39) Max Capacity: 4096M(100%)
[73.571s][info][gc,heap     ] GC(39) Soft Max Capacity: 4096M(100%)
[73.571s][info][gc,heap     ] GC(39)                Mark Start          Mark End        Relocate Start      Relocate End           High               Low         
[73.571s][info][gc,heap     ] GC(39)  Capacity:     4096M (100%)       4096M (100%)       4096M (100%)       4096M (100%)       4096M (100%)       4096M (100%)   
[73.571s][info][gc,heap     ] GC(39)      Free:     3150M (77%)        3138M (77%)        3968M (97%)        4058M (99%)        4058M (99%)        3138M (77%)    
[73.571s][info][gc,heap     ] GC(39)      Used:      946M (23%)         958M (23%)         128M (3%)           38M (1%)          958M (23%)          38M (1%)     
[73.571s][info][gc,heap     ] GC(39)      Live:         -                20M (0%)           20M (0%)           20M (0%)             -                  -          
[73.571s][info][gc,heap     ] GC(39) Allocated:         -                12M (0%)           12M (0%)           12M (0%)             -                  -          
[73.571s][info][gc,heap     ] GC(39)   Garbage:         -               925M (23%)          95M (2%)            5M (0%)             -                  -          
[73.571s][info][gc,heap     ] GC(39) Reclaimed:         -                  -               830M (20%)         920M (22%)            -                  -          
[73.571s][info][gc          ] GC(39) Garbage Collection (System.gc()) 946M(23%)->38M(1%)
[75.598s][info][gc,start    ] GC(40) Garbage Collection (Proactive)
[75.598s][info][gc,task     ] GC(40) Using 2 workers
[75.598s][info][gc,phases   ] GC(40) Pause Mark Start 0.007ms
[75.616s][info][gc,phases   ] GC(40) Concurrent Mark 18.641ms
[75.617s][info][gc,phases   ] GC(40) Pause Mark End 0.015ms
[75.617s][info][gc,phases   ] GC(40) Concurrent Mark Free 0.001ms
[75.624s][info][gc,phases   ] GC(40) Concurrent Process Non-Strong References 7.834ms
[75.625s][info][gc,phases   ] GC(40) Concurrent Reset Relocation Set 0.004ms
[75.627s][info][gc,phases   ] GC(40) Concurrent Select Relocation Set 2.069ms
[75.627s][info][gc,phases   ] GC(40) Pause Relocate Start 0.010ms
[75.628s][info][gc,phases   ] GC(40) Concurrent Relocate 0.840ms
[75.628s][info][gc,load     ] GC(40) Load: 0.00/0.00/0.00
[75.628s][info][gc,mmu      ] GC(40) MMU: 2ms/98.5%, 5ms/99.4%, 10ms/99.6%, 20ms/99.8%, 50ms/99.9%, 100ms/99.9%
[75.628s][info][gc,marking  ] GC(40) Mark: 2 stripe(s), 2 proactive flush(es), 1 terminate flush(es), 0 completion(s), 0 continuation(s) 
[75.628s][info][gc,marking  ] GC(40) Mark Stack Usage: 32M
[75.628s][info][gc,nmethod  ] GC(40) NMethods: 8072 registered, 2506 unregistered
[75.628s][info][gc,metaspace] GC(40) Metaspace: 50M used, 51M committed, 1088M reserved
[75.628s][info][gc,ref      ] GC(40) Soft: 3841 encountered, 0 discovered, 0 enqueued
[75.628s][info][gc,ref      ] GC(40) Weak: 4365 encountered, 511 discovered, 14 enqueued
[75.628s][info][gc,ref      ] GC(40) Final: 37 encountered, 0 discovered, 0 enqueued
[75.628s][info][gc,ref      ] GC(40) Phantom: 291 encountered, 234 discovered, 0 enqueued
[75.628s][info][gc,reloc    ] GC(40) Small Pages: 1117 / 2234M, Empty: 2116M, Relocated: 1M, In-Place: 0
[75.628s][info][gc,reloc    ] GC(40) Medium Pages: 0 / 0M, Empty: 0M, Relocated: 0M, In-Place: 0
[75.628s][info][gc,reloc    ] GC(40) Large Pages: 0 / 0M, Empty: 0M, Relocated: 0M, In-Place: 0
[75.628s][info][gc,reloc    ] GC(40) Forwarding Usage: 0M
[75.628s][info][gc,heap     ] GC(40) Min Capacity: 4096M(100%)
[75.628s][info][gc,heap     ] GC(40) Max Capacity: 4096M(100%)
[75.628s][info][gc,heap     ] GC(40) Soft Max Capacity: 4096M(100%)
[75.628s][info][gc,heap     ] GC(40)                Mark Start          Mark End        Relocate Start      Relocate End           High               Low         
[75.628s][info][gc,heap     ] GC(40)  Capacity:     4096M (100%)       4096M (100%)       4096M (100%)       4096M (100%)       4096M (100%)       4096M (100%)   
[75.628s][info][gc,heap     ] GC(40)      Free:     1862M (45%)        1846M (45%)        3950M (96%)        4042M (99%)        4042M (99%)        1840M (45%)    
[75.628s][info][gc,heap     ] GC(40)      Used:     2234M (55%)        2250M (55%)         146M (4%)           54M (1%)         2256M (55%)          54M (1%)     
[75.628s][info][gc,heap     ] GC(40)      Live:         -                20M (1%)           20M (1%)           20M (1%)             -                  -          
[75.628s][info][gc,heap     ] GC(40) Allocated:         -                16M (0%)           28M (1%)           27M (1%)             -                  -          
[75.628s][info][gc,heap     ] GC(40)   Garbage:         -              2213M (54%)          97M (2%)            5M (0%)             -                  -          
[75.628s][info][gc,heap     ] GC(40) Reclaimed:         -                  -              2116M (52%)        2207M (54%)            -                  -          
[75.628s][info][gc          ] GC(40) Garbage Collection (Proactive) 2234M(55%)->54M(1%)
[77.076s][info][gc,start    ] GC(41) Garbage Collection (System.gc())
[77.076s][info][gc,task     ] GC(41) Using 2 workers
[77.076s][info][gc,phases   ] GC(41) Pause Mark Start 0.007ms
[77.107s][info][gc,phases   ] GC(41) Concurrent Mark 30.833ms
[77.107s][info][gc,phases   ] GC(41) Pause Mark End 0.026ms
[77.107s][info][gc,phases   ] GC(41) Concurrent Mark Free 0.003ms
[77.115s][info][gc,phases   ] GC(41) Concurrent Process Non-Strong References 7.531ms
[77.115s][info][gc,phases   ] GC(41) Concurrent Reset Relocation Set 0.003ms
[77.117s][info][gc,phases   ] GC(41) Concurrent Select Relocation Set 1.776ms
[77.117s][info][gc,phases   ] GC(41) Pause Relocate Start 0.008ms
[77.117s][info][gc,phases   ] GC(41) Concurrent Relocate 0.363ms
[77.117s][info][gc,load     ] GC(41) Load: 0.00/0.00/0.00
[77.117s][info][gc,mmu      ] GC(41) MMU: 2ms/98.5%, 5ms/99.4%, 10ms/99.6%, 20ms/99.8%, 50ms/99.9%, 100ms/99.9%
[77.117s][info][gc,marking  ] GC(41) Mark: 2 stripe(s), 2 proactive flush(es), 1 terminate flush(es), 0 completion(s), 0 continuation(s) 
[77.117s][info][gc,marking  ] GC(41) Mark Stack Usage: 32M
[77.117s][info][gc,nmethod  ] GC(41) NMethods: 8083 registered, 2509 unregistered
[77.117s][info][gc,metaspace] GC(41) Metaspace: 50M used, 51M committed, 1088M reserved
[77.117s][info][gc,ref      ] GC(41) Soft: 3841 encountered, 0 discovered, 0 enqueued
[77.117s][info][gc,ref      ] GC(41) Weak: 4198 encountered, 675 discovered, 30 enqueued
[77.117s][info][gc,ref      ] GC(41) Final: 37 encountered, 2 discovered, 0 enqueued
[77.117s][info][gc,ref      ] GC(41) Phantom: 291 encountered, 229 discovered, 0 enqueued
[77.117s][info][gc,reloc    ] GC(41) Small Pages: 819 / 1638M, Empty: 1504M, Relocated: 0M, In-Place: 0
[77.117s][info][gc,reloc    ] GC(41) Medium Pages: 0 / 0M, Empty: 0M, Relocated: 0M, In-Place: 0
[77.117s][info][gc,reloc    ] GC(41) Large Pages: 0 / 0M, Empty: 0M, Relocated: 0M, In-Place: 0
[77.117s][info][gc,reloc    ] GC(41) Forwarding Usage: 0M
[77.117s][info][gc,heap     ] GC(41) Min Capacity: 4096M(100%)
[77.117s][info][gc,heap     ] GC(41) Max Capacity: 4096M(100%)
[77.117s][info][gc,heap     ] GC(41) Soft Max Capacity: 4096M(100%)
[77.117s][info][gc,heap     ] GC(41)                Mark Start          Mark End        Relocate Start      Relocate End           High               Low         
[77.117s][info][gc,heap     ] GC(41)  Capacity:     4096M (100%)       4096M (100%)       4096M (100%)       4096M (100%)       4096M (100%)       4096M (100%)   
[77.117s][info][gc,heap     ] GC(41)      Free:     2458M (60%)        2444M (60%)        3948M (96%)        4056M (99%)        4056M (99%)        2444M (60%)    
[77.117s][info][gc,heap     ] GC(41)      Used:     1638M (40%)        1652M (40%)         148M (4%)           40M (1%)         1652M (40%)          40M (1%)     
[77.117s][info][gc,heap     ] GC(41)      Live:         -                20M (0%)           20M (0%)           20M (0%)             -                  -          
[77.117s][info][gc,heap     ] GC(41) Allocated:         -                14M (0%)           14M (0%)           14M (0%)             -                  -          
[77.117s][info][gc,heap     ] GC(41)   Garbage:         -              1617M (40%)         113M (3%)            5M (0%)             -                  -          
[77.117s][info][gc,heap     ] GC(41) Reclaimed:         -                  -              1504M (37%)        1612M (39%)            -                  -          
[77.117s][info][gc          ] GC(41) Garbage Collection (System.gc()) 1638M(40%)->40M(1%)
[79.898s][info][gc,start    ] GC(42) Garbage Collection (Proactive)
[79.898s][info][gc,task     ] GC(42) Using 2 workers
[79.898s][info][gc,phases   ] GC(42) Pause Mark Start 0.005ms
[79.916s][info][gc,phases   ] GC(42) Concurrent Mark 18.265ms
[79.916s][info][gc,phases   ] GC(42) Pause Mark End 0.017ms
[79.916s][info][gc,phases   ] GC(42) Concurrent Mark Free 0.001ms
[79.924s][info][gc,phases   ] GC(42) Concurrent Process Non-Strong References 7.570ms
[79.924s][info][gc,phases   ] GC(42) Concurrent Reset Relocation Set 0.003ms
[79.926s][info][gc,phases   ] GC(42) Concurrent Select Relocation Set 2.093ms
[79.926s][info][gc,phases   ] GC(42) Pause Relocate Start 0.009ms
[79.927s][info][gc,phases   ] GC(42) Concurrent Relocate 0.799ms
[79.927s][info][gc,load     ] GC(42) Load: 0.00/0.00/0.00
[79.927s][info][gc,mmu      ] GC(42) MMU: 2ms/98.5%, 5ms/99.4%, 10ms/99.6%, 20ms/99.8%, 50ms/99.9%, 100ms/99.9%
[79.927s][info][gc,marking  ] GC(42) Mark: 2 stripe(s), 2 proactive flush(es), 1 terminate flush(es), 0 completion(s), 0 continuation(s) 
[79.927s][info][gc,marking  ] GC(42) Mark Stack Usage: 32M
[79.927s][info][gc,nmethod  ] GC(42) NMethods: 8089 registered, 2517 unregistered
[79.927s][info][gc,metaspace] GC(42) Metaspace: 50M used, 51M committed, 1088M reserved
[79.927s][info][gc,ref      ] GC(42) Soft: 3841 encountered, 0 discovered, 0 enqueued
[79.927s][info][gc,ref      ] GC(42) Weak: 4365 encountered, 509 discovered, 14 enqueued
[79.927s][info][gc,ref      ] GC(42) Final: 37 encountered, 0 discovered, 0 enqueued
[79.927s][info][gc,ref      ] GC(42) Phantom: 291 encountered, 237 discovered, 0 enqueued
[79.927s][info][gc,reloc    ] GC(42) Small Pages: 1517 / 3034M, Empty: 2900M, Relocated: 1M, In-Place: 0
[79.927s][info][gc,reloc    ] GC(42) Medium Pages: 0 / 0M, Empty: 0M, Relocated: 0M, In-Place: 0
[79.927s][info][gc,reloc    ] GC(42) Large Pages: 0 / 0M, Empty: 0M, Relocated: 0M, In-Place: 0
[79.927s][info][gc,reloc    ] GC(42) Forwarding Usage: 0M
[79.927s][info][gc,heap     ] GC(42) Min Capacity: 4096M(100%)
[79.927s][info][gc,heap     ] GC(42) Max Capacity: 4096M(100%)
[79.927s][info][gc,heap     ] GC(42) Soft Max Capacity: 4096M(100%)
[79.927s][info][gc,heap     ] GC(42)                Mark Start          Mark End        Relocate Start      Relocate End           High               Low         
[79.927s][info][gc,heap     ] GC(42)  Capacity:     4096M (100%)       4096M (100%)       4096M (100%)       4096M (100%)       4096M (100%)       4096M (100%)   
[79.927s][info][gc,heap     ] GC(42)      Free:     1062M (26%)        1042M (25%)        3936M (96%)        4042M (99%)        4042M (99%)        1040M (25%)    
[79.927s][info][gc,heap     ] GC(42)      Used:     3034M (74%)        3054M (75%)         160M (4%)           54M (1%)         3056M (75%)          54M (1%)     
[79.927s][info][gc,heap     ] GC(42)      Live:         -                20M (0%)           20M (0%)           20M (0%)             -                  -          
[79.927s][info][gc,heap     ] GC(42) Allocated:         -                20M (0%)           26M (1%)           27M (1%)             -                  -          
[79.927s][info][gc,heap     ] GC(42)   Garbage:         -              3013M (74%)         113M (3%)            5M (0%)             -                  -          
[79.927s][info][gc,heap     ] GC(42) Reclaimed:         -                  -              2900M (71%)        3007M (73%)            -                  -          
[79.927s][info][gc          ] GC(42) Garbage Collection (Proactive) 3034M(74%)->54M(1%)
[80.199s][info][gc,stats    ] === Garbage Collection Statistics =======================================================================================================================
[80.199s][info][gc,stats    ]                                                              Last 10s              Last 10m              Last 10h                Total
[80.199s][info][gc,stats    ]                                                              Avg / Max             Avg / Max             Avg / Max             Avg / Max
[80.199s][info][gc,stats    ]   Collector: Garbage Collection Cycle                     32.601 / 41.332       33.479 / 62.948       33.479 / 62.948       33.479 / 62.948      ms
[80.199s][info][gc,stats    ]  Contention: Mark Segment Reset Contention                     0 / 1                 0 / 2                 0 / 2                 0 / 2           ops/s
[80.199s][info][gc,stats    ]  Contention: Mark SeqNum Reset Contention                      0 / 1                 0 / 2                 0 / 2                 0 / 2           ops/s
[80.199s][info][gc,stats    ]    Critical: Allocation Stall                                  0 / 0                 0 / 0                 0 / 0                 0 / 0           ops/s
[80.199s][info][gc,stats    ]    Critical: Allocation Stall                              0.000 / 0.000         0.000 / 0.000         0.000 / 0.000         0.000 / 0.000       ms
[80.199s][info][gc,stats    ]    Critical: GC Locker Stall                                   0 / 0                 0 / 0                 0 / 0                 0 / 0           ops/s
[80.199s][info][gc,stats    ]    Critical: GC Locker Stall                               0.000 / 0.000         0.000 / 0.000         0.000 / 0.000         0.000 / 0.000       ms
[80.199s][info][gc,stats    ]    Critical: Relocation Stall                                  0 / 0                 0 / 0                 0 / 0                 0 / 0           ops/s
[80.199s][info][gc,stats    ]    Critical: Relocation Stall                              0.000 / 0.000         0.000 / 0.000         0.000 / 0.000         0.000 / 0.000       ms
[80.199s][info][gc,stats    ]      Memory: Allocation Rate                                1081 / 1100            907 / 1120            907 / 1120            907 / 1120        MB/s
[80.199s][info][gc,stats    ]      Memory: Defragment                                        0 / 0                 0 / 0                 0 / 0                 0 / 0           ops/s
[80.199s][info][gc,stats    ]      Memory: Out Of Memory                                     0 / 0                 0 / 0                 0 / 0                 0 / 0           ops/s
[80.199s][info][gc,stats    ]      Memory: Page Cache Flush                                  0 / 0                 0 / 0                 0 / 0                 0 / 0           MB/s
[80.199s][info][gc,stats    ]      Memory: Page Cache Hit L1                               541 / 552             434 / 560             434 / 560             434 / 560         ops/s
[80.199s][info][gc,stats    ]      Memory: Page Cache Hit L2                                 0 / 0                 0 / 0                 0 / 0                 0 / 0           ops/s
[80.199s][info][gc,stats    ]      Memory: Page Cache Hit L3                                 0 / 0                20 / 295              20 / 295              20 / 295         ops/s
[80.199s][info][gc,stats    ]      Memory: Page Cache Miss                                   0 / 0                 0 / 1                 0 / 1                 0 / 1           ops/s
[80.199s][info][gc,stats    ]      Memory: Uncommit                                          0 / 0                 0 / 0                 0 / 0                 0 / 0           MB/s
[80.199s][info][gc,stats    ]      Memory: Undo Object Allocation Failed                     0 / 0                 0 / 1                 0 / 1                 0 / 1           ops/s
[80.199s][info][gc,stats    ]      Memory: Undo Object Allocation Succeeded                  1 / 10                2 / 42                2 / 42                2 / 42          ops/s
[80.199s][info][gc,stats    ]      Memory: Undo Page Allocation                              1 / 3                 1 / 8                 1 / 8                 1 / 8           ops/s
[80.199s][info][gc,stats    ]       Phase: Concurrent Mark                              21.741 / 30.833       22.425 / 33.521       22.425 / 33.521       22.425 / 33.521      ms
[80.199s][info][gc,stats    ]       Phase: Concurrent Mark Continue                      0.000 / 0.000         0.000 / 0.000         0.000 / 0.000         0.000 / 0.000       ms
[80.199s][info][gc,stats    ]       Phase: Concurrent Mark Free                          0.001 / 0.003         0.001 / 0.003         0.001 / 0.003         0.001 / 0.003       ms
[80.199s][info][gc,stats    ]       Phase: Concurrent Process Non-Strong References      7.549 / 7.901         7.054 / 21.700        7.054 / 21.700        7.054 / 21.700      ms
[80.199s][info][gc,stats    ]       Phase: Concurrent Relocate                           0.620 / 0.840         0.955 / 5.848         0.955 / 5.848         0.955 / 5.848       ms
[80.199s][info][gc,stats    ]       Phase: Concurrent Reset Relocation Set               0.003 / 0.004         0.004 / 0.010         0.004 / 0.010         0.004 / 0.010       ms
[80.199s][info][gc,stats    ]       Phase: Concurrent Select Relocation Set              1.963 / 2.150         2.141 / 5.959         2.141 / 5.959         2.141 / 5.959       ms
[80.199s][info][gc,stats    ]       Phase: Pause Mark End                                0.019 / 0.026         0.018 / 0.031         0.018 / 0.031         0.018 / 0.031       ms
[80.199s][info][gc,stats    ]       Phase: Pause Mark Start                              0.007 / 0.007         0.008 / 0.022         0.008 / 0.022         0.008 / 0.022       ms
[80.199s][info][gc,stats    ]       Phase: Pause Relocate Start                          0.009 / 0.010         0.009 / 0.017         0.009 / 0.017         0.009 / 0.017       ms
[80.199s][info][gc,stats    ]    Subphase: Concurrent Classes Purge                      0.052 / 0.062         0.178 / 1.921         0.178 / 1.921         0.178 / 1.921       ms
[80.199s][info][gc,stats    ]    Subphase: Concurrent Classes Unlink                     6.778 / 7.245         6.097 / 15.207        6.097 / 15.207        6.097 / 15.207      ms
[80.199s][info][gc,stats    ]    Subphase: Concurrent Mark                              17.813 / 29.061       18.153 / 31.441       18.153 / 31.441       18.153 / 31.441      ms
[80.199s][info][gc,stats    ]    Subphase: Concurrent Mark Try Flush                     0.086 / 0.236         0.076 / 0.430         0.076 / 0.430         0.076 / 0.430       ms
[80.199s][info][gc,stats    ]    Subphase: Concurrent Mark Try Terminate                 1.723 / 14.970        1.782 / 15.936        1.782 / 15.936        1.782 / 15.936      ms
[80.199s][info][gc,stats    ]    Subphase: Concurrent References Enqueue                 0.005 / 0.006         0.005 / 0.010         0.005 / 0.010         0.005 / 0.010       ms
[80.199s][info][gc,stats    ]    Subphase: Concurrent References Process                 0.123 / 0.206         0.135 / 0.844         0.135 / 0.844         0.135 / 0.844       ms
[80.199s][info][gc,stats    ]    Subphase: Concurrent Roots ClassLoaderDataGraph         0.073 / 0.128         0.081 / 0.281         0.081 / 0.281         0.081 / 0.281       ms
[80.199s][info][gc,stats    ]    Subphase: Concurrent Roots CodeCache                    0.000 / 0.000         0.000 / 0.000         0.000 / 0.000         0.000 / 0.000       ms
[80.199s][info][gc,stats    ]    Subphase: Concurrent Roots JavaThreads                  1.470 / 2.065         1.635 / 3.432         1.635 / 3.432         1.635 / 3.432       ms
[80.199s][info][gc,stats    ]    Subphase: Concurrent Roots OopStorageSet                0.023 / 0.028         0.028 / 0.106         0.028 / 0.106         0.028 / 0.106       ms
[80.199s][info][gc,stats    ]    Subphase: Concurrent Weak Roots OopStorageSet           0.406 / 0.729         0.407 / 1.078         0.407 / 1.078         0.407 / 1.078       ms
[80.199s][info][gc,stats    ]    Subphase: Pause Mark Try Complete                       0.000 / 0.000         0.000 / 0.000         0.000 / 0.000         0.000 / 0.000       ms
[80.199s][info][gc,stats    ]      System: Java Threads                                     62 / 63               53 / 63               53 / 63               53 / 63          threads
[80.199s][info][gc,stats    ] =========================================================================================================================================================
[80.664s][info][gc,start    ] GC(43) Garbage Collection (System.gc())
[80.664s][info][gc,task     ] GC(43) Using 2 workers
[80.664s][info][gc,phases   ] GC(43) Pause Mark Start 0.007ms
[80.685s][info][gc,phases   ] GC(43) Concurrent Mark 20.467ms
[80.685s][info][gc,phases   ] GC(43) Pause Mark End 0.023ms
[80.685s][info][gc,phases   ] GC(43) Concurrent Mark Free 0.002ms
[80.692s][info][gc,phases   ] GC(43) Concurrent Process Non-Strong References 6.807ms
[80.692s][info][gc,phases   ] GC(43) Concurrent Reset Relocation Set 0.004ms
[80.693s][info][gc,phases   ] GC(43) Concurrent Select Relocation Set 1.336ms
[80.693s][info][gc,phases   ] GC(43) Pause Relocate Start 0.007ms
[80.694s][info][gc,phases   ] GC(43) Concurrent Relocate 0.357ms
[80.694s][info][gc,load     ] GC(43) Load: 0.00/0.00/0.00
[80.694s][info][gc,mmu      ] GC(43) MMU: 2ms/98.5%, 5ms/99.4%, 10ms/99.6%, 20ms/99.8%, 50ms/99.9%, 100ms/99.9%
[80.694s][info][gc,marking  ] GC(43) Mark: 2 stripe(s), 2 proactive flush(es), 1 terminate flush(es), 0 completion(s), 0 continuation(s) 
[80.694s][info][gc,marking  ] GC(43) Mark Stack Usage: 32M
[80.694s][info][gc,nmethod  ] GC(43) NMethods: 8108 registered, 2518 unregistered
[80.694s][info][gc,metaspace] GC(43) Metaspace: 50M used, 51M committed, 1088M reserved
[80.694s][info][gc,ref      ] GC(43) Soft: 3841 encountered, 0 discovered, 0 enqueued
[80.694s][info][gc,ref      ] GC(43) Weak: 4198 encountered, 535 discovered, 30 enqueued
[80.694s][info][gc,ref      ] GC(43) Final: 37 encountered, 2 discovered, 0 enqueued
[80.694s][info][gc,ref      ] GC(43) Phantom: 291 encountered, 235 discovered, 0 enqueued
[80.694s][info][gc,reloc    ] GC(43) Small Pages: 418 / 836M, Empty: 708M, Relocated: 0M, In-Place: 0
[80.694s][info][gc,reloc    ] GC(43) Medium Pages: 0 / 0M, Empty: 0M, Relocated: 0M, In-Place: 0
[80.694s][info][gc,reloc    ] GC(43) Large Pages: 0 / 0M, Empty: 0M, Relocated: 0M, In-Place: 0
[80.694s][info][gc,reloc    ] GC(43) Forwarding Usage: 0M
[80.694s][info][gc,heap     ] GC(43) Min Capacity: 4096M(100%)
[80.694s][info][gc,heap     ] GC(43) Max Capacity: 4096M(100%)
[80.694s][info][gc,heap     ] GC(43) Soft Max Capacity: 4096M(100%)
[80.694s][info][gc,heap     ] GC(43)                Mark Start          Mark End        Relocate Start      Relocate End           High               Low         
[80.694s][info][gc,heap     ] GC(43)  Capacity:     4096M (100%)       4096M (100%)       4096M (100%)       4096M (100%)       4096M (100%)       4096M (100%)   
[80.694s][info][gc,heap     ] GC(43)      Free:     3260M (80%)        3246M (79%)        3954M (97%)        4056M (99%)        4056M (99%)        3246M (79%)    
[80.694s][info][gc,heap     ] GC(43)      Used:      836M (20%)         850M (21%)         142M (3%)           40M (1%)          850M (21%)          40M (1%)     
[80.694s][info][gc,heap     ] GC(43)      Live:         -                20M (0%)           20M (0%)           20M (0%)             -                  -          
[80.694s][info][gc,heap     ] GC(43) Allocated:         -                14M (0%)           14M (0%)           14M (0%)             -                  -          
[80.694s][info][gc,heap     ] GC(43)   Garbage:         -               815M (20%)         107M (3%)            5M (0%)             -                  -          
[80.694s][info][gc,heap     ] GC(43) Reclaimed:         -                  -               708M (17%)         810M (20%)            -                  -          
[80.694s][info][gc          ] GC(43) Garbage Collection (System.gc()) 836M(20%)->40M(1%)
[82.698s][info][gc,start    ] GC(44) Garbage Collection (Proactive)
[82.698s][info][gc,task     ] GC(44) Using 2 workers
[82.698s][info][gc,phases   ] GC(44) Pause Mark Start 0.006ms
[82.717s][info][gc,phases   ] GC(44) Concurrent Mark 19.318ms
[82.718s][info][gc,phases   ] GC(44) Pause Mark End 0.016ms
[82.718s][info][gc,phases   ] GC(44) Concurrent Mark Free 0.000ms
[82.725s][info][gc,phases   ] GC(44) Concurrent Process Non-Strong References 7.850ms
[82.725s][info][gc,phases   ] GC(44) Concurrent Reset Relocation Set 0.004ms
[82.728s][info][gc,phases   ] GC(44) Concurrent Select Relocation Set 2.032ms
[82.728s][info][gc,phases   ] GC(44) Pause Relocate Start 0.010ms
[82.731s][info][gc,phases   ] GC(44) Concurrent Relocate 0.907ms
[82.731s][info][gc,load     ] GC(44) Load: 0.00/0.00/0.00
[82.731s][info][gc,mmu      ] GC(44) MMU: 2ms/98.5%, 5ms/99.4%, 10ms/99.6%, 20ms/99.8%, 50ms/99.9%, 100ms/99.9%
[82.731s][info][gc,marking  ] GC(44) Mark: 2 stripe(s), 2 proactive flush(es), 1 terminate flush(es), 0 completion(s), 0 continuation(s) 
[82.731s][info][gc,marking  ] GC(44) Mark Stack Usage: 32M
[82.731s][info][gc,nmethod  ] GC(44) NMethods: 8115 registered, 2525 unregistered
[82.731s][info][gc,metaspace] GC(44) Metaspace: 50M used, 51M committed, 1088M reserved
[82.731s][info][gc,ref      ] GC(44) Soft: 3841 encountered, 0 discovered, 0 enqueued
[82.731s][info][gc,ref      ] GC(44) Weak: 4365 encountered, 817 discovered, 14 enqueued
[82.731s][info][gc,ref      ] GC(44) Final: 37 encountered, 1 discovered, 0 enqueued
[82.731s][info][gc,ref      ] GC(44) Phantom: 291 encountered, 236 discovered, 0 enqueued
[82.731s][info][gc,reloc    ] GC(44) Small Pages: 1096 / 2192M, Empty: 2068M, Relocated: 1M, In-Place: 0
[82.731s][info][gc,reloc    ] GC(44) Medium Pages: 0 / 0M, Empty: 0M, Relocated: 0M, In-Place: 0
[82.731s][info][gc,reloc    ] GC(44) Large Pages: 0 / 0M, Empty: 0M, Relocated: 0M, In-Place: 0
[82.731s][info][gc,reloc    ] GC(44) Forwarding Usage: 0M
[82.731s][info][gc,heap     ] GC(44) Min Capacity: 4096M(100%)
[82.731s][info][gc,heap     ] GC(44) Max Capacity: 4096M(100%)
[82.731s][info][gc,heap     ] GC(44) Soft Max Capacity: 4096M(100%)
[82.731s][info][gc,heap     ] GC(44)                Mark Start          Mark End        Relocate Start      Relocate End           High               Low         
[82.731s][info][gc,heap     ] GC(44)  Capacity:     4096M (100%)       4096M (100%)       4096M (100%)       4096M (100%)       4096M (100%)       4096M (100%)   
[82.731s][info][gc,heap     ] GC(44)      Free:     1904M (46%)        1886M (46%)        3946M (96%)        4042M (99%)        4042M (99%)        1878M (46%)    
[82.731s][info][gc,heap     ] GC(44)      Used:     2192M (54%)        2210M (54%)         150M (4%)           54M (1%)         2218M (54%)          54M (1%)     
[82.731s][info][gc,heap     ] GC(44)      Live:         -                20M (0%)           20M (0%)           20M (0%)             -                  -          
[82.731s][info][gc,heap     ] GC(44) Allocated:         -                18M (0%)           26M (1%)           27M (1%)             -                  -          
[82.731s][info][gc,heap     ] GC(44)   Garbage:         -              2171M (53%)         103M (3%)            5M (0%)             -                  -          
[82.731s][info][gc,heap     ] GC(44) Reclaimed:         -                  -              2068M (50%)        2165M (53%)            -                  -          
[82.732s][info][gc          ] GC(44) Garbage Collection (Proactive) 2192M(54%)->54M(1%)
[84.235s][info][gc,start    ] GC(45) Garbage Collection (System.gc())
[84.235s][info][gc,task     ] GC(45) Using 2 workers
[84.235s][info][gc,phases   ] GC(45) Pause Mark Start 0.006ms
[84.266s][info][gc,phases   ] GC(45) Concurrent Mark 31.025ms
[84.266s][info][gc,phases   ] GC(45) Pause Mark End 0.025ms
[84.266s][info][gc,phases   ] GC(45) Concurrent Mark Free 0.003ms
[84.273s][info][gc,phases   ] GC(45) Concurrent Process Non-Strong References 6.722ms
[84.273s][info][gc,phases   ] GC(45) Concurrent Reset Relocation Set 0.004ms
[84.275s][info][gc,phases   ] GC(45) Concurrent Select Relocation Set 2.109ms
[84.275s][info][gc,phases   ] GC(45) Pause Relocate Start 0.007ms
[84.276s][info][gc,phases   ] GC(45) Concurrent Relocate 0.367ms
[84.276s][info][gc,load     ] GC(45) Load: 0.00/0.00/0.00
[84.276s][info][gc,mmu      ] GC(45) MMU: 2ms/98.5%, 5ms/99.4%, 10ms/99.6%, 20ms/99.8%, 50ms/99.9%, 100ms/99.9%
[84.276s][info][gc,marking  ] GC(45) Mark: 2 stripe(s), 2 proactive flush(es), 1 terminate flush(es), 0 completion(s), 0 continuation(s) 
[84.276s][info][gc,marking  ] GC(45) Mark Stack Usage: 32M
[84.276s][info][gc,nmethod  ] GC(45) NMethods: 8132 registered, 2530 unregistered
[84.276s][info][gc,metaspace] GC(45) Metaspace: 50M used, 51M committed, 1088M reserved
[84.276s][info][gc,ref      ] GC(45) Soft: 3841 encountered, 0 discovered, 0 enqueued
[84.276s][info][gc,ref      ] GC(45) Weak: 4198 encountered, 1222 discovered, 30 enqueued
[84.276s][info][gc,ref      ] GC(45) Final: 37 encountered, 0 discovered, 0 enqueued
[84.276s][info][gc,ref      ] GC(45) Phantom: 291 encountered, 234 discovered, 0 enqueued
[84.276s][info][gc,reloc    ] GC(45) Small Pages: 841 / 1682M, Empty: 1568M, Relocated: 0M, In-Place: 0
[84.276s][info][gc,reloc    ] GC(45) Medium Pages: 0 / 0M, Empty: 0M, Relocated: 0M, In-Place: 0
[84.276s][info][gc,reloc    ] GC(45) Large Pages: 0 / 0M, Empty: 0M, Relocated: 0M, In-Place: 0
[84.276s][info][gc,reloc    ] GC(45) Forwarding Usage: 0M
[84.276s][info][gc,heap     ] GC(45) Min Capacity: 4096M(100%)
[84.276s][info][gc,heap     ] GC(45) Max Capacity: 4096M(100%)
[84.276s][info][gc,heap     ] GC(45) Soft Max Capacity: 4096M(100%)
[84.276s][info][gc,heap     ] GC(45)                Mark Start          Mark End        Relocate Start      Relocate End           High               Low         
[84.276s][info][gc,heap     ] GC(45)  Capacity:     4096M (100%)       4096M (100%)       4096M (100%)       4096M (100%)       4096M (100%)       4096M (100%)   
[84.276s][info][gc,heap     ] GC(45)      Free:     2414M (59%)        2400M (59%)        3968M (97%)        4056M (99%)        4056M (99%)        2400M (59%)    
[84.276s][info][gc,heap     ] GC(45)      Used:     1682M (41%)        1696M (41%)         128M (3%)           40M (1%)         1696M (41%)          40M (1%)     
[84.276s][info][gc,heap     ] GC(45)      Live:         -                20M (0%)           20M (0%)           20M (0%)             -                  -          
[84.276s][info][gc,heap     ] GC(45) Allocated:         -                14M (0%)           14M (0%)           14M (0%)             -                  -          
[84.276s][info][gc,heap     ] GC(45)   Garbage:         -              1661M (41%)          93M (2%)            5M (0%)             -                  -          
[84.276s][info][gc,heap     ] GC(45) Reclaimed:         -                  -              1568M (38%)        1656M (40%)            -                  -          
[84.276s][info][gc          ] GC(45) Garbage Collection (System.gc()) 1682M(41%)->40M(1%)
[87.098s][info][gc,start    ] GC(46) Garbage Collection (Proactive)
[87.098s][info][gc,task     ] GC(46) Using 2 workers
[87.098s][info][gc,phases   ] GC(46) Pause Mark Start 0.009ms
[87.116s][info][gc,phases   ] GC(46) Concurrent Mark 18.078ms
[87.117s][info][gc,phases   ] GC(46) Pause Mark End 0.020ms
[87.117s][info][gc,phases   ] GC(46) Concurrent Mark Free 0.001ms
[87.124s][info][gc,phases   ] GC(46) Concurrent Process Non-Strong References 7.562ms
[87.124s][info][gc,phases   ] GC(46) Concurrent Reset Relocation Set 0.003ms
[87.126s][info][gc,phases   ] GC(46) Concurrent Select Relocation Set 2.192ms
[87.127s][info][gc,phases   ] GC(46) Pause Relocate Start 0.010ms
[87.127s][info][gc,phases   ] GC(46) Concurrent Relocate 0.756ms
[87.128s][info][gc,load     ] GC(46) Load: 0.00/0.00/0.00
[87.128s][info][gc,mmu      ] GC(46) MMU: 2ms/98.5%, 5ms/99.4%, 10ms/99.6%, 20ms/99.8%, 50ms/99.9%, 100ms/99.9%
[87.128s][info][gc,marking  ] GC(46) Mark: 2 stripe(s), 2 proactive flush(es), 1 terminate flush(es), 0 completion(s), 0 continuation(s) 
[87.128s][info][gc,marking  ] GC(46) Mark Stack Usage: 32M
[87.128s][info][gc,nmethod  ] GC(46) NMethods: 8157 registered, 2539 unregistered
[87.128s][info][gc,metaspace] GC(46) Metaspace: 50M used, 51M committed, 1088M reserved
[87.128s][info][gc,ref      ] GC(46) Soft: 3841 encountered, 0 discovered, 0 enqueued
[87.128s][info][gc,ref      ] GC(46) Weak: 4365 encountered, 634 discovered, 14 enqueued
[87.128s][info][gc,ref      ] GC(46) Final: 37 encountered, 0 discovered, 0 enqueued
[87.128s][info][gc,ref      ] GC(46) Phantom: 291 encountered, 236 discovered, 0 enqueued
[87.128s][info][gc,reloc    ] GC(46) Small Pages: 1536 / 3072M, Empty: 2938M, Relocated: 1M, In-Place: 0
[87.128s][info][gc,reloc    ] GC(46) Medium Pages: 0 / 0M, Empty: 0M, Relocated: 0M, In-Place: 0
[87.128s][info][gc,reloc    ] GC(46) Large Pages: 0 / 0M, Empty: 0M, Relocated: 0M, In-Place: 0
[87.128s][info][gc,reloc    ] GC(46) Forwarding Usage: 0M
[87.128s][info][gc,heap     ] GC(46) Min Capacity: 4096M(100%)
[87.128s][info][gc,heap     ] GC(46) Max Capacity: 4096M(100%)
[87.128s][info][gc,heap     ] GC(46) Soft Max Capacity: 4096M(100%)
[87.128s][info][gc,heap     ] GC(46)                Mark Start          Mark End        Relocate Start      Relocate End           High               Low         
[87.128s][info][gc,heap     ] GC(46)  Capacity:     4096M (100%)       4096M (100%)       4096M (100%)       4096M (100%)       4096M (100%)       4096M (100%)   
[87.128s][info][gc,heap     ] GC(46)      Free:     1024M (25%)        1006M (25%)        3936M (96%)        4044M (99%)        4044M (99%)         998M (24%)    
[87.128s][info][gc,heap     ] GC(46)      Used:     3072M (75%)        3090M (75%)         160M (4%)           52M (1%)         3098M (76%)          52M (1%)     
[87.128s][info][gc,heap     ] GC(46)      Live:         -                20M (0%)           20M (0%)           20M (0%)             -                  -          
[87.128s][info][gc,heap     ] GC(46) Allocated:         -                18M (0%)           26M (1%)           25M (1%)             -                  -          
[87.128s][info][gc,heap     ] GC(46)   Garbage:         -              3051M (75%)         113M (3%)            5M (0%)             -                  -          
[87.128s][info][gc,heap     ] GC(46) Reclaimed:         -                  -              2938M (72%)        3045M (74%)            -                  -          
[87.128s][info][gc          ] GC(46) Garbage Collection (Proactive) 3072M(75%)->52M(1%)
[87.824s][info][gc,start    ] GC(47) Garbage Collection (System.gc())
[87.824s][info][gc,task     ] GC(47) Using 2 workers
[87.824s][info][gc,phases   ] GC(47) Pause Mark Start 0.007ms
[87.846s][info][gc,phases   ] GC(47) Concurrent Mark 21.940ms
[87.846s][info][gc,phases   ] GC(47) Pause Mark End 0.024ms
[87.847s][info][gc,phases   ] GC(47) Concurrent Mark Free 0.002ms
[87.854s][info][gc,phases   ] GC(47) Concurrent Process Non-Strong References 7.265ms
[87.854s][info][gc,phases   ] GC(47) Concurrent Reset Relocation Set 0.004ms
[87.856s][info][gc,phases   ] GC(47) Concurrent Select Relocation Set 1.963ms
[87.856s][info][gc,phases   ] GC(47) Pause Relocate Start 0.006ms
[87.857s][info][gc,phases   ] GC(47) Concurrent Relocate 0.543ms
[87.857s][info][gc,load     ] GC(47) Load: 0.00/0.00/0.00
[87.857s][info][gc,mmu      ] GC(47) MMU: 2ms/98.5%, 5ms/99.4%, 10ms/99.6%, 20ms/99.8%, 50ms/99.9%, 100ms/99.9%
[87.857s][info][gc,marking  ] GC(47) Mark: 2 stripe(s), 2 proactive flush(es), 1 terminate flush(es), 0 completion(s), 0 continuation(s) 
[87.857s][info][gc,marking  ] GC(47) Mark Stack Usage: 32M
[87.857s][info][gc,nmethod  ] GC(47) NMethods: 8213 registered, 2541 unregistered
[87.857s][info][gc,metaspace] GC(47) Metaspace: 50M used, 51M committed, 1088M reserved
[87.857s][info][gc,ref      ] GC(47) Soft: 3841 encountered, 0 discovered, 0 enqueued
[87.857s][info][gc,ref      ] GC(47) Weak: 4203 encountered, 197 discovered, 31 enqueued
[87.857s][info][gc,ref      ] GC(47) Final: 37 encountered, 0 discovered, 0 enqueued
[87.857s][info][gc,ref      ] GC(47) Phantom: 291 encountered, 235 discovered, 0 enqueued
[87.857s][info][gc,reloc    ] GC(47) Small Pages: 402 / 804M, Empty: 680M, Relocated: 0M, In-Place: 0
[87.857s][info][gc,reloc    ] GC(47) Medium Pages: 0 / 0M, Empty: 0M, Relocated: 0M, In-Place: 0
[87.857s][info][gc,reloc    ] GC(47) Large Pages: 0 / 0M, Empty: 0M, Relocated: 0M, In-Place: 0
[87.857s][info][gc,reloc    ] GC(47) Forwarding Usage: 0M
[87.857s][info][gc,heap     ] GC(47) Min Capacity: 4096M(100%)
[87.857s][info][gc,heap     ] GC(47) Max Capacity: 4096M(100%)
[87.857s][info][gc,heap     ] GC(47) Soft Max Capacity: 4096M(100%)
[87.857s][info][gc,heap     ] GC(47)                Mark Start          Mark End        Relocate Start      Relocate End           High               Low         
[87.857s][info][gc,heap     ] GC(47)  Capacity:     4096M (100%)       4096M (100%)       4096M (100%)       4096M (100%)       4096M (100%)       4096M (100%)   
[87.857s][info][gc,heap     ] GC(47)      Free:     3292M (80%)        3280M (80%)        3960M (97%)        4058M (99%)        4058M (99%)        3280M (80%)    
[87.857s][info][gc,heap     ] GC(47)      Used:      804M (20%)         816M (20%)         136M (3%)           38M (1%)          816M (20%)          38M (1%)     
[87.857s][info][gc,heap     ] GC(47)      Live:         -                20M (0%)           20M (0%)           20M (0%)             -                  -          
[87.857s][info][gc,heap     ] GC(47) Allocated:         -                12M (0%)           12M (0%)           12M (0%)             -                  -          
[87.857s][info][gc,heap     ] GC(47)   Garbage:         -               783M (19%)         103M (3%)            5M (0%)             -                  -          
[87.857s][info][gc,heap     ] GC(47) Reclaimed:         -                  -               680M (17%)         778M (19%)            -                  -          
[87.857s][info][gc          ] GC(47) Garbage Collection (System.gc()) 804M(20%)->38M(1%)
[89.998s][info][gc,start    ] GC(48) Garbage Collection (Proactive)
[89.998s][info][gc,task     ] GC(48) Using 2 workers
[89.998s][info][gc,phases   ] GC(48) Pause Mark Start 0.009ms
[90.016s][info][gc,phases   ] GC(48) Concurrent Mark 18.040ms
[90.016s][info][gc,phases   ] GC(48) Pause Mark End 0.019ms
[90.016s][info][gc,phases   ] GC(48) Concurrent Mark Free 0.001ms
[90.024s][info][gc,phases   ] GC(48) Concurrent Process Non-Strong References 7.543ms
[90.024s][info][gc,phases   ] GC(48) Concurrent Reset Relocation Set 0.004ms
[90.026s][info][gc,phases   ] GC(48) Concurrent Select Relocation Set 1.940ms
[90.026s][info][gc,phases   ] GC(48) Pause Relocate Start 0.010ms
[90.027s][info][gc,phases   ] GC(48) Concurrent Relocate 0.729ms
[90.027s][info][gc,load     ] GC(48) Load: 0.00/0.00/0.00
[90.027s][info][gc,mmu      ] GC(48) MMU: 2ms/98.5%, 5ms/99.4%, 10ms/99.6%, 20ms/99.8%, 50ms/99.9%, 100ms/99.9%
[90.027s][info][gc,marking  ] GC(48) Mark: 2 stripe(s), 2 proactive flush(es), 1 terminate flush(es), 0 completion(s), 0 continuation(s) 
[90.027s][info][gc,marking  ] GC(48) Mark Stack Usage: 32M
[90.027s][info][gc,nmethod  ] GC(48) NMethods: 8272 registered, 2550 unregistered
[90.027s][info][gc,metaspace] GC(48) Metaspace: 50M used, 51M committed, 1088M reserved
[90.027s][info][gc,ref      ] GC(48) Soft: 3841 encountered, 0 discovered, 0 enqueued
[90.027s][info][gc,ref      ] GC(48) Weak: 4364 encountered, 791 discovered, 13 enqueued
[90.027s][info][gc,ref      ] GC(48) Final: 37 encountered, 0 discovered, 0 enqueued
[90.027s][info][gc,ref      ] GC(48) Phantom: 291 encountered, 236 discovered, 0 enqueued
[90.027s][info][gc,reloc    ] GC(48) Small Pages: 1146 / 2292M, Empty: 2184M, Relocated: 0M, In-Place: 0
[90.027s][info][gc,reloc    ] GC(48) Medium Pages: 0 / 0M, Empty: 0M, Relocated: 0M, In-Place: 0
[90.027s][info][gc,reloc    ] GC(48) Large Pages: 0 / 0M, Empty: 0M, Relocated: 0M, In-Place: 0
[90.027s][info][gc,reloc    ] GC(48) Forwarding Usage: 0M
[90.027s][info][gc,heap     ] GC(48) Min Capacity: 4096M(100%)
[90.027s][info][gc,heap     ] GC(48) Max Capacity: 4096M(100%)
[90.027s][info][gc,heap     ] GC(48) Soft Max Capacity: 4096M(100%)
[90.027s][info][gc,heap     ] GC(48)                Mark Start          Mark End        Relocate Start      Relocate End           High               Low         
[90.027s][info][gc,heap     ] GC(48)  Capacity:     4096M (100%)       4096M (100%)       4096M (100%)       4096M (100%)       4096M (100%)       4096M (100%)   
[90.027s][info][gc,heap     ] GC(48)      Free:     1804M (44%)        1786M (44%)        3962M (97%)        4044M (99%)        4044M (99%)        1780M (43%)    
[90.027s][info][gc,heap     ] GC(48)      Used:     2292M (56%)        2310M (56%)         134M (3%)           52M (1%)         2316M (57%)          52M (1%)     
[90.027s][info][gc,heap     ] GC(48)      Live:         -                20M (0%)           20M (0%)           20M (0%)             -                  -          
[90.027s][info][gc,heap     ] GC(48) Allocated:         -                18M (0%)           26M (1%)           25M (1%)             -                  -          
[90.027s][info][gc,heap     ] GC(48)   Garbage:         -              2271M (55%)          87M (2%)            5M (0%)             -                  -          
[90.027s][info][gc,heap     ] GC(48) Reclaimed:         -                  -              2184M (53%)        2265M (55%)            -                  -          
[90.027s][info][gc          ] GC(48) Garbage Collection (Proactive) 2292M(56%)->52M(1%)
[90.198s][info][gc,stats    ] === Garbage Collection Statistics =======================================================================================================================
[90.198s][info][gc,stats    ]                                                              Last 10s              Last 10m              Last 10h                Total
[90.198s][info][gc,stats    ]                                                              Avg / Max             Avg / Max             Avg / Max             Avg / Max
[90.198s][info][gc,stats    ]   Collector: Garbage Collection Cycle                     32.504 / 41.087       33.360 / 62.948       33.360 / 62.948       33.360 / 62.948      ms
[90.198s][info][gc,stats    ]  Contention: Mark Segment Reset Contention                     0 / 1                 0 / 2                 0 / 2                 0 / 2           ops/s
[90.198s][info][gc,stats    ]  Contention: Mark SeqNum Reset Contention                      0 / 0                 0 / 2                 0 / 2                 0 / 2           ops/s
[90.198s][info][gc,stats    ]    Critical: Allocation Stall                                  0 / 0                 0 / 0                 0 / 0                 0 / 0           ops/s
[90.198s][info][gc,stats    ]    Critical: Allocation Stall                              0.000 / 0.000         0.000 / 0.000         0.000 / 0.000         0.000 / 0.000       ms
[90.198s][info][gc,stats    ]    Critical: GC Locker Stall                                   0 / 0                 0 / 0                 0 / 0                 0 / 0           ops/s
[90.198s][info][gc,stats    ]    Critical: GC Locker Stall                               0.000 / 0.000         0.000 / 0.000         0.000 / 0.000         0.000 / 0.000       ms
[90.198s][info][gc,stats    ]    Critical: Relocation Stall                                  0 / 0                 0 / 0                 0 / 0                 0 / 0           ops/s
[90.198s][info][gc,stats    ]    Critical: Relocation Stall                              0.000 / 0.000         0.000 / 0.000         0.000 / 0.000         0.000 / 0.000       ms
[90.198s][info][gc,stats    ]      Memory: Allocation Rate                                1059 / 1088            924 / 1120            924 / 1120            924 / 1120        MB/s
[90.198s][info][gc,stats    ]      Memory: Defragment                                        0 / 0                 0 / 0                 0 / 0                 0 / 0           ops/s
[90.198s][info][gc,stats    ]      Memory: Out Of Memory                                     0 / 0                 0 / 0                 0 / 0                 0 / 0           ops/s
[90.198s][info][gc,stats    ]      Memory: Page Cache Flush                                  0 / 0                 0 / 0                 0 / 0                 0 / 0           MB/s
[90.198s][info][gc,stats    ]      Memory: Page Cache Hit L1                               531 / 544             445 / 560             445 / 560             445 / 560         ops/s
[90.198s][info][gc,stats    ]      Memory: Page Cache Hit L2                                 0 / 0                 0 / 0                 0 / 0                 0 / 0           ops/s
[90.198s][info][gc,stats    ]      Memory: Page Cache Hit L3                                 0 / 0                18 / 295              18 / 295              18 / 295         ops/s
[90.198s][info][gc,stats    ]      Memory: Page Cache Miss                                   0 / 0                 0 / 1                 0 / 1                 0 / 1           ops/s
[90.198s][info][gc,stats    ]      Memory: Uncommit                                          0 / 0                 0 / 0                 0 / 0                 0 / 0           MB/s
[90.198s][info][gc,stats    ]      Memory: Undo Object Allocation Failed                     0 / 0                 0 / 1                 0 / 1                 0 / 1           ops/s
[90.198s][info][gc,stats    ]      Memory: Undo Object Allocation Succeeded                  3 / 22                2 / 42                2 / 42                2 / 42          ops/s
[90.198s][info][gc,stats    ]      Memory: Undo Page Allocation                              0 / 2                 1 / 8                 1 / 8                 1 / 8           ops/s
[90.198s][info][gc,stats    ]       Phase: Concurrent Mark                              21.478 / 31.025       22.309 / 33.521       22.309 / 33.521       22.309 / 33.521      ms
[90.198s][info][gc,stats    ]       Phase: Concurrent Mark Continue                      0.000 / 0.000         0.000 / 0.000         0.000 / 0.000         0.000 / 0.000       ms
[90.198s][info][gc,stats    ]       Phase: Concurrent Mark Free                          0.001 / 0.003         0.001 / 0.003         0.001 / 0.003         0.001 / 0.003       ms
[90.198s][info][gc,stats    ]       Phase: Concurrent Process Non-Strong References      7.292 / 7.850         7.083 / 21.700        7.083 / 21.700        7.083 / 21.700      ms
[90.198s][info][gc,stats    ]       Phase: Concurrent Relocate                           0.610 / 0.907         0.912 / 5.848         0.912 / 5.848         0.912 / 5.848       ms
[90.198s][info][gc,stats    ]       Phase: Concurrent Reset Relocation Set               0.004 / 0.004         0.004 / 0.010         0.004 / 0.010         0.004 / 0.010       ms
[90.198s][info][gc,stats    ]       Phase: Concurrent Select Relocation Set              1.929 / 2.192         2.115 / 5.959         2.115 / 5.959         2.115 / 5.959       ms
[90.198s][info][gc,stats    ]       Phase: Pause Mark End                                0.021 / 0.025         0.019 / 0.031         0.019 / 0.031         0.019 / 0.031       ms
[90.198s][info][gc,stats    ]       Phase: Pause Mark Start                              0.007 / 0.009         0.008 / 0.022         0.008 / 0.022         0.008 / 0.022       ms
[90.198s][info][gc,stats    ]       Phase: Pause Relocate Start                          0.008 / 0.010         0.009 / 0.017         0.009 / 0.017         0.009 / 0.017       ms
[90.198s][info][gc,stats    ]    Subphase: Concurrent Classes Purge                      0.048 / 0.071         0.162 / 1.921         0.162 / 1.921         0.162 / 1.921       ms
[90.198s][info][gc,stats    ]    Subphase: Concurrent Classes Unlink                     6.545 / 7.114         6.151 / 15.207        6.151 / 15.207        6.151 / 15.207      ms
[90.198s][info][gc,stats    ]    Subphase: Concurrent Mark                              17.090 / 28.753       18.023 / 31.441       18.023 / 31.441       18.023 / 31.441      ms
[90.198s][info][gc,stats    ]    Subphase: Concurrent Mark Try Flush                     0.099 / 0.322         0.079 / 0.430         0.079 / 0.430         0.079 / 0.430       ms
[90.198s][info][gc,stats    ]    Subphase: Concurrent Mark Try Terminate                 1.722 / 15.645        1.775 / 15.936        1.775 / 15.936        1.775 / 15.936      ms
[90.198s][info][gc,stats    ]    Subphase: Concurrent References Enqueue                 0.005 / 0.006         0.005 / 0.010         0.005 / 0.010         0.005 / 0.010       ms
[90.198s][info][gc,stats    ]    Subphase: Concurrent References Process                 0.130 / 0.259         0.134 / 0.844         0.134 / 0.844         0.134 / 0.844       ms
[90.198s][info][gc,stats    ]    Subphase: Concurrent Roots ClassLoaderDataGraph         0.079 / 0.131         0.081 / 0.281         0.081 / 0.281         0.081 / 0.281       ms
[90.198s][info][gc,stats    ]    Subphase: Concurrent Roots CodeCache                    0.000 / 0.000         0.000 / 0.000         0.000 / 0.000         0.000 / 0.000       ms
[90.198s][info][gc,stats    ]    Subphase: Concurrent Roots JavaThreads                  1.758 / 2.402         1.650 / 3.432         1.650 / 3.432         1.650 / 3.432       ms
[90.198s][info][gc,stats    ]    Subphase: Concurrent Roots OopStorageSet                0.024 / 0.036         0.028 / 0.106         0.028 / 0.106         0.028 / 0.106       ms
[90.198s][info][gc,stats    ]    Subphase: Concurrent Weak Roots OopStorageSet           0.393 / 0.549         0.405 / 1.078         0.405 / 1.078         0.405 / 1.078       ms
[90.198s][info][gc,stats    ]    Subphase: Pause Mark Try Complete                       0.000 / 0.000         0.000 / 0.000         0.000 / 0.000         0.000 / 0.000       ms
[90.198s][info][gc,stats    ]      System: Java Threads                                     63 / 63               54 / 63               54 / 63               54 / 63          threads
[90.198s][info][gc,stats    ] =========================================================================================================================================================
[91.709s][info][gc,start    ] GC(49) Garbage Collection (System.gc())
[91.709s][info][gc,task     ] GC(49) Using 2 workers
[91.709s][info][gc,phases   ] GC(49) Pause Mark Start 0.010ms
[91.736s][info][gc,phases   ] GC(49) Concurrent Mark 27.328ms
[91.737s][info][gc,phases   ] GC(49) Pause Mark End 0.025ms
[91.737s][info][gc,phases   ] GC(49) Concurrent Mark Free 0.003ms
[91.744s][info][gc,phases   ] GC(49) Concurrent Process Non-Strong References 7.275ms
[91.744s][info][gc,phases   ] GC(49) Concurrent Reset Relocation Set 0.005ms
[91.746s][info][gc,phases   ] GC(49) Concurrent Select Relocation Set 1.912ms
[91.746s][info][gc,phases   ] GC(49) Pause Relocate Start 0.010ms
[91.747s][info][gc,phases   ] GC(49) Concurrent Relocate 0.401ms
[91.747s][info][gc,load     ] GC(49) Load: 0.00/0.00/0.00
[91.747s][info][gc,mmu      ] GC(49) MMU: 2ms/98.5%, 5ms/99.4%, 10ms/99.6%, 20ms/99.8%, 50ms/99.9%, 100ms/99.9%
[91.747s][info][gc,marking  ] GC(49) Mark: 2 stripe(s), 2 proactive flush(es), 1 terminate flush(es), 0 completion(s), 0 continuation(s) 
[91.747s][info][gc,marking  ] GC(49) Mark Stack Usage: 32M
[91.747s][info][gc,nmethod  ] GC(49) NMethods: 8361 registered, 2554 unregistered
[91.747s][info][gc,metaspace] GC(49) Metaspace: 50M used, 51M committed, 1088M reserved
[91.747s][info][gc,ref      ] GC(49) Soft: 3841 encountered, 0 discovered, 0 enqueued
[91.747s][info][gc,ref      ] GC(49) Weak: 4205 encountered, 913 discovered, 30 enqueued
[91.747s][info][gc,ref      ] GC(49) Final: 37 encountered, 4 discovered, 0 enqueued
[91.747s][info][gc,ref      ] GC(49) Phantom: 291 encountered, 234 discovered, 0 enqueued
[91.747s][info][gc,reloc    ] GC(49) Small Pages: 793 / 1586M, Empty: 1450M, Relocated: 0M, In-Place: 0
[91.747s][info][gc,reloc    ] GC(49) Medium Pages: 0 / 0M, Empty: 0M, Relocated: 0M, In-Place: 0
[91.747s][info][gc,reloc    ] GC(49) Large Pages: 0 / 0M, Empty: 0M, Relocated: 0M, In-Place: 0
[91.747s][info][gc,reloc    ] GC(49) Forwarding Usage: 0M
[91.747s][info][gc,heap     ] GC(49) Min Capacity: 4096M(100%)
[91.747s][info][gc,heap     ] GC(49) Max Capacity: 4096M(100%)
[91.747s][info][gc,heap     ] GC(49) Soft Max Capacity: 4096M(100%)
[91.747s][info][gc,heap     ] GC(49)                Mark Start          Mark End        Relocate Start      Relocate End           High               Low         
[91.747s][info][gc,heap     ] GC(49)  Capacity:     4096M (100%)       4096M (100%)       4096M (100%)       4096M (100%)       4096M (100%)       4096M (100%)   
[91.747s][info][gc,heap     ] GC(49)      Free:     2510M (61%)        2498M (61%)        3948M (96%)        4058M (99%)        4058M (99%)        2498M (61%)    
[91.747s][info][gc,heap     ] GC(49)      Used:     1586M (39%)        1598M (39%)         148M (4%)           38M (1%)         1598M (39%)          38M (1%)     
[91.747s][info][gc,heap     ] GC(49)      Live:         -                20M (0%)           20M (0%)           20M (0%)             -                  -          
[91.747s][info][gc,heap     ] GC(49) Allocated:         -                12M (0%)           12M (0%)           12M (0%)             -                  -          
[91.747s][info][gc,heap     ] GC(49)   Garbage:         -              1565M (38%)         115M (3%)            5M (0%)             -                  -          
[91.747s][info][gc,heap     ] GC(49) Reclaimed:         -                  -              1450M (35%)        1560M (38%)            -                  -          
[91.747s][info][gc          ] GC(49) Garbage Collection (System.gc()) 1586M(39%)->38M(1%)
[94.197s][info][gc,start    ] GC(50) Garbage Collection (Proactive)
[94.197s][info][gc,task     ] GC(50) Using 2 workers
[94.197s][info][gc,phases   ] GC(50) Pause Mark Start 0.009ms
[94.216s][info][gc,phases   ] GC(50) Concurrent Mark 18.306ms
[94.216s][info][gc,phases   ] GC(50) Pause Mark End 0.014ms
[94.216s][info][gc,phases   ] GC(50) Concurrent Mark Free 0.001ms
[94.224s][info][gc,phases   ] GC(50) Concurrent Process Non-Strong References 7.715ms
[94.224s][info][gc,phases   ] GC(50) Concurrent Reset Relocation Set 0.004ms
[94.226s][info][gc,phases   ] GC(50) Concurrent Select Relocation Set 2.051ms
[94.226s][info][gc,phases   ] GC(50) Pause Relocate Start 0.009ms
[94.227s][info][gc,phases   ] GC(50) Concurrent Relocate 0.794ms
[94.227s][info][gc,load     ] GC(50) Load: 0.00/0.00/0.00
[94.227s][info][gc,mmu      ] GC(50) MMU: 2ms/98.5%, 5ms/99.4%, 10ms/99.6%, 20ms/99.8%, 50ms/99.9%, 100ms/99.9%
[94.227s][info][gc,marking  ] GC(50) Mark: 2 stripe(s), 2 proactive flush(es), 1 terminate flush(es), 0 completion(s), 0 continuation(s) 
[94.227s][info][gc,marking  ] GC(50) Mark Stack Usage: 32M
[94.227s][info][gc,nmethod  ] GC(50) NMethods: 8448 registered, 2560 unregistered
[94.227s][info][gc,metaspace] GC(50) Metaspace: 50M used, 51M committed, 1088M reserved
[94.227s][info][gc,ref      ] GC(50) Soft: 3841 encountered, 0 discovered, 0 enqueued
[94.227s][info][gc,ref      ] GC(50) Weak: 4365 encountered, 344 discovered, 14 enqueued
[94.227s][info][gc,ref      ] GC(50) Final: 37 encountered, 0 discovered, 0 enqueued
[94.227s][info][gc,ref      ] GC(50) Phantom: 291 encountered, 237 discovered, 0 enqueued
[94.227s][info][gc,reloc    ] GC(50) Small Pages: 1335 / 2670M, Empty: 2558M, Relocated: 1M, In-Place: 0
[94.227s][info][gc,reloc    ] GC(50) Medium Pages: 0 / 0M, Empty: 0M, Relocated: 0M, In-Place: 0
[94.227s][info][gc,reloc    ] GC(50) Large Pages: 0 / 0M, Empty: 0M, Relocated: 0M, In-Place: 0
[94.227s][info][gc,reloc    ] GC(50) Forwarding Usage: 0M
[94.227s][info][gc,heap     ] GC(50) Min Capacity: 4096M(100%)
[94.227s][info][gc,heap     ] GC(50) Max Capacity: 4096M(100%)
[94.227s][info][gc,heap     ] GC(50) Soft Max Capacity: 4096M(100%)
[94.227s][info][gc,heap     ] GC(50)                Mark Start          Mark End        Relocate Start      Relocate End           High               Low         
[94.227s][info][gc,heap     ] GC(50)  Capacity:     4096M (100%)       4096M (100%)       4096M (100%)       4096M (100%)       4096M (100%)       4096M (100%)   
[94.227s][info][gc,heap     ] GC(50)      Free:     1426M (35%)        1408M (34%)        3962M (97%)        4042M (99%)        4042M (99%)        1404M (34%)    
[94.227s][info][gc,heap     ] GC(50)      Used:     2670M (65%)        2688M (66%)         134M (3%)           54M (1%)         2692M (66%)          54M (1%)     
[94.227s][info][gc,heap     ] GC(50)      Live:         -                20M (0%)           20M (0%)           20M (0%)             -                  -          
[94.227s][info][gc,heap     ] GC(50) Allocated:         -                18M (0%)           22M (1%)           27M (1%)             -                  -          
[94.227s][info][gc,heap     ] GC(50)   Garbage:         -              2649M (65%)          91M (2%)            5M (0%)             -                  -          
[94.227s][info][gc,heap     ] GC(50) Reclaimed:         -                  -              2558M (62%)        2643M (65%)            -                  -          
[94.227s][info][gc          ] GC(50) Garbage Collection (Proactive) 2670M(65%)->54M(1%)
[95.288s][info][gc,start    ] GC(51) Garbage Collection (System.gc())
[95.288s][info][gc,task     ] GC(51) Using 2 workers
[95.288s][info][gc,phases   ] GC(51) Pause Mark Start 0.006ms
[95.305s][info][gc,phases   ] GC(51) Concurrent Mark 17.102ms
[95.306s][info][gc,phases   ] GC(51) Pause Mark End 0.013ms
[95.306s][info][gc,phases   ] GC(51) Concurrent Mark Free 0.001ms
[95.312s][info][gc,phases   ] GC(51) Concurrent Process Non-Strong References 6.549ms
[95.312s][info][gc,phases   ] GC(51) Concurrent Reset Relocation Set 0.002ms
[95.315s][info][gc,phases   ] GC(51) Concurrent Select Relocation Set 2.252ms
[95.315s][info][gc,phases   ] GC(51) Pause Relocate Start 0.011ms
[95.315s][info][gc,phases   ] GC(51) Concurrent Relocate 0.768ms
[95.315s][info][gc,load     ] GC(51) Load: 0.00/0.00/0.00
[95.315s][info][gc,mmu      ] GC(51) MMU: 2ms/98.5%, 5ms/99.4%, 10ms/99.6%, 20ms/99.8%, 50ms/99.9%, 100ms/99.9%
[95.315s][info][gc,marking  ] GC(51) Mark: 2 stripe(s), 2 proactive flush(es), 1 terminate flush(es), 0 completion(s), 0 continuation(s) 
[95.315s][info][gc,marking  ] GC(51) Mark Stack Usage: 32M
[95.315s][info][gc,nmethod  ] GC(51) NMethods: 8468 registered, 2562 unregistered
[95.316s][info][gc,metaspace] GC(51) Metaspace: 50M used, 51M committed, 1088M reserved
[95.316s][info][gc,ref      ] GC(51) Soft: 3841 encountered, 0 discovered, 0 enqueued
[95.316s][info][gc,ref      ] GC(51) Weak: 4198 encountered, 505 discovered, 31 enqueued
[95.316s][info][gc,ref      ] GC(51) Final: 37 encountered, 3 discovered, 0 enqueued
[95.316s][info][gc,ref      ] GC(51) Phantom: 291 encountered, 182 discovered, 0 enqueued
[95.316s][info][gc,reloc    ] GC(51) Small Pages: 601 / 1202M, Empty: 1082M, Relocated: 0M, In-Place: 0
[95.316s][info][gc,reloc    ] GC(51) Medium Pages: 0 / 0M, Empty: 0M, Relocated: 0M, In-Place: 0
[95.316s][info][gc,reloc    ] GC(51) Large Pages: 0 / 0M, Empty: 0M, Relocated: 0M, In-Place: 0
[95.316s][info][gc,reloc    ] GC(51) Forwarding Usage: 0M
[95.316s][info][gc,heap     ] GC(51) Min Capacity: 4096M(100%)
[95.316s][info][gc,heap     ] GC(51) Max Capacity: 4096M(100%)
[95.316s][info][gc,heap     ] GC(51) Soft Max Capacity: 4096M(100%)
[95.316s][info][gc,heap     ] GC(51)                Mark Start          Mark End        Relocate Start      Relocate End           High               Low         
[95.316s][info][gc,heap     ] GC(51)  Capacity:     4096M (100%)       4096M (100%)       4096M (100%)       4096M (100%)       4096M (100%)       4096M (100%)   
[95.316s][info][gc,heap     ] GC(51)      Free:     2894M (71%)        2880M (70%)        3962M (97%)        4056M (99%)        4056M (99%)        2880M (70%)    
[95.316s][info][gc,heap     ] GC(51)      Used:     1202M (29%)        1216M (30%)         134M (3%)           40M (1%)         1216M (30%)          40M (1%)     
[95.316s][info][gc,heap     ] GC(51)      Live:         -                20M (0%)           20M (0%)           20M (0%)             -                  -          
[95.316s][info][gc,heap     ] GC(51) Allocated:         -                14M (0%)           14M (0%)           14M (0%)             -                  -          
[95.316s][info][gc,heap     ] GC(51)   Garbage:         -              1181M (29%)          99M (2%)            5M (0%)             -                  -          
[95.316s][info][gc,heap     ] GC(51) Reclaimed:         -                  -              1082M (26%)        1176M (29%)            -                  -          
[95.316s][info][gc          ] GC(51) Garbage Collection (System.gc()) 1202M(29%)->40M(1%)
[97.198s][info][gc,start    ] GC(52) Garbage Collection (Proactive)
[97.198s][info][gc,task     ] GC(52) Using 2 workers
[97.198s][info][gc,phases   ] GC(52) Pause Mark Start 0.008ms
[97.216s][info][gc,phases   ] GC(52) Concurrent Mark 17.351ms
[97.216s][info][gc,phases   ] GC(52) Pause Mark End 0.016ms
[97.216s][info][gc,phases   ] GC(52) Concurrent Mark Free 0.001ms
[97.224s][info][gc,phases   ] GC(52) Concurrent Process Non-Strong References 7.774ms
[97.224s][info][gc,phases   ] GC(52) Concurrent Reset Relocation Set 0.004ms
[97.226s][info][gc,phases   ] GC(52) Concurrent Select Relocation Set 2.187ms
[97.226s][info][gc,phases   ] GC(52) Pause Relocate Start 0.011ms
[97.227s][info][gc,phases   ] GC(52) Concurrent Relocate 0.768ms
[97.227s][info][gc,load     ] GC(52) Load: 0.00/0.00/0.00
[97.227s][info][gc,mmu      ] GC(52) MMU: 2ms/98.5%, 5ms/99.4%, 10ms/99.6%, 20ms/99.8%, 50ms/99.9%, 100ms/99.9%
[97.227s][info][gc,marking  ] GC(52) Mark: 2 stripe(s), 2 proactive flush(es), 1 terminate flush(es), 0 completion(s), 0 continuation(s) 
[97.227s][info][gc,marking  ] GC(52) Mark Stack Usage: 32M
[97.227s][info][gc,nmethod  ] GC(52) NMethods: 8497 registered, 2573 unregistered
[97.227s][info][gc,metaspace] GC(52) Metaspace: 51M used, 51M committed, 1088M reserved
[97.227s][info][gc,ref      ] GC(52) Soft: 3841 encountered, 0 discovered, 0 enqueued
[97.227s][info][gc,ref      ] GC(52) Weak: 4364 encountered, 369 discovered, 13 enqueued
[97.227s][info][gc,ref      ] GC(52) Final: 37 encountered, 1 discovered, 0 enqueued
[97.227s][info][gc,ref      ] GC(52) Phantom: 291 encountered, 235 discovered, 0 enqueued
[97.227s][info][gc,reloc    ] GC(52) Small Pages: 1031 / 2062M, Empty: 1932M, Relocated: 1M, In-Place: 0
[97.227s][info][gc,reloc    ] GC(52) Medium Pages: 0 / 0M, Empty: 0M, Relocated: 0M, In-Place: 0
[97.227s][info][gc,reloc    ] GC(52) Large Pages: 0 / 0M, Empty: 0M, Relocated: 0M, In-Place: 0
[97.227s][info][gc,reloc    ] GC(52) Forwarding Usage: 0M
[97.227s][info][gc,heap     ] GC(52) Min Capacity: 4096M(100%)
[97.227s][info][gc,heap     ] GC(52) Max Capacity: 4096M(100%)
[97.227s][info][gc,heap     ] GC(52) Soft Max Capacity: 4096M(100%)
[97.227s][info][gc,heap     ] GC(52)                Mark Start          Mark End        Relocate Start      Relocate End           High               Low         
[97.227s][info][gc,heap     ] GC(52)  Capacity:     4096M (100%)       4096M (100%)       4096M (100%)       4096M (100%)       4096M (100%)       4096M (100%)   
[97.227s][info][gc,heap     ] GC(52)      Free:     2034M (50%)        2014M (49%)        3942M (96%)        4040M (99%)        4040M (99%)        2012M (49%)    
[97.227s][info][gc,heap     ] GC(52)      Used:     2062M (50%)        2082M (51%)         154M (4%)           56M (1%)         2084M (51%)          56M (1%)     
[97.227s][info][gc,heap     ] GC(52)      Live:         -                20M (0%)           20M (0%)           20M (0%)             -                  -          
[97.227s][info][gc,heap     ] GC(52) Allocated:         -                20M (0%)           24M (1%)           29M (1%)             -                  -          
[97.227s][info][gc,heap     ] GC(52)   Garbage:         -              2041M (50%)         109M (3%)            5M (0%)             -                  -          
[97.227s][info][gc,heap     ] GC(52) Reclaimed:         -                  -              1932M (47%)        2035M (50%)            -                  -          
[97.227s][info][gc          ] GC(52) Garbage Collection (Proactive) 2062M(50%)->56M(1%)
[98.849s][info][gc,start    ] GC(53) Garbage Collection (System.gc())
[98.849s][info][gc,task     ] GC(53) Using 2 workers
[98.850s][info][gc,phases   ] GC(53) Pause Mark Start 0.007ms
[98.877s][info][gc,phases   ] GC(53) Concurrent Mark 27.599ms
[98.877s][info][gc,phases   ] GC(53) Pause Mark End 0.032ms
[98.878s][info][gc,phases   ] GC(53) Concurrent Mark Free 0.003ms
[98.885s][info][gc,phases   ] GC(53) Concurrent Process Non-Strong References 7.591ms
[98.885s][info][gc,phases   ] GC(53) Concurrent Reset Relocation Set 0.003ms
[98.887s][info][gc,phases   ] GC(53) Concurrent Select Relocation Set 1.877ms
[98.887s][info][gc,phases   ] GC(53) Pause Relocate Start 0.008ms
[98.888s][info][gc,phases   ] GC(53) Concurrent Relocate 0.713ms
[98.888s][info][gc,load     ] GC(53) Load: 0.00/0.00/0.00
[98.888s][info][gc,mmu      ] GC(53) MMU: 2ms/98.4%, 5ms/99.4%, 10ms/99.6%, 20ms/99.8%, 50ms/99.9%, 100ms/99.9%
[98.888s][info][gc,marking  ] GC(53) Mark: 2 stripe(s), 2 proactive flush(es), 1 terminate flush(es), 0 completion(s), 0 continuation(s) 
[98.888s][info][gc,marking  ] GC(53) Mark Stack Usage: 32M
[98.888s][info][gc,nmethod  ] GC(53) NMethods: 8505 registered, 2576 unregistered
[98.888s][info][gc,metaspace] GC(53) Metaspace: 51M used, 51M committed, 1088M reserved
[98.888s][info][gc,ref      ] GC(53) Soft: 3841 encountered, 0 discovered, 0 enqueued
[98.888s][info][gc,ref      ] GC(53) Weak: 4198 encountered, 615 discovered, 30 enqueued
[98.888s][info][gc,ref      ] GC(53) Final: 37 encountered, 1 discovered, 0 enqueued
[98.888s][info][gc,ref      ] GC(53) Phantom: 291 encountered, 237 discovered, 0 enqueued
[98.888s][info][gc,reloc    ] GC(53) Small Pages: 906 / 1812M, Empty: 1686M, Relocated: 0M, In-Place: 0
[98.888s][info][gc,reloc    ] GC(53) Medium Pages: 0 / 0M, Empty: 0M, Relocated: 0M, In-Place: 0
[98.888s][info][gc,reloc    ] GC(53) Large Pages: 0 / 0M, Empty: 0M, Relocated: 0M, In-Place: 0
[98.888s][info][gc,reloc    ] GC(53) Forwarding Usage: 0M
[98.888s][info][gc,heap     ] GC(53) Min Capacity: 4096M(100%)
[98.888s][info][gc,heap     ] GC(53) Max Capacity: 4096M(100%)
[98.888s][info][gc,heap     ] GC(53) Soft Max Capacity: 4096M(100%)
[98.888s][info][gc,heap     ] GC(53)                Mark Start          Mark End        Relocate Start      Relocate End           High               Low         
[98.888s][info][gc,heap     ] GC(53)  Capacity:     4096M (100%)       4096M (100%)       4096M (100%)       4096M (100%)       4096M (100%)       4096M (100%)   
[98.888s][info][gc,heap     ] GC(53)      Free:     2284M (56%)        2270M (55%)        3956M (97%)        4056M (99%)        4056M (99%)        2270M (55%)    
[98.888s][info][gc,heap     ] GC(53)      Used:     1812M (44%)        1826M (45%)         140M (3%)           40M (1%)         1826M (45%)          40M (1%)     
[98.888s][info][gc,heap     ] GC(53)      Live:         -                20M (0%)           20M (0%)           20M (0%)             -                  -          
[98.888s][info][gc,heap     ] GC(53) Allocated:         -                14M (0%)           14M (0%)           14M (0%)             -                  -          
[98.888s][info][gc,heap     ] GC(53)   Garbage:         -              1791M (44%)         105M (3%)            5M (0%)             -                  -          
[98.888s][info][gc,heap     ] GC(53) Reclaimed:         -                  -              1686M (41%)        1786M (44%)            -                  -          
[98.888s][info][gc          ] GC(53) Garbage Collection (System.gc()) 1812M(44%)->40M(1%)
[100.197s][info][gc,stats    ] === Garbage Collection Statistics =======================================================================================================================
[100.197s][info][gc,stats    ]                                                              Last 10s              Last 10m              Last 10h                Total
[100.197s][info][gc,stats    ]                                                              Avg / Max             Avg / Max             Avg / Max             Avg / Max
[100.197s][info][gc,stats    ]   Collector: Garbage Collection Cycle                     32.491 / 38.716       33.279 / 62.948       33.279 / 62.948       33.279 / 62.948      ms
[100.197s][info][gc,stats    ]  Contention: Mark Segment Reset Contention                     0 / 0                 0 / 2                 0 / 2                 0 / 2           ops/s
[100.197s][info][gc,stats    ]  Contention: Mark SeqNum Reset Contention                      0 / 2                 0 / 2                 0 / 2                 0 / 2           ops/s
[100.197s][info][gc,stats    ]    Critical: Allocation Stall                                  0 / 0                 0 / 0                 0 / 0                 0 / 0           ops/s
[100.197s][info][gc,stats    ]    Critical: Allocation Stall                              0.000 / 0.000         0.000 / 0.000         0.000 / 0.000         0.000 / 0.000       ms
[100.197s][info][gc,stats    ]    Critical: GC Locker Stall                                   0 / 0                 0 / 0                 0 / 0                 0 / 0           ops/s
[100.197s][info][gc,stats    ]    Critical: GC Locker Stall                               0.000 / 0.000         0.000 / 0.000         0.000 / 0.000         0.000 / 0.000       ms
[100.197s][info][gc,stats    ]    Critical: Relocation Stall                                  0 / 0                 0 / 0                 0 / 0                 0 / 0           ops/s
[100.197s][info][gc,stats    ]    Critical: Relocation Stall                              0.000 / 0.000         0.000 / 0.000         0.000 / 0.000         0.000 / 0.000       ms
[100.197s][info][gc,stats    ]      Memory: Allocation Rate                                1045 / 1100            936 / 1120            936 / 1120            936 / 1120        MB/s
[100.197s][info][gc,stats    ]      Memory: Defragment                                        0 / 0                 0 / 0                 0 / 0                 0 / 0           ops/s
[100.197s][info][gc,stats    ]      Memory: Out Of Memory                                     0 / 0                 0 / 0                 0 / 0                 0 / 0           ops/s
[100.197s][info][gc,stats    ]      Memory: Page Cache Flush                                  0 / 0                 0 / 0                 0 / 0                 0 / 0           MB/s
[100.197s][info][gc,stats    ]      Memory: Page Cache Hit L1                               523 / 552             452 / 560             452 / 560             452 / 560         ops/s
[100.197s][info][gc,stats    ]      Memory: Page Cache Hit L2                                 0 / 0                 0 / 0                 0 / 0                 0 / 0           ops/s
[100.197s][info][gc,stats    ]      Memory: Page Cache Hit L3                                 0 / 0                16 / 295              16 / 295              16 / 295         ops/s
[100.197s][info][gc,stats    ]      Memory: Page Cache Miss                                   0 / 0                 0 / 1                 0 / 1                 0 / 1           ops/s
[100.197s][info][gc,stats    ]      Memory: Uncommit                                          0 / 0                 0 / 0                 0 / 0                 0 / 0           MB/s
[100.197s][info][gc,stats    ]      Memory: Undo Object Allocation Failed                     0 / 0                 0 / 1                 0 / 1                 0 / 1           ops/s
[100.197s][info][gc,stats    ]      Memory: Undo Object Allocation Succeeded                  0 / 4                 2 / 42                2 / 42                2 / 42          ops/s
[100.197s][info][gc,stats    ]      Memory: Undo Page Allocation                              0 / 4                 1 / 8                 1 / 8                 1 / 8           ops/s
[100.197s][info][gc,stats    ]       Phase: Concurrent Mark                              21.537 / 27.599       22.237 / 33.521       22.237 / 33.521       22.237 / 33.521      ms
[100.197s][info][gc,stats    ]       Phase: Concurrent Mark Continue                      0.000 / 0.000         0.000 / 0.000         0.000 / 0.000         0.000 / 0.000       ms
[100.197s][info][gc,stats    ]       Phase: Concurrent Mark Free                          0.002 / 0.003         0.001 / 0.003         0.001 / 0.003         0.001 / 0.003       ms
[100.197s][info][gc,stats    ]       Phase: Concurrent Process Non-Strong References      7.381 / 7.774         7.111 / 21.700        7.111 / 21.700        7.111 / 21.700      ms
[100.197s][info][gc,stats    ]       Phase: Concurrent Relocate                           0.689 / 0.794         0.892 / 5.848         0.892 / 5.848         0.892 / 5.848       ms
[100.197s][info][gc,stats    ]       Phase: Concurrent Reset Relocation Set               0.004 / 0.005         0.004 / 0.010         0.004 / 0.010         0.004 / 0.010       ms
[100.197s][info][gc,stats    ]       Phase: Concurrent Select Relocation Set              2.056 / 2.252         2.109 / 5.959         2.109 / 5.959         2.109 / 5.959       ms
[100.197s][info][gc,stats    ]       Phase: Pause Mark End                                0.020 / 0.032         0.019 / 0.032         0.019 / 0.032         0.019 / 0.032       ms
[100.197s][info][gc,stats    ]       Phase: Pause Mark Start                              0.008 / 0.010         0.008 / 0.022         0.008 / 0.022         0.008 / 0.022       ms
[100.197s][info][gc,stats    ]       Phase: Pause Relocate Start                          0.010 / 0.011         0.009 / 0.017         0.009 / 0.017         0.009 / 0.017       ms
[100.197s][info][gc,stats    ]    Subphase: Concurrent Classes Purge                      0.046 / 0.057         0.151 / 1.921         0.151 / 1.921         0.151 / 1.921       ms
[100.197s][info][gc,stats    ]    Subphase: Concurrent Classes Unlink                     6.573 / 7.152         6.191 / 15.207        6.191 / 15.207        6.191 / 15.207      ms
[100.197s][info][gc,stats    ]    Subphase: Concurrent Mark                              16.666 / 25.680       17.897 / 31.441       17.897 / 31.441       17.897 / 31.441      ms
[100.197s][info][gc,stats    ]    Subphase: Concurrent Mark Try Flush                     0.066 / 0.158         0.077 / 0.430         0.077 / 0.430         0.077 / 0.430       ms
[100.197s][info][gc,stats    ]    Subphase: Concurrent Mark Try Terminate                 1.871 / 12.911        1.783 / 15.936        1.783 / 15.936        1.783 / 15.936      ms
[100.198s][info][gc,stats    ]    Subphase: Concurrent References Enqueue                 0.005 / 0.006         0.005 / 0.010         0.005 / 0.010         0.005 / 0.010       ms
[100.198s][info][gc,stats    ]    Subphase: Concurrent References Process                 0.138 / 0.243         0.135 / 0.844         0.135 / 0.844         0.135 / 0.844       ms
[100.198s][info][gc,stats    ]    Subphase: Concurrent Roots ClassLoaderDataGraph         0.084 / 0.156         0.081 / 0.281         0.081 / 0.281         0.081 / 0.281       ms
[100.198s][info][gc,stats    ]    Subphase: Concurrent Roots CodeCache                    0.000 / 0.000         0.000 / 0.000         0.000 / 0.000         0.000 / 0.000       ms
[100.198s][info][gc,stats    ]    Subphase: Concurrent Roots JavaThreads                  2.053 / 4.045         1.688 / 4.045         1.688 / 4.045         1.688 / 4.045       ms
[100.198s][info][gc,stats    ]    Subphase: Concurrent Roots OopStorageSet                0.024 / 0.033         0.027 / 0.106         0.027 / 0.106         0.027 / 0.106       ms
[100.198s][info][gc,stats    ]    Subphase: Concurrent Weak Roots OopStorageSet           0.454 / 0.726         0.410 / 1.078         0.410 / 1.078         0.410 / 1.078       ms
[100.198s][info][gc,stats    ]    Subphase: Pause Mark Try Complete                       0.000 / 0.000         0.000 / 0.000         0.000 / 0.000         0.000 / 0.000       ms
[100.198s][info][gc,stats    ]      System: Java Threads                                     63 / 64               55 / 64               55 / 64               55 / 64          threads
[100.198s][info][gc,stats    ] =========================================================================================================================================================
[101.507s][info][gc,start    ] GC(54) Garbage Collection (Proactive)
[101.508s][info][gc,task     ] GC(54) Using 2 workers
[101.508s][info][gc,phases   ] GC(54) Pause Mark Start 0.011ms
[101.526s][info][gc,phases   ] GC(54) Concurrent Mark 18.035ms
[101.526s][info][gc,phases   ] GC(54) Pause Mark End 0.015ms
[101.526s][info][gc,phases   ] GC(54) Concurrent Mark Free 0.001ms
[101.534s][info][gc,phases   ] GC(54) Concurrent Process Non-Strong References 7.990ms
[101.534s][info][gc,phases   ] GC(54) Concurrent Reset Relocation Set 0.003ms
[101.536s][info][gc,phases   ] GC(54) Concurrent Select Relocation Set 2.057ms
[101.536s][info][gc,phases   ] GC(54) Pause Relocate Start 0.009ms
[101.537s][info][gc,phases   ] GC(54) Concurrent Relocate 0.843ms
[101.537s][info][gc,load     ] GC(54) Load: 0.00/0.00/0.00
[101.537s][info][gc,mmu      ] GC(54) MMU: 2ms/98.4%, 5ms/99.4%, 10ms/99.6%, 20ms/99.8%, 50ms/99.9%, 100ms/99.9%
[101.537s][info][gc,marking  ] GC(54) Mark: 2 stripe(s), 2 proactive flush(es), 1 terminate flush(es), 0 completion(s), 0 continuation(s) 
[101.537s][info][gc,marking  ] GC(54) Mark Stack Usage: 32M
[101.537s][info][gc,nmethod  ] GC(54) NMethods: 8515 registered, 2583 unregistered
[101.537s][info][gc,metaspace] GC(54) Metaspace: 51M used, 51M committed, 1088M reserved
[101.537s][info][gc,ref      ] GC(54) Soft: 3841 encountered, 0 discovered, 0 enqueued
[101.537s][info][gc,ref      ] GC(54) Weak: 4365 encountered, 794 discovered, 14 enqueued
[101.537s][info][gc,ref      ] GC(54) Final: 37 encountered, 0 discovered, 0 enqueued
[101.537s][info][gc,ref      ] GC(54) Phantom: 291 encountered, 236 discovered, 0 enqueued
[101.537s][info][gc,reloc    ] GC(54) Small Pages: 1433 / 2866M, Empty: 2740M, Relocated: 1M, In-Place: 0
[101.537s][info][gc,reloc    ] GC(54) Medium Pages: 0 / 0M, Empty: 0M, Relocated: 0M, In-Place: 0
[101.537s][info][gc,reloc    ] GC(54) Large Pages: 0 / 0M, Empty: 0M, Relocated: 0M, In-Place: 0
[101.537s][info][gc,reloc    ] GC(54) Forwarding Usage: 0M
[101.537s][info][gc,heap     ] GC(54) Min Capacity: 4096M(100%)
[101.537s][info][gc,heap     ] GC(54) Max Capacity: 4096M(100%)
[101.537s][info][gc,heap     ] GC(54) Soft Max Capacity: 4096M(100%)
[101.537s][info][gc,heap     ] GC(54)                Mark Start          Mark End        Relocate Start      Relocate End           High               Low         
[101.537s][info][gc,heap     ] GC(54)  Capacity:     4096M (100%)       4096M (100%)       4096M (100%)       4096M (100%)       4096M (100%)       4096M (100%)   
[101.537s][info][gc,heap     ] GC(54)      Free:     1230M (30%)        1212M (30%)        3942M (96%)        4042M (99%)        4042M (99%)        1204M (29%)    
[101.537s][info][gc,heap     ] GC(54)      Used:     2866M (70%)        2884M (70%)         154M (4%)           54M (1%)         2892M (71%)          54M (1%)     
[101.537s][info][gc,heap     ] GC(54)      Live:         -                20M (1%)           20M (1%)           20M (1%)             -                  -          
[101.537s][info][gc,heap     ] GC(54) Allocated:         -                18M (0%)           28M (1%)           27M (1%)             -                  -          
[101.537s][info][gc,heap     ] GC(54)   Garbage:         -              2845M (69%)         105M (3%)            5M (0%)             -                  -          
[101.537s][info][gc,heap     ] GC(54) Reclaimed:         -                  -              2740M (67%)        2839M (69%)            -                  -          
[101.537s][info][gc          ] GC(54) Garbage Collection (Proactive) 2866M(70%)->54M(1%)
[102.433s][info][gc,start    ] GC(55) Garbage Collection (System.gc())
[102.433s][info][gc,task     ] GC(55) Using 2 workers
[102.433s][info][gc,phases   ] GC(55) Pause Mark Start 0.005ms
[102.454s][info][gc,phases   ] GC(55) Concurrent Mark 20.741ms
[102.454s][info][gc,phases   ] GC(55) Pause Mark End 0.022ms
[102.454s][info][gc,phases   ] GC(55) Concurrent Mark Free 0.002ms
[102.461s][info][gc,phases   ] GC(55) Concurrent Process Non-Strong References 7.012ms
[102.461s][info][gc,phases   ] GC(55) Concurrent Reset Relocation Set 0.003ms
[102.464s][info][gc,phases   ] GC(55) Concurrent Select Relocation Set 2.230ms
[102.464s][info][gc,phases   ] GC(55) Pause Relocate Start 0.008ms
[102.464s][info][gc,phases   ] GC(55) Concurrent Relocate 0.394ms
[102.464s][info][gc,load     ] GC(55) Load: 0.00/0.00/0.00
[102.464s][info][gc,mmu      ] GC(55) MMU: 2ms/98.4%, 5ms/99.4%, 10ms/99.6%, 20ms/99.8%, 50ms/99.9%, 100ms/99.9%
[102.464s][info][gc,marking  ] GC(55) Mark: 2 stripe(s), 2 proactive flush(es), 1 terminate flush(es), 0 completion(s), 0 continuation(s) 
[102.464s][info][gc,marking  ] GC(55) Mark Stack Usage: 32M
[102.464s][info][gc,nmethod  ] GC(55) NMethods: 8522 registered, 2587 unregistered
[102.464s][info][gc,metaspace] GC(55) Metaspace: 51M used, 51M committed, 1088M reserved
[102.464s][info][gc,ref      ] GC(55) Soft: 3841 encountered, 0 discovered, 0 enqueued
[102.464s][info][gc,ref      ] GC(55) Weak: 4198 encountered, 874 discovered, 31 enqueued
[102.464s][info][gc,ref      ] GC(55) Final: 37 encountered, 1 discovered, 0 enqueued
[102.464s][info][gc,ref      ] GC(55) Phantom: 291 encountered, 234 discovered, 0 enqueued
[102.464s][info][gc,reloc    ] GC(55) Small Pages: 503 / 1006M, Empty: 888M, Relocated: 0M, In-Place: 0
[102.464s][info][gc,reloc    ] GC(55) Medium Pages: 0 / 0M, Empty: 0M, Relocated: 0M, In-Place: 0
[102.464s][info][gc,reloc    ] GC(55) Large Pages: 0 / 0M, Empty: 0M, Relocated: 0M, In-Place: 0
[102.464s][info][gc,reloc    ] GC(55) Forwarding Usage: 0M
[102.464s][info][gc,heap     ] GC(55) Min Capacity: 4096M(100%)
[102.464s][info][gc,heap     ] GC(55) Max Capacity: 4096M(100%)
[102.464s][info][gc,heap     ] GC(55) Soft Max Capacity: 4096M(100%)
[102.464s][info][gc,heap     ] GC(55)                Mark Start          Mark End        Relocate Start      Relocate End           High               Low         
[102.464s][info][gc,heap     ] GC(55)  Capacity:     4096M (100%)       4096M (100%)       4096M (100%)       4096M (100%)       4096M (100%)       4096M (100%)   
[102.464s][info][gc,heap     ] GC(55)      Free:     3090M (75%)        3078M (75%)        3964M (97%)        4056M (99%)        4056M (99%)        3076M (75%)    
[102.464s][info][gc,heap     ] GC(55)      Used:     1006M (25%)        1018M (25%)         132M (3%)           40M (1%)         1020M (25%)          40M (1%)     
[102.464s][info][gc,heap     ] GC(55)      Live:         -                20M (0%)           20M (0%)           20M (0%)             -                  -          
[102.464s][info][gc,heap     ] GC(55) Allocated:         -                12M (0%)           14M (0%)           14M (0%)             -                  -          
[102.464s][info][gc,heap     ] GC(55)   Garbage:         -               985M (24%)          97M (2%)            5M (0%)             -                  -          
[102.464s][info][gc,heap     ] GC(55) Reclaimed:         -                  -               888M (22%)         980M (24%)            -                  -          
[102.464s][info][gc          ] GC(55) Garbage Collection (System.gc()) 1006M(25%)->40M(1%)
[104.397s][info][gc,start    ] GC(56) Garbage Collection (Proactive)
[104.398s][info][gc,task     ] GC(56) Using 2 workers
[104.398s][info][gc,phases   ] GC(56) Pause Mark Start 0.007ms
[104.415s][info][gc,phases   ] GC(56) Concurrent Mark 17.096ms
[104.415s][info][gc,phases   ] GC(56) Pause Mark End 0.017ms
[104.415s][info][gc,phases   ] GC(56) Concurrent Mark Free 0.001ms
[104.423s][info][gc,phases   ] GC(56) Concurrent Process Non-Strong References 7.956ms
[104.423s][info][gc,phases   ] GC(56) Concurrent Reset Relocation Set 0.004ms
[104.425s][info][gc,phases   ] GC(56) Concurrent Select Relocation Set 2.066ms
[104.425s][info][gc,phases   ] GC(56) Pause Relocate Start 0.009ms
[104.426s][info][gc,phases   ] GC(56) Concurrent Relocate 0.758ms
[104.426s][info][gc,load     ] GC(56) Load: 0.00/0.00/0.00
[104.426s][info][gc,mmu      ] GC(56) MMU: 2ms/98.4%, 5ms/99.4%, 10ms/99.6%, 20ms/99.8%, 50ms/99.9%, 100ms/99.9%
[104.426s][info][gc,marking  ] GC(56) Mark: 2 stripe(s), 2 proactive flush(es), 1 terminate flush(es), 0 completion(s), 0 continuation(s) 
[104.426s][info][gc,marking  ] GC(56) Mark Stack Usage: 32M
[104.426s][info][gc,nmethod  ] GC(56) NMethods: 8527 registered, 2596 unregistered
[104.426s][info][gc,metaspace] GC(56) Metaspace: 51M used, 51M committed, 1088M reserved
[104.426s][info][gc,ref      ] GC(56) Soft: 3841 encountered, 0 discovered, 0 enqueued
[104.426s][info][gc,ref      ] GC(56) Weak: 4364 encountered, 378 discovered, 13 enqueued
[104.426s][info][gc,ref      ] GC(56) Final: 37 encountered, 0 discovered, 0 enqueued
[104.426s][info][gc,ref      ] GC(56) Phantom: 291 encountered, 236 discovered, 0 enqueued
[104.426s][info][gc,reloc    ] GC(56) Small Pages: 1052 / 2104M, Empty: 1984M, Relocated: 0M, In-Place: 0
[104.426s][info][gc,reloc    ] GC(56) Medium Pages: 0 / 0M, Empty: 0M, Relocated: 0M, In-Place: 0
[104.426s][info][gc,reloc    ] GC(56) Large Pages: 0 / 0M, Empty: 0M, Relocated: 0M, In-Place: 0
[104.426s][info][gc,reloc    ] GC(56) Forwarding Usage: 0M
[104.426s][info][gc,heap     ] GC(56) Min Capacity: 4096M(100%)
[104.426s][info][gc,heap     ] GC(56) Max Capacity: 4096M(100%)
[104.426s][info][gc,heap     ] GC(56) Soft Max Capacity: 4096M(100%)
[104.426s][info][gc,heap     ] GC(56)                Mark Start          Mark End        Relocate Start      Relocate End           High               Low         
[104.426s][info][gc,heap     ] GC(56)  Capacity:     4096M (100%)       4096M (100%)       4096M (100%)       4096M (100%)       4096M (100%)       4096M (100%)   
[104.426s][info][gc,heap     ] GC(56)      Free:     1992M (49%)        1972M (48%)        3952M (96%)        4040M (99%)        4040M (99%)        1972M (48%)    
[104.426s][info][gc,heap     ] GC(56)      Used:     2104M (51%)        2124M (52%)         144M (4%)           56M (1%)         2124M (52%)          56M (1%)     
[104.426s][info][gc,heap     ] GC(56)      Live:         -                20M (0%)           20M (0%)           20M (0%)             -                  -          
[104.426s][info][gc,heap     ] GC(56) Allocated:         -                20M (0%)           24M (1%)           29M (1%)             -                  -          
[104.426s][info][gc,heap     ] GC(56)   Garbage:         -              2083M (51%)          99M (2%)            5M (0%)             -                  -          
[104.426s][info][gc,heap     ] GC(56) Reclaimed:         -                  -              1984M (48%)        2077M (51%)            -                  -          
[104.426s][info][gc          ] GC(56) Garbage Collection (Proactive) 2104M(51%)->56M(1%)
[106.005s][info][gc,start    ] GC(57) Garbage Collection (System.gc())
[106.005s][info][gc,task     ] GC(57) Using 2 workers
[106.006s][info][gc,phases   ] GC(57) Pause Mark Start 0.007ms
[106.023s][info][gc,phases   ] GC(57) Concurrent Mark 17.860ms
[106.024s][info][gc,phases   ] GC(57) Pause Mark End 0.012ms
[106.024s][info][gc,phases   ] GC(57) Concurrent Mark Free 0.001ms
[106.031s][info][gc,phases   ] GC(57) Concurrent Process Non-Strong References 7.131ms
[106.031s][info][gc,phases   ] GC(57) Concurrent Reset Relocation Set 0.004ms
[106.033s][info][gc,phases   ] GC(57) Concurrent Select Relocation Set 1.776ms
[106.033s][info][gc,phases   ] GC(57) Pause Relocate Start 0.008ms
[106.033s][info][gc,phases   ] GC(57) Concurrent Relocate 0.360ms
[106.033s][info][gc,load     ] GC(57) Load: 0.00/0.00/0.00
[106.033s][info][gc,mmu      ] GC(57) MMU: 2ms/98.4%, 5ms/99.4%, 10ms/99.6%, 20ms/99.8%, 50ms/99.9%, 100ms/99.9%
[106.033s][info][gc,marking  ] GC(57) Mark: 2 stripe(s), 2 proactive flush(es), 1 terminate flush(es), 0 completion(s), 0 continuation(s) 
[106.033s][info][gc,marking  ] GC(57) Mark Stack Usage: 32M
[106.033s][info][gc,nmethod  ] GC(57) NMethods: 8537 registered, 2596 unregistered
[106.033s][info][gc,metaspace] GC(57) Metaspace: 51M used, 51M committed, 1088M reserved
[106.033s][info][gc,ref      ] GC(57) Soft: 3841 encountered, 0 discovered, 0 enqueued
[106.033s][info][gc,ref      ] GC(57) Weak: 4198 encountered, 765 discovered, 30 enqueued
[106.033s][info][gc,ref      ] GC(57) Final: 37 encountered, 0 discovered, 0 enqueued
[106.033s][info][gc,ref      ] GC(57) Phantom: 291 encountered, 234 discovered, 0 enqueued
[106.033s][info][gc,reloc    ] GC(57) Small Pages: 885 / 1770M, Empty: 1630M, Relocated: 0M, In-Place: 0
[106.033s][info][gc,reloc    ] GC(57) Medium Pages: 0 / 0M, Empty: 0M, Relocated: 0M, In-Place: 0
[106.033s][info][gc,reloc    ] GC(57) Large Pages: 0 / 0M, Empty: 0M, Relocated: 0M, In-Place: 0
[106.033s][info][gc,reloc    ] GC(57) Forwarding Usage: 0M
[106.033s][info][gc,heap     ] GC(57) Min Capacity: 4096M(100%)
[106.033s][info][gc,heap     ] GC(57) Max Capacity: 4096M(100%)
[106.033s][info][gc,heap     ] GC(57) Soft Max Capacity: 4096M(100%)
[106.033s][info][gc,heap     ] GC(57)                Mark Start          Mark End        Relocate Start      Relocate End           High               Low         
[106.033s][info][gc,heap     ] GC(57)  Capacity:     4096M (100%)       4096M (100%)       4096M (100%)       4096M (100%)       4096M (100%)       4096M (100%)   
[106.033s][info][gc,heap     ] GC(57)      Free:     2326M (57%)        2314M (56%)        3944M (96%)        4058M (99%)        4058M (99%)        2314M (56%)    
[106.033s][info][gc,heap     ] GC(57)      Used:     1770M (43%)        1782M (44%)         152M (4%)           38M (1%)         1782M (44%)          38M (1%)     
[106.033s][info][gc,heap     ] GC(57)      Live:         -                20M (0%)           20M (0%)           20M (0%)             -                  -          
[106.033s][info][gc,heap     ] GC(57) Allocated:         -                12M (0%)           12M (0%)           12M (0%)             -                  -          
[106.033s][info][gc,heap     ] GC(57)   Garbage:         -              1749M (43%)         119M (3%)            5M (0%)             -                  -          
[106.033s][info][gc,heap     ] GC(57) Reclaimed:         -                  -              1630M (40%)        1744M (43%)            -                  -          
[106.033s][info][gc          ] GC(57) Garbage Collection (System.gc()) 1770M(43%)->38M(1%)
[107.698s][info][gc,start    ] GC(58) Garbage Collection (Proactive)
[107.698s][info][gc,task     ] GC(58) Using 2 workers
[107.698s][info][gc,phases   ] GC(58) Pause Mark Start 0.008ms
[107.718s][info][gc,phases   ] GC(58) Concurrent Mark 19.147ms
[107.718s][info][gc,phases   ] GC(58) Pause Mark End 0.017ms
[107.718s][info][gc,phases   ] GC(58) Concurrent Mark Free 0.001ms
[107.726s][info][gc,phases   ] GC(58) Concurrent Process Non-Strong References 8.487ms
[107.726s][info][gc,phases   ] GC(58) Concurrent Reset Relocation Set 0.004ms
[107.728s][info][gc,phases   ] GC(58) Concurrent Select Relocation Set 1.883ms
[107.728s][info][gc,phases   ] GC(58) Pause Relocate Start 0.009ms
[107.729s][info][gc,phases   ] GC(58) Concurrent Relocate 0.821ms
[107.729s][info][gc,load     ] GC(58) Load: 0.00/0.00/0.00
[107.729s][info][gc,mmu      ] GC(58) MMU: 2ms/98.4%, 5ms/99.4%, 10ms/99.6%, 20ms/99.8%, 50ms/99.9%, 100ms/99.9%
[107.729s][info][gc,marking  ] GC(58) Mark: 2 stripe(s), 2 proactive flush(es), 1 terminate flush(es), 0 completion(s), 0 continuation(s) 
[107.729s][info][gc,marking  ] GC(58) Mark Stack Usage: 32M
[107.729s][info][gc,nmethod  ] GC(58) NMethods: 8546 registered, 2605 unregistered
[107.729s][info][gc,metaspace] GC(58) Metaspace: 51M used, 51M committed, 1088M reserved
[107.729s][info][gc,ref      ] GC(58) Soft: 3841 encountered, 0 discovered, 0 enqueued
[107.729s][info][gc,ref      ] GC(58) Weak: 4365 encountered, 615 discovered, 14 enqueued
[107.729s][info][gc,ref      ] GC(58) Final: 37 encountered, 0 discovered, 0 enqueued
[107.729s][info][gc,ref      ] GC(58) Phantom: 291 encountered, 237 discovered, 0 enqueued
[107.729s][info][gc,reloc    ] GC(58) Small Pages: 911 / 1822M, Empty: 1698M, Relocated: 1M, In-Place: 0
[107.729s][info][gc,reloc    ] GC(58) Medium Pages: 0 / 0M, Empty: 0M, Relocated: 0M, In-Place: 0
[107.729s][info][gc,reloc    ] GC(58) Large Pages: 0 / 0M, Empty: 0M, Relocated: 0M, In-Place: 0
[107.729s][info][gc,reloc    ] GC(58) Forwarding Usage: 0M
[107.729s][info][gc,heap     ] GC(58) Min Capacity: 4096M(100%)
[107.729s][info][gc,heap     ] GC(58) Max Capacity: 4096M(100%)
[107.729s][info][gc,heap     ] GC(58) Soft Max Capacity: 4096M(100%)
[107.729s][info][gc,heap     ] GC(58)                Mark Start          Mark End        Relocate Start      Relocate End           High               Low         
[107.729s][info][gc,heap     ] GC(58)  Capacity:     4096M (100%)       4096M (100%)       4096M (100%)       4096M (100%)       4096M (100%)       4096M (100%)   
[107.730s][info][gc,heap     ] GC(58)      Free:     2274M (56%)        2256M (55%)        3948M (96%)        4046M (99%)        4046M (99%)        2250M (55%)    
[107.730s][info][gc,heap     ] GC(58)      Used:     1822M (44%)        1840M (45%)         148M (4%)           50M (1%)         1846M (45%)          50M (1%)     
[107.730s][info][gc,heap     ] GC(58)      Live:         -                20M (1%)           20M (1%)           20M (1%)             -                  -          
[107.730s][info][gc,heap     ] GC(58) Allocated:         -                18M (0%)           24M (1%)           23M (1%)             -                  -          
[107.730s][info][gc,heap     ] GC(58)   Garbage:         -              1801M (44%)         103M (3%)            5M (0%)             -                  -          
[107.730s][info][gc,heap     ] GC(58) Reclaimed:         -                  -              1698M (41%)        1795M (44%)            -                  -          
[107.730s][info][gc          ] GC(58) Garbage Collection (Proactive) 1822M(44%)->50M(1%)
[109.498s][info][gc,start    ] GC(59) Garbage Collection (Proactive)
[109.498s][info][gc,task     ] GC(59) Using 2 workers
[109.498s][info][gc,phases   ] GC(59) Pause Mark Start 0.006ms
[109.517s][info][gc,phases   ] GC(59) Concurrent Mark 18.614ms
[109.517s][info][gc,phases   ] GC(59) Pause Mark End 0.013ms
[109.517s][info][gc,phases   ] GC(59) Concurrent Mark Free 0.001ms
[109.525s][info][gc,phases   ] GC(59) Concurrent Process Non-Strong References 7.766ms
[109.525s][info][gc,phases   ] GC(59) Concurrent Reset Relocation Set 0.004ms
[109.527s][info][gc,phases   ] GC(59) Concurrent Select Relocation Set 2.010ms
[109.527s][info][gc,phases   ] GC(59) Pause Relocate Start 0.008ms
[109.528s][info][gc,phases   ] GC(59) Concurrent Relocate 0.613ms
[109.528s][info][gc,load     ] GC(59) Load: 0.00/0.00/0.00
[109.528s][info][gc,mmu      ] GC(59) MMU: 2ms/98.4%, 5ms/99.4%, 10ms/99.6%, 20ms/99.8%, 50ms/99.9%, 100ms/99.9%
[109.528s][info][gc,marking  ] GC(59) Mark: 2 stripe(s), 2 proactive flush(es), 1 terminate flush(es), 0 completion(s), 0 continuation(s) 
[109.528s][info][gc,marking  ] GC(59) Mark Stack Usage: 32M
[109.528s][info][gc,nmethod  ] GC(59) NMethods: 8547 registered, 2605 unregistered
[109.528s][info][gc,metaspace] GC(59) Metaspace: 51M used, 51M committed, 1088M reserved
[109.528s][info][gc,ref      ] GC(59) Soft: 3841 encountered, 0 discovered, 0 enqueued
[109.528s][info][gc,ref      ] GC(59) Weak: 4302 encountered, 939 discovered, 12 enqueued
[109.528s][info][gc,ref      ] GC(59) Final: 37 encountered, 1 discovered, 0 enqueued
[109.528s][info][gc,ref      ] GC(59) Phantom: 291 encountered, 235 discovered, 0 enqueued
[109.528s][info][gc,reloc    ] GC(59) Small Pages: 988 / 1976M, Empty: 1864M, Relocated: 0M, In-Place: 0
[109.528s][info][gc,reloc    ] GC(59) Medium Pages: 0 / 0M, Empty: 0M, Relocated: 0M, In-Place: 0
[109.528s][info][gc,reloc    ] GC(59) Large Pages: 0 / 0M, Empty: 0M, Relocated: 0M, In-Place: 0
[109.528s][info][gc,reloc    ] GC(59) Forwarding Usage: 0M
[109.528s][info][gc,heap     ] GC(59) Min Capacity: 4096M(100%)
[109.528s][info][gc,heap     ] GC(59) Max Capacity: 4096M(100%)
[109.528s][info][gc,heap     ] GC(59) Soft Max Capacity: 4096M(100%)
[109.528s][info][gc,heap     ] GC(59)                Mark Start          Mark End        Relocate Start      Relocate End           High               Low         
[109.528s][info][gc,heap     ] GC(59)  Capacity:     4096M (100%)       4096M (100%)       4096M (100%)       4096M (100%)       4096M (100%)       4096M (100%)   
[109.528s][info][gc,heap     ] GC(59)      Free:     2120M (52%)        2102M (51%)        3960M (97%)        4042M (99%)        4042M (99%)        2096M (51%)    
[109.528s][info][gc,heap     ] GC(59)      Used:     1976M (48%)        1994M (49%)         136M (3%)           54M (1%)         2000M (49%)          54M (1%)     
[109.528s][info][gc,heap     ] GC(59)      Live:         -                20M (0%)           20M (0%)           20M (0%)             -                  -          
[109.528s][info][gc,heap     ] GC(59) Allocated:         -                18M (0%)           24M (1%)           27M (1%)             -                  -          
[109.528s][info][gc,heap     ] GC(59)   Garbage:         -              1955M (48%)          91M (2%)            5M (0%)             -                  -          
[109.528s][info][gc,heap     ] GC(59) Reclaimed:         -                  -              1864M (46%)        1949M (48%)            -                  -          
[109.528s][info][gc          ] GC(59) Garbage Collection (Proactive) 1976M(48%)->54M(1%)
[109.607s][info][gc,start    ] GC(60) Garbage Collection (System.gc())
[109.607s][info][gc,task     ] GC(60) Using 2 workers
[109.607s][info][gc,phases   ] GC(60) Pause Mark Start 0.008ms
[109.636s][info][gc,phases   ] GC(60) Concurrent Mark 29.047ms
[109.636s][info][gc,phases   ] GC(60) Pause Mark End 0.031ms
[109.637s][info][gc,phases   ] GC(60) Concurrent Mark Free 0.003ms
[109.644s][info][gc,phases   ] GC(60) Concurrent Process Non-Strong References 7.646ms
[109.644s][info][gc,phases   ] GC(60) Concurrent Reset Relocation Set 0.005ms
[109.646s][info][gc,phases   ] GC(60) Concurrent Select Relocation Set 1.714ms
[109.646s][info][gc,phases   ] GC(60) Pause Relocate Start 0.008ms
[109.647s][info][gc,phases   ] GC(60) Concurrent Relocate 0.349ms
[109.647s][info][gc,load     ] GC(60) Load: 0.00/0.00/0.00
[109.647s][info][gc,mmu      ] GC(60) MMU: 2ms/98.4%, 5ms/99.4%, 10ms/99.6%, 20ms/99.8%, 50ms/99.9%, 100ms/99.9%
[109.647s][info][gc,marking  ] GC(60) Mark: 2 stripe(s), 2 proactive flush(es), 1 terminate flush(es), 0 completion(s), 0 continuation(s) 
[109.647s][info][gc,marking  ] GC(60) Mark Stack Usage: 32M
[109.647s][info][gc,nmethod  ] GC(60) NMethods: 8561 registered, 2605 unregistered
[109.647s][info][gc,metaspace] GC(60) Metaspace: 51M used, 51M committed, 1088M reserved
[109.647s][info][gc,ref      ] GC(60) Soft: 3841 encountered, 0 discovered, 0 enqueued
[109.647s][info][gc,ref      ] GC(60) Weak: 4188 encountered, 977 discovered, 21 enqueued
[109.647s][info][gc,ref      ] GC(60) Final: 37 encountered, 1 discovered, 0 enqueued
[109.647s][info][gc,ref      ] GC(60) Phantom: 291 encountered, 236 discovered, 0 enqueued
[109.647s][info][gc,reloc    ] GC(60) Small Pages: 55 / 110M, Empty: 26M, Relocated: 0M, In-Place: 0
[109.647s][info][gc,reloc    ] GC(60) Medium Pages: 0 / 0M, Empty: 0M, Relocated: 0M, In-Place: 0
[109.647s][info][gc,reloc    ] GC(60) Large Pages: 0 / 0M, Empty: 0M, Relocated: 0M, In-Place: 0
[109.647s][info][gc,reloc    ] GC(60) Forwarding Usage: 0M
[109.647s][info][gc,heap     ] GC(60) Min Capacity: 4096M(100%)
[109.647s][info][gc,heap     ] GC(60) Max Capacity: 4096M(100%)
[109.647s][info][gc,heap     ] GC(60) Soft Max Capacity: 4096M(100%)
[109.647s][info][gc,heap     ] GC(60)                Mark Start          Mark End        Relocate Start      Relocate End           High               Low         
[109.647s][info][gc,heap     ] GC(60)  Capacity:     4096M (100%)       4096M (100%)       4096M (100%)       4096M (100%)       4096M (100%)       4096M (100%)   
[109.647s][info][gc,heap     ] GC(60)      Free:     3986M (97%)        3972M (97%)        3998M (98%)        4056M (99%)        4056M (99%)        3972M (97%)    
[109.647s][info][gc,heap     ] GC(60)      Used:      110M (3%)          124M (3%)           98M (2%)           40M (1%)          124M (3%)           40M (1%)     
[109.647s][info][gc,heap     ] GC(60)      Live:         -                20M (0%)           20M (0%)           20M (0%)             -                  -          
[109.647s][info][gc,heap     ] GC(60) Allocated:         -                14M (0%)           14M (0%)           14M (0%)             -                  -          
[109.647s][info][gc,heap     ] GC(60)   Garbage:         -                89M (2%)           63M (2%)            5M (0%)             -                  -          
[109.647s][info][gc,heap     ] GC(60) Reclaimed:         -                  -                26M (1%)           84M (2%)             -                  -          
[109.647s][info][gc          ] GC(60) Garbage Collection (System.gc()) 110M(3%)->40M(1%)
[110.197s][info][gc,stats    ] === Garbage Collection Statistics =======================================================================================================================
[110.198s][info][gc,stats    ]                                                              Last 10s              Last 10m              Last 10h                Total
[110.198s][info][gc,stats    ]                                                              Avg / Max             Avg / Max             Avg / Max             Avg / Max
[110.198s][info][gc,stats    ]   Collector: Garbage Collection Cycle                     31.099 / 39.649       33.029 / 62.948       33.029 / 62.948       33.029 / 62.948      ms
[110.198s][info][gc,stats    ]  Contention: Mark Segment Reset Contention                     0 / 1                 0 / 2                 0 / 2                 0 / 2           ops/s
[110.198s][info][gc,stats    ]  Contention: Mark SeqNum Reset Contention                      0 / 1                 0 / 2                 0 / 2                 0 / 2           ops/s
[110.198s][info][gc,stats    ]    Critical: Allocation Stall                                  0 / 0                 0 / 0                 0 / 0                 0 / 0           ops/s
[110.198s][info][gc,stats    ]    Critical: Allocation Stall                              0.000 / 0.000         0.000 / 0.000         0.000 / 0.000         0.000 / 0.000       ms
[110.198s][info][gc,stats    ]    Critical: GC Locker Stall                                   0 / 0                 0 / 0                 0 / 0                 0 / 0           ops/s
[110.198s][info][gc,stats    ]    Critical: GC Locker Stall                               0.000 / 0.000         0.000 / 0.000         0.000 / 0.000         0.000 / 0.000       ms
[110.198s][info][gc,stats    ]    Critical: Relocation Stall                                  0 / 0                 0 / 0                 0 / 0                 0 / 0           ops/s
[110.198s][info][gc,stats    ]    Critical: Relocation Stall                              0.000 / 0.000         0.000 / 0.000         0.000 / 0.000         0.000 / 0.000       ms
[110.198s][info][gc,stats    ]      Memory: Allocation Rate                                1067 / 1088            948 / 1120            948 / 1120            948 / 1120        MB/s
[110.198s][info][gc,stats    ]      Memory: Defragment                                        0 / 0                 0 / 0                 0 / 0                 0 / 0           ops/s
[110.198s][info][gc,stats    ]      Memory: Out Of Memory                                     0 / 0                 0 / 0                 0 / 0                 0 / 0           ops/s
[110.198s][info][gc,stats    ]      Memory: Page Cache Flush                                  0 / 0                 0 / 0                 0 / 0                 0 / 0           MB/s
[110.198s][info][gc,stats    ]      Memory: Page Cache Hit L1                               535 / 546             460 / 560             460 / 560             460 / 560         ops/s
[110.198s][info][gc,stats    ]      Memory: Page Cache Hit L2                                 0 / 0                 0 / 0                 0 / 0                 0 / 0           ops/s
[110.198s][info][gc,stats    ]      Memory: Page Cache Hit L3                                 0 / 0                15 / 295              15 / 295              15 / 295         ops/s
[110.198s][info][gc,stats    ]      Memory: Page Cache Miss                                   0 / 0                 0 / 1                 0 / 1                 0 / 1           ops/s
[110.198s][info][gc,stats    ]      Memory: Uncommit                                          0 / 0                 0 / 0                 0 / 0                 0 / 0           MB/s
[110.198s][info][gc,stats    ]      Memory: Undo Object Allocation Failed                     0 / 0                 0 / 1                 0 / 1                 0 / 1           ops/s
[110.198s][info][gc,stats    ]      Memory: Undo Object Allocation Succeeded                  1 / 6                 2 / 42                2 / 42                2 / 42          ops/s
[110.198s][info][gc,stats    ]      Memory: Undo Page Allocation                              1 / 3                 1 / 8                 1 / 8                 1 / 8           ops/s
[110.198s][info][gc,stats    ]       Phase: Concurrent Mark                              20.077 / 29.047       21.989 / 33.521       21.989 / 33.521       21.989 / 33.521      ms
[110.198s][info][gc,stats    ]       Phase: Concurrent Mark Continue                      0.000 / 0.000         0.000 / 0.000         0.000 / 0.000         0.000 / 0.000       ms
[110.198s][info][gc,stats    ]       Phase: Concurrent Mark Free                          0.001 / 0.003         0.001 / 0.003         0.001 / 0.003         0.001 / 0.003       ms
[110.198s][info][gc,stats    ]       Phase: Concurrent Process Non-Strong References      7.712 / 8.487         7.180 / 21.700        7.180 / 21.700        7.180 / 21.700      ms
[110.198s][info][gc,stats    ]       Phase: Concurrent Relocate                           0.591 / 0.843         0.857 / 5.848         0.857 / 5.848         0.857 / 5.848       ms
[110.198s][info][gc,stats    ]       Phase: Concurrent Reset Relocation Set               0.004 / 0.005         0.004 / 0.010         0.004 / 0.010         0.004 / 0.010       ms
[110.198s][info][gc,stats    ]       Phase: Concurrent Select Relocation Set              1.962 / 2.230         2.093 / 5.959         2.093 / 5.959         2.093 / 5.959       ms
[110.198s][info][gc,stats    ]       Phase: Pause Mark End                                0.018 / 0.031         0.019 / 0.032         0.019 / 0.032         0.019 / 0.032       ms
[110.198s][info][gc,stats    ]       Phase: Pause Mark Start                              0.007 / 0.011         0.008 / 0.022         0.008 / 0.022         0.008 / 0.022       ms
[110.198s][info][gc,stats    ]       Phase: Pause Relocate Start                          0.008 / 0.009         0.009 / 0.017         0.009 / 0.017         0.009 / 0.017       ms
[110.198s][info][gc,stats    ]    Subphase: Concurrent Classes Purge                      0.037 / 0.074         0.138 / 1.921         0.138 / 1.921         0.138 / 1.921       ms
[110.198s][info][gc,stats    ]    Subphase: Concurrent Classes Unlink                     6.967 / 7.639         6.280 / 15.207        6.280 / 15.207        6.280 / 15.207      ms
[110.198s][info][gc,stats    ]    Subphase: Concurrent Mark                              16.627 / 27.207       17.752 / 31.441       17.752 / 31.441       17.752 / 31.441      ms
[110.198s][info][gc,stats    ]    Subphase: Concurrent Mark Try Flush                     0.072 / 0.180         0.077 / 0.430         0.077 / 0.430         0.077 / 0.430       ms
[110.198s][info][gc,stats    ]    Subphase: Concurrent Mark Try Terminate                 1.376 / 13.948        1.737 / 15.936        1.737 / 15.936        1.737 / 15.936      ms
[110.198s][info][gc,stats    ]    Subphase: Concurrent References Enqueue                 0.005 / 0.006         0.005 / 0.010         0.005 / 0.010         0.005 / 0.010       ms
[110.198s][info][gc,stats    ]    Subphase: Concurrent References Process                 0.144 / 0.294         0.136 / 0.844         0.136 / 0.844         0.136 / 0.844       ms
[110.198s][info][gc,stats    ]    Subphase: Concurrent Roots ClassLoaderDataGraph         0.072 / 0.126         0.080 / 0.281         0.080 / 0.281         0.080 / 0.281       ms
[110.198s][info][gc,stats    ]    Subphase: Concurrent Roots CodeCache                    0.000 / 0.000         0.000 / 0.000         0.000 / 0.000         0.000 / 0.000       ms
[110.198s][info][gc,stats    ]    Subphase: Concurrent Roots JavaThreads                  1.490 / 2.009         1.665 / 4.045         1.665 / 4.045         1.665 / 4.045       ms
[110.198s][info][gc,stats    ]    Subphase: Concurrent Roots OopStorageSet                0.022 / 0.025         0.027 / 0.106         0.027 / 0.106         0.027 / 0.106       ms
[110.198s][info][gc,stats    ]    Subphase: Concurrent Weak Roots OopStorageSet           0.364 / 0.744         0.405 / 1.078         0.405 / 1.078         0.405 / 1.078       ms
[110.198s][info][gc,stats    ]    Subphase: Pause Mark Try Complete                       0.000 / 0.000         0.000 / 0.000         0.000 / 0.000         0.000 / 0.000       ms
[110.198s][info][gc,stats    ]      System: Java Threads                                     62 / 63               56 / 64               56 / 64               56 / 64          threads
[110.198s][info][gc,stats    ] =========================================================================================================================================================
[112.198s][info][gc,start    ] GC(61) Garbage Collection (Proactive)
[112.198s][info][gc,task     ] GC(61) Using 2 workers
[112.198s][info][gc,phases   ] GC(61) Pause Mark Start 0.007ms
[112.216s][info][gc,phases   ] GC(61) Concurrent Mark 18.119ms
[112.216s][info][gc,phases   ] GC(61) Pause Mark End 0.015ms
[112.216s][info][gc,phases   ] GC(61) Concurrent Mark Free 0.001ms
[112.225s][info][gc,phases   ] GC(61) Concurrent Process Non-Strong References 8.430ms
[112.225s][info][gc,phases   ] GC(61) Concurrent Reset Relocation Set 0.003ms
[112.227s][info][gc,phases   ] GC(61) Concurrent Select Relocation Set 2.119ms
[112.227s][info][gc,phases   ] GC(61) Pause Relocate Start 0.010ms
[112.228s][info][gc,phases   ] GC(61) Concurrent Relocate 0.815ms
[112.228s][info][gc,load     ] GC(61) Load: 0.00/0.00/0.00
[112.228s][info][gc,mmu      ] GC(61) MMU: 2ms/98.4%, 5ms/99.4%, 10ms/99.6%, 20ms/99.8%, 50ms/99.9%, 100ms/99.9%
[112.228s][info][gc,marking  ] GC(61) Mark: 2 stripe(s), 2 proactive flush(es), 1 terminate flush(es), 0 completion(s), 0 continuation(s) 
[112.228s][info][gc,marking  ] GC(61) Mark Stack Usage: 32M
[112.228s][info][gc,nmethod  ] GC(61) NMethods: 8575 registered, 2614 unregistered
[112.228s][info][gc,metaspace] GC(61) Metaspace: 51M used, 51M committed, 1088M reserved
[112.228s][info][gc,ref      ] GC(61) Soft: 3841 encountered, 0 discovered, 0 enqueued
[112.228s][info][gc,ref      ] GC(61) Weak: 4364 encountered, 638 discovered, 13 enqueued
[112.228s][info][gc,ref      ] GC(61) Final: 37 encountered, 0 discovered, 0 enqueued
[112.228s][info][gc,ref      ] GC(61) Phantom: 291 encountered, 237 discovered, 0 enqueued
[112.228s][info][gc,reloc    ] GC(61) Small Pages: 1389 / 2778M, Empty: 2660M, Relocated: 1M, In-Place: 0
[112.228s][info][gc,reloc    ] GC(61) Medium Pages: 0 / 0M, Empty: 0M, Relocated: 0M, In-Place: 0
[112.228s][info][gc,reloc    ] GC(61) Large Pages: 0 / 0M, Empty: 0M, Relocated: 0M, In-Place: 0
[112.228s][info][gc,reloc    ] GC(61) Forwarding Usage: 0M
[112.228s][info][gc,heap     ] GC(61) Min Capacity: 4096M(100%)
[112.228s][info][gc,heap     ] GC(61) Max Capacity: 4096M(100%)
[112.228s][info][gc,heap     ] GC(61) Soft Max Capacity: 4096M(100%)
[112.228s][info][gc,heap     ] GC(61)                Mark Start          Mark End        Relocate Start      Relocate End           High               Low         
[112.228s][info][gc,heap     ] GC(61)  Capacity:     4096M (100%)       4096M (100%)       4096M (100%)       4096M (100%)       4096M (100%)       4096M (100%)   
[112.228s][info][gc,heap     ] GC(61)      Free:     1318M (32%)        1300M (32%)        3952M (96%)        4042M (99%)        4042M (99%)        1294M (32%)    
[112.228s][info][gc,heap     ] GC(61)      Used:     2778M (68%)        2796M (68%)         144M (4%)           54M (1%)         2802M (68%)          54M (1%)     
[112.228s][info][gc,heap     ] GC(61)      Live:         -                20M (0%)           20M (0%)           20M (0%)             -                  -          
[112.228s][info][gc,heap     ] GC(61) Allocated:         -                18M (0%)           26M (1%)           27M (1%)             -                  -          
[112.228s][info][gc,heap     ] GC(61)   Garbage:         -              2757M (67%)          97M (2%)            5M (0%)             -                  -          
[112.228s][info][gc,heap     ] GC(61) Reclaimed:         -                  -              2660M (65%)        2751M (67%)            -                  -          
[112.228s][info][gc          ] GC(61) Garbage Collection (Proactive) 2778M(68%)->54M(1%)
[113.213s][info][gc,start    ] GC(62) Garbage Collection (System.gc())
[113.213s][info][gc,task     ] GC(62) Using 2 workers
[113.213s][info][gc,phases   ] GC(62) Pause Mark Start 0.007ms
[113.235s][info][gc,phases   ] GC(62) Concurrent Mark 22.456ms
[113.235s][info][gc,phases   ] GC(62) Pause Mark End 0.025ms
[113.236s][info][gc,phases   ] GC(62) Concurrent Mark Free 0.003ms
[113.243s][info][gc,phases   ] GC(62) Concurrent Process Non-Strong References 7.598ms
[113.243s][info][gc,phases   ] GC(62) Concurrent Reset Relocation Set 0.004ms
[113.245s][info][gc,phases   ] GC(62) Concurrent Select Relocation Set 2.086ms
[113.245s][info][gc,phases   ] GC(62) Pause Relocate Start 0.008ms
[113.246s][info][gc,phases   ] GC(62) Concurrent Relocate 0.338ms
[113.246s][info][gc,load     ] GC(62) Load: 0.00/0.00/0.00
[113.246s][info][gc,mmu      ] GC(62) MMU: 2ms/98.4%, 5ms/99.4%, 10ms/99.6%, 20ms/99.8%, 50ms/99.9%, 100ms/99.9%
[113.246s][info][gc,marking  ] GC(62) Mark: 2 stripe(s), 2 proactive flush(es), 1 terminate flush(es), 0 completion(s), 0 continuation(s) 
[113.246s][info][gc,marking  ] GC(62) Mark Stack Usage: 32M
[113.246s][info][gc,nmethod  ] GC(62) NMethods: 8599 registered, 2616 unregistered
[113.246s][info][gc,metaspace] GC(62) Metaspace: 51M used, 51M committed, 1088M reserved
[113.246s][info][gc,ref      ] GC(62) Soft: 3841 encountered, 0 discovered, 0 enqueued
[113.246s][info][gc,ref      ] GC(62) Weak: 4198 encountered, 832 discovered, 31 enqueued
[113.246s][info][gc,ref      ] GC(62) Final: 37 encountered, 0 discovered, 0 enqueued
[113.246s][info][gc,ref      ] GC(62) Phantom: 291 encountered, 236 discovered, 0 enqueued
[113.246s][info][gc,reloc    ] GC(62) Small Pages: 547 / 1094M, Empty: 962M, Relocated: 0M, In-Place: 0
[113.246s][info][gc,reloc    ] GC(62) Medium Pages: 0 / 0M, Empty: 0M, Relocated: 0M, In-Place: 0
[113.246s][info][gc,reloc    ] GC(62) Large Pages: 0 / 0M, Empty: 0M, Relocated: 0M, In-Place: 0
[113.246s][info][gc,reloc    ] GC(62) Forwarding Usage: 0M
[113.246s][info][gc,heap     ] GC(62) Min Capacity: 4096M(100%)
[113.246s][info][gc,heap     ] GC(62) Max Capacity: 4096M(100%)
[113.246s][info][gc,heap     ] GC(62) Soft Max Capacity: 4096M(100%)
[113.246s][info][gc,heap     ] GC(62)                Mark Start          Mark End        Relocate Start      Relocate End           High               Low         
[113.246s][info][gc,heap     ] GC(62)  Capacity:     4096M (100%)       4096M (100%)       4096M (100%)       4096M (100%)       4096M (100%)       4096M (100%)   
[113.246s][info][gc,heap     ] GC(62)      Free:     3002M (73%)        2992M (73%)        3954M (97%)        4060M (99%)        4060M (99%)        2992M (73%)    
[113.246s][info][gc,heap     ] GC(62)      Used:     1094M (27%)        1104M (27%)         142M (3%)           36M (1%)         1104M (27%)          36M (1%)     
[113.246s][info][gc,heap     ] GC(62)      Live:         -                20M (0%)           20M (0%)           20M (0%)             -                  -          
[113.246s][info][gc,heap     ] GC(62) Allocated:         -                10M (0%)           10M (0%)           10M (0%)             -                  -          
[113.246s][info][gc,heap     ] GC(62)   Garbage:         -              1073M (26%)         111M (3%)            5M (0%)             -                  -          
[113.246s][info][gc,heap     ] GC(62) Reclaimed:         -                  -               962M (23%)        1068M (26%)            -                  -          
[113.246s][info][gc          ] GC(62) Garbage Collection (System.gc()) 1094M(27%)->36M(1%)
[115.298s][info][gc,start    ] GC(63) Garbage Collection (Proactive)
[115.298s][info][gc,task     ] GC(63) Using 2 workers
[115.298s][info][gc,phases   ] GC(63) Pause Mark Start 0.005ms
[115.317s][info][gc,phases   ] GC(63) Concurrent Mark 18.843ms
[115.317s][info][gc,phases   ] GC(63) Pause Mark End 0.016ms
[115.317s][info][gc,phases   ] GC(63) Concurrent Mark Free 0.001ms
[115.326s][info][gc,phases   ] GC(63) Concurrent Process Non-Strong References 8.460ms
[115.326s][info][gc,phases   ] GC(63) Concurrent Reset Relocation Set 0.004ms
[115.328s][info][gc,phases   ] GC(63) Concurrent Select Relocation Set 2.050ms
[115.328s][info][gc,phases   ] GC(63) Pause Relocate Start 0.008ms
[115.329s][info][gc,phases   ] GC(63) Concurrent Relocate 0.791ms
[115.329s][info][gc,load     ] GC(63) Load: 0.00/0.00/0.00
[115.329s][info][gc,mmu      ] GC(63) MMU: 2ms/98.4%, 5ms/99.4%, 10ms/99.6%, 20ms/99.8%, 50ms/99.9%, 100ms/99.9%
[115.329s][info][gc,marking  ] GC(63) Mark: 2 stripe(s), 2 proactive flush(es), 1 terminate flush(es), 0 completion(s), 0 continuation(s) 
[115.329s][info][gc,marking  ] GC(63) Mark Stack Usage: 32M
[115.329s][info][gc,nmethod  ] GC(63) NMethods: 8604 registered, 2626 unregistered
[115.329s][info][gc,metaspace] GC(63) Metaspace: 51M used, 51M committed, 1088M reserved
[115.329s][info][gc,ref      ] GC(63) Soft: 3841 encountered, 0 discovered, 0 enqueued
[115.329s][info][gc,ref      ] GC(63) Weak: 4364 encountered, 829 discovered, 13 enqueued
[115.329s][info][gc,ref      ] GC(63) Final: 37 encountered, 0 discovered, 0 enqueued
[115.329s][info][gc,ref      ] GC(63) Phantom: 291 encountered, 236 discovered, 0 enqueued
[115.329s][info][gc,reloc    ] GC(63) Small Pages: 1126 / 2252M, Empty: 2132M, Relocated: 1M, In-Place: 0
[115.329s][info][gc,reloc    ] GC(63) Medium Pages: 0 / 0M, Empty: 0M, Relocated: 0M, In-Place: 0
[115.329s][info][gc,reloc    ] GC(63) Large Pages: 0 / 0M, Empty: 0M, Relocated: 0M, In-Place: 0
[115.329s][info][gc,reloc    ] GC(63) Forwarding Usage: 0M
[115.329s][info][gc,heap     ] GC(63) Min Capacity: 4096M(100%)
[115.329s][info][gc,heap     ] GC(63) Max Capacity: 4096M(100%)
[115.329s][info][gc,heap     ] GC(63) Soft Max Capacity: 4096M(100%)
[115.329s][info][gc,heap     ] GC(63)                Mark Start          Mark End        Relocate Start      Relocate End           High               Low         
[115.329s][info][gc,heap     ] GC(63)  Capacity:     4096M (100%)       4096M (100%)       4096M (100%)       4096M (100%)       4096M (100%)       4096M (100%)   
[115.329s][info][gc,heap     ] GC(63)      Free:     1844M (45%)        1824M (45%)        3950M (96%)        4044M (99%)        4044M (99%)        1818M (44%)    
[115.329s][info][gc,heap     ] GC(63)      Used:     2252M (55%)        2272M (55%)         146M (4%)           52M (1%)         2278M (56%)          52M (1%)     
[115.329s][info][gc,heap     ] GC(63)      Live:         -                20M (1%)           20M (1%)           20M (1%)             -                  -          
[115.329s][info][gc,heap     ] GC(63) Allocated:         -                20M (0%)           26M (1%)           25M (1%)             -                  -          
[115.329s][info][gc,heap     ] GC(63)   Garbage:         -              2231M (54%)          99M (2%)            5M (0%)             -                  -          
[115.329s][info][gc,heap     ] GC(63) Reclaimed:         -                  -              2132M (52%)        2225M (54%)            -                  -          
[115.329s][info][gc          ] GC(63) Garbage Collection (Proactive) 2252M(55%)->52M(1%)
[116.779s][info][gc,start    ] GC(64) Garbage Collection (System.gc())
[116.779s][info][gc,task     ] GC(64) Using 2 workers
[116.779s][info][gc,phases   ] GC(64) Pause Mark Start 0.007ms
[116.806s][info][gc,phases   ] GC(64) Concurrent Mark 26.941ms
[116.809s][info][gc,phases   ] GC(64) Pause Mark End 0.014ms
[116.809s][info][gc,phases   ] GC(64) Concurrent Mark Free 0.001ms
[116.816s][info][gc,phases   ] GC(64) Concurrent Process Non-Strong References 6.888ms
[116.816s][info][gc,phases   ] GC(64) Concurrent Reset Relocation Set 0.004ms
[116.818s][info][gc,phases   ] GC(64) Concurrent Select Relocation Set 1.910ms
[116.818s][info][gc,phases   ] GC(64) Pause Relocate Start 0.007ms
[116.818s][info][gc,phases   ] GC(64) Concurrent Relocate 0.356ms
[116.818s][info][gc,load     ] GC(64) Load: 0.00/0.00/0.00
[116.818s][info][gc,mmu      ] GC(64) MMU: 2ms/98.4%, 5ms/99.4%, 10ms/99.6%, 20ms/99.8%, 50ms/99.9%, 100ms/99.9%
[116.818s][info][gc,marking  ] GC(64) Mark: 2 stripe(s), 2 proactive flush(es), 1 terminate flush(es), 0 completion(s), 0 continuation(s) 
[116.818s][info][gc,marking  ] GC(64) Mark Stack Usage: 32M
[116.818s][info][gc,nmethod  ] GC(64) NMethods: 8621 registered, 2628 unregistered
[116.818s][info][gc,metaspace] GC(64) Metaspace: 51M used, 51M committed, 1088M reserved
[116.818s][info][gc,ref      ] GC(64) Soft: 3841 encountered, 0 discovered, 0 enqueued
[116.818s][info][gc,ref      ] GC(64) Weak: 4198 encountered, 688 discovered, 31 enqueued
[116.818s][info][gc,ref      ] GC(64) Final: 37 encountered, 0 discovered, 0 enqueued
[116.818s][info][gc,ref      ] GC(64) Phantom: 291 encountered, 237 discovered, 0 enqueued
[116.818s][info][gc,reloc    ] GC(64) Small Pages: 810 / 1620M, Empty: 1470M, Relocated: 0M, In-Place: 0
[116.818s][info][gc,reloc    ] GC(64) Medium Pages: 0 / 0M, Empty: 0M, Relocated: 0M, In-Place: 0
[116.818s][info][gc,reloc    ] GC(64) Large Pages: 0 / 0M, Empty: 0M, Relocated: 0M, In-Place: 0
[116.818s][info][gc,reloc    ] GC(64) Forwarding Usage: 0M
[116.818s][info][gc,heap     ] GC(64) Min Capacity: 4096M(100%)
[116.818s][info][gc,heap     ] GC(64) Max Capacity: 4096M(100%)
[116.818s][info][gc,heap     ] GC(64) Soft Max Capacity: 4096M(100%)
[116.818s][info][gc,heap     ] GC(64)                Mark Start          Mark End        Relocate Start      Relocate End           High               Low         
[116.818s][info][gc,heap     ] GC(64)  Capacity:     4096M (100%)       4096M (100%)       4096M (100%)       4096M (100%)       4096M (100%)       4096M (100%)   
[116.818s][info][gc,heap     ] GC(64)      Free:     2476M (60%)        2464M (60%)        3934M (96%)        4058M (99%)        4058M (99%)        2464M (60%)    
[116.818s][info][gc,heap     ] GC(64)      Used:     1620M (40%)        1632M (40%)         162M (4%)           38M (1%)         1632M (40%)          38M (1%)     
[116.818s][info][gc,heap     ] GC(64)      Live:         -                20M (0%)           20M (0%)           20M (0%)             -                  -          
[116.818s][info][gc,heap     ] GC(64) Allocated:         -                12M (0%)           12M (0%)           12M (0%)             -                  -          
[116.818s][info][gc,heap     ] GC(64)   Garbage:         -              1599M (39%)         129M (3%)            5M (0%)             -                  -          
[116.818s][info][gc,heap     ] GC(64) Reclaimed:         -                  -              1470M (36%)        1594M (39%)            -                  -          
[116.818s][info][gc          ] GC(64) Garbage Collection (System.gc()) 1620M(40%)->38M(1%)
[119.198s][info][gc,start    ] GC(65) Garbage Collection (Proactive)
[119.198s][info][gc,task     ] GC(65) Using 2 workers
[119.198s][info][gc,phases   ] GC(65) Pause Mark Start 0.007ms
[119.216s][info][gc,phases   ] GC(65) Concurrent Mark 18.125ms
[119.217s][info][gc,phases   ] GC(65) Pause Mark End 0.017ms
[119.217s][info][gc,phases   ] GC(65) Concurrent Mark Free 0.001ms
[119.225s][info][gc,phases   ] GC(65) Concurrent Process Non-Strong References 8.103ms
[119.225s][info][gc,phases   ] GC(65) Concurrent Reset Relocation Set 0.005ms
[119.228s][info][gc,phases   ] GC(65) Concurrent Select Relocation Set 3.147ms
[119.228s][info][gc,phases   ] GC(65) Pause Relocate Start 0.007ms
[119.229s][info][gc,phases   ] GC(65) Concurrent Relocate 0.882ms
[119.229s][info][gc,load     ] GC(65) Load: 0.00/0.00/0.00
[119.229s][info][gc,mmu      ] GC(65) MMU: 2ms/98.4%, 5ms/99.4%, 10ms/99.6%, 20ms/99.8%, 50ms/99.9%, 100ms/99.9%
[119.229s][info][gc,marking  ] GC(65) Mark: 2 stripe(s), 2 proactive flush(es), 1 terminate flush(es), 0 completion(s), 0 continuation(s) 
[119.229s][info][gc,marking  ] GC(65) Mark Stack Usage: 32M
[119.229s][info][gc,nmethod  ] GC(65) NMethods: 8634 registered, 2636 unregistered
[119.229s][info][gc,metaspace] GC(65) Metaspace: 51M used, 51M committed, 1088M reserved
[119.229s][info][gc,ref      ] GC(65) Soft: 3841 encountered, 0 discovered, 0 enqueued
[119.229s][info][gc,ref      ] GC(65) Weak: 4364 encountered, 376 discovered, 13 enqueued
[119.229s][info][gc,ref      ] GC(65) Final: 37 encountered, 0 discovered, 0 enqueued
[119.229s][info][gc,ref      ] GC(65) Phantom: 291 encountered, 237 discovered, 0 enqueued
[119.229s][info][gc,reloc    ] GC(65) Small Pages: 1293 / 2586M, Empty: 2462M, Relocated: 1M, In-Place: 0
[119.229s][info][gc,reloc    ] GC(65) Medium Pages: 0 / 0M, Empty: 0M, Relocated: 0M, In-Place: 0
[119.229s][info][gc,reloc    ] GC(65) Large Pages: 0 / 0M, Empty: 0M, Relocated: 0M, In-Place: 0
[119.229s][info][gc,reloc    ] GC(65) Forwarding Usage: 0M
[119.229s][info][gc,heap     ] GC(65) Min Capacity: 4096M(100%)
[119.229s][info][gc,heap     ] GC(65) Max Capacity: 4096M(100%)
[119.229s][info][gc,heap     ] GC(65) Soft Max Capacity: 4096M(100%)
[119.229s][info][gc,heap     ] GC(65)                Mark Start          Mark End        Relocate Start      Relocate End           High               Low         
[119.229s][info][gc,heap     ] GC(65)  Capacity:     4096M (100%)       4096M (100%)       4096M (100%)       4096M (100%)       4096M (100%)       4096M (100%)   
[119.229s][info][gc,heap     ] GC(65)      Free:     1510M (37%)        1492M (36%)        3944M (96%)        4040M (99%)        4040M (99%)        1486M (36%)    
[119.229s][info][gc,heap     ] GC(65)      Used:     2586M (63%)        2604M (64%)         152M (4%)           56M (1%)         2610M (64%)          56M (1%)     
[119.229s][info][gc,heap     ] GC(65)      Live:         -                20M (1%)           20M (1%)           20M (1%)             -                  -          
[119.229s][info][gc,heap     ] GC(65) Allocated:         -                18M (0%)           28M (1%)           29M (1%)             -                  -          
[119.229s][info][gc,heap     ] GC(65)   Garbage:         -              2565M (63%)         103M (3%)            5M (0%)             -                  -          
[119.229s][info][gc,heap     ] GC(65) Reclaimed:         -                  -              2462M (60%)        2559M (62%)            -                  -          
[119.229s][info][gc          ] GC(65) Garbage Collection (Proactive) 2586M(63%)->56M(1%)
[120.201s][info][gc,stats    ] === Garbage Collection Statistics =======================================================================================================================
[120.201s][info][gc,stats    ]                                                              Last 10s              Last 10m              Last 10h                Total
[120.201s][info][gc,stats    ]                                                              Avg / Max             Avg / Max             Avg / Max             Avg / Max
[120.201s][info][gc,stats    ]   Collector: Garbage Collection Cycle                     32.883 / 38.944       33.018 / 62.948       33.018 / 62.948       33.018 / 62.948      ms
[120.201s][info][gc,stats    ]  Contention: Mark Segment Reset Contention                     0 / 1                 0 / 2                 0 / 2                 0 / 2           ops/s
[120.201s][info][gc,stats    ]  Contention: Mark SeqNum Reset Contention                      0 / 1                 0 / 2                 0 / 2                 0 / 2           ops/s
[120.201s][info][gc,stats    ]    Critical: Allocation Stall                                  0 / 0                 0 / 0                 0 / 0                 0 / 0           ops/s
[120.201s][info][gc,stats    ]    Critical: Allocation Stall                              0.000 / 0.000         0.000 / 0.000         0.000 / 0.000         0.000 / 0.000       ms
[120.201s][info][gc,stats    ]    Critical: GC Locker Stall                                   0 / 0                 0 / 0                 0 / 0                 0 / 0           ops/s
[120.201s][info][gc,stats    ]    Critical: GC Locker Stall                               0.000 / 0.000         0.000 / 0.000         0.000 / 0.000         0.000 / 0.000       ms
[120.201s][info][gc,stats    ]    Critical: Relocation Stall                                  0 / 0                 0 / 0                 0 / 0                 0 / 0           ops/s
[120.201s][info][gc,stats    ]    Critical: Relocation Stall                              0.000 / 0.000         0.000 / 0.000         0.000 / 0.000         0.000 / 0.000       ms
[120.201s][info][gc,stats    ]      Memory: Allocation Rate                                1071 / 1094            958 / 1120            958 / 1120            958 / 1120        MB/s
[120.201s][info][gc,stats    ]      Memory: Defragment                                        0 / 0                 0 / 0                 0 / 0                 0 / 0           ops/s
[120.201s][info][gc,stats    ]      Memory: Out Of Memory                                     0 / 0                 0 / 0                 0 / 0                 0 / 0           ops/s
[120.201s][info][gc,stats    ]      Memory: Page Cache Flush                                  0 / 0                 0 / 0                 0 / 0                 0 / 0           MB/s
[120.201s][info][gc,stats    ]      Memory: Page Cache Hit L1                               536 / 549             466 / 560             466 / 560             466 / 560         ops/s
[120.201s][info][gc,stats    ]      Memory: Page Cache Hit L2                                 0 / 0                 0 / 0                 0 / 0                 0 / 0           ops/s
[120.201s][info][gc,stats    ]      Memory: Page Cache Hit L3                                 0 / 0                13 / 295              13 / 295              13 / 295         ops/s
[120.201s][info][gc,stats    ]      Memory: Page Cache Miss                                   0 / 0                 0 / 1                 0 / 1                 0 / 1           ops/s
[120.201s][info][gc,stats    ]      Memory: Uncommit                                          0 / 0                 0 / 0                 0 / 0                 0 / 0           MB/s
[120.201s][info][gc,stats    ]      Memory: Undo Object Allocation Failed                     0 / 0                 0 / 1                 0 / 1                 0 / 1           ops/s
[120.201s][info][gc,stats    ]      Memory: Undo Object Allocation Succeeded                  0 / 6                 2 / 42                2 / 42                2 / 42          ops/s
[120.201s][info][gc,stats    ]      Memory: Undo Page Allocation                              1 / 3                 1 / 8                 1 / 8                 1 / 8           ops/s
[120.201s][info][gc,stats    ]       Phase: Concurrent Mark                              20.897 / 26.941       21.907 / 33.521       21.907 / 33.521       21.907 / 33.521      ms
[120.201s][info][gc,stats    ]       Phase: Concurrent Mark Continue                      0.000 / 0.000         0.000 / 0.000         0.000 / 0.000         0.000 / 0.000       ms
[120.201s][info][gc,stats    ]       Phase: Concurrent Mark Free                          0.001 / 0.003         0.001 / 0.003         0.001 / 0.003         0.001 / 0.003       ms
[120.201s][info][gc,stats    ]       Phase: Concurrent Process Non-Strong References      7.896 / 8.460         7.234 / 21.700        7.234 / 21.700        7.234 / 21.700      ms
[120.201s][info][gc,stats    ]       Phase: Concurrent Relocate                           0.636 / 0.882         0.840 / 5.848         0.840 / 5.848         0.840 / 5.848       ms
[120.201s][info][gc,stats    ]       Phase: Concurrent Reset Relocation Set               0.004 / 0.005         0.004 / 0.010         0.004 / 0.010         0.004 / 0.010       ms
[120.201s][info][gc,stats    ]       Phase: Concurrent Select Relocation Set              2.262 / 3.147         2.105 / 5.959         2.105 / 5.959         2.105 / 5.959       ms
[120.201s][info][gc,stats    ]       Phase: Pause Mark End                                0.017 / 0.025         0.019 / 0.032         0.019 / 0.032         0.019 / 0.032       ms
[120.201s][info][gc,stats    ]       Phase: Pause Mark Start                              0.006 / 0.007         0.008 / 0.022         0.008 / 0.022         0.008 / 0.022       ms
[120.201s][info][gc,stats    ]       Phase: Pause Relocate Start                          0.008 / 0.010         0.009 / 0.017         0.009 / 0.017         0.009 / 0.017       ms
[120.201s][info][gc,stats    ]    Subphase: Concurrent Classes Purge                      0.053 / 0.065         0.132 / 1.921         0.132 / 1.921         0.132 / 1.921       ms
[120.201s][info][gc,stats    ]    Subphase: Concurrent Classes Unlink                     7.140 / 7.779         6.345 / 15.207        6.345 / 15.207        6.345 / 15.207      ms
[120.201s][info][gc,stats    ]    Subphase: Concurrent Mark                              17.497 / 25.118       17.732 / 31.441       17.732 / 31.441       17.732 / 31.441      ms
[120.201s][info][gc,stats    ]    Subphase: Concurrent Mark Try Flush                     0.094 / 0.301         0.078 / 0.430         0.078 / 0.430         0.078 / 0.430       ms
[120.201s][info][gc,stats    ]    Subphase: Concurrent Mark Try Terminate                 1.465 / 11.771        1.716 / 15.936        1.716 / 15.936        1.716 / 15.936      ms
[120.201s][info][gc,stats    ]    Subphase: Concurrent References Enqueue                 0.005 / 0.006         0.005 / 0.010         0.005 / 0.010         0.005 / 0.010       ms
[120.201s][info][gc,stats    ]    Subphase: Concurrent References Process                 0.123 / 0.221         0.135 / 0.844         0.135 / 0.844         0.135 / 0.844       ms
[120.202s][info][gc,stats    ]    Subphase: Concurrent Roots ClassLoaderDataGraph         0.073 / 0.124         0.079 / 0.281         0.079 / 0.281         0.079 / 0.281       ms
[120.202s][info][gc,stats    ]    Subphase: Concurrent Roots CodeCache                    0.000 / 0.000         0.000 / 0.000         0.000 / 0.000         0.000 / 0.000       ms
[120.202s][info][gc,stats    ]    Subphase: Concurrent Roots JavaThreads                  1.383 / 1.658         1.644 / 4.045         1.644 / 4.045         1.644 / 4.045       ms
[120.202s][info][gc,stats    ]    Subphase: Concurrent Roots OopStorageSet                0.022 / 0.025         0.026 / 0.106         0.026 / 0.106         0.026 / 0.106       ms
[120.202s][info][gc,stats    ]    Subphase: Concurrent Weak Roots OopStorageSet           0.385 / 0.716         0.403 / 1.078         0.403 / 1.078         0.403 / 1.078       ms
[120.202s][info][gc,stats    ]    Subphase: Pause Mark Try Complete                       0.000 / 0.000         0.000 / 0.000         0.000 / 0.000         0.000 / 0.000       ms
[120.202s][info][gc,stats    ]      System: Java Threads                                     63 / 63               56 / 64               56 / 64               56 / 64          threads
[120.202s][info][gc,stats    ] =========================================================================================================================================================
[120.391s][info][gc,start    ] GC(66) Garbage Collection (System.gc())
[120.391s][info][gc,task     ] GC(66) Using 2 workers
[120.392s][info][gc,phases   ] GC(66) Pause Mark Start 0.007ms
[120.414s][info][gc,phases   ] GC(66) Concurrent Mark 21.978ms
[120.414s][info][gc,phases   ] GC(66) Pause Mark End 0.027ms
[120.414s][info][gc,phases   ] GC(66) Concurrent Mark Free 0.003ms
[120.421s][info][gc,phases   ] GC(66) Concurrent Process Non-Strong References 7.251ms
[120.421s][info][gc,phases   ] GC(66) Concurrent Reset Relocation Set 0.004ms
[120.423s][info][gc,phases   ] GC(66) Concurrent Select Relocation Set 1.942ms
[120.423s][info][gc,phases   ] GC(66) Pause Relocate Start 0.008ms
[120.424s][info][gc,phases   ] GC(66) Concurrent Relocate 0.387ms
[120.424s][info][gc,load     ] GC(66) Load: 0.00/0.00/0.00
[120.424s][info][gc,mmu      ] GC(66) MMU: 2ms/98.4%, 5ms/99.4%, 10ms/99.6%, 20ms/99.8%, 50ms/99.9%, 100ms/99.9%
[120.424s][info][gc,marking  ] GC(66) Mark: 2 stripe(s), 2 proactive flush(es), 1 terminate flush(es), 0 completion(s), 0 continuation(s) 
[120.424s][info][gc,marking  ] GC(66) Mark Stack Usage: 32M
[120.424s][info][gc,nmethod  ] GC(66) NMethods: 8649 registered, 2642 unregistered
[120.424s][info][gc,metaspace] GC(66) Metaspace: 51M used, 51M committed, 1088M reserved
[120.424s][info][gc,ref      ] GC(66) Soft: 3841 encountered, 0 discovered, 0 enqueued
[120.424s][info][gc,ref      ] GC(66) Weak: 4198 encountered, 613 discovered, 31 enqueued
[120.424s][info][gc,ref      ] GC(66) Final: 37 encountered, 0 discovered, 0 enqueued
[120.424s][info][gc,ref      ] GC(66) Phantom: 291 encountered, 237 discovered, 0 enqueued
[120.424s][info][gc,reloc    ] GC(66) Small Pages: 644 / 1288M, Empty: 1158M, Relocated: 0M, In-Place: 0
[120.424s][info][gc,reloc    ] GC(66) Medium Pages: 0 / 0M, Empty: 0M, Relocated: 0M, In-Place: 0
[120.424s][info][gc,reloc    ] GC(66) Large Pages: 0 / 0M, Empty: 0M, Relocated: 0M, In-Place: 0
[120.424s][info][gc,reloc    ] GC(66) Forwarding Usage: 0M
[120.424s][info][gc,heap     ] GC(66) Min Capacity: 4096M(100%)
[120.424s][info][gc,heap     ] GC(66) Max Capacity: 4096M(100%)
[120.424s][info][gc,heap     ] GC(66) Soft Max Capacity: 4096M(100%)
[120.424s][info][gc,heap     ] GC(66)                Mark Start          Mark End        Relocate Start      Relocate End           High               Low         
[120.424s][info][gc,heap     ] GC(66)  Capacity:     4096M (100%)       4096M (100%)       4096M (100%)       4096M (100%)       4096M (100%)       4096M (100%)   
[120.424s][info][gc,heap     ] GC(66)      Free:     2808M (69%)        2796M (68%)        3954M (97%)        4058M (99%)        4058M (99%)        2796M (68%)    
[120.424s][info][gc,heap     ] GC(66)      Used:     1288M (31%)        1300M (32%)         142M (3%)           38M (1%)         1300M (32%)          38M (1%)     
[120.424s][info][gc,heap     ] GC(66)      Live:         -                20M (0%)           20M (0%)           20M (0%)             -                  -          
[120.424s][info][gc,heap     ] GC(66) Allocated:         -                12M (0%)           12M (0%)           12M (0%)             -                  -          
[120.424s][info][gc,heap     ] GC(66)   Garbage:         -              1267M (31%)         109M (3%)            5M (0%)             -                  -          
[120.424s][info][gc,heap     ] GC(66) Reclaimed:         -                  -              1158M (28%)        1262M (31%)            -                  -          
[120.424s][info][gc          ] GC(66) Garbage Collection (System.gc()) 1288M(31%)->38M(1%)
[122.399s][info][gc,start    ] GC(67) Garbage Collection (Proactive)
[122.399s][info][gc,task     ] GC(67) Using 2 workers
[122.399s][info][gc,phases   ] GC(67) Pause Mark Start 0.006ms
[122.416s][info][gc,phases   ] GC(67) Concurrent Mark 17.490ms
[122.416s][info][gc,phases   ] GC(67) Pause Mark End 0.016ms
[122.416s][info][gc,phases   ] GC(67) Concurrent Mark Free 0.001ms
[122.425s][info][gc,phases   ] GC(67) Concurrent Process Non-Strong References 8.114ms
[122.425s][info][gc,phases   ] GC(67) Concurrent Reset Relocation Set 0.003ms
[122.427s][info][gc,phases   ] GC(67) Concurrent Select Relocation Set 2.220ms
[122.427s][info][gc,phases   ] GC(67) Pause Relocate Start 0.010ms
[122.428s][info][gc,phases   ] GC(67) Concurrent Relocate 0.800ms
[122.428s][info][gc,load     ] GC(67) Load: 0.00/0.00/0.00
[122.428s][info][gc,mmu      ] GC(67) MMU: 2ms/98.4%, 5ms/99.4%, 10ms/99.6%, 20ms/99.8%, 50ms/99.9%, 100ms/99.9%
[122.428s][info][gc,marking  ] GC(67) Mark: 2 stripe(s), 2 proactive flush(es), 1 terminate flush(es), 0 completion(s), 0 continuation(s) 
[122.428s][info][gc,marking  ] GC(67) Mark Stack Usage: 32M
[122.428s][info][gc,nmethod  ] GC(67) NMethods: 8657 registered, 2647 unregistered
[122.428s][info][gc,metaspace] GC(67) Metaspace: 51M used, 51M committed, 1088M reserved
[122.428s][info][gc,ref      ] GC(67) Soft: 3841 encountered, 0 discovered, 0 enqueued
[122.428s][info][gc,ref      ] GC(67) Weak: 4364 encountered, 377 discovered, 13 enqueued
[122.428s][info][gc,ref      ] GC(67) Final: 37 encountered, 0 discovered, 0 enqueued
[122.428s][info][gc,ref      ] GC(67) Phantom: 291 encountered, 234 discovered, 0 enqueued
[122.428s][info][gc,reloc    ] GC(67) Small Pages: 1086 / 2172M, Empty: 2056M, Relocated: 1M, In-Place: 0
[122.428s][info][gc,reloc    ] GC(67) Medium Pages: 0 / 0M, Empty: 0M, Relocated: 0M, In-Place: 0
[122.428s][info][gc,reloc    ] GC(67) Large Pages: 0 / 0M, Empty: 0M, Relocated: 0M, In-Place: 0
[122.428s][info][gc,reloc    ] GC(67) Forwarding Usage: 0M
[122.428s][info][gc,heap     ] GC(67) Min Capacity: 4096M(100%)
[122.428s][info][gc,heap     ] GC(67) Max Capacity: 4096M(100%)
[122.428s][info][gc,heap     ] GC(67) Soft Max Capacity: 4096M(100%)
[122.428s][info][gc,heap     ] GC(67)                Mark Start          Mark End        Relocate Start      Relocate End           High               Low         
[122.428s][info][gc,heap     ] GC(67)  Capacity:     4096M (100%)       4096M (100%)       4096M (100%)       4096M (100%)       4096M (100%)       4096M (100%)   
[122.428s][info][gc,heap     ] GC(67)      Free:     1924M (47%)        1908M (47%)        3952M (96%)        4042M (99%)        4042M (99%)        1902M (46%)    
[122.428s][info][gc,heap     ] GC(67)      Used:     2172M (53%)        2188M (53%)         144M (4%)           54M (1%)         2194M (54%)          54M (1%)     
[122.428s][info][gc,heap     ] GC(67)      Live:         -                20M (1%)           20M (1%)           20M (1%)             -                  -          
[122.428s][info][gc,heap     ] GC(67) Allocated:         -                16M (0%)           28M (1%)           27M (1%)             -                  -          
[122.428s][info][gc,heap     ] GC(67)   Garbage:         -              2151M (53%)          95M (2%)            5M (0%)             -                  -          
[122.428s][info][gc,heap     ] GC(67) Reclaimed:         -                  -              2056M (50%)        2145M (52%)            -                  -          
[122.428s][info][gc          ] GC(67) Garbage Collection (Proactive) 2172M(53%)->54M(1%)
[123.955s][info][gc,start    ] GC(68) Garbage Collection (System.gc())
[123.955s][info][gc,task     ] GC(68) Using 2 workers
[123.955s][info][gc,phases   ] GC(68) Pause Mark Start 0.008ms
[123.977s][info][gc,phases   ] GC(68) Concurrent Mark 22.179ms
[123.977s][info][gc,phases   ] GC(68) Pause Mark End 0.027ms
[123.977s][info][gc,phases   ] GC(68) Concurrent Mark Free 0.003ms
[123.985s][info][gc,phases   ] GC(68) Concurrent Process Non-Strong References 7.881ms
[123.985s][info][gc,phases   ] GC(68) Concurrent Reset Relocation Set 0.002ms
[123.987s][info][gc,phases   ] GC(68) Concurrent Select Relocation Set 1.644ms
[123.987s][info][gc,phases   ] GC(68) Pause Relocate Start 0.010ms
[123.987s][info][gc,phases   ] GC(68) Concurrent Relocate 0.405ms
[123.987s][info][gc,load     ] GC(68) Load: 0.00/0.00/0.00
[123.987s][info][gc,mmu      ] GC(68) MMU: 2ms/98.4%, 5ms/99.4%, 10ms/99.6%, 20ms/99.8%, 50ms/99.9%, 100ms/99.9%
[123.987s][info][gc,marking  ] GC(68) Mark: 2 stripe(s), 2 proactive flush(es), 1 terminate flush(es), 0 completion(s), 0 continuation(s) 
[123.987s][info][gc,marking  ] GC(68) Mark Stack Usage: 32M
[123.987s][info][gc,nmethod  ] GC(68) NMethods: 8691 registered, 2647 unregistered
[123.987s][info][gc,metaspace] GC(68) Metaspace: 51M used, 51M committed, 1088M reserved
[123.988s][info][gc,ref      ] GC(68) Soft: 3841 encountered, 0 discovered, 0 enqueued
[123.988s][info][gc,ref      ] GC(68) Weak: 4198 encountered, 511 discovered, 30 enqueued
[123.988s][info][gc,ref      ] GC(68) Final: 37 encountered, 0 discovered, 0 enqueued
[123.988s][info][gc,ref      ] GC(68) Phantom: 291 encountered, 236 discovered, 0 enqueued
[123.988s][info][gc,reloc    ] GC(68) Small Pages: 850 / 1700M, Empty: 1560M, Relocated: 0M, In-Place: 0
[123.988s][info][gc,reloc    ] GC(68) Medium Pages: 0 / 0M, Empty: 0M, Relocated: 0M, In-Place: 0
[123.988s][info][gc,reloc    ] GC(68) Large Pages: 0 / 0M, Empty: 0M, Relocated: 0M, In-Place: 0
[123.988s][info][gc,reloc    ] GC(68) Forwarding Usage: 0M
[123.988s][info][gc,heap     ] GC(68) Min Capacity: 4096M(100%)
[123.988s][info][gc,heap     ] GC(68) Max Capacity: 4096M(100%)
[123.988s][info][gc,heap     ] GC(68) Soft Max Capacity: 4096M(100%)
[123.988s][info][gc,heap     ] GC(68)                Mark Start          Mark End        Relocate Start      Relocate End           High               Low         
[123.988s][info][gc,heap     ] GC(68)  Capacity:     4096M (100%)       4096M (100%)       4096M (100%)       4096M (100%)       4096M (100%)       4096M (100%)   
[123.988s][info][gc,heap     ] GC(68)      Free:     2396M (58%)        2380M (58%)        3940M (96%)        4054M (99%)        4054M (99%)        2380M (58%)    
[123.988s][info][gc,heap     ] GC(68)      Used:     1700M (42%)        1716M (42%)         156M (4%)           42M (1%)         1716M (42%)          42M (1%)     
[123.988s][info][gc,heap     ] GC(68)      Live:         -                20M (0%)           20M (0%)           20M (0%)             -                  -          
[123.988s][info][gc,heap     ] GC(68) Allocated:         -                16M (0%)           16M (0%)           16M (0%)             -                  -          
[123.988s][info][gc,heap     ] GC(68)   Garbage:         -              1679M (41%)         119M (3%)            5M (0%)             -                  -          
[123.988s][info][gc,heap     ] GC(68) Reclaimed:         -                  -              1560M (38%)        1674M (41%)            -                  -          
[123.988s][info][gc          ] GC(68) Garbage Collection (System.gc()) 1700M(42%)->42M(1%)
[125.897s][info][gc,start    ] GC(69) Garbage Collection (Proactive)
[125.897s][info][gc,task     ] GC(69) Using 2 workers
[125.898s][info][gc,phases   ] GC(69) Pause Mark Start 0.009ms
[125.916s][info][gc,phases   ] GC(69) Concurrent Mark 18.726ms
[125.916s][info][gc,phases   ] GC(69) Pause Mark End 0.015ms
[125.917s][info][gc,phases   ] GC(69) Concurrent Mark Free 0.001ms
[125.925s][info][gc,phases   ] GC(69) Concurrent Process Non-Strong References 8.527ms
[125.925s][info][gc,phases   ] GC(69) Concurrent Reset Relocation Set 0.004ms
[125.927s][info][gc,phases   ] GC(69) Concurrent Select Relocation Set 2.068ms
[125.927s][info][gc,phases   ] GC(69) Pause Relocate Start 0.007ms
[125.928s][info][gc,phases   ] GC(69) Concurrent Relocate 0.867ms
[125.928s][info][gc,load     ] GC(69) Load: 0.00/0.00/0.00
[125.928s][info][gc,mmu      ] GC(69) MMU: 2ms/98.4%, 5ms/99.4%, 10ms/99.6%, 20ms/99.8%, 50ms/99.9%, 100ms/99.9%
[125.928s][info][gc,marking  ] GC(69) Mark: 2 stripe(s), 2 proactive flush(es), 1 terminate flush(es), 0 completion(s), 0 continuation(s) 
[125.928s][info][gc,marking  ] GC(69) Mark Stack Usage: 32M
[125.928s][info][gc,nmethod  ] GC(69) NMethods: 8699 registered, 2652 unregistered
[125.928s][info][gc,metaspace] GC(69) Metaspace: 51M used, 51M committed, 1088M reserved
[125.928s][info][gc,ref      ] GC(69) Soft: 3841 encountered, 0 discovered, 0 enqueued
[125.928s][info][gc,ref      ] GC(69) Weak: 4365 encountered, 724 discovered, 14 enqueued
[125.928s][info][gc,ref      ] GC(69) Final: 37 encountered, 0 discovered, 0 enqueued
[125.928s][info][gc,ref      ] GC(69) Phantom: 291 encountered, 237 discovered, 0 enqueued
[125.928s][info][gc,reloc    ] GC(69) Small Pages: 1053 / 2106M, Empty: 1988M, Relocated: 1M, In-Place: 0
[125.928s][info][gc,reloc    ] GC(69) Medium Pages: 0 / 0M, Empty: 0M, Relocated: 0M, In-Place: 0
[125.928s][info][gc,reloc    ] GC(69) Large Pages: 0 / 0M, Empty: 0M, Relocated: 0M, In-Place: 0
[125.928s][info][gc,reloc    ] GC(69) Forwarding Usage: 0M
[125.928s][info][gc,heap     ] GC(69) Min Capacity: 4096M(100%)
[125.928s][info][gc,heap     ] GC(69) Max Capacity: 4096M(100%)
[125.928s][info][gc,heap     ] GC(69) Soft Max Capacity: 4096M(100%)
[125.928s][info][gc,heap     ] GC(69)                Mark Start          Mark End        Relocate Start      Relocate End           High               Low         
[125.928s][info][gc,heap     ] GC(69)  Capacity:     4096M (100%)       4096M (100%)       4096M (100%)       4096M (100%)       4096M (100%)       4096M (100%)   
[125.929s][info][gc,heap     ] GC(69)      Free:     1990M (49%)        1972M (48%)        3952M (96%)        4042M (99%)        4042M (99%)        1966M (48%)    
[125.929s][info][gc,heap     ] GC(69)      Used:     2106M (51%)        2124M (52%)         144M (4%)           54M (1%)         2130M (52%)          54M (1%)     
[125.929s][info][gc,heap     ] GC(69)      Live:         -                20M (1%)           20M (1%)           20M (1%)             -                  -          
[125.929s][info][gc,heap     ] GC(69) Allocated:         -                18M (0%)           26M (1%)           27M (1%)             -                  -          
[125.929s][info][gc,heap     ] GC(69)   Garbage:         -              2085M (51%)          97M (2%)            5M (0%)             -                  -          
[125.929s][info][gc,heap     ] GC(69) Reclaimed:         -                  -              1988M (49%)        2079M (51%)            -                  -          
[125.929s][info][gc          ] GC(69) Garbage Collection (Proactive) 2106M(51%)->54M(1%)
[127.501s][info][gc,start    ] GC(70) Garbage Collection (System.gc())
[127.501s][info][gc,task     ] GC(70) Using 2 workers
[127.502s][info][gc,phases   ] GC(70) Pause Mark Start 0.007ms
[127.524s][info][gc,phases   ] GC(70) Concurrent Mark 22.405ms
[127.524s][info][gc,phases   ] GC(70) Pause Mark End 0.025ms
[127.524s][info][gc,phases   ] GC(70) Concurrent Mark Free 0.003ms
[127.532s][info][gc,phases   ] GC(70) Concurrent Process Non-Strong References 7.811ms
[127.532s][info][gc,phases   ] GC(70) Concurrent Reset Relocation Set 0.003ms
[127.534s][info][gc,phases   ] GC(70) Concurrent Select Relocation Set 1.728ms
[127.534s][info][gc,phases   ] GC(70) Pause Relocate Start 0.010ms
[127.535s][info][gc,phases   ] GC(70) Concurrent Relocate 0.382ms
[127.535s][info][gc,load     ] GC(70) Load: 0.00/0.00/0.00
[127.535s][info][gc,mmu      ] GC(70) MMU: 2ms/98.4%, 5ms/99.4%, 10ms/99.6%, 20ms/99.8%, 50ms/99.9%, 100ms/99.9%
[127.535s][info][gc,marking  ] GC(70) Mark: 2 stripe(s), 2 proactive flush(es), 1 terminate flush(es), 0 completion(s), 0 continuation(s) 
[127.535s][info][gc,marking  ] GC(70) Mark Stack Usage: 32M
[127.535s][info][gc,nmethod  ] GC(70) NMethods: 8761 registered, 2653 unregistered
[127.535s][info][gc,metaspace] GC(70) Metaspace: 51M used, 51M committed, 1088M reserved
[127.535s][info][gc,ref      ] GC(70) Soft: 3841 encountered, 0 discovered, 0 enqueued
[127.535s][info][gc,ref      ] GC(70) Weak: 4198 encountered, 545 discovered, 31 enqueued
[127.535s][info][gc,ref      ] GC(70) Final: 37 encountered, 0 discovered, 0 enqueued
[127.535s][info][gc,ref      ] GC(70) Phantom: 291 encountered, 235 discovered, 0 enqueued
[127.535s][info][gc,reloc    ] GC(70) Small Pages: 884 / 1768M, Empty: 1638M, Relocated: 0M, In-Place: 0
[127.535s][info][gc,reloc    ] GC(70) Medium Pages: 0 / 0M, Empty: 0M, Relocated: 0M, In-Place: 0
[127.535s][info][gc,reloc    ] GC(70) Large Pages: 0 / 0M, Empty: 0M, Relocated: 0M, In-Place: 0
[127.535s][info][gc,reloc    ] GC(70) Forwarding Usage: 0M
[127.535s][info][gc,heap     ] GC(70) Min Capacity: 4096M(100%)
[127.535s][info][gc,heap     ] GC(70) Max Capacity: 4096M(100%)
[127.535s][info][gc,heap     ] GC(70) Soft Max Capacity: 4096M(100%)
[127.535s][info][gc,heap     ] GC(70)                Mark Start          Mark End        Relocate Start      Relocate End           High               Low         
[127.535s][info][gc,heap     ] GC(70)  Capacity:     4096M (100%)       4096M (100%)       4096M (100%)       4096M (100%)       4096M (100%)       4096M (100%)   
[127.535s][info][gc,heap     ] GC(70)      Free:     2328M (57%)        2314M (56%)        3952M (96%)        4056M (99%)        4056M (99%)        2314M (56%)    
[127.535s][info][gc,heap     ] GC(70)      Used:     1768M (43%)        1782M (44%)         144M (4%)           40M (1%)         1782M (44%)          40M (1%)     
[127.535s][info][gc,heap     ] GC(70)      Live:         -                20M (0%)           20M (0%)           20M (0%)             -                  -          
[127.535s][info][gc,heap     ] GC(70) Allocated:         -                14M (0%)           14M (0%)           14M (0%)             -                  -          
[127.535s][info][gc,heap     ] GC(70)   Garbage:         -              1747M (43%)         109M (3%)            5M (0%)             -                  -          
[127.535s][info][gc,heap     ] GC(70) Reclaimed:         -                  -              1638M (40%)        1742M (43%)            -                  -          
[127.535s][info][gc          ] GC(70) Garbage Collection (System.gc()) 1768M(43%)->40M(1%)
[129.397s][info][gc,start    ] GC(71) Garbage Collection (Proactive)
[129.397s][info][gc,task     ] GC(71) Using 2 workers
[129.398s][info][gc,phases   ] GC(71) Pause Mark Start 0.005ms
[129.416s][info][gc,phases   ] GC(71) Concurrent Mark 18.819ms
[129.417s][info][gc,phases   ] GC(71) Pause Mark End 0.018ms
[129.417s][info][gc,phases   ] GC(71) Concurrent Mark Free 0.001ms
[129.425s][info][gc,phases   ] GC(71) Concurrent Process Non-Strong References 8.541ms
[129.425s][info][gc,phases   ] GC(71) Concurrent Reset Relocation Set 0.003ms
[129.427s][info][gc,phases   ] GC(71) Concurrent Select Relocation Set 2.067ms
[129.427s][info][gc,phases   ] GC(71) Pause Relocate Start 0.011ms
[129.428s][info][gc,phases   ] GC(71) Concurrent Relocate 0.807ms
[129.428s][info][gc,load     ] GC(71) Load: 0.00/0.00/0.00
[129.428s][info][gc,mmu      ] GC(71) MMU: 2ms/98.4%, 5ms/99.4%, 10ms/99.6%, 20ms/99.8%, 50ms/99.9%, 100ms/99.9%
[129.428s][info][gc,marking  ] GC(71) Mark: 2 stripe(s), 2 proactive flush(es), 1 terminate flush(es), 0 completion(s), 0 continuation(s) 
[129.428s][info][gc,marking  ] GC(71) Mark Stack Usage: 32M
[129.428s][info][gc,nmethod  ] GC(71) NMethods: 8793 registered, 2658 unregistered
[129.428s][info][gc,metaspace] GC(71) Metaspace: 51M used, 51M committed, 1088M reserved
[129.428s][info][gc,ref      ] GC(71) Soft: 3841 encountered, 0 discovered, 0 enqueued
[129.428s][info][gc,ref      ] GC(71) Weak: 4364 encountered, 969 discovered, 13 enqueued
[129.428s][info][gc,ref      ] GC(71) Final: 37 encountered, 1 discovered, 0 enqueued
[129.428s][info][gc,ref      ] GC(71) Phantom: 291 encountered, 237 discovered, 0 enqueued
[129.428s][info][gc,reloc    ] GC(71) Small Pages: 1005 / 2010M, Empty: 1904M, Relocated: 1M, In-Place: 0
[129.428s][info][gc,reloc    ] GC(71) Medium Pages: 0 / 0M, Empty: 0M, Relocated: 0M, In-Place: 0
[129.428s][info][gc,reloc    ] GC(71) Large Pages: 0 / 0M, Empty: 0M, Relocated: 0M, In-Place: 0
[129.428s][info][gc,reloc    ] GC(71) Forwarding Usage: 0M
[129.428s][info][gc,heap     ] GC(71) Min Capacity: 4096M(100%)
[129.428s][info][gc,heap     ] GC(71) Max Capacity: 4096M(100%)
[129.428s][info][gc,heap     ] GC(71) Soft Max Capacity: 4096M(100%)
[129.428s][info][gc,heap     ] GC(71)                Mark Start          Mark End        Relocate Start      Relocate End           High               Low         
[129.428s][info][gc,heap     ] GC(71)  Capacity:     4096M (100%)       4096M (100%)       4096M (100%)       4096M (100%)       4096M (100%)       4096M (100%)   
[129.428s][info][gc,heap     ] GC(71)      Free:     2086M (51%)        2066M (50%)        3966M (97%)        4042M (99%)        4042M (99%)        2062M (50%)    
[129.428s][info][gc,heap     ] GC(71)      Used:     2010M (49%)        2030M (50%)         130M (3%)           54M (1%)         2034M (50%)          54M (1%)     
[129.428s][info][gc,heap     ] GC(71)      Live:         -                20M (0%)           20M (0%)           20M (0%)             -                  -          
[129.428s][info][gc,heap     ] GC(71) Allocated:         -                20M (0%)           24M (1%)           27M (1%)             -                  -          
[129.428s][info][gc,heap     ] GC(71)   Garbage:         -              1989M (49%)          85M (2%)            5M (0%)             -                  -          
[129.428s][info][gc,heap     ] GC(71) Reclaimed:         -                  -              1904M (46%)        1983M (48%)            -                  -          
[129.428s][info][gc          ] GC(71) Garbage Collection (Proactive) 2010M(49%)->54M(1%)
[130.198s][info][gc,stats    ] === Garbage Collection Statistics =======================================================================================================================
[130.198s][info][gc,stats    ]                                                              Last 10s              Last 10m              Last 10h                Total
[130.198s][info][gc,stats    ]                                                              Avg / Max             Avg / Max             Avg / Max             Avg / Max
[130.198s][info][gc,stats    ]   Collector: Garbage Collection Cycle                     31.647 / 33.242       32.904 / 62.948       32.904 / 62.948       32.904 / 62.948      ms
[130.198s][info][gc,stats    ]  Contention: Mark Segment Reset Contention                     0 / 0                 0 / 2                 0 / 2                 0 / 2           ops/s
[130.198s][info][gc,stats    ]  Contention: Mark SeqNum Reset Contention                      0 / 1                 0 / 2                 0 / 2                 0 / 2           ops/s
[130.198s][info][gc,stats    ]    Critical: Allocation Stall                                  0 / 0                 0 / 0                 0 / 0                 0 / 0           ops/s
[130.198s][info][gc,stats    ]    Critical: Allocation Stall                              0.000 / 0.000         0.000 / 0.000         0.000 / 0.000         0.000 / 0.000       ms
[130.198s][info][gc,stats    ]    Critical: GC Locker Stall                                   0 / 0                 0 / 0                 0 / 0                 0 / 0           ops/s
[130.198s][info][gc,stats    ]    Critical: GC Locker Stall                               0.000 / 0.000         0.000 / 0.000         0.000 / 0.000         0.000 / 0.000       ms
[130.198s][info][gc,stats    ]    Critical: Relocation Stall                                  0 / 0                 0 / 0                 0 / 0                 0 / 0           ops/s
[130.198s][info][gc,stats    ]    Critical: Relocation Stall                              0.000 / 0.000         0.000 / 0.000         0.000 / 0.000         0.000 / 0.000       ms
[130.198s][info][gc,stats    ]      Memory: Allocation Rate                                1069 / 1102            967 / 1120            967 / 1120            967 / 1120        MB/s
[130.198s][info][gc,stats    ]      Memory: Defragment                                        0 / 0                 0 / 0                 0 / 0                 0 / 0           ops/s
[130.198s][info][gc,stats    ]      Memory: Out Of Memory                                     0 / 0                 0 / 0                 0 / 0                 0 / 0           ops/s
[130.198s][info][gc,stats    ]      Memory: Page Cache Flush                                  0 / 0                 0 / 0                 0 / 0                 0 / 0           MB/s
[130.198s][info][gc,stats    ]      Memory: Page Cache Hit L1                               535 / 551             472 / 560             472 / 560             472 / 560         ops/s
[130.198s][info][gc,stats    ]      Memory: Page Cache Hit L2                                 0 / 0                 0 / 0                 0 / 0                 0 / 0           ops/s
[130.198s][info][gc,stats    ]      Memory: Page Cache Hit L3                                 0 / 0                12 / 295              12 / 295              12 / 295         ops/s
[130.198s][info][gc,stats    ]      Memory: Page Cache Miss                                   0 / 0                 0 / 1                 0 / 1                 0 / 1           ops/s
[130.198s][info][gc,stats    ]      Memory: Uncommit                                          0 / 0                 0 / 0                 0 / 0                 0 / 0           MB/s
[130.198s][info][gc,stats    ]      Memory: Undo Object Allocation Failed                     0 / 1                 0 / 1                 0 / 1                 0 / 1           ops/s
[130.198s][info][gc,stats    ]      Memory: Undo Object Allocation Succeeded                  3 / 34                2 / 42                2 / 42                2 / 42          ops/s
[130.198s][info][gc,stats    ]      Memory: Undo Page Allocation                              1 / 3                 1 / 8                 1 / 8                 1 / 8           ops/s
[130.198s][info][gc,stats    ]       Phase: Concurrent Mark                              20.266 / 22.405       21.770 / 33.521       21.770 / 33.521       21.770 / 33.521      ms
[130.198s][info][gc,stats    ]       Phase: Concurrent Mark Continue                      0.000 / 0.000         0.000 / 0.000         0.000 / 0.000         0.000 / 0.000       ms
[130.198s][info][gc,stats    ]       Phase: Concurrent Mark Free                          0.002 / 0.003         0.001 / 0.003         0.001 / 0.003         0.001 / 0.003       ms
[130.198s][info][gc,stats    ]       Phase: Concurrent Process Non-Strong References      8.021 / 8.541         7.300 / 21.700        7.300 / 21.700        7.300 / 21.700      ms
[130.198s][info][gc,stats    ]       Phase: Concurrent Relocate                           0.608 / 0.867         0.821 / 5.848         0.821 / 5.848         0.821 / 5.848       ms
[130.198s][info][gc,stats    ]       Phase: Concurrent Reset Relocation Set               0.003 / 0.004         0.004 / 0.010         0.004 / 0.010         0.004 / 0.010       ms
[130.198s][info][gc,stats    ]       Phase: Concurrent Select Relocation Set              1.945 / 2.220         2.092 / 5.959         2.092 / 5.959         2.092 / 5.959       ms
[130.198s][info][gc,stats    ]       Phase: Pause Mark End                                0.021 / 0.027         0.019 / 0.032         0.019 / 0.032         0.019 / 0.032       ms
[130.198s][info][gc,stats    ]       Phase: Pause Mark Start                              0.007 / 0.009         0.008 / 0.022         0.008 / 0.022         0.008 / 0.022       ms
[130.198s][info][gc,stats    ]       Phase: Pause Relocate Start                          0.009 / 0.011         0.009 / 0.017         0.009 / 0.017         0.009 / 0.017       ms
[130.198s][info][gc,stats    ]    Subphase: Concurrent Classes Purge                      0.046 / 0.100         0.125 / 1.921         0.125 / 1.921         0.125 / 1.921       ms
[130.198s][info][gc,stats    ]    Subphase: Concurrent Classes Unlink                     7.146 / 7.887         6.412 / 15.207        6.412 / 15.207        6.412 / 15.207      ms
[130.198s][info][gc,stats    ]    Subphase: Concurrent Mark                              16.778 / 20.614       17.653 / 31.441       17.653 / 31.441       17.653 / 31.441      ms
[130.198s][info][gc,stats    ]    Subphase: Concurrent Mark Try Flush                     0.089 / 0.166         0.079 / 0.430         0.079 / 0.430         0.079 / 0.430       ms
[130.198s][info][gc,stats    ]    Subphase: Concurrent Mark Try Terminate                 1.440 / 8.071         1.693 / 15.936        1.693 / 15.936        1.693 / 15.936      ms
[130.198s][info][gc,stats    ]    Subphase: Concurrent References Enqueue                 0.005 / 0.007         0.005 / 0.010         0.005 / 0.010         0.005 / 0.010       ms
[130.198s][info][gc,stats    ]    Subphase: Concurrent References Process                 0.155 / 0.211         0.137 / 0.844         0.137 / 0.844         0.137 / 0.844       ms
[130.198s][info][gc,stats    ]    Subphase: Concurrent Roots ClassLoaderDataGraph         0.072 / 0.127         0.079 / 0.281         0.079 / 0.281         0.079 / 0.281       ms
[130.198s][info][gc,stats    ]    Subphase: Concurrent Roots CodeCache                    0.000 / 0.000         0.000 / 0.000         0.000 / 0.000         0.000 / 0.000       ms
[130.198s][info][gc,stats    ]    Subphase: Concurrent Roots JavaThreads                  1.419 / 1.641         1.625 / 4.045         1.625 / 4.045         1.625 / 4.045       ms
[130.198s][info][gc,stats    ]    Subphase: Concurrent Roots OopStorageSet                0.022 / 0.029         0.026 / 0.106         0.026 / 0.106         0.026 / 0.106       ms
[130.198s][info][gc,stats    ]    Subphase: Concurrent Weak Roots OopStorageSet           0.470 / 0.737         0.409 / 1.078         0.409 / 1.078         0.409 / 1.078       ms
[130.198s][info][gc,stats    ]    Subphase: Pause Mark Try Complete                       0.000 / 0.000         0.000 / 0.000         0.000 / 0.000         0.000 / 0.000       ms
[130.198s][info][gc,stats    ]      System: Java Threads                                     63 / 63               57 / 64               57 / 64               57 / 64          threads
[130.198s][info][gc,stats    ] =========================================================================================================================================================
[131.141s][info][gc,start    ] GC(72) Garbage Collection (System.gc())
[131.142s][info][gc,task     ] GC(72) Using 2 workers
[131.142s][info][gc,phases   ] GC(72) Pause Mark Start 0.008ms
[131.160s][info][gc,phases   ] GC(72) Concurrent Mark 18.433ms
[131.160s][info][gc,phases   ] GC(72) Pause Mark End 0.020ms
[131.160s][info][gc,phases   ] GC(72) Concurrent Mark Free 0.001ms
[131.168s][info][gc,phases   ] GC(72) Concurrent Process Non-Strong References 7.396ms
[131.168s][info][gc,phases   ] GC(72) Concurrent Reset Relocation Set 0.003ms
[131.169s][info][gc,phases   ] GC(72) Concurrent Select Relocation Set 1.429ms
[131.169s][info][gc,phases   ] GC(72) Pause Relocate Start 0.008ms
[131.170s][info][gc,phases   ] GC(72) Concurrent Relocate 0.601ms
[131.170s][info][gc,load     ] GC(72) Load: 0.00/0.00/0.00
[131.170s][info][gc,mmu      ] GC(72) MMU: 2ms/98.4%, 5ms/99.4%, 10ms/99.6%, 20ms/99.8%, 50ms/99.9%, 100ms/99.9%
[131.170s][info][gc,marking  ] GC(72) Mark: 2 stripe(s), 2 proactive flush(es), 1 terminate flush(es), 0 completion(s), 0 continuation(s) 
[131.170s][info][gc,marking  ] GC(72) Mark Stack Usage: 32M
[131.170s][info][gc,nmethod  ] GC(72) NMethods: 8848 registered, 2 unregistered
[131.170s][info][gc,metaspace] GC(72) Metaspace: 51M used, 51M committed, 1088M reserved
[131.170s][info][gc,ref      ] GC(72) Soft: 3841 encountered, 0 discovered, 0 enqueued
[131.170s][info][gc,ref      ] GC(72) Weak: 4198 encountered, 636 discovered, 31 enqueued
[131.170s][info][gc,ref      ] GC(72) Final: 37 encountered, 0 discovered, 0 enqueued
[131.170s][info][gc,ref      ] GC(72) Phantom: 291 encountered, 235 discovered, 0 enqueued
[131.170s][info][gc,reloc    ] GC(72) Small Pages: 934 / 1868M, Empty: 1726M, Relocated: 0M, In-Place: 0
[131.170s][info][gc,reloc    ] GC(72) Medium Pages: 0 / 0M, Empty: 0M, Relocated: 0M, In-Place: 0
[131.170s][info][gc,reloc    ] GC(72) Large Pages: 0 / 0M, Empty: 0M, Relocated: 0M, In-Place: 0
[131.170s][info][gc,reloc    ] GC(72) Forwarding Usage: 0M
[131.170s][info][gc,heap     ] GC(72) Min Capacity: 4096M(100%)
[131.170s][info][gc,heap     ] GC(72) Max Capacity: 4096M(100%)
[131.170s][info][gc,heap     ] GC(72) Soft Max Capacity: 4096M(100%)
[131.170s][info][gc,heap     ] GC(72)                Mark Start          Mark End        Relocate Start      Relocate End           High               Low         
[131.170s][info][gc,heap     ] GC(72)  Capacity:     4096M (100%)       4096M (100%)       4096M (100%)       4096M (100%)       4096M (100%)       4096M (100%)   
[131.170s][info][gc,heap     ] GC(72)      Free:     2228M (54%)        2214M (54%)        3940M (96%)        4056M (99%)        4056M (99%)        2214M (54%)    
[131.170s][info][gc,heap     ] GC(72)      Used:     1868M (46%)        1882M (46%)         156M (4%)           40M (1%)         1882M (46%)          40M (1%)     
[131.170s][info][gc,heap     ] GC(72)      Live:         -                20M (0%)           20M (0%)           20M (0%)             -                  -          
[131.170s][info][gc,heap     ] GC(72) Allocated:         -                14M (0%)           14M (0%)           13M (0%)             -                  -          
[131.170s][info][gc,heap     ] GC(72)   Garbage:         -              1847M (45%)         121M (3%)            5M (0%)             -                  -          
[131.170s][info][gc,heap     ] GC(72) Reclaimed:         -                  -              1726M (42%)        1841M (45%)            -                  -          
[131.170s][info][gc          ] GC(72) Garbage Collection (System.gc()) 1868M(46%)->40M(1%)
[132.898s][info][gc,start    ] GC(73) Garbage Collection (Proactive)
[132.898s][info][gc,task     ] GC(73) Using 2 workers
[132.898s][info][gc,phases   ] GC(73) Pause Mark Start 0.008ms
[132.916s][info][gc,phases   ] GC(73) Concurrent Mark 18.497ms
[132.917s][info][gc,phases   ] GC(73) Pause Mark End 0.018ms
[132.917s][info][gc,phases   ] GC(73) Concurrent Mark Free 0.001ms
[132.925s][info][gc,phases   ] GC(73) Concurrent Process Non-Strong References 8.207ms
[132.925s][info][gc,phases   ] GC(73) Concurrent Reset Relocation Set 0.004ms
[132.927s][info][gc,phases   ] GC(73) Concurrent Select Relocation Set 2.089ms
[132.927s][info][gc,phases   ] GC(73) Pause Relocate Start 0.010ms
[132.928s][info][gc,phases   ] GC(73) Concurrent Relocate 0.871ms
[132.928s][info][gc,load     ] GC(73) Load: 0.00/0.00/0.00
[132.928s][info][gc,mmu      ] GC(73) MMU: 2ms/98.4%, 5ms/99.4%, 10ms/99.6%, 20ms/99.8%, 50ms/99.9%, 100ms/99.9%
[132.928s][info][gc,marking  ] GC(73) Mark: 2 stripe(s), 2 proactive flush(es), 1 terminate flush(es), 0 completion(s), 0 continuation(s) 
[132.928s][info][gc,marking  ] GC(73) Mark Stack Usage: 32M
[132.928s][info][gc,nmethod  ] GC(73) NMethods: 8894 registered, 3 unregistered
[132.928s][info][gc,metaspace] GC(73) Metaspace: 51M used, 51M committed, 1088M reserved
[132.928s][info][gc,ref      ] GC(73) Soft: 3841 encountered, 0 discovered, 0 enqueued
[132.928s][info][gc,ref      ] GC(73) Weak: 4364 encountered, 777 discovered, 13 enqueued
[132.928s][info][gc,ref      ] GC(73) Final: 37 encountered, 1 discovered, 0 enqueued
[132.928s][info][gc,ref      ] GC(73) Phantom: 291 encountered, 237 discovered, 0 enqueued
[132.928s][info][gc,reloc    ] GC(73) Small Pages: 920 / 1840M, Empty: 1718M, Relocated: 1M, In-Place: 0
[132.928s][info][gc,reloc    ] GC(73) Medium Pages: 0 / 0M, Empty: 0M, Relocated: 0M, In-Place: 0
[132.928s][info][gc,reloc    ] GC(73) Large Pages: 0 / 0M, Empty: 0M, Relocated: 0M, In-Place: 0
[132.928s][info][gc,reloc    ] GC(73) Forwarding Usage: 0M
[132.928s][info][gc,heap     ] GC(73) Min Capacity: 4096M(100%)
[132.928s][info][gc,heap     ] GC(73) Max Capacity: 4096M(100%)
[132.928s][info][gc,heap     ] GC(73) Soft Max Capacity: 4096M(100%)
[132.928s][info][gc,heap     ] GC(73)                Mark Start          Mark End        Relocate Start      Relocate End           High               Low         
[132.928s][info][gc,heap     ] GC(73)  Capacity:     4096M (100%)       4096M (100%)       4096M (100%)       4096M (100%)       4096M (100%)       4096M (100%)   
[132.928s][info][gc,heap     ] GC(73)      Free:     2256M (55%)        2236M (55%)        3948M (96%)        4044M (99%)        4044M (99%)        2230M (54%)    
[132.928s][info][gc,heap     ] GC(73)      Used:     1840M (45%)        1860M (45%)         148M (4%)           52M (1%)         1866M (46%)          52M (1%)     
[132.928s][info][gc,heap     ] GC(73)      Live:         -                20M (1%)           20M (1%)           20M (1%)             -                  -          
[132.928s][info][gc,heap     ] GC(73) Allocated:         -                20M (0%)           26M (1%)           25M (1%)             -                  -          
[132.928s][info][gc,heap     ] GC(73)   Garbage:         -              1819M (44%)         101M (2%)            5M (0%)             -                  -          
[132.928s][info][gc,heap     ] GC(73) Reclaimed:         -                  -              1718M (42%)        1813M (44%)            -                  -          
[132.928s][info][gc          ] GC(73) Garbage Collection (Proactive) 1840M(45%)->52M(1%)
[134.601s][info][gc,start    ] GC(74) Garbage Collection (Proactive)
[134.601s][info][gc,task     ] GC(74) Using 2 workers
[134.602s][info][gc,phases   ] GC(74) Pause Mark Start 0.007ms
[134.620s][info][gc,phases   ] GC(74) Concurrent Mark 17.974ms
[134.620s][info][gc,phases   ] GC(74) Pause Mark End 0.016ms
[134.620s][info][gc,phases   ] GC(74) Concurrent Mark Free 0.001ms
[134.628s][info][gc,phases   ] GC(74) Concurrent Process Non-Strong References 8.127ms
[134.628s][info][gc,phases   ] GC(74) Concurrent Reset Relocation Set 0.004ms
[134.630s][info][gc,phases   ] GC(74) Concurrent Select Relocation Set 2.073ms
[134.630s][info][gc,phases   ] GC(74) Pause Relocate Start 0.010ms
[134.631s][info][gc,phases   ] GC(74) Concurrent Relocate 0.749ms
[134.631s][info][gc,load     ] GC(74) Load: 0.00/0.00/0.00
[134.631s][info][gc,mmu      ] GC(74) MMU: 2ms/98.4%, 5ms/99.4%, 10ms/99.6%, 20ms/99.8%, 50ms/99.9%, 100ms/99.9%
[134.631s][info][gc,marking  ] GC(74) Mark: 2 stripe(s), 2 proactive flush(es), 1 terminate flush(es), 0 completion(s), 0 continuation(s) 
[134.631s][info][gc,marking  ] GC(74) Mark Stack Usage: 32M
[134.631s][info][gc,nmethod  ] GC(74) NMethods: 8893 registered, 4 unregistered
[134.631s][info][gc,metaspace] GC(74) Metaspace: 51M used, 51M committed, 1088M reserved
[134.631s][info][gc,ref      ] GC(74) Soft: 3841 encountered, 0 discovered, 0 enqueued
[134.631s][info][gc,ref      ] GC(74) Weak: 4352 encountered, 516 discovered, 1 enqueued
[134.631s][info][gc,ref      ] GC(74) Final: 37 encountered, 0 discovered, 0 enqueued
[134.631s][info][gc,ref      ] GC(74) Phantom: 291 encountered, 237 discovered, 0 enqueued
[134.631s][info][gc,reloc    ] GC(74) Small Pages: 923 / 1846M, Empty: 1726M, Relocated: 1M, In-Place: 0
[134.631s][info][gc,reloc    ] GC(74) Medium Pages: 0 / 0M, Empty: 0M, Relocated: 0M, In-Place: 0
[134.631s][info][gc,reloc    ] GC(74) Large Pages: 0 / 0M, Empty: 0M, Relocated: 0M, In-Place: 0
[134.631s][info][gc,reloc    ] GC(74) Forwarding Usage: 0M
[134.631s][info][gc,heap     ] GC(74) Min Capacity: 4096M(100%)
[134.631s][info][gc,heap     ] GC(74) Max Capacity: 4096M(100%)
[134.631s][info][gc,heap     ] GC(74) Soft Max Capacity: 4096M(100%)
[134.631s][info][gc,heap     ] GC(74)                Mark Start          Mark End        Relocate Start      Relocate End           High               Low         
[134.631s][info][gc,heap     ] GC(74)  Capacity:     4096M (100%)       4096M (100%)       4096M (100%)       4096M (100%)       4096M (100%)       4096M (100%)   
[134.631s][info][gc,heap     ] GC(74)      Free:     2250M (55%)        2230M (54%)        3950M (96%)        4042M (99%)        4042M (99%)        2226M (54%)    
[134.631s][info][gc,heap     ] GC(74)      Used:     1846M (45%)        1866M (46%)         146M (4%)           54M (1%)         1870M (46%)          54M (1%)     
[134.631s][info][gc,heap     ] GC(74)      Live:         -                20M (1%)           20M (1%)           20M (1%)             -                  -          
[134.631s][info][gc,heap     ] GC(74) Allocated:         -                20M (0%)           26M (1%)           27M (1%)             -                  -          
[134.631s][info][gc,heap     ] GC(74)   Garbage:         -              1825M (45%)          99M (2%)            5M (0%)             -                  -          
[134.631s][info][gc,heap     ] GC(74) Reclaimed:         -                  -              1726M (42%)        1819M (44%)            -                  -          
[134.631s][info][gc          ] GC(74) Garbage Collection (Proactive) 1846M(45%)->54M(1%)
[134.816s][info][gc,start    ] GC(75) Garbage Collection (System.gc())
[134.816s][info][gc,task     ] GC(75) Using 2 workers
[134.816s][info][gc,phases   ] GC(75) Pause Mark Start 0.007ms
[134.836s][info][gc,phases   ] GC(75) Concurrent Mark 20.648ms
[134.837s][info][gc,phases   ] GC(75) Pause Mark End 0.027ms
[134.837s][info][gc,phases   ] GC(75) Concurrent Mark Free 0.003ms
[134.845s][info][gc,phases   ] GC(75) Concurrent Process Non-Strong References 7.841ms
[134.845s][info][gc,phases   ] GC(75) Concurrent Reset Relocation Set 0.003ms
[134.846s][info][gc,phases   ] GC(75) Concurrent Select Relocation Set 1.634ms
[134.846s][info][gc,phases   ] GC(75) Pause Relocate Start 0.008ms
[134.847s][info][gc,phases   ] GC(75) Concurrent Relocate 0.358ms
[134.847s][info][gc,load     ] GC(75) Load: 0.00/0.00/0.00
[134.847s][info][gc,mmu      ] GC(75) MMU: 2ms/98.4%, 5ms/99.4%, 10ms/99.6%, 20ms/99.8%, 50ms/99.9%, 100ms/99.9%
[134.847s][info][gc,marking  ] GC(75) Mark: 2 stripe(s), 2 proactive flush(es), 1 terminate flush(es), 0 completion(s), 0 continuation(s) 
[134.847s][info][gc,marking  ] GC(75) Mark Stack Usage: 32M
[134.847s][info][gc,nmethod  ] GC(75) NMethods: 8908 registered, 4 unregistered
[134.847s][info][gc,metaspace] GC(75) Metaspace: 51M used, 51M committed, 1088M reserved
[134.847s][info][gc,ref      ] GC(75) Soft: 3841 encountered, 0 discovered, 0 enqueued
[134.847s][info][gc,ref      ] GC(75) Weak: 4198 encountered, 554 discovered, 31 enqueued
[134.847s][info][gc,ref      ] GC(75) Final: 37 encountered, 0 discovered, 0 enqueued
[134.847s][info][gc,ref      ] GC(75) Phantom: 291 encountered, 246 discovered, 0 enqueued
[134.847s][info][gc,reloc    ] GC(75) Small Pages: 112 / 224M, Empty: 120M, Relocated: 0M, In-Place: 0
[134.847s][info][gc,reloc    ] GC(75) Medium Pages: 0 / 0M, Empty: 0M, Relocated: 0M, In-Place: 0
[134.847s][info][gc,reloc    ] GC(75) Large Pages: 0 / 0M, Empty: 0M, Relocated: 0M, In-Place: 0
[134.847s][info][gc,reloc    ] GC(75) Forwarding Usage: 0M
[134.847s][info][gc,heap     ] GC(75) Min Capacity: 4096M(100%)
[134.847s][info][gc,heap     ] GC(75) Max Capacity: 4096M(100%)
[134.847s][info][gc,heap     ] GC(75) Soft Max Capacity: 4096M(100%)
[134.847s][info][gc,heap     ] GC(75)                Mark Start          Mark End        Relocate Start      Relocate End           High               Low         
[134.847s][info][gc,heap     ] GC(75)  Capacity:     4096M (100%)       4096M (100%)       4096M (100%)       4096M (100%)       4096M (100%)       4096M (100%)   
[134.847s][info][gc,heap     ] GC(75)      Free:     3872M (95%)        3860M (94%)        3980M (97%)        4058M (99%)        4058M (99%)        3860M (94%)    
[134.847s][info][gc,heap     ] GC(75)      Used:      224M (5%)          236M (6%)          116M (3%)           38M (1%)          236M (6%)           38M (1%)     
[134.847s][info][gc,heap     ] GC(75)      Live:         -                20M (0%)           20M (0%)           20M (0%)             -                  -          
[134.847s][info][gc,heap     ] GC(75) Allocated:         -                12M (0%)           12M (0%)           12M (0%)             -                  -          
[134.847s][info][gc,heap     ] GC(75)   Garbage:         -               203M (5%)           83M (2%)            5M (0%)             -                  -          
[134.847s][info][gc,heap     ] GC(75) Reclaimed:         -                  -               120M (3%)          198M (5%)             -                  -          
[134.847s][info][gc          ] GC(75) Garbage Collection (System.gc()) 224M(5%)->38M(1%)
[136.601s][info][gc,start    ] GC(76) Garbage Collection (Proactive)
[136.601s][info][gc,task     ] GC(76) Using 2 workers
[136.601s][info][gc,phases   ] GC(76) Pause Mark Start 0.008ms
[136.620s][info][gc,phases   ] GC(76) Concurrent Mark 18.303ms
[136.620s][info][gc,phases   ] GC(76) Pause Mark End 0.017ms
[136.620s][info][gc,phases   ] GC(76) Concurrent Mark Free 0.000ms
[136.629s][info][gc,phases   ] GC(76) Concurrent Process Non-Strong References 8.854ms
[136.629s][info][gc,phases   ] GC(76) Concurrent Reset Relocation Set 0.003ms
[136.631s][info][gc,phases   ] GC(76) Concurrent Select Relocation Set 2.106ms
[136.631s][info][gc,phases   ] GC(76) Pause Relocate Start 0.011ms
[136.632s][info][gc,phases   ] GC(76) Concurrent Relocate 0.812ms
[136.632s][info][gc,load     ] GC(76) Load: 0.00/0.00/0.00
[136.632s][info][gc,mmu      ] GC(76) MMU: 2ms/98.4%, 5ms/99.4%, 10ms/99.6%, 20ms/99.8%, 50ms/99.9%, 100ms/99.9%
[136.632s][info][gc,marking  ] GC(76) Mark: 2 stripe(s), 2 proactive flush(es), 1 terminate flush(es), 0 completion(s), 0 continuation(s) 
[136.632s][info][gc,marking  ] GC(76) Mark Stack Usage: 32M
[136.632s][info][gc,nmethod  ] GC(76) NMethods: 8937 registered, 13 unregistered
[136.632s][info][gc,metaspace] GC(76) Metaspace: 51M used, 51M committed, 1088M reserved
[136.632s][info][gc,ref      ] GC(76) Soft: 3841 encountered, 0 discovered, 0 enqueued
[136.632s][info][gc,ref      ] GC(76) Weak: 4364 encountered, 1019 discovered, 13 enqueued
[136.632s][info][gc,ref      ] GC(76) Final: 37 encountered, 0 discovered, 0 enqueued
[136.632s][info][gc,ref      ] GC(76) Phantom: 291 encountered, 234 discovered, 0 enqueued
[136.632s][info][gc,reloc    ] GC(76) Small Pages: 967 / 1934M, Empty: 1812M, Relocated: 1M, In-Place: 0
[136.632s][info][gc,reloc    ] GC(76) Medium Pages: 0 / 0M, Empty: 0M, Relocated: 0M, In-Place: 0
[136.632s][info][gc,reloc    ] GC(76) Large Pages: 0 / 0M, Empty: 0M, Relocated: 0M, In-Place: 0
[136.632s][info][gc,reloc    ] GC(76) Forwarding Usage: 0M
[136.632s][info][gc,heap     ] GC(76) Min Capacity: 4096M(100%)
[136.632s][info][gc,heap     ] GC(76) Max Capacity: 4096M(100%)
[136.632s][info][gc,heap     ] GC(76) Soft Max Capacity: 4096M(100%)
[136.632s][info][gc,heap     ] GC(76)                Mark Start          Mark End        Relocate Start      Relocate End           High               Low         
[136.632s][info][gc,heap     ] GC(76)  Capacity:     4096M (100%)       4096M (100%)       4096M (100%)       4096M (100%)       4096M (100%)       4096M (100%)   
[136.632s][info][gc,heap     ] GC(76)      Free:     2162M (53%)        2144M (52%)        3948M (96%)        4044M (99%)        4044M (99%)        2138M (52%)    
[136.632s][info][gc,heap     ] GC(76)      Used:     1934M (47%)        1952M (48%)         148M (4%)           52M (1%)         1958M (48%)          52M (1%)     
[136.632s][info][gc,heap     ] GC(76)      Live:         -                20M (1%)           20M (1%)           20M (1%)             -                  -          
[136.632s][info][gc,heap     ] GC(76) Allocated:         -                18M (0%)           26M (1%)           25M (1%)             -                  -          
[136.632s][info][gc,heap     ] GC(76)   Garbage:         -              1913M (47%)         101M (2%)            5M (0%)             -                  -          
[136.632s][info][gc,heap     ] GC(76) Reclaimed:         -                  -              1812M (44%)        1907M (47%)            -                  -          
[136.632s][info][gc          ] GC(76) Garbage Collection (Proactive) 1934M(47%)->52M(1%)
[138.298s][info][gc,start    ] GC(77) Garbage Collection (Proactive)
[138.298s][info][gc,task     ] GC(77) Using 2 workers
[138.298s][info][gc,phases   ] GC(77) Pause Mark Start 0.008ms
[138.316s][info][gc,phases   ] GC(77) Concurrent Mark 17.919ms
[138.316s][info][gc,phases   ] GC(77) Pause Mark End 0.016ms
[138.316s][info][gc,phases   ] GC(77) Concurrent Mark Free 0.001ms
[138.325s][info][gc,phases   ] GC(77) Concurrent Process Non-Strong References 8.257ms
[138.325s][info][gc,phases   ] GC(77) Concurrent Reset Relocation Set 0.003ms
[138.327s][info][gc,phases   ] GC(77) Concurrent Select Relocation Set 2.082ms
[138.327s][info][gc,phases   ] GC(77) Pause Relocate Start 0.023ms
[138.328s][info][gc,phases   ] GC(77) Concurrent Relocate 0.733ms
[138.328s][info][gc,load     ] GC(77) Load: 0.00/0.00/0.00
[138.328s][info][gc,mmu      ] GC(77) MMU: 2ms/98.4%, 5ms/99.4%, 10ms/99.6%, 20ms/99.8%, 50ms/99.9%, 100ms/99.9%
[138.328s][info][gc,marking  ] GC(77) Mark: 2 stripe(s), 2 proactive flush(es), 1 terminate flush(es), 0 completion(s), 0 continuation(s) 
[138.328s][info][gc,marking  ] GC(77) Mark Stack Usage: 32M
[138.328s][info][gc,nmethod  ] GC(77) NMethods: 8938 registered, 13 unregistered
[138.328s][info][gc,metaspace] GC(77) Metaspace: 51M used, 51M committed, 1088M reserved
[138.328s][info][gc,ref      ] GC(77) Soft: 3841 encountered, 0 discovered, 0 enqueued
[138.328s][info][gc,ref      ] GC(77) Weak: 4327 encountered, 612 discovered, 7 enqueued
[138.328s][info][gc,ref      ] GC(77) Final: 37 encountered, 0 discovered, 0 enqueued
[138.328s][info][gc,ref      ] GC(77) Phantom: 291 encountered, 236 discovered, 0 enqueued
[138.328s][info][gc,reloc    ] GC(77) Small Pages: 938 / 1876M, Empty: 1760M, Relocated: 0M, In-Place: 0
[138.328s][info][gc,reloc    ] GC(77) Medium Pages: 0 / 0M, Empty: 0M, Relocated: 0M, In-Place: 0
[138.328s][info][gc,reloc    ] GC(77) Large Pages: 0 / 0M, Empty: 0M, Relocated: 0M, In-Place: 0
[138.328s][info][gc,reloc    ] GC(77) Forwarding Usage: 0M
[138.328s][info][gc,heap     ] GC(77) Min Capacity: 4096M(100%)
[138.328s][info][gc,heap     ] GC(77) Max Capacity: 4096M(100%)
[138.328s][info][gc,heap     ] GC(77) Soft Max Capacity: 4096M(100%)
[138.328s][info][gc,heap     ] GC(77)                Mark Start          Mark End        Relocate Start      Relocate End           High               Low         
[138.328s][info][gc,heap     ] GC(77)  Capacity:     4096M (100%)       4096M (100%)       4096M (100%)       4096M (100%)       4096M (100%)       4096M (100%)   
[138.328s][info][gc,heap     ] GC(77)      Free:     2220M (54%)        2204M (54%)        3954M (97%)        4044M (99%)        4044M (99%)        2194M (54%)    
[138.328s][info][gc,heap     ] GC(77)      Used:     1876M (46%)        1892M (46%)         142M (3%)           52M (1%)         1902M (46%)          52M (1%)     
[138.328s][info][gc,heap     ] GC(77)      Live:         -                20M (0%)           20M (0%)           20M (0%)             -                  -          
[138.328s][info][gc,heap     ] GC(77) Allocated:         -                16M (0%)           26M (1%)           25M (1%)             -                  -          
[138.328s][info][gc,heap     ] GC(77)   Garbage:         -              1855M (45%)          95M (2%)            5M (0%)             -                  -          
[138.328s][info][gc,heap     ] GC(77) Reclaimed:         -                  -              1760M (43%)        1849M (45%)            -                  -          
[138.328s][info][gc          ] GC(77) Garbage Collection (Proactive) 1876M(46%)->52M(1%)
[138.391s][info][gc,start    ] GC(78) Garbage Collection (System.gc())
[138.391s][info][gc,task     ] GC(78) Using 2 workers
[138.391s][info][gc,phases   ] GC(78) Pause Mark Start 0.005ms
[138.411s][info][gc,phases   ] GC(78) Concurrent Mark 20.300ms
[138.411s][info][gc,phases   ] GC(78) Pause Mark End 0.032ms
[138.412s][info][gc,phases   ] GC(78) Concurrent Mark Free 0.002ms
[138.420s][info][gc,phases   ] GC(78) Concurrent Process Non-Strong References 8.258ms
[138.420s][info][gc,phases   ] GC(78) Concurrent Reset Relocation Set 0.004ms
[138.421s][info][gc,phases   ] GC(78) Concurrent Select Relocation Set 1.547ms
[138.422s][info][gc,phases   ] GC(78) Pause Relocate Start 0.008ms
[138.422s][info][gc,phases   ] GC(78) Concurrent Relocate 0.383ms
[138.422s][info][gc,load     ] GC(78) Load: 0.00/0.00/0.00
[138.422s][info][gc,mmu      ] GC(78) MMU: 2ms/98.4%, 5ms/99.4%, 10ms/99.6%, 20ms/99.8%, 50ms/99.9%, 100ms/99.9%
[138.422s][info][gc,marking  ] GC(78) Mark: 2 stripe(s), 2 proactive flush(es), 1 terminate flush(es), 0 completion(s), 0 continuation(s) 
[138.422s][info][gc,marking  ] GC(78) Mark Stack Usage: 32M
[138.422s][info][gc,nmethod  ] GC(78) NMethods: 8942 registered, 13 unregistered
[138.422s][info][gc,metaspace] GC(78) Metaspace: 51M used, 51M committed, 1088M reserved
[138.422s][info][gc,ref      ] GC(78) Soft: 3841 encountered, 0 discovered, 0 enqueued
[138.422s][info][gc,ref      ] GC(78) Weak: 4201 encountered, 264 discovered, 26 enqueued
[138.422s][info][gc,ref      ] GC(78) Final: 37 encountered, 0 discovered, 0 enqueued
[138.422s][info][gc,ref      ] GC(78) Phantom: 291 encountered, 237 discovered, 0 enqueued
[138.422s][info][gc,reloc    ] GC(78) Small Pages: 50 / 100M, Empty: 22M, Relocated: 0M, In-Place: 0
[138.422s][info][gc,reloc    ] GC(78) Medium Pages: 0 / 0M, Empty: 0M, Relocated: 0M, In-Place: 0
[138.422s][info][gc,reloc    ] GC(78) Large Pages: 0 / 0M, Empty: 0M, Relocated: 0M, In-Place: 0
[138.422s][info][gc,reloc    ] GC(78) Forwarding Usage: 0M
[138.422s][info][gc,heap     ] GC(78) Min Capacity: 4096M(100%)
[138.422s][info][gc,heap     ] GC(78) Max Capacity: 4096M(100%)
[138.422s][info][gc,heap     ] GC(78) Soft Max Capacity: 4096M(100%)
[138.422s][info][gc,heap     ] GC(78)                Mark Start          Mark End        Relocate Start      Relocate End           High               Low         
[138.422s][info][gc,heap     ] GC(78)  Capacity:     4096M (100%)       4096M (100%)       4096M (100%)       4096M (100%)       4096M (100%)       4096M (100%)   
[138.422s][info][gc,heap     ] GC(78)      Free:     3996M (98%)        3980M (97%)        4002M (98%)        4054M (99%)        4054M (99%)        3980M (97%)    
[138.422s][info][gc,heap     ] GC(78)      Used:      100M (2%)          116M (3%)           94M (2%)           42M (1%)          116M (3%)           42M (1%)     
[138.422s][info][gc,heap     ] GC(78)      Live:         -                20M (0%)           20M (0%)           20M (0%)             -                  -          
[138.422s][info][gc,heap     ] GC(78) Allocated:         -                16M (0%)           16M (0%)           16M (0%)             -                  -          
[138.422s][info][gc,heap     ] GC(78)   Garbage:         -                79M (2%)           57M (1%)            5M (0%)             -                  -          
[138.422s][info][gc,heap     ] GC(78) Reclaimed:         -                  -                22M (1%)           74M (2%)             -                  -          
[138.422s][info][gc          ] GC(78) Garbage Collection (System.gc()) 100M(2%)->42M(1%)
[140.101s][info][gc,start    ] GC(79) Garbage Collection (Proactive)
[140.101s][info][gc,task     ] GC(79) Using 2 workers
[140.101s][info][gc,phases   ] GC(79) Pause Mark Start 0.006ms
[140.121s][info][gc,phases   ] GC(79) Concurrent Mark 19.447ms
[140.121s][info][gc,phases   ] GC(79) Pause Mark End 0.020ms
[140.121s][info][gc,phases   ] GC(79) Concurrent Mark Free 0.001ms
[140.130s][info][gc,phases   ] GC(79) Concurrent Process Non-Strong References 8.673ms
[140.130s][info][gc,phases   ] GC(79) Concurrent Reset Relocation Set 0.003ms
[140.132s][info][gc,phases   ] GC(79) Concurrent Select Relocation Set 2.066ms
[140.132s][info][gc,phases   ] GC(79) Pause Relocate Start 0.010ms
[140.133s][info][gc,phases   ] GC(79) Concurrent Relocate 0.849ms
[140.133s][info][gc,load     ] GC(79) Load: 0.00/0.00/0.00
[140.133s][info][gc,mmu      ] GC(79) MMU: 2ms/98.4%, 5ms/99.4%, 10ms/99.6%, 20ms/99.8%, 50ms/99.9%, 100ms/99.9%
[140.133s][info][gc,marking  ] GC(79) Mark: 2 stripe(s), 2 proactive flush(es), 1 terminate flush(es), 0 completion(s), 0 continuation(s) 
[140.133s][info][gc,marking  ] GC(79) Mark Stack Usage: 32M
[140.133s][info][gc,nmethod  ] GC(79) NMethods: 8947 registered, 16 unregistered
[140.133s][info][gc,metaspace] GC(79) Metaspace: 51M used, 51M committed, 1088M reserved
[140.133s][info][gc,ref      ] GC(79) Soft: 3841 encountered, 0 discovered, 0 enqueued
[140.133s][info][gc,ref      ] GC(79) Weak: 4364 encountered, 540 discovered, 13 enqueued
[140.133s][info][gc,ref      ] GC(79) Final: 37 encountered, 0 discovered, 0 enqueued
[140.133s][info][gc,ref      ] GC(79) Phantom: 291 encountered, 234 discovered, 0 enqueued
[140.133s][info][gc,reloc    ] GC(79) Small Pages: 919 / 1838M, Empty: 1708M, Relocated: 1M, In-Place: 0
[140.133s][info][gc,reloc    ] GC(79) Medium Pages: 0 / 0M, Empty: 0M, Relocated: 0M, In-Place: 0
[140.133s][info][gc,reloc    ] GC(79) Large Pages: 0 / 0M, Empty: 0M, Relocated: 0M, In-Place: 0
[140.133s][info][gc,reloc    ] GC(79) Forwarding Usage: 0M
[140.133s][info][gc,heap     ] GC(79) Min Capacity: 4096M(100%)
[140.133s][info][gc,heap     ] GC(79) Max Capacity: 4096M(100%)
[140.133s][info][gc,heap     ] GC(79) Soft Max Capacity: 4096M(100%)
[140.133s][info][gc,heap     ] GC(79)                Mark Start          Mark End        Relocate Start      Relocate End           High               Low         
[140.133s][info][gc,heap     ] GC(79)  Capacity:     4096M (100%)       4096M (100%)       4096M (100%)       4096M (100%)       4096M (100%)       4096M (100%)   
[140.133s][info][gc,heap     ] GC(79)      Free:     2258M (55%)        2238M (55%)        3938M (96%)        4042M (99%)        4042M (99%)        2232M (54%)    
[140.133s][info][gc,heap     ] GC(79)      Used:     1838M (45%)        1858M (45%)         158M (4%)           54M (1%)         1864M (46%)          54M (1%)     
[140.133s][info][gc,heap     ] GC(79)      Live:         -                20M (1%)           20M (1%)           20M (1%)             -                  -          
[140.133s][info][gc,heap     ] GC(79) Allocated:         -                20M (0%)           28M (1%)           27M (1%)             -                  -          
[140.133s][info][gc,heap     ] GC(79)   Garbage:         -              1817M (44%)         109M (3%)            5M (0%)             -                  -          
[140.133s][info][gc,heap     ] GC(79) Reclaimed:         -                  -              1708M (42%)        1811M (44%)            -                  -          
[140.133s][info][gc          ] GC(79) Garbage Collection (Proactive) 1838M(45%)->54M(1%)
[140.198s][info][gc,stats    ] === Garbage Collection Statistics =======================================================================================================================
[140.198s][info][gc,stats    ]                                                              Last 10s              Last 10m              Last 10h                Total
[140.198s][info][gc,stats    ]                                                              Avg / Max             Avg / Max             Avg / Max             Avg / Max
[140.198s][info][gc,stats    ]   Collector: Garbage Collection Cycle                     30.456 / 31.779       32.659 / 62.948       32.659 / 62.948       32.659 / 62.948      ms
[140.198s][info][gc,stats    ]  Contention: Mark Segment Reset Contention                     0 / 2                 0 / 2                 0 / 2                 0 / 2           ops/s
[140.198s][info][gc,stats    ]  Contention: Mark SeqNum Reset Contention                      0 / 2                 0 / 2                 0 / 2                 0 / 2           ops/s
[140.198s][info][gc,stats    ]    Critical: Allocation Stall                                  0 / 0                 0 / 0                 0 / 0                 0 / 0           ops/s
[140.198s][info][gc,stats    ]    Critical: Allocation Stall                              0.000 / 0.000         0.000 / 0.000         0.000 / 0.000         0.000 / 0.000       ms
[140.198s][info][gc,stats    ]    Critical: GC Locker Stall                                   0 / 0                 0 / 0                 0 / 0                 0 / 0           ops/s
[140.198s][info][gc,stats    ]    Critical: GC Locker Stall                               0.000 / 0.000         0.000 / 0.000         0.000 / 0.000         0.000 / 0.000       ms
[140.198s][info][gc,stats    ]    Critical: Relocation Stall                                  0 / 0                 0 / 0                 0 / 0                 0 / 0           ops/s
[140.198s][info][gc,stats    ]    Critical: Relocation Stall                              0.000 / 0.000         0.000 / 0.000         0.000 / 0.000         0.000 / 0.000       ms
[140.198s][info][gc,stats    ]      Memory: Allocation Rate                                1058 / 1096            973 / 1120            973 / 1120            973 / 1120        MB/s
[140.198s][info][gc,stats    ]      Memory: Defragment                                        0 / 0                 0 / 0                 0 / 0                 0 / 0           ops/s
[140.198s][info][gc,stats    ]      Memory: Out Of Memory                                     0 / 0                 0 / 0                 0 / 0                 0 / 0           ops/s
[140.198s][info][gc,stats    ]      Memory: Page Cache Flush                                  0 / 0                 0 / 0                 0 / 0                 0 / 0           MB/s
[140.198s][info][gc,stats    ]      Memory: Page Cache Hit L1                               530 / 548             476 / 560             476 / 560             476 / 560         ops/s
[140.198s][info][gc,stats    ]      Memory: Page Cache Hit L2                                 0 / 0                 0 / 0                 0 / 0                 0 / 0           ops/s
[140.198s][info][gc,stats    ]      Memory: Page Cache Hit L3                                 0 / 0                11 / 295              11 / 295              11 / 295         ops/s
[140.198s][info][gc,stats    ]      Memory: Page Cache Miss                                   0 / 0                 0 / 1                 0 / 1                 0 / 1           ops/s
[140.198s][info][gc,stats    ]      Memory: Uncommit                                          0 / 0                 0 / 0                 0 / 0                 0 / 0           MB/s
[140.198s][info][gc,stats    ]      Memory: Undo Object Allocation Failed                     0 / 0                 0 / 1                 0 / 1                 0 / 1           ops/s
[140.198s][info][gc,stats    ]      Memory: Undo Object Allocation Succeeded                  2 / 11                2 / 42                2 / 42                2 / 42          ops/s
[140.198s][info][gc,stats    ]      Memory: Undo Page Allocation                              1 / 2                 1 / 8                 1 / 8                 1 / 8           ops/s
[140.198s][info][gc,stats    ]       Phase: Concurrent Mark                              18.940 / 20.648       21.487 / 33.521       21.487 / 33.521       21.487 / 33.521      ms
[140.198s][info][gc,stats    ]       Phase: Concurrent Mark Continue                      0.000 / 0.000         0.000 / 0.000         0.000 / 0.000         0.000 / 0.000       ms
[140.198s][info][gc,stats    ]       Phase: Concurrent Mark Free                          0.001 / 0.003         0.001 / 0.003         0.001 / 0.003         0.001 / 0.003       ms
[140.198s][info][gc,stats    ]       Phase: Concurrent Process Non-Strong References      8.202 / 8.854         7.390 / 21.700        7.390 / 21.700        7.390 / 21.700      ms
[140.198s][info][gc,stats    ]       Phase: Concurrent Relocate                           0.669 / 0.871         0.806 / 5.848         0.806 / 5.848         0.806 / 5.848       ms
[140.198s][info][gc,stats    ]       Phase: Concurrent Reset Relocation Set               0.003 / 0.004         0.004 / 0.010         0.004 / 0.010         0.004 / 0.010       ms
[140.198s][info][gc,stats    ]       Phase: Concurrent Select Relocation Set              1.878 / 2.106         2.071 / 5.959         2.071 / 5.959         2.071 / 5.959       ms
[140.198s][info][gc,stats    ]       Phase: Pause Mark End                                0.021 / 0.032         0.019 / 0.032         0.019 / 0.032         0.019 / 0.032       ms
[140.198s][info][gc,stats    ]       Phase: Pause Mark Start                              0.007 / 0.008         0.008 / 0.022         0.008 / 0.022         0.008 / 0.022       ms
[140.198s][info][gc,stats    ]       Phase: Pause Relocate Start                          0.011 / 0.023         0.009 / 0.023         0.009 / 0.023         0.009 / 0.023       ms
[140.198s][info][gc,stats    ]    Subphase: Concurrent Classes Purge                      0.027 / 0.053         0.115 / 1.921         0.115 / 1.921         0.115 / 1.921       ms
[140.198s][info][gc,stats    ]    Subphase: Concurrent Classes Unlink                     7.431 / 8.156         6.514 / 15.207        6.514 / 15.207        6.514 / 15.207      ms
[140.198s][info][gc,stats    ]    Subphase: Concurrent Mark                              16.328 / 18.844       17.520 / 31.441       17.520 / 31.441       17.520 / 31.441      ms
[140.198s][info][gc,stats    ]    Subphase: Concurrent Mark Try Flush                     0.075 / 0.159         0.079 / 0.430         0.079 / 0.430         0.079 / 0.430       ms
[140.198s][info][gc,stats    ]    Subphase: Concurrent Mark Try Terminate                 0.861 / 4.924         1.610 / 15.936        1.610 / 15.936        1.610 / 15.936      ms
[140.198s][info][gc,stats    ]    Subphase: Concurrent References Enqueue                 0.006 / 0.007         0.005 / 0.010         0.005 / 0.010         0.005 / 0.010       ms
[140.198s][info][gc,stats    ]    Subphase: Concurrent References Process                 0.120 / 0.178         0.135 / 0.844         0.135 / 0.844         0.135 / 0.844       ms
[140.198s][info][gc,stats    ]    Subphase: Concurrent Roots ClassLoaderDataGraph         0.073 / 0.131         0.078 / 0.281         0.078 / 0.281         0.078 / 0.281       ms
[140.198s][info][gc,stats    ]    Subphase: Concurrent Roots CodeCache                    0.000 / 0.000         0.000 / 0.000         0.000 / 0.000         0.000 / 0.000       ms
[140.198s][info][gc,stats    ]    Subphase: Concurrent Roots JavaThreads                  1.416 / 1.778         1.604 / 4.045         1.604 / 4.045         1.604 / 4.045       ms
[140.198s][info][gc,stats    ]    Subphase: Concurrent Roots OopStorageSet                0.023 / 0.032         0.026 / 0.106         0.026 / 0.106         0.026 / 0.106       ms
[140.198s][info][gc,stats    ]    Subphase: Concurrent Weak Roots OopStorageSet           0.418 / 0.741         0.410 / 1.078         0.410 / 1.078         0.410 / 1.078       ms
[140.198s][info][gc,stats    ]    Subphase: Pause Mark Try Complete                       0.000 / 0.000         0.000 / 0.000         0.000 / 0.000         0.000 / 0.000       ms
[140.198s][info][gc,stats    ]      System: Java Threads                                     61 / 63               57 / 64               57 / 64               57 / 64          threads
[140.198s][info][gc,stats    ] =========================================================================================================================================================
[141.801s][info][gc,start    ] GC(80) Garbage Collection (Proactive)
[141.801s][info][gc,task     ] GC(80) Using 2 workers
[141.802s][info][gc,phases   ] GC(80) Pause Mark Start 0.010ms
[141.821s][info][gc,phases   ] GC(80) Concurrent Mark 19.180ms
[141.821s][info][gc,phases   ] GC(80) Pause Mark End 0.018ms
[141.821s][info][gc,phases   ] GC(80) Concurrent Mark Free 0.001ms
[141.830s][info][gc,phases   ] GC(80) Concurrent Process Non-Strong References 8.647ms
[141.830s][info][gc,phases   ] GC(80) Concurrent Reset Relocation Set 0.004ms
[141.832s][info][gc,phases   ] GC(80) Concurrent Select Relocation Set 2.100ms
[141.832s][info][gc,phases   ] GC(80) Pause Relocate Start 0.010ms
[141.833s][info][gc,phases   ] GC(80) Concurrent Relocate 0.728ms
[141.833s][info][gc,load     ] GC(80) Load: 0.00/0.00/0.00
[141.833s][info][gc,mmu      ] GC(80) MMU: 2ms/98.4%, 5ms/99.4%, 10ms/99.6%, 20ms/99.8%, 50ms/99.9%, 100ms/99.9%
[141.833s][info][gc,marking  ] GC(80) Mark: 2 stripe(s), 2 proactive flush(es), 1 terminate flush(es), 0 completion(s), 0 continuation(s) 
[141.833s][info][gc,marking  ] GC(80) Mark Stack Usage: 32M
[141.833s][info][gc,nmethod  ] GC(80) NMethods: 8947 registered, 16 unregistered
[141.833s][info][gc,metaspace] GC(80) Metaspace: 51M used, 51M committed, 1088M reserved
[141.833s][info][gc,ref      ] GC(80) Soft: 3841 encountered, 0 discovered, 0 enqueued
[141.833s][info][gc,ref      ] GC(80) Weak: 4351 encountered, 967 discovered, 0 enqueued
[141.833s][info][gc,ref      ] GC(80) Final: 37 encountered, 0 discovered, 0 enqueued
[141.833s][info][gc,ref      ] GC(80) Phantom: 291 encountered, 234 discovered, 0 enqueued
[141.833s][info][gc,reloc    ] GC(80) Small Pages: 941 / 1882M, Empty: 1766M, Relocated: 1M, In-Place: 0
[141.833s][info][gc,reloc    ] GC(80) Medium Pages: 0 / 0M, Empty: 0M, Relocated: 0M, In-Place: 0
[141.833s][info][gc,reloc    ] GC(80) Large Pages: 0 / 0M, Empty: 0M, Relocated: 0M, In-Place: 0
[141.833s][info][gc,reloc    ] GC(80) Forwarding Usage: 0M
[141.833s][info][gc,heap     ] GC(80) Min Capacity: 4096M(100%)
[141.833s][info][gc,heap     ] GC(80) Max Capacity: 4096M(100%)
[141.833s][info][gc,heap     ] GC(80) Soft Max Capacity: 4096M(100%)
[141.833s][info][gc,heap     ] GC(80)                Mark Start          Mark End        Relocate Start      Relocate End           High               Low         
[141.833s][info][gc,heap     ] GC(80)  Capacity:     4096M (100%)       4096M (100%)       4096M (100%)       4096M (100%)       4096M (100%)       4096M (100%)   
[141.833s][info][gc,heap     ] GC(80)      Free:     2214M (54%)        2192M (54%)        3954M (97%)        4044M (99%)        4044M (99%)        2188M (53%)    
[141.833s][info][gc,heap     ] GC(80)      Used:     1882M (46%)        1904M (46%)         142M (3%)           52M (1%)         1908M (47%)          52M (1%)     
[141.833s][info][gc,heap     ] GC(80)      Live:         -                20M (1%)           20M (1%)           20M (1%)             -                  -          
[141.833s][info][gc,heap     ] GC(80) Allocated:         -                22M (1%)           26M (1%)           25M (1%)             -                  -          
[141.833s][info][gc,heap     ] GC(80)   Garbage:         -              1861M (45%)          95M (2%)            5M (0%)             -                  -          
[141.833s][info][gc,heap     ] GC(80) Reclaimed:         -                  -              1766M (43%)        1855M (45%)            -                  -          
[141.833s][info][gc          ] GC(80) Garbage Collection (Proactive) 1882M(46%)->52M(1%)
[141.985s][info][gc,start    ] GC(81) Garbage Collection (System.gc())
[141.985s][info][gc,task     ] GC(81) Using 2 workers
[141.985s][info][gc,phases   ] GC(81) Pause Mark Start 0.006ms
[142.006s][info][gc,phases   ] GC(81) Concurrent Mark 20.474ms
[142.006s][info][gc,phases   ] GC(81) Pause Mark End 0.020ms
[142.006s][info][gc,phases   ] GC(81) Concurrent Mark Free 0.002ms
[142.014s][info][gc,phases   ] GC(81) Concurrent Process Non-Strong References 8.060ms
[142.014s][info][gc,phases   ] GC(81) Concurrent Reset Relocation Set 0.004ms
[142.016s][info][gc,phases   ] GC(81) Concurrent Select Relocation Set 1.775ms
[142.016s][info][gc,phases   ] GC(81) Pause Relocate Start 0.010ms
[142.017s][info][gc,phases   ] GC(81) Concurrent Relocate 0.410ms
[142.017s][info][gc,load     ] GC(81) Load: 0.00/0.00/0.00
[142.017s][info][gc,mmu      ] GC(81) MMU: 2ms/98.4%, 5ms/99.4%, 10ms/99.6%, 20ms/99.8%, 50ms/99.9%, 100ms/99.9%
[142.017s][info][gc,marking  ] GC(81) Mark: 2 stripe(s), 2 proactive flush(es), 1 terminate flush(es), 0 completion(s), 0 continuation(s) 
[142.017s][info][gc,marking  ] GC(81) Mark Stack Usage: 32M
[142.017s][info][gc,nmethod  ] GC(81) NMethods: 8958 registered, 16 unregistered
[142.017s][info][gc,metaspace] GC(81) Metaspace: 51M used, 51M committed, 1088M reserved
[142.017s][info][gc,ref      ] GC(81) Soft: 3841 encountered, 0 discovered, 0 enqueued
[142.017s][info][gc,ref      ] GC(81) Weak: 4198 encountered, 800 discovered, 31 enqueued
[142.017s][info][gc,ref      ] GC(81) Final: 37 encountered, 4 discovered, 0 enqueued
[142.017s][info][gc,ref      ] GC(81) Phantom: 291 encountered, 236 discovered, 0 enqueued
[142.017s][info][gc,reloc    ] GC(81) Small Pages: 95 / 190M, Empty: 80M, Relocated: 0M, In-Place: 0
[142.017s][info][gc,reloc    ] GC(81) Medium Pages: 0 / 0M, Empty: 0M, Relocated: 0M, In-Place: 0
[142.017s][info][gc,reloc    ] GC(81) Large Pages: 0 / 0M, Empty: 0M, Relocated: 0M, In-Place: 0
[142.017s][info][gc,reloc    ] GC(81) Forwarding Usage: 0M
[142.017s][info][gc,heap     ] GC(81) Min Capacity: 4096M(100%)
[142.017s][info][gc,heap     ] GC(81) Max Capacity: 4096M(100%)
[142.017s][info][gc,heap     ] GC(81) Soft Max Capacity: 4096M(100%)
[142.017s][info][gc,heap     ] GC(81)                Mark Start          Mark End        Relocate Start      Relocate End           High               Low         
[142.017s][info][gc,heap     ] GC(81)  Capacity:     4096M (100%)       4096M (100%)       4096M (100%)       4096M (100%)       4096M (100%)       4096M (100%)   
[142.017s][info][gc,heap     ] GC(81)      Free:     3906M (95%)        3892M (95%)        3972M (97%)        4056M (99%)        4056M (99%)        3892M (95%)    
[142.017s][info][gc,heap     ] GC(81)      Used:      190M (5%)          204M (5%)          124M (3%)           40M (1%)          204M (5%)           40M (1%)     
[142.017s][info][gc,heap     ] GC(81)      Live:         -                20M (0%)           20M (0%)           20M (0%)             -                  -          
[142.017s][info][gc,heap     ] GC(81) Allocated:         -                14M (0%)           14M (0%)           14M (0%)             -                  -          
[142.017s][info][gc,heap     ] GC(81)   Garbage:         -               169M (4%)           89M (2%)            5M (0%)             -                  -          
[142.017s][info][gc,heap     ] GC(81) Reclaimed:         -                  -                80M (2%)          164M (4%)             -                  -          
[142.017s][info][gc          ] GC(81) Garbage Collection (System.gc()) 190M(5%)->40M(1%)
[143.701s][info][gc,start    ] GC(82) Garbage Collection (Proactive)
[143.701s][info][gc,task     ] GC(82) Using 2 workers
[143.702s][info][gc,phases   ] GC(82) Pause Mark Start 0.017ms
[143.719s][info][gc,phases   ] GC(82) Concurrent Mark 17.027ms
[143.719s][info][gc,phases   ] GC(82) Pause Mark End 0.013ms
[143.719s][info][gc,phases   ] GC(82) Concurrent Mark Free 0.001ms
[143.728s][info][gc,phases   ] GC(82) Concurrent Process Non-Strong References 8.704ms
[143.728s][info][gc,phases   ] GC(82) Concurrent Reset Relocation Set 0.003ms
[143.730s][info][gc,phases   ] GC(82) Concurrent Select Relocation Set 2.073ms
[143.730s][info][gc,phases   ] GC(82) Pause Relocate Start 0.007ms
[143.731s][info][gc,phases   ] GC(82) Concurrent Relocate 0.866ms
[143.731s][info][gc,load     ] GC(82) Load: 0.00/0.00/0.00
[143.731s][info][gc,mmu      ] GC(82) MMU: 2ms/98.4%, 5ms/99.4%, 10ms/99.6%, 20ms/99.8%, 50ms/99.9%, 100ms/99.9%
[143.731s][info][gc,marking  ] GC(82) Mark: 2 stripe(s), 2 proactive flush(es), 1 terminate flush(es), 0 completion(s), 0 continuation(s) 
[143.731s][info][gc,marking  ] GC(82) Mark Stack Usage: 32M
[143.731s][info][gc,nmethod  ] GC(82) NMethods: 8973 registered, 21 unregistered
[143.731s][info][gc,metaspace] GC(82) Metaspace: 51M used, 51M committed, 1088M reserved
[143.731s][info][gc,ref      ] GC(82) Soft: 3841 encountered, 0 discovered, 0 enqueued
[143.731s][info][gc,ref      ] GC(82) Weak: 4364 encountered, 601 discovered, 13 enqueued
[143.731s][info][gc,ref      ] GC(82) Final: 37 encountered, 0 discovered, 0 enqueued
[143.731s][info][gc,ref      ] GC(82) Phantom: 291 encountered, 227 discovered, 0 enqueued
[143.731s][info][gc,reloc    ] GC(82) Small Pages: 938 / 1876M, Empty: 1754M, Relocated: 1M, In-Place: 0
[143.731s][info][gc,reloc    ] GC(82) Medium Pages: 0 / 0M, Empty: 0M, Relocated: 0M, In-Place: 0
[143.731s][info][gc,reloc    ] GC(82) Large Pages: 0 / 0M, Empty: 0M, Relocated: 0M, In-Place: 0
[143.731s][info][gc,reloc    ] GC(82) Forwarding Usage: 0M
[143.731s][info][gc,heap     ] GC(82) Min Capacity: 4096M(100%)
[143.731s][info][gc,heap     ] GC(82) Max Capacity: 4096M(100%)
[143.731s][info][gc,heap     ] GC(82) Soft Max Capacity: 4096M(100%)
[143.731s][info][gc,heap     ] GC(82)                Mark Start          Mark End        Relocate Start      Relocate End           High               Low         
[143.731s][info][gc,heap     ] GC(82)  Capacity:     4096M (100%)       4096M (100%)       4096M (100%)       4096M (100%)       4096M (100%)       4096M (100%)   
[143.731s][info][gc,heap     ] GC(82)      Free:     2220M (54%)        2200M (54%)        3948M (96%)        4042M (99%)        4042M (99%)        2196M (54%)    
[143.731s][info][gc,heap     ] GC(82)      Used:     1876M (46%)        1896M (46%)         148M (4%)           54M (1%)         1900M (46%)          54M (1%)     
[143.731s][info][gc,heap     ] GC(82)      Live:         -                20M (1%)           20M (1%)           20M (1%)             -                  -          
[143.731s][info][gc,heap     ] GC(82) Allocated:         -                20M (0%)           26M (1%)           27M (1%)             -                  -          
[143.731s][info][gc,heap     ] GC(82)   Garbage:         -              1855M (45%)         101M (2%)            5M (0%)             -                  -          
[143.731s][info][gc,heap     ] GC(82) Reclaimed:         -                  -              1754M (43%)        1849M (45%)            -                  -          
[143.731s][info][gc          ] GC(82) Garbage Collection (Proactive) 1876M(46%)->54M(1%)
[145.398s][info][gc,start    ] GC(83) Garbage Collection (Proactive)
[145.398s][info][gc,task     ] GC(83) Using 2 workers
[145.398s][info][gc,phases   ] GC(83) Pause Mark Start 0.009ms
[145.416s][info][gc,phases   ] GC(83) Concurrent Mark 18.373ms
[145.416s][info][gc,phases   ] GC(83) Pause Mark End 0.017ms
[145.417s][info][gc,phases   ] GC(83) Concurrent Mark Free 0.001ms
[145.425s][info][gc,phases   ] GC(83) Concurrent Process Non-Strong References 8.247ms
[145.425s][info][gc,phases   ] GC(83) Concurrent Reset Relocation Set 0.004ms
[145.428s][info][gc,phases   ] GC(83) Concurrent Select Relocation Set 3.111ms
[145.428s][info][gc,phases   ] GC(83) Pause Relocate Start 0.009ms
[145.429s][info][gc,phases   ] GC(83) Concurrent Relocate 0.671ms
[145.429s][info][gc,load     ] GC(83) Load: 0.00/0.00/0.00
[145.429s][info][gc,mmu      ] GC(83) MMU: 2ms/98.4%, 5ms/99.4%, 10ms/99.6%, 20ms/99.8%, 50ms/99.9%, 100ms/99.9%
[145.429s][info][gc,marking  ] GC(83) Mark: 2 stripe(s), 2 proactive flush(es), 1 terminate flush(es), 0 completion(s), 0 continuation(s) 
[145.429s][info][gc,marking  ] GC(83) Mark Stack Usage: 32M
[145.429s][info][gc,nmethod  ] GC(83) NMethods: 8973 registered, 21 unregistered
[145.429s][info][gc,metaspace] GC(83) Metaspace: 51M used, 51M committed, 1088M reserved
[145.429s][info][gc,ref      ] GC(83) Soft: 3841 encountered, 0 discovered, 0 enqueued
[145.429s][info][gc,ref      ] GC(83) Weak: 4351 encountered, 949 discovered, 0 enqueued
[145.429s][info][gc,ref      ] GC(83) Final: 37 encountered, 0 discovered, 0 enqueued
[145.429s][info][gc,ref      ] GC(83) Phantom: 291 encountered, 236 discovered, 0 enqueued
[145.429s][info][gc,reloc    ] GC(83) Small Pages: 945 / 1890M, Empty: 1788M, Relocated: 1M, In-Place: 0
[145.429s][info][gc,reloc    ] GC(83) Medium Pages: 0 / 0M, Empty: 0M, Relocated: 0M, In-Place: 0
[145.429s][info][gc,reloc    ] GC(83) Large Pages: 0 / 0M, Empty: 0M, Relocated: 0M, In-Place: 0
[145.429s][info][gc,reloc    ] GC(83) Forwarding Usage: 0M
[145.429s][info][gc,heap     ] GC(83) Min Capacity: 4096M(100%)
[145.429s][info][gc,heap     ] GC(83) Max Capacity: 4096M(100%)
[145.429s][info][gc,heap     ] GC(83) Soft Max Capacity: 4096M(100%)
[145.429s][info][gc,heap     ] GC(83)                Mark Start          Mark End        Relocate Start      Relocate End           High               Low         
[145.429s][info][gc,heap     ] GC(83)  Capacity:     4096M (100%)       4096M (100%)       4096M (100%)       4096M (100%)       4096M (100%)       4096M (100%)   
[145.429s][info][gc,heap     ] GC(83)      Free:     2206M (54%)        2186M (53%)        3966M (97%)        4040M (99%)        4040M (99%)        2180M (53%)    
[145.429s][info][gc,heap     ] GC(83)      Used:     1890M (46%)        1910M (47%)         130M (3%)           56M (1%)         1916M (47%)          56M (1%)     
[145.429s][info][gc,heap     ] GC(83)      Live:         -                20M (1%)           20M (1%)           20M (1%)             -                  -          
[145.429s][info][gc,heap     ] GC(83) Allocated:         -                20M (0%)           28M (1%)           29M (1%)             -                  -          
[145.429s][info][gc,heap     ] GC(83)   Garbage:         -              1869M (46%)          81M (2%)            5M (0%)             -                  -          
[145.429s][info][gc,heap     ] GC(83) Reclaimed:         -                  -              1788M (44%)        1863M (46%)            -                  -          
[145.429s][info][gc          ] GC(83) Garbage Collection (Proactive) 1890M(46%)->56M(1%)
[145.533s][info][gc,start    ] GC(84) Garbage Collection (System.gc())
[145.533s][info][gc,task     ] GC(84) Using 2 workers
[145.533s][info][gc,phases   ] GC(84) Pause Mark Start 0.007ms
[145.555s][info][gc,phases   ] GC(84) Concurrent Mark 21.827ms
[145.555s][info][gc,phases   ] GC(84) Pause Mark End 0.023ms
[145.555s][info][gc,phases   ] GC(84) Concurrent Mark Free 0.003ms
[145.563s][info][gc,phases   ] GC(84) Concurrent Process Non-Strong References 7.465ms
[145.563s][info][gc,phases   ] GC(84) Concurrent Reset Relocation Set 0.003ms
[145.564s][info][gc,phases   ] GC(84) Concurrent Select Relocation Set 1.791ms
[145.565s][info][gc,phases   ] GC(84) Pause Relocate Start 0.009ms
[145.565s][info][gc,phases   ] GC(84) Concurrent Relocate 0.439ms
[145.565s][info][gc,load     ] GC(84) Load: 0.00/0.00/0.00
[145.565s][info][gc,mmu      ] GC(84) MMU: 2ms/98.4%, 5ms/99.4%, 10ms/99.6%, 20ms/99.8%, 50ms/99.9%, 100ms/99.9%
[145.565s][info][gc,marking  ] GC(84) Mark: 2 stripe(s), 2 proactive flush(es), 1 terminate flush(es), 0 completion(s), 0 continuation(s) 
[145.565s][info][gc,marking  ] GC(84) Mark Stack Usage: 32M
[145.565s][info][gc,nmethod  ] GC(84) NMethods: 8987 registered, 23 unregistered
[145.565s][info][gc,metaspace] GC(84) Metaspace: 51M used, 51M committed, 1088M reserved
[145.565s][info][gc,ref      ] GC(84) Soft: 3841 encountered, 0 discovered, 0 enqueued
[145.565s][info][gc,ref      ] GC(84) Weak: 4198 encountered, 781 discovered, 31 enqueued
[145.565s][info][gc,ref      ] GC(84) Final: 37 encountered, 1 discovered, 0 enqueued
[145.565s][info][gc,ref      ] GC(84) Phantom: 291 encountered, 236 discovered, 0 enqueued
[145.565s][info][gc,reloc    ] GC(84) Small Pages: 72 / 144M, Empty: 44M, Relocated: 0M, In-Place: 0
[145.565s][info][gc,reloc    ] GC(84) Medium Pages: 0 / 0M, Empty: 0M, Relocated: 0M, In-Place: 0
[145.565s][info][gc,reloc    ] GC(84) Large Pages: 0 / 0M, Empty: 0M, Relocated: 0M, In-Place: 0
[145.565s][info][gc,reloc    ] GC(84) Forwarding Usage: 0M
[145.565s][info][gc,heap     ] GC(84) Min Capacity: 4096M(100%)
[145.565s][info][gc,heap     ] GC(84) Max Capacity: 4096M(100%)
[145.565s][info][gc,heap     ] GC(84) Soft Max Capacity: 4096M(100%)
[145.565s][info][gc,heap     ] GC(84)                Mark Start          Mark End        Relocate Start      Relocate End           High               Low         
[145.565s][info][gc,heap     ] GC(84)  Capacity:     4096M (100%)       4096M (100%)       4096M (100%)       4096M (100%)       4096M (100%)       4096M (100%)   
[145.565s][info][gc,heap     ] GC(84)      Free:     3952M (96%)        3936M (96%)        3980M (97%)        4054M (99%)        4054M (99%)        3936M (96%)    
[145.565s][info][gc,heap     ] GC(84)      Used:      144M (4%)          160M (4%)          116M (3%)           42M (1%)          160M (4%)           42M (1%)     
[145.565s][info][gc,heap     ] GC(84)      Live:         -                20M (0%)           20M (0%)           20M (0%)             -                  -          
[145.565s][info][gc,heap     ] GC(84) Allocated:         -                16M (0%)           16M (0%)           16M (0%)             -                  -          
[145.565s][info][gc,heap     ] GC(84)   Garbage:         -               123M (3%)           79M (2%)            5M (0%)             -                  -          
[145.565s][info][gc,heap     ] GC(84) Reclaimed:         -                  -                44M (1%)          118M (3%)             -                  -          
[145.565s][info][gc          ] GC(84) Garbage Collection (System.gc()) 144M(4%)->42M(1%)
[147.397s][info][gc,start    ] GC(85) Garbage Collection (Proactive)
[147.397s][info][gc,task     ] GC(85) Using 2 workers
[147.398s][info][gc,phases   ] GC(85) Pause Mark Start 0.009ms
[147.417s][info][gc,phases   ] GC(85) Concurrent Mark 19.142ms
[147.417s][info][gc,phases   ] GC(85) Pause Mark End 0.017ms
[147.417s][info][gc,phases   ] GC(85) Concurrent Mark Free 0.001ms
[147.426s][info][gc,phases   ] GC(85) Concurrent Process Non-Strong References 8.579ms
[147.426s][info][gc,phases   ] GC(85) Concurrent Reset Relocation Set 0.004ms
[147.428s][info][gc,phases   ] GC(85) Concurrent Select Relocation Set 2.079ms
[147.428s][info][gc,phases   ] GC(85) Pause Relocate Start 0.010ms
[147.429s][info][gc,phases   ] GC(85) Concurrent Relocate 0.834ms
[147.429s][info][gc,load     ] GC(85) Load: 0.00/0.00/0.00
[147.429s][info][gc,mmu      ] GC(85) MMU: 2ms/98.4%, 5ms/99.4%, 10ms/99.6%, 20ms/99.8%, 50ms/99.9%, 100ms/99.9%
[147.429s][info][gc,marking  ] GC(85) Mark: 2 stripe(s), 2 proactive flush(es), 1 terminate flush(es), 0 completion(s), 0 continuation(s) 
[147.429s][info][gc,marking  ] GC(85) Mark Stack Usage: 32M
[147.429s][info][gc,nmethod  ] GC(85) NMethods: 8998 registered, 28 unregistered
[147.429s][info][gc,metaspace] GC(85) Metaspace: 51M used, 51M committed, 1088M reserved
[147.429s][info][gc,ref      ] GC(85) Soft: 3841 encountered, 0 discovered, 0 enqueued
[147.429s][info][gc,ref      ] GC(85) Weak: 4364 encountered, 922 discovered, 13 enqueued
[147.429s][info][gc,ref      ] GC(85) Final: 37 encountered, 0 discovered, 0 enqueued
[147.429s][info][gc,ref      ] GC(85) Phantom: 291 encountered, 235 discovered, 0 enqueued
[147.429s][info][gc,reloc    ] GC(85) Small Pages: 1005 / 2010M, Empty: 1904M, Relocated: 1M, In-Place: 0
[147.429s][info][gc,reloc    ] GC(85) Medium Pages: 0 / 0M, Empty: 0M, Relocated: 0M, In-Place: 0
[147.429s][info][gc,reloc    ] GC(85) Large Pages: 0 / 0M, Empty: 0M, Relocated: 0M, In-Place: 0
[147.429s][info][gc,reloc    ] GC(85) Forwarding Usage: 0M
[147.429s][info][gc,heap     ] GC(85) Min Capacity: 4096M(100%)
[147.429s][info][gc,heap     ] GC(85) Max Capacity: 4096M(100%)
[147.429s][info][gc,heap     ] GC(85) Soft Max Capacity: 4096M(100%)
[147.429s][info][gc,heap     ] GC(85)                Mark Start          Mark End        Relocate Start      Relocate End           High               Low         
[147.429s][info][gc,heap     ] GC(85)  Capacity:     4096M (100%)       4096M (100%)       4096M (100%)       4096M (100%)       4096M (100%)       4096M (100%)   
[147.429s][info][gc,heap     ] GC(85)      Free:     2086M (51%)        2066M (50%)        3964M (97%)        4044M (99%)        4044M (99%)        2060M (50%)    
[147.429s][info][gc,heap     ] GC(85)      Used:     2010M (49%)        2030M (50%)         132M (3%)           52M (1%)         2036M (50%)          52M (1%)     
[147.429s][info][gc,heap     ] GC(85)      Live:         -                20M (0%)           20M (0%)           20M (0%)             -                  -          
[147.429s][info][gc,heap     ] GC(85) Allocated:         -                20M (0%)           26M (1%)           25M (1%)             -                  -          
[147.429s][info][gc,heap     ] GC(85)   Garbage:         -              1989M (49%)          85M (2%)            5M (0%)             -                  -          
[147.429s][info][gc,heap     ] GC(85) Reclaimed:         -                  -              1904M (46%)        1983M (48%)            -                  -          
[147.429s][info][gc          ] GC(85) Garbage Collection (Proactive) 2010M(49%)->52M(1%)
[149.102s][info][gc,start    ] GC(86) Garbage Collection (System.gc())
[149.102s][info][gc,task     ] GC(86) Using 2 workers
[149.102s][info][gc,phases   ] GC(86) Pause Mark Start 0.007ms
[149.126s][info][gc,phases   ] GC(86) Concurrent Mark 23.749ms
[149.126s][info][gc,phases   ] GC(86) Pause Mark End 0.021ms
[149.127s][info][gc,phases   ] GC(86) Concurrent Mark Free 0.003ms
[149.134s][info][gc,phases   ] GC(86) Concurrent Process Non-Strong References 7.610ms
[149.134s][info][gc,phases   ] GC(86) Concurrent Reset Relocation Set 0.004ms
[149.136s][info][gc,phases   ] GC(86) Concurrent Select Relocation Set 1.781ms
[149.136s][info][gc,phases   ] GC(86) Pause Relocate Start 0.009ms
[149.137s][info][gc,phases   ] GC(86) Concurrent Relocate 0.429ms
[149.137s][info][gc,load     ] GC(86) Load: 0.00/0.00/0.00
[149.137s][info][gc,mmu      ] GC(86) MMU: 2ms/98.4%, 5ms/99.4%, 10ms/99.6%, 20ms/99.8%, 50ms/99.9%, 100ms/99.9%
[149.137s][info][gc,marking  ] GC(86) Mark: 2 stripe(s), 2 proactive flush(es), 1 terminate flush(es), 0 completion(s), 0 continuation(s) 
[149.137s][info][gc,marking  ] GC(86) Mark Stack Usage: 32M
[149.137s][info][gc,nmethod  ] GC(86) NMethods: 9004 registered, 28 unregistered
[149.137s][info][gc,metaspace] GC(86) Metaspace: 51M used, 51M committed, 1088M reserved
[149.137s][info][gc,ref      ] GC(86) Soft: 3841 encountered, 0 discovered, 0 enqueued
[149.137s][info][gc,ref      ] GC(86) Weak: 4198 encountered, 330 discovered, 31 enqueued
[149.137s][info][gc,ref      ] GC(86) Final: 37 encountered, 0 discovered, 0 enqueued
[149.137s][info][gc,ref      ] GC(86) Phantom: 291 encountered, 236 discovered, 0 enqueued
[149.137s][info][gc,reloc    ] GC(86) Small Pages: 932 / 1864M, Empty: 1724M, Relocated: 0M, In-Place: 0
[149.137s][info][gc,reloc    ] GC(86) Medium Pages: 0 / 0M, Empty: 0M, Relocated: 0M, In-Place: 0
[149.137s][info][gc,reloc    ] GC(86) Large Pages: 0 / 0M, Empty: 0M, Relocated: 0M, In-Place: 0
[149.137s][info][gc,reloc    ] GC(86) Forwarding Usage: 0M
[149.137s][info][gc,heap     ] GC(86) Min Capacity: 4096M(100%)
[149.137s][info][gc,heap     ] GC(86) Max Capacity: 4096M(100%)
[149.137s][info][gc,heap     ] GC(86) Soft Max Capacity: 4096M(100%)
[149.137s][info][gc,heap     ] GC(86)                Mark Start          Mark End        Relocate Start      Relocate End           High               Low         
[149.137s][info][gc,heap     ] GC(86)  Capacity:     4096M (100%)       4096M (100%)       4096M (100%)       4096M (100%)       4096M (100%)       4096M (100%)   
[149.137s][info][gc,heap     ] GC(86)      Free:     2232M (54%)        2218M (54%)        3942M (96%)        4056M (99%)        4056M (99%)        2218M (54%)    
[149.137s][info][gc,heap     ] GC(86)      Used:     1864M (46%)        1878M (46%)         154M (4%)           40M (1%)         1878M (46%)          40M (1%)     
[149.137s][info][gc,heap     ] GC(86)      Live:         -                20M (0%)           20M (0%)           20M (0%)             -                  -          
[149.137s][info][gc,heap     ] GC(86) Allocated:         -                14M (0%)           14M (0%)           14M (0%)             -                  -          
[149.137s][info][gc,heap     ] GC(86)   Garbage:         -              1843M (45%)         119M (3%)            5M (0%)             -                  -          
[149.137s][info][gc,heap     ] GC(86) Reclaimed:         -                  -              1724M (42%)        1838M (45%)            -                  -          
[149.137s][info][gc          ] GC(86) Garbage Collection (System.gc()) 1864M(46%)->40M(1%)
[150.201s][info][gc,stats    ] === Garbage Collection Statistics =======================================================================================================================
[150.201s][info][gc,stats    ]                                                              Last 10s              Last 10m              Last 10h                Total
[150.201s][info][gc,stats    ]                                                              Avg / Max             Avg / Max             Avg / Max             Avg / Max
[150.201s][info][gc,stats    ]   Collector: Garbage Collection Cycle                     31.681 / 34.478       32.580 / 62.948       32.580 / 62.948       32.580 / 62.948      ms
[150.201s][info][gc,stats    ]  Contention: Mark Segment Reset Contention                     0 / 2                 0 / 2                 0 / 2                 0 / 2           ops/s
[150.201s][info][gc,stats    ]  Contention: Mark SeqNum Reset Contention                      0 / 2                 0 / 2                 0 / 2                 0 / 2           ops/s
[150.201s][info][gc,stats    ]    Critical: Allocation Stall                                  0 / 0                 0 / 0                 0 / 0                 0 / 0           ops/s
[150.201s][info][gc,stats    ]    Critical: Allocation Stall                              0.000 / 0.000         0.000 / 0.000         0.000 / 0.000         0.000 / 0.000       ms
[150.201s][info][gc,stats    ]    Critical: GC Locker Stall                                   0 / 0                 0 / 0                 0 / 0                 0 / 0           ops/s
[150.201s][info][gc,stats    ]    Critical: GC Locker Stall                               0.000 / 0.000         0.000 / 0.000         0.000 / 0.000         0.000 / 0.000       ms
[150.201s][info][gc,stats    ]    Critical: Relocation Stall                                  0 / 0                 0 / 0                 0 / 0                 0 / 0           ops/s
[150.201s][info][gc,stats    ]    Critical: Relocation Stall                              0.000 / 0.000         0.000 / 0.000         0.000 / 0.000         0.000 / 0.000       ms
[150.201s][info][gc,stats    ]      Memory: Allocation Rate                                1071 / 1110            980 / 1120            980 / 1120            980 / 1120        MB/s
[150.201s][info][gc,stats    ]      Memory: Defragment                                        0 / 0                 0 / 0                 0 / 0                 0 / 0           ops/s
[150.201s][info][gc,stats    ]      Memory: Out Of Memory                                     0 / 0                 0 / 0                 0 / 0                 0 / 0           ops/s
[150.201s][info][gc,stats    ]      Memory: Page Cache Flush                                  0 / 0                 0 / 0                 0 / 0                 0 / 0           MB/s
[150.201s][info][gc,stats    ]      Memory: Page Cache Hit L1                               537 / 555             480 / 560             480 / 560             480 / 560         ops/s
[150.201s][info][gc,stats    ]      Memory: Page Cache Hit L2                                 0 / 0                 0 / 0                 0 / 0                 0 / 0           ops/s
[150.201s][info][gc,stats    ]      Memory: Page Cache Hit L3                                 0 / 0                11 / 295              11 / 295              11 / 295         ops/s
[150.201s][info][gc,stats    ]      Memory: Page Cache Miss                                   0 / 0                 0 / 1                 0 / 1                 0 / 1           ops/s
[150.201s][info][gc,stats    ]      Memory: Uncommit                                          0 / 0                 0 / 0                 0 / 0                 0 / 0           MB/s
[150.201s][info][gc,stats    ]      Memory: Undo Object Allocation Failed                     0 / 0                 0 / 1                 0 / 1                 0 / 1           ops/s
[150.201s][info][gc,stats    ]      Memory: Undo Object Allocation Succeeded                  0 / 3                 2 / 42                2 / 42                2 / 42          ops/s
[150.201s][info][gc,stats    ]      Memory: Undo Page Allocation                              1 / 3                 1 / 8                 1 / 8                 1 / 8           ops/s
[150.201s][info][gc,stats    ]       Phase: Concurrent Mark                              19.967 / 23.749       21.365 / 33.521       21.365 / 33.521       21.365 / 33.521      ms
[150.201s][info][gc,stats    ]       Phase: Concurrent Mark Continue                      0.000 / 0.000         0.000 / 0.000         0.000 / 0.000         0.000 / 0.000       ms
[150.201s][info][gc,stats    ]       Phase: Concurrent Mark Free                          0.002 / 0.003         0.001 / 0.003         0.001 / 0.003         0.001 / 0.003       ms
[150.201s][info][gc,stats    ]       Phase: Concurrent Process Non-Strong References      8.187 / 8.704         7.454 / 21.700        7.454 / 21.700        7.454 / 21.700      ms
[150.201s][info][gc,stats    ]       Phase: Concurrent Relocate                           0.625 / 0.866         0.791 / 5.848         0.791 / 5.848         0.791 / 5.848       ms
[150.201s][info][gc,stats    ]       Phase: Concurrent Reset Relocation Set               0.004 / 0.004         0.004 / 0.010         0.004 / 0.010         0.004 / 0.010       ms
[150.201s][info][gc,stats    ]       Phase: Concurrent Select Relocation Set              2.102 / 3.111         2.073 / 5.959         2.073 / 5.959         2.073 / 5.959       ms
[150.201s][info][gc,stats    ]       Phase: Pause Mark End                                0.018 / 0.023         0.019 / 0.032         0.019 / 0.032         0.019 / 0.032       ms
[150.201s][info][gc,stats    ]       Phase: Pause Mark Start                              0.009 / 0.017         0.008 / 0.022         0.008 / 0.022         0.008 / 0.022       ms
[150.201s][info][gc,stats    ]       Phase: Pause Relocate Start                          0.009 / 0.010         0.009 / 0.023         0.009 / 0.023         0.009 / 0.023       ms
[150.201s][info][gc,stats    ]    Subphase: Concurrent Classes Purge                      0.024 / 0.045         0.107 / 1.921         0.107 / 1.921         0.107 / 1.921       ms
[150.201s][info][gc,stats    ]    Subphase: Concurrent Classes Unlink                     7.429 / 8.106         6.587 / 15.207        6.587 / 15.207        6.587 / 15.207      ms
[150.201s][info][gc,stats    ]    Subphase: Concurrent Mark                              16.667 / 21.878       17.452 / 31.441       17.452 / 31.441       17.452 / 31.441      ms
[150.201s][info][gc,stats    ]    Subphase: Concurrent Mark Try Flush                     0.094 / 0.271         0.080 / 0.430         0.080 / 0.430         0.080 / 0.430       ms
[150.201s][info][gc,stats    ]    Subphase: Concurrent Mark Try Terminate                 1.371 / 9.140         1.591 / 15.936        1.591 / 15.936        1.591 / 15.936      ms
[150.201s][info][gc,stats    ]    Subphase: Concurrent References Enqueue                 0.004 / 0.007         0.005 / 0.010         0.005 / 0.010         0.005 / 0.010       ms
[150.201s][info][gc,stats    ]    Subphase: Concurrent References Process                 0.147 / 0.195         0.136 / 0.844         0.136 / 0.844         0.136 / 0.844       ms
[150.201s][info][gc,stats    ]    Subphase: Concurrent Roots ClassLoaderDataGraph         0.075 / 0.126         0.078 / 0.281         0.078 / 0.281         0.078 / 0.281       ms
[150.201s][info][gc,stats    ]    Subphase: Concurrent Roots CodeCache                    0.000 / 0.000         0.000 / 0.000         0.000 / 0.000         0.000 / 0.000       ms
[150.201s][info][gc,stats    ]    Subphase: Concurrent Roots JavaThreads                  1.342 / 1.617         1.583 / 4.045         1.583 / 4.045         1.583 / 4.045       ms
[150.201s][info][gc,stats    ]    Subphase: Concurrent Roots OopStorageSet                0.024 / 0.038         0.025 / 0.106         0.025 / 0.106         0.025 / 0.106       ms
[150.201s][info][gc,stats    ]    Subphase: Concurrent Weak Roots OopStorageSet           0.415 / 0.749         0.410 / 1.078         0.410 / 1.078         0.410 / 1.078       ms
[150.201s][info][gc,stats    ]    Subphase: Pause Mark Try Complete                       0.000 / 0.000         0.000 / 0.000         0.000 / 0.000         0.000 / 0.000       ms
[150.201s][info][gc,stats    ]      System: Java Threads                                     61 / 61               57 / 64               57 / 64               57 / 64          threads
[150.201s][info][gc,stats    ] =========================================================================================================================================================
[151.097s][info][gc,start    ] GC(87) Garbage Collection (Proactive)
[151.097s][info][gc,task     ] GC(87) Using 2 workers
[151.097s][info][gc,phases   ] GC(87) Pause Mark Start 0.006ms
[151.116s][info][gc,phases   ] GC(87) Concurrent Mark 18.218ms
[151.116s][info][gc,phases   ] GC(87) Pause Mark End 0.016ms
[151.116s][info][gc,phases   ] GC(87) Concurrent Mark Free 0.001ms
[151.124s][info][gc,phases   ] GC(87) Concurrent Process Non-Strong References 8.506ms
[151.124s][info][gc,phases   ] GC(87) Concurrent Reset Relocation Set 0.004ms
[151.127s][info][gc,phases   ] GC(87) Concurrent Select Relocation Set 2.086ms
[151.127s][info][gc,phases   ] GC(87) Pause Relocate Start 0.011ms
[151.128s][info][gc,phases   ] GC(87) Concurrent Relocate 0.806ms
[151.128s][info][gc,load     ] GC(87) Load: 0.00/0.00/0.00
[151.128s][info][gc,mmu      ] GC(87) MMU: 2ms/98.4%, 5ms/99.4%, 10ms/99.6%, 20ms/99.8%, 50ms/99.9%, 100ms/99.9%
[151.128s][info][gc,marking  ] GC(87) Mark: 2 stripe(s), 2 proactive flush(es), 1 terminate flush(es), 0 completion(s), 0 continuation(s) 
[151.128s][info][gc,marking  ] GC(87) Mark Stack Usage: 32M
[151.128s][info][gc,nmethod  ] GC(87) NMethods: 9005 registered, 33 unregistered
[151.128s][info][gc,metaspace] GC(87) Metaspace: 51M used, 51M committed, 1088M reserved
[151.128s][info][gc,ref      ] GC(87) Soft: 3841 encountered, 0 discovered, 0 enqueued
[151.128s][info][gc,ref      ] GC(87) Weak: 4364 encountered, 749 discovered, 13 enqueued
[151.128s][info][gc,ref      ] GC(87) Final: 37 encountered, 2 discovered, 0 enqueued
[151.128s][info][gc,ref      ] GC(87) Phantom: 291 encountered, 235 discovered, 0 enqueued
[151.128s][info][gc,reloc    ] GC(87) Small Pages: 1040 / 2080M, Empty: 1960M, Relocated: 1M, In-Place: 0
[151.128s][info][gc,reloc    ] GC(87) Medium Pages: 0 / 0M, Empty: 0M, Relocated: 0M, In-Place: 0
[151.128s][info][gc,reloc    ] GC(87) Large Pages: 0 / 0M, Empty: 0M, Relocated: 0M, In-Place: 0
[151.128s][info][gc,reloc    ] GC(87) Forwarding Usage: 0M
[151.128s][info][gc,heap     ] GC(87) Min Capacity: 4096M(100%)
[151.128s][info][gc,heap     ] GC(87) Max Capacity: 4096M(100%)
[151.128s][info][gc,heap     ] GC(87) Soft Max Capacity: 4096M(100%)
[151.128s][info][gc,heap     ] GC(87)                Mark Start          Mark End        Relocate Start      Relocate End           High               Low         
[151.128s][info][gc,heap     ] GC(87)  Capacity:     4096M (100%)       4096M (100%)       4096M (100%)       4096M (100%)       4096M (100%)       4096M (100%)   
[151.128s][info][gc,heap     ] GC(87)      Free:     2016M (49%)        1996M (49%)        3952M (96%)        4044M (99%)        4044M (99%)        1992M (49%)    
[151.128s][info][gc,heap     ] GC(87)      Used:     2080M (51%)        2100M (51%)         144M (4%)           52M (1%)         2104M (51%)          52M (1%)     
[151.128s][info][gc,heap     ] GC(87)      Live:         -                20M (1%)           20M (1%)           20M (1%)             -                  -          
[151.128s][info][gc,heap     ] GC(87) Allocated:         -                20M (0%)           24M (1%)           25M (1%)             -                  -          
[151.128s][info][gc,heap     ] GC(87)   Garbage:         -              2059M (50%)          99M (2%)            5M (0%)             -                  -          
[151.128s][info][gc,heap     ] GC(87) Reclaimed:         -                  -              1960M (48%)        2053M (50%)            -                  -          
[151.128s][info][gc          ] GC(87) Garbage Collection (Proactive) 2080M(51%)->52M(1%)
[152.983s][info][gc,start    ] GC(88) Garbage Collection (System.gc())
[152.983s][info][gc,task     ] GC(88) Using 2 workers
[152.983s][info][gc,phases   ] GC(88) Pause Mark Start 0.004ms
[153.006s][info][gc,phases   ] GC(88) Concurrent Mark 22.444ms
[153.006s][info][gc,phases   ] GC(88) Pause Mark End 0.019ms
[153.006s][info][gc,phases   ] GC(88) Concurrent Mark Free 0.001ms
[153.013s][info][gc,phases   ] GC(88) Concurrent Process Non-Strong References 7.254ms
[153.013s][info][gc,phases   ] GC(88) Concurrent Reset Relocation Set 0.003ms
[153.015s][info][gc,phases   ] GC(88) Concurrent Select Relocation Set 1.853ms
[153.015s][info][gc,phases   ] GC(88) Pause Relocate Start 0.007ms
[153.016s][info][gc,phases   ] GC(88) Concurrent Relocate 0.589ms
[153.016s][info][gc,load     ] GC(88) Load: 0.00/0.00/0.00
[153.016s][info][gc,mmu      ] GC(88) MMU: 2ms/98.4%, 5ms/99.4%, 10ms/99.6%, 20ms/99.8%, 50ms/99.9%, 100ms/99.9%
[153.016s][info][gc,marking  ] GC(88) Mark: 2 stripe(s), 2 proactive flush(es), 1 terminate flush(es), 0 completion(s), 0 continuation(s) 
[153.016s][info][gc,marking  ] GC(88) Mark Stack Usage: 32M
[153.016s][info][gc,nmethod  ] GC(88) NMethods: 9014 registered, 36 unregistered
[153.016s][info][gc,metaspace] GC(88) Metaspace: 51M used, 51M committed, 1088M reserved
[153.016s][info][gc,ref      ] GC(88) Soft: 3841 encountered, 0 discovered, 0 enqueued
[153.016s][info][gc,ref      ] GC(88) Weak: 4196 encountered, 343 discovered, 31 enqueued
[153.016s][info][gc,ref      ] GC(88) Final: 37 encountered, 0 discovered, 0 enqueued
[153.016s][info][gc,ref      ] GC(88) Phantom: 291 encountered, 235 discovered, 0 enqueued
[153.016s][info][gc,reloc    ] GC(88) Small Pages: 897 / 1794M, Empty: 1646M, Relocated: 0M, In-Place: 0
[153.016s][info][gc,reloc    ] GC(88) Medium Pages: 0 / 0M, Empty: 0M, Relocated: 0M, In-Place: 0
[153.016s][info][gc,reloc    ] GC(88) Large Pages: 0 / 0M, Empty: 0M, Relocated: 0M, In-Place: 0
[153.016s][info][gc,reloc    ] GC(88) Forwarding Usage: 0M
[153.016s][info][gc,heap     ] GC(88) Min Capacity: 4096M(100%)
[153.016s][info][gc,heap     ] GC(88) Max Capacity: 4096M(100%)
[153.016s][info][gc,heap     ] GC(88) Soft Max Capacity: 4096M(100%)
[153.016s][info][gc,heap     ] GC(88)                Mark Start          Mark End        Relocate Start      Relocate End           High               Low         
[153.016s][info][gc,heap     ] GC(88)  Capacity:     4096M (100%)       4096M (100%)       4096M (100%)       4096M (100%)       4096M (100%)       4096M (100%)   
[153.016s][info][gc,heap     ] GC(88)      Free:     2302M (56%)        2288M (56%)        3932M (96%)        4054M (99%)        4054M (99%)        2286M (56%)    
[153.016s][info][gc,heap     ] GC(88)      Used:     1794M (44%)        1808M (44%)         164M (4%)           42M (1%)         1810M (44%)          42M (1%)     
[153.016s][info][gc,heap     ] GC(88)      Live:         -                20M (0%)           20M (0%)           20M (0%)             -                  -          
[153.016s][info][gc,heap     ] GC(88) Allocated:         -                14M (0%)           16M (0%)           16M (0%)             -                  -          
[153.016s][info][gc,heap     ] GC(88)   Garbage:         -              1773M (43%)         127M (3%)            5M (0%)             -                  -          
[153.016s][info][gc,heap     ] GC(88) Reclaimed:         -                  -              1646M (40%)        1768M (43%)            -                  -          
[153.016s][info][gc          ] GC(88) Garbage Collection (System.gc()) 1794M(44%)->42M(1%)
[154.897s][info][gc,start    ] GC(89) Garbage Collection (Proactive)
[154.898s][info][gc,task     ] GC(89) Using 2 workers
[154.898s][info][gc,phases   ] GC(89) Pause Mark Start 0.008ms
[154.916s][info][gc,phases   ] GC(89) Concurrent Mark 17.964ms
[154.916s][info][gc,phases   ] GC(89) Pause Mark End 0.018ms
[154.916s][info][gc,phases   ] GC(89) Concurrent Mark Free 0.001ms
[154.924s][info][gc,phases   ] GC(89) Concurrent Process Non-Strong References 8.312ms
[154.924s][info][gc,phases   ] GC(89) Concurrent Reset Relocation Set 0.004ms
[154.926s][info][gc,phases   ] GC(89) Concurrent Select Relocation Set 2.126ms
[154.927s][info][gc,phases   ] GC(89) Pause Relocate Start 0.010ms
[154.927s][info][gc,phases   ] GC(89) Concurrent Relocate 0.827ms
[154.927s][info][gc,load     ] GC(89) Load: 0.00/0.00/0.00
[154.927s][info][gc,mmu      ] GC(89) MMU: 2ms/98.4%, 5ms/99.4%, 10ms/99.6%, 20ms/99.8%, 50ms/99.9%, 100ms/99.9%
[154.927s][info][gc,marking  ] GC(89) Mark: 2 stripe(s), 2 proactive flush(es), 1 terminate flush(es), 0 completion(s), 0 continuation(s) 
[154.927s][info][gc,marking  ] GC(89) Mark Stack Usage: 32M
[154.927s][info][gc,nmethod  ] GC(89) NMethods: 9017 registered, 40 unregistered
[154.927s][info][gc,metaspace] GC(89) Metaspace: 51M used, 51M committed, 1088M reserved
[154.927s][info][gc,ref      ] GC(89) Soft: 3841 encountered, 0 discovered, 0 enqueued
[154.928s][info][gc,ref      ] GC(89) Weak: 4362 encountered, 403 discovered, 13 enqueued
[154.928s][info][gc,ref      ] GC(89) Final: 37 encountered, 0 discovered, 0 enqueued
[154.928s][info][gc,ref      ] GC(89) Phantom: 291 encountered, 235 discovered, 0 enqueued
[154.928s][info][gc,reloc    ] GC(89) Small Pages: 1028 / 2056M, Empty: 1926M, Relocated: 1M, In-Place: 0
[154.928s][info][gc,reloc    ] GC(89) Medium Pages: 0 / 0M, Empty: 0M, Relocated: 0M, In-Place: 0
[154.928s][info][gc,reloc    ] GC(89) Large Pages: 0 / 0M, Empty: 0M, Relocated: 0M, In-Place: 0
[154.928s][info][gc,reloc    ] GC(89) Forwarding Usage: 0M
[154.928s][info][gc,heap     ] GC(89) Min Capacity: 4096M(100%)
[154.928s][info][gc,heap     ] GC(89) Max Capacity: 4096M(100%)
[154.928s][info][gc,heap     ] GC(89) Soft Max Capacity: 4096M(100%)
[154.928s][info][gc,heap     ] GC(89)                Mark Start          Mark End        Relocate Start      Relocate End           High               Low         
[154.928s][info][gc,heap     ] GC(89)  Capacity:     4096M (100%)       4096M (100%)       4096M (100%)       4096M (100%)       4096M (100%)       4096M (100%)   
[154.928s][info][gc,heap     ] GC(89)      Free:     2040M (50%)        2022M (49%)        3938M (96%)        4042M (99%)        4042M (99%)        2018M (49%)    
[154.928s][info][gc,heap     ] GC(89)      Used:     2056M (50%)        2074M (51%)         158M (4%)           54M (1%)         2078M (51%)          54M (1%)     
[154.928s][info][gc,heap     ] GC(89)      Live:         -                20M (1%)           20M (1%)           20M (1%)             -                  -          
[154.928s][info][gc,heap     ] GC(89) Allocated:         -                18M (0%)           28M (1%)           27M (1%)             -                  -          
[154.928s][info][gc,heap     ] GC(89)   Garbage:         -              2035M (50%)         109M (3%)            5M (0%)             -                  -          
[154.928s][info][gc,heap     ] GC(89) Reclaimed:         -                  -              1926M (47%)        2029M (50%)            -                  -          
[154.928s][info][gc          ] GC(89) Garbage Collection (Proactive) 2056M(50%)->54M(1%)
[156.553s][info][gc,start    ] GC(90) Garbage Collection (System.gc())
[156.553s][info][gc,task     ] GC(90) Using 2 workers
[156.553s][info][gc,phases   ] GC(90) Pause Mark Start 0.005ms
[156.573s][info][gc,phases   ] GC(90) Concurrent Mark 20.319ms
[156.573s][info][gc,phases   ] GC(90) Pause Mark End 0.020ms
[156.574s][info][gc,phases   ] GC(90) Concurrent Mark Free 0.002ms
[156.581s][info][gc,phases   ] GC(90) Concurrent Process Non-Strong References 7.433ms
[156.581s][info][gc,phases   ] GC(90) Concurrent Reset Relocation Set 0.005ms
[156.583s][info][gc,phases   ] GC(90) Concurrent Select Relocation Set 1.834ms
[156.583s][info][gc,phases   ] GC(90) Pause Relocate Start 0.008ms
[156.583s][info][gc,phases   ] GC(90) Concurrent Relocate 0.345ms
[156.583s][info][gc,load     ] GC(90) Load: 0.00/0.00/0.00
[156.583s][info][gc,mmu      ] GC(90) MMU: 2ms/98.4%, 5ms/99.4%, 10ms/99.6%, 20ms/99.8%, 50ms/99.9%, 100ms/99.9%
[156.583s][info][gc,marking  ] GC(90) Mark: 2 stripe(s), 2 proactive flush(es), 1 terminate flush(es), 0 completion(s), 0 continuation(s) 
[156.583s][info][gc,marking  ] GC(90) Mark Stack Usage: 32M
[156.584s][info][gc,nmethod  ] GC(90) NMethods: 9026 registered, 40 unregistered
[156.584s][info][gc,metaspace] GC(90) Metaspace: 51M used, 51M committed, 1088M reserved
[156.584s][info][gc,ref      ] GC(90) Soft: 3841 encountered, 0 discovered, 0 enqueued
[156.584s][info][gc,ref      ] GC(90) Weak: 4196 encountered, 786 discovered, 31 enqueued
[156.584s][info][gc,ref      ] GC(90) Final: 37 encountered, 1 discovered, 0 enqueued
[156.584s][info][gc,ref      ] GC(90) Phantom: 291 encountered, 236 discovered, 0 enqueued
[156.584s][info][gc,reloc    ] GC(90) Small Pages: 908 / 1816M, Empty: 1678M, Relocated: 0M, In-Place: 0
[156.584s][info][gc,reloc    ] GC(90) Medium Pages: 0 / 0M, Empty: 0M, Relocated: 0M, In-Place: 0
[156.584s][info][gc,reloc    ] GC(90) Large Pages: 0 / 0M, Empty: 0M, Relocated: 0M, In-Place: 0
[156.584s][info][gc,reloc    ] GC(90) Forwarding Usage: 0M
[156.584s][info][gc,heap     ] GC(90) Min Capacity: 4096M(100%)
[156.584s][info][gc,heap     ] GC(90) Max Capacity: 4096M(100%)
[156.584s][info][gc,heap     ] GC(90) Soft Max Capacity: 4096M(100%)
[156.584s][info][gc,heap     ] GC(90)                Mark Start          Mark End        Relocate Start      Relocate End           High               Low         
[156.584s][info][gc,heap     ] GC(90)  Capacity:     4096M (100%)       4096M (100%)       4096M (100%)       4096M (100%)       4096M (100%)       4096M (100%)   
[156.584s][info][gc,heap     ] GC(90)      Free:     2280M (56%)        2270M (55%)        3948M (96%)        4060M (99%)        4060M (99%)        2270M (55%)    
[156.584s][info][gc,heap     ] GC(90)      Used:     1816M (44%)        1826M (45%)         148M (4%)           36M (1%)         1826M (45%)          36M (1%)     
[156.584s][info][gc,heap     ] GC(90)      Live:         -                20M (0%)           20M (0%)           20M (0%)             -                  -          
[156.584s][info][gc,heap     ] GC(90) Allocated:         -                10M (0%)           10M (0%)           10M (0%)             -                  -          
[156.584s][info][gc,heap     ] GC(90)   Garbage:         -              1795M (44%)         117M (3%)            5M (0%)             -                  -          
[156.584s][info][gc,heap     ] GC(90) Reclaimed:         -                  -              1678M (41%)        1790M (44%)            -                  -          
[156.584s][info][gc          ] GC(90) Garbage Collection (System.gc()) 1816M(44%)->36M(1%)
[158.302s][info][gc,start    ] GC(91) Garbage Collection (Proactive)
[158.302s][info][gc,task     ] GC(91) Using 2 workers
[158.302s][info][gc,phases   ] GC(91) Pause Mark Start 0.009ms
[158.320s][info][gc,phases   ] GC(91) Concurrent Mark 17.814ms
[158.320s][info][gc,phases   ] GC(91) Pause Mark End 0.017ms
[158.320s][info][gc,phases   ] GC(91) Concurrent Mark Free 0.001ms
[158.329s][info][gc,phases   ] GC(91) Concurrent Process Non-Strong References 8.912ms
[158.329s][info][gc,phases   ] GC(91) Concurrent Reset Relocation Set 0.004ms
[158.331s][info][gc,phases   ] GC(91) Concurrent Select Relocation Set 2.102ms
[158.331s][info][gc,phases   ] GC(91) Pause Relocate Start 0.011ms
[158.332s][info][gc,phases   ] GC(91) Concurrent Relocate 0.821ms
[158.332s][info][gc,load     ] GC(91) Load: 0.00/0.00/0.00
[158.332s][info][gc,mmu      ] GC(91) MMU: 2ms/98.4%, 5ms/99.4%, 10ms/99.6%, 20ms/99.8%, 50ms/99.9%, 100ms/99.9%
[158.332s][info][gc,marking  ] GC(91) Mark: 2 stripe(s), 2 proactive flush(es), 1 terminate flush(es), 0 completion(s), 0 continuation(s) 
[158.332s][info][gc,marking  ] GC(91) Mark Stack Usage: 32M
[158.332s][info][gc,nmethod  ] GC(91) NMethods: 9028 registered, 47 unregistered
[158.332s][info][gc,metaspace] GC(91) Metaspace: 51M used, 51M committed, 1088M reserved
[158.332s][info][gc,ref      ] GC(91) Soft: 3841 encountered, 0 discovered, 0 enqueued
[158.332s][info][gc,ref      ] GC(91) Weak: 4362 encountered, 940 discovered, 13 enqueued
[158.333s][info][gc,ref      ] GC(91) Final: 37 encountered, 0 discovered, 0 enqueued
[158.333s][info][gc,ref      ] GC(91) Phantom: 291 encountered, 234 discovered, 0 enqueued
[158.333s][info][gc,reloc    ] GC(91) Small Pages: 948 / 1896M, Empty: 1796M, Relocated: 1M, In-Place: 0
[158.333s][info][gc,reloc    ] GC(91) Medium Pages: 0 / 0M, Empty: 0M, Relocated: 0M, In-Place: 0
[158.333s][info][gc,reloc    ] GC(91) Large Pages: 0 / 0M, Empty: 0M, Relocated: 0M, In-Place: 0
[158.333s][info][gc,reloc    ] GC(91) Forwarding Usage: 0M
[158.333s][info][gc,heap     ] GC(91) Min Capacity: 4096M(100%)
[158.333s][info][gc,heap     ] GC(91) Max Capacity: 4096M(100%)
[158.333s][info][gc,heap     ] GC(91) Soft Max Capacity: 4096M(100%)
[158.333s][info][gc,heap     ] GC(91)                Mark Start          Mark End        Relocate Start      Relocate End           High               Low         
[158.333s][info][gc,heap     ] GC(91)  Capacity:     4096M (100%)       4096M (100%)       4096M (100%)       4096M (100%)       4096M (100%)       4096M (100%)   
[158.333s][info][gc,heap     ] GC(91)      Free:     2200M (54%)        2182M (53%)        3968M (97%)        4042M (99%)        4042M (99%)        2174M (53%)    
[158.333s][info][gc,heap     ] GC(91)      Used:     1896M (46%)        1914M (47%)         128M (3%)           54M (1%)         1922M (47%)          54M (1%)     
[158.333s][info][gc,heap     ] GC(91)      Live:         -                20M (1%)           20M (1%)           20M (1%)             -                  -          
[158.333s][info][gc,heap     ] GC(91) Allocated:         -                18M (0%)           28M (1%)           27M (1%)             -                  -          
[158.333s][info][gc,heap     ] GC(91)   Garbage:         -              1875M (46%)          79M (2%)            5M (0%)             -                  -          
[158.333s][info][gc,heap     ] GC(91) Reclaimed:         -                  -              1796M (44%)        1869M (46%)            -                  -          
[158.333s][info][gc          ] GC(91) Garbage Collection (Proactive) 1896M(46%)->54M(1%)
[159.998s][info][gc,start    ] GC(92) Garbage Collection (Proactive)
[159.998s][info][gc,task     ] GC(92) Using 2 workers
[159.998s][info][gc,phases   ] GC(92) Pause Mark Start 0.010ms
[160.016s][info][gc,phases   ] GC(92) Concurrent Mark 18.359ms
[160.016s][info][gc,phases   ] GC(92) Pause Mark End 0.017ms
[160.016s][info][gc,phases   ] GC(92) Concurrent Mark Free 0.001ms
[160.025s][info][gc,phases   ] GC(92) Concurrent Process Non-Strong References 8.761ms
[160.025s][info][gc,phases   ] GC(92) Concurrent Reset Relocation Set 0.003ms
[160.027s][info][gc,phases   ] GC(92) Concurrent Select Relocation Set 2.142ms
[160.027s][info][gc,phases   ] GC(92) Pause Relocate Start 0.009ms
[160.028s][info][gc,phases   ] GC(92) Concurrent Relocate 0.727ms
[160.028s][info][gc,load     ] GC(92) Load: 0.00/0.00/0.00
[160.028s][info][gc,mmu      ] GC(92) MMU: 2ms/98.4%, 5ms/99.4%, 10ms/99.6%, 20ms/99.8%, 50ms/99.9%, 100ms/99.9%
[160.028s][info][gc,marking  ] GC(92) Mark: 2 stripe(s), 2 proactive flush(es), 1 terminate flush(es), 0 completion(s), 0 continuation(s) 
[160.028s][info][gc,marking  ] GC(92) Mark Stack Usage: 32M
[160.028s][info][gc,nmethod  ] GC(92) NMethods: 9028 registered, 47 unregistered
[160.028s][info][gc,metaspace] GC(92) Metaspace: 51M used, 51M committed, 1088M reserved
[160.028s][info][gc,ref      ] GC(92) Soft: 3841 encountered, 0 discovered, 0 enqueued
[160.028s][info][gc,ref      ] GC(92) Weak: 4349 encountered, 1071 discovered, 0 enqueued
[160.028s][info][gc,ref      ] GC(92) Final: 37 encountered, 0 discovered, 0 enqueued
[160.028s][info][gc,ref      ] GC(92) Phantom: 291 encountered, 235 discovered, 0 enqueued
[160.028s][info][gc,reloc    ] GC(92) Small Pages: 936 / 1872M, Empty: 1760M, Relocated: 1M, In-Place: 0
[160.028s][info][gc,reloc    ] GC(92) Medium Pages: 0 / 0M, Empty: 0M, Relocated: 0M, In-Place: 0
[160.028s][info][gc,reloc    ] GC(92) Large Pages: 0 / 0M, Empty: 0M, Relocated: 0M, In-Place: 0
[160.028s][info][gc,reloc    ] GC(92) Forwarding Usage: 0M
[160.028s][info][gc,heap     ] GC(92) Min Capacity: 4096M(100%)
[160.028s][info][gc,heap     ] GC(92) Max Capacity: 4096M(100%)
[160.028s][info][gc,heap     ] GC(92) Soft Max Capacity: 4096M(100%)
[160.028s][info][gc,heap     ] GC(92)                Mark Start          Mark End        Relocate Start      Relocate End           High               Low         
[160.028s][info][gc,heap     ] GC(92)  Capacity:     4096M (100%)       4096M (100%)       4096M (100%)       4096M (100%)       4096M (100%)       4096M (100%)   
[160.028s][info][gc,heap     ] GC(92)      Free:     2224M (54%)        2204M (54%)        3956M (97%)        4042M (99%)        4042M (99%)        2200M (54%)    
[160.028s][info][gc,heap     ] GC(92)      Used:     1872M (46%)        1892M (46%)         140M (3%)           54M (1%)         1896M (46%)          54M (1%)     
[160.028s][info][gc,heap     ] GC(92)      Live:         -                20M (1%)           20M (1%)           20M (1%)             -                  -          
[160.028s][info][gc,heap     ] GC(92) Allocated:         -                20M (0%)           28M (1%)           27M (1%)             -                  -          
[160.028s][info][gc,heap     ] GC(92)   Garbage:         -              1851M (45%)          91M (2%)            5M (0%)             -                  -          
[160.028s][info][gc,heap     ] GC(92) Reclaimed:         -                  -              1760M (43%)        1845M (45%)            -                  -          
[160.028s][info][gc          ] GC(92) Garbage Collection (Proactive) 1872M(46%)->54M(1%)
[160.130s][info][gc,start    ] GC(93) Garbage Collection (System.gc())
[160.130s][info][gc,task     ] GC(93) Using 2 workers
[160.130s][info][gc,phases   ] GC(93) Pause Mark Start 0.006ms
[160.146s][info][gc,phases   ] GC(93) Concurrent Mark 15.496ms
[160.146s][info][gc,phases   ] GC(93) Pause Mark End 0.020ms
[160.146s][info][gc,phases   ] GC(93) Concurrent Mark Free 0.001ms
[160.153s][info][gc,phases   ] GC(93) Concurrent Process Non-Strong References 7.374ms
[160.153s][info][gc,phases   ] GC(93) Concurrent Reset Relocation Set 0.004ms
[160.155s][info][gc,phases   ] GC(93) Concurrent Select Relocation Set 1.659ms
[160.155s][info][gc,phases   ] GC(93) Pause Relocate Start 0.009ms
[160.155s][info][gc,phases   ] GC(93) Concurrent Relocate 0.379ms
[160.155s][info][gc,load     ] GC(93) Load: 0.00/0.00/0.00
[160.155s][info][gc,mmu      ] GC(93) MMU: 2ms/98.4%, 5ms/99.4%, 10ms/99.6%, 20ms/99.8%, 50ms/99.9%, 100ms/99.9%
[160.155s][info][gc,marking  ] GC(93) Mark: 2 stripe(s), 2 proactive flush(es), 1 terminate flush(es), 0 completion(s), 0 continuation(s) 
[160.155s][info][gc,marking  ] GC(93) Mark Stack Usage: 32M
[160.155s][info][gc,nmethod  ] GC(93) NMethods: 9047 registered, 47 unregistered
[160.155s][info][gc,metaspace] GC(93) Metaspace: 51M used, 51M committed, 1088M reserved
[160.155s][info][gc,ref      ] GC(93) Soft: 3841 encountered, 0 discovered, 0 enqueued
[160.155s][info][gc,ref      ] GC(93) Weak: 4196 encountered, 284 discovered, 31 enqueued
[160.155s][info][gc,ref      ] GC(93) Final: 37 encountered, 0 discovered, 0 enqueued
[160.155s][info][gc,ref      ] GC(93) Phantom: 291 encountered, 237 discovered, 0 enqueued
[160.156s][info][gc,reloc    ] GC(93) Small Pages: 70 / 140M, Empty: 48M, Relocated: 0M, In-Place: 0
[160.156s][info][gc,reloc    ] GC(93) Medium Pages: 0 / 0M, Empty: 0M, Relocated: 0M, In-Place: 0
[160.156s][info][gc,reloc    ] GC(93) Large Pages: 0 / 0M, Empty: 0M, Relocated: 0M, In-Place: 0
[160.156s][info][gc,reloc    ] GC(93) Forwarding Usage: 0M
[160.156s][info][gc,heap     ] GC(93) Min Capacity: 4096M(100%)
[160.156s][info][gc,heap     ] GC(93) Max Capacity: 4096M(100%)
[160.156s][info][gc,heap     ] GC(93) Soft Max Capacity: 4096M(100%)
[160.156s][info][gc,heap     ] GC(93)                Mark Start          Mark End        Relocate Start      Relocate End           High               Low         
[160.156s][info][gc,heap     ] GC(93)  Capacity:     4096M (100%)       4096M (100%)       4096M (100%)       4096M (100%)       4096M (100%)       4096M (100%)   
[160.156s][info][gc,heap     ] GC(93)      Free:     3956M (97%)        3944M (96%)        3992M (97%)        4058M (99%)        4058M (99%)        3944M (96%)    
[160.156s][info][gc,heap     ] GC(93)      Used:      140M (3%)          152M (4%)          104M (3%)           38M (1%)          152M (4%)           38M (1%)     
[160.156s][info][gc,heap     ] GC(93)      Live:         -                20M (0%)           20M (0%)           20M (0%)             -                  -          
[160.156s][info][gc,heap     ] GC(93) Allocated:         -                12M (0%)           12M (0%)           12M (0%)             -                  -          
[160.156s][info][gc,heap     ] GC(93)   Garbage:         -               119M (3%)           71M (2%)            5M (0%)             -                  -          
[160.156s][info][gc,heap     ] GC(93) Reclaimed:         -                  -                48M (1%)          114M (3%)             -                  -          
[160.156s][info][gc          ] GC(93) Garbage Collection (System.gc()) 140M(3%)->38M(1%)
[160.198s][info][gc,stats    ] === Garbage Collection Statistics =======================================================================================================================
[160.198s][info][gc,stats    ]                                                              Last 10s              Last 10m              Last 10h                Total
[160.198s][info][gc,stats    ]                                                              Avg / Max             Avg / Max             Avg / Max             Avg / Max
[160.198s][info][gc,stats    ]   Collector: Garbage Collection Cycle                     30.058 / 32.762       32.392 / 62.948       32.392 / 62.948       32.392 / 62.948      ms
[160.198s][info][gc,stats    ]  Contention: Mark Segment Reset Contention                     0 / 0                 0 / 2                 0 / 2                 0 / 2           ops/s
[160.198s][info][gc,stats    ]  Contention: Mark SeqNum Reset Contention                      0 / 1                 0 / 2                 0 / 2                 0 / 2           ops/s
[160.198s][info][gc,stats    ]    Critical: Allocation Stall                                  0 / 0                 0 / 0                 0 / 0                 0 / 0           ops/s
[160.198s][info][gc,stats    ]    Critical: Allocation Stall                              0.000 / 0.000         0.000 / 0.000         0.000 / 0.000         0.000 / 0.000       ms
[160.198s][info][gc,stats    ]    Critical: GC Locker Stall                                   0 / 0                 0 / 0                 0 / 0                 0 / 0           ops/s
[160.198s][info][gc,stats    ]    Critical: GC Locker Stall                               0.000 / 0.000         0.000 / 0.000         0.000 / 0.000         0.000 / 0.000       ms
[160.198s][info][gc,stats    ]    Critical: Relocation Stall                                  0 / 0                 0 / 0                 0 / 0                 0 / 0           ops/s
[160.198s][info][gc,stats    ]    Critical: Relocation Stall                              0.000 / 0.000         0.000 / 0.000         0.000 / 0.000         0.000 / 0.000       ms
[160.198s][info][gc,stats    ]      Memory: Allocation Rate                                1042 / 1094            984 / 1120            984 / 1120            984 / 1120        MB/s
[160.198s][info][gc,stats    ]      Memory: Defragment                                        0 / 0                 0 / 0                 0 / 0                 0 / 0           ops/s
[160.198s][info][gc,stats    ]      Memory: Out Of Memory                                     0 / 0                 0 / 0                 0 / 0                 0 / 0           ops/s
[160.198s][info][gc,stats    ]      Memory: Page Cache Flush                                  0 / 0                 0 / 0                 0 / 0                 0 / 0           MB/s
[160.198s][info][gc,stats    ]      Memory: Page Cache Hit L1                               522 / 549             482 / 560             482 / 560             482 / 560         ops/s
[160.198s][info][gc,stats    ]      Memory: Page Cache Hit L2                                 0 / 0                 0 / 0                 0 / 0                 0 / 0           ops/s
[160.198s][info][gc,stats    ]      Memory: Page Cache Hit L3                                 0 / 0                10 / 295              10 / 295              10 / 295         ops/s
[160.198s][info][gc,stats    ]      Memory: Page Cache Miss                                   0 / 0                 0 / 1                 0 / 1                 0 / 1           ops/s
[160.198s][info][gc,stats    ]      Memory: Uncommit                                          0 / 0                 0 / 0                 0 / 0                 0 / 0           MB/s
[160.198s][info][gc,stats    ]      Memory: Undo Object Allocation Failed                     0 / 0                 0 / 1                 0 / 1                 0 / 1           ops/s
[160.198s][info][gc,stats    ]      Memory: Undo Object Allocation Succeeded                  4 / 23                2 / 42                2 / 42                2 / 42          ops/s
[160.198s][info][gc,stats    ]      Memory: Undo Page Allocation                              0 / 3                 1 / 8                 1 / 8                 1 / 8           ops/s
[160.198s][info][gc,stats    ]       Phase: Concurrent Mark                              18.659 / 22.444       21.163 / 33.521       21.163 / 33.521       21.163 / 33.521      ms
[160.198s][info][gc,stats    ]       Phase: Concurrent Mark Continue                      0.000 / 0.000         0.000 / 0.000         0.000 / 0.000         0.000 / 0.000       ms
[160.198s][info][gc,stats    ]       Phase: Concurrent Mark Free                          0.001 / 0.002         0.001 / 0.003         0.001 / 0.003         0.001 / 0.003       ms
[160.198s][info][gc,stats    ]       Phase: Concurrent Process Non-Strong References      8.079 / 8.912         7.501 / 21.700        7.501 / 21.700        7.501 / 21.700      ms
[160.198s][info][gc,stats    ]       Phase: Concurrent Relocate                           0.642 / 0.827         0.780 / 5.848         0.780 / 5.848         0.780 / 5.848       ms
[160.198s][info][gc,stats    ]       Phase: Concurrent Reset Relocation Set               0.004 / 0.005         0.004 / 0.010         0.004 / 0.010         0.004 / 0.010       ms
[160.198s][info][gc,stats    ]       Phase: Concurrent Select Relocation Set              1.972 / 2.142         2.066 / 5.959         2.066 / 5.959         2.066 / 5.959       ms
[160.198s][info][gc,stats    ]       Phase: Pause Mark End                                0.018 / 0.020         0.019 / 0.032         0.019 / 0.032         0.019 / 0.032       ms
[160.198s][info][gc,stats    ]       Phase: Pause Mark Start                              0.007 / 0.010         0.008 / 0.022         0.008 / 0.022         0.008 / 0.022       ms
[160.198s][info][gc,stats    ]       Phase: Pause Relocate Start                          0.009 / 0.011         0.009 / 0.023         0.009 / 0.023         0.009 / 0.023       ms
[160.198s][info][gc,stats    ]    Subphase: Concurrent Classes Purge                      0.028 / 0.046         0.102 / 1.921         0.102 / 1.921         0.102 / 1.921       ms
[160.198s][info][gc,stats    ]    Subphase: Concurrent Classes Unlink                     7.388 / 8.272         6.647 / 15.207        6.647 / 15.207        6.647 / 15.207      ms
[160.198s][info][gc,stats    ]    Subphase: Concurrent Mark                              15.861 / 20.599       17.333 / 31.441       17.333 / 31.441       17.333 / 31.441      ms
[160.198s][info][gc,stats    ]    Subphase: Concurrent Mark Try Flush                     0.073 / 0.265         0.079 / 0.430         0.079 / 0.430         0.079 / 0.430       ms
[160.198s][info][gc,stats    ]    Subphase: Concurrent Mark Try Terminate                 0.976 / 7.147         1.545 / 15.936        1.545 / 15.936        1.545 / 15.936      ms
[160.198s][info][gc,stats    ]    Subphase: Concurrent References Enqueue                 0.005 / 0.007         0.005 / 0.010         0.005 / 0.010         0.005 / 0.010       ms
[160.198s][info][gc,stats    ]    Subphase: Concurrent References Process                 0.112 / 0.146         0.134 / 0.844         0.134 / 0.844         0.134 / 0.844       ms
[160.198s][info][gc,stats    ]    Subphase: Concurrent Roots ClassLoaderDataGraph         0.072 / 0.130         0.077 / 0.281         0.077 / 0.281         0.077 / 0.281       ms
[160.198s][info][gc,stats    ]    Subphase: Concurrent Roots CodeCache                    0.000 / 0.000         0.000 / 0.000         0.000 / 0.000         0.000 / 0.000       ms
[160.198s][info][gc,stats    ]    Subphase: Concurrent Roots JavaThreads                  1.439 / 2.042         1.572 / 4.045         1.572 / 4.045         1.572 / 4.045       ms
[160.198s][info][gc,stats    ]    Subphase: Concurrent Roots OopStorageSet                0.021 / 0.024         0.025 / 0.106         0.025 / 0.106         0.025 / 0.106       ms
[160.198s][info][gc,stats    ]    Subphase: Concurrent Weak Roots OopStorageSet           0.382 / 0.614         0.408 / 1.078         0.408 / 1.078         0.408 / 1.078       ms
[160.198s][info][gc,stats    ]    Subphase: Pause Mark Try Complete                       0.000 / 0.000         0.000 / 0.000         0.000 / 0.000         0.000 / 0.000       ms
[160.198s][info][gc,stats    ]      System: Java Threads                                     59 / 61               57 / 64               57 / 64               57 / 64          threads
[160.198s][info][gc,stats    ] =========================================================================================================================================================
[161.898s][info][gc,start    ] GC(94) Garbage Collection (Proactive)
[161.898s][info][gc,task     ] GC(94) Using 2 workers
[161.898s][info][gc,phases   ] GC(94) Pause Mark Start 0.009ms
[161.917s][info][gc,phases   ] GC(94) Concurrent Mark 18.371ms
[161.917s][info][gc,phases   ] GC(94) Pause Mark End 0.019ms
[161.917s][info][gc,phases   ] GC(94) Concurrent Mark Free 0.001ms
[161.926s][info][gc,phases   ] GC(94) Concurrent Process Non-Strong References 8.854ms
[161.926s][info][gc,phases   ] GC(94) Concurrent Reset Relocation Set 0.003ms
[161.928s][info][gc,phases   ] GC(94) Concurrent Select Relocation Set 2.100ms
[161.928s][info][gc,phases   ] GC(94) Pause Relocate Start 0.011ms
[161.929s][info][gc,phases   ] GC(94) Concurrent Relocate 0.873ms
[161.929s][info][gc,load     ] GC(94) Load: 0.00/0.00/0.00
[161.929s][info][gc,mmu      ] GC(94) MMU: 2ms/98.4%, 5ms/99.4%, 10ms/99.6%, 20ms/99.8%, 50ms/99.9%, 100ms/99.9%
[161.929s][info][gc,marking  ] GC(94) Mark: 2 stripe(s), 2 proactive flush(es), 1 terminate flush(es), 0 completion(s), 0 continuation(s) 
[161.929s][info][gc,marking  ] GC(94) Mark Stack Usage: 32M
[161.929s][info][gc,nmethod  ] GC(94) NMethods: 9051 registered, 50 unregistered
[161.929s][info][gc,metaspace] GC(94) Metaspace: 51M used, 51M committed, 1088M reserved
[161.929s][info][gc,ref      ] GC(94) Soft: 3841 encountered, 0 discovered, 0 enqueued
[161.929s][info][gc,ref      ] GC(94) Weak: 4362 encountered, 528 discovered, 13 enqueued
[161.929s][info][gc,ref      ] GC(94) Final: 37 encountered, 3 discovered, 0 enqueued
[161.929s][info][gc,ref      ] GC(94) Phantom: 291 encountered, 236 discovered, 0 enqueued
[161.929s][info][gc,reloc    ] GC(94) Small Pages: 947 / 1894M, Empty: 1772M, Relocated: 1M, In-Place: 0
[161.929s][info][gc,reloc    ] GC(94) Medium Pages: 0 / 0M, Empty: 0M, Relocated: 0M, In-Place: 0
[161.929s][info][gc,reloc    ] GC(94) Large Pages: 0 / 0M, Empty: 0M, Relocated: 0M, In-Place: 0
[161.929s][info][gc,reloc    ] GC(94) Forwarding Usage: 0M
[161.929s][info][gc,heap     ] GC(94) Min Capacity: 4096M(100%)
[161.929s][info][gc,heap     ] GC(94) Max Capacity: 4096M(100%)
[161.929s][info][gc,heap     ] GC(94) Soft Max Capacity: 4096M(100%)
[161.929s][info][gc,heap     ] GC(94)                Mark Start          Mark End        Relocate Start      Relocate End           High               Low         
[161.929s][info][gc,heap     ] GC(94)  Capacity:     4096M (100%)       4096M (100%)       4096M (100%)       4096M (100%)       4096M (100%)       4096M (100%)   
[161.929s][info][gc,heap     ] GC(94)      Free:     2202M (54%)        2184M (53%)        3948M (96%)        4044M (99%)        4044M (99%)        2178M (53%)    
[161.929s][info][gc,heap     ] GC(94)      Used:     1894M (46%)        1912M (47%)         148M (4%)           52M (1%)         1918M (47%)          52M (1%)     
[161.929s][info][gc,heap     ] GC(94)      Live:         -                20M (0%)           20M (0%)           20M (0%)             -                  -          
[161.929s][info][gc,heap     ] GC(94) Allocated:         -                18M (0%)           26M (1%)           25M (1%)             -                  -          
[161.929s][info][gc,heap     ] GC(94)   Garbage:         -              1873M (46%)         101M (2%)            5M (0%)             -                  -          
[161.929s][info][gc,heap     ] GC(94) Reclaimed:         -                  -              1772M (43%)        1867M (46%)            -                  -          
[161.929s][info][gc          ] GC(94) Garbage Collection (Proactive) 1894M(46%)->52M(1%)
[163.695s][info][gc,start    ] GC(95) Garbage Collection (System.gc())
[163.695s][info][gc,task     ] GC(95) Using 2 workers
[163.695s][info][gc,phases   ] GC(95) Pause Mark Start 0.009ms
[163.727s][info][gc,phases   ] GC(95) Concurrent Mark 31.130ms
[163.727s][info][gc,phases   ] GC(95) Pause Mark End 0.030ms
[163.727s][info][gc,phases   ] GC(95) Concurrent Mark Free 0.003ms
[163.735s][info][gc,phases   ] GC(95) Concurrent Process Non-Strong References 8.132ms
[163.735s][info][gc,phases   ] GC(95) Concurrent Reset Relocation Set 0.003ms
[163.737s][info][gc,phases   ] GC(95) Concurrent Select Relocation Set 1.796ms
[163.737s][info][gc,phases   ] GC(95) Pause Relocate Start 0.010ms
[163.738s][info][gc,phases   ] GC(95) Concurrent Relocate 0.422ms
[163.738s][info][gc,load     ] GC(95) Load: 0.00/0.00/0.00
[163.738s][info][gc,mmu      ] GC(95) MMU: 2ms/98.4%, 5ms/99.4%, 10ms/99.6%, 20ms/99.8%, 50ms/99.9%, 100ms/99.9%
[163.738s][info][gc,marking  ] GC(95) Mark: 2 stripe(s), 2 proactive flush(es), 1 terminate flush(es), 0 completion(s), 0 continuation(s) 
[163.738s][info][gc,marking  ] GC(95) Mark Stack Usage: 32M
[163.738s][info][gc,nmethod  ] GC(95) NMethods: 9086 registered, 51 unregistered
[163.738s][info][gc,metaspace] GC(95) Metaspace: 51M used, 51M committed, 1088M reserved
[163.738s][info][gc,ref      ] GC(95) Soft: 3841 encountered, 0 discovered, 0 enqueued
[163.738s][info][gc,ref      ] GC(95) Weak: 4197 encountered, 246 discovered, 31 enqueued
[163.738s][info][gc,ref      ] GC(95) Final: 37 encountered, 1 discovered, 0 enqueued
[163.738s][info][gc,ref      ] GC(95) Phantom: 291 encountered, 237 discovered, 0 enqueued
[163.738s][info][gc,reloc    ] GC(95) Small Pages: 990 / 1980M, Empty: 1840M, Relocated: 0M, In-Place: 0
[163.738s][info][gc,reloc    ] GC(95) Medium Pages: 0 / 0M, Empty: 0M, Relocated: 0M, In-Place: 0
[163.738s][info][gc,reloc    ] GC(95) Large Pages: 0 / 0M, Empty: 0M, Relocated: 0M, In-Place: 0
[163.738s][info][gc,reloc    ] GC(95) Forwarding Usage: 0M
[163.738s][info][gc,heap     ] GC(95) Min Capacity: 4096M(100%)
[163.738s][info][gc,heap     ] GC(95) Max Capacity: 4096M(100%)
[163.738s][info][gc,heap     ] GC(95) Soft Max Capacity: 4096M(100%)
[163.738s][info][gc,heap     ] GC(95)                Mark Start          Mark End        Relocate Start      Relocate End           High               Low         
[163.738s][info][gc,heap     ] GC(95)  Capacity:     4096M (100%)       4096M (100%)       4096M (100%)       4096M (100%)       4096M (100%)       4096M (100%)   
[163.738s][info][gc,heap     ] GC(95)      Free:     2116M (52%)        2102M (51%)        3942M (96%)        4056M (99%)        4056M (99%)        2102M (51%)    
[163.738s][info][gc,heap     ] GC(95)      Used:     1980M (48%)        1994M (49%)         154M (4%)           40M (1%)         1994M (49%)          40M (1%)     
[163.738s][info][gc,heap     ] GC(95)      Live:         -                20M (0%)           20M (0%)           20M (0%)             -                  -          
[163.738s][info][gc,heap     ] GC(95) Allocated:         -                14M (0%)           14M (0%)           14M (0%)             -                  -          
[163.738s][info][gc,heap     ] GC(95)   Garbage:         -              1959M (48%)         119M (3%)            5M (0%)             -                  -          
[163.738s][info][gc,heap     ] GC(95) Reclaimed:         -                  -              1840M (45%)        1954M (48%)            -                  -          
[163.738s][info][gc          ] GC(95) Garbage Collection (System.gc()) 1980M(48%)->40M(1%)
[166.601s][info][gc,start    ] GC(96) Garbage Collection (Proactive)
[166.601s][info][gc,task     ] GC(96) Using 2 workers
[166.602s][info][gc,phases   ] GC(96) Pause Mark Start 0.009ms
[166.620s][info][gc,phases   ] GC(96) Concurrent Mark 18.802ms
[166.621s][info][gc,phases   ] GC(96) Pause Mark End 0.015ms
[166.621s][info][gc,phases   ] GC(96) Concurrent Mark Free 0.001ms
[166.630s][info][gc,phases   ] GC(96) Concurrent Process Non-Strong References 8.993ms
[166.630s][info][gc,phases   ] GC(96) Concurrent Reset Relocation Set 0.004ms
[166.632s][info][gc,phases   ] GC(96) Concurrent Select Relocation Set 2.207ms
[166.632s][info][gc,phases   ] GC(96) Pause Relocate Start 0.008ms
[166.633s][info][gc,phases   ] GC(96) Concurrent Relocate 0.874ms
[166.633s][info][gc,load     ] GC(96) Load: 0.00/0.00/0.00
[166.633s][info][gc,mmu      ] GC(96) MMU: 2ms/98.4%, 5ms/99.4%, 10ms/99.6%, 20ms/99.8%, 50ms/99.9%, 100ms/99.9%
[166.633s][info][gc,marking  ] GC(96) Mark: 2 stripe(s), 2 proactive flush(es), 1 terminate flush(es), 0 completion(s), 0 continuation(s) 
[166.633s][info][gc,marking  ] GC(96) Mark Stack Usage: 32M
[166.633s][info][gc,nmethod  ] GC(96) NMethods: 9112 registered, 60 unregistered
[166.633s][info][gc,metaspace] GC(96) Metaspace: 51M used, 51M committed, 1088M reserved
[166.633s][info][gc,ref      ] GC(96) Soft: 3841 encountered, 0 discovered, 0 enqueued
[166.633s][info][gc,ref      ] GC(96) Weak: 4363 encountered, 992 discovered, 14 enqueued
[166.633s][info][gc,ref      ] GC(96) Final: 37 encountered, 0 discovered, 0 enqueued
[166.633s][info][gc,ref      ] GC(96) Phantom: 291 encountered, 234 discovered, 0 enqueued
[166.633s][info][gc,reloc    ] GC(96) Small Pages: 1553 / 3106M, Empty: 2974M, Relocated: 1M, In-Place: 0
[166.633s][info][gc,reloc    ] GC(96) Medium Pages: 0 / 0M, Empty: 0M, Relocated: 0M, In-Place: 0
[166.633s][info][gc,reloc    ] GC(96) Large Pages: 0 / 0M, Empty: 0M, Relocated: 0M, In-Place: 0
[166.633s][info][gc,reloc    ] GC(96) Forwarding Usage: 0M
[166.633s][info][gc,heap     ] GC(96) Min Capacity: 4096M(100%)
[166.633s][info][gc,heap     ] GC(96) Max Capacity: 4096M(100%)
[166.633s][info][gc,heap     ] GC(96) Soft Max Capacity: 4096M(100%)
[166.633s][info][gc,heap     ] GC(96)                Mark Start          Mark End        Relocate Start      Relocate End           High               Low         
[166.633s][info][gc,heap     ] GC(96)  Capacity:     4096M (100%)       4096M (100%)       4096M (100%)       4096M (100%)       4096M (100%)       4096M (100%)   
[166.633s][info][gc,heap     ] GC(96)      Free:      990M (24%)         970M (24%)        3936M (96%)        4040M (99%)        4040M (99%)         966M (24%)    
[166.633s][info][gc,heap     ] GC(96)      Used:     3106M (76%)        3126M (76%)         160M (4%)           56M (1%)         3130M (76%)          56M (1%)     
[166.633s][info][gc,heap     ] GC(96)      Live:         -                20M (0%)           20M (0%)           20M (0%)             -                  -          
[166.633s][info][gc,heap     ] GC(96) Allocated:         -                20M (0%)           28M (1%)           29M (1%)             -                  -          
[166.633s][info][gc,heap     ] GC(96)   Garbage:         -              3085M (75%)         111M (3%)            5M (0%)             -                  -          
[166.633s][info][gc,heap     ] GC(96) Reclaimed:         -                  -              2974M (73%)        3079M (75%)            -                  -          
[166.633s][info][gc          ] GC(96) Garbage Collection (Proactive) 3106M(76%)->56M(1%)
[167.306s][info][gc,start    ] GC(97) Garbage Collection (System.gc())
[167.306s][info][gc,task     ] GC(97) Using 2 workers
[167.306s][info][gc,phases   ] GC(97) Pause Mark Start 0.006ms
[167.326s][info][gc,phases   ] GC(97) Concurrent Mark 20.226ms
[167.326s][info][gc,phases   ] GC(97) Pause Mark End 0.017ms
[167.326s][info][gc,phases   ] GC(97) Concurrent Mark Free 0.002ms
[167.335s][info][gc,phases   ] GC(97) Concurrent Process Non-Strong References 8.356ms
[167.335s][info][gc,phases   ] GC(97) Concurrent Reset Relocation Set 0.003ms
[167.336s][info][gc,phases   ] GC(97) Concurrent Select Relocation Set 1.495ms
[167.336s][info][gc,phases   ] GC(97) Pause Relocate Start 0.008ms
[167.337s][info][gc,phases   ] GC(97) Concurrent Relocate 0.371ms
[167.337s][info][gc,load     ] GC(97) Load: 0.00/0.00/0.00
[167.337s][info][gc,mmu      ] GC(97) MMU: 2ms/98.4%, 5ms/99.4%, 10ms/99.6%, 20ms/99.8%, 50ms/99.9%, 100ms/99.9%
[167.337s][info][gc,marking  ] GC(97) Mark: 2 stripe(s), 2 proactive flush(es), 1 terminate flush(es), 0 completion(s), 0 continuation(s) 
[167.337s][info][gc,marking  ] GC(97) Mark Stack Usage: 32M
[167.337s][info][gc,nmethod  ] GC(97) NMethods: 9179 registered, 61 unregistered
[167.337s][info][gc,metaspace] GC(97) Metaspace: 51M used, 51M committed, 1088M reserved
[167.337s][info][gc,ref      ] GC(97) Soft: 3841 encountered, 0 discovered, 0 enqueued
[167.337s][info][gc,ref      ] GC(97) Weak: 4196 encountered, 499 discovered, 31 enqueued
[167.337s][info][gc,ref      ] GC(97) Final: 37 encountered, 1 discovered, 0 enqueued
[167.337s][info][gc,ref      ] GC(97) Phantom: 291 encountered, 235 discovered, 0 enqueued
[167.337s][info][gc,reloc    ] GC(97) Small Pages: 383 / 766M, Empty: 636M, Relocated: 0M, In-Place: 0
[167.337s][info][gc,reloc    ] GC(97) Medium Pages: 0 / 0M, Empty: 0M, Relocated: 0M, In-Place: 0
[167.337s][info][gc,reloc    ] GC(97) Large Pages: 0 / 0M, Empty: 0M, Relocated: 0M, In-Place: 0
[167.337s][info][gc,reloc    ] GC(97) Forwarding Usage: 0M
[167.337s][info][gc,heap     ] GC(97) Min Capacity: 4096M(100%)
[167.337s][info][gc,heap     ] GC(97) Max Capacity: 4096M(100%)
[167.337s][info][gc,heap     ] GC(97) Soft Max Capacity: 4096M(100%)
[167.337s][info][gc,heap     ] GC(97)                Mark Start          Mark End        Relocate Start      Relocate End           High               Low         
[167.337s][info][gc,heap     ] GC(97)  Capacity:     4096M (100%)       4096M (100%)       4096M (100%)       4096M (100%)       4096M (100%)       4096M (100%)   
[167.337s][info][gc,heap     ] GC(97)      Free:     3330M (81%)        3316M (81%)        3952M (96%)        4056M (99%)        4056M (99%)        3316M (81%)    
[167.337s][info][gc,heap     ] GC(97)      Used:      766M (19%)         780M (19%)         144M (4%)           40M (1%)          780M (19%)          40M (1%)     
[167.337s][info][gc,heap     ] GC(97)      Live:         -                20M (0%)           20M (0%)           20M (0%)             -                  -          
[167.337s][info][gc,heap     ] GC(97) Allocated:         -                14M (0%)           14M (0%)           14M (0%)             -                  -          
[167.337s][info][gc,heap     ] GC(97)   Garbage:         -               745M (18%)         109M (3%)            5M (0%)             -                  -          
[167.337s][info][gc,heap     ] GC(97) Reclaimed:         -                  -               636M (16%)         740M (18%)            -                  -          
[167.337s][info][gc          ] GC(97) Garbage Collection (System.gc()) 766M(19%)->40M(1%)
[169.398s][info][gc,start    ] GC(98) Garbage Collection (Proactive)
[169.398s][info][gc,task     ] GC(98) Using 2 workers
[169.398s][info][gc,phases   ] GC(98) Pause Mark Start 0.009ms
[169.417s][info][gc,phases   ] GC(98) Concurrent Mark 18.974ms
[169.417s][info][gc,phases   ] GC(98) Pause Mark End 0.017ms
[169.417s][info][gc,phases   ] GC(98) Concurrent Mark Free 0.001ms
[169.426s][info][gc,phases   ] GC(98) Concurrent Process Non-Strong References 8.915ms
[169.426s][info][gc,phases   ] GC(98) Concurrent Reset Relocation Set 0.004ms
[169.429s][info][gc,phases   ] GC(98) Concurrent Select Relocation Set 2.136ms
[169.429s][info][gc,phases   ] GC(98) Pause Relocate Start 0.008ms
[169.430s][info][gc,phases   ] GC(98) Concurrent Relocate 0.770ms
[169.430s][info][gc,load     ] GC(98) Load: 0.00/0.00/0.00
[169.430s][info][gc,mmu      ] GC(98) MMU: 2ms/98.4%, 5ms/99.4%, 10ms/99.6%, 20ms/99.8%, 50ms/99.9%, 100ms/99.9%
[169.430s][info][gc,marking  ] GC(98) Mark: 2 stripe(s), 2 proactive flush(es), 1 terminate flush(es), 0 completion(s), 0 continuation(s) 
[169.430s][info][gc,marking  ] GC(98) Mark Stack Usage: 32M
[169.430s][info][gc,nmethod  ] GC(98) NMethods: 9225 registered, 72 unregistered
[169.430s][info][gc,metaspace] GC(98) Metaspace: 51M used, 52M committed, 1088M reserved
[169.430s][info][gc,ref      ] GC(98) Soft: 3841 encountered, 0 discovered, 0 enqueued
[169.430s][info][gc,ref      ] GC(98) Weak: 4362 encountered, 1043 discovered, 13 enqueued
[169.430s][info][gc,ref      ] GC(98) Final: 37 encountered, 0 discovered, 0 enqueued
[169.430s][info][gc,ref      ] GC(98) Phantom: 291 encountered, 234 discovered, 0 enqueued
[169.430s][info][gc,reloc    ] GC(98) Small Pages: 1121 / 2242M, Empty: 2118M, Relocated: 1M, In-Place: 0
[169.430s][info][gc,reloc    ] GC(98) Medium Pages: 0 / 0M, Empty: 0M, Relocated: 0M, In-Place: 0
[169.430s][info][gc,reloc    ] GC(98) Large Pages: 0 / 0M, Empty: 0M, Relocated: 0M, In-Place: 0
[169.430s][info][gc,reloc    ] GC(98) Forwarding Usage: 0M
[169.430s][info][gc,heap     ] GC(98) Min Capacity: 4096M(100%)
[169.430s][info][gc,heap     ] GC(98) Max Capacity: 4096M(100%)
[169.430s][info][gc,heap     ] GC(98) Soft Max Capacity: 4096M(100%)
[169.430s][info][gc,heap     ] GC(98)                Mark Start          Mark End        Relocate Start      Relocate End           High               Low         
[169.430s][info][gc,heap     ] GC(98)  Capacity:     4096M (100%)       4096M (100%)       4096M (100%)       4096M (100%)       4096M (100%)       4096M (100%)   
[169.430s][info][gc,heap     ] GC(98)      Free:     1854M (45%)        1832M (45%)        3942M (96%)        4040M (99%)        4040M (99%)        1826M (45%)    
[169.430s][info][gc,heap     ] GC(98)      Used:     2242M (55%)        2264M (55%)         154M (4%)           56M (1%)         2270M (55%)          56M (1%)     
[169.430s][info][gc,heap     ] GC(98)      Live:         -                20M (1%)           20M (1%)           20M (1%)             -                  -          
[169.430s][info][gc,heap     ] GC(98) Allocated:         -                22M (1%)           30M (1%)           29M (1%)             -                  -          
[169.430s][info][gc,heap     ] GC(98)   Garbage:         -              2221M (54%)         103M (3%)            5M (0%)             -                  -          
[169.430s][info][gc,heap     ] GC(98) Reclaimed:         -                  -              2118M (52%)        2215M (54%)            -                  -          
[169.430s][info][gc          ] GC(98) Garbage Collection (Proactive) 2242M(55%)->56M(1%)
[170.198s][info][gc,stats    ] === Garbage Collection Statistics =======================================================================================================================
[170.198s][info][gc,stats    ]                                                              Last 10s              Last 10m              Last 10h                Total
[170.198s][info][gc,stats    ]                                                              Avg / Max             Avg / Max             Avg / Max             Avg / Max
[170.198s][info][gc,stats    ]   Collector: Garbage Collection Cycle                     33.559 / 42.414       32.451 / 62.948       32.451 / 62.948       32.451 / 62.948      ms
[170.198s][info][gc,stats    ]  Contention: Mark Segment Reset Contention                     0 / 1                 0 / 2                 0 / 2                 0 / 2           ops/s
[170.198s][info][gc,stats    ]  Contention: Mark SeqNum Reset Contention                      0 / 0                 0 / 2                 0 / 2                 0 / 2           ops/s
[170.198s][info][gc,stats    ]    Critical: Allocation Stall                                  0 / 0                 0 / 0                 0 / 0                 0 / 0           ops/s
[170.198s][info][gc,stats    ]    Critical: Allocation Stall                              0.000 / 0.000         0.000 / 0.000         0.000 / 0.000         0.000 / 0.000       ms
[170.198s][info][gc,stats    ]    Critical: GC Locker Stall                                   0 / 0                 0 / 0                 0 / 0                 0 / 0           ops/s
[170.198s][info][gc,stats    ]    Critical: GC Locker Stall                               0.000 / 0.000         0.000 / 0.000         0.000 / 0.000         0.000 / 0.000       ms
[170.198s][info][gc,stats    ]    Critical: Relocation Stall                                  0 / 0                 0 / 0                 0 / 0                 0 / 0           ops/s
[170.198s][info][gc,stats    ]    Critical: Relocation Stall                              0.000 / 0.000         0.000 / 0.000         0.000 / 0.000         0.000 / 0.000       ms
[170.198s][info][gc,stats    ]      Memory: Allocation Rate                                1068 / 1096            989 / 1120            989 / 1120            989 / 1120        MB/s
[170.198s][info][gc,stats    ]      Memory: Defragment                                        0 / 0                 0 / 0                 0 / 0                 0 / 0           ops/s
[170.198s][info][gc,stats    ]      Memory: Out Of Memory                                     0 / 0                 0 / 0                 0 / 0                 0 / 0           ops/s
[170.198s][info][gc,stats    ]      Memory: Page Cache Flush                                  0 / 0                 0 / 0                 0 / 0                 0 / 0           MB/s
[170.198s][info][gc,stats    ]      Memory: Page Cache Hit L1                               535 / 548             486 / 560             486 / 560             486 / 560         ops/s
[170.198s][info][gc,stats    ]      Memory: Page Cache Hit L2                                 0 / 0                 0 / 0                 0 / 0                 0 / 0           ops/s
[170.198s][info][gc,stats    ]      Memory: Page Cache Hit L3                                 0 / 0                 9 / 295               9 / 295               9 / 295         ops/s
[170.198s][info][gc,stats    ]      Memory: Page Cache Miss                                   0 / 0                 0 / 1                 0 / 1                 0 / 1           ops/s
[170.198s][info][gc,stats    ]      Memory: Uncommit                                          0 / 0                 0 / 0                 0 / 0                 0 / 0           MB/s
[170.198s][info][gc,stats    ]      Memory: Undo Object Allocation Failed                     0 / 0                 0 / 1                 0 / 1                 0 / 1           ops/s
[170.198s][info][gc,stats    ]      Memory: Undo Object Allocation Succeeded                  1 / 8                 2 / 42                2 / 42                2 / 42          ops/s
[170.198s][info][gc,stats    ]      Memory: Undo Page Allocation                              0 / 2                 1 / 8                 1 / 8                 1 / 8           ops/s
[170.198s][info][gc,stats    ]       Phase: Concurrent Mark                              21.500 / 31.130       21.180 / 33.521       21.180 / 33.521       21.180 / 33.521      ms
[170.198s][info][gc,stats    ]       Phase: Concurrent Mark Continue                      0.000 / 0.000         0.000 / 0.000         0.000 / 0.000         0.000 / 0.000       ms
[170.198s][info][gc,stats    ]       Phase: Concurrent Mark Free                          0.001 / 0.003         0.001 / 0.003         0.001 / 0.003         0.001 / 0.003       ms
[170.198s][info][gc,stats    ]       Phase: Concurrent Process Non-Strong References      8.650 / 8.993         7.559 / 21.700        7.559 / 21.700        7.559 / 21.700      ms
[170.198s][info][gc,stats    ]       Phase: Concurrent Relocate                           0.662 / 0.874         0.774 / 5.848         0.774 / 5.848         0.774 / 5.848       ms
[170.198s][info][gc,stats    ]       Phase: Concurrent Reset Relocation Set               0.003 / 0.004         0.004 / 0.010         0.004 / 0.010         0.004 / 0.010       ms
[170.198s][info][gc,stats    ]       Phase: Concurrent Select Relocation Set              1.947 / 2.207         2.060 / 5.959         2.060 / 5.959         2.060 / 5.959       ms
[170.198s][info][gc,stats    ]       Phase: Pause Mark End                                0.019 / 0.030         0.019 / 0.032         0.019 / 0.032         0.019 / 0.032       ms
[170.198s][info][gc,stats    ]       Phase: Pause Mark Start                              0.008 / 0.009         0.008 / 0.022         0.008 / 0.022         0.008 / 0.022       ms
[170.198s][info][gc,stats    ]       Phase: Pause Relocate Start                          0.009 / 0.011         0.009 / 0.023         0.009 / 0.023         0.009 / 0.023       ms
[170.198s][info][gc,stats    ]    Subphase: Concurrent Classes Purge                      0.036 / 0.054         0.098 / 1.921         0.098 / 1.921         0.098 / 1.921       ms
[170.198s][info][gc,stats    ]    Subphase: Concurrent Classes Unlink                     7.905 / 8.302         6.711 / 15.207        6.711 / 15.207        6.711 / 15.207      ms
[170.198s][info][gc,stats    ]    Subphase: Concurrent Mark                              17.613 / 29.011       17.347 / 31.441       17.347 / 31.441       17.347 / 31.441      ms
[170.198s][info][gc,stats    ]    Subphase: Concurrent Mark Try Flush                     0.070 / 0.161         0.079 / 0.430         0.079 / 0.430         0.079 / 0.430       ms
[170.198s][info][gc,stats    ]    Subphase: Concurrent Mark Try Terminate                 1.682 / 15.331        1.552 / 15.936        1.552 / 15.936        1.552 / 15.936      ms
[170.198s][info][gc,stats    ]    Subphase: Concurrent References Enqueue                 0.004 / 0.005         0.005 / 0.010         0.005 / 0.010         0.005 / 0.010       ms
[170.198s][info][gc,stats    ]    Subphase: Concurrent References Process                 0.133 / 0.160         0.134 / 0.844         0.134 / 0.844         0.134 / 0.844       ms
[170.198s][info][gc,stats    ]    Subphase: Concurrent Roots ClassLoaderDataGraph         0.071 / 0.124         0.077 / 0.281         0.077 / 0.281         0.077 / 0.281       ms
[170.198s][info][gc,stats    ]    Subphase: Concurrent Roots CodeCache                    0.000 / 0.000         0.000 / 0.000         0.000 / 0.000         0.000 / 0.000       ms
[170.198s][info][gc,stats    ]    Subphase: Concurrent Roots JavaThreads                  1.407 / 1.752         1.564 / 4.045         1.564 / 4.045         1.564 / 4.045       ms
[170.198s][info][gc,stats    ]    Subphase: Concurrent Roots OopStorageSet                0.021 / 0.023         0.025 / 0.106         0.025 / 0.106         0.025 / 0.106       ms
[170.198s][info][gc,stats    ]    Subphase: Concurrent Weak Roots OopStorageSet           0.401 / 0.551         0.408 / 1.078         0.408 / 1.078         0.408 / 1.078       ms
[170.198s][info][gc,stats    ]    Subphase: Pause Mark Try Complete                       0.000 / 0.000         0.000 / 0.000         0.000 / 0.000         0.000 / 0.000       ms
[170.198s][info][gc,stats    ]      System: Java Threads                                     59 / 60               58 / 64               58 / 64               58 / 64          threads
[170.198s][info][gc,stats    ] =========================================================================================================================================================
[170.890s][info][gc,start    ] GC(99) Garbage Collection (System.gc())
[170.890s][info][gc,task     ] GC(99) Using 2 workers
[170.890s][info][gc,phases   ] GC(99) Pause Mark Start 0.007ms
[170.916s][info][gc,phases   ] GC(99) Concurrent Mark 26.209ms
[170.916s][info][gc,phases   ] GC(99) Pause Mark End 0.022ms
[170.916s][info][gc,phases   ] GC(99) Concurrent Mark Free 0.002ms
[170.924s][info][gc,phases   ] GC(99) Concurrent Process Non-Strong References 8.065ms
[170.925s][info][gc,phases   ] GC(99) Concurrent Reset Relocation Set 0.004ms
[170.927s][info][gc,phases   ] GC(99) Concurrent Select Relocation Set 2.053ms
[170.927s][info][gc,phases   ] GC(99) Pause Relocate Start 0.007ms
[170.927s][info][gc,phases   ] GC(99) Concurrent Relocate 0.616ms
[170.927s][info][gc,load     ] GC(99) Load: 0.00/0.00/0.00
[170.927s][info][gc,mmu      ] GC(99) MMU: 2ms/98.4%, 5ms/99.4%, 10ms/99.6%, 20ms/99.8%, 50ms/99.9%, 100ms/99.9%
[170.927s][info][gc,marking  ] GC(99) Mark: 2 stripe(s), 2 proactive flush(es), 1 terminate flush(es), 0 completion(s), 0 continuation(s) 
[170.927s][info][gc,marking  ] GC(99) Mark Stack Usage: 32M
[170.927s][info][gc,nmethod  ] GC(99) NMethods: 9257 registered, 74 unregistered
[170.927s][info][gc,metaspace] GC(99) Metaspace: 51M used, 52M committed, 1088M reserved
[170.927s][info][gc,ref      ] GC(99) Soft: 3841 encountered, 0 discovered, 0 enqueued
[170.927s][info][gc,ref      ] GC(99) Weak: 4196 encountered, 951 discovered, 31 enqueued
[170.927s][info][gc,ref      ] GC(99) Final: 37 encountered, 0 discovered, 0 enqueued
[170.927s][info][gc,ref      ] GC(99) Phantom: 291 encountered, 236 discovered, 0 enqueued
[170.927s][info][gc,reloc    ] GC(99) Small Pages: 816 / 1632M, Empty: 1492M, Relocated: 0M, In-Place: 0
[170.927s][info][gc,reloc    ] GC(99) Medium Pages: 0 / 0M, Empty: 0M, Relocated: 0M, In-Place: 0
[170.927s][info][gc,reloc    ] GC(99) Large Pages: 0 / 0M, Empty: 0M, Relocated: 0M, In-Place: 0
[170.927s][info][gc,reloc    ] GC(99) Forwarding Usage: 0M
[170.927s][info][gc,heap     ] GC(99) Min Capacity: 4096M(100%)
[170.927s][info][gc,heap     ] GC(99) Max Capacity: 4096M(100%)
[170.927s][info][gc,heap     ] GC(99) Soft Max Capacity: 4096M(100%)
[170.927s][info][gc,heap     ] GC(99)                Mark Start          Mark End        Relocate Start      Relocate End           High               Low         
[170.927s][info][gc,heap     ] GC(99)  Capacity:     4096M (100%)       4096M (100%)       4096M (100%)       4096M (100%)       4096M (100%)       4096M (100%)   
[170.927s][info][gc,heap     ] GC(99)      Free:     2464M (60%)        2450M (60%)        3942M (96%)        4056M (99%)        4056M (99%)        2450M (60%)    
[170.927s][info][gc,heap     ] GC(99)      Used:     1632M (40%)        1646M (40%)         154M (4%)           40M (1%)         1646M (40%)          40M (1%)     
[170.927s][info][gc,heap     ] GC(99)      Live:         -                20M (0%)           20M (0%)           20M (0%)             -                  -          
[170.928s][info][gc,heap     ] GC(99) Allocated:         -                14M (0%)           14M (0%)           14M (0%)             -                  -          
[170.928s][info][gc,heap     ] GC(99)   Garbage:         -              1611M (39%)         119M (3%)            5M (0%)             -                  -          
[170.928s][info][gc,heap     ] GC(99) Reclaimed:         -                  -              1492M (36%)        1606M (39%)            -                  -          
[170.928s][info][gc          ] GC(99) Garbage Collection (System.gc()) 1632M(40%)->40M(1%)
[173.198s][info][gc,start    ] GC(100) Garbage Collection (Proactive)
[173.198s][info][gc,task     ] GC(100) Using 2 workers
[173.198s][info][gc,phases   ] GC(100) Pause Mark Start 0.008ms
[173.216s][info][gc,phases   ] GC(100) Concurrent Mark 18.022ms
[173.216s][info][gc,phases   ] GC(100) Pause Mark End 0.014ms
[173.216s][info][gc,phases   ] GC(100) Concurrent Mark Free 0.001ms
[173.225s][info][gc,phases   ] GC(100) Concurrent Process Non-Strong References 9.299ms
[173.225s][info][gc,phases   ] GC(100) Concurrent Reset Relocation Set 0.005ms
[173.227s][info][gc,phases   ] GC(100) Concurrent Select Relocation Set 2.060ms
[173.227s][info][gc,phases   ] GC(100) Pause Relocate Start 0.009ms
[173.228s][info][gc,phases   ] GC(100) Concurrent Relocate 0.860ms
[173.228s][info][gc,load     ] GC(100) Load: 0.00/0.00/0.00
[173.228s][info][gc,mmu      ] GC(100) MMU: 2ms/98.4%, 5ms/99.4%, 10ms/99.6%, 20ms/99.8%, 50ms/99.9%, 100ms/99.9%
[173.228s][info][gc,marking  ] GC(100) Mark: 2 stripe(s), 2 proactive flush(es), 1 terminate flush(es), 0 completion(s), 0 continuation(s) 
[173.228s][info][gc,marking  ] GC(100) Mark Stack Usage: 32M
[173.229s][info][gc,nmethod  ] GC(100) NMethods: 9302 registered, 82 unregistered
[173.229s][info][gc,metaspace] GC(100) Metaspace: 51M used, 52M committed, 1088M reserved
[173.229s][info][gc,ref      ] GC(100) Soft: 3841 encountered, 0 discovered, 0 enqueued
[173.229s][info][gc,ref      ] GC(100) Weak: 4362 encountered, 557 discovered, 13 enqueued
[173.229s][info][gc,ref      ] GC(100) Final: 37 encountered, 2 discovered, 0 enqueued
[173.229s][info][gc,ref      ] GC(100) Phantom: 291 encountered, 235 discovered, 0 enqueued
[173.229s][info][gc,reloc    ] GC(100) Small Pages: 1224 / 2448M, Empty: 2330M, Relocated: 1M, In-Place: 0
[173.229s][info][gc,reloc    ] GC(100) Medium Pages: 0 / 0M, Empty: 0M, Relocated: 0M, In-Place: 0
[173.229s][info][gc,reloc    ] GC(100) Large Pages: 0 / 0M, Empty: 0M, Relocated: 0M, In-Place: 0
[173.229s][info][gc,reloc    ] GC(100) Forwarding Usage: 0M
[173.229s][info][gc,heap     ] GC(100) Min Capacity: 4096M(100%)
[173.229s][info][gc,heap     ] GC(100) Max Capacity: 4096M(100%)
[173.229s][info][gc,heap     ] GC(100) Soft Max Capacity: 4096M(100%)
[173.229s][info][gc,heap     ] GC(100)                Mark Start          Mark End        Relocate Start      Relocate End           High               Low         
[173.229s][info][gc,heap     ] GC(100)  Capacity:     4096M (100%)       4096M (100%)       4096M (100%)       4096M (100%)       4096M (100%)       4096M (100%)   
[173.229s][info][gc,heap     ] GC(100)      Free:     1648M (40%)        1630M (40%)        3950M (96%)        4042M (99%)        4042M (99%)        1622M (40%)    
[173.229s][info][gc,heap     ] GC(100)      Used:     2448M (60%)        2466M (60%)         146M (4%)           54M (1%)         2474M (60%)          54M (1%)     
[173.229s][info][gc,heap     ] GC(100)      Live:         -                20M (1%)           20M (1%)           20M (1%)             -                  -          
[173.229s][info][gc,heap     ] GC(100) Allocated:         -                18M (0%)           28M (1%)           27M (1%)             -                  -          
[173.229s][info][gc,heap     ] GC(100)   Garbage:         -              2427M (59%)          97M (2%)            5M (0%)             -                  -          
[173.229s][info][gc,heap     ] GC(100) Reclaimed:         -                  -              2330M (57%)        2421M (59%)            -                  -          
[173.229s][info][gc          ] GC(100) Garbage Collection (Proactive) 2448M(60%)->54M(1%)
[174.509s][info][gc,start    ] GC(101) Garbage Collection (System.gc())
[174.510s][info][gc,task     ] GC(101) Using 2 workers
[174.510s][info][gc,phases   ] GC(101) Pause Mark Start 0.008ms
[174.537s][info][gc,phases   ] GC(101) Concurrent Mark 27.190ms
[174.537s][info][gc,phases   ] GC(101) Pause Mark End 0.027ms
[174.537s][info][gc,phases   ] GC(101) Concurrent Mark Free 0.001ms
[174.545s][info][gc,phases   ] GC(101) Concurrent Process Non-Strong References 7.739ms
[174.545s][info][gc,phases   ] GC(101) Concurrent Reset Relocation Set 0.003ms
[174.547s][info][gc,phases   ] GC(101) Concurrent Select Relocation Set 1.539ms
[174.547s][info][gc,phases   ] GC(101) Pause Relocate Start 0.009ms
[174.547s][info][gc,phases   ] GC(101) Concurrent Relocate 0.373ms
[174.547s][info][gc,load     ] GC(101) Load: 0.00/0.00/0.00
[174.547s][info][gc,mmu      ] GC(101) MMU: 2ms/98.4%, 5ms/99.4%, 10ms/99.6%, 20ms/99.8%, 50ms/99.9%, 100ms/99.9%
[174.547s][info][gc,marking  ] GC(101) Mark: 2 stripe(s), 2 proactive flush(es), 1 terminate flush(es), 0 completion(s), 0 continuation(s) 
[174.547s][info][gc,marking  ] GC(101) Mark Stack Usage: 32M
[174.547s][info][gc,nmethod  ] GC(101) NMethods: 9331 registered, 83 unregistered
[174.547s][info][gc,metaspace] GC(101) Metaspace: 51M used, 52M committed, 1088M reserved
[174.547s][info][gc,ref      ] GC(101) Soft: 3841 encountered, 0 discovered, 0 enqueued
[174.547s][info][gc,ref      ] GC(101) Weak: 4192 encountered, 981 discovered, 30 enqueued
[174.547s][info][gc,ref      ] GC(101) Final: 37 encountered, 0 discovered, 0 enqueued
[174.547s][info][gc,ref      ] GC(101) Phantom: 291 encountered, 236 discovered, 0 enqueued
[174.547s][info][gc,reloc    ] GC(101) Small Pages: 714 / 1428M, Empty: 1302M, Relocated: 0M, In-Place: 0
[174.547s][info][gc,reloc    ] GC(101) Medium Pages: 0 / 0M, Empty: 0M, Relocated: 0M, In-Place: 0
[174.547s][info][gc,reloc    ] GC(101) Large Pages: 0 / 0M, Empty: 0M, Relocated: 0M, In-Place: 0
[174.547s][info][gc,reloc    ] GC(101) Forwarding Usage: 0M
[174.547s][info][gc,heap     ] GC(101) Min Capacity: 4096M(100%)
[174.547s][info][gc,heap     ] GC(101) Max Capacity: 4096M(100%)
[174.547s][info][gc,heap     ] GC(101) Soft Max Capacity: 4096M(100%)
[174.547s][info][gc,heap     ] GC(101)                Mark Start          Mark End        Relocate Start      Relocate End           High               Low         
[174.547s][info][gc,heap     ] GC(101)  Capacity:     4096M (100%)       4096M (100%)       4096M (100%)       4096M (100%)       4096M (100%)       4096M (100%)   
[174.547s][info][gc,heap     ] GC(101)      Free:     2668M (65%)        2654M (65%)        3956M (97%)        4056M (99%)        4056M (99%)        2654M (65%)    
[174.547s][info][gc,heap     ] GC(101)      Used:     1428M (35%)        1442M (35%)         140M (3%)           40M (1%)         1442M (35%)          40M (1%)     
[174.547s][info][gc,heap     ] GC(101)      Live:         -                20M (0%)           20M (0%)           20M (0%)             -                  -          
[174.547s][info][gc,heap     ] GC(101) Allocated:         -                14M (0%)           14M (0%)           14M (0%)             -                  -          
[174.547s][info][gc,heap     ] GC(101)   Garbage:         -              1407M (34%)         105M (3%)            5M (0%)             -                  -          
[174.547s][info][gc,heap     ] GC(101) Reclaimed:         -                  -              1302M (32%)        1402M (34%)            -                  -          
[174.547s][info][gc          ] GC(101) Garbage Collection (System.gc()) 1428M(35%)->40M(1%)
[176.897s][info][gc,start    ] GC(102) Garbage Collection (Proactive)
[176.898s][info][gc,task     ] GC(102) Using 2 workers
[176.898s][info][gc,phases   ] GC(102) Pause Mark Start 0.009ms
[176.915s][info][gc,phases   ] GC(102) Concurrent Mark 17.427ms
[176.915s][info][gc,phases   ] GC(102) Pause Mark End 0.015ms
[176.915s][info][gc,phases   ] GC(102) Concurrent Mark Free 0.001ms
[176.925s][info][gc,phases   ] GC(102) Concurrent Process Non-Strong References 9.563ms
[176.925s][info][gc,phases   ] GC(102) Concurrent Reset Relocation Set 0.004ms
[176.927s][info][gc,phases   ] GC(102) Concurrent Select Relocation Set 2.075ms
[176.927s][info][gc,phases   ] GC(102) Pause Relocate Start 0.010ms
[176.928s][info][gc,phases   ] GC(102) Concurrent Relocate 0.855ms
[176.928s][info][gc,load     ] GC(102) Load: 0.00/0.00/0.00
[176.928s][info][gc,mmu      ] GC(102) MMU: 2ms/98.4%, 5ms/99.4%, 10ms/99.6%, 20ms/99.8%, 50ms/99.9%, 100ms/99.9%
[176.928s][info][gc,marking  ] GC(102) Mark: 2 stripe(s), 2 proactive flush(es), 1 terminate flush(es), 0 completion(s), 0 continuation(s) 
[176.928s][info][gc,marking  ] GC(102) Mark Stack Usage: 32M
[176.928s][info][gc,nmethod  ] GC(102) NMethods: 9376 registered, 90 unregistered
[176.928s][info][gc,metaspace] GC(102) Metaspace: 51M used, 52M committed, 1088M reserved
[176.928s][info][gc,ref      ] GC(102) Soft: 3841 encountered, 0 discovered, 0 enqueued
[176.928s][info][gc,ref      ] GC(102) Weak: 4363 encountered, 774 discovered, 14 enqueued
[176.928s][info][gc,ref      ] GC(102) Final: 37 encountered, 0 discovered, 0 enqueued
[176.928s][info][gc,ref      ] GC(102) Phantom: 291 encountered, 237 discovered, 0 enqueued
[176.928s][info][gc,reloc    ] GC(102) Small Pages: 1263 / 2526M, Empty: 2410M, Relocated: 1M, In-Place: 0
[176.928s][info][gc,reloc    ] GC(102) Medium Pages: 0 / 0M, Empty: 0M, Relocated: 0M, In-Place: 0
[176.928s][info][gc,reloc    ] GC(102) Large Pages: 0 / 0M, Empty: 0M, Relocated: 0M, In-Place: 0
[176.928s][info][gc,reloc    ] GC(102) Forwarding Usage: 0M
[176.928s][info][gc,heap     ] GC(102) Min Capacity: 4096M(100%)
[176.928s][info][gc,heap     ] GC(102) Max Capacity: 4096M(100%)
[176.928s][info][gc,heap     ] GC(102) Soft Max Capacity: 4096M(100%)
[176.928s][info][gc,heap     ] GC(102)                Mark Start          Mark End        Relocate Start      Relocate End           High               Low         
[176.928s][info][gc,heap     ] GC(102)  Capacity:     4096M (100%)       4096M (100%)       4096M (100%)       4096M (100%)       4096M (100%)       4096M (100%)   
[176.928s][info][gc,heap     ] GC(102)      Free:     1570M (38%)        1552M (38%)        3952M (96%)        4042M (99%)        4042M (99%)        1546M (38%)    
[176.928s][info][gc,heap     ] GC(102)      Used:     2526M (62%)        2544M (62%)         144M (4%)           54M (1%)         2550M (62%)          54M (1%)     
[176.928s][info][gc,heap     ] GC(102)      Live:         -                20M (1%)           20M (1%)           20M (1%)             -                  -          
[176.928s][info][gc,heap     ] GC(102) Allocated:         -                18M (0%)           28M (1%)           27M (1%)             -                  -          
[176.928s][info][gc,heap     ] GC(102)   Garbage:         -              2505M (61%)          95M (2%)            5M (0%)             -                  -          
[176.928s][info][gc,heap     ] GC(102) Reclaimed:         -                  -              2410M (59%)        2499M (61%)            -                  -          
[176.928s][info][gc          ] GC(102) Garbage Collection (Proactive) 2526M(62%)->54M(1%)
[178.152s][info][gc,start    ] GC(103) Garbage Collection (System.gc())
[178.152s][info][gc,task     ] GC(103) Using 2 workers
[178.152s][info][gc,phases   ] GC(103) Pause Mark Start 0.007ms
[178.176s][info][gc,phases   ] GC(103) Concurrent Mark 24.694ms
[178.177s][info][gc,phases   ] GC(103) Pause Mark End 0.024ms
[178.177s][info][gc,phases   ] GC(103) Concurrent Mark Free 0.002ms
[178.185s][info][gc,phases   ] GC(103) Concurrent Process Non-Strong References 8.294ms
[178.185s][info][gc,phases   ] GC(103) Concurrent Reset Relocation Set 0.005ms
[178.187s][info][gc,phases   ] GC(103) Concurrent Select Relocation Set 1.870ms
[178.187s][info][gc,phases   ] GC(103) Pause Relocate Start 0.008ms
[178.188s][info][gc,phases   ] GC(103) Concurrent Relocate 0.763ms
[178.188s][info][gc,load     ] GC(103) Load: 0.00/0.00/0.00
[178.188s][info][gc,mmu      ] GC(103) MMU: 2ms/98.4%, 5ms/99.4%, 10ms/99.6%, 20ms/99.8%, 50ms/99.9%, 100ms/99.9%
[178.188s][info][gc,marking  ] GC(103) Mark: 2 stripe(s), 2 proactive flush(es), 1 terminate flush(es), 0 completion(s), 0 continuation(s) 
[178.188s][info][gc,marking  ] GC(103) Mark Stack Usage: 32M
[178.188s][info][gc,nmethod  ] GC(103) NMethods: 9391 registered, 90 unregistered
[178.188s][info][gc,metaspace] GC(103) Metaspace: 51M used, 52M committed, 1088M reserved
[178.188s][info][gc,ref      ] GC(103) Soft: 3841 encountered, 0 discovered, 0 enqueued
[178.188s][info][gc,ref      ] GC(103) Weak: 4196 encountered, 833 discovered, 31 enqueued
[178.188s][info][gc,ref      ] GC(103) Final: 37 encountered, 2 discovered, 0 enqueued
[178.188s][info][gc,ref      ] GC(103) Phantom: 291 encountered, 234 discovered, 0 enqueued
[178.188s][info][gc,reloc    ] GC(103) Small Pages: 674 / 1348M, Empty: 1212M, Relocated: 0M, In-Place: 0
[178.188s][info][gc,reloc    ] GC(103) Medium Pages: 0 / 0M, Empty: 0M, Relocated: 0M, In-Place: 0
[178.188s][info][gc,reloc    ] GC(103) Large Pages: 0 / 0M, Empty: 0M, Relocated: 0M, In-Place: 0
[178.188s][info][gc,reloc    ] GC(103) Forwarding Usage: 0M
[178.188s][info][gc,heap     ] GC(103) Min Capacity: 4096M(100%)
[178.188s][info][gc,heap     ] GC(103) Max Capacity: 4096M(100%)
[178.188s][info][gc,heap     ] GC(103) Soft Max Capacity: 4096M(100%)
[178.188s][info][gc,heap     ] GC(103)                Mark Start          Mark End        Relocate Start      Relocate End           High               Low         
[178.188s][info][gc,heap     ] GC(103)  Capacity:     4096M (100%)       4096M (100%)       4096M (100%)       4096M (100%)       4096M (100%)       4096M (100%)   
[178.188s][info][gc,heap     ] GC(103)      Free:     2748M (67%)        2734M (67%)        3946M (96%)        4056M (99%)        4056M (99%)        2734M (67%)    
[178.188s][info][gc,heap     ] GC(103)      Used:     1348M (33%)        1362M (33%)         150M (4%)           40M (1%)         1362M (33%)          40M (1%)     
[178.188s][info][gc,heap     ] GC(103)      Live:         -                20M (0%)           20M (0%)           20M (0%)             -                  -          
[178.188s][info][gc,heap     ] GC(103) Allocated:         -                14M (0%)           14M (0%)           14M (0%)             -                  -          
[178.188s][info][gc,heap     ] GC(103)   Garbage:         -              1327M (32%)         115M (3%)            5M (0%)             -                  -          
[178.188s][info][gc,heap     ] GC(103) Reclaimed:         -                  -              1212M (30%)        1322M (32%)            -                  -          
[178.188s][info][gc          ] GC(103) Garbage Collection (System.gc()) 1348M(33%)->40M(1%)
[180.198s][info][gc,stats    ] === Garbage Collection Statistics =======================================================================================================================
[180.198s][info][gc,stats    ]                                                              Last 10s              Last 10m              Last 10h                Total
[180.198s][info][gc,stats    ]                                                              Avg / Max             Avg / Max             Avg / Max             Avg / Max
[180.198s][info][gc,stats    ]   Collector: Garbage Collection Cycle                     34.680 / 37.738       32.559 / 62.948       32.559 / 62.948       32.559 / 62.948      ms
[180.198s][info][gc,stats    ]  Contention: Mark Segment Reset Contention                     0 / 0                 0 / 2                 0 / 2                 0 / 2           ops/s
[180.198s][info][gc,stats    ]  Contention: Mark SeqNum Reset Contention                      0 / 1                 0 / 2                 0 / 2                 0 / 2           ops/s
[180.198s][info][gc,stats    ]    Critical: Allocation Stall                                  0 / 0                 0 / 0                 0 / 0                 0 / 0           ops/s
[180.198s][info][gc,stats    ]    Critical: Allocation Stall                              0.000 / 0.000         0.000 / 0.000         0.000 / 0.000         0.000 / 0.000       ms
[180.198s][info][gc,stats    ]    Critical: GC Locker Stall                                   0 / 0                 0 / 0                 0 / 0                 0 / 0           ops/s
[180.198s][info][gc,stats    ]    Critical: GC Locker Stall                               0.000 / 0.000         0.000 / 0.000         0.000 / 0.000         0.000 / 0.000       ms
[180.198s][info][gc,stats    ]    Critical: Relocation Stall                                  0 / 0                 0 / 0                 0 / 0                 0 / 0           ops/s
[180.198s][info][gc,stats    ]    Critical: Relocation Stall                              0.000 / 0.000         0.000 / 0.000         0.000 / 0.000         0.000 / 0.000       ms
[180.198s][info][gc,stats    ]      Memory: Allocation Rate                                1056 / 1084            992 / 1120            992 / 1120            992 / 1120        MB/s
[180.198s][info][gc,stats    ]      Memory: Defragment                                        0 / 0                 0 / 0                 0 / 0                 0 / 0           ops/s
[180.198s][info][gc,stats    ]      Memory: Out Of Memory                                     0 / 0                 0 / 0                 0 / 0                 0 / 0           ops/s
[180.198s][info][gc,stats    ]      Memory: Page Cache Flush                                  0 / 0                 0 / 0                 0 / 0                 0 / 0           MB/s
[180.198s][info][gc,stats    ]      Memory: Page Cache Hit L1                               529 / 542             488 / 560             488 / 560             488 / 560         ops/s
[180.198s][info][gc,stats    ]      Memory: Page Cache Hit L2                                 0 / 0                 0 / 0                 0 / 0                 0 / 0           ops/s
[180.198s][info][gc,stats    ]      Memory: Page Cache Hit L3                                 0 / 0                 9 / 295               9 / 295               9 / 295         ops/s
[180.198s][info][gc,stats    ]      Memory: Page Cache Miss                                   0 / 0                 0 / 1                 0 / 1                 0 / 1           ops/s
[180.198s][info][gc,stats    ]      Memory: Uncommit                                          0 / 0                 0 / 0                 0 / 0                 0 / 0           MB/s
[180.198s][info][gc,stats    ]      Memory: Undo Object Allocation Failed                     0 / 0                 0 / 1                 0 / 1                 0 / 1           ops/s
[180.198s][info][gc,stats    ]      Memory: Undo Object Allocation Succeeded                  0 / 2                 2 / 42                2 / 42                2 / 42          ops/s
[180.198s][info][gc,stats    ]      Memory: Undo Page Allocation                              0 / 2                 1 / 8                 1 / 8                 1 / 8           ops/s
[180.198s][info][gc,stats    ]       Phase: Concurrent Mark                              22.708 / 27.190       21.254 / 33.521       21.254 / 33.521       21.254 / 33.521      ms
[180.198s][info][gc,stats    ]       Phase: Concurrent Mark Continue                      0.000 / 0.000         0.000 / 0.000         0.000 / 0.000         0.000 / 0.000       ms
[180.198s][info][gc,stats    ]       Phase: Concurrent Mark Free                          0.001 / 0.002         0.001 / 0.003         0.001 / 0.003         0.001 / 0.003       ms
[180.198s][info][gc,stats    ]       Phase: Concurrent Process Non-Strong References      8.592 / 9.563         7.608 / 21.700        7.608 / 21.700        7.608 / 21.700      ms
[180.198s][info][gc,stats    ]       Phase: Concurrent Relocate                           0.693 / 0.860         0.770 / 5.848         0.770 / 5.848         0.770 / 5.848       ms
[180.198s][info][gc,stats    ]       Phase: Concurrent Reset Relocation Set               0.004 / 0.005         0.004 / 0.010         0.004 / 0.010         0.004 / 0.010       ms
[180.198s][info][gc,stats    ]       Phase: Concurrent Select Relocation Set              1.919 / 2.075         2.053 / 5.959         2.053 / 5.959         2.053 / 5.959       ms
[180.198s][info][gc,stats    ]       Phase: Pause Mark End                                0.020 / 0.027         0.019 / 0.032         0.019 / 0.032         0.019 / 0.032       ms
[180.198s][info][gc,stats    ]       Phase: Pause Mark Start                              0.008 / 0.009         0.008 / 0.022         0.008 / 0.022         0.008 / 0.022       ms
[180.198s][info][gc,stats    ]       Phase: Pause Relocate Start                          0.009 / 0.010         0.009 / 0.023         0.009 / 0.023         0.009 / 0.023       ms
[180.198s][info][gc,stats    ]    Subphase: Concurrent Classes Purge                      0.033 / 0.044         0.095 / 1.921         0.095 / 1.921         0.095 / 1.921       ms
[180.198s][info][gc,stats    ]    Subphase: Concurrent Classes Unlink                     7.700 / 8.687         6.758 / 15.207        6.758 / 15.207        6.758 / 15.207      ms
[180.198s][info][gc,stats    ]    Subphase: Concurrent Mark                              17.950 / 25.025       17.376 / 31.441       17.376 / 31.441       17.376 / 31.441      ms
[180.198s][info][gc,stats    ]    Subphase: Concurrent Mark Try Flush                     0.073 / 0.160         0.079 / 0.430         0.079 / 0.430         0.079 / 0.430       ms
[180.198s][info][gc,stats    ]    Subphase: Concurrent Mark Try Terminate                 2.248 / 11.237        1.585 / 15.936        1.585 / 15.936        1.585 / 15.936      ms
[180.198s][info][gc,stats    ]    Subphase: Concurrent References Enqueue                 0.005 / 0.007         0.005 / 0.010         0.005 / 0.010         0.005 / 0.010       ms
[180.198s][info][gc,stats    ]    Subphase: Concurrent References Process                 0.166 / 0.218         0.136 / 0.844         0.136 / 0.844         0.136 / 0.844       ms
[180.198s][info][gc,stats    ]    Subphase: Concurrent Roots ClassLoaderDataGraph         0.073 / 0.131         0.077 / 0.281         0.077 / 0.281         0.077 / 0.281       ms
[180.198s][info][gc,stats    ]    Subphase: Concurrent Roots CodeCache                    0.000 / 0.000         0.000 / 0.000         0.000 / 0.000         0.000 / 0.000       ms
[180.198s][info][gc,stats    ]    Subphase: Concurrent Roots JavaThreads                  1.474 / 2.017         1.559 / 4.045         1.559 / 4.045         1.559 / 4.045       ms
[180.198s][info][gc,stats    ]    Subphase: Concurrent Roots OopStorageSet                0.023 / 0.027         0.025 / 0.106         0.025 / 0.106         0.025 / 0.106       ms
[180.198s][info][gc,stats    ]    Subphase: Concurrent Weak Roots OopStorageSet           0.456 / 0.688         0.410 / 1.078         0.410 / 1.078         0.410 / 1.078       ms
[180.198s][info][gc,stats    ]    Subphase: Pause Mark Try Complete                       0.000 / 0.000         0.000 / 0.000         0.000 / 0.000         0.000 / 0.000       ms
[180.198s][info][gc,stats    ]      System: Java Threads                                     59 / 59               58 / 64               58 / 64               58 / 64          threads
[180.198s][info][gc,stats    ] =========================================================================================================================================================
[180.402s][info][gc,start    ] GC(104) Garbage Collection (Proactive)
[180.402s][info][gc,task     ] GC(104) Using 2 workers
[180.402s][info][gc,phases   ] GC(104) Pause Mark Start 0.010ms
[180.420s][info][gc,phases   ] GC(104) Concurrent Mark 18.058ms
[180.420s][info][gc,phases   ] GC(104) Pause Mark End 0.017ms
[180.420s][info][gc,phases   ] GC(104) Concurrent Mark Free 0.001ms
[180.429s][info][gc,phases   ] GC(104) Concurrent Process Non-Strong References 9.296ms
[180.429s][info][gc,phases   ] GC(104) Concurrent Reset Relocation Set 0.003ms
[180.432s][info][gc,phases   ] GC(104) Concurrent Select Relocation Set 2.065ms
[180.432s][info][gc,phases   ] GC(104) Pause Relocate Start 0.010ms
[180.433s][info][gc,phases   ] GC(104) Concurrent Relocate 0.829ms
[180.433s][info][gc,load     ] GC(104) Load: 0.00/0.00/0.00
[180.433s][info][gc,mmu      ] GC(104) MMU: 2ms/98.4%, 5ms/99.4%, 10ms/99.6%, 20ms/99.8%, 50ms/99.9%, 100ms/99.9%
[180.433s][info][gc,marking  ] GC(104) Mark: 2 stripe(s), 2 proactive flush(es), 1 terminate flush(es), 0 completion(s), 0 continuation(s) 
[180.433s][info][gc,marking  ] GC(104) Mark Stack Usage: 32M
[180.433s][info][gc,nmethod  ] GC(104) NMethods: 9420 registered, 96 unregistered
[180.433s][info][gc,metaspace] GC(104) Metaspace: 51M used, 52M committed, 1088M reserved
[180.433s][info][gc,ref      ] GC(104) Soft: 3841 encountered, 0 discovered, 0 enqueued
[180.433s][info][gc,ref      ] GC(104) Weak: 4362 encountered, 522 discovered, 13 enqueued
[180.433s][info][gc,ref      ] GC(104) Final: 37 encountered, 0 discovered, 0 enqueued
[180.433s][info][gc,ref      ] GC(104) Phantom: 291 encountered, 236 discovered, 0 enqueued
[180.433s][info][gc,reloc    ] GC(104) Small Pages: 1207 / 2414M, Empty: 2298M, Relocated: 1M, In-Place: 0
[180.433s][info][gc,reloc    ] GC(104) Medium Pages: 0 / 0M, Empty: 0M, Relocated: 0M, In-Place: 0
[180.433s][info][gc,reloc    ] GC(104) Large Pages: 0 / 0M, Empty: 0M, Relocated: 0M, In-Place: 0
[180.433s][info][gc,reloc    ] GC(104) Forwarding Usage: 0M
[180.433s][info][gc,heap     ] GC(104) Min Capacity: 4096M(100%)
[180.433s][info][gc,heap     ] GC(104) Max Capacity: 4096M(100%)
[180.433s][info][gc,heap     ] GC(104) Soft Max Capacity: 4096M(100%)
[180.433s][info][gc,heap     ] GC(104)                Mark Start          Mark End        Relocate Start      Relocate End           High               Low         
[180.433s][info][gc,heap     ] GC(104)  Capacity:     4096M (100%)       4096M (100%)       4096M (100%)       4096M (100%)       4096M (100%)       4096M (100%)   
[180.433s][info][gc,heap     ] GC(104)      Free:     1682M (41%)        1662M (41%)        3950M (96%)        4040M (99%)        4040M (99%)        1654M (40%)    
[180.433s][info][gc,heap     ] GC(104)      Used:     2414M (59%)        2434M (59%)         146M (4%)           56M (1%)         2442M (60%)          56M (1%)     
[180.433s][info][gc,heap     ] GC(104)      Live:         -                20M (1%)           20M (1%)           20M (1%)             -                  -          
[180.433s][info][gc,heap     ] GC(104) Allocated:         -                20M (0%)           30M (1%)           29M (1%)             -                  -          
[180.433s][info][gc,heap     ] GC(104)   Garbage:         -              2393M (58%)          95M (2%)            5M (0%)             -                  -          
[180.433s][info][gc,heap     ] GC(104) Reclaimed:         -                  -              2298M (56%)        2387M (58%)            -                  -          
[180.433s][info][gc          ] GC(104) Garbage Collection (Proactive) 2414M(59%)->56M(1%)
[181.735s][info][gc,start    ] GC(105) Garbage Collection (System.gc())
[181.735s][info][gc,task     ] GC(105) Using 2 workers
[181.735s][info][gc,phases   ] GC(105) Pause Mark Start 0.007ms
[181.757s][info][gc,phases   ] GC(105) Concurrent Mark 21.511ms
[181.757s][info][gc,phases   ] GC(105) Pause Mark End 0.025ms
[181.757s][info][gc,phases   ] GC(105) Concurrent Mark Free 0.001ms
[181.765s][info][gc,phases   ] GC(105) Concurrent Process Non-Strong References 8.191ms
[181.765s][info][gc,phases   ] GC(105) Concurrent Reset Relocation Set 0.003ms
[181.767s][info][gc,phases   ] GC(105) Concurrent Select Relocation Set 2.228ms
[181.767s][info][gc,phases   ] GC(105) Pause Relocate Start 0.012ms
[181.768s][info][gc,phases   ] GC(105) Concurrent Relocate 0.732ms
[181.768s][info][gc,load     ] GC(105) Load: 0.00/0.00/0.00
[181.768s][info][gc,mmu      ] GC(105) MMU: 2ms/98.4%, 5ms/99.4%, 10ms/99.6%, 20ms/99.8%, 50ms/99.9%, 100ms/99.9%
[181.768s][info][gc,marking  ] GC(105) Mark: 2 stripe(s), 2 proactive flush(es), 1 terminate flush(es), 0 completion(s), 0 continuation(s) 
[181.768s][info][gc,marking  ] GC(105) Mark Stack Usage: 32M
[181.768s][info][gc,nmethod  ] GC(105) NMethods: 9429 registered, 97 unregistered
[181.768s][info][gc,metaspace] GC(105) Metaspace: 51M used, 52M committed, 1088M reserved
[181.768s][info][gc,ref      ] GC(105) Soft: 3841 encountered, 0 discovered, 0 enqueued
[181.768s][info][gc,ref      ] GC(105) Weak: 4196 encountered, 522 discovered, 31 enqueued
[181.768s][info][gc,ref      ] GC(105) Final: 37 encountered, 0 discovered, 0 enqueued
[181.768s][info][gc,ref      ] GC(105) Phantom: 291 encountered, 237 discovered, 0 enqueued
[181.768s][info][gc,reloc    ] GC(105) Small Pages: 730 / 1460M, Empty: 1310M, Relocated: 0M, In-Place: 0
[181.768s][info][gc,reloc    ] GC(105) Medium Pages: 0 / 0M, Empty: 0M, Relocated: 0M, In-Place: 0
[181.768s][info][gc,reloc    ] GC(105) Large Pages: 0 / 0M, Empty: 0M, Relocated: 0M, In-Place: 0
[181.768s][info][gc,reloc    ] GC(105) Forwarding Usage: 0M
[181.768s][info][gc,heap     ] GC(105) Min Capacity: 4096M(100%)
[181.768s][info][gc,heap     ] GC(105) Max Capacity: 4096M(100%)
[181.768s][info][gc,heap     ] GC(105) Soft Max Capacity: 4096M(100%)
[181.768s][info][gc,heap     ] GC(105)                Mark Start          Mark End        Relocate Start      Relocate End           High               Low         
[181.768s][info][gc,heap     ] GC(105)  Capacity:     4096M (100%)       4096M (100%)       4096M (100%)       4096M (100%)       4096M (100%)       4096M (100%)   
[181.768s][info][gc,heap     ] GC(105)      Free:     2636M (64%)        2624M (64%)        3934M (96%)        4058M (99%)        4058M (99%)        2624M (64%)    
[181.768s][info][gc,heap     ] GC(105)      Used:     1460M (36%)        1472M (36%)         162M (4%)           38M (1%)         1472M (36%)          38M (1%)     
[181.768s][info][gc,heap     ] GC(105)      Live:         -                20M (0%)           20M (0%)           20M (0%)             -                  -          
[181.768s][info][gc,heap     ] GC(105) Allocated:         -                12M (0%)           12M (0%)           12M (0%)             -                  -          
[181.768s][info][gc,heap     ] GC(105)   Garbage:         -              1439M (35%)         129M (3%)            5M (0%)             -                  -          
[181.768s][info][gc,heap     ] GC(105) Reclaimed:         -                  -              1310M (32%)        1434M (35%)            -                  -          
[181.768s][info][gc          ] GC(105) Garbage Collection (System.gc()) 1460M(36%)->38M(1%)
[183.698s][info][gc,start    ] GC(106) Garbage Collection (Proactive)
[183.698s][info][gc,task     ] GC(106) Using 2 workers
[183.698s][info][gc,phases   ] GC(106) Pause Mark Start 0.008ms
[183.715s][info][gc,phases   ] GC(106) Concurrent Mark 16.635ms
[183.715s][info][gc,phases   ] GC(106) Pause Mark End 0.017ms
[183.715s][info][gc,phases   ] GC(106) Concurrent Mark Free 0.001ms
[183.724s][info][gc,phases   ] GC(106) Concurrent Process Non-Strong References 9.397ms
[183.724s][info][gc,phases   ] GC(106) Concurrent Reset Relocation Set 0.005ms
[183.726s][info][gc,phases   ] GC(106) Concurrent Select Relocation Set 2.055ms
[183.726s][info][gc,phases   ] GC(106) Pause Relocate Start 0.009ms
[183.728s][info][gc,phases   ] GC(106) Concurrent Relocate 1.114ms
[183.728s][info][gc,load     ] GC(106) Load: 0.00/0.00/0.00
[183.728s][info][gc,mmu      ] GC(106) MMU: 2ms/98.4%, 5ms/99.4%, 10ms/99.6%, 20ms/99.8%, 50ms/99.9%, 100ms/99.9%
[183.728s][info][gc,marking  ] GC(106) Mark: 2 stripe(s), 2 proactive flush(es), 1 terminate flush(es), 0 completion(s), 0 continuation(s) 
[183.728s][info][gc,marking  ] GC(106) Mark Stack Usage: 32M
[183.728s][info][gc,nmethod  ] GC(106) NMethods: 9447 registered, 100 unregistered
[183.728s][info][gc,metaspace] GC(106) Metaspace: 51M used, 52M committed, 1088M reserved
[183.728s][info][gc,ref      ] GC(106) Soft: 3841 encountered, 0 discovered, 0 enqueued
[183.728s][info][gc,ref      ] GC(106) Weak: 4362 encountered, 861 discovered, 13 enqueued
[183.728s][info][gc,ref      ] GC(106) Final: 37 encountered, 0 discovered, 0 enqueued
[183.728s][info][gc,ref      ] GC(106) Phantom: 291 encountered, 234 discovered, 0 enqueued
[183.728s][info][gc,reloc    ] GC(106) Small Pages: 1054 / 2108M, Empty: 1988M, Relocated: 1M, In-Place: 0
[183.728s][info][gc,reloc    ] GC(106) Medium Pages: 0 / 0M, Empty: 0M, Relocated: 0M, In-Place: 0
[183.728s][info][gc,reloc    ] GC(106) Large Pages: 0 / 0M, Empty: 0M, Relocated: 0M, In-Place: 0
[183.728s][info][gc,reloc    ] GC(106) Forwarding Usage: 0M
[183.728s][info][gc,heap     ] GC(106) Min Capacity: 4096M(100%)
[183.728s][info][gc,heap     ] GC(106) Max Capacity: 4096M(100%)
[183.728s][info][gc,heap     ] GC(106) Soft Max Capacity: 4096M(100%)
[183.728s][info][gc,heap     ] GC(106)                Mark Start          Mark End        Relocate Start      Relocate End           High               Low         
[183.728s][info][gc,heap     ] GC(106)  Capacity:     4096M (100%)       4096M (100%)       4096M (100%)       4096M (100%)       4096M (100%)       4096M (100%)   
[183.728s][info][gc,heap     ] GC(106)      Free:     1988M (49%)        1972M (48%)        3950M (96%)        4040M (99%)        4040M (99%)        1964M (48%)    
[183.728s][info][gc,heap     ] GC(106)      Used:     2108M (51%)        2124M (52%)         146M (4%)           56M (1%)         2132M (52%)          56M (1%)     
[183.728s][info][gc,heap     ] GC(106)      Live:         -                20M (1%)           20M (1%)           20M (1%)             -                  -          
[183.728s][info][gc,heap     ] GC(106) Allocated:         -                16M (0%)           26M (1%)           29M (1%)             -                  -          
[183.728s][info][gc,heap     ] GC(106)   Garbage:         -              2087M (51%)          99M (2%)            5M (0%)             -                  -          
[183.728s][info][gc,heap     ] GC(106) Reclaimed:         -                  -              1988M (49%)        2081M (51%)            -                  -          
[183.728s][info][gc          ] GC(106) Garbage Collection (Proactive) 2108M(51%)->56M(1%)
[185.313s][info][gc,start    ] GC(107) Garbage Collection (System.gc())
[185.313s][info][gc,task     ] GC(107) Using 2 workers
[185.313s][info][gc,phases   ] GC(107) Pause Mark Start 0.007ms
[185.333s][info][gc,phases   ] GC(107) Concurrent Mark 19.965ms
[185.334s][info][gc,phases   ] GC(107) Pause Mark End 0.028ms
[185.334s][info][gc,phases   ] GC(107) Concurrent Mark Free 0.002ms
[185.342s][info][gc,phases   ] GC(107) Concurrent Process Non-Strong References 7.886ms
[185.342s][info][gc,phases   ] GC(107) Concurrent Reset Relocation Set 0.005ms
[185.343s][info][gc,phases   ] GC(107) Concurrent Select Relocation Set 1.560ms
[185.343s][info][gc,phases   ] GC(107) Pause Relocate Start 0.008ms
[185.344s][info][gc,phases   ] GC(107) Concurrent Relocate 0.488ms
[185.344s][info][gc,load     ] GC(107) Load: 0.00/0.00/0.00
[185.344s][info][gc,mmu      ] GC(107) MMU: 2ms/98.4%, 5ms/99.4%, 10ms/99.6%, 20ms/99.8%, 50ms/99.9%, 100ms/99.9%
[185.344s][info][gc,marking  ] GC(107) Mark: 2 stripe(s), 2 proactive flush(es), 1 terminate flush(es), 0 completion(s), 0 continuation(s) 
[185.344s][info][gc,marking  ] GC(107) Mark Stack Usage: 32M
[185.344s][info][gc,nmethod  ] GC(107) NMethods: 9452 registered, 102 unregistered
[185.344s][info][gc,metaspace] GC(107) Metaspace: 51M used, 52M committed, 1088M reserved
[185.344s][info][gc,ref      ] GC(107) Soft: 3841 encountered, 0 discovered, 0 enqueued
[185.344s][info][gc,ref      ] GC(107) Weak: 4201 encountered, 442 discovered, 31 enqueued
[185.344s][info][gc,ref      ] GC(107) Final: 37 encountered, 1 discovered, 0 enqueued
[185.344s][info][gc,ref      ] GC(107) Phantom: 291 encountered, 235 discovered, 0 enqueued
[185.344s][info][gc,reloc    ] GC(107) Small Pages: 882 / 1764M, Empty: 1644M, Relocated: 0M, In-Place: 0
[185.344s][info][gc,reloc    ] GC(107) Medium Pages: 0 / 0M, Empty: 0M, Relocated: 0M, In-Place: 0
[185.344s][info][gc,reloc    ] GC(107) Large Pages: 0 / 0M, Empty: 0M, Relocated: 0M, In-Place: 0
[185.344s][info][gc,reloc    ] GC(107) Forwarding Usage: 0M
[185.344s][info][gc,heap     ] GC(107) Min Capacity: 4096M(100%)
[185.344s][info][gc,heap     ] GC(107) Max Capacity: 4096M(100%)
[185.344s][info][gc,heap     ] GC(107) Soft Max Capacity: 4096M(100%)
[185.344s][info][gc,heap     ] GC(107)                Mark Start          Mark End        Relocate Start      Relocate End           High               Low         
[185.344s][info][gc,heap     ] GC(107)  Capacity:     4096M (100%)       4096M (100%)       4096M (100%)       4096M (100%)       4096M (100%)       4096M (100%)   
[185.344s][info][gc,heap     ] GC(107)      Free:     2332M (57%)        2318M (57%)        3962M (97%)        4056M (99%)        4056M (99%)        2318M (57%)    
[185.344s][info][gc,heap     ] GC(107)      Used:     1764M (43%)        1778M (43%)         134M (3%)           40M (1%)         1778M (43%)          40M (1%)     
[185.344s][info][gc,heap     ] GC(107)      Live:         -                20M (0%)           20M (0%)           20M (0%)             -                  -          
[185.344s][info][gc,heap     ] GC(107) Allocated:         -                14M (0%)           14M (0%)           13M (0%)             -                  -          
[185.344s][info][gc,heap     ] GC(107)   Garbage:         -              1743M (43%)          99M (2%)            5M (0%)             -                  -          
[185.344s][info][gc,heap     ] GC(107) Reclaimed:         -                  -              1644M (40%)        1737M (42%)            -                  -          
[185.344s][info][gc          ] GC(107) Garbage Collection (System.gc()) 1764M(43%)->40M(1%)
[187.098s][info][gc,start    ] GC(108) Garbage Collection (Proactive)
[187.098s][info][gc,task     ] GC(108) Using 2 workers
[187.098s][info][gc,phases   ] GC(108) Pause Mark Start 0.009ms
[187.117s][info][gc,phases   ] GC(108) Concurrent Mark 18.876ms
[187.117s][info][gc,phases   ] GC(108) Pause Mark End 0.015ms
[187.117s][info][gc,phases   ] GC(108) Concurrent Mark Free 0.001ms
[187.126s][info][gc,phases   ] GC(108) Concurrent Process Non-Strong References 8.914ms
[187.126s][info][gc,phases   ] GC(108) Concurrent Reset Relocation Set 0.004ms
[187.128s][info][gc,phases   ] GC(108) Concurrent Select Relocation Set 2.035ms
[187.128s][info][gc,phases   ] GC(108) Pause Relocate Start 0.010ms
[187.129s][info][gc,phases   ] GC(108) Concurrent Relocate 0.831ms
[187.129s][info][gc,load     ] GC(108) Load: 0.00/0.00/0.00
[187.129s][info][gc,mmu      ] GC(108) MMU: 2ms/98.4%, 5ms/99.4%, 10ms/99.6%, 20ms/99.8%, 50ms/99.9%, 100ms/99.9%
[187.129s][info][gc,marking  ] GC(108) Mark: 2 stripe(s), 2 proactive flush(es), 1 terminate flush(es), 0 completion(s), 0 continuation(s) 
[187.129s][info][gc,marking  ] GC(108) Mark Stack Usage: 32M
[187.129s][info][gc,nmethod  ] GC(108) NMethods: 9483 registered, 108 unregistered
[187.129s][info][gc,metaspace] GC(108) Metaspace: 51M used, 52M committed, 1088M reserved
[187.129s][info][gc,ref      ] GC(108) Soft: 3841 encountered, 0 discovered, 0 enqueued
[187.129s][info][gc,ref      ] GC(108) Weak: 4362 encountered, 422 discovered, 13 enqueued
[187.129s][info][gc,ref      ] GC(108) Final: 37 encountered, 0 discovered, 0 enqueued
[187.129s][info][gc,ref      ] GC(108) Phantom: 291 encountered, 236 discovered, 0 enqueued
[187.129s][info][gc,reloc    ] GC(108) Small Pages: 955 / 1910M, Empty: 1798M, Relocated: 1M, In-Place: 0
[187.129s][info][gc,reloc    ] GC(108) Medium Pages: 0 / 0M, Empty: 0M, Relocated: 0M, In-Place: 0
[187.129s][info][gc,reloc    ] GC(108) Large Pages: 0 / 0M, Empty: 0M, Relocated: 0M, In-Place: 0
[187.129s][info][gc,reloc    ] GC(108) Forwarding Usage: 0M
[187.129s][info][gc,heap     ] GC(108) Min Capacity: 4096M(100%)
[187.129s][info][gc,heap     ] GC(108) Max Capacity: 4096M(100%)
[187.129s][info][gc,heap     ] GC(108) Soft Max Capacity: 4096M(100%)
[187.129s][info][gc,heap     ] GC(108)                Mark Start          Mark End        Relocate Start      Relocate End           High               Low         
[187.129s][info][gc,heap     ] GC(108)  Capacity:     4096M (100%)       4096M (100%)       4096M (100%)       4096M (100%)       4096M (100%)       4096M (100%)   
[187.129s][info][gc,heap     ] GC(108)      Free:     2186M (53%)        2166M (53%)        3956M (97%)        4042M (99%)        4042M (99%)        2160M (53%)    
[187.129s][info][gc,heap     ] GC(108)      Used:     1910M (47%)        1930M (47%)         140M (3%)           54M (1%)         1936M (47%)          54M (1%)     
[187.129s][info][gc,heap     ] GC(108)      Live:         -                20M (1%)           20M (1%)           20M (1%)             -                  -          
[187.129s][info][gc,heap     ] GC(108) Allocated:         -                20M (0%)           28M (1%)           27M (1%)             -                  -          
[187.129s][info][gc,heap     ] GC(108)   Garbage:         -              1889M (46%)          91M (2%)            5M (0%)             -                  -          
[187.129s][info][gc,heap     ] GC(108) Reclaimed:         -                  -              1798M (44%)        1883M (46%)            -                  -          
[187.129s][info][gc          ] GC(108) Garbage Collection (Proactive) 1910M(47%)->54M(1%)
[188.797s][info][gc,start    ] GC(109) Garbage Collection (Proactive)
[188.797s][info][gc,task     ] GC(109) Using 2 workers
[188.798s][info][gc,phases   ] GC(109) Pause Mark Start 0.008ms
[188.816s][info][gc,phases   ] GC(109) Concurrent Mark 18.352ms
[188.816s][info][gc,phases   ] GC(109) Pause Mark End 0.015ms
[188.816s][info][gc,phases   ] GC(109) Concurrent Mark Free 0.001ms
[188.825s][info][gc,phases   ] GC(109) Concurrent Process Non-Strong References 8.811ms
[188.825s][info][gc,phases   ] GC(109) Concurrent Reset Relocation Set 0.003ms
[188.827s][info][gc,phases   ] GC(109) Concurrent Select Relocation Set 2.035ms
[188.827s][info][gc,phases   ] GC(109) Pause Relocate Start 0.011ms
[188.828s][info][gc,phases   ] GC(109) Concurrent Relocate 0.840ms
[188.828s][info][gc,load     ] GC(109) Load: 0.00/0.00/0.00
[188.828s][info][gc,mmu      ] GC(109) MMU: 2ms/98.4%, 5ms/99.4%, 10ms/99.6%, 20ms/99.8%, 50ms/99.9%, 100ms/99.9%
[188.828s][info][gc,marking  ] GC(109) Mark: 2 stripe(s), 2 proactive flush(es), 1 terminate flush(es), 0 completion(s), 0 continuation(s) 
[188.828s][info][gc,marking  ] GC(109) Mark Stack Usage: 32M
[188.828s][info][gc,nmethod  ] GC(109) NMethods: 9483 registered, 108 unregistered
[188.828s][info][gc,metaspace] GC(109) Metaspace: 51M used, 52M committed, 1088M reserved
[188.828s][info][gc,ref      ] GC(109) Soft: 3841 encountered, 0 discovered, 0 enqueued
[188.828s][info][gc,ref      ] GC(109) Weak: 4325 encountered, 745 discovered, 7 enqueued
[188.828s][info][gc,ref      ] GC(109) Final: 37 encountered, 0 discovered, 0 enqueued
[188.828s][info][gc,ref      ] GC(109) Phantom: 291 encountered, 235 discovered, 0 enqueued
[188.828s][info][gc,reloc    ] GC(109) Small Pages: 944 / 1888M, Empty: 1768M, Relocated: 0M, In-Place: 0
[188.828s][info][gc,reloc    ] GC(109) Medium Pages: 0 / 0M, Empty: 0M, Relocated: 0M, In-Place: 0
[188.828s][info][gc,reloc    ] GC(109) Large Pages: 0 / 0M, Empty: 0M, Relocated: 0M, In-Place: 0
[188.828s][info][gc,reloc    ] GC(109) Forwarding Usage: 0M
[188.828s][info][gc,heap     ] GC(109) Min Capacity: 4096M(100%)
[188.828s][info][gc,heap     ] GC(109) Max Capacity: 4096M(100%)
[188.828s][info][gc,heap     ] GC(109) Soft Max Capacity: 4096M(100%)
[188.828s][info][gc,heap     ] GC(109)                Mark Start          Mark End        Relocate Start      Relocate End           High               Low         
[188.828s][info][gc,heap     ] GC(109)  Capacity:     4096M (100%)       4096M (100%)       4096M (100%)       4096M (100%)       4096M (100%)       4096M (100%)   
[188.828s][info][gc,heap     ] GC(109)      Free:     2208M (54%)        2188M (53%)        3950M (96%)        4042M (99%)        4042M (99%)        2182M (53%)    
[188.828s][info][gc,heap     ] GC(109)      Used:     1888M (46%)        1908M (47%)         146M (4%)           54M (1%)         1914M (47%)          54M (1%)     
[188.828s][info][gc,heap     ] GC(109)      Live:         -                20M (0%)           20M (0%)           20M (0%)             -                  -          
[188.828s][info][gc,heap     ] GC(109) Allocated:         -                20M (0%)           26M (1%)           27M (1%)             -                  -          
[188.828s][info][gc,heap     ] GC(109)   Garbage:         -              1867M (46%)          99M (2%)            5M (0%)             -                  -          
[188.828s][info][gc,heap     ] GC(109) Reclaimed:         -                  -              1768M (43%)        1861M (45%)            -                  -          
[188.828s][info][gc          ] GC(109) Garbage Collection (Proactive) 1888M(46%)->54M(1%)
[188.908s][info][gc,start    ] GC(110) Garbage Collection (System.gc())
[188.908s][info][gc,task     ] GC(110) Using 2 workers
[188.909s][info][gc,phases   ] GC(110) Pause Mark Start 0.007ms
[188.937s][info][gc,phases   ] GC(110) Concurrent Mark 28.480ms
[188.937s][info][gc,phases   ] GC(110) Pause Mark End 0.031ms
[188.937s][info][gc,phases   ] GC(110) Concurrent Mark Free 0.003ms
[188.946s][info][gc,phases   ] GC(110) Concurrent Process Non-Strong References 8.377ms
[188.946s][info][gc,phases   ] GC(110) Concurrent Reset Relocation Set 0.004ms
[188.947s][info][gc,phases   ] GC(110) Concurrent Select Relocation Set 1.509ms
[188.948s][info][gc,phases   ] GC(110) Pause Relocate Start 0.009ms
[188.948s][info][gc,phases   ] GC(110) Concurrent Relocate 0.381ms
[188.948s][info][gc,load     ] GC(110) Load: 0.00/0.00/0.00
[188.948s][info][gc,mmu      ] GC(110) MMU: 2ms/98.4%, 5ms/99.4%, 10ms/99.6%, 20ms/99.8%, 50ms/99.9%, 100ms/99.9%
[188.948s][info][gc,marking  ] GC(110) Mark: 2 stripe(s), 2 proactive flush(es), 1 terminate flush(es), 0 completion(s), 0 continuation(s) 
[188.948s][info][gc,marking  ] GC(110) Mark Stack Usage: 32M
[188.948s][info][gc,nmethod  ] GC(110) NMethods: 9487 registered, 109 unregistered
[188.948s][info][gc,metaspace] GC(110) Metaspace: 51M used, 52M committed, 1088M reserved
[188.948s][info][gc,ref      ] GC(110) Soft: 3841 encountered, 0 discovered, 0 enqueued
[188.948s][info][gc,ref      ] GC(110) Weak: 4191 encountered, 620 discovered, 26 enqueued
[188.948s][info][gc,ref      ] GC(110) Final: 37 encountered, 2 discovered, 0 enqueued
[188.948s][info][gc,ref      ] GC(110) Phantom: 291 encountered, 233 discovered, 0 enqueued
[188.948s][info][gc,reloc    ] GC(110) Small Pages: 53 / 106M, Empty: 32M, Relocated: 0M, In-Place: 0
[188.948s][info][gc,reloc    ] GC(110) Medium Pages: 0 / 0M, Empty: 0M, Relocated: 0M, In-Place: 0
[188.948s][info][gc,reloc    ] GC(110) Large Pages: 0 / 0M, Empty: 0M, Relocated: 0M, In-Place: 0
[188.948s][info][gc,reloc    ] GC(110) Forwarding Usage: 0M
[188.948s][info][gc,heap     ] GC(110) Min Capacity: 4096M(100%)
[188.948s][info][gc,heap     ] GC(110) Max Capacity: 4096M(100%)
[188.948s][info][gc,heap     ] GC(110) Soft Max Capacity: 4096M(100%)
[188.948s][info][gc,heap     ] GC(110)                Mark Start          Mark End        Relocate Start      Relocate End           High               Low         
[188.948s][info][gc,heap     ] GC(110)  Capacity:     4096M (100%)       4096M (100%)       4096M (100%)       4096M (100%)       4096M (100%)       4096M (100%)   
[188.948s][info][gc,heap     ] GC(110)      Free:     3990M (97%)        3978M (97%)        4010M (98%)        4058M (99%)        4058M (99%)        3978M (97%)    
[188.948s][info][gc,heap     ] GC(110)      Used:      106M (3%)          118M (3%)           86M (2%)           38M (1%)          118M (3%)           38M (1%)     
[188.948s][info][gc,heap     ] GC(110)      Live:         -                20M (0%)           20M (0%)           20M (0%)             -                  -          
[188.948s][info][gc,heap     ] GC(110) Allocated:         -                12M (0%)           12M (0%)           12M (0%)             -                  -          
[188.948s][info][gc,heap     ] GC(110)   Garbage:         -                85M (2%)           53M (1%)            5M (0%)             -                  -          
[188.948s][info][gc,heap     ] GC(110) Reclaimed:         -                  -                32M (1%)           80M (2%)             -                  -          
[188.948s][info][gc          ] GC(110) Garbage Collection (System.gc()) 106M(3%)->38M(1%)
[190.197s][info][gc,stats    ] === Garbage Collection Statistics =======================================================================================================================
[190.197s][info][gc,stats    ]                                                              Last 10s              Last 10m              Last 10h                Total
[190.197s][info][gc,stats    ]                                                              Avg / Max             Avg / Max             Avg / Max             Avg / Max
[190.197s][info][gc,stats    ]   Collector: Garbage Collection Cycle                     32.432 / 39.737       32.551 / 62.948       32.551 / 62.948       32.551 / 62.948      ms
[190.197s][info][gc,stats    ]  Contention: Mark Segment Reset Contention                     0 / 0                 0 / 2                 0 / 2                 0 / 2           ops/s
[190.197s][info][gc,stats    ]  Contention: Mark SeqNum Reset Contention                      0 / 1                 0 / 2                 0 / 2                 0 / 2           ops/s
[190.197s][info][gc,stats    ]    Critical: Allocation Stall                                  0 / 0                 0 / 0                 0 / 0                 0 / 0           ops/s
[190.197s][info][gc,stats    ]    Critical: Allocation Stall                              0.000 / 0.000         0.000 / 0.000         0.000 / 0.000         0.000 / 0.000       ms
[190.197s][info][gc,stats    ]    Critical: GC Locker Stall                                   0 / 0                 0 / 0                 0 / 0                 0 / 0           ops/s
[190.197s][info][gc,stats    ]    Critical: GC Locker Stall                               0.000 / 0.000         0.000 / 0.000         0.000 / 0.000         0.000 / 0.000       ms
[190.197s][info][gc,stats    ]    Critical: Relocation Stall                                  0 / 0                 0 / 0                 0 / 0                 0 / 0           ops/s
[190.197s][info][gc,stats    ]    Critical: Relocation Stall                              0.000 / 0.000         0.000 / 0.000         0.000 / 0.000         0.000 / 0.000       ms
[190.197s][info][gc,stats    ]      Memory: Allocation Rate                                1069 / 1106            996 / 1120            996 / 1120            996 / 1120        MB/s
[190.197s][info][gc,stats    ]      Memory: Defragment                                        0 / 0                 0 / 0                 0 / 0                 0 / 0           ops/s
[190.197s][info][gc,stats    ]      Memory: Out Of Memory                                     0 / 0                 0 / 0                 0 / 0                 0 / 0           ops/s
[190.197s][info][gc,stats    ]      Memory: Page Cache Flush                                  0 / 0                 0 / 0                 0 / 0                 0 / 0           MB/s
[190.197s][info][gc,stats    ]      Memory: Page Cache Hit L1                               536 / 553             490 / 560             490 / 560             490 / 560         ops/s
[190.197s][info][gc,stats    ]      Memory: Page Cache Hit L2                                 0 / 0                 0 / 0                 0 / 0                 0 / 0           ops/s
[190.197s][info][gc,stats    ]      Memory: Page Cache Hit L3                                 0 / 0                 8 / 295               8 / 295               8 / 295         ops/s
[190.197s][info][gc,stats    ]      Memory: Page Cache Miss                                   0 / 0                 0 / 1                 0 / 1                 0 / 1           ops/s
[190.197s][info][gc,stats    ]      Memory: Uncommit                                          0 / 0                 0 / 0                 0 / 0                 0 / 0           MB/s
[190.197s][info][gc,stats    ]      Memory: Undo Object Allocation Failed                     0 / 1                 0 / 1                 0 / 1                 0 / 1           ops/s
[190.197s][info][gc,stats    ]      Memory: Undo Object Allocation Succeeded                  3 / 13                2 / 42                2 / 42                2 / 42          ops/s
[190.197s][info][gc,stats    ]      Memory: Undo Page Allocation                              1 / 3                 1 / 8                 1 / 8                 1 / 8           ops/s
[190.197s][info][gc,stats    ]       Phase: Concurrent Mark                              20.268 / 28.480       21.191 / 33.521       21.191 / 33.521       21.191 / 33.521      ms
[190.197s][info][gc,stats    ]       Phase: Concurrent Mark Continue                      0.000 / 0.000         0.000 / 0.000         0.000 / 0.000         0.000 / 0.000       ms
[190.197s][info][gc,stats    ]       Phase: Concurrent Mark Free                          0.001 / 0.003         0.001 / 0.003         0.001 / 0.003         0.001 / 0.003       ms
[190.197s][info][gc,stats    ]       Phase: Concurrent Process Non-Strong References      8.696 / 9.397         7.677 / 21.700        7.677 / 21.700        7.677 / 21.700      ms
[190.197s][info][gc,stats    ]       Phase: Concurrent Relocate                           0.745 / 1.114         0.769 / 5.848         0.769 / 5.848         0.769 / 5.848       ms
[190.198s][info][gc,stats    ]       Phase: Concurrent Reset Relocation Set               0.004 / 0.005         0.004 / 0.010         0.004 / 0.010         0.004 / 0.010       ms
[190.198s][info][gc,stats    ]       Phase: Concurrent Select Relocation Set              1.927 / 2.228         2.045 / 5.959         2.045 / 5.959         2.045 / 5.959       ms
[190.198s][info][gc,stats    ]       Phase: Pause Mark End                                0.021 / 0.031         0.019 / 0.032         0.019 / 0.032         0.019 / 0.032       ms
[190.198s][info][gc,stats    ]       Phase: Pause Mark Start                              0.008 / 0.010         0.008 / 0.022         0.008 / 0.022         0.008 / 0.022       ms
[190.198s][info][gc,stats    ]       Phase: Pause Relocate Start                          0.010 / 0.012         0.009 / 0.023         0.009 / 0.023         0.009 / 0.023       ms
[190.198s][info][gc,stats    ]    Subphase: Concurrent Classes Purge                      0.030 / 0.040         0.091 / 1.921         0.091 / 1.921         0.091 / 1.921       ms
[190.198s][info][gc,stats    ]    Subphase: Concurrent Classes Unlink                     7.941 / 8.719         6.833 / 15.207        6.833 / 15.207        6.833 / 15.207      ms
[190.198s][info][gc,stats    ]    Subphase: Concurrent Mark                              16.760 / 26.604       17.337 / 31.441       17.337 / 31.441       17.337 / 31.441      ms
[190.198s][info][gc,stats    ]    Subphase: Concurrent Mark Try Flush                     0.077 / 0.138         0.078 / 0.430         0.078 / 0.430         0.078 / 0.430       ms
[190.198s][info][gc,stats    ]    Subphase: Concurrent Mark Try Terminate                 1.472 / 13.440        1.578 / 15.936        1.578 / 15.936        1.578 / 15.936      ms
[190.198s][info][gc,stats    ]    Subphase: Concurrent References Enqueue                 0.005 / 0.007         0.005 / 0.010         0.005 / 0.010         0.005 / 0.010       ms
[190.198s][info][gc,stats    ]    Subphase: Concurrent References Process                 0.122 / 0.234         0.135 / 0.844         0.135 / 0.844         0.135 / 0.844       ms
[190.198s][info][gc,stats    ]    Subphase: Concurrent Roots ClassLoaderDataGraph         0.069 / 0.128         0.076 / 0.281         0.076 / 0.281         0.076 / 0.281       ms
[190.198s][info][gc,stats    ]    Subphase: Concurrent Roots CodeCache                    0.000 / 0.000         0.000 / 0.000         0.000 / 0.000         0.000 / 0.000       ms
[190.198s][info][gc,stats    ]    Subphase: Concurrent Roots JavaThreads                  1.397 / 1.860         1.549 / 4.045         1.549 / 4.045         1.549 / 4.045       ms
[190.198s][info][gc,stats    ]    Subphase: Concurrent Roots OopStorageSet                0.022 / 0.033         0.025 / 0.106         0.025 / 0.106         0.025 / 0.106       ms
[190.198s][info][gc,stats    ]    Subphase: Concurrent Weak Roots OopStorageSet           0.416 / 0.733         0.410 / 1.078         0.410 / 1.078         0.410 / 1.078       ms
[190.198s][info][gc,stats    ]    Subphase: Pause Mark Try Complete                       0.000 / 0.000         0.000 / 0.000         0.000 / 0.000         0.000 / 0.000       ms
[190.198s][info][gc,stats    ]      System: Java Threads                                     58 / 59               58 / 64               58 / 64               58 / 64          threads
[190.198s][info][gc,stats    ] =========================================================================================================================================================
[191.498s][info][gc,start    ] GC(111) Garbage Collection (Proactive)
[191.498s][info][gc,task     ] GC(111) Using 2 workers
[191.498s][info][gc,phases   ] GC(111) Pause Mark Start 0.010ms
[191.516s][info][gc,phases   ] GC(111) Concurrent Mark 18.372ms
[191.517s][info][gc,phases   ] GC(111) Pause Mark End 0.018ms
[191.517s][info][gc,phases   ] GC(111) Concurrent Mark Free 0.000ms
[191.525s][info][gc,phases   ] GC(111) Concurrent Process Non-Strong References 8.865ms
[191.526s][info][gc,phases   ] GC(111) Concurrent Reset Relocation Set 0.002ms
[191.528s][info][gc,phases   ] GC(111) Concurrent Select Relocation Set 2.121ms
[191.528s][info][gc,phases   ] GC(111) Pause Relocate Start 0.010ms
[191.529s][info][gc,phases   ] GC(111) Concurrent Relocate 0.817ms
[191.529s][info][gc,load     ] GC(111) Load: 0.00/0.00/0.00
[191.529s][info][gc,mmu      ] GC(111) MMU: 2ms/98.4%, 5ms/99.4%, 10ms/99.6%, 20ms/99.8%, 50ms/99.9%, 100ms/99.9%
[191.529s][info][gc,marking  ] GC(111) Mark: 2 stripe(s), 2 proactive flush(es), 1 terminate flush(es), 0 completion(s), 0 continuation(s) 
[191.529s][info][gc,marking  ] GC(111) Mark Stack Usage: 32M
[191.529s][info][gc,nmethod  ] GC(111) NMethods: 9494 registered, 112 unregistered
[191.529s][info][gc,metaspace] GC(111) Metaspace: 51M used, 52M committed, 1088M reserved
[191.529s][info][gc,ref      ] GC(111) Soft: 3841 encountered, 0 discovered, 0 enqueued
[191.529s][info][gc,ref      ] GC(111) Weak: 4362 encountered, 911 discovered, 13 enqueued
[191.529s][info][gc,ref      ] GC(111) Final: 37 encountered, 0 discovered, 0 enqueued
[191.529s][info][gc,ref      ] GC(111) Phantom: 291 encountered, 235 discovered, 0 enqueued
[191.529s][info][gc,reloc    ] GC(111) Small Pages: 1405 / 2810M, Empty: 2690M, Relocated: 1M, In-Place: 0
[191.529s][info][gc,reloc    ] GC(111) Medium Pages: 0 / 0M, Empty: 0M, Relocated: 0M, In-Place: 0
[191.529s][info][gc,reloc    ] GC(111) Large Pages: 0 / 0M, Empty: 0M, Relocated: 0M, In-Place: 0
[191.529s][info][gc,reloc    ] GC(111) Forwarding Usage: 0M
[191.529s][info][gc,heap     ] GC(111) Min Capacity: 4096M(100%)
[191.529s][info][gc,heap     ] GC(111) Max Capacity: 4096M(100%)
[191.529s][info][gc,heap     ] GC(111) Soft Max Capacity: 4096M(100%)
[191.529s][info][gc,heap     ] GC(111)                Mark Start          Mark End        Relocate Start      Relocate End           High               Low         
[191.529s][info][gc,heap     ] GC(111)  Capacity:     4096M (100%)       4096M (100%)       4096M (100%)       4096M (100%)       4096M (100%)       4096M (100%)   
[191.529s][info][gc,heap     ] GC(111)      Free:     1286M (31%)        1268M (31%)        3948M (96%)        4038M (99%)        4038M (99%)        1262M (31%)    
[191.529s][info][gc,heap     ] GC(111)      Used:     2810M (69%)        2828M (69%)         148M (4%)           58M (1%)         2834M (69%)          58M (1%)     
[191.529s][info][gc,heap     ] GC(111)      Live:         -                20M (1%)           20M (1%)           20M (1%)             -                  -          
[191.529s][info][gc,heap     ] GC(111) Allocated:         -                18M (0%)           28M (1%)           31M (1%)             -                  -          
[191.529s][info][gc,heap     ] GC(111)   Garbage:         -              2789M (68%)          99M (2%)            5M (0%)             -                  -          
[191.529s][info][gc,heap     ] GC(111) Reclaimed:         -                  -              2690M (66%)        2783M (68%)            -                  -          
[191.529s][info][gc          ] GC(111) Garbage Collection (Proactive) 2810M(69%)->58M(1%)
[192.464s][info][gc,start    ] GC(112) Garbage Collection (System.gc())
[192.464s][info][gc,task     ] GC(112) Using 2 workers
[192.464s][info][gc,phases   ] GC(112) Pause Mark Start 0.007ms
[192.485s][info][gc,phases   ] GC(112) Concurrent Mark 20.181ms
[192.485s][info][gc,phases   ] GC(112) Pause Mark End 0.038ms
[192.485s][info][gc,phases   ] GC(112) Concurrent Mark Free 0.002ms
[192.493s][info][gc,phases   ] GC(112) Concurrent Process Non-Strong References 8.405ms
[192.494s][info][gc,phases   ] GC(112) Concurrent Reset Relocation Set 0.004ms
[192.495s][info][gc,phases   ] GC(112) Concurrent Select Relocation Set 1.925ms
[192.496s][info][gc,phases   ] GC(112) Pause Relocate Start 0.009ms
[192.496s][info][gc,phases   ] GC(112) Concurrent Relocate 0.400ms
[192.496s][info][gc,load     ] GC(112) Load: 0.00/0.00/0.00
[192.496s][info][gc,mmu      ] GC(112) MMU: 2ms/98.1%, 5ms/99.2%, 10ms/99.6%, 20ms/99.8%, 50ms/99.9%, 100ms/99.9%
[192.496s][info][gc,marking  ] GC(112) Mark: 2 stripe(s), 2 proactive flush(es), 1 terminate flush(es), 0 completion(s), 0 continuation(s) 
[192.496s][info][gc,marking  ] GC(112) Mark Stack Usage: 32M
[192.496s][info][gc,nmethod  ] GC(112) NMethods: 9495 registered, 113 unregistered
[192.496s][info][gc,metaspace] GC(112) Metaspace: 51M used, 52M committed, 1088M reserved
[192.496s][info][gc,ref      ] GC(112) Soft: 3841 encountered, 0 discovered, 0 enqueued
[192.496s][info][gc,ref      ] GC(112) Weak: 4196 encountered, 296 discovered, 31 enqueued
[192.496s][info][gc,ref      ] GC(112) Final: 37 encountered, 0 discovered, 0 enqueued
[192.496s][info][gc,ref      ] GC(112) Phantom: 291 encountered, 237 discovered, 0 enqueued
[192.496s][info][gc,reloc    ] GC(112) Small Pages: 531 / 1062M, Empty: 950M, Relocated: 0M, In-Place: 0
[192.496s][info][gc,reloc    ] GC(112) Medium Pages: 0 / 0M, Empty: 0M, Relocated: 0M, In-Place: 0
[192.496s][info][gc,reloc    ] GC(112) Large Pages: 0 / 0M, Empty: 0M, Relocated: 0M, In-Place: 0
[192.496s][info][gc,reloc    ] GC(112) Forwarding Usage: 0M
[192.496s][info][gc,heap     ] GC(112) Min Capacity: 4096M(100%)
[192.496s][info][gc,heap     ] GC(112) Max Capacity: 4096M(100%)
[192.496s][info][gc,heap     ] GC(112) Soft Max Capacity: 4096M(100%)
[192.496s][info][gc,heap     ] GC(112)                Mark Start          Mark End        Relocate Start      Relocate End           High               Low         
[192.496s][info][gc,heap     ] GC(112)  Capacity:     4096M (100%)       4096M (100%)       4096M (100%)       4096M (100%)       4096M (100%)       4096M (100%)   
[192.496s][info][gc,heap     ] GC(112)      Free:     3034M (74%)        3022M (74%)        3972M (97%)        4058M (99%)        4058M (99%)        3022M (74%)    
[192.496s][info][gc,heap     ] GC(112)      Used:     1062M (26%)        1074M (26%)         124M (3%)           38M (1%)         1074M (26%)          38M (1%)     
[192.496s][info][gc,heap     ] GC(112)      Live:         -                20M (0%)           20M (0%)           20M (0%)             -                  -          
[192.496s][info][gc,heap     ] GC(112) Allocated:         -                12M (0%)           12M (0%)           12M (0%)             -                  -          
[192.496s][info][gc,heap     ] GC(112)   Garbage:         -              1041M (25%)          91M (2%)            5M (0%)             -                  -          
[192.496s][info][gc,heap     ] GC(112) Reclaimed:         -                  -               950M (23%)        1036M (25%)            -                  -          
[192.496s][info][gc          ] GC(112) Garbage Collection (System.gc()) 1062M(26%)->38M(1%)
[194.498s][info][gc,start    ] GC(113) Garbage Collection (Proactive)
[194.498s][info][gc,task     ] GC(113) Using 2 workers
[194.498s][info][gc,phases   ] GC(113) Pause Mark Start 0.005ms
[194.517s][info][gc,phases   ] GC(113) Concurrent Mark 19.210ms
[194.517s][info][gc,phases   ] GC(113) Pause Mark End 0.018ms
[194.518s][info][gc,phases   ] GC(113) Concurrent Mark Free 0.001ms
[194.527s][info][gc,phases   ] GC(113) Concurrent Process Non-Strong References 9.012ms
[194.527s][info][gc,phases   ] GC(113) Concurrent Reset Relocation Set 0.004ms
[194.529s][info][gc,phases   ] GC(113) Concurrent Select Relocation Set 2.037ms
[194.529s][info][gc,phases   ] GC(113) Pause Relocate Start 0.010ms
[194.530s][info][gc,phases   ] GC(113) Concurrent Relocate 0.812ms
[194.530s][info][gc,load     ] GC(113) Load: 0.00/0.00/0.00
[194.530s][info][gc,mmu      ] GC(113) MMU: 2ms/98.1%, 5ms/99.2%, 10ms/99.6%, 20ms/99.8%, 50ms/99.9%, 100ms/99.9%
[194.530s][info][gc,marking  ] GC(113) Mark: 2 stripe(s), 2 proactive flush(es), 1 terminate flush(es), 0 completion(s), 0 continuation(s) 
[194.530s][info][gc,marking  ] GC(113) Mark Stack Usage: 32M
[194.530s][info][gc,nmethod  ] GC(113) NMethods: 9498 registered, 116 unregistered
[194.530s][info][gc,metaspace] GC(113) Metaspace: 51M used, 52M committed, 1088M reserved
[194.530s][info][gc,ref      ] GC(113) Soft: 3841 encountered, 0 discovered, 0 enqueued
[194.530s][info][gc,ref      ] GC(113) Weak: 4362 encountered, 585 discovered, 13 enqueued
[194.530s][info][gc,ref      ] GC(113) Final: 37 encountered, 0 discovered, 0 enqueued
[194.530s][info][gc,ref      ] GC(113) Phantom: 291 encountered, 237 discovered, 0 enqueued
[194.530s][info][gc,reloc    ] GC(113) Small Pages: 1065 / 2130M, Empty: 2000M, Relocated: 1M, In-Place: 0
[194.530s][info][gc,reloc    ] GC(113) Medium Pages: 0 / 0M, Empty: 0M, Relocated: 0M, In-Place: 0
[194.530s][info][gc,reloc    ] GC(113) Large Pages: 0 / 0M, Empty: 0M, Relocated: 0M, In-Place: 0
[194.530s][info][gc,reloc    ] GC(113) Forwarding Usage: 0M
[194.530s][info][gc,heap     ] GC(113) Min Capacity: 4096M(100%)
[194.530s][info][gc,heap     ] GC(113) Max Capacity: 4096M(100%)
[194.530s][info][gc,heap     ] GC(113) Soft Max Capacity: 4096M(100%)
[194.530s][info][gc,heap     ] GC(113)                Mark Start          Mark End        Relocate Start      Relocate End           High               Low         
[194.530s][info][gc,heap     ] GC(113)  Capacity:     4096M (100%)       4096M (100%)       4096M (100%)       4096M (100%)       4096M (100%)       4096M (100%)   
[194.530s][info][gc,heap     ] GC(113)      Free:     1966M (48%)        1950M (48%)        3940M (96%)        4044M (99%)        4044M (99%)        1942M (47%)    
[194.530s][info][gc,heap     ] GC(113)      Used:     2130M (52%)        2146M (52%)         156M (4%)           52M (1%)         2154M (53%)          52M (1%)     
[194.530s][info][gc,heap     ] GC(113)      Live:         -                20M (1%)           20M (1%)           20M (1%)             -                  -          
[194.530s][info][gc,heap     ] GC(113) Allocated:         -                16M (0%)           26M (1%)           25M (1%)             -                  -          
[194.530s][info][gc,heap     ] GC(113)   Garbage:         -              2109M (52%)         109M (3%)            5M (0%)             -                  -          
[194.530s][info][gc,heap     ] GC(113) Reclaimed:         -                  -              2000M (49%)        2103M (51%)            -                  -          
[194.530s][info][gc          ] GC(113) Garbage Collection (Proactive) 2130M(52%)->52M(1%)
[196.143s][info][gc,start    ] GC(114) Garbage Collection (System.gc())
[196.143s][info][gc,task     ] GC(114) Using 2 workers
[196.144s][info][gc,phases   ] GC(114) Pause Mark Start 0.007ms
[196.167s][info][gc,phases   ] GC(114) Concurrent Mark 23.033ms
[196.167s][info][gc,phases   ] GC(114) Pause Mark End 0.028ms
[196.167s][info][gc,phases   ] GC(114) Concurrent Mark Free 0.003ms
[196.175s][info][gc,phases   ] GC(114) Concurrent Process Non-Strong References 8.199ms
[196.175s][info][gc,phases   ] GC(114) Concurrent Reset Relocation Set 0.003ms
[196.177s][info][gc,phases   ] GC(114) Concurrent Select Relocation Set 2.177ms
[196.177s][info][gc,phases   ] GC(114) Pause Relocate Start 0.009ms
[196.178s][info][gc,phases   ] GC(114) Concurrent Relocate 0.426ms
[196.178s][info][gc,load     ] GC(114) Load: 0.00/0.00/0.00
[196.178s][info][gc,mmu      ] GC(114) MMU: 2ms/98.1%, 5ms/99.2%, 10ms/99.6%, 20ms/99.8%, 50ms/99.9%, 100ms/99.9%
[196.178s][info][gc,marking  ] GC(114) Mark: 2 stripe(s), 2 proactive flush(es), 1 terminate flush(es), 0 completion(s), 0 continuation(s) 
[196.178s][info][gc,marking  ] GC(114) Mark Stack Usage: 32M
[196.178s][info][gc,nmethod  ] GC(114) NMethods: 9505 registered, 119 unregistered
[196.178s][info][gc,metaspace] GC(114) Metaspace: 51M used, 52M committed, 1088M reserved
[196.178s][info][gc,ref      ] GC(114) Soft: 3841 encountered, 0 discovered, 0 enqueued
[196.178s][info][gc,ref      ] GC(114) Weak: 4197 encountered, 719 discovered, 31 enqueued
[196.178s][info][gc,ref      ] GC(114) Final: 37 encountered, 1 discovered, 0 enqueued
[196.178s][info][gc,ref      ] GC(114) Phantom: 291 encountered, 236 discovered, 0 enqueued
[196.178s][info][gc,reloc    ] GC(114) Small Pages: 874 / 1748M, Empty: 1608M, Relocated: 0M, In-Place: 0
[196.178s][info][gc,reloc    ] GC(114) Medium Pages: 0 / 0M, Empty: 0M, Relocated: 0M, In-Place: 0
[196.178s][info][gc,reloc    ] GC(114) Large Pages: 0 / 0M, Empty: 0M, Relocated: 0M, In-Place: 0
[196.178s][info][gc,reloc    ] GC(114) Forwarding Usage: 0M
[196.178s][info][gc,heap     ] GC(114) Min Capacity: 4096M(100%)
[196.178s][info][gc,heap     ] GC(114) Max Capacity: 4096M(100%)
[196.178s][info][gc,heap     ] GC(114) Soft Max Capacity: 4096M(100%)
[196.178s][info][gc,heap     ] GC(114)                Mark Start          Mark End        Relocate Start      Relocate End           High               Low         
[196.178s][info][gc,heap     ] GC(114)  Capacity:     4096M (100%)       4096M (100%)       4096M (100%)       4096M (100%)       4096M (100%)       4096M (100%)   
[196.178s][info][gc,heap     ] GC(114)      Free:     2348M (57%)        2338M (57%)        3946M (96%)        4060M (99%)        4060M (99%)        2338M (57%)    
[196.178s][info][gc,heap     ] GC(114)      Used:     1748M (43%)        1758M (43%)         150M (4%)           36M (1%)         1758M (43%)          36M (1%)     
[196.178s][info][gc,heap     ] GC(114)      Live:         -                20M (0%)           20M (0%)           20M (0%)             -                  -          
[196.178s][info][gc,heap     ] GC(114) Allocated:         -                10M (0%)           10M (0%)           10M (0%)             -                  -          
[196.178s][info][gc,heap     ] GC(114)   Garbage:         -              1727M (42%)         119M (3%)            5M (0%)             -                  -          
[196.178s][info][gc,heap     ] GC(114) Reclaimed:         -                  -              1608M (39%)        1722M (42%)            -                  -          
[196.178s][info][gc          ] GC(114) Garbage Collection (System.gc()) 1748M(43%)->36M(1%)
[198.098s][info][gc,start    ] GC(115) Garbage Collection (Proactive)
[198.098s][info][gc,task     ] GC(115) Using 2 workers
[198.098s][info][gc,phases   ] GC(115) Pause Mark Start 0.007ms
[198.116s][info][gc,phases   ] GC(115) Concurrent Mark 18.538ms
[198.116s][info][gc,phases   ] GC(115) Pause Mark End 0.016ms
[198.116s][info][gc,phases   ] GC(115) Concurrent Mark Free 0.001ms
[198.126s][info][gc,phases   ] GC(115) Concurrent Process Non-Strong References 9.132ms
[198.126s][info][gc,phases   ] GC(115) Concurrent Reset Relocation Set 0.004ms
[198.128s][info][gc,phases   ] GC(115) Concurrent Select Relocation Set 2.029ms
[198.128s][info][gc,phases   ] GC(115) Pause Relocate Start 0.009ms
[198.129s][info][gc,phases   ] GC(115) Concurrent Relocate 0.825ms
[198.129s][info][gc,load     ] GC(115) Load: 0.00/0.00/0.00
[198.129s][info][gc,mmu      ] GC(115) MMU: 2ms/98.1%, 5ms/99.2%, 10ms/99.6%, 20ms/99.8%, 50ms/99.9%, 100ms/99.9%
[198.129s][info][gc,marking  ] GC(115) Mark: 2 stripe(s), 2 proactive flush(es), 1 terminate flush(es), 0 completion(s), 0 continuation(s) 
[198.129s][info][gc,marking  ] GC(115) Mark Stack Usage: 32M
[198.129s][info][gc,nmethod  ] GC(115) NMethods: 9507 registered, 127 unregistered
[198.129s][info][gc,metaspace] GC(115) Metaspace: 51M used, 52M committed, 1088M reserved
[198.129s][info][gc,ref      ] GC(115) Soft: 3841 encountered, 0 discovered, 0 enqueued
[198.129s][info][gc,ref      ] GC(115) Weak: 4363 encountered, 463 discovered, 13 enqueued
[198.129s][info][gc,ref      ] GC(115) Final: 37 encountered, 0 discovered, 0 enqueued
[198.129s][info][gc,ref      ] GC(115) Phantom: 291 encountered, 237 discovered, 0 enqueued
[198.129s][info][gc,reloc    ] GC(115) Small Pages: 1022 / 2044M, Empty: 1930M, Relocated: 1M, In-Place: 0
[198.129s][info][gc,reloc    ] GC(115) Medium Pages: 0 / 0M, Empty: 0M, Relocated: 0M, In-Place: 0
[198.129s][info][gc,reloc    ] GC(115) Large Pages: 0 / 0M, Empty: 0M, Relocated: 0M, In-Place: 0
[198.129s][info][gc,reloc    ] GC(115) Forwarding Usage: 0M
[198.129s][info][gc,heap     ] GC(115) Min Capacity: 4096M(100%)
[198.129s][info][gc,heap     ] GC(115) Max Capacity: 4096M(100%)
[198.129s][info][gc,heap     ] GC(115) Soft Max Capacity: 4096M(100%)
[198.129s][info][gc,heap     ] GC(115)                Mark Start          Mark End        Relocate Start      Relocate End           High               Low         
[198.129s][info][gc,heap     ] GC(115)  Capacity:     4096M (100%)       4096M (100%)       4096M (100%)       4096M (100%)       4096M (100%)       4096M (100%)   
[198.129s][info][gc,heap     ] GC(115)      Free:     2052M (50%)        2034M (50%)        3956M (97%)        4042M (99%)        4042M (99%)        2026M (49%)    
[198.129s][info][gc,heap     ] GC(115)      Used:     2044M (50%)        2062M (50%)         140M (3%)           54M (1%)         2070M (51%)          54M (1%)     
[198.129s][info][gc,heap     ] GC(115)      Live:         -                20M (1%)           20M (1%)           20M (1%)             -                  -          
[198.129s][info][gc,heap     ] GC(115) Allocated:         -                18M (0%)           26M (1%)           27M (1%)             -                  -          
[198.129s][info][gc,heap     ] GC(115)   Garbage:         -              2023M (49%)          93M (2%)            5M (0%)             -                  -          
[198.129s][info][gc,heap     ] GC(115) Reclaimed:         -                  -              1930M (47%)        2017M (49%)            -                  -          
[198.129s][info][gc          ] GC(115) Garbage Collection (Proactive) 2044M(50%)->54M(1%)
[199.822s][info][gc,start    ] GC(116) Garbage Collection (System.gc())
[199.822s][info][gc,task     ] GC(116) Using 2 workers
[199.823s][info][gc,phases   ] GC(116) Pause Mark Start 0.006ms
[199.843s][info][gc,phases   ] GC(116) Concurrent Mark 19.996ms
[199.843s][info][gc,phases   ] GC(116) Pause Mark End 0.020ms
[199.843s][info][gc,phases   ] GC(116) Concurrent Mark Free 0.001ms
[199.852s][info][gc,phases   ] GC(116) Concurrent Process Non-Strong References 8.723ms
[199.852s][info][gc,phases   ] GC(116) Concurrent Reset Relocation Set 0.003ms
[199.853s][info][gc,phases   ] GC(116) Concurrent Select Relocation Set 1.400ms
[199.853s][info][gc,phases   ] GC(116) Pause Relocate Start 0.012ms
[199.854s][info][gc,phases   ] GC(116) Concurrent Relocate 0.564ms
[199.854s][info][gc,load     ] GC(116) Load: 0.00/0.00/0.00
[199.854s][info][gc,mmu      ] GC(116) MMU: 2ms/98.1%, 5ms/99.2%, 10ms/99.6%, 20ms/99.8%, 50ms/99.9%, 100ms/99.9%
[199.854s][info][gc,marking  ] GC(116) Mark: 2 stripe(s), 2 proactive flush(es), 1 terminate flush(es), 0 completion(s), 0 continuation(s) 
[199.854s][info][gc,marking  ] GC(116) Mark Stack Usage: 32M
[199.854s][info][gc,nmethod  ] GC(116) NMethods: 9511 registered, 128 unregistered
[199.854s][info][gc,metaspace] GC(116) Metaspace: 51M used, 52M committed, 1088M reserved
[199.854s][info][gc,ref      ] GC(116) Soft: 3841 encountered, 0 discovered, 0 enqueued
[199.854s][info][gc,ref      ] GC(116) Weak: 4197 encountered, 283 discovered, 31 enqueued
[199.854s][info][gc,ref      ] GC(116) Final: 37 encountered, 0 discovered, 0 enqueued
[199.854s][info][gc,ref      ] GC(116) Phantom: 291 encountered, 237 discovered, 0 enqueued
[199.854s][info][gc,reloc    ] GC(116) Small Pages: 915 / 1830M, Empty: 1688M, Relocated: 0M, In-Place: 0
[199.854s][info][gc,reloc    ] GC(116) Medium Pages: 0 / 0M, Empty: 0M, Relocated: 0M, In-Place: 0
[199.854s][info][gc,reloc    ] GC(116) Large Pages: 0 / 0M, Empty: 0M, Relocated: 0M, In-Place: 0
[199.854s][info][gc,reloc    ] GC(116) Forwarding Usage: 0M
[199.854s][info][gc,heap     ] GC(116) Min Capacity: 4096M(100%)
[199.854s][info][gc,heap     ] GC(116) Max Capacity: 4096M(100%)
[199.854s][info][gc,heap     ] GC(116) Soft Max Capacity: 4096M(100%)
[199.854s][info][gc,heap     ] GC(116)                Mark Start          Mark End        Relocate Start      Relocate End           High               Low         
[199.854s][info][gc,heap     ] GC(116)  Capacity:     4096M (100%)       4096M (100%)       4096M (100%)       4096M (100%)       4096M (100%)       4096M (100%)   
[199.854s][info][gc,heap     ] GC(116)      Free:     2266M (55%)        2252M (55%)        3940M (96%)        4056M (99%)        4056M (99%)        2252M (55%)    
[199.854s][info][gc,heap     ] GC(116)      Used:     1830M (45%)        1844M (45%)         156M (4%)           40M (1%)         1844M (45%)          40M (1%)     
[199.854s][info][gc,heap     ] GC(116)      Live:         -                20M (0%)           20M (0%)           20M (0%)             -                  -          
[199.854s][info][gc,heap     ] GC(116) Allocated:         -                14M (0%)           14M (0%)           14M (0%)             -                  -          
[199.854s][info][gc,heap     ] GC(116)   Garbage:         -              1809M (44%)         121M (3%)            5M (0%)             -                  -          
[199.854s][info][gc,heap     ] GC(116) Reclaimed:         -                  -              1688M (41%)        1804M (44%)            -                  -          
[199.854s][info][gc          ] GC(116) Garbage Collection (System.gc()) 1830M(45%)->40M(1%)
[200.201s][info][gc,stats    ] === Garbage Collection Statistics =======================================================================================================================
[200.201s][info][gc,stats    ]                                                              Last 10s              Last 10m              Last 10h                Total
[200.201s][info][gc,stats    ]                                                              Avg / Max             Avg / Max             Avg / Max             Avg / Max
[200.201s][info][gc,stats    ]   Collector: Garbage Collection Cycle                     31.960 / 34.704       32.520 / 62.948       32.520 / 62.948       32.520 / 62.948      ms
[200.201s][info][gc,stats    ]  Contention: Mark Segment Reset Contention                     0 / 0                 0 / 2                 0 / 2                 0 / 2           ops/s
[200.201s][info][gc,stats    ]  Contention: Mark SeqNum Reset Contention                      0 / 1                 0 / 2                 0 / 2                 0 / 2           ops/s
[200.201s][info][gc,stats    ]    Critical: Allocation Stall                                  0 / 0                 0 / 0                 0 / 0                 0 / 0           ops/s
[200.201s][info][gc,stats    ]    Critical: Allocation Stall                              0.000 / 0.000         0.000 / 0.000         0.000 / 0.000         0.000 / 0.000       ms
[200.201s][info][gc,stats    ]    Critical: GC Locker Stall                                   0 / 0                 0 / 0                 0 / 0                 0 / 0           ops/s
[200.201s][info][gc,stats    ]    Critical: GC Locker Stall                               0.000 / 0.000         0.000 / 0.000         0.000 / 0.000         0.000 / 0.000       ms
[200.201s][info][gc,stats    ]    Critical: Relocation Stall                                  0 / 0                 0 / 0                 0 / 0                 0 / 0           ops/s
[200.201s][info][gc,stats    ]    Critical: Relocation Stall                              0.000 / 0.000         0.000 / 0.000         0.000 / 0.000         0.000 / 0.000       ms
[200.201s][info][gc,stats    ]      Memory: Allocation Rate                                1049 / 1090            999 / 1120            999 / 1120            999 / 1120        MB/s
[200.201s][info][gc,stats    ]      Memory: Defragment                                        0 / 0                 0 / 0                 0 / 0                 0 / 0           ops/s
[200.201s][info][gc,stats    ]      Memory: Out Of Memory                                     0 / 0                 0 / 0                 0 / 0                 0 / 0           ops/s
[200.201s][info][gc,stats    ]      Memory: Page Cache Flush                                  0 / 0                 0 / 0                 0 / 0                 0 / 0           MB/s
[200.201s][info][gc,stats    ]      Memory: Page Cache Hit L1                               525 / 547             492 / 560             492 / 560             492 / 560         ops/s
[200.201s][info][gc,stats    ]      Memory: Page Cache Hit L2                                 0 / 0                 0 / 0                 0 / 0                 0 / 0           ops/s
[200.201s][info][gc,stats    ]      Memory: Page Cache Hit L3                                 0 / 0                 8 / 295               8 / 295               8 / 295         ops/s
[200.201s][info][gc,stats    ]      Memory: Page Cache Miss                                   0 / 0                 0 / 1                 0 / 1                 0 / 1           ops/s
[200.201s][info][gc,stats    ]      Memory: Uncommit                                          0 / 0                 0 / 0                 0 / 0                 0 / 0           MB/s
[200.201s][info][gc,stats    ]      Memory: Undo Object Allocation Failed                     0 / 0                 0 / 1                 0 / 1                 0 / 1           ops/s
[200.201s][info][gc,stats    ]      Memory: Undo Object Allocation Succeeded                  2 / 15                2 / 42                2 / 42                2 / 42          ops/s
[200.201s][info][gc,stats    ]      Memory: Undo Page Allocation                              0 / 1                 1 / 8                 1 / 8                 1 / 8           ops/s
[200.201s][info][gc,stats    ]       Phase: Concurrent Mark                              19.888 / 23.033       21.125 / 33.521       21.125 / 33.521       21.125 / 33.521      ms
[200.201s][info][gc,stats    ]       Phase: Concurrent Mark Continue                      0.000 / 0.000         0.000 / 0.000         0.000 / 0.000         0.000 / 0.000       ms
[200.201s][info][gc,stats    ]       Phase: Concurrent Mark Free                          0.001 / 0.003         0.001 / 0.003         0.001 / 0.003         0.001 / 0.003       ms
[200.201s][info][gc,stats    ]       Phase: Concurrent Process Non-Strong References      8.723 / 9.132         7.731 / 21.700        7.731 / 21.700        7.731 / 21.700      ms
[200.201s][info][gc,stats    ]       Phase: Concurrent Relocate                           0.641 / 0.825         0.762 / 5.848         0.762 / 5.848         0.762 / 5.848       ms
[200.201s][info][gc,stats    ]       Phase: Concurrent Reset Relocation Set               0.003 / 0.004         0.004 / 0.010         0.004 / 0.010         0.004 / 0.010       ms
[200.201s][info][gc,stats    ]       Phase: Concurrent Select Relocation Set              1.948 / 2.177         2.040 / 5.959         2.040 / 5.959         2.040 / 5.959       ms
[200.201s][info][gc,stats    ]       Phase: Pause Mark End                                0.023 / 0.038         0.019 / 0.038         0.019 / 0.038         0.019 / 0.038       ms
[200.201s][info][gc,stats    ]       Phase: Pause Mark Start                              0.007 / 0.010         0.008 / 0.022         0.008 / 0.022         0.008 / 0.022       ms
[200.201s][info][gc,stats    ]       Phase: Pause Relocate Start                          0.010 / 0.012         0.009 / 0.023         0.009 / 0.023         0.009 / 0.023       ms
[200.201s][info][gc,stats    ]    Subphase: Concurrent Classes Purge                      0.029 / 0.045         0.088 / 1.921         0.088 / 1.921         0.088 / 1.921       ms
[200.201s][info][gc,stats    ]    Subphase: Concurrent Classes Unlink                     7.899 / 8.356         6.887 / 15.207        6.887 / 15.207        6.887 / 15.207      ms
[200.201s][info][gc,stats    ]    Subphase: Concurrent Mark                              16.512 / 21.380       17.295 / 31.441       17.295 / 31.441       17.295 / 31.441      ms
[200.201s][info][gc,stats    ]    Subphase: Concurrent Mark Try Flush                     0.080 / 0.218         0.079 / 0.430         0.079 / 0.430         0.079 / 0.430       ms
[200.201s][info][gc,stats    ]    Subphase: Concurrent Mark Try Terminate                 1.370 / 9.179         1.568 / 15.936        1.568 / 15.936        1.568 / 15.936      ms
[200.201s][info][gc,stats    ]    Subphase: Concurrent References Enqueue                 0.005 / 0.007         0.005 / 0.010         0.005 / 0.010         0.005 / 0.010       ms
[200.201s][info][gc,stats    ]    Subphase: Concurrent References Process                 0.130 / 0.197         0.134 / 0.844         0.134 / 0.844         0.134 / 0.844       ms
[200.201s][info][gc,stats    ]    Subphase: Concurrent Roots ClassLoaderDataGraph         0.072 / 0.132         0.076 / 0.281         0.076 / 0.281         0.076 / 0.281       ms
[200.201s][info][gc,stats    ]    Subphase: Concurrent Roots CodeCache                    0.000 / 0.000         0.000 / 0.000         0.000 / 0.000         0.000 / 0.000       ms
[200.201s][info][gc,stats    ]    Subphase: Concurrent Roots JavaThreads                  1.444 / 1.630         1.544 / 4.045         1.544 / 4.045         1.544 / 4.045       ms
[200.201s][info][gc,stats    ]    Subphase: Concurrent Roots OopStorageSet                0.021 / 0.026         0.024 / 0.106         0.024 / 0.106         0.024 / 0.106       ms
[200.201s][info][gc,stats    ]    Subphase: Concurrent Weak Roots OopStorageSet           0.435 / 0.652         0.411 / 1.078         0.411 / 1.078         0.411 / 1.078       ms
[200.201s][info][gc,stats    ]    Subphase: Pause Mark Try Complete                       0.000 / 0.000         0.000 / 0.000         0.000 / 0.000         0.000 / 0.000       ms
[200.201s][info][gc,stats    ]      System: Java Threads                                     59 / 60               58 / 64               58 / 64               58 / 64          threads
[200.201s][info][gc,stats    ] =========================================================================================================================================================
[201.598s][info][gc,start    ] GC(117) Garbage Collection (Proactive)
[201.598s][info][gc,task     ] GC(117) Using 2 workers
[201.598s][info][gc,phases   ] GC(117) Pause Mark Start 0.008ms
[201.617s][info][gc,phases   ] GC(117) Concurrent Mark 18.968ms
[201.617s][info][gc,phases   ] GC(117) Pause Mark End 0.018ms
[201.617s][info][gc,phases   ] GC(117) Concurrent Mark Free 0.001ms
[201.626s][info][gc,phases   ] GC(117) Concurrent Process Non-Strong References 8.860ms
[201.626s][info][gc,phases   ] GC(117) Concurrent Reset Relocation Set 0.005ms
[201.628s][info][gc,phases   ] GC(117) Concurrent Select Relocation Set 2.070ms
[201.628s][info][gc,phases   ] GC(117) Pause Relocate Start 0.009ms
[201.629s][info][gc,phases   ] GC(117) Concurrent Relocate 0.891ms
[201.629s][info][gc,load     ] GC(117) Load: 0.00/0.00/0.00
[201.629s][info][gc,mmu      ] GC(117) MMU: 2ms/98.1%, 5ms/99.2%, 10ms/99.6%, 20ms/99.8%, 50ms/99.9%, 100ms/99.9%
[201.629s][info][gc,marking  ] GC(117) Mark: 2 stripe(s), 2 proactive flush(es), 1 terminate flush(es), 0 completion(s), 0 continuation(s) 
[201.629s][info][gc,marking  ] GC(117) Mark Stack Usage: 32M
[201.629s][info][gc,nmethod  ] GC(117) NMethods: 9514 registered, 130 unregistered
[201.629s][info][gc,metaspace] GC(117) Metaspace: 51M used, 52M committed, 1088M reserved
[201.629s][info][gc,ref      ] GC(117) Soft: 3841 encountered, 0 discovered, 0 enqueued
[201.629s][info][gc,ref      ] GC(117) Weak: 4363 encountered, 408 discovered, 13 enqueued
[201.629s][info][gc,ref      ] GC(117) Final: 37 encountered, 0 discovered, 0 enqueued
[201.629s][info][gc,ref      ] GC(117) Phantom: 291 encountered, 237 discovered, 0 enqueued
[201.629s][info][gc,reloc    ] GC(117) Small Pages: 955 / 1910M, Empty: 1792M, Relocated: 1M, In-Place: 0
[201.629s][info][gc,reloc    ] GC(117) Medium Pages: 0 / 0M, Empty: 0M, Relocated: 0M, In-Place: 0
[201.629s][info][gc,reloc    ] GC(117) Large Pages: 0 / 0M, Empty: 0M, Relocated: 0M, In-Place: 0
[201.629s][info][gc,reloc    ] GC(117) Forwarding Usage: 0M
[201.629s][info][gc,heap     ] GC(117) Min Capacity: 4096M(100%)
[201.629s][info][gc,heap     ] GC(117) Max Capacity: 4096M(100%)
[201.630s][info][gc,heap     ] GC(117) Soft Max Capacity: 4096M(100%)
[201.630s][info][gc,heap     ] GC(117)                Mark Start          Mark End        Relocate Start      Relocate End           High               Low         
[201.630s][info][gc,heap     ] GC(117)  Capacity:     4096M (100%)       4096M (100%)       4096M (100%)       4096M (100%)       4096M (100%)       4096M (100%)   
[201.630s][info][gc,heap     ] GC(117)      Free:     2186M (53%)        2166M (53%)        3950M (96%)        4042M (99%)        4042M (99%)        2158M (53%)    
[201.630s][info][gc,heap     ] GC(117)      Used:     1910M (47%)        1930M (47%)         146M (4%)           54M (1%)         1938M (47%)          54M (1%)     
[201.630s][info][gc,heap     ] GC(117)      Live:         -                20M (1%)           20M (1%)           20M (1%)             -                  -          
[201.630s][info][gc,heap     ] GC(117) Allocated:         -                20M (0%)           28M (1%)           27M (1%)             -                  -          
[201.630s][info][gc,heap     ] GC(117)   Garbage:         -              1889M (46%)          97M (2%)            5M (0%)             -                  -          
[201.630s][info][gc,heap     ] GC(117) Reclaimed:         -                  -              1792M (44%)        1883M (46%)            -                  -          
[201.630s][info][gc          ] GC(117) Garbage Collection (Proactive) 1910M(47%)->54M(1%)
[203.402s][info][gc,start    ] GC(118) Garbage Collection (Proactive)
[203.402s][info][gc,task     ] GC(118) Using 2 workers
[203.402s][info][gc,phases   ] GC(118) Pause Mark Start 0.007ms
[203.420s][info][gc,phases   ] GC(118) Concurrent Mark 18.088ms
[203.421s][info][gc,phases   ] GC(118) Pause Mark End 0.014ms
[203.421s][info][gc,phases   ] GC(118) Concurrent Mark Free 0.001ms
[203.429s][info][gc,phases   ] GC(118) Concurrent Process Non-Strong References 8.772ms
[203.429s][info][gc,phases   ] GC(118) Concurrent Reset Relocation Set 0.004ms
[203.431s][info][gc,phases   ] GC(118) Concurrent Select Relocation Set 1.885ms
[203.431s][info][gc,phases   ] GC(118) Pause Relocate Start 0.007ms
[203.432s][info][gc,phases   ] GC(118) Concurrent Relocate 0.555ms
[203.432s][info][gc,load     ] GC(118) Load: 0.00/0.00/0.00
[203.432s][info][gc,mmu      ] GC(118) MMU: 2ms/98.1%, 5ms/99.2%, 10ms/99.6%, 20ms/99.8%, 50ms/99.9%, 100ms/99.9%
[203.432s][info][gc,marking  ] GC(118) Mark: 2 stripe(s), 2 proactive flush(es), 1 terminate flush(es), 0 completion(s), 0 continuation(s) 
[203.432s][info][gc,marking  ] GC(118) Mark Stack Usage: 32M
[203.432s][info][gc,nmethod  ] GC(118) NMethods: 9514 registered, 132 unregistered
[203.432s][info][gc,metaspace] GC(118) Metaspace: 51M used, 52M committed, 1088M reserved
[203.432s][info][gc,ref      ] GC(118) Soft: 3841 encountered, 0 discovered, 0 enqueued
[203.432s][info][gc,ref      ] GC(118) Weak: 4276 encountered, 519 discovered, 17 enqueued
[203.432s][info][gc,ref      ] GC(118) Final: 37 encountered, 0 discovered, 0 enqueued
[203.432s][info][gc,ref      ] GC(118) Phantom: 291 encountered, 236 discovered, 0 enqueued
[203.432s][info][gc,reloc    ] GC(118) Small Pages: 961 / 1922M, Empty: 1788M, Relocated: 0M, In-Place: 0
[203.432s][info][gc,reloc    ] GC(118) Medium Pages: 0 / 0M, Empty: 0M, Relocated: 0M, In-Place: 0
[203.432s][info][gc,reloc    ] GC(118) Large Pages: 0 / 0M, Empty: 0M, Relocated: 0M, In-Place: 0
[203.432s][info][gc,reloc    ] GC(118) Forwarding Usage: 0M
[203.432s][info][gc,heap     ] GC(118) Min Capacity: 4096M(100%)
[203.432s][info][gc,heap     ] GC(118) Max Capacity: 4096M(100%)
[203.432s][info][gc,heap     ] GC(118) Soft Max Capacity: 4096M(100%)
[203.432s][info][gc,heap     ] GC(118)                Mark Start          Mark End        Relocate Start      Relocate End           High               Low         
[203.432s][info][gc,heap     ] GC(118)  Capacity:     4096M (100%)       4096M (100%)       4096M (100%)       4096M (100%)       4096M (100%)       4096M (100%)   
[203.432s][info][gc,heap     ] GC(118)      Free:     2174M (53%)        2158M (53%)        3938M (96%)        4046M (99%)        4046M (99%)        2152M (53%)    
[203.432s][info][gc,heap     ] GC(118)      Used:     1922M (47%)        1938M (47%)         158M (4%)           50M (1%)         1944M (47%)          50M (1%)     
[203.432s][info][gc,heap     ] GC(118)      Live:         -                20M (0%)           20M (0%)           20M (0%)             -                  -          
[203.432s][info][gc,heap     ] GC(118) Allocated:         -                16M (0%)           24M (1%)           23M (1%)             -                  -          
[203.432s][info][gc,heap     ] GC(118)   Garbage:         -              1901M (46%)         113M (3%)            5M (0%)             -                  -          
[203.432s][info][gc,heap     ] GC(118) Reclaimed:         -                  -              1788M (44%)        1895M (46%)            -                  -          
[203.432s][info][gc          ] GC(118) Garbage Collection (Proactive) 1922M(47%)->50M(1%)
[203.473s][info][gc,start    ] GC(119) Garbage Collection (System.gc())
[203.473s][info][gc,task     ] GC(119) Using 2 workers
[203.473s][info][gc,phases   ] GC(119) Pause Mark Start 0.009ms
[203.497s][info][gc,phases   ] GC(119) Concurrent Mark 23.116ms
[203.497s][info][gc,phases   ] GC(119) Pause Mark End 0.020ms
[203.497s][info][gc,phases   ] GC(119) Concurrent Mark Free 0.002ms
[203.505s][info][gc,phases   ] GC(119) Concurrent Process Non-Strong References 7.985ms
[203.505s][info][gc,phases   ] GC(119) Concurrent Reset Relocation Set 0.004ms
[203.507s][info][gc,phases   ] GC(119) Concurrent Select Relocation Set 1.631ms
[203.507s][info][gc,phases   ] GC(119) Pause Relocate Start 0.008ms
[203.507s][info][gc,phases   ] GC(119) Concurrent Relocate 0.313ms
[203.507s][info][gc,load     ] GC(119) Load: 0.00/0.00/0.00
[203.507s][info][gc,mmu      ] GC(119) MMU: 2ms/98.1%, 5ms/99.2%, 10ms/99.6%, 20ms/99.8%, 50ms/99.9%, 100ms/99.9%
[203.507s][info][gc,marking  ] GC(119) Mark: 2 stripe(s), 2 proactive flush(es), 1 terminate flush(es), 0 completion(s), 0 continuation(s) 
[203.507s][info][gc,marking  ] GC(119) Mark Stack Usage: 32M
[203.507s][info][gc,nmethod  ] GC(119) NMethods: 9517 registered, 132 unregistered
[203.507s][info][gc,metaspace] GC(119) Metaspace: 51M used, 52M committed, 1088M reserved
[203.507s][info][gc,ref      ] GC(119) Soft: 3841 encountered, 0 discovered, 0 enqueued
[203.507s][info][gc,ref      ] GC(119) Weak: 4179 encountered, 420 discovered, 16 enqueued
[203.507s][info][gc,ref      ] GC(119) Final: 37 encountered, 1 discovered, 0 enqueued
[203.507s][info][gc,ref      ] GC(119) Phantom: 291 encountered, 236 discovered, 0 enqueued
[203.507s][info][gc,reloc    ] GC(119) Small Pages: 38 / 76M, Empty: 14M, Relocated: 0M, In-Place: 0
[203.507s][info][gc,reloc    ] GC(119) Medium Pages: 0 / 0M, Empty: 0M, Relocated: 0M, In-Place: 0
[203.507s][info][gc,reloc    ] GC(119) Large Pages: 0 / 0M, Empty: 0M, Relocated: 0M, In-Place: 0
[203.507s][info][gc,reloc    ] GC(119) Forwarding Usage: 0M
[203.507s][info][gc,heap     ] GC(119) Min Capacity: 4096M(100%)
[203.507s][info][gc,heap     ] GC(119) Max Capacity: 4096M(100%)
[203.507s][info][gc,heap     ] GC(119) Soft Max Capacity: 4096M(100%)
[203.507s][info][gc,heap     ] GC(119)                Mark Start          Mark End        Relocate Start      Relocate End           High               Low         
[203.507s][info][gc,heap     ] GC(119)  Capacity:     4096M (100%)       4096M (100%)       4096M (100%)       4096M (100%)       4096M (100%)       4096M (100%)   
[203.507s][info][gc,heap     ] GC(119)      Free:     4020M (98%)        4006M (98%)        4020M (98%)        4056M (99%)        4056M (99%)        4006M (98%)    
[203.507s][info][gc,heap     ] GC(119)      Used:       76M (2%)           90M (2%)           76M (2%)           40M (1%)           90M (2%)           40M (1%)     
[203.507s][info][gc,heap     ] GC(119)      Live:         -                20M (0%)           20M (0%)           20M (0%)             -                  -          
[203.507s][info][gc,heap     ] GC(119) Allocated:         -                14M (0%)           14M (0%)           14M (0%)             -                  -          
[203.507s][info][gc,heap     ] GC(119)   Garbage:         -                55M (1%)           41M (1%)            5M (0%)             -                  -          
[203.507s][info][gc,heap     ] GC(119) Reclaimed:         -                  -                14M (0%)           50M (1%)             -                  -          
[203.507s][info][gc          ] GC(119) Garbage Collection (System.gc()) 76M(2%)->40M(1%)
[205.497s][info][gc,start    ] GC(120) Garbage Collection (Proactive)
[205.497s][info][gc,task     ] GC(120) Using 2 workers
[205.497s][info][gc,phases   ] GC(120) Pause Mark Start 0.006ms
[205.515s][info][gc,phases   ] GC(120) Concurrent Mark 18.059ms
[205.516s][info][gc,phases   ] GC(120) Pause Mark End 0.018ms
[205.516s][info][gc,phases   ] GC(120) Concurrent Mark Free 0.001ms
[205.525s][info][gc,phases   ] GC(120) Concurrent Process Non-Strong References 9.312ms
[205.525s][info][gc,phases   ] GC(120) Concurrent Reset Relocation Set 0.003ms
[205.527s][info][gc,phases   ] GC(120) Concurrent Select Relocation Set 2.025ms
[205.527s][info][gc,phases   ] GC(120) Pause Relocate Start 0.008ms
[205.528s][info][gc,phases   ] GC(120) Concurrent Relocate 0.848ms
[205.528s][info][gc,load     ] GC(120) Load: 0.00/0.00/0.00
[205.528s][info][gc,mmu      ] GC(120) MMU: 2ms/98.1%, 5ms/99.2%, 10ms/99.6%, 20ms/99.8%, 50ms/99.9%, 100ms/99.9%
[205.528s][info][gc,marking  ] GC(120) Mark: 2 stripe(s), 2 proactive flush(es), 1 terminate flush(es), 0 completion(s), 0 continuation(s) 
[205.528s][info][gc,marking  ] GC(120) Mark Stack Usage: 32M
[205.528s][info][gc,nmethod  ] GC(120) NMethods: 9521 registered, 135 unregistered
[205.528s][info][gc,metaspace] GC(120) Metaspace: 51M used, 52M committed, 1088M reserved
[205.528s][info][gc,ref      ] GC(120) Soft: 3841 encountered, 0 discovered, 0 enqueued
[205.528s][info][gc,ref      ] GC(120) Weak: 4361 encountered, 390 discovered, 13 enqueued
[205.528s][info][gc,ref      ] GC(120) Final: 37 encountered, 0 discovered, 0 enqueued
[205.528s][info][gc,ref      ] GC(120) Phantom: 291 encountered, 236 discovered, 0 enqueued
[205.528s][info][gc,reloc    ] GC(120) Small Pages: 1050 / 2100M, Empty: 1970M, Relocated: 1M, In-Place: 0
[205.528s][info][gc,reloc    ] GC(120) Medium Pages: 0 / 0M, Empty: 0M, Relocated: 0M, In-Place: 0
[205.528s][info][gc,reloc    ] GC(120) Large Pages: 0 / 0M, Empty: 0M, Relocated: 0M, In-Place: 0
[205.528s][info][gc,reloc    ] GC(120) Forwarding Usage: 0M
[205.528s][info][gc,heap     ] GC(120) Min Capacity: 4096M(100%)
[205.528s][info][gc,heap     ] GC(120) Max Capacity: 4096M(100%)
[205.528s][info][gc,heap     ] GC(120) Soft Max Capacity: 4096M(100%)
[205.528s][info][gc,heap     ] GC(120)                Mark Start          Mark End        Relocate Start      Relocate End           High               Low         
[205.528s][info][gc,heap     ] GC(120)  Capacity:     4096M (100%)       4096M (100%)       4096M (100%)       4096M (100%)       4096M (100%)       4096M (100%)   
[205.528s][info][gc,heap     ] GC(120)      Free:     1996M (49%)        1976M (48%)        3940M (96%)        4042M (99%)        4042M (99%)        1972M (48%)    
[205.528s][info][gc,heap     ] GC(120)      Used:     2100M (51%)        2120M (52%)         156M (4%)           54M (1%)         2124M (52%)          54M (1%)     
[205.528s][info][gc,heap     ] GC(120)      Live:         -                20M (1%)           20M (1%)           20M (1%)             -                  -          
[205.528s][info][gc,heap     ] GC(120) Allocated:         -                20M (0%)           26M (1%)           27M (1%)             -                  -          
[205.528s][info][gc,heap     ] GC(120)   Garbage:         -              2079M (51%)         109M (3%)            5M (0%)             -                  -          
[205.528s][info][gc,heap     ] GC(120) Reclaimed:         -                  -              1970M (48%)        2073M (51%)            -                  -          
[205.528s][info][gc          ] GC(120) Garbage Collection (Proactive) 2100M(51%)->54M(1%)
[207.218s][info][gc,start    ] GC(121) Garbage Collection (System.gc())
[207.218s][info][gc,task     ] GC(121) Using 2 workers
[207.218s][info][gc,phases   ] GC(121) Pause Mark Start 0.009ms
[207.238s][info][gc,phases   ] GC(121) Concurrent Mark 20.438ms
[207.239s][info][gc,phases   ] GC(121) Pause Mark End 0.032ms
[207.239s][info][gc,phases   ] GC(121) Concurrent Mark Free 0.002ms
[207.247s][info][gc,phases   ] GC(121) Concurrent Process Non-Strong References 8.651ms
[207.247s][info][gc,phases   ] GC(121) Concurrent Reset Relocation Set 0.008ms
[207.253s][info][gc,phases   ] GC(121) Concurrent Select Relocation Set 5.658ms
[207.253s][info][gc,phases   ] GC(121) Pause Relocate Start 0.013ms
[207.254s][info][gc,phases   ] GC(121) Concurrent Relocate 0.780ms
[207.254s][info][gc,load     ] GC(121) Load: 0.00/0.00/0.00
[207.254s][info][gc,mmu      ] GC(121) MMU: 2ms/98.1%, 5ms/99.2%, 10ms/99.6%, 20ms/99.8%, 50ms/99.9%, 100ms/99.9%
[207.254s][info][gc,marking  ] GC(121) Mark: 2 stripe(s), 2 proactive flush(es), 1 terminate flush(es), 0 completion(s), 0 continuation(s) 
[207.254s][info][gc,marking  ] GC(121) Mark Stack Usage: 32M
[207.254s][info][gc,nmethod  ] GC(121) NMethods: 9543 registered, 135 unregistered
[207.254s][info][gc,metaspace] GC(121) Metaspace: 51M used, 52M committed, 1088M reserved
[207.254s][info][gc,ref      ] GC(121) Soft: 3841 encountered, 0 discovered, 0 enqueued
[207.254s][info][gc,ref      ] GC(121) Weak: 4197 encountered, 526 discovered, 31 enqueued
[207.254s][info][gc,ref      ] GC(121) Final: 37 encountered, 0 discovered, 0 enqueued
[207.254s][info][gc,ref      ] GC(121) Phantom: 291 encountered, 235 discovered, 0 enqueued
[207.254s][info][gc,reloc    ] GC(121) Small Pages: 889 / 1778M, Empty: 1622M, Relocated: 0M, In-Place: 0
[207.254s][info][gc,reloc    ] GC(121) Medium Pages: 0 / 0M, Empty: 0M, Relocated: 0M, In-Place: 0
[207.254s][info][gc,reloc    ] GC(121) Large Pages: 0 / 0M, Empty: 0M, Relocated: 0M, In-Place: 0
[207.254s][info][gc,reloc    ] GC(121) Forwarding Usage: 0M
[207.254s][info][gc,heap     ] GC(121) Min Capacity: 4096M(100%)
[207.254s][info][gc,heap     ] GC(121) Max Capacity: 4096M(100%)
[207.254s][info][gc,heap     ] GC(121) Soft Max Capacity: 4096M(100%)
[207.254s][info][gc,heap     ] GC(121)                Mark Start          Mark End        Relocate Start      Relocate End           High               Low         
[207.254s][info][gc,heap     ] GC(121)  Capacity:     4096M (100%)       4096M (100%)       4096M (100%)       4096M (100%)       4096M (100%)       4096M (100%)   
[207.254s][info][gc,heap     ] GC(121)      Free:     2318M (57%)        2308M (56%)        3930M (96%)        4060M (99%)        4060M (99%)        2308M (56%)    
[207.254s][info][gc,heap     ] GC(121)      Used:     1778M (43%)        1788M (44%)         166M (4%)           36M (1%)         1788M (44%)          36M (1%)     
[207.254s][info][gc,heap     ] GC(121)      Live:         -                20M (0%)           20M (0%)           20M (0%)             -                  -          
[207.254s][info][gc,heap     ] GC(121) Allocated:         -                10M (0%)           10M (0%)           10M (0%)             -                  -          
[207.254s][info][gc,heap     ] GC(121)   Garbage:         -              1757M (43%)         135M (3%)            5M (0%)             -                  -          
[207.254s][info][gc,heap     ] GC(121) Reclaimed:         -                  -              1622M (40%)        1752M (43%)            -                  -          
[207.254s][info][gc          ] GC(121) Garbage Collection (System.gc()) 1778M(43%)->36M(1%)
[209.398s][info][gc,start    ] GC(122) Garbage Collection (Proactive)
[209.398s][info][gc,task     ] GC(122) Using 2 workers
[209.398s][info][gc,phases   ] GC(122) Pause Mark Start 0.007ms
[209.417s][info][gc,phases   ] GC(122) Concurrent Mark 18.368ms
[209.417s][info][gc,phases   ] GC(122) Pause Mark End 0.017ms
[209.417s][info][gc,phases   ] GC(122) Concurrent Mark Free 0.001ms
[209.426s][info][gc,phases   ] GC(122) Concurrent Process Non-Strong References 9.374ms
[209.426s][info][gc,phases   ] GC(122) Concurrent Reset Relocation Set 0.005ms
[209.428s][info][gc,phases   ] GC(122) Concurrent Select Relocation Set 2.069ms
[209.428s][info][gc,phases   ] GC(122) Pause Relocate Start 0.009ms
[209.429s][info][gc,phases   ] GC(122) Concurrent Relocate 0.853ms
[209.429s][info][gc,load     ] GC(122) Load: 0.00/0.00/0.00
[209.429s][info][gc,mmu      ] GC(122) MMU: 2ms/98.1%, 5ms/99.2%, 10ms/99.6%, 20ms/99.8%, 50ms/99.9%, 100ms/99.9%
[209.429s][info][gc,marking  ] GC(122) Mark: 2 stripe(s), 2 proactive flush(es), 1 terminate flush(es), 0 completion(s), 0 continuation(s) 
[209.429s][info][gc,marking  ] GC(122) Mark Stack Usage: 32M
[209.429s][info][gc,nmethod  ] GC(122) NMethods: 9553 registered, 138 unregistered
[209.429s][info][gc,metaspace] GC(122) Metaspace: 51M used, 52M committed, 1088M reserved
[209.429s][info][gc,ref      ] GC(122) Soft: 3841 encountered, 0 discovered, 0 enqueued
[209.429s][info][gc,ref      ] GC(122) Weak: 4363 encountered, 410 discovered, 13 enqueued
[209.429s][info][gc,ref      ] GC(122) Final: 37 encountered, 3 discovered, 0 enqueued
[209.429s][info][gc,ref      ] GC(122) Phantom: 291 encountered, 236 discovered, 0 enqueued
[209.429s][info][gc,reloc    ] GC(122) Small Pages: 1159 / 2318M, Empty: 2196M, Relocated: 1M, In-Place: 0
[209.429s][info][gc,reloc    ] GC(122) Medium Pages: 0 / 0M, Empty: 0M, Relocated: 0M, In-Place: 0
[209.429s][info][gc,reloc    ] GC(122) Large Pages: 0 / 0M, Empty: 0M, Relocated: 0M, In-Place: 0
[209.429s][info][gc,reloc    ] GC(122) Forwarding Usage: 0M
[209.429s][info][gc,heap     ] GC(122) Min Capacity: 4096M(100%)
[209.429s][info][gc,heap     ] GC(122) Max Capacity: 4096M(100%)
[209.429s][info][gc,heap     ] GC(122) Soft Max Capacity: 4096M(100%)
[209.429s][info][gc,heap     ] GC(122)                Mark Start          Mark End        Relocate Start      Relocate End           High               Low         
[209.429s][info][gc,heap     ] GC(122)  Capacity:     4096M (100%)       4096M (100%)       4096M (100%)       4096M (100%)       4096M (100%)       4096M (100%)   
[209.430s][info][gc,heap     ] GC(122)      Free:     1778M (43%)        1762M (43%)        3948M (96%)        4042M (99%)        4042M (99%)        1754M (43%)    
[209.430s][info][gc,heap     ] GC(122)      Used:     2318M (57%)        2334M (57%)         148M (4%)           54M (1%)         2342M (57%)          54M (1%)     
[209.430s][info][gc,heap     ] GC(122)      Live:         -                20M (1%)           20M (1%)           20M (1%)             -                  -          
[209.430s][info][gc,heap     ] GC(122) Allocated:         -                16M (0%)           26M (1%)           27M (1%)             -                  -          
[209.430s][info][gc,heap     ] GC(122)   Garbage:         -              2297M (56%)         101M (2%)            5M (0%)             -                  -          
[209.430s][info][gc,heap     ] GC(122) Reclaimed:         -                  -              2196M (54%)        2291M (56%)            -                  -          
[209.430s][info][gc          ] GC(122) Garbage Collection (Proactive) 2318M(57%)->54M(1%)
[210.198s][info][gc,stats    ] === Garbage Collection Statistics =======================================================================================================================
[210.198s][info][gc,stats    ]                                                              Last 10s              Last 10m              Last 10h                Total
[210.198s][info][gc,stats    ]                                                              Avg / Max             Avg / Max             Avg / Max             Avg / Max
[210.198s][info][gc,stats    ]   Collector: Garbage Collection Cycle                     32.388 / 36.414       32.514 / 62.948       32.514 / 62.948       32.514 / 62.948      ms
[210.198s][info][gc,stats    ]  Contention: Mark Segment Reset Contention                     0 / 0                 0 / 2                 0 / 2                 0 / 2           ops/s
[210.198s][info][gc,stats    ]  Contention: Mark SeqNum Reset Contention                      0 / 1                 0 / 2                 0 / 2                 0 / 2           ops/s
[210.198s][info][gc,stats    ]    Critical: Allocation Stall                                  0 / 0                 0 / 0                 0 / 0                 0 / 0           ops/s
[210.198s][info][gc,stats    ]    Critical: Allocation Stall                              0.000 / 0.000         0.000 / 0.000         0.000 / 0.000         0.000 / 0.000       ms
[210.198s][info][gc,stats    ]    Critical: GC Locker Stall                                   0 / 0                 0 / 0                 0 / 0                 0 / 0           ops/s
[210.198s][info][gc,stats    ]    Critical: GC Locker Stall                               0.000 / 0.000         0.000 / 0.000         0.000 / 0.000         0.000 / 0.000       ms
[210.198s][info][gc,stats    ]    Critical: Relocation Stall                                  0 / 0                 0 / 0                 0 / 0                 0 / 0           ops/s
[210.198s][info][gc,stats    ]    Critical: Relocation Stall                              0.000 / 0.000         0.000 / 0.000         0.000 / 0.000         0.000 / 0.000       ms
[210.198s][info][gc,stats    ]      Memory: Allocation Rate                                1043 / 1078           1001 / 1120           1001 / 1120           1001 / 1120        MB/s
[210.198s][info][gc,stats    ]      Memory: Defragment                                        0 / 0                 0 / 0                 0 / 0                 0 / 0           ops/s
[210.198s][info][gc,stats    ]      Memory: Out Of Memory                                     0 / 0                 0 / 0                 0 / 0                 0 / 0           ops/s
[210.198s][info][gc,stats    ]      Memory: Page Cache Flush                                  0 / 0                 0 / 0                 0 / 0                 0 / 0           MB/s
[210.198s][info][gc,stats    ]      Memory: Page Cache Hit L1                               522 / 539             494 / 560             494 / 560             494 / 560         ops/s
[210.198s][info][gc,stats    ]      Memory: Page Cache Hit L2                                 0 / 0                 0 / 0                 0 / 0                 0 / 0           ops/s
[210.198s][info][gc,stats    ]      Memory: Page Cache Hit L3                                 0 / 0                 7 / 295               7 / 295               7 / 295         ops/s
[210.198s][info][gc,stats    ]      Memory: Page Cache Miss                                   0 / 0                 0 / 1                 0 / 1                 0 / 1           ops/s
[210.198s][info][gc,stats    ]      Memory: Uncommit                                          0 / 0                 0 / 0                 0 / 0                 0 / 0           MB/s
[210.198s][info][gc,stats    ]      Memory: Undo Object Allocation Failed                     0 / 0                 0 / 1                 0 / 1                 0 / 1           ops/s
[210.198s][info][gc,stats    ]      Memory: Undo Object Allocation Succeeded                  0 / 1                 2 / 42                2 / 42                2 / 42          ops/s
[210.198s][info][gc,stats    ]      Memory: Undo Page Allocation                              1 / 3                 1 / 8                 1 / 8                 1 / 8           ops/s
[210.198s][info][gc,stats    ]       Phase: Concurrent Mark                              19.506 / 23.116       21.046 / 33.521       21.046 / 33.521       21.046 / 33.521      ms
[210.198s][info][gc,stats    ]       Phase: Concurrent Mark Continue                      0.000 / 0.000         0.000 / 0.000         0.000 / 0.000         0.000 / 0.000       ms
[210.198s][info][gc,stats    ]       Phase: Concurrent Mark Free                          0.001 / 0.002         0.001 / 0.003         0.001 / 0.003         0.001 / 0.003       ms
[210.198s][info][gc,stats    ]       Phase: Concurrent Process Non-Strong References      8.825 / 9.374         7.784 / 21.700        7.784 / 21.700        7.784 / 21.700      ms
[210.198s][info][gc,stats    ]       Phase: Concurrent Relocate                           0.707 / 0.891         0.759 / 5.848         0.759 / 5.848         0.759 / 5.848       ms
[210.198s][info][gc,stats    ]       Phase: Concurrent Reset Relocation Set               0.005 / 0.008         0.004 / 0.010         0.004 / 0.010         0.004 / 0.010       ms
[210.198s][info][gc,stats    ]       Phase: Concurrent Select Relocation Set              2.556 / 5.658         2.065 / 5.959         2.065 / 5.959         2.065 / 5.959       ms
[210.198s][info][gc,stats    ]       Phase: Pause Mark End                                0.020 / 0.032         0.019 / 0.038         0.019 / 0.038         0.019 / 0.038       ms
[210.198s][info][gc,stats    ]       Phase: Pause Mark Start                              0.008 / 0.009         0.008 / 0.022         0.008 / 0.022         0.008 / 0.022       ms
[210.198s][info][gc,stats    ]       Phase: Pause Relocate Start                          0.009 / 0.013         0.009 / 0.023         0.009 / 0.023         0.009 / 0.023       ms
[210.198s][info][gc,stats    ]    Subphase: Concurrent Classes Purge                      0.023 / 0.031         0.085 / 1.921         0.085 / 1.921         0.085 / 1.921       ms
[210.198s][info][gc,stats    ]    Subphase: Concurrent Classes Unlink                     8.121 / 8.793         6.947 / 15.207        6.947 / 15.207        6.947 / 15.207      ms
[210.198s][info][gc,stats    ]    Subphase: Concurrent Mark                              16.497 / 21.230       17.256 / 31.441       17.256 / 31.441       17.256 / 31.441      ms
[210.198s][info][gc,stats    ]    Subphase: Concurrent Mark Try Flush                     0.066 / 0.133         0.078 / 0.430         0.078 / 0.430         0.078 / 0.430       ms
[210.198s][info][gc,stats    ]    Subphase: Concurrent Mark Try Terminate                 1.165 / 8.814         1.548 / 15.936        1.548 / 15.936        1.548 / 15.936      ms
[210.198s][info][gc,stats    ]    Subphase: Concurrent References Enqueue                 0.005 / 0.007         0.005 / 0.010         0.005 / 0.010         0.005 / 0.010       ms
[210.198s][info][gc,stats    ]    Subphase: Concurrent References Process                 0.105 / 0.169         0.133 / 0.844         0.133 / 0.844         0.133 / 0.844       ms
[210.198s][info][gc,stats    ]    Subphase: Concurrent Roots ClassLoaderDataGraph         0.074 / 0.128         0.076 / 0.281         0.076 / 0.281         0.076 / 0.281       ms
[210.198s][info][gc,stats    ]    Subphase: Concurrent Roots CodeCache                    0.000 / 0.000         0.000 / 0.000         0.000 / 0.000         0.000 / 0.000       ms
[210.198s][info][gc,stats    ]    Subphase: Concurrent Roots JavaThreads                  1.344 / 1.736         1.534 / 4.045         1.534 / 4.045         1.534 / 4.045       ms
[210.198s][info][gc,stats    ]    Subphase: Concurrent Roots OopStorageSet                0.023 / 0.026         0.024 / 0.106         0.024 / 0.106         0.024 / 0.106       ms
[210.198s][info][gc,stats    ]    Subphase: Concurrent Weak Roots OopStorageSet           0.402 / 0.583         0.411 / 1.078         0.411 / 1.078         0.411 / 1.078       ms
[210.198s][info][gc,stats    ]    Subphase: Pause Mark Try Complete                       0.000 / 0.000         0.000 / 0.000         0.000 / 0.000         0.000 / 0.000       ms
[210.198s][info][gc,stats    ]      System: Java Threads                                     59 / 60               58 / 64               58 / 64               58 / 64          threads
[210.198s][info][gc,stats    ] =========================================================================================================================================================
[210.833s][info][gc,start    ] GC(123) Garbage Collection (System.gc())
[210.833s][info][gc,task     ] GC(123) Using 2 workers
[210.833s][info][gc,phases   ] GC(123) Pause Mark Start 0.008ms
[210.854s][info][gc,phases   ] GC(123) Concurrent Mark 20.550ms
[210.854s][info][gc,phases   ] GC(123) Pause Mark End 0.030ms
[210.854s][info][gc,phases   ] GC(123) Concurrent Mark Free 0.002ms
[210.863s][info][gc,phases   ] GC(123) Concurrent Process Non-Strong References 8.842ms
[210.863s][info][gc,phases   ] GC(123) Concurrent Reset Relocation Set 0.004ms
[210.865s][info][gc,phases   ] GC(123) Concurrent Select Relocation Set 1.622ms
[210.865s][info][gc,phases   ] GC(123) Pause Relocate Start 0.010ms
[210.865s][info][gc,phases   ] GC(123) Concurrent Relocate 0.437ms
[210.865s][info][gc,load     ] GC(123) Load: 0.00/0.00/0.00
[210.865s][info][gc,mmu      ] GC(123) MMU: 2ms/98.1%, 5ms/99.2%, 10ms/99.6%, 20ms/99.8%, 50ms/99.9%, 100ms/99.9%
[210.865s][info][gc,marking  ] GC(123) Mark: 2 stripe(s), 2 proactive flush(es), 1 terminate flush(es), 0 completion(s), 0 continuation(s) 
[210.865s][info][gc,marking  ] GC(123) Mark Stack Usage: 32M
[210.865s][info][gc,nmethod  ] GC(123) NMethods: 9553 registered, 138 unregistered
[210.865s][info][gc,metaspace] GC(123) Metaspace: 51M used, 52M committed, 1088M reserved
[210.865s][info][gc,ref      ] GC(123) Soft: 3841 encountered, 0 discovered, 0 enqueued
[210.865s][info][gc,ref      ] GC(123) Weak: 4194 encountered, 942 discovered, 31 enqueued
[210.865s][info][gc,ref      ] GC(123) Final: 37 encountered, 0 discovered, 0 enqueued
[210.865s][info][gc,ref      ] GC(123) Phantom: 291 encountered, 234 discovered, 0 enqueued
[210.865s][info][gc,reloc    ] GC(123) Small Pages: 779 / 1558M, Empty: 1424M, Relocated: 0M, In-Place: 0
[210.865s][info][gc,reloc    ] GC(123) Medium Pages: 0 / 0M, Empty: 0M, Relocated: 0M, In-Place: 0
[210.866s][info][gc,reloc    ] GC(123) Large Pages: 0 / 0M, Empty: 0M, Relocated: 0M, In-Place: 0
[210.866s][info][gc,reloc    ] GC(123) Forwarding Usage: 0M
[210.866s][info][gc,heap     ] GC(123) Min Capacity: 4096M(100%)
[210.866s][info][gc,heap     ] GC(123) Max Capacity: 4096M(100%)
[210.866s][info][gc,heap     ] GC(123) Soft Max Capacity: 4096M(100%)
[210.866s][info][gc,heap     ] GC(123)                Mark Start          Mark End        Relocate Start      Relocate End           High               Low         
[210.866s][info][gc,heap     ] GC(123)  Capacity:     4096M (100%)       4096M (100%)       4096M (100%)       4096M (100%)       4096M (100%)       4096M (100%)   
[210.866s][info][gc,heap     ] GC(123)      Free:     2538M (62%)        2528M (62%)        3952M (96%)        4060M (99%)        4060M (99%)        2528M (62%)    
[210.866s][info][gc,heap     ] GC(123)      Used:     1558M (38%)        1568M (38%)         144M (4%)           36M (1%)         1568M (38%)          36M (1%)     
[210.866s][info][gc,heap     ] GC(123)      Live:         -                20M (0%)           20M (0%)           20M (0%)             -                  -          
[210.866s][info][gc,heap     ] GC(123) Allocated:         -                10M (0%)           10M (0%)           10M (0%)             -                  -          
[210.866s][info][gc,heap     ] GC(123)   Garbage:         -              1537M (38%)         113M (3%)            5M (0%)             -                  -          
[210.866s][info][gc,heap     ] GC(123) Reclaimed:         -                  -              1424M (35%)        1532M (37%)            -                  -          
[210.866s][info][gc          ] GC(123) Garbage Collection (System.gc()) 1558M(38%)->36M(1%)
[212.698s][info][gc,start    ] GC(124) Garbage Collection (Proactive)
[212.698s][info][gc,task     ] GC(124) Using 2 workers
[212.698s][info][gc,phases   ] GC(124) Pause Mark Start 0.009ms
[212.716s][info][gc,phases   ] GC(124) Concurrent Mark 18.376ms
[212.716s][info][gc,phases   ] GC(124) Pause Mark End 0.018ms
[212.717s][info][gc,phases   ] GC(124) Concurrent Mark Free 0.000ms
[212.726s][info][gc,phases   ] GC(124) Concurrent Process Non-Strong References 9.511ms
[212.726s][info][gc,phases   ] GC(124) Concurrent Reset Relocation Set 0.004ms
[212.728s][info][gc,phases   ] GC(124) Concurrent Select Relocation Set 2.023ms
[212.728s][info][gc,phases   ] GC(124) Pause Relocate Start 0.009ms
[212.729s][info][gc,phases   ] GC(124) Concurrent Relocate 0.911ms
[212.729s][info][gc,load     ] GC(124) Load: 0.00/0.00/0.00
[212.729s][info][gc,mmu      ] GC(124) MMU: 2ms/98.1%, 5ms/99.2%, 10ms/99.6%, 20ms/99.8%, 50ms/99.9%, 100ms/99.9%
[212.729s][info][gc,marking  ] GC(124) Mark: 2 stripe(s), 2 proactive flush(es), 1 terminate flush(es), 0 completion(s), 0 continuation(s) 
[212.729s][info][gc,marking  ] GC(124) Mark Stack Usage: 32M
[212.729s][info][gc,nmethod  ] GC(124) NMethods: 9577 registered, 141 unregistered
[212.729s][info][gc,metaspace] GC(124) Metaspace: 51M used, 52M committed, 1088M reserved
[212.729s][info][gc,ref      ] GC(124) Soft: 3841 encountered, 0 discovered, 0 enqueued
[212.729s][info][gc,ref      ] GC(124) Weak: 4361 encountered, 957 discovered, 13 enqueued
[212.729s][info][gc,ref      ] GC(124) Final: 37 encountered, 0 discovered, 0 enqueued
[212.729s][info][gc,ref      ] GC(124) Phantom: 291 encountered, 237 discovered, 0 enqueued
[212.729s][info][gc,reloc    ] GC(124) Small Pages: 999 / 1998M, Empty: 1868M, Relocated: 1M, In-Place: 0
[212.729s][info][gc,reloc    ] GC(124) Medium Pages: 0 / 0M, Empty: 0M, Relocated: 0M, In-Place: 0
[212.729s][info][gc,reloc    ] GC(124) Large Pages: 0 / 0M, Empty: 0M, Relocated: 0M, In-Place: 0
[212.729s][info][gc,reloc    ] GC(124) Forwarding Usage: 0M
[212.729s][info][gc,heap     ] GC(124) Min Capacity: 4096M(100%)
[212.729s][info][gc,heap     ] GC(124) Max Capacity: 4096M(100%)
[212.729s][info][gc,heap     ] GC(124) Soft Max Capacity: 4096M(100%)
[212.729s][info][gc,heap     ] GC(124)                Mark Start          Mark End        Relocate Start      Relocate End           High               Low         
[212.729s][info][gc,heap     ] GC(124)  Capacity:     4096M (100%)       4096M (100%)       4096M (100%)       4096M (100%)       4096M (100%)       4096M (100%)   
[212.729s][info][gc,heap     ] GC(124)      Free:     2098M (51%)        2076M (51%)        3940M (96%)        4044M (99%)        4044M (99%)        2074M (51%)    
[212.729s][info][gc,heap     ] GC(124)      Used:     1998M (49%)        2020M (49%)         156M (4%)           52M (1%)         2022M (49%)          52M (1%)     
[212.729s][info][gc,heap     ] GC(124)      Live:         -                20M (1%)           20M (1%)           20M (1%)             -                  -          
[212.729s][info][gc,heap     ] GC(124) Allocated:         -                22M (1%)           26M (1%)           25M (1%)             -                  -          
[212.729s][info][gc,heap     ] GC(124)   Garbage:         -              1977M (48%)         109M (3%)            5M (0%)             -                  -          
[212.729s][info][gc,heap     ] GC(124) Reclaimed:         -                  -              1868M (46%)        1971M (48%)            -                  -          
[212.729s][info][gc          ] GC(124) Garbage Collection (Proactive) 1998M(49%)->52M(1%)
[214.498s][info][gc,start    ] GC(125) Garbage Collection (Proactive)
[214.498s][info][gc,task     ] GC(125) Using 2 workers
[214.498s][info][gc,phases   ] GC(125) Pause Mark Start 0.006ms
[214.516s][info][gc,phases   ] GC(125) Concurrent Mark 18.410ms
[214.516s][info][gc,phases   ] GC(125) Pause Mark End 0.018ms
[214.516s][info][gc,phases   ] GC(125) Concurrent Mark Free 0.001ms
[214.525s][info][gc,phases   ] GC(125) Concurrent Process Non-Strong References 8.474ms
[214.525s][info][gc,phases   ] GC(125) Concurrent Reset Relocation Set 0.004ms
[214.527s][info][gc,phases   ] GC(125) Concurrent Select Relocation Set 1.979ms
[214.527s][info][gc,phases   ] GC(125) Pause Relocate Start 0.010ms
[214.528s][info][gc,phases   ] GC(125) Concurrent Relocate 0.727ms
[214.528s][info][gc,load     ] GC(125) Load: 0.00/0.00/0.00
[214.528s][info][gc,mmu      ] GC(125) MMU: 2ms/98.1%, 5ms/99.2%, 10ms/99.6%, 20ms/99.8%, 50ms/99.9%, 100ms/99.9%
[214.528s][info][gc,marking  ] GC(125) Mark: 2 stripe(s), 2 proactive flush(es), 1 terminate flush(es), 0 completion(s), 0 continuation(s) 
[214.528s][info][gc,marking  ] GC(125) Mark Stack Usage: 32M
[214.528s][info][gc,nmethod  ] GC(125) NMethods: 9579 registered, 145 unregistered
[214.528s][info][gc,metaspace] GC(125) Metaspace: 51M used, 52M committed, 1088M reserved
[214.528s][info][gc,ref      ] GC(125) Soft: 3841 encountered, 0 discovered, 0 enqueued
[214.528s][info][gc,ref      ] GC(125) Weak: 4347 encountered, 751 discovered, 0 enqueued
[214.528s][info][gc,ref      ] GC(125) Final: 37 encountered, 0 discovered, 0 enqueued
[214.528s][info][gc,ref      ] GC(125) Phantom: 291 encountered, 235 discovered, 0 enqueued
[214.528s][info][gc,reloc    ] GC(125) Small Pages: 870 / 1740M, Empty: 1624M, Relocated: 1M, In-Place: 0
[214.528s][info][gc,reloc    ] GC(125) Medium Pages: 0 / 0M, Empty: 0M, Relocated: 0M, In-Place: 0
[214.528s][info][gc,reloc    ] GC(125) Large Pages: 0 / 0M, Empty: 0M, Relocated: 0M, In-Place: 0
[214.528s][info][gc,reloc    ] GC(125) Forwarding Usage: 0M
[214.528s][info][gc,heap     ] GC(125) Min Capacity: 4096M(100%)
[214.528s][info][gc,heap     ] GC(125) Max Capacity: 4096M(100%)
[214.528s][info][gc,heap     ] GC(125) Soft Max Capacity: 4096M(100%)
[214.528s][info][gc,heap     ] GC(125)                Mark Start          Mark End        Relocate Start      Relocate End           High               Low         
[214.528s][info][gc,heap     ] GC(125)  Capacity:     4096M (100%)       4096M (100%)       4096M (100%)       4096M (100%)       4096M (100%)       4096M (100%)   
[214.528s][info][gc,heap     ] GC(125)      Free:     2356M (58%)        2336M (57%)        3958M (97%)        4046M (99%)        4046M (99%)        2334M (57%)    
[214.528s][info][gc,heap     ] GC(125)      Used:     1740M (42%)        1760M (43%)         138M (3%)           50M (1%)         1762M (43%)          50M (1%)     
[214.528s][info][gc,heap     ] GC(125)      Live:         -                20M (1%)           20M (1%)           20M (1%)             -                  -          
[214.528s][info][gc,heap     ] GC(125) Allocated:         -                20M (0%)           22M (1%)           23M (1%)             -                  -          
[214.528s][info][gc,heap     ] GC(125)   Garbage:         -              1719M (42%)          95M (2%)            5M (0%)             -                  -          
[214.528s][info][gc,heap     ] GC(125) Reclaimed:         -                  -              1624M (40%)        1713M (42%)            -                  -          
[214.528s][info][gc          ] GC(125) Garbage Collection (Proactive) 1740M(42%)->50M(1%)
[214.723s][info][gc,start    ] GC(126) Garbage Collection (System.gc())
[214.723s][info][gc,task     ] GC(126) Using 2 workers
[214.724s][info][gc,phases   ] GC(126) Pause Mark Start 0.009ms
[214.744s][info][gc,phases   ] GC(126) Concurrent Mark 20.013ms
[214.744s][info][gc,phases   ] GC(126) Pause Mark End 0.023ms
[214.744s][info][gc,phases   ] GC(126) Concurrent Mark Free 0.002ms
[214.752s][info][gc,phases   ] GC(126) Concurrent Process Non-Strong References 8.181ms
[214.752s][info][gc,phases   ] GC(126) Concurrent Reset Relocation Set 0.004ms
[214.754s][info][gc,phases   ] GC(126) Concurrent Select Relocation Set 2.062ms
[214.755s][info][gc,phases   ] GC(126) Pause Relocate Start 0.008ms
[214.755s][info][gc,phases   ] GC(126) Concurrent Relocate 0.341ms
[214.755s][info][gc,load     ] GC(126) Load: 0.00/0.00/0.00
[214.755s][info][gc,mmu      ] GC(126) MMU: 2ms/98.1%, 5ms/99.2%, 10ms/99.6%, 20ms/99.8%, 50ms/99.9%, 100ms/99.9%
[214.755s][info][gc,marking  ] GC(126) Mark: 2 stripe(s), 2 proactive flush(es), 1 terminate flush(es), 0 completion(s), 0 continuation(s) 
[214.755s][info][gc,marking  ] GC(126) Mark Stack Usage: 32M
[214.755s][info][gc,nmethod  ] GC(126) NMethods: 9580 registered, 146 unregistered
[214.755s][info][gc,metaspace] GC(126) Metaspace: 51M used, 52M committed, 1088M reserved
[214.755s][info][gc,ref      ] GC(126) Soft: 3841 encountered, 0 discovered, 0 enqueued
[214.755s][info][gc,ref      ] GC(126) Weak: 4197 encountered, 314 discovered, 30 enqueued
[214.755s][info][gc,ref      ] GC(126) Final: 37 encountered, 1 discovered, 0 enqueued
[214.755s][info][gc,ref      ] GC(126) Phantom: 291 encountered, 236 discovered, 0 enqueued
[214.755s][info][gc,reloc    ] GC(126) Small Pages: 83 / 166M, Empty: 70M, Relocated: 0M, In-Place: 0
[214.755s][info][gc,reloc    ] GC(126) Medium Pages: 0 / 0M, Empty: 0M, Relocated: 0M, In-Place: 0
[214.755s][info][gc,reloc    ] GC(126) Large Pages: 0 / 0M, Empty: 0M, Relocated: 0M, In-Place: 0
[214.755s][info][gc,reloc    ] GC(126) Forwarding Usage: 0M
[214.755s][info][gc,heap     ] GC(126) Min Capacity: 4096M(100%)
[214.755s][info][gc,heap     ] GC(126) Max Capacity: 4096M(100%)
[214.755s][info][gc,heap     ] GC(126) Soft Max Capacity: 4096M(100%)
[214.755s][info][gc,heap     ] GC(126)                Mark Start          Mark End        Relocate Start      Relocate End           High               Low         
[214.755s][info][gc,heap     ] GC(126)  Capacity:     4096M (100%)       4096M (100%)       4096M (100%)       4096M (100%)       4096M (100%)       4096M (100%)   
[214.755s][info][gc,heap     ] GC(126)      Free:     3930M (96%)        3914M (96%)        3984M (97%)        4054M (99%)        4054M (99%)        3914M (96%)    
[214.755s][info][gc,heap     ] GC(126)      Used:      166M (4%)          182M (4%)          112M (3%)           42M (1%)          182M (4%)           42M (1%)     
[214.755s][info][gc,heap     ] GC(126)      Live:         -                20M (0%)           20M (0%)           20M (0%)             -                  -          
[214.755s][info][gc,heap     ] GC(126) Allocated:         -                16M (0%)           16M (0%)           16M (0%)             -                  -          
[214.755s][info][gc,heap     ] GC(126)   Garbage:         -               145M (4%)           75M (2%)            5M (0%)             -                  -          
[214.755s][info][gc,heap     ] GC(126) Reclaimed:         -                  -                70M (2%)          140M (3%)             -                  -          
[214.755s][info][gc          ] GC(126) Garbage Collection (System.gc()) 166M(4%)->42M(1%)
[216.397s][info][gc,start    ] GC(127) Garbage Collection (Proactive)
[216.397s][info][gc,task     ] GC(127) Using 2 workers
[216.398s][info][gc,phases   ] GC(127) Pause Mark Start 0.008ms
[216.416s][info][gc,phases   ] GC(127) Concurrent Mark 18.259ms
[216.416s][info][gc,phases   ] GC(127) Pause Mark End 0.017ms
[216.416s][info][gc,phases   ] GC(127) Concurrent Mark Free 0.001ms
[216.425s][info][gc,phases   ] GC(127) Concurrent Process Non-Strong References 9.090ms
[216.425s][info][gc,phases   ] GC(127) Concurrent Reset Relocation Set 0.004ms
[216.427s][info][gc,phases   ] GC(127) Concurrent Select Relocation Set 2.054ms
[216.427s][info][gc,phases   ] GC(127) Pause Relocate Start 0.011ms
[216.428s][info][gc,phases   ] GC(127) Concurrent Relocate 0.865ms
[216.428s][info][gc,load     ] GC(127) Load: 0.00/0.00/0.00
[216.428s][info][gc,mmu      ] GC(127) MMU: 2ms/98.1%, 5ms/99.2%, 10ms/99.6%, 20ms/99.8%, 50ms/99.9%, 100ms/99.9%
[216.428s][info][gc,marking  ] GC(127) Mark: 2 stripe(s), 2 proactive flush(es), 1 terminate flush(es), 0 completion(s), 0 continuation(s) 
[216.428s][info][gc,marking  ] GC(127) Mark Stack Usage: 32M
[216.428s][info][gc,nmethod  ] GC(127) NMethods: 9595 registered, 150 unregistered
[216.428s][info][gc,metaspace] GC(127) Metaspace: 51M used, 52M committed, 1088M reserved
[216.428s][info][gc,ref      ] GC(127) Soft: 3841 encountered, 0 discovered, 0 enqueued
[216.428s][info][gc,ref      ] GC(127) Weak: 4364 encountered, 450 discovered, 14 enqueued
[216.428s][info][gc,ref      ] GC(127) Final: 37 encountered, 0 discovered, 0 enqueued
[216.428s][info][gc,ref      ] GC(127) Phantom: 291 encountered, 237 discovered, 0 enqueued
[216.428s][info][gc,reloc    ] GC(127) Small Pages: 913 / 1826M, Empty: 1726M, Relocated: 1M, In-Place: 0
[216.428s][info][gc,reloc    ] GC(127) Medium Pages: 0 / 0M, Empty: 0M, Relocated: 0M, In-Place: 0
[216.428s][info][gc,reloc    ] GC(127) Large Pages: 0 / 0M, Empty: 0M, Relocated: 0M, In-Place: 0
[216.428s][info][gc,reloc    ] GC(127) Forwarding Usage: 0M
[216.428s][info][gc,heap     ] GC(127) Min Capacity: 4096M(100%)
[216.428s][info][gc,heap     ] GC(127) Max Capacity: 4096M(100%)
[216.428s][info][gc,heap     ] GC(127) Soft Max Capacity: 4096M(100%)
[216.429s][info][gc,heap     ] GC(127)                Mark Start          Mark End        Relocate Start      Relocate End           High               Low         
[216.429s][info][gc,heap     ] GC(127)  Capacity:     4096M (100%)       4096M (100%)       4096M (100%)       4096M (100%)       4096M (100%)       4096M (100%)   
[216.429s][info][gc,heap     ] GC(127)      Free:     2270M (55%)        2250M (55%)        3970M (97%)        4040M (99%)        4040M (99%)        2244M (55%)    
[216.429s][info][gc,heap     ] GC(127)      Used:     1826M (45%)        1846M (45%)         126M (3%)           56M (1%)         1852M (45%)          56M (1%)     
[216.429s][info][gc,heap     ] GC(127)      Live:         -                20M (1%)           20M (1%)           20M (1%)             -                  -          
[216.429s][info][gc,heap     ] GC(127) Allocated:         -                20M (0%)           26M (1%)           29M (1%)             -                  -          
[216.429s][info][gc,heap     ] GC(127)   Garbage:         -              1805M (44%)          79M (2%)            5M (0%)             -                  -          
[216.429s][info][gc,heap     ] GC(127) Reclaimed:         -                  -              1726M (42%)        1799M (44%)            -                  -          
[216.429s][info][gc          ] GC(127) Garbage Collection (Proactive) 1826M(45%)->56M(1%)
[218.098s][info][gc,start    ] GC(128) Garbage Collection (Proactive)
[218.098s][info][gc,task     ] GC(128) Using 2 workers
[218.098s][info][gc,phases   ] GC(128) Pause Mark Start 0.008ms
[218.116s][info][gc,phases   ] GC(128) Concurrent Mark 18.525ms
[218.117s][info][gc,phases   ] GC(128) Pause Mark End 0.016ms
[218.117s][info][gc,phases   ] GC(128) Concurrent Mark Free 0.001ms
[218.126s][info][gc,phases   ] GC(128) Concurrent Process Non-Strong References 9.379ms
[218.126s][info][gc,phases   ] GC(128) Concurrent Reset Relocation Set 0.003ms
[218.128s][info][gc,phases   ] GC(128) Concurrent Select Relocation Set 2.018ms
[218.128s][info][gc,phases   ] GC(128) Pause Relocate Start 0.010ms
[218.129s][info][gc,phases   ] GC(128) Concurrent Relocate 0.727ms
[218.129s][info][gc,load     ] GC(128) Load: 0.00/0.00/0.00
[218.129s][info][gc,mmu      ] GC(128) MMU: 2ms/98.1%, 5ms/99.2%, 10ms/99.6%, 20ms/99.8%, 50ms/99.9%, 100ms/99.9%
[218.129s][info][gc,marking  ] GC(128) Mark: 2 stripe(s), 2 proactive flush(es), 1 terminate flush(es), 0 completion(s), 0 continuation(s) 
[218.129s][info][gc,marking  ] GC(128) Mark Stack Usage: 32M
[218.129s][info][gc,nmethod  ] GC(128) NMethods: 9595 registered, 150 unregistered
[218.129s][info][gc,metaspace] GC(128) Metaspace: 51M used, 52M committed, 1088M reserved
[218.129s][info][gc,ref      ] GC(128) Soft: 3841 encountered, 0 discovered, 0 enqueued
[218.129s][info][gc,ref      ] GC(128) Weak: 4350 encountered, 843 discovered, 0 enqueued
[218.129s][info][gc,ref      ] GC(128) Final: 37 encountered, 0 discovered, 0 enqueued
[218.129s][info][gc,ref      ] GC(128) Phantom: 291 encountered, 236 discovered, 0 enqueued
[218.129s][info][gc,reloc    ] GC(128) Small Pages: 958 / 1916M, Empty: 1800M, Relocated: 1M, In-Place: 0
[218.129s][info][gc,reloc    ] GC(128) Medium Pages: 0 / 0M, Empty: 0M, Relocated: 0M, In-Place: 0
[218.129s][info][gc,reloc    ] GC(128) Large Pages: 0 / 0M, Empty: 0M, Relocated: 0M, In-Place: 0
[218.129s][info][gc,reloc    ] GC(128) Forwarding Usage: 0M
[218.129s][info][gc,heap     ] GC(128) Min Capacity: 4096M(100%)
[218.129s][info][gc,heap     ] GC(128) Max Capacity: 4096M(100%)
[218.129s][info][gc,heap     ] GC(128) Soft Max Capacity: 4096M(100%)
[218.129s][info][gc,heap     ] GC(128)                Mark Start          Mark End        Relocate Start      Relocate End           High               Low         
[218.129s][info][gc,heap     ] GC(128)  Capacity:     4096M (100%)       4096M (100%)       4096M (100%)       4096M (100%)       4096M (100%)       4096M (100%)   
[218.129s][info][gc,heap     ] GC(128)      Free:     2180M (53%)        2160M (53%)        3952M (96%)        4040M (99%)        4040M (99%)        2154M (53%)    
[218.129s][info][gc,heap     ] GC(128)      Used:     1916M (47%)        1936M (47%)         144M (4%)           56M (1%)         1942M (47%)          56M (1%)     
[218.129s][info][gc,heap     ] GC(128)      Live:         -                20M (1%)           20M (1%)           20M (1%)             -                  -          
[218.129s][info][gc,heap     ] GC(128) Allocated:         -                20M (0%)           28M (1%)           29M (1%)             -                  -          
[218.129s][info][gc,heap     ] GC(128)   Garbage:         -              1895M (46%)          95M (2%)            5M (0%)             -                  -          
[218.129s][info][gc,heap     ] GC(128) Reclaimed:         -                  -              1800M (44%)        1889M (46%)            -                  -          
[218.129s][info][gc          ] GC(128) Garbage Collection (Proactive) 1916M(47%)->56M(1%)
[218.267s][info][gc,start    ] GC(129) Garbage Collection (System.gc())
[218.268s][info][gc,task     ] GC(129) Using 2 workers
[218.268s][info][gc,phases   ] GC(129) Pause Mark Start 0.007ms
[218.296s][info][gc,phases   ] GC(129) Concurrent Mark 28.604ms
[218.297s][info][gc,phases   ] GC(129) Pause Mark End 0.032ms
[218.297s][info][gc,phases   ] GC(129) Concurrent Mark Free 0.003ms
[218.305s][info][gc,phases   ] GC(129) Concurrent Process Non-Strong References 8.446ms
[218.305s][info][gc,phases   ] GC(129) Concurrent Reset Relocation Set 0.004ms
[218.307s][info][gc,phases   ] GC(129) Concurrent Select Relocation Set 1.598ms
[218.307s][info][gc,phases   ] GC(129) Pause Relocate Start 0.008ms
[218.308s][info][gc,phases   ] GC(129) Concurrent Relocate 0.561ms
[218.308s][info][gc,load     ] GC(129) Load: 0.00/0.00/0.00
[218.308s][info][gc,mmu      ] GC(129) MMU: 2ms/98.1%, 5ms/99.2%, 10ms/99.6%, 20ms/99.8%, 50ms/99.9%, 100ms/99.9%
[218.308s][info][gc,marking  ] GC(129) Mark: 2 stripe(s), 2 proactive flush(es), 1 terminate flush(es), 0 completion(s), 0 continuation(s) 
[218.308s][info][gc,marking  ] GC(129) Mark Stack Usage: 32M
[218.308s][info][gc,nmethod  ] GC(129) NMethods: 9600 registered, 153 unregistered
[218.308s][info][gc,metaspace] GC(129) Metaspace: 51M used, 52M committed, 1088M reserved
[218.308s][info][gc,ref      ] GC(129) Soft: 3841 encountered, 0 discovered, 0 enqueued
[218.308s][info][gc,ref      ] GC(129) Weak: 4197 encountered, 716 discovered, 31 enqueued
[218.308s][info][gc,ref      ] GC(129) Final: 37 encountered, 0 discovered, 0 enqueued
[218.308s][info][gc,ref      ] GC(129) Phantom: 291 encountered, 235 discovered, 0 enqueued
[218.308s][info][gc,reloc    ] GC(129) Small Pages: 84 / 168M, Empty: 74M, Relocated: 0M, In-Place: 0
[218.308s][info][gc,reloc    ] GC(129) Medium Pages: 0 / 0M, Empty: 0M, Relocated: 0M, In-Place: 0
[218.308s][info][gc,reloc    ] GC(129) Large Pages: 0 / 0M, Empty: 0M, Relocated: 0M, In-Place: 0
[218.308s][info][gc,reloc    ] GC(129) Forwarding Usage: 0M
[218.308s][info][gc,heap     ] GC(129) Min Capacity: 4096M(100%)
[218.308s][info][gc,heap     ] GC(129) Max Capacity: 4096M(100%)
[218.308s][info][gc,heap     ] GC(129) Soft Max Capacity: 4096M(100%)
[218.308s][info][gc,heap     ] GC(129)                Mark Start          Mark End        Relocate Start      Relocate End           High               Low         
[218.308s][info][gc,heap     ] GC(129)  Capacity:     4096M (100%)       4096M (100%)       4096M (100%)       4096M (100%)       4096M (100%)       4096M (100%)   
[218.308s][info][gc,heap     ] GC(129)      Free:     3928M (96%)        3912M (96%)        3986M (97%)        4054M (99%)        4054M (99%)        3912M (96%)    
[218.308s][info][gc,heap     ] GC(129)      Used:      168M (4%)          184M (4%)          110M (3%)           42M (1%)          184M (4%)           42M (1%)     
[218.308s][info][gc,heap     ] GC(129)      Live:         -                20M (0%)           20M (0%)           20M (0%)             -                  -          
[218.308s][info][gc,heap     ] GC(129) Allocated:         -                16M (0%)           16M (0%)           16M (0%)             -                  -          
[218.308s][info][gc,heap     ] GC(129)   Garbage:         -               147M (4%)           73M (2%)            5M (0%)             -                  -          
[218.308s][info][gc,heap     ] GC(129) Reclaimed:         -                  -                74M (2%)          142M (3%)             -                  -          
[218.308s][info][gc          ] GC(129) Garbage Collection (System.gc()) 168M(4%)->42M(1%)
[220.197s][info][gc,stats    ] === Garbage Collection Statistics =======================================================================================================================
[220.197s][info][gc,stats    ]                                                              Last 10s              Last 10m              Last 10h                Total
[220.197s][info][gc,stats    ]                                                              Avg / Max             Avg / Max             Avg / Max             Avg / Max
[220.197s][info][gc,stats    ]   Collector: Garbage Collection Cycle                     32.634 / 40.258       32.520 / 62.948       32.520 / 62.948       32.520 / 62.948      ms
[220.197s][info][gc,stats    ]  Contention: Mark Segment Reset Contention                     0 / 0                 0 / 2                 0 / 2                 0 / 2           ops/s
[220.197s][info][gc,stats    ]  Contention: Mark SeqNum Reset Contention                      0 / 1                 0 / 2                 0 / 2                 0 / 2           ops/s
[220.197s][info][gc,stats    ]    Critical: Allocation Stall                                  0 / 0                 0 / 0                 0 / 0                 0 / 0           ops/s
[220.197s][info][gc,stats    ]    Critical: Allocation Stall                              0.000 / 0.000         0.000 / 0.000         0.000 / 0.000         0.000 / 0.000       ms
[220.197s][info][gc,stats    ]    Critical: GC Locker Stall                                   0 / 0                 0 / 0                 0 / 0                 0 / 0           ops/s
[220.197s][info][gc,stats    ]    Critical: GC Locker Stall                               0.000 / 0.000         0.000 / 0.000         0.000 / 0.000         0.000 / 0.000       ms
[220.197s][info][gc,stats    ]    Critical: Relocation Stall                                  0 / 0                 0 / 0                 0 / 0                 0 / 0           ops/s
[220.197s][info][gc,stats    ]    Critical: Relocation Stall                              0.000 / 0.000         0.000 / 0.000         0.000 / 0.000         0.000 / 0.000       ms
[220.197s][info][gc,stats    ]      Memory: Allocation Rate                                1038 / 1114           1003 / 1120           1003 / 1120           1003 / 1120        MB/s
[220.197s][info][gc,stats    ]      Memory: Defragment                                        0 / 0                 0 / 0                 0 / 0                 0 / 0           ops/s
[220.197s][info][gc,stats    ]      Memory: Out Of Memory                                     0 / 0                 0 / 0                 0 / 0                 0 / 0           ops/s
[220.197s][info][gc,stats    ]      Memory: Page Cache Flush                                  0 / 0                 0 / 0                 0 / 0                 0 / 0           MB/s
[220.197s][info][gc,stats    ]      Memory: Page Cache Hit L1                               520 / 559             495 / 560             495 / 560             495 / 560         ops/s
[220.197s][info][gc,stats    ]      Memory: Page Cache Hit L2                                 0 / 0                 0 / 0                 0 / 0                 0 / 0           ops/s
[220.197s][info][gc,stats    ]      Memory: Page Cache Hit L3                                 0 / 0                 7 / 295               7 / 295               7 / 295         ops/s
[220.197s][info][gc,stats    ]      Memory: Page Cache Miss                                   0 / 0                 0 / 1                 0 / 1                 0 / 1           ops/s
[220.197s][info][gc,stats    ]      Memory: Uncommit                                          0 / 0                 0 / 0                 0 / 0                 0 / 0           MB/s
[220.197s][info][gc,stats    ]      Memory: Undo Object Allocation Failed                     0 / 1                 0 / 1                 0 / 1                 0 / 1           ops/s
[220.197s][info][gc,stats    ]      Memory: Undo Object Allocation Succeeded                  3 / 24                2 / 42                2 / 42                2 / 42          ops/s
[220.197s][info][gc,stats    ]      Memory: Undo Page Allocation                              1 / 3                 1 / 8                 1 / 8                 1 / 8           ops/s
[220.197s][info][gc,stats    ]       Phase: Concurrent Mark                              20.391 / 28.604       21.011 / 33.521       21.011 / 33.521       21.011 / 33.521      ms
[220.197s][info][gc,stats    ]       Phase: Concurrent Mark Continue                      0.000 / 0.000         0.000 / 0.000         0.000 / 0.000         0.000 / 0.000       ms
[220.197s][info][gc,stats    ]       Phase: Concurrent Mark Free                          0.001 / 0.003         0.001 / 0.003         0.001 / 0.003         0.001 / 0.003       ms
[220.197s][info][gc,stats    ]       Phase: Concurrent Process Non-Strong References      8.846 / 9.511         7.841 / 21.700        7.841 / 21.700        7.841 / 21.700      ms
[220.197s][info][gc,stats    ]       Phase: Concurrent Relocate                           0.653 / 0.911         0.754 / 5.848         0.754 / 5.848         0.754 / 5.848       ms
[220.197s][info][gc,stats    ]       Phase: Concurrent Reset Relocation Set               0.004 / 0.004         0.004 / 0.010         0.004 / 0.010         0.004 / 0.010       ms
[220.197s][info][gc,stats    ]       Phase: Concurrent Select Relocation Set              1.908 / 2.062         2.057 / 5.959         2.057 / 5.959         2.057 / 5.959       ms
[220.197s][info][gc,stats    ]       Phase: Pause Mark End                                0.022 / 0.032         0.019 / 0.038         0.019 / 0.038         0.019 / 0.038       ms
[220.197s][info][gc,stats    ]       Phase: Pause Mark Start                              0.008 / 0.009         0.008 / 0.022         0.008 / 0.022         0.008 / 0.022       ms
[220.197s][info][gc,stats    ]       Phase: Pause Relocate Start                          0.009 / 0.011         0.009 / 0.023         0.009 / 0.023         0.009 / 0.023       ms
[220.197s][info][gc,stats    ]    Subphase: Concurrent Classes Purge                      0.026 / 0.041         0.082 / 1.921         0.082 / 1.921         0.082 / 1.921       ms
[220.197s][info][gc,stats    ]    Subphase: Concurrent Classes Unlink                     8.078 / 8.896         7.008 / 15.207        7.008 / 15.207        7.008 / 15.207      ms
[220.197s][info][gc,stats    ]    Subphase: Concurrent Mark                              16.897 / 26.940       17.237 / 31.441       17.237 / 31.441       17.237 / 31.441      ms
[220.197s][info][gc,stats    ]    Subphase: Concurrent Mark Try Flush                     0.081 / 0.239         0.078 / 0.430         0.078 / 0.430         0.078 / 0.430       ms
[220.197s][info][gc,stats    ]    Subphase: Concurrent Mark Try Terminate                 1.466 / 14.824        1.543 / 15.936        1.543 / 15.936        1.543 / 15.936      ms
[220.198s][info][gc,stats    ]    Subphase: Concurrent References Enqueue                 0.004 / 0.006         0.005 / 0.010         0.005 / 0.010         0.005 / 0.010       ms
[220.198s][info][gc,stats    ]    Subphase: Concurrent References Process                 0.151 / 0.271         0.134 / 0.844         0.134 / 0.844         0.134 / 0.844       ms
[220.198s][info][gc,stats    ]    Subphase: Concurrent Roots ClassLoaderDataGraph         0.072 / 0.130         0.076 / 0.281         0.076 / 0.281         0.076 / 0.281       ms
[220.198s][info][gc,stats    ]    Subphase: Concurrent Roots CodeCache                    0.000 / 0.000         0.000 / 0.000         0.000 / 0.000         0.000 / 0.000       ms
[220.198s][info][gc,stats    ]    Subphase: Concurrent Roots JavaThreads                  1.412 / 2.033         1.528 / 4.045         1.528 / 4.045         1.528 / 4.045       ms
[220.198s][info][gc,stats    ]    Subphase: Concurrent Roots OopStorageSet                0.023 / 0.052         0.024 / 0.106         0.024 / 0.106         0.024 / 0.106       ms
[220.198s][info][gc,stats    ]    Subphase: Concurrent Weak Roots OopStorageSet           0.421 / 0.618         0.412 / 1.078         0.412 / 1.078         0.412 / 1.078       ms
[220.198s][info][gc,stats    ]    Subphase: Pause Mark Try Complete                       0.000 / 0.000         0.000 / 0.000         0.000 / 0.000         0.000 / 0.000       ms
[220.198s][info][gc,stats    ]      System: Java Threads                                     59 / 60               58 / 64               58 / 64               58 / 64          threads
[220.198s][info][gc,stats    ] =========================================================================================================================================================
[220.898s][info][gc,start    ] GC(130) Garbage Collection (Proactive)
[220.898s][info][gc,task     ] GC(130) Using 2 workers
[220.898s][info][gc,phases   ] GC(130) Pause Mark Start 0.009ms
[220.916s][info][gc,phases   ] GC(130) Concurrent Mark 17.863ms
[220.916s][info][gc,phases   ] GC(130) Pause Mark End 0.018ms
[220.916s][info][gc,phases   ] GC(130) Concurrent Mark Free 0.000ms
[220.925s][info][gc,phases   ] GC(130) Concurrent Process Non-Strong References 9.061ms
[220.925s][info][gc,phases   ] GC(130) Concurrent Reset Relocation Set 0.003ms
[220.927s][info][gc,phases   ] GC(130) Concurrent Select Relocation Set 2.034ms
[220.928s][info][gc,phases   ] GC(130) Pause Relocate Start 0.011ms
[220.929s][info][gc,phases   ] GC(130) Concurrent Relocate 0.892ms
[220.929s][info][gc,load     ] GC(130) Load: 0.00/0.00/0.00
[220.929s][info][gc,mmu      ] GC(130) MMU: 2ms/98.1%, 5ms/99.2%, 10ms/99.6%, 20ms/99.8%, 50ms/99.9%, 100ms/99.9%
[220.929s][info][gc,marking  ] GC(130) Mark: 2 stripe(s), 2 proactive flush(es), 1 terminate flush(es), 0 completion(s), 0 continuation(s) 
[220.929s][info][gc,marking  ] GC(130) Mark Stack Usage: 32M
[220.929s][info][gc,nmethod  ] GC(130) NMethods: 9607 registered, 162 unregistered
[220.929s][info][gc,metaspace] GC(130) Metaspace: 51M used, 52M committed, 1088M reserved
[220.929s][info][gc,ref      ] GC(130) Soft: 3841 encountered, 0 discovered, 0 enqueued
[220.929s][info][gc,ref      ] GC(130) Weak: 4363 encountered, 636 discovered, 13 enqueued
[220.929s][info][gc,ref      ] GC(130) Final: 37 encountered, 0 discovered, 0 enqueued
[220.929s][info][gc,ref      ] GC(130) Phantom: 291 encountered, 234 discovered, 0 enqueued
[220.929s][info][gc,reloc    ] GC(130) Small Pages: 1393 / 2786M, Empty: 2658M, Relocated: 1M, In-Place: 0
[220.929s][info][gc,reloc    ] GC(130) Medium Pages: 0 / 0M, Empty: 0M, Relocated: 0M, In-Place: 0
[220.929s][info][gc,reloc    ] GC(130) Large Pages: 0 / 0M, Empty: 0M, Relocated: 0M, In-Place: 0
[220.929s][info][gc,reloc    ] GC(130) Forwarding Usage: 0M
[220.929s][info][gc,heap     ] GC(130) Min Capacity: 4096M(100%)
[220.929s][info][gc,heap     ] GC(130) Max Capacity: 4096M(100%)
[220.929s][info][gc,heap     ] GC(130) Soft Max Capacity: 4096M(100%)
[220.929s][info][gc,heap     ] GC(130)                Mark Start          Mark End        Relocate Start      Relocate End           High               Low         
[220.929s][info][gc,heap     ] GC(130)  Capacity:     4096M (100%)       4096M (100%)       4096M (100%)       4096M (100%)       4096M (100%)       4096M (100%)   
[220.929s][info][gc,heap     ] GC(130)      Free:     1310M (32%)        1292M (32%)        3942M (96%)        4042M (99%)        4042M (99%)        1286M (31%)    
[220.929s][info][gc,heap     ] GC(130)      Used:     2786M (68%)        2804M (68%)         154M (4%)           54M (1%)         2810M (69%)          54M (1%)     
[220.929s][info][gc,heap     ] GC(130)      Live:         -                20M (1%)           20M (1%)           20M (1%)             -                  -          
[220.929s][info][gc,heap     ] GC(130) Allocated:         -                18M (0%)           26M (1%)           27M (1%)             -                  -          
[220.929s][info][gc,heap     ] GC(130)   Garbage:         -              2765M (68%)         107M (3%)            5M (0%)             -                  -          
[220.929s][info][gc,heap     ] GC(130) Reclaimed:         -                  -              2658M (65%)        2759M (67%)            -                  -          
[220.929s][info][gc          ] GC(130) Garbage Collection (Proactive) 2786M(68%)->54M(1%)
[221.920s][info][gc,start    ] GC(131) Garbage Collection (System.gc())
[221.920s][info][gc,task     ] GC(131) Using 2 workers
[221.920s][info][gc,phases   ] GC(131) Pause Mark Start 0.009ms
[221.946s][info][gc,phases   ] GC(131) Concurrent Mark 26.308ms
[221.946s][info][gc,phases   ] GC(131) Pause Mark End 0.025ms
[221.946s][info][gc,phases   ] GC(131) Concurrent Mark Free 0.002ms
[221.955s][info][gc,phases   ] GC(131) Concurrent Process Non-Strong References 8.561ms
[221.955s][info][gc,phases   ] GC(131) Concurrent Reset Relocation Set 0.003ms
[221.957s][info][gc,phases   ] GC(131) Concurrent Select Relocation Set 1.553ms
[221.957s][info][gc,phases   ] GC(131) Pause Relocate Start 0.007ms
[221.957s][info][gc,phases   ] GC(131) Concurrent Relocate 0.425ms
[221.957s][info][gc,load     ] GC(131) Load: 0.00/0.00/0.00
[221.957s][info][gc,mmu      ] GC(131) MMU: 2ms/98.1%, 5ms/99.2%, 10ms/99.6%, 20ms/99.8%, 50ms/99.9%, 100ms/99.9%
[221.957s][info][gc,marking  ] GC(131) Mark: 2 stripe(s), 2 proactive flush(es), 1 terminate flush(es), 0 completion(s), 0 continuation(s) 
[221.957s][info][gc,marking  ] GC(131) Mark Stack Usage: 32M
[221.957s][info][gc,nmethod  ] GC(131) NMethods: 9610 registered, 165 unregistered
[221.957s][info][gc,metaspace] GC(131) Metaspace: 51M used, 52M committed, 1088M reserved
[221.957s][info][gc,ref      ] GC(131) Soft: 3841 encountered, 0 discovered, 0 enqueued
[221.957s][info][gc,ref      ] GC(131) Weak: 4212 encountered, 652 discovered, 31 enqueued
[221.957s][info][gc,ref      ] GC(131) Final: 37 encountered, 0 discovered, 0 enqueued
[221.957s][info][gc,ref      ] GC(131) Phantom: 291 encountered, 235 discovered, 0 enqueued
[221.957s][info][gc,reloc    ] GC(131) Small Pages: 544 / 1088M, Empty: 960M, Relocated: 0M, In-Place: 0
[221.957s][info][gc,reloc    ] GC(131) Medium Pages: 0 / 0M, Empty: 0M, Relocated: 0M, In-Place: 0
[221.957s][info][gc,reloc    ] GC(131) Large Pages: 0 / 0M, Empty: 0M, Relocated: 0M, In-Place: 0
[221.957s][info][gc,reloc    ] GC(131) Forwarding Usage: 0M
[221.957s][info][gc,heap     ] GC(131) Min Capacity: 4096M(100%)
[221.957s][info][gc,heap     ] GC(131) Max Capacity: 4096M(100%)
[221.957s][info][gc,heap     ] GC(131) Soft Max Capacity: 4096M(100%)
[221.957s][info][gc,heap     ] GC(131)                Mark Start          Mark End        Relocate Start      Relocate End           High               Low         
[221.957s][info][gc,heap     ] GC(131)  Capacity:     4096M (100%)       4096M (100%)       4096M (100%)       4096M (100%)       4096M (100%)       4096M (100%)   
[221.957s][info][gc,heap     ] GC(131)      Free:     3008M (73%)        2994M (73%)        3954M (97%)        4056M (99%)        4056M (99%)        2994M (73%)    
[221.957s][info][gc,heap     ] GC(131)      Used:     1088M (27%)        1102M (27%)         142M (3%)           40M (1%)         1102M (27%)          40M (1%)     
[221.957s][info][gc,heap     ] GC(131)      Live:         -                20M (0%)           20M (0%)           20M (0%)             -                  -          
[221.957s][info][gc,heap     ] GC(131) Allocated:         -                14M (0%)           14M (0%)           14M (0%)             -                  -          
[221.957s][info][gc,heap     ] GC(131)   Garbage:         -              1067M (26%)         107M (3%)            5M (0%)             -                  -          
[221.957s][info][gc,heap     ] GC(131) Reclaimed:         -                  -               960M (23%)        1062M (26%)            -                  -          
[221.957s][info][gc          ] GC(131) Garbage Collection (System.gc()) 1088M(27%)->40M(1%)
[224.301s][info][gc,start    ] GC(132) Garbage Collection (Proactive)
[224.301s][info][gc,task     ] GC(132) Using 2 workers
[224.301s][info][gc,phases   ] GC(132) Pause Mark Start 0.011ms
[224.319s][info][gc,phases   ] GC(132) Concurrent Mark 17.364ms
[224.319s][info][gc,phases   ] GC(132) Pause Mark End 0.018ms
[224.319s][info][gc,phases   ] GC(132) Concurrent Mark Free 0.001ms
[224.329s][info][gc,phases   ] GC(132) Concurrent Process Non-Strong References 9.474ms
[224.329s][info][gc,phases   ] GC(132) Concurrent Reset Relocation Set 0.004ms
[224.331s][info][gc,phases   ] GC(132) Concurrent Select Relocation Set 2.092ms
[224.331s][info][gc,phases   ] GC(132) Pause Relocate Start 0.010ms
[224.332s][info][gc,phases   ] GC(132) Concurrent Relocate 0.808ms
[224.332s][info][gc,load     ] GC(132) Load: 0.00/0.00/0.00
[224.332s][info][gc,mmu      ] GC(132) MMU: 2ms/98.1%, 5ms/99.2%, 10ms/99.6%, 20ms/99.8%, 50ms/99.9%, 100ms/99.9%
[224.332s][info][gc,marking  ] GC(132) Mark: 2 stripe(s), 2 proactive flush(es), 1 terminate flush(es), 0 completion(s), 0 continuation(s) 
[224.332s][info][gc,marking  ] GC(132) Mark Stack Usage: 32M
[224.332s][info][gc,nmethod  ] GC(132) NMethods: 9609 registered, 167 unregistered
[224.332s][info][gc,metaspace] GC(132) Metaspace: 51M used, 52M committed, 1088M reserved
[224.332s][info][gc,ref      ] GC(132) Soft: 3841 encountered, 0 discovered, 0 enqueued
[224.332s][info][gc,ref      ] GC(132) Weak: 4364 encountered, 390 discovered, 13 enqueued
[224.332s][info][gc,ref      ] GC(132) Final: 37 encountered, 0 discovered, 0 enqueued
[224.332s][info][gc,ref      ] GC(132) Phantom: 291 encountered, 237 discovered, 0 enqueued
[224.332s][info][gc,reloc    ] GC(132) Small Pages: 1255 / 2510M, Empty: 2388M, Relocated: 1M, In-Place: 0
[224.332s][info][gc,reloc    ] GC(132) Medium Pages: 0 / 0M, Empty: 0M, Relocated: 0M, In-Place: 0
[224.332s][info][gc,reloc    ] GC(132) Large Pages: 0 / 0M, Empty: 0M, Relocated: 0M, In-Place: 0
[224.332s][info][gc,reloc    ] GC(132) Forwarding Usage: 0M
[224.332s][info][gc,heap     ] GC(132) Min Capacity: 4096M(100%)
[224.332s][info][gc,heap     ] GC(132) Max Capacity: 4096M(100%)
[224.332s][info][gc,heap     ] GC(132) Soft Max Capacity: 4096M(100%)
[224.332s][info][gc,heap     ] GC(132)                Mark Start          Mark End        Relocate Start      Relocate End           High               Low         
[224.332s][info][gc,heap     ] GC(132)  Capacity:     4096M (100%)       4096M (100%)       4096M (100%)       4096M (100%)       4096M (100%)       4096M (100%)   
[224.332s][info][gc,heap     ] GC(132)      Free:     1586M (39%)        1564M (38%)        3946M (96%)        4042M (99%)        4042M (99%)        1560M (38%)    
[224.332s][info][gc,heap     ] GC(132)      Used:     2510M (61%)        2532M (62%)         150M (4%)           54M (1%)         2536M (62%)          54M (1%)     
[224.332s][info][gc,heap     ] GC(132)      Live:         -                20M (1%)           20M (1%)           20M (1%)             -                  -          
[224.332s][info][gc,heap     ] GC(132) Allocated:         -                22M (1%)           28M (1%)           27M (1%)             -                  -          
[224.332s][info][gc,heap     ] GC(132)   Garbage:         -              2489M (61%)         101M (2%)            5M (0%)             -                  -          
[224.332s][info][gc,heap     ] GC(132) Reclaimed:         -                  -              2388M (58%)        2483M (61%)            -                  -          
[224.332s][info][gc          ] GC(132) Garbage Collection (Proactive) 2510M(61%)->54M(1%)
[225.574s][info][gc,start    ] GC(133) Garbage Collection (System.gc())
[225.574s][info][gc,task     ] GC(133) Using 2 workers
[225.574s][info][gc,phases   ] GC(133) Pause Mark Start 0.008ms
[225.594s][info][gc,phases   ] GC(133) Concurrent Mark 19.640ms
[225.594s][info][gc,phases   ] GC(133) Pause Mark End 0.028ms
[225.594s][info][gc,phases   ] GC(133) Concurrent Mark Free 0.003ms
[225.603s][info][gc,phases   ] GC(133) Concurrent Process Non-Strong References 8.745ms
[225.603s][info][gc,phases   ] GC(133) Concurrent Reset Relocation Set 0.003ms
[225.605s][info][gc,phases   ] GC(133) Concurrent Select Relocation Set 1.463ms
[225.605s][info][gc,phases   ] GC(133) Pause Relocate Start 0.010ms
[225.605s][info][gc,phases   ] GC(133) Concurrent Relocate 0.589ms
[225.606s][info][gc,load     ] GC(133) Load: 0.00/0.00/0.00
[225.606s][info][gc,mmu      ] GC(133) MMU: 2ms/98.1%, 5ms/99.2%, 10ms/99.6%, 20ms/99.8%, 50ms/99.9%, 100ms/99.9%
[225.606s][info][gc,marking  ] GC(133) Mark: 2 stripe(s), 2 proactive flush(es), 1 terminate flush(es), 0 completion(s), 0 continuation(s) 
[225.606s][info][gc,marking  ] GC(133) Mark Stack Usage: 32M
[225.606s][info][gc,nmethod  ] GC(133) NMethods: 9611 registered, 169 unregistered
[225.606s][info][gc,metaspace] GC(133) Metaspace: 51M used, 52M committed, 1088M reserved
[225.606s][info][gc,ref      ] GC(133) Soft: 3841 encountered, 0 discovered, 0 enqueued
[225.606s][info][gc,ref      ] GC(133) Weak: 4198 encountered, 732 discovered, 31 enqueued
[225.606s][info][gc,ref      ] GC(133) Final: 37 encountered, 0 discovered, 0 enqueued
[225.606s][info][gc,ref      ] GC(133) Phantom: 291 encountered, 235 discovered, 0 enqueued
[225.606s][info][gc,reloc    ] GC(133) Small Pages: 682 / 1364M, Empty: 1216M, Relocated: 0M, In-Place: 0
[225.606s][info][gc,reloc    ] GC(133) Medium Pages: 0 / 0M, Empty: 0M, Relocated: 0M, In-Place: 0
[225.606s][info][gc,reloc    ] GC(133) Large Pages: 0 / 0M, Empty: 0M, Relocated: 0M, In-Place: 0
[225.606s][info][gc,reloc    ] GC(133) Forwarding Usage: 0M
[225.606s][info][gc,heap     ] GC(133) Min Capacity: 4096M(100%)
[225.606s][info][gc,heap     ] GC(133) Max Capacity: 4096M(100%)
[225.606s][info][gc,heap     ] GC(133) Soft Max Capacity: 4096M(100%)
[225.606s][info][gc,heap     ] GC(133)                Mark Start          Mark End        Relocate Start      Relocate End           High               Low         
[225.606s][info][gc,heap     ] GC(133)  Capacity:     4096M (100%)       4096M (100%)       4096M (100%)       4096M (100%)       4096M (100%)       4096M (100%)   
[225.606s][info][gc,heap     ] GC(133)      Free:     2732M (67%)        2718M (66%)        3934M (96%)        4056M (99%)        4056M (99%)        2718M (66%)    
[225.606s][info][gc,heap     ] GC(133)      Used:     1364M (33%)        1378M (34%)         162M (4%)           40M (1%)         1378M (34%)          40M (1%)     
[225.606s][info][gc,heap     ] GC(133)      Live:         -                20M (0%)           20M (0%)           20M (0%)             -                  -          
[225.606s][info][gc,heap     ] GC(133) Allocated:         -                14M (0%)           14M (0%)           14M (0%)             -                  -          
[225.606s][info][gc,heap     ] GC(133)   Garbage:         -              1343M (33%)         127M (3%)            5M (0%)             -                  -          
[225.606s][info][gc,heap     ] GC(133) Reclaimed:         -                  -              1216M (30%)        1338M (33%)            -                  -          
[225.606s][info][gc          ] GC(133) Garbage Collection (System.gc()) 1364M(33%)->40M(1%)
[227.498s][info][gc,start    ] GC(134) Garbage Collection (Proactive)
[227.498s][info][gc,task     ] GC(134) Using 2 workers
[227.498s][info][gc,phases   ] GC(134) Pause Mark Start 0.006ms
[227.516s][info][gc,phases   ] GC(134) Concurrent Mark 18.331ms
[227.516s][info][gc,phases   ] GC(134) Pause Mark End 0.018ms
[227.516s][info][gc,phases   ] GC(134) Concurrent Mark Free 0.001ms
[227.526s][info][gc,phases   ] GC(134) Concurrent Process Non-Strong References 9.254ms
[227.526s][info][gc,phases   ] GC(134) Concurrent Reset Relocation Set 0.005ms
[227.528s][info][gc,phases   ] GC(134) Concurrent Select Relocation Set 2.022ms
[227.528s][info][gc,phases   ] GC(134) Pause Relocate Start 0.010ms
[227.529s][info][gc,phases   ] GC(134) Concurrent Relocate 0.835ms
[227.529s][info][gc,load     ] GC(134) Load: 0.00/0.00/0.00
[227.529s][info][gc,mmu      ] GC(134) MMU: 2ms/98.1%, 5ms/99.2%, 10ms/99.6%, 20ms/99.8%, 50ms/99.9%, 100ms/99.9%
[227.529s][info][gc,marking  ] GC(134) Mark: 2 stripe(s), 2 proactive flush(es), 1 terminate flush(es), 0 completion(s), 0 continuation(s) 
[227.529s][info][gc,marking  ] GC(134) Mark Stack Usage: 32M
[227.529s][info][gc,nmethod  ] GC(134) NMethods: 9613 registered, 172 unregistered
[227.529s][info][gc,metaspace] GC(134) Metaspace: 51M used, 52M committed, 1088M reserved
[227.529s][info][gc,ref      ] GC(134) Soft: 3841 encountered, 0 discovered, 0 enqueued
[227.529s][info][gc,ref      ] GC(134) Weak: 4364 encountered, 1027 discovered, 13 enqueued
[227.529s][info][gc,ref      ] GC(134) Final: 37 encountered, 0 discovered, 0 enqueued
[227.529s][info][gc,ref      ] GC(134) Phantom: 291 encountered, 236 discovered, 0 enqueued
[227.529s][info][gc,reloc    ] GC(134) Small Pages: 1031 / 2062M, Empty: 1964M, Relocated: 1M, In-Place: 0
[227.529s][info][gc,reloc    ] GC(134) Medium Pages: 0 / 0M, Empty: 0M, Relocated: 0M, In-Place: 0
[227.529s][info][gc,reloc    ] GC(134) Large Pages: 0 / 0M, Empty: 0M, Relocated: 0M, In-Place: 0
[227.529s][info][gc,reloc    ] GC(134) Forwarding Usage: 0M
[227.529s][info][gc,heap     ] GC(134) Min Capacity: 4096M(100%)
[227.529s][info][gc,heap     ] GC(134) Max Capacity: 4096M(100%)
[227.529s][info][gc,heap     ] GC(134) Soft Max Capacity: 4096M(100%)
[227.529s][info][gc,heap     ] GC(134)                Mark Start          Mark End        Relocate Start      Relocate End           High               Low         
[227.529s][info][gc,heap     ] GC(134)  Capacity:     4096M (100%)       4096M (100%)       4096M (100%)       4096M (100%)       4096M (100%)       4096M (100%)   
[227.529s][info][gc,heap     ] GC(134)      Free:     2034M (50%)        2014M (49%)        3970M (97%)        4040M (99%)        4040M (99%)        2008M (49%)    
[227.529s][info][gc,heap     ] GC(134)      Used:     2062M (50%)        2082M (51%)         126M (3%)           56M (1%)         2088M (51%)          56M (1%)     
[227.529s][info][gc,heap     ] GC(134)      Live:         -                20M (1%)           20M (1%)           20M (1%)             -                  -          
[227.529s][info][gc,heap     ] GC(134) Allocated:         -                20M (0%)           28M (1%)           29M (1%)             -                  -          
[227.529s][info][gc,heap     ] GC(134)   Garbage:         -              2041M (50%)          77M (2%)            5M (0%)             -                  -          
[227.529s][info][gc,heap     ] GC(134) Reclaimed:         -                  -              1964M (48%)        2035M (50%)            -                  -          
[227.529s][info][gc          ] GC(134) Garbage Collection (Proactive) 2062M(50%)->56M(1%)
[229.171s][info][gc,start    ] GC(135) Garbage Collection (System.gc())
[229.171s][info][gc,task     ] GC(135) Using 2 workers
[229.171s][info][gc,phases   ] GC(135) Pause Mark Start 0.010ms
[229.197s][info][gc,phases   ] GC(135) Concurrent Mark 25.991ms
[229.197s][info][gc,phases   ] GC(135) Pause Mark End 0.028ms
[229.197s][info][gc,phases   ] GC(135) Concurrent Mark Free 0.003ms
[229.205s][info][gc,phases   ] GC(135) Concurrent Process Non-Strong References 7.820ms
[229.205s][info][gc,phases   ] GC(135) Concurrent Reset Relocation Set 0.003ms
[229.207s][info][gc,phases   ] GC(135) Concurrent Select Relocation Set 1.925ms
[229.207s][info][gc,phases   ] GC(135) Pause Relocate Start 0.007ms
[229.208s][info][gc,phases   ] GC(135) Concurrent Relocate 0.699ms
[229.208s][info][gc,load     ] GC(135) Load: 0.00/0.00/0.00
[229.208s][info][gc,mmu      ] GC(135) MMU: 2ms/98.1%, 5ms/99.2%, 10ms/99.6%, 20ms/99.8%, 50ms/99.9%, 100ms/99.9%
[229.208s][info][gc,marking  ] GC(135) Mark: 2 stripe(s), 2 proactive flush(es), 1 terminate flush(es), 0 completion(s), 0 continuation(s) 
[229.208s][info][gc,marking  ] GC(135) Mark Stack Usage: 32M
[229.208s][info][gc,nmethod  ] GC(135) NMethods: 9615 registered, 174 unregistered
[229.208s][info][gc,metaspace] GC(135) Metaspace: 51M used, 52M committed, 1088M reserved
[229.208s][info][gc,ref      ] GC(135) Soft: 3841 encountered, 0 discovered, 0 enqueued
[229.208s][info][gc,ref      ] GC(135) Weak: 4198 encountered, 658 discovered, 31 enqueued
[229.208s][info][gc,ref      ] GC(135) Final: 37 encountered, 0 discovered, 0 enqueued
[229.208s][info][gc,ref      ] GC(135) Phantom: 291 encountered, 233 discovered, 0 enqueued
[229.208s][info][gc,reloc    ] GC(135) Small Pages: 904 / 1808M, Empty: 1666M, Relocated: 0M, In-Place: 0
[229.208s][info][gc,reloc    ] GC(135) Medium Pages: 0 / 0M, Empty: 0M, Relocated: 0M, In-Place: 0
[229.208s][info][gc,reloc    ] GC(135) Large Pages: 0 / 0M, Empty: 0M, Relocated: 0M, In-Place: 0
[229.208s][info][gc,reloc    ] GC(135) Forwarding Usage: 0M
[229.208s][info][gc,heap     ] GC(135) Min Capacity: 4096M(100%)
[229.208s][info][gc,heap     ] GC(135) Max Capacity: 4096M(100%)
[229.208s][info][gc,heap     ] GC(135) Soft Max Capacity: 4096M(100%)
[229.208s][info][gc,heap     ] GC(135)                Mark Start          Mark End        Relocate Start      Relocate End           High               Low         
[229.208s][info][gc,heap     ] GC(135)  Capacity:     4096M (100%)       4096M (100%)       4096M (100%)       4096M (100%)       4096M (100%)       4096M (100%)   
[229.208s][info][gc,heap     ] GC(135)      Free:     2288M (56%)        2278M (56%)        3944M (96%)        4060M (99%)        4060M (99%)        2278M (56%)    
[229.208s][info][gc,heap     ] GC(135)      Used:     1808M (44%)        1818M (44%)         152M (4%)           36M (1%)         1818M (44%)          36M (1%)     
[229.208s][info][gc,heap     ] GC(135)      Live:         -                20M (0%)           20M (0%)           20M (0%)             -                  -          
[229.208s][info][gc,heap     ] GC(135) Allocated:         -                10M (0%)           10M (0%)           10M (0%)             -                  -          
[229.208s][info][gc,heap     ] GC(135)   Garbage:         -              1787M (44%)         121M (3%)            5M (0%)             -                  -          
[229.208s][info][gc,heap     ] GC(135) Reclaimed:         -                  -              1666M (41%)        1782M (44%)            -                  -          
[229.208s][info][gc          ] GC(135) Garbage Collection (System.gc()) 1808M(44%)->36M(1%)
[230.198s][info][gc,stats    ] === Garbage Collection Statistics =======================================================================================================================
[230.198s][info][gc,stats    ]                                                              Last 10s              Last 10m              Last 10h                Total
[230.198s][info][gc,stats    ]                                                              Avg / Max             Avg / Max             Avg / Max             Avg / Max
[230.198s][info][gc,stats    ]   Collector: Garbage Collection Cycle                     33.060 / 37.541       32.544 / 62.948       32.544 / 62.948       32.544 / 62.948      ms
[230.198s][info][gc,stats    ]  Contention: Mark Segment Reset Contention                     0 / 0                 0 / 2                 0 / 2                 0 / 2           ops/s
[230.198s][info][gc,stats    ]  Contention: Mark SeqNum Reset Contention                      0 / 1                 0 / 2                 0 / 2                 0 / 2           ops/s
[230.198s][info][gc,stats    ]    Critical: Allocation Stall                                  0 / 0                 0 / 0                 0 / 0                 0 / 0           ops/s
[230.198s][info][gc,stats    ]    Critical: Allocation Stall                              0.000 / 0.000         0.000 / 0.000         0.000 / 0.000         0.000 / 0.000       ms
[230.198s][info][gc,stats    ]    Critical: GC Locker Stall                                   0 / 0                 0 / 0                 0 / 0                 0 / 0           ops/s
[230.198s][info][gc,stats    ]    Critical: GC Locker Stall                               0.000 / 0.000         0.000 / 0.000         0.000 / 0.000         0.000 / 0.000       ms
[230.198s][info][gc,stats    ]    Critical: Relocation Stall                                  0 / 0                 0 / 0                 0 / 0                 0 / 0           ops/s
[230.198s][info][gc,stats    ]    Critical: Relocation Stall                              0.000 / 0.000         0.000 / 0.000         0.000 / 0.000         0.000 / 0.000       ms
[230.198s][info][gc,stats    ]      Memory: Allocation Rate                                1054 / 1084           1005 / 1120           1005 / 1120           1005 / 1120        MB/s
[230.198s][info][gc,stats    ]      Memory: Defragment                                        0 / 0                 0 / 0                 0 / 0                 0 / 0           ops/s
[230.198s][info][gc,stats    ]      Memory: Out Of Memory                                     0 / 0                 0 / 0                 0 / 0                 0 / 0           ops/s
[230.198s][info][gc,stats    ]      Memory: Page Cache Flush                                  0 / 0                 0 / 0                 0 / 0                 0 / 0           MB/s
[230.198s][info][gc,stats    ]      Memory: Page Cache Hit L1                               528 / 544             496 / 560             496 / 560             496 / 560         ops/s
[230.198s][info][gc,stats    ]      Memory: Page Cache Hit L2                                 0 / 0                 0 / 0                 0 / 0                 0 / 0           ops/s
[230.198s][info][gc,stats    ]      Memory: Page Cache Hit L3                                 0 / 0                 7 / 295               7 / 295               7 / 295         ops/s
[230.198s][info][gc,stats    ]      Memory: Page Cache Miss                                   0 / 0                 0 / 1                 0 / 1                 0 / 1           ops/s
[230.198s][info][gc,stats    ]      Memory: Uncommit                                          0 / 0                 0 / 0                 0 / 0                 0 / 0           MB/s
[230.198s][info][gc,stats    ]      Memory: Undo Object Allocation Failed                     0 / 0                 0 / 1                 0 / 1                 0 / 1           ops/s
[230.198s][info][gc,stats    ]      Memory: Undo Object Allocation Succeeded                  3 / 30                2 / 42                2 / 42                2 / 42          ops/s
[230.198s][info][gc,stats    ]      Memory: Undo Page Allocation                              1 / 3                 1 / 8                 1 / 8                 1 / 8           ops/s
[230.198s][info][gc,stats    ]       Phase: Concurrent Mark                              20.916 / 26.308       21.006 / 33.521       21.006 / 33.521       21.006 / 33.521      ms
[230.198s][info][gc,stats    ]       Phase: Concurrent Mark Continue                      0.000 / 0.000         0.000 / 0.000         0.000 / 0.000         0.000 / 0.000       ms
[230.198s][info][gc,stats    ]       Phase: Concurrent Mark Free                          0.001 / 0.003         0.001 / 0.003         0.001 / 0.003         0.001 / 0.003       ms
[230.198s][info][gc,stats    ]       Phase: Concurrent Process Non-Strong References      8.819 / 9.474         7.884 / 21.700        7.884 / 21.700        7.884 / 21.700      ms
[230.198s][info][gc,stats    ]       Phase: Concurrent Relocate                           0.708 / 0.892         0.752 / 5.848         0.752 / 5.848         0.752 / 5.848       ms
[230.198s][info][gc,stats    ]       Phase: Concurrent Reset Relocation Set               0.003 / 0.005         0.004 / 0.010         0.004 / 0.010         0.004 / 0.010       ms
[230.198s][info][gc,stats    ]       Phase: Concurrent Select Relocation Set              1.848 / 2.092         2.047 / 5.959         2.047 / 5.959         2.047 / 5.959       ms
[230.198s][info][gc,stats    ]       Phase: Pause Mark End                                0.022 / 0.028         0.020 / 0.038         0.020 / 0.038         0.020 / 0.038       ms
[230.198s][info][gc,stats    ]       Phase: Pause Mark Start                              0.009 / 0.011         0.008 / 0.022         0.008 / 0.022         0.008 / 0.022       ms
[230.198s][info][gc,stats    ]       Phase: Pause Relocate Start                          0.009 / 0.011         0.009 / 0.023         0.009 / 0.023         0.009 / 0.023       ms
[230.198s][info][gc,stats    ]    Subphase: Concurrent Classes Purge                      0.034 / 0.045         0.079 / 1.921         0.079 / 1.921         0.079 / 1.921       ms
[230.198s][info][gc,stats    ]    Subphase: Concurrent Classes Unlink                     7.981 / 8.877         7.051 / 15.207        7.051 / 15.207        7.051 / 15.207      ms
[230.198s][info][gc,stats    ]    Subphase: Concurrent Mark                              16.656 / 24.340       17.211 / 31.441       17.211 / 31.441       17.211 / 31.441      ms
[230.198s][info][gc,stats    ]    Subphase: Concurrent Mark Try Flush                     0.072 / 0.165         0.078 / 0.430         0.078 / 0.430         0.078 / 0.430       ms
[230.198s][info][gc,stats    ]    Subphase: Concurrent Mark Try Terminate                 1.952 / 12.716        1.562 / 15.936        1.562 / 15.936        1.562 / 15.936      ms
[230.198s][info][gc,stats    ]    Subphase: Concurrent References Enqueue                 0.005 / 0.005         0.005 / 0.010         0.005 / 0.010         0.005 / 0.010       ms
[230.198s][info][gc,stats    ]    Subphase: Concurrent References Process                 0.154 / 0.194         0.135 / 0.844         0.135 / 0.844         0.135 / 0.844       ms
[230.198s][info][gc,stats    ]    Subphase: Concurrent Roots ClassLoaderDataGraph         0.072 / 0.128         0.076 / 0.281         0.076 / 0.281         0.076 / 0.281       ms
[230.198s][info][gc,stats    ]    Subphase: Concurrent Roots CodeCache                    0.000 / 0.000         0.000 / 0.000         0.000 / 0.000         0.000 / 0.000       ms
[230.198s][info][gc,stats    ]    Subphase: Concurrent Roots JavaThreads                  1.398 / 1.926         1.522 / 4.045         1.522 / 4.045         1.522 / 4.045       ms
[230.198s][info][gc,stats    ]    Subphase: Concurrent Roots OopStorageSet                0.021 / 0.025         0.024 / 0.106         0.024 / 0.106         0.024 / 0.106       ms
[230.198s][info][gc,stats    ]    Subphase: Concurrent Weak Roots OopStorageSet           0.481 / 0.780         0.415 / 1.078         0.415 / 1.078         0.415 / 1.078       ms
[230.198s][info][gc,stats    ]    Subphase: Pause Mark Try Complete                       0.000 / 0.000         0.000 / 0.000         0.000 / 0.000         0.000 / 0.000       ms
[230.198s][info][gc,stats    ]      System: Java Threads                                     60 / 61               58 / 64               58 / 64               58 / 64          threads
[230.198s][info][gc,stats    ] =========================================================================================================================================================
[231.498s][info][gc,start    ] GC(136) Garbage Collection (Proactive)
[231.498s][info][gc,task     ] GC(136) Using 2 workers
[231.498s][info][gc,phases   ] GC(136) Pause Mark Start 0.008ms
[231.516s][info][gc,phases   ] GC(136) Concurrent Mark 18.065ms
[231.516s][info][gc,phases   ] GC(136) Pause Mark End 0.016ms
[231.516s][info][gc,phases   ] GC(136) Concurrent Mark Free 0.001ms
[231.525s][info][gc,phases   ] GC(136) Concurrent Process Non-Strong References 9.153ms
[231.526s][info][gc,phases   ] GC(136) Concurrent Reset Relocation Set 0.004ms
[231.528s][info][gc,phases   ] GC(136) Concurrent Select Relocation Set 2.263ms
[231.528s][info][gc,phases   ] GC(136) Pause Relocate Start 0.010ms
[231.529s][info][gc,phases   ] GC(136) Concurrent Relocate 0.808ms
[231.529s][info][gc,load     ] GC(136) Load: 0.00/0.00/0.00
[231.529s][info][gc,mmu      ] GC(136) MMU: 2ms/98.1%, 5ms/99.2%, 10ms/99.6%, 20ms/99.8%, 50ms/99.9%, 100ms/99.9%
[231.529s][info][gc,marking  ] GC(136) Mark: 2 stripe(s), 2 proactive flush(es), 1 terminate flush(es), 0 completion(s), 0 continuation(s) 
[231.529s][info][gc,marking  ] GC(136) Mark Stack Usage: 32M
[231.529s][info][gc,nmethod  ] GC(136) NMethods: 9616 registered, 176 unregistered
[231.529s][info][gc,metaspace] GC(136) Metaspace: 51M used, 52M committed, 1088M reserved
[231.529s][info][gc,ref      ] GC(136) Soft: 3841 encountered, 0 discovered, 0 enqueued
[231.529s][info][gc,ref      ] GC(136) Weak: 4364 encountered, 785 discovered, 13 enqueued
[231.529s][info][gc,ref      ] GC(136) Final: 37 encountered, 0 discovered, 0 enqueued
[231.529s][info][gc,ref      ] GC(136) Phantom: 291 encountered, 234 discovered, 0 enqueued
[231.529s][info][gc,reloc    ] GC(136) Small Pages: 1254 / 2508M, Empty: 2392M, Relocated: 1M, In-Place: 0
[231.529s][info][gc,reloc    ] GC(136) Medium Pages: 0 / 0M, Empty: 0M, Relocated: 0M, In-Place: 0
[231.529s][info][gc,reloc    ] GC(136) Large Pages: 0 / 0M, Empty: 0M, Relocated: 0M, In-Place: 0
[231.529s][info][gc,reloc    ] GC(136) Forwarding Usage: 0M
[231.529s][info][gc,heap     ] GC(136) Min Capacity: 4096M(100%)
[231.529s][info][gc,heap     ] GC(136) Max Capacity: 4096M(100%)
[231.529s][info][gc,heap     ] GC(136) Soft Max Capacity: 4096M(100%)
[231.529s][info][gc,heap     ] GC(136)                Mark Start          Mark End        Relocate Start      Relocate End           High               Low         
[231.529s][info][gc,heap     ] GC(136)  Capacity:     4096M (100%)       4096M (100%)       4096M (100%)       4096M (100%)       4096M (100%)       4096M (100%)   
[231.529s][info][gc,heap     ] GC(136)      Free:     1588M (39%)        1570M (38%)        3952M (96%)        4042M (99%)        4042M (99%)        1562M (38%)    
[231.529s][info][gc,heap     ] GC(136)      Used:     2508M (61%)        2526M (62%)         144M (4%)           54M (1%)         2534M (62%)          54M (1%)     
[231.529s][info][gc,heap     ] GC(136)      Live:         -                20M (1%)           20M (1%)           20M (1%)             -                  -          
[231.529s][info][gc,heap     ] GC(136) Allocated:         -                18M (0%)           28M (1%)           27M (1%)             -                  -          
[231.529s][info][gc,heap     ] GC(136)   Garbage:         -              2487M (61%)          95M (2%)            5M (0%)             -                  -          
[231.529s][info][gc,heap     ] GC(136) Reclaimed:         -                  -              2392M (58%)        2481M (61%)            -                  -          
[231.529s][info][gc          ] GC(136) Garbage Collection (Proactive) 2508M(61%)->54M(1%)
[232.750s][info][gc,start    ] GC(137) Garbage Collection (System.gc())
[232.750s][info][gc,task     ] GC(137) Using 2 workers
[232.750s][info][gc,phases   ] GC(137) Pause Mark Start 0.007ms
[232.766s][info][gc,phases   ] GC(137) Concurrent Mark 15.923ms
[232.766s][info][gc,phases   ] GC(137) Pause Mark End 0.018ms
[232.766s][info][gc,phases   ] GC(137) Concurrent Mark Free 0.002ms
[232.774s][info][gc,phases   ] GC(137) Concurrent Process Non-Strong References 7.777ms
[232.774s][info][gc,phases   ] GC(137) Concurrent Reset Relocation Set 0.004ms
[232.776s][info][gc,phases   ] GC(137) Concurrent Select Relocation Set 2.256ms
[232.777s][info][gc,phases   ] GC(137) Pause Relocate Start 0.007ms
[232.777s][info][gc,phases   ] GC(137) Concurrent Relocate 0.608ms
[232.777s][info][gc,load     ] GC(137) Load: 0.00/0.00/0.00
[232.777s][info][gc,mmu      ] GC(137) MMU: 2ms/98.1%, 5ms/99.2%, 10ms/99.6%, 20ms/99.8%, 50ms/99.9%, 100ms/99.9%
[232.777s][info][gc,marking  ] GC(137) Mark: 2 stripe(s), 2 proactive flush(es), 1 terminate flush(es), 0 completion(s), 0 continuation(s) 
[232.777s][info][gc,marking  ] GC(137) Mark Stack Usage: 32M
[232.777s][info][gc,nmethod  ] GC(137) NMethods: 9625 registered, 177 unregistered
[232.777s][info][gc,metaspace] GC(137) Metaspace: 51M used, 52M committed, 1088M reserved
[232.777s][info][gc,ref      ] GC(137) Soft: 3841 encountered, 0 discovered, 0 enqueued
[232.777s][info][gc,ref      ] GC(137) Weak: 4198 encountered, 489 discovered, 31 enqueued
[232.777s][info][gc,ref      ] GC(137) Final: 37 encountered, 0 discovered, 0 enqueued
[232.777s][info][gc,ref      ] GC(137) Phantom: 291 encountered, 237 discovered, 0 enqueued
[232.777s][info][gc,reloc    ] GC(137) Small Pages: 684 / 1368M, Empty: 1228M, Relocated: 0M, In-Place: 0
[232.777s][info][gc,reloc    ] GC(137) Medium Pages: 0 / 0M, Empty: 0M, Relocated: 0M, In-Place: 0
[232.777s][info][gc,reloc    ] GC(137) Large Pages: 0 / 0M, Empty: 0M, Relocated: 0M, In-Place: 0
[232.777s][info][gc,reloc    ] GC(137) Forwarding Usage: 0M
[232.777s][info][gc,heap     ] GC(137) Min Capacity: 4096M(100%)
[232.777s][info][gc,heap     ] GC(137) Max Capacity: 4096M(100%)
[232.777s][info][gc,heap     ] GC(137) Soft Max Capacity: 4096M(100%)
[232.777s][info][gc,heap     ] GC(137)                Mark Start          Mark End        Relocate Start      Relocate End           High               Low         
[232.777s][info][gc,heap     ] GC(137)  Capacity:     4096M (100%)       4096M (100%)       4096M (100%)       4096M (100%)       4096M (100%)       4096M (100%)   
[232.777s][info][gc,heap     ] GC(137)      Free:     2728M (67%)        2716M (66%)        3944M (96%)        4058M (99%)        4058M (99%)        2716M (66%)    
[232.777s][info][gc,heap     ] GC(137)      Used:     1368M (33%)        1380M (34%)         152M (4%)           38M (1%)         1380M (34%)          38M (1%)     
[232.777s][info][gc,heap     ] GC(137)      Live:         -                20M (0%)           20M (0%)           20M (0%)             -                  -          
[232.777s][info][gc,heap     ] GC(137) Allocated:         -                12M (0%)           12M (0%)           12M (0%)             -                  -          
[232.777s][info][gc,heap     ] GC(137)   Garbage:         -              1347M (33%)         119M (3%)            5M (0%)             -                  -          
[232.777s][info][gc,heap     ] GC(137) Reclaimed:         -                  -              1228M (30%)        1342M (33%)            -                  -          
[232.777s][info][gc          ] GC(137) Garbage Collection (System.gc()) 1368M(33%)->38M(1%)
[234.697s][info][gc,start    ] GC(138) Garbage Collection (Proactive)
[234.697s][info][gc,task     ] GC(138) Using 2 workers
[234.697s][info][gc,phases   ] GC(138) Pause Mark Start 0.009ms
[234.716s][info][gc,phases   ] GC(138) Concurrent Mark 19.148ms
[234.717s][info][gc,phases   ] GC(138) Pause Mark End 0.016ms
[234.717s][info][gc,phases   ] GC(138) Concurrent Mark Free 0.001ms
[234.726s][info][gc,phases   ] GC(138) Concurrent Process Non-Strong References 9.129ms
[234.726s][info][gc,phases   ] GC(138) Concurrent Reset Relocation Set 0.004ms
[234.728s][info][gc,phases   ] GC(138) Concurrent Select Relocation Set 2.062ms
[234.728s][info][gc,phases   ] GC(138) Pause Relocate Start 0.011ms
[234.729s][info][gc,phases   ] GC(138) Concurrent Relocate 0.805ms
[234.729s][info][gc,load     ] GC(138) Load: 0.00/0.00/0.00
[234.729s][info][gc,mmu      ] GC(138) MMU: 2ms/98.1%, 5ms/99.2%, 10ms/99.6%, 20ms/99.8%, 50ms/99.9%, 100ms/99.9%
[234.729s][info][gc,marking  ] GC(138) Mark: 2 stripe(s), 2 proactive flush(es), 1 terminate flush(es), 0 completion(s), 0 continuation(s) 
[234.729s][info][gc,marking  ] GC(138) Mark Stack Usage: 32M
[234.729s][info][gc,nmethod  ] GC(138) NMethods: 9623 registered, 181 unregistered
[234.729s][info][gc,metaspace] GC(138) Metaspace: 51M used, 52M committed, 1088M reserved
[234.729s][info][gc,ref      ] GC(138) Soft: 3841 encountered, 0 discovered, 0 enqueued
[234.729s][info][gc,ref      ] GC(138) Weak: 4364 encountered, 848 discovered, 13 enqueued
[234.729s][info][gc,ref      ] GC(138) Final: 37 encountered, 0 discovered, 0 enqueued
[234.729s][info][gc,ref      ] GC(138) Phantom: 291 encountered, 234 discovered, 0 enqueued
[234.729s][info][gc,reloc    ] GC(138) Small Pages: 1047 / 2094M, Empty: 1970M, Relocated: 1M, In-Place: 0
[234.729s][info][gc,reloc    ] GC(138) Medium Pages: 0 / 0M, Empty: 0M, Relocated: 0M, In-Place: 0
[234.729s][info][gc,reloc    ] GC(138) Large Pages: 0 / 0M, Empty: 0M, Relocated: 0M, In-Place: 0
[234.729s][info][gc,reloc    ] GC(138) Forwarding Usage: 0M
[234.729s][info][gc,heap     ] GC(138) Min Capacity: 4096M(100%)
[234.729s][info][gc,heap     ] GC(138) Max Capacity: 4096M(100%)
[234.729s][info][gc,heap     ] GC(138) Soft Max Capacity: 4096M(100%)
[234.729s][info][gc,heap     ] GC(138)                Mark Start          Mark End        Relocate Start      Relocate End           High               Low         
[234.729s][info][gc,heap     ] GC(138)  Capacity:     4096M (100%)       4096M (100%)       4096M (100%)       4096M (100%)       4096M (100%)       4096M (100%)   
[234.729s][info][gc,heap     ] GC(138)      Free:     2002M (49%)        1980M (48%)        3944M (96%)        4038M (99%)        4038M (99%)        1976M (48%)    
[234.729s][info][gc,heap     ] GC(138)      Used:     2094M (51%)        2116M (52%)         152M (4%)           58M (1%)         2120M (52%)          58M (1%)     
[234.729s][info][gc,heap     ] GC(138)      Live:         -                20M (1%)           20M (1%)           20M (1%)             -                  -          
[234.729s][info][gc,heap     ] GC(138) Allocated:         -                22M (1%)           28M (1%)           31M (1%)             -                  -          
[234.729s][info][gc,heap     ] GC(138)   Garbage:         -              2073M (51%)         103M (3%)            5M (0%)             -                  -          
[234.729s][info][gc,heap     ] GC(138) Reclaimed:         -                  -              1970M (48%)        2067M (50%)            -                  -          
[234.729s][info][gc          ] GC(138) Garbage Collection (Proactive) 2094M(51%)->58M(1%)
[236.335s][info][gc,start    ] GC(139) Garbage Collection (System.gc())
[236.335s][info][gc,task     ] GC(139) Using 2 workers
[236.335s][info][gc,phases   ] GC(139) Pause Mark Start 0.008ms
[236.356s][info][gc,phases   ] GC(139) Concurrent Mark 21.265ms
[236.357s][info][gc,phases   ] GC(139) Pause Mark End 0.026ms
[236.357s][info][gc,phases   ] GC(139) Concurrent Mark Free 0.003ms
[236.365s][info][gc,phases   ] GC(139) Concurrent Process Non-Strong References 8.318ms
[236.365s][info][gc,phases   ] GC(139) Concurrent Reset Relocation Set 0.004ms
[236.367s][info][gc,phases   ] GC(139) Concurrent Select Relocation Set 1.812ms
[236.367s][info][gc,phases   ] GC(139) Pause Relocate Start 0.008ms
[236.368s][info][gc,phases   ] GC(139) Concurrent Relocate 0.393ms
[236.368s][info][gc,load     ] GC(139) Load: 0.00/0.00/0.00
[236.368s][info][gc,mmu      ] GC(139) MMU: 2ms/98.1%, 5ms/99.2%, 10ms/99.6%, 20ms/99.8%, 50ms/99.9%, 100ms/99.9%
[236.368s][info][gc,marking  ] GC(139) Mark: 2 stripe(s), 2 proactive flush(es), 1 terminate flush(es), 0 completion(s), 0 continuation(s) 
[236.368s][info][gc,marking  ] GC(139) Mark Stack Usage: 32M
[236.368s][info][gc,nmethod  ] GC(139) NMethods: 9629 registered, 181 unregistered
[236.368s][info][gc,metaspace] GC(139) Metaspace: 51M used, 52M committed, 1088M reserved
[236.368s][info][gc,ref      ] GC(139) Soft: 3841 encountered, 0 discovered, 0 enqueued
[236.368s][info][gc,ref      ] GC(139) Weak: 4195 encountered, 674 discovered, 31 enqueued
[236.368s][info][gc,ref      ] GC(139) Final: 37 encountered, 1 discovered, 0 enqueued
[236.368s][info][gc,ref      ] GC(139) Phantom: 291 encountered, 236 discovered, 0 enqueued
[236.368s][info][gc,reloc    ] GC(139) Small Pages: 890 / 1780M, Empty: 1646M, Relocated: 0M, In-Place: 0
[236.368s][info][gc,reloc    ] GC(139) Medium Pages: 0 / 0M, Empty: 0M, Relocated: 0M, In-Place: 0
[236.368s][info][gc,reloc    ] GC(139) Large Pages: 0 / 0M, Empty: 0M, Relocated: 0M, In-Place: 0
[236.368s][info][gc,reloc    ] GC(139) Forwarding Usage: 0M
[236.368s][info][gc,heap     ] GC(139) Min Capacity: 4096M(100%)
[236.368s][info][gc,heap     ] GC(139) Max Capacity: 4096M(100%)
[236.368s][info][gc,heap     ] GC(139) Soft Max Capacity: 4096M(100%)
[236.368s][info][gc,heap     ] GC(139)                Mark Start          Mark End        Relocate Start      Relocate End           High               Low         
[236.368s][info][gc,heap     ] GC(139)  Capacity:     4096M (100%)       4096M (100%)       4096M (100%)       4096M (100%)       4096M (100%)       4096M (100%)   
[236.368s][info][gc,heap     ] GC(139)      Free:     2316M (57%)        2300M (56%)        3946M (96%)        4054M (99%)        4054M (99%)        2300M (56%)    
[236.368s][info][gc,heap     ] GC(139)      Used:     1780M (43%)        1796M (44%)         150M (4%)           42M (1%)         1796M (44%)          42M (1%)     
[236.368s][info][gc,heap     ] GC(139)      Live:         -                20M (0%)           20M (0%)           20M (0%)             -                  -          
[236.368s][info][gc,heap     ] GC(139) Allocated:         -                16M (0%)           16M (0%)           16M (0%)             -                  -          
[236.368s][info][gc,heap     ] GC(139)   Garbage:         -              1759M (43%)         113M (3%)            5M (0%)             -                  -          
[236.368s][info][gc,heap     ] GC(139) Reclaimed:         -                  -              1646M (40%)        1754M (43%)            -                  -          
[236.368s][info][gc          ] GC(139) Garbage Collection (System.gc()) 1780M(43%)->42M(1%)
[238.198s][info][gc,start    ] GC(140) Garbage Collection (Proactive)
[238.198s][info][gc,task     ] GC(140) Using 2 workers
[238.198s][info][gc,phases   ] GC(140) Pause Mark Start 0.009ms
[238.217s][info][gc,phases   ] GC(140) Concurrent Mark 18.502ms
[238.217s][info][gc,phases   ] GC(140) Pause Mark End 0.016ms
[238.217s][info][gc,phases   ] GC(140) Concurrent Mark Free 0.001ms
[238.226s][info][gc,phases   ] GC(140) Concurrent Process Non-Strong References 9.242ms
[238.226s][info][gc,phases   ] GC(140) Concurrent Reset Relocation Set 0.004ms
[238.228s][info][gc,phases   ] GC(140) Concurrent Select Relocation Set 2.127ms
[238.229s][info][gc,phases   ] GC(140) Pause Relocate Start 0.009ms
[238.229s][info][gc,phases   ] GC(140) Concurrent Relocate 0.834ms
[238.230s][info][gc,load     ] GC(140) Load: 0.00/0.00/0.00
[238.230s][info][gc,mmu      ] GC(140) MMU: 2ms/98.1%, 5ms/99.2%, 10ms/99.6%, 20ms/99.8%, 50ms/99.9%, 100ms/99.9%
[238.230s][info][gc,marking  ] GC(140) Mark: 2 stripe(s), 2 proactive flush(es), 1 terminate flush(es), 0 completion(s), 0 continuation(s) 
[238.230s][info][gc,marking  ] GC(140) Mark Stack Usage: 32M
[238.230s][info][gc,nmethod  ] GC(140) NMethods: 9629 registered, 185 unregistered
[238.230s][info][gc,metaspace] GC(140) Metaspace: 51M used, 52M committed, 1088M reserved
[238.230s][info][gc,ref      ] GC(140) Soft: 3841 encountered, 0 discovered, 0 enqueued
[238.230s][info][gc,ref      ] GC(140) Weak: 4362 encountered, 595 discovered, 13 enqueued
[238.230s][info][gc,ref      ] GC(140) Final: 37 encountered, 1 discovered, 0 enqueued
[238.230s][info][gc,ref      ] GC(140) Phantom: 291 encountered, 236 discovered, 0 enqueued
[238.230s][info][gc,reloc    ] GC(140) Small Pages: 1002 / 2004M, Empty: 1886M, Relocated: 1M, In-Place: 0
[238.230s][info][gc,reloc    ] GC(140) Medium Pages: 0 / 0M, Empty: 0M, Relocated: 0M, In-Place: 0
[238.230s][info][gc,reloc    ] GC(140) Large Pages: 0 / 0M, Empty: 0M, Relocated: 0M, In-Place: 0
[238.230s][info][gc,reloc    ] GC(140) Forwarding Usage: 0M
[238.230s][info][gc,heap     ] GC(140) Min Capacity: 4096M(100%)
[238.230s][info][gc,heap     ] GC(140) Max Capacity: 4096M(100%)
[238.230s][info][gc,heap     ] GC(140) Soft Max Capacity: 4096M(100%)
[238.230s][info][gc,heap     ] GC(140)                Mark Start          Mark End        Relocate Start      Relocate End           High               Low         
[238.230s][info][gc,heap     ] GC(140)  Capacity:     4096M (100%)       4096M (100%)       4096M (100%)       4096M (100%)       4096M (100%)       4096M (100%)   
[238.230s][info][gc,heap     ] GC(140)      Free:     2092M (51%)        2074M (51%)        3950M (96%)        4040M (99%)        4040M (99%)        2068M (50%)    
[238.230s][info][gc,heap     ] GC(140)      Used:     2004M (49%)        2022M (49%)         146M (4%)           56M (1%)         2028M (50%)          56M (1%)     
[238.230s][info][gc,heap     ] GC(140)      Live:         -                20M (1%)           20M (1%)           20M (1%)             -                  -          
[238.230s][info][gc,heap     ] GC(140) Allocated:         -                18M (0%)           28M (1%)           29M (1%)             -                  -          
[238.230s][info][gc,heap     ] GC(140)   Garbage:         -              1983M (48%)          97M (2%)            5M (0%)             -                  -          
[238.230s][info][gc,heap     ] GC(140) Reclaimed:         -                  -              1886M (46%)        1977M (48%)            -                  -          
[238.230s][info][gc          ] GC(140) Garbage Collection (Proactive) 2004M(49%)->56M(1%)
[239.921s][info][gc,start    ] GC(141) Garbage Collection (System.gc())
[239.921s][info][gc,task     ] GC(141) Using 2 workers
[239.921s][info][gc,phases   ] GC(141) Pause Mark Start 0.005ms
[239.947s][info][gc,phases   ] GC(141) Concurrent Mark 25.148ms
[239.947s][info][gc,phases   ] GC(141) Pause Mark End 0.030ms
[239.947s][info][gc,phases   ] GC(141) Concurrent Mark Free 0.003ms
[239.955s][info][gc,phases   ] GC(141) Concurrent Process Non-Strong References 8.211ms
[239.955s][info][gc,phases   ] GC(141) Concurrent Reset Relocation Set 0.004ms
[239.957s][info][gc,phases   ] GC(141) Concurrent Select Relocation Set 2.043ms
[239.958s][info][gc,phases   ] GC(141) Pause Relocate Start 0.008ms
[239.958s][info][gc,phases   ] GC(141) Concurrent Relocate 0.402ms
[239.958s][info][gc,load     ] GC(141) Load: 0.00/0.00/0.00
[239.958s][info][gc,mmu      ] GC(141) MMU: 2ms/98.1%, 5ms/99.2%, 10ms/99.6%, 20ms/99.8%, 50ms/99.9%, 100ms/99.9%
[239.958s][info][gc,marking  ] GC(141) Mark: 2 stripe(s), 2 proactive flush(es), 1 terminate flush(es), 0 completion(s), 0 continuation(s) 
[239.958s][info][gc,marking  ] GC(141) Mark Stack Usage: 32M
[239.958s][info][gc,nmethod  ] GC(141) NMethods: 9643 registered, 186 unregistered
[239.958s][info][gc,metaspace] GC(141) Metaspace: 51M used, 52M committed, 1088M reserved
[239.958s][info][gc,ref      ] GC(141) Soft: 3841 encountered, 0 discovered, 0 enqueued
[239.958s][info][gc,ref      ] GC(141) Weak: 4198 encountered, 652 discovered, 31 enqueued
[239.958s][info][gc,ref      ] GC(141) Final: 37 encountered, 0 discovered, 0 enqueued
[239.958s][info][gc,ref      ] GC(141) Phantom: 291 encountered, 236 discovered, 0 enqueued
[239.958s][info][gc,reloc    ] GC(141) Small Pages: 936 / 1872M, Empty: 1724M, Relocated: 0M, In-Place: 0
[239.958s][info][gc,reloc    ] GC(141) Medium Pages: 0 / 0M, Empty: 0M, Relocated: 0M, In-Place: 0
[239.958s][info][gc,reloc    ] GC(141) Large Pages: 0 / 0M, Empty: 0M, Relocated: 0M, In-Place: 0
[239.958s][info][gc,reloc    ] GC(141) Forwarding Usage: 0M
[239.958s][info][gc,heap     ] GC(141) Min Capacity: 4096M(100%)
[239.958s][info][gc,heap     ] GC(141) Max Capacity: 4096M(100%)
[239.958s][info][gc,heap     ] GC(141) Soft Max Capacity: 4096M(100%)
[239.958s][info][gc,heap     ] GC(141)                Mark Start          Mark End        Relocate Start      Relocate End           High               Low         
[239.958s][info][gc,heap     ] GC(141)  Capacity:     4096M (100%)       4096M (100%)       4096M (100%)       4096M (100%)       4096M (100%)       4096M (100%)   
[239.958s][info][gc,heap     ] GC(141)      Free:     2224M (54%)        2212M (54%)        3936M (96%)        4058M (99%)        4058M (99%)        2212M (54%)    
[239.958s][info][gc,heap     ] GC(141)      Used:     1872M (46%)        1884M (46%)         160M (4%)           38M (1%)         1884M (46%)          38M (1%)     
[239.958s][info][gc,heap     ] GC(141)      Live:         -                20M (0%)           20M (0%)           20M (0%)             -                  -          
[239.958s][info][gc,heap     ] GC(141) Allocated:         -                12M (0%)           12M (0%)           12M (0%)             -                  -          
[239.958s][info][gc,heap     ] GC(141)   Garbage:         -              1851M (45%)         127M (3%)            5M (0%)             -                  -          
[239.958s][info][gc,heap     ] GC(141) Reclaimed:         -                  -              1724M (42%)        1846M (45%)            -                  -          
[239.958s][info][gc          ] GC(141) Garbage Collection (System.gc()) 1872M(46%)->38M(1%)
[240.198s][info][gc,stats    ] === Garbage Collection Statistics =======================================================================================================================
[240.198s][info][gc,stats    ]                                                              Last 10s              Last 10m              Last 10h                Total
[240.198s][info][gc,stats    ]                                                              Avg / Max             Avg / Max             Avg / Max             Avg / Max
[240.198s][info][gc,stats    ]   Collector: Garbage Collection Cycle                     31.807 / 36.608       32.513 / 62.948       32.513 / 62.948       32.513 / 62.948      ms
[240.198s][info][gc,stats    ]  Contention: Mark Segment Reset Contention                     0 / 1                 0 / 2                 0 / 2                 0 / 2           ops/s
[240.198s][info][gc,stats    ]  Contention: Mark SeqNum Reset Contention                      0 / 1                 0 / 2                 0 / 2                 0 / 2           ops/s
[240.198s][info][gc,stats    ]    Critical: Allocation Stall                                  0 / 0                 0 / 0                 0 / 0                 0 / 0           ops/s
[240.198s][info][gc,stats    ]    Critical: Allocation Stall                              0.000 / 0.000         0.000 / 0.000         0.000 / 0.000         0.000 / 0.000       ms
[240.198s][info][gc,stats    ]    Critical: GC Locker Stall                                   0 / 0                 0 / 0                 0 / 0                 0 / 0           ops/s
[240.198s][info][gc,stats    ]    Critical: GC Locker Stall                               0.000 / 0.000         0.000 / 0.000         0.000 / 0.000         0.000 / 0.000       ms
[240.198s][info][gc,stats    ]    Critical: Relocation Stall                                  0 / 0                 0 / 0                 0 / 0                 0 / 0           ops/s
[240.198s][info][gc,stats    ]    Critical: Relocation Stall                              0.000 / 0.000         0.000 / 0.000         0.000 / 0.000         0.000 / 0.000       ms
[240.198s][info][gc,stats    ]      Memory: Allocation Rate                                1068 / 1098           1008 / 1120           1008 / 1120           1008 / 1120        MB/s
[240.198s][info][gc,stats    ]      Memory: Defragment                                        0 / 0                 0 / 0                 0 / 0                 0 / 0           ops/s
[240.198s][info][gc,stats    ]      Memory: Out Of Memory                                     0 / 0                 0 / 0                 0 / 0                 0 / 0           ops/s
[240.198s][info][gc,stats    ]      Memory: Page Cache Flush                                  0 / 0                 0 / 0                 0 / 0                 0 / 0           MB/s
[240.198s][info][gc,stats    ]      Memory: Page Cache Hit L1                               535 / 550             498 / 560             498 / 560             498 / 560         ops/s
[240.198s][info][gc,stats    ]      Memory: Page Cache Hit L2                                 0 / 0                 0 / 0                 0 / 0                 0 / 0           ops/s
[240.198s][info][gc,stats    ]      Memory: Page Cache Hit L3                                 0 / 0                 6 / 295               6 / 295               6 / 295         ops/s
[240.198s][info][gc,stats    ]      Memory: Page Cache Miss                                   0 / 0                 0 / 1                 0 / 1                 0 / 1           ops/s
[240.198s][info][gc,stats    ]      Memory: Uncommit                                          0 / 0                 0 / 0                 0 / 0                 0 / 0           MB/s
[240.198s][info][gc,stats    ]      Memory: Undo Object Allocation Failed                     0 / 0                 0 / 1                 0 / 1                 0 / 1           ops/s
[240.198s][info][gc,stats    ]      Memory: Undo Object Allocation Succeeded                  3 / 23                2 / 42                2 / 42                2 / 42          ops/s
[240.198s][info][gc,stats    ]      Memory: Undo Page Allocation                              1 / 3                 1 / 8                 1 / 8                 1 / 8           ops/s
[240.198s][info][gc,stats    ]       Phase: Concurrent Mark                              19.675 / 25.148       20.950 / 33.521       20.950 / 33.521       20.950 / 33.521      ms
[240.198s][info][gc,stats    ]       Phase: Concurrent Mark Continue                      0.000 / 0.000         0.000 / 0.000         0.000 / 0.000         0.000 / 0.000       ms
[240.198s][info][gc,stats    ]       Phase: Concurrent Mark Free                          0.002 / 0.003         0.001 / 0.003         0.001 / 0.003         0.001 / 0.003       ms
[240.198s][info][gc,stats    ]       Phase: Concurrent Process Non-Strong References      8.638 / 9.242         7.916 / 21.700        7.916 / 21.700        7.916 / 21.700      ms
[240.198s][info][gc,stats    ]       Phase: Concurrent Relocate                           0.642 / 0.834         0.747 / 5.848         0.747 / 5.848         0.747 / 5.848       ms
[240.198s][info][gc,stats    ]       Phase: Concurrent Reset Relocation Set               0.004 / 0.004         0.004 / 0.010         0.004 / 0.010         0.004 / 0.010       ms
[240.198s][info][gc,stats    ]       Phase: Concurrent Select Relocation Set              2.094 / 2.263         2.049 / 5.959         2.049 / 5.959         2.049 / 5.959       ms
[240.198s][info][gc,stats    ]       Phase: Pause Mark End                                0.020 / 0.030         0.020 / 0.038         0.020 / 0.038         0.020 / 0.038       ms
[240.198s][info][gc,stats    ]       Phase: Pause Mark Start                              0.008 / 0.009         0.008 / 0.022         0.008 / 0.022         0.008 / 0.022       ms
[240.198s][info][gc,stats    ]       Phase: Pause Relocate Start                          0.009 / 0.011         0.009 / 0.023         0.009 / 0.023         0.009 / 0.023       ms
[240.198s][info][gc,stats    ]    Subphase: Concurrent Classes Purge                      0.028 / 0.038         0.077 / 1.921         0.077 / 1.921         0.077 / 1.921       ms
[240.198s][info][gc,stats    ]    Subphase: Concurrent Classes Unlink                     7.909 / 8.628         7.088 / 15.207        7.088 / 15.207        7.088 / 15.207      ms
[240.198s][info][gc,stats    ]    Subphase: Concurrent Mark                              16.355 / 23.356       17.175 / 31.441       17.175 / 31.441       17.175 / 31.441      ms
[240.198s][info][gc,stats    ]    Subphase: Concurrent Mark Try Flush                     0.071 / 0.145         0.077 / 0.430         0.077 / 0.430         0.077 / 0.430       ms
[240.198s][info][gc,stats    ]    Subphase: Concurrent Mark Try Terminate                 1.296 / 9.979         1.550 / 15.936        1.550 / 15.936        1.550 / 15.936      ms
[240.198s][info][gc,stats    ]    Subphase: Concurrent References Enqueue                 0.006 / 0.007         0.005 / 0.010         0.005 / 0.010         0.005 / 0.010       ms
[240.198s][info][gc,stats    ]    Subphase: Concurrent References Process                 0.145 / 0.231         0.135 / 0.844         0.135 / 0.844         0.135 / 0.844       ms
[240.198s][info][gc,stats    ]    Subphase: Concurrent Roots ClassLoaderDataGraph         0.072 / 0.131         0.076 / 0.281         0.076 / 0.281         0.076 / 0.281       ms
[240.198s][info][gc,stats    ]    Subphase: Concurrent Roots CodeCache                    0.000 / 0.000         0.000 / 0.000         0.000 / 0.000         0.000 / 0.000       ms
[240.198s][info][gc,stats    ]    Subphase: Concurrent Roots JavaThreads                  1.411 / 1.711         1.517 / 4.045         1.517 / 4.045         1.517 / 4.045       ms
[240.198s][info][gc,stats    ]    Subphase: Concurrent Roots OopStorageSet                0.021 / 0.025         0.024 / 0.106         0.024 / 0.106         0.024 / 0.106       ms
[240.198s][info][gc,stats    ]    Subphase: Concurrent Weak Roots OopStorageSet           0.380 / 0.635         0.413 / 1.078         0.413 / 1.078         0.413 / 1.078       ms
[240.198s][info][gc,stats    ]    Subphase: Pause Mark Try Complete                       0.000 / 0.000         0.000 / 0.000         0.000 / 0.000         0.000 / 0.000       ms
[240.198s][info][gc,stats    ]      System: Java Threads                                     61 / 61               58 / 64               58 / 64               58 / 64          threads
[240.198s][info][gc,stats    ] =========================================================================================================================================================
[242.097s][info][gc,start    ] GC(142) Garbage Collection (Proactive)
[242.098s][info][gc,task     ] GC(142) Using 2 workers
[242.098s][info][gc,phases   ] GC(142) Pause Mark Start 0.006ms
[242.117s][info][gc,phases   ] GC(142) Concurrent Mark 19.238ms
[242.117s][info][gc,phases   ] GC(142) Pause Mark End 0.018ms
[242.117s][info][gc,phases   ] GC(142) Concurrent Mark Free 0.000ms
[242.127s][info][gc,phases   ] GC(142) Concurrent Process Non-Strong References 9.613ms
[242.127s][info][gc,phases   ] GC(142) Concurrent Reset Relocation Set 0.004ms
[242.129s][info][gc,phases   ] GC(142) Concurrent Select Relocation Set 2.330ms
[242.129s][info][gc,phases   ] GC(142) Pause Relocate Start 0.011ms
[242.130s][info][gc,phases   ] GC(142) Concurrent Relocate 0.879ms
[242.130s][info][gc,load     ] GC(142) Load: 0.00/0.00/0.00
[242.130s][info][gc,mmu      ] GC(142) MMU: 2ms/98.1%, 5ms/99.2%, 10ms/99.6%, 20ms/99.8%, 50ms/99.9%, 100ms/99.9%
[242.130s][info][gc,marking  ] GC(142) Mark: 2 stripe(s), 2 proactive flush(es), 1 terminate flush(es), 0 completion(s), 0 continuation(s) 
[242.130s][info][gc,marking  ] GC(142) Mark Stack Usage: 32M
[242.130s][info][gc,nmethod  ] GC(142) NMethods: 9647 registered, 189 unregistered
[242.130s][info][gc,metaspace] GC(142) Metaspace: 51M used, 52M committed, 1088M reserved
[242.130s][info][gc,ref      ] GC(142) Soft: 3841 encountered, 0 discovered, 0 enqueued
[242.130s][info][gc,ref      ] GC(142) Weak: 4364 encountered, 668 discovered, 13 enqueued
[242.130s][info][gc,ref      ] GC(142) Final: 37 encountered, 0 discovered, 0 enqueued
[242.130s][info][gc,ref      ] GC(142) Phantom: 291 encountered, 236 discovered, 0 enqueued
[242.130s][info][gc,reloc    ] GC(142) Small Pages: 1169 / 2338M, Empty: 2212M, Relocated: 1M, In-Place: 0
[242.130s][info][gc,reloc    ] GC(142) Medium Pages: 0 / 0M, Empty: 0M, Relocated: 0M, In-Place: 0
[242.130s][info][gc,reloc    ] GC(142) Large Pages: 0 / 0M, Empty: 0M, Relocated: 0M, In-Place: 0
[242.130s][info][gc,reloc    ] GC(142) Forwarding Usage: 0M
[242.130s][info][gc,heap     ] GC(142) Min Capacity: 4096M(100%)
[242.130s][info][gc,heap     ] GC(142) Max Capacity: 4096M(100%)
[242.130s][info][gc,heap     ] GC(142) Soft Max Capacity: 4096M(100%)
[242.130s][info][gc,heap     ] GC(142)                Mark Start          Mark End        Relocate Start      Relocate End           High               Low         
[242.130s][info][gc,heap     ] GC(142)  Capacity:     4096M (100%)       4096M (100%)       4096M (100%)       4096M (100%)       4096M (100%)       4096M (100%)   
[242.130s][info][gc,heap     ] GC(142)      Free:     1758M (43%)        1738M (42%)        3944M (96%)        4044M (99%)        4044M (99%)        1732M (42%)    
[242.130s][info][gc,heap     ] GC(142)      Used:     2338M (57%)        2358M (58%)         152M (4%)           52M (1%)         2364M (58%)          52M (1%)     
[242.130s][info][gc,heap     ] GC(142)      Live:         -                20M (1%)           20M (1%)           20M (1%)             -                  -          
[242.130s][info][gc,heap     ] GC(142) Allocated:         -                20M (0%)           26M (1%)           25M (1%)             -                  -          
[242.130s][info][gc,heap     ] GC(142)   Garbage:         -              2317M (57%)         105M (3%)            5M (0%)             -                  -          
[242.130s][info][gc,heap     ] GC(142) Reclaimed:         -                  -              2212M (54%)        2311M (56%)            -                  -          
[242.130s][info][gc          ] GC(142) Garbage Collection (Proactive) 2338M(57%)->52M(1%)
[243.507s][info][gc,start    ] GC(143) Garbage Collection (System.gc())
[243.507s][info][gc,task     ] GC(143) Using 2 workers
[243.507s][info][gc,phases   ] GC(143) Pause Mark Start 0.007ms
[243.527s][info][gc,phases   ] GC(143) Concurrent Mark 20.213ms
[243.527s][info][gc,phases   ] GC(143) Pause Mark End 0.028ms
[243.527s][info][gc,phases   ] GC(143) Concurrent Mark Free 0.002ms
[243.537s][info][gc,phases   ] GC(143) Concurrent Process Non-Strong References 9.186ms
[243.537s][info][gc,phases   ] GC(143) Concurrent Reset Relocation Set 0.004ms
[243.538s][info][gc,phases   ] GC(143) Concurrent Select Relocation Set 1.518ms
[243.538s][info][gc,phases   ] GC(143) Pause Relocate Start 0.008ms
[243.539s][info][gc,phases   ] GC(143) Concurrent Relocate 0.422ms
[243.539s][info][gc,load     ] GC(143) Load: 0.00/0.00/0.00
[243.539s][info][gc,mmu      ] GC(143) MMU: 2ms/98.1%, 5ms/99.2%, 10ms/99.6%, 20ms/99.8%, 50ms/99.9%, 100ms/99.9%
[243.539s][info][gc,marking  ] GC(143) Mark: 2 stripe(s), 2 proactive flush(es), 1 terminate flush(es), 0 completion(s), 0 continuation(s) 
[243.539s][info][gc,marking  ] GC(143) Mark Stack Usage: 32M
[243.539s][info][gc,nmethod  ] GC(143) NMethods: 9686 registered, 189 unregistered
[243.539s][info][gc,metaspace] GC(143) Metaspace: 51M used, 52M committed, 1088M reserved
[243.539s][info][gc,ref      ] GC(143) Soft: 3841 encountered, 0 discovered, 0 enqueued
[243.539s][info][gc,ref      ] GC(143) Weak: 4198 encountered, 706 discovered, 31 enqueued
[243.539s][info][gc,ref      ] GC(143) Final: 37 encountered, 0 discovered, 0 enqueued
[243.539s][info][gc,ref      ] GC(143) Phantom: 291 encountered, 235 discovered, 0 enqueued
[243.539s][info][gc,reloc    ] GC(143) Small Pages: 767 / 1534M, Empty: 1410M, Relocated: 0M, In-Place: 0
[243.539s][info][gc,reloc    ] GC(143) Medium Pages: 0 / 0M, Empty: 0M, Relocated: 0M, In-Place: 0
[243.539s][info][gc,reloc    ] GC(143) Large Pages: 0 / 0M, Empty: 0M, Relocated: 0M, In-Place: 0
[243.539s][info][gc,reloc    ] GC(143) Forwarding Usage: 0M
[243.539s][info][gc,heap     ] GC(143) Min Capacity: 4096M(100%)
[243.539s][info][gc,heap     ] GC(143) Max Capacity: 4096M(100%)
[243.539s][info][gc,heap     ] GC(143) Soft Max Capacity: 4096M(100%)
[243.539s][info][gc,heap     ] GC(143)                Mark Start          Mark End        Relocate Start      Relocate End           High               Low         
[243.539s][info][gc,heap     ] GC(143)  Capacity:     4096M (100%)       4096M (100%)       4096M (100%)       4096M (100%)       4096M (100%)       4096M (100%)   
[243.539s][info][gc,heap     ] GC(143)      Free:     2562M (63%)        2550M (62%)        3960M (97%)        4058M (99%)        4058M (99%)        2550M (62%)    
[243.539s][info][gc,heap     ] GC(143)      Used:     1534M (37%)        1546M (38%)         136M (3%)           38M (1%)         1546M (38%)          38M (1%)     
[243.539s][info][gc,heap     ] GC(143)      Live:         -                20M (0%)           20M (0%)           20M (0%)             -                  -          
[243.539s][info][gc,heap     ] GC(143) Allocated:         -                12M (0%)           12M (0%)           12M (0%)             -                  -          
[243.539s][info][gc,heap     ] GC(143)   Garbage:         -              1513M (37%)         103M (3%)            5M (0%)             -                  -          
[243.539s][info][gc,heap     ] GC(143) Reclaimed:         -                  -              1410M (34%)        1508M (37%)            -                  -          
[243.539s][info][gc          ] GC(143) Garbage Collection (System.gc()) 1534M(37%)->38M(1%)
[245.397s][info][gc,start    ] GC(144) Garbage Collection (Proactive)
[245.398s][info][gc,task     ] GC(144) Using 2 workers
[245.398s][info][gc,phases   ] GC(144) Pause Mark Start 0.008ms
[245.415s][info][gc,phases   ] GC(144) Concurrent Mark 17.216ms
[245.415s][info][gc,phases   ] GC(144) Pause Mark End 0.018ms
[245.415s][info][gc,phases   ] GC(144) Concurrent Mark Free 0.001ms
[245.424s][info][gc,phases   ] GC(144) Concurrent Process Non-Strong References 9.275ms
[245.424s][info][gc,phases   ] GC(144) Concurrent Reset Relocation Set 0.004ms
[245.427s][info][gc,phases   ] GC(144) Concurrent Select Relocation Set 2.064ms
[245.427s][info][gc,phases   ] GC(144) Pause Relocate Start 0.010ms
[245.428s][info][gc,phases   ] GC(144) Concurrent Relocate 0.793ms
[245.428s][info][gc,load     ] GC(144) Load: 0.00/0.00/0.00
[245.428s][info][gc,mmu      ] GC(144) MMU: 2ms/98.1%, 5ms/99.2%, 10ms/99.6%, 20ms/99.8%, 50ms/99.9%, 100ms/99.9%
[245.428s][info][gc,marking  ] GC(144) Mark: 2 stripe(s), 2 proactive flush(es), 1 terminate flush(es), 0 completion(s), 0 continuation(s) 
[245.428s][info][gc,marking  ] GC(144) Mark Stack Usage: 32M
[245.428s][info][gc,nmethod  ] GC(144) NMethods: 9712 registered, 192 unregistered
[245.428s][info][gc,metaspace] GC(144) Metaspace: 51M used, 52M committed, 1088M reserved
[245.428s][info][gc,ref      ] GC(144) Soft: 3841 encountered, 0 discovered, 0 enqueued
[245.428s][info][gc,ref      ] GC(144) Weak: 4364 encountered, 903 discovered, 13 enqueued
[245.428s][info][gc,ref      ] GC(144) Final: 37 encountered, 0 discovered, 0 enqueued
[245.428s][info][gc,ref      ] GC(144) Phantom: 291 encountered, 236 discovered, 0 enqueued
[245.428s][info][gc,reloc    ] GC(144) Small Pages: 1010 / 2020M, Empty: 1908M, Relocated: 1M, In-Place: 0
[245.428s][info][gc,reloc    ] GC(144) Medium Pages: 0 / 0M, Empty: 0M, Relocated: 0M, In-Place: 0
[245.428s][info][gc,reloc    ] GC(144) Large Pages: 0 / 0M, Empty: 0M, Relocated: 0M, In-Place: 0
[245.428s][info][gc,reloc    ] GC(144) Forwarding Usage: 0M
[245.428s][info][gc,heap     ] GC(144) Min Capacity: 4096M(100%)
[245.428s][info][gc,heap     ] GC(144) Max Capacity: 4096M(100%)
[245.428s][info][gc,heap     ] GC(144) Soft Max Capacity: 4096M(100%)
[245.428s][info][gc,heap     ] GC(144)                Mark Start          Mark End        Relocate Start      Relocate End           High               Low         
[245.428s][info][gc,heap     ] GC(144)  Capacity:     4096M (100%)       4096M (100%)       4096M (100%)       4096M (100%)       4096M (100%)       4096M (100%)   
[245.428s][info][gc,heap     ] GC(144)      Free:     2076M (51%)        2054M (50%)        3958M (97%)        4042M (99%)        4042M (99%)        2050M (50%)    
[245.428s][info][gc,heap     ] GC(144)      Used:     2020M (49%)        2042M (50%)         138M (3%)           54M (1%)         2046M (50%)          54M (1%)     
[245.428s][info][gc,heap     ] GC(144)      Live:         -                20M (1%)           20M (1%)           20M (1%)             -                  -          
[245.428s][info][gc,heap     ] GC(144) Allocated:         -                22M (1%)           26M (1%)           27M (1%)             -                  -          
[245.428s][info][gc,heap     ] GC(144)   Garbage:         -              1999M (49%)          91M (2%)            5M (0%)             -                  -          
[245.428s][info][gc,heap     ] GC(144) Reclaimed:         -                  -              1908M (47%)        1993M (49%)            -                  -          
[245.428s][info][gc          ] GC(144) Garbage Collection (Proactive) 2020M(49%)->54M(1%)
[247.118s][info][gc,start    ] GC(145) Garbage Collection (System.gc())
[247.118s][info][gc,task     ] GC(145) Using 2 workers
[247.118s][info][gc,phases   ] GC(145) Pause Mark Start 0.008ms
[247.147s][info][gc,phases   ] GC(145) Concurrent Mark 28.873ms
[247.147s][info][gc,phases   ] GC(145) Pause Mark End 0.028ms
[247.147s][info][gc,phases   ] GC(145) Concurrent Mark Free 0.003ms
[247.156s][info][gc,phases   ] GC(145) Concurrent Process Non-Strong References 8.860ms
[247.156s][info][gc,phases   ] GC(145) Concurrent Reset Relocation Set 0.003ms
[247.158s][info][gc,phases   ] GC(145) Concurrent Select Relocation Set 1.832ms
[247.158s][info][gc,phases   ] GC(145) Pause Relocate Start 0.008ms
[247.159s][info][gc,phases   ] GC(145) Concurrent Relocate 0.638ms
[247.159s][info][gc,load     ] GC(145) Load: 0.00/0.00/0.00
[247.159s][info][gc,mmu      ] GC(145) MMU: 2ms/98.1%, 5ms/99.2%, 10ms/99.6%, 20ms/99.8%, 50ms/99.9%, 100ms/99.9%
[247.159s][info][gc,marking  ] GC(145) Mark: 2 stripe(s), 2 proactive flush(es), 1 terminate flush(es), 0 completion(s), 0 continuation(s) 
[247.159s][info][gc,marking  ] GC(145) Mark Stack Usage: 32M
[247.159s][info][gc,nmethod  ] GC(145) NMethods: 9754 registered, 193 unregistered
[247.159s][info][gc,metaspace] GC(145) Metaspace: 51M used, 52M committed, 1088M reserved
[247.159s][info][gc,ref      ] GC(145) Soft: 3841 encountered, 0 discovered, 0 enqueued
[247.159s][info][gc,ref      ] GC(145) Weak: 4198 encountered, 496 discovered, 31 enqueued
[247.159s][info][gc,ref      ] GC(145) Final: 37 encountered, 0 discovered, 0 enqueued
[247.159s][info][gc,ref      ] GC(145) Phantom: 291 encountered, 236 discovered, 0 enqueued
[247.159s][info][gc,reloc    ] GC(145) Small Pages: 928 / 1856M, Empty: 1712M, Relocated: 0M, In-Place: 0
[247.159s][info][gc,reloc    ] GC(145) Medium Pages: 0 / 0M, Empty: 0M, Relocated: 0M, In-Place: 0
[247.159s][info][gc,reloc    ] GC(145) Large Pages: 0 / 0M, Empty: 0M, Relocated: 0M, In-Place: 0
[247.159s][info][gc,reloc    ] GC(145) Forwarding Usage: 0M
[247.159s][info][gc,heap     ] GC(145) Min Capacity: 4096M(100%)
[247.159s][info][gc,heap     ] GC(145) Max Capacity: 4096M(100%)
[247.159s][info][gc,heap     ] GC(145) Soft Max Capacity: 4096M(100%)
[247.159s][info][gc,heap     ] GC(145)                Mark Start          Mark End        Relocate Start      Relocate End           High               Low         
[247.159s][info][gc,heap     ] GC(145)  Capacity:     4096M (100%)       4096M (100%)       4096M (100%)       4096M (100%)       4096M (100%)       4096M (100%)   
[247.159s][info][gc,heap     ] GC(145)      Free:     2240M (55%)        2226M (54%)        3938M (96%)        4056M (99%)        4056M (99%)        2226M (54%)    
[247.159s][info][gc,heap     ] GC(145)      Used:     1856M (45%)        1870M (46%)         158M (4%)           40M (1%)         1870M (46%)          40M (1%)     
[247.159s][info][gc,heap     ] GC(145)      Live:         -                20M (0%)           20M (0%)           20M (0%)             -                  -          
[247.159s][info][gc,heap     ] GC(145) Allocated:         -                14M (0%)           14M (0%)           14M (0%)             -                  -          
[247.159s][info][gc,heap     ] GC(145)   Garbage:         -              1835M (45%)         123M (3%)            5M (0%)             -                  -          
[247.159s][info][gc,heap     ] GC(145) Reclaimed:         -                  -              1712M (42%)        1830M (45%)            -                  -          
[247.159s][info][gc          ] GC(145) Garbage Collection (System.gc()) 1856M(45%)->40M(1%)
[249.898s][info][gc,start    ] GC(146) Garbage Collection (Proactive)
[249.898s][info][gc,task     ] GC(146) Using 2 workers
[249.898s][info][gc,phases   ] GC(146) Pause Mark Start 0.008ms
[249.917s][info][gc,phases   ] GC(146) Concurrent Mark 18.513ms
[249.917s][info][gc,phases   ] GC(146) Pause Mark End 0.018ms
[249.917s][info][gc,phases   ] GC(146) Concurrent Mark Free 0.001ms
[249.926s][info][gc,phases   ] GC(146) Concurrent Process Non-Strong References 9.281ms
[249.926s][info][gc,phases   ] GC(146) Concurrent Reset Relocation Set 0.004ms
[249.928s][info][gc,phases   ] GC(146) Concurrent Select Relocation Set 2.081ms
[249.928s][info][gc,phases   ] GC(146) Pause Relocate Start 0.010ms
[249.929s][info][gc,phases   ] GC(146) Concurrent Relocate 0.827ms
[249.929s][info][gc,load     ] GC(146) Load: 0.00/0.00/0.00
[249.929s][info][gc,mmu      ] GC(146) MMU: 2ms/98.1%, 5ms/99.2%, 10ms/99.6%, 20ms/99.8%, 50ms/99.9%, 100ms/99.9%
[249.929s][info][gc,marking  ] GC(146) Mark: 2 stripe(s), 2 proactive flush(es), 1 terminate flush(es), 0 completion(s), 0 continuation(s) 
[249.929s][info][gc,marking  ] GC(146) Mark Stack Usage: 32M
[249.929s][info][gc,nmethod  ] GC(146) NMethods: 9791 registered, 197 unregistered
[249.929s][info][gc,metaspace] GC(146) Metaspace: 52M used, 52M committed, 1088M reserved
[249.929s][info][gc,ref      ] GC(146) Soft: 3841 encountered, 0 discovered, 0 enqueued
[249.929s][info][gc,ref      ] GC(146) Weak: 4364 encountered, 839 discovered, 13 enqueued
[249.929s][info][gc,ref      ] GC(146) Final: 37 encountered, 0 discovered, 0 enqueued
[249.929s][info][gc,ref      ] GC(146) Phantom: 291 encountered, 234 discovered, 0 enqueued
[249.929s][info][gc,reloc    ] GC(146) Small Pages: 1509 / 3018M, Empty: 2886M, Relocated: 1M, In-Place: 0
[249.929s][info][gc,reloc    ] GC(146) Medium Pages: 0 / 0M, Empty: 0M, Relocated: 0M, In-Place: 0
[249.929s][info][gc,reloc    ] GC(146) Large Pages: 0 / 0M, Empty: 0M, Relocated: 0M, In-Place: 0
[249.929s][info][gc,reloc    ] GC(146) Forwarding Usage: 0M
[249.929s][info][gc,heap     ] GC(146) Min Capacity: 4096M(100%)
[249.929s][info][gc,heap     ] GC(146) Max Capacity: 4096M(100%)
[249.930s][info][gc,heap     ] GC(146) Soft Max Capacity: 4096M(100%)
[249.930s][info][gc,heap     ] GC(146)                Mark Start          Mark End        Relocate Start      Relocate End           High               Low         
[249.930s][info][gc,heap     ] GC(146)  Capacity:     4096M (100%)       4096M (100%)       4096M (100%)       4096M (100%)       4096M (100%)       4096M (100%)   
[249.930s][info][gc,heap     ] GC(146)      Free:     1078M (26%)        1058M (26%)        3936M (96%)        4038M (99%)        4038M (99%)        1052M (26%)    
[249.930s][info][gc,heap     ] GC(146)      Used:     3018M (74%)        3038M (74%)         160M (4%)           58M (1%)         3044M (74%)          58M (1%)     
[249.930s][info][gc,heap     ] GC(146)      Live:         -                20M (1%)           20M (1%)           20M (1%)             -                  -          
[249.930s][info][gc,heap     ] GC(146) Allocated:         -                20M (0%)           28M (1%)           31M (1%)             -                  -          
[249.930s][info][gc,heap     ] GC(146)   Garbage:         -              2997M (73%)         111M (3%)            5M (0%)             -                  -          
[249.930s][info][gc,heap     ] GC(146) Reclaimed:         -                  -              2886M (70%)        2991M (73%)            -                  -          
[249.930s][info][gc          ] GC(146) Garbage Collection (Proactive) 3018M(74%)->58M(1%)
[250.197s][info][gc,stats    ] === Garbage Collection Statistics =======================================================================================================================
[250.197s][info][gc,stats    ]                                                              Last 10s              Last 10m              Last 10h                Total
[250.197s][info][gc,stats    ]                                                              Avg / Max             Avg / Max             Avg / Max             Avg / Max
[250.197s][info][gc,stats    ]   Collector: Garbage Collection Cycle                     33.525 / 41.063       32.547 / 62.948       32.547 / 62.948       32.547 / 62.948      ms
[250.197s][info][gc,stats    ]  Contention: Mark Segment Reset Contention                     0 / 0                 0 / 2                 0 / 2                 0 / 2           ops/s
[250.197s][info][gc,stats    ]  Contention: Mark SeqNum Reset Contention                      0 / 1                 0 / 2                 0 / 2                 0 / 2           ops/s
[250.197s][info][gc,stats    ]    Critical: Allocation Stall                                  0 / 0                 0 / 0                 0 / 0                 0 / 0           ops/s
[250.197s][info][gc,stats    ]    Critical: Allocation Stall                              0.000 / 0.000         0.000 / 0.000         0.000 / 0.000         0.000 / 0.000       ms
[250.197s][info][gc,stats    ]    Critical: GC Locker Stall                                   0 / 0                 0 / 0                 0 / 0                 0 / 0           ops/s
[250.197s][info][gc,stats    ]    Critical: GC Locker Stall                               0.000 / 0.000         0.000 / 0.000         0.000 / 0.000         0.000 / 0.000       ms
[250.197s][info][gc,stats    ]    Critical: Relocation Stall                                  0 / 0                 0 / 0                 0 / 0                 0 / 0           ops/s
[250.197s][info][gc,stats    ]    Critical: Relocation Stall                              0.000 / 0.000         0.000 / 0.000         0.000 / 0.000         0.000 / 0.000       ms
[250.197s][info][gc,stats    ]      Memory: Allocation Rate                                1071 / 1100           1010 / 1120           1010 / 1120           1010 / 1120        MB/s
[250.197s][info][gc,stats    ]      Memory: Defragment                                        0 / 0                 0 / 0                 0 / 0                 0 / 0           ops/s
[250.197s][info][gc,stats    ]      Memory: Out Of Memory                                     0 / 0                 0 / 0                 0 / 0                 0 / 0           ops/s
[250.197s][info][gc,stats    ]      Memory: Page Cache Flush                                  0 / 0                 0 / 0                 0 / 0                 0 / 0           MB/s
[250.197s][info][gc,stats    ]      Memory: Page Cache Hit L1                               536 / 550             499 / 560             499 / 560             499 / 560         ops/s
[250.197s][info][gc,stats    ]      Memory: Page Cache Hit L2                                 0 / 0                 0 / 0                 0 / 0                 0 / 0           ops/s
[250.197s][info][gc,stats    ]      Memory: Page Cache Hit L3                                 0 / 0                 6 / 295               6 / 295               6 / 295         ops/s
[250.197s][info][gc,stats    ]      Memory: Page Cache Miss                                   0 / 0                 0 / 1                 0 / 1                 0 / 1           ops/s
[250.197s][info][gc,stats    ]      Memory: Uncommit                                          0 / 0                 0 / 0                 0 / 0                 0 / 0           MB/s
[250.197s][info][gc,stats    ]      Memory: Undo Object Allocation Failed                     0 / 0                 0 / 1                 0 / 1                 0 / 1           ops/s
[250.197s][info][gc,stats    ]      Memory: Undo Object Allocation Succeeded                  3 / 31                2 / 42                2 / 42                2 / 42          ops/s
[250.197s][info][gc,stats    ]      Memory: Undo Page Allocation                              0 / 3                 1 / 8                 1 / 8                 1 / 8           ops/s
[250.197s][info][gc,stats    ]       Phase: Concurrent Mark                              20.810 / 28.873       20.945 / 33.521       20.945 / 33.521       20.945 / 33.521      ms
[250.197s][info][gc,stats    ]       Phase: Concurrent Mark Continue                      0.000 / 0.000         0.000 / 0.000         0.000 / 0.000         0.000 / 0.000       ms
[250.197s][info][gc,stats    ]       Phase: Concurrent Mark Free                          0.001 / 0.003         0.001 / 0.003         0.001 / 0.003         0.001 / 0.003       ms
[250.197s][info][gc,stats    ]       Phase: Concurrent Process Non-Strong References      9.243 / 9.613         7.961 / 21.700        7.961 / 21.700        7.961 / 21.700      ms
[250.197s][info][gc,stats    ]       Phase: Concurrent Relocate                           0.712 / 0.879         0.746 / 5.848         0.746 / 5.848         0.746 / 5.848       ms
[250.197s][info][gc,stats    ]       Phase: Concurrent Reset Relocation Set               0.004 / 0.004         0.004 / 0.010         0.004 / 0.010         0.004 / 0.010       ms
[250.197s][info][gc,stats    ]       Phase: Concurrent Select Relocation Set              1.965 / 2.330         2.047 / 5.959         2.047 / 5.959         2.047 / 5.959       ms
[250.198s][info][gc,stats    ]       Phase: Pause Mark End                                0.022 / 0.028         0.020 / 0.038         0.020 / 0.038         0.020 / 0.038       ms
[250.198s][info][gc,stats    ]       Phase: Pause Mark Start                              0.007 / 0.008         0.008 / 0.022         0.008 / 0.022         0.008 / 0.022       ms
[250.198s][info][gc,stats    ]       Phase: Pause Relocate Start                          0.009 / 0.011         0.009 / 0.023         0.009 / 0.023         0.009 / 0.023       ms
[250.198s][info][gc,stats    ]    Subphase: Concurrent Classes Purge                      0.027 / 0.033         0.076 / 1.921         0.076 / 1.921         0.076 / 1.921       ms
[250.198s][info][gc,stats    ]    Subphase: Concurrent Classes Unlink                     8.419 / 8.986         7.133 / 15.207        7.133 / 15.207        7.133 / 15.207      ms
[250.198s][info][gc,stats    ]    Subphase: Concurrent Mark                              17.045 / 26.827       17.171 / 31.441       17.171 / 31.441       17.171 / 31.441      ms
[250.198s][info][gc,stats    ]    Subphase: Concurrent Mark Try Flush                     0.072 / 0.251         0.077 / 0.430         0.077 / 0.430         0.077 / 0.430       ms
[250.198s][info][gc,stats    ]    Subphase: Concurrent Mark Try Terminate                 1.629 / 14.020        1.553 / 15.936        1.553 / 15.936        1.553 / 15.936      ms
[250.198s][info][gc,stats    ]    Subphase: Concurrent References Enqueue                 0.005 / 0.005         0.005 / 0.010         0.005 / 0.010         0.005 / 0.010       ms
[250.198s][info][gc,stats    ]    Subphase: Concurrent References Process                 0.160 / 0.213         0.136 / 0.844         0.136 / 0.844         0.136 / 0.844       ms
[250.198s][info][gc,stats    ]    Subphase: Concurrent Roots ClassLoaderDataGraph         0.072 / 0.139         0.075 / 0.281         0.075 / 0.281         0.075 / 0.281       ms
[250.198s][info][gc,stats    ]    Subphase: Concurrent Roots CodeCache                    0.000 / 0.000         0.000 / 0.000         0.000 / 0.000         0.000 / 0.000       ms
[250.198s][info][gc,stats    ]    Subphase: Concurrent Roots JavaThreads                  1.377 / 1.881         1.512 / 4.045         1.512 / 4.045         1.512 / 4.045       ms
[250.198s][info][gc,stats    ]    Subphase: Concurrent Roots OopStorageSet                0.023 / 0.036         0.024 / 0.106         0.024 / 0.106         0.024 / 0.106       ms
[250.198s][info][gc,stats    ]    Subphase: Concurrent Weak Roots OopStorageSet           0.442 / 0.761         0.414 / 1.078         0.414 / 1.078         0.414 / 1.078       ms
[250.198s][info][gc,stats    ]    Subphase: Pause Mark Try Complete                       0.000 / 0.000         0.000 / 0.000         0.000 / 0.000         0.000 / 0.000       ms
[250.198s][info][gc,stats    ]      System: Java Threads                                     61 / 61               58 / 64               58 / 64               58 / 64          threads
[250.198s][info][gc,stats    ] =========================================================================================================================================================
[250.680s][info][gc,start    ] GC(147) Garbage Collection (System.gc())
[250.680s][info][gc,task     ] GC(147) Using 2 workers
[250.680s][info][gc,phases   ] GC(147) Pause Mark Start 0.007ms
[250.702s][info][gc,phases   ] GC(147) Concurrent Mark 21.609ms
[250.702s][info][gc,phases   ] GC(147) Pause Mark End 0.033ms
[250.702s][info][gc,phases   ] GC(147) Concurrent Mark Free 0.002ms
[250.711s][info][gc,phases   ] GC(147) Concurrent Process Non-Strong References 8.635ms
[250.711s][info][gc,phases   ] GC(147) Concurrent Reset Relocation Set 0.004ms
[250.713s][info][gc,phases   ] GC(147) Concurrent Select Relocation Set 1.822ms
[250.713s][info][gc,phases   ] GC(147) Pause Relocate Start 0.007ms
[250.714s][info][gc,phases   ] GC(147) Concurrent Relocate 0.472ms
[250.714s][info][gc,load     ] GC(147) Load: 0.00/0.00/0.00
[250.714s][info][gc,mmu      ] GC(147) MMU: 2ms/98.1%, 5ms/99.2%, 10ms/99.6%, 20ms/99.8%, 50ms/99.9%, 100ms/99.9%
[250.714s][info][gc,marking  ] GC(147) Mark: 2 stripe(s), 2 proactive flush(es), 1 terminate flush(es), 0 completion(s), 0 continuation(s) 
[250.714s][info][gc,marking  ] GC(147) Mark Stack Usage: 32M
[250.714s][info][gc,nmethod  ] GC(147) NMethods: 9807 registered, 199 unregistered
[250.714s][info][gc,metaspace] GC(147) Metaspace: 52M used, 52M committed, 1088M reserved
[250.714s][info][gc,ref      ] GC(147) Soft: 3841 encountered, 0 discovered, 0 enqueued
[250.714s][info][gc,ref      ] GC(147) Weak: 4196 encountered, 756 discovered, 30 enqueued
[250.714s][info][gc,ref      ] GC(147) Final: 37 encountered, 4 discovered, 0 enqueued
[250.714s][info][gc,ref      ] GC(147) Phantom: 291 encountered, 236 discovered, 0 enqueued
[250.714s][info][gc,reloc    ] GC(147) Small Pages: 425 / 850M, Empty: 720M, Relocated: 0M, In-Place: 0
[250.714s][info][gc,reloc    ] GC(147) Medium Pages: 0 / 0M, Empty: 0M, Relocated: 0M, In-Place: 0
[250.714s][info][gc,reloc    ] GC(147) Large Pages: 0 / 0M, Empty: 0M, Relocated: 0M, In-Place: 0
[250.714s][info][gc,reloc    ] GC(147) Forwarding Usage: 0M
[250.714s][info][gc,heap     ] GC(147) Min Capacity: 4096M(100%)
[250.714s][info][gc,heap     ] GC(147) Max Capacity: 4096M(100%)
[250.714s][info][gc,heap     ] GC(147) Soft Max Capacity: 4096M(100%)
[250.714s][info][gc,heap     ] GC(147)                Mark Start          Mark End        Relocate Start      Relocate End           High               Low         
[250.714s][info][gc,heap     ] GC(147)  Capacity:     4096M (100%)       4096M (100%)       4096M (100%)       4096M (100%)       4096M (100%)       4096M (100%)   
[250.714s][info][gc,heap     ] GC(147)      Free:     3246M (79%)        3232M (79%)        3952M (96%)        4056M (99%)        4056M (99%)        3232M (79%)    
[250.714s][info][gc,heap     ] GC(147)      Used:      850M (21%)         864M (21%)         144M (4%)           40M (1%)          864M (21%)          40M (1%)     
[250.714s][info][gc,heap     ] GC(147)      Live:         -                20M (0%)           20M (0%)           20M (0%)             -                  -          
[250.714s][info][gc,heap     ] GC(147) Allocated:         -                14M (0%)           14M (0%)           13M (0%)             -                  -          
[250.714s][info][gc,heap     ] GC(147)   Garbage:         -               829M (20%)         109M (3%)            5M (0%)             -                  -          
[250.714s][info][gc,heap     ] GC(147) Reclaimed:         -                  -               720M (18%)         823M (20%)            -                  -          
[250.714s][info][gc          ] GC(147) Garbage Collection (System.gc()) 850M(21%)->40M(1%)
[252.799s][info][gc,start    ] GC(148) Garbage Collection (Proactive)
[252.799s][info][gc,task     ] GC(148) Using 2 workers
[252.799s][info][gc,phases   ] GC(148) Pause Mark Start 0.007ms
[252.818s][info][gc,phases   ] GC(148) Concurrent Mark 18.219ms
[252.818s][info][gc,phases   ] GC(148) Pause Mark End 0.017ms
[252.818s][info][gc,phases   ] GC(148) Concurrent Mark Free 0.001ms
[252.827s][info][gc,phases   ] GC(148) Concurrent Process Non-Strong References 9.343ms
[252.827s][info][gc,phases   ] GC(148) Concurrent Reset Relocation Set 0.004ms
[252.829s][info][gc,phases   ] GC(148) Concurrent Select Relocation Set 2.008ms
[252.829s][info][gc,phases   ] GC(148) Pause Relocate Start 0.010ms
[252.830s][info][gc,phases   ] GC(148) Concurrent Relocate 0.876ms
[252.830s][info][gc,load     ] GC(148) Load: 0.00/0.00/0.00
[252.830s][info][gc,mmu      ] GC(148) MMU: 2ms/98.1%, 5ms/99.2%, 10ms/99.6%, 20ms/99.8%, 50ms/99.9%, 100ms/99.9%
[252.830s][info][gc,marking  ] GC(148) Mark: 2 stripe(s), 2 proactive flush(es), 1 terminate flush(es), 0 completion(s), 0 continuation(s) 
[252.830s][info][gc,marking  ] GC(148) Mark Stack Usage: 32M
[252.830s][info][gc,nmethod  ] GC(148) NMethods: 9838 registered, 204 unregistered
[252.830s][info][gc,metaspace] GC(148) Metaspace: 52M used, 52M committed, 1088M reserved
[252.830s][info][gc,ref      ] GC(148) Soft: 3841 encountered, 0 discovered, 0 enqueued
[252.830s][info][gc,ref      ] GC(148) Weak: 4365 encountered, 928 discovered, 14 enqueued
[252.830s][info][gc,ref      ] GC(148) Final: 37 encountered, 0 discovered, 0 enqueued
[252.830s][info][gc,ref      ] GC(148) Phantom: 291 encountered, 236 discovered, 0 enqueued
[252.830s][info][gc,reloc    ] GC(148) Small Pages: 1150 / 2300M, Empty: 2170M, Relocated: 1M, In-Place: 0
[252.830s][info][gc,reloc    ] GC(148) Medium Pages: 0 / 0M, Empty: 0M, Relocated: 0M, In-Place: 0
[252.830s][info][gc,reloc    ] GC(148) Large Pages: 0 / 0M, Empty: 0M, Relocated: 0M, In-Place: 0
[252.830s][info][gc,reloc    ] GC(148) Forwarding Usage: 0M
[252.830s][info][gc,heap     ] GC(148) Min Capacity: 4096M(100%)
[252.830s][info][gc,heap     ] GC(148) Max Capacity: 4096M(100%)
[252.830s][info][gc,heap     ] GC(148) Soft Max Capacity: 4096M(100%)
[252.830s][info][gc,heap     ] GC(148)                Mark Start          Mark End        Relocate Start      Relocate End           High               Low         
[252.830s][info][gc,heap     ] GC(148)  Capacity:     4096M (100%)       4096M (100%)       4096M (100%)       4096M (100%)       4096M (100%)       4096M (100%)   
[252.831s][info][gc,heap     ] GC(148)      Free:     1796M (44%)        1778M (43%)        3940M (96%)        4040M (99%)        4040M (99%)        1772M (43%)    
[252.831s][info][gc,heap     ] GC(148)      Used:     2300M (56%)        2318M (57%)         156M (4%)           56M (1%)         2324M (57%)          56M (1%)     
[252.831s][info][gc,heap     ] GC(148)      Live:         -                20M (1%)           20M (1%)           20M (1%)             -                  -          
[252.831s][info][gc,heap     ] GC(148) Allocated:         -                18M (0%)           26M (1%)           29M (1%)             -                  -          
[252.831s][info][gc,heap     ] GC(148)   Garbage:         -              2279M (56%)         109M (3%)            5M (0%)             -                  -          
[252.831s][info][gc,heap     ] GC(148) Reclaimed:         -                  -              2170M (53%)        2273M (56%)            -                  -          
[252.831s][info][gc          ] GC(148) Garbage Collection (Proactive) 2300M(56%)->56M(1%)
[254.244s][info][gc,start    ] GC(149) Garbage Collection (System.gc())
[254.244s][info][gc,task     ] GC(149) Using 2 workers
[254.244s][info][gc,phases   ] GC(149) Pause Mark Start 0.007ms
[254.267s][info][gc,phases   ] GC(149) Concurrent Mark 23.148ms
[254.267s][info][gc,phases   ] GC(149) Pause Mark End 0.030ms
[254.267s][info][gc,phases   ] GC(149) Concurrent Mark Free 0.004ms
[254.276s][info][gc,phases   ] GC(149) Concurrent Process Non-Strong References 8.608ms
[254.276s][info][gc,phases   ] GC(149) Concurrent Reset Relocation Set 0.004ms
[254.278s][info][gc,phases   ] GC(149) Concurrent Select Relocation Set 1.740ms
[254.278s][info][gc,phases   ] GC(149) Pause Relocate Start 0.008ms
[254.278s][info][gc,phases   ] GC(149) Concurrent Relocate 0.415ms
[254.278s][info][gc,load     ] GC(149) Load: 0.00/0.00/0.00
[254.278s][info][gc,mmu      ] GC(149) MMU: 2ms/98.1%, 5ms/99.2%, 10ms/99.6%, 20ms/99.8%, 50ms/99.9%, 100ms/99.9%
[254.278s][info][gc,marking  ] GC(149) Mark: 2 stripe(s), 2 proactive flush(es), 1 terminate flush(es), 0 completion(s), 0 continuation(s) 
[254.279s][info][gc,marking  ] GC(149) Mark Stack Usage: 32M
[254.279s][info][gc,nmethod  ] GC(149) NMethods: 9860 registered, 205 unregistered
[254.279s][info][gc,metaspace] GC(149) Metaspace: 52M used, 52M committed, 1088M reserved
[254.279s][info][gc,ref      ] GC(149) Soft: 3841 encountered, 0 discovered, 0 enqueued
[254.279s][info][gc,ref      ] GC(149) Weak: 4200 encountered, 507 discovered, 31 enqueued
[254.279s][info][gc,ref      ] GC(149) Final: 37 encountered, 2 discovered, 0 enqueued
[254.279s][info][gc,ref      ] GC(149) Phantom: 291 encountered, 234 discovered, 0 enqueued
[254.279s][info][gc,reloc    ] GC(149) Small Pages: 789 / 1578M, Empty: 1432M, Relocated: 0M, In-Place: 0
[254.279s][info][gc,reloc    ] GC(149) Medium Pages: 0 / 0M, Empty: 0M, Relocated: 0M, In-Place: 0
[254.279s][info][gc,reloc    ] GC(149) Large Pages: 0 / 0M, Empty: 0M, Relocated: 0M, In-Place: 0
[254.279s][info][gc,reloc    ] GC(149) Forwarding Usage: 0M
[254.279s][info][gc,heap     ] GC(149) Min Capacity: 4096M(100%)
[254.279s][info][gc,heap     ] GC(149) Max Capacity: 4096M(100%)
[254.279s][info][gc,heap     ] GC(149) Soft Max Capacity: 4096M(100%)
[254.279s][info][gc,heap     ] GC(149)                Mark Start          Mark End        Relocate Start      Relocate End           High               Low         
[254.279s][info][gc,heap     ] GC(149)  Capacity:     4096M (100%)       4096M (100%)       4096M (100%)       4096M (100%)       4096M (100%)       4096M (100%)   
[254.279s][info][gc,heap     ] GC(149)      Free:     2518M (61%)        2504M (61%)        3936M (96%)        4056M (99%)        4056M (99%)        2504M (61%)    
[254.279s][info][gc,heap     ] GC(149)      Used:     1578M (39%)        1592M (39%)         160M (4%)           40M (1%)         1592M (39%)          40M (1%)     
[254.279s][info][gc,heap     ] GC(149)      Live:         -                20M (0%)           20M (0%)           20M (0%)             -                  -          
[254.279s][info][gc,heap     ] GC(149) Allocated:         -                14M (0%)           14M (0%)           14M (0%)             -                  -          
[254.279s][info][gc,heap     ] GC(149)   Garbage:         -              1557M (38%)         125M (3%)            5M (0%)             -                  -          
[254.279s][info][gc,heap     ] GC(149) Reclaimed:         -                  -              1432M (35%)        1552M (38%)            -                  -          
[254.279s][info][gc          ] GC(149) Garbage Collection (System.gc()) 1578M(39%)->40M(1%)
[256.298s][info][gc,start    ] GC(150) Garbage Collection (Proactive)
[256.298s][info][gc,task     ] GC(150) Using 2 workers
[256.298s][info][gc,phases   ] GC(150) Pause Mark Start 0.010ms
[256.317s][info][gc,phases   ] GC(150) Concurrent Mark 18.491ms
[256.317s][info][gc,phases   ] GC(150) Pause Mark End 0.014ms
[256.317s][info][gc,phases   ] GC(150) Concurrent Mark Free 0.001ms
[256.327s][info][gc,phases   ] GC(150) Concurrent Process Non-Strong References 10.092ms
[256.327s][info][gc,phases   ] GC(150) Concurrent Reset Relocation Set 0.004ms
[256.329s][info][gc,phases   ] GC(150) Concurrent Select Relocation Set 2.028ms
[256.329s][info][gc,phases   ] GC(150) Pause Relocate Start 0.010ms
[256.330s][info][gc,phases   ] GC(150) Concurrent Relocate 0.756ms
[256.330s][info][gc,load     ] GC(150) Load: 0.00/0.00/0.00
[256.330s][info][gc,mmu      ] GC(150) MMU: 2ms/98.1%, 5ms/99.2%, 10ms/99.6%, 20ms/99.8%, 50ms/99.9%, 100ms/99.9%
[256.330s][info][gc,marking  ] GC(150) Mark: 2 stripe(s), 2 proactive flush(es), 1 terminate flush(es), 0 completion(s), 0 continuation(s) 
[256.330s][info][gc,marking  ] GC(150) Mark Stack Usage: 32M
[256.330s][info][gc,nmethod  ] GC(150) NMethods: 9906 registered, 207 unregistered
[256.330s][info][gc,metaspace] GC(150) Metaspace: 52M used, 52M committed, 1088M reserved
[256.330s][info][gc,ref      ] GC(150) Soft: 3841 encountered, 0 discovered, 0 enqueued
[256.330s][info][gc,ref      ] GC(150) Weak: 4366 encountered, 984 discovered, 13 enqueued
[256.330s][info][gc,ref      ] GC(150) Final: 37 encountered, 0 discovered, 0 enqueued
[256.330s][info][gc,ref      ] GC(150) Phantom: 291 encountered, 234 discovered, 0 enqueued
[256.330s][info][gc,reloc    ] GC(150) Small Pages: 1086 / 2172M, Empty: 2056M, Relocated: 1M, In-Place: 0
[256.330s][info][gc,reloc    ] GC(150) Medium Pages: 0 / 0M, Empty: 0M, Relocated: 0M, In-Place: 0
[256.330s][info][gc,reloc    ] GC(150) Large Pages: 0 / 0M, Empty: 0M, Relocated: 0M, In-Place: 0
[256.330s][info][gc,reloc    ] GC(150) Forwarding Usage: 0M
[256.330s][info][gc,heap     ] GC(150) Min Capacity: 4096M(100%)
[256.330s][info][gc,heap     ] GC(150) Max Capacity: 4096M(100%)
[256.330s][info][gc,heap     ] GC(150) Soft Max Capacity: 4096M(100%)
[256.330s][info][gc,heap     ] GC(150)                Mark Start          Mark End        Relocate Start      Relocate End           High               Low         
[256.330s][info][gc,heap     ] GC(150)  Capacity:     4096M (100%)       4096M (100%)       4096M (100%)       4096M (100%)       4096M (100%)       4096M (100%)   
[256.330s][info][gc,heap     ] GC(150)      Free:     1924M (47%)        1904M (46%)        3952M (96%)        4040M (99%)        4040M (99%)        1900M (46%)    
[256.330s][info][gc,heap     ] GC(150)      Used:     2172M (53%)        2192M (54%)         144M (4%)           56M (1%)         2196M (54%)          56M (1%)     
[256.330s][info][gc,heap     ] GC(150)      Live:         -                20M (1%)           20M (1%)           20M (1%)             -                  -          
[256.330s][info][gc,heap     ] GC(150) Allocated:         -                20M (0%)           28M (1%)           29M (1%)             -                  -          
[256.330s][info][gc,heap     ] GC(150)   Garbage:         -              2151M (53%)          95M (2%)            5M (0%)             -                  -          
[256.330s][info][gc,heap     ] GC(150) Reclaimed:         -                  -              2056M (50%)        2145M (52%)            -                  -          
[256.330s][info][gc          ] GC(150) Garbage Collection (Proactive) 2172M(53%)->56M(1%)
[257.883s][info][gc,start    ] GC(151) Garbage Collection (System.gc())
[257.883s][info][gc,task     ] GC(151) Using 2 workers
[257.883s][info][gc,phases   ] GC(151) Pause Mark Start 0.007ms
[257.906s][info][gc,phases   ] GC(151) Concurrent Mark 22.884ms
[257.906s][info][gc,phases   ] GC(151) Pause Mark End 0.031ms
[257.906s][info][gc,phases   ] GC(151) Concurrent Mark Free 0.002ms
[257.916s][info][gc,phases   ] GC(151) Concurrent Process Non-Strong References 9.412ms
[257.916s][info][gc,phases   ] GC(151) Concurrent Reset Relocation Set 0.005ms
[257.918s][info][gc,phases   ] GC(151) Concurrent Select Relocation Set 1.665ms
[257.918s][info][gc,phases   ] GC(151) Pause Relocate Start 0.007ms
[257.918s][info][gc,phases   ] GC(151) Concurrent Relocate 0.382ms
[257.918s][info][gc,load     ] GC(151) Load: 0.00/0.00/0.00
[257.918s][info][gc,mmu      ] GC(151) MMU: 2ms/98.1%, 5ms/99.2%, 10ms/99.6%, 20ms/99.8%, 50ms/99.9%, 100ms/99.9%
[257.918s][info][gc,marking  ] GC(151) Mark: 2 stripe(s), 2 proactive flush(es), 1 terminate flush(es), 0 completion(s), 0 continuation(s) 
[257.918s][info][gc,marking  ] GC(151) Mark Stack Usage: 32M
[257.918s][info][gc,nmethod  ] GC(151) NMethods: 9923 registered, 212 unregistered
[257.918s][info][gc,metaspace] GC(151) Metaspace: 52M used, 52M committed, 1088M reserved
[257.918s][info][gc,ref      ] GC(151) Soft: 3841 encountered, 0 discovered, 0 enqueued
[257.918s][info][gc,ref      ] GC(151) Weak: 4200 encountered, 356 discovered, 31 enqueued
[257.918s][info][gc,ref      ] GC(151) Final: 37 encountered, 3 discovered, 0 enqueued
[257.918s][info][gc,ref      ] GC(151) Phantom: 291 encountered, 190 discovered, 0 enqueued
[257.918s][info][gc,reloc    ] GC(151) Small Pages: 850 / 1700M, Empty: 1546M, Relocated: 0M, In-Place: 0
[257.918s][info][gc,reloc    ] GC(151) Medium Pages: 0 / 0M, Empty: 0M, Relocated: 0M, In-Place: 0
[257.918s][info][gc,reloc    ] GC(151) Large Pages: 0 / 0M, Empty: 0M, Relocated: 0M, In-Place: 0
[257.918s][info][gc,reloc    ] GC(151) Forwarding Usage: 0M
[257.918s][info][gc,heap     ] GC(151) Min Capacity: 4096M(100%)
[257.918s][info][gc,heap     ] GC(151) Max Capacity: 4096M(100%)
[257.918s][info][gc,heap     ] GC(151) Soft Max Capacity: 4096M(100%)
[257.918s][info][gc,heap     ] GC(151)                Mark Start          Mark End        Relocate Start      Relocate End           High               Low         
[257.918s][info][gc,heap     ] GC(151)  Capacity:     4096M (100%)       4096M (100%)       4096M (100%)       4096M (100%)       4096M (100%)       4096M (100%)   
[257.918s][info][gc,heap     ] GC(151)      Free:     2396M (58%)        2380M (58%)        3926M (96%)        4054M (99%)        4054M (99%)        2380M (58%)    
[257.918s][info][gc,heap     ] GC(151)      Used:     1700M (42%)        1716M (42%)         170M (4%)           42M (1%)         1716M (42%)          42M (1%)     
[257.918s][info][gc,heap     ] GC(151)      Live:         -                20M (0%)           20M (0%)           20M (0%)             -                  -          
[257.918s][info][gc,heap     ] GC(151) Allocated:         -                16M (0%)           16M (0%)           16M (0%)             -                  -          
[257.918s][info][gc,heap     ] GC(151)   Garbage:         -              1679M (41%)         133M (3%)            5M (0%)             -                  -          
[257.918s][info][gc,heap     ] GC(151) Reclaimed:         -                  -              1546M (38%)        1674M (41%)            -                  -          
[257.918s][info][gc          ] GC(151) Garbage Collection (System.gc()) 1700M(42%)->42M(1%)
[259.898s][info][gc,start    ] GC(152) Garbage Collection (Proactive)
[259.898s][info][gc,task     ] GC(152) Using 2 workers
[259.898s][info][gc,phases   ] GC(152) Pause Mark Start 0.007ms
[259.916s][info][gc,phases   ] GC(152) Concurrent Mark 17.794ms
[259.916s][info][gc,phases   ] GC(152) Pause Mark End 0.018ms
[259.916s][info][gc,phases   ] GC(152) Concurrent Mark Free 0.001ms
[259.926s][info][gc,phases   ] GC(152) Concurrent Process Non-Strong References 9.997ms
[259.926s][info][gc,phases   ] GC(152) Concurrent Reset Relocation Set 0.005ms
[259.928s][info][gc,phases   ] GC(152) Concurrent Select Relocation Set 2.028ms
[259.928s][info][gc,phases   ] GC(152) Pause Relocate Start 0.008ms
[259.929s][info][gc,phases   ] GC(152) Concurrent Relocate 0.823ms
[259.929s][info][gc,load     ] GC(152) Load: 0.00/0.00/0.00
[259.929s][info][gc,mmu      ] GC(152) MMU: 2ms/98.1%, 5ms/99.2%, 10ms/99.6%, 20ms/99.8%, 50ms/99.9%, 100ms/99.9%
[259.929s][info][gc,marking  ] GC(152) Mark: 2 stripe(s), 2 proactive flush(es), 1 terminate flush(es), 0 completion(s), 0 continuation(s) 
[259.929s][info][gc,marking  ] GC(152) Mark Stack Usage: 32M
[259.929s][info][gc,nmethod  ] GC(152) NMethods: 9962 registered, 214 unregistered
[259.929s][info][gc,metaspace] GC(152) Metaspace: 52M used, 52M committed, 1088M reserved
[259.929s][info][gc,ref      ] GC(152) Soft: 3841 encountered, 0 discovered, 0 enqueued
[259.929s][info][gc,ref      ] GC(152) Weak: 4366 encountered, 454 discovered, 13 enqueued
[259.929s][info][gc,ref      ] GC(152) Final: 37 encountered, 0 discovered, 0 enqueued
[259.929s][info][gc,ref      ] GC(152) Phantom: 291 encountered, 234 discovered, 0 enqueued
[259.929s][info][gc,reloc    ] GC(152) Small Pages: 1092 / 2184M, Empty: 2062M, Relocated: 1M, In-Place: 0
[259.929s][info][gc,reloc    ] GC(152) Medium Pages: 0 / 0M, Empty: 0M, Relocated: 0M, In-Place: 0
[259.929s][info][gc,reloc    ] GC(152) Large Pages: 0 / 0M, Empty: 0M, Relocated: 0M, In-Place: 0
[259.929s][info][gc,reloc    ] GC(152) Forwarding Usage: 0M
[259.929s][info][gc,heap     ] GC(152) Min Capacity: 4096M(100%)
[259.929s][info][gc,heap     ] GC(152) Max Capacity: 4096M(100%)
[259.929s][info][gc,heap     ] GC(152) Soft Max Capacity: 4096M(100%)
[259.929s][info][gc,heap     ] GC(152)                Mark Start          Mark End        Relocate Start      Relocate End           High               Low         
[259.929s][info][gc,heap     ] GC(152)  Capacity:     4096M (100%)       4096M (100%)       4096M (100%)       4096M (100%)       4096M (100%)       4096M (100%)   
[259.929s][info][gc,heap     ] GC(152)      Free:     1912M (47%)        1894M (46%)        3948M (96%)        4044M (99%)        4044M (99%)        1886M (46%)    
[259.929s][info][gc,heap     ] GC(152)      Used:     2184M (53%)        2202M (54%)         148M (4%)           52M (1%)         2210M (54%)          52M (1%)     
[259.929s][info][gc,heap     ] GC(152)      Live:         -                20M (1%)           20M (1%)           20M (1%)             -                  -          
[259.929s][info][gc,heap     ] GC(152) Allocated:         -                18M (0%)           26M (1%)           25M (1%)             -                  -          
[259.929s][info][gc,heap     ] GC(152)   Garbage:         -              2163M (53%)         101M (2%)            5M (0%)             -                  -          
[259.929s][info][gc,heap     ] GC(152) Reclaimed:         -                  -              2062M (50%)        2157M (53%)            -                  -          
[259.929s][info][gc          ] GC(152) Garbage Collection (Proactive) 2184M(53%)->52M(1%)
[260.198s][info][gc,stats    ] === Garbage Collection Statistics =======================================================================================================================
[260.198s][info][gc,stats    ]                                                              Last 10s              Last 10m              Last 10h                Total
[260.198s][info][gc,stats    ]                                                              Avg / Max             Avg / Max             Avg / Max             Avg / Max
[260.198s][info][gc,stats    ]   Collector: Garbage Collection Cycle                     33.078 / 35.334       32.568 / 62.948       32.568 / 62.948       32.568 / 62.948      ms
[260.198s][info][gc,stats    ]  Contention: Mark Segment Reset Contention                     0 / 0                 0 / 2                 0 / 2                 0 / 2           ops/s
[260.198s][info][gc,stats    ]  Contention: Mark SeqNum Reset Contention                      0 / 0                 0 / 2                 0 / 2                 0 / 2           ops/s
[260.198s][info][gc,stats    ]    Critical: Allocation Stall                                  0 / 0                 0 / 0                 0 / 0                 0 / 0           ops/s
[260.198s][info][gc,stats    ]    Critical: Allocation Stall                              0.000 / 0.000         0.000 / 0.000         0.000 / 0.000         0.000 / 0.000       ms
[260.198s][info][gc,stats    ]    Critical: GC Locker Stall                                   0 / 0                 0 / 0                 0 / 0                 0 / 0           ops/s
[260.198s][info][gc,stats    ]    Critical: GC Locker Stall                               0.000 / 0.000         0.000 / 0.000         0.000 / 0.000         0.000 / 0.000       ms
[260.198s][info][gc,stats    ]    Critical: Relocation Stall                                  0 / 0                 0 / 0                 0 / 0                 0 / 0           ops/s
[260.198s][info][gc,stats    ]    Critical: Relocation Stall                              0.000 / 0.000         0.000 / 0.000         0.000 / 0.000         0.000 / 0.000       ms
[260.198s][info][gc,stats    ]      Memory: Allocation Rate                                1063 / 1096           1012 / 1120           1012 / 1120           1012 / 1120        MB/s
[260.198s][info][gc,stats    ]      Memory: Defragment                                        0 / 0                 0 / 0                 0 / 0                 0 / 0           ops/s
[260.198s][info][gc,stats    ]      Memory: Out Of Memory                                     0 / 0                 0 / 0                 0 / 0                 0 / 0           ops/s
[260.198s][info][gc,stats    ]      Memory: Page Cache Flush                                  0 / 0                 0 / 0                 0 / 0                 0 / 0           MB/s
[260.198s][info][gc,stats    ]      Memory: Page Cache Hit L1                               533 / 548             501 / 560             501 / 560             501 / 560         ops/s
[260.198s][info][gc,stats    ]      Memory: Page Cache Hit L2                                 0 / 0                 0 / 0                 0 / 0                 0 / 0           ops/s
[260.198s][info][gc,stats    ]      Memory: Page Cache Hit L3                                 0 / 0                 6 / 295               6 / 295               6 / 295         ops/s
[260.198s][info][gc,stats    ]      Memory: Page Cache Miss                                   0 / 0                 0 / 1                 0 / 1                 0 / 1           ops/s
[260.198s][info][gc,stats    ]      Memory: Uncommit                                          0 / 0                 0 / 0                 0 / 0                 0 / 0           MB/s
[260.198s][info][gc,stats    ]      Memory: Undo Object Allocation Failed                     0 / 1                 0 / 1                 0 / 1                 0 / 1           ops/s
[260.198s][info][gc,stats    ]      Memory: Undo Object Allocation Succeeded                  2 / 20                2 / 42                2 / 42                2 / 42          ops/s
[260.198s][info][gc,stats    ]      Memory: Undo Page Allocation                              0 / 2                 1 / 8                 1 / 8                 1 / 8           ops/s
[260.198s][info][gc,stats    ]       Phase: Concurrent Mark                              20.358 / 23.148       20.922 / 33.521       20.922 / 33.521       20.922 / 33.521      ms
[260.198s][info][gc,stats    ]       Phase: Concurrent Mark Continue                      0.000 / 0.000         0.000 / 0.000         0.000 / 0.000         0.000 / 0.000       ms
[260.198s][info][gc,stats    ]       Phase: Concurrent Mark Free                          0.002 / 0.004         0.001 / 0.004         0.001 / 0.004         0.001 / 0.004       ms
[260.198s][info][gc,stats    ]       Phase: Concurrent Process Non-Strong References      9.348 / 10.092        8.016 / 21.700        8.016 / 21.700        8.016 / 21.700      ms
[260.198s][info][gc,stats    ]       Phase: Concurrent Relocate                           0.621 / 0.876         0.741 / 5.848         0.741 / 5.848         0.741 / 5.848       ms
[260.198s][info][gc,stats    ]       Phase: Concurrent Reset Relocation Set               0.004 / 0.005         0.004 / 0.010         0.004 / 0.010         0.004 / 0.010       ms
[260.198s][info][gc,stats    ]       Phase: Concurrent Select Relocation Set              1.882 / 2.028         2.040 / 5.959         2.040 / 5.959         2.040 / 5.959       ms
[260.198s][info][gc,stats    ]       Phase: Pause Mark End                                0.024 / 0.033         0.020 / 0.038         0.020 / 0.038         0.020 / 0.038       ms
[260.198s][info][gc,stats    ]       Phase: Pause Mark Start                              0.008 / 0.010         0.008 / 0.022         0.008 / 0.022         0.008 / 0.022       ms
[260.198s][info][gc,stats    ]       Phase: Pause Relocate Start                          0.008 / 0.010         0.009 / 0.023         0.009 / 0.023         0.009 / 0.023       ms
[260.198s][info][gc,stats    ]    Subphase: Concurrent Classes Purge                      0.035 / 0.056         0.074 / 1.921         0.074 / 1.921         0.074 / 1.921       ms
[260.198s][info][gc,stats    ]    Subphase: Concurrent Classes Unlink                     8.456 / 9.416         7.185 / 15.207        7.185 / 15.207        7.185 / 15.207      ms
[260.198s][info][gc,stats    ]    Subphase: Concurrent Mark                              16.749 / 20.830       17.154 / 31.441       17.154 / 31.441       17.154 / 31.441      ms
[260.199s][info][gc,stats    ]    Subphase: Concurrent Mark Try Flush                     0.081 / 0.169         0.077 / 0.430         0.077 / 0.430         0.077 / 0.430       ms
[260.199s][info][gc,stats    ]    Subphase: Concurrent Mark Try Terminate                 1.343 / 8.534         1.545 / 15.936        1.545 / 15.936        1.545 / 15.936      ms
[260.199s][info][gc,stats    ]    Subphase: Concurrent References Enqueue                 0.006 / 0.008         0.005 / 0.010         0.005 / 0.010         0.005 / 0.010       ms
[260.199s][info][gc,stats    ]    Subphase: Concurrent References Process                 0.152 / 0.216         0.137 / 0.844         0.137 / 0.844         0.137 / 0.844       ms
[260.199s][info][gc,stats    ]    Subphase: Concurrent Roots ClassLoaderDataGraph         0.078 / 0.133         0.076 / 0.281         0.076 / 0.281         0.076 / 0.281       ms
[260.199s][info][gc,stats    ]    Subphase: Concurrent Roots CodeCache                    0.000 / 0.000         0.000 / 0.000         0.000 / 0.000         0.000 / 0.000       ms
[260.199s][info][gc,stats    ]    Subphase: Concurrent Roots JavaThreads                  1.595 / 2.278         1.516 / 4.045         1.516 / 4.045         1.516 / 4.045       ms
[260.199s][info][gc,stats    ]    Subphase: Concurrent Roots OopStorageSet                0.022 / 0.034         0.024 / 0.106         0.024 / 0.106         0.024 / 0.106       ms
[260.199s][info][gc,stats    ]    Subphase: Concurrent Weak Roots OopStorageSet           0.501 / 0.764         0.418 / 1.078         0.418 / 1.078         0.418 / 1.078       ms
[260.199s][info][gc,stats    ]    Subphase: Pause Mark Try Complete                       0.000 / 0.000         0.000 / 0.000         0.000 / 0.000         0.000 / 0.000       ms
[260.199s][info][gc,stats    ]      System: Java Threads                                     62 / 63               58 / 64               58 / 64               58 / 64          threads
[260.199s][info][gc,stats    ] =========================================================================================================================================================
[261.424s][info][gc,start    ] GC(153) Garbage Collection (System.gc())
[261.424s][info][gc,task     ] GC(153) Using 2 workers
[261.424s][info][gc,phases   ] GC(153) Pause Mark Start 0.007ms
[261.445s][info][gc,phases   ] GC(153) Concurrent Mark 20.233ms
[261.445s][info][gc,phases   ] GC(153) Pause Mark End 0.024ms
[261.445s][info][gc,phases   ] GC(153) Concurrent Mark Free 0.002ms
[261.454s][info][gc,phases   ] GC(153) Concurrent Process Non-Strong References 9.139ms
[261.454s][info][gc,phases   ] GC(153) Concurrent Reset Relocation Set 0.004ms
[261.456s][info][gc,phases   ] GC(153) Concurrent Select Relocation Set 1.983ms
[261.456s][info][gc,phases   ] GC(153) Pause Relocate Start 0.009ms
[261.457s][info][gc,phases   ] GC(153) Concurrent Relocate 0.390ms
[261.457s][info][gc,load     ] GC(153) Load: 0.00/0.00/0.00
[261.457s][info][gc,mmu      ] GC(153) MMU: 2ms/98.1%, 5ms/99.2%, 10ms/99.6%, 20ms/99.8%, 50ms/99.9%, 100ms/99.9%
[261.457s][info][gc,marking  ] GC(153) Mark: 2 stripe(s), 2 proactive flush(es), 1 terminate flush(es), 0 completion(s), 0 continuation(s) 
[261.457s][info][gc,marking  ] GC(153) Mark Stack Usage: 32M
[261.457s][info][gc,nmethod  ] GC(153) NMethods: 9968 registered, 214 unregistered
[261.457s][info][gc,metaspace] GC(153) Metaspace: 52M used, 52M committed, 1088M reserved
[261.457s][info][gc,ref      ] GC(153) Soft: 3841 encountered, 0 discovered, 0 enqueued
[261.457s][info][gc,ref      ] GC(153) Weak: 4200 encountered, 473 discovered, 31 enqueued
[261.457s][info][gc,ref      ] GC(153) Final: 37 encountered, 0 discovered, 0 enqueued
[261.457s][info][gc,ref      ] GC(153) Phantom: 291 encountered, 235 discovered, 0 enqueued
[261.457s][info][gc,reloc    ] GC(153) Small Pages: 847 / 1694M, Empty: 1570M, Relocated: 0M, In-Place: 0
[261.457s][info][gc,reloc    ] GC(153) Medium Pages: 0 / 0M, Empty: 0M, Relocated: 0M, In-Place: 0
[261.457s][info][gc,reloc    ] GC(153) Large Pages: 0 / 0M, Empty: 0M, Relocated: 0M, In-Place: 0
[261.457s][info][gc,reloc    ] GC(153) Forwarding Usage: 0M
[261.457s][info][gc,heap     ] GC(153) Min Capacity: 4096M(100%)
[261.457s][info][gc,heap     ] GC(153) Max Capacity: 4096M(100%)
[261.457s][info][gc,heap     ] GC(153) Soft Max Capacity: 4096M(100%)
[261.457s][info][gc,heap     ] GC(153)                Mark Start          Mark End        Relocate Start      Relocate End           High               Low         
[261.457s][info][gc,heap     ] GC(153)  Capacity:     4096M (100%)       4096M (100%)       4096M (100%)       4096M (100%)       4096M (100%)       4096M (100%)   
[261.457s][info][gc,heap     ] GC(153)      Free:     2402M (59%)        2388M (58%)        3958M (97%)        4056M (99%)        4056M (99%)        2388M (58%)    
[261.457s][info][gc,heap     ] GC(153)      Used:     1694M (41%)        1708M (42%)         138M (3%)           40M (1%)         1708M (42%)          40M (1%)     
[261.457s][info][gc,heap     ] GC(153)      Live:         -                20M (0%)           20M (0%)           20M (0%)             -                  -          
[261.457s][info][gc,heap     ] GC(153) Allocated:         -                14M (0%)           14M (0%)           14M (0%)             -                  -          
[261.457s][info][gc,heap     ] GC(153)   Garbage:         -              1673M (41%)         103M (3%)            5M (0%)             -                  -          
[261.457s][info][gc,heap     ] GC(153) Reclaimed:         -                  -              1570M (38%)        1668M (41%)            -                  -          
[261.457s][info][gc          ] GC(153) Garbage Collection (System.gc()) 1694M(41%)->40M(1%)
[263.202s][info][gc,start    ] GC(154) Garbage Collection (Proactive)
[263.202s][info][gc,task     ] GC(154) Using 2 workers
[263.202s][info][gc,phases   ] GC(154) Pause Mark Start 0.009ms
[263.220s][info][gc,phases   ] GC(154) Concurrent Mark 18.146ms
[263.220s][info][gc,phases   ] GC(154) Pause Mark End 0.017ms
[263.220s][info][gc,phases   ] GC(154) Concurrent Mark Free 0.000ms
[263.230s][info][gc,phases   ] GC(154) Concurrent Process Non-Strong References 10.019ms
[263.230s][info][gc,phases   ] GC(154) Concurrent Reset Relocation Set 0.004ms
[263.233s][info][gc,phases   ] GC(154) Concurrent Select Relocation Set 2.047ms
[263.233s][info][gc,phases   ] GC(154) Pause Relocate Start 0.012ms
[263.234s][info][gc,phases   ] GC(154) Concurrent Relocate 0.865ms
[263.234s][info][gc,load     ] GC(154) Load: 0.00/0.00/0.00
[263.234s][info][gc,mmu      ] GC(154) MMU: 2ms/98.1%, 5ms/99.2%, 10ms/99.6%, 20ms/99.8%, 50ms/99.9%, 100ms/99.9%
[263.234s][info][gc,marking  ] GC(154) Mark: 2 stripe(s), 2 proactive flush(es), 1 terminate flush(es), 0 completion(s), 0 continuation(s) 
[263.234s][info][gc,marking  ] GC(154) Mark Stack Usage: 32M
[263.234s][info][gc,nmethod  ] GC(154) NMethods: 9995 registered, 217 unregistered
[263.234s][info][gc,metaspace] GC(154) Metaspace: 52M used, 52M committed, 1088M reserved
[263.234s][info][gc,ref      ] GC(154) Soft: 3841 encountered, 0 discovered, 0 enqueued
[263.234s][info][gc,ref      ] GC(154) Weak: 4366 encountered, 1000 discovered, 13 enqueued
[263.234s][info][gc,ref      ] GC(154) Final: 37 encountered, 0 discovered, 0 enqueued
[263.234s][info][gc,ref      ] GC(154) Phantom: 291 encountered, 236 discovered, 0 enqueued
[263.234s][info][gc,reloc    ] GC(154) Small Pages: 958 / 1916M, Empty: 1798M, Relocated: 1M, In-Place: 0
[263.234s][info][gc,reloc    ] GC(154) Medium Pages: 0 / 0M, Empty: 0M, Relocated: 0M, In-Place: 0
[263.234s][info][gc,reloc    ] GC(154) Large Pages: 0 / 0M, Empty: 0M, Relocated: 0M, In-Place: 0
[263.234s][info][gc,reloc    ] GC(154) Forwarding Usage: 0M
[263.234s][info][gc,heap     ] GC(154) Min Capacity: 4096M(100%)
[263.234s][info][gc,heap     ] GC(154) Max Capacity: 4096M(100%)
[263.234s][info][gc,heap     ] GC(154) Soft Max Capacity: 4096M(100%)
[263.234s][info][gc,heap     ] GC(154)                Mark Start          Mark End        Relocate Start      Relocate End           High               Low         
[263.234s][info][gc,heap     ] GC(154)  Capacity:     4096M (100%)       4096M (100%)       4096M (100%)       4096M (100%)       4096M (100%)       4096M (100%)   
[263.234s][info][gc,heap     ] GC(154)      Free:     2180M (53%)        2162M (53%)        3948M (96%)        4040M (99%)        4040M (99%)        2154M (53%)    
[263.234s][info][gc,heap     ] GC(154)      Used:     1916M (47%)        1934M (47%)         148M (4%)           56M (1%)         1942M (47%)          56M (1%)     
[263.234s][info][gc,heap     ] GC(154)      Live:         -                20M (1%)           20M (1%)           20M (1%)             -                  -          
[263.234s][info][gc,heap     ] GC(154) Allocated:         -                18M (0%)           30M (1%)           29M (1%)             -                  -          
[263.234s][info][gc,heap     ] GC(154)   Garbage:         -              1895M (46%)          97M (2%)            5M (0%)             -                  -          
[263.234s][info][gc,heap     ] GC(154) Reclaimed:         -                  -              1798M (44%)        1889M (46%)            -                  -          
[263.234s][info][gc          ] GC(154) Garbage Collection (Proactive) 1916M(47%)->56M(1%)
[265.005s][info][gc,start    ] GC(155) Garbage Collection (Proactive)
[265.005s][info][gc,task     ] GC(155) Using 2 workers
[265.005s][info][gc,phases   ] GC(155) Pause Mark Start 0.005ms
[265.027s][info][gc,phases   ] GC(155) Concurrent Mark 22.123ms
[265.027s][info][gc,phases   ] GC(155) Pause Mark End 0.025ms
[265.027s][info][gc,phases   ] GC(155) Concurrent Mark Free 0.003ms
[265.036s][info][gc,phases   ] GC(155) Concurrent Process Non-Strong References 8.870ms
[265.036s][info][gc,phases   ] GC(155) Concurrent Reset Relocation Set 0.004ms
[265.038s][info][gc,phases   ] GC(155) Concurrent Select Relocation Set 1.537ms
[265.038s][info][gc,phases   ] GC(155) Pause Relocate Start 0.009ms
[265.038s][info][gc,phases   ] GC(155) Concurrent Relocate 0.448ms
[265.038s][info][gc,load     ] GC(155) Load: 0.00/0.00/0.00
[265.038s][info][gc,mmu      ] GC(155) MMU: 2ms/98.1%, 5ms/99.2%, 10ms/99.6%, 20ms/99.8%, 50ms/99.9%, 100ms/99.9%
[265.038s][info][gc,marking  ] GC(155) Mark: 2 stripe(s), 2 proactive flush(es), 1 terminate flush(es), 0 completion(s), 0 continuation(s) 
[265.038s][info][gc,marking  ] GC(155) Mark Stack Usage: 32M
[265.038s][info][gc,nmethod  ] GC(155) NMethods: 10003 registered, 217 unregistered
[265.038s][info][gc,metaspace] GC(155) Metaspace: 52M used, 52M committed, 1088M reserved
[265.038s][info][gc,ref      ] GC(155) Soft: 3841 encountered, 0 discovered, 0 enqueued
[265.038s][info][gc,ref      ] GC(155) Weak: 4200 encountered, 940 discovered, 30 enqueued
[265.038s][info][gc,ref      ] GC(155) Final: 37 encountered, 0 discovered, 0 enqueued
[265.038s][info][gc,ref      ] GC(155) Phantom: 291 encountered, 236 discovered, 0 enqueued
[265.038s][info][gc,reloc    ] GC(155) Small Pages: 980 / 1960M, Empty: 1814M, Relocated: 0M, In-Place: 0
[265.038s][info][gc,reloc    ] GC(155) Medium Pages: 0 / 0M, Empty: 0M, Relocated: 0M, In-Place: 0
[265.038s][info][gc,reloc    ] GC(155) Large Pages: 0 / 0M, Empty: 0M, Relocated: 0M, In-Place: 0
[265.038s][info][gc,reloc    ] GC(155) Forwarding Usage: 0M
[265.038s][info][gc,heap     ] GC(155) Min Capacity: 4096M(100%)
[265.038s][info][gc,heap     ] GC(155) Max Capacity: 4096M(100%)
[265.038s][info][gc,heap     ] GC(155) Soft Max Capacity: 4096M(100%)
[265.038s][info][gc,heap     ] GC(155)                Mark Start          Mark End        Relocate Start      Relocate End           High               Low         
[265.038s][info][gc,heap     ] GC(155)  Capacity:     4096M (100%)       4096M (100%)       4096M (100%)       4096M (100%)       4096M (100%)       4096M (100%)   
[265.038s][info][gc,heap     ] GC(155)      Free:     2136M (52%)        2122M (52%)        3936M (96%)        4056M (99%)        4056M (99%)        2122M (52%)    
[265.038s][info][gc,heap     ] GC(155)      Used:     1960M (48%)        1974M (48%)         160M (4%)           40M (1%)         1974M (48%)          40M (1%)     
[265.038s][info][gc,heap     ] GC(155)      Live:         -                20M (0%)           20M (0%)           20M (0%)             -                  -          
[265.038s][info][gc,heap     ] GC(155) Allocated:         -                14M (0%)           14M (0%)           14M (0%)             -                  -          
[265.038s][info][gc,heap     ] GC(155)   Garbage:         -              1939M (47%)         125M (3%)            5M (0%)             -                  -          
[265.039s][info][gc,heap     ] GC(155) Reclaimed:         -                  -              1814M (44%)        1934M (47%)            -                  -          
[265.039s][info][gc          ] GC(155) Garbage Collection (Proactive) 1960M(48%)->40M(1%)
[265.039s][info][gc,start    ] GC(156) Garbage Collection (System.gc())
[265.039s][info][gc,task     ] GC(156) Using 2 workers
[265.039s][info][gc,phases   ] GC(156) Pause Mark Start 0.005ms
[265.067s][info][gc,phases   ] GC(156) Concurrent Mark 27.992ms
[265.067s][info][gc,phases   ] GC(156) Pause Mark End 0.027ms
[265.067s][info][gc,phases   ] GC(156) Concurrent Mark Free 0.002ms
[265.077s][info][gc,phases   ] GC(156) Concurrent Process Non-Strong References 10.261ms
[265.077s][info][gc,phases   ] GC(156) Concurrent Reset Relocation Set 0.004ms
[265.079s][info][gc,phases   ] GC(156) Concurrent Select Relocation Set 1.403ms
[265.079s][info][gc,phases   ] GC(156) Pause Relocate Start 0.007ms
[265.079s][info][gc,phases   ] GC(156) Concurrent Relocate 0.483ms
[265.079s][info][gc,load     ] GC(156) Load: 0.00/0.00/0.00
[265.079s][info][gc,mmu      ] GC(156) MMU: 2ms/98.1%, 5ms/99.2%, 10ms/99.6%, 20ms/99.8%, 50ms/99.9%, 100ms/99.9%
[265.079s][info][gc,marking  ] GC(156) Mark: 2 stripe(s), 2 proactive flush(es), 1 terminate flush(es), 0 completion(s), 0 continuation(s) 
[265.079s][info][gc,marking  ] GC(156) Mark Stack Usage: 32M
[265.079s][info][gc,nmethod  ] GC(156) NMethods: 10000 registered, 220 unregistered
[265.079s][info][gc,metaspace] GC(156) Metaspace: 52M used, 52M committed, 1088M reserved
[265.079s][info][gc,ref      ] GC(156) Soft: 3841 encountered, 0 discovered, 0 enqueued
[265.079s][info][gc,ref      ] GC(156) Weak: 4269 encountered, 383 discovered, 2 enqueued
[265.079s][info][gc,ref      ] GC(156) Final: 37 encountered, 0 discovered, 0 enqueued
[265.079s][info][gc,ref      ] GC(156) Phantom: 291 encountered, 237 discovered, 0 enqueued
[265.079s][info][gc,reloc    ] GC(156) Small Pages: 20 / 40M, Empty: 0M, Relocated: 0M, In-Place: 0
[265.079s][info][gc,reloc    ] GC(156) Medium Pages: 0 / 0M, Empty: 0M, Relocated: 0M, In-Place: 0
[265.079s][info][gc,reloc    ] GC(156) Large Pages: 0 / 0M, Empty: 0M, Relocated: 0M, In-Place: 0
[265.079s][info][gc,reloc    ] GC(156) Forwarding Usage: 0M
[265.079s][info][gc,heap     ] GC(156) Min Capacity: 4096M(100%)
[265.080s][info][gc,heap     ] GC(156) Max Capacity: 4096M(100%)
[265.080s][info][gc,heap     ] GC(156) Soft Max Capacity: 4096M(100%)
[265.080s][info][gc,heap     ] GC(156)                Mark Start          Mark End        Relocate Start      Relocate End           High               Low         
[265.080s][info][gc,heap     ] GC(156)  Capacity:     4096M (100%)       4096M (100%)       4096M (100%)       4096M (100%)       4096M (100%)       4096M (100%)   
[265.080s][info][gc,heap     ] GC(156)      Free:     4056M (99%)        4054M (99%)        4054M (99%)        4068M (99%)        4068M (99%)        4052M (99%)    
[265.080s][info][gc,heap     ] GC(156)      Used:       40M (1%)           42M (1%)           42M (1%)           28M (1%)           44M (1%)           28M (1%)     
[265.080s][info][gc,heap     ] GC(156)      Live:         -                20M (0%)           20M (0%)           20M (0%)             -                  -          
[265.080s][info][gc,heap     ] GC(156) Allocated:         -                 2M (0%)            2M (0%)            2M (0%)             -                  -          
[265.080s][info][gc,heap     ] GC(156)   Garbage:         -                19M (0%)           19M (0%)            5M (0%)             -                  -          
[265.080s][info][gc,heap     ] GC(156) Reclaimed:         -                  -                 0M (0%)           14M (0%)             -                  -          
[265.080s][info][gc          ] GC(156) Garbage Collection (System.gc()) 40M(1%)->28M(1%)
[267.598s][info][gc,start    ] GC(157) Garbage Collection (Proactive)
[267.598s][info][gc,task     ] GC(157) Using 2 workers
[267.598s][info][gc,phases   ] GC(157) Pause Mark Start 0.009ms
[267.617s][info][gc,phases   ] GC(157) Concurrent Mark 18.881ms
[267.617s][info][gc,phases   ] GC(157) Pause Mark End 0.018ms
[267.617s][info][gc,phases   ] GC(157) Concurrent Mark Free 0.001ms
[267.627s][info][gc,phases   ] GC(157) Concurrent Process Non-Strong References 10.244ms
[267.627s][info][gc,phases   ] GC(157) Concurrent Reset Relocation Set 0.001ms
[267.629s][info][gc,phases   ] GC(157) Concurrent Select Relocation Set 2.075ms
[267.629s][info][gc,phases   ] GC(157) Pause Relocate Start 0.009ms
[267.630s][info][gc,phases   ] GC(157) Concurrent Relocate 0.871ms
[267.630s][info][gc,load     ] GC(157) Load: 0.00/0.00/0.00
[267.630s][info][gc,mmu      ] GC(157) MMU: 2ms/98.1%, 5ms/99.2%, 10ms/99.6%, 20ms/99.8%, 50ms/99.9%, 100ms/99.9%
[267.630s][info][gc,marking  ] GC(157) Mark: 2 stripe(s), 2 proactive flush(es), 1 terminate flush(es), 0 completion(s), 0 continuation(s) 
[267.630s][info][gc,marking  ] GC(157) Mark Stack Usage: 32M
[267.630s][info][gc,nmethod  ] GC(157) NMethods: 10020 registered, 225 unregistered
[267.630s][info][gc,metaspace] GC(157) Metaspace: 52M used, 52M committed, 1088M reserved
[267.631s][info][gc,ref      ] GC(157) Soft: 3841 encountered, 0 discovered, 0 enqueued
[267.631s][info][gc,ref      ] GC(157) Weak: 4365 encountered, 785 discovered, 12 enqueued
[267.631s][info][gc,ref      ] GC(157) Final: 37 encountered, 0 discovered, 0 enqueued
[267.631s][info][gc,ref      ] GC(157) Phantom: 291 encountered, 235 discovered, 0 enqueued
[267.631s][info][gc,reloc    ] GC(157) Small Pages: 1377 / 2754M, Empty: 2630M, Relocated: 1M, In-Place: 0
[267.631s][info][gc,reloc    ] GC(157) Medium Pages: 0 / 0M, Empty: 0M, Relocated: 0M, In-Place: 0
[267.631s][info][gc,reloc    ] GC(157) Large Pages: 0 / 0M, Empty: 0M, Relocated: 0M, In-Place: 0
[267.631s][info][gc,reloc    ] GC(157) Forwarding Usage: 0M
[267.631s][info][gc,heap     ] GC(157) Min Capacity: 4096M(100%)
[267.631s][info][gc,heap     ] GC(157) Max Capacity: 4096M(100%)
[267.631s][info][gc,heap     ] GC(157) Soft Max Capacity: 4096M(100%)
[267.631s][info][gc,heap     ] GC(157)                Mark Start          Mark End        Relocate Start      Relocate End           High               Low         
[267.631s][info][gc,heap     ] GC(157)  Capacity:     4096M (100%)       4096M (100%)       4096M (100%)       4096M (100%)       4096M (100%)       4096M (100%)   
[267.631s][info][gc,heap     ] GC(157)      Free:     1342M (33%)        1322M (32%)        3944M (96%)        4040M (99%)        4040M (99%)        1316M (32%)    
[267.631s][info][gc,heap     ] GC(157)      Used:     2754M (67%)        2774M (68%)         152M (4%)           56M (1%)         2780M (68%)          56M (1%)     
[267.631s][info][gc,heap     ] GC(157)      Live:         -                20M (1%)           20M (1%)           20M (1%)             -                  -          
[267.631s][info][gc,heap     ] GC(157) Allocated:         -                20M (0%)           28M (1%)           29M (1%)             -                  -          
[267.631s][info][gc,heap     ] GC(157)   Garbage:         -              2733M (67%)         103M (3%)            5M (0%)             -                  -          
[267.631s][info][gc,heap     ] GC(157) Reclaimed:         -                  -              2630M (64%)        2727M (67%)            -                  -          
[267.631s][info][gc          ] GC(157) Garbage Collection (Proactive) 2754M(67%)->56M(1%)
[268.611s][info][gc,start    ] GC(158) Garbage Collection (System.gc())
[268.611s][info][gc,task     ] GC(158) Using 2 workers
[268.611s][info][gc,phases   ] GC(158) Pause Mark Start 0.006ms
[268.636s][info][gc,phases   ] GC(158) Concurrent Mark 25.500ms
[268.637s][info][gc,phases   ] GC(158) Pause Mark End 0.025ms
[268.637s][info][gc,phases   ] GC(158) Concurrent Mark Free 0.002ms
[268.645s][info][gc,phases   ] GC(158) Concurrent Process Non-Strong References 8.306ms
[268.645s][info][gc,phases   ] GC(158) Concurrent Reset Relocation Set 0.004ms
[268.647s][info][gc,phases   ] GC(158) Concurrent Select Relocation Set 2.051ms
[268.647s][info][gc,phases   ] GC(158) Pause Relocate Start 0.007ms
[268.648s][info][gc,phases   ] GC(158) Concurrent Relocate 0.367ms
[268.648s][info][gc,load     ] GC(158) Load: 0.00/0.00/0.00
[268.648s][info][gc,mmu      ] GC(158) MMU: 2ms/98.1%, 5ms/99.2%, 10ms/99.6%, 20ms/99.8%, 50ms/99.9%, 100ms/99.9%
[268.648s][info][gc,marking  ] GC(158) Mark: 2 stripe(s), 2 proactive flush(es), 1 terminate flush(es), 0 completion(s), 0 continuation(s) 
[268.648s][info][gc,marking  ] GC(158) Mark Stack Usage: 32M
[268.648s][info][gc,nmethod  ] GC(158) NMethods: 10021 registered, 225 unregistered
[268.648s][info][gc,metaspace] GC(158) Metaspace: 52M used, 52M committed, 1088M reserved
[268.648s][info][gc,ref      ] GC(158) Soft: 3841 encountered, 0 discovered, 0 enqueued
[268.648s][info][gc,ref      ] GC(158) Weak: 4205 encountered, 424 discovered, 31 enqueued
[268.648s][info][gc,ref      ] GC(158) Final: 37 encountered, 0 discovered, 0 enqueued
[268.648s][info][gc,ref      ] GC(158) Phantom: 291 encountered, 237 discovered, 0 enqueued
[268.648s][info][gc,reloc    ] GC(158) Small Pages: 556 / 1112M, Empty: 986M, Relocated: 0M, In-Place: 0
[268.648s][info][gc,reloc    ] GC(158) Medium Pages: 0 / 0M, Empty: 0M, Relocated: 0M, In-Place: 0
[268.648s][info][gc,reloc    ] GC(158) Large Pages: 0 / 0M, Empty: 0M, Relocated: 0M, In-Place: 0
[268.648s][info][gc,reloc    ] GC(158) Forwarding Usage: 0M
[268.648s][info][gc,heap     ] GC(158) Min Capacity: 4096M(100%)
[268.648s][info][gc,heap     ] GC(158) Max Capacity: 4096M(100%)
[268.648s][info][gc,heap     ] GC(158) Soft Max Capacity: 4096M(100%)
[268.648s][info][gc,heap     ] GC(158)                Mark Start          Mark End        Relocate Start      Relocate End           High               Low         
[268.648s][info][gc,heap     ] GC(158)  Capacity:     4096M (100%)       4096M (100%)       4096M (100%)       4096M (100%)       4096M (100%)       4096M (100%)   
[268.648s][info][gc,heap     ] GC(158)      Free:     2984M (73%)        2972M (73%)        3958M (97%)        4058M (99%)        4058M (99%)        2972M (73%)    
[268.648s][info][gc,heap     ] GC(158)      Used:     1112M (27%)        1124M (27%)         138M (3%)           38M (1%)         1124M (27%)          38M (1%)     
[268.648s][info][gc,heap     ] GC(158)      Live:         -                20M (0%)           20M (0%)           20M (0%)             -                  -          
[268.648s][info][gc,heap     ] GC(158) Allocated:         -                12M (0%)           12M (0%)           12M (0%)             -                  -          
[268.648s][info][gc,heap     ] GC(158)   Garbage:         -              1091M (27%)         105M (3%)            5M (0%)             -                  -          
[268.648s][info][gc,heap     ] GC(158) Reclaimed:         -                  -               986M (24%)        1086M (27%)            -                  -          
[268.648s][info][gc          ] GC(158) Garbage Collection (System.gc()) 1112M(27%)->38M(1%)
[270.198s][info][gc,stats    ] === Garbage Collection Statistics =======================================================================================================================
[270.198s][info][gc,stats    ]                                                              Last 10s              Last 10m              Last 10h                Total
[270.198s][info][gc,stats    ]                                                              Avg / Max             Avg / Max             Avg / Max             Avg / Max
[270.198s][info][gc,stats    ]   Collector: Garbage Collection Cycle                     34.821 / 40.878       32.653 / 62.948       32.653 / 62.948       32.653 / 62.948      ms
[270.198s][info][gc,stats    ]  Contention: Mark Segment Reset Contention                     0 / 1                 0 / 2                 0 / 2                 0 / 2           ops/s
[270.198s][info][gc,stats    ]  Contention: Mark SeqNum Reset Contention                      0 / 1                 0 / 2                 0 / 2                 0 / 2           ops/s
[270.198s][info][gc,stats    ]    Critical: Allocation Stall                                  0 / 0                 0 / 0                 0 / 0                 0 / 0           ops/s
[270.198s][info][gc,stats    ]    Critical: Allocation Stall                              0.000 / 0.000         0.000 / 0.000         0.000 / 0.000         0.000 / 0.000       ms
[270.198s][info][gc,stats    ]    Critical: GC Locker Stall                                   0 / 0                 0 / 0                 0 / 0                 0 / 0           ops/s
[270.198s][info][gc,stats    ]    Critical: GC Locker Stall                               0.000 / 0.000         0.000 / 0.000         0.000 / 0.000         0.000 / 0.000       ms
[270.198s][info][gc,stats    ]    Critical: Relocation Stall                                  0 / 0                 0 / 0                 0 / 0                 0 / 0           ops/s
[270.198s][info][gc,stats    ]    Critical: Relocation Stall                              0.000 / 0.000         0.000 / 0.000         0.000 / 0.000         0.000 / 0.000       ms
[270.198s][info][gc,stats    ]      Memory: Allocation Rate                                1068 / 1116           1014 / 1120           1014 / 1120           1014 / 1120        MB/s
[270.198s][info][gc,stats    ]      Memory: Defragment                                        0 / 0                 0 / 0                 0 / 0                 0 / 0           ops/s
[270.198s][info][gc,stats    ]      Memory: Out Of Memory                                     0 / 0                 0 / 0                 0 / 0                 0 / 0           ops/s
[270.198s][info][gc,stats    ]      Memory: Page Cache Flush                                  0 / 0                 0 / 0                 0 / 0                 0 / 0           MB/s
[270.198s][info][gc,stats    ]      Memory: Page Cache Hit L1                               535 / 558             502 / 560             502 / 560             502 / 560         ops/s
[270.198s][info][gc,stats    ]      Memory: Page Cache Hit L2                                 0 / 0                 0 / 0                 0 / 0                 0 / 0           ops/s
[270.198s][info][gc,stats    ]      Memory: Page Cache Hit L3                                 0 / 0                 6 / 295               6 / 295               6 / 295         ops/s
[270.198s][info][gc,stats    ]      Memory: Page Cache Miss                                   0 / 0                 0 / 1                 0 / 1                 0 / 1           ops/s
[270.198s][info][gc,stats    ]      Memory: Uncommit                                          0 / 0                 0 / 0                 0 / 0                 0 / 0           MB/s
[270.198s][info][gc,stats    ]      Memory: Undo Object Allocation Failed                     0 / 0                 0 / 1                 0 / 1                 0 / 1           ops/s
[270.198s][info][gc,stats    ]      Memory: Undo Object Allocation Succeeded                  0 / 2                 2 / 42                2 / 42                2 / 42          ops/s
[270.198s][info][gc,stats    ]      Memory: Undo Page Allocation                              0 / 2                 1 / 8                 1 / 8                 1 / 8           ops/s
[270.198s][info][gc,stats    ]       Phase: Concurrent Mark                              22.146 / 27.992       20.968 / 33.521       20.968 / 33.521       20.968 / 33.521      ms
[270.198s][info][gc,stats    ]       Phase: Concurrent Mark Continue                      0.000 / 0.000         0.000 / 0.000         0.000 / 0.000         0.000 / 0.000       ms
[270.198s][info][gc,stats    ]       Phase: Concurrent Mark Free                          0.002 / 0.003         0.001 / 0.004         0.001 / 0.004         0.001 / 0.004       ms
[270.198s][info][gc,stats    ]       Phase: Concurrent Process Non-Strong References      9.473 / 10.261        8.071 / 21.700        8.071 / 21.700        8.071 / 21.700      ms
[270.198s][info][gc,stats    ]       Phase: Concurrent Relocate                           0.571 / 0.871         0.735 / 5.848         0.735 / 5.848         0.735 / 5.848       ms
[270.198s][info][gc,stats    ]       Phase: Concurrent Reset Relocation Set               0.003 / 0.004         0.004 / 0.010         0.004 / 0.010         0.004 / 0.010       ms
[270.198s][info][gc,stats    ]       Phase: Concurrent Select Relocation Set              1.849 / 2.075         2.033 / 5.959         2.033 / 5.959         2.033 / 5.959       ms
[270.198s][info][gc,stats    ]       Phase: Pause Mark End                                0.023 / 0.027         0.020 / 0.038         0.020 / 0.038         0.020 / 0.038       ms
[270.198s][info][gc,stats    ]       Phase: Pause Mark Start                              0.007 / 0.009         0.008 / 0.022         0.008 / 0.022         0.008 / 0.022       ms
[270.198s][info][gc,stats    ]       Phase: Pause Relocate Start                          0.009 / 0.012         0.009 / 0.023         0.009 / 0.023         0.009 / 0.023       ms
[270.198s][info][gc,stats    ]    Subphase: Concurrent Classes Purge                      0.023 / 0.044         0.072 / 1.921         0.072 / 1.921         0.072 / 1.921       ms
[270.198s][info][gc,stats    ]    Subphase: Concurrent Classes Unlink                     8.555 / 9.413         7.236 / 15.207        7.236 / 15.207        7.236 / 15.207      ms
[270.199s][info][gc,stats    ]    Subphase: Concurrent Mark                              17.148 / 25.786       17.154 / 31.441       17.154 / 31.441       17.154 / 31.441      ms
[270.199s][info][gc,stats    ]    Subphase: Concurrent Mark Try Flush                     0.068 / 0.142         0.077 / 0.430         0.077 / 0.430         0.077 / 0.430       ms
[270.199s][info][gc,stats    ]    Subphase: Concurrent Mark Try Terminate                 2.339 / 14.703        1.575 / 15.936        1.575 / 15.936        1.575 / 15.936      ms
[270.199s][info][gc,stats    ]    Subphase: Concurrent References Enqueue                 0.006 / 0.007         0.005 / 0.010         0.005 / 0.010         0.005 / 0.010       ms
[270.199s][info][gc,stats    ]    Subphase: Concurrent References Process                 0.165 / 0.266         0.138 / 0.844         0.138 / 0.844         0.138 / 0.844       ms
[270.199s][info][gc,stats    ]    Subphase: Concurrent Roots ClassLoaderDataGraph         0.071 / 0.126         0.075 / 0.281         0.075 / 0.281         0.075 / 0.281       ms
[270.199s][info][gc,stats    ]    Subphase: Concurrent Roots CodeCache                    0.000 / 0.000         0.000 / 0.000         0.000 / 0.000         0.000 / 0.000       ms
[270.199s][info][gc,stats    ]    Subphase: Concurrent Roots JavaThreads                  1.489 / 2.022         1.515 / 4.045         1.515 / 4.045         1.515 / 4.045       ms
[270.199s][info][gc,stats    ]    Subphase: Concurrent Roots OopStorageSet                0.021 / 0.029         0.024 / 0.106         0.024 / 0.106         0.024 / 0.106       ms
[270.199s][info][gc,stats    ]    Subphase: Concurrent Weak Roots OopStorageSet           0.521 / 0.769         0.421 / 1.078         0.421 / 1.078         0.421 / 1.078       ms
[270.199s][info][gc,stats    ]    Subphase: Pause Mark Try Complete                       0.000 / 0.000         0.000 / 0.000         0.000 / 0.000         0.000 / 0.000       ms
[270.199s][info][gc,stats    ]      System: Java Threads                                     63 / 64               58 / 64               58 / 64               58 / 64          threads
[270.199s][info][gc,stats    ] =========================================================================================================================================================
[270.898s][info][gc,start    ] GC(159) Garbage Collection (Proactive)
[270.898s][info][gc,task     ] GC(159) Using 2 workers
[270.898s][info][gc,phases   ] GC(159) Pause Mark Start 0.009ms
[270.918s][info][gc,phases   ] GC(159) Concurrent Mark 19.538ms
[270.918s][info][gc,phases   ] GC(159) Pause Mark End 0.018ms
[270.918s][info][gc,phases   ] GC(159) Concurrent Mark Free 0.001ms
[270.928s][info][gc,phases   ] GC(159) Concurrent Process Non-Strong References 10.111ms
[270.928s][info][gc,phases   ] GC(159) Concurrent Reset Relocation Set 0.005ms
[270.930s][info][gc,phases   ] GC(159) Concurrent Select Relocation Set 2.168ms
[270.930s][info][gc,phases   ] GC(159) Pause Relocate Start 0.009ms
[270.931s][info][gc,phases   ] GC(159) Concurrent Relocate 0.881ms
[270.931s][info][gc,load     ] GC(159) Load: 0.00/0.00/0.00
[270.931s][info][gc,mmu      ] GC(159) MMU: 2ms/98.1%, 5ms/99.2%, 10ms/99.6%, 20ms/99.8%, 50ms/99.9%, 100ms/99.9%
[270.931s][info][gc,marking  ] GC(159) Mark: 2 stripe(s), 2 proactive flush(es), 1 terminate flush(es), 0 completion(s), 0 continuation(s) 
[270.931s][info][gc,marking  ] GC(159) Mark Stack Usage: 32M
[270.931s][info][gc,nmethod  ] GC(159) NMethods: 10058 registered, 226 unregistered
[270.931s][info][gc,metaspace] GC(159) Metaspace: 52M used, 52M committed, 1088M reserved
[270.931s][info][gc,ref      ] GC(159) Soft: 3841 encountered, 0 discovered, 0 enqueued
[270.931s][info][gc,ref      ] GC(159) Weak: 4366 encountered, 830 discovered, 13 enqueued
[270.931s][info][gc,ref      ] GC(159) Final: 37 encountered, 0 discovered, 0 enqueued
[270.931s][info][gc,ref      ] GC(159) Phantom: 291 encountered, 237 discovered, 0 enqueued
[270.931s][info][gc,reloc    ] GC(159) Small Pages: 1223 / 2446M, Empty: 2328M, Relocated: 1M, In-Place: 0
[270.931s][info][gc,reloc    ] GC(159) Medium Pages: 0 / 0M, Empty: 0M, Relocated: 0M, In-Place: 0
[270.931s][info][gc,reloc    ] GC(159) Large Pages: 0 / 0M, Empty: 0M, Relocated: 0M, In-Place: 0
[270.931s][info][gc,reloc    ] GC(159) Forwarding Usage: 0M
[270.932s][info][gc,heap     ] GC(159) Min Capacity: 4096M(100%)
[270.932s][info][gc,heap     ] GC(159) Max Capacity: 4096M(100%)
[270.932s][info][gc,heap     ] GC(159) Soft Max Capacity: 4096M(100%)
[270.932s][info][gc,heap     ] GC(159)                Mark Start          Mark End        Relocate Start      Relocate End           High               Low         
[270.932s][info][gc,heap     ] GC(159)  Capacity:     4096M (100%)       4096M (100%)       4096M (100%)       4096M (100%)       4096M (100%)       4096M (100%)   
[270.932s][info][gc,heap     ] GC(159)      Free:     1650M (40%)        1632M (40%)        3954M (97%)        4046M (99%)        4046M (99%)        1626M (40%)    
[270.932s][info][gc,heap     ] GC(159)      Used:     2446M (60%)        2464M (60%)         142M (3%)           50M (1%)         2470M (60%)          50M (1%)     
[270.932s][info][gc,heap     ] GC(159)      Live:         -                20M (1%)           20M (1%)           20M (1%)             -                  -          
[270.932s][info][gc,heap     ] GC(159) Allocated:         -                18M (0%)           24M (1%)           23M (1%)             -                  -          
[270.932s][info][gc,heap     ] GC(159)   Garbage:         -              2425M (59%)          97M (2%)            5M (0%)             -                  -          
[270.932s][info][gc,heap     ] GC(159) Reclaimed:         -                  -              2328M (57%)        2419M (59%)            -                  -          
[270.932s][info][gc          ] GC(159) Garbage Collection (Proactive) 2446M(60%)->50M(1%)
[272.244s][info][gc,start    ] GC(160) Garbage Collection (System.gc())
[272.244s][info][gc,task     ] GC(160) Using 2 workers
[272.244s][info][gc,phases   ] GC(160) Pause Mark Start 0.008ms
[272.266s][info][gc,phases   ] GC(160) Concurrent Mark 21.995ms
[272.267s][info][gc,phases   ] GC(160) Pause Mark End 0.032ms
[272.267s][info][gc,phases   ] GC(160) Concurrent Mark Free 0.003ms
[272.275s][info][gc,phases   ] GC(160) Concurrent Process Non-Strong References 8.403ms
[272.275s][info][gc,phases   ] GC(160) Concurrent Reset Relocation Set 0.004ms
[272.277s][info][gc,phases   ] GC(160) Concurrent Select Relocation Set 2.072ms
[272.277s][info][gc,phases   ] GC(160) Pause Relocate Start 0.007ms
[272.278s][info][gc,phases   ] GC(160) Concurrent Relocate 0.633ms
[272.278s][info][gc,load     ] GC(160) Load: 0.00/0.00/0.00
[272.278s][info][gc,mmu      ] GC(160) MMU: 2ms/98.1%, 5ms/99.2%, 10ms/99.6%, 20ms/99.8%, 50ms/99.9%, 100ms/99.9%
[272.278s][info][gc,marking  ] GC(160) Mark: 2 stripe(s), 2 proactive flush(es), 1 terminate flush(es), 0 completion(s), 0 continuation(s) 
[272.278s][info][gc,marking  ] GC(160) Mark Stack Usage: 32M
[272.278s][info][gc,nmethod  ] GC(160) NMethods: 10061 registered, 227 unregistered
[272.278s][info][gc,metaspace] GC(160) Metaspace: 52M used, 52M committed, 1088M reserved
[272.278s][info][gc,ref      ] GC(160) Soft: 3841 encountered, 0 discovered, 0 enqueued
[272.278s][info][gc,ref      ] GC(160) Weak: 4200 encountered, 285 discovered, 31 enqueued
[272.278s][info][gc,ref      ] GC(160) Final: 37 encountered, 0 discovered, 0 enqueued
[272.278s][info][gc,ref      ] GC(160) Phantom: 291 encountered, 236 discovered, 0 enqueued
[272.278s][info][gc,reloc    ] GC(160) Small Pages: 715 / 1430M, Empty: 1312M, Relocated: 0M, In-Place: 0
[272.278s][info][gc,reloc    ] GC(160) Medium Pages: 0 / 0M, Empty: 0M, Relocated: 0M, In-Place: 0
[272.278s][info][gc,reloc    ] GC(160) Large Pages: 0 / 0M, Empty: 0M, Relocated: 0M, In-Place: 0
[272.278s][info][gc,reloc    ] GC(160) Forwarding Usage: 0M
[272.278s][info][gc,heap     ] GC(160) Min Capacity: 4096M(100%)
[272.278s][info][gc,heap     ] GC(160) Max Capacity: 4096M(100%)
[272.278s][info][gc,heap     ] GC(160) Soft Max Capacity: 4096M(100%)
[272.278s][info][gc,heap     ] GC(160)                Mark Start          Mark End        Relocate Start      Relocate End           High               Low         
[272.278s][info][gc,heap     ] GC(160)  Capacity:     4096M (100%)       4096M (100%)       4096M (100%)       4096M (100%)       4096M (100%)       4096M (100%)   
[272.278s][info][gc,heap     ] GC(160)      Free:     2666M (65%)        2652M (65%)        3964M (97%)        4056M (99%)        4056M (99%)        2652M (65%)    
[272.278s][info][gc,heap     ] GC(160)      Used:     1430M (35%)        1444M (35%)         132M (3%)           40M (1%)         1444M (35%)          40M (1%)     
[272.278s][info][gc,heap     ] GC(160)      Live:         -                20M (0%)           20M (0%)           20M (0%)             -                  -          
[272.278s][info][gc,heap     ] GC(160) Allocated:         -                14M (0%)           14M (0%)           14M (0%)             -                  -          
[272.278s][info][gc,heap     ] GC(160)   Garbage:         -              1409M (34%)          97M (2%)            5M (0%)             -                  -          
[272.278s][info][gc,heap     ] GC(160) Reclaimed:         -                  -              1312M (32%)        1404M (34%)            -                  -          
[272.278s][info][gc          ] GC(160) Garbage Collection (System.gc()) 1430M(35%)->40M(1%)
[274.198s][info][gc,start    ] GC(161) Garbage Collection (Proactive)
[274.198s][info][gc,task     ] GC(161) Using 2 workers
[274.198s][info][gc,phases   ] GC(161) Pause Mark Start 0.009ms
[274.230s][info][gc,phases   ] GC(161) Concurrent Mark 32.046ms
[274.230s][info][gc,phases   ] GC(161) Pause Mark End 0.020ms
[274.230s][info][gc,phases   ] GC(161) Concurrent Mark Free 0.001ms
[274.240s][info][gc,phases   ] GC(161) Concurrent Process Non-Strong References 9.763ms
[274.240s][info][gc,phases   ] GC(161) Concurrent Reset Relocation Set 0.004ms
[274.242s][info][gc,phases   ] GC(161) Concurrent Select Relocation Set 2.058ms
[274.242s][info][gc,phases   ] GC(161) Pause Relocate Start 0.007ms
[274.243s][info][gc,phases   ] GC(161) Concurrent Relocate 0.809ms
[274.243s][info][gc,load     ] GC(161) Load: 0.00/0.00/0.00
[274.243s][info][gc,mmu      ] GC(161) MMU: 2ms/98.1%, 5ms/99.2%, 10ms/99.6%, 20ms/99.8%, 50ms/99.9%, 100ms/99.9%
[274.243s][info][gc,marking  ] GC(161) Mark: 2 stripe(s), 2 proactive flush(es), 1 terminate flush(es), 0 completion(s), 0 continuation(s) 
[274.243s][info][gc,marking  ] GC(161) Mark Stack Usage: 32M
[274.243s][info][gc,nmethod  ] GC(161) NMethods: 10072 registered, 229 unregistered
[274.243s][info][gc,metaspace] GC(161) Metaspace: 52M used, 52M committed, 1088M reserved
[274.243s][info][gc,ref      ] GC(161) Soft: 3841 encountered, 0 discovered, 0 enqueued
[274.243s][info][gc,ref      ] GC(161) Weak: 4366 encountered, 875 discovered, 13 enqueued
[274.243s][info][gc,ref      ] GC(161) Final: 37 encountered, 0 discovered, 0 enqueued
[274.243s][info][gc,ref      ] GC(161) Phantom: 291 encountered, 235 discovered, 0 enqueued
[274.243s][info][gc,reloc    ] GC(161) Small Pages: 1040 / 2080M, Empty: 1962M, Relocated: 1M, In-Place: 0
[274.243s][info][gc,reloc    ] GC(161) Medium Pages: 0 / 0M, Empty: 0M, Relocated: 0M, In-Place: 0
[274.243s][info][gc,reloc    ] GC(161) Large Pages: 0 / 0M, Empty: 0M, Relocated: 0M, In-Place: 0
[274.243s][info][gc,reloc    ] GC(161) Forwarding Usage: 0M
[274.243s][info][gc,heap     ] GC(161) Min Capacity: 4096M(100%)
[274.243s][info][gc,heap     ] GC(161) Max Capacity: 4096M(100%)
[274.243s][info][gc,heap     ] GC(161) Soft Max Capacity: 4096M(100%)
[274.243s][info][gc,heap     ] GC(161)                Mark Start          Mark End        Relocate Start      Relocate End           High               Low         
[274.243s][info][gc,heap     ] GC(161)  Capacity:     4096M (100%)       4096M (100%)       4096M (100%)       4096M (100%)       4096M (100%)       4096M (100%)   
[274.243s][info][gc,heap     ] GC(161)      Free:     2016M (49%)        1980M (48%)        3936M (96%)        4026M (98%)        4026M (98%)        1976M (48%)    
[274.243s][info][gc,heap     ] GC(161)      Used:     2080M (51%)        2116M (52%)         160M (4%)           70M (2%)         2120M (52%)          70M (2%)     
[274.243s][info][gc,heap     ] GC(161)      Live:         -                20M (1%)           20M (1%)           20M (1%)             -                  -          
[274.243s][info][gc,heap     ] GC(161) Allocated:         -                36M (1%)           42M (1%)           43M (1%)             -                  -          
[274.244s][info][gc,heap     ] GC(161)   Garbage:         -              2059M (50%)          97M (2%)            5M (0%)             -                  -          
[274.244s][info][gc,heap     ] GC(161) Reclaimed:         -                  -              1962M (48%)        2053M (50%)            -                  -          
[274.244s][info][gc          ] GC(161) Garbage Collection (Proactive) 2080M(51%)->70M(2%)
[276.101s][info][gc,start    ] GC(162) Garbage Collection (System.gc())
[276.101s][info][gc,task     ] GC(162) Using 2 workers
[276.101s][info][gc,phases   ] GC(162) Pause Mark Start 0.009ms
[276.121s][info][gc,phases   ] GC(162) Concurrent Mark 20.082ms
[276.121s][info][gc,phases   ] GC(162) Pause Mark End 0.027ms
[276.121s][info][gc,phases   ] GC(162) Concurrent Mark Free 0.002ms
[276.130s][info][gc,phases   ] GC(162) Concurrent Process Non-Strong References 9.116ms
[276.131s][info][gc,phases   ] GC(162) Concurrent Reset Relocation Set 0.003ms
[276.132s][info][gc,phases   ] GC(162) Concurrent Select Relocation Set 1.392ms
[276.132s][info][gc,phases   ] GC(162) Pause Relocate Start 0.009ms
[276.132s][info][gc,phases   ] GC(162) Concurrent Relocate 0.391ms
[276.132s][info][gc,load     ] GC(162) Load: 0.00/0.00/0.00
[276.132s][info][gc,mmu      ] GC(162) MMU: 2ms/98.1%, 5ms/99.2%, 10ms/99.6%, 20ms/99.8%, 50ms/99.9%, 100ms/99.9%
[276.132s][info][gc,marking  ] GC(162) Mark: 2 stripe(s), 2 proactive flush(es), 1 terminate flush(es), 0 completion(s), 0 continuation(s) 
[276.132s][info][gc,marking  ] GC(162) Mark Stack Usage: 32M
[276.133s][info][gc,nmethod  ] GC(162) NMethods: 10076 registered, 229 unregistered
[276.133s][info][gc,metaspace] GC(162) Metaspace: 52M used, 52M committed, 1088M reserved
[276.133s][info][gc,ref      ] GC(162) Soft: 3841 encountered, 0 discovered, 0 enqueued
[276.133s][info][gc,ref      ] GC(162) Weak: 4200 encountered, 477 discovered, 31 enqueued
[276.133s][info][gc,ref      ] GC(162) Final: 37 encountered, 2 discovered, 0 enqueued
[276.133s][info][gc,ref      ] GC(162) Phantom: 291 encountered, 237 discovered, 0 enqueued
[276.133s][info][gc,reloc    ] GC(162) Small Pages: 899 / 1798M, Empty: 1658M, Relocated: 0M, In-Place: 0
[276.133s][info][gc,reloc    ] GC(162) Medium Pages: 0 / 0M, Empty: 0M, Relocated: 0M, In-Place: 0
[276.133s][info][gc,reloc    ] GC(162) Large Pages: 0 / 0M, Empty: 0M, Relocated: 0M, In-Place: 0
[276.133s][info][gc,reloc    ] GC(162) Forwarding Usage: 0M
[276.133s][info][gc,heap     ] GC(162) Min Capacity: 4096M(100%)
[276.133s][info][gc,heap     ] GC(162) Max Capacity: 4096M(100%)
[276.133s][info][gc,heap     ] GC(162) Soft Max Capacity: 4096M(100%)
[276.133s][info][gc,heap     ] GC(162)                Mark Start          Mark End        Relocate Start      Relocate End           High               Low         
[276.133s][info][gc,heap     ] GC(162)  Capacity:     4096M (100%)       4096M (100%)       4096M (100%)       4096M (100%)       4096M (100%)       4096M (100%)   
[276.133s][info][gc,heap     ] GC(162)      Free:     2298M (56%)        2286M (56%)        3944M (96%)        4058M (99%)        4058M (99%)        2286M (56%)    
[276.133s][info][gc,heap     ] GC(162)      Used:     1798M (44%)        1810M (44%)         152M (4%)           38M (1%)         1810M (44%)          38M (1%)     
[276.133s][info][gc,heap     ] GC(162)      Live:         -                20M (0%)           20M (0%)           20M (0%)             -                  -          
[276.133s][info][gc,heap     ] GC(162) Allocated:         -                12M (0%)           12M (0%)           12M (0%)             -                  -          
[276.133s][info][gc,heap     ] GC(162)   Garbage:         -              1777M (43%)         119M (3%)            5M (0%)             -                  -          
[276.133s][info][gc,heap     ] GC(162) Reclaimed:         -                  -              1658M (40%)        1772M (43%)            -                  -          
[276.133s][info][gc          ] GC(162) Garbage Collection (System.gc()) 1798M(44%)->38M(1%)
[278.798s][info][gc,start    ] GC(163) Garbage Collection (Proactive)
[278.798s][info][gc,task     ] GC(163) Using 2 workers
[278.798s][info][gc,phases   ] GC(163) Pause Mark Start 0.009ms
[278.817s][info][gc,phases   ] GC(163) Concurrent Mark 18.863ms
[278.817s][info][gc,phases   ] GC(163) Pause Mark End 0.016ms
[278.817s][info][gc,phases   ] GC(163) Concurrent Mark Free 0.000ms
[278.827s][info][gc,phases   ] GC(163) Concurrent Process Non-Strong References 9.760ms
[278.827s][info][gc,phases   ] GC(163) Concurrent Reset Relocation Set 0.005ms
[278.829s][info][gc,phases   ] GC(163) Concurrent Select Relocation Set 2.103ms
[278.829s][info][gc,phases   ] GC(163) Pause Relocate Start 0.009ms
[278.830s][info][gc,phases   ] GC(163) Concurrent Relocate 0.922ms
[278.830s][info][gc,load     ] GC(163) Load: 0.00/0.00/0.00
[278.830s][info][gc,mmu      ] GC(163) MMU: 2ms/98.1%, 5ms/99.2%, 10ms/99.6%, 20ms/99.8%, 50ms/99.9%, 100ms/99.9%
[278.830s][info][gc,marking  ] GC(163) Mark: 2 stripe(s), 2 proactive flush(es), 1 terminate flush(es), 0 completion(s), 0 continuation(s) 
[278.830s][info][gc,marking  ] GC(163) Mark Stack Usage: 32M
[278.830s][info][gc,nmethod  ] GC(163) NMethods: 10083 registered, 232 unregistered
[278.830s][info][gc,metaspace] GC(163) Metaspace: 52M used, 52M committed, 1088M reserved
[278.830s][info][gc,ref      ] GC(163) Soft: 3841 encountered, 0 discovered, 0 enqueued
[278.830s][info][gc,ref      ] GC(163) Weak: 4366 encountered, 792 discovered, 13 enqueued
[278.830s][info][gc,ref      ] GC(163) Final: 37 encountered, 0 discovered, 0 enqueued
[278.830s][info][gc,ref      ] GC(163) Phantom: 291 encountered, 235 discovered, 0 enqueued
[278.830s][info][gc,reloc    ] GC(163) Small Pages: 1375 / 2750M, Empty: 2614M, Relocated: 1M, In-Place: 0
[278.830s][info][gc,reloc    ] GC(163) Medium Pages: 0 / 0M, Empty: 0M, Relocated: 0M, In-Place: 0
[278.830s][info][gc,reloc    ] GC(163) Large Pages: 0 / 0M, Empty: 0M, Relocated: 0M, In-Place: 0
[278.830s][info][gc,reloc    ] GC(163) Forwarding Usage: 0M
[278.830s][info][gc,heap     ] GC(163) Min Capacity: 4096M(100%)
[278.830s][info][gc,heap     ] GC(163) Max Capacity: 4096M(100%)
[278.830s][info][gc,heap     ] GC(163) Soft Max Capacity: 4096M(100%)
[278.830s][info][gc,heap     ] GC(163)                Mark Start          Mark End        Relocate Start      Relocate End           High               Low         
[278.830s][info][gc,heap     ] GC(163)  Capacity:     4096M (100%)       4096M (100%)       4096M (100%)       4096M (100%)       4096M (100%)       4096M (100%)   
[278.830s][info][gc,heap     ] GC(163)      Free:     1346M (33%)        1326M (32%)        3934M (96%)        4042M (99%)        4042M (99%)        1322M (32%)    
[278.830s][info][gc,heap     ] GC(163)      Used:     2750M (67%)        2770M (68%)         162M (4%)           54M (1%)         2774M (68%)          54M (1%)     
[278.830s][info][gc,heap     ] GC(163)      Live:         -                20M (1%)           20M (1%)           20M (1%)             -                  -          
[278.830s][info][gc,heap     ] GC(163) Allocated:         -                20M (0%)           26M (1%)           27M (1%)             -                  -          
[278.830s][info][gc,heap     ] GC(163)   Garbage:         -              2729M (67%)         115M (3%)            5M (0%)             -                  -          
[278.830s][info][gc,heap     ] GC(163) Reclaimed:         -                  -              2614M (64%)        2723M (67%)            -                  -          
[278.830s][info][gc          ] GC(163) Garbage Collection (Proactive) 2750M(67%)->54M(1%)
[279.851s][info][gc,start    ] GC(164) Garbage Collection (System.gc())
[279.851s][info][gc,task     ] GC(164) Using 2 workers
[279.851s][info][gc,phases   ] GC(164) Pause Mark Start 0.009ms
[279.872s][info][gc,phases   ] GC(164) Concurrent Mark 20.363ms
[279.872s][info][gc,phases   ] GC(164) Pause Mark End 0.025ms
[279.872s][info][gc,phases   ] GC(164) Concurrent Mark Free 0.003ms
[279.881s][info][gc,phases   ] GC(164) Concurrent Process Non-Strong References 8.820ms
[279.881s][info][gc,phases   ] GC(164) Concurrent Reset Relocation Set 0.005ms
[279.883s][info][gc,phases   ] GC(164) Concurrent Select Relocation Set 1.918ms
[279.883s][info][gc,phases   ] GC(164) Pause Relocate Start 0.007ms
[279.883s][info][gc,phases   ] GC(164) Concurrent Relocate 0.351ms
[279.883s][info][gc,load     ] GC(164) Load: 0.00/0.00/0.00
[279.883s][info][gc,mmu      ] GC(164) MMU: 2ms/98.1%, 5ms/99.2%, 10ms/99.6%, 20ms/99.8%, 50ms/99.9%, 100ms/99.9%
[279.883s][info][gc,marking  ] GC(164) Mark: 2 stripe(s), 2 proactive flush(es), 1 terminate flush(es), 0 completion(s), 0 continuation(s) 
[279.883s][info][gc,marking  ] GC(164) Mark Stack Usage: 32M
[279.883s][info][gc,nmethod  ] GC(164) NMethods: 10085 registered, 232 unregistered
[279.883s][info][gc,metaspace] GC(164) Metaspace: 52M used, 52M committed, 1088M reserved
[279.883s][info][gc,ref      ] GC(164) Soft: 3841 encountered, 0 discovered, 0 enqueued
[279.883s][info][gc,ref      ] GC(164) Weak: 4208 encountered, 701 discovered, 31 enqueued
[279.883s][info][gc,ref      ] GC(164) Final: 37 encountered, 1 discovered, 0 enqueued
[279.883s][info][gc,ref      ] GC(164) Phantom: 291 encountered, 234 discovered, 0 enqueued
[279.883s][info][gc,reloc    ] GC(164) Small Pages: 565 / 1130M, Empty: 994M, Relocated: 0M, In-Place: 0
[279.883s][info][gc,reloc    ] GC(164) Medium Pages: 0 / 0M, Empty: 0M, Relocated: 0M, In-Place: 0
[279.883s][info][gc,reloc    ] GC(164) Large Pages: 0 / 0M, Empty: 0M, Relocated: 0M, In-Place: 0
[279.883s][info][gc,reloc    ] GC(164) Forwarding Usage: 0M
[279.883s][info][gc,heap     ] GC(164) Min Capacity: 4096M(100%)
[279.883s][info][gc,heap     ] GC(164) Max Capacity: 4096M(100%)
[279.883s][info][gc,heap     ] GC(164) Soft Max Capacity: 4096M(100%)
[279.883s][info][gc,heap     ] GC(164)                Mark Start          Mark End        Relocate Start      Relocate End           High               Low         
[279.883s][info][gc,heap     ] GC(164)  Capacity:     4096M (100%)       4096M (100%)       4096M (100%)       4096M (100%)       4096M (100%)       4096M (100%)   
[279.883s][info][gc,heap     ] GC(164)      Free:     2966M (72%)        2954M (72%)        3948M (96%)        4058M (99%)        4058M (99%)        2954M (72%)    
[279.883s][info][gc,heap     ] GC(164)      Used:     1130M (28%)        1142M (28%)         148M (4%)           38M (1%)         1142M (28%)          38M (1%)     
[279.883s][info][gc,heap     ] GC(164)      Live:         -                20M (0%)           20M (0%)           20M (0%)             -                  -          
[279.883s][info][gc,heap     ] GC(164) Allocated:         -                12M (0%)           12M (0%)           12M (0%)             -                  -          
[279.883s][info][gc,heap     ] GC(164)   Garbage:         -              1109M (27%)         115M (3%)            5M (0%)             -                  -          
[279.884s][info][gc,heap     ] GC(164) Reclaimed:         -                  -               994M (24%)        1104M (27%)            -                  -          
[279.884s][info][gc          ] GC(164) Garbage Collection (System.gc()) 1130M(28%)->38M(1%)
[280.198s][info][gc,stats    ] === Garbage Collection Statistics =======================================================================================================================
[280.198s][info][gc,stats    ]                                                              Last 10s              Last 10m              Last 10h                Total
[280.198s][info][gc,stats    ]                                                              Avg / Max             Avg / Max             Avg / Max             Avg / Max
[280.198s][info][gc,stats    ]   Collector: Garbage Collection Cycle                     34.868 / 45.454       32.734 / 62.948       32.734 / 62.948       32.734 / 62.948      ms
[280.198s][info][gc,stats    ]  Contention: Mark Segment Reset Contention                     0 / 1                 0 / 2                 0 / 2                 0 / 2           ops/s
[280.198s][info][gc,stats    ]  Contention: Mark SeqNum Reset Contention                      0 / 1                 0 / 2                 0 / 2                 0 / 2           ops/s
[280.198s][info][gc,stats    ]    Critical: Allocation Stall                                  0 / 0                 0 / 0                 0 / 0                 0 / 0           ops/s
[280.198s][info][gc,stats    ]    Critical: Allocation Stall                              0.000 / 0.000         0.000 / 0.000         0.000 / 0.000         0.000 / 0.000       ms
[280.198s][info][gc,stats    ]    Critical: GC Locker Stall                                   0 / 0                 0 / 0                 0 / 0                 0 / 0           ops/s
[280.198s][info][gc,stats    ]    Critical: GC Locker Stall                               0.000 / 0.000         0.000 / 0.000         0.000 / 0.000         0.000 / 0.000       ms
[280.198s][info][gc,stats    ]    Critical: Relocation Stall                                  0 / 0                 0 / 0                 0 / 0                 0 / 0           ops/s
[280.198s][info][gc,stats    ]    Critical: Relocation Stall                              0.000 / 0.000         0.000 / 0.000         0.000 / 0.000         0.000 / 0.000       ms
[280.198s][info][gc,stats    ]      Memory: Allocation Rate                                1017 / 1074           1014 / 1120           1014 / 1120           1014 / 1120        MB/s
[280.198s][info][gc,stats    ]      Memory: Defragment                                        0 / 0                 0 / 0                 0 / 0                 0 / 0           ops/s
[280.198s][info][gc,stats    ]      Memory: Out Of Memory                                     0 / 0                 0 / 0                 0 / 0                 0 / 0           ops/s
[280.198s][info][gc,stats    ]      Memory: Page Cache Flush                                  0 / 0                 0 / 0                 0 / 0                 0 / 0           MB/s
[280.198s][info][gc,stats    ]      Memory: Page Cache Hit L1                               510 / 537             502 / 560             502 / 560             502 / 560         ops/s
[280.198s][info][gc,stats    ]      Memory: Page Cache Hit L2                                 0 / 0                 0 / 0                 0 / 0                 0 / 0           ops/s
[280.198s][info][gc,stats    ]      Memory: Page Cache Hit L3                                 0 / 0                 5 / 295               5 / 295               5 / 295         ops/s
[280.198s][info][gc,stats    ]      Memory: Page Cache Miss                                   0 / 0                 0 / 1                 0 / 1                 0 / 1           ops/s
[280.198s][info][gc,stats    ]      Memory: Uncommit                                          0 / 0                 0 / 0                 0 / 0                 0 / 0           MB/s
[280.198s][info][gc,stats    ]      Memory: Undo Object Allocation Failed                     0 / 0                 0 / 1                 0 / 1                 0 / 1           ops/s
[280.198s][info][gc,stats    ]      Memory: Undo Object Allocation Succeeded                  1 / 8                 2 / 42                2 / 42                2 / 42          ops/s
[280.198s][info][gc,stats    ]      Memory: Undo Page Allocation                              1 / 4                 1 / 8                 1 / 8                 1 / 8           ops/s
[280.198s][info][gc,stats    ]       Phase: Concurrent Mark                              22.148 / 32.046       21.011 / 33.521       21.011 / 33.521       21.011 / 33.521      ms
[280.198s][info][gc,stats    ]       Phase: Concurrent Mark Continue                      0.000 / 0.000         0.000 / 0.000         0.000 / 0.000         0.000 / 0.000       ms
[280.198s][info][gc,stats    ]       Phase: Concurrent Mark Free                          0.002 / 0.003         0.001 / 0.004         0.001 / 0.004         0.001 / 0.004       ms
[280.198s][info][gc,stats    ]       Phase: Concurrent Process Non-Strong References      9.329 / 10.111        8.116 / 21.700        8.116 / 21.700        8.116 / 21.700      ms
[280.198s][info][gc,stats    ]       Phase: Concurrent Relocate                           0.664 / 0.922         0.732 / 5.848         0.732 / 5.848         0.732 / 5.848       ms
[280.198s][info][gc,stats    ]       Phase: Concurrent Reset Relocation Set               0.004 / 0.005         0.004 / 0.010         0.004 / 0.010         0.004 / 0.010       ms
[280.198s][info][gc,stats    ]       Phase: Concurrent Select Relocation Set              1.952 / 2.168         2.030 / 5.959         2.030 / 5.959         2.030 / 5.959       ms
[280.198s][info][gc,stats    ]       Phase: Pause Mark End                                0.023 / 0.032         0.020 / 0.038         0.020 / 0.038         0.020 / 0.038       ms
[280.198s][info][gc,stats    ]       Phase: Pause Mark Start                              0.009 / 0.009         0.008 / 0.022         0.008 / 0.022         0.008 / 0.022       ms
[280.198s][info][gc,stats    ]       Phase: Pause Relocate Start                          0.008 / 0.009         0.009 / 0.023         0.009 / 0.023         0.009 / 0.023       ms
[280.198s][info][gc,stats    ]    Subphase: Concurrent Classes Purge                      0.021 / 0.029         0.070 / 1.921         0.070 / 1.921         0.070 / 1.921       ms
[280.198s][info][gc,stats    ]    Subphase: Concurrent Classes Unlink                     8.583 / 9.474         7.285 / 15.207        7.285 / 15.207        7.285 / 15.207      ms
[280.198s][info][gc,stats    ]    Subphase: Concurrent Mark                              17.555 / 30.695       17.168 / 31.441       17.168 / 31.441       17.168 / 31.441      ms
[280.198s][info][gc,stats    ]    Subphase: Concurrent Mark Try Flush                     0.075 / 0.179         0.077 / 0.430         0.077 / 0.430         0.077 / 0.430       ms
[280.198s][info][gc,stats    ]    Subphase: Concurrent Mark Try Terminate                 2.122 / 16.378        1.595 / 16.378        1.595 / 16.378        1.595 / 16.378      ms
[280.198s][info][gc,stats    ]    Subphase: Concurrent References Enqueue                 0.005 / 0.007         0.005 / 0.010         0.005 / 0.010         0.005 / 0.010       ms
[280.198s][info][gc,stats    ]    Subphase: Concurrent References Process                 0.137 / 0.194         0.138 / 0.844         0.138 / 0.844         0.138 / 0.844       ms
[280.198s][info][gc,stats    ]    Subphase: Concurrent Roots ClassLoaderDataGraph         0.085 / 0.306         0.076 / 0.306         0.076 / 0.306         0.076 / 0.306       ms
[280.198s][info][gc,stats    ]    Subphase: Concurrent Roots CodeCache                    0.000 / 0.000         0.000 / 0.000         0.000 / 0.000         0.000 / 0.000       ms
[280.198s][info][gc,stats    ]    Subphase: Concurrent Roots JavaThreads                  1.423 / 1.807         1.511 / 4.045         1.511 / 4.045         1.511 / 4.045       ms
[280.198s][info][gc,stats    ]    Subphase: Concurrent Roots OopStorageSet                0.025 / 0.052         0.024 / 0.106         0.024 / 0.106         0.024 / 0.106       ms
[280.198s][info][gc,stats    ]    Subphase: Concurrent Weak Roots OopStorageSet           0.412 / 0.750         0.421 / 1.078         0.421 / 1.078         0.421 / 1.078       ms
[280.198s][info][gc,stats    ]    Subphase: Pause Mark Try Complete                       0.000 / 0.000         0.000 / 0.000         0.000 / 0.000         0.000 / 0.000       ms
[280.198s][info][gc,stats    ]      System: Java Threads                                     63 / 63               59 / 64               59 / 64               59 / 64          threads
[280.198s][info][gc,stats    ] =========================================================================================================================================================
[281.798s][info][gc,start    ] GC(165) Garbage Collection (Proactive)
[281.798s][info][gc,task     ] GC(165) Using 2 workers
[281.798s][info][gc,phases   ] GC(165) Pause Mark Start 0.008ms
[281.816s][info][gc,phases   ] GC(165) Concurrent Mark 18.594ms
[281.817s][info][gc,phases   ] GC(165) Pause Mark End 0.016ms
[281.817s][info][gc,phases   ] GC(165) Concurrent Mark Free 0.001ms
[281.827s][info][gc,phases   ] GC(165) Concurrent Process Non-Strong References 9.939ms
[281.827s][info][gc,phases   ] GC(165) Concurrent Reset Relocation Set 0.005ms
[281.829s][info][gc,phases   ] GC(165) Concurrent Select Relocation Set 2.201ms
[281.829s][info][gc,phases   ] GC(165) Pause Relocate Start 0.010ms
[281.830s][info][gc,phases   ] GC(165) Concurrent Relocate 0.823ms
[281.830s][info][gc,load     ] GC(165) Load: 0.00/0.00/0.00
[281.830s][info][gc,mmu      ] GC(165) MMU: 2ms/98.1%, 5ms/99.2%, 10ms/99.6%, 20ms/99.8%, 50ms/99.9%, 100ms/99.9%
[281.830s][info][gc,marking  ] GC(165) Mark: 2 stripe(s), 2 proactive flush(es), 1 terminate flush(es), 0 completion(s), 0 continuation(s) 
[281.830s][info][gc,marking  ] GC(165) Mark Stack Usage: 32M
[281.830s][info][gc,nmethod  ] GC(165) NMethods: 10089 registered, 237 unregistered
[281.830s][info][gc,metaspace] GC(165) Metaspace: 52M used, 52M committed, 1088M reserved
[281.830s][info][gc,ref      ] GC(165) Soft: 3841 encountered, 0 discovered, 0 enqueued
[281.830s][info][gc,ref      ] GC(165) Weak: 4366 encountered, 974 discovered, 13 enqueued
[281.830s][info][gc,ref      ] GC(165) Final: 37 encountered, 0 discovered, 0 enqueued
[281.830s][info][gc,ref      ] GC(165) Phantom: 291 encountered, 236 discovered, 0 enqueued
[281.830s][info][gc,reloc    ] GC(165) Small Pages: 1051 / 2102M, Empty: 1986M, Relocated: 1M, In-Place: 0
[281.830s][info][gc,reloc    ] GC(165) Medium Pages: 0 / 0M, Empty: 0M, Relocated: 0M, In-Place: 0
[281.830s][info][gc,reloc    ] GC(165) Large Pages: 0 / 0M, Empty: 0M, Relocated: 0M, In-Place: 0
[281.830s][info][gc,reloc    ] GC(165) Forwarding Usage: 0M
[281.830s][info][gc,heap     ] GC(165) Min Capacity: 4096M(100%)
[281.830s][info][gc,heap     ] GC(165) Max Capacity: 4096M(100%)
[281.830s][info][gc,heap     ] GC(165) Soft Max Capacity: 4096M(100%)
[281.830s][info][gc,heap     ] GC(165)                Mark Start          Mark End        Relocate Start      Relocate End           High               Low         
[281.830s][info][gc,heap     ] GC(165)  Capacity:     4096M (100%)       4096M (100%)       4096M (100%)       4096M (100%)       4096M (100%)       4096M (100%)   
[281.830s][info][gc,heap     ] GC(165)      Free:     1994M (49%)        1974M (48%)        3950M (96%)        4038M (99%)        4038M (99%)        1968M (48%)    
[281.830s][info][gc,heap     ] GC(165)      Used:     2102M (51%)        2122M (52%)         146M (4%)           58M (1%)         2128M (52%)          58M (1%)     
[281.830s][info][gc,heap     ] GC(165)      Live:         -                20M (1%)           20M (1%)           20M (1%)             -                  -          
[281.830s][info][gc,heap     ] GC(165) Allocated:         -                20M (0%)           30M (1%)           31M (1%)             -                  -          
[281.830s][info][gc,heap     ] GC(165)   Garbage:         -              2081M (51%)          95M (2%)            5M (0%)             -                  -          
[281.830s][info][gc,heap     ] GC(165) Reclaimed:         -                  -              1986M (48%)        2075M (51%)            -                  -          
[281.830s][info][gc          ] GC(165) Garbage Collection (Proactive) 2102M(51%)->58M(1%)
[283.426s][info][gc,start    ] GC(166) Garbage Collection (System.gc())
[283.426s][info][gc,task     ] GC(166) Using 2 workers
[283.426s][info][gc,phases   ] GC(166) Pause Mark Start 0.005ms
[283.457s][info][gc,phases   ] GC(166) Concurrent Mark 30.848ms
[283.459s][info][gc,phases   ] GC(166) Pause Mark End 0.016ms
[283.459s][info][gc,phases   ] GC(166) Concurrent Mark Free 0.002ms
[283.467s][info][gc,phases   ] GC(166) Concurrent Process Non-Strong References 7.783ms
[283.467s][info][gc,phases   ] GC(166) Concurrent Reset Relocation Set 0.004ms
[283.469s][info][gc,phases   ] GC(166) Concurrent Select Relocation Set 2.111ms
[283.469s][info][gc,phases   ] GC(166) Pause Relocate Start 0.007ms
[283.470s][info][gc,phases   ] GC(166) Concurrent Relocate 0.372ms
[283.470s][info][gc,load     ] GC(166) Load: 0.00/0.00/0.00
[283.470s][info][gc,mmu      ] GC(166) MMU: 2ms/98.1%, 5ms/99.2%, 10ms/99.6%, 20ms/99.8%, 50ms/99.9%, 100ms/99.9%
[283.470s][info][gc,marking  ] GC(166) Mark: 2 stripe(s), 2 proactive flush(es), 1 terminate flush(es), 0 completion(s), 0 continuation(s) 
[283.470s][info][gc,marking  ] GC(166) Mark Stack Usage: 32M
[283.470s][info][gc,nmethod  ] GC(166) NMethods: 10091 registered, 237 unregistered
[283.470s][info][gc,metaspace] GC(166) Metaspace: 52M used, 52M committed, 1088M reserved
[283.470s][info][gc,ref      ] GC(166) Soft: 3841 encountered, 0 discovered, 0 enqueued
[283.470s][info][gc,ref      ] GC(166) Weak: 4200 encountered, 652 discovered, 31 enqueued
[283.470s][info][gc,ref      ] GC(166) Final: 37 encountered, 4 discovered, 0 enqueued
[283.470s][info][gc,ref      ] GC(166) Phantom: 291 encountered, 235 discovered, 0 enqueued
[283.470s][info][gc,reloc    ] GC(166) Small Pages: 887 / 1774M, Empty: 1642M, Relocated: 0M, In-Place: 0
[283.470s][info][gc,reloc    ] GC(166) Medium Pages: 0 / 0M, Empty: 0M, Relocated: 0M, In-Place: 0
[283.470s][info][gc,reloc    ] GC(166) Large Pages: 0 / 0M, Empty: 0M, Relocated: 0M, In-Place: 0
[283.470s][info][gc,reloc    ] GC(166) Forwarding Usage: 0M
[283.470s][info][gc,heap     ] GC(166) Min Capacity: 4096M(100%)
[283.470s][info][gc,heap     ] GC(166) Max Capacity: 4096M(100%)
[283.470s][info][gc,heap     ] GC(166) Soft Max Capacity: 4096M(100%)
[283.470s][info][gc,heap     ] GC(166)                Mark Start          Mark End        Relocate Start      Relocate End           High               Low         
[283.470s][info][gc,heap     ] GC(166)  Capacity:     4096M (100%)       4096M (100%)       4096M (100%)       4096M (100%)       4096M (100%)       4096M (100%)   
[283.470s][info][gc,heap     ] GC(166)      Free:     2322M (57%)        2306M (56%)        3948M (96%)        4054M (99%)        4054M (99%)        2306M (56%)    
[283.470s][info][gc,heap     ] GC(166)      Used:     1774M (43%)        1790M (44%)         148M (4%)           42M (1%)         1790M (44%)          42M (1%)     
[283.470s][info][gc,heap     ] GC(166)      Live:         -                20M (0%)           20M (0%)           20M (0%)             -                  -          
[283.470s][info][gc,heap     ] GC(166) Allocated:         -                16M (0%)           16M (0%)           16M (0%)             -                  -          
[283.470s][info][gc,heap     ] GC(166)   Garbage:         -              1753M (43%)         111M (3%)            5M (0%)             -                  -          
[283.470s][info][gc,heap     ] GC(166) Reclaimed:         -                  -              1642M (40%)        1748M (43%)            -                  -          
[283.470s][info][gc          ] GC(166) Garbage Collection (System.gc()) 1774M(43%)->42M(1%)
[286.398s][info][gc,start    ] GC(167) Garbage Collection (Proactive)
[286.398s][info][gc,task     ] GC(167) Using 2 workers
[286.398s][info][gc,phases   ] GC(167) Pause Mark Start 0.009ms
[286.417s][info][gc,phases   ] GC(167) Concurrent Mark 18.327ms
[286.417s][info][gc,phases   ] GC(167) Pause Mark End 0.016ms
[286.417s][info][gc,phases   ] GC(167) Concurrent Mark Free 0.001ms
[286.427s][info][gc,phases   ] GC(167) Concurrent Process Non-Strong References 10.227ms
[286.427s][info][gc,phases   ] GC(167) Concurrent Reset Relocation Set 0.004ms
[286.429s][info][gc,phases   ] GC(167) Concurrent Select Relocation Set 2.107ms
[286.429s][info][gc,phases   ] GC(167) Pause Relocate Start 0.009ms
[286.430s][info][gc,phases   ] GC(167) Concurrent Relocate 0.837ms
[286.430s][info][gc,load     ] GC(167) Load: 0.00/0.00/0.00
[286.430s][info][gc,mmu      ] GC(167) MMU: 2ms/98.1%, 5ms/99.2%, 10ms/99.6%, 20ms/99.8%, 50ms/99.9%, 100ms/99.9%
[286.430s][info][gc,marking  ] GC(167) Mark: 2 stripe(s), 2 proactive flush(es), 1 terminate flush(es), 0 completion(s), 0 continuation(s) 
[286.430s][info][gc,marking  ] GC(167) Mark Stack Usage: 32M
[286.430s][info][gc,nmethod  ] GC(167) NMethods: 10092 registered, 242 unregistered
[286.430s][info][gc,metaspace] GC(167) Metaspace: 52M used, 52M committed, 1088M reserved
[286.430s][info][gc,ref      ] GC(167) Soft: 3841 encountered, 0 discovered, 0 enqueued
[286.430s][info][gc,ref      ] GC(167) Weak: 4366 encountered, 550 discovered, 13 enqueued
[286.430s][info][gc,ref      ] GC(167) Final: 37 encountered, 0 discovered, 0 enqueued
[286.430s][info][gc,ref      ] GC(167) Phantom: 291 encountered, 237 discovered, 0 enqueued
[286.430s][info][gc,reloc    ] GC(167) Small Pages: 1598 / 3196M, Empty: 3054M, Relocated: 1M, In-Place: 0
[286.430s][info][gc,reloc    ] GC(167) Medium Pages: 0 / 0M, Empty: 0M, Relocated: 0M, In-Place: 0
[286.430s][info][gc,reloc    ] GC(167) Large Pages: 0 / 0M, Empty: 0M, Relocated: 0M, In-Place: 0
[286.430s][info][gc,reloc    ] GC(167) Forwarding Usage: 0M
[286.430s][info][gc,heap     ] GC(167) Min Capacity: 4096M(100%)
[286.430s][info][gc,heap     ] GC(167) Max Capacity: 4096M(100%)
[286.430s][info][gc,heap     ] GC(167) Soft Max Capacity: 4096M(100%)
[286.430s][info][gc,heap     ] GC(167)                Mark Start          Mark End        Relocate Start      Relocate End           High               Low         
[286.430s][info][gc,heap     ] GC(167)  Capacity:     4096M (100%)       4096M (100%)       4096M (100%)       4096M (100%)       4096M (100%)       4096M (100%)   
[286.430s][info][gc,heap     ] GC(167)      Free:      900M (22%)         882M (22%)        3928M (96%)        4042M (99%)        4042M (99%)         874M (21%)    
[286.430s][info][gc,heap     ] GC(167)      Used:     3196M (78%)        3214M (78%)         168M (4%)           54M (1%)         3222M (79%)          54M (1%)     
[286.430s][info][gc,heap     ] GC(167)      Live:         -                20M (1%)           20M (1%)           20M (1%)             -                  -          
[286.430s][info][gc,heap     ] GC(167) Allocated:         -                18M (0%)           26M (1%)           27M (1%)             -                  -          
[286.430s][info][gc,heap     ] GC(167)   Garbage:         -              3175M (78%)         121M (3%)            5M (0%)             -                  -          
[286.430s][info][gc,heap     ] GC(167) Reclaimed:         -                  -              3054M (75%)        3169M (77%)            -                  -          
[286.430s][info][gc          ] GC(167) Garbage Collection (Proactive) 3196M(78%)->54M(1%)
[287.030s][info][gc,start    ] GC(168) Garbage Collection (System.gc())
[287.030s][info][gc,task     ] GC(168) Using 2 workers
[287.030s][info][gc,phases   ] GC(168) Pause Mark Start 0.007ms
[287.046s][info][gc,phases   ] GC(168) Concurrent Mark 15.081ms
[287.046s][info][gc,phases   ] GC(168) Pause Mark End 0.015ms
[287.046s][info][gc,phases   ] GC(168) Concurrent Mark Free 0.002ms
[287.054s][info][gc,phases   ] GC(168) Concurrent Process Non-Strong References 8.239ms
[287.054s][info][gc,phases   ] GC(168) Concurrent Reset Relocation Set 0.004ms
[287.056s][info][gc,phases   ] GC(168) Concurrent Select Relocation Set 1.724ms
[287.056s][info][gc,phases   ] GC(168) Pause Relocate Start 0.007ms
[287.056s][info][gc,phases   ] GC(168) Concurrent Relocate 0.380ms
[287.056s][info][gc,load     ] GC(168) Load: 0.00/0.00/0.00
[287.056s][info][gc,mmu      ] GC(168) MMU: 2ms/98.1%, 5ms/99.2%, 10ms/99.6%, 20ms/99.8%, 50ms/99.9%, 100ms/99.9%
[287.056s][info][gc,marking  ] GC(168) Mark: 2 stripe(s), 2 proactive flush(es), 1 terminate flush(es), 0 completion(s), 0 continuation(s) 
[287.056s][info][gc,marking  ] GC(168) Mark Stack Usage: 32M
[287.056s][info][gc,nmethod  ] GC(168) NMethods: 10093 registered, 243 unregistered
[287.056s][info][gc,metaspace] GC(168) Metaspace: 52M used, 52M committed, 1088M reserved
[287.056s][info][gc,ref      ] GC(168) Soft: 3841 encountered, 0 discovered, 0 enqueued
[287.056s][info][gc,ref      ] GC(168) Weak: 4200 encountered, 804 discovered, 31 enqueued
[287.056s][info][gc,ref      ] GC(168) Final: 37 encountered, 0 discovered, 0 enqueued
[287.056s][info][gc,ref      ] GC(168) Phantom: 291 encountered, 236 discovered, 0 enqueued
[287.056s][info][gc,reloc    ] GC(168) Small Pages: 340 / 680M, Empty: 552M, Relocated: 0M, In-Place: 0
[287.056s][info][gc,reloc    ] GC(168) Medium Pages: 0 / 0M, Empty: 0M, Relocated: 0M, In-Place: 0
[287.056s][info][gc,reloc    ] GC(168) Large Pages: 0 / 0M, Empty: 0M, Relocated: 0M, In-Place: 0
[287.056s][info][gc,reloc    ] GC(168) Forwarding Usage: 0M
[287.056s][info][gc,heap     ] GC(168) Min Capacity: 4096M(100%)
[287.056s][info][gc,heap     ] GC(168) Max Capacity: 4096M(100%)
[287.056s][info][gc,heap     ] GC(168) Soft Max Capacity: 4096M(100%)
[287.056s][info][gc,heap     ] GC(168)                Mark Start          Mark End        Relocate Start      Relocate End           High               Low         
[287.056s][info][gc,heap     ] GC(168)  Capacity:     4096M (100%)       4096M (100%)       4096M (100%)       4096M (100%)       4096M (100%)       4096M (100%)   
[287.056s][info][gc,heap     ] GC(168)      Free:     3416M (83%)        3402M (83%)        3954M (97%)        4056M (99%)        4056M (99%)        3402M (83%)    
[287.056s][info][gc,heap     ] GC(168)      Used:      680M (17%)         694M (17%)         142M (3%)           40M (1%)          694M (17%)          40M (1%)     
[287.056s][info][gc,heap     ] GC(168)      Live:         -                20M (0%)           20M (0%)           20M (0%)             -                  -          
[287.056s][info][gc,heap     ] GC(168) Allocated:         -                14M (0%)           14M (0%)           14M (0%)             -                  -          
[287.056s][info][gc,heap     ] GC(168)   Garbage:         -               659M (16%)         107M (3%)            5M (0%)             -                  -          
[287.056s][info][gc,heap     ] GC(168) Reclaimed:         -                  -               552M (13%)         654M (16%)            -                  -          
[287.056s][info][gc          ] GC(168) Garbage Collection (System.gc()) 680M(17%)->40M(1%)
[289.298s][info][gc,start    ] GC(169) Garbage Collection (Proactive)
[289.298s][info][gc,task     ] GC(169) Using 2 workers
[289.298s][info][gc,phases   ] GC(169) Pause Mark Start 0.009ms
[289.321s][info][gc,phases   ] GC(169) Concurrent Mark 22.460ms
[289.321s][info][gc,phases   ] GC(169) Pause Mark End 0.019ms
[289.321s][info][gc,phases   ] GC(169) Concurrent Mark Free 0.001ms
[289.331s][info][gc,phases   ] GC(169) Concurrent Process Non-Strong References 10.099ms
[289.331s][info][gc,phases   ] GC(169) Concurrent Reset Relocation Set 0.004ms
[289.333s][info][gc,phases   ] GC(169) Concurrent Select Relocation Set 2.027ms
[289.334s][info][gc,phases   ] GC(169) Pause Relocate Start 0.009ms
[289.334s][info][gc,phases   ] GC(169) Concurrent Relocate 0.815ms
[289.334s][info][gc,load     ] GC(169) Load: 0.00/0.00/0.00
[289.334s][info][gc,mmu      ] GC(169) MMU: 2ms/98.1%, 5ms/99.2%, 10ms/99.6%, 20ms/99.8%, 50ms/99.9%, 100ms/99.9%
[289.335s][info][gc,marking  ] GC(169) Mark: 2 stripe(s), 2 proactive flush(es), 1 terminate flush(es), 0 completion(s), 0 continuation(s) 
[289.335s][info][gc,marking  ] GC(169) Mark Stack Usage: 32M
[289.335s][info][gc,nmethod  ] GC(169) NMethods: 10093 registered, 243 unregistered
[289.335s][info][gc,metaspace] GC(169) Metaspace: 52M used, 52M committed, 1088M reserved
[289.335s][info][gc,ref      ] GC(169) Soft: 3841 encountered, 0 discovered, 0 enqueued
[289.335s][info][gc,ref      ] GC(169) Weak: 4366 encountered, 556 discovered, 13 enqueued
[289.335s][info][gc,ref      ] GC(169) Final: 37 encountered, 3 discovered, 0 enqueued
[289.335s][info][gc,ref      ] GC(169) Phantom: 291 encountered, 183 discovered, 0 enqueued
[289.335s][info][gc,reloc    ] GC(169) Small Pages: 1234 / 2468M, Empty: 2344M, Relocated: 1M, In-Place: 0
[289.335s][info][gc,reloc    ] GC(169) Medium Pages: 0 / 0M, Empty: 0M, Relocated: 0M, In-Place: 0
[289.335s][info][gc,reloc    ] GC(169) Large Pages: 0 / 0M, Empty: 0M, Relocated: 0M, In-Place: 0
[289.335s][info][gc,reloc    ] GC(169) Forwarding Usage: 0M
[289.335s][info][gc,heap     ] GC(169) Min Capacity: 4096M(100%)
[289.335s][info][gc,heap     ] GC(169) Max Capacity: 4096M(100%)
[289.335s][info][gc,heap     ] GC(169) Soft Max Capacity: 4096M(100%)
[289.335s][info][gc,heap     ] GC(169)                Mark Start          Mark End        Relocate Start      Relocate End           High               Low         
[289.335s][info][gc,heap     ] GC(169)  Capacity:     4096M (100%)       4096M (100%)       4096M (100%)       4096M (100%)       4096M (100%)       4096M (100%)   
[289.335s][info][gc,heap     ] GC(169)      Free:     1628M (40%)        1606M (39%)        3942M (96%)        4038M (99%)        4038M (99%)        1598M (39%)    
[289.335s][info][gc,heap     ] GC(169)      Used:     2468M (60%)        2490M (61%)         154M (4%)           58M (1%)         2498M (61%)          58M (1%)     
[289.335s][info][gc,heap     ] GC(169)      Live:         -                20M (1%)           20M (1%)           20M (1%)             -                  -          
[289.335s][info][gc,heap     ] GC(169) Allocated:         -                22M (1%)           30M (1%)           31M (1%)             -                  -          
[289.335s][info][gc,heap     ] GC(169)   Garbage:         -              2447M (60%)         103M (3%)            5M (0%)             -                  -          
[289.335s][info][gc,heap     ] GC(169) Reclaimed:         -                  -              2344M (57%)        2441M (60%)            -                  -          
[289.335s][info][gc          ] GC(169) Garbage Collection (Proactive) 2468M(60%)->58M(1%)
[290.197s][info][gc,stats    ] === Garbage Collection Statistics =======================================================================================================================
[290.197s][info][gc,stats    ]                                                              Last 10s              Last 10m              Last 10h                Total
[290.197s][info][gc,stats    ]                                                              Avg / Max             Avg / Max             Avg / Max             Avg / Max
[290.197s][info][gc,stats    ]   Collector: Garbage Collection Cycle                     34.143 / 43.910       32.775 / 62.948       32.775 / 62.948       32.775 / 62.948      ms
[290.197s][info][gc,stats    ]  Contention: Mark Segment Reset Contention                     0 / 1                 0 / 2                 0 / 2                 0 / 2           ops/s
[290.197s][info][gc,stats    ]  Contention: Mark SeqNum Reset Contention                      0 / 1                 0 / 2                 0 / 2                 0 / 2           ops/s
[290.197s][info][gc,stats    ]    Critical: Allocation Stall                                  0 / 0                 0 / 0                 0 / 0                 0 / 0           ops/s
[290.197s][info][gc,stats    ]    Critical: Allocation Stall                              0.000 / 0.000         0.000 / 0.000         0.000 / 0.000         0.000 / 0.000       ms
[290.197s][info][gc,stats    ]    Critical: GC Locker Stall                                   0 / 0                 0 / 0                 0 / 0                 0 / 0           ops/s
[290.197s][info][gc,stats    ]    Critical: GC Locker Stall                               0.000 / 0.000         0.000 / 0.000         0.000 / 0.000         0.000 / 0.000       ms
[290.198s][info][gc,stats    ]    Critical: Relocation Stall                                  0 / 0                 0 / 0                 0 / 0                 0 / 0           ops/s
[290.198s][info][gc,stats    ]    Critical: Relocation Stall                              0.000 / 0.000         0.000 / 0.000         0.000 / 0.000         0.000 / 0.000       ms
[290.198s][info][gc,stats    ]      Memory: Allocation Rate                                1073 / 1098           1016 / 1120           1016 / 1120           1016 / 1120        MB/s
[290.198s][info][gc,stats    ]      Memory: Defragment                                        0 / 0                 0 / 0                 0 / 0                 0 / 0           ops/s
[290.198s][info][gc,stats    ]      Memory: Out Of Memory                                     0 / 0                 0 / 0                 0 / 0                 0 / 0           ops/s
[290.198s][info][gc,stats    ]      Memory: Page Cache Flush                                  0 / 0                 0 / 0                 0 / 0                 0 / 0           MB/s
[290.198s][info][gc,stats    ]      Memory: Page Cache Hit L1                               537 / 549             503 / 560             503 / 560             503 / 560         ops/s
[290.198s][info][gc,stats    ]      Memory: Page Cache Hit L2                                 0 / 0                 0 / 0                 0 / 0                 0 / 0           ops/s
[290.198s][info][gc,stats    ]      Memory: Page Cache Hit L3                                 0 / 0                 5 / 295               5 / 295               5 / 295         ops/s
[290.198s][info][gc,stats    ]      Memory: Page Cache Miss                                   0 / 0                 0 / 1                 0 / 1                 0 / 1           ops/s
[290.198s][info][gc,stats    ]      Memory: Uncommit                                          0 / 0                 0 / 0                 0 / 0                 0 / 0           MB/s
[290.198s][info][gc,stats    ]      Memory: Undo Object Allocation Failed                     0 / 0                 0 / 1                 0 / 1                 0 / 1           ops/s
[290.198s][info][gc,stats    ]      Memory: Undo Object Allocation Succeeded                  1 / 8                 2 / 42                2 / 42                2 / 42          ops/s
[290.198s][info][gc,stats    ]      Memory: Undo Page Allocation                              0 / 3                 1 / 8                 1 / 8                 1 / 8           ops/s
[290.198s][info][gc,stats    ]       Phase: Concurrent Mark                              21.062 / 30.848       21.013 / 33.521       21.013 / 33.521       21.013 / 33.521      ms
[290.198s][info][gc,stats    ]       Phase: Concurrent Mark Continue                      0.000 / 0.000         0.000 / 0.000         0.000 / 0.000         0.000 / 0.000       ms
[290.198s][info][gc,stats    ]       Phase: Concurrent Mark Free                          0.001 / 0.002         0.001 / 0.004         0.001 / 0.004         0.001 / 0.004       ms
[290.198s][info][gc,stats    ]       Phase: Concurrent Process Non-Strong References      9.257 / 10.227        8.150 / 21.700        8.150 / 21.700        8.150 / 21.700      ms
[290.198s][info][gc,stats    ]       Phase: Concurrent Relocate                           0.645 / 0.837         0.729 / 5.848         0.729 / 5.848         0.729 / 5.848       ms
[290.198s][info][gc,stats    ]       Phase: Concurrent Reset Relocation Set               0.004 / 0.005         0.004 / 0.010         0.004 / 0.010         0.004 / 0.010       ms
[290.198s][info][gc,stats    ]       Phase: Concurrent Select Relocation Set              2.034 / 2.201         2.030 / 5.959         2.030 / 5.959         2.030 / 5.959       ms
[290.198s][info][gc,stats    ]       Phase: Pause Mark End                                0.016 / 0.019         0.020 / 0.038         0.020 / 0.038         0.020 / 0.038       ms
[290.198s][info][gc,stats    ]       Phase: Pause Mark Start                              0.008 / 0.009         0.008 / 0.022         0.008 / 0.022         0.008 / 0.022       ms
[290.198s][info][gc,stats    ]       Phase: Pause Relocate Start                          0.009 / 0.010         0.009 / 0.023         0.009 / 0.023         0.009 / 0.023       ms
[290.198s][info][gc,stats    ]    Subphase: Concurrent Classes Purge                      0.022 / 0.038         0.069 / 1.921         0.069 / 1.921         0.069 / 1.921       ms
[290.198s][info][gc,stats    ]    Subphase: Concurrent Classes Unlink                     8.608 / 9.607         7.324 / 15.207        7.324 / 15.207        7.324 / 15.207      ms
[290.198s][info][gc,stats    ]    Subphase: Concurrent Mark                              17.375 / 29.253       17.174 / 31.441       17.174 / 31.441       17.174 / 31.441      ms
[290.198s][info][gc,stats    ]    Subphase: Concurrent Mark Try Flush                     0.086 / 0.198         0.077 / 0.430         0.077 / 0.430         0.077 / 0.430       ms
[290.198s][info][gc,stats    ]    Subphase: Concurrent Mark Try Terminate                 1.707 / 16.028        1.598 / 16.378        1.598 / 16.378        1.598 / 16.378      ms
[290.198s][info][gc,stats    ]    Subphase: Concurrent References Enqueue                 0.005 / 0.006         0.005 / 0.010         0.005 / 0.010         0.005 / 0.010       ms
[290.198s][info][gc,stats    ]    Subphase: Concurrent References Process                 0.109 / 0.130         0.137 / 0.844         0.137 / 0.844         0.137 / 0.844       ms
[290.198s][info][gc,stats    ]    Subphase: Concurrent Roots ClassLoaderDataGraph         0.074 / 0.127         0.076 / 0.306         0.076 / 0.306         0.076 / 0.306       ms
[290.198s][info][gc,stats    ]    Subphase: Concurrent Roots CodeCache                    0.000 / 0.000         0.000 / 0.000         0.000 / 0.000         0.000 / 0.000       ms
[290.198s][info][gc,stats    ]    Subphase: Concurrent Roots JavaThreads                  1.271 / 1.520         1.504 / 4.045         1.504 / 4.045         1.504 / 4.045       ms
[290.198s][info][gc,stats    ]    Subphase: Concurrent Roots OopStorageSet                0.021 / 0.025         0.024 / 0.106         0.024 / 0.106         0.024 / 0.106       ms
[290.198s][info][gc,stats    ]    Subphase: Concurrent Weak Roots OopStorageSet           0.339 / 0.360         0.419 / 1.078         0.419 / 1.078         0.419 / 1.078       ms
[290.198s][info][gc,stats    ]    Subphase: Pause Mark Try Complete                       0.000 / 0.000         0.000 / 0.000         0.000 / 0.000         0.000 / 0.000       ms
[290.198s][info][gc,stats    ]      System: Java Threads                                     63 / 63               59 / 64               59 / 64               59 / 64          threads
[290.198s][info][gc,stats    ] =========================================================================================================================================================
[290.592s][info][gc,start    ] GC(170) Garbage Collection (System.gc())
[290.592s][info][gc,task     ] GC(170) Using 2 workers
[290.592s][info][gc,phases   ] GC(170) Pause Mark Start 0.005ms
[290.612s][info][gc,phases   ] GC(170) Concurrent Mark 19.654ms
[290.612s][info][gc,phases   ] GC(170) Pause Mark End 0.026ms
[290.612s][info][gc,phases   ] GC(170) Concurrent Mark Free 0.003ms
[290.621s][info][gc,phases   ] GC(170) Concurrent Process Non-Strong References 9.197ms
[290.621s][info][gc,phases   ] GC(170) Concurrent Reset Relocation Set 0.004ms
[290.623s][info][gc,phases   ] GC(170) Concurrent Select Relocation Set 1.426ms
[290.623s][info][gc,phases   ] GC(170) Pause Relocate Start 0.008ms
[290.623s][info][gc,phases   ] GC(170) Concurrent Relocate 0.377ms
[290.623s][info][gc,load     ] GC(170) Load: 0.00/0.00/0.00
[290.623s][info][gc,mmu      ] GC(170) MMU: 2ms/98.1%, 5ms/99.2%, 10ms/99.6%, 20ms/99.8%, 50ms/99.9%, 100ms/99.9%
[290.623s][info][gc,marking  ] GC(170) Mark: 2 stripe(s), 2 proactive flush(es), 1 terminate flush(es), 0 completion(s), 0 continuation(s) 
[290.623s][info][gc,marking  ] GC(170) Mark Stack Usage: 32M
[290.623s][info][gc,nmethod  ] GC(170) NMethods: 10095 registered, 243 unregistered
[290.623s][info][gc,metaspace] GC(170) Metaspace: 52M used, 52M committed, 1088M reserved
[290.623s][info][gc,ref      ] GC(170) Soft: 3841 encountered, 0 discovered, 0 enqueued
[290.623s][info][gc,ref      ] GC(170) Weak: 4200 encountered, 262 discovered, 31 enqueued
[290.623s][info][gc,ref      ] GC(170) Final: 37 encountered, 0 discovered, 0 enqueued
[290.623s][info][gc,ref      ] GC(170) Phantom: 291 encountered, 236 discovered, 0 enqueued
[290.623s][info][gc,reloc    ] GC(170) Small Pages: 703 / 1406M, Empty: 1272M, Relocated: 0M, In-Place: 0
[290.623s][info][gc,reloc    ] GC(170) Medium Pages: 0 / 0M, Empty: 0M, Relocated: 0M, In-Place: 0
[290.623s][info][gc,reloc    ] GC(170) Large Pages: 0 / 0M, Empty: 0M, Relocated: 0M, In-Place: 0
[290.623s][info][gc,reloc    ] GC(170) Forwarding Usage: 0M
[290.623s][info][gc,heap     ] GC(170) Min Capacity: 4096M(100%)
[290.623s][info][gc,heap     ] GC(170) Max Capacity: 4096M(100%)
[290.623s][info][gc,heap     ] GC(170) Soft Max Capacity: 4096M(100%)
[290.623s][info][gc,heap     ] GC(170)                Mark Start          Mark End        Relocate Start      Relocate End           High               Low         
[290.623s][info][gc,heap     ] GC(170)  Capacity:     4096M (100%)       4096M (100%)       4096M (100%)       4096M (100%)       4096M (100%)       4096M (100%)   
[290.623s][info][gc,heap     ] GC(170)      Free:     2690M (66%)        2676M (65%)        3948M (96%)        4056M (99%)        4056M (99%)        2676M (65%)    
[290.623s][info][gc,heap     ] GC(170)      Used:     1406M (34%)        1420M (35%)         148M (4%)           40M (1%)         1420M (35%)          40M (1%)     
[290.623s][info][gc,heap     ] GC(170)      Live:         -                20M (0%)           20M (0%)           20M (0%)             -                  -          
[290.623s][info][gc,heap     ] GC(170) Allocated:         -                14M (0%)           14M (0%)           14M (0%)             -                  -          
[290.623s][info][gc,heap     ] GC(170)   Garbage:         -              1385M (34%)         113M (3%)            5M (0%)             -                  -          
[290.623s][info][gc,heap     ] GC(170) Reclaimed:         -                  -              1272M (31%)        1380M (34%)            -                  -          
[290.623s][info][gc          ] GC(170) Garbage Collection (System.gc()) 1406M(34%)->40M(1%)
[292.698s][info][gc,start    ] GC(171) Garbage Collection (Proactive)
[292.698s][info][gc,task     ] GC(171) Using 2 workers
[292.698s][info][gc,phases   ] GC(171) Pause Mark Start 0.009ms
[292.716s][info][gc,phases   ] GC(171) Concurrent Mark 17.946ms
[292.716s][info][gc,phases   ] GC(171) Pause Mark End 0.017ms
[292.716s][info][gc,phases   ] GC(171) Concurrent Mark Free 0.002ms
[292.727s][info][gc,phases   ] GC(171) Concurrent Process Non-Strong References 10.395ms
[292.727s][info][gc,phases   ] GC(171) Concurrent Reset Relocation Set 0.004ms
[292.729s][info][gc,phases   ] GC(171) Concurrent Select Relocation Set 2.166ms
[292.729s][info][gc,phases   ] GC(171) Pause Relocate Start 0.011ms
[292.730s][info][gc,phases   ] GC(171) Concurrent Relocate 0.803ms
[292.730s][info][gc,load     ] GC(171) Load: 0.00/0.00/0.00
[292.730s][info][gc,mmu      ] GC(171) MMU: 2ms/98.1%, 5ms/99.2%, 10ms/99.6%, 20ms/99.8%, 50ms/99.9%, 100ms/99.9%
[292.730s][info][gc,marking  ] GC(171) Mark: 2 stripe(s), 2 proactive flush(es), 1 terminate flush(es), 0 completion(s), 0 continuation(s) 
[292.730s][info][gc,marking  ] GC(171) Mark Stack Usage: 32M
[292.730s][info][gc,nmethod  ] GC(171) NMethods: 10096 registered, 243 unregistered
[292.730s][info][gc,metaspace] GC(171) Metaspace: 52M used, 52M committed, 1088M reserved
[292.730s][info][gc,ref      ] GC(171) Soft: 3841 encountered, 0 discovered, 0 enqueued
[292.730s][info][gc,ref      ] GC(171) Weak: 4366 encountered, 635 discovered, 13 enqueued
[292.730s][info][gc,ref      ] GC(171) Final: 37 encountered, 1 discovered, 0 enqueued
[292.730s][info][gc,ref      ] GC(171) Phantom: 291 encountered, 237 discovered, 0 enqueued
[292.730s][info][gc,reloc    ] GC(171) Small Pages: 1135 / 2270M, Empty: 2154M, Relocated: 1M, In-Place: 0
[292.730s][info][gc,reloc    ] GC(171) Medium Pages: 0 / 0M, Empty: 0M, Relocated: 0M, In-Place: 0
[292.730s][info][gc,reloc    ] GC(171) Large Pages: 0 / 0M, Empty: 0M, Relocated: 0M, In-Place: 0
[292.730s][info][gc,reloc    ] GC(171) Forwarding Usage: 0M
[292.730s][info][gc,heap     ] GC(171) Min Capacity: 4096M(100%)
[292.730s][info][gc,heap     ] GC(171) Max Capacity: 4096M(100%)
[292.730s][info][gc,heap     ] GC(171) Soft Max Capacity: 4096M(100%)
[292.730s][info][gc,heap     ] GC(171)                Mark Start          Mark End        Relocate Start      Relocate End           High               Low         
[292.730s][info][gc,heap     ] GC(171)  Capacity:     4096M (100%)       4096M (100%)       4096M (100%)       4096M (100%)       4096M (100%)       4096M (100%)   
[292.730s][info][gc,heap     ] GC(171)      Free:     1826M (45%)        1808M (44%)        3954M (97%)        4042M (99%)        4042M (99%)        1800M (44%)    
[292.730s][info][gc,heap     ] GC(171)      Used:     2270M (55%)        2288M (56%)         142M (3%)           54M (1%)         2296M (56%)          54M (1%)     
[292.730s][info][gc,heap     ] GC(171)      Live:         -                20M (1%)           20M (1%)           20M (1%)             -                  -          
[292.730s][info][gc,heap     ] GC(171) Allocated:         -                18M (0%)           26M (1%)           27M (1%)             -                  -          
[292.730s][info][gc,heap     ] GC(171)   Garbage:         -              2249M (55%)          95M (2%)            5M (0%)             -                  -          
[292.730s][info][gc,heap     ] GC(171) Reclaimed:         -                  -              2154M (53%)        2243M (55%)            -                  -          
[292.730s][info][gc          ] GC(171) Garbage Collection (Proactive) 2270M(55%)->54M(1%)
[294.176s][info][gc,start    ] GC(172) Garbage Collection (System.gc())
[294.176s][info][gc,task     ] GC(172) Using 2 workers
[294.176s][info][gc,phases   ] GC(172) Pause Mark Start 0.008ms
[294.196s][info][gc,phases   ] GC(172) Concurrent Mark 19.940ms
[294.196s][info][gc,phases   ] GC(172) Pause Mark End 0.021ms
[294.196s][info][gc,phases   ] GC(172) Concurrent Mark Free 0.002ms
[294.205s][info][gc,phases   ] GC(172) Concurrent Process Non-Strong References 8.278ms
[294.205s][info][gc,phases   ] GC(172) Concurrent Reset Relocation Set 0.004ms
[294.207s][info][gc,phases   ] GC(172) Concurrent Select Relocation Set 2.121ms
[294.207s][info][gc,phases   ] GC(172) Pause Relocate Start 0.008ms
[294.207s][info][gc,phases   ] GC(172) Concurrent Relocate 0.360ms
[294.207s][info][gc,load     ] GC(172) Load: 0.00/0.00/0.00
[294.207s][info][gc,mmu      ] GC(172) MMU: 2ms/98.1%, 5ms/99.2%, 10ms/99.6%, 20ms/99.8%, 50ms/99.9%, 100ms/99.9%
[294.207s][info][gc,marking  ] GC(172) Mark: 2 stripe(s), 2 proactive flush(es), 1 terminate flush(es), 0 completion(s), 0 continuation(s) 
[294.207s][info][gc,marking  ] GC(172) Mark Stack Usage: 32M
[294.207s][info][gc,nmethod  ] GC(172) NMethods: 10097 registered, 243 unregistered
[294.207s][info][gc,metaspace] GC(172) Metaspace: 52M used, 52M committed, 1088M reserved
[294.207s][info][gc,ref      ] GC(172) Soft: 3841 encountered, 0 discovered, 0 enqueued
[294.207s][info][gc,ref      ] GC(172) Weak: 4204 encountered, 493 discovered, 31 enqueued
[294.207s][info][gc,ref      ] GC(172) Final: 37 encountered, 0 discovered, 0 enqueued
[294.207s][info][gc,ref      ] GC(172) Phantom: 291 encountered, 235 discovered, 0 enqueued
[294.207s][info][gc,reloc    ] GC(172) Small Pages: 802 / 1604M, Empty: 1472M, Relocated: 0M, In-Place: 0
[294.207s][info][gc,reloc    ] GC(172) Medium Pages: 0 / 0M, Empty: 0M, Relocated: 0M, In-Place: 0
[294.207s][info][gc,reloc    ] GC(172) Large Pages: 0 / 0M, Empty: 0M, Relocated: 0M, In-Place: 0
[294.207s][info][gc,reloc    ] GC(172) Forwarding Usage: 0M
[294.207s][info][gc,heap     ] GC(172) Min Capacity: 4096M(100%)
[294.207s][info][gc,heap     ] GC(172) Max Capacity: 4096M(100%)
[294.207s][info][gc,heap     ] GC(172) Soft Max Capacity: 4096M(100%)
[294.207s][info][gc,heap     ] GC(172)                Mark Start          Mark End        Relocate Start      Relocate End           High               Low         
[294.207s][info][gc,heap     ] GC(172)  Capacity:     4096M (100%)       4096M (100%)       4096M (100%)       4096M (100%)       4096M (100%)       4096M (100%)   
[294.207s][info][gc,heap     ] GC(172)      Free:     2492M (61%)        2478M (60%)        3950M (96%)        4056M (99%)        4056M (99%)        2478M (60%)    
[294.207s][info][gc,heap     ] GC(172)      Used:     1604M (39%)        1618M (40%)         146M (4%)           40M (1%)         1618M (40%)          40M (1%)     
[294.207s][info][gc,heap     ] GC(172)      Live:         -                20M (0%)           20M (0%)           20M (0%)             -                  -          
[294.207s][info][gc,heap     ] GC(172) Allocated:         -                14M (0%)           14M (0%)           14M (0%)             -                  -          
[294.207s][info][gc,heap     ] GC(172)   Garbage:         -              1583M (39%)         111M (3%)            5M (0%)             -                  -          
[294.207s][info][gc,heap     ] GC(172) Reclaimed:         -                  -              1472M (36%)        1578M (39%)            -                  -          
[294.207s][info][gc          ] GC(172) Garbage Collection (System.gc()) 1604M(39%)->40M(1%)
[295.998s][info][gc,start    ] GC(173) Garbage Collection (Proactive)
[295.998s][info][gc,task     ] GC(173) Using 2 workers
[295.998s][info][gc,phases   ] GC(173) Pause Mark Start 0.009ms
[296.015s][info][gc,phases   ] GC(173) Concurrent Mark 17.143ms
[296.015s][info][gc,phases   ] GC(173) Pause Mark End 0.017ms
[296.015s][info][gc,phases   ] GC(173) Concurrent Mark Free 0.000ms
[296.025s][info][gc,phases   ] GC(173) Concurrent Process Non-Strong References 9.652ms
[296.025s][info][gc,phases   ] GC(173) Concurrent Reset Relocation Set 0.004ms
[296.027s][info][gc,phases   ] GC(173) Concurrent Select Relocation Set 2.017ms
[296.027s][info][gc,phases   ] GC(173) Pause Relocate Start 0.010ms
[296.028s][info][gc,phases   ] GC(173) Concurrent Relocate 0.904ms
[296.028s][info][gc,load     ] GC(173) Load: 0.00/0.00/0.00
[296.028s][info][gc,mmu      ] GC(173) MMU: 2ms/98.1%, 5ms/99.2%, 10ms/99.6%, 20ms/99.8%, 50ms/99.9%, 100ms/99.9%
[296.028s][info][gc,marking  ] GC(173) Mark: 2 stripe(s), 2 proactive flush(es), 1 terminate flush(es), 0 completion(s), 0 continuation(s) 
[296.028s][info][gc,marking  ] GC(173) Mark Stack Usage: 32M
[296.028s][info][gc,nmethod  ] GC(173) NMethods: 10100 registered, 245 unregistered
[296.028s][info][gc,metaspace] GC(173) Metaspace: 52M used, 52M committed, 1088M reserved
[296.028s][info][gc,ref      ] GC(173) Soft: 3841 encountered, 0 discovered, 0 enqueued
[296.028s][info][gc,ref      ] GC(173) Weak: 4366 encountered, 767 discovered, 13 enqueued
[296.028s][info][gc,ref      ] GC(173) Final: 37 encountered, 0 discovered, 0 enqueued
[296.028s][info][gc,ref      ] GC(173) Phantom: 291 encountered, 235 discovered, 0 enqueued
[296.028s][info][gc,reloc    ] GC(173) Small Pages: 954 / 1908M, Empty: 1790M, Relocated: 1M, In-Place: 0
[296.028s][info][gc,reloc    ] GC(173) Medium Pages: 0 / 0M, Empty: 0M, Relocated: 0M, In-Place: 0
[296.028s][info][gc,reloc    ] GC(173) Large Pages: 0 / 0M, Empty: 0M, Relocated: 0M, In-Place: 0
[296.028s][info][gc,reloc    ] GC(173) Forwarding Usage: 0M
[296.028s][info][gc,heap     ] GC(173) Min Capacity: 4096M(100%)
[296.028s][info][gc,heap     ] GC(173) Max Capacity: 4096M(100%)
[296.028s][info][gc,heap     ] GC(173) Soft Max Capacity: 4096M(100%)
[296.028s][info][gc,heap     ] GC(173)                Mark Start          Mark End        Relocate Start      Relocate End           High               Low         
[296.028s][info][gc,heap     ] GC(173)  Capacity:     4096M (100%)       4096M (100%)       4096M (100%)       4096M (100%)       4096M (100%)       4096M (100%)   
[296.028s][info][gc,heap     ] GC(173)      Free:     2188M (53%)        2168M (53%)        3950M (96%)        4042M (99%)        4042M (99%)        2162M (53%)    
[296.028s][info][gc,heap     ] GC(173)      Used:     1908M (47%)        1928M (47%)         146M (4%)           54M (1%)         1934M (47%)          54M (1%)     
[296.028s][info][gc,heap     ] GC(173)      Live:         -                20M (1%)           20M (1%)           20M (1%)             -                  -          
[296.028s][info][gc,heap     ] GC(173) Allocated:         -                20M (0%)           28M (1%)           27M (1%)             -                  -          
[296.028s][info][gc,heap     ] GC(173)   Garbage:         -              1887M (46%)          97M (2%)            5M (0%)             -                  -          
[296.029s][info][gc,heap     ] GC(173) Reclaimed:         -                  -              1790M (44%)        1881M (46%)            -                  -          
[296.029s][info][gc          ] GC(173) Garbage Collection (Proactive) 1908M(47%)->54M(1%)
[297.698s][info][gc,start    ] GC(174) Garbage Collection (Proactive)
[297.698s][info][gc,task     ] GC(174) Using 2 workers
[297.699s][info][gc,phases   ] GC(174) Pause Mark Start 0.010ms
[297.717s][info][gc,phases   ] GC(174) Concurrent Mark 18.358ms
[297.717s][info][gc,phases   ] GC(174) Pause Mark End 0.016ms
[297.717s][info][gc,phases   ] GC(174) Concurrent Mark Free 0.001ms
[297.727s][info][gc,phases   ] GC(174) Concurrent Process Non-Strong References 9.753ms
[297.727s][info][gc,phases   ] GC(174) Concurrent Reset Relocation Set 0.003ms
[297.729s][info][gc,phases   ] GC(174) Concurrent Select Relocation Set 1.991ms
[297.729s][info][gc,phases   ] GC(174) Pause Relocate Start 0.009ms
[297.730s][info][gc,phases   ] GC(174) Concurrent Relocate 0.795ms
[297.730s][info][gc,load     ] GC(174) Load: 0.00/0.00/0.00
[297.730s][info][gc,mmu      ] GC(174) MMU: 2ms/98.1%, 5ms/99.2%, 10ms/99.6%, 20ms/99.8%, 50ms/99.9%, 100ms/99.9%
[297.730s][info][gc,marking  ] GC(174) Mark: 2 stripe(s), 2 proactive flush(es), 1 terminate flush(es), 0 completion(s), 0 continuation(s) 
[297.730s][info][gc,marking  ] GC(174) Mark Stack Usage: 32M
[297.730s][info][gc,nmethod  ] GC(174) NMethods: 10100 registered, 245 unregistered
[297.730s][info][gc,metaspace] GC(174) Metaspace: 52M used, 52M committed, 1088M reserved
[297.730s][info][gc,ref      ] GC(174) Soft: 3841 encountered, 0 discovered, 0 enqueued
[297.730s][info][gc,ref      ] GC(174) Weak: 4350 encountered, 732 discovered, 0 enqueued
[297.730s][info][gc,ref      ] GC(174) Final: 37 encountered, 1 discovered, 0 enqueued
[297.730s][info][gc,ref      ] GC(174) Phantom: 291 encountered, 236 discovered, 0 enqueued
[297.730s][info][gc,reloc    ] GC(174) Small Pages: 919 / 1838M, Empty: 1720M, Relocated: 1M, In-Place: 0
[297.730s][info][gc,reloc    ] GC(174) Medium Pages: 0 / 0M, Empty: 0M, Relocated: 0M, In-Place: 0
[297.730s][info][gc,reloc    ] GC(174) Large Pages: 0 / 0M, Empty: 0M, Relocated: 0M, In-Place: 0
[297.730s][info][gc,reloc    ] GC(174) Forwarding Usage: 0M
[297.730s][info][gc,heap     ] GC(174) Min Capacity: 4096M(100%)
[297.730s][info][gc,heap     ] GC(174) Max Capacity: 4096M(100%)
[297.730s][info][gc,heap     ] GC(174) Soft Max Capacity: 4096M(100%)
[297.730s][info][gc,heap     ] GC(174)                Mark Start          Mark End        Relocate Start      Relocate End           High               Low         
[297.730s][info][gc,heap     ] GC(174)  Capacity:     4096M (100%)       4096M (100%)       4096M (100%)       4096M (100%)       4096M (100%)       4096M (100%)   
[297.730s][info][gc,heap     ] GC(174)      Free:     2258M (55%)        2236M (55%)        3946M (96%)        4038M (99%)        4038M (99%)        2228M (54%)    
[297.730s][info][gc,heap     ] GC(174)      Used:     1838M (45%)        1860M (45%)         150M (4%)           58M (1%)         1868M (46%)          58M (1%)     
[297.730s][info][gc,heap     ] GC(174)      Live:         -                20M (1%)           20M (1%)           20M (1%)             -                  -          
[297.730s][info][gc,heap     ] GC(174) Allocated:         -                22M (1%)           32M (1%)           31M (1%)             -                  -          
[297.730s][info][gc,heap     ] GC(174)   Garbage:         -              1817M (44%)          97M (2%)            5M (0%)             -                  -          
[297.730s][info][gc,heap     ] GC(174) Reclaimed:         -                  -              1720M (42%)        1811M (44%)            -                  -          
[297.730s][info][gc          ] GC(174) Garbage Collection (Proactive) 1838M(45%)->58M(1%)
[297.844s][info][gc,start    ] GC(175) Garbage Collection (System.gc())
[297.844s][info][gc,task     ] GC(175) Using 2 workers
[297.844s][info][gc,phases   ] GC(175) Pause Mark Start 0.007ms
[297.867s][info][gc,phases   ] GC(175) Concurrent Mark 22.632ms
[297.867s][info][gc,phases   ] GC(175) Pause Mark End 0.028ms
[297.867s][info][gc,phases   ] GC(175) Concurrent Mark Free 0.003ms
[297.876s][info][gc,phases   ] GC(175) Concurrent Process Non-Strong References 8.988ms
[297.876s][info][gc,phases   ] GC(175) Concurrent Reset Relocation Set 0.005ms
[297.878s][info][gc,phases   ] GC(175) Concurrent Select Relocation Set 1.566ms
[297.878s][info][gc,phases   ] GC(175) Pause Relocate Start 0.008ms
[297.879s][info][gc,phases   ] GC(175) Concurrent Relocate 0.402ms
[297.879s][info][gc,load     ] GC(175) Load: 0.00/0.00/0.00
[297.879s][info][gc,mmu      ] GC(175) MMU: 2ms/98.1%, 5ms/99.2%, 10ms/99.6%, 20ms/99.8%, 50ms/99.9%, 100ms/99.9%
[297.879s][info][gc,marking  ] GC(175) Mark: 2 stripe(s), 2 proactive flush(es), 1 terminate flush(es), 0 completion(s), 0 continuation(s) 
[297.879s][info][gc,marking  ] GC(175) Mark Stack Usage: 32M
[297.879s][info][gc,nmethod  ] GC(175) NMethods: 10103 registered, 247 unregistered
[297.879s][info][gc,metaspace] GC(175) Metaspace: 52M used, 52M committed, 1088M reserved
[297.879s][info][gc,ref      ] GC(175) Soft: 3841 encountered, 0 discovered, 0 enqueued
[297.879s][info][gc,ref      ] GC(175) Weak: 4197 encountered, 525 discovered, 30 enqueued
[297.879s][info][gc,ref      ] GC(175) Final: 37 encountered, 1 discovered, 0 enqueued
[297.879s][info][gc,ref      ] GC(175) Phantom: 291 encountered, 234 discovered, 0 enqueued
[297.879s][info][gc,reloc    ] GC(175) Small Pages: 79 / 158M, Empty: 52M, Relocated: 0M, In-Place: 0
[297.879s][info][gc,reloc    ] GC(175) Medium Pages: 0 / 0M, Empty: 0M, Relocated: 0M, In-Place: 0
[297.879s][info][gc,reloc    ] GC(175) Large Pages: 0 / 0M, Empty: 0M, Relocated: 0M, In-Place: 0
[297.879s][info][gc,reloc    ] GC(175) Forwarding Usage: 0M
[297.879s][info][gc,heap     ] GC(175) Min Capacity: 4096M(100%)
[297.879s][info][gc,heap     ] GC(175) Max Capacity: 4096M(100%)
[297.879s][info][gc,heap     ] GC(175) Soft Max Capacity: 4096M(100%)
[297.879s][info][gc,heap     ] GC(175)                Mark Start          Mark End        Relocate Start      Relocate End           High               Low         
[297.879s][info][gc,heap     ] GC(175)  Capacity:     4096M (100%)       4096M (100%)       4096M (100%)       4096M (100%)       4096M (100%)       4096M (100%)   
[297.879s][info][gc,heap     ] GC(175)      Free:     3938M (96%)        3922M (96%)        3974M (97%)        4054M (99%)        4054M (99%)        3922M (96%)    
[297.879s][info][gc,heap     ] GC(175)      Used:      158M (4%)          174M (4%)          122M (3%)           42M (1%)          174M (4%)           42M (1%)     
[297.879s][info][gc,heap     ] GC(175)      Live:         -                20M (0%)           20M (0%)           20M (0%)             -                  -          
[297.879s][info][gc,heap     ] GC(175) Allocated:         -                16M (0%)           16M (0%)           16M (0%)             -                  -          
[297.879s][info][gc,heap     ] GC(175)   Garbage:         -               137M (3%)           85M (2%)            5M (0%)             -                  -          
[297.879s][info][gc,heap     ] GC(175) Reclaimed:         -                  -                52M (1%)          132M (3%)             -                  -          
[297.879s][info][gc          ] GC(175) Garbage Collection (System.gc()) 158M(4%)->42M(1%)
[299.798s][info][gc,start    ] GC(176) Garbage Collection (Proactive)
[299.798s][info][gc,task     ] GC(176) Using 2 workers
[299.798s][info][gc,phases   ] GC(176) Pause Mark Start 0.010ms
[299.815s][info][gc,phases   ] GC(176) Concurrent Mark 16.994ms
[299.815s][info][gc,phases   ] GC(176) Pause Mark End 0.015ms
[299.815s][info][gc,phases   ] GC(176) Concurrent Mark Free 0.001ms
[299.825s][info][gc,phases   ] GC(176) Concurrent Process Non-Strong References 9.972ms
[299.825s][info][gc,phases   ] GC(176) Concurrent Reset Relocation Set 0.004ms
[299.827s][info][gc,phases   ] GC(176) Concurrent Select Relocation Set 1.974ms
[299.827s][info][gc,phases   ] GC(176) Pause Relocate Start 0.011ms
[299.828s][info][gc,phases   ] GC(176) Concurrent Relocate 0.861ms
[299.829s][info][gc,load     ] GC(176) Load: 0.00/0.00/0.00
[299.829s][info][gc,mmu      ] GC(176) MMU: 2ms/98.1%, 5ms/99.2%, 10ms/99.6%, 20ms/99.8%, 50ms/99.9%, 100ms/99.9%
[299.829s][info][gc,marking  ] GC(176) Mark: 2 stripe(s), 2 proactive flush(es), 1 terminate flush(es), 0 completion(s), 0 continuation(s) 
[299.829s][info][gc,marking  ] GC(176) Mark Stack Usage: 32M
[299.829s][info][gc,nmethod  ] GC(176) NMethods: 10105 registered, 252 unregistered
[299.829s][info][gc,metaspace] GC(176) Metaspace: 52M used, 52M committed, 1088M reserved
[299.829s][info][gc,ref      ] GC(176) Soft: 3841 encountered, 0 discovered, 0 enqueued
[299.829s][info][gc,ref      ] GC(176) Weak: 4364 encountered, 717 discovered, 13 enqueued
[299.829s][info][gc,ref      ] GC(176) Final: 37 encountered, 0 discovered, 0 enqueued
[299.829s][info][gc,ref      ] GC(176) Phantom: 291 encountered, 235 discovered, 0 enqueued
[299.829s][info][gc,reloc    ] GC(176) Small Pages: 1041 / 2082M, Empty: 1972M, Relocated: 1M, In-Place: 0
[299.829s][info][gc,reloc    ] GC(176) Medium Pages: 0 / 0M, Empty: 0M, Relocated: 0M, In-Place: 0
[299.829s][info][gc,reloc    ] GC(176) Large Pages: 0 / 0M, Empty: 0M, Relocated: 0M, In-Place: 0
[299.829s][info][gc,reloc    ] GC(176) Forwarding Usage: 0M
[299.829s][info][gc,heap     ] GC(176) Min Capacity: 4096M(100%)
[299.829s][info][gc,heap     ] GC(176) Max Capacity: 4096M(100%)
[299.829s][info][gc,heap     ] GC(176) Soft Max Capacity: 4096M(100%)
[299.829s][info][gc,heap     ] GC(176)                Mark Start          Mark End        Relocate Start      Relocate End           High               Low         
[299.829s][info][gc,heap     ] GC(176)  Capacity:     4096M (100%)       4096M (100%)       4096M (100%)       4096M (100%)       4096M (100%)       4096M (100%)   
[299.829s][info][gc,heap     ] GC(176)      Free:     2014M (49%)        1994M (49%)        3960M (97%)        4040M (99%)        4040M (99%)        1988M (49%)    
[299.829s][info][gc,heap     ] GC(176)      Used:     2082M (51%)        2102M (51%)         136M (3%)           56M (1%)         2108M (51%)          56M (1%)     
[299.829s][info][gc,heap     ] GC(176)      Live:         -                20M (1%)           20M (1%)           20M (1%)             -                  -          
[299.829s][info][gc,heap     ] GC(176) Allocated:         -                20M (0%)           26M (1%)           29M (1%)             -                  -          
[299.829s][info][gc,heap     ] GC(176)   Garbage:         -              2061M (50%)          89M (2%)            5M (0%)             -                  -          
[299.829s][info][gc,heap     ] GC(176) Reclaimed:         -                  -              1972M (48%)        2055M (50%)            -                  -          
[299.829s][info][gc          ] GC(176) Garbage Collection (Proactive) 2082M(51%)->56M(1%)
[300.197s][info][gc,stats    ] === Garbage Collection Statistics =======================================================================================================================
[300.197s][info][gc,stats    ]                                                              Last 10s              Last 10m              Last 10h                Total
[300.197s][info][gc,stats    ]                                                              Avg / Max             Avg / Max             Avg / Max             Avg / Max
[300.197s][info][gc,stats    ]   Collector: Garbage Collection Cycle                     31.733 / 34.481       32.734 / 62.948       32.734 / 62.948       32.734 / 62.948      ms
[300.197s][info][gc,stats    ]  Contention: Mark Segment Reset Contention                     0 / 1                 0 / 2                 0 / 2                 0 / 2           ops/s
[300.197s][info][gc,stats    ]  Contention: Mark SeqNum Reset Contention                      0 / 1                 0 / 2                 0 / 2                 0 / 2           ops/s
[300.197s][info][gc,stats    ]    Critical: Allocation Stall                                  0 / 0                 0 / 0                 0 / 0                 0 / 0           ops/s
[300.197s][info][gc,stats    ]    Critical: Allocation Stall                              0.000 / 0.000         0.000 / 0.000         0.000 / 0.000         0.000 / 0.000       ms
[300.197s][info][gc,stats    ]    Critical: GC Locker Stall                                   0 / 0                 0 / 0                 0 / 0                 0 / 0           ops/s
[300.197s][info][gc,stats    ]    Critical: GC Locker Stall                               0.000 / 0.000         0.000 / 0.000         0.000 / 0.000         0.000 / 0.000       ms
[300.197s][info][gc,stats    ]    Critical: Relocation Stall                                  0 / 0                 0 / 0                 0 / 0                 0 / 0           ops/s
[300.197s][info][gc,stats    ]    Critical: Relocation Stall                              0.000 / 0.000         0.000 / 0.000         0.000 / 0.000         0.000 / 0.000       ms
[300.198s][info][gc,stats    ]      Memory: Allocation Rate                                1056 / 1078           1018 / 1120           1018 / 1120           1018 / 1120        MB/s
[300.198s][info][gc,stats    ]      Memory: Defragment                                        0 / 0                 0 / 0                 0 / 0                 0 / 0           ops/s
[300.198s][info][gc,stats    ]      Memory: Out Of Memory                                     0 / 0                 0 / 0                 0 / 0                 0 / 0           ops/s
[300.198s][info][gc,stats    ]      Memory: Page Cache Flush                                  0 / 0                 0 / 0                 0 / 0                 0 / 0           MB/s
[300.198s][info][gc,stats    ]      Memory: Page Cache Hit L1                               529 / 541             504 / 560             504 / 560             504 / 560         ops/s
[300.198s][info][gc,stats    ]      Memory: Page Cache Hit L2                                 0 / 0                 0 / 0                 0 / 0                 0 / 0           ops/s
[300.198s][info][gc,stats    ]      Memory: Page Cache Hit L3                                 0 / 0                 5 / 295               5 / 295               5 / 295         ops/s
[300.198s][info][gc,stats    ]      Memory: Page Cache Miss                                   0 / 0                 0 / 1                 0 / 1                 0 / 1           ops/s
[300.198s][info][gc,stats    ]      Memory: Uncommit                                          0 / 0                 0 / 0                 0 / 0                 0 / 0           MB/s
[300.198s][info][gc,stats    ]      Memory: Undo Object Allocation Failed                     0 / 0                 0 / 1                 0 / 1                 0 / 1           ops/s
[300.198s][info][gc,stats    ]      Memory: Undo Object Allocation Succeeded                  1 / 14                2 / 42                2 / 42                2 / 42          ops/s
[300.198s][info][gc,stats    ]      Memory: Undo Page Allocation                              1 / 4                 1 / 8                 1 / 8                 1 / 8           ops/s
[300.198s][info][gc,stats    ]       Phase: Concurrent Mark                              18.952 / 22.632       20.931 / 33.521       20.931 / 33.521       20.931 / 33.521      ms
[300.198s][info][gc,stats    ]       Phase: Concurrent Mark Continue                      0.000 / 0.000         0.000 / 0.000         0.000 / 0.000         0.000 / 0.000       ms
[300.198s][info][gc,stats    ]       Phase: Concurrent Mark Free                          0.002 / 0.003         0.001 / 0.004         0.001 / 0.004         0.001 / 0.004       ms
[300.198s][info][gc,stats    ]       Phase: Concurrent Process Non-Strong References      9.462 / 10.395        8.202 / 21.700        8.202 / 21.700        8.202 / 21.700      ms
[300.198s][info][gc,stats    ]       Phase: Concurrent Relocate                           0.643 / 0.904         0.726 / 5.848         0.726 / 5.848         0.726 / 5.848       ms
[300.198s][info][gc,stats    ]       Phase: Concurrent Reset Relocation Set               0.004 / 0.005         0.004 / 0.010         0.004 / 0.010         0.004 / 0.010       ms
[300.198s][info][gc,stats    ]       Phase: Concurrent Select Relocation Set              1.894 / 2.166         2.025 / 5.959         2.025 / 5.959         2.025 / 5.959       ms
[300.198s][info][gc,stats    ]       Phase: Pause Mark End                                0.020 / 0.028         0.020 / 0.038         0.020 / 0.038         0.020 / 0.038       ms
[300.198s][info][gc,stats    ]       Phase: Pause Mark Start                              0.008 / 0.010         0.008 / 0.022         0.008 / 0.022         0.008 / 0.022       ms
[300.198s][info][gc,stats    ]       Phase: Pause Relocate Start                          0.009 / 0.011         0.009 / 0.023         0.009 / 0.023         0.009 / 0.023       ms
[300.198s][info][gc,stats    ]    Subphase: Concurrent Classes Purge                      0.021 / 0.047         0.067 / 1.921         0.067 / 1.921         0.067 / 1.921       ms
[300.198s][info][gc,stats    ]    Subphase: Concurrent Classes Unlink                     8.669 / 9.577         7.378 / 15.207        7.378 / 15.207        7.378 / 15.207      ms
[300.198s][info][gc,stats    ]    Subphase: Concurrent Mark                              15.984 / 20.954       17.127 / 31.441       17.127 / 31.441       17.127 / 31.441      ms
[300.198s][info][gc,stats    ]    Subphase: Concurrent Mark Try Flush                     0.076 / 0.139         0.077 / 0.430         0.077 / 0.430         0.077 / 0.430       ms
[300.198s][info][gc,stats    ]    Subphase: Concurrent Mark Try Terminate                 1.174 / 8.251         1.581 / 16.378        1.581 / 16.378        1.581 / 16.378      ms
[300.198s][info][gc,stats    ]    Subphase: Concurrent References Enqueue                 0.005 / 0.008         0.005 / 0.010         0.005 / 0.010         0.005 / 0.010       ms
[300.198s][info][gc,stats    ]    Subphase: Concurrent References Process                 0.123 / 0.213         0.136 / 0.844         0.136 / 0.844         0.136 / 0.844       ms
[300.198s][info][gc,stats    ]    Subphase: Concurrent Roots ClassLoaderDataGraph         0.070 / 0.126         0.075 / 0.306         0.075 / 0.306         0.075 / 0.306       ms
[300.198s][info][gc,stats    ]    Subphase: Concurrent Roots CodeCache                    0.000 / 0.000         0.000 / 0.000         0.000 / 0.000         0.000 / 0.000       ms
[300.198s][info][gc,stats    ]    Subphase: Concurrent Roots JavaThreads                  1.350 / 1.849         1.498 / 4.045         1.498 / 4.045         1.498 / 4.045       ms
[300.198s][info][gc,stats    ]    Subphase: Concurrent Roots OopStorageSet                0.023 / 0.041         0.024 / 0.106         0.024 / 0.106         0.024 / 0.106       ms
[300.198s][info][gc,stats    ]    Subphase: Concurrent Weak Roots OopStorageSet           0.419 / 0.742         0.419 / 1.078         0.419 / 1.078         0.419 / 1.078       ms
[300.198s][info][gc,stats    ]    Subphase: Pause Mark Try Complete                       0.000 / 0.000         0.000 / 0.000         0.000 / 0.000         0.000 / 0.000       ms
[300.198s][info][gc,stats    ]      System: Java Threads                                     62 / 63               59 / 64               59 / 64               59 / 64          threads
[300.198s][info][gc,stats    ] =========================================================================================================================================================
[301.466s][info][gc,start    ] GC(177) Garbage Collection (System.gc())
[301.466s][info][gc,task     ] GC(177) Using 2 workers
[301.466s][info][gc,phases   ] GC(177) Pause Mark Start 0.007ms
[301.487s][info][gc,phases   ] GC(177) Concurrent Mark 20.158ms
[301.487s][info][gc,phases   ] GC(177) Pause Mark End 0.030ms
[301.487s][info][gc,phases   ] GC(177) Concurrent Mark Free 0.003ms
[301.496s][info][gc,phases   ] GC(177) Concurrent Process Non-Strong References 9.223ms
[301.496s][info][gc,phases   ] GC(177) Concurrent Reset Relocation Set 0.004ms
[301.498s][info][gc,phases   ] GC(177) Concurrent Select Relocation Set 1.418ms
[301.498s][info][gc,phases   ] GC(177) Pause Relocate Start 0.008ms
[301.498s][info][gc,phases   ] GC(177) Concurrent Relocate 0.390ms
[301.498s][info][gc,load     ] GC(177) Load: 0.00/0.00/0.00
[301.498s][info][gc,mmu      ] GC(177) MMU: 2ms/98.1%, 5ms/99.2%, 10ms/99.6%, 20ms/99.8%, 50ms/99.9%, 100ms/99.9%
[301.498s][info][gc,marking  ] GC(177) Mark: 2 stripe(s), 2 proactive flush(es), 1 terminate flush(es), 0 completion(s), 0 continuation(s) 
[301.498s][info][gc,marking  ] GC(177) Mark Stack Usage: 32M
[301.498s][info][gc,nmethod  ] GC(177) NMethods: 10105 registered, 252 unregistered
[301.498s][info][gc,metaspace] GC(177) Metaspace: 52M used, 52M committed, 1088M reserved
[301.498s][info][gc,ref      ] GC(177) Soft: 3841 encountered, 0 discovered, 0 enqueued
[301.498s][info][gc,ref      ] GC(177) Weak: 4200 encountered, 996 discovered, 31 enqueued
[301.498s][info][gc,ref      ] GC(177) Final: 37 encountered, 1 discovered, 0 enqueued
[301.498s][info][gc,ref      ] GC(177) Phantom: 291 encountered, 236 discovered, 0 enqueued
[301.498s][info][gc,reloc    ] GC(177) Small Pages: 895 / 1790M, Empty: 1660M, Relocated: 0M, In-Place: 0
[301.498s][info][gc,reloc    ] GC(177) Medium Pages: 0 / 0M, Empty: 0M, Relocated: 0M, In-Place: 0
[301.498s][info][gc,reloc    ] GC(177) Large Pages: 0 / 0M, Empty: 0M, Relocated: 0M, In-Place: 0
[301.498s][info][gc,reloc    ] GC(177) Forwarding Usage: 0M
[301.498s][info][gc,heap     ] GC(177) Min Capacity: 4096M(100%)
[301.498s][info][gc,heap     ] GC(177) Max Capacity: 4096M(100%)
[301.498s][info][gc,heap     ] GC(177) Soft Max Capacity: 4096M(100%)
[301.498s][info][gc,heap     ] GC(177)                Mark Start          Mark End        Relocate Start      Relocate End           High               Low         
[301.498s][info][gc,heap     ] GC(177)  Capacity:     4096M (100%)       4096M (100%)       4096M (100%)       4096M (100%)       4096M (100%)       4096M (100%)   
[301.498s][info][gc,heap     ] GC(177)      Free:     2306M (56%)        2292M (56%)        3952M (96%)        4056M (99%)        4056M (99%)        2292M (56%)    
[301.498s][info][gc,heap     ] GC(177)      Used:     1790M (44%)        1804M (44%)         144M (4%)           40M (1%)         1804M (44%)          40M (1%)     
[301.498s][info][gc,heap     ] GC(177)      Live:         -                20M (0%)           20M (0%)           20M (0%)             -                  -          
[301.498s][info][gc,heap     ] GC(177) Allocated:         -                14M (0%)           14M (0%)           14M (0%)             -                  -          
[301.498s][info][gc,heap     ] GC(177)   Garbage:         -              1769M (43%)         109M (3%)            5M (0%)             -                  -          
[301.498s][info][gc,heap     ] GC(177) Reclaimed:         -                  -              1660M (41%)        1764M (43%)            -                  -          
[301.499s][info][gc          ] GC(177) Garbage Collection (System.gc()) 1790M(44%)->40M(1%)
[303.297s][info][gc,start    ] GC(178) Garbage Collection (Proactive)
[303.297s][info][gc,task     ] GC(178) Using 2 workers
[303.297s][info][gc,phases   ] GC(178) Pause Mark Start 0.009ms
[303.316s][info][gc,phases   ] GC(178) Concurrent Mark 18.053ms
[303.316s][info][gc,phases   ] GC(178) Pause Mark End 0.017ms
[303.316s][info][gc,phases   ] GC(178) Concurrent Mark Free 0.001ms
[303.326s][info][gc,phases   ] GC(178) Concurrent Process Non-Strong References 10.129ms
[303.326s][info][gc,phases   ] GC(178) Concurrent Reset Relocation Set 0.004ms
[303.328s][info][gc,phases   ] GC(178) Concurrent Select Relocation Set 2.038ms
[303.328s][info][gc,phases   ] GC(178) Pause Relocate Start 0.010ms
[303.329s][info][gc,phases   ] GC(178) Concurrent Relocate 0.908ms
[303.329s][info][gc,load     ] GC(178) Load: 0.00/0.00/0.00
[303.329s][info][gc,mmu      ] GC(178) MMU: 2ms/98.1%, 5ms/99.2%, 10ms/99.6%, 20ms/99.8%, 50ms/99.9%, 100ms/99.9%
[303.329s][info][gc,marking  ] GC(178) Mark: 2 stripe(s), 2 proactive flush(es), 1 terminate flush(es), 0 completion(s), 0 continuation(s) 
[303.329s][info][gc,marking  ] GC(178) Mark Stack Usage: 32M
[303.329s][info][gc,nmethod  ] GC(178) NMethods: 10107 registered, 256 unregistered
[303.329s][info][gc,metaspace] GC(178) Metaspace: 52M used, 52M committed, 1088M reserved
[303.329s][info][gc,ref      ] GC(178) Soft: 3841 encountered, 0 discovered, 0 enqueued
[303.329s][info][gc,ref      ] GC(178) Weak: 4366 encountered, 740 discovered, 13 enqueued
[303.329s][info][gc,ref      ] GC(178) Final: 37 encountered, 0 discovered, 0 enqueued
[303.329s][info][gc,ref      ] GC(178) Phantom: 291 encountered, 237 discovered, 0 enqueued
[303.329s][info][gc,reloc    ] GC(178) Small Pages: 974 / 1948M, Empty: 1826M, Relocated: 1M, In-Place: 0
[303.329s][info][gc,reloc    ] GC(178) Medium Pages: 0 / 0M, Empty: 0M, Relocated: 0M, In-Place: 0
[303.329s][info][gc,reloc    ] GC(178) Large Pages: 0 / 0M, Empty: 0M, Relocated: 0M, In-Place: 0
[303.329s][info][gc,reloc    ] GC(178) Forwarding Usage: 0M
[303.329s][info][gc,heap     ] GC(178) Min Capacity: 4096M(100%)
[303.329s][info][gc,heap     ] GC(178) Max Capacity: 4096M(100%)
[303.329s][info][gc,heap     ] GC(178) Soft Max Capacity: 4096M(100%)
[303.329s][info][gc,heap     ] GC(178)                Mark Start          Mark End        Relocate Start      Relocate End           High               Low         
[303.329s][info][gc,heap     ] GC(178)  Capacity:     4096M (100%)       4096M (100%)       4096M (100%)       4096M (100%)       4096M (100%)       4096M (100%)   
[303.329s][info][gc,heap     ] GC(178)      Free:     2148M (52%)        2132M (52%)        3948M (96%)        4042M (99%)        4042M (99%)        2124M (52%)    
[303.329s][info][gc,heap     ] GC(178)      Used:     1948M (48%)        1964M (48%)         148M (4%)           54M (1%)         1972M (48%)          54M (1%)     
[303.329s][info][gc,heap     ] GC(178)      Live:         -                20M (1%)           20M (1%)           20M (1%)             -                  -          
[303.329s][info][gc,heap     ] GC(178) Allocated:         -                16M (0%)           26M (1%)           27M (1%)             -                  -          
[303.329s][info][gc,heap     ] GC(178)   Garbage:         -              1927M (47%)         101M (2%)            5M (0%)             -                  -          
[303.329s][info][gc,heap     ] GC(178) Reclaimed:         -                  -              1826M (45%)        1921M (47%)            -                  -          
[303.329s][info][gc          ] GC(178) Garbage Collection (Proactive) 1948M(48%)->54M(1%)
[305.064s][info][gc,start    ] GC(179) Garbage Collection (System.gc())
[305.064s][info][gc,task     ] GC(179) Using 2 workers
[305.064s][info][gc,phases   ] GC(179) Pause Mark Start 0.007ms
[305.087s][info][gc,phases   ] GC(179) Concurrent Mark 21.983ms
[305.087s][info][gc,phases   ] GC(179) Pause Mark End 0.026ms
[305.087s][info][gc,phases   ] GC(179) Concurrent Mark Free 0.002ms
[305.096s][info][gc,phases   ] GC(179) Concurrent Process Non-Strong References 9.050ms
[305.096s][info][gc,phases   ] GC(179) Concurrent Reset Relocation Set 0.004ms
[305.098s][info][gc,phases   ] GC(179) Concurrent Select Relocation Set 2.014ms
[305.098s][info][gc,phases   ] GC(179) Pause Relocate Start 0.007ms
[305.099s][info][gc,phases   ] GC(179) Concurrent Relocate 0.372ms
[305.099s][info][gc,load     ] GC(179) Load: 0.00/0.00/0.00
[305.099s][info][gc,mmu      ] GC(179) MMU: 2ms/98.1%, 5ms/99.2%, 10ms/99.6%, 20ms/99.8%, 50ms/99.9%, 100ms/99.9%
[305.099s][info][gc,marking  ] GC(179) Mark: 2 stripe(s), 2 proactive flush(es), 1 terminate flush(es), 0 completion(s), 0 continuation(s) 
[305.099s][info][gc,marking  ] GC(179) Mark Stack Usage: 32M
[305.099s][info][gc,nmethod  ] GC(179) NMethods: 10108 registered, 256 unregistered
[305.099s][info][gc,metaspace] GC(179) Metaspace: 52M used, 52M committed, 1088M reserved
[305.099s][info][gc,ref      ] GC(179) Soft: 3841 encountered, 0 discovered, 0 enqueued
[305.099s][info][gc,ref      ] GC(179) Weak: 4202 encountered, 707 discovered, 30 enqueued
[305.099s][info][gc,ref      ] GC(179) Final: 37 encountered, 0 discovered, 0 enqueued
[305.099s][info][gc,ref      ] GC(179) Phantom: 291 encountered, 237 discovered, 0 enqueued
[305.099s][info][gc,reloc    ] GC(179) Small Pages: 964 / 1928M, Empty: 1788M, Relocated: 0M, In-Place: 0
[305.099s][info][gc,reloc    ] GC(179) Medium Pages: 0 / 0M, Empty: 0M, Relocated: 0M, In-Place: 0
[305.099s][info][gc,reloc    ] GC(179) Large Pages: 0 / 0M, Empty: 0M, Relocated: 0M, In-Place: 0
[305.099s][info][gc,reloc    ] GC(179) Forwarding Usage: 0M
[305.099s][info][gc,heap     ] GC(179) Min Capacity: 4096M(100%)
[305.099s][info][gc,heap     ] GC(179) Max Capacity: 4096M(100%)
[305.099s][info][gc,heap     ] GC(179) Soft Max Capacity: 4096M(100%)
[305.099s][info][gc,heap     ] GC(179)                Mark Start          Mark End        Relocate Start      Relocate End           High               Low         
[305.099s][info][gc,heap     ] GC(179)  Capacity:     4096M (100%)       4096M (100%)       4096M (100%)       4096M (100%)       4096M (100%)       4096M (100%)   
[305.099s][info][gc,heap     ] GC(179)      Free:     2168M (53%)        2154M (53%)        3942M (96%)        4056M (99%)        4056M (99%)        2154M (53%)    
[305.099s][info][gc,heap     ] GC(179)      Used:     1928M (47%)        1942M (47%)         154M (4%)           40M (1%)         1942M (47%)          40M (1%)     
[305.099s][info][gc,heap     ] GC(179)      Live:         -                20M (0%)           20M (0%)           20M (0%)             -                  -          
[305.099s][info][gc,heap     ] GC(179) Allocated:         -                14M (0%)           14M (0%)           14M (0%)             -                  -          
[305.099s][info][gc,heap     ] GC(179)   Garbage:         -              1907M (47%)         119M (3%)            5M (0%)             -                  -          
[305.099s][info][gc,heap     ] GC(179) Reclaimed:         -                  -              1788M (44%)        1902M (46%)            -                  -          
[305.099s][info][gc          ] GC(179) Garbage Collection (System.gc()) 1928M(47%)->40M(1%)
[306.998s][info][gc,start    ] GC(180) Garbage Collection (Proactive)
[306.998s][info][gc,task     ] GC(180) Using 2 workers
[306.998s][info][gc,phases   ] GC(180) Pause Mark Start 0.009ms
[307.016s][info][gc,phases   ] GC(180) Concurrent Mark 18.264ms
[307.016s][info][gc,phases   ] GC(180) Pause Mark End 0.016ms
[307.017s][info][gc,phases   ] GC(180) Concurrent Mark Free 0.001ms
[307.027s][info][gc,phases   ] GC(180) Concurrent Process Non-Strong References 10.027ms
[307.027s][info][gc,phases   ] GC(180) Concurrent Reset Relocation Set 0.005ms
[307.029s][info][gc,phases   ] GC(180) Concurrent Select Relocation Set 2.006ms
[307.029s][info][gc,phases   ] GC(180) Pause Relocate Start 0.010ms
[307.030s][info][gc,phases   ] GC(180) Concurrent Relocate 0.793ms
[307.030s][info][gc,load     ] GC(180) Load: 0.00/0.00/0.00
[307.030s][info][gc,mmu      ] GC(180) MMU: 2ms/98.1%, 5ms/99.2%, 10ms/99.6%, 20ms/99.8%, 50ms/99.9%, 100ms/99.9%
[307.030s][info][gc,marking  ] GC(180) Mark: 2 stripe(s), 2 proactive flush(es), 1 terminate flush(es), 0 completion(s), 0 continuation(s) 
[307.030s][info][gc,marking  ] GC(180) Mark Stack Usage: 32M
[307.030s][info][gc,nmethod  ] GC(180) NMethods: 10107 registered, 260 unregistered
[307.030s][info][gc,metaspace] GC(180) Metaspace: 52M used, 52M committed, 1088M reserved
[307.030s][info][gc,ref      ] GC(180) Soft: 3841 encountered, 0 discovered, 0 enqueued
[307.030s][info][gc,ref      ] GC(180) Weak: 4367 encountered, 371 discovered, 14 enqueued
[307.030s][info][gc,ref      ] GC(180) Final: 37 encountered, 0 discovered, 0 enqueued
[307.030s][info][gc,ref      ] GC(180) Phantom: 291 encountered, 236 discovered, 0 enqueued
[307.030s][info][gc,reloc    ] GC(180) Small Pages: 1033 / 2066M, Empty: 1950M, Relocated: 1M, In-Place: 0
[307.030s][info][gc,reloc    ] GC(180) Medium Pages: 0 / 0M, Empty: 0M, Relocated: 0M, In-Place: 0
[307.030s][info][gc,reloc    ] GC(180) Large Pages: 0 / 0M, Empty: 0M, Relocated: 0M, In-Place: 0
[307.030s][info][gc,reloc    ] GC(180) Forwarding Usage: 0M
[307.030s][info][gc,heap     ] GC(180) Min Capacity: 4096M(100%)
[307.030s][info][gc,heap     ] GC(180) Max Capacity: 4096M(100%)
[307.030s][info][gc,heap     ] GC(180) Soft Max Capacity: 4096M(100%)
[307.030s][info][gc,heap     ] GC(180)                Mark Start          Mark End        Relocate Start      Relocate End           High               Low         
[307.030s][info][gc,heap     ] GC(180)  Capacity:     4096M (100%)       4096M (100%)       4096M (100%)       4096M (100%)       4096M (100%)       4096M (100%)   
[307.030s][info][gc,heap     ] GC(180)      Free:     2030M (50%)        2012M (49%)        3952M (96%)        4040M (99%)        4040M (99%)        2002M (49%)    
[307.030s][info][gc,heap     ] GC(180)      Used:     2066M (50%)        2084M (51%)         144M (4%)           56M (1%)         2094M (51%)          56M (1%)     
[307.030s][info][gc,heap     ] GC(180)      Live:         -                20M (1%)           20M (1%)           20M (1%)             -                  -          
[307.030s][info][gc,heap     ] GC(180) Allocated:         -                18M (0%)           28M (1%)           29M (1%)             -                  -          
[307.030s][info][gc,heap     ] GC(180)   Garbage:         -              2045M (50%)          95M (2%)            5M (0%)             -                  -          
[307.030s][info][gc,heap     ] GC(180) Reclaimed:         -                  -              1950M (48%)        2039M (50%)            -                  -          
[307.030s][info][gc          ] GC(180) Garbage Collection (Proactive) 2066M(50%)->56M(1%)
[308.669s][info][gc,start    ] GC(181) Garbage Collection (System.gc())
[308.669s][info][gc,task     ] GC(181) Using 2 workers
[308.669s][info][gc,phases   ] GC(181) Pause Mark Start 0.006ms
[308.696s][info][gc,phases   ] GC(181) Concurrent Mark 27.035ms
[308.697s][info][gc,phases   ] GC(181) Pause Mark End 0.026ms
[308.697s][info][gc,phases   ] GC(181) Concurrent Mark Free 0.003ms
[308.707s][info][gc,phases   ] GC(181) Concurrent Process Non-Strong References 10.235ms
[308.707s][info][gc,phases   ] GC(181) Concurrent Reset Relocation Set 0.003ms
[308.709s][info][gc,phases   ] GC(181) Concurrent Select Relocation Set 1.808ms
[308.709s][info][gc,phases   ] GC(181) Pause Relocate Start 0.007ms
[308.709s][info][gc,phases   ] GC(181) Concurrent Relocate 0.367ms
[308.709s][info][gc,load     ] GC(181) Load: 0.00/0.00/0.00
[308.709s][info][gc,mmu      ] GC(181) MMU: 2ms/98.1%, 5ms/99.2%, 10ms/99.6%, 20ms/99.8%, 50ms/99.9%, 100ms/99.9%
[308.709s][info][gc,marking  ] GC(181) Mark: 2 stripe(s), 2 proactive flush(es), 1 terminate flush(es), 0 completion(s), 0 continuation(s) 
[308.709s][info][gc,marking  ] GC(181) Mark Stack Usage: 32M
[308.709s][info][gc,nmethod  ] GC(181) NMethods: 10110 registered, 261 unregistered
[308.709s][info][gc,metaspace] GC(181) Metaspace: 52M used, 52M committed, 1088M reserved
[308.709s][info][gc,ref      ] GC(181) Soft: 3841 encountered, 0 discovered, 0 enqueued
[308.709s][info][gc,ref      ] GC(181) Weak: 4200 encountered, 495 discovered, 31 enqueued
[308.709s][info][gc,ref      ] GC(181) Final: 37 encountered, 1 discovered, 0 enqueued
[308.709s][info][gc,ref      ] GC(181) Phantom: 291 encountered, 237 discovered, 0 enqueued
[308.709s][info][gc,reloc    ] GC(181) Small Pages: 904 / 1808M, Empty: 1684M, Relocated: 0M, In-Place: 0
[308.710s][info][gc,reloc    ] GC(181) Medium Pages: 0 / 0M, Empty: 0M, Relocated: 0M, In-Place: 0
[308.710s][info][gc,reloc    ] GC(181) Large Pages: 0 / 0M, Empty: 0M, Relocated: 0M, In-Place: 0
[308.710s][info][gc,reloc    ] GC(181) Forwarding Usage: 0M
[308.710s][info][gc,heap     ] GC(181) Min Capacity: 4096M(100%)
[308.710s][info][gc,heap     ] GC(181) Max Capacity: 4096M(100%)
[308.710s][info][gc,heap     ] GC(181) Soft Max Capacity: 4096M(100%)
[308.710s][info][gc,heap     ] GC(181)                Mark Start          Mark End        Relocate Start      Relocate End           High               Low         
[308.710s][info][gc,heap     ] GC(181)  Capacity:     4096M (100%)       4096M (100%)       4096M (100%)       4096M (100%)       4096M (100%)       4096M (100%)   
[308.710s][info][gc,heap     ] GC(181)      Free:     2288M (56%)        2276M (56%)        3960M (97%)        4058M (99%)        4058M (99%)        2276M (56%)    
[308.710s][info][gc,heap     ] GC(181)      Used:     1808M (44%)        1820M (44%)         136M (3%)           38M (1%)         1820M (44%)          38M (1%)     
[308.710s][info][gc,heap     ] GC(181)      Live:         -                20M (0%)           20M (0%)           20M (0%)             -                  -          
[308.710s][info][gc,heap     ] GC(181) Allocated:         -                12M (0%)           12M (0%)           12M (0%)             -                  -          
[308.710s][info][gc,heap     ] GC(181)   Garbage:         -              1787M (44%)         103M (3%)            5M (0%)             -                  -          
[308.710s][info][gc,heap     ] GC(181) Reclaimed:         -                  -              1684M (41%)        1782M (44%)            -                  -          
[308.710s][info][gc          ] GC(181) Garbage Collection (System.gc()) 1808M(44%)->38M(1%)
[310.198s][info][gc,stats    ] === Garbage Collection Statistics =======================================================================================================================
[310.198s][info][gc,stats    ]                                                              Last 10s              Last 10m              Last 10h                Total
[310.198s][info][gc,stats    ]                                                              Avg / Max             Avg / Max             Avg / Max             Avg / Max
[310.198s][info][gc,stats    ]   Collector: Garbage Collection Cycle                     34.039 / 40.236       32.770 / 62.948       32.770 / 62.948       32.770 / 62.948      ms
[310.198s][info][gc,stats    ]  Contention: Mark Segment Reset Contention                     0 / 0                 0 / 2                 0 / 2                 0 / 2           ops/s
[310.198s][info][gc,stats    ]  Contention: Mark SeqNum Reset Contention                      0 / 1                 0 / 2                 0 / 2                 0 / 2           ops/s
[310.198s][info][gc,stats    ]    Critical: Allocation Stall                                  0 / 0                 0 / 0                 0 / 0                 0 / 0           ops/s
[310.198s][info][gc,stats    ]    Critical: Allocation Stall                              0.000 / 0.000         0.000 / 0.000         0.000 / 0.000         0.000 / 0.000       ms
[310.198s][info][gc,stats    ]    Critical: GC Locker Stall                                   0 / 0                 0 / 0                 0 / 0                 0 / 0           ops/s
[310.198s][info][gc,stats    ]    Critical: GC Locker Stall                               0.000 / 0.000         0.000 / 0.000         0.000 / 0.000         0.000 / 0.000       ms
[310.198s][info][gc,stats    ]    Critical: Relocation Stall                                  0 / 0                 0 / 0                 0 / 0                 0 / 0           ops/s
[310.198s][info][gc,stats    ]    Critical: Relocation Stall                              0.000 / 0.000         0.000 / 0.000         0.000 / 0.000         0.000 / 0.000       ms
[310.198s][info][gc,stats    ]      Memory: Allocation Rate                                1063 / 1098           1019 / 1120           1019 / 1120           1019 / 1120        MB/s
[310.198s][info][gc,stats    ]      Memory: Defragment                                        0 / 0                 0 / 0                 0 / 0                 0 / 0           ops/s
[310.198s][info][gc,stats    ]      Memory: Out Of Memory                                     0 / 0                 0 / 0                 0 / 0                 0 / 0           ops/s
[310.198s][info][gc,stats    ]      Memory: Page Cache Flush                                  0 / 0                 0 / 0                 0 / 0                 0 / 0           MB/s
[310.198s][info][gc,stats    ]      Memory: Page Cache Hit L1                               532 / 549             505 / 560             505 / 560             505 / 560         ops/s
[310.198s][info][gc,stats    ]      Memory: Page Cache Hit L2                                 0 / 0                 0 / 0                 0 / 0                 0 / 0           ops/s
[310.198s][info][gc,stats    ]      Memory: Page Cache Hit L3                                 0 / 0                 5 / 295               5 / 295               5 / 295         ops/s
[310.198s][info][gc,stats    ]      Memory: Page Cache Miss                                   0 / 0                 0 / 1                 0 / 1                 0 / 1           ops/s
[310.198s][info][gc,stats    ]      Memory: Uncommit                                          0 / 0                 0 / 0                 0 / 0                 0 / 0           MB/s
[310.198s][info][gc,stats    ]      Memory: Undo Object Allocation Failed                     0 / 0                 0 / 1                 0 / 1                 0 / 1           ops/s
[310.198s][info][gc,stats    ]      Memory: Undo Object Allocation Succeeded                  0 / 2                 2 / 42                2 / 42                2 / 42          ops/s
[310.198s][info][gc,stats    ]      Memory: Undo Page Allocation                              1 / 2                 1 / 8                 1 / 8                 1 / 8           ops/s
[310.198s][info][gc,stats    ]       Phase: Concurrent Mark                              21.098 / 27.035       20.936 / 33.521       20.936 / 33.521       20.936 / 33.521      ms
[310.198s][info][gc,stats    ]       Phase: Concurrent Mark Continue                      0.000 / 0.000         0.000 / 0.000         0.000 / 0.000         0.000 / 0.000       ms
[310.198s][info][gc,stats    ]       Phase: Concurrent Mark Free                          0.002 / 0.003         0.001 / 0.004         0.001 / 0.004         0.001 / 0.004       ms
[310.198s][info][gc,stats    ]       Phase: Concurrent Process Non-Strong References      9.733 / 10.235        8.244 / 21.700        8.244 / 21.700        8.244 / 21.700      ms
[310.198s][info][gc,stats    ]       Phase: Concurrent Relocate                           0.566 / 0.908         0.722 / 5.848         0.722 / 5.848         0.722 / 5.848       ms
[310.198s][info][gc,stats    ]       Phase: Concurrent Reset Relocation Set               0.004 / 0.005         0.004 / 0.010         0.004 / 0.010         0.004 / 0.010       ms
[310.198s][info][gc,stats    ]       Phase: Concurrent Select Relocation Set              1.857 / 2.038         2.020 / 5.959         2.020 / 5.959         2.020 / 5.959       ms
[310.198s][info][gc,stats    ]       Phase: Pause Mark End                                0.023 / 0.030         0.020 / 0.038         0.020 / 0.038         0.020 / 0.038       ms
[310.198s][info][gc,stats    ]       Phase: Pause Mark Start                              0.008 / 0.009         0.008 / 0.022         0.008 / 0.022         0.008 / 0.022       ms
[310.198s][info][gc,stats    ]       Phase: Pause Relocate Start                          0.008 / 0.010         0.009 / 0.023         0.009 / 0.023         0.009 / 0.023       ms
[310.198s][info][gc,stats    ]    Subphase: Concurrent Classes Purge                      0.024 / 0.035         0.066 / 1.921         0.066 / 1.921         0.066 / 1.921       ms
[310.198s][info][gc,stats    ]    Subphase: Concurrent Classes Unlink                     8.776 / 9.449         7.416 / 15.207        7.416 / 15.207        7.416 / 15.207      ms
[310.198s][info][gc,stats    ]    Subphase: Concurrent Mark                              16.688 / 24.952       17.115 / 31.441       17.115 / 31.441       17.115 / 31.441      ms
[310.198s][info][gc,stats    ]    Subphase: Concurrent Mark Try Flush                     0.083 / 0.157         0.077 / 0.430         0.077 / 0.430         0.077 / 0.430       ms
[310.198s][info][gc,stats    ]    Subphase: Concurrent Mark Try Terminate                 1.952 / 12.639        1.591 / 16.378        1.591 / 16.378        1.591 / 16.378      ms
[310.198s][info][gc,stats    ]    Subphase: Concurrent References Enqueue                 0.006 / 0.008         0.005 / 0.010         0.005 / 0.010         0.005 / 0.010       ms
[310.198s][info][gc,stats    ]    Subphase: Concurrent References Process                 0.168 / 0.305         0.137 / 0.844         0.137 / 0.844         0.137 / 0.844       ms
[310.198s][info][gc,stats    ]    Subphase: Concurrent Roots ClassLoaderDataGraph         0.079 / 0.131         0.076 / 0.306         0.076 / 0.306         0.076 / 0.306       ms
[310.198s][info][gc,stats    ]    Subphase: Concurrent Roots CodeCache                    0.000 / 0.000         0.000 / 0.000         0.000 / 0.000         0.000 / 0.000       ms
[310.198s][info][gc,stats    ]    Subphase: Concurrent Roots JavaThreads                  1.445 / 1.765         1.497 / 4.045         1.497 / 4.045         1.497 / 4.045       ms
[310.198s][info][gc,stats    ]    Subphase: Concurrent Roots OopStorageSet                0.022 / 0.034         0.024 / 0.106         0.024 / 0.106         0.024 / 0.106       ms
[310.198s][info][gc,stats    ]    Subphase: Concurrent Weak Roots OopStorageSet           0.559 / 0.806         0.423 / 1.078         0.423 / 1.078         0.423 / 1.078       ms
[310.198s][info][gc,stats    ]    Subphase: Pause Mark Try Complete                       0.000 / 0.000         0.000 / 0.000         0.000 / 0.000         0.000 / 0.000       ms
[310.198s][info][gc,stats    ]      System: Java Threads                                     63 / 63               59 / 64               59 / 64               59 / 64          threads
[310.198s][info][gc,stats    ] =========================================================================================================================================================
[311.198s][info][gc,start    ] GC(182) Garbage Collection (Proactive)
[311.198s][info][gc,task     ] GC(182) Using 2 workers
[311.198s][info][gc,phases   ] GC(182) Pause Mark Start 0.006ms
[311.216s][info][gc,phases   ] GC(182) Concurrent Mark 17.453ms
[311.216s][info][gc,phases   ] GC(182) Pause Mark End 0.014ms
[311.216s][info][gc,phases   ] GC(182) Concurrent Mark Free 0.001ms
[311.226s][info][gc,phases   ] GC(182) Concurrent Process Non-Strong References 10.246ms
[311.226s][info][gc,phases   ] GC(182) Concurrent Reset Relocation Set 0.003ms
[311.228s][info][gc,phases   ] GC(182) Concurrent Select Relocation Set 2.076ms
[311.228s][info][gc,phases   ] GC(182) Pause Relocate Start 0.010ms
[311.229s][info][gc,phases   ] GC(182) Concurrent Relocate 0.813ms
[311.229s][info][gc,load     ] GC(182) Load: 0.00/0.00/0.00
[311.229s][info][gc,mmu      ] GC(182) MMU: 2ms/98.1%, 5ms/99.2%, 10ms/99.6%, 20ms/99.8%, 50ms/99.9%, 100ms/99.9%
[311.229s][info][gc,marking  ] GC(182) Mark: 2 stripe(s), 2 proactive flush(es), 1 terminate flush(es), 0 completion(s), 0 continuation(s) 
[311.229s][info][gc,marking  ] GC(182) Mark Stack Usage: 32M
[311.229s][info][gc,nmethod  ] GC(182) NMethods: 10107 registered, 267 unregistered
[311.229s][info][gc,metaspace] GC(182) Metaspace: 52M used, 52M committed, 1088M reserved
[311.229s][info][gc,ref      ] GC(182) Soft: 3841 encountered, 0 discovered, 0 enqueued
[311.229s][info][gc,ref      ] GC(182) Weak: 4366 encountered, 651 discovered, 13 enqueued
[311.229s][info][gc,ref      ] GC(182) Final: 37 encountered, 0 discovered, 0 enqueued
[311.229s][info][gc,ref      ] GC(182) Phantom: 291 encountered, 237 discovered, 0 enqueued
[311.229s][info][gc,reloc    ] GC(182) Small Pages: 1365 / 2730M, Empty: 2606M, Relocated: 1M, In-Place: 0
[311.229s][info][gc,reloc    ] GC(182) Medium Pages: 0 / 0M, Empty: 0M, Relocated: 0M, In-Place: 0
[311.229s][info][gc,reloc    ] GC(182) Large Pages: 0 / 0M, Empty: 0M, Relocated: 0M, In-Place: 0
[311.229s][info][gc,reloc    ] GC(182) Forwarding Usage: 0M
[311.229s][info][gc,heap     ] GC(182) Min Capacity: 4096M(100%)
[311.229s][info][gc,heap     ] GC(182) Max Capacity: 4096M(100%)
[311.229s][info][gc,heap     ] GC(182) Soft Max Capacity: 4096M(100%)
[311.230s][info][gc,heap     ] GC(182)                Mark Start          Mark End        Relocate Start      Relocate End           High               Low         
[311.230s][info][gc,heap     ] GC(182)  Capacity:     4096M (100%)       4096M (100%)       4096M (100%)       4096M (100%)       4096M (100%)       4096M (100%)   
[311.230s][info][gc,heap     ] GC(182)      Free:     1366M (33%)        1348M (33%)        3944M (96%)        4042M (99%)        4042M (99%)        1340M (33%)    
[311.230s][info][gc,heap     ] GC(182)      Used:     2730M (67%)        2748M (67%)         152M (4%)           54M (1%)         2756M (67%)          54M (1%)     
[311.230s][info][gc,heap     ] GC(182)      Live:         -                20M (1%)           20M (1%)           20M (1%)             -                  -          
[311.230s][info][gc,heap     ] GC(182) Allocated:         -                18M (0%)           28M (1%)           27M (1%)             -                  -          
[311.230s][info][gc,heap     ] GC(182)   Garbage:         -              2709M (66%)         103M (3%)            5M (0%)             -                  -          
[311.230s][info][gc,heap     ] GC(182) Reclaimed:         -                  -              2606M (64%)        2703M (66%)            -                  -          
[311.230s][info][gc          ] GC(182) Garbage Collection (Proactive) 2730M(67%)->54M(1%)
[312.257s][info][gc,start    ] GC(183) Garbage Collection (System.gc())
[312.257s][info][gc,task     ] GC(183) Using 2 workers
[312.257s][info][gc,phases   ] GC(183) Pause Mark Start 0.007ms
[312.277s][info][gc,phases   ] GC(183) Concurrent Mark 20.188ms
[312.277s][info][gc,phases   ] GC(183) Pause Mark End 0.037ms
[312.277s][info][gc,phases   ] GC(183) Concurrent Mark Free 0.002ms
[312.287s][info][gc,phases   ] GC(183) Concurrent Process Non-Strong References 9.284ms
[312.287s][info][gc,phases   ] GC(183) Concurrent Reset Relocation Set 0.003ms
[312.289s][info][gc,phases   ] GC(183) Concurrent Select Relocation Set 1.871ms
[312.289s][info][gc,phases   ] GC(183) Pause Relocate Start 0.008ms
[312.289s][info][gc,phases   ] GC(183) Concurrent Relocate 0.374ms
[312.289s][info][gc,load     ] GC(183) Load: 0.00/0.00/0.00
[312.289s][info][gc,mmu      ] GC(183) MMU: 2ms/98.1%, 5ms/99.2%, 10ms/99.6%, 20ms/99.8%, 50ms/99.9%, 100ms/99.9%
[312.289s][info][gc,marking  ] GC(183) Mark: 2 stripe(s), 2 proactive flush(es), 1 terminate flush(es), 0 completion(s), 0 continuation(s) 
[312.289s][info][gc,marking  ] GC(183) Mark Stack Usage: 32M
[312.289s][info][gc,nmethod  ] GC(183) NMethods: 10108 registered, 267 unregistered
[312.289s][info][gc,metaspace] GC(183) Metaspace: 52M used, 52M committed, 1088M reserved
[312.289s][info][gc,ref      ] GC(183) Soft: 3841 encountered, 0 discovered, 0 enqueued
[312.289s][info][gc,ref      ] GC(183) Weak: 4200 encountered, 706 discovered, 31 enqueued
[312.289s][info][gc,ref      ] GC(183) Final: 37 encountered, 0 discovered, 0 enqueued
[312.289s][info][gc,ref      ] GC(183) Phantom: 291 encountered, 235 discovered, 0 enqueued
[312.289s][info][gc,reloc    ] GC(183) Small Pages: 572 / 1144M, Empty: 1018M, Relocated: 0M, In-Place: 0
[312.289s][info][gc,reloc    ] GC(183) Medium Pages: 0 / 0M, Empty: 0M, Relocated: 0M, In-Place: 0
[312.289s][info][gc,reloc    ] GC(183) Large Pages: 0 / 0M, Empty: 0M, Relocated: 0M, In-Place: 0
[312.289s][info][gc,reloc    ] GC(183) Forwarding Usage: 0M
[312.289s][info][gc,heap     ] GC(183) Min Capacity: 4096M(100%)
[312.289s][info][gc,heap     ] GC(183) Max Capacity: 4096M(100%)
[312.289s][info][gc,heap     ] GC(183) Soft Max Capacity: 4096M(100%)
[312.289s][info][gc,heap     ] GC(183)                Mark Start          Mark End        Relocate Start      Relocate End           High               Low         
[312.289s][info][gc,heap     ] GC(183)  Capacity:     4096M (100%)       4096M (100%)       4096M (100%)       4096M (100%)       4096M (100%)       4096M (100%)   
[312.289s][info][gc,heap     ] GC(183)      Free:     2952M (72%)        2936M (72%)        3954M (97%)        4054M (99%)        4054M (99%)        2936M (72%)    
[312.289s][info][gc,heap     ] GC(183)      Used:     1144M (28%)        1160M (28%)         142M (3%)           42M (1%)         1160M (28%)          42M (1%)     
[312.289s][info][gc,heap     ] GC(183)      Live:         -                20M (0%)           20M (0%)           20M (0%)             -                  -          
[312.289s][info][gc,heap     ] GC(183) Allocated:         -                16M (0%)           16M (0%)           16M (0%)             -                  -          
[312.289s][info][gc,heap     ] GC(183)   Garbage:         -              1123M (27%)         105M (3%)            5M (0%)             -                  -          
[312.289s][info][gc,heap     ] GC(183) Reclaimed:         -                  -              1018M (25%)        1118M (27%)            -                  -          
[312.289s][info][gc          ] GC(183) Garbage Collection (System.gc()) 1144M(28%)->42M(1%)
[314.298s][info][gc,start    ] GC(184) Garbage Collection (Proactive)
[314.298s][info][gc,task     ] GC(184) Using 2 workers
[314.298s][info][gc,phases   ] GC(184) Pause Mark Start 0.009ms
[314.316s][info][gc,phases   ] GC(184) Concurrent Mark 18.533ms
[314.317s][info][gc,phases   ] GC(184) Pause Mark End 0.017ms
[314.317s][info][gc,phases   ] GC(184) Concurrent Mark Free 0.001ms
[314.326s][info][gc,phases   ] GC(184) Concurrent Process Non-Strong References 9.668ms
[314.326s][info][gc,phases   ] GC(184) Concurrent Reset Relocation Set 0.004ms
[314.328s][info][gc,phases   ] GC(184) Concurrent Select Relocation Set 2.057ms
[314.329s][info][gc,phases   ] GC(184) Pause Relocate Start 0.018ms
[314.330s][info][gc,phases   ] GC(184) Concurrent Relocate 0.854ms
[314.330s][info][gc,load     ] GC(184) Load: 0.00/0.00/0.00
[314.330s][info][gc,mmu      ] GC(184) MMU: 2ms/98.1%, 5ms/99.2%, 10ms/99.6%, 20ms/99.8%, 50ms/99.9%, 100ms/99.9%
[314.330s][info][gc,marking  ] GC(184) Mark: 2 stripe(s), 2 proactive flush(es), 1 terminate flush(es), 0 completion(s), 0 continuation(s) 
[314.330s][info][gc,marking  ] GC(184) Mark Stack Usage: 32M
[314.330s][info][gc,nmethod  ] GC(184) NMethods: 10106 registered, 271 unregistered
[314.330s][info][gc,metaspace] GC(184) Metaspace: 52M used, 52M committed, 1088M reserved
[314.330s][info][gc,ref      ] GC(184) Soft: 3841 encountered, 0 discovered, 0 enqueued
[314.330s][info][gc,ref      ] GC(184) Weak: 4364 encountered, 692 discovered, 13 enqueued
[314.330s][info][gc,ref      ] GC(184) Final: 37 encountered, 0 discovered, 0 enqueued
[314.330s][info][gc,ref      ] GC(184) Phantom: 291 encountered, 236 discovered, 0 enqueued
[314.330s][info][gc,reloc    ] GC(184) Small Pages: 1099 / 2198M, Empty: 2082M, Relocated: 1M, In-Place: 0
[314.330s][info][gc,reloc    ] GC(184) Medium Pages: 0 / 0M, Empty: 0M, Relocated: 0M, In-Place: 0
[314.330s][info][gc,reloc    ] GC(184) Large Pages: 0 / 0M, Empty: 0M, Relocated: 0M, In-Place: 0
[314.330s][info][gc,reloc    ] GC(184) Forwarding Usage: 0M
[314.330s][info][gc,heap     ] GC(184) Min Capacity: 4096M(100%)
[314.330s][info][gc,heap     ] GC(184) Max Capacity: 4096M(100%)
[314.330s][info][gc,heap     ] GC(184) Soft Max Capacity: 4096M(100%)
[314.330s][info][gc,heap     ] GC(184)                Mark Start          Mark End        Relocate Start      Relocate End           High               Low         
[314.330s][info][gc,heap     ] GC(184)  Capacity:     4096M (100%)       4096M (100%)       4096M (100%)       4096M (100%)       4096M (100%)       4096M (100%)   
[314.330s][info][gc,heap     ] GC(184)      Free:     1898M (46%)        1878M (46%)        3950M (96%)        4040M (99%)        4040M (99%)        1870M (46%)    
[314.330s][info][gc,heap     ] GC(184)      Used:     2198M (54%)        2218M (54%)         146M (4%)           56M (1%)         2226M (54%)          56M (1%)     
[314.330s][info][gc,heap     ] GC(184)      Live:         -                20M (1%)           20M (1%)           20M (1%)             -                  -          
[314.330s][info][gc,heap     ] GC(184) Allocated:         -                20M (0%)           30M (1%)           29M (1%)             -                  -          
[314.330s][info][gc,heap     ] GC(184)   Garbage:         -              2177M (53%)          95M (2%)            5M (0%)             -                  -          
[314.330s][info][gc,heap     ] GC(184) Reclaimed:         -                  -              2082M (51%)        2171M (53%)            -                  -          
[314.330s][info][gc          ] GC(184) Garbage Collection (Proactive) 2198M(54%)->56M(1%)
[315.822s][info][gc,start    ] GC(185) Garbage Collection (System.gc())
[315.822s][info][gc,task     ] GC(185) Using 2 workers
[315.822s][info][gc,phases   ] GC(185) Pause Mark Start 0.039ms
[315.846s][info][gc,phases   ] GC(185) Concurrent Mark 24.335ms
[315.847s][info][gc,phases   ] GC(185) Pause Mark End 0.023ms
[315.847s][info][gc,phases   ] GC(185) Concurrent Mark Free 0.004ms
[315.856s][info][gc,phases   ] GC(185) Concurrent Process Non-Strong References 8.899ms
[315.856s][info][gc,phases   ] GC(185) Concurrent Reset Relocation Set 0.003ms
[315.858s][info][gc,phases   ] GC(185) Concurrent Select Relocation Set 1.908ms
[315.858s][info][gc,phases   ] GC(185) Pause Relocate Start 0.008ms
[315.858s][info][gc,phases   ] GC(185) Concurrent Relocate 0.472ms
[315.858s][info][gc,load     ] GC(185) Load: 0.00/0.00/0.00
[315.858s][info][gc,mmu      ] GC(185) MMU: 2ms/98.1%, 5ms/99.2%, 10ms/99.6%, 20ms/99.8%, 50ms/99.9%, 100ms/99.9%
[315.858s][info][gc,marking  ] GC(185) Mark: 2 stripe(s), 2 proactive flush(es), 1 terminate flush(es), 0 completion(s), 0 continuation(s) 
[315.858s][info][gc,marking  ] GC(185) Mark Stack Usage: 32M
[315.858s][info][gc,nmethod  ] GC(185) NMethods: 10107 registered, 271 unregistered
[315.858s][info][gc,metaspace] GC(185) Metaspace: 52M used, 52M committed, 1088M reserved
[315.858s][info][gc,ref      ] GC(185) Soft: 3841 encountered, 0 discovered, 0 enqueued
[315.858s][info][gc,ref      ] GC(185) Weak: 4215 encountered, 498 discovered, 31 enqueued
[315.858s][info][gc,ref      ] GC(185) Final: 37 encountered, 0 discovered, 0 enqueued
[315.858s][info][gc,ref      ] GC(185) Phantom: 291 encountered, 237 discovered, 0 enqueued
[315.858s][info][gc,reloc    ] GC(185) Small Pages: 837 / 1674M, Empty: 1534M, Relocated: 0M, In-Place: 0
[315.858s][info][gc,reloc    ] GC(185) Medium Pages: 0 / 0M, Empty: 0M, Relocated: 0M, In-Place: 0
[315.858s][info][gc,reloc    ] GC(185) Large Pages: 0 / 0M, Empty: 0M, Relocated: 0M, In-Place: 0
[315.858s][info][gc,reloc    ] GC(185) Forwarding Usage: 0M
[315.858s][info][gc,heap     ] GC(185) Min Capacity: 4096M(100%)
[315.858s][info][gc,heap     ] GC(185) Max Capacity: 4096M(100%)
[315.858s][info][gc,heap     ] GC(185) Soft Max Capacity: 4096M(100%)
[315.858s][info][gc,heap     ] GC(185)                Mark Start          Mark End        Relocate Start      Relocate End           High               Low         
[315.858s][info][gc,heap     ] GC(185)  Capacity:     4096M (100%)       4096M (100%)       4096M (100%)       4096M (100%)       4096M (100%)       4096M (100%)   
[315.858s][info][gc,heap     ] GC(185)      Free:     2422M (59%)        2408M (59%)        3942M (96%)        4056M (99%)        4056M (99%)        2408M (59%)    
[315.858s][info][gc,heap     ] GC(185)      Used:     1674M (41%)        1688M (41%)         154M (4%)           40M (1%)         1688M (41%)          40M (1%)     
[315.858s][info][gc,heap     ] GC(185)      Live:         -                20M (0%)           20M (0%)           20M (0%)             -                  -          
[315.858s][info][gc,heap     ] GC(185) Allocated:         -                14M (0%)           14M (0%)           14M (0%)             -                  -          
[315.858s][info][gc,heap     ] GC(185)   Garbage:         -              1653M (40%)         119M (3%)            5M (0%)             -                  -          
[315.858s][info][gc,heap     ] GC(185) Reclaimed:         -                  -              1534M (37%)        1648M (40%)            -                  -          
[315.859s][info][gc          ] GC(185) Garbage Collection (System.gc()) 1674M(41%)->40M(1%)
[317.997s][info][gc,start    ] GC(186) Garbage Collection (Proactive)
[317.997s][info][gc,task     ] GC(186) Using 2 workers
[317.997s][info][gc,phases   ] GC(186) Pause Mark Start 0.010ms
[318.015s][info][gc,phases   ] GC(186) Concurrent Mark 17.251ms
[318.015s][info][gc,phases   ] GC(186) Pause Mark End 0.018ms
[318.015s][info][gc,phases   ] GC(186) Concurrent Mark Free 0.001ms
[318.025s][info][gc,phases   ] GC(186) Concurrent Process Non-Strong References 9.723ms
[318.025s][info][gc,phases   ] GC(186) Concurrent Reset Relocation Set 0.005ms
[318.027s][info][gc,phases   ] GC(186) Concurrent Select Relocation Set 2.145ms
[318.027s][info][gc,phases   ] GC(186) Pause Relocate Start 0.010ms
[318.028s][info][gc,phases   ] GC(186) Concurrent Relocate 0.903ms
[318.028s][info][gc,load     ] GC(186) Load: 0.00/0.00/0.00
[318.028s][info][gc,mmu      ] GC(186) MMU: 2ms/98.1%, 5ms/99.2%, 10ms/99.6%, 20ms/99.8%, 50ms/99.9%, 100ms/99.9%
[318.028s][info][gc,marking  ] GC(186) Mark: 2 stripe(s), 2 proactive flush(es), 1 terminate flush(es), 0 completion(s), 0 continuation(s) 
[318.028s][info][gc,marking  ] GC(186) Mark Stack Usage: 32M
[318.028s][info][gc,nmethod  ] GC(186) NMethods: 10107 registered, 274 unregistered
[318.028s][info][gc,metaspace] GC(186) Metaspace: 52M used, 52M committed, 1088M reserved
[318.028s][info][gc,ref      ] GC(186) Soft: 3841 encountered, 0 discovered, 0 enqueued
[318.028s][info][gc,ref      ] GC(186) Weak: 4364 encountered, 809 discovered, 13 enqueued
[318.028s][info][gc,ref      ] GC(186) Final: 37 encountered, 0 discovered, 0 enqueued
[318.028s][info][gc,ref      ] GC(186) Phantom: 291 encountered, 236 discovered, 0 enqueued
[318.028s][info][gc,reloc    ] GC(186) Small Pages: 1157 / 2314M, Empty: 2198M, Relocated: 1M, In-Place: 0
[318.028s][info][gc,reloc    ] GC(186) Medium Pages: 0 / 0M, Empty: 0M, Relocated: 0M, In-Place: 0
[318.028s][info][gc,reloc    ] GC(186) Large Pages: 0 / 0M, Empty: 0M, Relocated: 0M, In-Place: 0
[318.028s][info][gc,reloc    ] GC(186) Forwarding Usage: 0M
[318.028s][info][gc,heap     ] GC(186) Min Capacity: 4096M(100%)
[318.028s][info][gc,heap     ] GC(186) Max Capacity: 4096M(100%)
[318.028s][info][gc,heap     ] GC(186) Soft Max Capacity: 4096M(100%)
[318.028s][info][gc,heap     ] GC(186)                Mark Start          Mark End        Relocate Start      Relocate End           High               Low         
[318.028s][info][gc,heap     ] GC(186)  Capacity:     4096M (100%)       4096M (100%)       4096M (100%)       4096M (100%)       4096M (100%)       4096M (100%)   
[318.028s][info][gc,heap     ] GC(186)      Free:     1782M (44%)        1762M (43%)        3952M (96%)        4042M (99%)        4042M (99%)        1754M (43%)    
[318.028s][info][gc,heap     ] GC(186)      Used:     2314M (56%)        2334M (57%)         144M (4%)           54M (1%)         2342M (57%)          54M (1%)     
[318.028s][info][gc,heap     ] GC(186)      Live:         -                20M (1%)           20M (1%)           20M (1%)             -                  -          
[318.028s][info][gc,heap     ] GC(186) Allocated:         -                20M (0%)           28M (1%)           27M (1%)             -                  -          
[318.028s][info][gc,heap     ] GC(186)   Garbage:         -              2293M (56%)          95M (2%)            5M (0%)             -                  -          
[318.028s][info][gc,heap     ] GC(186) Reclaimed:         -                  -              2198M (54%)        2287M (56%)            -                  -          
[318.028s][info][gc          ] GC(186) Garbage Collection (Proactive) 2314M(56%)->54M(1%)
[319.433s][info][gc,start    ] GC(187) Garbage Collection (System.gc())
[319.433s][info][gc,task     ] GC(187) Using 2 workers
[319.433s][info][gc,phases   ] GC(187) Pause Mark Start 0.008ms
[319.453s][info][gc,phases   ] GC(187) Concurrent Mark 19.701ms
[319.453s][info][gc,phases   ] GC(187) Pause Mark End 0.028ms
[319.453s][info][gc,phases   ] GC(187) Concurrent Mark Free 0.003ms
[319.462s][info][gc,phases   ] GC(187) Concurrent Process Non-Strong References 9.085ms
[319.462s][info][gc,phases   ] GC(187) Concurrent Reset Relocation Set 0.004ms
[319.464s][info][gc,phases   ] GC(187) Concurrent Select Relocation Set 1.771ms
[319.464s][info][gc,phases   ] GC(187) Pause Relocate Start 0.008ms
[319.465s][info][gc,phases   ] GC(187) Concurrent Relocate 0.486ms
[319.465s][info][gc,load     ] GC(187) Load: 0.00/0.00/0.00
[319.465s][info][gc,mmu      ] GC(187) MMU: 2ms/98.1%, 5ms/99.2%, 10ms/99.6%, 20ms/99.8%, 50ms/99.9%, 100ms/99.9%
[319.465s][info][gc,marking  ] GC(187) Mark: 2 stripe(s), 2 proactive flush(es), 1 terminate flush(es), 0 completion(s), 0 continuation(s) 
[319.465s][info][gc,marking  ] GC(187) Mark Stack Usage: 32M
[319.465s][info][gc,nmethod  ] GC(187) NMethods: 10130 registered, 274 unregistered
[319.465s][info][gc,metaspace] GC(187) Metaspace: 52M used, 52M committed, 1088M reserved
[319.465s][info][gc,ref      ] GC(187) Soft: 3841 encountered, 0 discovered, 0 enqueued
[319.465s][info][gc,ref      ] GC(187) Weak: 4198 encountered, 626 discovered, 31 enqueued
[319.465s][info][gc,ref      ] GC(187) Final: 37 encountered, 1 discovered, 0 enqueued
[319.465s][info][gc,ref      ] GC(187) Phantom: 291 encountered, 235 discovered, 0 enqueued
[319.465s][info][gc,reloc    ] GC(187) Small Pages: 779 / 1558M, Empty: 1430M, Relocated: 0M, In-Place: 0
[319.465s][info][gc,reloc    ] GC(187) Medium Pages: 0 / 0M, Empty: 0M, Relocated: 0M, In-Place: 0
[319.465s][info][gc,reloc    ] GC(187) Large Pages: 0 / 0M, Empty: 0M, Relocated: 0M, In-Place: 0
[319.465s][info][gc,reloc    ] GC(187) Forwarding Usage: 0M
[319.465s][info][gc,heap     ] GC(187) Min Capacity: 4096M(100%)
[319.465s][info][gc,heap     ] GC(187) Max Capacity: 4096M(100%)
[319.465s][info][gc,heap     ] GC(187) Soft Max Capacity: 4096M(100%)
[319.465s][info][gc,heap     ] GC(187)                Mark Start          Mark End        Relocate Start      Relocate End           High               Low         
[319.465s][info][gc,heap     ] GC(187)  Capacity:     4096M (100%)       4096M (100%)       4096M (100%)       4096M (100%)       4096M (100%)       4096M (100%)   
[319.465s][info][gc,heap     ] GC(187)      Free:     2538M (62%)        2524M (62%)        3954M (97%)        4056M (99%)        4056M (99%)        2524M (62%)    
[319.465s][info][gc,heap     ] GC(187)      Used:     1558M (38%)        1572M (38%)         142M (3%)           40M (1%)         1572M (38%)          40M (1%)     
[319.465s][info][gc,heap     ] GC(187)      Live:         -                20M (0%)           20M (0%)           20M (0%)             -                  -          
[319.465s][info][gc,heap     ] GC(187) Allocated:         -                14M (0%)           14M (0%)           14M (0%)             -                  -          
[319.465s][info][gc,heap     ] GC(187)   Garbage:         -              1537M (38%)         107M (3%)            5M (0%)             -                  -          
[319.465s][info][gc,heap     ] GC(187) Reclaimed:         -                  -              1430M (35%)        1532M (37%)            -                  -          
[319.465s][info][gc          ] GC(187) Garbage Collection (System.gc()) 1558M(38%)->40M(1%)
[320.198s][info][gc,stats    ] === Garbage Collection Statistics =======================================================================================================================
[320.198s][info][gc,stats    ]                                                              Last 10s              Last 10m              Last 10h                Total
[320.198s][info][gc,stats    ]                                                              Avg / Max             Avg / Max             Avg / Max             Avg / Max
[320.198s][info][gc,stats    ]   Collector: Garbage Collection Cycle                     32.526 / 36.542       32.762 / 62.948       32.762 / 62.948       32.762 / 62.948      ms
[320.198s][info][gc,stats    ]  Contention: Mark Segment Reset Contention                     0 / 0                 0 / 2                 0 / 2                 0 / 2           ops/s
[320.198s][info][gc,stats    ]  Contention: Mark SeqNum Reset Contention                      0 / 1                 0 / 2                 0 / 2                 0 / 2           ops/s
[320.198s][info][gc,stats    ]    Critical: Allocation Stall                                  0 / 0                 0 / 0                 0 / 0                 0 / 0           ops/s
[320.198s][info][gc,stats    ]    Critical: Allocation Stall                              0.000 / 0.000         0.000 / 0.000         0.000 / 0.000         0.000 / 0.000       ms
[320.198s][info][gc,stats    ]    Critical: GC Locker Stall                                   0 / 0                 0 / 0                 0 / 0                 0 / 0           ops/s
[320.198s][info][gc,stats    ]    Critical: GC Locker Stall                               0.000 / 0.000         0.000 / 0.000         0.000 / 0.000         0.000 / 0.000       ms
[320.198s][info][gc,stats    ]    Critical: Relocation Stall                                  0 / 0                 0 / 0                 0 / 0                 0 / 0           ops/s
[320.198s][info][gc,stats    ]    Critical: Relocation Stall                              0.000 / 0.000         0.000 / 0.000         0.000 / 0.000         0.000 / 0.000       ms
[320.198s][info][gc,stats    ]      Memory: Allocation Rate                                1064 / 1096           1020 / 1120           1020 / 1120           1020 / 1120        MB/s
[320.198s][info][gc,stats    ]      Memory: Defragment                                        0 / 0                 0 / 0                 0 / 0                 0 / 0           ops/s
[320.198s][info][gc,stats    ]      Memory: Out Of Memory                                     0 / 0                 0 / 0                 0 / 0                 0 / 0           ops/s
[320.198s][info][gc,stats    ]      Memory: Page Cache Flush                                  0 / 0                 0 / 0                 0 / 0                 0 / 0           MB/s
[320.198s][info][gc,stats    ]      Memory: Page Cache Hit L1                               533 / 550             506 / 560             506 / 560             506 / 560         ops/s
[320.198s][info][gc,stats    ]      Memory: Page Cache Hit L2                                 0 / 0                 0 / 0                 0 / 0                 0 / 0           ops/s
[320.198s][info][gc,stats    ]      Memory: Page Cache Hit L3                                 0 / 0                 5 / 295               5 / 295               5 / 295         ops/s
[320.198s][info][gc,stats    ]      Memory: Page Cache Miss                                   0 / 0                 0 / 1                 0 / 1                 0 / 1           ops/s
[320.198s][info][gc,stats    ]      Memory: Uncommit                                          0 / 0                 0 / 0                 0 / 0                 0 / 0           MB/s
[320.198s][info][gc,stats    ]      Memory: Undo Object Allocation Failed                     0 / 0                 0 / 1                 0 / 1                 0 / 1           ops/s
[320.198s][info][gc,stats    ]      Memory: Undo Object Allocation Succeeded                  3 / 24                2 / 42                2 / 42                2 / 42          ops/s
[320.198s][info][gc,stats    ]      Memory: Undo Page Allocation                              1 / 3                 1 / 8                 1 / 8                 1 / 8           ops/s
[320.198s][info][gc,stats    ]       Phase: Concurrent Mark                              19.577 / 24.335       20.893 / 33.521       20.893 / 33.521       20.893 / 33.521      ms
[320.198s][info][gc,stats    ]       Phase: Concurrent Mark Continue                      0.000 / 0.000         0.000 / 0.000         0.000 / 0.000         0.000 / 0.000       ms
[320.198s][info][gc,stats    ]       Phase: Concurrent Mark Free                          0.002 / 0.004         0.001 / 0.004         0.001 / 0.004         0.001 / 0.004       ms
[320.198s][info][gc,stats    ]       Phase: Concurrent Process Non-Strong References      9.484 / 10.246        8.284 / 21.700        8.284 / 21.700        8.284 / 21.700      ms
[320.198s][info][gc,stats    ]       Phase: Concurrent Relocate                           0.650 / 0.903         0.719 / 5.848         0.719 / 5.848         0.719 / 5.848       ms
[320.198s][info][gc,stats    ]       Phase: Concurrent Reset Relocation Set               0.004 / 0.005         0.004 / 0.010         0.004 / 0.010         0.004 / 0.010       ms
[320.198s][info][gc,stats    ]       Phase: Concurrent Select Relocation Set              1.971 / 2.145         2.018 / 5.959         2.018 / 5.959         2.018 / 5.959       ms
[320.198s][info][gc,stats    ]       Phase: Pause Mark End                                0.023 / 0.037         0.020 / 0.038         0.020 / 0.038         0.020 / 0.038       ms
[320.198s][info][gc,stats    ]       Phase: Pause Mark Start                              0.013 / 0.039         0.008 / 0.039         0.008 / 0.039         0.008 / 0.039       ms
[320.198s][info][gc,stats    ]       Phase: Pause Relocate Start                          0.010 / 0.018         0.009 / 0.023         0.009 / 0.023         0.009 / 0.023       ms
[320.198s][info][gc,stats    ]    Subphase: Concurrent Classes Purge                      0.025 / 0.041         0.064 / 1.921         0.064 / 1.921         0.064 / 1.921       ms
[320.198s][info][gc,stats    ]    Subphase: Concurrent Classes Unlink                     8.614 / 9.599         7.454 / 15.207        7.454 / 15.207        7.454 / 15.207      ms
[320.198s][info][gc,stats    ]    Subphase: Concurrent Mark                              16.103 / 22.270       17.083 / 31.441       17.083 / 31.441       17.083 / 31.441      ms
[320.198s][info][gc,stats    ]    Subphase: Concurrent Mark Try Flush                     0.078 / 0.167         0.077 / 0.430         0.077 / 0.430         0.077 / 0.430       ms
[320.198s][info][gc,stats    ]    Subphase: Concurrent Mark Try Terminate                 1.387 / 10.283        1.585 / 16.378        1.585 / 16.378        1.585 / 16.378      ms
[320.198s][info][gc,stats    ]    Subphase: Concurrent References Enqueue                 0.005 / 0.006         0.005 / 0.010         0.005 / 0.010         0.005 / 0.010       ms
[320.198s][info][gc,stats    ]    Subphase: Concurrent References Process                 0.158 / 0.231         0.138 / 0.844         0.138 / 0.844         0.138 / 0.844       ms
[320.198s][info][gc,stats    ]    Subphase: Concurrent Roots ClassLoaderDataGraph         0.077 / 0.191         0.076 / 0.306         0.076 / 0.306         0.076 / 0.306       ms
[320.198s][info][gc,stats    ]    Subphase: Concurrent Roots CodeCache                    0.000 / 0.000         0.000 / 0.000         0.000 / 0.000         0.000 / 0.000       ms
[320.198s][info][gc,stats    ]    Subphase: Concurrent Roots JavaThreads                  1.462 / 2.064         1.496 / 4.045         1.496 / 4.045         1.496 / 4.045       ms
[320.198s][info][gc,stats    ]    Subphase: Concurrent Roots OopStorageSet                0.022 / 0.028         0.024 / 0.106         0.024 / 0.106         0.024 / 0.106       ms
[320.198s][info][gc,stats    ]    Subphase: Concurrent Weak Roots OopStorageSet           0.492 / 0.779         0.425 / 1.078         0.425 / 1.078         0.425 / 1.078       ms
[320.198s][info][gc,stats    ]    Subphase: Pause Mark Try Complete                       0.000 / 0.000         0.000 / 0.000         0.000 / 0.000         0.000 / 0.000       ms
[320.198s][info][gc,stats    ]      System: Java Threads                                     61 / 63               59 / 64               59 / 64               59 / 64          threads
[320.198s][info][gc,stats    ] =========================================================================================================================================================
[321.297s][info][gc,start    ] GC(188) Garbage Collection (Proactive)
[321.297s][info][gc,task     ] GC(188) Using 2 workers
[321.298s][info][gc,phases   ] GC(188) Pause Mark Start 0.005ms
[321.315s][info][gc,phases   ] GC(188) Concurrent Mark 17.802ms
[321.316s][info][gc,phases   ] GC(188) Pause Mark End 0.017ms
[321.316s][info][gc,phases   ] GC(188) Concurrent Mark Free 0.001ms
[321.326s][info][gc,phases   ] GC(188) Concurrent Process Non-Strong References 10.272ms
[321.326s][info][gc,phases   ] GC(188) Concurrent Reset Relocation Set 0.004ms
[321.328s][info][gc,phases   ] GC(188) Concurrent Select Relocation Set 2.023ms
[321.328s][info][gc,phases   ] GC(188) Pause Relocate Start 0.011ms
[321.329s][info][gc,phases   ] GC(188) Concurrent Relocate 0.817ms
[321.329s][info][gc,load     ] GC(188) Load: 0.00/0.00/0.00
[321.329s][info][gc,mmu      ] GC(188) MMU: 2ms/98.1%, 5ms/99.2%, 10ms/99.6%, 20ms/99.8%, 50ms/99.9%, 100ms/99.9%
[321.329s][info][gc,marking  ] GC(188) Mark: 2 stripe(s), 2 proactive flush(es), 1 terminate flush(es), 0 completion(s), 0 continuation(s) 
[321.329s][info][gc,marking  ] GC(188) Mark Stack Usage: 32M
[321.329s][info][gc,nmethod  ] GC(188) NMethods: 10134 registered, 276 unregistered
[321.329s][info][gc,metaspace] GC(188) Metaspace: 52M used, 52M committed, 1088M reserved
[321.329s][info][gc,ref      ] GC(188) Soft: 3841 encountered, 0 discovered, 0 enqueued
[321.329s][info][gc,ref      ] GC(188) Weak: 4364 encountered, 820 discovered, 13 enqueued
[321.329s][info][gc,ref      ] GC(188) Final: 37 encountered, 0 discovered, 0 enqueued
[321.329s][info][gc,ref      ] GC(188) Phantom: 291 encountered, 236 discovered, 0 enqueued
[321.329s][info][gc,reloc    ] GC(188) Small Pages: 985 / 1970M, Empty: 1856M, Relocated: 1M, In-Place: 0
[321.329s][info][gc,reloc    ] GC(188) Medium Pages: 0 / 0M, Empty: 0M, Relocated: 0M, In-Place: 0
[321.329s][info][gc,reloc    ] GC(188) Large Pages: 0 / 0M, Empty: 0M, Relocated: 0M, In-Place: 0
[321.329s][info][gc,reloc    ] GC(188) Forwarding Usage: 0M
[321.329s][info][gc,heap     ] GC(188) Min Capacity: 4096M(100%)
[321.329s][info][gc,heap     ] GC(188) Max Capacity: 4096M(100%)
[321.329s][info][gc,heap     ] GC(188) Soft Max Capacity: 4096M(100%)
[321.329s][info][gc,heap     ] GC(188)                Mark Start          Mark End        Relocate Start      Relocate End           High               Low         
[321.329s][info][gc,heap     ] GC(188)  Capacity:     4096M (100%)       4096M (100%)       4096M (100%)       4096M (100%)       4096M (100%)       4096M (100%)   
[321.329s][info][gc,heap     ] GC(188)      Free:     2126M (52%)        2106M (51%)        3954M (97%)        4038M (99%)        4038M (99%)        2098M (51%)    
[321.329s][info][gc,heap     ] GC(188)      Used:     1970M (48%)        1990M (49%)         142M (3%)           58M (1%)         1998M (49%)          58M (1%)     
[321.329s][info][gc,heap     ] GC(188)      Live:         -                20M (1%)           20M (1%)           20M (1%)             -                  -          
[321.329s][info][gc,heap     ] GC(188) Allocated:         -                20M (0%)           28M (1%)           31M (1%)             -                  -          
[321.329s][info][gc,heap     ] GC(188)   Garbage:         -              1949M (48%)          93M (2%)            5M (0%)             -                  -          
[321.329s][info][gc,heap     ] GC(188) Reclaimed:         -                  -              1856M (45%)        1943M (47%)            -                  -          
[321.329s][info][gc          ] GC(188) Garbage Collection (Proactive) 1970M(48%)->58M(1%)
[323.066s][info][gc,start    ] GC(189) Garbage Collection (System.gc())
[323.066s][info][gc,task     ] GC(189) Using 2 workers
[323.066s][info][gc,phases   ] GC(189) Pause Mark Start 0.008ms
[323.087s][info][gc,phases   ] GC(189) Concurrent Mark 20.875ms
[323.087s][info][gc,phases   ] GC(189) Pause Mark End 0.030ms
[323.087s][info][gc,phases   ] GC(189) Concurrent Mark Free 0.002ms
[323.096s][info][gc,phases   ] GC(189) Concurrent Process Non-Strong References 8.854ms
[323.096s][info][gc,phases   ] GC(189) Concurrent Reset Relocation Set 0.004ms
[323.098s][info][gc,phases   ] GC(189) Concurrent Select Relocation Set 1.827ms
[323.098s][info][gc,phases   ] GC(189) Pause Relocate Start 0.007ms
[323.098s][info][gc,phases   ] GC(189) Concurrent Relocate 0.368ms
[323.098s][info][gc,load     ] GC(189) Load: 0.00/0.00/0.00
[323.098s][info][gc,mmu      ] GC(189) MMU: 2ms/98.1%, 5ms/99.2%, 10ms/99.6%, 20ms/99.8%, 50ms/99.9%, 100ms/99.9%
[323.098s][info][gc,marking  ] GC(189) Mark: 2 stripe(s), 2 proactive flush(es), 1 terminate flush(es), 0 completion(s), 0 continuation(s) 
[323.098s][info][gc,marking  ] GC(189) Mark Stack Usage: 32M
[323.098s][info][gc,nmethod  ] GC(189) NMethods: 10185 registered, 276 unregistered
[323.098s][info][gc,metaspace] GC(189) Metaspace: 52M used, 52M committed, 1088M reserved
[323.098s][info][gc,ref      ] GC(189) Soft: 3841 encountered, 0 discovered, 0 enqueued
[323.098s][info][gc,ref      ] GC(189) Weak: 4195 encountered, 481 discovered, 31 enqueued
[323.098s][info][gc,ref      ] GC(189) Final: 37 encountered, 0 discovered, 0 enqueued
[323.098s][info][gc,ref      ] GC(189) Phantom: 291 encountered, 235 discovered, 0 enqueued
[323.098s][info][gc,reloc    ] GC(189) Small Pages: 952 / 1904M, Empty: 1758M, Relocated: 0M, In-Place: 0
[323.098s][info][gc,reloc    ] GC(189) Medium Pages: 0 / 0M, Empty: 0M, Relocated: 0M, In-Place: 0
[323.098s][info][gc,reloc    ] GC(189) Large Pages: 0 / 0M, Empty: 0M, Relocated: 0M, In-Place: 0
[323.098s][info][gc,reloc    ] GC(189) Forwarding Usage: 0M
[323.098s][info][gc,heap     ] GC(189) Min Capacity: 4096M(100%)
[323.098s][info][gc,heap     ] GC(189) Max Capacity: 4096M(100%)
[323.098s][info][gc,heap     ] GC(189) Soft Max Capacity: 4096M(100%)
[323.098s][info][gc,heap     ] GC(189)                Mark Start          Mark End        Relocate Start      Relocate End           High               Low         
[323.098s][info][gc,heap     ] GC(189)  Capacity:     4096M (100%)       4096M (100%)       4096M (100%)       4096M (100%)       4096M (100%)       4096M (100%)   
[323.098s][info][gc,heap     ] GC(189)      Free:     2192M (54%)        2176M (53%)        3934M (96%)        4054M (99%)        4054M (99%)        2176M (53%)    
[323.098s][info][gc,heap     ] GC(189)      Used:     1904M (46%)        1920M (47%)         162M (4%)           42M (1%)         1920M (47%)          42M (1%)     
[323.098s][info][gc,heap     ] GC(189)      Live:         -                20M (0%)           20M (0%)           20M (0%)             -                  -          
[323.098s][info][gc,heap     ] GC(189) Allocated:         -                16M (0%)           16M (0%)           16M (0%)             -                  -          
[323.098s][info][gc,heap     ] GC(189)   Garbage:         -              1883M (46%)         125M (3%)            5M (0%)             -                  -          
[323.098s][info][gc,heap     ] GC(189) Reclaimed:         -                  -              1758M (43%)        1878M (46%)            -                  -          
[323.099s][info][gc          ] GC(189) Garbage Collection (System.gc()) 1904M(46%)->42M(1%)
[324.797s][info][gc,start    ] GC(190) Garbage Collection (Proactive)
[324.797s][info][gc,task     ] GC(190) Using 2 workers
[324.797s][info][gc,phases   ] GC(190) Pause Mark Start 0.008ms
[324.815s][info][gc,phases   ] GC(190) Concurrent Mark 17.597ms
[324.815s][info][gc,phases   ] GC(190) Pause Mark End 0.018ms
[324.815s][info][gc,phases   ] GC(190) Concurrent Mark Free 0.001ms
[324.826s][info][gc,phases   ] GC(190) Concurrent Process Non-Strong References 10.419ms
[324.826s][info][gc,phases   ] GC(190) Concurrent Reset Relocation Set 0.004ms
[324.828s][info][gc,phases   ] GC(190) Concurrent Select Relocation Set 2.029ms
[324.828s][info][gc,phases   ] GC(190) Pause Relocate Start 0.009ms
[324.829s][info][gc,phases   ] GC(190) Concurrent Relocate 0.876ms
[324.829s][info][gc,load     ] GC(190) Load: 0.00/0.00/0.00
[324.829s][info][gc,mmu      ] GC(190) MMU: 2ms/98.1%, 5ms/99.2%, 10ms/99.6%, 20ms/99.8%, 50ms/99.9%, 100ms/99.9%
[324.829s][info][gc,marking  ] GC(190) Mark: 2 stripe(s), 2 proactive flush(es), 1 terminate flush(es), 0 completion(s), 0 continuation(s) 
[324.829s][info][gc,marking  ] GC(190) Mark Stack Usage: 32M
[324.829s][info][gc,nmethod  ] GC(190) NMethods: 10200 registered, 280 unregistered
[324.829s][info][gc,metaspace] GC(190) Metaspace: 52M used, 52M committed, 1088M reserved
[324.829s][info][gc,ref      ] GC(190) Soft: 3841 encountered, 0 discovered, 0 enqueued
[324.829s][info][gc,ref      ] GC(190) Weak: 4361 encountered, 758 discovered, 13 enqueued
[324.829s][info][gc,ref      ] GC(190) Final: 37 encountered, 0 discovered, 0 enqueued
[324.829s][info][gc,ref      ] GC(190) Phantom: 291 encountered, 236 discovered, 0 enqueued
[324.829s][info][gc,reloc    ] GC(190) Small Pages: 942 / 1884M, Empty: 1768M, Relocated: 1M, In-Place: 0
[324.829s][info][gc,reloc    ] GC(190) Medium Pages: 0 / 0M, Empty: 0M, Relocated: 0M, In-Place: 0
[324.829s][info][gc,reloc    ] GC(190) Large Pages: 0 / 0M, Empty: 0M, Relocated: 0M, In-Place: 0
[324.829s][info][gc,reloc    ] GC(190) Forwarding Usage: 0M
[324.829s][info][gc,heap     ] GC(190) Min Capacity: 4096M(100%)
[324.829s][info][gc,heap     ] GC(190) Max Capacity: 4096M(100%)
[324.829s][info][gc,heap     ] GC(190) Soft Max Capacity: 4096M(100%)
[324.829s][info][gc,heap     ] GC(190)                Mark Start          Mark End        Relocate Start      Relocate End           High               Low         
[324.829s][info][gc,heap     ] GC(190)  Capacity:     4096M (100%)       4096M (100%)       4096M (100%)       4096M (100%)       4096M (100%)       4096M (100%)   
[324.829s][info][gc,heap     ] GC(190)      Free:     2212M (54%)        2190M (53%)        3952M (96%)        4040M (99%)        4040M (99%)        2184M (53%)    
[324.829s][info][gc,heap     ] GC(190)      Used:     1884M (46%)        1906M (47%)         144M (4%)           56M (1%)         1912M (47%)          56M (1%)     
[324.829s][info][gc,heap     ] GC(190)      Live:         -                20M (1%)           20M (1%)           20M (1%)             -                  -          
[324.829s][info][gc,heap     ] GC(190) Allocated:         -                22M (1%)           28M (1%)           29M (1%)             -                  -          
[324.829s][info][gc,heap     ] GC(190)   Garbage:         -              1863M (45%)          95M (2%)            5M (0%)             -                  -          
[324.829s][info][gc,heap     ] GC(190) Reclaimed:         -                  -              1768M (43%)        1857M (45%)            -                  -          
[324.829s][info][gc          ] GC(190) Garbage Collection (Proactive) 1884M(46%)->56M(1%)
[326.498s][info][gc,start    ] GC(191) Garbage Collection (Proactive)
[326.498s][info][gc,task     ] GC(191) Using 2 workers
[326.498s][info][gc,phases   ] GC(191) Pause Mark Start 0.009ms
[326.515s][info][gc,phases   ] GC(191) Concurrent Mark 17.163ms
[326.515s][info][gc,phases   ] GC(191) Pause Mark End 0.017ms
[326.515s][info][gc,phases   ] GC(191) Concurrent Mark Free 0.000ms
[326.526s][info][gc,phases   ] GC(191) Concurrent Process Non-Strong References 10.024ms
[326.526s][info][gc,phases   ] GC(191) Concurrent Reset Relocation Set 0.004ms
[326.528s][info][gc,phases   ] GC(191) Concurrent Select Relocation Set 1.981ms
[326.528s][info][gc,phases   ] GC(191) Pause Relocate Start 0.007ms
[326.528s][info][gc,phases   ] GC(191) Concurrent Relocate 0.732ms
[326.529s][info][gc,load     ] GC(191) Load: 0.00/0.00/0.00
[326.529s][info][gc,mmu      ] GC(191) MMU: 2ms/98.1%, 5ms/99.2%, 10ms/99.6%, 20ms/99.8%, 50ms/99.9%, 100ms/99.9%
[326.529s][info][gc,marking  ] GC(191) Mark: 2 stripe(s), 2 proactive flush(es), 1 terminate flush(es), 0 completion(s), 0 continuation(s) 
[326.529s][info][gc,marking  ] GC(191) Mark Stack Usage: 32M
[326.529s][info][gc,nmethod  ] GC(191) NMethods: 10200 registered, 280 unregistered
[326.529s][info][gc,metaspace] GC(191) Metaspace: 52M used, 52M committed, 1088M reserved
[326.529s][info][gc,ref      ] GC(191) Soft: 3841 encountered, 0 discovered, 0 enqueued
[326.529s][info][gc,ref      ] GC(191) Weak: 4348 encountered, 878 discovered, 0 enqueued
[326.529s][info][gc,ref      ] GC(191) Final: 37 encountered, 0 discovered, 0 enqueued
[326.529s][info][gc,ref      ] GC(191) Phantom: 291 encountered, 235 discovered, 0 enqueued
[326.529s][info][gc,reloc    ] GC(191) Small Pages: 954 / 1908M, Empty: 1800M, Relocated: 1M, In-Place: 0
[326.529s][info][gc,reloc    ] GC(191) Medium Pages: 0 / 0M, Empty: 0M, Relocated: 0M, In-Place: 0
[326.529s][info][gc,reloc    ] GC(191) Large Pages: 0 / 0M, Empty: 0M, Relocated: 0M, In-Place: 0
[326.529s][info][gc,reloc    ] GC(191) Forwarding Usage: 0M
[326.529s][info][gc,heap     ] GC(191) Min Capacity: 4096M(100%)
[326.529s][info][gc,heap     ] GC(191) Max Capacity: 4096M(100%)
[326.529s][info][gc,heap     ] GC(191) Soft Max Capacity: 4096M(100%)
[326.529s][info][gc,heap     ] GC(191)                Mark Start          Mark End        Relocate Start      Relocate End           High               Low         
[326.529s][info][gc,heap     ] GC(191)  Capacity:     4096M (100%)       4096M (100%)       4096M (100%)       4096M (100%)       4096M (100%)       4096M (100%)   
[326.529s][info][gc,heap     ] GC(191)      Free:     2188M (53%)        2168M (53%)        3956M (97%)        4036M (99%)        4036M (99%)        2162M (53%)    
[326.529s][info][gc,heap     ] GC(191)      Used:     1908M (47%)        1928M (47%)         140M (3%)           60M (1%)         1934M (47%)          60M (1%)     
[326.529s][info][gc,heap     ] GC(191)      Live:         -                20M (1%)           20M (1%)           20M (1%)             -                  -          
[326.529s][info][gc,heap     ] GC(191) Allocated:         -                20M (0%)           32M (1%)           33M (1%)             -                  -          
[326.529s][info][gc,heap     ] GC(191)   Garbage:         -              1887M (46%)          87M (2%)            5M (0%)             -                  -          
[326.529s][info][gc,heap     ] GC(191) Reclaimed:         -                  -              1800M (44%)        1881M (46%)            -                  -          
[326.529s][info][gc          ] GC(191) Garbage Collection (Proactive) 1908M(47%)->60M(1%)
[326.599s][info][gc,start    ] GC(192) Garbage Collection (System.gc())
[326.599s][info][gc,task     ] GC(192) Using 2 workers
[326.599s][info][gc,phases   ] GC(192) Pause Mark Start 0.005ms
[326.627s][info][gc,phases   ] GC(192) Concurrent Mark 26.992ms
[326.627s][info][gc,phases   ] GC(192) Pause Mark End 0.035ms
[326.627s][info][gc,phases   ] GC(192) Concurrent Mark Free 0.003ms
[326.636s][info][gc,phases   ] GC(192) Concurrent Process Non-Strong References 8.813ms
[326.636s][info][gc,phases   ] GC(192) Concurrent Reset Relocation Set 0.004ms
[326.638s][info][gc,phases   ] GC(192) Concurrent Select Relocation Set 1.826ms
[326.638s][info][gc,phases   ] GC(192) Pause Relocate Start 0.009ms
[326.638s][info][gc,phases   ] GC(192) Concurrent Relocate 0.358ms
[326.638s][info][gc,load     ] GC(192) Load: 0.00/0.00/0.00
[326.638s][info][gc,mmu      ] GC(192) MMU: 2ms/98.1%, 5ms/99.2%, 10ms/99.6%, 20ms/99.8%, 50ms/99.9%, 100ms/99.9%
[326.638s][info][gc,marking  ] GC(192) Mark: 2 stripe(s), 2 proactive flush(es), 1 terminate flush(es), 0 completion(s), 0 continuation(s) 
[326.638s][info][gc,marking  ] GC(192) Mark Stack Usage: 32M
[326.638s][info][gc,nmethod  ] GC(192) NMethods: 10219 registered, 280 unregistered
[326.638s][info][gc,metaspace] GC(192) Metaspace: 52M used, 52M committed, 1088M reserved
[326.638s][info][gc,ref      ] GC(192) Soft: 3841 encountered, 0 discovered, 0 enqueued
[326.638s][info][gc,ref      ] GC(192) Weak: 4195 encountered, 929 discovered, 31 enqueued
[326.638s][info][gc,ref      ] GC(192) Final: 37 encountered, 0 discovered, 0 enqueued
[326.638s][info][gc,ref      ] GC(192) Phantom: 291 encountered, 234 discovered, 0 enqueued
[326.638s][info][gc,reloc    ] GC(192) Small Pages: 55 / 110M, Empty: 30M, Relocated: 0M, In-Place: 0
[326.638s][info][gc,reloc    ] GC(192) Medium Pages: 0 / 0M, Empty: 0M, Relocated: 0M, In-Place: 0
[326.638s][info][gc,reloc    ] GC(192) Large Pages: 0 / 0M, Empty: 0M, Relocated: 0M, In-Place: 0
[326.638s][info][gc,reloc    ] GC(192) Forwarding Usage: 0M
[326.638s][info][gc,heap     ] GC(192) Min Capacity: 4096M(100%)
[326.638s][info][gc,heap     ] GC(192) Max Capacity: 4096M(100%)
[326.638s][info][gc,heap     ] GC(192) Soft Max Capacity: 4096M(100%)
[326.638s][info][gc,heap     ] GC(192)                Mark Start          Mark End        Relocate Start      Relocate End           High               Low         
[326.638s][info][gc,heap     ] GC(192)  Capacity:     4096M (100%)       4096M (100%)       4096M (100%)       4096M (100%)       4096M (100%)       4096M (100%)   
[326.638s][info][gc,heap     ] GC(192)      Free:     3986M (97%)        3974M (97%)        4004M (98%)        4058M (99%)        4058M (99%)        3974M (97%)    
[326.638s][info][gc,heap     ] GC(192)      Used:      110M (3%)          122M (3%)           92M (2%)           38M (1%)          122M (3%)           38M (1%)     
[326.638s][info][gc,heap     ] GC(192)      Live:         -                20M (0%)           20M (0%)           20M (0%)             -                  -          
[326.638s][info][gc,heap     ] GC(192) Allocated:         -                12M (0%)           12M (0%)           12M (0%)             -                  -          
[326.638s][info][gc,heap     ] GC(192)   Garbage:         -                89M (2%)           59M (1%)            5M (0%)             -                  -          
[326.638s][info][gc,heap     ] GC(192) Reclaimed:         -                  -                30M (1%)           84M (2%)             -                  -          
[326.638s][info][gc          ] GC(192) Garbage Collection (System.gc()) 110M(3%)->38M(1%)
[329.098s][info][gc,start    ] GC(193) Garbage Collection (Proactive)
[329.098s][info][gc,task     ] GC(193) Using 2 workers
[329.098s][info][gc,phases   ] GC(193) Pause Mark Start 0.006ms
[329.117s][info][gc,phases   ] GC(193) Concurrent Mark 18.384ms
[329.117s][info][gc,phases   ] GC(193) Pause Mark End 0.016ms
[329.117s][info][gc,phases   ] GC(193) Concurrent Mark Free 0.001ms
[329.127s][info][gc,phases   ] GC(193) Concurrent Process Non-Strong References 10.408ms
[329.127s][info][gc,phases   ] GC(193) Concurrent Reset Relocation Set 0.003ms
[329.131s][info][gc,phases   ] GC(193) Concurrent Select Relocation Set 3.135ms
[329.131s][info][gc,phases   ] GC(193) Pause Relocate Start 0.011ms
[329.132s][info][gc,phases   ] GC(193) Concurrent Relocate 0.872ms
[329.132s][info][gc,load     ] GC(193) Load: 0.00/0.00/0.00
[329.132s][info][gc,mmu      ] GC(193) MMU: 2ms/98.1%, 5ms/99.2%, 10ms/99.6%, 20ms/99.8%, 50ms/99.9%, 100ms/99.9%
[329.132s][info][gc,marking  ] GC(193) Mark: 2 stripe(s), 2 proactive flush(es), 1 terminate flush(es), 0 completion(s), 0 continuation(s) 
[329.132s][info][gc,marking  ] GC(193) Mark Stack Usage: 32M
[329.132s][info][gc,nmethod  ] GC(193) NMethods: 10236 registered, 282 unregistered
[329.132s][info][gc,metaspace] GC(193) Metaspace: 52M used, 52M committed, 1088M reserved
[329.132s][info][gc,ref      ] GC(193) Soft: 3841 encountered, 0 discovered, 0 enqueued
[329.132s][info][gc,ref      ] GC(193) Weak: 4361 encountered, 589 discovered, 13 enqueued
[329.132s][info][gc,ref      ] GC(193) Final: 37 encountered, 1 discovered, 0 enqueued
[329.132s][info][gc,ref      ] GC(193) Phantom: 291 encountered, 237 discovered, 0 enqueued
[329.132s][info][gc,reloc    ] GC(193) Small Pages: 1326 / 2652M, Empty: 2530M, Relocated: 1M, In-Place: 0
[329.132s][info][gc,reloc    ] GC(193) Medium Pages: 0 / 0M, Empty: 0M, Relocated: 0M, In-Place: 0
[329.132s][info][gc,reloc    ] GC(193) Large Pages: 0 / 0M, Empty: 0M, Relocated: 0M, In-Place: 0
[329.132s][info][gc,reloc    ] GC(193) Forwarding Usage: 0M
[329.132s][info][gc,heap     ] GC(193) Min Capacity: 4096M(100%)
[329.132s][info][gc,heap     ] GC(193) Max Capacity: 4096M(100%)
[329.132s][info][gc,heap     ] GC(193) Soft Max Capacity: 4096M(100%)
[329.132s][info][gc,heap     ] GC(193)                Mark Start          Mark End        Relocate Start      Relocate End           High               Low         
[329.132s][info][gc,heap     ] GC(193)  Capacity:     4096M (100%)       4096M (100%)       4096M (100%)       4096M (100%)       4096M (100%)       4096M (100%)   
[329.132s][info][gc,heap     ] GC(193)      Free:     1444M (35%)        1426M (35%)        3946M (96%)        4042M (99%)        4042M (99%)        1418M (35%)    
[329.132s][info][gc,heap     ] GC(193)      Used:     2652M (65%)        2670M (65%)         150M (4%)           54M (1%)         2678M (65%)          54M (1%)     
[329.132s][info][gc,heap     ] GC(193)      Live:         -                20M (1%)           20M (1%)           20M (1%)             -                  -          
[329.132s][info][gc,heap     ] GC(193) Allocated:         -                18M (0%)           28M (1%)           27M (1%)             -                  -          
[329.132s][info][gc,heap     ] GC(193)   Garbage:         -              2631M (64%)         101M (2%)            5M (0%)             -                  -          
[329.132s][info][gc,heap     ] GC(193) Reclaimed:         -                  -              2530M (62%)        2625M (64%)            -                  -          
[329.132s][info][gc          ] GC(193) Garbage Collection (Proactive) 2652M(65%)->54M(1%)
[330.198s][info][gc,stats    ] === Garbage Collection Statistics =======================================================================================================================
[330.198s][info][gc,stats    ]                                                              Last 10s              Last 10m              Last 10h                Total
[330.198s][info][gc,stats    ]                                                              Avg / Max             Avg / Max             Avg / Max             Avg / Max
[330.198s][info][gc,stats    ]   Collector: Garbage Collection Cycle                     33.175 / 38.784       32.775 / 62.948       32.775 / 62.948       32.775 / 62.948      ms
[330.198s][info][gc,stats    ]  Contention: Mark Segment Reset Contention                     0 / 0                 0 / 2                 0 / 2                 0 / 2           ops/s
[330.198s][info][gc,stats    ]  Contention: Mark SeqNum Reset Contention                      0 / 1                 0 / 2                 0 / 2                 0 / 2           ops/s
[330.198s][info][gc,stats    ]    Critical: Allocation Stall                                  0 / 0                 0 / 0                 0 / 0                 0 / 0           ops/s
[330.198s][info][gc,stats    ]    Critical: Allocation Stall                              0.000 / 0.000         0.000 / 0.000         0.000 / 0.000         0.000 / 0.000       ms
[330.198s][info][gc,stats    ]    Critical: GC Locker Stall                                   0 / 0                 0 / 0                 0 / 0                 0 / 0           ops/s
[330.198s][info][gc,stats    ]    Critical: GC Locker Stall                               0.000 / 0.000         0.000 / 0.000         0.000 / 0.000         0.000 / 0.000       ms
[330.198s][info][gc,stats    ]    Critical: Relocation Stall                                  0 / 0                 0 / 0                 0 / 0                 0 / 0           ops/s
[330.198s][info][gc,stats    ]    Critical: Relocation Stall                              0.000 / 0.000         0.000 / 0.000         0.000 / 0.000         0.000 / 0.000       ms
[330.198s][info][gc,stats    ]      Memory: Allocation Rate                                1069 / 1110           1022 / 1120           1022 / 1120           1022 / 1120        MB/s
[330.198s][info][gc,stats    ]      Memory: Defragment                                        0 / 0                 0 / 0                 0 / 0                 0 / 0           ops/s
[330.198s][info][gc,stats    ]      Memory: Out Of Memory                                     0 / 0                 0 / 0                 0 / 0                 0 / 0           ops/s
[330.198s][info][gc,stats    ]      Memory: Page Cache Flush                                  0 / 0                 0 / 0                 0 / 0                 0 / 0           MB/s
[330.198s][info][gc,stats    ]      Memory: Page Cache Hit L1                               535 / 555             507 / 560             507 / 560             507 / 560         ops/s
[330.198s][info][gc,stats    ]      Memory: Page Cache Hit L2                                 0 / 0                 0 / 0                 0 / 0                 0 / 0           ops/s
[330.198s][info][gc,stats    ]      Memory: Page Cache Hit L3                                 0 / 0                 5 / 295               5 / 295               5 / 295         ops/s
[330.198s][info][gc,stats    ]      Memory: Page Cache Miss                                   0 / 0                 0 / 1                 0 / 1                 0 / 1           ops/s
[330.198s][info][gc,stats    ]      Memory: Uncommit                                          0 / 0                 0 / 0                 0 / 0                 0 / 0           MB/s
[330.198s][info][gc,stats    ]      Memory: Undo Object Allocation Failed                     0 / 0                 0 / 1                 0 / 1                 0 / 1           ops/s
[330.198s][info][gc,stats    ]      Memory: Undo Object Allocation Succeeded                  0 / 1                 2 / 42                2 / 42                2 / 42          ops/s
[330.198s][info][gc,stats    ]      Memory: Undo Page Allocation                              0 / 3                 1 / 8                 1 / 8                 1 / 8           ops/s
[330.198s][info][gc,stats    ]       Phase: Concurrent Mark                              19.802 / 26.992       20.859 / 33.521       20.859 / 33.521       20.859 / 33.521      ms
[330.198s][info][gc,stats    ]       Phase: Concurrent Mark Continue                      0.000 / 0.000         0.000 / 0.000         0.000 / 0.000         0.000 / 0.000       ms
[330.198s][info][gc,stats    ]       Phase: Concurrent Mark Free                          0.001 / 0.003         0.001 / 0.004         0.001 / 0.004         0.001 / 0.004       ms
[330.198s][info][gc,stats    ]       Phase: Concurrent Process Non-Strong References      9.798 / 10.419        8.330 / 21.700        8.330 / 21.700        8.330 / 21.700      ms
[330.198s][info][gc,stats    ]       Phase: Concurrent Relocate                           0.671 / 0.876         0.718 / 5.848         0.718 / 5.848         0.718 / 5.848       ms
[330.198s][info][gc,stats    ]       Phase: Concurrent Reset Relocation Set               0.004 / 0.004         0.004 / 0.010         0.004 / 0.010         0.004 / 0.010       ms
[330.198s][info][gc,stats    ]       Phase: Concurrent Select Relocation Set              2.137 / 3.135         2.022 / 5.959         2.022 / 5.959         2.022 / 5.959       ms
[330.198s][info][gc,stats    ]       Phase: Pause Mark End                                0.022 / 0.035         0.020 / 0.038         0.020 / 0.038         0.020 / 0.038       ms
[330.198s][info][gc,stats    ]       Phase: Pause Mark Start                              0.007 / 0.009         0.008 / 0.039         0.008 / 0.039         0.008 / 0.039       ms
[330.198s][info][gc,stats    ]       Phase: Pause Relocate Start                          0.009 / 0.011         0.009 / 0.023         0.009 / 0.023         0.009 / 0.023       ms
[330.198s][info][gc,stats    ]    Subphase: Concurrent Classes Purge                      0.019 / 0.032         0.063 / 1.921         0.063 / 1.921         0.063 / 1.921       ms
[330.198s][info][gc,stats    ]    Subphase: Concurrent Classes Unlink                     9.002 / 9.752         7.502 / 15.207        7.502 / 15.207        7.502 / 15.207      ms
[330.198s][info][gc,stats    ]    Subphase: Concurrent Mark                              16.655 / 25.415       17.070 / 31.441       17.070 / 31.441       17.070 / 31.441      ms
[330.198s][info][gc,stats    ]    Subphase: Concurrent Mark Try Flush                     0.081 / 0.192         0.077 / 0.430         0.077 / 0.430         0.077 / 0.430       ms
[330.198s][info][gc,stats    ]    Subphase: Concurrent Mark Try Terminate                 1.331 / 11.756        1.577 / 16.378        1.577 / 16.378        1.577 / 16.378      ms
[330.198s][info][gc,stats    ]    Subphase: Concurrent References Enqueue                 0.005 / 0.007         0.005 / 0.010         0.005 / 0.010         0.005 / 0.010       ms
[330.198s][info][gc,stats    ]    Subphase: Concurrent References Process                 0.142 / 0.249         0.138 / 0.844         0.138 / 0.844         0.138 / 0.844       ms
[330.198s][info][gc,stats    ]    Subphase: Concurrent Roots ClassLoaderDataGraph         0.072 / 0.127         0.075 / 0.306         0.075 / 0.306         0.075 / 0.306       ms
[330.198s][info][gc,stats    ]    Subphase: Concurrent Roots CodeCache                    0.000 / 0.000         0.000 / 0.000         0.000 / 0.000         0.000 / 0.000       ms
[330.198s][info][gc,stats    ]    Subphase: Concurrent Roots JavaThreads                  1.272 / 1.568         1.489 / 4.045         1.489 / 4.045         1.489 / 4.045       ms
[330.198s][info][gc,stats    ]    Subphase: Concurrent Roots OopStorageSet                0.021 / 0.024         0.023 / 0.106         0.023 / 0.106         0.023 / 0.106       ms
[330.198s][info][gc,stats    ]    Subphase: Concurrent Weak Roots OopStorageSet           0.450 / 0.695         0.426 / 1.078         0.426 / 1.078         0.426 / 1.078       ms
[330.198s][info][gc,stats    ]    Subphase: Pause Mark Try Complete                       0.000 / 0.000         0.000 / 0.000         0.000 / 0.000         0.000 / 0.000       ms
[330.198s][info][gc,stats    ]      System: Java Threads                                     58 / 61               59 / 64               59 / 64               59 / 64          threads
[330.198s][info][gc,stats    ] =========================================================================================================================================================
[330.226s][info][gc,start    ] GC(194) Garbage Collection (System.gc())
[330.226s][info][gc,task     ] GC(194) Using 2 workers
[330.226s][info][gc,phases   ] GC(194) Pause Mark Start 0.006ms
[330.246s][info][gc,phases   ] GC(194) Concurrent Mark 20.121ms
[330.246s][info][gc,phases   ] GC(194) Pause Mark End 0.027ms
[330.246s][info][gc,phases   ] GC(194) Concurrent Mark Free 0.003ms
[330.256s][info][gc,phases   ] GC(194) Concurrent Process Non-Strong References 9.333ms
[330.256s][info][gc,phases   ] GC(194) Concurrent Reset Relocation Set 0.005ms
[330.257s][info][gc,phases   ] GC(194) Concurrent Select Relocation Set 1.525ms
[330.257s][info][gc,phases   ] GC(194) Pause Relocate Start 0.009ms
[330.258s][info][gc,phases   ] GC(194) Concurrent Relocate 0.400ms
[330.258s][info][gc,load     ] GC(194) Load: 0.00/0.00/0.00
[330.258s][info][gc,mmu      ] GC(194) MMU: 2ms/98.1%, 5ms/99.2%, 10ms/99.6%, 20ms/99.8%, 50ms/99.9%, 100ms/99.9%
[330.258s][info][gc,marking  ] GC(194) Mark: 2 stripe(s), 2 proactive flush(es), 1 terminate flush(es), 0 completion(s), 0 continuation(s) 
[330.258s][info][gc,marking  ] GC(194) Mark Stack Usage: 32M
[330.258s][info][gc,nmethod  ] GC(194) NMethods: 10250 registered, 283 unregistered
[330.258s][info][gc,metaspace] GC(194) Metaspace: 52M used, 52M committed, 1088M reserved
[330.258s][info][gc,ref      ] GC(194) Soft: 3841 encountered, 0 discovered, 0 enqueued
[330.258s][info][gc,ref      ] GC(194) Weak: 4195 encountered, 709 discovered, 31 enqueued
[330.258s][info][gc,ref      ] GC(194) Final: 37 encountered, 0 discovered, 0 enqueued
[330.258s][info][gc,ref      ] GC(194) Phantom: 291 encountered, 248 discovered, 0 enqueued
[330.258s][info][gc,reloc    ] GC(194) Small Pages: 613 / 1226M, Empty: 1086M, Relocated: 0M, In-Place: 0
[330.258s][info][gc,reloc    ] GC(194) Medium Pages: 0 / 0M, Empty: 0M, Relocated: 0M, In-Place: 0
[330.258s][info][gc,reloc    ] GC(194) Large Pages: 0 / 0M, Empty: 0M, Relocated: 0M, In-Place: 0
[330.258s][info][gc,reloc    ] GC(194) Forwarding Usage: 0M
[330.258s][info][gc,heap     ] GC(194) Min Capacity: 4096M(100%)
[330.258s][info][gc,heap     ] GC(194) Max Capacity: 4096M(100%)
[330.258s][info][gc,heap     ] GC(194) Soft Max Capacity: 4096M(100%)
[330.258s][info][gc,heap     ] GC(194)                Mark Start          Mark End        Relocate Start      Relocate End           High               Low         
[330.258s][info][gc,heap     ] GC(194)  Capacity:     4096M (100%)       4096M (100%)       4096M (100%)       4096M (100%)       4096M (100%)       4096M (100%)   
[330.258s][info][gc,heap     ] GC(194)      Free:     2870M (70%)        2854M (70%)        3940M (96%)        4054M (99%)        4054M (99%)        2854M (70%)    
[330.258s][info][gc,heap     ] GC(194)      Used:     1226M (30%)        1242M (30%)         156M (4%)           42M (1%)         1242M (30%)          42M (1%)     
[330.258s][info][gc,heap     ] GC(194)      Live:         -                20M (0%)           20M (0%)           20M (0%)             -                  -          
[330.258s][info][gc,heap     ] GC(194) Allocated:         -                16M (0%)           16M (0%)           16M (0%)             -                  -          
[330.258s][info][gc,heap     ] GC(194)   Garbage:         -              1205M (29%)         119M (3%)            5M (0%)             -                  -          
[330.258s][info][gc,heap     ] GC(194) Reclaimed:         -                  -              1086M (27%)        1200M (29%)            -                  -          
[330.258s][info][gc          ] GC(194) Garbage Collection (System.gc()) 1226M(30%)->42M(1%)
[332.301s][info][gc,start    ] GC(195) Garbage Collection (Proactive)
[332.301s][info][gc,task     ] GC(195) Using 2 workers
[332.301s][info][gc,phases   ] GC(195) Pause Mark Start 0.009ms
[332.319s][info][gc,phases   ] GC(195) Concurrent Mark 17.528ms
[332.319s][info][gc,phases   ] GC(195) Pause Mark End 0.016ms
[332.319s][info][gc,phases   ] GC(195) Concurrent Mark Free 0.001ms
[332.329s][info][gc,phases   ] GC(195) Concurrent Process Non-Strong References 10.283ms
[332.329s][info][gc,phases   ] GC(195) Concurrent Reset Relocation Set 0.004ms
[332.332s][info][gc,phases   ] GC(195) Concurrent Select Relocation Set 2.091ms
[332.332s][info][gc,phases   ] GC(195) Pause Relocate Start 0.009ms
[332.333s][info][gc,phases   ] GC(195) Concurrent Relocate 0.830ms
[332.333s][info][gc,load     ] GC(195) Load: 0.00/0.00/0.00
[332.333s][info][gc,mmu      ] GC(195) MMU: 2ms/98.1%, 5ms/99.2%, 10ms/99.6%, 20ms/99.8%, 50ms/99.9%, 100ms/99.9%
[332.333s][info][gc,marking  ] GC(195) Mark: 2 stripe(s), 2 proactive flush(es), 1 terminate flush(es), 0 completion(s), 0 continuation(s) 
[332.333s][info][gc,marking  ] GC(195) Mark Stack Usage: 32M
[332.333s][info][gc,nmethod  ] GC(195) NMethods: 10275 registered, 286 unregistered
[332.333s][info][gc,metaspace] GC(195) Metaspace: 52M used, 52M committed, 1088M reserved
[332.333s][info][gc,ref      ] GC(195) Soft: 3841 encountered, 0 discovered, 0 enqueued
[332.333s][info][gc,ref      ] GC(195) Weak: 4361 encountered, 427 discovered, 13 enqueued
[332.333s][info][gc,ref      ] GC(195) Final: 37 encountered, 0 discovered, 0 enqueued
[332.333s][info][gc,ref      ] GC(195) Phantom: 291 encountered, 235 discovered, 0 enqueued
[332.333s][info][gc,reloc    ] GC(195) Small Pages: 1126 / 2252M, Empty: 2130M, Relocated: 1M, In-Place: 0
[332.333s][info][gc,reloc    ] GC(195) Medium Pages: 0 / 0M, Empty: 0M, Relocated: 0M, In-Place: 0
[332.333s][info][gc,reloc    ] GC(195) Large Pages: 0 / 0M, Empty: 0M, Relocated: 0M, In-Place: 0
[332.333s][info][gc,reloc    ] GC(195) Forwarding Usage: 0M
[332.333s][info][gc,heap     ] GC(195) Min Capacity: 4096M(100%)
[332.333s][info][gc,heap     ] GC(195) Max Capacity: 4096M(100%)
[332.333s][info][gc,heap     ] GC(195) Soft Max Capacity: 4096M(100%)
[332.333s][info][gc,heap     ] GC(195)                Mark Start          Mark End        Relocate Start      Relocate End           High               Low         
[332.333s][info][gc,heap     ] GC(195)  Capacity:     4096M (100%)       4096M (100%)       4096M (100%)       4096M (100%)       4096M (100%)       4096M (100%)   
[332.333s][info][gc,heap     ] GC(195)      Free:     1844M (45%)        1824M (45%)        3944M (96%)        4040M (99%)        4040M (99%)        1814M (44%)    
[332.333s][info][gc,heap     ] GC(195)      Used:     2252M (55%)        2272M (55%)         152M (4%)           56M (1%)         2282M (56%)          56M (1%)     
[332.333s][info][gc,heap     ] GC(195)      Live:         -                20M (0%)           20M (0%)           20M (0%)             -                  -          
[332.333s][info][gc,heap     ] GC(195) Allocated:         -                20M (0%)           30M (1%)           29M (1%)             -                  -          
[332.333s][info][gc,heap     ] GC(195)   Garbage:         -              2231M (54%)         101M (2%)            5M (0%)             -                  -          
[332.333s][info][gc,heap     ] GC(195) Reclaimed:         -                  -              2130M (52%)        2225M (54%)            -                  -          
[332.333s][info][gc          ] GC(195) Garbage Collection (Proactive) 2252M(55%)->56M(1%)
[333.808s][info][gc,start    ] GC(196) Garbage Collection (System.gc())
[333.808s][info][gc,task     ] GC(196) Using 2 workers
[333.809s][info][gc,phases   ] GC(196) Pause Mark Start 0.007ms
[333.836s][info][gc,phases   ] GC(196) Concurrent Mark 27.725ms
[333.837s][info][gc,phases   ] GC(196) Pause Mark End 0.022ms
[333.837s][info][gc,phases   ] GC(196) Concurrent Mark Free 0.002ms
[333.846s][info][gc,phases   ] GC(196) Concurrent Process Non-Strong References 9.449ms
[333.846s][info][gc,phases   ] GC(196) Concurrent Reset Relocation Set 0.004ms
[333.848s][info][gc,phases   ] GC(196) Concurrent Select Relocation Set 1.776ms
[333.848s][info][gc,phases   ] GC(196) Pause Relocate Start 0.009ms
[333.849s][info][gc,phases   ] GC(196) Concurrent Relocate 0.584ms
[333.849s][info][gc,load     ] GC(196) Load: 0.00/0.00/0.00
[333.849s][info][gc,mmu      ] GC(196) MMU: 2ms/98.1%, 5ms/99.2%, 10ms/99.6%, 20ms/99.8%, 50ms/99.9%, 100ms/99.9%
[333.849s][info][gc,marking  ] GC(196) Mark: 2 stripe(s), 2 proactive flush(es), 1 terminate flush(es), 0 completion(s), 0 continuation(s) 
[333.849s][info][gc,marking  ] GC(196) Mark Stack Usage: 32M
[333.849s][info][gc,nmethod  ] GC(196) NMethods: 10292 registered, 287 unregistered
[333.849s][info][gc,metaspace] GC(196) Metaspace: 52M used, 52M committed, 1088M reserved
[333.849s][info][gc,ref      ] GC(196) Soft: 3841 encountered, 0 discovered, 0 enqueued
[333.849s][info][gc,ref      ] GC(196) Weak: 4219 encountered, 677 discovered, 32 enqueued
[333.849s][info][gc,ref      ] GC(196) Final: 37 encountered, 4 discovered, 0 enqueued
[333.849s][info][gc,ref      ] GC(196) Phantom: 291 encountered, 183 discovered, 0 enqueued
[333.849s][info][gc,reloc    ] GC(196) Small Pages: 814 / 1628M, Empty: 1488M, Relocated: 0M, In-Place: 0
[333.849s][info][gc,reloc    ] GC(196) Medium Pages: 0 / 0M, Empty: 0M, Relocated: 0M, In-Place: 0
[333.849s][info][gc,reloc    ] GC(196) Large Pages: 0 / 0M, Empty: 0M, Relocated: 0M, In-Place: 0
[333.849s][info][gc,reloc    ] GC(196) Forwarding Usage: 0M
[333.849s][info][gc,heap     ] GC(196) Min Capacity: 4096M(100%)
[333.849s][info][gc,heap     ] GC(196) Max Capacity: 4096M(100%)
[333.849s][info][gc,heap     ] GC(196) Soft Max Capacity: 4096M(100%)
[333.849s][info][gc,heap     ] GC(196)                Mark Start          Mark End        Relocate Start      Relocate End           High               Low         
[333.849s][info][gc,heap     ] GC(196)  Capacity:     4096M (100%)       4096M (100%)       4096M (100%)       4096M (100%)       4096M (100%)       4096M (100%)   
[333.849s][info][gc,heap     ] GC(196)      Free:     2468M (60%)        2454M (60%)        3942M (96%)        4056M (99%)        4056M (99%)        2454M (60%)    
[333.849s][info][gc,heap     ] GC(196)      Used:     1628M (40%)        1642M (40%)         154M (4%)           40M (1%)         1642M (40%)          40M (1%)     
[333.849s][info][gc,heap     ] GC(196)      Live:         -                20M (0%)           20M (0%)           20M (0%)             -                  -          
[333.849s][info][gc,heap     ] GC(196) Allocated:         -                14M (0%)           14M (0%)           14M (0%)             -                  -          
[333.849s][info][gc,heap     ] GC(196)   Garbage:         -              1607M (39%)         119M (3%)            5M (0%)             -                  -          
[333.849s][info][gc,heap     ] GC(196) Reclaimed:         -                  -              1488M (36%)        1602M (39%)            -                  -          
[333.849s][info][gc          ] GC(196) Garbage Collection (System.gc()) 1628M(40%)->40M(1%)
[336.398s][info][gc,start    ] GC(197) Garbage Collection (Proactive)
[336.398s][info][gc,task     ] GC(197) Using 2 workers
[336.398s][info][gc,phases   ] GC(197) Pause Mark Start 0.006ms
[336.416s][info][gc,phases   ] GC(197) Concurrent Mark 17.871ms
[336.416s][info][gc,phases   ] GC(197) Pause Mark End 0.015ms
[336.416s][info][gc,phases   ] GC(197) Concurrent Mark Free 0.001ms
[336.427s][info][gc,phases   ] GC(197) Concurrent Process Non-Strong References 10.506ms
[336.427s][info][gc,phases   ] GC(197) Concurrent Reset Relocation Set 0.005ms
[336.429s][info][gc,phases   ] GC(197) Concurrent Select Relocation Set 2.095ms
[336.429s][info][gc,phases   ] GC(197) Pause Relocate Start 0.011ms
[336.430s][info][gc,phases   ] GC(197) Concurrent Relocate 0.780ms
[336.430s][info][gc,load     ] GC(197) Load: 0.00/0.00/0.00
[336.430s][info][gc,mmu      ] GC(197) MMU: 2ms/98.1%, 5ms/99.2%, 10ms/99.6%, 20ms/99.8%, 50ms/99.9%, 100ms/99.9%
[336.430s][info][gc,marking  ] GC(197) Mark: 2 stripe(s), 2 proactive flush(es), 1 terminate flush(es), 0 completion(s), 0 continuation(s) 
[336.430s][info][gc,marking  ] GC(197) Mark Stack Usage: 32M
[336.430s][info][gc,nmethod  ] GC(197) NMethods: 10315 registered, 288 unregistered
[336.430s][info][gc,metaspace] GC(197) Metaspace: 52M used, 52M committed, 1088M reserved
[336.430s][info][gc,ref      ] GC(197) Soft: 3841 encountered, 0 discovered, 0 enqueued
[336.430s][info][gc,ref      ] GC(197) Weak: 4361 encountered, 908 discovered, 12 enqueued
[336.430s][info][gc,ref      ] GC(197) Final: 37 encountered, 0 discovered, 0 enqueued
[336.430s][info][gc,ref      ] GC(197) Phantom: 291 encountered, 236 discovered, 0 enqueued
[336.430s][info][gc,reloc    ] GC(197) Small Pages: 1389 / 2778M, Empty: 2654M, Relocated: 1M, In-Place: 0
[336.430s][info][gc,reloc    ] GC(197) Medium Pages: 0 / 0M, Empty: 0M, Relocated: 0M, In-Place: 0
[336.430s][info][gc,reloc    ] GC(197) Large Pages: 0 / 0M, Empty: 0M, Relocated: 0M, In-Place: 0
[336.430s][info][gc,reloc    ] GC(197) Forwarding Usage: 0M
[336.430s][info][gc,heap     ] GC(197) Min Capacity: 4096M(100%)
[336.430s][info][gc,heap     ] GC(197) Max Capacity: 4096M(100%)
[336.430s][info][gc,heap     ] GC(197) Soft Max Capacity: 4096M(100%)
[336.430s][info][gc,heap     ] GC(197)                Mark Start          Mark End        Relocate Start      Relocate End           High               Low         
[336.430s][info][gc,heap     ] GC(197)  Capacity:     4096M (100%)       4096M (100%)       4096M (100%)       4096M (100%)       4096M (100%)       4096M (100%)   
[336.430s][info][gc,heap     ] GC(197)      Free:     1318M (32%)        1302M (32%)        3944M (96%)        4042M (99%)        4042M (99%)        1292M (32%)    
[336.430s][info][gc,heap     ] GC(197)      Used:     2778M (68%)        2794M (68%)         152M (4%)           54M (1%)         2804M (68%)          54M (1%)     
[336.430s][info][gc,heap     ] GC(197)      Live:         -                20M (1%)           20M (1%)           20M (1%)             -                  -          
[336.430s][info][gc,heap     ] GC(197) Allocated:         -                16M (0%)           28M (1%)           27M (1%)             -                  -          
[336.430s][info][gc,heap     ] GC(197)   Garbage:         -              2757M (67%)         103M (3%)            5M (0%)             -                  -          
[336.430s][info][gc,heap     ] GC(197) Reclaimed:         -                  -              2654M (65%)        2751M (67%)            -                  -          
[336.430s][info][gc          ] GC(197) Garbage Collection (Proactive) 2778M(68%)->54M(1%)
[337.576s][info][gc,start    ] GC(198) Garbage Collection (System.gc())
[337.576s][info][gc,task     ] GC(198) Using 2 workers
[337.576s][info][gc,phases   ] GC(198) Pause Mark Start 0.008ms
[337.599s][info][gc,phases   ] GC(198) Concurrent Mark 22.444ms
[337.599s][info][gc,phases   ] GC(198) Pause Mark End 0.019ms
[337.599s][info][gc,phases   ] GC(198) Concurrent Mark Free 0.002ms
[337.608s][info][gc,phases   ] GC(198) Concurrent Process Non-Strong References 9.361ms
[337.608s][info][gc,phases   ] GC(198) Concurrent Reset Relocation Set 0.003ms
[337.610s][info][gc,phases   ] GC(198) Concurrent Select Relocation Set 1.407ms
[337.610s][info][gc,phases   ] GC(198) Pause Relocate Start 0.008ms
[337.610s][info][gc,phases   ] GC(198) Concurrent Relocate 0.542ms
[337.610s][info][gc,load     ] GC(198) Load: 0.00/0.00/0.00
[337.610s][info][gc,mmu      ] GC(198) MMU: 2ms/98.1%, 5ms/99.2%, 10ms/99.6%, 20ms/99.8%, 50ms/99.9%, 100ms/99.9%
[337.610s][info][gc,marking  ] GC(198) Mark: 2 stripe(s), 2 proactive flush(es), 1 terminate flush(es), 0 completion(s), 0 continuation(s) 
[337.610s][info][gc,marking  ] GC(198) Mark Stack Usage: 32M
[337.610s][info][gc,nmethod  ] GC(198) NMethods: 10331 registered, 290 unregistered
[337.610s][info][gc,metaspace] GC(198) Metaspace: 52M used, 52M committed, 1088M reserved
[337.610s][info][gc,ref      ] GC(198) Soft: 3841 encountered, 0 discovered, 0 enqueued
[337.610s][info][gc,ref      ] GC(198) Weak: 4200 encountered, 755 discovered, 31 enqueued
[337.610s][info][gc,ref      ] GC(198) Final: 37 encountered, 0 discovered, 0 enqueued
[337.610s][info][gc,ref      ] GC(198) Phantom: 291 encountered, 236 discovered, 0 enqueued
[337.610s][info][gc,reloc    ] GC(198) Small Pages: 547 / 1094M, Empty: 980M, Relocated: 0M, In-Place: 0
[337.610s][info][gc,reloc    ] GC(198) Medium Pages: 0 / 0M, Empty: 0M, Relocated: 0M, In-Place: 0
[337.610s][info][gc,reloc    ] GC(198) Large Pages: 0 / 0M, Empty: 0M, Relocated: 0M, In-Place: 0
[337.610s][info][gc,reloc    ] GC(198) Forwarding Usage: 0M
[337.611s][info][gc,heap     ] GC(198) Min Capacity: 4096M(100%)
[337.611s][info][gc,heap     ] GC(198) Max Capacity: 4096M(100%)
[337.611s][info][gc,heap     ] GC(198) Soft Max Capacity: 4096M(100%)
[337.611s][info][gc,heap     ] GC(198)                Mark Start          Mark End        Relocate Start      Relocate End           High               Low         
[337.611s][info][gc,heap     ] GC(198)  Capacity:     4096M (100%)       4096M (100%)       4096M (100%)       4096M (100%)       4096M (100%)       4096M (100%)   
[337.611s][info][gc,heap     ] GC(198)      Free:     3002M (73%)        2988M (73%)        3968M (97%)        4056M (99%)        4056M (99%)        2988M (73%)    
[337.611s][info][gc,heap     ] GC(198)      Used:     1094M (27%)        1108M (27%)         128M (3%)           40M (1%)         1108M (27%)          40M (1%)     
[337.611s][info][gc,heap     ] GC(198)      Live:         -                20M (0%)           20M (0%)           20M (0%)             -                  -          
[337.611s][info][gc,heap     ] GC(198) Allocated:         -                14M (0%)           14M (0%)           14M (0%)             -                  -          
[337.611s][info][gc,heap     ] GC(198)   Garbage:         -              1073M (26%)          93M (2%)            5M (0%)             -                  -          
[337.611s][info][gc,heap     ] GC(198) Reclaimed:         -                  -               980M (24%)        1068M (26%)            -                  -          
[337.611s][info][gc          ] GC(198) Garbage Collection (System.gc()) 1094M(27%)->40M(1%)
[339.702s][info][gc,start    ] GC(199) Garbage Collection (Proactive)
[339.702s][info][gc,task     ] GC(199) Using 2 workers
[339.702s][info][gc,phases   ] GC(199) Pause Mark Start 0.010ms
[339.721s][info][gc,phases   ] GC(199) Concurrent Mark 19.331ms
[339.721s][info][gc,phases   ] GC(199) Pause Mark End 0.017ms
[339.721s][info][gc,phases   ] GC(199) Concurrent Mark Free 0.001ms
[339.732s][info][gc,phases   ] GC(199) Concurrent Process Non-Strong References 10.161ms
[339.732s][info][gc,phases   ] GC(199) Concurrent Reset Relocation Set 0.003ms
[339.734s][info][gc,phases   ] GC(199) Concurrent Select Relocation Set 2.126ms
[339.734s][info][gc,phases   ] GC(199) Pause Relocate Start 0.009ms
[339.735s][info][gc,phases   ] GC(199) Concurrent Relocate 0.827ms
[339.735s][info][gc,load     ] GC(199) Load: 0.00/0.00/0.00
[339.735s][info][gc,mmu      ] GC(199) MMU: 2ms/98.1%, 5ms/99.2%, 10ms/99.6%, 20ms/99.8%, 50ms/99.9%, 100ms/99.9%
[339.735s][info][gc,marking  ] GC(199) Mark: 2 stripe(s), 2 proactive flush(es), 1 terminate flush(es), 0 completion(s), 0 continuation(s) 
[339.735s][info][gc,marking  ] GC(199) Mark Stack Usage: 32M
[339.735s][info][gc,nmethod  ] GC(199) NMethods: 10352 registered, 293 unregistered
[339.735s][info][gc,metaspace] GC(199) Metaspace: 52M used, 52M committed, 1088M reserved
[339.735s][info][gc,ref      ] GC(199) Soft: 3841 encountered, 0 discovered, 0 enqueued
[339.735s][info][gc,ref      ] GC(199) Weak: 4362 encountered, 516 discovered, 13 enqueued
[339.735s][info][gc,ref      ] GC(199) Final: 37 encountered, 0 discovered, 0 enqueued
[339.735s][info][gc,ref      ] GC(199) Phantom: 291 encountered, 236 discovered, 0 enqueued
[339.735s][info][gc,reloc    ] GC(199) Small Pages: 1110 / 2220M, Empty: 2098M, Relocated: 1M, In-Place: 0
[339.735s][info][gc,reloc    ] GC(199) Medium Pages: 0 / 0M, Empty: 0M, Relocated: 0M, In-Place: 0
[339.735s][info][gc,reloc    ] GC(199) Large Pages: 0 / 0M, Empty: 0M, Relocated: 0M, In-Place: 0
[339.735s][info][gc,reloc    ] GC(199) Forwarding Usage: 0M
[339.735s][info][gc,heap     ] GC(199) Min Capacity: 4096M(100%)
[339.735s][info][gc,heap     ] GC(199) Max Capacity: 4096M(100%)
[339.735s][info][gc,heap     ] GC(199) Soft Max Capacity: 4096M(100%)
[339.735s][info][gc,heap     ] GC(199)                Mark Start          Mark End        Relocate Start      Relocate End           High               Low         
[339.735s][info][gc,heap     ] GC(199)  Capacity:     4096M (100%)       4096M (100%)       4096M (100%)       4096M (100%)       4096M (100%)       4096M (100%)   
[339.735s][info][gc,heap     ] GC(199)      Free:     1876M (46%)        1854M (45%)        3948M (96%)        4040M (99%)        4040M (99%)        1850M (45%)    
[339.735s][info][gc,heap     ] GC(199)      Used:     2220M (54%)        2242M (55%)         148M (4%)           56M (1%)         2246M (55%)          56M (1%)     
[339.735s][info][gc,heap     ] GC(199)      Live:         -                20M (1%)           20M (1%)           20M (1%)             -                  -          
[339.735s][info][gc,heap     ] GC(199) Allocated:         -                22M (1%)           26M (1%)           29M (1%)             -                  -          
[339.735s][info][gc,heap     ] GC(199)   Garbage:         -              2199M (54%)         101M (2%)            5M (0%)             -                  -          
[339.735s][info][gc,heap     ] GC(199) Reclaimed:         -                  -              2098M (51%)        2193M (54%)            -                  -          
[339.735s][info][gc          ] GC(199) Garbage Collection (Proactive) 2220M(54%)->56M(1%)
[340.198s][info][gc,stats    ] === Garbage Collection Statistics =======================================================================================================================
[340.198s][info][gc,stats    ]                                                              Last 10s              Last 10m              Last 10h                Total
[340.198s][info][gc,stats    ]                                                              Avg / Max             Avg / Max             Avg / Max             Avg / Max
[340.198s][info][gc,stats    ]   Collector: Garbage Collection Cycle                     33.950 / 40.304       32.810 / 62.948       32.810 / 62.948       32.810 / 62.948      ms
[340.198s][info][gc,stats    ]  Contention: Mark Segment Reset Contention                     0 / 0                 0 / 2                 0 / 2                 0 / 2           ops/s
[340.198s][info][gc,stats    ]  Contention: Mark SeqNum Reset Contention                      0 / 1                 0 / 2                 0 / 2                 0 / 2           ops/s
[340.198s][info][gc,stats    ]    Critical: Allocation Stall                                  0 / 0                 0 / 0                 0 / 0                 0 / 0           ops/s
[340.198s][info][gc,stats    ]    Critical: Allocation Stall                              0.000 / 0.000         0.000 / 0.000         0.000 / 0.000         0.000 / 0.000       ms
[340.198s][info][gc,stats    ]    Critical: GC Locker Stall                                   0 / 0                 0 / 0                 0 / 0                 0 / 0           ops/s
[340.198s][info][gc,stats    ]    Critical: GC Locker Stall                               0.000 / 0.000         0.000 / 0.000         0.000 / 0.000         0.000 / 0.000       ms
[340.198s][info][gc,stats    ]    Critical: Relocation Stall                                  0 / 0                 0 / 0                 0 / 0                 0 / 0           ops/s
[340.198s][info][gc,stats    ]    Critical: Relocation Stall                              0.000 / 0.000         0.000 / 0.000         0.000 / 0.000         0.000 / 0.000       ms
[340.198s][info][gc,stats    ]      Memory: Allocation Rate                                1041 / 1088           1022 / 1120           1022 / 1120           1022 / 1120        MB/s
[340.198s][info][gc,stats    ]      Memory: Defragment                                        0 / 0                 0 / 0                 0 / 0                 0 / 0           ops/s
[340.198s][info][gc,stats    ]      Memory: Out Of Memory                                     0 / 0                 0 / 0                 0 / 0                 0 / 0           ops/s
[340.198s][info][gc,stats    ]      Memory: Page Cache Flush                                  0 / 0                 0 / 0                 0 / 0                 0 / 0           MB/s
[340.198s][info][gc,stats    ]      Memory: Page Cache Hit L1                               521 / 544             507 / 560             507 / 560             507 / 560         ops/s
[340.198s][info][gc,stats    ]      Memory: Page Cache Hit L2                                 0 / 0                 0 / 0                 0 / 0                 0 / 0           ops/s
[340.198s][info][gc,stats    ]      Memory: Page Cache Hit L3                                 0 / 0                 4 / 295               4 / 295               4 / 295         ops/s
[340.198s][info][gc,stats    ]      Memory: Page Cache Miss                                   0 / 0                 0 / 1                 0 / 1                 0 / 1           ops/s
[340.198s][info][gc,stats    ]      Memory: Uncommit                                          0 / 0                 0 / 0                 0 / 0                 0 / 0           MB/s
[340.198s][info][gc,stats    ]      Memory: Undo Object Allocation Failed                     0 / 0                 0 / 1                 0 / 1                 0 / 1           ops/s
[340.198s][info][gc,stats    ]      Memory: Undo Object Allocation Succeeded                  0 / 7                 2 / 42                2 / 42                2 / 42          ops/s
[340.198s][info][gc,stats    ]      Memory: Undo Page Allocation                              1 / 2                 1 / 8                 1 / 8                 1 / 8           ops/s
[340.198s][info][gc,stats    ]       Phase: Concurrent Mark                              20.837 / 27.725       20.858 / 33.521       20.858 / 33.521       20.858 / 33.521      ms
[340.198s][info][gc,stats    ]       Phase: Concurrent Mark Continue                      0.000 / 0.000         0.000 / 0.000         0.000 / 0.000         0.000 / 0.000       ms
[340.198s][info][gc,stats    ]       Phase: Concurrent Mark Free                          0.002 / 0.003         0.001 / 0.004         0.001 / 0.004         0.001 / 0.004       ms
[340.198s][info][gc,stats    ]       Phase: Concurrent Process Non-Strong References      9.849 / 10.506        8.376 / 21.700        8.376 / 21.700        8.376 / 21.700      ms
[340.198s][info][gc,stats    ]       Phase: Concurrent Relocate                           0.661 / 0.830         0.716 / 5.848         0.716 / 5.848         0.716 / 5.848       ms
[340.198s][info][gc,stats    ]       Phase: Concurrent Reset Relocation Set               0.004 / 0.005         0.004 / 0.010         0.004 / 0.010         0.004 / 0.010       ms
[340.198s][info][gc,stats    ]       Phase: Concurrent Select Relocation Set              1.837 / 2.126         2.017 / 5.959         2.017 / 5.959         2.017 / 5.959       ms
[340.198s][info][gc,stats    ]       Phase: Pause Mark End                                0.019 / 0.027         0.020 / 0.038         0.020 / 0.038         0.020 / 0.038       ms
[340.198s][info][gc,stats    ]       Phase: Pause Mark Start                              0.008 / 0.010         0.008 / 0.039         0.008 / 0.039         0.008 / 0.039       ms
[340.198s][info][gc,stats    ]       Phase: Pause Relocate Start                          0.009 / 0.011         0.009 / 0.023         0.009 / 0.023         0.009 / 0.023       ms
[340.198s][info][gc,stats    ]    Subphase: Concurrent Classes Purge                      0.026 / 0.032         0.062 / 1.921         0.062 / 1.921         0.062 / 1.921       ms
[340.198s][info][gc,stats    ]    Subphase: Concurrent Classes Unlink                     9.059 / 9.792         7.549 / 15.207        7.549 / 15.207        7.549 / 15.207      ms
[340.198s][info][gc,stats    ]    Subphase: Concurrent Mark                              16.996 / 25.986       17.067 / 31.441       17.067 / 31.441       17.067 / 31.441      ms
[340.198s][info][gc,stats    ]    Subphase: Concurrent Mark Try Flush                     0.075 / 0.342         0.077 / 0.430         0.077 / 0.430         0.077 / 0.430       ms
[340.198s][info][gc,stats    ]    Subphase: Concurrent Mark Try Terminate                 1.753 / 12.977        1.582 / 16.378        1.582 / 16.378        1.582 / 16.378      ms
[340.198s][info][gc,stats    ]    Subphase: Concurrent References Enqueue                 0.005 / 0.006         0.005 / 0.010         0.005 / 0.010         0.005 / 0.010       ms
[340.198s][info][gc,stats    ]    Subphase: Concurrent References Process                 0.136 / 0.201         0.138 / 0.844         0.138 / 0.844         0.138 / 0.844       ms
[340.198s][info][gc,stats    ]    Subphase: Concurrent Roots ClassLoaderDataGraph         0.073 / 0.130         0.075 / 0.306         0.075 / 0.306         0.075 / 0.306       ms
[340.198s][info][gc,stats    ]    Subphase: Concurrent Roots CodeCache                    0.000 / 0.000         0.000 / 0.000         0.000 / 0.000         0.000 / 0.000       ms
[340.198s][info][gc,stats    ]    Subphase: Concurrent Roots JavaThreads                  1.313 / 1.609         1.483 / 4.045         1.483 / 4.045         1.483 / 4.045       ms
[340.198s][info][gc,stats    ]    Subphase: Concurrent Roots OopStorageSet                0.022 / 0.026         0.023 / 0.106         0.023 / 0.106         0.023 / 0.106       ms
[340.198s][info][gc,stats    ]    Subphase: Concurrent Weak Roots OopStorageSet           0.433 / 0.742         0.426 / 1.078         0.426 / 1.078         0.426 / 1.078       ms
[340.198s][info][gc,stats    ]    Subphase: Pause Mark Try Complete                       0.000 / 0.000         0.000 / 0.000         0.000 / 0.000         0.000 / 0.000       ms
[340.198s][info][gc,stats    ]      System: Java Threads                                     58 / 59               59 / 64               59 / 64               59 / 64          threads
[340.198s][info][gc,stats    ] =========================================================================================================================================================
[341.232s][info][gc,start    ] GC(200) Garbage Collection (System.gc())
[341.232s][info][gc,task     ] GC(200) Using 2 workers
[341.232s][info][gc,phases   ] GC(200) Pause Mark Start 0.007ms
[341.257s][info][gc,phases   ] GC(200) Concurrent Mark 24.963ms
[341.257s][info][gc,phases   ] GC(200) Pause Mark End 0.028ms
[341.257s][info][gc,phases   ] GC(200) Concurrent Mark Free 0.002ms
[341.267s][info][gc,phases   ] GC(200) Concurrent Process Non-Strong References 9.581ms
[341.267s][info][gc,phases   ] GC(200) Concurrent Reset Relocation Set 0.003ms
[341.269s][info][gc,phases   ] GC(200) Concurrent Select Relocation Set 1.911ms
[341.269s][info][gc,phases   ] GC(200) Pause Relocate Start 0.011ms
[341.270s][info][gc,phases   ] GC(200) Concurrent Relocate 0.676ms
[341.270s][info][gc,load     ] GC(200) Load: 0.00/0.00/0.00
[341.270s][info][gc,mmu      ] GC(200) MMU: 2ms/98.1%, 5ms/99.2%, 10ms/99.6%, 20ms/99.8%, 50ms/99.9%, 100ms/99.9%
[341.270s][info][gc,marking  ] GC(200) Mark: 2 stripe(s), 2 proactive flush(es), 1 terminate flush(es), 0 completion(s), 0 continuation(s) 
[341.270s][info][gc,marking  ] GC(200) Mark Stack Usage: 32M
[341.270s][info][gc,nmethod  ] GC(200) NMethods: 10359 registered, 295 unregistered
[341.270s][info][gc,metaspace] GC(200) Metaspace: 52M used, 52M committed, 1088M reserved
[341.270s][info][gc,ref      ] GC(200) Soft: 3841 encountered, 0 discovered, 0 enqueued
[341.270s][info][gc,ref      ] GC(200) Weak: 4196 encountered, 643 discovered, 31 enqueued
[341.270s][info][gc,ref      ] GC(200) Final: 37 encountered, 1 discovered, 0 enqueued
[341.270s][info][gc,ref      ] GC(200) Phantom: 291 encountered, 237 discovered, 0 enqueued
[341.270s][info][gc,reloc    ] GC(200) Small Pages: 827 / 1654M, Empty: 1520M, Relocated: 0M, In-Place: 0
[341.270s][info][gc,reloc    ] GC(200) Medium Pages: 0 / 0M, Empty: 0M, Relocated: 0M, In-Place: 0
[341.270s][info][gc,reloc    ] GC(200) Large Pages: 0 / 0M, Empty: 0M, Relocated: 0M, In-Place: 0
[341.270s][info][gc,reloc    ] GC(200) Forwarding Usage: 0M
[341.270s][info][gc,heap     ] GC(200) Min Capacity: 4096M(100%)
[341.270s][info][gc,heap     ] GC(200) Max Capacity: 4096M(100%)
[341.270s][info][gc,heap     ] GC(200) Soft Max Capacity: 4096M(100%)
[341.270s][info][gc,heap     ] GC(200)                Mark Start          Mark End        Relocate Start      Relocate End           High               Low         
[341.270s][info][gc,heap     ] GC(200)  Capacity:     4096M (100%)       4096M (100%)       4096M (100%)       4096M (100%)       4096M (100%)       4096M (100%)   
[341.270s][info][gc,heap     ] GC(200)      Free:     2442M (60%)        2428M (59%)        3948M (96%)        4056M (99%)        4056M (99%)        2428M (59%)    
[341.270s][info][gc,heap     ] GC(200)      Used:     1654M (40%)        1668M (41%)         148M (4%)           40M (1%)         1668M (41%)          40M (1%)     
[341.270s][info][gc,heap     ] GC(200)      Live:         -                20M (0%)           20M (0%)           20M (0%)             -                  -          
[341.270s][info][gc,heap     ] GC(200) Allocated:         -                14M (0%)           14M (0%)           14M (0%)             -                  -          
[341.270s][info][gc,heap     ] GC(200)   Garbage:         -              1633M (40%)         113M (3%)            5M (0%)             -                  -          
[341.270s][info][gc,heap     ] GC(200) Reclaimed:         -                  -              1520M (37%)        1628M (40%)            -                  -          
[341.270s][info][gc          ] GC(200) Garbage Collection (System.gc()) 1654M(40%)->40M(1%)
[343.498s][info][gc,start    ] GC(201) Garbage Collection (Proactive)
[343.498s][info][gc,task     ] GC(201) Using 2 workers
[343.498s][info][gc,phases   ] GC(201) Pause Mark Start 0.009ms
[343.516s][info][gc,phases   ] GC(201) Concurrent Mark 18.459ms
[343.517s][info][gc,phases   ] GC(201) Pause Mark End 0.017ms
[343.517s][info][gc,phases   ] GC(201) Concurrent Mark Free 0.001ms
[343.527s][info][gc,phases   ] GC(201) Concurrent Process Non-Strong References 10.387ms
[343.527s][info][gc,phases   ] GC(201) Concurrent Reset Relocation Set 0.004ms
[343.529s][info][gc,phases   ] GC(201) Concurrent Select Relocation Set 2.055ms
[343.529s][info][gc,phases   ] GC(201) Pause Relocate Start 0.010ms
[343.530s][info][gc,phases   ] GC(201) Concurrent Relocate 0.792ms
[343.530s][info][gc,load     ] GC(201) Load: 0.00/0.00/0.00
[343.530s][info][gc,mmu      ] GC(201) MMU: 2ms/98.1%, 5ms/99.2%, 10ms/99.6%, 20ms/99.8%, 50ms/99.9%, 100ms/99.9%
[343.530s][info][gc,marking  ] GC(201) Mark: 2 stripe(s), 2 proactive flush(es), 1 terminate flush(es), 0 completion(s), 0 continuation(s) 
[343.530s][info][gc,marking  ] GC(201) Mark Stack Usage: 32M
[343.530s][info][gc,nmethod  ] GC(201) NMethods: 10377 registered, 298 unregistered
[343.530s][info][gc,metaspace] GC(201) Metaspace: 52M used, 53M committed, 1088M reserved
[343.530s][info][gc,ref      ] GC(201) Soft: 3841 encountered, 0 discovered, 0 enqueued
[343.530s][info][gc,ref      ] GC(201) Weak: 4362 encountered, 1048 discovered, 13 enqueued
[343.530s][info][gc,ref      ] GC(201) Final: 37 encountered, 0 discovered, 0 enqueued
[343.530s][info][gc,ref      ] GC(201) Phantom: 291 encountered, 236 discovered, 0 enqueued
[343.530s][info][gc,reloc    ] GC(201) Small Pages: 1217 / 2434M, Empty: 2324M, Relocated: 1M, In-Place: 0
[343.530s][info][gc,reloc    ] GC(201) Medium Pages: 0 / 0M, Empty: 0M, Relocated: 0M, In-Place: 0
[343.530s][info][gc,reloc    ] GC(201) Large Pages: 0 / 0M, Empty: 0M, Relocated: 0M, In-Place: 0
[343.530s][info][gc,reloc    ] GC(201) Forwarding Usage: 0M
[343.530s][info][gc,heap     ] GC(201) Min Capacity: 4096M(100%)
[343.530s][info][gc,heap     ] GC(201) Max Capacity: 4096M(100%)
[343.530s][info][gc,heap     ] GC(201) Soft Max Capacity: 4096M(100%)
[343.530s][info][gc,heap     ] GC(201)                Mark Start          Mark End        Relocate Start      Relocate End           High               Low         
[343.530s][info][gc,heap     ] GC(201)  Capacity:     4096M (100%)       4096M (100%)       4096M (100%)       4096M (100%)       4096M (100%)       4096M (100%)   
[343.530s][info][gc,heap     ] GC(201)      Free:     1662M (41%)        1644M (40%)        3960M (97%)        4040M (99%)        4040M (99%)        1636M (40%)    
[343.530s][info][gc,heap     ] GC(201)      Used:     2434M (59%)        2452M (60%)         136M (3%)           56M (1%)         2460M (60%)          56M (1%)     
[343.530s][info][gc,heap     ] GC(201)      Live:         -                20M (1%)           20M (1%)           20M (1%)             -                  -          
[343.530s][info][gc,heap     ] GC(201) Allocated:         -                18M (0%)           26M (1%)           29M (1%)             -                  -          
[343.530s][info][gc,heap     ] GC(201)   Garbage:         -              2413M (59%)          89M (2%)            5M (0%)             -                  -          
[343.530s][info][gc,heap     ] GC(201) Reclaimed:         -                  -              2324M (57%)        2407M (59%)            -                  -          
[343.530s][info][gc          ] GC(201) Garbage Collection (Proactive) 2434M(59%)->56M(1%)
[344.794s][info][gc,start    ] GC(202) Garbage Collection (System.gc())
[344.794s][info][gc,task     ] GC(202) Using 2 workers
[344.794s][info][gc,phases   ] GC(202) Pause Mark Start 0.007ms
[344.814s][info][gc,phases   ] GC(202) Concurrent Mark 19.499ms
[344.814s][info][gc,phases   ] GC(202) Pause Mark End 0.029ms
[344.814s][info][gc,phases   ] GC(202) Concurrent Mark Free 0.002ms
[344.823s][info][gc,phases   ] GC(202) Concurrent Process Non-Strong References 9.457ms
[344.823s][info][gc,phases   ] GC(202) Concurrent Reset Relocation Set 0.004ms
[344.825s][info][gc,phases   ] GC(202) Concurrent Select Relocation Set 1.926ms
[344.825s][info][gc,phases   ] GC(202) Pause Relocate Start 0.008ms
[344.826s][info][gc,phases   ] GC(202) Concurrent Relocate 0.472ms
[344.826s][info][gc,load     ] GC(202) Load: 0.00/0.00/0.00
[344.826s][info][gc,mmu      ] GC(202) MMU: 2ms/98.1%, 5ms/99.2%, 10ms/99.6%, 20ms/99.8%, 50ms/99.9%, 100ms/99.9%
[344.826s][info][gc,marking  ] GC(202) Mark: 2 stripe(s), 2 proactive flush(es), 1 terminate flush(es), 0 completion(s), 0 continuation(s) 
[344.826s][info][gc,marking  ] GC(202) Mark Stack Usage: 32M
[344.826s][info][gc,nmethod  ] GC(202) NMethods: 10383 registered, 298 unregistered
[344.826s][info][gc,metaspace] GC(202) Metaspace: 52M used, 53M committed, 1088M reserved
[344.826s][info][gc,ref      ] GC(202) Soft: 3841 encountered, 0 discovered, 0 enqueued
[344.826s][info][gc,ref      ] GC(202) Weak: 4193 encountered, 858 discovered, 30 enqueued
[344.826s][info][gc,ref      ] GC(202) Final: 37 encountered, 3 discovered, 0 enqueued
[344.826s][info][gc,ref      ] GC(202) Phantom: 291 encountered, 235 discovered, 0 enqueued
[344.826s][info][gc,reloc    ] GC(202) Small Pages: 719 / 1438M, Empty: 1282M, Relocated: 0M, In-Place: 0
[344.826s][info][gc,reloc    ] GC(202) Medium Pages: 0 / 0M, Empty: 0M, Relocated: 0M, In-Place: 0
[344.826s][info][gc,reloc    ] GC(202) Large Pages: 0 / 0M, Empty: 0M, Relocated: 0M, In-Place: 0
[344.826s][info][gc,reloc    ] GC(202) Forwarding Usage: 0M
[344.826s][info][gc,heap     ] GC(202) Min Capacity: 4096M(100%)
[344.826s][info][gc,heap     ] GC(202) Max Capacity: 4096M(100%)
[344.826s][info][gc,heap     ] GC(202) Soft Max Capacity: 4096M(100%)
[344.826s][info][gc,heap     ] GC(202)                Mark Start          Mark End        Relocate Start      Relocate End           High               Low         
[344.826s][info][gc,heap     ] GC(202)  Capacity:     4096M (100%)       4096M (100%)       4096M (100%)       4096M (100%)       4096M (100%)       4096M (100%)   
[344.826s][info][gc,heap     ] GC(202)      Free:     2658M (65%)        2644M (65%)        3926M (96%)        4056M (99%)        4056M (99%)        2644M (65%)    
[344.826s][info][gc,heap     ] GC(202)      Used:     1438M (35%)        1452M (35%)         170M (4%)           40M (1%)         1452M (35%)          40M (1%)     
[344.826s][info][gc,heap     ] GC(202)      Live:         -                20M (0%)           20M (0%)           20M (0%)             -                  -          
[344.826s][info][gc,heap     ] GC(202) Allocated:         -                14M (0%)           14M (0%)           14M (0%)             -                  -          
[344.826s][info][gc,heap     ] GC(202)   Garbage:         -              1417M (35%)         135M (3%)            5M (0%)             -                  -          
[344.826s][info][gc,heap     ] GC(202) Reclaimed:         -                  -              1282M (31%)        1412M (34%)            -                  -          
[344.826s][info][gc          ] GC(202) Garbage Collection (System.gc()) 1438M(35%)->40M(1%)
[346.698s][info][gc,start    ] GC(203) Garbage Collection (Proactive)
[346.698s][info][gc,task     ] GC(203) Using 2 workers
[346.698s][info][gc,phases   ] GC(203) Pause Mark Start 0.008ms
[346.717s][info][gc,phases   ] GC(203) Concurrent Mark 18.955ms
[346.717s][info][gc,phases   ] GC(203) Pause Mark End 0.016ms
[346.717s][info][gc,phases   ] GC(203) Concurrent Mark Free 0.001ms
[346.728s][info][gc,phases   ] GC(203) Concurrent Process Non-Strong References 10.520ms
[346.728s][info][gc,phases   ] GC(203) Concurrent Reset Relocation Set 0.005ms
[346.730s][info][gc,phases   ] GC(203) Concurrent Select Relocation Set 2.013ms
[346.730s][info][gc,phases   ] GC(203) Pause Relocate Start 0.009ms
[346.731s][info][gc,phases   ] GC(203) Concurrent Relocate 0.786ms
[346.731s][info][gc,load     ] GC(203) Load: 0.00/0.00/0.00
[346.731s][info][gc,mmu      ] GC(203) MMU: 2ms/98.1%, 5ms/99.2%, 10ms/99.6%, 20ms/99.8%, 50ms/99.9%, 100ms/99.9%
[346.731s][info][gc,marking  ] GC(203) Mark: 2 stripe(s), 2 proactive flush(es), 1 terminate flush(es), 0 completion(s), 0 continuation(s) 
[346.731s][info][gc,marking  ] GC(203) Mark Stack Usage: 32M
[346.731s][info][gc,nmethod  ] GC(203) NMethods: 10400 registered, 302 unregistered
[346.731s][info][gc,metaspace] GC(203) Metaspace: 52M used, 53M committed, 1088M reserved
[346.731s][info][gc,ref      ] GC(203) Soft: 3841 encountered, 0 discovered, 0 enqueued
[346.731s][info][gc,ref      ] GC(203) Weak: 4360 encountered, 541 discovered, 13 enqueued
[346.731s][info][gc,ref      ] GC(203) Final: 37 encountered, 0 discovered, 0 enqueued
[346.731s][info][gc,ref      ] GC(203) Phantom: 291 encountered, 236 discovered, 0 enqueued
[346.731s][info][gc,reloc    ] GC(203) Small Pages: 1013 / 2026M, Empty: 1904M, Relocated: 1M, In-Place: 0
[346.731s][info][gc,reloc    ] GC(203) Medium Pages: 0 / 0M, Empty: 0M, Relocated: 0M, In-Place: 0
[346.731s][info][gc,reloc    ] GC(203) Large Pages: 0 / 0M, Empty: 0M, Relocated: 0M, In-Place: 0
[346.731s][info][gc,reloc    ] GC(203) Forwarding Usage: 0M
[346.731s][info][gc,heap     ] GC(203) Min Capacity: 4096M(100%)
[346.731s][info][gc,heap     ] GC(203) Max Capacity: 4096M(100%)
[346.731s][info][gc,heap     ] GC(203) Soft Max Capacity: 4096M(100%)
[346.731s][info][gc,heap     ] GC(203)                Mark Start          Mark End        Relocate Start      Relocate End           High               Low         
[346.731s][info][gc,heap     ] GC(203)  Capacity:     4096M (100%)       4096M (100%)       4096M (100%)       4096M (100%)       4096M (100%)       4096M (100%)   
[346.731s][info][gc,heap     ] GC(203)      Free:     2070M (51%)        2048M (50%)        3946M (96%)        4042M (99%)        4042M (99%)        2044M (50%)    
[346.731s][info][gc,heap     ] GC(203)      Used:     2026M (49%)        2048M (50%)         150M (4%)           54M (1%)         2052M (50%)          54M (1%)     
[346.731s][info][gc,heap     ] GC(203)      Live:         -                20M (1%)           20M (1%)           20M (1%)             -                  -          
[346.731s][info][gc,heap     ] GC(203) Allocated:         -                22M (1%)           28M (1%)           27M (1%)             -                  -          
[346.731s][info][gc,heap     ] GC(203)   Garbage:         -              2005M (49%)         101M (2%)            5M (0%)             -                  -          
[346.731s][info][gc,heap     ] GC(203) Reclaimed:         -                  -              1904M (46%)        1999M (49%)            -                  -          
[346.731s][info][gc          ] GC(203) Garbage Collection (Proactive) 2026M(49%)->54M(1%)
[348.400s][info][gc,start    ] GC(204) Garbage Collection (System.gc())
[348.400s][info][gc,task     ] GC(204) Using 2 workers
[348.400s][info][gc,phases   ] GC(204) Pause Mark Start 0.005ms
[348.427s][info][gc,phases   ] GC(204) Concurrent Mark 26.590ms
[348.427s][info][gc,phases   ] GC(204) Pause Mark End 0.024ms
[348.427s][info][gc,phases   ] GC(204) Concurrent Mark Free 0.002ms
[348.436s][info][gc,phases   ] GC(204) Concurrent Process Non-Strong References 8.863ms
[348.436s][info][gc,phases   ] GC(204) Concurrent Reset Relocation Set 0.004ms
[348.438s][info][gc,phases   ] GC(204) Concurrent Select Relocation Set 1.884ms
[348.438s][info][gc,phases   ] GC(204) Pause Relocate Start 0.008ms
[348.438s][info][gc,phases   ] GC(204) Concurrent Relocate 0.424ms
[348.438s][info][gc,load     ] GC(204) Load: 0.00/0.00/0.00
[348.438s][info][gc,mmu      ] GC(204) MMU: 2ms/98.1%, 5ms/99.2%, 10ms/99.6%, 20ms/99.8%, 50ms/99.9%, 100ms/99.9%
[348.438s][info][gc,marking  ] GC(204) Mark: 2 stripe(s), 2 proactive flush(es), 1 terminate flush(es), 0 completion(s), 0 continuation(s) 
[348.438s][info][gc,marking  ] GC(204) Mark Stack Usage: 32M
[348.439s][info][gc,nmethod  ] GC(204) NMethods: 10402 registered, 304 unregistered
[348.439s][info][gc,metaspace] GC(204) Metaspace: 52M used, 53M committed, 1088M reserved
[348.439s][info][gc,ref      ] GC(204) Soft: 3841 encountered, 0 discovered, 0 enqueued
[348.439s][info][gc,ref      ] GC(204) Weak: 4213 encountered, 927 discovered, 31 enqueued
[348.439s][info][gc,ref      ] GC(204) Final: 37 encountered, 0 discovered, 0 enqueued
[348.439s][info][gc,ref      ] GC(204) Phantom: 291 encountered, 234 discovered, 0 enqueued
[348.439s][info][gc,reloc    ] GC(204) Small Pages: 927 / 1854M, Empty: 1714M, Relocated: 0M, In-Place: 0
[348.439s][info][gc,reloc    ] GC(204) Medium Pages: 0 / 0M, Empty: 0M, Relocated: 0M, In-Place: 0
[348.439s][info][gc,reloc    ] GC(204) Large Pages: 0 / 0M, Empty: 0M, Relocated: 0M, In-Place: 0
[348.439s][info][gc,reloc    ] GC(204) Forwarding Usage: 0M
[348.439s][info][gc,heap     ] GC(204) Min Capacity: 4096M(100%)
[348.439s][info][gc,heap     ] GC(204) Max Capacity: 4096M(100%)
[348.439s][info][gc,heap     ] GC(204) Soft Max Capacity: 4096M(100%)
[348.439s][info][gc,heap     ] GC(204)                Mark Start          Mark End        Relocate Start      Relocate End           High               Low         
[348.439s][info][gc,heap     ] GC(204)  Capacity:     4096M (100%)       4096M (100%)       4096M (100%)       4096M (100%)       4096M (100%)       4096M (100%)   
[348.439s][info][gc,heap     ] GC(204)      Free:     2242M (55%)        2228M (54%)        3942M (96%)        4056M (99%)        4056M (99%)        2228M (54%)    
[348.439s][info][gc,heap     ] GC(204)      Used:     1854M (45%)        1868M (46%)         154M (4%)           40M (1%)         1868M (46%)          40M (1%)     
[348.439s][info][gc,heap     ] GC(204)      Live:         -                20M (0%)           20M (0%)           20M (0%)             -                  -          
[348.439s][info][gc,heap     ] GC(204) Allocated:         -                14M (0%)           14M (0%)           14M (0%)             -                  -          
[348.439s][info][gc,heap     ] GC(204)   Garbage:         -              1833M (45%)         119M (3%)            5M (0%)             -                  -          
[348.439s][info][gc,heap     ] GC(204) Reclaimed:         -                  -              1714M (42%)        1828M (45%)            -                  -          
[348.439s][info][gc          ] GC(204) Garbage Collection (System.gc()) 1854M(45%)->40M(1%)
[350.198s][info][gc,stats    ] === Garbage Collection Statistics =======================================================================================================================
[350.198s][info][gc,stats    ]                                                              Last 10s              Last 10m              Last 10h                Total
[350.198s][info][gc,stats    ]                                                              Avg / Max             Avg / Max             Avg / Max             Avg / Max
[350.198s][info][gc,stats    ]   Collector: Garbage Collection Cycle                     34.843 / 38.501       32.860 / 62.948       32.860 / 62.948       32.860 / 62.948      ms
[350.198s][info][gc,stats    ]  Contention: Mark Segment Reset Contention                     0 / 0                 0 / 2                 0 / 2                 0 / 2           ops/s
[350.198s][info][gc,stats    ]  Contention: Mark SeqNum Reset Contention                      0 / 1                 0 / 2                 0 / 2                 0 / 2           ops/s
[350.198s][info][gc,stats    ]    Critical: Allocation Stall                                  0 / 0                 0 / 0                 0 / 0                 0 / 0           ops/s
[350.198s][info][gc,stats    ]    Critical: Allocation Stall                              0.000 / 0.000         0.000 / 0.000         0.000 / 0.000         0.000 / 0.000       ms
[350.198s][info][gc,stats    ]    Critical: GC Locker Stall                                   0 / 0                 0 / 0                 0 / 0                 0 / 0           ops/s
[350.198s][info][gc,stats    ]    Critical: GC Locker Stall                               0.000 / 0.000         0.000 / 0.000         0.000 / 0.000         0.000 / 0.000       ms
[350.198s][info][gc,stats    ]    Critical: Relocation Stall                                  0 / 0                 0 / 0                 0 / 0                 0 / 0           ops/s
[350.198s][info][gc,stats    ]    Critical: Relocation Stall                              0.000 / 0.000         0.000 / 0.000         0.000 / 0.000         0.000 / 0.000       ms
[350.198s][info][gc,stats    ]      Memory: Allocation Rate                                1067 / 1092           1024 / 1120           1024 / 1120           1024 / 1120        MB/s
[350.198s][info][gc,stats    ]      Memory: Defragment                                        0 / 0                 0 / 0                 0 / 0                 0 / 0           ops/s
[350.198s][info][gc,stats    ]      Memory: Out Of Memory                                     0 / 0                 0 / 0                 0 / 0                 0 / 0           ops/s
[350.198s][info][gc,stats    ]      Memory: Page Cache Flush                                  0 / 0                 0 / 0                 0 / 0                 0 / 0           MB/s
[350.198s][info][gc,stats    ]      Memory: Page Cache Hit L1                               534 / 548             508 / 560             508 / 560             508 / 560         ops/s
[350.198s][info][gc,stats    ]      Memory: Page Cache Hit L2                                 0 / 0                 0 / 0                 0 / 0                 0 / 0           ops/s
[350.198s][info][gc,stats    ]      Memory: Page Cache Hit L3                                 0 / 0                 4 / 295               4 / 295               4 / 295         ops/s
[350.198s][info][gc,stats    ]      Memory: Page Cache Miss                                   0 / 0                 0 / 1                 0 / 1                 0 / 1           ops/s
[350.198s][info][gc,stats    ]      Memory: Uncommit                                          0 / 0                 0 / 0                 0 / 0                 0 / 0           MB/s
[350.198s][info][gc,stats    ]      Memory: Undo Object Allocation Failed                     0 / 0                 0 / 1                 0 / 1                 0 / 1           ops/s
[350.198s][info][gc,stats    ]      Memory: Undo Object Allocation Succeeded                  2 / 22                2 / 42                2 / 42                2 / 42          ops/s
[350.198s][info][gc,stats    ]      Memory: Undo Page Allocation                              1 / 3                 1 / 8                 1 / 8                 1 / 8           ops/s
[350.198s][info][gc,stats    ]       Phase: Concurrent Mark                              21.693 / 26.590       20.879 / 33.521       20.879 / 33.521       20.879 / 33.521      ms
[350.198s][info][gc,stats    ]       Phase: Concurrent Mark Continue                      0.000 / 0.000         0.000 / 0.000         0.000 / 0.000         0.000 / 0.000       ms
[350.198s][info][gc,stats    ]       Phase: Concurrent Mark Free                          0.001 / 0.002         0.001 / 0.004         0.001 / 0.004         0.001 / 0.004       ms
[350.198s][info][gc,stats    ]       Phase: Concurrent Process Non-Strong References      9.762 / 10.520        8.410 / 21.700        8.410 / 21.700        8.410 / 21.700      ms
[350.198s][info][gc,stats    ]       Phase: Concurrent Relocate                           0.630 / 0.792         0.714 / 5.848         0.714 / 5.848         0.714 / 5.848       ms
[350.198s][info][gc,stats    ]       Phase: Concurrent Reset Relocation Set               0.004 / 0.005         0.004 / 0.010         0.004 / 0.010         0.004 / 0.010       ms
[350.198s][info][gc,stats    ]       Phase: Concurrent Select Relocation Set              1.958 / 2.055         2.015 / 5.959         2.015 / 5.959         2.015 / 5.959       ms
[350.198s][info][gc,stats    ]       Phase: Pause Mark End                                0.023 / 0.029         0.020 / 0.038         0.020 / 0.038         0.020 / 0.038       ms
[350.198s][info][gc,stats    ]       Phase: Pause Mark Start                              0.007 / 0.009         0.008 / 0.039         0.008 / 0.039         0.008 / 0.039       ms
[350.198s][info][gc,stats    ]       Phase: Pause Relocate Start                          0.009 / 0.011         0.009 / 0.023         0.009 / 0.023         0.009 / 0.023       ms
[350.198s][info][gc,stats    ]    Subphase: Concurrent Classes Purge                      0.033 / 0.048         0.061 / 1.921         0.061 / 1.921         0.061 / 1.921       ms
[350.198s][info][gc,stats    ]    Subphase: Concurrent Classes Unlink                     8.796 / 9.937         7.579 / 15.207        7.579 / 15.207        7.579 / 15.207      ms
[350.198s][info][gc,stats    ]    Subphase: Concurrent Mark                              17.126 / 24.303       17.069 / 31.441       17.069 / 31.441       17.069 / 31.441      ms
[350.198s][info][gc,stats    ]    Subphase: Concurrent Mark Try Flush                     0.074 / 0.136         0.077 / 0.430         0.077 / 0.430         0.077 / 0.430       ms
[350.198s][info][gc,stats    ]    Subphase: Concurrent Mark Try Terminate                 2.064 / 12.427        1.594 / 16.378        1.594 / 16.378        1.594 / 16.378      ms
[350.198s][info][gc,stats    ]    Subphase: Concurrent References Enqueue                 0.006 / 0.007         0.005 / 0.010         0.005 / 0.010         0.005 / 0.010       ms
[350.198s][info][gc,stats    ]    Subphase: Concurrent References Process                 0.177 / 0.220         0.139 / 0.844         0.139 / 0.844         0.139 / 0.844       ms
[350.198s][info][gc,stats    ]    Subphase: Concurrent Roots ClassLoaderDataGraph         0.079 / 0.187         0.075 / 0.306         0.075 / 0.306         0.075 / 0.306       ms
[350.198s][info][gc,stats    ]    Subphase: Concurrent Roots CodeCache                    0.000 / 0.000         0.000 / 0.000         0.000 / 0.000         0.000 / 0.000       ms
[350.198s][info][gc,stats    ]    Subphase: Concurrent Roots JavaThreads                  1.561 / 2.143         1.485 / 4.045         1.485 / 4.045         1.485 / 4.045       ms
[350.198s][info][gc,stats    ]    Subphase: Concurrent Roots OopStorageSet                0.020 / 0.023         0.023 / 0.106         0.023 / 0.106         0.023 / 0.106       ms
[350.198s][info][gc,stats    ]    Subphase: Concurrent Weak Roots OopStorageSet           0.567 / 0.774         0.429 / 1.078         0.429 / 1.078         0.429 / 1.078       ms
[350.198s][info][gc,stats    ]    Subphase: Pause Mark Try Complete                       0.000 / 0.000         0.000 / 0.000         0.000 / 0.000         0.000 / 0.000       ms
[350.198s][info][gc,stats    ]      System: Java Threads                                     59 / 59               59 / 64               59 / 64               59 / 64          threads
[350.198s][info][gc,stats    ] =========================================================================================================================================================
[350.698s][info][gc,start    ] GC(205) Garbage Collection (Proactive)
[350.698s][info][gc,task     ] GC(205) Using 2 workers
[350.698s][info][gc,phases   ] GC(205) Pause Mark Start 0.010ms
[350.716s][info][gc,phases   ] GC(205) Concurrent Mark 18.141ms
[350.717s][info][gc,phases   ] GC(205) Pause Mark End 0.017ms
[350.717s][info][gc,phases   ] GC(205) Concurrent Mark Free 0.001ms
[350.727s][info][gc,phases   ] GC(205) Concurrent Process Non-Strong References 10.607ms
[350.727s][info][gc,phases   ] GC(205) Concurrent Reset Relocation Set 0.004ms
[350.729s][info][gc,phases   ] GC(205) Concurrent Select Relocation Set 2.074ms
[350.729s][info][gc,phases   ] GC(205) Pause Relocate Start 0.010ms
[350.730s][info][gc,phases   ] GC(205) Concurrent Relocate 0.862ms
[350.730s][info][gc,load     ] GC(205) Load: 0.00/0.00/0.00
[350.730s][info][gc,mmu      ] GC(205) MMU: 2ms/98.1%, 5ms/99.2%, 10ms/99.6%, 20ms/99.8%, 50ms/99.9%, 100ms/99.9%
[350.730s][info][gc,marking  ] GC(205) Mark: 2 stripe(s), 2 proactive flush(es), 1 terminate flush(es), 0 completion(s), 0 continuation(s) 
[350.730s][info][gc,marking  ] GC(205) Mark Stack Usage: 32M
[350.730s][info][gc,nmethod  ] GC(205) NMethods: 10426 registered, 307 unregistered
[350.730s][info][gc,metaspace] GC(205) Metaspace: 52M used, 53M committed, 1088M reserved
[350.731s][info][gc,ref      ] GC(205) Soft: 3841 encountered, 0 discovered, 0 enqueued
[350.731s][info][gc,ref      ] GC(205) Weak: 4362 encountered, 444 discovered, 13 enqueued
[350.731s][info][gc,ref      ] GC(205) Final: 37 encountered, 0 discovered, 0 enqueued
[350.731s][info][gc,ref      ] GC(205) Phantom: 291 encountered, 237 discovered, 0 enqueued
[350.731s][info][gc,reloc    ] GC(205) Small Pages: 1237 / 2474M, Empty: 2338M, Relocated: 1M, In-Place: 0
[350.731s][info][gc,reloc    ] GC(205) Medium Pages: 0 / 0M, Empty: 0M, Relocated: 0M, In-Place: 0
[350.731s][info][gc,reloc    ] GC(205) Large Pages: 0 / 0M, Empty: 0M, Relocated: 0M, In-Place: 0
[350.731s][info][gc,reloc    ] GC(205) Forwarding Usage: 0M
[350.731s][info][gc,heap     ] GC(205) Min Capacity: 4096M(100%)
[350.731s][info][gc,heap     ] GC(205) Max Capacity: 4096M(100%)
[350.731s][info][gc,heap     ] GC(205) Soft Max Capacity: 4096M(100%)
[350.731s][info][gc,heap     ] GC(205)                Mark Start          Mark End        Relocate Start      Relocate End           High               Low         
[350.731s][info][gc,heap     ] GC(205)  Capacity:     4096M (100%)       4096M (100%)       4096M (100%)       4096M (100%)       4096M (100%)       4096M (100%)   
[350.731s][info][gc,heap     ] GC(205)      Free:     1622M (40%)        1602M (39%)        3930M (96%)        4040M (99%)        4040M (99%)        1598M (39%)    
[350.731s][info][gc,heap     ] GC(205)      Used:     2474M (60%)        2494M (61%)         166M (4%)           56M (1%)         2498M (61%)          56M (1%)     
[350.731s][info][gc,heap     ] GC(205)      Live:         -                20M (1%)           20M (1%)           20M (1%)             -                  -          
[350.731s][info][gc,heap     ] GC(205) Allocated:         -                20M (0%)           30M (1%)           29M (1%)             -                  -          
[350.731s][info][gc,heap     ] GC(205)   Garbage:         -              2453M (60%)         115M (3%)            5M (0%)             -                  -          
[350.731s][info][gc,heap     ] GC(205) Reclaimed:         -                  -              2338M (57%)        2447M (60%)            -                  -          
[350.731s][info][gc          ] GC(205) Garbage Collection (Proactive) 2474M(60%)->56M(1%)
[351.965s][info][gc,start    ] GC(206) Garbage Collection (System.gc())
[351.965s][info][gc,task     ] GC(206) Using 2 workers
[351.965s][info][gc,phases   ] GC(206) Pause Mark Start 0.008ms
[351.984s][info][gc,phases   ] GC(206) Concurrent Mark 18.988ms
[351.984s][info][gc,phases   ] GC(206) Pause Mark End 0.020ms
[351.984s][info][gc,phases   ] GC(206) Concurrent Mark Free 0.001ms
[351.994s][info][gc,phases   ] GC(206) Concurrent Process Non-Strong References 9.857ms
[351.994s][info][gc,phases   ] GC(206) Concurrent Reset Relocation Set 0.004ms
[351.996s][info][gc,phases   ] GC(206) Concurrent Select Relocation Set 1.557ms
[351.996s][info][gc,phases   ] GC(206) Pause Relocate Start 0.010ms
[351.996s][info][gc,phases   ] GC(206) Concurrent Relocate 0.452ms
[351.996s][info][gc,load     ] GC(206) Load: 0.00/0.00/0.00
[351.996s][info][gc,mmu      ] GC(206) MMU: 2ms/98.1%, 5ms/99.2%, 10ms/99.6%, 20ms/99.8%, 50ms/99.9%, 100ms/99.9%
[351.996s][info][gc,marking  ] GC(206) Mark: 2 stripe(s), 2 proactive flush(es), 1 terminate flush(es), 0 completion(s), 0 continuation(s) 
[351.996s][info][gc,marking  ] GC(206) Mark Stack Usage: 32M
[351.996s][info][gc,nmethod  ] GC(206) NMethods: 10430 registered, 308 unregistered
[351.996s][info][gc,metaspace] GC(206) Metaspace: 52M used, 53M committed, 1088M reserved
[351.996s][info][gc,ref      ] GC(206) Soft: 3841 encountered, 0 discovered, 0 enqueued
[351.996s][info][gc,ref      ] GC(206) Weak: 4196 encountered, 404 discovered, 31 enqueued
[351.996s][info][gc,ref      ] GC(206) Final: 37 encountered, 0 discovered, 0 enqueued
[351.996s][info][gc,ref      ] GC(206) Phantom: 291 encountered, 237 discovered, 0 enqueued
[351.996s][info][gc,reloc    ] GC(206) Small Pages: 698 / 1396M, Empty: 1276M, Relocated: 0M, In-Place: 0
[351.996s][info][gc,reloc    ] GC(206) Medium Pages: 0 / 0M, Empty: 0M, Relocated: 0M, In-Place: 0
[351.996s][info][gc,reloc    ] GC(206) Large Pages: 0 / 0M, Empty: 0M, Relocated: 0M, In-Place: 0
[351.996s][info][gc,reloc    ] GC(206) Forwarding Usage: 0M
[351.996s][info][gc,heap     ] GC(206) Min Capacity: 4096M(100%)
[351.996s][info][gc,heap     ] GC(206) Max Capacity: 4096M(100%)
[351.996s][info][gc,heap     ] GC(206) Soft Max Capacity: 4096M(100%)
[351.996s][info][gc,heap     ] GC(206)                Mark Start          Mark End        Relocate Start      Relocate End           High               Low         
[351.996s][info][gc,heap     ] GC(206)  Capacity:     4096M (100%)       4096M (100%)       4096M (100%)       4096M (100%)       4096M (100%)       4096M (100%)   
[351.996s][info][gc,heap     ] GC(206)      Free:     2700M (66%)        2686M (66%)        3962M (97%)        4056M (99%)        4056M (99%)        2686M (66%)    
[351.996s][info][gc,heap     ] GC(206)      Used:     1396M (34%)        1410M (34%)         134M (3%)           40M (1%)         1410M (34%)          40M (1%)     
[351.996s][info][gc,heap     ] GC(206)      Live:         -                20M (0%)           20M (0%)           20M (0%)             -                  -          
[351.996s][info][gc,heap     ] GC(206) Allocated:         -                14M (0%)           14M (0%)           14M (0%)             -                  -          
[351.997s][info][gc,heap     ] GC(206)   Garbage:         -              1375M (34%)          99M (2%)            5M (0%)             -                  -          
[351.997s][info][gc,heap     ] GC(206) Reclaimed:         -                  -              1276M (31%)        1370M (33%)            -                  -          
[351.997s][info][gc          ] GC(206) Garbage Collection (System.gc()) 1396M(34%)->40M(1%)
[353.898s][info][gc,start    ] GC(207) Garbage Collection (Proactive)
[353.898s][info][gc,task     ] GC(207) Using 2 workers
[353.898s][info][gc,phases   ] GC(207) Pause Mark Start 0.010ms
[353.915s][info][gc,phases   ] GC(207) Concurrent Mark 17.265ms
[353.915s][info][gc,phases   ] GC(207) Pause Mark End 0.015ms
[353.915s][info][gc,phases   ] GC(207) Concurrent Mark Free 0.001ms
[353.926s][info][gc,phases   ] GC(207) Concurrent Process Non-Strong References 10.285ms
[353.926s][info][gc,phases   ] GC(207) Concurrent Reset Relocation Set 0.004ms
[353.928s][info][gc,phases   ] GC(207) Concurrent Select Relocation Set 2.136ms
[353.928s][info][gc,phases   ] GC(207) Pause Relocate Start 0.008ms
[353.929s][info][gc,phases   ] GC(207) Concurrent Relocate 0.870ms
[353.929s][info][gc,load     ] GC(207) Load: 0.00/0.00/0.00
[353.929s][info][gc,mmu      ] GC(207) MMU: 2ms/98.1%, 5ms/99.2%, 10ms/99.6%, 20ms/99.8%, 50ms/99.9%, 100ms/99.9%
[353.929s][info][gc,marking  ] GC(207) Mark: 2 stripe(s), 2 proactive flush(es), 1 terminate flush(es), 0 completion(s), 0 continuation(s) 
[353.929s][info][gc,marking  ] GC(207) Mark Stack Usage: 32M
[353.929s][info][gc,nmethod  ] GC(207) NMethods: 10449 registered, 311 unregistered
[353.929s][info][gc,metaspace] GC(207) Metaspace: 52M used, 53M committed, 1088M reserved
[353.929s][info][gc,ref      ] GC(207) Soft: 3841 encountered, 0 discovered, 0 enqueued
[353.929s][info][gc,ref      ] GC(207) Weak: 4362 encountered, 563 discovered, 13 enqueued
[353.929s][info][gc,ref      ] GC(207) Final: 37 encountered, 0 discovered, 0 enqueued
[353.929s][info][gc,ref      ] GC(207) Phantom: 291 encountered, 236 discovered, 0 enqueued
[353.929s][info][gc,reloc    ] GC(207) Small Pages: 1028 / 2056M, Empty: 1928M, Relocated: 1M, In-Place: 0
[353.929s][info][gc,reloc    ] GC(207) Medium Pages: 0 / 0M, Empty: 0M, Relocated: 0M, In-Place: 0
[353.929s][info][gc,reloc    ] GC(207) Large Pages: 0 / 0M, Empty: 0M, Relocated: 0M, In-Place: 0
[353.929s][info][gc,reloc    ] GC(207) Forwarding Usage: 0M
[353.929s][info][gc,heap     ] GC(207) Min Capacity: 4096M(100%)
[353.929s][info][gc,heap     ] GC(207) Max Capacity: 4096M(100%)
[353.929s][info][gc,heap     ] GC(207) Soft Max Capacity: 4096M(100%)
[353.929s][info][gc,heap     ] GC(207)                Mark Start          Mark End        Relocate Start      Relocate End           High               Low         
[353.929s][info][gc,heap     ] GC(207)  Capacity:     4096M (100%)       4096M (100%)       4096M (100%)       4096M (100%)       4096M (100%)       4096M (100%)   
[353.929s][info][gc,heap     ] GC(207)      Free:     2040M (50%)        2022M (49%)        3942M (96%)        4042M (99%)        4042M (99%)        2014M (49%)    
[353.929s][info][gc,heap     ] GC(207)      Used:     2056M (50%)        2074M (51%)         154M (4%)           54M (1%)         2082M (51%)          54M (1%)     
[353.929s][info][gc,heap     ] GC(207)      Live:         -                20M (1%)           20M (1%)           20M (1%)             -                  -          
[353.929s][info][gc,heap     ] GC(207) Allocated:         -                18M (0%)           26M (1%)           27M (1%)             -                  -          
[353.929s][info][gc,heap     ] GC(207)   Garbage:         -              2035M (50%)         107M (3%)            5M (0%)             -                  -          
[353.929s][info][gc,heap     ] GC(207) Reclaimed:         -                  -              1928M (47%)        2029M (50%)            -                  -          
[353.929s][info][gc          ] GC(207) Garbage Collection (Proactive) 2056M(50%)->54M(1%)
[355.594s][info][gc,start    ] GC(208) Garbage Collection (System.gc())
[355.594s][info][gc,task     ] GC(208) Using 2 workers
[355.594s][info][gc,phases   ] GC(208) Pause Mark Start 0.006ms
[355.615s][info][gc,phases   ] GC(208) Concurrent Mark 20.356ms
[355.615s][info][gc,phases   ] GC(208) Pause Mark End 0.016ms
[355.615s][info][gc,phases   ] GC(208) Concurrent Mark Free 0.002ms
[355.624s][info][gc,phases   ] GC(208) Concurrent Process Non-Strong References 8.961ms
[355.624s][info][gc,phases   ] GC(208) Concurrent Reset Relocation Set 0.004ms
[355.626s][info][gc,phases   ] GC(208) Concurrent Select Relocation Set 2.181ms
[355.626s][info][gc,phases   ] GC(208) Pause Relocate Start 0.007ms
[355.626s][info][gc,phases   ] GC(208) Concurrent Relocate 0.355ms
[355.626s][info][gc,load     ] GC(208) Load: 0.00/0.00/0.00
[355.626s][info][gc,mmu      ] GC(208) MMU: 2ms/98.1%, 5ms/99.2%, 10ms/99.6%, 20ms/99.8%, 50ms/99.9%, 100ms/99.9%
[355.626s][info][gc,marking  ] GC(208) Mark: 2 stripe(s), 2 proactive flush(es), 1 terminate flush(es), 0 completion(s), 0 continuation(s) 
[355.626s][info][gc,marking  ] GC(208) Mark Stack Usage: 32M
[355.627s][info][gc,nmethod  ] GC(208) NMethods: 10450 registered, 313 unregistered
[355.627s][info][gc,metaspace] GC(208) Metaspace: 52M used, 53M committed, 1088M reserved
[355.627s][info][gc,ref      ] GC(208) Soft: 3841 encountered, 0 discovered, 0 enqueued
[355.627s][info][gc,ref      ] GC(208) Weak: 4196 encountered, 863 discovered, 31 enqueued
[355.627s][info][gc,ref      ] GC(208) Final: 37 encountered, 0 discovered, 0 enqueued
[355.627s][info][gc,ref      ] GC(208) Phantom: 291 encountered, 237 discovered, 0 enqueued
[355.627s][info][gc,reloc    ] GC(208) Small Pages: 909 / 1818M, Empty: 1684M, Relocated: 0M, In-Place: 0
[355.627s][info][gc,reloc    ] GC(208) Medium Pages: 0 / 0M, Empty: 0M, Relocated: 0M, In-Place: 0
[355.627s][info][gc,reloc    ] GC(208) Large Pages: 0 / 0M, Empty: 0M, Relocated: 0M, In-Place: 0
[355.627s][info][gc,reloc    ] GC(208) Forwarding Usage: 0M
[355.627s][info][gc,heap     ] GC(208) Min Capacity: 4096M(100%)
[355.627s][info][gc,heap     ] GC(208) Max Capacity: 4096M(100%)
[355.627s][info][gc,heap     ] GC(208) Soft Max Capacity: 4096M(100%)
[355.627s][info][gc,heap     ] GC(208)                Mark Start          Mark End        Relocate Start      Relocate End           High               Low         
[355.627s][info][gc,heap     ] GC(208)  Capacity:     4096M (100%)       4096M (100%)       4096M (100%)       4096M (100%)       4096M (100%)       4096M (100%)   
[355.627s][info][gc,heap     ] GC(208)      Free:     2278M (56%)        2264M (55%)        3946M (96%)        4054M (99%)        4054M (99%)        2262M (55%)    
[355.627s][info][gc,heap     ] GC(208)      Used:     1818M (44%)        1832M (45%)         150M (4%)           42M (1%)         1834M (45%)          42M (1%)     
[355.627s][info][gc,heap     ] GC(208)      Live:         -                20M (0%)           20M (0%)           20M (0%)             -                  -          
[355.627s][info][gc,heap     ] GC(208) Allocated:         -                14M (0%)           16M (0%)           16M (0%)             -                  -          
[355.627s][info][gc,heap     ] GC(208)   Garbage:         -              1797M (44%)         113M (3%)            5M (0%)             -                  -          
[355.627s][info][gc,heap     ] GC(208) Reclaimed:         -                  -              1684M (41%)        1792M (44%)            -                  -          
[355.627s][info][gc          ] GC(208) Garbage Collection (System.gc()) 1818M(44%)->42M(1%)
[357.399s][info][gc,start    ] GC(209) Garbage Collection (Proactive)
[357.399s][info][gc,task     ] GC(209) Using 2 workers
[357.399s][info][gc,phases   ] GC(209) Pause Mark Start 0.009ms
[357.418s][info][gc,phases   ] GC(209) Concurrent Mark 18.950ms
[357.418s][info][gc,phases   ] GC(209) Pause Mark End 0.014ms
[357.418s][info][gc,phases   ] GC(209) Concurrent Mark Free 0.001ms
[357.429s][info][gc,phases   ] GC(209) Concurrent Process Non-Strong References 10.616ms
[357.429s][info][gc,phases   ] GC(209) Concurrent Reset Relocation Set 0.005ms
[357.431s][info][gc,phases   ] GC(209) Concurrent Select Relocation Set 2.041ms
[357.431s][info][gc,phases   ] GC(209) Pause Relocate Start 0.010ms
[357.432s][info][gc,phases   ] GC(209) Concurrent Relocate 1.137ms
[357.432s][info][gc,load     ] GC(209) Load: 0.00/0.00/0.00
[357.432s][info][gc,mmu      ] GC(209) MMU: 2ms/98.1%, 5ms/99.2%, 10ms/99.6%, 20ms/99.8%, 50ms/99.9%, 100ms/99.9%
[357.432s][info][gc,marking  ] GC(209) Mark: 2 stripe(s), 2 proactive flush(es), 1 terminate flush(es), 0 completion(s), 0 continuation(s) 
[357.432s][info][gc,marking  ] GC(209) Mark Stack Usage: 32M
[357.432s][info][gc,nmethod  ] GC(209) NMethods: 10459 registered, 316 unregistered
[357.432s][info][gc,metaspace] GC(209) Metaspace: 52M used, 53M committed, 1088M reserved
[357.432s][info][gc,ref      ] GC(209) Soft: 3841 encountered, 0 discovered, 0 enqueued
[357.432s][info][gc,ref      ] GC(209) Weak: 4364 encountered, 817 discovered, 13 enqueued
[357.432s][info][gc,ref      ] GC(209) Final: 37 encountered, 0 discovered, 0 enqueued
[357.432s][info][gc,ref      ] GC(209) Phantom: 291 encountered, 237 discovered, 0 enqueued
[357.432s][info][gc,reloc    ] GC(209) Small Pages: 969 / 1938M, Empty: 1830M, Relocated: 1M, In-Place: 0
[357.432s][info][gc,reloc    ] GC(209) Medium Pages: 0 / 0M, Empty: 0M, Relocated: 0M, In-Place: 0
[357.432s][info][gc,reloc    ] GC(209) Large Pages: 0 / 0M, Empty: 0M, Relocated: 0M, In-Place: 0
[357.432s][info][gc,reloc    ] GC(209) Forwarding Usage: 0M
[357.432s][info][gc,heap     ] GC(209) Min Capacity: 4096M(100%)
[357.432s][info][gc,heap     ] GC(209) Max Capacity: 4096M(100%)
[357.432s][info][gc,heap     ] GC(209) Soft Max Capacity: 4096M(100%)
[357.432s][info][gc,heap     ] GC(209)                Mark Start          Mark End        Relocate Start      Relocate End           High               Low         
[357.432s][info][gc,heap     ] GC(209)  Capacity:     4096M (100%)       4096M (100%)       4096M (100%)       4096M (100%)       4096M (100%)       4096M (100%)   
[357.432s][info][gc,heap     ] GC(209)      Free:     2158M (53%)        2138M (52%)        3960M (97%)        4040M (99%)        4040M (99%)        2132M (52%)    
[357.432s][info][gc,heap     ] GC(209)      Used:     1938M (47%)        1958M (48%)         136M (3%)           56M (1%)         1964M (48%)          56M (1%)     
[357.432s][info][gc,heap     ] GC(209)      Live:         -                20M (1%)           20M (1%)           20M (1%)             -                  -          
[357.432s][info][gc,heap     ] GC(209) Allocated:         -                20M (0%)           28M (1%)           29M (1%)             -                  -          
[357.432s][info][gc,heap     ] GC(209)   Garbage:         -              1917M (47%)          87M (2%)            5M (0%)             -                  -          
[357.432s][info][gc,heap     ] GC(209) Reclaimed:         -                  -              1830M (45%)        1911M (47%)            -                  -          
[357.432s][info][gc          ] GC(209) Garbage Collection (Proactive) 1938M(47%)->56M(1%)
[359.189s][info][gc,start    ] GC(210) Garbage Collection (System.gc())
[359.189s][info][gc,task     ] GC(210) Using 2 workers
[359.189s][info][gc,phases   ] GC(210) Pause Mark Start 0.008ms
[359.205s][info][gc,phases   ] GC(210) Concurrent Mark 15.754ms
[359.205s][info][gc,phases   ] GC(210) Pause Mark End 0.015ms
[359.205s][info][gc,phases   ] GC(210) Concurrent Mark Free 0.002ms
[359.214s][info][gc,phases   ] GC(210) Concurrent Process Non-Strong References 8.483ms
[359.214s][info][gc,phases   ] GC(210) Concurrent Reset Relocation Set 0.002ms
[359.216s][info][gc,phases   ] GC(210) Concurrent Select Relocation Set 2.380ms
[359.216s][info][gc,phases   ] GC(210) Pause Relocate Start 0.008ms
[359.217s][info][gc,phases   ] GC(210) Concurrent Relocate 0.431ms
[359.217s][info][gc,load     ] GC(210) Load: 0.00/0.00/0.00
[359.217s][info][gc,mmu      ] GC(210) MMU: 2ms/98.1%, 5ms/99.2%, 10ms/99.6%, 20ms/99.8%, 50ms/99.9%, 100ms/99.9%
[359.217s][info][gc,marking  ] GC(210) Mark: 2 stripe(s), 2 proactive flush(es), 1 terminate flush(es), 0 completion(s), 0 continuation(s) 
[359.217s][info][gc,marking  ] GC(210) Mark Stack Usage: 32M
[359.217s][info][gc,nmethod  ] GC(210) NMethods: 10465 registered, 317 unregistered
[359.217s][info][gc,metaspace] GC(210) Metaspace: 52M used, 53M committed, 1088M reserved
[359.217s][info][gc,ref      ] GC(210) Soft: 3841 encountered, 0 discovered, 0 enqueued
[359.217s][info][gc,ref      ] GC(210) Weak: 4195 encountered, 508 discovered, 30 enqueued
[359.217s][info][gc,ref      ] GC(210) Final: 37 encountered, 1 discovered, 0 enqueued
[359.217s][info][gc,ref      ] GC(210) Phantom: 291 encountered, 235 discovered, 0 enqueued
[359.217s][info][gc,reloc    ] GC(210) Small Pages: 970 / 1940M, Empty: 1782M, Relocated: 0M, In-Place: 0
[359.217s][info][gc,reloc    ] GC(210) Medium Pages: 0 / 0M, Empty: 0M, Relocated: 0M, In-Place: 0
[359.217s][info][gc,reloc    ] GC(210) Large Pages: 0 / 0M, Empty: 0M, Relocated: 0M, In-Place: 0
[359.217s][info][gc,reloc    ] GC(210) Forwarding Usage: 0M
[359.217s][info][gc,heap     ] GC(210) Min Capacity: 4096M(100%)
[359.217s][info][gc,heap     ] GC(210) Max Capacity: 4096M(100%)
[359.217s][info][gc,heap     ] GC(210) Soft Max Capacity: 4096M(100%)
[359.217s][info][gc,heap     ] GC(210)                Mark Start          Mark End        Relocate Start      Relocate End           High               Low         
[359.217s][info][gc,heap     ] GC(210)  Capacity:     4096M (100%)       4096M (100%)       4096M (100%)       4096M (100%)       4096M (100%)       4096M (100%)   
[359.217s][info][gc,heap     ] GC(210)      Free:     2156M (53%)        2146M (52%)        3928M (96%)        4060M (99%)        4060M (99%)        2146M (52%)    
[359.217s][info][gc,heap     ] GC(210)      Used:     1940M (47%)        1950M (48%)         168M (4%)           36M (1%)         1950M (48%)          36M (1%)     
[359.217s][info][gc,heap     ] GC(210)      Live:         -                20M (0%)           20M (0%)           20M (0%)             -                  -          
[359.217s][info][gc,heap     ] GC(210) Allocated:         -                10M (0%)           10M (0%)           10M (0%)             -                  -          
[359.217s][info][gc,heap     ] GC(210)   Garbage:         -              1919M (47%)         137M (3%)            5M (0%)             -                  -          
[359.217s][info][gc,heap     ] GC(210) Reclaimed:         -                  -              1782M (44%)        1914M (47%)            -                  -          
[359.217s][info][gc          ] GC(210) Garbage Collection (System.gc()) 1940M(47%)->36M(1%)
[360.198s][info][gc,stats    ] === Garbage Collection Statistics =======================================================================================================================
[360.198s][info][gc,stats    ]                                                              Last 10s              Last 10m              Last 10h                Total
[360.198s][info][gc,stats    ]                                                              Avg / Max             Avg / Max             Avg / Max             Avg / Max
[360.198s][info][gc,stats    ]   Collector: Garbage Collection Cycle                     31.536 / 33.576       32.822 / 62.948       32.822 / 62.948       32.822 / 62.948      ms
[360.198s][info][gc,stats    ]  Contention: Mark Segment Reset Contention                     0 / 0                 0 / 2                 0 / 2                 0 / 2           ops/s
[360.198s][info][gc,stats    ]  Contention: Mark SeqNum Reset Contention                      0 / 1                 0 / 2                 0 / 2                 0 / 2           ops/s
[360.198s][info][gc,stats    ]    Critical: Allocation Stall                                  0 / 0                 0 / 0                 0 / 0                 0 / 0           ops/s
[360.198s][info][gc,stats    ]    Critical: Allocation Stall                              0.000 / 0.000         0.000 / 0.000         0.000 / 0.000         0.000 / 0.000       ms
[360.198s][info][gc,stats    ]    Critical: GC Locker Stall                                   0 / 0                 0 / 0                 0 / 0                 0 / 0           ops/s
[360.198s][info][gc,stats    ]    Critical: GC Locker Stall                               0.000 / 0.000         0.000 / 0.000         0.000 / 0.000         0.000 / 0.000       ms
[360.198s][info][gc,stats    ]    Critical: Relocation Stall                                  0 / 0                 0 / 0                 0 / 0                 0 / 0           ops/s
[360.198s][info][gc,stats    ]    Critical: Relocation Stall                              0.000 / 0.000         0.000 / 0.000         0.000 / 0.000         0.000 / 0.000       ms
[360.198s][info][gc,stats    ]      Memory: Allocation Rate                                1063 / 1094           1025 / 1120           1025 / 1120           1025 / 1120        MB/s
[360.198s][info][gc,stats    ]      Memory: Defragment                                        0 / 0                 0 / 0                 0 / 0                 0 / 0           ops/s
[360.198s][info][gc,stats    ]      Memory: Out Of Memory                                     0 / 0                 0 / 0                 0 / 0                 0 / 0           ops/s
[360.198s][info][gc,stats    ]      Memory: Page Cache Flush                                  0 / 0                 0 / 0                 0 / 0                 0 / 0           MB/s
[360.198s][info][gc,stats    ]      Memory: Page Cache Hit L1                               533 / 549             509 / 560             509 / 560             509 / 560         ops/s
[360.198s][info][gc,stats    ]      Memory: Page Cache Hit L2                                 0 / 0                 0 / 0                 0 / 0                 0 / 0           ops/s
[360.198s][info][gc,stats    ]      Memory: Page Cache Hit L3                                 0 / 0                 4 / 295               4 / 295               4 / 295         ops/s
[360.198s][info][gc,stats    ]      Memory: Page Cache Miss                                   0 / 0                 0 / 1                 0 / 1                 0 / 1           ops/s
[360.198s][info][gc,stats    ]      Memory: Uncommit                                          0 / 0                 0 / 0                 0 / 0                 0 / 0           MB/s
[360.198s][info][gc,stats    ]      Memory: Undo Object Allocation Failed                     0 / 1                 0 / 1                 0 / 1                 0 / 1           ops/s
[360.198s][info][gc,stats    ]      Memory: Undo Object Allocation Succeeded                  3 / 15                2 / 42                2 / 42                2 / 42          ops/s
[360.198s][info][gc,stats    ]      Memory: Undo Page Allocation                              0 / 2                 1 / 8                 1 / 8                 1 / 8           ops/s
[360.198s][info][gc,stats    ]       Phase: Concurrent Mark                              18.242 / 20.356       20.803 / 33.521       20.803 / 33.521       20.803 / 33.521      ms
[360.198s][info][gc,stats    ]       Phase: Concurrent Mark Continue                      0.000 / 0.000         0.000 / 0.000         0.000 / 0.000         0.000 / 0.000       ms
[360.198s][info][gc,stats    ]       Phase: Concurrent Mark Free                          0.001 / 0.002         0.001 / 0.004         0.001 / 0.004         0.001 / 0.004       ms
[360.198s][info][gc,stats    ]       Phase: Concurrent Process Non-Strong References      9.801 / 10.616        8.449 / 21.700        8.449 / 21.700        8.449 / 21.700      ms
[360.198s][info][gc,stats    ]       Phase: Concurrent Relocate                           0.684 / 1.137         0.713 / 5.848         0.713 / 5.848         0.713 / 5.848       ms
[360.198s][info][gc,stats    ]       Phase: Concurrent Reset Relocation Set               0.004 / 0.005         0.004 / 0.010         0.004 / 0.010         0.004 / 0.010       ms
[360.198s][info][gc,stats    ]       Phase: Concurrent Select Relocation Set              2.061 / 2.380         2.017 / 5.959         2.017 / 5.959         2.017 / 5.959       ms
[360.198s][info][gc,stats    ]       Phase: Pause Mark End                                0.016 / 0.020         0.020 / 0.038         0.020 / 0.038         0.020 / 0.038       ms
[360.198s][info][gc,stats    ]       Phase: Pause Mark Start                              0.009 / 0.010         0.008 / 0.039         0.008 / 0.039         0.008 / 0.039       ms
[360.198s][info][gc,stats    ]       Phase: Pause Relocate Start                          0.009 / 0.010         0.009 / 0.023         0.009 / 0.023         0.009 / 0.023       ms
[360.198s][info][gc,stats    ]    Subphase: Concurrent Classes Purge                      0.028 / 0.032         0.060 / 1.921         0.060 / 1.921         0.060 / 1.921       ms
[360.198s][info][gc,stats    ]    Subphase: Concurrent Classes Unlink                     9.128 / 10.037        7.623 / 15.207        7.623 / 15.207        7.623 / 15.207      ms
[360.198s][info][gc,stats    ]    Subphase: Concurrent Mark                              15.443 / 18.742       17.023 / 31.441       17.023 / 31.441       17.023 / 31.441      ms
[360.198s][info][gc,stats    ]    Subphase: Concurrent Mark Try Flush                     0.086 / 0.219         0.078 / 0.430         0.078 / 0.430         0.078 / 0.430       ms
[360.198s][info][gc,stats    ]    Subphase: Concurrent Mark Try Terminate                 0.944 / 5.609         1.576 / 16.378        1.576 / 16.378        1.576 / 16.378      ms
[360.198s][info][gc,stats    ]    Subphase: Concurrent References Enqueue                 0.005 / 0.006         0.005 / 0.010         0.005 / 0.010         0.005 / 0.010       ms
[360.198s][info][gc,stats    ]    Subphase: Concurrent References Process                 0.103 / 0.160         0.138 / 0.844         0.138 / 0.844         0.138 / 0.844       ms
[360.198s][info][gc,stats    ]    Subphase: Concurrent Roots ClassLoaderDataGraph         0.072 / 0.128         0.075 / 0.306         0.075 / 0.306         0.075 / 0.306       ms
[360.198s][info][gc,stats    ]    Subphase: Concurrent Roots CodeCache                    0.000 / 0.000         0.000 / 0.000         0.000 / 0.000         0.000 / 0.000       ms
[360.198s][info][gc,stats    ]    Subphase: Concurrent Roots JavaThreads                  1.380 / 1.782         1.482 / 4.045         1.482 / 4.045         1.482 / 4.045       ms
[360.198s][info][gc,stats    ]    Subphase: Concurrent Roots OopStorageSet                0.020 / 0.023         0.023 / 0.106         0.023 / 0.106         0.023 / 0.106       ms
[360.198s][info][gc,stats    ]    Subphase: Concurrent Weak Roots OopStorageSet           0.349 / 0.513         0.427 / 1.078         0.427 / 1.078         0.427 / 1.078       ms
[360.198s][info][gc,stats    ]    Subphase: Pause Mark Try Complete                       0.000 / 0.000         0.000 / 0.000         0.000 / 0.000         0.000 / 0.000       ms
[360.198s][info][gc,stats    ]      System: Java Threads                                     59 / 61               59 / 64               59 / 64               59 / 64          threads
[360.198s][info][gc,stats    ] =========================================================================================================================================================
[361.098s][info][gc,start    ] GC(211) Garbage Collection (Proactive)
[361.098s][info][gc,task     ] GC(211) Using 2 workers
[361.098s][info][gc,phases   ] GC(211) Pause Mark Start 0.009ms
[361.116s][info][gc,phases   ] GC(211) Concurrent Mark 18.557ms
[361.116s][info][gc,phases   ] GC(211) Pause Mark End 0.020ms
[361.116s][info][gc,phases   ] GC(211) Concurrent Mark Free 0.001ms
[361.127s][info][gc,phases   ] GC(211) Concurrent Process Non-Strong References 10.188ms
[361.127s][info][gc,phases   ] GC(211) Concurrent Reset Relocation Set 0.005ms
[361.129s][info][gc,phases   ] GC(211) Concurrent Select Relocation Set 2.101ms
[361.129s][info][gc,phases   ] GC(211) Pause Relocate Start 0.010ms
[361.130s][info][gc,phases   ] GC(211) Concurrent Relocate 0.902ms
[361.130s][info][gc,load     ] GC(211) Load: 0.00/0.00/0.00
[361.130s][info][gc,mmu      ] GC(211) MMU: 2ms/98.1%, 5ms/99.2%, 10ms/99.6%, 20ms/99.8%, 50ms/99.9%, 100ms/99.9%
[361.130s][info][gc,marking  ] GC(211) Mark: 2 stripe(s), 2 proactive flush(es), 1 terminate flush(es), 0 completion(s), 0 continuation(s) 
[361.130s][info][gc,marking  ] GC(211) Mark Stack Usage: 32M
[361.130s][info][gc,nmethod  ] GC(211) NMethods: 10468 registered, 317 unregistered
[361.130s][info][gc,metaspace] GC(211) Metaspace: 52M used, 53M committed, 1088M reserved
[361.130s][info][gc,ref      ] GC(211) Soft: 3841 encountered, 0 discovered, 0 enqueued
[361.130s][info][gc,ref      ] GC(211) Weak: 4362 encountered, 447 discovered, 13 enqueued
[361.130s][info][gc,ref      ] GC(211) Final: 37 encountered, 0 discovered, 0 enqueued
[361.130s][info][gc,ref      ] GC(211) Phantom: 291 encountered, 235 discovered, 0 enqueued
[361.130s][info][gc,reloc    ] GC(211) Small Pages: 1027 / 2054M, Empty: 1938M, Relocated: 1M, In-Place: 0
[361.130s][info][gc,reloc    ] GC(211) Medium Pages: 0 / 0M, Empty: 0M, Relocated: 0M, In-Place: 0
[361.130s][info][gc,reloc    ] GC(211) Large Pages: 0 / 0M, Empty: 0M, Relocated: 0M, In-Place: 0
[361.130s][info][gc,reloc    ] GC(211) Forwarding Usage: 0M
[361.130s][info][gc,heap     ] GC(211) Min Capacity: 4096M(100%)
[361.130s][info][gc,heap     ] GC(211) Max Capacity: 4096M(100%)
[361.130s][info][gc,heap     ] GC(211) Soft Max Capacity: 4096M(100%)
[361.130s][info][gc,heap     ] GC(211)                Mark Start          Mark End        Relocate Start      Relocate End           High               Low         
[361.130s][info][gc,heap     ] GC(211)  Capacity:     4096M (100%)       4096M (100%)       4096M (100%)       4096M (100%)       4096M (100%)       4096M (100%)   
[361.130s][info][gc,heap     ] GC(211)      Free:     2042M (50%)        2020M (49%)        3952M (96%)        4038M (99%)        4038M (99%)        2014M (49%)    
[361.130s][info][gc,heap     ] GC(211)      Used:     2054M (50%)        2076M (51%)         144M (4%)           58M (1%)         2082M (51%)          58M (1%)     
[361.130s][info][gc,heap     ] GC(211)      Live:         -                20M (1%)           20M (1%)           20M (1%)             -                  -          
[361.130s][info][gc,heap     ] GC(211) Allocated:         -                22M (1%)           28M (1%)           31M (1%)             -                  -          
[361.130s][info][gc,heap     ] GC(211)   Garbage:         -              2033M (50%)          95M (2%)            5M (0%)             -                  -          
[361.130s][info][gc,heap     ] GC(211) Reclaimed:         -                  -              1938M (47%)        2027M (50%)            -                  -          
[361.130s][info][gc          ] GC(211) Garbage Collection (Proactive) 2054M(50%)->58M(1%)
[362.765s][info][gc,start    ] GC(212) Garbage Collection (System.gc())
[362.765s][info][gc,task     ] GC(212) Using 2 workers
[362.765s][info][gc,phases   ] GC(212) Pause Mark Start 0.008ms
[362.785s][info][gc,phases   ] GC(212) Concurrent Mark 19.898ms
[362.785s][info][gc,phases   ] GC(212) Pause Mark End 0.031ms
[362.785s][info][gc,phases   ] GC(212) Concurrent Mark Free 0.002ms
[362.795s][info][gc,phases   ] GC(212) Concurrent Process Non-Strong References 9.455ms
[362.795s][info][gc,phases   ] GC(212) Concurrent Reset Relocation Set 0.003ms
[362.797s][info][gc,phases   ] GC(212) Concurrent Select Relocation Set 2.250ms
[362.797s][info][gc,phases   ] GC(212) Pause Relocate Start 0.007ms
[362.797s][info][gc,phases   ] GC(212) Concurrent Relocate 0.365ms
[362.797s][info][gc,load     ] GC(212) Load: 0.00/0.00/0.00
[362.797s][info][gc,mmu      ] GC(212) MMU: 2ms/98.1%, 5ms/99.2%, 10ms/99.6%, 20ms/99.8%, 50ms/99.9%, 100ms/99.9%
[362.797s][info][gc,marking  ] GC(212) Mark: 2 stripe(s), 2 proactive flush(es), 1 terminate flush(es), 0 completion(s), 0 continuation(s) 
[362.797s][info][gc,marking  ] GC(212) Mark Stack Usage: 32M
[362.797s][info][gc,nmethod  ] GC(212) NMethods: 10468 registered, 319 unregistered
[362.797s][info][gc,metaspace] GC(212) Metaspace: 52M used, 53M committed, 1088M reserved
[362.797s][info][gc,ref      ] GC(212) Soft: 3841 encountered, 0 discovered, 0 enqueued
[362.797s][info][gc,ref      ] GC(212) Weak: 4198 encountered, 717 discovered, 31 enqueued
[362.797s][info][gc,ref      ] GC(212) Final: 37 encountered, 2 discovered, 0 enqueued
[362.797s][info][gc,ref      ] GC(212) Phantom: 291 encountered, 234 discovered, 0 enqueued
[362.797s][info][gc,reloc    ] GC(212) Small Pages: 911 / 1822M, Empty: 1684M, Relocated: 0M, In-Place: 0
[362.797s][info][gc,reloc    ] GC(212) Medium Pages: 0 / 0M, Empty: 0M, Relocated: 0M, In-Place: 0
[362.797s][info][gc,reloc    ] GC(212) Large Pages: 0 / 0M, Empty: 0M, Relocated: 0M, In-Place: 0
[362.797s][info][gc,reloc    ] GC(212) Forwarding Usage: 0M
[362.797s][info][gc,heap     ] GC(212) Min Capacity: 4096M(100%)
[362.797s][info][gc,heap     ] GC(212) Max Capacity: 4096M(100%)
[362.797s][info][gc,heap     ] GC(212) Soft Max Capacity: 4096M(100%)
[362.797s][info][gc,heap     ] GC(212)                Mark Start          Mark End        Relocate Start      Relocate End           High               Low         
[362.797s][info][gc,heap     ] GC(212)  Capacity:     4096M (100%)       4096M (100%)       4096M (100%)       4096M (100%)       4096M (100%)       4096M (100%)   
[362.798s][info][gc,heap     ] GC(212)      Free:     2274M (56%)        2260M (55%)        3944M (96%)        4056M (99%)        4056M (99%)        2260M (55%)    
[362.798s][info][gc,heap     ] GC(212)      Used:     1822M (44%)        1836M (45%)         152M (4%)           40M (1%)         1836M (45%)          40M (1%)     
[362.798s][info][gc,heap     ] GC(212)      Live:         -                20M (0%)           20M (0%)           20M (0%)             -                  -          
[362.798s][info][gc,heap     ] GC(212) Allocated:         -                14M (0%)           14M (0%)           14M (0%)             -                  -          
[362.798s][info][gc,heap     ] GC(212)   Garbage:         -              1801M (44%)         117M (3%)            5M (0%)             -                  -          
[362.798s][info][gc,heap     ] GC(212) Reclaimed:         -                  -              1684M (41%)        1796M (44%)            -                  -          
[362.798s][info][gc          ] GC(212) Garbage Collection (System.gc()) 1822M(44%)->40M(1%)
[364.698s][info][gc,start    ] GC(213) Garbage Collection (Proactive)
[364.698s][info][gc,task     ] GC(213) Using 2 workers
[364.698s][info][gc,phases   ] GC(213) Pause Mark Start 0.008ms
[364.717s][info][gc,phases   ] GC(213) Concurrent Mark 18.968ms
[364.717s][info][gc,phases   ] GC(213) Pause Mark End 0.019ms
[364.717s][info][gc,phases   ] GC(213) Concurrent Mark Free 0.001ms
[364.728s][info][gc,phases   ] GC(213) Concurrent Process Non-Strong References 10.705ms
[364.728s][info][gc,phases   ] GC(213) Concurrent Reset Relocation Set 0.004ms
[364.730s][info][gc,phases   ] GC(213) Concurrent Select Relocation Set 2.032ms
[364.730s][info][gc,phases   ] GC(213) Pause Relocate Start 0.012ms
[364.731s][info][gc,phases   ] GC(213) Concurrent Relocate 0.975ms
[364.731s][info][gc,load     ] GC(213) Load: 0.00/0.00/0.00
[364.731s][info][gc,mmu      ] GC(213) MMU: 2ms/98.1%, 5ms/99.2%, 10ms/99.6%, 20ms/99.8%, 50ms/99.9%, 100ms/99.9%
[364.731s][info][gc,marking  ] GC(213) Mark: 2 stripe(s), 2 proactive flush(es), 1 terminate flush(es), 0 completion(s), 0 continuation(s) 
[364.731s][info][gc,marking  ] GC(213) Mark Stack Usage: 32M
[364.731s][info][gc,nmethod  ] GC(213) NMethods: 10469 registered, 319 unregistered
[364.731s][info][gc,metaspace] GC(213) Metaspace: 52M used, 53M committed, 1088M reserved
[364.731s][info][gc,ref      ] GC(213) Soft: 3841 encountered, 0 discovered, 0 enqueued
[364.731s][info][gc,ref      ] GC(213) Weak: 4364 encountered, 735 discovered, 13 enqueued
[364.731s][info][gc,ref      ] GC(213) Final: 37 encountered, 0 discovered, 0 enqueued
[364.731s][info][gc,ref      ] GC(213) Phantom: 291 encountered, 236 discovered, 0 enqueued
[364.731s][info][gc,reloc    ] GC(213) Small Pages: 1033 / 2066M, Empty: 1944M, Relocated: 1M, In-Place: 0
[364.731s][info][gc,reloc    ] GC(213) Medium Pages: 0 / 0M, Empty: 0M, Relocated: 0M, In-Place: 0
[364.731s][info][gc,reloc    ] GC(213) Large Pages: 0 / 0M, Empty: 0M, Relocated: 0M, In-Place: 0
[364.731s][info][gc,reloc    ] GC(213) Forwarding Usage: 0M
[364.731s][info][gc,heap     ] GC(213) Min Capacity: 4096M(100%)
[364.731s][info][gc,heap     ] GC(213) Max Capacity: 4096M(100%)
[364.731s][info][gc,heap     ] GC(213) Soft Max Capacity: 4096M(100%)
[364.731s][info][gc,heap     ] GC(213)                Mark Start          Mark End        Relocate Start      Relocate End           High               Low         
[364.731s][info][gc,heap     ] GC(213)  Capacity:     4096M (100%)       4096M (100%)       4096M (100%)       4096M (100%)       4096M (100%)       4096M (100%)   
[364.731s][info][gc,heap     ] GC(213)      Free:     2030M (50%)        2010M (49%)        3946M (96%)        4042M (99%)        4042M (99%)        2002M (49%)    
[364.731s][info][gc,heap     ] GC(213)      Used:     2066M (50%)        2086M (51%)         150M (4%)           54M (1%)         2094M (51%)          54M (1%)     
[364.731s][info][gc,heap     ] GC(213)      Live:         -                20M (1%)           20M (1%)           20M (1%)             -                  -          
[364.731s][info][gc,heap     ] GC(213) Allocated:         -                20M (0%)           28M (1%)           27M (1%)             -                  -          
[364.731s][info][gc,heap     ] GC(213)   Garbage:         -              2045M (50%)         101M (2%)            5M (0%)             -                  -          
[364.731s][info][gc,heap     ] GC(213) Reclaimed:         -                  -              1944M (47%)        2039M (50%)            -                  -          
[364.731s][info][gc          ] GC(213) Garbage Collection (Proactive) 2066M(50%)->54M(1%)
[366.381s][info][gc,start    ] GC(214) Garbage Collection (System.gc())
[366.381s][info][gc,task     ] GC(214) Using 2 workers
[366.381s][info][gc,phases   ] GC(214) Pause Mark Start 0.007ms
[366.407s][info][gc,phases   ] GC(214) Concurrent Mark 25.911ms
[366.407s][info][gc,phases   ] GC(214) Pause Mark End 0.031ms
[366.407s][info][gc,phases   ] GC(214) Concurrent Mark Free 0.002ms
[366.417s][info][gc,phases   ] GC(214) Concurrent Process Non-Strong References 9.702ms
[366.417s][info][gc,phases   ] GC(214) Concurrent Reset Relocation Set 0.005ms
[366.419s][info][gc,phases   ] GC(214) Concurrent Select Relocation Set 2.116ms
[366.419s][info][gc,phases   ] GC(214) Pause Relocate Start 0.008ms
[366.420s][info][gc,phases   ] GC(214) Concurrent Relocate 0.385ms
[366.420s][info][gc,load     ] GC(214) Load: 0.00/0.00/0.00
[366.420s][info][gc,mmu      ] GC(214) MMU: 2ms/98.1%, 5ms/99.2%, 10ms/99.6%, 20ms/99.8%, 50ms/99.9%, 100ms/99.9%
[366.420s][info][gc,marking  ] GC(214) Mark: 2 stripe(s), 2 proactive flush(es), 1 terminate flush(es), 0 completion(s), 0 continuation(s) 
[366.420s][info][gc,marking  ] GC(214) Mark Stack Usage: 32M
[366.420s][info][gc,nmethod  ] GC(214) NMethods: 10470 registered, 319 unregistered
[366.420s][info][gc,metaspace] GC(214) Metaspace: 52M used, 53M committed, 1088M reserved
[366.420s][info][gc,ref      ] GC(214) Soft: 3841 encountered, 0 discovered, 0 enqueued
[366.420s][info][gc,ref      ] GC(214) Weak: 4203 encountered, 533 discovered, 31 enqueued
[366.420s][info][gc,ref      ] GC(214) Final: 37 encountered, 0 discovered, 0 enqueued
[366.420s][info][gc,ref      ] GC(214) Phantom: 291 encountered, 237 discovered, 0 enqueued
[366.420s][info][gc,reloc    ] GC(214) Small Pages: 905 / 1810M, Empty: 1670M, Relocated: 0M, In-Place: 0
[366.420s][info][gc,reloc    ] GC(214) Medium Pages: 0 / 0M, Empty: 0M, Relocated: 0M, In-Place: 0
[366.420s][info][gc,reloc    ] GC(214) Large Pages: 0 / 0M, Empty: 0M, Relocated: 0M, In-Place: 0
[366.420s][info][gc,reloc    ] GC(214) Forwarding Usage: 0M
[366.420s][info][gc,heap     ] GC(214) Min Capacity: 4096M(100%)
[366.420s][info][gc,heap     ] GC(214) Max Capacity: 4096M(100%)
[366.420s][info][gc,heap     ] GC(214) Soft Max Capacity: 4096M(100%)
[366.420s][info][gc,heap     ] GC(214)                Mark Start          Mark End        Relocate Start      Relocate End           High               Low         
[366.420s][info][gc,heap     ] GC(214)  Capacity:     4096M (100%)       4096M (100%)       4096M (100%)       4096M (100%)       4096M (100%)       4096M (100%)   
[366.420s][info][gc,heap     ] GC(214)      Free:     2286M (56%)        2274M (56%)        3944M (96%)        4058M (99%)        4058M (99%)        2274M (56%)    
[366.420s][info][gc,heap     ] GC(214)      Used:     1810M (44%)        1822M (44%)         152M (4%)           38M (1%)         1822M (44%)          38M (1%)     
[366.420s][info][gc,heap     ] GC(214)      Live:         -                20M (0%)           20M (0%)           20M (0%)             -                  -          
[366.420s][info][gc,heap     ] GC(214) Allocated:         -                12M (0%)           12M (0%)           12M (0%)             -                  -          
[366.420s][info][gc,heap     ] GC(214)   Garbage:         -              1789M (44%)         119M (3%)            5M (0%)             -                  -          
[366.420s][info][gc,heap     ] GC(214) Reclaimed:         -                  -              1670M (41%)        1784M (44%)            -                  -          
[366.420s][info][gc          ] GC(214) Garbage Collection (System.gc()) 1810M(44%)->38M(1%)
[368.698s][info][gc,start    ] GC(215) Garbage Collection (Proactive)
[368.698s][info][gc,task     ] GC(215) Using 2 workers
[368.698s][info][gc,phases   ] GC(215) Pause Mark Start 0.009ms
[368.716s][info][gc,phases   ] GC(215) Concurrent Mark 18.372ms
[368.716s][info][gc,phases   ] GC(215) Pause Mark End 0.017ms
[368.717s][info][gc,phases   ] GC(215) Concurrent Mark Free 0.001ms
[368.727s][info][gc,phases   ] GC(215) Concurrent Process Non-Strong References 10.531ms
[368.727s][info][gc,phases   ] GC(215) Concurrent Reset Relocation Set 0.004ms
[368.729s][info][gc,phases   ] GC(215) Concurrent Select Relocation Set 2.071ms
[368.729s][info][gc,phases   ] GC(215) Pause Relocate Start 0.008ms
[368.730s][info][gc,phases   ] GC(215) Concurrent Relocate 0.868ms
[368.730s][info][gc,load     ] GC(215) Load: 0.00/0.00/0.00
[368.730s][info][gc,mmu      ] GC(215) MMU: 2ms/98.1%, 5ms/99.2%, 10ms/99.6%, 20ms/99.8%, 50ms/99.9%, 100ms/99.9%
[368.730s][info][gc,marking  ] GC(215) Mark: 2 stripe(s), 2 proactive flush(es), 1 terminate flush(es), 0 completion(s), 0 continuation(s) 
[368.730s][info][gc,marking  ] GC(215) Mark Stack Usage: 32M
[368.730s][info][gc,nmethod  ] GC(215) NMethods: 10472 registered, 320 unregistered
[368.730s][info][gc,metaspace] GC(215) Metaspace: 52M used, 53M committed, 1088M reserved
[368.730s][info][gc,ref      ] GC(215) Soft: 3841 encountered, 0 discovered, 0 enqueued
[368.730s][info][gc,ref      ] GC(215) Weak: 4364 encountered, 1050 discovered, 13 enqueued
[368.730s][info][gc,ref      ] GC(215) Final: 37 encountered, 0 discovered, 0 enqueued
[368.730s][info][gc,ref      ] GC(215) Phantom: 291 encountered, 235 discovered, 0 enqueued
[368.730s][info][gc,reloc    ] GC(215) Small Pages: 1262 / 2524M, Empty: 2388M, Relocated: 1M, In-Place: 0
[368.730s][info][gc,reloc    ] GC(215) Medium Pages: 0 / 0M, Empty: 0M, Relocated: 0M, In-Place: 0
[368.730s][info][gc,reloc    ] GC(215) Large Pages: 0 / 0M, Empty: 0M, Relocated: 0M, In-Place: 0
[368.730s][info][gc,reloc    ] GC(215) Forwarding Usage: 0M
[368.730s][info][gc,heap     ] GC(215) Min Capacity: 4096M(100%)
[368.730s][info][gc,heap     ] GC(215) Max Capacity: 4096M(100%)
[368.730s][info][gc,heap     ] GC(215) Soft Max Capacity: 4096M(100%)
[368.730s][info][gc,heap     ] GC(215)                Mark Start          Mark End        Relocate Start      Relocate End           High               Low         
[368.730s][info][gc,heap     ] GC(215)  Capacity:     4096M (100%)       4096M (100%)       4096M (100%)       4096M (100%)       4096M (100%)       4096M (100%)   
[368.730s][info][gc,heap     ] GC(215)      Free:     1572M (38%)        1552M (38%)        3930M (96%)        4040M (99%)        4040M (99%)        1544M (38%)    
[368.731s][info][gc,heap     ] GC(215)      Used:     2524M (62%)        2544M (62%)         166M (4%)           56M (1%)         2552M (62%)          56M (1%)     
[368.731s][info][gc,heap     ] GC(215)      Live:         -                20M (1%)           20M (1%)           20M (1%)             -                  -          
[368.731s][info][gc,heap     ] GC(215) Allocated:         -                20M (0%)           30M (1%)           29M (1%)             -                  -          
[368.731s][info][gc,heap     ] GC(215)   Garbage:         -              2503M (61%)         115M (3%)            5M (0%)             -                  -          
[368.731s][info][gc,heap     ] GC(215) Reclaimed:         -                  -              2388M (58%)        2497M (61%)            -                  -          
[368.731s][info][gc          ] GC(215) Garbage Collection (Proactive) 2524M(62%)->56M(1%)
[369.927s][info][gc,start    ] GC(216) Garbage Collection (System.gc())
[369.927s][info][gc,task     ] GC(216) Using 2 workers
[369.927s][info][gc,phases   ] GC(216) Pause Mark Start 0.007ms
[369.946s][info][gc,phases   ] GC(216) Concurrent Mark 18.104ms
[369.946s][info][gc,phases   ] GC(216) Pause Mark End 0.030ms
[369.946s][info][gc,phases   ] GC(216) Concurrent Mark Free 0.003ms
[369.956s][info][gc,phases   ] GC(216) Concurrent Process Non-Strong References 10.233ms
[369.956s][info][gc,phases   ] GC(216) Concurrent Reset Relocation Set 0.004ms
[369.958s][info][gc,phases   ] GC(216) Concurrent Select Relocation Set 1.421ms
[369.958s][info][gc,phases   ] GC(216) Pause Relocate Start 0.009ms
[369.958s][info][gc,phases   ] GC(216) Concurrent Relocate 0.432ms
[369.958s][info][gc,load     ] GC(216) Load: 0.00/0.00/0.00
[369.958s][info][gc,mmu      ] GC(216) MMU: 2ms/98.1%, 5ms/99.2%, 10ms/99.6%, 20ms/99.8%, 50ms/99.9%, 100ms/99.9%
[369.958s][info][gc,marking  ] GC(216) Mark: 2 stripe(s), 2 proactive flush(es), 1 terminate flush(es), 0 completion(s), 0 continuation(s) 
[369.958s][info][gc,marking  ] GC(216) Mark Stack Usage: 32M
[369.958s][info][gc,nmethod  ] GC(216) NMethods: 10473 registered, 321 unregistered
[369.958s][info][gc,metaspace] GC(216) Metaspace: 52M used, 53M committed, 1088M reserved
[369.958s][info][gc,ref      ] GC(216) Soft: 3841 encountered, 0 discovered, 0 enqueued
[369.958s][info][gc,ref      ] GC(216) Weak: 4222 encountered, 490 discovered, 32 enqueued
[369.958s][info][gc,ref      ] GC(216) Final: 37 encountered, 0 discovered, 0 enqueued
[369.958s][info][gc,ref      ] GC(216) Phantom: 291 encountered, 237 discovered, 0 enqueued
[369.958s][info][gc,reloc    ] GC(216) Small Pages: 676 / 1352M, Empty: 1224M, Relocated: 0M, In-Place: 0
[369.958s][info][gc,reloc    ] GC(216) Medium Pages: 0 / 0M, Empty: 0M, Relocated: 0M, In-Place: 0
[369.958s][info][gc,reloc    ] GC(216) Large Pages: 0 / 0M, Empty: 0M, Relocated: 0M, In-Place: 0
[369.958s][info][gc,reloc    ] GC(216) Forwarding Usage: 0M
[369.958s][info][gc,heap     ] GC(216) Min Capacity: 4096M(100%)
[369.958s][info][gc,heap     ] GC(216) Max Capacity: 4096M(100%)
[369.958s][info][gc,heap     ] GC(216) Soft Max Capacity: 4096M(100%)
[369.958s][info][gc,heap     ] GC(216)                Mark Start          Mark End        Relocate Start      Relocate End           High               Low         
[369.958s][info][gc,heap     ] GC(216)  Capacity:     4096M (100%)       4096M (100%)       4096M (100%)       4096M (100%)       4096M (100%)       4096M (100%)   
[369.958s][info][gc,heap     ] GC(216)      Free:     2744M (67%)        2730M (67%)        3954M (97%)        4056M (99%)        4056M (99%)        2730M (67%)    
[369.958s][info][gc,heap     ] GC(216)      Used:     1352M (33%)        1366M (33%)         142M (3%)           40M (1%)         1366M (33%)          40M (1%)     
[369.958s][info][gc,heap     ] GC(216)      Live:         -                20M (0%)           20M (0%)           20M (0%)             -                  -          
[369.958s][info][gc,heap     ] GC(216) Allocated:         -                14M (0%)           14M (0%)           14M (0%)             -                  -          
[369.958s][info][gc,heap     ] GC(216)   Garbage:         -              1331M (33%)         107M (3%)            5M (0%)             -                  -          
[369.958s][info][gc,heap     ] GC(216) Reclaimed:         -                  -              1224M (30%)        1326M (32%)            -                  -          
[369.958s][info][gc          ] GC(216) Garbage Collection (System.gc()) 1352M(33%)->40M(1%)
[370.201s][info][gc,stats    ] === Garbage Collection Statistics =======================================================================================================================
[370.201s][info][gc,stats    ]                                                              Last 10s              Last 10m              Last 10h                Total
[370.201s][info][gc,stats    ]                                                              Avg / Max             Avg / Max             Avg / Max             Avg / Max
[370.201s][info][gc,stats    ]   Collector: Garbage Collection Cycle                     33.550 / 38.876       32.842 / 62.948       32.842 / 62.948       32.842 / 62.948      ms
[370.201s][info][gc,stats    ]  Contention: Mark Segment Reset Contention                     0 / 1                 0 / 2                 0 / 2                 0 / 2           ops/s
[370.201s][info][gc,stats    ]  Contention: Mark SeqNum Reset Contention                      0 / 1                 0 / 2                 0 / 2                 0 / 2           ops/s
[370.201s][info][gc,stats    ]    Critical: Allocation Stall                                  0 / 0                 0 / 0                 0 / 0                 0 / 0           ops/s
[370.201s][info][gc,stats    ]    Critical: Allocation Stall                              0.000 / 0.000         0.000 / 0.000         0.000 / 0.000         0.000 / 0.000       ms
[370.201s][info][gc,stats    ]    Critical: GC Locker Stall                                   0 / 0                 0 / 0                 0 / 0                 0 / 0           ops/s
[370.201s][info][gc,stats    ]    Critical: GC Locker Stall                               0.000 / 0.000         0.000 / 0.000         0.000 / 0.000         0.000 / 0.000       ms
[370.201s][info][gc,stats    ]    Critical: Relocation Stall                                  0 / 0                 0 / 0                 0 / 0                 0 / 0           ops/s
[370.201s][info][gc,stats    ]    Critical: Relocation Stall                              0.000 / 0.000         0.000 / 0.000         0.000 / 0.000         0.000 / 0.000       ms
[370.201s][info][gc,stats    ]      Memory: Allocation Rate                                1069 / 1096           1026 / 1120           1026 / 1120           1026 / 1120        MB/s
[370.201s][info][gc,stats    ]      Memory: Defragment                                        0 / 0                 0 / 0                 0 / 0                 0 / 0           ops/s
[370.201s][info][gc,stats    ]      Memory: Out Of Memory                                     0 / 0                 0 / 0                 0 / 0                 0 / 0           ops/s
[370.201s][info][gc,stats    ]      Memory: Page Cache Flush                                  0 / 0                 0 / 0                 0 / 0                 0 / 0           MB/s
[370.201s][info][gc,stats    ]      Memory: Page Cache Hit L1                               536 / 548             510 / 560             510 / 560             510 / 560         ops/s
[370.201s][info][gc,stats    ]      Memory: Page Cache Hit L2                                 0 / 0                 0 / 0                 0 / 0                 0 / 0           ops/s
[370.201s][info][gc,stats    ]      Memory: Page Cache Hit L3                                 0 / 0                 4 / 295               4 / 295               4 / 295         ops/s
[370.201s][info][gc,stats    ]      Memory: Page Cache Miss                                   0 / 0                 0 / 1                 0 / 1                 0 / 1           ops/s
[370.201s][info][gc,stats    ]      Memory: Uncommit                                          0 / 0                 0 / 0                 0 / 0                 0 / 0           MB/s
[370.201s][info][gc,stats    ]      Memory: Undo Object Allocation Failed                     0 / 0                 0 / 1                 0 / 1                 0 / 1           ops/s
[370.201s][info][gc,stats    ]      Memory: Undo Object Allocation Succeeded                  0 / 5                 2 / 42                2 / 42                2 / 42          ops/s
[370.201s][info][gc,stats    ]      Memory: Undo Page Allocation                              1 / 5                 1 / 8                 1 / 8                 1 / 8           ops/s
[370.201s][info][gc,stats    ]       Phase: Concurrent Mark                              19.968 / 25.911       20.780 / 33.521       20.780 / 33.521       20.780 / 33.521      ms
[370.201s][info][gc,stats    ]       Phase: Concurrent Mark Continue                      0.000 / 0.000         0.000 / 0.000         0.000 / 0.000         0.000 / 0.000       ms
[370.201s][info][gc,stats    ]       Phase: Concurrent Mark Free                          0.002 / 0.003         0.001 / 0.004         0.001 / 0.004         0.001 / 0.004       ms
[370.201s][info][gc,stats    ]       Phase: Concurrent Process Non-Strong References     10.136 / 10.705        8.496 / 21.700        8.496 / 21.700        8.496 / 21.700      ms
[370.201s][info][gc,stats    ]       Phase: Concurrent Relocate                           0.654 / 0.975         0.712 / 5.848         0.712 / 5.848         0.712 / 5.848       ms
[370.201s][info][gc,stats    ]       Phase: Concurrent Reset Relocation Set               0.004 / 0.005         0.004 / 0.010         0.004 / 0.010         0.004 / 0.010       ms
[370.201s][info][gc,stats    ]       Phase: Concurrent Select Relocation Set              1.998 / 2.250         2.016 / 5.959         2.016 / 5.959         2.016 / 5.959       ms
[370.201s][info][gc,stats    ]       Phase: Pause Mark End                                0.025 / 0.031         0.020 / 0.038         0.020 / 0.038         0.020 / 0.038       ms
[370.201s][info][gc,stats    ]       Phase: Pause Mark Start                              0.008 / 0.009         0.008 / 0.039         0.008 / 0.039         0.008 / 0.039       ms
[370.201s][info][gc,stats    ]       Phase: Pause Relocate Start                          0.009 / 0.012         0.009 / 0.023         0.009 / 0.023         0.009 / 0.023       ms
[370.201s][info][gc,stats    ]    Subphase: Concurrent Classes Purge                      0.017 / 0.030         0.059 / 1.921         0.059 / 1.921         0.059 / 1.921       ms
[370.201s][info][gc,stats    ]    Subphase: Concurrent Classes Unlink                     9.252 / 10.053        7.668 / 15.207        7.668 / 15.207        7.668 / 15.207      ms
[370.201s][info][gc,stats    ]    Subphase: Concurrent Mark                              16.410 / 24.154       17.006 / 31.441       17.006 / 31.441       17.006 / 31.441      ms
[370.201s][info][gc,stats    ]    Subphase: Concurrent Mark Try Flush                     0.072 / 0.148         0.077 / 0.430         0.077 / 0.430         0.077 / 0.430       ms
[370.201s][info][gc,stats    ]    Subphase: Concurrent Mark Try Terminate                 1.415 / 12.049        1.571 / 16.378        1.571 / 16.378        1.571 / 16.378      ms
[370.201s][info][gc,stats    ]    Subphase: Concurrent References Enqueue                 0.005 / 0.007         0.005 / 0.010         0.005 / 0.010         0.005 / 0.010       ms
[370.201s][info][gc,stats    ]    Subphase: Concurrent References Process                 0.156 / 0.222         0.138 / 0.844         0.138 / 0.844         0.138 / 0.844       ms
[370.201s][info][gc,stats    ]    Subphase: Concurrent Roots ClassLoaderDataGraph         0.073 / 0.133         0.075 / 0.306         0.075 / 0.306         0.075 / 0.306       ms
[370.201s][info][gc,stats    ]    Subphase: Concurrent Roots CodeCache                    0.000 / 0.000         0.000 / 0.000         0.000 / 0.000         0.000 / 0.000       ms
[370.201s][info][gc,stats    ]    Subphase: Concurrent Roots JavaThreads                  1.532 / 2.634         1.484 / 4.045         1.484 / 4.045         1.484 / 4.045       ms
[370.201s][info][gc,stats    ]    Subphase: Concurrent Roots OopStorageSet                0.021 / 0.028         0.023 / 0.106         0.023 / 0.106         0.023 / 0.106       ms
[370.201s][info][gc,stats    ]    Subphase: Concurrent Weak Roots OopStorageSet           0.511 / 0.722         0.429 / 1.078         0.429 / 1.078         0.429 / 1.078       ms
[370.201s][info][gc,stats    ]    Subphase: Pause Mark Try Complete                       0.000 / 0.000         0.000 / 0.000         0.000 / 0.000         0.000 / 0.000       ms
[370.201s][info][gc,stats    ]      System: Java Threads                                     61 / 61               59 / 64               59 / 64               59 / 64          threads
[370.201s][info][gc,stats    ] =========================================================================================================================================================
[371.898s][info][gc,start    ] GC(217) Garbage Collection (Proactive)
[371.898s][info][gc,task     ] GC(217) Using 2 workers
[371.898s][info][gc,phases   ] GC(217) Pause Mark Start 0.009ms
[371.916s][info][gc,phases   ] GC(217) Concurrent Mark 18.067ms
[371.916s][info][gc,phases   ] GC(217) Pause Mark End 0.015ms
[371.916s][info][gc,phases   ] GC(217) Concurrent Mark Free 0.001ms
[371.927s][info][gc,phases   ] GC(217) Concurrent Process Non-Strong References 10.803ms
[371.927s][info][gc,phases   ] GC(217) Concurrent Reset Relocation Set 0.005ms
[371.929s][info][gc,phases   ] GC(217) Concurrent Select Relocation Set 2.034ms
[371.929s][info][gc,phases   ] GC(217) Pause Relocate Start 0.009ms
[371.930s][info][gc,phases   ] GC(217) Concurrent Relocate 0.788ms
[371.930s][info][gc,load     ] GC(217) Load: 0.00/0.00/0.00
[371.930s][info][gc,mmu      ] GC(217) MMU: 2ms/98.1%, 5ms/99.2%, 10ms/99.6%, 20ms/99.8%, 50ms/99.9%, 100ms/99.9%
[371.930s][info][gc,marking  ] GC(217) Mark: 2 stripe(s), 2 proactive flush(es), 1 terminate flush(es), 0 completion(s), 0 continuation(s) 
[371.930s][info][gc,marking  ] GC(217) Mark Stack Usage: 32M
[371.930s][info][gc,nmethod  ] GC(217) NMethods: 10473 registered, 322 unregistered
[371.930s][info][gc,metaspace] GC(217) Metaspace: 52M used, 53M committed, 1088M reserved
[371.930s][info][gc,ref      ] GC(217) Soft: 3841 encountered, 0 discovered, 0 enqueued
[371.930s][info][gc,ref      ] GC(217) Weak: 4363 encountered, 598 discovered, 12 enqueued
[371.930s][info][gc,ref      ] GC(217) Final: 37 encountered, 0 discovered, 0 enqueued
[371.930s][info][gc,ref      ] GC(217) Phantom: 291 encountered, 237 discovered, 0 enqueued
[371.930s][info][gc,reloc    ] GC(217) Small Pages: 1062 / 2124M, Empty: 1998M, Relocated: 1M, In-Place: 0
[371.930s][info][gc,reloc    ] GC(217) Medium Pages: 0 / 0M, Empty: 0M, Relocated: 0M, In-Place: 0
[371.930s][info][gc,reloc    ] GC(217) Large Pages: 0 / 0M, Empty: 0M, Relocated: 0M, In-Place: 0
[371.930s][info][gc,reloc    ] GC(217) Forwarding Usage: 0M
[371.930s][info][gc,heap     ] GC(217) Min Capacity: 4096M(100%)
[371.930s][info][gc,heap     ] GC(217) Max Capacity: 4096M(100%)
[371.930s][info][gc,heap     ] GC(217) Soft Max Capacity: 4096M(100%)
[371.930s][info][gc,heap     ] GC(217)                Mark Start          Mark End        Relocate Start      Relocate End           High               Low         
[371.930s][info][gc,heap     ] GC(217)  Capacity:     4096M (100%)       4096M (100%)       4096M (100%)       4096M (100%)       4096M (100%)       4096M (100%)   
[371.930s][info][gc,heap     ] GC(217)      Free:     1972M (48%)        1950M (48%)        3940M (96%)        4040M (99%)        4040M (99%)        1944M (47%)    
[371.930s][info][gc,heap     ] GC(217)      Used:     2124M (52%)        2146M (52%)         156M (4%)           56M (1%)         2152M (53%)          56M (1%)     
[371.930s][info][gc,heap     ] GC(217)      Live:         -                20M (1%)           20M (1%)           20M (1%)             -                  -          
[371.930s][info][gc,heap     ] GC(217) Allocated:         -                22M (1%)           30M (1%)           29M (1%)             -                  -          
[371.930s][info][gc,heap     ] GC(217)   Garbage:         -              2103M (51%)         105M (3%)            5M (0%)             -                  -          
[371.930s][info][gc,heap     ] GC(217) Reclaimed:         -                  -              1998M (49%)        2097M (51%)            -                  -          
[371.930s][info][gc          ] GC(217) Garbage Collection (Proactive) 2124M(52%)->56M(1%)
[373.516s][info][gc,heap,exit] Heap
[373.516s][info][gc,heap,exit]  ZHeap           used 1750M, capacity 4096M, max capacity 4096M
[373.516s][info][gc,heap,exit]  Metaspace       used 53950K, committed 54464K, reserved 1114112K
[373.516s][info][gc,heap,exit]   class space    used 7460K, committed 7744K, reserved 1048576K
