[0.008s][info][gc] Using Serial
[0.024s][info][gc,init] Version: 17.0.12+7-adhoc..jdk17u (release)
[0.024s][info][gc,init] CPUs: 6 total, 6 available
[0.024s][info][gc,init] Memory: 15591M
[0.024s][info][gc,init] Large Page Support: Disabled
[0.024s][info][gc,init] NUMA Support: Disabled
[0.024s][info][gc,init] Compressed Oops: Enabled (Zero based)
[0.024s][info][gc,init] Heap Min Capacity: 8G
[0.024s][info][gc,init] Heap Initial Capacity: 8G
[0.024s][info][gc,init] Heap Max Capacity: 8G
[0.024s][info][gc,init] Pre-touch: Disabled
[0.031s][info][gc,metaspace] CDS archive(s) mapped at: [0x0000014a1b000000-0x0000014a1bbc0000-0x0000014a1bbc0000), size 12320768, SharedBaseAddress: 0x0000014a1b000000, ArchiveRelocationMode: 1.
[0.034s][info][gc,metaspace] Compressed class space mapped at: 0x0000014a1c000000-0x0000014a5c000000, reserved size: 1073741824
[0.034s][info][gc,metaspace] Narrow klass base: 0x0000014a1b000000, Narrow klass shift: 0, Narrow klass range: 0x100000000
[0.913s][info][gc,start    ] GC(0) Pause Full (System.gc())
[0.913s][info][gc,phases,start] GC(0) Phase 1: Mark live objects
[0.919s][info][gc,phases      ] GC(0) Phase 1: Mark live objects 5.789ms
[0.919s][info][gc,phases,start] GC(0) Phase 2: Compute new object addresses
[0.923s][info][gc,phases      ] GC(0) Phase 2: Compute new object addresses 3.613ms
[0.923s][info][gc,phases,start] GC(0) Phase 3: Adjust pointers
[0.926s][info][gc,phases      ] GC(0) Phase 3: Adjust pointers 3.451ms
[0.926s][info][gc,phases,start] GC(0) Phase 4: Move objects
[0.928s][info][gc,phases      ] GC(0) Phase 4: Move objects 2.324ms
[0.929s][info][gc,heap        ] GC(0) DefNew: 134215K(2516544K)->0K(2516544K) Eden: 134215K(2236928K)->0K(2236928K) From: 0K(279616K)->0K(279616K)
[0.929s][info][gc,heap        ] GC(0) Tenured: 0K(5592448K)->5328K(5592448K)
[0.929s][info][gc,metaspace   ] GC(0) Metaspace: 12590K(12800K)->12590K(12800K) NonClass: 10935K(11008K)->10935K(11008K) Class: 1655K(1792K)->1655K(1792K)
[0.929s][info][gc             ] GC(0) Pause Full (System.gc()) 131M->5M(7918M) 16.311ms
[0.929s][info][gc,cpu         ] GC(0) User=0.02s Sys=0.02s Real=0.02s
[3.357s][info][gc,start       ] GC(1) Pause Young (Allocation Failure)
[4.187s][info][gc,heap        ] GC(1) DefNew: 2236928K(2516544K)->195167K(2516544K) Eden: 2236928K(2236928K)->0K(2236928K) From: 0K(279616K)->195167K(279616K)
[4.187s][info][gc,heap        ] GC(1) Tenured: 5328K(5592448K)->5328K(5592448K)
[4.187s][info][gc,metaspace   ] GC(1) Metaspace: 20856K(21120K)->20856K(21120K) NonClass: 18118K(18304K)->18118K(18304K) Class: 2738K(2816K)->2738K(2816K)
[4.187s][info][gc             ] GC(1) Pause Young (Allocation Failure) 2189M->195M(7918M) 829.552ms
[4.187s][info][gc,cpu         ] GC(1) User=0.81s Sys=0.02s Real=0.82s
[5.902s][info][gc,start       ] GC(2) Pause Young (Allocation Failure)
[6.405s][info][gc,heap        ] GC(2) DefNew: 2432095K(2516544K)->108682K(2516544K) Eden: 2236928K(2236928K)->0K(2236928K) From: 195167K(279616K)->108682K(279616K)
[6.405s][info][gc,heap        ] GC(2) Tenured: 5328K(5592448K)->6312K(5592448K)
[6.405s][info][gc,metaspace   ] GC(2) Metaspace: 21163K(21376K)->21163K(21376K) NonClass: 18382K(18496K)->18382K(18496K) Class: 2781K(2880K)->2781K(2880K)
[6.405s][info][gc             ] GC(2) Pause Young (Allocation Failure) 2380M->112M(7918M) 503.301ms
[6.405s][info][gc,cpu         ] GC(2) User=0.44s Sys=0.08s Real=0.50s
[7.551s][info][gc,start       ] GC(3) Pause Young (Allocation Failure)
[8.418s][info][gc,heap        ] GC(3) DefNew: 2345610K(2516544K)->195049K(2516544K) Eden: 2236928K(2236928K)->0K(2236928K) From: 108682K(279616K)->195049K(279616K)
[8.418s][info][gc,heap        ] GC(3) Tenured: 6312K(5592448K)->6312K(5592448K)
[8.418s][info][gc,metaspace   ] GC(3) Metaspace: 21198K(21440K)->21198K(21440K) NonClass: 18417K(18560K)->18417K(18560K) Class: 2781K(2880K)->2781K(2880K)
[8.418s][info][gc             ] GC(3) Pause Young (Allocation Failure) 2296M->196M(7918M) 867.009ms
[8.418s][info][gc,cpu         ] GC(3) User=0.86s Sys=0.00s Real=0.86s
[10.327s][info][gc,start       ] GC(4) Pause Young (Allocation Failure)
[10.949s][info][gc,heap        ] GC(4) DefNew: 2431977K(2516544K)->140191K(2516544K) Eden: 2236928K(2236928K)->0K(2236928K) From: 195049K(279616K)->140191K(279616K)
[10.949s][info][gc,heap        ] GC(4) Tenured: 6312K(5592448K)->6463K(5592448K)
[10.949s][info][gc,metaspace   ] GC(4) Metaspace: 21265K(21504K)->21265K(21504K) NonClass: 18483K(18624K)->18483K(18624K) Class: 2781K(2880K)->2781K(2880K)
[10.949s][info][gc             ] GC(4) Pause Young (Allocation Failure) 2381M->143M(7918M) 622.257ms
[10.949s][info][gc,cpu         ] GC(4) User=0.61s Sys=0.02s Real=0.62s
[11.626s][info][gc,start       ] GC(5) Pause Full (Metadata GC Threshold)
[11.626s][info][gc,phases,start] GC(5) Phase 1: Mark live objects
[11.845s][info][gc,phases      ] GC(5) Phase 1: Mark live objects 218.698ms
[11.845s][info][gc,phases,start] GC(5) Phase 2: Compute new object addresses
[12.031s][info][gc,phases      ] GC(5) Phase 2: Compute new object addresses 185.537ms
[12.031s][info][gc,phases,start] GC(5) Phase 3: Adjust pointers
[12.178s][info][gc,phases      ] GC(5) Phase 3: Adjust pointers 147.596ms
[12.178s][info][gc,phases,start] GC(5) Phase 4: Move objects
[12.287s][info][gc,phases      ] GC(5) Phase 4: Move objects 108.395ms
[12.287s][info][gc,heap        ] GC(5) DefNew: 1202970K(2516544K)->0K(2516544K) Eden: 1062779K(2236928K)->0K(2236928K) From: 140191K(279616K)->0K(279616K)
[12.287s][info][gc,heap        ] GC(5) Tenured: 6463K(5592448K)->117600K(5592448K)
[12.287s][info][gc,metaspace   ] GC(5) Metaspace: 21269K(21504K)->21267K(21504K) NonClass: 18488K(18624K)->18486K(18624K) Class: 2781K(2880K)->2780K(2880K)
[12.287s][info][gc             ] GC(5) Pause Full (Metadata GC Threshold) 1181M->114M(7918M) 660.880ms
[12.287s][info][gc,cpu         ] GC(5) User=0.62s Sys=0.03s Real=0.65s
[13.598s][info][gc,start       ] GC(6) Pause Young (Allocation Failure)
[14.421s][info][gc,heap        ] GC(6) DefNew: 2236928K(2516544K)->188101K(2516544K) Eden: 2236928K(2236928K)->0K(2236928K) From: 0K(279616K)->188101K(279616K)
[14.421s][info][gc,heap        ] GC(6) Tenured: 117600K(5592448K)->117600K(5592448K)
[14.421s][info][gc,metaspace   ] GC(6) Metaspace: 21375K(21696K)->21375K(21696K) NonClass: 18586K(18752K)->18586K(18752K) Class: 2789K(2944K)->2789K(2944K)
[14.421s][info][gc             ] GC(6) Pause Young (Allocation Failure) 2299M->298M(7918M) 822.573ms
[14.421s][info][gc,cpu         ] GC(6) User=0.81s Sys=0.02s Real=0.81s
[16.167s][info][gc,start       ] GC(7) Pause Full (System.gc())
[16.167s][info][gc,phases,start] GC(7) Phase 1: Mark live objects
[16.340s][info][gc,phases      ] GC(7) Phase 1: Mark live objects 173.121ms
[16.340s][info][gc,phases,start] GC(7) Phase 2: Compute new object addresses
[16.699s][info][gc,phases      ] GC(7) Phase 2: Compute new object addresses 359.517ms
[16.700s][info][gc,phases,start] GC(7) Phase 3: Adjust pointers
[16.861s][info][gc,phases      ] GC(7) Phase 3: Adjust pointers 161.365ms
[16.861s][info][gc,phases,start] GC(7) Phase 4: Move objects
[16.994s][info][gc,phases      ] GC(7) Phase 4: Move objects 133.463ms
[16.995s][info][gc,heap        ] GC(7) DefNew: 2365015K(2516544K)->0K(2516544K) Eden: 2176914K(2236928K)->0K(2236928K) From: 188101K(279616K)->0K(279616K)
[16.995s][info][gc,heap        ] GC(7) Tenured: 117600K(5592448K)->214469K(5592448K)
[16.995s][info][gc,metaspace   ] GC(7) Metaspace: 21399K(21696K)->21399K(21696K) NonClass: 18607K(18752K)->18607K(18752K) Class: 2792K(2944K)->2792K(2944K)
[16.995s][info][gc             ] GC(7) Pause Full (System.gc()) 2424M->209M(7918M) 827.896ms
[16.995s][info][gc,cpu         ] GC(7) User=0.81s Sys=0.02s Real=0.83s
[18.345s][info][gc,start       ] GC(8) Pause Young (Allocation Failure)
[19.273s][info][gc,heap        ] GC(8) DefNew: 2236928K(2516544K)->207391K(2516544K) Eden: 2236928K(2236928K)->0K(2236928K) From: 0K(279616K)->207391K(279616K)
[19.273s][info][gc,heap        ] GC(8) Tenured: 214469K(5592448K)->214469K(5592448K)
[19.273s][info][gc,metaspace   ] GC(8) Metaspace: 21436K(21760K)->21436K(21760K) NonClass: 18644K(18816K)->18644K(18816K) Class: 2792K(2944K)->2792K(2944K)
[19.273s][info][gc             ] GC(8) Pause Young (Allocation Failure) 2393M->411M(7918M) 928.785ms
[19.273s][info][gc,cpu         ] GC(8) User=0.91s Sys=0.02s Real=0.92s
[21.083s][info][gc,start       ] GC(9) Pause Young (Allocation Failure)
[21.695s][info][gc,heap        ] GC(9) DefNew: 2444319K(2516544K)->143653K(2516544K) Eden: 2236928K(2236928K)->0K(2236928K) From: 207391K(279616K)->143653K(279616K)
[21.695s][info][gc,heap        ] GC(9) Tenured: 214469K(5592448K)->214471K(5592448K)
[21.695s][info][gc,metaspace   ] GC(9) Metaspace: 21457K(21760K)->21457K(21760K) NonClass: 18665K(18816K)->18665K(18816K) Class: 2792K(2944K)->2792K(2944K)
[21.695s][info][gc             ] GC(9) Pause Young (Allocation Failure) 2596M->349M(7918M) 611.776ms
[21.695s][info][gc,cpu         ] GC(9) User=0.58s Sys=0.00s Real=0.62s
[22.984s][info][gc,start       ] GC(10) Pause Young (Allocation Failure)
[23.916s][info][gc,heap        ] GC(10) DefNew: 2380581K(2516544K)->197037K(2516544K) Eden: 2236928K(2236928K)->0K(2236928K) From: 143653K(279616K)->197037K(279616K)
[23.917s][info][gc,heap        ] GC(10) Tenured: 214471K(5592448K)->222770K(5592448K)
[23.917s][info][gc,metaspace   ] GC(10) Metaspace: 21477K(21824K)->21477K(21824K) NonClass: 18685K(18880K)->18685K(18880K) Class: 2792K(2944K)->2792K(2944K)
[23.917s][info][gc             ] GC(10) Pause Young (Allocation Failure) 2534M->409M(7918M) 932.649ms
[23.917s][info][gc,cpu         ] GC(10) User=0.94s Sys=0.00s Real=0.93s
[25.704s][info][gc,start       ] GC(11) Pause Young (Allocation Failure)
[26.479s][info][gc,heap        ] GC(11) DefNew: 2433965K(2516544K)->180975K(2516544K) Eden: 2236928K(2236928K)->0K(2236928K) From: 197037K(279616K)->180975K(279616K)
[26.479s][info][gc,heap        ] GC(11) Tenured: 222770K(5592448K)->225436K(5592448K)
[26.479s][info][gc,metaspace   ] GC(11) Metaspace: 21558K(21888K)->21558K(21888K) NonClass: 18756K(18944K)->18756K(18944K) Class: 2801K(2944K)->2801K(2944K)
[26.479s][info][gc             ] GC(11) Pause Young (Allocation Failure) 2594M->396M(7918M) 775.070ms
[26.479s][info][gc,cpu         ] GC(11) User=0.77s Sys=0.00s Real=0.78s
[28.259s][info][gc,start       ] GC(12) Pause Young (Allocation Failure)
[28.752s][info][gc,heap        ] GC(12) DefNew: 2417903K(2516544K)->112584K(2516544K) Eden: 2236928K(2236928K)->0K(2236928K) From: 180975K(279616K)->112584K(279616K)
[28.752s][info][gc,heap        ] GC(12) Tenured: 225436K(5592448K)->225461K(5592448K)
[28.752s][info][gc,metaspace   ] GC(12) Metaspace: 21575K(21888K)->21575K(21888K) NonClass: 18773K(18944K)->18773K(18944K) Class: 2801K(2944K)->2801K(2944K)
[28.752s][info][gc             ] GC(12) Pause Young (Allocation Failure) 2581M->330M(7918M) 493.152ms
[28.752s][info][gc,cpu         ] GC(12) User=0.47s Sys=0.02s Real=0.49s
[29.932s][info][gc,start       ] GC(13) Pause Young (Allocation Failure)
[30.939s][info][gc,heap        ] GC(13) DefNew: 2349512K(2516544K)->209379K(2516544K) Eden: 2236928K(2236928K)->0K(2236928K) From: 112584K(279616K)->209379K(279616K)
[30.939s][info][gc,heap        ] GC(13) Tenured: 225461K(5592448K)->225461K(5592448K)
[30.939s][info][gc,metaspace   ] GC(13) Metaspace: 21588K(21888K)->21588K(21888K) NonClass: 18786K(18944K)->18786K(18944K) Class: 2801K(2944K)->2801K(2944K)
[30.939s][info][gc             ] GC(13) Pause Young (Allocation Failure) 2514M->424M(7918M) 1007.475ms
[30.939s][info][gc,cpu         ] GC(13) User=0.94s Sys=0.05s Real=1.00s
[31.531s][info][gc,start       ] GC(14) Pause Full (System.gc())
[31.531s][info][gc,phases,start] GC(14) Phase 1: Mark live objects
[31.732s][info][gc,phases      ] GC(14) Phase 1: Mark live objects 201.054ms
[31.732s][info][gc,phases,start] GC(14) Phase 2: Compute new object addresses
[31.863s][info][gc,phases      ] GC(14) Phase 2: Compute new object addresses 130.774ms
[31.863s][info][gc,phases,start] GC(14) Phase 3: Adjust pointers
[31.986s][info][gc,phases      ] GC(14) Phase 3: Adjust pointers 123.289ms
[31.986s][info][gc,phases,start] GC(14) Phase 4: Move objects
[32.041s][info][gc,phases      ] GC(14) Phase 4: Move objects 54.844ms
[32.041s][info][gc,heap        ] GC(14) DefNew: 714775K(2516544K)->0K(2516544K) Eden: 505395K(2236928K)->0K(2236928K) From: 209379K(279616K)->0K(279616K)
[32.041s][info][gc,heap        ] GC(14) Tenured: 225461K(5592448K)->103390K(5592448K)
[32.041s][info][gc,metaspace   ] GC(14) Metaspace: 21592K(21888K)->21592K(21888K) NonClass: 18790K(18944K)->18790K(18944K) Class: 2801K(2944K)->2801K(2944K)
[32.042s][info][gc             ] GC(14) Pause Full (System.gc()) 918M->100M(7918M) 510.424ms
[32.042s][info][gc,cpu         ] GC(14) User=0.52s Sys=0.00s Real=0.51s
[33.378s][info][gc,start       ] GC(15) Pause Young (Allocation Failure)
[34.065s][info][gc,heap        ] GC(15) DefNew: 2236928K(2516544K)->161863K(2516544K) Eden: 2236928K(2236928K)->0K(2236928K) From: 0K(279616K)->161863K(279616K)
[34.065s][info][gc,heap        ] GC(15) Tenured: 103390K(5592448K)->103390K(5592448K)
[34.065s][info][gc,metaspace   ] GC(15) Metaspace: 21612K(21888K)->21612K(21888K) NonClass: 18810K(18944K)->18810K(18944K) Class: 2801K(2944K)->2801K(2944K)
[34.065s][info][gc             ] GC(15) Pause Young (Allocation Failure) 2285M->259M(7918M) 687.309ms
[34.066s][info][gc,cpu         ] GC(15) User=0.69s Sys=0.00s Real=0.69s
[35.867s][info][gc,start       ] GC(16) Pause Young (Allocation Failure)
[36.479s][info][gc,heap        ] GC(16) DefNew: 2398791K(2516544K)->143505K(2516544K) Eden: 2236928K(2236928K)->0K(2236928K) From: 161863K(279616K)->143505K(279616K)
[36.479s][info][gc,heap        ] GC(16) Tenured: 103390K(5592448K)->103392K(5592448K)
[36.479s][info][gc,metaspace   ] GC(16) Metaspace: 21662K(21952K)->21662K(21952K) NonClass: 18860K(19008K)->18860K(19008K) Class: 2801K(2944K)->2801K(2944K)
[36.479s][info][gc             ] GC(16) Pause Young (Allocation Failure) 2443M->241M(7918M) 611.538ms
[36.479s][info][gc,cpu         ] GC(16) User=0.59s Sys=0.02s Real=0.60s
[37.648s][info][gc,start       ] GC(17) Pause Young (Allocation Failure)
[38.564s][info][gc,heap        ] GC(17) DefNew: 2380433K(2516544K)->199904K(2516544K) Eden: 2236928K(2236928K)->0K(2236928K) From: 143505K(279616K)->199904K(279616K)
[38.564s][info][gc,heap        ] GC(17) Tenured: 103392K(5592448K)->113677K(5592448K)
[38.564s][info][gc,metaspace   ] GC(17) Metaspace: 21675K(21952K)->21675K(21952K) NonClass: 18874K(19008K)->18874K(19008K) Class: 2801K(2944K)->2801K(2944K)
[38.564s][info][gc             ] GC(17) Pause Young (Allocation Failure) 2425M->306M(7918M) 916.027ms
[38.564s][info][gc,cpu         ] GC(17) User=0.91s Sys=0.00s Real=0.91s
[40.237s][info][gc,start       ] GC(18) Pause Young (Allocation Failure)
[40.879s][info][gc,heap        ] GC(18) DefNew: 2436832K(2516544K)->146129K(2516544K) Eden: 2236928K(2236928K)->0K(2236928K) From: 199904K(279616K)->146129K(279616K)
[40.879s][info][gc,heap        ] GC(18) Tenured: 113677K(5592448K)->116217K(5592448K)
[40.879s][info][gc,metaspace   ] GC(18) Metaspace: 21696K(21952K)->21696K(21952K) NonClass: 18894K(19008K)->18894K(19008K) Class: 2801K(2944K)->2801K(2944K)
[40.879s][info][gc             ] GC(18) Pause Young (Allocation Failure) 2490M->256M(7918M) 642.251ms
[40.879s][info][gc,cpu         ] GC(18) User=0.64s Sys=0.00s Real=0.63s
[42.037s][info][gc,start       ] GC(19) Pause Young (Allocation Failure)
[43.000s][info][gc,heap        ] GC(19) DefNew: 2383057K(2516544K)->205729K(2516544K) Eden: 2236928K(2236928K)->0K(2236928K) From: 146129K(279616K)->205729K(279616K)
[43.000s][info][gc,heap        ] GC(19) Tenured: 116217K(5592448K)->135849K(5592448K)
[43.000s][info][gc,metaspace   ] GC(19) Metaspace: 21712K(22016K)->21712K(22016K) NonClass: 18910K(19072K)->18910K(19072K) Class: 2801K(2944K)->2801K(2944K)
[43.000s][info][gc             ] GC(19) Pause Young (Allocation Failure) 2440M->333M(7918M) 963.566ms
[43.000s][info][gc,cpu         ] GC(19) User=0.95s Sys=0.00s Real=0.96s
[44.671s][info][gc,start       ] GC(20) Pause Young (Allocation Failure)
[45.317s][info][gc,heap        ] GC(20) DefNew: 2442657K(2516544K)->148757K(2516544K) Eden: 2236928K(2236928K)->0K(2236928K) From: 205729K(279616K)->148757K(279616K)
[45.317s][info][gc,heap        ] GC(20) Tenured: 135849K(5592448K)->141161K(5592448K)
[45.317s][info][gc,metaspace   ] GC(20) Metaspace: 21730K(22080K)->21730K(22080K) NonClass: 18928K(19136K)->18928K(19136K) Class: 2801K(2944K)->2801K(2944K)
[45.317s][info][gc             ] GC(20) Pause Young (Allocation Failure) 2518M->283M(7918M) 646.412ms
[45.317s][info][gc,cpu         ] GC(20) User=0.61s Sys=0.02s Real=0.64s
[46.204s][info][gc,start       ] GC(21) Pause Full (System.gc())
[46.204s][info][gc,phases,start] GC(21) Phase 1: Mark live objects
[46.367s][info][gc,phases      ] GC(21) Phase 1: Mark live objects 163.219ms
[46.367s][info][gc,phases,start] GC(21) Phase 2: Compute new object addresses
[46.571s][info][gc,phases      ] GC(21) Phase 2: Compute new object addresses 203.588ms
[46.571s][info][gc,phases,start] GC(21) Phase 3: Adjust pointers
[46.711s][info][gc,phases      ] GC(21) Phase 3: Adjust pointers 140.367ms
[46.711s][info][gc,phases,start] GC(21) Phase 4: Move objects
[46.800s][info][gc,phases      ] GC(21) Phase 4: Move objects 88.377ms
[46.800s][info][gc,heap        ] GC(21) DefNew: 1206854K(2516544K)->0K(2516544K) Eden: 1058097K(2236928K)->0K(2236928K) From: 148757K(279616K)->0K(279616K)
[46.800s][info][gc,heap        ] GC(21) Tenured: 141161K(5592448K)->230935K(5592448K)
[46.800s][info][gc,metaspace   ] GC(21) Metaspace: 21738K(22080K)->21738K(22080K) NonClass: 18936K(19136K)->18936K(19136K) Class: 2801K(2944K)->2801K(2944K)
[46.800s][info][gc             ] GC(21) Pause Full (System.gc()) 1316M->225M(7918M) 595.986ms
[46.800s][info][gc,cpu         ] GC(21) User=0.59s Sys=0.00s Real=0.60s
[48.075s][info][gc,start       ] GC(22) Pause Young (Allocation Failure)
[48.978s][info][gc,heap        ] GC(22) DefNew: 2236928K(2516544K)->203440K(2516544K) Eden: 2236928K(2236928K)->0K(2236928K) From: 0K(279616K)->203440K(279616K)
[48.978s][info][gc,heap        ] GC(22) Tenured: 230935K(5592448K)->230935K(5592448K)
[48.978s][info][gc,metaspace   ] GC(22) Metaspace: 21757K(22080K)->21757K(22080K) NonClass: 18955K(19136K)->18955K(19136K) Class: 2801K(2944K)->2801K(2944K)
[48.978s][info][gc             ] GC(22) Pause Young (Allocation Failure) 2410M->424M(7918M) 903.047ms
[48.978s][info][gc,cpu         ] GC(22) User=0.92s Sys=0.00s Real=0.90s
[50.602s][info][gc,start       ] GC(23) Pause Young (Allocation Failure)
[51.131s][info][gc,heap        ] GC(23) DefNew: 2440368K(2516544K)->122074K(2516544K) Eden: 2236928K(2236928K)->0K(2236928K) From: 203440K(279616K)->122074K(279616K)
[51.131s][info][gc,heap        ] GC(23) Tenured: 230935K(5592448K)->230937K(5592448K)
[51.131s][info][gc,metaspace   ] GC(23) Metaspace: 21791K(22080K)->21791K(22080K) NonClass: 18989K(19136K)->18989K(19136K) Class: 2801K(2944K)->2801K(2944K)
[51.131s][info][gc             ] GC(23) Pause Young (Allocation Failure) 2608M->344M(7918M) 529.294ms
[51.131s][info][gc,cpu         ] GC(23) User=0.52s Sys=0.00s Real=0.53s
[52.313s][info][gc,start       ] GC(24) Pause Young (Allocation Failure)
[53.214s][info][gc,heap        ] GC(24) DefNew: 2359002K(2516544K)->202887K(2516544K) Eden: 2236928K(2236928K)->0K(2236928K) From: 122074K(279616K)->202887K(279616K)
[53.214s][info][gc,heap        ] GC(24) Tenured: 230937K(5592448K)->230937K(5592448K)
[53.214s][info][gc,metaspace   ] GC(24) Metaspace: 21800K(22080K)->21800K(22080K) NonClass: 18998K(19136K)->18998K(19136K) Class: 2801K(2944K)->2801K(2944K)
[53.214s][info][gc             ] GC(24) Pause Young (Allocation Failure) 2529M->423M(7918M) 900.393ms
[53.214s][info][gc,cpu         ] GC(24) User=0.91s Sys=0.00s Real=0.90s
[54.961s][info][gc,start       ] GC(25) Pause Young (Allocation Failure)
[55.526s][info][gc,heap        ] GC(25) DefNew: 2439815K(2516544K)->129977K(2516544K) Eden: 2236928K(2236928K)->0K(2236928K) From: 202887K(279616K)->129977K(279616K)
[55.526s][info][gc,heap        ] GC(25) Tenured: 230937K(5592448K)->230938K(5592448K)
[55.526s][info][gc,metaspace   ] GC(25) Metaspace: 21830K(22144K)->21830K(22144K) NonClass: 19028K(19200K)->19028K(19200K) Class: 2801K(2944K)->2801K(2944K)
[55.526s][info][gc             ] GC(25) Pause Young (Allocation Failure) 2608M->352M(7918M) 564.958ms
[55.526s][info][gc,cpu         ] GC(25) User=0.55s Sys=0.02s Real=0.56s
[56.827s][info][gc,start       ] GC(26) Pause Young (Allocation Failure)
[57.836s][info][gc,heap        ] GC(26) DefNew: 2366905K(2516544K)->221308K(2516544K) Eden: 2236928K(2236928K)->0K(2236928K) From: 129977K(279616K)->221308K(279616K)
[57.836s][info][gc,heap        ] GC(26) Tenured: 230938K(5592448K)->230938K(5592448K)
[57.836s][info][gc,metaspace   ] GC(26) Metaspace: 21847K(22144K)->21847K(22144K) NonClass: 19045K(19200K)->19045K(19200K) Class: 2801K(2944K)->2801K(2944K)
[57.836s][info][gc             ] GC(26) Pause Young (Allocation Failure) 2536M->441M(7918M) 1009.735ms
[57.836s][info][gc,cpu         ] GC(26) User=1.02s Sys=0.00s Real=1.01s
[59.404s][info][gc,start       ] GC(27) Pause Young (Allocation Failure)
[60.086s][info][gc,heap        ] GC(27) DefNew: 2458236K(2516544K)->156557K(2516544K) Eden: 2236928K(2236928K)->0K(2236928K) From: 221308K(279616K)->156557K(279616K)
[60.086s][info][gc,heap        ] GC(27) Tenured: 230938K(5592448K)->230939K(5592448K)
[60.086s][info][gc,metaspace   ] GC(27) Metaspace: 21863K(22144K)->21863K(22144K) NonClass: 19061K(19200K)->19061K(19200K) Class: 2801K(2944K)->2801K(2944K)
[60.086s][info][gc             ] GC(27) Pause Young (Allocation Failure) 2626M->378M(7918M) 682.385ms
[60.086s][info][gc,cpu         ] GC(27) User=0.66s Sys=0.00s Real=0.67s
[60.981s][info][gc,start       ] GC(28) Pause Full (System.gc())
[60.981s][info][gc,phases,start] GC(28) Phase 1: Mark live objects
[61.168s][info][gc,phases      ] GC(28) Phase 1: Mark live objects 186.441ms
[61.168s][info][gc,phases,start] GC(28) Phase 2: Compute new object addresses
[61.360s][info][gc,phases      ] GC(28) Phase 2: Compute new object addresses 192.353ms
[61.360s][info][gc,phases,start] GC(28) Phase 3: Adjust pointers
[61.498s][info][gc,phases      ] GC(28) Phase 3: Adjust pointers 138.241ms
[61.498s][info][gc,phases,start] GC(28) Phase 4: Move objects
[61.602s][info][gc,phases      ] GC(28) Phase 4: Move objects 103.845ms
[61.602s][info][gc,heap        ] GC(28) DefNew: 1173594K(2516544K)->0K(2516544K) Eden: 1017037K(2236928K)->0K(2236928K) From: 156557K(279616K)->0K(279616K)
[61.602s][info][gc,heap        ] GC(28) Tenured: 230939K(5592448K)->319120K(5592448K)
[61.602s][info][gc,metaspace   ] GC(28) Metaspace: 21867K(22144K)->21867K(22144K) NonClass: 19066K(19200K)->19066K(19200K) Class: 2801K(2944K)->2801K(2944K)
[61.602s][info][gc             ] GC(28) Pause Full (System.gc()) 1371M->311M(7918M) 621.315ms
[61.602s][info][gc,cpu         ] GC(28) User=0.61s Sys=0.00s Real=0.63s
[62.775s][info][gc,start       ] GC(29) Pause Young (Allocation Failure)
[63.608s][info][gc,heap        ] GC(29) DefNew: 2236928K(2516544K)->186643K(2516544K) Eden: 2236928K(2236928K)->0K(2236928K) From: 0K(279616K)->186643K(279616K)
[63.608s][info][gc,heap        ] GC(29) Tenured: 319120K(5592448K)->319120K(5592448K)
[63.608s][info][gc,metaspace   ] GC(29) Metaspace: 21870K(22144K)->21870K(22144K) NonClass: 19068K(19200K)->19068K(19200K) Class: 2801K(2944K)->2801K(2944K)
[63.608s][info][gc             ] GC(29) Pause Young (Allocation Failure) 2496M->493M(7918M) 833.297ms
[63.608s][info][gc,cpu         ] GC(29) User=0.83s Sys=0.00s Real=0.83s
[65.287s][info][gc,start       ] GC(30) Pause Young (Allocation Failure)
[65.737s][info][gc,heap        ] GC(30) DefNew: 2423571K(2516544K)->100159K(2516544K) Eden: 2236928K(2236928K)->0K(2236928K) From: 186643K(279616K)->100159K(279616K)
[65.737s][info][gc,heap        ] GC(30) Tenured: 319120K(5592448K)->319123K(5592448K)
[65.737s][info][gc,metaspace   ] GC(30) Metaspace: 21907K(22208K)->21907K(22208K) NonClass: 19106K(19264K)->19106K(19264K) Class: 2801K(2944K)->2801K(2944K)
[65.737s][info][gc             ] GC(30) Pause Young (Allocation Failure) 2678M->409M(7918M) 450.654ms
[65.737s][info][gc,cpu         ] GC(30) User=0.45s Sys=0.00s Real=0.45s
[66.888s][info][gc,start       ] GC(31) Pause Young (Allocation Failure)
[67.713s][info][gc,heap        ] GC(31) DefNew: 2337087K(2516544K)->184485K(2516544K) Eden: 2236928K(2236928K)->0K(2236928K) From: 100159K(279616K)->184485K(279616K)
[67.713s][info][gc,heap        ] GC(31) Tenured: 319123K(5592448K)->319123K(5592448K)
[67.713s][info][gc,metaspace   ] GC(31) Metaspace: 21917K(22272K)->21917K(22272K) NonClass: 19115K(19328K)->19115K(19328K) Class: 2801K(2944K)->2801K(2944K)
[67.713s][info][gc             ] GC(31) Pause Young (Allocation Failure) 2593M->491M(7918M) 825.549ms
[67.713s][info][gc,cpu         ] GC(31) User=0.83s Sys=0.00s Real=0.82s
[69.475s][info][gc,start       ] GC(32) Pause Young (Allocation Failure)
[69.912s][info][gc,heap        ] GC(32) DefNew: 2421413K(2516544K)->96877K(2516544K) Eden: 2236928K(2236928K)->0K(2236928K) From: 184485K(279616K)->96877K(279616K)
[69.912s][info][gc,heap        ] GC(32) Tenured: 319123K(5592448K)->319139K(5592448K)
[69.912s][info][gc,metaspace   ] GC(32) Metaspace: 21920K(22272K)->21920K(22272K) NonClass: 19118K(19328K)->19118K(19328K) Class: 2801K(2944K)->2801K(2944K)
[69.912s][info][gc             ] GC(32) Pause Young (Allocation Failure) 2676M->406M(7918M) 437.069ms
[69.912s][info][gc,cpu         ] GC(32) User=0.44s Sys=0.00s Real=0.44s
[71.296s][info][gc,start       ] GC(33) Pause Young (Allocation Failure)
[72.208s][info][gc,heap        ] GC(33) DefNew: 2333805K(2516544K)->208437K(2516544K) Eden: 2236928K(2236928K)->0K(2236928K) From: 96877K(279616K)->208437K(279616K)
[72.208s][info][gc,heap        ] GC(33) Tenured: 319139K(5592448K)->319139K(5592448K)
[72.208s][info][gc,metaspace   ] GC(33) Metaspace: 21925K(22272K)->21925K(22272K) NonClass: 19123K(19328K)->19123K(19328K) Class: 2801K(2944K)->2801K(2944K)
[72.208s][info][gc             ] GC(33) Pause Young (Allocation Failure) 2590M->515M(7918M) 911.468ms
[72.208s][info][gc,cpu         ] GC(33) User=0.91s Sys=0.00s Real=0.93s
[74.021s][info][gc,start       ] GC(34) Pause Young (Allocation Failure)
[74.678s][info][gc,heap        ] GC(34) DefNew: 2445365K(2516544K)->152853K(2516544K) Eden: 2236928K(2236928K)->0K(2236928K) From: 208437K(279616K)->152853K(279616K)
[74.678s][info][gc,heap        ] GC(34) Tenured: 319139K(5592448K)->319139K(5592448K)
[74.678s][info][gc,metaspace   ] GC(34) Metaspace: 21930K(22272K)->21930K(22272K) NonClass: 19128K(19328K)->19128K(19328K) Class: 2801K(2944K)->2801K(2944K)
[74.678s][info][gc             ] GC(34) Pause Young (Allocation Failure) 2699M->460M(7918M) 657.009ms
[74.679s][info][gc,cpu         ] GC(34) User=0.66s Sys=0.00s Real=0.65s
[75.525s][info][gc,start       ] GC(35) Pause Full (System.gc())
[75.525s][info][gc,phases,start] GC(35) Phase 1: Mark live objects
[75.701s][info][gc,phases      ] GC(35) Phase 1: Mark live objects 175.694ms
[75.701s][info][gc,phases,start] GC(35) Phase 2: Compute new object addresses
[75.889s][info][gc,phases      ] GC(35) Phase 2: Compute new object addresses 188.309ms
[75.889s][info][gc,phases,start] GC(35) Phase 3: Adjust pointers
[76.031s][info][gc,phases      ] GC(35) Phase 3: Adjust pointers 141.622ms
[76.031s][info][gc,phases,start] GC(35) Phase 4: Move objects
[76.117s][info][gc,phases      ] GC(35) Phase 4: Move objects 86.162ms
[76.117s][info][gc,heap        ] GC(35) DefNew: 1142711K(2516544K)->0K(2516544K) Eden: 989858K(2236928K)->0K(2236928K) From: 152853K(279616K)->0K(279616K)
[76.117s][info][gc,heap        ] GC(35) Tenured: 319139K(5592448K)->327848K(5592448K)
[76.117s][info][gc,metaspace   ] GC(35) Metaspace: 21931K(22272K)->21931K(22272K) NonClass: 19129K(19328K)->19129K(19328K) Class: 2801K(2944K)->2801K(2944K)
[76.117s][info][gc             ] GC(35) Pause Full (System.gc()) 1427M->320M(7918M) 592.281ms
[76.117s][info][gc,cpu         ] GC(35) User=0.59s Sys=0.00s Real=0.59s
[77.504s][info][gc,start       ] GC(36) Pause Young (Allocation Failure)
[78.419s][info][gc,heap        ] GC(36) DefNew: 2236928K(2516544K)->207738K(2516544K) Eden: 2236928K(2236928K)->0K(2236928K) From: 0K(279616K)->207738K(279616K)
[78.419s][info][gc,heap        ] GC(36) Tenured: 327848K(5592448K)->327848K(5592448K)
[78.419s][info][gc,metaspace   ] GC(36) Metaspace: 21952K(22272K)->21952K(22272K) NonClass: 19150K(19328K)->19150K(19328K) Class: 2801K(2944K)->2801K(2944K)
[78.419s][info][gc             ] GC(36) Pause Young (Allocation Failure) 2504M->523M(7918M) 915.651ms
[78.419s][info][gc,cpu         ] GC(36) User=0.92s Sys=0.00s Real=0.91s
[80.091s][info][gc,start       ] GC(37) Pause Young (Allocation Failure)
[80.701s][info][gc,heap        ] GC(37) DefNew: 2444666K(2516544K)->143783K(2516544K) Eden: 2236928K(2236928K)->0K(2236928K) From: 207738K(279616K)->143783K(279616K)
[80.701s][info][gc,heap        ] GC(37) Tenured: 327848K(5592448K)->327851K(5592448K)
[80.701s][info][gc,metaspace   ] GC(37) Metaspace: 21967K(22272K)->21967K(22272K) NonClass: 19166K(19328K)->19166K(19328K) Class: 2801K(2944K)->2801K(2944K)
[80.701s][info][gc             ] GC(37) Pause Young (Allocation Failure) 2707M->460M(7918M) 609.699ms
[80.701s][info][gc,cpu         ] GC(37) User=0.61s Sys=0.00s Real=0.60s
[82.134s][info][gc,start       ] GC(38) Pause Young (Allocation Failure)
[82.905s][info][gc,heap        ] GC(38) DefNew: 2380711K(2516544K)->169685K(2516544K) Eden: 2236928K(2236928K)->0K(2236928K) From: 143783K(279616K)->169685K(279616K)
[82.905s][info][gc,heap        ] GC(38) Tenured: 327851K(5592448K)->331391K(5592448K)
[82.905s][info][gc,metaspace   ] GC(38) Metaspace: 21981K(22272K)->21981K(22272K) NonClass: 19179K(19328K)->19179K(19328K) Class: 2801K(2944K)->2801K(2944K)
[82.905s][info][gc             ] GC(38) Pause Young (Allocation Failure) 2645M->489M(7918M) 771.289ms
[82.905s][info][gc,cpu         ] GC(38) User=0.77s Sys=0.00s Real=0.78s
[84.534s][info][gc,start       ] GC(39) Pause Young (Allocation Failure)
[85.313s][info][gc,heap        ] GC(39) DefNew: 2406613K(2516544K)->180228K(2516544K) Eden: 2236928K(2236928K)->0K(2236928K) From: 169685K(279616K)->180228K(279616K)
[85.313s][info][gc,heap        ] GC(39) Tenured: 331391K(5592448K)->332399K(5592448K)
[85.314s][info][gc,metaspace   ] GC(39) Metaspace: 21990K(22272K)->21990K(22272K) NonClass: 19189K(19328K)->19189K(19328K) Class: 2801K(2944K)->2801K(2944K)
[85.314s][info][gc             ] GC(39) Pause Young (Allocation Failure) 2673M->500M(7918M) 780.008ms
[85.314s][info][gc,cpu         ] GC(39) User=0.78s Sys=0.00s Real=0.78s
[87.129s][info][gc,start       ] GC(40) Pause Young (Allocation Failure)
[87.630s][info][gc,heap        ] GC(40) DefNew: 2417156K(2516544K)->116926K(2516544K) Eden: 2236928K(2236928K)->0K(2236928K) From: 180228K(279616K)->116926K(279616K)
[87.630s][info][gc,heap        ] GC(40) Tenured: 332399K(5592448K)->332400K(5592448K)
[87.630s][info][gc,metaspace   ] GC(40) Metaspace: 21992K(22272K)->21992K(22272K) NonClass: 19190K(19328K)->19190K(19328K) Class: 2801K(2944K)->2801K(2944K)
[87.630s][info][gc             ] GC(40) Pause Young (Allocation Failure) 2685M->438M(7918M) 501.235ms
[87.630s][info][gc,cpu         ] GC(40) User=0.50s Sys=0.00s Real=0.50s
[88.850s][info][gc,start       ] GC(41) Pause Young (Allocation Failure)
[89.727s][info][gc,heap        ] GC(41) DefNew: 2353854K(2516544K)->199885K(2516544K) Eden: 2236928K(2236928K)->0K(2236928K) From: 116926K(279616K)->199885K(279616K)
[89.727s][info][gc,heap        ] GC(41) Tenured: 332400K(5592448K)->332400K(5592448K)
[89.727s][info][gc,metaspace   ] GC(41) Metaspace: 21995K(22272K)->21995K(22272K) NonClass: 19193K(19328K)->19193K(19328K) Class: 2801K(2944K)->2801K(2944K)
[89.727s][info][gc             ] GC(41) Pause Young (Allocation Failure) 2623M->519M(7918M) 877.330ms
[89.727s][info][gc,cpu         ] GC(41) User=0.89s Sys=0.00s Real=0.88s
[90.390s][info][gc,start       ] GC(42) Pause Full (System.gc())
[90.390s][info][gc,phases,start] GC(42) Phase 1: Mark live objects
[90.582s][info][gc,phases      ] GC(42) Phase 1: Mark live objects 191.861ms
[90.582s][info][gc,phases,start] GC(42) Phase 2: Compute new object addresses
[90.712s][info][gc,phases      ] GC(42) Phase 2: Compute new object addresses 130.385ms
[90.712s][info][gc,phases,start] GC(42) Phase 3: Adjust pointers
[90.840s][info][gc,phases      ] GC(42) Phase 3: Adjust pointers 127.745ms
[90.840s][info][gc,phases,start] GC(42) Phase 4: Move objects
[90.896s][info][gc,phases      ] GC(42) Phase 4: Move objects 56.434ms
[90.897s][info][gc,heap        ] GC(42) DefNew: 708388K(2516544K)->0K(2516544K) Eden: 508502K(2236928K)->0K(2236928K) From: 199885K(279616K)->0K(279616K)
[90.897s][info][gc,heap        ] GC(42) Tenured: 332400K(5592448K)->103469K(5592448K)
[90.897s][info][gc,metaspace   ] GC(42) Metaspace: 21995K(22272K)->21995K(22272K) NonClass: 19194K(19328K)->19194K(19328K) Class: 2801K(2944K)->2801K(2944K)
[90.897s][info][gc             ] GC(42) Pause Full (System.gc()) 1016M->101M(7918M) 506.938ms
[90.897s][info][gc,cpu         ] GC(42) User=0.48s Sys=0.00s Real=0.52s
[92.104s][info][gc,start       ] GC(43) Pause Young (Allocation Failure)
[92.926s][info][gc,heap        ] GC(43) DefNew: 2236928K(2516544K)->188719K(2516544K) Eden: 2236928K(2236928K)->0K(2236928K) From: 0K(279616K)->188719K(279616K)
[92.926s][info][gc,heap        ] GC(43) Tenured: 103469K(5592448K)->103469K(5592448K)
[92.926s][info][gc,metaspace   ] GC(43) Metaspace: 21998K(22272K)->21998K(22272K) NonClass: 19196K(19328K)->19196K(19328K) Class: 2801K(2944K)->2801K(2944K)
[92.926s][info][gc             ] GC(43) Pause Young (Allocation Failure) 2285M->285M(7918M) 822.612ms
[92.927s][info][gc,cpu         ] GC(43) User=0.80s Sys=0.02s Real=0.82s
[94.541s][info][gc,start       ] GC(44) Pause Young (Allocation Failure)
[95.024s][info][gc,heap        ] GC(44) DefNew: 2425647K(2516544K)->111492K(2516544K) Eden: 2236928K(2236928K)->0K(2236928K) From: 188719K(279616K)->111492K(279616K)
[95.024s][info][gc,heap        ] GC(44) Tenured: 103469K(5592448K)->103470K(5592448K)
[95.024s][info][gc,metaspace   ] GC(44) Metaspace: 22009K(22336K)->22009K(22336K) NonClass: 19207K(19392K)->19207K(19392K) Class: 2801K(2944K)->2801K(2944K)
[95.024s][info][gc             ] GC(44) Pause Young (Allocation Failure) 2469M->209M(7918M) 483.440ms
[95.024s][info][gc,cpu         ] GC(44) User=0.48s Sys=0.00s Real=0.48s
[96.264s][info][gc,start       ] GC(45) Pause Young (Allocation Failure)
[97.149s][info][gc,heap        ] GC(45) DefNew: 2348420K(2516544K)->199938K(2516544K) Eden: 2236928K(2236928K)->0K(2236928K) From: 111492K(279616K)->199938K(279616K)
[97.149s][info][gc,heap        ] GC(45) Tenured: 103470K(5592448K)->103470K(5592448K)
[97.149s][info][gc,metaspace   ] GC(45) Metaspace: 22022K(22336K)->22022K(22336K) NonClass: 19221K(19392K)->19221K(19392K) Class: 2801K(2944K)->2801K(2944K)
[97.149s][info][gc             ] GC(45) Pause Young (Allocation Failure) 2394M->296M(7918M) 885.527ms
[97.149s][info][gc,cpu         ] GC(45) User=0.89s Sys=0.00s Real=0.88s
[99.005s][info][gc,start       ] GC(46) Pause Young (Allocation Failure)
[99.616s][info][gc,heap        ] GC(46) DefNew: 2436866K(2516544K)->143926K(2516544K) Eden: 2236928K(2236928K)->0K(2236928K) From: 199938K(279616K)->143926K(279616K)
[99.616s][info][gc,heap        ] GC(46) Tenured: 103470K(5592448K)->103471K(5592448K)
[99.616s][info][gc,metaspace   ] GC(46) Metaspace: 22046K(22336K)->22046K(22336K) NonClass: 19244K(19392K)->19244K(19392K) Class: 2801K(2944K)->2801K(2944K)
[99.616s][info][gc             ] GC(46) Pause Young (Allocation Failure) 2480M->241M(7918M) 611.203ms
[99.616s][info][gc,cpu         ] GC(46) User=0.61s Sys=0.00s Real=0.61s
[100.754s][info][gc,start       ] GC(47) Pause Young (Allocation Failure)
[101.654s][info][gc,heap        ] GC(47) DefNew: 2380854K(2516544K)->206539K(2516544K) Eden: 2236928K(2236928K)->0K(2236928K) From: 143926K(279616K)->206539K(279616K)
[101.654s][info][gc,heap        ] GC(47) Tenured: 103471K(5592448K)->121506K(5592448K)
[101.654s][info][gc,metaspace   ] GC(47) Metaspace: 22047K(22336K)->22047K(22336K) NonClass: 19246K(19392K)->19246K(19392K) Class: 2801K(2944K)->2801K(2944K)
[101.654s][info][gc             ] GC(47) Pause Young (Allocation Failure) 2426M->320M(7918M) 899.978ms
[101.654s][info][gc,cpu         ] GC(47) User=0.89s Sys=0.02s Real=0.90s
[103.402s][info][gc,start       ] GC(48) Pause Young (Allocation Failure)
[104.083s][info][gc,heap        ] GC(48) DefNew: 2443467K(2516544K)->159206K(2516544K) Eden: 2236928K(2236928K)->0K(2236928K) From: 206539K(279616K)->159206K(279616K)
[104.083s][info][gc,heap        ] GC(48) Tenured: 121506K(5592448K)->126384K(5592448K)
[104.083s][info][gc,metaspace   ] GC(48) Metaspace: 22051K(22336K)->22051K(22336K) NonClass: 19249K(19392K)->19249K(19392K) Class: 2801K(2944K)->2801K(2944K)
[104.083s][info][gc             ] GC(48) Pause Young (Allocation Failure) 2504M->278M(7918M) 681.126ms
[104.083s][info][gc,cpu         ] GC(48) User=0.67s Sys=0.00s Real=0.67s
[104.857s][info][gc,start       ] GC(49) Pause Full (System.gc())
[104.857s][info][gc,phases,start] GC(49) Phase 1: Mark live objects
[105.048s][info][gc,phases      ] GC(49) Phase 1: Mark live objects 191.210ms
[105.048s][info][gc,phases,start] GC(49) Phase 2: Compute new object addresses
[105.236s][info][gc,phases      ] GC(49) Phase 2: Compute new object addresses 187.990ms
[105.236s][info][gc,phases,start] GC(49) Phase 3: Adjust pointers
[105.377s][info][gc,phases      ] GC(49) Phase 3: Adjust pointers 140.590ms
[105.377s][info][gc,phases,start] GC(49) Phase 4: Move objects
[105.458s][info][gc,phases      ] GC(49) Phase 4: Move objects 81.137ms
[105.458s][info][gc,heap        ] GC(49) DefNew: 1105031K(2516544K)->0K(2516544K) Eden: 945825K(2236928K)->0K(2236928K) From: 159206K(279616K)->0K(279616K)
[105.458s][info][gc,heap        ] GC(49) Tenured: 126384K(5592448K)->223405K(5592448K)
[105.458s][info][gc,metaspace   ] GC(49) Metaspace: 22051K(22336K)->22051K(22336K) NonClass: 19250K(19392K)->19250K(19392K) Class: 2801K(2944K)->2801K(2944K)
[105.458s][info][gc             ] GC(49) Pause Full (System.gc()) 1202M->218M(7918M) 601.359ms
[105.458s][info][gc,cpu         ] GC(49) User=0.59s Sys=0.00s Real=0.60s
[106.790s][info][gc,start       ] GC(50) Pause Young (Allocation Failure)
[107.698s][info][gc,heap        ] GC(50) DefNew: 2236928K(2516544K)->205107K(2516544K) Eden: 2236928K(2236928K)->0K(2236928K) From: 0K(279616K)->205107K(279616K)
[107.698s][info][gc,heap        ] GC(50) Tenured: 223405K(5592448K)->223405K(5592448K)
[107.698s][info][gc,metaspace   ] GC(50) Metaspace: 22054K(22336K)->22054K(22336K) NonClass: 19252K(19392K)->19252K(19392K) Class: 2801K(2944K)->2801K(2944K)
[107.698s][info][gc             ] GC(50) Pause Young (Allocation Failure) 2402M->418M(7918M) 907.806ms
[107.698s][info][gc,cpu         ] GC(50) User=0.91s Sys=0.00s Real=0.91s
[109.386s][info][gc,start       ] GC(51) Pause Young (Allocation Failure)
[109.958s][info][gc,heap        ] GC(51) DefNew: 2442035K(2516544K)->131153K(2516544K) Eden: 2236928K(2236928K)->0K(2236928K) From: 205107K(279616K)->131153K(279616K)
[109.958s][info][gc,heap        ] GC(51) Tenured: 223405K(5592448K)->223408K(5592448K)
[109.958s][info][gc,metaspace   ] GC(51) Metaspace: 22059K(22336K)->22059K(22336K) NonClass: 19257K(19392K)->19257K(19392K) Class: 2801K(2944K)->2801K(2944K)
[109.958s][info][gc             ] GC(51) Pause Young (Allocation Failure) 2602M->346M(7918M) 572.219ms
[109.958s][info][gc,cpu         ] GC(51) User=0.56s Sys=0.00s Real=0.57s
[111.231s][info][gc,start       ] GC(52) Pause Young (Allocation Failure)
[112.197s][info][gc,heap        ] GC(52) DefNew: 2368081K(2516544K)->216373K(2516544K) Eden: 2236928K(2236928K)->0K(2236928K) From: 131153K(279616K)->216373K(279616K)
[112.197s][info][gc,heap        ] GC(52) Tenured: 223408K(5592448K)->223408K(5592448K)
[112.197s][info][gc,metaspace   ] GC(52) Metaspace: 22064K(22336K)->22064K(22336K) NonClass: 19262K(19392K)->19262K(19392K) Class: 2801K(2944K)->2801K(2944K)
[112.197s][info][gc             ] GC(52) Pause Young (Allocation Failure) 2530M->429M(7918M) 965.486ms
[112.197s][info][gc,cpu         ] GC(52) User=0.95s Sys=0.02s Real=0.96s
[113.902s][info][gc,start       ] GC(53) Pause Young (Allocation Failure)
[114.557s][info][gc,heap        ] GC(53) DefNew: 2453301K(2516544K)->150517K(2516544K) Eden: 2236928K(2236928K)->0K(2236928K) From: 216373K(279616K)->150517K(279616K)
[114.558s][info][gc,heap        ] GC(53) Tenured: 223408K(5592448K)->223408K(5592448K)
[114.558s][info][gc,metaspace   ] GC(53) Metaspace: 22072K(22336K)->22072K(22336K) NonClass: 19270K(19392K)->19270K(19392K) Class: 2801K(2944K)->2801K(2944K)
[114.558s][info][gc             ] GC(53) Pause Young (Allocation Failure) 2613M->365M(7918M) 655.667ms
[114.558s][info][gc,cpu         ] GC(53) User=0.64s Sys=0.00s Real=0.66s
[116.082s][info][gc,start       ] GC(54) Pause Young (Allocation Failure)
[116.840s][info][gc,heap        ] GC(54) DefNew: 2387445K(2516544K)->166101K(2516544K) Eden: 2236928K(2236928K)->0K(2236928K) From: 150517K(279616K)->166101K(279616K)
[116.841s][info][gc,heap        ] GC(54) Tenured: 223408K(5592448K)->226923K(5592448K)
[116.841s][info][gc,metaspace   ] GC(54) Metaspace: 22075K(22336K)->22075K(22336K) NonClass: 19273K(19392K)->19273K(19392K) Class: 2801K(2944K)->2801K(2944K)
[116.841s][info][gc             ] GC(54) Pause Young (Allocation Failure) 2549M->383M(7918M) 758.487ms
[116.841s][info][gc,cpu         ] GC(54) User=0.77s Sys=0.00s Real=0.76s
[118.465s][info][gc,start       ] GC(55) Pause Young (Allocation Failure)
[119.272s][info][gc,heap        ] GC(55) DefNew: 2403029K(2516544K)->185757K(2516544K) Eden: 2236928K(2236928K)->0K(2236928K) From: 166101K(279616K)->185757K(279616K)
[119.272s][info][gc,heap        ] GC(55) Tenured: 226923K(5592448K)->228060K(5592448K)
[119.272s][info][gc,metaspace   ] GC(55) Metaspace: 22086K(22336K)->22086K(22336K) NonClass: 19284K(19392K)->19284K(19392K) Class: 2801K(2944K)->2801K(2944K)
[119.272s][info][gc             ] GC(55) Pause Young (Allocation Failure) 2568M->404M(7918M) 807.289ms
[119.272s][info][gc,cpu         ] GC(55) User=0.80s Sys=0.00s Real=0.81s
[119.996s][info][gc,start       ] GC(56) Pause Full (System.gc())
[119.996s][info][gc,phases,start] GC(56) Phase 1: Mark live objects
[120.182s][info][gc,phases      ] GC(56) Phase 1: Mark live objects 185.822ms
[120.182s][info][gc,phases,start] GC(56) Phase 2: Compute new object addresses
[120.330s][info][gc,phases      ] GC(56) Phase 2: Compute new object addresses 147.644ms
[120.330s][info][gc,phases,start] GC(56) Phase 3: Adjust pointers
[120.461s][info][gc,phases      ] GC(56) Phase 3: Adjust pointers 131.576ms
[120.461s][info][gc,phases,start] GC(56) Phase 4: Move objects
[120.526s][info][gc,phases      ] GC(56) Phase 4: Move objects 64.855ms
[120.526s][info][gc,heap        ] GC(56) DefNew: 837622K(2516544K)->0K(2516544K) Eden: 651865K(2236928K)->0K(2236928K) From: 185757K(279616K)->0K(279616K)
[120.526s][info][gc,heap        ] GC(56) Tenured: 228060K(5592448K)->325134K(5592448K)
[120.526s][info][gc,metaspace   ] GC(56) Metaspace: 22086K(22336K)->22086K(22336K) NonClass: 19284K(19392K)->19284K(19392K) Class: 2801K(2944K)->2801K(2944K)
[120.526s][info][gc             ] GC(56) Pause Full (System.gc()) 1040M->317M(7918M) 530.330ms
[120.526s][info][gc,cpu         ] GC(56) User=0.53s Sys=0.00s Real=0.54s
[121.792s][info][gc,start       ] GC(57) Pause Young (Allocation Failure)
[122.663s][info][gc,heap        ] GC(57) DefNew: 2236928K(2516544K)->196409K(2516544K) Eden: 2236928K(2236928K)->0K(2236928K) From: 0K(279616K)->196409K(279616K)
[122.663s][info][gc,heap        ] GC(57) Tenured: 325134K(5592448K)->325134K(5592448K)
[122.663s][info][gc,metaspace   ] GC(57) Metaspace: 22088K(22336K)->22088K(22336K) NonClass: 19286K(19392K)->19286K(19392K) Class: 2801K(2944K)->2801K(2944K)
[122.663s][info][gc             ] GC(57) Pause Young (Allocation Failure) 2502M->509M(7918M) 870.441ms
[122.663s][info][gc,cpu         ] GC(57) User=0.86s Sys=0.00s Real=0.87s
[124.475s][info][gc,start       ] GC(58) Pause Young (Allocation Failure)
[125.043s][info][gc,heap        ] GC(58) DefNew: 2433337K(2516544K)->134884K(2516544K) Eden: 2236928K(2236928K)->0K(2236928K) From: 196409K(279616K)->134884K(279616K)
[125.043s][info][gc,heap        ] GC(58) Tenured: 325134K(5592448K)->325136K(5592448K)
[125.043s][info][gc,metaspace   ] GC(58) Metaspace: 22089K(22336K)->22089K(22336K) NonClass: 19287K(19392K)->19287K(19392K) Class: 2801K(2944K)->2801K(2944K)
[125.043s][info][gc             ] GC(58) Pause Young (Allocation Failure) 2693M->449M(7918M) 568.375ms
[125.043s][info][gc,cpu         ] GC(58) User=0.58s Sys=0.00s Real=0.56s
[126.297s][info][gc,start       ] GC(59) Pause Young (Allocation Failure)
[127.201s][info][gc,heap        ] GC(59) DefNew: 2371812K(2516544K)->222443K(2516544K) Eden: 2236928K(2236928K)->0K(2236928K) From: 134884K(279616K)->222443K(279616K)
[127.201s][info][gc,heap        ] GC(59) Tenured: 325136K(5592448K)->325136K(5592448K)
[127.201s][info][gc,metaspace   ] GC(59) Metaspace: 22092K(22336K)->22092K(22336K) NonClass: 19291K(19392K)->19291K(19392K) Class: 2801K(2944K)->2801K(2944K)
[127.201s][info][gc             ] GC(59) Pause Young (Allocation Failure) 2633M->534M(7918M) 904.288ms
[127.201s][info][gc,cpu         ] GC(59) User=0.91s Sys=0.00s Real=0.89s
[129.004s][info][gc,start       ] GC(60) Pause Young (Allocation Failure)
[129.719s][info][gc,heap        ] GC(60) DefNew: 2459371K(2516544K)->167273K(2516544K) Eden: 2236928K(2236928K)->0K(2236928K) From: 222443K(279616K)->167273K(279616K)
[129.719s][info][gc,heap        ] GC(60) Tenured: 325136K(5592448K)->325136K(5592448K)
[129.719s][info][gc,metaspace   ] GC(60) Metaspace: 22111K(22464K)->22111K(22464K) NonClass: 19309K(19520K)->19309K(19520K) Class: 2801K(2944K)->2801K(2944K)
[129.719s][info][gc             ] GC(60) Pause Young (Allocation Failure) 2719M->480M(7918M) 714.577ms
[129.719s][info][gc,cpu         ] GC(60) User=0.72s Sys=0.00s Real=0.72s
[131.597s][info][gc,start       ] GC(61) Pause Young (Allocation Failure)
[132.024s][info][gc,heap        ] GC(61) DefNew: 2404201K(2516544K)->96670K(2516544K) Eden: 2236928K(2236928K)->0K(2236928K) From: 167273K(279616K)->96670K(279616K)
[132.024s][info][gc,heap        ] GC(61) Tenured: 325136K(5592448K)->325136K(5592448K)
[132.024s][info][gc,metaspace   ] GC(61) Metaspace: 22119K(22464K)->22119K(22464K) NonClass: 19317K(19520K)->19317K(19520K) Class: 2801K(2944K)->2801K(2944K)
[132.024s][info][gc             ] GC(61) Pause Young (Allocation Failure) 2665M->411M(7918M) 426.933ms
[132.024s][info][gc,cpu         ] GC(61) User=0.44s Sys=0.00s Real=0.43s
[133.227s][info][gc,start       ] GC(62) Pause Young (Allocation Failure)
[134.060s][info][gc,heap        ] GC(62) DefNew: 2333598K(2516544K)->189826K(2516544K) Eden: 2236928K(2236928K)->0K(2236928K) From: 96670K(279616K)->189826K(279616K)
[134.060s][info][gc,heap        ] GC(62) Tenured: 325136K(5592448K)->325136K(5592448K)
[134.060s][info][gc,metaspace   ] GC(62) Metaspace: 22119K(22464K)->22119K(22464K) NonClass: 19317K(19520K)->19317K(19520K) Class: 2801K(2944K)->2801K(2944K)
[134.060s][info][gc             ] GC(62) Pause Young (Allocation Failure) 2596M->502M(7918M) 833.108ms
[134.060s][info][gc,cpu         ] GC(62) User=0.83s Sys=0.00s Real=0.83s
[134.835s][info][gc,start       ] GC(63) Pause Full (System.gc())
[134.836s][info][gc,phases,start] GC(63) Phase 1: Mark live objects
[135.007s][info][gc,phases      ] GC(63) Phase 1: Mark live objects 171.089ms
[135.007s][info][gc,phases,start] GC(63) Phase 2: Compute new object addresses
[135.155s][info][gc,phases      ] GC(63) Phase 2: Compute new object addresses 148.605ms
[135.155s][info][gc,phases,start] GC(63) Phase 3: Adjust pointers
[135.282s][info][gc,phases      ] GC(63) Phase 3: Adjust pointers 126.228ms
[135.282s][info][gc,phases,start] GC(63) Phase 4: Move objects
[135.349s][info][gc,phases      ] GC(63) Phase 4: Move objects 67.263ms
[135.349s][info][gc,heap        ] GC(63) DefNew: 844221K(2516544K)->0K(2516544K) Eden: 654395K(2236928K)->0K(2236928K) From: 189826K(279616K)->0K(279616K)
[135.349s][info][gc,heap        ] GC(63) Tenured: 325136K(5592448K)->360505K(5592448K)
[135.349s][info][gc,metaspace   ] GC(63) Metaspace: 22119K(22464K)->22119K(22464K) NonClass: 19317K(19520K)->19317K(19520K) Class: 2801K(2944K)->2801K(2944K)
[135.349s][info][gc             ] GC(63) Pause Full (System.gc()) 1141M->352M(7918M) 513.639ms
[135.349s][info][gc,cpu         ] GC(63) User=0.48s Sys=0.00s Real=0.51s
[136.516s][info][gc,start       ] GC(64) Pause Young (Allocation Failure)
[137.332s][info][gc,heap        ] GC(64) DefNew: 2236928K(2516544K)->185329K(2516544K) Eden: 2236928K(2236928K)->0K(2236928K) From: 0K(279616K)->185329K(279616K)
[137.333s][info][gc,heap        ] GC(64) Tenured: 360505K(5592448K)->360505K(5592448K)
[137.333s][info][gc,metaspace   ] GC(64) Metaspace: 22123K(22464K)->22123K(22464K) NonClass: 19321K(19520K)->19321K(19520K) Class: 2801K(2944K)->2801K(2944K)
[137.333s][info][gc             ] GC(64) Pause Young (Allocation Failure) 2536M->533M(7918M) 816.803ms
[137.333s][info][gc,cpu         ] GC(64) User=0.81s Sys=0.00s Real=0.81s
[139.119s][info][gc,start       ] GC(65) Pause Young (Allocation Failure)
[139.622s][info][gc,heap        ] GC(65) DefNew: 2422257K(2516544K)->117003K(2516544K) Eden: 2236928K(2236928K)->0K(2236928K) From: 185329K(279616K)->117003K(279616K)
[139.622s][info][gc,heap        ] GC(65) Tenured: 360505K(5592448K)->360506K(5592448K)
[139.622s][info][gc,metaspace   ] GC(65) Metaspace: 22123K(22464K)->22123K(22464K) NonClass: 19321K(19520K)->19321K(19520K) Class: 2801K(2944K)->2801K(2944K)
[139.622s][info][gc             ] GC(65) Pause Young (Allocation Failure) 2717M->466M(7918M) 503.035ms
[139.622s][info][gc,cpu         ] GC(65) User=0.50s Sys=0.00s Real=0.51s
[140.792s][info][gc,start       ] GC(66) Pause Young (Allocation Failure)
[141.682s][info][gc,heap        ] GC(66) DefNew: 2353931K(2516544K)->200540K(2516544K) Eden: 2236928K(2236928K)->0K(2236928K) From: 117003K(279616K)->200540K(279616K)
[141.682s][info][gc,heap        ] GC(66) Tenured: 360506K(5592448K)->360506K(5592448K)
[141.682s][info][gc,metaspace   ] GC(66) Metaspace: 22123K(22464K)->22123K(22464K) NonClass: 19321K(19520K)->19321K(19520K) Class: 2801K(2944K)->2801K(2944K)
[141.682s][info][gc             ] GC(66) Pause Young (Allocation Failure) 2650M->547M(7918M) 890.231ms
[141.682s][info][gc,cpu         ] GC(66) User=0.88s Sys=0.02s Real=0.89s
[143.515s][info][gc,start       ] GC(67) Pause Young (Allocation Failure)
[144.107s][info][gc,heap        ] GC(67) DefNew: 2437468K(2516544K)->140544K(2516544K) Eden: 2236928K(2236928K)->0K(2236928K) From: 200540K(279616K)->140544K(279616K)
[144.107s][info][gc,heap        ] GC(67) Tenured: 360506K(5592448K)->360507K(5592448K)
[144.107s][info][gc,metaspace   ] GC(67) Metaspace: 22145K(22464K)->22145K(22464K) NonClass: 19343K(19520K)->19343K(19520K) Class: 2801K(2944K)->2801K(2944K)
[144.107s][info][gc             ] GC(67) Pause Young (Allocation Failure) 2732M->489M(7918M) 592.589ms
[144.107s][info][gc,cpu         ] GC(67) User=0.59s Sys=0.00s Real=0.58s
[145.369s][info][gc,start       ] GC(68) Pause Young (Allocation Failure)
[146.336s][info][gc,heap        ] GC(68) DefNew: 2377472K(2516544K)->203264K(2516544K) Eden: 2236928K(2236928K)->0K(2236928K) From: 140544K(279616K)->203264K(279616K)
[146.336s][info][gc,heap        ] GC(68) Tenured: 360507K(5592448K)->370800K(5592448K)
[146.336s][info][gc,metaspace   ] GC(68) Metaspace: 22151K(22464K)->22151K(22464K) NonClass: 19349K(19520K)->19349K(19520K) Class: 2801K(2944K)->2801K(2944K)
[146.336s][info][gc             ] GC(68) Pause Young (Allocation Failure) 2673M->560M(7918M) 967.630ms
[146.336s][info][gc,cpu         ] GC(68) User=0.95s Sys=0.00s Real=0.96s
[147.913s][info][gc,start       ] GC(69) Pause Young (Allocation Failure)
[148.579s][info][gc,heap        ] GC(69) DefNew: 2440192K(2516544K)->152411K(2516544K) Eden: 2236928K(2236928K)->0K(2236928K) From: 203264K(279616K)->152411K(279616K)
[148.579s][info][gc,heap        ] GC(69) Tenured: 370800K(5592448K)->373280K(5592448K)
[148.579s][info][gc,metaspace   ] GC(69) Metaspace: 22153K(22464K)->22153K(22464K) NonClass: 19351K(19520K)->19351K(19520K) Class: 2801K(2944K)->2801K(2944K)
[148.579s][info][gc             ] GC(69) Pause Young (Allocation Failure) 2745M->513M(7918M) 665.944ms
[148.579s][info][gc,cpu         ] GC(69) User=0.66s Sys=0.00s Real=0.67s
[149.433s][info][gc,start       ] GC(70) Pause Full (System.gc())
[149.433s][info][gc,phases,start] GC(70) Phase 1: Mark live objects
[149.627s][info][gc,phases      ] GC(70) Phase 1: Mark live objects 194.154ms
[149.627s][info][gc,phases,start] GC(70) Phase 2: Compute new object addresses
[149.818s][info][gc,phases      ] GC(70) Phase 2: Compute new object addresses 190.534ms
[149.818s][info][gc,phases,start] GC(70) Phase 3: Adjust pointers
[149.960s][info][gc,phases      ] GC(70) Phase 3: Adjust pointers 142.228ms
[149.960s][info][gc,phases,start] GC(70) Phase 4: Move objects
[150.043s][info][gc,phases      ] GC(70) Phase 4: Move objects 83.150ms
[150.043s][info][gc,heap        ] GC(70) DefNew: 1135034K(2516544K)->0K(2516544K) Eden: 982623K(2236928K)->0K(2236928K) From: 152411K(279616K)->0K(279616K)
[150.043s][info][gc,heap        ] GC(70) Tenured: 373280K(5592448K)->103437K(5592448K)
[150.043s][info][gc,metaspace   ] GC(70) Metaspace: 22153K(22464K)->22153K(22464K) NonClass: 19351K(19520K)->19351K(19520K) Class: 2801K(2944K)->2801K(2944K)
[150.043s][info][gc             ] GC(70) Pause Full (System.gc()) 1472M->101M(7918M) 610.535ms
[150.043s][info][gc,cpu         ] GC(70) User=0.61s Sys=0.00s Real=0.60s
[151.330s][info][gc,start       ] GC(71) Pause Young (Allocation Failure)
[152.200s][info][gc,heap        ] GC(71) DefNew: 2236928K(2516544K)->195113K(2516544K) Eden: 2236928K(2236928K)->0K(2236928K) From: 0K(279616K)->195113K(279616K)
[152.200s][info][gc,heap        ] GC(71) Tenured: 103437K(5592448K)->103437K(5592448K)
[152.200s][info][gc,metaspace   ] GC(71) Metaspace: 22166K(22464K)->22166K(22464K) NonClass: 19365K(19520K)->19365K(19520K) Class: 2801K(2944K)->2801K(2944K)
[152.200s][info][gc             ] GC(71) Pause Young (Allocation Failure) 2285M->291M(7918M) 869.425ms
[152.200s][info][gc,cpu         ] GC(71) User=0.88s Sys=0.00s Real=0.87s
[153.931s][info][gc,start       ] GC(72) Pause Young (Allocation Failure)
[154.440s][info][gc,heap        ] GC(72) DefNew: 2432041K(2516544K)->117161K(2516544K) Eden: 2236928K(2236928K)->0K(2236928K) From: 195113K(279616K)->117161K(279616K)
[154.440s][info][gc,heap        ] GC(72) Tenured: 103437K(5592448K)->103439K(5592448K)
[154.440s][info][gc,metaspace   ] GC(72) Metaspace: 22166K(22464K)->22166K(22464K) NonClass: 19365K(19520K)->19365K(19520K) Class: 2801K(2944K)->2801K(2944K)
[154.440s][info][gc             ] GC(72) Pause Young (Allocation Failure) 2476M->215M(7918M) 509.584ms
[154.440s][info][gc,cpu         ] GC(72) User=0.50s Sys=0.00s Real=0.51s
[155.651s][info][gc,start       ] GC(73) Pause Young (Allocation Failure)
[156.553s][info][gc,heap        ] GC(73) DefNew: 2354089K(2516544K)->209196K(2516544K) Eden: 2236928K(2236928K)->0K(2236928K) From: 117161K(279616K)->209196K(279616K)
[156.553s][info][gc,heap        ] GC(73) Tenured: 103439K(5592448K)->103439K(5592448K)
[156.553s][info][gc,metaspace   ] GC(73) Metaspace: 22166K(22464K)->22166K(22464K) NonClass: 19365K(19520K)->19365K(19520K) Class: 2801K(2944K)->2801K(2944K)
[156.553s][info][gc             ] GC(73) Pause Young (Allocation Failure) 2399M->305M(7918M) 901.845ms
[156.553s][info][gc,cpu         ] GC(73) User=0.89s Sys=0.00s Real=0.90s
[158.130s][info][gc,start       ] GC(74) Pause Young (Allocation Failure)
[158.665s][info][gc,heap        ] GC(74) DefNew: 2446124K(2516544K)->123069K(2516544K) Eden: 2236928K(2236928K)->0K(2236928K) From: 209196K(279616K)->123069K(279616K)
[158.665s][info][gc,heap        ] GC(74) Tenured: 103439K(5592448K)->103439K(5592448K)
[158.665s][info][gc,metaspace   ] GC(74) Metaspace: 22172K(22464K)->22172K(22464K) NonClass: 19370K(19520K)->19370K(19520K) Class: 2801K(2944K)->2801K(2944K)
[158.666s][info][gc             ] GC(74) Pause Young (Allocation Failure) 2489M->221M(7918M) 535.621ms
[158.666s][info][gc,cpu         ] GC(74) User=0.55s Sys=0.00s Real=0.54s
[159.879s][info][gc,start       ] GC(75) Pause Young (Allocation Failure)
[160.822s][info][gc,heap        ] GC(75) DefNew: 2359997K(2516544K)->210751K(2516544K) Eden: 2236928K(2236928K)->0K(2236928K) From: 123069K(279616K)->210751K(279616K)
[160.822s][info][gc,heap        ] GC(75) Tenured: 103439K(5592448K)->103439K(5592448K)
[160.822s][info][gc,metaspace   ] GC(75) Metaspace: 22172K(22464K)->22172K(22464K) NonClass: 19370K(19520K)->19370K(19520K) Class: 2801K(2944K)->2801K(2944K)
[160.822s][info][gc             ] GC(75) Pause Young (Allocation Failure) 2405M->306M(7918M) 942.676ms
[160.822s][info][gc,cpu         ] GC(75) User=0.95s Sys=0.00s Real=0.93s
[162.474s][info][gc,start       ] GC(76) Pause Young (Allocation Failure)
[163.071s][info][gc,heap        ] GC(76) DefNew: 2447679K(2516544K)->137418K(2516544K) Eden: 2236928K(2236928K)->0K(2236928K) From: 210751K(279616K)->137418K(279616K)
[163.071s][info][gc,heap        ] GC(76) Tenured: 103439K(5592448K)->103440K(5592448K)
[163.071s][info][gc,metaspace   ] GC(76) Metaspace: 22172K(22464K)->22172K(22464K) NonClass: 19370K(19520K)->19370K(19520K) Class: 2801K(2944K)->2801K(2944K)
[163.071s][info][gc             ] GC(76) Pause Young (Allocation Failure) 2491M->235M(7918M) 596.826ms
[163.071s][info][gc,cpu         ] GC(76) User=0.61s Sys=0.00s Real=0.59s
[163.956s][info][gc,start       ] GC(77) Pause Full (System.gc())
[163.956s][info][gc,phases,start] GC(77) Phase 1: Mark live objects
[164.132s][info][gc,phases      ] GC(77) Phase 1: Mark live objects 175.779ms
[164.132s][info][gc,phases,start] GC(77) Phase 2: Compute new object addresses
[164.340s][info][gc,phases      ] GC(77) Phase 2: Compute new object addresses 208.054ms
[164.340s][info][gc,phases,start] GC(77) Phase 3: Adjust pointers
[164.488s][info][gc,phases      ] GC(77) Phase 3: Adjust pointers 148.070ms
[164.488s][info][gc,phases,start] GC(77) Phase 4: Move objects
[164.583s][info][gc,phases      ] GC(77) Phase 4: Move objects 94.914ms
[164.583s][info][gc,heap        ] GC(77) DefNew: 1285048K(2516544K)->0K(2516544K) Eden: 1147630K(2236928K)->0K(2236928K) From: 137418K(279616K)->0K(279616K)
[164.583s][info][gc,heap        ] GC(77) Tenured: 103440K(5592448K)->200373K(5592448K)
[164.583s][info][gc,metaspace   ] GC(77) Metaspace: 22175K(22464K)->22175K(22464K) NonClass: 19373K(19520K)->19373K(19520K) Class: 2801K(2944K)->2801K(2944K)
[164.583s][info][gc             ] GC(77) Pause Full (System.gc()) 1355M->195M(7918M) 627.245ms
[164.583s][info][gc,cpu         ] GC(77) User=0.62s Sys=0.00s Real=0.62s
[165.958s][info][gc,start       ] GC(78) Pause Young (Allocation Failure)
[166.896s][info][gc,heap        ] GC(78) DefNew: 2236928K(2516544K)->211367K(2516544K) Eden: 2236928K(2236928K)->0K(2236928K) From: 0K(279616K)->211367K(279616K)
[166.896s][info][gc,heap        ] GC(78) Tenured: 200373K(5592448K)->200373K(5592448K)
[166.896s][info][gc,metaspace   ] GC(78) Metaspace: 22176K(22464K)->22176K(22464K) NonClass: 19374K(19520K)->19374K(19520K) Class: 2801K(2944K)->2801K(2944K)
[166.896s][info][gc             ] GC(78) Pause Young (Allocation Failure) 2380M->402M(7918M) 937.942ms
[166.896s][info][gc,cpu         ] GC(78) User=0.94s Sys=0.00s Real=0.94s
[168.564s][info][gc,start       ] GC(79) Pause Young (Allocation Failure)
[169.169s][info][gc,heap        ] GC(79) DefNew: 2448295K(2516544K)->140907K(2516544K) Eden: 2236928K(2236928K)->0K(2236928K) From: 211367K(279616K)->140907K(279616K)
[169.169s][info][gc,heap        ] GC(79) Tenured: 200373K(5592448K)->200375K(5592448K)
[169.169s][info][gc,metaspace   ] GC(79) Metaspace: 22176K(22464K)->22176K(22464K) NonClass: 19374K(19520K)->19374K(19520K) Class: 2801K(2944K)->2801K(2944K)
[169.169s][info][gc             ] GC(79) Pause Young (Allocation Failure) 2586M->333M(7918M) 605.004ms
[169.169s][info][gc,cpu         ] GC(79) User=0.61s Sys=0.00s Real=0.60s
[170.604s][info][gc,start       ] GC(80) Pause Young (Allocation Failure)
[171.407s][info][gc,heap        ] GC(80) DefNew: 2377835K(2516544K)->177310K(2516544K) Eden: 2236928K(2236928K)->0K(2236928K) From: 140907K(279616K)->177310K(279616K)
[171.407s][info][gc,heap        ] GC(80) Tenured: 200375K(5592448K)->203714K(5592448K)
[171.407s][info][gc,metaspace   ] GC(80) Metaspace: 22181K(22464K)->22181K(22464K) NonClass: 19380K(19520K)->19380K(19520K) Class: 2801K(2944K)->2801K(2944K)
[171.407s][info][gc             ] GC(80) Pause Young (Allocation Failure) 2517M->372M(7918M) 803.094ms
[171.407s][info][gc,cpu         ] GC(80) User=0.78s Sys=0.00s Real=0.80s
[173.021s][info][gc,start       ] GC(81) Pause Young (Allocation Failure)
[173.752s][info][gc,heap        ] GC(81) DefNew: 2414238K(2516544K)->169420K(2516544K) Eden: 2236928K(2236928K)->0K(2236928K) From: 177310K(279616K)->169420K(279616K)
[173.752s][info][gc,heap        ] GC(81) Tenured: 203714K(5592448K)->204902K(5592448K)
[173.752s][info][gc,metaspace   ] GC(81) Metaspace: 22181K(22464K)->22181K(22464K) NonClass: 19380K(19520K)->19380K(19520K) Class: 2801K(2944K)->2801K(2944K)
[173.752s][info][gc             ] GC(81) Pause Young (Allocation Failure) 2556M->365M(7918M) 731.221ms
[173.752s][info][gc,cpu         ] GC(81) User=0.73s Sys=0.00s Real=0.72s
[175.630s][info][gc,start       ] GC(82) Pause Young (Allocation Failure)
[176.061s][info][gc,heap        ] GC(82) DefNew: 2406348K(2516544K)->96823K(2516544K) Eden: 2236928K(2236928K)->0K(2236928K) From: 169420K(279616K)->96823K(279616K)
[176.061s][info][gc,heap        ] GC(82) Tenured: 204902K(5592448K)->204904K(5592448K)
[176.061s][info][gc,metaspace   ] GC(82) Metaspace: 22183K(22464K)->22183K(22464K) NonClass: 19381K(19520K)->19381K(19520K) Class: 2801K(2944K)->2801K(2944K)
[176.061s][info][gc             ] GC(82) Pause Young (Allocation Failure) 2550M->294M(7918M) 430.689ms
[176.061s][info][gc,cpu         ] GC(82) User=0.45s Sys=0.00s Real=0.43s
[177.128s][info][gc,start       ] GC(83) Pause Young (Allocation Failure)
[177.957s][info][gc,heap        ] GC(83) DefNew: 2333751K(2516544K)->187241K(2516544K) Eden: 2236928K(2236928K)->0K(2236928K) From: 96823K(279616K)->187241K(279616K)
[177.957s][info][gc,heap        ] GC(83) Tenured: 204904K(5592448K)->204904K(5592448K)
[177.957s][info][gc,metaspace   ] GC(83) Metaspace: 22183K(22464K)->22183K(22464K) NonClass: 19381K(19520K)->19381K(19520K) Class: 2801K(2944K)->2801K(2944K)
[177.957s][info][gc             ] GC(83) Pause Young (Allocation Failure) 2479M->382M(7918M) 828.890ms
[177.957s][info][gc,cpu         ] GC(83) User=0.83s Sys=0.00s Real=0.82s
[178.729s][info][gc,start       ] GC(84) Pause Full (System.gc())
[178.729s][info][gc,phases,start] GC(84) Phase 1: Mark live objects
[178.938s][info][gc,phases      ] GC(84) Phase 1: Mark live objects 208.938ms
[178.938s][info][gc,phases,start] GC(84) Phase 2: Compute new object addresses
[179.096s][info][gc,phases      ] GC(84) Phase 2: Compute new object addresses 158.096ms
[179.096s][info][gc,phases,start] GC(84) Phase 3: Adjust pointers
[179.230s][info][gc,phases      ] GC(84) Phase 3: Adjust pointers 134.248ms
[179.230s][info][gc,phases,start] GC(84) Phase 4: Move objects
[179.296s][info][gc,phases      ] GC(84) Phase 4: Move objects 65.559ms
[179.296s][info][gc,heap        ] GC(84) DefNew: 907687K(2516544K)->0K(2516544K) Eden: 720446K(2236928K)->0K(2236928K) From: 187241K(279616K)->0K(279616K)
[179.296s][info][gc,heap        ] GC(84) Tenured: 204904K(5592448K)->301909K(5592448K)
[179.296s][info][gc,metaspace   ] GC(84) Metaspace: 22183K(22464K)->22183K(22464K) NonClass: 19381K(19520K)->19381K(19520K) Class: 2801K(2944K)->2801K(2944K)
[179.296s][info][gc             ] GC(84) Pause Full (System.gc()) 1086M->294M(7918M) 567.282ms
[179.296s][info][gc,cpu         ] GC(84) User=0.56s Sys=0.02s Real=0.56s
[180.585s][info][gc,start       ] GC(85) Pause Young (Allocation Failure)
[181.493s][info][gc,heap        ] GC(85) DefNew: 2236928K(2516544K)->206175K(2516544K) Eden: 2236928K(2236928K)->0K(2236928K) From: 0K(279616K)->206175K(279616K)
[181.493s][info][gc,heap        ] GC(85) Tenured: 301909K(5592448K)->301909K(5592448K)
[181.493s][info][gc,metaspace   ] GC(85) Metaspace: 22185K(22464K)->22185K(22464K) NonClass: 19384K(19520K)->19384K(19520K) Class: 2801K(2944K)->2801K(2944K)
[181.493s][info][gc             ] GC(85) Pause Young (Allocation Failure) 2479M->496M(7918M) 908.334ms
[181.493s][info][gc,cpu         ] GC(85) User=0.92s Sys=0.00s Real=0.90s
[183.175s][info][gc,start       ] GC(86) Pause Young (Allocation Failure)
[183.714s][info][gc,heap        ] GC(86) DefNew: 2443103K(2516544K)->124096K(2516544K) Eden: 2236928K(2236928K)->0K(2236928K) From: 206175K(279616K)->124096K(279616K)
[183.714s][info][gc,heap        ] GC(86) Tenured: 301909K(5592448K)->301910K(5592448K)
[183.714s][info][gc,metaspace   ] GC(86) Metaspace: 22189K(22528K)->22189K(22528K) NonClass: 19388K(19584K)->19388K(19584K) Class: 2801K(2944K)->2801K(2944K)
[183.714s][info][gc             ] GC(86) Pause Young (Allocation Failure) 2680M->416M(7918M) 538.426ms
[183.714s][info][gc,cpu         ] GC(86) User=0.53s Sys=0.02s Real=0.53s
[184.890s][info][gc,start       ] GC(87) Pause Young (Allocation Failure)
[185.793s][info][gc,heap        ] GC(87) DefNew: 2361024K(2516544K)->210843K(2516544K) Eden: 2236928K(2236928K)->0K(2236928K) From: 124096K(279616K)->210843K(279616K)
[185.793s][info][gc,heap        ] GC(87) Tenured: 301910K(5592448K)->301910K(5592448K)
[185.793s][info][gc,metaspace   ] GC(87) Metaspace: 22189K(22528K)->22189K(22528K) NonClass: 19388K(19584K)->19388K(19584K) Class: 2801K(2944K)->2801K(2944K)
[185.793s][info][gc             ] GC(87) Pause Young (Allocation Failure) 2600M->500M(7918M) 903.305ms
[185.793s][info][gc,cpu         ] GC(87) User=0.91s Sys=0.00s Real=0.89s
[187.381s][info][gc,start       ] GC(88) Pause Young (Allocation Failure)
[187.951s][info][gc,heap        ] GC(88) DefNew: 2447771K(2516544K)->132228K(2516544K) Eden: 2236928K(2236928K)->0K(2236928K) From: 210843K(279616K)->132228K(279616K)
[187.951s][info][gc,heap        ] GC(88) Tenured: 301910K(5592448K)->301910K(5592448K)
[187.951s][info][gc,metaspace   ] GC(88) Metaspace: 22208K(22528K)->22208K(22528K) NonClass: 19406K(19584K)->19406K(19584K) Class: 2801K(2944K)->2801K(2944K)
[187.951s][info][gc             ] GC(88) Pause Young (Allocation Failure) 2685M->423M(7918M) 570.049ms
[187.951s][info][gc,cpu         ] GC(88) User=0.58s Sys=0.00s Real=0.56s
[189.109s][info][gc,start       ] GC(89) Pause Young (Allocation Failure)
[190.037s][info][gc,heap        ] GC(89) DefNew: 2369156K(2516544K)->211194K(2516544K) Eden: 2236928K(2236928K)->0K(2236928K) From: 132228K(279616K)->211194K(279616K)
[190.037s][info][gc,heap        ] GC(89) Tenured: 301910K(5592448K)->301910K(5592448K)
[190.037s][info][gc,metaspace   ] GC(89) Metaspace: 22219K(22528K)->22219K(22528K) NonClass: 19417K(19584K)->19417K(19584K) Class: 2801K(2944K)->2801K(2944K)
[190.037s][info][gc             ] GC(89) Pause Young (Allocation Failure) 2608M->501M(7918M) 927.914ms
[190.037s][info][gc,cpu         ] GC(89) User=0.92s Sys=0.00s Real=0.92s
[191.716s][info][gc,start       ] GC(90) Pause Young (Allocation Failure)
[192.285s][info][gc,heap        ] GC(90) DefNew: 2448122K(2516544K)->130822K(2516544K) Eden: 2236928K(2236928K)->0K(2236928K) From: 211194K(279616K)->130822K(279616K)
[192.285s][info][gc,heap        ] GC(90) Tenured: 301910K(5592448K)->301910K(5592448K)
[192.285s][info][gc,metaspace   ] GC(90) Metaspace: 22254K(22528K)->22254K(22528K) NonClass: 19452K(19584K)->19452K(19584K) Class: 2801K(2944K)->2801K(2944K)
[192.285s][info][gc             ] GC(90) Pause Young (Allocation Failure) 2685M->422M(7918M) 569.828ms
[192.286s][info][gc,cpu         ] GC(90) User=0.53s Sys=0.02s Real=0.58s
[193.153s][info][gc,start       ] GC(91) Pause Full (System.gc())
[193.153s][info][gc,phases,start] GC(91) Phase 1: Mark live objects
[193.326s][info][gc,phases      ] GC(91) Phase 1: Mark live objects 172.365ms
[193.326s][info][gc,phases,start] GC(91) Phase 2: Compute new object addresses
[193.538s][info][gc,phases      ] GC(91) Phase 2: Compute new object addresses 212.040ms
[193.538s][info][gc,phases,start] GC(91) Phase 3: Adjust pointers
[193.687s][info][gc,phases      ] GC(91) Phase 3: Adjust pointers 149.140ms
[193.687s][info][gc,phases,start] GC(91) Phase 4: Move objects
[193.781s][info][gc,phases      ] GC(91) Phase 4: Move objects 93.982ms
[193.781s][info][gc,heap        ] GC(91) DefNew: 1295737K(2516544K)->0K(2516544K) Eden: 1164915K(2236928K)->0K(2236928K) From: 130822K(279616K)->0K(279616K)
[193.781s][info][gc,heap        ] GC(91) Tenured: 301910K(5592448K)->348517K(5592448K)
[193.781s][info][gc,metaspace   ] GC(91) Metaspace: 22256K(22528K)->22256K(22528K) NonClass: 19455K(19584K)->19455K(19584K) Class: 2801K(2944K)->2801K(2944K)
[193.781s][info][gc             ] GC(91) Pause Full (System.gc()) 1560M->340M(7918M) 627.990ms
[193.781s][info][gc,cpu         ] GC(91) User=0.62s Sys=0.00s Real=0.62s
[194.928s][info][gc,start       ] GC(92) Pause Young (Allocation Failure)
[195.748s][info][gc,heap        ] GC(92) DefNew: 2236928K(2516544K)->184593K(2516544K) Eden: 2236928K(2236928K)->0K(2236928K) From: 0K(279616K)->184593K(279616K)
[195.748s][info][gc,heap        ] GC(92) Tenured: 348517K(5592448K)->348517K(5592448K)
[195.748s][info][gc,metaspace   ] GC(92) Metaspace: 22260K(22528K)->22260K(22528K) NonClass: 19459K(19584K)->19459K(19584K) Class: 2801K(2944K)->2801K(2944K)
[195.748s][info][gc             ] GC(92) Pause Young (Allocation Failure) 2524M->520M(7918M) 819.380ms
[195.748s][info][gc,cpu         ] GC(92) User=0.81s Sys=0.02s Real=0.81s
[197.496s][info][gc,start       ] GC(93) Pause Young (Allocation Failure)
[197.965s][info][gc,heap        ] GC(93) DefNew: 2421521K(2516544K)->106280K(2516544K) Eden: 2236928K(2236928K)->0K(2236928K) From: 184593K(279616K)->106280K(279616K)
[197.965s][info][gc,heap        ] GC(93) Tenured: 348517K(5592448K)->348520K(5592448K)
[197.965s][info][gc,metaspace   ] GC(93) Metaspace: 22264K(22528K)->22264K(22528K) NonClass: 19462K(19584K)->19462K(19584K) Class: 2801K(2944K)->2801K(2944K)
[197.965s][info][gc             ] GC(93) Pause Young (Allocation Failure) 2705M->444M(7918M) 469.079ms
[197.965s][info][gc,cpu         ] GC(93) User=0.44s Sys=0.02s Real=0.47s
[199.228s][info][gc,start       ] GC(94) Pause Young (Allocation Failure)
[200.076s][info][gc,heap        ] GC(94) DefNew: 2343208K(2516544K)->193534K(2516544K) Eden: 2236928K(2236928K)->0K(2236928K) From: 106280K(279616K)->193534K(279616K)
[200.076s][info][gc,heap        ] GC(94) Tenured: 348520K(5592448K)->348520K(5592448K)
[200.076s][info][gc,metaspace   ] GC(94) Metaspace: 22264K(22528K)->22264K(22528K) NonClass: 19462K(19584K)->19462K(19584K) Class: 2801K(2944K)->2801K(2944K)
[200.076s][info][gc             ] GC(94) Pause Young (Allocation Failure) 2628M->529M(7918M) 848.386ms
[200.076s][info][gc,cpu         ] GC(94) User=0.83s Sys=0.02s Real=0.85s
[201.770s][info][gc,start       ] GC(95) Pause Young (Allocation Failure)
[202.284s][info][gc,heap        ] GC(95) DefNew: 2430462K(2516544K)->117950K(2516544K) Eden: 2236928K(2236928K)->0K(2236928K) From: 193534K(279616K)->117950K(279616K)
[202.284s][info][gc,heap        ] GC(95) Tenured: 348520K(5592448K)->348521K(5592448K)
[202.284s][info][gc,metaspace   ] GC(95) Metaspace: 22266K(22592K)->22266K(22592K) NonClass: 19464K(19648K)->19464K(19648K) Class: 2801K(2944K)->2801K(2944K)
[202.284s][info][gc             ] GC(95) Pause Young (Allocation Failure) 2713M->455M(7918M) 513.523ms
[202.284s][info][gc,cpu         ] GC(95) User=0.52s Sys=0.00s Real=0.51s
[203.610s][info][gc,start       ] GC(96) Pause Young (Allocation Failure)
[204.386s][info][gc,heap        ] GC(96) DefNew: 2354878K(2516544K)->178952K(2516544K) Eden: 2236928K(2236928K)->0K(2236928K) From: 117950K(279616K)->178952K(279616K)
[204.386s][info][gc,heap        ] GC(96) Tenured: 348521K(5592448K)->348521K(5592448K)
[204.386s][info][gc,metaspace   ] GC(96) Metaspace: 22266K(22592K)->22266K(22592K) NonClass: 19464K(19648K)->19464K(19648K) Class: 2801K(2944K)->2801K(2944K)
[204.386s][info][gc             ] GC(96) Pause Young (Allocation Failure) 2640M->515M(7918M) 775.702ms
[204.386s][info][gc,cpu         ] GC(96) User=0.77s Sys=0.00s Real=0.77s
[206.071s][info][gc,start       ] GC(97) Pause Young (Allocation Failure)
[206.672s][info][gc,heap        ] GC(97) DefNew: 2415880K(2516544K)->137806K(2516544K) Eden: 2236928K(2236928K)->0K(2236928K) From: 178952K(279616K)->137806K(279616K)
[206.672s][info][gc,heap        ] GC(97) Tenured: 348521K(5592448K)->348521K(5592448K)
[206.672s][info][gc,metaspace   ] GC(97) Metaspace: 22266K(22592K)->22266K(22592K) NonClass: 19464K(19648K)->19464K(19648K) Class: 2801K(2944K)->2801K(2944K)
[206.672s][info][gc             ] GC(97) Pause Young (Allocation Failure) 2699M->474M(7918M) 601.355ms
[206.672s][info][gc,cpu         ] GC(97) User=0.59s Sys=0.00s Real=0.60s
[207.562s][info][gc,start       ] GC(98) Pause Full (System.gc())
[207.562s][info][gc,phases,start] GC(98) Phase 1: Mark live objects
[207.759s][info][gc,phases      ] GC(98) Phase 1: Mark live objects 197.012ms
[207.759s][info][gc,phases,start] GC(98) Phase 2: Compute new object addresses
[207.967s][info][gc,phases      ] GC(98) Phase 2: Compute new object addresses 208.022ms
[207.967s][info][gc,phases,start] GC(98) Phase 3: Adjust pointers
[208.113s][info][gc,phases      ] GC(98) Phase 3: Adjust pointers 146.197ms
[208.113s][info][gc,phases,start] GC(98) Phase 4: Move objects
[208.206s][info][gc,phases      ] GC(98) Phase 4: Move objects 92.847ms
[208.206s][info][gc,heap        ] GC(98) DefNew: 1282479K(2516544K)->0K(2516544K) Eden: 1144673K(2236928K)->0K(2236928K) From: 137806K(279616K)->0K(279616K)
[208.206s][info][gc,heap        ] GC(98) Tenured: 348521K(5592448K)->103424K(5592448K)
[208.206s][info][gc,metaspace   ] GC(98) Metaspace: 22269K(22592K)->22269K(22592K) NonClass: 19467K(19648K)->19467K(19648K) Class: 2801K(2944K)->2801K(2944K)
[208.206s][info][gc             ] GC(98) Pause Full (System.gc()) 1592M->101M(7918M) 644.549ms
[208.206s][info][gc,cpu         ] GC(98) User=0.64s Sys=0.00s Real=0.64s
[209.324s][info][gc,start       ] GC(99) Pause Young (Allocation Failure)
[210.113s][info][gc,heap        ] GC(99) DefNew: 2236928K(2516544K)->176815K(2516544K) Eden: 2236928K(2236928K)->0K(2236928K) From: 0K(279616K)->176815K(279616K)
[210.113s][info][gc,heap        ] GC(99) Tenured: 103424K(5592448K)->103424K(5592448K)
[210.113s][info][gc,metaspace   ] GC(99) Metaspace: 22273K(22592K)->22273K(22592K) NonClass: 19472K(19648K)->19472K(19648K) Class: 2801K(2944K)->2801K(2944K)
[210.113s][info][gc             ] GC(99) Pause Young (Allocation Failure) 2285M->273M(7918M) 788.706ms
[210.113s][info][gc,cpu         ] GC(99) User=0.77s Sys=0.00s Real=0.79s
[211.737s][info][gc,start       ] GC(100) Pause Young (Allocation Failure)
[212.224s][info][gc,heap        ] GC(100) DefNew: 2413743K(2516544K)->105888K(2516544K) Eden: 2236928K(2236928K)->0K(2236928K) From: 176815K(279616K)->105888K(279616K)
[212.224s][info][gc,heap        ] GC(100) Tenured: 103424K(5592448K)->103427K(5592448K)
[212.224s][info][gc,metaspace   ] GC(100) Metaspace: 22273K(22592K)->22273K(22592K) NonClass: 19472K(19648K)->19472K(19648K) Class: 2801K(2944K)->2801K(2944K)
[212.224s][info][gc             ] GC(100) Pause Young (Allocation Failure) 2458M->204M(7918M) 487.160ms
[212.224s][info][gc,cpu         ] GC(100) User=0.48s Sys=0.00s Real=0.50s
[213.471s][info][gc,start       ] GC(101) Pause Young (Allocation Failure)
[214.200s][info][gc,heap        ] GC(101) DefNew: 2342816K(2516544K)->165431K(2516544K) Eden: 2236928K(2236928K)->0K(2236928K) From: 105888K(279616K)->165431K(279616K)
[214.200s][info][gc,heap        ] GC(101) Tenured: 103427K(5592448K)->103427K(5592448K)
[214.200s][info][gc,metaspace   ] GC(101) Metaspace: 22273K(22592K)->22273K(22592K) NonClass: 19472K(19648K)->19472K(19648K) Class: 2801K(2944K)->2801K(2944K)
[214.200s][info][gc             ] GC(101) Pause Young (Allocation Failure) 2388M->262M(7918M) 729.074ms
[214.200s][info][gc,cpu         ] GC(101) User=0.73s Sys=0.00s Real=0.72s
[216.025s][info][gc,start       ] GC(102) Pause Young (Allocation Failure)
[216.518s][info][gc,heap        ] GC(102) DefNew: 2402359K(2516544K)->114857K(2516544K) Eden: 2236928K(2236928K)->0K(2236928K) From: 165431K(279616K)->114857K(279616K)
[216.518s][info][gc,heap        ] GC(102) Tenured: 103427K(5592448K)->103427K(5592448K)
[216.518s][info][gc,metaspace   ] GC(102) Metaspace: 22273K(22592K)->22273K(22592K) NonClass: 19472K(19648K)->19472K(19648K) Class: 2801K(2944K)->2801K(2944K)
[216.518s][info][gc             ] GC(102) Pause Young (Allocation Failure) 2447M->213M(7918M) 492.928ms
[216.518s][info][gc,cpu         ] GC(102) User=0.48s Sys=0.00s Real=0.50s
[217.678s][info][gc,start       ] GC(103) Pause Young (Allocation Failure)
[218.573s][info][gc,heap        ] GC(103) DefNew: 2351785K(2516544K)->202238K(2516544K) Eden: 2236928K(2236928K)->0K(2236928K) From: 114857K(279616K)->202238K(279616K)
[218.573s][info][gc,heap        ] GC(103) Tenured: 103427K(5592448K)->103427K(5592448K)
[218.573s][info][gc,metaspace   ] GC(103) Metaspace: 22276K(22592K)->22276K(22592K) NonClass: 19475K(19648K)->19475K(19648K) Class: 2801K(2944K)->2801K(2944K)
[218.573s][info][gc             ] GC(103) Pause Young (Allocation Failure) 2397M->298M(7918M) 894.915ms
[218.573s][info][gc,cpu         ] GC(103) User=0.91s Sys=0.00s Real=0.90s
[220.319s][info][gc,start       ] GC(104) Pause Young (Allocation Failure)
[220.863s][info][gc,heap        ] GC(104) DefNew: 2439166K(2516544K)->124962K(2516544K) Eden: 2236928K(2236928K)->0K(2236928K) From: 202238K(279616K)->124962K(279616K)
[220.863s][info][gc,heap        ] GC(104) Tenured: 103427K(5592448K)->103427K(5592448K)
[220.863s][info][gc,metaspace   ] GC(104) Metaspace: 22276K(22592K)->22276K(22592K) NonClass: 19475K(19648K)->19475K(19648K) Class: 2801K(2944K)->2801K(2944K)
[220.863s][info][gc             ] GC(104) Pause Young (Allocation Failure) 2483M->223M(7918M) 543.791ms
[220.863s][info][gc,cpu         ] GC(104) User=0.55s Sys=0.00s Real=0.55s
[221.768s][info][gc,start       ] GC(105) Pause Full (System.gc())
[221.768s][info][gc,phases,start] GC(105) Phase 1: Mark live objects
[221.995s][info][gc,phases      ] GC(105) Phase 1: Mark live objects 226.671ms
[221.995s][info][gc,phases,start] GC(105) Phase 2: Compute new object addresses
[222.214s][info][gc,phases      ] GC(105) Phase 2: Compute new object addresses 219.388ms
[222.214s][info][gc,phases,start] GC(105) Phase 3: Adjust pointers
[222.364s][info][gc,phases      ] GC(105) Phase 3: Adjust pointers 149.543ms
[222.364s][info][gc,phases,start] GC(105) Phase 4: Move objects
[222.462s][info][gc,phases      ] GC(105) Phase 4: Move objects 97.838ms
[222.462s][info][gc,heap        ] GC(105) DefNew: 1366740K(2516544K)->0K(2516544K) Eden: 1241777K(2236928K)->0K(2236928K) From: 124962K(279616K)->0K(279616K)
[222.462s][info][gc,heap        ] GC(105) Tenured: 103427K(5592448K)->200417K(5592448K)
[222.462s][info][gc,metaspace   ] GC(105) Metaspace: 22277K(22592K)->22277K(22592K) NonClass: 19475K(19648K)->19475K(19648K) Class: 2801K(2944K)->2801K(2944K)
[222.462s][info][gc             ] GC(105) Pause Full (System.gc()) 1435M->195M(7918M) 693.838ms
[222.462s][info][gc,cpu         ] GC(105) User=0.70s Sys=0.00s Real=0.70s
[223.622s][info][gc,start       ] GC(106) Pause Young (Allocation Failure)
[224.437s][info][gc,heap        ] GC(106) DefNew: 2236928K(2516544K)->184979K(2516544K) Eden: 2236928K(2236928K)->0K(2236928K) From: 0K(279616K)->184979K(279616K)
[224.438s][info][gc,heap        ] GC(106) Tenured: 200417K(5592448K)->200417K(5592448K)
[224.438s][info][gc,metaspace   ] GC(106) Metaspace: 22278K(22592K)->22278K(22592K) NonClass: 19476K(19648K)->19476K(19648K) Class: 2801K(2944K)->2801K(2944K)
[224.438s][info][gc             ] GC(106) Pause Young (Allocation Failure) 2380M->376M(7918M) 815.929ms
[224.438s][info][gc,cpu         ] GC(106) User=0.81s Sys=0.00s Real=0.81s
[226.170s][info][gc,start       ] GC(107) Pause Young (Allocation Failure)
[226.610s][info][gc,heap        ] GC(107) DefNew: 2421907K(2516544K)->96659K(2516544K) Eden: 2236928K(2236928K)->0K(2236928K) From: 184979K(279616K)->96659K(279616K)
[226.610s][info][gc,heap        ] GC(107) Tenured: 200417K(5592448K)->200418K(5592448K)
[226.610s][info][gc,metaspace   ] GC(107) Metaspace: 22278K(22592K)->22278K(22592K) NonClass: 19476K(19648K)->19476K(19648K) Class: 2801K(2944K)->2801K(2944K)
[226.610s][info][gc             ] GC(107) Pause Young (Allocation Failure) 2560M->290M(7918M) 440.206ms
[226.610s][info][gc,cpu         ] GC(107) User=0.44s Sys=0.00s Real=0.44s
[227.747s][info][gc,start       ] GC(108) Pause Young (Allocation Failure)
[228.564s][info][gc,heap        ] GC(108) DefNew: 2333587K(2516544K)->182041K(2516544K) Eden: 2236928K(2236928K)->0K(2236928K) From: 96659K(279616K)->182041K(279616K)
[228.564s][info][gc,heap        ] GC(108) Tenured: 200418K(5592448K)->200418K(5592448K)
[228.564s][info][gc,metaspace   ] GC(108) Metaspace: 22278K(22592K)->22278K(22592K) NonClass: 19476K(19648K)->19476K(19648K) Class: 2801K(2944K)->2801K(2944K)
[228.564s][info][gc             ] GC(108) Pause Young (Allocation Failure) 2474M->373M(7918M) 817.270ms
[228.564s][info][gc,cpu         ] GC(108) User=0.81s Sys=0.00s Real=0.81s
[230.375s][info][gc,start       ] GC(109) Pause Young (Allocation Failure)
[230.851s][info][gc,heap        ] GC(109) DefNew: 2418969K(2516544K)->109599K(2516544K) Eden: 2236928K(2236928K)->0K(2236928K) From: 182041K(279616K)->109599K(279616K)
[230.851s][info][gc,heap        ] GC(109) Tenured: 200418K(5592448K)->200418K(5592448K)
[230.851s][info][gc,metaspace   ] GC(109) Metaspace: 22278K(22592K)->22278K(22592K) NonClass: 19476K(19648K)->19476K(19648K) Class: 2801K(2944K)->2801K(2944K)
[230.851s][info][gc             ] GC(109) Pause Young (Allocation Failure) 2557M->302M(7918M) 475.949ms
[230.851s][info][gc,cpu         ] GC(109) User=0.47s Sys=0.00s Real=0.48s
[232.032s][info][gc,start       ] GC(110) Pause Young (Allocation Failure)
[232.891s][info][gc,heap        ] GC(110) DefNew: 2346527K(2516544K)->195213K(2516544K) Eden: 2236928K(2236928K)->0K(2236928K) From: 109599K(279616K)->195213K(279616K)
[232.891s][info][gc,heap        ] GC(110) Tenured: 200418K(5592448K)->200418K(5592448K)
[232.891s][info][gc,metaspace   ] GC(110) Metaspace: 22278K(22592K)->22278K(22592K) NonClass: 19476K(19648K)->19476K(19648K) Class: 2801K(2944K)->2801K(2944K)
[232.891s][info][gc             ] GC(110) Pause Young (Allocation Failure) 2487M->386M(7918M) 859.065ms
[232.891s][info][gc,cpu         ] GC(110) User=0.86s Sys=0.00s Real=0.86s
[234.660s][info][gc,start       ] GC(111) Pause Young (Allocation Failure)
[235.202s][info][gc,heap        ] GC(111) DefNew: 2432141K(2516544K)->128263K(2516544K) Eden: 2236928K(2236928K)->0K(2236928K) From: 195213K(279616K)->128263K(279616K)
[235.202s][info][gc,heap        ] GC(111) Tenured: 200418K(5592448K)->200418K(5592448K)
[235.202s][info][gc,metaspace   ] GC(111) Metaspace: 22278K(22592K)->22278K(22592K) NonClass: 19476K(19648K)->19476K(19648K) Class: 2801K(2944K)->2801K(2944K)
[235.202s][info][gc             ] GC(111) Pause Young (Allocation Failure) 2570M->320M(7918M) 541.883ms
[235.202s][info][gc,cpu         ] GC(111) User=0.55s Sys=0.00s Real=0.53s
[236.117s][info][gc,start       ] GC(112) Pause Full (System.gc())
[236.117s][info][gc,phases,start] GC(112) Phase 1: Mark live objects
[236.300s][info][gc,phases      ] GC(112) Phase 1: Mark live objects 182.257ms
[236.300s][info][gc,phases,start] GC(112) Phase 2: Compute new object addresses
[236.515s][info][gc,phases      ] GC(112) Phase 2: Compute new object addresses 215.431ms
[236.515s][info][gc,phases,start] GC(112) Phase 3: Adjust pointers
[236.669s][info][gc,phases      ] GC(112) Phase 3: Adjust pointers 153.252ms
[236.669s][info][gc,phases,start] GC(112) Phase 4: Move objects
[236.765s][info][gc,phases      ] GC(112) Phase 4: Move objects 96.307ms
[236.765s][info][gc,heap        ] GC(112) DefNew: 1331961K(2516544K)->0K(2516544K) Eden: 1203697K(2236928K)->0K(2236928K) From: 128263K(279616K)->0K(279616K)
[236.765s][info][gc,heap        ] GC(112) Tenured: 200418K(5592448K)->297455K(5592448K)
[236.765s][info][gc,metaspace   ] GC(112) Metaspace: 22278K(22592K)->22278K(22592K) NonClass: 19476K(19648K)->19476K(19648K) Class: 2801K(2944K)->2801K(2944K)
[236.765s][info][gc             ] GC(112) Pause Full (System.gc()) 1496M->290M(7918M) 647.693ms
[236.765s][info][gc,cpu         ] GC(112) User=0.62s Sys=0.00s Real=0.65s
[237.916s][info][gc,start       ] GC(113) Pause Young (Allocation Failure)
[238.726s][info][gc,heap        ] GC(113) DefNew: 2236928K(2516544K)->185559K(2516544K) Eden: 2236928K(2236928K)->0K(2236928K) From: 0K(279616K)->185559K(279616K)
[238.726s][info][gc,heap        ] GC(113) Tenured: 297455K(5592448K)->297455K(5592448K)
[238.726s][info][gc,metaspace   ] GC(113) Metaspace: 22281K(22592K)->22281K(22592K) NonClass: 19480K(19648K)->19480K(19648K) Class: 2801K(2944K)->2801K(2944K)
[238.726s][info][gc             ] GC(113) Pause Young (Allocation Failure) 2474M->471M(7918M) 809.581ms
[238.726s][info][gc,cpu         ] GC(113) User=0.81s Sys=0.00s Real=0.80s
[240.463s][info][gc,start       ] GC(114) Pause Young (Allocation Failure)
[240.994s][info][gc,heap        ] GC(114) DefNew: 2422487K(2516544K)->124441K(2516544K) Eden: 2236928K(2236928K)->0K(2236928K) From: 185559K(279616K)->124441K(279616K)
[240.994s][info][gc,heap        ] GC(114) Tenured: 297455K(5592448K)->297457K(5592448K)
[240.994s][info][gc,metaspace   ] GC(114) Metaspace: 22282K(22592K)->22282K(22592K) NonClass: 19480K(19648K)->19480K(19648K) Class: 2801K(2944K)->2801K(2944K)
[240.994s][info][gc             ] GC(114) Pause Young (Allocation Failure) 2656M->412M(7918M) 531.096ms
[240.994s][info][gc,cpu         ] GC(114) User=0.53s Sys=0.00s Real=0.53s
[242.199s][info][gc,start       ] GC(115) Pause Young (Allocation Failure)
[243.030s][info][gc,heap        ] GC(115) DefNew: 2361369K(2516544K)->187225K(2516544K) Eden: 2236928K(2236928K)->0K(2236928K) From: 124441K(279616K)->187225K(279616K)
[243.030s][info][gc,heap        ] GC(115) Tenured: 297457K(5592448K)->297457K(5592448K)
[243.030s][info][gc,metaspace   ] GC(115) Metaspace: 22282K(22592K)->22282K(22592K) NonClass: 19480K(19648K)->19480K(19648K) Class: 2801K(2944K)->2801K(2944K)
[243.030s][info][gc             ] GC(115) Pause Young (Allocation Failure) 2596M->473M(7918M) 830.168ms
[243.030s][info][gc,cpu         ] GC(115) User=0.81s Sys=0.00s Real=0.83s
[244.794s][info][gc,start       ] GC(116) Pause Young (Allocation Failure)
[245.356s][info][gc,heap        ] GC(116) DefNew: 2424153K(2516544K)->129965K(2516544K) Eden: 2236928K(2236928K)->0K(2236928K) From: 187225K(279616K)->129965K(279616K)
[245.356s][info][gc,heap        ] GC(116) Tenured: 297457K(5592448K)->297457K(5592448K)
[245.356s][info][gc,metaspace   ] GC(116) Metaspace: 22282K(22592K)->22282K(22592K) NonClass: 19480K(19648K)->19480K(19648K) Class: 2801K(2944K)->2801K(2944K)
[245.356s][info][gc             ] GC(116) Pause Young (Allocation Failure) 2657M->417M(7918M) 562.765ms
[245.356s][info][gc,cpu         ] GC(116) User=0.56s Sys=0.00s Real=0.56s
[246.676s][info][gc,start       ] GC(117) Pause Young (Allocation Failure)
[247.534s][info][gc,heap        ] GC(117) DefNew: 2366893K(2516544K)->207538K(2516544K) Eden: 2236928K(2236928K)->0K(2236928K) From: 129965K(279616K)->207538K(279616K)
[247.534s][info][gc,heap        ] GC(117) Tenured: 297457K(5592448K)->297457K(5592448K)
[247.534s][info][gc,metaspace   ] GC(117) Metaspace: 22282K(22592K)->22282K(22592K) NonClass: 19480K(19648K)->19480K(19648K) Class: 2801K(2944K)->2801K(2944K)
[247.534s][info][gc             ] GC(117) Pause Young (Allocation Failure) 2601M->493M(7918M) 857.674ms
[247.534s][info][gc,cpu         ] GC(117) User=0.83s Sys=0.03s Real=0.85s
[249.140s][info][gc,start       ] GC(118) Pause Young (Allocation Failure)
[249.820s][info][gc,heap        ] GC(118) DefNew: 2444466K(2516544K)->155787K(2516544K) Eden: 2236928K(2236928K)->0K(2236928K) From: 207538K(279616K)->155787K(279616K)
[249.820s][info][gc,heap        ] GC(118) Tenured: 297457K(5592448K)->297458K(5592448K)
[249.820s][info][gc,metaspace   ] GC(118) Metaspace: 22282K(22592K)->22282K(22592K) NonClass: 19480K(19648K)->19480K(19648K) Class: 2801K(2944K)->2801K(2944K)
[249.820s][info][gc             ] GC(118) Pause Young (Allocation Failure) 2677M->442M(7918M) 679.727ms
[249.820s][info][gc,cpu         ] GC(118) User=0.69s Sys=0.00s Real=0.68s
[250.658s][info][gc,start       ] GC(119) Pause Full (System.gc())
[250.658s][info][gc,phases,start] GC(119) Phase 1: Mark live objects
[250.848s][info][gc,phases      ] GC(119) Phase 1: Mark live objects 189.860ms
[250.848s][info][gc,phases,start] GC(119) Phase 2: Compute new object addresses
[251.040s][info][gc,phases      ] GC(119) Phase 2: Compute new object addresses 192.604ms
[251.041s][info][gc,phases,start] GC(119) Phase 3: Adjust pointers
[251.183s][info][gc,phases      ] GC(119) Phase 3: Adjust pointers 142.832ms
[251.183s][info][gc,phases,start] GC(119) Phase 4: Move objects
[251.269s][info][gc,phases      ] GC(119) Phase 4: Move objects 85.499ms
[251.269s][info][gc,heap        ] GC(119) DefNew: 1169339K(2516544K)->0K(2516544K) Eden: 1013552K(2236928K)->0K(2236928K) From: 155787K(279616K)->0K(279616K)
[251.269s][info][gc,heap        ] GC(119) Tenured: 297458K(5592448K)->376639K(5592448K)
[251.269s][info][gc,metaspace   ] GC(119) Metaspace: 22282K(22592K)->22282K(22592K) NonClass: 19481K(19648K)->19481K(19648K) Class: 2801K(2944K)->2801K(2944K)
[251.269s][info][gc             ] GC(119) Pause Full (System.gc()) 1432M->367M(7918M) 611.278ms
[251.269s][info][gc,cpu         ] GC(119) User=0.61s Sys=0.00s Real=0.60s
[252.414s][info][gc,start       ] GC(120) Pause Young (Allocation Failure)
[253.231s][info][gc,heap        ] GC(120) DefNew: 2236928K(2516544K)->184456K(2516544K) Eden: 2236928K(2236928K)->0K(2236928K) From: 0K(279616K)->184456K(279616K)
[253.231s][info][gc,heap        ] GC(120) Tenured: 376639K(5592448K)->376639K(5592448K)
[253.231s][info][gc,metaspace   ] GC(120) Metaspace: 22318K(22656K)->22318K(22656K) NonClass: 19516K(19712K)->19516K(19712K) Class: 2801K(2944K)->2801K(2944K)
[253.231s][info][gc             ] GC(120) Pause Young (Allocation Failure) 2552M->547M(7918M) 817.650ms
[253.231s][info][gc,cpu         ] GC(120) User=0.81s Sys=0.00s Real=0.81s
[255.048s][info][gc,start       ] GC(121) Pause Young (Allocation Failure)
[255.557s][info][gc,heap        ] GC(121) DefNew: 2421384K(2516544K)->120166K(2516544K) Eden: 2236928K(2236928K)->0K(2236928K) From: 184456K(279616K)->120166K(279616K)
[255.557s][info][gc,heap        ] GC(121) Tenured: 376639K(5592448K)->376641K(5592448K)
[255.557s][info][gc,metaspace   ] GC(121) Metaspace: 22322K(22656K)->22322K(22656K) NonClass: 19521K(19712K)->19521K(19712K) Class: 2801K(2944K)->2801K(2944K)
[255.557s][info][gc             ] GC(121) Pause Young (Allocation Failure) 2732M->485M(7918M) 509.523ms
[255.557s][info][gc,cpu         ] GC(121) User=0.52s Sys=0.00s Real=0.51s
[256.710s][info][gc,start       ] GC(122) Pause Young (Allocation Failure)
[257.633s][info][gc,heap        ] GC(122) DefNew: 2357094K(2516544K)->208709K(2516544K) Eden: 2236928K(2236928K)->0K(2236928K) From: 120166K(279616K)->208709K(279616K)
[257.633s][info][gc,heap        ] GC(122) Tenured: 376641K(5592448K)->376641K(5592448K)
[257.633s][info][gc,metaspace   ] GC(122) Metaspace: 22322K(22656K)->22322K(22656K) NonClass: 19521K(19712K)->19521K(19712K) Class: 2801K(2944K)->2801K(2944K)
[257.633s][info][gc             ] GC(122) Pause Young (Allocation Failure) 2669M->571M(7918M) 923.322ms
[257.633s][info][gc,cpu         ] GC(122) User=0.92s Sys=0.00s Real=0.91s
[259.451s][info][gc,start       ] GC(123) Pause Young (Allocation Failure)
[260.081s][info][gc,heap        ] GC(123) DefNew: 2445637K(2516544K)->147934K(2516544K) Eden: 2236928K(2236928K)->0K(2236928K) From: 208709K(279616K)->147934K(279616K)
[260.081s][info][gc,heap        ] GC(123) Tenured: 376641K(5592448K)->376642K(5592448K)
[260.081s][info][gc,metaspace   ] GC(123) Metaspace: 22322K(22656K)->22322K(22656K) NonClass: 19521K(19712K)->19521K(19712K) Class: 2801K(2944K)->2801K(2944K)
[260.081s][info][gc             ] GC(123) Pause Young (Allocation Failure) 2756M->512M(7918M) 630.005ms
[260.081s][info][gc,cpu         ] GC(123) User=0.62s Sys=0.00s Real=0.62s
[261.546s][info][gc,start       ] GC(124) Pause Young (Allocation Failure)
[262.292s][info][gc,heap        ] GC(124) DefNew: 2384862K(2516544K)->166246K(2516544K) Eden: 2236928K(2236928K)->0K(2236928K) From: 147934K(279616K)->166246K(279616K)
[262.292s][info][gc,heap        ] GC(124) Tenured: 376642K(5592448K)->379905K(5592448K)
[262.292s][info][gc,metaspace   ] GC(124) Metaspace: 22322K(22656K)->22322K(22656K) NonClass: 19521K(19712K)->19521K(19712K) Class: 2801K(2944K)->2801K(2944K)
[262.292s][info][gc             ] GC(124) Pause Young (Allocation Failure) 2696M->533M(7918M) 745.343ms
[262.292s][info][gc,cpu         ] GC(124) User=0.75s Sys=0.00s Real=0.75s
[263.876s][info][gc,start       ] GC(125) Pause Young (Allocation Failure)
[264.643s][info][gc,heap        ] GC(125) DefNew: 2403174K(2516544K)->178126K(2516544K) Eden: 2236928K(2236928K)->0K(2236928K) From: 166246K(279616K)->178126K(279616K)
[264.643s][info][gc,heap        ] GC(125) Tenured: 379905K(5592448K)->380922K(5592448K)
[264.643s][info][gc,metaspace   ] GC(125) Metaspace: 22324K(22656K)->22324K(22656K) NonClass: 19522K(19712K)->19522K(19712K) Class: 2801K(2944K)->2801K(2944K)
[264.643s][info][gc             ] GC(125) Pause Young (Allocation Failure) 2717M->545M(7918M) 766.986ms
[264.643s][info][gc,cpu         ] GC(125) User=0.75s Sys=0.00s Real=0.77s
[265.386s][info][gc,start       ] GC(126) Pause Full (System.gc())
[265.387s][info][gc,phases,start] GC(126) Phase 1: Mark live objects
[265.574s][info][gc,phases      ] GC(126) Phase 1: Mark live objects 187.469ms
[265.574s][info][gc,phases,start] GC(126) Phase 2: Compute new object addresses
[265.739s][info][gc,phases      ] GC(126) Phase 2: Compute new object addresses 165.422ms
[265.740s][info][gc,phases,start] GC(126) Phase 3: Adjust pointers
[265.877s][info][gc,phases      ] GC(126) Phase 3: Adjust pointers 137.520ms
[265.877s][info][gc,phases,start] GC(126) Phase 4: Move objects
[265.948s][info][gc,phases      ] GC(126) Phase 4: Move objects 71.006ms
[265.948s][info][gc,heap        ] GC(126) DefNew: 969688K(2516544K)->0K(2516544K) Eden: 791561K(2236928K)->0K(2236928K) From: 178126K(279616K)->0K(279616K)
[265.948s][info][gc,heap        ] GC(126) Tenured: 380922K(5592448K)->103482K(5592448K)
[265.948s][info][gc,metaspace   ] GC(126) Metaspace: 22327K(22656K)->22327K(22656K) NonClass: 19525K(19712K)->19525K(19712K) Class: 2801K(2944K)->2801K(2944K)
[265.948s][info][gc             ] GC(126) Pause Full (System.gc()) 1318M->101M(7918M) 561.886ms
[265.948s][info][gc,cpu         ] GC(126) User=0.56s Sys=0.00s Real=0.56s
[267.220s][info][gc,start       ] GC(127) Pause Young (Allocation Failure)
[268.107s][info][gc,heap        ] GC(127) DefNew: 2236928K(2516544K)->200891K(2516544K) Eden: 2236928K(2236928K)->0K(2236928K) From: 0K(279616K)->200891K(279616K)
[268.107s][info][gc,heap        ] GC(127) Tenured: 103482K(5592448K)->103482K(5592448K)
[268.107s][info][gc,metaspace   ] GC(127) Metaspace: 22329K(22656K)->22329K(22656K) NonClass: 19527K(19712K)->19527K(19712K) Class: 2801K(2944K)->2801K(2944K)
[268.107s][info][gc             ] GC(127) Pause Young (Allocation Failure) 2285M->297M(7918M) 886.811ms
[268.107s][info][gc,cpu         ] GC(127) User=0.89s Sys=0.00s Real=0.88s
[269.951s][info][gc,start       ] GC(128) Pause Young (Allocation Failure)
[270.519s][info][gc,heap        ] GC(128) DefNew: 2437819K(2516544K)->134030K(2516544K) Eden: 2236928K(2236928K)->0K(2236928K) From: 200891K(279616K)->134030K(279616K)
[270.519s][info][gc,heap        ] GC(128) Tenured: 103482K(5592448K)->103483K(5592448K)
[270.519s][info][gc,metaspace   ] GC(128) Metaspace: 22329K(22656K)->22329K(22656K) NonClass: 19527K(19712K)->19527K(19712K) Class: 2801K(2944K)->2801K(2944K)
[270.519s][info][gc             ] GC(128) Pause Young (Allocation Failure) 2481M->231M(7918M) 567.507ms
[270.519s][info][gc,cpu         ] GC(128) User=0.56s Sys=0.00s Real=0.56s
[271.805s][info][gc,start       ] GC(129) Pause Young (Allocation Failure)
[272.605s][info][gc,heap        ] GC(129) DefNew: 2370958K(2516544K)->181433K(2516544K) Eden: 2236928K(2236928K)->0K(2236928K) From: 134030K(279616K)->181433K(279616K)
[272.605s][info][gc,heap        ] GC(129) Tenured: 103483K(5592448K)->103483K(5592448K)
[272.605s][info][gc,metaspace   ] GC(129) Metaspace: 22329K(22656K)->22329K(22656K) NonClass: 19527K(19712K)->19527K(19712K) Class: 2801K(2944K)->2801K(2944K)
[272.605s][info][gc             ] GC(129) Pause Young (Allocation Failure) 2416M->278M(7918M) 800.373ms
[272.605s][info][gc,cpu         ] GC(129) User=0.81s Sys=0.00s Real=0.80s
[274.303s][info][gc,start       ] GC(130) Pause Young (Allocation Failure)
[274.927s][info][gc,heap        ] GC(130) DefNew: 2418361K(2516544K)->144256K(2516544K) Eden: 2236928K(2236928K)->0K(2236928K) From: 181433K(279616K)->144256K(279616K)
[274.927s][info][gc,heap        ] GC(130) Tenured: 103483K(5592448K)->103483K(5592448K)
[274.927s][info][gc,metaspace   ] GC(130) Metaspace: 22329K(22656K)->22329K(22656K) NonClass: 19527K(19712K)->19527K(19712K) Class: 2801K(2944K)->2801K(2944K)
[274.927s][info][gc             ] GC(130) Pause Young (Allocation Failure) 2462M->241M(7918M) 624.871ms
[274.927s][info][gc,cpu         ] GC(130) User=0.62s Sys=0.00s Real=0.62s
[276.147s][info][gc,start       ] GC(131) Pause Young (Allocation Failure)
[277.124s][info][gc,heap        ] GC(131) DefNew: 2381184K(2516544K)->202769K(2516544K) Eden: 2236928K(2236928K)->0K(2236928K) From: 144256K(279616K)->202769K(279616K)
[277.124s][info][gc,heap        ] GC(131) Tenured: 103483K(5592448K)->118985K(5592448K)
[277.124s][info][gc,metaspace   ] GC(131) Metaspace: 22333K(22656K)->22333K(22656K) NonClass: 19531K(19712K)->19531K(19712K) Class: 2801K(2944K)->2801K(2944K)
[277.124s][info][gc             ] GC(131) Pause Young (Allocation Failure) 2426M->314M(7918M) 977.423ms
[277.124s][info][gc,cpu         ] GC(131) User=0.98s Sys=0.00s Real=0.98s
[278.728s][info][gc,start       ] GC(132) Pause Young (Allocation Failure)
[279.396s][info][gc,heap        ] GC(132) DefNew: 2439697K(2516544K)->151170K(2516544K) Eden: 2236928K(2236928K)->0K(2236928K) From: 202769K(279616K)->151170K(279616K)
[279.396s][info][gc,heap        ] GC(132) Tenured: 118985K(5592448K)->123826K(5592448K)
[279.396s][info][gc,metaspace   ] GC(132) Metaspace: 22333K(22656K)->22333K(22656K) NonClass: 19531K(19712K)->19531K(19712K) Class: 2801K(2944K)->2801K(2944K)
[279.396s][info][gc             ] GC(132) Pause Young (Allocation Failure) 2498M->268M(7918M) 668.628ms
[279.396s][info][gc,cpu         ] GC(132) User=0.66s Sys=0.00s Real=0.66s
[280.243s][info][gc,start       ] GC(133) Pause Full (System.gc())
[280.243s][info][gc,phases,start] GC(133) Phase 1: Mark live objects
[280.418s][info][gc,phases      ] GC(133) Phase 1: Mark live objects 175.824ms
[280.419s][info][gc,phases,start] GC(133) Phase 2: Compute new object addresses
[280.617s][info][gc,phases      ] GC(133) Phase 2: Compute new object addresses 198.552ms
[280.617s][info][gc,phases,start] GC(133) Phase 3: Adjust pointers
[280.760s][info][gc,phases      ] GC(133) Phase 3: Adjust pointers 142.885ms
[280.760s][info][gc,phases,start] GC(133) Phase 4: Move objects
[280.846s][info][gc,phases      ] GC(133) Phase 4: Move objects 86.218ms
[280.846s][info][gc,heap        ] GC(133) DefNew: 1190473K(2516544K)->0K(2516544K) Eden: 1039303K(2236928K)->0K(2236928K) From: 151170K(279616K)->0K(279616K)
[280.846s][info][gc,heap        ] GC(133) Tenured: 123826K(5592448K)->220741K(5592448K)
[280.846s][info][gc,metaspace   ] GC(133) Metaspace: 22336K(22656K)->22336K(22656K) NonClass: 19535K(19712K)->19535K(19712K) Class: 2801K(2944K)->2801K(2944K)
[280.846s][info][gc             ] GC(133) Pause Full (System.gc()) 1283M->215M(7918M) 603.879ms
[280.846s][info][gc,cpu         ] GC(133) User=0.58s Sys=0.00s Real=0.61s
[282.014s][info][gc,start       ] GC(134) Pause Young (Allocation Failure)
[282.813s][info][gc,heap        ] GC(134) DefNew: 2236928K(2516544K)->180736K(2516544K) Eden: 2236928K(2236928K)->0K(2236928K) From: 0K(279616K)->180736K(279616K)
[282.813s][info][gc,heap        ] GC(134) Tenured: 220741K(5592448K)->220741K(5592448K)
[282.813s][info][gc,metaspace   ] GC(134) Metaspace: 22356K(22656K)->22356K(22656K) NonClass: 19554K(19712K)->19554K(19712K) Class: 2801K(2944K)->2801K(2944K)
[282.813s][info][gc             ] GC(134) Pause Young (Allocation Failure) 2400M->392M(7918M) 798.962ms
[282.813s][info][gc,cpu         ] GC(134) User=0.80s Sys=0.00s Real=0.80s
[284.572s][info][gc,start       ] GC(135) Pause Young (Allocation Failure)
[285.050s][info][gc,heap        ] GC(135) DefNew: 2417664K(2516544K)->111355K(2516544K) Eden: 2236928K(2236928K)->0K(2236928K) From: 180736K(279616K)->111355K(279616K)
[285.050s][info][gc,heap        ] GC(135) Tenured: 220741K(5592448K)->220744K(5592448K)
[285.050s][info][gc,metaspace   ] GC(135) Metaspace: 22373K(22720K)->22373K(22720K) NonClass: 19571K(19776K)->19571K(19776K) Class: 2801K(2944K)->2801K(2944K)
[285.050s][info][gc             ] GC(135) Pause Young (Allocation Failure) 2576M->324M(7918M) 477.551ms
[285.050s][info][gc,cpu         ] GC(135) User=0.47s Sys=0.00s Real=0.46s
[286.234s][info][gc,start       ] GC(136) Pause Young (Allocation Failure)
[287.084s][info][gc,heap        ] GC(136) DefNew: 2348283K(2516544K)->194563K(2516544K) Eden: 2236928K(2236928K)->0K(2236928K) From: 111355K(279616K)->194563K(279616K)
[287.084s][info][gc,heap        ] GC(136) Tenured: 220744K(5592448K)->220744K(5592448K)
[287.084s][info][gc,metaspace   ] GC(136) Metaspace: 22373K(22720K)->22373K(22720K) NonClass: 19571K(19776K)->19571K(19776K) Class: 2801K(2944K)->2801K(2944K)
[287.084s][info][gc             ] GC(136) Pause Young (Allocation Failure) 2508M->405M(7918M) 849.951ms
[287.084s][info][gc,cpu         ] GC(136) User=0.84s Sys=0.00s Real=0.85s
[288.755s][info][gc,start       ] GC(137) Pause Young (Allocation Failure)
[289.242s][info][gc,heap        ] GC(137) DefNew: 2431491K(2516544K)->109337K(2516544K) Eden: 2236928K(2236928K)->0K(2236928K) From: 194563K(279616K)->109337K(279616K)
[289.242s][info][gc,heap        ] GC(137) Tenured: 220744K(5592448K)->220744K(5592448K)
[289.242s][info][gc,metaspace   ] GC(137) Metaspace: 22375K(22720K)->22375K(22720K) NonClass: 19574K(19776K)->19574K(19776K) Class: 2801K(2944K)->2801K(2944K)
[289.242s][info][gc             ] GC(137) Pause Young (Allocation Failure) 2590M->322M(7918M) 486.577ms
[289.242s][info][gc,cpu         ] GC(137) User=0.48s Sys=0.00s Real=0.48s
[290.457s][info][gc,start       ] GC(138) Pause Young (Allocation Failure)
[291.328s][info][gc,heap        ] GC(138) DefNew: 2346265K(2516544K)->196859K(2516544K) Eden: 2236928K(2236928K)->0K(2236928K) From: 109337K(279616K)->196859K(279616K)
[291.328s][info][gc,heap        ] GC(138) Tenured: 220744K(5592448K)->220744K(5592448K)
[291.328s][info][gc,metaspace   ] GC(138) Metaspace: 22375K(22720K)->22375K(22720K) NonClass: 19574K(19776K)->19574K(19776K) Class: 2801K(2944K)->2801K(2944K)
[291.328s][info][gc             ] GC(138) Pause Young (Allocation Failure) 2506M->407M(7918M) 870.275ms
[291.328s][info][gc,cpu         ] GC(138) User=0.84s Sys=0.02s Real=0.87s
[293.182s][info][gc,start       ] GC(139) Pause Young (Allocation Failure)
[293.775s][info][gc,heap        ] GC(139) DefNew: 2433787K(2516544K)->139302K(2516544K) Eden: 2236928K(2236928K)->0K(2236928K) From: 196859K(279616K)->139302K(279616K)
[293.775s][info][gc,heap        ] GC(139) Tenured: 220744K(5592448K)->220744K(5592448K)
[293.775s][info][gc,metaspace   ] GC(139) Metaspace: 22375K(22720K)->22375K(22720K) NonClass: 19574K(19776K)->19574K(19776K) Class: 2801K(2944K)->2801K(2944K)
[293.775s][info][gc             ] GC(139) Pause Young (Allocation Failure) 2592M->351M(7918M) 593.681ms
[293.775s][info][gc,cpu         ] GC(139) User=0.58s Sys=0.00s Real=0.60s
[294.664s][info][gc,start       ] GC(140) Pause Full (System.gc())
[294.664s][info][gc,phases,start] GC(140) Phase 1: Mark live objects
[294.848s][info][gc,phases      ] GC(140) Phase 1: Mark live objects 183.781ms
[294.848s][info][gc,phases,start] GC(140) Phase 2: Compute new object addresses
[295.053s][info][gc,phases      ] GC(140) Phase 2: Compute new object addresses 205.096ms
[295.053s][info][gc,phases,start] GC(140) Phase 3: Adjust pointers
[295.198s][info][gc,phases      ] GC(140) Phase 3: Adjust pointers 145.149ms
[295.198s][info][gc,phases,start] GC(140) Phase 4: Move objects
[295.289s][info][gc,phases      ] GC(140) Phase 4: Move objects 90.780ms
[295.289s][info][gc,heap        ] GC(140) DefNew: 1265854K(2516544K)->0K(2516544K) Eden: 1126551K(2236928K)->0K(2236928K) From: 139302K(279616K)->0K(279616K)
[295.289s][info][gc,heap        ] GC(140) Tenured: 220744K(5592448K)->317803K(5592448K)
[295.289s][info][gc,metaspace   ] GC(140) Metaspace: 22376K(22720K)->22376K(22720K) NonClass: 19575K(19776K)->19575K(19776K) Class: 2801K(2944K)->2801K(2944K)
[295.289s][info][gc             ] GC(140) Pause Full (System.gc()) 1451M->310M(7918M) 625.222ms
[295.289s][info][gc,cpu         ] GC(140) User=0.61s Sys=0.00s Real=0.62s
[296.708s][info][gc,start       ] GC(141) Pause Young (Allocation Failure)
[297.622s][info][gc,heap        ] GC(141) DefNew: 2236928K(2516544K)->206842K(2516544K) Eden: 2236928K(2236928K)->0K(2236928K) From: 0K(279616K)->206842K(279616K)
[297.622s][info][gc,heap        ] GC(141) Tenured: 317803K(5592448K)->317803K(5592448K)
[297.622s][info][gc,metaspace   ] GC(141) Metaspace: 22376K(22720K)->22376K(22720K) NonClass: 19575K(19776K)->19575K(19776K) Class: 2801K(2944K)->2801K(2944K)
[297.622s][info][gc             ] GC(141) Pause Young (Allocation Failure) 2494M->512M(7918M) 914.464ms
[297.622s][info][gc,cpu         ] GC(141) User=0.89s Sys=0.00s Real=0.92s
[299.487s][info][gc,start       ] GC(142) Pause Young (Allocation Failure)
[300.133s][info][gc,heap        ] GC(142) DefNew: 2443770K(2516544K)->152118K(2516544K) Eden: 2236928K(2236928K)->0K(2236928K) From: 206842K(279616K)->152118K(279616K)
[300.133s][info][gc,heap        ] GC(142) Tenured: 317803K(5592448K)->317805K(5592448K)
[300.133s][info][gc,metaspace   ] GC(142) Metaspace: 22376K(22720K)->22376K(22720K) NonClass: 19575K(19776K)->19575K(19776K) Class: 2801K(2944K)->2801K(2944K)
[300.133s][info][gc             ] GC(142) Pause Young (Allocation Failure) 2696M->458M(7918M) 645.824ms
[300.133s][info][gc,cpu         ] GC(142) User=0.66s Sys=0.00s Real=0.65s
[301.720s][info][gc,start       ] GC(143) Pause Young (Allocation Failure)
[302.330s][info][gc,heap        ] GC(143) DefNew: 2389046K(2516544K)->137477K(2516544K) Eden: 2236928K(2236928K)->0K(2236928K) From: 152118K(279616K)->137477K(279616K)
[302.330s][info][gc,heap        ] GC(143) Tenured: 317805K(5592448K)->319323K(5592448K)
[302.330s][info][gc,metaspace   ] GC(143) Metaspace: 22376K(22720K)->22376K(22720K) NonClass: 19575K(19776K)->19575K(19776K) Class: 2801K(2944K)->2801K(2944K)
[302.330s][info][gc             ] GC(143) Pause Young (Allocation Failure) 2643M->446M(7918M) 610.428ms
[302.330s][info][gc,cpu         ] GC(143) User=0.61s Sys=0.00s Real=0.60s
[303.772s][info][gc,start       ] GC(144) Pause Young (Allocation Failure)
[304.532s][info][gc,heap        ] GC(144) DefNew: 2374405K(2516544K)->174504K(2516544K) Eden: 2236928K(2236928K)->0K(2236928K) From: 137477K(279616K)->174504K(279616K)
[304.532s][info][gc,heap        ] GC(144) Tenured: 319323K(5592448K)->319323K(5592448K)
[304.532s][info][gc,metaspace   ] GC(144) Metaspace: 22379K(22720K)->22379K(22720K) NonClass: 19577K(19776K)->19577K(19776K) Class: 2801K(2944K)->2801K(2944K)
[304.532s][info][gc             ] GC(144) Pause Young (Allocation Failure) 2630M->482M(7918M) 759.945ms
[304.532s][info][gc,cpu         ] GC(144) User=0.75s Sys=0.00s Real=0.76s
[306.324s][info][gc,start       ] GC(145) Pause Young (Allocation Failure)
[306.696s][info][gc,heap        ] GC(145) DefNew: 2411432K(2516544K)->83354K(2516544K) Eden: 2236928K(2236928K)->0K(2236928K) From: 174504K(279616K)->83354K(279616K)
[306.696s][info][gc,heap        ] GC(145) Tenured: 319323K(5592448K)->319934K(5592448K)
[306.696s][info][gc,metaspace   ] GC(145) Metaspace: 22379K(22720K)->22379K(22720K) NonClass: 19577K(19776K)->19577K(19776K) Class: 2801K(2944K)->2801K(2944K)
[306.696s][info][gc             ] GC(145) Pause Young (Allocation Failure) 2666M->393M(7918M) 372.692ms
[306.697s][info][gc,cpu         ] GC(145) User=0.34s Sys=0.02s Real=0.37s
[307.859s][info][gc,start       ] GC(146) Pause Young (Allocation Failure)
[308.692s][info][gc,heap        ] GC(146) DefNew: 2320282K(2516544K)->190098K(2516544K) Eden: 2236928K(2236928K)->0K(2236928K) From: 83354K(279616K)->190098K(279616K)
[308.692s][info][gc,heap        ] GC(146) Tenured: 319934K(5592448K)->319934K(5592448K)
[308.692s][info][gc,metaspace   ] GC(146) Metaspace: 22379K(22720K)->22379K(22720K) NonClass: 19577K(19776K)->19577K(19776K) Class: 2801K(2944K)->2801K(2944K)
[308.692s][info][gc             ] GC(146) Pause Young (Allocation Failure) 2578M->498M(7918M) 833.414ms
[308.692s][info][gc,cpu         ] GC(146) User=0.83s Sys=0.00s Real=0.83s
[309.369s][info][gc,start       ] GC(147) Pause Full (System.gc())
[309.369s][info][gc,phases,start] GC(147) Phase 1: Mark live objects
[309.561s][info][gc,phases      ] GC(147) Phase 1: Mark live objects 191.116ms
[309.561s][info][gc,phases,start] GC(147) Phase 2: Compute new object addresses
[309.713s][info][gc,phases      ] GC(147) Phase 2: Compute new object addresses 152.642ms
[309.713s][info][gc,phases,start] GC(147) Phase 3: Adjust pointers
[309.846s][info][gc,phases      ] GC(147) Phase 3: Adjust pointers 132.318ms
[309.846s][info][gc,phases,start] GC(147) Phase 4: Move objects
[309.910s][info][gc,phases      ] GC(147) Phase 4: Move objects 64.474ms
[309.910s][info][gc,heap        ] GC(147) DefNew: 887123K(2516544K)->0K(2516544K) Eden: 697024K(2236928K)->0K(2236928K) From: 190098K(279616K)->0K(279616K)
[309.910s][info][gc,heap        ] GC(147) Tenured: 319934K(5592448K)->317763K(5592448K)
[309.910s][info][gc,metaspace   ] GC(147) Metaspace: 22379K(22720K)->22379K(22720K) NonClass: 19577K(19776K)->19577K(19776K) Class: 2801K(2944K)->2801K(2944K)
[309.910s][info][gc             ] GC(147) Pause Full (System.gc()) 1178M->310M(7918M) 540.980ms
[309.910s][info][gc,cpu         ] GC(147) User=0.52s Sys=0.00s Real=0.55s
[311.164s][info][gc,start       ] GC(148) Pause Young (Allocation Failure)
[312.037s][info][gc,heap        ] GC(148) DefNew: 2236928K(2516544K)->195690K(2516544K) Eden: 2236928K(2236928K)->0K(2236928K) From: 0K(279616K)->195690K(279616K)
[312.037s][info][gc,heap        ] GC(148) Tenured: 317763K(5592448K)->317763K(5592448K)
[312.037s][info][gc,metaspace   ] GC(148) Metaspace: 22383K(22720K)->22383K(22720K) NonClass: 19582K(19776K)->19582K(19776K) Class: 2801K(2944K)->2801K(2944K)
[312.037s][info][gc             ] GC(148) Pause Young (Allocation Failure) 2494M->501M(7918M) 873.304ms
[312.037s][info][gc,cpu         ] GC(148) User=0.86s Sys=0.00s Real=0.87s
[313.767s][info][gc,start       ] GC(149) Pause Young (Allocation Failure)
[314.239s][info][gc,heap        ] GC(149) DefNew: 2432618K(2516544K)->104504K(2516544K) Eden: 2236928K(2236928K)->0K(2236928K) From: 195690K(279616K)->104504K(279616K)
[314.239s][info][gc,heap        ] GC(149) Tenured: 317763K(5592448K)->317767K(5592448K)
[314.239s][info][gc,metaspace   ] GC(149) Metaspace: 22383K(22720K)->22383K(22720K) NonClass: 19582K(19776K)->19582K(19776K) Class: 2801K(2944K)->2801K(2944K)
[314.239s][info][gc             ] GC(149) Pause Young (Allocation Failure) 2685M->412M(7918M) 471.993ms
[314.239s][info][gc,cpu         ] GC(149) User=0.47s Sys=0.00s Real=0.47s
[315.461s][info][gc,start       ] GC(150) Pause Young (Allocation Failure)
[316.312s][info][gc,heap        ] GC(150) DefNew: 2341432K(2516544K)->190832K(2516544K) Eden: 2236928K(2236928K)->0K(2236928K) From: 104504K(279616K)->190832K(279616K)
[316.312s][info][gc,heap        ] GC(150) Tenured: 317767K(5592448K)->317767K(5592448K)
[316.312s][info][gc,metaspace   ] GC(150) Metaspace: 22383K(22720K)->22383K(22720K) NonClass: 19582K(19776K)->19582K(19776K) Class: 2801K(2944K)->2801K(2944K)
[316.312s][info][gc             ] GC(150) Pause Young (Allocation Failure) 2596M->496M(7918M) 850.623ms
[316.312s][info][gc,cpu         ] GC(150) User=0.84s Sys=0.00s Real=0.85s
[318.142s][info][gc,start       ] GC(151) Pause Young (Allocation Failure)
[318.685s][info][gc,heap        ] GC(151) DefNew: 2427760K(2516544K)->127600K(2516544K) Eden: 2236928K(2236928K)->0K(2236928K) From: 190832K(279616K)->127600K(279616K)
[318.685s][info][gc,heap        ] GC(151) Tenured: 317767K(5592448K)->317767K(5592448K)
[318.685s][info][gc,metaspace   ] GC(151) Metaspace: 22383K(22720K)->22383K(22720K) NonClass: 19582K(19776K)->19582K(19776K) Class: 2801K(2944K)->2801K(2944K)
[318.685s][info][gc             ] GC(151) Pause Young (Allocation Failure) 2681M->434M(7918M) 542.495ms
[318.685s][info][gc,cpu         ] GC(151) User=0.55s Sys=0.00s Real=0.54s
[319.897s][info][gc,start       ] GC(152) Pause Young (Allocation Failure)
[320.833s][info][gc,heap        ] GC(152) DefNew: 2364528K(2516544K)->211095K(2516544K) Eden: 2236928K(2236928K)->0K(2236928K) From: 127600K(279616K)->211095K(279616K)
[320.833s][info][gc,heap        ] GC(152) Tenured: 317767K(5592448K)->317767K(5592448K)
[320.833s][info][gc,metaspace   ] GC(152) Metaspace: 22383K(22720K)->22383K(22720K) NonClass: 19582K(19776K)->19582K(19776K) Class: 2801K(2944K)->2801K(2944K)
[320.833s][info][gc             ] GC(152) Pause Young (Allocation Failure) 2619M->516M(7918M) 936.039ms
[320.833s][info][gc,cpu         ] GC(152) User=0.91s Sys=0.02s Real=0.93s
[322.539s][info][gc,start       ] GC(153) Pause Young (Allocation Failure)
[323.145s][info][gc,heap        ] GC(153) DefNew: 2448023K(2516544K)->138605K(2516544K) Eden: 2236928K(2236928K)->0K(2236928K) From: 211095K(279616K)->138605K(279616K)
[323.145s][info][gc,heap        ] GC(153) Tenured: 317767K(5592448K)->317767K(5592448K)
[323.145s][info][gc,metaspace   ] GC(153) Metaspace: 22383K(22720K)->22383K(22720K) NonClass: 19582K(19776K)->19582K(19776K) Class: 2801K(2944K)->2801K(2944K)
[323.145s][info][gc             ] GC(153) Pause Young (Allocation Failure) 2700M->445M(7918M) 605.780ms
[323.145s][info][gc,cpu         ] GC(153) User=0.59s Sys=0.00s Real=0.62s
[324.001s][info][gc,start       ] GC(154) Pause Full (System.gc())
[324.001s][info][gc,phases,start] GC(154) Phase 1: Mark live objects
[324.179s][info][gc,phases      ] GC(154) Phase 1: Mark live objects 177.821ms
[324.179s][info][gc,phases,start] GC(154) Phase 2: Compute new object addresses
[324.383s][info][gc,phases      ] GC(154) Phase 2: Compute new object addresses 204.109ms
[324.383s][info][gc,phases,start] GC(154) Phase 3: Adjust pointers
[324.530s][info][gc,phases      ] GC(154) Phase 3: Adjust pointers 146.640ms
[324.530s][info][gc,phases,start] GC(154) Phase 4: Move objects
[324.623s][info][gc,phases      ] GC(154) Phase 4: Move objects 93.055ms
[324.623s][info][gc,heap        ] GC(154) DefNew: 1241432K(2516544K)->0K(2516544K) Eden: 1102827K(2236928K)->0K(2236928K) From: 138605K(279616K)->0K(279616K)
[324.623s][info][gc,heap        ] GC(154) Tenured: 317767K(5592448K)->103372K(5592448K)
[324.623s][info][gc,metaspace   ] GC(154) Metaspace: 22384K(22720K)->22384K(22720K) NonClass: 19583K(19776K)->19583K(19776K) Class: 2801K(2944K)->2801K(2944K)
[324.623s][info][gc             ] GC(154) Pause Full (System.gc()) 1522M->100M(7918M) 622.094ms
[324.623s][info][gc,cpu         ] GC(154) User=0.62s Sys=0.00s Real=0.62s
[325.988s][info][gc,start       ] GC(155) Pause Young (Allocation Failure)
[326.874s][info][gc,heap        ] GC(155) DefNew: 2236928K(2516544K)->203548K(2516544K) Eden: 2236928K(2236928K)->0K(2236928K) From: 0K(279616K)->203548K(279616K)
[326.874s][info][gc,heap        ] GC(155) Tenured: 103372K(5592448K)->103372K(5592448K)
[326.874s][info][gc,metaspace   ] GC(155) Metaspace: 22388K(22720K)->22388K(22720K) NonClass: 19586K(19776K)->19586K(19776K) Class: 2801K(2944K)->2801K(2944K)
[326.874s][info][gc             ] GC(155) Pause Young (Allocation Failure) 2285M->299M(7918M) 885.657ms
[326.874s][info][gc,cpu         ] GC(155) User=0.86s Sys=0.03s Real=0.89s
[328.747s][info][gc,start       ] GC(156) Pause Young (Allocation Failure)
[329.388s][info][gc,heap        ] GC(156) DefNew: 2440476K(2516544K)->150823K(2516544K) Eden: 2236928K(2236928K)->0K(2236928K) From: 203548K(279616K)->150823K(279616K)
[329.388s][info][gc,heap        ] GC(156) Tenured: 103372K(5592448K)->103373K(5592448K)
[329.388s][info][gc,metaspace   ] GC(156) Metaspace: 22388K(22720K)->22388K(22720K) NonClass: 19586K(19776K)->19586K(19776K) Class: 2801K(2944K)->2801K(2944K)
[329.388s][info][gc             ] GC(156) Pause Young (Allocation Failure) 2484M->248M(7918M) 641.596ms
[329.388s][info][gc,cpu         ] GC(156) User=0.64s Sys=0.00s Real=0.65s
[331.001s][info][gc,start       ] GC(157) Pause Young (Allocation Failure)
[331.570s][info][gc,heap        ] GC(157) DefNew: 2387751K(2516544K)->127687K(2516544K) Eden: 2236928K(2236928K)->0K(2236928K) From: 150823K(279616K)->127687K(279616K)
[331.570s][info][gc,heap        ] GC(157) Tenured: 103373K(5592448K)->104230K(5592448K)
[331.570s][info][gc,metaspace   ] GC(157) Metaspace: 22388K(22720K)->22388K(22720K) NonClass: 19586K(19776K)->19586K(19776K) Class: 2801K(2944K)->2801K(2944K)
[331.570s][info][gc             ] GC(157) Pause Young (Allocation Failure) 2432M->226M(7918M) 569.314ms
[331.570s][info][gc,cpu         ] GC(157) User=0.58s Sys=0.00s Real=0.57s
[333.170s][info][gc,start       ] GC(158) Pause Young (Allocation Failure)
[334.031s][info][gc,heap        ] GC(158) DefNew: 2364615K(2516544K)->198223K(2516544K) Eden: 2236928K(2236928K)->0K(2236928K) From: 127687K(279616K)->198223K(279616K)
[334.034s][info][gc,heap        ] GC(158) Tenured: 104230K(5592448K)->104230K(5592448K)
[334.034s][info][gc,metaspace   ] GC(158) Metaspace: 22391K(22720K)->22391K(22720K) NonClass: 19589K(19776K)->19589K(19776K) Class: 2801K(2944K)->2801K(2944K)
[334.034s][info][gc             ] GC(158) Pause Young (Allocation Failure) 2410M->295M(7918M) 864.182ms
[334.034s][info][gc,cpu         ] GC(158) User=0.83s Sys=0.02s Real=0.88s
[335.678s][info][gc,start       ] GC(159) Pause Young (Allocation Failure)
[336.209s][info][gc,heap        ] GC(159) DefNew: 2435151K(2516544K)->121783K(2516544K) Eden: 2236928K(2236928K)->0K(2236928K) From: 198223K(279616K)->121783K(279616K)
[336.209s][info][gc,heap        ] GC(159) Tenured: 104230K(5592448K)->104652K(5592448K)
[336.209s][info][gc,metaspace   ] GC(159) Metaspace: 22391K(22720K)->22391K(22720K) NonClass: 19589K(19776K)->19589K(19776K) Class: 2801K(2944K)->2801K(2944K)
[336.209s][info][gc             ] GC(159) Pause Young (Allocation Failure) 2479M->221M(7918M) 530.694ms
[336.209s][info][gc,cpu         ] GC(159) User=0.53s Sys=0.02s Real=0.52s
[337.372s][info][gc,start       ] GC(160) Pause Young (Allocation Failure)
[338.277s][info][gc,heap        ] GC(160) DefNew: 2358711K(2516544K)->208782K(2516544K) Eden: 2236928K(2236928K)->0K(2236928K) From: 121783K(279616K)->208782K(279616K)
[338.278s][info][gc,heap        ] GC(160) Tenured: 104652K(5592448K)->104652K(5592448K)
[338.278s][info][gc,metaspace   ] GC(160) Metaspace: 22394K(22720K)->22394K(22720K) NonClass: 19592K(19776K)->19592K(19776K) Class: 2802K(2944K)->2802K(2944K)
[338.278s][info][gc             ] GC(160) Pause Young (Allocation Failure) 2405M->306M(7918M) 905.077ms
[338.278s][info][gc,cpu         ] GC(160) User=0.91s Sys=0.00s Real=0.90s
[338.898s][info][gc,start       ] GC(161) Pause Full (System.gc())
[338.898s][info][gc,phases,start] GC(161) Phase 1: Mark live objects
[339.090s][info][gc,phases      ] GC(161) Phase 1: Mark live objects 192.102ms
[339.090s][info][gc,phases,start] GC(161) Phase 2: Compute new object addresses
[339.220s][info][gc,phases      ] GC(161) Phase 2: Compute new object addresses 129.805ms
[339.220s][info][gc,phases,start] GC(161) Phase 3: Adjust pointers
[339.346s][info][gc,phases      ] GC(161) Phase 3: Adjust pointers 126.173ms
[339.346s][info][gc,phases,start] GC(161) Phase 4: Move objects
[339.397s][info][gc,phases      ] GC(161) Phase 4: Move objects 50.741ms
[339.397s][info][gc,heap        ] GC(161) DefNew: 715059K(2516544K)->0K(2516544K) Eden: 506277K(2236928K)->0K(2236928K) From: 208782K(279616K)->0K(279616K)
[339.397s][info][gc,heap        ] GC(161) Tenured: 104652K(5592448K)->201677K(5592448K)
[339.397s][info][gc,metaspace   ] GC(161) Metaspace: 22394K(22720K)->22394K(22720K) NonClass: 19592K(19776K)->19592K(19776K) Class: 2802K(2944K)->2802K(2944K)
[339.397s][info][gc             ] GC(161) Pause Full (System.gc()) 800M->196M(7918M) 499.218ms
[339.397s][info][gc,cpu         ] GC(161) User=0.50s Sys=0.00s Real=0.51s
[340.791s][info][gc,start       ] GC(162) Pause Young (Allocation Failure)
[341.699s][info][gc,heap        ] GC(162) DefNew: 2236928K(2516544K)->208129K(2516544K) Eden: 2236928K(2236928K)->0K(2236928K) From: 0K(279616K)->208129K(279616K)
[341.699s][info][gc,heap        ] GC(162) Tenured: 201677K(5592448K)->201677K(5592448K)
[341.699s][info][gc,metaspace   ] GC(162) Metaspace: 22396K(22720K)->22396K(22720K) NonClass: 19593K(19776K)->19593K(19776K) Class: 2802K(2944K)->2802K(2944K)
[341.699s][info][gc             ] GC(162) Pause Young (Allocation Failure) 2381M->400M(7918M) 907.637ms
[341.699s][info][gc,cpu         ] GC(162) User=0.91s Sys=0.00s Real=0.90s
[343.473s][info][gc,start       ] GC(163) Pause Young (Allocation Failure)
[344.101s][info][gc,heap        ] GC(163) DefNew: 2445057K(2516544K)->144762K(2516544K) Eden: 2236928K(2236928K)->0K(2236928K) From: 208129K(279616K)->144762K(279616K)
[344.101s][info][gc,heap        ] GC(163) Tenured: 201677K(5592448K)->201678K(5592448K)
[344.101s][info][gc,metaspace   ] GC(163) Metaspace: 22396K(22720K)->22396K(22720K) NonClass: 19594K(19776K)->19594K(19776K) Class: 2802K(2944K)->2802K(2944K)
[344.101s][info][gc             ] GC(163) Pause Young (Allocation Failure) 2584M->338M(7918M) 627.703ms
[344.101s][info][gc,cpu         ] GC(163) User=0.64s Sys=0.00s Real=0.63s
[345.524s][info][gc,start       ] GC(164) Pause Young (Allocation Failure)
[346.357s][info][gc,heap        ] GC(164) DefNew: 2381690K(2516544K)->181846K(2516544K) Eden: 2236928K(2236928K)->0K(2236928K) From: 144762K(279616K)->181846K(279616K)
[346.357s][info][gc,heap        ] GC(164) Tenured: 201678K(5592448K)->205821K(5592448K)
[346.357s][info][gc,metaspace   ] GC(164) Metaspace: 22396K(22720K)->22396K(22720K) NonClass: 19594K(19776K)->19594K(19776K) Class: 2802K(2944K)->2802K(2944K)
[346.357s][info][gc             ] GC(164) Pause Young (Allocation Failure) 2522M->378M(7918M) 833.079ms
[346.357s][info][gc,cpu         ] GC(164) User=0.83s Sys=0.00s Real=0.84s
[348.041s][info][gc,start       ] GC(165) Pause Young (Allocation Failure)
[348.828s][info][gc,heap        ] GC(165) DefNew: 2418774K(2516544K)->183429K(2516544K) Eden: 2236928K(2236928K)->0K(2236928K) From: 181846K(279616K)->183429K(279616K)
[348.828s][info][gc,heap        ] GC(165) Tenured: 205821K(5592448K)->207210K(5592448K)
[348.828s][info][gc,metaspace   ] GC(165) Metaspace: 22396K(22720K)->22396K(22720K) NonClass: 19594K(19776K)->19594K(19776K) Class: 2802K(2944K)->2802K(2944K)
[348.828s][info][gc             ] GC(165) Pause Young (Allocation Failure) 2563M->381M(7918M) 787.320ms
[348.828s][info][gc,cpu         ] GC(165) User=0.78s Sys=0.00s Real=0.78s
[350.643s][info][gc,start       ] GC(166) Pause Young (Allocation Failure)
[351.149s][info][gc,heap        ] GC(166) DefNew: 2420357K(2516544K)->118704K(2516544K) Eden: 2236928K(2236928K)->0K(2236928K) From: 183429K(279616K)->118704K(279616K)
[351.149s][info][gc,heap        ] GC(166) Tenured: 207210K(5592448K)->207212K(5592448K)
[351.149s][info][gc,metaspace   ] GC(166) Metaspace: 22396K(22720K)->22396K(22720K) NonClass: 19594K(19776K)->19594K(19776K) Class: 2802K(2944K)->2802K(2944K)
[351.149s][info][gc             ] GC(166) Pause Young (Allocation Failure) 2565M->318M(7918M) 505.936ms
[351.149s][info][gc,cpu         ] GC(166) User=0.50s Sys=0.00s Real=0.51s
[352.412s][info][gc,start       ] GC(167) Pause Young (Allocation Failure)
[353.347s][info][gc,heap        ] GC(167) DefNew: 2355632K(2516544K)->211129K(2516544K) Eden: 2236928K(2236928K)->0K(2236928K) From: 118704K(279616K)->211129K(279616K)
[353.347s][info][gc,heap        ] GC(167) Tenured: 207212K(5592448K)->207212K(5592448K)
[353.347s][info][gc,metaspace   ] GC(167) Metaspace: 22396K(22720K)->22396K(22720K) NonClass: 19594K(19776K)->19594K(19776K) Class: 2802K(2944K)->2802K(2944K)
[353.347s][info][gc             ] GC(167) Pause Young (Allocation Failure) 2502M->408M(7918M) 934.380ms
[353.347s][info][gc,cpu         ] GC(167) User=0.94s Sys=0.00s Real=0.93s
[354.068s][info][gc,start       ] GC(168) Pause Full (System.gc())
[354.068s][info][gc,phases,start] GC(168) Phase 1: Mark live objects
[354.243s][info][gc,phases      ] GC(168) Phase 1: Mark live objects 174.748ms
[354.243s][info][gc,phases,start] GC(168) Phase 2: Compute new object addresses
[354.368s][info][gc,phases      ] GC(168) Phase 2: Compute new object addresses 124.785ms
[354.368s][info][gc,phases,start] GC(168) Phase 3: Adjust pointers
[354.485s][info][gc,phases      ] GC(168) Phase 3: Adjust pointers 117.437ms
[354.485s][info][gc,phases,start] GC(168) Phase 4: Move objects
[354.535s][info][gc,phases      ] GC(168) Phase 4: Move objects 50.112ms
[354.535s][info][gc,heap        ] GC(168) DefNew: 674250K(2516544K)->0K(2516544K) Eden: 463121K(2236928K)->0K(2236928K) From: 211129K(279616K)->0K(279616K)
[354.535s][info][gc,heap        ] GC(168) Tenured: 207212K(5592448K)->291181K(5592448K)
[354.535s][info][gc,metaspace   ] GC(168) Metaspace: 22396K(22720K)->22396K(22720K) NonClass: 19594K(19776K)->19594K(19776K) Class: 2802K(2944K)->2802K(2944K)
[354.535s][info][gc             ] GC(168) Pause Full (System.gc()) 860M->284M(7918M) 467.482ms
[354.536s][info][gc,cpu         ] GC(168) User=0.47s Sys=0.00s Real=0.46s
[355.820s][info][gc,start       ] GC(169) Pause Young (Allocation Failure)
[356.744s][info][gc,heap        ] GC(169) DefNew: 2236928K(2516544K)->203330K(2516544K) Eden: 2236928K(2236928K)->0K(2236928K) From: 0K(279616K)->203330K(279616K)
[356.744s][info][gc,heap        ] GC(169) Tenured: 291181K(5592448K)->291181K(5592448K)
[356.744s][info][gc,metaspace   ] GC(169) Metaspace: 22399K(22720K)->22399K(22720K) NonClass: 19597K(19776K)->19597K(19776K) Class: 2802K(2944K)->2802K(2944K)
[356.744s][info][gc             ] GC(169) Pause Young (Allocation Failure) 2468M->482M(7918M) 923.614ms
[356.744s][info][gc,cpu         ] GC(169) User=0.92s Sys=0.00s Real=0.92s
[358.480s][info][gc,start       ] GC(170) Pause Young (Allocation Failure)
[359.020s][info][gc,heap        ] GC(170) DefNew: 2440258K(2516544K)->123479K(2516544K) Eden: 2236928K(2236928K)->0K(2236928K) From: 203330K(279616K)->123479K(279616K)
[359.020s][info][gc,heap        ] GC(170) Tenured: 291181K(5592448K)->291184K(5592448K)
[359.020s][info][gc,metaspace   ] GC(170) Metaspace: 22401K(22720K)->22401K(22720K) NonClass: 19598K(19776K)->19598K(19776K) Class: 2802K(2944K)->2802K(2944K)
[359.020s][info][gc             ] GC(170) Pause Young (Allocation Failure) 2667M->404M(7918M) 539.812ms
[359.020s][info][gc,cpu         ] GC(170) User=0.53s Sys=0.00s Real=0.54s
[360.331s][info][gc,start       ] GC(171) Pause Young (Allocation Failure)
[361.282s][info][gc,heap        ] GC(171) DefNew: 2360407K(2516544K)->216525K(2516544K) Eden: 2236928K(2236928K)->0K(2236928K) From: 123479K(279616K)->216525K(279616K)
[361.282s][info][gc,heap        ] GC(171) Tenured: 291184K(5592448K)->291184K(5592448K)
[361.282s][info][gc,metaspace   ] GC(171) Metaspace: 22401K(22720K)->22401K(22720K) NonClass: 19598K(19776K)->19598K(19776K) Class: 2802K(2944K)->2802K(2944K)
[361.282s][info][gc             ] GC(171) Pause Young (Allocation Failure) 2589M->495M(7918M) 950.644ms
[361.282s][info][gc,cpu         ] GC(171) User=0.95s Sys=0.00s Real=0.95s
[363.086s][info][gc,start       ] GC(172) Pause Young (Allocation Failure)
[363.790s][info][gc,heap        ] GC(172) DefNew: 2453453K(2516544K)->165289K(2516544K) Eden: 2236928K(2236928K)->0K(2236928K) From: 216525K(279616K)->165289K(279616K)
[363.791s][info][gc,heap        ] GC(172) Tenured: 291184K(5592448K)->291184K(5592448K)
[363.791s][info][gc,metaspace   ] GC(172) Metaspace: 22401K(22720K)->22401K(22720K) NonClass: 19599K(19776K)->19599K(19776K) Class: 2802K(2944K)->2802K(2944K)
[363.791s][info][gc             ] GC(172) Pause Young (Allocation Failure) 2680M->445M(7918M) 704.637ms
[363.791s][info][gc,cpu         ] GC(172) User=0.70s Sys=0.00s Real=0.70s
[365.155s][info][gc,start       ] GC(173) Pause Young (Allocation Failure)
[365.892s][info][gc,heap        ] GC(173) DefNew: 2402217K(2516544K)->160136K(2516544K) Eden: 2236928K(2236928K)->0K(2236928K) From: 165289K(279616K)->160136K(279616K)
[365.892s][info][gc,heap        ] GC(173) Tenured: 291184K(5592448K)->294473K(5592448K)
[365.892s][info][gc,metaspace   ] GC(173) Metaspace: 22405K(22720K)->22405K(22720K) NonClass: 19602K(19776K)->19602K(19776K) Class: 2802K(2944K)->2802K(2944K)
[365.892s][info][gc             ] GC(173) Pause Young (Allocation Failure) 2630M->443M(7918M) 737.173ms
[365.892s][info][gc,cpu         ] GC(173) User=0.73s Sys=0.00s Real=0.73s
[367.534s][info][gc,start       ] GC(174) Pause Young (Allocation Failure)
[368.339s][info][gc,heap        ] GC(174) DefNew: 2397064K(2516544K)->184807K(2516544K) Eden: 2236928K(2236928K)->0K(2236928K) From: 160136K(279616K)->184807K(279616K)
[368.340s][info][gc,heap        ] GC(174) Tenured: 294473K(5592448K)->295371K(5592448K)
[368.340s][info][gc,metaspace   ] GC(174) Metaspace: 22405K(22720K)->22405K(22720K) NonClass: 19602K(19776K)->19602K(19776K) Class: 2802K(2944K)->2802K(2944K)
[368.340s][info][gc             ] GC(174) Pause Young (Allocation Failure) 2628M->468M(7918M) 805.364ms
[368.340s][info][gc,cpu         ] GC(174) User=0.81s Sys=0.00s Real=0.81s
[369.100s][info][gc,start       ] GC(175) Pause Full (System.gc())
[369.100s][info][gc,phases,start] GC(175) Phase 1: Mark live objects
[369.289s][info][gc,phases      ] GC(175) Phase 1: Mark live objects 188.547ms
[369.289s][info][gc,phases,start] GC(175) Phase 2: Compute new object addresses
[369.440s][info][gc,phases      ] GC(175) Phase 2: Compute new object addresses 151.020ms
[369.440s][info][gc,phases,start] GC(175) Phase 3: Adjust pointers
[369.575s][info][gc,phases      ] GC(175) Phase 3: Adjust pointers 135.559ms
[369.576s][info][gc,phases,start] GC(175) Phase 4: Move objects
[369.641s][info][gc,phases      ] GC(175) Phase 4: Move objects 65.590ms
[369.641s][info][gc,heap        ] GC(175) DefNew: 868157K(2516544K)->0K(2516544K) Eden: 683350K(2236928K)->0K(2236928K) From: 184807K(279616K)->0K(279616K)
[369.641s][info][gc,heap        ] GC(175) Tenured: 295371K(5592448K)->332726K(5592448K)
[369.641s][info][gc,metaspace   ] GC(175) Metaspace: 22405K(22720K)->22405K(22720K) NonClass: 19602K(19776K)->19602K(19776K) Class: 2802K(2944K)->2802K(2944K)
[369.641s][info][gc             ] GC(175) Pause Full (System.gc()) 1136M->324M(7918M) 541.166ms
[369.641s][info][gc,cpu         ] GC(175) User=0.55s Sys=0.00s Real=0.54s
[370.802s][info][gc,start       ] GC(176) Pause Young (Allocation Failure)
[371.608s][info][gc,heap        ] GC(176) DefNew: 2236928K(2516544K)->181235K(2516544K) Eden: 2236928K(2236928K)->0K(2236928K) From: 0K(279616K)->181235K(279616K)
[371.608s][info][gc,heap        ] GC(176) Tenured: 332726K(5592448K)->332726K(5592448K)
[371.608s][info][gc,metaspace   ] GC(176) Metaspace: 22419K(22720K)->22419K(22720K) NonClass: 19616K(19776K)->19616K(19776K) Class: 2802K(2944K)->2802K(2944K)
[371.608s][info][gc             ] GC(176) Pause Young (Allocation Failure) 2509M->501M(7918M) 805.819ms
[371.608s][info][gc,cpu         ] GC(176) User=0.80s Sys=0.02s Real=0.79s
[373.452s][info][gc,start       ] GC(177) Pause Young (Allocation Failure)
[373.959s][info][gc,heap        ] GC(177) DefNew: 2418163K(2516544K)->120265K(2516544K) Eden: 2236928K(2236928K)->0K(2236928K) From: 181235K(279616K)->120265K(279616K)
[373.959s][info][gc,heap        ] GC(177) Tenured: 332726K(5592448K)->332728K(5592448K)
[373.959s][info][gc,metaspace   ] GC(177) Metaspace: 22425K(22720K)->22425K(22720K) NonClass: 19623K(19776K)->19623K(19776K) Class: 2802K(2944K)->2802K(2944K)
[373.959s][info][gc             ] GC(177) Pause Young (Allocation Failure) 2686M->442M(7918M) 506.761ms
[373.959s][info][gc,cpu         ] GC(177) User=0.50s Sys=0.00s Real=0.49s
[375.163s][info][gc,start       ] GC(178) Pause Young (Allocation Failure)
[375.957s][info][gc,heap        ] GC(178) DefNew: 2357193K(2516544K)->179790K(2516544K) Eden: 2236928K(2236928K)->0K(2236928K) From: 120265K(279616K)->179790K(279616K)
[375.957s][info][gc,heap        ] GC(178) Tenured: 332728K(5592448K)->332728K(5592448K)
[375.957s][info][gc,metaspace   ] GC(178) Metaspace: 22427K(22720K)->22427K(22720K) NonClass: 19625K(19776K)->19625K(19776K) Class: 2802K(2944K)->2802K(2944K)
[375.957s][info][gc             ] GC(178) Pause Young (Allocation Failure) 2626M->500M(7918M) 794.221ms
[375.957s][info][gc,cpu         ] GC(178) User=0.80s Sys=0.00s Real=0.79s
[377.778s][info][gc,start       ] GC(179) Pause Young (Allocation Failure)
[378.367s][info][gc,heap        ] GC(179) DefNew: 2416718K(2516544K)->139624K(2516544K) Eden: 2236928K(2236928K)->0K(2236928K) From: 179790K(279616K)->139624K(279616K)
[378.367s][info][gc,heap        ] GC(179) Tenured: 332728K(5592448K)->332728K(5592448K)
[378.367s][info][gc,metaspace   ] GC(179) Metaspace: 22533K(22784K)->22533K(22784K) NonClass: 19731K(19840K)->19731K(19840K) Class: 2802K(2944K)->2802K(2944K)
[378.367s][info][gc             ] GC(179) Pause Young (Allocation Failure) 2685M->461M(7918M) 589.040ms
[378.367s][info][gc,cpu         ] GC(179) User=0.56s Sys=0.02s Real=0.58s
[379.556s][info][gc,start       ] GC(180) Pause Young (Allocation Failure)
[380.453s][info][gc,heap        ] GC(180) DefNew: 2376552K(2516544K)->201941K(2516544K) Eden: 2236928K(2236928K)->0K(2236928K) From: 139624K(279616K)->201941K(279616K)
[380.453s][info][gc,heap        ] GC(180) Tenured: 332728K(5592448K)->332728K(5592448K)
[380.453s][info][gc,metaspace   ] GC(180) Metaspace: 22555K(22848K)->22555K(22848K) NonClass: 19752K(19904K)->19752K(19904K) Class: 2802K(2944K)->2802K(2944K)
[380.453s][info][gc             ] GC(180) Pause Young (Allocation Failure) 2645M->522M(7918M) 897.463ms
[380.453s][info][gc,cpu         ] GC(180) User=0.89s Sys=0.00s Real=0.90s
[382.116s][info][gc,start       ] GC(181) Pause Young (Allocation Failure)
[382.713s][info][gc,heap        ] GC(181) DefNew: 2438869K(2516544K)->136862K(2516544K) Eden: 2236928K(2236928K)->0K(2236928K) From: 201941K(279616K)->136862K(279616K)
[382.713s][info][gc,heap        ] GC(181) Tenured: 332728K(5592448K)->332729K(5592448K)
[382.713s][info][gc,metaspace   ] GC(181) Metaspace: 22555K(22848K)->22555K(22848K) NonClass: 19752K(19904K)->19752K(19904K) Class: 2802K(2944K)->2802K(2944K)
[382.713s][info][gc             ] GC(181) Pause Young (Allocation Failure) 2706M->458M(7918M) 596.992ms
[382.713s][info][gc,cpu         ] GC(181) User=0.59s Sys=0.00s Real=0.60s
[383.622s][info][gc,start       ] GC(182) Pause Full (System.gc())
[383.622s][info][gc,phases,start] GC(182) Phase 1: Mark live objects
[383.808s][info][gc,phases      ] GC(182) Phase 1: Mark live objects 185.642ms
[383.808s][info][gc,phases,start] GC(182) Phase 2: Compute new object addresses
[384.021s][info][gc,phases      ] GC(182) Phase 2: Compute new object addresses 212.949ms
[384.021s][info][gc,phases,start] GC(182) Phase 3: Adjust pointers
[384.169s][info][gc,phases      ] GC(182) Phase 3: Adjust pointers 148.049ms
[384.169s][info][gc,phases,start] GC(182) Phase 4: Move objects
[384.263s][info][gc,phases      ] GC(182) Phase 4: Move objects 93.731ms
[384.263s][info][gc,heap        ] GC(182) DefNew: 1307732K(2516544K)->0K(2516544K) Eden: 1170870K(2236928K)->0K(2236928K) From: 136862K(279616K)->0K(279616K)
[384.263s][info][gc,heap        ] GC(182) Tenured: 332729K(5592448K)->103319K(5592448K)
[384.263s][info][gc,metaspace   ] GC(182) Metaspace: 22555K(22848K)->22555K(22848K) NonClass: 19752K(19904K)->19752K(19904K) Class: 2802K(2944K)->2802K(2944K)
[384.263s][info][gc             ] GC(182) Pause Full (System.gc()) 1602M->100M(7918M) 640.822ms
[384.263s][info][gc,cpu         ] GC(182) User=0.64s Sys=0.00s Real=0.63s
[385.558s][info][gc,start       ] GC(183) Pause Young (Allocation Failure)
[386.441s][info][gc,heap        ] GC(183) DefNew: 2236928K(2516544K)->200376K(2516544K) Eden: 2236928K(2236928K)->0K(2236928K) From: 0K(279616K)->200376K(279616K)
[386.442s][info][gc,heap        ] GC(183) Tenured: 103319K(5592448K)->103319K(5592448K)
[386.442s][info][gc,metaspace   ] GC(183) Metaspace: 22555K(22848K)->22555K(22848K) NonClass: 19752K(19904K)->19752K(19904K) Class: 2802K(2944K)->2802K(2944K)
[386.442s][info][gc             ] GC(183) Pause Young (Allocation Failure) 2285M->296M(7918M) 883.251ms
[386.442s][info][gc,cpu         ] GC(183) User=0.88s Sys=0.00s Real=0.87s
[388.321s][info][gc,start       ] GC(184) Pause Young (Allocation Failure)
[388.896s][info][gc,heap        ] GC(184) DefNew: 2437304K(2516544K)->134798K(2516544K) Eden: 2236928K(2236928K)->0K(2236928K) From: 200376K(279616K)->134798K(279616K)
[388.896s][info][gc,heap        ] GC(184) Tenured: 103319K(5592448K)->103321K(5592448K)
[388.896s][info][gc,metaspace   ] GC(184) Metaspace: 22555K(22848K)->22555K(22848K) NonClass: 19752K(19904K)->19752K(19904K) Class: 2802K(2944K)->2802K(2944K)
[388.896s][info][gc             ] GC(184) Pause Young (Allocation Failure) 2481M->232M(7918M) 575.104ms
[388.896s][info][gc,cpu         ] GC(184) User=0.55s Sys=0.00s Real=0.56s
[390.151s][info][gc,start       ] GC(185) Pause Young (Allocation Failure)
[390.971s][info][gc,heap        ] GC(185) DefNew: 2371726K(2516544K)->222705K(2516544K) Eden: 2236928K(2236928K)->0K(2236928K) From: 134798K(279616K)->222705K(279616K)
[390.971s][info][gc,heap        ] GC(185) Tenured: 103321K(5592448K)->103321K(5592448K)
[390.971s][info][gc,metaspace   ] GC(185) Metaspace: 22555K(22848K)->22555K(22848K) NonClass: 19752K(19904K)->19752K(19904K) Class: 2802K(2944K)->2802K(2944K)
[390.971s][info][gc             ] GC(185) Pause Young (Allocation Failure) 2417M->318M(7918M) 820.251ms
[390.971s][info][gc,cpu         ] GC(185) User=0.81s Sys=0.00s Real=0.81s
[392.803s][info][gc,start       ] GC(186) Pause Young (Allocation Failure)
[393.524s][info][gc,heap        ] GC(186) DefNew: 2459633K(2516544K)->168941K(2516544K) Eden: 2236928K(2236928K)->0K(2236928K) From: 222705K(279616K)->168941K(279616K)
[393.524s][info][gc,heap        ] GC(186) Tenured: 103321K(5592448K)->103321K(5592448K)
[393.524s][info][gc,metaspace   ] GC(186) Metaspace: 22556K(22848K)->22556K(22848K) NonClass: 19754K(19904K)->19754K(19904K) Class: 2802K(2944K)->2802K(2944K)
[393.524s][info][gc             ] GC(186) Pause Young (Allocation Failure) 2502M->265M(7918M) 721.154ms
[393.524s][info][gc,cpu         ] GC(186) User=0.73s Sys=0.00s Real=0.71s
[395.384s][info][gc,start       ] GC(187) Pause Young (Allocation Failure)
[395.862s][info][gc,heap        ] GC(187) DefNew: 2405869K(2516544K)->111409K(2516544K) Eden: 2236928K(2236928K)->0K(2236928K) From: 168941K(279616K)->111409K(279616K)
[395.863s][info][gc,heap        ] GC(187) Tenured: 103321K(5592448K)->103321K(5592448K)
[395.863s][info][gc,metaspace   ] GC(187) Metaspace: 22556K(22848K)->22556K(22848K) NonClass: 19754K(19904K)->19754K(19904K) Class: 2802K(2944K)->2802K(2944K)
[395.863s][info][gc             ] GC(187) Pause Young (Allocation Failure) 2450M->209M(7918M) 478.194ms
[395.863s][info][gc,cpu         ] GC(187) User=0.47s Sys=0.00s Real=0.47s
[396.997s][info][gc,start       ] GC(188) Pause Young (Allocation Failure)
[397.853s][info][gc,heap        ] GC(188) DefNew: 2348337K(2516544K)->191381K(2516544K) Eden: 2236928K(2236928K)->0K(2236928K) From: 111409K(279616K)->191381K(279616K)
[397.853s][info][gc,heap        ] GC(188) Tenured: 103321K(5592448K)->103321K(5592448K)
[397.853s][info][gc,metaspace   ] GC(188) Metaspace: 22556K(22848K)->22556K(22848K) NonClass: 19754K(19904K)->19754K(19904K) Class: 2802K(2944K)->2802K(2944K)
[397.853s][info][gc             ] GC(188) Pause Young (Allocation Failure) 2394M->287M(7918M) 855.569ms
[397.853s][info][gc,cpu         ] GC(188) User=0.84s Sys=0.00s Real=0.86s
[398.580s][info][gc,start       ] GC(189) Pause Full (System.gc())
[398.580s][info][gc,phases,start] GC(189) Phase 1: Mark live objects
[398.770s][info][gc,phases      ] GC(189) Phase 1: Mark live objects 190.084ms
[398.770s][info][gc,phases,start] GC(189) Phase 2: Compute new object addresses
[398.921s][info][gc,phases      ] GC(189) Phase 2: Compute new object addresses 150.570ms
[398.921s][info][gc,phases,start] GC(189) Phase 3: Adjust pointers
[399.055s][info][gc,phases      ] GC(189) Phase 3: Adjust pointers 134.160ms
[399.055s][info][gc,phases,start] GC(189) Phase 4: Move objects
[399.119s][info][gc,phases      ] GC(189) Phase 4: Move objects 63.865ms
[399.119s][info][gc,heap        ] GC(189) DefNew: 858332K(2516544K)->0K(2516544K) Eden: 666951K(2236928K)->0K(2236928K) From: 191381K(279616K)->0K(279616K)
[399.119s][info][gc,heap        ] GC(189) Tenured: 103321K(5592448K)->200289K(5592448K)
[399.119s][info][gc,metaspace   ] GC(189) Metaspace: 22556K(22848K)->22556K(22848K) NonClass: 19754K(19904K)->19754K(19904K) Class: 2802K(2944K)->2802K(2944K)
[399.119s][info][gc             ] GC(189) Pause Full (System.gc()) 939M->195M(7918M) 539.066ms
[399.119s][info][gc,cpu         ] GC(189) User=0.55s Sys=0.00s Real=0.54s
[400.414s][info][gc,start       ] GC(190) Pause Young (Allocation Failure)
[401.120s][info][gc,heap        ] GC(190) DefNew: 2236928K(2516544K)->160841K(2516544K) Eden: 2236928K(2236928K)->0K(2236928K) From: 0K(279616K)->160841K(279616K)
[401.120s][info][gc,heap        ] GC(190) Tenured: 200289K(5592448K)->200289K(5592448K)
[401.120s][info][gc,metaspace   ] GC(190) Metaspace: 22573K(22848K)->22573K(22848K) NonClass: 19771K(19904K)->19771K(19904K) Class: 2802K(2944K)->2802K(2944K)
[401.120s][info][gc             ] GC(190) Pause Young (Allocation Failure) 2380M->352M(7918M) 706.417ms
[401.120s][info][gc,cpu         ] GC(190) User=0.70s Sys=0.00s Real=0.71s
[402.857s][info][gc,start       ] GC(191) Pause Young (Allocation Failure)
[403.335s][info][gc,heap        ] GC(191) DefNew: 2397769K(2516544K)->108081K(2516544K) Eden: 2236928K(2236928K)->0K(2236928K) From: 160841K(279616K)->108081K(279616K)
[403.335s][info][gc,heap        ] GC(191) Tenured: 200289K(5592448K)->200290K(5592448K)
[403.335s][info][gc,metaspace   ] GC(191) Metaspace: 22573K(22848K)->22573K(22848K) NonClass: 19771K(19904K)->19771K(19904K) Class: 2802K(2944K)->2802K(2944K)
[403.335s][info][gc             ] GC(191) Pause Young (Allocation Failure) 2537M->301M(7918M) 478.087ms
[403.335s][info][gc,cpu         ] GC(191) User=0.47s Sys=0.00s Real=0.47s
[404.440s][info][gc,start       ] GC(192) Pause Young (Allocation Failure)
[405.305s][info][gc,heap        ] GC(192) DefNew: 2345009K(2516544K)->196030K(2516544K) Eden: 2236928K(2236928K)->0K(2236928K) From: 108081K(279616K)->196030K(279616K)
[405.305s][info][gc,heap        ] GC(192) Tenured: 200290K(5592448K)->200290K(5592448K)
[405.305s][info][gc,metaspace   ] GC(192) Metaspace: 22573K(22848K)->22573K(22848K) NonClass: 19771K(19904K)->19771K(19904K) Class: 2802K(2944K)->2802K(2944K)
[405.305s][info][gc             ] GC(192) Pause Young (Allocation Failure) 2485M->387M(7918M) 865.194ms
[405.305s][info][gc,cpu         ] GC(192) User=0.88s Sys=0.00s Real=0.86s
[407.128s][info][gc,start       ] GC(193) Pause Young (Allocation Failure)
[407.698s][info][gc,heap        ] GC(193) DefNew: 2432958K(2516544K)->134286K(2516544K) Eden: 2236928K(2236928K)->0K(2236928K) From: 196030K(279616K)->134286K(279616K)
[407.698s][info][gc,heap        ] GC(193) Tenured: 200290K(5592448K)->200290K(5592448K)
[407.698s][info][gc,metaspace   ] GC(193) Metaspace: 22573K(22848K)->22573K(22848K) NonClass: 19771K(19904K)->19771K(19904K) Class: 2802K(2944K)->2802K(2944K)
[407.698s][info][gc             ] GC(193) Pause Young (Allocation Failure) 2571M->326M(7918M) 569.468ms
[407.698s][info][gc,cpu         ] GC(193) User=0.55s Sys=0.02s Real=0.57s
[408.850s][info][gc,start       ] GC(194) Pause Young (Allocation Failure)
[409.813s][info][gc,heap        ] GC(194) DefNew: 2371214K(2516544K)->219763K(2516544K) Eden: 2236928K(2236928K)->0K(2236928K) From: 134286K(279616K)->219763K(279616K)
[409.813s][info][gc,heap        ] GC(194) Tenured: 200290K(5592448K)->200290K(5592448K)
[409.813s][info][gc,metaspace   ] GC(194) Metaspace: 22573K(22848K)->22573K(22848K) NonClass: 19771K(19904K)->19771K(19904K) Class: 2802K(2944K)->2802K(2944K)
[409.813s][info][gc             ] GC(194) Pause Young (Allocation Failure) 2511M->410M(7918M) 963.157ms
[409.813s][info][gc,cpu         ] GC(194) User=0.97s Sys=0.00s Real=0.95s
[411.548s][info][gc,start       ] GC(195) Pause Young (Allocation Failure)
[412.206s][info][gc,heap        ] GC(195) DefNew: 2456691K(2516544K)->152673K(2516544K) Eden: 2236928K(2236928K)->0K(2236928K) From: 219763K(279616K)->152673K(279616K)
[412.207s][info][gc,heap        ] GC(195) Tenured: 200290K(5592448K)->200290K(5592448K)
[412.207s][info][gc,metaspace   ] GC(195) Metaspace: 22578K(22848K)->22578K(22848K) NonClass: 19776K(19904K)->19776K(19904K) Class: 2802K(2944K)->2802K(2944K)
[412.207s][info][gc             ] GC(195) Pause Young (Allocation Failure) 2594M->344M(7918M) 659.069ms
[412.207s][info][gc,cpu         ] GC(195) User=0.64s Sys=0.00s Real=0.66s
[413.068s][info][gc,start       ] GC(196) Pause Full (System.gc())
[413.068s][info][gc,phases,start] GC(196) Phase 1: Mark live objects
[413.260s][info][gc,phases      ] GC(196) Phase 1: Mark live objects 192.504ms
[413.260s][info][gc,phases,start] GC(196) Phase 2: Compute new object addresses
[413.451s][info][gc,phases      ] GC(196) Phase 2: Compute new object addresses 190.660ms
[413.451s][info][gc,phases,start] GC(196) Phase 3: Adjust pointers
[413.596s][info][gc,phases      ] GC(196) Phase 3: Adjust pointers 144.660ms
[413.596s][info][gc,phases,start] GC(196) Phase 4: Move objects
[413.681s][info][gc,phases      ] GC(196) Phase 4: Move objects 85.191ms
[413.681s][info][gc,heap        ] GC(196) DefNew: 1152655K(2516544K)->0K(2516544K) Eden: 999982K(2236928K)->0K(2236928K) From: 152673K(279616K)->0K(279616K)
[413.681s][info][gc,heap        ] GC(196) Tenured: 200290K(5592448K)->297324K(5592448K)
[413.681s][info][gc,metaspace   ] GC(196) Metaspace: 22578K(22848K)->22578K(22848K) NonClass: 19776K(19904K)->19776K(19904K) Class: 2802K(2944K)->2802K(2944K)
[413.681s][info][gc             ] GC(196) Pause Full (System.gc()) 1321M->290M(7918M) 613.445ms
[413.681s][info][gc,cpu         ] GC(196) User=0.61s Sys=0.00s Real=0.62s
[414.962s][info][gc,start       ] GC(197) Pause Young (Allocation Failure)
[415.835s][info][gc,heap        ] GC(197) DefNew: 2236928K(2516544K)->199158K(2516544K) Eden: 2236928K(2236928K)->0K(2236928K) From: 0K(279616K)->199158K(279616K)
[415.835s][info][gc,heap        ] GC(197) Tenured: 297324K(5592448K)->297324K(5592448K)
[415.835s][info][gc,metaspace   ] GC(197) Metaspace: 22585K(22848K)->22585K(22848K) NonClass: 19782K(19904K)->19782K(19904K) Class: 2802K(2944K)->2802K(2944K)
[415.835s][info][gc             ] GC(197) Pause Young (Allocation Failure) 2474M->484M(7918M) 872.864ms
[415.835s][info][gc,cpu         ] GC(197) User=0.86s Sys=0.00s Real=0.87s
[417.607s][info][gc,start       ] GC(198) Pause Young (Allocation Failure)
[418.135s][info][gc,heap        ] GC(198) DefNew: 2436086K(2516544K)->120136K(2516544K) Eden: 2236928K(2236928K)->0K(2236928K) From: 199158K(279616K)->120136K(279616K)
[418.135s][info][gc,heap        ] GC(198) Tenured: 297324K(5592448K)->297327K(5592448K)
[418.135s][info][gc,metaspace   ] GC(198) Metaspace: 22585K(22848K)->22585K(22848K) NonClass: 19782K(19904K)->19782K(19904K) Class: 2802K(2944K)->2802K(2944K)
[418.135s][info][gc             ] GC(198) Pause Young (Allocation Failure) 2669M->407M(7918M) 528.140ms
[418.135s][info][gc,cpu         ] GC(198) User=0.53s Sys=0.00s Real=0.52s
[419.447s][info][gc,start       ] GC(199) Pause Young (Allocation Failure)
[420.392s][info][gc,heap        ] GC(199) DefNew: 2357064K(2516544K)->209173K(2516544K) Eden: 2236928K(2236928K)->0K(2236928K) From: 120136K(279616K)->209173K(279616K)
[420.392s][info][gc,heap        ] GC(199) Tenured: 297327K(5592448K)->297327K(5592448K)
[420.392s][info][gc,metaspace   ] GC(199) Metaspace: 22585K(22848K)->22585K(22848K) NonClass: 19782K(19904K)->19782K(19904K) Class: 2802K(2944K)->2802K(2944K)
[420.392s][info][gc             ] GC(199) Pause Young (Allocation Failure) 2592M->494M(7918M) 944.843ms
[420.392s][info][gc,cpu         ] GC(199) User=0.92s Sys=0.00s Real=0.93s
[422.207s][info][gc,start       ] GC(200) Pause Young (Allocation Failure)
[422.877s][info][gc,heap        ] GC(200) DefNew: 2446101K(2516544K)->156617K(2516544K) Eden: 2236928K(2236928K)->0K(2236928K) From: 209173K(279616K)->156617K(279616K)
[422.877s][info][gc,heap        ] GC(200) Tenured: 297327K(5592448K)->297327K(5592448K)
[422.877s][info][gc,metaspace   ] GC(200) Metaspace: 22585K(22848K)->22585K(22848K) NonClass: 19782K(19904K)->19782K(19904K) Class: 2802K(2944K)->2802K(2944K)
[422.877s][info][gc             ] GC(200) Pause Young (Allocation Failure) 2679M->443M(7918M) 670.084ms
[422.877s][info][gc,cpu         ] GC(200) User=0.67s Sys=0.00s Real=0.66s
[424.071s][info][gc,start       ] GC(201) Pause Young (Allocation Failure)
[425.040s][info][gc,heap        ] GC(201) DefNew: 2393545K(2516544K)->197988K(2516544K) Eden: 2236928K(2236928K)->0K(2236928K) From: 156617K(279616K)->197988K(279616K)
[425.040s][info][gc,heap        ] GC(201) Tenured: 297327K(5592448K)->316231K(5592448K)
[425.040s][info][gc,metaspace   ] GC(201) Metaspace: 22585K(22848K)->22585K(22848K) NonClass: 19782K(19904K)->19782K(19904K) Class: 2802K(2944K)->2802K(2944K)
[425.040s][info][gc             ] GC(201) Pause Young (Allocation Failure) 2627M->502M(7918M) 969.539ms
[425.040s][info][gc,cpu         ] GC(201) User=0.95s Sys=0.02s Real=0.97s
[426.777s][info][gc,start       ] GC(202) Pause Young (Allocation Failure)
[427.516s][info][gc,heap        ] GC(202) DefNew: 2434916K(2516544K)->172308K(2516544K) Eden: 2236928K(2236928K)->0K(2236928K) From: 197988K(279616K)->172308K(279616K)
[427.516s][info][gc,heap        ] GC(202) Tenured: 316231K(5592448K)->321041K(5592448K)
[427.516s][info][gc,metaspace   ] GC(202) Metaspace: 22585K(22848K)->22585K(22848K) NonClass: 19782K(19904K)->19782K(19904K) Class: 2802K(2944K)->2802K(2944K)
[427.516s][info][gc             ] GC(202) Pause Young (Allocation Failure) 2686M->481M(7918M) 739.101ms
[427.516s][info][gc,cpu         ] GC(202) User=0.72s Sys=0.02s Real=0.72s
[428.254s][info][gc,start       ] GC(203) Pause Full (System.gc())
[428.254s][info][gc,phases,start] GC(203) Phase 1: Mark live objects
[428.433s][info][gc,phases      ] GC(203) Phase 1: Mark live objects 178.617ms
[428.433s][info][gc,phases,start] GC(203) Phase 2: Compute new object addresses
[428.607s][info][gc,phases      ] GC(203) Phase 2: Compute new object addresses 173.969ms
[428.607s][info][gc,phases,start] GC(203) Phase 3: Adjust pointers
[428.748s][info][gc,phases      ] GC(203) Phase 3: Adjust pointers 141.043ms
[428.748s][info][gc,phases,start] GC(203) Phase 4: Move objects
[428.822s][info][gc,phases      ] GC(203) Phase 4: Move objects 74.164ms
[428.823s][info][gc,heap        ] GC(203) DefNew: 1002710K(2516544K)->0K(2516544K) Eden: 830402K(2236928K)->0K(2236928K) From: 172308K(279616K)->0K(279616K)
[428.823s][info][gc,heap        ] GC(203) Tenured: 321041K(5592448K)->362863K(5592448K)
[428.823s][info][gc,metaspace   ] GC(203) Metaspace: 22585K(22848K)->22585K(22848K) NonClass: 19782K(19904K)->19782K(19904K) Class: 2802K(2944K)->2802K(2944K)
[428.823s][info][gc             ] GC(203) Pause Full (System.gc()) 1292M->354M(7918M) 568.217ms
[428.823s][info][gc,cpu         ] GC(203) User=0.55s Sys=0.02s Real=0.56s
[430.162s][info][gc,start       ] GC(204) Pause Young (Allocation Failure)
[431.058s][info][gc,heap        ] GC(204) DefNew: 2236928K(2516544K)->202818K(2516544K) Eden: 2236928K(2236928K)->0K(2236928K) From: 0K(279616K)->202818K(279616K)
[431.058s][info][gc,heap        ] GC(204) Tenured: 362863K(5592448K)->362863K(5592448K)
[431.058s][info][gc,metaspace   ] GC(204) Metaspace: 22590K(22912K)->22590K(22912K) NonClass: 19788K(19968K)->19788K(19968K) Class: 2802K(2944K)->2802K(2944K)
[431.058s][info][gc             ] GC(204) Pause Young (Allocation Failure) 2538M->552M(7918M) 895.897ms
[431.058s][info][gc,cpu         ] GC(204) User=0.89s Sys=0.00s Real=0.89s
[432.720s][info][gc,start       ] GC(205) Pause Young (Allocation Failure)
[433.286s][info][gc,heap        ] GC(205) DefNew: 2439746K(2516544K)->131841K(2516544K) Eden: 2236928K(2236928K)->0K(2236928K) From: 202818K(279616K)->131841K(279616K)
[433.287s][info][gc,heap        ] GC(205) Tenured: 362863K(5592448K)->362865K(5592448K)
[433.287s][info][gc,metaspace   ] GC(205) Metaspace: 22603K(22912K)->22603K(22912K) NonClass: 19801K(19968K)->19801K(19968K) Class: 2802K(2944K)->2802K(2944K)
[433.287s][info][gc             ] GC(205) Pause Young (Allocation Failure) 2736M->483M(7918M) 566.851ms
[433.287s][info][gc,cpu         ] GC(205) User=0.56s Sys=0.00s Real=0.57s
[434.509s][info][gc,start       ] GC(206) Pause Young (Allocation Failure)
[435.475s][info][gc,heap        ] GC(206) DefNew: 2368769K(2516544K)->217337K(2516544K) Eden: 2236928K(2236928K)->0K(2236928K) From: 131841K(279616K)->217337K(279616K)
[435.475s][info][gc,heap        ] GC(206) Tenured: 362865K(5592448K)->362865K(5592448K)
[435.475s][info][gc,metaspace   ] GC(206) Metaspace: 22603K(22912K)->22603K(22912K) NonClass: 19801K(19968K)->19801K(19968K) Class: 2802K(2944K)->2802K(2944K)
[435.475s][info][gc             ] GC(206) Pause Young (Allocation Failure) 2667M->566M(7918M) 966.251ms
[435.475s][info][gc,cpu         ] GC(206) User=0.95s Sys=0.00s Real=0.96s
[437.322s][info][gc,start       ] GC(207) Pause Young (Allocation Failure)
[438.020s][info][gc,heap        ] GC(207) DefNew: 2454265K(2516544K)->163100K(2516544K) Eden: 2236928K(2236928K)->0K(2236928K) From: 217337K(279616K)->163100K(279616K)
[438.020s][info][gc,heap        ] GC(207) Tenured: 362865K(5592448K)->362867K(5592448K)
[438.020s][info][gc,metaspace   ] GC(207) Metaspace: 22603K(22912K)->22603K(22912K) NonClass: 19801K(19968K)->19801K(19968K) Class: 2802K(2944K)->2802K(2944K)
[438.020s][info][gc             ] GC(207) Pause Young (Allocation Failure) 2751M->513M(7918M) 697.879ms
[438.020s][info][gc,cpu         ] GC(207) User=0.69s Sys=0.00s Real=0.70s
[439.465s][info][gc,start       ] GC(208) Pause Young (Allocation Failure)
[440.170s][info][gc,heap        ] GC(208) DefNew: 2400028K(2516544K)->152809K(2516544K) Eden: 2236928K(2236928K)->0K(2236928K) From: 163100K(279616K)->152809K(279616K)
[440.170s][info][gc,heap        ] GC(208) Tenured: 362867K(5592448K)->365484K(5592448K)
[440.170s][info][gc,metaspace   ] GC(208) Metaspace: 22603K(22912K)->22603K(22912K) NonClass: 19801K(19968K)->19801K(19968K) Class: 2802K(2944K)->2802K(2944K)
[440.170s][info][gc             ] GC(208) Pause Young (Allocation Failure) 2698M->506M(7918M) 704.237ms
[440.170s][info][gc,cpu         ] GC(208) User=0.70s Sys=0.00s Real=0.71s
[441.682s][info][gc,start       ] GC(209) Pause Young (Allocation Failure)
[442.279s][info][gc,heap        ] GC(209) DefNew: 2389737K(2516544K)->141050K(2516544K) Eden: 2236928K(2236928K)->0K(2236928K) From: 152809K(279616K)->141050K(279616K)
[442.279s][info][gc,heap        ] GC(209) Tenured: 365484K(5592448K)->366441K(5592448K)
[442.279s][info][gc,metaspace   ] GC(209) Metaspace: 22603K(22912K)->22603K(22912K) NonClass: 19801K(19968K)->19801K(19968K) Class: 2802K(2944K)->2802K(2944K)
[442.279s][info][gc             ] GC(209) Pause Young (Allocation Failure) 2690M->495M(7918M) 597.181ms
[442.279s][info][gc,cpu         ] GC(209) User=0.59s Sys=0.00s Real=0.59s
[443.043s][info][gc,start       ] GC(210) Pause Full (System.gc())
[443.043s][info][gc,phases,start] GC(210) Phase 1: Mark live objects
[443.222s][info][gc,phases      ] GC(210) Phase 1: Mark live objects 179.403ms
[443.222s][info][gc,phases,start] GC(210) Phase 2: Compute new object addresses
[443.393s][info][gc,phases      ] GC(210) Phase 2: Compute new object addresses 170.391ms
[443.393s][info][gc,phases,start] GC(210) Phase 3: Adjust pointers
[443.533s][info][gc,phases      ] GC(210) Phase 3: Adjust pointers 140.252ms
[443.533s][info][gc,phases,start] GC(210) Phase 4: Move objects
[443.612s][info][gc,phases      ] GC(210) Phase 4: Move objects 79.453ms
[443.613s][info][gc,heap        ] GC(210) DefNew: 1002665K(2516544K)->0K(2516544K) Eden: 861615K(2236928K)->0K(2236928K) From: 141050K(279616K)->0K(279616K)
[443.613s][info][gc,heap        ] GC(210) Tenured: 366441K(5592448K)->103503K(5592448K)
[443.613s][info][gc,metaspace   ] GC(210) Metaspace: 22603K(22912K)->22603K(22912K) NonClass: 19801K(19968K)->19801K(19968K) Class: 2802K(2944K)->2802K(2944K)
[443.613s][info][gc             ] GC(210) Pause Full (System.gc()) 1337M->101M(7918M) 569.983ms
[443.613s][info][gc,cpu         ] GC(210) User=0.55s Sys=0.00s Real=0.57s
[444.939s][info][gc,start       ] GC(211) Pause Young (Allocation Failure)
[445.826s][info][gc,heap        ] GC(211) DefNew: 2236928K(2516544K)->208365K(2516544K) Eden: 2236928K(2236928K)->0K(2236928K) From: 0K(279616K)->208365K(279616K)
[445.826s][info][gc,heap        ] GC(211) Tenured: 103503K(5592448K)->103503K(5592448K)
[445.826s][info][gc,metaspace   ] GC(211) Metaspace: 22603K(22912K)->22603K(22912K) NonClass: 19801K(19968K)->19801K(19968K) Class: 2802K(2944K)->2802K(2944K)
[445.826s][info][gc             ] GC(211) Pause Young (Allocation Failure) 2285M->304M(7918M) 887.645ms
[445.826s][info][gc,cpu         ] GC(211) User=0.89s Sys=0.00s Real=0.88s
[447.543s][info][gc,start       ] GC(212) Pause Young (Allocation Failure)
[448.167s][info][gc,heap        ] GC(212) DefNew: 2445293K(2516544K)->148795K(2516544K) Eden: 2236928K(2236928K)->0K(2236928K) From: 208365K(279616K)->148795K(279616K)
[448.167s][info][gc,heap        ] GC(212) Tenured: 103503K(5592448K)->103504K(5592448K)
[448.167s][info][gc,metaspace   ] GC(212) Metaspace: 22603K(22912K)->22603K(22912K) NonClass: 19801K(19968K)->19801K(19968K) Class: 2802K(2944K)->2802K(2944K)
[448.167s][info][gc             ] GC(212) Pause Young (Allocation Failure) 2489M->246M(7918M) 623.795ms
[448.167s][info][gc,cpu         ] GC(212) User=0.59s Sys=0.02s Real=0.61s
[449.605s][info][gc,start       ] GC(213) Pause Young (Allocation Failure)
[450.338s][info][gc,heap        ] GC(213) DefNew: 2385723K(2516544K)->162583K(2516544K) Eden: 2236928K(2236928K)->0K(2236928K) From: 148795K(279616K)->162583K(279616K)
[450.338s][info][gc,heap        ] GC(213) Tenured: 103504K(5592448K)->106813K(5592448K)
[450.338s][info][gc,metaspace   ] GC(213) Metaspace: 22603K(22912K)->22603K(22912K) NonClass: 19801K(19968K)->19801K(19968K) Class: 2802K(2944K)->2802K(2944K)
[450.338s][info][gc             ] GC(213) Pause Young (Allocation Failure) 2430M->263M(7918M) 733.471ms
[450.338s][info][gc,cpu         ] GC(213) User=0.73s Sys=0.00s Real=0.73s
[451.934s][info][gc,start       ] GC(214) Pause Young (Allocation Failure)
[452.733s][info][gc,heap        ] GC(214) DefNew: 2399511K(2516544K)->187155K(2516544K) Eden: 2236928K(2236928K)->0K(2236928K) From: 162583K(279616K)->187155K(279616K)
[452.733s][info][gc,heap        ] GC(214) Tenured: 106813K(5592448K)->107596K(5592448K)
[452.733s][info][gc,metaspace   ] GC(214) Metaspace: 22603K(22912K)->22603K(22912K) NonClass: 19801K(19968K)->19801K(19968K) Class: 2802K(2944K)->2802K(2944K)
[452.733s][info][gc             ] GC(214) Pause Young (Allocation Failure) 2447M->287M(7918M) 799.385ms
[452.733s][info][gc,cpu         ] GC(214) User=0.80s Sys=0.00s Real=0.79s
[454.413s][info][gc,start       ] GC(215) Pause Young (Allocation Failure)
[454.826s][info][gc,heap        ] GC(215) DefNew: 2424083K(2516544K)->91579K(2516544K) Eden: 2236928K(2236928K)->0K(2236928K) From: 187155K(279616K)->91579K(279616K)
[454.826s][info][gc,heap        ] GC(215) Tenured: 107596K(5592448K)->107597K(5592448K)
[454.826s][info][gc,metaspace   ] GC(215) Metaspace: 22603K(22912K)->22603K(22912K) NonClass: 19801K(19968K)->19801K(19968K) Class: 2802K(2944K)->2802K(2944K)
[454.826s][info][gc             ] GC(215) Pause Young (Allocation Failure) 2472M->194M(7918M) 413.314ms
[454.826s][info][gc,cpu         ] GC(215) User=0.41s Sys=0.00s Real=0.40s
[455.996s][info][gc,start       ] GC(216) Pause Young (Allocation Failure)
[456.832s][info][gc,heap        ] GC(216) DefNew: 2328507K(2516544K)->188823K(2516544K) Eden: 2236928K(2236928K)->0K(2236928K) From: 91579K(279616K)->188823K(279616K)
[456.832s][info][gc,heap        ] GC(216) Tenured: 107597K(5592448K)->107597K(5592448K)
[456.832s][info][gc,metaspace   ] GC(216) Metaspace: 22603K(22912K)->22603K(22912K) NonClass: 19801K(19968K)->19801K(19968K) Class: 2802K(2944K)->2802K(2944K)
[456.832s][info][gc             ] GC(216) Pause Young (Allocation Failure) 2379M->289M(7918M) 836.132ms
[456.832s][info][gc,cpu         ] GC(216) User=0.81s Sys=0.00s Real=0.83s
[457.601s][info][gc,start       ] GC(217) Pause Full (System.gc())
[457.601s][info][gc,phases,start] GC(217) Phase 1: Mark live objects
[457.801s][info][gc,phases      ] GC(217) Phase 1: Mark live objects 199.775ms
[457.801s][info][gc,phases,start] GC(217) Phase 2: Compute new object addresses
[457.960s][info][gc,phases      ] GC(217) Phase 2: Compute new object addresses 159.003ms
[457.960s][info][gc,phases,start] GC(217) Phase 3: Adjust pointers
[458.098s][info][gc,phases      ] GC(217) Phase 3: Adjust pointers 137.640ms
[458.098s][info][gc,phases,start] GC(217) Phase 4: Move objects
[458.166s][info][gc,phases      ] GC(217) Phase 4: Move objects 68.587ms
[458.166s][info][gc,heap        ] GC(217) DefNew: 904736K(2516544K)->0K(2516544K) Eden: 715913K(2236928K)->0K(2236928K) From: 188823K(279616K)->0K(279616K)
[458.166s][info][gc,heap        ] GC(217) Tenured: 107597K(5592448K)->204521K(5592448K)
[458.166s][info][gc,metaspace   ] GC(217) Metaspace: 22604K(22912K)->22604K(22912K) NonClass: 19801K(19968K)->19801K(19968K) Class: 2802K(2944K)->2802K(2944K)
[458.166s][info][gc             ] GC(217) Pause Full (System.gc()) 988M->199M(7918M) 565.419ms
[458.166s][info][gc,cpu         ] GC(217) User=0.56s Sys=0.00s Real=0.57s
[459.460s][info][gc,start       ] GC(218) Pause Young (Allocation Failure)
[460.355s][info][gc,heap        ] GC(218) DefNew: 2236928K(2516544K)->199978K(2516544K) Eden: 2236928K(2236928K)->0K(2236928K) From: 0K(279616K)->199978K(279616K)
[460.355s][info][gc,heap        ] GC(218) Tenured: 204521K(5592448K)->204521K(5592448K)
[460.355s][info][gc,metaspace   ] GC(218) Metaspace: 22604K(22912K)->22604K(22912K) NonClass: 19801K(19968K)->19801K(19968K) Class: 2802K(2944K)->2802K(2944K)
[460.355s][info][gc             ] GC(218) Pause Young (Allocation Failure) 2384M->395M(7918M) 894.827ms
[460.355s][info][gc,cpu         ] GC(218) User=0.88s Sys=0.02s Real=0.89s
[462.196s][info][gc,start       ] GC(219) Pause Young (Allocation Failure)
[462.792s][info][gc,heap        ] GC(219) DefNew: 2436906K(2516544K)->129147K(2516544K) Eden: 2236928K(2236928K)->0K(2236928K) From: 199978K(279616K)->129147K(279616K)
[462.792s][info][gc,heap        ] GC(219) Tenured: 204521K(5592448K)->204522K(5592448K)
[462.792s][info][gc,metaspace   ] GC(219) Metaspace: 22604K(22912K)->22604K(22912K) NonClass: 19801K(19968K)->19801K(19968K) Class: 2802K(2944K)->2802K(2944K)
[462.792s][info][gc             ] GC(219) Pause Young (Allocation Failure) 2579M->325M(7918M) 595.852ms
[462.792s][info][gc,cpu         ] GC(219) User=0.58s Sys=0.00s Real=0.60s
[463.908s][info][gc,start       ] GC(220) Pause Young (Allocation Failure)
[464.850s][info][gc,heap        ] GC(220) DefNew: 2366075K(2516544K)->214140K(2516544K) Eden: 2236928K(2236928K)->0K(2236928K) From: 129147K(279616K)->214140K(279616K)
[464.850s][info][gc,heap        ] GC(220) Tenured: 204522K(5592448K)->204522K(5592448K)
[464.850s][info][gc,metaspace   ] GC(220) Metaspace: 22604K(22912K)->22604K(22912K) NonClass: 19801K(19968K)->19801K(19968K) Class: 2802K(2944K)->2802K(2944K)
[464.850s][info][gc             ] GC(220) Pause Young (Allocation Failure) 2510M->408M(7918M) 941.734ms
[464.850s][info][gc,cpu         ] GC(220) User=0.94s Sys=0.00s Real=0.94s
[466.712s][info][gc,start       ] GC(221) Pause Young (Allocation Failure)
[467.358s][info][gc,heap        ] GC(221) DefNew: 2451068K(2516544K)->157671K(2516544K) Eden: 2236928K(2236928K)->0K(2236928K) From: 214140K(279616K)->157671K(279616K)
[467.358s][info][gc,heap        ] GC(221) Tenured: 204522K(5592448K)->204522K(5592448K)
[467.358s][info][gc,metaspace   ] GC(221) Metaspace: 22604K(22912K)->22604K(22912K) NonClass: 19801K(19968K)->19801K(19968K) Class: 2802K(2944K)->2802K(2944K)
[467.359s][info][gc             ] GC(221) Pause Young (Allocation Failure) 2593M->353M(7918M) 646.734ms
[467.359s][info][gc,cpu         ] GC(221) User=0.64s Sys=0.00s Real=0.65s
[468.655s][info][gc,start       ] GC(222) Pause Young (Allocation Failure)
[469.493s][info][gc,heap        ] GC(222) DefNew: 2394599K(2516544K)->179884K(2516544K) Eden: 2236928K(2236928K)->0K(2236928K) From: 157671K(279616K)->179884K(279616K)
[469.493s][info][gc,heap        ] GC(222) Tenured: 204522K(5592448K)->209565K(5592448K)
[469.493s][info][gc,metaspace   ] GC(222) Metaspace: 22604K(22912K)->22604K(22912K) NonClass: 19801K(19968K)->19801K(19968K) Class: 2802K(2944K)->2802K(2944K)
[469.493s][info][gc             ] GC(222) Pause Young (Allocation Failure) 2538M->380M(7918M) 837.501ms
[469.493s][info][gc,cpu         ] GC(222) User=0.84s Sys=0.00s Real=0.84s
[471.113s][info][gc,start       ] GC(223) Pause Young (Allocation Failure)
[471.701s][info][gc,heap        ] GC(223) DefNew: 2416812K(2516544K)->137109K(2516544K) Eden: 2236928K(2236928K)->0K(2236928K) From: 179884K(279616K)->137109K(279616K)
[471.701s][info][gc,heap        ] GC(223) Tenured: 209565K(5592448K)->209983K(5592448K)
[471.701s][info][gc,metaspace   ] GC(223) Metaspace: 22616K(22976K)->22616K(22976K) NonClass: 19814K(20032K)->19814K(20032K) Class: 2802K(2944K)->2802K(2944K)
[471.701s][info][gc             ] GC(223) Pause Young (Allocation Failure) 2564M->338M(7918M) 587.295ms
[471.701s][info][gc,cpu         ] GC(223) User=0.59s Sys=0.00s Real=0.59s
[472.541s][info][gc,start       ] GC(224) Pause Full (System.gc())
[472.542s][info][gc,phases,start] GC(224) Phase 1: Mark live objects
[472.723s][info][gc,phases      ] GC(224) Phase 1: Mark live objects 181.510ms
[472.723s][info][gc,phases,start] GC(224) Phase 2: Compute new object addresses
[472.901s][info][gc,phases      ] GC(224) Phase 2: Compute new object addresses 177.661ms
[472.901s][info][gc,phases,start] GC(224) Phase 3: Adjust pointers
[473.043s][info][gc,phases      ] GC(224) Phase 3: Adjust pointers 141.709ms
[473.043s][info][gc,phases,start] GC(224) Phase 4: Move objects
[473.124s][info][gc,phases      ] GC(224) Phase 4: Move objects 81.385ms
[473.124s][info][gc,heap        ] GC(224) DefNew: 1052820K(2516544K)->0K(2516544K) Eden: 915711K(2236928K)->0K(2236928K) From: 137109K(279616K)->0K(279616K)
[473.124s][info][gc,heap        ] GC(224) Tenured: 209983K(5592448K)->306920K(5592448K)
[473.124s][info][gc,metaspace   ] GC(224) Metaspace: 22616K(22976K)->22616K(22976K) NonClass: 19814K(20032K)->19814K(20032K) Class: 2802K(2944K)->2802K(2944K)
[473.124s][info][gc             ] GC(224) Pause Full (System.gc()) 1233M->299M(7918M) 582.864ms
[473.124s][info][gc,cpu         ] GC(224) User=0.58s Sys=0.00s Real=0.58s
[474.303s][info][gc,start       ] GC(225) Pause Young (Allocation Failure)
[475.104s][info][gc,heap        ] GC(225) DefNew: 2236928K(2516544K)->180576K(2516544K) Eden: 2236928K(2236928K)->0K(2236928K) From: 0K(279616K)->180576K(279616K)
[475.104s][info][gc,heap        ] GC(225) Tenured: 306920K(5592448K)->306920K(5592448K)
[475.104s][info][gc,metaspace   ] GC(225) Metaspace: 22621K(22976K)->22621K(22976K) NonClass: 19819K(20032K)->19819K(20032K) Class: 2802K(2944K)->2802K(2944K)
[475.104s][info][gc             ] GC(225) Pause Young (Allocation Failure) 2484M->476M(7918M) 801.089ms
[475.104s][info][gc,cpu         ] GC(225) User=0.80s Sys=0.02s Real=0.79s
[476.923s][info][gc,start       ] GC(226) Pause Young (Allocation Failure)
[477.445s][info][gc,heap        ] GC(226) DefNew: 2417504K(2516544K)->118708K(2516544K) Eden: 2236928K(2236928K)->0K(2236928K) From: 180576K(279616K)->118708K(279616K)
[477.445s][info][gc,heap        ] GC(226) Tenured: 306920K(5592448K)->306921K(5592448K)
[477.445s][info][gc,metaspace   ] GC(226) Metaspace: 22621K(22976K)->22621K(22976K) NonClass: 19819K(20032K)->19819K(20032K) Class: 2802K(2944K)->2802K(2944K)
[477.445s][info][gc             ] GC(226) Pause Young (Allocation Failure) 2660M->415M(7918M) 521.286ms
[477.445s][info][gc,cpu         ] GC(226) User=0.52s Sys=0.00s Real=0.52s
[478.635s][info][gc,start       ] GC(227) Pause Young (Allocation Failure)
[479.528s][info][gc,heap        ] GC(227) DefNew: 2355636K(2516544K)->204825K(2516544K) Eden: 2236928K(2236928K)->0K(2236928K) From: 118708K(279616K)->204825K(279616K)
[479.528s][info][gc,heap        ] GC(227) Tenured: 306921K(5592448K)->306921K(5592448K)
[479.528s][info][gc,metaspace   ] GC(227) Metaspace: 22621K(22976K)->22621K(22976K) NonClass: 19819K(20032K)->19819K(20032K) Class: 2802K(2944K)->2802K(2944K)
[479.528s][info][gc             ] GC(227) Pause Young (Allocation Failure) 2600M->499M(7918M) 893.007ms
[479.528s][info][gc,cpu         ] GC(227) User=0.89s Sys=0.00s Real=0.89s
[481.320s][info][gc,start       ] GC(228) Pause Young (Allocation Failure)
[481.919s][info][gc,heap        ] GC(228) DefNew: 2441753K(2516544K)->141647K(2516544K) Eden: 2236928K(2236928K)->0K(2236928K) From: 204825K(279616K)->141647K(279616K)
[481.919s][info][gc,heap        ] GC(228) Tenured: 306921K(5592448K)->306921K(5592448K)
[481.919s][info][gc,metaspace   ] GC(228) Metaspace: 22621K(22976K)->22621K(22976K) NonClass: 19819K(20032K)->19819K(20032K) Class: 2802K(2944K)->2802K(2944K)
[481.919s][info][gc             ] GC(228) Pause Young (Allocation Failure) 2684M->438M(7918M) 598.293ms
[481.919s][info][gc,cpu         ] GC(228) User=0.59s Sys=0.00s Real=0.59s
[483.334s][info][gc,start       ] GC(229) Pause Young (Allocation Failure)
[484.174s][info][gc,heap        ] GC(229) DefNew: 2378575K(2516544K)->183671K(2516544K) Eden: 2236928K(2236928K)->0K(2236928K) From: 141647K(279616K)->183671K(279616K)
[484.174s][info][gc,heap        ] GC(229) Tenured: 306921K(5592448K)->311332K(5592448K)
[484.174s][info][gc,metaspace   ] GC(229) Metaspace: 22621K(22976K)->22621K(22976K) NonClass: 19819K(20032K)->19819K(20032K) Class: 2802K(2944K)->2802K(2944K)
[484.174s][info][gc             ] GC(229) Pause Young (Allocation Failure) 2622M->483M(7918M) 840.557ms
[484.174s][info][gc,cpu         ] GC(229) User=0.83s Sys=0.02s Real=0.83s
[485.857s][info][gc,start       ] GC(230) Pause Young (Allocation Failure)
[486.623s][info][gc,heap        ] GC(230) DefNew: 2420599K(2516544K)->175855K(2516544K) Eden: 2236928K(2236928K)->0K(2236928K) From: 183671K(279616K)->175855K(279616K)
[486.623s][info][gc,heap        ] GC(230) Tenured: 311332K(5592448K)->312520K(5592448K)
[486.623s][info][gc,metaspace   ] GC(230) Metaspace: 22621K(22976K)->22621K(22976K) NonClass: 19819K(20032K)->19819K(20032K) Class: 2802K(2944K)->2802K(2944K)
[486.623s][info][gc             ] GC(230) Pause Young (Allocation Failure) 2667M->476M(7918M) 766.452ms
[486.623s][info][gc,cpu         ] GC(230) User=0.75s Sys=0.02s Real=0.77s
[487.393s][info][gc,start       ] GC(231) Pause Full (System.gc())
[487.393s][info][gc,phases,start] GC(231) Phase 1: Mark live objects
[487.577s][info][gc,phases      ] GC(231) Phase 1: Mark live objects 184.315ms
[487.577s][info][gc,phases,start] GC(231) Phase 2: Compute new object addresses
[487.738s][info][gc,phases      ] GC(231) Phase 2: Compute new object addresses 160.923ms
[487.738s][info][gc,phases,start] GC(231) Phase 3: Adjust pointers
[487.875s][info][gc,phases      ] GC(231) Phase 3: Adjust pointers 136.197ms
[487.875s][info][gc,phases,start] GC(231) Phase 4: Move objects
[487.945s][info][gc,phases      ] GC(231) Phase 4: Move objects 70.035ms
[487.945s][info][gc,heap        ] GC(231) DefNew: 931009K(2516544K)->0K(2516544K) Eden: 755154K(2236928K)->0K(2236928K) From: 175855K(279616K)->0K(279616K)
[487.945s][info][gc,heap        ] GC(231) Tenured: 312520K(5592448K)->370060K(5592448K)
[487.945s][info][gc,metaspace   ] GC(231) Metaspace: 22621K(22976K)->22621K(22976K) NonClass: 19819K(20032K)->19819K(20032K) Class: 2802K(2944K)->2802K(2944K)
[487.945s][info][gc             ] GC(231) Pause Full (System.gc()) 1214M->361M(7918M) 551.956ms
[487.945s][info][gc,cpu         ] GC(231) User=0.56s Sys=0.00s Real=0.56s
[489.239s][info][gc,start       ] GC(232) Pause Young (Allocation Failure)
[490.137s][info][gc,heap        ] GC(232) DefNew: 2236928K(2516544K)->203424K(2516544K) Eden: 2236928K(2236928K)->0K(2236928K) From: 0K(279616K)->203424K(279616K)
[490.137s][info][gc,heap        ] GC(232) Tenured: 370060K(5592448K)->370060K(5592448K)
[490.137s][info][gc,metaspace   ] GC(232) Metaspace: 22621K(22976K)->22621K(22976K) NonClass: 19819K(20032K)->19819K(20032K) Class: 2802K(2944K)->2802K(2944K)
[490.137s][info][gc             ] GC(232) Pause Young (Allocation Failure) 2545M->560M(7918M) 898.038ms
[490.137s][info][gc,cpu         ] GC(232) User=0.91s Sys=0.00s Real=0.90s
[491.897s][info][gc,start       ] GC(233) Pause Young (Allocation Failure)
[492.463s][info][gc,heap        ] GC(233) DefNew: 2440352K(2516544K)->133698K(2516544K) Eden: 2236928K(2236928K)->0K(2236928K) From: 203424K(279616K)->133698K(279616K)
[492.463s][info][gc,heap        ] GC(233) Tenured: 370060K(5592448K)->370062K(5592448K)
[492.463s][info][gc,metaspace   ] GC(233) Metaspace: 22621K(22976K)->22621K(22976K) NonClass: 19819K(20032K)->19819K(20032K) Class: 2802K(2944K)->2802K(2944K)
[492.463s][info][gc             ] GC(233) Pause Young (Allocation Failure) 2744M->491M(7918M) 565.556ms
[492.463s][info][gc,cpu         ] GC(233) User=0.56s Sys=0.00s Real=0.56s
[493.584s][info][gc,start       ] GC(234) Pause Young (Allocation Failure)
[494.532s][info][gc,heap        ] GC(234) DefNew: 2370626K(2516544K)->215275K(2516544K) Eden: 2236928K(2236928K)->0K(2236928K) From: 133698K(279616K)->215275K(279616K)
[494.532s][info][gc,heap        ] GC(234) Tenured: 370062K(5592448K)->370062K(5592448K)
[494.532s][info][gc,metaspace   ] GC(234) Metaspace: 22621K(22976K)->22621K(22976K) NonClass: 19819K(20032K)->19819K(20032K) Class: 2802K(2944K)->2802K(2944K)
[494.533s][info][gc             ] GC(234) Pause Young (Allocation Failure) 2676M->571M(7918M) 948.675ms
[494.533s][info][gc,cpu         ] GC(234) User=0.91s Sys=0.00s Real=0.94s
[496.158s][info][gc,start       ] GC(235) Pause Young (Allocation Failure)
[496.782s][info][gc,heap        ] GC(235) DefNew: 2452203K(2516544K)->146160K(2516544K) Eden: 2236928K(2236928K)->0K(2236928K) From: 215275K(279616K)->146160K(279616K)
[496.782s][info][gc,heap        ] GC(235) Tenured: 370062K(5592448K)->370062K(5592448K)
[496.782s][info][gc,metaspace   ] GC(235) Metaspace: 22621K(22976K)->22621K(22976K) NonClass: 19819K(20032K)->19819K(20032K) Class: 2802K(2944K)->2802K(2944K)
[496.782s][info][gc             ] GC(235) Pause Young (Allocation Failure) 2756M->504M(7918M) 624.780ms
[496.782s][info][gc,cpu         ] GC(235) User=0.61s Sys=0.00s Real=0.62s
[498.312s][info][gc,start       ] GC(236) Pause Young (Allocation Failure)
[498.954s][info][gc,heap        ] GC(236) DefNew: 2383088K(2516544K)->144237K(2516544K) Eden: 2236928K(2236928K)->0K(2236928K) From: 146160K(279616K)->144237K(279616K)
[498.954s][info][gc,heap        ] GC(236) Tenured: 370062K(5592448K)->371942K(5592448K)
[498.954s][info][gc,metaspace   ] GC(236) Metaspace: 22621K(22976K)->22621K(22976K) NonClass: 19819K(20032K)->19819K(20032K) Class: 2802K(2944K)->2802K(2944K)
[498.954s][info][gc             ] GC(236) Pause Young (Allocation Failure) 2688M->504M(7918M) 642.303ms
[498.954s][info][gc,cpu         ] GC(236) User=0.62s Sys=0.02s Real=0.65s
[500.585s][info][gc,start       ] GC(237) Pause Young (Allocation Failure)
[501.408s][info][gc,heap        ] GC(237) DefNew: 2381165K(2516544K)->190610K(2516544K) Eden: 2236928K(2236928K)->0K(2236928K) From: 144237K(279616K)->190610K(279616K)
[501.408s][info][gc,heap        ] GC(237) Tenured: 371942K(5592448K)->372598K(5592448K)
[501.408s][info][gc,metaspace   ] GC(237) Metaspace: 22621K(22976K)->22621K(22976K) NonClass: 19819K(20032K)->19819K(20032K) Class: 2802K(2944K)->2802K(2944K)
[501.408s][info][gc             ] GC(237) Pause Young (Allocation Failure) 2688M->550M(7918M) 823.179ms
[501.408s][info][gc,cpu         ] GC(237) User=0.81s Sys=0.00s Real=0.82s
[502.119s][info][gc,start       ] GC(238) Pause Full (System.gc())
[502.120s][info][gc,phases,start] GC(238) Phase 1: Mark live objects
[502.311s][info][gc,phases      ] GC(238) Phase 1: Mark live objects 191.542ms
[502.311s][info][gc,phases,start] GC(238) Phase 2: Compute new object addresses
[502.453s][info][gc,phases      ] GC(238) Phase 2: Compute new object addresses 142.202ms
[502.453s][info][gc,phases,start] GC(238) Phase 3: Adjust pointers
[502.586s][info][gc,phases      ] GC(238) Phase 3: Adjust pointers 132.379ms
[502.586s][info][gc,phases,start] GC(238) Phase 4: Move objects
[502.649s][info][gc,phases      ] GC(238) Phase 4: Move objects 63.283ms
[502.649s][info][gc,heap        ] GC(238) DefNew: 792211K(2516544K)->0K(2516544K) Eden: 601601K(2236928K)->0K(2236928K) From: 190610K(279616K)->0K(279616K)
[502.649s][info][gc,heap        ] GC(238) Tenured: 372598K(5592448K)->103424K(5592448K)
[502.649s][info][gc,metaspace   ] GC(238) Metaspace: 22621K(22976K)->22621K(22976K) NonClass: 19819K(20032K)->19819K(20032K) Class: 2802K(2944K)->2802K(2944K)
[502.649s][info][gc             ] GC(238) Pause Full (System.gc()) 1137M->101M(7918M) 529.909ms
[502.649s][info][gc,cpu         ] GC(238) User=0.53s Sys=0.00s Real=0.52s
[503.869s][info][gc,start       ] GC(239) Pause Young (Allocation Failure)
[504.692s][info][gc,heap        ] GC(239) DefNew: 2236928K(2516544K)->187078K(2516544K) Eden: 2236928K(2236928K)->0K(2236928K) From: 0K(279616K)->187078K(279616K)
[504.692s][info][gc,heap        ] GC(239) Tenured: 103424K(5592448K)->103424K(5592448K)
[504.692s][info][gc,metaspace   ] GC(239) Metaspace: 22623K(22976K)->22623K(22976K) NonClass: 19820K(20032K)->19820K(20032K) Class: 2802K(2944K)->2802K(2944K)
[504.692s][info][gc             ] GC(239) Pause Young (Allocation Failure) 2285M->283M(7918M) 822.421ms
[504.692s][info][gc,cpu         ] GC(239) User=0.81s Sys=0.00s Real=0.81s
[506.457s][info][gc,start       ] GC(240) Pause Young (Allocation Failure)
[506.891s][info][gc,heap        ] GC(240) DefNew: 2424006K(2516544K)->99797K(2516544K) Eden: 2236928K(2236928K)->0K(2236928K) From: 187078K(279616K)->99797K(279616K)
[506.891s][info][gc,heap        ] GC(240) Tenured: 103424K(5592448K)->103425K(5592448K)
[506.891s][info][gc,metaspace   ] GC(240) Metaspace: 22623K(22976K)->22623K(22976K) NonClass: 19820K(20032K)->19820K(20032K) Class: 2802K(2944K)->2802K(2944K)
[506.891s][info][gc             ] GC(240) Pause Young (Allocation Failure) 2468M->198M(7918M) 434.123ms
[506.891s][info][gc,cpu         ] GC(240) User=0.44s Sys=0.00s Real=0.43s
[508.166s][info][gc,start       ] GC(241) Pause Young (Allocation Failure)
[509.051s][info][gc,heap        ] GC(241) DefNew: 2336725K(2516544K)->200093K(2516544K) Eden: 2236928K(2236928K)->0K(2236928K) From: 99797K(279616K)->200093K(279616K)
[509.051s][info][gc,heap        ] GC(241) Tenured: 103425K(5592448K)->103425K(5592448K)
[509.051s][info][gc,metaspace   ] GC(241) Metaspace: 22623K(22976K)->22623K(22976K) NonClass: 19820K(20032K)->19820K(20032K) Class: 2802K(2944K)->2802K(2944K)
[509.051s][info][gc             ] GC(241) Pause Young (Allocation Failure) 2382M->296M(7918M) 884.919ms
[509.051s][info][gc,cpu         ] GC(241) User=0.86s Sys=0.00s Real=0.88s
[510.890s][info][gc,start       ] GC(242) Pause Young (Allocation Failure)
[511.507s][info][gc,heap        ] GC(242) DefNew: 2437021K(2516544K)->144593K(2516544K) Eden: 2236928K(2236928K)->0K(2236928K) From: 200093K(279616K)->144593K(279616K)
[511.507s][info][gc,heap        ] GC(242) Tenured: 103425K(5592448K)->103426K(5592448K)
[511.507s][info][gc,metaspace   ] GC(242) Metaspace: 22623K(22976K)->22623K(22976K) NonClass: 19820K(20032K)->19820K(20032K) Class: 2802K(2944K)->2802K(2944K)
[511.507s][info][gc             ] GC(242) Pause Young (Allocation Failure) 2480M->242M(7918M) 616.734ms
[511.507s][info][gc,cpu         ] GC(242) User=0.61s Sys=0.00s Real=0.62s
[512.731s][info][gc,start       ] GC(243) Pause Young (Allocation Failure)
[513.716s][info][gc,heap        ] GC(243) DefNew: 2381521K(2516544K)->203544K(2516544K) Eden: 2236928K(2236928K)->0K(2236928K) From: 144593K(279616K)->203544K(279616K)
[513.717s][info][gc,heap        ] GC(243) Tenured: 103426K(5592448K)->120077K(5592448K)
[513.717s][info][gc,metaspace   ] GC(243) Metaspace: 22623K(22976K)->22623K(22976K) NonClass: 19820K(20032K)->19820K(20032K) Class: 2802K(2944K)->2802K(2944K)
[513.717s][info][gc             ] GC(243) Pause Young (Allocation Failure) 2426M->316M(7918M) 985.368ms
[513.717s][info][gc,cpu         ] GC(243) User=0.98s Sys=0.00s Real=0.98s
[515.284s][info][gc,start       ] GC(244) Pause Young (Allocation Failure)
[515.950s][info][gc,heap        ] GC(244) DefNew: 2440472K(2516544K)->151068K(2516544K) Eden: 2236928K(2236928K)->0K(2236928K) From: 203544K(279616K)->151068K(279616K)
[515.950s][info][gc,heap        ] GC(244) Tenured: 120077K(5592448K)->125085K(5592448K)
[515.950s][info][gc,metaspace   ] GC(244) Metaspace: 22623K(22976K)->22623K(22976K) NonClass: 19820K(20032K)->19820K(20032K) Class: 2802K(2944K)->2802K(2944K)
[515.950s][info][gc             ] GC(244) Pause Young (Allocation Failure) 2500M->269M(7918M) 665.951ms
[515.950s][info][gc,cpu         ] GC(244) User=0.67s Sys=0.00s Real=0.66s
[516.778s][info][gc,start       ] GC(245) Pause Full (System.gc())
[516.778s][info][gc,phases,start] GC(245) Phase 1: Mark live objects
[516.957s][info][gc,phases      ] GC(245) Phase 1: Mark live objects 179.589ms
[516.957s][info][gc,phases,start] GC(245) Phase 2: Compute new object addresses
[517.150s][info][gc,phases      ] GC(245) Phase 2: Compute new object addresses 192.853ms
[517.150s][info][gc,phases,start] GC(245) Phase 3: Adjust pointers
[517.295s][info][gc,phases      ] GC(245) Phase 3: Adjust pointers 145.076ms
[517.296s][info][gc,phases,start] GC(245) Phase 4: Move objects
[517.381s][info][gc,phases      ] GC(245) Phase 4: Move objects 85.620ms
[517.381s][info][gc,heap        ] GC(245) DefNew: 1145348K(2516544K)->0K(2516544K) Eden: 994280K(2236928K)->0K(2236928K) From: 151068K(279616K)->0K(279616K)
[517.381s][info][gc,heap        ] GC(245) Tenured: 125085K(5592448K)->221930K(5592448K)
[517.381s][info][gc,metaspace   ] GC(245) Metaspace: 22623K(22976K)->22623K(22976K) NonClass: 19820K(20032K)->19820K(20032K) Class: 2802K(2944K)->2802K(2944K)
[517.381s][info][gc             ] GC(245) Pause Full (System.gc()) 1240M->216M(7918M) 603.572ms
[517.381s][info][gc,cpu         ] GC(245) User=0.58s Sys=0.02s Real=0.61s
[518.769s][info][gc,start       ] GC(246) Pause Young (Allocation Failure)
[519.687s][info][gc,heap        ] GC(246) DefNew: 2236928K(2516544K)->208340K(2516544K) Eden: 2236928K(2236928K)->0K(2236928K) From: 0K(279616K)->208340K(279616K)
[519.687s][info][gc,heap        ] GC(246) Tenured: 221930K(5592448K)->221930K(5592448K)
[519.687s][info][gc,metaspace   ] GC(246) Metaspace: 22625K(22976K)->22625K(22976K) NonClass: 19823K(20032K)->19823K(20032K) Class: 2802K(2944K)->2802K(2944K)
[519.687s][info][gc             ] GC(246) Pause Young (Allocation Failure) 2401M->420M(7918M) 918.707ms
[519.687s][info][gc,cpu         ] GC(246) User=0.92s Sys=0.00s Real=0.92s
[521.419s][info][gc,start       ] GC(247) Pause Young (Allocation Failure)
[521.948s][info][gc,heap        ] GC(247) DefNew: 2445268K(2516544K)->123336K(2516544K) Eden: 2236928K(2236928K)->0K(2236928K) From: 208340K(279616K)->123336K(279616K)
[521.948s][info][gc,heap        ] GC(247) Tenured: 221930K(5592448K)->221932K(5592448K)
[521.948s][info][gc,metaspace   ] GC(247) Metaspace: 22625K(22976K)->22625K(22976K) NonClass: 19823K(20032K)->19823K(20032K) Class: 2802K(2944K)->2802K(2944K)
[521.948s][info][gc             ] GC(247) Pause Young (Allocation Failure) 2604M->337M(7918M) 529.612ms
[521.948s][info][gc,cpu         ] GC(247) User=0.53s Sys=0.00s Real=0.53s
[523.174s][info][gc,start       ] GC(248) Pause Young (Allocation Failure)
[524.155s][info][gc,heap        ] GC(248) DefNew: 2360264K(2516544K)->225077K(2516544K) Eden: 2236928K(2236928K)->0K(2236928K) From: 123336K(279616K)->225077K(279616K)
[524.155s][info][gc,heap        ] GC(248) Tenured: 221932K(5592448K)->221932K(5592448K)
[524.155s][info][gc,metaspace   ] GC(248) Metaspace: 22626K(22976K)->22626K(22976K) NonClass: 19823K(20032K)->19823K(20032K) Class: 2802K(2944K)->2802K(2944K)
[524.155s][info][gc             ] GC(248) Pause Young (Allocation Failure) 2521M->436M(7918M) 980.773ms
[524.155s][info][gc,cpu         ] GC(248) User=0.98s Sys=0.00s Real=0.97s
[525.750s][info][gc,start       ] GC(249) Pause Young (Allocation Failure)
[526.383s][info][gc,heap        ] GC(249) DefNew: 2462005K(2516544K)->147172K(2516544K) Eden: 2236928K(2236928K)->0K(2236928K) From: 225077K(279616K)->147172K(279616K)
[526.383s][info][gc,heap        ] GC(249) Tenured: 221932K(5592448K)->221932K(5592448K)
[526.383s][info][gc,metaspace   ] GC(249) Metaspace: 22626K(22976K)->22626K(22976K) NonClass: 19823K(20032K)->19823K(20032K) Class: 2802K(2944K)->2802K(2944K)
[526.383s][info][gc             ] GC(249) Pause Young (Allocation Failure) 2621M->360M(7918M) 632.806ms
[526.383s][info][gc,cpu         ] GC(249) User=0.62s Sys=0.00s Real=0.64s
[527.919s][info][gc,start       ] GC(250) Pause Young (Allocation Failure)
[528.547s][info][gc,heap        ] GC(250) DefNew: 2384100K(2516544K)->141822K(2516544K) Eden: 2236928K(2236928K)->0K(2236928K) From: 147172K(279616K)->141822K(279616K)
[528.547s][info][gc,heap        ] GC(250) Tenured: 221932K(5592448K)->223753K(5592448K)
[528.547s][info][gc,metaspace   ] GC(250) Metaspace: 22626K(22976K)->22626K(22976K) NonClass: 19823K(20032K)->19823K(20032K) Class: 2802K(2944K)->2802K(2944K)
[528.547s][info][gc             ] GC(250) Pause Young (Allocation Failure) 2544M->357M(7918M) 628.626ms
[528.547s][info][gc,cpu         ] GC(250) User=0.62s Sys=0.00s Real=0.64s
[529.948s][info][gc,start       ] GC(251) Pause Young (Allocation Failure)
[530.713s][info][gc,heap        ] GC(251) DefNew: 2378750K(2516544K)->175984K(2516544K) Eden: 2236928K(2236928K)->0K(2236928K) From: 141822K(279616K)->175984K(279616K)
[530.713s][info][gc,heap        ] GC(251) Tenured: 223753K(5592448K)->224506K(5592448K)
[530.713s][info][gc,metaspace   ] GC(251) Metaspace: 22626K(22976K)->22626K(22976K) NonClass: 19823K(20032K)->19823K(20032K) Class: 2802K(2944K)->2802K(2944K)
[530.713s][info][gc             ] GC(251) Pause Young (Allocation Failure) 2541M->391M(7918M) 765.415ms
[530.713s][info][gc,cpu         ] GC(251) User=0.77s Sys=0.00s Real=0.76s
[531.448s][info][gc,start       ] GC(252) Pause Full (System.gc())
[531.448s][info][gc,phases,start] GC(252) Phase 1: Mark live objects
[531.663s][info][gc,phases      ] GC(252) Phase 1: Mark live objects 215.496ms
[531.663s][info][gc,phases,start] GC(252) Phase 2: Compute new object addresses
[531.831s][info][gc,phases      ] GC(252) Phase 2: Compute new object addresses 167.658ms
[531.831s][info][gc,phases,start] GC(252) Phase 3: Adjust pointers
[531.967s][info][gc,phases      ] GC(252) Phase 3: Adjust pointers 135.677ms
[531.967s][info][gc,phases,start] GC(252) Phase 4: Move objects
[532.039s][info][gc,phases      ] GC(252) Phase 4: Move objects 72.397ms
[532.039s][info][gc,heap        ] GC(252) DefNew: 986303K(2516544K)->0K(2516544K) Eden: 810318K(2236928K)->0K(2236928K) From: 175984K(279616K)->0K(279616K)
[532.039s][info][gc,heap        ] GC(252) Tenured: 224506K(5592448K)->321530K(5592448K)
[532.039s][info][gc,metaspace   ] GC(252) Metaspace: 22626K(22976K)->22626K(22976K) NonClass: 19824K(20032K)->19824K(20032K) Class: 2802K(2944K)->2802K(2944K)
[532.039s][info][gc             ] GC(252) Pause Full (System.gc()) 1182M->313M(7918M) 591.647ms
[532.039s][info][gc,cpu         ] GC(252) User=0.56s Sys=0.00s Real=0.59s
[533.422s][info][gc,start       ] GC(253) Pause Young (Allocation Failure)
[534.327s][info][gc,heap        ] GC(253) DefNew: 2236928K(2516544K)->207233K(2516544K) Eden: 2236928K(2236928K)->0K(2236928K) From: 0K(279616K)->207233K(279616K)
[534.327s][info][gc,heap        ] GC(253) Tenured: 321530K(5592448K)->321530K(5592448K)
[534.327s][info][gc,metaspace   ] GC(253) Metaspace: 22626K(22976K)->22626K(22976K) NonClass: 19824K(20032K)->19824K(20032K) Class: 2802K(2944K)->2802K(2944K)
[534.327s][info][gc             ] GC(253) Pause Young (Allocation Failure) 2498M->516M(7918M) 905.704ms
[534.327s][info][gc,cpu         ] GC(253) User=0.91s Sys=0.00s Real=0.91s
[536.160s][info][gc,start       ] GC(254) Pause Young (Allocation Failure)
[536.796s][info][gc,heap        ] GC(254) DefNew: 2444161K(2516544K)->151359K(2516544K) Eden: 2236928K(2236928K)->0K(2236928K) From: 207233K(279616K)->151359K(279616K)
[536.796s][info][gc,heap        ] GC(254) Tenured: 321530K(5592448K)->321532K(5592448K)
[536.796s][info][gc,metaspace   ] GC(254) Metaspace: 22626K(22976K)->22626K(22976K) NonClass: 19824K(20032K)->19824K(20032K) Class: 2802K(2944K)->2802K(2944K)
[536.796s][info][gc             ] GC(254) Pause Young (Allocation Failure) 2700M->461M(7918M) 635.945ms
[536.796s][info][gc,cpu         ] GC(254) User=0.64s Sys=0.00s Real=0.64s
[538.508s][info][gc,start       ] GC(255) Pause Young (Allocation Failure)
[538.995s][info][gc,heap        ] GC(255) DefNew: 2388287K(2516544K)->110999K(2516544K) Eden: 2236928K(2236928K)->0K(2236928K) From: 151359K(279616K)->110999K(279616K)
[538.995s][info][gc,heap        ] GC(255) Tenured: 321532K(5592448K)->321532K(5592448K)
[538.995s][info][gc,metaspace   ] GC(255) Metaspace: 22626K(22976K)->22626K(22976K) NonClass: 19824K(20032K)->19824K(20032K) Class: 2802K(2944K)->2802K(2944K)
[538.995s][info][gc             ] GC(255) Pause Young (Allocation Failure) 2646M->422M(7918M) 486.726ms
[538.995s][info][gc,cpu         ] GC(255) User=0.48s Sys=0.00s Real=0.49s
[540.494s][info][gc,start       ] GC(256) Pause Young (Allocation Failure)
[541.354s][info][gc,heap        ] GC(256) DefNew: 2347927K(2516544K)->197218K(2516544K) Eden: 2236928K(2236928K)->0K(2236928K) From: 110999K(279616K)->197218K(279616K)
[541.354s][info][gc,heap        ] GC(256) Tenured: 321532K(5592448K)->321532K(5592448K)
[541.354s][info][gc,metaspace   ] GC(256) Metaspace: 22626K(22976K)->22626K(22976K) NonClass: 19824K(20032K)->19824K(20032K) Class: 2802K(2944K)->2802K(2944K)
[541.354s][info][gc             ] GC(256) Pause Young (Allocation Failure) 2606M->506M(7918M) 860.567ms
[541.354s][info][gc,cpu         ] GC(256) User=0.84s Sys=0.00s Real=0.86s
[543.199s][info][gc,start       ] GC(257) Pause Young (Allocation Failure)
[543.776s][info][gc,heap        ] GC(257) DefNew: 2434146K(2516544K)->136101K(2516544K) Eden: 2236928K(2236928K)->0K(2236928K) From: 197218K(279616K)->136101K(279616K)
[543.776s][info][gc,heap        ] GC(257) Tenured: 321532K(5592448K)->321532K(5592448K)
[543.776s][info][gc,metaspace   ] GC(257) Metaspace: 22626K(22976K)->22626K(22976K) NonClass: 19824K(20032K)->19824K(20032K) Class: 2802K(2944K)->2802K(2944K)
[543.776s][info][gc             ] GC(257) Pause Young (Allocation Failure) 2691M->446M(7918M) 576.545ms
[543.776s][info][gc,cpu         ] GC(257) User=0.58s Sys=0.00s Real=0.58s
[545.086s][info][gc,start       ] GC(258) Pause Young (Allocation Failure)
[546.046s][info][gc,heap        ] GC(258) DefNew: 2373029K(2516544K)->210402K(2516544K) Eden: 2236928K(2236928K)->0K(2236928K) From: 136101K(279616K)->210402K(279616K)
[546.046s][info][gc,heap        ] GC(258) Tenured: 321532K(5592448K)->321532K(5592448K)
[546.046s][info][gc,metaspace   ] GC(258) Metaspace: 22626K(22976K)->22626K(22976K) NonClass: 19824K(20032K)->19824K(20032K) Class: 2802K(2944K)->2802K(2944K)
[546.046s][info][gc             ] GC(258) Pause Young (Allocation Failure) 2631M->519M(7918M) 960.035ms
[546.046s][info][gc,cpu         ] GC(258) User=0.92s Sys=0.02s Real=0.97s
[546.536s][info][gc,start       ] GC(259) Pause Full (System.gc())
[546.536s][info][gc,phases,start] GC(259) Phase 1: Mark live objects
[546.721s][info][gc,phases      ] GC(259) Phase 1: Mark live objects 184.978ms
[546.721s][info][gc,phases,start] GC(259) Phase 2: Compute new object addresses
[546.815s][info][gc,phases      ] GC(259) Phase 2: Compute new object addresses 93.700ms
[546.815s][info][gc,phases,start] GC(259) Phase 3: Adjust pointers
[546.927s][info][gc,phases      ] GC(259) Phase 3: Adjust pointers 112.282ms
[546.927s][info][gc,phases,start] GC(259) Phase 4: Move objects
[546.968s][info][gc,phases      ] GC(259) Phase 4: Move objects 40.374ms
[546.968s][info][gc,heap        ] GC(259) DefNew: 479329K(2516544K)->0K(2516544K) Eden: 268927K(2236928K)->0K(2236928K) From: 210402K(279616K)->0K(279616K)
[546.968s][info][gc,heap        ] GC(259) Tenured: 321532K(5592448K)->374293K(5592448K)
[546.968s][info][gc,metaspace   ] GC(259) Metaspace: 22626K(22976K)->22626K(22976K) NonClass: 19824K(20032K)->19824K(20032K) Class: 2802K(2944K)->2802K(2944K)
[546.968s][info][gc             ] GC(259) Pause Full (System.gc()) 782M->365M(7918M) 431.787ms
[546.968s][info][gc,cpu         ] GC(259) User=0.44s Sys=0.00s Real=0.44s
[548.120s][info][gc,start       ] GC(260) Pause Young (Allocation Failure)
[548.920s][info][gc,heap        ] GC(260) DefNew: 2236928K(2516544K)->180129K(2516544K) Eden: 2236928K(2236928K)->0K(2236928K) From: 0K(279616K)->180129K(279616K)
[548.920s][info][gc,heap        ] GC(260) Tenured: 374293K(5592448K)->374293K(5592448K)
[548.920s][info][gc,metaspace   ] GC(260) Metaspace: 22627K(22976K)->22627K(22976K) NonClass: 19825K(20032K)->19825K(20032K) Class: 2802K(2944K)->2802K(2944K)
[548.920s][info][gc             ] GC(260) Pause Young (Allocation Failure) 2550M->541M(7918M) 800.817ms
[548.921s][info][gc,cpu         ] GC(260) User=0.78s Sys=0.00s Real=0.79s
[550.546s][info][gc,start       ] GC(261) Pause Young (Allocation Failure)
[551.021s][info][gc,heap        ] GC(261) DefNew: 2417057K(2516544K)->103106K(2516544K) Eden: 2236928K(2236928K)->0K(2236928K) From: 180129K(279616K)->103106K(279616K)
[551.021s][info][gc,heap        ] GC(261) Tenured: 374293K(5592448K)->374295K(5592448K)
[551.021s][info][gc,metaspace   ] GC(261) Metaspace: 22627K(22976K)->22627K(22976K) NonClass: 19825K(20032K)->19825K(20032K) Class: 2802K(2944K)->2802K(2944K)
[551.021s][info][gc             ] GC(261) Pause Young (Allocation Failure) 2725M->466M(7918M) 475.143ms
[551.021s][info][gc,cpu         ] GC(261) User=0.47s Sys=0.00s Real=0.46s
[552.331s][info][gc,start       ] GC(262) Pause Young (Allocation Failure)
[553.150s][info][gc,heap        ] GC(262) DefNew: 2340034K(2516544K)->185832K(2516544K) Eden: 2236928K(2236928K)->0K(2236928K) From: 103106K(279616K)->185832K(279616K)
[553.150s][info][gc,heap        ] GC(262) Tenured: 374295K(5592448K)->374295K(5592448K)
[553.150s][info][gc,metaspace   ] GC(262) Metaspace: 22627K(22976K)->22627K(22976K) NonClass: 19825K(20032K)->19825K(20032K) Class: 2802K(2944K)->2802K(2944K)
[553.150s][info][gc             ] GC(262) Pause Young (Allocation Failure) 2650M->547M(7918M) 818.723ms
[553.150s][info][gc,cpu         ] GC(262) User=0.83s Sys=0.00s Real=0.82s
[554.989s][info][gc,start       ] GC(263) Pause Young (Allocation Failure)
[555.537s][info][gc,heap        ] GC(263) DefNew: 2422760K(2516544K)->129471K(2516544K) Eden: 2236928K(2236928K)->0K(2236928K) From: 185832K(279616K)->129471K(279616K)
[555.537s][info][gc,heap        ] GC(263) Tenured: 374295K(5592448K)->374295K(5592448K)
[555.537s][info][gc,metaspace   ] GC(263) Metaspace: 22627K(22976K)->22627K(22976K) NonClass: 19825K(20032K)->19825K(20032K) Class: 2802K(2944K)->2802K(2944K)
[555.537s][info][gc             ] GC(263) Pause Young (Allocation Failure) 2731M->491M(7918M) 547.962ms
[555.537s][info][gc,cpu         ] GC(263) User=0.55s Sys=0.00s Real=0.54s
[556.733s][info][gc,start       ] GC(264) Pause Young (Allocation Failure)
[557.668s][info][gc,heap        ] GC(264) DefNew: 2366399K(2516544K)->213348K(2516544K) Eden: 2236928K(2236928K)->0K(2236928K) From: 129471K(279616K)->213348K(279616K)
[557.669s][info][gc,heap        ] GC(264) Tenured: 374295K(5592448K)->374295K(5592448K)
[557.669s][info][gc,metaspace   ] GC(264) Metaspace: 22627K(22976K)->22627K(22976K) NonClass: 19825K(20032K)->19825K(20032K) Class: 2802K(2944K)->2802K(2944K)
[557.669s][info][gc             ] GC(264) Pause Young (Allocation Failure) 2676M->573M(7918M) 935.736ms
[557.669s][info][gc,cpu         ] GC(264) User=0.92s Sys=0.02s Real=0.93s
[559.501s][info][gc,start       ] GC(265) Pause Young (Allocation Failure)
[560.142s][info][gc,heap        ] GC(265) DefNew: 2450276K(2516544K)->150742K(2516544K) Eden: 2236928K(2236928K)->0K(2236928K) From: 213348K(279616K)->150742K(279616K)
[560.142s][info][gc,heap        ] GC(265) Tenured: 374295K(5592448K)->374296K(5592448K)
[560.142s][info][gc,metaspace   ] GC(265) Metaspace: 22628K(22976K)->22628K(22976K) NonClass: 19825K(20032K)->19825K(20032K) Class: 2802K(2944K)->2802K(2944K)
[560.142s][info][gc             ] GC(265) Pause Young (Allocation Failure) 2758M->512M(7918M) 641.445ms
[560.142s][info][gc,cpu         ] GC(265) User=0.64s Sys=0.00s Real=0.63s
[561.000s][info][gc,start       ] GC(266) Pause Full (System.gc())
[561.000s][info][gc,phases,start] GC(266) Phase 1: Mark live objects
[561.201s][info][gc,phases      ] GC(266) Phase 1: Mark live objects 201.181ms
[561.201s][info][gc,phases,start] GC(266) Phase 2: Compute new object addresses
[561.396s][info][gc,phases      ] GC(266) Phase 2: Compute new object addresses 195.458ms
[561.396s][info][gc,phases,start] GC(266) Phase 3: Adjust pointers
[561.540s][info][gc,phases      ] GC(266) Phase 3: Adjust pointers 143.948ms
[561.540s][info][gc,phases,start] GC(266) Phase 4: Move objects
[561.626s][info][gc,phases      ] GC(266) Phase 4: Move objects 85.500ms
[561.626s][info][gc,heap        ] GC(266) DefNew: 1180314K(2516544K)->0K(2516544K) Eden: 1029571K(2236928K)->0K(2236928K) From: 150742K(279616K)->0K(279616K)
[561.626s][info][gc,heap        ] GC(266) Tenured: 374296K(5592448K)->103405K(5592448K)
[561.626s][info][gc,metaspace   ] GC(266) Metaspace: 22628K(22976K)->22628K(22976K) NonClass: 19825K(20032K)->19825K(20032K) Class: 2802K(2944K)->2802K(2944K)
[561.626s][info][gc             ] GC(266) Pause Full (System.gc()) 1518M->100M(7918M) 626.553ms
[561.626s][info][gc,cpu         ] GC(266) User=0.62s Sys=0.00s Real=0.63s
[562.905s][info][gc,start       ] GC(267) Pause Young (Allocation Failure)
[563.796s][info][gc,heap        ] GC(267) DefNew: 2236928K(2516544K)->201566K(2516544K) Eden: 2236928K(2236928K)->0K(2236928K) From: 0K(279616K)->201566K(279616K)
[563.796s][info][gc,heap        ] GC(267) Tenured: 103405K(5592448K)->103405K(5592448K)
[563.796s][info][gc,metaspace   ] GC(267) Metaspace: 22637K(22976K)->22637K(22976K) NonClass: 19834K(20032K)->19834K(20032K) Class: 2802K(2944K)->2802K(2944K)
[563.796s][info][gc             ] GC(267) Pause Young (Allocation Failure) 2285M->297M(7918M) 890.613ms
[563.796s][info][gc,cpu         ] GC(267) User=0.89s Sys=0.00s Real=0.89s
[565.631s][info][gc,start       ] GC(268) Pause Young (Allocation Failure)
[566.206s][info][gc,heap        ] GC(268) DefNew: 2438494K(2516544K)->136419K(2516544K) Eden: 2236928K(2236928K)->0K(2236928K) From: 201566K(279616K)->136419K(279616K)
[566.206s][info][gc,heap        ] GC(268) Tenured: 103405K(5592448K)->103407K(5592448K)
[566.206s][info][gc,metaspace   ] GC(268) Metaspace: 22647K(22976K)->22647K(22976K) NonClass: 19845K(20032K)->19845K(20032K) Class: 2802K(2944K)->2802K(2944K)
[566.206s][info][gc             ] GC(268) Pause Young (Allocation Failure) 2482M->234M(7918M) 574.317ms
[566.206s][info][gc,cpu         ] GC(268) User=0.56s Sys=0.02s Real=0.57s
[567.364s][info][gc,start       ] GC(269) Pause Young (Allocation Failure)
[568.325s][info][gc,heap        ] GC(269) DefNew: 2373347K(2516544K)->216334K(2516544K) Eden: 2236928K(2236928K)->0K(2236928K) From: 136419K(279616K)->216334K(279616K)
[568.325s][info][gc,heap        ] GC(269) Tenured: 103407K(5592448K)->103407K(5592448K)
[568.325s][info][gc,metaspace   ] GC(269) Metaspace: 22652K(22976K)->22652K(22976K) NonClass: 19850K(20032K)->19850K(20032K) Class: 2802K(2944K)->2802K(2944K)
[568.325s][info][gc             ] GC(269) Pause Young (Allocation Failure) 2418M->312M(7918M) 961.032ms
[568.325s][info][gc,cpu         ] GC(269) User=0.97s Sys=0.00s Real=0.96s
[570.125s][info][gc,start       ] GC(270) Pause Young (Allocation Failure)
[570.791s][info][gc,heap        ] GC(270) DefNew: 2453262K(2516544K)->155241K(2516544K) Eden: 2236928K(2236928K)->0K(2236928K) From: 216334K(279616K)->155241K(279616K)
[570.791s][info][gc,heap        ] GC(270) Tenured: 103407K(5592448K)->103407K(5592448K)
[570.791s][info][gc,metaspace   ] GC(270) Metaspace: 22662K(22976K)->22662K(22976K) NonClass: 19859K(20032K)->19859K(20032K) Class: 2802K(2944K)->2802K(2944K)
[570.791s][info][gc             ] GC(270) Pause Young (Allocation Failure) 2496M->252M(7918M) 666.284ms
[570.791s][info][gc,cpu         ] GC(270) User=0.64s Sys=0.02s Real=0.66s
[572.048s][info][gc,start       ] GC(271) Pause Young (Allocation Failure)
[572.989s][info][gc,heap        ] GC(271) DefNew: 2392169K(2516544K)->193701K(2516544K) Eden: 2236928K(2236928K)->0K(2236928K) From: 155241K(279616K)->193701K(279616K)
[572.989s][info][gc,heap        ] GC(271) Tenured: 103407K(5592448K)->121762K(5592448K)
[572.989s][info][gc,metaspace   ] GC(271) Metaspace: 22662K(22976K)->22662K(22976K) NonClass: 19859K(20032K)->19859K(20032K) Class: 2802K(2944K)->2802K(2944K)
[572.989s][info][gc             ] GC(271) Pause Young (Allocation Failure) 2437M->308M(7918M) 940.979ms
[572.989s][info][gc,cpu         ] GC(271) User=0.91s Sys=0.00s Real=0.94s
[574.535s][info][gc,start       ] GC(272) Pause Young (Allocation Failure)
[575.213s][info][gc,heap        ] GC(272) DefNew: 2430629K(2516544K)->153738K(2516544K) Eden: 2236928K(2236928K)->0K(2236928K) From: 193701K(279616K)->153738K(279616K)
[575.214s][info][gc,heap        ] GC(272) Tenured: 121762K(5592448K)->127177K(5592448K)
[575.214s][info][gc,metaspace   ] GC(272) Metaspace: 22662K(22976K)->22662K(22976K) NonClass: 19859K(20032K)->19859K(20032K) Class: 2802K(2944K)->2802K(2944K)
[575.214s][info][gc             ] GC(272) Pause Young (Allocation Failure) 2492M->274M(7918M) 678.734ms
[575.214s][info][gc,cpu         ] GC(272) User=0.69s Sys=0.00s Real=0.66s
[576.079s][info][gc,start       ] GC(273) Pause Full (System.gc())
[576.079s][info][gc,phases,start] GC(273) Phase 1: Mark live objects
[576.261s][info][gc,phases      ] GC(273) Phase 1: Mark live objects 181.398ms
[576.261s][info][gc,phases,start] GC(273) Phase 2: Compute new object addresses
[576.459s][info][gc,phases      ] GC(273) Phase 2: Compute new object addresses 198.402ms
[576.459s][info][gc,phases,start] GC(273) Phase 3: Adjust pointers
[576.604s][info][gc,phases      ] GC(273) Phase 3: Adjust pointers 144.182ms
[576.604s][info][gc,phases,start] GC(273) Phase 4: Move objects
[576.691s][info][gc,phases      ] GC(273) Phase 4: Move objects 87.580ms
[576.691s][info][gc,heap        ] GC(273) DefNew: 1182636K(2516544K)->0K(2516544K) Eden: 1028898K(2236928K)->0K(2236928K) From: 153738K(279616K)->0K(279616K)
[576.691s][info][gc,heap        ] GC(273) Tenured: 127177K(5592448K)->224183K(5592448K)
[576.691s][info][gc,metaspace   ] GC(273) Metaspace: 22662K(22976K)->22662K(22976K) NonClass: 19859K(20032K)->19859K(20032K) Class: 2802K(2944K)->2802K(2944K)
[576.691s][info][gc             ] GC(273) Pause Full (System.gc()) 1279M->218M(7918M) 611.986ms
[576.691s][info][gc,cpu         ] GC(273) User=0.61s Sys=0.00s Real=0.61s
[577.917s][info][gc,start       ] GC(274) Pause Young (Allocation Failure)
[578.741s][info][gc,heap        ] GC(274) DefNew: 2236928K(2516544K)->187753K(2516544K) Eden: 2236928K(2236928K)->0K(2236928K) From: 0K(279616K)->187753K(279616K)
[578.741s][info][gc,heap        ] GC(274) Tenured: 224183K(5592448K)->224183K(5592448K)
[578.741s][info][gc,metaspace   ] GC(274) Metaspace: 22662K(22976K)->22662K(22976K) NonClass: 19859K(20032K)->19859K(20032K) Class: 2802K(2944K)->2802K(2944K)
[578.741s][info][gc             ] GC(274) Pause Young (Allocation Failure) 2403M->402M(7918M) 824.765ms
[578.741s][info][gc,cpu         ] GC(274) User=0.80s Sys=0.03s Real=0.82s
[580.415s][info][gc,start       ] GC(275) Pause Young (Allocation Failure)
[580.845s][info][gc,heap        ] GC(275) DefNew: 2424681K(2516544K)->96842K(2516544K) Eden: 2236928K(2236928K)->0K(2236928K) From: 187753K(279616K)->96842K(279616K)
[580.845s][info][gc,heap        ] GC(275) Tenured: 224183K(5592448K)->224184K(5592448K)
[580.845s][info][gc,metaspace   ] GC(275) Metaspace: 22662K(22976K)->22662K(22976K) NonClass: 19859K(20032K)->19859K(20032K) Class: 2802K(2944K)->2802K(2944K)
[580.845s][info][gc             ] GC(275) Pause Young (Allocation Failure) 2586M->313M(7918M) 429.894ms
[580.845s][info][gc,cpu         ] GC(275) User=0.42s Sys=0.00s Real=0.43s
[582.089s][info][gc,start       ] GC(276) Pause Young (Allocation Failure)
[582.761s][info][gc,heap        ] GC(276) DefNew: 2333770K(2516544K)->154753K(2516544K) Eden: 2236928K(2236928K)->0K(2236928K) From: 96842K(279616K)->154753K(279616K)
[582.761s][info][gc,heap        ] GC(276) Tenured: 224184K(5592448K)->224184K(5592448K)
[582.761s][info][gc,metaspace   ] GC(276) Metaspace: 22662K(22976K)->22662K(22976K) NonClass: 19859K(20032K)->19859K(20032K) Class: 2802K(2944K)->2802K(2944K)
[582.761s][info][gc             ] GC(276) Pause Young (Allocation Failure) 2498M->370M(7918M) 671.530ms
[582.761s][info][gc,cpu         ] GC(276) User=0.67s Sys=0.00s Real=0.66s
[584.577s][info][gc,start       ] GC(277) Pause Young (Allocation Failure)
[585.112s][info][gc,heap        ] GC(277) DefNew: 2391681K(2516544K)->124971K(2516544K) Eden: 2236928K(2236928K)->0K(2236928K) From: 154753K(279616K)->124971K(279616K)
[585.112s][info][gc,heap        ] GC(277) Tenured: 224184K(5592448K)->224185K(5592448K)
[585.112s][info][gc,metaspace   ] GC(277) Metaspace: 22662K(22976K)->22662K(22976K) NonClass: 19859K(20032K)->19859K(20032K) Class: 2802K(2944K)->2802K(2944K)
[585.112s][info][gc             ] GC(277) Pause Young (Allocation Failure) 2554M->340M(7918M) 535.378ms
[585.112s][info][gc,cpu         ] GC(277) User=0.52s Sys=0.00s Real=0.53s
[586.319s][info][gc,start       ] GC(278) Pause Young (Allocation Failure)
[587.232s][info][gc,heap        ] GC(278) DefNew: 2361899K(2516544K)->206496K(2516544K) Eden: 2236928K(2236928K)->0K(2236928K) From: 124971K(279616K)->206496K(279616K)
[587.232s][info][gc,heap        ] GC(278) Tenured: 224185K(5592448K)->224185K(5592448K)
[587.232s][info][gc,metaspace   ] GC(278) Metaspace: 22662K(22976K)->22662K(22976K) NonClass: 19859K(20032K)->19859K(20032K) Class: 2802K(2944K)->2802K(2944K)
[587.232s][info][gc             ] GC(278) Pause Young (Allocation Failure) 2525M->420M(7918M) 913.762ms
[587.232s][info][gc,cpu         ] GC(278) User=0.92s Sys=0.00s Real=0.91s
[588.965s][info][gc,start       ] GC(279) Pause Young (Allocation Failure)
[589.518s][info][gc,heap        ] GC(279) DefNew: 2443424K(2516544K)->128126K(2516544K) Eden: 2236928K(2236928K)->0K(2236928K) From: 206496K(279616K)->128126K(279616K)
[589.518s][info][gc,heap        ] GC(279) Tenured: 224185K(5592448K)->224185K(5592448K)
[589.518s][info][gc,metaspace   ] GC(279) Metaspace: 22682K(22976K)->22682K(22976K) NonClass: 19880K(20032K)->19880K(20032K) Class: 2802K(2944K)->2802K(2944K)
[589.518s][info][gc             ] GC(279) Pause Young (Allocation Failure) 2605M->344M(7918M) 552.605ms
[589.518s][info][gc,cpu         ] GC(279) User=0.53s Sys=0.00s Real=0.55s
[590.425s][info][gc,start       ] GC(280) Pause Full (System.gc())
[590.425s][info][gc,phases,start] GC(280) Phase 1: Mark live objects
[590.606s][info][gc,phases      ] GC(280) Phase 1: Mark live objects 181.258ms
[590.606s][info][gc,phases,start] GC(280) Phase 2: Compute new object addresses
[590.824s][info][gc,phases      ] GC(280) Phase 2: Compute new object addresses 218.189ms
[590.824s][info][gc,phases,start] GC(280) Phase 3: Adjust pointers
[590.976s][info][gc,phases      ] GC(280) Phase 3: Adjust pointers 152.017ms
[590.976s][info][gc,phases,start] GC(280) Phase 4: Move objects
[591.074s][info][gc,phases      ] GC(280) Phase 4: Move objects 97.551ms
[591.074s][info][gc,heap        ] GC(280) DefNew: 1353008K(2516544K)->0K(2516544K) Eden: 1224882K(2236928K)->0K(2236928K) From: 128126K(279616K)->0K(279616K)
[591.074s][info][gc,heap        ] GC(280) Tenured: 224185K(5592448K)->321179K(5592448K)
[591.074s][info][gc,metaspace   ] GC(280) Metaspace: 22682K(22976K)->22682K(22976K) NonClass: 19880K(20032K)->19880K(20032K) Class: 2802K(2944K)->2802K(2944K)
[591.074s][info][gc             ] GC(280) Pause Full (System.gc()) 1540M->313M(7918M) 649.436ms
[591.074s][info][gc,cpu         ] GC(280) User=0.64s Sys=0.00s Real=0.65s
[592.244s][info][gc,start       ] GC(281) Pause Young (Allocation Failure)
[593.078s][info][gc,heap        ] GC(281) DefNew: 2236928K(2516544K)->188308K(2516544K) Eden: 2236928K(2236928K)->0K(2236928K) From: 0K(279616K)->188308K(279616K)
[593.078s][info][gc,heap        ] GC(281) Tenured: 321179K(5592448K)->321179K(5592448K)
[593.078s][info][gc,metaspace   ] GC(281) Metaspace: 22682K(22976K)->22682K(22976K) NonClass: 19880K(20032K)->19880K(20032K) Class: 2802K(2944K)->2802K(2944K)
[593.078s][info][gc             ] GC(281) Pause Young (Allocation Failure) 2498M->497M(7918M) 834.137ms
[593.078s][info][gc,cpu         ] GC(281) User=0.81s Sys=0.02s Real=0.83s
[594.772s][info][gc,start       ] GC(282) Pause Young (Allocation Failure)
[595.213s][info][gc,heap        ] GC(282) DefNew: 2425236K(2516544K)->96764K(2516544K) Eden: 2236928K(2236928K)->0K(2236928K) From: 188308K(279616K)->96764K(279616K)
[595.213s][info][gc,heap        ] GC(282) Tenured: 321179K(5592448K)->321181K(5592448K)
[595.213s][info][gc,metaspace   ] GC(282) Metaspace: 22682K(22976K)->22682K(22976K) NonClass: 19880K(20032K)->19880K(20032K) Class: 2802K(2944K)->2802K(2944K)
[595.213s][info][gc             ] GC(282) Pause Young (Allocation Failure) 2682M->408M(7918M) 441.133ms
[595.213s][info][gc,cpu         ] GC(282) User=0.45s Sys=0.00s Real=0.45s
[596.346s][info][gc,start       ] GC(283) Pause Young (Allocation Failure)
[597.174s][info][gc,heap        ] GC(283) DefNew: 2333692K(2516544K)->185640K(2516544K) Eden: 2236928K(2236928K)->0K(2236928K) From: 96764K(279616K)->185640K(279616K)
[597.174s][info][gc,heap        ] GC(283) Tenured: 321181K(5592448K)->321181K(5592448K)
[597.174s][info][gc,metaspace   ] GC(283) Metaspace: 22682K(22976K)->22682K(22976K) NonClass: 19880K(20032K)->19880K(20032K) Class: 2802K(2944K)->2802K(2944K)
[597.174s][info][gc             ] GC(283) Pause Young (Allocation Failure) 2592M->494M(7918M) 827.770ms
[597.174s][info][gc,cpu         ] GC(283) User=0.78s Sys=0.02s Real=0.82s
[598.961s][info][gc,start       ] GC(284) Pause Young (Allocation Failure)
[599.426s][info][gc,heap        ] GC(284) DefNew: 2422568K(2516544K)->105430K(2516544K) Eden: 2236928K(2236928K)->0K(2236928K) From: 185640K(279616K)->105430K(279616K)
[599.426s][info][gc,heap        ] GC(284) Tenured: 321181K(5592448K)->321181K(5592448K)
[599.426s][info][gc,metaspace   ] GC(284) Metaspace: 22685K(22976K)->22685K(22976K) NonClass: 19883K(20032K)->19883K(20032K) Class: 2802K(2944K)->2802K(2944K)
[599.426s][info][gc             ] GC(284) Pause Young (Allocation Failure) 2679M->416M(7918M) 465.557ms
[599.427s][info][gc,cpu         ] GC(284) User=0.45s Sys=0.00s Real=0.46s
[600.564s][info][gc,start       ] GC(285) Pause Young (Allocation Failure)
[601.414s][info][gc,heap        ] GC(285) DefNew: 2342358K(2516544K)->190280K(2516544K) Eden: 2236928K(2236928K)->0K(2236928K) From: 105430K(279616K)->190280K(279616K)
[601.414s][info][gc,heap        ] GC(285) Tenured: 321181K(5592448K)->321181K(5592448K)
[601.414s][info][gc,metaspace   ] GC(285) Metaspace: 22685K(22976K)->22685K(22976K) NonClass: 19883K(20032K)->19883K(20032K) Class: 2802K(2944K)->2802K(2944K)
[601.414s][info][gc             ] GC(285) Pause Young (Allocation Failure) 2601M->499M(7918M) 850.264ms
[601.414s][info][gc,cpu         ] GC(285) User=0.81s Sys=0.05s Real=0.85s
[603.126s][info][gc,start       ] GC(286) Pause Young (Allocation Failure)
[603.605s][info][gc,heap        ] GC(286) DefNew: 2427208K(2516544K)->108886K(2516544K) Eden: 2236928K(2236928K)->0K(2236928K) From: 190280K(279616K)->108886K(279616K)
[603.605s][info][gc,heap        ] GC(286) Tenured: 321181K(5592448K)->321181K(5592448K)
[603.605s][info][gc,metaspace   ] GC(286) Metaspace: 22685K(22976K)->22685K(22976K) NonClass: 19883K(20032K)->19883K(20032K) Class: 2802K(2944K)->2802K(2944K)
[603.605s][info][gc             ] GC(286) Pause Young (Allocation Failure) 2683M->419M(7918M) 478.792ms
[603.605s][info][gc,cpu         ] GC(286) User=0.48s Sys=0.00s Real=0.47s
[604.548s][info][gc,start       ] GC(287) Pause Full (System.gc())
[604.548s][info][gc,phases,start] GC(287) Phase 1: Mark live objects
[604.737s][info][gc,phases      ] GC(287) Phase 1: Mark live objects 189.149ms
[604.737s][info][gc,phases,start] GC(287) Phase 2: Compute new object addresses
[604.974s][info][gc,phases      ] GC(287) Phase 2: Compute new object addresses 236.942ms
[604.974s][info][gc,phases,start] GC(287) Phase 3: Adjust pointers
[605.131s][info][gc,phases      ] GC(287) Phase 3: Adjust pointers 156.375ms
[605.131s][info][gc,phases,start] GC(287) Phase 4: Move objects
[605.240s][info][gc,phases      ] GC(287) Phase 4: Move objects 108.860ms
[605.240s][info][gc,heap        ] GC(287) DefNew: 1488789K(2516544K)->0K(2516544K) Eden: 1379903K(2236928K)->0K(2236928K) From: 108886K(279616K)->0K(279616K)
[605.240s][info][gc,heap        ] GC(287) Tenured: 321181K(5592448K)->321174K(5592448K)
[605.240s][info][gc,metaspace   ] GC(287) Metaspace: 22685K(22976K)->22685K(22976K) NonClass: 19883K(20032K)->19883K(20032K) Class: 2802K(2944K)->2802K(2944K)
[605.240s][info][gc             ] GC(287) Pause Full (System.gc()) 1767M->313M(7918M) 691.781ms
[605.240s][info][gc,cpu         ] GC(287) User=0.69s Sys=0.00s Real=0.68s
[606.529s][info][gc,start       ] GC(288) Pause Young (Allocation Failure)
[607.392s][info][gc,heap        ] GC(288) DefNew: 2236928K(2516544K)->195513K(2516544K) Eden: 2236928K(2236928K)->0K(2236928K) From: 0K(279616K)->195513K(279616K)
[607.392s][info][gc,heap        ] GC(288) Tenured: 321174K(5592448K)->321174K(5592448K)
[607.392s][info][gc,metaspace   ] GC(288) Metaspace: 22695K(22976K)->22695K(22976K) NonClass: 19893K(20032K)->19893K(20032K) Class: 2802K(2944K)->2802K(2944K)
[607.392s][info][gc             ] GC(288) Pause Young (Allocation Failure) 2498M->504M(7918M) 862.650ms
[607.392s][info][gc,cpu         ] GC(288) User=0.84s Sys=0.00s Real=0.86s
[609.174s][info][gc,start       ] GC(289) Pause Young (Allocation Failure)
[609.721s][info][gc,heap        ] GC(289) DefNew: 2432441K(2516544K)->127979K(2516544K) Eden: 2236928K(2236928K)->0K(2236928K) From: 195513K(279616K)->127979K(279616K)
[609.721s][info][gc,heap        ] GC(289) Tenured: 321174K(5592448K)->321176K(5592448K)
[609.721s][info][gc,metaspace   ] GC(289) Metaspace: 22695K(22976K)->22695K(22976K) NonClass: 19893K(20032K)->19893K(20032K) Class: 2802K(2944K)->2802K(2944K)
[609.721s][info][gc             ] GC(289) Pause Young (Allocation Failure) 2689M->438M(7918M) 546.637ms
[609.721s][info][gc,cpu         ] GC(289) User=0.53s Sys=0.00s Real=0.54s
[610.828s][info][gc,start       ] GC(290) Pause Young (Allocation Failure)
[611.785s][info][gc,heap        ] GC(290) DefNew: 2364907K(2516544K)->215366K(2516544K) Eden: 2236928K(2236928K)->0K(2236928K) From: 127979K(279616K)->215366K(279616K)
[611.785s][info][gc,heap        ] GC(290) Tenured: 321176K(5592448K)->321176K(5592448K)
[611.785s][info][gc,metaspace   ] GC(290) Metaspace: 22695K(22976K)->22695K(22976K) NonClass: 19893K(20032K)->19893K(20032K) Class: 2802K(2944K)->2802K(2944K)
[611.785s][info][gc             ] GC(290) Pause Young (Allocation Failure) 2623M->523M(7918M) 956.484ms
[611.785s][info][gc,cpu         ] GC(290) User=0.95s Sys=0.00s Real=0.96s
[613.648s][info][gc,start       ] GC(291) Pause Young (Allocation Failure)
[614.298s][info][gc,heap        ] GC(291) DefNew: 2452294K(2516544K)->152207K(2516544K) Eden: 2236928K(2236928K)->0K(2236928K) From: 215366K(279616K)->152207K(279616K)
[614.298s][info][gc,heap        ] GC(291) Tenured: 321176K(5592448K)->321177K(5592448K)
[614.298s][info][gc,metaspace   ] GC(291) Metaspace: 22695K(22976K)->22695K(22976K) NonClass: 19893K(20032K)->19893K(20032K) Class: 2802K(2944K)->2802K(2944K)
[614.298s][info][gc             ] GC(291) Pause Young (Allocation Failure) 2708M->462M(7918M) 649.951ms
[614.298s][info][gc,cpu         ] GC(291) User=0.59s Sys=0.02s Real=0.65s
[615.943s][info][gc,start       ] GC(292) Pause Young (Allocation Failure)
[616.510s][info][gc,heap        ] GC(292) DefNew: 2389135K(2516544K)->127453K(2516544K) Eden: 2236928K(2236928K)->0K(2236928K) From: 152207K(279616K)->127453K(279616K)
[616.510s][info][gc,heap        ] GC(292) Tenured: 321177K(5592448K)->322163K(5592448K)
[616.510s][info][gc,metaspace   ] GC(292) Metaspace: 22695K(22976K)->22695K(22976K) NonClass: 19893K(20032K)->19893K(20032K) Class: 2802K(2944K)->2802K(2944K)
[616.510s][info][gc             ] GC(292) Pause Young (Allocation Failure) 2646M->439M(7918M) 566.886ms
[616.510s][info][gc,cpu         ] GC(292) User=0.58s Sys=0.00s Real=0.57s
[617.842s][info][gc,start       ] GC(293) Pause Young (Allocation Failure)
[618.601s][info][gc,heap        ] GC(293) DefNew: 2364381K(2516544K)->173445K(2516544K) Eden: 2236928K(2236928K)->0K(2236928K) From: 127453K(279616K)->173445K(279616K)
[618.601s][info][gc,heap        ] GC(293) Tenured: 322163K(5592448K)->322163K(5592448K)
[618.601s][info][gc,metaspace   ] GC(293) Metaspace: 22695K(22976K)->22695K(22976K) NonClass: 19893K(20032K)->19893K(20032K) Class: 2802K(2944K)->2802K(2944K)
[618.601s][info][gc             ] GC(293) Pause Young (Allocation Failure) 2623M->483M(7918M) 759.247ms
[618.601s][info][gc,cpu         ] GC(293) User=0.75s Sys=0.00s Real=0.76s
[619.473s][info][gc,start       ] GC(294) Pause Full (System.gc())
[619.473s][info][gc,phases,start] GC(294) Phase 1: Mark live objects
[619.663s][info][gc,phases      ] GC(294) Phase 1: Mark live objects 190.673ms
[619.663s][info][gc,phases,start] GC(294) Phase 2: Compute new object addresses
[619.840s][info][gc,phases      ] GC(294) Phase 2: Compute new object addresses 176.903ms
[619.840s][info][gc,phases,start] GC(294) Phase 3: Adjust pointers
[619.966s][info][gc,phases      ] GC(294) Phase 3: Adjust pointers 126.071ms
[619.966s][info][gc,phases,start] GC(294) Phase 4: Move objects
[620.041s][info][gc,phases      ] GC(294) Phase 4: Move objects 74.407ms
[620.041s][info][gc,heap        ] GC(294) DefNew: 1062652K(2516544K)->0K(2516544K) Eden: 889207K(2236928K)->0K(2236928K) From: 173445K(279616K)->0K(279616K)
[620.041s][info][gc,heap        ] GC(294) Tenured: 322163K(5592448K)->86105K(5592448K)
[620.041s][info][gc,metaspace   ] GC(294) Metaspace: 22695K(22976K)->22695K(22976K) NonClass: 19893K(20032K)->19893K(20032K) Class: 2802K(2944K)->2802K(2944K)
[620.041s][info][gc             ] GC(294) Pause Full (System.gc()) 1352M->84M(7918M) 568.472ms
[620.041s][info][gc,cpu         ] GC(294) User=0.58s Sys=0.00s Real=0.56s
[621.262s][info][gc,start       ] GC(295) Pause Young (Allocation Failure)
[622.138s][info][gc,heap        ] GC(295) DefNew: 2236928K(2516544K)->196544K(2516544K) Eden: 2236928K(2236928K)->0K(2236928K) From: 0K(279616K)->196544K(279616K)
[622.138s][info][gc,heap        ] GC(295) Tenured: 86105K(5592448K)->86105K(5592448K)
[622.138s][info][gc,metaspace   ] GC(295) Metaspace: 22700K(22976K)->22700K(22976K) NonClass: 19897K(20032K)->19897K(20032K) Class: 2802K(2944K)->2802K(2944K)
[622.138s][info][gc             ] GC(295) Pause Young (Allocation Failure) 2268M->276M(7918M) 876.399ms
[622.138s][info][gc,cpu         ] GC(295) User=0.86s Sys=0.00s Real=0.87s
[623.849s][info][gc,start       ] GC(296) Pause Young (Allocation Failure)
[624.336s][info][gc,heap        ] GC(296) DefNew: 2433472K(2516544K)->109586K(2516544K) Eden: 2236928K(2236928K)->0K(2236928K) From: 196544K(279616K)->109586K(279616K)
[624.336s][info][gc,heap        ] GC(296) Tenured: 86105K(5592448K)->86107K(5592448K)
[624.336s][info][gc,metaspace   ] GC(296) Metaspace: 22700K(22976K)->22700K(22976K) NonClass: 19897K(20032K)->19897K(20032K) Class: 2802K(2944K)->2802K(2944K)
[624.336s][info][gc             ] GC(296) Pause Young (Allocation Failure) 2460M->191M(7918M) 487.167ms
[624.336s][info][gc,cpu         ] GC(296) User=0.50s Sys=0.00s Real=0.48s
[625.596s][info][gc,start       ] GC(297) Pause Young (Allocation Failure)
[626.477s][info][gc,heap        ] GC(297) DefNew: 2346514K(2516544K)->199433K(2516544K) Eden: 2236928K(2236928K)->0K(2236928K) From: 109586K(279616K)->199433K(279616K)
[626.478s][info][gc,heap        ] GC(297) Tenured: 86107K(5592448K)->86107K(5592448K)
[626.478s][info][gc,metaspace   ] GC(297) Metaspace: 22700K(22976K)->22700K(22976K) NonClass: 19897K(20032K)->19897K(20032K) Class: 2802K(2944K)->2802K(2944K)
[626.478s][info][gc             ] GC(297) Pause Young (Allocation Failure) 2375M->278M(7918M) 881.158ms
[626.478s][info][gc,cpu         ] GC(297) User=0.89s Sys=0.00s Real=0.88s
[628.301s][info][gc,start       ] GC(298) Pause Young (Allocation Failure)
[628.912s][info][gc,heap        ] GC(298) DefNew: 2436361K(2516544K)->142410K(2516544K) Eden: 2236928K(2236928K)->0K(2236928K) From: 199433K(279616K)->142410K(279616K)
[628.912s][info][gc,heap        ] GC(298) Tenured: 86107K(5592448K)->86107K(5592448K)
[628.912s][info][gc,metaspace   ] GC(298) Metaspace: 22700K(22976K)->22700K(22976K) NonClass: 19897K(20032K)->19897K(20032K) Class: 2802K(2944K)->2802K(2944K)
[628.912s][info][gc             ] GC(298) Pause Young (Allocation Failure) 2463M->223M(7918M) 610.322ms
[628.912s][info][gc,cpu         ] GC(298) User=0.61s Sys=0.00s Real=0.60s
[630.255s][info][gc,start       ] GC(299) Pause Young (Allocation Failure)
[631.191s][info][gc,heap        ] GC(299) DefNew: 2379338K(2516544K)->200859K(2516544K) Eden: 2236928K(2236928K)->0K(2236928K) From: 142410K(279616K)->200859K(279616K)
[631.191s][info][gc,heap        ] GC(299) Tenured: 86107K(5592448K)->93575K(5592448K)
[631.191s][info][gc,metaspace   ] GC(299) Metaspace: 22700K(22976K)->22700K(22976K) NonClass: 19897K(20032K)->19897K(20032K) Class: 2802K(2944K)->2802K(2944K)
[631.191s][info][gc             ] GC(299) Pause Young (Allocation Failure) 2407M->287M(7918M) 936.112ms
[631.191s][info][gc,cpu         ] GC(299) User=0.92s Sys=0.02s Real=0.93s
[632.878s][info][gc,start       ] GC(300) Pause Young (Allocation Failure)
[633.627s][info][gc,heap        ] GC(300) DefNew: 2437787K(2516544K)->171010K(2516544K) Eden: 2236928K(2236928K)->0K(2236928K) From: 200859K(279616K)->171010K(279616K)
[633.627s][info][gc,heap        ] GC(300) Tenured: 93575K(5592448K)->95761K(5592448K)
[633.627s][info][gc,metaspace   ] GC(300) Metaspace: 22701K(22976K)->22701K(22976K) NonClass: 19898K(20032K)->19898K(20032K) Class: 2802K(2944K)->2802K(2944K)
[633.627s][info][gc             ] GC(300) Pause Young (Allocation Failure) 2472M->260M(7918M) 749.065ms
[633.627s][info][gc,cpu         ] GC(300) User=0.75s Sys=0.00s Real=0.75s
[634.416s][info][gc,start       ] GC(301) Pause Full (System.gc())
[634.416s][info][gc,phases,start] GC(301) Phase 1: Mark live objects
[634.597s][info][gc,phases      ] GC(301) Phase 1: Mark live objects 180.285ms
[634.597s][info][gc,phases,start] GC(301) Phase 2: Compute new object addresses
[634.770s][info][gc,phases      ] GC(301) Phase 2: Compute new object addresses 173.366ms
[634.770s][info][gc,phases,start] GC(301) Phase 3: Adjust pointers
[634.910s][info][gc,phases      ] GC(301) Phase 3: Adjust pointers 139.278ms
[634.910s][info][gc,phases,start] GC(301) Phase 4: Move objects
[634.985s][info][gc,phases      ] GC(301) Phase 4: Move objects 75.370ms
[634.985s][info][gc,heap        ] GC(301) DefNew: 1017949K(2516544K)->0K(2516544K) Eden: 846939K(2236928K)->0K(2236928K) From: 171010K(279616K)->0K(279616K)
[634.985s][info][gc,heap        ] GC(301) Tenured: 95761K(5592448K)->192794K(5592448K)
[634.985s][info][gc,metaspace   ] GC(301) Metaspace: 22701K(22976K)->22701K(22976K) NonClass: 19898K(20032K)->19898K(20032K) Class: 2802K(2944K)->2802K(2944K)
[634.985s][info][gc             ] GC(301) Pause Full (System.gc()) 1087M->188M(7918M) 568.722ms
[634.985s][info][gc,cpu         ] GC(301) User=0.55s Sys=0.02s Real=0.57s
[636.258s][info][gc,start       ] GC(302) Pause Young (Allocation Failure)
[637.140s][info][gc,heap        ] GC(302) DefNew: 2236928K(2516544K)->200491K(2516544K) Eden: 2236928K(2236928K)->0K(2236928K) From: 0K(279616K)->200491K(279616K)
[637.140s][info][gc,heap        ] GC(302) Tenured: 192794K(5592448K)->192794K(5592448K)
[637.140s][info][gc,metaspace   ] GC(302) Metaspace: 22701K(22976K)->22701K(22976K) NonClass: 19898K(20032K)->19898K(20032K) Class: 2802K(2944K)->2802K(2944K)
[637.140s][info][gc             ] GC(302) Pause Young (Allocation Failure) 2372M->384M(7918M) 882.038ms
[637.140s][info][gc,cpu         ] GC(302) User=0.88s Sys=0.00s Real=0.87s
[638.943s][info][gc,start       ] GC(303) Pause Young (Allocation Failure)
[639.513s][info][gc,heap        ] GC(303) DefNew: 2437419K(2516544K)->135792K(2516544K) Eden: 2236928K(2236928K)->0K(2236928K) From: 200491K(279616K)->135792K(279616K)
[639.513s][info][gc,heap        ] GC(303) Tenured: 192794K(5592448K)->192795K(5592448K)
[639.513s][info][gc,metaspace   ] GC(303) Metaspace: 22701K(22976K)->22701K(22976K) NonClass: 19898K(20032K)->19898K(20032K) Class: 2802K(2944K)->2802K(2944K)
[639.513s][info][gc             ] GC(303) Pause Young (Allocation Failure) 2568M->320M(7918M) 570.380ms
[639.513s][info][gc,cpu         ] GC(303) User=0.58s Sys=0.00s Real=0.57s
[640.704s][info][gc,start       ] GC(304) Pause Young (Allocation Failure)
[641.580s][info][gc,heap        ] GC(304) DefNew: 2372720K(2516544K)->196538K(2516544K) Eden: 2236928K(2236928K)->0K(2236928K) From: 135792K(279616K)->196538K(279616K)
[641.580s][info][gc,heap        ] GC(304) Tenured: 192795K(5592448K)->192795K(5592448K)
[641.580s][info][gc,metaspace   ] GC(304) Metaspace: 22701K(22976K)->22701K(22976K) NonClass: 19898K(20032K)->19898K(20032K) Class: 2802K(2944K)->2802K(2944K)
[641.580s][info][gc             ] GC(304) Pause Young (Allocation Failure) 2505M->380M(7918M) 876.347ms
[641.580s][info][gc,cpu         ] GC(304) User=0.88s Sys=0.00s Real=0.86s
[643.275s][info][gc,start       ] GC(305) Pause Young (Allocation Failure)
[643.897s][info][gc,heap        ] GC(305) DefNew: 2433466K(2516544K)->144036K(2516544K) Eden: 2236928K(2236928K)->0K(2236928K) From: 196538K(279616K)->144036K(279616K)
[643.897s][info][gc,heap        ] GC(305) Tenured: 192795K(5592448K)->192795K(5592448K)
[643.897s][info][gc,metaspace   ] GC(305) Metaspace: 22701K(22976K)->22701K(22976K) NonClass: 19898K(20032K)->19898K(20032K) Class: 2802K(2944K)->2802K(2944K)
[643.897s][info][gc             ] GC(305) Pause Young (Allocation Failure) 2564M->328M(7918M) 622.093ms
[643.897s][info][gc,cpu         ] GC(305) User=0.61s Sys=0.00s Real=0.62s
[645.187s][info][gc,start       ] GC(306) Pause Young (Allocation Failure)
[646.142s][info][gc,heap        ] GC(306) DefNew: 2380964K(2516544K)->203744K(2516544K) Eden: 2236928K(2236928K)->0K(2236928K) From: 144036K(279616K)->203744K(279616K)
[646.142s][info][gc,heap        ] GC(306) Tenured: 192795K(5592448K)->200401K(5592448K)
[646.142s][info][gc,metaspace   ] GC(306) Metaspace: 22701K(22976K)->22701K(22976K) NonClass: 19898K(20032K)->19898K(20032K) Class: 2802K(2944K)->2802K(2944K)
[646.142s][info][gc             ] GC(306) Pause Young (Allocation Failure) 2513M->394M(7918M) 954.564ms
[646.142s][info][gc,cpu         ] GC(306) User=0.95s Sys=0.00s Real=0.95s
[647.883s][info][gc,start       ] GC(307) Pause Young (Allocation Failure)
[648.621s][info][gc,heap        ] GC(307) DefNew: 2440672K(2516544K)->170099K(2516544K) Eden: 2236928K(2236928K)->0K(2236928K) From: 203744K(279616K)->170099K(279616K)
[648.621s][info][gc,heap        ] GC(307) Tenured: 200401K(5592448K)->201947K(5592448K)
[648.621s][info][gc,metaspace   ] GC(307) Metaspace: 22701K(22976K)->22701K(22976K) NonClass: 19898K(20032K)->19898K(20032K) Class: 2802K(2944K)->2802K(2944K)
[648.621s][info][gc             ] GC(307) Pause Young (Allocation Failure) 2579M->363M(7918M) 738.424ms
[648.621s][info][gc,cpu         ] GC(307) User=0.72s Sys=0.00s Real=0.74s
[649.432s][info][gc,start       ] GC(308) Pause Full (System.gc())
[649.432s][info][gc,phases,start] GC(308) Phase 1: Mark live objects
[649.647s][info][gc,phases      ] GC(308) Phase 1: Mark live objects 214.266ms
[649.647s][info][gc,phases,start] GC(308) Phase 2: Compute new object addresses
[649.825s][info][gc,phases      ] GC(308) Phase 2: Compute new object addresses 178.466ms
[649.825s][info][gc,phases,start] GC(308) Phase 3: Adjust pointers
[649.963s][info][gc,phases      ] GC(308) Phase 3: Adjust pointers 137.831ms
[649.963s][info][gc,phases,start] GC(308) Phase 4: Move objects
[650.039s][info][gc,phases      ] GC(308) Phase 4: Move objects 76.101ms
[650.039s][info][gc,heap        ] GC(308) DefNew: 1040321K(2516544K)->0K(2516544K) Eden: 870221K(2236928K)->0K(2236928K) From: 170099K(279616K)->0K(279616K)
[650.039s][info][gc,heap        ] GC(308) Tenured: 201947K(5592448K)->298880K(5592448K)
[650.039s][info][gc,metaspace   ] GC(308) Metaspace: 22701K(22976K)->22701K(22976K) NonClass: 19898K(20032K)->19898K(20032K) Class: 2802K(2944K)->2802K(2944K)
[650.039s][info][gc             ] GC(308) Pause Full (System.gc()) 1213M->291M(7918M) 607.095ms
[650.039s][info][gc,cpu         ] GC(308) User=0.61s Sys=0.00s Real=0.61s
[651.218s][info][gc,start       ] GC(309) Pause Young (Allocation Failure)
[652.037s][info][gc,heap        ] GC(309) DefNew: 2236928K(2516544K)->183319K(2516544K) Eden: 2236928K(2236928K)->0K(2236928K) From: 0K(279616K)->183319K(279616K)
[652.037s][info][gc,heap        ] GC(309) Tenured: 298880K(5592448K)->298880K(5592448K)
[652.037s][info][gc,metaspace   ] GC(309) Metaspace: 22701K(22976K)->22701K(22976K) NonClass: 19899K(20032K)->19899K(20032K) Class: 2802K(2944K)->2802K(2944K)
[652.037s][info][gc             ] GC(309) Pause Young (Allocation Failure) 2476M->470M(7918M) 819.145ms
[652.037s][info][gc,cpu         ] GC(309) User=0.81s Sys=0.00s Real=0.81s
[653.885s][info][gc,start       ] GC(310) Pause Young (Allocation Failure)
[654.379s][info][gc,heap        ] GC(310) DefNew: 2420247K(2516544K)->119519K(2516544K) Eden: 2236928K(2236928K)->0K(2236928K) From: 183319K(279616K)->119519K(279616K)
[654.379s][info][gc,heap        ] GC(310) Tenured: 298880K(5592448K)->298882K(5592448K)
[654.379s][info][gc,metaspace   ] GC(310) Metaspace: 22701K(22976K)->22701K(22976K) NonClass: 19899K(20032K)->19899K(20032K) Class: 2802K(2944K)->2802K(2944K)
[654.379s][info][gc             ] GC(310) Pause Young (Allocation Failure) 2655M->408M(7918M) 494.206ms
[654.379s][info][gc,cpu         ] GC(310) User=0.48s Sys=0.00s Real=0.49s
[655.603s][info][gc,start       ] GC(311) Pause Young (Allocation Failure)
[656.277s][info][gc,heap        ] GC(311) DefNew: 2356447K(2516544K)->155757K(2516544K) Eden: 2236928K(2236928K)->0K(2236928K) From: 119519K(279616K)->155757K(279616K)
[656.277s][info][gc,heap        ] GC(311) Tenured: 298882K(5592448K)->298882K(5592448K)
[656.277s][info][gc,metaspace   ] GC(311) Metaspace: 22701K(22976K)->22701K(22976K) NonClass: 19899K(20032K)->19899K(20032K) Class: 2802K(2944K)->2802K(2944K)
[656.277s][info][gc             ] GC(311) Pause Young (Allocation Failure) 2593M->443M(7918M) 674.514ms
[656.277s][info][gc,cpu         ] GC(311) User=0.66s Sys=0.02s Real=0.66s
[658.079s][info][gc,start       ] GC(312) Pause Young (Allocation Failure)
[658.684s][info][gc,heap        ] GC(312) DefNew: 2392685K(2516544K)->140382K(2516544K) Eden: 2236928K(2236928K)->0K(2236928K) From: 155757K(279616K)->140382K(279616K)
[658.684s][info][gc,heap        ] GC(312) Tenured: 298882K(5592448K)->298882K(5592448K)
[658.684s][info][gc,metaspace   ] GC(312) Metaspace: 22701K(22976K)->22701K(22976K) NonClass: 19899K(20032K)->19899K(20032K) Class: 2802K(2944K)->2802K(2944K)
[658.684s][info][gc             ] GC(312) Pause Young (Allocation Failure) 2628M->428M(7918M) 604.562ms
[658.684s][info][gc,cpu         ] GC(312) User=0.61s Sys=0.00s Real=0.60s
[660.004s][info][gc,start       ] GC(313) Pause Young (Allocation Failure)
[660.846s][info][gc,heap        ] GC(313) DefNew: 2377310K(2516544K)->185810K(2516544K) Eden: 2236928K(2236928K)->0K(2236928K) From: 140382K(279616K)->185810K(279616K)
[660.846s][info][gc,heap        ] GC(313) Tenured: 298882K(5592448K)->303827K(5592448K)
[660.846s][info][gc,metaspace   ] GC(313) Metaspace: 22704K(22976K)->22704K(22976K) NonClass: 19902K(20032K)->19902K(20032K) Class: 2802K(2944K)->2802K(2944K)
[660.846s][info][gc             ] GC(313) Pause Young (Allocation Failure) 2613M->478M(7918M) 841.854ms
[660.846s][info][gc,cpu         ] GC(313) User=0.84s Sys=0.00s Real=0.83s
[662.458s][info][gc,start       ] GC(314) Pause Young (Allocation Failure)
[663.086s][info][gc,heap        ] GC(314) DefNew: 2422738K(2516544K)->144037K(2516544K) Eden: 2236928K(2236928K)->0K(2236928K) From: 185810K(279616K)->144037K(279616K)
[663.086s][info][gc,heap        ] GC(314) Tenured: 303827K(5592448K)->305295K(5592448K)
[663.086s][info][gc,metaspace   ] GC(314) Metaspace: 22706K(22976K)->22706K(22976K) NonClass: 19904K(20032K)->19904K(20032K) Class: 2802K(2944K)->2802K(2944K)
[663.086s][info][gc             ] GC(314) Pause Young (Allocation Failure) 2662M->438M(7918M) 628.288ms
[663.086s][info][gc,cpu         ] GC(314) User=0.64s Sys=0.00s Real=0.62s
[663.949s][info][gc,start       ] GC(315) Pause Full (System.gc())
[663.949s][info][gc,phases,start] GC(315) Phase 1: Mark live objects
[664.126s][info][gc,phases      ] GC(315) Phase 1: Mark live objects 176.369ms
[664.126s][info][gc,phases,start] GC(315) Phase 2: Compute new object addresses
[664.331s][info][gc,phases      ] GC(315) Phase 2: Compute new object addresses 205.272ms
[664.331s][info][gc,phases,start] GC(315) Phase 3: Adjust pointers
[664.478s][info][gc,phases      ] GC(315) Phase 3: Adjust pointers 146.463ms
[664.478s][info][gc,phases,start] GC(315) Phase 4: Move objects
[664.569s][info][gc,phases      ] GC(315) Phase 4: Move objects 90.928ms
[664.569s][info][gc,heap        ] GC(315) DefNew: 1254230K(2516544K)->0K(2516544K) Eden: 1110193K(2236928K)->0K(2236928K) From: 144037K(279616K)->0K(279616K)
[664.569s][info][gc,heap        ] GC(315) Tenured: 305295K(5592448K)->355704K(5592448K)
[664.569s][info][gc,metaspace   ] GC(315) Metaspace: 22706K(22976K)->22706K(22976K) NonClass: 19904K(20032K)->19904K(20032K) Class: 2802K(2944K)->2802K(2944K)
[664.569s][info][gc             ] GC(315) Pause Full (System.gc()) 1522M->347M(7918M) 619.478ms
[664.569s][info][gc,cpu         ] GC(315) User=0.61s Sys=0.00s Real=0.63s
[665.755s][info][gc,start       ] GC(316) Pause Young (Allocation Failure)
[666.593s][info][gc,heap        ] GC(316) DefNew: 2236928K(2516544K)->192518K(2516544K) Eden: 2236928K(2236928K)->0K(2236928K) From: 0K(279616K)->192518K(279616K)
[666.593s][info][gc,heap        ] GC(316) Tenured: 355704K(5592448K)->355704K(5592448K)
[666.593s][info][gc,metaspace   ] GC(316) Metaspace: 22721K(22976K)->22721K(22976K) NonClass: 19919K(20032K)->19919K(20032K) Class: 2802K(2944K)->2802K(2944K)
[666.593s][info][gc             ] GC(316) Pause Young (Allocation Failure) 2531M->535M(7918M) 837.925ms
[666.593s][info][gc,cpu         ] GC(316) User=0.84s Sys=0.00s Real=0.83s
[668.197s][info][gc,start       ] GC(317) Pause Young (Allocation Failure)
[668.675s][info][gc,heap        ] GC(317) DefNew: 2429446K(2516544K)->107775K(2516544K) Eden: 2236928K(2236928K)->0K(2236928K) From: 192518K(279616K)->107775K(279616K)
[668.675s][info][gc,heap        ] GC(317) Tenured: 355704K(5592448K)->355706K(5592448K)
[668.675s][info][gc,metaspace   ] GC(317) Metaspace: 22724K(22976K)->22724K(22976K) NonClass: 19921K(20032K)->19921K(20032K) Class: 2802K(2944K)->2802K(2944K)
[668.675s][info][gc             ] GC(317) Pause Young (Allocation Failure) 2719M->452M(7918M) 477.297ms
[668.675s][info][gc,cpu         ] GC(317) User=0.47s Sys=0.00s Real=0.46s
[669.918s][info][gc,start       ] GC(318) Pause Young (Allocation Failure)
[670.780s][info][gc,heap        ] GC(318) DefNew: 2344703K(2516544K)->194910K(2516544K) Eden: 2236928K(2236928K)->0K(2236928K) From: 107775K(279616K)->194910K(279616K)
[670.780s][info][gc,heap        ] GC(318) Tenured: 355706K(5592448K)->355706K(5592448K)
[670.780s][info][gc,metaspace   ] GC(318) Metaspace: 22724K(22976K)->22724K(22976K) NonClass: 19921K(20032K)->19921K(20032K) Class: 2802K(2944K)->2802K(2944K)
[670.780s][info][gc             ] GC(318) Pause Young (Allocation Failure) 2637M->537M(7918M) 862.525ms
[670.780s][info][gc,cpu         ] GC(318) User=0.84s Sys=0.02s Real=0.87s
[672.450s][info][gc,start       ] GC(319) Pause Young (Allocation Failure)
[672.983s][info][gc,heap        ] GC(319) DefNew: 2431838K(2516544K)->122146K(2516544K) Eden: 2236928K(2236928K)->0K(2236928K) From: 194910K(279616K)->122146K(279616K)
[672.983s][info][gc,heap        ] GC(319) Tenured: 355706K(5592448K)->355707K(5592448K)
[672.983s][info][gc,metaspace   ] GC(319) Metaspace: 22724K(22976K)->22724K(22976K) NonClass: 19921K(20032K)->19921K(20032K) Class: 2802K(2944K)->2802K(2944K)
[672.983s][info][gc             ] GC(319) Pause Young (Allocation Failure) 2722M->466M(7918M) 532.984ms
[672.983s][info][gc,cpu         ] GC(319) User=0.53s Sys=0.00s Real=0.52s
[674.245s][info][gc,start       ] GC(320) Pause Young (Allocation Failure)
[675.170s][info][gc,heap        ] GC(320) DefNew: 2359074K(2516544K)->209780K(2516544K) Eden: 2236928K(2236928K)->0K(2236928K) From: 122146K(279616K)->209780K(279616K)
[675.170s][info][gc,heap        ] GC(320) Tenured: 355707K(5592448K)->355707K(5592448K)
[675.170s][info][gc,metaspace   ] GC(320) Metaspace: 22724K(22976K)->22724K(22976K) NonClass: 19921K(20032K)->19921K(20032K) Class: 2802K(2944K)->2802K(2944K)
[675.170s][info][gc             ] GC(320) Pause Young (Allocation Failure) 2651M->552M(7918M) 925.480ms
[675.170s][info][gc,cpu         ] GC(320) User=0.92s Sys=0.00s Real=0.93s
[676.918s][info][gc,start       ] GC(321) Pause Young (Allocation Failure)
[677.517s][info][gc,heap        ] GC(321) DefNew: 2446708K(2516544K)->138923K(2516544K) Eden: 2236928K(2236928K)->0K(2236928K) From: 209780K(279616K)->138923K(279616K)
[677.517s][info][gc,heap        ] GC(321) Tenured: 355707K(5592448K)->355707K(5592448K)
[677.517s][info][gc,metaspace   ] GC(321) Metaspace: 22724K(22976K)->22724K(22976K) NonClass: 19921K(20032K)->19921K(20032K) Class: 2802K(2944K)->2802K(2944K)
[677.517s][info][gc             ] GC(321) Pause Young (Allocation Failure) 2736M->483M(7918M) 599.308ms
[677.517s][info][gc,cpu         ] GC(321) User=0.59s Sys=0.00s Real=0.59s
[678.402s][info][gc,start       ] GC(322) Pause Full (System.gc())
[678.402s][info][gc,phases,start] GC(322) Phase 1: Mark live objects
[678.598s][info][gc,phases      ] GC(322) Phase 1: Mark live objects 195.107ms
[678.598s][info][gc,phases,start] GC(322) Phase 2: Compute new object addresses
[678.806s][info][gc,phases      ] GC(322) Phase 2: Compute new object addresses 208.260ms
[678.806s][info][gc,phases,start] GC(322) Phase 3: Adjust pointers
[678.954s][info][gc,phases      ] GC(322) Phase 3: Adjust pointers 147.702ms
[678.954s][info][gc,phases,start] GC(322) Phase 4: Move objects
[679.047s][info][gc,phases      ] GC(322) Phase 4: Move objects 93.178ms
[679.047s][info][gc,heap        ] GC(322) DefNew: 1276375K(2516544K)->0K(2516544K) Eden: 1137451K(2236928K)->0K(2236928K) From: 138923K(279616K)->0K(279616K)
[679.047s][info][gc,heap        ] GC(322) Tenured: 355707K(5592448K)->103405K(5592448K)
[679.047s][info][gc,metaspace   ] GC(322) Metaspace: 22724K(22976K)->22724K(22976K) NonClass: 19921K(20032K)->19921K(20032K) Class: 2802K(2944K)->2802K(2944K)
[679.047s][info][gc             ] GC(322) Pause Full (System.gc()) 1593M->100M(7918M) 644.720ms
[679.047s][info][gc,cpu         ] GC(322) User=0.64s Sys=0.00s Real=0.65s
[680.250s][info][gc,start       ] GC(323) Pause Young (Allocation Failure)
[681.090s][info][gc,heap        ] GC(323) DefNew: 2236928K(2516544K)->189125K(2516544K) Eden: 2236928K(2236928K)->0K(2236928K) From: 0K(279616K)->189125K(279616K)
[681.090s][info][gc,heap        ] GC(323) Tenured: 103405K(5592448K)->103405K(5592448K)
[681.090s][info][gc,metaspace   ] GC(323) Metaspace: 22724K(22976K)->22724K(22976K) NonClass: 19921K(20032K)->19921K(20032K) Class: 2802K(2944K)->2802K(2944K)
[681.090s][info][gc             ] GC(323) Pause Young (Allocation Failure) 2285M->285M(7918M) 839.543ms
[681.090s][info][gc,cpu         ] GC(323) User=0.83s Sys=0.00s Real=0.83s
[682.930s][info][gc,start       ] GC(324) Pause Young (Allocation Failure)
[683.437s][info][gc,heap        ] GC(324) DefNew: 2426053K(2516544K)->119580K(2516544K) Eden: 2236928K(2236928K)->0K(2236928K) From: 189125K(279616K)->119580K(279616K)
[683.437s][info][gc,heap        ] GC(324) Tenured: 103405K(5592448K)->103408K(5592448K)
[683.437s][info][gc,metaspace   ] GC(324) Metaspace: 22724K(22976K)->22724K(22976K) NonClass: 19921K(20032K)->19921K(20032K) Class: 2802K(2944K)->2802K(2944K)
[683.437s][info][gc             ] GC(324) Pause Young (Allocation Failure) 2470M->217M(7918M) 507.129ms
[683.437s][info][gc,cpu         ] GC(324) User=0.50s Sys=0.00s Real=0.51s
[684.703s][info][gc,start       ] GC(325) Pause Young (Allocation Failure)
[685.619s][info][gc,heap        ] GC(325) DefNew: 2356508K(2516544K)->206344K(2516544K) Eden: 2236928K(2236928K)->0K(2236928K) From: 119580K(279616K)->206344K(279616K)
[685.619s][info][gc,heap        ] GC(325) Tenured: 103408K(5592448K)->103408K(5592448K)
[685.619s][info][gc,metaspace   ] GC(325) Metaspace: 22724K(22976K)->22724K(22976K) NonClass: 19921K(20032K)->19921K(20032K) Class: 2802K(2944K)->2802K(2944K)
[685.619s][info][gc             ] GC(325) Pause Young (Allocation Failure) 2402M->302M(7918M) 916.173ms
[685.619s][info][gc,cpu         ] GC(325) User=0.91s Sys=0.00s Real=0.92s
[687.305s][info][gc,start       ] GC(326) Pause Young (Allocation Failure)
[687.907s][info][gc,heap        ] GC(326) DefNew: 2443272K(2516544K)->141509K(2516544K) Eden: 2236928K(2236928K)->0K(2236928K) From: 206344K(279616K)->141509K(279616K)
[687.907s][info][gc,heap        ] GC(326) Tenured: 103408K(5592448K)->103408K(5592448K)
[687.907s][info][gc,metaspace   ] GC(326) Metaspace: 22724K(22976K)->22724K(22976K) NonClass: 19921K(20032K)->19921K(20032K) Class: 2802K(2944K)->2802K(2944K)
[687.907s][info][gc             ] GC(326) Pause Young (Allocation Failure) 2486M->239M(7918M) 601.737ms
[687.907s][info][gc,cpu         ] GC(326) User=0.59s Sys=0.00s Real=0.59s
[688.998s][info][gc,start       ] GC(327) Pause Young (Allocation Failure)
[689.878s][info][gc,heap        ] GC(327) DefNew: 2378437K(2516544K)->201424K(2516544K) Eden: 2236928K(2236928K)->0K(2236928K) From: 141509K(279616K)->201424K(279616K)
[689.878s][info][gc,heap        ] GC(327) Tenured: 103408K(5592448K)->119261K(5592448K)
[689.878s][info][gc,metaspace   ] GC(327) Metaspace: 22724K(22976K)->22724K(22976K) NonClass: 19921K(20032K)->19921K(20032K) Class: 2802K(2944K)->2802K(2944K)
[689.878s][info][gc             ] GC(327) Pause Young (Allocation Failure) 2423M->313M(7918M) 879.478ms
[689.878s][info][gc,cpu         ] GC(327) User=0.88s Sys=0.00s Real=0.88s
[691.564s][info][gc,start       ] GC(328) Pause Young (Allocation Failure)
[692.177s][info][gc,heap        ] GC(328) DefNew: 2438352K(2516544K)->138830K(2516544K) Eden: 2236928K(2236928K)->0K(2236928K) From: 201424K(279616K)->138830K(279616K)
[692.177s][info][gc,heap        ] GC(328) Tenured: 119261K(5592448K)->122656K(5592448K)
[692.177s][info][gc,metaspace   ] GC(328) Metaspace: 22724K(22976K)->22724K(22976K) NonClass: 19921K(20032K)->19921K(20032K) Class: 2802K(2944K)->2802K(2944K)
[692.177s][info][gc             ] GC(328) Pause Young (Allocation Failure) 2497M->255M(7918M) 613.283ms
[692.177s][info][gc,cpu         ] GC(328) User=0.61s Sys=0.00s Real=0.62s
[693.057s][info][gc,start       ] GC(329) Pause Full (System.gc())
[693.057s][info][gc,phases,start] GC(329) Phase 1: Mark live objects
[693.245s][info][gc,phases      ] GC(329) Phase 1: Mark live objects 188.215ms
[693.245s][info][gc,phases,start] GC(329) Phase 2: Compute new object addresses
[693.452s][info][gc,phases      ] GC(329) Phase 2: Compute new object addresses 206.847ms
[693.452s][info][gc,phases,start] GC(329) Phase 3: Adjust pointers
[693.599s][info][gc,phases      ] GC(329) Phase 3: Adjust pointers 146.966ms
[693.599s][info][gc,phases,start] GC(329) Phase 4: Move objects
[693.693s][info][gc,phases      ] GC(329) Phase 4: Move objects 94.089ms
[693.693s][info][gc,heap        ] GC(329) DefNew: 1251412K(2516544K)->0K(2516544K) Eden: 1112581K(2236928K)->0K(2236928K) From: 138830K(279616K)->0K(279616K)
[693.693s][info][gc,heap        ] GC(329) Tenured: 122656K(5592448K)->219657K(5592448K)
[693.693s][info][gc,metaspace   ] GC(329) Metaspace: 22724K(22976K)->22724K(22976K) NonClass: 19921K(20032K)->19921K(20032K) Class: 2802K(2944K)->2802K(2944K)
[693.693s][info][gc             ] GC(329) Pause Full (System.gc()) 1341M->214M(7918M) 636.556ms
[693.693s][info][gc,cpu         ] GC(329) User=0.62s Sys=0.00s Real=0.65s
[694.943s][info][gc,start       ] GC(330) Pause Young (Allocation Failure)
[695.781s][info][gc,heap        ] GC(330) DefNew: 2236928K(2516544K)->188860K(2516544K) Eden: 2236928K(2236928K)->0K(2236928K) From: 0K(279616K)->188860K(279616K)
[695.781s][info][gc,heap        ] GC(330) Tenured: 219657K(5592448K)->219657K(5592448K)
[695.781s][info][gc,metaspace   ] GC(330) Metaspace: 22724K(22976K)->22724K(22976K) NonClass: 19921K(20032K)->19921K(20032K) Class: 2802K(2944K)->2802K(2944K)
[695.781s][info][gc             ] GC(330) Pause Young (Allocation Failure) 2399M->398M(7918M) 838.489ms
[695.781s][info][gc,cpu         ] GC(330) User=0.84s Sys=0.00s Real=0.85s
[697.594s][info][gc,start       ] GC(331) Pause Young (Allocation Failure)
[698.132s][info][gc,heap        ] GC(331) DefNew: 2425788K(2516544K)->127250K(2516544K) Eden: 2236928K(2236928K)->0K(2236928K) From: 188860K(279616K)->127250K(279616K)
[698.132s][info][gc,heap        ] GC(331) Tenured: 219657K(5592448K)->219658K(5592448K)
[698.132s][info][gc,metaspace   ] GC(331) Metaspace: 22724K(22976K)->22724K(22976K) NonClass: 19921K(20032K)->19921K(20032K) Class: 2802K(2944K)->2802K(2944K)
[698.132s][info][gc             ] GC(331) Pause Young (Allocation Failure) 2583M->338M(7918M) 537.841ms
[698.132s][info][gc,cpu         ] GC(331) User=0.53s Sys=0.00s Real=0.53s
[699.259s][info][gc,start       ] GC(332) Pause Young (Allocation Failure)
[700.190s][info][gc,heap        ] GC(332) DefNew: 2364178K(2516544K)->210130K(2516544K) Eden: 2236928K(2236928K)->0K(2236928K) From: 127250K(279616K)->210130K(279616K)
[700.190s][info][gc,heap        ] GC(332) Tenured: 219658K(5592448K)->219658K(5592448K)
[700.190s][info][gc,metaspace   ] GC(332) Metaspace: 22724K(22976K)->22724K(22976K) NonClass: 19921K(20032K)->19921K(20032K) Class: 2802K(2944K)->2802K(2944K)
[700.190s][info][gc             ] GC(332) Pause Young (Allocation Failure) 2523M->419M(7918M) 931.479ms
[700.190s][info][gc,cpu         ] GC(332) User=0.92s Sys=0.00s Real=0.93s
[701.898s][info][gc,start       ] GC(333) Pause Young (Allocation Failure)
[702.463s][info][gc,heap        ] GC(333) DefNew: 2447058K(2516544K)->129386K(2516544K) Eden: 2236928K(2236928K)->0K(2236928K) From: 210130K(279616K)->129386K(279616K)
[702.464s][info][gc,heap        ] GC(333) Tenured: 219658K(5592448K)->219658K(5592448K)
[702.464s][info][gc,metaspace   ] GC(333) Metaspace: 22724K(22976K)->22724K(22976K) NonClass: 19921K(20032K)->19921K(20032K) Class: 2802K(2944K)->2802K(2944K)
[702.464s][info][gc             ] GC(333) Pause Young (Allocation Failure) 2604M->340M(7918M) 565.450ms
[702.464s][info][gc,cpu         ] GC(333) User=0.56s Sys=0.00s Real=0.57s
[703.647s][info][gc,start       ] GC(334) Pause Young (Allocation Failure)
[704.597s][info][gc,heap        ] GC(334) DefNew: 2366314K(2516544K)->214950K(2516544K) Eden: 2236928K(2236928K)->0K(2236928K) From: 129386K(279616K)->214950K(279616K)
[704.597s][info][gc,heap        ] GC(334) Tenured: 219658K(5592448K)->219658K(5592448K)
[704.597s][info][gc,metaspace   ] GC(334) Metaspace: 22724K(22976K)->22724K(22976K) NonClass: 19921K(20032K)->19921K(20032K) Class: 2802K(2944K)->2802K(2944K)
[704.597s][info][gc             ] GC(334) Pause Young (Allocation Failure) 2525M->424M(7918M) 949.720ms
[704.597s][info][gc,cpu         ] GC(334) User=0.94s Sys=0.00s Real=0.95s
[706.309s][info][gc,start       ] GC(335) Pause Young (Allocation Failure)
[706.896s][info][gc,heap        ] GC(335) DefNew: 2451878K(2516544K)->139795K(2516544K) Eden: 2236928K(2236928K)->0K(2236928K) From: 214950K(279616K)->139795K(279616K)
[706.896s][info][gc,heap        ] GC(335) Tenured: 219658K(5592448K)->219658K(5592448K)
[706.896s][info][gc,metaspace   ] GC(335) Metaspace: 22724K(22976K)->22724K(22976K) NonClass: 19921K(20032K)->19921K(20032K) Class: 2802K(2944K)->2802K(2944K)
[706.896s][info][gc             ] GC(335) Pause Young (Allocation Failure) 2608M->351M(7918M) 587.170ms
[706.896s][info][gc,cpu         ] GC(335) User=0.58s Sys=0.00s Real=0.59s
[707.674s][info][gc,start       ] GC(336) Pause Full (System.gc())
[707.674s][info][gc,phases,start] GC(336) Phase 1: Mark live objects
[707.854s][info][gc,phases      ] GC(336) Phase 1: Mark live objects 179.244ms
[707.854s][info][gc,phases,start] GC(336) Phase 2: Compute new object addresses
[708.063s][info][gc,phases      ] GC(336) Phase 2: Compute new object addresses 209.243ms
[708.063s][info][gc,phases,start] GC(336) Phase 3: Adjust pointers
[708.209s][info][gc,phases      ] GC(336) Phase 3: Adjust pointers 145.940ms
[708.209s][info][gc,phases,start] GC(336) Phase 4: Move objects
[708.300s][info][gc,phases      ] GC(336) Phase 4: Move objects 91.374ms
[708.301s][info][gc,heap        ] GC(336) DefNew: 1300403K(2516544K)->0K(2516544K) Eden: 1160607K(2236928K)->0K(2236928K) From: 139795K(279616K)->0K(279616K)
[708.301s][info][gc,heap        ] GC(336) Tenured: 219658K(5592448K)->316778K(5592448K)
[708.301s][info][gc,metaspace   ] GC(336) Metaspace: 22724K(22976K)->22724K(22976K) NonClass: 19921K(20032K)->19921K(20032K) Class: 2802K(2944K)->2802K(2944K)
[708.301s][info][gc             ] GC(336) Pause Full (System.gc()) 1484M->309M(7918M) 626.253ms
[708.301s][info][gc,cpu         ] GC(336) User=0.61s Sys=0.02s Real=0.63s
[709.594s][info][gc,start       ] GC(337) Pause Young (Allocation Failure)
[710.476s][info][gc,heap        ] GC(337) DefNew: 2236928K(2516544K)->201208K(2516544K) Eden: 2236928K(2236928K)->0K(2236928K) From: 0K(279616K)->201208K(279616K)
[710.476s][info][gc,heap        ] GC(337) Tenured: 316778K(5592448K)->316778K(5592448K)
[710.476s][info][gc,metaspace   ] GC(337) Metaspace: 22724K(22976K)->22724K(22976K) NonClass: 19921K(20032K)->19921K(20032K) Class: 2802K(2944K)->2802K(2944K)
[710.476s][info][gc             ] GC(337) Pause Young (Allocation Failure) 2493M->505M(7918M) 881.938ms
[710.476s][info][gc,cpu         ] GC(337) User=0.86s Sys=0.00s Real=0.88s
[712.161s][info][gc,start       ] GC(338) Pause Young (Allocation Failure)
[712.666s][info][gc,heap        ] GC(338) DefNew: 2438136K(2516544K)->116227K(2516544K) Eden: 2236928K(2236928K)->0K(2236928K) From: 201208K(279616K)->116227K(279616K)
[712.666s][info][gc,heap        ] GC(338) Tenured: 316778K(5592448K)->316779K(5592448K)
[712.666s][info][gc,metaspace   ] GC(338) Metaspace: 22724K(22976K)->22724K(22976K) NonClass: 19921K(20032K)->19921K(20032K) Class: 2802K(2944K)->2802K(2944K)
[712.666s][info][gc             ] GC(338) Pause Young (Allocation Failure) 2690M->422M(7918M) 505.352ms
[712.666s][info][gc,cpu         ] GC(338) User=0.52s Sys=0.00s Real=0.50s
[713.924s][info][gc,start       ] GC(339) Pause Young (Allocation Failure)
[714.817s][info][gc,heap        ] GC(339) DefNew: 2353155K(2516544K)->204351K(2516544K) Eden: 2236928K(2236928K)->0K(2236928K) From: 116227K(279616K)->204351K(279616K)
[714.817s][info][gc,heap        ] GC(339) Tenured: 316779K(5592448K)->316779K(5592448K)
[714.817s][info][gc,metaspace   ] GC(339) Metaspace: 22724K(22976K)->22724K(22976K) NonClass: 19921K(20032K)->19921K(20032K) Class: 2802K(2944K)->2802K(2944K)
[714.817s][info][gc             ] GC(339) Pause Young (Allocation Failure) 2607M->508M(7918M) 892.795ms
[714.817s][info][gc,cpu         ] GC(339) User=0.89s Sys=0.00s Real=0.90s
[716.557s][info][gc,start       ] GC(340) Pause Young (Allocation Failure)
[717.136s][info][gc,heap        ] GC(340) DefNew: 2441279K(2516544K)->133353K(2516544K) Eden: 2236928K(2236928K)->0K(2236928K) From: 204351K(279616K)->133353K(279616K)
[717.136s][info][gc,heap        ] GC(340) Tenured: 316779K(5592448K)->316779K(5592448K)
[717.136s][info][gc,metaspace   ] GC(340) Metaspace: 22724K(22976K)->22724K(22976K) NonClass: 19921K(20032K)->19921K(20032K) Class: 2802K(2944K)->2802K(2944K)
[717.136s][info][gc             ] GC(340) Pause Young (Allocation Failure) 2693M->439M(7918M) 578.509ms
[717.136s][info][gc,cpu         ] GC(340) User=0.56s Sys=0.00s Real=0.58s
[718.346s][info][gc,start       ] GC(341) Pause Young (Allocation Failure)
[719.326s][info][gc,heap        ] GC(341) DefNew: 2370281K(2516544K)->221709K(2516544K) Eden: 2236928K(2236928K)->0K(2236928K) From: 133353K(279616K)->221709K(279616K)
[719.326s][info][gc,heap        ] GC(341) Tenured: 316779K(5592448K)->316779K(5592448K)
[719.326s][info][gc,metaspace   ] GC(341) Metaspace: 22724K(22976K)->22724K(22976K) NonClass: 19921K(20032K)->19921K(20032K) Class: 2802K(2944K)->2802K(2944K)
[719.326s][info][gc             ] GC(341) Pause Young (Allocation Failure) 2624M->525M(7918M) 979.366ms
[719.326s][info][gc,cpu         ] GC(341) User=0.97s Sys=0.02s Real=0.97s
[721.268s][info][gc,start       ] GC(342) Pause Young (Allocation Failure)
[721.957s][info][gc,heap        ] GC(342) DefNew: 2458637K(2516544K)->165434K(2516544K) Eden: 2236928K(2236928K)->0K(2236928K) From: 221709K(279616K)->165434K(279616K)
[721.957s][info][gc,heap        ] GC(342) Tenured: 316779K(5592448K)->316779K(5592448K)
[721.957s][info][gc,metaspace   ] GC(342) Metaspace: 22724K(22976K)->22724K(22976K) NonClass: 19921K(20032K)->19921K(20032K) Class: 2802K(2944K)->2802K(2944K)
[721.958s][info][gc             ] GC(342) Pause Young (Allocation Failure) 2710M->470M(7918M) 689.120ms
[721.958s][info][gc,cpu         ] GC(342) User=0.67s Sys=0.00s Real=0.69s
[722.662s][info][gc,start       ] GC(343) Pause Full (System.gc())
[722.662s][info][gc,phases,start] GC(343) Phase 1: Mark live objects
[722.864s][info][gc,phases      ] GC(343) Phase 1: Mark live objects 201.720ms
[722.864s][info][gc,phases,start] GC(343) Phase 2: Compute new object addresses
[723.041s][info][gc,phases      ] GC(343) Phase 2: Compute new object addresses 176.715ms
[723.041s][info][gc,phases,start] GC(343) Phase 3: Adjust pointers
[723.178s][info][gc,phases      ] GC(343) Phase 3: Adjust pointers 137.419ms
[723.179s][info][gc,phases,start] GC(343) Phase 4: Move objects
[723.257s][info][gc,phases      ] GC(343) Phase 4: Move objects 77.988ms
[723.257s][info][gc,heap        ] GC(343) DefNew: 1066566K(2516544K)->0K(2516544K) Eden: 901132K(2236928K)->0K(2236928K) From: 165434K(279616K)->0K(279616K)
[723.257s][info][gc,heap        ] GC(343) Tenured: 316779K(5592448K)->292997K(5592448K)
[723.257s][info][gc,metaspace   ] GC(343) Metaspace: 22724K(22976K)->22724K(22976K) NonClass: 19921K(20032K)->19921K(20032K) Class: 2802K(2944K)->2802K(2944K)
[723.257s][info][gc             ] GC(343) Pause Full (System.gc()) 1350M->286M(7918M) 594.314ms
[723.257s][info][gc,cpu         ] GC(343) User=0.61s Sys=0.00s Real=0.59s
[724.375s][info][gc,start       ] GC(344) Pause Young (Allocation Failure)
[725.216s][info][gc,heap        ] GC(344) DefNew: 2236928K(2516544K)->188733K(2516544K) Eden: 2236928K(2236928K)->0K(2236928K) From: 0K(279616K)->188733K(279616K)
[725.216s][info][gc,heap        ] GC(344) Tenured: 292997K(5592448K)->292997K(5592448K)
[725.216s][info][gc,metaspace   ] GC(344) Metaspace: 22724K(22976K)->22724K(22976K) NonClass: 19921K(20032K)->19921K(20032K) Class: 2802K(2944K)->2802K(2944K)
[725.216s][info][gc             ] GC(344) Pause Young (Allocation Failure) 2470M->470M(7918M) 841.287ms
[725.216s][info][gc,cpu         ] GC(344) User=0.83s Sys=0.00s Real=0.84s
[727.065s][info][gc,start       ] GC(345) Pause Young (Allocation Failure)
[727.586s][info][gc,heap        ] GC(345) DefNew: 2425661K(2516544K)->124236K(2516544K) Eden: 2236928K(2236928K)->0K(2236928K) From: 188733K(279616K)->124236K(279616K)
[727.587s][info][gc,heap        ] GC(345) Tenured: 292997K(5592448K)->292999K(5592448K)
[727.587s][info][gc,metaspace   ] GC(345) Metaspace: 22724K(22976K)->22724K(22976K) NonClass: 19921K(20032K)->19921K(20032K) Class: 2802K(2944K)->2802K(2944K)
[727.587s][info][gc             ] GC(345) Pause Young (Allocation Failure) 2654M->407M(7918M) 521.523ms
[727.587s][info][gc,cpu         ] GC(345) User=0.52s Sys=0.00s Real=0.52s
[728.770s][info][gc,start       ] GC(346) Pause Young (Allocation Failure)
[729.691s][info][gc,heap        ] GC(346) DefNew: 2360435K(2516544K)->207103K(2516544K) Eden: 2236198K(2236928K)->0K(2236928K) From: 124236K(279616K)->207103K(279616K)
[729.691s][info][gc,heap        ] GC(346) Tenured: 292999K(5592448K)->292999K(5592448K)
[729.691s][info][gc,metaspace   ] GC(346) Metaspace: 22724K(22976K)->22724K(22976K) NonClass: 19921K(20032K)->19921K(20032K) Class: 2802K(2944K)->2802K(2944K)
[729.691s][info][gc             ] GC(346) Pause Young (Allocation Failure) 2591M->488M(7918M) 920.890ms
[729.691s][info][gc,cpu         ] GC(346) User=0.91s Sys=0.02s Real=0.91s
[731.385s][info][gc,start       ] GC(347) Pause Young (Allocation Failure)
[731.843s][info][gc,heap        ] GC(347) DefNew: 2444031K(2516544K)->107421K(2516544K) Eden: 2236928K(2236928K)->0K(2236928K) From: 207103K(279616K)->107421K(279616K)
[731.843s][info][gc,heap        ] GC(347) Tenured: 292999K(5592448K)->292999K(5592448K)
[731.843s][info][gc,metaspace   ] GC(347) Metaspace: 22724K(22976K)->22724K(22976K) NonClass: 19921K(20032K)->19921K(20032K) Class: 2802K(2944K)->2802K(2944K)
[731.843s][info][gc             ] GC(347) Pause Young (Allocation Failure) 2672M->391M(7918M) 458.463ms
[731.844s][info][gc,cpu         ] GC(347) User=0.45s Sys=0.00s Real=0.46s
[733.123s][info][gc,start       ] GC(348) Pause Young (Allocation Failure)
[734.081s][info][gc,heap        ] GC(348) DefNew: 2344349K(2516544K)->216371K(2516544K) Eden: 2236928K(2236928K)->0K(2236928K) From: 107421K(279616K)->216371K(279616K)
[734.081s][info][gc,heap        ] GC(348) Tenured: 292999K(5592448K)->292999K(5592448K)
[734.081s][info][gc,metaspace   ] GC(348) Metaspace: 22724K(22976K)->22724K(22976K) NonClass: 19921K(20032K)->19921K(20032K) Class: 2802K(2944K)->2802K(2944K)
[734.081s][info][gc             ] GC(348) Pause Young (Allocation Failure) 2575M->497M(7918M) 957.712ms
[734.081s][info][gc,cpu         ] GC(348) User=0.95s Sys=0.00s Real=0.96s
[735.766s][info][gc,start       ] GC(349) Pause Young (Allocation Failure)
[736.420s][info][gc,heap        ] GC(349) DefNew: 2453299K(2516544K)->149914K(2516544K) Eden: 2236928K(2236928K)->0K(2236928K) From: 216371K(279616K)->149914K(279616K)
[736.420s][info][gc,heap        ] GC(349) Tenured: 292999K(5592448K)->292999K(5592448K)
[736.420s][info][gc,metaspace   ] GC(349) Metaspace: 22724K(22976K)->22724K(22976K) NonClass: 19921K(20032K)->19921K(20032K) Class: 2802K(2944K)->2802K(2944K)
[736.420s][info][gc             ] GC(349) Pause Young (Allocation Failure) 2681M->432M(7918M) 653.673ms
[736.420s][info][gc,cpu         ] GC(349) User=0.64s Sys=0.02s Real=0.64s
[737.246s][info][gc,start       ] GC(350) Pause Full (System.gc())
[737.246s][info][gc,phases,start] GC(350) Phase 1: Mark live objects
[737.445s][info][gc,phases      ] GC(350) Phase 1: Mark live objects 198.340ms
[737.445s][info][gc,phases,start] GC(350) Phase 2: Compute new object addresses
[737.641s][info][gc,phases      ] GC(350) Phase 2: Compute new object addresses 195.975ms
[737.641s][info][gc,phases,start] GC(350) Phase 3: Adjust pointers
[737.786s][info][gc,phases      ] GC(350) Phase 3: Adjust pointers 145.207ms
[737.786s][info][gc,phases,start] GC(350) Phase 4: Move objects
[737.872s][info][gc,phases      ] GC(350) Phase 4: Move objects 86.450ms
[737.873s][info][gc,heap        ] GC(350) DefNew: 1184611K(2516544K)->0K(2516544K) Eden: 1034697K(2236928K)->0K(2236928K) From: 149914K(279616K)->0K(279616K)
[737.873s][info][gc,heap        ] GC(350) Tenured: 292999K(5592448K)->103503K(5592448K)
[737.873s][info][gc,metaspace   ] GC(350) Metaspace: 22724K(22976K)->22724K(22976K) NonClass: 19921K(20032K)->19921K(20032K) Class: 2802K(2944K)->2802K(2944K)
[737.873s][info][gc             ] GC(350) Pause Full (System.gc()) 1442M->101M(7918M) 626.431ms
[737.873s][info][gc,cpu         ] GC(350) User=0.62s Sys=0.00s Real=0.63s
[739.099s][info][gc,start       ] GC(351) Pause Young (Allocation Failure)
[739.906s][info][gc,heap        ] GC(351) DefNew: 2236928K(2516544K)->183911K(2516544K) Eden: 2236928K(2236928K)->0K(2236928K) From: 0K(279616K)->183911K(279616K)
[739.906s][info][gc,heap        ] GC(351) Tenured: 103503K(5592448K)->103503K(5592448K)
[739.906s][info][gc,metaspace   ] GC(351) Metaspace: 22725K(22976K)->22725K(22976K) NonClass: 19922K(20032K)->19922K(20032K) Class: 2802K(2944K)->2802K(2944K)
[739.906s][info][gc             ] GC(351) Pause Young (Allocation Failure) 2285M->280M(7918M) 807.428ms
[739.906s][info][gc,cpu         ] GC(351) User=0.81s Sys=0.00s Real=0.81s
[741.564s][info][gc,start       ] GC(352) Pause Young (Allocation Failure)
[742.072s][info][gc,heap        ] GC(352) DefNew: 2420839K(2516544K)->116664K(2516544K) Eden: 2236928K(2236928K)->0K(2236928K) From: 183911K(279616K)->116664K(279616K)
[742.072s][info][gc,heap        ] GC(352) Tenured: 103503K(5592448K)->103506K(5592448K)
[742.072s][info][gc,metaspace   ] GC(352) Metaspace: 22725K(22976K)->22725K(22976K) NonClass: 19922K(20032K)->19922K(20032K) Class: 2802K(2944K)->2802K(2944K)
[742.072s][info][gc             ] GC(352) Pause Young (Allocation Failure) 2465M->215M(7918M) 508.018ms
[742.072s][info][gc,cpu         ] GC(352) User=0.52s Sys=0.00s Real=0.51s
[743.218s][info][gc,start       ] GC(353) Pause Young (Allocation Failure)
[744.104s][info][gc,heap        ] GC(353) DefNew: 2353592K(2516544K)->199430K(2516544K) Eden: 2236928K(2236928K)->0K(2236928K) From: 116664K(279616K)->199430K(279616K)
[744.104s][info][gc,heap        ] GC(353) Tenured: 103506K(5592448K)->103506K(5592448K)
[744.104s][info][gc,metaspace   ] GC(353) Metaspace: 22725K(22976K)->22725K(22976K) NonClass: 19922K(20032K)->19922K(20032K) Class: 2802K(2944K)->2802K(2944K)
[744.104s][info][gc             ] GC(353) Pause Young (Allocation Failure) 2399M->295M(7918M) 886.185ms
[744.104s][info][gc,cpu         ] GC(353) User=0.89s Sys=0.00s Real=0.88s
[745.800s][info][gc,start       ] GC(354) Pause Young (Allocation Failure)
[746.317s][info][gc,heap        ] GC(354) DefNew: 2436358K(2516544K)->119838K(2516544K) Eden: 2236928K(2236928K)->0K(2236928K) From: 199430K(279616K)->119838K(279616K)
[746.317s][info][gc,heap        ] GC(354) Tenured: 103506K(5592448K)->103506K(5592448K)
[746.317s][info][gc,metaspace   ] GC(354) Metaspace: 22725K(22976K)->22725K(22976K) NonClass: 19922K(20032K)->19922K(20032K) Class: 2802K(2944K)->2802K(2944K)
[746.317s][info][gc             ] GC(354) Pause Young (Allocation Failure) 2480M->218M(7918M) 516.324ms
[746.317s][info][gc,cpu         ] GC(354) User=0.52s Sys=0.00s Real=0.52s
[747.525s][info][gc,start       ] GC(355) Pause Young (Allocation Failure)
[748.451s][info][gc,heap        ] GC(355) DefNew: 2356766K(2516544K)->210054K(2516544K) Eden: 2236928K(2236928K)->0K(2236928K) From: 119838K(279616K)->210054K(279616K)
[748.451s][info][gc,heap        ] GC(355) Tenured: 103506K(5592448K)->103506K(5592448K)
[748.451s][info][gc,metaspace   ] GC(355) Metaspace: 22725K(22976K)->22725K(22976K) NonClass: 19922K(20032K)->19922K(20032K) Class: 2802K(2944K)->2802K(2944K)
[748.451s][info][gc             ] GC(355) Pause Young (Allocation Failure) 2402M->306M(7918M) 926.526ms
[748.451s][info][gc,cpu         ] GC(355) User=0.91s Sys=0.00s Real=0.93s
[750.315s][info][gc,start       ] GC(356) Pause Young (Allocation Failure)
[750.989s][info][gc,heap        ] GC(356) DefNew: 2446982K(2516544K)->158504K(2516544K) Eden: 2236928K(2236928K)->0K(2236928K) From: 210054K(279616K)->158504K(279616K)
[750.989s][info][gc,heap        ] GC(356) Tenured: 103506K(5592448K)->103506K(5592448K)
[750.989s][info][gc,metaspace   ] GC(356) Metaspace: 22725K(22976K)->22725K(22976K) NonClass: 19922K(20032K)->19922K(20032K) Class: 2802K(2944K)->2802K(2944K)
[750.989s][info][gc             ] GC(356) Pause Young (Allocation Failure) 2490M->255M(7918M) 674.273ms
[750.989s][info][gc,cpu         ] GC(356) User=0.67s Sys=0.00s Real=0.68s
[751.807s][info][gc,start       ] GC(357) Pause Full (System.gc())
[751.807s][info][gc,phases,start] GC(357) Phase 1: Mark live objects
[751.987s][info][gc,phases      ] GC(357) Phase 1: Mark live objects 180.246ms
[751.987s][info][gc,phases,start] GC(357) Phase 2: Compute new object addresses
[752.168s][info][gc,phases      ] GC(357) Phase 2: Compute new object addresses 180.667ms
[752.168s][info][gc,phases,start] GC(357) Phase 3: Adjust pointers
[752.308s][info][gc,phases      ] GC(357) Phase 3: Adjust pointers 140.213ms
[752.308s][info][gc,phases,start] GC(357) Phase 4: Move objects
[752.387s][info][gc,phases      ] GC(357) Phase 4: Move objects 79.111ms
[752.388s][info][gc,heap        ] GC(357) DefNew: 1079289K(2516544K)->0K(2516544K) Eden: 920785K(2236928K)->0K(2236928K) From: 158504K(279616K)->0K(279616K)
[752.388s][info][gc,heap        ] GC(357) Tenured: 103506K(5592448K)->200642K(5592448K)
[752.388s][info][gc,metaspace   ] GC(357) Metaspace: 22725K(22976K)->22725K(22976K) NonClass: 19922K(20032K)->19922K(20032K) Class: 2802K(2944K)->2802K(2944K)
[752.388s][info][gc             ] GC(357) Pause Full (System.gc()) 1155M->195M(7918M) 580.659ms
[752.388s][info][gc,cpu         ] GC(357) User=0.58s Sys=0.00s Real=0.57s
[753.748s][info][gc,start       ] GC(358) Pause Young (Allocation Failure)
[754.633s][info][gc,heap        ] GC(358) DefNew: 2236928K(2516544K)->203753K(2516544K) Eden: 2236928K(2236928K)->0K(2236928K) From: 0K(279616K)->203753K(279616K)
[754.633s][info][gc,heap        ] GC(358) Tenured: 200642K(5592448K)->200642K(5592448K)
[754.633s][info][gc,metaspace   ] GC(358) Metaspace: 22914K(23168K)->22914K(23168K) NonClass: 20112K(20224K)->20112K(20224K) Class: 2802K(2944K)->2802K(2944K)
[754.633s][info][gc             ] GC(358) Pause Young (Allocation Failure) 2380M->394M(7918M) 885.259ms
[754.633s][info][gc,cpu         ] GC(358) User=0.89s Sys=0.00s Real=0.89s
[756.527s][info][gc,start       ] GC(359) Pause Young (Allocation Failure)
[757.141s][info][gc,heap        ] GC(359) DefNew: 2440681K(2516544K)->144356K(2516544K) Eden: 2236928K(2236928K)->0K(2236928K) From: 203753K(279616K)->144356K(279616K)
[757.141s][info][gc,heap        ] GC(359) Tenured: 200642K(5592448K)->200644K(5592448K)
[757.141s][info][gc,metaspace   ] GC(359) Metaspace: 22992K(23296K)->22992K(23296K) NonClass: 20189K(20352K)->20189K(20352K) Class: 2802K(2944K)->2802K(2944K)
[757.141s][info][gc             ] GC(359) Pause Young (Allocation Failure) 2579M->336M(7918M) 614.184ms
[757.141s][info][gc,cpu         ] GC(359) User=0.59s Sys=0.02s Real=0.62s
[758.622s][info][gc,start       ] GC(360) Pause Young (Allocation Failure)
[759.333s][info][gc,heap        ] GC(360) DefNew: 2381284K(2516544K)->157809K(2516544K) Eden: 2236928K(2236928K)->0K(2236928K) From: 144356K(279616K)->157809K(279616K)
[759.333s][info][gc,heap        ] GC(360) Tenured: 200644K(5592448K)->203432K(5592448K)
[759.333s][info][gc,metaspace   ] GC(360) Metaspace: 22992K(23296K)->22992K(23296K) NonClass: 20189K(20352K)->20189K(20352K) Class: 2802K(2944K)->2802K(2944K)
[759.333s][info][gc             ] GC(360) Pause Young (Allocation Failure) 2521M->352M(7918M) 710.963ms
[759.333s][info][gc,cpu         ] GC(360) User=0.67s Sys=0.02s Real=0.70s
[760.917s][info][gc,start       ] GC(361) Pause Young (Allocation Failure)
[761.716s][info][gc,heap        ] GC(361) DefNew: 2394737K(2516544K)->183604K(2516544K) Eden: 2236928K(2236928K)->0K(2236928K) From: 157809K(279616K)->183604K(279616K)
[761.716s][info][gc,heap        ] GC(361) Tenured: 203432K(5592448K)->204356K(5592448K)
[761.716s][info][gc,metaspace   ] GC(361) Metaspace: 22992K(23296K)->22992K(23296K) NonClass: 20189K(20352K)->20189K(20352K) Class: 2802K(2944K)->2802K(2944K)
[761.716s][info][gc             ] GC(361) Pause Young (Allocation Failure) 2537M->378M(7918M) 799.185ms
[761.717s][info][gc,cpu         ] GC(361) User=0.78s Sys=0.02s Real=0.80s
[763.531s][info][gc,start       ] GC(362) Pause Young (Allocation Failure)
[764.019s][info][gc,heap        ] GC(362) DefNew: 2420532K(2516544K)->111393K(2516544K) Eden: 2236928K(2236928K)->0K(2236928K) From: 183604K(279616K)->111393K(279616K)
[764.019s][info][gc,heap        ] GC(362) Tenured: 204356K(5592448K)->204356K(5592448K)
[764.019s][info][gc,metaspace   ] GC(362) Metaspace: 22992K(23296K)->22992K(23296K) NonClass: 20189K(20352K)->20189K(20352K) Class: 2802K(2944K)->2802K(2944K)
[764.019s][info][gc             ] GC(362) Pause Young (Allocation Failure) 2563M->308M(7918M) 488.105ms
[764.019s][info][gc,cpu         ] GC(362) User=0.47s Sys=0.00s Real=0.47s
[765.222s][info][gc,start       ] GC(363) Pause Young (Allocation Failure)
[766.087s][info][gc,heap        ] GC(363) DefNew: 2348321K(2516544K)->195445K(2516544K) Eden: 2236928K(2236928K)->0K(2236928K) From: 111393K(279616K)->195445K(279616K)
[766.087s][info][gc,heap        ] GC(363) Tenured: 204356K(5592448K)->204356K(5592448K)
[766.087s][info][gc,metaspace   ] GC(363) Metaspace: 22992K(23296K)->22992K(23296K) NonClass: 20189K(20352K)->20189K(20352K) Class: 2802K(2944K)->2802K(2944K)
[766.087s][info][gc             ] GC(363) Pause Young (Allocation Failure) 2492M->390M(7918M) 864.950ms
[766.087s][info][gc,cpu         ] GC(363) User=0.86s Sys=0.02s Real=0.85s
[766.793s][info][gc,start       ] GC(364) Pause Full (System.gc())
[766.793s][info][gc,phases,start] GC(364) Phase 1: Mark live objects
[766.982s][info][gc,phases      ] GC(364) Phase 1: Mark live objects 189.294ms
[766.982s][info][gc,phases,start] GC(364) Phase 2: Compute new object addresses
[767.118s][info][gc,phases      ] GC(364) Phase 2: Compute new object addresses 135.725ms
[767.118s][info][gc,phases,start] GC(364) Phase 3: Adjust pointers
[767.248s][info][gc,phases      ] GC(364) Phase 3: Adjust pointers 130.334ms
[767.248s][info][gc,phases,start] GC(364) Phase 4: Move objects
[767.307s][info][gc,phases      ] GC(364) Phase 4: Move objects 58.465ms
[767.307s][info][gc,heap        ] GC(364) DefNew: 755312K(2516544K)->0K(2516544K) Eden: 559867K(2236928K)->0K(2236928K) From: 195445K(279616K)->0K(279616K)
[767.307s][info][gc,heap        ] GC(364) Tenured: 204356K(5592448K)->301348K(5592448K)
[767.307s][info][gc,metaspace   ] GC(364) Metaspace: 22992K(23296K)->22992K(23296K) NonClass: 20189K(20352K)->20189K(20352K) Class: 2802K(2944K)->2802K(2944K)
[767.307s][info][gc             ] GC(364) Pause Full (System.gc()) 937M->294M(7918M) 514.226ms
[767.307s][info][gc,cpu         ] GC(364) User=0.52s Sys=0.00s Real=0.52s
[768.498s][info][gc,start       ] GC(365) Pause Young (Allocation Failure)
[769.326s][info][gc,heap        ] GC(365) DefNew: 2236928K(2516544K)->187724K(2516544K) Eden: 2236928K(2236928K)->0K(2236928K) From: 0K(279616K)->187724K(279616K)
[769.326s][info][gc,heap        ] GC(365) Tenured: 301348K(5592448K)->301348K(5592448K)
[769.326s][info][gc,metaspace   ] GC(365) Metaspace: 22996K(23296K)->22996K(23296K) NonClass: 20193K(20352K)->20193K(20352K) Class: 2802K(2944K)->2802K(2944K)
[769.326s][info][gc             ] GC(365) Pause Young (Allocation Failure) 2478M->477M(7918M) 827.962ms
[769.326s][info][gc,cpu         ] GC(365) User=0.81s Sys=0.02s Real=0.82s
[771.097s][info][gc,start       ] GC(366) Pause Young (Allocation Failure)
[771.607s][info][gc,heap        ] GC(366) DefNew: 2424652K(2516544K)->118575K(2516544K) Eden: 2236928K(2236928K)->0K(2236928K) From: 187724K(279616K)->118575K(279616K)
[771.607s][info][gc,heap        ] GC(366) Tenured: 301348K(5592448K)->301349K(5592448K)
[771.607s][info][gc,metaspace   ] GC(366) Metaspace: 22996K(23296K)->22996K(23296K) NonClass: 20193K(20352K)->20193K(20352K) Class: 2802K(2944K)->2802K(2944K)
[771.607s][info][gc             ] GC(366) Pause Young (Allocation Failure) 2662M->410M(7918M) 510.050ms
[771.607s][info][gc,cpu         ] GC(366) User=0.52s Sys=0.00s Real=0.51s
[772.770s][info][gc,start       ] GC(367) Pause Young (Allocation Failure)
[773.675s][info][gc,heap        ] GC(367) DefNew: 2355503K(2516544K)->208407K(2516544K) Eden: 2236928K(2236928K)->0K(2236928K) From: 118575K(279616K)->208407K(279616K)
[773.675s][info][gc,heap        ] GC(367) Tenured: 301349K(5592448K)->301349K(5592448K)
[773.675s][info][gc,metaspace   ] GC(367) Metaspace: 22996K(23296K)->22996K(23296K) NonClass: 20193K(20352K)->20193K(20352K) Class: 2802K(2944K)->2802K(2944K)
[773.675s][info][gc             ] GC(367) Pause Young (Allocation Failure) 2594M->497M(7918M) 905.892ms
[773.675s][info][gc,cpu         ] GC(367) User=0.89s Sys=0.00s Real=0.90s
[775.430s][info][gc,start       ] GC(368) Pause Young (Allocation Failure)
[776.030s][info][gc,heap        ] GC(368) DefNew: 2445335K(2516544K)->140898K(2516544K) Eden: 2236928K(2236928K)->0K(2236928K) From: 208407K(279616K)->140898K(279616K)
[776.031s][info][gc,heap        ] GC(368) Tenured: 301349K(5592448K)->301349K(5592448K)
[776.031s][info][gc,metaspace   ] GC(368) Metaspace: 22996K(23296K)->22996K(23296K) NonClass: 20193K(20352K)->20193K(20352K) Class: 2802K(2944K)->2802K(2944K)
[776.031s][info][gc             ] GC(368) Pause Young (Allocation Failure) 2682M->431M(7918M) 601.487ms
[776.031s][info][gc,cpu         ] GC(368) User=0.59s Sys=0.00s Real=0.60s
[777.216s][info][gc,start       ] GC(369) Pause Young (Allocation Failure)
[777.998s][info][gc,heap        ] GC(369) DefNew: 2377826K(2516544K)->209215K(2516544K) Eden: 2236928K(2236928K)->0K(2236928K) From: 140898K(279616K)->209215K(279616K)
[777.999s][info][gc,heap        ] GC(369) Tenured: 301349K(5592448K)->319523K(5592448K)
[777.999s][info][gc,metaspace   ] GC(369) Metaspace: 22999K(23296K)->22999K(23296K) NonClass: 20196K(20352K)->20196K(20352K) Class: 2802K(2944K)->2802K(2944K)
[777.999s][info][gc             ] GC(369) Pause Young (Allocation Failure) 2616M->516M(7918M) 782.571ms
[777.999s][info][gc,cpu         ] GC(369) User=0.77s Sys=0.00s Real=0.78s
[779.908s][info][gc,start       ] GC(370) Pause Young (Allocation Failure)
[780.665s][info][gc,heap        ] GC(370) DefNew: 2446143K(2516544K)->171625K(2516544K) Eden: 2236928K(2236928K)->0K(2236928K) From: 209215K(279616K)->171625K(279616K)
[780.665s][info][gc,heap        ] GC(370) Tenured: 319523K(5592448K)->324963K(5592448K)
[780.665s][info][gc,metaspace   ] GC(370) Metaspace: 22999K(23296K)->22999K(23296K) NonClass: 20196K(20352K)->20196K(20352K) Class: 2802K(2944K)->2802K(2944K)
[780.665s][info][gc             ] GC(370) Pause Young (Allocation Failure) 2700M->484M(7918M) 757.099ms
[780.665s][info][gc,cpu         ] GC(370) User=0.77s Sys=0.00s Real=0.75s
[781.477s][info][gc,start       ] GC(371) Pause Full (System.gc())
[781.477s][info][gc,phases,start] GC(371) Phase 1: Mark live objects
[781.652s][info][gc,phases      ] GC(371) Phase 1: Mark live objects 174.993ms
[781.652s][info][gc,phases,start] GC(371) Phase 2: Compute new object addresses
[781.823s][info][gc,phases      ] GC(371) Phase 2: Compute new object addresses 170.262ms
[781.823s][info][gc,phases,start] GC(371) Phase 3: Adjust pointers
[781.959s][info][gc,phases      ] GC(371) Phase 3: Adjust pointers 136.263ms
[781.959s][info][gc,phases,start] GC(371) Phase 4: Move objects
[782.033s][info][gc,phases      ] GC(371) Phase 4: Move objects 73.936ms
[782.033s][info][gc,heap        ] GC(371) DefNew: 971632K(2516544K)->0K(2516544K) Eden: 800007K(2236928K)->0K(2236928K) From: 171625K(279616K)->0K(279616K)
[782.033s][info][gc,heap        ] GC(371) Tenured: 324963K(5592448K)->335334K(5592448K)
[782.033s][info][gc,metaspace   ] GC(371) Metaspace: 22999K(23296K)->22999K(23296K) NonClass: 20196K(20352K)->20196K(20352K) Class: 2802K(2944K)->2802K(2944K)
[782.033s][info][gc             ] GC(371) Pause Full (System.gc()) 1266M->327M(7918M) 555.913ms
[782.033s][info][gc,cpu         ] GC(371) User=0.55s Sys=0.00s Real=0.56s
[783.312s][info][gc,start       ] GC(372) Pause Young (Allocation Failure)
[784.195s][info][gc,heap        ] GC(372) DefNew: 2236928K(2516544K)->199342K(2516544K) Eden: 2236928K(2236928K)->0K(2236928K) From: 0K(279616K)->199342K(279616K)
[784.195s][info][gc,heap        ] GC(372) Tenured: 335334K(5592448K)->335334K(5592448K)
[784.195s][info][gc,metaspace   ] GC(372) Metaspace: 22999K(23296K)->22999K(23296K) NonClass: 20196K(20352K)->20196K(20352K) Class: 2802K(2944K)->2802K(2944K)
[784.195s][info][gc             ] GC(372) Pause Young (Allocation Failure) 2511M->522M(7918M) 882.360ms
[784.195s][info][gc,cpu         ] GC(372) User=0.89s Sys=0.00s Real=0.88s
[785.933s][info][gc,start       ] GC(373) Pause Young (Allocation Failure)
[786.457s][info][gc,heap        ] GC(373) DefNew: 2436270K(2516544K)->119944K(2516544K) Eden: 2236928K(2236928K)->0K(2236928K) From: 199342K(279616K)->119944K(279616K)
[786.457s][info][gc,heap        ] GC(373) Tenured: 335334K(5592448K)->335339K(5592448K)
[786.457s][info][gc,metaspace   ] GC(373) Metaspace: 22999K(23296K)->22999K(23296K) NonClass: 20196K(20352K)->20196K(20352K) Class: 2802K(2944K)->2802K(2944K)
[786.457s][info][gc             ] GC(373) Pause Young (Allocation Failure) 2706M->444M(7918M) 523.952ms
[786.457s][info][gc,cpu         ] GC(373) User=0.52s Sys=0.00s Real=0.52s
[787.671s][info][gc,start       ] GC(374) Pause Young (Allocation Failure)
[788.619s][info][gc,heap        ] GC(374) DefNew: 2356872K(2516544K)->211732K(2516544K) Eden: 2236928K(2236928K)->0K(2236928K) From: 119944K(279616K)->211732K(279616K)
[788.619s][info][gc,heap        ] GC(374) Tenured: 335339K(5592448K)->335339K(5592448K)
[788.619s][info][gc,metaspace   ] GC(374) Metaspace: 22999K(23296K)->22999K(23296K) NonClass: 20196K(20352K)->20196K(20352K) Class: 2802K(2944K)->2802K(2944K)
[788.619s][info][gc             ] GC(374) Pause Young (Allocation Failure) 2629M->534M(7918M) 947.839ms
[788.619s][info][gc,cpu         ] GC(374) User=0.95s Sys=0.00s Real=0.95s
[790.435s][info][gc,start       ] GC(375) Pause Young (Allocation Failure)
[791.071s][info][gc,heap        ] GC(375) DefNew: 2448660K(2516544K)->148496K(2516544K) Eden: 2236928K(2236928K)->0K(2236928K) From: 211732K(279616K)->148496K(279616K)
[791.071s][info][gc,heap        ] GC(375) Tenured: 335339K(5592448K)->335339K(5592448K)
[791.071s][info][gc,metaspace   ] GC(375) Metaspace: 22999K(23296K)->22999K(23296K) NonClass: 20196K(20352K)->20196K(20352K) Class: 2802K(2944K)->2802K(2944K)
[791.071s][info][gc             ] GC(375) Pause Young (Allocation Failure) 2718M->472M(7918M) 635.547ms
[791.071s][info][gc,cpu         ] GC(375) User=0.64s Sys=0.00s Real=0.62s
[792.549s][info][gc,start       ] GC(376) Pause Young (Allocation Failure)
[793.308s][info][gc,heap        ] GC(376) DefNew: 2385424K(2516544K)->167187K(2516544K) Eden: 2236928K(2236928K)->0K(2236928K) From: 148496K(279616K)->167187K(279616K)
[793.308s][info][gc,heap        ] GC(376) Tenured: 335339K(5592448K)->338539K(5592448K)
[793.308s][info][gc,metaspace   ] GC(376) Metaspace: 22999K(23296K)->22999K(23296K) NonClass: 20196K(20352K)->20196K(20352K) Class: 2802K(2944K)->2802K(2944K)
[793.308s][info][gc             ] GC(376) Pause Young (Allocation Failure) 2656M->493M(7918M) 759.266ms
[793.308s][info][gc,cpu         ] GC(376) User=0.77s Sys=0.00s Real=0.76s
[794.922s][info][gc,start       ] GC(377) Pause Young (Allocation Failure)
[795.714s][info][gc,heap        ] GC(377) DefNew: 2404115K(2516544K)->181459K(2516544K) Eden: 2236928K(2236928K)->0K(2236928K) From: 167187K(279616K)->181459K(279616K)
[795.714s][info][gc,heap        ] GC(377) Tenured: 338539K(5592448K)->339559K(5592448K)
[795.714s][info][gc,metaspace   ] GC(377) Metaspace: 22999K(23296K)->22999K(23296K) NonClass: 20196K(20352K)->20196K(20352K) Class: 2802K(2944K)->2802K(2944K)
[795.714s][info][gc             ] GC(377) Pause Young (Allocation Failure) 2678M->508M(7918M) 791.485ms
[795.714s][info][gc,cpu         ] GC(377) User=0.80s Sys=0.00s Real=0.79s
[796.469s][info][gc,start       ] GC(378) Pause Full (System.gc())
[796.469s][info][gc,phases,start] GC(378) Phase 1: Mark live objects
[796.654s][info][gc,phases      ] GC(378) Phase 1: Mark live objects 185.386ms
[796.654s][info][gc,phases,start] GC(378) Phase 2: Compute new object addresses
[796.814s][info][gc,phases      ] GC(378) Phase 2: Compute new object addresses 159.490ms
[796.814s][info][gc,phases,start] GC(378) Phase 3: Adjust pointers
[796.949s][info][gc,phases      ] GC(378) Phase 3: Adjust pointers 135.804ms
[796.950s][info][gc,phases,start] GC(378) Phase 4: Move objects
[797.018s][info][gc,phases      ] GC(378) Phase 4: Move objects 68.030ms
[797.018s][info][gc,heap        ] GC(378) DefNew: 928048K(2516544K)->0K(2516544K) Eden: 746588K(2236928K)->0K(2236928K) From: 181459K(279616K)->0K(279616K)
[797.018s][info][gc,heap        ] GC(378) Tenured: 339559K(5592448K)->103496K(5592448K)
[797.018s][info][gc,metaspace   ] GC(378) Metaspace: 22999K(23296K)->22999K(23296K) NonClass: 20196K(20352K)->20196K(20352K) Class: 2802K(2944K)->2802K(2944K)
[797.018s][info][gc             ] GC(378) Pause Full (System.gc()) 1237M->101M(7918M) 549.161ms
[797.018s][info][gc,cpu         ] GC(378) User=0.52s Sys=0.02s Real=0.55s
[798.326s][info][gc,start       ] GC(379) Pause Young (Allocation Failure)
[799.204s][info][gc,heap        ] GC(379) DefNew: 2236928K(2516544K)->199069K(2516544K) Eden: 2236928K(2236928K)->0K(2236928K) From: 0K(279616K)->199069K(279616K)
[799.204s][info][gc,heap        ] GC(379) Tenured: 103496K(5592448K)->103496K(5592448K)
[799.204s][info][gc,metaspace   ] GC(379) Metaspace: 22999K(23296K)->22999K(23296K) NonClass: 20196K(20352K)->20196K(20352K) Class: 2802K(2944K)->2802K(2944K)
[799.204s][info][gc             ] GC(379) Pause Young (Allocation Failure) 2285M->295M(7918M) 878.142ms
[799.204s][info][gc,cpu         ] GC(379) User=0.88s Sys=0.00s Real=0.89s
[800.934s][info][gc,start       ] GC(380) Pause Young (Allocation Failure)
[801.484s][info][gc,heap        ] GC(380) DefNew: 2435997K(2516544K)->126574K(2516544K) Eden: 2236928K(2236928K)->0K(2236928K) From: 199069K(279616K)->126574K(279616K)
[801.484s][info][gc,heap        ] GC(380) Tenured: 103496K(5592448K)->103498K(5592448K)
[801.484s][info][gc,metaspace   ] GC(380) Metaspace: 22999K(23296K)->22999K(23296K) NonClass: 20196K(20352K)->20196K(20352K) Class: 2802K(2944K)->2802K(2944K)
[801.484s][info][gc             ] GC(380) Pause Young (Allocation Failure) 2479M->224M(7918M) 550.324ms
[801.484s][info][gc,cpu         ] GC(380) User=0.55s Sys=0.00s Real=0.54s
[802.682s][info][gc,start       ] GC(381) Pause Young (Allocation Failure)
[803.585s][info][gc,heap        ] GC(381) DefNew: 2363502K(2516544K)->206757K(2516544K) Eden: 2236928K(2236928K)->0K(2236928K) From: 126574K(279616K)->206757K(279616K)
[803.585s][info][gc,heap        ] GC(381) Tenured: 103498K(5592448K)->103498K(5592448K)
[803.586s][info][gc,metaspace   ] GC(381) Metaspace: 22999K(23296K)->22999K(23296K) NonClass: 20196K(20352K)->20196K(20352K) Class: 2802K(2944K)->2802K(2944K)
[803.586s][info][gc             ] GC(381) Pause Young (Allocation Failure) 2409M->302M(7918M) 904.041ms
[803.586s][info][gc,cpu         ] GC(381) User=0.91s Sys=0.00s Real=0.90s
[805.368s][info][gc,start       ] GC(382) Pause Young (Allocation Failure)
[805.982s][info][gc,heap        ] GC(382) DefNew: 2443685K(2516544K)->144483K(2516544K) Eden: 2236928K(2236928K)->0K(2236928K) From: 206757K(279616K)->144483K(279616K)
[805.982s][info][gc,heap        ] GC(382) Tenured: 103498K(5592448K)->103498K(5592448K)
[805.982s][info][gc,metaspace   ] GC(382) Metaspace: 22999K(23296K)->22999K(23296K) NonClass: 20196K(20352K)->20196K(20352K) Class: 2802K(2944K)->2802K(2944K)
[805.982s][info][gc             ] GC(382) Pause Young (Allocation Failure) 2487M->242M(7918M) 613.878ms
[805.982s][info][gc,cpu         ] GC(382) User=0.59s Sys=0.02s Real=0.61s
[807.489s][info][gc,start       ] GC(383) Pause Young (Allocation Failure)
[808.218s][info][gc,heap        ] GC(383) DefNew: 2381411K(2516544K)->162794K(2516544K) Eden: 2236928K(2236928K)->0K(2236928K) From: 144483K(279616K)->162794K(279616K)
[808.218s][info][gc,heap        ] GC(383) Tenured: 103498K(5592448K)->106456K(5592448K)
[808.218s][info][gc,metaspace   ] GC(383) Metaspace: 22999K(23296K)->22999K(23296K) NonClass: 20196K(20352K)->20196K(20352K) Class: 2802K(2944K)->2802K(2944K)
[808.218s][info][gc             ] GC(383) Pause Young (Allocation Failure) 2426M->262M(7918M) 728.546ms
[808.218s][info][gc,cpu         ] GC(383) User=0.73s Sys=0.00s Real=0.74s
[809.898s][info][gc,start       ] GC(384) Pause Young (Allocation Failure)
[810.701s][info][gc,heap        ] GC(384) DefNew: 2399722K(2516544K)->186282K(2516544K) Eden: 2236928K(2236928K)->0K(2236928K) From: 162794K(279616K)->186282K(279616K)
[810.701s][info][gc,heap        ] GC(384) Tenured: 106456K(5592448K)->107480K(5592448K)
[810.701s][info][gc,metaspace   ] GC(384) Metaspace: 22999K(23296K)->22999K(23296K) NonClass: 20196K(20352K)->20196K(20352K) Class: 2802K(2944K)->2802K(2944K)
[810.701s][info][gc             ] GC(384) Pause Young (Allocation Failure) 2447M->286M(7918M) 803.952ms
[810.701s][info][gc,cpu         ] GC(384) User=0.80s Sys=0.00s Real=0.81s
[811.442s][info][gc,start       ] GC(385) Pause Full (System.gc())
[811.442s][info][gc,phases,start] GC(385) Phase 1: Mark live objects
[811.628s][info][gc,phases      ] GC(385) Phase 1: Mark live objects 186.150ms
[811.628s][info][gc,phases,start] GC(385) Phase 2: Compute new object addresses
[811.775s][info][gc,phases      ] GC(385) Phase 2: Compute new object addresses 146.734ms
[811.775s][info][gc,phases,start] GC(385) Phase 3: Adjust pointers
[811.908s][info][gc,phases      ] GC(385) Phase 3: Adjust pointers 132.535ms
[811.908s][info][gc,phases,start] GC(385) Phase 4: Move objects
[811.972s][info][gc,phases      ] GC(385) Phase 4: Move objects 64.283ms
[811.972s][info][gc,heap        ] GC(385) DefNew: 831917K(2516544K)->0K(2516544K) Eden: 645635K(2236928K)->0K(2236928K) From: 186282K(279616K)->0K(279616K)
[811.972s][info][gc,heap        ] GC(385) Tenured: 107480K(5592448K)->204433K(5592448K)
[811.972s][info][gc,metaspace   ] GC(385) Metaspace: 22999K(23296K)->22999K(23296K) NonClass: 20196K(20352K)->20196K(20352K) Class: 2802K(2944K)->2802K(2944K)
[811.972s][info][gc             ] GC(385) Pause Full (System.gc()) 917M->199M(7918M) 530.133ms
[811.972s][info][gc,cpu         ] GC(385) User=0.53s Sys=0.00s Real=0.53s
[813.129s][info][gc,start       ] GC(386) Pause Young (Allocation Failure)
[813.962s][info][gc,heap        ] GC(386) DefNew: 2236928K(2516544K)->188676K(2516544K) Eden: 2236928K(2236928K)->0K(2236928K) From: 0K(279616K)->188676K(279616K)
[813.962s][info][gc,heap        ] GC(386) Tenured: 204433K(5592448K)->204433K(5592448K)
[813.962s][info][gc,metaspace   ] GC(386) Metaspace: 22999K(23296K)->22999K(23296K) NonClass: 20196K(20352K)->20196K(20352K) Class: 2802K(2944K)->2802K(2944K)
[813.962s][info][gc             ] GC(386) Pause Young (Allocation Failure) 2384M->383M(7918M) 832.879ms
[813.962s][info][gc,cpu         ] GC(386) User=0.84s Sys=0.00s Real=0.83s
[815.632s][info][gc,start       ] GC(387) Pause Young (Allocation Failure)
[816.089s][info][gc,heap        ] GC(387) DefNew: 2425604K(2516544K)->102306K(2516544K) Eden: 2236928K(2236928K)->0K(2236928K) From: 188676K(279616K)->102306K(279616K)
[816.089s][info][gc,heap        ] GC(387) Tenured: 204433K(5592448K)->204436K(5592448K)
[816.089s][info][gc,metaspace   ] GC(387) Metaspace: 22999K(23296K)->22999K(23296K) NonClass: 20196K(20352K)->20196K(20352K) Class: 2802K(2944K)->2802K(2944K)
[816.089s][info][gc             ] GC(387) Pause Young (Allocation Failure) 2568M->299M(7918M) 456.757ms
[816.089s][info][gc,cpu         ] GC(387) User=0.45s Sys=0.00s Real=0.45s
[817.280s][info][gc,start       ] GC(388) Pause Young (Allocation Failure)
[818.141s][info][gc,heap        ] GC(388) DefNew: 2339234K(2516544K)->191569K(2516544K) Eden: 2236928K(2236928K)->0K(2236928K) From: 102306K(279616K)->191569K(279616K)
[818.141s][info][gc,heap        ] GC(388) Tenured: 204436K(5592448K)->204436K(5592448K)
[818.141s][info][gc,metaspace   ] GC(388) Metaspace: 22999K(23296K)->22999K(23296K) NonClass: 20196K(20352K)->20196K(20352K) Class: 2802K(2944K)->2802K(2944K)
[818.141s][info][gc             ] GC(388) Pause Young (Allocation Failure) 2484M->386M(7918M) 861.141ms
[818.141s][info][gc,cpu         ] GC(388) User=0.84s Sys=0.00s Real=0.86s
[819.992s][info][gc,start       ] GC(389) Pause Young (Allocation Failure)
[820.545s][info][gc,heap        ] GC(389) DefNew: 2428497K(2516544K)->129699K(2516544K) Eden: 2236928K(2236928K)->0K(2236928K) From: 191569K(279616K)->129699K(279616K)
[820.545s][info][gc,heap        ] GC(389) Tenured: 204436K(5592448K)->204437K(5592448K)
[820.545s][info][gc,metaspace   ] GC(389) Metaspace: 22999K(23296K)->22999K(23296K) NonClass: 20196K(20352K)->20196K(20352K) Class: 2802K(2944K)->2802K(2944K)
[820.545s][info][gc             ] GC(389) Pause Young (Allocation Failure) 2571M->326M(7918M) 553.352ms
[820.545s][info][gc,cpu         ] GC(389) User=0.53s Sys=0.02s Real=0.56s
[821.770s][info][gc,start       ] GC(390) Pause Young (Allocation Failure)
[822.713s][info][gc,heap        ] GC(390) DefNew: 2366627K(2516544K)->215972K(2516544K) Eden: 2236928K(2236928K)->0K(2236928K) From: 129699K(279616K)->215972K(279616K)
[822.713s][info][gc,heap        ] GC(390) Tenured: 204437K(5592448K)->204437K(5592448K)
[822.713s][info][gc,metaspace   ] GC(390) Metaspace: 22999K(23296K)->22999K(23296K) NonClass: 20196K(20352K)->20196K(20352K) Class: 2802K(2944K)->2802K(2944K)
[822.713s][info][gc             ] GC(390) Pause Young (Allocation Failure) 2510M->410M(7918M) 943.156ms
[822.713s][info][gc,cpu         ] GC(390) User=0.95s Sys=0.00s Real=0.94s
[824.397s][info][gc,start       ] GC(391) Pause Young (Allocation Failure)
[824.988s][info][gc,heap        ] GC(391) DefNew: 2452900K(2516544K)->135670K(2516544K) Eden: 2236928K(2236928K)->0K(2236928K) From: 215972K(279616K)->135670K(279616K)
[824.988s][info][gc,heap        ] GC(391) Tenured: 204437K(5592448K)->204437K(5592448K)
[824.988s][info][gc,metaspace   ] GC(391) Metaspace: 22999K(23296K)->22999K(23296K) NonClass: 20196K(20352K)->20196K(20352K) Class: 2802K(2944K)->2802K(2944K)
[824.988s][info][gc             ] GC(391) Pause Young (Allocation Failure) 2595M->332M(7918M) 590.704ms
[824.988s][info][gc,cpu         ] GC(391) User=0.56s Sys=0.00s Real=0.59s
[825.843s][info][gc,start       ] GC(392) Pause Full (System.gc())
[825.843s][info][gc,phases,start] GC(392) Phase 1: Mark live objects
[826.057s][info][gc,phases      ] GC(392) Phase 1: Mark live objects 214.305ms
[826.057s][info][gc,phases,start] GC(392) Phase 2: Compute new object addresses
[826.262s][info][gc,phases      ] GC(392) Phase 2: Compute new object addresses 205.008ms
[826.262s][info][gc,phases,start] GC(392) Phase 3: Adjust pointers
[826.410s][info][gc,phases      ] GC(392) Phase 3: Adjust pointers 147.641ms
[826.410s][info][gc,phases,start] GC(392) Phase 4: Move objects
[826.502s][info][gc,phases      ] GC(392) Phase 4: Move objects 91.952ms
[826.502s][info][gc,heap        ] GC(392) DefNew: 1245679K(2516544K)->0K(2516544K) Eden: 1110009K(2236928K)->0K(2236928K) From: 135670K(279616K)->0K(279616K)
[826.502s][info][gc,heap        ] GC(392) Tenured: 204437K(5592448K)->301479K(5592448K)
[826.502s][info][gc,metaspace   ] GC(392) Metaspace: 22999K(23296K)->22999K(23296K) NonClass: 20196K(20352K)->20196K(20352K) Class: 2802K(2944K)->2802K(2944K)
[826.502s][info][gc             ] GC(392) Pause Full (System.gc()) 1416M->294M(7918M) 659.361ms
[826.502s][info][gc,cpu         ] GC(392) User=0.66s Sys=0.02s Real=0.67s
[827.801s][info][gc,start       ] GC(393) Pause Young (Allocation Failure)
[828.452s][info][gc,heap        ] GC(393) DefNew: 2236928K(2516544K)->151052K(2516544K) Eden: 2236928K(2236928K)->0K(2236928K) From: 0K(279616K)->151052K(279616K)
[828.452s][info][gc,heap        ] GC(393) Tenured: 301479K(5592448K)->301479K(5592448K)
[828.452s][info][gc,metaspace   ] GC(393) Metaspace: 22999K(23296K)->22999K(23296K) NonClass: 20196K(20352K)->20196K(20352K) Class: 2802K(2944K)->2802K(2944K)
[828.452s][info][gc             ] GC(393) Pause Young (Allocation Failure) 2478M->441M(7918M) 651.369ms
[828.452s][info][gc,cpu         ] GC(393) User=0.66s Sys=0.00s Real=0.65s
[830.263s][info][gc,start       ] GC(394) Pause Young (Allocation Failure)
[830.759s][info][gc,heap        ] GC(394) DefNew: 2387980K(2516544K)->114453K(2516544K) Eden: 2236928K(2236928K)->0K(2236928K) From: 151052K(279616K)->114453K(279616K)
[830.759s][info][gc,heap        ] GC(394) Tenured: 301479K(5592448K)->301480K(5592448K)
[830.759s][info][gc,metaspace   ] GC(394) Metaspace: 22999K(23296K)->22999K(23296K) NonClass: 20196K(20352K)->20196K(20352K) Class: 2802K(2944K)->2802K(2944K)
[830.759s][info][gc             ] GC(394) Pause Young (Allocation Failure) 2626M->406M(7918M) 496.049ms
[830.759s][info][gc,cpu         ] GC(394) User=0.50s Sys=0.00s Real=0.49s
[831.961s][info][gc,start       ] GC(395) Pause Young (Allocation Failure)
[832.825s][info][gc,heap        ] GC(395) DefNew: 2351381K(2516544K)->196470K(2516544K) Eden: 2236928K(2236928K)->0K(2236928K) From: 114453K(279616K)->196470K(279616K)
[832.825s][info][gc,heap        ] GC(395) Tenured: 301480K(5592448K)->301480K(5592448K)
[832.825s][info][gc,metaspace   ] GC(395) Metaspace: 22999K(23296K)->22999K(23296K) NonClass: 20196K(20352K)->20196K(20352K) Class: 2802K(2944K)->2802K(2944K)
[832.825s][info][gc             ] GC(395) Pause Young (Allocation Failure) 2590M->486M(7918M) 864.271ms
[832.825s][info][gc,cpu         ] GC(395) User=0.84s Sys=0.00s Real=0.87s
[834.563s][info][gc,start       ] GC(396) Pause Young (Allocation Failure)
[835.103s][info][gc,heap        ] GC(396) DefNew: 2433398K(2516544K)->123976K(2516544K) Eden: 2236928K(2236928K)->0K(2236928K) From: 196470K(279616K)->123976K(279616K)
[835.103s][info][gc,heap        ] GC(396) Tenured: 301480K(5592448K)->301480K(5592448K)
[835.103s][info][gc,metaspace   ] GC(396) Metaspace: 22999K(23296K)->22999K(23296K) NonClass: 20196K(20352K)->20196K(20352K) Class: 2802K(2944K)->2802K(2944K)
[835.103s][info][gc             ] GC(396) Pause Young (Allocation Failure) 2670M->415M(7918M) 540.014ms
[835.103s][info][gc,cpu         ] GC(396) User=0.53s Sys=0.00s Real=0.54s
[836.282s][info][gc,start       ] GC(397) Pause Young (Allocation Failure)
[837.202s][info][gc,heap        ] GC(397) DefNew: 2360904K(2516544K)->208991K(2516544K) Eden: 2236928K(2236928K)->0K(2236928K) From: 123976K(279616K)->208991K(279616K)
[837.203s][info][gc,heap        ] GC(397) Tenured: 301480K(5592448K)->301480K(5592448K)
[837.203s][info][gc,metaspace   ] GC(397) Metaspace: 22999K(23296K)->22999K(23296K) NonClass: 20196K(20352K)->20196K(20352K) Class: 2802K(2944K)->2802K(2944K)
[837.203s][info][gc             ] GC(397) Pause Young (Allocation Failure) 2599M->498M(7918M) 921.011ms
[837.203s][info][gc,cpu         ] GC(397) User=0.92s Sys=0.00s Real=0.91s
[838.875s][info][gc,start       ] GC(398) Pause Young (Allocation Failure)
[839.458s][info][gc,heap        ] GC(398) DefNew: 2445919K(2516544K)->136034K(2516544K) Eden: 2236928K(2236928K)->0K(2236928K) From: 208991K(279616K)->136034K(279616K)
[839.458s][info][gc,heap        ] GC(398) Tenured: 301480K(5592448K)->301480K(5592448K)
[839.458s][info][gc,metaspace   ] GC(398) Metaspace: 22999K(23296K)->22999K(23296K) NonClass: 20196K(20352K)->20196K(20352K) Class: 2802K(2944K)->2802K(2944K)
[839.458s][info][gc             ] GC(398) Pause Young (Allocation Failure) 2683M->427M(7918M) 583.231ms
[839.458s][info][gc,cpu         ] GC(398) User=0.58s Sys=0.00s Real=0.57s
[840.407s][info][gc,start       ] GC(399) Pause Full (System.gc())
[840.407s][info][gc,phases,start] GC(399) Phase 1: Mark live objects
[840.582s][info][gc,phases      ] GC(399) Phase 1: Mark live objects 174.926ms
[840.582s][info][gc,phases,start] GC(399) Phase 2: Compute new object addresses
[840.791s][info][gc,phases      ] GC(399) Phase 2: Compute new object addresses 208.955ms
[840.791s][info][gc,phases,start] GC(399) Phase 3: Adjust pointers
[840.938s][info][gc,phases      ] GC(399) Phase 3: Adjust pointers 147.223ms
[840.938s][info][gc,phases,start] GC(399) Phase 4: Move objects
[841.030s][info][gc,phases      ] GC(399) Phase 4: Move objects 92.173ms
[841.030s][info][gc,heap        ] GC(399) DefNew: 1270545K(2516544K)->0K(2516544K) Eden: 1134511K(2236928K)->0K(2236928K) From: 136034K(279616K)->0K(279616K)
[841.030s][info][gc,heap        ] GC(399) Tenured: 301480K(5592448K)->376763K(5592448K)
[841.030s][info][gc,metaspace   ] GC(399) Metaspace: 22999K(23296K)->22999K(23296K) NonClass: 20196K(20352K)->20196K(20352K) Class: 2802K(2944K)->2802K(2944K)
[841.030s][info][gc             ] GC(399) Pause Full (System.gc()) 1535M->367M(7918M) 623.754ms
[841.030s][info][gc,cpu         ] GC(399) User=0.62s Sys=0.00s Real=0.63s
[842.344s][info][gc,start       ] GC(400) Pause Young (Allocation Failure)
[843.224s][info][gc,heap        ] GC(400) DefNew: 2236928K(2516544K)->198932K(2516544K) Eden: 2236928K(2236928K)->0K(2236928K) From: 0K(279616K)->198932K(279616K)
[843.224s][info][gc,heap        ] GC(400) Tenured: 376763K(5592448K)->376763K(5592448K)
[843.224s][info][gc,metaspace   ] GC(400) Metaspace: 22999K(23296K)->22999K(23296K) NonClass: 20196K(20352K)->20196K(20352K) Class: 2802K(2944K)->2802K(2944K)
[843.224s][info][gc             ] GC(400) Pause Young (Allocation Failure) 2552M->562M(7918M) 880.061ms
[843.224s][info][gc,cpu         ] GC(400) User=0.84s Sys=0.03s Real=0.88s
[844.930s][info][gc,start       ] GC(401) Pause Young (Allocation Failure)
[845.479s][info][gc,heap        ] GC(401) DefNew: 2435860K(2516544K)->126540K(2516544K) Eden: 2236928K(2236928K)->0K(2236928K) From: 198932K(279616K)->126540K(279616K)
[845.479s][info][gc,heap        ] GC(401) Tenured: 376763K(5592448K)->376765K(5592448K)
[845.479s][info][gc,metaspace   ] GC(401) Metaspace: 22999K(23296K)->22999K(23296K) NonClass: 20196K(20352K)->20196K(20352K) Class: 2802K(2944K)->2802K(2944K)
[845.479s][info][gc             ] GC(401) Pause Young (Allocation Failure) 2746M->491M(7918M) 548.570ms
[845.479s][info][gc,cpu         ] GC(401) User=0.55s Sys=0.00s Real=0.54s
[846.678s][info][gc,start       ] GC(402) Pause Young (Allocation Failure)
[847.613s][info][gc,heap        ] GC(402) DefNew: 2363468K(2516544K)->210416K(2516544K) Eden: 2236928K(2236928K)->0K(2236928K) From: 126540K(279616K)->210416K(279616K)
[847.613s][info][gc,heap        ] GC(402) Tenured: 376765K(5592448K)->376765K(5592448K)
[847.613s][info][gc,metaspace   ] GC(402) Metaspace: 22999K(23296K)->22999K(23296K) NonClass: 20196K(20352K)->20196K(20352K) Class: 2802K(2944K)->2802K(2944K)
[847.613s][info][gc             ] GC(402) Pause Young (Allocation Failure) 2676M->573M(7918M) 935.671ms
[847.613s][info][gc,cpu         ] GC(402) User=0.92s Sys=0.02s Real=0.93s
[849.373s][info][gc,start       ] GC(403) Pause Young (Allocation Failure)
[849.944s][info][gc,heap        ] GC(403) DefNew: 2447344K(2516544K)->131331K(2516544K) Eden: 2236928K(2236928K)->0K(2236928K) From: 210416K(279616K)->131331K(279616K)
[849.944s][info][gc,heap        ] GC(403) Tenured: 376765K(5592448K)->376766K(5592448K)
[849.944s][info][gc,metaspace   ] GC(403) Metaspace: 22999K(23296K)->22999K(23296K) NonClass: 20196K(20352K)->20196K(20352K) Class: 2802K(2944K)->2802K(2944K)
[849.944s][info][gc             ] GC(403) Pause Young (Allocation Failure) 2757M->496M(7918M) 571.481ms
[849.944s][info][gc,cpu         ] GC(403) User=0.58s Sys=0.00s Real=0.58s
[851.138s][info][gc,start       ] GC(404) Pause Young (Allocation Failure)
[852.074s][info][gc,heap        ] GC(404) DefNew: 2368259K(2516544K)->214957K(2516544K) Eden: 2236928K(2236928K)->0K(2236928K) From: 131331K(279616K)->214957K(279616K)
[852.074s][info][gc,heap        ] GC(404) Tenured: 376766K(5592448K)->376766K(5592448K)
[852.074s][info][gc,metaspace   ] GC(404) Metaspace: 22999K(23296K)->22999K(23296K) NonClass: 20196K(20352K)->20196K(20352K) Class: 2802K(2944K)->2802K(2944K)
[852.074s][info][gc             ] GC(404) Pause Young (Allocation Failure) 2680M->577M(7918M) 935.897ms
[852.074s][info][gc,cpu         ] GC(404) User=0.94s Sys=0.00s Real=0.93s
[853.876s][info][gc,start       ] GC(405) Pause Young (Allocation Failure)
[854.535s][info][gc,heap        ] GC(405) DefNew: 2451885K(2516544K)->154888K(2516544K) Eden: 2236928K(2236928K)->0K(2236928K) From: 214957K(279616K)->154888K(279616K)
[854.535s][info][gc,heap        ] GC(405) Tenured: 376766K(5592448K)->376766K(5592448K)
[854.535s][info][gc,metaspace   ] GC(405) Metaspace: 22999K(23296K)->22999K(23296K) NonClass: 20196K(20352K)->20196K(20352K) Class: 2802K(2944K)->2802K(2944K)
[854.535s][info][gc             ] GC(405) Pause Young (Allocation Failure) 2762M->519M(7918M) 659.398ms
[854.535s][info][gc,cpu         ] GC(405) User=0.66s Sys=0.00s Real=0.66s
[855.368s][info][gc,start       ] GC(406) Pause Full (System.gc())
[855.368s][info][gc,phases,start] GC(406) Phase 1: Mark live objects
[855.556s][info][gc,phases      ] GC(406) Phase 1: Mark live objects 188.181ms
[855.556s][info][gc,phases,start] GC(406) Phase 2: Compute new object addresses
[855.743s][info][gc,phases      ] GC(406) Phase 2: Compute new object addresses 186.794ms
[855.743s][info][gc,phases,start] GC(406) Phase 3: Adjust pointers
[855.886s][info][gc,phases      ] GC(406) Phase 3: Adjust pointers 143.150ms
[855.886s][info][gc,phases,start] GC(406) Phase 4: Move objects
[855.969s][info][gc,phases      ] GC(406) Phase 4: Move objects 82.769ms
[855.969s][info][gc,heap        ] GC(406) DefNew: 1119953K(2516544K)->0K(2516544K) Eden: 965065K(2236928K)->0K(2236928K) From: 154888K(279616K)->0K(279616K)
[855.969s][info][gc,heap        ] GC(406) Tenured: 376766K(5592448K)->103497K(5592448K)
[855.969s][info][gc,metaspace   ] GC(406) Metaspace: 22999K(23296K)->22999K(23296K) NonClass: 20196K(20352K)->20196K(20352K) Class: 2802K(2944K)->2802K(2944K)
[855.969s][info][gc             ] GC(406) Pause Full (System.gc()) 1461M->101M(7918M) 601.346ms
[855.969s][info][gc,cpu         ] GC(406) User=0.59s Sys=0.00s Real=0.62s
[857.249s][info][gc,start       ] GC(407) Pause Young (Allocation Failure)
[858.129s][info][gc,heap        ] GC(407) DefNew: 2236928K(2516544K)->201275K(2516544K) Eden: 2236928K(2236928K)->0K(2236928K) From: 0K(279616K)->201275K(279616K)
[858.129s][info][gc,heap        ] GC(407) Tenured: 103497K(5592448K)->103497K(5592448K)
[858.129s][info][gc,metaspace   ] GC(407) Metaspace: 22999K(23296K)->22999K(23296K) NonClass: 20196K(20352K)->20196K(20352K) Class: 2802K(2944K)->2802K(2944K)
[858.129s][info][gc             ] GC(407) Pause Young (Allocation Failure) 2285M->297M(7918M) 879.681ms
[858.129s][info][gc,cpu         ] GC(407) User=0.86s Sys=0.00s Real=0.87s
[859.874s][info][gc,start       ] GC(408) Pause Young (Allocation Failure)
[860.413s][info][gc,heap        ] GC(408) DefNew: 2438203K(2516544K)->124560K(2516544K) Eden: 2236928K(2236928K)->0K(2236928K) From: 201275K(279616K)->124560K(279616K)
[860.414s][info][gc,heap        ] GC(408) Tenured: 103497K(5592448K)->103499K(5592448K)
[860.414s][info][gc,metaspace   ] GC(408) Metaspace: 22999K(23296K)->22999K(23296K) NonClass: 20196K(20352K)->20196K(20352K) Class: 2802K(2944K)->2802K(2944K)
[860.414s][info][gc             ] GC(408) Pause Young (Allocation Failure) 2482M->222M(7918M) 539.405ms
[860.414s][info][gc,cpu         ] GC(408) User=0.53s Sys=0.00s Real=0.54s
[861.695s][info][gc,start       ] GC(409) Pause Young (Allocation Failure)
[862.653s][info][gc,heap        ] GC(409) DefNew: 2361488K(2516544K)->216108K(2516544K) Eden: 2236928K(2236928K)->0K(2236928K) From: 124560K(279616K)->216108K(279616K)
[862.653s][info][gc,heap        ] GC(409) Tenured: 103499K(5592448K)->103499K(5592448K)
[862.653s][info][gc,metaspace   ] GC(409) Metaspace: 22999K(23296K)->22999K(23296K) NonClass: 20196K(20352K)->20196K(20352K) Class: 2802K(2944K)->2802K(2944K)
[862.653s][info][gc             ] GC(409) Pause Young (Allocation Failure) 2407M->312M(7918M) 957.322ms
[862.653s][info][gc,cpu         ] GC(409) User=0.95s Sys=0.00s Real=0.96s
[864.479s][info][gc,start       ] GC(410) Pause Young (Allocation Failure)
[865.177s][info][gc,heap        ] GC(410) DefNew: 2453036K(2516544K)->163949K(2516544K) Eden: 2236928K(2236928K)->0K(2236928K) From: 216108K(279616K)->163949K(279616K)
[865.177s][info][gc,heap        ] GC(410) Tenured: 103499K(5592448K)->103499K(5592448K)
[865.177s][info][gc,metaspace   ] GC(410) Metaspace: 22999K(23296K)->22999K(23296K) NonClass: 20196K(20352K)->20196K(20352K) Class: 2802K(2944K)->2802K(2944K)
[865.177s][info][gc             ] GC(410) Pause Young (Allocation Failure) 2496M->261M(7918M) 697.856ms
[865.177s][info][gc,cpu         ] GC(410) User=0.67s Sys=0.02s Real=0.69s
[866.538s][info][gc,start       ] GC(411) Pause Young (Allocation Failure)
[867.323s][info][gc,heap        ] GC(411) DefNew: 2400877K(2516544K)->167867K(2516544K) Eden: 2236928K(2236928K)->0K(2236928K) From: 163949K(279616K)->167867K(279616K)
[867.323s][info][gc,heap        ] GC(411) Tenured: 103499K(5592448K)->107726K(5592448K)
[867.323s][info][gc,metaspace   ] GC(411) Metaspace: 22999K(23296K)->22999K(23296K) NonClass: 20196K(20352K)->20196K(20352K) Class: 2802K(2944K)->2802K(2944K)
[867.323s][info][gc             ] GC(411) Pause Young (Allocation Failure) 2445M->269M(7918M) 785.277ms
[867.324s][info][gc,cpu         ] GC(411) User=0.78s Sys=0.00s Real=0.78s
[868.973s][info][gc,start       ] GC(412) Pause Young (Allocation Failure)
[869.787s][info][gc,heap        ] GC(412) DefNew: 2404795K(2516544K)->188718K(2516544K) Eden: 2236928K(2236928K)->0K(2236928K) From: 167867K(279616K)->188718K(279616K)
[869.787s][info][gc,heap        ] GC(412) Tenured: 107726K(5592448K)->108320K(5592448K)
[869.787s][info][gc,metaspace   ] GC(412) Metaspace: 22999K(23296K)->22999K(23296K) NonClass: 20196K(20352K)->20196K(20352K) Class: 2802K(2944K)->2802K(2944K)
[869.787s][info][gc             ] GC(412) Pause Young (Allocation Failure) 2453M->290M(7918M) 814.618ms
[869.787s][info][gc,cpu         ] GC(412) User=0.81s Sys=0.00s Real=0.81s
[870.529s][info][gc,start       ] GC(413) Pause Full (System.gc())
[870.529s][info][gc,phases,start] GC(413) Phase 1: Mark live objects
[870.735s][info][gc,phases      ] GC(413) Phase 1: Mark live objects 206.167ms
[870.735s][info][gc,phases,start] GC(413) Phase 2: Compute new object addresses
[870.884s][info][gc,phases      ] GC(413) Phase 2: Compute new object addresses 148.258ms
[870.884s][info][gc,phases,start] GC(413) Phase 3: Adjust pointers
[871.016s][info][gc,phases      ] GC(413) Phase 3: Adjust pointers 132.660ms
[871.016s][info][gc,phases,start] GC(413) Phase 4: Move objects
[871.080s][info][gc,phases      ] GC(413) Phase 4: Move objects 63.842ms
[871.080s][info][gc,heap        ] GC(413) DefNew: 842808K(2516544K)->0K(2516544K) Eden: 654090K(2236928K)->0K(2236928K) From: 188718K(279616K)->0K(279616K)
[871.080s][info][gc,heap        ] GC(413) Tenured: 108320K(5592448K)->205319K(5592448K)
[871.080s][info][gc,metaspace   ] GC(413) Metaspace: 22999K(23296K)->22999K(23296K) NonClass: 20196K(20352K)->20196K(20352K) Class: 2802K(2944K)->2802K(2944K)
[871.080s][info][gc             ] GC(413) Pause Full (System.gc()) 928M->200M(7918M) 551.358ms
[871.080s][info][gc,cpu         ] GC(413) User=0.53s Sys=0.00s Real=0.56s
[872.383s][info][gc,start       ] GC(414) Pause Young (Allocation Failure)
[873.277s][info][gc,heap        ] GC(414) DefNew: 2236928K(2516544K)->202808K(2516544K) Eden: 2236928K(2236928K)->0K(2236928K) From: 0K(279616K)->202808K(279616K)
[873.277s][info][gc,heap        ] GC(414) Tenured: 205319K(5592448K)->205319K(5592448K)
[873.277s][info][gc,metaspace   ] GC(414) Metaspace: 23000K(23296K)->23000K(23296K) NonClass: 20197K(20352K)->20197K(20352K) Class: 2802K(2944K)->2802K(2944K)
[873.277s][info][gc             ] GC(414) Pause Young (Allocation Failure) 2385M->398M(7918M) 894.623ms
[873.277s][info][gc,cpu         ] GC(414) User=0.89s Sys=0.00s Real=0.88s
[874.985s][info][gc,start       ] GC(415) Pause Young (Allocation Failure)
[875.529s][info][gc,heap        ] GC(415) DefNew: 2439736K(2516544K)->126051K(2516544K) Eden: 2236928K(2236928K)->0K(2236928K) From: 202808K(279616K)->126051K(279616K)
[875.529s][info][gc,heap        ] GC(415) Tenured: 205319K(5592448K)->205320K(5592448K)
[875.529s][info][gc,metaspace   ] GC(415) Metaspace: 23000K(23296K)->23000K(23296K) NonClass: 20197K(20352K)->20197K(20352K) Class: 2802K(2944K)->2802K(2944K)
[875.529s][info][gc             ] GC(415) Pause Young (Allocation Failure) 2583M->323M(7918M) 543.577ms
[875.529s][info][gc,cpu         ] GC(415) User=0.55s Sys=0.00s Real=0.54s
[876.801s][info][gc,start       ] GC(416) Pause Young (Allocation Failure)
[877.736s][info][gc,heap        ] GC(416) DefNew: 2362979K(2516544K)->213436K(2516544K) Eden: 2236928K(2236928K)->0K(2236928K) From: 126051K(279616K)->213436K(279616K)
[877.736s][info][gc,heap        ] GC(416) Tenured: 205320K(5592448K)->205320K(5592448K)
[877.736s][info][gc,metaspace   ] GC(416) Metaspace: 23000K(23296K)->23000K(23296K) NonClass: 20197K(20352K)->20197K(20352K) Class: 2802K(2944K)->2802K(2944K)
[877.736s][info][gc             ] GC(416) Pause Young (Allocation Failure) 2508M->408M(7918M) 935.508ms
[877.736s][info][gc,cpu         ] GC(416) User=0.92s Sys=0.00s Real=0.94s
[879.480s][info][gc,start       ] GC(417) Pause Young (Allocation Failure)
[880.116s][info][gc,heap        ] GC(417) DefNew: 2450364K(2516544K)->146911K(2516544K) Eden: 2236928K(2236928K)->0K(2236928K) From: 213436K(279616K)->146911K(279616K)
[880.116s][info][gc,heap        ] GC(417) Tenured: 205320K(5592448K)->205320K(5592448K)
[880.116s][info][gc,metaspace   ] GC(417) Metaspace: 23000K(23296K)->23000K(23296K) NonClass: 20197K(20352K)->20197K(20352K) Class: 2802K(2944K)->2802K(2944K)
[880.116s][info][gc             ] GC(417) Pause Young (Allocation Failure) 2593M->343M(7918M) 636.159ms
[880.117s][info][gc,cpu         ] GC(417) User=0.62s Sys=0.00s Real=0.64s
[881.409s][info][gc,start       ] GC(418) Pause Young (Allocation Failure)
[882.374s][info][gc,heap        ] GC(418) DefNew: 2383839K(2516544K)->202701K(2516544K) Eden: 2236928K(2236928K)->0K(2236928K) From: 146911K(279616K)->202701K(279616K)
[882.374s][info][gc,heap        ] GC(418) Tenured: 205320K(5592448K)->217861K(5592448K)
[882.374s][info][gc,metaspace   ] GC(418) Metaspace: 23000K(23296K)->23000K(23296K) NonClass: 20197K(20352K)->20197K(20352K) Class: 2802K(2944K)->2802K(2944K)
[882.374s][info][gc             ] GC(418) Pause Young (Allocation Failure) 2528M->410M(7918M) 964.535ms
[882.374s][info][gc,cpu         ] GC(418) User=0.97s Sys=0.00s Real=0.97s
[883.963s][info][gc,start       ] GC(419) Pause Young (Allocation Failure)
[884.628s][info][gc,heap        ] GC(419) DefNew: 2439629K(2516544K)->151855K(2516544K) Eden: 2236928K(2236928K)->0K(2236928K) From: 202701K(279616K)->151855K(279616K)
[884.628s][info][gc,heap        ] GC(419) Tenured: 217861K(5592448K)->221282K(5592448K)
[884.628s][info][gc,metaspace   ] GC(419) Metaspace: 23000K(23296K)->23000K(23296K) NonClass: 20197K(20352K)->20197K(20352K) Class: 2802K(2944K)->2802K(2944K)
[884.628s][info][gc             ] GC(419) Pause Young (Allocation Failure) 2595M->364M(7918M) 664.966ms
[884.628s][info][gc,cpu         ] GC(419) User=0.66s Sys=0.00s Real=0.66s
[885.454s][info][gc,start       ] GC(420) Pause Full (System.gc())
[885.454s][info][gc,phases,start] GC(420) Phase 1: Mark live objects
[885.675s][info][gc,phases      ] GC(420) Phase 1: Mark live objects 221.017ms
[885.675s][info][gc,phases,start] GC(420) Phase 2: Compute new object addresses
[885.868s][info][gc,phases      ] GC(420) Phase 2: Compute new object addresses 192.942ms
[885.868s][info][gc,phases,start] GC(420) Phase 3: Adjust pointers
[886.011s][info][gc,phases      ] GC(420) Phase 3: Adjust pointers 142.937ms
[886.011s][info][gc,phases,start] GC(420) Phase 4: Move objects
[886.095s][info][gc,phases      ] GC(420) Phase 4: Move objects 83.708ms
[886.095s][info][gc,heap        ] GC(420) DefNew: 1148023K(2516544K)->0K(2516544K) Eden: 996168K(2236928K)->0K(2236928K) From: 151855K(279616K)->0K(279616K)
[886.095s][info][gc,heap        ] GC(420) Tenured: 221282K(5592448K)->318462K(5592448K)
[886.095s][info][gc,metaspace   ] GC(420) Metaspace: 23000K(23296K)->23000K(23296K) NonClass: 20197K(20352K)->20197K(20352K) Class: 2802K(2944K)->2802K(2944K)
[886.095s][info][gc             ] GC(420) Pause Full (System.gc()) 1337M->310M(7918M) 641.043ms
[886.095s][info][gc,cpu         ] GC(420) User=0.62s Sys=0.00s Real=0.64s
[887.303s][info][gc,start       ] GC(421) Pause Young (Allocation Failure)
[888.149s][info][gc,heap        ] GC(421) DefNew: 2236928K(2516544K)->191725K(2516544K) Eden: 2236928K(2236928K)->0K(2236928K) From: 0K(279616K)->191725K(279616K)
[888.149s][info][gc,heap        ] GC(421) Tenured: 318462K(5592448K)->318462K(5592448K)
[888.149s][info][gc,metaspace   ] GC(421) Metaspace: 23000K(23296K)->23000K(23296K) NonClass: 20197K(20352K)->20197K(20352K) Class: 2802K(2944K)->2802K(2944K)
[888.149s][info][gc             ] GC(421) Pause Young (Allocation Failure) 2495M->498M(7918M) 846.457ms
[888.149s][info][gc,cpu         ] GC(421) User=0.84s Sys=0.02s Real=0.83s
[889.951s][info][gc,start       ] GC(422) Pause Young (Allocation Failure)
[890.450s][info][gc,heap        ] GC(422) DefNew: 2428653K(2516544K)->114448K(2516544K) Eden: 2236928K(2236928K)->0K(2236928K) From: 191725K(279616K)->114448K(279616K)
[890.450s][info][gc,heap        ] GC(422) Tenured: 318462K(5592448K)->318464K(5592448K)
[890.450s][info][gc,metaspace   ] GC(422) Metaspace: 23000K(23296K)->23000K(23296K) NonClass: 20197K(20352K)->20197K(20352K) Class: 2802K(2944K)->2802K(2944K)
[890.450s][info][gc             ] GC(422) Pause Young (Allocation Failure) 2682M->422M(7918M) 498.663ms
[890.450s][info][gc,cpu         ] GC(422) User=0.50s Sys=0.00s Real=0.51s
[891.677s][info][gc,start       ] GC(423) Pause Young (Allocation Failure)
[892.563s][info][gc,heap        ] GC(423) DefNew: 2351376K(2516544K)->201546K(2516544K) Eden: 2236928K(2236928K)->0K(2236928K) From: 114448K(279616K)->201546K(279616K)
[892.563s][info][gc,heap        ] GC(423) Tenured: 318464K(5592448K)->318464K(5592448K)
[892.563s][info][gc,metaspace   ] GC(423) Metaspace: 23000K(23296K)->23000K(23296K) NonClass: 20197K(20352K)->20197K(20352K) Class: 2802K(2944K)->2802K(2944K)
[892.563s][info][gc             ] GC(423) Pause Young (Allocation Failure) 2607M->507M(7918M) 885.965ms
[892.563s][info][gc,cpu         ] GC(423) User=0.89s Sys=0.00s Real=0.89s
[894.393s][info][gc,start       ] GC(424) Pause Young (Allocation Failure)
[894.990s][info][gc,heap        ] GC(424) DefNew: 2438474K(2516544K)->141169K(2516544K) Eden: 2236928K(2236928K)->0K(2236928K) From: 201546K(279616K)->141169K(279616K)
[894.990s][info][gc,heap        ] GC(424) Tenured: 318464K(5592448K)->318464K(5592448K)
[894.990s][info][gc,metaspace   ] GC(424) Metaspace: 23000K(23296K)->23000K(23296K) NonClass: 20197K(20352K)->20197K(20352K) Class: 2802K(2944K)->2802K(2944K)
[894.990s][info][gc             ] GC(424) Pause Young (Allocation Failure) 2692M->448M(7918M) 596.770ms
[894.990s][info][gc,cpu         ] GC(424) User=0.59s Sys=0.00s Real=0.59s
[896.162s][info][gc,start       ] GC(425) Pause Young (Allocation Failure)
[897.105s][info][gc,heap        ] GC(425) DefNew: 2378097K(2516544K)->204036K(2516544K) Eden: 2236928K(2236928K)->0K(2236928K) From: 141169K(279616K)->204036K(279616K)
[897.106s][info][gc,heap        ] GC(425) Tenured: 318464K(5592448K)->335225K(5592448K)
[897.106s][info][gc,metaspace   ] GC(425) Metaspace: 23000K(23296K)->23000K(23296K) NonClass: 20197K(20352K)->20197K(20352K) Class: 2802K(2944K)->2802K(2944K)
[897.106s][info][gc             ] GC(425) Pause Young (Allocation Failure) 2633M->526M(7918M) 943.164ms
[897.106s][info][gc,cpu         ] GC(425) User=0.94s Sys=0.02s Real=0.94s
[898.720s][info][gc,start       ] GC(426) Pause Young (Allocation Failure)
[899.352s][info][gc,heap        ] GC(426) DefNew: 2440964K(2516544K)->144008K(2516544K) Eden: 2236928K(2236928K)->0K(2236928K) From: 204036K(279616K)->144008K(279616K)
[899.352s][info][gc,heap        ] GC(426) Tenured: 335225K(5592448K)->339842K(5592448K)
[899.352s][info][gc,metaspace   ] GC(426) Metaspace: 23000K(23296K)->23000K(23296K) NonClass: 20197K(20352K)->20197K(20352K) Class: 2802K(2944K)->2802K(2944K)
[899.352s][info][gc             ] GC(426) Pause Young (Allocation Failure) 2711M->472M(7918M) 632.485ms
[899.352s][info][gc,cpu         ] GC(426) User=0.62s Sys=0.00s Real=0.63s
[900.331s][info][gc,start       ] GC(427) Pause Full (System.gc())
[900.331s][info][gc,phases,start] GC(427) Phase 1: Mark live objects
[900.535s][info][gc,phases      ] GC(427) Phase 1: Mark live objects 203.930ms
[900.535s][info][gc,phases,start] GC(427) Phase 2: Compute new object addresses
[900.754s][info][gc,phases      ] GC(427) Phase 2: Compute new object addresses 219.006ms
[900.755s][info][gc,phases,start] GC(427) Phase 3: Adjust pointers
[900.891s][info][gc,phases      ] GC(427) Phase 3: Adjust pointers 136.607ms
[900.891s][info][gc,phases,start] GC(427) Phase 4: Move objects
[900.982s][info][gc,phases      ] GC(427) Phase 4: Move objects 90.445ms
[900.982s][info][gc,heap        ] GC(427) DefNew: 1323497K(2516544K)->0K(2516544K) Eden: 1179488K(2236928K)->0K(2236928K) From: 144008K(279616K)->0K(279616K)
[900.982s][info][gc,heap        ] GC(427) Tenured: 339842K(5592448K)->289742K(5592448K)
[900.982s][info][gc,metaspace   ] GC(427) Metaspace: 23001K(23296K)->23001K(23296K) NonClass: 20198K(20352K)->20198K(20352K) Class: 2802K(2944K)->2802K(2944K)
[900.982s][info][gc             ] GC(427) Pause Full (System.gc()) 1624M->282M(7918M) 650.466ms
[900.982s][info][gc,cpu         ] GC(427) User=0.62s Sys=0.03s Real=0.65s
[902.350s][info][gc,start       ] GC(428) Pause Young (Allocation Failure)
[903.283s][info][gc,heap        ] GC(428) DefNew: 2236928K(2516544K)->210802K(2516544K) Eden: 2236928K(2236928K)->0K(2236928K) From: 0K(279616K)->210802K(279616K)
[903.283s][info][gc,heap        ] GC(428) Tenured: 289742K(5592448K)->289742K(5592448K)
[903.283s][info][gc,metaspace   ] GC(428) Metaspace: 23013K(23296K)->23013K(23296K) NonClass: 20210K(20352K)->20210K(20352K) Class: 2802K(2944K)->2802K(2944K)
[903.283s][info][gc             ] GC(428) Pause Young (Allocation Failure) 2467M->488M(7918M) 932.662ms
[903.283s][info][gc,cpu         ] GC(428) User=0.92s Sys=0.00s Real=0.92s
[905.141s][info][gc,start       ] GC(429) Pause Young (Allocation Failure)
[905.805s][info][gc,heap        ] GC(429) DefNew: 2447730K(2516544K)->155087K(2516544K) Eden: 2236928K(2236928K)->0K(2236928K) From: 210802K(279616K)->155087K(279616K)
[905.805s][info][gc,heap        ] GC(429) Tenured: 289742K(5592448K)->289744K(5592448K)
[905.805s][info][gc,metaspace   ] GC(429) Metaspace: 23013K(23296K)->23013K(23296K) NonClass: 20210K(20352K)->20210K(20352K) Class: 2802K(2944K)->2802K(2944K)
[905.805s][info][gc             ] GC(429) Pause Young (Allocation Failure) 2673M->434M(7918M) 664.272ms
[905.805s][info][gc,cpu         ] GC(429) User=0.66s Sys=0.00s Real=0.67s
[907.285s][info][gc,start       ] GC(430) Pause Young (Allocation Failure)
[908.068s][info][gc,heap        ] GC(430) DefNew: 2392015K(2516544K)->169321K(2516544K) Eden: 2236928K(2236928K)->0K(2236928K) From: 155087K(279616K)->169321K(279616K)
[908.068s][info][gc,heap        ] GC(430) Tenured: 289744K(5592448K)->293514K(5592448K)
[908.068s][info][gc,metaspace   ] GC(430) Metaspace: 23013K(23296K)->23013K(23296K) NonClass: 20210K(20352K)->20210K(20352K) Class: 2802K(2944K)->2802K(2944K)
[908.068s][info][gc             ] GC(430) Pause Young (Allocation Failure) 2618M->451M(7918M) 783.386ms
[908.068s][info][gc,cpu         ] GC(430) User=0.78s Sys=0.02s Real=0.78s
[909.589s][info][gc,start       ] GC(431) Pause Young (Allocation Failure)
[910.335s][info][gc,heap        ] GC(431) DefNew: 2406249K(2516544K)->172095K(2516544K) Eden: 2236928K(2236928K)->0K(2236928K) From: 169321K(279616K)->172095K(279616K)
[910.335s][info][gc,heap        ] GC(431) Tenured: 293514K(5592448K)->294874K(5592448K)
[910.335s][info][gc,metaspace   ] GC(431) Metaspace: 23013K(23296K)->23013K(23296K) NonClass: 20210K(20352K)->20210K(20352K) Class: 2802K(2944K)->2802K(2944K)
[910.335s][info][gc             ] GC(431) Pause Young (Allocation Failure) 2636M->456M(7918M) 745.983ms
[910.335s][info][gc,cpu         ] GC(431) User=0.75s Sys=0.00s Real=0.73s
[911.897s][info][gc,start       ] GC(432) Pause Young (Allocation Failure)
[912.386s][info][gc,heap        ] GC(432) DefNew: 2409023K(2516544K)->107714K(2516544K) Eden: 2236928K(2236928K)->0K(2236928K) From: 172095K(279616K)->107714K(279616K)
[912.386s][info][gc,heap        ] GC(432) Tenured: 294874K(5592448K)->295173K(5592448K)
[912.386s][info][gc,metaspace   ] GC(432) Metaspace: 23013K(23296K)->23013K(23296K) NonClass: 20210K(20352K)->20210K(20352K) Class: 2802K(2944K)->2802K(2944K)
[912.386s][info][gc             ] GC(432) Pause Young (Allocation Failure) 2640M->393M(7918M) 488.664ms
[912.386s][info][gc,cpu         ] GC(432) User=0.48s Sys=0.00s Real=0.50s
[913.815s][info][gc,start       ] GC(433) Pause Young (Allocation Failure)
[914.688s][info][gc,heap        ] GC(433) DefNew: 2344642K(2516544K)->200240K(2516544K) Eden: 2236928K(2236928K)->0K(2236928K) From: 107714K(279616K)->200240K(279616K)
[914.688s][info][gc,heap        ] GC(433) Tenured: 295173K(5592448K)->295173K(5592448K)
[914.688s][info][gc,metaspace   ] GC(433) Metaspace: 23013K(23296K)->23013K(23296K) NonClass: 20210K(20352K)->20210K(20352K) Class: 2802K(2944K)->2802K(2944K)
[914.688s][info][gc             ] GC(433) Pause Young (Allocation Failure) 2577M->483M(7918M) 873.060ms
[914.688s][info][gc,cpu         ] GC(433) User=0.86s Sys=0.00s Real=0.86s
[915.393s][info][gc,start       ] GC(434) Pause Full (System.gc())
[915.393s][info][gc,phases,start] GC(434) Phase 1: Mark live objects
[915.584s][info][gc,phases      ] GC(434) Phase 1: Mark live objects 191.021ms
[915.584s][info][gc,phases,start] GC(434) Phase 2: Compute new object addresses
[915.717s][info][gc,phases      ] GC(434) Phase 2: Compute new object addresses 133.561ms
[915.717s][info][gc,phases,start] GC(434) Phase 3: Adjust pointers
[915.850s][info][gc,phases      ] GC(434) Phase 3: Adjust pointers 132.918ms
[915.850s][info][gc,phases,start] GC(434) Phase 4: Move objects
[915.908s][info][gc,phases      ] GC(434) Phase 4: Move objects 57.173ms
[915.908s][info][gc,heap        ] GC(434) DefNew: 755191K(2516544K)->0K(2516544K) Eden: 554950K(2236928K)->0K(2236928K) From: 200240K(279616K)->0K(279616K)
[915.908s][info][gc,heap        ] GC(434) Tenured: 295173K(5592448K)->103444K(5592448K)
[915.908s][info][gc,metaspace   ] GC(434) Metaspace: 23013K(23296K)->23013K(23296K) NonClass: 20210K(20352K)->20210K(20352K) Class: 2802K(2944K)->2802K(2944K)
[915.908s][info][gc             ] GC(434) Pause Full (System.gc()) 1025M->101M(7918M) 515.085ms
[915.908s][info][gc,cpu         ] GC(434) User=0.52s Sys=0.00s Real=0.51s
[917.245s][info][gc,start       ] GC(435) Pause Young (Allocation Failure)
[918.187s][info][gc,heap        ] GC(435) DefNew: 2236928K(2516544K)->213998K(2516544K) Eden: 2236928K(2236928K)->0K(2236928K) From: 0K(279616K)->213998K(279616K)
[918.187s][info][gc,heap        ] GC(435) Tenured: 103444K(5592448K)->103444K(5592448K)
[918.187s][info][gc,metaspace   ] GC(435) Metaspace: 23013K(23296K)->23013K(23296K) NonClass: 20210K(20352K)->20210K(20352K) Class: 2802K(2944K)->2802K(2944K)
[918.187s][info][gc             ] GC(435) Pause Young (Allocation Failure) 2285M->310M(7918M) 942.056ms
[918.187s][info][gc,cpu         ] GC(435) User=0.94s Sys=0.00s Real=0.93s
[920.013s][info][gc,start       ] GC(436) Pause Young (Allocation Failure)
[920.656s][info][gc,heap        ] GC(436) DefNew: 2450926K(2516544K)->151095K(2516544K) Eden: 2236928K(2236928K)->0K(2236928K) From: 213998K(279616K)->151095K(279616K)
[920.657s][info][gc,heap        ] GC(436) Tenured: 103444K(5592448K)->103446K(5592448K)
[920.657s][info][gc,metaspace   ] GC(436) Metaspace: 23013K(23296K)->23013K(23296K) NonClass: 20210K(20352K)->20210K(20352K) Class: 2802K(2944K)->2802K(2944K)
[920.657s][info][gc             ] GC(436) Pause Young (Allocation Failure) 2494M->248M(7918M) 643.253ms
[920.657s][info][gc,cpu         ] GC(436) User=0.64s Sys=0.00s Real=0.64s
[922.268s][info][gc,start       ] GC(437) Pause Young (Allocation Failure)
[922.828s][info][gc,heap        ] GC(437) DefNew: 2388023K(2516544K)->125485K(2516544K) Eden: 2236928K(2236928K)->0K(2236928K) From: 151095K(279616K)->125485K(279616K)
[922.828s][info][gc,heap        ] GC(437) Tenured: 103446K(5592448K)->104200K(5592448K)
[922.828s][info][gc,metaspace   ] GC(437) Metaspace: 23013K(23296K)->23013K(23296K) NonClass: 20210K(20352K)->20210K(20352K) Class: 2802K(2944K)->2802K(2944K)
[922.828s][info][gc             ] GC(437) Pause Young (Allocation Failure) 2433M->224M(7918M) 559.897ms
[922.828s][info][gc,cpu         ] GC(437) User=0.55s Sys=0.00s Real=0.55s
[924.185s][info][gc,start       ] GC(438) Pause Young (Allocation Failure)
[924.948s][info][gc,heap        ] GC(438) DefNew: 2362413K(2516544K)->174455K(2516544K) Eden: 2236928K(2236928K)->0K(2236928K) From: 125485K(279616K)->174455K(279616K)
[924.948s][info][gc,heap        ] GC(438) Tenured: 104200K(5592448K)->104200K(5592448K)
[924.948s][info][gc,metaspace   ] GC(438) Metaspace: 23013K(23296K)->23013K(23296K) NonClass: 20210K(20352K)->20210K(20352K) Class: 2802K(2944K)->2802K(2944K)
[924.948s][info][gc             ] GC(438) Pause Young (Allocation Failure) 2408M->272M(7918M) 763.218ms
[924.948s][info][gc,cpu         ] GC(438) User=0.77s Sys=0.00s Real=0.76s
[926.755s][info][gc,start       ] GC(439) Pause Young (Allocation Failure)
[927.217s][info][gc,heap        ] GC(439) DefNew: 2411383K(2516544K)->108735K(2516544K) Eden: 2236928K(2236928K)->0K(2236928K) From: 174455K(279616K)->108735K(279616K)
[927.217s][info][gc,heap        ] GC(439) Tenured: 104200K(5592448K)->104592K(5592448K)
[927.217s][info][gc,metaspace   ] GC(439) Metaspace: 23013K(23296K)->23013K(23296K) NonClass: 20210K(20352K)->20210K(20352K) Class: 2802K(2944K)->2802K(2944K)
[927.217s][info][gc             ] GC(439) Pause Young (Allocation Failure) 2456M->208M(7918M) 461.815ms
[927.217s][info][gc,cpu         ] GC(439) User=0.47s Sys=0.00s Real=0.46s
[928.339s][info][gc,start       ] GC(440) Pause Young (Allocation Failure)
[929.187s][info][gc,heap        ] GC(440) DefNew: 2345663K(2516544K)->189949K(2516544K) Eden: 2236928K(2236928K)->0K(2236928K) From: 108735K(279616K)->189949K(279616K)
[929.187s][info][gc,heap        ] GC(440) Tenured: 104592K(5592448K)->104592K(5592448K)
[929.187s][info][gc,metaspace   ] GC(440) Metaspace: 23013K(23296K)->23013K(23296K) NonClass: 20210K(20352K)->20210K(20352K) Class: 2802K(2944K)->2802K(2944K)
[929.187s][info][gc             ] GC(440) Pause Young (Allocation Failure) 2392M->287M(7918M) 848.204ms
[929.187s][info][gc,cpu         ] GC(440) User=0.84s Sys=0.00s Real=0.84s
[929.970s][info][gc,start       ] GC(441) Pause Full (System.gc())
[929.970s][info][gc,phases,start] GC(441) Phase 1: Mark live objects
[930.160s][info][gc,phases      ] GC(441) Phase 1: Mark live objects 190.131ms
[930.160s][info][gc,phases,start] GC(441) Phase 2: Compute new object addresses
[930.315s][info][gc,phases      ] GC(441) Phase 2: Compute new object addresses 154.598ms
[930.315s][info][gc,phases,start] GC(441) Phase 3: Adjust pointers
[930.447s][info][gc,phases      ] GC(441) Phase 3: Adjust pointers 131.474ms
[930.447s][info][gc,phases,start] GC(441) Phase 4: Move objects
[930.512s][info][gc,phases      ] GC(441) Phase 4: Move objects 65.521ms
[930.512s][info][gc,heap        ] GC(441) DefNew: 884717K(2516544K)->0K(2516544K) Eden: 694768K(2236928K)->0K(2236928K) From: 189949K(279616K)->0K(279616K)
[930.512s][info][gc,heap        ] GC(441) Tenured: 104592K(5592448K)->194031K(5592448K)
[930.512s][info][gc,metaspace   ] GC(441) Metaspace: 23014K(23296K)->23014K(23296K) NonClass: 20211K(20352K)->20211K(20352K) Class: 2802K(2944K)->2802K(2944K)
[930.512s][info][gc             ] GC(441) Pause Full (System.gc()) 966M->189M(7918M) 542.159ms
[930.512s][info][gc,cpu         ] GC(441) User=0.56s Sys=0.02s Real=0.55s
[931.742s][info][gc,start       ] GC(442) Pause Young (Allocation Failure)
[932.579s][info][gc,heap        ] GC(442) DefNew: 2236928K(2516544K)->188916K(2516544K) Eden: 2236928K(2236928K)->0K(2236928K) From: 0K(279616K)->188916K(279616K)
[932.579s][info][gc,heap        ] GC(442) Tenured: 194031K(5592448K)->194031K(5592448K)
[932.579s][info][gc,metaspace   ] GC(442) Metaspace: 23015K(23296K)->23015K(23296K) NonClass: 20212K(20352K)->20212K(20352K) Class: 2802K(2944K)->2802K(2944K)
[932.579s][info][gc             ] GC(442) Pause Young (Allocation Failure) 2373M->373M(7918M) 836.554ms
[932.579s][info][gc,cpu         ] GC(442) User=0.81s Sys=0.00s Real=0.85s
[934.415s][info][gc,start       ] GC(443) Pause Young (Allocation Failure)
[934.949s][info][gc,heap        ] GC(443) DefNew: 2425844K(2516544K)->125846K(2516544K) Eden: 2236928K(2236928K)->0K(2236928K) From: 188916K(279616K)->125846K(279616K)
[934.949s][info][gc,heap        ] GC(443) Tenured: 194031K(5592448K)->194035K(5592448K)
[934.949s][info][gc,metaspace   ] GC(443) Metaspace: 23015K(23296K)->23015K(23296K) NonClass: 20212K(20352K)->20212K(20352K) Class: 2802K(2944K)->2802K(2944K)
[934.949s][info][gc             ] GC(443) Pause Young (Allocation Failure) 2558M->312M(7918M) 534.460ms
[934.949s][info][gc,cpu         ] GC(443) User=0.52s Sys=0.00s Real=0.53s
[936.174s][info][gc,start       ] GC(444) Pause Young (Allocation Failure)
[937.113s][info][gc,heap        ] GC(444) DefNew: 2362774K(2516544K)->211368K(2516544K) Eden: 2236928K(2236928K)->0K(2236928K) From: 125846K(279616K)->211368K(279616K)
[937.113s][info][gc,heap        ] GC(444) Tenured: 194035K(5592448K)->194035K(5592448K)
[937.113s][info][gc,metaspace   ] GC(444) Metaspace: 23015K(23296K)->23015K(23296K) NonClass: 20212K(20352K)->20212K(20352K) Class: 2802K(2944K)->2802K(2944K)
[937.113s][info][gc             ] GC(444) Pause Young (Allocation Failure) 2496M->395M(7918M) 938.622ms
[937.113s][info][gc,cpu         ] GC(444) User=0.89s Sys=0.03s Real=0.93s
[938.785s][info][gc,start       ] GC(445) Pause Young (Allocation Failure)
[939.365s][info][gc,heap        ] GC(445) DefNew: 2448296K(2516544K)->132306K(2516544K) Eden: 2236928K(2236928K)->0K(2236928K) From: 211368K(279616K)->132306K(279616K)
[939.365s][info][gc,heap        ] GC(445) Tenured: 194035K(5592448K)->194036K(5592448K)
[939.365s][info][gc,metaspace   ] GC(445) Metaspace: 23015K(23296K)->23015K(23296K) NonClass: 20212K(20352K)->20212K(20352K) Class: 2802K(2944K)->2802K(2944K)
[939.365s][info][gc             ] GC(445) Pause Young (Allocation Failure) 2580M->318M(7918M) 579.738ms
[939.365s][info][gc,cpu         ] GC(445) User=0.58s Sys=0.00s Real=0.57s
[940.536s][info][gc,start       ] GC(446) Pause Young (Allocation Failure)
[941.495s][info][gc,heap        ] GC(446) DefNew: 2369234K(2516544K)->216130K(2516544K) Eden: 2236928K(2236928K)->0K(2236928K) From: 132306K(279616K)->216130K(279616K)
[941.495s][info][gc,heap        ] GC(446) Tenured: 194036K(5592448K)->194036K(5592448K)
[941.495s][info][gc,metaspace   ] GC(446) Metaspace: 23015K(23296K)->23015K(23296K) NonClass: 20212K(20352K)->20212K(20352K) Class: 2802K(2944K)->2802K(2944K)
[941.495s][info][gc             ] GC(446) Pause Young (Allocation Failure) 2503M->400M(7918M) 959.438ms
[941.495s][info][gc,cpu         ] GC(446) User=0.97s Sys=0.00s Real=0.95s
[943.220s][info][gc,start       ] GC(447) Pause Young (Allocation Failure)
[943.854s][info][gc,heap        ] GC(447) DefNew: 2453058K(2516544K)->146985K(2516544K) Eden: 2236928K(2236928K)->0K(2236928K) From: 216130K(279616K)->146985K(279616K)
[943.854s][info][gc,heap        ] GC(447) Tenured: 194036K(5592448K)->194036K(5592448K)
[943.854s][info][gc,metaspace   ] GC(447) Metaspace: 23015K(23296K)->23015K(23296K) NonClass: 20213K(20352K)->20213K(20352K) Class: 2802K(2944K)->2802K(2944K)
[943.854s][info][gc             ] GC(447) Pause Young (Allocation Failure) 2585M->333M(7918M) 634.404ms
[943.854s][info][gc,cpu         ] GC(447) User=0.61s Sys=0.03s Real=0.63s
[944.705s][info][gc,start       ] GC(448) Pause Full (System.gc())
[944.705s][info][gc,phases,start] GC(448) Phase 1: Mark live objects
[944.886s][info][gc,phases      ] GC(448) Phase 1: Mark live objects 180.168ms
[944.886s][info][gc,phases,start] GC(448) Phase 2: Compute new object addresses
[945.086s][info][gc,phases      ] GC(448) Phase 2: Compute new object addresses 200.757ms
[945.087s][info][gc,phases,start] GC(448) Phase 3: Adjust pointers
[945.235s][info][gc,phases      ] GC(448) Phase 3: Adjust pointers 148.629ms
[945.235s][info][gc,phases,start] GC(448) Phase 4: Move objects
[945.323s][info][gc,phases      ] GC(448) Phase 4: Move objects 87.879ms
[945.323s][info][gc,heap        ] GC(448) DefNew: 1225796K(2516544K)->0K(2516544K) Eden: 1078810K(2236928K)->0K(2236928K) From: 146985K(279616K)->0K(279616K)
[945.323s][info][gc,heap        ] GC(448) Tenured: 194036K(5592448K)->291024K(5592448K)
[945.323s][info][gc,metaspace   ] GC(448) Metaspace: 23015K(23296K)->23015K(23296K) NonClass: 20213K(20352K)->20213K(20352K) Class: 2802K(2944K)->2802K(2944K)
[945.323s][info][gc             ] GC(448) Pause Full (System.gc()) 1386M->284M(7918M) 617.912ms
[945.323s][info][gc,cpu         ] GC(448) User=0.62s Sys=0.00s Real=0.62s
[946.470s][info][gc,start       ] GC(449) Pause Young (Allocation Failure)
[947.279s][info][gc,heap        ] GC(449) DefNew: 2236928K(2516544K)->181213K(2516544K) Eden: 2236928K(2236928K)->0K(2236928K) From: 0K(279616K)->181213K(279616K)
[947.279s][info][gc,heap        ] GC(449) Tenured: 291024K(5592448K)->291024K(5592448K)
[947.279s][info][gc,metaspace   ] GC(449) Metaspace: 23019K(23296K)->23019K(23296K) NonClass: 20216K(20352K)->20216K(20352K) Class: 2802K(2944K)->2802K(2944K)
[947.279s][info][gc             ] GC(449) Pause Young (Allocation Failure) 2468M->461M(7918M) 808.973ms
[947.279s][info][gc,cpu         ] GC(449) User=0.81s Sys=0.00s Real=0.81s
[948.967s][info][gc,start       ] GC(450) Pause Young (Allocation Failure)
[949.408s][info][gc,heap        ] GC(450) DefNew: 2418141K(2516544K)->97545K(2516544K) Eden: 2236928K(2236928K)->0K(2236928K) From: 181213K(279616K)->97545K(279616K)
[949.408s][info][gc,heap        ] GC(450) Tenured: 291024K(5592448K)->291027K(5592448K)
[949.408s][info][gc,metaspace   ] GC(450) Metaspace: 23019K(23296K)->23019K(23296K) NonClass: 20216K(20352K)->20216K(20352K) Class: 2802K(2944K)->2802K(2944K)
[949.408s][info][gc             ] GC(450) Pause Young (Allocation Failure) 2645M->379M(7918M) 441.578ms
[949.408s][info][gc,cpu         ] GC(450) User=0.44s Sys=0.00s Real=0.45s
[950.715s][info][gc,start       ] GC(451) Pause Young (Allocation Failure)
[951.593s][info][gc,heap        ] GC(451) DefNew: 2334473K(2516544K)->198640K(2516544K) Eden: 2236928K(2236928K)->0K(2236928K) From: 97545K(279616K)->198640K(279616K)
[951.593s][info][gc,heap        ] GC(451) Tenured: 291027K(5592448K)->291027K(5592448K)
[951.593s][info][gc,metaspace   ] GC(451) Metaspace: 23019K(23296K)->23019K(23296K) NonClass: 20216K(20352K)->20216K(20352K) Class: 2802K(2944K)->2802K(2944K)
[951.594s][info][gc             ] GC(451) Pause Young (Allocation Failure) 2563M->478M(7918M) 878.857ms
[951.594s][info][gc,cpu         ] GC(451) User=0.88s Sys=0.00s Real=0.88s
[953.372s][info][gc,start       ] GC(452) Pause Young (Allocation Failure)
[953.746s][info][gc,heap        ] GC(452) DefNew: 2435568K(2516544K)->86182K(2516544K) Eden: 2236928K(2236928K)->0K(2236928K) From: 198640K(279616K)->86182K(279616K)
[953.746s][info][gc,heap        ] GC(452) Tenured: 291027K(5592448K)->291028K(5592448K)
[953.746s][info][gc,metaspace   ] GC(452) Metaspace: 23019K(23296K)->23019K(23296K) NonClass: 20216K(20352K)->20216K(20352K) Class: 2802K(2944K)->2802K(2944K)
[953.746s][info][gc             ] GC(452) Pause Young (Allocation Failure) 2662M->368M(7918M) 374.393ms
[953.746s][info][gc,cpu         ] GC(452) User=0.38s Sys=0.00s Real=0.37s
[954.922s][info][gc,start       ] GC(453) Pause Young (Allocation Failure)
[955.792s][info][gc,heap        ] GC(453) DefNew: 2323110K(2516544K)->195251K(2516544K) Eden: 2236928K(2236928K)->0K(2236928K) From: 86182K(279616K)->195251K(279616K)
[955.792s][info][gc,heap        ] GC(453) Tenured: 291028K(5592448K)->291028K(5592448K)
[955.792s][info][gc,metaspace   ] GC(453) Metaspace: 23019K(23296K)->23019K(23296K) NonClass: 20216K(20352K)->20216K(20352K) Class: 2802K(2944K)->2802K(2944K)
[955.792s][info][gc             ] GC(453) Pause Young (Allocation Failure) 2552M->474M(7918M) 870.083ms
[955.792s][info][gc,cpu         ] GC(453) User=0.88s Sys=0.00s Real=0.87s
[957.606s][info][gc,start       ] GC(454) Pause Young (Allocation Failure)
[958.174s][info][gc,heap        ] GC(454) DefNew: 2432179K(2516544K)->134458K(2516544K) Eden: 2236928K(2236928K)->0K(2236928K) From: 195251K(279616K)->134458K(279616K)
[958.174s][info][gc,heap        ] GC(454) Tenured: 291028K(5592448K)->291028K(5592448K)
[958.174s][info][gc,metaspace   ] GC(454) Metaspace: 23019K(23296K)->23019K(23296K) NonClass: 20216K(20352K)->20216K(20352K) Class: 2802K(2944K)->2802K(2944K)
[958.174s][info][gc             ] GC(454) Pause Young (Allocation Failure) 2659M->415M(7918M) 568.055ms
[958.174s][info][gc,cpu         ] GC(454) User=0.56s Sys=0.00s Real=0.56s
[959.079s][info][gc,start       ] GC(455) Pause Full (System.gc())
[959.079s][info][gc,phases,start] GC(455) Phase 1: Mark live objects
[959.288s][info][gc,phases      ] GC(455) Phase 1: Mark live objects 209.393ms
[959.288s][info][gc,phases,start] GC(455) Phase 2: Compute new object addresses
[959.505s][info][gc,phases      ] GC(455) Phase 2: Compute new object addresses 216.405ms
[959.505s][info][gc,phases,start] GC(455) Phase 3: Adjust pointers
[959.653s][info][gc,phases      ] GC(455) Phase 3: Adjust pointers 148.671ms
[959.653s][info][gc,phases,start] GC(455) Phase 4: Move objects
[959.751s][info][gc,phases      ] GC(455) Phase 4: Move objects 97.617ms
[959.751s][info][gc,heap        ] GC(455) DefNew: 1330374K(2516544K)->0K(2516544K) Eden: 1195915K(2236928K)->0K(2236928K) From: 134458K(279616K)->0K(279616K)
[959.751s][info][gc,heap        ] GC(455) Tenured: 291028K(5592448K)->361383K(5592448K)
[959.751s][info][gc,metaspace   ] GC(455) Metaspace: 23019K(23296K)->23019K(23296K) NonClass: 20216K(20352K)->20216K(20352K) Class: 2802K(2944K)->2802K(2944K)
[959.751s][info][gc             ] GC(455) Pause Full (System.gc()) 1583M->352M(7918M) 672.562ms
[959.751s][info][gc,cpu         ] GC(455) User=0.67s Sys=0.00s Real=0.67s
[961.041s][info][gc,start       ] GC(456) Pause Young (Allocation Failure)
[961.916s][info][gc,heap        ] GC(456) DefNew: 2236928K(2516544K)->196645K(2516544K) Eden: 2236928K(2236928K)->0K(2236928K) From: 0K(279616K)->196645K(279616K)
[961.916s][info][gc,heap        ] GC(456) Tenured: 361383K(5592448K)->361383K(5592448K)
[961.916s][info][gc,metaspace   ] GC(456) Metaspace: 23019K(23296K)->23019K(23296K) NonClass: 20216K(20352K)->20216K(20352K) Class: 2802K(2944K)->2802K(2944K)
[961.916s][info][gc             ] GC(456) Pause Young (Allocation Failure) 2537M->544M(7918M) 874.399ms
[961.916s][info][gc,cpu         ] GC(456) User=0.88s Sys=0.00s Real=0.88s
[963.632s][info][gc,start       ] GC(457) Pause Young (Allocation Failure)
[964.166s][info][gc,heap        ] GC(457) DefNew: 2433573K(2516544K)->122429K(2516544K) Eden: 2236928K(2236928K)->0K(2236928K) From: 196645K(279616K)->122429K(279616K)
[964.166s][info][gc,heap        ] GC(457) Tenured: 361383K(5592448K)->361388K(5592448K)
[964.166s][info][gc,metaspace   ] GC(457) Metaspace: 23019K(23296K)->23019K(23296K) NonClass: 20216K(20352K)->20216K(20352K) Class: 2802K(2944K)->2802K(2944K)
[964.166s][info][gc             ] GC(457) Pause Young (Allocation Failure) 2729M->472M(7918M) 533.164ms
[964.166s][info][gc,cpu         ] GC(457) User=0.53s Sys=0.00s Real=0.53s
[965.395s][info][gc,start       ] GC(458) Pause Young (Allocation Failure)
[966.227s][info][gc,heap        ] GC(458) DefNew: 2359357K(2516544K)->188559K(2516544K) Eden: 2236928K(2236928K)->0K(2236928K) From: 122429K(279616K)->188559K(279616K)
[966.227s][info][gc,heap        ] GC(458) Tenured: 361388K(5592448K)->361388K(5592448K)
[966.227s][info][gc,metaspace   ] GC(458) Metaspace: 23019K(23296K)->23019K(23296K) NonClass: 20216K(20352K)->20216K(20352K) Class: 2802K(2944K)->2802K(2944K)
[966.227s][info][gc             ] GC(458) Pause Young (Allocation Failure) 2656M->537M(7918M) 831.348ms
[966.227s][info][gc,cpu         ] GC(458) User=0.83s Sys=0.02s Real=0.82s
[968.029s][info][gc,start       ] GC(459) Pause Young (Allocation Failure)
[968.630s][info][gc,heap        ] GC(459) DefNew: 2425487K(2516544K)->141453K(2516544K) Eden: 2236928K(2236928K)->0K(2236928K) From: 188559K(279616K)->141453K(279616K)
[968.630s][info][gc,heap        ] GC(459) Tenured: 361388K(5592448K)->361388K(5592448K)
[968.630s][info][gc,metaspace   ] GC(459) Metaspace: 23019K(23296K)->23019K(23296K) NonClass: 20216K(20352K)->20216K(20352K) Class: 2802K(2944K)->2802K(2944K)
[968.630s][info][gc             ] GC(459) Pause Young (Allocation Failure) 2721M->491M(7918M) 600.978ms
[968.630s][info][gc,cpu         ] GC(459) User=0.58s Sys=0.02s Real=0.60s
[970.069s][info][gc,start       ] GC(460) Pause Young (Allocation Failure)
[970.953s][info][gc,heap        ] GC(460) DefNew: 2378381K(2516544K)->193236K(2516544K) Eden: 2236928K(2236928K)->0K(2236928K) From: 141453K(279616K)->193236K(279616K)
[970.953s][info][gc,heap        ] GC(460) Tenured: 361388K(5592448K)->366232K(5592448K)
[970.953s][info][gc,metaspace   ] GC(460) Metaspace: 23019K(23296K)->23019K(23296K) NonClass: 20216K(20352K)->20216K(20352K) Class: 2802K(2944K)->2802K(2944K)
[970.953s][info][gc             ] GC(460) Pause Young (Allocation Failure) 2675M->546M(7918M) 884.427ms
[970.953s][info][gc,cpu         ] GC(460) User=0.89s Sys=0.00s Real=0.88s
[972.502s][info][gc,start       ] GC(461) Pause Young (Allocation Failure)
[973.181s][info][gc,heap        ] GC(461) DefNew: 2430164K(2516544K)->154689K(2516544K) Eden: 2236928K(2236928K)->0K(2236928K) From: 193236K(279616K)->154689K(279616K)
[973.181s][info][gc,heap        ] GC(461) Tenured: 366232K(5592448K)->367916K(5592448K)
[973.181s][info][gc,metaspace   ] GC(461) Metaspace: 23019K(23296K)->23019K(23296K) NonClass: 20216K(20352K)->20216K(20352K) Class: 2802K(2944K)->2802K(2944K)
[973.181s][info][gc             ] GC(461) Pause Young (Allocation Failure) 2730M->510M(7918M) 679.139ms
[973.181s][info][gc,cpu         ] GC(461) User=0.69s Sys=0.00s Real=0.68s
[974.006s][info][gc,start       ] GC(462) Pause Full (System.gc())
[974.006s][info][gc,phases,start] GC(462) Phase 1: Mark live objects
[974.204s][info][gc,phases      ] GC(462) Phase 1: Mark live objects 198.606ms
[974.204s][info][gc,phases,start] GC(462) Phase 2: Compute new object addresses
[974.395s][info][gc,phases      ] GC(462) Phase 2: Compute new object addresses 190.443ms
[974.395s][info][gc,phases,start] GC(462) Phase 3: Adjust pointers
[974.537s][info][gc,phases      ] GC(462) Phase 3: Adjust pointers 141.819ms
[974.537s][info][gc,phases,start] GC(462) Phase 4: Move objects
[974.621s][info][gc,phases      ] GC(462) Phase 4: Move objects 83.702ms
[974.621s][info][gc,heap        ] GC(462) DefNew: 1143269K(2516544K)->0K(2516544K) Eden: 988579K(2236928K)->0K(2236928K) From: 154689K(279616K)->0K(279616K)
[974.621s][info][gc,heap        ] GC(462) Tenured: 367916K(5592448K)->103511K(5592448K)
[974.621s][info][gc,metaspace   ] GC(462) Metaspace: 23019K(23296K)->23019K(23296K) NonClass: 20216K(20352K)->20216K(20352K) Class: 2802K(2944K)->2802K(2944K)
[974.621s][info][gc             ] GC(462) Pause Full (System.gc()) 1475M->101M(7918M) 615.044ms
[974.621s][info][gc,cpu         ] GC(462) User=0.62s Sys=0.00s Real=0.60s
[975.871s][info][gc,start       ] GC(463) Pause Young (Allocation Failure)
[976.725s][info][gc,heap        ] GC(463) DefNew: 2236928K(2516544K)->194259K(2516544K) Eden: 2236928K(2236928K)->0K(2236928K) From: 0K(279616K)->194259K(279616K)
[976.725s][info][gc,heap        ] GC(463) Tenured: 103511K(5592448K)->103511K(5592448K)
[976.725s][info][gc,metaspace   ] GC(463) Metaspace: 23019K(23296K)->23019K(23296K) NonClass: 20216K(20352K)->20216K(20352K) Class: 2802K(2944K)->2802K(2944K)
[976.725s][info][gc             ] GC(463) Pause Young (Allocation Failure) 2285M->290M(7918M) 853.868ms
[976.725s][info][gc,cpu         ] GC(463) User=0.84s Sys=0.00s Real=0.85s
[978.581s][info][gc,start       ] GC(464) Pause Young (Allocation Failure)
[979.169s][info][gc,heap        ] GC(464) DefNew: 2431187K(2516544K)->142126K(2516544K) Eden: 2236928K(2236928K)->0K(2236928K) From: 194259K(279616K)->142126K(279616K)
[979.169s][info][gc,heap        ] GC(464) Tenured: 103511K(5592448K)->103515K(5592448K)
[979.169s][info][gc,metaspace   ] GC(464) Metaspace: 23019K(23296K)->23019K(23296K) NonClass: 20216K(20352K)->20216K(20352K) Class: 2802K(2944K)->2802K(2944K)
[979.169s][info][gc             ] GC(464) Pause Young (Allocation Failure) 2475M->239M(7918M) 588.405ms
[979.169s][info][gc,cpu         ] GC(464) User=0.59s Sys=0.00s Real=0.59s
[980.478s][info][gc,start       ] GC(465) Pause Young (Allocation Failure)
[981.304s][info][gc,heap        ] GC(465) DefNew: 2379054K(2516544K)->191330K(2516544K) Eden: 2236928K(2236928K)->0K(2236928K) From: 142126K(279616K)->191330K(279616K)
[981.304s][info][gc,heap        ] GC(465) Tenured: 103515K(5592448K)->109898K(5592448K)
[981.304s][info][gc,metaspace   ] GC(465) Metaspace: 23019K(23296K)->23019K(23296K) NonClass: 20216K(20352K)->20216K(20352K) Class: 2802K(2944K)->2802K(2944K)
[981.304s][info][gc             ] GC(465) Pause Young (Allocation Failure) 2424M->294M(7918M) 826.221ms
[981.304s][info][gc,cpu         ] GC(465) User=0.81s Sys=0.02s Real=0.83s
[983.052s][info][gc,start       ] GC(466) Pause Young (Allocation Failure)
[983.818s][info][gc,heap        ] GC(466) DefNew: 2428258K(2516544K)->176709K(2516544K) Eden: 2236928K(2236928K)->0K(2236928K) From: 191330K(279616K)->176709K(279616K)
[983.818s][info][gc,heap        ] GC(466) Tenured: 109898K(5592448K)->110681K(5592448K)
[983.818s][info][gc,metaspace   ] GC(466) Metaspace: 23019K(23296K)->23019K(23296K) NonClass: 20216K(20352K)->20216K(20352K) Class: 2802K(2944K)->2802K(2944K)
[983.818s][info][gc             ] GC(466) Pause Young (Allocation Failure) 2478M->280M(7918M) 765.642ms
[983.818s][info][gc,cpu         ] GC(466) User=0.77s Sys=0.00s Real=0.77s
[985.395s][info][gc,start       ] GC(467) Pause Young (Allocation Failure)
[985.876s][info][gc,heap        ] GC(467) DefNew: 2413637K(2516544K)->105041K(2516544K) Eden: 2236928K(2236928K)->0K(2236928K) From: 176709K(279616K)->105041K(279616K)
[985.876s][info][gc,heap        ] GC(467) Tenured: 110681K(5592448K)->110682K(5592448K)
[985.876s][info][gc,metaspace   ] GC(467) Metaspace: 23019K(23296K)->23019K(23296K) NonClass: 20216K(20352K)->20216K(20352K) Class: 2802K(2944K)->2802K(2944K)
[985.876s][info][gc             ] GC(467) Pause Young (Allocation Failure) 2465M->210M(7918M) 480.682ms
[985.876s][info][gc,cpu         ] GC(467) User=0.48s Sys=0.00s Real=0.48s
[987.175s][info][gc,start       ] GC(468) Pause Young (Allocation Failure)
[987.969s][info][gc,heap        ] GC(468) DefNew: 2341969K(2516544K)->182286K(2516544K) Eden: 2236928K(2236928K)->0K(2236928K) From: 105041K(279616K)->182286K(279616K)
[987.970s][info][gc,heap        ] GC(468) Tenured: 110682K(5592448K)->110682K(5592448K)
[987.970s][info][gc,metaspace   ] GC(468) Metaspace: 23019K(23296K)->23019K(23296K) NonClass: 20216K(20352K)->20216K(20352K) Class: 2802K(2944K)->2802K(2944K)
[987.970s][info][gc             ] GC(468) Pause Young (Allocation Failure) 2395M->286M(7918M) 795.004ms
[987.970s][info][gc,cpu         ] GC(468) User=0.80s Sys=0.00s Real=0.80s
[988.699s][info][gc,start       ] GC(469) Pause Full (System.gc())
[988.699s][info][gc,phases,start] GC(469) Phase 1: Mark live objects
[988.887s][info][gc,phases      ] GC(469) Phase 1: Mark live objects 187.584ms
[988.887s][info][gc,phases,start] GC(469) Phase 2: Compute new object addresses
[989.036s][info][gc,phases      ] GC(469) Phase 2: Compute new object addresses 149.058ms
[989.036s][info][gc,phases,start] GC(469) Phase 3: Adjust pointers
[989.170s][info][gc,phases      ] GC(469) Phase 3: Adjust pointers 133.605ms
[989.170s][info][gc,phases,start] GC(469) Phase 4: Move objects
[989.235s][info][gc,phases      ] GC(469) Phase 4: Move objects 65.850ms
[989.236s][info][gc,heap        ] GC(469) DefNew: 850251K(2516544K)->0K(2516544K) Eden: 667965K(2236928K)->0K(2236928K) From: 182286K(279616K)->0K(279616K)
[989.236s][info][gc,heap        ] GC(469) Tenured: 110682K(5592448K)->207701K(5592448K)
[989.236s][info][gc,metaspace   ] GC(469) Metaspace: 23019K(23296K)->23019K(23296K) NonClass: 20216K(20352K)->20216K(20352K) Class: 2802K(2944K)->2802K(2944K)
[989.236s][info][gc             ] GC(469) Pause Full (System.gc()) 938M->202M(7918M) 536.502ms
[989.236s][info][gc,cpu         ] GC(469) User=0.53s Sys=0.00s Real=0.53s
[990.533s][info][gc,start       ] GC(470) Pause Young (Allocation Failure)
[991.432s][info][gc,heap        ] GC(470) DefNew: 2236928K(2516544K)->203535K(2516544K) Eden: 2236928K(2236928K)->0K(2236928K) From: 0K(279616K)->203535K(279616K)
[991.432s][info][gc,heap        ] GC(470) Tenured: 207701K(5592448K)->207701K(5592448K)
[991.432s][info][gc,metaspace   ] GC(470) Metaspace: 23019K(23296K)->23019K(23296K) NonClass: 20216K(20352K)->20216K(20352K) Class: 2802K(2944K)->2802K(2944K)
[991.432s][info][gc             ] GC(470) Pause Young (Allocation Failure) 2387M->401M(7918M) 898.607ms
[991.432s][info][gc,cpu         ] GC(470) User=0.91s Sys=0.00s Real=0.89s
[993.232s][info][gc,start       ] GC(471) Pause Young (Allocation Failure)
[993.823s][info][gc,heap        ] GC(471) DefNew: 2440463K(2516544K)->139101K(2516544K) Eden: 2236928K(2236928K)->0K(2236928K) From: 203535K(279616K)->139101K(279616K)
[993.823s][info][gc,heap        ] GC(471) Tenured: 207701K(5592448K)->207702K(5592448K)
[993.823s][info][gc,metaspace   ] GC(471) Metaspace: 23019K(23296K)->23019K(23296K) NonClass: 20216K(20352K)->20216K(20352K) Class: 2802K(2944K)->2802K(2944K)
[993.823s][info][gc             ] GC(471) Pause Young (Allocation Failure) 2586M->338M(7918M) 590.710ms
[993.823s][info][gc,cpu         ] GC(471) User=0.58s Sys=0.00s Real=0.59s
[995.012s][info][gc,start       ] GC(472) Pause Young (Allocation Failure)
[995.988s][info][gc,heap        ] GC(472) DefNew: 2376029K(2516544K)->223584K(2516544K) Eden: 2236928K(2236928K)->0K(2236928K) From: 139101K(279616K)->223584K(279616K)
[995.988s][info][gc,heap        ] GC(472) Tenured: 207702K(5592448K)->207702K(5592448K)
[995.988s][info][gc,metaspace   ] GC(472) Metaspace: 23019K(23296K)->23019K(23296K) NonClass: 20216K(20352K)->20216K(20352K) Class: 2802K(2944K)->2802K(2944K)
[995.988s][info][gc             ] GC(472) Pause Young (Allocation Failure) 2523M->421M(7918M) 976.369ms
[995.988s][info][gc,cpu         ] GC(472) User=0.97s Sys=0.00s Real=0.96s
[997.805s][info][gc,start       ] GC(473) Pause Young (Allocation Failure)
[998.523s][info][gc,heap        ] GC(473) DefNew: 2460512K(2516544K)->168392K(2516544K) Eden: 2236928K(2236928K)->0K(2236928K) From: 223584K(279616K)->168392K(279616K)
[998.523s][info][gc,heap        ] GC(473) Tenured: 207702K(5592448K)->207702K(5592448K)
[998.523s][info][gc,metaspace   ] GC(473) Metaspace: 23019K(23296K)->23019K(23296K) NonClass: 20216K(20352K)->20216K(20352K) Class: 2802K(2944K)->2802K(2944K)
[998.523s][info][gc             ] GC(473) Pause Young (Allocation Failure) 2605M->367M(7918M) 718.708ms
[998.523s][info][gc,cpu         ] GC(473) User=0.72s Sys=0.00s Real=0.72s
[1000.365s][info][gc,start       ] GC(474) Pause Young (Allocation Failure)
[1000.801s][info][gc,heap        ] GC(474) DefNew: 2405320K(2516544K)->99049K(2516544K) Eden: 2236928K(2236928K)->0K(2236928K) From: 168392K(279616K)->99049K(279616K)
[1000.801s][info][gc,heap        ] GC(474) Tenured: 207702K(5592448K)->207702K(5592448K)
[1000.801s][info][gc,metaspace   ] GC(474) Metaspace: 23019K(23296K)->23019K(23296K) NonClass: 20216K(20352K)->20216K(20352K) Class: 2802K(2944K)->2802K(2944K)
[1000.801s][info][gc             ] GC(474) Pause Young (Allocation Failure) 2551M->299M(7918M) 435.799ms
[1000.801s][info][gc,cpu         ] GC(474) User=0.41s Sys=0.00s Real=0.44s
[1001.966s][info][gc,start       ] GC(475) Pause Young (Allocation Failure)
[1002.787s][info][gc,heap        ] GC(475) DefNew: 2335977K(2516544K)->187639K(2516544K) Eden: 2236928K(2236928K)->0K(2236928K) From: 99049K(279616K)->187639K(279616K)
[1002.787s][info][gc,heap        ] GC(475) Tenured: 207702K(5592448K)->207702K(5592448K)
[1002.787s][info][gc,metaspace   ] GC(475) Metaspace: 23019K(23296K)->23019K(23296K) NonClass: 20216K(20352K)->20216K(20352K) Class: 2802K(2944K)->2802K(2944K)
[1002.787s][info][gc             ] GC(475) Pause Young (Allocation Failure) 2484M->386M(7918M) 821.637ms
[1002.787s][info][gc,cpu         ] GC(475) User=0.77s Sys=0.02s Real=0.82s
[1003.502s][info][gc,start       ] GC(476) Pause Full (System.gc())
[1003.502s][info][gc,phases,start] GC(476) Phase 1: Mark live objects
[1003.688s][info][gc,phases      ] GC(476) Phase 1: Mark live objects 185.858ms
[1003.688s][info][gc,phases,start] GC(476) Phase 2: Compute new object addresses
[1003.840s][info][gc,phases      ] GC(476) Phase 2: Compute new object addresses 151.853ms
[1003.840s][info][gc,phases,start] GC(476) Phase 3: Adjust pointers
[1003.973s][info][gc,phases      ] GC(476) Phase 3: Adjust pointers 133.198ms
[1003.973s][info][gc,phases,start] GC(476) Phase 4: Move objects
[1004.037s][info][gc,phases      ] GC(476) Phase 4: Move objects 64.188ms
[1004.037s][info][gc,heap        ] GC(476) DefNew: 864724K(2516544K)->0K(2516544K) Eden: 677085K(2236928K)->0K(2236928K) From: 187639K(279616K)->0K(279616K)
[1004.037s][info][gc,heap        ] GC(476) Tenured: 207702K(5592448K)->304726K(5592448K)
[1004.037s][info][gc,metaspace   ] GC(476) Metaspace: 23019K(23296K)->23019K(23296K) NonClass: 20216K(20352K)->20216K(20352K) Class: 2802K(2944K)->2802K(2944K)
[1004.037s][info][gc             ] GC(476) Pause Full (System.gc()) 1047M->297M(7918M) 535.515ms
[1004.037s][info][gc,cpu         ] GC(476) User=0.53s Sys=0.00s Real=0.54s
[1005.361s][info][gc,start       ] GC(477) Pause Young (Allocation Failure)
[1006.259s][info][gc,heap        ] GC(477) DefNew: 2236928K(2516544K)->202306K(2516544K) Eden: 2236928K(2236928K)->0K(2236928K) From: 0K(279616K)->202306K(279616K)
[1006.259s][info][gc,heap        ] GC(477) Tenured: 304726K(5592448K)->304726K(5592448K)
[1006.259s][info][gc,metaspace   ] GC(477) Metaspace: 23022K(23296K)->23022K(23296K) NonClass: 20217K(20352K)->20217K(20352K) Class: 2805K(2944K)->2805K(2944K)
[1006.259s][info][gc             ] GC(477) Pause Young (Allocation Failure) 2482M->495M(7918M) 897.535ms
[1006.259s][info][gc,cpu         ] GC(477) User=0.89s Sys=0.00s Real=0.91s
[1008.175s][info][gc,start       ] GC(478) Pause Young (Allocation Failure)
[1008.787s][info][gc,heap        ] GC(478) DefNew: 2439234K(2516544K)->143520K(2516544K) Eden: 2236928K(2236928K)->0K(2236928K) From: 202306K(279616K)->143520K(279616K)
[1008.787s][info][gc,heap        ] GC(478) Tenured: 304726K(5592448K)->304728K(5592448K)
[1008.787s][info][gc,metaspace   ] GC(478) Metaspace: 23022K(23296K)->23022K(23296K) NonClass: 20217K(20352K)->20217K(20352K) Class: 2805K(2944K)->2805K(2944K)
[1008.787s][info][gc             ] GC(478) Pause Young (Allocation Failure) 2679M->437M(7918M) 612.364ms
[1008.787s][info][gc,cpu         ] GC(478) User=0.59s Sys=0.00s Real=0.60s
[1010.299s][info][gc,start       ] GC(479) Pause Young (Allocation Failure)
[1011.042s][info][gc,heap        ] GC(479) DefNew: 2380448K(2516544K)->165468K(2516544K) Eden: 2236928K(2236928K)->0K(2236928K) From: 143520K(279616K)->165468K(279616K)
[1011.042s][info][gc,heap        ] GC(479) Tenured: 304728K(5592448K)->307889K(5592448K)
[1011.042s][info][gc,metaspace   ] GC(479) Metaspace: 23022K(23296K)->23022K(23296K) NonClass: 20217K(20352K)->20217K(20352K) Class: 2805K(2944K)->2805K(2944K)
[1011.042s][info][gc             ] GC(479) Pause Young (Allocation Failure) 2622M->462M(7918M) 742.980ms
[1011.042s][info][gc,cpu         ] GC(479) User=0.75s Sys=0.00s Real=0.75s
[1012.463s][info][gc,start       ] GC(480) Pause Young (Allocation Failure)
[1013.189s][info][gc,heap        ] GC(480) DefNew: 2402396K(2516544K)->167165K(2516544K) Eden: 2236928K(2236928K)->0K(2236928K) From: 165468K(279616K)->167165K(279616K)
[1013.189s][info][gc,heap        ] GC(480) Tenured: 307889K(5592448K)->309030K(5592448K)
[1013.189s][info][gc,metaspace   ] GC(480) Metaspace: 23022K(23296K)->23022K(23296K) NonClass: 20217K(20352K)->20217K(20352K) Class: 2805K(2944K)->2805K(2944K)
[1013.189s][info][gc             ] GC(480) Pause Young (Allocation Failure) 2646M->465M(7918M) 726.747ms
[1013.189s][info][gc,cpu         ] GC(480) User=0.72s Sys=0.00s Real=0.72s
[1014.594s][info][gc,start       ] GC(481) Pause Young (Allocation Failure)
[1015.318s][info][gc,heap        ] GC(481) DefNew: 2404093K(2516544K)->156719K(2516544K) Eden: 2236928K(2236928K)->0K(2236928K) From: 167165K(279616K)->156719K(279616K)
[1015.318s][info][gc,heap        ] GC(481) Tenured: 309030K(5592448K)->312528K(5592448K)
[1015.318s][info][gc,metaspace   ] GC(481) Metaspace: 23022K(23296K)->23022K(23296K) NonClass: 20217K(20352K)->20217K(20352K) Class: 2805K(2944K)->2805K(2944K)
[1015.318s][info][gc             ] GC(481) Pause Young (Allocation Failure) 2649M->458M(7918M) 724.021ms
[1015.318s][info][gc,cpu         ] GC(481) User=0.70s Sys=0.00s Real=0.72s
[1016.937s][info][gc,start       ] GC(482) Pause Young (Allocation Failure)
[1017.751s][info][gc,heap        ] GC(482) DefNew: 2393647K(2516544K)->189995K(2516544K) Eden: 2236928K(2236928K)->0K(2236928K) From: 156719K(279616K)->189995K(279616K)
[1017.751s][info][gc,heap        ] GC(482) Tenured: 312528K(5592448K)->313084K(5592448K)
[1017.752s][info][gc,metaspace   ] GC(482) Metaspace: 23022K(23296K)->23022K(23296K) NonClass: 20217K(20352K)->20217K(20352K) Class: 2805K(2944K)->2805K(2944K)
[1017.752s][info][gc             ] GC(482) Pause Young (Allocation Failure) 2642M->491M(7918M) 814.584ms
[1017.752s][info][gc,cpu         ] GC(482) User=0.81s Sys=0.00s Real=0.82s
[1018.471s][info][gc,start       ] GC(483) Pause Full (System.gc())
[1018.471s][info][gc,phases,start] GC(483) Phase 1: Mark live objects
[1018.663s][info][gc,phases      ] GC(483) Phase 1: Mark live objects 192.297ms
[1018.663s][info][gc,phases,start] GC(483) Phase 2: Compute new object addresses
[1018.808s][info][gc,phases      ] GC(483) Phase 2: Compute new object addresses 144.516ms
[1018.808s][info][gc,phases,start] GC(483) Phase 3: Adjust pointers
[1018.940s][info][gc,phases      ] GC(483) Phase 3: Adjust pointers 131.832ms
[1018.940s][info][gc,phases,start] GC(483) Phase 4: Move objects
[1019.002s][info][gc,phases      ] GC(483) Phase 4: Move objects 62.203ms
[1019.002s][info][gc,heap        ] GC(483) DefNew: 804658K(2516544K)->0K(2516544K) Eden: 614663K(2236928K)->0K(2236928K) From: 189995K(279616K)->0K(279616K)
[1019.002s][info][gc,heap        ] GC(483) Tenured: 313084K(5592448K)->349829K(5592448K)
[1019.002s][info][gc,metaspace   ] GC(483) Metaspace: 23022K(23296K)->23022K(23296K) NonClass: 20217K(20352K)->20217K(20352K) Class: 2805K(2944K)->2805K(2944K)
[1019.002s][info][gc             ] GC(483) Pause Full (System.gc()) 1091M->341M(7918M) 531.286ms
[1019.002s][info][gc,cpu         ] GC(483) User=0.53s Sys=0.00s Real=0.53s
[1020.105s][info][gc,start       ] GC(484) Pause Young (Allocation Failure)
[1020.938s][info][gc,heap        ] GC(484) DefNew: 2236928K(2516544K)->186599K(2516544K) Eden: 2236928K(2236928K)->0K(2236928K) From: 0K(279616K)->186599K(279616K)
[1020.938s][info][gc,heap        ] GC(484) Tenured: 349829K(5592448K)->349829K(5592448K)
[1020.938s][info][gc,metaspace   ] GC(484) Metaspace: 23022K(23296K)->23022K(23296K) NonClass: 20217K(20352K)->20217K(20352K) Class: 2805K(2944K)->2805K(2944K)
[1020.938s][info][gc             ] GC(484) Pause Young (Allocation Failure) 2526M->523M(7918M) 833.510ms
[1020.938s][info][gc,cpu         ] GC(484) User=0.81s Sys=0.00s Real=0.83s
[1022.841s][info][gc,start       ] GC(485) Pause Young (Allocation Failure)
[1023.374s][info][gc,heap        ] GC(485) DefNew: 2423527K(2516544K)->125900K(2516544K) Eden: 2236928K(2236928K)->0K(2236928K) From: 186599K(279616K)->125900K(279616K)
[1023.374s][info][gc,heap        ] GC(485) Tenured: 349829K(5592448K)->349831K(5592448K)
[1023.374s][info][gc,metaspace   ] GC(485) Metaspace: 23022K(23296K)->23022K(23296K) NonClass: 20217K(20352K)->20217K(20352K) Class: 2805K(2944K)->2805K(2944K)
[1023.374s][info][gc             ] GC(485) Pause Young (Allocation Failure) 2708M->464M(7918M) 533.205ms
[1023.374s][info][gc,cpu         ] GC(485) User=0.53s Sys=0.00s Real=0.54s
[1024.556s][info][gc,start       ] GC(486) Pause Young (Allocation Failure)
[1025.484s][info][gc,heap        ] GC(486) DefNew: 2362828K(2516544K)->211280K(2516544K) Eden: 2236928K(2236928K)->0K(2236928K) From: 125900K(279616K)->211280K(279616K)
[1025.484s][info][gc,heap        ] GC(486) Tenured: 349831K(5592448K)->349831K(5592448K)
[1025.484s][info][gc,metaspace   ] GC(486) Metaspace: 23022K(23296K)->23022K(23296K) NonClass: 20217K(20352K)->20217K(20352K) Class: 2805K(2944K)->2805K(2944K)
[1025.484s][info][gc             ] GC(486) Pause Young (Allocation Failure) 2649M->547M(7918M) 928.687ms
[1025.484s][info][gc,cpu         ] GC(486) User=0.92s Sys=0.00s Real=0.92s
[1027.272s][info][gc,start       ] GC(487) Pause Young (Allocation Failure)
[1027.863s][info][gc,heap        ] GC(487) DefNew: 2448208K(2516544K)->137048K(2516544K) Eden: 2236928K(2236928K)->0K(2236928K) From: 211280K(279616K)->137048K(279616K)
[1027.863s][info][gc,heap        ] GC(487) Tenured: 349831K(5592448K)->349831K(5592448K)
[1027.863s][info][gc,metaspace   ] GC(487) Metaspace: 23022K(23296K)->23022K(23296K) NonClass: 20217K(20352K)->20217K(20352K) Class: 2805K(2944K)->2805K(2944K)
[1027.863s][info][gc             ] GC(487) Pause Young (Allocation Failure) 2732M->475M(7918M) 590.451ms
[1027.863s][info][gc,cpu         ] GC(487) User=0.58s Sys=0.00s Real=0.59s
[1029.262s][info][gc,start       ] GC(488) Pause Young (Allocation Failure)
[1030.111s][info][gc,heap        ] GC(488) DefNew: 2373976K(2516544K)->189779K(2516544K) Eden: 2236928K(2236928K)->0K(2236928K) From: 137048K(279616K)->189779K(279616K)
[1030.111s][info][gc,heap        ] GC(488) Tenured: 349831K(5592448K)->349831K(5592448K)
[1030.111s][info][gc,metaspace   ] GC(488) Metaspace: 23023K(23296K)->23023K(23296K) NonClass: 20218K(20352K)->20218K(20352K) Class: 2805K(2944K)->2805K(2944K)
[1030.111s][info][gc             ] GC(488) Pause Young (Allocation Failure) 2659M->526M(7918M) 849.135ms
[1030.111s][info][gc,cpu         ] GC(488) User=0.84s Sys=0.00s Real=0.85s
[1031.830s][info][gc,start       ] GC(489) Pause Young (Allocation Failure)
[1032.609s][info][gc,heap        ] GC(489) DefNew: 2426707K(2516544K)->180639K(2516544K) Eden: 2236928K(2236928K)->0K(2236928K) From: 189779K(279616K)->180639K(279616K)
[1032.609s][info][gc,heap        ] GC(489) Tenured: 349831K(5592448K)->349831K(5592448K)
[1032.609s][info][gc,metaspace   ] GC(489) Metaspace: 23023K(23296K)->23023K(23296K) NonClass: 20218K(20352K)->20218K(20352K) Class: 2805K(2944K)->2805K(2944K)
[1032.609s][info][gc             ] GC(489) Pause Young (Allocation Failure) 2711M->518M(7918M) 779.052ms
[1032.609s][info][gc,cpu         ] GC(489) User=0.77s Sys=0.00s Real=0.78s
[1033.359s][info][gc,start       ] GC(490) Pause Full (System.gc())
[1033.359s][info][gc,phases,start] GC(490) Phase 1: Mark live objects
[1033.545s][info][gc,phases      ] GC(490) Phase 1: Mark live objects 185.741ms
[1033.545s][info][gc,phases,start] GC(490) Phase 2: Compute new object addresses
[1033.702s][info][gc,phases      ] GC(490) Phase 2: Compute new object addresses 156.858ms
[1033.702s][info][gc,phases,start] GC(490) Phase 3: Adjust pointers
[1033.841s][info][gc,phases      ] GC(490) Phase 3: Adjust pointers 138.325ms
[1033.841s][info][gc,phases,start] GC(490) Phase 4: Move objects
[1033.908s][info][gc,phases      ] GC(490) Phase 4: Move objects 67.438ms
[1033.908s][info][gc,heap        ] GC(490) DefNew: 904245K(2516544K)->0K(2516544K) Eden: 723606K(2236928K)->0K(2236928K) From: 180639K(279616K)->0K(279616K)
[1033.908s][info][gc,heap        ] GC(490) Tenured: 349831K(5592448K)->103467K(5592448K)
[1033.908s][info][gc,metaspace   ] GC(490) Metaspace: 23023K(23296K)->23023K(23296K) NonClass: 20218K(20352K)->20218K(20352K) Class: 2805K(2944K)->2805K(2944K)
[1033.908s][info][gc             ] GC(490) Pause Full (System.gc()) 1224M->101M(7918M) 548.838ms
[1033.908s][info][gc,cpu         ] GC(490) User=0.55s Sys=0.00s Real=0.54s
[1035.173s][info][gc,start       ] GC(491) Pause Young (Allocation Failure)
[1036.062s][info][gc,heap        ] GC(491) DefNew: 2236928K(2516544K)->199273K(2516544K) Eden: 2236928K(2236928K)->0K(2236928K) From: 0K(279616K)->199273K(279616K)
[1036.062s][info][gc,heap        ] GC(491) Tenured: 103467K(5592448K)->103467K(5592448K)
[1036.062s][info][gc,metaspace   ] GC(491) Metaspace: 23023K(23296K)->23023K(23296K) NonClass: 20218K(20352K)->20218K(20352K) Class: 2805K(2944K)->2805K(2944K)
[1036.063s][info][gc             ] GC(491) Pause Young (Allocation Failure) 2285M->295M(7918M) 889.106ms
[1036.063s][info][gc,cpu         ] GC(491) User=0.88s Sys=0.02s Real=0.88s
[1037.832s][info][gc,start       ] GC(492) Pause Young (Allocation Failure)
[1038.307s][info][gc,heap        ] GC(492) DefNew: 2436201K(2516544K)->106245K(2516544K) Eden: 2236928K(2236928K)->0K(2236928K) From: 199273K(279616K)->106245K(279616K)
[1038.307s][info][gc,heap        ] GC(492) Tenured: 103467K(5592448K)->103470K(5592448K)
[1038.307s][info][gc,metaspace   ] GC(492) Metaspace: 23023K(23296K)->23023K(23296K) NonClass: 20218K(20352K)->20218K(20352K) Class: 2805K(2944K)->2805K(2944K)
[1038.307s][info][gc             ] GC(492) Pause Young (Allocation Failure) 2480M->204M(7918M) 475.413ms
[1038.307s][info][gc,cpu         ] GC(492) User=0.48s Sys=0.00s Real=0.47s
[1039.551s][info][gc,start       ] GC(493) Pause Young (Allocation Failure)
[1040.409s][info][gc,heap        ] GC(493) DefNew: 2343173K(2516544K)->194454K(2516544K) Eden: 2236928K(2236928K)->0K(2236928K) From: 106245K(279616K)->194454K(279616K)
[1040.409s][info][gc,heap        ] GC(493) Tenured: 103470K(5592448K)->103470K(5592448K)
[1040.409s][info][gc,metaspace   ] GC(493) Metaspace: 23023K(23296K)->23023K(23296K) NonClass: 20218K(20352K)->20218K(20352K) Class: 2805K(2944K)->2805K(2944K)
[1040.409s][info][gc             ] GC(493) Pause Young (Allocation Failure) 2389M->290M(7918M) 857.344ms
[1040.409s][info][gc,cpu         ] GC(493) User=0.86s Sys=0.00s Real=0.87s
[1042.117s][info][gc,start       ] GC(494) Pause Young (Allocation Failure)
[1042.642s][info][gc,heap        ] GC(494) DefNew: 2431382K(2516544K)->121108K(2516544K) Eden: 2236928K(2236928K)->0K(2236928K) From: 194454K(279616K)->121108K(279616K)
[1042.642s][info][gc,heap        ] GC(494) Tenured: 103470K(5592448K)->103470K(5592448K)
[1042.642s][info][gc,metaspace   ] GC(494) Metaspace: 23023K(23296K)->23023K(23296K) NonClass: 20218K(20352K)->20218K(20352K) Class: 2805K(2944K)->2805K(2944K)
[1042.642s][info][gc             ] GC(494) Pause Young (Allocation Failure) 2475M->219M(7918M) 525.079ms
[1042.642s][info][gc,cpu         ] GC(494) User=0.50s Sys=0.00s Real=0.53s
[1043.859s][info][gc,start       ] GC(495) Pause Young (Allocation Failure)
[1044.778s][info][gc,heap        ] GC(495) DefNew: 2358036K(2516544K)->206692K(2516544K) Eden: 2236928K(2236928K)->0K(2236928K) From: 121108K(279616K)->206692K(279616K)
[1044.778s][info][gc,heap        ] GC(495) Tenured: 103470K(5592448K)->103470K(5592448K)
[1044.778s][info][gc,metaspace   ] GC(495) Metaspace: 23023K(23296K)->23023K(23296K) NonClass: 20218K(20352K)->20218K(20352K) Class: 2805K(2944K)->2805K(2944K)
[1044.778s][info][gc             ] GC(495) Pause Young (Allocation Failure) 2403M->302M(7918M) 918.937ms
[1044.778s][info][gc,cpu         ] GC(495) User=0.91s Sys=0.00s Real=0.93s
[1046.632s][info][gc,start       ] GC(496) Pause Young (Allocation Failure)
[1047.269s][info][gc,heap        ] GC(496) DefNew: 2443620K(2516544K)->151231K(2516544K) Eden: 2236928K(2236928K)->0K(2236928K) From: 206692K(279616K)->151231K(279616K)
[1047.269s][info][gc,heap        ] GC(496) Tenured: 103470K(5592448K)->103470K(5592448K)
[1047.269s][info][gc,metaspace   ] GC(496) Metaspace: 23023K(23296K)->23023K(23296K) NonClass: 20218K(20352K)->20218K(20352K) Class: 2805K(2944K)->2805K(2944K)
[1047.269s][info][gc             ] GC(496) Pause Young (Allocation Failure) 2487M->248M(7918M) 636.668ms
[1047.269s][info][gc,cpu         ] GC(496) User=0.62s Sys=0.00s Real=0.63s
[1048.094s][info][gc,start       ] GC(497) Pause Full (System.gc())
[1048.095s][info][gc,phases,start] GC(497) Phase 1: Mark live objects
[1048.311s][info][gc,phases      ] GC(497) Phase 1: Mark live objects 216.626ms
[1048.311s][info][gc,phases,start] GC(497) Phase 2: Compute new object addresses
[1048.504s][info][gc,phases      ] GC(497) Phase 2: Compute new object addresses 192.517ms
[1048.504s][info][gc,phases,start] GC(497) Phase 3: Adjust pointers
[1048.647s][info][gc,phases      ] GC(497) Phase 3: Adjust pointers 142.826ms
[1048.647s][info][gc,phases,start] GC(497) Phase 4: Move objects
[1048.732s][info][gc,phases      ] GC(497) Phase 4: Move objects 84.965ms
[1048.732s][info][gc,heap        ] GC(497) DefNew: 1168083K(2516544K)->0K(2516544K) Eden: 1016852K(2236928K)->0K(2236928K) From: 151231K(279616K)->0K(279616K)
[1048.732s][info][gc,heap        ] GC(497) Tenured: 103470K(5592448K)->200365K(5592448K)
[1048.732s][info][gc,metaspace   ] GC(497) Metaspace: 23023K(23296K)->23023K(23296K) NonClass: 20218K(20352K)->20218K(20352K) Class: 2805K(2944K)->2805K(2944K)
[1048.732s][info][gc             ] GC(497) Pause Full (System.gc()) 1241M->195M(7918M) 637.377ms
[1048.732s][info][gc,cpu         ] GC(497) User=0.64s Sys=0.00s Real=0.64s
[1050.115s][info][gc,start       ] GC(498) Pause Young (Allocation Failure)
[1051.021s][info][gc,heap        ] GC(498) DefNew: 2236928K(2516544K)->208113K(2516544K) Eden: 2236928K(2236928K)->0K(2236928K) From: 0K(279616K)->208113K(279616K)
[1051.021s][info][gc,heap        ] GC(498) Tenured: 200365K(5592448K)->200365K(5592448K)
[1051.021s][info][gc,metaspace   ] GC(498) Metaspace: 23023K(23296K)->23023K(23296K) NonClass: 20218K(20352K)->20218K(20352K) Class: 2805K(2944K)->2805K(2944K)
[1051.021s][info][gc             ] GC(498) Pause Young (Allocation Failure) 2380M->398M(7918M) 906.179ms
[1051.022s][info][gc,cpu         ] GC(498) User=0.89s Sys=0.02s Real=0.91s
[1052.826s][info][gc,start       ] GC(499) Pause Young (Allocation Failure)
[1053.475s][info][gc,heap        ] GC(499) DefNew: 2445041K(2516544K)->151370K(2516544K) Eden: 2236928K(2236928K)->0K(2236928K) From: 208113K(279616K)->151370K(279616K)
[1053.475s][info][gc,heap        ] GC(499) Tenured: 200365K(5592448K)->200366K(5592448K)
[1053.475s][info][gc,metaspace   ] GC(499) Metaspace: 23023K(23296K)->23023K(23296K) NonClass: 20218K(20352K)->20218K(20352K) Class: 2805K(2944K)->2805K(2944K)
[1053.475s][info][gc             ] GC(499) Pause Young (Allocation Failure) 2583M->343M(7918M) 648.557ms
[1053.475s][info][gc,cpu         ] GC(499) User=0.64s Sys=0.00s Real=0.64s
[1054.974s][info][gc,start       ] GC(500) Pause Young (Allocation Failure)
[1055.690s][info][gc,heap        ] GC(500) DefNew: 2388298K(2516544K)->159501K(2516544K) Eden: 2236928K(2236928K)->0K(2236928K) From: 151370K(279616K)->159501K(279616K)
[1055.690s][info][gc,heap        ] GC(500) Tenured: 200366K(5592448K)->203183K(5592448K)
[1055.690s][info][gc,metaspace   ] GC(500) Metaspace: 23023K(23296K)->23023K(23296K) NonClass: 20218K(20352K)->20218K(20352K) Class: 2805K(2944K)->2805K(2944K)
[1055.690s][info][gc             ] GC(500) Pause Young (Allocation Failure) 2527M->354M(7918M) 716.569ms
[1055.690s][info][gc,cpu         ] GC(500) User=0.72s Sys=0.00s Real=0.71s
[1057.355s][info][gc,start       ] GC(501) Pause Young (Allocation Failure)
[1058.161s][info][gc,heap        ] GC(501) DefNew: 2396429K(2516544K)->186405K(2516544K) Eden: 2236928K(2236928K)->0K(2236928K) From: 159501K(279616K)->186405K(279616K)
[1058.161s][info][gc,heap        ] GC(501) Tenured: 203183K(5592448K)->204118K(5592448K)
[1058.161s][info][gc,metaspace   ] GC(501) Metaspace: 23023K(23296K)->23023K(23296K) NonClass: 20218K(20352K)->20218K(20352K) Class: 2805K(2944K)->2805K(2944K)
[1058.161s][info][gc             ] GC(501) Pause Young (Allocation Failure) 2538M->381M(7918M) 805.591ms
[1058.161s][info][gc,cpu         ] GC(501) User=0.80s Sys=0.00s Real=0.79s
[1060.010s][info][gc,start       ] GC(502) Pause Young (Allocation Failure)
[1060.566s][info][gc,heap        ] GC(502) DefNew: 2423333K(2516544K)->130717K(2516544K) Eden: 2236928K(2236928K)->0K(2236928K) From: 186405K(279616K)->130717K(279616K)
[1060.566s][info][gc,heap        ] GC(502) Tenured: 204118K(5592448K)->204119K(5592448K)
[1060.566s][info][gc,metaspace   ] GC(502) Metaspace: 23023K(23296K)->23023K(23296K) NonClass: 20218K(20352K)->20218K(20352K) Class: 2805K(2944K)->2805K(2944K)
[1060.566s][info][gc             ] GC(502) Pause Young (Allocation Failure) 2565M->326M(7918M) 555.976ms
[1060.566s][info][gc,cpu         ] GC(502) User=0.55s Sys=0.00s Real=0.56s
[1061.850s][info][gc,start       ] GC(503) Pause Young (Allocation Failure)
[1062.702s][info][gc,heap        ] GC(503) DefNew: 2367645K(2516544K)->220466K(2516544K) Eden: 2236928K(2236928K)->0K(2236928K) From: 130717K(279616K)->220466K(279616K)
[1062.702s][info][gc,heap        ] GC(503) Tenured: 204119K(5592448K)->204119K(5592448K)
[1062.702s][info][gc,metaspace   ] GC(503) Metaspace: 23023K(23296K)->23023K(23296K) NonClass: 20218K(20352K)->20218K(20352K) Class: 2805K(2944K)->2805K(2944K)
[1062.702s][info][gc             ] GC(503) Pause Young (Allocation Failure) 2511M->414M(7918M) 851.965ms
[1062.702s][info][gc,cpu         ] GC(503) User=0.86s Sys=0.00s Real=0.84s
[1063.261s][info][gc,start       ] GC(504) Pause Full (System.gc())
[1063.261s][info][gc,phases,start] GC(504) Phase 1: Mark live objects
[1063.434s][info][gc,phases      ] GC(504) Phase 1: Mark live objects 172.802ms
[1063.434s][info][gc,phases,start] GC(504) Phase 2: Compute new object addresses
[1063.537s][info][gc,phases      ] GC(504) Phase 2: Compute new object addresses 102.708ms
[1063.537s][info][gc,phases,start] GC(504) Phase 3: Adjust pointers
[1063.642s][info][gc,phases      ] GC(504) Phase 3: Adjust pointers 105.192ms
[1063.642s][info][gc,phases,start] GC(504) Phase 4: Move objects
[1063.684s][info][gc,phases      ] GC(504) Phase 4: Move objects 42.056ms
[1063.684s][info][gc,heap        ] GC(504) DefNew: 537626K(2516544K)->0K(2516544K) Eden: 317159K(2236928K)->0K(2236928K) From: 220466K(279616K)->0K(279616K)
[1063.684s][info][gc,heap        ] GC(504) Tenured: 204119K(5592448K)->301058K(5592448K)
[1063.684s][info][gc,metaspace   ] GC(504) Metaspace: 23023K(23296K)->23023K(23296K) NonClass: 20218K(20352K)->20218K(20352K) Class: 2805K(2944K)->2805K(2944K)
[1063.684s][info][gc             ] GC(504) Pause Full (System.gc()) 724M->294M(7918M) 423.221ms
[1063.684s][info][gc,cpu         ] GC(504) User=0.41s Sys=0.02s Real=0.43s
[1065.079s][info][gc,start       ] GC(505) Pause Young (Allocation Failure)
[1065.987s][info][gc,heap        ] GC(505) DefNew: 2236928K(2516544K)->205546K(2516544K) Eden: 2236928K(2236928K)->0K(2236928K) From: 0K(279616K)->205546K(279616K)
[1065.987s][info][gc,heap        ] GC(505) Tenured: 301058K(5592448K)->301058K(5592448K)
[1065.987s][info][gc,metaspace   ] GC(505) Metaspace: 23023K(23296K)->23023K(23296K) NonClass: 20218K(20352K)->20218K(20352K) Class: 2805K(2944K)->2805K(2944K)
[1065.987s][info][gc             ] GC(505) Pause Young (Allocation Failure) 2478M->494M(7918M) 907.988ms
[1065.987s][info][gc,cpu         ] GC(505) User=0.91s Sys=0.00s Real=0.92s
[1067.713s][info][gc,start       ] GC(506) Pause Young (Allocation Failure)
[1068.298s][info][gc,heap        ] GC(506) DefNew: 2442474K(2516544K)->135755K(2516544K) Eden: 2236928K(2236928K)->0K(2236928K) From: 205546K(279616K)->135755K(279616K)
[1068.298s][info][gc,heap        ] GC(506) Tenured: 301058K(5592448K)->301061K(5592448K)
[1068.298s][info][gc,metaspace   ] GC(506) Metaspace: 23023K(23296K)->23023K(23296K) NonClass: 20218K(20352K)->20218K(20352K) Class: 2805K(2944K)->2805K(2944K)
[1068.298s][info][gc             ] GC(506) Pause Young (Allocation Failure) 2679M->426M(7918M) 585.648ms
[1068.299s][info][gc,cpu         ] GC(506) User=0.58s Sys=0.00s Real=0.58s
[1069.707s][info][gc,start       ] GC(507) Pause Young (Allocation Failure)
[1070.585s][info][gc,heap        ] GC(507) DefNew: 2372683K(2516544K)->194827K(2516544K) Eden: 2236928K(2236928K)->0K(2236928K) From: 135755K(279616K)->194827K(279616K)
[1070.585s][info][gc,heap        ] GC(507) Tenured: 301061K(5592448K)->301061K(5592448K)
[1070.585s][info][gc,metaspace   ] GC(507) Metaspace: 23023K(23296K)->23023K(23296K) NonClass: 20218K(20352K)->20218K(20352K) Class: 2805K(2944K)->2805K(2944K)
[1070.585s][info][gc             ] GC(507) Pause Young (Allocation Failure) 2611M->484M(7918M) 878.468ms
[1070.585s][info][gc,cpu         ] GC(507) User=0.86s Sys=0.02s Real=0.89s
[1072.136s][info][gc,start       ] GC(508) Pause Young (Allocation Failure)
[1072.831s][info][gc,heap        ] GC(508) DefNew: 2431755K(2516544K)->157723K(2516544K) Eden: 2236928K(2236928K)->0K(2236928K) From: 194827K(279616K)->157723K(279616K)
[1072.831s][info][gc,heap        ] GC(508) Tenured: 301061K(5592448K)->301061K(5592448K)
[1072.831s][info][gc,metaspace   ] GC(508) Metaspace: 23023K(23296K)->23023K(23296K) NonClass: 20218K(20352K)->20218K(20352K) Class: 2805K(2944K)->2805K(2944K)
[1072.831s][info][gc             ] GC(508) Pause Young (Allocation Failure) 2668M->448M(7918M) 695.163ms
[1072.831s][info][gc,cpu         ] GC(508) User=0.67s Sys=0.00s Real=0.70s
[1074.518s][info][gc,start       ] GC(509) Pause Young (Allocation Failure)
[1075.005s][info][gc,heap        ] GC(509) DefNew: 2394651K(2516544K)->109863K(2516544K) Eden: 2236928K(2236928K)->0K(2236928K) From: 157723K(279616K)->109863K(279616K)
[1075.005s][info][gc,heap        ] GC(509) Tenured: 301061K(5592448K)->301061K(5592448K)
[1075.005s][info][gc,metaspace   ] GC(509) Metaspace: 23023K(23296K)->23023K(23296K) NonClass: 20218K(20352K)->20218K(20352K) Class: 2805K(2944K)->2805K(2944K)
[1075.005s][info][gc             ] GC(509) Pause Young (Allocation Failure) 2632M->401M(7918M) 487.908ms
[1075.005s][info][gc,cpu         ] GC(509) User=0.47s Sys=0.00s Real=0.49s
[1076.305s][info][gc,start       ] GC(510) Pause Young (Allocation Failure)
[1077.121s][info][gc,heap        ] GC(510) DefNew: 2346791K(2516544K)->183746K(2516544K) Eden: 2236928K(2236928K)->0K(2236928K) From: 109863K(279616K)->183746K(279616K)
[1077.121s][info][gc,heap        ] GC(510) Tenured: 301061K(5592448K)->301061K(5592448K)
[1077.121s][info][gc,metaspace   ] GC(510) Metaspace: 23023K(23296K)->23023K(23296K) NonClass: 20218K(20352K)->20218K(20352K) Class: 2805K(2944K)->2805K(2944K)
[1077.121s][info][gc             ] GC(510) Pause Young (Allocation Failure) 2585M->473M(7918M) 815.601ms
[1077.121s][info][gc,cpu         ] GC(510) User=0.78s Sys=0.00s Real=0.81s
[1077.883s][info][gc,start       ] GC(511) Pause Full (System.gc())
[1077.883s][info][gc,phases,start] GC(511) Phase 1: Mark live objects
[1078.068s][info][gc,phases      ] GC(511) Phase 1: Mark live objects 184.678ms
[1078.068s][info][gc,phases,start] GC(511) Phase 2: Compute new object addresses
[1078.228s][info][gc,phases      ] GC(511) Phase 2: Compute new object addresses 160.304ms
[1078.228s][info][gc,phases,start] GC(511) Phase 3: Adjust pointers
[1078.364s][info][gc,phases      ] GC(511) Phase 3: Adjust pointers 135.319ms
[1078.364s][info][gc,phases,start] GC(511) Phase 4: Move objects
[1078.433s][info][gc,phases      ] GC(511) Phase 4: Move objects 68.871ms
[1078.433s][info][gc,heap        ] GC(511) DefNew: 932439K(2516544K)->0K(2516544K) Eden: 748692K(2236928K)->0K(2236928K) From: 183746K(279616K)->0K(279616K)
[1078.433s][info][gc,heap        ] GC(511) Tenured: 301061K(5592448K)->323696K(5592448K)
[1078.433s][info][gc,metaspace   ] GC(511) Metaspace: 23023K(23296K)->23023K(23296K) NonClass: 20218K(20352K)->20218K(20352K) Class: 2805K(2944K)->2805K(2944K)
[1078.433s][info][gc             ] GC(511) Pause Full (System.gc()) 1204M->316M(7918M) 549.638ms
[1078.433s][info][gc,cpu         ] GC(511) User=0.55s Sys=0.00s Real=0.55s
[1079.745s][info][gc,start       ] GC(512) Pause Young (Allocation Failure)
[1080.634s][info][gc,heap        ] GC(512) DefNew: 2236928K(2516544K)->200437K(2516544K) Eden: 2236928K(2236928K)->0K(2236928K) From: 0K(279616K)->200437K(279616K)
[1080.634s][info][gc,heap        ] GC(512) Tenured: 323696K(5592448K)->323696K(5592448K)
[1080.634s][info][gc,metaspace   ] GC(512) Metaspace: 23023K(23296K)->23023K(23296K) NonClass: 20218K(20352K)->20218K(20352K) Class: 2805K(2944K)->2805K(2944K)
[1080.634s][info][gc             ] GC(512) Pause Young (Allocation Failure) 2500M->511M(7918M) 888.119ms
[1080.634s][info][gc,cpu         ] GC(512) User=0.89s Sys=0.00s Real=0.88s
[1082.570s][info][gc,start       ] GC(513) Pause Young (Allocation Failure)
[1083.180s][info][gc,heap        ] GC(513) DefNew: 2437365K(2516544K)->143532K(2516544K) Eden: 2236928K(2236928K)->0K(2236928K) From: 200437K(279616K)->143532K(279616K)
[1083.180s][info][gc,heap        ] GC(513) Tenured: 323696K(5592448K)->323698K(5592448K)
[1083.180s][info][gc,metaspace   ] GC(513) Metaspace: 23023K(23296K)->23023K(23296K) NonClass: 20218K(20352K)->20218K(20352K) Class: 2805K(2944K)->2805K(2944K)
[1083.180s][info][gc             ] GC(513) Pause Young (Allocation Failure) 2696M->456M(7918M) 610.032ms
[1083.180s][info][gc,cpu         ] GC(513) User=0.59s Sys=0.00s Real=0.61s
[1084.444s][info][gc,start       ] GC(514) Pause Young (Allocation Failure)
[1085.417s][info][gc,heap        ] GC(514) DefNew: 2380460K(2516544K)->204055K(2516544K) Eden: 2236928K(2236928K)->0K(2236928K) From: 143532K(279616K)->204055K(279616K)
[1085.417s][info][gc,heap        ] GC(514) Tenured: 323698K(5592448K)->338199K(5592448K)
[1085.417s][info][gc,metaspace   ] GC(514) Metaspace: 23023K(23296K)->23023K(23296K) NonClass: 20218K(20352K)->20218K(20352K) Class: 2805K(2944K)->2805K(2944K)
[1085.417s][info][gc             ] GC(514) Pause Young (Allocation Failure) 2640M->529M(7918M) 973.399ms
[1085.417s][info][gc,cpu         ] GC(514) User=0.98s Sys=0.00s Real=0.97s
[1087.128s][info][gc,start       ] GC(515) Pause Young (Allocation Failure)
[1087.858s][info][gc,heap        ] GC(515) DefNew: 2440983K(2516544K)->168955K(2516544K) Eden: 2236928K(2236928K)->0K(2236928K) From: 204055K(279616K)->168955K(279616K)
[1087.858s][info][gc,heap        ] GC(515) Tenured: 338199K(5592448K)->342689K(5592448K)
[1087.858s][info][gc,metaspace   ] GC(515) Metaspace: 23023K(23296K)->23023K(23296K) NonClass: 20218K(20352K)->20218K(20352K) Class: 2805K(2944K)->2805K(2944K)
[1087.858s][info][gc             ] GC(515) Pause Young (Allocation Failure) 2714M->499M(7918M) 730.641ms
[1087.858s][info][gc,cpu         ] GC(515) User=0.73s Sys=0.00s Real=0.72s
[1089.247s][info][gc,start       ] GC(516) Pause Young (Allocation Failure)
[1090.034s][info][gc,heap        ] GC(516) DefNew: 2405883K(2516544K)->168359K(2516544K) Eden: 2236928K(2236928K)->0K(2236928K) From: 168955K(279616K)->168359K(279616K)
[1090.034s][info][gc,heap        ] GC(516) Tenured: 342689K(5592448K)->347250K(5592448K)
[1090.034s][info][gc,metaspace   ] GC(516) Metaspace: 23023K(23296K)->23023K(23296K) NonClass: 20218K(20352K)->20218K(20352K) Class: 2805K(2944K)->2805K(2944K)
[1090.034s][info][gc             ] GC(516) Pause Young (Allocation Failure) 2684M->503M(7918M) 787.136ms
[1090.034s][info][gc,cpu         ] GC(516) User=0.78s Sys=0.00s Real=0.78s
[1091.536s][info][gc,start       ] GC(517) Pause Young (Allocation Failure)
[1092.294s][info][gc,heap        ] GC(517) DefNew: 2405287K(2516544K)->170741K(2516544K) Eden: 2236928K(2236928K)->0K(2236928K) From: 168359K(279616K)->170741K(279616K)
[1092.294s][info][gc,heap        ] GC(517) Tenured: 347250K(5592448K)->348053K(5592448K)
[1092.294s][info][gc,metaspace   ] GC(517) Metaspace: 23023K(23296K)->23023K(23296K) NonClass: 20218K(20352K)->20218K(20352K) Class: 2805K(2944K)->2805K(2944K)
[1092.294s][info][gc             ] GC(517) Pause Young (Allocation Failure) 2688M->506M(7918M) 758.123ms
[1092.294s][info][gc,cpu         ] GC(517) User=0.75s Sys=0.02s Real=0.75s
[1093.108s][info][gc,start       ] GC(518) Pause Full (System.gc())
[1093.108s][info][gc,phases,start] GC(518) Phase 1: Mark live objects
[1093.292s][info][gc,phases      ] GC(518) Phase 1: Mark live objects 184.154ms
[1093.292s][info][gc,phases,start] GC(518) Phase 2: Compute new object addresses
[1093.465s][info][gc,phases      ] GC(518) Phase 2: Compute new object addresses 172.979ms
[1093.465s][info][gc,phases,start] GC(518) Phase 3: Adjust pointers
[1093.604s][info][gc,phases      ] GC(518) Phase 3: Adjust pointers 139.561ms
[1093.604s][info][gc,phases,start] GC(518) Phase 4: Move objects
[1093.680s][info][gc,phases      ] GC(518) Phase 4: Move objects 75.132ms
[1093.680s][info][gc,heap        ] GC(518) DefNew: 1005098K(2516544K)->0K(2516544K) Eden: 834357K(2236928K)->0K(2236928K) From: 170741K(279616K)->0K(279616K)
[1093.680s][info][gc,heap        ] GC(518) Tenured: 348053K(5592448K)->103501K(5592448K)
[1093.680s][info][gc,metaspace   ] GC(518) Metaspace: 23023K(23296K)->23023K(23296K) NonClass: 20218K(20352K)->20218K(20352K) Class: 2805K(2944K)->2805K(2944K)
[1093.680s][info][gc             ] GC(518) Pause Full (System.gc()) 1321M->101M(7918M) 572.375ms
[1093.680s][info][gc,cpu         ] GC(518) User=0.56s Sys=0.00s Real=0.58s
[1094.829s][info][gc,start       ] GC(519) Pause Young (Allocation Failure)
[1095.647s][info][gc,heap        ] GC(519) DefNew: 2236928K(2516544K)->183571K(2516544K) Eden: 2236928K(2236928K)->0K(2236928K) From: 0K(279616K)->183571K(279616K)
[1095.647s][info][gc,heap        ] GC(519) Tenured: 103501K(5592448K)->103501K(5592448K)
[1095.647s][info][gc,metaspace   ] GC(519) Metaspace: 23023K(23296K)->23023K(23296K) NonClass: 20218K(20352K)->20218K(20352K) Class: 2805K(2944K)->2805K(2944K)
[1095.647s][info][gc             ] GC(519) Pause Young (Allocation Failure) 2285M->280M(7918M) 818.048ms
[1095.647s][info][gc,cpu         ] GC(519) User=0.80s Sys=0.00s Real=0.81s
[1097.333s][info][gc,start       ] GC(520) Pause Young (Allocation Failure)
[1097.832s][info][gc,heap        ] GC(520) DefNew: 2420499K(2516544K)->115245K(2516544K) Eden: 2236928K(2236928K)->0K(2236928K) From: 183571K(279616K)->115245K(279616K)
[1097.832s][info][gc,heap        ] GC(520) Tenured: 103501K(5592448K)->103503K(5592448K)
[1097.832s][info][gc,metaspace   ] GC(520) Metaspace: 23023K(23296K)->23023K(23296K) NonClass: 20218K(20352K)->20218K(20352K) Class: 2805K(2944K)->2805K(2944K)
[1097.832s][info][gc             ] GC(520) Pause Young (Allocation Failure) 2464M->213M(7918M) 499.243ms
[1097.833s][info][gc,cpu         ] GC(520) User=0.48s Sys=0.00s Real=0.50s
[1099.007s][info][gc,start       ] GC(521) Pause Young (Allocation Failure)
[1099.902s][info][gc,heap        ] GC(521) DefNew: 2352173K(2516544K)->202166K(2516544K) Eden: 2236928K(2236928K)->0K(2236928K) From: 115245K(279616K)->202166K(279616K)
[1099.903s][info][gc,heap        ] GC(521) Tenured: 103503K(5592448K)->103503K(5592448K)
[1099.903s][info][gc,metaspace   ] GC(521) Metaspace: 23023K(23296K)->23023K(23296K) NonClass: 20218K(20352K)->20218K(20352K) Class: 2805K(2944K)->2805K(2944K)
[1099.903s][info][gc             ] GC(521) Pause Young (Allocation Failure) 2398M->298M(7918M) 895.804ms
[1099.903s][info][gc,cpu         ] GC(521) User=0.88s Sys=0.00s Real=0.89s
[1101.690s][info][gc,start       ] GC(522) Pause Young (Allocation Failure)
[1102.265s][info][gc,heap        ] GC(522) DefNew: 2439094K(2516544K)->136668K(2516544K) Eden: 2236928K(2236928K)->0K(2236928K) From: 202166K(279616K)->136668K(279616K)
[1102.265s][info][gc,heap        ] GC(522) Tenured: 103503K(5592448K)->103503K(5592448K)
[1102.265s][info][gc,metaspace   ] GC(522) Metaspace: 23023K(23296K)->23023K(23296K) NonClass: 20218K(20352K)->20218K(20352K) Class: 2805K(2944K)->2805K(2944K)
[1102.265s][info][gc             ] GC(522) Pause Young (Allocation Failure) 2483M->234M(7918M) 574.650ms
[1102.265s][info][gc,cpu         ] GC(522) User=0.56s Sys=0.00s Real=0.58s
[1103.484s][info][gc,start       ] GC(523) Pause Young (Allocation Failure)
[1104.314s][info][gc,heap        ] GC(523) DefNew: 2373596K(2516544K)->226360K(2516544K) Eden: 2236928K(2236928K)->0K(2236928K) From: 136668K(279616K)->226360K(279616K)
[1104.314s][info][gc,heap        ] GC(523) Tenured: 103503K(5592448K)->103503K(5592448K)
[1104.314s][info][gc,metaspace   ] GC(523) Metaspace: 23023K(23296K)->23023K(23296K) NonClass: 20218K(20352K)->20218K(20352K) Class: 2805K(2944K)->2805K(2944K)
[1104.314s][info][gc             ] GC(523) Pause Young (Allocation Failure) 2419M->322M(7918M) 830.441ms
[1104.314s][info][gc,cpu         ] GC(523) User=0.81s Sys=0.00s Real=0.83s
[1106.062s][info][gc,start       ] GC(524) Pause Young (Allocation Failure)
[1106.735s][info][gc,heap        ] GC(524) DefNew: 2463288K(2516544K)->155636K(2516544K) Eden: 2236928K(2236928K)->0K(2236928K) From: 226360K(279616K)->155636K(279616K)
[1106.735s][info][gc,heap        ] GC(524) Tenured: 103503K(5592448K)->103503K(5592448K)
[1106.735s][info][gc,metaspace   ] GC(524) Metaspace: 23023K(23296K)->23023K(23296K) NonClass: 20218K(20352K)->20218K(20352K) Class: 2805K(2944K)->2805K(2944K)
[1106.735s][info][gc             ] GC(524) Pause Young (Allocation Failure) 2506M->253M(7918M) 672.945ms
[1106.735s][info][gc,cpu         ] GC(524) User=0.66s Sys=0.00s Real=0.67s
[1107.584s][info][gc,start       ] GC(525) Pause Full (System.gc())
[1107.584s][info][gc,phases,start] GC(525) Phase 1: Mark live objects
[1107.789s][info][gc,phases      ] GC(525) Phase 1: Mark live objects 204.202ms
[1107.789s][info][gc,phases,start] GC(525) Phase 2: Compute new object addresses
[1107.975s][info][gc,phases      ] GC(525) Phase 2: Compute new object addresses 185.861ms
[1107.975s][info][gc,phases,start] GC(525) Phase 3: Adjust pointers
[1108.115s][info][gc,phases      ] GC(525) Phase 3: Adjust pointers 140.453ms
[1108.115s][info][gc,phases,start] GC(525) Phase 4: Move objects
[1108.197s][info][gc,phases      ] GC(525) Phase 4: Move objects 82.187ms
[1108.197s][info][gc,heap        ] GC(525) DefNew: 1116952K(2516544K)->0K(2516544K) Eden: 961315K(2236928K)->0K(2236928K) From: 155636K(279616K)->0K(279616K)
[1108.197s][info][gc,heap        ] GC(525) Tenured: 103503K(5592448K)->200540K(5592448K)
[1108.197s][info][gc,metaspace   ] GC(525) Metaspace: 23023K(23296K)->23023K(23296K) NonClass: 20218K(20352K)->20218K(20352K) Class: 2805K(2944K)->2805K(2944K)
[1108.197s][info][gc             ] GC(525) Pause Full (System.gc()) 1191M->195M(7918M) 613.126ms
[1108.198s][info][gc,cpu         ] GC(525) User=0.62s Sys=0.00s Real=0.61s
[1109.387s][info][gc,start       ] GC(526) Pause Young (Allocation Failure)
[1110.227s][info][gc,heap        ] GC(526) DefNew: 2236928K(2516544K)->188265K(2516544K) Eden: 2236928K(2236928K)->0K(2236928K) From: 0K(279616K)->188265K(279616K)
[1110.227s][info][gc,heap        ] GC(526) Tenured: 200540K(5592448K)->200540K(5592448K)
[1110.227s][info][gc,metaspace   ] GC(526) Metaspace: 23023K(23296K)->23023K(23296K) NonClass: 20218K(20352K)->20218K(20352K) Class: 2805K(2944K)->2805K(2944K)
[1110.227s][info][gc             ] GC(526) Pause Young (Allocation Failure) 2380M->379M(7918M) 839.610ms
[1110.227s][info][gc,cpu         ] GC(526) User=0.83s Sys=0.00s Real=0.84s
[1112.043s][info][gc,start       ] GC(527) Pause Young (Allocation Failure)
[1112.566s][info][gc,heap        ] GC(527) DefNew: 2425193K(2516544K)->123092K(2516544K) Eden: 2236928K(2236928K)->0K(2236928K) From: 188265K(279616K)->123092K(279616K)
[1112.566s][info][gc,heap        ] GC(527) Tenured: 200540K(5592448K)->200543K(5592448K)
[1112.566s][info][gc,metaspace   ] GC(527) Metaspace: 23023K(23296K)->23023K(23296K) NonClass: 20218K(20352K)->20218K(20352K) Class: 2805K(2944K)->2805K(2944K)
[1112.566s][info][gc             ] GC(527) Pause Young (Allocation Failure) 2564M->316M(7918M) 523.292ms
[1112.566s][info][gc,cpu         ] GC(527) User=0.52s Sys=0.00s Real=0.52s
[1113.796s][info][gc,start       ] GC(528) Pause Young (Allocation Failure)
[1114.721s][info][gc,heap        ] GC(528) DefNew: 2360020K(2516544K)->214303K(2516544K) Eden: 2236928K(2236928K)->0K(2236928K) From: 123092K(279616K)->214303K(279616K)
[1114.721s][info][gc,heap        ] GC(528) Tenured: 200543K(5592448K)->200543K(5592448K)
[1114.721s][info][gc,metaspace   ] GC(528) Metaspace: 23023K(23296K)->23023K(23296K) NonClass: 20218K(20352K)->20218K(20352K) Class: 2805K(2944K)->2805K(2944K)
[1114.721s][info][gc             ] GC(528) Pause Young (Allocation Failure) 2500M->405M(7918M) 925.122ms
[1114.721s][info][gc,cpu         ] GC(528) User=0.91s Sys=0.00s Real=0.92s
[1116.473s][info][gc,start       ] GC(529) Pause Young (Allocation Failure)
[1117.100s][info][gc,heap        ] GC(529) DefNew: 2451231K(2516544K)->148165K(2516544K) Eden: 2236928K(2236928K)->0K(2236928K) From: 214303K(279616K)->148165K(279616K)
[1117.100s][info][gc,heap        ] GC(529) Tenured: 200543K(5592448K)->200543K(5592448K)
[1117.100s][info][gc,metaspace   ] GC(529) Metaspace: 23023K(23296K)->23023K(23296K) NonClass: 20218K(20352K)->20218K(20352K) Class: 2805K(2944K)->2805K(2944K)
[1117.100s][info][gc             ] GC(529) Pause Young (Allocation Failure) 2589M->340M(7918M) 626.632ms
[1117.100s][info][gc,cpu         ] GC(529) User=0.61s Sys=0.02s Real=0.62s
[1118.532s][info][gc,start       ] GC(530) Pause Young (Allocation Failure)
[1119.288s][info][gc,heap        ] GC(530) DefNew: 2385093K(2516544K)->167454K(2516544K) Eden: 2236928K(2236928K)->0K(2236928K) From: 148165K(279616K)->167454K(279616K)
[1119.288s][info][gc,heap        ] GC(530) Tenured: 200543K(5592448K)->204136K(5592448K)
[1119.288s][info][gc,metaspace   ] GC(530) Metaspace: 23023K(23296K)->23023K(23296K) NonClass: 20218K(20352K)->20218K(20352K) Class: 2805K(2944K)->2805K(2944K)
[1119.288s][info][gc             ] GC(530) Pause Young (Allocation Failure) 2525M->362M(7918M) 755.877ms
[1119.288s][info][gc,cpu         ] GC(530) User=0.75s Sys=0.00s Real=0.75s
[1120.975s][info][gc,start       ] GC(531) Pause Young (Allocation Failure)
[1121.780s][info][gc,heap        ] GC(531) DefNew: 2404382K(2516544K)->186429K(2516544K) Eden: 2236928K(2236928K)->0K(2236928K) From: 167454K(279616K)->186429K(279616K)
[1121.780s][info][gc,heap        ] GC(531) Tenured: 204136K(5592448K)->204979K(5592448K)
[1121.780s][info][gc,metaspace   ] GC(531) Metaspace: 23023K(23296K)->23023K(23296K) NonClass: 20218K(20352K)->20218K(20352K) Class: 2805K(2944K)->2805K(2944K)
[1121.780s][info][gc             ] GC(531) Pause Young (Allocation Failure) 2547M->382M(7918M) 805.340ms
[1121.780s][info][gc,cpu         ] GC(531) User=0.81s Sys=0.00s Real=0.82s
[1122.600s][info][gc,start       ] GC(532) Pause Full (System.gc())
[1122.600s][info][gc,phases,start] GC(532) Phase 1: Mark live objects
[1122.772s][info][gc,phases      ] GC(532) Phase 1: Mark live objects 171.980ms
[1122.772s][info][gc,phases,start] GC(532) Phase 2: Compute new object addresses
[1122.927s][info][gc,phases      ] GC(532) Phase 2: Compute new object addresses 154.873ms
[1122.927s][info][gc,phases,start] GC(532) Phase 3: Adjust pointers
[1123.055s][info][gc,phases      ] GC(532) Phase 3: Adjust pointers 128.714ms
[1123.055s][info][gc,phases,start] GC(532) Phase 4: Move objects
[1123.121s][info][gc,phases      ] GC(532) Phase 4: Move objects 65.192ms
[1123.121s][info][gc,heap        ] GC(532) DefNew: 884826K(2516544K)->0K(2516544K) Eden: 698396K(2236928K)->0K(2236928K) From: 186429K(279616K)->0K(279616K)
[1123.121s][info][gc,heap        ] GC(532) Tenured: 204979K(5592448K)->291683K(5592448K)
[1123.121s][info][gc,metaspace   ] GC(532) Metaspace: 23023K(23296K)->23023K(23296K) NonClass: 20218K(20352K)->20218K(20352K) Class: 2805K(2944K)->2805K(2944K)
[1123.121s][info][gc             ] GC(532) Pause Full (System.gc()) 1064M->284M(7918M) 521.207ms
[1123.121s][info][gc,cpu         ] GC(532) User=0.53s Sys=0.00s Real=0.53s
[1124.487s][info][gc,start       ] GC(533) Pause Young (Allocation Failure)
[1125.401s][info][gc,heap        ] GC(533) DefNew: 2236928K(2516544K)->209111K(2516544K) Eden: 2236928K(2236928K)->0K(2236928K) From: 0K(279616K)->209111K(279616K)
[1125.401s][info][gc,heap        ] GC(533) Tenured: 291683K(5592448K)->291683K(5592448K)
[1125.401s][info][gc,metaspace   ] GC(533) Metaspace: 23023K(23296K)->23023K(23296K) NonClass: 20218K(20352K)->20218K(20352K) Class: 2805K(2944K)->2805K(2944K)
[1125.401s][info][gc             ] GC(533) Pause Young (Allocation Failure) 2469M->489M(7918M) 914.454ms
[1125.401s][info][gc,cpu         ] GC(533) User=0.92s Sys=0.00s Real=0.91s
[1127.226s][info][gc,start       ] GC(534) Pause Young (Allocation Failure)
[1127.893s][info][gc,heap        ] GC(534) DefNew: 2446039K(2516544K)->155797K(2516544K) Eden: 2236928K(2236928K)->0K(2236928K) From: 209111K(279616K)->155797K(279616K)
[1127.893s][info][gc,heap        ] GC(534) Tenured: 291683K(5592448K)->291686K(5592448K)
[1127.893s][info][gc,metaspace   ] GC(534) Metaspace: 23023K(23296K)->23023K(23296K) NonClass: 20218K(20352K)->20218K(20352K) Class: 2805K(2944K)->2805K(2944K)
[1127.893s][info][gc             ] GC(534) Pause Young (Allocation Failure) 2673M->436M(7918M) 667.389ms
[1127.893s][info][gc,cpu         ] GC(534) User=0.66s Sys=0.00s Real=0.66s
[1129.270s][info][gc,start       ] GC(535) Pause Young (Allocation Failure)
[1130.106s][info][gc,heap        ] GC(535) DefNew: 2392725K(2516544K)->177940K(2516544K) Eden: 2236928K(2236928K)->0K(2236928K) From: 155797K(279616K)->177940K(279616K)
[1130.106s][info][gc,heap        ] GC(535) Tenured: 291686K(5592448K)->299384K(5592448K)
[1130.106s][info][gc,metaspace   ] GC(535) Metaspace: 23023K(23296K)->23023K(23296K) NonClass: 20218K(20352K)->20218K(20352K) Class: 2805K(2944K)->2805K(2944K)
[1130.106s][info][gc             ] GC(535) Pause Young (Allocation Failure) 2621M->466M(7918M) 835.999ms
[1130.106s][info][gc,cpu         ] GC(535) User=0.84s Sys=0.00s Real=0.84s
[1131.624s][info][gc,start       ] GC(536) Pause Young (Allocation Failure)
[1132.217s][info][gc,heap        ] GC(536) DefNew: 2414868K(2516544K)->137625K(2516544K) Eden: 2236928K(2236928K)->0K(2236928K) From: 177940K(279616K)->137625K(279616K)
[1132.217s][info][gc,heap        ] GC(536) Tenured: 299384K(5592448K)->301865K(5592448K)
[1132.217s][info][gc,metaspace   ] GC(536) Metaspace: 23023K(23296K)->23023K(23296K) NonClass: 20218K(20352K)->20218K(20352K) Class: 2805K(2944K)->2805K(2944K)
[1132.217s][info][gc             ] GC(536) Pause Young (Allocation Failure) 2650M->429M(7918M) 593.279ms
[1132.217s][info][gc,cpu         ] GC(536) User=0.59s Sys=0.00s Real=0.59s
[1133.741s][info][gc,start       ] GC(537) Pause Young (Allocation Failure)
[1134.385s][info][gc,heap        ] GC(537) DefNew: 2374553K(2516544K)->144011K(2516544K) Eden: 2236928K(2236928K)->0K(2236928K) From: 137625K(279616K)->144011K(279616K)
[1134.385s][info][gc,heap        ] GC(537) Tenured: 301865K(5592448K)->301865K(5592448K)
[1134.385s][info][gc,metaspace   ] GC(537) Metaspace: 23024K(23360K)->23024K(23360K) NonClass: 20219K(20416K)->20219K(20416K) Class: 2805K(2944K)->2805K(2944K)
[1134.385s][info][gc             ] GC(537) Pause Young (Allocation Failure) 2613M->435M(7918M) 644.268ms
[1134.385s][info][gc,cpu         ] GC(537) User=0.64s Sys=0.00s Real=0.63s
[1135.994s][info][gc,start       ] GC(538) Pause Young (Allocation Failure)
[1136.855s][info][gc,heap        ] GC(538) DefNew: 2380939K(2516544K)->196709K(2516544K) Eden: 2236928K(2236928K)->0K(2236928K) From: 144011K(279616K)->196709K(279616K)
[1136.855s][info][gc,heap        ] GC(538) Tenured: 301865K(5592448K)->301866K(5592448K)
[1136.855s][info][gc,metaspace   ] GC(538) Metaspace: 23025K(23360K)->23025K(23360K) NonClass: 20220K(20416K)->20220K(20416K) Class: 2805K(2944K)->2805K(2944K)
[1136.855s][info][gc             ] GC(538) Pause Young (Allocation Failure) 2619M->486M(7918M) 860.759ms
[1136.855s][info][gc,cpu         ] GC(538) User=0.86s Sys=0.00s Real=0.85s
[1137.564s][info][gc,start       ] GC(539) Pause Full (System.gc())
[1137.564s][info][gc,phases,start] GC(539) Phase 1: Mark live objects
[1137.768s][info][gc,phases      ] GC(539) Phase 1: Mark live objects 203.673ms
[1137.768s][info][gc,phases,start] GC(539) Phase 2: Compute new object addresses
[1137.914s][info][gc,phases      ] GC(539) Phase 2: Compute new object addresses 146.138ms
[1137.914s][info][gc,phases,start] GC(539) Phase 3: Adjust pointers
[1138.046s][info][gc,phases      ] GC(539) Phase 3: Adjust pointers 131.885ms
[1138.046s][info][gc,phases,start] GC(539) Phase 4: Move objects
[1138.107s][info][gc,phases      ] GC(539) Phase 4: Move objects 61.425ms
[1138.107s][info][gc,heap        ] GC(539) DefNew: 821732K(2516544K)->0K(2516544K) Eden: 625023K(2236928K)->0K(2236928K) From: 196709K(279616K)->0K(279616K)
[1138.107s][info][gc,heap        ] GC(539) Tenured: 301866K(5592448K)->345727K(5592448K)
[1138.107s][info][gc,metaspace   ] GC(539) Metaspace: 23025K(23360K)->23025K(23360K) NonClass: 20220K(20416K)->20220K(20416K) Class: 2805K(2944K)->2805K(2944K)
[1138.107s][info][gc             ] GC(539) Pause Full (System.gc()) 1097M->337M(7918M) 543.587ms
[1138.107s][info][gc,cpu         ] GC(539) User=0.55s Sys=0.00s Real=0.54s
[1139.288s][info][gc,start       ] GC(540) Pause Young (Allocation Failure)
[1140.126s][info][gc,heap        ] GC(540) DefNew: 2236928K(2516544K)->186862K(2516544K) Eden: 2236928K(2236928K)->0K(2236928K) From: 0K(279616K)->186862K(279616K)
[1140.126s][info][gc,heap        ] GC(540) Tenured: 345727K(5592448K)->345727K(5592448K)
[1140.126s][info][gc,metaspace   ] GC(540) Metaspace: 23025K(23360K)->23025K(23360K) NonClass: 20220K(20416K)->20220K(20416K) Class: 2805K(2944K)->2805K(2944K)
[1140.126s][info][gc             ] GC(540) Pause Young (Allocation Failure) 2522M->520M(7918M) 838.271ms
[1140.126s][info][gc,cpu         ] GC(540) User=0.84s Sys=0.00s Real=0.84s
[1141.851s][info][gc,start       ] GC(541) Pause Young (Allocation Failure)
[1142.307s][info][gc,heap        ] GC(541) DefNew: 2423790K(2516544K)->96998K(2516544K) Eden: 2236928K(2236928K)->0K(2236928K) From: 186862K(279616K)->96998K(279616K)
[1142.307s][info][gc,heap        ] GC(541) Tenured: 345727K(5592448K)->345730K(5592448K)
[1142.307s][info][gc,metaspace   ] GC(541) Metaspace: 23025K(23360K)->23025K(23360K) NonClass: 20220K(20416K)->20220K(20416K) Class: 2805K(2944K)->2805K(2944K)
[1142.307s][info][gc             ] GC(541) Pause Young (Allocation Failure) 2704M->432M(7918M) 456.073ms
[1142.307s][info][gc,cpu         ] GC(541) User=0.45s Sys=0.00s Real=0.46s
[1143.559s][info][gc,start       ] GC(542) Pause Young (Allocation Failure)
[1144.395s][info][gc,heap        ] GC(542) DefNew: 2333926K(2516544K)->190607K(2516544K) Eden: 2236928K(2236928K)->0K(2236928K) From: 96998K(279616K)->190607K(279616K)
[1144.395s][info][gc,heap        ] GC(542) Tenured: 345730K(5592448K)->345730K(5592448K)
[1144.395s][info][gc,metaspace   ] GC(542) Metaspace: 23025K(23360K)->23025K(23360K) NonClass: 20220K(20416K)->20220K(20416K) Class: 2805K(2944K)->2805K(2944K)
[1144.395s][info][gc             ] GC(542) Pause Young (Allocation Failure) 2616M->523M(7918M) 835.910ms
[1144.395s][info][gc,cpu         ] GC(542) User=0.81s Sys=0.00s Real=0.84s
[1146.244s][info][gc,start       ] GC(543) Pause Young (Allocation Failure)
[1146.823s][info][gc,heap        ] GC(543) DefNew: 2427535K(2516544K)->136465K(2516544K) Eden: 2236928K(2236928K)->0K(2236928K) From: 190607K(279616K)->136465K(279616K)
[1146.823s][info][gc,heap        ] GC(543) Tenured: 345730K(5592448K)->345730K(5592448K)
[1146.823s][info][gc,metaspace   ] GC(543) Metaspace: 23025K(23360K)->23025K(23360K) NonClass: 20220K(20416K)->20220K(20416K) Class: 2805K(2944K)->2805K(2944K)
[1146.823s][info][gc             ] GC(543) Pause Young (Allocation Failure) 2708M->470M(7918M) 579.642ms
[1146.823s][info][gc,cpu         ] GC(543) User=0.58s Sys=0.00s Real=0.57s
[1148.131s][info][gc,start       ] GC(544) Pause Young (Allocation Failure)
[1149.138s][info][gc,heap        ] GC(544) DefNew: 2373393K(2516544K)->221413K(2516544K) Eden: 2236928K(2236928K)->0K(2236928K) From: 136465K(279616K)->221413K(279616K)
[1149.138s][info][gc,heap        ] GC(544) Tenured: 345730K(5592448K)->345730K(5592448K)
[1149.138s][info][gc,metaspace   ] GC(544) Metaspace: 23025K(23360K)->23025K(23360K) NonClass: 20220K(20416K)->20220K(20416K) Class: 2805K(2944K)->2805K(2944K)
[1149.138s][info][gc             ] GC(544) Pause Young (Allocation Failure) 2655M->553M(7918M) 1007.798ms
[1149.138s][info][gc,cpu         ] GC(544) User=0.98s Sys=0.00s Real=1.01s
[1150.897s][info][gc,start       ] GC(545) Pause Young (Allocation Failure)
[1151.605s][info][gc,heap        ] GC(545) DefNew: 2458341K(2516544K)->164532K(2516544K) Eden: 2236928K(2236928K)->0K(2236928K) From: 221413K(279616K)->164532K(279616K)
[1151.605s][info][gc,heap        ] GC(545) Tenured: 345730K(5592448K)->345730K(5592448K)
[1151.605s][info][gc,metaspace   ] GC(545) Metaspace: 23025K(23360K)->23025K(23360K) NonClass: 20220K(20416K)->20220K(20416K) Class: 2805K(2944K)->2805K(2944K)
[1151.605s][info][gc             ] GC(545) Pause Young (Allocation Failure) 2738M->498M(7918M) 708.364ms
[1151.605s][info][gc,cpu         ] GC(545) User=0.72s Sys=0.00s Real=0.70s
[1152.429s][info][gc,start       ] GC(546) Pause Full (System.gc())
[1152.429s][info][gc,phases,start] GC(546) Phase 1: Mark live objects
[1152.612s][info][gc,phases      ] GC(546) Phase 1: Mark live objects 183.075ms
[1152.612s][info][gc,phases,start] GC(546) Phase 2: Compute new object addresses
[1152.792s][info][gc,phases      ] GC(546) Phase 2: Compute new object addresses 179.753ms
[1152.792s][info][gc,phases,start] GC(546) Phase 3: Adjust pointers
[1152.933s][info][gc,phases      ] GC(546) Phase 3: Adjust pointers 141.034ms
[1152.933s][info][gc,phases,start] GC(546) Phase 4: Move objects
[1153.011s][info][gc,phases      ] GC(546) Phase 4: Move objects 77.848ms
[1153.011s][info][gc,heap        ] GC(546) DefNew: 1068099K(2516544K)->0K(2516544K) Eden: 903567K(2236928K)->0K(2236928K) From: 164532K(279616K)->0K(279616K)
[1153.011s][info][gc,heap        ] GC(546) Tenured: 345730K(5592448K)->103429K(5592448K)
[1153.011s][info][gc,metaspace   ] GC(546) Metaspace: 23025K(23360K)->23025K(23360K) NonClass: 20220K(20416K)->20220K(20416K) Class: 2805K(2944K)->2805K(2944K)
[1153.011s][info][gc             ] GC(546) Pause Full (System.gc()) 1380M->101M(7918M) 582.231ms
[1153.011s][info][gc,cpu         ] GC(546) User=0.58s Sys=0.00s Real=0.59s
[1154.310s][info][gc,start       ] GC(547) Pause Young (Allocation Failure)
[1155.181s][info][gc,heap        ] GC(547) DefNew: 2236928K(2516544K)->201886K(2516544K) Eden: 2236928K(2236928K)->0K(2236928K) From: 0K(279616K)->201886K(279616K)
[1155.181s][info][gc,heap        ] GC(547) Tenured: 103429K(5592448K)->103429K(5592448K)
[1155.181s][info][gc,metaspace   ] GC(547) Metaspace: 23025K(23360K)->23025K(23360K) NonClass: 20220K(20416K)->20220K(20416K) Class: 2805K(2944K)->2805K(2944K)
[1155.181s][info][gc             ] GC(547) Pause Young (Allocation Failure) 2285M->298M(7918M) 871.213ms
[1155.181s][info][gc,cpu         ] GC(547) User=0.84s Sys=0.02s Real=0.86s
[1156.992s][info][gc,start       ] GC(548) Pause Young (Allocation Failure)
[1157.568s][info][gc,heap        ] GC(548) DefNew: 2438814K(2516544K)->136282K(2516544K) Eden: 2236928K(2236928K)->0K(2236928K) From: 201886K(279616K)->136282K(279616K)
[1157.568s][info][gc,heap        ] GC(548) Tenured: 103429K(5592448K)->103430K(5592448K)
[1157.568s][info][gc,metaspace   ] GC(548) Metaspace: 23025K(23360K)->23025K(23360K) NonClass: 20220K(20416K)->20220K(20416K) Class: 2805K(2944K)->2805K(2944K)
[1157.568s][info][gc             ] GC(548) Pause Young (Allocation Failure) 2482M->234M(7918M) 575.596ms
[1157.568s][info][gc,cpu         ] GC(548) User=0.56s Sys=0.00s Real=0.58s
[1158.922s][info][gc,start       ] GC(549) Pause Young (Allocation Failure)
[1159.911s][info][gc,heap        ] GC(549) DefNew: 2373210K(2516544K)->217064K(2516544K) Eden: 2236928K(2236928K)->0K(2236928K) From: 136282K(279616K)->217064K(279616K)
[1159.911s][info][gc,heap        ] GC(549) Tenured: 103430K(5592448K)->103430K(5592448K)
[1159.911s][info][gc,metaspace   ] GC(549) Metaspace: 23025K(23360K)->23025K(23360K) NonClass: 20220K(20416K)->20220K(20416K) Class: 2805K(2944K)->2805K(2944K)
[1159.911s][info][gc             ] GC(549) Pause Young (Allocation Failure) 2418M->312M(7918M) 988.584ms
[1159.911s][info][gc,cpu         ] GC(549) User=0.98s Sys=0.00s Real=0.99s
[1161.637s][info][gc,start       ] GC(550) Pause Young (Allocation Failure)
[1162.375s][info][gc,heap        ] GC(550) DefNew: 2453992K(2516544K)->170419K(2516544K) Eden: 2236928K(2236928K)->0K(2236928K) From: 217064K(279616K)->170419K(279616K)
[1162.375s][info][gc,heap        ] GC(550) Tenured: 103430K(5592448K)->103430K(5592448K)
[1162.375s][info][gc,metaspace   ] GC(550) Metaspace: 23025K(23360K)->23025K(23360K) NonClass: 20220K(20416K)->20220K(20416K) Class: 2805K(2944K)->2805K(2944K)
[1162.375s][info][gc             ] GC(550) Pause Young (Allocation Failure) 2497M->267M(7918M) 737.932ms
[1162.375s][info][gc,cpu         ] GC(550) User=0.72s Sys=0.00s Real=0.73s
[1164.234s][info][gc,start       ] GC(551) Pause Young (Allocation Failure)
[1164.669s][info][gc,heap        ] GC(551) DefNew: 2407347K(2516544K)->99373K(2516544K) Eden: 2236928K(2236928K)->0K(2236928K) From: 170419K(279616K)->99373K(279616K)
[1164.669s][info][gc,heap        ] GC(551) Tenured: 103430K(5592448K)->103431K(5592448K)
[1164.669s][info][gc,metaspace   ] GC(551) Metaspace: 23025K(23360K)->23025K(23360K) NonClass: 20220K(20416K)->20220K(20416K) Class: 2805K(2944K)->2805K(2944K)
[1164.669s][info][gc             ] GC(551) Pause Young (Allocation Failure) 2451M->198M(7918M) 434.627ms
[1164.669s][info][gc,cpu         ] GC(551) User=0.44s Sys=0.00s Real=0.43s
[1165.932s][info][gc,start       ] GC(552) Pause Young (Allocation Failure)
[1166.764s][info][gc,heap        ] GC(552) DefNew: 2336301K(2516544K)->190526K(2516544K) Eden: 2236928K(2236928K)->0K(2236928K) From: 99373K(279616K)->190526K(279616K)
[1166.764s][info][gc,heap        ] GC(552) Tenured: 103431K(5592448K)->103431K(5592448K)
[1166.764s][info][gc,metaspace   ] GC(552) Metaspace: 23025K(23360K)->23025K(23360K) NonClass: 20220K(20416K)->20220K(20416K) Class: 2805K(2944K)->2805K(2944K)
[1166.764s][info][gc             ] GC(552) Pause Young (Allocation Failure) 2382M->287M(7918M) 832.085ms
[1166.764s][info][gc,cpu         ] GC(552) User=0.83s Sys=0.00s Real=0.83s
[1167.501s][info][gc,start       ] GC(553) Pause Full (System.gc())
[1167.501s][info][gc,phases,start] GC(553) Phase 1: Mark live objects
[1167.688s][info][gc,phases      ] GC(553) Phase 1: Mark live objects 187.356ms
[1167.689s][info][gc,phases,start] GC(553) Phase 2: Compute new object addresses
[1167.829s][info][gc,phases      ] GC(553) Phase 2: Compute new object addresses 140.791ms
[1167.829s][info][gc,phases,start] GC(553) Phase 3: Adjust pointers
[1167.960s][info][gc,phases      ] GC(553) Phase 3: Adjust pointers 131.055ms
[1167.960s][info][gc,phases,start] GC(553) Phase 4: Move objects
[1168.021s][info][gc,phases      ] GC(553) Phase 4: Move objects 60.671ms
[1168.021s][info][gc,heap        ] GC(553) DefNew: 788359K(2516544K)->0K(2516544K) Eden: 597833K(2236928K)->0K(2236928K) From: 190526K(279616K)->0K(279616K)
[1168.021s][info][gc,heap        ] GC(553) Tenured: 103431K(5592448K)->200570K(5592448K)
[1168.021s][info][gc,metaspace   ] GC(553) Metaspace: 23025K(23360K)->23025K(23360K) NonClass: 20220K(20416K)->20220K(20416K) Class: 2805K(2944K)->2805K(2944K)
[1168.021s][info][gc             ] GC(553) Pause Full (System.gc()) 870M->195M(7918M) 520.258ms
[1168.021s][info][gc,cpu         ] GC(553) User=0.52s Sys=0.00s Real=0.51s
[1169.371s][info][gc,start       ] GC(554) Pause Young (Allocation Failure)
[1170.256s][info][gc,heap        ] GC(554) DefNew: 2236928K(2516544K)->201517K(2516544K) Eden: 2236928K(2236928K)->0K(2236928K) From: 0K(279616K)->201517K(279616K)
[1170.256s][info][gc,heap        ] GC(554) Tenured: 200570K(5592448K)->200570K(5592448K)
[1170.256s][info][gc,metaspace   ] GC(554) Metaspace: 23025K(23360K)->23025K(23360K) NonClass: 20220K(20416K)->20220K(20416K) Class: 2805K(2944K)->2805K(2944K)
[1170.256s][info][gc             ] GC(554) Pause Young (Allocation Failure) 2380M->392M(7918M) 885.467ms
[1170.256s][info][gc,cpu         ] GC(554) User=0.88s Sys=0.00s Real=0.89s
[1172.082s][info][gc,start       ] GC(555) Pause Young (Allocation Failure)
[1172.694s][info][gc,heap        ] GC(555) DefNew: 2438445K(2516544K)->142997K(2516544K) Eden: 2236928K(2236928K)->0K(2236928K) From: 201517K(279616K)->142997K(279616K)
[1172.694s][info][gc,heap        ] GC(555) Tenured: 200570K(5592448K)->200572K(5592448K)
[1172.694s][info][gc,metaspace   ] GC(555) Metaspace: 23025K(23360K)->23025K(23360K) NonClass: 20220K(20416K)->20220K(20416K) Class: 2805K(2944K)->2805K(2944K)
[1172.694s][info][gc             ] GC(555) Pause Young (Allocation Failure) 2577M->335M(7918M) 611.477ms
[1172.694s][info][gc,cpu         ] GC(555) User=0.61s Sys=0.00s Real=0.61s
[1174.179s][info][gc,start       ] GC(556) Pause Young (Allocation Failure)
[1174.941s][info][gc,heap        ] GC(556) DefNew: 2379925K(2516544K)->167866K(2516544K) Eden: 2236928K(2236928K)->0K(2236928K) From: 142997K(279616K)->167866K(279616K)
[1174.941s][info][gc,heap        ] GC(556) Tenured: 200572K(5592448K)->203556K(5592448K)
[1174.941s][info][gc,metaspace   ] GC(556) Metaspace: 23025K(23360K)->23025K(23360K) NonClass: 20220K(20416K)->20220K(20416K) Class: 2805K(2944K)->2805K(2944K)
[1174.941s][info][gc             ] GC(556) Pause Young (Allocation Failure) 2520M->362M(7918M) 762.298ms
[1174.941s][info][gc,cpu         ] GC(556) User=0.75s Sys=0.00s Real=0.76s
[1176.478s][info][gc,start       ] GC(557) Pause Young (Allocation Failure)
[1177.183s][info][gc,heap        ] GC(557) DefNew: 2404794K(2516544K)->160345K(2516544K) Eden: 2236928K(2236928K)->0K(2236928K) From: 167866K(279616K)->160345K(279616K)
[1177.183s][info][gc,heap        ] GC(557) Tenured: 203556K(5592448K)->204545K(5592448K)
[1177.183s][info][gc,metaspace   ] GC(557) Metaspace: 23025K(23360K)->23025K(23360K) NonClass: 20220K(20416K)->20220K(20416K) Class: 2805K(2944K)->2805K(2944K)
[1177.183s][info][gc             ] GC(557) Pause Young (Allocation Failure) 2547M->356M(7918M) 705.025ms
[1177.183s][info][gc,cpu         ] GC(557) User=0.69s Sys=0.02s Real=0.70s
[1178.966s][info][gc,start       ] GC(558) Pause Young (Allocation Failure)
[1179.419s][info][gc,heap        ] GC(558) DefNew: 2397273K(2516544K)->103006K(2516544K) Eden: 2236928K(2236928K)->0K(2236928K) From: 160345K(279616K)->103006K(279616K)
[1179.419s][info][gc,heap        ] GC(558) Tenured: 204545K(5592448K)->204546K(5592448K)
[1179.419s][info][gc,metaspace   ] GC(558) Metaspace: 23025K(23360K)->23025K(23360K) NonClass: 20220K(20416K)->20220K(20416K) Class: 2805K(2944K)->2805K(2944K)
[1179.419s][info][gc             ] GC(558) Pause Young (Allocation Failure) 2540M->300M(7918M) 453.024ms
[1179.419s][info][gc,cpu         ] GC(558) User=0.45s Sys=0.00s Real=0.45s
[1180.765s][info][gc,start       ] GC(559) Pause Young (Allocation Failure)
[1181.638s][info][gc,heap        ] GC(559) DefNew: 2339934K(2516544K)->196844K(2516544K) Eden: 2236928K(2236928K)->0K(2236928K) From: 103006K(279616K)->196844K(279616K)
[1181.638s][info][gc,heap        ] GC(559) Tenured: 204546K(5592448K)->204546K(5592448K)
[1181.638s][info][gc,metaspace   ] GC(559) Metaspace: 23025K(23360K)->23025K(23360K) NonClass: 20220K(20416K)->20220K(20416K) Class: 2805K(2944K)->2805K(2944K)
[1181.638s][info][gc             ] GC(559) Pause Young (Allocation Failure) 2484M->391M(7918M) 873.785ms
[1181.638s][info][gc,cpu         ] GC(559) User=0.86s Sys=0.00s Real=0.86s
[1182.366s][info][gc,start       ] GC(560) Pause Full (System.gc())
[1182.366s][info][gc,phases,start] GC(560) Phase 1: Mark live objects
[1182.555s][info][gc,phases      ] GC(560) Phase 1: Mark live objects 189.105ms
[1182.555s][info][gc,phases,start] GC(560) Phase 2: Compute new object addresses
[1182.704s][info][gc,phases      ] GC(560) Phase 2: Compute new object addresses 148.337ms
[1182.704s][info][gc,phases,start] GC(560) Phase 3: Adjust pointers
[1182.839s][info][gc,phases      ] GC(560) Phase 3: Adjust pointers 135.687ms
[1182.839s][info][gc,phases,start] GC(560) Phase 4: Move objects
[1182.903s][info][gc,phases      ] GC(560) Phase 4: Move objects 63.653ms
[1182.903s][info][gc,heap        ] GC(560) DefNew: 842431K(2516544K)->0K(2516544K) Eden: 645586K(2236928K)->0K(2236928K) From: 196844K(279616K)->0K(279616K)
[1182.903s][info][gc,heap        ] GC(560) Tenured: 204546K(5592448K)->301464K(5592448K)
[1182.903s][info][gc,metaspace   ] GC(560) Metaspace: 23025K(23360K)->23025K(23360K) NonClass: 20220K(20416K)->20220K(20416K) Class: 2805K(2944K)->2805K(2944K)
[1182.903s][info][gc             ] GC(560) Pause Full (System.gc()) 1022M->294M(7918M) 537.219ms
[1182.903s][info][gc,cpu         ] GC(560) User=0.53s Sys=0.03s Real=0.55s
[1184.068s][info][gc,start       ] GC(561) Pause Young (Allocation Failure)
[1184.897s][info][gc,heap        ] GC(561) DefNew: 2236928K(2516544K)->186513K(2516544K) Eden: 2236928K(2236928K)->0K(2236928K) From: 0K(279616K)->186513K(279616K)
[1184.897s][info][gc,heap        ] GC(561) Tenured: 301464K(5592448K)->301464K(5592448K)
[1184.897s][info][gc,metaspace   ] GC(561) Metaspace: 23025K(23360K)->23025K(23360K) NonClass: 20220K(20416K)->20220K(20416K) Class: 2805K(2944K)->2805K(2944K)
[1184.897s][info][gc             ] GC(561) Pause Young (Allocation Failure) 2478M->476M(7918M) 829.025ms
[1184.897s][info][gc,cpu         ] GC(561) User=0.81s Sys=0.02s Real=0.83s
[1186.598s][info][gc,start       ] GC(562) Pause Young (Allocation Failure)
[1187.053s][info][gc,heap        ] GC(562) DefNew: 2423441K(2516544K)->100518K(2516544K) Eden: 2236928K(2236928K)->0K(2236928K) From: 186513K(279616K)->100518K(279616K)
[1187.053s][info][gc,heap        ] GC(562) Tenured: 301464K(5592448K)->301466K(5592448K)
[1187.053s][info][gc,metaspace   ] GC(562) Metaspace: 23025K(23360K)->23025K(23360K) NonClass: 20220K(20416K)->20220K(20416K) Class: 2805K(2944K)->2805K(2944K)
[1187.053s][info][gc             ] GC(562) Pause Young (Allocation Failure) 2661M->392M(7918M) 454.980ms
[1187.053s][info][gc,cpu         ] GC(562) User=0.45s Sys=0.00s Real=0.45s
[1188.260s][info][gc,start       ] GC(563) Pause Young (Allocation Failure)
[1189.121s][info][gc,heap        ] GC(563) DefNew: 2337446K(2516544K)->194619K(2516544K) Eden: 2236928K(2236928K)->0K(2236928K) From: 100518K(279616K)->194619K(279616K)
[1189.121s][info][gc,heap        ] GC(563) Tenured: 301466K(5592448K)->301466K(5592448K)
[1189.121s][info][gc,metaspace   ] GC(563) Metaspace: 23025K(23360K)->23025K(23360K) NonClass: 20220K(20416K)->20220K(20416K) Class: 2805K(2944K)->2805K(2944K)
[1189.121s][info][gc             ] GC(563) Pause Young (Allocation Failure) 2577M->484M(7918M) 860.619ms
[1189.121s][info][gc,cpu         ] GC(563) User=0.86s Sys=0.00s Real=0.86s
[1190.951s][info][gc,start       ] GC(564) Pause Young (Allocation Failure)
[1191.548s][info][gc,heap        ] GC(564) DefNew: 2431547K(2516544K)->138434K(2516544K) Eden: 2236928K(2236928K)->0K(2236928K) From: 194619K(279616K)->138434K(279616K)
[1191.548s][info][gc,heap        ] GC(564) Tenured: 301466K(5592448K)->301466K(5592448K)
[1191.548s][info][gc,metaspace   ] GC(564) Metaspace: 23025K(23360K)->23025K(23360K) NonClass: 20220K(20416K)->20220K(20416K) Class: 2805K(2944K)->2805K(2944K)
[1191.548s][info][gc             ] GC(564) Pause Young (Allocation Failure) 2668M->429M(7918M) 596.938ms
[1191.548s][info][gc,cpu         ] GC(564) User=0.59s Sys=0.00s Real=0.60s
[1192.934s][info][gc,start       ] GC(565) Pause Young (Allocation Failure)
[1193.857s][info][gc,heap        ] GC(565) DefNew: 2375362K(2516544K)->202829K(2516544K) Eden: 2236928K(2236928K)->0K(2236928K) From: 138434K(279616K)->202829K(279616K)
[1193.857s][info][gc,heap        ] GC(565) Tenured: 301466K(5592448K)->301466K(5592448K)
[1193.857s][info][gc,metaspace   ] GC(565) Metaspace: 23025K(23360K)->23025K(23360K) NonClass: 20220K(20416K)->20220K(20416K) Class: 2805K(2944K)->2805K(2944K)
[1193.857s][info][gc             ] GC(565) Pause Young (Allocation Failure) 2614M->492M(7918M) 923.036ms
[1193.857s][info][gc,cpu         ] GC(565) User=0.88s Sys=0.00s Real=0.92s
[1195.456s][info][gc,start       ] GC(566) Pause Young (Allocation Failure)
[1196.133s][info][gc,heap        ] GC(566) DefNew: 2439757K(2516544K)->154620K(2516544K) Eden: 2236928K(2236928K)->0K(2236928K) From: 202829K(279616K)->154620K(279616K)
[1196.133s][info][gc,heap        ] GC(566) Tenured: 301466K(5592448K)->301466K(5592448K)
[1196.133s][info][gc,metaspace   ] GC(566) Metaspace: 23025K(23360K)->23025K(23360K) NonClass: 20220K(20416K)->20220K(20416K) Class: 2805K(2944K)->2805K(2944K)
[1196.133s][info][gc             ] GC(566) Pause Young (Allocation Failure) 2676M->445M(7918M) 676.557ms
[1196.133s][info][gc,cpu         ] GC(566) User=0.69s Sys=0.00s Real=0.68s
[1196.927s][info][gc,start       ] GC(567) Pause Full (System.gc())
[1196.927s][info][gc,phases,start] GC(567) Phase 1: Mark live objects
[1197.107s][info][gc,phases      ] GC(567) Phase 1: Mark live objects 179.549ms
[1197.107s][info][gc,phases,start] GC(567) Phase 2: Compute new object addresses
[1197.289s][info][gc,phases      ] GC(567) Phase 2: Compute new object addresses 182.029ms
[1197.289s][info][gc,phases,start] GC(567) Phase 3: Adjust pointers
[1197.430s][info][gc,phases      ] GC(567) Phase 3: Adjust pointers 140.588ms
[1197.430s][info][gc,phases,start] GC(567) Phase 4: Move objects
[1197.509s][info][gc,phases      ] GC(567) Phase 4: Move objects 79.437ms
[1197.509s][info][gc,heap        ] GC(567) DefNew: 1075917K(2516544K)->0K(2516544K) Eden: 921297K(2236928K)->0K(2236928K) From: 154620K(279616K)->0K(279616K)
[1197.509s][info][gc,heap        ] GC(567) Tenured: 301466K(5592448K)->344144K(5592448K)
[1197.509s][info][gc,metaspace   ] GC(567) Metaspace: 23025K(23360K)->23025K(23360K) NonClass: 20220K(20416K)->20220K(20416K) Class: 2805K(2944K)->2805K(2944K)
[1197.509s][info][gc             ] GC(567) Pause Full (System.gc()) 1345M->336M(7918M) 582.063ms
[1197.509s][info][gc,cpu         ] GC(567) User=0.59s Sys=0.00s Real=0.60s
[1198.760s][info][gc,start       ] GC(568) Pause Young (Allocation Failure)
[1199.629s][info][gc,heap        ] GC(568) DefNew: 2236928K(2516544K)->195380K(2516544K) Eden: 2236928K(2236928K)->0K(2236928K) From: 0K(279616K)->195380K(279616K)
[1199.629s][info][gc,heap        ] GC(568) Tenured: 344144K(5592448K)->344144K(5592448K)
[1199.629s][info][gc,metaspace   ] GC(568) Metaspace: 23025K(23360K)->23025K(23360K) NonClass: 20220K(20416K)->20220K(20416K) Class: 2805K(2944K)->2805K(2944K)
[1199.629s][info][gc             ] GC(568) Pause Young (Allocation Failure) 2520M->526M(7918M) 868.562ms
[1199.629s][info][gc,cpu         ] GC(568) User=0.86s Sys=0.00s Real=0.86s
[1201.237s][info][gc,start       ] GC(569) Pause Young (Allocation Failure)
[1201.742s][info][gc,heap        ] GC(569) DefNew: 2432308K(2516544K)->115510K(2516544K) Eden: 2236928K(2236928K)->0K(2236928K) From: 195380K(279616K)->115510K(279616K)
[1201.742s][info][gc,heap        ] GC(569) Tenured: 344144K(5592448K)->344145K(5592448K)
[1201.742s][info][gc,metaspace   ] GC(569) Metaspace: 23025K(23360K)->23025K(23360K) NonClass: 20220K(20416K)->20220K(20416K) Class: 2805K(2944K)->2805K(2944K)
[1201.742s][info][gc             ] GC(569) Pause Young (Allocation Failure) 2711M->448M(7918M) 505.245ms
[1201.742s][info][gc,cpu         ] GC(569) User=0.52s Sys=0.00s Real=0.49s
[1202.918s][info][gc,start       ] GC(570) Pause Young (Allocation Failure)
[1203.837s][info][gc,heap        ] GC(570) DefNew: 2352438K(2516544K)->204844K(2516544K) Eden: 2236928K(2236928K)->0K(2236928K) From: 115510K(279616K)->204844K(279616K)
[1203.837s][info][gc,heap        ] GC(570) Tenured: 344145K(5592448K)->344145K(5592448K)
[1203.837s][info][gc,metaspace   ] GC(570) Metaspace: 23025K(23360K)->23025K(23360K) NonClass: 20220K(20416K)->20220K(20416K) Class: 2805K(2944K)->2805K(2944K)
[1203.837s][info][gc             ] GC(570) Pause Young (Allocation Failure) 2633M->536M(7918M) 919.049ms
[1203.837s][info][gc,cpu         ] GC(570) User=0.92s Sys=0.00s Real=0.91s
[1205.601s][info][gc,start       ] GC(571) Pause Young (Allocation Failure)
[1206.174s][info][gc,heap        ] GC(571) DefNew: 2441772K(2516544K)->133085K(2516544K) Eden: 2236928K(2236928K)->0K(2236928K) From: 204844K(279616K)->133085K(279616K)
[1206.174s][info][gc,heap        ] GC(571) Tenured: 344145K(5592448K)->344145K(5592448K)
[1206.174s][info][gc,metaspace   ] GC(571) Metaspace: 23025K(23360K)->23025K(23360K) NonClass: 20220K(20416K)->20220K(20416K) Class: 2805K(2944K)->2805K(2944K)
[1206.174s][info][gc             ] GC(571) Pause Young (Allocation Failure) 2720M->466M(7918M) 572.571ms
[1206.174s][info][gc,cpu         ] GC(571) User=0.56s Sys=0.00s Real=0.57s
[1207.374s][info][gc,start       ] GC(572) Pause Young (Allocation Failure)
[1208.374s][info][gc,heap        ] GC(572) DefNew: 2370013K(2516544K)->223369K(2516544K) Eden: 2236928K(2236928K)->0K(2236928K) From: 133085K(279616K)->223369K(279616K)
[1208.374s][info][gc,heap        ] GC(572) Tenured: 344145K(5592448K)->344145K(5592448K)
[1208.374s][info][gc,metaspace   ] GC(572) Metaspace: 23025K(23360K)->23025K(23360K) NonClass: 20220K(20416K)->20220K(20416K) Class: 2805K(2944K)->2805K(2944K)
[1208.374s][info][gc             ] GC(572) Pause Young (Allocation Failure) 2650M->554M(7918M) 1000.706ms
[1208.374s][info][gc,cpu         ] GC(572) User=1.00s Sys=0.00s Real=1.00s
[1210.160s][info][gc,start       ] GC(573) Pause Young (Allocation Failure)
[1210.861s][info][gc,heap        ] GC(573) DefNew: 2460297K(2516544K)->165233K(2516544K) Eden: 2236928K(2236928K)->0K(2236928K) From: 223369K(279616K)->165233K(279616K)
[1210.861s][info][gc,heap        ] GC(573) Tenured: 344145K(5592448K)->344146K(5592448K)
[1210.861s][info][gc,metaspace   ] GC(573) Metaspace: 23025K(23360K)->23025K(23360K) NonClass: 20220K(20416K)->20220K(20416K) Class: 2805K(2944K)->2805K(2944K)
[1210.861s][info][gc             ] GC(573) Pause Young (Allocation Failure) 2738M->497M(7918M) 701.899ms
[1210.861s][info][gc,cpu         ] GC(573) User=0.69s Sys=0.00s Real=0.70s
[1211.616s][info][gc,start       ] GC(574) Pause Full (System.gc())
[1211.616s][info][gc,phases,start] GC(574) Phase 1: Mark live objects
[1211.802s][info][gc,phases      ] GC(574) Phase 1: Mark live objects 185.956ms
[1211.802s][info][gc,phases,start] GC(574) Phase 2: Compute new object addresses
[1211.980s][info][gc,phases      ] GC(574) Phase 2: Compute new object addresses 178.779ms
[1211.980s][info][gc,phases,start] GC(574) Phase 3: Adjust pointers
[1212.119s][info][gc,phases      ] GC(574) Phase 3: Adjust pointers 138.867ms
[1212.119s][info][gc,phases,start] GC(574) Phase 4: Move objects
[1212.196s][info][gc,phases      ] GC(574) Phase 4: Move objects 76.898ms
[1212.196s][info][gc,heap        ] GC(574) DefNew: 1068686K(2516544K)->0K(2516544K) Eden: 903452K(2236928K)->0K(2236928K) From: 165233K(279616K)->0K(279616K)
[1212.196s][info][gc,heap        ] GC(574) Tenured: 344146K(5592448K)->103614K(5592448K)
[1212.196s][info][gc,metaspace   ] GC(574) Metaspace: 23025K(23360K)->23025K(23360K) NonClass: 20220K(20416K)->20220K(20416K) Class: 2805K(2944K)->2805K(2944K)
[1212.196s][info][gc             ] GC(574) Pause Full (System.gc()) 1379M->101M(7918M) 580.958ms
[1212.196s][info][gc,cpu         ] GC(574) User=0.59s Sys=0.00s Real=0.59s
[1213.559s][info][gc,start       ] GC(575) Pause Young (Allocation Failure)
[1214.456s][info][gc,heap        ] GC(575) DefNew: 2236928K(2516544K)->205081K(2516544K) Eden: 2236928K(2236928K)->0K(2236928K) From: 0K(279616K)->205081K(279616K)
[1214.456s][info][gc,heap        ] GC(575) Tenured: 103614K(5592448K)->103614K(5592448K)
[1214.456s][info][gc,metaspace   ] GC(575) Metaspace: 23025K(23360K)->23025K(23360K) NonClass: 20220K(20416K)->20220K(20416K) Class: 2805K(2944K)->2805K(2944K)
[1214.456s][info][gc             ] GC(575) Pause Young (Allocation Failure) 2285M->301M(7918M) 896.872ms
[1214.456s][info][gc,cpu         ] GC(575) User=0.89s Sys=0.00s Real=0.89s
[1216.168s][info][gc,start       ] GC(576) Pause Young (Allocation Failure)
[1216.739s][info][gc,heap        ] GC(576) DefNew: 2442009K(2516544K)->130718K(2516544K) Eden: 2236928K(2236928K)->0K(2236928K) From: 205081K(279616K)->130718K(279616K)
[1216.739s][info][gc,heap        ] GC(576) Tenured: 103614K(5592448K)->103616K(5592448K)
[1216.739s][info][gc,metaspace   ] GC(576) Metaspace: 23027K(23360K)->23027K(23360K) NonClass: 20221K(20416K)->20221K(20416K) Class: 2805K(2944K)->2805K(2944K)
[1216.739s][info][gc             ] GC(576) Pause Young (Allocation Failure) 2485M->228M(7918M) 571.189ms
[1216.739s][info][gc,cpu         ] GC(576) User=0.53s Sys=0.02s Real=0.58s
[1218.032s][info][gc,start       ] GC(577) Pause Young (Allocation Failure)
[1219.042s][info][gc,heap        ] GC(577) DefNew: 2367646K(2516544K)->225456K(2516544K) Eden: 2236928K(2236928K)->0K(2236928K) From: 130718K(279616K)->225456K(279616K)
[1219.042s][info][gc,heap        ] GC(577) Tenured: 103616K(5592448K)->103616K(5592448K)
[1219.042s][info][gc,metaspace   ] GC(577) Metaspace: 23027K(23360K)->23027K(23360K) NonClass: 20221K(20416K)->20221K(20416K) Class: 2805K(2944K)->2805K(2944K)
[1219.042s][info][gc             ] GC(577) Pause Young (Allocation Failure) 2413M->321M(7918M) 1010.150ms
[1219.042s][info][gc,cpu         ] GC(577) User=1.00s Sys=0.00s Real=1.00s
[1220.857s][info][gc,start       ] GC(578) Pause Young (Allocation Failure)
[1221.585s][info][gc,heap        ] GC(578) DefNew: 2462384K(2516544K)->174135K(2516544K) Eden: 2236928K(2236928K)->0K(2236928K) From: 225456K(279616K)->174135K(279616K)
[1221.585s][info][gc,heap        ] GC(578) Tenured: 103616K(5592448K)->103616K(5592448K)
[1221.585s][info][gc,metaspace   ] GC(578) Metaspace: 23027K(23360K)->23027K(23360K) NonClass: 20221K(20416K)->20221K(20416K) Class: 2805K(2944K)->2805K(2944K)
[1221.585s][info][gc             ] GC(578) Pause Young (Allocation Failure) 2505M->271M(7918M) 727.282ms
[1221.585s][info][gc,cpu         ] GC(578) User=0.72s Sys=0.00s Real=0.72s
[1223.029s][info][gc,start       ] GC(579) Pause Young (Allocation Failure)
[1223.529s][info][gc,heap        ] GC(579) DefNew: 2411063K(2516544K)->108777K(2516544K) Eden: 2236928K(2236928K)->0K(2236928K) From: 174135K(279616K)->108777K(279616K)
[1223.529s][info][gc,heap        ] GC(579) Tenured: 103616K(5592448K)->103696K(5592448K)
[1223.529s][info][gc,metaspace   ] GC(579) Metaspace: 23027K(23360K)->23027K(23360K) NonClass: 20221K(20416K)->20221K(20416K) Class: 2805K(2944K)->2805K(2944K)
[1223.529s][info][gc             ] GC(579) Pause Young (Allocation Failure) 2455M->207M(7918M) 500.771ms
[1223.529s][info][gc,cpu         ] GC(579) User=0.50s Sys=0.00s Real=0.50s
[1224.954s][info][gc,start       ] GC(580) Pause Young (Allocation Failure)
[1225.816s][info][gc,heap        ] GC(580) DefNew: 2345705K(2516544K)->196356K(2516544K) Eden: 2236928K(2236928K)->0K(2236928K) From: 108777K(279616K)->196356K(279616K)
[1225.816s][info][gc,heap        ] GC(580) Tenured: 103696K(5592448K)->103696K(5592448K)
[1225.816s][info][gc,metaspace   ] GC(580) Metaspace: 23027K(23360K)->23027K(23360K) NonClass: 20221K(20416K)->20221K(20416K) Class: 2805K(2944K)->2805K(2944K)
[1225.816s][info][gc             ] GC(580) Pause Young (Allocation Failure) 2391M->293M(7918M) 861.601ms
[1225.816s][info][gc,cpu         ] GC(580) User=0.86s Sys=0.00s Real=0.86s
[1226.513s][info][gc,start       ] GC(581) Pause Full (System.gc())
[1226.513s][info][gc,phases,start] GC(581) Phase 1: Mark live objects
[1226.702s][info][gc,phases      ] GC(581) Phase 1: Mark live objects 188.181ms
[1226.702s][info][gc,phases,start] GC(581) Phase 2: Compute new object addresses
[1226.848s][info][gc,phases      ] GC(581) Phase 2: Compute new object addresses 146.147ms
[1226.848s][info][gc,phases,start] GC(581) Phase 3: Adjust pointers
[1226.981s][info][gc,phases      ] GC(581) Phase 3: Adjust pointers 132.721ms
[1226.981s][info][gc,phases,start] GC(581) Phase 4: Move objects
[1227.042s][info][gc,phases      ] GC(581) Phase 4: Move objects 61.679ms
[1227.042s][info][gc,heap        ] GC(581) DefNew: 814061K(2516544K)->0K(2516544K) Eden: 617705K(2236928K)->0K(2236928K) From: 196356K(279616K)->0K(279616K)
[1227.042s][info][gc,heap        ] GC(581) Tenured: 103696K(5592448K)->200702K(5592448K)
[1227.042s][info][gc,metaspace   ] GC(581) Metaspace: 23028K(23360K)->23028K(23360K) NonClass: 20223K(20416K)->20223K(20416K) Class: 2805K(2944K)->2805K(2944K)
[1227.042s][info][gc             ] GC(581) Pause Full (System.gc()) 896M->195M(7918M) 529.140ms
[1227.042s][info][gc,cpu         ] GC(581) User=0.50s Sys=0.03s Real=0.54s
[1228.218s][info][gc,start       ] GC(582) Pause Young (Allocation Failure)
[1229.043s][info][gc,heap        ] GC(582) DefNew: 2236928K(2516544K)->184892K(2516544K) Eden: 2236928K(2236928K)->0K(2236928K) From: 0K(279616K)->184892K(279616K)
[1229.043s][info][gc,heap        ] GC(582) Tenured: 200702K(5592448K)->200702K(5592448K)
[1229.043s][info][gc,metaspace   ] GC(582) Metaspace: 23028K(23360K)->23028K(23360K) NonClass: 20223K(20416K)->20223K(20416K) Class: 2805K(2944K)->2805K(2944K)
[1229.043s][info][gc             ] GC(582) Pause Young (Allocation Failure) 2380M->376M(7918M) 824.507ms
[1229.043s][info][gc,cpu         ] GC(582) User=0.83s Sys=0.00s Real=0.81s
[1230.877s][info][gc,start       ] GC(583) Pause Young (Allocation Failure)
[1231.398s][info][gc,heap        ] GC(583) DefNew: 2421820K(2516544K)->122886K(2516544K) Eden: 2236928K(2236928K)->0K(2236928K) From: 184892K(279616K)->122886K(279616K)
[1231.398s][info][gc,heap        ] GC(583) Tenured: 200702K(5592448K)->200705K(5592448K)
[1231.398s][info][gc,metaspace   ] GC(583) Metaspace: 23028K(23360K)->23028K(23360K) NonClass: 20223K(20416K)->20223K(20416K) Class: 2805K(2944K)->2805K(2944K)
[1231.398s][info][gc             ] GC(583) Pause Young (Allocation Failure) 2561M->316M(7918M) 520.749ms
[1231.398s][info][gc,cpu         ] GC(583) User=0.52s Sys=0.00s Real=0.52s
[1232.710s][info][gc,start       ] GC(584) Pause Young (Allocation Failure)
[1233.667s][info][gc,heap        ] GC(584) DefNew: 2359814K(2516544K)->216889K(2516544K) Eden: 2236928K(2236928K)->0K(2236928K) From: 122886K(279616K)->216889K(279616K)
[1233.667s][info][gc,heap        ] GC(584) Tenured: 200705K(5592448K)->200705K(5592448K)
[1233.667s][info][gc,metaspace   ] GC(584) Metaspace: 23028K(23360K)->23028K(23360K) NonClass: 20223K(20416K)->20223K(20416K) Class: 2805K(2944K)->2805K(2944K)
[1233.667s][info][gc             ] GC(584) Pause Young (Allocation Failure) 2500M->407M(7918M) 956.903ms
[1233.667s][info][gc,cpu         ] GC(584) User=0.94s Sys=0.00s Real=0.97s
[1235.416s][info][gc,start       ] GC(585) Pause Young (Allocation Failure)
[1236.051s][info][gc,heap        ] GC(585) DefNew: 2453817K(2516544K)->145778K(2516544K) Eden: 2236928K(2236928K)->0K(2236928K) From: 216889K(279616K)->145778K(279616K)
[1236.051s][info][gc,heap        ] GC(585) Tenured: 200705K(5592448K)->200705K(5592448K)
[1236.051s][info][gc,metaspace   ] GC(585) Metaspace: 23028K(23360K)->23028K(23360K) NonClass: 20223K(20416K)->20223K(20416K) Class: 2805K(2944K)->2805K(2944K)
[1236.051s][info][gc             ] GC(585) Pause Young (Allocation Failure) 2592M->338M(7918M) 634.726ms
[1236.051s][info][gc,cpu         ] GC(585) User=0.64s Sys=0.00s Real=0.63s
[1237.545s][info][gc,start       ] GC(586) Pause Young (Allocation Failure)
[1238.309s][info][gc,heap        ] GC(586) DefNew: 2382706K(2516544K)->167522K(2516544K) Eden: 2236928K(2236928K)->0K(2236928K) From: 145778K(279616K)->167522K(279616K)
[1238.309s][info][gc,heap        ] GC(586) Tenured: 200705K(5592448K)->204066K(5592448K)
[1238.309s][info][gc,metaspace   ] GC(586) Metaspace: 23028K(23360K)->23028K(23360K) NonClass: 20223K(20416K)->20223K(20416K) Class: 2805K(2944K)->2805K(2944K)
[1238.309s][info][gc             ] GC(586) Pause Young (Allocation Failure) 2522M->362M(7918M) 763.524ms
[1238.309s][info][gc,cpu         ] GC(586) User=0.77s Sys=0.00s Real=0.76s
[1239.977s][info][gc,start       ] GC(587) Pause Young (Allocation Failure)
[1240.782s][info][gc,heap        ] GC(587) DefNew: 2404450K(2516544K)->186017K(2516544K) Eden: 2236928K(2236928K)->0K(2236928K) From: 167522K(279616K)->186017K(279616K)
[1240.782s][info][gc,heap        ] GC(587) Tenured: 204066K(5592448K)->205241K(5592448K)
[1240.782s][info][gc,metaspace   ] GC(587) Metaspace: 23028K(23360K)->23028K(23360K) NonClass: 20223K(20416K)->20223K(20416K) Class: 2805K(2944K)->2805K(2944K)
[1240.782s][info][gc             ] GC(587) Pause Young (Allocation Failure) 2547M->382M(7918M) 804.884ms
[1240.782s][info][gc,cpu         ] GC(587) User=0.80s Sys=0.00s Real=0.81s
[1241.495s][info][gc,start       ] GC(588) Pause Full (System.gc())
[1241.495s][info][gc,phases,start] GC(588) Phase 1: Mark live objects
[1241.683s][info][gc,phases      ] GC(588) Phase 1: Mark live objects 188.095ms
[1241.683s][info][gc,phases,start] GC(588) Phase 2: Compute new object addresses
[1241.831s][info][gc,phases      ] GC(588) Phase 2: Compute new object addresses 147.594ms
[1241.831s][info][gc,phases,start] GC(588) Phase 3: Adjust pointers
[1241.964s][info][gc,phases      ] GC(588) Phase 3: Adjust pointers 133.757ms
[1241.964s][info][gc,phases,start] GC(588) Phase 4: Move objects
[1242.029s][info][gc,phases      ] GC(588) Phase 4: Move objects 64.206ms
[1242.029s][info][gc,heap        ] GC(588) DefNew: 829802K(2516544K)->0K(2516544K) Eden: 643785K(2236928K)->0K(2236928K) From: 186017K(279616K)->0K(279616K)
[1242.029s][info][gc,heap        ] GC(588) Tenured: 205241K(5592448K)->302290K(5592448K)
[1242.029s][info][gc,metaspace   ] GC(588) Metaspace: 23028K(23360K)->23028K(23360K) NonClass: 20223K(20416K)->20223K(20416K) Class: 2805K(2944K)->2805K(2944K)
[1242.029s][info][gc             ] GC(588) Pause Full (System.gc()) 1010M->295M(7918M) 534.103ms
[1242.029s][info][gc,cpu         ] GC(588) User=0.53s Sys=0.00s Real=0.54s
[1243.315s][info][gc,start       ] GC(589) Pause Young (Allocation Failure)
[1244.197s][info][gc,heap        ] GC(589) DefNew: 2236928K(2516544K)->201632K(2516544K) Eden: 2236928K(2236928K)->0K(2236928K) From: 0K(279616K)->201632K(279616K)
[1244.198s][info][gc,heap        ] GC(589) Tenured: 302290K(5592448K)->302290K(5592448K)
[1244.198s][info][gc,metaspace   ] GC(589) Metaspace: 23028K(23360K)->23028K(23360K) NonClass: 20223K(20416K)->20223K(20416K) Class: 2805K(2944K)->2805K(2944K)
[1244.198s][info][gc             ] GC(589) Pause Young (Allocation Failure) 2479M->492M(7918M) 882.449ms
[1244.198s][info][gc,cpu         ] GC(589) User=0.89s Sys=0.00s Real=0.88s
[1246.023s][info][gc,start       ] GC(590) Pause Young (Allocation Failure)
[1246.611s][info][gc,heap        ] GC(590) DefNew: 2438560K(2516544K)->138925K(2516544K) Eden: 2236928K(2236928K)->0K(2236928K) From: 201632K(279616K)->138925K(279616K)
[1246.611s][info][gc,heap        ] GC(590) Tenured: 302290K(5592448K)->302291K(5592448K)
[1246.611s][info][gc,metaspace   ] GC(590) Metaspace: 23028K(23360K)->23028K(23360K) NonClass: 20223K(20416K)->20223K(20416K) Class: 2805K(2944K)->2805K(2944K)
[1246.611s][info][gc             ] GC(590) Pause Young (Allocation Failure) 2676M->430M(7918M) 587.769ms
[1246.611s][info][gc,cpu         ] GC(590) User=0.56s Sys=0.00s Real=0.60s
[1247.786s][info][gc,start       ] GC(591) Pause Young (Allocation Failure)
[1248.766s][info][gc,heap        ] GC(591) DefNew: 2375853K(2516544K)->224011K(2516544K) Eden: 2236928K(2236928K)->0K(2236928K) From: 138925K(279616K)->224011K(279616K)
[1248.766s][info][gc,heap        ] GC(591) Tenured: 302291K(5592448K)->302291K(5592448K)
[1248.766s][info][gc,metaspace   ] GC(591) Metaspace: 23028K(23360K)->23028K(23360K) NonClass: 20223K(20416K)->20223K(20416K) Class: 2805K(2944K)->2805K(2944K)
[1248.767s][info][gc             ] GC(591) Pause Young (Allocation Failure) 2615M->513M(7918M) 980.653ms
[1248.767s][info][gc,cpu         ] GC(591) User=0.98s Sys=0.00s Real=0.98s
[1250.580s][info][gc,start       ] GC(592) Pause Young (Allocation Failure)
[1251.268s][info][gc,heap        ] GC(592) DefNew: 2460939K(2516544K)->162926K(2516544K) Eden: 2236928K(2236928K)->0K(2236928K) From: 224011K(279616K)->162926K(279616K)
[1251.268s][info][gc,heap        ] GC(592) Tenured: 302291K(5592448K)->302291K(5592448K)
[1251.268s][info][gc,metaspace   ] GC(592) Metaspace: 23028K(23360K)->23028K(23360K) NonClass: 20223K(20416K)->20223K(20416K) Class: 2805K(2944K)->2805K(2944K)
[1251.268s][info][gc             ] GC(592) Pause Young (Allocation Failure) 2698M->454M(7918M) 687.824ms
[1251.268s][info][gc,cpu         ] GC(592) User=0.69s Sys=0.00s Real=0.68s
[1253.068s][info][gc,start       ] GC(593) Pause Young (Allocation Failure)
[1253.495s][info][gc,heap        ] GC(593) DefNew: 2399854K(2516544K)->97156K(2516544K) Eden: 2236928K(2236928K)->0K(2236928K) From: 162926K(279616K)->97156K(279616K)
[1253.495s][info][gc,heap        ] GC(593) Tenured: 302291K(5592448K)->302292K(5592448K)
[1253.495s][info][gc,metaspace   ] GC(593) Metaspace: 23028K(23360K)->23028K(23360K) NonClass: 20223K(20416K)->20223K(20416K) Class: 2805K(2944K)->2805K(2944K)
[1253.495s][info][gc             ] GC(593) Pause Young (Allocation Failure) 2638M->390M(7918M) 427.328ms
[1253.495s][info][gc,cpu         ] GC(593) User=0.44s Sys=0.00s Real=0.43s
[1254.717s][info][gc,start       ] GC(594) Pause Young (Allocation Failure)
[1255.536s][info][gc,heap        ] GC(594) DefNew: 2334084K(2516544K)->186461K(2516544K) Eden: 2236928K(2236928K)->0K(2236928K) From: 97156K(279616K)->186461K(279616K)
[1255.536s][info][gc,heap        ] GC(594) Tenured: 302292K(5592448K)->302292K(5592448K)
[1255.536s][info][gc,metaspace   ] GC(594) Metaspace: 23028K(23360K)->23028K(23360K) NonClass: 20223K(20416K)->20223K(20416K) Class: 2805K(2944K)->2805K(2944K)
[1255.536s][info][gc             ] GC(594) Pause Young (Allocation Failure) 2574M->477M(7918M) 819.562ms
[1255.537s][info][gc,cpu         ] GC(594) User=0.81s Sys=0.00s Real=0.82s
[1256.274s][info][gc,start       ] GC(595) Pause Full (System.gc())
[1256.274s][info][gc,phases,start] GC(595) Phase 1: Mark live objects
[1256.482s][info][gc,phases      ] GC(595) Phase 1: Mark live objects 207.732ms
[1256.482s][info][gc,phases,start] GC(595) Phase 2: Compute new object addresses
[1256.626s][info][gc,phases      ] GC(595) Phase 2: Compute new object addresses 144.461ms
[1256.626s][info][gc,phases,start] GC(595) Phase 3: Adjust pointers
[1256.758s][info][gc,phases      ] GC(595) Phase 3: Adjust pointers 131.797ms
[1256.758s][info][gc,phases,start] GC(595) Phase 4: Move objects
[1256.823s][info][gc,phases      ] GC(595) Phase 4: Move objects 64.834ms
[1256.823s][info][gc,heap        ] GC(595) DefNew: 822103K(2516544K)->0K(2516544K) Eden: 635641K(2236928K)->0K(2236928K) From: 186461K(279616K)->0K(279616K)
[1256.823s][info][gc,heap        ] GC(595) Tenured: 302292K(5592448K)->347179K(5592448K)
[1256.823s][info][gc,metaspace   ] GC(595) Metaspace: 23028K(23360K)->23028K(23360K) NonClass: 20223K(20416K)->20223K(20416K) Class: 2805K(2944K)->2805K(2944K)
[1256.823s][info][gc             ] GC(595) Pause Full (System.gc()) 1098M->339M(7918M) 549.267ms
[1256.823s][info][gc,cpu         ] GC(595) User=0.55s Sys=0.00s Real=0.54s
[1258.061s][info][gc,start       ] GC(596) Pause Young (Allocation Failure)
[1258.899s][info][gc,heap        ] GC(596) DefNew: 2236928K(2516544K)->189758K(2516544K) Eden: 2236928K(2236928K)->0K(2236928K) From: 0K(279616K)->189758K(279616K)
[1258.899s][info][gc,heap        ] GC(596) Tenured: 347179K(5592448K)->347179K(5592448K)
[1258.899s][info][gc,metaspace   ] GC(596) Metaspace: 23043K(23360K)->23043K(23360K) NonClass: 20237K(20416K)->20237K(20416K) Class: 2805K(2944K)->2805K(2944K)
[1258.899s][info][gc             ] GC(596) Pause Young (Allocation Failure) 2523M->524M(7918M) 838.393ms
[1258.899s][info][gc,cpu         ] GC(596) User=0.83s Sys=0.00s Real=0.83s
[1260.694s][info][gc,start       ] GC(597) Pause Young (Allocation Failure)
[1261.246s][info][gc,heap        ] GC(597) DefNew: 2426686K(2516544K)->127947K(2516544K) Eden: 2236928K(2236928K)->0K(2236928K) From: 189758K(279616K)->127947K(279616K)
[1261.246s][info][gc,heap        ] GC(597) Tenured: 347179K(5592448K)->347182K(5592448K)
[1261.246s][info][gc,metaspace   ] GC(597) Metaspace: 23043K(23360K)->23043K(23360K) NonClass: 20237K(20416K)->20237K(20416K) Class: 2805K(2944K)->2805K(2944K)
[1261.246s][info][gc             ] GC(597) Pause Young (Allocation Failure) 2708M->463M(7918M) 552.192ms
[1261.246s][info][gc,cpu         ] GC(597) User=0.56s Sys=0.00s Real=0.55s
[1262.523s][info][gc,start       ] GC(598) Pause Young (Allocation Failure)
[1263.496s][info][gc,heap        ] GC(598) DefNew: 2364875K(2516544K)->214900K(2516544K) Eden: 2236928K(2236928K)->0K(2236928K) From: 127947K(279616K)->214900K(279616K)
[1263.497s][info][gc,heap        ] GC(598) Tenured: 347182K(5592448K)->347182K(5592448K)
[1263.497s][info][gc,metaspace   ] GC(598) Metaspace: 23043K(23360K)->23043K(23360K) NonClass: 20237K(20416K)->20237K(20416K) Class: 2805K(2944K)->2805K(2944K)
[1263.497s][info][gc             ] GC(598) Pause Young (Allocation Failure) 2648M->548M(7918M) 973.457ms
[1263.497s][info][gc,cpu         ] GC(598) User=0.95s Sys=0.00s Real=0.97s
[1265.159s][info][gc,start       ] GC(599) Pause Young (Allocation Failure)
[1265.788s][info][gc,heap        ] GC(599) DefNew: 2451828K(2516544K)->146935K(2516544K) Eden: 2236928K(2236928K)->0K(2236928K) From: 214900K(279616K)->146935K(279616K)
[1265.788s][info][gc,heap        ] GC(599) Tenured: 347182K(5592448K)->347182K(5592448K)
[1265.788s][info][gc,metaspace   ] GC(599) Metaspace: 23043K(23360K)->23043K(23360K) NonClass: 20237K(20416K)->20237K(20416K) Class: 2805K(2944K)->2805K(2944K)
[1265.788s][info][gc             ] GC(599) Pause Young (Allocation Failure) 2733M->482M(7918M) 629.442ms
[1265.788s][info][gc,cpu         ] GC(599) User=0.59s Sys=0.02s Real=0.63s
[1266.948s][info][gc,start       ] GC(600) Pause Young (Allocation Failure)
[1267.777s][info][gc,heap        ] GC(600) DefNew: 2383863K(2516544K)->203063K(2516544K) Eden: 2236928K(2236928K)->0K(2236928K) From: 146935K(279616K)->203063K(279616K)
[1267.777s][info][gc,heap        ] GC(600) Tenured: 347182K(5592448K)->359457K(5592448K)
[1267.777s][info][gc,metaspace   ] GC(600) Metaspace: 23043K(23360K)->23043K(23360K) NonClass: 20237K(20416K)->20237K(20416K) Class: 2805K(2944K)->2805K(2944K)
[1267.777s][info][gc             ] GC(600) Pause Young (Allocation Failure) 2667M->549M(7918M) 829.438ms
[1267.777s][info][gc,cpu         ] GC(600) User=0.83s Sys=0.00s Real=0.82s
[1269.422s][info][gc,start       ] GC(601) Pause Young (Allocation Failure)
[1270.074s][info][gc,heap        ] GC(601) DefNew: 2439991K(2516544K)->151508K(2516544K) Eden: 2236928K(2236928K)->0K(2236928K) From: 203063K(279616K)->151508K(279616K)
[1270.074s][info][gc,heap        ] GC(601) Tenured: 359457K(5592448K)->362299K(5592448K)
[1270.074s][info][gc,metaspace   ] GC(601) Metaspace: 23043K(23360K)->23043K(23360K) NonClass: 20237K(20416K)->20237K(20416K) Class: 2805K(2944K)->2805K(2944K)
[1270.074s][info][gc             ] GC(601) Pause Young (Allocation Failure) 2733M->501M(7918M) 652.373ms
[1270.074s][info][gc,cpu         ] GC(601) User=0.66s Sys=0.00s Real=0.65s
[1270.890s][info][gc,start       ] GC(602) Pause Full (System.gc())
[1270.890s][info][gc,phases,start] GC(602) Phase 1: Mark live objects
[1271.067s][info][gc,phases      ] GC(602) Phase 1: Mark live objects 177.062ms
[1271.067s][info][gc,phases,start] GC(602) Phase 2: Compute new object addresses
[1271.258s][info][gc,phases      ] GC(602) Phase 2: Compute new object addresses 190.851ms
[1271.258s][info][gc,phases,start] GC(602) Phase 3: Adjust pointers
[1271.400s][info][gc,phases      ] GC(602) Phase 3: Adjust pointers 142.201ms
[1271.400s][info][gc,phases,start] GC(602) Phase 4: Move objects
[1271.485s][info][gc,phases      ] GC(602) Phase 4: Move objects 85.055ms
[1271.485s][info][gc,heap        ] GC(602) DefNew: 1145346K(2516544K)->0K(2516544K) Eden: 993837K(2236928K)->0K(2236928K) From: 151508K(279616K)->0K(279616K)
[1271.485s][info][gc,heap        ] GC(602) Tenured: 362299K(5592448K)->103501K(5592448K)
[1271.485s][info][gc,metaspace   ] GC(602) Metaspace: 23043K(23360K)->23043K(23360K) NonClass: 20237K(20416K)->20237K(20416K) Class: 2805K(2944K)->2805K(2944K)
[1271.485s][info][gc             ] GC(602) Pause Full (System.gc()) 1472M->101M(7918M) 595.634ms
[1271.485s][info][gc,cpu         ] GC(602) User=0.59s Sys=0.00s Real=0.61s
[1272.638s][info][gc,start       ] GC(603) Pause Young (Allocation Failure)
[1273.458s][info][gc,heap        ] GC(603) DefNew: 2236928K(2516544K)->184014K(2516544K) Eden: 2236928K(2236928K)->0K(2236928K) From: 0K(279616K)->184014K(279616K)
[1273.458s][info][gc,heap        ] GC(603) Tenured: 103501K(5592448K)->103501K(5592448K)
[1273.458s][info][gc,metaspace   ] GC(603) Metaspace: 23043K(23360K)->23043K(23360K) NonClass: 20237K(20416K)->20237K(20416K) Class: 2805K(2944K)->2805K(2944K)
[1273.458s][info][gc             ] GC(603) Pause Young (Allocation Failure) 2285M->280M(7918M) 819.593ms
[1273.458s][info][gc,cpu         ] GC(603) User=0.77s Sys=0.00s Real=0.83s
[1275.308s][info][gc,start       ] GC(604) Pause Young (Allocation Failure)
[1275.832s][info][gc,heap        ] GC(604) DefNew: 2420942K(2516544K)->123778K(2516544K) Eden: 2236928K(2236928K)->0K(2236928K) From: 184014K(279616K)->123778K(279616K)
[1275.832s][info][gc,heap        ] GC(604) Tenured: 103501K(5592448K)->103504K(5592448K)
[1275.832s][info][gc,metaspace   ] GC(604) Metaspace: 23043K(23360K)->23043K(23360K) NonClass: 20237K(20416K)->20237K(20416K) Class: 2805K(2944K)->2805K(2944K)
[1275.832s][info][gc             ] GC(604) Pause Young (Allocation Failure) 2465M->221M(7918M) 524.366ms
[1275.832s][info][gc,cpu         ] GC(604) User=0.52s Sys=0.00s Real=0.52s
[1277.053s][info][gc,start       ] GC(605) Pause Young (Allocation Failure)
[1277.990s][info][gc,heap        ] GC(605) DefNew: 2360706K(2516544K)->212166K(2516544K) Eden: 2236928K(2236928K)->0K(2236928K) From: 123778K(279616K)->212166K(279616K)
[1277.990s][info][gc,heap        ] GC(605) Tenured: 103504K(5592448K)->103504K(5592448K)
[1277.990s][info][gc,metaspace   ] GC(605) Metaspace: 23043K(23360K)->23043K(23360K) NonClass: 20237K(20416K)->20237K(20416K) Class: 2805K(2944K)->2805K(2944K)
[1277.990s][info][gc             ] GC(605) Pause Young (Allocation Failure) 2406M->308M(7918M) 936.745ms
[1277.990s][info][gc,cpu         ] GC(605) User=0.94s Sys=0.00s Real=0.94s
[1279.704s][info][gc,start       ] GC(606) Pause Young (Allocation Failure)
[1280.315s][info][gc,heap        ] GC(606) DefNew: 2449094K(2516544K)->141884K(2516544K) Eden: 2236928K(2236928K)->0K(2236928K) From: 212166K(279616K)->141884K(279616K)
[1280.315s][info][gc,heap        ] GC(606) Tenured: 103504K(5592448K)->103504K(5592448K)
[1280.315s][info][gc,metaspace   ] GC(606) Metaspace: 23043K(23360K)->23043K(23360K) NonClass: 20237K(20416K)->20237K(20416K) Class: 2805K(2944K)->2805K(2944K)
[1280.315s][info][gc             ] GC(606) Pause Young (Allocation Failure) 2492M->239M(7918M) 610.882ms
[1280.315s][info][gc,cpu         ] GC(606) User=0.61s Sys=0.00s Real=0.60s
[1281.480s][info][gc,start       ] GC(607) Pause Young (Allocation Failure)
[1282.242s][info][gc,heap        ] GC(607) DefNew: 2378812K(2516544K)->206893K(2516544K) Eden: 2236928K(2236928K)->0K(2236928K) From: 141884K(279616K)->206893K(279616K)
[1282.242s][info][gc,heap        ] GC(607) Tenured: 103504K(5592448K)->118903K(5592448K)
[1282.242s][info][gc,metaspace   ] GC(607) Metaspace: 23043K(23360K)->23043K(23360K) NonClass: 20237K(20416K)->20237K(20416K) Class: 2805K(2944K)->2805K(2944K)
[1282.242s][info][gc             ] GC(607) Pause Young (Allocation Failure) 2424M->318M(7918M) 762.679ms
[1282.242s][info][gc,cpu         ] GC(607) User=0.75s Sys=0.00s Real=0.77s
[1283.925s][info][gc,start       ] GC(608) Pause Young (Allocation Failure)
[1284.590s][info][gc,heap        ] GC(608) DefNew: 2443821K(2516544K)->155757K(2516544K) Eden: 2236928K(2236928K)->0K(2236928K) From: 206893K(279616K)->155757K(279616K)
[1284.590s][info][gc,heap        ] GC(608) Tenured: 118903K(5592448K)->122586K(5592448K)
[1284.590s][info][gc,metaspace   ] GC(608) Metaspace: 23043K(23360K)->23043K(23360K) NonClass: 20237K(20416K)->20237K(20416K) Class: 2805K(2944K)->2805K(2944K)
[1284.590s][info][gc             ] GC(608) Pause Young (Allocation Failure) 2502M->271M(7918M) 664.778ms
[1284.590s][info][gc,cpu         ] GC(608) User=0.67s Sys=0.00s Real=0.66s
[1285.324s][info][gc,start       ] GC(609) Pause Full (System.gc())
[1285.324s][info][gc,phases,start] GC(609) Phase 1: Mark live objects
[1285.500s][info][gc,phases      ] GC(609) Phase 1: Mark live objects 175.841ms
[1285.500s][info][gc,phases,start] GC(609) Phase 2: Compute new object addresses
[1285.685s][info][gc,phases      ] GC(609) Phase 2: Compute new object addresses 184.762ms
[1285.685s][info][gc,phases,start] GC(609) Phase 3: Adjust pointers
[1285.827s][info][gc,phases      ] GC(609) Phase 3: Adjust pointers 142.237ms
[1285.827s][info][gc,phases,start] GC(609) Phase 4: Move objects
[1285.908s][info][gc,phases      ] GC(609) Phase 4: Move objects 80.883ms
[1285.908s][info][gc,heap        ] GC(609) DefNew: 1093814K(2516544K)->0K(2516544K) Eden: 938057K(2236928K)->0K(2236928K) From: 155757K(279616K)->0K(279616K)
[1285.908s][info][gc,heap        ] GC(609) Tenured: 122586K(5592448K)->219584K(5592448K)
[1285.908s][info][gc,metaspace   ] GC(609) Metaspace: 23043K(23360K)->23043K(23360K) NonClass: 20237K(20416K)->20237K(20416K) Class: 2805K(2944K)->2805K(2944K)
[1285.908s][info][gc             ] GC(609) Pause Full (System.gc()) 1187M->214M(7918M) 584.178ms
[1285.908s][info][gc,cpu         ] GC(609) User=0.58s Sys=0.00s Real=0.58s
[1287.100s][info][gc,start       ] GC(610) Pause Young (Allocation Failure)
[1287.933s][info][gc,heap        ] GC(610) DefNew: 2236928K(2516544K)->186729K(2516544K) Eden: 2236928K(2236928K)->0K(2236928K) From: 0K(279616K)->186729K(279616K)
[1287.933s][info][gc,heap        ] GC(610) Tenured: 219584K(5592448K)->219584K(5592448K)
[1287.933s][info][gc,metaspace   ] GC(610) Metaspace: 23043K(23360K)->23043K(23360K) NonClass: 20237K(20416K)->20237K(20416K) Class: 2805K(2944K)->2805K(2944K)
[1287.933s][info][gc             ] GC(610) Pause Young (Allocation Failure) 2398M->396M(7918M) 832.657ms
[1287.933s][info][gc,cpu         ] GC(610) User=0.83s Sys=0.02s Real=0.82s
[1289.723s][info][gc,start       ] GC(611) Pause Young (Allocation Failure)
[1290.218s][info][gc,heap        ] GC(611) DefNew: 2423657K(2516544K)->115633K(2516544K) Eden: 2236928K(2236928K)->0K(2236928K) From: 186729K(279616K)->115633K(279616K)
[1290.218s][info][gc,heap        ] GC(611) Tenured: 219584K(5592448K)->219585K(5592448K)
[1290.218s][info][gc,metaspace   ] GC(611) Metaspace: 23043K(23360K)->23043K(23360K) NonClass: 20237K(20416K)->20237K(20416K) Class: 2805K(2944K)->2805K(2944K)
[1290.218s][info][gc             ] GC(611) Pause Young (Allocation Failure) 2581M->327M(7918M) 495.524ms
[1290.218s][info][gc,cpu         ] GC(611) User=0.50s Sys=0.00s Real=0.49s
[1291.486s][info][gc,start       ] GC(612) Pause Young (Allocation Failure)
[1292.389s][info][gc,heap        ] GC(612) DefNew: 2352561K(2516544K)->205447K(2516544K) Eden: 2236928K(2236928K)->0K(2236928K) From: 115633K(279616K)->205447K(279616K)
[1292.389s][info][gc,heap        ] GC(612) Tenured: 219585K(5592448K)->219585K(5592448K)
[1292.389s][info][gc,metaspace   ] GC(612) Metaspace: 23043K(23360K)->23043K(23360K) NonClass: 20237K(20416K)->20237K(20416K) Class: 2805K(2944K)->2805K(2944K)
[1292.389s][info][gc             ] GC(612) Pause Young (Allocation Failure) 2511M->415M(7918M) 903.064ms
[1292.389s][info][gc,cpu         ] GC(612) User=0.91s Sys=0.00s Real=0.89s
[1294.235s][info][gc,start       ] GC(613) Pause Young (Allocation Failure)
[1294.880s][info][gc,heap        ] GC(613) DefNew: 2442375K(2516544K)->154266K(2516544K) Eden: 2236928K(2236928K)->0K(2236928K) From: 205447K(279616K)->154266K(279616K)
[1294.880s][info][gc,heap        ] GC(613) Tenured: 219585K(5592448K)->219585K(5592448K)
[1294.880s][info][gc,metaspace   ] GC(613) Metaspace: 23043K(23360K)->23043K(23360K) NonClass: 20237K(20416K)->20237K(20416K) Class: 2805K(2944K)->2805K(2944K)
[1294.880s][info][gc             ] GC(613) Pause Young (Allocation Failure) 2599M->365M(7918M) 645.169ms
[1294.880s][info][gc,cpu         ] GC(613) User=0.64s Sys=0.00s Real=0.65s
[1296.100s][info][gc,start       ] GC(614) Pause Young (Allocation Failure)
[1297.047s][info][gc,heap        ] GC(614) DefNew: 2391194K(2516544K)->195194K(2516544K) Eden: 2236928K(2236928K)->0K(2236928K) From: 154266K(279616K)->195194K(279616K)
[1297.047s][info][gc,heap        ] GC(614) Tenured: 219585K(5592448K)->235808K(5592448K)
[1297.047s][info][gc,metaspace   ] GC(614) Metaspace: 23043K(23360K)->23043K(23360K) NonClass: 20237K(20416K)->20237K(20416K) Class: 2805K(2944K)->2805K(2944K)
[1297.047s][info][gc             ] GC(614) Pause Young (Allocation Failure) 2549M->420M(7918M) 947.417ms
[1297.047s][info][gc,cpu         ] GC(614) User=0.94s Sys=0.00s Real=0.96s
[1298.617s][info][gc,start       ] GC(615) Pause Young (Allocation Failure)
[1299.305s][info][gc,heap        ] GC(615) DefNew: 2432122K(2516544K)->156732K(2516544K) Eden: 2236928K(2236928K)->0K(2236928K) From: 195194K(279616K)->156732K(279616K)
[1299.305s][info][gc,heap        ] GC(615) Tenured: 235808K(5592448K)->239493K(5592448K)
[1299.305s][info][gc,metaspace   ] GC(615) Metaspace: 23043K(23360K)->23043K(23360K) NonClass: 20237K(20416K)->20237K(20416K) Class: 2805K(2944K)->2805K(2944K)
[1299.305s][info][gc             ] GC(615) Pause Young (Allocation Failure) 2605M->386M(7918M) 687.722ms
[1299.305s][info][gc,cpu         ] GC(615) User=0.67s Sys=0.00s Real=0.68s
[1300.154s][info][gc,start       ] GC(616) Pause Full (System.gc())
[1300.155s][info][gc,phases,start] GC(616) Phase 1: Mark live objects
[1300.333s][info][gc,phases      ] GC(616) Phase 1: Mark live objects 178.727ms
[1300.333s][info][gc,phases,start] GC(616) Phase 2: Compute new object addresses
[1300.527s][info][gc,phases      ] GC(616) Phase 2: Compute new object addresses 193.543ms
[1300.527s][info][gc,phases,start] GC(616) Phase 3: Adjust pointers
[1300.669s][info][gc,phases      ] GC(616) Phase 3: Adjust pointers 142.443ms
[1300.669s][info][gc,phases,start] GC(616) Phase 4: Move objects
[1300.754s][info][gc,phases      ] GC(616) Phase 4: Move objects 84.557ms
[1300.754s][info][gc,heap        ] GC(616) DefNew: 1154534K(2516544K)->0K(2516544K) Eden: 997801K(2236928K)->0K(2236928K) From: 156732K(279616K)->0K(279616K)
[1300.754s][info][gc,heap        ] GC(616) Tenured: 239493K(5592448K)->336462K(5592448K)
[1300.754s][info][gc,metaspace   ] GC(616) Metaspace: 23043K(23360K)->23043K(23360K) NonClass: 20237K(20416K)->20237K(20416K) Class: 2805K(2944K)->2805K(2944K)
[1300.754s][info][gc             ] GC(616) Pause Full (System.gc()) 1361M->328M(7918M) 599.736ms
[1300.754s][info][gc,cpu         ] GC(616) User=0.59s Sys=0.00s Real=0.59s
[1302.068s][info][gc,start       ] GC(617) Pause Young (Allocation Failure)
[1302.961s][info][gc,heap        ] GC(617) DefNew: 2236928K(2516544K)->206184K(2516544K) Eden: 2236928K(2236928K)->0K(2236928K) From: 0K(279616K)->206184K(279616K)
[1302.961s][info][gc,heap        ] GC(617) Tenured: 336462K(5592448K)->336462K(5592448K)
[1302.961s][info][gc,metaspace   ] GC(617) Metaspace: 23043K(23360K)->23043K(23360K) NonClass: 20237K(20416K)->20237K(20416K) Class: 2805K(2944K)->2805K(2944K)
[1302.961s][info][gc             ] GC(617) Pause Young (Allocation Failure) 2513M->529M(7918M) 892.984ms
[1302.961s][info][gc,cpu         ] GC(617) User=0.91s Sys=0.00s Real=0.88s
[1304.551s][info][gc,start       ] GC(618) Pause Young (Allocation Failure)
[1305.104s][info][gc,heap        ] GC(618) DefNew: 2443112K(2516544K)->127422K(2516544K) Eden: 2236928K(2236928K)->0K(2236928K) From: 206184K(279616K)->127422K(279616K)
[1305.104s][info][gc,heap        ] GC(618) Tenured: 336462K(5592448K)->336463K(5592448K)
[1305.104s][info][gc,metaspace   ] GC(618) Metaspace: 23043K(23360K)->23043K(23360K) NonClass: 20237K(20416K)->20237K(20416K) Class: 2805K(2944K)->2805K(2944K)
[1305.104s][info][gc             ] GC(618) Pause Young (Allocation Failure) 2714M->453M(7918M) 552.962ms
[1305.104s][info][gc,cpu         ] GC(618) User=0.56s Sys=0.00s Real=0.56s
[1306.405s][info][gc,start       ] GC(619) Pause Young (Allocation Failure)
[1307.432s][info][gc,heap        ] GC(619) DefNew: 2364350K(2516544K)->224278K(2516544K) Eden: 2236928K(2236928K)->0K(2236928K) From: 127422K(279616K)->224278K(279616K)
[1307.432s][info][gc,heap        ] GC(619) Tenured: 336463K(5592448K)->336463K(5592448K)
[1307.432s][info][gc,metaspace   ] GC(619) Metaspace: 23043K(23360K)->23043K(23360K) NonClass: 20237K(20416K)->20237K(20416K) Class: 2805K(2944K)->2805K(2944K)
[1307.432s][info][gc             ] GC(619) Pause Young (Allocation Failure) 2637M->547M(7918M) 1026.638ms
[1307.432s][info][gc,cpu         ] GC(619) User=1.02s Sys=0.00s Real=1.03s
[1309.129s][info][gc,start       ] GC(620) Pause Young (Allocation Failure)
[1309.668s][info][gc,heap        ] GC(620) DefNew: 2461206K(2516544K)->128112K(2516544K) Eden: 2236928K(2236928K)->0K(2236928K) From: 224278K(279616K)->128112K(279616K)
[1309.668s][info][gc,heap        ] GC(620) Tenured: 336463K(5592448K)->336463K(5592448K)
[1309.668s][info][gc,metaspace   ] GC(620) Metaspace: 23043K(23360K)->23043K(23360K) NonClass: 20237K(20416K)->20237K(20416K) Class: 2805K(2944K)->2805K(2944K)
[1309.668s][info][gc             ] GC(620) Pause Young (Allocation Failure) 2732M->453M(7918M) 539.135ms
[1309.668s][info][gc,cpu         ] GC(620) User=0.55s Sys=0.00s Real=0.54s
[1311.233s][info][gc,start       ] GC(621) Pause Young (Allocation Failure)
[1311.889s][info][gc,heap        ] GC(621) DefNew: 2365040K(2516544K)->148555K(2516544K) Eden: 2236928K(2236928K)->0K(2236928K) From: 128112K(279616K)->148555K(279616K)
[1311.889s][info][gc,heap        ] GC(621) Tenured: 336463K(5592448K)->336463K(5592448K)
[1311.889s][info][gc,metaspace   ] GC(621) Metaspace: 23043K(23360K)->23043K(23360K) NonClass: 20237K(20416K)->20237K(20416K) Class: 2805K(2944K)->2805K(2944K)
[1311.889s][info][gc             ] GC(621) Pause Young (Allocation Failure) 2638M->473M(7918M) 655.895ms
[1311.889s][info][gc,cpu         ] GC(621) User=0.66s Sys=0.00s Real=0.65s
[1313.385s][info][gc,start       ] GC(622) Pause Young (Allocation Failure)
[1314.135s][info][gc,heap        ] GC(622) DefNew: 2385483K(2516544K)->170537K(2516544K) Eden: 2236928K(2236928K)->0K(2236928K) From: 148555K(279616K)->170537K(279616K)
[1314.135s][info][gc,heap        ] GC(622) Tenured: 336463K(5592448K)->336463K(5592448K)
[1314.135s][info][gc,metaspace   ] GC(622) Metaspace: 23043K(23360K)->23043K(23360K) NonClass: 20237K(20416K)->20237K(20416K) Class: 2805K(2944K)->2805K(2944K)
[1314.135s][info][gc             ] GC(622) Pause Young (Allocation Failure) 2658M->495M(7918M) 750.262ms
[1314.135s][info][gc,cpu         ] GC(622) User=0.73s Sys=0.00s Real=0.75s
[1314.907s][info][gc,start       ] GC(623) Pause Full (System.gc())
[1314.908s][info][gc,phases,start] GC(623) Phase 1: Mark live objects
[1315.090s][info][gc,phases      ] GC(623) Phase 1: Mark live objects 182.679ms
[1315.090s][info][gc,phases,start] GC(623) Phase 2: Compute new object addresses
[1315.255s][info][gc,phases      ] GC(623) Phase 2: Compute new object addresses 165.147ms
[1315.255s][info][gc,phases,start] GC(623) Phase 3: Adjust pointers
[1315.394s][info][gc,phases      ] GC(623) Phase 3: Adjust pointers 138.016ms
[1315.394s][info][gc,phases,start] GC(623) Phase 4: Move objects
[1315.466s][info][gc,phases      ] GC(623) Phase 4: Move objects 72.797ms
[1315.467s][info][gc,heap        ] GC(623) DefNew: 968959K(2516544K)->0K(2516544K) Eden: 798421K(2236928K)->0K(2236928K) From: 170537K(279616K)->0K(279616K)
[1315.467s][info][gc,heap        ] GC(623) Tenured: 336463K(5592448K)->169401K(5592448K)
[1315.467s][info][gc,metaspace   ] GC(623) Metaspace: 23043K(23360K)->23043K(23360K) NonClass: 20237K(20416K)->20237K(20416K) Class: 2805K(2944K)->2805K(2944K)
[1315.467s][info][gc             ] GC(623) Pause Full (System.gc()) 1274M->165M(7918M) 559.102ms
[1315.467s][info][gc,cpu         ] GC(623) User=0.56s Sys=0.00s Real=0.55s
[1316.629s][info][gc,start       ] GC(624) Pause Young (Allocation Failure)
[1317.445s][info][gc,heap        ] GC(624) DefNew: 2236928K(2516544K)->183257K(2516544K) Eden: 2236928K(2236928K)->0K(2236928K) From: 0K(279616K)->183257K(279616K)
[1317.445s][info][gc,heap        ] GC(624) Tenured: 169401K(5592448K)->169401K(5592448K)
[1317.445s][info][gc,metaspace   ] GC(624) Metaspace: 23045K(23360K)->23045K(23360K) NonClass: 20240K(20416K)->20240K(20416K) Class: 2805K(2944K)->2805K(2944K)
[1317.445s][info][gc             ] GC(624) Pause Young (Allocation Failure) 2349M->344M(7918M) 816.114ms
[1317.445s][info][gc,cpu         ] GC(624) User=0.81s Sys=0.00s Real=0.81s
[1319.286s][info][gc,start       ] GC(625) Pause Young (Allocation Failure)
[1319.782s][info][gc,heap        ] GC(625) DefNew: 2420185K(2516544K)->116889K(2516544K) Eden: 2236928K(2236928K)->0K(2236928K) From: 183257K(279616K)->116889K(279616K)
[1319.782s][info][gc,heap        ] GC(625) Tenured: 169401K(5592448K)->169402K(5592448K)
[1319.782s][info][gc,metaspace   ] GC(625) Metaspace: 23045K(23360K)->23045K(23360K) NonClass: 20240K(20416K)->20240K(20416K) Class: 2805K(2944K)->2805K(2944K)
[1319.782s][info][gc             ] GC(625) Pause Young (Allocation Failure) 2528M->279M(7918M) 496.701ms
[1319.782s][info][gc,cpu         ] GC(625) User=0.50s Sys=0.00s Real=0.49s
[1321.017s][info][gc,start       ] GC(626) Pause Young (Allocation Failure)
[1321.823s][info][gc,heap        ] GC(626) DefNew: 2353817K(2516544K)->183129K(2516544K) Eden: 2236928K(2236928K)->0K(2236928K) From: 116889K(279616K)->183129K(279616K)
[1321.823s][info][gc,heap        ] GC(626) Tenured: 169402K(5592448K)->169402K(5592448K)
[1321.823s][info][gc,metaspace   ] GC(626) Metaspace: 23045K(23360K)->23045K(23360K) NonClass: 20240K(20416K)->20240K(20416K) Class: 2805K(2944K)->2805K(2944K)
[1321.823s][info][gc             ] GC(626) Pause Young (Allocation Failure) 2464M->344M(7918M) 806.110ms
[1321.823s][info][gc,cpu         ] GC(626) User=0.80s Sys=0.00s Real=0.81s
[1323.512s][info][gc,start       ] GC(627) Pause Young (Allocation Failure)
[1324.087s][info][gc,heap        ] GC(627) DefNew: 2420057K(2516544K)->132207K(2516544K) Eden: 2236928K(2236928K)->0K(2236928K) From: 183129K(279616K)->132207K(279616K)
[1324.087s][info][gc,heap        ] GC(627) Tenured: 169402K(5592448K)->169402K(5592448K)
[1324.087s][info][gc,metaspace   ] GC(627) Metaspace: 23050K(23360K)->23050K(23360K) NonClass: 20245K(20416K)->20245K(20416K) Class: 2805K(2944K)->2805K(2944K)
[1324.087s][info][gc             ] GC(627) Pause Young (Allocation Failure) 2528M->294M(7918M) 575.188ms
[1324.087s][info][gc,cpu         ] GC(627) User=0.56s Sys=0.00s Real=0.57s
[1325.278s][info][gc,start       ] GC(628) Pause Young (Allocation Failure)
[1326.229s][info][gc,heap        ] GC(628) DefNew: 2369135K(2516544K)->213910K(2516544K) Eden: 2236928K(2236928K)->0K(2236928K) From: 132207K(279616K)->213910K(279616K)
[1326.229s][info][gc,heap        ] GC(628) Tenured: 169402K(5592448K)->169402K(5592448K)
[1326.229s][info][gc,metaspace   ] GC(628) Metaspace: 23051K(23360K)->23051K(23360K) NonClass: 20246K(20416K)->20246K(20416K) Class: 2805K(2944K)->2805K(2944K)
[1326.229s][info][gc             ] GC(628) Pause Young (Allocation Failure) 2479M->374M(7918M) 950.904ms
[1326.229s][info][gc,cpu         ] GC(628) User=0.95s Sys=0.00s Real=0.94s
[1328.035s][info][gc,start       ] GC(629) Pause Young (Allocation Failure)
[1328.676s][info][gc,heap        ] GC(629) DefNew: 2450838K(2516544K)->150600K(2516544K) Eden: 2236928K(2236928K)->0K(2236928K) From: 213910K(279616K)->150600K(279616K)
[1328.676s][info][gc,heap        ] GC(629) Tenured: 169402K(5592448K)->169403K(5592448K)
[1328.676s][info][gc,metaspace   ] GC(629) Metaspace: 23051K(23360K)->23051K(23360K) NonClass: 20246K(20416K)->20246K(20416K) Class: 2805K(2944K)->2805K(2944K)
[1328.676s][info][gc             ] GC(629) Pause Young (Allocation Failure) 2558M->312M(7918M) 641.364ms
[1328.676s][info][gc,cpu         ] GC(629) User=0.64s Sys=0.00s Real=0.63s
[1329.546s][info][gc,start       ] GC(630) Pause Full (System.gc())
[1329.546s][info][gc,phases,start] GC(630) Phase 1: Mark live objects
[1329.737s][info][gc,phases      ] GC(630) Phase 1: Mark live objects 190.747ms
[1329.737s][info][gc,phases,start] GC(630) Phase 2: Compute new object addresses
[1329.932s][info][gc,phases      ] GC(630) Phase 2: Compute new object addresses 195.577ms
[1329.932s][info][gc,phases,start] GC(630) Phase 3: Adjust pointers
[1330.073s][info][gc,phases      ] GC(630) Phase 3: Adjust pointers 140.232ms
[1330.073s][info][gc,phases,start] GC(630) Phase 4: Move objects
[1330.160s][info][gc,phases      ] GC(630) Phase 4: Move objects 87.318ms
[1330.160s][info][gc,heap        ] GC(630) DefNew: 1187667K(2516544K)->0K(2516544K) Eden: 1037067K(2236928K)->0K(2236928K) From: 150600K(279616K)->0K(279616K)
[1330.160s][info][gc,heap        ] GC(630) Tenured: 169403K(5592448K)->95737K(5592448K)
[1330.160s][info][gc,metaspace   ] GC(630) Metaspace: 23051K(23360K)->23051K(23360K) NonClass: 20246K(20416K)->20246K(20416K) Class: 2805K(2944K)->2805K(2944K)
[1330.160s][info][gc             ] GC(630) Pause Full (System.gc()) 1325M->93M(7918M) 614.274ms
[1330.160s][info][gc,cpu         ] GC(630) User=0.61s Sys=0.00s Real=0.62s
[1331.344s][info][gc,start       ] GC(631) Pause Young (Allocation Failure)
[1332.183s][info][gc,heap        ] GC(631) DefNew: 2236928K(2516544K)->188490K(2516544K) Eden: 2236928K(2236928K)->0K(2236928K) From: 0K(279616K)->188490K(279616K)
[1332.183s][info][gc,heap        ] GC(631) Tenured: 95737K(5592448K)->95737K(5592448K)
[1332.183s][info][gc,metaspace   ] GC(631) Metaspace: 23051K(23360K)->23051K(23360K) NonClass: 20246K(20416K)->20246K(20416K) Class: 2805K(2944K)->2805K(2944K)
[1332.183s][info][gc             ] GC(631) Pause Young (Allocation Failure) 2277M->277M(7918M) 839.267ms
[1332.183s][info][gc,cpu         ] GC(631) User=0.83s Sys=0.00s Real=0.83s
[1333.863s][info][gc,start       ] GC(632) Pause Young (Allocation Failure)
[1334.385s][info][gc,heap        ] GC(632) DefNew: 2425418K(2516544K)->120058K(2516544K) Eden: 2236928K(2236928K)->0K(2236928K) From: 188490K(279616K)->120058K(279616K)
[1334.385s][info][gc,heap        ] GC(632) Tenured: 95737K(5592448K)->95739K(5592448K)
[1334.385s][info][gc,metaspace   ] GC(632) Metaspace: 23051K(23360K)->23051K(23360K) NonClass: 20246K(20416K)->20246K(20416K) Class: 2805K(2944K)->2805K(2944K)
[1334.385s][info][gc             ] GC(632) Pause Young (Allocation Failure) 2462M->210M(7918M) 521.924ms
[1334.385s][info][gc,cpu         ] GC(632) User=0.53s Sys=0.00s Real=0.51s
[1335.569s][info][gc,start       ] GC(633) Pause Young (Allocation Failure)
[1336.471s][info][gc,heap        ] GC(633) DefNew: 2356986K(2516544K)->203981K(2516544K) Eden: 2236928K(2236928K)->0K(2236928K) From: 120058K(279616K)->203981K(279616K)
[1336.471s][info][gc,heap        ] GC(633) Tenured: 95739K(5592448K)->95739K(5592448K)
[1336.471s][info][gc,metaspace   ] GC(633) Metaspace: 23051K(23360K)->23051K(23360K) NonClass: 20246K(20416K)->20246K(20416K) Class: 2805K(2944K)->2805K(2944K)
[1336.471s][info][gc             ] GC(633) Pause Young (Allocation Failure) 2395M->292M(7918M) 902.010ms
[1336.471s][info][gc,cpu         ] GC(633) User=0.89s Sys=0.00s Real=0.90s
[1338.257s][info][gc,start       ] GC(634) Pause Young (Allocation Failure)
[1338.828s][info][gc,heap        ] GC(634) DefNew: 2440909K(2516544K)->135770K(2516544K) Eden: 2236928K(2236928K)->0K(2236928K) From: 203981K(279616K)->135770K(279616K)
[1338.828s][info][gc,heap        ] GC(634) Tenured: 95739K(5592448K)->95739K(5592448K)
[1338.828s][info][gc,metaspace   ] GC(634) Metaspace: 23051K(23360K)->23051K(23360K) NonClass: 20246K(20416K)->20246K(20416K) Class: 2805K(2944K)->2805K(2944K)
[1338.828s][info][gc             ] GC(634) Pause Young (Allocation Failure) 2477M->226M(7918M) 571.175ms
[1338.828s][info][gc,cpu         ] GC(634) User=0.56s Sys=0.00s Real=0.57s
[1339.971s][info][gc,start       ] GC(635) Pause Young (Allocation Failure)
[1340.916s][info][gc,heap        ] GC(635) DefNew: 2372698K(2516544K)->217452K(2516544K) Eden: 2236928K(2236928K)->0K(2236928K) From: 135770K(279616K)->217452K(279616K)
[1340.916s][info][gc,heap        ] GC(635) Tenured: 95739K(5592448K)->95739K(5592448K)
[1340.916s][info][gc,metaspace   ] GC(635) Metaspace: 23051K(23360K)->23051K(23360K) NonClass: 20246K(20416K)->20246K(20416K) Class: 2805K(2944K)->2805K(2944K)
[1340.916s][info][gc             ] GC(635) Pause Young (Allocation Failure) 2410M->305M(7918M) 944.586ms
[1340.916s][info][gc,cpu         ] GC(635) User=0.94s Sys=0.02s Real=0.94s
[1342.553s][info][gc,start       ] GC(636) Pause Young (Allocation Failure)
[1343.172s][info][gc,heap        ] GC(636) DefNew: 2454380K(2516544K)->142034K(2516544K) Eden: 2236928K(2236928K)->0K(2236928K) From: 217452K(279616K)->142034K(279616K)
[1343.172s][info][gc,heap        ] GC(636) Tenured: 95739K(5592448K)->95739K(5592448K)
[1343.172s][info][gc,metaspace   ] GC(636) Metaspace: 23051K(23360K)->23051K(23360K) NonClass: 20246K(20416K)->20246K(20416K) Class: 2805K(2944K)->2805K(2944K)
[1343.172s][info][gc             ] GC(636) Pause Young (Allocation Failure) 2490M->232M(7918M) 618.762ms
[1343.172s][info][gc,cpu         ] GC(636) User=0.62s Sys=0.00s Real=0.61s
[1344.051s][info][gc,start       ] GC(637) Pause Full (System.gc())
[1344.051s][info][gc,phases,start] GC(637) Phase 1: Mark live objects
[1344.259s][info][gc,phases      ] GC(637) Phase 1: Mark live objects 207.951ms
[1344.259s][info][gc,phases,start] GC(637) Phase 2: Compute new object addresses
[1344.466s][info][gc,phases      ] GC(637) Phase 2: Compute new object addresses 206.517ms
[1344.466s][info][gc,phases,start] GC(637) Phase 3: Adjust pointers
[1344.612s][info][gc,phases      ] GC(637) Phase 3: Adjust pointers 146.439ms
[1344.612s][info][gc,phases,start] GC(637) Phase 4: Move objects
[1344.703s][info][gc,phases      ] GC(637) Phase 4: Move objects 91.025ms
[1344.703s][info][gc,heap        ] GC(637) DefNew: 1273353K(2516544K)->0K(2516544K) Eden: 1131318K(2236928K)->0K(2236928K) From: 142034K(279616K)->0K(279616K)
[1344.703s][info][gc,heap        ] GC(637) Tenured: 95739K(5592448K)->192796K(5592448K)
[1344.703s][info][gc,metaspace   ] GC(637) Metaspace: 23051K(23360K)->23051K(23360K) NonClass: 20246K(20416K)->20246K(20416K) Class: 2805K(2944K)->2805K(2944K)
[1344.703s][info][gc             ] GC(637) Pause Full (System.gc()) 1337M->188M(7918M) 652.362ms
[1344.703s][info][gc,cpu         ] GC(637) User=0.66s Sys=0.00s Real=0.66s
[1345.889s][info][gc,start       ] GC(638) Pause Young (Allocation Failure)
[1346.695s][info][gc,heap        ] GC(638) DefNew: 2236928K(2516544K)->180116K(2516544K) Eden: 2236928K(2236928K)->0K(2236928K) From: 0K(279616K)->180116K(279616K)
[1346.695s][info][gc,heap        ] GC(638) Tenured: 192796K(5592448K)->192796K(5592448K)
[1346.695s][info][gc,metaspace   ] GC(638) Metaspace: 23051K(23360K)->23051K(23360K) NonClass: 20246K(20416K)->20246K(20416K) Class: 2805K(2944K)->2805K(2944K)
[1346.695s][info][gc             ] GC(638) Pause Young (Allocation Failure) 2372M->364M(7918M) 806.180ms
[1346.695s][info][gc,cpu         ] GC(638) User=0.81s Sys=0.00s Real=0.80s
[1348.487s][info][gc,start       ] GC(639) Pause Young (Allocation Failure)
[1348.987s][info][gc,heap        ] GC(639) DefNew: 2417044K(2516544K)->116528K(2516544K) Eden: 2236928K(2236928K)->0K(2236928K) From: 180116K(279616K)->116528K(279616K)
[1348.987s][info][gc,heap        ] GC(639) Tenured: 192796K(5592448K)->192797K(5592448K)
[1348.987s][info][gc,metaspace   ] GC(639) Metaspace: 23051K(23360K)->23051K(23360K) NonClass: 20246K(20416K)->20246K(20416K) Class: 2805K(2944K)->2805K(2944K)
[1348.987s][info][gc             ] GC(639) Pause Young (Allocation Failure) 2548M->302M(7918M) 499.820ms
[1348.987s][info][gc,cpu         ] GC(639) User=0.50s Sys=0.00s Real=0.51s
[1350.220s][info][gc,start       ] GC(640) Pause Young (Allocation Failure)
[1351.154s][info][gc,heap        ] GC(640) DefNew: 2353456K(2516544K)->210309K(2516544K) Eden: 2236928K(2236928K)->0K(2236928K) From: 116528K(279616K)->210309K(279616K)
[1351.154s][info][gc,heap        ] GC(640) Tenured: 192797K(5592448K)->192797K(5592448K)
[1351.154s][info][gc,metaspace   ] GC(640) Metaspace: 23051K(23360K)->23051K(23360K) NonClass: 20246K(20416K)->20246K(20416K) Class: 2805K(2944K)->2805K(2944K)
[1351.154s][info][gc             ] GC(640) Pause Young (Allocation Failure) 2486M->393M(7918M) 934.503ms
[1351.154s][info][gc,cpu         ] GC(640) User=0.94s Sys=0.00s Real=0.94s
[1352.968s][info][gc,start       ] GC(641) Pause Young (Allocation Failure)
[1353.632s][info][gc,heap        ] GC(641) DefNew: 2447237K(2516544K)->156133K(2516544K) Eden: 2236928K(2236928K)->0K(2236928K) From: 210309K(279616K)->156133K(279616K)
[1353.632s][info][gc,heap        ] GC(641) Tenured: 192797K(5592448K)->192797K(5592448K)
[1353.632s][info][gc,metaspace   ] GC(641) Metaspace: 23051K(23360K)->23051K(23360K) NonClass: 20246K(20416K)->20246K(20416K) Class: 2805K(2944K)->2805K(2944K)
[1353.632s][info][gc             ] GC(641) Pause Young (Allocation Failure) 2578M->340M(7918M) 663.972ms
[1353.632s][info][gc,cpu         ] GC(641) User=0.64s Sys=0.02s Real=0.66s
[1354.901s][info][gc,start       ] GC(642) Pause Young (Allocation Failure)
[1355.804s][info][gc,heap        ] GC(642) DefNew: 2393061K(2516544K)->189670K(2516544K) Eden: 2236928K(2236928K)->0K(2236928K) From: 156133K(279616K)->189670K(279616K)
[1355.805s][info][gc,heap        ] GC(642) Tenured: 192797K(5592448K)->204168K(5592448K)
[1355.805s][info][gc,metaspace   ] GC(642) Metaspace: 23051K(23360K)->23051K(23360K) NonClass: 20246K(20416K)->20246K(20416K) Class: 2805K(2944K)->2805K(2944K)
[1355.805s][info][gc             ] GC(642) Pause Young (Allocation Failure) 2525M->384M(7918M) 903.884ms
[1355.805s][info][gc,cpu         ] GC(642) User=0.89s Sys=0.00s Real=0.90s
[1357.399s][info][gc,start       ] GC(643) Pause Young (Allocation Failure)
[1358.105s][info][gc,heap        ] GC(643) DefNew: 2426598K(2516544K)->161288K(2516544K) Eden: 2236928K(2236928K)->0K(2236928K) From: 189670K(279616K)->161288K(279616K)
[1358.105s][info][gc,heap        ] GC(643) Tenured: 204168K(5592448K)->207133K(5592448K)
[1358.105s][info][gc,metaspace   ] GC(643) Metaspace: 23051K(23360K)->23051K(23360K) NonClass: 20246K(20416K)->20246K(20416K) Class: 2805K(2944K)->2805K(2944K)
[1358.105s][info][gc             ] GC(643) Pause Young (Allocation Failure) 2569M->359M(7918M) 706.110ms
[1358.106s][info][gc,cpu         ] GC(643) User=0.69s Sys=0.00s Real=0.70s
[1358.920s][info][gc,start       ] GC(644) Pause Full (System.gc())
[1358.920s][info][gc,phases,start] GC(644) Phase 1: Mark live objects
[1359.120s][info][gc,phases      ] GC(644) Phase 1: Mark live objects 199.763ms
[1359.120s][info][gc,phases,start] GC(644) Phase 2: Compute new object addresses
[1359.299s][info][gc,phases      ] GC(644) Phase 2: Compute new object addresses 178.921ms
[1359.299s][info][gc,phases,start] GC(644) Phase 3: Adjust pointers
[1359.439s][info][gc,phases      ] GC(644) Phase 3: Adjust pointers 139.879ms
[1359.439s][info][gc,phases,start] GC(644) Phase 4: Move objects
[1359.518s][info][gc,phases      ] GC(644) Phase 4: Move objects 78.794ms
[1359.518s][info][gc,heap        ] GC(644) DefNew: 1054332K(2516544K)->0K(2516544K) Eden: 893044K(2236928K)->0K(2236928K) From: 161288K(279616K)->0K(279616K)
[1359.518s][info][gc,heap        ] GC(644) Tenured: 207133K(5592448K)->304221K(5592448K)
[1359.518s][info][gc,metaspace   ] GC(644) Metaspace: 23051K(23360K)->23051K(23360K) NonClass: 20246K(20416K)->20246K(20416K) Class: 2805K(2944K)->2805K(2944K)
[1359.518s][info][gc             ] GC(644) Pause Full (System.gc()) 1231M->297M(7918M) 597.813ms
[1359.518s][info][gc,cpu         ] GC(644) User=0.59s Sys=0.00s Real=0.60s
[1360.687s][info][gc,start       ] GC(645) Pause Young (Allocation Failure)
[1361.519s][info][gc,heap        ] GC(645) DefNew: 2236928K(2516544K)->182131K(2516544K) Eden: 2236928K(2236928K)->0K(2236928K) From: 0K(279616K)->182131K(279616K)
[1361.519s][info][gc,heap        ] GC(645) Tenured: 304221K(5592448K)->304221K(5592448K)
[1361.519s][info][gc,metaspace   ] GC(645) Metaspace: 23051K(23360K)->23051K(23360K) NonClass: 20246K(20416K)->20246K(20416K) Class: 2805K(2944K)->2805K(2944K)
[1361.519s][info][gc             ] GC(645) Pause Young (Allocation Failure) 2481M->474M(7918M) 832.247ms
[1361.519s][info][gc,cpu         ] GC(645) User=0.81s Sys=0.02s Real=0.83s
[1363.427s][info][gc,start       ] GC(646) Pause Young (Allocation Failure)
[1364.001s][info][gc,heap        ] GC(646) DefNew: 2419059K(2516544K)->134825K(2516544K) Eden: 2236928K(2236928K)->0K(2236928K) From: 182131K(279616K)->134825K(279616K)
[1364.001s][info][gc,heap        ] GC(646) Tenured: 304221K(5592448K)->304222K(5592448K)
[1364.002s][info][gc,metaspace   ] GC(646) Metaspace: 23051K(23360K)->23051K(23360K) NonClass: 20246K(20416K)->20246K(20416K) Class: 2805K(2944K)->2805K(2944K)
[1364.002s][info][gc             ] GC(646) Pause Young (Allocation Failure) 2659M->428M(7918M) 574.108ms
[1364.002s][info][gc,cpu         ] GC(646) User=0.58s Sys=0.00s Real=0.58s
[1365.208s][info][gc,start       ] GC(647) Pause Young (Allocation Failure)
[1366.177s][info][gc,heap        ] GC(647) DefNew: 2371753K(2516544K)->222572K(2516544K) Eden: 2236928K(2236928K)->0K(2236928K) From: 134825K(279616K)->222572K(279616K)
[1366.177s][info][gc,heap        ] GC(647) Tenured: 304222K(5592448K)->304222K(5592448K)
[1366.177s][info][gc,metaspace   ] GC(647) Metaspace: 23051K(23360K)->23051K(23360K) NonClass: 20246K(20416K)->20246K(20416K) Class: 2805K(2944K)->2805K(2944K)
[1366.177s][info][gc             ] GC(647) Pause Young (Allocation Failure) 2613M->514M(7918M) 968.257ms
[1366.177s][info][gc,cpu         ] GC(647) User=0.95s Sys=0.00s Real=0.97s
[1367.881s][info][gc,start       ] GC(648) Pause Young (Allocation Failure)
[1368.494s][info][gc,heap        ] GC(648) DefNew: 2459500K(2516544K)->141974K(2516544K) Eden: 2236928K(2236928K)->0K(2236928K) From: 222572K(279616K)->141974K(279616K)
[1368.494s][info][gc,heap        ] GC(648) Tenured: 304222K(5592448K)->304222K(5592448K)
[1368.494s][info][gc,metaspace   ] GC(648) Metaspace: 23051K(23360K)->23051K(23360K) NonClass: 20246K(20416K)->20246K(20416K) Class: 2805K(2944K)->2805K(2944K)
[1368.494s][info][gc             ] GC(648) Pause Young (Allocation Failure) 2698M->435M(7918M) 613.717ms
[1368.494s][info][gc,cpu         ] GC(648) User=0.62s Sys=0.00s Real=0.63s
[1369.933s][info][gc,start       ] GC(649) Pause Young (Allocation Failure)
[1370.793s][info][gc,heap        ] GC(649) DefNew: 2378902K(2516544K)->187143K(2516544K) Eden: 2236928K(2236928K)->0K(2236928K) From: 141974K(279616K)->187143K(279616K)
[1370.793s][info][gc,heap        ] GC(649) Tenured: 304222K(5592448K)->308599K(5592448K)
[1370.793s][info][gc,metaspace   ] GC(649) Metaspace: 23051K(23360K)->23051K(23360K) NonClass: 20246K(20416K)->20246K(20416K) Class: 2805K(2944K)->2805K(2944K)
[1370.793s][info][gc             ] GC(649) Pause Young (Allocation Failure) 2620M->484M(7918M) 859.330ms
[1370.793s][info][gc,cpu         ] GC(649) User=0.84s Sys=0.02s Real=0.85s
[1372.467s][info][gc,start       ] GC(650) Pause Young (Allocation Failure)
[1373.204s][info][gc,heap        ] GC(650) DefNew: 2424071K(2516544K)->168952K(2516544K) Eden: 2236928K(2236928K)->0K(2236928K) From: 187143K(279616K)->168952K(279616K)
[1373.204s][info][gc,heap        ] GC(650) Tenured: 308599K(5592448K)->310147K(5592448K)
[1373.204s][info][gc,metaspace   ] GC(650) Metaspace: 23051K(23360K)->23051K(23360K) NonClass: 20246K(20416K)->20246K(20416K) Class: 2805K(2944K)->2805K(2944K)
[1373.204s][info][gc             ] GC(650) Pause Young (Allocation Failure) 2668M->467M(7918M) 737.191ms
[1373.204s][info][gc,cpu         ] GC(650) User=0.73s Sys=0.00s Real=0.74s
[1373.978s][info][gc,start       ] GC(651) Pause Full (System.gc())
[1373.978s][info][gc,phases,start] GC(651) Phase 1: Mark live objects
[1374.159s][info][gc,phases      ] GC(651) Phase 1: Mark live objects 181.575ms
[1374.159s][info][gc,phases,start] GC(651) Phase 2: Compute new object addresses
[1374.324s][info][gc,phases      ] GC(651) Phase 2: Compute new object addresses 164.692ms
[1374.324s][info][gc,phases,start] GC(651) Phase 3: Adjust pointers
[1374.461s][info][gc,phases      ] GC(651) Phase 3: Adjust pointers 136.927ms
[1374.461s][info][gc,phases,start] GC(651) Phase 4: Move objects
[1374.535s][info][gc,phases      ] GC(651) Phase 4: Move objects 73.848ms
[1374.535s][info][gc,heap        ] GC(651) DefNew: 961817K(2516544K)->0K(2516544K) Eden: 792864K(2236928K)->0K(2236928K) From: 168952K(279616K)->0K(279616K)
[1374.535s][info][gc,heap        ] GC(651) Tenured: 310147K(5592448K)->364851K(5592448K)
[1374.535s][info][gc,metaspace   ] GC(651) Metaspace: 23051K(23360K)->23051K(23360K) NonClass: 20246K(20416K)->20246K(20416K) Class: 2805K(2944K)->2805K(2944K)
[1374.535s][info][gc             ] GC(651) Pause Full (System.gc()) 1242M->356M(7918M) 557.706ms
[1374.535s][info][gc,cpu         ] GC(651) User=0.52s Sys=0.00s Real=0.57s
[1375.875s][info][gc,start       ] GC(652) Pause Young (Allocation Failure)
[1376.770s][info][gc,heap        ] GC(652) DefNew: 2236928K(2516544K)->202503K(2516544K) Eden: 2236928K(2236928K)->0K(2236928K) From: 0K(279616K)->202503K(279616K)
[1376.770s][info][gc,heap        ] GC(652) Tenured: 364851K(5592448K)->364851K(5592448K)
[1376.770s][info][gc,metaspace   ] GC(652) Metaspace: 23055K(23360K)->23055K(23360K) NonClass: 20250K(20416K)->20250K(20416K) Class: 2805K(2944K)->2805K(2944K)
[1376.770s][info][gc             ] GC(652) Pause Young (Allocation Failure) 2540M->554M(7918M) 895.246ms
[1376.770s][info][gc,cpu         ] GC(652) User=0.89s Sys=0.00s Real=0.90s
[1378.485s][info][gc,start       ] GC(653) Pause Young (Allocation Failure)
[1379.025s][info][gc,heap        ] GC(653) DefNew: 2439431K(2516544K)->123569K(2516544K) Eden: 2236928K(2236928K)->0K(2236928K) From: 202503K(279616K)->123569K(279616K)
[1379.025s][info][gc,heap        ] GC(653) Tenured: 364851K(5592448K)->364852K(5592448K)
[1379.025s][info][gc,metaspace   ] GC(653) Metaspace: 23055K(23360K)->23055K(23360K) NonClass: 20250K(20416K)->20250K(20416K) Class: 2805K(2944K)->2805K(2944K)
[1379.025s][info][gc             ] GC(653) Pause Young (Allocation Failure) 2738M->476M(7918M) 539.603ms
[1379.025s][info][gc,cpu         ] GC(653) User=0.55s Sys=0.00s Real=0.53s
[1380.227s][info][gc,start       ] GC(654) Pause Young (Allocation Failure)
[1381.120s][info][gc,heap        ] GC(654) DefNew: 2360497K(2516544K)->203433K(2516544K) Eden: 2236928K(2236928K)->0K(2236928K) From: 123569K(279616K)->203433K(279616K)
[1381.120s][info][gc,heap        ] GC(654) Tenured: 364852K(5592448K)->364852K(5592448K)
[1381.120s][info][gc,metaspace   ] GC(654) Metaspace: 23055K(23360K)->23055K(23360K) NonClass: 20250K(20416K)->20250K(20416K) Class: 2805K(2944K)->2805K(2944K)
[1381.120s][info][gc             ] GC(654) Pause Young (Allocation Failure) 2661M->554M(7918M) 893.249ms
[1381.120s][info][gc,cpu         ] GC(654) User=0.89s Sys=0.00s Real=0.88s
[1382.854s][info][gc,start       ] GC(655) Pause Young (Allocation Failure)
[1383.312s][info][gc,heap        ] GC(655) DefNew: 2440361K(2516544K)->107683K(2516544K) Eden: 2236928K(2236928K)->0K(2236928K) From: 203433K(279616K)->107683K(279616K)
[1383.312s][info][gc,heap        ] GC(655) Tenured: 364852K(5592448K)->364852K(5592448K)
[1383.312s][info][gc,metaspace   ] GC(655) Metaspace: 23055K(23360K)->23055K(23360K) NonClass: 20250K(20416K)->20250K(20416K) Class: 2805K(2944K)->2805K(2944K)
[1383.312s][info][gc             ] GC(655) Pause Young (Allocation Failure) 2739M->461M(7918M) 458.001ms
[1383.312s][info][gc,cpu         ] GC(655) User=0.45s Sys=0.00s Real=0.44s
[1384.589s][info][gc,start       ] GC(656) Pause Young (Allocation Failure)
[1385.502s][info][gc,heap        ] GC(656) DefNew: 2344611K(2516544K)->207159K(2516544K) Eden: 2236928K(2236928K)->0K(2236928K) From: 107683K(279616K)->207159K(279616K)
[1385.502s][info][gc,heap        ] GC(656) Tenured: 364852K(5592448K)->364852K(5592448K)
[1385.502s][info][gc,metaspace   ] GC(656) Metaspace: 23055K(23360K)->23055K(23360K) NonClass: 20250K(20416K)->20250K(20416K) Class: 2805K(2944K)->2805K(2944K)
[1385.502s][info][gc             ] GC(656) Pause Young (Allocation Failure) 2645M->558M(7918M) 912.732ms
[1385.502s][info][gc,cpu         ] GC(656) User=0.88s Sys=0.02s Real=0.90s
[1387.334s][info][gc,start       ] GC(657) Pause Young (Allocation Failure)
[1387.964s][info][gc,heap        ] GC(657) DefNew: 2444087K(2516544K)->148564K(2516544K) Eden: 2236928K(2236928K)->0K(2236928K) From: 207159K(279616K)->148564K(279616K)
[1387.964s][info][gc,heap        ] GC(657) Tenured: 364852K(5592448K)->364852K(5592448K)
[1387.964s][info][gc,metaspace   ] GC(657) Metaspace: 23055K(23360K)->23055K(23360K) NonClass: 20250K(20416K)->20250K(20416K) Class: 2805K(2944K)->2805K(2944K)
[1387.964s][info][gc             ] GC(657) Pause Young (Allocation Failure) 2743M->501M(7918M) 630.728ms
[1387.964s][info][gc,cpu         ] GC(657) User=0.64s Sys=0.00s Real=0.63s
[1388.835s][info][gc,start       ] GC(658) Pause Full (System.gc())
[1388.835s][info][gc,phases,start] GC(658) Phase 1: Mark live objects
[1389.023s][info][gc,phases      ] GC(658) Phase 1: Mark live objects 187.996ms
[1389.023s][info][gc,phases,start] GC(658) Phase 2: Compute new object addresses
[1389.218s][info][gc,phases      ] GC(658) Phase 2: Compute new object addresses 194.696ms
[1389.218s][info][gc,phases,start] GC(658) Phase 3: Adjust pointers
[1389.362s][info][gc,phases      ] GC(658) Phase 3: Adjust pointers 144.144ms
[1389.362s][info][gc,phases,start] GC(658) Phase 4: Move objects
[1389.448s][info][gc,phases      ] GC(658) Phase 4: Move objects 85.661ms
[1389.448s][info][gc,heap        ] GC(658) DefNew: 1177842K(2516544K)->0K(2516544K) Eden: 1029277K(2236928K)->0K(2236928K) From: 148564K(279616K)->0K(279616K)
[1389.448s][info][gc,heap        ] GC(658) Tenured: 364852K(5592448K)->103528K(5592448K)
[1389.448s][info][gc,metaspace   ] GC(658) Metaspace: 23055K(23360K)->23055K(23360K) NonClass: 20250K(20416K)->20250K(20416K) Class: 2805K(2944K)->2805K(2944K)
[1389.448s][info][gc             ] GC(658) Pause Full (System.gc()) 1506M->101M(7918M) 613.019ms
[1389.448s][info][gc,cpu         ] GC(658) User=0.61s Sys=0.00s Real=0.61s
[1390.820s][info][gc,start       ] GC(659) Pause Young (Allocation Failure)
[1391.714s][info][gc,heap        ] GC(659) DefNew: 2236928K(2516544K)->204637K(2516544K) Eden: 2236928K(2236928K)->0K(2236928K) From: 0K(279616K)->204637K(279616K)
[1391.714s][info][gc,heap        ] GC(659) Tenured: 103528K(5592448K)->103528K(5592448K)
[1391.714s][info][gc,metaspace   ] GC(659) Metaspace: 23055K(23360K)->23055K(23360K) NonClass: 20250K(20416K)->20250K(20416K) Class: 2805K(2944K)->2805K(2944K)
[1391.714s][info][gc             ] GC(659) Pause Young (Allocation Failure) 2285M->300M(7918M) 894.515ms
[1391.714s][info][gc,cpu         ] GC(659) User=0.88s Sys=0.00s Real=0.89s
[1393.634s][info][gc,start       ] GC(660) Pause Young (Allocation Failure)
[1394.270s][info][gc,heap        ] GC(660) DefNew: 2441565K(2516544K)->148972K(2516544K) Eden: 2236928K(2236928K)->0K(2236928K) From: 204637K(279616K)->148972K(279616K)
[1394.270s][info][gc,heap        ] GC(660) Tenured: 103528K(5592448K)->103530K(5592448K)
[1394.270s][info][gc,metaspace   ] GC(660) Metaspace: 23055K(23360K)->23055K(23360K) NonClass: 20250K(20416K)->20250K(20416K) Class: 2805K(2944K)->2805K(2944K)
[1394.270s][info][gc             ] GC(660) Pause Young (Allocation Failure) 2485M->246M(7918M) 636.507ms
[1394.271s][info][gc,cpu         ] GC(660) User=0.62s Sys=0.00s Real=0.64s
[1395.515s][info][gc,start       ] GC(661) Pause Young (Allocation Failure)
[1396.464s][info][gc,heap        ] GC(661) DefNew: 2385900K(2516544K)->197058K(2516544K) Eden: 2236928K(2236928K)->0K(2236928K) From: 148972K(279616K)->197058K(279616K)
[1396.464s][info][gc,heap        ] GC(661) Tenured: 103530K(5592448K)->118015K(5592448K)
[1396.464s][info][gc,metaspace   ] GC(661) Metaspace: 23055K(23360K)->23055K(23360K) NonClass: 20250K(20416K)->20250K(20416K) Class: 2805K(2944K)->2805K(2944K)
[1396.464s][info][gc             ] GC(661) Pause Young (Allocation Failure) 2431M->307M(7918M) 948.721ms
[1396.464s][info][gc,cpu         ] GC(661) User=0.94s Sys=0.00s Real=0.95s
[1398.006s][info][gc,start       ] GC(662) Pause Young (Allocation Failure)
[1398.706s][info][gc,heap        ] GC(662) DefNew: 2433986K(2516544K)->161017K(2516544K) Eden: 2236928K(2236928K)->0K(2236928K) From: 197058K(279616K)->161017K(279616K)
[1398.706s][info][gc,heap        ] GC(662) Tenured: 118015K(5592448K)->122497K(5592448K)
[1398.706s][info][gc,metaspace   ] GC(662) Metaspace: 23055K(23360K)->23055K(23360K) NonClass: 20250K(20416K)->20250K(20416K) Class: 2805K(2944K)->2805K(2944K)
[1398.706s][info][gc             ] GC(662) Pause Young (Allocation Failure) 2492M->276M(7918M) 700.708ms
[1398.706s][info][gc,cpu         ] GC(662) User=0.70s Sys=0.00s Real=0.70s
[1400.147s][info][gc,start       ] GC(663) Pause Young (Allocation Failure)
[1400.824s][info][gc,heap        ] GC(663) DefNew: 2397945K(2516544K)->146138K(2516544K) Eden: 2236928K(2236928K)->0K(2236928K) From: 161017K(279616K)->146138K(279616K)
[1400.824s][info][gc,heap        ] GC(663) Tenured: 122497K(5592448K)->124076K(5592448K)
[1400.824s][info][gc,metaspace   ] GC(663) Metaspace: 23055K(23360K)->23055K(23360K) NonClass: 20250K(20416K)->20250K(20416K) Class: 2805K(2944K)->2805K(2944K)
[1400.824s][info][gc             ] GC(663) Pause Young (Allocation Failure) 2461M->263M(7918M) 677.211ms
[1400.824s][info][gc,cpu         ] GC(663) User=0.69s Sys=0.00s Real=0.67s
[1402.410s][info][gc,start       ] GC(664) Pause Young (Allocation Failure)
[1403.192s][info][gc,heap        ] GC(664) DefNew: 2383066K(2516544K)->177678K(2516544K) Eden: 2236928K(2236928K)->0K(2236928K) From: 146138K(279616K)->177678K(279616K)
[1403.192s][info][gc,heap        ] GC(664) Tenured: 124076K(5592448K)->124708K(5592448K)
[1403.192s][info][gc,metaspace   ] GC(664) Metaspace: 23055K(23360K)->23055K(23360K) NonClass: 20250K(20416K)->20250K(20416K) Class: 2805K(2944K)->2805K(2944K)
[1403.192s][info][gc             ] GC(664) Pause Young (Allocation Failure) 2448M->295M(7918M) 781.631ms
[1403.192s][info][gc,cpu         ] GC(664) User=0.78s Sys=0.00s Real=0.79s
[1403.954s][info][gc,start       ] GC(665) Pause Full (System.gc())
[1403.954s][info][gc,phases,start] GC(665) Phase 1: Mark live objects
[1404.137s][info][gc,phases      ] GC(665) Phase 1: Mark live objects 183.193ms
[1404.137s][info][gc,phases,start] GC(665) Phase 2: Compute new object addresses
[1404.301s][info][gc,phases      ] GC(665) Phase 2: Compute new object addresses 163.818ms
[1404.301s][info][gc,phases,start] GC(665) Phase 3: Adjust pointers
[1404.437s][info][gc,phases      ] GC(665) Phase 3: Adjust pointers 135.782ms
[1404.437s][info][gc,phases,start] GC(665) Phase 4: Move objects
[1404.507s][info][gc,phases      ] GC(665) Phase 4: Move objects 70.265ms
[1404.507s][info][gc,heap        ] GC(665) DefNew: 941430K(2516544K)->0K(2516544K) Eden: 763752K(2236928K)->0K(2236928K) From: 177678K(279616K)->0K(279616K)
[1404.507s][info][gc,heap        ] GC(665) Tenured: 124708K(5592448K)->221782K(5592448K)
[1404.507s][info][gc,metaspace   ] GC(665) Metaspace: 23055K(23360K)->23055K(23360K) NonClass: 20250K(20416K)->20250K(20416K) Class: 2805K(2944K)->2805K(2944K)
[1404.507s][info][gc             ] GC(665) Pause Full (System.gc()) 1041M->216M(7918M) 553.479ms
[1404.507s][info][gc,cpu         ] GC(665) User=0.56s Sys=0.00s Real=0.55s
[1405.795s][info][gc,start       ] GC(666) Pause Young (Allocation Failure)
[1406.688s][info][gc,heap        ] GC(666) DefNew: 2236928K(2516544K)->198413K(2516544K) Eden: 2236928K(2236928K)->0K(2236928K) From: 0K(279616K)->198413K(279616K)
[1406.688s][info][gc,heap        ] GC(666) Tenured: 221782K(5592448K)->221782K(5592448K)
[1406.688s][info][gc,metaspace   ] GC(666) Metaspace: 23055K(23360K)->23055K(23360K) NonClass: 20250K(20416K)->20250K(20416K) Class: 2805K(2944K)->2805K(2944K)
[1406.688s][info][gc             ] GC(666) Pause Young (Allocation Failure) 2401M->410M(7918M) 892.488ms
[1406.688s][info][gc,cpu         ] GC(666) User=0.88s Sys=0.00s Real=0.90s
[1408.379s][info][gc,start       ] GC(667) Pause Young (Allocation Failure)
[1408.900s][info][gc,heap        ] GC(667) DefNew: 2435341K(2516544K)->119070K(2516544K) Eden: 2236928K(2236928K)->0K(2236928K) From: 198413K(279616K)->119070K(279616K)
[1408.900s][info][gc,heap        ] GC(667) Tenured: 221782K(5592448K)->221783K(5592448K)
[1408.900s][info][gc,metaspace   ] GC(667) Metaspace: 23055K(23360K)->23055K(23360K) NonClass: 20250K(20416K)->20250K(20416K) Class: 2805K(2944K)->2805K(2944K)
[1408.900s][info][gc             ] GC(667) Pause Young (Allocation Failure) 2594M->332M(7918M) 520.923ms
[1408.900s][info][gc,cpu         ] GC(667) User=0.53s Sys=0.00s Real=0.52s
[1410.098s][info][gc,start       ] GC(668) Pause Young (Allocation Failure)
[1410.998s][info][gc,heap        ] GC(668) DefNew: 2355998K(2516544K)->203729K(2516544K) Eden: 2236928K(2236928K)->0K(2236928K) From: 119070K(279616K)->203729K(279616K)
[1410.998s][info][gc,heap        ] GC(668) Tenured: 221783K(5592448K)->221783K(5592448K)
[1410.998s][info][gc,metaspace   ] GC(668) Metaspace: 23055K(23360K)->23055K(23360K) NonClass: 20250K(20416K)->20250K(20416K) Class: 2805K(2944K)->2805K(2944K)
[1410.998s][info][gc             ] GC(668) Pause Young (Allocation Failure) 2517M->415M(7918M) 899.267ms
[1410.998s][info][gc,cpu         ] GC(668) User=0.91s Sys=0.00s Real=0.89s
[1412.658s][info][gc,start       ] GC(669) Pause Young (Allocation Failure)
[1413.192s][info][gc,heap        ] GC(669) DefNew: 2440657K(2516544K)->123243K(2516544K) Eden: 2236928K(2236928K)->0K(2236928K) From: 203729K(279616K)->123243K(279616K)
[1413.192s][info][gc,heap        ] GC(669) Tenured: 221783K(5592448K)->221783K(5592448K)
[1413.192s][info][gc,metaspace   ] GC(669) Metaspace: 23055K(23360K)->23055K(23360K) NonClass: 20250K(20416K)->20250K(20416K) Class: 2805K(2944K)->2805K(2944K)
[1413.192s][info][gc             ] GC(669) Pause Young (Allocation Failure) 2600M->336M(7918M) 534.750ms
[1413.192s][info][gc,cpu         ] GC(669) User=0.53s Sys=0.00s Real=0.53s
[1414.393s][info][gc,start       ] GC(670) Pause Young (Allocation Failure)
[1415.320s][info][gc,heap        ] GC(670) DefNew: 2360171K(2516544K)->209031K(2516544K) Eden: 2236928K(2236928K)->0K(2236928K) From: 123243K(279616K)->209031K(279616K)
[1415.321s][info][gc,heap        ] GC(670) Tenured: 221783K(5592448K)->221783K(5592448K)
[1415.321s][info][gc,metaspace   ] GC(670) Metaspace: 23055K(23360K)->23055K(23360K) NonClass: 20250K(20416K)->20250K(20416K) Class: 2805K(2944K)->2805K(2944K)
[1415.321s][info][gc             ] GC(670) Pause Young (Allocation Failure) 2521M->420M(7918M) 927.689ms
[1415.321s][info][gc,cpu         ] GC(670) User=0.94s Sys=0.00s Real=0.92s
[1417.120s][info][gc,start       ] GC(671) Pause Young (Allocation Failure)
[1417.740s][info][gc,heap        ] GC(671) DefNew: 2445959K(2516544K)->146277K(2516544K) Eden: 2236928K(2236928K)->0K(2236928K) From: 209031K(279616K)->146277K(279616K)
[1417.740s][info][gc,heap        ] GC(671) Tenured: 221783K(5592448K)->221784K(5592448K)
[1417.740s][info][gc,metaspace   ] GC(671) Metaspace: 23055K(23360K)->23055K(23360K) NonClass: 20250K(20416K)->20250K(20416K) Class: 2805K(2944K)->2805K(2944K)
[1417.740s][info][gc             ] GC(671) Pause Young (Allocation Failure) 2605M->359M(7918M) 620.304ms
[1417.740s][info][gc,cpu         ] GC(671) User=0.61s Sys=0.00s Real=0.61s
[1418.599s][info][gc,start       ] GC(672) Pause Full (System.gc())
[1418.599s][info][gc,phases,start] GC(672) Phase 1: Mark live objects
[1418.775s][info][gc,phases      ] GC(672) Phase 1: Mark live objects 176.644ms
[1418.775s][info][gc,phases,start] GC(672) Phase 2: Compute new object addresses
[1418.978s][info][gc,phases      ] GC(672) Phase 2: Compute new object addresses 202.193ms
[1418.978s][info][gc,phases,start] GC(672) Phase 3: Adjust pointers
[1419.124s][info][gc,phases      ] GC(672) Phase 3: Adjust pointers 146.043ms
[1419.124s][info][gc,phases,start] GC(672) Phase 4: Move objects
[1419.212s][info][gc,phases      ] GC(672) Phase 4: Move objects 88.629ms
[1419.213s][info][gc,heap        ] GC(672) DefNew: 1236680K(2516544K)->0K(2516544K) Eden: 1090403K(2236928K)->0K(2236928K) From: 146277K(279616K)->0K(279616K)
[1419.213s][info][gc,heap        ] GC(672) Tenured: 221784K(5592448K)->318823K(5592448K)
[1419.213s][info][gc,metaspace   ] GC(672) Metaspace: 23058K(23360K)->23058K(23360K) NonClass: 20253K(20416K)->20253K(20416K) Class: 2805K(2944K)->2805K(2944K)
[1419.213s][info][gc             ] GC(672) Pause Full (System.gc()) 1424M->311M(7918M) 613.978ms
[1419.213s][info][gc,cpu         ] GC(672) User=0.62s Sys=0.00s Real=0.62s
[1420.445s][info][gc,start       ] GC(673) Pause Young (Allocation Failure)
[1421.294s][info][gc,heap        ] GC(673) DefNew: 2236928K(2516544K)->190641K(2516544K) Eden: 2236928K(2236928K)->0K(2236928K) From: 0K(279616K)->190641K(279616K)
[1421.294s][info][gc,heap        ] GC(673) Tenured: 318823K(5592448K)->318823K(5592448K)
[1421.294s][info][gc,metaspace   ] GC(673) Metaspace: 23071K(23360K)->23071K(23360K) NonClass: 20265K(20416K)->20265K(20416K) Class: 2805K(2944K)->2805K(2944K)
[1421.294s][info][gc             ] GC(673) Pause Young (Allocation Failure) 2495M->497M(7918M) 848.830ms
[1421.294s][info][gc,cpu         ] GC(673) User=0.83s Sys=0.00s Real=0.86s
[1423.037s][info][gc,start       ] GC(674) Pause Young (Allocation Failure)
[1423.511s][info][gc,heap        ] GC(674) DefNew: 2427569K(2516544K)->106739K(2516544K) Eden: 2236928K(2236928K)->0K(2236928K) From: 190641K(279616K)->106739K(279616K)
[1423.511s][info][gc,heap        ] GC(674) Tenured: 318823K(5592448K)->318824K(5592448K)
[1423.511s][info][gc,metaspace   ] GC(674) Metaspace: 23071K(23360K)->23071K(23360K) NonClass: 20265K(20416K)->20265K(20416K) Class: 2805K(2944K)->2805K(2944K)
[1423.511s][info][gc             ] GC(674) Pause Young (Allocation Failure) 2682M->415M(7918M) 474.649ms
[1423.511s][info][gc,cpu         ] GC(674) User=0.48s Sys=0.00s Real=0.47s
[1424.750s][info][gc,start       ] GC(675) Pause Young (Allocation Failure)
[1425.638s][info][gc,heap        ] GC(675) DefNew: 2343667K(2516544K)->198640K(2516544K) Eden: 2236928K(2236928K)->0K(2236928K) From: 106739K(279616K)->198640K(279616K)
[1425.638s][info][gc,heap        ] GC(675) Tenured: 318824K(5592448K)->318824K(5592448K)
[1425.638s][info][gc,metaspace   ] GC(675) Metaspace: 23071K(23360K)->23071K(23360K) NonClass: 20265K(20416K)->20265K(20416K) Class: 2805K(2944K)->2805K(2944K)
[1425.638s][info][gc             ] GC(675) Pause Young (Allocation Failure) 2600M->505M(7918M) 887.961ms
[1425.638s][info][gc,cpu         ] GC(675) User=0.89s Sys=0.00s Real=0.89s
[1427.359s][info][gc,start       ] GC(676) Pause Young (Allocation Failure)
[1427.893s][info][gc,heap        ] GC(676) DefNew: 2435568K(2516544K)->123219K(2516544K) Eden: 2236928K(2236928K)->0K(2236928K) From: 198640K(279616K)->123219K(279616K)
[1427.893s][info][gc,heap        ] GC(676) Tenured: 318824K(5592448K)->318824K(5592448K)
[1427.893s][info][gc,metaspace   ] GC(676) Metaspace: 23071K(23360K)->23071K(23360K) NonClass: 20265K(20416K)->20265K(20416K) Class: 2805K(2944K)->2805K(2944K)
[1427.893s][info][gc             ] GC(676) Pause Young (Allocation Failure) 2689M->431M(7918M) 534.329ms
[1427.893s][info][gc,cpu         ] GC(676) User=0.53s Sys=0.00s Real=0.53s
[1429.184s][info][gc,start       ] GC(677) Pause Young (Allocation Failure)
[1430.145s][info][gc,heap        ] GC(677) DefNew: 2360147K(2516544K)->216216K(2516544K) Eden: 2236928K(2236928K)->0K(2236928K) From: 123219K(279616K)->216216K(279616K)
[1430.145s][info][gc,heap        ] GC(677) Tenured: 318824K(5592448K)->318824K(5592448K)
[1430.145s][info][gc,metaspace   ] GC(677) Metaspace: 23071K(23360K)->23071K(23360K) NonClass: 20265K(20416K)->20265K(20416K) Class: 2805K(2944K)->2805K(2944K)
[1430.145s][info][gc             ] GC(677) Pause Young (Allocation Failure) 2616M->522M(7918M) 961.563ms
[1430.145s][info][gc,cpu         ] GC(677) User=0.92s Sys=0.00s Real=0.97s
[1431.851s][info][gc,start       ] GC(678) Pause Young (Allocation Failure)
[1432.480s][info][gc,heap        ] GC(678) DefNew: 2453144K(2516544K)->144757K(2516544K) Eden: 2236928K(2236928K)->0K(2236928K) From: 216216K(279616K)->144757K(279616K)
[1432.480s][info][gc,heap        ] GC(678) Tenured: 318824K(5592448K)->318824K(5592448K)
[1432.480s][info][gc,metaspace   ] GC(678) Metaspace: 23071K(23360K)->23071K(23360K) NonClass: 20265K(20416K)->20265K(20416K) Class: 2805K(2944K)->2805K(2944K)
[1432.480s][info][gc             ] GC(678) Pause Young (Allocation Failure) 2707M->452M(7918M) 628.478ms
[1432.480s][info][gc,cpu         ] GC(678) User=0.62s Sys=0.00s Real=0.62s
[1433.367s][info][gc,start       ] GC(679) Pause Full (System.gc())
[1433.367s][info][gc,phases,start] GC(679) Phase 1: Mark live objects
[1433.561s][info][gc,phases      ] GC(679) Phase 1: Mark live objects 193.940ms
[1433.561s][info][gc,phases,start] GC(679) Phase 2: Compute new object addresses
[1433.763s][info][gc,phases      ] GC(679) Phase 2: Compute new object addresses 201.659ms
[1433.763s][info][gc,phases,start] GC(679) Phase 3: Adjust pointers
[1433.910s][info][gc,phases      ] GC(679) Phase 3: Adjust pointers 146.913ms
[1433.910s][info][gc,phases,start] GC(679) Phase 4: Move objects
[1433.998s][info][gc,phases      ] GC(679) Phase 4: Move objects 88.539ms
[1433.999s][info][gc,heap        ] GC(679) DefNew: 1220078K(2516544K)->0K(2516544K) Eden: 1075320K(2236928K)->0K(2236928K) From: 144757K(279616K)->0K(279616K)
[1433.999s][info][gc,heap        ] GC(679) Tenured: 318824K(5592448K)->171314K(5592448K)
[1433.999s][info][gc,metaspace   ] GC(679) Metaspace: 23071K(23360K)->23071K(23360K) NonClass: 20265K(20416K)->20265K(20416K) Class: 2805K(2944K)->2805K(2944K)
[1433.999s][info][gc             ] GC(679) Pause Full (System.gc()) 1502M->167M(7918M) 631.512ms
[1433.999s][info][gc,cpu         ] GC(679) User=0.62s Sys=0.00s Real=0.64s
[1435.219s][info][gc,start       ] GC(680) Pause Young (Allocation Failure)
[1436.047s][info][gc,heap        ] GC(680) DefNew: 2236928K(2516544K)->186270K(2516544K) Eden: 2236928K(2236928K)->0K(2236928K) From: 0K(279616K)->186270K(279616K)
[1436.047s][info][gc,heap        ] GC(680) Tenured: 171314K(5592448K)->171314K(5592448K)
[1436.047s][info][gc,metaspace   ] GC(680) Metaspace: 23071K(23360K)->23071K(23360K) NonClass: 20265K(20416K)->20265K(20416K) Class: 2805K(2944K)->2805K(2944K)
[1436.047s][info][gc             ] GC(680) Pause Young (Allocation Failure) 2351M->349M(7918M) 827.213ms
[1436.047s][info][gc,cpu         ] GC(680) User=0.81s Sys=0.02s Real=0.81s
[1437.876s][info][gc,start       ] GC(681) Pause Young (Allocation Failure)
[1438.401s][info][gc,heap        ] GC(681) DefNew: 2423198K(2516544K)->123181K(2516544K) Eden: 2236928K(2236928K)->0K(2236928K) From: 186270K(279616K)->123181K(279616K)
[1438.401s][info][gc,heap        ] GC(681) Tenured: 171314K(5592448K)->171316K(5592448K)
[1438.401s][info][gc,metaspace   ] GC(681) Metaspace: 23071K(23360K)->23071K(23360K) NonClass: 20265K(20416K)->20265K(20416K) Class: 2805K(2944K)->2805K(2944K)
[1438.401s][info][gc             ] GC(681) Pause Young (Allocation Failure) 2533M->287M(7918M) 524.768ms
[1438.401s][info][gc,cpu         ] GC(681) User=0.53s Sys=0.00s Real=0.53s
[1439.654s][info][gc,start       ] GC(682) Pause Young (Allocation Failure)
[1440.594s][info][gc,heap        ] GC(682) DefNew: 2360109K(2516544K)->211277K(2516544K) Eden: 2236928K(2236928K)->0K(2236928K) From: 123181K(279616K)->211277K(279616K)
[1440.594s][info][gc,heap        ] GC(682) Tenured: 171316K(5592448K)->171316K(5592448K)
[1440.594s][info][gc,metaspace   ] GC(682) Metaspace: 23071K(23360K)->23071K(23360K) NonClass: 20265K(20416K)->20265K(20416K) Class: 2805K(2944K)->2805K(2944K)
[1440.594s][info][gc             ] GC(682) Pause Young (Allocation Failure) 2472M->373M(7918M) 940.168ms
[1440.594s][info][gc,cpu         ] GC(682) User=0.94s Sys=0.00s Real=0.94s
[1442.443s][info][gc,start       ] GC(683) Pause Young (Allocation Failure)
[1443.125s][info][gc,heap        ] GC(683) DefNew: 2448205K(2516544K)->159500K(2516544K) Eden: 2236928K(2236928K)->0K(2236928K) From: 211277K(279616K)->159500K(279616K)
[1443.126s][info][gc,heap        ] GC(683) Tenured: 171316K(5592448K)->171316K(5592448K)
[1443.126s][info][gc,metaspace   ] GC(683) Metaspace: 23071K(23360K)->23071K(23360K) NonClass: 20265K(20416K)->20265K(20416K) Class: 2805K(2944K)->2805K(2944K)
[1443.126s][info][gc             ] GC(683) Pause Young (Allocation Failure) 2558M->323M(7918M) 682.341ms
[1443.126s][info][gc,cpu         ] GC(683) User=0.69s Sys=0.00s Real=0.69s
[1445.119s][info][gc,start       ] GC(684) Pause Young (Allocation Failure)
[1445.567s][info][gc,heap        ] GC(684) DefNew: 2396428K(2516544K)->104437K(2516544K) Eden: 2236928K(2236928K)->0K(2236928K) From: 159500K(279616K)->104437K(279616K)
[1445.567s][info][gc,heap        ] GC(684) Tenured: 171316K(5592448K)->171317K(5592448K)
[1445.567s][info][gc,metaspace   ] GC(684) Metaspace: 23071K(23360K)->23071K(23360K) NonClass: 20265K(20416K)->20265K(20416K) Class: 2805K(2944K)->2805K(2944K)
[1445.567s][info][gc             ] GC(684) Pause Young (Allocation Failure) 2507M->269M(7918M) 448.063ms
[1445.567s][info][gc,cpu         ] GC(684) User=0.41s Sys=0.03s Real=0.45s
[1446.817s][info][gc,start       ] GC(685) Pause Young (Allocation Failure)
[1447.686s][info][gc,heap        ] GC(685) DefNew: 2341365K(2516544K)->196436K(2516544K) Eden: 2236928K(2236928K)->0K(2236928K) From: 104437K(279616K)->196436K(279616K)
[1447.686s][info][gc,heap        ] GC(685) Tenured: 171317K(5592448K)->171317K(5592448K)
[1447.686s][info][gc,metaspace   ] GC(685) Metaspace: 23071K(23360K)->23071K(23360K) NonClass: 20265K(20416K)->20265K(20416K) Class: 2805K(2944K)->2805K(2944K)
[1447.686s][info][gc             ] GC(685) Pause Young (Allocation Failure) 2453M->359M(7918M) 869.545ms
[1447.687s][info][gc,cpu         ] GC(685) User=0.88s Sys=0.00s Real=0.87s
[1448.420s][info][gc,start       ] GC(686) Pause Full (System.gc())
[1448.420s][info][gc,phases,start] GC(686) Phase 1: Mark live objects
[1448.599s][info][gc,phases      ] GC(686) Phase 1: Mark live objects 178.331ms
[1448.599s][info][gc,phases,start] GC(686) Phase 2: Compute new object addresses
[1448.737s][info][gc,phases      ] GC(686) Phase 2: Compute new object addresses 138.212ms
[1448.737s][info][gc,phases,start] GC(686) Phase 3: Adjust pointers
[1448.863s][info][gc,phases      ] GC(686) Phase 3: Adjust pointers 126.164ms
[1448.863s][info][gc,phases,start] GC(686) Phase 4: Move objects
[1448.923s][info][gc,phases      ] GC(686) Phase 4: Move objects 59.484ms
[1448.923s][info][gc,heap        ] GC(686) DefNew: 761856K(2516544K)->0K(2516544K) Eden: 565420K(2236928K)->0K(2236928K) From: 196436K(279616K)->0K(279616K)
[1448.923s][info][gc,heap        ] GC(686) Tenured: 171317K(5592448K)->94990K(5592448K)
[1448.923s][info][gc,metaspace   ] GC(686) Metaspace: 23071K(23360K)->23071K(23360K) NonClass: 20266K(20416K)->20266K(20416K) Class: 2805K(2944K)->2805K(2944K)
[1448.923s][info][gc             ] GC(686) Pause Full (System.gc()) 911M->92M(7918M) 502.620ms
[1448.923s][info][gc,cpu         ] GC(686) User=0.48s Sys=0.02s Real=0.50s
[1450.172s][info][gc,start       ] GC(687) Pause Young (Allocation Failure)
[1450.863s][info][gc,heap        ] GC(687) DefNew: 2236928K(2516544K)->158822K(2516544K) Eden: 2236928K(2236928K)->0K(2236928K) From: 0K(279616K)->158822K(279616K)
[1450.864s][info][gc,heap        ] GC(687) Tenured: 94990K(5592448K)->94990K(5592448K)
[1450.864s][info][gc,metaspace   ] GC(687) Metaspace: 23071K(23360K)->23071K(23360K) NonClass: 20266K(20416K)->20266K(20416K) Class: 2805K(2944K)->2805K(2944K)
[1450.864s][info][gc             ] GC(687) Pause Young (Allocation Failure) 2277M->247M(7918M) 691.855ms
[1450.864s][info][gc,cpu         ] GC(687) User=0.69s Sys=0.00s Real=0.68s
[1452.574s][info][gc,start       ] GC(688) Pause Young (Allocation Failure)
[1453.024s][info][gc,heap        ] GC(688) DefNew: 2395750K(2516544K)->100659K(2516544K) Eden: 2236928K(2236928K)->0K(2236928K) From: 158822K(279616K)->100659K(279616K)
[1453.025s][info][gc,heap        ] GC(688) Tenured: 94990K(5592448K)->94993K(5592448K)
[1453.025s][info][gc,metaspace   ] GC(688) Metaspace: 23071K(23360K)->23071K(23360K) NonClass: 20266K(20416K)->20266K(20416K) Class: 2805K(2944K)->2805K(2944K)
[1453.025s][info][gc             ] GC(688) Pause Young (Allocation Failure) 2432M->191M(7918M) 450.774ms
[1453.025s][info][gc,cpu         ] GC(688) User=0.45s Sys=0.00s Real=0.45s
[1454.252s][info][gc,start       ] GC(689) Pause Young (Allocation Failure)
[1455.068s][info][gc,heap        ] GC(689) DefNew: 2337587K(2516544K)->185859K(2516544K) Eden: 2236928K(2236928K)->0K(2236928K) From: 100659K(279616K)->185859K(279616K)
[1455.068s][info][gc,heap        ] GC(689) Tenured: 94993K(5592448K)->94993K(5592448K)
[1455.068s][info][gc,metaspace   ] GC(689) Metaspace: 23071K(23360K)->23071K(23360K) NonClass: 20266K(20416K)->20266K(20416K) Class: 2805K(2944K)->2805K(2944K)
[1455.068s][info][gc             ] GC(689) Pause Young (Allocation Failure) 2375M->274M(7918M) 816.301ms
[1455.068s][info][gc,cpu         ] GC(689) User=0.81s Sys=0.00s Real=0.81s
[1456.897s][info][gc,start       ] GC(690) Pause Young (Allocation Failure)
[1457.449s][info][gc,heap        ] GC(690) DefNew: 2422787K(2516544K)->130080K(2516544K) Eden: 2236928K(2236928K)->0K(2236928K) From: 185859K(279616K)->130080K(279616K)
[1457.449s][info][gc,heap        ] GC(690) Tenured: 94993K(5592448K)->94993K(5592448K)
[1457.449s][info][gc,metaspace   ] GC(690) Metaspace: 23071K(23360K)->23071K(23360K) NonClass: 20266K(20416K)->20266K(20416K) Class: 2805K(2944K)->2805K(2944K)
[1457.449s][info][gc             ] GC(690) Pause Young (Allocation Failure) 2458M->219M(7918M) 552.237ms
[1457.449s][info][gc,cpu         ] GC(690) User=0.55s Sys=0.00s Real=0.54s
[1458.596s][info][gc,start       ] GC(691) Pause Young (Allocation Failure)
[1459.528s][info][gc,heap        ] GC(691) DefNew: 2367008K(2516544K)->210284K(2516544K) Eden: 2236928K(2236928K)->0K(2236928K) From: 130080K(279616K)->210284K(279616K)
[1459.529s][info][gc,heap        ] GC(691) Tenured: 94993K(5592448K)->94993K(5592448K)
[1459.529s][info][gc,metaspace   ] GC(691) Metaspace: 23071K(23360K)->23071K(23360K) NonClass: 20266K(20416K)->20266K(20416K) Class: 2805K(2944K)->2805K(2944K)
[1459.529s][info][gc             ] GC(691) Pause Young (Allocation Failure) 2404M->298M(7918M) 932.959ms
[1459.529s][info][gc,cpu         ] GC(691) User=0.94s Sys=0.00s Real=0.93s
[1461.307s][info][gc,start       ] GC(692) Pause Young (Allocation Failure)
[1461.896s][info][gc,heap        ] GC(692) DefNew: 2447212K(2516544K)->138804K(2516544K) Eden: 2236928K(2236928K)->0K(2236928K) From: 210284K(279616K)->138804K(279616K)
[1461.896s][info][gc,heap        ] GC(692) Tenured: 94993K(5592448K)->94993K(5592448K)
[1461.896s][info][gc,metaspace   ] GC(692) Metaspace: 23071K(23360K)->23071K(23360K) NonClass: 20266K(20416K)->20266K(20416K) Class: 2805K(2944K)->2805K(2944K)
[1461.896s][info][gc             ] GC(692) Pause Young (Allocation Failure) 2482M->228M(7918M) 588.417ms
[1461.896s][info][gc,cpu         ] GC(692) User=0.58s Sys=0.00s Real=0.59s
[1462.666s][info][gc,start       ] GC(693) Pause Full (System.gc())
[1462.667s][info][gc,phases,start] GC(693) Phase 1: Mark live objects
[1462.859s][info][gc,phases      ] GC(693) Phase 1: Mark live objects 192.781ms
[1462.859s][info][gc,phases,start] GC(693) Phase 2: Compute new object addresses
[1463.064s][info][gc,phases      ] GC(693) Phase 2: Compute new object addresses 204.905ms
[1463.064s][info][gc,phases,start] GC(693) Phase 3: Adjust pointers
[1463.212s][info][gc,phases      ] GC(693) Phase 3: Adjust pointers 147.512ms
[1463.212s][info][gc,phases,start] GC(693) Phase 4: Move objects
[1463.303s][info][gc,phases      ] GC(693) Phase 4: Move objects 90.950ms
[1463.303s][info][gc,heap        ] GC(693) DefNew: 1261119K(2516544K)->0K(2516544K) Eden: 1122314K(2236928K)->0K(2236928K) From: 138804K(279616K)->0K(279616K)
[1463.303s][info][gc,heap        ] GC(693) Tenured: 94993K(5592448K)->191902K(5592448K)
[1463.303s][info][gc,metaspace   ] GC(693) Metaspace: 23071K(23360K)->23071K(23360K) NonClass: 20266K(20416K)->20266K(20416K) Class: 2805K(2944K)->2805K(2944K)
[1463.303s][info][gc             ] GC(693) Pause Full (System.gc()) 1324M->187M(7918M) 636.556ms
[1463.303s][info][gc,cpu         ] GC(693) User=0.62s Sys=0.00s Real=0.63s
[1464.579s][info][gc,start       ] GC(694) Pause Young (Allocation Failure)
[1465.454s][info][gc,heap        ] GC(694) DefNew: 2236928K(2516544K)->199222K(2516544K) Eden: 2236928K(2236928K)->0K(2236928K) From: 0K(279616K)->199222K(279616K)
[1465.454s][info][gc,heap        ] GC(694) Tenured: 191902K(5592448K)->191902K(5592448K)
[1465.454s][info][gc,metaspace   ] GC(694) Metaspace: 23071K(23424K)->23071K(23424K) NonClass: 20266K(20480K)->20266K(20480K) Class: 2805K(2944K)->2805K(2944K)
[1465.454s][info][gc             ] GC(694) Pause Young (Allocation Failure) 2371M->381M(7918M) 875.007ms
[1465.454s][info][gc,cpu         ] GC(694) User=0.86s Sys=0.00s Real=0.87s
[1467.298s][info][gc,start       ] GC(695) Pause Young (Allocation Failure)
[1467.880s][info][gc,heap        ] GC(695) DefNew: 2436150K(2516544K)->137456K(2516544K) Eden: 2236928K(2236928K)->0K(2236928K) From: 199222K(279616K)->137456K(279616K)
[1467.880s][info][gc,heap        ] GC(695) Tenured: 191902K(5592448K)->191904K(5592448K)
[1467.880s][info][gc,metaspace   ] GC(695) Metaspace: 23071K(23424K)->23071K(23424K) NonClass: 20266K(20480K)->20266K(20480K) Class: 2805K(2944K)->2805K(2944K)
[1467.880s][info][gc             ] GC(695) Pause Young (Allocation Failure) 2566M->321M(7918M) 581.803ms
[1467.880s][info][gc,cpu         ] GC(695) User=0.58s Sys=0.00s Real=0.57s
[1469.081s][info][gc,start       ] GC(696) Pause Young (Allocation Failure)
[1469.998s][info][gc,heap        ] GC(696) DefNew: 2374384K(2516544K)->209201K(2516544K) Eden: 2236928K(2236928K)->0K(2236928K) From: 137456K(279616K)->209201K(279616K)
[1469.998s][info][gc,heap        ] GC(696) Tenured: 191904K(5592448K)->191904K(5592448K)
[1469.998s][info][gc,metaspace   ] GC(696) Metaspace: 23071K(23424K)->23071K(23424K) NonClass: 20266K(20480K)->20266K(20480K) Class: 2805K(2944K)->2805K(2944K)
[1469.998s][info][gc             ] GC(696) Pause Young (Allocation Failure) 2506M->391M(7918M) 916.346ms
[1469.998s][info][gc,cpu         ] GC(696) User=0.92s Sys=0.00s Real=0.91s
[1471.711s][info][gc,start       ] GC(697) Pause Young (Allocation Failure)
[1472.413s][info][gc,heap        ] GC(697) DefNew: 2446129K(2516544K)->161050K(2516544K) Eden: 2236928K(2236928K)->0K(2236928K) From: 209201K(279616K)->161050K(279616K)
[1472.413s][info][gc,heap        ] GC(697) Tenured: 191904K(5592448K)->191904K(5592448K)
[1472.413s][info][gc,metaspace   ] GC(697) Metaspace: 23071K(23424K)->23071K(23424K) NonClass: 20266K(20480K)->20266K(20480K) Class: 2805K(2944K)->2805K(2944K)
[1472.413s][info][gc             ] GC(697) Pause Young (Allocation Failure) 2576M->344M(7918M) 702.333ms
[1472.414s][info][gc,cpu         ] GC(697) User=0.67s Sys=0.00s Real=0.69s
[1474.016s][info][gc,start       ] GC(698) Pause Young (Allocation Failure)
[1474.603s][info][gc,heap        ] GC(698) DefNew: 2397978K(2516544K)->131650K(2516544K) Eden: 2236928K(2236928K)->0K(2236928K) From: 161050K(279616K)->131650K(279616K)
[1474.603s][info][gc,heap        ] GC(698) Tenured: 191904K(5592448K)->193168K(5592448K)
[1474.603s][info][gc,metaspace   ] GC(698) Metaspace: 23071K(23424K)->23071K(23424K) NonClass: 20266K(20480K)->20266K(20480K) Class: 2805K(2944K)->2805K(2944K)
[1474.603s][info][gc             ] GC(698) Pause Young (Allocation Failure) 2529M->317M(7918M) 587.388ms
[1474.604s][info][gc,cpu         ] GC(698) User=0.59s Sys=0.00s Real=0.59s
[1476.070s][info][gc,start       ] GC(699) Pause Young (Allocation Failure)
[1476.848s][info][gc,heap        ] GC(699) DefNew: 2368578K(2516544K)->178074K(2516544K) Eden: 2236928K(2236928K)->0K(2236928K) From: 131650K(279616K)->178074K(279616K)
[1476.848s][info][gc,heap        ] GC(699) Tenured: 193168K(5592448K)->193168K(5592448K)
[1476.848s][info][gc,metaspace   ] GC(699) Metaspace: 23071K(23424K)->23071K(23424K) NonClass: 20266K(20480K)->20266K(20480K) Class: 2805K(2944K)->2805K(2944K)
[1476.848s][info][gc             ] GC(699) Pause Young (Allocation Failure) 2501M->362M(7918M) 778.476ms
[1476.848s][info][gc,cpu         ] GC(699) User=0.75s Sys=0.00s Real=0.78s
[1477.986s][info][gc,heap,exit   ] Heap
[1477.986s][info][gc,heap,exit   ]  def new generation   total 2516544K, used 1121690K [0x0000000600000000, 0x00000006aaaa0000, 0x00000006aaaa0000)
[1477.986s][info][gc,heap,exit   ]   eden space 2236928K,  42% used [0x0000000600000000, 0x0000000639980180, 0x0000000688880000)
[1477.986s][info][gc,heap,exit   ]   from space 279616K,  63% used [0x0000000699990000, 0x00000006a47769d8, 0x00000006aaaa0000)
[1477.986s][info][gc,heap,exit   ]   to   space 279616K,   0% used [0x0000000688880000, 0x0000000688880000, 0x0000000699990000)
[1477.986s][info][gc,heap,exit   ]  tenured generation   total 5592448K, used 193168K [0x00000006aaaa0000, 0x0000000800000000, 0x0000000800000000)
[1477.986s][info][gc,heap,exit   ]    the space 5592448K,   3% used [0x00000006aaaa0000, 0x00000006b67441f8, 0x00000006b6744200, 0x0000000800000000)
[1477.986s][info][gc,heap,exit   ]  Metaspace       used 23139K, committed 23424K, reserved 1114112K
[1477.986s][info][gc,heap,exit   ]   class space    used 2814K, committed 2944K, reserved 1048576K
