[0.007s][info][gc,init] CardTable entry size: 512
[0.007s][info][gc     ] Using G1
[0.028s][info][gc,init] Version: 21.0.4+7-adhoc.Administrator.jdk21u (release)
[0.028s][info][gc,init] CPUs: 6 total, 6 available
[0.028s][info][gc,init] Memory: 15591M
[0.028s][info][gc,init] Large Page Support: Disabled
[0.028s][info][gc,init] NUMA Support: Disabled
[0.028s][info][gc,init] Compressed Oops: Enabled (Zero based)
[0.028s][info][gc,init] Heap Region Size: 4M
[0.028s][info][gc,init] Heap Min Capacity: 8G
[0.028s][info][gc,init] Heap Initial Capacity: 8G
[0.028s][info][gc,init] Heap Max Capacity: 8G
[0.028s][info][gc,init] Pre-touch: Disabled
[0.030s][info][gc,init] Parallel Workers: 6
[0.030s][info][gc,init] Concurrent Workers: 2
[0.030s][info][gc,init] Concurrent Refinement Workers: 6
[0.030s][info][gc,init] Periodic GC: Disabled
[0.039s][info][gc,metaspace] CDS archive(s) mapped at: [0x0000026d00000000-0x0000026d00c90000-0x0000026d00c90000), size 13172736, SharedBaseAddress: 0x0000026d00000000, ArchiveRelocationMode: 1.
[0.039s][info][gc,metaspace] Compressed class space mapped at: 0x0000026d01000000-0x0000026d41000000, reserved size: 1073741824
[0.039s][info][gc,metaspace] Narrow klass base: 0x0000026d00000000, Narrow klass shift: 0, Narrow klass range: 0x100000000
[0.822s][info][gc,start    ] GC(0) Pause Full (System.gc())
[0.822s][info][gc,task     ] GC(0) Using 6 workers of 6 for full compaction
[0.823s][info][gc,phases,start] GC(0) Phase 1: Mark live objects
[0.825s][info][gc,phases      ] GC(0) Phase 1: Mark live objects 2.543ms
[0.825s][info][gc,phases,start] GC(0) Phase 2: Prepare compaction
[0.826s][info][gc,phases      ] GC(0) Phase 2: Prepare compaction 0.884ms
[0.826s][info][gc,phases,start] GC(0) Phase 3: Adjust pointers
[0.827s][info][gc,phases      ] GC(0) Phase 3: Adjust pointers 1.244ms
[0.827s][info][gc,phases,start] GC(0) Phase 4: Compact heap
[0.829s][info][gc,phases      ] GC(0) Phase 4: Compact heap 1.501ms
[0.829s][info][gc,phases,start] GC(0) Phase 5: Reset Metadata
[0.831s][info][gc,phases      ] GC(0) Phase 5: Reset Metadata 1.978ms
[0.851s][info][gc,heap        ] GC(0) Eden regions: 7->0(102)
[0.851s][info][gc,heap        ] GC(0) Survivor regions: 0->0(0)
[0.851s][info][gc,heap        ] GC(0) Old regions: 0->6
[0.851s][info][gc,heap        ] GC(0) Humongous regions: 0->0
[0.851s][info][gc,metaspace   ] GC(0) Metaspace: 8585K(8832K)->8585K(8832K) NonClass: 7463K(7616K)->7463K(7616K) Class: 1122K(1216K)->1122K(1216K)
[0.851s][info][gc             ] GC(0) Pause Full (System.gc()) 28M->3M(8192M) 29.470ms
[0.852s][info][gc,cpu         ] GC(0) User=0.02s Sys=0.05s Real=0.04s
[1.201s][info][gc,start       ] GC(1) Pause Young (Normal) (G1 Evacuation Pause)
[1.201s][info][gc,task        ] GC(1) Using 6 workers of 6 for evacuation
[1.203s][info][gc,phases      ] GC(1)   Pre Evacuate Collection Set: 0.5ms
[1.203s][info][gc,phases      ] GC(1)   Merge Heap Roots: 0.3ms
[1.203s][info][gc,phases      ] GC(1)   Evacuate Collection Set: 1.1ms
[1.203s][info][gc,phases      ] GC(1)   Post Evacuate Collection Set: 0.3ms
[1.204s][info][gc,phases      ] GC(1)   Other: 0.3ms
[1.204s][info][gc,heap        ] GC(1) Eden regions: 102->0(147)
[1.204s][info][gc,heap        ] GC(1) Survivor regions: 0->1(13)
[1.204s][info][gc,heap        ] GC(1) Old regions: 6->6
[1.204s][info][gc,heap        ] GC(1) Humongous regions: 0->0
[1.204s][info][gc,metaspace   ] GC(1) Metaspace: 8768K(8960K)->8768K(8960K) NonClass: 7630K(7744K)->7630K(7744K) Class: 1138K(1216K)->1138K(1216K)
[1.204s][info][gc             ] GC(1) Pause Young (Normal) (G1 Evacuation Pause) 411M->5M(8192M) 2.738ms
[1.204s][info][gc,cpu         ] GC(1) User=0.02s Sys=0.00s Real=0.02s
[1.464s][info][gc,start       ] GC(2) Pause Young (Normal) (G1 Evacuation Pause)
[1.464s][info][gc,task        ] GC(2) Using 6 workers of 6 for evacuation
[1.468s][info][gc,phases      ] GC(2)   Pre Evacuate Collection Set: 0.6ms
[1.468s][info][gc,phases      ] GC(2)   Merge Heap Roots: 0.1ms
[1.468s][info][gc,phases      ] GC(2)   Evacuate Collection Set: 1.8ms
[1.468s][info][gc,phases      ] GC(2)   Post Evacuate Collection Set: 0.5ms
[1.468s][info][gc,phases      ] GC(2)   Other: 0.1ms
[1.468s][info][gc,heap        ] GC(2) Eden regions: 147->0(1227)
[1.468s][info][gc,heap        ] GC(2) Survivor regions: 1->1(19)
[1.468s][info][gc,heap        ] GC(2) Old regions: 6->6
[1.468s][info][gc,heap        ] GC(2) Humongous regions: 0->0
[1.468s][info][gc,metaspace   ] GC(2) Metaspace: 8768K(8960K)->8768K(8960K) NonClass: 7630K(7744K)->7630K(7744K) Class: 1138K(1216K)->1138K(1216K)
[1.468s][info][gc             ] GC(2) Pause Young (Normal) (G1 Evacuation Pause) 593M->7M(8192M) 3.430ms
[1.468s][info][gc,cpu         ] GC(2) User=0.00s Sys=0.00s Real=0.00s
[4.388s][info][gc,start       ] GC(3) Pause Young (Normal) (G1 Evacuation Pause)
[4.388s][info][gc,task        ] GC(3) Using 6 workers of 6 for evacuation
[4.400s][info][gc,phases      ] GC(3)   Pre Evacuate Collection Set: 0.4ms
[4.400s][info][gc,phases      ] GC(3)   Merge Heap Roots: 0.3ms
[4.400s][info][gc,phases      ] GC(3)   Evacuate Collection Set: 8.9ms
[4.400s][info][gc,phases      ] GC(3)   Post Evacuate Collection Set: 1.8ms
[4.400s][info][gc,phases      ] GC(3)   Other: 0.5ms
[4.400s][info][gc,heap        ] GC(3) Eden regions: 1227->0(485)
[4.400s][info][gc,heap        ] GC(3) Survivor regions: 1->5(154)
[4.400s][info][gc,heap        ] GC(3) Old regions: 6->6
[4.400s][info][gc,heap        ] GC(3) Humongous regions: 0->0
[4.400s][info][gc,metaspace   ] GC(3) Metaspace: 8771K(8960K)->8771K(8960K) NonClass: 7633K(7744K)->7633K(7744K) Class: 1138K(1216K)->1138K(1216K)
[4.400s][info][gc             ] GC(3) Pause Young (Normal) (G1 Evacuation Pause) 4915M->23M(8192M) 12.151ms
[4.400s][info][gc,cpu         ] GC(3) User=0.00s Sys=0.00s Real=0.02s
[5.055s][info][gc,start       ] GC(4) Pause Full (System.gc())
[5.055s][info][gc,task        ] GC(4) Using 6 workers of 6 for full compaction
[5.055s][info][gc,phases,start] GC(4) Phase 1: Mark live objects
[5.057s][info][gc,phases      ] GC(4) Phase 1: Mark live objects 2.198ms
[5.057s][info][gc,phases,start] GC(4) Phase 2: Prepare compaction
[5.059s][info][gc,phases      ] GC(4) Phase 2: Prepare compaction 1.169ms
[5.059s][info][gc,phases,start] GC(4) Phase 3: Adjust pointers
[5.060s][info][gc,phases      ] GC(4) Phase 3: Adjust pointers 1.748ms
[5.060s][info][gc,phases,start] GC(4) Phase 4: Compact heap
[5.062s][info][gc,phases      ] GC(4) Phase 4: Compact heap 1.366ms
[5.062s][info][gc,phases,start] GC(4) Phase 5: Reset Metadata
[5.064s][info][gc,phases      ] GC(4) Phase 5: Reset Metadata 2.007ms
[5.080s][info][gc,heap        ] GC(4) Eden regions: 201->0(486)
[5.080s][info][gc,heap        ] GC(4) Survivor regions: 5->0(154)
[5.080s][info][gc,heap        ] GC(4) Old regions: 6->6
[5.080s][info][gc,heap        ] GC(4) Humongous regions: 0->0
[5.080s][info][gc,metaspace   ] GC(4) Metaspace: 8957K(9216K)->8957K(9216K) NonClass: 7792K(7936K)->7792K(7936K) Class: 1164K(1280K)->1164K(1280K)
[5.080s][info][gc             ] GC(4) Pause Full (System.gc()) 825M->3M(8192M) 25.392ms
[5.080s][info][gc,cpu         ] GC(4) User=0.02s Sys=0.00s Real=0.02s
[5.805s][info][gc,start       ] GC(5) Pause Young (Normal) (G1 Evacuation Pause)
[5.805s][info][gc,task        ] GC(5) Using 6 workers of 6 for evacuation
[5.809s][info][gc,phases      ] GC(5)   Pre Evacuate Collection Set: 0.3ms
[5.810s][info][gc,phases      ] GC(5)   Merge Heap Roots: 0.1ms
[5.810s][info][gc,phases      ] GC(5)   Evacuate Collection Set: 2.4ms
[5.810s][info][gc,phases      ] GC(5)   Post Evacuate Collection Set: 1.0ms
[5.810s][info][gc,phases      ] GC(5)   Other: 0.1ms
[5.810s][info][gc,heap        ] GC(5) Eden regions: 486->0(1087)
[5.810s][info][gc,heap        ] GC(5) Survivor regions: 0->2(61)
[5.810s][info][gc,heap        ] GC(5) Old regions: 6->6
[5.810s][info][gc,heap        ] GC(5) Humongous regions: 0->0
[5.810s][info][gc,metaspace   ] GC(5) Metaspace: 8957K(9216K)->8957K(9216K) NonClass: 7792K(7936K)->7792K(7936K) Class: 1164K(1280K)->1164K(1280K)
[5.810s][info][gc             ] GC(5) Pause Young (Normal) (G1 Evacuation Pause) 1947M->11M(8192M) 4.346ms
[5.810s][info][gc,cpu         ] GC(5) User=0.00s Sys=0.00s Real=0.00s
[7.492s][info][gc,start       ] GC(6) Pause Young (Normal) (G1 Evacuation Pause)
[7.493s][info][gc,task        ] GC(6) Using 6 workers of 6 for evacuation
[7.502s][info][gc,phases      ] GC(6)   Pre Evacuate Collection Set: 0.4ms
[7.502s][info][gc,phases      ] GC(6)   Merge Heap Roots: 0.3ms
[7.502s][info][gc,phases      ] GC(6)   Evacuate Collection Set: 7.4ms
[7.502s][info][gc,phases      ] GC(6)   Post Evacuate Collection Set: 1.6ms
[7.502s][info][gc,phases      ] GC(6)   Other: 0.2ms
[7.502s][info][gc,heap        ] GC(6) Eden regions: 1087->0(1222)
[7.502s][info][gc,heap        ] GC(6) Survivor regions: 2->6(137)
[7.502s][info][gc,heap        ] GC(6) Old regions: 6->6
[7.503s][info][gc,heap        ] GC(6) Humongous regions: 0->0
[7.503s][info][gc,metaspace   ] GC(6) Metaspace: 8957K(9216K)->8957K(9216K) NonClass: 7792K(7936K)->7792K(7936K) Class: 1164K(1280K)->1164K(1280K)
[7.503s][info][gc             ] GC(6) Pause Young (Normal) (G1 Evacuation Pause) 4359M->25M(8192M) 10.093ms
[7.503s][info][gc,cpu         ] GC(6) User=0.02s Sys=0.00s Real=0.02s
[7.946s][info][gc,start       ] GC(7) Pause Full (System.gc())
[7.946s][info][gc,task        ] GC(7) Using 6 workers of 6 for full compaction
[7.946s][info][gc,phases,start] GC(7) Phase 1: Mark live objects
[7.948s][info][gc,phases      ] GC(7) Phase 1: Mark live objects 2.216ms
[7.948s][info][gc,phases,start] GC(7) Phase 2: Prepare compaction
[7.949s][info][gc,phases      ] GC(7) Phase 2: Prepare compaction 0.812ms
[7.949s][info][gc,phases,start] GC(7) Phase 3: Adjust pointers
[7.951s][info][gc,phases      ] GC(7) Phase 3: Adjust pointers 1.441ms
[7.951s][info][gc,phases,start] GC(7) Phase 4: Compact heap
[7.951s][info][gc,phases      ] GC(7) Phase 4: Compact heap 0.671ms
[7.951s][info][gc,phases,start] GC(7) Phase 5: Reset Metadata
[7.954s][info][gc,phases      ] GC(7) Phase 5: Reset Metadata 2.207ms
[7.969s][info][gc,heap        ] GC(7) Eden regions: 101->0(1228)
[7.969s][info][gc,heap        ] GC(7) Survivor regions: 6->0(137)
[7.969s][info][gc,heap        ] GC(7) Old regions: 6->6
[7.969s][info][gc,heap        ] GC(7) Humongous regions: 0->0
[7.969s][info][gc,metaspace   ] GC(7) Metaspace: 8957K(9216K)->8957K(9216K) NonClass: 7792K(7936K)->7792K(7936K) Class: 1164K(1280K)->1164K(1280K)
[7.969s][info][gc             ] GC(7) Pause Full (System.gc()) 429M->3M(8192M) 23.537ms
[7.969s][info][gc,cpu         ] GC(7) User=0.03s Sys=0.00s Real=0.03s
[9.881s][info][gc,start       ] GC(8) Pause Young (Normal) (G1 Evacuation Pause)
[9.881s][info][gc,task        ] GC(8) Using 6 workers of 6 for evacuation
[9.890s][info][gc,phases      ] GC(8)   Pre Evacuate Collection Set: 0.4ms
[9.890s][info][gc,phases      ] GC(8)   Merge Heap Roots: 0.2ms
[9.890s][info][gc,phases      ] GC(8)   Evacuate Collection Set: 6.4ms
[9.890s][info][gc,phases      ] GC(8)   Post Evacuate Collection Set: 1.7ms
[9.890s][info][gc,phases      ] GC(8)   Other: 0.2ms
[9.890s][info][gc,heap        ] GC(8) Eden regions: 1228->0(1223)
[9.890s][info][gc,heap        ] GC(8) Survivor regions: 0->5(154)
[9.890s][info][gc,heap        ] GC(8) Old regions: 6->6
[9.890s][info][gc,heap        ] GC(8) Humongous regions: 0->0
[9.890s][info][gc,metaspace   ] GC(8) Metaspace: 8957K(9216K)->8957K(9216K) NonClass: 7792K(7936K)->7792K(7936K) Class: 1164K(1280K)->1164K(1280K)
[9.890s][info][gc             ] GC(8) Pause Young (Normal) (G1 Evacuation Pause) 4915M->21M(8192M) 9.244ms
[9.890s][info][gc,cpu         ] GC(8) User=0.02s Sys=0.00s Real=0.02s
[10.852s][info][gc,start       ] GC(9) Pause Full (System.gc())
[10.852s][info][gc,task        ] GC(9) Using 6 workers of 6 for full compaction
[10.853s][info][gc,phases,start] GC(9) Phase 1: Mark live objects
[10.855s][info][gc,phases      ] GC(9) Phase 1: Mark live objects 1.892ms
[10.855s][info][gc,phases,start] GC(9) Phase 2: Prepare compaction
[10.856s][info][gc,phases      ] GC(9) Phase 2: Prepare compaction 1.718ms
[10.857s][info][gc,phases,start] GC(9) Phase 3: Adjust pointers
[10.859s][info][gc,phases      ] GC(9) Phase 3: Adjust pointers 2.400ms
[10.859s][info][gc,phases,start] GC(9) Phase 4: Compact heap
[10.861s][info][gc,phases      ] GC(9) Phase 4: Compact heap 1.680ms
[10.861s][info][gc,phases,start] GC(9) Phase 5: Reset Metadata
[10.862s][info][gc,phases      ] GC(9) Phase 5: Reset Metadata 1.529ms
[10.878s][info][gc,heap        ] GC(9) Eden regions: 446->0(1228)
[10.878s][info][gc,heap        ] GC(9) Survivor regions: 5->0(154)
[10.879s][info][gc,heap        ] GC(9) Old regions: 6->6
[10.879s][info][gc,heap        ] GC(9) Humongous regions: 0->0
[10.879s][info][gc,metaspace   ] GC(9) Metaspace: 8957K(9216K)->8957K(9216K) NonClass: 7792K(7936K)->7792K(7936K) Class: 1164K(1280K)->1164K(1280K)
[10.879s][info][gc             ] GC(9) Pause Full (System.gc()) 1803M->3M(8192M) 26.247ms
[10.879s][info][gc,cpu         ] GC(9) User=0.02s Sys=0.00s Real=0.03s
[12.796s][info][gc,start       ] GC(10) Pause Young (Normal) (G1 Evacuation Pause)
[12.797s][info][gc,task        ] GC(10) Using 6 workers of 6 for evacuation
[12.806s][info][gc,phases      ] GC(10)   Pre Evacuate Collection Set: 0.4ms
[12.806s][info][gc,phases      ] GC(10)   Merge Heap Roots: 0.3ms
[12.806s][info][gc,phases      ] GC(10)   Evacuate Collection Set: 6.7ms
[12.806s][info][gc,phases      ] GC(10)   Post Evacuate Collection Set: 1.6ms
[12.806s][info][gc,phases      ] GC(10)   Other: 0.2ms
[12.806s][info][gc,heap        ] GC(10) Eden regions: 1228->0(1223)
[12.806s][info][gc,heap        ] GC(10) Survivor regions: 0->5(154)
[12.806s][info][gc,heap        ] GC(10) Old regions: 6->6
[12.806s][info][gc,heap        ] GC(10) Humongous regions: 0->0
[12.806s][info][gc,metaspace   ] GC(10) Metaspace: 8957K(9216K)->8957K(9216K) NonClass: 7792K(7936K)->7792K(7936K) Class: 1164K(1280K)->1164K(1280K)
[12.806s][info][gc             ] GC(10) Pause Young (Normal) (G1 Evacuation Pause) 4915M->20M(8192M) 9.372ms
[12.806s][info][gc,cpu         ] GC(10) User=0.00s Sys=0.00s Real=0.00s
[13.775s][info][gc,start       ] GC(11) Pause Full (System.gc())
[13.775s][info][gc,task        ] GC(11) Using 6 workers of 6 for full compaction
[13.775s][info][gc,phases,start] GC(11) Phase 1: Mark live objects
[13.777s][info][gc,phases      ] GC(11) Phase 1: Mark live objects 1.972ms
[13.777s][info][gc,phases,start] GC(11) Phase 2: Prepare compaction
[13.779s][info][gc,phases      ] GC(11) Phase 2: Prepare compaction 1.887ms
[13.779s][info][gc,phases,start] GC(11) Phase 3: Adjust pointers
[13.781s][info][gc,phases      ] GC(11) Phase 3: Adjust pointers 1.990ms
[13.781s][info][gc,phases,start] GC(11) Phase 4: Compact heap
[13.783s][info][gc,phases      ] GC(11) Phase 4: Compact heap 1.931ms
[13.783s][info][gc,phases,start] GC(11) Phase 5: Reset Metadata
[13.785s][info][gc,phases      ] GC(11) Phase 5: Reset Metadata 2.103ms
[13.800s][info][gc,heap        ] GC(11) Eden regions: 446->0(1228)
[13.800s][info][gc,heap        ] GC(11) Survivor regions: 5->0(154)
[13.800s][info][gc,heap        ] GC(11) Old regions: 6->6
[13.800s][info][gc,heap        ] GC(11) Humongous regions: 0->0
[13.800s][info][gc,metaspace   ] GC(11) Metaspace: 8957K(9216K)->8957K(9216K) NonClass: 7792K(7936K)->7792K(7936K) Class: 1164K(1280K)->1164K(1280K)
[13.800s][info][gc             ] GC(11) Pause Full (System.gc()) 1802M->3M(8192M) 25.879ms
[13.801s][info][gc,cpu         ] GC(11) User=0.03s Sys=0.00s Real=0.02s
[15.717s][info][gc,start       ] GC(12) Pause Young (Normal) (G1 Evacuation Pause)
[15.717s][info][gc,task        ] GC(12) Using 6 workers of 6 for evacuation
[15.726s][info][gc,phases      ] GC(12)   Pre Evacuate Collection Set: 0.5ms
[15.726s][info][gc,phases      ] GC(12)   Merge Heap Roots: 0.2ms
[15.726s][info][gc,phases      ] GC(12)   Evacuate Collection Set: 6.5ms
[15.726s][info][gc,phases      ] GC(12)   Post Evacuate Collection Set: 1.7ms
[15.726s][info][gc,phases      ] GC(12)   Other: 0.1ms
[15.726s][info][gc,heap        ] GC(12) Eden regions: 1228->0(1223)
[15.726s][info][gc,heap        ] GC(12) Survivor regions: 0->5(154)
[15.726s][info][gc,heap        ] GC(12) Old regions: 6->6
[15.726s][info][gc,heap        ] GC(12) Humongous regions: 0->0
[15.726s][info][gc,metaspace   ] GC(12) Metaspace: 8957K(9216K)->8957K(9216K) NonClass: 7792K(7936K)->7792K(7936K) Class: 1164K(1280K)->1164K(1280K)
[15.726s][info][gc             ] GC(12) Pause Young (Normal) (G1 Evacuation Pause) 4915M->21M(8192M) 9.187ms
[15.726s][info][gc,cpu         ] GC(12) User=0.00s Sys=0.00s Real=0.00s
[16.695s][info][gc,start       ] GC(13) Pause Full (System.gc())
[16.695s][info][gc,task        ] GC(13) Using 6 workers of 6 for full compaction
[16.695s][info][gc,phases,start] GC(13) Phase 1: Mark live objects
[16.698s][info][gc,phases      ] GC(13) Phase 1: Mark live objects 2.027ms
[16.698s][info][gc,phases,start] GC(13) Phase 2: Prepare compaction
[16.699s][info][gc,phases      ] GC(13) Phase 2: Prepare compaction 1.914ms
[16.700s][info][gc,phases,start] GC(13) Phase 3: Adjust pointers
[16.702s][info][gc,phases      ] GC(13) Phase 3: Adjust pointers 2.012ms
[16.702s][info][gc,phases,start] GC(13) Phase 4: Compact heap
[16.703s][info][gc,phases      ] GC(13) Phase 4: Compact heap 1.779ms
[16.703s][info][gc,phases,start] GC(13) Phase 5: Reset Metadata
[16.705s][info][gc,phases      ] GC(13) Phase 5: Reset Metadata 1.809ms
[16.722s][info][gc,heap        ] GC(13) Eden regions: 446->0(1228)
[16.722s][info][gc,heap        ] GC(13) Survivor regions: 5->0(154)
[16.722s][info][gc,heap        ] GC(13) Old regions: 6->6
[16.722s][info][gc,heap        ] GC(13) Humongous regions: 0->0
[16.722s][info][gc,metaspace   ] GC(13) Metaspace: 8957K(9216K)->8957K(9216K) NonClass: 7792K(7936K)->7792K(7936K) Class: 1164K(1280K)->1164K(1280K)
[16.722s][info][gc             ] GC(13) Pause Full (System.gc()) 1803M->3M(8192M) 26.582ms
[16.722s][info][gc,cpu         ] GC(13) User=0.02s Sys=0.00s Real=0.03s
[18.636s][info][gc,start       ] GC(14) Pause Young (Normal) (G1 Evacuation Pause)
[18.637s][info][gc,task        ] GC(14) Using 6 workers of 6 for evacuation
[18.645s][info][gc,phases      ] GC(14)   Pre Evacuate Collection Set: 0.3ms
[18.645s][info][gc,phases      ] GC(14)   Merge Heap Roots: 0.3ms
[18.645s][info][gc,phases      ] GC(14)   Evacuate Collection Set: 6.4ms
[18.645s][info][gc,phases      ] GC(14)   Post Evacuate Collection Set: 1.6ms
[18.645s][info][gc,phases      ] GC(14)   Other: 0.1ms
[18.645s][info][gc,heap        ] GC(14) Eden regions: 1228->0(1223)
[18.645s][info][gc,heap        ] GC(14) Survivor regions: 0->5(154)
[18.645s][info][gc,heap        ] GC(14) Old regions: 6->6
[18.645s][info][gc,heap        ] GC(14) Humongous regions: 0->0
[18.645s][info][gc,metaspace   ] GC(14) Metaspace: 8957K(9216K)->8957K(9216K) NonClass: 7793K(7936K)->7793K(7936K) Class: 1164K(1280K)->1164K(1280K)
[18.646s][info][gc             ] GC(14) Pause Young (Normal) (G1 Evacuation Pause) 4915M->20M(8192M) 9.068ms
[18.646s][info][gc,cpu         ] GC(14) User=0.00s Sys=0.00s Real=0.00s
[19.611s][info][gc,start       ] GC(15) Pause Full (System.gc())
[19.611s][info][gc,task        ] GC(15) Using 6 workers of 6 for full compaction
[19.612s][info][gc,phases,start] GC(15) Phase 1: Mark live objects
[19.614s][info][gc,phases      ] GC(15) Phase 1: Mark live objects 2.007ms
[19.614s][info][gc,phases,start] GC(15) Phase 2: Prepare compaction
[19.616s][info][gc,phases      ] GC(15) Phase 2: Prepare compaction 1.897ms
[19.616s][info][gc,phases,start] GC(15) Phase 3: Adjust pointers
[19.618s][info][gc,phases      ] GC(15) Phase 3: Adjust pointers 2.220ms
[19.618s][info][gc,phases,start] GC(15) Phase 4: Compact heap
[19.619s][info][gc,phases      ] GC(15) Phase 4: Compact heap 1.530ms
[19.620s][info][gc,phases,start] GC(15) Phase 5: Reset Metadata
[19.621s][info][gc,phases      ] GC(15) Phase 5: Reset Metadata 1.618ms
[19.637s][info][gc,heap        ] GC(15) Eden regions: 446->0(1228)
[19.637s][info][gc,heap        ] GC(15) Survivor regions: 5->0(154)
[19.637s][info][gc,heap        ] GC(15) Old regions: 6->6
[19.637s][info][gc,heap        ] GC(15) Humongous regions: 0->0
[19.637s][info][gc,metaspace   ] GC(15) Metaspace: 8957K(9216K)->8957K(9216K) NonClass: 7793K(7936K)->7793K(7936K) Class: 1164K(1280K)->1164K(1280K)
[19.637s][info][gc             ] GC(15) Pause Full (System.gc()) 1802M->3M(8192M) 26.195ms
[19.637s][info][gc,cpu         ] GC(15) User=0.02s Sys=0.00s Real=0.02s
[21.555s][info][gc,start       ] GC(16) Pause Young (Normal) (G1 Evacuation Pause)
[21.555s][info][gc,task        ] GC(16) Using 6 workers of 6 for evacuation
[21.564s][info][gc,phases      ] GC(16)   Pre Evacuate Collection Set: 0.4ms
[21.564s][info][gc,phases      ] GC(16)   Merge Heap Roots: 0.3ms
[21.564s][info][gc,phases      ] GC(16)   Evacuate Collection Set: 6.6ms
[21.564s][info][gc,phases      ] GC(16)   Post Evacuate Collection Set: 1.7ms
[21.564s][info][gc,phases      ] GC(16)   Other: 0.2ms
[21.564s][info][gc,heap        ] GC(16) Eden regions: 1228->0(1223)
[21.564s][info][gc,heap        ] GC(16) Survivor regions: 0->5(154)
[21.564s][info][gc,heap        ] GC(16) Old regions: 6->6
[21.564s][info][gc,heap        ] GC(16) Humongous regions: 0->0
[21.564s][info][gc,metaspace   ] GC(16) Metaspace: 8957K(9216K)->8957K(9216K) NonClass: 7793K(7936K)->7793K(7936K) Class: 1164K(1280K)->1164K(1280K)
[21.564s][info][gc             ] GC(16) Pause Young (Normal) (G1 Evacuation Pause) 4915M->20M(8192M) 9.306ms
[21.564s][info][gc,cpu         ] GC(16) User=0.08s Sys=0.00s Real=0.02s
[22.531s][info][gc,start       ] GC(17) Pause Full (System.gc())
[22.531s][info][gc,task        ] GC(17) Using 6 workers of 6 for full compaction
[22.531s][info][gc,phases,start] GC(17) Phase 1: Mark live objects
[22.533s][info][gc,phases      ] GC(17) Phase 1: Mark live objects 1.982ms
[22.533s][info][gc,phases,start] GC(17) Phase 2: Prepare compaction
[22.535s][info][gc,phases      ] GC(17) Phase 2: Prepare compaction 1.917ms
[22.535s][info][gc,phases,start] GC(17) Phase 3: Adjust pointers
[22.537s][info][gc,phases      ] GC(17) Phase 3: Adjust pointers 1.931ms
[22.537s][info][gc,phases,start] GC(17) Phase 4: Compact heap
[22.539s][info][gc,phases      ] GC(17) Phase 4: Compact heap 1.645ms
[22.539s][info][gc,phases,start] GC(17) Phase 5: Reset Metadata
[22.541s][info][gc,phases      ] GC(17) Phase 5: Reset Metadata 1.867ms
[22.556s][info][gc,heap        ] GC(17) Eden regions: 446->0(1228)
[22.556s][info][gc,heap        ] GC(17) Survivor regions: 5->0(154)
[22.556s][info][gc,heap        ] GC(17) Old regions: 6->6
[22.556s][info][gc,heap        ] GC(17) Humongous regions: 0->0
[22.556s][info][gc,metaspace   ] GC(17) Metaspace: 8959K(9216K)->8959K(9216K) NonClass: 7794K(7936K)->7794K(7936K) Class: 1164K(1280K)->1164K(1280K)
[22.556s][info][gc             ] GC(17) Pause Full (System.gc()) 1802M->3M(8192M) 25.792ms
[22.556s][info][gc,cpu         ] GC(17) User=0.03s Sys=0.00s Real=0.02s
[24.487s][info][gc,start       ] GC(18) Pause Young (Normal) (G1 Evacuation Pause)
[24.487s][info][gc,task        ] GC(18) Using 6 workers of 6 for evacuation
[24.497s][info][gc,phases      ] GC(18)   Pre Evacuate Collection Set: 0.4ms
[24.497s][info][gc,phases      ] GC(18)   Merge Heap Roots: 0.3ms
[24.497s][info][gc,phases      ] GC(18)   Evacuate Collection Set: 6.9ms
[24.497s][info][gc,phases      ] GC(18)   Post Evacuate Collection Set: 1.6ms
[24.497s][info][gc,phases      ] GC(18)   Other: 0.2ms
[24.497s][info][gc,heap        ] GC(18) Eden regions: 1228->0(1223)
[24.497s][info][gc,heap        ] GC(18) Survivor regions: 0->5(154)
[24.497s][info][gc,heap        ] GC(18) Old regions: 6->6
[24.497s][info][gc,heap        ] GC(18) Humongous regions: 0->0
[24.497s][info][gc,metaspace   ] GC(18) Metaspace: 8961K(9216K)->8961K(9216K) NonClass: 7797K(7936K)->7797K(7936K) Class: 1164K(1280K)->1164K(1280K)
[24.497s][info][gc             ] GC(18) Pause Young (Normal) (G1 Evacuation Pause) 4915M->20M(8192M) 9.502ms
[24.497s][info][gc,cpu         ] GC(18) User=0.02s Sys=0.00s Real=0.02s
[25.462s][info][gc,start       ] GC(19) Pause Full (System.gc())
[25.462s][info][gc,task        ] GC(19) Using 6 workers of 6 for full compaction
[25.462s][info][gc,phases,start] GC(19) Phase 1: Mark live objects
[25.465s][info][gc,phases      ] GC(19) Phase 1: Mark live objects 2.049ms
[25.465s][info][gc,phases,start] GC(19) Phase 2: Prepare compaction
[25.466s][info][gc,phases      ] GC(19) Phase 2: Prepare compaction 1.598ms
[25.466s][info][gc,phases,start] GC(19) Phase 3: Adjust pointers
[25.468s][info][gc,phases      ] GC(19) Phase 3: Adjust pointers 1.766ms
[25.468s][info][gc,phases,start] GC(19) Phase 4: Compact heap
[25.469s][info][gc,phases      ] GC(19) Phase 4: Compact heap 1.332ms
[25.469s][info][gc,phases,start] GC(19) Phase 5: Reset Metadata
[25.471s][info][gc,phases      ] GC(19) Phase 5: Reset Metadata 1.585ms
[25.487s][info][gc,heap        ] GC(19) Eden regions: 446->0(1228)
[25.487s][info][gc,heap        ] GC(19) Survivor regions: 5->0(154)
[25.487s][info][gc,heap        ] GC(19) Old regions: 6->6
[25.487s][info][gc,heap        ] GC(19) Humongous regions: 0->0
[25.487s][info][gc,metaspace   ] GC(19) Metaspace: 8964K(9216K)->8964K(9216K) NonClass: 7800K(7936K)->7800K(7936K) Class: 1164K(1280K)->1164K(1280K)
[25.487s][info][gc             ] GC(19) Pause Full (System.gc()) 1802M->3M(8192M) 25.177ms
[25.487s][info][gc,cpu         ] GC(19) User=0.02s Sys=0.00s Real=0.03s
[27.401s][info][gc,start       ] GC(20) Pause Young (Normal) (G1 Evacuation Pause)
[27.401s][info][gc,task        ] GC(20) Using 6 workers of 6 for evacuation
[27.410s][info][gc,phases      ] GC(20)   Pre Evacuate Collection Set: 0.4ms
[27.410s][info][gc,phases      ] GC(20)   Merge Heap Roots: 0.3ms
[27.410s][info][gc,phases      ] GC(20)   Evacuate Collection Set: 6.3ms
[27.410s][info][gc,phases      ] GC(20)   Post Evacuate Collection Set: 1.8ms
[27.410s][info][gc,phases      ] GC(20)   Other: 0.2ms
[27.410s][info][gc,heap        ] GC(20) Eden regions: 1228->0(1223)
[27.410s][info][gc,heap        ] GC(20) Survivor regions: 0->5(154)
[27.410s][info][gc,heap        ] GC(20) Old regions: 6->6
[27.410s][info][gc,heap        ] GC(20) Humongous regions: 0->0
[27.410s][info][gc,metaspace   ] GC(20) Metaspace: 8967K(9216K)->8967K(9216K) NonClass: 7802K(7936K)->7802K(7936K) Class: 1164K(1280K)->1164K(1280K)
[27.411s][info][gc             ] GC(20) Pause Young (Normal) (G1 Evacuation Pause) 4915M->20M(8192M) 9.201ms
[27.411s][info][gc,cpu         ] GC(20) User=0.00s Sys=0.00s Real=0.00s
[28.377s][info][gc,start       ] GC(21) Pause Full (System.gc())
[28.377s][info][gc,task        ] GC(21) Using 6 workers of 6 for full compaction
[28.377s][info][gc,phases,start] GC(21) Phase 1: Mark live objects
[28.379s][info][gc,phases      ] GC(21) Phase 1: Mark live objects 2.010ms
[28.379s][info][gc,phases,start] GC(21) Phase 2: Prepare compaction
[28.381s][info][gc,phases      ] GC(21) Phase 2: Prepare compaction 1.904ms
[28.381s][info][gc,phases,start] GC(21) Phase 3: Adjust pointers
[28.383s][info][gc,phases      ] GC(21) Phase 3: Adjust pointers 1.979ms
[28.383s][info][gc,phases,start] GC(21) Phase 4: Compact heap
[28.385s][info][gc,phases      ] GC(21) Phase 4: Compact heap 1.524ms
[28.385s][info][gc,phases,start] GC(21) Phase 5: Reset Metadata
[28.387s][info][gc,phases      ] GC(21) Phase 5: Reset Metadata 1.953ms
[28.403s][info][gc,heap        ] GC(21) Eden regions: 446->0(1228)
[28.403s][info][gc,heap        ] GC(21) Survivor regions: 5->0(154)
[28.403s][info][gc,heap        ] GC(21) Old regions: 6->6
[28.403s][info][gc,heap        ] GC(21) Humongous regions: 0->0
[28.403s][info][gc,metaspace   ] GC(21) Metaspace: 8971K(9216K)->8971K(9216K) NonClass: 7807K(7936K)->7807K(7936K) Class: 1164K(1280K)->1164K(1280K)
[28.403s][info][gc             ] GC(21) Pause Full (System.gc()) 1802M->3M(8192M) 26.131ms
[28.403s][info][gc,cpu         ] GC(21) User=0.03s Sys=0.00s Real=0.03s
[30.322s][info][gc,start       ] GC(22) Pause Young (Normal) (G1 Evacuation Pause)
[30.322s][info][gc,task        ] GC(22) Using 6 workers of 6 for evacuation
[30.331s][info][gc,phases      ] GC(22)   Pre Evacuate Collection Set: 0.4ms
[30.331s][info][gc,phases      ] GC(22)   Merge Heap Roots: 0.3ms
[30.331s][info][gc,phases      ] GC(22)   Evacuate Collection Set: 6.5ms
[30.331s][info][gc,phases      ] GC(22)   Post Evacuate Collection Set: 1.7ms
[30.331s][info][gc,phases      ] GC(22)   Other: 0.2ms
[30.331s][info][gc,heap        ] GC(22) Eden regions: 1228->0(1223)
[30.331s][info][gc,heap        ] GC(22) Survivor regions: 0->5(154)
[30.331s][info][gc,heap        ] GC(22) Old regions: 6->6
[30.331s][info][gc,heap        ] GC(22) Humongous regions: 0->0
[30.331s][info][gc,metaspace   ] GC(22) Metaspace: 8972K(9216K)->8972K(9216K) NonClass: 7808K(7936K)->7808K(7936K) Class: 1164K(1280K)->1164K(1280K)
[30.331s][info][gc             ] GC(22) Pause Young (Normal) (G1 Evacuation Pause) 4915M->20M(8192M) 9.294ms
[30.331s][info][gc,cpu         ] GC(22) User=0.00s Sys=0.00s Real=0.00s
[31.294s][info][gc,start       ] GC(23) Pause Full (System.gc())
[31.294s][info][gc,task        ] GC(23) Using 6 workers of 6 for full compaction
[31.295s][info][gc,phases,start] GC(23) Phase 1: Mark live objects
[31.297s][info][gc,phases      ] GC(23) Phase 1: Mark live objects 2.077ms
[31.297s][info][gc,phases,start] GC(23) Phase 2: Prepare compaction
[31.299s][info][gc,phases      ] GC(23) Phase 2: Prepare compaction 1.883ms
[31.299s][info][gc,phases,start] GC(23) Phase 3: Adjust pointers
[31.301s][info][gc,phases      ] GC(23) Phase 3: Adjust pointers 1.976ms
[31.301s][info][gc,phases,start] GC(23) Phase 4: Compact heap
[31.303s][info][gc,phases      ] GC(23) Phase 4: Compact heap 1.823ms
[31.303s][info][gc,phases,start] GC(23) Phase 5: Reset Metadata
[31.305s][info][gc,phases      ] GC(23) Phase 5: Reset Metadata 1.772ms
[31.320s][info][gc,heap        ] GC(23) Eden regions: 446->0(1228)
[31.320s][info][gc,heap        ] GC(23) Survivor regions: 5->0(154)
[31.320s][info][gc,heap        ] GC(23) Old regions: 6->6
[31.320s][info][gc,heap        ] GC(23) Humongous regions: 0->0
[31.320s][info][gc,metaspace   ] GC(23) Metaspace: 8972K(9216K)->8972K(9216K) NonClass: 7808K(7936K)->7808K(7936K) Class: 1164K(1280K)->1164K(1280K)
[31.320s][info][gc             ] GC(23) Pause Full (System.gc()) 1802M->3M(8192M) 25.972ms
[31.320s][info][gc,cpu         ] GC(23) User=0.02s Sys=0.00s Real=0.02s
[33.236s][info][gc,start       ] GC(24) Pause Young (Normal) (G1 Evacuation Pause)
[33.236s][info][gc,task        ] GC(24) Using 6 workers of 6 for evacuation
[33.245s][info][gc,phases      ] GC(24)   Pre Evacuate Collection Set: 0.4ms
[33.245s][info][gc,phases      ] GC(24)   Merge Heap Roots: 0.2ms
[33.245s][info][gc,phases      ] GC(24)   Evacuate Collection Set: 6.3ms
[33.245s][info][gc,phases      ] GC(24)   Post Evacuate Collection Set: 1.7ms
[33.245s][info][gc,phases      ] GC(24)   Other: 0.2ms
[33.245s][info][gc,heap        ] GC(24) Eden regions: 1228->0(1223)
[33.245s][info][gc,heap        ] GC(24) Survivor regions: 0->5(154)
[33.245s][info][gc,heap        ] GC(24) Old regions: 6->6
[33.245s][info][gc,heap        ] GC(24) Humongous regions: 0->0
[33.245s][info][gc,metaspace   ] GC(24) Metaspace: 8973K(9216K)->8973K(9216K) NonClass: 7809K(7936K)->7809K(7936K) Class: 1164K(1280K)->1164K(1280K)
[33.245s][info][gc             ] GC(24) Pause Young (Normal) (G1 Evacuation Pause) 4915M->21M(8192M) 9.030ms
[33.245s][info][gc,cpu         ] GC(24) User=0.02s Sys=0.00s Real=0.01s
[34.211s][info][gc,start       ] GC(25) Pause Full (System.gc())
[34.211s][info][gc,task        ] GC(25) Using 6 workers of 6 for full compaction
[34.211s][info][gc,phases,start] GC(25) Phase 1: Mark live objects
[34.213s][info][gc,phases      ] GC(25) Phase 1: Mark live objects 2.075ms
[34.213s][info][gc,phases,start] GC(25) Phase 2: Prepare compaction
[34.215s][info][gc,phases      ] GC(25) Phase 2: Prepare compaction 1.955ms
[34.215s][info][gc,phases,start] GC(25) Phase 3: Adjust pointers
[34.218s][info][gc,phases      ] GC(25) Phase 3: Adjust pointers 2.375ms
[34.218s][info][gc,phases,start] GC(25) Phase 4: Compact heap
[34.219s][info][gc,phases      ] GC(25) Phase 4: Compact heap 1.676ms
[34.220s][info][gc,phases,start] GC(25) Phase 5: Reset Metadata
[34.221s][info][gc,phases      ] GC(25) Phase 5: Reset Metadata 1.536ms
[34.237s][info][gc,heap        ] GC(25) Eden regions: 446->0(1228)
[34.237s][info][gc,heap        ] GC(25) Survivor regions: 5->0(154)
[34.237s][info][gc,heap        ] GC(25) Old regions: 6->6
[34.237s][info][gc,heap        ] GC(25) Humongous regions: 0->0
[34.237s][info][gc,metaspace   ] GC(25) Metaspace: 8974K(9216K)->8974K(9216K) NonClass: 7810K(7936K)->7810K(7936K) Class: 1164K(1280K)->1164K(1280K)
[34.237s][info][gc             ] GC(25) Pause Full (System.gc()) 1803M->3M(8192M) 26.244ms
[34.237s][info][gc,cpu         ] GC(25) User=0.03s Sys=0.00s Real=0.02s
[36.149s][info][gc,start       ] GC(26) Pause Young (Normal) (G1 Evacuation Pause)
[36.149s][info][gc,task        ] GC(26) Using 6 workers of 6 for evacuation
[36.158s][info][gc,phases      ] GC(26)   Pre Evacuate Collection Set: 0.4ms
[36.158s][info][gc,phases      ] GC(26)   Merge Heap Roots: 0.2ms
[36.158s][info][gc,phases      ] GC(26)   Evacuate Collection Set: 6.6ms
[36.158s][info][gc,phases      ] GC(26)   Post Evacuate Collection Set: 1.6ms
[36.158s][info][gc,phases      ] GC(26)   Other: 0.1ms
[36.158s][info][gc,heap        ] GC(26) Eden regions: 1228->0(1223)
[36.158s][info][gc,heap        ] GC(26) Survivor regions: 0->5(154)
[36.158s][info][gc,heap        ] GC(26) Old regions: 6->6
[36.158s][info][gc,heap        ] GC(26) Humongous regions: 0->0
[36.158s][info][gc,metaspace   ] GC(26) Metaspace: 8976K(9216K)->8976K(9216K) NonClass: 7812K(7936K)->7812K(7936K) Class: 1164K(1280K)->1164K(1280K)
[36.158s][info][gc             ] GC(26) Pause Young (Normal) (G1 Evacuation Pause) 4915M->20M(8192M) 9.137ms
[36.158s][info][gc,cpu         ] GC(26) User=0.00s Sys=0.00s Real=0.00s
[37.120s][info][gc,start       ] GC(27) Pause Full (System.gc())
[37.120s][info][gc,task        ] GC(27) Using 6 workers of 6 for full compaction
[37.120s][info][gc,phases,start] GC(27) Phase 1: Mark live objects
[37.122s][info][gc,phases      ] GC(27) Phase 1: Mark live objects 2.285ms
[37.122s][info][gc,phases,start] GC(27) Phase 2: Prepare compaction
[37.124s][info][gc,phases      ] GC(27) Phase 2: Prepare compaction 1.394ms
[37.124s][info][gc,phases,start] GC(27) Phase 3: Adjust pointers
[37.126s][info][gc,phases      ] GC(27) Phase 3: Adjust pointers 1.769ms
[37.126s][info][gc,phases,start] GC(27) Phase 4: Compact heap
[37.127s][info][gc,phases      ] GC(27) Phase 4: Compact heap 1.307ms
[37.127s][info][gc,phases,start] GC(27) Phase 5: Reset Metadata
[37.129s][info][gc,phases      ] GC(27) Phase 5: Reset Metadata 1.812ms
[37.145s][info][gc,heap        ] GC(27) Eden regions: 446->0(1228)
[37.145s][info][gc,heap        ] GC(27) Survivor regions: 5->0(154)
[37.145s][info][gc,heap        ] GC(27) Old regions: 6->6
[37.145s][info][gc,heap        ] GC(27) Humongous regions: 0->0
[37.145s][info][gc,metaspace   ] GC(27) Metaspace: 8976K(9216K)->8976K(9216K) NonClass: 7812K(7936K)->7812K(7936K) Class: 1164K(1280K)->1164K(1280K)
[37.145s][info][gc             ] GC(27) Pause Full (System.gc()) 1802M->3M(8192M) 25.343ms
[37.145s][info][gc,cpu         ] GC(27) User=0.03s Sys=0.00s Real=0.02s
[39.062s][info][gc,start       ] GC(28) Pause Young (Normal) (G1 Evacuation Pause)
[39.062s][info][gc,task        ] GC(28) Using 6 workers of 6 for evacuation
[39.071s][info][gc,phases      ] GC(28)   Pre Evacuate Collection Set: 0.4ms
[39.071s][info][gc,phases      ] GC(28)   Merge Heap Roots: 0.2ms
[39.071s][info][gc,phases      ] GC(28)   Evacuate Collection Set: 6.7ms
[39.071s][info][gc,phases      ] GC(28)   Post Evacuate Collection Set: 1.7ms
[39.071s][info][gc,phases      ] GC(28)   Other: 0.2ms
[39.071s][info][gc,heap        ] GC(28) Eden regions: 1228->0(1223)
[39.071s][info][gc,heap        ] GC(28) Survivor regions: 0->5(154)
[39.071s][info][gc,heap        ] GC(28) Old regions: 6->6
[39.071s][info][gc,heap        ] GC(28) Humongous regions: 0->0
[39.071s][info][gc,metaspace   ] GC(28) Metaspace: 8990K(9216K)->8990K(9216K) NonClass: 7826K(7936K)->7826K(7936K) Class: 1164K(1280K)->1164K(1280K)
[39.071s][info][gc             ] GC(28) Pause Young (Normal) (G1 Evacuation Pause) 4915M->20M(8192M) 9.394ms
[39.071s][info][gc,cpu         ] GC(28) User=0.02s Sys=0.00s Real=0.02s
[40.034s][info][gc,start       ] GC(29) Pause Full (System.gc())
[40.034s][info][gc,task        ] GC(29) Using 6 workers of 6 for full compaction
[40.035s][info][gc,phases,start] GC(29) Phase 1: Mark live objects
[40.036s][info][gc,phases      ] GC(29) Phase 1: Mark live objects 1.894ms
[40.036s][info][gc,phases,start] GC(29) Phase 2: Prepare compaction
[40.038s][info][gc,phases      ] GC(29) Phase 2: Prepare compaction 1.745ms
[40.038s][info][gc,phases,start] GC(29) Phase 3: Adjust pointers
[40.041s][info][gc,phases      ] GC(29) Phase 3: Adjust pointers 2.184ms
[40.041s][info][gc,phases,start] GC(29) Phase 4: Compact heap
[40.042s][info][gc,phases      ] GC(29) Phase 4: Compact heap 1.713ms
[40.042s][info][gc,phases,start] GC(29) Phase 5: Reset Metadata
[40.044s][info][gc,phases      ] GC(29) Phase 5: Reset Metadata 1.914ms
[40.060s][info][gc,heap        ] GC(29) Eden regions: 446->0(1228)
[40.060s][info][gc,heap        ] GC(29) Survivor regions: 5->0(154)
[40.060s][info][gc,heap        ] GC(29) Old regions: 6->6
[40.060s][info][gc,heap        ] GC(29) Humongous regions: 0->0
[40.060s][info][gc,metaspace   ] GC(29) Metaspace: 8992K(9216K)->8992K(9216K) NonClass: 7828K(7936K)->7828K(7936K) Class: 1164K(1280K)->1164K(1280K)
[40.060s][info][gc             ] GC(29) Pause Full (System.gc()) 1802M->3M(8192M) 25.684ms
[40.060s][info][gc,cpu         ] GC(29) User=0.03s Sys=0.00s Real=0.03s
[41.972s][info][gc,start       ] GC(30) Pause Young (Normal) (G1 Evacuation Pause)
[41.973s][info][gc,task        ] GC(30) Using 6 workers of 6 for evacuation
[41.982s][info][gc,phases      ] GC(30)   Pre Evacuate Collection Set: 0.4ms
[41.982s][info][gc,phases      ] GC(30)   Merge Heap Roots: 0.2ms
[41.982s][info][gc,phases      ] GC(30)   Evacuate Collection Set: 6.6ms
[41.982s][info][gc,phases      ] GC(30)   Post Evacuate Collection Set: 1.6ms
[41.982s][info][gc,phases      ] GC(30)   Other: 0.2ms
[41.982s][info][gc,heap        ] GC(30) Eden regions: 1228->0(1223)
[41.982s][info][gc,heap        ] GC(30) Survivor regions: 0->5(154)
[41.982s][info][gc,heap        ] GC(30) Old regions: 6->6
[41.982s][info][gc,heap        ] GC(30) Humongous regions: 0->0
[41.982s][info][gc,metaspace   ] GC(30) Metaspace: 8994K(9216K)->8994K(9216K) NonClass: 7830K(7936K)->7830K(7936K) Class: 1164K(1280K)->1164K(1280K)
[41.982s][info][gc             ] GC(30) Pause Young (Normal) (G1 Evacuation Pause) 4915M->21M(8192M) 9.326ms
[41.982s][info][gc,cpu         ] GC(30) User=0.00s Sys=0.00s Real=0.00s
[42.950s][info][gc,start       ] GC(31) Pause Full (System.gc())
[42.951s][info][gc,task        ] GC(31) Using 6 workers of 6 for full compaction
[42.951s][info][gc,phases,start] GC(31) Phase 1: Mark live objects
[42.953s][info][gc,phases      ] GC(31) Phase 1: Mark live objects 2.244ms
[42.953s][info][gc,phases,start] GC(31) Phase 2: Prepare compaction
[42.955s][info][gc,phases      ] GC(31) Phase 2: Prepare compaction 1.978ms
[42.955s][info][gc,phases,start] GC(31) Phase 3: Adjust pointers
[42.958s][info][gc,phases      ] GC(31) Phase 3: Adjust pointers 2.754ms
[42.958s][info][gc,phases,start] GC(31) Phase 4: Compact heap
[42.960s][info][gc,phases      ] GC(31) Phase 4: Compact heap 1.799ms
[42.960s][info][gc,phases,start] GC(31) Phase 5: Reset Metadata
[42.962s][info][gc,phases      ] GC(31) Phase 5: Reset Metadata 1.878ms
[42.977s][info][gc,heap        ] GC(31) Eden regions: 446->0(1228)
[42.977s][info][gc,heap        ] GC(31) Survivor regions: 5->0(154)
[42.977s][info][gc,heap        ] GC(31) Old regions: 6->6
[42.977s][info][gc,heap        ] GC(31) Humongous regions: 0->0
[42.977s][info][gc,metaspace   ] GC(31) Metaspace: 8994K(9216K)->8994K(9216K) NonClass: 7830K(7936K)->7830K(7936K) Class: 1164K(1280K)->1164K(1280K)
[42.977s][info][gc             ] GC(31) Pause Full (System.gc()) 1803M->3M(8192M) 26.852ms
[42.977s][info][gc,cpu         ] GC(31) User=0.03s Sys=0.00s Real=0.03s
[44.895s][info][gc,start       ] GC(32) Pause Young (Normal) (G1 Evacuation Pause)
[44.895s][info][gc,task        ] GC(32) Using 6 workers of 6 for evacuation
[44.904s][info][gc,phases      ] GC(32)   Pre Evacuate Collection Set: 0.4ms
[44.904s][info][gc,phases      ] GC(32)   Merge Heap Roots: 0.3ms
[44.904s][info][gc,phases      ] GC(32)   Evacuate Collection Set: 6.4ms
[44.904s][info][gc,phases      ] GC(32)   Post Evacuate Collection Set: 1.6ms
[44.904s][info][gc,phases      ] GC(32)   Other: 0.2ms
[44.904s][info][gc,heap        ] GC(32) Eden regions: 1228->0(1223)
[44.904s][info][gc,heap        ] GC(32) Survivor regions: 0->5(154)
[44.904s][info][gc,heap        ] GC(32) Old regions: 6->6
[44.904s][info][gc,heap        ] GC(32) Humongous regions: 0->0
[44.904s][info][gc,metaspace   ] GC(32) Metaspace: 8997K(9280K)->8997K(9280K) NonClass: 7833K(8000K)->7833K(8000K) Class: 1164K(1280K)->1164K(1280K)
[44.904s][info][gc             ] GC(32) Pause Young (Normal) (G1 Evacuation Pause) 4915M->21M(8192M) 9.107ms
[44.904s][info][gc,cpu         ] GC(32) User=0.00s Sys=0.00s Real=0.00s
[45.871s][info][gc,start       ] GC(33) Pause Full (System.gc())
[45.871s][info][gc,task        ] GC(33) Using 6 workers of 6 for full compaction
[45.871s][info][gc,phases,start] GC(33) Phase 1: Mark live objects
[45.873s][info][gc,phases      ] GC(33) Phase 1: Mark live objects 2.231ms
[45.873s][info][gc,phases,start] GC(33) Phase 2: Prepare compaction
[45.875s][info][gc,phases      ] GC(33) Phase 2: Prepare compaction 1.702ms
[45.875s][info][gc,phases,start] GC(33) Phase 3: Adjust pointers
[45.877s][info][gc,phases      ] GC(33) Phase 3: Adjust pointers 2.368ms
[45.877s][info][gc,phases,start] GC(33) Phase 4: Compact heap
[45.879s][info][gc,phases      ] GC(33) Phase 4: Compact heap 1.348ms
[45.879s][info][gc,phases,start] GC(33) Phase 5: Reset Metadata
[45.880s][info][gc,phases      ] GC(33) Phase 5: Reset Metadata 1.512ms
[45.896s][info][gc,heap        ] GC(33) Eden regions: 446->0(1228)
[45.896s][info][gc,heap        ] GC(33) Survivor regions: 5->0(154)
[45.896s][info][gc,heap        ] GC(33) Old regions: 6->6
[45.896s][info][gc,heap        ] GC(33) Humongous regions: 0->0
[45.896s][info][gc,metaspace   ] GC(33) Metaspace: 9000K(9280K)->9000K(9280K) NonClass: 7835K(8000K)->7835K(8000K) Class: 1164K(1280K)->1164K(1280K)
[45.896s][info][gc             ] GC(33) Pause Full (System.gc()) 1803M->3M(8192M) 25.665ms
[45.896s][info][gc,cpu         ] GC(33) User=0.03s Sys=0.00s Real=0.03s
[47.812s][info][gc,start       ] GC(34) Pause Young (Normal) (G1 Evacuation Pause)
[47.812s][info][gc,task        ] GC(34) Using 6 workers of 6 for evacuation
[47.821s][info][gc,phases      ] GC(34)   Pre Evacuate Collection Set: 0.4ms
[47.821s][info][gc,phases      ] GC(34)   Merge Heap Roots: 0.3ms
[47.821s][info][gc,phases      ] GC(34)   Evacuate Collection Set: 6.3ms
[47.821s][info][gc,phases      ] GC(34)   Post Evacuate Collection Set: 1.7ms
[47.821s][info][gc,phases      ] GC(34)   Other: 0.2ms
[47.821s][info][gc,heap        ] GC(34) Eden regions: 1228->0(1223)
[47.821s][info][gc,heap        ] GC(34) Survivor regions: 0->5(154)
[47.821s][info][gc,heap        ] GC(34) Old regions: 6->6
[47.821s][info][gc,heap        ] GC(34) Humongous regions: 0->0
[47.821s][info][gc,metaspace   ] GC(34) Metaspace: 9000K(9280K)->9000K(9280K) NonClass: 7835K(8000K)->7835K(8000K) Class: 1164K(1280K)->1164K(1280K)
[47.821s][info][gc             ] GC(34) Pause Young (Normal) (G1 Evacuation Pause) 4915M->21M(8192M) 9.178ms
[47.821s][info][gc,cpu         ] GC(34) User=0.00s Sys=0.00s Real=0.00s
[48.785s][info][gc,start       ] GC(35) Pause Full (System.gc())
[48.785s][info][gc,task        ] GC(35) Using 6 workers of 6 for full compaction
[48.785s][info][gc,phases,start] GC(35) Phase 1: Mark live objects
[48.787s][info][gc,phases      ] GC(35) Phase 1: Mark live objects 2.074ms
[48.787s][info][gc,phases,start] GC(35) Phase 2: Prepare compaction
[48.789s][info][gc,phases      ] GC(35) Phase 2: Prepare compaction 1.846ms
[48.789s][info][gc,phases,start] GC(35) Phase 3: Adjust pointers
[48.792s][info][gc,phases      ] GC(35) Phase 3: Adjust pointers 2.277ms
[48.792s][info][gc,phases,start] GC(35) Phase 4: Compact heap
[48.793s][info][gc,phases      ] GC(35) Phase 4: Compact heap 1.558ms
[48.793s][info][gc,phases,start] GC(35) Phase 5: Reset Metadata
[48.795s][info][gc,phases      ] GC(35) Phase 5: Reset Metadata 1.729ms
[48.811s][info][gc,heap        ] GC(35) Eden regions: 446->0(1228)
[48.811s][info][gc,heap        ] GC(35) Survivor regions: 5->0(154)
[48.811s][info][gc,heap        ] GC(35) Old regions: 6->6
[48.811s][info][gc,heap        ] GC(35) Humongous regions: 0->0
[48.811s][info][gc,metaspace   ] GC(35) Metaspace: 9000K(9280K)->9000K(9280K) NonClass: 7835K(8000K)->7835K(8000K) Class: 1164K(1280K)->1164K(1280K)
[48.811s][info][gc             ] GC(35) Pause Full (System.gc()) 1803M->3M(8192M) 26.079ms
[48.811s][info][gc,cpu         ] GC(35) User=0.02s Sys=0.00s Real=0.02s
[50.726s][info][gc,start       ] GC(36) Pause Young (Normal) (G1 Evacuation Pause)
[50.726s][info][gc,task        ] GC(36) Using 6 workers of 6 for evacuation
[50.735s][info][gc,phases      ] GC(36)   Pre Evacuate Collection Set: 0.4ms
[50.735s][info][gc,phases      ] GC(36)   Merge Heap Roots: 0.3ms
[50.735s][info][gc,phases      ] GC(36)   Evacuate Collection Set: 6.4ms
[50.735s][info][gc,phases      ] GC(36)   Post Evacuate Collection Set: 1.8ms
[50.735s][info][gc,phases      ] GC(36)   Other: 0.2ms
[50.735s][info][gc,heap        ] GC(36) Eden regions: 1228->0(1223)
[50.735s][info][gc,heap        ] GC(36) Survivor regions: 0->5(154)
[50.735s][info][gc,heap        ] GC(36) Old regions: 6->6
[50.735s][info][gc,heap        ] GC(36) Humongous regions: 0->0
[50.735s][info][gc,metaspace   ] GC(36) Metaspace: 9000K(9280K)->9000K(9280K) NonClass: 7835K(8000K)->7835K(8000K) Class: 1164K(1280K)->1164K(1280K)
[50.735s][info][gc             ] GC(36) Pause Young (Normal) (G1 Evacuation Pause) 4915M->21M(8192M) 9.223ms
[50.735s][info][gc,cpu         ] GC(36) User=0.00s Sys=0.00s Real=0.01s
[51.699s][info][gc,start       ] GC(37) Pause Full (System.gc())
[51.699s][info][gc,task        ] GC(37) Using 6 workers of 6 for full compaction
[51.700s][info][gc,phases,start] GC(37) Phase 1: Mark live objects
[51.702s][info][gc,phases      ] GC(37) Phase 1: Mark live objects 2.384ms
[51.702s][info][gc,phases,start] GC(37) Phase 2: Prepare compaction
[51.704s][info][gc,phases      ] GC(37) Phase 2: Prepare compaction 1.685ms
[51.704s][info][gc,phases,start] GC(37) Phase 3: Adjust pointers
[51.706s][info][gc,phases      ] GC(37) Phase 3: Adjust pointers 2.103ms
[51.706s][info][gc,phases,start] GC(37) Phase 4: Compact heap
[51.708s][info][gc,phases      ] GC(37) Phase 4: Compact heap 1.594ms
[51.708s][info][gc,phases,start] GC(37) Phase 5: Reset Metadata
[51.710s][info][gc,phases      ] GC(37) Phase 5: Reset Metadata 1.776ms
[51.725s][info][gc,heap        ] GC(37) Eden regions: 446->0(1228)
[51.725s][info][gc,heap        ] GC(37) Survivor regions: 5->0(154)
[51.725s][info][gc,heap        ] GC(37) Old regions: 6->6
[51.725s][info][gc,heap        ] GC(37) Humongous regions: 0->0
[51.725s][info][gc,metaspace   ] GC(37) Metaspace: 9000K(9280K)->9000K(9280K) NonClass: 7835K(8000K)->7835K(8000K) Class: 1164K(1280K)->1164K(1280K)
[51.725s][info][gc             ] GC(37) Pause Full (System.gc()) 1803M->3M(8192M) 25.981ms
[51.725s][info][gc,cpu         ] GC(37) User=0.02s Sys=0.00s Real=0.03s
[53.640s][info][gc,start       ] GC(38) Pause Young (Normal) (G1 Evacuation Pause)
[53.640s][info][gc,task        ] GC(38) Using 6 workers of 6 for evacuation
[53.649s][info][gc,phases      ] GC(38)   Pre Evacuate Collection Set: 0.4ms
[53.649s][info][gc,phases      ] GC(38)   Merge Heap Roots: 0.3ms
[53.649s][info][gc,phases      ] GC(38)   Evacuate Collection Set: 6.5ms
[53.649s][info][gc,phases      ] GC(38)   Post Evacuate Collection Set: 1.6ms
[53.649s][info][gc,phases      ] GC(38)   Other: 0.2ms
[53.649s][info][gc,heap        ] GC(38) Eden regions: 1228->0(1223)
[53.649s][info][gc,heap        ] GC(38) Survivor regions: 0->5(154)
[53.649s][info][gc,heap        ] GC(38) Old regions: 6->6
[53.649s][info][gc,heap        ] GC(38) Humongous regions: 0->0
[53.649s][info][gc,metaspace   ] GC(38) Metaspace: 9000K(9280K)->9000K(9280K) NonClass: 7835K(8000K)->7835K(8000K) Class: 1164K(1280K)->1164K(1280K)
[53.649s][info][gc             ] GC(38) Pause Young (Normal) (G1 Evacuation Pause) 4915M->20M(8192M) 9.234ms
[53.649s][info][gc,cpu         ] GC(38) User=0.00s Sys=0.00s Real=0.00s
[54.617s][info][gc,start       ] GC(39) Pause Full (System.gc())
[54.617s][info][gc,task        ] GC(39) Using 6 workers of 6 for full compaction
[54.617s][info][gc,phases,start] GC(39) Phase 1: Mark live objects
[54.620s][info][gc,phases      ] GC(39) Phase 1: Mark live objects 2.041ms
[54.620s][info][gc,phases,start] GC(39) Phase 2: Prepare compaction
[54.621s][info][gc,phases      ] GC(39) Phase 2: Prepare compaction 1.863ms
[54.622s][info][gc,phases,start] GC(39) Phase 3: Adjust pointers
[54.624s][info][gc,phases      ] GC(39) Phase 3: Adjust pointers 2.165ms
[54.624s][info][gc,phases,start] GC(39) Phase 4: Compact heap
[54.625s][info][gc,phases      ] GC(39) Phase 4: Compact heap 1.505ms
[54.625s][info][gc,phases,start] GC(39) Phase 5: Reset Metadata
[54.627s][info][gc,phases      ] GC(39) Phase 5: Reset Metadata 1.587ms
[54.643s][info][gc,heap        ] GC(39) Eden regions: 446->0(1228)
[54.643s][info][gc,heap        ] GC(39) Survivor regions: 5->0(154)
[54.643s][info][gc,heap        ] GC(39) Old regions: 6->6
[54.643s][info][gc,heap        ] GC(39) Humongous regions: 0->0
[54.643s][info][gc,metaspace   ] GC(39) Metaspace: 9000K(9280K)->9000K(9280K) NonClass: 7835K(8000K)->7835K(8000K) Class: 1164K(1280K)->1164K(1280K)
[54.643s][info][gc             ] GC(39) Pause Full (System.gc()) 1802M->3M(8192M) 26.319ms
[54.643s][info][gc,cpu         ] GC(39) User=0.02s Sys=0.00s Real=0.03s
[56.563s][info][gc,start       ] GC(40) Pause Young (Normal) (G1 Evacuation Pause)
[56.563s][info][gc,task        ] GC(40) Using 6 workers of 6 for evacuation
[56.572s][info][gc,phases      ] GC(40)   Pre Evacuate Collection Set: 0.4ms
[56.572s][info][gc,phases      ] GC(40)   Merge Heap Roots: 0.3ms
[56.572s][info][gc,phases      ] GC(40)   Evacuate Collection Set: 6.5ms
[56.572s][info][gc,phases      ] GC(40)   Post Evacuate Collection Set: 1.8ms
[56.572s][info][gc,phases      ] GC(40)   Other: 0.2ms
[56.572s][info][gc,heap        ] GC(40) Eden regions: 1228->0(1223)
[56.572s][info][gc,heap        ] GC(40) Survivor regions: 0->5(154)
[56.572s][info][gc,heap        ] GC(40) Old regions: 6->6
[56.572s][info][gc,heap        ] GC(40) Humongous regions: 0->0
[56.572s][info][gc,metaspace   ] GC(40) Metaspace: 9000K(9280K)->9000K(9280K) NonClass: 7835K(8000K)->7835K(8000K) Class: 1164K(1280K)->1164K(1280K)
[56.572s][info][gc             ] GC(40) Pause Young (Normal) (G1 Evacuation Pause) 4915M->20M(8192M) 9.371ms
[56.572s][info][gc,cpu         ] GC(40) User=0.00s Sys=0.00s Real=0.01s
[57.538s][info][gc,start       ] GC(41) Pause Full (System.gc())
[57.538s][info][gc,task        ] GC(41) Using 6 workers of 6 for full compaction
[57.538s][info][gc,phases,start] GC(41) Phase 1: Mark live objects
[57.541s][info][gc,phases      ] GC(41) Phase 1: Mark live objects 2.176ms
[57.541s][info][gc,phases,start] GC(41) Phase 2: Prepare compaction
[57.543s][info][gc,phases      ] GC(41) Phase 2: Prepare compaction 1.936ms
[57.543s][info][gc,phases,start] GC(41) Phase 3: Adjust pointers
[57.545s][info][gc,phases      ] GC(41) Phase 3: Adjust pointers 2.218ms
[57.545s][info][gc,phases,start] GC(41) Phase 4: Compact heap
[57.547s][info][gc,phases      ] GC(41) Phase 4: Compact heap 1.756ms
[57.547s][info][gc,phases,start] GC(41) Phase 5: Reset Metadata
[57.549s][info][gc,phases      ] GC(41) Phase 5: Reset Metadata 1.760ms
[57.564s][info][gc,heap        ] GC(41) Eden regions: 446->0(1228)
[57.564s][info][gc,heap        ] GC(41) Survivor regions: 5->0(154)
[57.564s][info][gc,heap        ] GC(41) Old regions: 6->6
[57.564s][info][gc,heap        ] GC(41) Humongous regions: 0->0
[57.564s][info][gc,metaspace   ] GC(41) Metaspace: 9000K(9280K)->9000K(9280K) NonClass: 7835K(8000K)->7835K(8000K) Class: 1164K(1280K)->1164K(1280K)
[57.564s][info][gc             ] GC(41) Pause Full (System.gc()) 1802M->3M(8192M) 26.097ms
[57.564s][info][gc,cpu         ] GC(41) User=0.08s Sys=0.00s Real=0.03s
[59.477s][info][gc,start       ] GC(42) Pause Young (Normal) (G1 Evacuation Pause)
[59.477s][info][gc,task        ] GC(42) Using 6 workers of 6 for evacuation
[59.486s][info][gc,phases      ] GC(42)   Pre Evacuate Collection Set: 0.3ms
[59.486s][info][gc,phases      ] GC(42)   Merge Heap Roots: 0.2ms
[59.486s][info][gc,phases      ] GC(42)   Evacuate Collection Set: 6.3ms
[59.486s][info][gc,phases      ] GC(42)   Post Evacuate Collection Set: 1.8ms
[59.486s][info][gc,phases      ] GC(42)   Other: 0.1ms
[59.486s][info][gc,heap        ] GC(42) Eden regions: 1228->0(1223)
[59.486s][info][gc,heap        ] GC(42) Survivor regions: 0->5(154)
[59.486s][info][gc,heap        ] GC(42) Old regions: 6->6
[59.486s][info][gc,heap        ] GC(42) Humongous regions: 0->0
[59.486s][info][gc,metaspace   ] GC(42) Metaspace: 9000K(9280K)->9000K(9280K) NonClass: 7836K(8000K)->7836K(8000K) Class: 1164K(1280K)->1164K(1280K)
[59.486s][info][gc             ] GC(42) Pause Young (Normal) (G1 Evacuation Pause) 4915M->21M(8192M) 8.879ms
[59.486s][info][gc,cpu         ] GC(42) User=0.02s Sys=0.00s Real=0.01s
[60.451s][info][gc,start       ] GC(43) Pause Full (System.gc())
[60.451s][info][gc,task        ] GC(43) Using 6 workers of 6 for full compaction
[60.451s][info][gc,phases,start] GC(43) Phase 1: Mark live objects
[60.454s][info][gc,phases      ] GC(43) Phase 1: Mark live objects 2.358ms
[60.454s][info][gc,phases,start] GC(43) Phase 2: Prepare compaction
[60.456s][info][gc,phases      ] GC(43) Phase 2: Prepare compaction 1.711ms
[60.456s][info][gc,phases,start] GC(43) Phase 3: Adjust pointers
[60.458s][info][gc,phases      ] GC(43) Phase 3: Adjust pointers 2.267ms
[60.458s][info][gc,phases,start] GC(43) Phase 4: Compact heap
[60.459s][info][gc,phases      ] GC(43) Phase 4: Compact heap 1.421ms
[60.459s][info][gc,phases,start] GC(43) Phase 5: Reset Metadata
[60.461s][info][gc,phases      ] GC(43) Phase 5: Reset Metadata 1.861ms
[60.477s][info][gc,heap        ] GC(43) Eden regions: 446->0(1228)
[60.478s][info][gc,heap        ] GC(43) Survivor regions: 5->0(154)
[60.478s][info][gc,heap        ] GC(43) Old regions: 6->6
[60.478s][info][gc,heap        ] GC(43) Humongous regions: 0->0
[60.478s][info][gc,metaspace   ] GC(43) Metaspace: 9000K(9280K)->9000K(9280K) NonClass: 7836K(8000K)->7836K(8000K) Class: 1164K(1280K)->1164K(1280K)
[60.478s][info][gc             ] GC(43) Pause Full (System.gc()) 1803M->3M(8192M) 27.524ms
[60.479s][info][gc,cpu         ] GC(43) User=0.05s Sys=0.00s Real=0.02s
[62.391s][info][gc,start       ] GC(44) Pause Young (Normal) (G1 Evacuation Pause)
[62.391s][info][gc,task        ] GC(44) Using 6 workers of 6 for evacuation
[62.400s][info][gc,phases      ] GC(44)   Pre Evacuate Collection Set: 0.4ms
[62.400s][info][gc,phases      ] GC(44)   Merge Heap Roots: 0.2ms
[62.400s][info][gc,phases      ] GC(44)   Evacuate Collection Set: 6.5ms
[62.400s][info][gc,phases      ] GC(44)   Post Evacuate Collection Set: 1.8ms
[62.400s][info][gc,phases      ] GC(44)   Other: 0.2ms
[62.400s][info][gc,heap        ] GC(44) Eden regions: 1228->0(1223)
[62.400s][info][gc,heap        ] GC(44) Survivor regions: 0->5(154)
[62.400s][info][gc,heap        ] GC(44) Old regions: 6->6
[62.400s][info][gc,heap        ] GC(44) Humongous regions: 0->0
[62.400s][info][gc,metaspace   ] GC(44) Metaspace: 9000K(9280K)->9000K(9280K) NonClass: 7836K(8000K)->7836K(8000K) Class: 1164K(1280K)->1164K(1280K)
[62.400s][info][gc             ] GC(44) Pause Young (Normal) (G1 Evacuation Pause) 4915M->20M(8192M) 9.385ms
[62.400s][info][gc,cpu         ] GC(44) User=0.02s Sys=0.00s Real=0.01s
[63.365s][info][gc,start       ] GC(45) Pause Full (System.gc())
[63.366s][info][gc,task        ] GC(45) Using 6 workers of 6 for full compaction
[63.366s][info][gc,phases,start] GC(45) Phase 1: Mark live objects
[63.368s][info][gc,phases      ] GC(45) Phase 1: Mark live objects 2.014ms
[63.368s][info][gc,phases,start] GC(45) Phase 2: Prepare compaction
[63.370s][info][gc,phases      ] GC(45) Phase 2: Prepare compaction 1.811ms
[63.370s][info][gc,phases,start] GC(45) Phase 3: Adjust pointers
[63.372s][info][gc,phases      ] GC(45) Phase 3: Adjust pointers 2.139ms
[63.372s][info][gc,phases,start] GC(45) Phase 4: Compact heap
[63.374s][info][gc,phases      ] GC(45) Phase 4: Compact heap 1.799ms
[63.374s][info][gc,phases,start] GC(45) Phase 5: Reset Metadata
[63.376s][info][gc,phases      ] GC(45) Phase 5: Reset Metadata 1.764ms
[63.392s][info][gc,heap        ] GC(45) Eden regions: 446->0(1228)
[63.392s][info][gc,heap        ] GC(45) Survivor regions: 5->0(154)
[63.392s][info][gc,heap        ] GC(45) Old regions: 6->6
[63.392s][info][gc,heap        ] GC(45) Humongous regions: 0->0
[63.392s][info][gc,metaspace   ] GC(45) Metaspace: 9000K(9280K)->9000K(9280K) NonClass: 7836K(8000K)->7836K(8000K) Class: 1164K(1280K)->1164K(1280K)
[63.392s][info][gc             ] GC(45) Pause Full (System.gc()) 1802M->3M(8192M) 26.317ms
[63.392s][info][gc,cpu         ] GC(45) User=0.02s Sys=0.00s Real=0.03s
[65.306s][info][gc,start       ] GC(46) Pause Young (Normal) (G1 Evacuation Pause)
[65.306s][info][gc,task        ] GC(46) Using 6 workers of 6 for evacuation
[65.315s][info][gc,phases      ] GC(46)   Pre Evacuate Collection Set: 0.4ms
[65.315s][info][gc,phases      ] GC(46)   Merge Heap Roots: 0.3ms
[65.315s][info][gc,phases      ] GC(46)   Evacuate Collection Set: 6.5ms
[65.315s][info][gc,phases      ] GC(46)   Post Evacuate Collection Set: 1.7ms
[65.315s][info][gc,phases      ] GC(46)   Other: 0.2ms
[65.315s][info][gc,heap        ] GC(46) Eden regions: 1228->0(1223)
[65.315s][info][gc,heap        ] GC(46) Survivor regions: 0->5(154)
[65.315s][info][gc,heap        ] GC(46) Old regions: 6->6
[65.315s][info][gc,heap        ] GC(46) Humongous regions: 0->0
[65.315s][info][gc,metaspace   ] GC(46) Metaspace: 9001K(9280K)->9001K(9280K) NonClass: 7837K(8000K)->7837K(8000K) Class: 1164K(1280K)->1164K(1280K)
[65.315s][info][gc             ] GC(46) Pause Young (Normal) (G1 Evacuation Pause) 4915M->20M(8192M) 9.263ms
[65.315s][info][gc,cpu         ] GC(46) User=0.00s Sys=0.00s Real=0.02s
[66.282s][info][gc,start       ] GC(47) Pause Full (System.gc())
[66.282s][info][gc,task        ] GC(47) Using 6 workers of 6 for full compaction
[66.282s][info][gc,phases,start] GC(47) Phase 1: Mark live objects
[66.284s][info][gc,phases      ] GC(47) Phase 1: Mark live objects 2.112ms
[66.285s][info][gc,phases,start] GC(47) Phase 2: Prepare compaction
[66.286s][info][gc,phases      ] GC(47) Phase 2: Prepare compaction 1.743ms
[66.286s][info][gc,phases,start] GC(47) Phase 3: Adjust pointers
[66.288s][info][gc,phases      ] GC(47) Phase 3: Adjust pointers 2.068ms
[66.288s][info][gc,phases,start] GC(47) Phase 4: Compact heap
[66.290s][info][gc,phases      ] GC(47) Phase 4: Compact heap 1.893ms
[66.290s][info][gc,phases,start] GC(47) Phase 5: Reset Metadata
[66.293s][info][gc,phases      ] GC(47) Phase 5: Reset Metadata 2.081ms
[66.308s][info][gc,heap        ] GC(47) Eden regions: 446->0(1228)
[66.308s][info][gc,heap        ] GC(47) Survivor regions: 5->0(154)
[66.308s][info][gc,heap        ] GC(47) Old regions: 6->6
[66.308s][info][gc,heap        ] GC(47) Humongous regions: 0->0
[66.308s][info][gc,metaspace   ] GC(47) Metaspace: 9002K(9280K)->9002K(9280K) NonClass: 7838K(8000K)->7838K(8000K) Class: 1164K(1280K)->1164K(1280K)
[66.308s][info][gc             ] GC(47) Pause Full (System.gc()) 1804M->3M(8192M) 25.865ms
[66.308s][info][gc,cpu         ] GC(47) User=0.02s Sys=0.00s Real=0.02s
[68.228s][info][gc,start       ] GC(48) Pause Young (Normal) (G1 Evacuation Pause)
[68.228s][info][gc,task        ] GC(48) Using 6 workers of 6 for evacuation
[68.237s][info][gc,phases      ] GC(48)   Pre Evacuate Collection Set: 0.3ms
[68.237s][info][gc,phases      ] GC(48)   Merge Heap Roots: 0.2ms
[68.237s][info][gc,phases      ] GC(48)   Evacuate Collection Set: 6.4ms
[68.237s][info][gc,phases      ] GC(48)   Post Evacuate Collection Set: 1.9ms
[68.237s][info][gc,phases      ] GC(48)   Other: 0.2ms
[68.237s][info][gc,heap        ] GC(48) Eden regions: 1228->0(1223)
[68.237s][info][gc,heap        ] GC(48) Survivor regions: 0->5(154)
[68.237s][info][gc,heap        ] GC(48) Old regions: 6->6
[68.237s][info][gc,heap        ] GC(48) Humongous regions: 0->0
[68.237s][info][gc,metaspace   ] GC(48) Metaspace: 9008K(9280K)->9008K(9280K) NonClass: 7844K(8000K)->7844K(8000K) Class: 1164K(1280K)->1164K(1280K)
[68.237s][info][gc             ] GC(48) Pause Young (Normal) (G1 Evacuation Pause) 4915M->20M(8192M) 9.307ms
[68.237s][info][gc,cpu         ] GC(48) User=0.02s Sys=0.00s Real=0.02s
[69.203s][info][gc,start       ] GC(49) Pause Full (System.gc())
[69.204s][info][gc,task        ] GC(49) Using 6 workers of 6 for full compaction
[69.204s][info][gc,phases,start] GC(49) Phase 1: Mark live objects
[69.206s][info][gc,phases      ] GC(49) Phase 1: Mark live objects 2.256ms
[69.206s][info][gc,phases,start] GC(49) Phase 2: Prepare compaction
[69.208s][info][gc,phases      ] GC(49) Phase 2: Prepare compaction 1.907ms
[69.208s][info][gc,phases,start] GC(49) Phase 3: Adjust pointers
[69.210s][info][gc,phases      ] GC(49) Phase 3: Adjust pointers 2.240ms
[69.210s][info][gc,phases,start] GC(49) Phase 4: Compact heap
[69.212s][info][gc,phases      ] GC(49) Phase 4: Compact heap 1.333ms
[69.212s][info][gc,phases,start] GC(49) Phase 5: Reset Metadata
[69.214s][info][gc,phases      ] GC(49) Phase 5: Reset Metadata 1.609ms
[69.229s][info][gc,heap        ] GC(49) Eden regions: 446->0(1228)
[69.229s][info][gc,heap        ] GC(49) Survivor regions: 5->0(154)
[69.229s][info][gc,heap        ] GC(49) Old regions: 6->6
[69.229s][info][gc,heap        ] GC(49) Humongous regions: 0->0
[69.229s][info][gc,metaspace   ] GC(49) Metaspace: 9008K(9280K)->9008K(9280K) NonClass: 7844K(8000K)->7844K(8000K) Class: 1164K(1280K)->1164K(1280K)
[69.230s][info][gc             ] GC(49) Pause Full (System.gc()) 1802M->3M(8192M) 26.124ms
[69.230s][info][gc,cpu         ] GC(49) User=0.03s Sys=0.00s Real=0.03s
[71.145s][info][gc,start       ] GC(50) Pause Young (Normal) (G1 Evacuation Pause)
[71.145s][info][gc,task        ] GC(50) Using 6 workers of 6 for evacuation
[71.154s][info][gc,phases      ] GC(50)   Pre Evacuate Collection Set: 0.4ms
[71.154s][info][gc,phases      ] GC(50)   Merge Heap Roots: 0.3ms
[71.154s][info][gc,phases      ] GC(50)   Evacuate Collection Set: 6.7ms
[71.154s][info][gc,phases      ] GC(50)   Post Evacuate Collection Set: 1.6ms
[71.154s][info][gc,phases      ] GC(50)   Other: 0.2ms
[71.154s][info][gc,heap        ] GC(50) Eden regions: 1228->0(1223)
[71.154s][info][gc,heap        ] GC(50) Survivor regions: 0->5(154)
[71.154s][info][gc,heap        ] GC(50) Old regions: 6->6
[71.154s][info][gc,heap        ] GC(50) Humongous regions: 0->0
[71.154s][info][gc,metaspace   ] GC(50) Metaspace: 9009K(9280K)->9009K(9280K) NonClass: 7845K(8000K)->7845K(8000K) Class: 1164K(1280K)->1164K(1280K)
[71.154s][info][gc             ] GC(50) Pause Young (Normal) (G1 Evacuation Pause) 4915M->20M(8192M) 9.301ms
[71.154s][info][gc,cpu         ] GC(50) User=0.00s Sys=0.00s Real=0.00s
[72.119s][info][gc,start       ] GC(51) Pause Full (System.gc())
[72.119s][info][gc,task        ] GC(51) Using 6 workers of 6 for full compaction
[72.119s][info][gc,phases,start] GC(51) Phase 1: Mark live objects
[72.121s][info][gc,phases      ] GC(51) Phase 1: Mark live objects 1.878ms
[72.121s][info][gc,phases,start] GC(51) Phase 2: Prepare compaction
[72.123s][info][gc,phases      ] GC(51) Phase 2: Prepare compaction 1.560ms
[72.123s][info][gc,phases,start] GC(51) Phase 3: Adjust pointers
[72.125s][info][gc,phases      ] GC(51) Phase 3: Adjust pointers 1.788ms
[72.125s][info][gc,phases,start] GC(51) Phase 4: Compact heap
[72.126s][info][gc,phases      ] GC(51) Phase 4: Compact heap 1.309ms
[72.126s][info][gc,phases,start] GC(51) Phase 5: Reset Metadata
[72.128s][info][gc,phases      ] GC(51) Phase 5: Reset Metadata 1.667ms
[72.144s][info][gc,heap        ] GC(51) Eden regions: 446->0(1228)
[72.144s][info][gc,heap        ] GC(51) Survivor regions: 5->0(154)
[72.144s][info][gc,heap        ] GC(51) Old regions: 6->6
[72.144s][info][gc,heap        ] GC(51) Humongous regions: 0->0
[72.144s][info][gc,metaspace   ] GC(51) Metaspace: 9010K(9280K)->9010K(9280K) NonClass: 7846K(8000K)->7846K(8000K) Class: 1164K(1280K)->1164K(1280K)
[72.144s][info][gc             ] GC(51) Pause Full (System.gc()) 1802M->3M(8192M) 24.993ms
[72.144s][info][gc,cpu         ] GC(51) User=0.02s Sys=0.00s Real=0.02s
[74.056s][info][gc,start       ] GC(52) Pause Young (Normal) (G1 Evacuation Pause)
[74.056s][info][gc,task        ] GC(52) Using 6 workers of 6 for evacuation
[74.065s][info][gc,phases      ] GC(52)   Pre Evacuate Collection Set: 0.3ms
[74.065s][info][gc,phases      ] GC(52)   Merge Heap Roots: 0.3ms
[74.065s][info][gc,phases      ] GC(52)   Evacuate Collection Set: 6.7ms
[74.065s][info][gc,phases      ] GC(52)   Post Evacuate Collection Set: 1.6ms
[74.065s][info][gc,phases      ] GC(52)   Other: 0.2ms
[74.065s][info][gc,heap        ] GC(52) Eden regions: 1228->0(1223)
[74.065s][info][gc,heap        ] GC(52) Survivor regions: 0->5(154)
[74.065s][info][gc,heap        ] GC(52) Old regions: 6->6
[74.065s][info][gc,heap        ] GC(52) Humongous regions: 0->0
[74.065s][info][gc,metaspace   ] GC(52) Metaspace: 9010K(9280K)->9010K(9280K) NonClass: 7846K(8000K)->7846K(8000K) Class: 1164K(1280K)->1164K(1280K)
[74.065s][info][gc             ] GC(52) Pause Young (Normal) (G1 Evacuation Pause) 4915M->20M(8192M) 9.244ms
[74.065s][info][gc,cpu         ] GC(52) User=0.02s Sys=0.00s Real=0.02s
[75.031s][info][gc,start       ] GC(53) Pause Full (System.gc())
[75.031s][info][gc,task        ] GC(53) Using 6 workers of 6 for full compaction
[75.031s][info][gc,phases,start] GC(53) Phase 1: Mark live objects
[75.033s][info][gc,phases      ] GC(53) Phase 1: Mark live objects 2.107ms
[75.033s][info][gc,phases,start] GC(53) Phase 2: Prepare compaction
[75.035s][info][gc,phases      ] GC(53) Phase 2: Prepare compaction 1.765ms
[75.035s][info][gc,phases,start] GC(53) Phase 3: Adjust pointers
[75.037s][info][gc,phases      ] GC(53) Phase 3: Adjust pointers 2.111ms
[75.037s][info][gc,phases,start] GC(53) Phase 4: Compact heap
[75.039s][info][gc,phases      ] GC(53) Phase 4: Compact heap 1.452ms
[75.039s][info][gc,phases,start] GC(53) Phase 5: Reset Metadata
[75.041s][info][gc,phases      ] GC(53) Phase 5: Reset Metadata 1.685ms
[75.056s][info][gc,heap        ] GC(53) Eden regions: 446->0(1228)
[75.056s][info][gc,heap        ] GC(53) Survivor regions: 5->0(154)
[75.056s][info][gc,heap        ] GC(53) Old regions: 6->6
[75.056s][info][gc,heap        ] GC(53) Humongous regions: 0->0
[75.056s][info][gc,metaspace   ] GC(53) Metaspace: 9010K(9280K)->9010K(9280K) NonClass: 7846K(8000K)->7846K(8000K) Class: 1164K(1280K)->1164K(1280K)
[75.056s][info][gc             ] GC(53) Pause Full (System.gc()) 1802M->3M(8192M) 25.653ms
[75.056s][info][gc,cpu         ] GC(53) User=0.02s Sys=0.00s Real=0.03s
[76.972s][info][gc,start       ] GC(54) Pause Young (Normal) (G1 Evacuation Pause)
[76.972s][info][gc,task        ] GC(54) Using 6 workers of 6 for evacuation
[76.982s][info][gc,phases      ] GC(54)   Pre Evacuate Collection Set: 0.5ms
[76.982s][info][gc,phases      ] GC(54)   Merge Heap Roots: 0.3ms
[76.982s][info][gc,phases      ] GC(54)   Evacuate Collection Set: 6.5ms
[76.982s][info][gc,phases      ] GC(54)   Post Evacuate Collection Set: 1.6ms
[76.982s][info][gc,phases      ] GC(54)   Other: 0.2ms
[76.982s][info][gc,heap        ] GC(54) Eden regions: 1228->0(1223)
[76.982s][info][gc,heap        ] GC(54) Survivor regions: 0->5(154)
[76.982s][info][gc,heap        ] GC(54) Old regions: 6->6
[76.982s][info][gc,heap        ] GC(54) Humongous regions: 0->0
[76.982s][info][gc,metaspace   ] GC(54) Metaspace: 9011K(9280K)->9011K(9280K) NonClass: 7847K(8000K)->7847K(8000K) Class: 1164K(1280K)->1164K(1280K)
[76.982s][info][gc             ] GC(54) Pause Young (Normal) (G1 Evacuation Pause) 4915M->20M(8192M) 9.429ms
[76.982s][info][gc,cpu         ] GC(54) User=0.02s Sys=0.00s Real=0.02s
[77.947s][info][gc,start       ] GC(55) Pause Full (System.gc())
[77.947s][info][gc,task        ] GC(55) Using 6 workers of 6 for full compaction
[77.947s][info][gc,phases,start] GC(55) Phase 1: Mark live objects
[77.949s][info][gc,phases      ] GC(55) Phase 1: Mark live objects 1.856ms
[77.949s][info][gc,phases,start] GC(55) Phase 2: Prepare compaction
[77.951s][info][gc,phases      ] GC(55) Phase 2: Prepare compaction 1.730ms
[77.951s][info][gc,phases,start] GC(55) Phase 3: Adjust pointers
[77.953s][info][gc,phases      ] GC(55) Phase 3: Adjust pointers 2.264ms
[77.953s][info][gc,phases,start] GC(55) Phase 4: Compact heap
[77.955s][info][gc,phases      ] GC(55) Phase 4: Compact heap 1.756ms
[77.955s][info][gc,phases,start] GC(55) Phase 5: Reset Metadata
[77.957s][info][gc,phases      ] GC(55) Phase 5: Reset Metadata 1.515ms
[77.973s][info][gc,heap        ] GC(55) Eden regions: 446->0(1228)
[77.973s][info][gc,heap        ] GC(55) Survivor regions: 5->0(154)
[77.973s][info][gc,heap        ] GC(55) Old regions: 6->6
[77.973s][info][gc,heap        ] GC(55) Humongous regions: 0->0
[77.973s][info][gc,metaspace   ] GC(55) Metaspace: 9016K(9280K)->9016K(9280K) NonClass: 7852K(8000K)->7852K(8000K) Class: 1164K(1280K)->1164K(1280K)
[77.973s][info][gc             ] GC(55) Pause Full (System.gc()) 1802M->3M(8192M) 25.846ms
[77.973s][info][gc,cpu         ] GC(55) User=0.03s Sys=0.00s Real=0.03s
[79.889s][info][gc,start       ] GC(56) Pause Young (Normal) (G1 Evacuation Pause)
[79.889s][info][gc,task        ] GC(56) Using 6 workers of 6 for evacuation
[79.898s][info][gc,phases      ] GC(56)   Pre Evacuate Collection Set: 0.5ms
[79.899s][info][gc,phases      ] GC(56)   Merge Heap Roots: 0.3ms
[79.899s][info][gc,phases      ] GC(56)   Evacuate Collection Set: 6.2ms
[79.899s][info][gc,phases      ] GC(56)   Post Evacuate Collection Set: 1.8ms
[79.899s][info][gc,phases      ] GC(56)   Other: 0.2ms
[79.899s][info][gc,heap        ] GC(56) Eden regions: 1228->0(1223)
[79.899s][info][gc,heap        ] GC(56) Survivor regions: 0->5(154)
[79.899s][info][gc,heap        ] GC(56) Old regions: 6->6
[79.899s][info][gc,heap        ] GC(56) Humongous regions: 0->0
[79.899s][info][gc,metaspace   ] GC(56) Metaspace: 9016K(9280K)->9016K(9280K) NonClass: 7852K(8000K)->7852K(8000K) Class: 1164K(1280K)->1164K(1280K)
[79.899s][info][gc             ] GC(56) Pause Young (Normal) (G1 Evacuation Pause) 4915M->20M(8192M) 9.273ms
[79.899s][info][gc,cpu         ] GC(56) User=0.02s Sys=0.00s Real=0.02s
[80.864s][info][gc,start       ] GC(57) Pause Full (System.gc())
[80.864s][info][gc,task        ] GC(57) Using 6 workers of 6 for full compaction
[80.865s][info][gc,phases,start] GC(57) Phase 1: Mark live objects
[80.867s][info][gc,phases      ] GC(57) Phase 1: Mark live objects 2.222ms
[80.867s][info][gc,phases,start] GC(57) Phase 2: Prepare compaction
[80.869s][info][gc,phases      ] GC(57) Phase 2: Prepare compaction 1.726ms
[80.869s][info][gc,phases,start] GC(57) Phase 3: Adjust pointers
[80.871s][info][gc,phases      ] GC(57) Phase 3: Adjust pointers 2.367ms
[80.871s][info][gc,phases,start] GC(57) Phase 4: Compact heap
[80.873s][info][gc,phases      ] GC(57) Phase 4: Compact heap 1.442ms
[80.873s][info][gc,phases,start] GC(57) Phase 5: Reset Metadata
[80.874s][info][gc,phases      ] GC(57) Phase 5: Reset Metadata 1.551ms
[80.891s][info][gc,heap        ] GC(57) Eden regions: 446->0(1228)
[80.891s][info][gc,heap        ] GC(57) Survivor regions: 5->0(154)
[80.891s][info][gc,heap        ] GC(57) Old regions: 6->6
[80.891s][info][gc,heap        ] GC(57) Humongous regions: 0->0
[80.891s][info][gc,metaspace   ] GC(57) Metaspace: 9016K(9280K)->9016K(9280K) NonClass: 7852K(8000K)->7852K(8000K) Class: 1164K(1280K)->1164K(1280K)
[80.891s][info][gc             ] GC(57) Pause Full (System.gc()) 1802M->3M(8192M) 26.517ms
[80.891s][info][gc,cpu         ] GC(57) User=0.03s Sys=0.00s Real=0.03s
[82.812s][info][gc,start       ] GC(58) Pause Young (Normal) (G1 Evacuation Pause)
[82.812s][info][gc,task        ] GC(58) Using 6 workers of 6 for evacuation
[82.821s][info][gc,phases      ] GC(58)   Pre Evacuate Collection Set: 0.6ms
[82.821s][info][gc,phases      ] GC(58)   Merge Heap Roots: 0.3ms
[82.821s][info][gc,phases      ] GC(58)   Evacuate Collection Set: 6.5ms
[82.821s][info][gc,phases      ] GC(58)   Post Evacuate Collection Set: 1.6ms
[82.821s][info][gc,phases      ] GC(58)   Other: 0.2ms
[82.821s][info][gc,heap        ] GC(58) Eden regions: 1228->0(1223)
[82.821s][info][gc,heap        ] GC(58) Survivor regions: 0->5(154)
[82.821s][info][gc,heap        ] GC(58) Old regions: 6->6
[82.821s][info][gc,heap        ] GC(58) Humongous regions: 0->0
[82.821s][info][gc,metaspace   ] GC(58) Metaspace: 9016K(9280K)->9016K(9280K) NonClass: 7852K(8000K)->7852K(8000K) Class: 1164K(1280K)->1164K(1280K)
[82.821s][info][gc             ] GC(58) Pause Young (Normal) (G1 Evacuation Pause) 4915M->20M(8192M) 9.480ms
[82.821s][info][gc,cpu         ] GC(58) User=0.02s Sys=0.00s Real=0.02s
[83.787s][info][gc,start       ] GC(59) Pause Full (System.gc())
[83.787s][info][gc,task        ] GC(59) Using 6 workers of 6 for full compaction
[83.788s][info][gc,phases,start] GC(59) Phase 1: Mark live objects
[83.790s][info][gc,phases      ] GC(59) Phase 1: Mark live objects 1.969ms
[83.790s][info][gc,phases,start] GC(59) Phase 2: Prepare compaction
[83.792s][info][gc,phases      ] GC(59) Phase 2: Prepare compaction 1.892ms
[83.792s][info][gc,phases,start] GC(59) Phase 3: Adjust pointers
[83.794s][info][gc,phases      ] GC(59) Phase 3: Adjust pointers 2.116ms
[83.794s][info][gc,phases,start] GC(59) Phase 4: Compact heap
[83.796s][info][gc,phases      ] GC(59) Phase 4: Compact heap 1.815ms
[83.796s][info][gc,phases,start] GC(59) Phase 5: Reset Metadata
[83.797s][info][gc,phases      ] GC(59) Phase 5: Reset Metadata 1.788ms
[83.813s][info][gc,heap        ] GC(59) Eden regions: 446->0(1228)
[83.813s][info][gc,heap        ] GC(59) Survivor regions: 5->0(154)
[83.813s][info][gc,heap        ] GC(59) Old regions: 6->6
[83.813s][info][gc,heap        ] GC(59) Humongous regions: 0->0
[83.813s][info][gc,metaspace   ] GC(59) Metaspace: 9016K(9280K)->9016K(9280K) NonClass: 7852K(8000K)->7852K(8000K) Class: 1164K(1280K)->1164K(1280K)
[83.813s][info][gc             ] GC(59) Pause Full (System.gc()) 1802M->3M(8192M) 25.824ms
[83.813s][info][gc,cpu         ] GC(59) User=0.14s Sys=0.00s Real=0.03s
[85.743s][info][gc,start       ] GC(60) Pause Young (Normal) (G1 Evacuation Pause)
[85.743s][info][gc,task        ] GC(60) Using 6 workers of 6 for evacuation
[85.752s][info][gc,phases      ] GC(60)   Pre Evacuate Collection Set: 0.5ms
[85.752s][info][gc,phases      ] GC(60)   Merge Heap Roots: 0.3ms
[85.752s][info][gc,phases      ] GC(60)   Evacuate Collection Set: 6.5ms
[85.752s][info][gc,phases      ] GC(60)   Post Evacuate Collection Set: 1.6ms
[85.752s][info][gc,phases      ] GC(60)   Other: 0.2ms
[85.752s][info][gc,heap        ] GC(60) Eden regions: 1228->0(1223)
[85.752s][info][gc,heap        ] GC(60) Survivor regions: 0->5(154)
[85.752s][info][gc,heap        ] GC(60) Old regions: 6->6
[85.752s][info][gc,heap        ] GC(60) Humongous regions: 0->0
[85.752s][info][gc,metaspace   ] GC(60) Metaspace: 9016K(9280K)->9016K(9280K) NonClass: 7852K(8000K)->7852K(8000K) Class: 1164K(1280K)->1164K(1280K)
[85.752s][info][gc             ] GC(60) Pause Young (Normal) (G1 Evacuation Pause) 4915M->20M(8192M) 9.332ms
[85.752s][info][gc,cpu         ] GC(60) User=0.00s Sys=0.00s Real=0.00s
[86.717s][info][gc,start       ] GC(61) Pause Full (System.gc())
[86.717s][info][gc,task        ] GC(61) Using 6 workers of 6 for full compaction
[86.717s][info][gc,phases,start] GC(61) Phase 1: Mark live objects
[86.720s][info][gc,phases      ] GC(61) Phase 1: Mark live objects 2.261ms
[86.720s][info][gc,phases,start] GC(61) Phase 2: Prepare compaction
[86.721s][info][gc,phases      ] GC(61) Phase 2: Prepare compaction 1.700ms
[86.721s][info][gc,phases,start] GC(61) Phase 3: Adjust pointers
[86.724s][info][gc,phases      ] GC(61) Phase 3: Adjust pointers 2.310ms
[86.724s][info][gc,phases,start] GC(61) Phase 4: Compact heap
[86.726s][info][gc,phases      ] GC(61) Phase 4: Compact heap 1.769ms
[86.726s][info][gc,phases,start] GC(61) Phase 5: Reset Metadata
[86.727s][info][gc,phases      ] GC(61) Phase 5: Reset Metadata 1.545ms
[86.743s][info][gc,heap        ] GC(61) Eden regions: 446->0(1228)
[86.743s][info][gc,heap        ] GC(61) Survivor regions: 5->0(154)
[86.743s][info][gc,heap        ] GC(61) Old regions: 6->6
[86.743s][info][gc,heap        ] GC(61) Humongous regions: 0->0
[86.743s][info][gc,metaspace   ] GC(61) Metaspace: 9018K(9280K)->9018K(9280K) NonClass: 7853K(8000K)->7853K(8000K) Class: 1164K(1280K)->1164K(1280K)
[86.743s][info][gc             ] GC(61) Pause Full (System.gc()) 1802M->3M(8192M) 26.048ms
[86.743s][info][gc,cpu         ] GC(61) User=0.00s Sys=0.00s Real=0.02s
[88.662s][info][gc,start       ] GC(62) Pause Young (Normal) (G1 Evacuation Pause)
[88.662s][info][gc,task        ] GC(62) Using 6 workers of 6 for evacuation
[88.671s][info][gc,phases      ] GC(62)   Pre Evacuate Collection Set: 0.5ms
[88.672s][info][gc,phases      ] GC(62)   Merge Heap Roots: 0.3ms
[88.672s][info][gc,phases      ] GC(62)   Evacuate Collection Set: 6.5ms
[88.672s][info][gc,phases      ] GC(62)   Post Evacuate Collection Set: 1.6ms
[88.672s][info][gc,phases      ] GC(62)   Other: 0.2ms
[88.672s][info][gc,heap        ] GC(62) Eden regions: 1228->0(1223)
[88.672s][info][gc,heap        ] GC(62) Survivor regions: 0->5(154)
[88.672s][info][gc,heap        ] GC(62) Old regions: 6->6
[88.672s][info][gc,heap        ] GC(62) Humongous regions: 0->0
[88.672s][info][gc,metaspace   ] GC(62) Metaspace: 9018K(9280K)->9018K(9280K) NonClass: 7854K(8000K)->7854K(8000K) Class: 1164K(1280K)->1164K(1280K)
[88.672s][info][gc             ] GC(62) Pause Young (Normal) (G1 Evacuation Pause) 4915M->21M(8192M) 9.369ms
[88.672s][info][gc,cpu         ] GC(62) User=0.00s Sys=0.00s Real=0.00s
[89.636s][info][gc,start       ] GC(63) Pause Full (System.gc())
[89.636s][info][gc,task        ] GC(63) Using 6 workers of 6 for full compaction
[89.637s][info][gc,phases,start] GC(63) Phase 1: Mark live objects
[89.639s][info][gc,phases      ] GC(63) Phase 1: Mark live objects 2.075ms
[89.639s][info][gc,phases,start] GC(63) Phase 2: Prepare compaction
[89.641s][info][gc,phases      ] GC(63) Phase 2: Prepare compaction 1.909ms
[89.641s][info][gc,phases,start] GC(63) Phase 3: Adjust pointers
[89.643s][info][gc,phases      ] GC(63) Phase 3: Adjust pointers 2.492ms
[89.643s][info][gc,phases,start] GC(63) Phase 4: Compact heap
[89.645s][info][gc,phases      ] GC(63) Phase 4: Compact heap 1.369ms
[89.645s][info][gc,phases,start] GC(63) Phase 5: Reset Metadata
[89.647s][info][gc,phases      ] GC(63) Phase 5: Reset Metadata 1.638ms
[89.663s][info][gc,heap        ] GC(63) Eden regions: 446->0(1228)
[89.663s][info][gc,heap        ] GC(63) Survivor regions: 5->0(154)
[89.663s][info][gc,heap        ] GC(63) Old regions: 6->6
[89.663s][info][gc,heap        ] GC(63) Humongous regions: 0->0
[89.663s][info][gc,metaspace   ] GC(63) Metaspace: 9036K(9280K)->9036K(9280K) NonClass: 7871K(8000K)->7871K(8000K) Class: 1164K(1280K)->1164K(1280K)
[89.663s][info][gc             ] GC(63) Pause Full (System.gc()) 1803M->3M(8192M) 26.191ms
[89.663s][info][gc,cpu         ] GC(63) User=0.02s Sys=0.00s Real=0.02s
[91.578s][info][gc,start       ] GC(64) Pause Young (Normal) (G1 Evacuation Pause)
[91.578s][info][gc,task        ] GC(64) Using 6 workers of 6 for evacuation
[91.587s][info][gc,phases      ] GC(64)   Pre Evacuate Collection Set: 0.4ms
[91.587s][info][gc,phases      ] GC(64)   Merge Heap Roots: 0.3ms
[91.587s][info][gc,phases      ] GC(64)   Evacuate Collection Set: 6.3ms
[91.587s][info][gc,phases      ] GC(64)   Post Evacuate Collection Set: 1.8ms
[91.587s][info][gc,phases      ] GC(64)   Other: 0.1ms
[91.587s][info][gc,heap        ] GC(64) Eden regions: 1228->0(1223)
[91.587s][info][gc,heap        ] GC(64) Survivor regions: 0->5(154)
[91.587s][info][gc,heap        ] GC(64) Old regions: 6->6
[91.587s][info][gc,heap        ] GC(64) Humongous regions: 0->0
[91.587s][info][gc,metaspace   ] GC(64) Metaspace: 9039K(9280K)->9039K(9280K) NonClass: 7875K(8000K)->7875K(8000K) Class: 1164K(1280K)->1164K(1280K)
[91.587s][info][gc             ] GC(64) Pause Young (Normal) (G1 Evacuation Pause) 4915M->21M(8192M) 9.117ms
[91.587s][info][gc,cpu         ] GC(64) User=0.00s Sys=0.00s Real=0.01s
[92.551s][info][gc,start       ] GC(65) Pause Full (System.gc())
[92.551s][info][gc,task        ] GC(65) Using 6 workers of 6 for full compaction
[92.551s][info][gc,phases,start] GC(65) Phase 1: Mark live objects
[92.553s][info][gc,phases      ] GC(65) Phase 1: Mark live objects 2.150ms
[92.553s][info][gc,phases,start] GC(65) Phase 2: Prepare compaction
[92.555s][info][gc,phases      ] GC(65) Phase 2: Prepare compaction 1.814ms
[92.555s][info][gc,phases,start] GC(65) Phase 3: Adjust pointers
[92.558s][info][gc,phases      ] GC(65) Phase 3: Adjust pointers 2.335ms
[92.558s][info][gc,phases,start] GC(65) Phase 4: Compact heap
[92.559s][info][gc,phases      ] GC(65) Phase 4: Compact heap 1.476ms
[92.559s][info][gc,phases,start] GC(65) Phase 5: Reset Metadata
[92.561s][info][gc,phases      ] GC(65) Phase 5: Reset Metadata 1.565ms
[92.577s][info][gc,heap        ] GC(65) Eden regions: 446->0(1228)
[92.577s][info][gc,heap        ] GC(65) Survivor regions: 5->0(154)
[92.577s][info][gc,heap        ] GC(65) Old regions: 6->6
[92.577s][info][gc,heap        ] GC(65) Humongous regions: 0->0
[92.577s][info][gc,metaspace   ] GC(65) Metaspace: 9041K(9280K)->9041K(9280K) NonClass: 7876K(8000K)->7876K(8000K) Class: 1164K(1280K)->1164K(1280K)
[92.577s][info][gc             ] GC(65) Pause Full (System.gc()) 1803M->3M(8192M) 26.053ms
[92.577s][info][gc,cpu         ] GC(65) User=0.03s Sys=0.00s Real=0.03s
[94.519s][info][gc,start       ] GC(66) Pause Young (Normal) (G1 Evacuation Pause)
[94.519s][info][gc,task        ] GC(66) Using 6 workers of 6 for evacuation
[94.530s][info][gc,phases      ] GC(66)   Pre Evacuate Collection Set: 0.4ms
[94.530s][info][gc,phases      ] GC(66)   Merge Heap Roots: 0.4ms
[94.530s][info][gc,phases      ] GC(66)   Evacuate Collection Set: 6.5ms
[94.530s][info][gc,phases      ] GC(66)   Post Evacuate Collection Set: 3.1ms
[94.530s][info][gc,phases      ] GC(66)   Other: 0.2ms
[94.530s][info][gc,heap        ] GC(66) Eden regions: 1228->0(1223)
[94.530s][info][gc,heap        ] GC(66) Survivor regions: 0->5(154)
[94.530s][info][gc,heap        ] GC(66) Old regions: 6->6
[94.530s][info][gc,heap        ] GC(66) Humongous regions: 0->0
[94.530s][info][gc,metaspace   ] GC(66) Metaspace: 9041K(9280K)->9041K(9280K) NonClass: 7876K(8000K)->7876K(8000K) Class: 1164K(1280K)->1164K(1280K)
[94.530s][info][gc             ] GC(66) Pause Young (Normal) (G1 Evacuation Pause) 4915M->20M(8192M) 10.838ms
[94.530s][info][gc,cpu         ] GC(66) User=0.02s Sys=0.00s Real=0.02s
[95.497s][info][gc,start       ] GC(67) Pause Full (System.gc())
[95.497s][info][gc,task        ] GC(67) Using 6 workers of 6 for full compaction
[95.497s][info][gc,phases,start] GC(67) Phase 1: Mark live objects
[95.499s][info][gc,phases      ] GC(67) Phase 1: Mark live objects 2.154ms
[95.499s][info][gc,phases,start] GC(67) Phase 2: Prepare compaction
[95.505s][info][gc,phases      ] GC(67) Phase 2: Prepare compaction 5.572ms
[95.505s][info][gc,phases,start] GC(67) Phase 3: Adjust pointers
[95.507s][info][gc,phases      ] GC(67) Phase 3: Adjust pointers 2.090ms
[95.507s][info][gc,phases,start] GC(67) Phase 4: Compact heap
[95.508s][info][gc,phases      ] GC(67) Phase 4: Compact heap 1.287ms
[95.508s][info][gc,phases,start] GC(67) Phase 5: Reset Metadata
[95.513s][info][gc,phases      ] GC(67) Phase 5: Reset Metadata 4.245ms
[95.531s][info][gc,heap        ] GC(67) Eden regions: 446->0(1228)
[95.531s][info][gc,heap        ] GC(67) Survivor regions: 5->0(154)
[95.531s][info][gc,heap        ] GC(67) Old regions: 6->6
[95.531s][info][gc,heap        ] GC(67) Humongous regions: 0->0
[95.531s][info][gc,metaspace   ] GC(67) Metaspace: 9041K(9280K)->9041K(9280K) NonClass: 7876K(8000K)->7876K(8000K) Class: 1164K(1280K)->1164K(1280K)
[95.531s][info][gc             ] GC(67) Pause Full (System.gc()) 1802M->3M(8192M) 34.502ms
[95.531s][info][gc,cpu         ] GC(67) User=0.06s Sys=0.02s Real=0.03s
[97.450s][info][gc,start       ] GC(68) Pause Young (Normal) (G1 Evacuation Pause)
[97.450s][info][gc,task        ] GC(68) Using 6 workers of 6 for evacuation
[97.459s][info][gc,phases      ] GC(68)   Pre Evacuate Collection Set: 0.4ms
[97.459s][info][gc,phases      ] GC(68)   Merge Heap Roots: 0.3ms
[97.459s][info][gc,phases      ] GC(68)   Evacuate Collection Set: 6.6ms
[97.459s][info][gc,phases      ] GC(68)   Post Evacuate Collection Set: 1.6ms
[97.459s][info][gc,phases      ] GC(68)   Other: 0.2ms
[97.459s][info][gc,heap        ] GC(68) Eden regions: 1228->0(1223)
[97.459s][info][gc,heap        ] GC(68) Survivor regions: 0->5(154)
[97.459s][info][gc,heap        ] GC(68) Old regions: 6->6
[97.459s][info][gc,heap        ] GC(68) Humongous regions: 0->0
[97.459s][info][gc,metaspace   ] GC(68) Metaspace: 9041K(9280K)->9041K(9280K) NonClass: 7877K(8000K)->7877K(8000K) Class: 1164K(1280K)->1164K(1280K)
[97.459s][info][gc             ] GC(68) Pause Young (Normal) (G1 Evacuation Pause) 4915M->20M(8192M) 9.279ms
[97.459s][info][gc,cpu         ] GC(68) User=0.00s Sys=0.00s Real=0.01s
[98.425s][info][gc,start       ] GC(69) Pause Full (System.gc())
[98.425s][info][gc,task        ] GC(69) Using 6 workers of 6 for full compaction
[98.426s][info][gc,phases,start] GC(69) Phase 1: Mark live objects
[98.428s][info][gc,phases      ] GC(69) Phase 1: Mark live objects 1.998ms
[98.428s][info][gc,phases,start] GC(69) Phase 2: Prepare compaction
[98.430s][info][gc,phases      ] GC(69) Phase 2: Prepare compaction 1.820ms
[98.430s][info][gc,phases,start] GC(69) Phase 3: Adjust pointers
[98.432s][info][gc,phases      ] GC(69) Phase 3: Adjust pointers 2.163ms
[98.432s][info][gc,phases,start] GC(69) Phase 4: Compact heap
[98.434s][info][gc,phases      ] GC(69) Phase 4: Compact heap 1.879ms
[98.434s][info][gc,phases,start] GC(69) Phase 5: Reset Metadata
[98.436s][info][gc,phases      ] GC(69) Phase 5: Reset Metadata 2.101ms
[98.451s][info][gc,heap        ] GC(69) Eden regions: 446->0(1228)
[98.451s][info][gc,heap        ] GC(69) Survivor regions: 5->0(154)
[98.451s][info][gc,heap        ] GC(69) Old regions: 6->6
[98.451s][info][gc,heap        ] GC(69) Humongous regions: 0->0
[98.451s][info][gc,metaspace   ] GC(69) Metaspace: 9041K(9280K)->9041K(9280K) NonClass: 7877K(8000K)->7877K(8000K) Class: 1164K(1280K)->1164K(1280K)
[98.451s][info][gc             ] GC(69) Pause Full (System.gc()) 1802M->3M(8192M) 26.314ms
[98.451s][info][gc,cpu         ] GC(69) User=0.02s Sys=0.00s Real=0.02s
[100.366s][info][gc,start       ] GC(70) Pause Young (Normal) (G1 Evacuation Pause)
[100.366s][info][gc,task        ] GC(70) Using 6 workers of 6 for evacuation
[100.375s][info][gc,phases      ] GC(70)   Pre Evacuate Collection Set: 0.4ms
[100.375s][info][gc,phases      ] GC(70)   Merge Heap Roots: 0.3ms
[100.375s][info][gc,phases      ] GC(70)   Evacuate Collection Set: 6.4ms
[100.375s][info][gc,phases      ] GC(70)   Post Evacuate Collection Set: 1.8ms
[100.375s][info][gc,phases      ] GC(70)   Other: 0.2ms
[100.375s][info][gc,heap        ] GC(70) Eden regions: 1228->0(1223)
[100.375s][info][gc,heap        ] GC(70) Survivor regions: 0->5(154)
[100.375s][info][gc,heap        ] GC(70) Old regions: 6->6
[100.375s][info][gc,heap        ] GC(70) Humongous regions: 0->0
[100.375s][info][gc,metaspace   ] GC(70) Metaspace: 9041K(9280K)->9041K(9280K) NonClass: 7877K(8000K)->7877K(8000K) Class: 1164K(1280K)->1164K(1280K)
[100.375s][info][gc             ] GC(70) Pause Young (Normal) (G1 Evacuation Pause) 4915M->20M(8192M) 9.355ms
[100.375s][info][gc,cpu         ] GC(70) User=0.00s Sys=0.00s Real=0.01s
[101.342s][info][gc,start       ] GC(71) Pause Full (System.gc())
[101.342s][info][gc,task        ] GC(71) Using 6 workers of 6 for full compaction
[101.343s][info][gc,phases,start] GC(71) Phase 1: Mark live objects
[101.345s][info][gc,phases      ] GC(71) Phase 1: Mark live objects 2.073ms
[101.345s][info][gc,phases,start] GC(71) Phase 2: Prepare compaction
[101.347s][info][gc,phases      ] GC(71) Phase 2: Prepare compaction 1.900ms
[101.347s][info][gc,phases,start] GC(71) Phase 3: Adjust pointers
[101.349s][info][gc,phases      ] GC(71) Phase 3: Adjust pointers 1.988ms
[101.349s][info][gc,phases,start] GC(71) Phase 4: Compact heap
[101.350s][info][gc,phases      ] GC(71) Phase 4: Compact heap 1.508ms
[101.350s][info][gc,phases,start] GC(71) Phase 5: Reset Metadata
[101.352s][info][gc,phases      ] GC(71) Phase 5: Reset Metadata 1.635ms
[101.368s][info][gc,heap        ] GC(71) Eden regions: 446->0(1228)
[101.369s][info][gc,heap        ] GC(71) Survivor regions: 5->0(154)
[101.369s][info][gc,heap        ] GC(71) Old regions: 6->6
[101.369s][info][gc,heap        ] GC(71) Humongous regions: 0->0
[101.369s][info][gc,metaspace   ] GC(71) Metaspace: 9041K(9280K)->9041K(9280K) NonClass: 7877K(8000K)->7877K(8000K) Class: 1164K(1280K)->1164K(1280K)
[101.369s][info][gc             ] GC(71) Pause Full (System.gc()) 1802M->3M(8192M) 26.865ms
[101.369s][info][gc,cpu         ] GC(71) User=0.02s Sys=0.00s Real=0.02s
[103.286s][info][gc,start       ] GC(72) Pause Young (Normal) (G1 Evacuation Pause)
[103.286s][info][gc,task        ] GC(72) Using 6 workers of 6 for evacuation
[103.295s][info][gc,phases      ] GC(72)   Pre Evacuate Collection Set: 0.4ms
[103.296s][info][gc,phases      ] GC(72)   Merge Heap Roots: 0.4ms
[103.296s][info][gc,phases      ] GC(72)   Evacuate Collection Set: 6.5ms
[103.296s][info][gc,phases      ] GC(72)   Post Evacuate Collection Set: 1.6ms
[103.296s][info][gc,phases      ] GC(72)   Other: 0.2ms
[103.296s][info][gc,heap        ] GC(72) Eden regions: 1228->0(1223)
[103.296s][info][gc,heap        ] GC(72) Survivor regions: 0->5(154)
[103.296s][info][gc,heap        ] GC(72) Old regions: 6->6
[103.296s][info][gc,heap        ] GC(72) Humongous regions: 0->0
[103.296s][info][gc,metaspace   ] GC(72) Metaspace: 9042K(9280K)->9042K(9280K) NonClass: 7878K(8000K)->7878K(8000K) Class: 1164K(1280K)->1164K(1280K)
[103.296s][info][gc             ] GC(72) Pause Young (Normal) (G1 Evacuation Pause) 4915M->21M(8192M) 9.307ms
[103.296s][info][gc,cpu         ] GC(72) User=0.00s Sys=0.00s Real=0.02s
[104.262s][info][gc,start       ] GC(73) Pause Full (System.gc())
[104.263s][info][gc,task        ] GC(73) Using 6 workers of 6 for full compaction
[104.263s][info][gc,phases,start] GC(73) Phase 1: Mark live objects
[104.265s][info][gc,phases      ] GC(73) Phase 1: Mark live objects 1.999ms
[104.265s][info][gc,phases,start] GC(73) Phase 2: Prepare compaction
[104.267s][info][gc,phases      ] GC(73) Phase 2: Prepare compaction 1.951ms
[104.267s][info][gc,phases,start] GC(73) Phase 3: Adjust pointers
[104.269s][info][gc,phases      ] GC(73) Phase 3: Adjust pointers 2.183ms
[104.269s][info][gc,phases,start] GC(73) Phase 4: Compact heap
[104.271s][info][gc,phases      ] GC(73) Phase 4: Compact heap 1.571ms
[104.271s][info][gc,phases,start] GC(73) Phase 5: Reset Metadata
[104.273s][info][gc,phases      ] GC(73) Phase 5: Reset Metadata 2.028ms
[104.288s][info][gc,heap        ] GC(73) Eden regions: 446->0(1228)
[104.288s][info][gc,heap        ] GC(73) Survivor regions: 5->0(154)
[104.288s][info][gc,heap        ] GC(73) Old regions: 6->6
[104.288s][info][gc,heap        ] GC(73) Humongous regions: 0->0
[104.288s][info][gc,metaspace   ] GC(73) Metaspace: 9042K(9280K)->9042K(9280K) NonClass: 7878K(8000K)->7878K(8000K) Class: 1164K(1280K)->1164K(1280K)
[104.288s][info][gc             ] GC(73) Pause Full (System.gc()) 1803M->3M(8192M) 25.936ms
[104.288s][info][gc,cpu         ] GC(73) User=0.02s Sys=0.00s Real=0.02s
[106.206s][info][gc,start       ] GC(74) Pause Young (Normal) (G1 Evacuation Pause)
[106.206s][info][gc,task        ] GC(74) Using 6 workers of 6 for evacuation
[106.215s][info][gc,phases      ] GC(74)   Pre Evacuate Collection Set: 0.5ms
[106.215s][info][gc,phases      ] GC(74)   Merge Heap Roots: 0.3ms
[106.215s][info][gc,phases      ] GC(74)   Evacuate Collection Set: 6.1ms
[106.215s][info][gc,phases      ] GC(74)   Post Evacuate Collection Set: 1.9ms
[106.215s][info][gc,phases      ] GC(74)   Other: 0.2ms
[106.215s][info][gc,heap        ] GC(74) Eden regions: 1228->0(1223)
[106.215s][info][gc,heap        ] GC(74) Survivor regions: 0->5(154)
[106.215s][info][gc,heap        ] GC(74) Old regions: 6->6
[106.215s][info][gc,heap        ] GC(74) Humongous regions: 0->0
[106.215s][info][gc,metaspace   ] GC(74) Metaspace: 9042K(9280K)->9042K(9280K) NonClass: 7878K(8000K)->7878K(8000K) Class: 1164K(1280K)->1164K(1280K)
[106.215s][info][gc             ] GC(74) Pause Young (Normal) (G1 Evacuation Pause) 4915M->20M(8192M) 9.164ms
[106.215s][info][gc,cpu         ] GC(74) User=0.00s Sys=0.00s Real=0.02s
[107.179s][info][gc,start       ] GC(75) Pause Full (System.gc())
[107.179s][info][gc,task        ] GC(75) Using 6 workers of 6 for full compaction
[107.180s][info][gc,phases,start] GC(75) Phase 1: Mark live objects
[107.182s][info][gc,phases      ] GC(75) Phase 1: Mark live objects 2.141ms
[107.182s][info][gc,phases,start] GC(75) Phase 2: Prepare compaction
[107.184s][info][gc,phases      ] GC(75) Phase 2: Prepare compaction 1.916ms
[107.184s][info][gc,phases,start] GC(75) Phase 3: Adjust pointers
[107.186s][info][gc,phases      ] GC(75) Phase 3: Adjust pointers 2.263ms
[107.186s][info][gc,phases,start] GC(75) Phase 4: Compact heap
[107.188s][info][gc,phases      ] GC(75) Phase 4: Compact heap 1.394ms
[107.188s][info][gc,phases,start] GC(75) Phase 5: Reset Metadata
[107.189s][info][gc,phases      ] GC(75) Phase 5: Reset Metadata 1.816ms
[107.205s][info][gc,heap        ] GC(75) Eden regions: 446->0(1228)
[107.205s][info][gc,heap        ] GC(75) Survivor regions: 5->0(154)
[107.205s][info][gc,heap        ] GC(75) Old regions: 6->6
[107.205s][info][gc,heap        ] GC(75) Humongous regions: 0->0
[107.205s][info][gc,metaspace   ] GC(75) Metaspace: 9043K(9280K)->9043K(9280K) NonClass: 7879K(8000K)->7879K(8000K) Class: 1164K(1280K)->1164K(1280K)
[107.205s][info][gc             ] GC(75) Pause Full (System.gc()) 1802M->3M(8192M) 26.111ms
[107.205s][info][gc,cpu         ] GC(75) User=0.02s Sys=0.00s Real=0.03s
[109.123s][info][gc,start       ] GC(76) Pause Young (Normal) (G1 Evacuation Pause)
[109.123s][info][gc,task        ] GC(76) Using 6 workers of 6 for evacuation
[109.132s][info][gc,phases      ] GC(76)   Pre Evacuate Collection Set: 0.4ms
[109.132s][info][gc,phases      ] GC(76)   Merge Heap Roots: 0.2ms
[109.132s][info][gc,phases      ] GC(76)   Evacuate Collection Set: 6.5ms
[109.132s][info][gc,phases      ] GC(76)   Post Evacuate Collection Set: 1.7ms
[109.132s][info][gc,phases      ] GC(76)   Other: 0.1ms
[109.132s][info][gc,heap        ] GC(76) Eden regions: 1228->0(1223)
[109.132s][info][gc,heap        ] GC(76) Survivor regions: 0->5(154)
[109.132s][info][gc,heap        ] GC(76) Old regions: 6->6
[109.132s][info][gc,heap        ] GC(76) Humongous regions: 0->0
[109.132s][info][gc,metaspace   ] GC(76) Metaspace: 9044K(9280K)->9044K(9280K) NonClass: 7880K(8000K)->7880K(8000K) Class: 1164K(1280K)->1164K(1280K)
[109.132s][info][gc             ] GC(76) Pause Young (Normal) (G1 Evacuation Pause) 4915M->20M(8192M) 9.134ms
[109.132s][info][gc,cpu         ] GC(76) User=0.02s Sys=0.00s Real=0.02s
[110.096s][info][gc,start       ] GC(77) Pause Full (System.gc())
[110.096s][info][gc,task        ] GC(77) Using 6 workers of 6 for full compaction
[110.096s][info][gc,phases,start] GC(77) Phase 1: Mark live objects
[110.099s][info][gc,phases      ] GC(77) Phase 1: Mark live objects 2.072ms
[110.099s][info][gc,phases,start] GC(77) Phase 2: Prepare compaction
[110.100s][info][gc,phases      ] GC(77) Phase 2: Prepare compaction 1.721ms
[110.100s][info][gc,phases,start] GC(77) Phase 3: Adjust pointers
[110.103s][info][gc,phases      ] GC(77) Phase 3: Adjust pointers 2.224ms
[110.103s][info][gc,phases,start] GC(77) Phase 4: Compact heap
[110.105s][info][gc,phases      ] GC(77) Phase 4: Compact heap 1.885ms
[110.105s][info][gc,phases,start] GC(77) Phase 5: Reset Metadata
[110.107s][info][gc,phases      ] GC(77) Phase 5: Reset Metadata 1.925ms
[110.122s][info][gc,heap        ] GC(77) Eden regions: 446->0(1228)
[110.122s][info][gc,heap        ] GC(77) Survivor regions: 5->0(154)
[110.122s][info][gc,heap        ] GC(77) Old regions: 6->6
[110.122s][info][gc,heap        ] GC(77) Humongous regions: 0->0
[110.122s][info][gc,metaspace   ] GC(77) Metaspace: 9044K(9280K)->9044K(9280K) NonClass: 7880K(8000K)->7880K(8000K) Class: 1164K(1280K)->1164K(1280K)
[110.122s][info][gc             ] GC(77) Pause Full (System.gc()) 1802M->3M(8192M) 26.315ms
[110.122s][info][gc,cpu         ] GC(77) User=0.05s Sys=0.00s Real=0.03s
[112.040s][info][gc,start       ] GC(78) Pause Young (Normal) (G1 Evacuation Pause)
[112.040s][info][gc,task        ] GC(78) Using 6 workers of 6 for evacuation
[112.049s][info][gc,phases      ] GC(78)   Pre Evacuate Collection Set: 0.4ms
[112.049s][info][gc,phases      ] GC(78)   Merge Heap Roots: 0.2ms
[112.049s][info][gc,phases      ] GC(78)   Evacuate Collection Set: 6.6ms
[112.049s][info][gc,phases      ] GC(78)   Post Evacuate Collection Set: 1.6ms
[112.049s][info][gc,phases      ] GC(78)   Other: 0.1ms
[112.049s][info][gc,heap        ] GC(78) Eden regions: 1228->0(1223)
[112.049s][info][gc,heap        ] GC(78) Survivor regions: 0->5(154)
[112.049s][info][gc,heap        ] GC(78) Old regions: 6->6
[112.049s][info][gc,heap        ] GC(78) Humongous regions: 0->0
[112.049s][info][gc,metaspace   ] GC(78) Metaspace: 9052K(9280K)->9052K(9280K) NonClass: 7888K(8000K)->7888K(8000K) Class: 1164K(1280K)->1164K(1280K)
[112.049s][info][gc             ] GC(78) Pause Young (Normal) (G1 Evacuation Pause) 4915M->20M(8192M) 9.227ms
[112.049s][info][gc,cpu         ] GC(78) User=0.02s Sys=0.00s Real=0.02s
[113.013s][info][gc,start       ] GC(79) Pause Full (System.gc())
[113.014s][info][gc,task        ] GC(79) Using 6 workers of 6 for full compaction
[113.014s][info][gc,phases,start] GC(79) Phase 1: Mark live objects
[113.016s][info][gc,phases      ] GC(79) Phase 1: Mark live objects 2.112ms
[113.016s][info][gc,phases,start] GC(79) Phase 2: Prepare compaction
[113.018s][info][gc,phases      ] GC(79) Phase 2: Prepare compaction 2.047ms
[113.018s][info][gc,phases,start] GC(79) Phase 3: Adjust pointers
[113.020s][info][gc,phases      ] GC(79) Phase 3: Adjust pointers 2.080ms
[113.020s][info][gc,phases,start] GC(79) Phase 4: Compact heap
[113.022s][info][gc,phases      ] GC(79) Phase 4: Compact heap 2.063ms
[113.022s][info][gc,phases,start] GC(79) Phase 5: Reset Metadata
[113.024s][info][gc,phases      ] GC(79) Phase 5: Reset Metadata 1.922ms
[113.040s][info][gc,heap        ] GC(79) Eden regions: 446->0(1228)
[113.040s][info][gc,heap        ] GC(79) Survivor regions: 5->0(154)
[113.040s][info][gc,heap        ] GC(79) Old regions: 6->6
[113.040s][info][gc,heap        ] GC(79) Humongous regions: 0->0
[113.040s][info][gc,metaspace   ] GC(79) Metaspace: 9052K(9280K)->9052K(9280K) NonClass: 7888K(8000K)->7888K(8000K) Class: 1164K(1280K)->1164K(1280K)
[113.040s][info][gc             ] GC(79) Pause Full (System.gc()) 1802M->3M(8192M) 26.242ms
[113.040s][info][gc,cpu         ] GC(79) User=0.03s Sys=0.00s Real=0.03s
[114.958s][info][gc,start       ] GC(80) Pause Young (Normal) (G1 Evacuation Pause)
[114.958s][info][gc,task        ] GC(80) Using 6 workers of 6 for evacuation
[114.967s][info][gc,phases      ] GC(80)   Pre Evacuate Collection Set: 0.4ms
[114.967s][info][gc,phases      ] GC(80)   Merge Heap Roots: 0.3ms
[114.967s][info][gc,phases      ] GC(80)   Evacuate Collection Set: 6.4ms
[114.967s][info][gc,phases      ] GC(80)   Post Evacuate Collection Set: 1.7ms
[114.967s][info][gc,phases      ] GC(80)   Other: 0.2ms
[114.967s][info][gc,heap        ] GC(80) Eden regions: 1228->0(1223)
[114.967s][info][gc,heap        ] GC(80) Survivor regions: 0->5(154)
[114.967s][info][gc,heap        ] GC(80) Old regions: 6->6
[114.967s][info][gc,heap        ] GC(80) Humongous regions: 0->0
[114.967s][info][gc,metaspace   ] GC(80) Metaspace: 9052K(9280K)->9052K(9280K) NonClass: 7888K(8000K)->7888K(8000K) Class: 1164K(1280K)->1164K(1280K)
[114.967s][info][gc             ] GC(80) Pause Young (Normal) (G1 Evacuation Pause) 4915M->20M(8192M) 9.289ms
[114.967s][info][gc,cpu         ] GC(80) User=0.00s Sys=0.00s Real=0.02s
[115.937s][info][gc,start       ] GC(81) Pause Full (System.gc())
[115.937s][info][gc,task        ] GC(81) Using 6 workers of 6 for full compaction
[115.937s][info][gc,phases,start] GC(81) Phase 1: Mark live objects
[115.939s][info][gc,phases      ] GC(81) Phase 1: Mark live objects 2.190ms
[115.939s][info][gc,phases,start] GC(81) Phase 2: Prepare compaction
[115.941s][info][gc,phases      ] GC(81) Phase 2: Prepare compaction 1.920ms
[115.941s][info][gc,phases,start] GC(81) Phase 3: Adjust pointers
[115.943s][info][gc,phases      ] GC(81) Phase 3: Adjust pointers 2.116ms
[115.943s][info][gc,phases,start] GC(81) Phase 4: Compact heap
[115.945s][info][gc,phases      ] GC(81) Phase 4: Compact heap 1.515ms
[115.945s][info][gc,phases,start] GC(81) Phase 5: Reset Metadata
[115.947s][info][gc,phases      ] GC(81) Phase 5: Reset Metadata 1.578ms
[115.963s][info][gc,heap        ] GC(81) Eden regions: 446->0(1228)
[115.963s][info][gc,heap        ] GC(81) Survivor regions: 5->0(154)
[115.963s][info][gc,heap        ] GC(81) Old regions: 6->6
[115.963s][info][gc,heap        ] GC(81) Humongous regions: 0->0
[115.963s][info][gc,metaspace   ] GC(81) Metaspace: 9052K(9280K)->9052K(9280K) NonClass: 7888K(8000K)->7888K(8000K) Class: 1164K(1280K)->1164K(1280K)
[115.963s][info][gc             ] GC(81) Pause Full (System.gc()) 1802M->3M(8192M) 26.527ms
[115.963s][info][gc,cpu         ] GC(81) User=0.02s Sys=0.00s Real=0.03s
[117.880s][info][gc,start       ] GC(82) Pause Young (Normal) (G1 Evacuation Pause)
[117.880s][info][gc,task        ] GC(82) Using 6 workers of 6 for evacuation
[117.889s][info][gc,phases      ] GC(82)   Pre Evacuate Collection Set: 0.5ms
[117.889s][info][gc,phases      ] GC(82)   Merge Heap Roots: 0.2ms
[117.889s][info][gc,phases      ] GC(82)   Evacuate Collection Set: 6.4ms
[117.889s][info][gc,phases      ] GC(82)   Post Evacuate Collection Set: 1.7ms
[117.889s][info][gc,phases      ] GC(82)   Other: 0.1ms
[117.889s][info][gc,heap        ] GC(82) Eden regions: 1228->0(1223)
[117.889s][info][gc,heap        ] GC(82) Survivor regions: 0->5(154)
[117.889s][info][gc,heap        ] GC(82) Old regions: 6->6
[117.889s][info][gc,heap        ] GC(82) Humongous regions: 0->0
[117.889s][info][gc,metaspace   ] GC(82) Metaspace: 9052K(9280K)->9052K(9280K) NonClass: 7888K(8000K)->7888K(8000K) Class: 1164K(1280K)->1164K(1280K)
[117.889s][info][gc             ] GC(82) Pause Young (Normal) (G1 Evacuation Pause) 4915M->20M(8192M) 9.112ms
[117.889s][info][gc,cpu         ] GC(82) User=0.00s Sys=0.00s Real=0.00s
[118.853s][info][gc,start       ] GC(83) Pause Full (System.gc())
[118.853s][info][gc,task        ] GC(83) Using 6 workers of 6 for full compaction
[118.854s][info][gc,phases,start] GC(83) Phase 1: Mark live objects
[118.856s][info][gc,phases      ] GC(83) Phase 1: Mark live objects 2.170ms
[118.856s][info][gc,phases,start] GC(83) Phase 2: Prepare compaction
[118.858s][info][gc,phases      ] GC(83) Phase 2: Prepare compaction 1.920ms
[118.858s][info][gc,phases,start] GC(83) Phase 3: Adjust pointers
[118.860s][info][gc,phases      ] GC(83) Phase 3: Adjust pointers 1.947ms
[118.860s][info][gc,phases,start] GC(83) Phase 4: Compact heap
[118.862s][info][gc,phases      ] GC(83) Phase 4: Compact heap 1.517ms
[118.862s][info][gc,phases,start] GC(83) Phase 5: Reset Metadata
[118.863s][info][gc,phases      ] GC(83) Phase 5: Reset Metadata 1.851ms
[118.880s][info][gc,heap        ] GC(83) Eden regions: 446->0(1228)
[118.880s][info][gc,heap        ] GC(83) Survivor regions: 5->0(154)
[118.880s][info][gc,heap        ] GC(83) Old regions: 6->6
[118.880s][info][gc,heap        ] GC(83) Humongous regions: 0->0
[118.880s][info][gc,metaspace   ] GC(83) Metaspace: 9052K(9280K)->9052K(9280K) NonClass: 7888K(8000K)->7888K(8000K) Class: 1164K(1280K)->1164K(1280K)
[118.880s][info][gc             ] GC(83) Pause Full (System.gc()) 1802M->3M(8192M) 26.385ms
[118.880s][info][gc,cpu         ] GC(83) User=0.02s Sys=0.00s Real=0.03s
[120.796s][info][gc,start       ] GC(84) Pause Young (Normal) (G1 Evacuation Pause)
[120.797s][info][gc,task        ] GC(84) Using 6 workers of 6 for evacuation
[120.806s][info][gc,phases      ] GC(84)   Pre Evacuate Collection Set: 0.3ms
[120.806s][info][gc,phases      ] GC(84)   Merge Heap Roots: 0.3ms
[120.806s][info][gc,phases      ] GC(84)   Evacuate Collection Set: 6.6ms
[120.806s][info][gc,phases      ] GC(84)   Post Evacuate Collection Set: 1.6ms
[120.806s][info][gc,phases      ] GC(84)   Other: 0.1ms
[120.806s][info][gc,heap        ] GC(84) Eden regions: 1228->0(1223)
[120.806s][info][gc,heap        ] GC(84) Survivor regions: 0->5(154)
[120.806s][info][gc,heap        ] GC(84) Old regions: 6->6
[120.806s][info][gc,heap        ] GC(84) Humongous regions: 0->0
[120.806s][info][gc,metaspace   ] GC(84) Metaspace: 9052K(9280K)->9052K(9280K) NonClass: 7888K(8000K)->7888K(8000K) Class: 1164K(1280K)->1164K(1280K)
[120.806s][info][gc             ] GC(84) Pause Young (Normal) (G1 Evacuation Pause) 4915M->20M(8192M) 9.184ms
[120.806s][info][gc,cpu         ] GC(84) User=0.00s Sys=0.00s Real=0.01s
[121.771s][info][gc,start       ] GC(85) Pause Full (System.gc())
[121.771s][info][gc,task        ] GC(85) Using 6 workers of 6 for full compaction
[121.771s][info][gc,phases,start] GC(85) Phase 1: Mark live objects
[121.773s][info][gc,phases      ] GC(85) Phase 1: Mark live objects 2.157ms
[121.773s][info][gc,phases,start] GC(85) Phase 2: Prepare compaction
[121.775s][info][gc,phases      ] GC(85) Phase 2: Prepare compaction 1.885ms
[121.775s][info][gc,phases,start] GC(85) Phase 3: Adjust pointers
[121.777s][info][gc,phases      ] GC(85) Phase 3: Adjust pointers 1.979ms
[121.777s][info][gc,phases,start] GC(85) Phase 4: Compact heap
[121.779s][info][gc,phases      ] GC(85) Phase 4: Compact heap 1.804ms
[121.779s][info][gc,phases,start] GC(85) Phase 5: Reset Metadata
[121.781s][info][gc,phases      ] GC(85) Phase 5: Reset Metadata 1.887ms
[121.797s][info][gc,heap        ] GC(85) Eden regions: 446->0(1228)
[121.797s][info][gc,heap        ] GC(85) Survivor regions: 5->0(154)
[121.797s][info][gc,heap        ] GC(85) Old regions: 6->6
[121.797s][info][gc,heap        ] GC(85) Humongous regions: 0->0
[121.797s][info][gc,metaspace   ] GC(85) Metaspace: 9052K(9280K)->9052K(9280K) NonClass: 7888K(8000K)->7888K(8000K) Class: 1164K(1280K)->1164K(1280K)
[121.797s][info][gc             ] GC(85) Pause Full (System.gc()) 1802M->3M(8192M) 26.203ms
[121.797s][info][gc,cpu         ] GC(85) User=0.09s Sys=0.00s Real=0.02s
[123.715s][info][gc,start       ] GC(86) Pause Young (Normal) (G1 Evacuation Pause)
[123.715s][info][gc,task        ] GC(86) Using 6 workers of 6 for evacuation
[123.724s][info][gc,phases      ] GC(86)   Pre Evacuate Collection Set: 0.3ms
[123.724s][info][gc,phases      ] GC(86)   Merge Heap Roots: 0.3ms
[123.724s][info][gc,phases      ] GC(86)   Evacuate Collection Set: 6.6ms
[123.724s][info][gc,phases      ] GC(86)   Post Evacuate Collection Set: 1.6ms
[123.724s][info][gc,phases      ] GC(86)   Other: 0.1ms
[123.724s][info][gc,heap        ] GC(86) Eden regions: 1228->0(1223)
[123.724s][info][gc,heap        ] GC(86) Survivor regions: 0->5(154)
[123.724s][info][gc,heap        ] GC(86) Old regions: 6->6
[123.724s][info][gc,heap        ] GC(86) Humongous regions: 0->0
[123.724s][info][gc,metaspace   ] GC(86) Metaspace: 9061K(9344K)->9061K(9344K) NonClass: 7897K(8064K)->7897K(8064K) Class: 1164K(1280K)->1164K(1280K)
[123.724s][info][gc             ] GC(86) Pause Young (Normal) (G1 Evacuation Pause) 4915M->20M(8192M) 9.213ms
[123.724s][info][gc,cpu         ] GC(86) User=0.00s Sys=0.00s Real=0.00s
[124.690s][info][gc,start       ] GC(87) Pause Full (System.gc())
[124.690s][info][gc,task        ] GC(87) Using 6 workers of 6 for full compaction
[124.690s][info][gc,phases,start] GC(87) Phase 1: Mark live objects
[124.692s][info][gc,phases      ] GC(87) Phase 1: Mark live objects 2.088ms
[124.692s][info][gc,phases,start] GC(87) Phase 2: Prepare compaction
[124.694s][info][gc,phases      ] GC(87) Phase 2: Prepare compaction 1.846ms
[124.694s][info][gc,phases,start] GC(87) Phase 3: Adjust pointers
[124.697s][info][gc,phases      ] GC(87) Phase 3: Adjust pointers 2.092ms
[124.697s][info][gc,phases,start] GC(87) Phase 4: Compact heap
[124.698s][info][gc,phases      ] GC(87) Phase 4: Compact heap 1.754ms
[124.698s][info][gc,phases,start] GC(87) Phase 5: Reset Metadata
[124.700s][info][gc,phases      ] GC(87) Phase 5: Reset Metadata 1.784ms
[124.716s][info][gc,heap        ] GC(87) Eden regions: 446->0(1228)
[124.716s][info][gc,heap        ] GC(87) Survivor regions: 5->0(154)
[124.716s][info][gc,heap        ] GC(87) Old regions: 6->6
[124.716s][info][gc,heap        ] GC(87) Humongous regions: 0->0
[124.716s][info][gc,metaspace   ] GC(87) Metaspace: 9061K(9344K)->9061K(9344K) NonClass: 7897K(8064K)->7897K(8064K) Class: 1164K(1280K)->1164K(1280K)
[124.716s][info][gc             ] GC(87) Pause Full (System.gc()) 1802M->3M(8192M) 26.123ms
[124.716s][info][gc,cpu         ] GC(87) User=0.02s Sys=0.00s Real=0.02s
[126.635s][info][gc,start       ] GC(88) Pause Young (Normal) (G1 Evacuation Pause)
[126.635s][info][gc,task        ] GC(88) Using 6 workers of 6 for evacuation
[126.644s][info][gc,phases      ] GC(88)   Pre Evacuate Collection Set: 0.4ms
[126.644s][info][gc,phases      ] GC(88)   Merge Heap Roots: 0.3ms
[126.644s][info][gc,phases      ] GC(88)   Evacuate Collection Set: 6.7ms
[126.644s][info][gc,phases      ] GC(88)   Post Evacuate Collection Set: 1.6ms
[126.644s][info][gc,phases      ] GC(88)   Other: 0.1ms
[126.644s][info][gc,heap        ] GC(88) Eden regions: 1228->0(1223)
[126.644s][info][gc,heap        ] GC(88) Survivor regions: 0->5(154)
[126.644s][info][gc,heap        ] GC(88) Old regions: 6->6
[126.644s][info][gc,heap        ] GC(88) Humongous regions: 0->0
[126.644s][info][gc,metaspace   ] GC(88) Metaspace: 9062K(9344K)->9062K(9344K) NonClass: 7898K(8064K)->7898K(8064K) Class: 1164K(1280K)->1164K(1280K)
[126.644s][info][gc             ] GC(88) Pause Young (Normal) (G1 Evacuation Pause) 4915M->20M(8192M) 9.289ms
[126.644s][info][gc,cpu         ] GC(88) User=0.00s Sys=0.00s Real=0.00s
[127.612s][info][gc,start       ] GC(89) Pause Full (System.gc())
[127.612s][info][gc,task        ] GC(89) Using 6 workers of 6 for full compaction
[127.613s][info][gc,phases,start] GC(89) Phase 1: Mark live objects
[127.615s][info][gc,phases      ] GC(89) Phase 1: Mark live objects 2.056ms
[127.615s][info][gc,phases,start] GC(89) Phase 2: Prepare compaction
[127.617s][info][gc,phases      ] GC(89) Phase 2: Prepare compaction 1.893ms
[127.617s][info][gc,phases,start] GC(89) Phase 3: Adjust pointers
[127.619s][info][gc,phases      ] GC(89) Phase 3: Adjust pointers 2.001ms
[127.619s][info][gc,phases,start] GC(89) Phase 4: Compact heap
[127.620s][info][gc,phases      ] GC(89) Phase 4: Compact heap 1.521ms
[127.620s][info][gc,phases,start] GC(89) Phase 5: Reset Metadata
[127.622s][info][gc,phases      ] GC(89) Phase 5: Reset Metadata 1.845ms
[127.638s][info][gc,heap        ] GC(89) Eden regions: 446->0(1228)
[127.638s][info][gc,heap        ] GC(89) Survivor regions: 5->0(154)
[127.638s][info][gc,heap        ] GC(89) Old regions: 6->6
[127.638s][info][gc,heap        ] GC(89) Humongous regions: 0->0
[127.638s][info][gc,metaspace   ] GC(89) Metaspace: 9062K(9344K)->9062K(9344K) NonClass: 7898K(8064K)->7898K(8064K) Class: 1164K(1280K)->1164K(1280K)
[127.638s][info][gc             ] GC(89) Pause Full (System.gc()) 1802M->3M(8192M) 26.031ms
[127.638s][info][gc,cpu         ] GC(89) User=0.02s Sys=0.00s Real=0.03s
[129.555s][info][gc,start       ] GC(90) Pause Young (Normal) (G1 Evacuation Pause)
[129.555s][info][gc,task        ] GC(90) Using 6 workers of 6 for evacuation
[129.564s][info][gc,phases      ] GC(90)   Pre Evacuate Collection Set: 0.6ms
[129.564s][info][gc,phases      ] GC(90)   Merge Heap Roots: 0.2ms
[129.564s][info][gc,phases      ] GC(90)   Evacuate Collection Set: 6.5ms
[129.564s][info][gc,phases      ] GC(90)   Post Evacuate Collection Set: 1.7ms
[129.564s][info][gc,phases      ] GC(90)   Other: 0.2ms
[129.565s][info][gc,heap        ] GC(90) Eden regions: 1228->0(1223)
[129.565s][info][gc,heap        ] GC(90) Survivor regions: 0->5(154)
[129.565s][info][gc,heap        ] GC(90) Old regions: 6->6
[129.565s][info][gc,heap        ] GC(90) Humongous regions: 0->0
[129.565s][info][gc,metaspace   ] GC(90) Metaspace: 9062K(9344K)->9062K(9344K) NonClass: 7898K(8064K)->7898K(8064K) Class: 1164K(1280K)->1164K(1280K)
[129.565s][info][gc             ] GC(90) Pause Young (Normal) (G1 Evacuation Pause) 4915M->20M(8192M) 9.480ms
[129.565s][info][gc,cpu         ] GC(90) User=0.00s Sys=0.00s Real=0.00s
[130.532s][info][gc,start       ] GC(91) Pause Full (System.gc())
[130.532s][info][gc,task        ] GC(91) Using 6 workers of 6 for full compaction
[130.532s][info][gc,phases,start] GC(91) Phase 1: Mark live objects
[130.535s][info][gc,phases      ] GC(91) Phase 1: Mark live objects 2.074ms
[130.535s][info][gc,phases,start] GC(91) Phase 2: Prepare compaction
[130.536s][info][gc,phases      ] GC(91) Phase 2: Prepare compaction 1.900ms
[130.537s][info][gc,phases,start] GC(91) Phase 3: Adjust pointers
[130.538s][info][gc,phases      ] GC(91) Phase 3: Adjust pointers 1.905ms
[130.538s][info][gc,phases,start] GC(91) Phase 4: Compact heap
[130.540s][info][gc,phases      ] GC(91) Phase 4: Compact heap 1.895ms
[130.540s][info][gc,phases,start] GC(91) Phase 5: Reset Metadata
[130.543s][info][gc,phases      ] GC(91) Phase 5: Reset Metadata 2.170ms
[130.558s][info][gc,heap        ] GC(91) Eden regions: 446->0(1228)
[130.558s][info][gc,heap        ] GC(91) Survivor regions: 5->0(154)
[130.558s][info][gc,heap        ] GC(91) Old regions: 6->6
[130.558s][info][gc,heap        ] GC(91) Humongous regions: 0->0
[130.558s][info][gc,metaspace   ] GC(91) Metaspace: 9062K(9344K)->9062K(9344K) NonClass: 7898K(8064K)->7898K(8064K) Class: 1164K(1280K)->1164K(1280K)
[130.558s][info][gc             ] GC(91) Pause Full (System.gc()) 1802M->3M(8192M) 26.139ms
[130.558s][info][gc,cpu         ] GC(91) User=0.03s Sys=0.00s Real=0.03s
[132.476s][info][gc,start       ] GC(92) Pause Young (Normal) (G1 Evacuation Pause)
[132.476s][info][gc,task        ] GC(92) Using 6 workers of 6 for evacuation
[132.485s][info][gc,phases      ] GC(92)   Pre Evacuate Collection Set: 0.5ms
[132.485s][info][gc,phases      ] GC(92)   Merge Heap Roots: 0.3ms
[132.485s][info][gc,phases      ] GC(92)   Evacuate Collection Set: 6.7ms
[132.485s][info][gc,phases      ] GC(92)   Post Evacuate Collection Set: 1.6ms
[132.485s][info][gc,phases      ] GC(92)   Other: 0.2ms
[132.485s][info][gc,heap        ] GC(92) Eden regions: 1228->0(1223)
[132.485s][info][gc,heap        ] GC(92) Survivor regions: 0->5(154)
[132.485s][info][gc,heap        ] GC(92) Old regions: 6->6
[132.485s][info][gc,heap        ] GC(92) Humongous regions: 0->0
[132.485s][info][gc,metaspace   ] GC(92) Metaspace: 9062K(9344K)->9062K(9344K) NonClass: 7898K(8064K)->7898K(8064K) Class: 1164K(1280K)->1164K(1280K)
[132.485s][info][gc             ] GC(92) Pause Young (Normal) (G1 Evacuation Pause) 4915M->20M(8192M) 9.541ms
[132.485s][info][gc,cpu         ] GC(92) User=0.00s Sys=0.00s Real=0.00s
[133.454s][info][gc,start       ] GC(93) Pause Full (System.gc())
[133.454s][info][gc,task        ] GC(93) Using 6 workers of 6 for full compaction
[133.454s][info][gc,phases,start] GC(93) Phase 1: Mark live objects
[133.456s][info][gc,phases      ] GC(93) Phase 1: Mark live objects 1.853ms
[133.456s][info][gc,phases,start] GC(93) Phase 2: Prepare compaction
[133.458s][info][gc,phases      ] GC(93) Phase 2: Prepare compaction 1.457ms
[133.458s][info][gc,phases,start] GC(93) Phase 3: Adjust pointers
[133.460s][info][gc,phases      ] GC(93) Phase 3: Adjust pointers 2.145ms
[133.460s][info][gc,phases,start] GC(93) Phase 4: Compact heap
[133.461s][info][gc,phases      ] GC(93) Phase 4: Compact heap 1.326ms
[133.461s][info][gc,phases,start] GC(93) Phase 5: Reset Metadata
[133.463s][info][gc,phases      ] GC(93) Phase 5: Reset Metadata 1.570ms
[133.479s][info][gc,heap        ] GC(93) Eden regions: 446->0(1228)
[133.479s][info][gc,heap        ] GC(93) Survivor regions: 5->0(154)
[133.479s][info][gc,heap        ] GC(93) Old regions: 6->6
[133.479s][info][gc,heap        ] GC(93) Humongous regions: 0->0
[133.479s][info][gc,metaspace   ] GC(93) Metaspace: 9062K(9344K)->9062K(9344K) NonClass: 7898K(8064K)->7898K(8064K) Class: 1164K(1280K)->1164K(1280K)
[133.479s][info][gc             ] GC(93) Pause Full (System.gc()) 1802M->3M(8192M) 25.112ms
[133.479s][info][gc,cpu         ] GC(93) User=0.03s Sys=0.00s Real=0.03s
[135.396s][info][gc,start       ] GC(94) Pause Young (Normal) (G1 Evacuation Pause)
[135.396s][info][gc,task        ] GC(94) Using 6 workers of 6 for evacuation
[135.405s][info][gc,phases      ] GC(94)   Pre Evacuate Collection Set: 0.4ms
[135.405s][info][gc,phases      ] GC(94)   Merge Heap Roots: 0.3ms
[135.405s][info][gc,phases      ] GC(94)   Evacuate Collection Set: 6.4ms
[135.405s][info][gc,phases      ] GC(94)   Post Evacuate Collection Set: 1.7ms
[135.405s][info][gc,phases      ] GC(94)   Other: 0.2ms
[135.405s][info][gc,heap        ] GC(94) Eden regions: 1228->0(1223)
[135.405s][info][gc,heap        ] GC(94) Survivor regions: 0->5(154)
[135.405s][info][gc,heap        ] GC(94) Old regions: 6->6
[135.405s][info][gc,heap        ] GC(94) Humongous regions: 0->0
[135.405s][info][gc,metaspace   ] GC(94) Metaspace: 9063K(9344K)->9063K(9344K) NonClass: 7899K(8064K)->7899K(8064K) Class: 1164K(1280K)->1164K(1280K)
[135.405s][info][gc             ] GC(94) Pause Young (Normal) (G1 Evacuation Pause) 4915M->20M(8192M) 9.257ms
[135.405s][info][gc,cpu         ] GC(94) User=0.02s Sys=0.00s Real=0.02s
[136.370s][info][gc,start       ] GC(95) Pause Full (System.gc())
[136.371s][info][gc,task        ] GC(95) Using 6 workers of 6 for full compaction
[136.371s][info][gc,phases,start] GC(95) Phase 1: Mark live objects
[136.373s][info][gc,phases      ] GC(95) Phase 1: Mark live objects 2.092ms
[136.373s][info][gc,phases,start] GC(95) Phase 2: Prepare compaction
[136.375s][info][gc,phases      ] GC(95) Phase 2: Prepare compaction 1.736ms
[136.375s][info][gc,phases,start] GC(95) Phase 3: Adjust pointers
[136.377s][info][gc,phases      ] GC(95) Phase 3: Adjust pointers 2.133ms
[136.377s][info][gc,phases,start] GC(95) Phase 4: Compact heap
[136.379s][info][gc,phases      ] GC(95) Phase 4: Compact heap 1.621ms
[136.379s][info][gc,phases,start] GC(95) Phase 5: Reset Metadata
[136.381s][info][gc,phases      ] GC(95) Phase 5: Reset Metadata 1.973ms
[136.396s][info][gc,heap        ] GC(95) Eden regions: 446->0(1228)
[136.397s][info][gc,heap        ] GC(95) Survivor regions: 5->0(154)
[136.397s][info][gc,heap        ] GC(95) Old regions: 6->6
[136.397s][info][gc,heap        ] GC(95) Humongous regions: 0->0
[136.397s][info][gc,metaspace   ] GC(95) Metaspace: 9063K(9344K)->9063K(9344K) NonClass: 7899K(8064K)->7899K(8064K) Class: 1164K(1280K)->1164K(1280K)
[136.397s][info][gc             ] GC(95) Pause Full (System.gc()) 1802M->3M(8192M) 26.179ms
[136.397s][info][gc,cpu         ] GC(95) User=0.03s Sys=0.00s Real=0.03s
[138.314s][info][gc,start       ] GC(96) Pause Young (Normal) (G1 Evacuation Pause)
[138.314s][info][gc,task        ] GC(96) Using 6 workers of 6 for evacuation
[138.323s][info][gc,phases      ] GC(96)   Pre Evacuate Collection Set: 0.4ms
[138.323s][info][gc,phases      ] GC(96)   Merge Heap Roots: 0.3ms
[138.323s][info][gc,phases      ] GC(96)   Evacuate Collection Set: 6.6ms
[138.323s][info][gc,phases      ] GC(96)   Post Evacuate Collection Set: 1.8ms
[138.323s][info][gc,phases      ] GC(96)   Other: 0.2ms
[138.323s][info][gc,heap        ] GC(96) Eden regions: 1228->0(1223)
[138.323s][info][gc,heap        ] GC(96) Survivor regions: 0->5(154)
[138.323s][info][gc,heap        ] GC(96) Old regions: 6->6
[138.323s][info][gc,heap        ] GC(96) Humongous regions: 0->0
[138.323s][info][gc,metaspace   ] GC(96) Metaspace: 9063K(9344K)->9063K(9344K) NonClass: 7899K(8064K)->7899K(8064K) Class: 1164K(1280K)->1164K(1280K)
[138.323s][info][gc             ] GC(96) Pause Young (Normal) (G1 Evacuation Pause) 4915M->20M(8192M) 9.440ms
[138.323s][info][gc,cpu         ] GC(96) User=0.02s Sys=0.00s Real=0.02s
[139.293s][info][gc,start       ] GC(97) Pause Full (System.gc())
[139.293s][info][gc,task        ] GC(97) Using 6 workers of 6 for full compaction
[139.294s][info][gc,phases,start] GC(97) Phase 1: Mark live objects
[139.296s][info][gc,phases      ] GC(97) Phase 1: Mark live objects 2.163ms
[139.296s][info][gc,phases,start] GC(97) Phase 2: Prepare compaction
[139.298s][info][gc,phases      ] GC(97) Phase 2: Prepare compaction 1.797ms
[139.298s][info][gc,phases,start] GC(97) Phase 3: Adjust pointers
[139.300s][info][gc,phases      ] GC(97) Phase 3: Adjust pointers 2.253ms
[139.300s][info][gc,phases,start] GC(97) Phase 4: Compact heap
[139.302s][info][gc,phases      ] GC(97) Phase 4: Compact heap 1.752ms
[139.302s][info][gc,phases,start] GC(97) Phase 5: Reset Metadata
[139.304s][info][gc,phases      ] GC(97) Phase 5: Reset Metadata 1.556ms
[139.319s][info][gc,heap        ] GC(97) Eden regions: 446->0(1228)
[139.319s][info][gc,heap        ] GC(97) Survivor regions: 5->0(154)
[139.319s][info][gc,heap        ] GC(97) Old regions: 6->6
[139.319s][info][gc,heap        ] GC(97) Humongous regions: 0->0
[139.319s][info][gc,metaspace   ] GC(97) Metaspace: 9063K(9344K)->9063K(9344K) NonClass: 7899K(8064K)->7899K(8064K) Class: 1164K(1280K)->1164K(1280K)
[139.319s][info][gc             ] GC(97) Pause Full (System.gc()) 1802M->3M(8192M) 26.163ms
[139.319s][info][gc,cpu         ] GC(97) User=0.03s Sys=0.00s Real=0.03s
[141.238s][info][gc,start       ] GC(98) Pause Young (Normal) (G1 Evacuation Pause)
[141.238s][info][gc,task        ] GC(98) Using 6 workers of 6 for evacuation
[141.247s][info][gc,phases      ] GC(98)   Pre Evacuate Collection Set: 0.4ms
[141.247s][info][gc,phases      ] GC(98)   Merge Heap Roots: 0.3ms
[141.247s][info][gc,phases      ] GC(98)   Evacuate Collection Set: 6.8ms
[141.247s][info][gc,phases      ] GC(98)   Post Evacuate Collection Set: 1.5ms
[141.247s][info][gc,phases      ] GC(98)   Other: 0.1ms
[141.247s][info][gc,heap        ] GC(98) Eden regions: 1228->0(1223)
[141.247s][info][gc,heap        ] GC(98) Survivor regions: 0->5(154)
[141.247s][info][gc,heap        ] GC(98) Old regions: 6->6
[141.247s][info][gc,heap        ] GC(98) Humongous regions: 0->0
[141.247s][info][gc,metaspace   ] GC(98) Metaspace: 9063K(9344K)->9063K(9344K) NonClass: 7899K(8064K)->7899K(8064K) Class: 1164K(1280K)->1164K(1280K)
[141.247s][info][gc             ] GC(98) Pause Young (Normal) (G1 Evacuation Pause) 4915M->20M(8192M) 9.310ms
[141.247s][info][gc,cpu         ] GC(98) User=0.02s Sys=0.00s Real=0.02s
[142.213s][info][gc,start       ] GC(99) Pause Full (System.gc())
[142.214s][info][gc,task        ] GC(99) Using 6 workers of 6 for full compaction
[142.214s][info][gc,phases,start] GC(99) Phase 1: Mark live objects
[142.216s][info][gc,phases      ] GC(99) Phase 1: Mark live objects 2.108ms
[142.216s][info][gc,phases,start] GC(99) Phase 2: Prepare compaction
[142.218s][info][gc,phases      ] GC(99) Phase 2: Prepare compaction 1.669ms
[142.218s][info][gc,phases,start] GC(99) Phase 3: Adjust pointers
[142.220s][info][gc,phases      ] GC(99) Phase 3: Adjust pointers 2.099ms
[142.220s][info][gc,phases,start] GC(99) Phase 4: Compact heap
[142.221s][info][gc,phases      ] GC(99) Phase 4: Compact heap 1.345ms
[142.221s][info][gc,phases,start] GC(99) Phase 5: Reset Metadata
[142.223s][info][gc,phases      ] GC(99) Phase 5: Reset Metadata 1.942ms
[142.239s][info][gc,heap        ] GC(99) Eden regions: 446->0(1228)
[142.239s][info][gc,heap        ] GC(99) Survivor regions: 5->0(154)
[142.239s][info][gc,heap        ] GC(99) Old regions: 6->6
[142.239s][info][gc,heap        ] GC(99) Humongous regions: 0->0
[142.239s][info][gc,metaspace   ] GC(99) Metaspace: 9063K(9344K)->9063K(9344K) NonClass: 7899K(8064K)->7899K(8064K) Class: 1164K(1280K)->1164K(1280K)
[142.239s][info][gc             ] GC(99) Pause Full (System.gc()) 1802M->3M(8192M) 25.705ms
[142.239s][info][gc,cpu         ] GC(99) User=0.03s Sys=0.00s Real=0.03s
[144.155s][info][gc,start       ] GC(100) Pause Young (Normal) (G1 Evacuation Pause)
[144.155s][info][gc,task        ] GC(100) Using 6 workers of 6 for evacuation
[144.165s][info][gc,phases      ] GC(100)   Pre Evacuate Collection Set: 0.4ms
[144.165s][info][gc,phases      ] GC(100)   Merge Heap Roots: 0.3ms
[144.165s][info][gc,phases      ] GC(100)   Evacuate Collection Set: 6.7ms
[144.165s][info][gc,phases      ] GC(100)   Post Evacuate Collection Set: 1.6ms
[144.165s][info][gc,phases      ] GC(100)   Other: 0.2ms
[144.165s][info][gc,heap        ] GC(100) Eden regions: 1228->0(1223)
[144.165s][info][gc,heap        ] GC(100) Survivor regions: 0->5(154)
[144.165s][info][gc,heap        ] GC(100) Old regions: 6->6
[144.165s][info][gc,heap        ] GC(100) Humongous regions: 0->0
[144.165s][info][gc,metaspace   ] GC(100) Metaspace: 9063K(9344K)->9063K(9344K) NonClass: 7899K(8064K)->7899K(8064K) Class: 1164K(1280K)->1164K(1280K)
[144.165s][info][gc             ] GC(100) Pause Young (Normal) (G1 Evacuation Pause) 4915M->20M(8192M) 9.483ms
[144.165s][info][gc,cpu         ] GC(100) User=0.00s Sys=0.00s Real=0.01s
[145.141s][info][gc,start       ] GC(101) Pause Full (System.gc())
[145.141s][info][gc,task        ] GC(101) Using 6 workers of 6 for full compaction
[145.141s][info][gc,phases,start] GC(101) Phase 1: Mark live objects
[145.143s][info][gc,phases      ] GC(101) Phase 1: Mark live objects 2.077ms
[145.143s][info][gc,phases,start] GC(101) Phase 2: Prepare compaction
[145.145s][info][gc,phases      ] GC(101) Phase 2: Prepare compaction 1.713ms
[145.145s][info][gc,phases,start] GC(101) Phase 3: Adjust pointers
[145.147s][info][gc,phases      ] GC(101) Phase 3: Adjust pointers 1.889ms
[145.147s][info][gc,phases,start] GC(101) Phase 4: Compact heap
[145.148s][info][gc,phases      ] GC(101) Phase 4: Compact heap 1.512ms
[145.148s][info][gc,phases,start] GC(101) Phase 5: Reset Metadata
[145.150s][info][gc,phases      ] GC(101) Phase 5: Reset Metadata 1.507ms
[145.166s][info][gc,heap        ] GC(101) Eden regions: 446->0(1228)
[145.166s][info][gc,heap        ] GC(101) Survivor regions: 5->0(154)
[145.166s][info][gc,heap        ] GC(101) Old regions: 6->6
[145.166s][info][gc,heap        ] GC(101) Humongous regions: 0->0
[145.166s][info][gc,metaspace   ] GC(101) Metaspace: 9065K(9344K)->9065K(9344K) NonClass: 7901K(8064K)->7901K(8064K) Class: 1164K(1280K)->1164K(1280K)
[145.166s][info][gc             ] GC(101) Pause Full (System.gc()) 1802M->3M(8192M) 25.580ms
[145.166s][info][gc,cpu         ] GC(101) User=0.03s Sys=0.03s Real=0.02s
[147.084s][info][gc,start       ] GC(102) Pause Young (Normal) (G1 Evacuation Pause)
[147.084s][info][gc,task        ] GC(102) Using 6 workers of 6 for evacuation
[147.093s][info][gc,phases      ] GC(102)   Pre Evacuate Collection Set: 0.5ms
[147.093s][info][gc,phases      ] GC(102)   Merge Heap Roots: 0.3ms
[147.093s][info][gc,phases      ] GC(102)   Evacuate Collection Set: 6.3ms
[147.093s][info][gc,phases      ] GC(102)   Post Evacuate Collection Set: 1.6ms
[147.093s][info][gc,phases      ] GC(102)   Other: 0.2ms
[147.093s][info][gc,heap        ] GC(102) Eden regions: 1228->0(1223)
[147.093s][info][gc,heap        ] GC(102) Survivor regions: 0->5(154)
[147.093s][info][gc,heap        ] GC(102) Old regions: 6->6
[147.093s][info][gc,heap        ] GC(102) Humongous regions: 0->0
[147.093s][info][gc,metaspace   ] GC(102) Metaspace: 9068K(9344K)->9068K(9344K) NonClass: 7904K(8064K)->7904K(8064K) Class: 1164K(1280K)->1164K(1280K)
[147.093s][info][gc             ] GC(102) Pause Young (Normal) (G1 Evacuation Pause) 4915M->20M(8192M) 9.219ms
[147.093s][info][gc,cpu         ] GC(102) User=0.00s Sys=0.00s Real=0.00s
[148.057s][info][gc,start       ] GC(103) Pause Full (System.gc())
[148.057s][info][gc,task        ] GC(103) Using 6 workers of 6 for full compaction
[148.058s][info][gc,phases,start] GC(103) Phase 1: Mark live objects
[148.060s][info][gc,phases      ] GC(103) Phase 1: Mark live objects 2.113ms
[148.060s][info][gc,phases,start] GC(103) Phase 2: Prepare compaction
[148.062s][info][gc,phases      ] GC(103) Phase 2: Prepare compaction 1.734ms
[148.062s][info][gc,phases,start] GC(103) Phase 3: Adjust pointers
[148.064s][info][gc,phases      ] GC(103) Phase 3: Adjust pointers 2.181ms
[148.064s][info][gc,phases,start] GC(103) Phase 4: Compact heap
[148.066s][info][gc,phases      ] GC(103) Phase 4: Compact heap 1.777ms
[148.066s][info][gc,phases,start] GC(103) Phase 5: Reset Metadata
[148.068s][info][gc,phases      ] GC(103) Phase 5: Reset Metadata 1.675ms
[148.084s][info][gc,heap        ] GC(103) Eden regions: 446->0(1228)
[148.084s][info][gc,heap        ] GC(103) Survivor regions: 5->0(154)
[148.084s][info][gc,heap        ] GC(103) Old regions: 6->6
[148.084s][info][gc,heap        ] GC(103) Humongous regions: 0->0
[148.084s][info][gc,metaspace   ] GC(103) Metaspace: 9068K(9344K)->9068K(9344K) NonClass: 7904K(8064K)->7904K(8064K) Class: 1164K(1280K)->1164K(1280K)
[148.084s][info][gc             ] GC(103) Pause Full (System.gc()) 1802M->3M(8192M) 26.476ms
[148.084s][info][gc,cpu         ] GC(103) User=0.00s Sys=0.00s Real=0.02s
[149.998s][info][gc,start       ] GC(104) Pause Young (Normal) (G1 Evacuation Pause)
[149.998s][info][gc,task        ] GC(104) Using 6 workers of 6 for evacuation
[150.007s][info][gc,phases      ] GC(104)   Pre Evacuate Collection Set: 0.3ms
[150.007s][info][gc,phases      ] GC(104)   Merge Heap Roots: 0.2ms
[150.007s][info][gc,phases      ] GC(104)   Evacuate Collection Set: 6.6ms
[150.007s][info][gc,phases      ] GC(104)   Post Evacuate Collection Set: 1.7ms
[150.007s][info][gc,phases      ] GC(104)   Other: 0.1ms
[150.007s][info][gc,heap        ] GC(104) Eden regions: 1228->0(1223)
[150.007s][info][gc,heap        ] GC(104) Survivor regions: 0->5(154)
[150.007s][info][gc,heap        ] GC(104) Old regions: 6->6
[150.007s][info][gc,heap        ] GC(104) Humongous regions: 0->0
[150.007s][info][gc,metaspace   ] GC(104) Metaspace: 9069K(9344K)->9069K(9344K) NonClass: 7904K(8064K)->7904K(8064K) Class: 1164K(1280K)->1164K(1280K)
[150.007s][info][gc             ] GC(104) Pause Young (Normal) (G1 Evacuation Pause) 4915M->20M(8192M) 9.191ms
[150.007s][info][gc,cpu         ] GC(104) User=0.02s Sys=0.00s Real=0.01s
[150.974s][info][gc,start       ] GC(105) Pause Full (System.gc())
[150.974s][info][gc,task        ] GC(105) Using 6 workers of 6 for full compaction
[150.974s][info][gc,phases,start] GC(105) Phase 1: Mark live objects
[150.976s][info][gc,phases      ] GC(105) Phase 1: Mark live objects 2.188ms
[150.976s][info][gc,phases,start] GC(105) Phase 2: Prepare compaction
[150.978s][info][gc,phases      ] GC(105) Phase 2: Prepare compaction 1.907ms
[150.978s][info][gc,phases,start] GC(105) Phase 3: Adjust pointers
[150.980s][info][gc,phases      ] GC(105) Phase 3: Adjust pointers 1.998ms
[150.980s][info][gc,phases,start] GC(105) Phase 4: Compact heap
[150.982s][info][gc,phases      ] GC(105) Phase 4: Compact heap 1.485ms
[150.982s][info][gc,phases,start] GC(105) Phase 5: Reset Metadata
[150.984s][info][gc,phases      ] GC(105) Phase 5: Reset Metadata 1.764ms
[151.000s][info][gc,heap        ] GC(105) Eden regions: 446->0(1228)
[151.000s][info][gc,heap        ] GC(105) Survivor regions: 5->0(154)
[151.000s][info][gc,heap        ] GC(105) Old regions: 6->6
[151.000s][info][gc,heap        ] GC(105) Humongous regions: 0->0
[151.000s][info][gc,metaspace   ] GC(105) Metaspace: 9069K(9344K)->9069K(9344K) NonClass: 7904K(8064K)->7904K(8064K) Class: 1164K(1280K)->1164K(1280K)
[151.000s][info][gc             ] GC(105) Pause Full (System.gc()) 1802M->3M(8192M) 26.526ms
[151.000s][info][gc,cpu         ] GC(105) User=0.03s Sys=0.00s Real=0.02s
[152.918s][info][gc,start       ] GC(106) Pause Young (Normal) (G1 Evacuation Pause)
[152.918s][info][gc,task        ] GC(106) Using 6 workers of 6 for evacuation
[152.927s][info][gc,phases      ] GC(106)   Pre Evacuate Collection Set: 0.4ms
[152.927s][info][gc,phases      ] GC(106)   Merge Heap Roots: 0.3ms
[152.927s][info][gc,phases      ] GC(106)   Evacuate Collection Set: 6.7ms
[152.927s][info][gc,phases      ] GC(106)   Post Evacuate Collection Set: 1.6ms
[152.927s][info][gc,phases      ] GC(106)   Other: 0.2ms
[152.927s][info][gc,heap        ] GC(106) Eden regions: 1228->0(1223)
[152.927s][info][gc,heap        ] GC(106) Survivor regions: 0->5(154)
[152.927s][info][gc,heap        ] GC(106) Old regions: 6->6
[152.927s][info][gc,heap        ] GC(106) Humongous regions: 0->0
[152.927s][info][gc,metaspace   ] GC(106) Metaspace: 9073K(9344K)->9073K(9344K) NonClass: 7908K(8064K)->7908K(8064K) Class: 1164K(1280K)->1164K(1280K)
[152.927s][info][gc             ] GC(106) Pause Young (Normal) (G1 Evacuation Pause) 4915M->20M(8192M) 9.408ms
[152.927s][info][gc,cpu         ] GC(106) User=0.02s Sys=0.00s Real=0.02s
[153.891s][info][gc,start       ] GC(107) Pause Full (System.gc())
[153.891s][info][gc,task        ] GC(107) Using 6 workers of 6 for full compaction
[153.892s][info][gc,phases,start] GC(107) Phase 1: Mark live objects
[153.894s][info][gc,phases      ] GC(107) Phase 1: Mark live objects 2.469ms
[153.894s][info][gc,phases,start] GC(107) Phase 2: Prepare compaction
[153.896s][info][gc,phases      ] GC(107) Phase 2: Prepare compaction 1.720ms
[153.896s][info][gc,phases,start] GC(107) Phase 3: Adjust pointers
[153.898s][info][gc,phases      ] GC(107) Phase 3: Adjust pointers 2.151ms
[153.898s][info][gc,phases,start] GC(107) Phase 4: Compact heap
[153.900s][info][gc,phases      ] GC(107) Phase 4: Compact heap 1.456ms
[153.900s][info][gc,phases,start] GC(107) Phase 5: Reset Metadata
[153.901s][info][gc,phases      ] GC(107) Phase 5: Reset Metadata 1.679ms
[153.918s][info][gc,heap        ] GC(107) Eden regions: 446->0(1228)
[153.918s][info][gc,heap        ] GC(107) Survivor regions: 5->0(154)
[153.918s][info][gc,heap        ] GC(107) Old regions: 6->6
[153.918s][info][gc,heap        ] GC(107) Humongous regions: 0->0
[153.918s][info][gc,metaspace   ] GC(107) Metaspace: 9073K(9344K)->9073K(9344K) NonClass: 7908K(8064K)->7908K(8064K) Class: 1164K(1280K)->1164K(1280K)
[153.918s][info][gc             ] GC(107) Pause Full (System.gc()) 1802M->3M(8192M) 26.472ms
[153.918s][info][gc,cpu         ] GC(107) User=0.03s Sys=0.00s Real=0.03s
[155.839s][info][gc,start       ] GC(108) Pause Young (Normal) (G1 Evacuation Pause)
[155.839s][info][gc,task        ] GC(108) Using 6 workers of 6 for evacuation
[155.848s][info][gc,phases      ] GC(108)   Pre Evacuate Collection Set: 0.5ms
[155.848s][info][gc,phases      ] GC(108)   Merge Heap Roots: 0.3ms
[155.848s][info][gc,phases      ] GC(108)   Evacuate Collection Set: 6.5ms
[155.848s][info][gc,phases      ] GC(108)   Post Evacuate Collection Set: 1.8ms
[155.848s][info][gc,phases      ] GC(108)   Other: 0.2ms
[155.848s][info][gc,heap        ] GC(108) Eden regions: 1228->0(1223)
[155.848s][info][gc,heap        ] GC(108) Survivor regions: 0->5(154)
[155.848s][info][gc,heap        ] GC(108) Old regions: 6->6
[155.848s][info][gc,heap        ] GC(108) Humongous regions: 0->0
[155.848s][info][gc,metaspace   ] GC(108) Metaspace: 9073K(9344K)->9073K(9344K) NonClass: 7908K(8064K)->7908K(8064K) Class: 1164K(1280K)->1164K(1280K)
[155.848s][info][gc             ] GC(108) Pause Young (Normal) (G1 Evacuation Pause) 4915M->20M(8192M) 9.461ms
[155.848s][info][gc,cpu         ] GC(108) User=0.02s Sys=0.00s Real=0.02s
[156.812s][info][gc,start       ] GC(109) Pause Full (System.gc())
[156.812s][info][gc,task        ] GC(109) Using 6 workers of 6 for full compaction
[156.812s][info][gc,phases,start] GC(109) Phase 1: Mark live objects
[156.815s][info][gc,phases      ] GC(109) Phase 1: Mark live objects 2.424ms
[156.815s][info][gc,phases,start] GC(109) Phase 2: Prepare compaction
[156.816s][info][gc,phases      ] GC(109) Phase 2: Prepare compaction 1.717ms
[156.816s][info][gc,phases,start] GC(109) Phase 3: Adjust pointers
[156.818s][info][gc,phases      ] GC(109) Phase 3: Adjust pointers 2.004ms
[156.818s][info][gc,phases,start] GC(109) Phase 4: Compact heap
[156.820s][info][gc,phases      ] GC(109) Phase 4: Compact heap 1.732ms
[156.820s][info][gc,phases,start] GC(109) Phase 5: Reset Metadata
[156.822s][info][gc,phases      ] GC(109) Phase 5: Reset Metadata 1.730ms
[156.838s][info][gc,heap        ] GC(109) Eden regions: 446->0(1228)
[156.838s][info][gc,heap        ] GC(109) Survivor regions: 5->0(154)
[156.838s][info][gc,heap        ] GC(109) Old regions: 6->6
[156.838s][info][gc,heap        ] GC(109) Humongous regions: 0->0
[156.838s][info][gc,metaspace   ] GC(109) Metaspace: 9073K(9344K)->9073K(9344K) NonClass: 7908K(8064K)->7908K(8064K) Class: 1164K(1280K)->1164K(1280K)
[156.838s][info][gc             ] GC(109) Pause Full (System.gc()) 1802M->3M(8192M) 26.106ms
[156.838s][info][gc,cpu         ] GC(109) User=0.03s Sys=0.00s Real=0.03s
[158.753s][info][gc,start       ] GC(110) Pause Young (Normal) (G1 Evacuation Pause)
[158.753s][info][gc,task        ] GC(110) Using 6 workers of 6 for evacuation
[158.762s][info][gc,phases      ] GC(110)   Pre Evacuate Collection Set: 0.4ms
[158.762s][info][gc,phases      ] GC(110)   Merge Heap Roots: 0.3ms
[158.762s][info][gc,phases      ] GC(110)   Evacuate Collection Set: 6.3ms
[158.762s][info][gc,phases      ] GC(110)   Post Evacuate Collection Set: 1.7ms
[158.762s][info][gc,phases      ] GC(110)   Other: 0.2ms
[158.762s][info][gc,heap        ] GC(110) Eden regions: 1228->0(1223)
[158.762s][info][gc,heap        ] GC(110) Survivor regions: 0->5(154)
[158.762s][info][gc,heap        ] GC(110) Old regions: 6->6
[158.762s][info][gc,heap        ] GC(110) Humongous regions: 0->0
[158.762s][info][gc,metaspace   ] GC(110) Metaspace: 9073K(9344K)->9073K(9344K) NonClass: 7908K(8064K)->7908K(8064K) Class: 1164K(1280K)->1164K(1280K)
[158.762s][info][gc             ] GC(110) Pause Young (Normal) (G1 Evacuation Pause) 4915M->21M(8192M) 9.128ms
[158.762s][info][gc,cpu         ] GC(110) User=0.02s Sys=0.00s Real=0.02s
[159.729s][info][gc,start       ] GC(111) Pause Full (System.gc())
[159.729s][info][gc,task        ] GC(111) Using 6 workers of 6 for full compaction
[159.730s][info][gc,phases,start] GC(111) Phase 1: Mark live objects
[159.732s][info][gc,phases      ] GC(111) Phase 1: Mark live objects 2.050ms
[159.732s][info][gc,phases,start] GC(111) Phase 2: Prepare compaction
[159.734s][info][gc,phases      ] GC(111) Phase 2: Prepare compaction 1.903ms
[159.734s][info][gc,phases,start] GC(111) Phase 3: Adjust pointers
[159.736s][info][gc,phases      ] GC(111) Phase 3: Adjust pointers 1.978ms
[159.736s][info][gc,phases,start] GC(111) Phase 4: Compact heap
[159.738s][info][gc,phases      ] GC(111) Phase 4: Compact heap 1.776ms
[159.738s][info][gc,phases,start] GC(111) Phase 5: Reset Metadata
[159.739s][info][gc,phases      ] GC(111) Phase 5: Reset Metadata 1.629ms
[159.755s][info][gc,heap        ] GC(111) Eden regions: 446->0(1228)
[159.755s][info][gc,heap        ] GC(111) Survivor regions: 5->0(154)
[159.755s][info][gc,heap        ] GC(111) Old regions: 6->6
[159.755s][info][gc,heap        ] GC(111) Humongous regions: 0->0
[159.755s][info][gc,metaspace   ] GC(111) Metaspace: 9073K(9344K)->9073K(9344K) NonClass: 7908K(8064K)->7908K(8064K) Class: 1164K(1280K)->1164K(1280K)
[159.755s][info][gc             ] GC(111) Pause Full (System.gc()) 1803M->3M(8192M) 25.773ms
[159.755s][info][gc,cpu         ] GC(111) User=0.02s Sys=0.00s Real=0.03s
[161.672s][info][gc,start       ] GC(112) Pause Young (Normal) (G1 Evacuation Pause)
[161.673s][info][gc,task        ] GC(112) Using 6 workers of 6 for evacuation
[161.682s][info][gc,phases      ] GC(112)   Pre Evacuate Collection Set: 0.6ms
[161.682s][info][gc,phases      ] GC(112)   Merge Heap Roots: 0.3ms
[161.682s][info][gc,phases      ] GC(112)   Evacuate Collection Set: 6.4ms
[161.682s][info][gc,phases      ] GC(112)   Post Evacuate Collection Set: 1.9ms
[161.682s][info][gc,phases      ] GC(112)   Other: 0.2ms
[161.682s][info][gc,heap        ] GC(112) Eden regions: 1228->0(1223)
[161.682s][info][gc,heap        ] GC(112) Survivor regions: 0->5(154)
[161.682s][info][gc,heap        ] GC(112) Old regions: 6->6
[161.682s][info][gc,heap        ] GC(112) Humongous regions: 0->0
[161.682s][info][gc,metaspace   ] GC(112) Metaspace: 9073K(9344K)->9073K(9344K) NonClass: 7908K(8064K)->7908K(8064K) Class: 1164K(1280K)->1164K(1280K)
[161.682s][info][gc             ] GC(112) Pause Young (Normal) (G1 Evacuation Pause) 4915M->20M(8192M) 9.635ms
[161.682s][info][gc,cpu         ] GC(112) User=0.00s Sys=0.00s Real=0.02s
[162.649s][info][gc,start       ] GC(113) Pause Full (System.gc())
[162.649s][info][gc,task        ] GC(113) Using 6 workers of 6 for full compaction
[162.649s][info][gc,phases,start] GC(113) Phase 1: Mark live objects
[162.651s][info][gc,phases      ] GC(113) Phase 1: Mark live objects 2.053ms
[162.651s][info][gc,phases,start] GC(113) Phase 2: Prepare compaction
[162.653s][info][gc,phases      ] GC(113) Phase 2: Prepare compaction 1.748ms
[162.653s][info][gc,phases,start] GC(113) Phase 3: Adjust pointers
[162.655s][info][gc,phases      ] GC(113) Phase 3: Adjust pointers 2.336ms
[162.655s][info][gc,phases,start] GC(113) Phase 4: Compact heap
[162.657s][info][gc,phases      ] GC(113) Phase 4: Compact heap 1.699ms
[162.657s][info][gc,phases,start] GC(113) Phase 5: Reset Metadata
[162.659s][info][gc,phases      ] GC(113) Phase 5: Reset Metadata 1.851ms
[162.675s][info][gc,heap        ] GC(113) Eden regions: 446->0(1228)
[162.675s][info][gc,heap        ] GC(113) Survivor regions: 5->0(154)
[162.675s][info][gc,heap        ] GC(113) Old regions: 6->6
[162.675s][info][gc,heap        ] GC(113) Humongous regions: 0->0
[162.675s][info][gc,metaspace   ] GC(113) Metaspace: 9073K(9344K)->9073K(9344K) NonClass: 7908K(8064K)->7908K(8064K) Class: 1164K(1280K)->1164K(1280K)
[162.675s][info][gc             ] GC(113) Pause Full (System.gc()) 1802M->3M(8192M) 26.858ms
[162.675s][info][gc,cpu         ] GC(113) User=0.05s Sys=0.00s Real=0.03s
[164.592s][info][gc,start       ] GC(114) Pause Young (Normal) (G1 Evacuation Pause)
[164.592s][info][gc,task        ] GC(114) Using 6 workers of 6 for evacuation
[164.601s][info][gc,phases      ] GC(114)   Pre Evacuate Collection Set: 0.4ms
[164.601s][info][gc,phases      ] GC(114)   Merge Heap Roots: 0.3ms
[164.601s][info][gc,phases      ] GC(114)   Evacuate Collection Set: 6.4ms
[164.601s][info][gc,phases      ] GC(114)   Post Evacuate Collection Set: 1.9ms
[164.601s][info][gc,phases      ] GC(114)   Other: 0.2ms
[164.601s][info][gc,heap        ] GC(114) Eden regions: 1228->0(1223)
[164.601s][info][gc,heap        ] GC(114) Survivor regions: 0->5(154)
[164.601s][info][gc,heap        ] GC(114) Old regions: 6->6
[164.601s][info][gc,heap        ] GC(114) Humongous regions: 0->0
[164.601s][info][gc,metaspace   ] GC(114) Metaspace: 9073K(9344K)->9073K(9344K) NonClass: 7908K(8064K)->7908K(8064K) Class: 1164K(1280K)->1164K(1280K)
[164.601s][info][gc             ] GC(114) Pause Young (Normal) (G1 Evacuation Pause) 4915M->20M(8192M) 9.406ms
[164.601s][info][gc,cpu         ] GC(114) User=0.00s Sys=0.00s Real=0.02s
[165.565s][info][gc,start       ] GC(115) Pause Full (System.gc())
[165.565s][info][gc,task        ] GC(115) Using 6 workers of 6 for full compaction
[165.565s][info][gc,phases,start] GC(115) Phase 1: Mark live objects
[165.567s][info][gc,phases      ] GC(115) Phase 1: Mark live objects 2.072ms
[165.567s][info][gc,phases,start] GC(115) Phase 2: Prepare compaction
[165.569s][info][gc,phases      ] GC(115) Phase 2: Prepare compaction 1.899ms
[165.569s][info][gc,phases,start] GC(115) Phase 3: Adjust pointers
[165.571s][info][gc,phases      ] GC(115) Phase 3: Adjust pointers 2.019ms
[165.571s][info][gc,phases,start] GC(115) Phase 4: Compact heap
[165.573s][info][gc,phases      ] GC(115) Phase 4: Compact heap 1.472ms
[165.573s][info][gc,phases,start] GC(115) Phase 5: Reset Metadata
[165.574s][info][gc,phases      ] GC(115) Phase 5: Reset Metadata 1.766ms
[165.591s][info][gc,heap        ] GC(115) Eden regions: 446->0(1228)
[165.591s][info][gc,heap        ] GC(115) Survivor regions: 5->0(154)
[165.591s][info][gc,heap        ] GC(115) Old regions: 6->6
[165.591s][info][gc,heap        ] GC(115) Humongous regions: 0->0
[165.591s][info][gc,metaspace   ] GC(115) Metaspace: 9073K(9344K)->9073K(9344K) NonClass: 7908K(8064K)->7908K(8064K) Class: 1164K(1280K)->1164K(1280K)
[165.591s][info][gc             ] GC(115) Pause Full (System.gc()) 1802M->3M(8192M) 26.295ms
[165.591s][info][gc,cpu         ] GC(115) User=0.03s Sys=0.00s Real=0.03s
[167.509s][info][gc,start       ] GC(116) Pause Young (Normal) (G1 Evacuation Pause)
[167.509s][info][gc,task        ] GC(116) Using 6 workers of 6 for evacuation
[167.518s][info][gc,phases      ] GC(116)   Pre Evacuate Collection Set: 0.3ms
[167.518s][info][gc,phases      ] GC(116)   Merge Heap Roots: 0.2ms
[167.518s][info][gc,phases      ] GC(116)   Evacuate Collection Set: 6.5ms
[167.518s][info][gc,phases      ] GC(116)   Post Evacuate Collection Set: 1.6ms
[167.518s][info][gc,phases      ] GC(116)   Other: 0.1ms
[167.518s][info][gc,heap        ] GC(116) Eden regions: 1228->0(1223)
[167.518s][info][gc,heap        ] GC(116) Survivor regions: 0->5(154)
[167.518s][info][gc,heap        ] GC(116) Old regions: 6->6
[167.518s][info][gc,heap        ] GC(116) Humongous regions: 0->0
[167.518s][info][gc,metaspace   ] GC(116) Metaspace: 9073K(9344K)->9073K(9344K) NonClass: 7908K(8064K)->7908K(8064K) Class: 1164K(1280K)->1164K(1280K)
[167.518s][info][gc             ] GC(116) Pause Young (Normal) (G1 Evacuation Pause) 4915M->20M(8192M) 8.936ms
[167.518s][info][gc,cpu         ] GC(116) User=0.00s Sys=0.00s Real=0.00s
[168.481s][info][gc,start       ] GC(117) Pause Full (System.gc())
[168.481s][info][gc,task        ] GC(117) Using 6 workers of 6 for full compaction
[168.481s][info][gc,phases,start] GC(117) Phase 1: Mark live objects
[168.483s][info][gc,phases      ] GC(117) Phase 1: Mark live objects 1.900ms
[168.483s][info][gc,phases,start] GC(117) Phase 2: Prepare compaction
[168.485s][info][gc,phases      ] GC(117) Phase 2: Prepare compaction 1.902ms
[168.485s][info][gc,phases,start] GC(117) Phase 3: Adjust pointers
[168.487s][info][gc,phases      ] GC(117) Phase 3: Adjust pointers 1.989ms
[168.487s][info][gc,phases,start] GC(117) Phase 4: Compact heap
[168.489s][info][gc,phases      ] GC(117) Phase 4: Compact heap 1.709ms
[168.489s][info][gc,phases,start] GC(117) Phase 5: Reset Metadata
[168.491s][info][gc,phases      ] GC(117) Phase 5: Reset Metadata 1.673ms
[168.507s][info][gc,heap        ] GC(117) Eden regions: 446->0(1228)
[168.507s][info][gc,heap        ] GC(117) Survivor regions: 5->0(154)
[168.507s][info][gc,heap        ] GC(117) Old regions: 6->6
[168.507s][info][gc,heap        ] GC(117) Humongous regions: 0->0
[168.507s][info][gc,metaspace   ] GC(117) Metaspace: 9073K(9344K)->9073K(9344K) NonClass: 7909K(8064K)->7909K(8064K) Class: 1164K(1280K)->1164K(1280K)
[168.507s][info][gc             ] GC(117) Pause Full (System.gc()) 1802M->3M(8192M) 25.764ms
[168.507s][info][gc,cpu         ] GC(117) User=0.03s Sys=0.00s Real=0.02s
[170.423s][info][gc,start       ] GC(118) Pause Young (Normal) (G1 Evacuation Pause)
[170.423s][info][gc,task        ] GC(118) Using 6 workers of 6 for evacuation
[170.432s][info][gc,phases      ] GC(118)   Pre Evacuate Collection Set: 0.4ms
[170.432s][info][gc,phases      ] GC(118)   Merge Heap Roots: 0.3ms
[170.432s][info][gc,phases      ] GC(118)   Evacuate Collection Set: 6.6ms
[170.432s][info][gc,phases      ] GC(118)   Post Evacuate Collection Set: 1.6ms
[170.432s][info][gc,phases      ] GC(118)   Other: 0.1ms
[170.432s][info][gc,heap        ] GC(118) Eden regions: 1228->0(1223)
[170.432s][info][gc,heap        ] GC(118) Survivor regions: 0->5(154)
[170.432s][info][gc,heap        ] GC(118) Old regions: 6->6
[170.432s][info][gc,heap        ] GC(118) Humongous regions: 0->0
[170.432s][info][gc,metaspace   ] GC(118) Metaspace: 9073K(9344K)->9073K(9344K) NonClass: 7909K(8064K)->7909K(8064K) Class: 1164K(1280K)->1164K(1280K)
[170.432s][info][gc             ] GC(118) Pause Young (Normal) (G1 Evacuation Pause) 4915M->20M(8192M) 9.246ms
[170.432s][info][gc,cpu         ] GC(118) User=0.02s Sys=0.00s Real=0.01s
[171.400s][info][gc,start       ] GC(119) Pause Full (System.gc())
[171.400s][info][gc,task        ] GC(119) Using 6 workers of 6 for full compaction
[171.400s][info][gc,phases,start] GC(119) Phase 1: Mark live objects
[171.402s][info][gc,phases      ] GC(119) Phase 1: Mark live objects 2.106ms
[171.402s][info][gc,phases,start] GC(119) Phase 2: Prepare compaction
[171.404s][info][gc,phases      ] GC(119) Phase 2: Prepare compaction 1.805ms
[171.404s][info][gc,phases,start] GC(119) Phase 3: Adjust pointers
[171.407s][info][gc,phases      ] GC(119) Phase 3: Adjust pointers 2.309ms
[171.407s][info][gc,phases,start] GC(119) Phase 4: Compact heap
[171.408s][info][gc,phases      ] GC(119) Phase 4: Compact heap 1.756ms
[171.408s][info][gc,phases,start] GC(119) Phase 5: Reset Metadata
[171.410s][info][gc,phases      ] GC(119) Phase 5: Reset Metadata 1.558ms
[171.426s][info][gc,heap        ] GC(119) Eden regions: 446->0(1228)
[171.426s][info][gc,heap        ] GC(119) Survivor regions: 5->0(154)
[171.426s][info][gc,heap        ] GC(119) Old regions: 6->6
[171.426s][info][gc,heap        ] GC(119) Humongous regions: 0->0
[171.426s][info][gc,metaspace   ] GC(119) Metaspace: 9073K(9344K)->9073K(9344K) NonClass: 7909K(8064K)->7909K(8064K) Class: 1164K(1280K)->1164K(1280K)
[171.426s][info][gc             ] GC(119) Pause Full (System.gc()) 1802M->3M(8192M) 26.241ms
[171.426s][info][gc,cpu         ] GC(119) User=0.02s Sys=0.00s Real=0.02s
[173.344s][info][gc,start       ] GC(120) Pause Young (Normal) (G1 Evacuation Pause)
[173.344s][info][gc,task        ] GC(120) Using 6 workers of 6 for evacuation
[173.353s][info][gc,phases      ] GC(120)   Pre Evacuate Collection Set: 0.7ms
[173.353s][info][gc,phases      ] GC(120)   Merge Heap Roots: 0.3ms
[173.353s][info][gc,phases      ] GC(120)   Evacuate Collection Set: 6.5ms
[173.353s][info][gc,phases      ] GC(120)   Post Evacuate Collection Set: 1.7ms
[173.353s][info][gc,phases      ] GC(120)   Other: 0.2ms
[173.353s][info][gc,heap        ] GC(120) Eden regions: 1228->0(1223)
[173.354s][info][gc,heap        ] GC(120) Survivor regions: 0->5(154)
[173.354s][info][gc,heap        ] GC(120) Old regions: 6->6
[173.354s][info][gc,heap        ] GC(120) Humongous regions: 0->0
[173.354s][info][gc,metaspace   ] GC(120) Metaspace: 9073K(9344K)->9073K(9344K) NonClass: 7909K(8064K)->7909K(8064K) Class: 1164K(1280K)->1164K(1280K)
[173.354s][info][gc             ] GC(120) Pause Young (Normal) (G1 Evacuation Pause) 4915M->20M(8192M) 9.550ms
[173.354s][info][gc,cpu         ] GC(120) User=0.00s Sys=0.00s Real=0.02s
[174.321s][info][gc,start       ] GC(121) Pause Full (System.gc())
[174.321s][info][gc,task        ] GC(121) Using 6 workers of 6 for full compaction
[174.321s][info][gc,phases,start] GC(121) Phase 1: Mark live objects
[174.324s][info][gc,phases      ] GC(121) Phase 1: Mark live objects 2.230ms
[174.324s][info][gc,phases,start] GC(121) Phase 2: Prepare compaction
[174.325s][info][gc,phases      ] GC(121) Phase 2: Prepare compaction 1.729ms
[174.325s][info][gc,phases,start] GC(121) Phase 3: Adjust pointers
[174.328s][info][gc,phases      ] GC(121) Phase 3: Adjust pointers 2.253ms
[174.328s][info][gc,phases,start] GC(121) Phase 4: Compact heap
[174.329s][info][gc,phases      ] GC(121) Phase 4: Compact heap 1.400ms
[174.329s][info][gc,phases,start] GC(121) Phase 5: Reset Metadata
[174.331s][info][gc,phases      ] GC(121) Phase 5: Reset Metadata 1.565ms
[174.347s][info][gc,heap        ] GC(121) Eden regions: 446->0(1228)
[174.347s][info][gc,heap        ] GC(121) Survivor regions: 5->0(154)
[174.347s][info][gc,heap        ] GC(121) Old regions: 6->6
[174.347s][info][gc,heap        ] GC(121) Humongous regions: 0->0
[174.347s][info][gc,metaspace   ] GC(121) Metaspace: 9073K(9344K)->9073K(9344K) NonClass: 7909K(8064K)->7909K(8064K) Class: 1164K(1280K)->1164K(1280K)
[174.347s][info][gc             ] GC(121) Pause Full (System.gc()) 1802M->3M(8192M) 26.206ms
[174.347s][info][gc,cpu         ] GC(121) User=0.02s Sys=0.00s Real=0.01s
[176.267s][info][gc,start       ] GC(122) Pause Young (Normal) (G1 Evacuation Pause)
[176.267s][info][gc,task        ] GC(122) Using 6 workers of 6 for evacuation
[176.276s][info][gc,phases      ] GC(122)   Pre Evacuate Collection Set: 0.3ms
[176.276s][info][gc,phases      ] GC(122)   Merge Heap Roots: 0.2ms
[176.276s][info][gc,phases      ] GC(122)   Evacuate Collection Set: 6.5ms
[176.276s][info][gc,phases      ] GC(122)   Post Evacuate Collection Set: 1.6ms
[176.276s][info][gc,phases      ] GC(122)   Other: 0.1ms
[176.276s][info][gc,heap        ] GC(122) Eden regions: 1228->0(1223)
[176.276s][info][gc,heap        ] GC(122) Survivor regions: 0->5(154)
[176.276s][info][gc,heap        ] GC(122) Old regions: 6->6
[176.276s][info][gc,heap        ] GC(122) Humongous regions: 0->0
[176.276s][info][gc,metaspace   ] GC(122) Metaspace: 9073K(9344K)->9073K(9344K) NonClass: 7909K(8064K)->7909K(8064K) Class: 1164K(1280K)->1164K(1280K)
[176.276s][info][gc             ] GC(122) Pause Young (Normal) (G1 Evacuation Pause) 4915M->20M(8192M) 8.926ms
[176.276s][info][gc,cpu         ] GC(122) User=0.00s Sys=0.00s Real=0.00s
[177.242s][info][gc,start       ] GC(123) Pause Full (System.gc())
[177.242s][info][gc,task        ] GC(123) Using 6 workers of 6 for full compaction
[177.242s][info][gc,phases,start] GC(123) Phase 1: Mark live objects
[177.244s][info][gc,phases      ] GC(123) Phase 1: Mark live objects 1.951ms
[177.244s][info][gc,phases,start] GC(123) Phase 2: Prepare compaction
[177.246s][info][gc,phases      ] GC(123) Phase 2: Prepare compaction 1.730ms
[177.246s][info][gc,phases,start] GC(123) Phase 3: Adjust pointers
[177.249s][info][gc,phases      ] GC(123) Phase 3: Adjust pointers 2.253ms
[177.249s][info][gc,phases,start] GC(123) Phase 4: Compact heap
[177.250s][info][gc,phases      ] GC(123) Phase 4: Compact heap 1.875ms
[177.251s][info][gc,phases,start] GC(123) Phase 5: Reset Metadata
[177.252s][info][gc,phases      ] GC(123) Phase 5: Reset Metadata 1.812ms
[177.268s][info][gc,heap        ] GC(123) Eden regions: 446->0(1228)
[177.268s][info][gc,heap        ] GC(123) Survivor regions: 5->0(154)
[177.268s][info][gc,heap        ] GC(123) Old regions: 6->6
[177.268s][info][gc,heap        ] GC(123) Humongous regions: 0->0
[177.268s][info][gc,metaspace   ] GC(123) Metaspace: 9073K(9344K)->9073K(9344K) NonClass: 7909K(8064K)->7909K(8064K) Class: 1164K(1280K)->1164K(1280K)
[177.268s][info][gc             ] GC(123) Pause Full (System.gc()) 1802M->3M(8192M) 26.066ms
[177.268s][info][gc,cpu         ] GC(123) User=0.03s Sys=0.00s Real=0.02s
[179.184s][info][gc,start       ] GC(124) Pause Young (Normal) (G1 Evacuation Pause)
[179.184s][info][gc,task        ] GC(124) Using 6 workers of 6 for evacuation
[179.193s][info][gc,phases      ] GC(124)   Pre Evacuate Collection Set: 0.4ms
[179.193s][info][gc,phases      ] GC(124)   Merge Heap Roots: 0.2ms
[179.193s][info][gc,phases      ] GC(124)   Evacuate Collection Set: 6.4ms
[179.193s][info][gc,phases      ] GC(124)   Post Evacuate Collection Set: 1.7ms
[179.193s][info][gc,phases      ] GC(124)   Other: 0.1ms
[179.193s][info][gc,heap        ] GC(124) Eden regions: 1228->0(1223)
[179.193s][info][gc,heap        ] GC(124) Survivor regions: 0->5(154)
[179.193s][info][gc,heap        ] GC(124) Old regions: 6->6
[179.193s][info][gc,heap        ] GC(124) Humongous regions: 0->0
[179.193s][info][gc,metaspace   ] GC(124) Metaspace: 9073K(9344K)->9073K(9344K) NonClass: 7909K(8064K)->7909K(8064K) Class: 1164K(1280K)->1164K(1280K)
[179.193s][info][gc             ] GC(124) Pause Young (Normal) (G1 Evacuation Pause) 4915M->20M(8192M) 8.982ms
[179.193s][info][gc,cpu         ] GC(124) User=0.02s Sys=0.00s Real=0.02s
[180.156s][info][gc,start       ] GC(125) Pause Full (System.gc())
[180.156s][info][gc,task        ] GC(125) Using 6 workers of 6 for full compaction
[180.157s][info][gc,phases,start] GC(125) Phase 1: Mark live objects
[180.159s][info][gc,phases      ] GC(125) Phase 1: Mark live objects 1.977ms
[180.159s][info][gc,phases,start] GC(125) Phase 2: Prepare compaction
[180.160s][info][gc,phases      ] GC(125) Phase 2: Prepare compaction 1.409ms
[180.160s][info][gc,phases,start] GC(125) Phase 3: Adjust pointers
[180.162s][info][gc,phases      ] GC(125) Phase 3: Adjust pointers 1.781ms
[180.162s][info][gc,phases,start] GC(125) Phase 4: Compact heap
[180.163s][info][gc,phases      ] GC(125) Phase 4: Compact heap 1.300ms
[180.163s][info][gc,phases,start] GC(125) Phase 5: Reset Metadata
[180.165s][info][gc,phases      ] GC(125) Phase 5: Reset Metadata 1.819ms
[180.181s][info][gc,heap        ] GC(125) Eden regions: 446->0(1228)
[180.181s][info][gc,heap        ] GC(125) Survivor regions: 5->0(154)
[180.181s][info][gc,heap        ] GC(125) Old regions: 6->6
[180.181s][info][gc,heap        ] GC(125) Humongous regions: 0->0
[180.181s][info][gc,metaspace   ] GC(125) Metaspace: 9073K(9344K)->9073K(9344K) NonClass: 7909K(8064K)->7909K(8064K) Class: 1164K(1280K)->1164K(1280K)
[180.181s][info][gc             ] GC(125) Pause Full (System.gc()) 1802M->3M(8192M) 24.912ms
[180.181s][info][gc,cpu         ] GC(125) User=0.05s Sys=0.00s Real=0.03s
[182.100s][info][gc,start       ] GC(126) Pause Young (Normal) (G1 Evacuation Pause)
[182.100s][info][gc,task        ] GC(126) Using 6 workers of 6 for evacuation
[182.109s][info][gc,phases      ] GC(126)   Pre Evacuate Collection Set: 0.3ms
[182.109s][info][gc,phases      ] GC(126)   Merge Heap Roots: 0.3ms
[182.109s][info][gc,phases      ] GC(126)   Evacuate Collection Set: 6.4ms
[182.109s][info][gc,phases      ] GC(126)   Post Evacuate Collection Set: 1.8ms
[182.109s][info][gc,phases      ] GC(126)   Other: 0.1ms
[182.109s][info][gc,heap        ] GC(126) Eden regions: 1228->0(1223)
[182.109s][info][gc,heap        ] GC(126) Survivor regions: 0->5(154)
[182.109s][info][gc,heap        ] GC(126) Old regions: 6->6
[182.109s][info][gc,heap        ] GC(126) Humongous regions: 0->0
[182.109s][info][gc,metaspace   ] GC(126) Metaspace: 9073K(9344K)->9073K(9344K) NonClass: 7909K(8064K)->7909K(8064K) Class: 1164K(1280K)->1164K(1280K)
[182.109s][info][gc             ] GC(126) Pause Young (Normal) (G1 Evacuation Pause) 4915M->20M(8192M) 9.111ms
[182.109s][info][gc,cpu         ] GC(126) User=0.02s Sys=0.00s Real=0.02s
[183.073s][info][gc,start       ] GC(127) Pause Full (System.gc())
[183.073s][info][gc,task        ] GC(127) Using 6 workers of 6 for full compaction
[183.074s][info][gc,phases,start] GC(127) Phase 1: Mark live objects
[183.076s][info][gc,phases      ] GC(127) Phase 1: Mark live objects 2.190ms
[183.076s][info][gc,phases,start] GC(127) Phase 2: Prepare compaction
[183.078s][info][gc,phases      ] GC(127) Phase 2: Prepare compaction 1.831ms
[183.078s][info][gc,phases,start] GC(127) Phase 3: Adjust pointers
[183.080s][info][gc,phases      ] GC(127) Phase 3: Adjust pointers 2.168ms
[183.080s][info][gc,phases,start] GC(127) Phase 4: Compact heap
[183.082s][info][gc,phases      ] GC(127) Phase 4: Compact heap 1.799ms
[183.082s][info][gc,phases,start] GC(127) Phase 5: Reset Metadata
[183.084s][info][gc,phases      ] GC(127) Phase 5: Reset Metadata 1.793ms
[183.099s][info][gc,heap        ] GC(127) Eden regions: 446->0(1228)
[183.099s][info][gc,heap        ] GC(127) Survivor regions: 5->0(154)
[183.099s][info][gc,heap        ] GC(127) Old regions: 6->6
[183.099s][info][gc,heap        ] GC(127) Humongous regions: 0->0
[183.099s][info][gc,metaspace   ] GC(127) Metaspace: 9073K(9344K)->9073K(9344K) NonClass: 7909K(8064K)->7909K(8064K) Class: 1164K(1280K)->1164K(1280K)
[183.100s][info][gc             ] GC(127) Pause Full (System.gc()) 1802M->3M(8192M) 26.226ms
[183.100s][info][gc,cpu         ] GC(127) User=0.03s Sys=0.00s Real=0.03s
[185.017s][info][gc,start       ] GC(128) Pause Young (Normal) (G1 Evacuation Pause)
[185.017s][info][gc,task        ] GC(128) Using 6 workers of 6 for evacuation
[185.026s][info][gc,phases      ] GC(128)   Pre Evacuate Collection Set: 0.4ms
[185.026s][info][gc,phases      ] GC(128)   Merge Heap Roots: 0.2ms
[185.026s][info][gc,phases      ] GC(128)   Evacuate Collection Set: 6.5ms
[185.026s][info][gc,phases      ] GC(128)   Post Evacuate Collection Set: 1.6ms
[185.026s][info][gc,phases      ] GC(128)   Other: 0.2ms
[185.026s][info][gc,heap        ] GC(128) Eden regions: 1228->0(1223)
[185.026s][info][gc,heap        ] GC(128) Survivor regions: 0->5(154)
[185.026s][info][gc,heap        ] GC(128) Old regions: 6->6
[185.026s][info][gc,heap        ] GC(128) Humongous regions: 0->0
[185.026s][info][gc,metaspace   ] GC(128) Metaspace: 9073K(9344K)->9073K(9344K) NonClass: 7909K(8064K)->7909K(8064K) Class: 1164K(1280K)->1164K(1280K)
[185.026s][info][gc             ] GC(128) Pause Young (Normal) (G1 Evacuation Pause) 4915M->20M(8192M) 9.159ms
[185.026s][info][gc,cpu         ] GC(128) User=0.02s Sys=0.00s Real=0.02s
[185.991s][info][gc,start       ] GC(129) Pause Full (System.gc())
[185.991s][info][gc,task        ] GC(129) Using 6 workers of 6 for full compaction
[185.992s][info][gc,phases,start] GC(129) Phase 1: Mark live objects
[185.994s][info][gc,phases      ] GC(129) Phase 1: Mark live objects 2.039ms
[185.994s][info][gc,phases,start] GC(129) Phase 2: Prepare compaction
[185.996s][info][gc,phases      ] GC(129) Phase 2: Prepare compaction 1.941ms
[185.996s][info][gc,phases,start] GC(129) Phase 3: Adjust pointers
[185.998s][info][gc,phases      ] GC(129) Phase 3: Adjust pointers 2.211ms
[185.998s][info][gc,phases,start] GC(129) Phase 4: Compact heap
[186.000s][info][gc,phases      ] GC(129) Phase 4: Compact heap 1.914ms
[186.000s][info][gc,phases,start] GC(129) Phase 5: Reset Metadata
[186.002s][info][gc,phases      ] GC(129) Phase 5: Reset Metadata 1.727ms
[186.017s][info][gc,heap        ] GC(129) Eden regions: 446->0(1228)
[186.017s][info][gc,heap        ] GC(129) Survivor regions: 5->0(154)
[186.017s][info][gc,heap        ] GC(129) Old regions: 6->6
[186.017s][info][gc,heap        ] GC(129) Humongous regions: 0->0
[186.017s][info][gc,metaspace   ] GC(129) Metaspace: 9073K(9344K)->9073K(9344K) NonClass: 7909K(8064K)->7909K(8064K) Class: 1164K(1280K)->1164K(1280K)
[186.017s][info][gc             ] GC(129) Pause Full (System.gc()) 1802M->3M(8192M) 26.191ms
[186.017s][info][gc,cpu         ] GC(129) User=0.03s Sys=0.00s Real=0.03s
[187.935s][info][gc,start       ] GC(130) Pause Young (Normal) (G1 Evacuation Pause)
[187.935s][info][gc,task        ] GC(130) Using 6 workers of 6 for evacuation
[187.944s][info][gc,phases      ] GC(130)   Pre Evacuate Collection Set: 0.7ms
[187.944s][info][gc,phases      ] GC(130)   Merge Heap Roots: 0.3ms
[187.944s][info][gc,phases      ] GC(130)   Evacuate Collection Set: 6.4ms
[187.944s][info][gc,phases      ] GC(130)   Post Evacuate Collection Set: 1.8ms
[187.944s][info][gc,phases      ] GC(130)   Other: 0.2ms
[187.944s][info][gc,heap        ] GC(130) Eden regions: 1228->0(1223)
[187.944s][info][gc,heap        ] GC(130) Survivor regions: 0->5(154)
[187.944s][info][gc,heap        ] GC(130) Old regions: 6->6
[187.944s][info][gc,heap        ] GC(130) Humongous regions: 0->0
[187.944s][info][gc,metaspace   ] GC(130) Metaspace: 9074K(9344K)->9074K(9344K) NonClass: 7910K(8064K)->7910K(8064K) Class: 1164K(1280K)->1164K(1280K)
[187.944s][info][gc             ] GC(130) Pause Young (Normal) (G1 Evacuation Pause) 4915M->21M(8192M) 9.576ms
[187.944s][info][gc,cpu         ] GC(130) User=0.02s Sys=0.00s Real=0.02s
[188.908s][info][gc,start       ] GC(131) Pause Full (System.gc())
[188.908s][info][gc,task        ] GC(131) Using 6 workers of 6 for full compaction
[188.909s][info][gc,phases,start] GC(131) Phase 1: Mark live objects
[188.911s][info][gc,phases      ] GC(131) Phase 1: Mark live objects 1.945ms
[188.911s][info][gc,phases,start] GC(131) Phase 2: Prepare compaction
[188.913s][info][gc,phases      ] GC(131) Phase 2: Prepare compaction 1.910ms
[188.913s][info][gc,phases,start] GC(131) Phase 3: Adjust pointers
[188.915s][info][gc,phases      ] GC(131) Phase 3: Adjust pointers 2.022ms
[188.915s][info][gc,phases,start] GC(131) Phase 4: Compact heap
[188.916s][info][gc,phases      ] GC(131) Phase 4: Compact heap 1.550ms
[188.916s][info][gc,phases,start] GC(131) Phase 5: Reset Metadata
[188.918s][info][gc,phases      ] GC(131) Phase 5: Reset Metadata 1.605ms
[188.934s][info][gc,heap        ] GC(131) Eden regions: 446->0(1228)
[188.934s][info][gc,heap        ] GC(131) Survivor regions: 5->0(154)
[188.934s][info][gc,heap        ] GC(131) Old regions: 6->6
[188.934s][info][gc,heap        ] GC(131) Humongous regions: 0->0
[188.934s][info][gc,metaspace   ] GC(131) Metaspace: 9088K(9344K)->9088K(9344K) NonClass: 7923K(8064K)->7923K(8064K) Class: 1164K(1280K)->1164K(1280K)
[188.934s][info][gc             ] GC(131) Pause Full (System.gc()) 1805M->3M(8192M) 25.717ms
[188.934s][info][gc,cpu         ] GC(131) User=0.06s Sys=0.00s Real=0.03s
[190.849s][info][gc,start       ] GC(132) Pause Young (Normal) (G1 Evacuation Pause)
[190.849s][info][gc,task        ] GC(132) Using 6 workers of 6 for evacuation
[190.858s][info][gc,phases      ] GC(132)   Pre Evacuate Collection Set: 0.4ms
[190.858s][info][gc,phases      ] GC(132)   Merge Heap Roots: 0.3ms
[190.858s][info][gc,phases      ] GC(132)   Evacuate Collection Set: 6.7ms
[190.858s][info][gc,phases      ] GC(132)   Post Evacuate Collection Set: 1.6ms
[190.858s][info][gc,phases      ] GC(132)   Other: 0.2ms
[190.858s][info][gc,heap        ] GC(132) Eden regions: 1228->0(1223)
[190.858s][info][gc,heap        ] GC(132) Survivor regions: 0->5(154)
[190.858s][info][gc,heap        ] GC(132) Old regions: 6->6
[190.858s][info][gc,heap        ] GC(132) Humongous regions: 0->0
[190.858s][info][gc,metaspace   ] GC(132) Metaspace: 9091K(9344K)->9091K(9344K) NonClass: 7927K(8064K)->7927K(8064K) Class: 1164K(1280K)->1164K(1280K)
[190.858s][info][gc             ] GC(132) Pause Young (Normal) (G1 Evacuation Pause) 4915M->20M(8192M) 9.350ms
[190.858s][info][gc,cpu         ] GC(132) User=0.02s Sys=0.00s Real=0.01s
[191.823s][info][gc,start       ] GC(133) Pause Full (System.gc())
[191.824s][info][gc,task        ] GC(133) Using 6 workers of 6 for full compaction
[191.824s][info][gc,phases,start] GC(133) Phase 1: Mark live objects
[191.826s][info][gc,phases      ] GC(133) Phase 1: Mark live objects 1.842ms
[191.826s][info][gc,phases,start] GC(133) Phase 2: Prepare compaction
[191.828s][info][gc,phases      ] GC(133) Phase 2: Prepare compaction 1.625ms
[191.828s][info][gc,phases,start] GC(133) Phase 3: Adjust pointers
[191.830s][info][gc,phases      ] GC(133) Phase 3: Adjust pointers 2.157ms
[191.830s][info][gc,phases,start] GC(133) Phase 4: Compact heap
[191.832s][info][gc,phases      ] GC(133) Phase 4: Compact heap 1.833ms
[191.832s][info][gc,phases,start] GC(133) Phase 5: Reset Metadata
[191.834s][info][gc,phases      ] GC(133) Phase 5: Reset Metadata 1.823ms
[191.850s][info][gc,heap        ] GC(133) Eden regions: 446->0(1228)
[191.850s][info][gc,heap        ] GC(133) Survivor regions: 5->0(154)
[191.850s][info][gc,heap        ] GC(133) Old regions: 6->6
[191.850s][info][gc,heap        ] GC(133) Humongous regions: 0->0
[191.850s][info][gc,metaspace   ] GC(133) Metaspace: 9091K(9344K)->9091K(9344K) NonClass: 7927K(8064K)->7927K(8064K) Class: 1164K(1280K)->1164K(1280K)
[191.850s][info][gc             ] GC(133) Pause Full (System.gc()) 1802M->3M(8192M) 26.223ms
[191.850s][info][gc,cpu         ] GC(133) User=0.02s Sys=0.00s Real=0.02s
[193.772s][info][gc,start       ] GC(134) Pause Young (Normal) (G1 Evacuation Pause)
[193.773s][info][gc,task        ] GC(134) Using 6 workers of 6 for evacuation
[193.782s][info][gc,phases      ] GC(134)   Pre Evacuate Collection Set: 0.6ms
[193.782s][info][gc,phases      ] GC(134)   Merge Heap Roots: 0.3ms
[193.782s][info][gc,phases      ] GC(134)   Evacuate Collection Set: 6.7ms
[193.782s][info][gc,phases      ] GC(134)   Post Evacuate Collection Set: 1.8ms
[193.782s][info][gc,phases      ] GC(134)   Other: 0.2ms
[193.782s][info][gc,heap        ] GC(134) Eden regions: 1228->0(1223)
[193.782s][info][gc,heap        ] GC(134) Survivor regions: 0->5(154)
[193.782s][info][gc,heap        ] GC(134) Old regions: 6->6
[193.782s][info][gc,heap        ] GC(134) Humongous regions: 0->0
[193.782s][info][gc,metaspace   ] GC(134) Metaspace: 9091K(9344K)->9091K(9344K) NonClass: 7927K(8064K)->7927K(8064K) Class: 1164K(1280K)->1164K(1280K)
[193.782s][info][gc             ] GC(134) Pause Young (Normal) (G1 Evacuation Pause) 4915M->20M(8192M) 9.743ms
[193.782s][info][gc,cpu         ] GC(134) User=0.00s Sys=0.00s Real=0.02s
[194.748s][info][gc,start       ] GC(135) Pause Full (System.gc())
[194.748s][info][gc,task        ] GC(135) Using 6 workers of 6 for full compaction
[194.749s][info][gc,phases,start] GC(135) Phase 1: Mark live objects
[194.751s][info][gc,phases      ] GC(135) Phase 1: Mark live objects 2.140ms
[194.751s][info][gc,phases,start] GC(135) Phase 2: Prepare compaction
[194.753s][info][gc,phases      ] GC(135) Phase 2: Prepare compaction 1.732ms
[194.753s][info][gc,phases,start] GC(135) Phase 3: Adjust pointers
[194.755s][info][gc,phases      ] GC(135) Phase 3: Adjust pointers 2.232ms
[194.755s][info][gc,phases,start] GC(135) Phase 4: Compact heap
[194.757s][info][gc,phases      ] GC(135) Phase 4: Compact heap 1.799ms
[194.757s][info][gc,phases,start] GC(135) Phase 5: Reset Metadata
[194.759s][info][gc,phases      ] GC(135) Phase 5: Reset Metadata 1.772ms
[194.774s][info][gc,heap        ] GC(135) Eden regions: 446->0(1228)
[194.774s][info][gc,heap        ] GC(135) Survivor regions: 5->0(154)
[194.774s][info][gc,heap        ] GC(135) Old regions: 6->6
[194.774s][info][gc,heap        ] GC(135) Humongous regions: 0->0
[194.774s][info][gc,metaspace   ] GC(135) Metaspace: 9091K(9344K)->9091K(9344K) NonClass: 7927K(8064K)->7927K(8064K) Class: 1164K(1280K)->1164K(1280K)
[194.774s][info][gc             ] GC(135) Pause Full (System.gc()) 1802M->3M(8192M) 26.175ms
[194.774s][info][gc,cpu         ] GC(135) User=0.03s Sys=0.00s Real=0.03s
[196.692s][info][gc,start       ] GC(136) Pause Young (Normal) (G1 Evacuation Pause)
[196.692s][info][gc,task        ] GC(136) Using 6 workers of 6 for evacuation
[196.702s][info][gc,phases      ] GC(136)   Pre Evacuate Collection Set: 0.6ms
[196.702s][info][gc,phases      ] GC(136)   Merge Heap Roots: 0.3ms
[196.702s][info][gc,phases      ] GC(136)   Evacuate Collection Set: 6.6ms
[196.702s][info][gc,phases      ] GC(136)   Post Evacuate Collection Set: 1.7ms
[196.702s][info][gc,phases      ] GC(136)   Other: 0.2ms
[196.702s][info][gc,heap        ] GC(136) Eden regions: 1228->0(1223)
[196.702s][info][gc,heap        ] GC(136) Survivor regions: 0->5(154)
[196.702s][info][gc,heap        ] GC(136) Old regions: 6->6
[196.702s][info][gc,heap        ] GC(136) Humongous regions: 0->0
[196.702s][info][gc,metaspace   ] GC(136) Metaspace: 9091K(9344K)->9091K(9344K) NonClass: 7927K(8064K)->7927K(8064K) Class: 1164K(1280K)->1164K(1280K)
[196.702s][info][gc             ] GC(136) Pause Young (Normal) (G1 Evacuation Pause) 4915M->20M(8192M) 9.534ms
[196.702s][info][gc,cpu         ] GC(136) User=0.00s Sys=0.00s Real=0.00s
[197.667s][info][gc,start       ] GC(137) Pause Full (System.gc())
[197.667s][info][gc,task        ] GC(137) Using 6 workers of 6 for full compaction
[197.667s][info][gc,phases,start] GC(137) Phase 1: Mark live objects
[197.669s][info][gc,phases      ] GC(137) Phase 1: Mark live objects 2.089ms
[197.669s][info][gc,phases,start] GC(137) Phase 2: Prepare compaction
[197.671s][info][gc,phases      ] GC(137) Phase 2: Prepare compaction 1.950ms
[197.671s][info][gc,phases,start] GC(137) Phase 3: Adjust pointers
[197.674s][info][gc,phases      ] GC(137) Phase 3: Adjust pointers 2.189ms
[197.674s][info][gc,phases,start] GC(137) Phase 4: Compact heap
[197.675s][info][gc,phases      ] GC(137) Phase 4: Compact heap 1.472ms
[197.675s][info][gc,phases,start] GC(137) Phase 5: Reset Metadata
[197.677s][info][gc,phases      ] GC(137) Phase 5: Reset Metadata 1.502ms
[197.693s][info][gc,heap        ] GC(137) Eden regions: 446->0(1228)
[197.693s][info][gc,heap        ] GC(137) Survivor regions: 5->0(154)
[197.693s][info][gc,heap        ] GC(137) Old regions: 6->6
[197.693s][info][gc,heap        ] GC(137) Humongous regions: 0->0
[197.693s][info][gc,metaspace   ] GC(137) Metaspace: 9091K(9344K)->9091K(9344K) NonClass: 7927K(8064K)->7927K(8064K) Class: 1164K(1280K)->1164K(1280K)
[197.693s][info][gc             ] GC(137) Pause Full (System.gc()) 1802M->3M(8192M) 25.838ms
[197.693s][info][gc,cpu         ] GC(137) User=0.02s Sys=0.00s Real=0.03s
[199.613s][info][gc,start       ] GC(138) Pause Young (Normal) (G1 Evacuation Pause)
[199.613s][info][gc,task        ] GC(138) Using 6 workers of 6 for evacuation
[199.622s][info][gc,phases      ] GC(138)   Pre Evacuate Collection Set: 0.4ms
[199.622s][info][gc,phases      ] GC(138)   Merge Heap Roots: 0.2ms
[199.622s][info][gc,phases      ] GC(138)   Evacuate Collection Set: 6.6ms
[199.622s][info][gc,phases      ] GC(138)   Post Evacuate Collection Set: 1.6ms
[199.622s][info][gc,phases      ] GC(138)   Other: 0.1ms
[199.622s][info][gc,heap        ] GC(138) Eden regions: 1228->0(1223)
[199.622s][info][gc,heap        ] GC(138) Survivor regions: 0->5(154)
[199.622s][info][gc,heap        ] GC(138) Old regions: 6->6
[199.622s][info][gc,heap        ] GC(138) Humongous regions: 0->0
[199.622s][info][gc,metaspace   ] GC(138) Metaspace: 9091K(9344K)->9091K(9344K) NonClass: 7927K(8064K)->7927K(8064K) Class: 1164K(1280K)->1164K(1280K)
[199.622s][info][gc             ] GC(138) Pause Young (Normal) (G1 Evacuation Pause) 4915M->20M(8192M) 9.161ms
[199.622s][info][gc,cpu         ] GC(138) User=0.02s Sys=0.00s Real=0.01s
[200.587s][info][gc,start       ] GC(139) Pause Full (System.gc())
[200.587s][info][gc,task        ] GC(139) Using 6 workers of 6 for full compaction
[200.588s][info][gc,phases,start] GC(139) Phase 1: Mark live objects
[200.590s][info][gc,phases      ] GC(139) Phase 1: Mark live objects 2.077ms
[200.590s][info][gc,phases,start] GC(139) Phase 2: Prepare compaction
[200.592s][info][gc,phases      ] GC(139) Phase 2: Prepare compaction 1.910ms
[200.592s][info][gc,phases,start] GC(139) Phase 3: Adjust pointers
[200.594s][info][gc,phases      ] GC(139) Phase 3: Adjust pointers 2.152ms
[200.594s][info][gc,phases,start] GC(139) Phase 4: Compact heap
[200.595s][info][gc,phases      ] GC(139) Phase 4: Compact heap 1.425ms
[200.595s][info][gc,phases,start] GC(139) Phase 5: Reset Metadata
[200.597s][info][gc,phases      ] GC(139) Phase 5: Reset Metadata 1.830ms
[200.613s][info][gc,heap        ] GC(139) Eden regions: 446->0(1228)
[200.613s][info][gc,heap        ] GC(139) Survivor regions: 5->0(154)
[200.613s][info][gc,heap        ] GC(139) Old regions: 6->6
[200.613s][info][gc,heap        ] GC(139) Humongous regions: 0->0
[200.613s][info][gc,metaspace   ] GC(139) Metaspace: 9091K(9344K)->9091K(9344K) NonClass: 7927K(8064K)->7927K(8064K) Class: 1164K(1280K)->1164K(1280K)
[200.613s][info][gc             ] GC(139) Pause Full (System.gc()) 1802M->3M(8192M) 26.404ms
[200.613s][info][gc,cpu         ] GC(139) User=0.05s Sys=0.00s Real=0.03s
[202.535s][info][gc,start       ] GC(140) Pause Young (Normal) (G1 Evacuation Pause)
[202.535s][info][gc,task        ] GC(140) Using 6 workers of 6 for evacuation
[202.545s][info][gc,phases      ] GC(140)   Pre Evacuate Collection Set: 0.5ms
[202.545s][info][gc,phases      ] GC(140)   Merge Heap Roots: 0.3ms
[202.545s][info][gc,phases      ] GC(140)   Evacuate Collection Set: 6.7ms
[202.545s][info][gc,phases      ] GC(140)   Post Evacuate Collection Set: 1.6ms
[202.545s][info][gc,phases      ] GC(140)   Other: 0.2ms
[202.545s][info][gc,heap        ] GC(140) Eden regions: 1228->0(1223)
[202.545s][info][gc,heap        ] GC(140) Survivor regions: 0->5(154)
[202.545s][info][gc,heap        ] GC(140) Old regions: 6->6
[202.545s][info][gc,heap        ] GC(140) Humongous regions: 0->0
[202.545s][info][gc,metaspace   ] GC(140) Metaspace: 9091K(9344K)->9091K(9344K) NonClass: 7927K(8064K)->7927K(8064K) Class: 1164K(1280K)->1164K(1280K)
[202.545s][info][gc             ] GC(140) Pause Young (Normal) (G1 Evacuation Pause) 4915M->21M(8192M) 9.607ms
[202.545s][info][gc,cpu         ] GC(140) User=0.02s Sys=0.00s Real=0.02s
[203.510s][info][gc,start       ] GC(141) Pause Full (System.gc())
[203.510s][info][gc,task        ] GC(141) Using 6 workers of 6 for full compaction
[203.510s][info][gc,phases,start] GC(141) Phase 1: Mark live objects
[203.513s][info][gc,phases      ] GC(141) Phase 1: Mark live objects 2.140ms
[203.513s][info][gc,phases,start] GC(141) Phase 2: Prepare compaction
[203.514s][info][gc,phases      ] GC(141) Phase 2: Prepare compaction 1.793ms
[203.514s][info][gc,phases,start] GC(141) Phase 3: Adjust pointers
[203.516s][info][gc,phases      ] GC(141) Phase 3: Adjust pointers 1.913ms
[203.516s][info][gc,phases,start] GC(141) Phase 4: Compact heap
[203.518s][info][gc,phases      ] GC(141) Phase 4: Compact heap 1.795ms
[203.518s][info][gc,phases,start] GC(141) Phase 5: Reset Metadata
[203.520s][info][gc,phases      ] GC(141) Phase 5: Reset Metadata 2.037ms
[203.535s][info][gc,heap        ] GC(141) Eden regions: 446->0(1228)
[203.536s][info][gc,heap        ] GC(141) Survivor regions: 5->0(154)
[203.536s][info][gc,heap        ] GC(141) Old regions: 6->6
[203.536s][info][gc,heap        ] GC(141) Humongous regions: 0->0
[203.536s][info][gc,metaspace   ] GC(141) Metaspace: 9091K(9344K)->9091K(9344K) NonClass: 7927K(8064K)->7927K(8064K) Class: 1164K(1280K)->1164K(1280K)
[203.536s][info][gc             ] GC(141) Pause Full (System.gc()) 1803M->3M(8192M) 25.720ms
[203.536s][info][gc,cpu         ] GC(141) User=0.05s Sys=0.00s Real=0.03s
[205.461s][info][gc,start       ] GC(142) Pause Young (Normal) (G1 Evacuation Pause)
[205.461s][info][gc,task        ] GC(142) Using 6 workers of 6 for evacuation
[205.470s][info][gc,phases      ] GC(142)   Pre Evacuate Collection Set: 0.4ms
[205.470s][info][gc,phases      ] GC(142)   Merge Heap Roots: 0.2ms
[205.470s][info][gc,phases      ] GC(142)   Evacuate Collection Set: 7.0ms
[205.470s][info][gc,phases      ] GC(142)   Post Evacuate Collection Set: 1.6ms
[205.470s][info][gc,phases      ] GC(142)   Other: 0.1ms
[205.470s][info][gc,heap        ] GC(142) Eden regions: 1228->0(1223)
[205.470s][info][gc,heap        ] GC(142) Survivor regions: 0->5(154)
[205.470s][info][gc,heap        ] GC(142) Old regions: 6->6
[205.470s][info][gc,heap        ] GC(142) Humongous regions: 0->0
[205.470s][info][gc,metaspace   ] GC(142) Metaspace: 9091K(9344K)->9091K(9344K) NonClass: 7927K(8064K)->7927K(8064K) Class: 1164K(1280K)->1164K(1280K)
[205.470s][info][gc             ] GC(142) Pause Young (Normal) (G1 Evacuation Pause) 4915M->20M(8192M) 9.568ms
[205.470s][info][gc,cpu         ] GC(142) User=0.00s Sys=0.00s Real=0.00s
[206.436s][info][gc,start       ] GC(143) Pause Full (System.gc())
[206.436s][info][gc,task        ] GC(143) Using 6 workers of 6 for full compaction
[206.437s][info][gc,phases,start] GC(143) Phase 1: Mark live objects
[206.439s][info][gc,phases      ] GC(143) Phase 1: Mark live objects 1.998ms
[206.439s][info][gc,phases,start] GC(143) Phase 2: Prepare compaction
[206.440s][info][gc,phases      ] GC(143) Phase 2: Prepare compaction 1.749ms
[206.440s][info][gc,phases,start] GC(143) Phase 3: Adjust pointers
[206.443s][info][gc,phases      ] GC(143) Phase 3: Adjust pointers 2.285ms
[206.443s][info][gc,phases,start] GC(143) Phase 4: Compact heap
[206.445s][info][gc,phases      ] GC(143) Phase 4: Compact heap 1.988ms
[206.445s][info][gc,phases,start] GC(143) Phase 5: Reset Metadata
[206.447s][info][gc,phases      ] GC(143) Phase 5: Reset Metadata 1.726ms
[206.462s][info][gc,heap        ] GC(143) Eden regions: 446->0(1228)
[206.462s][info][gc,heap        ] GC(143) Survivor regions: 5->0(154)
[206.462s][info][gc,heap        ] GC(143) Old regions: 6->6
[206.462s][info][gc,heap        ] GC(143) Humongous regions: 0->0
[206.462s][info][gc,metaspace   ] GC(143) Metaspace: 9091K(9344K)->9091K(9344K) NonClass: 7927K(8064K)->7927K(8064K) Class: 1164K(1280K)->1164K(1280K)
[206.462s][info][gc             ] GC(143) Pause Full (System.gc()) 1802M->3M(8192M) 25.964ms
[206.462s][info][gc,cpu         ] GC(143) User=0.02s Sys=0.00s Real=0.02s
[208.381s][info][gc,start       ] GC(144) Pause Young (Normal) (G1 Evacuation Pause)
[208.381s][info][gc,task        ] GC(144) Using 6 workers of 6 for evacuation
[208.390s][info][gc,phases      ] GC(144)   Pre Evacuate Collection Set: 0.3ms
[208.390s][info][gc,phases      ] GC(144)   Merge Heap Roots: 0.2ms
[208.390s][info][gc,phases      ] GC(144)   Evacuate Collection Set: 6.5ms
[208.390s][info][gc,phases      ] GC(144)   Post Evacuate Collection Set: 1.6ms
[208.390s][info][gc,phases      ] GC(144)   Other: 0.1ms
[208.390s][info][gc,heap        ] GC(144) Eden regions: 1228->0(1223)
[208.390s][info][gc,heap        ] GC(144) Survivor regions: 0->5(154)
[208.390s][info][gc,heap        ] GC(144) Old regions: 6->6
[208.390s][info][gc,heap        ] GC(144) Humongous regions: 0->0
[208.390s][info][gc,metaspace   ] GC(144) Metaspace: 9091K(9344K)->9091K(9344K) NonClass: 7927K(8064K)->7927K(8064K) Class: 1164K(1280K)->1164K(1280K)
[208.390s][info][gc             ] GC(144) Pause Young (Normal) (G1 Evacuation Pause) 4915M->20M(8192M) 9.016ms
[208.390s][info][gc,cpu         ] GC(144) User=0.00s Sys=0.00s Real=0.00s
[209.355s][info][gc,start       ] GC(145) Pause Full (System.gc())
[209.355s][info][gc,task        ] GC(145) Using 6 workers of 6 for full compaction
[209.356s][info][gc,phases,start] GC(145) Phase 1: Mark live objects
[209.358s][info][gc,phases      ] GC(145) Phase 1: Mark live objects 2.146ms
[209.358s][info][gc,phases,start] GC(145) Phase 2: Prepare compaction
[209.360s][info][gc,phases      ] GC(145) Phase 2: Prepare compaction 2.009ms
[209.360s][info][gc,phases,start] GC(145) Phase 3: Adjust pointers
[209.362s][info][gc,phases      ] GC(145) Phase 3: Adjust pointers 2.217ms
[209.362s][info][gc,phases,start] GC(145) Phase 4: Compact heap
[209.364s][info][gc,phases      ] GC(145) Phase 4: Compact heap 1.912ms
[209.364s][info][gc,phases,start] GC(145) Phase 5: Reset Metadata
[209.366s][info][gc,phases      ] GC(145) Phase 5: Reset Metadata 1.502ms
[209.381s][info][gc,heap        ] GC(145) Eden regions: 446->0(1228)
[209.382s][info][gc,heap        ] GC(145) Survivor regions: 5->0(154)
[209.382s][info][gc,heap        ] GC(145) Old regions: 6->6
[209.382s][info][gc,heap        ] GC(145) Humongous regions: 0->0
[209.382s][info][gc,metaspace   ] GC(145) Metaspace: 9091K(9344K)->9091K(9344K) NonClass: 7927K(8064K)->7927K(8064K) Class: 1164K(1280K)->1164K(1280K)
[209.382s][info][gc             ] GC(145) Pause Full (System.gc()) 1802M->3M(8192M) 26.287ms
[209.382s][info][gc,cpu         ] GC(145) User=0.02s Sys=0.00s Real=0.02s
[211.298s][info][gc,start       ] GC(146) Pause Young (Normal) (G1 Evacuation Pause)
[211.298s][info][gc,task        ] GC(146) Using 6 workers of 6 for evacuation
[211.307s][info][gc,phases      ] GC(146)   Pre Evacuate Collection Set: 0.4ms
[211.307s][info][gc,phases      ] GC(146)   Merge Heap Roots: 0.2ms
[211.307s][info][gc,phases      ] GC(146)   Evacuate Collection Set: 6.5ms
[211.307s][info][gc,phases      ] GC(146)   Post Evacuate Collection Set: 2.0ms
[211.307s][info][gc,phases      ] GC(146)   Other: 0.2ms
[211.307s][info][gc,heap        ] GC(146) Eden regions: 1228->0(1223)
[211.307s][info][gc,heap        ] GC(146) Survivor regions: 0->5(154)
[211.307s][info][gc,heap        ] GC(146) Old regions: 6->6
[211.307s][info][gc,heap        ] GC(146) Humongous regions: 0->0
[211.307s][info][gc,metaspace   ] GC(146) Metaspace: 9091K(9344K)->9091K(9344K) NonClass: 7927K(8064K)->7927K(8064K) Class: 1164K(1280K)->1164K(1280K)
[211.307s][info][gc             ] GC(146) Pause Young (Normal) (G1 Evacuation Pause) 4915M->20M(8192M) 9.537ms
[211.307s][info][gc,cpu         ] GC(146) User=0.02s Sys=0.00s Real=0.02s
[212.272s][info][gc,start       ] GC(147) Pause Full (System.gc())
[212.272s][info][gc,task        ] GC(147) Using 6 workers of 6 for full compaction
[212.273s][info][gc,phases,start] GC(147) Phase 1: Mark live objects
[212.275s][info][gc,phases      ] GC(147) Phase 1: Mark live objects 1.903ms
[212.275s][info][gc,phases,start] GC(147) Phase 2: Prepare compaction
[212.276s][info][gc,phases      ] GC(147) Phase 2: Prepare compaction 1.627ms
[212.276s][info][gc,phases,start] GC(147) Phase 3: Adjust pointers
[212.278s][info][gc,phases      ] GC(147) Phase 3: Adjust pointers 2.167ms
[212.279s][info][gc,phases,start] GC(147) Phase 4: Compact heap
[212.280s][info][gc,phases      ] GC(147) Phase 4: Compact heap 1.828ms
[212.280s][info][gc,phases,start] GC(147) Phase 5: Reset Metadata
[212.282s][info][gc,phases      ] GC(147) Phase 5: Reset Metadata 1.801ms
[212.298s][info][gc,heap        ] GC(147) Eden regions: 446->0(1228)
[212.298s][info][gc,heap        ] GC(147) Survivor regions: 5->0(154)
[212.298s][info][gc,heap        ] GC(147) Old regions: 6->6
[212.298s][info][gc,heap        ] GC(147) Humongous regions: 0->0
[212.298s][info][gc,metaspace   ] GC(147) Metaspace: 9091K(9344K)->9091K(9344K) NonClass: 7927K(8064K)->7927K(8064K) Class: 1164K(1280K)->1164K(1280K)
[212.298s][info][gc             ] GC(147) Pause Full (System.gc()) 1802M->3M(8192M) 25.826ms
[212.298s][info][gc,cpu         ] GC(147) User=0.03s Sys=0.00s Real=0.03s
[214.211s][info][gc,start       ] GC(148) Pause Young (Normal) (G1 Evacuation Pause)
[214.211s][info][gc,task        ] GC(148) Using 6 workers of 6 for evacuation
[214.220s][info][gc,phases      ] GC(148)   Pre Evacuate Collection Set: 0.4ms
[214.221s][info][gc,phases      ] GC(148)   Merge Heap Roots: 0.2ms
[214.221s][info][gc,phases      ] GC(148)   Evacuate Collection Set: 6.4ms
[214.221s][info][gc,phases      ] GC(148)   Post Evacuate Collection Set: 1.8ms
[214.221s][info][gc,phases      ] GC(148)   Other: 0.2ms
[214.221s][info][gc,heap        ] GC(148) Eden regions: 1228->0(1223)
[214.221s][info][gc,heap        ] GC(148) Survivor regions: 0->5(154)
[214.221s][info][gc,heap        ] GC(148) Old regions: 6->6
[214.221s][info][gc,heap        ] GC(148) Humongous regions: 0->0
[214.221s][info][gc,metaspace   ] GC(148) Metaspace: 9091K(9344K)->9091K(9344K) NonClass: 7927K(8064K)->7927K(8064K) Class: 1164K(1280K)->1164K(1280K)
[214.221s][info][gc             ] GC(148) Pause Young (Normal) (G1 Evacuation Pause) 4915M->20M(8192M) 9.327ms
[214.221s][info][gc,cpu         ] GC(148) User=0.00s Sys=0.00s Real=0.00s
[215.187s][info][gc,start       ] GC(149) Pause Full (System.gc())
[215.187s][info][gc,task        ] GC(149) Using 6 workers of 6 for full compaction
[215.187s][info][gc,phases,start] GC(149) Phase 1: Mark live objects
[215.190s][info][gc,phases      ] GC(149) Phase 1: Mark live objects 2.451ms
[215.190s][info][gc,phases,start] GC(149) Phase 2: Prepare compaction
[215.191s][info][gc,phases      ] GC(149) Phase 2: Prepare compaction 1.840ms
[215.191s][info][gc,phases,start] GC(149) Phase 3: Adjust pointers
[215.194s][info][gc,phases      ] GC(149) Phase 3: Adjust pointers 2.426ms
[215.194s][info][gc,phases,start] GC(149) Phase 4: Compact heap
[215.196s][info][gc,phases      ] GC(149) Phase 4: Compact heap 1.589ms
[215.196s][info][gc,phases,start] GC(149) Phase 5: Reset Metadata
[215.197s][info][gc,phases      ] GC(149) Phase 5: Reset Metadata 1.517ms
[215.213s][info][gc,heap        ] GC(149) Eden regions: 446->0(1228)
[215.213s][info][gc,heap        ] GC(149) Survivor regions: 5->0(154)
[215.213s][info][gc,heap        ] GC(149) Old regions: 6->6
[215.213s][info][gc,heap        ] GC(149) Humongous regions: 0->0
[215.213s][info][gc,metaspace   ] GC(149) Metaspace: 9091K(9344K)->9091K(9344K) NonClass: 7927K(8064K)->7927K(8064K) Class: 1164K(1280K)->1164K(1280K)
[215.213s][info][gc             ] GC(149) Pause Full (System.gc()) 1802M->3M(8192M) 26.703ms
[215.213s][info][gc,cpu         ] GC(149) User=0.03s Sys=0.00s Real=0.03s
[217.126s][info][gc,start       ] GC(150) Pause Young (Normal) (G1 Evacuation Pause)
[217.126s][info][gc,task        ] GC(150) Using 6 workers of 6 for evacuation
[217.136s][info][gc,phases      ] GC(150)   Pre Evacuate Collection Set: 0.5ms
[217.136s][info][gc,phases      ] GC(150)   Merge Heap Roots: 0.2ms
[217.136s][info][gc,phases      ] GC(150)   Evacuate Collection Set: 7.1ms
[217.136s][info][gc,phases      ] GC(150)   Post Evacuate Collection Set: 2.0ms
[217.136s][info][gc,phases      ] GC(150)   Other: 0.2ms
[217.136s][info][gc,heap        ] GC(150) Eden regions: 1228->0(1223)
[217.136s][info][gc,heap        ] GC(150) Survivor regions: 0->5(154)
[217.136s][info][gc,heap        ] GC(150) Old regions: 6->6
[217.136s][info][gc,heap        ] GC(150) Humongous regions: 0->0
[217.136s][info][gc,metaspace   ] GC(150) Metaspace: 9091K(9344K)->9091K(9344K) NonClass: 7927K(8064K)->7927K(8064K) Class: 1164K(1280K)->1164K(1280K)
[217.136s][info][gc             ] GC(150) Pause Young (Normal) (G1 Evacuation Pause) 4915M->20M(8192M) 10.046ms
[217.136s][info][gc,cpu         ] GC(150) User=0.00s Sys=0.00s Real=0.01s
[218.101s][info][gc,start       ] GC(151) Pause Full (System.gc())
[218.101s][info][gc,task        ] GC(151) Using 6 workers of 6 for full compaction
[218.101s][info][gc,phases,start] GC(151) Phase 1: Mark live objects
[218.104s][info][gc,phases      ] GC(151) Phase 1: Mark live objects 2.233ms
[218.104s][info][gc,phases,start] GC(151) Phase 2: Prepare compaction
[218.106s][info][gc,phases      ] GC(151) Phase 2: Prepare compaction 1.995ms
[218.106s][info][gc,phases,start] GC(151) Phase 3: Adjust pointers
[218.108s][info][gc,phases      ] GC(151) Phase 3: Adjust pointers 1.988ms
[218.108s][info][gc,phases,start] GC(151) Phase 4: Compact heap
[218.109s][info][gc,phases      ] GC(151) Phase 4: Compact heap 1.561ms
[218.109s][info][gc,phases,start] GC(151) Phase 5: Reset Metadata
[218.111s][info][gc,phases      ] GC(151) Phase 5: Reset Metadata 1.710ms
[218.127s][info][gc,heap        ] GC(151) Eden regions: 446->0(1228)
[218.127s][info][gc,heap        ] GC(151) Survivor regions: 5->0(154)
[218.127s][info][gc,heap        ] GC(151) Old regions: 6->6
[218.127s][info][gc,heap        ] GC(151) Humongous regions: 0->0
[218.127s][info][gc,metaspace   ] GC(151) Metaspace: 9091K(9344K)->9091K(9344K) NonClass: 7927K(8064K)->7927K(8064K) Class: 1164K(1280K)->1164K(1280K)
[218.127s][info][gc             ] GC(151) Pause Full (System.gc()) 1802M->3M(8192M) 26.592ms
[218.127s][info][gc,cpu         ] GC(151) User=0.03s Sys=0.00s Real=0.02s
[220.039s][info][gc,start       ] GC(152) Pause Young (Normal) (G1 Evacuation Pause)
[220.039s][info][gc,task        ] GC(152) Using 6 workers of 6 for evacuation
[220.048s][info][gc,phases      ] GC(152)   Pre Evacuate Collection Set: 0.4ms
[220.048s][info][gc,phases      ] GC(152)   Merge Heap Roots: 0.3ms
[220.048s][info][gc,phases      ] GC(152)   Evacuate Collection Set: 6.5ms
[220.048s][info][gc,phases      ] GC(152)   Post Evacuate Collection Set: 1.7ms
[220.048s][info][gc,phases      ] GC(152)   Other: 0.2ms
[220.048s][info][gc,heap        ] GC(152) Eden regions: 1228->0(1223)
[220.048s][info][gc,heap        ] GC(152) Survivor regions: 0->5(154)
[220.048s][info][gc,heap        ] GC(152) Old regions: 6->6
[220.048s][info][gc,heap        ] GC(152) Humongous regions: 0->0
[220.048s][info][gc,metaspace   ] GC(152) Metaspace: 9093K(9344K)->9093K(9344K) NonClass: 7929K(8064K)->7929K(8064K) Class: 1164K(1280K)->1164K(1280K)
[220.048s][info][gc             ] GC(152) Pause Young (Normal) (G1 Evacuation Pause) 4915M->20M(8192M) 9.241ms
[220.048s][info][gc,cpu         ] GC(152) User=0.02s Sys=0.00s Real=0.01s
[221.015s][info][gc,start       ] GC(153) Pause Full (System.gc())
[221.015s][info][gc,task        ] GC(153) Using 6 workers of 6 for full compaction
[221.015s][info][gc,phases,start] GC(153) Phase 1: Mark live objects
[221.017s][info][gc,phases      ] GC(153) Phase 1: Mark live objects 2.050ms
[221.017s][info][gc,phases,start] GC(153) Phase 2: Prepare compaction
[221.019s][info][gc,phases      ] GC(153) Phase 2: Prepare compaction 1.908ms
[221.019s][info][gc,phases,start] GC(153) Phase 3: Adjust pointers
[221.021s][info][gc,phases      ] GC(153) Phase 3: Adjust pointers 2.133ms
[221.021s][info][gc,phases,start] GC(153) Phase 4: Compact heap
[221.023s][info][gc,phases      ] GC(153) Phase 4: Compact heap 1.725ms
[221.023s][info][gc,phases,start] GC(153) Phase 5: Reset Metadata
[221.025s][info][gc,phases      ] GC(153) Phase 5: Reset Metadata 1.931ms
[221.040s][info][gc,heap        ] GC(153) Eden regions: 446->0(1228)
[221.041s][info][gc,heap        ] GC(153) Survivor regions: 5->0(154)
[221.041s][info][gc,heap        ] GC(153) Old regions: 6->6
[221.041s][info][gc,heap        ] GC(153) Humongous regions: 0->0
[221.041s][info][gc,metaspace   ] GC(153) Metaspace: 9093K(9344K)->9093K(9344K) NonClass: 7929K(8064K)->7929K(8064K) Class: 1164K(1280K)->1164K(1280K)
[221.041s][info][gc             ] GC(153) Pause Full (System.gc()) 1802M->3M(8192M) 25.981ms
[221.041s][info][gc,cpu         ] GC(153) User=0.03s Sys=0.00s Real=0.03s
[222.954s][info][gc,start       ] GC(154) Pause Young (Normal) (G1 Evacuation Pause)
[222.954s][info][gc,task        ] GC(154) Using 6 workers of 6 for evacuation
[222.963s][info][gc,phases      ] GC(154)   Pre Evacuate Collection Set: 0.3ms
[222.963s][info][gc,phases      ] GC(154)   Merge Heap Roots: 0.3ms
[222.963s][info][gc,phases      ] GC(154)   Evacuate Collection Set: 6.4ms
[222.963s][info][gc,phases      ] GC(154)   Post Evacuate Collection Set: 1.7ms
[222.963s][info][gc,phases      ] GC(154)   Other: 0.1ms
[222.963s][info][gc,heap        ] GC(154) Eden regions: 1228->0(1223)
[222.963s][info][gc,heap        ] GC(154) Survivor regions: 0->5(154)
[222.963s][info][gc,heap        ] GC(154) Old regions: 6->6
[222.963s][info][gc,heap        ] GC(154) Humongous regions: 0->0
[222.963s][info][gc,metaspace   ] GC(154) Metaspace: 9097K(9344K)->9097K(9344K) NonClass: 7933K(8064K)->7933K(8064K) Class: 1164K(1280K)->1164K(1280K)
[222.963s][info][gc             ] GC(154) Pause Young (Normal) (G1 Evacuation Pause) 4915M->20M(8192M) 9.031ms
[222.963s][info][gc,cpu         ] GC(154) User=0.00s Sys=0.00s Real=0.00s
[223.929s][info][gc,start       ] GC(155) Pause Full (System.gc())
[223.929s][info][gc,task        ] GC(155) Using 6 workers of 6 for full compaction
[223.929s][info][gc,phases,start] GC(155) Phase 1: Mark live objects
[223.931s][info][gc,phases      ] GC(155) Phase 1: Mark live objects 2.100ms
[223.932s][info][gc,phases,start] GC(155) Phase 2: Prepare compaction
[223.933s][info][gc,phases      ] GC(155) Phase 2: Prepare compaction 1.749ms
[223.933s][info][gc,phases,start] GC(155) Phase 3: Adjust pointers
[223.936s][info][gc,phases      ] GC(155) Phase 3: Adjust pointers 2.292ms
[223.936s][info][gc,phases,start] GC(155) Phase 4: Compact heap
[223.937s][info][gc,phases      ] GC(155) Phase 4: Compact heap 1.549ms
[223.937s][info][gc,phases,start] GC(155) Phase 5: Reset Metadata
[223.939s][info][gc,phases      ] GC(155) Phase 5: Reset Metadata 1.575ms
[223.955s][info][gc,heap        ] GC(155) Eden regions: 446->0(1228)
[223.955s][info][gc,heap        ] GC(155) Survivor regions: 5->0(154)
[223.955s][info][gc,heap        ] GC(155) Old regions: 6->6
[223.955s][info][gc,heap        ] GC(155) Humongous regions: 0->0
[223.955s][info][gc,metaspace   ] GC(155) Metaspace: 9097K(9344K)->9097K(9344K) NonClass: 7933K(8064K)->7933K(8064K) Class: 1164K(1280K)->1164K(1280K)
[223.955s][info][gc             ] GC(155) Pause Full (System.gc()) 1802M->3M(8192M) 26.244ms
[223.955s][info][gc,cpu         ] GC(155) User=0.02s Sys=0.00s Real=0.02s
[225.869s][info][gc,start       ] GC(156) Pause Young (Normal) (G1 Evacuation Pause)
[225.869s][info][gc,task        ] GC(156) Using 6 workers of 6 for evacuation
[225.878s][info][gc,phases      ] GC(156)   Pre Evacuate Collection Set: 0.5ms
[225.878s][info][gc,phases      ] GC(156)   Merge Heap Roots: 0.3ms
[225.878s][info][gc,phases      ] GC(156)   Evacuate Collection Set: 6.4ms
[225.878s][info][gc,phases      ] GC(156)   Post Evacuate Collection Set: 1.8ms
[225.878s][info][gc,phases      ] GC(156)   Other: 0.2ms
[225.878s][info][gc,heap        ] GC(156) Eden regions: 1228->0(1223)
[225.878s][info][gc,heap        ] GC(156) Survivor regions: 0->5(154)
[225.878s][info][gc,heap        ] GC(156) Old regions: 6->6
[225.878s][info][gc,heap        ] GC(156) Humongous regions: 0->0
[225.878s][info][gc,metaspace   ] GC(156) Metaspace: 9099K(9344K)->9099K(9344K) NonClass: 7934K(8064K)->7934K(8064K) Class: 1164K(1280K)->1164K(1280K)
[225.878s][info][gc             ] GC(156) Pause Young (Normal) (G1 Evacuation Pause) 4915M->21M(8192M) 9.289ms
[225.878s][info][gc,cpu         ] GC(156) User=0.02s Sys=0.00s Real=0.02s
[226.842s][info][gc,start       ] GC(157) Pause Full (System.gc())
[226.842s][info][gc,task        ] GC(157) Using 6 workers of 6 for full compaction
[226.843s][info][gc,phases,start] GC(157) Phase 1: Mark live objects
[226.845s][info][gc,phases      ] GC(157) Phase 1: Mark live objects 2.041ms
[226.845s][info][gc,phases,start] GC(157) Phase 2: Prepare compaction
[226.847s][info][gc,phases      ] GC(157) Phase 2: Prepare compaction 1.751ms
[226.847s][info][gc,phases,start] GC(157) Phase 3: Adjust pointers
[226.849s][info][gc,phases      ] GC(157) Phase 3: Adjust pointers 2.285ms
[226.849s][info][gc,phases,start] GC(157) Phase 4: Compact heap
[226.851s][info][gc,phases      ] GC(157) Phase 4: Compact heap 1.591ms
[226.851s][info][gc,phases,start] GC(157) Phase 5: Reset Metadata
[226.852s][info][gc,phases      ] GC(157) Phase 5: Reset Metadata 1.612ms
[226.868s][info][gc,heap        ] GC(157) Eden regions: 446->0(1228)
[226.868s][info][gc,heap        ] GC(157) Survivor regions: 5->0(154)
[226.868s][info][gc,heap        ] GC(157) Old regions: 6->6
[226.868s][info][gc,heap        ] GC(157) Humongous regions: 0->0
[226.868s][info][gc,metaspace   ] GC(157) Metaspace: 9099K(9344K)->9099K(9344K) NonClass: 7934K(8064K)->7934K(8064K) Class: 1164K(1280K)->1164K(1280K)
[226.868s][info][gc             ] GC(157) Pause Full (System.gc()) 1803M->3M(8192M) 26.093ms
[226.868s][info][gc,cpu         ] GC(157) User=0.03s Sys=0.00s Real=0.03s
[228.787s][info][gc,start       ] GC(158) Pause Young (Normal) (G1 Evacuation Pause)
[228.787s][info][gc,task        ] GC(158) Using 6 workers of 6 for evacuation
[228.796s][info][gc,phases      ] GC(158)   Pre Evacuate Collection Set: 0.4ms
[228.796s][info][gc,phases      ] GC(158)   Merge Heap Roots: 0.3ms
[228.796s][info][gc,phases      ] GC(158)   Evacuate Collection Set: 6.5ms
[228.796s][info][gc,phases      ] GC(158)   Post Evacuate Collection Set: 1.7ms
[228.796s][info][gc,phases      ] GC(158)   Other: 0.2ms
[228.796s][info][gc,heap        ] GC(158) Eden regions: 1228->0(1223)
[228.796s][info][gc,heap        ] GC(158) Survivor regions: 0->5(154)
[228.796s][info][gc,heap        ] GC(158) Old regions: 6->6
[228.796s][info][gc,heap        ] GC(158) Humongous regions: 0->0
[228.796s][info][gc,metaspace   ] GC(158) Metaspace: 9102K(9344K)->9102K(9344K) NonClass: 7938K(8064K)->7938K(8064K) Class: 1164K(1280K)->1164K(1280K)
[228.796s][info][gc             ] GC(158) Pause Young (Normal) (G1 Evacuation Pause) 4915M->20M(8192M) 9.252ms
[228.796s][info][gc,cpu         ] GC(158) User=0.02s Sys=0.00s Real=0.01s
[229.761s][info][gc,start       ] GC(159) Pause Full (System.gc())
[229.761s][info][gc,task        ] GC(159) Using 6 workers of 6 for full compaction
[229.761s][info][gc,phases,start] GC(159) Phase 1: Mark live objects
[229.764s][info][gc,phases      ] GC(159) Phase 1: Mark live objects 2.080ms
[229.764s][info][gc,phases,start] GC(159) Phase 2: Prepare compaction
[229.765s][info][gc,phases      ] GC(159) Phase 2: Prepare compaction 1.741ms
[229.765s][info][gc,phases,start] GC(159) Phase 3: Adjust pointers
[229.768s][info][gc,phases      ] GC(159) Phase 3: Adjust pointers 2.392ms
[229.768s][info][gc,phases,start] GC(159) Phase 4: Compact heap
[229.770s][info][gc,phases      ] GC(159) Phase 4: Compact heap 1.788ms
[229.770s][info][gc,phases,start] GC(159) Phase 5: Reset Metadata
[229.771s][info][gc,phases      ] GC(159) Phase 5: Reset Metadata 1.497ms
[229.788s][info][gc,heap        ] GC(159) Eden regions: 446->0(1228)
[229.788s][info][gc,heap        ] GC(159) Survivor regions: 5->0(154)
[229.788s][info][gc,heap        ] GC(159) Old regions: 6->6
[229.788s][info][gc,heap        ] GC(159) Humongous regions: 0->0
[229.788s][info][gc,metaspace   ] GC(159) Metaspace: 9103K(9344K)->9103K(9344K) NonClass: 7939K(8064K)->7939K(8064K) Class: 1164K(1280K)->1164K(1280K)
[229.788s][info][gc             ] GC(159) Pause Full (System.gc()) 1802M->3M(8192M) 26.889ms
[229.788s][info][gc,cpu         ] GC(159) User=0.05s Sys=0.00s Real=0.03s
[231.707s][info][gc,start       ] GC(160) Pause Young (Normal) (G1 Evacuation Pause)
[231.707s][info][gc,task        ] GC(160) Using 6 workers of 6 for evacuation
[231.716s][info][gc,phases      ] GC(160)   Pre Evacuate Collection Set: 0.4ms
[231.716s][info][gc,phases      ] GC(160)   Merge Heap Roots: 0.3ms
[231.716s][info][gc,phases      ] GC(160)   Evacuate Collection Set: 6.4ms
[231.716s][info][gc,phases      ] GC(160)   Post Evacuate Collection Set: 1.7ms
[231.716s][info][gc,phases      ] GC(160)   Other: 0.1ms
[231.716s][info][gc,heap        ] GC(160) Eden regions: 1228->0(1223)
[231.716s][info][gc,heap        ] GC(160) Survivor regions: 0->5(154)
[231.716s][info][gc,heap        ] GC(160) Old regions: 6->6
[231.716s][info][gc,heap        ] GC(160) Humongous regions: 0->0
[231.716s][info][gc,metaspace   ] GC(160) Metaspace: 9103K(9344K)->9103K(9344K) NonClass: 7939K(8064K)->7939K(8064K) Class: 1164K(1280K)->1164K(1280K)
[231.716s][info][gc             ] GC(160) Pause Young (Normal) (G1 Evacuation Pause) 4915M->20M(8192M) 9.097ms
[231.716s][info][gc,cpu         ] GC(160) User=0.02s Sys=0.00s Real=0.02s
[232.681s][info][gc,start       ] GC(161) Pause Full (System.gc())
[232.681s][info][gc,task        ] GC(161) Using 6 workers of 6 for full compaction
[232.681s][info][gc,phases,start] GC(161) Phase 1: Mark live objects
[232.683s][info][gc,phases      ] GC(161) Phase 1: Mark live objects 2.045ms
[232.683s][info][gc,phases,start] GC(161) Phase 2: Prepare compaction
[232.685s][info][gc,phases      ] GC(161) Phase 2: Prepare compaction 1.833ms
[232.685s][info][gc,phases,start] GC(161) Phase 3: Adjust pointers
[232.687s][info][gc,phases      ] GC(161) Phase 3: Adjust pointers 2.129ms
[232.687s][info][gc,phases,start] GC(161) Phase 4: Compact heap
[232.689s][info][gc,phases      ] GC(161) Phase 4: Compact heap 1.557ms
[232.689s][info][gc,phases,start] GC(161) Phase 5: Reset Metadata
[232.691s][info][gc,phases      ] GC(161) Phase 5: Reset Metadata 2.205ms
[232.706s][info][gc,heap        ] GC(161) Eden regions: 446->0(1228)
[232.706s][info][gc,heap        ] GC(161) Survivor regions: 5->0(154)
[232.706s][info][gc,heap        ] GC(161) Old regions: 6->6
[232.706s][info][gc,heap        ] GC(161) Humongous regions: 0->0
[232.706s][info][gc,metaspace   ] GC(161) Metaspace: 9103K(9344K)->9103K(9344K) NonClass: 7939K(8064K)->7939K(8064K) Class: 1164K(1280K)->1164K(1280K)
[232.706s][info][gc             ] GC(161) Pause Full (System.gc()) 1802M->3M(8192M) 25.652ms
[232.706s][info][gc,cpu         ] GC(161) User=0.05s Sys=0.00s Real=0.03s
[234.627s][info][gc,start       ] GC(162) Pause Young (Normal) (G1 Evacuation Pause)
[234.627s][info][gc,task        ] GC(162) Using 6 workers of 6 for evacuation
[234.636s][info][gc,phases      ] GC(162)   Pre Evacuate Collection Set: 0.4ms
[234.636s][info][gc,phases      ] GC(162)   Merge Heap Roots: 0.2ms
[234.636s][info][gc,phases      ] GC(162)   Evacuate Collection Set: 6.6ms
[234.636s][info][gc,phases      ] GC(162)   Post Evacuate Collection Set: 1.6ms
[234.636s][info][gc,phases      ] GC(162)   Other: 0.2ms
[234.636s][info][gc,heap        ] GC(162) Eden regions: 1228->0(1223)
[234.636s][info][gc,heap        ] GC(162) Survivor regions: 0->5(154)
[234.636s][info][gc,heap        ] GC(162) Old regions: 6->6
[234.636s][info][gc,heap        ] GC(162) Humongous regions: 0->0
[234.636s][info][gc,metaspace   ] GC(162) Metaspace: 9103K(9344K)->9103K(9344K) NonClass: 7939K(8064K)->7939K(8064K) Class: 1164K(1280K)->1164K(1280K)
[234.637s][info][gc             ] GC(162) Pause Young (Normal) (G1 Evacuation Pause) 4915M->21M(8192M) 9.219ms
[234.637s][info][gc,cpu         ] GC(162) User=0.02s Sys=0.00s Real=0.02s
[235.603s][info][gc,start       ] GC(163) Pause Full (System.gc())
[235.603s][info][gc,task        ] GC(163) Using 6 workers of 6 for full compaction
[235.603s][info][gc,phases,start] GC(163) Phase 1: Mark live objects
[235.605s][info][gc,phases      ] GC(163) Phase 1: Mark live objects 2.102ms
[235.605s][info][gc,phases,start] GC(163) Phase 2: Prepare compaction
[235.607s][info][gc,phases      ] GC(163) Phase 2: Prepare compaction 2.015ms
[235.607s][info][gc,phases,start] GC(163) Phase 3: Adjust pointers
[235.609s][info][gc,phases      ] GC(163) Phase 3: Adjust pointers 1.992ms
[235.609s][info][gc,phases,start] GC(163) Phase 4: Compact heap
[235.611s][info][gc,phases      ] GC(163) Phase 4: Compact heap 1.518ms
[235.611s][info][gc,phases,start] GC(163) Phase 5: Reset Metadata
[235.613s][info][gc,phases      ] GC(163) Phase 5: Reset Metadata 1.571ms
[235.629s][info][gc,heap        ] GC(163) Eden regions: 446->0(1228)
[235.629s][info][gc,heap        ] GC(163) Survivor regions: 5->0(154)
[235.629s][info][gc,heap        ] GC(163) Old regions: 6->6
[235.629s][info][gc,heap        ] GC(163) Humongous regions: 0->0
[235.629s][info][gc,metaspace   ] GC(163) Metaspace: 9103K(9344K)->9103K(9344K) NonClass: 7939K(8064K)->7939K(8064K) Class: 1164K(1280K)->1164K(1280K)
[235.629s][info][gc             ] GC(163) Pause Full (System.gc()) 1803M->3M(8192M) 25.870ms
[235.629s][info][gc,cpu         ] GC(163) User=0.03s Sys=0.00s Real=0.03s
[237.546s][info][gc,start       ] GC(164) Pause Young (Normal) (G1 Evacuation Pause)
[237.546s][info][gc,task        ] GC(164) Using 6 workers of 6 for evacuation
[237.555s][info][gc,phases      ] GC(164)   Pre Evacuate Collection Set: 0.3ms
[237.555s][info][gc,phases      ] GC(164)   Merge Heap Roots: 0.3ms
[237.555s][info][gc,phases      ] GC(164)   Evacuate Collection Set: 6.4ms
[237.555s][info][gc,phases      ] GC(164)   Post Evacuate Collection Set: 1.8ms
[237.555s][info][gc,phases      ] GC(164)   Other: 0.1ms
[237.555s][info][gc,heap        ] GC(164) Eden regions: 1228->0(1223)
[237.555s][info][gc,heap        ] GC(164) Survivor regions: 0->5(154)
[237.555s][info][gc,heap        ] GC(164) Old regions: 6->6
[237.555s][info][gc,heap        ] GC(164) Humongous regions: 0->0
[237.555s][info][gc,metaspace   ] GC(164) Metaspace: 9103K(9344K)->9103K(9344K) NonClass: 7939K(8064K)->7939K(8064K) Class: 1164K(1280K)->1164K(1280K)
[237.555s][info][gc             ] GC(164) Pause Young (Normal) (G1 Evacuation Pause) 4915M->20M(8192M) 9.135ms
[237.555s][info][gc,cpu         ] GC(164) User=0.02s Sys=0.00s Real=0.02s
[238.520s][info][gc,start       ] GC(165) Pause Full (System.gc())
[238.520s][info][gc,task        ] GC(165) Using 6 workers of 6 for full compaction
[238.520s][info][gc,phases,start] GC(165) Phase 1: Mark live objects
[238.522s][info][gc,phases      ] GC(165) Phase 1: Mark live objects 2.002ms
[238.522s][info][gc,phases,start] GC(165) Phase 2: Prepare compaction
[238.524s][info][gc,phases      ] GC(165) Phase 2: Prepare compaction 1.867ms
[238.524s][info][gc,phases,start] GC(165) Phase 3: Adjust pointers
[238.526s][info][gc,phases      ] GC(165) Phase 3: Adjust pointers 2.038ms
[238.526s][info][gc,phases,start] GC(165) Phase 4: Compact heap
[238.528s][info][gc,phases      ] GC(165) Phase 4: Compact heap 1.608ms
[238.528s][info][gc,phases,start] GC(165) Phase 5: Reset Metadata
[238.529s][info][gc,phases      ] GC(165) Phase 5: Reset Metadata 1.512ms
[238.545s][info][gc,heap        ] GC(165) Eden regions: 446->0(1228)
[238.546s][info][gc,heap        ] GC(165) Survivor regions: 5->0(154)
[238.546s][info][gc,heap        ] GC(165) Old regions: 6->6
[238.546s][info][gc,heap        ] GC(165) Humongous regions: 0->0
[238.546s][info][gc,metaspace   ] GC(165) Metaspace: 9103K(9344K)->9103K(9344K) NonClass: 7939K(8064K)->7939K(8064K) Class: 1164K(1280K)->1164K(1280K)
[238.546s][info][gc             ] GC(165) Pause Full (System.gc()) 1802M->3M(8192M) 25.840ms
[238.546s][info][gc,cpu         ] GC(165) User=0.06s Sys=0.00s Real=0.03s
[240.463s][info][gc,start       ] GC(166) Pause Young (Normal) (G1 Evacuation Pause)
[240.463s][info][gc,task        ] GC(166) Using 6 workers of 6 for evacuation
[240.473s][info][gc,phases      ] GC(166)   Pre Evacuate Collection Set: 0.5ms
[240.473s][info][gc,phases      ] GC(166)   Merge Heap Roots: 0.3ms
[240.473s][info][gc,phases      ] GC(166)   Evacuate Collection Set: 7.3ms
[240.473s][info][gc,phases      ] GC(166)   Post Evacuate Collection Set: 1.6ms
[240.473s][info][gc,phases      ] GC(166)   Other: 0.2ms
[240.473s][info][gc,heap        ] GC(166) Eden regions: 1228->0(1223)
[240.473s][info][gc,heap        ] GC(166) Survivor regions: 0->5(154)
[240.473s][info][gc,heap        ] GC(166) Old regions: 6->6
[240.473s][info][gc,heap        ] GC(166) Humongous regions: 0->0
[240.473s][info][gc,metaspace   ] GC(166) Metaspace: 9104K(9344K)->9104K(9344K) NonClass: 7940K(8064K)->7940K(8064K) Class: 1164K(1280K)->1164K(1280K)
[240.473s][info][gc             ] GC(166) Pause Young (Normal) (G1 Evacuation Pause) 4915M->21M(8192M) 10.136ms
[240.473s][info][gc,cpu         ] GC(166) User=0.00s Sys=0.00s Real=0.00s
[241.440s][info][gc,start       ] GC(167) Pause Full (System.gc())
[241.440s][info][gc,task        ] GC(167) Using 6 workers of 6 for full compaction
[241.440s][info][gc,phases,start] GC(167) Phase 1: Mark live objects
[241.442s][info][gc,phases      ] GC(167) Phase 1: Mark live objects 1.813ms
[241.442s][info][gc,phases,start] GC(167) Phase 2: Prepare compaction
[241.444s][info][gc,phases      ] GC(167) Phase 2: Prepare compaction 1.478ms
[241.444s][info][gc,phases,start] GC(167) Phase 3: Adjust pointers
[241.446s][info][gc,phases      ] GC(167) Phase 3: Adjust pointers 1.945ms
[241.446s][info][gc,phases,start] GC(167) Phase 4: Compact heap
[241.447s][info][gc,phases      ] GC(167) Phase 4: Compact heap 1.386ms
[241.447s][info][gc,phases,start] GC(167) Phase 5: Reset Metadata
[241.449s][info][gc,phases      ] GC(167) Phase 5: Reset Metadata 1.865ms
[241.465s][info][gc,heap        ] GC(167) Eden regions: 446->0(1228)
[241.465s][info][gc,heap        ] GC(167) Survivor regions: 5->0(154)
[241.465s][info][gc,heap        ] GC(167) Old regions: 6->6
[241.465s][info][gc,heap        ] GC(167) Humongous regions: 0->0
[241.465s][info][gc,metaspace   ] GC(167) Metaspace: 9104K(9344K)->9104K(9344K) NonClass: 7940K(8064K)->7940K(8064K) Class: 1164K(1280K)->1164K(1280K)
[241.465s][info][gc             ] GC(167) Pause Full (System.gc()) 1803M->3M(8192M) 25.410ms
[241.465s][info][gc,cpu         ] GC(167) User=0.03s Sys=0.00s Real=0.03s
[243.382s][info][gc,start       ] GC(168) Pause Young (Normal) (G1 Evacuation Pause)
[243.382s][info][gc,task        ] GC(168) Using 6 workers of 6 for evacuation
[243.391s][info][gc,phases      ] GC(168)   Pre Evacuate Collection Set: 0.5ms
[243.391s][info][gc,phases      ] GC(168)   Merge Heap Roots: 0.3ms
[243.391s][info][gc,phases      ] GC(168)   Evacuate Collection Set: 6.7ms
[243.392s][info][gc,phases      ] GC(168)   Post Evacuate Collection Set: 1.6ms
[243.392s][info][gc,phases      ] GC(168)   Other: 0.2ms
[243.392s][info][gc,heap        ] GC(168) Eden regions: 1228->0(1223)
[243.392s][info][gc,heap        ] GC(168) Survivor regions: 0->5(154)
[243.392s][info][gc,heap        ] GC(168) Old regions: 6->6
[243.392s][info][gc,heap        ] GC(168) Humongous regions: 0->0
[243.392s][info][gc,metaspace   ] GC(168) Metaspace: 9104K(9344K)->9104K(9344K) NonClass: 7940K(8064K)->7940K(8064K) Class: 1164K(1280K)->1164K(1280K)
[243.392s][info][gc             ] GC(168) Pause Young (Normal) (G1 Evacuation Pause) 4915M->20M(8192M) 9.536ms
[243.392s][info][gc,cpu         ] GC(168) User=0.00s Sys=0.00s Real=0.00s
[244.360s][info][gc,start       ] GC(169) Pause Full (System.gc())
[244.360s][info][gc,task        ] GC(169) Using 6 workers of 6 for full compaction
[244.361s][info][gc,phases,start] GC(169) Phase 1: Mark live objects
[244.363s][info][gc,phases      ] GC(169) Phase 1: Mark live objects 2.001ms
[244.363s][info][gc,phases,start] GC(169) Phase 2: Prepare compaction
[244.364s][info][gc,phases      ] GC(169) Phase 2: Prepare compaction 1.534ms
[244.364s][info][gc,phases,start] GC(169) Phase 3: Adjust pointers
[244.366s][info][gc,phases      ] GC(169) Phase 3: Adjust pointers 2.144ms
[244.366s][info][gc,phases,start] GC(169) Phase 4: Compact heap
[244.368s][info][gc,phases      ] GC(169) Phase 4: Compact heap 1.608ms
[244.368s][info][gc,phases,start] GC(169) Phase 5: Reset Metadata
[244.370s][info][gc,phases      ] GC(169) Phase 5: Reset Metadata 1.894ms
[244.386s][info][gc,heap        ] GC(169) Eden regions: 446->0(1228)
[244.386s][info][gc,heap        ] GC(169) Survivor regions: 5->0(154)
[244.386s][info][gc,heap        ] GC(169) Old regions: 6->6
[244.386s][info][gc,heap        ] GC(169) Humongous regions: 0->0
[244.386s][info][gc,metaspace   ] GC(169) Metaspace: 9104K(9344K)->9104K(9344K) NonClass: 7940K(8064K)->7940K(8064K) Class: 1164K(1280K)->1164K(1280K)
[244.386s][info][gc             ] GC(169) Pause Full (System.gc()) 1802M->3M(8192M) 25.916ms
[244.386s][info][gc,cpu         ] GC(169) User=0.02s Sys=0.00s Real=0.03s
[246.302s][info][gc,start       ] GC(170) Pause Young (Normal) (G1 Evacuation Pause)
[246.302s][info][gc,task        ] GC(170) Using 6 workers of 6 for evacuation
[246.311s][info][gc,phases      ] GC(170)   Pre Evacuate Collection Set: 0.3ms
[246.311s][info][gc,phases      ] GC(170)   Merge Heap Roots: 0.2ms
[246.311s][info][gc,phases      ] GC(170)   Evacuate Collection Set: 6.3ms
[246.311s][info][gc,phases      ] GC(170)   Post Evacuate Collection Set: 1.7ms
[246.311s][info][gc,phases      ] GC(170)   Other: 0.1ms
[246.311s][info][gc,heap        ] GC(170) Eden regions: 1228->0(1223)
[246.311s][info][gc,heap        ] GC(170) Survivor regions: 0->5(154)
[246.311s][info][gc,heap        ] GC(170) Old regions: 6->6
[246.311s][info][gc,heap        ] GC(170) Humongous regions: 0->0
[246.311s][info][gc,metaspace   ] GC(170) Metaspace: 9104K(9344K)->9104K(9344K) NonClass: 7940K(8064K)->7940K(8064K) Class: 1164K(1280K)->1164K(1280K)
[246.311s][info][gc             ] GC(170) Pause Young (Normal) (G1 Evacuation Pause) 4915M->20M(8192M) 8.853ms
[246.311s][info][gc,cpu         ] GC(170) User=0.00s Sys=0.00s Real=0.00s
[247.280s][info][gc,start       ] GC(171) Pause Full (System.gc())
[247.280s][info][gc,task        ] GC(171) Using 6 workers of 6 for full compaction
[247.281s][info][gc,phases,start] GC(171) Phase 1: Mark live objects
[247.283s][info][gc,phases      ] GC(171) Phase 1: Mark live objects 2.113ms
[247.283s][info][gc,phases,start] GC(171) Phase 2: Prepare compaction
[247.284s][info][gc,phases      ] GC(171) Phase 2: Prepare compaction 1.748ms
[247.285s][info][gc,phases,start] GC(171) Phase 3: Adjust pointers
[247.287s][info][gc,phases      ] GC(171) Phase 3: Adjust pointers 2.188ms
[247.287s][info][gc,phases,start] GC(171) Phase 4: Compact heap
[247.288s][info][gc,phases      ] GC(171) Phase 4: Compact heap 1.624ms
[247.288s][info][gc,phases,start] GC(171) Phase 5: Reset Metadata
[247.290s][info][gc,phases      ] GC(171) Phase 5: Reset Metadata 1.500ms
[247.306s][info][gc,heap        ] GC(171) Eden regions: 446->0(1228)
[247.307s][info][gc,heap        ] GC(171) Survivor regions: 5->0(154)
[247.307s][info][gc,heap        ] GC(171) Old regions: 6->6
[247.307s][info][gc,heap        ] GC(171) Humongous regions: 0->0
[247.307s][info][gc,metaspace   ] GC(171) Metaspace: 9104K(9344K)->9104K(9344K) NonClass: 7940K(8064K)->7940K(8064K) Class: 1164K(1280K)->1164K(1280K)
[247.307s][info][gc             ] GC(171) Pause Full (System.gc()) 1804M->3M(8192M) 26.567ms
[247.307s][info][gc,cpu         ] GC(171) User=0.05s Sys=0.00s Real=0.03s
[249.224s][info][gc,start       ] GC(172) Pause Young (Normal) (G1 Evacuation Pause)
[249.224s][info][gc,task        ] GC(172) Using 6 workers of 6 for evacuation
[249.234s][info][gc,phases      ] GC(172)   Pre Evacuate Collection Set: 0.5ms
[249.234s][info][gc,phases      ] GC(172)   Merge Heap Roots: 0.3ms
[249.234s][info][gc,phases      ] GC(172)   Evacuate Collection Set: 6.6ms
[249.234s][info][gc,phases      ] GC(172)   Post Evacuate Collection Set: 1.6ms
[249.234s][info][gc,phases      ] GC(172)   Other: 0.2ms
[249.234s][info][gc,heap        ] GC(172) Eden regions: 1228->0(1223)
[249.234s][info][gc,heap        ] GC(172) Survivor regions: 0->5(154)
[249.234s][info][gc,heap        ] GC(172) Old regions: 6->6
[249.234s][info][gc,heap        ] GC(172) Humongous regions: 0->0
[249.234s][info][gc,metaspace   ] GC(172) Metaspace: 9104K(9344K)->9104K(9344K) NonClass: 7940K(8064K)->7940K(8064K) Class: 1164K(1280K)->1164K(1280K)
[249.234s][info][gc             ] GC(172) Pause Young (Normal) (G1 Evacuation Pause) 4915M->20M(8192M) 9.413ms
[249.234s][info][gc,cpu         ] GC(172) User=0.00s Sys=0.00s Real=0.00s
[250.198s][info][gc,start       ] GC(173) Pause Full (System.gc())
[250.198s][info][gc,task        ] GC(173) Using 6 workers of 6 for full compaction
[250.198s][info][gc,phases,start] GC(173) Phase 1: Mark live objects
[250.200s][info][gc,phases      ] GC(173) Phase 1: Mark live objects 2.066ms
[250.200s][info][gc,phases,start] GC(173) Phase 2: Prepare compaction
[250.202s][info][gc,phases      ] GC(173) Phase 2: Prepare compaction 1.944ms
[250.202s][info][gc,phases,start] GC(173) Phase 3: Adjust pointers
[250.204s][info][gc,phases      ] GC(173) Phase 3: Adjust pointers 2.135ms
[250.204s][info][gc,phases,start] GC(173) Phase 4: Compact heap
[250.206s][info][gc,phases      ] GC(173) Phase 4: Compact heap 1.317ms
[250.206s][info][gc,phases,start] GC(173) Phase 5: Reset Metadata
[250.208s][info][gc,phases      ] GC(173) Phase 5: Reset Metadata 1.842ms
[250.224s][info][gc,heap        ] GC(173) Eden regions: 446->0(1228)
[250.224s][info][gc,heap        ] GC(173) Survivor regions: 5->0(154)
[250.224s][info][gc,heap        ] GC(173) Old regions: 6->6
[250.224s][info][gc,heap        ] GC(173) Humongous regions: 0->0
[250.224s][info][gc,metaspace   ] GC(173) Metaspace: 9109K(9344K)->9109K(9344K) NonClass: 7945K(8064K)->7945K(8064K) Class: 1164K(1280K)->1164K(1280K)
[250.224s][info][gc             ] GC(173) Pause Full (System.gc()) 1802M->3M(8192M) 26.245ms
[250.224s][info][gc,cpu         ] GC(173) User=0.02s Sys=0.00s Real=0.03s
[252.142s][info][gc,start       ] GC(174) Pause Young (Normal) (G1 Evacuation Pause)
[252.143s][info][gc,task        ] GC(174) Using 6 workers of 6 for evacuation
[252.151s][info][gc,phases      ] GC(174)   Pre Evacuate Collection Set: 0.3ms
[252.151s][info][gc,phases      ] GC(174)   Merge Heap Roots: 0.2ms
[252.151s][info][gc,phases      ] GC(174)   Evacuate Collection Set: 6.4ms
[252.151s][info][gc,phases      ] GC(174)   Post Evacuate Collection Set: 1.7ms
[252.151s][info][gc,phases      ] GC(174)   Other: 0.1ms
[252.151s][info][gc,heap        ] GC(174) Eden regions: 1228->0(1223)
[252.151s][info][gc,heap        ] GC(174) Survivor regions: 0->5(154)
[252.151s][info][gc,heap        ] GC(174) Old regions: 6->6
[252.151s][info][gc,heap        ] GC(174) Humongous regions: 0->0
[252.151s][info][gc,metaspace   ] GC(174) Metaspace: 9110K(9344K)->9110K(9344K) NonClass: 7946K(8064K)->7946K(8064K) Class: 1164K(1280K)->1164K(1280K)
[252.151s][info][gc             ] GC(174) Pause Young (Normal) (G1 Evacuation Pause) 4915M->20M(8192M) 8.960ms
[252.151s][info][gc,cpu         ] GC(174) User=0.00s Sys=0.00s Real=0.00s
[253.115s][info][gc,start       ] GC(175) Pause Full (System.gc())
[253.115s][info][gc,task        ] GC(175) Using 6 workers of 6 for full compaction
[253.116s][info][gc,phases,start] GC(175) Phase 1: Mark live objects
[253.118s][info][gc,phases      ] GC(175) Phase 1: Mark live objects 1.840ms
[253.118s][info][gc,phases,start] GC(175) Phase 2: Prepare compaction
[253.119s][info][gc,phases      ] GC(175) Phase 2: Prepare compaction 1.594ms
[253.119s][info][gc,phases,start] GC(175) Phase 3: Adjust pointers
[253.122s][info][gc,phases      ] GC(175) Phase 3: Adjust pointers 2.370ms
[253.122s][info][gc,phases,start] GC(175) Phase 4: Compact heap
[253.123s][info][gc,phases      ] GC(175) Phase 4: Compact heap 1.609ms
[253.123s][info][gc,phases,start] GC(175) Phase 5: Reset Metadata
[253.125s][info][gc,phases      ] GC(175) Phase 5: Reset Metadata 1.851ms
[253.142s][info][gc,heap        ] GC(175) Eden regions: 446->0(1228)
[253.142s][info][gc,heap        ] GC(175) Survivor regions: 5->0(154)
[253.142s][info][gc,heap        ] GC(175) Old regions: 6->6
[253.142s][info][gc,heap        ] GC(175) Humongous regions: 0->0
[253.142s][info][gc,metaspace   ] GC(175) Metaspace: 9110K(9344K)->9110K(9344K) NonClass: 7946K(8064K)->7946K(8064K) Class: 1164K(1280K)->1164K(1280K)
[253.142s][info][gc             ] GC(175) Pause Full (System.gc()) 1802M->3M(8192M) 26.336ms
[253.142s][info][gc,cpu         ] GC(175) User=0.05s Sys=0.00s Real=0.01s
[255.056s][info][gc,start       ] GC(176) Pause Young (Normal) (G1 Evacuation Pause)
[255.056s][info][gc,task        ] GC(176) Using 6 workers of 6 for evacuation
[255.065s][info][gc,phases      ] GC(176)   Pre Evacuate Collection Set: 0.4ms
[255.065s][info][gc,phases      ] GC(176)   Merge Heap Roots: 0.2ms
[255.065s][info][gc,phases      ] GC(176)   Evacuate Collection Set: 6.5ms
[255.065s][info][gc,phases      ] GC(176)   Post Evacuate Collection Set: 1.7ms
[255.065s][info][gc,phases      ] GC(176)   Other: 0.2ms
[255.065s][info][gc,heap        ] GC(176) Eden regions: 1228->0(1223)
[255.065s][info][gc,heap        ] GC(176) Survivor regions: 0->5(154)
[255.065s][info][gc,heap        ] GC(176) Old regions: 6->6
[255.065s][info][gc,heap        ] GC(176) Humongous regions: 0->0
[255.065s][info][gc,metaspace   ] GC(176) Metaspace: 9110K(9344K)->9110K(9344K) NonClass: 7946K(8064K)->7946K(8064K) Class: 1164K(1280K)->1164K(1280K)
[255.065s][info][gc             ] GC(176) Pause Young (Normal) (G1 Evacuation Pause) 4915M->21M(8192M) 9.263ms
[255.065s][info][gc,cpu         ] GC(176) User=0.03s Sys=0.00s Real=0.01s
[256.030s][info][gc,start       ] GC(177) Pause Full (System.gc())
[256.030s][info][gc,task        ] GC(177) Using 6 workers of 6 for full compaction
[256.031s][info][gc,phases,start] GC(177) Phase 1: Mark live objects
[256.033s][info][gc,phases      ] GC(177) Phase 1: Mark live objects 1.978ms
[256.033s][info][gc,phases,start] GC(177) Phase 2: Prepare compaction
[256.034s][info][gc,phases      ] GC(177) Phase 2: Prepare compaction 1.745ms
[256.034s][info][gc,phases,start] GC(177) Phase 3: Adjust pointers
[256.037s][info][gc,phases      ] GC(177) Phase 3: Adjust pointers 2.168ms
[256.037s][info][gc,phases,start] GC(177) Phase 4: Compact heap
[256.038s][info][gc,phases      ] GC(177) Phase 4: Compact heap 1.765ms
[256.038s][info][gc,phases,start] GC(177) Phase 5: Reset Metadata
[256.040s][info][gc,phases      ] GC(177) Phase 5: Reset Metadata 1.928ms
[256.056s][info][gc,heap        ] GC(177) Eden regions: 446->0(1228)
[256.056s][info][gc,heap        ] GC(177) Survivor regions: 5->0(154)
[256.056s][info][gc,heap        ] GC(177) Old regions: 6->6
[256.056s][info][gc,heap        ] GC(177) Humongous regions: 0->0
[256.056s][info][gc,metaspace   ] GC(177) Metaspace: 9110K(9344K)->9110K(9344K) NonClass: 7946K(8064K)->7946K(8064K) Class: 1164K(1280K)->1164K(1280K)
[256.056s][info][gc             ] GC(177) Pause Full (System.gc()) 1803M->3M(8192M) 25.991ms
[256.056s][info][gc,cpu         ] GC(177) User=0.03s Sys=0.02s Real=0.03s
[257.977s][info][gc,start       ] GC(178) Pause Young (Normal) (G1 Evacuation Pause)
[257.977s][info][gc,task        ] GC(178) Using 6 workers of 6 for evacuation
[257.985s][info][gc,phases      ] GC(178)   Pre Evacuate Collection Set: 0.3ms
[257.985s][info][gc,phases      ] GC(178)   Merge Heap Roots: 0.2ms
[257.985s][info][gc,phases      ] GC(178)   Evacuate Collection Set: 6.3ms
[257.985s][info][gc,phases      ] GC(178)   Post Evacuate Collection Set: 1.8ms
[257.985s][info][gc,phases      ] GC(178)   Other: 0.1ms
[257.985s][info][gc,heap        ] GC(178) Eden regions: 1228->0(1223)
[257.985s][info][gc,heap        ] GC(178) Survivor regions: 0->5(154)
[257.986s][info][gc,heap        ] GC(178) Old regions: 6->6
[257.986s][info][gc,heap        ] GC(178) Humongous regions: 0->0
[257.986s][info][gc,metaspace   ] GC(178) Metaspace: 9110K(9344K)->9110K(9344K) NonClass: 7946K(8064K)->7946K(8064K) Class: 1164K(1280K)->1164K(1280K)
[257.986s][info][gc             ] GC(178) Pause Young (Normal) (G1 Evacuation Pause) 4915M->20M(8192M) 8.881ms
[257.986s][info][gc,cpu         ] GC(178) User=0.00s Sys=0.00s Real=0.00s
[258.953s][info][gc,start       ] GC(179) Pause Full (System.gc())
[258.953s][info][gc,task        ] GC(179) Using 6 workers of 6 for full compaction
[258.953s][info][gc,phases,start] GC(179) Phase 1: Mark live objects
[258.955s][info][gc,phases      ] GC(179) Phase 1: Mark live objects 2.052ms
[258.955s][info][gc,phases,start] GC(179) Phase 2: Prepare compaction
[258.957s][info][gc,phases      ] GC(179) Phase 2: Prepare compaction 1.729ms
[258.957s][info][gc,phases,start] GC(179) Phase 3: Adjust pointers
[258.959s][info][gc,phases      ] GC(179) Phase 3: Adjust pointers 2.203ms
[258.959s][info][gc,phases,start] GC(179) Phase 4: Compact heap
[258.961s][info][gc,phases      ] GC(179) Phase 4: Compact heap 1.716ms
[258.961s][info][gc,phases,start] GC(179) Phase 5: Reset Metadata
[258.963s][info][gc,phases      ] GC(179) Phase 5: Reset Metadata 1.565ms
[258.979s][info][gc,heap        ] GC(179) Eden regions: 446->0(1228)
[258.979s][info][gc,heap        ] GC(179) Survivor regions: 5->0(154)
[258.979s][info][gc,heap        ] GC(179) Old regions: 6->6
[258.979s][info][gc,heap        ] GC(179) Humongous regions: 0->0
[258.979s][info][gc,metaspace   ] GC(179) Metaspace: 9110K(9344K)->9110K(9344K) NonClass: 7946K(8064K)->7946K(8064K) Class: 1164K(1280K)->1164K(1280K)
[258.979s][info][gc             ] GC(179) Pause Full (System.gc()) 1802M->3M(8192M) 26.430ms
[258.979s][info][gc,cpu         ] GC(179) User=0.08s Sys=0.00s Real=0.02s
[260.897s][info][gc,start       ] GC(180) Pause Young (Normal) (G1 Evacuation Pause)
[260.897s][info][gc,task        ] GC(180) Using 6 workers of 6 for evacuation
[260.906s][info][gc,phases      ] GC(180)   Pre Evacuate Collection Set: 0.5ms
[260.907s][info][gc,phases      ] GC(180)   Merge Heap Roots: 0.2ms
[260.907s][info][gc,phases      ] GC(180)   Evacuate Collection Set: 6.5ms
[260.907s][info][gc,phases      ] GC(180)   Post Evacuate Collection Set: 1.7ms
[260.907s][info][gc,phases      ] GC(180)   Other: 0.2ms
[260.907s][info][gc,heap        ] GC(180) Eden regions: 1228->0(1223)
[260.907s][info][gc,heap        ] GC(180) Survivor regions: 0->5(154)
[260.907s][info][gc,heap        ] GC(180) Old regions: 6->6
[260.907s][info][gc,heap        ] GC(180) Humongous regions: 0->0
[260.907s][info][gc,metaspace   ] GC(180) Metaspace: 9110K(9344K)->9110K(9344K) NonClass: 7946K(8064K)->7946K(8064K) Class: 1164K(1280K)->1164K(1280K)
[260.907s][info][gc             ] GC(180) Pause Young (Normal) (G1 Evacuation Pause) 4915M->21M(8192M) 9.394ms
[260.907s][info][gc,cpu         ] GC(180) User=0.00s Sys=0.00s Real=0.01s
[261.872s][info][gc,start       ] GC(181) Pause Full (System.gc())
[261.872s][info][gc,task        ] GC(181) Using 6 workers of 6 for full compaction
[261.873s][info][gc,phases,start] GC(181) Phase 1: Mark live objects
[261.875s][info][gc,phases      ] GC(181) Phase 1: Mark live objects 2.015ms
[261.875s][info][gc,phases,start] GC(181) Phase 2: Prepare compaction
[261.877s][info][gc,phases      ] GC(181) Phase 2: Prepare compaction 1.944ms
[261.877s][info][gc,phases,start] GC(181) Phase 3: Adjust pointers
[261.879s][info][gc,phases      ] GC(181) Phase 3: Adjust pointers 2.067ms
[261.879s][info][gc,phases,start] GC(181) Phase 4: Compact heap
[261.881s][info][gc,phases      ] GC(181) Phase 4: Compact heap 1.595ms
[261.881s][info][gc,phases,start] GC(181) Phase 5: Reset Metadata
[261.883s][info][gc,phases      ] GC(181) Phase 5: Reset Metadata 2.126ms
[261.898s][info][gc,heap        ] GC(181) Eden regions: 446->0(1228)
[261.898s][info][gc,heap        ] GC(181) Survivor regions: 5->0(154)
[261.898s][info][gc,heap        ] GC(181) Old regions: 6->6
[261.898s][info][gc,heap        ] GC(181) Humongous regions: 0->0
[261.898s][info][gc,metaspace   ] GC(181) Metaspace: 9110K(9344K)->9110K(9344K) NonClass: 7946K(8064K)->7946K(8064K) Class: 1164K(1280K)->1164K(1280K)
[261.898s][info][gc             ] GC(181) Pause Full (System.gc()) 1803M->3M(8192M) 25.591ms
[261.898s][info][gc,cpu         ] GC(181) User=0.02s Sys=0.00s Real=0.02s
[263.814s][info][gc,start       ] GC(182) Pause Young (Normal) (G1 Evacuation Pause)
[263.814s][info][gc,task        ] GC(182) Using 6 workers of 6 for evacuation
[263.823s][info][gc,phases      ] GC(182)   Pre Evacuate Collection Set: 0.3ms
[263.823s][info][gc,phases      ] GC(182)   Merge Heap Roots: 0.2ms
[263.823s][info][gc,phases      ] GC(182)   Evacuate Collection Set: 6.4ms
[263.823s][info][gc,phases      ] GC(182)   Post Evacuate Collection Set: 1.7ms
[263.823s][info][gc,phases      ] GC(182)   Other: 0.1ms
[263.823s][info][gc,heap        ] GC(182) Eden regions: 1228->0(1224)
[263.823s][info][gc,heap        ] GC(182) Survivor regions: 0->4(154)
[263.823s][info][gc,heap        ] GC(182) Old regions: 6->6
[263.823s][info][gc,heap        ] GC(182) Humongous regions: 0->0
[263.823s][info][gc,metaspace   ] GC(182) Metaspace: 9112K(9344K)->9112K(9344K) NonClass: 7948K(8064K)->7948K(8064K) Class: 1164K(1280K)->1164K(1280K)
[263.823s][info][gc             ] GC(182) Pause Young (Normal) (G1 Evacuation Pause) 4915M->19M(8192M) 8.938ms
[263.823s][info][gc,cpu         ] GC(182) User=0.00s Sys=0.00s Real=0.00s
[264.792s][info][gc,start       ] GC(183) Pause Full (System.gc())
[264.792s][info][gc,task        ] GC(183) Using 6 workers of 6 for full compaction
[264.793s][info][gc,phases,start] GC(183) Phase 1: Mark live objects
[264.795s][info][gc,phases      ] GC(183) Phase 1: Mark live objects 2.329ms
[264.795s][info][gc,phases,start] GC(183) Phase 2: Prepare compaction
[264.797s][info][gc,phases      ] GC(183) Phase 2: Prepare compaction 1.707ms
[264.797s][info][gc,phases,start] GC(183) Phase 3: Adjust pointers
[264.799s][info][gc,phases      ] GC(183) Phase 3: Adjust pointers 2.105ms
[264.799s][info][gc,phases,start] GC(183) Phase 4: Compact heap
[264.801s][info][gc,phases      ] GC(183) Phase 4: Compact heap 1.665ms
[264.801s][info][gc,phases,start] GC(183) Phase 5: Reset Metadata
[264.802s][info][gc,phases      ] GC(183) Phase 5: Reset Metadata 1.575ms
[264.818s][info][gc,heap        ] GC(183) Eden regions: 446->0(1228)
[264.818s][info][gc,heap        ] GC(183) Survivor regions: 4->0(154)
[264.818s][info][gc,heap        ] GC(183) Old regions: 6->6
[264.818s][info][gc,heap        ] GC(183) Humongous regions: 0->0
[264.818s][info][gc,metaspace   ] GC(183) Metaspace: 9112K(9344K)->9112K(9344K) NonClass: 7948K(8064K)->7948K(8064K) Class: 1164K(1280K)->1164K(1280K)
[264.818s][info][gc             ] GC(183) Pause Full (System.gc()) 1801M->3M(8192M) 26.130ms
[264.818s][info][gc,cpu         ] GC(183) User=0.03s Sys=0.00s Real=0.03s
[266.747s][info][gc,start       ] GC(184) Pause Young (Normal) (G1 Evacuation Pause)
[266.747s][info][gc,task        ] GC(184) Using 6 workers of 6 for evacuation
[266.756s][info][gc,phases      ] GC(184)   Pre Evacuate Collection Set: 0.3ms
[266.756s][info][gc,phases      ] GC(184)   Merge Heap Roots: 0.3ms
[266.756s][info][gc,phases      ] GC(184)   Evacuate Collection Set: 6.6ms
[266.756s][info][gc,phases      ] GC(184)   Post Evacuate Collection Set: 1.5ms
[266.756s][info][gc,phases      ] GC(184)   Other: 0.1ms
[266.756s][info][gc,heap        ] GC(184) Eden regions: 1228->0(1223)
[266.756s][info][gc,heap        ] GC(184) Survivor regions: 0->5(154)
[266.756s][info][gc,heap        ] GC(184) Old regions: 6->6
[266.756s][info][gc,heap        ] GC(184) Humongous regions: 0->0
[266.756s][info][gc,metaspace   ] GC(184) Metaspace: 9112K(9344K)->9112K(9344K) NonClass: 7948K(8064K)->7948K(8064K) Class: 1164K(1280K)->1164K(1280K)
[266.756s][info][gc             ] GC(184) Pause Young (Normal) (G1 Evacuation Pause) 4915M->20M(8192M) 9.091ms
[266.756s][info][gc,cpu         ] GC(184) User=0.02s Sys=0.00s Real=0.02s
[267.721s][info][gc,start       ] GC(185) Pause Full (System.gc())
[267.721s][info][gc,task        ] GC(185) Using 6 workers of 6 for full compaction
[267.722s][info][gc,phases,start] GC(185) Phase 1: Mark live objects
[267.724s][info][gc,phases      ] GC(185) Phase 1: Mark live objects 2.209ms
[267.724s][info][gc,phases,start] GC(185) Phase 2: Prepare compaction
[267.726s][info][gc,phases      ] GC(185) Phase 2: Prepare compaction 1.761ms
[267.726s][info][gc,phases,start] GC(185) Phase 3: Adjust pointers
[267.728s][info][gc,phases      ] GC(185) Phase 3: Adjust pointers 2.317ms
[267.728s][info][gc,phases,start] GC(185) Phase 4: Compact heap
[267.730s][info][gc,phases      ] GC(185) Phase 4: Compact heap 1.735ms
[267.730s][info][gc,phases,start] GC(185) Phase 5: Reset Metadata
[267.732s][info][gc,phases      ] GC(185) Phase 5: Reset Metadata 1.669ms
[267.747s][info][gc,heap        ] GC(185) Eden regions: 446->0(1228)
[267.747s][info][gc,heap        ] GC(185) Survivor regions: 5->0(154)
[267.747s][info][gc,heap        ] GC(185) Old regions: 6->6
[267.747s][info][gc,heap        ] GC(185) Humongous regions: 0->0
[267.747s][info][gc,metaspace   ] GC(185) Metaspace: 9112K(9344K)->9112K(9344K) NonClass: 7948K(8064K)->7948K(8064K) Class: 1164K(1280K)->1164K(1280K)
[267.747s][info][gc             ] GC(185) Pause Full (System.gc()) 1802M->3M(8192M) 26.017ms
[267.747s][info][gc,cpu         ] GC(185) User=0.02s Sys=0.00s Real=0.02s
[269.664s][info][gc,start       ] GC(186) Pause Young (Normal) (G1 Evacuation Pause)
[269.664s][info][gc,task        ] GC(186) Using 6 workers of 6 for evacuation
[269.673s][info][gc,phases      ] GC(186)   Pre Evacuate Collection Set: 0.5ms
[269.673s][info][gc,phases      ] GC(186)   Merge Heap Roots: 0.3ms
[269.673s][info][gc,phases      ] GC(186)   Evacuate Collection Set: 6.7ms
[269.673s][info][gc,phases      ] GC(186)   Post Evacuate Collection Set: 1.6ms
[269.673s][info][gc,phases      ] GC(186)   Other: 0.2ms
[269.673s][info][gc,heap        ] GC(186) Eden regions: 1228->0(1223)
[269.673s][info][gc,heap        ] GC(186) Survivor regions: 0->5(154)
[269.673s][info][gc,heap        ] GC(186) Old regions: 6->6
[269.673s][info][gc,heap        ] GC(186) Humongous regions: 0->0
[269.673s][info][gc,metaspace   ] GC(186) Metaspace: 9112K(9344K)->9112K(9344K) NonClass: 7948K(8064K)->7948K(8064K) Class: 1164K(1280K)->1164K(1280K)
[269.673s][info][gc             ] GC(186) Pause Young (Normal) (G1 Evacuation Pause) 4915M->20M(8192M) 9.493ms
[269.673s][info][gc,cpu         ] GC(186) User=0.02s Sys=0.00s Real=0.01s
[270.639s][info][gc,start       ] GC(187) Pause Full (System.gc())
[270.639s][info][gc,task        ] GC(187) Using 6 workers of 6 for full compaction
[270.640s][info][gc,phases,start] GC(187) Phase 1: Mark live objects
[270.642s][info][gc,phases      ] GC(187) Phase 1: Mark live objects 2.288ms
[270.642s][info][gc,phases,start] GC(187) Phase 2: Prepare compaction
[270.644s][info][gc,phases      ] GC(187) Phase 2: Prepare compaction 1.962ms
[270.644s][info][gc,phases,start] GC(187) Phase 3: Adjust pointers
[270.646s][info][gc,phases      ] GC(187) Phase 3: Adjust pointers 2.243ms
[270.646s][info][gc,phases,start] GC(187) Phase 4: Compact heap
[270.648s][info][gc,phases      ] GC(187) Phase 4: Compact heap 1.775ms
[270.648s][info][gc,phases,start] GC(187) Phase 5: Reset Metadata
[270.650s][info][gc,phases      ] GC(187) Phase 5: Reset Metadata 1.511ms
[270.666s][info][gc,heap        ] GC(187) Eden regions: 446->0(1228)
[270.666s][info][gc,heap        ] GC(187) Survivor regions: 5->0(154)
[270.666s][info][gc,heap        ] GC(187) Old regions: 6->6
[270.666s][info][gc,heap        ] GC(187) Humongous regions: 0->0
[270.666s][info][gc,metaspace   ] GC(187) Metaspace: 9112K(9344K)->9112K(9344K) NonClass: 7948K(8064K)->7948K(8064K) Class: 1164K(1280K)->1164K(1280K)
[270.666s][info][gc             ] GC(187) Pause Full (System.gc()) 1802M->3M(8192M) 26.303ms
[270.666s][info][gc,cpu         ] GC(187) User=0.02s Sys=0.00s Real=0.03s
[272.587s][info][gc,start       ] GC(188) Pause Young (Normal) (G1 Evacuation Pause)
[272.587s][info][gc,task        ] GC(188) Using 6 workers of 6 for evacuation
[272.596s][info][gc,phases      ] GC(188)   Pre Evacuate Collection Set: 0.4ms
[272.596s][info][gc,phases      ] GC(188)   Merge Heap Roots: 0.2ms
[272.596s][info][gc,phases      ] GC(188)   Evacuate Collection Set: 6.8ms
[272.596s][info][gc,phases      ] GC(188)   Post Evacuate Collection Set: 1.6ms
[272.596s][info][gc,phases      ] GC(188)   Other: 0.2ms
[272.596s][info][gc,heap        ] GC(188) Eden regions: 1228->0(1223)
[272.596s][info][gc,heap        ] GC(188) Survivor regions: 0->5(154)
[272.596s][info][gc,heap        ] GC(188) Old regions: 6->6
[272.596s][info][gc,heap        ] GC(188) Humongous regions: 0->0
[272.596s][info][gc,metaspace   ] GC(188) Metaspace: 9112K(9344K)->9112K(9344K) NonClass: 7948K(8064K)->7948K(8064K) Class: 1164K(1280K)->1164K(1280K)
[272.596s][info][gc             ] GC(188) Pause Young (Normal) (G1 Evacuation Pause) 4915M->20M(8192M) 9.443ms
[272.596s][info][gc,cpu         ] GC(188) User=0.02s Sys=0.00s Real=0.02s
[273.561s][info][gc,start       ] GC(189) Pause Full (System.gc())
[273.561s][info][gc,task        ] GC(189) Using 6 workers of 6 for full compaction
[273.561s][info][gc,phases,start] GC(189) Phase 1: Mark live objects
[273.563s][info][gc,phases      ] GC(189) Phase 1: Mark live objects 2.204ms
[273.563s][info][gc,phases,start] GC(189) Phase 2: Prepare compaction
[273.565s][info][gc,phases      ] GC(189) Phase 2: Prepare compaction 1.796ms
[273.565s][info][gc,phases,start] GC(189) Phase 3: Adjust pointers
[273.567s][info][gc,phases      ] GC(189) Phase 3: Adjust pointers 2.151ms
[273.567s][info][gc,phases,start] GC(189) Phase 4: Compact heap
[273.569s][info][gc,phases      ] GC(189) Phase 4: Compact heap 1.500ms
[273.569s][info][gc,phases,start] GC(189) Phase 5: Reset Metadata
[273.570s][info][gc,phases      ] GC(189) Phase 5: Reset Metadata 1.655ms
[273.587s][info][gc,heap        ] GC(189) Eden regions: 446->0(1228)
[273.587s][info][gc,heap        ] GC(189) Survivor regions: 5->0(154)
[273.587s][info][gc,heap        ] GC(189) Old regions: 6->6
[273.587s][info][gc,heap        ] GC(189) Humongous regions: 0->0
[273.587s][info][gc,metaspace   ] GC(189) Metaspace: 9112K(9344K)->9112K(9344K) NonClass: 7948K(8064K)->7948K(8064K) Class: 1164K(1280K)->1164K(1280K)
[273.587s][info][gc             ] GC(189) Pause Full (System.gc()) 1802M->3M(8192M) 26.435ms
[273.587s][info][gc,cpu         ] GC(189) User=0.03s Sys=0.00s Real=0.03s
[275.500s][info][gc,start       ] GC(190) Pause Young (Normal) (G1 Evacuation Pause)
[275.500s][info][gc,task        ] GC(190) Using 6 workers of 6 for evacuation
[275.509s][info][gc,phases      ] GC(190)   Pre Evacuate Collection Set: 0.4ms
[275.509s][info][gc,phases      ] GC(190)   Merge Heap Roots: 0.3ms
[275.509s][info][gc,phases      ] GC(190)   Evacuate Collection Set: 6.4ms
[275.509s][info][gc,phases      ] GC(190)   Post Evacuate Collection Set: 1.6ms
[275.509s][info][gc,phases      ] GC(190)   Other: 0.1ms
[275.509s][info][gc,heap        ] GC(190) Eden regions: 1228->0(1223)
[275.509s][info][gc,heap        ] GC(190) Survivor regions: 0->5(154)
[275.509s][info][gc,heap        ] GC(190) Old regions: 6->6
[275.509s][info][gc,heap        ] GC(190) Humongous regions: 0->0
[275.509s][info][gc,metaspace   ] GC(190) Metaspace: 9112K(9344K)->9112K(9344K) NonClass: 7948K(8064K)->7948K(8064K) Class: 1164K(1280K)->1164K(1280K)
[275.509s][info][gc             ] GC(190) Pause Young (Normal) (G1 Evacuation Pause) 4915M->20M(8192M) 9.101ms
[275.509s][info][gc,cpu         ] GC(190) User=0.00s Sys=0.00s Real=0.00s
[276.474s][info][gc,start       ] GC(191) Pause Full (System.gc())
[276.475s][info][gc,task        ] GC(191) Using 6 workers of 6 for full compaction
[276.475s][info][gc,phases,start] GC(191) Phase 1: Mark live objects
[276.477s][info][gc,phases      ] GC(191) Phase 1: Mark live objects 2.211ms
[276.477s][info][gc,phases,start] GC(191) Phase 2: Prepare compaction
[276.479s][info][gc,phases      ] GC(191) Phase 2: Prepare compaction 1.753ms
[276.479s][info][gc,phases,start] GC(191) Phase 3: Adjust pointers
[276.481s][info][gc,phases      ] GC(191) Phase 3: Adjust pointers 1.983ms
[276.481s][info][gc,phases,start] GC(191) Phase 4: Compact heap
[276.482s][info][gc,phases      ] GC(191) Phase 4: Compact heap 1.445ms
[276.482s][info][gc,phases,start] GC(191) Phase 5: Reset Metadata
[276.484s][info][gc,phases      ] GC(191) Phase 5: Reset Metadata 1.853ms
[276.501s][info][gc,heap        ] GC(191) Eden regions: 446->0(1228)
[276.501s][info][gc,heap        ] GC(191) Survivor regions: 5->0(154)
[276.501s][info][gc,heap        ] GC(191) Old regions: 6->6
[276.501s][info][gc,heap        ] GC(191) Humongous regions: 0->0
[276.501s][info][gc,metaspace   ] GC(191) Metaspace: 9112K(9344K)->9112K(9344K) NonClass: 7948K(8064K)->7948K(8064K) Class: 1164K(1280K)->1164K(1280K)
[276.501s][info][gc             ] GC(191) Pause Full (System.gc()) 1802M->3M(8192M) 26.362ms
[276.501s][info][gc,cpu         ] GC(191) User=0.02s Sys=0.00s Real=0.03s
[278.418s][info][gc,start       ] GC(192) Pause Young (Normal) (G1 Evacuation Pause)
[278.418s][info][gc,task        ] GC(192) Using 6 workers of 6 for evacuation
[278.428s][info][gc,phases      ] GC(192)   Pre Evacuate Collection Set: 0.6ms
[278.428s][info][gc,phases      ] GC(192)   Merge Heap Roots: 0.3ms
[278.428s][info][gc,phases      ] GC(192)   Evacuate Collection Set: 6.4ms
[278.428s][info][gc,phases      ] GC(192)   Post Evacuate Collection Set: 1.8ms
[278.428s][info][gc,phases      ] GC(192)   Other: 0.2ms
[278.428s][info][gc,heap        ] GC(192) Eden regions: 1228->0(1223)
[278.428s][info][gc,heap        ] GC(192) Survivor regions: 0->5(154)
[278.428s][info][gc,heap        ] GC(192) Old regions: 6->6
[278.428s][info][gc,heap        ] GC(192) Humongous regions: 0->0
[278.428s][info][gc,metaspace   ] GC(192) Metaspace: 9112K(9344K)->9112K(9344K) NonClass: 7948K(8064K)->7948K(8064K) Class: 1164K(1280K)->1164K(1280K)
[278.428s][info][gc             ] GC(192) Pause Young (Normal) (G1 Evacuation Pause) 4915M->20M(8192M) 9.526ms
[278.428s][info][gc,cpu         ] GC(192) User=0.00s Sys=0.00s Real=0.00s
[279.393s][info][gc,start       ] GC(193) Pause Full (System.gc())
[279.393s][info][gc,task        ] GC(193) Using 6 workers of 6 for full compaction
[279.393s][info][gc,phases,start] GC(193) Phase 1: Mark live objects
[279.395s][info][gc,phases      ] GC(193) Phase 1: Mark live objects 2.141ms
[279.395s][info][gc,phases,start] GC(193) Phase 2: Prepare compaction
[279.397s][info][gc,phases      ] GC(193) Phase 2: Prepare compaction 1.398ms
[279.397s][info][gc,phases,start] GC(193) Phase 3: Adjust pointers
[279.399s][info][gc,phases      ] GC(193) Phase 3: Adjust pointers 1.798ms
[279.399s][info][gc,phases,start] GC(193) Phase 4: Compact heap
[279.400s][info][gc,phases      ] GC(193) Phase 4: Compact heap 1.308ms
[279.400s][info][gc,phases,start] GC(193) Phase 5: Reset Metadata
[279.402s][info][gc,phases      ] GC(193) Phase 5: Reset Metadata 1.830ms
[279.418s][info][gc,heap        ] GC(193) Eden regions: 446->0(1228)
[279.418s][info][gc,heap        ] GC(193) Survivor regions: 5->0(154)
[279.418s][info][gc,heap        ] GC(193) Old regions: 6->6
[279.418s][info][gc,heap        ] GC(193) Humongous regions: 0->0
[279.418s][info][gc,metaspace   ] GC(193) Metaspace: 9112K(9344K)->9112K(9344K) NonClass: 7948K(8064K)->7948K(8064K) Class: 1164K(1280K)->1164K(1280K)
[279.418s][info][gc             ] GC(193) Pause Full (System.gc()) 1802M->3M(8192M) 25.327ms
[279.418s][info][gc,cpu         ] GC(193) User=0.03s Sys=0.00s Real=0.02s
[281.332s][info][gc,start       ] GC(194) Pause Young (Normal) (G1 Evacuation Pause)
[281.332s][info][gc,task        ] GC(194) Using 6 workers of 6 for evacuation
[281.341s][info][gc,phases      ] GC(194)   Pre Evacuate Collection Set: 0.4ms
[281.341s][info][gc,phases      ] GC(194)   Merge Heap Roots: 0.3ms
[281.341s][info][gc,phases      ] GC(194)   Evacuate Collection Set: 6.5ms
[281.341s][info][gc,phases      ] GC(194)   Post Evacuate Collection Set: 1.6ms
[281.341s][info][gc,phases      ] GC(194)   Other: 0.2ms
[281.341s][info][gc,heap        ] GC(194) Eden regions: 1228->0(1223)
[281.341s][info][gc,heap        ] GC(194) Survivor regions: 0->5(154)
[281.341s][info][gc,heap        ] GC(194) Old regions: 6->6
[281.341s][info][gc,heap        ] GC(194) Humongous regions: 0->0
[281.341s][info][gc,metaspace   ] GC(194) Metaspace: 9112K(9344K)->9112K(9344K) NonClass: 7948K(8064K)->7948K(8064K) Class: 1164K(1280K)->1164K(1280K)
[281.341s][info][gc             ] GC(194) Pause Young (Normal) (G1 Evacuation Pause) 4915M->20M(8192M) 9.119ms
[281.341s][info][gc,cpu         ] GC(194) User=0.02s Sys=0.00s Real=0.02s
[282.306s][info][gc,start       ] GC(195) Pause Full (System.gc())
[282.306s][info][gc,task        ] GC(195) Using 6 workers of 6 for full compaction
[282.306s][info][gc,phases,start] GC(195) Phase 1: Mark live objects
[282.308s][info][gc,phases      ] GC(195) Phase 1: Mark live objects 1.998ms
[282.308s][info][gc,phases,start] GC(195) Phase 2: Prepare compaction
[282.310s][info][gc,phases      ] GC(195) Phase 2: Prepare compaction 1.459ms
[282.310s][info][gc,phases,start] GC(195) Phase 3: Adjust pointers
[282.312s][info][gc,phases      ] GC(195) Phase 3: Adjust pointers 2.073ms
[282.312s][info][gc,phases,start] GC(195) Phase 4: Compact heap
[282.313s][info][gc,phases      ] GC(195) Phase 4: Compact heap 1.309ms
[282.313s][info][gc,phases,start] GC(195) Phase 5: Reset Metadata
[282.315s][info][gc,phases      ] GC(195) Phase 5: Reset Metadata 1.574ms
[282.331s][info][gc,heap        ] GC(195) Eden regions: 446->0(1228)
[282.331s][info][gc,heap        ] GC(195) Survivor regions: 5->0(154)
[282.331s][info][gc,heap        ] GC(195) Old regions: 6->6
[282.331s][info][gc,heap        ] GC(195) Humongous regions: 0->0
[282.331s][info][gc,metaspace   ] GC(195) Metaspace: 9115K(9344K)->9115K(9344K) NonClass: 7951K(8064K)->7951K(8064K) Class: 1164K(1280K)->1164K(1280K)
[282.331s][info][gc             ] GC(195) Pause Full (System.gc()) 1802M->3M(8192M) 25.424ms
[282.331s][info][gc,cpu         ] GC(195) User=0.05s Sys=0.00s Real=0.03s
[284.249s][info][gc,start       ] GC(196) Pause Young (Normal) (G1 Evacuation Pause)
[284.249s][info][gc,task        ] GC(196) Using 6 workers of 6 for evacuation
[284.258s][info][gc,phases      ] GC(196)   Pre Evacuate Collection Set: 0.5ms
[284.259s][info][gc,phases      ] GC(196)   Merge Heap Roots: 0.3ms
[284.259s][info][gc,phases      ] GC(196)   Evacuate Collection Set: 6.4ms
[284.259s][info][gc,phases      ] GC(196)   Post Evacuate Collection Set: 1.8ms
[284.259s][info][gc,phases      ] GC(196)   Other: 0.2ms
[284.259s][info][gc,heap        ] GC(196) Eden regions: 1228->0(1223)
[284.259s][info][gc,heap        ] GC(196) Survivor regions: 0->5(154)
[284.259s][info][gc,heap        ] GC(196) Old regions: 6->6
[284.259s][info][gc,heap        ] GC(196) Humongous regions: 0->0
[284.259s][info][gc,metaspace   ] GC(196) Metaspace: 9122K(9344K)->9122K(9344K) NonClass: 7958K(8064K)->7958K(8064K) Class: 1164K(1280K)->1164K(1280K)
[284.259s][info][gc             ] GC(196) Pause Young (Normal) (G1 Evacuation Pause) 4915M->20M(8192M) 9.438ms
[284.259s][info][gc,cpu         ] GC(196) User=0.02s Sys=0.00s Real=0.02s
[285.224s][info][gc,start       ] GC(197) Pause Full (System.gc())
[285.224s][info][gc,task        ] GC(197) Using 6 workers of 6 for full compaction
[285.225s][info][gc,phases,start] GC(197) Phase 1: Mark live objects
[285.227s][info][gc,phases      ] GC(197) Phase 1: Mark live objects 2.088ms
[285.227s][info][gc,phases,start] GC(197) Phase 2: Prepare compaction
[285.228s][info][gc,phases      ] GC(197) Phase 2: Prepare compaction 1.438ms
[285.228s][info][gc,phases,start] GC(197) Phase 3: Adjust pointers
[285.230s][info][gc,phases      ] GC(197) Phase 3: Adjust pointers 1.954ms
[285.230s][info][gc,phases,start] GC(197) Phase 4: Compact heap
[285.232s][info][gc,phases      ] GC(197) Phase 4: Compact heap 1.608ms
[285.232s][info][gc,phases,start] GC(197) Phase 5: Reset Metadata
[285.234s][info][gc,phases      ] GC(197) Phase 5: Reset Metadata 1.917ms
[285.250s][info][gc,heap        ] GC(197) Eden regions: 446->0(1228)
[285.250s][info][gc,heap        ] GC(197) Survivor regions: 5->0(154)
[285.250s][info][gc,heap        ] GC(197) Old regions: 6->6
[285.250s][info][gc,heap        ] GC(197) Humongous regions: 0->0
[285.250s][info][gc,metaspace   ] GC(197) Metaspace: 9122K(9344K)->9122K(9344K) NonClass: 7958K(8064K)->7958K(8064K) Class: 1164K(1280K)->1164K(1280K)
[285.250s][info][gc             ] GC(197) Pause Full (System.gc()) 1804M->3M(8192M) 26.081ms
[285.250s][info][gc,cpu         ] GC(197) User=0.05s Sys=0.00s Real=0.03s
[287.169s][info][gc,start       ] GC(198) Pause Young (Normal) (G1 Evacuation Pause)
[287.169s][info][gc,task        ] GC(198) Using 6 workers of 6 for evacuation
[287.180s][info][gc,phases      ] GC(198)   Pre Evacuate Collection Set: 0.3ms
[287.180s][info][gc,phases      ] GC(198)   Merge Heap Roots: 0.2ms
[287.180s][info][gc,phases      ] GC(198)   Evacuate Collection Set: 7.8ms
[287.180s][info][gc,phases      ] GC(198)   Post Evacuate Collection Set: 2.0ms
[287.180s][info][gc,phases      ] GC(198)   Other: 0.1ms
[287.180s][info][gc,heap        ] GC(198) Eden regions: 1228->0(1223)
[287.180s][info][gc,heap        ] GC(198) Survivor regions: 0->5(154)
[287.180s][info][gc,heap        ] GC(198) Old regions: 6->6
[287.180s][info][gc,heap        ] GC(198) Humongous regions: 0->0
[287.180s][info][gc,metaspace   ] GC(198) Metaspace: 9122K(9344K)->9122K(9344K) NonClass: 7958K(8064K)->7958K(8064K) Class: 1164K(1280K)->1164K(1280K)
[287.180s][info][gc             ] GC(198) Pause Young (Normal) (G1 Evacuation Pause) 4915M->21M(8192M) 10.714ms
[287.180s][info][gc,cpu         ] GC(198) User=0.02s Sys=0.00s Real=0.01s
[288.141s][info][gc,start       ] GC(199) Pause Full (System.gc())
[288.141s][info][gc,task        ] GC(199) Using 6 workers of 6 for full compaction
[288.142s][info][gc,phases,start] GC(199) Phase 1: Mark live objects
[288.144s][info][gc,phases      ] GC(199) Phase 1: Mark live objects 2.240ms
[288.144s][info][gc,phases,start] GC(199) Phase 2: Prepare compaction
[288.146s][info][gc,phases      ] GC(199) Phase 2: Prepare compaction 1.727ms
[288.146s][info][gc,phases,start] GC(199) Phase 3: Adjust pointers
[288.148s][info][gc,phases      ] GC(199) Phase 3: Adjust pointers 2.473ms
[288.148s][info][gc,phases,start] GC(199) Phase 4: Compact heap
[288.150s][info][gc,phases      ] GC(199) Phase 4: Compact heap 1.657ms
[288.150s][info][gc,phases,start] GC(199) Phase 5: Reset Metadata
[288.151s][info][gc,phases      ] GC(199) Phase 5: Reset Metadata 1.498ms
[288.168s][info][gc,heap        ] GC(199) Eden regions: 446->0(1228)
[288.168s][info][gc,heap        ] GC(199) Survivor regions: 5->0(154)
[288.168s][info][gc,heap        ] GC(199) Old regions: 6->6
[288.168s][info][gc,heap        ] GC(199) Humongous regions: 0->0
[288.168s][info][gc,metaspace   ] GC(199) Metaspace: 9126K(9408K)->9126K(9408K) NonClass: 7962K(8128K)->7962K(8128K) Class: 1164K(1280K)->1164K(1280K)
[288.168s][info][gc             ] GC(199) Pause Full (System.gc()) 1803M->3M(8192M) 26.546ms
[288.168s][info][gc,cpu         ] GC(199) User=0.05s Sys=0.00s Real=0.03s
[290.085s][info][gc,start       ] GC(200) Pause Young (Normal) (G1 Evacuation Pause)
[290.085s][info][gc,task        ] GC(200) Using 6 workers of 6 for evacuation
[290.094s][info][gc,phases      ] GC(200)   Pre Evacuate Collection Set: 0.6ms
[290.094s][info][gc,phases      ] GC(200)   Merge Heap Roots: 0.2ms
[290.094s][info][gc,phases      ] GC(200)   Evacuate Collection Set: 6.5ms
[290.094s][info][gc,phases      ] GC(200)   Post Evacuate Collection Set: 1.6ms
[290.094s][info][gc,phases      ] GC(200)   Other: 0.2ms
[290.094s][info][gc,heap        ] GC(200) Eden regions: 1228->0(1223)
[290.094s][info][gc,heap        ] GC(200) Survivor regions: 0->5(154)
[290.094s][info][gc,heap        ] GC(200) Old regions: 6->6
[290.094s][info][gc,heap        ] GC(200) Humongous regions: 0->0
[290.094s][info][gc,metaspace   ] GC(200) Metaspace: 9126K(9408K)->9126K(9408K) NonClass: 7962K(8128K)->7962K(8128K) Class: 1164K(1280K)->1164K(1280K)
[290.094s][info][gc             ] GC(200) Pause Young (Normal) (G1 Evacuation Pause) 4915M->20M(8192M) 9.457ms
[290.094s][info][gc,cpu         ] GC(200) User=0.02s Sys=0.00s Real=0.02s
[291.060s][info][gc,start       ] GC(201) Pause Full (System.gc())
[291.060s][info][gc,task        ] GC(201) Using 6 workers of 6 for full compaction
[291.060s][info][gc,phases,start] GC(201) Phase 1: Mark live objects
[291.063s][info][gc,phases      ] GC(201) Phase 1: Mark live objects 2.320ms
[291.063s][info][gc,phases,start] GC(201) Phase 2: Prepare compaction
[291.065s][info][gc,phases      ] GC(201) Phase 2: Prepare compaction 1.963ms
[291.065s][info][gc,phases,start] GC(201) Phase 3: Adjust pointers
[291.067s][info][gc,phases      ] GC(201) Phase 3: Adjust pointers 2.183ms
[291.067s][info][gc,phases,start] GC(201) Phase 4: Compact heap
[291.069s][info][gc,phases      ] GC(201) Phase 4: Compact heap 1.668ms
[291.069s][info][gc,phases,start] GC(201) Phase 5: Reset Metadata
[291.070s][info][gc,phases      ] GC(201) Phase 5: Reset Metadata 1.515ms
[291.086s][info][gc,heap        ] GC(201) Eden regions: 446->0(1228)
[291.086s][info][gc,heap        ] GC(201) Survivor regions: 5->0(154)
[291.086s][info][gc,heap        ] GC(201) Old regions: 6->6
[291.086s][info][gc,heap        ] GC(201) Humongous regions: 0->0
[291.086s][info][gc,metaspace   ] GC(201) Metaspace: 9126K(9408K)->9126K(9408K) NonClass: 7962K(8128K)->7962K(8128K) Class: 1164K(1280K)->1164K(1280K)
[291.087s][info][gc             ] GC(201) Pause Full (System.gc()) 1802M->3M(8192M) 26.416ms
[291.087s][info][gc,cpu         ] GC(201) User=0.02s Sys=0.00s Real=0.03s
[293.004s][info][gc,start       ] GC(202) Pause Young (Normal) (G1 Evacuation Pause)
[293.004s][info][gc,task        ] GC(202) Using 6 workers of 6 for evacuation
[293.013s][info][gc,phases      ] GC(202)   Pre Evacuate Collection Set: 0.5ms
[293.013s][info][gc,phases      ] GC(202)   Merge Heap Roots: 0.3ms
[293.013s][info][gc,phases      ] GC(202)   Evacuate Collection Set: 6.3ms
[293.013s][info][gc,phases      ] GC(202)   Post Evacuate Collection Set: 1.9ms
[293.013s][info][gc,phases      ] GC(202)   Other: 0.2ms
[293.013s][info][gc,heap        ] GC(202) Eden regions: 1228->0(1223)
[293.013s][info][gc,heap        ] GC(202) Survivor regions: 0->5(154)
[293.013s][info][gc,heap        ] GC(202) Old regions: 6->6
[293.013s][info][gc,heap        ] GC(202) Humongous regions: 0->0
[293.013s][info][gc,metaspace   ] GC(202) Metaspace: 9126K(9408K)->9126K(9408K) NonClass: 7962K(8128K)->7962K(8128K) Class: 1164K(1280K)->1164K(1280K)
[293.013s][info][gc             ] GC(202) Pause Young (Normal) (G1 Evacuation Pause) 4915M->20M(8192M) 9.426ms
[293.013s][info][gc,cpu         ] GC(202) User=0.02s Sys=0.00s Real=0.01s
[293.982s][info][gc,heap,exit   ] Heap
[293.982s][info][gc,heap,exit   ]  garbage-first heap   total 8388608K, used 1852103K [0x0000000600000000, 0x0000000800000000)
[293.982s][info][gc,heap,exit   ]   region size 4096K, 453 young (1855488K), 5 survivors (20480K)
[293.982s][info][gc,heap,exit   ]  Metaspace       used 9186K, committed 9408K, reserved 1114112K
[293.982s][info][gc,heap,exit   ]   class space    used 1173K, committed 1280K, reserved 1048576K
