[0.010s][info][gc,init] CardTable entry size: 512
[0.010s][info][gc     ] Using G1
[0.022s][info][gc,init] Version: 21.0.4+7-adhoc.Administrator.jdk21u (release)
[0.023s][info][gc,init] CPUs: 6 total, 6 available
[0.023s][info][gc,init] Memory: 15591M
[0.023s][info][gc,init] Large Page Support: Disabled
[0.023s][info][gc,init] NUMA Support: Disabled
[0.023s][info][gc,init] Compressed Oops: Enabled (Zero based)
[0.023s][info][gc,init] Heap Region Size: 2M
[0.023s][info][gc,init] Heap Min Capacity: 4G
[0.023s][info][gc,init] Heap Initial Capacity: 4G
[0.023s][info][gc,init] Heap Max Capacity: 4G
[0.023s][info][gc,init] Pre-touch: Disabled
[0.023s][info][gc,init] Parallel Workers: 6
[0.023s][info][gc,init] Concurrent Workers: 2
[0.023s][info][gc,init] Concurrent Refinement Workers: 6
[0.023s][info][gc,init] Periodic GC: Disabled
[0.032s][info][gc,metaspace] CDS archive(s) mapped at: [0x0000029431000000-0x0000029431c90000-0x0000029431c90000), size 13172736, SharedBaseAddress: 0x0000029431000000, ArchiveRelocationMode: 1.
[0.032s][info][gc,metaspace] Compressed class space mapped at: 0x0000029432000000-0x0000029472000000, reserved size: 1073741824
[0.032s][info][gc,metaspace] Narrow klass base: 0x0000029431000000, Narrow klass shift: 0, Narrow klass range: 0x100000000
[0.775s][info][gc,start    ] GC(0) Pause Full (System.gc())
[0.776s][info][gc,task     ] GC(0) Using 6 workers of 6 for full compaction
[0.776s][info][gc,phases,start] GC(0) Phase 1: Mark live objects
[0.779s][info][gc,phases      ] GC(0) Phase 1: Mark live objects 2.599ms
[0.779s][info][gc,phases,start] GC(0) Phase 2: Prepare compaction
[0.779s][info][gc,phases      ] GC(0) Phase 2: Prepare compaction 0.704ms
[0.779s][info][gc,phases,start] GC(0) Phase 3: Adjust pointers
[0.781s][info][gc,phases      ] GC(0) Phase 3: Adjust pointers 1.231ms
[0.781s][info][gc,phases,start] GC(0) Phase 4: Compact heap
[0.782s][info][gc,phases      ] GC(0) Phase 4: Compact heap 1.343ms
[0.782s][info][gc,phases,start] GC(0) Phase 5: Reset Metadata
[0.784s][info][gc,phases      ] GC(0) Phase 5: Reset Metadata 1.474ms
[0.794s][info][gc,heap        ] GC(0) Eden regions: 13->0(102)
[0.794s][info][gc,heap        ] GC(0) Survivor regions: 0->0(0)
[0.794s][info][gc,heap        ] GC(0) Old regions: 0->6
[0.794s][info][gc,heap        ] GC(0) Humongous regions: 0->0
[0.794s][info][gc,metaspace   ] GC(0) Metaspace: 8577K(8832K)->8577K(8832K) NonClass: 7455K(7616K)->7455K(7616K) Class: 1122K(1216K)->1122K(1216K)
[0.794s][info][gc             ] GC(0) Pause Full (System.gc()) 25M->3M(4096M) 19.237ms
[0.794s][info][gc,cpu         ] GC(0) User=0.00s Sys=0.00s Real=0.01s
[1.019s][info][gc,start       ] GC(1) Pause Young (Normal) (G1 Evacuation Pause)
[1.019s][info][gc,task        ] GC(1) Using 6 workers of 6 for evacuation
[1.021s][info][gc,phases      ] GC(1)   Pre Evacuate Collection Set: 0.5ms
[1.021s][info][gc,phases      ] GC(1)   Merge Heap Roots: 0.1ms
[1.021s][info][gc,phases      ] GC(1)   Evacuate Collection Set: 0.8ms
[1.021s][info][gc,phases      ] GC(1)   Post Evacuate Collection Set: 0.3ms
[1.021s][info][gc,phases      ] GC(1)   Other: 0.2ms
[1.021s][info][gc,heap        ] GC(1) Eden regions: 102->0(160)
[1.021s][info][gc,heap        ] GC(1) Survivor regions: 0->1(13)
[1.021s][info][gc,heap        ] GC(1) Old regions: 6->6
[1.021s][info][gc,heap        ] GC(1) Humongous regions: 0->0
[1.021s][info][gc,metaspace   ] GC(1) Metaspace: 8764K(8960K)->8764K(8960K) NonClass: 7626K(7744K)->7626K(7744K) Class: 1138K(1216K)->1138K(1216K)
[1.021s][info][gc             ] GC(1) Pause Young (Normal) (G1 Evacuation Pause) 207M->4M(4096M) 2.268ms
[1.021s][info][gc,cpu         ] GC(1) User=0.00s Sys=0.00s Real=0.00s
[1.174s][info][gc,start       ] GC(2) Pause Young (Normal) (G1 Evacuation Pause)
[1.174s][info][gc,task        ] GC(2) Using 6 workers of 6 for evacuation
[1.177s][info][gc,phases      ] GC(2)   Pre Evacuate Collection Set: 0.3ms
[1.177s][info][gc,phases      ] GC(2)   Merge Heap Roots: 0.1ms
[1.177s][info][gc,phases      ] GC(2)   Evacuate Collection Set: 2.3ms
[1.177s][info][gc,phases      ] GC(2)   Post Evacuate Collection Set: 0.4ms
[1.177s][info][gc,phases      ] GC(2)   Other: 0.1ms
[1.177s][info][gc,heap        ] GC(2) Eden regions: 160->0(1227)
[1.177s][info][gc,heap        ] GC(2) Survivor regions: 1->1(21)
[1.177s][info][gc,heap        ] GC(2) Old regions: 6->6
[1.177s][info][gc,heap        ] GC(2) Humongous regions: 0->0
[1.177s][info][gc,metaspace   ] GC(2) Metaspace: 8764K(8960K)->8764K(8960K) NonClass: 7626K(7744K)->7626K(7744K) Class: 1138K(1216K)->1138K(1216K)
[1.177s][info][gc             ] GC(2) Pause Young (Normal) (G1 Evacuation Pause) 324M->5M(4096M) 3.403ms
[1.177s][info][gc,cpu         ] GC(2) User=0.00s Sys=0.00s Real=0.00s
[2.607s][info][gc,start       ] GC(3) Pause Young (Normal) (G1 Evacuation Pause)
[2.607s][info][gc,task        ] GC(3) Using 6 workers of 6 for evacuation
[2.614s][info][gc,phases      ] GC(3)   Pre Evacuate Collection Set: 0.3ms
[2.614s][info][gc,phases      ] GC(3)   Merge Heap Roots: 0.2ms
[2.614s][info][gc,phases      ] GC(3)   Evacuate Collection Set: 4.8ms
[2.614s][info][gc,phases      ] GC(3)   Post Evacuate Collection Set: 1.2ms
[2.614s][info][gc,phases      ] GC(3)   Other: 0.3ms
[2.614s][info][gc,heap        ] GC(3) Eden regions: 1227->0(1223)
[2.614s][info][gc,heap        ] GC(3) Survivor regions: 1->5(154)
[2.614s][info][gc,heap        ] GC(3) Old regions: 6->6
[2.614s][info][gc,heap        ] GC(3) Humongous regions: 0->0
[2.614s][info][gc,metaspace   ] GC(3) Metaspace: 8764K(8960K)->8764K(8960K) NonClass: 7626K(7744K)->7626K(7744K) Class: 1138K(1216K)->1138K(1216K)
[2.614s][info][gc             ] GC(3) Pause Young (Normal) (G1 Evacuation Pause) 2459M->13M(4096M) 7.111ms
[2.614s][info][gc,cpu         ] GC(3) User=0.00s Sys=0.00s Real=0.01s
[3.575s][info][gc,start       ] GC(4) Pause Young (Normal) (G1 Evacuation Pause)
[3.575s][info][gc,task        ] GC(4) Using 6 workers of 6 for evacuation
[3.584s][info][gc,phases      ] GC(4)   Pre Evacuate Collection Set: 0.5ms
[3.584s][info][gc,phases      ] GC(4)   Merge Heap Roots: 0.2ms
[3.584s][info][gc,phases      ] GC(4)   Evacuate Collection Set: 7.0ms
[3.584s][info][gc,phases      ] GC(4)   Post Evacuate Collection Set: 1.0ms
[3.584s][info][gc,phases      ] GC(4)   Other: 0.2ms
[3.584s][info][gc,heap        ] GC(4) Eden regions: 1223->0(1218)
[3.584s][info][gc,heap        ] GC(4) Survivor regions: 5->10(154)
[3.584s][info][gc,heap        ] GC(4) Old regions: 6->6
[3.584s][info][gc,heap        ] GC(4) Humongous regions: 0->0
[3.584s][info][gc,metaspace   ] GC(4) Metaspace: 8768K(8960K)->8768K(8960K) NonClass: 7629K(7744K)->7629K(7744K) Class: 1138K(1216K)->1138K(1216K)
[3.584s][info][gc             ] GC(4) Pause Young (Normal) (G1 Evacuation Pause) 2459M->22M(4096M) 9.157ms
[3.584s][info][gc,cpu         ] GC(4) User=0.00s Sys=0.00s Real=0.00s
[4.419s][info][gc,start       ] GC(5) Pause Full (System.gc())
[4.419s][info][gc,task        ] GC(5) Using 6 workers of 6 for full compaction
[4.419s][info][gc,phases,start] GC(5) Phase 1: Mark live objects
[4.421s][info][gc,phases      ] GC(5) Phase 1: Mark live objects 2.194ms
[4.421s][info][gc,phases,start] GC(5) Phase 2: Prepare compaction
[4.423s][info][gc,phases      ] GC(5) Phase 2: Prepare compaction 1.847ms
[4.423s][info][gc,phases,start] GC(5) Phase 3: Adjust pointers
[4.425s][info][gc,phases      ] GC(5) Phase 3: Adjust pointers 2.052ms
[4.426s][info][gc,phases,start] GC(5) Phase 4: Compact heap
[4.427s][info][gc,phases      ] GC(5) Phase 4: Compact heap 1.596ms
[4.427s][info][gc,phases,start] GC(5) Phase 5: Reset Metadata
[4.428s][info][gc,phases      ] GC(5) Phase 5: Reset Metadata 0.821ms
[4.437s][info][gc,heap        ] GC(5) Eden regions: 638->0(1228)
[4.437s][info][gc,heap        ] GC(5) Survivor regions: 10->0(154)
[4.437s][info][gc,heap        ] GC(5) Old regions: 6->6
[4.437s][info][gc,heap        ] GC(5) Humongous regions: 5->0
[4.437s][info][gc,metaspace   ] GC(5) Metaspace: 8953K(9216K)->8953K(9216K) NonClass: 7788K(7936K)->7788K(7936K) Class: 1164K(1280K)->1164K(1280K)
[4.437s][info][gc             ] GC(5) Pause Full (System.gc()) 1308M->3M(4096M) 18.104ms
[4.437s][info][gc,cpu         ] GC(5) User=0.02s Sys=0.00s Real=0.02s
[5.402s][info][gc,start       ] GC(6) Pause Young (Normal) (G1 Evacuation Pause)
[5.402s][info][gc,task        ] GC(6) Using 6 workers of 6 for evacuation
[5.408s][info][gc,phases      ] GC(6)   Pre Evacuate Collection Set: 0.5ms
[5.408s][info][gc,phases      ] GC(6)   Merge Heap Roots: 0.3ms
[5.408s][info][gc,phases      ] GC(6)   Evacuate Collection Set: 3.2ms
[5.408s][info][gc,phases      ] GC(6)   Post Evacuate Collection Set: 1.1ms
[5.408s][info][gc,phases      ] GC(6)   Other: 0.2ms
[5.408s][info][gc,heap        ] GC(6) Eden regions: 1228->0(1223)
[5.408s][info][gc,heap        ] GC(6) Survivor regions: 0->5(154)
[5.408s][info][gc,heap        ] GC(6) Old regions: 6->6
[5.408s][info][gc,heap        ] GC(6) Humongous regions: 0->0
[5.408s][info][gc,metaspace   ] GC(6) Metaspace: 8953K(9216K)->8953K(9216K) NonClass: 7788K(7936K)->7788K(7936K) Class: 1164K(1280K)->1164K(1280K)
[5.408s][info][gc             ] GC(6) Pause Young (Normal) (G1 Evacuation Pause) 2459M->13M(4096M) 5.506ms
[5.408s][info][gc,cpu         ] GC(6) User=0.00s Sys=0.00s Real=0.00s
[6.402s][info][gc,start       ] GC(7) Pause Young (Normal) (G1 Evacuation Pause)
[6.402s][info][gc,task        ] GC(7) Using 6 workers of 6 for evacuation
[6.410s][info][gc,phases      ] GC(7)   Pre Evacuate Collection Set: 0.5ms
[6.410s][info][gc,phases      ] GC(7)   Merge Heap Roots: 0.3ms
[6.410s][info][gc,phases      ] GC(7)   Evacuate Collection Set: 6.1ms
[6.410s][info][gc,phases      ] GC(7)   Post Evacuate Collection Set: 1.0ms
[6.410s][info][gc,phases      ] GC(7)   Other: 0.2ms
[6.410s][info][gc,heap        ] GC(7) Eden regions: 1223->0(1219)
[6.410s][info][gc,heap        ] GC(7) Survivor regions: 5->9(154)
[6.410s][info][gc,heap        ] GC(7) Old regions: 6->6
[6.410s][info][gc,heap        ] GC(7) Humongous regions: 0->0
[6.410s][info][gc,metaspace   ] GC(7) Metaspace: 8953K(9216K)->8953K(9216K) NonClass: 7788K(7936K)->7788K(7936K) Class: 1164K(1280K)->1164K(1280K)
[6.410s][info][gc             ] GC(7) Pause Young (Normal) (G1 Evacuation Pause) 2459M->21M(4096M) 8.306ms
[6.410s][info][gc,cpu         ] GC(7) User=0.02s Sys=0.00s Real=0.02s
[7.414s][info][gc,start       ] GC(8) Pause Full (System.gc())
[7.414s][info][gc,task        ] GC(8) Using 6 workers of 6 for full compaction
[7.414s][info][gc,phases,start] GC(8) Phase 1: Mark live objects
[7.417s][info][gc,phases      ] GC(8) Phase 1: Mark live objects 2.536ms
[7.417s][info][gc,phases,start] GC(8) Phase 2: Prepare compaction
[7.419s][info][gc,phases      ] GC(8) Phase 2: Prepare compaction 2.079ms
[7.419s][info][gc,phases,start] GC(8) Phase 3: Adjust pointers
[7.421s][info][gc,phases      ] GC(8) Phase 3: Adjust pointers 2.161ms
[7.421s][info][gc,phases,start] GC(8) Phase 4: Compact heap
[7.422s][info][gc,phases      ] GC(8) Phase 4: Compact heap 1.199ms
[7.422s][info][gc,phases,start] GC(8) Phase 5: Reset Metadata
[7.423s][info][gc,phases      ] GC(8) Phase 5: Reset Metadata 0.794ms
[7.432s][info][gc,heap        ] GC(8) Eden regions: 895->0(1228)
[7.432s][info][gc,heap        ] GC(8) Survivor regions: 9->0(154)
[7.432s][info][gc,heap        ] GC(8) Old regions: 6->6
[7.432s][info][gc,heap        ] GC(8) Humongous regions: 5->0
[7.432s][info][gc,metaspace   ] GC(8) Metaspace: 8953K(9216K)->8953K(9216K) NonClass: 7788K(7936K)->7788K(7936K) Class: 1164K(1280K)->1164K(1280K)
[7.432s][info][gc             ] GC(8) Pause Full (System.gc()) 1821M->3M(4096M) 18.270ms
[7.432s][info][gc,cpu         ] GC(8) User=0.02s Sys=0.00s Real=0.02s
[8.394s][info][gc,start       ] GC(9) Pause Young (Normal) (G1 Evacuation Pause)
[8.394s][info][gc,task        ] GC(9) Using 6 workers of 6 for evacuation
[8.399s][info][gc,phases      ] GC(9)   Pre Evacuate Collection Set: 0.4ms
[8.399s][info][gc,phases      ] GC(9)   Merge Heap Roots: 0.3ms
[8.399s][info][gc,phases      ] GC(9)   Evacuate Collection Set: 3.2ms
[8.399s][info][gc,phases      ] GC(9)   Post Evacuate Collection Set: 1.2ms
[8.400s][info][gc,phases      ] GC(9)   Other: 0.2ms
[8.400s][info][gc,heap        ] GC(9) Eden regions: 1228->0(1223)
[8.400s][info][gc,heap        ] GC(9) Survivor regions: 0->5(154)
[8.400s][info][gc,heap        ] GC(9) Old regions: 6->6
[8.400s][info][gc,heap        ] GC(9) Humongous regions: 0->0
[8.400s][info][gc,metaspace   ] GC(9) Metaspace: 8953K(9216K)->8953K(9216K) NonClass: 7788K(7936K)->7788K(7936K) Class: 1164K(1280K)->1164K(1280K)
[8.400s][info][gc             ] GC(9) Pause Young (Normal) (G1 Evacuation Pause) 2459M->13M(4096M) 5.447ms
[8.400s][info][gc,cpu         ] GC(9) User=0.02s Sys=0.00s Real=0.02s
[9.390s][info][gc,start       ] GC(10) Pause Young (Normal) (G1 Evacuation Pause)
[9.390s][info][gc,task        ] GC(10) Using 6 workers of 6 for evacuation
[9.398s][info][gc,phases      ] GC(10)   Pre Evacuate Collection Set: 0.5ms
[9.398s][info][gc,phases      ] GC(10)   Merge Heap Roots: 0.3ms
[9.398s][info][gc,phases      ] GC(10)   Evacuate Collection Set: 5.7ms
[9.398s][info][gc,phases      ] GC(10)   Post Evacuate Collection Set: 1.3ms
[9.398s][info][gc,phases      ] GC(10)   Other: 0.2ms
[9.398s][info][gc,heap        ] GC(10) Eden regions: 1223->0(1219)
[9.398s][info][gc,heap        ] GC(10) Survivor regions: 5->9(154)
[9.398s][info][gc,heap        ] GC(10) Old regions: 6->6
[9.398s][info][gc,heap        ] GC(10) Humongous regions: 0->0
[9.398s][info][gc,metaspace   ] GC(10) Metaspace: 8953K(9216K)->8953K(9216K) NonClass: 7788K(7936K)->7788K(7936K) Class: 1164K(1280K)->1164K(1280K)
[9.398s][info][gc             ] GC(10) Pause Young (Normal) (G1 Evacuation Pause) 2459M->19M(4096M) 8.174ms
[9.398s][info][gc,cpu         ] GC(10) User=0.00s Sys=0.00s Real=0.00s
[10.397s][info][gc,start       ] GC(11) Pause Full (System.gc())
[10.397s][info][gc,task        ] GC(11) Using 6 workers of 6 for full compaction
[10.398s][info][gc,phases,start] GC(11) Phase 1: Mark live objects
[10.400s][info][gc,phases      ] GC(11) Phase 1: Mark live objects 2.100ms
[10.400s][info][gc,phases,start] GC(11) Phase 2: Prepare compaction
[10.402s][info][gc,phases      ] GC(11) Phase 2: Prepare compaction 1.843ms
[10.402s][info][gc,phases,start] GC(11) Phase 3: Adjust pointers
[10.404s][info][gc,phases      ] GC(11) Phase 3: Adjust pointers 2.543ms
[10.405s][info][gc,phases,start] GC(11) Phase 4: Compact heap
[10.406s][info][gc,phases      ] GC(11) Phase 4: Compact heap 1.292ms
[10.406s][info][gc,phases,start] GC(11) Phase 5: Reset Metadata
[10.407s][info][gc,phases      ] GC(11) Phase 5: Reset Metadata 0.774ms
[10.416s][info][gc,heap        ] GC(11) Eden regions: 895->0(1228)
[10.416s][info][gc,heap        ] GC(11) Survivor regions: 9->0(154)
[10.416s][info][gc,heap        ] GC(11) Old regions: 6->6
[10.416s][info][gc,heap        ] GC(11) Humongous regions: 5->0
[10.416s][info][gc,metaspace   ] GC(11) Metaspace: 8953K(9216K)->8953K(9216K) NonClass: 7788K(7936K)->7788K(7936K) Class: 1164K(1280K)->1164K(1280K)
[10.416s][info][gc             ] GC(11) Pause Full (System.gc()) 1818M->3M(4096M) 18.316ms
[10.416s][info][gc,cpu         ] GC(11) User=0.02s Sys=0.00s Real=0.02s
[11.379s][info][gc,start       ] GC(12) Pause Young (Normal) (G1 Evacuation Pause)
[11.379s][info][gc,task        ] GC(12) Using 6 workers of 6 for evacuation
[11.384s][info][gc,phases      ] GC(12)   Pre Evacuate Collection Set: 0.6ms
[11.384s][info][gc,phases      ] GC(12)   Merge Heap Roots: 0.2ms
[11.385s][info][gc,phases      ] GC(12)   Evacuate Collection Set: 3.2ms
[11.385s][info][gc,phases      ] GC(12)   Post Evacuate Collection Set: 1.2ms
[11.385s][info][gc,phases      ] GC(12)   Other: 0.2ms
[11.385s][info][gc,heap        ] GC(12) Eden regions: 1228->0(1223)
[11.385s][info][gc,heap        ] GC(12) Survivor regions: 0->5(154)
[11.385s][info][gc,heap        ] GC(12) Old regions: 6->6
[11.385s][info][gc,heap        ] GC(12) Humongous regions: 0->0
[11.385s][info][gc,metaspace   ] GC(12) Metaspace: 8953K(9216K)->8953K(9216K) NonClass: 7788K(7936K)->7788K(7936K) Class: 1164K(1280K)->1164K(1280K)
[11.385s][info][gc             ] GC(12) Pause Young (Normal) (G1 Evacuation Pause) 2459M->13M(4096M) 5.694ms
[11.385s][info][gc,cpu         ] GC(12) User=0.02s Sys=0.00s Real=0.02s
[12.381s][info][gc,start       ] GC(13) Pause Young (Normal) (G1 Evacuation Pause)
[12.381s][info][gc,task        ] GC(13) Using 6 workers of 6 for evacuation
[12.389s][info][gc,phases      ] GC(13)   Pre Evacuate Collection Set: 0.5ms
[12.389s][info][gc,phases      ] GC(13)   Merge Heap Roots: 0.3ms
[12.389s][info][gc,phases      ] GC(13)   Evacuate Collection Set: 5.8ms
[12.389s][info][gc,phases      ] GC(13)   Post Evacuate Collection Set: 1.3ms
[12.389s][info][gc,phases      ] GC(13)   Other: 0.2ms
[12.389s][info][gc,heap        ] GC(13) Eden regions: 1223->0(1219)
[12.389s][info][gc,heap        ] GC(13) Survivor regions: 5->9(154)
[12.389s][info][gc,heap        ] GC(13) Old regions: 6->6
[12.389s][info][gc,heap        ] GC(13) Humongous regions: 0->0
[12.389s][info][gc,metaspace   ] GC(13) Metaspace: 8953K(9216K)->8953K(9216K) NonClass: 7788K(7936K)->7788K(7936K) Class: 1164K(1280K)->1164K(1280K)
[12.389s][info][gc             ] GC(13) Pause Young (Normal) (G1 Evacuation Pause) 2459M->20M(4096M) 8.314ms
[12.389s][info][gc,cpu         ] GC(13) User=0.02s Sys=0.00s Real=0.02s
[13.390s][info][gc,start       ] GC(14) Pause Full (System.gc())
[13.390s][info][gc,task        ] GC(14) Using 6 workers of 6 for full compaction
[13.390s][info][gc,phases,start] GC(14) Phase 1: Mark live objects
[13.392s][info][gc,phases      ] GC(14) Phase 1: Mark live objects 2.114ms
[13.392s][info][gc,phases,start] GC(14) Phase 2: Prepare compaction
[13.394s][info][gc,phases      ] GC(14) Phase 2: Prepare compaction 1.956ms
[13.394s][info][gc,phases,start] GC(14) Phase 3: Adjust pointers
[13.396s][info][gc,phases      ] GC(14) Phase 3: Adjust pointers 2.044ms
[13.396s][info][gc,phases,start] GC(14) Phase 4: Compact heap
[13.398s][info][gc,phases      ] GC(14) Phase 4: Compact heap 1.412ms
[13.398s][info][gc,phases,start] GC(14) Phase 5: Reset Metadata
[13.398s][info][gc,phases      ] GC(14) Phase 5: Reset Metadata 0.719ms
[13.406s][info][gc,heap        ] GC(14) Eden regions: 895->0(1228)
[13.407s][info][gc,heap        ] GC(14) Survivor regions: 9->0(154)
[13.407s][info][gc,heap        ] GC(14) Old regions: 6->6
[13.407s][info][gc,heap        ] GC(14) Humongous regions: 5->0
[13.407s][info][gc,metaspace   ] GC(14) Metaspace: 8953K(9216K)->8953K(9216K) NonClass: 7788K(7936K)->7788K(7936K) Class: 1164K(1280K)->1164K(1280K)
[13.407s][info][gc             ] GC(14) Pause Full (System.gc()) 1819M->3M(4096M) 17.000ms
[13.407s][info][gc,cpu         ] GC(14) User=0.03s Sys=0.00s Real=0.02s
[14.370s][info][gc,start       ] GC(15) Pause Young (Normal) (G1 Evacuation Pause)
[14.370s][info][gc,task        ] GC(15) Using 6 workers of 6 for evacuation
[14.377s][info][gc,phases      ] GC(15)   Pre Evacuate Collection Set: 0.9ms
[14.377s][info][gc,phases      ] GC(15)   Merge Heap Roots: 0.2ms
[14.377s][info][gc,phases      ] GC(15)   Evacuate Collection Set: 3.7ms
[14.377s][info][gc,phases      ] GC(15)   Post Evacuate Collection Set: 1.5ms
[14.377s][info][gc,phases      ] GC(15)   Other: 0.1ms
[14.377s][info][gc,heap        ] GC(15) Eden regions: 1228->0(1223)
[14.377s][info][gc,heap        ] GC(15) Survivor regions: 0->5(154)
[14.377s][info][gc,heap        ] GC(15) Old regions: 6->6
[14.377s][info][gc,heap        ] GC(15) Humongous regions: 0->0
[14.377s][info][gc,metaspace   ] GC(15) Metaspace: 8953K(9216K)->8953K(9216K) NonClass: 7788K(7936K)->7788K(7936K) Class: 1164K(1280K)->1164K(1280K)
[14.377s][info][gc             ] GC(15) Pause Young (Normal) (G1 Evacuation Pause) 2459M->13M(4096M) 6.608ms
[14.377s][info][gc,cpu         ] GC(15) User=0.00s Sys=0.00s Real=0.00s
[15.372s][info][gc,start       ] GC(16) Pause Young (Normal) (G1 Evacuation Pause)
[15.372s][info][gc,task        ] GC(16) Using 6 workers of 6 for evacuation
[15.379s][info][gc,phases      ] GC(16)   Pre Evacuate Collection Set: 0.3ms
[15.379s][info][gc,phases      ] GC(16)   Merge Heap Roots: 0.2ms
[15.379s][info][gc,phases      ] GC(16)   Evacuate Collection Set: 5.5ms
[15.379s][info][gc,phases      ] GC(16)   Post Evacuate Collection Set: 1.1ms
[15.379s][info][gc,phases      ] GC(16)   Other: 0.1ms
[15.379s][info][gc,heap        ] GC(16) Eden regions: 1223->0(1219)
[15.379s][info][gc,heap        ] GC(16) Survivor regions: 5->9(154)
[15.379s][info][gc,heap        ] GC(16) Old regions: 6->6
[15.379s][info][gc,heap        ] GC(16) Humongous regions: 0->0
[15.379s][info][gc,metaspace   ] GC(16) Metaspace: 8953K(9216K)->8953K(9216K) NonClass: 7788K(7936K)->7788K(7936K) Class: 1164K(1280K)->1164K(1280K)
[15.379s][info][gc             ] GC(16) Pause Young (Normal) (G1 Evacuation Pause) 2459M->20M(4096M) 7.394ms
[15.379s][info][gc,cpu         ] GC(16) User=0.00s Sys=0.00s Real=0.00s
[16.382s][info][gc,start       ] GC(17) Pause Full (System.gc())
[16.383s][info][gc,task        ] GC(17) Using 6 workers of 6 for full compaction
[16.383s][info][gc,phases,start] GC(17) Phase 1: Mark live objects
[16.385s][info][gc,phases      ] GC(17) Phase 1: Mark live objects 2.028ms
[16.385s][info][gc,phases,start] GC(17) Phase 2: Prepare compaction
[16.387s][info][gc,phases      ] GC(17) Phase 2: Prepare compaction 1.562ms
[16.387s][info][gc,phases,start] GC(17) Phase 3: Adjust pointers
[16.389s][info][gc,phases      ] GC(17) Phase 3: Adjust pointers 2.111ms
[16.389s][info][gc,phases,start] GC(17) Phase 4: Compact heap
[16.391s][info][gc,phases      ] GC(17) Phase 4: Compact heap 2.139ms
[16.391s][info][gc,phases,start] GC(17) Phase 5: Reset Metadata
[16.392s][info][gc,phases      ] GC(17) Phase 5: Reset Metadata 0.940ms
[16.400s][info][gc,heap        ] GC(17) Eden regions: 895->0(1228)
[16.400s][info][gc,heap        ] GC(17) Survivor regions: 9->0(154)
[16.400s][info][gc,heap        ] GC(17) Old regions: 6->6
[16.400s][info][gc,heap        ] GC(17) Humongous regions: 5->0
[16.400s][info][gc,metaspace   ] GC(17) Metaspace: 8953K(9216K)->8953K(9216K) NonClass: 7788K(7936K)->7788K(7936K) Class: 1164K(1280K)->1164K(1280K)
[16.400s][info][gc             ] GC(17) Pause Full (System.gc()) 1819M->3M(4096M) 17.890ms
[16.400s][info][gc,cpu         ] GC(17) User=0.00s Sys=0.00s Real=0.02s
[17.365s][info][gc,start       ] GC(18) Pause Young (Normal) (G1 Evacuation Pause)
[17.365s][info][gc,task        ] GC(18) Using 6 workers of 6 for evacuation
[17.370s][info][gc,phases      ] GC(18)   Pre Evacuate Collection Set: 0.3ms
[17.370s][info][gc,phases      ] GC(18)   Merge Heap Roots: 0.2ms
[17.370s][info][gc,phases      ] GC(18)   Evacuate Collection Set: 3.1ms
[17.370s][info][gc,phases      ] GC(18)   Post Evacuate Collection Set: 1.4ms
[17.370s][info][gc,phases      ] GC(18)   Other: 0.1ms
[17.370s][info][gc,heap        ] GC(18) Eden regions: 1228->0(1223)
[17.370s][info][gc,heap        ] GC(18) Survivor regions: 0->5(154)
[17.370s][info][gc,heap        ] GC(18) Old regions: 6->6
[17.370s][info][gc,heap        ] GC(18) Humongous regions: 0->0
[17.370s][info][gc,metaspace   ] GC(18) Metaspace: 8953K(9216K)->8953K(9216K) NonClass: 7788K(7936K)->7788K(7936K) Class: 1164K(1280K)->1164K(1280K)
[17.370s][info][gc             ] GC(18) Pause Young (Normal) (G1 Evacuation Pause) 2459M->12M(4096M) 5.376ms
[17.370s][info][gc,cpu         ] GC(18) User=0.00s Sys=0.00s Real=0.00s
[18.365s][info][gc,start       ] GC(19) Pause Young (Normal) (G1 Evacuation Pause)
[18.365s][info][gc,task        ] GC(19) Using 6 workers of 6 for evacuation
[18.373s][info][gc,phases      ] GC(19)   Pre Evacuate Collection Set: 0.6ms
[18.373s][info][gc,phases      ] GC(19)   Merge Heap Roots: 0.3ms
[18.373s][info][gc,phases      ] GC(19)   Evacuate Collection Set: 5.7ms
[18.373s][info][gc,phases      ] GC(19)   Post Evacuate Collection Set: 1.4ms
[18.373s][info][gc,phases      ] GC(19)   Other: 0.2ms
[18.373s][info][gc,heap        ] GC(19) Eden regions: 1223->0(1219)
[18.373s][info][gc,heap        ] GC(19) Survivor regions: 5->9(154)
[18.373s][info][gc,heap        ] GC(19) Old regions: 6->6
[18.373s][info][gc,heap        ] GC(19) Humongous regions: 0->0
[18.373s][info][gc,metaspace   ] GC(19) Metaspace: 8953K(9216K)->8953K(9216K) NonClass: 7788K(7936K)->7788K(7936K) Class: 1164K(1280K)->1164K(1280K)
[18.373s][info][gc             ] GC(19) Pause Young (Normal) (G1 Evacuation Pause) 2458M->20M(4096M) 8.423ms
[18.373s][info][gc,cpu         ] GC(19) User=0.02s Sys=0.00s Real=0.02s
[19.379s][info][gc,start       ] GC(20) Pause Full (System.gc())
[19.379s][info][gc,task        ] GC(20) Using 6 workers of 6 for full compaction
[19.379s][info][gc,phases,start] GC(20) Phase 1: Mark live objects
[19.381s][info][gc,phases      ] GC(20) Phase 1: Mark live objects 2.071ms
[19.381s][info][gc,phases,start] GC(20) Phase 2: Prepare compaction
[19.383s][info][gc,phases      ] GC(20) Phase 2: Prepare compaction 1.422ms
[19.383s][info][gc,phases,start] GC(20) Phase 3: Adjust pointers
[19.385s][info][gc,phases      ] GC(20) Phase 3: Adjust pointers 2.007ms
[19.385s][info][gc,phases,start] GC(20) Phase 4: Compact heap
[19.387s][info][gc,phases      ] GC(20) Phase 4: Compact heap 1.855ms
[19.387s][info][gc,phases,start] GC(20) Phase 5: Reset Metadata
[19.388s][info][gc,phases      ] GC(20) Phase 5: Reset Metadata 1.095ms
[19.397s][info][gc,heap        ] GC(20) Eden regions: 895->0(1228)
[19.397s][info][gc,heap        ] GC(20) Survivor regions: 9->0(154)
[19.397s][info][gc,heap        ] GC(20) Old regions: 6->6
[19.397s][info][gc,heap        ] GC(20) Humongous regions: 5->0
[19.397s][info][gc,metaspace   ] GC(20) Metaspace: 8953K(9216K)->8953K(9216K) NonClass: 7789K(7936K)->7789K(7936K) Class: 1164K(1280K)->1164K(1280K)
[19.397s][info][gc             ] GC(20) Pause Full (System.gc()) 1819M->3M(4096M) 17.978ms
[19.397s][info][gc,cpu         ] GC(20) User=0.00s Sys=0.00s Real=0.02s
[20.361s][info][gc,start       ] GC(21) Pause Young (Normal) (G1 Evacuation Pause)
[20.361s][info][gc,task        ] GC(21) Using 6 workers of 6 for evacuation
[20.366s][info][gc,phases      ] GC(21)   Pre Evacuate Collection Set: 0.5ms
[20.367s][info][gc,phases      ] GC(21)   Merge Heap Roots: 0.3ms
[20.367s][info][gc,phases      ] GC(21)   Evacuate Collection Set: 3.3ms
[20.367s][info][gc,phases      ] GC(21)   Post Evacuate Collection Set: 1.5ms
[20.367s][info][gc,phases      ] GC(21)   Other: 0.2ms
[20.367s][info][gc,heap        ] GC(21) Eden regions: 1228->0(1223)
[20.367s][info][gc,heap        ] GC(21) Survivor regions: 0->5(154)
[20.367s][info][gc,heap        ] GC(21) Old regions: 6->6
[20.367s][info][gc,heap        ] GC(21) Humongous regions: 0->0
[20.367s][info][gc,metaspace   ] GC(21) Metaspace: 8953K(9216K)->8953K(9216K) NonClass: 7789K(7936K)->7789K(7936K) Class: 1164K(1280K)->1164K(1280K)
[20.367s][info][gc             ] GC(21) Pause Young (Normal) (G1 Evacuation Pause) 2459M->12M(4096M) 6.022ms
[20.367s][info][gc,cpu         ] GC(21) User=0.05s Sys=0.00s Real=0.02s
[21.360s][info][gc,start       ] GC(22) Pause Young (Normal) (G1 Evacuation Pause)
[21.360s][info][gc,task        ] GC(22) Using 6 workers of 6 for evacuation
[21.368s][info][gc,phases      ] GC(22)   Pre Evacuate Collection Set: 0.6ms
[21.368s][info][gc,phases      ] GC(22)   Merge Heap Roots: 0.3ms
[21.368s][info][gc,phases      ] GC(22)   Evacuate Collection Set: 5.9ms
[21.368s][info][gc,phases      ] GC(22)   Post Evacuate Collection Set: 1.3ms
[21.368s][info][gc,phases      ] GC(22)   Other: 0.2ms
[21.368s][info][gc,heap        ] GC(22) Eden regions: 1223->0(1219)
[21.368s][info][gc,heap        ] GC(22) Survivor regions: 5->9(154)
[21.368s][info][gc,heap        ] GC(22) Old regions: 6->6
[21.368s][info][gc,heap        ] GC(22) Humongous regions: 0->0
[21.368s][info][gc,metaspace   ] GC(22) Metaspace: 8953K(9216K)->8953K(9216K) NonClass: 7789K(7936K)->7789K(7936K) Class: 1164K(1280K)->1164K(1280K)
[21.368s][info][gc             ] GC(22) Pause Young (Normal) (G1 Evacuation Pause) 2458M->20M(4096M) 8.493ms
[21.368s][info][gc,cpu         ] GC(22) User=0.02s Sys=0.00s Real=0.01s
[22.369s][info][gc,start       ] GC(23) Pause Full (System.gc())
[22.369s][info][gc,task        ] GC(23) Using 6 workers of 6 for full compaction
[22.370s][info][gc,phases,start] GC(23) Phase 1: Mark live objects
[22.372s][info][gc,phases      ] GC(23) Phase 1: Mark live objects 1.976ms
[22.372s][info][gc,phases,start] GC(23) Phase 2: Prepare compaction
[22.373s][info][gc,phases      ] GC(23) Phase 2: Prepare compaction 1.386ms
[22.373s][info][gc,phases,start] GC(23) Phase 3: Adjust pointers
[22.375s][info][gc,phases      ] GC(23) Phase 3: Adjust pointers 1.814ms
[22.375s][info][gc,phases,start] GC(23) Phase 4: Compact heap
[22.376s][info][gc,phases      ] GC(23) Phase 4: Compact heap 1.222ms
[22.376s][info][gc,phases,start] GC(23) Phase 5: Reset Metadata
[22.377s][info][gc,phases      ] GC(23) Phase 5: Reset Metadata 0.693ms
[22.386s][info][gc,heap        ] GC(23) Eden regions: 895->0(1228)
[22.386s][info][gc,heap        ] GC(23) Survivor regions: 9->0(154)
[22.386s][info][gc,heap        ] GC(23) Old regions: 6->6
[22.386s][info][gc,heap        ] GC(23) Humongous regions: 5->0
[22.386s][info][gc,metaspace   ] GC(23) Metaspace: 8955K(9216K)->8955K(9216K) NonClass: 7790K(7936K)->7790K(7936K) Class: 1164K(1280K)->1164K(1280K)
[22.386s][info][gc             ] GC(23) Pause Full (System.gc()) 1819M->3M(4096M) 16.789ms
[22.386s][info][gc,cpu         ] GC(23) User=0.02s Sys=0.00s Real=0.02s
[23.351s][info][gc,start       ] GC(24) Pause Young (Normal) (G1 Evacuation Pause)
[23.351s][info][gc,task        ] GC(24) Using 6 workers of 6 for evacuation
[23.357s][info][gc,phases      ] GC(24)   Pre Evacuate Collection Set: 0.3ms
[23.357s][info][gc,phases      ] GC(24)   Merge Heap Roots: 0.2ms
[23.357s][info][gc,phases      ] GC(24)   Evacuate Collection Set: 3.4ms
[23.357s][info][gc,phases      ] GC(24)   Post Evacuate Collection Set: 1.2ms
[23.357s][info][gc,phases      ] GC(24)   Other: 0.1ms
[23.357s][info][gc,heap        ] GC(24) Eden regions: 1228->0(1223)
[23.357s][info][gc,heap        ] GC(24) Survivor regions: 0->5(154)
[23.357s][info][gc,heap        ] GC(24) Old regions: 6->6
[23.357s][info][gc,heap        ] GC(24) Humongous regions: 0->0
[23.357s][info][gc,metaspace   ] GC(24) Metaspace: 8957K(9216K)->8957K(9216K) NonClass: 7793K(7936K)->7793K(7936K) Class: 1164K(1280K)->1164K(1280K)
[23.357s][info][gc             ] GC(24) Pause Young (Normal) (G1 Evacuation Pause) 2459M->13M(4096M) 5.545ms
[23.357s][info][gc,cpu         ] GC(24) User=0.00s Sys=0.00s Real=0.00s
[24.365s][info][gc,start       ] GC(25) Pause Young (Normal) (G1 Evacuation Pause)
[24.365s][info][gc,task        ] GC(25) Using 6 workers of 6 for evacuation
[24.373s][info][gc,phases      ] GC(25)   Pre Evacuate Collection Set: 0.7ms
[24.373s][info][gc,phases      ] GC(25)   Merge Heap Roots: 0.3ms
[24.373s][info][gc,phases      ] GC(25)   Evacuate Collection Set: 5.5ms
[24.373s][info][gc,phases      ] GC(25)   Post Evacuate Collection Set: 1.5ms
[24.373s][info][gc,phases      ] GC(25)   Other: 0.2ms
[24.373s][info][gc,heap        ] GC(25) Eden regions: 1223->0(1219)
[24.373s][info][gc,heap        ] GC(25) Survivor regions: 5->9(154)
[24.373s][info][gc,heap        ] GC(25) Old regions: 6->6
[24.373s][info][gc,heap        ] GC(25) Humongous regions: 0->0
[24.373s][info][gc,metaspace   ] GC(25) Metaspace: 8957K(9216K)->8957K(9216K) NonClass: 7793K(7936K)->7793K(7936K) Class: 1164K(1280K)->1164K(1280K)
[24.373s][info][gc             ] GC(25) Pause Young (Normal) (G1 Evacuation Pause) 2459M->21M(4096M) 8.370ms
[24.373s][info][gc,cpu         ] GC(25) User=0.02s Sys=0.00s Real=0.01s
[25.377s][info][gc,start       ] GC(26) Pause Full (System.gc())
[25.377s][info][gc,task        ] GC(26) Using 6 workers of 6 for full compaction
[25.378s][info][gc,phases,start] GC(26) Phase 1: Mark live objects
[25.380s][info][gc,phases      ] GC(26) Phase 1: Mark live objects 1.916ms
[25.380s][info][gc,phases,start] GC(26) Phase 2: Prepare compaction
[25.382s][info][gc,phases      ] GC(26) Phase 2: Prepare compaction 1.947ms
[25.382s][info][gc,phases,start] GC(26) Phase 3: Adjust pointers
[25.384s][info][gc,phases      ] GC(26) Phase 3: Adjust pointers 2.002ms
[25.384s][info][gc,phases,start] GC(26) Phase 4: Compact heap
[25.386s][info][gc,phases      ] GC(26) Phase 4: Compact heap 1.810ms
[25.386s][info][gc,phases,start] GC(26) Phase 5: Reset Metadata
[25.387s][info][gc,phases      ] GC(26) Phase 5: Reset Metadata 1.130ms
[25.395s][info][gc,heap        ] GC(26) Eden regions: 895->0(1228)
[25.395s][info][gc,heap        ] GC(26) Survivor regions: 9->0(154)
[25.395s][info][gc,heap        ] GC(26) Old regions: 6->6
[25.395s][info][gc,heap        ] GC(26) Humongous regions: 5->0
[25.395s][info][gc,metaspace   ] GC(26) Metaspace: 8960K(9216K)->8960K(9216K) NonClass: 7796K(7936K)->7796K(7936K) Class: 1164K(1280K)->1164K(1280K)
[25.395s][info][gc             ] GC(26) Pause Full (System.gc()) 1820M->3M(4096M) 18.014ms
[25.395s][info][gc,cpu         ] GC(26) User=0.02s Sys=0.00s Real=0.02s
[26.359s][info][gc,start       ] GC(27) Pause Young (Normal) (G1 Evacuation Pause)
[26.359s][info][gc,task        ] GC(27) Using 6 workers of 6 for evacuation
[26.364s][info][gc,phases      ] GC(27)   Pre Evacuate Collection Set: 0.6ms
[26.364s][info][gc,phases      ] GC(27)   Merge Heap Roots: 0.3ms
[26.364s][info][gc,phases      ] GC(27)   Evacuate Collection Set: 3.2ms
[26.364s][info][gc,phases      ] GC(27)   Post Evacuate Collection Set: 1.3ms
[26.364s][info][gc,phases      ] GC(27)   Other: 0.2ms
[26.364s][info][gc,heap        ] GC(27) Eden regions: 1228->0(1223)
[26.364s][info][gc,heap        ] GC(27) Survivor regions: 0->5(154)
[26.364s][info][gc,heap        ] GC(27) Old regions: 6->6
[26.364s][info][gc,heap        ] GC(27) Humongous regions: 0->0
[26.364s][info][gc,metaspace   ] GC(27) Metaspace: 8963K(9216K)->8963K(9216K) NonClass: 7798K(7936K)->7798K(7936K) Class: 1164K(1280K)->1164K(1280K)
[26.364s][info][gc             ] GC(27) Pause Young (Normal) (G1 Evacuation Pause) 2459M->12M(4096M) 5.840ms
[26.364s][info][gc,cpu         ] GC(27) User=0.02s Sys=0.00s Real=0.02s
[27.356s][info][gc,start       ] GC(28) Pause Young (Normal) (G1 Evacuation Pause)
[27.356s][info][gc,task        ] GC(28) Using 6 workers of 6 for evacuation
[27.364s][info][gc,phases      ] GC(28)   Pre Evacuate Collection Set: 0.5ms
[27.364s][info][gc,phases      ] GC(28)   Merge Heap Roots: 0.2ms
[27.364s][info][gc,phases      ] GC(28)   Evacuate Collection Set: 5.6ms
[27.364s][info][gc,phases      ] GC(28)   Post Evacuate Collection Set: 1.2ms
[27.364s][info][gc,phases      ] GC(28)   Other: 0.2ms
[27.364s][info][gc,heap        ] GC(28) Eden regions: 1223->0(1219)
[27.364s][info][gc,heap        ] GC(28) Survivor regions: 5->9(154)
[27.364s][info][gc,heap        ] GC(28) Old regions: 6->6
[27.364s][info][gc,heap        ] GC(28) Humongous regions: 0->0
[27.364s][info][gc,metaspace   ] GC(28) Metaspace: 8963K(9216K)->8963K(9216K) NonClass: 7798K(7936K)->7798K(7936K) Class: 1164K(1280K)->1164K(1280K)
[27.364s][info][gc             ] GC(28) Pause Young (Normal) (G1 Evacuation Pause) 2458M->20M(4096M) 7.952ms
[27.364s][info][gc,cpu         ] GC(28) User=0.00s Sys=0.00s Real=0.01s
[28.367s][info][gc,start       ] GC(29) Pause Full (System.gc())
[28.367s][info][gc,task        ] GC(29) Using 6 workers of 6 for full compaction
[28.367s][info][gc,phases,start] GC(29) Phase 1: Mark live objects
[28.369s][info][gc,phases      ] GC(29) Phase 1: Mark live objects 1.897ms
[28.369s][info][gc,phases,start] GC(29) Phase 2: Prepare compaction
[28.370s][info][gc,phases      ] GC(29) Phase 2: Prepare compaction 1.347ms
[28.371s][info][gc,phases,start] GC(29) Phase 3: Adjust pointers
[28.372s][info][gc,phases      ] GC(29) Phase 3: Adjust pointers 1.858ms
[28.372s][info][gc,phases,start] GC(29) Phase 4: Compact heap
[28.374s][info][gc,phases      ] GC(29) Phase 4: Compact heap 1.274ms
[28.374s][info][gc,phases,start] GC(29) Phase 5: Reset Metadata
[28.375s][info][gc,phases      ] GC(29) Phase 5: Reset Metadata 0.698ms
[28.383s][info][gc,heap        ] GC(29) Eden regions: 895->0(1228)
[28.383s][info][gc,heap        ] GC(29) Survivor regions: 9->0(154)
[28.383s][info][gc,heap        ] GC(29) Old regions: 6->6
[28.384s][info][gc,heap        ] GC(29) Humongous regions: 5->0
[28.384s][info][gc,metaspace   ] GC(29) Metaspace: 8967K(9216K)->8967K(9216K) NonClass: 7802K(7936K)->7802K(7936K) Class: 1164K(1280K)->1164K(1280K)
[28.384s][info][gc             ] GC(29) Pause Full (System.gc()) 1819M->3M(4096M) 16.798ms
[28.384s][info][gc,cpu         ] GC(29) User=0.00s Sys=0.02s Real=0.02s
[29.349s][info][gc,start       ] GC(30) Pause Young (Normal) (G1 Evacuation Pause)
[29.349s][info][gc,task        ] GC(30) Using 6 workers of 6 for evacuation
[29.354s][info][gc,phases      ] GC(30)   Pre Evacuate Collection Set: 0.6ms
[29.354s][info][gc,phases      ] GC(30)   Merge Heap Roots: 0.2ms
[29.354s][info][gc,phases      ] GC(30)   Evacuate Collection Set: 3.1ms
[29.354s][info][gc,phases      ] GC(30)   Post Evacuate Collection Set: 1.2ms
[29.354s][info][gc,phases      ] GC(30)   Other: 0.2ms
[29.354s][info][gc,heap        ] GC(30) Eden regions: 1228->0(1223)
[29.354s][info][gc,heap        ] GC(30) Survivor regions: 0->5(154)
[29.354s][info][gc,heap        ] GC(30) Old regions: 6->6
[29.354s][info][gc,heap        ] GC(30) Humongous regions: 0->0
[29.354s][info][gc,metaspace   ] GC(30) Metaspace: 8968K(9216K)->8968K(9216K) NonClass: 7803K(7936K)->7803K(7936K) Class: 1164K(1280K)->1164K(1280K)
[29.354s][info][gc             ] GC(30) Pause Young (Normal) (G1 Evacuation Pause) 2459M->13M(4096M) 5.556ms
[29.354s][info][gc,cpu         ] GC(30) User=0.00s Sys=0.00s Real=0.00s
[30.349s][info][gc,start       ] GC(31) Pause Young (Normal) (G1 Evacuation Pause)
[30.349s][info][gc,task        ] GC(31) Using 6 workers of 6 for evacuation
[30.356s][info][gc,phases      ] GC(31)   Pre Evacuate Collection Set: 0.5ms
[30.356s][info][gc,phases      ] GC(31)   Merge Heap Roots: 0.3ms
[30.356s][info][gc,phases      ] GC(31)   Evacuate Collection Set: 5.4ms
[30.356s][info][gc,phases      ] GC(31)   Post Evacuate Collection Set: 1.3ms
[30.356s][info][gc,phases      ] GC(31)   Other: 0.2ms
[30.356s][info][gc,heap        ] GC(31) Eden regions: 1223->0(1219)
[30.356s][info][gc,heap        ] GC(31) Survivor regions: 5->9(154)
[30.356s][info][gc,heap        ] GC(31) Old regions: 6->6
[30.356s][info][gc,heap        ] GC(31) Humongous regions: 0->0
[30.356s][info][gc,metaspace   ] GC(31) Metaspace: 8968K(9216K)->8968K(9216K) NonClass: 7803K(7936K)->7803K(7936K) Class: 1164K(1280K)->1164K(1280K)
[30.356s][info][gc             ] GC(31) Pause Young (Normal) (G1 Evacuation Pause) 2459M->20M(4096M) 7.869ms
[30.356s][info][gc,cpu         ] GC(31) User=0.00s Sys=0.00s Real=0.00s
[31.357s][info][gc,start       ] GC(32) Pause Full (System.gc())
[31.357s][info][gc,task        ] GC(32) Using 6 workers of 6 for full compaction
[31.357s][info][gc,phases,start] GC(32) Phase 1: Mark live objects
[31.360s][info][gc,phases      ] GC(32) Phase 1: Mark live objects 2.351ms
[31.360s][info][gc,phases,start] GC(32) Phase 2: Prepare compaction
[31.362s][info][gc,phases      ] GC(32) Phase 2: Prepare compaction 1.890ms
[31.362s][info][gc,phases,start] GC(32) Phase 3: Adjust pointers
[31.364s][info][gc,phases      ] GC(32) Phase 3: Adjust pointers 2.294ms
[31.364s][info][gc,phases,start] GC(32) Phase 4: Compact heap
[31.366s][info][gc,phases      ] GC(32) Phase 4: Compact heap 1.620ms
[31.366s][info][gc,phases,start] GC(32) Phase 5: Reset Metadata
[31.366s][info][gc,phases      ] GC(32) Phase 5: Reset Metadata 0.756ms
[31.375s][info][gc,heap        ] GC(32) Eden regions: 895->0(1228)
[31.375s][info][gc,heap        ] GC(32) Survivor regions: 9->0(154)
[31.375s][info][gc,heap        ] GC(32) Old regions: 6->6
[31.375s][info][gc,heap        ] GC(32) Humongous regions: 5->0
[31.375s][info][gc,metaspace   ] GC(32) Metaspace: 8968K(9216K)->8968K(9216K) NonClass: 7803K(7936K)->7803K(7936K) Class: 1164K(1280K)->1164K(1280K)
[31.375s][info][gc             ] GC(32) Pause Full (System.gc()) 1819M->3M(4096M) 17.806ms
[31.375s][info][gc,cpu         ] GC(32) User=0.02s Sys=0.00s Real=0.02s
[32.338s][info][gc,start       ] GC(33) Pause Young (Normal) (G1 Evacuation Pause)
[32.339s][info][gc,task        ] GC(33) Using 6 workers of 6 for evacuation
[32.344s][info][gc,phases      ] GC(33)   Pre Evacuate Collection Set: 0.6ms
[32.344s][info][gc,phases      ] GC(33)   Merge Heap Roots: 0.3ms
[32.344s][info][gc,phases      ] GC(33)   Evacuate Collection Set: 3.0ms
[32.344s][info][gc,phases      ] GC(33)   Post Evacuate Collection Set: 1.2ms
[32.344s][info][gc,phases      ] GC(33)   Other: 0.1ms
[32.344s][info][gc,heap        ] GC(33) Eden regions: 1228->0(1223)
[32.344s][info][gc,heap        ] GC(33) Survivor regions: 0->5(154)
[32.344s][info][gc,heap        ] GC(33) Old regions: 6->6
[32.344s][info][gc,heap        ] GC(33) Humongous regions: 0->0
[32.344s][info][gc,metaspace   ] GC(33) Metaspace: 8969K(9216K)->8969K(9216K) NonClass: 7805K(7936K)->7805K(7936K) Class: 1164K(1280K)->1164K(1280K)
[32.344s][info][gc             ] GC(33) Pause Young (Normal) (G1 Evacuation Pause) 2459M->12M(4096M) 5.488ms
[32.344s][info][gc,cpu         ] GC(33) User=0.00s Sys=0.02s Real=0.02s
[33.336s][info][gc,start       ] GC(34) Pause Young (Normal) (G1 Evacuation Pause)
[33.336s][info][gc,task        ] GC(34) Using 6 workers of 6 for evacuation
[33.344s][info][gc,phases      ] GC(34)   Pre Evacuate Collection Set: 0.5ms
[33.344s][info][gc,phases      ] GC(34)   Merge Heap Roots: 0.3ms
[33.344s][info][gc,phases      ] GC(34)   Evacuate Collection Set: 5.7ms
[33.344s][info][gc,phases      ] GC(34)   Post Evacuate Collection Set: 1.1ms
[33.344s][info][gc,phases      ] GC(34)   Other: 0.1ms
[33.344s][info][gc,heap        ] GC(34) Eden regions: 1223->0(1219)
[33.344s][info][gc,heap        ] GC(34) Survivor regions: 5->9(154)
[33.344s][info][gc,heap        ] GC(34) Old regions: 6->6
[33.344s][info][gc,heap        ] GC(34) Humongous regions: 0->0
[33.344s][info][gc,metaspace   ] GC(34) Metaspace: 8969K(9216K)->8969K(9216K) NonClass: 7805K(7936K)->7805K(7936K) Class: 1164K(1280K)->1164K(1280K)
[33.344s][info][gc             ] GC(34) Pause Young (Normal) (G1 Evacuation Pause) 2458M->20M(4096M) 7.879ms
[33.344s][info][gc,cpu         ] GC(34) User=0.00s Sys=0.00s Real=0.00s
[34.345s][info][gc,start       ] GC(35) Pause Full (System.gc())
[34.345s][info][gc,task        ] GC(35) Using 6 workers of 6 for full compaction
[34.345s][info][gc,phases,start] GC(35) Phase 1: Mark live objects
[34.347s][info][gc,phases      ] GC(35) Phase 1: Mark live objects 2.003ms
[34.347s][info][gc,phases,start] GC(35) Phase 2: Prepare compaction
[34.349s][info][gc,phases      ] GC(35) Phase 2: Prepare compaction 2.066ms
[34.349s][info][gc,phases,start] GC(35) Phase 3: Adjust pointers
[34.352s][info][gc,phases      ] GC(35) Phase 3: Adjust pointers 2.304ms
[34.352s][info][gc,phases,start] GC(35) Phase 4: Compact heap
[34.353s][info][gc,phases      ] GC(35) Phase 4: Compact heap 1.381ms
[34.353s][info][gc,phases,start] GC(35) Phase 5: Reset Metadata
[34.354s][info][gc,phases      ] GC(35) Phase 5: Reset Metadata 0.851ms
[34.363s][info][gc,heap        ] GC(35) Eden regions: 895->0(1228)
[34.363s][info][gc,heap        ] GC(35) Survivor regions: 9->0(154)
[34.363s][info][gc,heap        ] GC(35) Old regions: 6->6
[34.363s][info][gc,heap        ] GC(35) Humongous regions: 5->0
[34.363s][info][gc,metaspace   ] GC(35) Metaspace: 8970K(9216K)->8970K(9216K) NonClass: 7806K(7936K)->7806K(7936K) Class: 1164K(1280K)->1164K(1280K)
[34.363s][info][gc             ] GC(35) Pause Full (System.gc()) 1819M->3M(4096M) 18.165ms
[34.363s][info][gc,cpu         ] GC(35) User=0.02s Sys=0.00s Real=0.01s
[35.326s][info][gc,start       ] GC(36) Pause Young (Normal) (G1 Evacuation Pause)
[35.326s][info][gc,task        ] GC(36) Using 6 workers of 6 for evacuation
[35.331s][info][gc,phases      ] GC(36)   Pre Evacuate Collection Set: 0.5ms
[35.331s][info][gc,phases      ] GC(36)   Merge Heap Roots: 0.2ms
[35.331s][info][gc,phases      ] GC(36)   Evacuate Collection Set: 3.4ms
[35.331s][info][gc,phases      ] GC(36)   Post Evacuate Collection Set: 1.1ms
[35.331s][info][gc,phases      ] GC(36)   Other: 0.2ms
[35.331s][info][gc,heap        ] GC(36) Eden regions: 1228->0(1223)
[35.331s][info][gc,heap        ] GC(36) Survivor regions: 0->5(154)
[35.331s][info][gc,heap        ] GC(36) Old regions: 6->6
[35.331s][info][gc,heap        ] GC(36) Humongous regions: 0->0
[35.331s][info][gc,metaspace   ] GC(36) Metaspace: 8972K(9216K)->8972K(9216K) NonClass: 7808K(7936K)->7808K(7936K) Class: 1164K(1280K)->1164K(1280K)
[35.331s][info][gc             ] GC(36) Pause Young (Normal) (G1 Evacuation Pause) 2459M->13M(4096M) 5.599ms
[35.331s][info][gc,cpu         ] GC(36) User=0.03s Sys=0.00s Real=0.02s
[36.326s][info][gc,start       ] GC(37) Pause Young (Normal) (G1 Evacuation Pause)
[36.326s][info][gc,task        ] GC(37) Using 6 workers of 6 for evacuation
[36.334s][info][gc,phases      ] GC(37)   Pre Evacuate Collection Set: 0.5ms
[36.334s][info][gc,phases      ] GC(37)   Merge Heap Roots: 0.3ms
[36.334s][info][gc,phases      ] GC(37)   Evacuate Collection Set: 5.5ms
[36.334s][info][gc,phases      ] GC(37)   Post Evacuate Collection Set: 1.4ms
[36.334s][info][gc,phases      ] GC(37)   Other: 0.2ms
[36.334s][info][gc,heap        ] GC(37) Eden regions: 1223->0(1219)
[36.334s][info][gc,heap        ] GC(37) Survivor regions: 5->9(154)
[36.334s][info][gc,heap        ] GC(37) Old regions: 6->6
[36.334s][info][gc,heap        ] GC(37) Humongous regions: 0->0
[36.334s][info][gc,metaspace   ] GC(37) Metaspace: 8972K(9216K)->8972K(9216K) NonClass: 7808K(7936K)->7808K(7936K) Class: 1164K(1280K)->1164K(1280K)
[36.334s][info][gc             ] GC(37) Pause Young (Normal) (G1 Evacuation Pause) 2459M->20M(4096M) 8.009ms
[36.334s][info][gc,cpu         ] GC(37) User=0.02s Sys=0.00s Real=0.02s
[37.335s][info][gc,start       ] GC(38) Pause Full (System.gc())
[37.335s][info][gc,task        ] GC(38) Using 6 workers of 6 for full compaction
[37.335s][info][gc,phases,start] GC(38) Phase 1: Mark live objects
[37.337s][info][gc,phases      ] GC(38) Phase 1: Mark live objects 2.001ms
[37.337s][info][gc,phases,start] GC(38) Phase 2: Prepare compaction
[37.340s][info][gc,phases      ] GC(38) Phase 2: Prepare compaction 2.209ms
[37.340s][info][gc,phases,start] GC(38) Phase 3: Adjust pointers
[37.342s][info][gc,phases      ] GC(38) Phase 3: Adjust pointers 2.079ms
[37.342s][info][gc,phases,start] GC(38) Phase 4: Compact heap
[37.344s][info][gc,phases      ] GC(38) Phase 4: Compact heap 2.141ms
[37.344s][info][gc,phases,start] GC(38) Phase 5: Reset Metadata
[37.345s][info][gc,phases      ] GC(38) Phase 5: Reset Metadata 0.687ms
[37.353s][info][gc,heap        ] GC(38) Eden regions: 895->0(1228)
[37.353s][info][gc,heap        ] GC(38) Survivor regions: 9->0(154)
[37.353s][info][gc,heap        ] GC(38) Old regions: 6->6
[37.353s][info][gc,heap        ] GC(38) Humongous regions: 5->0
[37.353s][info][gc,metaspace   ] GC(38) Metaspace: 8972K(9216K)->8972K(9216K) NonClass: 7808K(7936K)->7808K(7936K) Class: 1164K(1280K)->1164K(1280K)
[37.353s][info][gc             ] GC(38) Pause Full (System.gc()) 1819M->3M(4096M) 17.924ms
[37.353s][info][gc,cpu         ] GC(38) User=0.02s Sys=0.00s Real=0.00s
[38.317s][info][gc,start       ] GC(39) Pause Young (Normal) (G1 Evacuation Pause)
[38.317s][info][gc,task        ] GC(39) Using 6 workers of 6 for evacuation
[38.321s][info][gc,phases      ] GC(39)   Pre Evacuate Collection Set: 0.3ms
[38.321s][info][gc,phases      ] GC(39)   Merge Heap Roots: 0.2ms
[38.321s][info][gc,phases      ] GC(39)   Evacuate Collection Set: 3.2ms
[38.321s][info][gc,phases      ] GC(39)   Post Evacuate Collection Set: 1.1ms
[38.321s][info][gc,phases      ] GC(39)   Other: 0.1ms
[38.321s][info][gc,heap        ] GC(39) Eden regions: 1228->0(1223)
[38.322s][info][gc,heap        ] GC(39) Survivor regions: 0->5(154)
[38.322s][info][gc,heap        ] GC(39) Old regions: 6->6
[38.322s][info][gc,heap        ] GC(39) Humongous regions: 0->0
[38.322s][info][gc,metaspace   ] GC(39) Metaspace: 8984K(9216K)->8984K(9216K) NonClass: 7820K(7936K)->7820K(7936K) Class: 1164K(1280K)->1164K(1280K)
[38.322s][info][gc             ] GC(39) Pause Young (Normal) (G1 Evacuation Pause) 2459M->12M(4096M) 5.025ms
[38.322s][info][gc,cpu         ] GC(39) User=0.00s Sys=0.00s Real=0.00s
[39.315s][info][gc,start       ] GC(40) Pause Young (Normal) (G1 Evacuation Pause)
[39.315s][info][gc,task        ] GC(40) Using 6 workers of 6 for evacuation
[39.323s][info][gc,phases      ] GC(40)   Pre Evacuate Collection Set: 0.4ms
[39.323s][info][gc,phases      ] GC(40)   Merge Heap Roots: 0.2ms
[39.323s][info][gc,phases      ] GC(40)   Evacuate Collection Set: 5.8ms
[39.323s][info][gc,phases      ] GC(40)   Post Evacuate Collection Set: 1.3ms
[39.323s][info][gc,phases      ] GC(40)   Other: 0.2ms
[39.323s][info][gc,heap        ] GC(40) Eden regions: 1223->0(1219)
[39.323s][info][gc,heap        ] GC(40) Survivor regions: 5->9(154)
[39.323s][info][gc,heap        ] GC(40) Old regions: 6->6
[39.323s][info][gc,heap        ] GC(40) Humongous regions: 0->0
[39.323s][info][gc,metaspace   ] GC(40) Metaspace: 8984K(9216K)->8984K(9216K) NonClass: 7820K(7936K)->7820K(7936K) Class: 1164K(1280K)->1164K(1280K)
[39.323s][info][gc             ] GC(40) Pause Young (Normal) (G1 Evacuation Pause) 2458M->21M(4096M) 8.161ms
[39.323s][info][gc,cpu         ] GC(40) User=0.02s Sys=0.00s Real=0.02s
[40.323s][info][gc,start       ] GC(41) Pause Full (System.gc())
[40.323s][info][gc,task        ] GC(41) Using 6 workers of 6 for full compaction
[40.323s][info][gc,phases,start] GC(41) Phase 1: Mark live objects
[40.325s][info][gc,phases      ] GC(41) Phase 1: Mark live objects 2.050ms
[40.325s][info][gc,phases,start] GC(41) Phase 2: Prepare compaction
[40.328s][info][gc,phases      ] GC(41) Phase 2: Prepare compaction 2.105ms
[40.328s][info][gc,phases,start] GC(41) Phase 3: Adjust pointers
[40.330s][info][gc,phases      ] GC(41) Phase 3: Adjust pointers 2.251ms
[40.330s][info][gc,phases,start] GC(41) Phase 4: Compact heap
[40.332s][info][gc,phases      ] GC(41) Phase 4: Compact heap 1.593ms
[40.332s][info][gc,phases,start] GC(41) Phase 5: Reset Metadata
[40.332s][info][gc,phases      ] GC(41) Phase 5: Reset Metadata 0.675ms
[40.341s][info][gc,heap        ] GC(41) Eden regions: 895->0(1228)
[40.341s][info][gc,heap        ] GC(41) Survivor regions: 9->0(154)
[40.341s][info][gc,heap        ] GC(41) Old regions: 6->6
[40.341s][info][gc,heap        ] GC(41) Humongous regions: 5->0
[40.341s][info][gc,metaspace   ] GC(41) Metaspace: 8987K(9216K)->8987K(9216K) NonClass: 7822K(7936K)->7822K(7936K) Class: 1164K(1280K)->1164K(1280K)
[40.341s][info][gc             ] GC(41) Pause Full (System.gc()) 1820M->3M(4096M) 18.320ms
[40.341s][info][gc,cpu         ] GC(41) User=0.02s Sys=0.00s Real=0.02s
[41.303s][info][gc,start       ] GC(42) Pause Young (Normal) (G1 Evacuation Pause)
[41.303s][info][gc,task        ] GC(42) Using 6 workers of 6 for evacuation
[41.309s][info][gc,phases      ] GC(42)   Pre Evacuate Collection Set: 0.5ms
[41.309s][info][gc,phases      ] GC(42)   Merge Heap Roots: 0.3ms
[41.309s][info][gc,phases      ] GC(42)   Evacuate Collection Set: 3.4ms
[41.309s][info][gc,phases      ] GC(42)   Post Evacuate Collection Set: 1.1ms
[41.309s][info][gc,phases      ] GC(42)   Other: 0.1ms
[41.309s][info][gc,heap        ] GC(42) Eden regions: 1228->0(1223)
[41.309s][info][gc,heap        ] GC(42) Survivor regions: 0->5(154)
[41.309s][info][gc,heap        ] GC(42) Old regions: 6->6
[41.309s][info][gc,heap        ] GC(42) Humongous regions: 0->0
[41.309s][info][gc,metaspace   ] GC(42) Metaspace: 8988K(9216K)->8988K(9216K) NonClass: 7824K(7936K)->7824K(7936K) Class: 1164K(1280K)->1164K(1280K)
[41.309s][info][gc             ] GC(42) Pause Young (Normal) (G1 Evacuation Pause) 2459M->12M(4096M) 5.616ms
[41.309s][info][gc,cpu         ] GC(42) User=0.00s Sys=0.00s Real=0.00s
[42.302s][info][gc,start       ] GC(43) Pause Young (Normal) (G1 Evacuation Pause)
[42.302s][info][gc,task        ] GC(43) Using 6 workers of 6 for evacuation
[42.310s][info][gc,phases      ] GC(43)   Pre Evacuate Collection Set: 0.4ms
[42.310s][info][gc,phases      ] GC(43)   Merge Heap Roots: 0.2ms
[42.310s][info][gc,phases      ] GC(43)   Evacuate Collection Set: 5.7ms
[42.310s][info][gc,phases      ] GC(43)   Post Evacuate Collection Set: 1.1ms
[42.310s][info][gc,phases      ] GC(43)   Other: 0.2ms
[42.310s][info][gc,heap        ] GC(43) Eden regions: 1223->0(1219)
[42.310s][info][gc,heap        ] GC(43) Survivor regions: 5->9(154)
[42.310s][info][gc,heap        ] GC(43) Old regions: 6->6
[42.310s][info][gc,heap        ] GC(43) Humongous regions: 0->0
[42.310s][info][gc,metaspace   ] GC(43) Metaspace: 8988K(9216K)->8988K(9216K) NonClass: 7824K(7936K)->7824K(7936K) Class: 1164K(1280K)->1164K(1280K)
[42.310s][info][gc             ] GC(43) Pause Young (Normal) (G1 Evacuation Pause) 2458M->19M(4096M) 7.831ms
[42.310s][info][gc,cpu         ] GC(43) User=0.00s Sys=0.00s Real=0.00s
[43.314s][info][gc,start       ] GC(44) Pause Full (System.gc())
[43.314s][info][gc,task        ] GC(44) Using 6 workers of 6 for full compaction
[43.314s][info][gc,phases,start] GC(44) Phase 1: Mark live objects
[43.316s][info][gc,phases      ] GC(44) Phase 1: Mark live objects 2.130ms
[43.316s][info][gc,phases,start] GC(44) Phase 2: Prepare compaction
[43.318s][info][gc,phases      ] GC(44) Phase 2: Prepare compaction 2.131ms
[43.318s][info][gc,phases,start] GC(44) Phase 3: Adjust pointers
[43.321s][info][gc,phases      ] GC(44) Phase 3: Adjust pointers 2.151ms
[43.321s][info][gc,phases,start] GC(44) Phase 4: Compact heap
[43.323s][info][gc,phases      ] GC(44) Phase 4: Compact heap 2.183ms
[43.323s][info][gc,phases,start] GC(44) Phase 5: Reset Metadata
[43.324s][info][gc,phases      ] GC(44) Phase 5: Reset Metadata 0.873ms
[43.332s][info][gc,heap        ] GC(44) Eden regions: 895->0(1228)
[43.332s][info][gc,heap        ] GC(44) Survivor regions: 9->0(154)
[43.332s][info][gc,heap        ] GC(44) Old regions: 6->6
[43.332s][info][gc,heap        ] GC(44) Humongous regions: 5->0
[43.332s][info][gc,metaspace   ] GC(44) Metaspace: 8988K(9216K)->8988K(9216K) NonClass: 7824K(7936K)->7824K(7936K) Class: 1164K(1280K)->1164K(1280K)
[43.332s][info][gc             ] GC(44) Pause Full (System.gc()) 1818M->3M(4096M) 18.328ms
[43.332s][info][gc,cpu         ] GC(44) User=0.02s Sys=0.00s Real=0.02s
[44.297s][info][gc,start       ] GC(45) Pause Young (Normal) (G1 Evacuation Pause)
[44.297s][info][gc,task        ] GC(45) Using 6 workers of 6 for evacuation
[44.302s][info][gc,phases      ] GC(45)   Pre Evacuate Collection Set: 0.5ms
[44.302s][info][gc,phases      ] GC(45)   Merge Heap Roots: 0.3ms
[44.302s][info][gc,phases      ] GC(45)   Evacuate Collection Set: 3.1ms
[44.302s][info][gc,phases      ] GC(45)   Post Evacuate Collection Set: 1.2ms
[44.302s][info][gc,phases      ] GC(45)   Other: 0.1ms
[44.302s][info][gc,heap        ] GC(45) Eden regions: 1228->0(1223)
[44.302s][info][gc,heap        ] GC(45) Survivor regions: 0->5(154)
[44.302s][info][gc,heap        ] GC(45) Old regions: 6->6
[44.302s][info][gc,heap        ] GC(45) Humongous regions: 0->0
[44.302s][info][gc,metaspace   ] GC(45) Metaspace: 8989K(9216K)->8989K(9216K) NonClass: 7824K(7936K)->7824K(7936K) Class: 1164K(1280K)->1164K(1280K)
[44.302s][info][gc             ] GC(45) Pause Young (Normal) (G1 Evacuation Pause) 2459M->13M(4096M) 5.372ms
[44.302s][info][gc,cpu         ] GC(45) User=0.00s Sys=0.00s Real=0.00s
[45.294s][info][gc,start       ] GC(46) Pause Young (Normal) (G1 Evacuation Pause)
[45.294s][info][gc,task        ] GC(46) Using 6 workers of 6 for evacuation
[45.302s][info][gc,phases      ] GC(46)   Pre Evacuate Collection Set: 0.6ms
[45.302s][info][gc,phases      ] GC(46)   Merge Heap Roots: 0.2ms
[45.302s][info][gc,phases      ] GC(46)   Evacuate Collection Set: 5.7ms
[45.302s][info][gc,phases      ] GC(46)   Post Evacuate Collection Set: 1.3ms
[45.302s][info][gc,phases      ] GC(46)   Other: 0.2ms
[45.302s][info][gc,heap        ] GC(46) Eden regions: 1223->0(1219)
[45.302s][info][gc,heap        ] GC(46) Survivor regions: 5->9(154)
[45.302s][info][gc,heap        ] GC(46) Old regions: 6->6
[45.302s][info][gc,heap        ] GC(46) Humongous regions: 0->0
[45.302s][info][gc,metaspace   ] GC(46) Metaspace: 8991K(9216K)->8991K(9216K) NonClass: 7827K(7936K)->7827K(7936K) Class: 1164K(1280K)->1164K(1280K)
[45.302s][info][gc             ] GC(46) Pause Young (Normal) (G1 Evacuation Pause) 2459M->20M(4096M) 8.137ms
[45.302s][info][gc,cpu         ] GC(46) User=0.00s Sys=0.00s Real=0.01s
[46.304s][info][gc,start       ] GC(47) Pause Full (System.gc())
[46.304s][info][gc,task        ] GC(47) Using 6 workers of 6 for full compaction
[46.304s][info][gc,phases,start] GC(47) Phase 1: Mark live objects
[46.306s][info][gc,phases      ] GC(47) Phase 1: Mark live objects 2.048ms
[46.306s][info][gc,phases,start] GC(47) Phase 2: Prepare compaction
[46.308s][info][gc,phases      ] GC(47) Phase 2: Prepare compaction 2.133ms
[46.308s][info][gc,phases,start] GC(47) Phase 3: Adjust pointers
[46.310s][info][gc,phases      ] GC(47) Phase 3: Adjust pointers 2.172ms
[46.310s][info][gc,phases,start] GC(47) Phase 4: Compact heap
[46.312s][info][gc,phases      ] GC(47) Phase 4: Compact heap 1.557ms
[46.312s][info][gc,phases,start] GC(47) Phase 5: Reset Metadata
[46.313s][info][gc,phases      ] GC(47) Phase 5: Reset Metadata 0.774ms
[46.321s][info][gc,heap        ] GC(47) Eden regions: 895->0(1228)
[46.321s][info][gc,heap        ] GC(47) Survivor regions: 9->0(154)
[46.321s][info][gc,heap        ] GC(47) Old regions: 6->6
[46.321s][info][gc,heap        ] GC(47) Humongous regions: 5->0
[46.321s][info][gc,metaspace   ] GC(47) Metaspace: 8996K(9280K)->8996K(9280K) NonClass: 7832K(8000K)->7832K(8000K) Class: 1164K(1280K)->1164K(1280K)
[46.321s][info][gc             ] GC(47) Pause Full (System.gc()) 1819M->3M(4096M) 17.806ms
[46.321s][info][gc,cpu         ] GC(47) User=0.02s Sys=0.00s Real=0.02s
[47.287s][info][gc,start       ] GC(48) Pause Young (Normal) (G1 Evacuation Pause)
[47.287s][info][gc,task        ] GC(48) Using 6 workers of 6 for evacuation
[47.293s][info][gc,phases      ] GC(48)   Pre Evacuate Collection Set: 0.6ms
[47.293s][info][gc,phases      ] GC(48)   Merge Heap Roots: 0.3ms
[47.293s][info][gc,phases      ] GC(48)   Evacuate Collection Set: 3.2ms
[47.293s][info][gc,phases      ] GC(48)   Post Evacuate Collection Set: 1.1ms
[47.293s][info][gc,phases      ] GC(48)   Other: 0.2ms
[47.293s][info][gc,heap        ] GC(48) Eden regions: 1228->0(1223)
[47.293s][info][gc,heap        ] GC(48) Survivor regions: 0->5(154)
[47.293s][info][gc,heap        ] GC(48) Old regions: 6->6
[47.293s][info][gc,heap        ] GC(48) Humongous regions: 0->0
[47.293s][info][gc,metaspace   ] GC(48) Metaspace: 8996K(9280K)->8996K(9280K) NonClass: 7832K(8000K)->7832K(8000K) Class: 1164K(1280K)->1164K(1280K)
[47.293s][info][gc             ] GC(48) Pause Young (Normal) (G1 Evacuation Pause) 2459M->12M(4096M) 5.602ms
[47.293s][info][gc,cpu         ] GC(48) User=0.00s Sys=0.00s Real=0.00s
[48.286s][info][gc,start       ] GC(49) Pause Young (Normal) (G1 Evacuation Pause)
[48.286s][info][gc,task        ] GC(49) Using 6 workers of 6 for evacuation
[48.293s][info][gc,phases      ] GC(49)   Pre Evacuate Collection Set: 0.3ms
[48.293s][info][gc,phases      ] GC(49)   Merge Heap Roots: 0.2ms
[48.293s][info][gc,phases      ] GC(49)   Evacuate Collection Set: 5.7ms
[48.293s][info][gc,phases      ] GC(49)   Post Evacuate Collection Set: 1.0ms
[48.293s][info][gc,phases      ] GC(49)   Other: 0.1ms
[48.293s][info][gc,heap        ] GC(49) Eden regions: 1223->0(1219)
[48.293s][info][gc,heap        ] GC(49) Survivor regions: 5->9(154)
[48.293s][info][gc,heap        ] GC(49) Old regions: 6->6
[48.293s][info][gc,heap        ] GC(49) Humongous regions: 0->0
[48.293s][info][gc,metaspace   ] GC(49) Metaspace: 8996K(9280K)->8996K(9280K) NonClass: 7832K(8000K)->7832K(8000K) Class: 1164K(1280K)->1164K(1280K)
[48.293s][info][gc             ] GC(49) Pause Young (Normal) (G1 Evacuation Pause) 2458M->19M(4096M) 7.655ms
[48.293s][info][gc,cpu         ] GC(49) User=0.00s Sys=0.00s Real=0.00s
[49.296s][info][gc,start       ] GC(50) Pause Full (System.gc())
[49.296s][info][gc,task        ] GC(50) Using 6 workers of 6 for full compaction
[49.296s][info][gc,phases,start] GC(50) Phase 1: Mark live objects
[49.298s][info][gc,phases      ] GC(50) Phase 1: Mark live objects 2.117ms
[49.298s][info][gc,phases,start] GC(50) Phase 2: Prepare compaction
[49.300s][info][gc,phases      ] GC(50) Phase 2: Prepare compaction 1.411ms
[49.300s][info][gc,phases,start] GC(50) Phase 3: Adjust pointers
[49.302s][info][gc,phases      ] GC(50) Phase 3: Adjust pointers 1.972ms
[49.302s][info][gc,phases,start] GC(50) Phase 4: Compact heap
[49.303s][info][gc,phases      ] GC(50) Phase 4: Compact heap 1.270ms
[49.303s][info][gc,phases,start] GC(50) Phase 5: Reset Metadata
[49.304s][info][gc,phases      ] GC(50) Phase 5: Reset Metadata 0.755ms
[49.313s][info][gc,heap        ] GC(50) Eden regions: 895->0(1228)
[49.313s][info][gc,heap        ] GC(50) Survivor regions: 9->0(154)
[49.313s][info][gc,heap        ] GC(50) Old regions: 6->6
[49.313s][info][gc,heap        ] GC(50) Humongous regions: 5->0
[49.313s][info][gc,metaspace   ] GC(50) Metaspace: 8996K(9280K)->8996K(9280K) NonClass: 7832K(8000K)->7832K(8000K) Class: 1164K(1280K)->1164K(1280K)
[49.313s][info][gc             ] GC(50) Pause Full (System.gc()) 1818M->3M(4096M) 16.754ms
[49.313s][info][gc,cpu         ] GC(50) User=0.02s Sys=0.00s Real=0.02s
[50.274s][info][gc,start       ] GC(51) Pause Young (Normal) (G1 Evacuation Pause)
[50.274s][info][gc,task        ] GC(51) Using 6 workers of 6 for evacuation
[50.280s][info][gc,phases      ] GC(51)   Pre Evacuate Collection Set: 0.6ms
[50.280s][info][gc,phases      ] GC(51)   Merge Heap Roots: 0.3ms
[50.280s][info][gc,phases      ] GC(51)   Evacuate Collection Set: 3.0ms
[50.280s][info][gc,phases      ] GC(51)   Post Evacuate Collection Set: 1.3ms
[50.280s][info][gc,phases      ] GC(51)   Other: 0.2ms
[50.280s][info][gc,heap        ] GC(51) Eden regions: 1228->0(1223)
[50.280s][info][gc,heap        ] GC(51) Survivor regions: 0->5(154)
[50.280s][info][gc,heap        ] GC(51) Old regions: 6->6
[50.280s][info][gc,heap        ] GC(51) Humongous regions: 0->0
[50.280s][info][gc,metaspace   ] GC(51) Metaspace: 8996K(9280K)->8996K(9280K) NonClass: 7832K(8000K)->7832K(8000K) Class: 1164K(1280K)->1164K(1280K)
[50.280s][info][gc             ] GC(51) Pause Young (Normal) (G1 Evacuation Pause) 2459M->12M(4096M) 5.556ms
[50.280s][info][gc,cpu         ] GC(51) User=0.00s Sys=0.00s Real=0.00s
[51.274s][info][gc,start       ] GC(52) Pause Young (Normal) (G1 Evacuation Pause)
[51.274s][info][gc,task        ] GC(52) Using 6 workers of 6 for evacuation
[51.282s][info][gc,phases      ] GC(52)   Pre Evacuate Collection Set: 0.5ms
[51.282s][info][gc,phases      ] GC(52)   Merge Heap Roots: 0.3ms
[51.282s][info][gc,phases      ] GC(52)   Evacuate Collection Set: 5.6ms
[51.282s][info][gc,phases      ] GC(52)   Post Evacuate Collection Set: 1.2ms
[51.282s][info][gc,phases      ] GC(52)   Other: 0.2ms
[51.282s][info][gc,heap        ] GC(52) Eden regions: 1223->0(1220)
[51.282s][info][gc,heap        ] GC(52) Survivor regions: 5->8(154)
[51.282s][info][gc,heap        ] GC(52) Old regions: 6->6
[51.282s][info][gc,heap        ] GC(52) Humongous regions: 0->0
[51.282s][info][gc,metaspace   ] GC(52) Metaspace: 8996K(9280K)->8996K(9280K) NonClass: 7832K(8000K)->7832K(8000K) Class: 1164K(1280K)->1164K(1280K)
[51.282s][info][gc             ] GC(52) Pause Young (Normal) (G1 Evacuation Pause) 2458M->19M(4096M) 8.083ms
[51.282s][info][gc,cpu         ] GC(52) User=0.00s Sys=0.00s Real=0.00s
[52.285s][info][gc,start       ] GC(53) Pause Full (System.gc())
[52.285s][info][gc,task        ] GC(53) Using 6 workers of 6 for full compaction
[52.285s][info][gc,phases,start] GC(53) Phase 1: Mark live objects
[52.287s][info][gc,phases      ] GC(53) Phase 1: Mark live objects 2.051ms
[52.287s][info][gc,phases,start] GC(53) Phase 2: Prepare compaction
[52.289s][info][gc,phases      ] GC(53) Phase 2: Prepare compaction 2.031ms
[52.289s][info][gc,phases,start] GC(53) Phase 3: Adjust pointers
[52.291s][info][gc,phases      ] GC(53) Phase 3: Adjust pointers 1.969ms
[52.291s][info][gc,phases,start] GC(53) Phase 4: Compact heap
[52.293s][info][gc,phases      ] GC(53) Phase 4: Compact heap 1.754ms
[52.293s][info][gc,phases,start] GC(53) Phase 5: Reset Metadata
[52.294s][info][gc,phases      ] GC(53) Phase 5: Reset Metadata 0.952ms
[52.302s][info][gc,heap        ] GC(53) Eden regions: 895->0(1228)
[52.302s][info][gc,heap        ] GC(53) Survivor regions: 8->0(154)
[52.302s][info][gc,heap        ] GC(53) Old regions: 6->6
[52.302s][info][gc,heap        ] GC(53) Humongous regions: 5->0
[52.302s][info][gc,metaspace   ] GC(53) Metaspace: 8996K(9280K)->8996K(9280K) NonClass: 7832K(8000K)->7832K(8000K) Class: 1164K(1280K)->1164K(1280K)
[52.302s][info][gc             ] GC(53) Pause Full (System.gc()) 1818M->3M(4096M) 17.907ms
[52.303s][info][gc,cpu         ] GC(53) User=0.02s Sys=0.00s Real=0.02s
[53.266s][info][gc,start       ] GC(54) Pause Young (Normal) (G1 Evacuation Pause)
[53.266s][info][gc,task        ] GC(54) Using 6 workers of 6 for evacuation
[53.271s][info][gc,phases      ] GC(54)   Pre Evacuate Collection Set: 0.4ms
[53.271s][info][gc,phases      ] GC(54)   Merge Heap Roots: 0.3ms
[53.271s][info][gc,phases      ] GC(54)   Evacuate Collection Set: 3.3ms
[53.271s][info][gc,phases      ] GC(54)   Post Evacuate Collection Set: 1.1ms
[53.271s][info][gc,phases      ] GC(54)   Other: 0.2ms
[53.271s][info][gc,heap        ] GC(54) Eden regions: 1228->0(1223)
[53.271s][info][gc,heap        ] GC(54) Survivor regions: 0->5(154)
[53.271s][info][gc,heap        ] GC(54) Old regions: 6->6
[53.271s][info][gc,heap        ] GC(54) Humongous regions: 0->0
[53.271s][info][gc,metaspace   ] GC(54) Metaspace: 8996K(9280K)->8996K(9280K) NonClass: 7832K(8000K)->7832K(8000K) Class: 1164K(1280K)->1164K(1280K)
[53.271s][info][gc             ] GC(54) Pause Young (Normal) (G1 Evacuation Pause) 2459M->12M(4096M) 5.546ms
[53.271s][info][gc,cpu         ] GC(54) User=0.00s Sys=0.00s Real=0.00s
[54.264s][info][gc,start       ] GC(55) Pause Young (Normal) (G1 Evacuation Pause)
[54.264s][info][gc,task        ] GC(55) Using 6 workers of 6 for evacuation
[54.272s][info][gc,phases      ] GC(55)   Pre Evacuate Collection Set: 0.5ms
[54.272s][info][gc,phases      ] GC(55)   Merge Heap Roots: 0.2ms
[54.272s][info][gc,phases      ] GC(55)   Evacuate Collection Set: 5.8ms
[54.272s][info][gc,phases      ] GC(55)   Post Evacuate Collection Set: 1.2ms
[54.272s][info][gc,phases      ] GC(55)   Other: 0.2ms
[54.272s][info][gc,heap        ] GC(55) Eden regions: 1223->0(1219)
[54.272s][info][gc,heap        ] GC(55) Survivor regions: 5->9(154)
[54.272s][info][gc,heap        ] GC(55) Old regions: 6->6
[54.272s][info][gc,heap        ] GC(55) Humongous regions: 0->0
[54.272s][info][gc,metaspace   ] GC(55) Metaspace: 8996K(9280K)->8996K(9280K) NonClass: 7832K(8000K)->7832K(8000K) Class: 1164K(1280K)->1164K(1280K)
[54.272s][info][gc             ] GC(55) Pause Young (Normal) (G1 Evacuation Pause) 2458M->21M(4096M) 8.126ms
[54.272s][info][gc,cpu         ] GC(55) User=0.02s Sys=0.00s Real=0.02s
[55.274s][info][gc,start       ] GC(56) Pause Full (System.gc())
[55.274s][info][gc,task        ] GC(56) Using 6 workers of 6 for full compaction
[55.274s][info][gc,phases,start] GC(56) Phase 1: Mark live objects
[55.276s][info][gc,phases      ] GC(56) Phase 1: Mark live objects 2.111ms
[55.276s][info][gc,phases,start] GC(56) Phase 2: Prepare compaction
[55.278s][info][gc,phases      ] GC(56) Phase 2: Prepare compaction 2.033ms
[55.278s][info][gc,phases,start] GC(56) Phase 3: Adjust pointers
[55.280s][info][gc,phases      ] GC(56) Phase 3: Adjust pointers 2.043ms
[55.280s][info][gc,phases,start] GC(56) Phase 4: Compact heap
[55.282s][info][gc,phases      ] GC(56) Phase 4: Compact heap 1.563ms
[55.282s][info][gc,phases,start] GC(56) Phase 5: Reset Metadata
[55.283s][info][gc,phases      ] GC(56) Phase 5: Reset Metadata 0.806ms
[55.291s][info][gc,heap        ] GC(56) Eden regions: 895->0(1228)
[55.291s][info][gc,heap        ] GC(56) Survivor regions: 9->0(154)
[55.291s][info][gc,heap        ] GC(56) Old regions: 6->6
[55.291s][info][gc,heap        ] GC(56) Humongous regions: 5->0
[55.291s][info][gc,metaspace   ] GC(56) Metaspace: 8996K(9280K)->8996K(9280K) NonClass: 7832K(8000K)->7832K(8000K) Class: 1164K(1280K)->1164K(1280K)
[55.291s][info][gc             ] GC(56) Pause Full (System.gc()) 1820M->3M(4096M) 17.638ms
[55.291s][info][gc,cpu         ] GC(56) User=0.02s Sys=0.00s Real=0.02s
[56.256s][info][gc,start       ] GC(57) Pause Young (Normal) (G1 Evacuation Pause)
[56.256s][info][gc,task        ] GC(57) Using 6 workers of 6 for evacuation
[56.262s][info][gc,phases      ] GC(57)   Pre Evacuate Collection Set: 0.4ms
[56.262s][info][gc,phases      ] GC(57)   Merge Heap Roots: 0.2ms
[56.262s][info][gc,phases      ] GC(57)   Evacuate Collection Set: 3.4ms
[56.262s][info][gc,phases      ] GC(57)   Post Evacuate Collection Set: 1.1ms
[56.262s][info][gc,phases      ] GC(57)   Other: 0.2ms
[56.262s][info][gc,heap        ] GC(57) Eden regions: 1228->0(1223)
[56.262s][info][gc,heap        ] GC(57) Survivor regions: 0->5(154)
[56.262s][info][gc,heap        ] GC(57) Old regions: 6->6
[56.262s][info][gc,heap        ] GC(57) Humongous regions: 0->0
[56.262s][info][gc,metaspace   ] GC(57) Metaspace: 8996K(9280K)->8996K(9280K) NonClass: 7832K(8000K)->7832K(8000K) Class: 1164K(1280K)->1164K(1280K)
[56.262s][info][gc             ] GC(57) Pause Young (Normal) (G1 Evacuation Pause) 2459M->12M(4096M) 5.439ms
[56.262s][info][gc,cpu         ] GC(57) User=0.00s Sys=0.00s Real=0.00s
[57.256s][info][gc,start       ] GC(58) Pause Young (Normal) (G1 Evacuation Pause)
[57.256s][info][gc,task        ] GC(58) Using 6 workers of 6 for evacuation
[57.263s][info][gc,phases      ] GC(58)   Pre Evacuate Collection Set: 0.6ms
[57.263s][info][gc,phases      ] GC(58)   Merge Heap Roots: 0.3ms
[57.263s][info][gc,phases      ] GC(58)   Evacuate Collection Set: 5.4ms
[57.263s][info][gc,phases      ] GC(58)   Post Evacuate Collection Set: 1.2ms
[57.263s][info][gc,phases      ] GC(58)   Other: 0.2ms
[57.264s][info][gc,heap        ] GC(58) Eden regions: 1223->0(1219)
[57.264s][info][gc,heap        ] GC(58) Survivor regions: 5->9(154)
[57.264s][info][gc,heap        ] GC(58) Old regions: 6->6
[57.264s][info][gc,heap        ] GC(58) Humongous regions: 0->0
[57.264s][info][gc,metaspace   ] GC(58) Metaspace: 8996K(9280K)->8996K(9280K) NonClass: 7832K(8000K)->7832K(8000K) Class: 1164K(1280K)->1164K(1280K)
[57.264s][info][gc             ] GC(58) Pause Young (Normal) (G1 Evacuation Pause) 2458M->19M(4096M) 7.925ms
[57.264s][info][gc,cpu         ] GC(58) User=0.00s Sys=0.00s Real=0.00s
[58.269s][info][gc,start       ] GC(59) Pause Full (System.gc())
[58.269s][info][gc,task        ] GC(59) Using 6 workers of 6 for full compaction
[58.270s][info][gc,phases,start] GC(59) Phase 1: Mark live objects
[58.272s][info][gc,phases      ] GC(59) Phase 1: Mark live objects 2.102ms
[58.272s][info][gc,phases,start] GC(59) Phase 2: Prepare compaction
[58.274s][info][gc,phases      ] GC(59) Phase 2: Prepare compaction 2.132ms
[58.274s][info][gc,phases,start] GC(59) Phase 3: Adjust pointers
[58.276s][info][gc,phases      ] GC(59) Phase 3: Adjust pointers 2.039ms
[58.276s][info][gc,phases,start] GC(59) Phase 4: Compact heap
[58.278s][info][gc,phases      ] GC(59) Phase 4: Compact heap 1.412ms
[58.278s][info][gc,phases,start] GC(59) Phase 5: Reset Metadata
[58.278s][info][gc,phases      ] GC(59) Phase 5: Reset Metadata 0.710ms
[58.286s][info][gc,heap        ] GC(59) Eden regions: 895->0(1228)
[58.287s][info][gc,heap        ] GC(59) Survivor regions: 9->0(154)
[58.287s][info][gc,heap        ] GC(59) Old regions: 6->6
[58.287s][info][gc,heap        ] GC(59) Humongous regions: 5->0
[58.287s][info][gc,metaspace   ] GC(59) Metaspace: 8997K(9280K)->8997K(9280K) NonClass: 7832K(8000K)->7832K(8000K) Class: 1164K(1280K)->1164K(1280K)
[58.287s][info][gc             ] GC(59) Pause Full (System.gc()) 1818M->3M(4096M) 17.270ms
[58.287s][info][gc,cpu         ] GC(59) User=0.02s Sys=0.00s Real=0.02s
[59.250s][info][gc,start       ] GC(60) Pause Young (Normal) (G1 Evacuation Pause)
[59.250s][info][gc,task        ] GC(60) Using 6 workers of 6 for evacuation
[59.256s][info][gc,phases      ] GC(60)   Pre Evacuate Collection Set: 0.5ms
[59.256s][info][gc,phases      ] GC(60)   Merge Heap Roots: 0.2ms
[59.256s][info][gc,phases      ] GC(60)   Evacuate Collection Set: 3.4ms
[59.256s][info][gc,phases      ] GC(60)   Post Evacuate Collection Set: 1.1ms
[59.256s][info][gc,phases      ] GC(60)   Other: 0.1ms
[59.256s][info][gc,heap        ] GC(60) Eden regions: 1228->0(1223)
[59.256s][info][gc,heap        ] GC(60) Survivor regions: 0->5(154)
[59.256s][info][gc,heap        ] GC(60) Old regions: 6->6
[59.256s][info][gc,heap        ] GC(60) Humongous regions: 0->0
[59.256s][info][gc,metaspace   ] GC(60) Metaspace: 8997K(9280K)->8997K(9280K) NonClass: 7833K(8000K)->7833K(8000K) Class: 1164K(1280K)->1164K(1280K)
[59.256s][info][gc             ] GC(60) Pause Young (Normal) (G1 Evacuation Pause) 2459M->12M(4096M) 5.622ms
[59.256s][info][gc,cpu         ] GC(60) User=0.00s Sys=0.00s Real=0.00s
[60.251s][info][gc,start       ] GC(61) Pause Young (Normal) (G1 Evacuation Pause)
[60.251s][info][gc,task        ] GC(61) Using 6 workers of 6 for evacuation
[60.259s][info][gc,phases      ] GC(61)   Pre Evacuate Collection Set: 0.5ms
[60.259s][info][gc,phases      ] GC(61)   Merge Heap Roots: 0.3ms
[60.259s][info][gc,phases      ] GC(61)   Evacuate Collection Set: 5.8ms
[60.259s][info][gc,phases      ] GC(61)   Post Evacuate Collection Set: 1.1ms
[60.259s][info][gc,phases      ] GC(61)   Other: 0.2ms
[60.259s][info][gc,heap        ] GC(61) Eden regions: 1223->0(1219)
[60.259s][info][gc,heap        ] GC(61) Survivor regions: 5->9(154)
[60.259s][info][gc,heap        ] GC(61) Old regions: 6->6
[60.259s][info][gc,heap        ] GC(61) Humongous regions: 0->0
[60.259s][info][gc,metaspace   ] GC(61) Metaspace: 8997K(9280K)->8997K(9280K) NonClass: 7833K(8000K)->7833K(8000K) Class: 1164K(1280K)->1164K(1280K)
[60.259s][info][gc             ] GC(61) Pause Young (Normal) (G1 Evacuation Pause) 2458M->20M(4096M) 8.023ms
[60.259s][info][gc,cpu         ] GC(61) User=0.02s Sys=0.00s Real=0.01s
[61.261s][info][gc,start       ] GC(62) Pause Full (System.gc())
[61.261s][info][gc,task        ] GC(62) Using 6 workers of 6 for full compaction
[61.261s][info][gc,phases,start] GC(62) Phase 1: Mark live objects
[61.263s][info][gc,phases      ] GC(62) Phase 1: Mark live objects 2.014ms
[61.263s][info][gc,phases,start] GC(62) Phase 2: Prepare compaction
[61.265s][info][gc,phases      ] GC(62) Phase 2: Prepare compaction 1.877ms
[61.265s][info][gc,phases,start] GC(62) Phase 3: Adjust pointers
[61.267s][info][gc,phases      ] GC(62) Phase 3: Adjust pointers 2.281ms
[61.267s][info][gc,phases,start] GC(62) Phase 4: Compact heap
[61.269s][info][gc,phases      ] GC(62) Phase 4: Compact heap 1.798ms
[61.269s][info][gc,phases,start] GC(62) Phase 5: Reset Metadata
[61.270s][info][gc,phases      ] GC(62) Phase 5: Reset Metadata 0.900ms
[61.279s][info][gc,heap        ] GC(62) Eden regions: 895->0(1228)
[61.279s][info][gc,heap        ] GC(62) Survivor regions: 9->0(154)
[61.279s][info][gc,heap        ] GC(62) Old regions: 6->6
[61.279s][info][gc,heap        ] GC(62) Humongous regions: 5->0
[61.279s][info][gc,metaspace   ] GC(62) Metaspace: 8999K(9280K)->8999K(9280K) NonClass: 7835K(8000K)->7835K(8000K) Class: 1164K(1280K)->1164K(1280K)
[61.279s][info][gc             ] GC(62) Pause Full (System.gc()) 1819M->3M(4096M) 18.036ms
[61.279s][info][gc,cpu         ] GC(62) User=0.02s Sys=0.00s Real=0.02s
[62.243s][info][gc,start       ] GC(63) Pause Young (Normal) (G1 Evacuation Pause)
[62.243s][info][gc,task        ] GC(63) Using 6 workers of 6 for evacuation
[62.248s][info][gc,phases      ] GC(63)   Pre Evacuate Collection Set: 0.5ms
[62.248s][info][gc,phases      ] GC(63)   Merge Heap Roots: 0.2ms
[62.248s][info][gc,phases      ] GC(63)   Evacuate Collection Set: 3.2ms
[62.248s][info][gc,phases      ] GC(63)   Post Evacuate Collection Set: 1.2ms
[62.248s][info][gc,phases      ] GC(63)   Other: 0.1ms
[62.248s][info][gc,heap        ] GC(63) Eden regions: 1228->0(1223)
[62.248s][info][gc,heap        ] GC(63) Survivor regions: 0->5(154)
[62.248s][info][gc,heap        ] GC(63) Old regions: 6->6
[62.248s][info][gc,heap        ] GC(63) Humongous regions: 0->0
[62.248s][info][gc,metaspace   ] GC(63) Metaspace: 8999K(9280K)->8999K(9280K) NonClass: 7835K(8000K)->7835K(8000K) Class: 1164K(1280K)->1164K(1280K)
[62.249s][info][gc             ] GC(63) Pause Young (Normal) (G1 Evacuation Pause) 2459M->12M(4096M) 5.473ms
[62.249s][info][gc,cpu         ] GC(63) User=0.02s Sys=0.00s Real=0.02s
[63.241s][info][gc,start       ] GC(64) Pause Young (Normal) (G1 Evacuation Pause)
[63.241s][info][gc,task        ] GC(64) Using 6 workers of 6 for evacuation
[63.249s][info][gc,phases      ] GC(64)   Pre Evacuate Collection Set: 0.6ms
[63.249s][info][gc,phases      ] GC(64)   Merge Heap Roots: 0.3ms
[63.249s][info][gc,phases      ] GC(64)   Evacuate Collection Set: 5.6ms
[63.249s][info][gc,phases      ] GC(64)   Post Evacuate Collection Set: 1.2ms
[63.249s][info][gc,phases      ] GC(64)   Other: 0.2ms
[63.249s][info][gc,heap        ] GC(64) Eden regions: 1223->0(1219)
[63.249s][info][gc,heap        ] GC(64) Survivor regions: 5->9(154)
[63.249s][info][gc,heap        ] GC(64) Old regions: 6->6
[63.249s][info][gc,heap        ] GC(64) Humongous regions: 0->0
[63.249s][info][gc,metaspace   ] GC(64) Metaspace: 8999K(9280K)->8999K(9280K) NonClass: 7835K(8000K)->7835K(8000K) Class: 1164K(1280K)->1164K(1280K)
[63.249s][info][gc             ] GC(64) Pause Young (Normal) (G1 Evacuation Pause) 2458M->20M(4096M) 8.053ms
[63.249s][info][gc,cpu         ] GC(64) User=0.00s Sys=0.00s Real=0.00s
[64.250s][info][gc,start       ] GC(65) Pause Full (System.gc())
[64.250s][info][gc,task        ] GC(65) Using 6 workers of 6 for full compaction
[64.250s][info][gc,phases,start] GC(65) Phase 1: Mark live objects
[64.252s][info][gc,phases      ] GC(65) Phase 1: Mark live objects 1.979ms
[64.252s][info][gc,phases,start] GC(65) Phase 2: Prepare compaction
[64.254s][info][gc,phases      ] GC(65) Phase 2: Prepare compaction 1.872ms
[64.254s][info][gc,phases,start] GC(65) Phase 3: Adjust pointers
[64.257s][info][gc,phases      ] GC(65) Phase 3: Adjust pointers 2.329ms
[64.257s][info][gc,phases,start] GC(65) Phase 4: Compact heap
[64.258s][info][gc,phases      ] GC(65) Phase 4: Compact heap 1.373ms
[64.258s][info][gc,phases,start] GC(65) Phase 5: Reset Metadata
[64.259s][info][gc,phases      ] GC(65) Phase 5: Reset Metadata 0.714ms
[64.267s][info][gc,heap        ] GC(65) Eden regions: 895->0(1228)
[64.267s][info][gc,heap        ] GC(65) Survivor regions: 9->0(154)
[64.267s][info][gc,heap        ] GC(65) Old regions: 6->6
[64.267s][info][gc,heap        ] GC(65) Humongous regions: 5->0
[64.267s][info][gc,metaspace   ] GC(65) Metaspace: 8999K(9280K)->8999K(9280K) NonClass: 7835K(8000K)->7835K(8000K) Class: 1164K(1280K)->1164K(1280K)
[64.267s][info][gc             ] GC(65) Pause Full (System.gc()) 1819M->3M(4096M) 17.304ms
[64.267s][info][gc,cpu         ] GC(65) User=0.00s Sys=0.00s Real=0.02s
[65.233s][info][gc,start       ] GC(66) Pause Young (Normal) (G1 Evacuation Pause)
[65.233s][info][gc,task        ] GC(66) Using 6 workers of 6 for evacuation
[65.239s][info][gc,phases      ] GC(66)   Pre Evacuate Collection Set: 0.5ms
[65.239s][info][gc,phases      ] GC(66)   Merge Heap Roots: 0.3ms
[65.239s][info][gc,phases      ] GC(66)   Evacuate Collection Set: 3.3ms
[65.239s][info][gc,phases      ] GC(66)   Post Evacuate Collection Set: 1.1ms
[65.239s][info][gc,phases      ] GC(66)   Other: 0.1ms
[65.239s][info][gc,heap        ] GC(66) Eden regions: 1228->0(1223)
[65.239s][info][gc,heap        ] GC(66) Survivor regions: 0->5(154)
[65.239s][info][gc,heap        ] GC(66) Old regions: 6->6
[65.239s][info][gc,heap        ] GC(66) Humongous regions: 0->0
[65.239s][info][gc,metaspace   ] GC(66) Metaspace: 9000K(9280K)->9000K(9280K) NonClass: 7835K(8000K)->7835K(8000K) Class: 1164K(1280K)->1164K(1280K)
[65.239s][info][gc             ] GC(66) Pause Young (Normal) (G1 Evacuation Pause) 2459M->12M(4096M) 5.483ms
[65.239s][info][gc,cpu         ] GC(66) User=0.00s Sys=0.00s Real=0.00s
[66.230s][info][gc,start       ] GC(67) Pause Young (Normal) (G1 Evacuation Pause)
[66.230s][info][gc,task        ] GC(67) Using 6 workers of 6 for evacuation
[66.238s][info][gc,phases      ] GC(67)   Pre Evacuate Collection Set: 0.6ms
[66.238s][info][gc,phases      ] GC(67)   Merge Heap Roots: 0.2ms
[66.238s][info][gc,phases      ] GC(67)   Evacuate Collection Set: 5.7ms
[66.238s][info][gc,phases      ] GC(67)   Post Evacuate Collection Set: 1.2ms
[66.238s][info][gc,phases      ] GC(67)   Other: 0.2ms
[66.238s][info][gc,heap        ] GC(67) Eden regions: 1223->0(1219)
[66.238s][info][gc,heap        ] GC(67) Survivor regions: 5->9(154)
[66.238s][info][gc,heap        ] GC(67) Old regions: 6->6
[66.238s][info][gc,heap        ] GC(67) Humongous regions: 0->0
[66.238s][info][gc,metaspace   ] GC(67) Metaspace: 9000K(9280K)->9000K(9280K) NonClass: 7835K(8000K)->7835K(8000K) Class: 1164K(1280K)->1164K(1280K)
[66.238s][info][gc             ] GC(67) Pause Young (Normal) (G1 Evacuation Pause) 2458M->20M(4096M) 8.054ms
[66.238s][info][gc,cpu         ] GC(67) User=0.02s Sys=0.00s Real=0.02s
[67.240s][info][gc,start       ] GC(68) Pause Full (System.gc())
[67.240s][info][gc,task        ] GC(68) Using 6 workers of 6 for full compaction
[67.241s][info][gc,phases,start] GC(68) Phase 1: Mark live objects
[67.243s][info][gc,phases      ] GC(68) Phase 1: Mark live objects 2.126ms
[67.243s][info][gc,phases,start] GC(68) Phase 2: Prepare compaction
[67.245s][info][gc,phases      ] GC(68) Phase 2: Prepare compaction 1.896ms
[67.245s][info][gc,phases,start] GC(68) Phase 3: Adjust pointers
[67.247s][info][gc,phases      ] GC(68) Phase 3: Adjust pointers 2.123ms
[67.247s][info][gc,phases,start] GC(68) Phase 4: Compact heap
[67.249s][info][gc,phases      ] GC(68) Phase 4: Compact heap 1.986ms
[67.249s][info][gc,phases,start] GC(68) Phase 5: Reset Metadata
[67.250s][info][gc,phases      ] GC(68) Phase 5: Reset Metadata 0.933ms
[67.258s][info][gc,heap        ] GC(68) Eden regions: 895->0(1228)
[67.258s][info][gc,heap        ] GC(68) Survivor regions: 9->0(154)
[67.258s][info][gc,heap        ] GC(68) Old regions: 6->6
[67.258s][info][gc,heap        ] GC(68) Humongous regions: 5->0
[67.258s][info][gc,metaspace   ] GC(68) Metaspace: 9001K(9280K)->9001K(9280K) NonClass: 7837K(8000K)->7837K(8000K) Class: 1164K(1280K)->1164K(1280K)
[67.258s][info][gc             ] GC(68) Pause Full (System.gc()) 1820M->3M(4096M) 18.225ms
[67.258s][info][gc,cpu         ] GC(68) User=0.02s Sys=0.00s Real=0.02s
[68.224s][info][gc,start       ] GC(69) Pause Young (Normal) (G1 Evacuation Pause)
[68.224s][info][gc,task        ] GC(69) Using 6 workers of 6 for evacuation
[68.230s][info][gc,phases      ] GC(69)   Pre Evacuate Collection Set: 0.5ms
[68.230s][info][gc,phases      ] GC(69)   Merge Heap Roots: 0.3ms
[68.230s][info][gc,phases      ] GC(69)   Evacuate Collection Set: 3.5ms
[68.230s][info][gc,phases      ] GC(69)   Post Evacuate Collection Set: 1.4ms
[68.230s][info][gc,phases      ] GC(69)   Other: 0.2ms
[68.230s][info][gc,heap        ] GC(69) Eden regions: 1228->0(1223)
[68.230s][info][gc,heap        ] GC(69) Survivor regions: 0->5(154)
[68.230s][info][gc,heap        ] GC(69) Old regions: 6->6
[68.230s][info][gc,heap        ] GC(69) Humongous regions: 0->0
[68.230s][info][gc,metaspace   ] GC(69) Metaspace: 9015K(9280K)->9015K(9280K) NonClass: 7851K(8000K)->7851K(8000K) Class: 1164K(1280K)->1164K(1280K)
[68.230s][info][gc             ] GC(69) Pause Young (Normal) (G1 Evacuation Pause) 2459M->13M(4096M) 6.033ms
[68.230s][info][gc,cpu         ] GC(69) User=0.02s Sys=0.00s Real=0.01s
[69.226s][info][gc,start       ] GC(70) Pause Young (Normal) (G1 Evacuation Pause)
[69.226s][info][gc,task        ] GC(70) Using 6 workers of 6 for evacuation
[69.234s][info][gc,phases      ] GC(70)   Pre Evacuate Collection Set: 0.5ms
[69.234s][info][gc,phases      ] GC(70)   Merge Heap Roots: 0.3ms
[69.234s][info][gc,phases      ] GC(70)   Evacuate Collection Set: 5.8ms
[69.234s][info][gc,phases      ] GC(70)   Post Evacuate Collection Set: 1.2ms
[69.234s][info][gc,phases      ] GC(70)   Other: 0.2ms
[69.234s][info][gc,heap        ] GC(70) Eden regions: 1223->0(1219)
[69.234s][info][gc,heap        ] GC(70) Survivor regions: 5->9(154)
[69.234s][info][gc,heap        ] GC(70) Old regions: 6->6
[69.234s][info][gc,heap        ] GC(70) Humongous regions: 0->0
[69.234s][info][gc,metaspace   ] GC(70) Metaspace: 9015K(9280K)->9015K(9280K) NonClass: 7851K(8000K)->7851K(8000K) Class: 1164K(1280K)->1164K(1280K)
[69.234s][info][gc             ] GC(70) Pause Young (Normal) (G1 Evacuation Pause) 2459M->20M(4096M) 8.329ms
[69.234s][info][gc,cpu         ] GC(70) User=0.00s Sys=0.00s Real=0.02s
[70.234s][info][gc,start       ] GC(71) Pause Full (System.gc())
[70.235s][info][gc,task        ] GC(71) Using 6 workers of 6 for full compaction
[70.235s][info][gc,phases,start] GC(71) Phase 1: Mark live objects
[70.237s][info][gc,phases      ] GC(71) Phase 1: Mark live objects 2.001ms
[70.237s][info][gc,phases,start] GC(71) Phase 2: Prepare compaction
[70.239s][info][gc,phases      ] GC(71) Phase 2: Prepare compaction 2.088ms
[70.239s][info][gc,phases,start] GC(71) Phase 3: Adjust pointers
[70.241s][info][gc,phases      ] GC(71) Phase 3: Adjust pointers 2.057ms
[70.241s][info][gc,phases,start] GC(71) Phase 4: Compact heap
[70.243s][info][gc,phases      ] GC(71) Phase 4: Compact heap 1.410ms
[70.243s][info][gc,phases,start] GC(71) Phase 5: Reset Metadata
[70.243s][info][gc,phases      ] GC(71) Phase 5: Reset Metadata 0.744ms
[70.252s][info][gc,heap        ] GC(71) Eden regions: 895->0(1228)
[70.252s][info][gc,heap        ] GC(71) Survivor regions: 9->0(154)
[70.252s][info][gc,heap        ] GC(71) Old regions: 6->6
[70.252s][info][gc,heap        ] GC(71) Humongous regions: 5->0
[70.252s][info][gc,metaspace   ] GC(71) Metaspace: 9015K(9280K)->9015K(9280K) NonClass: 7851K(8000K)->7851K(8000K) Class: 1164K(1280K)->1164K(1280K)
[70.252s][info][gc             ] GC(71) Pause Full (System.gc()) 1819M->3M(4096M) 17.777ms
[70.252s][info][gc,cpu         ] GC(71) User=0.00s Sys=0.00s Real=0.02s
[71.215s][info][gc,start       ] GC(72) Pause Young (Normal) (G1 Evacuation Pause)
[71.215s][info][gc,task        ] GC(72) Using 6 workers of 6 for evacuation
[71.220s][info][gc,phases      ] GC(72)   Pre Evacuate Collection Set: 0.4ms
[71.220s][info][gc,phases      ] GC(72)   Merge Heap Roots: 0.3ms
[71.220s][info][gc,phases      ] GC(72)   Evacuate Collection Set: 3.2ms
[71.220s][info][gc,phases      ] GC(72)   Post Evacuate Collection Set: 1.3ms
[71.220s][info][gc,phases      ] GC(72)   Other: 0.1ms
[71.220s][info][gc,heap        ] GC(72) Eden regions: 1228->0(1223)
[71.220s][info][gc,heap        ] GC(72) Survivor regions: 0->5(154)
[71.220s][info][gc,heap        ] GC(72) Old regions: 6->6
[71.220s][info][gc,heap        ] GC(72) Humongous regions: 0->0
[71.220s][info][gc,metaspace   ] GC(72) Metaspace: 9016K(9280K)->9016K(9280K) NonClass: 7852K(8000K)->7852K(8000K) Class: 1164K(1280K)->1164K(1280K)
[71.220s][info][gc             ] GC(72) Pause Young (Normal) (G1 Evacuation Pause) 2459M->12M(4096M) 5.496ms
[71.220s][info][gc,cpu         ] GC(72) User=0.00s Sys=0.00s Real=0.00s
[72.214s][info][gc,start       ] GC(73) Pause Young (Normal) (G1 Evacuation Pause)
[72.214s][info][gc,task        ] GC(73) Using 6 workers of 6 for evacuation
[72.222s][info][gc,phases      ] GC(73)   Pre Evacuate Collection Set: 0.6ms
[72.222s][info][gc,phases      ] GC(73)   Merge Heap Roots: 0.3ms
[72.222s][info][gc,phases      ] GC(73)   Evacuate Collection Set: 5.9ms
[72.222s][info][gc,phases      ] GC(73)   Post Evacuate Collection Set: 1.1ms
[72.222s][info][gc,phases      ] GC(73)   Other: 0.2ms
[72.222s][info][gc,heap        ] GC(73) Eden regions: 1223->0(1219)
[72.222s][info][gc,heap        ] GC(73) Survivor regions: 5->9(154)
[72.222s][info][gc,heap        ] GC(73) Old regions: 6->6
[72.222s][info][gc,heap        ] GC(73) Humongous regions: 0->0
[72.222s][info][gc,metaspace   ] GC(73) Metaspace: 9016K(9280K)->9016K(9280K) NonClass: 7852K(8000K)->7852K(8000K) Class: 1164K(1280K)->1164K(1280K)
[72.222s][info][gc             ] GC(73) Pause Young (Normal) (G1 Evacuation Pause) 2458M->20M(4096M) 8.295ms
[72.222s][info][gc,cpu         ] GC(73) User=0.02s Sys=0.00s Real=0.02s
[73.226s][info][gc,start       ] GC(74) Pause Full (System.gc())
[73.226s][info][gc,task        ] GC(74) Using 6 workers of 6 for full compaction
[73.226s][info][gc,phases,start] GC(74) Phase 1: Mark live objects
[73.228s][info][gc,phases      ] GC(74) Phase 1: Mark live objects 2.049ms
[73.228s][info][gc,phases,start] GC(74) Phase 2: Prepare compaction
[73.230s][info][gc,phases      ] GC(74) Phase 2: Prepare compaction 1.876ms
[73.230s][info][gc,phases,start] GC(74) Phase 3: Adjust pointers
[73.233s][info][gc,phases      ] GC(74) Phase 3: Adjust pointers 2.280ms
[73.233s][info][gc,phases,start] GC(74) Phase 4: Compact heap
[73.234s][info][gc,phases      ] GC(74) Phase 4: Compact heap 1.640ms
[73.234s][info][gc,phases,start] GC(74) Phase 5: Reset Metadata
[73.235s][info][gc,phases      ] GC(74) Phase 5: Reset Metadata 1.070ms
[73.244s][info][gc,heap        ] GC(74) Eden regions: 895->0(1228)
[73.244s][info][gc,heap        ] GC(74) Survivor regions: 9->0(154)
[73.244s][info][gc,heap        ] GC(74) Old regions: 6->6
[73.244s][info][gc,heap        ] GC(74) Humongous regions: 5->0
[73.244s][info][gc,metaspace   ] GC(74) Metaspace: 9017K(9280K)->9017K(9280K) NonClass: 7853K(8000K)->7853K(8000K) Class: 1164K(1280K)->1164K(1280K)
[73.244s][info][gc             ] GC(74) Pause Full (System.gc()) 1819M->3M(4096M) 18.016ms
[73.244s][info][gc,cpu         ] GC(74) User=0.02s Sys=0.00s Real=0.02s
[74.209s][info][gc,start       ] GC(75) Pause Young (Normal) (G1 Evacuation Pause)
[74.209s][info][gc,task        ] GC(75) Using 6 workers of 6 for evacuation
[74.214s][info][gc,phases      ] GC(75)   Pre Evacuate Collection Set: 0.5ms
[74.214s][info][gc,phases      ] GC(75)   Merge Heap Roots: 0.3ms
[74.214s][info][gc,phases      ] GC(75)   Evacuate Collection Set: 3.3ms
[74.214s][info][gc,phases      ] GC(75)   Post Evacuate Collection Set: 1.1ms
[74.214s][info][gc,phases      ] GC(75)   Other: 0.2ms
[74.214s][info][gc,heap        ] GC(75) Eden regions: 1228->0(1223)
[74.214s][info][gc,heap        ] GC(75) Survivor regions: 0->5(154)
[74.214s][info][gc,heap        ] GC(75) Old regions: 6->6
[74.214s][info][gc,heap        ] GC(75) Humongous regions: 0->0
[74.214s][info][gc,metaspace   ] GC(75) Metaspace: 9017K(9280K)->9017K(9280K) NonClass: 7853K(8000K)->7853K(8000K) Class: 1164K(1280K)->1164K(1280K)
[74.214s][info][gc             ] GC(75) Pause Young (Normal) (G1 Evacuation Pause) 2459M->12M(4096M) 5.628ms
[74.214s][info][gc,cpu         ] GC(75) User=0.02s Sys=0.00s Real=0.01s
[75.207s][info][gc,start       ] GC(76) Pause Young (Normal) (G1 Evacuation Pause)
[75.207s][info][gc,task        ] GC(76) Using 6 workers of 6 for evacuation
[75.215s][info][gc,phases      ] GC(76)   Pre Evacuate Collection Set: 0.5ms
[75.215s][info][gc,phases      ] GC(76)   Merge Heap Roots: 0.2ms
[75.215s][info][gc,phases      ] GC(76)   Evacuate Collection Set: 5.5ms
[75.215s][info][gc,phases      ] GC(76)   Post Evacuate Collection Set: 1.2ms
[75.215s][info][gc,phases      ] GC(76)   Other: 0.2ms
[75.215s][info][gc,heap        ] GC(76) Eden regions: 1223->0(1219)
[75.215s][info][gc,heap        ] GC(76) Survivor regions: 5->9(154)
[75.215s][info][gc,heap        ] GC(76) Old regions: 6->6
[75.215s][info][gc,heap        ] GC(76) Humongous regions: 0->0
[75.215s][info][gc,metaspace   ] GC(76) Metaspace: 9017K(9280K)->9017K(9280K) NonClass: 7853K(8000K)->7853K(8000K) Class: 1164K(1280K)->1164K(1280K)
[75.215s][info][gc             ] GC(76) Pause Young (Normal) (G1 Evacuation Pause) 2458M->20M(4096M) 7.903ms
[75.215s][info][gc,cpu         ] GC(76) User=0.00s Sys=0.00s Real=0.01s
[76.215s][info][gc,start       ] GC(77) Pause Full (System.gc())
[76.215s][info][gc,task        ] GC(77) Using 6 workers of 6 for full compaction
[76.215s][info][gc,phases,start] GC(77) Phase 1: Mark live objects
[76.217s][info][gc,phases      ] GC(77) Phase 1: Mark live objects 2.034ms
[76.217s][info][gc,phases,start] GC(77) Phase 2: Prepare compaction
[76.219s][info][gc,phases      ] GC(77) Phase 2: Prepare compaction 1.866ms
[76.219s][info][gc,phases,start] GC(77) Phase 3: Adjust pointers
[76.221s][info][gc,phases      ] GC(77) Phase 3: Adjust pointers 2.199ms
[76.221s][info][gc,phases,start] GC(77) Phase 4: Compact heap
[76.223s][info][gc,phases      ] GC(77) Phase 4: Compact heap 1.670ms
[76.223s][info][gc,phases,start] GC(77) Phase 5: Reset Metadata
[76.224s][info][gc,phases      ] GC(77) Phase 5: Reset Metadata 0.910ms
[76.232s][info][gc,heap        ] GC(77) Eden regions: 895->0(1228)
[76.232s][info][gc,heap        ] GC(77) Survivor regions: 9->0(154)
[76.232s][info][gc,heap        ] GC(77) Old regions: 6->6
[76.232s][info][gc,heap        ] GC(77) Humongous regions: 5->0
[76.232s][info][gc,metaspace   ] GC(77) Metaspace: 9017K(9280K)->9017K(9280K) NonClass: 7853K(8000K)->7853K(8000K) Class: 1164K(1280K)->1164K(1280K)
[76.232s][info][gc             ] GC(77) Pause Full (System.gc()) 1819M->3M(4096M) 17.794ms
[76.232s][info][gc,cpu         ] GC(77) User=0.02s Sys=0.00s Real=0.01s
[77.197s][info][gc,start       ] GC(78) Pause Young (Normal) (G1 Evacuation Pause)
[77.197s][info][gc,task        ] GC(78) Using 6 workers of 6 for evacuation
[77.203s][info][gc,phases      ] GC(78)   Pre Evacuate Collection Set: 0.6ms
[77.203s][info][gc,phases      ] GC(78)   Merge Heap Roots: 0.2ms
[77.203s][info][gc,phases      ] GC(78)   Evacuate Collection Set: 3.4ms
[77.203s][info][gc,phases      ] GC(78)   Post Evacuate Collection Set: 1.0ms
[77.203s][info][gc,phases      ] GC(78)   Other: 0.1ms
[77.203s][info][gc,heap        ] GC(78) Eden regions: 1228->0(1223)
[77.203s][info][gc,heap        ] GC(78) Survivor regions: 0->5(154)
[77.203s][info][gc,heap        ] GC(78) Old regions: 6->6
[77.203s][info][gc,heap        ] GC(78) Humongous regions: 0->0
[77.203s][info][gc,metaspace   ] GC(78) Metaspace: 9018K(9280K)->9018K(9280K) NonClass: 7854K(8000K)->7854K(8000K) Class: 1164K(1280K)->1164K(1280K)
[77.203s][info][gc             ] GC(78) Pause Young (Normal) (G1 Evacuation Pause) 2459M->12M(4096M) 5.495ms
[77.203s][info][gc,cpu         ] GC(78) User=0.00s Sys=0.00s Real=0.00s
[78.198s][info][gc,start       ] GC(79) Pause Young (Normal) (G1 Evacuation Pause)
[78.198s][info][gc,task        ] GC(79) Using 6 workers of 6 for evacuation
[78.206s][info][gc,phases      ] GC(79)   Pre Evacuate Collection Set: 0.6ms
[78.206s][info][gc,phases      ] GC(79)   Merge Heap Roots: 0.3ms
[78.206s][info][gc,phases      ] GC(79)   Evacuate Collection Set: 5.7ms
[78.206s][info][gc,phases      ] GC(79)   Post Evacuate Collection Set: 1.3ms
[78.206s][info][gc,phases      ] GC(79)   Other: 0.2ms
[78.206s][info][gc,heap        ] GC(79) Eden regions: 1223->0(1219)
[78.206s][info][gc,heap        ] GC(79) Survivor regions: 5->9(154)
[78.206s][info][gc,heap        ] GC(79) Old regions: 6->6
[78.206s][info][gc,heap        ] GC(79) Humongous regions: 0->0
[78.206s][info][gc,metaspace   ] GC(79) Metaspace: 9018K(9280K)->9018K(9280K) NonClass: 7854K(8000K)->7854K(8000K) Class: 1164K(1280K)->1164K(1280K)
[78.206s][info][gc             ] GC(79) Pause Young (Normal) (G1 Evacuation Pause) 2458M->20M(4096M) 8.256ms
[78.206s][info][gc,cpu         ] GC(79) User=0.02s Sys=0.00s Real=0.01s
[79.207s][info][gc,start       ] GC(80) Pause Full (System.gc())
[79.207s][info][gc,task        ] GC(80) Using 6 workers of 6 for full compaction
[79.208s][info][gc,phases,start] GC(80) Phase 1: Mark live objects
[79.209s][info][gc,phases      ] GC(80) Phase 1: Mark live objects 1.863ms
[79.209s][info][gc,phases,start] GC(80) Phase 2: Prepare compaction
[79.211s][info][gc,phases      ] GC(80) Phase 2: Prepare compaction 1.507ms
[79.211s][info][gc,phases,start] GC(80) Phase 3: Adjust pointers
[79.213s][info][gc,phases      ] GC(80) Phase 3: Adjust pointers 1.934ms
[79.213s][info][gc,phases,start] GC(80) Phase 4: Compact heap
[79.214s][info][gc,phases      ] GC(80) Phase 4: Compact heap 1.234ms
[79.214s][info][gc,phases,start] GC(80) Phase 5: Reset Metadata
[79.215s][info][gc,phases      ] GC(80) Phase 5: Reset Metadata 0.871ms
[79.224s][info][gc,heap        ] GC(80) Eden regions: 895->0(1228)
[79.225s][info][gc,heap        ] GC(80) Survivor regions: 9->0(154)
[79.225s][info][gc,heap        ] GC(80) Old regions: 6->6
[79.225s][info][gc,heap        ] GC(80) Humongous regions: 5->0
[79.225s][info][gc,metaspace   ] GC(80) Metaspace: 9024K(9280K)->9024K(9280K) NonClass: 7860K(8000K)->7860K(8000K) Class: 1164K(1280K)->1164K(1280K)
[79.225s][info][gc             ] GC(80) Pause Full (System.gc()) 1819M->3M(4096M) 18.019ms
[79.225s][info][gc,cpu         ] GC(80) User=0.02s Sys=0.00s Real=0.02s
[80.194s][info][gc,start       ] GC(81) Pause Young (Normal) (G1 Evacuation Pause)
[80.194s][info][gc,task        ] GC(81) Using 6 workers of 6 for evacuation
[80.199s][info][gc,phases      ] GC(81)   Pre Evacuate Collection Set: 0.5ms
[80.199s][info][gc,phases      ] GC(81)   Merge Heap Roots: 0.2ms
[80.199s][info][gc,phases      ] GC(81)   Evacuate Collection Set: 3.1ms
[80.199s][info][gc,phases      ] GC(81)   Post Evacuate Collection Set: 1.2ms
[80.199s][info][gc,phases      ] GC(81)   Other: 0.2ms
[80.199s][info][gc,heap        ] GC(81) Eden regions: 1228->0(1223)
[80.199s][info][gc,heap        ] GC(81) Survivor regions: 0->5(154)
[80.199s][info][gc,heap        ] GC(81) Old regions: 6->6
[80.199s][info][gc,heap        ] GC(81) Humongous regions: 0->0
[80.199s][info][gc,metaspace   ] GC(81) Metaspace: 9025K(9280K)->9025K(9280K) NonClass: 7860K(8000K)->7860K(8000K) Class: 1164K(1280K)->1164K(1280K)
[80.199s][info][gc             ] GC(81) Pause Young (Normal) (G1 Evacuation Pause) 2459M->12M(4096M) 5.502ms
[80.199s][info][gc,cpu         ] GC(81) User=0.03s Sys=0.00s Real=0.02s
[81.192s][info][gc,start       ] GC(82) Pause Young (Normal) (G1 Evacuation Pause)
[81.192s][info][gc,task        ] GC(82) Using 6 workers of 6 for evacuation
[81.200s][info][gc,phases      ] GC(82)   Pre Evacuate Collection Set: 0.5ms
[81.200s][info][gc,phases      ] GC(82)   Merge Heap Roots: 0.3ms
[81.200s][info][gc,phases      ] GC(82)   Evacuate Collection Set: 5.8ms
[81.200s][info][gc,phases      ] GC(82)   Post Evacuate Collection Set: 1.1ms
[81.200s][info][gc,phases      ] GC(82)   Other: 0.2ms
[81.200s][info][gc,heap        ] GC(82) Eden regions: 1223->0(1219)
[81.200s][info][gc,heap        ] GC(82) Survivor regions: 5->9(154)
[81.200s][info][gc,heap        ] GC(82) Old regions: 6->6
[81.200s][info][gc,heap        ] GC(82) Humongous regions: 0->0
[81.200s][info][gc,metaspace   ] GC(82) Metaspace: 9025K(9280K)->9025K(9280K) NonClass: 7860K(8000K)->7860K(8000K) Class: 1164K(1280K)->1164K(1280K)
[81.200s][info][gc             ] GC(82) Pause Young (Normal) (G1 Evacuation Pause) 2458M->19M(4096M) 8.073ms
[81.200s][info][gc,cpu         ] GC(82) User=0.00s Sys=0.00s Real=0.00s
[82.203s][info][gc,start       ] GC(83) Pause Full (System.gc())
[82.203s][info][gc,task        ] GC(83) Using 6 workers of 6 for full compaction
[82.203s][info][gc,phases,start] GC(83) Phase 1: Mark live objects
[82.205s][info][gc,phases      ] GC(83) Phase 1: Mark live objects 2.080ms
[82.205s][info][gc,phases,start] GC(83) Phase 2: Prepare compaction
[82.207s][info][gc,phases      ] GC(83) Phase 2: Prepare compaction 2.046ms
[82.207s][info][gc,phases,start] GC(83) Phase 3: Adjust pointers
[82.209s][info][gc,phases      ] GC(83) Phase 3: Adjust pointers 2.094ms
[82.209s][info][gc,phases,start] GC(83) Phase 4: Compact heap
[82.211s][info][gc,phases      ] GC(83) Phase 4: Compact heap 1.399ms
[82.211s][info][gc,phases,start] GC(83) Phase 5: Reset Metadata
[82.212s][info][gc,phases      ] GC(83) Phase 5: Reset Metadata 1.118ms
[82.220s][info][gc,heap        ] GC(83) Eden regions: 895->0(1228)
[82.220s][info][gc,heap        ] GC(83) Survivor regions: 9->0(154)
[82.220s][info][gc,heap        ] GC(83) Old regions: 6->6
[82.220s][info][gc,heap        ] GC(83) Humongous regions: 5->0
[82.220s][info][gc,metaspace   ] GC(83) Metaspace: 9025K(9280K)->9025K(9280K) NonClass: 7860K(8000K)->7860K(8000K) Class: 1164K(1280K)->1164K(1280K)
[82.220s][info][gc             ] GC(83) Pause Full (System.gc()) 1818M->3M(4096M) 17.672ms
[82.220s][info][gc,cpu         ] GC(83) User=0.02s Sys=0.00s Real=0.02s
[83.189s][info][gc,start       ] GC(84) Pause Young (Normal) (G1 Evacuation Pause)
[83.189s][info][gc,task        ] GC(84) Using 6 workers of 6 for evacuation
[83.194s][info][gc,phases      ] GC(84)   Pre Evacuate Collection Set: 0.5ms
[83.195s][info][gc,phases      ] GC(84)   Merge Heap Roots: 0.3ms
[83.195s][info][gc,phases      ] GC(84)   Evacuate Collection Set: 3.3ms
[83.195s][info][gc,phases      ] GC(84)   Post Evacuate Collection Set: 1.2ms
[83.195s][info][gc,phases      ] GC(84)   Other: 0.2ms
[83.195s][info][gc,heap        ] GC(84) Eden regions: 1228->0(1223)
[83.195s][info][gc,heap        ] GC(84) Survivor regions: 0->5(154)
[83.195s][info][gc,heap        ] GC(84) Old regions: 6->6
[83.195s][info][gc,heap        ] GC(84) Humongous regions: 0->0
[83.195s][info][gc,metaspace   ] GC(84) Metaspace: 9025K(9280K)->9025K(9280K) NonClass: 7860K(8000K)->7860K(8000K) Class: 1164K(1280K)->1164K(1280K)
[83.195s][info][gc             ] GC(84) Pause Young (Normal) (G1 Evacuation Pause) 2459M->13M(4096M) 5.697ms
[83.195s][info][gc,cpu         ] GC(84) User=0.02s Sys=0.00s Real=0.02s
[84.190s][info][gc,start       ] GC(85) Pause Young (Normal) (G1 Evacuation Pause)
[84.190s][info][gc,task        ] GC(85) Using 6 workers of 6 for evacuation
[84.197s][info][gc,phases      ] GC(85)   Pre Evacuate Collection Set: 0.2ms
[84.197s][info][gc,phases      ] GC(85)   Merge Heap Roots: 0.1ms
[84.197s][info][gc,phases      ] GC(85)   Evacuate Collection Set: 5.5ms
[84.197s][info][gc,phases      ] GC(85)   Post Evacuate Collection Set: 1.3ms
[84.197s][info][gc,phases      ] GC(85)   Other: 0.1ms
[84.197s][info][gc,heap        ] GC(85) Eden regions: 1223->0(1219)
[84.197s][info][gc,heap        ] GC(85) Survivor regions: 5->9(154)
[84.197s][info][gc,heap        ] GC(85) Old regions: 6->6
[84.197s][info][gc,heap        ] GC(85) Humongous regions: 0->0
[84.197s][info][gc,metaspace   ] GC(85) Metaspace: 9025K(9280K)->9025K(9280K) NonClass: 7860K(8000K)->7860K(8000K) Class: 1164K(1280K)->1164K(1280K)
[84.197s][info][gc             ] GC(85) Pause Young (Normal) (G1 Evacuation Pause) 2459M->20M(4096M) 7.401ms
[84.197s][info][gc,cpu         ] GC(85) User=0.00s Sys=0.00s Real=0.00s
[85.208s][info][gc,start       ] GC(86) Pause Full (System.gc())
[85.208s][info][gc,task        ] GC(86) Using 6 workers of 6 for full compaction
[85.208s][info][gc,phases,start] GC(86) Phase 1: Mark live objects
[85.210s][info][gc,phases      ] GC(86) Phase 1: Mark live objects 1.866ms
[85.210s][info][gc,phases,start] GC(86) Phase 2: Prepare compaction
[85.211s][info][gc,phases      ] GC(86) Phase 2: Prepare compaction 1.560ms
[85.211s][info][gc,phases,start] GC(86) Phase 3: Adjust pointers
[85.213s][info][gc,phases      ] GC(86) Phase 3: Adjust pointers 1.769ms
[85.213s][info][gc,phases,start] GC(86) Phase 4: Compact heap
[85.215s][info][gc,phases      ] GC(86) Phase 4: Compact heap 1.262ms
[85.215s][info][gc,phases,start] GC(86) Phase 5: Reset Metadata
[85.216s][info][gc,phases      ] GC(86) Phase 5: Reset Metadata 0.935ms
[85.224s][info][gc,heap        ] GC(86) Eden regions: 895->0(1228)
[85.225s][info][gc,heap        ] GC(86) Survivor regions: 9->0(154)
[85.225s][info][gc,heap        ] GC(86) Old regions: 6->6
[85.225s][info][gc,heap        ] GC(86) Humongous regions: 5->0
[85.225s][info][gc,metaspace   ] GC(86) Metaspace: 9025K(9280K)->9025K(9280K) NonClass: 7860K(8000K)->7860K(8000K) Class: 1164K(1280K)->1164K(1280K)
[85.225s][info][gc             ] GC(86) Pause Full (System.gc()) 1819M->3M(4096M) 17.072ms
[85.225s][info][gc,cpu         ] GC(86) User=0.02s Sys=0.00s Real=0.02s
[86.196s][info][gc,start       ] GC(87) Pause Young (Normal) (G1 Evacuation Pause)
[86.196s][info][gc,task        ] GC(87) Using 6 workers of 6 for evacuation
[86.201s][info][gc,phases      ] GC(87)   Pre Evacuate Collection Set: 0.6ms
[86.201s][info][gc,phases      ] GC(87)   Merge Heap Roots: 0.3ms
[86.201s][info][gc,phases      ] GC(87)   Evacuate Collection Set: 3.1ms
[86.201s][info][gc,phases      ] GC(87)   Post Evacuate Collection Set: 1.1ms
[86.201s][info][gc,phases      ] GC(87)   Other: 0.2ms
[86.201s][info][gc,heap        ] GC(87) Eden regions: 1228->0(1223)
[86.201s][info][gc,heap        ] GC(87) Survivor regions: 0->5(154)
[86.201s][info][gc,heap        ] GC(87) Old regions: 6->6
[86.201s][info][gc,heap        ] GC(87) Humongous regions: 0->0
[86.201s][info][gc,metaspace   ] GC(87) Metaspace: 9025K(9280K)->9025K(9280K) NonClass: 7860K(8000K)->7860K(8000K) Class: 1164K(1280K)->1164K(1280K)
[86.201s][info][gc             ] GC(87) Pause Young (Normal) (G1 Evacuation Pause) 2459M->12M(4096M) 5.519ms
[86.201s][info][gc,cpu         ] GC(87) User=0.00s Sys=0.00s Real=0.00s
[87.198s][info][gc,start       ] GC(88) Pause Young (Normal) (G1 Evacuation Pause)
[87.198s][info][gc,task        ] GC(88) Using 6 workers of 6 for evacuation
[87.206s][info][gc,phases      ] GC(88)   Pre Evacuate Collection Set: 0.4ms
[87.206s][info][gc,phases      ] GC(88)   Merge Heap Roots: 0.2ms
[87.206s][info][gc,phases      ] GC(88)   Evacuate Collection Set: 6.2ms
[87.206s][info][gc,phases      ] GC(88)   Post Evacuate Collection Set: 1.1ms
[87.206s][info][gc,phases      ] GC(88)   Other: 0.2ms
[87.206s][info][gc,heap        ] GC(88) Eden regions: 1223->0(1219)
[87.206s][info][gc,heap        ] GC(88) Survivor regions: 5->9(154)
[87.206s][info][gc,heap        ] GC(88) Old regions: 6->6
[87.206s][info][gc,heap        ] GC(88) Humongous regions: 0->0
[87.206s][info][gc,metaspace   ] GC(88) Metaspace: 9025K(9280K)->9025K(9280K) NonClass: 7860K(8000K)->7860K(8000K) Class: 1164K(1280K)->1164K(1280K)
[87.206s][info][gc             ] GC(88) Pause Young (Normal) (G1 Evacuation Pause) 2458M->21M(4096M) 8.348ms
[87.206s][info][gc,cpu         ] GC(88) User=0.00s Sys=0.00s Real=0.00s
[88.209s][info][gc,start       ] GC(89) Pause Full (System.gc())
[88.209s][info][gc,task        ] GC(89) Using 6 workers of 6 for full compaction
[88.209s][info][gc,phases,start] GC(89) Phase 1: Mark live objects
[88.211s][info][gc,phases      ] GC(89) Phase 1: Mark live objects 2.061ms
[88.211s][info][gc,phases,start] GC(89) Phase 2: Prepare compaction
[88.213s][info][gc,phases      ] GC(89) Phase 2: Prepare compaction 2.026ms
[88.213s][info][gc,phases,start] GC(89) Phase 3: Adjust pointers
[88.215s][info][gc,phases      ] GC(89) Phase 3: Adjust pointers 2.113ms
[88.215s][info][gc,phases,start] GC(89) Phase 4: Compact heap
[88.218s][info][gc,phases      ] GC(89) Phase 4: Compact heap 2.143ms
[88.218s][info][gc,phases,start] GC(89) Phase 5: Reset Metadata
[88.219s][info][gc,phases      ] GC(89) Phase 5: Reset Metadata 0.945ms
[88.227s][info][gc,heap        ] GC(89) Eden regions: 895->0(1228)
[88.227s][info][gc,heap        ] GC(89) Survivor regions: 9->0(154)
[88.227s][info][gc,heap        ] GC(89) Old regions: 6->6
[88.227s][info][gc,heap        ] GC(89) Humongous regions: 5->0
[88.227s][info][gc,metaspace   ] GC(89) Metaspace: 9026K(9280K)->9026K(9280K) NonClass: 7862K(8000K)->7862K(8000K) Class: 1164K(1280K)->1164K(1280K)
[88.227s][info][gc             ] GC(89) Pause Full (System.gc()) 1820M->3M(4096M) 18.393ms
[88.227s][info][gc,cpu         ] GC(89) User=0.00s Sys=0.00s Real=0.02s
[89.191s][info][gc,start       ] GC(90) Pause Young (Normal) (G1 Evacuation Pause)
[89.191s][info][gc,task        ] GC(90) Using 6 workers of 6 for evacuation
[89.196s][info][gc,phases      ] GC(90)   Pre Evacuate Collection Set: 0.6ms
[89.196s][info][gc,phases      ] GC(90)   Merge Heap Roots: 0.2ms
[89.196s][info][gc,phases      ] GC(90)   Evacuate Collection Set: 3.2ms
[89.196s][info][gc,phases      ] GC(90)   Post Evacuate Collection Set: 1.3ms
[89.196s][info][gc,phases      ] GC(90)   Other: 0.2ms
[89.196s][info][gc,heap        ] GC(90) Eden regions: 1228->0(1223)
[89.196s][info][gc,heap        ] GC(90) Survivor regions: 0->5(154)
[89.196s][info][gc,heap        ] GC(90) Old regions: 6->6
[89.197s][info][gc,heap        ] GC(90) Humongous regions: 0->0
[89.197s][info][gc,metaspace   ] GC(90) Metaspace: 9026K(9280K)->9026K(9280K) NonClass: 7862K(8000K)->7862K(8000K) Class: 1164K(1280K)->1164K(1280K)
[89.197s][info][gc             ] GC(90) Pause Young (Normal) (G1 Evacuation Pause) 2459M->12M(4096M) 5.738ms
[89.197s][info][gc,cpu         ] GC(90) User=0.00s Sys=0.00s Real=0.02s
[90.191s][info][gc,start       ] GC(91) Pause Young (Normal) (G1 Evacuation Pause)
[90.191s][info][gc,task        ] GC(91) Using 6 workers of 6 for evacuation
[90.199s][info][gc,phases      ] GC(91)   Pre Evacuate Collection Set: 0.4ms
[90.199s][info][gc,phases      ] GC(91)   Merge Heap Roots: 0.2ms
[90.199s][info][gc,phases      ] GC(91)   Evacuate Collection Set: 5.7ms
[90.199s][info][gc,phases      ] GC(91)   Post Evacuate Collection Set: 1.2ms
[90.199s][info][gc,phases      ] GC(91)   Other: 0.2ms
[90.199s][info][gc,heap        ] GC(91) Eden regions: 1223->0(1219)
[90.199s][info][gc,heap        ] GC(91) Survivor regions: 5->9(154)
[90.199s][info][gc,heap        ] GC(91) Old regions: 6->6
[90.199s][info][gc,heap        ] GC(91) Humongous regions: 0->0
[90.199s][info][gc,metaspace   ] GC(91) Metaspace: 9026K(9280K)->9026K(9280K) NonClass: 7862K(8000K)->7862K(8000K) Class: 1164K(1280K)->1164K(1280K)
[90.199s][info][gc             ] GC(91) Pause Young (Normal) (G1 Evacuation Pause) 2458M->20M(4096M) 8.005ms
[90.199s][info][gc,cpu         ] GC(91) User=0.02s Sys=0.00s Real=0.02s
[91.200s][info][gc,start       ] GC(92) Pause Full (System.gc())
[91.201s][info][gc,task        ] GC(92) Using 6 workers of 6 for full compaction
[91.201s][info][gc,phases,start] GC(92) Phase 1: Mark live objects
[91.203s][info][gc,phases      ] GC(92) Phase 1: Mark live objects 2.393ms
[91.203s][info][gc,phases,start] GC(92) Phase 2: Prepare compaction
[91.205s][info][gc,phases      ] GC(92) Phase 2: Prepare compaction 1.841ms
[91.205s][info][gc,phases,start] GC(92) Phase 3: Adjust pointers
[91.207s][info][gc,phases      ] GC(92) Phase 3: Adjust pointers 1.956ms
[91.207s][info][gc,phases,start] GC(92) Phase 4: Compact heap
[91.209s][info][gc,phases      ] GC(92) Phase 4: Compact heap 1.399ms
[91.209s][info][gc,phases,start] GC(92) Phase 5: Reset Metadata
[91.209s][info][gc,phases      ] GC(92) Phase 5: Reset Metadata 0.830ms
[91.218s][info][gc,heap        ] GC(92) Eden regions: 895->0(1228)
[91.218s][info][gc,heap        ] GC(92) Survivor regions: 9->0(154)
[91.218s][info][gc,heap        ] GC(92) Old regions: 6->6
[91.218s][info][gc,heap        ] GC(92) Humongous regions: 5->0
[91.218s][info][gc,metaspace   ] GC(92) Metaspace: 9038K(9280K)->9038K(9280K) NonClass: 7874K(8000K)->7874K(8000K) Class: 1164K(1280K)->1164K(1280K)
[91.218s][info][gc             ] GC(92) Pause Full (System.gc()) 1819M->3M(4096M) 18.024ms
[91.218s][info][gc,cpu         ] GC(92) User=0.03s Sys=0.00s Real=0.03s
[92.182s][info][gc,start       ] GC(93) Pause Young (Normal) (G1 Evacuation Pause)
[92.182s][info][gc,task        ] GC(93) Using 6 workers of 6 for evacuation
[92.187s][info][gc,phases      ] GC(93)   Pre Evacuate Collection Set: 0.5ms
[92.187s][info][gc,phases      ] GC(93)   Merge Heap Roots: 0.3ms
[92.187s][info][gc,phases      ] GC(93)   Evacuate Collection Set: 3.2ms
[92.187s][info][gc,phases      ] GC(93)   Post Evacuate Collection Set: 1.2ms
[92.187s][info][gc,phases      ] GC(93)   Other: 0.1ms
[92.187s][info][gc,heap        ] GC(93) Eden regions: 1228->0(1223)
[92.187s][info][gc,heap        ] GC(93) Survivor regions: 0->5(154)
[92.187s][info][gc,heap        ] GC(93) Old regions: 6->6
[92.187s][info][gc,heap        ] GC(93) Humongous regions: 0->0
[92.187s][info][gc,metaspace   ] GC(93) Metaspace: 9038K(9280K)->9038K(9280K) NonClass: 7874K(8000K)->7874K(8000K) Class: 1164K(1280K)->1164K(1280K)
[92.188s][info][gc             ] GC(93) Pause Young (Normal) (G1 Evacuation Pause) 2459M->12M(4096M) 5.545ms
[92.188s][info][gc,cpu         ] GC(93) User=0.00s Sys=0.00s Real=0.00s
[93.181s][info][gc,start       ] GC(94) Pause Young (Normal) (G1 Evacuation Pause)
[93.181s][info][gc,task        ] GC(94) Using 6 workers of 6 for evacuation
[93.189s][info][gc,phases      ] GC(94)   Pre Evacuate Collection Set: 0.3ms
[93.189s][info][gc,phases      ] GC(94)   Merge Heap Roots: 0.2ms
[93.189s][info][gc,phases      ] GC(94)   Evacuate Collection Set: 5.4ms
[93.189s][info][gc,phases      ] GC(94)   Post Evacuate Collection Set: 1.2ms
[93.189s][info][gc,phases      ] GC(94)   Other: 0.2ms
[93.189s][info][gc,heap        ] GC(94) Eden regions: 1223->0(1219)
[93.189s][info][gc,heap        ] GC(94) Survivor regions: 5->9(154)
[93.189s][info][gc,heap        ] GC(94) Old regions: 6->6
[93.189s][info][gc,heap        ] GC(94) Humongous regions: 0->0
[93.189s][info][gc,metaspace   ] GC(94) Metaspace: 9038K(9280K)->9038K(9280K) NonClass: 7874K(8000K)->7874K(8000K) Class: 1164K(1280K)->1164K(1280K)
[93.189s][info][gc             ] GC(94) Pause Young (Normal) (G1 Evacuation Pause) 2458M->20M(4096M) 7.491ms
[93.189s][info][gc,cpu         ] GC(94) User=0.00s Sys=0.00s Real=0.00s
[94.190s][info][gc,start       ] GC(95) Pause Full (System.gc())
[94.190s][info][gc,task        ] GC(95) Using 6 workers of 6 for full compaction
[94.190s][info][gc,phases,start] GC(95) Phase 1: Mark live objects
[94.193s][info][gc,phases      ] GC(95) Phase 1: Mark live objects 2.408ms
[94.193s][info][gc,phases,start] GC(95) Phase 2: Prepare compaction
[94.195s][info][gc,phases      ] GC(95) Phase 2: Prepare compaction 1.903ms
[94.195s][info][gc,phases,start] GC(95) Phase 3: Adjust pointers
[94.197s][info][gc,phases      ] GC(95) Phase 3: Adjust pointers 2.476ms
[94.197s][info][gc,phases,start] GC(95) Phase 4: Compact heap
[94.199s][info][gc,phases      ] GC(95) Phase 4: Compact heap 1.763ms
[94.199s][info][gc,phases,start] GC(95) Phase 5: Reset Metadata
[94.200s][info][gc,phases      ] GC(95) Phase 5: Reset Metadata 0.729ms
[94.208s][info][gc,heap        ] GC(95) Eden regions: 895->0(1228)
[94.208s][info][gc,heap        ] GC(95) Survivor regions: 9->0(154)
[94.208s][info][gc,heap        ] GC(95) Old regions: 6->6
[94.208s][info][gc,heap        ] GC(95) Humongous regions: 5->0
[94.208s][info][gc,metaspace   ] GC(95) Metaspace: 9039K(9280K)->9039K(9280K) NonClass: 7875K(8000K)->7875K(8000K) Class: 1164K(1280K)->1164K(1280K)
[94.208s][info][gc             ] GC(95) Pause Full (System.gc()) 1819M->3M(4096M) 18.429ms
[94.208s][info][gc,cpu         ] GC(95) User=0.02s Sys=0.00s Real=0.02s
[95.172s][info][gc,start       ] GC(96) Pause Young (Normal) (G1 Evacuation Pause)
[95.172s][info][gc,task        ] GC(96) Using 6 workers of 6 for evacuation
[95.177s][info][gc,phases      ] GC(96)   Pre Evacuate Collection Set: 0.3ms
[95.177s][info][gc,phases      ] GC(96)   Merge Heap Roots: 0.3ms
[95.177s][info][gc,phases      ] GC(96)   Evacuate Collection Set: 3.3ms
[95.177s][info][gc,phases      ] GC(96)   Post Evacuate Collection Set: 1.1ms
[95.177s][info][gc,phases      ] GC(96)   Other: 0.1ms
[95.177s][info][gc,heap        ] GC(96) Eden regions: 1228->0(1223)
[95.177s][info][gc,heap        ] GC(96) Survivor regions: 0->5(154)
[95.177s][info][gc,heap        ] GC(96) Old regions: 6->6
[95.177s][info][gc,heap        ] GC(96) Humongous regions: 0->0
[95.177s][info][gc,metaspace   ] GC(96) Metaspace: 9039K(9280K)->9039K(9280K) NonClass: 7875K(8000K)->7875K(8000K) Class: 1164K(1280K)->1164K(1280K)
[95.177s][info][gc             ] GC(96) Pause Young (Normal) (G1 Evacuation Pause) 2459M->12M(4096M) 5.404ms
[95.177s][info][gc,cpu         ] GC(96) User=0.02s Sys=0.00s Real=0.02s
[96.173s][info][gc,start       ] GC(97) Pause Young (Normal) (G1 Evacuation Pause)
[96.173s][info][gc,task        ] GC(97) Using 6 workers of 6 for evacuation
[96.181s][info][gc,phases      ] GC(97)   Pre Evacuate Collection Set: 0.4ms
[96.181s][info][gc,phases      ] GC(97)   Merge Heap Roots: 0.2ms
[96.181s][info][gc,phases      ] GC(97)   Evacuate Collection Set: 5.8ms
[96.181s][info][gc,phases      ] GC(97)   Post Evacuate Collection Set: 1.1ms
[96.181s][info][gc,phases      ] GC(97)   Other: 0.2ms
[96.181s][info][gc,heap        ] GC(97) Eden regions: 1223->0(1219)
[96.181s][info][gc,heap        ] GC(97) Survivor regions: 5->9(154)
[96.181s][info][gc,heap        ] GC(97) Old regions: 6->6
[96.181s][info][gc,heap        ] GC(97) Humongous regions: 0->0
[96.181s][info][gc,metaspace   ] GC(97) Metaspace: 9039K(9280K)->9039K(9280K) NonClass: 7875K(8000K)->7875K(8000K) Class: 1164K(1280K)->1164K(1280K)
[96.181s][info][gc             ] GC(97) Pause Young (Normal) (G1 Evacuation Pause) 2458M->20M(4096M) 7.967ms
[96.181s][info][gc,cpu         ] GC(97) User=0.02s Sys=0.00s Real=0.02s
[97.181s][info][gc,start       ] GC(98) Pause Full (System.gc())
[97.181s][info][gc,task        ] GC(98) Using 6 workers of 6 for full compaction
[97.182s][info][gc,phases,start] GC(98) Phase 1: Mark live objects
[97.184s][info][gc,phases      ] GC(98) Phase 1: Mark live objects 2.075ms
[97.184s][info][gc,phases,start] GC(98) Phase 2: Prepare compaction
[97.186s][info][gc,phases      ] GC(98) Phase 2: Prepare compaction 1.882ms
[97.186s][info][gc,phases,start] GC(98) Phase 3: Adjust pointers
[97.188s][info][gc,phases      ] GC(98) Phase 3: Adjust pointers 2.269ms
[97.188s][info][gc,phases,start] GC(98) Phase 4: Compact heap
[97.190s][info][gc,phases      ] GC(98) Phase 4: Compact heap 2.037ms
[97.190s][info][gc,phases,start] GC(98) Phase 5: Reset Metadata
[97.191s][info][gc,phases      ] GC(98) Phase 5: Reset Metadata 0.889ms
[97.200s][info][gc,heap        ] GC(98) Eden regions: 895->0(1228)
[97.200s][info][gc,heap        ] GC(98) Survivor regions: 9->0(154)
[97.200s][info][gc,heap        ] GC(98) Old regions: 6->6
[97.200s][info][gc,heap        ] GC(98) Humongous regions: 5->0
[97.200s][info][gc,metaspace   ] GC(98) Metaspace: 9040K(9280K)->9040K(9280K) NonClass: 7876K(8000K)->7876K(8000K) Class: 1164K(1280K)->1164K(1280K)
[97.200s][info][gc             ] GC(98) Pause Full (System.gc()) 1819M->3M(4096M) 18.340ms
[97.200s][info][gc,cpu         ] GC(98) User=0.02s Sys=0.00s Real=0.03s
[98.164s][info][gc,start       ] GC(99) Pause Young (Normal) (G1 Evacuation Pause)
[98.164s][info][gc,task        ] GC(99) Using 6 workers of 6 for evacuation
[98.169s][info][gc,phases      ] GC(99)   Pre Evacuate Collection Set: 0.4ms
[98.169s][info][gc,phases      ] GC(99)   Merge Heap Roots: 0.3ms
[98.169s][info][gc,phases      ] GC(99)   Evacuate Collection Set: 3.5ms
[98.169s][info][gc,phases      ] GC(99)   Post Evacuate Collection Set: 1.1ms
[98.169s][info][gc,phases      ] GC(99)   Other: 0.2ms
[98.169s][info][gc,heap        ] GC(99) Eden regions: 1228->0(1223)
[98.169s][info][gc,heap        ] GC(99) Survivor regions: 0->5(154)
[98.169s][info][gc,heap        ] GC(99) Old regions: 6->6
[98.169s][info][gc,heap        ] GC(99) Humongous regions: 0->0
[98.169s][info][gc,metaspace   ] GC(99) Metaspace: 9040K(9280K)->9040K(9280K) NonClass: 7876K(8000K)->7876K(8000K) Class: 1164K(1280K)->1164K(1280K)
[98.169s][info][gc             ] GC(99) Pause Young (Normal) (G1 Evacuation Pause) 2459M->12M(4096M) 5.603ms
[98.169s][info][gc,cpu         ] GC(99) User=0.00s Sys=0.00s Real=0.00s
[99.164s][info][gc,start       ] GC(100) Pause Young (Normal) (G1 Evacuation Pause)
[99.164s][info][gc,task        ] GC(100) Using 6 workers of 6 for evacuation
[99.171s][info][gc,phases      ] GC(100)   Pre Evacuate Collection Set: 0.5ms
[99.172s][info][gc,phases      ] GC(100)   Merge Heap Roots: 0.2ms
[99.172s][info][gc,phases      ] GC(100)   Evacuate Collection Set: 5.4ms
[99.172s][info][gc,phases      ] GC(100)   Post Evacuate Collection Set: 1.2ms
[99.172s][info][gc,phases      ] GC(100)   Other: 0.1ms
[99.172s][info][gc,heap        ] GC(100) Eden regions: 1223->0(1219)
[99.172s][info][gc,heap        ] GC(100) Survivor regions: 5->9(154)
[99.172s][info][gc,heap        ] GC(100) Old regions: 6->6
[99.172s][info][gc,heap        ] GC(100) Humongous regions: 0->0
[99.172s][info][gc,metaspace   ] GC(100) Metaspace: 9040K(9280K)->9040K(9280K) NonClass: 7876K(8000K)->7876K(8000K) Class: 1164K(1280K)->1164K(1280K)
[99.172s][info][gc             ] GC(100) Pause Young (Normal) (G1 Evacuation Pause) 2458M->19M(4096M) 7.528ms
[99.172s][info][gc,cpu         ] GC(100) User=0.00s Sys=0.00s Real=0.00s
[100.173s][info][gc,start       ] GC(101) Pause Full (System.gc())
[100.173s][info][gc,task        ] GC(101) Using 6 workers of 6 for full compaction
[100.173s][info][gc,phases,start] GC(101) Phase 1: Mark live objects
[100.175s][info][gc,phases      ] GC(101) Phase 1: Mark live objects 1.962ms
[100.175s][info][gc,phases,start] GC(101) Phase 2: Prepare compaction
[100.177s][info][gc,phases      ] GC(101) Phase 2: Prepare compaction 2.059ms
[100.177s][info][gc,phases,start] GC(101) Phase 3: Adjust pointers
[100.179s][info][gc,phases      ] GC(101) Phase 3: Adjust pointers 2.030ms
[100.179s][info][gc,phases,start] GC(101) Phase 4: Compact heap
[100.181s][info][gc,phases      ] GC(101) Phase 4: Compact heap 1.494ms
[100.181s][info][gc,phases,start] GC(101) Phase 5: Reset Metadata
[100.182s][info][gc,phases      ] GC(101) Phase 5: Reset Metadata 0.785ms
[100.190s][info][gc,heap        ] GC(101) Eden regions: 895->0(1228)
[100.190s][info][gc,heap        ] GC(101) Survivor regions: 9->0(154)
[100.190s][info][gc,heap        ] GC(101) Old regions: 6->6
[100.190s][info][gc,heap        ] GC(101) Humongous regions: 5->0
[100.190s][info][gc,metaspace   ] GC(101) Metaspace: 9040K(9280K)->9040K(9280K) NonClass: 7876K(8000K)->7876K(8000K) Class: 1164K(1280K)->1164K(1280K)
[100.190s][info][gc             ] GC(101) Pause Full (System.gc()) 1818M->3M(4096M) 17.692ms
[100.191s][info][gc,cpu         ] GC(101) User=0.02s Sys=0.00s Real=0.02s
[101.157s][info][gc,start       ] GC(102) Pause Young (Normal) (G1 Evacuation Pause)
[101.157s][info][gc,task        ] GC(102) Using 6 workers of 6 for evacuation
[101.162s][info][gc,phases      ] GC(102)   Pre Evacuate Collection Set: 0.4ms
[101.162s][info][gc,phases      ] GC(102)   Merge Heap Roots: 0.2ms
[101.162s][info][gc,phases      ] GC(102)   Evacuate Collection Set: 3.1ms
[101.162s][info][gc,phases      ] GC(102)   Post Evacuate Collection Set: 1.2ms
[101.162s][info][gc,phases      ] GC(102)   Other: 0.2ms
[101.162s][info][gc,heap        ] GC(102) Eden regions: 1228->0(1223)
[101.162s][info][gc,heap        ] GC(102) Survivor regions: 0->5(154)
[101.162s][info][gc,heap        ] GC(102) Old regions: 6->6
[101.162s][info][gc,heap        ] GC(102) Humongous regions: 0->0
[101.162s][info][gc,metaspace   ] GC(102) Metaspace: 9040K(9280K)->9040K(9280K) NonClass: 7876K(8000K)->7876K(8000K) Class: 1164K(1280K)->1164K(1280K)
[101.162s][info][gc             ] GC(102) Pause Young (Normal) (G1 Evacuation Pause) 2459M->12M(4096M) 5.326ms
[101.162s][info][gc,cpu         ] GC(102) User=0.00s Sys=0.00s Real=0.00s
[102.158s][info][gc,start       ] GC(103) Pause Young (Normal) (G1 Evacuation Pause)
[102.158s][info][gc,task        ] GC(103) Using 6 workers of 6 for evacuation
[102.166s][info][gc,phases      ] GC(103)   Pre Evacuate Collection Set: 0.4ms
[102.166s][info][gc,phases      ] GC(103)   Merge Heap Roots: 0.2ms
[102.166s][info][gc,phases      ] GC(103)   Evacuate Collection Set: 5.6ms
[102.166s][info][gc,phases      ] GC(103)   Post Evacuate Collection Set: 1.3ms
[102.166s][info][gc,phases      ] GC(103)   Other: 0.2ms
[102.166s][info][gc,heap        ] GC(103) Eden regions: 1223->0(1219)
[102.166s][info][gc,heap        ] GC(103) Survivor regions: 5->9(154)
[102.166s][info][gc,heap        ] GC(103) Old regions: 6->6
[102.166s][info][gc,heap        ] GC(103) Humongous regions: 0->0
[102.166s][info][gc,metaspace   ] GC(103) Metaspace: 9040K(9280K)->9040K(9280K) NonClass: 7876K(8000K)->7876K(8000K) Class: 1164K(1280K)->1164K(1280K)
[102.166s][info][gc             ] GC(103) Pause Young (Normal) (G1 Evacuation Pause) 2458M->20M(4096M) 7.997ms
[102.166s][info][gc,cpu         ] GC(103) User=0.02s Sys=0.00s Real=0.02s
[103.167s][info][gc,start       ] GC(104) Pause Full (System.gc())
[103.167s][info][gc,task        ] GC(104) Using 6 workers of 6 for full compaction
[103.167s][info][gc,phases,start] GC(104) Phase 1: Mark live objects
[103.170s][info][gc,phases      ] GC(104) Phase 1: Mark live objects 2.064ms
[103.170s][info][gc,phases,start] GC(104) Phase 2: Prepare compaction
[103.171s][info][gc,phases      ] GC(104) Phase 2: Prepare compaction 1.846ms
[103.171s][info][gc,phases,start] GC(104) Phase 3: Adjust pointers
[103.174s][info][gc,phases      ] GC(104) Phase 3: Adjust pointers 2.232ms
[103.174s][info][gc,phases,start] GC(104) Phase 4: Compact heap
[103.175s][info][gc,phases      ] GC(104) Phase 4: Compact heap 1.522ms
[103.175s][info][gc,phases,start] GC(104) Phase 5: Reset Metadata
[103.176s][info][gc,phases      ] GC(104) Phase 5: Reset Metadata 0.662ms
[103.185s][info][gc,heap        ] GC(104) Eden regions: 895->0(1228)
[103.185s][info][gc,heap        ] GC(104) Survivor regions: 9->0(154)
[103.185s][info][gc,heap        ] GC(104) Old regions: 6->6
[103.185s][info][gc,heap        ] GC(104) Humongous regions: 5->0
[103.185s][info][gc,metaspace   ] GC(104) Metaspace: 9040K(9280K)->9040K(9280K) NonClass: 7876K(8000K)->7876K(8000K) Class: 1164K(1280K)->1164K(1280K)
[103.185s][info][gc             ] GC(104) Pause Full (System.gc()) 1819M->3M(4096M) 17.561ms
[103.185s][info][gc,cpu         ] GC(104) User=0.02s Sys=0.00s Real=0.02s
[104.147s][info][gc,start       ] GC(105) Pause Young (Normal) (G1 Evacuation Pause)
[104.147s][info][gc,task        ] GC(105) Using 6 workers of 6 for evacuation
[104.152s][info][gc,phases      ] GC(105)   Pre Evacuate Collection Set: 0.4ms
[104.152s][info][gc,phases      ] GC(105)   Merge Heap Roots: 0.3ms
[104.152s][info][gc,phases      ] GC(105)   Evacuate Collection Set: 3.2ms
[104.152s][info][gc,phases      ] GC(105)   Post Evacuate Collection Set: 1.1ms
[104.152s][info][gc,phases      ] GC(105)   Other: 0.1ms
[104.152s][info][gc,heap        ] GC(105) Eden regions: 1228->0(1223)
[104.152s][info][gc,heap        ] GC(105) Survivor regions: 0->5(154)
[104.152s][info][gc,heap        ] GC(105) Old regions: 6->6
[104.152s][info][gc,heap        ] GC(105) Humongous regions: 0->0
[104.152s][info][gc,metaspace   ] GC(105) Metaspace: 9041K(9280K)->9041K(9280K) NonClass: 7877K(8000K)->7877K(8000K) Class: 1164K(1280K)->1164K(1280K)
[104.152s][info][gc             ] GC(105) Pause Young (Normal) (G1 Evacuation Pause) 2459M->13M(4096M) 5.397ms
[104.152s][info][gc,cpu         ] GC(105) User=0.00s Sys=0.00s Real=0.00s
[105.145s][info][gc,start       ] GC(106) Pause Young (Normal) (G1 Evacuation Pause)
[105.145s][info][gc,task        ] GC(106) Using 6 workers of 6 for evacuation
[105.153s][info][gc,phases      ] GC(106)   Pre Evacuate Collection Set: 0.4ms
[105.153s][info][gc,phases      ] GC(106)   Merge Heap Roots: 0.3ms
[105.153s][info][gc,phases      ] GC(106)   Evacuate Collection Set: 5.7ms
[105.153s][info][gc,phases      ] GC(106)   Post Evacuate Collection Set: 1.0ms
[105.153s][info][gc,phases      ] GC(106)   Other: 0.2ms
[105.153s][info][gc,heap        ] GC(106) Eden regions: 1223->0(1219)
[105.153s][info][gc,heap        ] GC(106) Survivor regions: 5->9(154)
[105.153s][info][gc,heap        ] GC(106) Old regions: 6->6
[105.153s][info][gc,heap        ] GC(106) Humongous regions: 0->0
[105.153s][info][gc,metaspace   ] GC(106) Metaspace: 9041K(9280K)->9041K(9280K) NonClass: 7877K(8000K)->7877K(8000K) Class: 1164K(1280K)->1164K(1280K)
[105.153s][info][gc             ] GC(106) Pause Young (Normal) (G1 Evacuation Pause) 2459M->20M(4096M) 7.857ms
[105.153s][info][gc,cpu         ] GC(106) User=0.00s Sys=0.00s Real=0.02s
[106.154s][info][gc,start       ] GC(107) Pause Full (System.gc())
[106.154s][info][gc,task        ] GC(107) Using 6 workers of 6 for full compaction
[106.154s][info][gc,phases,start] GC(107) Phase 1: Mark live objects
[106.156s][info][gc,phases      ] GC(107) Phase 1: Mark live objects 2.208ms
[106.156s][info][gc,phases,start] GC(107) Phase 2: Prepare compaction
[106.158s][info][gc,phases      ] GC(107) Phase 2: Prepare compaction 2.087ms
[106.158s][info][gc,phases,start] GC(107) Phase 3: Adjust pointers
[106.161s][info][gc,phases      ] GC(107) Phase 3: Adjust pointers 2.326ms
[106.161s][info][gc,phases,start] GC(107) Phase 4: Compact heap
[106.162s][info][gc,phases      ] GC(107) Phase 4: Compact heap 1.295ms
[106.162s][info][gc,phases,start] GC(107) Phase 5: Reset Metadata
[106.163s][info][gc,phases      ] GC(107) Phase 5: Reset Metadata 0.820ms
[106.172s][info][gc,heap        ] GC(107) Eden regions: 895->0(1228)
[106.172s][info][gc,heap        ] GC(107) Survivor regions: 9->0(154)
[106.172s][info][gc,heap        ] GC(107) Old regions: 6->6
[106.172s][info][gc,heap        ] GC(107) Humongous regions: 5->0
[106.172s][info][gc,metaspace   ] GC(107) Metaspace: 9041K(9280K)->9041K(9280K) NonClass: 7877K(8000K)->7877K(8000K) Class: 1164K(1280K)->1164K(1280K)
[106.172s][info][gc             ] GC(107) Pause Full (System.gc()) 1819M->3M(4096M) 18.117ms
[106.172s][info][gc,cpu         ] GC(107) User=0.02s Sys=0.00s Real=0.02s
[107.136s][info][gc,start       ] GC(108) Pause Young (Normal) (G1 Evacuation Pause)
[107.136s][info][gc,task        ] GC(108) Using 6 workers of 6 for evacuation
[107.141s][info][gc,phases      ] GC(108)   Pre Evacuate Collection Set: 0.4ms
[107.141s][info][gc,phases      ] GC(108)   Merge Heap Roots: 0.3ms
[107.141s][info][gc,phases      ] GC(108)   Evacuate Collection Set: 3.3ms
[107.141s][info][gc,phases      ] GC(108)   Post Evacuate Collection Set: 1.1ms
[107.141s][info][gc,phases      ] GC(108)   Other: 0.2ms
[107.141s][info][gc,heap        ] GC(108) Eden regions: 1228->0(1223)
[107.141s][info][gc,heap        ] GC(108) Survivor regions: 0->5(154)
[107.141s][info][gc,heap        ] GC(108) Old regions: 6->6
[107.141s][info][gc,heap        ] GC(108) Humongous regions: 0->0
[107.141s][info][gc,metaspace   ] GC(108) Metaspace: 9041K(9280K)->9041K(9280K) NonClass: 7877K(8000K)->7877K(8000K) Class: 1164K(1280K)->1164K(1280K)
[107.141s][info][gc             ] GC(108) Pause Young (Normal) (G1 Evacuation Pause) 2459M->12M(4096M) 5.441ms
[107.141s][info][gc,cpu         ] GC(108) User=0.02s Sys=0.00s Real=0.02s
[108.134s][info][gc,start       ] GC(109) Pause Young (Normal) (G1 Evacuation Pause)
[108.134s][info][gc,task        ] GC(109) Using 6 workers of 6 for evacuation
[108.142s][info][gc,phases      ] GC(109)   Pre Evacuate Collection Set: 0.4ms
[108.142s][info][gc,phases      ] GC(109)   Merge Heap Roots: 0.2ms
[108.142s][info][gc,phases      ] GC(109)   Evacuate Collection Set: 5.5ms
[108.142s][info][gc,phases      ] GC(109)   Post Evacuate Collection Set: 1.2ms
[108.142s][info][gc,phases      ] GC(109)   Other: 0.2ms
[108.142s][info][gc,heap        ] GC(109) Eden regions: 1223->0(1219)
[108.142s][info][gc,heap        ] GC(109) Survivor regions: 5->9(154)
[108.142s][info][gc,heap        ] GC(109) Old regions: 6->6
[108.142s][info][gc,heap        ] GC(109) Humongous regions: 0->0
[108.142s][info][gc,metaspace   ] GC(109) Metaspace: 9041K(9280K)->9041K(9280K) NonClass: 7877K(8000K)->7877K(8000K) Class: 1164K(1280K)->1164K(1280K)
[108.142s][info][gc             ] GC(109) Pause Young (Normal) (G1 Evacuation Pause) 2458M->20M(4096M) 7.715ms
[108.142s][info][gc,cpu         ] GC(109) User=0.00s Sys=0.00s Real=0.00s
[109.144s][info][gc,start       ] GC(110) Pause Full (System.gc())
[109.144s][info][gc,task        ] GC(110) Using 6 workers of 6 for full compaction
[109.144s][info][gc,phases,start] GC(110) Phase 1: Mark live objects
[109.146s][info][gc,phases      ] GC(110) Phase 1: Mark live objects 2.216ms
[109.146s][info][gc,phases,start] GC(110) Phase 2: Prepare compaction
[109.148s][info][gc,phases      ] GC(110) Phase 2: Prepare compaction 1.869ms
[109.148s][info][gc,phases,start] GC(110) Phase 3: Adjust pointers
[109.151s][info][gc,phases      ] GC(110) Phase 3: Adjust pointers 2.511ms
[109.151s][info][gc,phases,start] GC(110) Phase 4: Compact heap
[109.153s][info][gc,phases      ] GC(110) Phase 4: Compact heap 1.871ms
[109.153s][info][gc,phases,start] GC(110) Phase 5: Reset Metadata
[109.154s][info][gc,phases      ] GC(110) Phase 5: Reset Metadata 0.744ms
[109.162s][info][gc,heap        ] GC(110) Eden regions: 895->0(1228)
[109.162s][info][gc,heap        ] GC(110) Survivor regions: 9->0(154)
[109.162s][info][gc,heap        ] GC(110) Old regions: 6->6
[109.162s][info][gc,heap        ] GC(110) Humongous regions: 5->0
[109.162s][info][gc,metaspace   ] GC(110) Metaspace: 9042K(9280K)->9042K(9280K) NonClass: 7877K(8000K)->7877K(8000K) Class: 1164K(1280K)->1164K(1280K)
[109.162s][info][gc             ] GC(110) Pause Full (System.gc()) 1819M->3M(4096M) 17.954ms
[109.162s][info][gc,cpu         ] GC(110) User=0.02s Sys=0.00s Real=0.02s
[110.126s][info][gc,start       ] GC(111) Pause Young (Normal) (G1 Evacuation Pause)
[110.126s][info][gc,task        ] GC(111) Using 6 workers of 6 for evacuation
[110.131s][info][gc,phases      ] GC(111)   Pre Evacuate Collection Set: 0.5ms
[110.131s][info][gc,phases      ] GC(111)   Merge Heap Roots: 0.3ms
[110.131s][info][gc,phases      ] GC(111)   Evacuate Collection Set: 3.7ms
[110.131s][info][gc,phases      ] GC(111)   Post Evacuate Collection Set: 1.0ms
[110.131s][info][gc,phases      ] GC(111)   Other: 0.1ms
[110.131s][info][gc,heap        ] GC(111) Eden regions: 1228->0(1223)
[110.131s][info][gc,heap        ] GC(111) Survivor regions: 0->5(154)
[110.131s][info][gc,heap        ] GC(111) Old regions: 6->6
[110.131s][info][gc,heap        ] GC(111) Humongous regions: 0->0
[110.131s][info][gc,metaspace   ] GC(111) Metaspace: 9043K(9280K)->9043K(9280K) NonClass: 7879K(8000K)->7879K(8000K) Class: 1164K(1280K)->1164K(1280K)
[110.131s][info][gc             ] GC(111) Pause Young (Normal) (G1 Evacuation Pause) 2459M->12M(4096M) 5.817ms
[110.131s][info][gc,cpu         ] GC(111) User=0.00s Sys=0.00s Real=0.00s
[111.125s][info][gc,start       ] GC(112) Pause Young (Normal) (G1 Evacuation Pause)
[111.125s][info][gc,task        ] GC(112) Using 6 workers of 6 for evacuation
[111.132s][info][gc,phases      ] GC(112)   Pre Evacuate Collection Set: 0.4ms
[111.133s][info][gc,phases      ] GC(112)   Merge Heap Roots: 0.2ms
[111.133s][info][gc,phases      ] GC(112)   Evacuate Collection Set: 5.9ms
[111.133s][info][gc,phases      ] GC(112)   Post Evacuate Collection Set: 1.1ms
[111.133s][info][gc,phases      ] GC(112)   Other: 0.2ms
[111.133s][info][gc,heap        ] GC(112) Eden regions: 1223->0(1219)
[111.133s][info][gc,heap        ] GC(112) Survivor regions: 5->9(154)
[111.133s][info][gc,heap        ] GC(112) Old regions: 6->6
[111.133s][info][gc,heap        ] GC(112) Humongous regions: 0->0
[111.133s][info][gc,metaspace   ] GC(112) Metaspace: 9043K(9280K)->9043K(9280K) NonClass: 7879K(8000K)->7879K(8000K) Class: 1164K(1280K)->1164K(1280K)
[111.133s][info][gc             ] GC(112) Pause Young (Normal) (G1 Evacuation Pause) 2458M->20M(4096M) 8.005ms
[111.133s][info][gc,cpu         ] GC(112) User=0.02s Sys=0.00s Real=0.02s
[112.135s][info][gc,start       ] GC(113) Pause Full (System.gc())
[112.135s][info][gc,task        ] GC(113) Using 6 workers of 6 for full compaction
[112.135s][info][gc,phases,start] GC(113) Phase 1: Mark live objects
[112.137s][info][gc,phases      ] GC(113) Phase 1: Mark live objects 2.149ms
[112.137s][info][gc,phases,start] GC(113) Phase 2: Prepare compaction
[112.140s][info][gc,phases      ] GC(113) Phase 2: Prepare compaction 2.068ms
[112.140s][info][gc,phases,start] GC(113) Phase 3: Adjust pointers
[112.142s][info][gc,phases      ] GC(113) Phase 3: Adjust pointers 2.103ms
[112.142s][info][gc,phases,start] GC(113) Phase 4: Compact heap
[112.143s][info][gc,phases      ] GC(113) Phase 4: Compact heap 1.497ms
[112.143s][info][gc,phases,start] GC(113) Phase 5: Reset Metadata
[112.144s][info][gc,phases      ] GC(113) Phase 5: Reset Metadata 0.898ms
[112.153s][info][gc,heap        ] GC(113) Eden regions: 895->0(1228)
[112.153s][info][gc,heap        ] GC(113) Survivor regions: 9->0(154)
[112.153s][info][gc,heap        ] GC(113) Old regions: 6->6
[112.153s][info][gc,heap        ] GC(113) Humongous regions: 5->0
[112.153s][info][gc,metaspace   ] GC(113) Metaspace: 9043K(9280K)->9043K(9280K) NonClass: 7879K(8000K)->7879K(8000K) Class: 1164K(1280K)->1164K(1280K)
[112.153s][info][gc             ] GC(113) Pause Full (System.gc()) 1819M->3M(4096M) 17.802ms
[112.153s][info][gc,cpu         ] GC(113) User=0.02s Sys=0.00s Real=0.02s
[113.118s][info][gc,start       ] GC(114) Pause Young (Normal) (G1 Evacuation Pause)
[113.118s][info][gc,task        ] GC(114) Using 6 workers of 6 for evacuation
[113.123s][info][gc,phases      ] GC(114)   Pre Evacuate Collection Set: 0.3ms
[113.123s][info][gc,phases      ] GC(114)   Merge Heap Roots: 0.3ms
[113.123s][info][gc,phases      ] GC(114)   Evacuate Collection Set: 3.3ms
[113.123s][info][gc,phases      ] GC(114)   Post Evacuate Collection Set: 1.2ms
[113.123s][info][gc,phases      ] GC(114)   Other: 0.1ms
[113.123s][info][gc,heap        ] GC(114) Eden regions: 1228->0(1223)
[113.123s][info][gc,heap        ] GC(114) Survivor regions: 0->5(154)
[113.123s][info][gc,heap        ] GC(114) Old regions: 6->6
[113.123s][info][gc,heap        ] GC(114) Humongous regions: 0->0
[113.123s][info][gc,metaspace   ] GC(114) Metaspace: 9051K(9280K)->9051K(9280K) NonClass: 7887K(8000K)->7887K(8000K) Class: 1164K(1280K)->1164K(1280K)
[113.123s][info][gc             ] GC(114) Pause Young (Normal) (G1 Evacuation Pause) 2459M->12M(4096M) 5.498ms
[113.123s][info][gc,cpu         ] GC(114) User=0.00s Sys=0.00s Real=0.02s
[114.114s][info][gc,start       ] GC(115) Pause Young (Normal) (G1 Evacuation Pause)
[114.114s][info][gc,task        ] GC(115) Using 6 workers of 6 for evacuation
[114.122s][info][gc,phases      ] GC(115)   Pre Evacuate Collection Set: 0.5ms
[114.122s][info][gc,phases      ] GC(115)   Merge Heap Roots: 0.2ms
[114.122s][info][gc,phases      ] GC(115)   Evacuate Collection Set: 5.7ms
[114.122s][info][gc,phases      ] GC(115)   Post Evacuate Collection Set: 1.1ms
[114.122s][info][gc,phases      ] GC(115)   Other: 0.2ms
[114.122s][info][gc,heap        ] GC(115) Eden regions: 1223->0(1219)
[114.122s][info][gc,heap        ] GC(115) Survivor regions: 5->9(154)
[114.122s][info][gc,heap        ] GC(115) Old regions: 6->6
[114.122s][info][gc,heap        ] GC(115) Humongous regions: 0->0
[114.122s][info][gc,metaspace   ] GC(115) Metaspace: 9051K(9280K)->9051K(9280K) NonClass: 7887K(8000K)->7887K(8000K) Class: 1164K(1280K)->1164K(1280K)
[114.122s][info][gc             ] GC(115) Pause Young (Normal) (G1 Evacuation Pause) 2458M->20M(4096M) 7.885ms
[114.122s][info][gc,cpu         ] GC(115) User=0.00s Sys=0.00s Real=0.00s
[115.127s][info][gc,start       ] GC(116) Pause Full (System.gc())
[115.127s][info][gc,task        ] GC(116) Using 6 workers of 6 for full compaction
[115.127s][info][gc,phases,start] GC(116) Phase 1: Mark live objects
[115.129s][info][gc,phases      ] GC(116) Phase 1: Mark live objects 1.919ms
[115.129s][info][gc,phases,start] GC(116) Phase 2: Prepare compaction
[115.130s][info][gc,phases      ] GC(116) Phase 2: Prepare compaction 1.408ms
[115.130s][info][gc,phases,start] GC(116) Phase 3: Adjust pointers
[115.133s][info][gc,phases      ] GC(116) Phase 3: Adjust pointers 2.147ms
[115.133s][info][gc,phases,start] GC(116) Phase 4: Compact heap
[115.134s][info][gc,phases      ] GC(116) Phase 4: Compact heap 1.268ms
[115.134s][info][gc,phases,start] GC(116) Phase 5: Reset Metadata
[115.135s][info][gc,phases      ] GC(116) Phase 5: Reset Metadata 0.730ms
[115.143s][info][gc,heap        ] GC(116) Eden regions: 895->0(1228)
[115.143s][info][gc,heap        ] GC(116) Survivor regions: 9->0(154)
[115.143s][info][gc,heap        ] GC(116) Old regions: 6->6
[115.143s][info][gc,heap        ] GC(116) Humongous regions: 5->0
[115.143s][info][gc,metaspace   ] GC(116) Metaspace: 9051K(9280K)->9051K(9280K) NonClass: 7887K(8000K)->7887K(8000K) Class: 1164K(1280K)->1164K(1280K)
[115.143s][info][gc             ] GC(116) Pause Full (System.gc()) 1819M->3M(4096M) 16.643ms
[115.143s][info][gc,cpu         ] GC(116) User=0.02s Sys=0.00s Real=0.02s
[116.107s][info][gc,start       ] GC(117) Pause Young (Normal) (G1 Evacuation Pause)
[116.107s][info][gc,task        ] GC(117) Using 6 workers of 6 for evacuation
[116.112s][info][gc,phases      ] GC(117)   Pre Evacuate Collection Set: 0.4ms
[116.112s][info][gc,phases      ] GC(117)   Merge Heap Roots: 0.3ms
[116.112s][info][gc,phases      ] GC(117)   Evacuate Collection Set: 3.3ms
[116.112s][info][gc,phases      ] GC(117)   Post Evacuate Collection Set: 1.1ms
[116.112s][info][gc,phases      ] GC(117)   Other: 0.2ms
[116.112s][info][gc,heap        ] GC(117) Eden regions: 1228->0(1223)
[116.112s][info][gc,heap        ] GC(117) Survivor regions: 0->5(154)
[116.112s][info][gc,heap        ] GC(117) Old regions: 6->6
[116.112s][info][gc,heap        ] GC(117) Humongous regions: 0->0
[116.112s][info][gc,metaspace   ] GC(117) Metaspace: 9051K(9280K)->9051K(9280K) NonClass: 7887K(8000K)->7887K(8000K) Class: 1164K(1280K)->1164K(1280K)
[116.112s][info][gc             ] GC(117) Pause Young (Normal) (G1 Evacuation Pause) 2459M->12M(4096M) 5.512ms
[116.112s][info][gc,cpu         ] GC(117) User=0.00s Sys=0.00s Real=0.00s
[117.106s][info][gc,start       ] GC(118) Pause Young (Normal) (G1 Evacuation Pause)
[117.107s][info][gc,task        ] GC(118) Using 6 workers of 6 for evacuation
[117.115s][info][gc,phases      ] GC(118)   Pre Evacuate Collection Set: 0.6ms
[117.115s][info][gc,phases      ] GC(118)   Merge Heap Roots: 0.3ms
[117.115s][info][gc,phases      ] GC(118)   Evacuate Collection Set: 5.9ms
[117.115s][info][gc,phases      ] GC(118)   Post Evacuate Collection Set: 1.1ms
[117.115s][info][gc,phases      ] GC(118)   Other: 0.2ms
[117.115s][info][gc,heap        ] GC(118) Eden regions: 1223->0(1219)
[117.115s][info][gc,heap        ] GC(118) Survivor regions: 5->9(154)
[117.115s][info][gc,heap        ] GC(118) Old regions: 6->6
[117.115s][info][gc,heap        ] GC(118) Humongous regions: 0->0
[117.115s][info][gc,metaspace   ] GC(118) Metaspace: 9051K(9280K)->9051K(9280K) NonClass: 7887K(8000K)->7887K(8000K) Class: 1164K(1280K)->1164K(1280K)
[117.115s][info][gc             ] GC(118) Pause Young (Normal) (G1 Evacuation Pause) 2458M->20M(4096M) 8.344ms
[117.115s][info][gc,cpu         ] GC(118) User=0.00s Sys=0.00s Real=0.02s
[118.118s][info][gc,start       ] GC(119) Pause Full (System.gc())
[118.118s][info][gc,task        ] GC(119) Using 6 workers of 6 for full compaction
[118.119s][info][gc,phases,start] GC(119) Phase 1: Mark live objects
[118.121s][info][gc,phases      ] GC(119) Phase 1: Mark live objects 2.128ms
[118.121s][info][gc,phases,start] GC(119) Phase 2: Prepare compaction
[118.122s][info][gc,phases      ] GC(119) Phase 2: Prepare compaction 1.597ms
[118.123s][info][gc,phases,start] GC(119) Phase 3: Adjust pointers
[118.125s][info][gc,phases      ] GC(119) Phase 3: Adjust pointers 2.035ms
[118.125s][info][gc,phases,start] GC(119) Phase 4: Compact heap
[118.127s][info][gc,phases      ] GC(119) Phase 4: Compact heap 2.095ms
[118.127s][info][gc,phases,start] GC(119) Phase 5: Reset Metadata
[118.128s][info][gc,phases      ] GC(119) Phase 5: Reset Metadata 0.905ms
[118.136s][info][gc,heap        ] GC(119) Eden regions: 895->0(1228)
[118.136s][info][gc,heap        ] GC(119) Survivor regions: 9->0(154)
[118.136s][info][gc,heap        ] GC(119) Old regions: 6->6
[118.136s][info][gc,heap        ] GC(119) Humongous regions: 5->0
[118.136s][info][gc,metaspace   ] GC(119) Metaspace: 9051K(9280K)->9051K(9280K) NonClass: 7887K(8000K)->7887K(8000K) Class: 1164K(1280K)->1164K(1280K)
[118.136s][info][gc             ] GC(119) Pause Full (System.gc()) 1819M->3M(4096M) 18.015ms
[118.136s][info][gc,cpu         ] GC(119) User=0.05s Sys=0.00s Real=0.02s
[119.102s][info][gc,start       ] GC(120) Pause Young (Normal) (G1 Evacuation Pause)
[119.102s][info][gc,task        ] GC(120) Using 6 workers of 6 for evacuation
[119.107s][info][gc,phases      ] GC(120)   Pre Evacuate Collection Set: 0.5ms
[119.107s][info][gc,phases      ] GC(120)   Merge Heap Roots: 0.3ms
[119.107s][info][gc,phases      ] GC(120)   Evacuate Collection Set: 3.2ms
[119.107s][info][gc,phases      ] GC(120)   Post Evacuate Collection Set: 1.2ms
[119.107s][info][gc,phases      ] GC(120)   Other: 0.1ms
[119.107s][info][gc,heap        ] GC(120) Eden regions: 1228->0(1223)
[119.107s][info][gc,heap        ] GC(120) Survivor regions: 0->5(154)
[119.107s][info][gc,heap        ] GC(120) Old regions: 6->6
[119.107s][info][gc,heap        ] GC(120) Humongous regions: 0->0
[119.107s][info][gc,metaspace   ] GC(120) Metaspace: 9051K(9280K)->9051K(9280K) NonClass: 7887K(8000K)->7887K(8000K) Class: 1164K(1280K)->1164K(1280K)
[119.108s][info][gc             ] GC(120) Pause Young (Normal) (G1 Evacuation Pause) 2459M->12M(4096M) 5.635ms
[119.108s][info][gc,cpu         ] GC(120) User=0.02s Sys=0.00s Real=0.02s
[120.101s][info][gc,start       ] GC(121) Pause Young (Normal) (G1 Evacuation Pause)
[120.101s][info][gc,task        ] GC(121) Using 6 workers of 6 for evacuation
[120.108s][info][gc,phases      ] GC(121)   Pre Evacuate Collection Set: 0.4ms
[120.111s][info][gc,phases      ] GC(121)   Merge Heap Roots: 0.3ms
[120.111s][info][gc,phases      ] GC(121)   Evacuate Collection Set: 5.6ms
[120.111s][info][gc,phases      ] GC(121)   Post Evacuate Collection Set: 1.1ms
[120.111s][info][gc,phases      ] GC(121)   Other: 0.2ms
[120.111s][info][gc,heap        ] GC(121) Eden regions: 1223->0(1219)
[120.111s][info][gc,heap        ] GC(121) Survivor regions: 5->9(154)
[120.111s][info][gc,heap        ] GC(121) Old regions: 6->6
[120.111s][info][gc,heap        ] GC(121) Humongous regions: 0->0
[120.111s][info][gc,metaspace   ] GC(121) Metaspace: 9051K(9280K)->9051K(9280K) NonClass: 7887K(8000K)->7887K(8000K) Class: 1164K(1280K)->1164K(1280K)
[120.111s][info][gc             ] GC(121) Pause Young (Normal) (G1 Evacuation Pause) 2458M->20M(4096M) 10.031ms
[120.111s][info][gc,cpu         ] GC(121) User=0.00s Sys=0.00s Real=0.02s
[121.116s][info][gc,start       ] GC(122) Pause Full (System.gc())
[121.116s][info][gc,task        ] GC(122) Using 6 workers of 6 for full compaction
[121.116s][info][gc,phases,start] GC(122) Phase 1: Mark live objects
[121.118s][info][gc,phases      ] GC(122) Phase 1: Mark live objects 2.239ms
[121.118s][info][gc,phases,start] GC(122) Phase 2: Prepare compaction
[121.120s][info][gc,phases      ] GC(122) Phase 2: Prepare compaction 2.053ms
[121.121s][info][gc,phases,start] GC(122) Phase 3: Adjust pointers
[121.123s][info][gc,phases      ] GC(122) Phase 3: Adjust pointers 2.226ms
[121.123s][info][gc,phases,start] GC(122) Phase 4: Compact heap
[121.125s][info][gc,phases      ] GC(122) Phase 4: Compact heap 1.848ms
[121.125s][info][gc,phases,start] GC(122) Phase 5: Reset Metadata
[121.125s][info][gc,phases      ] GC(122) Phase 5: Reset Metadata 0.678ms
[121.134s][info][gc,heap        ] GC(122) Eden regions: 895->0(1228)
[121.134s][info][gc,heap        ] GC(122) Survivor regions: 9->0(154)
[121.134s][info][gc,heap        ] GC(122) Old regions: 6->6
[121.134s][info][gc,heap        ] GC(122) Humongous regions: 5->0
[121.134s][info][gc,metaspace   ] GC(122) Metaspace: 9051K(9280K)->9051K(9280K) NonClass: 7887K(8000K)->7887K(8000K) Class: 1164K(1280K)->1164K(1280K)
[121.134s][info][gc             ] GC(122) Pause Full (System.gc()) 1819M->3M(4096M) 18.327ms
[121.134s][info][gc,cpu         ] GC(122) User=0.02s Sys=0.00s Real=0.02s
[122.099s][info][gc,start       ] GC(123) Pause Young (Normal) (G1 Evacuation Pause)
[122.099s][info][gc,task        ] GC(123) Using 6 workers of 6 for evacuation
[122.104s][info][gc,phases      ] GC(123)   Pre Evacuate Collection Set: 0.4ms
[122.104s][info][gc,phases      ] GC(123)   Merge Heap Roots: 0.3ms
[122.104s][info][gc,phases      ] GC(123)   Evacuate Collection Set: 3.2ms
[122.104s][info][gc,phases      ] GC(123)   Post Evacuate Collection Set: 1.1ms
[122.104s][info][gc,phases      ] GC(123)   Other: 0.2ms
[122.104s][info][gc,heap        ] GC(123) Eden regions: 1228->0(1223)
[122.104s][info][gc,heap        ] GC(123) Survivor regions: 0->5(154)
[122.104s][info][gc,heap        ] GC(123) Old regions: 6->6
[122.104s][info][gc,heap        ] GC(123) Humongous regions: 0->0
[122.104s][info][gc,metaspace   ] GC(123) Metaspace: 9051K(9280K)->9051K(9280K) NonClass: 7887K(8000K)->7887K(8000K) Class: 1164K(1280K)->1164K(1280K)
[122.104s][info][gc             ] GC(123) Pause Young (Normal) (G1 Evacuation Pause) 2459M->12M(4096M) 5.303ms
[122.104s][info][gc,cpu         ] GC(123) User=0.02s Sys=0.00s Real=0.02s
[123.097s][info][gc,start       ] GC(124) Pause Young (Normal) (G1 Evacuation Pause)
[123.098s][info][gc,task        ] GC(124) Using 6 workers of 6 for evacuation
[123.105s][info][gc,phases      ] GC(124)   Pre Evacuate Collection Set: 0.4ms
[123.105s][info][gc,phases      ] GC(124)   Merge Heap Roots: 0.3ms
[123.105s][info][gc,phases      ] GC(124)   Evacuate Collection Set: 5.6ms
[123.105s][info][gc,phases      ] GC(124)   Post Evacuate Collection Set: 1.4ms
[123.105s][info][gc,phases      ] GC(124)   Other: 0.2ms
[123.105s][info][gc,heap        ] GC(124) Eden regions: 1223->0(1219)
[123.105s][info][gc,heap        ] GC(124) Survivor regions: 5->9(154)
[123.106s][info][gc,heap        ] GC(124) Old regions: 6->6
[123.106s][info][gc,heap        ] GC(124) Humongous regions: 0->0
[123.106s][info][gc,metaspace   ] GC(124) Metaspace: 9051K(9280K)->9051K(9280K) NonClass: 7887K(8000K)->7887K(8000K) Class: 1164K(1280K)->1164K(1280K)
[123.106s][info][gc             ] GC(124) Pause Young (Normal) (G1 Evacuation Pause) 2458M->19M(4096M) 8.111ms
[123.106s][info][gc,cpu         ] GC(124) User=0.00s Sys=0.00s Real=0.00s
[124.108s][info][gc,start       ] GC(125) Pause Full (System.gc())
[124.108s][info][gc,task        ] GC(125) Using 6 workers of 6 for full compaction
[124.109s][info][gc,phases,start] GC(125) Phase 1: Mark live objects
[124.111s][info][gc,phases      ] GC(125) Phase 1: Mark live objects 2.039ms
[124.111s][info][gc,phases,start] GC(125) Phase 2: Prepare compaction
[124.113s][info][gc,phases      ] GC(125) Phase 2: Prepare compaction 2.126ms
[124.113s][info][gc,phases,start] GC(125) Phase 3: Adjust pointers
[124.115s][info][gc,phases      ] GC(125) Phase 3: Adjust pointers 2.119ms
[124.115s][info][gc,phases,start] GC(125) Phase 4: Compact heap
[124.117s][info][gc,phases      ] GC(125) Phase 4: Compact heap 1.603ms
[124.117s][info][gc,phases,start] GC(125) Phase 5: Reset Metadata
[124.118s][info][gc,phases      ] GC(125) Phase 5: Reset Metadata 0.944ms
[124.126s][info][gc,heap        ] GC(125) Eden regions: 895->0(1228)
[124.126s][info][gc,heap        ] GC(125) Survivor regions: 9->0(154)
[124.126s][info][gc,heap        ] GC(125) Old regions: 6->6
[124.126s][info][gc,heap        ] GC(125) Humongous regions: 5->0
[124.126s][info][gc,metaspace   ] GC(125) Metaspace: 9051K(9280K)->9051K(9280K) NonClass: 7887K(8000K)->7887K(8000K) Class: 1164K(1280K)->1164K(1280K)
[124.126s][info][gc             ] GC(125) Pause Full (System.gc()) 1818M->3M(4096M) 18.149ms
[124.126s][info][gc,cpu         ] GC(125) User=0.03s Sys=0.00s Real=0.03s
[125.091s][info][gc,start       ] GC(126) Pause Young (Normal) (G1 Evacuation Pause)
[125.091s][info][gc,task        ] GC(126) Using 6 workers of 6 for evacuation
[125.096s][info][gc,phases      ] GC(126)   Pre Evacuate Collection Set: 0.4ms
[125.096s][info][gc,phases      ] GC(126)   Merge Heap Roots: 0.2ms
[125.096s][info][gc,phases      ] GC(126)   Evacuate Collection Set: 3.3ms
[125.096s][info][gc,phases      ] GC(126)   Post Evacuate Collection Set: 1.2ms
[125.096s][info][gc,phases      ] GC(126)   Other: 0.1ms
[125.096s][info][gc,heap        ] GC(126) Eden regions: 1228->0(1223)
[125.096s][info][gc,heap        ] GC(126) Survivor regions: 0->5(154)
[125.096s][info][gc,heap        ] GC(126) Old regions: 6->6
[125.096s][info][gc,heap        ] GC(126) Humongous regions: 0->0
[125.096s][info][gc,metaspace   ] GC(126) Metaspace: 9061K(9344K)->9061K(9344K) NonClass: 7896K(8064K)->7896K(8064K) Class: 1164K(1280K)->1164K(1280K)
[125.096s][info][gc             ] GC(126) Pause Young (Normal) (G1 Evacuation Pause) 2459M->12M(4096M) 5.429ms
[125.096s][info][gc,cpu         ] GC(126) User=0.00s Sys=0.00s Real=0.00s
[126.091s][info][gc,start       ] GC(127) Pause Young (Normal) (G1 Evacuation Pause)
[126.091s][info][gc,task        ] GC(127) Using 6 workers of 6 for evacuation
[126.099s][info][gc,phases      ] GC(127)   Pre Evacuate Collection Set: 0.4ms
[126.099s][info][gc,phases      ] GC(127)   Merge Heap Roots: 0.3ms
[126.099s][info][gc,phases      ] GC(127)   Evacuate Collection Set: 5.5ms
[126.099s][info][gc,phases      ] GC(127)   Post Evacuate Collection Set: 1.3ms
[126.099s][info][gc,phases      ] GC(127)   Other: 0.2ms
[126.099s][info][gc,heap        ] GC(127) Eden regions: 1223->0(1219)
[126.099s][info][gc,heap        ] GC(127) Survivor regions: 5->9(154)
[126.099s][info][gc,heap        ] GC(127) Old regions: 6->6
[126.099s][info][gc,heap        ] GC(127) Humongous regions: 0->0
[126.099s][info][gc,metaspace   ] GC(127) Metaspace: 9061K(9344K)->9061K(9344K) NonClass: 7896K(8064K)->7896K(8064K) Class: 1164K(1280K)->1164K(1280K)
[126.099s][info][gc             ] GC(127) Pause Young (Normal) (G1 Evacuation Pause) 2458M->19M(4096M) 7.828ms
[126.099s][info][gc,cpu         ] GC(127) User=0.00s Sys=0.00s Real=0.00s
[127.102s][info][gc,start       ] GC(128) Pause Full (System.gc())
[127.102s][info][gc,task        ] GC(128) Using 6 workers of 6 for full compaction
[127.103s][info][gc,phases,start] GC(128) Phase 1: Mark live objects
[127.105s][info][gc,phases      ] GC(128) Phase 1: Mark live objects 2.061ms
[127.105s][info][gc,phases,start] GC(128) Phase 2: Prepare compaction
[127.107s][info][gc,phases      ] GC(128) Phase 2: Prepare compaction 1.796ms
[127.107s][info][gc,phases,start] GC(128) Phase 3: Adjust pointers
[127.109s][info][gc,phases      ] GC(128) Phase 3: Adjust pointers 2.302ms
[127.109s][info][gc,phases,start] GC(128) Phase 4: Compact heap
[127.110s][info][gc,phases      ] GC(128) Phase 4: Compact heap 1.510ms
[127.111s][info][gc,phases,start] GC(128) Phase 5: Reset Metadata
[127.112s][info][gc,phases      ] GC(128) Phase 5: Reset Metadata 1.296ms
[127.120s][info][gc,heap        ] GC(128) Eden regions: 895->0(1228)
[127.120s][info][gc,heap        ] GC(128) Survivor regions: 9->0(154)
[127.120s][info][gc,heap        ] GC(128) Old regions: 6->6
[127.120s][info][gc,heap        ] GC(128) Humongous regions: 5->0
[127.120s][info][gc,metaspace   ] GC(128) Metaspace: 9061K(9344K)->9061K(9344K) NonClass: 7896K(8064K)->7896K(8064K) Class: 1164K(1280K)->1164K(1280K)
[127.120s][info][gc             ] GC(128) Pause Full (System.gc()) 1819M->3M(4096M) 18.141ms
[127.120s][info][gc,cpu         ] GC(128) User=0.02s Sys=0.00s Real=0.02s
[128.087s][info][gc,start       ] GC(129) Pause Young (Normal) (G1 Evacuation Pause)
[128.087s][info][gc,task        ] GC(129) Using 6 workers of 6 for evacuation
[128.092s][info][gc,phases      ] GC(129)   Pre Evacuate Collection Set: 0.3ms
[128.092s][info][gc,phases      ] GC(129)   Merge Heap Roots: 0.2ms
[128.092s][info][gc,phases      ] GC(129)   Evacuate Collection Set: 3.3ms
[128.092s][info][gc,phases      ] GC(129)   Post Evacuate Collection Set: 1.2ms
[128.092s][info][gc,phases      ] GC(129)   Other: 0.1ms
[128.092s][info][gc,heap        ] GC(129) Eden regions: 1228->0(1223)
[128.092s][info][gc,heap        ] GC(129) Survivor regions: 0->5(154)
[128.092s][info][gc,heap        ] GC(129) Old regions: 6->6
[128.092s][info][gc,heap        ] GC(129) Humongous regions: 0->0
[128.092s][info][gc,metaspace   ] GC(129) Metaspace: 9062K(9344K)->9062K(9344K) NonClass: 7898K(8064K)->7898K(8064K) Class: 1164K(1280K)->1164K(1280K)
[128.092s][info][gc             ] GC(129) Pause Young (Normal) (G1 Evacuation Pause) 2459M->12M(4096M) 5.307ms
[128.092s][info][gc,cpu         ] GC(129) User=0.00s Sys=0.00s Real=0.00s
[129.086s][info][gc,start       ] GC(130) Pause Young (Normal) (G1 Evacuation Pause)
[129.086s][info][gc,task        ] GC(130) Using 6 workers of 6 for evacuation
[129.094s][info][gc,phases      ] GC(130)   Pre Evacuate Collection Set: 0.4ms
[129.094s][info][gc,phases      ] GC(130)   Merge Heap Roots: 0.3ms
[129.094s][info][gc,phases      ] GC(130)   Evacuate Collection Set: 5.9ms
[129.094s][info][gc,phases      ] GC(130)   Post Evacuate Collection Set: 1.2ms
[129.094s][info][gc,phases      ] GC(130)   Other: 0.2ms
[129.094s][info][gc,heap        ] GC(130) Eden regions: 1223->0(1219)
[129.094s][info][gc,heap        ] GC(130) Survivor regions: 5->9(154)
[129.094s][info][gc,heap        ] GC(130) Old regions: 6->6
[129.094s][info][gc,heap        ] GC(130) Humongous regions: 0->0
[129.094s][info][gc,metaspace   ] GC(130) Metaspace: 9062K(9344K)->9062K(9344K) NonClass: 7898K(8064K)->7898K(8064K) Class: 1164K(1280K)->1164K(1280K)
[129.094s][info][gc             ] GC(130) Pause Young (Normal) (G1 Evacuation Pause) 2458M->20M(4096M) 8.160ms
[129.094s][info][gc,cpu         ] GC(130) User=0.02s Sys=0.00s Real=0.02s
[130.098s][info][gc,start       ] GC(131) Pause Full (System.gc())
[130.098s][info][gc,task        ] GC(131) Using 6 workers of 6 for full compaction
[130.098s][info][gc,phases,start] GC(131) Phase 1: Mark live objects
[130.100s][info][gc,phases      ] GC(131) Phase 1: Mark live objects 1.995ms
[130.100s][info][gc,phases,start] GC(131) Phase 2: Prepare compaction
[130.102s][info][gc,phases      ] GC(131) Phase 2: Prepare compaction 1.884ms
[130.102s][info][gc,phases,start] GC(131) Phase 3: Adjust pointers
[130.104s][info][gc,phases      ] GC(131) Phase 3: Adjust pointers 2.276ms
[130.104s][info][gc,phases,start] GC(131) Phase 4: Compact heap
[130.106s][info][gc,phases      ] GC(131) Phase 4: Compact heap 1.423ms
[130.106s][info][gc,phases,start] GC(131) Phase 5: Reset Metadata
[130.107s][info][gc,phases      ] GC(131) Phase 5: Reset Metadata 0.719ms
[130.115s][info][gc,heap        ] GC(131) Eden regions: 895->0(1228)
[130.116s][info][gc,heap        ] GC(131) Survivor regions: 9->0(154)
[130.116s][info][gc,heap        ] GC(131) Old regions: 6->6
[130.116s][info][gc,heap        ] GC(131) Humongous regions: 5->0
[130.116s][info][gc,metaspace   ] GC(131) Metaspace: 9062K(9344K)->9062K(9344K) NonClass: 7898K(8064K)->7898K(8064K) Class: 1164K(1280K)->1164K(1280K)
[130.116s][info][gc             ] GC(131) Pause Full (System.gc()) 1819M->3M(4096M) 17.904ms
[130.116s][info][gc,cpu         ] GC(131) User=0.02s Sys=0.00s Real=0.02s
[131.081s][info][gc,start       ] GC(132) Pause Young (Normal) (G1 Evacuation Pause)
[131.081s][info][gc,task        ] GC(132) Using 6 workers of 6 for evacuation
[131.086s][info][gc,phases      ] GC(132)   Pre Evacuate Collection Set: 0.4ms
[131.086s][info][gc,phases      ] GC(132)   Merge Heap Roots: 0.2ms
[131.086s][info][gc,phases      ] GC(132)   Evacuate Collection Set: 3.4ms
[131.086s][info][gc,phases      ] GC(132)   Post Evacuate Collection Set: 1.2ms
[131.086s][info][gc,phases      ] GC(132)   Other: 0.2ms
[131.086s][info][gc,heap        ] GC(132) Eden regions: 1228->0(1223)
[131.086s][info][gc,heap        ] GC(132) Survivor regions: 0->5(154)
[131.086s][info][gc,heap        ] GC(132) Old regions: 6->6
[131.086s][info][gc,heap        ] GC(132) Humongous regions: 0->0
[131.086s][info][gc,metaspace   ] GC(132) Metaspace: 9062K(9344K)->9062K(9344K) NonClass: 7898K(8064K)->7898K(8064K) Class: 1164K(1280K)->1164K(1280K)
[131.086s][info][gc             ] GC(132) Pause Young (Normal) (G1 Evacuation Pause) 2459M->12M(4096M) 5.532ms
[131.086s][info][gc,cpu         ] GC(132) User=0.02s Sys=0.00s Real=0.02s
[132.079s][info][gc,start       ] GC(133) Pause Young (Normal) (G1 Evacuation Pause)
[132.079s][info][gc,task        ] GC(133) Using 6 workers of 6 for evacuation
[132.087s][info][gc,phases      ] GC(133)   Pre Evacuate Collection Set: 0.4ms
[132.087s][info][gc,phases      ] GC(133)   Merge Heap Roots: 0.2ms
[132.087s][info][gc,phases      ] GC(133)   Evacuate Collection Set: 5.6ms
[132.087s][info][gc,phases      ] GC(133)   Post Evacuate Collection Set: 1.0ms
[132.087s][info][gc,phases      ] GC(133)   Other: 0.2ms
[132.087s][info][gc,heap        ] GC(133) Eden regions: 1223->0(1219)
[132.087s][info][gc,heap        ] GC(133) Survivor regions: 5->9(154)
[132.087s][info][gc,heap        ] GC(133) Old regions: 6->6
[132.087s][info][gc,heap        ] GC(133) Humongous regions: 0->0
[132.087s][info][gc,metaspace   ] GC(133) Metaspace: 9062K(9344K)->9062K(9344K) NonClass: 7898K(8064K)->7898K(8064K) Class: 1164K(1280K)->1164K(1280K)
[132.087s][info][gc             ] GC(133) Pause Young (Normal) (G1 Evacuation Pause) 2458M->19M(4096M) 7.642ms
[132.087s][info][gc,cpu         ] GC(133) User=0.00s Sys=0.00s Real=0.00s
[133.088s][info][gc,start       ] GC(134) Pause Full (System.gc())
[133.088s][info][gc,task        ] GC(134) Using 6 workers of 6 for full compaction
[133.088s][info][gc,phases,start] GC(134) Phase 1: Mark live objects
[133.090s][info][gc,phases      ] GC(134) Phase 1: Mark live objects 1.846ms
[133.090s][info][gc,phases,start] GC(134) Phase 2: Prepare compaction
[133.092s][info][gc,phases      ] GC(134) Phase 2: Prepare compaction 1.893ms
[133.092s][info][gc,phases,start] GC(134) Phase 3: Adjust pointers
[133.095s][info][gc,phases      ] GC(134) Phase 3: Adjust pointers 2.315ms
[133.095s][info][gc,phases,start] GC(134) Phase 4: Compact heap
[133.097s][info][gc,phases      ] GC(134) Phase 4: Compact heap 2.039ms
[133.097s][info][gc,phases,start] GC(134) Phase 5: Reset Metadata
[133.098s][info][gc,phases      ] GC(134) Phase 5: Reset Metadata 1.144ms
[133.106s][info][gc,heap        ] GC(134) Eden regions: 895->0(1228)
[133.106s][info][gc,heap        ] GC(134) Survivor regions: 9->0(154)
[133.106s][info][gc,heap        ] GC(134) Old regions: 6->6
[133.106s][info][gc,heap        ] GC(134) Humongous regions: 5->0
[133.106s][info][gc,metaspace   ] GC(134) Metaspace: 9062K(9344K)->9062K(9344K) NonClass: 7898K(8064K)->7898K(8064K) Class: 1164K(1280K)->1164K(1280K)
[133.106s][info][gc             ] GC(134) Pause Full (System.gc()) 1818M->3M(4096M) 18.018ms
[133.106s][info][gc,cpu         ] GC(134) User=0.02s Sys=0.00s Real=0.02s
[134.072s][info][gc,start       ] GC(135) Pause Young (Normal) (G1 Evacuation Pause)
[134.072s][info][gc,task        ] GC(135) Using 6 workers of 6 for evacuation
[134.077s][info][gc,phases      ] GC(135)   Pre Evacuate Collection Set: 0.3ms
[134.077s][info][gc,phases      ] GC(135)   Merge Heap Roots: 0.3ms
[134.077s][info][gc,phases      ] GC(135)   Evacuate Collection Set: 3.4ms
[134.077s][info][gc,phases      ] GC(135)   Post Evacuate Collection Set: 1.1ms
[134.077s][info][gc,phases      ] GC(135)   Other: 0.1ms
[134.077s][info][gc,heap        ] GC(135) Eden regions: 1228->0(1223)
[134.077s][info][gc,heap        ] GC(135) Survivor regions: 0->5(154)
[134.077s][info][gc,heap        ] GC(135) Old regions: 6->6
[134.077s][info][gc,heap        ] GC(135) Humongous regions: 0->0
[134.077s][info][gc,metaspace   ] GC(135) Metaspace: 9062K(9344K)->9062K(9344K) NonClass: 7898K(8064K)->7898K(8064K) Class: 1164K(1280K)->1164K(1280K)
[134.077s][info][gc             ] GC(135) Pause Young (Normal) (G1 Evacuation Pause) 2459M->12M(4096M) 5.438ms
[134.077s][info][gc,cpu         ] GC(135) User=0.00s Sys=0.00s Real=0.00s
[135.071s][info][gc,start       ] GC(136) Pause Young (Normal) (G1 Evacuation Pause)
[135.071s][info][gc,task        ] GC(136) Using 6 workers of 6 for evacuation
[135.078s][info][gc,phases      ] GC(136)   Pre Evacuate Collection Set: 0.3ms
[135.078s][info][gc,phases      ] GC(136)   Merge Heap Roots: 0.3ms
[135.078s][info][gc,phases      ] GC(136)   Evacuate Collection Set: 5.8ms
[135.078s][info][gc,phases      ] GC(136)   Post Evacuate Collection Set: 1.2ms
[135.079s][info][gc,phases      ] GC(136)   Other: 0.2ms
[135.079s][info][gc,heap        ] GC(136) Eden regions: 1223->0(1219)
[135.079s][info][gc,heap        ] GC(136) Survivor regions: 5->9(154)
[135.079s][info][gc,heap        ] GC(136) Old regions: 6->6
[135.079s][info][gc,heap        ] GC(136) Humongous regions: 0->0
[135.079s][info][gc,metaspace   ] GC(136) Metaspace: 9062K(9344K)->9062K(9344K) NonClass: 7898K(8064K)->7898K(8064K) Class: 1164K(1280K)->1164K(1280K)
[135.079s][info][gc             ] GC(136) Pause Young (Normal) (G1 Evacuation Pause) 2458M->20M(4096M) 7.963ms
[135.079s][info][gc,cpu         ] GC(136) User=0.02s Sys=0.00s Real=0.02s
[136.081s][info][gc,start       ] GC(137) Pause Full (System.gc())
[136.081s][info][gc,task        ] GC(137) Using 6 workers of 6 for full compaction
[136.082s][info][gc,phases,start] GC(137) Phase 1: Mark live objects
[136.084s][info][gc,phases      ] GC(137) Phase 1: Mark live objects 2.002ms
[136.084s][info][gc,phases,start] GC(137) Phase 2: Prepare compaction
[136.086s][info][gc,phases      ] GC(137) Phase 2: Prepare compaction 2.117ms
[136.086s][info][gc,phases,start] GC(137) Phase 3: Adjust pointers
[136.088s][info][gc,phases      ] GC(137) Phase 3: Adjust pointers 1.955ms
[136.088s][info][gc,phases,start] GC(137) Phase 4: Compact heap
[136.089s][info][gc,phases      ] GC(137) Phase 4: Compact heap 1.481ms
[136.090s][info][gc,phases,start] GC(137) Phase 5: Reset Metadata
[136.090s][info][gc,phases      ] GC(137) Phase 5: Reset Metadata 0.815ms
[136.099s][info][gc,heap        ] GC(137) Eden regions: 895->0(1228)
[136.099s][info][gc,heap        ] GC(137) Survivor regions: 9->0(154)
[136.099s][info][gc,heap        ] GC(137) Old regions: 6->6
[136.099s][info][gc,heap        ] GC(137) Humongous regions: 5->0
[136.099s][info][gc,metaspace   ] GC(137) Metaspace: 9062K(9344K)->9062K(9344K) NonClass: 7898K(8064K)->7898K(8064K) Class: 1164K(1280K)->1164K(1280K)
[136.099s][info][gc             ] GC(137) Pause Full (System.gc()) 1819M->3M(4096M) 18.018ms
[136.099s][info][gc,cpu         ] GC(137) User=0.02s Sys=0.00s Real=0.02s
[137.062s][info][gc,start       ] GC(138) Pause Young (Normal) (G1 Evacuation Pause)
[137.062s][info][gc,task        ] GC(138) Using 6 workers of 6 for evacuation
[137.068s][info][gc,phases      ] GC(138)   Pre Evacuate Collection Set: 0.4ms
[137.068s][info][gc,phases      ] GC(138)   Merge Heap Roots: 0.3ms
[137.068s][info][gc,phases      ] GC(138)   Evacuate Collection Set: 3.5ms
[137.068s][info][gc,phases      ] GC(138)   Post Evacuate Collection Set: 1.1ms
[137.068s][info][gc,phases      ] GC(138)   Other: 0.2ms
[137.068s][info][gc,heap        ] GC(138) Eden regions: 1228->0(1223)
[137.068s][info][gc,heap        ] GC(138) Survivor regions: 0->5(154)
[137.068s][info][gc,heap        ] GC(138) Old regions: 6->6
[137.068s][info][gc,heap        ] GC(138) Humongous regions: 0->0
[137.068s][info][gc,metaspace   ] GC(138) Metaspace: 9062K(9344K)->9062K(9344K) NonClass: 7898K(8064K)->7898K(8064K) Class: 1164K(1280K)->1164K(1280K)
[137.068s][info][gc             ] GC(138) Pause Young (Normal) (G1 Evacuation Pause) 2459M->13M(4096M) 5.712ms
[137.068s][info][gc,cpu         ] GC(138) User=0.00s Sys=0.00s Real=0.01s
[138.065s][info][gc,start       ] GC(139) Pause Young (Normal) (G1 Evacuation Pause)
[138.065s][info][gc,task        ] GC(139) Using 6 workers of 6 for evacuation
[138.072s][info][gc,phases      ] GC(139)   Pre Evacuate Collection Set: 0.4ms
[138.072s][info][gc,phases      ] GC(139)   Merge Heap Roots: 0.2ms
[138.072s][info][gc,phases      ] GC(139)   Evacuate Collection Set: 5.5ms
[138.072s][info][gc,phases      ] GC(139)   Post Evacuate Collection Set: 1.1ms
[138.072s][info][gc,phases      ] GC(139)   Other: 0.1ms
[138.072s][info][gc,heap        ] GC(139) Eden regions: 1223->0(1219)
[138.072s][info][gc,heap        ] GC(139) Survivor regions: 5->9(154)
[138.072s][info][gc,heap        ] GC(139) Old regions: 6->6
[138.072s][info][gc,heap        ] GC(139) Humongous regions: 0->0
[138.072s][info][gc,metaspace   ] GC(139) Metaspace: 9062K(9344K)->9062K(9344K) NonClass: 7898K(8064K)->7898K(8064K) Class: 1164K(1280K)->1164K(1280K)
[138.072s][info][gc             ] GC(139) Pause Young (Normal) (G1 Evacuation Pause) 2459M->20M(4096M) 7.611ms
[138.072s][info][gc,cpu         ] GC(139) User=0.00s Sys=0.00s Real=0.00s
[139.073s][info][gc,start       ] GC(140) Pause Full (System.gc())
[139.074s][info][gc,task        ] GC(140) Using 6 workers of 6 for full compaction
[139.074s][info][gc,phases,start] GC(140) Phase 1: Mark live objects
[139.076s][info][gc,phases      ] GC(140) Phase 1: Mark live objects 2.190ms
[139.076s][info][gc,phases,start] GC(140) Phase 2: Prepare compaction
[139.078s][info][gc,phases      ] GC(140) Phase 2: Prepare compaction 2.077ms
[139.078s][info][gc,phases,start] GC(140) Phase 3: Adjust pointers
[139.081s][info][gc,phases      ] GC(140) Phase 3: Adjust pointers 2.483ms
[139.081s][info][gc,phases,start] GC(140) Phase 4: Compact heap
[139.082s][info][gc,phases      ] GC(140) Phase 4: Compact heap 1.269ms
[139.082s][info][gc,phases,start] GC(140) Phase 5: Reset Metadata
[139.083s][info][gc,phases      ] GC(140) Phase 5: Reset Metadata 0.681ms
[139.091s][info][gc,heap        ] GC(140) Eden regions: 895->0(1228)
[139.091s][info][gc,heap        ] GC(140) Survivor regions: 9->0(154)
[139.091s][info][gc,heap        ] GC(140) Old regions: 6->6
[139.091s][info][gc,heap        ] GC(140) Humongous regions: 5->0
[139.091s][info][gc,metaspace   ] GC(140) Metaspace: 9062K(9344K)->9062K(9344K) NonClass: 7898K(8064K)->7898K(8064K) Class: 1164K(1280K)->1164K(1280K)
[139.091s][info][gc             ] GC(140) Pause Full (System.gc()) 1819M->3M(4096M) 17.947ms
[139.091s][info][gc,cpu         ] GC(140) User=0.02s Sys=0.00s Real=0.02s
[140.055s][info][gc,start       ] GC(141) Pause Young (Normal) (G1 Evacuation Pause)
[140.055s][info][gc,task        ] GC(141) Using 6 workers of 6 for evacuation
[140.061s][info][gc,phases      ] GC(141)   Pre Evacuate Collection Set: 0.5ms
[140.061s][info][gc,phases      ] GC(141)   Merge Heap Roots: 0.3ms
[140.061s][info][gc,phases      ] GC(141)   Evacuate Collection Set: 3.1ms
[140.061s][info][gc,phases      ] GC(141)   Post Evacuate Collection Set: 1.1ms
[140.061s][info][gc,phases      ] GC(141)   Other: 0.1ms
[140.061s][info][gc,heap        ] GC(141) Eden regions: 1228->0(1223)
[140.061s][info][gc,heap        ] GC(141) Survivor regions: 0->5(154)
[140.061s][info][gc,heap        ] GC(141) Old regions: 6->6
[140.061s][info][gc,heap        ] GC(141) Humongous regions: 0->0
[140.061s][info][gc,metaspace   ] GC(141) Metaspace: 9062K(9344K)->9062K(9344K) NonClass: 7898K(8064K)->7898K(8064K) Class: 1164K(1280K)->1164K(1280K)
[140.061s][info][gc             ] GC(141) Pause Young (Normal) (G1 Evacuation Pause) 2459M->12M(4096M) 5.386ms
[140.061s][info][gc,cpu         ] GC(141) User=0.00s Sys=0.00s Real=0.00s
[141.055s][info][gc,start       ] GC(142) Pause Young (Normal) (G1 Evacuation Pause)
[141.055s][info][gc,task        ] GC(142) Using 6 workers of 6 for evacuation
[141.063s][info][gc,phases      ] GC(142)   Pre Evacuate Collection Set: 0.5ms
[141.063s][info][gc,phases      ] GC(142)   Merge Heap Roots: 0.3ms
[141.063s][info][gc,phases      ] GC(142)   Evacuate Collection Set: 5.4ms
[141.063s][info][gc,phases      ] GC(142)   Post Evacuate Collection Set: 1.2ms
[141.063s][info][gc,phases      ] GC(142)   Other: 0.2ms
[141.063s][info][gc,heap        ] GC(142) Eden regions: 1223->0(1219)
[141.063s][info][gc,heap        ] GC(142) Survivor regions: 5->9(154)
[141.063s][info][gc,heap        ] GC(142) Old regions: 6->6
[141.063s][info][gc,heap        ] GC(142) Humongous regions: 0->0
[141.063s][info][gc,metaspace   ] GC(142) Metaspace: 9062K(9344K)->9062K(9344K) NonClass: 7898K(8064K)->7898K(8064K) Class: 1164K(1280K)->1164K(1280K)
[141.063s][info][gc             ] GC(142) Pause Young (Normal) (G1 Evacuation Pause) 2458M->20M(4096M) 7.830ms
[141.063s][info][gc,cpu         ] GC(142) User=0.00s Sys=0.00s Real=0.02s
[142.067s][info][gc,start       ] GC(143) Pause Full (System.gc())
[142.067s][info][gc,task        ] GC(143) Using 6 workers of 6 for full compaction
[142.067s][info][gc,phases,start] GC(143) Phase 1: Mark live objects
[142.070s][info][gc,phases      ] GC(143) Phase 1: Mark live objects 2.605ms
[142.070s][info][gc,phases,start] GC(143) Phase 2: Prepare compaction
[142.072s][info][gc,phases      ] GC(143) Phase 2: Prepare compaction 2.074ms
[142.072s][info][gc,phases,start] GC(143) Phase 3: Adjust pointers
[142.074s][info][gc,phases      ] GC(143) Phase 3: Adjust pointers 2.080ms
[142.074s][info][gc,phases,start] GC(143) Phase 4: Compact heap
[142.076s][info][gc,phases      ] GC(143) Phase 4: Compact heap 1.719ms
[142.076s][info][gc,phases,start] GC(143) Phase 5: Reset Metadata
[142.077s][info][gc,phases      ] GC(143) Phase 5: Reset Metadata 0.856ms
[142.085s][info][gc,heap        ] GC(143) Eden regions: 895->0(1228)
[142.085s][info][gc,heap        ] GC(143) Survivor regions: 9->0(154)
[142.085s][info][gc,heap        ] GC(143) Old regions: 6->6
[142.085s][info][gc,heap        ] GC(143) Humongous regions: 5->0
[142.085s][info][gc,metaspace   ] GC(143) Metaspace: 9062K(9344K)->9062K(9344K) NonClass: 7898K(8064K)->7898K(8064K) Class: 1164K(1280K)->1164K(1280K)
[142.085s][info][gc             ] GC(143) Pause Full (System.gc()) 1819M->3M(4096M) 18.229ms
[142.085s][info][gc,cpu         ] GC(143) User=0.02s Sys=0.00s Real=0.01s
[143.050s][info][gc,start       ] GC(144) Pause Young (Normal) (G1 Evacuation Pause)
[143.050s][info][gc,task        ] GC(144) Using 6 workers of 6 for evacuation
[143.055s][info][gc,phases      ] GC(144)   Pre Evacuate Collection Set: 0.4ms
[143.055s][info][gc,phases      ] GC(144)   Merge Heap Roots: 0.2ms
[143.055s][info][gc,phases      ] GC(144)   Evacuate Collection Set: 3.1ms
[143.055s][info][gc,phases      ] GC(144)   Post Evacuate Collection Set: 1.2ms
[143.055s][info][gc,phases      ] GC(144)   Other: 0.1ms
[143.055s][info][gc,heap        ] GC(144) Eden regions: 1228->0(1223)
[143.055s][info][gc,heap        ] GC(144) Survivor regions: 0->5(154)
[143.055s][info][gc,heap        ] GC(144) Old regions: 6->6
[143.055s][info][gc,heap        ] GC(144) Humongous regions: 0->0
[143.055s][info][gc,metaspace   ] GC(144) Metaspace: 9062K(9344K)->9062K(9344K) NonClass: 7898K(8064K)->7898K(8064K) Class: 1164K(1280K)->1164K(1280K)
[143.055s][info][gc             ] GC(144) Pause Young (Normal) (G1 Evacuation Pause) 2459M->13M(4096M) 5.242ms
[143.055s][info][gc,cpu         ] GC(144) User=0.00s Sys=0.00s Real=0.00s
[144.049s][info][gc,start       ] GC(145) Pause Young (Normal) (G1 Evacuation Pause)
[144.049s][info][gc,task        ] GC(145) Using 6 workers of 6 for evacuation
[144.057s][info][gc,phases      ] GC(145)   Pre Evacuate Collection Set: 0.4ms
[144.057s][info][gc,phases      ] GC(145)   Merge Heap Roots: 0.3ms
[144.057s][info][gc,phases      ] GC(145)   Evacuate Collection Set: 5.7ms
[144.057s][info][gc,phases      ] GC(145)   Post Evacuate Collection Set: 1.2ms
[144.057s][info][gc,phases      ] GC(145)   Other: 0.2ms
[144.057s][info][gc,heap        ] GC(145) Eden regions: 1223->0(1219)
[144.057s][info][gc,heap        ] GC(145) Survivor regions: 5->9(154)
[144.057s][info][gc,heap        ] GC(145) Old regions: 6->6
[144.057s][info][gc,heap        ] GC(145) Humongous regions: 0->0
[144.057s][info][gc,metaspace   ] GC(145) Metaspace: 9062K(9344K)->9062K(9344K) NonClass: 7898K(8064K)->7898K(8064K) Class: 1164K(1280K)->1164K(1280K)
[144.057s][info][gc             ] GC(145) Pause Young (Normal) (G1 Evacuation Pause) 2459M->21M(4096M) 7.994ms
[144.057s][info][gc,cpu         ] GC(145) User=0.02s Sys=0.00s Real=0.01s
[145.071s][info][gc,start       ] GC(146) Pause Full (System.gc())
[145.071s][info][gc,task        ] GC(146) Using 6 workers of 6 for full compaction
[145.071s][info][gc,phases,start] GC(146) Phase 1: Mark live objects
[145.073s][info][gc,phases      ] GC(146) Phase 1: Mark live objects 2.143ms
[145.073s][info][gc,phases,start] GC(146) Phase 2: Prepare compaction
[145.076s][info][gc,phases      ] GC(146) Phase 2: Prepare compaction 2.031ms
[145.076s][info][gc,phases,start] GC(146) Phase 3: Adjust pointers
[145.078s][info][gc,phases      ] GC(146) Phase 3: Adjust pointers 2.500ms
[145.078s][info][gc,phases,start] GC(146) Phase 4: Compact heap
[145.080s][info][gc,phases      ] GC(146) Phase 4: Compact heap 1.331ms
[145.080s][info][gc,phases,start] GC(146) Phase 5: Reset Metadata
[145.080s][info][gc,phases      ] GC(146) Phase 5: Reset Metadata 0.669ms
[145.089s][info][gc,heap        ] GC(146) Eden regions: 895->0(1228)
[145.089s][info][gc,heap        ] GC(146) Survivor regions: 9->0(154)
[145.089s][info][gc,heap        ] GC(146) Old regions: 6->6
[145.089s][info][gc,heap        ] GC(146) Humongous regions: 5->0
[145.089s][info][gc,metaspace   ] GC(146) Metaspace: 9062K(9344K)->9062K(9344K) NonClass: 7898K(8064K)->7898K(8064K) Class: 1164K(1280K)->1164K(1280K)
[145.089s][info][gc             ] GC(146) Pause Full (System.gc()) 1820M->3M(4096M) 17.891ms
[145.089s][info][gc,cpu         ] GC(146) User=0.00s Sys=0.00s Real=0.02s
[146.056s][info][gc,start       ] GC(147) Pause Young (Normal) (G1 Evacuation Pause)
[146.056s][info][gc,task        ] GC(147) Using 6 workers of 6 for evacuation
[146.061s][info][gc,phases      ] GC(147)   Pre Evacuate Collection Set: 0.4ms
[146.061s][info][gc,phases      ] GC(147)   Merge Heap Roots: 0.3ms
[146.061s][info][gc,phases      ] GC(147)   Evacuate Collection Set: 3.2ms
[146.061s][info][gc,phases      ] GC(147)   Post Evacuate Collection Set: 1.2ms
[146.061s][info][gc,phases      ] GC(147)   Other: 0.1ms
[146.061s][info][gc,heap        ] GC(147) Eden regions: 1228->0(1223)
[146.061s][info][gc,heap        ] GC(147) Survivor regions: 0->5(154)
[146.061s][info][gc,heap        ] GC(147) Old regions: 6->6
[146.061s][info][gc,heap        ] GC(147) Humongous regions: 0->0
[146.061s][info][gc,metaspace   ] GC(147) Metaspace: 9062K(9344K)->9062K(9344K) NonClass: 7898K(8064K)->7898K(8064K) Class: 1164K(1280K)->1164K(1280K)
[146.061s][info][gc             ] GC(147) Pause Young (Normal) (G1 Evacuation Pause) 2459M->12M(4096M) 5.401ms
[146.061s][info][gc,cpu         ] GC(147) User=0.00s Sys=0.00s Real=0.00s
[147.056s][info][gc,start       ] GC(148) Pause Young (Normal) (G1 Evacuation Pause)
[147.056s][info][gc,task        ] GC(148) Using 6 workers of 6 for evacuation
[147.064s][info][gc,phases      ] GC(148)   Pre Evacuate Collection Set: 0.3ms
[147.064s][info][gc,phases      ] GC(148)   Merge Heap Roots: 0.2ms
[147.064s][info][gc,phases      ] GC(148)   Evacuate Collection Set: 5.7ms
[147.064s][info][gc,phases      ] GC(148)   Post Evacuate Collection Set: 1.1ms
[147.064s][info][gc,phases      ] GC(148)   Other: 0.2ms
[147.064s][info][gc,heap        ] GC(148) Eden regions: 1223->0(1219)
[147.064s][info][gc,heap        ] GC(148) Survivor regions: 5->9(154)
[147.064s][info][gc,heap        ] GC(148) Old regions: 6->6
[147.064s][info][gc,heap        ] GC(148) Humongous regions: 0->0
[147.064s][info][gc,metaspace   ] GC(148) Metaspace: 9062K(9344K)->9062K(9344K) NonClass: 7898K(8064K)->7898K(8064K) Class: 1164K(1280K)->1164K(1280K)
[147.064s][info][gc             ] GC(148) Pause Young (Normal) (G1 Evacuation Pause) 2458M->21M(4096M) 7.629ms
[147.064s][info][gc,cpu         ] GC(148) User=0.00s Sys=0.00s Real=0.00s
[148.068s][info][gc,start       ] GC(149) Pause Full (System.gc())
[148.068s][info][gc,task        ] GC(149) Using 6 workers of 6 for full compaction
[148.069s][info][gc,phases,start] GC(149) Phase 1: Mark live objects
[148.071s][info][gc,phases      ] GC(149) Phase 1: Mark live objects 2.025ms
[148.071s][info][gc,phases,start] GC(149) Phase 2: Prepare compaction
[148.073s][info][gc,phases      ] GC(149) Phase 2: Prepare compaction 2.030ms
[148.073s][info][gc,phases,start] GC(149) Phase 3: Adjust pointers
[148.075s][info][gc,phases      ] GC(149) Phase 3: Adjust pointers 2.006ms
[148.075s][info][gc,phases,start] GC(149) Phase 4: Compact heap
[148.076s][info][gc,phases      ] GC(149) Phase 4: Compact heap 1.563ms
[148.076s][info][gc,phases,start] GC(149) Phase 5: Reset Metadata
[148.077s][info][gc,phases      ] GC(149) Phase 5: Reset Metadata 0.919ms
[148.086s][info][gc,heap        ] GC(149) Eden regions: 895->0(1228)
[148.086s][info][gc,heap        ] GC(149) Survivor regions: 9->0(154)
[148.086s][info][gc,heap        ] GC(149) Old regions: 6->6
[148.086s][info][gc,heap        ] GC(149) Humongous regions: 5->0
[148.086s][info][gc,metaspace   ] GC(149) Metaspace: 9063K(9344K)->9063K(9344K) NonClass: 7899K(8064K)->7899K(8064K) Class: 1164K(1280K)->1164K(1280K)
[148.086s][info][gc             ] GC(149) Pause Full (System.gc()) 1820M->3M(4096M) 17.713ms
[148.086s][info][gc,cpu         ] GC(149) User=0.02s Sys=0.00s Real=0.02s
[149.050s][info][gc,start       ] GC(150) Pause Young (Normal) (G1 Evacuation Pause)
[149.050s][info][gc,task        ] GC(150) Using 6 workers of 6 for evacuation
[149.056s][info][gc,phases      ] GC(150)   Pre Evacuate Collection Set: 0.5ms
[149.056s][info][gc,phases      ] GC(150)   Merge Heap Roots: 0.3ms
[149.056s][info][gc,phases      ] GC(150)   Evacuate Collection Set: 3.4ms
[149.056s][info][gc,phases      ] GC(150)   Post Evacuate Collection Set: 1.1ms
[149.056s][info][gc,phases      ] GC(150)   Other: 0.1ms
[149.056s][info][gc,heap        ] GC(150) Eden regions: 1228->0(1223)
[149.056s][info][gc,heap        ] GC(150) Survivor regions: 0->5(154)
[149.056s][info][gc,heap        ] GC(150) Old regions: 6->6
[149.056s][info][gc,heap        ] GC(150) Humongous regions: 0->0
[149.056s][info][gc,metaspace   ] GC(150) Metaspace: 9066K(9344K)->9066K(9344K) NonClass: 7902K(8064K)->7902K(8064K) Class: 1164K(1280K)->1164K(1280K)
[149.056s][info][gc             ] GC(150) Pause Young (Normal) (G1 Evacuation Pause) 2459M->13M(4096M) 5.607ms
[149.056s][info][gc,cpu         ] GC(150) User=0.02s Sys=0.00s Real=0.01s
[150.050s][info][gc,start       ] GC(151) Pause Young (Normal) (G1 Evacuation Pause)
[150.050s][info][gc,task        ] GC(151) Using 6 workers of 6 for evacuation
[150.058s][info][gc,phases      ] GC(151)   Pre Evacuate Collection Set: 0.4ms
[150.058s][info][gc,phases      ] GC(151)   Merge Heap Roots: 0.3ms
[150.058s][info][gc,phases      ] GC(151)   Evacuate Collection Set: 5.8ms
[150.058s][info][gc,phases      ] GC(151)   Post Evacuate Collection Set: 1.1ms
[150.058s][info][gc,phases      ] GC(151)   Other: 0.1ms
[150.058s][info][gc,heap        ] GC(151) Eden regions: 1223->0(1219)
[150.058s][info][gc,heap        ] GC(151) Survivor regions: 5->9(154)
[150.058s][info][gc,heap        ] GC(151) Old regions: 6->6
[150.058s][info][gc,heap        ] GC(151) Humongous regions: 0->0
[150.058s][info][gc,metaspace   ] GC(151) Metaspace: 9066K(9344K)->9066K(9344K) NonClass: 7902K(8064K)->7902K(8064K) Class: 1164K(1280K)->1164K(1280K)
[150.058s][info][gc             ] GC(151) Pause Young (Normal) (G1 Evacuation Pause) 2459M->21M(4096M) 7.994ms
[150.058s][info][gc,cpu         ] GC(151) User=0.02s Sys=0.00s Real=0.01s
[151.059s][info][gc,start       ] GC(152) Pause Full (System.gc())
[151.059s][info][gc,task        ] GC(152) Using 6 workers of 6 for full compaction
[151.059s][info][gc,phases,start] GC(152) Phase 1: Mark live objects
[151.061s][info][gc,phases      ] GC(152) Phase 1: Mark live objects 2.150ms
[151.061s][info][gc,phases,start] GC(152) Phase 2: Prepare compaction
[151.063s][info][gc,phases      ] GC(152) Phase 2: Prepare compaction 2.167ms
[151.063s][info][gc,phases,start] GC(152) Phase 3: Adjust pointers
[151.066s][info][gc,phases      ] GC(152) Phase 3: Adjust pointers 2.254ms
[151.066s][info][gc,phases,start] GC(152) Phase 4: Compact heap
[151.068s][info][gc,phases      ] GC(152) Phase 4: Compact heap 1.845ms
[151.068s][info][gc,phases,start] GC(152) Phase 5: Reset Metadata
[151.068s][info][gc,phases      ] GC(152) Phase 5: Reset Metadata 0.673ms
[151.077s][info][gc,heap        ] GC(152) Eden regions: 895->0(1228)
[151.077s][info][gc,heap        ] GC(152) Survivor regions: 9->0(154)
[151.077s][info][gc,heap        ] GC(152) Old regions: 6->6
[151.077s][info][gc,heap        ] GC(152) Humongous regions: 5->0
[151.077s][info][gc,metaspace   ] GC(152) Metaspace: 9066K(9344K)->9066K(9344K) NonClass: 7902K(8064K)->7902K(8064K) Class: 1164K(1280K)->1164K(1280K)
[151.077s][info][gc             ] GC(152) Pause Full (System.gc()) 1820M->3M(4096M) 18.321ms
[151.077s][info][gc,cpu         ] GC(152) User=0.03s Sys=0.00s Real=0.03s
[152.040s][info][gc,start       ] GC(153) Pause Young (Normal) (G1 Evacuation Pause)
[152.040s][info][gc,task        ] GC(153) Using 6 workers of 6 for evacuation
[152.045s][info][gc,phases      ] GC(153)   Pre Evacuate Collection Set: 0.4ms
[152.045s][info][gc,phases      ] GC(153)   Merge Heap Roots: 0.2ms
[152.046s][info][gc,phases      ] GC(153)   Evacuate Collection Set: 3.2ms
[152.046s][info][gc,phases      ] GC(153)   Post Evacuate Collection Set: 1.3ms
[152.046s][info][gc,phases      ] GC(153)   Other: 0.2ms
[152.046s][info][gc,heap        ] GC(153) Eden regions: 1228->0(1223)
[152.046s][info][gc,heap        ] GC(153) Survivor regions: 0->5(154)
[152.046s][info][gc,heap        ] GC(153) Old regions: 6->6
[152.046s][info][gc,heap        ] GC(153) Humongous regions: 0->0
[152.046s][info][gc,metaspace   ] GC(153) Metaspace: 9067K(9344K)->9067K(9344K) NonClass: 7903K(8064K)->7903K(8064K) Class: 1164K(1280K)->1164K(1280K)
[152.046s][info][gc             ] GC(153) Pause Young (Normal) (G1 Evacuation Pause) 2459M->12M(4096M) 5.620ms
[152.046s][info][gc,cpu         ] GC(153) User=0.00s Sys=0.00s Real=0.00s
[153.042s][info][gc,start       ] GC(154) Pause Young (Normal) (G1 Evacuation Pause)
[153.042s][info][gc,task        ] GC(154) Using 6 workers of 6 for evacuation
[153.050s][info][gc,phases      ] GC(154)   Pre Evacuate Collection Set: 0.5ms
[153.050s][info][gc,phases      ] GC(154)   Merge Heap Roots: 0.2ms
[153.050s][info][gc,phases      ] GC(154)   Evacuate Collection Set: 5.7ms
[153.050s][info][gc,phases      ] GC(154)   Post Evacuate Collection Set: 1.2ms
[153.050s][info][gc,phases      ] GC(154)   Other: 0.1ms
[153.050s][info][gc,heap        ] GC(154) Eden regions: 1223->0(1219)
[153.050s][info][gc,heap        ] GC(154) Survivor regions: 5->9(154)
[153.050s][info][gc,heap        ] GC(154) Old regions: 6->6
[153.050s][info][gc,heap        ] GC(154) Humongous regions: 0->0
[153.050s][info][gc,metaspace   ] GC(154) Metaspace: 9067K(9344K)->9067K(9344K) NonClass: 7903K(8064K)->7903K(8064K) Class: 1164K(1280K)->1164K(1280K)
[153.050s][info][gc             ] GC(154) Pause Young (Normal) (G1 Evacuation Pause) 2458M->21M(4096M) 7.874ms
[153.050s][info][gc,cpu         ] GC(154) User=0.00s Sys=0.00s Real=0.00s
[154.052s][info][gc,start       ] GC(155) Pause Full (System.gc())
[154.052s][info][gc,task        ] GC(155) Using 6 workers of 6 for full compaction
[154.053s][info][gc,phases,start] GC(155) Phase 1: Mark live objects
[154.055s][info][gc,phases      ] GC(155) Phase 1: Mark live objects 2.021ms
[154.055s][info][gc,phases,start] GC(155) Phase 2: Prepare compaction
[154.057s][info][gc,phases      ] GC(155) Phase 2: Prepare compaction 2.013ms
[154.057s][info][gc,phases,start] GC(155) Phase 3: Adjust pointers
[154.059s][info][gc,phases      ] GC(155) Phase 3: Adjust pointers 2.110ms
[154.059s][info][gc,phases,start] GC(155) Phase 4: Compact heap
[154.060s][info][gc,phases      ] GC(155) Phase 4: Compact heap 1.429ms
[154.060s][info][gc,phases,start] GC(155) Phase 5: Reset Metadata
[154.062s][info][gc,phases      ] GC(155) Phase 5: Reset Metadata 1.120ms
[154.070s][info][gc,heap        ] GC(155) Eden regions: 895->0(1228)
[154.070s][info][gc,heap        ] GC(155) Survivor regions: 9->0(154)
[154.070s][info][gc,heap        ] GC(155) Old regions: 6->6
[154.070s][info][gc,heap        ] GC(155) Humongous regions: 5->0
[154.070s][info][gc,metaspace   ] GC(155) Metaspace: 9067K(9344K)->9067K(9344K) NonClass: 7903K(8064K)->7903K(8064K) Class: 1164K(1280K)->1164K(1280K)
[154.070s][info][gc             ] GC(155) Pause Full (System.gc()) 1820M->3M(4096M) 17.578ms
[154.070s][info][gc,cpu         ] GC(155) User=0.02s Sys=0.00s Real=0.02s
[155.034s][info][gc,start       ] GC(156) Pause Young (Normal) (G1 Evacuation Pause)
[155.034s][info][gc,task        ] GC(156) Using 6 workers of 6 for evacuation
[155.040s][info][gc,phases      ] GC(156)   Pre Evacuate Collection Set: 0.3ms
[155.040s][info][gc,phases      ] GC(156)   Merge Heap Roots: 0.3ms
[155.040s][info][gc,phases      ] GC(156)   Evacuate Collection Set: 3.3ms
[155.040s][info][gc,phases      ] GC(156)   Post Evacuate Collection Set: 1.2ms
[155.040s][info][gc,phases      ] GC(156)   Other: 0.2ms
[155.040s][info][gc,heap        ] GC(156) Eden regions: 1228->0(1223)
[155.040s][info][gc,heap        ] GC(156) Survivor regions: 0->5(154)
[155.040s][info][gc,heap        ] GC(156) Old regions: 6->6
[155.040s][info][gc,heap        ] GC(156) Humongous regions: 0->0
[155.040s][info][gc,metaspace   ] GC(156) Metaspace: 9071K(9344K)->9071K(9344K) NonClass: 7906K(8064K)->7906K(8064K) Class: 1164K(1280K)->1164K(1280K)
[155.040s][info][gc             ] GC(156) Pause Young (Normal) (G1 Evacuation Pause) 2459M->12M(4096M) 5.555ms
[155.040s][info][gc,cpu         ] GC(156) User=0.00s Sys=0.00s Real=0.00s
[156.034s][info][gc,start       ] GC(157) Pause Young (Normal) (G1 Evacuation Pause)
[156.034s][info][gc,task        ] GC(157) Using 6 workers of 6 for evacuation
[156.042s][info][gc,phases      ] GC(157)   Pre Evacuate Collection Set: 0.4ms
[156.042s][info][gc,phases      ] GC(157)   Merge Heap Roots: 0.2ms
[156.042s][info][gc,phases      ] GC(157)   Evacuate Collection Set: 5.9ms
[156.042s][info][gc,phases      ] GC(157)   Post Evacuate Collection Set: 1.0ms
[156.042s][info][gc,phases      ] GC(157)   Other: 0.2ms
[156.042s][info][gc,heap        ] GC(157) Eden regions: 1223->0(1219)
[156.042s][info][gc,heap        ] GC(157) Survivor regions: 5->9(154)
[156.042s][info][gc,heap        ] GC(157) Old regions: 6->6
[156.042s][info][gc,heap        ] GC(157) Humongous regions: 0->0
[156.042s][info][gc,metaspace   ] GC(157) Metaspace: 9071K(9344K)->9071K(9344K) NonClass: 7907K(8064K)->7907K(8064K) Class: 1164K(1280K)->1164K(1280K)
[156.042s][info][gc             ] GC(157) Pause Young (Normal) (G1 Evacuation Pause) 2458M->20M(4096M) 7.981ms
[156.042s][info][gc,cpu         ] GC(157) User=0.02s Sys=0.00s Real=0.02s
[157.044s][info][gc,start       ] GC(158) Pause Full (System.gc())
[157.044s][info][gc,task        ] GC(158) Using 6 workers of 6 for full compaction
[157.044s][info][gc,phases,start] GC(158) Phase 1: Mark live objects
[157.046s][info][gc,phases      ] GC(158) Phase 1: Mark live objects 2.034ms
[157.047s][info][gc,phases,start] GC(158) Phase 2: Prepare compaction
[157.049s][info][gc,phases      ] GC(158) Phase 2: Prepare compaction 2.108ms
[157.049s][info][gc,phases,start] GC(158) Phase 3: Adjust pointers
[157.051s][info][gc,phases      ] GC(158) Phase 3: Adjust pointers 2.357ms
[157.051s][info][gc,phases,start] GC(158) Phase 4: Compact heap
[157.052s][info][gc,phases      ] GC(158) Phase 4: Compact heap 1.381ms
[157.053s][info][gc,phases,start] GC(158) Phase 5: Reset Metadata
[157.053s][info][gc,phases      ] GC(158) Phase 5: Reset Metadata 0.746ms
[157.062s][info][gc,heap        ] GC(158) Eden regions: 895->0(1228)
[157.062s][info][gc,heap        ] GC(158) Survivor regions: 9->0(154)
[157.062s][info][gc,heap        ] GC(158) Old regions: 6->6
[157.062s][info][gc,heap        ] GC(158) Humongous regions: 5->0
[157.062s][info][gc,metaspace   ] GC(158) Metaspace: 9071K(9344K)->9071K(9344K) NonClass: 7907K(8064K)->7907K(8064K) Class: 1164K(1280K)->1164K(1280K)
[157.062s][info][gc             ] GC(158) Pause Full (System.gc()) 1819M->3M(4096M) 17.823ms
[157.062s][info][gc,cpu         ] GC(158) User=0.02s Sys=0.00s Real=0.01s
[158.027s][info][gc,start       ] GC(159) Pause Young (Normal) (G1 Evacuation Pause)
[158.027s][info][gc,task        ] GC(159) Using 6 workers of 6 for evacuation
[158.032s][info][gc,phases      ] GC(159)   Pre Evacuate Collection Set: 0.4ms
[158.032s][info][gc,phases      ] GC(159)   Merge Heap Roots: 0.3ms
[158.032s][info][gc,phases      ] GC(159)   Evacuate Collection Set: 3.5ms
[158.032s][info][gc,phases      ] GC(159)   Post Evacuate Collection Set: 1.2ms
[158.032s][info][gc,phases      ] GC(159)   Other: 0.1ms
[158.032s][info][gc,heap        ] GC(159) Eden regions: 1228->0(1223)
[158.033s][info][gc,heap        ] GC(159) Survivor regions: 0->5(154)
[158.033s][info][gc,heap        ] GC(159) Old regions: 6->6
[158.033s][info][gc,heap        ] GC(159) Humongous regions: 0->0
[158.033s][info][gc,metaspace   ] GC(159) Metaspace: 9071K(9344K)->9071K(9344K) NonClass: 7907K(8064K)->7907K(8064K) Class: 1164K(1280K)->1164K(1280K)
[158.033s][info][gc             ] GC(159) Pause Young (Normal) (G1 Evacuation Pause) 2459M->12M(4096M) 5.779ms
[158.033s][info][gc,cpu         ] GC(159) User=0.00s Sys=0.00s Real=0.01s
[159.038s][info][gc,start       ] GC(160) Pause Young (Normal) (G1 Evacuation Pause)
[159.038s][info][gc,task        ] GC(160) Using 6 workers of 6 for evacuation
[159.045s][info][gc,phases      ] GC(160)   Pre Evacuate Collection Set: 0.3ms
[159.045s][info][gc,phases      ] GC(160)   Merge Heap Roots: 0.2ms
[159.045s][info][gc,phases      ] GC(160)   Evacuate Collection Set: 5.4ms
[159.045s][info][gc,phases      ] GC(160)   Post Evacuate Collection Set: 1.2ms
[159.045s][info][gc,phases      ] GC(160)   Other: 0.2ms
[159.045s][info][gc,heap        ] GC(160) Eden regions: 1223->0(1219)
[159.045s][info][gc,heap        ] GC(160) Survivor regions: 5->9(154)
[159.045s][info][gc,heap        ] GC(160) Old regions: 6->6
[159.045s][info][gc,heap        ] GC(160) Humongous regions: 0->0
[159.045s][info][gc,metaspace   ] GC(160) Metaspace: 9071K(9344K)->9071K(9344K) NonClass: 7907K(8064K)->7907K(8064K) Class: 1164K(1280K)->1164K(1280K)
[159.045s][info][gc             ] GC(160) Pause Young (Normal) (G1 Evacuation Pause) 2458M->19M(4096M) 7.608ms
[159.045s][info][gc,cpu         ] GC(160) User=0.00s Sys=0.00s Real=0.00s
[160.048s][info][gc,start       ] GC(161) Pause Full (System.gc())
[160.048s][info][gc,task        ] GC(161) Using 6 workers of 6 for full compaction
[160.048s][info][gc,phases,start] GC(161) Phase 1: Mark live objects
[160.050s][info][gc,phases      ] GC(161) Phase 1: Mark live objects 2.210ms
[160.051s][info][gc,phases,start] GC(161) Phase 2: Prepare compaction
[160.052s][info][gc,phases      ] GC(161) Phase 2: Prepare compaction 1.848ms
[160.052s][info][gc,phases,start] GC(161) Phase 3: Adjust pointers
[160.055s][info][gc,phases      ] GC(161) Phase 3: Adjust pointers 2.259ms
[160.055s][info][gc,phases,start] GC(161) Phase 4: Compact heap
[160.057s][info][gc,phases      ] GC(161) Phase 4: Compact heap 1.916ms
[160.057s][info][gc,phases,start] GC(161) Phase 5: Reset Metadata
[160.058s][info][gc,phases      ] GC(161) Phase 5: Reset Metadata 0.894ms
[160.066s][info][gc,heap        ] GC(161) Eden regions: 895->0(1228)
[160.066s][info][gc,heap        ] GC(161) Survivor regions: 9->0(154)
[160.066s][info][gc,heap        ] GC(161) Old regions: 6->6
[160.066s][info][gc,heap        ] GC(161) Humongous regions: 5->0
[160.066s][info][gc,metaspace   ] GC(161) Metaspace: 9071K(9344K)->9071K(9344K) NonClass: 7907K(8064K)->7907K(8064K) Class: 1164K(1280K)->1164K(1280K)
[160.066s][info][gc             ] GC(161) Pause Full (System.gc()) 1818M->3M(4096M) 18.520ms
[160.066s][info][gc,cpu         ] GC(161) User=0.00s Sys=0.00s Real=0.02s
[161.033s][info][gc,start       ] GC(162) Pause Young (Normal) (G1 Evacuation Pause)
[161.033s][info][gc,task        ] GC(162) Using 6 workers of 6 for evacuation
[161.038s][info][gc,phases      ] GC(162)   Pre Evacuate Collection Set: 0.4ms
[161.038s][info][gc,phases      ] GC(162)   Merge Heap Roots: 0.3ms
[161.038s][info][gc,phases      ] GC(162)   Evacuate Collection Set: 3.4ms
[161.038s][info][gc,phases      ] GC(162)   Post Evacuate Collection Set: 1.0ms
[161.038s][info][gc,phases      ] GC(162)   Other: 0.2ms
[161.038s][info][gc,heap        ] GC(162) Eden regions: 1228->0(1223)
[161.038s][info][gc,heap        ] GC(162) Survivor regions: 0->5(154)
[161.038s][info][gc,heap        ] GC(162) Old regions: 6->6
[161.038s][info][gc,heap        ] GC(162) Humongous regions: 0->0
[161.038s][info][gc,metaspace   ] GC(162) Metaspace: 9071K(9344K)->9071K(9344K) NonClass: 7907K(8064K)->7907K(8064K) Class: 1164K(1280K)->1164K(1280K)
[161.038s][info][gc             ] GC(162) Pause Young (Normal) (G1 Evacuation Pause) 2459M->13M(4096M) 5.677ms
[161.038s][info][gc,cpu         ] GC(162) User=0.00s Sys=0.00s Real=0.00s
[162.032s][info][gc,start       ] GC(163) Pause Young (Normal) (G1 Evacuation Pause)
[162.032s][info][gc,task        ] GC(163) Using 6 workers of 6 for evacuation
[162.040s][info][gc,phases      ] GC(163)   Pre Evacuate Collection Set: 0.4ms
[162.040s][info][gc,phases      ] GC(163)   Merge Heap Roots: 0.3ms
[162.040s][info][gc,phases      ] GC(163)   Evacuate Collection Set: 5.8ms
[162.040s][info][gc,phases      ] GC(163)   Post Evacuate Collection Set: 1.2ms
[162.040s][info][gc,phases      ] GC(163)   Other: 0.2ms
[162.040s][info][gc,heap        ] GC(163) Eden regions: 1223->0(1219)
[162.040s][info][gc,heap        ] GC(163) Survivor regions: 5->9(154)
[162.040s][info][gc,heap        ] GC(163) Old regions: 6->6
[162.040s][info][gc,heap        ] GC(163) Humongous regions: 0->0
[162.040s][info][gc,metaspace   ] GC(163) Metaspace: 9071K(9344K)->9071K(9344K) NonClass: 7907K(8064K)->7907K(8064K) Class: 1164K(1280K)->1164K(1280K)
[162.040s][info][gc             ] GC(163) Pause Young (Normal) (G1 Evacuation Pause) 2459M->19M(4096M) 8.045ms
[162.040s][info][gc,cpu         ] GC(163) User=0.02s Sys=0.00s Real=0.02s
[163.046s][info][gc,start       ] GC(164) Pause Full (System.gc())
[163.046s][info][gc,task        ] GC(164) Using 6 workers of 6 for full compaction
[163.046s][info][gc,phases,start] GC(164) Phase 1: Mark live objects
[163.048s][info][gc,phases      ] GC(164) Phase 1: Mark live objects 2.164ms
[163.048s][info][gc,phases,start] GC(164) Phase 2: Prepare compaction
[163.050s][info][gc,phases      ] GC(164) Phase 2: Prepare compaction 1.906ms
[163.050s][info][gc,phases,start] GC(164) Phase 3: Adjust pointers
[163.053s][info][gc,phases      ] GC(164) Phase 3: Adjust pointers 2.435ms
[163.053s][info][gc,phases,start] GC(164) Phase 4: Compact heap
[163.054s][info][gc,phases      ] GC(164) Phase 4: Compact heap 1.362ms
[163.054s][info][gc,phases,start] GC(164) Phase 5: Reset Metadata
[163.055s][info][gc,phases      ] GC(164) Phase 5: Reset Metadata 0.918ms
[163.063s][info][gc,heap        ] GC(164) Eden regions: 895->0(1228)
[163.063s][info][gc,heap        ] GC(164) Survivor regions: 9->0(154)
[163.064s][info][gc,heap        ] GC(164) Old regions: 6->6
[163.064s][info][gc,heap        ] GC(164) Humongous regions: 5->0
[163.064s][info][gc,metaspace   ] GC(164) Metaspace: 9071K(9344K)->9071K(9344K) NonClass: 7907K(8064K)->7907K(8064K) Class: 1164K(1280K)->1164K(1280K)
[163.064s][info][gc             ] GC(164) Pause Full (System.gc()) 1818M->3M(4096M) 17.958ms
[163.064s][info][gc,cpu         ] GC(164) User=0.02s Sys=0.00s Real=0.02s
[164.029s][info][gc,start       ] GC(165) Pause Young (Normal) (G1 Evacuation Pause)
[164.029s][info][gc,task        ] GC(165) Using 6 workers of 6 for evacuation
[164.034s][info][gc,phases      ] GC(165)   Pre Evacuate Collection Set: 0.6ms
[164.034s][info][gc,phases      ] GC(165)   Merge Heap Roots: 0.3ms
[164.034s][info][gc,phases      ] GC(165)   Evacuate Collection Set: 3.5ms
[164.034s][info][gc,phases      ] GC(165)   Post Evacuate Collection Set: 1.0ms
[164.034s][info][gc,phases      ] GC(165)   Other: 0.1ms
[164.034s][info][gc,heap        ] GC(165) Eden regions: 1228->0(1223)
[164.034s][info][gc,heap        ] GC(165) Survivor regions: 0->5(154)
[164.034s][info][gc,heap        ] GC(165) Old regions: 6->6
[164.034s][info][gc,heap        ] GC(165) Humongous regions: 0->0
[164.034s][info][gc,metaspace   ] GC(165) Metaspace: 9071K(9344K)->9071K(9344K) NonClass: 7907K(8064K)->7907K(8064K) Class: 1164K(1280K)->1164K(1280K)
[164.034s][info][gc             ] GC(165) Pause Young (Normal) (G1 Evacuation Pause) 2459M->12M(4096M) 5.696ms
[164.034s][info][gc,cpu         ] GC(165) User=0.00s Sys=0.00s Real=0.01s
[165.027s][info][gc,start       ] GC(166) Pause Young (Normal) (G1 Evacuation Pause)
[165.027s][info][gc,task        ] GC(166) Using 6 workers of 6 for evacuation
[165.036s][info][gc,phases      ] GC(166)   Pre Evacuate Collection Set: 0.6ms
[165.036s][info][gc,phases      ] GC(166)   Merge Heap Roots: 0.3ms
[165.036s][info][gc,phases      ] GC(166)   Evacuate Collection Set: 5.8ms
[165.036s][info][gc,phases      ] GC(166)   Post Evacuate Collection Set: 1.4ms
[165.036s][info][gc,phases      ] GC(166)   Other: 0.2ms
[165.036s][info][gc,heap        ] GC(166) Eden regions: 1223->0(1219)
[165.036s][info][gc,heap        ] GC(166) Survivor regions: 5->9(154)
[165.036s][info][gc,heap        ] GC(166) Old regions: 6->6
[165.036s][info][gc,heap        ] GC(166) Humongous regions: 0->0
[165.036s][info][gc,metaspace   ] GC(166) Metaspace: 9071K(9344K)->9071K(9344K) NonClass: 7907K(8064K)->7907K(8064K) Class: 1164K(1280K)->1164K(1280K)
[165.036s][info][gc             ] GC(166) Pause Young (Normal) (G1 Evacuation Pause) 2458M->20M(4096M) 8.463ms
[165.036s][info][gc,cpu         ] GC(166) User=0.00s Sys=0.00s Real=0.01s
[166.033s][info][gc,start       ] GC(167) Pause Full (System.gc())
[166.033s][info][gc,task        ] GC(167) Using 6 workers of 6 for full compaction
[166.034s][info][gc,phases,start] GC(167) Phase 1: Mark live objects
[166.036s][info][gc,phases      ] GC(167) Phase 1: Mark live objects 2.328ms
[166.036s][info][gc,phases,start] GC(167) Phase 2: Prepare compaction
[166.038s][info][gc,phases      ] GC(167) Phase 2: Prepare compaction 1.830ms
[166.038s][info][gc,phases,start] GC(167) Phase 3: Adjust pointers
[166.040s][info][gc,phases      ] GC(167) Phase 3: Adjust pointers 2.483ms
[166.040s][info][gc,phases,start] GC(167) Phase 4: Compact heap
[166.042s][info][gc,phases      ] GC(167) Phase 4: Compact heap 1.286ms
[166.042s][info][gc,phases,start] GC(167) Phase 5: Reset Metadata
[166.043s][info][gc,phases      ] GC(167) Phase 5: Reset Metadata 0.675ms
[166.051s][info][gc,heap        ] GC(167) Eden regions: 895->0(1228)
[166.051s][info][gc,heap        ] GC(167) Survivor regions: 9->0(154)
[166.051s][info][gc,heap        ] GC(167) Old regions: 6->6
[166.051s][info][gc,heap        ] GC(167) Humongous regions: 5->0
[166.051s][info][gc,metaspace   ] GC(167) Metaspace: 9071K(9344K)->9071K(9344K) NonClass: 7907K(8064K)->7907K(8064K) Class: 1164K(1280K)->1164K(1280K)
[166.051s][info][gc             ] GC(167) Pause Full (System.gc()) 1819M->3M(4096M) 17.575ms
[166.051s][info][gc,cpu         ] GC(167) User=0.00s Sys=0.00s Real=0.01s
[167.016s][info][gc,start       ] GC(168) Pause Young (Normal) (G1 Evacuation Pause)
[167.016s][info][gc,task        ] GC(168) Using 6 workers of 6 for evacuation
[167.021s][info][gc,phases      ] GC(168)   Pre Evacuate Collection Set: 0.3ms
[167.021s][info][gc,phases      ] GC(168)   Merge Heap Roots: 0.2ms
[167.021s][info][gc,phases      ] GC(168)   Evacuate Collection Set: 3.1ms
[167.021s][info][gc,phases      ] GC(168)   Post Evacuate Collection Set: 1.4ms
[167.021s][info][gc,phases      ] GC(168)   Other: 0.1ms
[167.021s][info][gc,heap        ] GC(168) Eden regions: 1228->0(1223)
[167.021s][info][gc,heap        ] GC(168) Survivor regions: 0->5(154)
[167.021s][info][gc,heap        ] GC(168) Old regions: 6->6
[167.021s][info][gc,heap        ] GC(168) Humongous regions: 0->0
[167.021s][info][gc,metaspace   ] GC(168) Metaspace: 9071K(9344K)->9071K(9344K) NonClass: 7907K(8064K)->7907K(8064K) Class: 1164K(1280K)->1164K(1280K)
[167.021s][info][gc             ] GC(168) Pause Young (Normal) (G1 Evacuation Pause) 2459M->12M(4096M) 5.383ms
[167.021s][info][gc,cpu         ] GC(168) User=0.00s Sys=0.00s Real=0.00s
[168.014s][info][gc,start       ] GC(169) Pause Young (Normal) (G1 Evacuation Pause)
[168.014s][info][gc,task        ] GC(169) Using 6 workers of 6 for evacuation
[168.023s][info][gc,phases      ] GC(169)   Pre Evacuate Collection Set: 0.4ms
[168.023s][info][gc,phases      ] GC(169)   Merge Heap Roots: 0.3ms
[168.023s][info][gc,phases      ] GC(169)   Evacuate Collection Set: 6.8ms
[168.023s][info][gc,phases      ] GC(169)   Post Evacuate Collection Set: 1.3ms
[168.023s][info][gc,phases      ] GC(169)   Other: 0.2ms
[168.023s][info][gc,heap        ] GC(169) Eden regions: 1223->0(1219)
[168.023s][info][gc,heap        ] GC(169) Survivor regions: 5->9(154)
[168.023s][info][gc,heap        ] GC(169) Old regions: 6->6
[168.023s][info][gc,heap        ] GC(169) Humongous regions: 0->0
[168.023s][info][gc,metaspace   ] GC(169) Metaspace: 9071K(9344K)->9071K(9344K) NonClass: 7907K(8064K)->7907K(8064K) Class: 1164K(1280K)->1164K(1280K)
[168.023s][info][gc             ] GC(169) Pause Young (Normal) (G1 Evacuation Pause) 2458M->21M(4096M) 9.149ms
[168.023s][info][gc,cpu         ] GC(169) User=0.02s Sys=0.00s Real=0.02s
[169.022s][info][gc,start       ] GC(170) Pause Full (System.gc())
[169.022s][info][gc,task        ] GC(170) Using 6 workers of 6 for full compaction
[169.023s][info][gc,phases,start] GC(170) Phase 1: Mark live objects
[169.025s][info][gc,phases      ] GC(170) Phase 1: Mark live objects 1.927ms
[169.025s][info][gc,phases,start] GC(170) Phase 2: Prepare compaction
[169.026s][info][gc,phases      ] GC(170) Phase 2: Prepare compaction 1.532ms
[169.026s][info][gc,phases,start] GC(170) Phase 3: Adjust pointers
[169.028s][info][gc,phases      ] GC(170) Phase 3: Adjust pointers 1.810ms
[169.028s][info][gc,phases,start] GC(170) Phase 4: Compact heap
[169.029s][info][gc,phases      ] GC(170) Phase 4: Compact heap 1.281ms
[169.029s][info][gc,phases,start] GC(170) Phase 5: Reset Metadata
[169.030s][info][gc,phases      ] GC(170) Phase 5: Reset Metadata 0.764ms
[169.039s][info][gc,heap        ] GC(170) Eden regions: 895->0(1228)
[169.039s][info][gc,heap        ] GC(170) Survivor regions: 9->0(154)
[169.039s][info][gc,heap        ] GC(170) Old regions: 6->6
[169.039s][info][gc,heap        ] GC(170) Humongous regions: 5->0
[169.039s][info][gc,metaspace   ] GC(170) Metaspace: 9071K(9344K)->9071K(9344K) NonClass: 7907K(8064K)->7907K(8064K) Class: 1164K(1280K)->1164K(1280K)
[169.039s][info][gc             ] GC(170) Pause Full (System.gc()) 1820M->3M(4096M) 16.968ms
[169.039s][info][gc,cpu         ] GC(170) User=0.02s Sys=0.00s Real=0.02s
[170.004s][info][gc,start       ] GC(171) Pause Young (Normal) (G1 Evacuation Pause)
[170.004s][info][gc,task        ] GC(171) Using 6 workers of 6 for evacuation
[170.009s][info][gc,phases      ] GC(171)   Pre Evacuate Collection Set: 0.3ms
[170.009s][info][gc,phases      ] GC(171)   Merge Heap Roots: 0.2ms
[170.009s][info][gc,phases      ] GC(171)   Evacuate Collection Set: 3.2ms
[170.009s][info][gc,phases      ] GC(171)   Post Evacuate Collection Set: 1.1ms
[170.009s][info][gc,phases      ] GC(171)   Other: 0.1ms
[170.009s][info][gc,heap        ] GC(171) Eden regions: 1228->0(1223)
[170.009s][info][gc,heap        ] GC(171) Survivor regions: 0->5(154)
[170.009s][info][gc,heap        ] GC(171) Old regions: 6->6
[170.009s][info][gc,heap        ] GC(171) Humongous regions: 0->0
[170.009s][info][gc,metaspace   ] GC(171) Metaspace: 9071K(9344K)->9071K(9344K) NonClass: 7907K(8064K)->7907K(8064K) Class: 1164K(1280K)->1164K(1280K)
[170.009s][info][gc             ] GC(171) Pause Young (Normal) (G1 Evacuation Pause) 2459M->13M(4096M) 5.020ms
[170.009s][info][gc,cpu         ] GC(171) User=0.00s Sys=0.00s Real=0.00s
[171.003s][info][gc,start       ] GC(172) Pause Young (Normal) (G1 Evacuation Pause)
[171.003s][info][gc,task        ] GC(172) Using 6 workers of 6 for evacuation
[171.011s][info][gc,phases      ] GC(172)   Pre Evacuate Collection Set: 0.3ms
[171.011s][info][gc,phases      ] GC(172)   Merge Heap Roots: 0.3ms
[171.011s][info][gc,phases      ] GC(172)   Evacuate Collection Set: 5.5ms
[171.011s][info][gc,phases      ] GC(172)   Post Evacuate Collection Set: 1.1ms
[171.011s][info][gc,phases      ] GC(172)   Other: 0.1ms
[171.011s][info][gc,heap        ] GC(172) Eden regions: 1223->0(1219)
[171.011s][info][gc,heap        ] GC(172) Survivor regions: 5->9(154)
[171.011s][info][gc,heap        ] GC(172) Old regions: 6->6
[171.011s][info][gc,heap        ] GC(172) Humongous regions: 0->0
[171.011s][info][gc,metaspace   ] GC(172) Metaspace: 9071K(9344K)->9071K(9344K) NonClass: 7907K(8064K)->7907K(8064K) Class: 1164K(1280K)->1164K(1280K)
[171.011s][info][gc             ] GC(172) Pause Young (Normal) (G1 Evacuation Pause) 2459M->19M(4096M) 7.690ms
[171.011s][info][gc,cpu         ] GC(172) User=0.00s Sys=0.00s Real=0.00s
[172.013s][info][gc,start       ] GC(173) Pause Full (System.gc())
[172.013s][info][gc,task        ] GC(173) Using 6 workers of 6 for full compaction
[172.013s][info][gc,phases,start] GC(173) Phase 1: Mark live objects
[172.015s][info][gc,phases      ] GC(173) Phase 1: Mark live objects 2.143ms
[172.015s][info][gc,phases,start] GC(173) Phase 2: Prepare compaction
[172.017s][info][gc,phases      ] GC(173) Phase 2: Prepare compaction 1.838ms
[172.017s][info][gc,phases,start] GC(173) Phase 3: Adjust pointers
[172.019s][info][gc,phases      ] GC(173) Phase 3: Adjust pointers 1.953ms
[172.019s][info][gc,phases,start] GC(173) Phase 4: Compact heap
[172.021s][info][gc,phases      ] GC(173) Phase 4: Compact heap 1.277ms
[172.021s][info][gc,phases,start] GC(173) Phase 5: Reset Metadata
[172.022s][info][gc,phases      ] GC(173) Phase 5: Reset Metadata 0.759ms
[172.030s][info][gc,heap        ] GC(173) Eden regions: 895->0(1228)
[172.030s][info][gc,heap        ] GC(173) Survivor regions: 9->0(154)
[172.030s][info][gc,heap        ] GC(173) Old regions: 6->6
[172.030s][info][gc,heap        ] GC(173) Humongous regions: 5->0
[172.030s][info][gc,metaspace   ] GC(173) Metaspace: 9071K(9344K)->9071K(9344K) NonClass: 7907K(8064K)->7907K(8064K) Class: 1164K(1280K)->1164K(1280K)
[172.030s][info][gc             ] GC(173) Pause Full (System.gc()) 1818M->3M(4096M) 17.364ms
[172.030s][info][gc,cpu         ] GC(173) User=0.00s Sys=0.00s Real=0.02s
[172.996s][info][gc,start       ] GC(174) Pause Young (Normal) (G1 Evacuation Pause)
[172.996s][info][gc,task        ] GC(174) Using 6 workers of 6 for evacuation
[173.002s][info][gc,phases      ] GC(174)   Pre Evacuate Collection Set: 0.4ms
[173.002s][info][gc,phases      ] GC(174)   Merge Heap Roots: 0.1ms
[173.002s][info][gc,phases      ] GC(174)   Evacuate Collection Set: 4.1ms
[173.002s][info][gc,phases      ] GC(174)   Post Evacuate Collection Set: 1.3ms
[173.002s][info][gc,phases      ] GC(174)   Other: 0.1ms
[173.002s][info][gc,heap        ] GC(174) Eden regions: 1228->0(1223)
[173.002s][info][gc,heap        ] GC(174) Survivor regions: 0->5(154)
[173.002s][info][gc,heap        ] GC(174) Old regions: 6->6
[173.002s][info][gc,heap        ] GC(174) Humongous regions: 0->0
[173.002s][info][gc,metaspace   ] GC(174) Metaspace: 9071K(9344K)->9071K(9344K) NonClass: 7907K(8064K)->7907K(8064K) Class: 1164K(1280K)->1164K(1280K)
[173.002s][info][gc             ] GC(174) Pause Young (Normal) (G1 Evacuation Pause) 2459M->12M(4096M) 6.175ms
[173.002s][info][gc,cpu         ] GC(174) User=0.00s Sys=0.00s Real=0.00s
[173.998s][info][gc,start       ] GC(175) Pause Young (Normal) (G1 Evacuation Pause)
[173.998s][info][gc,task        ] GC(175) Using 6 workers of 6 for evacuation
[174.005s][info][gc,phases      ] GC(175)   Pre Evacuate Collection Set: 0.3ms
[174.005s][info][gc,phases      ] GC(175)   Merge Heap Roots: 0.2ms
[174.005s][info][gc,phases      ] GC(175)   Evacuate Collection Set: 5.5ms
[174.005s][info][gc,phases      ] GC(175)   Post Evacuate Collection Set: 1.3ms
[174.005s][info][gc,phases      ] GC(175)   Other: 0.1ms
[174.005s][info][gc,heap        ] GC(175) Eden regions: 1223->0(1219)
[174.005s][info][gc,heap        ] GC(175) Survivor regions: 5->9(154)
[174.005s][info][gc,heap        ] GC(175) Old regions: 6->6
[174.005s][info][gc,heap        ] GC(175) Humongous regions: 0->0
[174.005s][info][gc,metaspace   ] GC(175) Metaspace: 9071K(9344K)->9071K(9344K) NonClass: 7907K(8064K)->7907K(8064K) Class: 1164K(1280K)->1164K(1280K)
[174.005s][info][gc             ] GC(175) Pause Young (Normal) (G1 Evacuation Pause) 2458M->20M(4096M) 7.571ms
[174.005s][info][gc,cpu         ] GC(175) User=0.02s Sys=0.00s Real=0.01s
[175.006s][info][gc,start       ] GC(176) Pause Full (System.gc())
[175.006s][info][gc,task        ] GC(176) Using 6 workers of 6 for full compaction
[175.006s][info][gc,phases,start] GC(176) Phase 1: Mark live objects
[175.008s][info][gc,phases      ] GC(176) Phase 1: Mark live objects 2.068ms
[175.008s][info][gc,phases,start] GC(176) Phase 2: Prepare compaction
[175.010s][info][gc,phases      ] GC(176) Phase 2: Prepare compaction 1.342ms
[175.010s][info][gc,phases,start] GC(176) Phase 3: Adjust pointers
[175.012s][info][gc,phases      ] GC(176) Phase 3: Adjust pointers 2.093ms
[175.012s][info][gc,phases,start] GC(176) Phase 4: Compact heap
[175.014s][info][gc,phases      ] GC(176) Phase 4: Compact heap 2.162ms
[175.014s][info][gc,phases,start] GC(176) Phase 5: Reset Metadata
[175.015s][info][gc,phases      ] GC(176) Phase 5: Reset Metadata 0.924ms
[175.024s][info][gc,heap        ] GC(176) Eden regions: 895->0(1228)
[175.024s][info][gc,heap        ] GC(176) Survivor regions: 9->0(154)
[175.024s][info][gc,heap        ] GC(176) Old regions: 6->6
[175.024s][info][gc,heap        ] GC(176) Humongous regions: 5->0
[175.024s][info][gc,metaspace   ] GC(176) Metaspace: 9071K(9344K)->9071K(9344K) NonClass: 7907K(8064K)->7907K(8064K) Class: 1164K(1280K)->1164K(1280K)
[175.024s][info][gc             ] GC(176) Pause Full (System.gc()) 1819M->3M(4096M) 17.985ms
[175.024s][info][gc,cpu         ] GC(176) User=0.02s Sys=0.00s Real=0.02s
[175.986s][info][gc,start       ] GC(177) Pause Young (Normal) (G1 Evacuation Pause)
[175.986s][info][gc,task        ] GC(177) Using 6 workers of 6 for evacuation
[175.991s][info][gc,phases      ] GC(177)   Pre Evacuate Collection Set: 0.4ms
[175.991s][info][gc,phases      ] GC(177)   Merge Heap Roots: 0.2ms
[175.991s][info][gc,phases      ] GC(177)   Evacuate Collection Set: 3.3ms
[175.991s][info][gc,phases      ] GC(177)   Post Evacuate Collection Set: 1.2ms
[175.991s][info][gc,phases      ] GC(177)   Other: 0.1ms
[175.991s][info][gc,heap        ] GC(177) Eden regions: 1228->0(1223)
[175.991s][info][gc,heap        ] GC(177) Survivor regions: 0->5(154)
[175.991s][info][gc,heap        ] GC(177) Old regions: 6->6
[175.991s][info][gc,heap        ] GC(177) Humongous regions: 0->0
[175.991s][info][gc,metaspace   ] GC(177) Metaspace: 9071K(9344K)->9071K(9344K) NonClass: 7907K(8064K)->7907K(8064K) Class: 1164K(1280K)->1164K(1280K)
[175.991s][info][gc             ] GC(177) Pause Young (Normal) (G1 Evacuation Pause) 2459M->13M(4096M) 5.486ms
[175.991s][info][gc,cpu         ] GC(177) User=0.00s Sys=0.00s Real=0.00s
[176.984s][info][gc,start       ] GC(178) Pause Young (Normal) (G1 Evacuation Pause)
[176.984s][info][gc,task        ] GC(178) Using 6 workers of 6 for evacuation
[176.991s][info][gc,phases      ] GC(178)   Pre Evacuate Collection Set: 0.4ms
[176.991s][info][gc,phases      ] GC(178)   Merge Heap Roots: 0.4ms
[176.991s][info][gc,phases      ] GC(178)   Evacuate Collection Set: 5.6ms
[176.991s][info][gc,phases      ] GC(178)   Post Evacuate Collection Set: 1.1ms
[176.991s][info][gc,phases      ] GC(178)   Other: 0.2ms
[176.991s][info][gc,heap        ] GC(178) Eden regions: 1223->0(1219)
[176.991s][info][gc,heap        ] GC(178) Survivor regions: 5->9(154)
[176.991s][info][gc,heap        ] GC(178) Old regions: 6->6
[176.991s][info][gc,heap        ] GC(178) Humongous regions: 0->0
[176.991s][info][gc,metaspace   ] GC(178) Metaspace: 9071K(9344K)->9071K(9344K) NonClass: 7907K(8064K)->7907K(8064K) Class: 1164K(1280K)->1164K(1280K)
[176.991s][info][gc             ] GC(178) Pause Young (Normal) (G1 Evacuation Pause) 2459M->20M(4096M) 7.893ms
[176.991s][info][gc,cpu         ] GC(178) User=0.00s Sys=0.00s Real=0.00s
[177.990s][info][gc,start       ] GC(179) Pause Full (System.gc())
[177.990s][info][gc,task        ] GC(179) Using 6 workers of 6 for full compaction
[177.990s][info][gc,phases,start] GC(179) Phase 1: Mark live objects
[177.992s][info][gc,phases      ] GC(179) Phase 1: Mark live objects 2.018ms
[177.992s][info][gc,phases,start] GC(179) Phase 2: Prepare compaction
[177.994s][info][gc,phases      ] GC(179) Phase 2: Prepare compaction 2.031ms
[177.994s][info][gc,phases,start] GC(179) Phase 3: Adjust pointers
[177.996s][info][gc,phases      ] GC(179) Phase 3: Adjust pointers 2.038ms
[177.996s][info][gc,phases,start] GC(179) Phase 4: Compact heap
[177.998s][info][gc,phases      ] GC(179) Phase 4: Compact heap 1.815ms
[177.998s][info][gc,phases,start] GC(179) Phase 5: Reset Metadata
[177.999s][info][gc,phases      ] GC(179) Phase 5: Reset Metadata 0.700ms
[178.008s][info][gc,heap        ] GC(179) Eden regions: 895->0(1228)
[178.008s][info][gc,heap        ] GC(179) Survivor regions: 9->0(154)
[178.008s][info][gc,heap        ] GC(179) Old regions: 6->6
[178.008s][info][gc,heap        ] GC(179) Humongous regions: 5->0
[178.008s][info][gc,metaspace   ] GC(179) Metaspace: 9071K(9344K)->9071K(9344K) NonClass: 7907K(8064K)->7907K(8064K) Class: 1164K(1280K)->1164K(1280K)
[178.008s][info][gc             ] GC(179) Pause Full (System.gc()) 1819M->3M(4096M) 17.868ms
[178.008s][info][gc,cpu         ] GC(179) User=0.02s Sys=0.00s Real=0.02s
[178.972s][info][gc,start       ] GC(180) Pause Young (Normal) (G1 Evacuation Pause)
[178.973s][info][gc,task        ] GC(180) Using 6 workers of 6 for evacuation
[178.979s][info][gc,phases      ] GC(180)   Pre Evacuate Collection Set: 0.3ms
[178.979s][info][gc,phases      ] GC(180)   Merge Heap Roots: 0.2ms
[178.979s][info][gc,phases      ] GC(180)   Evacuate Collection Set: 4.6ms
[178.979s][info][gc,phases      ] GC(180)   Post Evacuate Collection Set: 1.1ms
[178.979s][info][gc,phases      ] GC(180)   Other: 0.1ms
[178.979s][info][gc,heap        ] GC(180) Eden regions: 1228->0(1223)
[178.979s][info][gc,heap        ] GC(180) Survivor regions: 0->5(154)
[178.979s][info][gc,heap        ] GC(180) Old regions: 6->6
[178.979s][info][gc,heap        ] GC(180) Humongous regions: 0->0
[178.979s][info][gc,metaspace   ] GC(180) Metaspace: 9071K(9344K)->9071K(9344K) NonClass: 7907K(8064K)->7907K(8064K) Class: 1164K(1280K)->1164K(1280K)
[178.979s][info][gc             ] GC(180) Pause Young (Normal) (G1 Evacuation Pause) 2459M->13M(4096M) 6.614ms
[178.979s][info][gc,cpu         ] GC(180) User=0.02s Sys=0.00s Real=0.02s
[179.972s][info][gc,start       ] GC(181) Pause Young (Normal) (G1 Evacuation Pause)
[179.972s][info][gc,task        ] GC(181) Using 6 workers of 6 for evacuation
[179.979s][info][gc,phases      ] GC(181)   Pre Evacuate Collection Set: 0.2ms
[179.979s][info][gc,phases      ] GC(181)   Merge Heap Roots: 0.1ms
[179.979s][info][gc,phases      ] GC(181)   Evacuate Collection Set: 5.6ms
[179.979s][info][gc,phases      ] GC(181)   Post Evacuate Collection Set: 1.5ms
[179.979s][info][gc,phases      ] GC(181)   Other: 0.1ms
[179.979s][info][gc,heap        ] GC(181) Eden regions: 1223->0(1219)
[179.979s][info][gc,heap        ] GC(181) Survivor regions: 5->9(154)
[179.979s][info][gc,heap        ] GC(181) Old regions: 6->6
[179.979s][info][gc,heap        ] GC(181) Humongous regions: 0->0
[179.979s][info][gc,metaspace   ] GC(181) Metaspace: 9071K(9344K)->9071K(9344K) NonClass: 7907K(8064K)->7907K(8064K) Class: 1164K(1280K)->1164K(1280K)
[179.980s][info][gc             ] GC(181) Pause Young (Normal) (G1 Evacuation Pause) 2459M->21M(4096M) 7.790ms
[179.980s][info][gc,cpu         ] GC(181) User=0.00s Sys=0.00s Real=0.00s
[180.978s][info][gc,start       ] GC(182) Pause Full (System.gc())
[180.978s][info][gc,task        ] GC(182) Using 6 workers of 6 for full compaction
[180.978s][info][gc,phases,start] GC(182) Phase 1: Mark live objects
[180.981s][info][gc,phases      ] GC(182) Phase 1: Mark live objects 2.151ms
[180.981s][info][gc,phases,start] GC(182) Phase 2: Prepare compaction
[180.983s][info][gc,phases      ] GC(182) Phase 2: Prepare compaction 1.970ms
[180.983s][info][gc,phases,start] GC(182) Phase 3: Adjust pointers
[180.985s][info][gc,phases      ] GC(182) Phase 3: Adjust pointers 2.129ms
[180.985s][info][gc,phases,start] GC(182) Phase 4: Compact heap
[180.987s][info][gc,phases      ] GC(182) Phase 4: Compact heap 1.862ms
[180.987s][info][gc,phases,start] GC(182) Phase 5: Reset Metadata
[180.988s][info][gc,phases      ] GC(182) Phase 5: Reset Metadata 1.318ms
[180.997s][info][gc,heap        ] GC(182) Eden regions: 895->0(1228)
[180.997s][info][gc,heap        ] GC(182) Survivor regions: 9->0(154)
[180.997s][info][gc,heap        ] GC(182) Old regions: 6->6
[180.997s][info][gc,heap        ] GC(182) Humongous regions: 5->0
[180.997s][info][gc,metaspace   ] GC(182) Metaspace: 9071K(9344K)->9071K(9344K) NonClass: 7907K(8064K)->7907K(8064K) Class: 1164K(1280K)->1164K(1280K)
[180.997s][info][gc             ] GC(182) Pause Full (System.gc()) 1820M->3M(4096M) 18.979ms
[180.997s][info][gc,cpu         ] GC(182) User=0.00s Sys=0.00s Real=0.02s
[181.961s][info][gc,start       ] GC(183) Pause Young (Normal) (G1 Evacuation Pause)
[181.961s][info][gc,task        ] GC(183) Using 6 workers of 6 for evacuation
[181.966s][info][gc,phases      ] GC(183)   Pre Evacuate Collection Set: 0.4ms
[181.966s][info][gc,phases      ] GC(183)   Merge Heap Roots: 0.2ms
[181.966s][info][gc,phases      ] GC(183)   Evacuate Collection Set: 3.3ms
[181.966s][info][gc,phases      ] GC(183)   Post Evacuate Collection Set: 1.0ms
[181.966s][info][gc,phases      ] GC(183)   Other: 0.1ms
[181.966s][info][gc,heap        ] GC(183) Eden regions: 1228->0(1223)
[181.966s][info][gc,heap        ] GC(183) Survivor regions: 0->5(154)
[181.966s][info][gc,heap        ] GC(183) Old regions: 6->6
[181.966s][info][gc,heap        ] GC(183) Humongous regions: 0->0
[181.966s][info][gc,metaspace   ] GC(183) Metaspace: 9071K(9344K)->9071K(9344K) NonClass: 7907K(8064K)->7907K(8064K) Class: 1164K(1280K)->1164K(1280K)
[181.966s][info][gc             ] GC(183) Pause Young (Normal) (G1 Evacuation Pause) 2459M->12M(4096M) 5.354ms
[181.966s][info][gc,cpu         ] GC(183) User=0.00s Sys=0.00s Real=0.02s
[182.960s][info][gc,start       ] GC(184) Pause Young (Normal) (G1 Evacuation Pause)
[182.960s][info][gc,task        ] GC(184) Using 6 workers of 6 for evacuation
[182.968s][info][gc,phases      ] GC(184)   Pre Evacuate Collection Set: 0.4ms
[182.968s][info][gc,phases      ] GC(184)   Merge Heap Roots: 0.3ms
[182.968s][info][gc,phases      ] GC(184)   Evacuate Collection Set: 5.7ms
[182.968s][info][gc,phases      ] GC(184)   Post Evacuate Collection Set: 1.3ms
[182.968s][info][gc,phases      ] GC(184)   Other: 0.2ms
[182.968s][info][gc,heap        ] GC(184) Eden regions: 1223->0(1219)
[182.968s][info][gc,heap        ] GC(184) Survivor regions: 5->9(154)
[182.968s][info][gc,heap        ] GC(184) Old regions: 6->6
[182.968s][info][gc,heap        ] GC(184) Humongous regions: 0->0
[182.969s][info][gc,metaspace   ] GC(184) Metaspace: 9071K(9344K)->9071K(9344K) NonClass: 7907K(8064K)->7907K(8064K) Class: 1164K(1280K)->1164K(1280K)
[182.969s][info][gc             ] GC(184) Pause Young (Normal) (G1 Evacuation Pause) 2458M->20M(4096M) 8.184ms
[182.969s][info][gc,cpu         ] GC(184) User=0.02s Sys=0.00s Real=0.01s
[183.969s][info][gc,start       ] GC(185) Pause Full (System.gc())
[183.969s][info][gc,task        ] GC(185) Using 6 workers of 6 for full compaction
[183.969s][info][gc,phases,start] GC(185) Phase 1: Mark live objects
[183.972s][info][gc,phases      ] GC(185) Phase 1: Mark live objects 2.339ms
[183.972s][info][gc,phases,start] GC(185) Phase 2: Prepare compaction
[183.974s][info][gc,phases      ] GC(185) Phase 2: Prepare compaction 2.018ms
[183.974s][info][gc,phases,start] GC(185) Phase 3: Adjust pointers
[183.976s][info][gc,phases      ] GC(185) Phase 3: Adjust pointers 1.976ms
[183.976s][info][gc,phases,start] GC(185) Phase 4: Compact heap
[183.977s][info][gc,phases      ] GC(185) Phase 4: Compact heap 1.594ms
[183.978s][info][gc,phases,start] GC(185) Phase 5: Reset Metadata
[183.978s][info][gc,phases      ] GC(185) Phase 5: Reset Metadata 0.762ms
[183.987s][info][gc,heap        ] GC(185) Eden regions: 895->0(1228)
[183.987s][info][gc,heap        ] GC(185) Survivor regions: 9->0(154)
[183.987s][info][gc,heap        ] GC(185) Old regions: 6->6
[183.987s][info][gc,heap        ] GC(185) Humongous regions: 5->0
[183.987s][info][gc,metaspace   ] GC(185) Metaspace: 9071K(9344K)->9071K(9344K) NonClass: 7907K(8064K)->7907K(8064K) Class: 1164K(1280K)->1164K(1280K)
[183.987s][info][gc             ] GC(185) Pause Full (System.gc()) 1819M->3M(4096M) 17.989ms
[183.987s][info][gc,cpu         ] GC(185) User=0.03s Sys=0.00s Real=0.03s
[184.951s][info][gc,start       ] GC(186) Pause Young (Normal) (G1 Evacuation Pause)
[184.951s][info][gc,task        ] GC(186) Using 6 workers of 6 for evacuation
[184.956s][info][gc,phases      ] GC(186)   Pre Evacuate Collection Set: 0.4ms
[184.956s][info][gc,phases      ] GC(186)   Merge Heap Roots: 0.3ms
[184.956s][info][gc,phases      ] GC(186)   Evacuate Collection Set: 3.0ms
[184.956s][info][gc,phases      ] GC(186)   Post Evacuate Collection Set: 1.2ms
[184.956s][info][gc,phases      ] GC(186)   Other: 0.2ms
[184.956s][info][gc,heap        ] GC(186) Eden regions: 1228->0(1223)
[184.956s][info][gc,heap        ] GC(186) Survivor regions: 0->5(154)
[184.956s][info][gc,heap        ] GC(186) Old regions: 6->6
[184.956s][info][gc,heap        ] GC(186) Humongous regions: 0->0
[184.956s][info][gc,metaspace   ] GC(186) Metaspace: 9071K(9344K)->9071K(9344K) NonClass: 7907K(8064K)->7907K(8064K) Class: 1164K(1280K)->1164K(1280K)
[184.956s][info][gc             ] GC(186) Pause Young (Normal) (G1 Evacuation Pause) 2459M->13M(4096M) 5.378ms
[184.956s][info][gc,cpu         ] GC(186) User=0.00s Sys=0.00s Real=0.00s
[185.951s][info][gc,start       ] GC(187) Pause Young (Normal) (G1 Evacuation Pause)
[185.951s][info][gc,task        ] GC(187) Using 6 workers of 6 for evacuation
[185.958s][info][gc,phases      ] GC(187)   Pre Evacuate Collection Set: 0.5ms
[185.958s][info][gc,phases      ] GC(187)   Merge Heap Roots: 0.2ms
[185.958s][info][gc,phases      ] GC(187)   Evacuate Collection Set: 5.6ms
[185.958s][info][gc,phases      ] GC(187)   Post Evacuate Collection Set: 1.1ms
[185.958s][info][gc,phases      ] GC(187)   Other: 0.1ms
[185.958s][info][gc,heap        ] GC(187) Eden regions: 1223->0(1219)
[185.958s][info][gc,heap        ] GC(187) Survivor regions: 5->9(154)
[185.959s][info][gc,heap        ] GC(187) Old regions: 6->6
[185.959s][info][gc,heap        ] GC(187) Humongous regions: 0->0
[185.959s][info][gc,metaspace   ] GC(187) Metaspace: 9071K(9344K)->9071K(9344K) NonClass: 7907K(8064K)->7907K(8064K) Class: 1164K(1280K)->1164K(1280K)
[185.959s][info][gc             ] GC(187) Pause Young (Normal) (G1 Evacuation Pause) 2459M->19M(4096M) 7.815ms
[185.959s][info][gc,cpu         ] GC(187) User=0.00s Sys=0.00s Real=0.00s
[186.962s][info][gc,start       ] GC(188) Pause Full (System.gc())
[186.962s][info][gc,task        ] GC(188) Using 6 workers of 6 for full compaction
[186.962s][info][gc,phases,start] GC(188) Phase 1: Mark live objects
[186.964s][info][gc,phases      ] GC(188) Phase 1: Mark live objects 2.043ms
[186.964s][info][gc,phases,start] GC(188) Phase 2: Prepare compaction
[186.966s][info][gc,phases      ] GC(188) Phase 2: Prepare compaction 1.911ms
[186.966s][info][gc,phases,start] GC(188) Phase 3: Adjust pointers
[186.969s][info][gc,phases      ] GC(188) Phase 3: Adjust pointers 2.287ms
[186.969s][info][gc,phases,start] GC(188) Phase 4: Compact heap
[186.971s][info][gc,phases      ] GC(188) Phase 4: Compact heap 2.184ms
[186.971s][info][gc,phases,start] GC(188) Phase 5: Reset Metadata
[186.972s][info][gc,phases      ] GC(188) Phase 5: Reset Metadata 0.720ms
[186.980s][info][gc,heap        ] GC(188) Eden regions: 895->0(1228)
[186.980s][info][gc,heap        ] GC(188) Survivor regions: 9->0(154)
[186.980s][info][gc,heap        ] GC(188) Old regions: 6->6
[186.980s][info][gc,heap        ] GC(188) Humongous regions: 5->0
[186.980s][info][gc,metaspace   ] GC(188) Metaspace: 9071K(9344K)->9071K(9344K) NonClass: 7907K(8064K)->7907K(8064K) Class: 1164K(1280K)->1164K(1280K)
[186.980s][info][gc             ] GC(188) Pause Full (System.gc()) 1819M->3M(4096M) 18.076ms
[186.980s][info][gc,cpu         ] GC(188) User=0.02s Sys=0.00s Real=0.02s
[187.943s][info][gc,start       ] GC(189) Pause Young (Normal) (G1 Evacuation Pause)
[187.943s][info][gc,task        ] GC(189) Using 6 workers of 6 for evacuation
[187.948s][info][gc,phases      ] GC(189)   Pre Evacuate Collection Set: 0.3ms
[187.948s][info][gc,phases      ] GC(189)   Merge Heap Roots: 0.2ms
[187.948s][info][gc,phases      ] GC(189)   Evacuate Collection Set: 3.3ms
[187.948s][info][gc,phases      ] GC(189)   Post Evacuate Collection Set: 1.1ms
[187.948s][info][gc,phases      ] GC(189)   Other: 0.1ms
[187.948s][info][gc,heap        ] GC(189) Eden regions: 1228->0(1223)
[187.948s][info][gc,heap        ] GC(189) Survivor regions: 0->5(154)
[187.949s][info][gc,heap        ] GC(189) Old regions: 6->6
[187.949s][info][gc,heap        ] GC(189) Humongous regions: 0->0
[187.949s][info][gc,metaspace   ] GC(189) Metaspace: 9071K(9344K)->9071K(9344K) NonClass: 7907K(8064K)->7907K(8064K) Class: 1164K(1280K)->1164K(1280K)
[187.949s][info][gc             ] GC(189) Pause Young (Normal) (G1 Evacuation Pause) 2459M->12M(4096M) 5.260ms
[187.949s][info][gc,cpu         ] GC(189) User=0.00s Sys=0.00s Real=0.00s
[188.943s][info][gc,start       ] GC(190) Pause Young (Normal) (G1 Evacuation Pause)
[188.943s][info][gc,task        ] GC(190) Using 6 workers of 6 for evacuation
[188.951s][info][gc,phases      ] GC(190)   Pre Evacuate Collection Set: 0.4ms
[188.951s][info][gc,phases      ] GC(190)   Merge Heap Roots: 0.2ms
[188.951s][info][gc,phases      ] GC(190)   Evacuate Collection Set: 5.8ms
[188.951s][info][gc,phases      ] GC(190)   Post Evacuate Collection Set: 1.2ms
[188.951s][info][gc,phases      ] GC(190)   Other: 0.2ms
[188.951s][info][gc,heap        ] GC(190) Eden regions: 1223->0(1219)
[188.951s][info][gc,heap        ] GC(190) Survivor regions: 5->9(154)
[188.951s][info][gc,heap        ] GC(190) Old regions: 6->6
[188.951s][info][gc,heap        ] GC(190) Humongous regions: 0->0
[188.951s][info][gc,metaspace   ] GC(190) Metaspace: 9071K(9344K)->9071K(9344K) NonClass: 7907K(8064K)->7907K(8064K) Class: 1164K(1280K)->1164K(1280K)
[188.951s][info][gc             ] GC(190) Pause Young (Normal) (G1 Evacuation Pause) 2458M->20M(4096M) 7.853ms
[188.951s][info][gc,cpu         ] GC(190) User=0.02s Sys=0.00s Real=0.02s
[189.953s][info][gc,start       ] GC(191) Pause Full (System.gc())
[189.953s][info][gc,task        ] GC(191) Using 6 workers of 6 for full compaction
[189.953s][info][gc,phases,start] GC(191) Phase 1: Mark live objects
[189.955s][info][gc,phases      ] GC(191) Phase 1: Mark live objects 2.000ms
[189.955s][info][gc,phases,start] GC(191) Phase 2: Prepare compaction
[189.958s][info][gc,phases      ] GC(191) Phase 2: Prepare compaction 2.089ms
[189.958s][info][gc,phases,start] GC(191) Phase 3: Adjust pointers
[189.960s][info][gc,phases      ] GC(191) Phase 3: Adjust pointers 2.134ms
[189.960s][info][gc,phases,start] GC(191) Phase 4: Compact heap
[189.961s][info][gc,phases      ] GC(191) Phase 4: Compact heap 1.514ms
[189.961s][info][gc,phases,start] GC(191) Phase 5: Reset Metadata
[189.962s][info][gc,phases      ] GC(191) Phase 5: Reset Metadata 0.784ms
[189.971s][info][gc,heap        ] GC(191) Eden regions: 895->0(1228)
[189.971s][info][gc,heap        ] GC(191) Survivor regions: 9->0(154)
[189.971s][info][gc,heap        ] GC(191) Old regions: 6->6
[189.971s][info][gc,heap        ] GC(191) Humongous regions: 5->0
[189.971s][info][gc,metaspace   ] GC(191) Metaspace: 9073K(9344K)->9073K(9344K) NonClass: 7909K(8064K)->7909K(8064K) Class: 1164K(1280K)->1164K(1280K)
[189.971s][info][gc             ] GC(191) Pause Full (System.gc()) 1819M->3M(4096M) 18.104ms
[189.971s][info][gc,cpu         ] GC(191) User=0.02s Sys=0.00s Real=0.02s
[190.935s][info][gc,start       ] GC(192) Pause Young (Normal) (G1 Evacuation Pause)
[190.935s][info][gc,task        ] GC(192) Using 6 workers of 6 for evacuation
[190.940s][info][gc,phases      ] GC(192)   Pre Evacuate Collection Set: 0.4ms
[190.940s][info][gc,phases      ] GC(192)   Merge Heap Roots: 0.3ms
[190.940s][info][gc,phases      ] GC(192)   Evacuate Collection Set: 3.2ms
[190.940s][info][gc,phases      ] GC(192)   Post Evacuate Collection Set: 1.2ms
[190.940s][info][gc,phases      ] GC(192)   Other: 0.2ms
[190.940s][info][gc,heap        ] GC(192) Eden regions: 1228->0(1223)
[190.940s][info][gc,heap        ] GC(192) Survivor regions: 0->5(154)
[190.940s][info][gc,heap        ] GC(192) Old regions: 6->6
[190.940s][info][gc,heap        ] GC(192) Humongous regions: 0->0
[190.940s][info][gc,metaspace   ] GC(192) Metaspace: 9074K(9344K)->9074K(9344K) NonClass: 7910K(8064K)->7910K(8064K) Class: 1164K(1280K)->1164K(1280K)
[190.940s][info][gc             ] GC(192) Pause Young (Normal) (G1 Evacuation Pause) 2459M->12M(4096M) 5.581ms
[190.940s][info][gc,cpu         ] GC(192) User=0.00s Sys=0.00s Real=0.00s
[191.936s][info][gc,start       ] GC(193) Pause Young (Normal) (G1 Evacuation Pause)
[191.936s][info][gc,task        ] GC(193) Using 6 workers of 6 for evacuation
[191.944s][info][gc,phases      ] GC(193)   Pre Evacuate Collection Set: 0.4ms
[191.944s][info][gc,phases      ] GC(193)   Merge Heap Roots: 0.3ms
[191.944s][info][gc,phases      ] GC(193)   Evacuate Collection Set: 5.6ms
[191.944s][info][gc,phases      ] GC(193)   Post Evacuate Collection Set: 1.1ms
[191.944s][info][gc,phases      ] GC(193)   Other: 0.2ms
[191.944s][info][gc,heap        ] GC(193) Eden regions: 1223->0(1219)
[191.944s][info][gc,heap        ] GC(193) Survivor regions: 5->9(154)
[191.944s][info][gc,heap        ] GC(193) Old regions: 6->6
[191.944s][info][gc,heap        ] GC(193) Humongous regions: 0->0
[191.944s][info][gc,metaspace   ] GC(193) Metaspace: 9074K(9344K)->9074K(9344K) NonClass: 7910K(8064K)->7910K(8064K) Class: 1164K(1280K)->1164K(1280K)
[191.944s][info][gc             ] GC(193) Pause Young (Normal) (G1 Evacuation Pause) 2458M->20M(4096M) 7.752ms
[191.944s][info][gc,cpu         ] GC(193) User=0.00s Sys=0.00s Real=0.00s
[192.944s][info][gc,start       ] GC(194) Pause Full (System.gc())
[192.944s][info][gc,task        ] GC(194) Using 6 workers of 6 for full compaction
[192.945s][info][gc,phases,start] GC(194) Phase 1: Mark live objects
[192.947s][info][gc,phases      ] GC(194) Phase 1: Mark live objects 2.120ms
[192.947s][info][gc,phases,start] GC(194) Phase 2: Prepare compaction
[192.949s][info][gc,phases      ] GC(194) Phase 2: Prepare compaction 2.088ms
[192.949s][info][gc,phases,start] GC(194) Phase 3: Adjust pointers
[192.952s][info][gc,phases      ] GC(194) Phase 3: Adjust pointers 2.584ms
[192.952s][info][gc,phases,start] GC(194) Phase 4: Compact heap
[192.953s][info][gc,phases      ] GC(194) Phase 4: Compact heap 1.816ms
[192.953s][info][gc,phases,start] GC(194) Phase 5: Reset Metadata
[192.954s][info][gc,phases      ] GC(194) Phase 5: Reset Metadata 0.670ms
[192.962s][info][gc,heap        ] GC(194) Eden regions: 895->0(1228)
[192.962s][info][gc,heap        ] GC(194) Survivor regions: 9->0(154)
[192.962s][info][gc,heap        ] GC(194) Old regions: 6->6
[192.962s][info][gc,heap        ] GC(194) Humongous regions: 5->0
[192.962s][info][gc,metaspace   ] GC(194) Metaspace: 9088K(9344K)->9088K(9344K) NonClass: 7924K(8064K)->7924K(8064K) Class: 1164K(1280K)->1164K(1280K)
[192.962s][info][gc             ] GC(194) Pause Full (System.gc()) 1820M->3M(4096M) 18.105ms
[192.962s][info][gc,cpu         ] GC(194) User=0.02s Sys=0.00s Real=0.02s
[193.928s][info][gc,start       ] GC(195) Pause Young (Normal) (G1 Evacuation Pause)
[193.928s][info][gc,task        ] GC(195) Using 6 workers of 6 for evacuation
[193.934s][info][gc,phases      ] GC(195)   Pre Evacuate Collection Set: 0.4ms
[193.934s][info][gc,phases      ] GC(195)   Merge Heap Roots: 0.2ms
[193.934s][info][gc,phases      ] GC(195)   Evacuate Collection Set: 3.3ms
[193.934s][info][gc,phases      ] GC(195)   Post Evacuate Collection Set: 1.2ms
[193.934s][info][gc,phases      ] GC(195)   Other: 0.2ms
[193.934s][info][gc,heap        ] GC(195) Eden regions: 1228->0(1223)
[193.934s][info][gc,heap        ] GC(195) Survivor regions: 0->5(154)
[193.934s][info][gc,heap        ] GC(195) Old regions: 6->6
[193.934s][info][gc,heap        ] GC(195) Humongous regions: 0->0
[193.934s][info][gc,metaspace   ] GC(195) Metaspace: 9088K(9344K)->9088K(9344K) NonClass: 7924K(8064K)->7924K(8064K) Class: 1164K(1280K)->1164K(1280K)
[193.934s][info][gc             ] GC(195) Pause Young (Normal) (G1 Evacuation Pause) 2459M->12M(4096M) 5.534ms
[193.934s][info][gc,cpu         ] GC(195) User=0.00s Sys=0.00s Real=0.00s
[194.930s][info][gc,start       ] GC(196) Pause Young (Normal) (G1 Evacuation Pause)
[194.930s][info][gc,task        ] GC(196) Using 6 workers of 6 for evacuation
[194.938s][info][gc,phases      ] GC(196)   Pre Evacuate Collection Set: 0.4ms
[194.938s][info][gc,phases      ] GC(196)   Merge Heap Roots: 0.2ms
[194.938s][info][gc,phases      ] GC(196)   Evacuate Collection Set: 5.6ms
[194.938s][info][gc,phases      ] GC(196)   Post Evacuate Collection Set: 1.1ms
[194.938s][info][gc,phases      ] GC(196)   Other: 0.2ms
[194.938s][info][gc,heap        ] GC(196) Eden regions: 1223->0(1220)
[194.938s][info][gc,heap        ] GC(196) Survivor regions: 5->8(154)
[194.938s][info][gc,heap        ] GC(196) Old regions: 6->6
[194.938s][info][gc,heap        ] GC(196) Humongous regions: 0->0
[194.938s][info][gc,metaspace   ] GC(196) Metaspace: 9088K(9344K)->9088K(9344K) NonClass: 7924K(8064K)->7924K(8064K) Class: 1164K(1280K)->1164K(1280K)
[194.938s][info][gc             ] GC(196) Pause Young (Normal) (G1 Evacuation Pause) 2458M->19M(4096M) 7.772ms
[194.938s][info][gc,cpu         ] GC(196) User=0.00s Sys=0.00s Real=0.00s
[195.937s][info][gc,start       ] GC(197) Pause Full (System.gc())
[195.937s][info][gc,task        ] GC(197) Using 6 workers of 6 for full compaction
[195.937s][info][gc,phases,start] GC(197) Phase 1: Mark live objects
[195.939s][info][gc,phases      ] GC(197) Phase 1: Mark live objects 2.083ms
[195.939s][info][gc,phases,start] GC(197) Phase 2: Prepare compaction
[195.941s][info][gc,phases      ] GC(197) Phase 2: Prepare compaction 2.110ms
[195.941s][info][gc,phases,start] GC(197) Phase 3: Adjust pointers
[195.944s][info][gc,phases      ] GC(197) Phase 3: Adjust pointers 2.162ms
[195.944s][info][gc,phases,start] GC(197) Phase 4: Compact heap
[195.946s][info][gc,phases      ] GC(197) Phase 4: Compact heap 2.079ms
[195.946s][info][gc,phases,start] GC(197) Phase 5: Reset Metadata
[195.947s][info][gc,phases      ] GC(197) Phase 5: Reset Metadata 0.878ms
[195.955s][info][gc,heap        ] GC(197) Eden regions: 895->0(1228)
[195.955s][info][gc,heap        ] GC(197) Survivor regions: 8->0(154)
[195.955s][info][gc,heap        ] GC(197) Old regions: 6->6
[195.955s][info][gc,heap        ] GC(197) Humongous regions: 5->0
[195.955s][info][gc,metaspace   ] GC(197) Metaspace: 9088K(9344K)->9088K(9344K) NonClass: 7924K(8064K)->7924K(8064K) Class: 1164K(1280K)->1164K(1280K)
[195.955s][info][gc             ] GC(197) Pause Full (System.gc()) 1818M->3M(4096M) 18.475ms
[195.955s][info][gc,cpu         ] GC(197) User=0.02s Sys=0.00s Real=0.02s
[196.920s][info][gc,start       ] GC(198) Pause Young (Normal) (G1 Evacuation Pause)
[196.920s][info][gc,task        ] GC(198) Using 6 workers of 6 for evacuation
[196.926s][info][gc,phases      ] GC(198)   Pre Evacuate Collection Set: 0.4ms
[196.926s][info][gc,phases      ] GC(198)   Merge Heap Roots: 0.3ms
[196.926s][info][gc,phases      ] GC(198)   Evacuate Collection Set: 3.3ms
[196.926s][info][gc,phases      ] GC(198)   Post Evacuate Collection Set: 1.4ms
[196.926s][info][gc,phases      ] GC(198)   Other: 0.2ms
[196.926s][info][gc,heap        ] GC(198) Eden regions: 1228->0(1223)
[196.926s][info][gc,heap        ] GC(198) Survivor regions: 0->5(154)
[196.926s][info][gc,heap        ] GC(198) Old regions: 6->6
[196.926s][info][gc,heap        ] GC(198) Humongous regions: 0->0
[196.926s][info][gc,metaspace   ] GC(198) Metaspace: 9088K(9344K)->9088K(9344K) NonClass: 7924K(8064K)->7924K(8064K) Class: 1164K(1280K)->1164K(1280K)
[196.926s][info][gc             ] GC(198) Pause Young (Normal) (G1 Evacuation Pause) 2459M->13M(4096M) 5.820ms
[196.926s][info][gc,cpu         ] GC(198) User=0.00s Sys=0.00s Real=0.02s
[197.921s][info][gc,start       ] GC(199) Pause Young (Normal) (G1 Evacuation Pause)
[197.921s][info][gc,task        ] GC(199) Using 6 workers of 6 for evacuation
[197.929s][info][gc,phases      ] GC(199)   Pre Evacuate Collection Set: 0.4ms
[197.929s][info][gc,phases      ] GC(199)   Merge Heap Roots: 0.2ms
[197.929s][info][gc,phases      ] GC(199)   Evacuate Collection Set: 5.8ms
[197.929s][info][gc,phases      ] GC(199)   Post Evacuate Collection Set: 1.1ms
[197.929s][info][gc,phases      ] GC(199)   Other: 0.2ms
[197.929s][info][gc,heap        ] GC(199) Eden regions: 1223->0(1219)
[197.929s][info][gc,heap        ] GC(199) Survivor regions: 5->9(154)
[197.929s][info][gc,heap        ] GC(199) Old regions: 6->6
[197.929s][info][gc,heap        ] GC(199) Humongous regions: 0->0
[197.929s][info][gc,metaspace   ] GC(199) Metaspace: 9088K(9344K)->9088K(9344K) NonClass: 7924K(8064K)->7924K(8064K) Class: 1164K(1280K)->1164K(1280K)
[197.929s][info][gc             ] GC(199) Pause Young (Normal) (G1 Evacuation Pause) 2459M->20M(4096M) 7.871ms
[197.929s][info][gc,cpu         ] GC(199) User=0.00s Sys=0.00s Real=0.00s
[198.932s][info][gc,start       ] GC(200) Pause Full (System.gc())
[198.932s][info][gc,task        ] GC(200) Using 6 workers of 6 for full compaction
[198.932s][info][gc,phases,start] GC(200) Phase 1: Mark live objects
[198.934s][info][gc,phases      ] GC(200) Phase 1: Mark live objects 2.191ms
[198.934s][info][gc,phases,start] GC(200) Phase 2: Prepare compaction
[198.936s][info][gc,phases      ] GC(200) Phase 2: Prepare compaction 2.104ms
[198.937s][info][gc,phases,start] GC(200) Phase 3: Adjust pointers
[198.939s][info][gc,phases      ] GC(200) Phase 3: Adjust pointers 2.189ms
[198.939s][info][gc,phases,start] GC(200) Phase 4: Compact heap
[198.941s][info][gc,phases      ] GC(200) Phase 4: Compact heap 1.794ms
[198.941s][info][gc,phases,start] GC(200) Phase 5: Reset Metadata
[198.942s][info][gc,phases      ] GC(200) Phase 5: Reset Metadata 0.899ms
[198.950s][info][gc,heap        ] GC(200) Eden regions: 895->0(1228)
[198.950s][info][gc,heap        ] GC(200) Survivor regions: 9->0(154)
[198.950s][info][gc,heap        ] GC(200) Old regions: 6->6
[198.950s][info][gc,heap        ] GC(200) Humongous regions: 5->0
[198.950s][info][gc,metaspace   ] GC(200) Metaspace: 9088K(9344K)->9088K(9344K) NonClass: 7924K(8064K)->7924K(8064K) Class: 1164K(1280K)->1164K(1280K)
[198.950s][info][gc             ] GC(200) Pause Full (System.gc()) 1819M->3M(4096M) 18.372ms
[198.950s][info][gc,cpu         ] GC(200) User=0.02s Sys=0.00s Real=0.02s
[199.913s][info][gc,start       ] GC(201) Pause Young (Normal) (G1 Evacuation Pause)
[199.913s][info][gc,task        ] GC(201) Using 6 workers of 6 for evacuation
[199.918s][info][gc,phases      ] GC(201)   Pre Evacuate Collection Set: 0.4ms
[199.919s][info][gc,phases      ] GC(201)   Merge Heap Roots: 0.3ms
[199.919s][info][gc,phases      ] GC(201)   Evacuate Collection Set: 3.3ms
[199.919s][info][gc,phases      ] GC(201)   Post Evacuate Collection Set: 1.1ms
[199.919s][info][gc,phases      ] GC(201)   Other: 0.2ms
[199.919s][info][gc,heap        ] GC(201) Eden regions: 1228->0(1223)
[199.919s][info][gc,heap        ] GC(201) Survivor regions: 0->5(154)
[199.919s][info][gc,heap        ] GC(201) Old regions: 6->6
[199.919s][info][gc,heap        ] GC(201) Humongous regions: 0->0
[199.919s][info][gc,metaspace   ] GC(201) Metaspace: 9088K(9344K)->9088K(9344K) NonClass: 7924K(8064K)->7924K(8064K) Class: 1164K(1280K)->1164K(1280K)
[199.919s][info][gc             ] GC(201) Pause Young (Normal) (G1 Evacuation Pause) 2459M->12M(4096M) 5.493ms
[199.919s][info][gc,cpu         ] GC(201) User=0.00s Sys=0.00s Real=0.00s
[200.913s][info][gc,start       ] GC(202) Pause Young (Normal) (G1 Evacuation Pause)
[200.913s][info][gc,task        ] GC(202) Using 6 workers of 6 for evacuation
[200.921s][info][gc,phases      ] GC(202)   Pre Evacuate Collection Set: 0.4ms
[200.921s][info][gc,phases      ] GC(202)   Merge Heap Roots: 0.2ms
[200.921s][info][gc,phases      ] GC(202)   Evacuate Collection Set: 5.7ms
[200.921s][info][gc,phases      ] GC(202)   Post Evacuate Collection Set: 1.3ms
[200.921s][info][gc,phases      ] GC(202)   Other: 0.2ms
[200.921s][info][gc,heap        ] GC(202) Eden regions: 1223->0(1219)
[200.921s][info][gc,heap        ] GC(202) Survivor regions: 5->9(154)
[200.921s][info][gc,heap        ] GC(202) Old regions: 6->6
[200.921s][info][gc,heap        ] GC(202) Humongous regions: 0->0
[200.921s][info][gc,metaspace   ] GC(202) Metaspace: 9088K(9344K)->9088K(9344K) NonClass: 7924K(8064K)->7924K(8064K) Class: 1164K(1280K)->1164K(1280K)
[200.921s][info][gc             ] GC(202) Pause Young (Normal) (G1 Evacuation Pause) 2458M->20M(4096M) 8.059ms
[200.921s][info][gc,cpu         ] GC(202) User=0.02s Sys=0.00s Real=0.02s
[201.920s][info][gc,start       ] GC(203) Pause Full (System.gc())
[201.920s][info][gc,task        ] GC(203) Using 6 workers of 6 for full compaction
[201.921s][info][gc,phases,start] GC(203) Phase 1: Mark live objects
[201.923s][info][gc,phases      ] GC(203) Phase 1: Mark live objects 2.294ms
[201.923s][info][gc,phases,start] GC(203) Phase 2: Prepare compaction
[201.925s][info][gc,phases      ] GC(203) Phase 2: Prepare compaction 2.091ms
[201.925s][info][gc,phases,start] GC(203) Phase 3: Adjust pointers
[201.928s][info][gc,phases      ] GC(203) Phase 3: Adjust pointers 2.492ms
[201.928s][info][gc,phases,start] GC(203) Phase 4: Compact heap
[201.930s][info][gc,phases      ] GC(203) Phase 4: Compact heap 1.798ms
[201.930s][info][gc,phases,start] GC(203) Phase 5: Reset Metadata
[201.930s][info][gc,phases      ] GC(203) Phase 5: Reset Metadata 0.736ms
[201.939s][info][gc,heap        ] GC(203) Eden regions: 895->0(1228)
[201.939s][info][gc,heap        ] GC(203) Survivor regions: 9->0(154)
[201.939s][info][gc,heap        ] GC(203) Old regions: 6->6
[201.939s][info][gc,heap        ] GC(203) Humongous regions: 5->0
[201.939s][info][gc,metaspace   ] GC(203) Metaspace: 9088K(9344K)->9088K(9344K) NonClass: 7924K(8064K)->7924K(8064K) Class: 1164K(1280K)->1164K(1280K)
[201.939s][info][gc             ] GC(203) Pause Full (System.gc()) 1819M->3M(4096M) 18.789ms
[201.939s][info][gc,cpu         ] GC(203) User=0.02s Sys=0.00s Real=0.02s
[202.903s][info][gc,start       ] GC(204) Pause Young (Normal) (G1 Evacuation Pause)
[202.903s][info][gc,task        ] GC(204) Using 6 workers of 6 for evacuation
[202.909s][info][gc,phases      ] GC(204)   Pre Evacuate Collection Set: 0.4ms
[202.909s][info][gc,phases      ] GC(204)   Merge Heap Roots: 0.3ms
[202.909s][info][gc,phases      ] GC(204)   Evacuate Collection Set: 3.2ms
[202.909s][info][gc,phases      ] GC(204)   Post Evacuate Collection Set: 1.3ms
[202.909s][info][gc,phases      ] GC(204)   Other: 0.2ms
[202.909s][info][gc,heap        ] GC(204) Eden regions: 1228->0(1223)
[202.909s][info][gc,heap        ] GC(204) Survivor regions: 0->5(154)
[202.909s][info][gc,heap        ] GC(204) Old regions: 6->6
[202.909s][info][gc,heap        ] GC(204) Humongous regions: 0->0
[202.909s][info][gc,metaspace   ] GC(204) Metaspace: 9088K(9344K)->9088K(9344K) NonClass: 7924K(8064K)->7924K(8064K) Class: 1164K(1280K)->1164K(1280K)
[202.909s][info][gc             ] GC(204) Pause Young (Normal) (G1 Evacuation Pause) 2459M->12M(4096M) 5.480ms
[202.909s][info][gc,cpu         ] GC(204) User=0.00s Sys=0.00s Real=0.00s
[203.903s][info][gc,start       ] GC(205) Pause Young (Normal) (G1 Evacuation Pause)
[203.903s][info][gc,task        ] GC(205) Using 6 workers of 6 for evacuation
[203.910s][info][gc,phases      ] GC(205)   Pre Evacuate Collection Set: 0.6ms
[203.910s][info][gc,phases      ] GC(205)   Merge Heap Roots: 0.3ms
[203.910s][info][gc,phases      ] GC(205)   Evacuate Collection Set: 5.4ms
[203.910s][info][gc,phases      ] GC(205)   Post Evacuate Collection Set: 1.2ms
[203.910s][info][gc,phases      ] GC(205)   Other: 0.2ms
[203.910s][info][gc,heap        ] GC(205) Eden regions: 1223->0(1219)
[203.910s][info][gc,heap        ] GC(205) Survivor regions: 5->9(154)
[203.910s][info][gc,heap        ] GC(205) Old regions: 6->6
[203.910s][info][gc,heap        ] GC(205) Humongous regions: 0->0
[203.910s][info][gc,metaspace   ] GC(205) Metaspace: 9088K(9344K)->9088K(9344K) NonClass: 7924K(8064K)->7924K(8064K) Class: 1164K(1280K)->1164K(1280K)
[203.910s][info][gc             ] GC(205) Pause Young (Normal) (G1 Evacuation Pause) 2458M->20M(4096M) 7.816ms
[203.910s][info][gc,cpu         ] GC(205) User=0.00s Sys=0.00s Real=0.00s
[204.925s][info][gc,start       ] GC(206) Pause Full (System.gc())
[204.925s][info][gc,task        ] GC(206) Using 6 workers of 6 for full compaction
[204.925s][info][gc,phases,start] GC(206) Phase 1: Mark live objects
[204.927s][info][gc,phases      ] GC(206) Phase 1: Mark live objects 2.008ms
[204.927s][info][gc,phases,start] GC(206) Phase 2: Prepare compaction
[204.929s][info][gc,phases      ] GC(206) Phase 2: Prepare compaction 2.011ms
[204.929s][info][gc,phases,start] GC(206) Phase 3: Adjust pointers
[204.931s][info][gc,phases      ] GC(206) Phase 3: Adjust pointers 1.933ms
[204.931s][info][gc,phases,start] GC(206) Phase 4: Compact heap
[204.933s][info][gc,phases      ] GC(206) Phase 4: Compact heap 1.671ms
[204.933s][info][gc,phases,start] GC(206) Phase 5: Reset Metadata
[204.934s][info][gc,phases      ] GC(206) Phase 5: Reset Metadata 0.705ms
[204.943s][info][gc,heap        ] GC(206) Eden regions: 895->0(1228)
[204.943s][info][gc,heap        ] GC(206) Survivor regions: 9->0(154)
[204.943s][info][gc,heap        ] GC(206) Old regions: 6->6
[204.943s][info][gc,heap        ] GC(206) Humongous regions: 5->0
[204.943s][info][gc,metaspace   ] GC(206) Metaspace: 9088K(9344K)->9088K(9344K) NonClass: 7924K(8064K)->7924K(8064K) Class: 1164K(1280K)->1164K(1280K)
[204.943s][info][gc             ] GC(206) Pause Full (System.gc()) 1819M->3M(4096M) 17.906ms
[204.943s][info][gc,cpu         ] GC(206) User=0.02s Sys=0.00s Real=0.02s
[205.909s][info][gc,start       ] GC(207) Pause Young (Normal) (G1 Evacuation Pause)
[205.909s][info][gc,task        ] GC(207) Using 6 workers of 6 for evacuation
[205.914s][info][gc,phases      ] GC(207)   Pre Evacuate Collection Set: 0.3ms
[205.914s][info][gc,phases      ] GC(207)   Merge Heap Roots: 0.2ms
[205.914s][info][gc,phases      ] GC(207)   Evacuate Collection Set: 3.3ms
[205.914s][info][gc,phases      ] GC(207)   Post Evacuate Collection Set: 1.1ms
[205.914s][info][gc,phases      ] GC(207)   Other: 0.2ms
[205.914s][info][gc,heap        ] GC(207) Eden regions: 1228->0(1223)
[205.914s][info][gc,heap        ] GC(207) Survivor regions: 0->5(154)
[205.914s][info][gc,heap        ] GC(207) Old regions: 6->6
[205.914s][info][gc,heap        ] GC(207) Humongous regions: 0->0
[205.914s][info][gc,metaspace   ] GC(207) Metaspace: 9088K(9344K)->9088K(9344K) NonClass: 7924K(8064K)->7924K(8064K) Class: 1164K(1280K)->1164K(1280K)
[205.914s][info][gc             ] GC(207) Pause Young (Normal) (G1 Evacuation Pause) 2459M->12M(4096M) 5.305ms
[205.914s][info][gc,cpu         ] GC(207) User=0.00s Sys=0.00s Real=0.00s
[206.908s][info][gc,start       ] GC(208) Pause Young (Normal) (G1 Evacuation Pause)
[206.908s][info][gc,task        ] GC(208) Using 6 workers of 6 for evacuation
[206.916s][info][gc,phases      ] GC(208)   Pre Evacuate Collection Set: 0.4ms
[206.916s][info][gc,phases      ] GC(208)   Merge Heap Roots: 0.3ms
[206.916s][info][gc,phases      ] GC(208)   Evacuate Collection Set: 5.9ms
[206.916s][info][gc,phases      ] GC(208)   Post Evacuate Collection Set: 1.2ms
[206.916s][info][gc,phases      ] GC(208)   Other: 0.2ms
[206.916s][info][gc,heap        ] GC(208) Eden regions: 1223->0(1219)
[206.916s][info][gc,heap        ] GC(208) Survivor regions: 5->9(154)
[206.916s][info][gc,heap        ] GC(208) Old regions: 6->6
[206.916s][info][gc,heap        ] GC(208) Humongous regions: 0->0
[206.916s][info][gc,metaspace   ] GC(208) Metaspace: 9088K(9344K)->9088K(9344K) NonClass: 7924K(8064K)->7924K(8064K) Class: 1164K(1280K)->1164K(1280K)
[206.916s][info][gc             ] GC(208) Pause Young (Normal) (G1 Evacuation Pause) 2458M->21M(4096M) 8.146ms
[206.916s][info][gc,cpu         ] GC(208) User=0.02s Sys=0.00s Real=0.02s
[207.920s][info][gc,start       ] GC(209) Pause Full (System.gc())
[207.920s][info][gc,task        ] GC(209) Using 6 workers of 6 for full compaction
[207.920s][info][gc,phases,start] GC(209) Phase 1: Mark live objects
[207.922s][info][gc,phases      ] GC(209) Phase 1: Mark live objects 2.246ms
[207.922s][info][gc,phases,start] GC(209) Phase 2: Prepare compaction
[207.924s][info][gc,phases      ] GC(209) Phase 2: Prepare compaction 2.135ms
[207.925s][info][gc,phases,start] GC(209) Phase 3: Adjust pointers
[207.927s][info][gc,phases      ] GC(209) Phase 3: Adjust pointers 2.465ms
[207.927s][info][gc,phases,start] GC(209) Phase 4: Compact heap
[207.928s][info][gc,phases      ] GC(209) Phase 4: Compact heap 1.189ms
[207.928s][info][gc,phases,start] GC(209) Phase 5: Reset Metadata
[207.929s][info][gc,phases      ] GC(209) Phase 5: Reset Metadata 0.675ms
[207.938s][info][gc,heap        ] GC(209) Eden regions: 895->0(1228)
[207.938s][info][gc,heap        ] GC(209) Survivor regions: 9->0(154)
[207.938s][info][gc,heap        ] GC(209) Old regions: 6->6
[207.938s][info][gc,heap        ] GC(209) Humongous regions: 5->0
[207.938s][info][gc,metaspace   ] GC(209) Metaspace: 9088K(9344K)->9088K(9344K) NonClass: 7924K(8064K)->7924K(8064K) Class: 1164K(1280K)->1164K(1280K)
[207.938s][info][gc             ] GC(209) Pause Full (System.gc()) 1820M->3M(4096M) 18.327ms
[207.938s][info][gc,cpu         ] GC(209) User=0.02s Sys=0.00s Real=0.02s
[208.905s][info][gc,start       ] GC(210) Pause Young (Normal) (G1 Evacuation Pause)
[208.905s][info][gc,task        ] GC(210) Using 6 workers of 6 for evacuation
[208.910s][info][gc,phases      ] GC(210)   Pre Evacuate Collection Set: 0.4ms
[208.910s][info][gc,phases      ] GC(210)   Merge Heap Roots: 0.2ms
[208.910s][info][gc,phases      ] GC(210)   Evacuate Collection Set: 3.3ms
[208.910s][info][gc,phases      ] GC(210)   Post Evacuate Collection Set: 1.1ms
[208.910s][info][gc,phases      ] GC(210)   Other: 0.1ms
[208.910s][info][gc,heap        ] GC(210) Eden regions: 1228->0(1223)
[208.910s][info][gc,heap        ] GC(210) Survivor regions: 0->5(154)
[208.910s][info][gc,heap        ] GC(210) Old regions: 6->6
[208.910s][info][gc,heap        ] GC(210) Humongous regions: 0->0
[208.910s][info][gc,metaspace   ] GC(210) Metaspace: 9089K(9344K)->9089K(9344K) NonClass: 7925K(8064K)->7925K(8064K) Class: 1164K(1280K)->1164K(1280K)
[208.910s][info][gc             ] GC(210) Pause Young (Normal) (G1 Evacuation Pause) 2459M->12M(4096M) 5.359ms
[208.910s][info][gc,cpu         ] GC(210) User=0.02s Sys=0.00s Real=0.02s
[209.903s][info][gc,start       ] GC(211) Pause Young (Normal) (G1 Evacuation Pause)
[209.903s][info][gc,task        ] GC(211) Using 6 workers of 6 for evacuation
[209.911s][info][gc,phases      ] GC(211)   Pre Evacuate Collection Set: 0.4ms
[209.911s][info][gc,phases      ] GC(211)   Merge Heap Roots: 0.3ms
[209.911s][info][gc,phases      ] GC(211)   Evacuate Collection Set: 5.6ms
[209.911s][info][gc,phases      ] GC(211)   Post Evacuate Collection Set: 1.3ms
[209.911s][info][gc,phases      ] GC(211)   Other: 0.2ms
[209.911s][info][gc,heap        ] GC(211) Eden regions: 1223->0(1219)
[209.911s][info][gc,heap        ] GC(211) Survivor regions: 5->9(154)
[209.911s][info][gc,heap        ] GC(211) Old regions: 6->6
[209.911s][info][gc,heap        ] GC(211) Humongous regions: 0->0
[209.911s][info][gc,metaspace   ] GC(211) Metaspace: 9089K(9344K)->9089K(9344K) NonClass: 7925K(8064K)->7925K(8064K) Class: 1164K(1280K)->1164K(1280K)
[209.911s][info][gc             ] GC(211) Pause Young (Normal) (G1 Evacuation Pause) 2458M->20M(4096M) 7.997ms
[209.911s][info][gc,cpu         ] GC(211) User=0.00s Sys=0.00s Real=0.00s
[210.914s][info][gc,start       ] GC(212) Pause Full (System.gc())
[210.914s][info][gc,task        ] GC(212) Using 6 workers of 6 for full compaction
[210.914s][info][gc,phases,start] GC(212) Phase 1: Mark live objects
[210.916s][info][gc,phases      ] GC(212) Phase 1: Mark live objects 2.208ms
[210.916s][info][gc,phases,start] GC(212) Phase 2: Prepare compaction
[210.918s][info][gc,phases      ] GC(212) Phase 2: Prepare compaction 2.096ms
[210.918s][info][gc,phases,start] GC(212) Phase 3: Adjust pointers
[210.921s][info][gc,phases      ] GC(212) Phase 3: Adjust pointers 2.289ms
[210.921s][info][gc,phases,start] GC(212) Phase 4: Compact heap
[210.922s][info][gc,phases      ] GC(212) Phase 4: Compact heap 1.743ms
[210.922s][info][gc,phases,start] GC(212) Phase 5: Reset Metadata
[210.923s][info][gc,phases      ] GC(212) Phase 5: Reset Metadata 0.670ms
[210.931s][info][gc,heap        ] GC(212) Eden regions: 895->0(1228)
[210.931s][info][gc,heap        ] GC(212) Survivor regions: 9->0(154)
[210.931s][info][gc,heap        ] GC(212) Old regions: 6->6
[210.931s][info][gc,heap        ] GC(212) Humongous regions: 5->0
[210.931s][info][gc,metaspace   ] GC(212) Metaspace: 9089K(9344K)->9089K(9344K) NonClass: 7925K(8064K)->7925K(8064K) Class: 1164K(1280K)->1164K(1280K)
[210.931s][info][gc             ] GC(212) Pause Full (System.gc()) 1819M->3M(4096M) 17.837ms
[210.931s][info][gc,cpu         ] GC(212) User=0.00s Sys=0.00s Real=0.02s
[211.896s][info][gc,start       ] GC(213) Pause Young (Normal) (G1 Evacuation Pause)
[211.896s][info][gc,task        ] GC(213) Using 6 workers of 6 for evacuation
[211.901s][info][gc,phases      ] GC(213)   Pre Evacuate Collection Set: 0.5ms
[211.901s][info][gc,phases      ] GC(213)   Merge Heap Roots: 0.3ms
[211.901s][info][gc,phases      ] GC(213)   Evacuate Collection Set: 3.0ms
[211.901s][info][gc,phases      ] GC(213)   Post Evacuate Collection Set: 1.2ms
[211.901s][info][gc,phases      ] GC(213)   Other: 0.2ms
[211.901s][info][gc,heap        ] GC(213) Eden regions: 1228->0(1223)
[211.901s][info][gc,heap        ] GC(213) Survivor regions: 0->5(154)
[211.901s][info][gc,heap        ] GC(213) Old regions: 6->6
[211.901s][info][gc,heap        ] GC(213) Humongous regions: 0->0
[211.901s][info][gc,metaspace   ] GC(213) Metaspace: 9089K(9344K)->9089K(9344K) NonClass: 7925K(8064K)->7925K(8064K) Class: 1164K(1280K)->1164K(1280K)
[211.901s][info][gc             ] GC(213) Pause Young (Normal) (G1 Evacuation Pause) 2459M->12M(4096M) 5.438ms
[211.901s][info][gc,cpu         ] GC(213) User=0.00s Sys=0.00s Real=0.00s
[212.896s][info][gc,start       ] GC(214) Pause Young (Normal) (G1 Evacuation Pause)
[212.896s][info][gc,task        ] GC(214) Using 6 workers of 6 for evacuation
[212.904s][info][gc,phases      ] GC(214)   Pre Evacuate Collection Set: 0.4ms
[212.904s][info][gc,phases      ] GC(214)   Merge Heap Roots: 0.3ms
[212.904s][info][gc,phases      ] GC(214)   Evacuate Collection Set: 5.4ms
[212.904s][info][gc,phases      ] GC(214)   Post Evacuate Collection Set: 1.5ms
[212.904s][info][gc,phases      ] GC(214)   Other: 0.2ms
[212.904s][info][gc,heap        ] GC(214) Eden regions: 1223->0(1219)
[212.904s][info][gc,heap        ] GC(214) Survivor regions: 5->9(154)
[212.904s][info][gc,heap        ] GC(214) Old regions: 6->6
[212.904s][info][gc,heap        ] GC(214) Humongous regions: 0->0
[212.904s][info][gc,metaspace   ] GC(214) Metaspace: 9089K(9344K)->9089K(9344K) NonClass: 7925K(8064K)->7925K(8064K) Class: 1164K(1280K)->1164K(1280K)
[212.904s][info][gc             ] GC(214) Pause Young (Normal) (G1 Evacuation Pause) 2458M->21M(4096M) 8.074ms
[212.904s][info][gc,cpu         ] GC(214) User=0.00s Sys=0.00s Real=0.02s
[213.905s][info][gc,start       ] GC(215) Pause Full (System.gc())
[213.905s][info][gc,task        ] GC(215) Using 6 workers of 6 for full compaction
[213.906s][info][gc,phases,start] GC(215) Phase 1: Mark live objects
[213.908s][info][gc,phases      ] GC(215) Phase 1: Mark live objects 2.023ms
[213.908s][info][gc,phases,start] GC(215) Phase 2: Prepare compaction
[213.910s][info][gc,phases      ] GC(215) Phase 2: Prepare compaction 1.995ms
[213.910s][info][gc,phases,start] GC(215) Phase 3: Adjust pointers
[213.912s][info][gc,phases      ] GC(215) Phase 3: Adjust pointers 2.084ms
[213.912s][info][gc,phases,start] GC(215) Phase 4: Compact heap
[213.914s][info][gc,phases      ] GC(215) Phase 4: Compact heap 1.620ms
[213.914s][info][gc,phases,start] GC(215) Phase 5: Reset Metadata
[213.915s][info][gc,phases      ] GC(215) Phase 5: Reset Metadata 0.890ms
[213.923s][info][gc,heap        ] GC(215) Eden regions: 895->0(1228)
[213.923s][info][gc,heap        ] GC(215) Survivor regions: 9->0(154)
[213.923s][info][gc,heap        ] GC(215) Old regions: 6->6
[213.923s][info][gc,heap        ] GC(215) Humongous regions: 5->0
[213.923s][info][gc,metaspace   ] GC(215) Metaspace: 9089K(9344K)->9089K(9344K) NonClass: 7925K(8064K)->7925K(8064K) Class: 1164K(1280K)->1164K(1280K)
[213.923s][info][gc             ] GC(215) Pause Full (System.gc()) 1820M->3M(4096M) 17.801ms
[213.923s][info][gc,cpu         ] GC(215) User=0.02s Sys=0.00s Real=0.01s
[214.887s][info][gc,start       ] GC(216) Pause Young (Normal) (G1 Evacuation Pause)
[214.887s][info][gc,task        ] GC(216) Using 6 workers of 6 for evacuation
[214.892s][info][gc,phases      ] GC(216)   Pre Evacuate Collection Set: 0.5ms
[214.892s][info][gc,phases      ] GC(216)   Merge Heap Roots: 0.3ms
[214.892s][info][gc,phases      ] GC(216)   Evacuate Collection Set: 3.3ms
[214.892s][info][gc,phases      ] GC(216)   Post Evacuate Collection Set: 1.1ms
[214.892s][info][gc,phases      ] GC(216)   Other: 0.2ms
[214.892s][info][gc,heap        ] GC(216) Eden regions: 1228->0(1223)
[214.892s][info][gc,heap        ] GC(216) Survivor regions: 0->5(154)
[214.892s][info][gc,heap        ] GC(216) Old regions: 6->6
[214.892s][info][gc,heap        ] GC(216) Humongous regions: 0->0
[214.892s][info][gc,metaspace   ] GC(216) Metaspace: 9089K(9344K)->9089K(9344K) NonClass: 7925K(8064K)->7925K(8064K) Class: 1164K(1280K)->1164K(1280K)
[214.892s][info][gc             ] GC(216) Pause Young (Normal) (G1 Evacuation Pause) 2459M->13M(4096M) 5.635ms
[214.892s][info][gc,cpu         ] GC(216) User=0.02s Sys=0.00s Real=0.02s
[215.884s][info][gc,start       ] GC(217) Pause Young (Normal) (G1 Evacuation Pause)
[215.885s][info][gc,task        ] GC(217) Using 6 workers of 6 for evacuation
[215.892s][info][gc,phases      ] GC(217)   Pre Evacuate Collection Set: 0.4ms
[215.892s][info][gc,phases      ] GC(217)   Merge Heap Roots: 0.3ms
[215.892s][info][gc,phases      ] GC(217)   Evacuate Collection Set: 5.4ms
[215.892s][info][gc,phases      ] GC(217)   Post Evacuate Collection Set: 1.3ms
[215.892s][info][gc,phases      ] GC(217)   Other: 0.2ms
[215.892s][info][gc,heap        ] GC(217) Eden regions: 1223->0(1219)
[215.892s][info][gc,heap        ] GC(217) Survivor regions: 5->9(154)
[215.892s][info][gc,heap        ] GC(217) Old regions: 6->6
[215.892s][info][gc,heap        ] GC(217) Humongous regions: 0->0
[215.892s][info][gc,metaspace   ] GC(217) Metaspace: 9089K(9344K)->9089K(9344K) NonClass: 7925K(8064K)->7925K(8064K) Class: 1164K(1280K)->1164K(1280K)
[215.892s][info][gc             ] GC(217) Pause Young (Normal) (G1 Evacuation Pause) 2459M->20M(4096M) 7.808ms
[215.892s][info][gc,cpu         ] GC(217) User=0.00s Sys=0.00s Real=0.00s
[216.893s][info][gc,start       ] GC(218) Pause Full (System.gc())
[216.893s][info][gc,task        ] GC(218) Using 6 workers of 6 for full compaction
[216.893s][info][gc,phases,start] GC(218) Phase 1: Mark live objects
[216.895s][info][gc,phases      ] GC(218) Phase 1: Mark live objects 2.149ms
[216.895s][info][gc,phases,start] GC(218) Phase 2: Prepare compaction
[216.897s][info][gc,phases      ] GC(218) Phase 2: Prepare compaction 1.896ms
[216.897s][info][gc,phases,start] GC(218) Phase 3: Adjust pointers
[216.899s][info][gc,phases      ] GC(218) Phase 3: Adjust pointers 2.269ms
[216.899s][info][gc,phases,start] GC(218) Phase 4: Compact heap
[216.901s][info][gc,phases      ] GC(218) Phase 4: Compact heap 1.733ms
[216.901s][info][gc,phases,start] GC(218) Phase 5: Reset Metadata
[216.902s][info][gc,phases      ] GC(218) Phase 5: Reset Metadata 0.669ms
[216.910s][info][gc,heap        ] GC(218) Eden regions: 895->0(1228)
[216.910s][info][gc,heap        ] GC(218) Survivor regions: 9->0(154)
[216.910s][info][gc,heap        ] GC(218) Old regions: 6->6
[216.910s][info][gc,heap        ] GC(218) Humongous regions: 5->0
[216.910s][info][gc,metaspace   ] GC(218) Metaspace: 9089K(9344K)->9089K(9344K) NonClass: 7925K(8064K)->7925K(8064K) Class: 1164K(1280K)->1164K(1280K)
[216.910s][info][gc             ] GC(218) Pause Full (System.gc()) 1819M->3M(4096M) 17.852ms
[216.910s][info][gc,cpu         ] GC(218) User=0.02s Sys=0.00s Real=0.02s
[217.875s][info][gc,start       ] GC(219) Pause Young (Normal) (G1 Evacuation Pause)
[217.875s][info][gc,task        ] GC(219) Using 6 workers of 6 for evacuation
[217.880s][info][gc,phases      ] GC(219)   Pre Evacuate Collection Set: 0.4ms
[217.880s][info][gc,phases      ] GC(219)   Merge Heap Roots: 0.3ms
[217.880s][info][gc,phases      ] GC(219)   Evacuate Collection Set: 3.0ms
[217.880s][info][gc,phases      ] GC(219)   Post Evacuate Collection Set: 1.2ms
[217.880s][info][gc,phases      ] GC(219)   Other: 0.1ms
[217.880s][info][gc,heap        ] GC(219) Eden regions: 1228->0(1223)
[217.880s][info][gc,heap        ] GC(219) Survivor regions: 0->5(154)
[217.880s][info][gc,heap        ] GC(219) Old regions: 6->6
[217.880s][info][gc,heap        ] GC(219) Humongous regions: 0->0
[217.880s][info][gc,metaspace   ] GC(219) Metaspace: 9089K(9344K)->9089K(9344K) NonClass: 7925K(8064K)->7925K(8064K) Class: 1164K(1280K)->1164K(1280K)
[217.880s][info][gc             ] GC(219) Pause Young (Normal) (G1 Evacuation Pause) 2459M->12M(4096M) 5.229ms
[217.880s][info][gc,cpu         ] GC(219) User=0.06s Sys=0.00s Real=0.02s
[218.873s][info][gc,start       ] GC(220) Pause Young (Normal) (G1 Evacuation Pause)
[218.873s][info][gc,task        ] GC(220) Using 6 workers of 6 for evacuation
[218.881s][info][gc,phases      ] GC(220)   Pre Evacuate Collection Set: 0.6ms
[218.881s][info][gc,phases      ] GC(220)   Merge Heap Roots: 0.3ms
[218.881s][info][gc,phases      ] GC(220)   Evacuate Collection Set: 5.6ms
[218.881s][info][gc,phases      ] GC(220)   Post Evacuate Collection Set: 1.0ms
[218.881s][info][gc,phases      ] GC(220)   Other: 0.2ms
[218.881s][info][gc,heap        ] GC(220) Eden regions: 1223->0(1219)
[218.881s][info][gc,heap        ] GC(220) Survivor regions: 5->9(154)
[218.881s][info][gc,heap        ] GC(220) Old regions: 6->6
[218.881s][info][gc,heap        ] GC(220) Humongous regions: 0->0
[218.881s][info][gc,metaspace   ] GC(220) Metaspace: 9089K(9344K)->9089K(9344K) NonClass: 7925K(8064K)->7925K(8064K) Class: 1164K(1280K)->1164K(1280K)
[218.881s][info][gc             ] GC(220) Pause Young (Normal) (G1 Evacuation Pause) 2458M->20M(4096M) 7.909ms
[218.881s][info][gc,cpu         ] GC(220) User=0.00s Sys=0.00s Real=0.00s
[219.881s][info][gc,start       ] GC(221) Pause Full (System.gc())
[219.882s][info][gc,task        ] GC(221) Using 6 workers of 6 for full compaction
[219.882s][info][gc,phases,start] GC(221) Phase 1: Mark live objects
[219.884s][info][gc,phases      ] GC(221) Phase 1: Mark live objects 2.182ms
[219.884s][info][gc,phases,start] GC(221) Phase 2: Prepare compaction
[219.886s][info][gc,phases      ] GC(221) Phase 2: Prepare compaction 1.877ms
[219.886s][info][gc,phases,start] GC(221) Phase 3: Adjust pointers
[219.888s][info][gc,phases      ] GC(221) Phase 3: Adjust pointers 2.226ms
[219.888s][info][gc,phases,start] GC(221) Phase 4: Compact heap
[219.890s][info][gc,phases      ] GC(221) Phase 4: Compact heap 1.401ms
[219.890s][info][gc,phases,start] GC(221) Phase 5: Reset Metadata
[219.891s][info][gc,phases      ] GC(221) Phase 5: Reset Metadata 0.788ms
[219.899s][info][gc,heap        ] GC(221) Eden regions: 895->0(1228)
[219.899s][info][gc,heap        ] GC(221) Survivor regions: 9->0(154)
[219.899s][info][gc,heap        ] GC(221) Old regions: 6->6
[219.899s][info][gc,heap        ] GC(221) Humongous regions: 5->0
[219.899s][info][gc,metaspace   ] GC(221) Metaspace: 9089K(9344K)->9089K(9344K) NonClass: 7925K(8064K)->7925K(8064K) Class: 1164K(1280K)->1164K(1280K)
[219.899s][info][gc             ] GC(221) Pause Full (System.gc()) 1819M->3M(4096M) 17.829ms
[219.899s][info][gc,cpu         ] GC(221) User=0.02s Sys=0.00s Real=0.02s
[220.864s][info][gc,start       ] GC(222) Pause Young (Normal) (G1 Evacuation Pause)
[220.864s][info][gc,task        ] GC(222) Using 6 workers of 6 for evacuation
[220.869s][info][gc,phases      ] GC(222)   Pre Evacuate Collection Set: 0.4ms
[220.870s][info][gc,phases      ] GC(222)   Merge Heap Roots: 0.3ms
[220.870s][info][gc,phases      ] GC(222)   Evacuate Collection Set: 3.1ms
[220.870s][info][gc,phases      ] GC(222)   Post Evacuate Collection Set: 1.3ms
[220.870s][info][gc,phases      ] GC(222)   Other: 0.2ms
[220.870s][info][gc,heap        ] GC(222) Eden regions: 1228->0(1223)
[220.870s][info][gc,heap        ] GC(222) Survivor regions: 0->5(154)
[220.870s][info][gc,heap        ] GC(222) Old regions: 6->6
[220.870s][info][gc,heap        ] GC(222) Humongous regions: 0->0
[220.870s][info][gc,metaspace   ] GC(222) Metaspace: 9089K(9344K)->9089K(9344K) NonClass: 7925K(8064K)->7925K(8064K) Class: 1164K(1280K)->1164K(1280K)
[220.870s][info][gc             ] GC(222) Pause Young (Normal) (G1 Evacuation Pause) 2459M->12M(4096M) 5.460ms
[220.870s][info][gc,cpu         ] GC(222) User=0.00s Sys=0.00s Real=0.00s
[221.861s][info][gc,start       ] GC(223) Pause Young (Normal) (G1 Evacuation Pause)
[221.861s][info][gc,task        ] GC(223) Using 6 workers of 6 for evacuation
[221.869s][info][gc,phases      ] GC(223)   Pre Evacuate Collection Set: 0.4ms
[221.869s][info][gc,phases      ] GC(223)   Merge Heap Roots: 0.3ms
[221.869s][info][gc,phases      ] GC(223)   Evacuate Collection Set: 5.9ms
[221.869s][info][gc,phases      ] GC(223)   Post Evacuate Collection Set: 1.1ms
[221.869s][info][gc,phases      ] GC(223)   Other: 0.2ms
[221.869s][info][gc,heap        ] GC(223) Eden regions: 1223->0(1219)
[221.869s][info][gc,heap        ] GC(223) Survivor regions: 5->9(154)
[221.869s][info][gc,heap        ] GC(223) Old regions: 6->6
[221.869s][info][gc,heap        ] GC(223) Humongous regions: 0->0
[221.869s][info][gc,metaspace   ] GC(223) Metaspace: 9089K(9344K)->9089K(9344K) NonClass: 7925K(8064K)->7925K(8064K) Class: 1164K(1280K)->1164K(1280K)
[221.869s][info][gc             ] GC(223) Pause Young (Normal) (G1 Evacuation Pause) 2458M->19M(4096M) 8.048ms
[221.869s][info][gc,cpu         ] GC(223) User=0.02s Sys=0.00s Real=0.02s
[222.871s][info][gc,start       ] GC(224) Pause Full (System.gc())
[222.871s][info][gc,task        ] GC(224) Using 6 workers of 6 for full compaction
[222.872s][info][gc,phases,start] GC(224) Phase 1: Mark live objects
[222.874s][info][gc,phases      ] GC(224) Phase 1: Mark live objects 2.241ms
[222.874s][info][gc,phases,start] GC(224) Phase 2: Prepare compaction
[222.876s][info][gc,phases      ] GC(224) Phase 2: Prepare compaction 1.844ms
[222.876s][info][gc,phases,start] GC(224) Phase 3: Adjust pointers
[222.878s][info][gc,phases      ] GC(224) Phase 3: Adjust pointers 2.263ms
[222.878s][info][gc,phases,start] GC(224) Phase 4: Compact heap
[222.880s][info][gc,phases      ] GC(224) Phase 4: Compact heap 1.422ms
[222.880s][info][gc,phases,start] GC(224) Phase 5: Reset Metadata
[222.881s][info][gc,phases      ] GC(224) Phase 5: Reset Metadata 0.973ms
[222.889s][info][gc,heap        ] GC(224) Eden regions: 895->0(1228)
[222.889s][info][gc,heap        ] GC(224) Survivor regions: 9->0(154)
[222.889s][info][gc,heap        ] GC(224) Old regions: 6->6
[222.889s][info][gc,heap        ] GC(224) Humongous regions: 5->0
[222.889s][info][gc,metaspace   ] GC(224) Metaspace: 9089K(9344K)->9089K(9344K) NonClass: 7925K(8064K)->7925K(8064K) Class: 1164K(1280K)->1164K(1280K)
[222.889s][info][gc             ] GC(224) Pause Full (System.gc()) 1818M->3M(4096M) 17.684ms
[222.889s][info][gc,cpu         ] GC(224) User=0.02s Sys=0.00s Real=0.02s
[223.855s][info][gc,start       ] GC(225) Pause Young (Normal) (G1 Evacuation Pause)
[223.855s][info][gc,task        ] GC(225) Using 6 workers of 6 for evacuation
[223.860s][info][gc,phases      ] GC(225)   Pre Evacuate Collection Set: 0.6ms
[223.860s][info][gc,phases      ] GC(225)   Merge Heap Roots: 0.2ms
[223.860s][info][gc,phases      ] GC(225)   Evacuate Collection Set: 3.2ms
[223.860s][info][gc,phases      ] GC(225)   Post Evacuate Collection Set: 1.1ms
[223.860s][info][gc,phases      ] GC(225)   Other: 0.1ms
[223.860s][info][gc,heap        ] GC(225) Eden regions: 1228->0(1223)
[223.860s][info][gc,heap        ] GC(225) Survivor regions: 0->5(154)
[223.860s][info][gc,heap        ] GC(225) Old regions: 6->6
[223.860s][info][gc,heap        ] GC(225) Humongous regions: 0->0
[223.860s][info][gc,metaspace   ] GC(225) Metaspace: 9089K(9344K)->9089K(9344K) NonClass: 7925K(8064K)->7925K(8064K) Class: 1164K(1280K)->1164K(1280K)
[223.860s][info][gc             ] GC(225) Pause Young (Normal) (G1 Evacuation Pause) 2459M->12M(4096M) 5.365ms
[223.860s][info][gc,cpu         ] GC(225) User=0.00s Sys=0.00s Real=0.00s
[224.853s][info][gc,start       ] GC(226) Pause Young (Normal) (G1 Evacuation Pause)
[224.853s][info][gc,task        ] GC(226) Using 6 workers of 6 for evacuation
[224.861s][info][gc,phases      ] GC(226)   Pre Evacuate Collection Set: 0.4ms
[224.861s][info][gc,phases      ] GC(226)   Merge Heap Roots: 0.3ms
[224.861s][info][gc,phases      ] GC(226)   Evacuate Collection Set: 5.9ms
[224.861s][info][gc,phases      ] GC(226)   Post Evacuate Collection Set: 1.0ms
[224.861s][info][gc,phases      ] GC(226)   Other: 0.3ms
[224.861s][info][gc,heap        ] GC(226) Eden regions: 1223->0(1219)
[224.861s][info][gc,heap        ] GC(226) Survivor regions: 5->9(154)
[224.861s][info][gc,heap        ] GC(226) Old regions: 6->6
[224.861s][info][gc,heap        ] GC(226) Humongous regions: 0->0
[224.861s][info][gc,metaspace   ] GC(226) Metaspace: 9089K(9344K)->9089K(9344K) NonClass: 7925K(8064K)->7925K(8064K) Class: 1164K(1280K)->1164K(1280K)
[224.861s][info][gc             ] GC(226) Pause Young (Normal) (G1 Evacuation Pause) 2458M->20M(4096M) 8.095ms
[224.861s][info][gc,cpu         ] GC(226) User=0.00s Sys=0.00s Real=0.00s
[225.862s][info][gc,start       ] GC(227) Pause Full (System.gc())
[225.862s][info][gc,task        ] GC(227) Using 6 workers of 6 for full compaction
[225.863s][info][gc,phases,start] GC(227) Phase 1: Mark live objects
[225.865s][info][gc,phases      ] GC(227) Phase 1: Mark live objects 2.003ms
[225.865s][info][gc,phases,start] GC(227) Phase 2: Prepare compaction
[225.867s][info][gc,phases      ] GC(227) Phase 2: Prepare compaction 2.139ms
[225.867s][info][gc,phases,start] GC(227) Phase 3: Adjust pointers
[225.869s][info][gc,phases      ] GC(227) Phase 3: Adjust pointers 1.985ms
[225.869s][info][gc,phases,start] GC(227) Phase 4: Compact heap
[225.871s][info][gc,phases      ] GC(227) Phase 4: Compact heap 1.759ms
[225.871s][info][gc,phases,start] GC(227) Phase 5: Reset Metadata
[225.872s][info][gc,phases      ] GC(227) Phase 5: Reset Metadata 1.109ms
[225.880s][info][gc,heap        ] GC(227) Eden regions: 895->0(1228)
[225.880s][info][gc,heap        ] GC(227) Survivor regions: 9->0(154)
[225.880s][info][gc,heap        ] GC(227) Old regions: 6->6
[225.880s][info][gc,heap        ] GC(227) Humongous regions: 5->0
[225.880s][info][gc,metaspace   ] GC(227) Metaspace: 9091K(9344K)->9091K(9344K) NonClass: 7927K(8064K)->7927K(8064K) Class: 1164K(1280K)->1164K(1280K)
[225.880s][info][gc             ] GC(227) Pause Full (System.gc()) 1819M->3M(4096M) 17.963ms
[225.880s][info][gc,cpu         ] GC(227) User=0.02s Sys=0.00s Real=0.02s
[226.846s][info][gc,start       ] GC(228) Pause Young (Normal) (G1 Evacuation Pause)
[226.847s][info][gc,task        ] GC(228) Using 6 workers of 6 for evacuation
[226.852s][info][gc,phases      ] GC(228)   Pre Evacuate Collection Set: 0.4ms
[226.852s][info][gc,phases      ] GC(228)   Merge Heap Roots: 0.3ms
[226.852s][info][gc,phases      ] GC(228)   Evacuate Collection Set: 3.4ms
[226.852s][info][gc,phases      ] GC(228)   Post Evacuate Collection Set: 1.2ms
[226.852s][info][gc,phases      ] GC(228)   Other: 0.1ms
[226.852s][info][gc,heap        ] GC(228) Eden regions: 1228->0(1223)
[226.852s][info][gc,heap        ] GC(228) Survivor regions: 0->5(154)
[226.852s][info][gc,heap        ] GC(228) Old regions: 6->6
[226.852s][info][gc,heap        ] GC(228) Humongous regions: 0->0
[226.852s][info][gc,metaspace   ] GC(228) Metaspace: 9093K(9344K)->9093K(9344K) NonClass: 7929K(8064K)->7929K(8064K) Class: 1164K(1280K)->1164K(1280K)
[226.852s][info][gc             ] GC(228) Pause Young (Normal) (G1 Evacuation Pause) 2459M->12M(4096M) 5.473ms
[226.852s][info][gc,cpu         ] GC(228) User=0.00s Sys=0.00s Real=0.00s
[227.845s][info][gc,start       ] GC(229) Pause Young (Normal) (G1 Evacuation Pause)
[227.845s][info][gc,task        ] GC(229) Using 6 workers of 6 for evacuation
[227.853s][info][gc,phases      ] GC(229)   Pre Evacuate Collection Set: 0.5ms
[227.853s][info][gc,phases      ] GC(229)   Merge Heap Roots: 0.3ms
[227.853s][info][gc,phases      ] GC(229)   Evacuate Collection Set: 5.8ms
[227.853s][info][gc,phases      ] GC(229)   Post Evacuate Collection Set: 1.1ms
[227.853s][info][gc,phases      ] GC(229)   Other: 0.2ms
[227.853s][info][gc,heap        ] GC(229) Eden regions: 1223->0(1219)
[227.853s][info][gc,heap        ] GC(229) Survivor regions: 5->9(154)
[227.853s][info][gc,heap        ] GC(229) Old regions: 6->6
[227.853s][info][gc,heap        ] GC(229) Humongous regions: 0->0
[227.853s][info][gc,metaspace   ] GC(229) Metaspace: 9093K(9344K)->9093K(9344K) NonClass: 7929K(8064K)->7929K(8064K) Class: 1164K(1280K)->1164K(1280K)
[227.853s][info][gc             ] GC(229) Pause Young (Normal) (G1 Evacuation Pause) 2458M->21M(4096M) 8.124ms
[227.853s][info][gc,cpu         ] GC(229) User=0.02s Sys=0.00s Real=0.02s
[228.855s][info][gc,start       ] GC(230) Pause Full (System.gc())
[228.855s][info][gc,task        ] GC(230) Using 6 workers of 6 for full compaction
[228.855s][info][gc,phases,start] GC(230) Phase 1: Mark live objects
[228.857s][info][gc,phases      ] GC(230) Phase 1: Mark live objects 1.996ms
[228.857s][info][gc,phases,start] GC(230) Phase 2: Prepare compaction
[228.859s][info][gc,phases      ] GC(230) Phase 2: Prepare compaction 2.080ms
[228.859s][info][gc,phases,start] GC(230) Phase 3: Adjust pointers
[228.861s][info][gc,phases      ] GC(230) Phase 3: Adjust pointers 2.005ms
[228.861s][info][gc,phases,start] GC(230) Phase 4: Compact heap
[228.863s][info][gc,phases      ] GC(230) Phase 4: Compact heap 1.560ms
[228.863s][info][gc,phases,start] GC(230) Phase 5: Reset Metadata
[228.864s][info][gc,phases      ] GC(230) Phase 5: Reset Metadata 0.785ms
[228.872s][info][gc,heap        ] GC(230) Eden regions: 895->0(1228)
[228.872s][info][gc,heap        ] GC(230) Survivor regions: 9->0(154)
[228.872s][info][gc,heap        ] GC(230) Old regions: 6->6
[228.872s][info][gc,heap        ] GC(230) Humongous regions: 5->0
[228.872s][info][gc,metaspace   ] GC(230) Metaspace: 9093K(9344K)->9093K(9344K) NonClass: 7929K(8064K)->7929K(8064K) Class: 1164K(1280K)->1164K(1280K)
[228.873s][info][gc             ] GC(230) Pause Full (System.gc()) 1820M->3M(4096M) 17.894ms
[228.873s][info][gc,cpu         ] GC(230) User=0.02s Sys=0.00s Real=0.02s
[229.835s][info][gc,start       ] GC(231) Pause Young (Normal) (G1 Evacuation Pause)
[229.835s][info][gc,task        ] GC(231) Using 6 workers of 6 for evacuation
[229.840s][info][gc,phases      ] GC(231)   Pre Evacuate Collection Set: 0.4ms
[229.840s][info][gc,phases      ] GC(231)   Merge Heap Roots: 0.2ms
[229.840s][info][gc,phases      ] GC(231)   Evacuate Collection Set: 3.4ms
[229.840s][info][gc,phases      ] GC(231)   Post Evacuate Collection Set: 1.1ms
[229.840s][info][gc,phases      ] GC(231)   Other: 0.1ms
[229.840s][info][gc,heap        ] GC(231) Eden regions: 1228->0(1223)
[229.840s][info][gc,heap        ] GC(231) Survivor regions: 0->5(154)
[229.840s][info][gc,heap        ] GC(231) Old regions: 6->6
[229.840s][info][gc,heap        ] GC(231) Humongous regions: 0->0
[229.840s][info][gc,metaspace   ] GC(231) Metaspace: 9095K(9344K)->9095K(9344K) NonClass: 7931K(8064K)->7931K(8064K) Class: 1164K(1280K)->1164K(1280K)
[229.840s][info][gc             ] GC(231) Pause Young (Normal) (G1 Evacuation Pause) 2459M->13M(4096M) 5.430ms
[229.840s][info][gc,cpu         ] GC(231) User=0.00s Sys=0.00s Real=0.00s
[230.833s][info][gc,start       ] GC(232) Pause Young (Normal) (G1 Evacuation Pause)
[230.833s][info][gc,task        ] GC(232) Using 6 workers of 6 for evacuation
[230.841s][info][gc,phases      ] GC(232)   Pre Evacuate Collection Set: 0.3ms
[230.841s][info][gc,phases      ] GC(232)   Merge Heap Roots: 0.2ms
[230.841s][info][gc,phases      ] GC(232)   Evacuate Collection Set: 5.9ms
[230.841s][info][gc,phases      ] GC(232)   Post Evacuate Collection Set: 1.0ms
[230.841s][info][gc,phases      ] GC(232)   Other: 0.2ms
[230.841s][info][gc,heap        ] GC(232) Eden regions: 1223->0(1219)
[230.841s][info][gc,heap        ] GC(232) Survivor regions: 5->9(154)
[230.841s][info][gc,heap        ] GC(232) Old regions: 6->6
[230.841s][info][gc,heap        ] GC(232) Humongous regions: 0->0
[230.841s][info][gc,metaspace   ] GC(232) Metaspace: 9095K(9344K)->9095K(9344K) NonClass: 7931K(8064K)->7931K(8064K) Class: 1164K(1280K)->1164K(1280K)
[230.841s][info][gc             ] GC(232) Pause Young (Normal) (G1 Evacuation Pause) 2459M->19M(4096M) 7.814ms
[230.841s][info][gc,cpu         ] GC(232) User=0.00s Sys=0.00s Real=0.00s
[231.843s][info][gc,start       ] GC(233) Pause Full (System.gc())
[231.843s][info][gc,task        ] GC(233) Using 6 workers of 6 for full compaction
[231.843s][info][gc,phases,start] GC(233) Phase 1: Mark live objects
[231.845s][info][gc,phases      ] GC(233) Phase 1: Mark live objects 2.036ms
[231.845s][info][gc,phases,start] GC(233) Phase 2: Prepare compaction
[231.847s][info][gc,phases      ] GC(233) Phase 2: Prepare compaction 2.122ms
[231.847s][info][gc,phases,start] GC(233) Phase 3: Adjust pointers
[231.849s][info][gc,phases      ] GC(233) Phase 3: Adjust pointers 1.972ms
[231.849s][info][gc,phases,start] GC(233) Phase 4: Compact heap
[231.851s][info][gc,phases      ] GC(233) Phase 4: Compact heap 2.010ms
[231.852s][info][gc,phases,start] GC(233) Phase 5: Reset Metadata
[231.853s][info][gc,phases      ] GC(233) Phase 5: Reset Metadata 1.071ms
[231.861s][info][gc,heap        ] GC(233) Eden regions: 895->0(1228)
[231.861s][info][gc,heap        ] GC(233) Survivor regions: 9->0(154)
[231.861s][info][gc,heap        ] GC(233) Old regions: 6->6
[231.861s][info][gc,heap        ] GC(233) Humongous regions: 5->0
[231.861s][info][gc,metaspace   ] GC(233) Metaspace: 9095K(9344K)->9095K(9344K) NonClass: 7931K(8064K)->7931K(8064K) Class: 1164K(1280K)->1164K(1280K)
[231.861s][info][gc             ] GC(233) Pause Full (System.gc()) 1818M->3M(4096M) 18.220ms
[231.861s][info][gc,cpu         ] GC(233) User=0.00s Sys=0.00s Real=0.01s
[232.825s][info][gc,start       ] GC(234) Pause Young (Normal) (G1 Evacuation Pause)
[232.825s][info][gc,task        ] GC(234) Using 6 workers of 6 for evacuation
[232.830s][info][gc,phases      ] GC(234)   Pre Evacuate Collection Set: 0.4ms
[232.830s][info][gc,phases      ] GC(234)   Merge Heap Roots: 0.2ms
[232.830s][info][gc,phases      ] GC(234)   Evacuate Collection Set: 3.2ms
[232.830s][info][gc,phases      ] GC(234)   Post Evacuate Collection Set: 1.0ms
[232.830s][info][gc,phases      ] GC(234)   Other: 0.2ms
[232.830s][info][gc,heap        ] GC(234) Eden regions: 1228->0(1223)
[232.830s][info][gc,heap        ] GC(234) Survivor regions: 0->5(154)
[232.830s][info][gc,heap        ] GC(234) Old regions: 6->6
[232.830s][info][gc,heap        ] GC(234) Humongous regions: 0->0
[232.830s][info][gc,metaspace   ] GC(234) Metaspace: 9099K(9344K)->9099K(9344K) NonClass: 7935K(8064K)->7935K(8064K) Class: 1164K(1280K)->1164K(1280K)
[232.830s][info][gc             ] GC(234) Pause Young (Normal) (G1 Evacuation Pause) 2459M->12M(4096M) 5.281ms
[232.830s][info][gc,cpu         ] GC(234) User=0.00s Sys=0.00s Real=0.00s
[233.823s][info][gc,start       ] GC(235) Pause Young (Normal) (G1 Evacuation Pause)
[233.823s][info][gc,task        ] GC(235) Using 6 workers of 6 for evacuation
[233.831s][info][gc,phases      ] GC(235)   Pre Evacuate Collection Set: 0.4ms
[233.831s][info][gc,phases      ] GC(235)   Merge Heap Roots: 0.3ms
[233.831s][info][gc,phases      ] GC(235)   Evacuate Collection Set: 5.9ms
[233.831s][info][gc,phases      ] GC(235)   Post Evacuate Collection Set: 1.2ms
[233.831s][info][gc,phases      ] GC(235)   Other: 0.2ms
[233.831s][info][gc,heap        ] GC(235) Eden regions: 1223->0(1219)
[233.831s][info][gc,heap        ] GC(235) Survivor regions: 5->9(154)
[233.831s][info][gc,heap        ] GC(235) Old regions: 6->6
[233.831s][info][gc,heap        ] GC(235) Humongous regions: 0->0
[233.831s][info][gc,metaspace   ] GC(235) Metaspace: 9099K(9344K)->9099K(9344K) NonClass: 7935K(8064K)->7935K(8064K) Class: 1164K(1280K)->1164K(1280K)
[233.831s][info][gc             ] GC(235) Pause Young (Normal) (G1 Evacuation Pause) 2458M->20M(4096M) 8.151ms
[233.831s][info][gc,cpu         ] GC(235) User=0.02s Sys=0.00s Real=0.02s
[234.832s][info][gc,start       ] GC(236) Pause Full (System.gc())
[234.832s][info][gc,task        ] GC(236) Using 6 workers of 6 for full compaction
[234.833s][info][gc,phases,start] GC(236) Phase 1: Mark live objects
[234.835s][info][gc,phases      ] GC(236) Phase 1: Mark live objects 2.170ms
[234.835s][info][gc,phases,start] GC(236) Phase 2: Prepare compaction
[234.837s][info][gc,phases      ] GC(236) Phase 2: Prepare compaction 2.043ms
[234.837s][info][gc,phases,start] GC(236) Phase 3: Adjust pointers
[234.839s][info][gc,phases      ] GC(236) Phase 3: Adjust pointers 2.234ms
[234.839s][info][gc,phases,start] GC(236) Phase 4: Compact heap
[234.841s][info][gc,phases      ] GC(236) Phase 4: Compact heap 1.620ms
[234.841s][info][gc,phases,start] GC(236) Phase 5: Reset Metadata
[234.842s][info][gc,phases      ] GC(236) Phase 5: Reset Metadata 0.676ms
[234.850s][info][gc,heap        ] GC(236) Eden regions: 895->0(1228)
[234.850s][info][gc,heap        ] GC(236) Survivor regions: 9->0(154)
[234.850s][info][gc,heap        ] GC(236) Old regions: 6->6
[234.850s][info][gc,heap        ] GC(236) Humongous regions: 5->0
[234.850s][info][gc,metaspace   ] GC(236) Metaspace: 9099K(9344K)->9099K(9344K) NonClass: 7935K(8064K)->7935K(8064K) Class: 1164K(1280K)->1164K(1280K)
[234.850s][info][gc             ] GC(236) Pause Full (System.gc()) 1819M->3M(4096M) 17.932ms
[234.850s][info][gc,cpu         ] GC(236) User=0.02s Sys=0.00s Real=0.02s
[235.816s][info][gc,start       ] GC(237) Pause Young (Normal) (G1 Evacuation Pause)
[235.816s][info][gc,task        ] GC(237) Using 6 workers of 6 for evacuation
[235.821s][info][gc,phases      ] GC(237)   Pre Evacuate Collection Set: 0.5ms
[235.822s][info][gc,phases      ] GC(237)   Merge Heap Roots: 0.3ms
[235.822s][info][gc,phases      ] GC(237)   Evacuate Collection Set: 3.3ms
[235.822s][info][gc,phases      ] GC(237)   Post Evacuate Collection Set: 1.1ms
[235.822s][info][gc,phases      ] GC(237)   Other: 0.1ms
[235.822s][info][gc,heap        ] GC(237) Eden regions: 1228->0(1223)
[235.822s][info][gc,heap        ] GC(237) Survivor regions: 0->5(154)
[235.822s][info][gc,heap        ] GC(237) Old regions: 6->6
[235.822s][info][gc,heap        ] GC(237) Humongous regions: 0->0
[235.822s][info][gc,metaspace   ] GC(237) Metaspace: 9099K(9344K)->9099K(9344K) NonClass: 7935K(8064K)->7935K(8064K) Class: 1164K(1280K)->1164K(1280K)
[235.822s][info][gc             ] GC(237) Pause Young (Normal) (G1 Evacuation Pause) 2459M->12M(4096M) 5.497ms
[235.822s][info][gc,cpu         ] GC(237) User=0.00s Sys=0.00s Real=0.00s
[236.815s][info][gc,start       ] GC(238) Pause Young (Normal) (G1 Evacuation Pause)
[236.816s][info][gc,task        ] GC(238) Using 6 workers of 6 for evacuation
[236.823s][info][gc,phases      ] GC(238)   Pre Evacuate Collection Set: 0.4ms
[236.823s][info][gc,phases      ] GC(238)   Merge Heap Roots: 0.2ms
[236.823s][info][gc,phases      ] GC(238)   Evacuate Collection Set: 5.7ms
[236.823s][info][gc,phases      ] GC(238)   Post Evacuate Collection Set: 1.1ms
[236.823s][info][gc,phases      ] GC(238)   Other: 0.2ms
[236.823s][info][gc,heap        ] GC(238) Eden regions: 1223->0(1219)
[236.823s][info][gc,heap        ] GC(238) Survivor regions: 5->9(154)
[236.823s][info][gc,heap        ] GC(238) Old regions: 6->6
[236.823s][info][gc,heap        ] GC(238) Humongous regions: 0->0
[236.823s][info][gc,metaspace   ] GC(238) Metaspace: 9099K(9344K)->9099K(9344K) NonClass: 7935K(8064K)->7935K(8064K) Class: 1164K(1280K)->1164K(1280K)
[236.823s][info][gc             ] GC(238) Pause Young (Normal) (G1 Evacuation Pause) 2458M->21M(4096M) 7.972ms
[236.823s][info][gc,cpu         ] GC(238) User=0.00s Sys=0.00s Real=0.00s
[237.824s][info][gc,start       ] GC(239) Pause Full (System.gc())
[237.824s][info][gc,task        ] GC(239) Using 6 workers of 6 for full compaction
[237.824s][info][gc,phases,start] GC(239) Phase 1: Mark live objects
[237.826s][info][gc,phases      ] GC(239) Phase 1: Mark live objects 2.064ms
[237.826s][info][gc,phases,start] GC(239) Phase 2: Prepare compaction
[237.829s][info][gc,phases      ] GC(239) Phase 2: Prepare compaction 2.100ms
[237.829s][info][gc,phases,start] GC(239) Phase 3: Adjust pointers
[237.831s][info][gc,phases      ] GC(239) Phase 3: Adjust pointers 2.124ms
[237.831s][info][gc,phases,start] GC(239) Phase 4: Compact heap
[237.833s][info][gc,phases      ] GC(239) Phase 4: Compact heap 2.145ms
[237.833s][info][gc,phases,start] GC(239) Phase 5: Reset Metadata
[237.834s][info][gc,phases      ] GC(239) Phase 5: Reset Metadata 0.679ms
[237.842s][info][gc,heap        ] GC(239) Eden regions: 895->0(1228)
[237.842s][info][gc,heap        ] GC(239) Survivor regions: 9->0(154)
[237.842s][info][gc,heap        ] GC(239) Old regions: 6->6
[237.842s][info][gc,heap        ] GC(239) Humongous regions: 5->0
[237.842s][info][gc,metaspace   ] GC(239) Metaspace: 9099K(9344K)->9099K(9344K) NonClass: 7935K(8064K)->7935K(8064K) Class: 1164K(1280K)->1164K(1280K)
[237.842s][info][gc             ] GC(239) Pause Full (System.gc()) 1820M->3M(4096M) 18.326ms
[237.842s][info][gc,cpu         ] GC(239) User=0.02s Sys=0.00s Real=0.02s
[238.808s][info][gc,start       ] GC(240) Pause Young (Normal) (G1 Evacuation Pause)
[238.808s][info][gc,task        ] GC(240) Using 6 workers of 6 for evacuation
[238.814s][info][gc,phases      ] GC(240)   Pre Evacuate Collection Set: 0.4ms
[238.814s][info][gc,phases      ] GC(240)   Merge Heap Roots: 0.2ms
[238.814s][info][gc,phases      ] GC(240)   Evacuate Collection Set: 3.1ms
[238.814s][info][gc,phases      ] GC(240)   Post Evacuate Collection Set: 1.2ms
[238.814s][info][gc,phases      ] GC(240)   Other: 0.2ms
[238.814s][info][gc,heap        ] GC(240) Eden regions: 1228->0(1223)
[238.814s][info][gc,heap        ] GC(240) Survivor regions: 0->5(154)
[238.814s][info][gc,heap        ] GC(240) Old regions: 6->6
[238.814s][info][gc,heap        ] GC(240) Humongous regions: 0->0
[238.814s][info][gc,metaspace   ] GC(240) Metaspace: 9099K(9344K)->9099K(9344K) NonClass: 7935K(8064K)->7935K(8064K) Class: 1164K(1280K)->1164K(1280K)
[238.814s][info][gc             ] GC(240) Pause Young (Normal) (G1 Evacuation Pause) 2459M->13M(4096M) 5.327ms
[238.814s][info][gc,cpu         ] GC(240) User=0.00s Sys=0.00s Real=0.00s
[239.806s][info][gc,start       ] GC(241) Pause Young (Normal) (G1 Evacuation Pause)
[239.806s][info][gc,task        ] GC(241) Using 6 workers of 6 for evacuation
[239.814s][info][gc,phases      ] GC(241)   Pre Evacuate Collection Set: 0.4ms
[239.814s][info][gc,phases      ] GC(241)   Merge Heap Roots: 0.2ms
[239.814s][info][gc,phases      ] GC(241)   Evacuate Collection Set: 5.7ms
[239.814s][info][gc,phases      ] GC(241)   Post Evacuate Collection Set: 1.2ms
[239.814s][info][gc,phases      ] GC(241)   Other: 0.2ms
[239.814s][info][gc,heap        ] GC(241) Eden regions: 1223->0(1219)
[239.814s][info][gc,heap        ] GC(241) Survivor regions: 5->9(154)
[239.814s][info][gc,heap        ] GC(241) Old regions: 6->6
[239.814s][info][gc,heap        ] GC(241) Humongous regions: 0->0
[239.814s][info][gc,metaspace   ] GC(241) Metaspace: 9099K(9344K)->9099K(9344K) NonClass: 7935K(8064K)->7935K(8064K) Class: 1164K(1280K)->1164K(1280K)
[239.814s][info][gc             ] GC(241) Pause Young (Normal) (G1 Evacuation Pause) 2459M->20M(4096M) 7.864ms
[239.814s][info][gc,cpu         ] GC(241) User=0.02s Sys=0.00s Real=0.02s
[240.812s][info][gc,start       ] GC(242) Pause Full (System.gc())
[240.812s][info][gc,task        ] GC(242) Using 6 workers of 6 for full compaction
[240.813s][info][gc,phases,start] GC(242) Phase 1: Mark live objects
[240.815s][info][gc,phases      ] GC(242) Phase 1: Mark live objects 2.091ms
[240.815s][info][gc,phases,start] GC(242) Phase 2: Prepare compaction
[240.817s][info][gc,phases      ] GC(242) Phase 2: Prepare compaction 2.030ms
[240.817s][info][gc,phases,start] GC(242) Phase 3: Adjust pointers
[240.819s][info][gc,phases      ] GC(242) Phase 3: Adjust pointers 2.141ms
[240.819s][info][gc,phases,start] GC(242) Phase 4: Compact heap
[240.821s][info][gc,phases      ] GC(242) Phase 4: Compact heap 1.554ms
[240.821s][info][gc,phases,start] GC(242) Phase 5: Reset Metadata
[240.822s][info][gc,phases      ] GC(242) Phase 5: Reset Metadata 0.835ms
[240.830s][info][gc,heap        ] GC(242) Eden regions: 895->0(1228)
[240.830s][info][gc,heap        ] GC(242) Survivor regions: 9->0(154)
[240.830s][info][gc,heap        ] GC(242) Old regions: 6->6
[240.830s][info][gc,heap        ] GC(242) Humongous regions: 5->0
[240.830s][info][gc,metaspace   ] GC(242) Metaspace: 9099K(9344K)->9099K(9344K) NonClass: 7935K(8064K)->7935K(8064K) Class: 1164K(1280K)->1164K(1280K)
[240.830s][info][gc             ] GC(242) Pause Full (System.gc()) 1819M->3M(4096M) 18.002ms
[240.830s][info][gc,cpu         ] GC(242) User=0.02s Sys=0.00s Real=0.02s
[241.795s][info][gc,start       ] GC(243) Pause Young (Normal) (G1 Evacuation Pause)
[241.795s][info][gc,task        ] GC(243) Using 6 workers of 6 for evacuation
[241.800s][info][gc,phases      ] GC(243)   Pre Evacuate Collection Set: 0.6ms
[241.800s][info][gc,phases      ] GC(243)   Merge Heap Roots: 0.3ms
[241.800s][info][gc,phases      ] GC(243)   Evacuate Collection Set: 3.3ms
[241.800s][info][gc,phases      ] GC(243)   Post Evacuate Collection Set: 1.0ms
[241.800s][info][gc,phases      ] GC(243)   Other: 0.1ms
[241.800s][info][gc,heap        ] GC(243) Eden regions: 1228->0(1223)
[241.800s][info][gc,heap        ] GC(243) Survivor regions: 0->5(154)
[241.800s][info][gc,heap        ] GC(243) Old regions: 6->6
[241.800s][info][gc,heap        ] GC(243) Humongous regions: 0->0
[241.800s][info][gc,metaspace   ] GC(243) Metaspace: 9099K(9344K)->9099K(9344K) NonClass: 7935K(8064K)->7935K(8064K) Class: 1164K(1280K)->1164K(1280K)
[241.800s][info][gc             ] GC(243) Pause Young (Normal) (G1 Evacuation Pause) 2459M->12M(4096M) 5.554ms
[241.800s][info][gc,cpu         ] GC(243) User=0.00s Sys=0.00s Real=0.00s
[242.795s][info][gc,start       ] GC(244) Pause Young (Normal) (G1 Evacuation Pause)
[242.795s][info][gc,task        ] GC(244) Using 6 workers of 6 for evacuation
[242.803s][info][gc,phases      ] GC(244)   Pre Evacuate Collection Set: 0.5ms
[242.803s][info][gc,phases      ] GC(244)   Merge Heap Roots: 0.2ms
[242.803s][info][gc,phases      ] GC(244)   Evacuate Collection Set: 5.8ms
[242.803s][info][gc,phases      ] GC(244)   Post Evacuate Collection Set: 1.1ms
[242.803s][info][gc,phases      ] GC(244)   Other: 0.2ms
[242.803s][info][gc,heap        ] GC(244) Eden regions: 1223->0(1219)
[242.803s][info][gc,heap        ] GC(244) Survivor regions: 5->9(154)
[242.803s][info][gc,heap        ] GC(244) Old regions: 6->6
[242.803s][info][gc,heap        ] GC(244) Humongous regions: 0->0
[242.803s][info][gc,metaspace   ] GC(244) Metaspace: 9099K(9344K)->9099K(9344K) NonClass: 7935K(8064K)->7935K(8064K) Class: 1164K(1280K)->1164K(1280K)
[242.803s][info][gc             ] GC(244) Pause Young (Normal) (G1 Evacuation Pause) 2458M->20M(4096M) 8.101ms
[242.803s][info][gc,cpu         ] GC(244) User=0.00s Sys=0.00s Real=0.01s
[243.803s][info][gc,start       ] GC(245) Pause Full (System.gc())
[243.803s][info][gc,task        ] GC(245) Using 6 workers of 6 for full compaction
[243.803s][info][gc,phases,start] GC(245) Phase 1: Mark live objects
[243.805s][info][gc,phases      ] GC(245) Phase 1: Mark live objects 2.000ms
[243.805s][info][gc,phases,start] GC(245) Phase 2: Prepare compaction
[243.807s][info][gc,phases      ] GC(245) Phase 2: Prepare compaction 1.992ms
[243.807s][info][gc,phases,start] GC(245) Phase 3: Adjust pointers
[243.809s][info][gc,phases      ] GC(245) Phase 3: Adjust pointers 2.219ms
[243.809s][info][gc,phases,start] GC(245) Phase 4: Compact heap
[243.811s][info][gc,phases      ] GC(245) Phase 4: Compact heap 2.100ms
[243.811s][info][gc,phases,start] GC(245) Phase 5: Reset Metadata
[243.812s][info][gc,phases      ] GC(245) Phase 5: Reset Metadata 0.693ms
[243.821s][info][gc,heap        ] GC(245) Eden regions: 895->0(1228)
[243.821s][info][gc,heap        ] GC(245) Survivor regions: 9->0(154)
[243.821s][info][gc,heap        ] GC(245) Old regions: 6->6
[243.821s][info][gc,heap        ] GC(245) Humongous regions: 5->0
[243.821s][info][gc,metaspace   ] GC(245) Metaspace: 9099K(9344K)->9099K(9344K) NonClass: 7935K(8064K)->7935K(8064K) Class: 1164K(1280K)->1164K(1280K)
[243.821s][info][gc             ] GC(245) Pause Full (System.gc()) 1819M->3M(4096M) 18.248ms
[243.821s][info][gc,cpu         ] GC(245) User=0.02s Sys=0.00s Real=0.02s
[244.782s][info][gc,start       ] GC(246) Pause Young (Normal) (G1 Evacuation Pause)
[244.783s][info][gc,task        ] GC(246) Using 6 workers of 6 for evacuation
[244.788s][info][gc,phases      ] GC(246)   Pre Evacuate Collection Set: 0.4ms
[244.788s][info][gc,phases      ] GC(246)   Merge Heap Roots: 0.3ms
[244.788s][info][gc,phases      ] GC(246)   Evacuate Collection Set: 3.3ms
[244.788s][info][gc,phases      ] GC(246)   Post Evacuate Collection Set: 1.1ms
[244.788s][info][gc,phases      ] GC(246)   Other: 0.1ms
[244.788s][info][gc,heap        ] GC(246) Eden regions: 1228->0(1223)
[244.788s][info][gc,heap        ] GC(246) Survivor regions: 0->5(154)
[244.788s][info][gc,heap        ] GC(246) Old regions: 6->6
[244.788s][info][gc,heap        ] GC(246) Humongous regions: 0->0
[244.788s][info][gc,metaspace   ] GC(246) Metaspace: 9100K(9344K)->9100K(9344K) NonClass: 7936K(8064K)->7936K(8064K) Class: 1164K(1280K)->1164K(1280K)
[244.788s][info][gc             ] GC(246) Pause Young (Normal) (G1 Evacuation Pause) 2459M->12M(4096M) 5.458ms
[244.788s][info][gc,cpu         ] GC(246) User=0.00s Sys=0.00s Real=0.00s
[245.780s][info][gc,start       ] GC(247) Pause Young (Normal) (G1 Evacuation Pause)
[245.780s][info][gc,task        ] GC(247) Using 6 workers of 6 for evacuation
[245.788s][info][gc,phases      ] GC(247)   Pre Evacuate Collection Set: 0.3ms
[245.788s][info][gc,phases      ] GC(247)   Merge Heap Roots: 0.2ms
[245.788s][info][gc,phases      ] GC(247)   Evacuate Collection Set: 5.5ms
[245.788s][info][gc,phases      ] GC(247)   Post Evacuate Collection Set: 1.2ms
[245.788s][info][gc,phases      ] GC(247)   Other: 0.2ms
[245.788s][info][gc,heap        ] GC(247) Eden regions: 1223->0(1219)
[245.788s][info][gc,heap        ] GC(247) Survivor regions: 5->9(154)
[245.788s][info][gc,heap        ] GC(247) Old regions: 6->6
[245.788s][info][gc,heap        ] GC(247) Humongous regions: 0->0
[245.788s][info][gc,metaspace   ] GC(247) Metaspace: 9100K(9344K)->9100K(9344K) NonClass: 7936K(8064K)->7936K(8064K) Class: 1164K(1280K)->1164K(1280K)
[245.788s][info][gc             ] GC(247) Pause Young (Normal) (G1 Evacuation Pause) 2458M->20M(4096M) 7.613ms
[245.788s][info][gc,cpu         ] GC(247) User=0.00s Sys=0.00s Real=0.00s
[246.786s][info][gc,start       ] GC(248) Pause Full (System.gc())
[246.786s][info][gc,task        ] GC(248) Using 6 workers of 6 for full compaction
[246.786s][info][gc,phases,start] GC(248) Phase 1: Mark live objects
[246.789s][info][gc,phases      ] GC(248) Phase 1: Mark live objects 2.175ms
[246.789s][info][gc,phases,start] GC(248) Phase 2: Prepare compaction
[246.791s][info][gc,phases      ] GC(248) Phase 2: Prepare compaction 1.896ms
[246.791s][info][gc,phases,start] GC(248) Phase 3: Adjust pointers
[246.793s][info][gc,phases      ] GC(248) Phase 3: Adjust pointers 2.216ms
[246.793s][info][gc,phases,start] GC(248) Phase 4: Compact heap
[246.794s][info][gc,phases      ] GC(248) Phase 4: Compact heap 1.393ms
[246.794s][info][gc,phases,start] GC(248) Phase 5: Reset Metadata
[246.795s][info][gc,phases      ] GC(248) Phase 5: Reset Metadata 0.680ms
[246.804s][info][gc,heap        ] GC(248) Eden regions: 895->0(1228)
[246.804s][info][gc,heap        ] GC(248) Survivor regions: 9->0(154)
[246.804s][info][gc,heap        ] GC(248) Old regions: 6->6
[246.804s][info][gc,heap        ] GC(248) Humongous regions: 5->0
[246.804s][info][gc,metaspace   ] GC(248) Metaspace: 9100K(9344K)->9100K(9344K) NonClass: 7936K(8064K)->7936K(8064K) Class: 1164K(1280K)->1164K(1280K)
[246.804s][info][gc             ] GC(248) Pause Full (System.gc()) 1819M->3M(4096M) 17.813ms
[246.804s][info][gc,cpu         ] GC(248) User=0.02s Sys=0.00s Real=0.02s
[247.769s][info][gc,start       ] GC(249) Pause Young (Normal) (G1 Evacuation Pause)
[247.769s][info][gc,task        ] GC(249) Using 6 workers of 6 for evacuation
[247.774s][info][gc,phases      ] GC(249)   Pre Evacuate Collection Set: 0.4ms
[247.774s][info][gc,phases      ] GC(249)   Merge Heap Roots: 0.2ms
[247.774s][info][gc,phases      ] GC(249)   Evacuate Collection Set: 3.3ms
[247.774s][info][gc,phases      ] GC(249)   Post Evacuate Collection Set: 1.1ms
[247.774s][info][gc,phases      ] GC(249)   Other: 0.2ms
[247.774s][info][gc,heap        ] GC(249) Eden regions: 1228->0(1223)
[247.774s][info][gc,heap        ] GC(249) Survivor regions: 0->5(154)
[247.774s][info][gc,heap        ] GC(249) Old regions: 6->6
[247.774s][info][gc,heap        ] GC(249) Humongous regions: 0->0
[247.774s][info][gc,metaspace   ] GC(249) Metaspace: 9100K(9344K)->9100K(9344K) NonClass: 7936K(8064K)->7936K(8064K) Class: 1164K(1280K)->1164K(1280K)
[247.774s][info][gc             ] GC(249) Pause Young (Normal) (G1 Evacuation Pause) 2459M->13M(4096M) 5.476ms
[247.774s][info][gc,cpu         ] GC(249) User=0.00s Sys=0.00s Real=0.00s
[248.768s][info][gc,start       ] GC(250) Pause Young (Normal) (G1 Evacuation Pause)
[248.768s][info][gc,task        ] GC(250) Using 6 workers of 6 for evacuation
[248.776s][info][gc,phases      ] GC(250)   Pre Evacuate Collection Set: 0.4ms
[248.776s][info][gc,phases      ] GC(250)   Merge Heap Roots: 0.3ms
[248.776s][info][gc,phases      ] GC(250)   Evacuate Collection Set: 5.6ms
[248.776s][info][gc,phases      ] GC(250)   Post Evacuate Collection Set: 1.1ms
[248.776s][info][gc,phases      ] GC(250)   Other: 0.2ms
[248.776s][info][gc,heap        ] GC(250) Eden regions: 1223->0(1219)
[248.776s][info][gc,heap        ] GC(250) Survivor regions: 5->9(154)
[248.776s][info][gc,heap        ] GC(250) Old regions: 6->6
[248.776s][info][gc,heap        ] GC(250) Humongous regions: 0->0
[248.776s][info][gc,metaspace   ] GC(250) Metaspace: 9100K(9344K)->9100K(9344K) NonClass: 7936K(8064K)->7936K(8064K) Class: 1164K(1280K)->1164K(1280K)
[248.776s][info][gc             ] GC(250) Pause Young (Normal) (G1 Evacuation Pause) 2459M->21M(4096M) 7.788ms
[248.776s][info][gc,cpu         ] GC(250) User=0.00s Sys=0.00s Real=0.00s
[249.775s][info][gc,start       ] GC(251) Pause Full (System.gc())
[249.775s][info][gc,task        ] GC(251) Using 6 workers of 6 for full compaction
[249.775s][info][gc,phases,start] GC(251) Phase 1: Mark live objects
[249.777s][info][gc,phases      ] GC(251) Phase 1: Mark live objects 2.079ms
[249.777s][info][gc,phases,start] GC(251) Phase 2: Prepare compaction
[249.779s][info][gc,phases      ] GC(251) Phase 2: Prepare compaction 2.060ms
[249.779s][info][gc,phases,start] GC(251) Phase 3: Adjust pointers
[249.781s][info][gc,phases      ] GC(251) Phase 3: Adjust pointers 2.014ms
[249.781s][info][gc,phases,start] GC(251) Phase 4: Compact heap
[249.783s][info][gc,phases      ] GC(251) Phase 4: Compact heap 1.595ms
[249.783s][info][gc,phases,start] GC(251) Phase 5: Reset Metadata
[249.784s][info][gc,phases      ] GC(251) Phase 5: Reset Metadata 1.084ms
[249.793s][info][gc,heap        ] GC(251) Eden regions: 895->0(1228)
[249.793s][info][gc,heap        ] GC(251) Survivor regions: 9->0(154)
[249.793s][info][gc,heap        ] GC(251) Old regions: 6->6
[249.793s][info][gc,heap        ] GC(251) Humongous regions: 5->0
[249.793s][info][gc,metaspace   ] GC(251) Metaspace: 9100K(9344K)->9100K(9344K) NonClass: 7936K(8064K)->7936K(8064K) Class: 1164K(1280K)->1164K(1280K)
[249.793s][info][gc             ] GC(251) Pause Full (System.gc()) 1820M->3M(4096M) 18.422ms
[249.793s][info][gc,cpu         ] GC(251) User=0.00s Sys=0.00s Real=0.02s
[250.756s][info][gc,start       ] GC(252) Pause Young (Normal) (G1 Evacuation Pause)
[250.756s][info][gc,task        ] GC(252) Using 6 workers of 6 for evacuation
[250.761s][info][gc,phases      ] GC(252)   Pre Evacuate Collection Set: 0.3ms
[250.761s][info][gc,phases      ] GC(252)   Merge Heap Roots: 0.2ms
[250.761s][info][gc,phases      ] GC(252)   Evacuate Collection Set: 3.3ms
[250.761s][info][gc,phases      ] GC(252)   Post Evacuate Collection Set: 1.1ms
[250.761s][info][gc,phases      ] GC(252)   Other: 0.2ms
[250.761s][info][gc,heap        ] GC(252) Eden regions: 1228->0(1223)
[250.761s][info][gc,heap        ] GC(252) Survivor regions: 0->5(154)
[250.761s][info][gc,heap        ] GC(252) Old regions: 6->6
[250.761s][info][gc,heap        ] GC(252) Humongous regions: 0->0
[250.761s][info][gc,metaspace   ] GC(252) Metaspace: 9100K(9344K)->9100K(9344K) NonClass: 7936K(8064K)->7936K(8064K) Class: 1164K(1280K)->1164K(1280K)
[250.761s][info][gc             ] GC(252) Pause Young (Normal) (G1 Evacuation Pause) 2459M->12M(4096M) 5.335ms
[250.761s][info][gc,cpu         ] GC(252) User=0.00s Sys=0.00s Real=0.02s
[251.757s][info][gc,start       ] GC(253) Pause Young (Normal) (G1 Evacuation Pause)
[251.757s][info][gc,task        ] GC(253) Using 6 workers of 6 for evacuation
[251.765s][info][gc,phases      ] GC(253)   Pre Evacuate Collection Set: 0.4ms
[251.765s][info][gc,phases      ] GC(253)   Merge Heap Roots: 0.2ms
[251.765s][info][gc,phases      ] GC(253)   Evacuate Collection Set: 5.8ms
[251.765s][info][gc,phases      ] GC(253)   Post Evacuate Collection Set: 1.1ms
[251.765s][info][gc,phases      ] GC(253)   Other: 0.2ms
[251.765s][info][gc,heap        ] GC(253) Eden regions: 1223->0(1219)
[251.765s][info][gc,heap        ] GC(253) Survivor regions: 5->9(154)
[251.765s][info][gc,heap        ] GC(253) Old regions: 6->6
[251.765s][info][gc,heap        ] GC(253) Humongous regions: 0->0
[251.765s][info][gc,metaspace   ] GC(253) Metaspace: 9100K(9344K)->9100K(9344K) NonClass: 7936K(8064K)->7936K(8064K) Class: 1164K(1280K)->1164K(1280K)
[251.765s][info][gc             ] GC(253) Pause Young (Normal) (G1 Evacuation Pause) 2458M->20M(4096M) 8.062ms
[251.765s][info][gc,cpu         ] GC(253) User=0.02s Sys=0.00s Real=0.02s
[252.764s][info][gc,start       ] GC(254) Pause Full (System.gc())
[252.764s][info][gc,task        ] GC(254) Using 6 workers of 6 for full compaction
[252.764s][info][gc,phases,start] GC(254) Phase 1: Mark live objects
[252.767s][info][gc,phases      ] GC(254) Phase 1: Mark live objects 2.213ms
[252.767s][info][gc,phases,start] GC(254) Phase 2: Prepare compaction
[252.768s][info][gc,phases      ] GC(254) Phase 2: Prepare compaction 1.872ms
[252.769s][info][gc,phases,start] GC(254) Phase 3: Adjust pointers
[252.771s][info][gc,phases      ] GC(254) Phase 3: Adjust pointers 2.145ms
[252.771s][info][gc,phases,start] GC(254) Phase 4: Compact heap
[252.773s][info][gc,phases      ] GC(254) Phase 4: Compact heap 2.253ms
[252.773s][info][gc,phases,start] GC(254) Phase 5: Reset Metadata
[252.774s][info][gc,phases      ] GC(254) Phase 5: Reset Metadata 0.676ms
[252.782s][info][gc,heap        ] GC(254) Eden regions: 895->0(1228)
[252.782s][info][gc,heap        ] GC(254) Survivor regions: 9->0(154)
[252.782s][info][gc,heap        ] GC(254) Old regions: 6->6
[252.782s][info][gc,heap        ] GC(254) Humongous regions: 5->0
[252.782s][info][gc,metaspace   ] GC(254) Metaspace: 9100K(9344K)->9100K(9344K) NonClass: 7936K(8064K)->7936K(8064K) Class: 1164K(1280K)->1164K(1280K)
[252.782s][info][gc             ] GC(254) Pause Full (System.gc()) 1819M->3M(4096M) 18.382ms
[252.782s][info][gc,cpu         ] GC(254) User=0.02s Sys=0.00s Real=0.03s
[253.747s][info][gc,start       ] GC(255) Pause Young (Normal) (G1 Evacuation Pause)
[253.747s][info][gc,task        ] GC(255) Using 6 workers of 6 for evacuation
[253.752s][info][gc,phases      ] GC(255)   Pre Evacuate Collection Set: 0.5ms
[253.752s][info][gc,phases      ] GC(255)   Merge Heap Roots: 0.2ms
[253.752s][info][gc,phases      ] GC(255)   Evacuate Collection Set: 3.2ms
[253.752s][info][gc,phases      ] GC(255)   Post Evacuate Collection Set: 1.2ms
[253.752s][info][gc,phases      ] GC(255)   Other: 0.2ms
[253.752s][info][gc,heap        ] GC(255) Eden regions: 1228->0(1223)
[253.752s][info][gc,heap        ] GC(255) Survivor regions: 0->5(154)
[253.752s][info][gc,heap        ] GC(255) Old regions: 6->6
[253.752s][info][gc,heap        ] GC(255) Humongous regions: 0->0
[253.752s][info][gc,metaspace   ] GC(255) Metaspace: 9100K(9344K)->9100K(9344K) NonClass: 7936K(8064K)->7936K(8064K) Class: 1164K(1280K)->1164K(1280K)
[253.753s][info][gc             ] GC(255) Pause Young (Normal) (G1 Evacuation Pause) 2459M->12M(4096M) 5.504ms
[253.753s][info][gc,cpu         ] GC(255) User=0.00s Sys=0.00s Real=0.00s
[254.746s][info][gc,start       ] GC(256) Pause Young (Normal) (G1 Evacuation Pause)
[254.746s][info][gc,task        ] GC(256) Using 6 workers of 6 for evacuation
[254.754s][info][gc,phases      ] GC(256)   Pre Evacuate Collection Set: 0.6ms
[254.754s][info][gc,phases      ] GC(256)   Merge Heap Roots: 0.2ms
[254.754s][info][gc,phases      ] GC(256)   Evacuate Collection Set: 5.5ms
[254.754s][info][gc,phases      ] GC(256)   Post Evacuate Collection Set: 1.3ms
[254.754s][info][gc,phases      ] GC(256)   Other: 0.3ms
[254.754s][info][gc,heap        ] GC(256) Eden regions: 1223->0(1219)
[254.754s][info][gc,heap        ] GC(256) Survivor regions: 5->9(154)
[254.754s][info][gc,heap        ] GC(256) Old regions: 6->6
[254.754s][info][gc,heap        ] GC(256) Humongous regions: 0->0
[254.754s][info][gc,metaspace   ] GC(256) Metaspace: 9100K(9344K)->9100K(9344K) NonClass: 7936K(8064K)->7936K(8064K) Class: 1164K(1280K)->1164K(1280K)
[254.754s][info][gc             ] GC(256) Pause Young (Normal) (G1 Evacuation Pause) 2458M->21M(4096M) 8.067ms
[254.754s][info][gc,cpu         ] GC(256) User=0.00s Sys=0.00s Real=0.00s
[255.754s][info][gc,start       ] GC(257) Pause Full (System.gc())
[255.754s][info][gc,task        ] GC(257) Using 6 workers of 6 for full compaction
[255.754s][info][gc,phases,start] GC(257) Phase 1: Mark live objects
[255.756s][info][gc,phases      ] GC(257) Phase 1: Mark live objects 1.781ms
[255.756s][info][gc,phases,start] GC(257) Phase 2: Prepare compaction
[255.758s][info][gc,phases      ] GC(257) Phase 2: Prepare compaction 1.478ms
[255.758s][info][gc,phases,start] GC(257) Phase 3: Adjust pointers
[255.760s][info][gc,phases      ] GC(257) Phase 3: Adjust pointers 2.422ms
[255.760s][info][gc,phases,start] GC(257) Phase 4: Compact heap
[255.762s][info][gc,phases      ] GC(257) Phase 4: Compact heap 1.773ms
[255.762s][info][gc,phases,start] GC(257) Phase 5: Reset Metadata
[255.763s][info][gc,phases      ] GC(257) Phase 5: Reset Metadata 1.014ms
[255.772s][info][gc,heap        ] GC(257) Eden regions: 895->0(1228)
[255.772s][info][gc,heap        ] GC(257) Survivor regions: 9->0(154)
[255.772s][info][gc,heap        ] GC(257) Old regions: 6->6
[255.772s][info][gc,heap        ] GC(257) Humongous regions: 5->0
[255.772s][info][gc,metaspace   ] GC(257) Metaspace: 9105K(9344K)->9105K(9344K) NonClass: 7941K(8064K)->7941K(8064K) Class: 1164K(1280K)->1164K(1280K)
[255.772s][info][gc             ] GC(257) Pause Full (System.gc()) 1820M->3M(4096M) 18.128ms
[255.772s][info][gc,cpu         ] GC(257) User=0.02s Sys=0.00s Real=0.01s
[256.737s][info][gc,start       ] GC(258) Pause Young (Normal) (G1 Evacuation Pause)
[256.737s][info][gc,task        ] GC(258) Using 6 workers of 6 for evacuation
[256.742s][info][gc,phases      ] GC(258)   Pre Evacuate Collection Set: 0.5ms
[256.742s][info][gc,phases      ] GC(258)   Merge Heap Roots: 0.3ms
[256.742s][info][gc,phases      ] GC(258)   Evacuate Collection Set: 3.5ms
[256.742s][info][gc,phases      ] GC(258)   Post Evacuate Collection Set: 1.0ms
[256.742s][info][gc,phases      ] GC(258)   Other: 0.1ms
[256.742s][info][gc,heap        ] GC(258) Eden regions: 1228->0(1223)
[256.742s][info][gc,heap        ] GC(258) Survivor regions: 0->5(154)
[256.742s][info][gc,heap        ] GC(258) Old regions: 6->6
[256.742s][info][gc,heap        ] GC(258) Humongous regions: 0->0
[256.742s][info][gc,metaspace   ] GC(258) Metaspace: 9106K(9344K)->9106K(9344K) NonClass: 7942K(8064K)->7942K(8064K) Class: 1164K(1280K)->1164K(1280K)
[256.742s][info][gc             ] GC(258) Pause Young (Normal) (G1 Evacuation Pause) 2459M->12M(4096M) 5.640ms
[256.742s][info][gc,cpu         ] GC(258) User=0.02s Sys=0.00s Real=0.02s
[257.737s][info][gc,start       ] GC(259) Pause Young (Normal) (G1 Evacuation Pause)
[257.737s][info][gc,task        ] GC(259) Using 6 workers of 6 for evacuation
[257.745s][info][gc,phases      ] GC(259)   Pre Evacuate Collection Set: 0.4ms
[257.745s][info][gc,phases      ] GC(259)   Merge Heap Roots: 0.2ms
[257.745s][info][gc,phases      ] GC(259)   Evacuate Collection Set: 5.6ms
[257.745s][info][gc,phases      ] GC(259)   Post Evacuate Collection Set: 1.2ms
[257.745s][info][gc,phases      ] GC(259)   Other: 0.2ms
[257.745s][info][gc,heap        ] GC(259) Eden regions: 1223->0(1219)
[257.745s][info][gc,heap        ] GC(259) Survivor regions: 5->9(154)
[257.745s][info][gc,heap        ] GC(259) Old regions: 6->6
[257.745s][info][gc,heap        ] GC(259) Humongous regions: 0->0
[257.745s][info][gc,metaspace   ] GC(259) Metaspace: 9106K(9344K)->9106K(9344K) NonClass: 7942K(8064K)->7942K(8064K) Class: 1164K(1280K)->1164K(1280K)
[257.745s][info][gc             ] GC(259) Pause Young (Normal) (G1 Evacuation Pause) 2458M->21M(4096M) 7.893ms
[257.745s][info][gc,cpu         ] GC(259) User=0.02s Sys=0.00s Real=0.02s
[258.743s][info][gc,start       ] GC(260) Pause Full (System.gc())
[258.744s][info][gc,task        ] GC(260) Using 6 workers of 6 for full compaction
[258.744s][info][gc,phases,start] GC(260) Phase 1: Mark live objects
[258.746s][info][gc,phases      ] GC(260) Phase 1: Mark live objects 2.257ms
[258.746s][info][gc,phases,start] GC(260) Phase 2: Prepare compaction
[258.748s][info][gc,phases      ] GC(260) Phase 2: Prepare compaction 1.880ms
[258.748s][info][gc,phases,start] GC(260) Phase 3: Adjust pointers
[258.750s][info][gc,phases      ] GC(260) Phase 3: Adjust pointers 2.181ms
[258.750s][info][gc,phases,start] GC(260) Phase 4: Compact heap
[258.752s][info][gc,phases      ] GC(260) Phase 4: Compact heap 1.443ms
[258.752s][info][gc,phases,start] GC(260) Phase 5: Reset Metadata
[258.753s][info][gc,phases      ] GC(260) Phase 5: Reset Metadata 0.782ms
[258.761s][info][gc,heap        ] GC(260) Eden regions: 895->0(1228)
[258.761s][info][gc,heap        ] GC(260) Survivor regions: 9->0(154)
[258.761s][info][gc,heap        ] GC(260) Old regions: 6->6
[258.761s][info][gc,heap        ] GC(260) Humongous regions: 5->0
[258.761s][info][gc,metaspace   ] GC(260) Metaspace: 9107K(9344K)->9107K(9344K) NonClass: 7942K(8064K)->7942K(8064K) Class: 1164K(1280K)->1164K(1280K)
[258.761s][info][gc             ] GC(260) Pause Full (System.gc()) 1820M->3M(4096M) 17.771ms
[258.761s][info][gc,cpu         ] GC(260) User=0.03s Sys=0.00s Real=0.03s
[259.727s][info][gc,start       ] GC(261) Pause Young (Normal) (G1 Evacuation Pause)
[259.727s][info][gc,task        ] GC(261) Using 6 workers of 6 for evacuation
[259.733s][info][gc,phases      ] GC(261)   Pre Evacuate Collection Set: 0.4ms
[259.733s][info][gc,phases      ] GC(261)   Merge Heap Roots: 0.2ms
[259.733s][info][gc,phases      ] GC(261)   Evacuate Collection Set: 3.2ms
[259.733s][info][gc,phases      ] GC(261)   Post Evacuate Collection Set: 1.2ms
[259.733s][info][gc,phases      ] GC(261)   Other: 0.2ms
[259.733s][info][gc,heap        ] GC(261) Eden regions: 1228->0(1223)
[259.733s][info][gc,heap        ] GC(261) Survivor regions: 0->5(154)
[259.733s][info][gc,heap        ] GC(261) Old regions: 6->6
[259.733s][info][gc,heap        ] GC(261) Humongous regions: 0->0
[259.733s][info][gc,metaspace   ] GC(261) Metaspace: 9107K(9344K)->9107K(9344K) NonClass: 7942K(8064K)->7942K(8064K) Class: 1164K(1280K)->1164K(1280K)
[259.733s][info][gc             ] GC(261) Pause Young (Normal) (G1 Evacuation Pause) 2459M->12M(4096M) 5.383ms
[259.733s][info][gc,cpu         ] GC(261) User=0.00s Sys=0.00s Real=0.00s
[260.728s][info][gc,start       ] GC(262) Pause Young (Normal) (G1 Evacuation Pause)
[260.728s][info][gc,task        ] GC(262) Using 6 workers of 6 for evacuation
[260.735s][info][gc,phases      ] GC(262)   Pre Evacuate Collection Set: 0.3ms
[260.735s][info][gc,phases      ] GC(262)   Merge Heap Roots: 0.2ms
[260.735s][info][gc,phases      ] GC(262)   Evacuate Collection Set: 5.4ms
[260.735s][info][gc,phases      ] GC(262)   Post Evacuate Collection Set: 1.2ms
[260.735s][info][gc,phases      ] GC(262)   Other: 0.2ms
[260.735s][info][gc,heap        ] GC(262) Eden regions: 1223->0(1219)
[260.735s][info][gc,heap        ] GC(262) Survivor regions: 5->9(154)
[260.735s][info][gc,heap        ] GC(262) Old regions: 6->6
[260.735s][info][gc,heap        ] GC(262) Humongous regions: 0->0
[260.735s][info][gc,metaspace   ] GC(262) Metaspace: 9107K(9344K)->9107K(9344K) NonClass: 7942K(8064K)->7942K(8064K) Class: 1164K(1280K)->1164K(1280K)
[260.735s][info][gc             ] GC(262) Pause Young (Normal) (G1 Evacuation Pause) 2458M->19M(4096M) 7.517ms
[260.735s][info][gc,cpu         ] GC(262) User=0.00s Sys=0.00s Real=0.00s
[261.735s][info][gc,start       ] GC(263) Pause Full (System.gc())
[261.735s][info][gc,task        ] GC(263) Using 6 workers of 6 for full compaction
[261.735s][info][gc,phases,start] GC(263) Phase 1: Mark live objects
[261.737s][info][gc,phases      ] GC(263) Phase 1: Mark live objects 1.981ms
[261.737s][info][gc,phases,start] GC(263) Phase 2: Prepare compaction
[261.739s][info][gc,phases      ] GC(263) Phase 2: Prepare compaction 2.035ms
[261.739s][info][gc,phases,start] GC(263) Phase 3: Adjust pointers
[261.741s][info][gc,phases      ] GC(263) Phase 3: Adjust pointers 2.044ms
[261.741s][info][gc,phases,start] GC(263) Phase 4: Compact heap
[261.743s][info][gc,phases      ] GC(263) Phase 4: Compact heap 1.950ms
[261.743s][info][gc,phases,start] GC(263) Phase 5: Reset Metadata
[261.744s][info][gc,phases      ] GC(263) Phase 5: Reset Metadata 0.842ms
[261.753s][info][gc,heap        ] GC(263) Eden regions: 895->0(1228)
[261.753s][info][gc,heap        ] GC(263) Survivor regions: 9->0(154)
[261.753s][info][gc,heap        ] GC(263) Old regions: 6->6
[261.753s][info][gc,heap        ] GC(263) Humongous regions: 5->0
[261.753s][info][gc,metaspace   ] GC(263) Metaspace: 9107K(9344K)->9107K(9344K) NonClass: 7942K(8064K)->7942K(8064K) Class: 1164K(1280K)->1164K(1280K)
[261.753s][info][gc             ] GC(263) Pause Full (System.gc()) 1818M->3M(4096M) 18.107ms
[261.753s][info][gc,cpu         ] GC(263) User=0.02s Sys=0.00s Real=0.02s
[262.716s][info][gc,start       ] GC(264) Pause Young (Normal) (G1 Evacuation Pause)
[262.717s][info][gc,task        ] GC(264) Using 6 workers of 6 for evacuation
[262.722s][info][gc,phases      ] GC(264)   Pre Evacuate Collection Set: 0.4ms
[262.722s][info][gc,phases      ] GC(264)   Merge Heap Roots: 0.3ms
[262.722s][info][gc,phases      ] GC(264)   Evacuate Collection Set: 3.4ms
[262.722s][info][gc,phases      ] GC(264)   Post Evacuate Collection Set: 1.0ms
[262.722s][info][gc,phases      ] GC(264)   Other: 0.2ms
[262.722s][info][gc,heap        ] GC(264) Eden regions: 1228->0(1223)
[262.722s][info][gc,heap        ] GC(264) Survivor regions: 0->5(154)
[262.722s][info][gc,heap        ] GC(264) Old regions: 6->6
[262.722s][info][gc,heap        ] GC(264) Humongous regions: 0->0
[262.722s][info][gc,metaspace   ] GC(264) Metaspace: 9107K(9344K)->9107K(9344K) NonClass: 7942K(8064K)->7942K(8064K) Class: 1164K(1280K)->1164K(1280K)
[262.722s][info][gc             ] GC(264) Pause Young (Normal) (G1 Evacuation Pause) 2459M->12M(4096M) 5.601ms
[262.722s][info][gc,cpu         ] GC(264) User=0.02s Sys=0.00s Real=0.02s
[263.717s][info][gc,start       ] GC(265) Pause Young (Normal) (G1 Evacuation Pause)
[263.717s][info][gc,task        ] GC(265) Using 6 workers of 6 for evacuation
[263.725s][info][gc,phases      ] GC(265)   Pre Evacuate Collection Set: 0.6ms
[263.725s][info][gc,phases      ] GC(265)   Merge Heap Roots: 0.2ms
[263.725s][info][gc,phases      ] GC(265)   Evacuate Collection Set: 5.8ms
[263.725s][info][gc,phases      ] GC(265)   Post Evacuate Collection Set: 1.3ms
[263.725s][info][gc,phases      ] GC(265)   Other: 0.2ms
[263.725s][info][gc,heap        ] GC(265) Eden regions: 1223->0(1219)
[263.725s][info][gc,heap        ] GC(265) Survivor regions: 5->9(154)
[263.725s][info][gc,heap        ] GC(265) Old regions: 6->6
[263.725s][info][gc,heap        ] GC(265) Humongous regions: 0->0
[263.725s][info][gc,metaspace   ] GC(265) Metaspace: 9107K(9344K)->9107K(9344K) NonClass: 7942K(8064K)->7942K(8064K) Class: 1164K(1280K)->1164K(1280K)
[263.725s][info][gc             ] GC(265) Pause Young (Normal) (G1 Evacuation Pause) 2458M->20M(4096M) 8.278ms
[263.725s][info][gc,cpu         ] GC(265) User=0.00s Sys=0.00s Real=0.02s
[264.726s][info][gc,start       ] GC(266) Pause Full (System.gc())
[264.726s][info][gc,task        ] GC(266) Using 6 workers of 6 for full compaction
[264.726s][info][gc,phases,start] GC(266) Phase 1: Mark live objects
[264.728s][info][gc,phases      ] GC(266) Phase 1: Mark live objects 1.945ms
[264.728s][info][gc,phases,start] GC(266) Phase 2: Prepare compaction
[264.731s][info][gc,phases      ] GC(266) Phase 2: Prepare compaction 2.143ms
[264.731s][info][gc,phases,start] GC(266) Phase 3: Adjust pointers
[264.733s][info][gc,phases      ] GC(266) Phase 3: Adjust pointers 2.005ms
[264.733s][info][gc,phases,start] GC(266) Phase 4: Compact heap
[264.734s][info][gc,phases      ] GC(266) Phase 4: Compact heap 1.537ms
[264.734s][info][gc,phases,start] GC(266) Phase 5: Reset Metadata
[264.735s][info][gc,phases      ] GC(266) Phase 5: Reset Metadata 0.800ms
[264.744s][info][gc,heap        ] GC(266) Eden regions: 895->0(1228)
[264.744s][info][gc,heap        ] GC(266) Survivor regions: 9->0(154)
[264.744s][info][gc,heap        ] GC(266) Old regions: 6->6
[264.744s][info][gc,heap        ] GC(266) Humongous regions: 5->0
[264.744s][info][gc,metaspace   ] GC(266) Metaspace: 9107K(9344K)->9107K(9344K) NonClass: 7942K(8064K)->7942K(8064K) Class: 1164K(1280K)->1164K(1280K)
[264.744s][info][gc             ] GC(266) Pause Full (System.gc()) 1819M->3M(4096M) 17.660ms
[264.744s][info][gc,cpu         ] GC(266) User=0.00s Sys=0.00s Real=0.02s
[265.719s][info][gc,start       ] GC(267) Pause Young (Normal) (G1 Evacuation Pause)
[265.719s][info][gc,task        ] GC(267) Using 6 workers of 6 for evacuation
[265.724s][info][gc,phases      ] GC(267)   Pre Evacuate Collection Set: 0.4ms
[265.724s][info][gc,phases      ] GC(267)   Merge Heap Roots: 0.2ms
[265.724s][info][gc,phases      ] GC(267)   Evacuate Collection Set: 3.3ms
[265.724s][info][gc,phases      ] GC(267)   Post Evacuate Collection Set: 1.3ms
[265.724s][info][gc,phases      ] GC(267)   Other: 0.2ms
[265.724s][info][gc,heap        ] GC(267) Eden regions: 1228->0(1223)
[265.724s][info][gc,heap        ] GC(267) Survivor regions: 0->5(154)
[265.724s][info][gc,heap        ] GC(267) Old regions: 6->6
[265.724s][info][gc,heap        ] GC(267) Humongous regions: 0->0
[265.724s][info][gc,metaspace   ] GC(267) Metaspace: 9107K(9344K)->9107K(9344K) NonClass: 7942K(8064K)->7942K(8064K) Class: 1164K(1280K)->1164K(1280K)
[265.724s][info][gc             ] GC(267) Pause Young (Normal) (G1 Evacuation Pause) 2459M->13M(4096M) 5.699ms
[265.724s][info][gc,cpu         ] GC(267) User=0.03s Sys=0.00s Real=0.02s
[266.721s][info][gc,start       ] GC(268) Pause Young (Normal) (G1 Evacuation Pause)
[266.721s][info][gc,task        ] GC(268) Using 6 workers of 6 for evacuation
[266.729s][info][gc,phases      ] GC(268)   Pre Evacuate Collection Set: 0.4ms
[266.729s][info][gc,phases      ] GC(268)   Merge Heap Roots: 0.2ms
[266.729s][info][gc,phases      ] GC(268)   Evacuate Collection Set: 5.7ms
[266.729s][info][gc,phases      ] GC(268)   Post Evacuate Collection Set: 1.1ms
[266.729s][info][gc,phases      ] GC(268)   Other: 0.2ms
[266.729s][info][gc,heap        ] GC(268) Eden regions: 1223->0(1219)
[266.729s][info][gc,heap        ] GC(268) Survivor regions: 5->9(154)
[266.729s][info][gc,heap        ] GC(268) Old regions: 6->6
[266.729s][info][gc,heap        ] GC(268) Humongous regions: 0->0
[266.729s][info][gc,metaspace   ] GC(268) Metaspace: 9107K(9344K)->9107K(9344K) NonClass: 7942K(8064K)->7942K(8064K) Class: 1164K(1280K)->1164K(1280K)
[266.729s][info][gc             ] GC(268) Pause Young (Normal) (G1 Evacuation Pause) 2459M->19M(4096M) 7.854ms
[266.729s][info][gc,cpu         ] GC(268) User=0.02s Sys=0.00s Real=0.02s
[267.731s][info][gc,start       ] GC(269) Pause Full (System.gc())
[267.731s][info][gc,task        ] GC(269) Using 6 workers of 6 for full compaction
[267.731s][info][gc,phases,start] GC(269) Phase 1: Mark live objects
[267.733s][info][gc,phases      ] GC(269) Phase 1: Mark live objects 2.225ms
[267.733s][info][gc,phases,start] GC(269) Phase 2: Prepare compaction
[267.735s][info][gc,phases      ] GC(269) Phase 2: Prepare compaction 1.875ms
[267.735s][info][gc,phases,start] GC(269) Phase 3: Adjust pointers
[267.738s][info][gc,phases      ] GC(269) Phase 3: Adjust pointers 2.440ms
[267.738s][info][gc,phases,start] GC(269) Phase 4: Compact heap
[267.739s][info][gc,phases      ] GC(269) Phase 4: Compact heap 1.797ms
[267.739s][info][gc,phases,start] GC(269) Phase 5: Reset Metadata
[267.740s][info][gc,phases      ] GC(269) Phase 5: Reset Metadata 0.682ms
[267.749s][info][gc,heap        ] GC(269) Eden regions: 895->0(1228)
[267.749s][info][gc,heap        ] GC(269) Survivor regions: 9->0(154)
[267.749s][info][gc,heap        ] GC(269) Old regions: 6->6
[267.749s][info][gc,heap        ] GC(269) Humongous regions: 5->0
[267.749s][info][gc,metaspace   ] GC(269) Metaspace: 9107K(9344K)->9107K(9344K) NonClass: 7942K(8064K)->7942K(8064K) Class: 1164K(1280K)->1164K(1280K)
[267.749s][info][gc             ] GC(269) Pause Full (System.gc()) 1818M->3M(4096M) 18.201ms
[267.749s][info][gc,cpu         ] GC(269) User=0.02s Sys=0.00s Real=0.02s
[268.713s][info][gc,start       ] GC(270) Pause Young (Normal) (G1 Evacuation Pause)
[268.713s][info][gc,task        ] GC(270) Using 6 workers of 6 for evacuation
[268.719s][info][gc,phases      ] GC(270)   Pre Evacuate Collection Set: 0.5ms
[268.719s][info][gc,phases      ] GC(270)   Merge Heap Roots: 0.2ms
[268.719s][info][gc,phases      ] GC(270)   Evacuate Collection Set: 3.4ms
[268.719s][info][gc,phases      ] GC(270)   Post Evacuate Collection Set: 1.3ms
[268.719s][info][gc,phases      ] GC(270)   Other: 0.2ms
[268.719s][info][gc,heap        ] GC(270) Eden regions: 1228->0(1223)
[268.719s][info][gc,heap        ] GC(270) Survivor regions: 0->5(154)
[268.719s][info][gc,heap        ] GC(270) Old regions: 6->6
[268.719s][info][gc,heap        ] GC(270) Humongous regions: 0->0
[268.719s][info][gc,metaspace   ] GC(270) Metaspace: 9109K(9344K)->9109K(9344K) NonClass: 7945K(8064K)->7945K(8064K) Class: 1164K(1280K)->1164K(1280K)
[268.719s][info][gc             ] GC(270) Pause Young (Normal) (G1 Evacuation Pause) 2459M->12M(4096M) 5.839ms
[268.719s][info][gc,cpu         ] GC(270) User=0.02s Sys=0.00s Real=0.02s
[269.714s][info][gc,start       ] GC(271) Pause Young (Normal) (G1 Evacuation Pause)
[269.714s][info][gc,task        ] GC(271) Using 6 workers of 6 for evacuation
[269.722s][info][gc,phases      ] GC(271)   Pre Evacuate Collection Set: 0.5ms
[269.722s][info][gc,phases      ] GC(271)   Merge Heap Roots: 0.3ms
[269.722s][info][gc,phases      ] GC(271)   Evacuate Collection Set: 5.5ms
[269.722s][info][gc,phases      ] GC(271)   Post Evacuate Collection Set: 1.2ms
[269.722s][info][gc,phases      ] GC(271)   Other: 0.2ms
[269.722s][info][gc,heap        ] GC(271) Eden regions: 1223->0(1219)
[269.722s][info][gc,heap        ] GC(271) Survivor regions: 5->9(154)
[269.722s][info][gc,heap        ] GC(271) Old regions: 6->6
[269.722s][info][gc,heap        ] GC(271) Humongous regions: 0->0
[269.722s][info][gc,metaspace   ] GC(271) Metaspace: 9109K(9344K)->9109K(9344K) NonClass: 7945K(8064K)->7945K(8064K) Class: 1164K(1280K)->1164K(1280K)
[269.722s][info][gc             ] GC(271) Pause Young (Normal) (G1 Evacuation Pause) 2458M->20M(4096M) 7.920ms
[269.722s][info][gc,cpu         ] GC(271) User=0.00s Sys=0.00s Real=0.00s
[270.723s][info][gc,start       ] GC(272) Pause Full (System.gc())
[270.723s][info][gc,task        ] GC(272) Using 6 workers of 6 for full compaction
[270.723s][info][gc,phases,start] GC(272) Phase 1: Mark live objects
[270.725s][info][gc,phases      ] GC(272) Phase 1: Mark live objects 2.045ms
[270.725s][info][gc,phases,start] GC(272) Phase 2: Prepare compaction
[270.727s][info][gc,phases      ] GC(272) Phase 2: Prepare compaction 2.131ms
[270.727s][info][gc,phases,start] GC(272) Phase 3: Adjust pointers
[270.729s][info][gc,phases      ] GC(272) Phase 3: Adjust pointers 2.085ms
[270.729s][info][gc,phases,start] GC(272) Phase 4: Compact heap
[270.731s][info][gc,phases      ] GC(272) Phase 4: Compact heap 1.503ms
[270.731s][info][gc,phases,start] GC(272) Phase 5: Reset Metadata
[270.732s][info][gc,phases      ] GC(272) Phase 5: Reset Metadata 0.787ms
[270.740s][info][gc,heap        ] GC(272) Eden regions: 895->0(1228)
[270.741s][info][gc,heap        ] GC(272) Survivor regions: 9->0(154)
[270.741s][info][gc,heap        ] GC(272) Old regions: 6->6
[270.741s][info][gc,heap        ] GC(272) Humongous regions: 5->0
[270.741s][info][gc,metaspace   ] GC(272) Metaspace: 9109K(9344K)->9109K(9344K) NonClass: 7945K(8064K)->7945K(8064K) Class: 1164K(1280K)->1164K(1280K)
[270.741s][info][gc             ] GC(272) Pause Full (System.gc()) 1819M->3M(4096M) 17.935ms
[270.741s][info][gc,cpu         ] GC(272) User=0.02s Sys=0.00s Real=0.02s
[271.704s][info][gc,start       ] GC(273) Pause Young (Normal) (G1 Evacuation Pause)
[271.704s][info][gc,task        ] GC(273) Using 6 workers of 6 for evacuation
[271.709s][info][gc,phases      ] GC(273)   Pre Evacuate Collection Set: 0.3ms
[271.709s][info][gc,phases      ] GC(273)   Merge Heap Roots: 0.2ms
[271.709s][info][gc,phases      ] GC(273)   Evacuate Collection Set: 3.3ms
[271.709s][info][gc,phases      ] GC(273)   Post Evacuate Collection Set: 1.1ms
[271.709s][info][gc,phases      ] GC(273)   Other: 0.1ms
[271.709s][info][gc,heap        ] GC(273) Eden regions: 1228->0(1223)
[271.709s][info][gc,heap        ] GC(273) Survivor regions: 0->5(154)
[271.709s][info][gc,heap        ] GC(273) Old regions: 6->6
[271.709s][info][gc,heap        ] GC(273) Humongous regions: 0->0
[271.709s][info][gc,metaspace   ] GC(273) Metaspace: 9109K(9344K)->9109K(9344K) NonClass: 7945K(8064K)->7945K(8064K) Class: 1164K(1280K)->1164K(1280K)
[271.709s][info][gc             ] GC(273) Pause Young (Normal) (G1 Evacuation Pause) 2459M->12M(4096M) 5.227ms
[271.709s][info][gc,cpu         ] GC(273) User=0.00s Sys=0.00s Real=0.00s
[272.702s][info][gc,start       ] GC(274) Pause Young (Normal) (G1 Evacuation Pause)
[272.703s][info][gc,task        ] GC(274) Using 6 workers of 6 for evacuation
[272.710s][info][gc,phases      ] GC(274)   Pre Evacuate Collection Set: 0.4ms
[272.710s][info][gc,phases      ] GC(274)   Merge Heap Roots: 0.3ms
[272.710s][info][gc,phases      ] GC(274)   Evacuate Collection Set: 5.7ms
[272.710s][info][gc,phases      ] GC(274)   Post Evacuate Collection Set: 1.1ms
[272.710s][info][gc,phases      ] GC(274)   Other: 0.2ms
[272.710s][info][gc,heap        ] GC(274) Eden regions: 1223->0(1219)
[272.710s][info][gc,heap        ] GC(274) Survivor regions: 5->9(154)
[272.710s][info][gc,heap        ] GC(274) Old regions: 6->6
[272.710s][info][gc,heap        ] GC(274) Humongous regions: 0->0
[272.710s][info][gc,metaspace   ] GC(274) Metaspace: 9109K(9344K)->9109K(9344K) NonClass: 7945K(8064K)->7945K(8064K) Class: 1164K(1280K)->1164K(1280K)
[272.710s][info][gc             ] GC(274) Pause Young (Normal) (G1 Evacuation Pause) 2458M->20M(4096M) 7.941ms
[272.710s][info][gc,cpu         ] GC(274) User=0.02s Sys=0.00s Real=0.02s
[273.711s][info][gc,start       ] GC(275) Pause Full (System.gc())
[273.711s][info][gc,task        ] GC(275) Using 6 workers of 6 for full compaction
[273.711s][info][gc,phases,start] GC(275) Phase 1: Mark live objects
[273.713s][info][gc,phases      ] GC(275) Phase 1: Mark live objects 2.157ms
[273.713s][info][gc,phases,start] GC(275) Phase 2: Prepare compaction
[273.715s][info][gc,phases      ] GC(275) Phase 2: Prepare compaction 2.046ms
[273.715s][info][gc,phases,start] GC(275) Phase 3: Adjust pointers
[273.717s][info][gc,phases      ] GC(275) Phase 3: Adjust pointers 2.093ms
[273.717s][info][gc,phases,start] GC(275) Phase 4: Compact heap
[273.719s][info][gc,phases      ] GC(275) Phase 4: Compact heap 2.083ms
[273.720s][info][gc,phases,start] GC(275) Phase 5: Reset Metadata
[273.720s][info][gc,phases      ] GC(275) Phase 5: Reset Metadata 0.695ms
[273.729s][info][gc,heap        ] GC(275) Eden regions: 895->0(1228)
[273.729s][info][gc,heap        ] GC(275) Survivor regions: 9->0(154)
[273.729s][info][gc,heap        ] GC(275) Old regions: 6->6
[273.729s][info][gc,heap        ] GC(275) Humongous regions: 5->0
[273.729s][info][gc,metaspace   ] GC(275) Metaspace: 9109K(9344K)->9109K(9344K) NonClass: 7945K(8064K)->7945K(8064K) Class: 1164K(1280K)->1164K(1280K)
[273.729s][info][gc             ] GC(275) Pause Full (System.gc()) 1819M->3M(4096M) 18.210ms
[273.729s][info][gc,cpu         ] GC(275) User=0.02s Sys=0.00s Real=0.03s
[274.692s][info][gc,start       ] GC(276) Pause Young (Normal) (G1 Evacuation Pause)
[274.692s][info][gc,task        ] GC(276) Using 6 workers of 6 for evacuation
[274.697s][info][gc,phases      ] GC(276)   Pre Evacuate Collection Set: 0.3ms
[274.697s][info][gc,phases      ] GC(276)   Merge Heap Roots: 0.2ms
[274.697s][info][gc,phases      ] GC(276)   Evacuate Collection Set: 3.2ms
[274.697s][info][gc,phases      ] GC(276)   Post Evacuate Collection Set: 1.2ms
[274.697s][info][gc,phases      ] GC(276)   Other: 0.1ms
[274.697s][info][gc,heap        ] GC(276) Eden regions: 1228->0(1223)
[274.697s][info][gc,heap        ] GC(276) Survivor regions: 0->5(154)
[274.697s][info][gc,heap        ] GC(276) Old regions: 6->6
[274.697s][info][gc,heap        ] GC(276) Humongous regions: 0->0
[274.697s][info][gc,metaspace   ] GC(276) Metaspace: 9109K(9344K)->9109K(9344K) NonClass: 7945K(8064K)->7945K(8064K) Class: 1164K(1280K)->1164K(1280K)
[274.697s][info][gc             ] GC(276) Pause Young (Normal) (G1 Evacuation Pause) 2459M->12M(4096M) 5.203ms
[274.697s][info][gc,cpu         ] GC(276) User=0.02s Sys=0.00s Real=0.01s
[275.690s][info][gc,start       ] GC(277) Pause Young (Normal) (G1 Evacuation Pause)
[275.691s][info][gc,task        ] GC(277) Using 6 workers of 6 for evacuation
[275.698s][info][gc,phases      ] GC(277)   Pre Evacuate Collection Set: 0.4ms
[275.698s][info][gc,phases      ] GC(277)   Merge Heap Roots: 0.3ms
[275.698s][info][gc,phases      ] GC(277)   Evacuate Collection Set: 5.5ms
[275.698s][info][gc,phases      ] GC(277)   Post Evacuate Collection Set: 1.2ms
[275.698s][info][gc,phases      ] GC(277)   Other: 0.2ms
[275.698s][info][gc,heap        ] GC(277) Eden regions: 1223->0(1219)
[275.698s][info][gc,heap        ] GC(277) Survivor regions: 5->9(154)
[275.698s][info][gc,heap        ] GC(277) Old regions: 6->6
[275.698s][info][gc,heap        ] GC(277) Humongous regions: 0->0
[275.698s][info][gc,metaspace   ] GC(277) Metaspace: 9109K(9344K)->9109K(9344K) NonClass: 7945K(8064K)->7945K(8064K) Class: 1164K(1280K)->1164K(1280K)
[275.698s][info][gc             ] GC(277) Pause Young (Normal) (G1 Evacuation Pause) 2458M->20M(4096M) 7.869ms
[275.698s][info][gc,cpu         ] GC(277) User=0.02s Sys=0.00s Real=0.02s
[276.699s][info][gc,start       ] GC(278) Pause Full (System.gc())
[276.699s][info][gc,task        ] GC(278) Using 6 workers of 6 for full compaction
[276.699s][info][gc,phases,start] GC(278) Phase 1: Mark live objects
[276.701s][info][gc,phases      ] GC(278) Phase 1: Mark live objects 2.297ms
[276.701s][info][gc,phases,start] GC(278) Phase 2: Prepare compaction
[276.703s][info][gc,phases      ] GC(278) Phase 2: Prepare compaction 1.839ms
[276.703s][info][gc,phases,start] GC(278) Phase 3: Adjust pointers
[276.705s][info][gc,phases      ] GC(278) Phase 3: Adjust pointers 2.256ms
[276.705s][info][gc,phases,start] GC(278) Phase 4: Compact heap
[276.707s][info][gc,phases      ] GC(278) Phase 4: Compact heap 1.353ms
[276.707s][info][gc,phases,start] GC(278) Phase 5: Reset Metadata
[276.708s][info][gc,phases      ] GC(278) Phase 5: Reset Metadata 0.729ms
[276.716s][info][gc,heap        ] GC(278) Eden regions: 895->0(1228)
[276.716s][info][gc,heap        ] GC(278) Survivor regions: 9->0(154)
[276.716s][info][gc,heap        ] GC(278) Old regions: 6->6
[276.716s][info][gc,heap        ] GC(278) Humongous regions: 5->0
[276.716s][info][gc,metaspace   ] GC(278) Metaspace: 9109K(9344K)->9109K(9344K) NonClass: 7945K(8064K)->7945K(8064K) Class: 1164K(1280K)->1164K(1280K)
[276.716s][info][gc             ] GC(278) Pause Full (System.gc()) 1819M->3M(4096M) 17.861ms
[276.716s][info][gc,cpu         ] GC(278) User=0.02s Sys=0.00s Real=0.02s
[277.681s][info][gc,start       ] GC(279) Pause Young (Normal) (G1 Evacuation Pause)
[277.681s][info][gc,task        ] GC(279) Using 6 workers of 6 for evacuation
[277.686s][info][gc,phases      ] GC(279)   Pre Evacuate Collection Set: 0.3ms
[277.686s][info][gc,phases      ] GC(279)   Merge Heap Roots: 0.3ms
[277.686s][info][gc,phases      ] GC(279)   Evacuate Collection Set: 3.2ms
[277.686s][info][gc,phases      ] GC(279)   Post Evacuate Collection Set: 1.3ms
[277.686s][info][gc,phases      ] GC(279)   Other: 0.1ms
[277.686s][info][gc,heap        ] GC(279) Eden regions: 1228->0(1223)
[277.686s][info][gc,heap        ] GC(279) Survivor regions: 0->5(154)
[277.686s][info][gc,heap        ] GC(279) Old regions: 6->6
[277.686s][info][gc,heap        ] GC(279) Humongous regions: 0->0
[277.686s][info][gc,metaspace   ] GC(279) Metaspace: 9109K(9344K)->9109K(9344K) NonClass: 7945K(8064K)->7945K(8064K) Class: 1164K(1280K)->1164K(1280K)
[277.686s][info][gc             ] GC(279) Pause Young (Normal) (G1 Evacuation Pause) 2459M->12M(4096M) 5.514ms
[277.687s][info][gc,cpu         ] GC(279) User=0.00s Sys=0.00s Real=0.01s
[278.680s][info][gc,start       ] GC(280) Pause Young (Normal) (G1 Evacuation Pause)
[278.680s][info][gc,task        ] GC(280) Using 6 workers of 6 for evacuation
[278.688s][info][gc,phases      ] GC(280)   Pre Evacuate Collection Set: 0.5ms
[278.688s][info][gc,phases      ] GC(280)   Merge Heap Roots: 0.3ms
[278.688s][info][gc,phases      ] GC(280)   Evacuate Collection Set: 5.9ms
[278.688s][info][gc,phases      ] GC(280)   Post Evacuate Collection Set: 1.2ms
[278.688s][info][gc,phases      ] GC(280)   Other: 0.1ms
[278.688s][info][gc,heap        ] GC(280) Eden regions: 1223->0(1219)
[278.688s][info][gc,heap        ] GC(280) Survivor regions: 5->9(154)
[278.688s][info][gc,heap        ] GC(280) Old regions: 6->6
[278.688s][info][gc,heap        ] GC(280) Humongous regions: 0->0
[278.688s][info][gc,metaspace   ] GC(280) Metaspace: 9109K(9344K)->9109K(9344K) NonClass: 7945K(8064K)->7945K(8064K) Class: 1164K(1280K)->1164K(1280K)
[278.688s][info][gc             ] GC(280) Pause Young (Normal) (G1 Evacuation Pause) 2458M->21M(4096M) 8.103ms
[278.688s][info][gc,cpu         ] GC(280) User=0.00s Sys=0.00s Real=0.00s
[279.691s][info][gc,start       ] GC(281) Pause Full (System.gc())
[279.691s][info][gc,task        ] GC(281) Using 6 workers of 6 for full compaction
[279.691s][info][gc,phases,start] GC(281) Phase 1: Mark live objects
[279.693s][info][gc,phases      ] GC(281) Phase 1: Mark live objects 2.139ms
[279.693s][info][gc,phases,start] GC(281) Phase 2: Prepare compaction
[279.696s][info][gc,phases      ] GC(281) Phase 2: Prepare compaction 2.129ms
[279.696s][info][gc,phases,start] GC(281) Phase 3: Adjust pointers
[279.698s][info][gc,phases      ] GC(281) Phase 3: Adjust pointers 2.155ms
[279.698s][info][gc,phases,start] GC(281) Phase 4: Compact heap
[279.700s][info][gc,phases      ] GC(281) Phase 4: Compact heap 2.127ms
[279.700s][info][gc,phases,start] GC(281) Phase 5: Reset Metadata
[279.701s][info][gc,phases      ] GC(281) Phase 5: Reset Metadata 0.842ms
[279.709s][info][gc,heap        ] GC(281) Eden regions: 895->0(1228)
[279.709s][info][gc,heap        ] GC(281) Survivor regions: 9->0(154)
[279.709s][info][gc,heap        ] GC(281) Old regions: 6->6
[279.709s][info][gc,heap        ] GC(281) Humongous regions: 5->0
[279.709s][info][gc,metaspace   ] GC(281) Metaspace: 9109K(9344K)->9109K(9344K) NonClass: 7945K(8064K)->7945K(8064K) Class: 1164K(1280K)->1164K(1280K)
[279.709s][info][gc             ] GC(281) Pause Full (System.gc()) 1820M->3M(4096M) 18.279ms
[279.709s][info][gc,cpu         ] GC(281) User=0.02s Sys=0.00s Real=0.02s
[280.674s][info][gc,start       ] GC(282) Pause Young (Normal) (G1 Evacuation Pause)
[280.674s][info][gc,task        ] GC(282) Using 6 workers of 6 for evacuation
[280.679s][info][gc,phases      ] GC(282)   Pre Evacuate Collection Set: 0.3ms
[280.679s][info][gc,phases      ] GC(282)   Merge Heap Roots: 0.2ms
[280.679s][info][gc,phases      ] GC(282)   Evacuate Collection Set: 3.3ms
[280.679s][info][gc,phases      ] GC(282)   Post Evacuate Collection Set: 1.2ms
[280.679s][info][gc,phases      ] GC(282)   Other: 0.1ms
[280.679s][info][gc,heap        ] GC(282) Eden regions: 1228->0(1223)
[280.679s][info][gc,heap        ] GC(282) Survivor regions: 0->5(154)
[280.679s][info][gc,heap        ] GC(282) Old regions: 6->6
[280.679s][info][gc,heap        ] GC(282) Humongous regions: 0->0
[280.679s][info][gc,metaspace   ] GC(282) Metaspace: 9109K(9344K)->9109K(9344K) NonClass: 7945K(8064K)->7945K(8064K) Class: 1164K(1280K)->1164K(1280K)
[280.679s][info][gc             ] GC(282) Pause Young (Normal) (G1 Evacuation Pause) 2459M->12M(4096M) 5.508ms
[280.679s][info][gc,cpu         ] GC(282) User=0.00s Sys=0.00s Real=0.00s
[281.674s][info][gc,start       ] GC(283) Pause Young (Normal) (G1 Evacuation Pause)
[281.674s][info][gc,task        ] GC(283) Using 6 workers of 6 for evacuation
[281.682s][info][gc,phases      ] GC(283)   Pre Evacuate Collection Set: 0.5ms
[281.682s][info][gc,phases      ] GC(283)   Merge Heap Roots: 0.4ms
[281.682s][info][gc,phases      ] GC(283)   Evacuate Collection Set: 5.8ms
[281.682s][info][gc,phases      ] GC(283)   Post Evacuate Collection Set: 1.1ms
[281.682s][info][gc,phases      ] GC(283)   Other: 0.2ms
[281.682s][info][gc,heap        ] GC(283) Eden regions: 1223->0(1219)
[281.682s][info][gc,heap        ] GC(283) Survivor regions: 5->9(154)
[281.682s][info][gc,heap        ] GC(283) Old regions: 6->6
[281.682s][info][gc,heap        ] GC(283) Humongous regions: 0->0
[281.682s][info][gc,metaspace   ] GC(283) Metaspace: 9109K(9344K)->9109K(9344K) NonClass: 7945K(8064K)->7945K(8064K) Class: 1164K(1280K)->1164K(1280K)
[281.682s][info][gc             ] GC(283) Pause Young (Normal) (G1 Evacuation Pause) 2458M->21M(4096M) 8.096ms
[281.682s][info][gc,cpu         ] GC(283) User=0.00s Sys=0.00s Real=0.02s
[282.685s][info][gc,start       ] GC(284) Pause Full (System.gc())
[282.685s][info][gc,task        ] GC(284) Using 6 workers of 6 for full compaction
[282.685s][info][gc,phases,start] GC(284) Phase 1: Mark live objects
[282.687s][info][gc,phases      ] GC(284) Phase 1: Mark live objects 2.102ms
[282.687s][info][gc,phases,start] GC(284) Phase 2: Prepare compaction
[282.689s][info][gc,phases      ] GC(284) Phase 2: Prepare compaction 2.086ms
[282.689s][info][gc,phases,start] GC(284) Phase 3: Adjust pointers
[282.691s][info][gc,phases      ] GC(284) Phase 3: Adjust pointers 2.018ms
[282.691s][info][gc,phases,start] GC(284) Phase 4: Compact heap
[282.694s][info][gc,phases      ] GC(284) Phase 4: Compact heap 2.109ms
[282.694s][info][gc,phases,start] GC(284) Phase 5: Reset Metadata
[282.695s][info][gc,phases      ] GC(284) Phase 5: Reset Metadata 1.162ms
[282.703s][info][gc,heap        ] GC(284) Eden regions: 895->0(1228)
[282.703s][info][gc,heap        ] GC(284) Survivor regions: 9->0(154)
[282.703s][info][gc,heap        ] GC(284) Old regions: 6->6
[282.703s][info][gc,heap        ] GC(284) Humongous regions: 5->0
[282.703s][info][gc,metaspace   ] GC(284) Metaspace: 9109K(9344K)->9109K(9344K) NonClass: 7945K(8064K)->7945K(8064K) Class: 1164K(1280K)->1164K(1280K)
[282.703s][info][gc             ] GC(284) Pause Full (System.gc()) 1820M->3M(4096M) 18.448ms
[282.703s][info][gc,cpu         ] GC(284) User=0.00s Sys=0.00s Real=0.02s
[283.669s][info][gc,start       ] GC(285) Pause Young (Normal) (G1 Evacuation Pause)
[283.669s][info][gc,task        ] GC(285) Using 6 workers of 6 for evacuation
[283.674s][info][gc,phases      ] GC(285)   Pre Evacuate Collection Set: 0.3ms
[283.674s][info][gc,phases      ] GC(285)   Merge Heap Roots: 0.2ms
[283.674s][info][gc,phases      ] GC(285)   Evacuate Collection Set: 3.2ms
[283.674s][info][gc,phases      ] GC(285)   Post Evacuate Collection Set: 1.1ms
[283.674s][info][gc,phases      ] GC(285)   Other: 0.1ms
[283.674s][info][gc,heap        ] GC(285) Eden regions: 1228->0(1223)
[283.674s][info][gc,heap        ] GC(285) Survivor regions: 0->5(154)
[283.674s][info][gc,heap        ] GC(285) Old regions: 6->6
[283.674s][info][gc,heap        ] GC(285) Humongous regions: 0->0
[283.674s][info][gc,metaspace   ] GC(285) Metaspace: 9109K(9344K)->9109K(9344K) NonClass: 7945K(8064K)->7945K(8064K) Class: 1164K(1280K)->1164K(1280K)
[283.674s][info][gc             ] GC(285) Pause Young (Normal) (G1 Evacuation Pause) 2459M->12M(4096M) 5.274ms
[283.674s][info][gc,cpu         ] GC(285) User=0.00s Sys=0.00s Real=0.00s
[284.665s][info][gc,start       ] GC(286) Pause Young (Normal) (G1 Evacuation Pause)
[284.665s][info][gc,task        ] GC(286) Using 6 workers of 6 for evacuation
[284.672s][info][gc,phases      ] GC(286)   Pre Evacuate Collection Set: 0.4ms
[284.673s][info][gc,phases      ] GC(286)   Merge Heap Roots: 0.3ms
[284.673s][info][gc,phases      ] GC(286)   Evacuate Collection Set: 5.7ms
[284.673s][info][gc,phases      ] GC(286)   Post Evacuate Collection Set: 1.1ms
[284.673s][info][gc,phases      ] GC(286)   Other: 0.2ms
[284.673s][info][gc,heap        ] GC(286) Eden regions: 1223->0(1219)
[284.673s][info][gc,heap        ] GC(286) Survivor regions: 5->9(154)
[284.673s][info][gc,heap        ] GC(286) Old regions: 6->6
[284.673s][info][gc,heap        ] GC(286) Humongous regions: 0->0
[284.673s][info][gc,metaspace   ] GC(286) Metaspace: 9109K(9344K)->9109K(9344K) NonClass: 7945K(8064K)->7945K(8064K) Class: 1164K(1280K)->1164K(1280K)
[284.673s][info][gc             ] GC(286) Pause Young (Normal) (G1 Evacuation Pause) 2458M->20M(4096M) 7.996ms
[284.673s][info][gc,cpu         ] GC(286) User=0.00s Sys=0.00s Real=0.00s
[285.673s][info][gc,start       ] GC(287) Pause Full (System.gc())
[285.673s][info][gc,task        ] GC(287) Using 6 workers of 6 for full compaction
[285.674s][info][gc,phases,start] GC(287) Phase 1: Mark live objects
[285.676s][info][gc,phases      ] GC(287) Phase 1: Mark live objects 2.271ms
[285.676s][info][gc,phases,start] GC(287) Phase 2: Prepare compaction
[285.678s][info][gc,phases      ] GC(287) Phase 2: Prepare compaction 1.991ms
[285.678s][info][gc,phases,start] GC(287) Phase 3: Adjust pointers
[285.680s][info][gc,phases      ] GC(287) Phase 3: Adjust pointers 2.192ms
[285.680s][info][gc,phases,start] GC(287) Phase 4: Compact heap
[285.682s][info][gc,phases      ] GC(287) Phase 4: Compact heap 1.420ms
[285.682s][info][gc,phases,start] GC(287) Phase 5: Reset Metadata
[285.683s][info][gc,phases      ] GC(287) Phase 5: Reset Metadata 0.709ms
[285.691s][info][gc,heap        ] GC(287) Eden regions: 895->0(1228)
[285.691s][info][gc,heap        ] GC(287) Survivor regions: 9->0(154)
[285.691s][info][gc,heap        ] GC(287) Old regions: 6->6
[285.691s][info][gc,heap        ] GC(287) Humongous regions: 5->0
[285.691s][info][gc,metaspace   ] GC(287) Metaspace: 9109K(9344K)->9109K(9344K) NonClass: 7945K(8064K)->7945K(8064K) Class: 1164K(1280K)->1164K(1280K)
[285.691s][info][gc             ] GC(287) Pause Full (System.gc()) 1819M->3M(4096M) 17.930ms
[285.691s][info][gc,cpu         ] GC(287) User=0.00s Sys=0.00s Real=0.02s
[286.656s][info][gc,start       ] GC(288) Pause Young (Normal) (G1 Evacuation Pause)
[286.656s][info][gc,task        ] GC(288) Using 6 workers of 6 for evacuation
[286.661s][info][gc,phases      ] GC(288)   Pre Evacuate Collection Set: 0.5ms
[286.661s][info][gc,phases      ] GC(288)   Merge Heap Roots: 0.3ms
[286.661s][info][gc,phases      ] GC(288)   Evacuate Collection Set: 3.5ms
[286.661s][info][gc,phases      ] GC(288)   Post Evacuate Collection Set: 1.0ms
[286.661s][info][gc,phases      ] GC(288)   Other: 0.1ms
[286.661s][info][gc,heap        ] GC(288) Eden regions: 1228->0(1223)
[286.661s][info][gc,heap        ] GC(288) Survivor regions: 0->5(154)
[286.661s][info][gc,heap        ] GC(288) Old regions: 6->6
[286.661s][info][gc,heap        ] GC(288) Humongous regions: 0->0
[286.661s][info][gc,metaspace   ] GC(288) Metaspace: 9109K(9344K)->9109K(9344K) NonClass: 7945K(8064K)->7945K(8064K) Class: 1164K(1280K)->1164K(1280K)
[286.661s][info][gc             ] GC(288) Pause Young (Normal) (G1 Evacuation Pause) 2459M->12M(4096M) 5.615ms
[286.661s][info][gc,cpu         ] GC(288) User=0.00s Sys=0.00s Real=0.00s
[287.652s][info][gc,start       ] GC(289) Pause Young (Normal) (G1 Evacuation Pause)
[287.653s][info][gc,task        ] GC(289) Using 6 workers of 6 for evacuation
[287.660s][info][gc,phases      ] GC(289)   Pre Evacuate Collection Set: 0.4ms
[287.660s][info][gc,phases      ] GC(289)   Merge Heap Roots: 0.3ms
[287.660s][info][gc,phases      ] GC(289)   Evacuate Collection Set: 5.7ms
[287.660s][info][gc,phases      ] GC(289)   Post Evacuate Collection Set: 1.2ms
[287.660s][info][gc,phases      ] GC(289)   Other: 0.2ms
[287.660s][info][gc,heap        ] GC(289) Eden regions: 1223->0(1219)
[287.660s][info][gc,heap        ] GC(289) Survivor regions: 5->9(154)
[287.660s][info][gc,heap        ] GC(289) Old regions: 6->6
[287.660s][info][gc,heap        ] GC(289) Humongous regions: 0->0
[287.660s][info][gc,metaspace   ] GC(289) Metaspace: 9109K(9344K)->9109K(9344K) NonClass: 7945K(8064K)->7945K(8064K) Class: 1164K(1280K)->1164K(1280K)
[287.660s][info][gc             ] GC(289) Pause Young (Normal) (G1 Evacuation Pause) 2458M->19M(4096M) 8.031ms
[287.660s][info][gc,cpu         ] GC(289) User=0.02s Sys=0.00s Real=0.01s
[288.662s][info][gc,start       ] GC(290) Pause Full (System.gc())
[288.662s][info][gc,task        ] GC(290) Using 6 workers of 6 for full compaction
[288.662s][info][gc,phases,start] GC(290) Phase 1: Mark live objects
[288.664s][info][gc,phases      ] GC(290) Phase 1: Mark live objects 2.026ms
[288.664s][info][gc,phases,start] GC(290) Phase 2: Prepare compaction
[288.666s][info][gc,phases      ] GC(290) Phase 2: Prepare compaction 2.081ms
[288.666s][info][gc,phases,start] GC(290) Phase 3: Adjust pointers
[288.668s][info][gc,phases      ] GC(290) Phase 3: Adjust pointers 2.101ms
[288.668s][info][gc,phases,start] GC(290) Phase 4: Compact heap
[288.670s][info][gc,phases      ] GC(290) Phase 4: Compact heap 1.709ms
[288.670s][info][gc,phases,start] GC(290) Phase 5: Reset Metadata
[288.671s][info][gc,phases      ] GC(290) Phase 5: Reset Metadata 0.996ms
[288.680s][info][gc,heap        ] GC(290) Eden regions: 895->0(1228)
[288.680s][info][gc,heap        ] GC(290) Survivor regions: 9->0(154)
[288.680s][info][gc,heap        ] GC(290) Old regions: 6->6
[288.680s][info][gc,heap        ] GC(290) Humongous regions: 5->0
[288.680s][info][gc,metaspace   ] GC(290) Metaspace: 9114K(9344K)->9114K(9344K) NonClass: 7950K(8064K)->7950K(8064K) Class: 1164K(1280K)->1164K(1280K)
[288.680s][info][gc             ] GC(290) Pause Full (System.gc()) 1818M->3M(4096M) 18.068ms
[288.680s][info][gc,cpu         ] GC(290) User=0.02s Sys=0.00s Real=0.02s
[289.642s][info][gc,start       ] GC(291) Pause Young (Normal) (G1 Evacuation Pause)
[289.642s][info][gc,task        ] GC(291) Using 6 workers of 6 for evacuation
[289.648s][info][gc,phases      ] GC(291)   Pre Evacuate Collection Set: 0.4ms
[289.648s][info][gc,phases      ] GC(291)   Merge Heap Roots: 0.3ms
[289.648s][info][gc,phases      ] GC(291)   Evacuate Collection Set: 3.4ms
[289.648s][info][gc,phases      ] GC(291)   Post Evacuate Collection Set: 1.1ms
[289.648s][info][gc,phases      ] GC(291)   Other: 0.2ms
[289.648s][info][gc,heap        ] GC(291) Eden regions: 1228->0(1223)
[289.648s][info][gc,heap        ] GC(291) Survivor regions: 0->5(154)
[289.648s][info][gc,heap        ] GC(291) Old regions: 6->6
[289.648s][info][gc,heap        ] GC(291) Humongous regions: 0->0
[289.648s][info][gc,metaspace   ] GC(291) Metaspace: 9118K(9344K)->9118K(9344K) NonClass: 7954K(8064K)->7954K(8064K) Class: 1164K(1280K)->1164K(1280K)
[289.648s][info][gc             ] GC(291) Pause Young (Normal) (G1 Evacuation Pause) 2459M->12M(4096M) 5.600ms
[289.648s][info][gc,cpu         ] GC(291) User=0.00s Sys=0.00s Real=0.00s
[290.644s][info][gc,start       ] GC(292) Pause Young (Normal) (G1 Evacuation Pause)
[290.644s][info][gc,task        ] GC(292) Using 6 workers of 6 for evacuation
[290.652s][info][gc,phases      ] GC(292)   Pre Evacuate Collection Set: 0.5ms
[290.652s][info][gc,phases      ] GC(292)   Merge Heap Roots: 0.3ms
[290.652s][info][gc,phases      ] GC(292)   Evacuate Collection Set: 5.7ms
[290.652s][info][gc,phases      ] GC(292)   Post Evacuate Collection Set: 1.2ms
[290.652s][info][gc,phases      ] GC(292)   Other: 0.2ms
[290.652s][info][gc,heap        ] GC(292) Eden regions: 1223->0(1219)
[290.652s][info][gc,heap        ] GC(292) Survivor regions: 5->9(154)
[290.652s][info][gc,heap        ] GC(292) Old regions: 6->6
[290.652s][info][gc,heap        ] GC(292) Humongous regions: 0->0
[290.652s][info][gc,metaspace   ] GC(292) Metaspace: 9118K(9344K)->9118K(9344K) NonClass: 7954K(8064K)->7954K(8064K) Class: 1164K(1280K)->1164K(1280K)
[290.652s][info][gc             ] GC(292) Pause Young (Normal) (G1 Evacuation Pause) 2458M->20M(4096M) 7.968ms
[290.652s][info][gc,cpu         ] GC(292) User=0.00s Sys=0.00s Real=0.00s
[291.654s][info][gc,start       ] GC(293) Pause Full (System.gc())
[291.654s][info][gc,task        ] GC(293) Using 6 workers of 6 for full compaction
[291.654s][info][gc,phases,start] GC(293) Phase 1: Mark live objects
[291.656s][info][gc,phases      ] GC(293) Phase 1: Mark live objects 2.023ms
[291.656s][info][gc,phases,start] GC(293) Phase 2: Prepare compaction
[291.658s][info][gc,phases      ] GC(293) Phase 2: Prepare compaction 2.081ms
[291.658s][info][gc,phases,start] GC(293) Phase 3: Adjust pointers
[291.661s][info][gc,phases      ] GC(293) Phase 3: Adjust pointers 2.128ms
[291.661s][info][gc,phases,start] GC(293) Phase 4: Compact heap
[291.662s][info][gc,phases      ] GC(293) Phase 4: Compact heap 1.612ms
[291.662s][info][gc,phases,start] GC(293) Phase 5: Reset Metadata
[291.663s][info][gc,phases      ] GC(293) Phase 5: Reset Metadata 0.772ms
[291.672s][info][gc,heap        ] GC(293) Eden regions: 895->0(1228)
[291.672s][info][gc,heap        ] GC(293) Survivor regions: 9->0(154)
[291.672s][info][gc,heap        ] GC(293) Old regions: 6->6
[291.672s][info][gc,heap        ] GC(293) Humongous regions: 5->0
[291.672s][info][gc,metaspace   ] GC(293) Metaspace: 9118K(9344K)->9118K(9344K) NonClass: 7954K(8064K)->7954K(8064K) Class: 1164K(1280K)->1164K(1280K)
[291.672s][info][gc             ] GC(293) Pause Full (System.gc()) 1820M->3M(4096M) 17.865ms
[291.672s][info][gc,cpu         ] GC(293) User=0.02s Sys=0.00s Real=0.02s
[292.635s][info][gc,start       ] GC(294) Pause Young (Normal) (G1 Evacuation Pause)
[292.635s][info][gc,task        ] GC(294) Using 6 workers of 6 for evacuation
[292.640s][info][gc,phases      ] GC(294)   Pre Evacuate Collection Set: 0.5ms
[292.640s][info][gc,phases      ] GC(294)   Merge Heap Roots: 0.3ms
[292.640s][info][gc,phases      ] GC(294)   Evacuate Collection Set: 3.3ms
[292.640s][info][gc,phases      ] GC(294)   Post Evacuate Collection Set: 1.0ms
[292.640s][info][gc,phases      ] GC(294)   Other: 0.2ms
[292.640s][info][gc,heap        ] GC(294) Eden regions: 1228->0(1223)
[292.640s][info][gc,heap        ] GC(294) Survivor regions: 0->5(154)
[292.640s][info][gc,heap        ] GC(294) Old regions: 6->6
[292.640s][info][gc,heap        ] GC(294) Humongous regions: 0->0
[292.640s][info][gc,metaspace   ] GC(294) Metaspace: 9118K(9344K)->9118K(9344K) NonClass: 7954K(8064K)->7954K(8064K) Class: 1164K(1280K)->1164K(1280K)
[292.640s][info][gc             ] GC(294) Pause Young (Normal) (G1 Evacuation Pause) 2459M->12M(4096M) 5.475ms
[292.640s][info][gc,cpu         ] GC(294) User=0.00s Sys=0.00s Real=0.00s
[293.632s][info][gc,start       ] GC(295) Pause Young (Normal) (G1 Evacuation Pause)
[293.632s][info][gc,task        ] GC(295) Using 6 workers of 6 for evacuation
[293.640s][info][gc,phases      ] GC(295)   Pre Evacuate Collection Set: 0.3ms
[293.640s][info][gc,phases      ] GC(295)   Merge Heap Roots: 0.2ms
[293.640s][info][gc,phases      ] GC(295)   Evacuate Collection Set: 5.5ms
[293.640s][info][gc,phases      ] GC(295)   Post Evacuate Collection Set: 1.2ms
[293.640s][info][gc,phases      ] GC(295)   Other: 0.2ms
[293.640s][info][gc,heap        ] GC(295) Eden regions: 1223->0(1219)
[293.640s][info][gc,heap        ] GC(295) Survivor regions: 5->9(154)
[293.640s][info][gc,heap        ] GC(295) Old regions: 6->6
[293.640s][info][gc,heap        ] GC(295) Humongous regions: 0->0
[293.640s][info][gc,metaspace   ] GC(295) Metaspace: 9118K(9344K)->9118K(9344K) NonClass: 7954K(8064K)->7954K(8064K) Class: 1164K(1280K)->1164K(1280K)
[293.640s][info][gc             ] GC(295) Pause Young (Normal) (G1 Evacuation Pause) 2458M->20M(4096M) 7.663ms
[293.640s][info][gc,cpu         ] GC(295) User=0.02s Sys=0.00s Real=0.01s
[294.641s][info][gc,start       ] GC(296) Pause Full (System.gc())
[294.641s][info][gc,task        ] GC(296) Using 6 workers of 6 for full compaction
[294.641s][info][gc,phases,start] GC(296) Phase 1: Mark live objects
[294.643s][info][gc,phases      ] GC(296) Phase 1: Mark live objects 2.172ms
[294.643s][info][gc,phases,start] GC(296) Phase 2: Prepare compaction
[294.645s][info][gc,phases      ] GC(296) Phase 2: Prepare compaction 2.032ms
[294.645s][info][gc,phases,start] GC(296) Phase 3: Adjust pointers
[294.647s][info][gc,phases      ] GC(296) Phase 3: Adjust pointers 2.013ms
[294.647s][info][gc,phases,start] GC(296) Phase 4: Compact heap
[294.649s][info][gc,phases      ] GC(296) Phase 4: Compact heap 1.705ms
[294.649s][info][gc,phases,start] GC(296) Phase 5: Reset Metadata
[294.650s][info][gc,phases      ] GC(296) Phase 5: Reset Metadata 0.910ms
[294.658s][info][gc,heap        ] GC(296) Eden regions: 895->0(1228)
[294.659s][info][gc,heap        ] GC(296) Survivor regions: 9->0(154)
[294.659s][info][gc,heap        ] GC(296) Old regions: 6->6
[294.659s][info][gc,heap        ] GC(296) Humongous regions: 5->0
[294.659s][info][gc,metaspace   ] GC(296) Metaspace: 9122K(9344K)->9122K(9344K) NonClass: 7958K(8064K)->7958K(8064K) Class: 1164K(1280K)->1164K(1280K)
[294.659s][info][gc             ] GC(296) Pause Full (System.gc()) 1819M->3M(4096M) 17.949ms
[294.659s][info][gc,cpu         ] GC(296) User=0.02s Sys=0.00s Real=0.03s
[295.622s][info][gc,start       ] GC(297) Pause Young (Normal) (G1 Evacuation Pause)
[295.623s][info][gc,task        ] GC(297) Using 6 workers of 6 for evacuation
[295.628s][info][gc,phases      ] GC(297)   Pre Evacuate Collection Set: 0.4ms
[295.628s][info][gc,phases      ] GC(297)   Merge Heap Roots: 0.3ms
[295.628s][info][gc,phases      ] GC(297)   Evacuate Collection Set: 3.3ms
[295.628s][info][gc,phases      ] GC(297)   Post Evacuate Collection Set: 1.1ms
[295.628s][info][gc,phases      ] GC(297)   Other: 0.2ms
[295.628s][info][gc,heap        ] GC(297) Eden regions: 1228->0(1223)
[295.628s][info][gc,heap        ] GC(297) Survivor regions: 0->5(154)
[295.628s][info][gc,heap        ] GC(297) Old regions: 6->6
[295.628s][info][gc,heap        ] GC(297) Humongous regions: 0->0
[295.628s][info][gc,metaspace   ] GC(297) Metaspace: 9122K(9344K)->9122K(9344K) NonClass: 7958K(8064K)->7958K(8064K) Class: 1164K(1280K)->1164K(1280K)
[295.628s][info][gc             ] GC(297) Pause Young (Normal) (G1 Evacuation Pause) 2459M->12M(4096M) 5.438ms
[295.628s][info][gc,cpu         ] GC(297) User=0.00s Sys=0.00s Real=0.00s
[296.621s][info][gc,start       ] GC(298) Pause Young (Normal) (G1 Evacuation Pause)
[296.621s][info][gc,task        ] GC(298) Using 6 workers of 6 for evacuation
[296.629s][info][gc,phases      ] GC(298)   Pre Evacuate Collection Set: 0.4ms
[296.629s][info][gc,phases      ] GC(298)   Merge Heap Roots: 0.3ms
[296.629s][info][gc,phases      ] GC(298)   Evacuate Collection Set: 5.8ms
[296.629s][info][gc,phases      ] GC(298)   Post Evacuate Collection Set: 1.1ms
[296.629s][info][gc,phases      ] GC(298)   Other: 0.2ms
[296.629s][info][gc,heap        ] GC(298) Eden regions: 1223->0(1219)
[296.629s][info][gc,heap        ] GC(298) Survivor regions: 5->9(154)
[296.629s][info][gc,heap        ] GC(298) Old regions: 6->6
[296.629s][info][gc,heap        ] GC(298) Humongous regions: 0->0
[296.629s][info][gc,metaspace   ] GC(298) Metaspace: 9122K(9344K)->9122K(9344K) NonClass: 7958K(8064K)->7958K(8064K) Class: 1164K(1280K)->1164K(1280K)
[296.629s][info][gc             ] GC(298) Pause Young (Normal) (G1 Evacuation Pause) 2458M->21M(4096M) 8.106ms
[296.629s][info][gc,cpu         ] GC(298) User=0.00s Sys=0.00s Real=0.02s
[297.649s][info][gc,start       ] GC(299) Pause Full (System.gc())
[297.649s][info][gc,task        ] GC(299) Using 6 workers of 6 for full compaction
[297.650s][info][gc,phases,start] GC(299) Phase 1: Mark live objects
[297.652s][info][gc,phases      ] GC(299) Phase 1: Mark live objects 2.023ms
[297.652s][info][gc,phases,start] GC(299) Phase 2: Prepare compaction
[297.654s][info][gc,phases      ] GC(299) Phase 2: Prepare compaction 1.896ms
[297.654s][info][gc,phases,start] GC(299) Phase 3: Adjust pointers
[297.656s][info][gc,phases      ] GC(299) Phase 3: Adjust pointers 2.158ms
[297.656s][info][gc,phases,start] GC(299) Phase 4: Compact heap
[297.657s][info][gc,phases      ] GC(299) Phase 4: Compact heap 1.434ms
[297.657s][info][gc,phases,start] GC(299) Phase 5: Reset Metadata
[297.658s][info][gc,phases      ] GC(299) Phase 5: Reset Metadata 1.120ms
[297.667s][info][gc,heap        ] GC(299) Eden regions: 895->0(1228)
[297.667s][info][gc,heap        ] GC(299) Survivor regions: 9->0(154)
[297.667s][info][gc,heap        ] GC(299) Old regions: 6->6
[297.667s][info][gc,heap        ] GC(299) Humongous regions: 5->0
[297.667s][info][gc,metaspace   ] GC(299) Metaspace: 9122K(9344K)->9122K(9344K) NonClass: 7958K(8064K)->7958K(8064K) Class: 1164K(1280K)->1164K(1280K)
[297.667s][info][gc             ] GC(299) Pause Full (System.gc()) 1820M->3M(4096M) 18.122ms
[297.667s][info][gc,cpu         ] GC(299) User=0.02s Sys=0.00s Real=0.02s
[298.631s][info][gc,start       ] GC(300) Pause Young (Normal) (G1 Evacuation Pause)
[298.632s][info][gc,task        ] GC(300) Using 6 workers of 6 for evacuation
[298.637s][info][gc,phases      ] GC(300)   Pre Evacuate Collection Set: 0.4ms
[298.637s][info][gc,phases      ] GC(300)   Merge Heap Roots: 0.3ms
[298.637s][info][gc,phases      ] GC(300)   Evacuate Collection Set: 3.3ms
[298.637s][info][gc,phases      ] GC(300)   Post Evacuate Collection Set: 1.2ms
[298.637s][info][gc,phases      ] GC(300)   Other: 0.2ms
[298.637s][info][gc,heap        ] GC(300) Eden regions: 1228->0(1223)
[298.637s][info][gc,heap        ] GC(300) Survivor regions: 0->5(154)
[298.637s][info][gc,heap        ] GC(300) Old regions: 6->6
[298.637s][info][gc,heap        ] GC(300) Humongous regions: 0->0
[298.637s][info][gc,metaspace   ] GC(300) Metaspace: 9122K(9344K)->9122K(9344K) NonClass: 7958K(8064K)->7958K(8064K) Class: 1164K(1280K)->1164K(1280K)
[298.637s][info][gc             ] GC(300) Pause Young (Normal) (G1 Evacuation Pause) 2459M->12M(4096M) 5.581ms
[298.637s][info][gc,cpu         ] GC(300) User=0.00s Sys=0.00s Real=0.02s
[299.631s][info][gc,start       ] GC(301) Pause Young (Normal) (G1 Evacuation Pause)
[299.631s][info][gc,task        ] GC(301) Using 6 workers of 6 for evacuation
[299.639s][info][gc,phases      ] GC(301)   Pre Evacuate Collection Set: 0.6ms
[299.639s][info][gc,phases      ] GC(301)   Merge Heap Roots: 0.3ms
[299.639s][info][gc,phases      ] GC(301)   Evacuate Collection Set: 5.9ms
[299.639s][info][gc,phases      ] GC(301)   Post Evacuate Collection Set: 1.2ms
[299.639s][info][gc,phases      ] GC(301)   Other: 0.2ms
[299.639s][info][gc,heap        ] GC(301) Eden regions: 1223->0(1219)
[299.639s][info][gc,heap        ] GC(301) Survivor regions: 5->9(154)
[299.639s][info][gc,heap        ] GC(301) Old regions: 6->6
[299.639s][info][gc,heap        ] GC(301) Humongous regions: 0->0
[299.639s][info][gc,metaspace   ] GC(301) Metaspace: 9122K(9344K)->9122K(9344K) NonClass: 7958K(8064K)->7958K(8064K) Class: 1164K(1280K)->1164K(1280K)
[299.639s][info][gc             ] GC(301) Pause Young (Normal) (G1 Evacuation Pause) 2458M->20M(4096M) 8.244ms
[299.639s][info][gc,cpu         ] GC(301) User=0.02s Sys=0.00s Real=0.02s
[300.647s][info][gc,heap,exit   ] Heap
[300.647s][info][gc,heap,exit   ]  garbage-first heap   total 4194304K, used 1867368K [0x0000000700000000, 0x0000000800000000)
[300.648s][info][gc,heap,exit   ]   region size 2048K, 906 young (1855488K), 9 survivors (18432K)
[300.648s][info][gc,heap,exit   ]  Metaspace       used 9182K, committed 9408K, reserved 1114112K
[300.648s][info][gc,heap,exit   ]   class space    used 1173K, committed 1280K, reserved 1048576K
