OpenJDK 64-Bit Server VM (25.422-b05) for windows-amd64 JRE (1.8.0_422-422-b05), built on Jul 18 2024 05:34:18 by "Administrator" with MS VC++ 16.10 / 16.11 (VS2019)
Memory: 4k page, physical 15965620k(11029320k free), swap 19635636k(13805384k free)
CommandLine flags: -XX:InitialHeapSize=8589934592 -XX:MaxHeapSize=8589934592 -XX:+PrintGC -XX:+PrintGCApplicationConcurrentTime -XX:+PrintGCApplicationStoppedTime -XX:+PrintGCDateStamps -XX:+PrintGCDetails -XX:+PrintGCTimeStamps -XX:+UnlockExperimentalVMOptions -XX:+UseCompressedClassPointers -XX:+UseCompressedOops -XX:-UseLargePagesIndividualAllocation -XX:+UseSerialGC 
2024-10-02T03:15:45.071+0300: 0.072: Application time: 0.0171527 seconds
2024-10-02T03:15:45.071+0300: 0.073: Total time for which application threads were stopped: 0.0001073 seconds, Stopping threads took: 0.0000431 seconds
2024-10-02T03:15:45.071+0300: 0.081: Application time: 0.0080618 seconds
2024-10-02T03:15:45.071+0300: 0.081: Total time for which application threads were stopped: 0.0000667 seconds, Stopping threads took: 0.0000233 seconds
2024-10-02T03:15:45.244+0300: 0.250: Application time: 0.1691152 seconds
2024-10-02T03:15:45.244+0300: 0.250: [Full GC (System.gc()) 2024-10-02T03:15:45.244+0300: 0.250: [Tenured: 0K->3705K(5592448K), 0.0105645 secs] 178954K->3705K(8108992K), [Metaspace: 7068K->7068K(1056768K)], 0.0107831 secs] [Times: user=0.03 sys=0.00, real=0.02 secs] 
2024-10-02T03:15:45.259+0300: 0.261: Total time for which application threads were stopped: 0.0110005 seconds, Stopping threads took: 0.0000429 seconds
2024-10-02T03:15:45.259+0300: 0.261: Application time: 0.0000910 seconds
2024-10-02T03:15:45.259+0300: 0.261: [Full GC (System.gc()) 2024-10-02T03:15:45.259+0300: 0.261: [Tenured: 3705K->3705K(5592448K), 0.0054313 secs] 3705K->3705K(8108992K), [Metaspace: 7068K->7068K(1056768K)], 0.0054746 secs] [Times: user=0.00 sys=0.00, real=0.00 secs] 
2024-10-02T03:15:45.259+0300: 0.267: Total time for which application threads were stopped: 0.0055579 seconds, Stopping threads took: 0.0000290 seconds
2024-10-02T03:15:46.264+0300: 1.265: Application time: 0.9986761 seconds
2024-10-02T03:15:46.264+0300: 1.266: Total time for which application threads were stopped: 0.0003427 seconds, Stopping threads took: 0.0002236 seconds
2024-10-02T03:15:47.269+0300: 2.270: Application time: 1.0043615 seconds
2024-10-02T03:15:47.269+0300: 2.270: Total time for which application threads were stopped: 0.0002456 seconds, Stopping threads took: 0.0001551 seconds
2024-10-02T03:15:48.273+0300: 3.274: Application time: 1.0041676 seconds
2024-10-02T03:15:48.273+0300: 3.275: Total time for which application threads were stopped: 0.0002798 seconds, Stopping threads took: 0.0001853 seconds
2024-10-02T03:15:48.618+0300: 3.630: Application time: 0.3549546 seconds
2024-10-02T03:15:48.618+0300: 3.630: [GC (Allocation Failure) 2024-10-02T03:15:48.618+0300: 3.630: [DefNew: 2236928K->6516K(2516544K), 0.0040492 secs] 2240633K->10221K(8108992K), 0.0041280 secs] [Times: user=0.00 sys=0.00, real=0.00 secs] 
2024-10-02T03:15:48.618+0300: 3.634: Total time for which application threads were stopped: 0.0044451 seconds, Stopping threads took: 0.0002192 seconds
2024-10-02T03:15:49.105+0300: 4.107: Application time: 0.4726449 seconds
2024-10-02T03:15:49.105+0300: 4.107: Total time for which application threads were stopped: 0.0002935 seconds, Stopping threads took: 0.0001849 seconds
2024-10-02T03:15:50.110+0300: 5.111: Application time: 1.0039520 seconds
2024-10-02T03:15:50.110+0300: 5.111: Total time for which application threads were stopped: 0.0002843 seconds, Stopping threads took: 0.0001993 seconds
2024-10-02T03:15:51.114+0300: 6.116: Application time: 1.0044067 seconds
2024-10-02T03:15:51.114+0300: 6.116: Total time for which application threads were stopped: 0.0003311 seconds, Stopping threads took: 0.0002478 seconds
2024-10-02T03:15:51.664+0300: 6.680: Application time: 0.5641966 seconds
2024-10-02T03:15:51.664+0300: 6.680: [GC (Allocation Failure) 2024-10-02T03:15:51.664+0300: 6.680: [DefNew: 2243444K->5494K(2516544K), 0.0031086 secs] 2247149K->9199K(8108992K), 0.0032647 secs] [Times: user=0.00 sys=0.02, real=0.01 secs] 
2024-10-02T03:15:51.679+0300: 6.684: Total time for which application threads were stopped: 0.0035655 seconds, Stopping threads took: 0.0001481 seconds
2024-10-02T03:15:52.684+0300: 7.685: Application time: 1.0017136 seconds
2024-10-02T03:15:52.684+0300: 7.686: Total time for which application threads were stopped: 0.0003564 seconds, Stopping threads took: 0.0002874 seconds
2024-10-02T03:15:54.692+0300: 9.694: Application time: 2.0081019 seconds
2024-10-02T03:15:54.692+0300: 9.694: Total time for which application threads were stopped: 0.0002288 seconds, Stopping threads took: 0.0001699 seconds
2024-10-02T03:15:54.692+0300: 9.704: Application time: 0.0096925 seconds
2024-10-02T03:15:54.692+0300: 9.704: [GC (Allocation Failure) 2024-10-02T03:15:54.692+0300: 9.704: [DefNew: 2242422K->5498K(2516544K), 0.0021656 secs] 2246127K->9204K(8108992K), 0.0022640 secs] [Times: user=0.00 sys=0.00, real=0.00 secs] 
2024-10-02T03:15:54.692+0300: 9.706: Total time for which application threads were stopped: 0.0026264 seconds, Stopping threads took: 0.0002252 seconds
2024-10-02T03:15:57.705+0300: 12.707: Application time: 3.0000681 seconds
2024-10-02T03:15:57.705+0300: 12.707: Total time for which application threads were stopped: 0.0002430 seconds, Stopping threads took: 0.0001722 seconds
2024-10-02T03:15:57.752+0300: 12.768: Application time: 0.0614136 seconds
2024-10-02T03:15:57.752+0300: 12.768: [GC (Allocation Failure) 2024-10-02T03:15:57.752+0300: 12.769: [DefNew: 2242426K->5499K(2516544K), 0.0022810 secs] 2246132K->9205K(8108992K), 0.0023647 secs] [Times: user=0.02 sys=0.00, real=0.02 secs] 
2024-10-02T03:15:57.768+0300: 12.771: Total time for which application threads were stopped: 0.0026696 seconds, Stopping threads took: 0.0001691 seconds
2024-10-02T03:15:58.772+0300: 13.774: Application time: 1.0030425 seconds
2024-10-02T03:15:58.772+0300: 13.774: Total time for which application threads were stopped: 0.0002703 seconds, Stopping threads took: 0.0001959 seconds
2024-10-02T03:15:59.776+0300: 14.778: Application time: 1.0035163 seconds
2024-10-02T03:15:59.776+0300: 14.778: Total time for which application threads were stopped: 0.0002601 seconds, Stopping threads took: 0.0001570 seconds
2024-10-02T03:16:00.781+0300: 15.782: Application time: 1.0044431 seconds
2024-10-02T03:16:00.781+0300: 15.783: Total time for which application threads were stopped: 0.0002976 seconds, Stopping threads took: 0.0002128 seconds
2024-10-02T03:16:00.844+0300: 15.849: Application time: 0.0662535 seconds
2024-10-02T03:16:00.844+0300: 15.849: [GC (Allocation Failure) 2024-10-02T03:16:00.844+0300: 15.849: [DefNew: 2242427K->5472K(2516544K), 0.0019067 secs] 2246133K->9177K(8108992K), 0.0019802 secs] [Times: user=0.00 sys=0.00, real=0.00 secs] 
2024-10-02T03:16:00.844+0300: 15.851: Total time for which application threads were stopped: 0.0021869 seconds, Stopping threads took: 0.0000987 seconds
2024-10-02T03:16:01.158+0300: 16.164: Application time: 0.3124457 seconds
2024-10-02T03:16:01.158+0300: 16.164: Total time for which application threads were stopped: 0.0004047 seconds, Stopping threads took: 0.0003593 seconds
2024-10-02T03:16:03.982+0300: 18.985: Application time: 2.8206991 seconds
2024-10-02T03:16:03.982+0300: 18.985: [GC (Allocation Failure) 2024-10-02T03:16:03.982+0300: 18.985: [DefNew: 2242400K->6533K(2516544K), 0.0025975 secs] 2246105K->10238K(8108992K), 0.0027005 secs] [Times: user=0.00 sys=0.00, real=0.00 secs] 
2024-10-02T03:16:03.982+0300: 18.988: Total time for which application threads were stopped: 0.0029526 seconds, Stopping threads took: 0.0001185 seconds
2024-10-02T03:16:07.045+0300: 22.060: Application time: 3.0727419 seconds
2024-10-02T03:16:07.045+0300: 22.061: [GC (Allocation Failure) 2024-10-02T03:16:07.045+0300: 22.061: [DefNew: 2243461K->5516K(2516544K), 0.0021181 secs] 2247166K->9221K(8108992K), 0.0022041 secs] [Times: user=0.02 sys=0.00, real=0.01 secs] 
2024-10-02T03:16:07.060+0300: 22.063: Total time for which application threads were stopped: 0.0024789 seconds, Stopping threads took: 0.0001422 seconds
2024-10-02T03:16:10.073+0300: 25.074: Application time: 3.0111564 seconds
2024-10-02T03:16:10.073+0300: 25.075: Total time for which application threads were stopped: 0.0005864 seconds, Stopping threads took: 0.0004917 seconds
2024-10-02T03:16:10.104+0300: 25.117: Application time: 0.0426994 seconds
2024-10-02T03:16:10.104+0300: 25.118: [GC (Allocation Failure) 2024-10-02T03:16:10.104+0300: 25.118: [DefNew: 2242274K->5537K(2516544K), 0.0017926 secs] 2245980K->9242K(8108992K), 0.0018763 secs] [Times: user=0.00 sys=0.00, real=0.00 secs] 
2024-10-02T03:16:10.104+0300: 25.120: Total time for which application threads were stopped: 0.0022508 seconds, Stopping threads took: 0.0002682 seconds
2024-10-02T03:16:11.108+0300: 26.109: Application time: 0.9895714 seconds
2024-10-02T03:16:11.108+0300: 26.110: Total time for which application threads were stopped: 0.0003768 seconds, Stopping threads took: 0.0003176 seconds
2024-10-02T03:16:13.180+0300: 28.185: Application time: 2.0750902 seconds
2024-10-02T03:16:13.180+0300: 28.185: [GC (Allocation Failure) 2024-10-02T03:16:13.180+0300: 28.185: [DefNew: 2241982K->6543K(2516544K), 0.0021205 secs] 2245687K->10249K(8108992K), 0.0021984 secs] [Times: user=0.00 sys=0.00, real=0.00 secs] 
2024-10-02T03:16:13.180+0300: 28.187: Total time for which application threads were stopped: 0.0024751 seconds, Stopping threads took: 0.0001516 seconds
2024-10-02T03:16:16.240+0300: 31.250: Application time: 3.0632052 seconds
2024-10-02T03:16:16.240+0300: 31.251: [GC (Allocation Failure) 2024-10-02T03:16:16.240+0300: 31.251: [DefNew: 2243089K->5526K(2516544K), 0.0020682 secs] 2246794K->9232K(8108992K), 0.0021485 secs] [Times: user=0.00 sys=0.00, real=0.00 secs] 
2024-10-02T03:16:16.240+0300: 31.253: Total time for which application threads were stopped: 0.0024027 seconds, Stopping threads took: 0.0001282 seconds
2024-10-02T03:16:19.302+0300: 34.307: Application time: 3.0537785 seconds
2024-10-02T03:16:19.302+0300: 34.307: [GC (Allocation Failure) 2024-10-02T03:16:19.302+0300: 34.307: [DefNew: 2242361K->6550K(2516544K), 0.0022246 secs] 2246067K->10255K(8108992K), 0.0023088 secs] [Times: user=0.00 sys=0.00, real=0.00 secs] 
2024-10-02T03:16:19.302+0300: 34.309: Total time for which application threads were stopped: 0.0025397 seconds, Stopping threads took: 0.0001018 seconds
2024-10-02T03:16:20.306+0300: 35.308: Application time: 0.9986926 seconds
2024-10-02T03:16:20.306+0300: 35.308: Total time for which application threads were stopped: 0.0002605 seconds, Stopping threads took: 0.0002110 seconds
2024-10-02T03:16:22.366+0300: 37.377: Application time: 2.0693937 seconds
2024-10-02T03:16:22.366+0300: 37.378: [GC (Allocation Failure) 2024-10-02T03:16:22.366+0300: 37.378: [DefNew: 2243478K->5545K(2516544K), 0.0020180 secs] 2247183K->9251K(8108992K), 0.0021150 secs] [Times: user=0.00 sys=0.00, real=0.00 secs] 
2024-10-02T03:16:22.366+0300: 37.380: Total time for which application threads were stopped: 0.0023846 seconds, Stopping threads took: 0.0001265 seconds
2024-10-02T03:16:25.439+0300: 40.456: Application time: 3.0756961 seconds
2024-10-02T03:16:25.439+0300: 40.456: [GC (Allocation Failure) 2024-10-02T03:16:25.439+0300: 40.456: [DefNew: 2242322K->4544K(2516544K), 0.0019592 secs] 2246027K->8249K(8108992K), 0.0020555 secs] [Times: user=0.00 sys=0.00, real=0.02 secs] 
2024-10-02T03:16:25.455+0300: 40.458: Total time for which application threads were stopped: 0.0024234 seconds, Stopping threads took: 0.0002343 seconds
2024-10-02T03:16:28.517+0300: 43.530: Application time: 3.0721272 seconds
2024-10-02T03:16:28.517+0300: 43.530: [GC (Allocation Failure) 2024-10-02T03:16:28.517+0300: 43.530: [DefNew: 2241472K->5541K(2516544K), 0.0019574 secs] 2245177K->9246K(8108992K), 0.0020309 secs] [Times: user=0.00 sys=0.00, real=0.00 secs] 
2024-10-02T03:16:28.517+0300: 43.532: Total time for which application threads were stopped: 0.0023438 seconds, Stopping threads took: 0.0001942 seconds
2024-10-02T03:16:31.530+0300: 46.531: Application time: 2.9985783 seconds
2024-10-02T03:16:31.530+0300: 46.531: Total time for which application threads were stopped: 0.0002751 seconds, Stopping threads took: 0.0002193 seconds
2024-10-02T03:16:31.592+0300: 46.596: Application time: 0.0643841 seconds
2024-10-02T03:16:31.592+0300: 46.596: [GC (Allocation Failure) 2024-10-02T03:16:31.592+0300: 46.596: [DefNew: 2242469K->6563K(2516544K), 0.0021430 secs] 2246174K->10269K(8108992K), 0.0022187 secs] [Times: user=0.00 sys=0.00, real=0.00 secs] 
2024-10-02T03:16:31.592+0300: 46.598: Total time for which application threads were stopped: 0.0025641 seconds, Stopping threads took: 0.0002533 seconds
2024-10-02T03:16:34.654+0300: 49.668: Application time: 3.0695167 seconds
2024-10-02T03:16:34.654+0300: 49.668: [GC (Allocation Failure) 2024-10-02T03:16:34.654+0300: 49.668: [DefNew: 2243491K->4353K(2516544K), 0.0022653 secs] 2247197K->9267K(8108992K), 0.0023446 secs] [Times: user=0.00 sys=0.00, real=0.00 secs] 
2024-10-02T03:16:34.654+0300: 49.670: Total time for which application threads were stopped: 0.0026558 seconds, Stopping threads took: 0.0001982 seconds
2024-10-02T03:16:37.730+0300: 52.743: Application time: 3.0721059 seconds
2024-10-02T03:16:37.730+0300: 52.743: [GC (Allocation Failure) 2024-10-02T03:16:37.730+0300: 52.743: [DefNew: 2241281K->4347K(2516544K), 0.0015401 secs] 2246195K->9271K(8108992K), 0.0016377 secs] [Times: user=0.00 sys=0.00, real=0.00 secs] 
2024-10-02T03:16:37.730+0300: 52.744: Total time for which application threads were stopped: 0.0019051 seconds, Stopping threads took: 0.0001180 seconds
2024-10-02T03:16:40.805+0300: 55.810: Application time: 3.0655698 seconds
2024-10-02T03:16:40.805+0300: 55.810: [GC (Allocation Failure) 2024-10-02T03:16:40.805+0300: 55.810: [DefNew: 2241275K->5352K(2516544K), 0.0015509 secs] 2246199K->10279K(8108992K), 0.0016234 secs] [Times: user=0.00 sys=0.00, real=0.00 secs] 
2024-10-02T03:16:40.805+0300: 55.812: Total time for which application threads were stopped: 0.0018922 seconds, Stopping threads took: 0.0001719 seconds
2024-10-02T03:16:43.882+0300: 58.885: Application time: 3.0734792 seconds
2024-10-02T03:16:43.882+0300: 58.886: [GC (Allocation Failure) 2024-10-02T03:16:43.882+0300: 58.886: [DefNew: 2241812K->3307K(2516544K), 0.0012000 secs] 2246739K->8237K(8108992K), 0.0012747 secs] [Times: user=0.00 sys=0.00, real=0.00 secs] 
2024-10-02T03:16:43.882+0300: 58.887: Total time for which application threads were stopped: 0.0015167 seconds, Stopping threads took: 0.0001370 seconds
2024-10-02T03:16:46.943+0300: 61.956: Application time: 3.0692455 seconds
2024-10-02T03:16:46.943+0300: 61.956: [GC (Allocation Failure) 2024-10-02T03:16:46.943+0300: 61.956: [DefNew: 2239838K->5352K(2516544K), 0.0014920 secs] 2244769K->10286K(8108992K), 0.0015607 secs] [Times: user=0.00 sys=0.00, real=0.00 secs] 
2024-10-02T03:16:46.943+0300: 61.958: Total time for which application threads were stopped: 0.0018834 seconds, Stopping threads took: 0.0002260 seconds
2024-10-02T03:16:50.004+0300: 65.019: Application time: 3.0611914 seconds
2024-10-02T03:16:50.004+0300: 65.020: [GC (Allocation Failure) 2024-10-02T03:16:50.004+0300: 65.020: [DefNew: 2241959K->4322K(2516544K), 0.0014500 secs] 2246893K->9267K(8108992K), 0.0015391 secs] [Times: user=0.00 sys=0.00, real=0.00 secs] 
2024-10-02T03:16:50.004+0300: 65.021: Total time for which application threads were stopped: 0.0019683 seconds, Stopping threads took: 0.0002762 seconds
2024-10-02T03:16:53.081+0300: 68.093: Application time: 3.0715166 seconds
2024-10-02T03:16:53.081+0300: 68.093: [GC (Allocation Failure) 2024-10-02T03:16:53.081+0300: 68.093: [DefNew: 2241250K->4323K(2516544K), 0.0013244 secs] 2246195K->9271K(8108992K), 0.0013981 secs] [Times: user=0.00 sys=0.00, real=0.00 secs] 
2024-10-02T03:16:53.081+0300: 68.094: Total time for which application threads were stopped: 0.0017167 seconds, Stopping threads took: 0.0001881 seconds
2024-10-02T03:16:56.160+0300: 71.168: Application time: 3.0739329 seconds
2024-10-02T03:16:56.160+0300: 71.169: [GC (Allocation Failure) 2024-10-02T03:16:56.160+0300: 71.169: [DefNew: 2241251K->3321K(2516544K), 0.0012086 secs] 2246199K->8273K(8108992K), 0.0014701 secs] [Times: user=0.00 sys=0.00, real=0.00 secs] 
2024-10-02T03:16:56.160+0300: 71.170: Total time for which application threads were stopped: 0.0017811 seconds, Stopping threads took: 0.0001587 seconds
2024-10-02T03:16:59.220+0300: 74.230: Application time: 3.0602264 seconds
2024-10-02T03:16:59.220+0300: 74.231: [GC (Allocation Failure) 2024-10-02T03:16:59.220+0300: 74.231: [DefNew: 2240249K->5345K(2516544K), 0.0015978 secs] 2245201K->10300K(8108992K), 0.0016772 secs] [Times: user=0.00 sys=0.00, real=0.00 secs] 
2024-10-02T03:16:59.220+0300: 74.232: Total time for which application threads were stopped: 0.0019694 seconds, Stopping threads took: 0.0001874 seconds
2024-10-02T03:17:02.328+0300: 77.335: Application time: 3.1027852 seconds
2024-10-02T03:17:02.328+0300: 77.335: [GC (Allocation Failure) 2024-10-02T03:17:02.328+0300: 77.335: [DefNew: 2242273K->3316K(2516544K), 0.0011469 secs] 2247228K->8275K(8108992K), 0.0012169 secs] [Times: user=0.00 sys=0.00, real=0.00 secs] 
2024-10-02T03:17:02.328+0300: 77.337: Total time for which application threads were stopped: 0.0014436 seconds, Stopping threads took: 0.0001182 seconds
2024-10-02T03:17:05.405+0300: 80.414: Application time: 3.0777855 seconds
2024-10-02T03:17:05.405+0300: 80.415: [GC (Allocation Failure) 2024-10-02T03:17:05.405+0300: 80.415: [DefNew: 2239485K->4340K(2516544K), 0.0012720 secs] 2244444K->9302K(8108992K), 0.0013278 secs] [Times: user=0.00 sys=0.00, real=0.00 secs] 
2024-10-02T03:17:05.405+0300: 80.416: Total time for which application threads were stopped: 0.0015944 seconds, Stopping threads took: 0.0001652 seconds
2024-10-02T03:17:08.496+0300: 83.506: Application time: 3.0901561 seconds
2024-10-02T03:17:08.496+0300: 83.506: [GC (Allocation Failure) 2024-10-02T03:17:08.496+0300: 83.506: [DefNew: 2241268K->4342K(2516544K), 0.0012979 secs] 2246230K->9308K(8108992K), 0.0014066 secs] [Times: user=0.00 sys=0.00, real=0.00 secs] 
2024-10-02T03:17:08.496+0300: 83.508: Total time for which application threads were stopped: 0.0017298 seconds, Stopping threads took: 0.0001817 seconds
2024-10-02T03:17:11.590+0300: 86.596: Application time: 3.0883958 seconds
2024-10-02T03:17:11.590+0300: 86.597: [GC (Allocation Failure) 2024-10-02T03:17:11.590+0300: 86.597: [DefNew: 2241270K->5344K(2516544K), 0.0015914 secs] 2246236K->10313K(8108992K), 0.0016699 secs] [Times: user=0.00 sys=0.00, real=0.00 secs] 
2024-10-02T03:17:11.590+0300: 86.598: Total time for which application threads were stopped: 0.0020684 seconds, Stopping threads took: 0.0002560 seconds
2024-10-02T03:17:14.604+0300: 89.605: Application time: 3.0068004 seconds
2024-10-02T03:17:14.604+0300: 89.605: Total time for which application threads were stopped: 0.0002996 seconds, Stopping threads took: 0.0002098 seconds
2024-10-02T03:17:14.666+0300: 89.672: Application time: 0.0667728 seconds
2024-10-02T03:17:14.666+0300: 89.672: [GC (Allocation Failure) 2024-10-02T03:17:14.666+0300: 89.672: [DefNew: 2242272K->5345K(2516544K), 0.0015226 secs] 2247241K->10317K(8108992K), 0.0015974 secs] [Times: user=0.00 sys=0.00, real=0.00 secs] 
2024-10-02T03:17:14.666+0300: 89.674: Total time for which application threads were stopped: 0.0018568 seconds, Stopping threads took: 0.0001613 seconds
2024-10-02T03:17:15.671+0300: 90.672: Application time: 0.9982038 seconds
2024-10-02T03:17:15.671+0300: 90.673: Total time for which application threads were stopped: 0.0002669 seconds, Stopping threads took: 0.0002026 seconds
2024-10-02T03:17:17.741+0300: 92.743: Application time: 2.0700092 seconds
2024-10-02T03:17:17.741+0300: 92.743: [GC (Allocation Failure) 2024-10-02T03:17:17.741+0300: 92.743: [DefNew: 2242273K->4327K(2516544K), 0.0013367 secs] 2247245K->9303K(8108992K), 0.0014174 secs] [Times: user=0.00 sys=0.00, real=0.00 secs] 
2024-10-02T03:17:17.741+0300: 92.744: Total time for which application threads were stopped: 0.0017376 seconds, Stopping threads took: 0.0002025 seconds
2024-10-02T03:17:20.803+0300: 95.814: Application time: 3.0697358 seconds
2024-10-02T03:17:20.803+0300: 95.814: [GC (Allocation Failure) 2024-10-02T03:17:20.803+0300: 95.814: [DefNew: 2241255K->3316K(2516544K), 0.0014454 secs] 2246231K->8295K(8108992K), 0.0015246 secs] [Times: user=0.00 sys=0.00, real=0.00 secs] 
2024-10-02T03:17:20.803+0300: 95.816: Total time for which application threads were stopped: 0.0017360 seconds, Stopping threads took: 0.0000919 seconds
2024-10-02T03:17:23.879+0300: 98.886: Application time: 3.0706332 seconds
2024-10-02T03:17:23.879+0300: 98.887: [GC (Allocation Failure) 2024-10-02T03:17:23.879+0300: 98.887: [DefNew: 2240244K->4323K(2516544K), 0.0014389 secs] 2245223K->9305K(8108992K), 0.0015231 secs] [Times: user=0.00 sys=0.00, real=0.00 secs] 
2024-10-02T03:17:23.879+0300: 98.888: Total time for which application threads were stopped: 0.0017882 seconds, Stopping threads took: 0.0001624 seconds
2024-10-02T03:17:26.940+0300: 101.953: Application time: 3.0646112 seconds
2024-10-02T03:17:26.940+0300: 101.953: [GC (Allocation Failure) 2024-10-02T03:17:26.940+0300: 101.953: [DefNew: 2240865K->4323K(2516544K), 0.0012849 secs] 2245848K->9310K(8108992K), 0.0013634 secs] [Times: user=0.00 sys=0.00, real=0.00 secs] 
2024-10-02T03:17:26.940+0300: 101.954: Total time for which application threads were stopped: 0.0016812 seconds, Stopping threads took: 0.0001981 seconds
2024-10-02T03:17:30.017+0300: 105.023: Application time: 3.0686431 seconds
2024-10-02T03:17:30.017+0300: 105.023: [GC (Allocation Failure) 2024-10-02T03:17:30.017+0300: 105.023: [DefNew: 2241251K->5344K(2516544K), 0.0016436 secs] 2246238K->10334K(8108992K), 0.0017220 secs] [Times: user=0.00 sys=0.00, real=0.00 secs] 
2024-10-02T03:17:30.017+0300: 105.025: Total time for which application threads were stopped: 0.0019527 seconds, Stopping threads took: 0.0001176 seconds
2024-10-02T03:17:31.021+0300: 106.022: Application time: 0.9971933 seconds
2024-10-02T03:17:31.021+0300: 106.023: Total time for which application threads were stopped: 0.0003979 seconds, Stopping threads took: 0.0003286 seconds
2024-10-02T03:17:33.092+0300: 108.096: Application time: 2.0736026 seconds
2024-10-02T03:17:33.092+0300: 108.097: [GC (Allocation Failure) 2024-10-02T03:17:33.092+0300: 108.097: [DefNew: 2242272K->2295K(2516544K), 0.0009313 secs] 2247262K->7288K(8108992K), 0.0010059 secs] [Times: user=0.00 sys=0.00, real=0.00 secs] 
2024-10-02T03:17:33.092+0300: 108.098: Total time for which application threads were stopped: 0.0012758 seconds, Stopping threads took: 0.0001660 seconds
2024-10-02T03:17:36.152+0300: 111.157: Application time: 3.0592584 seconds
2024-10-02T03:17:36.152+0300: 111.157: [GC (Allocation Failure) 2024-10-02T03:17:36.152+0300: 111.157: [DefNew: 2239223K->4339K(2516544K), 0.0013810 secs] 2244216K->9336K(8108992K), 0.0014558 secs] [Times: user=0.00 sys=0.00, real=0.00 secs] 
2024-10-02T03:17:36.152+0300: 111.159: Total time for which application threads were stopped: 0.0019866 seconds, Stopping threads took: 0.0004215 seconds
2024-10-02T03:17:39.228+0300: 114.231: Application time: 3.0721558 seconds
2024-10-02T03:17:39.228+0300: 114.231: [GC (Allocation Failure) 2024-10-02T03:17:39.228+0300: 114.231: [DefNew: 2241267K->3314K(2516544K), 0.0012356 secs] 2246264K->8314K(8108992K), 0.0013267 secs] [Times: user=0.00 sys=0.00, real=0.00 secs] 
2024-10-02T03:17:39.228+0300: 114.233: Total time for which application threads were stopped: 0.0016435 seconds, Stopping threads took: 0.0001889 seconds
2024-10-02T03:17:42.290+0300: 117.298: Application time: 3.0655579 seconds
2024-10-02T03:17:42.290+0300: 117.298: [GC (Allocation Failure) 2024-10-02T03:17:42.290+0300: 117.299: [DefNew: 2240242K->3318K(2516544K), 0.0011420 secs] 2245242K->8321K(8108992K), 0.0012154 secs] [Times: user=0.00 sys=0.00, real=0.00 secs] 
2024-10-02T03:17:42.290+0300: 117.300: Total time for which application threads were stopped: 0.0015404 seconds, Stopping threads took: 0.0002236 seconds
2024-10-02T03:17:45.367+0300: 120.377: Application time: 3.0777576 seconds
2024-10-02T03:17:45.367+0300: 120.378: [GC (Allocation Failure) 2024-10-02T03:17:45.367+0300: 120.378: [DefNew: 2240246K->3319K(2516544K), 0.0010796 secs] 2245249K->8326K(8108992K), 0.0011585 secs] [Times: user=0.00 sys=0.00, real=0.00 secs] 
2024-10-02T03:17:45.367+0300: 120.379: Total time for which application threads were stopped: 0.0014759 seconds, Stopping threads took: 0.0002041 seconds
2024-10-02T03:17:48.443+0300: 123.452: Application time: 3.0730348 seconds
2024-10-02T03:17:48.443+0300: 123.452: [GC (Allocation Failure) 2024-10-02T03:17:48.443+0300: 123.452: [DefNew: 2240247K->3317K(2516544K), 0.0011958 secs] 2245254K->8328K(8108992K), 0.0012830 secs] [Times: user=0.00 sys=0.00, real=0.01 secs] 
2024-10-02T03:17:48.451+0300: 123.454: Total time for which application threads were stopped: 0.0015404 seconds, Stopping threads took: 0.0001387 seconds
2024-10-02T03:17:51.522+0300: 126.524: Application time: 3.0706325 seconds
2024-10-02T03:17:51.522+0300: 126.524: [GC (Allocation Failure) 2024-10-02T03:17:51.522+0300: 126.524: [DefNew: 2239380K->3303K(2516544K), 0.0012910 secs] 2244390K->8317K(8108992K), 0.0013690 secs] [Times: user=0.00 sys=0.00, real=0.00 secs] 
2024-10-02T03:17:51.522+0300: 126.526: Total time for which application threads were stopped: 0.0016434 seconds, Stopping threads took: 0.0001646 seconds
2024-10-02T03:17:54.582+0300: 129.591: Application time: 3.0655672 seconds
2024-10-02T03:17:54.582+0300: 129.592: [GC (Allocation Failure) 2024-10-02T03:17:54.582+0300: 129.592: [DefNew: 2240231K->5347K(2516544K), 0.0015748 secs] 2245245K->10364K(8108992K), 0.0016485 secs] [Times: user=0.00 sys=0.00, real=0.00 secs] 
2024-10-02T03:17:54.582+0300: 129.593: Total time for which application threads were stopped: 0.0019617 seconds, Stopping threads took: 0.0002140 seconds
2024-10-02T03:17:57.659+0300: 132.667: Application time: 3.0735946 seconds
2024-10-02T03:17:57.659+0300: 132.667: [GC (Allocation Failure) 2024-10-02T03:17:57.659+0300: 132.667: [DefNew: 2241373K->4325K(2516544K), 0.0013287 secs] 2246390K->9345K(8108992K), 0.0014034 secs] [Times: user=0.00 sys=0.00, real=0.00 secs] 
2024-10-02T03:17:57.659+0300: 132.669: Total time for which application threads were stopped: 0.0017358 seconds, Stopping threads took: 0.0002308 seconds
2024-10-02T03:18:00.735+0300: 135.748: Application time: 3.0791242 seconds
2024-10-02T03:18:00.735+0300: 135.748: [GC (Allocation Failure) 2024-10-02T03:18:00.735+0300: 135.748: [DefNew: 2241253K->4340K(2516544K), 0.0016596 secs] 2246273K->9364K(8108992K), 0.0017653 secs] [Times: user=0.00 sys=0.00, real=0.00 secs] 
2024-10-02T03:18:00.735+0300: 135.750: Total time for which application threads were stopped: 0.0021027 seconds, Stopping threads took: 0.0002095 seconds
2024-10-02T03:18:03.811+0300: 138.822: Application time: 3.0719478 seconds
2024-10-02T03:18:03.811+0300: 138.822: [GC (Allocation Failure) 2024-10-02T03:18:03.811+0300: 138.822: [DefNew: 2240714K->4323K(2516544K), 0.0013946 secs] 2245738K->9351K(8108992K), 0.0014788 secs] [Times: user=0.00 sys=0.00, real=0.00 secs] 
2024-10-02T03:18:03.811+0300: 138.824: Total time for which application threads were stopped: 0.0018023 seconds, Stopping threads took: 0.0002083 seconds
2024-10-02T03:18:06.891+0300: 141.902: Application time: 3.0778775 seconds
2024-10-02T03:18:06.891+0300: 141.902: [GC (Allocation Failure) 2024-10-02T03:18:06.891+0300: 141.902: [DefNew: 2241251K->5348K(2516544K), 0.0015491 secs] 2246279K->10379K(8108992K), 0.0016245 secs] [Times: user=0.00 sys=0.00, real=0.00 secs] 
2024-10-02T03:18:06.891+0300: 141.903: Total time for which application threads were stopped: 0.0018838 seconds, Stopping threads took: 0.0001470 seconds
2024-10-02T03:18:09.963+0300: 144.966: Application time: 3.0624784 seconds
2024-10-02T03:18:09.963+0300: 144.966: [GC (Allocation Failure) 2024-10-02T03:18:09.963+0300: 144.966: [DefNew: 2241377K->5347K(2516544K), 0.0015681 secs] 2246408K->10381K(8108992K), 0.0016458 secs] [Times: user=0.00 sys=0.00, real=0.00 secs] 
2024-10-02T03:18:09.963+0300: 144.968: Total time for which application threads were stopped: 0.0019344 seconds, Stopping threads took: 0.0001633 seconds
2024-10-02T03:18:13.054+0300: 148.064: Application time: 3.0962288 seconds
2024-10-02T03:18:13.054+0300: 148.064: [GC (Allocation Failure) 2024-10-02T03:18:13.054+0300: 148.064: [DefNew: 2242275K->5348K(2516544K), 0.0017210 secs] 2247309K->10386K(8108992K), 0.0018034 secs] [Times: user=0.00 sys=0.00, real=0.00 secs] 
2024-10-02T03:18:13.054+0300: 148.066: Total time for which application threads were stopped: 0.0020463 seconds, Stopping threads took: 0.0001288 seconds
2024-10-02T03:18:16.146+0300: 151.151: Application time: 3.0853126 seconds
2024-10-02T03:18:16.146+0300: 151.152: [GC (Allocation Failure) 2024-10-02T03:18:16.146+0300: 151.152: [DefNew: 2241463K->5345K(2516544K), 0.0015929 secs] 2246500K->10386K(8108992K), 0.0016680 secs] [Times: user=0.00 sys=0.00, real=0.00 secs] 
2024-10-02T03:18:16.146+0300: 151.153: Total time for which application threads were stopped: 0.0019243 seconds, Stopping threads took: 0.0001514 seconds
2024-10-02T03:18:19.221+0300: 154.238: Application time: 3.0844091 seconds
2024-10-02T03:18:19.237+0300: 154.238: [GC (Allocation Failure) 2024-10-02T03:18:19.237+0300: 154.238: [DefNew: 2241806K->4324K(2516544K), 0.0014142 secs] 2246847K->9369K(8108992K), 0.0014892 secs] [Times: user=0.00 sys=0.00, real=0.00 secs] 
2024-10-02T03:18:19.237+0300: 154.240: Total time for which application threads were stopped: 0.0018153 seconds, Stopping threads took: 0.0001681 seconds
2024-10-02T03:18:22.324+0300: 157.331: Application time: 3.0913752 seconds
2024-10-02T03:18:22.324+0300: 157.331: [GC (Allocation Failure) 2024-10-02T03:18:22.324+0300: 157.331: [DefNew: 2240256K->5347K(2516544K), 0.0018227 secs] 2245301K->10395K(8108992K), 0.0019290 secs] [Times: user=0.00 sys=0.00, real=0.01 secs] 
2024-10-02T03:18:22.330+0300: 157.333: Total time for which application threads were stopped: 0.0023567 seconds, Stopping threads took: 0.0002710 seconds
2024-10-02T03:18:25.420+0300: 160.422: Application time: 3.0889997 seconds
2024-10-02T03:18:25.420+0300: 160.423: [GC (Allocation Failure) 2024-10-02T03:18:25.420+0300: 160.423: [DefNew: 2241688K->5345K(2516544K), 0.0014535 secs] 2246736K->10396K(8108992K), 0.0015262 secs] [Times: user=0.00 sys=0.00, real=0.00 secs] 
2024-10-02T03:18:25.420+0300: 160.424: Total time for which application threads were stopped: 0.0018114 seconds, Stopping threads took: 0.0001920 seconds
2024-10-02T03:18:27.429+0300: 162.431: Application time: 2.0063741 seconds
2024-10-02T03:18:27.429+0300: 162.431: Total time for which application threads were stopped: 0.0002618 seconds, Stopping threads took: 0.0001988 seconds
2024-10-02T03:18:28.497+0300: 163.505: Application time: 1.0737563 seconds
2024-10-02T03:18:28.497+0300: 163.505: [GC (Allocation Failure) 2024-10-02T03:18:28.497+0300: 163.505: [DefNew: 2241377K->5345K(2516544K), 0.0015418 secs] 2246429K->10400K(8108992K), 0.0016176 secs] [Times: user=0.00 sys=0.00, real=0.00 secs] 
2024-10-02T03:18:28.497+0300: 163.506: Total time for which application threads were stopped: 0.0019296 seconds, Stopping threads took: 0.0002122 seconds
2024-10-02T03:18:31.574+0300: 166.588: Application time: 3.0810895 seconds
2024-10-02T03:18:31.574+0300: 166.588: [GC (Allocation Failure) 2024-10-02T03:18:31.574+0300: 166.588: [DefNew: 2242273K->5345K(2516544K), 0.0016744 secs] 2247328K->10404K(8108992K), 0.0017853 secs] [Times: user=0.00 sys=0.00, real=0.00 secs] 
2024-10-02T03:18:31.574+0300: 166.590: Total time for which application threads were stopped: 0.0020168 seconds, Stopping threads took: 0.0000894 seconds
2024-10-02T03:18:34.650+0300: 169.667: Application time: 3.0770721 seconds
2024-10-02T03:18:34.666+0300: 169.667: [GC (Allocation Failure) 2024-10-02T03:18:34.666+0300: 169.667: [DefNew: 2242273K->4342K(2516544K), 0.0013451 secs] 2247332K->9404K(8108992K), 0.0014375 secs] [Times: user=0.00 sys=0.00, real=0.00 secs] 
2024-10-02T03:18:34.666+0300: 169.668: Total time for which application threads were stopped: 0.0017823 seconds, Stopping threads took: 0.0002225 seconds
2024-10-02T03:18:35.670+0300: 170.671: Application time: 1.0027822 seconds
2024-10-02T03:18:35.670+0300: 170.672: Total time for which application threads were stopped: 0.0003273 seconds, Stopping threads took: 0.0002705 seconds
2024-10-02T03:18:37.758+0300: 172.766: Application time: 2.0948293 seconds
2024-10-02T03:18:37.758+0300: 172.767: [GC (Allocation Failure) 2024-10-02T03:18:37.758+0300: 172.767: [DefNew: 2241270K->3318K(2516544K), 0.0011501 secs] 2246332K->8383K(8108992K), 0.0012722 secs] [Times: user=0.00 sys=0.00, real=0.00 secs] 
2024-10-02T03:18:37.758+0300: 172.768: Total time for which application threads were stopped: 0.0015512 seconds, Stopping threads took: 0.0001571 seconds
2024-10-02T03:18:40.835+0300: 175.843: Application time: 3.0754875 seconds
2024-10-02T03:18:40.835+0300: 175.844: [GC (Allocation Failure) 2024-10-02T03:18:40.835+0300: 175.844: [DefNew: 2240246K->5345K(2516544K), 0.0014697 secs] 2245311K->10414K(8108992K), 0.0015440 secs] [Times: user=0.00 sys=0.00, real=0.00 secs] 
2024-10-02T03:18:40.835+0300: 175.845: Total time for which application threads were stopped: 0.0018570 seconds, Stopping threads took: 0.0002200 seconds
2024-10-02T03:18:43.958+0300: 178.961: Application time: 3.1159301 seconds
2024-10-02T03:18:43.958+0300: 178.962: [GC (Allocation Failure) 2024-10-02T03:18:43.958+0300: 178.962: [DefNew: 2241450K->5348K(2516544K), 0.0015905 secs] 2246519K->10420K(8108992K), 0.0016549 secs] [Times: user=0.00 sys=0.00, real=0.00 secs] 
2024-10-02T03:18:43.958+0300: 178.963: Total time for which application threads were stopped: 0.0019437 seconds, Stopping threads took: 0.0001688 seconds
2024-10-02T03:18:47.081+0300: 182.092: Application time: 3.1285271 seconds
2024-10-02T03:18:47.081+0300: 182.092: [GC (Allocation Failure) 2024-10-02T03:18:47.081+0300: 182.092: [DefNew: 2242276K->4323K(2516544K), 0.0014769 secs] 2247348K->9399K(8108992K), 0.0015569 secs] [Times: user=0.00 sys=0.00, real=0.00 secs] 
2024-10-02T03:18:47.081+0300: 182.094: Total time for which application threads were stopped: 0.0018954 seconds, Stopping threads took: 0.0002310 seconds
2024-10-02T03:18:50.172+0300: 185.183: Application time: 3.0895468 seconds
2024-10-02T03:18:50.172+0300: 185.183: [GC (Allocation Failure) 2024-10-02T03:18:50.172+0300: 185.183: [DefNew: 2241251K->4324K(2516544K), 0.0014326 secs] 2246327K->9403K(8108992K), 0.0015138 secs] [Times: user=0.02 sys=0.00, real=0.01 secs] 
2024-10-02T03:18:50.183+0300: 185.185: Total time for which application threads were stopped: 0.0018179 seconds, Stopping threads took: 0.0001952 seconds
2024-10-02T03:18:53.266+0300: 188.273: Application time: 3.0879212 seconds
2024-10-02T03:18:53.266+0300: 188.273: [GC (Allocation Failure) 2024-10-02T03:18:53.266+0300: 188.273: [DefNew: 2240912K->5350K(2516544K), 0.0014539 secs] 2245991K->10433K(8108992K), 0.0015418 secs] [Times: user=0.00 sys=0.00, real=0.00 secs] 
2024-10-02T03:18:53.266+0300: 188.275: Total time for which application threads were stopped: 0.0017143 seconds, Stopping threads took: 0.0000718 seconds
2024-10-02T03:18:56.360+0300: 191.362: Application time: 3.0877605 seconds
2024-10-02T03:18:56.360+0300: 191.363: [GC (Allocation Failure) 2024-10-02T03:18:56.360+0300: 191.363: [DefNew: 2242278K->3316K(2516544K), 0.0012886 secs] 2247361K->8402K(8108992K), 0.0013559 secs] [Times: user=0.00 sys=0.00, real=0.00 secs] 
2024-10-02T03:18:56.362+0300: 191.364: Total time for which application threads were stopped: 0.0016659 seconds, Stopping threads took: 0.0001803 seconds
2024-10-02T03:18:59.437+0300: 194.441: Application time: 3.0769317 seconds
2024-10-02T03:18:59.437+0300: 194.441: [GC (Allocation Failure) 2024-10-02T03:18:59.437+0300: 194.441: [DefNew: 2240244K->4339K(2516544K), 0.0017319 secs] 2245330K->9429K(8108992K), 0.0018230 secs] [Times: user=0.00 sys=0.00, real=0.00 secs] 
2024-10-02T03:18:59.437+0300: 194.443: Total time for which application threads were stopped: 0.0020849 seconds, Stopping threads took: 0.0001372 seconds
2024-10-02T03:19:02.529+0300: 197.532: Application time: 3.0889708 seconds
2024-10-02T03:19:02.529+0300: 197.532: [GC (Allocation Failure) 2024-10-02T03:19:02.529+0300: 197.532: [DefNew: 2240471K->3315K(2516544K), 0.0012185 secs] 2245560K->8408K(8108992K), 0.0013679 secs] [Times: user=0.00 sys=0.00, real=0.00 secs] 
2024-10-02T03:19:02.531+0300: 197.534: Total time for which application threads were stopped: 0.0016762 seconds, Stopping threads took: 0.0001888 seconds
2024-10-02T03:19:05.606+0300: 200.610: Application time: 3.0761417 seconds
2024-10-02T03:19:05.606+0300: 200.610: [GC (Allocation Failure) 2024-10-02T03:19:05.606+0300: 200.610: [DefNew: 2240243K->4336K(2516544K), 0.0013859 secs] 2245336K->9432K(8108992K), 0.0014610 secs] [Times: user=0.00 sys=0.00, real=0.00 secs] 
2024-10-02T03:19:05.606+0300: 200.612: Total time for which application threads were stopped: 0.0017630 seconds, Stopping threads took: 0.0001942 seconds
2024-10-02T03:19:08.683+0300: 203.685: Application time: 3.0736801 seconds
2024-10-02T03:19:08.683+0300: 203.686: [GC (Allocation Failure) 2024-10-02T03:19:08.683+0300: 203.686: [DefNew: 2240381K->5344K(2516544K), 0.0015644 secs] 2245477K->10443K(8108992K), 0.0016269 secs] [Times: user=0.00 sys=0.00, real=0.00 secs] 
2024-10-02T03:19:08.686+0300: 203.687: Total time for which application threads were stopped: 0.0019194 seconds, Stopping threads took: 0.0001947 seconds
2024-10-02T03:19:11.775+0300: 206.779: Application time: 3.0917666 seconds
2024-10-02T03:19:11.775+0300: 206.779: [GC (Allocation Failure) 2024-10-02T03:19:11.775+0300: 206.779: [DefNew: 2242272K->5345K(2516544K), 0.0017702 secs] 2247371K->10448K(8108992K), 0.0018881 secs] [Times: user=0.00 sys=0.00, real=0.00 secs] 
2024-10-02T03:19:11.775+0300: 206.781: Total time for which application threads were stopped: 0.0021730 seconds, Stopping threads took: 0.0001755 seconds
2024-10-02T03:19:14.836+0300: 209.845: Application time: 3.0642144 seconds
2024-10-02T03:19:14.836+0300: 209.846: [GC (Allocation Failure) 2024-10-02T03:19:14.836+0300: 209.846: [DefNew: 2242273K->5344K(2516544K), 0.0015503 secs] 2247376K->10451K(8108992K), 0.0016284 secs] [Times: user=0.00 sys=0.00, real=0.00 secs] 
2024-10-02T03:19:14.836+0300: 209.847: Total time for which application threads were stopped: 0.0019703 seconds, Stopping threads took: 0.0002324 seconds
2024-10-02T03:19:17.928+0300: 212.937: Application time: 3.0900084 seconds
2024-10-02T03:19:17.928+0300: 212.938: [GC (Allocation Failure) 2024-10-02T03:19:17.928+0300: 212.938: [DefNew: 2241861K->5346K(2516544K), 0.0015814 secs] 2246968K->10456K(8108992K), 0.0016850 secs] [Times: user=0.00 sys=0.00, real=0.00 secs] 
2024-10-02T03:19:17.928+0300: 212.939: Total time for which application threads were stopped: 0.0019310 seconds, Stopping threads took: 0.0001184 seconds
2024-10-02T03:19:21.004+0300: 216.014: Application time: 3.0746500 seconds
2024-10-02T03:19:21.004+0300: 216.014: [GC (Allocation Failure) 2024-10-02T03:19:21.004+0300: 216.014: [DefNew: 2242274K->4324K(2516544K), 0.0015559 secs] 2247384K->9438K(8108992K), 0.0016729 secs] [Times: user=0.00 sys=0.00, real=0.00 secs] 
2024-10-02T03:19:21.004+0300: 216.016: Total time for which application threads were stopped: 0.0019139 seconds, Stopping threads took: 0.0001110 seconds
2024-10-02T03:19:24.113+0300: 219.126: Application time: 3.1096224 seconds
2024-10-02T03:19:24.113+0300: 219.126: [GC (Allocation Failure) 2024-10-02T03:19:24.113+0300: 219.126: [DefNew: 2241175K->5348K(2516544K), 0.0017234 secs] 2246289K->10464K(8108992K), 0.0018001 secs] [Times: user=0.00 sys=0.00, real=0.00 secs] 
2024-10-02T03:19:24.113+0300: 219.128: Total time for which application threads were stopped: 0.0021716 seconds, Stopping threads took: 0.0002512 seconds
2024-10-02T03:19:27.223+0300: 222.228: Application time: 3.1004827 seconds
2024-10-02T03:19:27.223+0300: 222.228: [GC (Allocation Failure) 2024-10-02T03:19:27.223+0300: 222.228: [DefNew: 2242266K->4324K(2516544K), 0.0013668 secs] 2247383K->9444K(8108992K), 0.0014430 secs] [Times: user=0.00 sys=0.00, real=0.00 secs] 
2024-10-02T03:19:27.223+0300: 222.230: Total time for which application threads were stopped: 0.0017534 seconds, Stopping threads took: 0.0001305 seconds
2024-10-02T03:19:30.330+0300: 225.338: Application time: 3.1082504 seconds
2024-10-02T03:19:30.330+0300: 225.338: [GC (Allocation Failure) 2024-10-02T03:19:30.330+0300: 225.338: [DefNew: 2240472K->4323K(2516544K), 0.0014881 secs] 2245592K->9447K(8108992K), 0.0015637 secs] [Times: user=0.00 sys=0.00, real=0.00 secs] 
2024-10-02T03:19:30.330+0300: 225.340: Total time for which application threads were stopped: 0.0018252 seconds, Stopping threads took: 0.0001607 seconds
2024-10-02T03:19:33.423+0300: 228.428: Application time: 3.0879361 seconds
2024-10-02T03:19:33.423+0300: 228.428: [GC (Allocation Failure) 2024-10-02T03:19:33.423+0300: 228.428: [DefNew: 2240648K->4322K(2516544K), 0.0014069 secs] 2245772K->9450K(8108992K), 0.0014989 secs] [Times: user=0.00 sys=0.00, real=0.00 secs] 
2024-10-02T03:19:33.423+0300: 228.430: Total time for which application threads were stopped: 0.0017910 seconds, Stopping threads took: 0.0001695 seconds
2024-10-02T03:19:36.516+0300: 231.519: Application time: 3.0894757 seconds
2024-10-02T03:19:36.516+0300: 231.519: [GC (Allocation Failure) 2024-10-02T03:19:36.516+0300: 231.519: [DefNew: 2241250K->5345K(2516544K), 0.0013821 secs] 2246378K->10476K(8108992K), 0.0014565 secs] [Times: user=0.00 sys=0.00, real=0.00 secs] 
2024-10-02T03:19:36.516+0300: 231.521: Total time for which application threads were stopped: 0.0017120 seconds, Stopping threads took: 0.0001654 seconds
2024-10-02T03:19:39.594+0300: 234.608: Application time: 3.0870668 seconds
2024-10-02T03:19:39.594+0300: 234.608: [GC (Allocation Failure) 2024-10-02T03:19:39.594+0300: 234.608: [DefNew: 2241548K->5345K(2516544K), 0.0015380 secs] 2246679K->10479K(8108992K), 0.0016124 secs] [Times: user=0.00 sys=0.00, real=0.00 secs] 
2024-10-02T03:19:39.594+0300: 234.610: Total time for which application threads were stopped: 0.0019002 seconds, Stopping threads took: 0.0001717 seconds
2024-10-02T03:19:42.670+0300: 237.684: Application time: 3.0744577 seconds
2024-10-02T03:19:42.670+0300: 237.685: [GC (Allocation Failure) 2024-10-02T03:19:42.670+0300: 237.685: [DefNew: 2242273K->2316K(2516544K), 0.0009429 secs] 2247407K->7454K(8108992K), 0.0010140 secs] [Times: user=0.00 sys=0.00, real=0.00 secs] 
2024-10-02T03:19:42.670+0300: 237.686: Total time for which application threads were stopped: 0.0013569 seconds, Stopping threads took: 0.0002452 seconds
2024-10-02T03:19:45.760+0300: 240.770: Application time: 3.0842856 seconds
2024-10-02T03:19:45.760+0300: 240.770: [GC (Allocation Failure) 2024-10-02T03:19:45.760+0300: 240.770: [DefNew: 2239244K->5345K(2516544K), 0.0016317 secs] 2244382K->10486K(8108992K), 0.0017227 secs] [Times: user=0.00 sys=0.00, real=0.00 secs] 
2024-10-02T03:19:45.760+0300: 240.772: Total time for which application threads were stopped: 0.0019700 seconds, Stopping threads took: 0.0001041 seconds
2024-10-02T03:19:48.835+0300: 243.850: Application time: 3.0782874 seconds
2024-10-02T03:19:48.835+0300: 243.851: [GC (Allocation Failure) 2024-10-02T03:19:48.835+0300: 243.851: [DefNew: 2241962K->5345K(2516544K), 0.0015231 secs] 2247103K->10490K(8108992K), 0.0016054 secs] [Times: user=0.00 sys=0.00, real=0.00 secs] 
2024-10-02T03:19:48.835+0300: 243.852: Total time for which application threads were stopped: 0.0019516 seconds, Stopping threads took: 0.0002485 seconds
2024-10-02T03:19:51.943+0300: 246.946: Application time: 3.0937101 seconds
2024-10-02T03:19:51.943+0300: 246.946: [GC (Allocation Failure) 2024-10-02T03:19:51.943+0300: 246.946: [DefNew: 2242273K->3332K(2516544K), 0.0011974 secs] 2247418K->8479K(8108992K), 0.0012992 secs] [Times: user=0.00 sys=0.00, real=0.00 secs] 
2024-10-02T03:19:51.943+0300: 246.948: Total time for which application threads were stopped: 0.0015810 seconds, Stopping threads took: 0.0001339 seconds
2024-10-02T03:19:55.020+0300: 250.023: Application time: 3.0752395 seconds
2024-10-02T03:19:55.020+0300: 250.023: [GC (Allocation Failure) 2024-10-02T03:19:55.020+0300: 250.023: [DefNew: 2240260K->4337K(2516544K), 0.0014223 secs] 2245407K->9488K(8108992K), 0.0015700 secs] [Times: user=0.00 sys=0.00, real=0.00 secs] 
2024-10-02T03:19:55.020+0300: 250.025: Total time for which application threads were stopped: 0.0017885 seconds, Stopping threads took: 0.0000986 seconds
2024-10-02T03:19:58.096+0300: 253.107: Application time: 3.0826305 seconds
2024-10-02T03:19:58.096+0300: 253.107: [GC (Allocation Failure) 2024-10-02T03:19:58.096+0300: 253.107: [DefNew: 2241265K->4323K(2516544K), 0.0014299 secs] 2246416K->9477K(8108992K), 0.0015223 secs] [Times: user=0.00 sys=0.00, real=0.00 secs] 
2024-10-02T03:19:58.096+0300: 253.109: Total time for which application threads were stopped: 0.0017685 seconds, Stopping threads took: 0.0001103 seconds
2024-10-02T03:20:01.219+0300: 256.223: Application time: 3.1145231 seconds
2024-10-02T03:20:01.219+0300: 256.224: [GC (Allocation Failure) 2024-10-02T03:20:01.219+0300: 256.224: [DefNew: 2240464K->4337K(2516544K), 0.0014410 secs] 2245618K->9495K(8108992K), 0.0015300 secs] [Times: user=0.00 sys=0.00, real=0.00 secs] 
2024-10-02T03:20:01.219+0300: 256.225: Total time for which application threads were stopped: 0.0017609 seconds, Stopping threads took: 0.0001218 seconds
2024-10-02T03:20:01.596+0300: 256.600: Application time: 0.3748476 seconds
2024-10-02T03:20:01.596+0300: 256.600: Total time for which application threads were stopped: 0.0002084 seconds, Stopping threads took: 0.0001437 seconds
2024-10-02T03:20:01.643+0300: 256.647: Application time: 0.0464263 seconds
2024-10-02T03:20:01.643+0300: 256.647: Total time for which application threads were stopped: 0.0001145 seconds, Stopping threads took: 0.0000810 seconds
2024-10-02T03:20:01.690+0300: 256.706: Application time: 0.0589056 seconds
2024-10-02T03:20:01.690+0300: 256.706: Total time for which application threads were stopped: 0.0001578 seconds, Stopping threads took: 0.0001078 seconds
2024-10-02T03:20:01.768+0300: 256.778: Application time: 0.0720434 seconds
2024-10-02T03:20:01.768+0300: 256.778: Total time for which application threads were stopped: 0.0002584 seconds, Stopping threads took: 0.0002148 seconds
2024-10-02T03:20:02.773+0300: 257.775: Application time: 0.9965884 seconds
2024-10-02T03:20:02.773+0300: 257.775: Total time for which application threads were stopped: 0.0003108 seconds, Stopping threads took: 0.0002197 seconds
2024-10-02T03:20:04.390+0300: 259.406: Application time: 1.6310094 seconds
2024-10-02T03:20:04.390+0300: 259.406: [GC (Allocation Failure) 2024-10-02T03:20:04.390+0300: 259.406: [DefNew: 2241265K->5352K(2516544K), 0.0016439 secs] 2246423K->10513K(8108992K), 0.0017269 secs] [Times: user=0.00 sys=0.00, real=0.02 secs] 
2024-10-02T03:20:04.406+0300: 259.408: Total time for which application threads were stopped: 0.0020461 seconds, Stopping threads took: 0.0002147 seconds
2024-10-02T03:20:07.498+0300: 262.509: Application time: 3.1004121 seconds
2024-10-02T03:20:07.498+0300: 262.509: [GC (Allocation Failure) 2024-10-02T03:20:07.498+0300: 262.509: [DefNew: 2241728K->4332K(2516544K), 0.0013861 secs] 2246889K->9497K(8108992K), 0.0014576 secs] [Times: user=0.00 sys=0.00, real=0.00 secs] 
2024-10-02T03:20:07.498+0300: 262.510: Total time for which application threads were stopped: 0.0017941 seconds, Stopping threads took: 0.0002305 seconds
2024-10-02T03:20:10.590+0300: 265.597: Application time: 3.0866462 seconds
2024-10-02T03:20:10.590+0300: 265.597: [GC (Allocation Failure) 2024-10-02T03:20:10.590+0300: 265.597: [DefNew: 2240277K->5351K(2516544K), 0.0016133 secs] 2245442K->10520K(8108992K), 0.0017030 secs] [Times: user=0.00 sys=0.00, real=0.00 secs] 
2024-10-02T03:20:10.590+0300: 265.599: Total time for which application threads were stopped: 0.0020010 seconds, Stopping threads took: 0.0001993 seconds
2024-10-02T03:20:13.660+0300: 268.667: Application time: 3.0675122 seconds
2024-10-02T03:20:13.660+0300: 268.667: [GC (Allocation Failure) 2024-10-02T03:20:13.660+0300: 268.667: [DefNew: 2242279K->5352K(2516544K), 0.0016682 secs] 2247448K->10524K(8108992K), 0.0017990 secs] [Times: user=0.00 sys=0.00, real=0.00 secs] 
2024-10-02T03:20:13.660+0300: 268.669: Total time for which application threads were stopped: 0.0021896 seconds, Stopping threads took: 0.0002220 seconds
2024-10-02T03:20:16.743+0300: 271.750: Application time: 3.0808097 seconds
2024-10-02T03:20:16.743+0300: 271.750: [GC (Allocation Failure) 2024-10-02T03:20:16.743+0300: 271.750: [DefNew: 2242124K->4332K(2516544K), 0.0013727 secs] 2247296K->9507K(8108992K), 0.0014649 secs] [Times: user=0.00 sys=0.00, real=0.00 secs] 
2024-10-02T03:20:16.743+0300: 271.751: Total time for which application threads were stopped: 0.0018385 seconds, Stopping threads took: 0.0002502 seconds
2024-10-02T03:20:19.836+0300: 274.843: Application time: 3.0919885 seconds
2024-10-02T03:20:19.836+0300: 274.844: [GC (Allocation Failure) 2024-10-02T03:20:19.836+0300: 274.844: [DefNew: 2240330K->4329K(2516544K), 0.0013323 secs] 2245506K->9508K(8108992K), 0.0014121 secs] [Times: user=0.00 sys=0.00, real=0.00 secs] 
2024-10-02T03:20:19.836+0300: 274.845: Total time for which application threads were stopped: 0.0017182 seconds, Stopping threads took: 0.0001917 seconds
2024-10-02T03:20:22.913+0300: 277.923: Application time: 3.0776716 seconds
2024-10-02T03:20:22.913+0300: 277.923: [GC (Allocation Failure) 2024-10-02T03:20:22.913+0300: 277.923: [DefNew: 2240751K->5355K(2516544K), 0.0016816 secs] 2245930K->10537K(8108992K), 0.0017681 secs] [Times: user=0.00 sys=0.00, real=0.00 secs] 
2024-10-02T03:20:22.913+0300: 277.925: Total time for which application threads were stopped: 0.0019449 seconds, Stopping threads took: 0.0000723 seconds
2024-10-02T03:20:26.005+0300: 281.016: Application time: 3.0908118 seconds
2024-10-02T03:20:26.005+0300: 281.016: [GC (Allocation Failure) 2024-10-02T03:20:26.005+0300: 281.016: [DefNew: 2241261K->5352K(2516544K), 0.0017231 secs] 2246444K->10538K(8108992K), 0.0018334 secs] [Times: user=0.00 sys=0.00, real=0.00 secs] 
2024-10-02T03:20:26.005+0300: 281.018: Total time for which application threads were stopped: 0.0021533 seconds, Stopping threads took: 0.0001673 seconds
2024-10-02T03:20:29.097+0300: 284.105: Application time: 3.0876330 seconds
2024-10-02T03:20:29.097+0300: 284.106: [GC (Allocation Failure) 2024-10-02T03:20:29.097+0300: 284.106: [DefNew: 2242280K->5352K(2516544K), 0.0015957 secs] 2247466K->10541K(8108992K), 0.0016738 secs] [Times: user=0.00 sys=0.00, real=0.00 secs] 
2024-10-02T03:20:29.097+0300: 284.107: Total time for which application threads were stopped: 0.0020390 seconds, Stopping threads took: 0.0002528 seconds
2024-10-02T03:20:32.220+0300: 287.230: Application time: 3.1221477 seconds
2024-10-02T03:20:32.220+0300: 287.230: [GC (Allocation Failure) 2024-10-02T03:20:32.220+0300: 287.230: [DefNew: 2242280K->3329K(2516544K), 0.0012534 secs] 2247469K->8522K(8108992K), 0.0013229 secs] [Times: user=0.00 sys=0.00, real=0.00 secs] 
2024-10-02T03:20:32.220+0300: 287.231: Total time for which application threads were stopped: 0.0016072 seconds, Stopping threads took: 0.0001668 seconds
2024-10-02T03:20:35.313+0300: 290.330: Application time: 3.0989052 seconds
2024-10-02T03:20:35.329+0300: 290.330: [GC (Allocation Failure) 2024-10-02T03:20:35.329+0300: 290.330: [DefNew: 2240257K->5352K(2516544K), 0.0016219 secs] 2245450K->10548K(8108992K), 0.0017011 secs] [Times: user=0.00 sys=0.00, real=0.00 secs] 
2024-10-02T03:20:35.329+0300: 290.332: Total time for which application threads were stopped: 0.0021135 seconds, Stopping threads took: 0.0002967 seconds
2024-10-02T03:20:38.422+0300: 293.436: Application time: 3.1039183 seconds
2024-10-02T03:20:38.422+0300: 293.436: [GC (Allocation Failure) 2024-10-02T03:20:38.422+0300: 293.436: [DefNew: 2241820K->4345K(2516544K), 0.0013711 secs] 2247016K->9544K(8108992K), 0.0014466 secs] [Times: user=0.00 sys=0.00, real=0.00 secs] 
2024-10-02T03:20:38.422+0300: 293.438: Total time for which application threads were stopped: 0.0017106 seconds, Stopping threads took: 0.0001605 seconds
2024-10-02T03:20:41.545+0300: 296.547: Application time: 3.1089899 seconds
2024-10-02T03:20:41.545+0300: 296.547: [GC (Allocation Failure) 2024-10-02T03:20:41.545+0300: 296.547: [DefNew: 2241112K->5352K(2516544K), 0.0016847 secs] 2246312K->10555K(8108992K), 0.0017768 secs] [Times: user=0.00 sys=0.00, real=0.00 secs] 
2024-10-02T03:20:41.545+0300: 296.549: Total time for which application threads were stopped: 0.0020543 seconds, Stopping threads took: 0.0001615 seconds
2024-10-02T03:20:44.639+0300: 299.644: Application time: 3.0949102 seconds
2024-10-02T03:20:44.639+0300: 299.644: [GC (Allocation Failure) 2024-10-02T03:20:44.639+0300: 299.644: [DefNew: 2242060K->5352K(2516544K), 0.0015492 secs] 2247262K->10558K(8108992K), 0.0016295 secs] [Times: user=0.00 sys=0.00, real=0.00 secs] 
2024-10-02T03:20:44.639+0300: 299.646: Total time for which application threads were stopped: 0.0019680 seconds, Stopping threads took: 0.0002212 seconds
2024-10-02T03:20:47.734+0300: 302.735: Application time: 3.0897191 seconds
2024-10-02T03:20:47.734+0300: 302.736: [GC (Allocation Failure) 2024-10-02T03:20:47.734+0300: 302.736: [DefNew: 2242280K->4328K(2516544K), 0.0013718 secs] 2247486K->9538K(8108992K), 0.0014434 secs] [Times: user=0.00 sys=0.00, real=0.00 secs] 
2024-10-02T03:20:47.734+0300: 302.737: Total time for which application threads were stopped: 0.0016708 seconds, Stopping threads took: 0.0001327 seconds
2024-10-02T03:20:50.823+0300: 305.828: Application time: 3.0913432 seconds
2024-10-02T03:20:50.823+0300: 305.829: [GC (Allocation Failure) 2024-10-02T03:20:50.823+0300: 305.829: [DefNew: 2240647K->5348K(2516544K), 0.0020332 secs] 2245856K->10568K(8108992K), 0.0021281 secs] [Times: user=0.00 sys=0.00, real=0.00 secs] 
2024-10-02T03:20:50.823+0300: 305.831: Total time for which application threads were stopped: 0.0023818 seconds, Stopping threads took: 0.0001428 seconds
2024-10-02T03:20:53.899+0300: 308.916: Application time: 3.0847801 seconds
2024-10-02T03:20:53.899+0300: 308.916: [GC (Allocation Failure) 2024-10-02T03:20:53.899+0300: 308.916: [DefNew: 2242276K->4324K(2516544K), 0.0015736 secs] 2247496K->9548K(8108992K), 0.0016746 secs] [Times: user=0.00 sys=0.00, real=0.02 secs] 
2024-10-02T03:20:53.915+0300: 308.918: Total time for which application threads were stopped: 0.0020044 seconds, Stopping threads took: 0.0001781 seconds
2024-10-02T03:20:56.991+0300: 311.997: Application time: 3.0793783 seconds
2024-10-02T03:20:56.991+0300: 311.997: [GC (Allocation Failure) 2024-10-02T03:20:56.991+0300: 311.997: [DefNew: 2241252K->4340K(2516544K), 0.0014259 secs] 2246476K->9567K(8108992K), 0.0015360 secs] [Times: user=0.00 sys=0.00, real=0.00 secs] 
2024-10-02T03:20:56.991+0300: 311.999: Total time for which application threads were stopped: 0.0019020 seconds, Stopping threads took: 0.0002470 seconds
2024-10-02T03:21:00.082+0300: 315.084: Application time: 3.0848395 seconds
2024-10-02T03:21:00.082+0300: 315.084: [GC (Allocation Failure) 2024-10-02T03:21:00.082+0300: 315.084: [DefNew: 2241268K->3320K(2516544K), 0.0013285 secs] 2246495K->8551K(8108992K), 0.0014251 secs] [Times: user=0.00 sys=0.00, real=0.00 secs] 
2024-10-02T03:21:00.082+0300: 315.086: Total time for which application threads were stopped: 0.0018008 seconds, Stopping threads took: 0.0002588 seconds
2024-10-02T03:21:03.166+0300: 318.175: Application time: 3.0897991 seconds
2024-10-02T03:21:03.166+0300: 318.176: [GC (Allocation Failure) 2024-10-02T03:21:03.166+0300: 318.176: [DefNew: 2240248K->3300K(2516544K), 0.0012575 secs] 2245479K->8534K(8108992K), 0.0013373 secs] [Times: user=0.00 sys=0.00, real=0.00 secs] 
2024-10-02T03:21:03.166+0300: 318.177: Total time for which application threads were stopped: 0.0016775 seconds, Stopping threads took: 0.0002215 seconds
2024-10-02T03:21:06.252+0300: 321.261: Application time: 3.0842763 seconds
2024-10-02T03:21:06.252+0300: 321.262: [GC (Allocation Failure) 2024-10-02T03:21:06.252+0300: 321.262: [DefNew: 2239622K->5345K(2516544K), 0.0015764 secs] 2244856K->10582K(8108992K), 0.0016494 secs] [Times: user=0.00 sys=0.00, real=0.00 secs] 
2024-10-02T03:21:06.252+0300: 321.263: Total time for which application threads were stopped: 0.0019689 seconds, Stopping threads took: 0.0001873 seconds
2024-10-02T03:21:09.344+0300: 324.351: Application time: 3.0874744 seconds
2024-10-02T03:21:09.344+0300: 324.351: [GC (Allocation Failure) 2024-10-02T03:21:09.344+0300: 324.351: [DefNew: 2242273K->5345K(2516544K), 0.0015234 secs] 2247510K->10586K(8108992K), 0.0015948 secs] [Times: user=0.00 sys=0.00, real=0.00 secs] 
2024-10-02T03:21:09.344+0300: 324.353: Total time for which application threads were stopped: 0.0018683 seconds, Stopping threads took: 0.0001639 seconds
2024-10-02T03:21:11.353+0300: 326.354: Application time: 2.0015653 seconds
2024-10-02T03:21:11.353+0300: 326.355: Total time for which application threads were stopped: 0.0003396 seconds, Stopping threads took: 0.0002649 seconds
2024-10-02T03:21:12.436+0300: 327.439: Application time: 1.0840678 seconds
2024-10-02T03:21:12.436+0300: 327.439: [GC (Allocation Failure) 2024-10-02T03:21:12.436+0300: 327.439: [DefNew: 2241810K->4338K(2516544K), 0.0015404 secs] 2247051K->9582K(8108992K), 0.0016279 secs] [Times: user=0.00 sys=0.00, real=0.00 secs] 
2024-10-02T03:21:12.436+0300: 327.441: Total time for which application threads were stopped: 0.0019084 seconds, Stopping threads took: 0.0001655 seconds
2024-10-02T03:21:15.497+0300: 330.508: Application time: 3.0669874 seconds
2024-10-02T03:21:15.497+0300: 330.508: [GC (Allocation Failure) 2024-10-02T03:21:15.497+0300: 330.508: [DefNew: 2241266K->5349K(2516544K), 0.0016401 secs] 2246510K->10597K(8108992K), 0.0017185 secs] [Times: user=0.00 sys=0.00, real=0.00 secs] 
2024-10-02T03:21:15.497+0300: 330.510: Total time for which application threads were stopped: 0.0020225 seconds, Stopping threads took: 0.0001953 seconds
2024-10-02T03:21:18.574+0300: 333.589: Application time: 3.0794917 seconds
2024-10-02T03:21:18.574+0300: 333.589: [GC (Allocation Failure) 2024-10-02T03:21:18.574+0300: 333.589: [DefNew: 2242227K->4324K(2516544K), 0.0017622 secs] 2247475K->9575K(8108992K), 0.0018474 secs] [Times: user=0.00 sys=0.00, real=0.02 secs] 
2024-10-02T03:21:18.589+0300: 333.591: Total time for which application threads were stopped: 0.0021267 seconds, Stopping threads took: 0.0001616 seconds
2024-10-02T03:21:21.680+0300: 336.683: Application time: 3.0914753 seconds
2024-10-02T03:21:21.680+0300: 336.683: [GC (Allocation Failure) 2024-10-02T03:21:21.680+0300: 336.683: [DefNew: 2240779K->2299K(2516544K), 0.0009707 secs] 2246030K->7554K(8108992K), 0.0010450 secs] [Times: user=0.00 sys=0.00, real=0.00 secs] 
2024-10-02T03:21:21.680+0300: 336.684: Total time for which application threads were stopped: 0.0013456 seconds, Stopping threads took: 0.0001692 seconds
2024-10-02T03:21:23.690+0300: 338.691: Application time: 2.0073007 seconds
2024-10-02T03:21:23.690+0300: 338.692: Total time for which application threads were stopped: 0.0002958 seconds, Stopping threads took: 0.0002214 seconds
2024-10-02T03:21:24.758+0300: 339.767: Application time: 1.0750151 seconds
2024-10-02T03:21:24.758+0300: 339.767: [GC (Allocation Failure) 2024-10-02T03:21:24.758+0300: 339.767: [DefNew: 2239227K->5367K(2516544K), 0.0016845 secs] 2244482K->10625K(8108992K), 0.0017485 secs] [Times: user=0.00 sys=0.00, real=0.00 secs] 
2024-10-02T03:21:24.758+0300: 339.769: Total time for which application threads were stopped: 0.0020389 seconds, Stopping threads took: 0.0001814 seconds
2024-10-02T03:21:25.762+0300: 340.764: Application time: 0.9950036 seconds
2024-10-02T03:21:25.762+0300: 340.764: Total time for which application threads were stopped: 0.0002932 seconds, Stopping threads took: 0.0002302 seconds
2024-10-02T03:21:27.850+0300: 342.856: Application time: 2.0920678 seconds
2024-10-02T03:21:27.850+0300: 342.856: [GC (Allocation Failure) 2024-10-02T03:21:27.850+0300: 342.856: [DefNew: 2242295K->3306K(2516544K), 0.0014413 secs] 2247553K->8568K(8108992K), 0.0015380 secs] [Times: user=0.00 sys=0.00, real=0.00 secs] 
2024-10-02T03:21:27.850+0300: 342.858: Total time for which application threads were stopped: 0.0018522 seconds, Stopping threads took: 0.0001936 seconds
2024-10-02T03:21:30.943+0300: 345.948: Application time: 3.0904204 seconds
2024-10-02T03:21:30.943+0300: 345.949: [GC (Allocation Failure) 2024-10-02T03:21:30.943+0300: 345.949: [DefNew: 2240234K->5349K(2516544K), 0.0017038 secs] 2245496K->10614K(8108992K), 0.0017998 secs] [Times: user=0.00 sys=0.00, real=0.00 secs] 
2024-10-02T03:21:30.943+0300: 345.950: Total time for which application threads were stopped: 0.0021409 seconds, Stopping threads took: 0.0002135 seconds
2024-10-02T03:21:34.020+0300: 349.030: Application time: 3.0792498 seconds
2024-10-02T03:21:34.020+0300: 349.030: [GC (Allocation Failure) 2024-10-02T03:21:34.020+0300: 349.030: [DefNew: 2242226K->5347K(2516544K), 0.0017212 secs] 2247491K->10615K(8108992K), 0.0018054 secs] [Times: user=0.00 sys=0.00, real=0.00 secs] 
2024-10-02T03:21:34.020+0300: 349.032: Total time for which application threads were stopped: 0.0020802 seconds, Stopping threads took: 0.0001682 seconds
2024-10-02T03:21:37.112+0300: 352.115: Application time: 3.0835895 seconds
2024-10-02T03:21:37.112+0300: 352.116: [GC (Allocation Failure) 2024-10-02T03:21:37.112+0300: 352.116: [DefNew: 2242275K->3318K(2516544K), 0.0012804 secs] 2247543K->8590K(8108992K), 0.0013541 secs] [Times: user=0.00 sys=0.00, real=0.00 secs] 
2024-10-02T03:21:37.112+0300: 352.117: Total time for which application threads were stopped: 0.0017042 seconds, Stopping threads took: 0.0002301 seconds
2024-10-02T03:21:40.188+0300: 355.201: Application time: 3.0839020 seconds
2024-10-02T03:21:40.188+0300: 355.201: [GC (Allocation Failure) 2024-10-02T03:21:40.188+0300: 355.201: [DefNew: 2239617K->3336K(2516544K), 0.0012860 secs] 2244889K->8612K(8108992K), 0.0013760 secs] [Times: user=0.00 sys=0.00, real=0.00 secs] 
2024-10-02T03:21:40.188+0300: 355.203: Total time for which application threads were stopped: 0.0017282 seconds, Stopping threads took: 0.0002216 seconds
2024-10-02T03:21:43.296+0300: 358.301: Application time: 3.0977936 seconds
2024-10-02T03:21:43.296+0300: 358.301: [GC (Allocation Failure) 2024-10-02T03:21:43.296+0300: 358.301: [DefNew: 2239287K->5350K(2516544K), 0.0014748 secs] 2244562K->10629K(8108992K), 0.0015515 secs] [Times: user=0.00 sys=0.00, real=0.00 secs] 
2024-10-02T03:21:43.296+0300: 358.302: Total time for which application threads were stopped: 0.0017672 seconds, Stopping threads took: 0.0001122 seconds
2024-10-02T03:21:46.389+0300: 361.398: Application time: 3.0961140 seconds
2024-10-02T03:21:46.389+0300: 361.399: [GC (Allocation Failure) 2024-10-02T03:21:46.389+0300: 361.399: [DefNew: 2242278K->4358K(2516544K), 0.0016445 secs] 2247557K->9640K(8108992K), 0.0017315 secs] [Times: user=0.00 sys=0.00, real=0.00 secs] 
2024-10-02T03:21:46.389+0300: 361.400: Total time for which application threads were stopped: 0.0020322 seconds, Stopping threads took: 0.0001758 seconds
2024-10-02T03:21:49.512+0300: 364.514: Application time: 3.1131441 seconds
2024-10-02T03:21:49.512+0300: 364.514: [GC (Allocation Failure) 2024-10-02T03:21:49.512+0300: 364.514: [DefNew: 2241222K->4329K(2516544K), 0.0016085 secs] 2246504K->9615K(8108992K), 0.0017009 secs] [Times: user=0.00 sys=0.00, real=0.00 secs] 
2024-10-02T03:21:49.512+0300: 364.516: Total time for which application threads were stopped: 0.0019862 seconds, Stopping threads took: 0.0001631 seconds
2024-10-02T03:21:52.588+0300: 367.601: Application time: 3.0858013 seconds
2024-10-02T03:21:52.588+0300: 367.602: [GC (Allocation Failure) 2024-10-02T03:21:52.588+0300: 367.602: [DefNew: 2241257K->3324K(2516544K), 0.0011239 secs] 2246543K->8613K(8108992K), 0.0012025 secs] [Times: user=0.00 sys=0.00, real=0.00 secs] 
2024-10-02T03:21:52.588+0300: 367.603: Total time for which application threads were stopped: 0.0015125 seconds, Stopping threads took: 0.0001910 seconds
2024-10-02T03:21:55.694+0300: 370.696: Application time: 3.0934134 seconds
2024-10-02T03:21:55.694+0300: 370.696: [GC (Allocation Failure) 2024-10-02T03:21:55.694+0300: 370.697: [DefNew: 2239345K->5347K(2516544K), 0.0022882 secs] 2244634K->10640K(8108992K), 0.0023667 secs] [Times: user=0.00 sys=0.00, real=0.00 secs] 
2024-10-02T03:21:55.694+0300: 370.699: Total time for which application threads were stopped: 0.0025696 seconds, Stopping threads took: 0.0001067 seconds
2024-10-02T03:21:58.787+0300: 373.795: Application time: 3.0958662 seconds
2024-10-02T03:21:58.787+0300: 373.795: [GC (Allocation Failure) 2024-10-02T03:21:58.787+0300: 373.795: [DefNew: 2241894K->4341K(2516544K), 0.0013346 secs] 2247186K->9638K(8108992K), 0.0014219 secs] [Times: user=0.00 sys=0.00, real=0.00 secs] 
2024-10-02T03:21:58.787+0300: 373.797: Total time for which application threads were stopped: 0.0017691 seconds, Stopping threads took: 0.0002219 seconds
2024-10-02T03:22:01.879+0300: 376.891: Application time: 3.0944589 seconds
2024-10-02T03:22:01.879+0300: 376.891: [GC (Allocation Failure) 2024-10-02T03:22:01.879+0300: 376.891: [DefNew: 2241269K->5345K(2516544K), 0.0021992 secs] 2246566K->10646K(8108992K), 0.0023066 secs] [Times: user=0.02 sys=0.00, real=0.01 secs] 
2024-10-02T03:22:01.892+0300: 376.894: Total time for which application threads were stopped: 0.0026705 seconds, Stopping threads took: 0.0002309 seconds
2024-10-02T03:22:04.971+0300: 379.974: Application time: 3.0806646 seconds
2024-10-02T03:22:04.971+0300: 379.975: [GC (Allocation Failure) 2024-10-02T03:22:04.971+0300: 379.975: [DefNew: 2241488K->5344K(2516544K), 0.0015793 secs] 2246788K->10648K(8108992K), 0.0016622 secs] [Times: user=0.00 sys=0.00, real=0.00 secs] 
2024-10-02T03:22:04.971+0300: 379.976: Total time for which application threads were stopped: 0.0021333 seconds, Stopping threads took: 0.0003341 seconds
2024-10-02T03:22:08.048+0300: 383.062: Application time: 3.0857498 seconds
2024-10-02T03:22:08.048+0300: 383.063: [GC (Allocation Failure) 2024-10-02T03:22:08.048+0300: 383.063: [DefNew: 2242272K->4338K(2516544K), 0.0013739 secs] 2247576K->9646K(8108992K), 0.0014624 secs] [Times: user=0.00 sys=0.00, real=0.00 secs] 
2024-10-02T03:22:08.048+0300: 383.064: Total time for which application threads were stopped: 0.0018121 seconds, Stopping threads took: 0.0002160 seconds
2024-10-02T03:22:11.157+0300: 386.172: Application time: 3.1077588 seconds
2024-10-02T03:22:11.157+0300: 386.172: [GC (Allocation Failure) 2024-10-02T03:22:11.157+0300: 386.172: [DefNew: 2240742K->5346K(2516544K), 0.0016536 secs] 2246050K->10657K(8108992K), 0.0017600 secs] [Times: user=0.00 sys=0.00, real=0.01 secs] 
2024-10-02T03:22:11.172+0300: 386.174: Total time for which application threads were stopped: 0.0021413 seconds, Stopping threads took: 0.0001851 seconds
2024-10-02T03:22:14.250+0300: 389.253: Application time: 3.0794137 seconds
2024-10-02T03:22:14.250+0300: 389.254: [GC (Allocation Failure) 2024-10-02T03:22:14.250+0300: 389.254: [DefNew: 2241295K->5345K(2516544K), 0.0014954 secs] 2246606K->10659K(8108992K), 0.0015766 secs] [Times: user=0.00 sys=0.00, real=0.00 secs] 
2024-10-02T03:22:14.250+0300: 389.255: Total time for which application threads were stopped: 0.0019001 seconds, Stopping threads took: 0.0002215 seconds
2024-10-02T03:22:17.342+0300: 392.343: Application time: 3.0879629 seconds
2024-10-02T03:22:17.342+0300: 392.344: [GC (Allocation Failure) 2024-10-02T03:22:17.342+0300: 392.344: [DefNew: 2241475K->5348K(2516544K), 0.0015239 secs] 2246790K->10666K(8108992K), 0.0016024 secs] [Times: user=0.00 sys=0.00, real=0.00 secs] 
2024-10-02T03:22:17.342+0300: 392.345: Total time for which application threads were stopped: 0.0019602 seconds, Stopping threads took: 0.0002256 seconds
2024-10-02T03:22:20.418+0300: 395.423: Application time: 3.0781011 seconds
2024-10-02T03:22:20.418+0300: 395.424: [GC (Allocation Failure) 2024-10-02T03:22:20.418+0300: 395.424: [DefNew: 2242276K->4324K(2516544K), 0.0012839 secs] 2247594K->9645K(8108992K), 0.0013577 secs] [Times: user=0.00 sys=0.00, real=0.00 secs] 
2024-10-02T03:22:20.418+0300: 395.425: Total time for which application threads were stopped: 0.0016909 seconds, Stopping threads took: 0.0002195 seconds
2024-10-02T03:22:23.510+0300: 398.517: Application time: 3.0921358 seconds
2024-10-02T03:22:23.510+0300: 398.517: [GC (Allocation Failure) 2024-10-02T03:22:23.510+0300: 398.517: [DefNew: 2241252K->4324K(2516544K), 0.0013711 secs] 2246573K->9649K(8108992K), 0.0014710 secs] [Times: user=0.00 sys=0.00, real=0.00 secs] 
2024-10-02T03:22:23.510+0300: 398.519: Total time for which application threads were stopped: 0.0018031 seconds, Stopping threads took: 0.0002128 seconds
2024-10-02T03:22:26.603+0300: 401.609: Application time: 3.0904677 seconds
2024-10-02T03:22:26.603+0300: 401.610: [GC (Allocation Failure) 2024-10-02T03:22:26.603+0300: 401.610: [DefNew: 2240842K->5345K(2516544K), 0.0018040 secs] 2246167K->10674K(8108992K), 0.0018746 secs] [Times: user=0.00 sys=0.00, real=0.00 secs] 
2024-10-02T03:22:26.603+0300: 401.612: Total time for which application threads were stopped: 0.0021163 seconds, Stopping threads took: 0.0001183 seconds
2024-10-02T03:22:29.696+0300: 404.704: Application time: 3.0921697 seconds
2024-10-02T03:22:29.696+0300: 404.704: [GC (Allocation Failure) 2024-10-02T03:22:29.696+0300: 404.704: [DefNew: 2242273K->4327K(2516544K), 0.0016243 secs] 2247602K->9659K(8108992K), 0.0017268 secs] [Times: user=0.00 sys=0.00, real=0.00 secs] 
2024-10-02T03:22:29.696+0300: 404.706: Total time for which application threads were stopped: 0.0019900 seconds, Stopping threads took: 0.0001287 seconds
2024-10-02T03:22:32.786+0300: 407.803: Application time: 3.0969642 seconds
2024-10-02T03:22:32.801+0300: 407.803: [GC (Allocation Failure) 2024-10-02T03:22:32.801+0300: 407.803: [DefNew: 2241000K->3303K(2516544K), 0.0011340 secs] 2246332K->8638K(8108992K), 0.0012179 secs] [Times: user=0.00 sys=0.00, real=0.00 secs] 
2024-10-02T03:22:32.801+0300: 407.804: Total time for which application threads were stopped: 0.0016695 seconds, Stopping threads took: 0.0003123 seconds
2024-10-02T03:22:35.879+0300: 410.892: Application time: 3.0876817 seconds
2024-10-02T03:22:35.879+0300: 410.892: [GC (Allocation Failure) 2024-10-02T03:22:35.879+0300: 410.892: [DefNew: 2240231K->3320K(2516544K), 0.0012047 secs] 2245566K->8659K(8108992K), 0.0013092 secs] [Times: user=0.00 sys=0.00, real=0.00 secs] 
2024-10-02T03:22:35.879+0300: 410.894: Total time for which application threads were stopped: 0.0016594 seconds, Stopping threads took: 0.0002245 seconds
2024-10-02T03:22:38.980+0300: 413.982: Application time: 3.0884965 seconds
2024-10-02T03:22:38.981+0300: 413.982: [GC (Allocation Failure) 2024-10-02T03:22:38.981+0300: 413.983: [DefNew: 2239427K->5347K(2516544K), 0.0016743 secs] 2244766K->10689K(8108992K), 0.0017516 secs] [Times: user=0.00 sys=0.00, real=0.00 secs] 
2024-10-02T03:22:38.982+0300: 413.984: Total time for which application threads were stopped: 0.0021165 seconds, Stopping threads took: 0.0002419 seconds
2024-10-02T03:22:42.063+0300: 417.073: Application time: 3.0884985 seconds
2024-10-02T03:22:42.063+0300: 417.073: [GC (Allocation Failure) 2024-10-02T03:22:42.063+0300: 417.073: [DefNew: 2242216K->4325K(2516544K), 0.0013522 secs] 2247559K->9671K(8108992K), 0.0014503 secs] [Times: user=0.00 sys=0.00, real=0.00 secs] 
2024-10-02T03:22:42.063+0300: 417.075: Total time for which application threads were stopped: 0.0017676 seconds, Stopping threads took: 0.0001758 seconds
2024-10-02T03:22:45.140+0300: 420.152: Application time: 3.0776187 seconds
2024-10-02T03:22:45.140+0300: 420.152: [GC (Allocation Failure) 2024-10-02T03:22:45.140+0300: 420.152: [DefNew: 2240932K->3300K(2516544K), 0.0011867 secs] 2246277K->8650K(8108992K), 0.0012798 secs] [Times: user=0.00 sys=0.00, real=0.00 secs] 
2024-10-02T03:22:45.140+0300: 420.154: Total time for which application threads were stopped: 0.0015838 seconds, Stopping threads took: 0.0001595 seconds
2024-10-02T03:22:48.216+0300: 423.232: Application time: 3.0777520 seconds
2024-10-02T03:22:48.216+0300: 423.232: [GC (Allocation Failure) 2024-10-02T03:22:48.216+0300: 423.232: [DefNew: 2240228K->5345K(2516544K), 0.0014688 secs] 2245578K->10697K(8108992K), 0.0015999 secs] [Times: user=0.00 sys=0.00, real=0.02 secs] 
2024-10-02T03:22:48.232+0300: 423.233: Total time for which application threads were stopped: 0.0019209 seconds, Stopping threads took: 0.0002106 seconds
2024-10-02T03:22:51.316+0300: 426.324: Application time: 3.0909275 seconds
2024-10-02T03:22:51.316+0300: 426.325: [GC (Allocation Failure) 2024-10-02T03:22:51.316+0300: 426.325: [DefNew: 2242273K->4341K(2516544K), 0.0013045 secs] 2247625K->9697K(8108992K), 0.0013838 secs] [Times: user=0.00 sys=0.00, real=0.00 secs] 
2024-10-02T03:22:51.316+0300: 426.326: Total time for which application threads were stopped: 0.0017121 seconds, Stopping threads took: 0.0002090 seconds
2024-10-02T03:22:54.401+0300: 429.411: Application time: 3.0850723 seconds
2024-10-02T03:22:54.401+0300: 429.411: [GC (Allocation Failure) 2024-10-02T03:22:54.401+0300: 429.412: [DefNew: 2241269K->3319K(2516544K), 0.0011990 secs] 2246625K->8679K(8108992K), 0.0012929 secs] [Times: user=0.01 sys=0.00, real=0.00 secs] 
2024-10-02T03:22:54.401+0300: 429.413: Total time for which application threads were stopped: 0.0016267 seconds, Stopping threads took: 0.0001952 seconds
2024-10-02T03:22:57.478+0300: 432.487: Application time: 3.0743474 seconds
2024-10-02T03:22:57.478+0300: 432.487: [GC (Allocation Failure) 2024-10-02T03:22:57.478+0300: 432.487: [DefNew: 2240247K->5345K(2516544K), 0.0014903 secs] 2245607K->10708K(8108992K), 0.0015650 secs] [Times: user=0.00 sys=0.00, real=0.00 secs] 
2024-10-02T03:22:57.478+0300: 432.489: Total time for which application threads were stopped: 0.0018872 seconds, Stopping threads took: 0.0002276 seconds
2024-10-02T03:23:00.601+0300: 435.614: Application time: 3.1246528 seconds
2024-10-02T03:23:00.601+0300: 435.614: [GC (Allocation Failure) 2024-10-02T03:23:00.601+0300: 435.614: [DefNew: 2241399K->4323K(2516544K), 0.0016866 secs] 2246762K->9689K(8108992K), 0.0017708 secs] [Times: user=0.00 sys=0.00, real=0.00 secs] 
2024-10-02T03:23:00.601+0300: 435.616: Total time for which application threads were stopped: 0.0020238 seconds, Stopping threads took: 0.0001301 seconds
2024-10-02T03:23:03.694+0300: 438.704: Application time: 3.0886602 seconds
2024-10-02T03:23:03.694+0300: 438.705: [GC (Allocation Failure) 2024-10-02T03:23:03.694+0300: 438.705: [DefNew: 2241251K->3303K(2516544K), 0.0013906 secs] 2246617K->8672K(8108992K), 0.0014676 secs] [Times: user=0.00 sys=0.00, real=0.00 secs] 
2024-10-02T03:23:03.694+0300: 438.706: Total time for which application threads were stopped: 0.0017975 seconds, Stopping threads took: 0.0002083 seconds
2024-10-02T03:23:06.803+0300: 441.808: Application time: 3.1022031 seconds
2024-10-02T03:23:06.803+0300: 441.809: [GC (Allocation Failure) 2024-10-02T03:23:06.803+0300: 441.809: [DefNew: 2240231K->3318K(2516544K), 0.0013687 secs] 2245600K->8691K(8108992K), 0.0014379 secs] [Times: user=0.00 sys=0.00, real=0.00 secs] 
2024-10-02T03:23:06.803+0300: 441.810: Total time for which application threads were stopped: 0.0017125 seconds, Stopping threads took: 0.0001553 seconds
2024-10-02T03:23:09.896+0300: 444.909: Application time: 3.0989651 seconds
2024-10-02T03:23:09.896+0300: 444.909: [GC (Allocation Failure) 2024-10-02T03:23:09.896+0300: 444.910: [DefNew: 2240035K->5345K(2516544K), 0.0016081 secs] 2245408K->10722K(8108992K), 0.0016926 secs] [Times: user=0.00 sys=0.00, real=0.00 secs] 
2024-10-02T03:23:09.896+0300: 444.911: Total time for which application threads were stopped: 0.0021557 seconds, Stopping threads took: 0.0003417 seconds
2024-10-02T03:23:13.020+0300: 448.023: Application time: 3.1118140 seconds
2024-10-02T03:23:13.020+0300: 448.023: [GC (Allocation Failure) 2024-10-02T03:23:13.020+0300: 448.023: [DefNew: 2242155K->3318K(2516544K), 0.0012131 secs] 2247532K->8698K(8108992K), 0.0012732 secs] [Times: user=0.00 sys=0.00, real=0.00 secs] 
2024-10-02T03:23:13.020+0300: 448.025: Total time for which application threads were stopped: 0.0016125 seconds, Stopping threads took: 0.0002500 seconds
2024-10-02T03:23:16.113+0300: 451.117: Application time: 3.0922696 seconds
2024-10-02T03:23:16.113+0300: 451.117: [GC (Allocation Failure) 2024-10-02T03:23:16.113+0300: 451.117: [DefNew: 2239303K->5344K(2516544K), 0.0017773 secs] 2244684K->10727K(8108992K), 0.0018614 secs] [Times: user=0.00 sys=0.00, real=0.00 secs] 
2024-10-02T03:23:16.113+0300: 451.119: Total time for which application threads were stopped: 0.0021292 seconds, Stopping threads took: 0.0001551 seconds
2024-10-02T03:23:19.205+0300: 454.211: Application time: 3.0918014 seconds
2024-10-02T03:23:19.205+0300: 454.211: [GC (Allocation Failure) 2024-10-02T03:23:19.205+0300: 454.211: [DefNew: 2242028K->5348K(2516544K), 0.0016792 secs] 2247412K->10735K(8108992K), 0.0017548 secs] [Times: user=0.00 sys=0.00, real=0.00 secs] 
2024-10-02T03:23:19.205+0300: 454.213: Total time for which application threads were stopped: 0.0019913 seconds, Stopping threads took: 0.0001298 seconds
2024-10-02T03:23:22.297+0300: 457.299: Application time: 3.0858481 seconds
2024-10-02T03:23:22.297+0300: 457.299: [GC (Allocation Failure) 2024-10-02T03:23:22.297+0300: 457.299: [DefNew: 2242276K->3302K(2516544K), 0.0014970 secs] 2247663K->8693K(8108992K), 0.0015933 secs] [Times: user=0.00 sys=0.00, real=0.00 secs] 
2024-10-02T03:23:22.297+0300: 457.301: Total time for which application threads were stopped: 0.0019665 seconds, Stopping threads took: 0.0002487 seconds
2024-10-02T03:23:25.375+0300: 460.382: Application time: 3.0808576 seconds
2024-10-02T03:23:25.375+0300: 460.382: [GC (Allocation Failure) 2024-10-02T03:23:25.375+0300: 460.382: [DefNew: 2240230K->5345K(2516544K), 0.0014240 secs] 2245621K->10739K(8108992K), 0.0014993 secs] [Times: user=0.02 sys=0.00, real=0.00 secs] 
2024-10-02T03:23:25.375+0300: 460.383: Total time for which application threads were stopped: 0.0018484 seconds, Stopping threads took: 0.0002443 seconds
2024-10-02T03:23:28.467+0300: 463.474: Application time: 3.0904272 seconds
2024-10-02T03:23:28.467+0300: 463.474: [GC (Allocation Failure) 2024-10-02T03:23:28.467+0300: 463.474: [DefNew: 2242273K->4340K(2516544K), 0.0014072 secs] 2247667K->9737K(8108992K), 0.0014914 secs] [Times: user=0.00 sys=0.00, real=0.01 secs] 
2024-10-02T03:23:28.474+0300: 463.476: Total time for which application threads were stopped: 0.0017639 seconds, Stopping threads took: 0.0001575 seconds
2024-10-02T03:23:31.560+0300: 466.565: Application time: 3.0889915 seconds
2024-10-02T03:23:31.560+0300: 466.565: [GC (Allocation Failure) 2024-10-02T03:23:31.560+0300: 466.565: [DefNew: 2241268K->3303K(2516544K), 0.0011319 secs] 2246665K->8704K(8108992K), 0.0012052 secs] [Times: user=0.00 sys=0.00, real=0.00 secs] 
2024-10-02T03:23:31.560+0300: 466.566: Total time for which application threads were stopped: 0.0014129 seconds, Stopping threads took: 0.0000898 seconds
2024-10-02T03:23:34.651+0300: 469.653: Application time: 3.0873163 seconds
2024-10-02T03:23:34.651+0300: 469.654: [GC (Allocation Failure) 2024-10-02T03:23:34.651+0300: 469.654: [DefNew: 2240231K->4340K(2516544K), 0.0012642 secs] 2245632K->9744K(8108992K), 0.0013328 secs] [Times: user=0.00 sys=0.00, real=0.00 secs] 
2024-10-02T03:23:34.651+0300: 469.655: Total time for which application threads were stopped: 0.0016065 seconds, Stopping threads took: 0.0001749 seconds
2024-10-02T03:23:37.726+0300: 472.737: Application time: 3.0819745 seconds
2024-10-02T03:23:37.726+0300: 472.737: [GC (Allocation Failure) 2024-10-02T03:23:37.726+0300: 472.737: [DefNew: 2241268K->5345K(2516544K), 0.0013443 secs] 2246672K->10753K(8108992K), 0.0014455 secs] [Times: user=0.00 sys=0.00, real=0.00 secs] 
2024-10-02T03:23:37.726+0300: 472.739: Total time for which application threads were stopped: 0.0018378 seconds, Stopping threads took: 0.0002711 seconds
2024-10-02T03:23:40.802+0300: 475.815: Application time: 3.0761955 seconds
2024-10-02T03:23:40.802+0300: 475.815: [GC (Allocation Failure) 2024-10-02T03:23:40.802+0300: 475.815: [DefNew: 2242273K->3319K(2516544K), 0.0011959 secs] 2247681K->8730K(8108992K), 0.0012772 secs] [Times: user=0.00 sys=0.00, real=0.00 secs] 
2024-10-02T03:23:40.802+0300: 475.817: Total time for which application threads were stopped: 0.0016490 seconds, Stopping threads took: 0.0002482 seconds
2024-10-02T03:23:43.894+0300: 478.899: Application time: 3.0823887 seconds
2024-10-02T03:23:43.894+0300: 478.899: [GC (Allocation Failure) 2024-10-02T03:23:43.894+0300: 478.899: [DefNew: 2240163K->5345K(2516544K), 0.0015887 secs] 2245575K->10760K(8108992K), 0.0016539 secs] [Times: user=0.00 sys=0.00, real=0.00 secs] 
2024-10-02T03:23:43.894+0300: 478.901: Total time for which application threads were stopped: 0.0018494 seconds, Stopping threads took: 0.0001000 seconds
2024-10-02T03:23:46.986+0300: 481.988: Application time: 3.0874104 seconds
2024-10-02T03:23:46.986+0300: 481.988: [GC (Allocation Failure) 2024-10-02T03:23:46.986+0300: 481.989: [DefNew: 2242273K->3318K(2516544K), 0.0011565 secs] 2247688K->8736K(8108992K), 0.0012474 secs] [Times: user=0.00 sys=0.00, real=0.00 secs] 
2024-10-02T03:23:46.986+0300: 481.990: Total time for which application threads were stopped: 0.0015409 seconds, Stopping threads took: 0.0001547 seconds
2024-10-02T03:23:50.048+0300: 485.061: Application time: 3.0710667 seconds
2024-10-02T03:23:50.048+0300: 485.061: [GC (Allocation Failure) 2024-10-02T03:23:50.048+0300: 485.061: [DefNew: 2240246K->5345K(2516544K), 0.0017114 secs] 2245664K->10767K(8108992K), 0.0017957 secs] [Times: user=0.00 sys=0.00, real=0.00 secs] 
2024-10-02T03:23:50.048+0300: 485.063: Total time for which application threads were stopped: 0.0020746 seconds, Stopping threads took: 0.0001639 seconds
2024-10-02T03:23:53.140+0300: 488.143: Application time: 3.0805021 seconds
2024-10-02T03:23:53.140+0300: 488.144: [GC (Allocation Failure) 2024-10-02T03:23:53.140+0300: 488.144: [DefNew: 2242100K->5345K(2516544K), 0.0016069 secs] 2247521K->10770K(8108992K), 0.0016853 secs] [Times: user=0.00 sys=0.00, real=0.00 secs] 
2024-10-02T03:23:53.140+0300: 488.145: Total time for which application threads were stopped: 0.0019326 seconds, Stopping threads took: 0.0001407 seconds
2024-10-02T03:23:56.216+0300: 491.227: Application time: 3.0819284 seconds
2024-10-02T03:23:56.216+0300: 491.228: [GC (Allocation Failure) 2024-10-02T03:23:56.216+0300: 491.228: [DefNew: 2241557K->5345K(2516544K), 0.0015192 secs] 2246982K->10773K(8108992K), 0.0015937 secs] [Times: user=0.00 sys=0.00, real=0.00 secs] 
2024-10-02T03:23:56.216+0300: 491.229: Total time for which application threads were stopped: 0.0019007 seconds, Stopping threads took: 0.0002008 seconds
2024-10-02T03:23:59.307+0300: 494.311: Application time: 3.0815687 seconds
2024-10-02T03:23:59.307+0300: 494.311: [GC (Allocation Failure) 2024-10-02T03:23:59.307+0300: 494.311: [DefNew: 2242273K->3319K(2516544K), 0.0012082 secs] 2247701K->8751K(8108992K), 0.0012875 secs] [Times: user=0.00 sys=0.00, real=0.00 secs] 
2024-10-02T03:23:59.307+0300: 494.312: Total time for which application threads were stopped: 0.0015576 seconds, Stopping threads took: 0.0001469 seconds
2024-10-02T03:24:02.102+0300: 497.109: Application time: 2.7970138 seconds
2024-10-02T03:24:02.102+0300: 497.110: Total time for which application threads were stopped: 0.0002634 seconds, Stopping threads took: 0.0001898 seconds
2024-10-02T03:24:02.243+0300: 497.245: Application time: 0.1356492 seconds
2024-10-02T03:24:02.243+0300: 497.245: Total time for which application threads were stopped: 0.0001846 seconds, Stopping threads took: 0.0001303 seconds
2024-10-02T03:24:02.448+0300: 497.458: Application time: 0.2127212 seconds
2024-10-02T03:24:02.448+0300: 497.459: Total time for which application threads were stopped: 0.0004179 seconds, Stopping threads took: 0.0003791 seconds
2024-10-02T03:24:02.526+0300: 497.543: Application time: 0.0840244 seconds
2024-10-02T03:24:02.526+0300: 497.543: [GC (Allocation Failure) 2024-10-02T03:24:02.526+0300: 497.543: [DefNew: 2240247K->5348K(2516544K), 0.0015306 secs] 2245679K->10784K(8108992K), 0.0016015 secs] [Times: user=0.02 sys=0.00, real=0.02 secs] 
2024-10-02T03:24:02.542+0300: 497.544: Total time for which application threads were stopped: 0.0018704 seconds, Stopping threads took: 0.0001713 seconds
2024-10-02T03:24:05.632+0300: 500.641: Application time: 3.0961323 seconds
2024-10-02T03:24:05.632+0300: 500.641: [GC (Allocation Failure) 2024-10-02T03:24:05.632+0300: 500.641: [DefNew: 2242276K->4344K(2516544K), 0.0013262 secs] 2247712K->9783K(8108992K), 0.0014123 secs] [Times: user=0.00 sys=0.00, real=0.00 secs] 
2024-10-02T03:24:05.632+0300: 500.642: Total time for which application threads were stopped: 0.0017164 seconds, Stopping threads took: 0.0001966 seconds
2024-10-02T03:24:08.722+0300: 503.727: Application time: 3.0848137 seconds
2024-10-02T03:24:08.722+0300: 503.727: [GC (Allocation Failure) 2024-10-02T03:24:08.722+0300: 503.727: [DefNew: 2240604K->4330K(2516544K), 0.0013240 secs] 2246043K->9772K(8108992K), 0.0013960 secs] [Times: user=0.00 sys=0.00, real=0.00 secs] 
2024-10-02T03:24:08.722+0300: 503.729: Total time for which application threads were stopped: 0.0016540 seconds, Stopping threads took: 0.0001619 seconds
2024-10-02T03:24:11.799+0300: 506.814: Application time: 3.0851089 seconds
2024-10-02T03:24:11.799+0300: 506.814: [GC (Allocation Failure) 2024-10-02T03:24:11.799+0300: 506.814: [DefNew: 2241258K->5349K(2516544K), 0.0016282 secs] 2246700K->10795K(8108992K), 0.0017268 secs] [Times: user=0.00 sys=0.00, real=0.00 secs] 
2024-10-02T03:24:11.799+0300: 506.816: Total time for which application threads were stopped: 0.0019825 seconds, Stopping threads took: 0.0001202 seconds
2024-10-02T03:24:14.923+0300: 509.928: Application time: 3.1119202 seconds
2024-10-02T03:24:14.923+0300: 509.928: [GC (Allocation Failure) 2024-10-02T03:24:14.923+0300: 509.928: [DefNew: 2242277K->5367K(2516544K), 0.0016560 secs] 2247723K->10816K(8108992K), 0.0017227 secs] [Times: user=0.00 sys=0.00, real=0.00 secs] 
2024-10-02T03:24:14.923+0300: 509.930: Total time for which application threads were stopped: 0.0019768 seconds, Stopping threads took: 0.0001527 seconds
2024-10-02T03:24:18.017+0300: 513.031: Application time: 3.1014570 seconds
2024-10-02T03:24:18.017+0300: 513.032: [GC (Allocation Failure) 2024-10-02T03:24:18.017+0300: 513.032: [DefNew: 2242295K->4344K(2516544K), 0.0013788 secs] 2247744K->9796K(8108992K), 0.0014540 secs] [Times: user=0.00 sys=0.00, real=0.00 secs] 
2024-10-02T03:24:18.017+0300: 513.033: Total time for which application threads were stopped: 0.0017619 seconds, Stopping threads took: 0.0001965 seconds
2024-10-02T03:24:21.124+0300: 516.128: Application time: 3.0945936 seconds
2024-10-02T03:24:21.124+0300: 516.128: [GC (Allocation Failure) 2024-10-02T03:24:21.124+0300: 516.128: [DefNew: 2241272K->4329K(2516544K), 0.0014584 secs] 2246724K->9785K(8108992K), 0.0015393 secs] [Times: user=0.00 sys=0.00, real=0.00 secs] 
2024-10-02T03:24:21.124+0300: 516.129: Total time for which application threads were stopped: 0.0018124 seconds, Stopping threads took: 0.0001448 seconds
2024-10-02T03:24:24.201+0300: 519.212: Application time: 3.0823825 seconds
2024-10-02T03:24:24.201+0300: 519.212: [GC (Allocation Failure) 2024-10-02T03:24:24.201+0300: 519.212: [DefNew: 2241257K->5350K(2516544K), 0.0016198 secs] 2246713K->10809K(8108992K), 0.0017019 secs] [Times: user=0.00 sys=0.00, real=0.00 secs] 
2024-10-02T03:24:24.201+0300: 519.214: Total time for which application threads were stopped: 0.0019829 seconds, Stopping threads took: 0.0001733 seconds
2024-10-02T03:24:27.292+0300: 522.294: Application time: 3.0800314 seconds
2024-10-02T03:24:27.292+0300: 522.294: [GC (Allocation Failure) 2024-10-02T03:24:27.292+0300: 522.294: [DefNew: 2241485K->5352K(2516544K), 0.0015081 secs] 2246944K->10815K(8108992K), 0.0015772 secs] [Times: user=0.00 sys=0.00, real=0.00 secs] 
2024-10-02T03:24:27.292+0300: 522.296: Total time for which application threads were stopped: 0.0018380 seconds, Stopping threads took: 0.0001628 seconds
2024-10-02T03:24:30.379+0300: 525.382: Application time: 3.0866157 seconds
2024-10-02T03:24:30.379+0300: 525.383: [GC (Allocation Failure) 2024-10-02T03:24:30.379+0300: 525.383: [DefNew: 2241807K->2285K(2516544K), 0.0010136 secs] 2247269K->7751K(8108992K), 0.0011213 secs] [Times: user=0.00 sys=0.00, real=0.00 secs] 
2024-10-02T03:24:30.379+0300: 525.384: Total time for which application threads were stopped: 0.0013730 seconds, Stopping threads took: 0.0000932 seconds
2024-10-02T03:24:33.462+0300: 528.475: Application time: 3.0915056 seconds
2024-10-02T03:24:33.462+0300: 528.475: [GC (Allocation Failure) 2024-10-02T03:24:33.462+0300: 528.475: [DefNew: 2238987K->5350K(2516544K), 0.0014345 secs] 2244454K->10819K(8108992K), 0.0015078 secs] [Times: user=0.00 sys=0.00, real=0.00 secs] 
2024-10-02T03:24:33.462+0300: 528.477: Total time for which application threads were stopped: 0.0017402 seconds, Stopping threads took: 0.0001298 seconds
2024-10-02T03:24:36.539+0300: 531.551: Application time: 3.0739820 seconds
2024-10-02T03:24:36.539+0300: 531.551: [GC (Allocation Failure) 2024-10-02T03:24:36.539+0300: 531.551: [DefNew: 2242278K->5350K(2516544K), 0.0016008 secs] 2247747K->10823K(8108992K), 0.0016854 secs] [Times: user=0.00 sys=0.00, real=0.00 secs] 
2024-10-02T03:24:36.539+0300: 531.553: Total time for which application threads were stopped: 0.0019858 seconds, Stopping threads took: 0.0002004 seconds
2024-10-02T03:24:39.632+0300: 534.645: Application time: 3.0920485 seconds
2024-10-02T03:24:39.632+0300: 534.645: [GC (Allocation Failure) 2024-10-02T03:24:39.632+0300: 534.645: [DefNew: 2241377K->4329K(2516544K), 0.0014114 secs] 2246850K->9805K(8108992K), 0.0014831 secs] [Times: user=0.00 sys=0.00, real=0.00 secs] 
2024-10-02T03:24:39.632+0300: 534.647: Total time for which application threads were stopped: 0.0017664 seconds, Stopping threads took: 0.0001868 seconds
2024-10-02T03:24:42.709+0300: 537.724: Application time: 3.0771483 seconds
2024-10-02T03:24:42.709+0300: 537.724: [GC (Allocation Failure) 2024-10-02T03:24:42.709+0300: 537.724: [DefNew: 2241257K->5349K(2516544K), 0.0015990 secs] 2246733K->10829K(8108992K), 0.0016918 secs] [Times: user=0.02 sys=0.00, real=0.01 secs] 
2024-10-02T03:24:42.724+0300: 537.726: Total time for which application threads were stopped: 0.0020573 seconds, Stopping threads took: 0.0002530 seconds
2024-10-02T03:24:45.800+0300: 540.815: Application time: 3.0886845 seconds
2024-10-02T03:24:45.800+0300: 540.815: [GC (Allocation Failure) 2024-10-02T03:24:45.800+0300: 540.815: [DefNew: 2242277K->3308K(2516544K), 0.0012152 secs] 2247757K->8791K(8108992K), 0.0013294 secs] [Times: user=0.00 sys=0.00, real=0.00 secs] 
2024-10-02T03:24:45.800+0300: 540.816: Total time for which application threads were stopped: 0.0016572 seconds, Stopping threads took: 0.0002082 seconds
2024-10-02T03:24:48.893+0300: 543.905: Application time: 3.0884615 seconds
2024-10-02T03:24:48.893+0300: 543.905: [GC (Allocation Failure) 2024-10-02T03:24:48.893+0300: 543.905: [DefNew: 2240236K->4324K(2516544K), 0.0013509 secs] 2245719K->9816K(8108992K), 0.0014241 secs] [Times: user=0.00 sys=0.00, real=0.00 secs] 
2024-10-02T03:24:48.893+0300: 543.906: Total time for which application threads were stopped: 0.0016681 seconds, Stopping threads took: 0.0001380 seconds
2024-10-02T03:24:51.970+0300: 546.984: Application time: 3.0773274 seconds
2024-10-02T03:24:51.970+0300: 546.984: [GC (Allocation Failure) 2024-10-02T03:24:51.970+0300: 546.984: [DefNew: 2240895K->4324K(2516544K), 0.0014494 secs] 2246386K->9819K(8108992K), 0.0015367 secs] [Times: user=0.00 sys=0.00, real=0.00 secs] 
2024-10-02T03:24:51.970+0300: 546.986: Total time for which application threads were stopped: 0.0018081 seconds, Stopping threads took: 0.0001402 seconds
2024-10-02T03:24:55.078+0300: 550.081: Application time: 3.0949763 seconds
2024-10-02T03:24:55.078+0300: 550.081: [GC (Allocation Failure) 2024-10-02T03:24:55.078+0300: 550.081: [DefNew: 2240630K->4339K(2516544K), 0.0014010 secs] 2246124K->9837K(8108992K), 0.0014912 secs] [Times: user=0.00 sys=0.00, real=0.00 secs] 
2024-10-02T03:24:55.078+0300: 550.082: Total time for which application threads were stopped: 0.0018190 seconds, Stopping threads took: 0.0002013 seconds
2024-10-02T03:24:58.166+0300: 553.170: Application time: 3.0873778 seconds
2024-10-02T03:24:58.166+0300: 553.170: [GC (Allocation Failure) 2024-10-02T03:24:58.166+0300: 553.170: [DefNew: 2240545K->5348K(2516544K), 0.0015751 secs] 2246043K->10849K(8108992K), 0.0016680 secs] [Times: user=0.00 sys=0.00, real=0.00 secs] 
2024-10-02T03:24:58.166+0300: 553.172: Total time for which application threads were stopped: 0.0019338 seconds, Stopping threads took: 0.0001530 seconds
2024-10-02T03:25:01.273+0300: 556.275: Application time: 3.1029298 seconds
2024-10-02T03:25:01.273+0300: 556.275: [GC (Allocation Failure) 2024-10-02T03:25:01.273+0300: 556.275: [DefNew: 2242276K->1292K(2516544K), 0.0012779 secs] 2247777K->6797K(8108992K), 0.0013761 secs] [Times: user=0.00 sys=0.00, real=0.00 secs] 
2024-10-02T03:25:01.273+0300: 556.276: Total time for which application threads were stopped: 0.0016177 seconds, Stopping threads took: 0.0001156 seconds
2024-10-02T03:25:04.340+0300: 559.349: Application time: 3.0726045 seconds
2024-10-02T03:25:04.340+0300: 559.349: [GC (Allocation Failure) 2024-10-02T03:25:04.340+0300: 559.349: [DefNew: 2237802K->5345K(2516544K), 0.0015336 secs] 2243307K->10854K(8108992K), 0.0016163 secs] [Times: user=0.00 sys=0.00, real=0.00 secs] 
2024-10-02T03:25:04.340+0300: 559.351: Total time for which application threads were stopped: 0.0019149 seconds, Stopping threads took: 0.0001852 seconds
2024-10-02T03:25:07.431+0300: 562.439: Application time: 3.0878535 seconds
2024-10-02T03:25:07.431+0300: 562.439: [GC (Allocation Failure) 2024-10-02T03:25:07.431+0300: 562.439: [DefNew: 2242273K->5345K(2516544K), 0.0016147 secs] 2247782K->10857K(8108992K), 0.0016899 secs] [Times: user=0.00 sys=0.00, real=0.00 secs] 
2024-10-02T03:25:07.431+0300: 562.441: Total time for which application threads were stopped: 0.0019286 seconds, Stopping threads took: 0.0001149 seconds
2024-10-02T03:25:10.508+0300: 565.516: Application time: 3.0750757 seconds
2024-10-02T03:25:10.508+0300: 565.516: [GC (Allocation Failure) 2024-10-02T03:25:10.508+0300: 565.516: [DefNew: 2242273K->5345K(2516544K), 0.0015892 secs] 2247785K->10860K(8108992K), 0.0016839 secs] [Times: user=0.00 sys=0.00, real=0.00 secs] 
2024-10-02T03:25:10.508+0300: 565.518: Total time for which application threads were stopped: 0.0019850 seconds, Stopping threads took: 0.0001847 seconds
2024-10-02T03:25:13.601+0300: 568.606: Application time: 3.0885253 seconds
2024-10-02T03:25:13.601+0300: 568.606: [GC (Allocation Failure) 2024-10-02T03:25:13.601+0300: 568.606: [DefNew: 2241646K->4340K(2516544K), 0.0013223 secs] 2247161K->9858K(8108992K), 0.0013995 secs] [Times: user=0.00 sys=0.00, real=0.00 secs] 
2024-10-02T03:25:13.601+0300: 568.608: Total time for which application threads were stopped: 0.0016901 seconds, Stopping threads took: 0.0001953 seconds
2024-10-02T03:25:16.677+0300: 571.690: Application time: 3.0826017 seconds
2024-10-02T03:25:16.677+0300: 571.691: [GC (Allocation Failure) 2024-10-02T03:25:16.677+0300: 571.691: [DefNew: 2241268K->3303K(2516544K), 0.0011667 secs] 2246786K->8825K(8108992K), 0.0012691 secs] [Times: user=0.00 sys=0.00, real=0.00 secs] 
2024-10-02T03:25:16.677+0300: 571.692: Total time for which application threads were stopped: 0.0015343 seconds, Stopping threads took: 0.0001164 seconds
2024-10-02T03:25:19.755+0300: 574.770: Application time: 3.0782255 seconds
2024-10-02T03:25:19.755+0300: 574.770: [GC (Allocation Failure) 2024-10-02T03:25:19.755+0300: 574.770: [DefNew: 2239422K->5345K(2516544K), 0.0018577 secs] 2244944K->10870K(8108992K), 0.0019435 secs] [Times: user=0.02 sys=0.00, real=0.01 secs] 
2024-10-02T03:25:19.770+0300: 574.772: Total time for which application threads were stopped: 0.0021707 seconds, Stopping threads took: 0.0001095 seconds
2024-10-02T03:25:22.864+0300: 577.867: Application time: 3.0949445 seconds
2024-10-02T03:25:22.864+0300: 577.868: [GC (Allocation Failure) 2024-10-02T03:25:22.864+0300: 577.868: [DefNew: 2242104K->5345K(2516544K), 0.0015017 secs] 2247630K->10874K(8108992K), 0.0015909 secs] [Times: user=0.00 sys=0.00, real=0.00 secs] 
2024-10-02T03:25:22.864+0300: 577.869: Total time for which application threads were stopped: 0.0019103 seconds, Stopping threads took: 0.0001867 seconds
2024-10-02T03:25:25.971+0300: 580.984: Application time: 3.1145097 seconds
2024-10-02T03:25:25.971+0300: 580.984: [GC (Allocation Failure) 2024-10-02T03:25:25.971+0300: 580.984: [DefNew: 2242273K->4357K(2516544K), 0.0014730 secs] 2247802K->9889K(8108992K), 0.0015573 secs] [Times: user=0.00 sys=0.00, real=0.00 secs] 
2024-10-02T03:25:25.971+0300: 580.986: Total time for which application threads were stopped: 0.0019584 seconds, Stopping threads took: 0.0002841 seconds
2024-10-02T03:25:29.047+0300: 584.061: Application time: 3.0750407 seconds
2024-10-02T03:25:29.047+0300: 584.061: [GC (Allocation Failure) 2024-10-02T03:25:29.047+0300: 584.061: [DefNew: 2241285K->4342K(2516544K), 0.0015190 secs] 2246817K->9877K(8108992K), 0.0016108 secs] [Times: user=0.00 sys=0.00, real=0.00 secs] 
2024-10-02T03:25:29.047+0300: 584.063: Total time for which application threads were stopped: 0.0018793 seconds, Stopping threads took: 0.0001370 seconds
2024-10-02T03:25:32.155+0300: 587.172: Application time: 3.1089848 seconds
2024-10-02T03:25:32.170+0300: 587.172: [GC (Allocation Failure) 2024-10-02T03:25:32.170+0300: 587.172: [DefNew: 2241270K->4338K(2516544K), 0.0014284 secs] 2246805K->9877K(8108992K), 0.0015142 secs] [Times: user=0.00 sys=0.00, real=0.00 secs] 
2024-10-02T03:25:32.170+0300: 587.174: Total time for which application threads were stopped: 0.0019649 seconds, Stopping threads took: 0.0003303 seconds
2024-10-02T03:25:35.247+0300: 590.254: Application time: 3.0804741 seconds
2024-10-02T03:25:35.247+0300: 590.254: [GC (Allocation Failure) 2024-10-02T03:25:35.247+0300: 590.254: [DefNew: 2241266K->5345K(2516544K), 0.0014832 secs] 2246805K->10888K(8108992K), 0.0015591 secs] [Times: user=0.00 sys=0.00, real=0.00 secs] 
2024-10-02T03:25:35.247+0300: 590.256: Total time for which application threads were stopped: 0.0018569 seconds, Stopping threads took: 0.0001996 seconds
2024-10-02T03:25:38.323+0300: 593.334: Application time: 3.0779231 seconds
2024-10-02T03:25:38.323+0300: 593.334: [GC (Allocation Failure) 2024-10-02T03:25:38.323+0300: 593.334: [DefNew: 2242273K->4337K(2516544K), 0.0017270 secs] 2247816K->9883K(8108992K), 0.0018178 secs] [Times: user=0.00 sys=0.00, real=0.00 secs] 
2024-10-02T03:25:38.323+0300: 593.336: Total time for which application threads were stopped: 0.0021701 seconds, Stopping threads took: 0.0001862 seconds
2024-10-02T03:25:41.414+0300: 596.430: Application time: 3.0941582 seconds
2024-10-02T03:25:41.414+0300: 596.430: [GC (Allocation Failure) 2024-10-02T03:25:41.414+0300: 596.430: [DefNew: 2241265K->3304K(2516544K), 0.0013906 secs] 2246811K->8853K(8108992K), 0.0014772 secs] [Times: user=0.02 sys=0.00, real=0.02 secs] 
2024-10-02T03:25:41.430+0300: 596.432: Total time for which application threads were stopped: 0.0018144 seconds, Stopping threads took: 0.0002323 seconds
2024-10-02T03:25:44.507+0300: 599.516: Application time: 3.0838836 seconds
2024-10-02T03:25:44.507+0300: 599.516: [GC (Allocation Failure) 2024-10-02T03:25:44.507+0300: 599.516: [DefNew: 2239310K->5350K(2516544K), 0.0015206 secs] 2244860K->10903K(8108992K), 0.0015981 secs] [Times: user=0.00 sys=0.00, real=0.00 secs] 
2024-10-02T03:25:44.507+0300: 599.518: Total time for which application threads were stopped: 0.0018779 seconds, Stopping threads took: 0.0001570 seconds
2024-10-02T03:25:47.630+0300: 602.643: Application time: 3.1256517 seconds
2024-10-02T03:25:47.630+0300: 602.644: [GC (Allocation Failure) 2024-10-02T03:25:47.630+0300: 602.644: [DefNew: 2242278K->4337K(2516544K), 0.0016092 secs] 2247831K->9893K(8108992K), 0.0016993 secs] [Times: user=0.00 sys=0.00, real=0.00 secs] 
2024-10-02T03:25:47.630+0300: 602.645: Total time for which application threads were stopped: 0.0020085 seconds, Stopping threads took: 0.0001744 seconds
2024-10-02T03:25:50.769+0300: 605.778: Application time: 3.1325961 seconds
2024-10-02T03:25:50.769+0300: 605.778: [GC (Allocation Failure) 2024-10-02T03:25:50.769+0300: 605.778: [DefNew: 2241265K->4339K(2516544K), 0.0016185 secs] 2246821K->9899K(8108992K), 0.0017227 secs] [Times: user=0.00 sys=0.00, real=0.01 secs] 
2024-10-02T03:25:50.777+0300: 605.780: Total time for which application threads were stopped: 0.0019555 seconds, Stopping threads took: 0.0000999 seconds
2024-10-02T03:25:53.862+0300: 608.875: Application time: 3.0951166 seconds
2024-10-02T03:25:53.862+0300: 608.875: [GC (Allocation Failure) 2024-10-02T03:25:53.862+0300: 608.875: [DefNew: 2241267K->3313K(2516544K), 0.0014589 secs] 2246827K->8876K(8108992K), 0.0015654 secs] [Times: user=0.00 sys=0.00, real=0.00 secs] 
2024-10-02T03:25:53.862+0300: 608.877: Total time for which application threads were stopped: 0.0018961 seconds, Stopping threads took: 0.0001900 seconds
2024-10-02T03:25:56.970+0300: 611.973: Application time: 3.0955975 seconds
2024-10-02T03:25:56.970+0300: 611.973: [GC (Allocation Failure) 2024-10-02T03:25:56.970+0300: 611.973: [DefNew: 2240241K->4323K(2516544K), 0.0014531 secs] 2245804K->9889K(8108992K), 0.0015372 secs] [Times: user=0.00 sys=0.00, real=0.00 secs] 
2024-10-02T03:25:56.970+0300: 611.975: Total time for which application threads were stopped: 0.0019319 seconds, Stopping threads took: 0.0002593 seconds
2024-10-02T03:26:00.063+0300: 615.065: Application time: 3.0904304 seconds
2024-10-02T03:26:00.063+0300: 615.065: [GC (Allocation Failure) 2024-10-02T03:26:00.063+0300: 615.065: [DefNew: 2241240K->5344K(2516544K), 0.0018148 secs] 2246807K->10914K(8108992K), 0.0019261 secs] [Times: user=0.00 sys=0.00, real=0.00 secs] 
2024-10-02T03:26:00.063+0300: 615.067: Total time for which application threads were stopped: 0.0022790 seconds, Stopping threads took: 0.0002126 seconds
2024-10-02T03:26:03.140+0300: 618.149: Application time: 3.0818952 seconds
2024-10-02T03:26:03.140+0300: 618.149: [GC (Allocation Failure) 2024-10-02T03:26:03.140+0300: 618.149: [DefNew: 2241413K->5345K(2516544K), 0.0017962 secs] 2246983K->10918K(8108992K), 0.0018902 secs] [Times: user=0.00 sys=0.00, real=0.00 secs] 
2024-10-02T03:26:03.140+0300: 618.151: Total time for which application threads were stopped: 0.0022040 seconds, Stopping threads took: 0.0001699 seconds
2024-10-02T03:26:06.234+0300: 621.250: Application time: 3.0984087 seconds
2024-10-02T03:26:06.234+0300: 621.250: [GC (Allocation Failure) 2024-10-02T03:26:06.234+0300: 621.250: [DefNew: 2242273K->2283K(2516544K), 0.0012157 secs] 2247846K->7859K(8108992K), 0.0013192 secs] [Times: user=0.02 sys=0.00, real=0.02 secs] 
2024-10-02T03:26:06.249+0300: 621.251: Total time for which application threads were stopped: 0.0016376 seconds, Stopping threads took: 0.0001895 seconds
2024-10-02T03:26:09.342+0300: 624.357: Application time: 3.1054112 seconds
2024-10-02T03:26:09.342+0300: 624.357: [GC (Allocation Failure) 2024-10-02T03:26:09.342+0300: 624.357: [DefNew: 2239211K->3329K(2516544K), 0.0013779 secs] 2244787K->8910K(8108992K), 0.0014606 secs] [Times: user=0.00 sys=0.00, real=0.00 secs] 
2024-10-02T03:26:09.342+0300: 624.359: Total time for which application threads were stopped: 0.0018582 seconds, Stopping threads took: 0.0002836 seconds
2024-10-02T03:26:12.434+0300: 627.440: Application time: 3.0816033 seconds
2024-10-02T03:26:12.434+0300: 627.440: [GC (Allocation Failure) 2024-10-02T03:26:12.434+0300: 627.441: [DefNew: 2240257K->5345K(2516544K), 0.0019164 secs] 2245838K->10928K(8108992K), 0.0020038 secs] [Times: user=0.00 sys=0.00, real=0.00 secs] 
2024-10-02T03:26:12.434+0300: 627.443: Total time for which application threads were stopped: 0.0022487 seconds, Stopping threads took: 0.0001331 seconds
2024-10-02T03:26:15.510+0300: 630.520: Application time: 3.0770307 seconds
2024-10-02T03:26:15.510+0300: 630.520: [GC (Allocation Failure) 2024-10-02T03:26:15.510+0300: 630.520: [DefNew: 2242273K->4322K(2516544K), 0.0014689 secs] 2247856K->9910K(8108992K), 0.0015584 secs] [Times: user=0.00 sys=0.00, real=0.00 secs] 
2024-10-02T03:26:15.510+0300: 630.521: Total time for which application threads were stopped: 0.0019510 seconds, Stopping threads took: 0.0002720 seconds
2024-10-02T03:26:18.587+0300: 633.598: Application time: 3.0767847 seconds
2024-10-02T03:26:18.587+0300: 633.599: [GC (Allocation Failure) 2024-10-02T03:26:18.587+0300: 633.599: [DefNew: 2241250K->5344K(2516544K), 0.0017635 secs] 2246838K->10935K(8108992K), 0.0018680 secs] [Times: user=0.00 sys=0.00, real=0.00 secs] 
2024-10-02T03:26:18.587+0300: 633.601: Total time for which application threads were stopped: 0.0022665 seconds, Stopping threads took: 0.0002725 seconds
2024-10-02T03:26:21.694+0300: 636.700: Application time: 3.0998654 seconds
2024-10-02T03:26:21.694+0300: 636.701: [GC (Allocation Failure) 2024-10-02T03:26:21.694+0300: 636.701: [DefNew: 2242272K->1274K(2516544K), 0.0008583 secs] 2247863K->6868K(8108992K), 0.0009233 secs] [Times: user=0.00 sys=0.00, real=0.00 secs] 
2024-10-02T03:26:21.694+0300: 636.702: Total time for which application threads were stopped: 0.0011686 seconds, Stopping threads took: 0.0001507 seconds
2024-10-02T03:26:24.771+0300: 639.787: Application time: 3.0849560 seconds
2024-10-02T03:26:24.771+0300: 639.787: [GC (Allocation Failure) 2024-10-02T03:26:24.771+0300: 639.787: [DefNew: 2238202K->4323K(2516544K), 0.0016751 secs] 2243796K->9920K(8108992K), 0.0017655 secs] [Times: user=0.02 sys=0.00, real=0.02 secs] 
2024-10-02T03:26:24.787+0300: 639.789: Total time for which application threads were stopped: 0.0021399 seconds, Stopping threads took: 0.0002329 seconds
2024-10-02T03:26:27.895+0300: 642.896: Application time: 3.1074364 seconds
2024-10-02T03:26:27.895+0300: 642.896: [GC (Allocation Failure) 2024-10-02T03:26:27.895+0300: 642.897: [DefNew: 2241251K->3300K(2516544K), 0.0013251 secs] 2246848K->8901K(8108992K), 0.0014401 secs] [Times: user=0.00 sys=0.00, real=0.00 secs] 
2024-10-02T03:26:27.895+0300: 642.898: Total time for which application threads were stopped: 0.0017708 seconds, Stopping threads took: 0.0001851 seconds
2024-10-02T03:26:30.987+0300: 645.999: Application time: 3.1009367 seconds
2024-10-02T03:26:30.987+0300: 645.999: [GC (Allocation Failure) 2024-10-02T03:26:30.987+0300: 645.999: [DefNew: 2239300K->4326K(2516544K), 0.0014445 secs] 2244901K->9930K(8108992K), 0.0015197 secs] [Times: user=0.00 sys=0.00, real=0.00 secs] 
2024-10-02T03:26:30.987+0300: 646.001: Total time for which application threads were stopped: 0.0018135 seconds, Stopping threads took: 0.0001690 seconds
2024-10-02T03:26:34.142+0300: 649.158: Application time: 3.1574957 seconds
2024-10-02T03:26:34.142+0300: 649.158: [GC (Allocation Failure) 2024-10-02T03:26:34.142+0300: 649.158: [DefNew: 2241254K->4327K(2516544K), 0.0016023 secs] 2246858K->9935K(8108992K), 0.0016863 secs] [Times: user=0.01 sys=0.00, real=0.02 secs] 
2024-10-02T03:26:34.158+0300: 649.160: Total time for which application threads were stopped: 0.0020019 seconds, Stopping threads took: 0.0001878 seconds
2024-10-02T03:26:37.235+0300: 652.248: Application time: 3.0881968 seconds
2024-10-02T03:26:37.235+0300: 652.249: [GC (Allocation Failure) 2024-10-02T03:26:37.235+0300: 652.249: [DefNew: 2241255K->5344K(2516544K), 0.0015761 secs] 2246863K->10955K(8108992K), 0.0016549 secs] [Times: user=0.00 sys=0.00, real=0.00 secs] 
2024-10-02T03:26:37.235+0300: 652.250: Total time for which application threads were stopped: 0.0021357 seconds, Stopping threads took: 0.0003647 seconds
2024-10-02T03:26:40.343+0300: 655.353: Application time: 3.1024299 seconds
2024-10-02T03:26:40.343+0300: 655.353: [GC (Allocation Failure) 2024-10-02T03:26:40.343+0300: 655.353: [DefNew: 2242154K->5345K(2516544K), 0.0015753 secs] 2247765K->10959K(8108992K), 0.0016642 secs] [Times: user=0.00 sys=0.00, real=0.00 secs] 
2024-10-02T03:26:40.343+0300: 655.355: Total time for which application threads were stopped: 0.0019500 seconds, Stopping threads took: 0.0001597 seconds
2024-10-02T03:26:43.450+0300: 658.458: Application time: 3.1034481 seconds
2024-10-02T03:26:43.450+0300: 658.459: [GC (Allocation Failure) 2024-10-02T03:26:43.450+0300: 658.459: [DefNew: 2242273K->5345K(2516544K), 0.0017096 secs] 2247887K->10963K(8108992K), 0.0017908 secs] [Times: user=0.00 sys=0.00, real=0.00 secs] 
2024-10-02T03:26:43.450+0300: 658.460: Total time for which application threads were stopped: 0.0020931 seconds, Stopping threads took: 0.0001800 seconds
2024-10-02T03:26:46.543+0300: 661.551: Application time: 3.0907353 seconds
2024-10-02T03:26:46.543+0300: 661.551: [GC (Allocation Failure) 2024-10-02T03:26:46.543+0300: 661.551: [DefNew: 2241796K->4324K(2516544K), 0.0013428 secs] 2247414K->9945K(8108992K), 0.0014435 secs] [Times: user=0.02 sys=0.00, real=0.00 secs] 
2024-10-02T03:26:46.543+0300: 661.553: Total time for which application threads were stopped: 0.0017266 seconds, Stopping threads took: 0.0001594 seconds
2024-10-02T03:26:49.637+0300: 664.645: Application time: 3.0924126 seconds
2024-10-02T03:26:49.637+0300: 664.646: [GC (Allocation Failure) 2024-10-02T03:26:49.637+0300: 664.646: [DefNew: 2240461K->5347K(2516544K), 0.0018770 secs] 2246083K->10972K(8108992K), 0.0019789 secs] [Times: user=0.00 sys=0.00, real=0.00 secs] 
2024-10-02T03:26:49.637+0300: 664.648: Total time for which application threads were stopped: 0.0023525 seconds, Stopping threads took: 0.0002482 seconds
2024-10-02T03:26:52.729+0300: 667.735: Application time: 3.0874537 seconds
2024-10-02T03:26:52.729+0300: 667.735: [GC (Allocation Failure) 2024-10-02T03:26:52.729+0300: 667.735: [DefNew: 2241481K->3297K(2516544K), 0.0011254 secs] 2247106K->8925K(8108992K), 0.0012033 secs] [Times: user=0.00 sys=0.00, real=0.00 secs] 
2024-10-02T03:26:52.729+0300: 667.737: Total time for which application threads were stopped: 0.0014843 seconds, Stopping threads took: 0.0001660 seconds
2024-10-02T03:26:55.822+0300: 670.826: Application time: 3.0890591 seconds
2024-10-02T03:26:55.822+0300: 670.826: [GC (Allocation Failure) 2024-10-02T03:26:55.822+0300: 670.826: [DefNew: 2240225K->3304K(2516544K), 0.0011411 secs] 2245853K->8936K(8108992K), 0.0012148 secs] [Times: user=0.00 sys=0.00, real=0.00 secs] 
2024-10-02T03:26:55.822+0300: 670.827: Total time for which application threads were stopped: 0.0014683 seconds, Stopping threads took: 0.0001323 seconds
2024-10-02T03:26:58.897+0300: 673.912: Application time: 3.0853131 seconds
2024-10-02T03:26:58.897+0300: 673.913: [GC (Allocation Failure) 2024-10-02T03:26:58.897+0300: 673.913: [DefNew: 2240232K->3331K(2516544K), 0.0013332 secs] 2245864K->8967K(8108992K), 0.0014179 secs] [Times: user=0.01 sys=0.00, real=0.01 secs] 
2024-10-02T03:26:58.912+0300: 673.914: Total time for which application threads were stopped: 0.0018187 seconds, Stopping threads took: 0.0002683 seconds
2024-10-02T03:27:02.005+0300: 677.008: Application time: 3.0933091 seconds
2024-10-02T03:27:02.005+0300: 677.008: [GC (Allocation Failure) 2024-10-02T03:27:02.005+0300: 677.008: [DefNew: 2240133K->4324K(2516544K), 0.0013620 secs] 2245768K->9963K(8108992K), 0.0014341 secs] [Times: user=0.00 sys=0.00, real=0.00 secs] 
2024-10-02T03:27:02.005+0300: 677.009: Total time for which application threads were stopped: 0.0016888 seconds, Stopping threads took: 0.0001453 seconds
2024-10-02T03:27:05.067+0300: 680.081: Application time: 3.0712259 seconds
2024-10-02T03:27:05.067+0300: 680.081: [GC (Allocation Failure) 2024-10-02T03:27:05.067+0300: 680.081: [DefNew: 2241252K->5348K(2516544K), 0.0015760 secs] 2246891K->10990K(8108992K), 0.0016480 secs] [Times: user=0.00 sys=0.00, real=0.00 secs] 
2024-10-02T03:27:05.067+0300: 680.082: Total time for which application threads were stopped: 0.0019150 seconds, Stopping threads took: 0.0001586 seconds
2024-10-02T03:27:08.159+0300: 683.166: Application time: 3.0834514 seconds
2024-10-02T03:27:08.159+0300: 683.166: [GC (Allocation Failure) 2024-10-02T03:27:08.159+0300: 683.166: [DefNew: 2242276K->4342K(2516544K), 0.0014151 secs] 2247918K->9988K(8108992K), 0.0014958 secs] [Times: user=0.00 sys=0.00, real=0.00 secs] 
2024-10-02T03:27:08.159+0300: 683.168: Total time for which application threads were stopped: 0.0017858 seconds, Stopping threads took: 0.0001717 seconds
2024-10-02T03:27:11.246+0300: 686.254: Application time: 3.0862741 seconds
2024-10-02T03:27:11.253+0300: 686.254: [GC (Allocation Failure) 2024-10-02T03:27:11.253+0300: 686.254: [DefNew: 2241270K->4324K(2516544K), 0.0014329 secs] 2246916K->9973K(8108992K), 0.0015308 secs] [Times: user=0.00 sys=0.00, real=0.00 secs] 
2024-10-02T03:27:11.253+0300: 686.256: Total time for which application threads were stopped: 0.0018956 seconds, Stopping threads took: 0.0002482 seconds
2024-10-02T03:27:14.328+0300: 689.340: Application time: 3.0846128 seconds
2024-10-02T03:27:14.328+0300: 689.341: [GC (Allocation Failure) 2024-10-02T03:27:14.328+0300: 689.341: [DefNew: 2241252K->5345K(2516544K), 0.0015219 secs] 2246901K->10997K(8108992K), 0.0016191 secs] [Times: user=0.00 sys=0.00, real=0.00 secs] 
2024-10-02T03:27:14.328+0300: 689.342: Total time for which application threads were stopped: 0.0019664 seconds, Stopping threads took: 0.0002084 seconds
2024-10-02T03:27:17.420+0300: 692.427: Application time: 3.0849215 seconds
2024-10-02T03:27:17.420+0300: 692.428: [GC (Allocation Failure) 2024-10-02T03:27:17.420+0300: 692.428: [DefNew: 2242011K->5348K(2516544K), 0.0014885 secs] 2247664K->11003K(8108992K), 0.0015736 secs] [Times: user=0.02 sys=0.00, real=0.00 secs] 
2024-10-02T03:27:17.420+0300: 692.429: Total time for which application threads were stopped: 0.0018239 seconds, Stopping threads took: 0.0001194 seconds
2024-10-02T03:27:20.497+0300: 695.511: Application time: 3.0816778 seconds
2024-10-02T03:27:20.497+0300: 695.511: [GC (Allocation Failure) 2024-10-02T03:27:20.497+0300: 695.511: [DefNew: 2242276K->5345K(2516544K), 0.0015333 secs] 2247931K->11004K(8108992K), 0.0016088 secs] [Times: user=0.00 sys=0.00, real=0.00 secs] 
2024-10-02T03:27:20.497+0300: 695.513: Total time for which application threads were stopped: 0.0019158 seconds, Stopping threads took: 0.0002106 seconds
2024-10-02T03:27:23.589+0300: 698.601: Application time: 3.0885338 seconds
2024-10-02T03:27:23.589+0300: 698.602: [GC (Allocation Failure) 2024-10-02T03:27:23.589+0300: 698.602: [DefNew: 2242179K->4339K(2516544K), 0.0013263 secs] 2247838K->10002K(8108992K), 0.0014040 secs] [Times: user=0.00 sys=0.00, real=0.00 secs] 
2024-10-02T03:27:23.589+0300: 698.603: Total time for which application threads were stopped: 0.0017549 seconds, Stopping threads took: 0.0002255 seconds
2024-10-02T03:27:26.681+0300: 701.694: Application time: 3.0905113 seconds
2024-10-02T03:27:26.681+0300: 701.694: [GC (Allocation Failure) 2024-10-02T03:27:26.681+0300: 701.694: [DefNew: 2241143K->5345K(2516544K), 0.0016141 secs] 2246806K->11011K(8108992K), 0.0016987 secs] [Times: user=0.00 sys=0.00, real=0.00 secs] 
2024-10-02T03:27:26.681+0300: 701.696: Total time for which application threads were stopped: 0.0019961 seconds, Stopping threads took: 0.0001719 seconds
2024-10-02T03:27:29.774+0300: 704.782: Application time: 3.0860447 seconds
2024-10-02T03:27:29.774+0300: 704.782: [GC (Allocation Failure) 2024-10-02T03:27:29.774+0300: 704.782: [DefNew: 2242273K->4322K(2516544K), 0.0013871 secs] 2247939K->9992K(8108992K), 0.0014713 secs] [Times: user=0.00 sys=0.00, real=0.00 secs] 
2024-10-02T03:27:29.774+0300: 704.783: Total time for which application threads were stopped: 0.0017061 seconds, Stopping threads took: 0.0001058 seconds
2024-10-02T03:27:32.873+0300: 707.878: Application time: 3.0949405 seconds
2024-10-02T03:27:32.873+0300: 707.879: [GC (Allocation Failure) 2024-10-02T03:27:32.873+0300: 707.879: [DefNew: 2241250K->3320K(2516544K), 0.0011937 secs] 2246920K->8993K(8108992K), 0.0012802 secs] [Times: user=0.00 sys=0.00, real=0.00 secs] 
2024-10-02T03:27:32.873+0300: 707.880: Total time for which application threads were stopped: 0.0016661 seconds, Stopping threads took: 0.0002513 seconds
2024-10-02T03:27:35.959+0300: 710.965: Application time: 3.0852495 seconds
2024-10-02T03:27:35.959+0300: 710.965: [GC (Allocation Failure) 2024-10-02T03:27:35.959+0300: 710.965: [DefNew: 2240248K->5348K(2516544K), 0.0016540 secs] 2245921K->11024K(8108992K), 0.0017300 secs] [Times: user=0.00 sys=0.00, real=0.00 secs] 
2024-10-02T03:27:35.959+0300: 710.967: Total time for which application threads were stopped: 0.0019637 seconds, Stopping threads took: 0.0001349 seconds
2024-10-02T03:27:39.051+0300: 714.055: Application time: 3.0875491 seconds
2024-10-02T03:27:39.051+0300: 714.055: [GC (Allocation Failure) 2024-10-02T03:27:39.051+0300: 714.055: [DefNew: 2242276K->4338K(2516544K), 0.0016128 secs] 2247952K->10018K(8108992K), 0.0016955 secs] [Times: user=0.00 sys=0.00, real=0.00 secs] 
2024-10-02T03:27:39.051+0300: 714.057: Total time for which application threads were stopped: 0.0019543 seconds, Stopping threads took: 0.0001482 seconds
2024-10-02T03:27:42.129+0300: 717.135: Application time: 3.0779866 seconds
2024-10-02T03:27:42.129+0300: 717.135: [GC (Allocation Failure) 2024-10-02T03:27:42.129+0300: 717.135: [DefNew: 2241266K->5344K(2516544K), 0.0017146 secs] 2246946K->11028K(8108992K), 0.0017837 secs] [Times: user=0.00 sys=0.00, real=0.00 secs] 
2024-10-02T03:27:42.129+0300: 717.137: Total time for which application threads were stopped: 0.0021583 seconds, Stopping threads took: 0.0002700 seconds
2024-10-02T03:27:45.221+0300: 720.237: Application time: 3.1004919 seconds
2024-10-02T03:27:45.221+0300: 720.238: [GC (Allocation Failure) 2024-10-02T03:27:45.221+0300: 720.238: [DefNew: 2241870K->5344K(2516544K), 0.0017660 secs] 2247554K->11031K(8108992K), 0.0018428 secs] [Times: user=0.02 sys=0.00, real=0.02 secs] 
2024-10-02T03:27:45.237+0300: 720.239: Total time for which application threads were stopped: 0.0021639 seconds, Stopping threads took: 0.0002134 seconds
2024-10-02T03:27:48.328+0300: 723.339: Application time: 3.0992835 seconds
2024-10-02T03:27:48.328+0300: 723.339: [GC (Allocation Failure) 2024-10-02T03:27:48.328+0300: 723.339: [DefNew: 2242272K->4342K(2516544K), 0.0016364 secs] 2247959K->10032K(8108992K), 0.0017050 secs] [Times: user=0.00 sys=0.00, real=0.00 secs] 
2024-10-02T03:27:48.328+0300: 723.341: Total time for which application threads were stopped: 0.0019668 seconds, Stopping threads took: 0.0001550 seconds
2024-10-02T03:27:51.438+0300: 726.446: Application time: 3.1053845 seconds
2024-10-02T03:27:51.438+0300: 726.446: [GC (Allocation Failure) 2024-10-02T03:27:51.438+0300: 726.446: [DefNew: 2240929K->4325K(2516544K), 0.0014604 secs] 2246619K->10018K(8108992K), 0.0015251 secs] [Times: user=0.00 sys=0.00, real=0.00 secs] 
2024-10-02T03:27:51.438+0300: 726.448: Total time for which application threads were stopped: 0.0017460 seconds, Stopping threads took: 0.0001171 seconds
2024-10-02T03:27:54.546+0300: 729.549: Application time: 3.1007651 seconds
2024-10-02T03:27:54.546+0300: 729.549: [GC (Allocation Failure) 2024-10-02T03:27:54.546+0300: 729.549: [DefNew: 2240726K->2313K(2516544K), 0.0009297 secs] 2246419K->8010K(8108992K), 0.0010059 secs] [Times: user=0.00 sys=0.00, real=0.00 secs] 
2024-10-02T03:27:54.546+0300: 729.550: Total time for which application threads were stopped: 0.0012683 seconds, Stopping threads took: 0.0001454 seconds
2024-10-02T03:27:57.621+0300: 732.629: Application time: 3.0795926 seconds
2024-10-02T03:27:57.621+0300: 732.630: [GC (Allocation Failure) 2024-10-02T03:27:57.621+0300: 732.630: [DefNew: 2239241K->4320K(2516544K), 0.0017314 secs] 2244938K->10021K(8108992K), 0.0018245 secs] [Times: user=0.00 sys=0.00, real=0.00 secs] 
2024-10-02T03:27:57.621+0300: 732.632: Total time for which application threads were stopped: 0.0021258 seconds, Stopping threads took: 0.0001826 seconds
2024-10-02T03:28:00.714+0300: 735.717: Application time: 3.0851791 seconds
2024-10-02T03:28:00.714+0300: 735.717: [GC (Allocation Failure) 2024-10-02T03:28:00.714+0300: 735.717: [DefNew: 2241248K->5344K(2516544K), 0.0016860 secs] 2246949K->11048K(8108992K), 0.0017676 secs] [Times: user=0.00 sys=0.00, real=0.00 secs] 
2024-10-02T03:28:00.714+0300: 735.719: Total time for which application threads were stopped: 0.0019774 seconds, Stopping threads took: 0.0000869 seconds
2024-10-02T03:28:02.896+0300: 737.906: Application time: 2.1872032 seconds
2024-10-02T03:28:02.896+0300: 737.906: Total time for which application threads were stopped: 0.0001953 seconds, Stopping threads took: 0.0001466 seconds
2024-10-02T03:28:02.943+0300: 737.947: Application time: 0.0407664 seconds
2024-10-02T03:28:02.943+0300: 737.947: Total time for which application threads were stopped: 0.0001440 seconds, Stopping threads took: 0.0001019 seconds
2024-10-02T03:28:03.021+0300: 738.030: Application time: 0.0830301 seconds
2024-10-02T03:28:03.021+0300: 738.030: Total time for which application threads were stopped: 0.0001593 seconds, Stopping threads took: 0.0001222 seconds
2024-10-02T03:28:03.068+0300: 738.082: Application time: 0.0514507 seconds
2024-10-02T03:28:03.068+0300: 738.082: Total time for which application threads were stopped: 0.0002209 seconds, Stopping threads took: 0.0001354 seconds
2024-10-02T03:28:03.287+0300: 738.293: Application time: 0.2108729 seconds
2024-10-02T03:28:03.287+0300: 738.293: Total time for which application threads were stopped: 0.0005365 seconds, Stopping threads took: 0.0004827 seconds
2024-10-02T03:28:04.402+0300: 739.407: Application time: 1.1136806 seconds
2024-10-02T03:28:04.402+0300: 739.407: [GC (Allocation Failure) 2024-10-02T03:28:04.402+0300: 739.407: [DefNew: 2241762K->4328K(2516544K), 0.0027590 secs] 2247466K->10036K(8108992K), 0.0028721 secs] [Times: user=0.00 sys=0.00, real=0.00 secs] 
2024-10-02T03:28:04.402+0300: 739.410: Total time for which application threads were stopped: 0.0031992 seconds, Stopping threads took: 0.0001966 seconds
2024-10-02T03:28:07.792+0300: 742.795: Application time: 3.3847221 seconds
2024-10-02T03:28:07.792+0300: 742.795: [GC (Allocation Failure) 2024-10-02T03:28:07.792+0300: 742.795: [DefNew: 2241256K->3338K(2516544K), 0.0030981 secs] 2246964K->9049K(8108992K), 0.0031708 secs] [Times: user=0.00 sys=0.00, real=0.00 secs] 
2024-10-02T03:28:07.792+0300: 742.798: Total time for which application threads were stopped: 0.0034540 seconds, Stopping threads took: 0.0001866 seconds
2024-10-02T03:28:10.884+0300: 745.892: Application time: 3.0937433 seconds
2024-10-02T03:28:10.884+0300: 745.892: [GC (Allocation Failure) 2024-10-02T03:28:10.884+0300: 745.892: [DefNew: 2239507K->4329K(2516544K), 0.0018699 secs] 2245218K->10043K(8108992K), 0.0019471 secs] [Times: user=0.00 sys=0.00, real=0.00 secs] 
2024-10-02T03:28:10.884+0300: 745.894: Total time for which application threads were stopped: 0.0021847 seconds, Stopping threads took: 0.0001315 seconds
2024-10-02T03:28:13.981+0300: 748.987: Application time: 3.0929952 seconds
2024-10-02T03:28:13.981+0300: 748.988: [GC (Allocation Failure) 2024-10-02T03:28:13.981+0300: 748.988: [DefNew: 2241257K->4329K(2516544K), 0.0021233 secs] 2246971K->10047K(8108992K), 0.0022132 secs] [Times: user=0.00 sys=0.00, real=0.00 secs] 
2024-10-02T03:28:13.981+0300: 748.990: Total time for which application threads were stopped: 0.0025484 seconds, Stopping threads took: 0.0002106 seconds
2024-10-02T03:28:17.085+0300: 752.088: Application time: 3.0975759 seconds
2024-10-02T03:28:17.085+0300: 752.088: [GC (Allocation Failure) 2024-10-02T03:28:17.085+0300: 752.088: [DefNew: 2241257K->4347K(2516544K), 0.0024464 secs] 2246975K->10068K(8108992K), 0.0025778 secs] [Times: user=0.00 sys=0.00, real=0.00 secs] 
2024-10-02T03:28:17.088+0300: 752.090: Total time for which application threads were stopped: 0.0028413 seconds, Stopping threads took: 0.0001199 seconds
2024-10-02T03:28:20.162+0300: 755.173: Application time: 3.0829706 seconds
2024-10-02T03:28:20.162+0300: 755.174: [GC (Allocation Failure) 2024-10-02T03:28:20.162+0300: 755.174: [DefNew: 2241275K->4329K(2516544K), 0.0014617 secs] 2246996K->10054K(8108992K), 0.0015634 secs] [Times: user=0.00 sys=0.00, real=0.00 secs] 
2024-10-02T03:28:20.162+0300: 755.175: Total time for which application threads were stopped: 0.0018555 seconds, Stopping threads took: 0.0001270 seconds
2024-10-02T03:28:23.253+0300: 758.260: Application time: 3.0843074 seconds
2024-10-02T03:28:23.253+0300: 758.260: [GC (Allocation Failure) 2024-10-02T03:28:23.253+0300: 758.260: [DefNew: 2241257K->3324K(2516544K), 0.0011261 secs] 2246982K->9052K(8108992K), 0.0011985 secs] [Times: user=0.00 sys=0.00, real=0.00 secs] 
2024-10-02T03:28:23.253+0300: 758.261: Total time for which application threads were stopped: 0.0014348 seconds, Stopping threads took: 0.0001199 seconds
2024-10-02T03:28:26.330+0300: 761.336: Application time: 3.0747854 seconds
2024-10-02T03:28:26.330+0300: 761.336: [GC (Allocation Failure) 2024-10-02T03:28:26.330+0300: 761.336: [DefNew: 2240022K->4330K(2516544K), 0.0013517 secs] 2245750K->10061K(8108992K), 0.0014247 secs] [Times: user=0.00 sys=0.00, real=0.00 secs] 
2024-10-02T03:28:26.330+0300: 761.337: Total time for which application threads were stopped: 0.0017224 seconds, Stopping threads took: 0.0001784 seconds
2024-10-02T03:28:29.405+0300: 764.415: Application time: 3.0777458 seconds
2024-10-02T03:28:29.405+0300: 764.415: [GC (Allocation Failure) 2024-10-02T03:28:29.405+0300: 764.416: [DefNew: 2240935K->5352K(2516544K), 0.0020600 secs] 2246667K->11087K(8108992K), 0.0021411 secs] [Times: user=0.01 sys=0.00, real=0.01 secs] 
2024-10-02T03:28:29.415+0300: 764.418: Total time for which application threads were stopped: 0.0024377 seconds, Stopping threads took: 0.0001911 seconds
2024-10-02T03:28:32.497+0300: 767.512: Application time: 3.0944558 seconds
2024-10-02T03:28:32.497+0300: 767.512: [GC (Allocation Failure) 2024-10-02T03:28:32.497+0300: 767.512: [DefNew: 2242280K->3307K(2516544K), 0.0011616 secs] 2248015K->9046K(8108992K), 0.0012434 secs] [Times: user=0.00 sys=0.00, real=0.00 secs] 
2024-10-02T03:28:32.497+0300: 767.514: Total time for which application threads were stopped: 0.0014803 seconds, Stopping threads took: 0.0001325 seconds
2024-10-02T03:28:35.588+0300: 770.601: Application time: 3.0873486 seconds
2024-10-02T03:28:35.588+0300: 770.601: [GC (Allocation Failure) 2024-10-02T03:28:35.588+0300: 770.601: [DefNew: 2240021K->4341K(2516544K), 0.0013966 secs] 2245759K->10083K(8108992K), 0.0014830 secs] [Times: user=0.00 sys=0.00, real=0.00 secs] 
2024-10-02T03:28:35.588+0300: 770.603: Total time for which application threads were stopped: 0.0018341 seconds, Stopping threads took: 0.0002244 seconds
2024-10-02T03:28:38.685+0300: 773.688: Application time: 3.0849538 seconds
2024-10-02T03:28:38.686+0300: 773.688: [GC (Allocation Failure) 2024-10-02T03:28:38.686+0300: 773.688: [DefNew: 2241034K->4328K(2516544K), 0.0012790 secs] 2246776K->10073K(8108992K), 0.0013533 secs] [Times: user=0.00 sys=0.00, real=0.00 secs] 
2024-10-02T03:28:38.686+0300: 773.689: Total time for which application threads were stopped: 0.0016533 seconds, Stopping threads took: 0.0002038 seconds
2024-10-02T03:28:41.756+0300: 776.770: Application time: 3.0810366 seconds
2024-10-02T03:28:41.756+0300: 776.771: [GC (Allocation Failure) 2024-10-02T03:28:41.756+0300: 776.771: [DefNew: 2241256K->3306K(2516544K), 0.0011699 secs] 2247001K->9054K(8108992K), 0.0012516 secs] [Times: user=0.00 sys=0.00, real=0.00 secs] 
2024-10-02T03:28:41.756+0300: 776.772: Total time for which application threads were stopped: 0.0015485 seconds, Stopping threads took: 0.0001712 seconds
2024-10-02T03:28:44.834+0300: 779.844: Application time: 3.0722353 seconds
2024-10-02T03:28:44.834+0300: 779.845: [GC (Allocation Failure) 2024-10-02T03:28:44.834+0300: 779.845: [DefNew: 2239833K->5350K(2516544K), 0.0021757 secs] 2245582K->11102K(8108992K), 0.0022520 secs] [Times: user=0.00 sys=0.00, real=0.00 secs] 
2024-10-02T03:28:44.834+0300: 779.847: Total time for which application threads were stopped: 0.0025916 seconds, Stopping threads took: 0.0002427 seconds
2024-10-02T03:28:47.943+0300: 782.945: Application time: 3.0982187 seconds
2024-10-02T03:28:47.943+0300: 782.945: [GC (Allocation Failure) 2024-10-02T03:28:47.943+0300: 782.945: [DefNew: 2242278K->2317K(2516544K), 0.0012165 secs] 2248030K->8072K(8108992K), 0.0012990 secs] [Times: user=0.00 sys=0.00, real=0.00 secs] 
2024-10-02T03:28:47.943+0300: 782.947: Total time for which application threads were stopped: 0.0015559 seconds, Stopping threads took: 0.0001484 seconds
2024-10-02T03:28:51.017+0300: 786.031: Application time: 3.0845490 seconds
2024-10-02T03:28:51.017+0300: 786.031: [GC (Allocation Failure) 2024-10-02T03:28:51.017+0300: 786.031: [DefNew: 2239245K->4323K(2516544K), 0.0013009 secs] 2245000K->10086K(8108992K), 0.0014349 secs] [Times: user=0.00 sys=0.00, real=0.00 secs] 
2024-10-02T03:28:51.017+0300: 786.033: Total time for which application threads were stopped: 0.0017044 seconds, Stopping threads took: 0.0001763 seconds
2024-10-02T03:28:54.156+0300: 789.168: Application time: 3.1350629 seconds
2024-10-02T03:28:54.156+0300: 789.168: [GC (Allocation Failure) 2024-10-02T03:28:54.156+0300: 789.168: [DefNew: 2240756K->5344K(2516544K), 0.0015078 secs] 2246519K->11111K(8108992K), 0.0015867 secs] [Times: user=0.00 sys=0.00, real=0.01 secs] 
2024-10-02T03:28:54.168+0300: 789.170: Total time for which application threads were stopped: 0.0020347 seconds, Stopping threads took: 0.0003282 seconds
2024-10-02T03:28:57.275+0300: 792.281: Application time: 3.1110073 seconds
2024-10-02T03:28:57.275+0300: 792.281: [GC (Allocation Failure) 2024-10-02T03:28:57.275+0300: 792.281: [DefNew: 2242261K->5345K(2516544K), 0.0018845 secs] 2248027K->11115K(8108992K), 0.0020015 secs] [Times: user=0.00 sys=0.00, real=0.01 secs] 
2024-10-02T03:28:57.281+0300: 792.283: Total time for which application threads were stopped: 0.0022761 seconds, Stopping threads took: 0.0001413 seconds
2024-10-02T03:29:00.381+0300: 795.389: Application time: 3.1061993 seconds
2024-10-02T03:29:00.388+0300: 795.390: [GC (Allocation Failure) 2024-10-02T03:29:00.388+0300: 795.390: [DefNew: 2242273K->5345K(2516544K), 0.0016026 secs] 2248043K->11119K(8108992K), 0.0017046 secs] [Times: user=0.00 sys=0.00, real=0.00 secs] 
2024-10-02T03:29:00.388+0300: 795.391: Total time for which application threads were stopped: 0.0020398 seconds, Stopping threads took: 0.0001921 seconds
2024-10-02T03:29:03.465+0300: 798.482: Application time: 3.0900241 seconds
2024-10-02T03:29:03.465+0300: 798.482: [GC (Allocation Failure) 2024-10-02T03:29:03.465+0300: 798.482: [DefNew: 2242273K->5348K(2516544K), 0.0018832 secs] 2248047K->11125K(8108992K), 0.0019752 secs] [Times: user=0.02 sys=0.00, real=0.02 secs] 
2024-10-02T03:29:03.481+0300: 798.484: Total time for which application threads were stopped: 0.0022642 seconds, Stopping threads took: 0.0001696 seconds
2024-10-02T03:29:06.603+0300: 801.618: Application time: 3.1345593 seconds
2024-10-02T03:29:06.603+0300: 801.619: [GC (Allocation Failure) 2024-10-02T03:29:06.603+0300: 801.619: [DefNew: 2242069K->5345K(2516544K), 0.0018994 secs] 2247846K->11126K(8108992K), 0.0019745 secs] [Times: user=0.02 sys=0.00, real=0.02 secs] 
2024-10-02T03:29:06.618+0300: 801.621: Total time for which application threads were stopped: 0.0022645 seconds, Stopping threads took: 0.0001770 seconds
2024-10-02T03:29:09.711+0300: 804.722: Application time: 3.1011546 seconds
2024-10-02T03:29:09.711+0300: 804.722: [GC (Allocation Failure) 2024-10-02T03:29:09.711+0300: 804.722: [DefNew: 2242249K->3332K(2516544K), 0.0013282 secs] 2248030K->9116K(8108992K), 0.0014042 secs] [Times: user=0.00 sys=0.00, real=0.00 secs] 
2024-10-02T03:29:09.711+0300: 804.724: Total time for which application threads were stopped: 0.0017730 seconds, Stopping threads took: 0.0002407 seconds
2024-10-02T03:29:12.808+0300: 807.809: Application time: 3.0856395 seconds
2024-10-02T03:29:12.808+0300: 807.809: [GC (Allocation Failure) 2024-10-02T03:29:12.808+0300: 807.810: [DefNew: 2240260K->3304K(2516544K), 0.0011872 secs] 2246044K->9091K(8108992K), 0.0013135 secs] [Times: user=0.00 sys=0.00, real=0.00 secs] 
2024-10-02T03:29:12.808+0300: 807.811: Total time for which application threads were stopped: 0.0016316 seconds, Stopping threads took: 0.0001929 seconds
2024-10-02T03:29:15.879+0300: 810.888: Application time: 3.0771071 seconds
2024-10-02T03:29:15.879+0300: 810.888: [GC (Allocation Failure) 2024-10-02T03:29:15.879+0300: 810.888: [DefNew: 2239902K->5344K(2516544K), 0.0015233 secs] 2245689K->11134K(8108992K), 0.0016032 secs] [Times: user=0.00 sys=0.00, real=0.00 secs] 
2024-10-02T03:29:15.879+0300: 810.890: Total time for which application threads were stopped: 0.0019321 seconds, Stopping threads took: 0.0002281 seconds
2024-10-02T03:29:18.973+0300: 813.979: Application time: 3.0893475 seconds
2024-10-02T03:29:18.973+0300: 813.979: [GC (Allocation Failure) 2024-10-02T03:29:18.973+0300: 813.980: [DefNew: 2241840K->5344K(2516544K), 0.0015254 secs] 2247631K->11138K(8108992K), 0.0016795 secs] [Times: user=0.00 sys=0.00, real=0.00 secs] 
2024-10-02T03:29:18.973+0300: 813.981: Total time for which application threads were stopped: 0.0020001 seconds, Stopping threads took: 0.0002163 seconds
2024-10-02T03:29:22.065+0300: 817.078: Application time: 3.0969186 seconds
2024-10-02T03:29:22.065+0300: 817.078: [GC (Allocation Failure) 2024-10-02T03:29:22.065+0300: 817.078: [DefNew: 2242272K->3319K(2516544K), 0.0011238 secs] 2248066K->9116K(8108992K), 0.0011935 secs] [Times: user=0.00 sys=0.00, real=0.00 secs] 
2024-10-02T03:29:22.065+0300: 817.080: Total time for which application threads were stopped: 0.0014901 seconds, Stopping threads took: 0.0001805 seconds
2024-10-02T03:29:25.156+0300: 820.167: Application time: 3.0877125 seconds
2024-10-02T03:29:25.156+0300: 820.168: [GC (Allocation Failure) 2024-10-02T03:29:25.156+0300: 820.168: [DefNew: 2240247K->4324K(2516544K), 0.0020138 secs] 2246044K->10125K(8108992K), 0.0021159 secs] [Times: user=0.00 sys=0.00, real=0.00 secs] 
2024-10-02T03:29:25.156+0300: 820.170: Total time for which application threads were stopped: 0.0023940 seconds, Stopping threads took: 0.0001363 seconds
2024-10-02T03:29:28.248+0300: 823.256: Application time: 3.0860863 seconds
2024-10-02T03:29:28.248+0300: 823.256: [GC (Allocation Failure) 2024-10-02T03:29:28.248+0300: 823.256: [DefNew: 2241252K->4339K(2516544K), 0.0014117 secs] 2247053K->10144K(8108992K), 0.0014992 secs] [Times: user=0.01 sys=0.00, real=0.00 secs] 
2024-10-02T03:29:28.248+0300: 823.258: Total time for which application threads were stopped: 0.0018330 seconds, Stopping threads took: 0.0002021 seconds
2024-10-02T03:29:31.346+0300: 826.355: Application time: 3.0970749 seconds
2024-10-02T03:29:31.346+0300: 826.355: [GC (Allocation Failure) 2024-10-02T03:29:31.346+0300: 826.355: [DefNew: 2241267K->3322K(2516544K), 0.0011327 secs] 2247072K->9130K(8108992K), 0.0012162 secs] [Times: user=0.00 sys=0.00, real=0.00 secs] 
2024-10-02T03:29:31.346+0300: 826.356: Total time for which application threads were stopped: 0.0014929 seconds, Stopping threads took: 0.0001488 seconds
2024-10-02T03:29:34.432+0300: 829.439: Application time: 3.0827325 seconds
2024-10-02T03:29:34.432+0300: 829.439: [GC (Allocation Failure) 2024-10-02T03:29:34.432+0300: 829.439: [DefNew: 2239627K->4341K(2516544K), 0.0013646 secs] 2245435K->10153K(8108992K), 0.0014683 secs] [Times: user=0.00 sys=0.00, real=0.00 secs] 
2024-10-02T03:29:34.432+0300: 829.441: Total time for which application threads were stopped: 0.0018616 seconds, Stopping threads took: 0.0002342 seconds
2024-10-02T03:29:37.540+0300: 832.542: Application time: 3.1010098 seconds
2024-10-02T03:29:37.540+0300: 832.542: [GC (Allocation Failure) 2024-10-02T03:29:37.540+0300: 832.542: [DefNew: 2240781K->4339K(2516544K), 0.0013324 secs] 2246592K->10154K(8108992K), 0.0014051 secs] [Times: user=0.00 sys=0.00, real=0.00 secs] 
2024-10-02T03:29:37.540+0300: 832.544: Total time for which application threads were stopped: 0.0017151 seconds, Stopping threads took: 0.0002015 seconds
2024-10-02T03:29:40.617+0300: 835.625: Application time: 3.0816076 seconds
2024-10-02T03:29:40.617+0300: 835.625: [GC (Allocation Failure) 2024-10-02T03:29:40.617+0300: 835.625: [DefNew: 2240787K->5345K(2516544K), 0.0015611 secs] 2246602K->11163K(8108992K), 0.0016421 secs] [Times: user=0.00 sys=0.00, real=0.00 secs] 
2024-10-02T03:29:40.617+0300: 835.627: Total time for which application threads were stopped: 0.0018592 seconds, Stopping threads took: 0.0001019 seconds
2024-10-02T03:29:43.695+0300: 838.710: Application time: 3.0829463 seconds
2024-10-02T03:29:43.695+0300: 838.710: [GC (Allocation Failure) 2024-10-02T03:29:43.695+0300: 838.710: [DefNew: 2242004K->4323K(2516544K), 0.0013644 secs] 2247822K->10144K(8108992K), 0.0014919 secs] [Times: user=0.00 sys=0.00, real=0.00 secs] 
2024-10-02T03:29:43.695+0300: 838.712: Total time for which application threads were stopped: 0.0018827 seconds, Stopping threads took: 0.0002342 seconds
2024-10-02T03:29:46.785+0300: 841.798: Application time: 3.0861709 seconds
2024-10-02T03:29:46.785+0300: 841.798: [GC (Allocation Failure) 2024-10-02T03:29:46.785+0300: 841.798: [DefNew: 2241251K->3302K(2516544K), 0.0013578 secs] 2247072K->9127K(8108992K), 0.0014269 secs] [Times: user=0.00 sys=0.00, real=0.00 secs] 
2024-10-02T03:29:46.785+0300: 841.800: Total time for which application threads were stopped: 0.0016781 seconds, Stopping threads took: 0.0001509 seconds
2024-10-02T03:29:49.877+0300: 844.880: Application time: 3.0798440 seconds
2024-10-02T03:29:49.877+0300: 844.880: [GC (Allocation Failure) 2024-10-02T03:29:49.877+0300: 844.880: [DefNew: 2239229K->5344K(2516544K), 0.0015191 secs] 2245054K->11172K(8108992K), 0.0015914 secs] [Times: user=0.00 sys=0.00, real=0.00 secs] 
2024-10-02T03:29:49.877+0300: 844.881: Total time for which application threads were stopped: 0.0018994 seconds, Stopping threads took: 0.0002118 seconds
2024-10-02T03:29:52.954+0300: 847.966: Application time: 3.0844390 seconds
2024-10-02T03:29:52.954+0300: 847.966: [GC (Allocation Failure) 2024-10-02T03:29:52.954+0300: 847.966: [DefNew: 2242272K->4322K(2516544K), 0.0014777 secs] 2248100K->10154K(8108992K), 0.0015549 secs] [Times: user=0.00 sys=0.00, real=0.00 secs] 
2024-10-02T03:29:52.954+0300: 847.968: Total time for which application threads were stopped: 0.0019494 seconds, Stopping threads took: 0.0002364 seconds
2024-10-02T03:29:56.047+0300: 851.054: Application time: 3.0860749 seconds
2024-10-02T03:29:56.047+0300: 851.054: [GC (Allocation Failure) 2024-10-02T03:29:56.047+0300: 851.054: [DefNew: 2240514K->4342K(2516544K), 0.0013955 secs] 2246345K->10177K(8108992K), 0.0014782 secs] [Times: user=0.00 sys=0.00, real=0.00 secs] 
2024-10-02T03:29:56.047+0300: 851.056: Total time for which application threads were stopped: 0.0018575 seconds, Stopping threads took: 0.0002641 seconds
2024-10-02T03:29:59.123+0300: 854.128: Application time: 3.0724177 seconds
2024-10-02T03:29:59.123+0300: 854.128: [GC (Allocation Failure) 2024-10-02T03:29:59.123+0300: 854.128: [DefNew: 2240538K->5347K(2516544K), 0.0014516 secs] 2246373K->11186K(8108992K), 0.0015422 secs] [Times: user=0.00 sys=0.00, real=0.00 secs] 
2024-10-02T03:29:59.123+0300: 854.130: Total time for which application threads were stopped: 0.0018033 seconds, Stopping threads took: 0.0001465 seconds
2024-10-02T03:30:02.216+0300: 857.218: Application time: 3.0881565 seconds
2024-10-02T03:30:02.216+0300: 857.218: [GC (Allocation Failure) 2024-10-02T03:30:02.216+0300: 857.219: [DefNew: 2242275K->4324K(2516544K), 0.0013746 secs] 2248114K->10166K(8108992K), 0.0014645 secs] [Times: user=0.00 sys=0.00, real=0.00 secs] 
2024-10-02T03:30:02.216+0300: 857.220: Total time for which application threads were stopped: 0.0018033 seconds, Stopping threads took: 0.0002116 seconds
2024-10-02T03:30:05.309+0300: 860.316: Application time: 3.0958646 seconds
2024-10-02T03:30:05.309+0300: 860.316: [GC (Allocation Failure) 2024-10-02T03:30:05.309+0300: 860.316: [DefNew: 2240733K->5345K(2516544K), 0.0016023 secs] 2246575K->11191K(8108992K), 0.0016852 secs] [Times: user=0.00 sys=0.00, real=0.00 secs] 
2024-10-02T03:30:05.309+0300: 860.318: Total time for which application threads were stopped: 0.0020081 seconds, Stopping threads took: 0.0002041 seconds
2024-10-02T03:30:08.386+0300: 863.395: Application time: 3.0768150 seconds
2024-10-02T03:30:08.386+0300: 863.395: [GC (Allocation Failure) 2024-10-02T03:30:08.386+0300: 863.395: [DefNew: 2242273K->4321K(2516544K), 0.0012811 secs] 2248119K->10170K(8108992K), 0.0013508 secs] [Times: user=0.00 sys=0.00, real=0.00 secs] 
2024-10-02T03:30:08.386+0300: 863.396: Total time for which application threads were stopped: 0.0016341 seconds, Stopping threads took: 0.0001891 seconds
2024-10-02T03:30:11.494+0300: 866.507: Application time: 3.1109264 seconds
2024-10-02T03:30:11.494+0300: 866.508: [GC (Allocation Failure) 2024-10-02T03:30:11.494+0300: 866.508: [DefNew: 2241249K->5345K(2516544K), 0.0015168 secs] 2247098K->11197K(8108992K), 0.0016015 secs] [Times: user=0.02 sys=0.00, real=0.00 secs] 
2024-10-02T03:30:11.494+0300: 866.509: Total time for which application threads were stopped: 0.0018932 seconds, Stopping threads took: 0.0001702 seconds
2024-10-02T03:30:14.585+0300: 869.599: Application time: 3.0896279 seconds
2024-10-02T03:30:14.585+0300: 869.599: [GC (Allocation Failure) 2024-10-02T03:30:14.585+0300: 869.599: [DefNew: 2241592K->4323K(2516544K), 0.0013064 secs] 2247445K->10179K(8108992K), 0.0014000 secs] [Times: user=0.00 sys=0.00, real=0.00 secs] 
2024-10-02T03:30:14.585+0300: 869.600: Total time for which application threads were stopped: 0.0016724 seconds, Stopping threads took: 0.0001569 seconds
2024-10-02T03:30:17.692+0300: 872.696: Application time: 3.0957976 seconds
2024-10-02T03:30:17.692+0300: 872.696: [GC (Allocation Failure) 2024-10-02T03:30:17.692+0300: 872.697: [DefNew: 2240852K->5344K(2516544K), 0.0014804 secs] 2246708K->11204K(8108992K), 0.0015557 secs] [Times: user=0.00 sys=0.00, real=0.00 secs] 
2024-10-02T03:30:17.692+0300: 872.698: Total time for which application threads were stopped: 0.0018120 seconds, Stopping threads took: 0.0001613 seconds
2024-10-02T03:30:20.785+0300: 875.787: Application time: 3.0892266 seconds
2024-10-02T03:30:20.785+0300: 875.787: [GC (Allocation Failure) 2024-10-02T03:30:20.785+0300: 875.788: [DefNew: 2241738K->3301K(2516544K), 0.0012188 secs] 2247598K->9164K(8108992K), 0.0013150 secs] [Times: user=0.00 sys=0.00, real=0.00 secs] 
2024-10-02T03:30:20.785+0300: 875.789: Total time for which application threads were stopped: 0.0015240 seconds, Stopping threads took: 0.0000848 seconds
2024-10-02T03:30:23.861+0300: 878.866: Application time: 3.0770738 seconds
2024-10-02T03:30:23.861+0300: 878.866: [GC (Allocation Failure) 2024-10-02T03:30:23.861+0300: 878.866: [DefNew: 2239244K->5345K(2516544K), 0.0018046 secs] 2245107K->11211K(8108992K), 0.0019061 secs] [Times: user=0.00 sys=0.00, real=0.00 secs] 
2024-10-02T03:30:23.861+0300: 878.868: Total time for which application threads were stopped: 0.0022494 seconds, Stopping threads took: 0.0002185 seconds
2024-10-02T03:30:26.953+0300: 881.959: Application time: 3.0906614 seconds
2024-10-02T03:30:26.953+0300: 881.959: [GC (Allocation Failure) 2024-10-02T03:30:26.953+0300: 881.959: [DefNew: 2242273K->2314K(2516544K), 0.0010429 secs] 2248139K->8183K(8108992K), 0.0011150 secs] [Times: user=0.00 sys=0.00, real=0.00 secs] 
2024-10-02T03:30:26.953+0300: 881.960: Total time for which application threads were stopped: 0.0014293 seconds, Stopping threads took: 0.0001973 seconds
2024-10-02T03:30:30.030+0300: 885.039: Application time: 3.0788753 seconds
2024-10-02T03:30:30.030+0300: 885.039: [GC (Allocation Failure) 2024-10-02T03:30:30.030+0300: 885.039: [DefNew: 2239242K->5345K(2516544K), 0.0015030 secs] 2245111K->11218K(8108992K), 0.0015831 secs] [Times: user=0.00 sys=0.00, real=0.00 secs] 
2024-10-02T03:30:30.030+0300: 885.041: Total time for which application threads were stopped: 0.0018922 seconds, Stopping threads took: 0.0002089 seconds
2024-10-02T03:30:33.123+0300: 888.125: Application time: 3.0841998 seconds
2024-10-02T03:30:33.123+0300: 888.125: [GC (Allocation Failure) 2024-10-02T03:30:33.123+0300: 888.126: [DefNew: 2241996K->4337K(2516544K), 0.0012697 secs] 2247869K->10214K(8108992K), 0.0013485 secs] [Times: user=0.00 sys=0.00, real=0.00 secs] 
2024-10-02T03:30:33.123+0300: 888.127: Total time for which application threads were stopped: 0.0016576 seconds, Stopping threads took: 0.0001833 seconds
2024-10-02T03:30:36.216+0300: 891.223: Application time: 3.0959716 seconds
2024-10-02T03:30:36.216+0300: 891.223: [GC (Allocation Failure) 2024-10-02T03:30:36.216+0300: 891.223: [DefNew: 2241025K->2280K(2516544K), 0.0009789 secs] 2246902K->8160K(8108992K), 0.0010595 secs] [Times: user=0.00 sys=0.00, real=0.00 secs] 
2024-10-02T03:30:36.216+0300: 891.224: Total time for which application threads were stopped: 0.0013881 seconds, Stopping threads took: 0.0002128 seconds
2024-10-02T03:30:39.293+0300: 894.309: Application time: 3.0849971 seconds
2024-10-02T03:30:39.308+0300: 894.310: [GC (Allocation Failure) 2024-10-02T03:30:39.308+0300: 894.310: [DefNew: 2239208K->4355K(2516544K), 0.0014469 secs] 2245088K->10238K(8108992K), 0.0015388 secs] [Times: user=0.00 sys=0.00, real=0.00 secs] 
2024-10-02T03:30:39.308+0300: 894.311: Total time for which application threads were stopped: 0.0020166 seconds, Stopping threads took: 0.0003397 seconds
2024-10-02T03:30:42.400+0300: 897.404: Application time: 3.0925119 seconds
2024-10-02T03:30:42.400+0300: 897.404: [GC (Allocation Failure) 2024-10-02T03:30:42.400+0300: 897.404: [DefNew: 2241283K->4325K(2516544K), 0.0013299 secs] 2247166K->10212K(8108992K), 0.0014073 secs] [Times: user=0.00 sys=0.00, real=0.00 secs] 
2024-10-02T03:30:42.400+0300: 897.405: Total time for which application threads were stopped: 0.0016706 seconds, Stopping threads took: 0.0001634 seconds
2024-10-02T03:30:45.477+0300: 900.486: Application time: 3.0808672 seconds
2024-10-02T03:30:45.477+0300: 900.487: [GC (Allocation Failure) 2024-10-02T03:30:45.477+0300: 900.487: [DefNew: 2240638K->5347K(2516544K), 0.0015955 secs] 2246525K->11237K(8108992K), 0.0016957 secs] [Times: user=0.00 sys=0.00, real=0.00 secs] 
2024-10-02T03:30:45.477+0300: 900.488: Total time for which application threads were stopped: 0.0019950 seconds, Stopping threads took: 0.0001455 seconds
2024-10-02T03:30:48.569+0300: 903.586: Application time: 3.0980468 seconds
2024-10-02T03:30:48.585+0300: 903.587: [GC (Allocation Failure) 2024-10-02T03:30:48.585+0300: 903.587: [DefNew: 2242275K->4340K(2516544K), 0.0013363 secs] 2248165K->10233K(8108992K), 0.0014138 secs] [Times: user=0.00 sys=0.00, real=0.00 secs] 
2024-10-02T03:30:48.585+0300: 903.588: Total time for which application threads were stopped: 0.0017831 seconds, Stopping threads took: 0.0002676 seconds
2024-10-02T03:30:51.662+0300: 906.673: Application time: 3.0847237 seconds
2024-10-02T03:30:51.662+0300: 906.673: [GC (Allocation Failure) 2024-10-02T03:30:51.662+0300: 906.673: [DefNew: 2240453K->5345K(2516544K), 0.0019020 secs] 2246346K->11242K(8108992K), 0.0019862 secs] [Times: user=0.00 sys=0.00, real=0.00 secs] 
2024-10-02T03:30:51.662+0300: 906.675: Total time for which application threads were stopped: 0.0023186 seconds, Stopping threads took: 0.0002216 seconds
2024-10-02T03:30:54.753+0300: 909.761: Application time: 3.0859808 seconds
2024-10-02T03:30:54.753+0300: 909.761: [GC (Allocation Failure) 2024-10-02T03:30:54.753+0300: 909.761: [DefNew: 2241878K->4321K(2516544K), 0.0015544 secs] 2247775K->10222K(8108992K), 0.0016403 secs] [Times: user=0.00 sys=0.00, real=0.00 secs] 
2024-10-02T03:30:54.753+0300: 909.763: Total time for which application threads were stopped: 0.0018956 seconds, Stopping threads took: 0.0001308 seconds
2024-10-02T03:30:57.845+0300: 912.847: Application time: 3.0842779 seconds
2024-10-02T03:30:57.845+0300: 912.848: [GC (Allocation Failure) 2024-10-02T03:30:57.845+0300: 912.848: [DefNew: 2240690K->5345K(2516544K), 0.0015100 secs] 2246590K->11249K(8108992K), 0.0015864 secs] [Times: user=0.00 sys=0.00, real=0.00 secs] 
2024-10-02T03:30:57.845+0300: 912.849: Total time for which application threads were stopped: 0.0018681 seconds, Stopping threads took: 0.0001745 seconds
2024-10-02T03:31:00.940+0300: 915.951: Application time: 3.1015623 seconds
2024-10-02T03:31:00.940+0300: 915.951: [GC (Allocation Failure) 2024-10-02T03:31:00.940+0300: 915.951: [DefNew: 2242273K->3303K(2516544K), 0.0010942 secs] 2248177K->9210K(8108992K), 0.0011652 secs] [Times: user=0.00 sys=0.00, real=0.00 secs] 
2024-10-02T03:31:00.940+0300: 915.952: Total time for which application threads were stopped: 0.0014018 seconds, Stopping threads took: 0.0001322 seconds
2024-10-02T03:31:04.015+0300: 919.028: Application time: 3.0756245 seconds
2024-10-02T03:31:04.015+0300: 919.028: [GC (Allocation Failure) 2024-10-02T03:31:04.015+0300: 919.028: [DefNew: 2240231K->3318K(2516544K), 0.0013831 secs] 2246138K->9229K(8108992K), 0.0014921 secs] [Times: user=0.00 sys=0.00, real=0.01 secs] 
2024-10-02T03:31:04.027+0300: 919.030: Total time for which application threads were stopped: 0.0017117 seconds, Stopping threads took: 0.0000963 seconds
2024-10-02T03:31:07.106+0300: 922.116: Application time: 3.0868511 seconds
2024-10-02T03:31:07.106+0300: 922.117: [GC (Allocation Failure) 2024-10-02T03:31:07.106+0300: 922.117: [DefNew: 2239676K->4338K(2516544K), 0.0014383 secs] 2245587K->10252K(8108992K), 0.0015147 secs] [Times: user=0.01 sys=0.00, real=0.01 secs] 
2024-10-02T03:31:07.117+0300: 922.118: Total time for which application threads were stopped: 0.0020118 seconds, Stopping threads took: 0.0003966 seconds
2024-10-02T03:31:10.199+0300: 925.214: Application time: 3.0953654 seconds
2024-10-02T03:31:10.199+0300: 925.214: [GC (Allocation Failure) 2024-10-02T03:31:10.199+0300: 925.214: [DefNew: 2240989K->3335K(2516544K), 0.0013000 secs] 2246904K->9252K(8108992K), 0.0013697 secs] [Times: user=0.00 sys=0.00, real=0.00 secs] 
2024-10-02T03:31:10.199+0300: 925.215: Total time for which application threads were stopped: 0.0016792 seconds, Stopping threads took: 0.0001965 seconds
2024-10-02T03:31:13.277+0300: 928.286: Application time: 3.0709921 seconds
2024-10-02T03:31:13.277+0300: 928.287: [GC (Allocation Failure) 2024-10-02T03:31:13.277+0300: 928.287: [DefNew: 2240263K->5345K(2516544K), 0.0016559 secs] 2246180K->11266K(8108992K), 0.0017406 secs] [Times: user=0.00 sys=0.00, real=0.01 secs] 
2024-10-02T03:31:13.286+0300: 928.288: Total time for which application threads were stopped: 0.0020119 seconds, Stopping threads took: 0.0001410 seconds
2024-10-02T03:31:16.372+0300: 931.376: Application time: 3.0876963 seconds
2024-10-02T03:31:16.372+0300: 931.376: [GC (Allocation Failure) 2024-10-02T03:31:16.372+0300: 931.376: [DefNew: 2241470K->4324K(2516544K), 0.0013525 secs] 2247391K->10248K(8108992K), 0.0014242 secs] [Times: user=0.00 sys=0.00, real=0.00 secs] 
2024-10-02T03:31:16.376+0300: 931.378: Total time for which application threads were stopped: 0.0016719 seconds, Stopping threads took: 0.0001523 seconds
2024-10-02T03:31:19.447+0300: 934.464: Application time: 3.0858223 seconds
2024-10-02T03:31:19.462+0300: 934.464: [GC (Allocation Failure) 2024-10-02T03:31:19.462+0300: 934.464: [DefNew: 2241252K->4325K(2516544K), 0.0014858 secs] 2247176K->10253K(8108992K), 0.0015816 secs] [Times: user=0.00 sys=0.00, real=0.00 secs] 
2024-10-02T03:31:19.462+0300: 934.466: Total time for which application threads were stopped: 0.0019497 seconds, Stopping threads took: 0.0001582 seconds
2024-10-02T03:31:22.571+0300: 937.582: Application time: 3.1163918 seconds
2024-10-02T03:31:22.571+0300: 937.582: [GC (Allocation Failure) 2024-10-02T03:31:22.571+0300: 937.582: [DefNew: 2241253K->4340K(2516544K), 0.0014195 secs] 2247181K->10271K(8108992K), 0.0014932 secs] [Times: user=0.00 sys=0.00, real=0.01 secs] 
2024-10-02T03:31:22.582+0300: 937.584: Total time for which application threads were stopped: 0.0017273 seconds, Stopping threads took: 0.0001249 seconds
2024-10-02T03:31:25.661+0300: 940.664: Application time: 3.0804657 seconds
2024-10-02T03:31:25.661+0300: 940.664: [GC (Allocation Failure) 2024-10-02T03:31:25.661+0300: 940.664: [DefNew: 2241094K->4321K(2516544K), 0.0015336 secs] 2247026K->10256K(8108992K), 0.0016112 secs] [Times: user=0.00 sys=0.00, real=0.00 secs] 
2024-10-02T03:31:25.661+0300: 940.666: Total time for which application threads were stopped: 0.0018692 seconds, Stopping threads took: 0.0001381 seconds
2024-10-02T03:31:28.739+0300: 943.753: Application time: 3.0872267 seconds
2024-10-02T03:31:28.739+0300: 943.754: [GC (Allocation Failure) 2024-10-02T03:31:28.739+0300: 943.754: [DefNew: 2241249K->2311K(2516544K), 0.0011313 secs] 2247184K->8249K(8108992K), 0.0011914 secs] [Times: user=0.00 sys=0.00, real=0.01 secs] 
2024-10-02T03:31:28.753+0300: 943.755: Total time for which application threads were stopped: 0.0014433 seconds, Stopping threads took: 0.0001531 seconds
2024-10-02T03:31:31.830+0300: 946.844: Application time: 3.0892339 seconds
2024-10-02T03:31:31.830+0300: 946.844: [GC (Allocation Failure) 2024-10-02T03:31:31.830+0300: 946.844: [DefNew: 2238713K->5345K(2516544K), 0.0016294 secs] 2244651K->11286K(8108992K), 0.0017280 secs] [Times: user=0.00 sys=0.00, real=0.01 secs] 
2024-10-02T03:31:31.844+0300: 946.846: Total time for which application threads were stopped: 0.0020156 seconds, Stopping threads took: 0.0001436 seconds
2024-10-02T03:31:34.922+0300: 949.933: Application time: 3.0872724 seconds
2024-10-02T03:31:34.922+0300: 949.934: [GC (Allocation Failure) 2024-10-02T03:31:34.922+0300: 949.934: [DefNew: 2242273K->4339K(2516544K), 0.0015075 secs] 2248214K->10284K(8108992K), 0.0016058 secs] [Times: user=0.01 sys=0.00, real=0.01 secs] 
2024-10-02T03:31:34.933+0300: 949.935: Total time for which application threads were stopped: 0.0019842 seconds, Stopping threads took: 0.0002257 seconds
2024-10-02T03:31:38.031+0300: 953.034: Application time: 3.0983278 seconds
2024-10-02T03:31:38.031+0300: 953.034: [GC (Allocation Failure) 2024-10-02T03:31:38.031+0300: 953.034: [DefNew: 2241267K->2296K(2516544K), 0.0009677 secs] 2247212K->8245K(8108992K), 0.0010258 secs] [Times: user=0.00 sys=0.00, real=0.00 secs] 
2024-10-02T03:31:38.031+0300: 953.035: Total time for which application threads were stopped: 0.0012831 seconds, Stopping threads took: 0.0001513 seconds
2024-10-02T03:31:41.108+0300: 956.119: Application time: 3.0838257 seconds
2024-10-02T03:31:41.108+0300: 956.119: [GC (Allocation Failure) 2024-10-02T03:31:41.108+0300: 956.119: [DefNew: 2239224K->4340K(2516544K), 0.0015519 secs] 2245173K->10292K(8108992K), 0.0016558 secs] [Times: user=0.00 sys=0.00, real=0.00 secs] 
2024-10-02T03:31:41.108+0300: 956.121: Total time for which application threads were stopped: 0.0019856 seconds, Stopping threads took: 0.0002034 seconds
2024-10-02T03:31:44.201+0300: 959.212: Application time: 3.0918102 seconds
2024-10-02T03:31:44.201+0300: 959.213: [GC (Allocation Failure) 2024-10-02T03:31:44.201+0300: 959.213: [DefNew: 2241164K->5345K(2516544K), 0.0015025 secs] 2247117K->11301K(8108992K), 0.0015774 secs] [Times: user=0.00 sys=0.00, real=0.00 secs] 
2024-10-02T03:31:44.201+0300: 959.214: Total time for which application threads were stopped: 0.0018725 seconds, Stopping threads took: 0.0001980 seconds
2024-10-02T03:31:47.292+0300: 962.296: Application time: 3.0819407 seconds
2024-10-02T03:31:47.292+0300: 962.297: [GC (Allocation Failure) 2024-10-02T03:31:47.292+0300: 962.297: [DefNew: 2242273K->2326K(2516544K), 0.0010443 secs] 2248229K->8285K(8108992K), 0.0011231 secs] [Times: user=0.00 sys=0.00, real=0.00 secs] 
2024-10-02T03:31:47.292+0300: 962.298: Total time for which application threads were stopped: 0.0013966 seconds, Stopping threads took: 0.0001633 seconds
2024-10-02T03:31:50.369+0300: 965.381: Application time: 3.0833692 seconds
2024-10-02T03:31:50.369+0300: 965.381: [GC (Allocation Failure) 2024-10-02T03:31:50.369+0300: 965.381: [DefNew: 2239254K->4341K(2516544K), 0.0013457 secs] 2245213K->10303K(8108992K), 0.0014191 secs] [Times: user=0.00 sys=0.00, real=0.00 secs] 
2024-10-02T03:31:50.369+0300: 965.383: Total time for which application threads were stopped: 0.0017195 seconds, Stopping threads took: 0.0001865 seconds
2024-10-02T03:31:53.450+0300: 968.462: Application time: 3.0787383 seconds
2024-10-02T03:31:53.450+0300: 968.462: [GC (Allocation Failure) 2024-10-02T03:31:53.450+0300: 968.462: [DefNew: 2241269K->3303K(2516544K), 0.0012870 secs] 2247231K->9268K(8108992K), 0.0013645 secs] [Times: user=0.02 sys=0.00, real=0.01 secs] 
2024-10-02T03:31:53.461+0300: 968.463: Total time for which application threads were stopped: 0.0016391 seconds, Stopping threads took: 0.0001627 seconds
2024-10-02T03:31:56.538+0300: 971.553: Application time: 3.0898306 seconds
2024-10-02T03:31:56.538+0300: 971.553: [GC (Allocation Failure) 2024-10-02T03:31:56.538+0300: 971.553: [DefNew: 2239651K->4340K(2516544K), 0.0014059 secs] 2245617K->10309K(8108992K), 0.0015088 secs] [Times: user=0.00 sys=0.00, real=0.00 secs] 
2024-10-02T03:31:56.553+0300: 971.555: Total time for which application threads were stopped: 0.0019206 seconds, Stopping threads took: 0.0002087 seconds
2024-10-02T03:31:59.629+0300: 974.641: Application time: 3.0857924 seconds
2024-10-02T03:31:59.629+0300: 974.641: [GC (Allocation Failure) 2024-10-02T03:31:59.629+0300: 974.641: [DefNew: 2241268K->4325K(2516544K), 0.0014989 secs] 2247237K->10297K(8108992K), 0.0015806 secs] [Times: user=0.00 sys=0.00, real=0.00 secs] 
2024-10-02T03:31:59.629+0300: 974.643: Total time for which application threads were stopped: 0.0019033 seconds, Stopping threads took: 0.0001917 seconds
2024-10-02T03:32:02.722+0300: 977.730: Application time: 3.0875716 seconds
2024-10-02T03:32:02.722+0300: 977.731: [GC (Allocation Failure) 2024-10-02T03:32:02.722+0300: 977.731: [DefNew: 2241253K->3321K(2516544K), 0.0012393 secs] 2247225K->9297K(8108992K), 0.0013183 secs] [Times: user=0.00 sys=0.00, real=0.00 secs] 
2024-10-02T03:32:02.722+0300: 977.732: Total time for which application threads were stopped: 0.0016450 seconds, Stopping threads took: 0.0002069 seconds
2024-10-02T03:32:03.633+0300: 978.638: Application time: 0.9056479 seconds
2024-10-02T03:32:03.633+0300: 978.638: Total time for which application threads were stopped: 0.0002809 seconds, Stopping threads took: 0.0001475 seconds
2024-10-02T03:32:03.931+0300: 978.934: Application time: 0.2965333 seconds
2024-10-02T03:32:03.931+0300: 978.935: Total time for which application threads were stopped: 0.0002435 seconds, Stopping threads took: 0.0002188 seconds
2024-10-02T03:32:05.878+0300: 980.879: Application time: 1.9448736 seconds
2024-10-02T03:32:05.878+0300: 980.880: [GC (Allocation Failure) 2024-10-02T03:32:05.878+0300: 980.880: [DefNew: 2240249K->5350K(2516544K), 0.0014755 secs] 2246225K->11329K(8108992K), 0.0015428 secs] [Times: user=0.00 sys=0.00, real=0.00 secs] 
2024-10-02T03:32:05.878+0300: 980.881: Total time for which application threads were stopped: 0.0018561 seconds, Stopping threads took: 0.0002123 seconds
2024-10-02T03:32:08.969+0300: 983.981: Application time: 3.0996738 seconds
2024-10-02T03:32:08.969+0300: 983.981: [GC (Allocation Failure) 2024-10-02T03:32:08.969+0300: 983.981: [DefNew: 2242063K->4329K(2516544K), 0.0013433 secs] 2248042K->10312K(8108992K), 0.0014368 secs] [Times: user=0.00 sys=0.00, real=0.00 secs] 
2024-10-02T03:32:08.969+0300: 983.983: Total time for which application threads were stopped: 0.0016743 seconds, Stopping threads took: 0.0001060 seconds
2024-10-02T03:32:12.061+0300: 987.062: Application time: 3.0797631 seconds
2024-10-02T03:32:12.061+0300: 987.063: [GC (Allocation Failure) 2024-10-02T03:32:12.061+0300: 987.063: [DefNew: 2240774K->5349K(2516544K), 0.0016001 secs] 2246757K->11335K(8108992K), 0.0016778 secs] [Times: user=0.00 sys=0.00, real=0.00 secs] 
2024-10-02T03:32:12.061+0300: 987.064: Total time for which application threads were stopped: 0.0019453 seconds, Stopping threads took: 0.0001395 seconds
2024-10-02T03:32:15.137+0300: 990.151: Application time: 3.0862010 seconds
2024-10-02T03:32:15.137+0300: 990.151: [GC (Allocation Failure) 2024-10-02T03:32:15.137+0300: 990.151: [DefNew: 2242277K->5350K(2516544K), 0.0015449 secs] 2248263K->11339K(8108992K), 0.0016167 secs] [Times: user=0.00 sys=0.00, real=0.00 secs] 
2024-10-02T03:32:15.137+0300: 990.152: Total time for which application threads were stopped: 0.0019094 seconds, Stopping threads took: 0.0001888 seconds
2024-10-02T03:32:18.244+0300: 993.253: Application time: 3.1009830 seconds
2024-10-02T03:32:18.244+0300: 993.254: [GC (Allocation Failure) 2024-10-02T03:32:18.244+0300: 993.254: [DefNew: 2242278K->5349K(2516544K), 0.0015860 secs] 2248267K->11342K(8108992K), 0.0016944 secs] [Times: user=0.00 sys=0.00, real=0.00 secs] 
2024-10-02T03:32:18.244+0300: 993.255: Total time for which application threads were stopped: 0.0020079 seconds, Stopping threads took: 0.0001804 seconds
2024-10-02T03:32:21.311+0300: 996.317: Application time: 3.0614492 seconds
2024-10-02T03:32:21.311+0300: 996.317: [GC (Allocation Failure) 2024-10-02T03:32:21.311+0300: 996.317: [DefNew: 2242277K->5349K(2516544K), 0.0015768 secs] 2248270K->11346K(8108992K), 0.0016620 secs] [Times: user=0.00 sys=0.00, real=0.00 secs] 
2024-10-02T03:32:21.311+0300: 996.319: Total time for which application threads were stopped: 0.0019959 seconds, Stopping threads took: 0.0002337 seconds
2024-10-02T03:32:24.380+0300: 999.397: Application time: 3.0783319 seconds
2024-10-02T03:32:24.396+0300: 999.398: [GC (Allocation Failure) 2024-10-02T03:32:24.396+0300: 999.398: [DefNew: 2242206K->4347K(2516544K), 0.0013834 secs] 2248203K->10347K(8108992K), 0.0014671 secs] [Times: user=0.00 sys=0.00, real=0.00 secs] 
2024-10-02T03:32:24.396+0300: 999.399: Total time for which application threads were stopped: 0.0017771 seconds, Stopping threads took: 0.0002048 seconds
2024-10-02T03:32:27.475+0300: 1002.484: Application time: 3.0851853 seconds
2024-10-02T03:32:27.475+0300: 1002.484: [GC (Allocation Failure) 2024-10-02T03:32:27.475+0300: 1002.484: [DefNew: 2241275K->3339K(2516544K), 0.0012088 secs] 2247275K->9342K(8108992K), 0.0012851 secs] [Times: user=0.00 sys=0.00, real=0.00 secs] 
2024-10-02T03:32:27.475+0300: 1002.486: Total time for which application threads were stopped: 0.0014938 seconds, Stopping threads took: 0.0000940 seconds
2024-10-02T03:32:30.565+0300: 1005.572: Application time: 3.0859108 seconds
2024-10-02T03:32:30.565+0300: 1005.572: [GC (Allocation Failure) 2024-10-02T03:32:30.565+0300: 1005.572: [DefNew: 2239390K->4328K(2516544K), 0.0013825 secs] 2245393K->10335K(8108992K), 0.0014777 secs] [Times: user=0.00 sys=0.00, real=0.00 secs] 
2024-10-02T03:32:30.565+0300: 1005.573: Total time for which application threads were stopped: 0.0017610 seconds, Stopping threads took: 0.0001693 seconds
2024-10-02T03:32:33.657+0300: 1008.669: Application time: 3.0956623 seconds
2024-10-02T03:32:33.657+0300: 1008.669: [GC (Allocation Failure) 2024-10-02T03:32:33.657+0300: 1008.669: [DefNew: 2241256K->5349K(2516544K), 0.0016178 secs] 2247263K->11360K(8108992K), 0.0016951 secs] [Times: user=0.00 sys=0.00, real=0.00 secs] 
2024-10-02T03:32:33.657+0300: 1008.671: Total time for which application threads were stopped: 0.0019596 seconds, Stopping threads took: 0.0001677 seconds
2024-10-02T03:32:36.766+0300: 1011.769: Application time: 3.0983500 seconds
2024-10-02T03:32:36.766+0300: 1011.770: [GC (Allocation Failure) 2024-10-02T03:32:36.766+0300: 1011.770: [DefNew: 2242277K->4324K(2516544K), 0.0014121 secs] 2248288K->10338K(8108992K), 0.0014792 secs] [Times: user=0.00 sys=0.00, real=0.00 secs] 
2024-10-02T03:32:36.766+0300: 1011.771: Total time for which application threads were stopped: 0.0017048 seconds, Stopping threads took: 0.0001233 seconds
2024-10-02T03:32:39.850+0300: 1014.855: Application time: 3.0838195 seconds
2024-10-02T03:32:39.850+0300: 1014.855: [GC (Allocation Failure) 2024-10-02T03:32:39.850+0300: 1014.855: [DefNew: 2240334K->3324K(2516544K), 0.0011644 secs] 2246348K->9341K(8108992K), 0.0012521 secs] [Times: user=0.00 sys=0.00, real=0.00 secs] 
2024-10-02T03:32:39.850+0300: 1014.856: Total time for which application threads were stopped: 0.0015239 seconds, Stopping threads took: 0.0001643 seconds
2024-10-02T03:32:42.933+0300: 1017.947: Application time: 3.0903347 seconds
2024-10-02T03:32:42.933+0300: 1017.947: [GC (Allocation Failure) 2024-10-02T03:32:42.933+0300: 1017.947: [DefNew: 2240252K->4344K(2516544K), 0.0015346 secs] 2246269K->10365K(8108992K), 0.0016130 secs] [Times: user=0.00 sys=0.00, real=0.00 secs] 
2024-10-02T03:32:42.933+0300: 1017.949: Total time for which application threads were stopped: 0.0019443 seconds, Stopping threads took: 0.0002126 seconds
2024-10-02T03:32:46.056+0300: 1021.063: Application time: 3.1141672 seconds
2024-10-02T03:32:46.056+0300: 1021.063: [GC (Allocation Failure) 2024-10-02T03:32:46.056+0300: 1021.063: [DefNew: 2240833K->5349K(2516544K), 0.0019259 secs] 2246853K->11373K(8108992K), 0.0019997 secs] [Times: user=0.00 sys=0.00, real=0.01 secs] 
2024-10-02T03:32:46.063+0300: 1021.065: Total time for which application threads were stopped: 0.0022450 seconds, Stopping threads took: 0.0001352 seconds
2024-10-02T03:32:49.133+0300: 1024.147: Application time: 3.0816803 seconds
2024-10-02T03:32:49.133+0300: 1024.147: [GC (Allocation Failure) 2024-10-02T03:32:49.133+0300: 1024.147: [DefNew: 2241379K->3324K(2516544K), 0.0012330 secs] 2247403K->9351K(8108992K), 0.0013201 secs] [Times: user=0.02 sys=0.00, real=0.00 secs] 
2024-10-02T03:32:49.133+0300: 1024.148: Total time for which application threads were stopped: 0.0016410 seconds, Stopping threads took: 0.0001969 seconds
2024-10-02T03:32:52.209+0300: 1027.222: Application time: 3.0735680 seconds
2024-10-02T03:32:52.209+0300: 1027.222: [GC (Allocation Failure) 2024-10-02T03:32:52.209+0300: 1027.222: [DefNew: 2239847K->5345K(2516544K), 0.0017781 secs] 2245875K->11381K(8108992K), 0.0018771 secs] [Times: user=0.00 sys=0.00, real=0.00 secs] 
2024-10-02T03:32:52.209+0300: 1027.224: Total time for which application threads were stopped: 0.0021634 seconds, Stopping threads took: 0.0001698 seconds
2024-10-02T03:32:55.285+0300: 1030.301: Application time: 3.0764591 seconds
2024-10-02T03:32:55.285+0300: 1030.301: [GC (Allocation Failure) 2024-10-02T03:32:55.285+0300: 1030.301: [DefNew: 2241672K->5344K(2516544K), 0.0017225 secs] 2247708K->11383K(8108992K), 0.0018046 secs] [Times: user=0.00 sys=0.00, real=0.02 secs] 
2024-10-02T03:32:55.301+0300: 1030.303: Total time for which application threads were stopped: 0.0022590 seconds, Stopping threads took: 0.0003454 seconds
2024-10-02T03:32:58.392+0300: 1033.398: Application time: 3.0947740 seconds
2024-10-02T03:32:58.392+0300: 1033.398: [GC (Allocation Failure) 2024-10-02T03:32:58.392+0300: 1033.398: [DefNew: 2241908K->3316K(2516544K), 0.0012493 secs] 2247946K->9359K(8108992K), 0.0013593 secs] [Times: user=0.00 sys=0.00, real=0.00 secs] 
2024-10-02T03:32:58.392+0300: 1033.399: Total time for which application threads were stopped: 0.0016665 seconds, Stopping threads took: 0.0001707 seconds
2024-10-02T03:33:01.485+0300: 1036.488: Application time: 3.0885944 seconds
2024-10-02T03:33:01.485+0300: 1036.488: [GC (Allocation Failure) 2024-10-02T03:33:01.485+0300: 1036.488: [DefNew: 2240244K->5347K(2516544K), 0.0018191 secs] 2246287K->11393K(8108992K), 0.0018921 secs] [Times: user=0.00 sys=0.00, real=0.00 secs] 
2024-10-02T03:33:01.485+0300: 1036.490: Total time for which application threads were stopped: 0.0021549 seconds, Stopping threads took: 0.0001449 seconds
2024-10-02T03:33:04.578+0300: 1039.582: Application time: 3.0920887 seconds
2024-10-02T03:33:04.578+0300: 1039.583: [GC (Allocation Failure) 2024-10-02T03:33:04.578+0300: 1039.583: [DefNew: 2242275K->5345K(2516544K), 0.0018013 secs] 2248321K->11394K(8108992K), 0.0018781 secs] [Times: user=0.00 sys=0.00, real=0.00 secs] 
2024-10-02T03:33:04.578+0300: 1039.584: Total time for which application threads were stopped: 0.0021952 seconds, Stopping threads took: 0.0001981 seconds
2024-10-02T03:33:07.655+0300: 1042.670: Application time: 3.0858279 seconds
2024-10-02T03:33:07.655+0300: 1042.670: [GC (Allocation Failure) 2024-10-02T03:33:07.655+0300: 1042.671: [DefNew: 2241617K->4323K(2516544K), 0.0015562 secs] 2247666K->10375K(8108992K), 0.0016411 secs] [Times: user=0.00 sys=0.00, real=0.02 secs] 
2024-10-02T03:33:07.670+0300: 1042.672: Total time for which application threads were stopped: 0.0018862 seconds, Stopping threads took: 0.0001234 seconds
2024-10-02T03:33:10.746+0300: 1045.748: Application time: 3.0763329 seconds
2024-10-02T03:33:10.746+0300: 1045.749: [GC (Allocation Failure) 2024-10-02T03:33:10.746+0300: 1045.749: [DefNew: 2241251K->4325K(2516544K), 0.0015891 secs] 2247303K->10381K(8108992K), 0.0016718 secs] [Times: user=0.00 sys=0.00, real=0.00 secs] 
2024-10-02T03:33:10.746+0300: 1045.750: Total time for which application threads were stopped: 0.0019022 seconds, Stopping threads took: 0.0001031 seconds
2024-10-02T03:33:13.824+0300: 1048.836: Application time: 3.0859452 seconds
2024-10-02T03:33:13.824+0300: 1048.837: [GC (Allocation Failure) 2024-10-02T03:33:13.824+0300: 1048.837: [DefNew: 2241253K->3317K(2516544K), 0.0014549 secs] 2247309K->9376K(8108992K), 0.0015400 secs] [Times: user=0.00 sys=0.00, real=0.00 secs] 
2024-10-02T03:33:13.824+0300: 1048.838: Total time for which application threads were stopped: 0.0018325 seconds, Stopping threads took: 0.0001707 seconds
2024-10-02T03:33:16.917+0300: 1051.926: Application time: 3.0882095 seconds
2024-10-02T03:33:16.917+0300: 1051.927: [GC (Allocation Failure) 2024-10-02T03:33:16.917+0300: 1051.927: [DefNew: 2240245K->4323K(2516544K), 0.0014808 secs] 2246304K->10386K(8108992K), 0.0015528 secs] [Times: user=0.02 sys=0.00, real=0.00 secs] 
2024-10-02T03:33:16.917+0300: 1051.928: Total time for which application threads were stopped: 0.0018467 seconds, Stopping threads took: 0.0001820 seconds
2024-10-02T03:33:20.010+0300: 1055.015: Application time: 3.0866706 seconds
2024-10-02T03:33:20.010+0300: 1055.015: [GC (Allocation Failure) 2024-10-02T03:33:20.010+0300: 1055.015: [DefNew: 2241251K->4340K(2516544K), 0.0015238 secs] 2247314K->10406K(8108992K), 0.0015938 secs] [Times: user=0.00 sys=0.00, real=0.00 secs] 
2024-10-02T03:33:20.010+0300: 1055.017: Total time for which application threads were stopped: 0.0018731 seconds, Stopping threads took: 0.0001674 seconds
2024-10-02T03:33:23.102+0300: 1058.110: Application time: 3.0936889 seconds
2024-10-02T03:33:23.102+0300: 1058.111: [GC (Allocation Failure) 2024-10-02T03:33:23.102+0300: 1058.111: [DefNew: 2241268K->4339K(2516544K), 0.0015147 secs] 2247334K->10409K(8108992K), 0.0016137 secs] [Times: user=0.00 sys=0.00, real=0.00 secs] 
2024-10-02T03:33:23.102+0300: 1058.112: Total time for which application threads were stopped: 0.0018569 seconds, Stopping threads took: 0.0001136 seconds
2024-10-02T03:33:26.194+0300: 1061.200: Application time: 3.0880840 seconds
2024-10-02T03:33:26.194+0300: 1061.201: [GC (Allocation Failure) 2024-10-02T03:33:26.194+0300: 1061.201: [DefNew: 2241267K->4358K(2516544K), 0.0015129 secs] 2247337K->10431K(8108992K), 0.0016058 secs] [Times: user=0.00 sys=0.00, real=0.00 secs] 
2024-10-02T03:33:26.194+0300: 1061.202: Total time for which application threads were stopped: 0.0018817 seconds, Stopping threads took: 0.0001420 seconds
2024-10-02T03:33:29.286+0300: 1064.296: Application time: 3.0936282 seconds
2024-10-02T03:33:29.286+0300: 1064.296: [GC (Allocation Failure) 2024-10-02T03:33:29.286+0300: 1064.296: [DefNew: 2241286K->4323K(2516544K), 0.0017058 secs] 2247359K->10400K(8108992K), 0.0018099 secs] [Times: user=0.00 sys=0.00, real=0.00 secs] 
2024-10-02T03:33:29.286+0300: 1064.298: Total time for which application threads were stopped: 0.0021558 seconds, Stopping threads took: 0.0002073 seconds
2024-10-02T03:33:32.379+0300: 1067.382: Application time: 3.0836171 seconds
2024-10-02T03:33:32.379+0300: 1067.382: [GC (Allocation Failure) 2024-10-02T03:33:32.379+0300: 1067.382: [DefNew: 2241251K->3313K(2516544K), 0.0012514 secs] 2247328K->9393K(8108992K), 0.0013327 secs] [Times: user=0.00 sys=0.00, real=0.00 secs] 
2024-10-02T03:33:32.379+0300: 1067.383: Total time for which application threads were stopped: 0.0016297 seconds, Stopping threads took: 0.0001831 seconds
2024-10-02T03:33:35.471+0300: 1070.481: Application time: 3.0972209 seconds
2024-10-02T03:33:35.471+0300: 1070.481: [GC (Allocation Failure) 2024-10-02T03:33:35.471+0300: 1070.481: [DefNew: 2239490K->3303K(2516544K), 0.0013974 secs] 2245569K->9386K(8108992K), 0.0014787 secs] [Times: user=0.00 sys=0.00, real=0.00 secs] 
2024-10-02T03:33:35.471+0300: 1070.482: Total time for which application threads were stopped: 0.0017430 seconds, Stopping threads took: 0.0001408 seconds
2024-10-02T03:33:38.564+0300: 1073.571: Application time: 3.0890266 seconds
2024-10-02T03:33:38.564+0300: 1073.572: [GC (Allocation Failure) 2024-10-02T03:33:38.564+0300: 1073.572: [DefNew: 2239629K->4323K(2516544K), 0.0015012 secs] 2245712K->10410K(8108992K), 0.0015845 secs] [Times: user=0.00 sys=0.00, real=0.00 secs] 
2024-10-02T03:33:38.564+0300: 1073.573: Total time for which application threads were stopped: 0.0019457 seconds, Stopping threads took: 0.0002523 seconds
2024-10-02T03:33:41.655+0300: 1076.658: Application time: 3.0851462 seconds
2024-10-02T03:33:41.655+0300: 1076.659: [GC (Allocation Failure) 2024-10-02T03:33:41.655+0300: 1076.659: [DefNew: 2240412K->4339K(2516544K), 0.0014971 secs] 2246499K->10429K(8108992K), 0.0015733 secs] [Times: user=0.00 sys=0.00, real=0.00 secs] 
2024-10-02T03:33:41.655+0300: 1076.660: Total time for which application threads were stopped: 0.0019074 seconds, Stopping threads took: 0.0002193 seconds
2024-10-02T03:33:44.733+0300: 1079.749: Application time: 3.0887800 seconds
2024-10-02T03:33:44.733+0300: 1079.749: [GC (Allocation Failure) 2024-10-02T03:33:44.733+0300: 1079.749: [DefNew: 2241267K->4340K(2516544K), 0.0015414 secs] 2247357K->10433K(8108992K), 0.0016307 secs] [Times: user=0.00 sys=0.00, real=0.02 secs] 
2024-10-02T03:33:44.749+0300: 1079.751: Total time for which application threads were stopped: 0.0018906 seconds, Stopping threads took: 0.0001029 seconds
2024-10-02T03:33:47.873+0300: 1082.887: Application time: 3.1364654 seconds
2024-10-02T03:33:47.873+0300: 1082.888: [GC (Allocation Failure) 2024-10-02T03:33:47.873+0300: 1082.888: [DefNew: 2240965K->5345K(2516544K), 0.0017574 secs] 2247059K->11442K(8108992K), 0.0018138 secs] [Times: user=0.00 sys=0.00, real=0.00 secs] 
2024-10-02T03:33:47.873+0300: 1082.890: Total time for which application threads were stopped: 0.0020655 seconds, Stopping threads took: 0.0001557 seconds
2024-10-02T03:33:51.013+0300: 1086.021: Application time: 3.1317971 seconds
2024-10-02T03:33:51.013+0300: 1086.022: [GC (Allocation Failure) 2024-10-02T03:33:51.013+0300: 1086.022: [DefNew: 2241298K->5345K(2516544K), 0.0017950 secs] 2247395K->11446K(8108992K), 0.0018822 secs] [Times: user=0.02 sys=0.00, real=0.00 secs] 
2024-10-02T03:33:51.013+0300: 1086.024: Total time for which application threads were stopped: 0.0021701 seconds, Stopping threads took: 0.0001684 seconds
2024-10-02T03:33:54.137+0300: 1089.139: Application time: 3.1154586 seconds
2024-10-02T03:33:54.137+0300: 1089.139: [GC (Allocation Failure) 2024-10-02T03:33:54.137+0300: 1089.139: [DefNew: 2242273K->4325K(2516544K), 0.0015845 secs] 2248374K->10429K(8108992K), 0.0016581 secs] [Times: user=0.00 sys=0.00, real=0.00 secs] 
2024-10-02T03:33:54.137+0300: 1089.141: Total time for which application threads were stopped: 0.0019448 seconds, Stopping threads took: 0.0001540 seconds
2024-10-02T03:33:57.229+0300: 1092.241: Application time: 3.1000157 seconds
2024-10-02T03:33:57.229+0300: 1092.241: [GC (Allocation Failure) 2024-10-02T03:33:57.229+0300: 1092.241: [DefNew: 2240690K->4327K(2516544K), 0.0015370 secs] 2246794K->10435K(8108992K), 0.0016293 secs] [Times: user=0.00 sys=0.00, real=0.00 secs] 
2024-10-02T03:33:57.229+0300: 1092.243: Total time for which application threads were stopped: 0.0018833 seconds, Stopping threads took: 0.0001336 seconds
2024-10-02T03:34:00.351+0300: 1095.355: Application time: 3.1121606 seconds
2024-10-02T03:34:00.351+0300: 1095.355: [GC (Allocation Failure) 2024-10-02T03:34:00.351+0300: 1095.355: [DefNew: 2241020K->5344K(2516544K), 0.0015311 secs] 2247128K->11455K(8108992K), 0.0016140 secs] [Times: user=0.00 sys=0.00, real=0.00 secs] 
2024-10-02T03:34:00.351+0300: 1095.357: Total time for which application threads were stopped: 0.0020202 seconds, Stopping threads took: 0.0002933 seconds
2024-10-02T03:34:03.458+0300: 1098.473: Application time: 3.1160117 seconds
2024-10-02T03:34:03.458+0300: 1098.473: [GC (Allocation Failure) 2024-10-02T03:34:03.458+0300: 1098.474: [DefNew: 2241402K->5345K(2516544K), 0.0022779 secs] 2247513K->11459K(8108992K), 0.0023854 secs] [Times: user=0.00 sys=0.00, real=0.02 secs] 
2024-10-02T03:34:03.474+0300: 1098.476: Total time for which application threads were stopped: 0.0028202 seconds, Stopping threads took: 0.0002943 seconds
2024-10-02T03:34:06.613+0300: 1101.621: Application time: 3.1453547 seconds
2024-10-02T03:34:06.613+0300: 1101.621: [GC (Allocation Failure) 2024-10-02T03:34:06.613+0300: 1101.621: [DefNew: 2241491K->4340K(2516544K), 0.0012654 secs] 2247605K->10458K(8108992K), 0.0013431 secs] [Times: user=0.00 sys=0.00, real=0.00 secs] 
2024-10-02T03:34:06.613+0300: 1101.623: Total time for which application threads were stopped: 0.0015808 seconds, Stopping threads took: 0.0001233 seconds
2024-10-02T03:34:09.689+0300: 1104.694: Application time: 3.0713963 seconds
2024-10-02T03:34:09.689+0300: 1104.694: [GC (Allocation Failure) 2024-10-02T03:34:09.689+0300: 1104.694: [DefNew: 2241268K->3316K(2516544K), 0.0012771 secs] 2247386K->9437K(8108992K), 0.0013728 secs] [Times: user=0.00 sys=0.00, real=0.00 secs] 
2024-10-02T03:34:09.689+0300: 1104.696: Total time for which application threads were stopped: 0.0015978 seconds, Stopping threads took: 0.0000915 seconds
2024-10-02T03:34:12.768+0300: 1107.771: Application time: 3.0755299 seconds
2024-10-02T03:34:12.768+0300: 1107.772: [GC (Allocation Failure) 2024-10-02T03:34:12.768+0300: 1107.772: [DefNew: 2240244K->4340K(2516544K), 0.0015731 secs] 2246365K->10464K(8108992K), 0.0016470 secs] [Times: user=0.00 sys=0.00, real=0.00 secs] 
2024-10-02T03:34:12.768+0300: 1107.773: Total time for which application threads were stopped: 0.0019140 seconds, Stopping threads took: 0.0001561 seconds
2024-10-02T03:34:15.859+0300: 1110.862: Application time: 3.0886763 seconds
2024-10-02T03:34:15.859+0300: 1110.862: [GC (Allocation Failure) 2024-10-02T03:34:15.859+0300: 1110.862: [DefNew: 2241268K->3332K(2516544K), 0.0011899 secs] 2247392K->9460K(8108992K), 0.0012647 secs] [Times: user=0.00 sys=0.00, real=0.00 secs] 
2024-10-02T03:34:15.859+0300: 1110.863: Total time for which application threads were stopped: 0.0015410 seconds, Stopping threads took: 0.0001691 seconds
2024-10-02T03:34:18.962+0300: 1113.966: Application time: 3.1027643 seconds
2024-10-02T03:34:18.962+0300: 1113.966: [GC (Allocation Failure) 2024-10-02T03:34:18.962+0300: 1113.967: [DefNew: 2240260K->4321K(2516544K), 0.0013816 secs] 2246388K->10452K(8108992K), 0.0014720 secs] [Times: user=0.00 sys=0.00, real=0.00 secs] 
2024-10-02T03:34:18.962+0300: 1113.968: Total time for which application threads were stopped: 0.0017593 seconds, Stopping threads took: 0.0001722 seconds
2024-10-02T03:34:22.044+0300: 1117.057: Application time: 3.0886745 seconds
2024-10-02T03:34:22.044+0300: 1117.057: [GC (Allocation Failure) 2024-10-02T03:34:22.044+0300: 1117.057: [DefNew: 2241249K->3305K(2516544K), 0.0013615 secs] 2247380K->9440K(8108992K), 0.0014430 secs] [Times: user=0.00 sys=0.00, real=0.00 secs] 
2024-10-02T03:34:22.044+0300: 1117.058: Total time for which application threads were stopped: 0.0017619 seconds, Stopping threads took: 0.0001991 seconds
2024-10-02T03:34:25.136+0300: 1120.148: Application time: 3.0891325 seconds
2024-10-02T03:34:25.136+0300: 1120.148: [GC (Allocation Failure) 2024-10-02T03:34:25.136+0300: 1120.148: [DefNew: 2239622K->4322K(2516544K), 0.0014768 secs] 2245757K->10460K(8108992K), 0.0015544 secs] [Times: user=0.00 sys=0.00, real=0.00 secs] 
2024-10-02T03:34:25.136+0300: 1120.149: Total time for which application threads were stopped: 0.0018817 seconds, Stopping threads took: 0.0002250 seconds
2024-10-02T03:34:28.245+0300: 1123.252: Application time: 3.1029206 seconds
2024-10-02T03:34:28.245+0300: 1123.253: [GC (Allocation Failure) 2024-10-02T03:34:28.245+0300: 1123.253: [DefNew: 2240904K->4327K(2516544K), 0.0015572 secs] 2247043K->10469K(8108992K), 0.0016462 secs] [Times: user=0.00 sys=0.00, real=0.00 secs] 
2024-10-02T03:34:28.245+0300: 1123.254: Total time for which application threads were stopped: 0.0019773 seconds, Stopping threads took: 0.0002062 seconds
2024-10-02T03:34:31.338+0300: 1126.350: Application time: 3.0961541 seconds
2024-10-02T03:34:31.338+0300: 1126.351: [GC (Allocation Failure) 2024-10-02T03:34:31.338+0300: 1126.351: [DefNew: 2240596K->3317K(2516544K), 0.0013364 secs] 2246738K->9462K(8108992K), 0.0014287 secs] [Times: user=0.00 sys=0.00, real=0.00 secs] 
2024-10-02T03:34:31.338+0300: 1126.352: Total time for which application threads were stopped: 0.0017234 seconds, Stopping threads took: 0.0001861 seconds
2024-10-02T03:34:34.420+0300: 1129.422: Application time: 3.0698626 seconds
2024-10-02T03:34:34.421+0300: 1129.422: [GC (Allocation Failure) 2024-10-02T03:34:34.421+0300: 1129.422: [DefNew: 2240245K->3318K(2516544K), 0.0013183 secs] 2246390K->9467K(8108992K), 0.0014022 secs] [Times: user=0.00 sys=0.00, real=0.00 secs] 
2024-10-02T03:34:34.421+0300: 1129.424: Total time for which application threads were stopped: 0.0017315 seconds, Stopping threads took: 0.0002292 seconds
2024-10-02T03:34:37.506+0300: 1132.512: Application time: 3.0876901 seconds
2024-10-02T03:34:37.506+0300: 1132.512: [GC (Allocation Failure) 2024-10-02T03:34:37.506+0300: 1132.512: [DefNew: 2239915K->4323K(2516544K), 0.0012967 secs] 2246064K->10475K(8108992K), 0.0013844 secs] [Times: user=0.00 sys=0.00, real=0.00 secs] 
2024-10-02T03:34:37.506+0300: 1132.513: Total time for which application threads were stopped: 0.0016280 seconds, Stopping threads took: 0.0001228 seconds
2024-10-02T03:34:40.598+0300: 1135.603: Application time: 3.0897664 seconds
2024-10-02T03:34:40.598+0300: 1135.603: [GC (Allocation Failure) 2024-10-02T03:34:40.598+0300: 1135.603: [DefNew: 2241251K->3334K(2516544K), 0.0011895 secs] 2247403K->9489K(8108992K), 0.0012677 secs] [Times: user=0.00 sys=0.00, real=0.00 secs] 
2024-10-02T03:34:40.598+0300: 1135.604: Total time for which application threads were stopped: 0.0015648 seconds, Stopping threads took: 0.0001887 seconds
2024-10-02T03:34:43.690+0300: 1138.691: Application time: 3.0866077 seconds
2024-10-02T03:34:43.690+0300: 1138.691: [GC (Allocation Failure) 2024-10-02T03:34:43.690+0300: 1138.691: [DefNew: 2239513K->5345K(2516544K), 0.0017457 secs] 2245669K->11504K(8108992K), 0.0018635 secs] [Times: user=0.00 sys=0.00, real=0.00 secs] 
2024-10-02T03:34:43.690+0300: 1138.693: Total time for which application threads were stopped: 0.0022064 seconds, Stopping threads took: 0.0001917 seconds
2024-10-02T03:34:46.767+0300: 1141.783: Application time: 3.0897257 seconds
2024-10-02T03:34:46.767+0300: 1141.783: [GC (Allocation Failure) 2024-10-02T03:34:46.767+0300: 1141.783: [DefNew: 2242273K->5345K(2516544K), 0.0016451 secs] 2248432K->11507K(8108992K), 0.0017394 secs] [Times: user=0.00 sys=0.00, real=0.02 secs] 
2024-10-02T03:34:46.782+0300: 1141.785: Total time for which application threads were stopped: 0.0020235 seconds, Stopping threads took: 0.0001378 seconds
2024-10-02T03:34:49.844+0300: 1144.854: Application time: 3.0690036 seconds
2024-10-02T03:34:49.844+0300: 1144.854: [GC (Allocation Failure) 2024-10-02T03:34:49.844+0300: 1144.854: [DefNew: 2242273K->4324K(2516544K), 0.0013092 secs] 2248435K->10490K(8108992K), 0.0014493 secs] [Times: user=0.00 sys=0.00, real=0.00 secs] 
2024-10-02T03:34:49.844+0300: 1144.856: Total time for which application threads were stopped: 0.0018455 seconds, Stopping threads took: 0.0002309 seconds
2024-10-02T03:34:52.951+0300: 1147.959: Application time: 3.1028855 seconds
2024-10-02T03:34:52.951+0300: 1147.959: [GC (Allocation Failure) 2024-10-02T03:34:52.951+0300: 1147.959: [DefNew: 2241252K->3317K(2516544K), 0.0012623 secs] 2247418K->9487K(8108992K), 0.0013507 secs] [Times: user=0.00 sys=0.00, real=0.00 secs] 
2024-10-02T03:34:52.951+0300: 1147.960: Total time for which application threads were stopped: 0.0016695 seconds, Stopping threads took: 0.0001934 seconds
2024-10-02T03:34:56.044+0300: 1151.059: Application time: 3.0981962 seconds
2024-10-02T03:34:56.044+0300: 1151.059: [GC (Allocation Failure) 2024-10-02T03:34:56.044+0300: 1151.059: [DefNew: 2240245K->3319K(2516544K), 0.0012187 secs] 2246415K->9492K(8108992K), 0.0012945 secs] [Times: user=0.00 sys=0.00, real=0.00 secs] 
2024-10-02T03:34:56.044+0300: 1151.060: Total time for which application threads were stopped: 0.0016083 seconds, Stopping threads took: 0.0001996 seconds
2024-10-02T03:34:59.162+0300: 1154.165: Application time: 3.1050411 seconds
2024-10-02T03:34:59.162+0300: 1154.166: [GC (Allocation Failure) 2024-10-02T03:34:59.162+0300: 1154.166: [DefNew: 2239495K->5345K(2516544K), 0.0016849 secs] 2245667K->11521K(8108992K), 0.0017694 secs] [Times: user=0.00 sys=0.00, real=0.00 secs] 
2024-10-02T03:34:59.162+0300: 1154.167: Total time for which application threads were stopped: 0.0020130 seconds, Stopping threads took: 0.0001424 seconds
2024-10-02T03:35:02.259+0300: 1157.275: Application time: 3.1076396 seconds
2024-10-02T03:35:02.259+0300: 1157.275: [GC (Allocation Failure) 2024-10-02T03:35:02.259+0300: 1157.275: [DefNew: 2242273K->2278K(2516544K), 0.0011625 secs] 2248449K->8457K(8108992K), 0.0012263 secs] [Times: user=0.00 sys=0.00, real=0.01 secs] 
2024-10-02T03:35:02.274+0300: 1157.277: Total time for which application threads were stopped: 0.0016645 seconds, Stopping threads took: 0.0003337 seconds
2024-10-02T03:35:05.359+0300: 1160.361: Application time: 3.0846032 seconds
2024-10-02T03:35:05.359+0300: 1160.362: [GC (Allocation Failure) 2024-10-02T03:35:05.359+0300: 1160.362: [DefNew: 2239206K->5345K(2516544K), 0.0018241 secs] 2245385K->11528K(8108992K), 0.0019047 secs] [Times: user=0.00 sys=0.00, real=0.00 secs] 
2024-10-02T03:35:05.359+0300: 1160.363: Total time for which application threads were stopped: 0.0021950 seconds, Stopping threads took: 0.0001704 seconds
2024-10-02T03:35:08.443+0300: 1163.455: Application time: 3.0913738 seconds
2024-10-02T03:35:08.443+0300: 1163.455: [GC (Allocation Failure) 2024-10-02T03:35:08.443+0300: 1163.455: [DefNew: 2242273K->4327K(2516544K), 0.0015842 secs] 2248456K->10514K(8108992K), 0.0016589 secs] [Times: user=0.00 sys=0.00, real=0.00 secs] 
2024-10-02T03:35:08.443+0300: 1163.457: Total time for which application threads were stopped: 0.0019764 seconds, Stopping threads took: 0.0002032 seconds
2024-10-02T03:35:11.556+0300: 1166.559: Application time: 3.1017588 seconds
2024-10-02T03:35:11.556+0300: 1166.559: [GC (Allocation Failure) 2024-10-02T03:35:11.556+0300: 1166.559: [DefNew: 2240767K->5345K(2516544K), 0.0021646 secs] 2246953K->11535K(8108992K), 0.0022597 secs] [Times: user=0.00 sys=0.00, real=0.00 secs] 
2024-10-02T03:35:11.558+0300: 1166.561: Total time for which application threads were stopped: 0.0025884 seconds, Stopping threads took: 0.0001908 seconds
2024-10-02T03:35:14.644+0300: 1169.647: Application time: 3.0862203 seconds
2024-10-02T03:35:14.644+0300: 1169.648: [GC (Allocation Failure) 2024-10-02T03:35:14.644+0300: 1169.648: [DefNew: 2242273K->3314K(2516544K), 0.0012566 secs] 2248463K->9508K(8108992K), 0.0013349 secs] [Times: user=0.00 sys=0.00, real=0.00 secs] 
2024-10-02T03:35:14.644+0300: 1169.649: Total time for which application threads were stopped: 0.0015898 seconds, Stopping threads took: 0.0001362 seconds
2024-10-02T03:35:17.721+0300: 1172.727: Application time: 3.0783588 seconds
2024-10-02T03:35:17.721+0300: 1172.728: [GC (Allocation Failure) 2024-10-02T03:35:17.721+0300: 1172.728: [DefNew: 2240242K->4338K(2516544K), 0.0015823 secs] 2246436K->10535K(8108992K), 0.0016620 secs] [Times: user=0.00 sys=0.00, real=0.00 secs] 
2024-10-02T03:35:17.721+0300: 1172.729: Total time for which application threads were stopped: 0.0019259 seconds, Stopping threads took: 0.0001416 seconds
2024-10-02T03:35:20.798+0300: 1175.813: Application time: 3.0841031 seconds
2024-10-02T03:35:20.798+0300: 1175.814: [GC (Allocation Failure) 2024-10-02T03:35:20.798+0300: 1175.814: [DefNew: 2241266K->2307K(2516544K), 0.0012739 secs] 2247463K->8507K(8108992K), 0.0013753 secs] [Times: user=0.00 sys=0.00, real=0.01 secs] 
2024-10-02T03:35:20.813+0300: 1175.815: Total time for which application threads were stopped: 0.0017219 seconds, Stopping threads took: 0.0001910 seconds
2024-10-02T03:35:23.899+0300: 1178.904: Application time: 3.0889409 seconds
2024-10-02T03:35:23.899+0300: 1178.904: [GC (Allocation Failure) 2024-10-02T03:35:23.899+0300: 1178.904: [DefNew: 2238287K->4323K(2516544K), 0.0015510 secs] 2244487K->10527K(8108992K), 0.0016166 secs] [Times: user=0.00 sys=0.00, real=0.00 secs] 
2024-10-02T03:35:23.899+0300: 1178.906: Total time for which application threads were stopped: 0.0019503 seconds, Stopping threads took: 0.0002282 seconds
2024-10-02T03:35:26.998+0300: 1182.003: Application time: 3.0968312 seconds
2024-10-02T03:35:26.998+0300: 1182.003: [GC (Allocation Failure) 2024-10-02T03:35:26.998+0300: 1182.003: [DefNew: 2240643K->5345K(2516544K), 0.0017217 secs] 2246847K->11552K(8108992K), 0.0017994 secs] [Times: user=0.00 sys=0.00, real=0.00 secs] 
2024-10-02T03:35:26.998+0300: 1182.005: Total time for which application threads were stopped: 0.0021871 seconds, Stopping threads took: 0.0002856 seconds
2024-10-02T03:35:30.075+0300: 1185.092: Application time: 3.0865077 seconds
2024-10-02T03:35:30.090+0300: 1185.092: [GC (Allocation Failure) 2024-10-02T03:35:30.090+0300: 1185.092: [DefNew: 2242273K->4340K(2516544K), 0.0015965 secs] 2248480K->10550K(8108992K), 0.0016933 secs] [Times: user=0.00 sys=0.00, real=0.00 secs] 
2024-10-02T03:35:30.090+0300: 1185.094: Total time for which application threads were stopped: 0.0020615 seconds, Stopping threads took: 0.0002443 seconds
2024-10-02T03:35:33.168+0300: 1188.176: Application time: 3.0829154 seconds
2024-10-02T03:35:33.168+0300: 1188.177: [GC (Allocation Failure) 2024-10-02T03:35:33.168+0300: 1188.177: [DefNew: 2241268K->5345K(2516544K), 0.0018078 secs] 2247478K->11559K(8108992K), 0.0019069 secs] [Times: user=0.00 sys=0.00, real=0.00 secs] 
2024-10-02T03:35:33.168+0300: 1188.179: Total time for which application threads were stopped: 0.0022373 seconds, Stopping threads took: 0.0001954 seconds
2024-10-02T03:35:36.244+0300: 1191.254: Application time: 3.0747880 seconds
2024-10-02T03:35:36.244+0300: 1191.254: [GC (Allocation Failure) 2024-10-02T03:35:36.244+0300: 1191.254: [DefNew: 2242273K->3334K(2516544K), 0.0013504 secs] 2248487K->9551K(8108992K), 0.0014396 secs] [Times: user=0.00 sys=0.00, real=0.00 secs] 
2024-10-02T03:35:36.244+0300: 1191.255: Total time for which application threads were stopped: 0.0018414 seconds, Stopping threads took: 0.0002739 seconds
2024-10-02T03:35:39.322+0300: 1194.327: Application time: 3.0717754 seconds
2024-10-02T03:35:39.322+0300: 1194.327: [GC (Allocation Failure) 2024-10-02T03:35:39.322+0300: 1194.327: [DefNew: 2240262K->5347K(2516544K), 0.0017525 secs] 2246479K->11568K(8108992K), 0.0018592 secs] [Times: user=0.00 sys=0.00, real=0.00 secs] 
2024-10-02T03:35:39.322+0300: 1194.329: Total time for which application threads were stopped: 0.0021348 seconds, Stopping threads took: 0.0001528 seconds
2024-10-02T03:35:42.413+0300: 1197.424: Application time: 3.0948871 seconds
2024-10-02T03:35:42.413+0300: 1197.424: [GC (Allocation Failure) 2024-10-02T03:35:42.413+0300: 1197.425: [DefNew: 2241822K->5345K(2516544K), 0.0015124 secs] 2248042K->11569K(8108992K), 0.0015936 secs] [Times: user=0.00 sys=0.00, real=0.00 secs] 
2024-10-02T03:35:42.413+0300: 1197.426: Total time for which application threads were stopped: 0.0019142 seconds, Stopping threads took: 0.0002048 seconds
2024-10-02T03:35:45.491+0300: 1200.495: Application time: 3.0685505 seconds
2024-10-02T03:35:45.491+0300: 1200.495: [GC (Allocation Failure) 2024-10-02T03:35:45.491+0300: 1200.495: [DefNew: 2242273K->5345K(2516544K), 0.0019435 secs] 2248497K->11572K(8108992K), 0.0020442 secs] [Times: user=0.00 sys=0.00, real=0.00 secs] 
2024-10-02T03:35:45.491+0300: 1200.497: Total time for which application threads were stopped: 0.0024283 seconds, Stopping threads took: 0.0002547 seconds
2024-10-02T03:35:48.569+0300: 1203.574: Application time: 3.0767426 seconds
2024-10-02T03:35:48.569+0300: 1203.574: [GC (Allocation Failure) 2024-10-02T03:35:48.569+0300: 1203.574: [DefNew: 2241375K->4323K(2516544K), 0.0014162 secs] 2247603K->10554K(8108992K), 0.0014936 secs] [Times: user=0.00 sys=0.00, real=0.00 secs] 
2024-10-02T03:35:48.569+0300: 1203.576: Total time for which application threads were stopped: 0.0017322 seconds, Stopping threads took: 0.0001211 seconds
2024-10-02T03:35:51.644+0300: 1206.657: Application time: 3.0819232 seconds
2024-10-02T03:35:51.644+0300: 1206.658: [GC (Allocation Failure) 2024-10-02T03:35:51.644+0300: 1206.658: [DefNew: 2241251K->4342K(2516544K), 0.0016002 secs] 2247482K->10577K(8108992K), 0.0016993 secs] [Times: user=0.00 sys=0.00, real=0.00 secs] 
2024-10-02T03:35:51.658+0300: 1206.659: Total time for which application threads were stopped: 0.0020038 seconds, Stopping threads took: 0.0001736 seconds
2024-10-02T03:35:54.736+0300: 1209.744: Application time: 3.0841642 seconds
2024-10-02T03:35:54.736+0300: 1209.744: [GC (Allocation Failure) 2024-10-02T03:35:54.736+0300: 1209.744: [DefNew: 2241270K->5344K(2516544K), 0.0015448 secs] 2247505K->11582K(8108992K), 0.0016327 secs] [Times: user=0.00 sys=0.00, real=0.00 secs] 
2024-10-02T03:35:54.736+0300: 1209.746: Total time for which application threads were stopped: 0.0018834 seconds, Stopping threads took: 0.0001353 seconds
2024-10-02T03:35:57.828+0300: 1212.843: Application time: 3.0974712 seconds
2024-10-02T03:35:57.828+0300: 1212.843: [GC (Allocation Failure) 2024-10-02T03:35:57.828+0300: 1212.843: [DefNew: 2242272K->5345K(2516544K), 0.0020498 secs] 2248510K->11586K(8108992K), 0.0021759 secs] [Times: user=0.01 sys=0.00, real=0.02 secs] 
2024-10-02T03:35:57.844+0300: 1212.846: Total time for which application threads were stopped: 0.0024989 seconds, Stopping threads took: 0.0001695 seconds
2024-10-02T03:36:00.937+0300: 1215.939: Application time: 3.0930321 seconds
2024-10-02T03:36:00.937+0300: 1215.939: [GC (Allocation Failure) 2024-10-02T03:36:00.937+0300: 1215.939: [DefNew: 2241916K->4340K(2516544K), 0.0014319 secs] 2248157K->10584K(8108992K), 0.0015032 secs] [Times: user=0.00 sys=0.00, real=0.00 secs] 
2024-10-02T03:36:00.937+0300: 1215.940: Total time for which application threads were stopped: 0.0017517 seconds, Stopping threads took: 0.0001362 seconds
2024-10-02T03:36:04.013+0300: 1219.027: Application time: 3.0863285 seconds
2024-10-02T03:36:04.013+0300: 1219.027: [GC (Allocation Failure) 2024-10-02T03:36:04.013+0300: 1219.027: [DefNew: 2240877K->5345K(2516544K), 0.0017145 secs] 2247122K->11593K(8108992K), 0.0017997 secs] [Times: user=0.00 sys=0.00, real=0.00 secs] 
2024-10-02T03:36:04.013+0300: 1219.029: Total time for which application threads were stopped: 0.0020582 seconds, Stopping threads took: 0.0001420 seconds
2024-10-02T03:36:04.296+0300: 1219.300: Application time: 0.2712973 seconds
2024-10-02T03:36:04.296+0300: 1219.300: Total time for which application threads were stopped: 0.0001954 seconds, Stopping threads took: 0.0001111 seconds
2024-10-02T03:36:04.390+0300: 1219.395: Application time: 0.0948975 seconds
2024-10-02T03:36:04.390+0300: 1219.395: Total time for which application threads were stopped: 0.0002189 seconds, Stopping threads took: 0.0001503 seconds
2024-10-02T03:36:04.468+0300: 1219.472: Application time: 0.0771257 seconds
2024-10-02T03:36:04.468+0300: 1219.473: Total time for which application threads were stopped: 0.0001860 seconds, Stopping threads took: 0.0001300 seconds
2024-10-02T03:36:04.497+0300: 1219.498: Application time: 0.0257296 seconds
2024-10-02T03:36:04.497+0300: 1219.499: Total time for which application threads were stopped: 0.0001524 seconds, Stopping threads took: 0.0001028 seconds
2024-10-02T03:36:04.594+0300: 1219.596: Application time: 0.0975369 seconds
2024-10-02T03:36:04.594+0300: 1219.596: Total time for which application threads were stopped: 0.0000830 seconds, Stopping threads took: 0.0000362 seconds
2024-10-02T03:36:04.594+0300: 1219.596: Application time: 0.0002493 seconds
2024-10-02T03:36:04.594+0300: 1219.596: Total time for which application threads were stopped: 0.0000387 seconds, Stopping threads took: 0.0000160 seconds
2024-10-02T03:36:04.594+0300: 1219.606: Application time: 0.0092526 seconds
2024-10-02T03:36:04.594+0300: 1219.606: Total time for which application threads were stopped: 0.0001832 seconds, Stopping threads took: 0.0000168 seconds
2024-10-02T03:36:04.736+0300: 1219.742: Application time: 0.1358315 seconds
2024-10-02T03:36:04.736+0300: 1219.742: Total time for which application threads were stopped: 0.0001120 seconds, Stopping threads took: 0.0000361 seconds
2024-10-02T03:36:04.736+0300: 1219.742: Application time: 0.0003553 seconds
2024-10-02T03:36:04.736+0300: 1219.742: Total time for which application threads were stopped: 0.0001872 seconds, Stopping threads took: 0.0000181 seconds
2024-10-02T03:36:04.786+0300: 1219.792: Application time: 0.0495237 seconds
2024-10-02T03:36:04.786+0300: 1219.792: Total time for which application threads were stopped: 0.0002720 seconds, Stopping threads took: 0.0000440 seconds
2024-10-02T03:36:04.814+0300: 1219.818: Application time: 0.0257608 seconds
2024-10-02T03:36:04.814+0300: 1219.818: Total time for which application threads were stopped: 0.0000917 seconds, Stopping threads took: 0.0000229 seconds
2024-10-02T03:36:04.830+0300: 1219.834: Application time: 0.0157062 seconds
2024-10-02T03:36:04.830+0300: 1219.834: Total time for which application threads were stopped: 0.0000827 seconds, Stopping threads took: 0.0000423 seconds
2024-10-02T03:36:04.924+0300: 1219.940: Application time: 0.1060332 seconds
2024-10-02T03:36:04.924+0300: 1219.940: Total time for which application threads were stopped: 0.0003326 seconds, Stopping threads took: 0.0000297 seconds
2024-10-02T03:36:04.939+0300: 1219.944: Application time: 0.0034296 seconds
2024-10-02T03:36:04.939+0300: 1219.944: Total time for which application threads were stopped: 0.0002810 seconds, Stopping threads took: 0.0000227 seconds
2024-10-02T03:36:04.939+0300: 1219.946: Application time: 0.0018157 seconds
2024-10-02T03:36:04.939+0300: 1219.946: Total time for which application threads were stopped: 0.0002137 seconds, Stopping threads took: 0.0000126 seconds
2024-10-02T03:36:04.971+0300: 1219.977: Application time: 0.0311698 seconds
2024-10-02T03:36:04.971+0300: 1219.977: Total time for which application threads were stopped: 0.0000771 seconds, Stopping threads took: 0.0000338 seconds
2024-10-02T03:36:04.971+0300: 1219.979: Application time: 0.0019214 seconds
2024-10-02T03:36:04.971+0300: 1219.979: Total time for which application threads were stopped: 0.0001183 seconds, Stopping threads took: 0.0000852 seconds
2024-10-02T03:36:05.928+0300: 1220.930: Application time: 0.9509517 seconds
2024-10-02T03:36:05.928+0300: 1220.931: Total time for which application threads were stopped: 0.0003636 seconds, Stopping threads took: 0.0001925 seconds
2024-10-02T03:36:05.928+0300: 1220.931: Application time: 0.0003055 seconds
2024-10-02T03:36:05.928+0300: 1220.931: Total time for which application threads were stopped: 0.0002473 seconds, Stopping threads took: 0.0001966 seconds
2024-10-02T03:36:05.928+0300: 1220.931: Application time: 0.0003192 seconds
2024-10-02T03:36:05.928+0300: 1220.932: Total time for which application threads were stopped: 0.0000915 seconds, Stopping threads took: 0.0000659 seconds
2024-10-02T03:36:07.813+0300: 1222.819: Application time: 1.8874986 seconds
2024-10-02T03:36:07.813+0300: 1222.819: Total time for which application threads were stopped: 0.0002716 seconds, Stopping threads took: 0.0001022 seconds
2024-10-02T03:36:08.193+0300: 1223.202: Application time: 0.3821989 seconds
2024-10-02T03:36:08.193+0300: 1223.202: Total time for which application threads were stopped: 0.0001314 seconds, Stopping threads took: 0.0000319 seconds
2024-10-02T03:36:08.193+0300: 1223.204: Application time: 0.0026027 seconds
2024-10-02T03:36:08.193+0300: 1223.204: Total time for which application threads were stopped: 0.0001043 seconds, Stopping threads took: 0.0000715 seconds
2024-10-02T03:36:08.193+0300: 1223.205: Application time: 0.0005356 seconds
2024-10-02T03:36:08.193+0300: 1223.205: Total time for which application threads were stopped: 0.0000387 seconds, Stopping threads took: 0.0000255 seconds
2024-10-02T03:36:08.206+0300: 1223.213: Application time: 0.0084347 seconds
2024-10-02T03:36:08.206+0300: 1223.213: Total time for which application threads were stopped: 0.0000908 seconds, Stopping threads took: 0.0000642 seconds
Heap
 def new generation   total 2516544K, used 1852037K [0x00000005c0000000, 0x000000066aaa0000, 0x000000066aaa0000)
  eden space 2236928K,  82% used [0x00000005c0000000, 0x0000000630b68f50, 0x0000000648880000)
  from space 279616K,   1% used [0x0000000648880000, 0x0000000648db8540, 0x0000000659990000)
  to   space 279616K,   0% used [0x0000000659990000, 0x0000000659990000, 0x000000066aaa0000)
 tenured generation   total 5592448K, used 6248K [0x000000066aaa0000, 0x00000007c0000000, 0x00000007c0000000)
   the space 5592448K,   0% used [0x000000066aaa0000, 0x000000066b0ba028, 0x000000066b0ba200, 0x00000007c0000000)
 Metaspace       used 16305K, capacity 16486K, committed 16640K, reserved 1064960K
  class space    used 1674K, capacity 1761K, committed 1792K, reserved 1048576K
2024-10-02T03:36:08.317+0300: 1223.319: Application time: 0.1053851 seconds
