OpenJDK 64-Bit Server VM (25.422-b05) for windows-amd64 JRE (1.8.0_422-422-b05), built on Jul 18 2024 05:34:18 by "Administrator" with MS VC++ 16.10 / 16.11 (VS2019)
Memory: 4k page, physical 15965620k(10691816k free), swap 17866164k(11707168k free)
CommandLine flags: -XX:InitialHeapSize=1073741824 -XX:MaxHeapSize=1073741824 -XX:MaxNewSize=357916672 -XX:MaxTenuringThreshold=6 -XX:NewSize=357916672 -XX:OldPLABSize=16 -XX:OldSize=715825152 -XX:+PrintGC -XX:+PrintGCApplicationConcurrentTime -XX:+PrintGCApplicationStoppedTime -XX:+PrintGCDateStamps -XX:+PrintGCDetails -XX:+PrintGCTimeStamps -XX:+UnlockExperimentalVMOptions -XX:+UseCompressedClassPointers -XX:+UseCompressedOops -XX:+UseConcMarkSweepGC -XX:-UseLargePagesIndividualAllocation -XX:+UseParNewGC 
2024-10-07T16:14:07.360+0300: 0.062: Application time: 0.0174042 seconds
2024-10-07T16:14:07.360+0300: 0.062: Total time for which application threads were stopped: 0.0000675 seconds, Stopping threads took: 0.0000262 seconds
2024-10-07T16:14:07.533+0300: 0.237: Application time: 0.1740988 seconds
2024-10-07T16:14:07.533+0300: 0.237: [Full GC (System.gc()) 2024-10-07T16:14:07.533+0300: 0.237: [CMS: 0K->3742K(699072K), 0.0138038 secs] 22369K->3742K(1013632K), [Metaspace: 7068K->7068K(1056768K)], 0.0141104 secs] [Times: user=0.02 sys=0.00, real=0.02 secs] 
2024-10-07T16:14:07.548+0300: 0.251: Total time for which application threads were stopped: 0.0142734 seconds, Stopping threads took: 0.0000266 seconds
2024-10-07T16:14:07.548+0300: 0.251: Application time: 0.0001814 seconds
2024-10-07T16:14:07.548+0300: 0.251: [Full GC (System.gc()) 2024-10-07T16:14:07.548+0300: 0.251: [CMS: 3742K->3742K(699072K), 0.0069389 secs] 3742K->3742K(1013632K), [Metaspace: 7068K->7068K(1056768K)], 0.0070567 secs] [Times: user=0.00 sys=0.00, real=0.00 secs] 
2024-10-07T16:14:07.548+0300: 0.258: Total time for which application threads were stopped: 0.0071903 seconds, Stopping threads took: 0.0000749 seconds
2024-10-07T16:14:07.580+0300: 0.278: Application time: 0.0197532 seconds
2024-10-07T16:14:07.580+0300: 0.278: Total time for which application threads were stopped: 0.0001343 seconds, Stopping threads took: 0.0000254 seconds
2024-10-07T16:14:07.580+0300: 0.283: Application time: 0.0044446 seconds
2024-10-07T16:14:07.580+0300: 0.283: Total time for which application threads were stopped: 0.0002145 seconds, Stopping threads took: 0.0000509 seconds
2024-10-07T16:14:08.584+0300: 1.279: Application time: 0.9957960 seconds
2024-10-07T16:14:08.584+0300: 1.279: Total time for which application threads were stopped: 0.0002101 seconds, Stopping threads took: 0.0001408 seconds
2024-10-07T16:14:08.976+0300: 1.682: Application time: 0.4028096 seconds
2024-10-07T16:14:08.976+0300: 1.682: [GC (Allocation Failure) 2024-10-07T16:14:08.976+0300: 1.682: [ParNew: 279616K->1826K(314560K), 0.0021063 secs] 283358K->5568K(1013632K), 0.0022011 secs] [Times: user=0.00 sys=0.00, real=0.00 secs] 
2024-10-07T16:14:08.976+0300: 1.684: Total time for which application threads were stopped: 0.0024807 seconds, Stopping threads took: 0.0001501 seconds
2024-10-07T16:14:09.918+0300: 2.626: Application time: 0.9415631 seconds
2024-10-07T16:14:09.918+0300: 2.626: [GC (Allocation Failure) 2024-10-07T16:14:09.918+0300: 2.626: [ParNew: 281442K->1822K(314560K), 0.0014624 secs] 285184K->5564K(1013632K), 0.0015310 secs] [Times: user=0.00 sys=0.00, real=0.00 secs] 
2024-10-07T16:14:09.918+0300: 2.627: Total time for which application threads were stopped: 0.0017721 seconds, Stopping threads took: 0.0001389 seconds
2024-10-07T16:14:10.843+0300: 3.553: Application time: 0.9256448 seconds
2024-10-07T16:14:10.843+0300: 3.553: [GC (Allocation Failure) 2024-10-07T16:14:10.843+0300: 3.553: [ParNew: 281438K->1872K(314560K), 0.0013436 secs] 285180K->5614K(1013632K), 0.0014088 secs] [Times: user=0.01 sys=0.00, real=0.02 secs] 
2024-10-07T16:14:10.859+0300: 3.555: Total time for which application threads were stopped: 0.0016417 seconds, Stopping threads took: 0.0001306 seconds
2024-10-07T16:14:11.408+0300: 4.103: Application time: 0.5482247 seconds
2024-10-07T16:14:11.408+0300: 4.103: Total time for which application threads were stopped: 0.0002688 seconds, Stopping threads took: 0.0001514 seconds
2024-10-07T16:14:11.777+0300: 4.477: Application time: 0.3737490 seconds
2024-10-07T16:14:11.777+0300: 4.477: [GC (Allocation Failure) 2024-10-07T16:14:11.777+0300: 4.477: [ParNew: 281488K->2006K(314560K), 0.0014829 secs] 285230K->5748K(1013632K), 0.0016009 secs] [Times: user=0.00 sys=0.00, real=0.00 secs] 
2024-10-07T16:14:11.777+0300: 4.479: Total time for which application threads were stopped: 0.0018336 seconds, Stopping threads took: 0.0001402 seconds
2024-10-07T16:14:11.777+0300: 4.479: Application time: 0.0001350 seconds
2024-10-07T16:14:11.777+0300: 4.479: Total time for which application threads were stopped: 0.0001141 seconds, Stopping threads took: 0.0000762 seconds
2024-10-07T16:14:11.777+0300: 4.479: Application time: 0.0000631 seconds
2024-10-07T16:14:11.777+0300: 4.479: Total time for which application threads were stopped: 0.0000836 seconds, Stopping threads took: 0.0000575 seconds
2024-10-07T16:14:11.777+0300: 4.479: Application time: 0.0000617 seconds
2024-10-07T16:14:11.777+0300: 4.479: Total time for which application threads were stopped: 0.0000847 seconds, Stopping threads took: 0.0000614 seconds
2024-10-07T16:14:11.777+0300: 4.479: Application time: 0.0000266 seconds
2024-10-07T16:14:11.777+0300: 4.479: Total time for which application threads were stopped: 0.0000909 seconds, Stopping threads took: 0.0000593 seconds
2024-10-07T16:14:11.777+0300: 4.479: Application time: 0.0000347 seconds
2024-10-07T16:14:11.777+0300: 4.480: Total time for which application threads were stopped: 0.0000793 seconds, Stopping threads took: 0.0000532 seconds
2024-10-07T16:14:11.777+0300: 4.480: Application time: 0.0000381 seconds
2024-10-07T16:14:11.777+0300: 4.480: Total time for which application threads were stopped: 0.0000769 seconds, Stopping threads took: 0.0000506 seconds
2024-10-07T16:14:11.777+0300: 4.480: Application time: 0.0000297 seconds
2024-10-07T16:14:11.777+0300: 4.480: Total time for which application threads were stopped: 0.0000841 seconds, Stopping threads took: 0.0000578 seconds
2024-10-07T16:14:11.777+0300: 4.480: Application time: 0.0000284 seconds
2024-10-07T16:14:11.785+0300: 4.480: Total time for which application threads were stopped: 0.0000908 seconds, Stopping threads took: 0.0000487 seconds
2024-10-07T16:14:11.785+0300: 4.480: Application time: 0.0000316 seconds
2024-10-07T16:14:11.785+0300: 4.480: Total time for which application threads were stopped: 0.0000738 seconds, Stopping threads took: 0.0000429 seconds
2024-10-07T16:14:11.785+0300: 4.480: Application time: 0.0000413 seconds
2024-10-07T16:14:11.785+0300: 4.480: Total time for which application threads were stopped: 0.0000847 seconds, Stopping threads took: 0.0000532 seconds
2024-10-07T16:14:11.785+0300: 4.480: Application time: 0.0000308 seconds
2024-10-07T16:14:11.785+0300: 4.480: Total time for which application threads were stopped: 0.0000669 seconds, Stopping threads took: 0.0000417 seconds
2024-10-07T16:14:12.695+0300: 5.401: Application time: 0.9205628 seconds
2024-10-07T16:14:12.695+0300: 5.401: [GC (Allocation Failure) 2024-10-07T16:14:12.695+0300: 5.401: [ParNew: 281622K->2091K(314560K), 0.0014352 secs] 285364K->5833K(1013632K), 0.0015017 secs] [Times: user=0.00 sys=0.00, real=0.00 secs] 
2024-10-07T16:14:12.695+0300: 5.403: Total time for which application threads were stopped: 0.0018152 seconds, Stopping threads took: 0.0001808 seconds
2024-10-07T16:14:12.695+0300: 5.403: Application time: 0.0001483 seconds
2024-10-07T16:14:12.695+0300: 5.403: Total time for which application threads were stopped: 0.0001484 seconds, Stopping threads took: 0.0001019 seconds
2024-10-07T16:14:12.695+0300: 5.403: Application time: 0.0000541 seconds
2024-10-07T16:14:12.695+0300: 5.403: Total time for which application threads were stopped: 0.0000980 seconds, Stopping threads took: 0.0000683 seconds
2024-10-07T16:14:12.695+0300: 5.403: Application time: 0.0000307 seconds
2024-10-07T16:14:12.695+0300: 5.403: Total time for which application threads were stopped: 0.0000709 seconds, Stopping threads took: 0.0000443 seconds
2024-10-07T16:14:12.695+0300: 5.403: Application time: 0.0000408 seconds
2024-10-07T16:14:12.695+0300: 5.403: Total time for which application threads were stopped: 0.0000840 seconds, Stopping threads took: 0.0000575 seconds
2024-10-07T16:14:12.695+0300: 5.403: Application time: 0.0000309 seconds
2024-10-07T16:14:12.695+0300: 5.403: Total time for which application threads were stopped: 0.0000687 seconds, Stopping threads took: 0.0000456 seconds
2024-10-07T16:14:12.695+0300: 5.403: Application time: 0.0000273 seconds
2024-10-07T16:14:12.695+0300: 5.404: Total time for which application threads were stopped: 0.0000801 seconds, Stopping threads took: 0.0000507 seconds
2024-10-07T16:14:12.695+0300: 5.404: Application time: 0.0000290 seconds
2024-10-07T16:14:12.695+0300: 5.404: Total time for which application threads were stopped: 0.0000624 seconds, Stopping threads took: 0.0000361 seconds
2024-10-07T16:14:12.695+0300: 5.404: Application time: 0.0000386 seconds
2024-10-07T16:14:12.695+0300: 5.404: Total time for which application threads were stopped: 0.0000913 seconds, Stopping threads took: 0.0000644 seconds
2024-10-07T16:14:12.695+0300: 5.404: Application time: 0.0000274 seconds
2024-10-07T16:14:12.695+0300: 5.404: Total time for which application threads were stopped: 0.0001088 seconds, Stopping threads took: 0.0000456 seconds
2024-10-07T16:14:13.652+0300: 6.348: Application time: 0.9441120 seconds
2024-10-07T16:14:13.652+0300: 6.348: [GC (Allocation Failure) 2024-10-07T16:14:13.652+0300: 6.348: [ParNew: 281707K->1714K(314560K), 0.0012224 secs] 285449K->5456K(1013632K), 0.0013439 secs] [Times: user=0.00 sys=0.00, real=0.00 secs] 
2024-10-07T16:14:13.652+0300: 6.350: Total time for which application threads were stopped: 0.0015921 seconds, Stopping threads took: 0.0001339 seconds
2024-10-07T16:14:13.652+0300: 6.350: Application time: 0.0001112 seconds
2024-10-07T16:14:13.652+0300: 6.350: Total time for which application threads were stopped: 0.0001220 seconds, Stopping threads took: 0.0000840 seconds
2024-10-07T16:14:13.652+0300: 6.350: Application time: 0.0000446 seconds
2024-10-07T16:14:13.652+0300: 6.350: Total time for which application threads were stopped: 0.0001149 seconds, Stopping threads took: 0.0000753 seconds
2024-10-07T16:14:13.652+0300: 6.350: Application time: 0.0000365 seconds
2024-10-07T16:14:13.652+0300: 6.350: Total time for which application threads were stopped: 0.0000828 seconds, Stopping threads took: 0.0000562 seconds
2024-10-07T16:14:13.652+0300: 6.350: Application time: 0.0000321 seconds
2024-10-07T16:14:13.652+0300: 6.350: Total time for which application threads were stopped: 0.0000867 seconds, Stopping threads took: 0.0000570 seconds
2024-10-07T16:14:13.652+0300: 6.350: Application time: 0.0000248 seconds
2024-10-07T16:14:13.652+0300: 6.350: Total time for which application threads were stopped: 0.0000728 seconds, Stopping threads took: 0.0000501 seconds
2024-10-07T16:14:13.652+0300: 6.350: Application time: 0.0000305 seconds
2024-10-07T16:14:13.652+0300: 6.350: Total time for which application threads were stopped: 0.0000853 seconds, Stopping threads took: 0.0000593 seconds
2024-10-07T16:14:13.652+0300: 6.351: Application time: 0.0000258 seconds
2024-10-07T16:14:13.652+0300: 6.351: Total time for which application threads were stopped: 0.0000760 seconds, Stopping threads took: 0.0000436 seconds
2024-10-07T16:14:13.652+0300: 6.351: Application time: 0.0000274 seconds
2024-10-07T16:14:13.652+0300: 6.351: Total time for which application threads were stopped: 0.0000848 seconds, Stopping threads took: 0.0000582 seconds
2024-10-07T16:14:13.652+0300: 6.351: Application time: 0.0000269 seconds
2024-10-07T16:14:13.652+0300: 6.351: Total time for which application threads were stopped: 0.0000624 seconds, Stopping threads took: 0.0000386 seconds
2024-10-07T16:14:13.652+0300: 6.351: Application time: 0.0000254 seconds
2024-10-07T16:14:13.652+0300: 6.351: Total time for which application threads were stopped: 0.0000679 seconds, Stopping threads took: 0.0000432 seconds
2024-10-07T16:14:13.652+0300: 6.351: Application time: 0.0000275 seconds
2024-10-07T16:14:13.652+0300: 6.351: Total time for which application threads were stopped: 0.0000773 seconds, Stopping threads took: 0.0000521 seconds
2024-10-07T16:14:13.652+0300: 6.351: Application time: 0.0000292 seconds
2024-10-07T16:14:13.652+0300: 6.351: Total time for which application threads were stopped: 0.0000727 seconds, Stopping threads took: 0.0000495 seconds
2024-10-07T16:14:13.652+0300: 6.351: Application time: 0.0000265 seconds
2024-10-07T16:14:13.652+0300: 6.351: Total time for which application threads were stopped: 0.0000730 seconds, Stopping threads took: 0.0000487 seconds
2024-10-07T16:14:13.652+0300: 6.351: Application time: 0.0000256 seconds
2024-10-07T16:14:13.652+0300: 6.351: Total time for which application threads were stopped: 0.0000749 seconds, Stopping threads took: 0.0000510 seconds
2024-10-07T16:14:13.652+0300: 6.351: Application time: 0.0000257 seconds
2024-10-07T16:14:13.652+0300: 6.351: Total time for which application threads were stopped: 0.0000701 seconds, Stopping threads took: 0.0000472 seconds
2024-10-07T16:14:13.652+0300: 6.351: Application time: 0.0000248 seconds
2024-10-07T16:14:13.652+0300: 6.352: Total time for which application threads were stopped: 0.0000624 seconds, Stopping threads took: 0.0000392 seconds
2024-10-07T16:14:13.652+0300: 6.352: Application time: 0.0000252 seconds
2024-10-07T16:14:13.652+0300: 6.352: Total time for which application threads were stopped: 0.0000705 seconds, Stopping threads took: 0.0000473 seconds
2024-10-07T16:14:13.652+0300: 6.352: Application time: 0.0000270 seconds
2024-10-07T16:14:13.652+0300: 6.352: Total time for which application threads were stopped: 0.0000724 seconds, Stopping threads took: 0.0000434 seconds
2024-10-07T16:14:13.652+0300: 6.352: Application time: 0.0000259 seconds
2024-10-07T16:14:13.652+0300: 6.352: Total time for which application threads were stopped: 0.0000709 seconds, Stopping threads took: 0.0000460 seconds
2024-10-07T16:14:13.652+0300: 6.352: Application time: 0.0000244 seconds
2024-10-07T16:14:13.652+0300: 6.352: Total time for which application threads were stopped: 0.0001126 seconds, Stopping threads took: 0.0000451 seconds
2024-10-07T16:14:14.610+0300: 7.306: Application time: 0.9540572 seconds
2024-10-07T16:14:14.610+0300: 7.306: [GC (Allocation Failure) 2024-10-07T16:14:14.610+0300: 7.306: [ParNew: 281330K->2047K(314560K), 0.0020153 secs] 285072K->6073K(1013632K), 0.0020799 secs] [Times: user=0.00 sys=0.00, real=0.00 secs] 
2024-10-07T16:14:14.610+0300: 7.308: Total time for which application threads were stopped: 0.0023237 seconds, Stopping threads took: 0.0001501 seconds
2024-10-07T16:14:15.535+0300: 8.243: Application time: 0.9345993 seconds
2024-10-07T16:14:15.535+0300: 8.243: [GC (Allocation Failure) 2024-10-07T16:14:15.535+0300: 8.243: [ParNew: 281663K->1439K(314560K), 0.0012369 secs] 285689K->5466K(1013632K), 0.0012965 secs] [Times: user=0.00 sys=0.00, real=0.00 secs] 
2024-10-07T16:14:15.535+0300: 8.245: Total time for which application threads were stopped: 0.0016214 seconds, Stopping threads took: 0.0002301 seconds
2024-10-07T16:14:16.524+0300: 9.219: Application time: 0.9742858 seconds
2024-10-07T16:14:16.524+0300: 9.219: [GC (Allocation Failure) 2024-10-07T16:14:16.524+0300: 9.219: [ParNew: 281055K->1584K(314560K), 0.0011634 secs] 285082K->5612K(1013632K), 0.0012363 secs] [Times: user=0.02 sys=0.00, real=0.00 secs] 
2024-10-07T16:14:16.524+0300: 9.220: Total time for which application threads were stopped: 0.0015222 seconds, Stopping threads took: 0.0001623 seconds
2024-10-07T16:14:17.434+0300: 10.138: Application time: 0.9173027 seconds
2024-10-07T16:14:17.434+0300: 10.138: [GC (Allocation Failure) 2024-10-07T16:14:17.434+0300: 10.138: [ParNew: 281200K->1499K(314560K), 0.0011344 secs] 285228K->5527K(1013632K), 0.0011953 secs] [Times: user=0.00 sys=0.00, real=0.00 secs] 
2024-10-07T16:14:17.434+0300: 10.139: Total time for which application threads were stopped: 0.0014137 seconds, Stopping threads took: 0.0001112 seconds
2024-10-07T16:14:18.359+0300: 11.059: Application time: 0.9200171 seconds
2024-10-07T16:14:18.359+0300: 11.059: [GC (Allocation Failure) 2024-10-07T16:14:18.359+0300: 11.059: [ParNew: 281115K->1677K(314560K), 0.0014076 secs] 285143K->5706K(1013632K), 0.0014591 secs] [Times: user=0.00 sys=0.00, real=0.00 secs] 
2024-10-07T16:14:18.359+0300: 11.061: Total time for which application threads were stopped: 0.0017125 seconds, Stopping threads took: 0.0001584 seconds
2024-10-07T16:14:19.290+0300: 11.987: Application time: 0.9263148 seconds
2024-10-07T16:14:19.290+0300: 11.987: [GC (Allocation Failure) 2024-10-07T16:14:19.290+0300: 11.987: [ParNew: 281293K->1677K(314560K), 0.0011988 secs] 285322K->5706K(1013632K), 0.0012625 secs] [Times: user=0.00 sys=0.00, real=0.00 secs] 
2024-10-07T16:14:19.290+0300: 11.989: Total time for which application threads were stopped: 0.0014950 seconds, Stopping threads took: 0.0001387 seconds
2024-10-07T16:14:20.228+0300: 12.935: Application time: 0.9465025 seconds
2024-10-07T16:14:20.228+0300: 12.935: [GC (Allocation Failure) 2024-10-07T16:14:20.228+0300: 12.935: [ParNew: 281293K->1677K(314560K), 0.0011664 secs] 285322K->5707K(1013632K), 0.0012316 secs] [Times: user=0.00 sys=0.00, real=0.00 secs] 
2024-10-07T16:14:20.228+0300: 12.937: Total time for which application threads were stopped: 0.0014954 seconds, Stopping threads took: 0.0001644 seconds
2024-10-07T16:14:21.185+0300: 13.881: Application time: 0.9447408 seconds
2024-10-07T16:14:21.185+0300: 13.882: [GC (Allocation Failure) 2024-10-07T16:14:21.185+0300: 13.882: [ParNew: 281293K->1588K(314560K), 0.0010839 secs] 285323K->5618K(1013632K), 0.0011361 secs] [Times: user=0.00 sys=0.00, real=0.00 secs] 
2024-10-07T16:14:21.185+0300: 13.883: Total time for which application threads were stopped: 0.0013522 seconds, Stopping threads took: 0.0001163 seconds
2024-10-07T16:14:22.134+0300: 14.835: Application time: 0.9524776 seconds
2024-10-07T16:14:22.134+0300: 14.835: [GC (Allocation Failure) 2024-10-07T16:14:22.134+0300: 14.835: [ParNew: 281204K->1765K(314560K), 0.0014655 secs] 285234K->5797K(1013632K), 0.0015265 secs] [Times: user=0.02 sys=0.00, real=0.01 secs] 
2024-10-07T16:14:22.142+0300: 14.837: Total time for which application threads were stopped: 0.0017215 seconds, Stopping threads took: 0.0000883 seconds
2024-10-07T16:14:23.083+0300: 15.792: Application time: 0.9546803 seconds
2024-10-07T16:14:23.097+0300: 15.792: [GC (Allocation Failure) 2024-10-07T16:14:23.097+0300: 15.792: [ParNew: 281381K->1446K(314560K), 0.0011644 secs] 285413K->5478K(1013632K), 0.0012368 secs] [Times: user=0.00 sys=0.00, real=0.00 secs] 
2024-10-07T16:14:23.097+0300: 15.793: Total time for which application threads were stopped: 0.0016207 seconds, Stopping threads took: 0.0002063 seconds
2024-10-07T16:14:24.136+0300: 16.841: Application time: 1.0474993 seconds
2024-10-07T16:14:24.136+0300: 16.841: [GC (Allocation Failure) 2024-10-07T16:14:24.136+0300: 16.841: [ParNew: 281062K->1332K(314560K), 0.0013576 secs] 285094K->5364K(1013632K), 0.0014192 secs] [Times: user=0.00 sys=0.00, real=0.00 secs] 
2024-10-07T16:14:24.136+0300: 16.843: Total time for which application threads were stopped: 0.0016818 seconds, Stopping threads took: 0.0001536 seconds
2024-10-07T16:14:24.371+0300: 17.072: Application time: 0.2296205 seconds
2024-10-07T16:14:24.371+0300: 17.072: Total time for which application threads were stopped: 0.0002828 seconds, Stopping threads took: 0.0002513 seconds
2024-10-07T16:14:25.155+0300: 17.865: Application time: 0.7925655 seconds
2024-10-07T16:14:25.171+0300: 17.865: [GC (Allocation Failure) 2024-10-07T16:14:25.171+0300: 17.865: [ParNew: 280948K->1447K(314560K), 0.0011849 secs] 284980K->5481K(1013632K), 0.0012596 secs] [Times: user=0.00 sys=0.00, real=0.00 secs] 
2024-10-07T16:14:25.171+0300: 17.867: Total time for which application threads were stopped: 0.0016680 seconds, Stopping threads took: 0.0003088 seconds
2024-10-07T16:14:26.081+0300: 18.789: Application time: 0.9226488 seconds
2024-10-07T16:14:26.081+0300: 18.790: [GC (Allocation Failure) 2024-10-07T16:14:26.081+0300: 18.790: [ParNew: 281063K->1544K(314560K), 0.0012273 secs] 285097K->5578K(1013632K), 0.0012897 secs] [Times: user=0.00 sys=0.01, real=0.01 secs] 
2024-10-07T16:14:26.096+0300: 18.791: Total time for which application threads were stopped: 0.0015685 seconds, Stopping threads took: 0.0001810 seconds
2024-10-07T16:14:27.006+0300: 19.714: Application time: 0.9231820 seconds
2024-10-07T16:14:27.006+0300: 19.714: [GC (Allocation Failure) 2024-10-07T16:14:27.006+0300: 19.714: [ParNew: 281160K->1477K(314560K), 0.0011556 secs] 285194K->5512K(1013632K), 0.0012124 secs] [Times: user=0.00 sys=0.00, real=0.00 secs] 
2024-10-07T16:14:27.006+0300: 19.716: Total time for which application threads were stopped: 0.0014797 seconds, Stopping threads took: 0.0001767 seconds
2024-10-07T16:14:27.931+0300: 20.637: Application time: 0.9216063 seconds
2024-10-07T16:14:27.931+0300: 20.637: [GC (Allocation Failure) 2024-10-07T16:14:27.931+0300: 20.637: [ParNew: 281093K->1590K(314560K), 0.0012102 secs] 285128K->5625K(1013632K), 0.0012664 secs] [Times: user=0.00 sys=0.00, real=0.00 secs] 
2024-10-07T16:14:27.931+0300: 20.639: Total time for which application threads were stopped: 0.0015106 seconds, Stopping threads took: 0.0001551 seconds
2024-10-07T16:14:28.870+0300: 21.565: Application time: 0.9266912 seconds
2024-10-07T16:14:28.871+0300: 21.566: [GC (Allocation Failure) 2024-10-07T16:14:28.871+0300: 21.566: [ParNew: 281206K->1522K(314560K), 0.0011390 secs] 285241K->5557K(1013632K), 0.0012020 secs] [Times: user=0.00 sys=0.00, real=0.00 secs] 
2024-10-07T16:14:28.872+0300: 21.567: Total time for which application threads were stopped: 0.0014635 seconds, Stopping threads took: 0.0001641 seconds
2024-10-07T16:14:29.799+0300: 22.494: Application time: 0.9268594 seconds
2024-10-07T16:14:29.799+0300: 22.494: [GC (Allocation Failure) 2024-10-07T16:14:29.799+0300: 22.494: [ParNew: 281138K->1612K(314560K), 0.0011687 secs] 285173K->5647K(1013632K), 0.0012254 secs] [Times: user=0.00 sys=0.00, real=0.00 secs] 
2024-10-07T16:14:29.799+0300: 22.495: Total time for which application threads were stopped: 0.0014914 seconds, Stopping threads took: 0.0001725 seconds
2024-10-07T16:14:30.772+0300: 23.477: Application time: 0.9816208 seconds
2024-10-07T16:14:30.772+0300: 23.477: [GC (Allocation Failure) 2024-10-07T16:14:30.772+0300: 23.477: [ParNew: 281228K->1588K(314560K), 0.0011421 secs] 285263K->5633K(1013632K), 0.0012074 secs] [Times: user=0.00 sys=0.00, real=0.00 secs] 
2024-10-07T16:14:30.772+0300: 23.478: Total time for which application threads were stopped: 0.0014702 seconds, Stopping threads took: 0.0001609 seconds
2024-10-07T16:14:31.715+0300: 24.416: Application time: 0.9381250 seconds
2024-10-07T16:14:31.715+0300: 24.417: [GC (Allocation Failure) 2024-10-07T16:14:31.715+0300: 24.417: [ParNew: 281204K->1538K(314560K), 0.0011016 secs] 285249K->5583K(1013632K), 0.0011686 secs] [Times: user=0.00 sys=0.00, real=0.00 secs] 
2024-10-07T16:14:31.715+0300: 24.418: Total time for which application threads were stopped: 0.0014711 seconds, Stopping threads took: 0.0001644 seconds
2024-10-07T16:14:32.671+0300: 25.377: Application time: 0.9589511 seconds
2024-10-07T16:14:32.671+0300: 25.377: [GC (Allocation Failure) 2024-10-07T16:14:32.671+0300: 25.377: [ParNew: 281154K->1660K(314560K), 0.0011436 secs] 285199K->5705K(1013632K), 0.0011999 secs] [Times: user=0.00 sys=0.00, real=0.00 secs] 
2024-10-07T16:14:32.671+0300: 25.378: Total time for which application threads were stopped: 0.0014389 seconds, Stopping threads took: 0.0001441 seconds
2024-10-07T16:14:33.597+0300: 26.297: Application time: 0.9184700 seconds
2024-10-07T16:14:33.597+0300: 26.297: [GC (Allocation Failure) 2024-10-07T16:14:33.597+0300: 26.297: [ParNew: 281276K->1584K(314560K), 0.0011779 secs] 285321K->5629K(1013632K), 0.0012356 secs] [Times: user=0.00 sys=0.00, real=0.00 secs] 
2024-10-07T16:14:33.597+0300: 26.298: Total time for which application threads were stopped: 0.0014857 seconds, Stopping threads took: 0.0001546 seconds
2024-10-07T16:14:34.518+0300: 27.216: Application time: 0.9180374 seconds
2024-10-07T16:14:34.518+0300: 27.216: [GC (Allocation Failure) 2024-10-07T16:14:34.518+0300: 27.217: [ParNew: 281200K->1675K(314560K), 0.0012056 secs] 285245K->5721K(1013632K), 0.0012694 secs] [Times: user=0.00 sys=0.00, real=0.01 secs] 
2024-10-07T16:14:34.523+0300: 27.218: Total time for which application threads were stopped: 0.0015149 seconds, Stopping threads took: 0.0001547 seconds
2024-10-07T16:14:35.433+0300: 28.137: Application time: 0.9188355 seconds
2024-10-07T16:14:35.433+0300: 28.137: [GC (Allocation Failure) 2024-10-07T16:14:35.433+0300: 28.137: [ParNew: 281291K->1675K(314560K), 0.0010860 secs] 285337K->5722K(1013632K), 0.0011359 secs] [Times: user=0.00 sys=0.00, real=0.00 secs] 
2024-10-07T16:14:35.433+0300: 28.138: Total time for which application threads were stopped: 0.0013958 seconds, Stopping threads took: 0.0001744 seconds
2024-10-07T16:14:36.374+0300: 29.070: Application time: 0.9316134 seconds
2024-10-07T16:14:36.374+0300: 29.070: [GC (Allocation Failure) 2024-10-07T16:14:36.374+0300: 29.070: [ParNew: 281291K->1585K(314560K), 0.0011800 secs] 285338K->5632K(1013632K), 0.0012546 secs] [Times: user=0.00 sys=0.00, real=0.00 secs] 
2024-10-07T16:14:36.374+0300: 29.071: Total time for which application threads were stopped: 0.0015321 seconds, Stopping threads took: 0.0001531 seconds
2024-10-07T16:14:37.300+0300: 30.003: Application time: 0.9318143 seconds
2024-10-07T16:14:37.300+0300: 30.003: [GC (Allocation Failure) 2024-10-07T16:14:37.300+0300: 30.003: [ParNew: 281201K->1585K(314560K), 0.0011084 secs] 285248K->5632K(1013632K), 0.0011595 secs] [Times: user=0.00 sys=0.00, real=0.00 secs] 
2024-10-07T16:14:37.300+0300: 30.004: Total time for which application threads were stopped: 0.0013499 seconds, Stopping threads took: 0.0000903 seconds
2024-10-07T16:14:38.289+0300: 30.996: Application time: 0.9914670 seconds
2024-10-07T16:14:38.289+0300: 30.996: [GC (Allocation Failure) 2024-10-07T16:14:38.289+0300: 30.996: [ParNew: 281201K->1672K(314560K), 0.0014192 secs] 285248K->5720K(1013632K), 0.0014816 secs] [Times: user=0.00 sys=0.00, real=0.00 secs] 
2024-10-07T16:14:38.289+0300: 30.998: Total time for which application threads were stopped: 0.0017457 seconds, Stopping threads took: 0.0001632 seconds
2024-10-07T16:14:39.214+0300: 31.921: Application time: 0.9235112 seconds
2024-10-07T16:14:39.214+0300: 31.921: [GC (Allocation Failure) 2024-10-07T16:14:39.214+0300: 31.921: [ParNew: 281288K->1569K(314560K), 0.0011163 secs] 285336K->5617K(1013632K), 0.0011659 secs] [Times: user=0.00 sys=0.00, real=0.01 secs] 
2024-10-07T16:14:39.227+0300: 31.923: Total time for which application threads were stopped: 0.0014468 seconds, Stopping threads took: 0.0001937 seconds
2024-10-07T16:14:40.172+0300: 32.877: Application time: 0.9541896 seconds
2024-10-07T16:14:40.172+0300: 32.877: [GC (Allocation Failure) 2024-10-07T16:14:40.172+0300: 32.877: [ParNew: 281185K->1603K(314560K), 0.0011101 secs] 285233K->5651K(1013632K), 0.0011631 secs] [Times: user=0.00 sys=0.00, real=0.00 secs] 
2024-10-07T16:14:40.172+0300: 32.878: Total time for which application threads were stopped: 0.0014018 seconds, Stopping threads took: 0.0001519 seconds
2024-10-07T16:14:41.081+0300: 33.790: Application time: 0.9115630 seconds
2024-10-07T16:14:41.081+0300: 33.790: [GC (Allocation Failure) 2024-10-07T16:14:41.081+0300: 33.790: [ParNew: 281219K->1501K(314560K), 0.0011671 secs] 285267K->5551K(1013632K), 0.0012247 secs] [Times: user=0.00 sys=0.00, real=0.00 secs] 
2024-10-07T16:14:41.081+0300: 33.791: Total time for which application threads were stopped: 0.0014686 seconds, Stopping threads took: 0.0001545 seconds
2024-10-07T16:14:42.007+0300: 34.714: Application time: 0.9230736 seconds
2024-10-07T16:14:42.007+0300: 34.714: [GC (Allocation Failure) 2024-10-07T16:14:42.007+0300: 34.714: [ParNew: 281117K->1499K(314560K), 0.0011126 secs] 285167K->5548K(1013632K), 0.0011669 secs] [Times: user=0.00 sys=0.00, real=0.00 secs] 
2024-10-07T16:14:42.007+0300: 34.716: Total time for which application threads were stopped: 0.0013941 seconds, Stopping threads took: 0.0001386 seconds
2024-10-07T16:14:42.935+0300: 35.640: Application time: 0.9244479 seconds
2024-10-07T16:14:42.935+0300: 35.640: [GC (Allocation Failure) 2024-10-07T16:14:42.935+0300: 35.640: [ParNew: 281115K->1498K(314560K), 0.0010926 secs] 285164K->5548K(1013632K), 0.0011523 secs] [Times: user=0.00 sys=0.00, real=0.00 secs] 
2024-10-07T16:14:42.935+0300: 35.641: Total time for which application threads were stopped: 0.0013886 seconds, Stopping threads took: 0.0001406 seconds
2024-10-07T16:14:43.859+0300: 36.568: Application time: 0.9263610 seconds
2024-10-07T16:14:43.859+0300: 36.568: [GC (Allocation Failure) 2024-10-07T16:14:43.859+0300: 36.568: [ParNew: 281114K->1585K(314560K), 0.0011645 secs] 285164K->5635K(1013632K), 0.0012675 secs] [Times: user=0.00 sys=0.00, real=0.00 secs] 
2024-10-07T16:14:43.859+0300: 36.569: Total time for which application threads were stopped: 0.0015714 seconds, Stopping threads took: 0.0001810 seconds
2024-10-07T16:14:44.817+0300: 37.514: Application time: 0.9441579 seconds
2024-10-07T16:14:44.817+0300: 37.514: [GC (Allocation Failure) 2024-10-07T16:14:44.817+0300: 37.514: [ParNew: 281201K->1568K(314560K), 0.0010749 secs] 285251K->5619K(1013632K), 0.0011221 secs] [Times: user=0.00 sys=0.00, real=0.00 secs] 
2024-10-07T16:14:44.817+0300: 37.515: Total time for which application threads were stopped: 0.0013492 seconds, Stopping threads took: 0.0001202 seconds
2024-10-07T16:14:45.790+0300: 38.488: Application time: 0.9734101 seconds
2024-10-07T16:14:45.790+0300: 38.489: [GC (Allocation Failure) 2024-10-07T16:14:45.790+0300: 38.489: [ParNew: 281184K->1413K(314560K), 0.0011406 secs] 285235K->5464K(1013632K), 0.0011926 secs] [Times: user=0.00 sys=0.00, real=0.00 secs] 
2024-10-07T16:14:45.790+0300: 38.490: Total time for which application threads were stopped: 0.0014250 seconds, Stopping threads took: 0.0001423 seconds
2024-10-07T16:14:46.731+0300: 39.428: Application time: 0.9379842 seconds
2024-10-07T16:14:46.731+0300: 39.428: [GC (Allocation Failure) 2024-10-07T16:14:46.731+0300: 39.428: [ParNew: 281029K->1370K(314560K), 0.0011208 secs] 285080K->5422K(1013632K), 0.0011700 secs] [Times: user=0.00 sys=0.00, real=0.00 secs] 
2024-10-07T16:14:46.731+0300: 39.429: Total time for which application threads were stopped: 0.0014619 seconds, Stopping threads took: 0.0001704 seconds
2024-10-07T16:14:47.673+0300: 40.371: Application time: 0.9418595 seconds
2024-10-07T16:14:47.673+0300: 40.371: [GC (Allocation Failure) 2024-10-07T16:14:47.673+0300: 40.371: [ParNew: 280986K->1598K(314560K), 0.0011058 secs] 285038K->5649K(1013632K), 0.0011543 secs] [Times: user=0.00 sys=0.00, real=0.00 secs] 
2024-10-07T16:14:47.673+0300: 40.372: Total time for which application threads were stopped: 0.0013669 seconds, Stopping threads took: 0.0001278 seconds
2024-10-07T16:14:48.582+0300: 41.286: Application time: 0.9136009 seconds
2024-10-07T16:14:48.582+0300: 41.286: [GC (Allocation Failure) 2024-10-07T16:14:48.582+0300: 41.286: [ParNew: 281214K->1502K(314560K), 0.0011278 secs] 285265K->5554K(1013632K), 0.0011881 secs] [Times: user=0.00 sys=0.00, real=0.00 secs] 
2024-10-07T16:14:48.582+0300: 41.287: Total time for which application threads were stopped: 0.0014211 seconds, Stopping threads took: 0.0001393 seconds
2024-10-07T16:14:49.508+0300: 42.206: Application time: 0.9187691 seconds
2024-10-07T16:14:49.508+0300: 42.206: [GC (Allocation Failure) 2024-10-07T16:14:49.508+0300: 42.206: [ParNew: 281118K->1587K(314560K), 0.0011027 secs] 285170K->5640K(1013632K), 0.0011576 secs] [Times: user=0.00 sys=0.00, real=0.00 secs] 
2024-10-07T16:14:49.508+0300: 42.208: Total time for which application threads were stopped: 0.0014126 seconds, Stopping threads took: 0.0001624 seconds
2024-10-07T16:14:50.433+0300: 43.129: Application time: 0.9218281 seconds
2024-10-07T16:14:50.433+0300: 43.130: [GC (Allocation Failure) 2024-10-07T16:14:50.433+0300: 43.130: [ParNew: 281203K->1674K(314560K), 0.0011240 secs] 285256K->5727K(1013632K), 0.0011901 secs] [Times: user=0.00 sys=0.00, real=0.00 secs] 
2024-10-07T16:14:50.433+0300: 43.131: Total time for which application threads were stopped: 0.0014630 seconds, Stopping threads took: 0.0001655 seconds
2024-10-07T16:14:51.359+0300: 44.057: Application time: 0.9262982 seconds
2024-10-07T16:14:51.359+0300: 44.057: [GC (Allocation Failure) 2024-10-07T16:14:51.359+0300: 44.057: [ParNew: 281290K->1497K(314560K), 0.0012173 secs] 285343K->5550K(1013632K), 0.0012715 secs] [Times: user=0.00 sys=0.00, real=0.00 secs] 
2024-10-07T16:14:51.359+0300: 44.059: Total time for which application threads were stopped: 0.0015071 seconds, Stopping threads took: 0.0001447 seconds
2024-10-07T16:14:52.331+0300: 45.027: Application time: 0.9684994 seconds
2024-10-07T16:14:52.331+0300: 45.028: [GC (Allocation Failure) 2024-10-07T16:14:52.331+0300: 45.028: [ParNew: 281113K->1495K(314560K), 0.0011547 secs] 285166K->5549K(1013632K), 0.0012272 secs] [Times: user=0.00 sys=0.00, real=0.00 secs] 
2024-10-07T16:14:52.331+0300: 45.029: Total time for which application threads were stopped: 0.0015175 seconds, Stopping threads took: 0.0001747 seconds
2024-10-07T16:14:53.273+0300: 45.973: Application time: 0.9441220 seconds
2024-10-07T16:14:53.273+0300: 45.973: [GC (Allocation Failure) 2024-10-07T16:14:53.273+0300: 45.973: [ParNew: 281111K->1483K(314560K), 0.0010808 secs] 285165K->5537K(1013632K), 0.0011286 secs] [Times: user=0.00 sys=0.00, real=0.00 secs] 
2024-10-07T16:14:53.273+0300: 45.974: Total time for which application threads were stopped: 0.0014086 seconds, Stopping threads took: 0.0001935 seconds
2024-10-07T16:14:54.246+0300: 46.945: Application time: 0.9703837 seconds
2024-10-07T16:14:54.246+0300: 46.945: [GC (Allocation Failure) 2024-10-07T16:14:54.246+0300: 46.945: [ParNew: 281099K->1581K(314560K), 0.0011737 secs] 285153K->5635K(1013632K), 0.0012432 secs] [Times: user=0.00 sys=0.00, real=0.00 secs] 
2024-10-07T16:14:54.246+0300: 46.946: Total time for which application threads were stopped: 0.0015095 seconds, Stopping threads took: 0.0001269 seconds
2024-10-07T16:14:55.172+0300: 47.878: Application time: 0.9316366 seconds
2024-10-07T16:14:55.172+0300: 47.878: [GC (Allocation Failure) 2024-10-07T16:14:55.172+0300: 47.878: [ParNew: 281197K->1585K(314560K), 0.0011437 secs] 285251K->5640K(1013632K), 0.0012042 secs] [Times: user=0.00 sys=0.00, real=0.00 secs] 
2024-10-07T16:14:55.172+0300: 47.879: Total time for which application threads were stopped: 0.0014243 seconds, Stopping threads took: 0.0001199 seconds
2024-10-07T16:14:56.097+0300: 48.803: Application time: 0.9236169 seconds
2024-10-07T16:14:56.097+0300: 48.803: [GC (Allocation Failure) 2024-10-07T16:14:56.097+0300: 48.803: [ParNew: 281201K->1603K(314560K), 0.0011462 secs] 285256K->5658K(1013632K), 0.0012120 secs] [Times: user=0.00 sys=0.00, real=0.00 secs] 
2024-10-07T16:14:56.097+0300: 48.804: Total time for which application threads were stopped: 0.0014589 seconds, Stopping threads took: 0.0001346 seconds
2024-10-07T16:14:57.023+0300: 49.728: Application time: 0.9234133 seconds
2024-10-07T16:14:57.023+0300: 49.728: [GC (Allocation Failure) 2024-10-07T16:14:57.023+0300: 49.728: [ParNew: 281219K->1568K(314560K), 0.0011740 secs] 285274K->5624K(1013632K), 0.0012452 secs] [Times: user=0.02 sys=0.00, real=0.00 secs] 
2024-10-07T16:14:57.023+0300: 49.729: Total time for which application threads were stopped: 0.0015166 seconds, Stopping threads took: 0.0001423 seconds
2024-10-07T16:14:57.963+0300: 50.659: Application time: 0.9295300 seconds
2024-10-07T16:14:57.963+0300: 50.659: [GC (Allocation Failure) 2024-10-07T16:14:57.963+0300: 50.659: [ParNew: 281184K->1492K(314560K), 0.0012633 secs] 285240K->5548K(1013632K), 0.0013387 secs] [Times: user=0.00 sys=0.00, real=0.00 secs] 
2024-10-07T16:14:57.965+0300: 50.660: Total time for which application threads were stopped: 0.0015988 seconds, Stopping threads took: 0.0001451 seconds
2024-10-07T16:14:58.891+0300: 51.592: Application time: 0.9316331 seconds
2024-10-07T16:14:58.891+0300: 51.592: [GC (Allocation Failure) 2024-10-07T16:14:58.891+0300: 51.592: [ParNew: 281108K->1585K(314560K), 0.0011956 secs] 285164K->5641K(1013632K), 0.0012591 secs] [Times: user=0.00 sys=0.00, real=0.00 secs] 
2024-10-07T16:14:58.891+0300: 51.594: Total time for which application threads were stopped: 0.0015847 seconds, Stopping threads took: 0.0002311 seconds
2024-10-07T16:14:59.880+0300: 52.575: Application time: 0.9811547 seconds
2024-10-07T16:14:59.880+0300: 52.575: [GC (Allocation Failure) 2024-10-07T16:14:59.880+0300: 52.575: [ParNew: 281201K->1584K(314560K), 0.0012558 secs] 285257K->5641K(1013632K), 0.0013252 secs] [Times: user=0.00 sys=0.00, real=0.00 secs] 
2024-10-07T16:14:59.880+0300: 52.576: Total time for which application threads were stopped: 0.0015876 seconds, Stopping threads took: 0.0001327 seconds
2024-10-07T16:15:00.821+0300: 53.521: Application time: 0.9447177 seconds
2024-10-07T16:15:00.821+0300: 53.521: [GC (Allocation Failure) 2024-10-07T16:15:00.821+0300: 53.521: [ParNew: 281200K->1574K(314560K), 0.0011402 secs] 285257K->5632K(1013632K), 0.0012026 secs] [Times: user=0.00 sys=0.00, real=0.00 secs] 
2024-10-07T16:15:00.821+0300: 53.523: Total time for which application threads were stopped: 0.0014366 seconds, Stopping threads took: 0.0001284 seconds
2024-10-07T16:15:01.778+0300: 54.481: Application time: 0.9581442 seconds
2024-10-07T16:15:01.778+0300: 54.481: [GC (Allocation Failure) 2024-10-07T16:15:01.778+0300: 54.481: [ParNew: 281190K->1494K(314560K), 0.0011613 secs] 285248K->5552K(1013632K), 0.0012390 secs] [Times: user=0.00 sys=0.00, real=0.00 secs] 
2024-10-07T16:15:01.778+0300: 54.482: Total time for which application threads were stopped: 0.0015078 seconds, Stopping threads took: 0.0001618 seconds
2024-10-07T16:15:02.705+0300: 55.400: Application time: 0.9174545 seconds
2024-10-07T16:15:02.705+0300: 55.400: [GC (Allocation Failure) 2024-10-07T16:15:02.705+0300: 55.400: [ParNew: 281110K->1673K(314560K), 0.0010599 secs] 285168K->5731K(1013632K), 0.0011297 secs] [Times: user=0.00 sys=0.00, real=0.00 secs] 
2024-10-07T16:15:02.705+0300: 55.401: Total time for which application threads were stopped: 0.0013641 seconds, Stopping threads took: 0.0001315 seconds
2024-10-07T16:15:03.630+0300: 56.326: Application time: 0.9252268 seconds
2024-10-07T16:15:03.630+0300: 56.326: [GC (Allocation Failure) 2024-10-07T16:15:03.630+0300: 56.327: [ParNew: 281289K->1409K(314560K), 0.0011166 secs] 285347K->5468K(1013632K), 0.0011944 secs] [Times: user=0.00 sys=0.00, real=0.00 secs] 
2024-10-07T16:15:03.630+0300: 56.328: Total time for which application threads were stopped: 0.0014717 seconds, Stopping threads took: 0.0001486 seconds
2024-10-07T16:15:04.556+0300: 57.257: Application time: 0.9288146 seconds
2024-10-07T16:15:04.556+0300: 57.257: [GC (Allocation Failure) 2024-10-07T16:15:04.556+0300: 57.257: [ParNew: 281025K->1586K(314560K), 0.0010937 secs] 285084K->5645K(1013632K), 0.0011538 secs] [Times: user=0.00 sys=0.00, real=0.00 secs] 
2024-10-07T16:15:04.556+0300: 57.258: Total time for which application threads were stopped: 0.0014157 seconds, Stopping threads took: 0.0001684 seconds
2024-10-07T16:15:05.483+0300: 58.192: Application time: 0.9339747 seconds
2024-10-07T16:15:05.483+0300: 58.192: [GC (Allocation Failure) 2024-10-07T16:15:05.483+0300: 58.192: [ParNew: 281202K->1585K(314560K), 0.0011831 secs] 285261K->5644K(1013632K), 0.0012569 secs] [Times: user=0.02 sys=0.00, real=0.02 secs] 
2024-10-07T16:15:05.499+0300: 58.193: Total time for which application threads were stopped: 0.0015052 seconds, Stopping threads took: 0.0001347 seconds
2024-10-07T16:15:06.440+0300: 59.135: Application time: 0.9417078 seconds
2024-10-07T16:15:06.440+0300: 59.135: [GC (Allocation Failure) 2024-10-07T16:15:06.440+0300: 59.135: [ParNew: 281201K->1497K(314560K), 0.0011273 secs] 285260K->5556K(1013632K), 0.0011948 secs] [Times: user=0.00 sys=0.00, real=0.00 secs] 
2024-10-07T16:15:06.441+0300: 59.137: Total time for which application threads were stopped: 0.0014227 seconds, Stopping threads took: 0.0001085 seconds
2024-10-07T16:15:07.413+0300: 60.119: Application time: 0.9824415 seconds
2024-10-07T16:15:07.413+0300: 60.119: [GC (Allocation Failure) 2024-10-07T16:15:07.413+0300: 60.119: [ParNew: 281113K->1487K(314560K), 0.0015113 secs] 285172K->5547K(1013632K), 0.0015689 secs] [Times: user=0.00 sys=0.00, real=0.00 secs] 
2024-10-07T16:15:07.413+0300: 60.121: Total time for which application threads were stopped: 0.0018115 seconds, Stopping threads took: 0.0001295 seconds
2024-10-07T16:15:08.354+0300: 61.061: Application time: 0.9404365 seconds
2024-10-07T16:15:08.354+0300: 61.062: [GC (Allocation Failure) 2024-10-07T16:15:08.354+0300: 61.062: [ParNew: 281103K->1578K(314560K), 0.0011971 secs] 285163K->5638K(1013632K), 0.0012609 secs] [Times: user=0.00 sys=0.00, real=0.00 secs] 
2024-10-07T16:15:08.354+0300: 61.063: Total time for which application threads were stopped: 0.0015448 seconds, Stopping threads took: 0.0001594 seconds
2024-10-07T16:15:09.296+0300: 62.004: Application time: 0.9406948 seconds
2024-10-07T16:15:09.296+0300: 62.004: [GC (Allocation Failure) 2024-10-07T16:15:09.296+0300: 62.004: [ParNew: 281194K->1490K(314560K), 0.0011050 secs] 285254K->5551K(1013632K), 0.0011582 secs] [Times: user=0.00 sys=0.00, real=0.00 secs] 
2024-10-07T16:15:09.296+0300: 62.005: Total time for which application threads were stopped: 0.0014061 seconds, Stopping threads took: 0.0001577 seconds
2024-10-07T16:15:10.221+0300: 62.923: Application time: 0.9177773 seconds
2024-10-07T16:15:10.221+0300: 62.923: [GC (Allocation Failure) 2024-10-07T16:15:10.221+0300: 62.923: [ParNew: 281106K->1584K(314560K), 0.0012056 secs] 285167K->5645K(1013632K), 0.0012835 secs] [Times: user=0.02 sys=0.00, real=0.00 secs] 
2024-10-07T16:15:10.221+0300: 62.924: Total time for which application threads were stopped: 0.0015478 seconds, Stopping threads took: 0.0001496 seconds
2024-10-07T16:15:11.147+0300: 63.846: Application time: 0.9216884 seconds
2024-10-07T16:15:11.147+0300: 63.846: [GC (Allocation Failure) 2024-10-07T16:15:11.147+0300: 63.846: [ParNew: 281200K->1586K(314560K), 0.0011663 secs] 285261K->5647K(1013632K), 0.0012289 secs] [Times: user=0.01 sys=0.00, real=0.00 secs] 
2024-10-07T16:15:11.147+0300: 63.847: Total time for which application threads were stopped: 0.0014907 seconds, Stopping threads took: 0.0001616 seconds
2024-10-07T16:15:12.057+0300: 64.766: Application time: 0.9185848 seconds
2024-10-07T16:15:12.057+0300: 64.766: [GC (Allocation Failure) 2024-10-07T16:15:12.057+0300: 64.766: [ParNew: 281202K->1546K(314560K), 0.0013458 secs] 285263K->5608K(1013632K), 0.0014063 secs] [Times: user=0.02 sys=0.00, real=0.02 secs] 
2024-10-07T16:15:12.073+0300: 64.768: Total time for which application threads were stopped: 0.0016338 seconds, Stopping threads took: 0.0001141 seconds
2024-10-07T16:15:12.998+0300: 65.701: Application time: 0.9336980 seconds
2024-10-07T16:15:12.998+0300: 65.702: [GC (Allocation Failure) 2024-10-07T16:15:12.998+0300: 65.702: [ParNew: 281162K->1600K(314560K), 0.0011087 secs] 285224K->5663K(1013632K), 0.0011652 secs] [Times: user=0.00 sys=0.00, real=0.00 secs] 
2024-10-07T16:15:12.998+0300: 65.703: Total time for which application threads were stopped: 0.0014160 seconds, Stopping threads took: 0.0001536 seconds
2024-10-07T16:15:13.955+0300: 66.657: Application time: 0.9546723 seconds
2024-10-07T16:15:13.955+0300: 66.658: [GC (Allocation Failure) 2024-10-07T16:15:13.955+0300: 66.658: [ParNew: 281216K->1567K(314560K), 0.0011458 secs] 285279K->5629K(1013632K), 0.0012171 secs] [Times: user=0.00 sys=0.00, real=0.00 secs] 
2024-10-07T16:15:13.955+0300: 66.659: Total time for which application threads were stopped: 0.0015344 seconds, Stopping threads took: 0.0001744 seconds
2024-10-07T16:15:14.927+0300: 67.628: Application time: 0.9687975 seconds
2024-10-07T16:15:14.927+0300: 67.628: [GC (Allocation Failure) 2024-10-07T16:15:14.927+0300: 67.628: [ParNew: 281183K->1607K(314560K), 0.0012884 secs] 285245K->5670K(1013632K), 0.0013434 secs] [Times: user=0.00 sys=0.00, real=0.00 secs] 
2024-10-07T16:15:14.927+0300: 67.629: Total time for which application threads were stopped: 0.0015805 seconds, Stopping threads took: 0.0001454 seconds
2024-10-07T16:15:15.868+0300: 68.571: Application time: 0.9419283 seconds
2024-10-07T16:15:15.868+0300: 68.572: [GC (Allocation Failure) 2024-10-07T16:15:15.868+0300: 68.572: [ParNew: 281223K->1547K(314560K), 0.0011575 secs] 285286K->5610K(1013632K), 0.0012121 secs] [Times: user=0.00 sys=0.00, real=0.00 secs] 
2024-10-07T16:15:15.868+0300: 68.573: Total time for which application threads were stopped: 0.0014629 seconds, Stopping threads took: 0.0001571 seconds
2024-10-07T16:15:16.809+0300: 69.512: Application time: 0.9396213 seconds
2024-10-07T16:15:16.809+0300: 69.513: [GC (Allocation Failure) 2024-10-07T16:15:16.809+0300: 69.513: [ParNew: 281163K->1576K(314560K), 0.0011399 secs] 285226K->5640K(1013632K), 0.0012002 secs] [Times: user=0.00 sys=0.00, real=0.00 secs] 
2024-10-07T16:15:16.809+0300: 69.514: Total time for which application threads were stopped: 0.0014876 seconds, Stopping threads took: 0.0001644 seconds
2024-10-07T16:15:17.734+0300: 70.432: Application time: 0.9178469 seconds
2024-10-07T16:15:17.734+0300: 70.432: [GC (Allocation Failure) 2024-10-07T16:15:17.734+0300: 70.432: [ParNew: 281192K->1584K(314560K), 0.0010879 secs] 285256K->5648K(1013632K), 0.0011759 secs] [Times: user=0.00 sys=0.00, real=0.00 secs] 
2024-10-07T16:15:17.734+0300: 70.433: Total time for which application threads were stopped: 0.0014609 seconds, Stopping threads took: 0.0001631 seconds
2024-10-07T16:15:18.644+0300: 71.352: Application time: 0.9183318 seconds
2024-10-07T16:15:18.644+0300: 71.352: [GC (Allocation Failure) 2024-10-07T16:15:18.644+0300: 71.352: [ParNew: 281200K->1778K(314560K), 0.0013101 secs] 285264K->5844K(1013632K), 0.0013638 secs] [Times: user=0.00 sys=0.00, real=0.00 secs] 
2024-10-07T16:15:18.644+0300: 71.353: Total time for which application threads were stopped: 0.0016119 seconds, Stopping threads took: 0.0001486 seconds
2024-10-07T16:15:19.569+0300: 72.280: Application time: 0.9264472 seconds
2024-10-07T16:15:19.585+0300: 72.280: [GC (Allocation Failure) 2024-10-07T16:15:19.585+0300: 72.280: [ParNew: 281394K->1481K(314560K), 0.0011577 secs] 285460K->5546K(1013632K), 0.0012360 secs] [Times: user=0.00 sys=0.00, real=0.00 secs] 
2024-10-07T16:15:19.585+0300: 72.281: Total time for which application threads were stopped: 0.0015167 seconds, Stopping threads took: 0.0001710 seconds
2024-10-07T16:15:20.511+0300: 73.210: Application time: 0.9290382 seconds
2024-10-07T16:15:20.511+0300: 73.210: [GC (Allocation Failure) 2024-10-07T16:15:20.511+0300: 73.210: [ParNew: 281097K->1485K(314560K), 0.0013153 secs] 285162K->5550K(1013632K), 0.0013760 secs] [Times: user=0.00 sys=0.00, real=0.00 secs] 
2024-10-07T16:15:20.511+0300: 73.212: Total time for which application threads were stopped: 0.0016415 seconds, Stopping threads took: 0.0001691 seconds
2024-10-07T16:15:21.468+0300: 74.175: Application time: 0.9635659 seconds
2024-10-07T16:15:21.468+0300: 74.176: [GC (Allocation Failure) 2024-10-07T16:15:21.468+0300: 74.176: [ParNew: 281101K->1302K(314560K), 0.0011184 secs] 285166K->5367K(1013632K), 0.0011906 secs] [Times: user=0.00 sys=0.00, real=0.00 secs] 
2024-10-07T16:15:21.468+0300: 74.177: Total time for which application threads were stopped: 0.0014846 seconds, Stopping threads took: 0.0001750 seconds
2024-10-07T16:15:22.440+0300: 75.135: Application time: 0.9585705 seconds
2024-10-07T16:15:22.440+0300: 75.136: [GC (Allocation Failure) 2024-10-07T16:15:22.440+0300: 75.136: [ParNew: 280918K->1589K(314560K), 0.0011012 secs] 284983K->5655K(1013632K), 0.0011663 secs] [Times: user=0.00 sys=0.00, real=0.00 secs] 
2024-10-07T16:15:22.440+0300: 75.137: Total time for which application threads were stopped: 0.0014190 seconds, Stopping threads took: 0.0001566 seconds
2024-10-07T16:15:23.382+0300: 76.084: Application time: 0.9467805 seconds
2024-10-07T16:15:23.382+0300: 76.084: [GC (Allocation Failure) 2024-10-07T16:15:23.382+0300: 76.084: [ParNew: 281205K->1588K(314560K), 0.0011393 secs] 285271K->5655K(1013632K), 0.0012082 secs] [Times: user=0.00 sys=0.00, real=0.00 secs] 
2024-10-07T16:15:23.382+0300: 76.085: Total time for which application threads were stopped: 0.0015287 seconds, Stopping threads took: 0.0002072 seconds
2024-10-07T16:15:24.313+0300: 77.012: Application time: 0.9263727 seconds
2024-10-07T16:15:24.313+0300: 77.012: [GC (Allocation Failure) 2024-10-07T16:15:24.313+0300: 77.012: [ParNew: 281204K->1671K(314560K), 0.0011644 secs] 285271K->5738K(1013632K), 0.0012241 secs] [Times: user=0.00 sys=0.00, real=0.00 secs] 
2024-10-07T16:15:24.313+0300: 77.013: Total time for which application threads were stopped: 0.0014698 seconds, Stopping threads took: 0.0001484 seconds
2024-10-07T16:15:25.234+0300: 77.932: Application time: 0.9193939 seconds
2024-10-07T16:15:25.234+0300: 77.933: [GC (Allocation Failure) 2024-10-07T16:15:25.234+0300: 77.933: [ParNew: 281287K->1585K(314560K), 0.0011723 secs] 285354K->5653K(1013632K), 0.0012275 secs] [Times: user=0.00 sys=0.00, real=0.00 secs] 
2024-10-07T16:15:25.234+0300: 77.934: Total time for which application threads were stopped: 0.0014584 seconds, Stopping threads took: 0.0001310 seconds
2024-10-07T16:15:26.144+0300: 78.849: Application time: 0.9151332 seconds
2024-10-07T16:15:26.144+0300: 78.849: [GC (Allocation Failure) 2024-10-07T16:15:26.144+0300: 78.849: [ParNew: 281201K->1674K(314560K), 0.0011613 secs] 285269K->5742K(1013632K), 0.0012234 secs] [Times: user=0.00 sys=0.00, real=0.00 secs] 
2024-10-07T16:15:26.144+0300: 78.850: Total time for which application threads were stopped: 0.0014657 seconds, Stopping threads took: 0.0001413 seconds
2024-10-07T16:15:27.070+0300: 79.770: Application time: 0.9191940 seconds
2024-10-07T16:15:27.070+0300: 79.770: [GC (Allocation Failure) 2024-10-07T16:15:27.070+0300: 79.770: [ParNew: 281290K->1673K(314560K), 0.0011150 secs] 285358K->5741K(1013632K), 0.0011752 secs] [Times: user=0.00 sys=0.00, real=0.00 secs] 
2024-10-07T16:15:27.070+0300: 79.771: Total time for which application threads were stopped: 0.0014291 seconds, Stopping threads took: 0.0001548 seconds
2024-10-07T16:15:27.995+0300: 80.692: Application time: 0.9211795 seconds
2024-10-07T16:15:27.995+0300: 80.693: [GC (Allocation Failure) 2024-10-07T16:15:27.995+0300: 80.693: [ParNew: 281289K->1497K(314560K), 0.0011559 secs] 285357K->5566K(1013632K), 0.0012198 secs] [Times: user=0.00 sys=0.00, real=0.00 secs] 
2024-10-07T16:15:27.995+0300: 80.694: Total time for which application threads were stopped: 0.0015056 seconds, Stopping threads took: 0.0001764 seconds
2024-10-07T16:15:28.968+0300: 81.667: Application time: 0.9732995 seconds
2024-10-07T16:15:28.968+0300: 81.667: [GC (Allocation Failure) 2024-10-07T16:15:28.968+0300: 81.667: [ParNew: 281113K->1456K(314560K), 0.0010727 secs] 285182K->5525K(1013632K), 0.0011280 secs] [Times: user=0.00 sys=0.00, real=0.00 secs] 
2024-10-07T16:15:28.968+0300: 81.668: Total time for which application threads were stopped: 0.0013689 seconds, Stopping threads took: 0.0001418 seconds
2024-10-07T16:15:29.909+0300: 82.613: Application time: 0.9449098 seconds
2024-10-07T16:15:29.909+0300: 82.614: [GC (Allocation Failure) 2024-10-07T16:15:29.909+0300: 82.614: [ParNew: 281072K->1576K(314560K), 0.0011252 secs] 285141K->5645K(1013632K), 0.0011845 secs] [Times: user=0.00 sys=0.00, real=0.00 secs] 
2024-10-07T16:15:29.909+0300: 82.615: Total time for which application threads were stopped: 0.0014131 seconds, Stopping threads took: 0.0001318 seconds
2024-10-07T16:15:30.866+0300: 83.571: Application time: 0.9565013 seconds
2024-10-07T16:15:30.866+0300: 83.572: [GC (Allocation Failure) 2024-10-07T16:15:30.866+0300: 83.572: [ParNew: 281192K->1686K(314560K), 0.0013879 secs] 285261K->5756K(1013632K), 0.0014643 secs] [Times: user=0.00 sys=0.00, real=0.00 secs] 
2024-10-07T16:15:30.866+0300: 83.573: Total time for which application threads were stopped: 0.0017456 seconds, Stopping threads took: 0.0001515 seconds
2024-10-07T16:15:31.791+0300: 84.493: Application time: 0.9199228 seconds
2024-10-07T16:15:31.791+0300: 84.493: [GC (Allocation Failure) 2024-10-07T16:15:31.791+0300: 84.493: [ParNew: 281302K->1497K(314560K), 0.0011294 secs] 285372K->5567K(1013632K), 0.0011952 secs] [Times: user=0.00 sys=0.00, real=0.00 secs] 
2024-10-07T16:15:31.791+0300: 84.494: Total time for which application threads were stopped: 0.0014350 seconds, Stopping threads took: 0.0001375 seconds
2024-10-07T16:15:32.729+0300: 85.424: Application time: 0.9292775 seconds
2024-10-07T16:15:32.729+0300: 85.424: [GC (Allocation Failure) 2024-10-07T16:15:32.729+0300: 85.424: [ParNew: 281113K->1486K(314560K), 0.0011615 secs] 285183K->5557K(1013632K), 0.0012478 secs] [Times: user=0.00 sys=0.00, real=0.00 secs] 
2024-10-07T16:15:32.729+0300: 85.425: Total time for which application threads were stopped: 0.0015173 seconds, Stopping threads took: 0.0001456 seconds
2024-10-07T16:15:33.657+0300: 86.353: Application time: 0.9274414 seconds
2024-10-07T16:15:33.657+0300: 86.353: [GC (Allocation Failure) 2024-10-07T16:15:33.657+0300: 86.353: [ParNew: 281102K->1546K(314560K), 0.0011828 secs] 285173K->5617K(1013632K), 0.0012690 secs] [Times: user=0.00 sys=0.00, real=0.00 secs] 
2024-10-07T16:15:33.657+0300: 86.354: Total time for which application threads were stopped: 0.0016021 seconds, Stopping threads took: 0.0001657 seconds
2024-10-07T16:15:34.583+0300: 87.286: Application time: 0.9317087 seconds
2024-10-07T16:15:34.583+0300: 87.286: [GC (Allocation Failure) 2024-10-07T16:15:34.583+0300: 87.286: [ParNew: 281162K->1536K(314560K), 0.0012959 secs] 285233K->5607K(1013632K), 0.0013839 secs] [Times: user=0.00 sys=0.00, real=0.00 secs] 
2024-10-07T16:15:34.583+0300: 87.288: Total time for which application threads were stopped: 0.0016775 seconds, Stopping threads took: 0.0001620 seconds
2024-10-07T16:15:35.525+0300: 88.220: Application time: 0.9321398 seconds
2024-10-07T16:15:35.525+0300: 88.220: [GC (Allocation Failure) 2024-10-07T16:15:35.525+0300: 88.220: [ParNew: 281152K->1635K(314560K), 0.0013708 secs] 285223K->5707K(1013632K), 0.0014430 secs] [Times: user=0.00 sys=0.00, real=0.00 secs] 
2024-10-07T16:15:35.525+0300: 88.221: Total time for which application threads were stopped: 0.0016831 seconds, Stopping threads took: 0.0001367 seconds
2024-10-07T16:15:36.497+0300: 89.196: Application time: 0.9745042 seconds
2024-10-07T16:15:36.497+0300: 89.196: [GC (Allocation Failure) 2024-10-07T16:15:36.497+0300: 89.196: [ParNew: 281251K->1657K(314560K), 0.0011481 secs] 285323K->5729K(1013632K), 0.0012234 secs] [Times: user=0.00 sys=0.00, real=0.00 secs] 
2024-10-07T16:15:36.497+0300: 89.197: Total time for which application threads were stopped: 0.0015311 seconds, Stopping threads took: 0.0001750 seconds
2024-10-07T16:15:37.454+0300: 90.151: Application time: 0.9536809 seconds
2024-10-07T16:15:37.454+0300: 90.151: [GC (Allocation Failure) 2024-10-07T16:15:37.454+0300: 90.151: [ParNew: 281273K->1493K(314560K), 0.0012185 secs] 285345K->5565K(1013632K), 0.0013016 secs] [Times: user=0.00 sys=0.00, real=0.00 secs] 
2024-10-07T16:15:37.454+0300: 90.153: Total time for which application threads were stopped: 0.0015622 seconds, Stopping threads took: 0.0001156 seconds
2024-10-07T16:15:38.403+0300: 91.098: Application time: 0.9456667 seconds
2024-10-07T16:15:38.403+0300: 91.099: [GC (Allocation Failure) 2024-10-07T16:15:38.403+0300: 91.099: [ParNew: 281109K->1563K(314560K), 0.0011442 secs] 285181K->5636K(1013632K), 0.0012126 secs] [Times: user=0.00 sys=0.00, real=0.00 secs] 
2024-10-07T16:15:38.404+0300: 91.100: Total time for which application threads were stopped: 0.0014859 seconds, Stopping threads took: 0.0001538 seconds
2024-10-07T16:15:39.321+0300: 92.020: Application time: 0.9200678 seconds
2024-10-07T16:15:39.321+0300: 92.020: [GC (Allocation Failure) 2024-10-07T16:15:39.321+0300: 92.020: [ParNew: 281179K->1677K(314560K), 0.0013009 secs] 285252K->5750K(1013632K), 0.0013618 secs] [Times: user=0.00 sys=0.00, real=0.00 secs] 
2024-10-07T16:15:39.321+0300: 92.022: Total time for which application threads were stopped: 0.0016617 seconds, Stopping threads took: 0.0001777 seconds
2024-10-07T16:15:40.248+0300: 92.945: Application time: 0.9235259 seconds
2024-10-07T16:15:40.248+0300: 92.945: [GC (Allocation Failure) 2024-10-07T16:15:40.248+0300: 92.945: [ParNew: 281293K->1533K(314560K), 0.0014210 secs] 285366K->5607K(1013632K), 0.0014852 secs] [Times: user=0.00 sys=0.00, real=0.00 secs] 
2024-10-07T16:15:40.248+0300: 92.947: Total time for which application threads were stopped: 0.0017809 seconds, Stopping threads took: 0.0001794 seconds
2024-10-07T16:15:41.173+0300: 93.872: Application time: 0.9255085 seconds
2024-10-07T16:15:41.173+0300: 93.873: [GC (Allocation Failure) 2024-10-07T16:15:41.173+0300: 93.873: [ParNew: 281149K->1661K(314560K), 0.0011567 secs] 285223K->5735K(1013632K), 0.0012371 secs] [Times: user=0.00 sys=0.00, real=0.00 secs] 
2024-10-07T16:15:41.173+0300: 93.874: Total time for which application threads were stopped: 0.0015311 seconds, Stopping threads took: 0.0001660 seconds
2024-10-07T16:15:42.098+0300: 94.803: Application time: 0.9287234 seconds
2024-10-07T16:15:42.098+0300: 94.803: [GC (Allocation Failure) 2024-10-07T16:15:42.098+0300: 94.803: [ParNew: 281277K->1582K(314560K), 0.0011801 secs] 285351K->5656K(1013632K), 0.0012511 secs] [Times: user=0.00 sys=0.00, real=0.00 secs] 
2024-10-07T16:15:42.098+0300: 94.804: Total time for which application threads were stopped: 0.0015286 seconds, Stopping threads took: 0.0001657 seconds
2024-10-07T16:15:43.055+0300: 95.758: Application time: 0.9536545 seconds
2024-10-07T16:15:43.055+0300: 95.758: [GC (Allocation Failure) 2024-10-07T16:15:43.055+0300: 95.758: [ParNew: 281198K->1583K(314560K), 0.0014877 secs] 285272K->5658K(1013632K), 0.0015564 secs] [Times: user=0.00 sys=0.00, real=0.00 secs] 
2024-10-07T16:15:43.055+0300: 95.760: Total time for which application threads were stopped: 0.0018489 seconds, Stopping threads took: 0.0001730 seconds
2024-10-07T16:15:44.028+0300: 96.727: Application time: 0.9670358 seconds
2024-10-07T16:15:44.028+0300: 96.727: [GC (Allocation Failure) 2024-10-07T16:15:44.028+0300: 96.727: [ParNew: 281199K->1666K(314560K), 0.0011741 secs] 285274K->5741K(1013632K), 0.0012797 secs] [Times: user=0.00 sys=0.00, real=0.00 secs] 
2024-10-07T16:15:44.028+0300: 96.728: Total time for which application threads were stopped: 0.0015820 seconds, Stopping threads took: 0.0001612 seconds
2024-10-07T16:15:44.984+0300: 97.683: Application time: 0.9549303 seconds
2024-10-07T16:15:44.984+0300: 97.684: [GC (Allocation Failure) 2024-10-07T16:15:44.984+0300: 97.684: [ParNew: 281282K->1681K(314560K), 0.0013491 secs] 285357K->5757K(1013632K), 0.0014319 secs] [Times: user=0.03 sys=0.00, real=0.00 secs] 
2024-10-07T16:15:44.984+0300: 97.685: Total time for which application threads were stopped: 0.0017312 seconds, Stopping threads took: 0.0001797 seconds
2024-10-07T16:15:45.910+0300: 98.615: Application time: 0.9300617 seconds
2024-10-07T16:15:45.910+0300: 98.615: [GC (Allocation Failure) 2024-10-07T16:15:45.910+0300: 98.615: [ParNew: 281297K->1479K(314560K), 0.0011477 secs] 285373K->5555K(1013632K), 0.0012411 secs] [Times: user=0.00 sys=0.00, real=0.00 secs] 
2024-10-07T16:15:45.910+0300: 98.617: Total time for which application threads were stopped: 0.0015734 seconds, Stopping threads took: 0.0001929 seconds
2024-10-07T16:15:46.835+0300: 99.535: Application time: 0.9184123 seconds
2024-10-07T16:15:46.835+0300: 99.535: [GC (Allocation Failure) 2024-10-07T16:15:46.835+0300: 99.535: [ParNew: 281095K->1405K(314560K), 0.0014601 secs] 285171K->5482K(1013632K), 0.0015330 secs] [Times: user=0.00 sys=0.00, real=0.00 secs] 
2024-10-07T16:15:46.835+0300: 99.537: Total time for which application threads were stopped: 0.0017499 seconds, Stopping threads took: 0.0000869 seconds
2024-10-07T16:15:47.761+0300: 100.461: Application time: 0.9238849 seconds
2024-10-07T16:15:47.761+0300: 100.461: [GC (Allocation Failure) 2024-10-07T16:15:47.761+0300: 100.461: [ParNew: 281021K->1569K(314560K), 0.0012822 secs] 285098K->5645K(1013632K), 0.0013644 secs] [Times: user=0.00 sys=0.00, real=0.00 secs] 
2024-10-07T16:15:47.761+0300: 100.462: Total time for which application threads were stopped: 0.0016851 seconds, Stopping threads took: 0.0001869 seconds
2024-10-07T16:15:48.687+0300: 101.393: Application time: 0.9309699 seconds
2024-10-07T16:15:48.687+0300: 101.394: [GC (Allocation Failure) 2024-10-07T16:15:48.687+0300: 101.394: [ParNew: 281185K->1603K(314560K), 0.0012560 secs] 285261K->5680K(1013632K), 0.0013214 secs] [Times: user=0.00 sys=0.00, real=0.00 secs] 
2024-10-07T16:15:48.687+0300: 101.395: Total time for which application threads were stopped: 0.0016001 seconds, Stopping threads took: 0.0001718 seconds
2024-10-07T16:15:49.613+0300: 102.323: Application time: 0.9283705 seconds
2024-10-07T16:15:49.629+0300: 102.324: [GC (Allocation Failure) 2024-10-07T16:15:49.629+0300: 102.324: [ParNew: 281217K->1573K(314560K), 0.0013251 secs] 285294K->5651K(1013632K), 0.0014093 secs] [Times: user=0.00 sys=0.00, real=0.00 secs] 
2024-10-07T16:15:49.629+0300: 102.325: Total time for which application threads were stopped: 0.0017241 seconds, Stopping threads took: 0.0001865 seconds
2024-10-07T16:15:50.570+0300: 103.276: Application time: 0.9509320 seconds
2024-10-07T16:15:50.570+0300: 103.276: [GC (Allocation Failure) 2024-10-07T16:15:50.570+0300: 103.276: [ParNew: 281189K->1529K(314560K), 0.0011370 secs] 285267K->5606K(1013632K), 0.0012197 secs] [Times: user=0.00 sys=0.00, real=0.00 secs] 
2024-10-07T16:15:50.570+0300: 103.278: Total time for which application threads were stopped: 0.0015682 seconds, Stopping threads took: 0.0002321 seconds
2024-10-07T16:15:51.543+0300: 104.251: Application time: 0.9735065 seconds
2024-10-07T16:15:51.543+0300: 104.251: [GC (Allocation Failure) 2024-10-07T16:15:51.543+0300: 104.251: [ParNew: 281145K->1603K(314560K), 0.0012482 secs] 285222K->5681K(1013632K), 0.0013059 secs] [Times: user=0.00 sys=0.00, real=0.00 secs] 
2024-10-07T16:15:51.543+0300: 104.253: Total time for which application threads were stopped: 0.0015722 seconds, Stopping threads took: 0.0001650 seconds
2024-10-07T16:15:52.500+0300: 105.208: Application time: 0.9549343 seconds
2024-10-07T16:15:52.500+0300: 105.208: [GC (Allocation Failure) 2024-10-07T16:15:52.500+0300: 105.208: [ParNew: 281219K->1623K(314560K), 0.0012280 secs] 285297K->5701K(1013632K), 0.0013055 secs] [Times: user=0.00 sys=0.00, real=0.00 secs] 
2024-10-07T16:15:52.500+0300: 105.209: Total time for which application threads were stopped: 0.0015255 seconds, Stopping threads took: 0.0000893 seconds
2024-10-07T16:15:53.426+0300: 106.127: Application time: 0.9176751 seconds
2024-10-07T16:15:53.426+0300: 106.127: [GC (Allocation Failure) 2024-10-07T16:15:53.426+0300: 106.127: [ParNew: 281239K->1574K(314560K), 0.0011807 secs] 285317K->5653K(1013632K), 0.0012629 secs] [Times: user=0.00 sys=0.00, real=0.00 secs] 
2024-10-07T16:15:53.426+0300: 106.128: Total time for which application threads were stopped: 0.0015883 seconds, Stopping threads took: 0.0001781 seconds
2024-10-07T16:15:54.351+0300: 107.051: Application time: 0.9223173 seconds
2024-10-07T16:15:54.351+0300: 107.051: [GC (Allocation Failure) 2024-10-07T16:15:54.351+0300: 107.051: [ParNew: 281190K->1495K(314560K), 0.0011263 secs] 285269K->5574K(1013632K), 0.0012032 secs] [Times: user=0.00 sys=0.00, real=0.00 secs] 
2024-10-07T16:15:54.351+0300: 107.052: Total time for which application threads were stopped: 0.0014989 seconds, Stopping threads took: 0.0001690 seconds
2024-10-07T16:15:55.292+0300: 107.987: Application time: 0.9349983 seconds
2024-10-07T16:15:55.292+0300: 107.988: [GC (Allocation Failure) 2024-10-07T16:15:55.292+0300: 107.988: [ParNew: 281111K->1497K(314560K), 0.0011363 secs] 285190K->5577K(1013632K), 0.0012243 secs] [Times: user=0.00 sys=0.00, real=0.00 secs] 
2024-10-07T16:15:55.292+0300: 107.989: Total time for which application threads were stopped: 0.0015591 seconds, Stopping threads took: 0.0002084 seconds
2024-10-07T16:15:56.219+0300: 108.929: Application time: 0.9398007 seconds
2024-10-07T16:15:56.219+0300: 108.929: [GC (Allocation Failure) 2024-10-07T16:15:56.234+0300: 108.929: [ParNew: 281113K->1497K(314560K), 0.0011645 secs] 285193K->5577K(1013632K), 0.0013549 secs] [Times: user=0.00 sys=0.00, real=0.01 secs] 
2024-10-07T16:15:56.234+0300: 108.930: Total time for which application threads were stopped: 0.0016489 seconds, Stopping threads took: 0.0001605 seconds
2024-10-07T16:15:57.160+0300: 109.860: Application time: 0.9294591 seconds
2024-10-07T16:15:57.160+0300: 109.860: [GC (Allocation Failure) 2024-10-07T16:15:57.160+0300: 109.862: [ParNew: 281113K->1762K(314560K), 0.0010836 secs] 285193K->5842K(1013632K), 0.0032752 secs] [Times: user=0.00 sys=0.00, real=0.00 secs] 
2024-10-07T16:15:57.160+0300: 109.863: Total time for which application threads were stopped: 0.0035637 seconds, Stopping threads took: 0.0001858 seconds
2024-10-07T16:15:58.118+0300: 110.822: Application time: 0.9591506 seconds
2024-10-07T16:15:58.118+0300: 110.823: [GC (Allocation Failure) 2024-10-07T16:15:58.118+0300: 110.823: [ParNew: 281378K->1460K(314560K), 0.0010875 secs] 285458K->5541K(1013632K), 0.0011431 secs] [Times: user=0.00 sys=0.00, real=0.00 secs] 
2024-10-07T16:15:58.118+0300: 110.824: Total time for which application threads were stopped: 0.0013846 seconds, Stopping threads took: 0.0001486 seconds
2024-10-07T16:15:59.078+0300: 111.784: Application time: 0.9605697 seconds
2024-10-07T16:15:59.078+0300: 111.785: [GC (Allocation Failure) 2024-10-07T16:15:59.078+0300: 111.785: [ParNew: 281076K->1454K(314560K), 0.0012034 secs] 285157K->5534K(1013632K), 0.0012781 secs] [Times: user=0.02 sys=0.00, real=0.01 secs] 
2024-10-07T16:15:59.091+0300: 111.786: Total time for which application threads were stopped: 0.0015878 seconds, Stopping threads took: 0.0001998 seconds
2024-10-07T16:16:00.048+0300: 112.743: Application time: 0.9568257 seconds
2024-10-07T16:16:00.048+0300: 112.743: [GC (Allocation Failure) 2024-10-07T16:16:00.048+0300: 112.743: [ParNew: 281070K->1596K(314560K), 0.0011903 secs] 285150K->5677K(1013632K), 0.0012840 secs] [Times: user=0.00 sys=0.00, real=0.00 secs] 
2024-10-07T16:16:00.048+0300: 112.744: Total time for which application threads were stopped: 0.0015449 seconds, Stopping threads took: 0.0001145 seconds
2024-10-07T16:16:00.958+0300: 113.662: Application time: 0.9174344 seconds
2024-10-07T16:16:00.958+0300: 113.662: [GC (Allocation Failure) 2024-10-07T16:16:00.958+0300: 113.662: [ParNew: 281212K->1590K(314560K), 0.0011101 secs] 285293K->5672K(1013632K), 0.0011752 secs] [Times: user=0.00 sys=0.00, real=0.00 secs] 
2024-10-07T16:16:00.958+0300: 113.663: Total time for which application threads were stopped: 0.0014510 seconds, Stopping threads took: 0.0001629 seconds
2024-10-07T16:16:01.884+0300: 114.587: Application time: 0.9241438 seconds
2024-10-07T16:16:01.884+0300: 114.588: [GC (Allocation Failure) 2024-10-07T16:16:01.884+0300: 114.588: [ParNew: 281206K->1587K(314560K), 0.0011815 secs] 285288K->5669K(1013632K), 0.0012484 secs] [Times: user=0.00 sys=0.00, real=0.00 secs] 
2024-10-07T16:16:01.884+0300: 114.589: Total time for which application threads were stopped: 0.0015055 seconds, Stopping threads took: 0.0001500 seconds
2024-10-07T16:16:02.810+0300: 115.510: Application time: 0.9214424 seconds
2024-10-07T16:16:02.810+0300: 115.511: [GC (Allocation Failure) 2024-10-07T16:16:02.810+0300: 115.511: [ParNew: 281203K->1586K(314560K), 0.0011968 secs] 285285K->5669K(1013632K), 0.0012693 secs] [Times: user=0.00 sys=0.00, real=0.00 secs] 
2024-10-07T16:16:02.810+0300: 115.512: Total time for which application threads were stopped: 0.0015559 seconds, Stopping threads took: 0.0001596 seconds
2024-10-07T16:16:03.752+0300: 116.449: Application time: 0.9369069 seconds
2024-10-07T16:16:03.752+0300: 116.449: [GC (Allocation Failure) 2024-10-07T16:16:03.752+0300: 116.449: [ParNew: 281202K->1673K(314560K), 0.0012697 secs] 285285K->5756K(1013632K), 0.0013319 secs] [Times: user=0.00 sys=0.00, real=0.00 secs] 
2024-10-07T16:16:03.752+0300: 116.450: Total time for which application threads were stopped: 0.0016272 seconds, Stopping threads took: 0.0001821 seconds
2024-10-07T16:16:04.694+0300: 117.389: Application time: 0.9383348 seconds
2024-10-07T16:16:04.694+0300: 117.389: [GC (Allocation Failure) 2024-10-07T16:16:04.694+0300: 117.389: [ParNew: 281289K->1762K(314560K), 0.0016312 secs] 285372K->5845K(1013632K), 0.0017302 secs] [Times: user=0.00 sys=0.00, real=0.00 secs] 
2024-10-07T16:16:04.694+0300: 117.391: Total time for which application threads were stopped: 0.0020356 seconds, Stopping threads took: 0.0001768 seconds
2024-10-07T16:16:05.651+0300: 118.360: Application time: 0.9689337 seconds
2024-10-07T16:16:05.651+0300: 118.360: [GC (Allocation Failure) 2024-10-07T16:16:05.651+0300: 118.360: [ParNew: 281378K->1496K(314560K), 0.0014288 secs] 285461K->5580K(1013632K), 0.0015063 secs] [Times: user=0.03 sys=0.00, real=0.02 secs] 
2024-10-07T16:16:05.667+0300: 118.362: Total time for which application threads were stopped: 0.0018277 seconds, Stopping threads took: 0.0001781 seconds
2024-10-07T16:16:06.624+0300: 119.319: Application time: 0.9576877 seconds
2024-10-07T16:16:06.624+0300: 119.319: [GC (Allocation Failure) 2024-10-07T16:16:06.624+0300: 119.320: [ParNew: 281112K->1563K(314560K), 0.0011634 secs] 285196K->5647K(1013632K), 0.0012286 secs] [Times: user=0.00 sys=0.00, real=0.00 secs] 
2024-10-07T16:16:06.624+0300: 119.321: Total time for which application threads were stopped: 0.0014977 seconds, Stopping threads took: 0.0001610 seconds
2024-10-07T16:16:07.566+0300: 120.271: Application time: 0.9504024 seconds
2024-10-07T16:16:07.566+0300: 120.271: [GC (Allocation Failure) 2024-10-07T16:16:07.566+0300: 120.272: [ParNew: 281179K->1606K(314560K), 0.0011530 secs] 285263K->5690K(1013632K), 0.0012268 secs] [Times: user=0.00 sys=0.00, real=0.00 secs] 
2024-10-07T16:16:07.566+0300: 120.273: Total time for which application threads were stopped: 0.0015774 seconds, Stopping threads took: 0.0002222 seconds
2024-10-07T16:16:08.508+0300: 121.203: Application time: 0.9302351 seconds
2024-10-07T16:16:08.508+0300: 121.203: [GC (Allocation Failure) 2024-10-07T16:16:08.508+0300: 121.203: [ParNew: 281222K->1528K(314560K), 0.0010275 secs] 285306K->5612K(1013632K), 0.0010847 secs] [Times: user=0.00 sys=0.00, real=0.00 secs] 
2024-10-07T16:16:08.508+0300: 121.204: Total time for which application threads were stopped: 0.0012858 seconds, Stopping threads took: 0.0001052 seconds
2024-10-07T16:16:09.418+0300: 122.120: Application time: 0.9153654 seconds
2024-10-07T16:16:09.418+0300: 122.120: [GC (Allocation Failure) 2024-10-07T16:16:09.418+0300: 122.120: [ParNew: 281144K->1658K(314560K), 0.0011608 secs] 285228K->5743K(1013632K), 0.0012328 secs] [Times: user=0.00 sys=0.00, real=0.00 secs] 
2024-10-07T16:16:09.418+0300: 122.121: Total time for which application threads were stopped: 0.0014831 seconds, Stopping threads took: 0.0001391 seconds
2024-10-07T16:16:10.359+0300: 123.054: Application time: 0.9330808 seconds
2024-10-07T16:16:10.359+0300: 123.054: [GC (Allocation Failure) 2024-10-07T16:16:10.359+0300: 123.054: [ParNew: 281274K->1494K(314560K), 0.0011419 secs] 285359K->5580K(1013632K), 0.0012076 secs] [Times: user=0.00 sys=0.00, real=0.00 secs] 
2024-10-07T16:16:10.359+0300: 123.056: Total time for which application threads were stopped: 0.0014196 seconds, Stopping threads took: 0.0001048 seconds
2024-10-07T16:16:11.299+0300: 123.993: Application time: 0.9377001 seconds
2024-10-07T16:16:11.299+0300: 123.994: [GC (Allocation Failure) 2024-10-07T16:16:11.299+0300: 123.994: [ParNew: 281110K->1584K(314560K), 0.0010696 secs] 285196K->5670K(1013632K), 0.0011263 secs] [Times: user=0.00 sys=0.00, real=0.00 secs] 
2024-10-07T16:16:11.299+0300: 123.995: Total time for which application threads were stopped: 0.0013431 seconds, Stopping threads took: 0.0001116 seconds
2024-10-07T16:16:12.258+0300: 124.955: Application time: 0.9605014 seconds
2024-10-07T16:16:12.258+0300: 124.955: [GC (Allocation Failure) 2024-10-07T16:16:12.258+0300: 124.955: [ParNew: 281200K->1407K(314560K), 0.0011079 secs] 285286K->5493K(1013632K), 0.0011795 secs] [Times: user=0.00 sys=0.00, real=0.00 secs] 
2024-10-07T16:16:12.258+0300: 124.957: Total time for which application threads were stopped: 0.0014728 seconds, Stopping threads took: 0.0001907 seconds
2024-10-07T16:16:13.202+0300: 125.899: Application time: 0.9426014 seconds
2024-10-07T16:16:13.202+0300: 125.900: [GC (Allocation Failure) 2024-10-07T16:16:13.202+0300: 125.900: [ParNew: 281023K->1646K(314560K), 0.0013576 secs] 285109K->5732K(1013632K), 0.0014366 secs] [Times: user=0.00 sys=0.00, real=0.00 secs] 
2024-10-07T16:16:13.202+0300: 125.901: Total time for which application threads were stopped: 0.0017453 seconds, Stopping threads took: 0.0001651 seconds
2024-10-07T16:16:14.173+0300: 126.872: Application time: 0.9706910 seconds
2024-10-07T16:16:14.173+0300: 126.872: [GC (Allocation Failure) 2024-10-07T16:16:14.173+0300: 126.872: [ParNew: 281262K->1466K(314560K), 0.0013116 secs] 285348K->5553K(1013632K), 0.0013870 secs] [Times: user=0.00 sys=0.00, real=0.00 secs] 
2024-10-07T16:16:14.173+0300: 126.873: Total time for which application threads were stopped: 0.0016982 seconds, Stopping threads took: 0.0001966 seconds
2024-10-07T16:16:15.114+0300: 127.814: Application time: 0.9408313 seconds
2024-10-07T16:16:15.114+0300: 127.814: [GC (Allocation Failure) 2024-10-07T16:16:15.114+0300: 127.815: [ParNew: 281082K->1518K(314560K), 0.0011064 secs] 285169K->5605K(1013632K), 0.0011700 secs] [Times: user=0.00 sys=0.00, real=0.00 secs] 
2024-10-07T16:16:15.114+0300: 127.816: Total time for which application threads were stopped: 0.0014569 seconds, Stopping threads took: 0.0001794 seconds
2024-10-07T16:16:16.040+0300: 128.738: Application time: 0.9223504 seconds
2024-10-07T16:16:16.040+0300: 128.738: [GC (Allocation Failure) 2024-10-07T16:16:16.040+0300: 128.738: [ParNew: 281134K->1552K(314560K), 0.0012371 secs] 285221K->5640K(1013632K), 0.0013044 secs] [Times: user=0.00 sys=0.00, real=0.00 secs] 
2024-10-07T16:16:16.040+0300: 128.740: Total time for which application threads were stopped: 0.0015457 seconds, Stopping threads took: 0.0001394 seconds
2024-10-07T16:16:16.965+0300: 129.663: Application time: 0.9233160 seconds
2024-10-07T16:16:16.965+0300: 129.663: [GC (Allocation Failure) 2024-10-07T16:16:16.965+0300: 129.663: [ParNew: 281168K->1545K(314560K), 0.0010379 secs] 285256K->5633K(1013632K), 0.0011121 secs] [Times: user=0.00 sys=0.00, real=0.00 secs] 
2024-10-07T16:16:16.965+0300: 129.664: Total time for which application threads were stopped: 0.0013483 seconds, Stopping threads took: 0.0001190 seconds
2024-10-07T16:16:17.890+0300: 130.587: Application time: 0.9230773 seconds
2024-10-07T16:16:17.890+0300: 130.588: [GC (Allocation Failure) 2024-10-07T16:16:17.890+0300: 130.588: [ParNew: 281161K->1376K(314560K), 0.0011317 secs] 285249K->5464K(1013632K), 0.0012120 secs] [Times: user=0.00 sys=0.00, real=0.00 secs] 
2024-10-07T16:16:17.890+0300: 130.589: Total time for which application threads were stopped: 0.0014954 seconds, Stopping threads took: 0.0001619 seconds
2024-10-07T16:16:18.815+0300: 131.516: Application time: 0.9268701 seconds
2024-10-07T16:16:18.815+0300: 131.516: [GC (Allocation Failure) 2024-10-07T16:16:18.815+0300: 131.516: [ParNew: 280992K->1501K(314560K), 0.0010897 secs] 285080K->5590K(1013632K), 0.0011803 secs] [Times: user=0.00 sys=0.02, real=0.00 secs] 
2024-10-07T16:16:18.815+0300: 131.517: Total time for which application threads were stopped: 0.0014809 seconds, Stopping threads took: 0.0001643 seconds
2024-10-07T16:16:19.771+0300: 132.477: Application time: 0.9598817 seconds
2024-10-07T16:16:19.771+0300: 132.477: [GC (Allocation Failure) 2024-10-07T16:16:19.771+0300: 132.477: [ParNew: 281117K->1674K(314560K), 0.0011078 secs] 285206K->5763K(1013632K), 0.0011874 secs] [Times: user=0.00 sys=0.00, real=0.00 secs] 
2024-10-07T16:16:19.771+0300: 132.479: Total time for which application threads were stopped: 0.0014496 seconds, Stopping threads took: 0.0001308 seconds
2024-10-07T16:16:20.728+0300: 133.431: Application time: 0.9522715 seconds
2024-10-07T16:16:20.728+0300: 133.431: [GC (Allocation Failure) 2024-10-07T16:16:20.728+0300: 133.431: [ParNew: 281290K->1510K(314560K), 0.0012303 secs] 285379K->5599K(1013632K), 0.0013265 secs] [Times: user=0.00 sys=0.00, real=0.00 secs] 
2024-10-07T16:16:20.728+0300: 133.432: Total time for which application threads were stopped: 0.0016179 seconds, Stopping threads took: 0.0001469 seconds
2024-10-07T16:16:21.858+0300: 134.555: Application time: 1.1226360 seconds
2024-10-07T16:16:21.858+0300: 134.555: [GC (Allocation Failure) 2024-10-07T16:16:21.858+0300: 134.555: [ParNew: 281126K->1543K(314560K), 0.0012549 secs] 285215K->5633K(1013632K), 0.0013297 secs] [Times: user=0.00 sys=0.00, real=0.00 secs] 
2024-10-07T16:16:21.858+0300: 134.557: Total time for which application threads were stopped: 0.0016006 seconds, Stopping threads took: 0.0001579 seconds
2024-10-07T16:16:22.799+0300: 135.497: Application time: 0.9403888 seconds
2024-10-07T16:16:22.799+0300: 135.497: [GC (Allocation Failure) 2024-10-07T16:16:22.799+0300: 135.497: [ParNew: 281159K->1543K(314560K), 0.0011740 secs] 285249K->5633K(1013632K), 0.0012325 secs] [Times: user=0.02 sys=0.00, real=0.00 secs] 
2024-10-07T16:16:22.799+0300: 135.499: Total time for which application threads were stopped: 0.0014809 seconds, Stopping threads took: 0.0001474 seconds
2024-10-07T16:16:23.722+0300: 136.417: Application time: 0.9184388 seconds
2024-10-07T16:16:23.722+0300: 136.417: [GC (Allocation Failure) 2024-10-07T16:16:23.722+0300: 136.417: [ParNew: 281159K->1506K(314560K), 0.0011482 secs] 285249K->5596K(1013632K), 0.0012433 secs] [Times: user=0.00 sys=0.00, real=0.00 secs] 
2024-10-07T16:16:23.722+0300: 136.419: Total time for which application threads were stopped: 0.0015398 seconds, Stopping threads took: 0.0001634 seconds
2024-10-07T16:16:24.636+0300: 137.340: Application time: 0.9210165 seconds
2024-10-07T16:16:24.636+0300: 137.340: [GC (Allocation Failure) 2024-10-07T16:16:24.636+0300: 137.340: [ParNew: 281122K->1589K(314560K), 0.0011932 secs] 285212K->5680K(1013632K), 0.0012628 secs] [Times: user=0.00 sys=0.00, real=0.00 secs] 
2024-10-07T16:16:24.636+0300: 137.341: Total time for which application threads were stopped: 0.0015301 seconds, Stopping threads took: 0.0001624 seconds
2024-10-07T16:16:25.561+0300: 138.265: Application time: 0.9241257 seconds
2024-10-07T16:16:25.561+0300: 138.265: [GC (Allocation Failure) 2024-10-07T16:16:25.561+0300: 138.265: [ParNew: 281205K->1676K(314560K), 0.0014052 secs] 285296K->5767K(1013632K), 0.0014669 secs] [Times: user=0.00 sys=0.00, real=0.00 secs] 
2024-10-07T16:16:25.561+0300: 138.267: Total time for which application threads were stopped: 0.0017632 seconds, Stopping threads took: 0.0001859 seconds
2024-10-07T16:16:26.503+0300: 139.199: Application time: 0.9322734 seconds
2024-10-07T16:16:26.503+0300: 139.199: [GC (Allocation Failure) 2024-10-07T16:16:26.503+0300: 139.199: [ParNew: 281292K->1675K(314560K), 0.0011884 secs] 285383K->5767K(1013632K), 0.0012513 secs] [Times: user=0.00 sys=0.00, real=0.00 secs] 
2024-10-07T16:16:26.503+0300: 139.201: Total time for which application threads were stopped: 0.0015165 seconds, Stopping threads took: 0.0001549 seconds
2024-10-07T16:16:27.460+0300: 140.160: Application time: 0.9592534 seconds
2024-10-07T16:16:27.460+0300: 140.160: [GC (Allocation Failure) 2024-10-07T16:16:27.460+0300: 140.160: [ParNew: 281291K->1586K(314560K), 0.0011976 secs] 285383K->5679K(1013632K), 0.0012653 secs] [Times: user=0.00 sys=0.00, real=0.00 secs] 
2024-10-07T16:16:27.460+0300: 140.162: Total time for which application threads were stopped: 0.0015307 seconds, Stopping threads took: 0.0001564 seconds
2024-10-07T16:16:28.416+0300: 141.112: Application time: 0.9504887 seconds
2024-10-07T16:16:28.416+0300: 141.112: [GC (Allocation Failure) 2024-10-07T16:16:28.416+0300: 141.112: [ParNew: 281202K->1496K(314560K), 0.0011029 secs] 285295K->5590K(1013632K), 0.0012002 secs] [Times: user=0.00 sys=0.00, real=0.00 secs] 
2024-10-07T16:16:28.416+0300: 141.114: Total time for which application threads were stopped: 0.0015238 seconds, Stopping threads took: 0.0001636 seconds
2024-10-07T16:16:29.437+0300: 142.144: Application time: 1.0307551 seconds
2024-10-07T16:16:29.437+0300: 142.145: [GC (Allocation Failure) 2024-10-07T16:16:29.437+0300: 142.145: [ParNew: 281112K->1487K(314560K), 0.0013798 secs] 285206K->5581K(1013632K), 0.0014984 secs] [Times: user=0.00 sys=0.00, real=0.00 secs] 
2024-10-07T16:16:29.437+0300: 142.146: Total time for which application threads were stopped: 0.0018359 seconds, Stopping threads took: 0.0001947 seconds
2024-10-07T16:16:30.363+0300: 143.068: Application time: 0.9214104 seconds
2024-10-07T16:16:30.363+0300: 143.068: [GC (Allocation Failure) 2024-10-07T16:16:30.363+0300: 143.068: [ParNew: 281103K->1490K(314560K), 0.0011973 secs] 285197K->5585K(1013632K), 0.0012954 secs] [Times: user=0.00 sys=0.00, real=0.00 secs] 
2024-10-07T16:16:30.363+0300: 143.069: Total time for which application threads were stopped: 0.0016518 seconds, Stopping threads took: 0.0002125 seconds
2024-10-07T16:16:31.289+0300: 143.987: Application time: 0.9174408 seconds
2024-10-07T16:16:31.289+0300: 143.987: [GC (Allocation Failure) 2024-10-07T16:16:31.289+0300: 143.987: [ParNew: 281106K->1568K(314560K), 0.0008045 secs] 285201K->5663K(1013632K), 0.0008609 secs] [Times: user=0.00 sys=0.00, real=0.00 secs] 
2024-10-07T16:16:31.289+0300: 143.988: Total time for which application threads were stopped: 0.0011447 seconds, Stopping threads took: 0.0001727 seconds
2024-10-07T16:16:32.199+0300: 144.908: Application time: 0.9199559 seconds
2024-10-07T16:16:32.199+0300: 144.908: [GC (Allocation Failure) 2024-10-07T16:16:32.199+0300: 144.908: [ParNew: 281184K->1423K(314560K), 0.0008861 secs] 285279K->5518K(1013632K), 0.0009570 secs] [Times: user=0.00 sys=0.00, real=0.00 secs] 
2024-10-07T16:16:32.199+0300: 144.909: Total time for which application threads were stopped: 0.0012457 seconds, Stopping threads took: 0.0001723 seconds
2024-10-07T16:16:33.124+0300: 145.832: Application time: 0.9227989 seconds
2024-10-07T16:16:33.124+0300: 145.832: [GC (Allocation Failure) 2024-10-07T16:16:33.124+0300: 145.832: [ParNew: 281039K->1606K(314560K), 0.0009084 secs] 285134K->5701K(1013632K), 0.0009581 secs] [Times: user=0.00 sys=0.00, real=0.00 secs] 
2024-10-07T16:16:33.124+0300: 145.833: Total time for which application threads were stopped: 0.0011657 seconds, Stopping threads took: 0.0001035 seconds
2024-10-07T16:16:34.082+0300: 146.785: Application time: 0.9519975 seconds
2024-10-07T16:16:34.082+0300: 146.785: [GC (Allocation Failure) 2024-10-07T16:16:34.082+0300: 146.785: [ParNew: 281222K->1481K(314560K), 0.0011329 secs] 285317K->5577K(1013632K), 0.0012052 secs] [Times: user=0.00 sys=0.00, real=0.00 secs] 
2024-10-07T16:16:34.082+0300: 146.786: Total time for which application threads were stopped: 0.0014960 seconds, Stopping threads took: 0.0001752 seconds
2024-10-07T16:16:35.023+0300: 147.729: Application time: 0.9423584 seconds
2024-10-07T16:16:35.023+0300: 147.729: [GC (Allocation Failure) 2024-10-07T16:16:35.023+0300: 147.729: [ParNew: 281097K->1580K(314560K), 0.0008834 secs] 285193K->5676K(1013632K), 0.0009422 secs] [Times: user=0.00 sys=0.00, real=0.00 secs] 
2024-10-07T16:16:35.023+0300: 147.730: Total time for which application threads were stopped: 0.0012188 seconds, Stopping threads took: 0.0001378 seconds
2024-10-07T16:16:35.980+0300: 148.687: Application time: 0.9566350 seconds
2024-10-07T16:16:35.980+0300: 148.687: [GC (Allocation Failure) 2024-10-07T16:16:35.980+0300: 148.687: [ParNew: 281196K->1495K(314560K), 0.0008743 secs] 285292K->5591K(1013632K), 0.0009478 secs] [Times: user=0.00 sys=0.00, real=0.00 secs] 
2024-10-07T16:16:35.980+0300: 148.688: Total time for which application threads were stopped: 0.0012639 seconds, Stopping threads took: 0.0001727 seconds
2024-10-07T16:16:36.953+0300: 149.648: Application time: 0.9598723 seconds
2024-10-07T16:16:36.953+0300: 149.648: [GC (Allocation Failure) 2024-10-07T16:16:36.953+0300: 149.648: [ParNew: 281111K->1584K(314560K), 0.0008584 secs] 285207K->5681K(1013632K), 0.0009140 secs] [Times: user=0.00 sys=0.00, real=0.00 secs] 
2024-10-07T16:16:36.953+0300: 149.649: Total time for which application threads were stopped: 0.0011796 seconds, Stopping threads took: 0.0001677 seconds
2024-10-07T16:16:37.863+0300: 150.566: Application time: 0.9172201 seconds
2024-10-07T16:16:37.863+0300: 150.566: [GC (Allocation Failure) 2024-10-07T16:16:37.863+0300: 150.567: [ParNew: 281200K->1586K(314560K), 0.0008843 secs] 285297K->5683K(1013632K), 0.0009332 secs] [Times: user=0.00 sys=0.00, real=0.00 secs] 
2024-10-07T16:16:37.863+0300: 150.567: Total time for which application threads were stopped: 0.0011945 seconds, Stopping threads took: 0.0001649 seconds
2024-10-07T16:16:38.789+0300: 151.484: Application time: 0.9168064 seconds
2024-10-07T16:16:38.789+0300: 151.485: [GC (Allocation Failure) 2024-10-07T16:16:38.789+0300: 151.485: [ParNew: 281202K->1498K(314560K), 0.0008657 secs] 285299K->5595K(1013632K), 0.0009284 secs] [Times: user=0.00 sys=0.00, real=0.00 secs] 
2024-10-07T16:16:38.789+0300: 151.485: Total time for which application threads were stopped: 0.0012125 seconds, Stopping threads took: 0.0001564 seconds
2024-10-07T16:16:39.699+0300: 152.405: Application time: 0.9199985 seconds
2024-10-07T16:16:39.699+0300: 152.406: [GC (Allocation Failure) 2024-10-07T16:16:39.699+0300: 152.406: [ParNew: 281114K->1585K(314560K), 0.0009131 secs] 285211K->5683K(1013632K), 0.0009707 secs] [Times: user=0.00 sys=0.00, real=0.00 secs] 
2024-10-07T16:16:39.699+0300: 152.407: Total time for which application threads were stopped: 0.0012373 seconds, Stopping threads took: 0.0001587 seconds
2024-10-07T16:16:40.641+0300: 153.337: Application time: 0.9305766 seconds
2024-10-07T16:16:40.641+0300: 153.338: [GC (Allocation Failure) 2024-10-07T16:16:40.641+0300: 153.338: [ParNew: 281201K->1586K(314560K), 0.0008428 secs] 285299K->5684K(1013632K), 0.0008955 secs] [Times: user=0.00 sys=0.00, real=0.00 secs] 
2024-10-07T16:16:40.641+0300: 153.338: Total time for which application threads were stopped: 0.0011704 seconds, Stopping threads took: 0.0001492 seconds
2024-10-07T16:16:41.598+0300: 154.297: Application time: 0.9582701 seconds
2024-10-07T16:16:41.598+0300: 154.297: [GC (Allocation Failure) 2024-10-07T16:16:41.598+0300: 154.297: [ParNew: 281202K->1368K(314560K), 0.0008410 secs] 285300K->5466K(1013632K), 0.0009164 secs] [Times: user=0.00 sys=0.00, real=0.00 secs] 
2024-10-07T16:16:41.598+0300: 154.298: Total time for which application threads were stopped: 0.0012039 seconds, Stopping threads took: 0.0001551 seconds
2024-10-07T16:16:42.538+0300: 155.235: Application time: 0.9374537 seconds
2024-10-07T16:16:42.538+0300: 155.236: [GC (Allocation Failure) 2024-10-07T16:16:42.538+0300: 155.236: [ParNew: 280984K->1587K(314560K), 0.0009857 secs] 285082K->5686K(1013632K), 0.0010458 secs] [Times: user=0.00 sys=0.00, real=0.00 secs] 
2024-10-07T16:16:42.538+0300: 155.237: Total time for which application threads were stopped: 0.0013107 seconds, Stopping threads took: 0.0001658 seconds
2024-10-07T16:16:43.495+0300: 156.194: Application time: 0.9577127 seconds
2024-10-07T16:16:43.495+0300: 156.195: [GC (Allocation Failure) 2024-10-07T16:16:43.495+0300: 156.195: [ParNew: 281203K->1582K(314560K), 0.0007809 secs] 285302K->5681K(1013632K), 0.0008485 secs] [Times: user=0.00 sys=0.00, real=0.00 secs] 
2024-10-07T16:16:43.495+0300: 156.196: Total time for which application threads were stopped: 0.0011045 seconds, Stopping threads took: 0.0001385 seconds
2024-10-07T16:16:44.436+0300: 157.145: Application time: 0.9496024 seconds
2024-10-07T16:16:44.436+0300: 157.145: [GC (Allocation Failure) 2024-10-07T16:16:44.436+0300: 157.145: [ParNew: 281198K->1496K(314560K), 0.0010410 secs] 285297K->5595K(1013632K), 0.0011502 secs] [Times: user=0.02 sys=0.00, real=0.02 secs] 
2024-10-07T16:16:44.452+0300: 157.147: Total time for which application threads were stopped: 0.0014636 seconds, Stopping threads took: 0.0001637 seconds
2024-10-07T16:16:45.362+0300: 158.069: Application time: 0.9219392 seconds
2024-10-07T16:16:45.362+0300: 158.069: [GC (Allocation Failure) 2024-10-07T16:16:45.362+0300: 158.069: [ParNew: 281112K->1497K(314560K), 0.0009024 secs] 285211K->5597K(1013632K), 0.0009706 secs] [Times: user=0.00 sys=0.00, real=0.00 secs] 
2024-10-07T16:16:45.362+0300: 158.070: Total time for which application threads were stopped: 0.0012141 seconds, Stopping threads took: 0.0001427 seconds
2024-10-07T16:16:46.288+0300: 158.986: Application time: 0.9161433 seconds
2024-10-07T16:16:46.288+0300: 158.986: [GC (Allocation Failure) 2024-10-07T16:16:46.288+0300: 158.986: [ParNew: 281113K->1602K(314560K), 0.0009490 secs] 285213K->5703K(1013632K), 0.0009998 secs] [Times: user=0.00 sys=0.00, real=0.00 secs] 
2024-10-07T16:16:46.288+0300: 158.987: Total time for which application threads were stopped: 0.0012594 seconds, Stopping threads took: 0.0001573 seconds
2024-10-07T16:16:47.214+0300: 159.913: Application time: 0.9256897 seconds
2024-10-07T16:16:47.214+0300: 159.913: [GC (Allocation Failure) 2024-10-07T16:16:47.214+0300: 159.913: [ParNew: 281218K->1654K(314560K), 0.0009524 secs] 285319K->5754K(1013632K), 0.0010067 secs] [Times: user=0.00 sys=0.00, real=0.01 secs] 
2024-10-07T16:16:47.219+0300: 159.914: Total time for which application threads were stopped: 0.0012503 seconds, Stopping threads took: 0.0001371 seconds
2024-10-07T16:16:48.156+0300: 160.856: Application time: 0.9414267 seconds
2024-10-07T16:16:48.156+0300: 160.856: [GC (Allocation Failure) 2024-10-07T16:16:48.156+0300: 160.856: [ParNew: 281270K->1581K(314560K), 0.0007968 secs] 285370K->5682K(1013632K), 0.0008457 secs] [Times: user=0.00 sys=0.00, real=0.01 secs] 
2024-10-07T16:16:48.162+0300: 160.857: Total time for which application threads were stopped: 0.0011107 seconds, Stopping threads took: 0.0001630 seconds
2024-10-07T16:16:49.098+0300: 161.805: Application time: 0.9486126 seconds
2024-10-07T16:16:49.098+0300: 161.806: [GC (Allocation Failure) 2024-10-07T16:16:49.098+0300: 161.806: [ParNew: 281197K->1595K(314560K), 0.0008739 secs] 285298K->5696K(1013632K), 0.0009227 secs] [Times: user=0.00 sys=0.00, real=0.00 secs] 
2024-10-07T16:16:49.098+0300: 161.806: Total time for which application threads were stopped: 0.0012025 seconds, Stopping threads took: 0.0001644 seconds
2024-10-07T16:16:50.055+0300: 162.751: Application time: 0.9441571 seconds
2024-10-07T16:16:50.055+0300: 162.751: [GC (Allocation Failure) 2024-10-07T16:16:50.055+0300: 162.751: [ParNew: 281211K->1565K(314560K), 0.0008318 secs] 285312K->5667K(1013632K), 0.0009009 secs] [Times: user=0.00 sys=0.00, real=0.00 secs] 
2024-10-07T16:16:50.055+0300: 162.752: Total time for which application threads were stopped: 0.0011739 seconds, Stopping threads took: 0.0001553 seconds
2024-10-07T16:16:50.997+0300: 163.696: Application time: 0.9441387 seconds
2024-10-07T16:16:50.997+0300: 163.696: [GC (Allocation Failure) 2024-10-07T16:16:50.997+0300: 163.696: [ParNew: 281181K->1492K(314560K), 0.0008011 secs] 285283K->5594K(1013632K), 0.0008733 secs] [Times: user=0.00 sys=0.00, real=0.00 secs] 
2024-10-07T16:16:50.997+0300: 163.697: Total time for which application threads were stopped: 0.0011496 seconds, Stopping threads took: 0.0001658 seconds
2024-10-07T16:16:51.938+0300: 164.644: Application time: 0.9468327 seconds
2024-10-07T16:16:51.938+0300: 164.644: [GC (Allocation Failure) 2024-10-07T16:16:51.938+0300: 164.644: [ParNew: 281108K->1491K(314560K), 0.0007821 secs] 285210K->5593K(1013632K), 0.0008462 secs] [Times: user=0.00 sys=0.00, real=0.00 secs] 
2024-10-07T16:16:51.938+0300: 164.645: Total time for which application threads were stopped: 0.0011370 seconds, Stopping threads took: 0.0001881 seconds
2024-10-07T16:16:52.863+0300: 165.566: Application time: 0.9205979 seconds
2024-10-07T16:16:52.863+0300: 165.566: [GC (Allocation Failure) 2024-10-07T16:16:52.863+0300: 165.566: [ParNew: 281107K->1672K(314560K), 0.0007834 secs] 285209K->5775K(1013632K), 0.0008342 secs] [Times: user=0.00 sys=0.00, real=0.00 secs] 
2024-10-07T16:16:52.863+0300: 165.567: Total time for which application threads were stopped: 0.0011068 seconds, Stopping threads took: 0.0001690 seconds
2024-10-07T16:16:53.790+0300: 166.491: Application time: 0.9243639 seconds
2024-10-07T16:16:53.790+0300: 166.491: [GC (Allocation Failure) 2024-10-07T16:16:53.790+0300: 166.491: [ParNew: 281288K->1601K(314560K), 0.0007789 secs] 285391K->5705K(1013632K), 0.0008631 secs] [Times: user=0.00 sys=0.00, real=0.00 secs] 
2024-10-07T16:16:53.790+0300: 166.492: Total time for which application threads were stopped: 0.0011358 seconds, Stopping threads took: 0.0001609 seconds
2024-10-07T16:16:54.715+0300: 167.416: Application time: 0.9241501 seconds
2024-10-07T16:16:54.715+0300: 167.417: [GC (Allocation Failure) 2024-10-07T16:16:54.715+0300: 167.417: [ParNew: 281217K->1568K(314560K), 0.0008225 secs] 285321K->5671K(1013632K), 0.0008826 secs] [Times: user=0.00 sys=0.00, real=0.00 secs] 
2024-10-07T16:16:54.715+0300: 167.418: Total time for which application threads were stopped: 0.0011453 seconds, Stopping threads took: 0.0001657 seconds
2024-10-07T16:16:55.655+0300: 168.365: Application time: 0.9471393 seconds
2024-10-07T16:16:55.655+0300: 168.365: [GC (Allocation Failure) 2024-10-07T16:16:55.655+0300: 168.365: [ParNew: 281184K->1508K(314560K), 0.0009988 secs] 285287K->5612K(1013632K), 0.0010678 secs] [Times: user=0.01 sys=0.00, real=0.02 secs] 
2024-10-07T16:16:55.671+0300: 168.366: Total time for which application threads were stopped: 0.0013809 seconds, Stopping threads took: 0.0001807 seconds
2024-10-07T16:16:56.613+0300: 169.316: Application time: 0.9495878 seconds
2024-10-07T16:16:56.613+0300: 169.316: [GC (Allocation Failure) 2024-10-07T16:16:56.613+0300: 169.316: [ParNew: 281124K->1565K(314560K), 0.0009103 secs] 285228K->5669K(1013632K), 0.0009627 secs] [Times: user=0.00 sys=0.00, real=0.00 secs] 
2024-10-07T16:16:56.613+0300: 169.317: Total time for which application threads were stopped: 0.0012355 seconds, Stopping threads took: 0.0001766 seconds
2024-10-07T16:16:57.554+0300: 170.262: Application time: 0.9450041 seconds
2024-10-07T16:16:57.554+0300: 170.262: [GC (Allocation Failure) 2024-10-07T16:16:57.554+0300: 170.262: [ParNew: 281181K->1492K(314560K), 0.0008375 secs] 285285K->5597K(1013632K), 0.0008921 secs] [Times: user=0.00 sys=0.00, real=0.00 secs] 
2024-10-07T16:16:57.554+0300: 170.263: Total time for which application threads were stopped: 0.0011239 seconds, Stopping threads took: 0.0001364 seconds
2024-10-07T16:16:58.527+0300: 171.228: Application time: 0.9648657 seconds
2024-10-07T16:16:58.527+0300: 171.228: [GC (Allocation Failure) 2024-10-07T16:16:58.527+0300: 171.228: [ParNew: 281108K->1583K(314560K), 0.0008218 secs] 285213K->5688K(1013632K), 0.0008664 secs] [Times: user=0.00 sys=0.00, real=0.00 secs] 
2024-10-07T16:16:58.527+0300: 171.229: Total time for which application threads were stopped: 0.0011495 seconds, Stopping threads took: 0.0001774 seconds
2024-10-07T16:16:59.453+0300: 172.151: Application time: 0.9217197 seconds
2024-10-07T16:16:59.453+0300: 172.151: [GC (Allocation Failure) 2024-10-07T16:16:59.453+0300: 172.151: [ParNew: 281199K->1575K(314560K), 0.0008153 secs] 285304K->5680K(1013632K), 0.0008642 secs] [Times: user=0.00 sys=0.00, real=0.00 secs] 
2024-10-07T16:16:59.453+0300: 172.152: Total time for which application threads were stopped: 0.0011063 seconds, Stopping threads took: 0.0001475 seconds
2024-10-07T16:17:00.379+0300: 173.078: Application time: 0.9256856 seconds
2024-10-07T16:17:00.379+0300: 173.078: [GC (Allocation Failure) 2024-10-07T16:17:00.379+0300: 173.078: [ParNew: 281191K->1671K(314560K), 0.0009187 secs] 285296K->5777K(1013632K), 0.0009769 secs] [Times: user=0.00 sys=0.00, real=0.00 secs] 
2024-10-07T16:17:00.379+0300: 173.079: Total time for which application threads were stopped: 0.0012918 seconds, Stopping threads took: 0.0002110 seconds
2024-10-07T16:17:01.305+0300: 174.003: Application time: 0.9244567 seconds
2024-10-07T16:17:01.305+0300: 174.004: [GC (Allocation Failure) 2024-10-07T16:17:01.305+0300: 174.004: [ParNew: 281287K->1673K(314560K), 0.0009656 secs] 285393K->5780K(1013632K), 0.0010228 secs] [Times: user=0.00 sys=0.00, real=0.00 secs] 
2024-10-07T16:17:01.305+0300: 174.005: Total time for which application threads were stopped: 0.0012749 seconds, Stopping threads took: 0.0001401 seconds
2024-10-07T16:17:02.215+0300: 174.922: Application time: 0.9171405 seconds
2024-10-07T16:17:02.215+0300: 174.922: [GC (Allocation Failure) 2024-10-07T16:17:02.215+0300: 174.922: [ParNew: 281289K->1586K(314560K), 0.0009374 secs] 285396K->5692K(1013632K), 0.0009931 secs] [Times: user=0.00 sys=0.00, real=0.00 secs] 
2024-10-07T16:17:02.215+0300: 174.923: Total time for which application threads were stopped: 0.0012600 seconds, Stopping threads took: 0.0001600 seconds
2024-10-07T16:17:03.172+0300: 175.871: Application time: 0.9476146 seconds
2024-10-07T16:17:03.172+0300: 175.871: [GC (Allocation Failure) 2024-10-07T16:17:03.172+0300: 175.871: [ParNew: 281202K->1496K(314560K), 0.0008001 secs] 285308K->5603K(1013632K), 0.0008480 secs] [Times: user=0.00 sys=0.00, real=0.00 secs] 
2024-10-07T16:17:03.172+0300: 175.872: Total time for which application threads were stopped: 0.0011267 seconds, Stopping threads took: 0.0001638 seconds
2024-10-07T16:17:04.113+0300: 176.819: Application time: 0.9468213 seconds
2024-10-07T16:17:04.113+0300: 176.819: [GC (Allocation Failure) 2024-10-07T16:17:04.113+0300: 176.819: [ParNew: 281112K->1673K(314560K), 0.0009418 secs] 285219K->5780K(1013632K), 0.0010064 secs] [Times: user=0.00 sys=0.00, real=0.00 secs] 
2024-10-07T16:17:04.113+0300: 176.820: Total time for which application threads were stopped: 0.0012524 seconds, Stopping threads took: 0.0001450 seconds
2024-10-07T16:17:05.070+0300: 177.778: Application time: 0.9576917 seconds
2024-10-07T16:17:05.070+0300: 177.778: [GC (Allocation Failure) 2024-10-07T16:17:05.070+0300: 177.778: [ParNew: 281289K->1673K(314560K), 0.0009960 secs] 285396K->5780K(1013632K), 0.0010627 secs] [Times: user=0.00 sys=0.00, real=0.00 secs] 
2024-10-07T16:17:05.070+0300: 177.779: Total time for which application threads were stopped: 0.0013252 seconds, Stopping threads took: 0.0001364 seconds
2024-10-07T16:17:06.028+0300: 178.737: Application time: 0.9582573 seconds
2024-10-07T16:17:06.028+0300: 178.737: [GC (Allocation Failure) 2024-10-07T16:17:06.028+0300: 178.737: [ParNew: 281289K->1584K(314560K), 0.0009023 secs] 285396K->5692K(1013632K), 0.0009780 secs] [Times: user=0.02 sys=0.00, real=0.02 secs] 
2024-10-07T16:17:06.044+0300: 178.738: Total time for which application threads were stopped: 0.0012241 seconds, Stopping threads took: 0.0001248 seconds
2024-10-07T16:17:06.953+0300: 179.654: Application time: 0.9159697 seconds
2024-10-07T16:17:06.953+0300: 179.655: [GC (Allocation Failure) 2024-10-07T16:17:06.953+0300: 179.655: [ParNew: 281200K->1497K(314560K), 0.0011755 secs] 285308K->5606K(1013632K), 0.0012479 secs] [Times: user=0.00 sys=0.00, real=0.00 secs] 
2024-10-07T16:17:06.953+0300: 179.656: Total time for which application threads were stopped: 0.0015017 seconds, Stopping threads took: 0.0001294 seconds
2024-10-07T16:17:07.879+0300: 180.575: Application time: 0.9189597 seconds
2024-10-07T16:17:07.879+0300: 180.575: [GC (Allocation Failure) 2024-10-07T16:17:07.879+0300: 180.575: [ParNew: 281113K->1690K(314560K), 0.0007942 secs] 285222K->5799K(1013632K), 0.0008498 secs] [Times: user=0.00 sys=0.00, real=0.00 secs] 
2024-10-07T16:17:07.879+0300: 180.576: Total time for which application threads were stopped: 0.0011621 seconds, Stopping threads took: 0.0002109 seconds
2024-10-07T16:17:08.788+0300: 181.497: Application time: 0.9206957 seconds
2024-10-07T16:17:08.788+0300: 181.497: [GC (Allocation Failure) 2024-10-07T16:17:08.788+0300: 181.497: [ParNew: 281306K->1459K(314560K), 0.0008424 secs] 285415K->5568K(1013632K), 0.0009146 secs] [Times: user=0.00 sys=0.00, real=0.00 secs] 
2024-10-07T16:17:08.788+0300: 181.498: Total time for which application threads were stopped: 0.0012388 seconds, Stopping threads took: 0.0002022 seconds
2024-10-07T16:17:09.715+0300: 182.419: Application time: 0.9206230 seconds
2024-10-07T16:17:09.715+0300: 182.419: [GC (Allocation Failure) 2024-10-07T16:17:09.715+0300: 182.419: [ParNew: 281075K->1593K(314560K), 0.0008148 secs] 285184K->5703K(1013632K), 0.0008960 secs] [Times: user=0.00 sys=0.00, real=0.00 secs] 
2024-10-07T16:17:09.715+0300: 182.420: Total time for which application threads were stopped: 0.0011904 seconds, Stopping threads took: 0.0001780 seconds
2024-10-07T16:17:10.709+0300: 183.411: Application time: 0.9910069 seconds
2024-10-07T16:17:10.709+0300: 183.411: [GC (Allocation Failure) 2024-10-07T16:17:10.709+0300: 183.411: [ParNew: 281209K->1502K(314560K), 0.0008766 secs] 285319K->5612K(1013632K), 0.0009512 secs] [Times: user=0.00 sys=0.00, real=0.00 secs] 
2024-10-07T16:17:10.709+0300: 183.412: Total time for which application threads were stopped: 0.0011887 seconds, Stopping threads took: 0.0001085 seconds
2024-10-07T16:17:11.944+0300: 184.642: Application time: 1.2301423 seconds
2024-10-07T16:17:11.944+0300: 184.642: [GC (Allocation Failure) 2024-10-07T16:17:11.944+0300: 184.642: [ParNew: 281118K->1668K(314560K), 0.0008357 secs] 285228K->5779K(1013632K), 0.0009010 secs] [Times: user=0.02 sys=0.00, real=0.00 secs] 
2024-10-07T16:17:11.944+0300: 184.643: Total time for which application threads were stopped: 0.0011110 seconds, Stopping threads took: 0.0000936 seconds
2024-10-07T16:17:12.917+0300: 185.626: Application time: 0.9827625 seconds
2024-10-07T16:17:12.917+0300: 185.626: [GC (Allocation Failure) 2024-10-07T16:17:12.917+0300: 185.626: [ParNew: 281284K->1568K(314560K), 0.0008013 secs] 285395K->5679K(1013632K), 0.0008692 secs] [Times: user=0.02 sys=0.00, real=0.00 secs] 
2024-10-07T16:17:12.917+0300: 185.627: Total time for which application threads were stopped: 0.0011194 seconds, Stopping threads took: 0.0001291 seconds
2024-10-07T16:17:13.915+0300: 186.615: Application time: 0.9876893 seconds
2024-10-07T16:17:13.915+0300: 186.615: [GC (Allocation Failure) 2024-10-07T16:17:13.915+0300: 186.615: [ParNew: 281184K->1592K(314560K), 0.0008035 secs] 285295K->5703K(1013632K), 0.0008560 secs] [Times: user=0.00 sys=0.00, real=0.00 secs] 
2024-10-07T16:17:13.915+0300: 186.616: Total time for which application threads were stopped: 0.0010842 seconds, Stopping threads took: 0.0001271 seconds
2024-10-07T16:17:14.917+0300: 187.621: Application time: 1.0046764 seconds
2024-10-07T16:17:14.926+0300: 187.621: [GC (Allocation Failure) 2024-10-07T16:17:14.926+0300: 187.621: [ParNew: 281208K->1411K(314560K), 0.0012665 secs] 285319K->5522K(1013632K), 0.0013515 secs] [Times: user=0.00 sys=0.00, real=0.00 secs] 
2024-10-07T16:17:14.926+0300: 187.623: Total time for which application threads were stopped: 0.0021725 seconds, Stopping threads took: 0.0006974 seconds
2024-10-07T16:17:16.024+0300: 188.730: Application time: 1.1068353 seconds
2024-10-07T16:17:16.024+0300: 188.730: [GC (Allocation Failure) 2024-10-07T16:17:16.024+0300: 188.730: [ParNew: 281027K->1586K(314560K), 0.0008151 secs] 285138K->5698K(1013632K), 0.0008851 secs] [Times: user=0.00 sys=0.00, real=0.00 secs] 
2024-10-07T16:17:16.024+0300: 188.731: Total time for which application threads were stopped: 0.0011878 seconds, Stopping threads took: 0.0001762 seconds
2024-10-07T16:17:16.981+0300: 189.689: Application time: 0.9587058 seconds
2024-10-07T16:17:16.981+0300: 189.690: [GC (Allocation Failure) 2024-10-07T16:17:16.981+0300: 189.690: [ParNew: 281202K->1497K(314560K), 0.0008327 secs] 285314K->5610K(1013632K), 0.0009063 secs] [Times: user=0.02 sys=0.00, real=0.00 secs] 
2024-10-07T16:17:16.981+0300: 189.691: Total time for which application threads were stopped: 0.0011694 seconds, Stopping threads took: 0.0001325 seconds
2024-10-07T16:17:17.985+0300: 190.682: Application time: 0.9911126 seconds
2024-10-07T16:17:17.985+0300: 190.682: [GC (Allocation Failure) 2024-10-07T16:17:17.985+0300: 190.682: [ParNew: 281113K->1496K(314560K), 0.0007844 secs] 285226K->5609K(1013632K), 0.0008417 secs] [Times: user=0.00 sys=0.00, real=0.00 secs] 
2024-10-07T16:17:17.985+0300: 190.683: Total time for which application threads were stopped: 0.0010732 seconds, Stopping threads took: 0.0001179 seconds
2024-10-07T16:17:18.942+0300: 191.640: Application time: 0.9572860 seconds
2024-10-07T16:17:18.942+0300: 191.640: [GC (Allocation Failure) 2024-10-07T16:17:18.942+0300: 191.640: [ParNew: 281112K->1497K(314560K), 0.0007891 secs] 285225K->5610K(1013632K), 0.0008601 secs] [Times: user=0.00 sys=0.00, real=0.00 secs] 
2024-10-07T16:17:18.942+0300: 191.641: Total time for which application threads were stopped: 0.0011921 seconds, Stopping threads took: 0.0002048 seconds
2024-10-07T16:17:19.899+0300: 192.607: Application time: 0.9658618 seconds
2024-10-07T16:17:19.899+0300: 192.607: [GC (Allocation Failure) 2024-10-07T16:17:19.899+0300: 192.607: [ParNew: 281113K->1491K(314560K), 0.0008594 secs] 285226K->5604K(1013632K), 0.0009400 secs] [Times: user=0.00 sys=0.00, real=0.00 secs] 
2024-10-07T16:17:19.899+0300: 192.608: Total time for which application threads were stopped: 0.0012478 seconds, Stopping threads took: 0.0001633 seconds
2024-10-07T16:17:20.853+0300: 193.551: Application time: 0.9427153 seconds
2024-10-07T16:17:20.853+0300: 193.551: [GC (Allocation Failure) 2024-10-07T16:17:20.853+0300: 193.551: [ParNew: 281107K->1491K(314560K), 0.0009055 secs] 285220K->5605K(1013632K), 0.0009779 secs] [Times: user=0.02 sys=0.00, real=0.00 secs] 
2024-10-07T16:17:20.857+0300: 193.552: Total time for which application threads were stopped: 0.0012097 seconds, Stopping threads took: 0.0001180 seconds
2024-10-07T16:17:21.799+0300: 194.509: Application time: 0.9561926 seconds
2024-10-07T16:17:21.799+0300: 194.509: [GC (Allocation Failure) 2024-10-07T16:17:21.799+0300: 194.509: [ParNew: 281107K->1583K(314560K), 0.0008475 secs] 285221K->5697K(1013632K), 0.0009021 secs] [Times: user=0.00 sys=0.00, real=0.01 secs] 
2024-10-07T16:17:21.814+0300: 194.510: Total time for which application threads were stopped: 0.0011148 seconds, Stopping threads took: 0.0001089 seconds
2024-10-07T16:17:22.731+0300: 195.432: Application time: 0.9220826 seconds
2024-10-07T16:17:22.731+0300: 195.432: [GC (Allocation Failure) 2024-10-07T16:17:22.731+0300: 195.432: [ParNew: 281199K->1585K(314560K), 0.0008518 secs] 285313K->5700K(1013632K), 0.0009127 secs] [Times: user=0.00 sys=0.00, real=0.00 secs] 
2024-10-07T16:17:22.731+0300: 195.433: Total time for which application threads were stopped: 0.0011338 seconds, Stopping threads took: 0.0001190 seconds
2024-10-07T16:17:23.667+0300: 196.363: Application time: 0.9306110 seconds
2024-10-07T16:17:23.667+0300: 196.364: [GC (Allocation Failure) 2024-10-07T16:17:23.667+0300: 196.364: [ParNew: 281201K->1497K(314560K), 0.0008825 secs] 285316K->5612K(1013632K), 0.0009414 secs] [Times: user=0.01 sys=0.00, real=0.00 secs] 
2024-10-07T16:17:23.667+0300: 196.365: Total time for which application threads were stopped: 0.0012102 seconds, Stopping threads took: 0.0001512 seconds
2024-10-07T16:17:24.577+0300: 197.282: Application time: 0.9177006 seconds
2024-10-07T16:17:24.577+0300: 197.283: [GC (Allocation Failure) 2024-10-07T16:17:24.577+0300: 197.283: [ParNew: 281113K->1586K(314560K), 0.0008670 secs] 285228K->5701K(1013632K), 0.0009267 secs] [Times: user=0.02 sys=0.00, real=0.00 secs] 
2024-10-07T16:17:24.577+0300: 197.284: Total time for which application threads were stopped: 0.0011939 seconds, Stopping threads took: 0.0001384 seconds
2024-10-07T16:17:25.533+0300: 198.230: Application time: 0.9459270 seconds
2024-10-07T16:17:25.533+0300: 198.230: [GC (Allocation Failure) 2024-10-07T16:17:25.533+0300: 198.230: [ParNew: 281202K->1496K(314560K), 0.0009364 secs] 285317K->5611K(1013632K), 0.0010460 secs] [Times: user=0.00 sys=0.00, real=0.00 secs] 
2024-10-07T16:17:25.533+0300: 198.231: Total time for which application threads were stopped: 0.0014457 seconds, Stopping threads took: 0.0001962 seconds
2024-10-07T16:17:26.475+0300: 199.173: Application time: 0.9418871 seconds
2024-10-07T16:17:26.475+0300: 199.173: [GC (Allocation Failure) 2024-10-07T16:17:26.475+0300: 199.173: [ParNew: 281112K->1673K(314560K), 0.0010192 secs] 285227K->5789K(1013632K), 0.0010998 secs] [Times: user=0.01 sys=0.00, real=0.00 secs] 
2024-10-07T16:17:26.475+0300: 199.174: Total time for which application threads were stopped: 0.0013915 seconds, Stopping threads took: 0.0001679 seconds
2024-10-07T16:17:27.416+0300: 200.123: Application time: 0.9485053 seconds
2024-10-07T16:17:27.416+0300: 200.123: [GC (Allocation Failure) 2024-10-07T16:17:27.416+0300: 200.123: [ParNew: 281289K->1661K(314560K), 0.0009472 secs] 285405K->5777K(1013632K), 0.0010313 secs] [Times: user=0.00 sys=0.00, real=0.00 secs] 
2024-10-07T16:17:27.416+0300: 200.124: Total time for which application threads were stopped: 0.0014007 seconds, Stopping threads took: 0.0001939 seconds
2024-10-07T16:17:28.357+0300: 201.066: Application time: 0.9414259 seconds
2024-10-07T16:17:28.357+0300: 201.066: [GC (Allocation Failure) 2024-10-07T16:17:28.357+0300: 201.066: [ParNew: 281277K->1577K(314560K), 0.0009333 secs] 285393K->5694K(1013632K), 0.0010881 secs] [Times: user=0.00 sys=0.00, real=0.00 secs] 
2024-10-07T16:17:28.357+0300: 201.067: Total time for which application threads were stopped: 0.0014429 seconds, Stopping threads took: 0.0001361 seconds
2024-10-07T16:17:29.313+0300: 202.011: Application time: 0.9435360 seconds
2024-10-07T16:17:29.313+0300: 202.011: [GC (Allocation Failure) 2024-10-07T16:17:29.313+0300: 202.011: [ParNew: 281193K->1490K(314560K), 0.0009044 secs] 285310K->5607K(1013632K), 0.0009657 secs] [Times: user=0.00 sys=0.00, real=0.00 secs] 
2024-10-07T16:17:29.313+0300: 202.012: Total time for which application threads were stopped: 0.0012140 seconds, Stopping threads took: 0.0001214 seconds
2024-10-07T16:17:30.255+0300: 202.952: Application time: 0.9398285 seconds
2024-10-07T16:17:30.255+0300: 202.952: [GC (Allocation Failure) 2024-10-07T16:17:30.255+0300: 202.952: [ParNew: 281106K->1496K(314560K), 0.0008553 secs] 285223K->5613K(1013632K), 0.0009197 secs] [Times: user=0.00 sys=0.00, real=0.00 secs] 
2024-10-07T16:17:30.258+0300: 202.953: Total time for which application threads were stopped: 0.0012310 seconds, Stopping threads took: 0.0001636 seconds
2024-10-07T16:17:31.165+0300: 203.871: Application time: 0.9179325 seconds
2024-10-07T16:17:31.165+0300: 203.871: [GC (Allocation Failure) 2024-10-07T16:17:31.165+0300: 203.871: [ParNew: 281112K->1585K(314560K), 0.0008663 secs] 285229K->5703K(1013632K), 0.0009355 secs] [Times: user=0.00 sys=0.00, real=0.00 secs] 
2024-10-07T16:17:31.165+0300: 203.872: Total time for which application threads were stopped: 0.0011800 seconds, Stopping threads took: 0.0001150 seconds
2024-10-07T16:17:32.090+0300: 204.798: Application time: 0.9256043 seconds
2024-10-07T16:17:32.090+0300: 204.798: [GC (Allocation Failure) 2024-10-07T16:17:32.090+0300: 204.798: [ParNew: 281201K->1585K(314560K), 0.0010326 secs] 285319K->5703K(1013632K), 0.0011117 secs] [Times: user=0.03 sys=0.00, real=0.00 secs] 
2024-10-07T16:17:32.090+0300: 204.799: Total time for which application threads were stopped: 0.0014159 seconds, Stopping threads took: 0.0001680 seconds
2024-10-07T16:17:33.048+0300: 205.744: Application time: 0.9454133 seconds
2024-10-07T16:17:33.048+0300: 205.745: [GC (Allocation Failure) 2024-10-07T16:17:33.048+0300: 205.745: [ParNew: 281201K->1601K(314560K), 0.0008346 secs] 285319K->5719K(1013632K), 0.0009026 secs] [Times: user=0.00 sys=0.00, real=0.00 secs] 
2024-10-07T16:17:33.051+0300: 205.746: Total time for which application threads were stopped: 0.0011766 seconds, Stopping threads took: 0.0001441 seconds
2024-10-07T16:17:34.005+0300: 206.703: Application time: 0.9572656 seconds
2024-10-07T16:17:34.005+0300: 206.703: [GC (Allocation Failure) 2024-10-07T16:17:34.005+0300: 206.703: [ParNew: 281217K->1480K(314560K), 0.0008690 secs] 285335K->5598K(1013632K), 0.0009433 secs] [Times: user=0.00 sys=0.00, real=0.00 secs] 
2024-10-07T16:17:34.005+0300: 206.704: Total time for which application threads were stopped: 0.0011893 seconds, Stopping threads took: 0.0001375 seconds
2024-10-07T16:17:34.953+0300: 207.651: Application time: 0.9472427 seconds
2024-10-07T16:17:34.953+0300: 207.652: [GC (Allocation Failure) 2024-10-07T16:17:34.953+0300: 207.652: [ParNew: 281096K->1492K(314560K), 0.0008425 secs] 285214K->5611K(1013632K), 0.0009249 secs] [Times: user=0.00 sys=0.00, real=0.00 secs] 
2024-10-07T16:17:34.953+0300: 207.653: Total time for which application threads were stopped: 0.0012977 seconds, Stopping threads took: 0.0002365 seconds
2024-10-07T16:17:35.888+0300: 208.593: Application time: 0.9403106 seconds
2024-10-07T16:17:35.888+0300: 208.593: [GC (Allocation Failure) 2024-10-07T16:17:35.888+0300: 208.593: [ParNew: 281108K->1584K(314560K), 0.0008767 secs] 285227K->5703K(1013632K), 0.0009478 secs] [Times: user=0.00 sys=0.00, real=0.00 secs] 
2024-10-07T16:17:35.888+0300: 208.594: Total time for which application threads were stopped: 0.0012196 seconds, Stopping threads took: 0.0001467 seconds
2024-10-07T16:17:36.829+0300: 209.526: Application time: 0.9321993 seconds
2024-10-07T16:17:36.829+0300: 209.527: [GC (Allocation Failure) 2024-10-07T16:17:36.829+0300: 209.527: [ParNew: 281200K->1601K(314560K), 0.0008789 secs] 285319K->5721K(1013632K), 0.0009536 secs] [Times: user=0.00 sys=0.00, real=0.00 secs] 
2024-10-07T16:17:36.829+0300: 209.528: Total time for which application threads were stopped: 0.0012443 seconds, Stopping threads took: 0.0001565 seconds
2024-10-07T16:17:37.740+0300: 210.450: Application time: 0.9223560 seconds
2024-10-07T16:17:37.756+0300: 210.450: [GC (Allocation Failure) 2024-10-07T16:17:37.756+0300: 210.450: [ParNew: 281217K->1568K(314560K), 0.0008524 secs] 285337K->5688K(1013632K), 0.0009291 secs] [Times: user=0.00 sys=0.00, real=0.00 secs] 
2024-10-07T16:17:37.756+0300: 210.451: Total time for which application threads were stopped: 0.0012314 seconds, Stopping threads took: 0.0001513 seconds
2024-10-07T16:17:38.682+0300: 211.378: Application time: 0.9267455 seconds
2024-10-07T16:17:38.682+0300: 211.378: [GC (Allocation Failure) 2024-10-07T16:17:38.682+0300: 211.378: [ParNew: 281184K->1493K(314560K), 0.0008237 secs] 285304K->5614K(1013632K), 0.0008865 secs] [Times: user=0.00 sys=0.00, real=0.00 secs] 
2024-10-07T16:17:38.682+0300: 211.379: Total time for which application threads were stopped: 0.0011479 seconds, Stopping threads took: 0.0001323 seconds
2024-10-07T16:17:39.607+0300: 212.310: Application time: 0.9312883 seconds
2024-10-07T16:17:39.607+0300: 212.311: [GC (Allocation Failure) 2024-10-07T16:17:39.607+0300: 212.311: [ParNew: 281109K->1584K(314560K), 0.0009151 secs] 285230K->5705K(1013632K), 0.0009904 secs] [Times: user=0.00 sys=0.00, real=0.00 secs] 
2024-10-07T16:17:39.607+0300: 212.312: Total time for which application threads were stopped: 0.0013087 seconds, Stopping threads took: 0.0001887 seconds
2024-10-07T16:17:40.548+0300: 213.253: Application time: 0.9412479 seconds
2024-10-07T16:17:40.548+0300: 213.253: [GC (Allocation Failure) 2024-10-07T16:17:40.548+0300: 213.253: [ParNew: 281200K->1585K(314560K), 0.0008738 secs] 285321K->5706K(1013632K), 0.0009522 secs] [Times: user=0.00 sys=0.00, real=0.00 secs] 
2024-10-07T16:17:40.548+0300: 213.254: Total time for which application threads were stopped: 0.0012159 seconds, Stopping threads took: 0.0001468 seconds
2024-10-07T16:17:41.505+0300: 214.214: Application time: 0.9593680 seconds
2024-10-07T16:17:41.505+0300: 214.214: [GC (Allocation Failure) 2024-10-07T16:17:41.505+0300: 214.214: [ParNew: 281201K->1495K(314560K), 0.0008769 secs] 285322K->5617K(1013632K), 0.0009492 secs] [Times: user=0.00 sys=0.00, real=0.00 secs] 
2024-10-07T16:17:41.505+0300: 214.215: Total time for which application threads were stopped: 0.0012186 seconds, Stopping threads took: 0.0001493 seconds
2024-10-07T16:17:42.478+0300: 215.179: Application time: 0.9644802 seconds
2024-10-07T16:17:42.478+0300: 215.179: [GC (Allocation Failure) 2024-10-07T16:17:42.478+0300: 215.179: [ParNew: 281111K->1673K(314560K), 0.0007846 secs] 285233K->5795K(1013632K), 0.0008454 secs] [Times: user=0.00 sys=0.00, real=0.00 secs] 
2024-10-07T16:17:42.478+0300: 215.180: Total time for which application threads were stopped: 0.0010984 seconds, Stopping threads took: 0.0001451 seconds
2024-10-07T16:17:43.435+0300: 216.138: Application time: 0.9578800 seconds
2024-10-07T16:17:43.435+0300: 216.138: [GC (Allocation Failure) 2024-10-07T16:17:43.435+0300: 216.139: [ParNew: 281289K->1457K(314560K), 0.0008041 secs] 285411K->5579K(1013632K), 0.0008904 secs] [Times: user=0.00 sys=0.00, real=0.00 secs] 
2024-10-07T16:17:43.435+0300: 216.139: Total time for which application threads were stopped: 0.0011968 seconds, Stopping threads took: 0.0001821 seconds
2024-10-07T16:17:44.371+0300: 217.070: Application time: 0.9304023 seconds
2024-10-07T16:17:44.371+0300: 217.070: [GC (Allocation Failure) 2024-10-07T16:17:44.371+0300: 217.070: [ParNew: 281073K->1482K(314560K), 0.0010095 secs] 285195K->5604K(1013632K), 0.0010904 secs] [Times: user=0.00 sys=0.00, real=0.00 secs] 
2024-10-07T16:17:44.371+0300: 217.071: Total time for which application threads were stopped: 0.0013365 seconds, Stopping threads took: 0.0001246 seconds
2024-10-07T16:17:45.288+0300: 217.995: Application time: 0.9234982 seconds
2024-10-07T16:17:45.288+0300: 217.995: [GC (Allocation Failure) 2024-10-07T16:17:45.288+0300: 217.995: [ParNew: 281098K->1532K(314560K), 0.0009718 secs] 285220K->5656K(1013632K), 0.0010420 secs] [Times: user=0.00 sys=0.00, real=0.00 secs] 
2024-10-07T16:17:45.288+0300: 217.996: Total time for which application threads were stopped: 0.0013105 seconds, Stopping threads took: 0.0001470 seconds
2024-10-07T16:17:46.213+0300: 218.919: Application time: 0.9235259 seconds
2024-10-07T16:17:46.213+0300: 218.920: [GC (Allocation Failure) 2024-10-07T16:17:46.213+0300: 218.920: [ParNew: 281148K->1532K(314560K), 0.0009604 secs] 285272K->5655K(1013632K), 0.0010444 secs] [Times: user=0.00 sys=0.00, real=0.00 secs] 
2024-10-07T16:17:46.213+0300: 218.921: Total time for which application threads were stopped: 0.0013116 seconds, Stopping threads took: 0.0001325 seconds
2024-10-07T16:17:47.176+0300: 219.877: Application time: 0.9557951 seconds
2024-10-07T16:17:47.176+0300: 219.877: [GC (Allocation Failure) 2024-10-07T16:17:47.176+0300: 219.877: [ParNew: 281148K->1511K(314560K), 0.0010039 secs] 285271K->5635K(1013632K), 0.0010713 secs] [Times: user=0.03 sys=0.00, real=0.00 secs] 
2024-10-07T16:17:47.176+0300: 219.878: Total time for which application threads were stopped: 0.0013434 seconds, Stopping threads took: 0.0001474 seconds
2024-10-07T16:17:48.112+0300: 220.809: Application time: 0.9310095 seconds
2024-10-07T16:17:48.112+0300: 220.809: [GC (Allocation Failure) 2024-10-07T16:17:48.112+0300: 220.809: [ParNew: 281127K->1500K(314560K), 0.0009402 secs] 285251K->5624K(1013632K), 0.0010071 secs] [Times: user=0.00 sys=0.00, real=0.00 secs] 
2024-10-07T16:17:48.112+0300: 220.810: Total time for which application threads were stopped: 0.0012632 seconds, Stopping threads took: 0.0001399 seconds
2024-10-07T16:17:49.068+0300: 221.769: Application time: 0.9584155 seconds
2024-10-07T16:17:49.068+0300: 221.769: [GC (Allocation Failure) 2024-10-07T16:17:49.068+0300: 221.769: [ParNew: 281116K->1492K(314560K), 0.0009595 secs] 285240K->5617K(1013632K), 0.0010366 secs] [Times: user=0.02 sys=0.00, real=0.00 secs] 
2024-10-07T16:17:49.068+0300: 221.770: Total time for which application threads were stopped: 0.0013207 seconds, Stopping threads took: 0.0001526 seconds
2024-10-07T16:17:50.010+0300: 222.709: Application time: 0.9385730 seconds
2024-10-07T16:17:50.010+0300: 222.709: [GC (Allocation Failure) 2024-10-07T16:17:50.010+0300: 222.709: [ParNew: 281108K->1584K(314560K), 0.0009355 secs] 285233K->5709K(1013632K), 0.0009954 secs] [Times: user=0.00 sys=0.00, real=0.00 secs] 
2024-10-07T16:17:50.010+0300: 222.710: Total time for which application threads were stopped: 0.0012245 seconds, Stopping threads took: 0.0001196 seconds
2024-10-07T16:17:50.968+0300: 223.666: Application time: 0.9563339 seconds
2024-10-07T16:17:50.968+0300: 223.666: [GC (Allocation Failure) 2024-10-07T16:17:50.968+0300: 223.666: [ParNew: 281200K->1672K(314560K), 0.0009726 secs] 285325K->5798K(1013632K), 0.0010450 secs] [Times: user=0.00 sys=0.00, real=0.00 secs] 
2024-10-07T16:17:50.968+0300: 223.667: Total time for which application threads were stopped: 0.0013140 seconds, Stopping threads took: 0.0001398 seconds
2024-10-07T16:17:51.885+0300: 224.586: Application time: 0.9186564 seconds
2024-10-07T16:17:51.885+0300: 224.586: [GC (Allocation Failure) 2024-10-07T16:17:51.885+0300: 224.586: [ParNew: 281288K->1545K(314560K), 0.0010312 secs] 285414K->5671K(1013632K), 0.0011133 secs] [Times: user=0.00 sys=0.00, real=0.00 secs] 
2024-10-07T16:17:51.885+0300: 224.587: Total time for which application threads were stopped: 0.0014180 seconds, Stopping threads took: 0.0001623 seconds
2024-10-07T16:17:52.804+0300: 225.505: Application time: 0.9177183 seconds
2024-10-07T16:17:52.804+0300: 225.505: [GC (Allocation Failure) 2024-10-07T16:17:52.804+0300: 225.506: [ParNew: 281161K->1532K(314560K), 0.0008972 secs] 285287K->5658K(1013632K), 0.0009653 secs] [Times: user=0.00 sys=0.00, real=0.00 secs] 
2024-10-07T16:17:52.804+0300: 225.506: Total time for which application threads were stopped: 0.0012738 seconds, Stopping threads took: 0.0001812 seconds
2024-10-07T16:17:53.730+0300: 226.440: Application time: 0.9331430 seconds
2024-10-07T16:17:53.745+0300: 226.440: [GC (Allocation Failure) 2024-10-07T16:17:53.745+0300: 226.440: [ParNew: 281148K->1572K(314560K), 0.0009093 secs] 285274K->5699K(1013632K), 0.0009735 secs] [Times: user=0.00 sys=0.00, real=0.00 secs] 
2024-10-07T16:17:53.745+0300: 226.441: Total time for which application threads were stopped: 0.0013032 seconds, Stopping threads took: 0.0002026 seconds
2024-10-07T16:17:54.690+0300: 227.389: Application time: 0.9476752 seconds
2024-10-07T16:17:54.690+0300: 227.389: [GC (Allocation Failure) 2024-10-07T16:17:54.690+0300: 227.389: [ParNew: 281188K->1581K(314560K), 0.0010141 secs] 285315K->5708K(1013632K), 0.0011070 secs] [Times: user=0.00 sys=0.00, real=0.00 secs] 
2024-10-07T16:17:54.690+0300: 227.390: Total time for which application threads were stopped: 0.0013833 seconds, Stopping threads took: 0.0001476 seconds
2024-10-07T16:17:55.627+0300: 228.327: Application time: 0.9367574 seconds
2024-10-07T16:17:55.627+0300: 228.327: [GC (Allocation Failure) 2024-10-07T16:17:55.627+0300: 228.327: [ParNew: 281197K->1584K(314560K), 0.0008892 secs] 285324K->5711K(1013632K), 0.0009544 secs] [Times: user=0.00 sys=0.00, real=0.00 secs] 
2024-10-07T16:17:55.627+0300: 228.328: Total time for which application threads were stopped: 0.0012556 seconds, Stopping threads took: 0.0001784 seconds
2024-10-07T16:17:56.594+0300: 229.290: Application time: 0.9622287 seconds
2024-10-07T16:17:56.594+0300: 229.291: [GC (Allocation Failure) 2024-10-07T16:17:56.594+0300: 229.291: [ParNew: 281200K->1573K(314560K), 0.0010224 secs] 285327K->5701K(1013632K), 0.0011045 secs] [Times: user=0.00 sys=0.00, real=0.00 secs] 
2024-10-07T16:17:56.594+0300: 229.292: Total time for which application threads were stopped: 0.0014290 seconds, Stopping threads took: 0.0001876 seconds
2024-10-07T16:17:57.526+0300: 230.221: Application time: 0.9292749 seconds
2024-10-07T16:17:57.526+0300: 230.221: [GC (Allocation Failure) 2024-10-07T16:17:57.526+0300: 230.221: [ParNew: 281189K->1495K(314560K), 0.0009545 secs] 285317K->5623K(1013632K), 0.0010193 secs] [Times: user=0.00 sys=0.00, real=0.00 secs] 
2024-10-07T16:17:57.526+0300: 230.222: Total time for which application threads were stopped: 0.0012494 seconds, Stopping threads took: 0.0001040 seconds
2024-10-07T16:17:58.498+0300: 231.196: Application time: 0.9742415 seconds
2024-10-07T16:17:58.498+0300: 231.197: [GC (Allocation Failure) 2024-10-07T16:17:58.498+0300: 231.197: [ParNew: 281111K->1496K(314560K), 0.0008702 secs] 285239K->5624K(1013632K), 0.0009311 secs] [Times: user=0.00 sys=0.00, real=0.00 secs] 
2024-10-07T16:17:58.498+0300: 231.198: Total time for which application threads were stopped: 0.0011877 seconds, Stopping threads took: 0.0001287 seconds
2024-10-07T16:17:59.423+0300: 232.121: Application time: 0.9231835 seconds
2024-10-07T16:17:59.423+0300: 232.121: [GC (Allocation Failure) 2024-10-07T16:17:59.423+0300: 232.121: [ParNew: 281112K->1497K(314560K), 0.0012043 secs] 285240K->5626K(1013632K), 0.0012800 secs] [Times: user=0.00 sys=0.00, real=0.00 secs] 
2024-10-07T16:17:59.423+0300: 232.122: Total time for which application threads were stopped: 0.0015552 seconds, Stopping threads took: 0.0001615 seconds
2024-10-07T16:18:00.365+0300: 233.070: Application time: 0.9472263 seconds
2024-10-07T16:18:00.365+0300: 233.070: [GC (Allocation Failure) 2024-10-07T16:18:00.365+0300: 233.070: [ParNew: 281113K->1497K(314560K), 0.0009009 secs] 285242K->5626K(1013632K), 0.0009559 secs] [Times: user=0.00 sys=0.00, real=0.00 secs] 
2024-10-07T16:18:00.365+0300: 233.071: Total time for which application threads were stopped: 0.0012186 seconds, Stopping threads took: 0.0001657 seconds
2024-10-07T16:18:01.291+0300: 233.997: Application time: 0.9264065 seconds
2024-10-07T16:18:01.303+0300: 233.998: [GC (Allocation Failure) 2024-10-07T16:18:01.303+0300: 233.998: [ParNew: 281113K->1690K(314560K), 0.0011591 secs] 285242K->5819K(1013632K), 0.0012384 secs] [Times: user=0.00 sys=0.00, real=0.00 secs] 
2024-10-07T16:18:01.303+0300: 233.999: Total time for which application threads were stopped: 0.0015560 seconds, Stopping threads took: 0.0001892 seconds
2024-10-07T16:18:02.248+0300: 234.950: Application time: 0.9507058 seconds
2024-10-07T16:18:02.248+0300: 234.950: [GC (Allocation Failure) 2024-10-07T16:18:02.248+0300: 234.950: [ParNew: 281306K->1457K(314560K), 0.0010089 secs] 285435K->5586K(1013632K), 0.0010734 secs] [Times: user=0.00 sys=0.00, real=0.00 secs] 
2024-10-07T16:18:02.248+0300: 234.951: Total time for which application threads were stopped: 0.0013391 seconds, Stopping threads took: 0.0001422 seconds
2024-10-07T16:18:03.206+0300: 235.903: Application time: 0.9518049 seconds
2024-10-07T16:18:03.206+0300: 235.903: [GC (Allocation Failure) 2024-10-07T16:18:03.206+0300: 235.903: [ParNew: 281073K->1522K(314560K), 0.0009515 secs] 285202K->5652K(1013632K), 0.0010142 secs] [Times: user=0.00 sys=0.00, real=0.00 secs] 
2024-10-07T16:18:03.206+0300: 235.904: Total time for which application threads were stopped: 0.0012309 seconds, Stopping threads took: 0.0000832 seconds
2024-10-07T16:18:04.147+0300: 236.852: Application time: 0.9484821 seconds
2024-10-07T16:18:04.147+0300: 236.853: [GC (Allocation Failure) 2024-10-07T16:18:04.147+0300: 236.853: [ParNew: 281138K->1584K(314560K), 0.0008634 secs] 285268K->5715K(1013632K), 0.0009289 secs] [Times: user=0.00 sys=0.00, real=0.00 secs] 
2024-10-07T16:18:04.147+0300: 236.854: Total time for which application threads were stopped: 0.0012189 seconds, Stopping threads took: 0.0001756 seconds
2024-10-07T16:18:05.071+0300: 237.780: Application time: 0.9261217 seconds
2024-10-07T16:18:05.071+0300: 237.780: [GC (Allocation Failure) 2024-10-07T16:18:05.071+0300: 237.780: [ParNew: 281200K->1587K(314560K), 0.0008661 secs] 285331K->5718K(1013632K), 0.0009426 secs] [Times: user=0.00 sys=0.00, real=0.00 secs] 
2024-10-07T16:18:05.071+0300: 237.781: Total time for which application threads were stopped: 0.0012533 seconds, Stopping threads took: 0.0001700 seconds
2024-10-07T16:18:06.029+0300: 238.736: Application time: 0.9549424 seconds
2024-10-07T16:18:06.029+0300: 238.736: [GC (Allocation Failure) 2024-10-07T16:18:06.029+0300: 238.736: [ParNew: 281203K->1497K(314560K), 0.0008917 secs] 285334K->5628K(1013632K), 0.0009476 secs] [Times: user=0.00 sys=0.00, real=0.00 secs] 
2024-10-07T16:18:06.029+0300: 238.737: Total time for which application threads were stopped: 0.0012075 seconds, Stopping threads took: 0.0001513 seconds
2024-10-07T16:18:06.955+0300: 239.657: Application time: 0.9195746 seconds
2024-10-07T16:18:06.955+0300: 239.657: [GC (Allocation Failure) 2024-10-07T16:18:06.955+0300: 239.657: [ParNew: 281113K->1586K(314560K), 0.0008934 secs] 285244K->5718K(1013632K), 0.0009405 secs] [Times: user=0.00 sys=0.00, real=0.00 secs] 
2024-10-07T16:18:06.955+0300: 239.658: Total time for which application threads were stopped: 0.0011913 seconds, Stopping threads took: 0.0001495 seconds
2024-10-07T16:18:07.881+0300: 240.579: Application time: 0.9213379 seconds
2024-10-07T16:18:07.881+0300: 240.580: [GC (Allocation Failure) 2024-10-07T16:18:07.881+0300: 240.580: [ParNew: 281202K->1674K(314560K), 0.0009498 secs] 285334K->5806K(1013632K), 0.0011296 secs] [Times: user=0.00 sys=0.00, real=0.00 secs] 
2024-10-07T16:18:07.881+0300: 240.581: Total time for which application threads were stopped: 0.0014294 seconds, Stopping threads took: 0.0001709 seconds
2024-10-07T16:18:08.817+0300: 241.517: Application time: 0.9359414 seconds
2024-10-07T16:18:08.817+0300: 241.517: [GC (Allocation Failure) 2024-10-07T16:18:08.817+0300: 241.517: [ParNew: 281290K->1497K(314560K), 0.0009888 secs] 285422K->5629K(1013632K), 0.0010441 secs] [Times: user=0.02 sys=0.00, real=0.01 secs] 
2024-10-07T16:18:08.823+0300: 241.518: Total time for which application threads were stopped: 0.0013309 seconds, Stopping threads took: 0.0001873 seconds
2024-10-07T16:18:09.749+0300: 242.452: Application time: 0.9337399 seconds
2024-10-07T16:18:09.749+0300: 242.452: [GC (Allocation Failure) 2024-10-07T16:18:09.749+0300: 242.452: [ParNew: 281113K->1580K(314560K), 0.0008707 secs] 285245K->5713K(1013632K), 0.0009483 secs] [Times: user=0.00 sys=0.00, real=0.00 secs] 
2024-10-07T16:18:09.749+0300: 242.453: Total time for which application threads were stopped: 0.0012492 seconds, Stopping threads took: 0.0001613 seconds
2024-10-07T16:18:10.706+0300: 243.408: Application time: 0.9553916 seconds
2024-10-07T16:18:10.706+0300: 243.409: [GC (Allocation Failure) 2024-10-07T16:18:10.706+0300: 243.409: [ParNew: 281196K->1583K(314560K), 0.0009652 secs] 285329K->5716K(1013632K), 0.0010236 secs] [Times: user=0.00 sys=0.00, real=0.00 secs] 
2024-10-07T16:18:10.706+0300: 243.410: Total time for which application threads were stopped: 0.0012999 seconds, Stopping threads took: 0.0001622 seconds
2024-10-07T16:18:11.647+0300: 244.354: Application time: 0.9447538 seconds
2024-10-07T16:18:11.647+0300: 244.355: [GC (Allocation Failure) 2024-10-07T16:18:11.647+0300: 244.355: [ParNew: 281199K->1496K(314560K), 0.0009641 secs] 285332K->5629K(1013632K), 0.0010139 secs] [Times: user=0.00 sys=0.00, real=0.00 secs] 
2024-10-07T16:18:11.647+0300: 244.356: Total time for which application threads were stopped: 0.0012649 seconds, Stopping threads took: 0.0001390 seconds
2024-10-07T16:18:12.589+0300: 245.292: Application time: 0.9362041 seconds
2024-10-07T16:18:12.589+0300: 245.292: [GC (Allocation Failure) 2024-10-07T16:18:12.589+0300: 245.292: [ParNew: 281112K->1657K(314560K), 0.0010035 secs] 285245K->5791K(1013632K), 0.0010857 secs] [Times: user=0.00 sys=0.00, real=0.00 secs] 
2024-10-07T16:18:12.589+0300: 245.293: Total time for which application threads were stopped: 0.0013026 seconds, Stopping threads took: 0.0000876 seconds
2024-10-07T16:18:13.530+0300: 246.239: Application time: 0.9462487 seconds
2024-10-07T16:18:13.530+0300: 246.240: [GC (Allocation Failure) 2024-10-07T16:18:13.530+0300: 246.240: [ParNew: 281273K->1688K(314560K), 0.0009658 secs] 285407K->5822K(1013632K), 0.0010204 secs] [Times: user=0.02 sys=0.00, real=0.02 secs] 
2024-10-07T16:18:13.546+0300: 246.241: Total time for which application threads were stopped: 0.0012758 seconds, Stopping threads took: 0.0001524 seconds
2024-10-07T16:18:14.456+0300: 247.160: Application time: 0.9192979 seconds
2024-10-07T16:18:14.456+0300: 247.160: [GC (Allocation Failure) 2024-10-07T16:18:14.456+0300: 247.160: [ParNew: 281304K->1514K(314560K), 0.0008836 secs] 285438K->5648K(1013632K), 0.0009274 secs] [Times: user=0.00 sys=0.00, real=0.00 secs] 
2024-10-07T16:18:14.456+0300: 247.161: Total time for which application threads were stopped: 0.0011529 seconds, Stopping threads took: 0.0001097 seconds
2024-10-07T16:18:15.381+0300: 248.082: Application time: 0.9210667 seconds
2024-10-07T16:18:15.381+0300: 248.082: [GC (Allocation Failure) 2024-10-07T16:18:15.381+0300: 248.083: [ParNew: 281130K->1579K(314560K), 0.0008877 secs] 285264K->5714K(1013632K), 0.0009521 secs] [Times: user=0.00 sys=0.00, real=0.00 secs] 
2024-10-07T16:18:15.381+0300: 248.083: Total time for which application threads were stopped: 0.0012254 seconds, Stopping threads took: 0.0001502 seconds
2024-10-07T16:18:16.323+0300: 249.024: Application time: 0.9408042 seconds
2024-10-07T16:18:16.323+0300: 249.024: [GC (Allocation Failure) 2024-10-07T16:18:16.323+0300: 249.025: [ParNew: 281195K->1482K(314560K), 0.0008792 secs] 285330K->5617K(1013632K), 0.0009283 secs] [Times: user=0.00 sys=0.00, real=0.01 secs] 
2024-10-07T16:18:16.331+0300: 249.025: Total time for which application threads were stopped: 0.0011931 seconds, Stopping threads took: 0.0001469 seconds
2024-10-07T16:18:17.265+0300: 249.963: Application time: 0.9374178 seconds
2024-10-07T16:18:17.265+0300: 249.963: [GC (Allocation Failure) 2024-10-07T16:18:17.265+0300: 249.963: [ParNew: 281098K->1493K(314560K), 0.0008438 secs] 285233K->5629K(1013632K), 0.0009046 secs] [Times: user=0.00 sys=0.00, real=0.00 secs] 
2024-10-07T16:18:17.265+0300: 249.964: Total time for which application threads were stopped: 0.0011783 seconds, Stopping threads took: 0.0001721 seconds
2024-10-07T16:18:18.206+0300: 250.909: Application time: 0.9447931 seconds
2024-10-07T16:18:18.206+0300: 250.909: [GC (Allocation Failure) 2024-10-07T16:18:18.206+0300: 250.909: [ParNew: 281109K->1594K(314560K), 0.0009080 secs] 285245K->5730K(1013632K), 0.0009602 secs] [Times: user=0.00 sys=0.00, real=0.00 secs] 
2024-10-07T16:18:18.206+0300: 250.910: Total time for which application threads were stopped: 0.0011785 seconds, Stopping threads took: 0.0001023 seconds
2024-10-07T16:18:19.148+0300: 251.848: Application time: 0.9382001 seconds
2024-10-07T16:18:19.148+0300: 251.848: [GC (Allocation Failure) 2024-10-07T16:18:19.148+0300: 251.848: [ParNew: 281210K->1565K(314560K), 0.0008768 secs] 285346K->5702K(1013632K), 0.0009249 secs] [Times: user=0.00 sys=0.00, real=0.00 secs] 
2024-10-07T16:18:19.148+0300: 251.849: Total time for which application threads were stopped: 0.0011538 seconds, Stopping threads took: 0.0001241 seconds
2024-10-07T16:18:20.089+0300: 252.794: Application time: 0.9442846 seconds
2024-10-07T16:18:20.089+0300: 252.794: [GC (Allocation Failure) 2024-10-07T16:18:20.089+0300: 252.794: [ParNew: 281181K->1404K(314560K), 0.0008515 secs] 285318K->5541K(1013632K), 0.0009050 secs] [Times: user=0.00 sys=0.00, real=0.00 secs] 
2024-10-07T16:18:20.089+0300: 252.795: Total time for which application threads were stopped: 0.0012539 seconds, Stopping threads took: 0.0002471 seconds
2024-10-07T16:18:21.030+0300: 253.731: Application time: 0.9355810 seconds
2024-10-07T16:18:21.030+0300: 253.731: [GC (Allocation Failure) 2024-10-07T16:18:21.030+0300: 253.731: [ParNew: 281020K->1683K(314560K), 0.0008673 secs] 285157K->5820K(1013632K), 0.0009222 secs] [Times: user=0.00 sys=0.00, real=0.00 secs] 
2024-10-07T16:18:21.030+0300: 253.732: Total time for which application threads were stopped: 0.0011643 seconds, Stopping threads took: 0.0001351 seconds
2024-10-07T16:18:21.956+0300: 254.652: Application time: 0.9200220 seconds
2024-10-07T16:18:21.956+0300: 254.652: [GC (Allocation Failure) 2024-10-07T16:18:21.956+0300: 254.654: [ParNew: 281299K->1489K(314560K), 0.0008884 secs] 285436K->5627K(1013632K), 0.0032085 secs] [Times: user=0.00 sys=0.00, real=0.00 secs] 
2024-10-07T16:18:21.956+0300: 254.655: Total time for which application threads were stopped: 0.0035900 seconds, Stopping threads took: 0.0002758 seconds
2024-10-07T16:18:22.882+0300: 255.579: Application time: 0.9235730 seconds
2024-10-07T16:18:22.882+0300: 255.579: [GC (Allocation Failure) 2024-10-07T16:18:22.882+0300: 255.579: [ParNew: 281105K->1506K(314560K), 0.0009059 secs] 285243K->5644K(1013632K), 0.0009572 secs] [Times: user=0.00 sys=0.00, real=0.00 secs] 
2024-10-07T16:18:22.882+0300: 255.580: Total time for which application threads were stopped: 0.0012134 seconds, Stopping threads took: 0.0001512 seconds
2024-10-07T16:18:23.823+0300: 256.524: Application time: 0.9437780 seconds
2024-10-07T16:18:23.823+0300: 256.524: [GC (Allocation Failure) 2024-10-07T16:18:23.823+0300: 256.524: [ParNew: 281122K->1562K(314560K), 0.0009896 secs] 285260K->5701K(1013632K), 0.0010626 secs] [Times: user=0.00 sys=0.00, real=0.00 secs] 
2024-10-07T16:18:23.823+0300: 256.525: Total time for which application threads were stopped: 0.0013309 seconds, Stopping threads took: 0.0001473 seconds
2024-10-07T16:18:24.781+0300: 257.479: Application time: 0.9542147 seconds
2024-10-07T16:18:24.781+0300: 257.480: [GC (Allocation Failure) 2024-10-07T16:18:24.781+0300: 257.480: [ParNew: 281178K->1576K(314560K), 0.0008267 secs] 285317K->5715K(1013632K), 0.0008801 secs] [Times: user=0.01 sys=0.00, real=0.00 secs] 
2024-10-07T16:18:24.781+0300: 257.481: Total time for which application threads were stopped: 0.0011631 seconds, Stopping threads took: 0.0001854 seconds
2024-10-07T16:18:25.000+0300: 257.699: Application time: 0.2184800 seconds
2024-10-07T16:18:25.000+0300: 257.699: Total time for which application threads were stopped: 0.0001587 seconds, Stopping threads took: 0.0001093 seconds
2024-10-07T16:18:25.533+0300: 258.229: Application time: 0.5300202 seconds
2024-10-07T16:18:25.533+0300: 258.229: Total time for which application threads were stopped: 0.0001697 seconds, Stopping threads took: 0.0001034 seconds
2024-10-07T16:18:25.706+0300: 258.414: Application time: 0.1842899 seconds
2024-10-07T16:18:25.706+0300: 258.414: Total time for which application threads were stopped: 0.0001677 seconds, Stopping threads took: 0.0001186 seconds
2024-10-07T16:18:25.973+0300: 258.680: Application time: 0.2656807 seconds
2024-10-07T16:18:25.989+0300: 258.684: Total time for which application threads were stopped: 0.0044865 seconds, Stopping threads took: 0.0043498 seconds
2024-10-07T16:18:26.005+0300: 258.713: Application time: 0.0284922 seconds
2024-10-07T16:18:26.005+0300: 258.713: [GC (Allocation Failure) 2024-10-07T16:18:26.005+0300: 258.713: [ParNew: 281192K->1490K(314560K), 0.0008447 secs] 285331K->5628K(1013632K), 0.0008935 secs] [Times: user=0.00 sys=0.00, real=0.00 secs] 
2024-10-07T16:18:26.005+0300: 258.714: Total time for which application threads were stopped: 0.0011587 seconds, Stopping threads took: 0.0001691 seconds
2024-10-07T16:18:26.977+0300: 259.675: Application time: 0.9608774 seconds
2024-10-07T16:18:26.977+0300: 259.675: [GC (Allocation Failure) 2024-10-07T16:18:26.977+0300: 259.675: [ParNew: 281106K->1517K(314560K), 0.0008803 secs] 285244K->5656K(1013632K), 0.0009375 secs] [Times: user=0.00 sys=0.00, real=0.00 secs] 
2024-10-07T16:18:26.977+0300: 259.676: Total time for which application threads were stopped: 0.0012634 seconds, Stopping threads took: 0.0002009 seconds
2024-10-07T16:18:27.888+0300: 260.596: Application time: 0.9197978 seconds
2024-10-07T16:18:27.888+0300: 260.596: [GC (Allocation Failure) 2024-10-07T16:18:27.888+0300: 260.596: [ParNew: 281133K->1593K(314560K), 0.0009166 secs] 285272K->5733K(1013632K), 0.0009677 secs] [Times: user=0.00 sys=0.00, real=0.00 secs] 
2024-10-07T16:18:27.888+0300: 260.597: Total time for which application threads were stopped: 0.0012171 seconds, Stopping threads took: 0.0001286 seconds
2024-10-07T16:18:28.854+0300: 261.552: Application time: 0.9555997 seconds
2024-10-07T16:18:28.854+0300: 261.553: [GC (Allocation Failure) 2024-10-07T16:18:28.854+0300: 261.553: [ParNew: 281209K->1636K(314560K), 0.0011667 secs] 285349K->5776K(1013632K), 0.0012149 secs] [Times: user=0.00 sys=0.00, real=0.00 secs] 
2024-10-07T16:18:28.854+0300: 261.554: Total time for which application threads were stopped: 0.0014349 seconds, Stopping threads took: 0.0001330 seconds
2024-10-07T16:18:29.771+0300: 262.473: Application time: 0.9191931 seconds
2024-10-07T16:18:29.771+0300: 262.473: [GC (Allocation Failure) 2024-10-07T16:18:29.771+0300: 262.473: [ParNew: 281252K->1515K(314560K), 0.0009464 secs] 285392K->5656K(1013632K), 0.0010215 secs] [Times: user=0.00 sys=0.00, real=0.00 secs] 
2024-10-07T16:18:29.771+0300: 262.474: Total time for which application threads were stopped: 0.0012949 seconds, Stopping threads took: 0.0001617 seconds
2024-10-07T16:18:30.696+0300: 263.393: Application time: 0.9189941 seconds
2024-10-07T16:18:30.696+0300: 263.394: [GC (Allocation Failure) 2024-10-07T16:18:30.696+0300: 263.394: [ParNew: 281131K->1677K(314560K), 0.0009226 secs] 285272K->5818K(1013632K), 0.0009767 secs] [Times: user=0.00 sys=0.00, real=0.00 secs] 
2024-10-07T16:18:30.696+0300: 263.395: Total time for which application threads were stopped: 0.0012327 seconds, Stopping threads took: 0.0001597 seconds
2024-10-07T16:18:31.623+0300: 264.318: Application time: 0.9230924 seconds
2024-10-07T16:18:31.623+0300: 264.318: [GC (Allocation Failure) 2024-10-07T16:18:31.623+0300: 264.318: [ParNew: 281293K->1491K(314560K), 0.0008693 secs] 285434K->5645K(1013632K), 0.0009326 secs] [Times: user=0.00 sys=0.00, real=0.00 secs] 
2024-10-07T16:18:31.623+0300: 264.319: Total time for which application threads were stopped: 0.0011932 seconds, Stopping threads took: 0.0001583 seconds
2024-10-07T16:18:32.533+0300: 265.240: Application time: 0.9207649 seconds
2024-10-07T16:18:32.533+0300: 265.240: [GC (Allocation Failure) 2024-10-07T16:18:32.533+0300: 265.240: [ParNew: 281107K->1529K(314560K), 0.0009859 secs] 285261K->5683K(1013632K), 0.0010328 secs] [Times: user=0.00 sys=0.00, real=0.00 secs] 
2024-10-07T16:18:32.533+0300: 265.241: Total time for which application threads were stopped: 0.0012912 seconds, Stopping threads took: 0.0001693 seconds
2024-10-07T16:18:33.507+0300: 266.207: Application time: 0.9655747 seconds
2024-10-07T16:18:33.507+0300: 266.207: [GC (Allocation Failure) 2024-10-07T16:18:33.507+0300: 266.207: [ParNew: 281145K->1527K(314560K), 0.0008899 secs] 285299K->5681K(1013632K), 0.0009553 secs] [Times: user=0.00 sys=0.00, real=0.00 secs] 
2024-10-07T16:18:33.507+0300: 266.208: Total time for which application threads were stopped: 0.0011594 seconds, Stopping threads took: 0.0000873 seconds
2024-10-07T16:18:34.464+0300: 267.172: Application time: 0.9641830 seconds
2024-10-07T16:18:34.464+0300: 267.172: [GC (Allocation Failure) 2024-10-07T16:18:34.464+0300: 267.172: [ParNew: 281143K->1564K(314560K), 0.0009291 secs] 285297K->5719K(1013632K), 0.0009818 secs] [Times: user=0.00 sys=0.00, real=0.00 secs] 
2024-10-07T16:18:34.464+0300: 267.173: Total time for which application threads were stopped: 0.0012429 seconds, Stopping threads took: 0.0001667 seconds
2024-10-07T16:18:35.405+0300: 268.107: Application time: 0.9335331 seconds
2024-10-07T16:18:35.405+0300: 268.107: [GC (Allocation Failure) 2024-10-07T16:18:35.405+0300: 268.107: [ParNew: 281180K->1564K(314560K), 0.0008876 secs] 285335K->5719K(1013632K), 0.0009321 secs] [Times: user=0.00 sys=0.00, real=0.00 secs] 
2024-10-07T16:18:35.405+0300: 268.108: Total time for which application threads were stopped: 0.0012156 seconds, Stopping threads took: 0.0001872 seconds
2024-10-07T16:18:36.346+0300: 269.052: Application time: 0.9438897 seconds
2024-10-07T16:18:36.346+0300: 269.052: [GC (Allocation Failure) 2024-10-07T16:18:36.346+0300: 269.052: [ParNew: 281180K->1592K(314560K), 0.0008696 secs] 285335K->5747K(1013632K), 0.0009181 secs] [Times: user=0.00 sys=0.00, real=0.00 secs] 
2024-10-07T16:18:36.346+0300: 269.053: Total time for which application threads were stopped: 0.0011596 seconds, Stopping threads took: 0.0001525 seconds
2024-10-07T16:18:37.273+0300: 269.976: Application time: 0.9234841 seconds
2024-10-07T16:18:37.273+0300: 269.977: [GC (Allocation Failure) 2024-10-07T16:18:37.273+0300: 269.977: [ParNew: 281208K->1499K(314560K), 0.0008835 secs] 285363K->5655K(1013632K), 0.0009320 secs] [Times: user=0.00 sys=0.00, real=0.00 secs] 
2024-10-07T16:18:37.273+0300: 269.978: Total time for which application threads were stopped: 0.0011402 seconds, Stopping threads took: 0.0001147 seconds
2024-10-07T16:18:38.199+0300: 270.900: Application time: 0.9220834 seconds
2024-10-07T16:18:38.199+0300: 270.900: [GC (Allocation Failure) 2024-10-07T16:18:38.199+0300: 270.900: [ParNew: 281115K->1691K(314560K), 0.0009518 secs] 285271K->5847K(1013632K), 0.0009951 secs] [Times: user=0.00 sys=0.00, real=0.00 secs] 
2024-10-07T16:18:38.199+0300: 270.901: Total time for which application threads were stopped: 0.0011820 seconds, Stopping threads took: 0.0001001 seconds
2024-10-07T16:18:39.124+0300: 271.825: Application time: 0.9236410 seconds
2024-10-07T16:18:39.124+0300: 271.825: [GC (Allocation Failure) 2024-10-07T16:18:39.124+0300: 271.825: [ParNew: 281307K->1497K(314560K), 0.0008788 secs] 285463K->5654K(1013632K), 0.0009358 secs] [Times: user=0.00 sys=0.00, real=0.00 secs] 
2024-10-07T16:18:39.124+0300: 271.826: Total time for which application threads were stopped: 0.0012115 seconds, Stopping threads took: 0.0001684 seconds
2024-10-07T16:18:40.050+0300: 272.756: Application time: 0.9299060 seconds
2024-10-07T16:18:40.050+0300: 272.756: [GC (Allocation Failure) 2024-10-07T16:18:40.050+0300: 272.756: [ParNew: 281113K->1485K(314560K), 0.0008911 secs] 285270K->5642K(1013632K), 0.0009465 secs] [Times: user=0.00 sys=0.00, real=0.00 secs] 
2024-10-07T16:18:40.050+0300: 272.757: Total time for which application threads were stopped: 0.0011970 seconds, Stopping threads took: 0.0001412 seconds
2024-10-07T16:18:41.023+0300: 273.720: Application time: 0.9634723 seconds
2024-10-07T16:18:41.023+0300: 273.721: [GC (Allocation Failure) 2024-10-07T16:18:41.023+0300: 273.721: [ParNew: 281101K->1615K(314560K), 0.0009290 secs] 285258K->5773K(1013632K), 0.0010018 secs] [Times: user=0.00 sys=0.00, real=0.00 secs] 
2024-10-07T16:18:41.023+0300: 273.722: Total time for which application threads were stopped: 0.0012385 seconds, Stopping threads took: 0.0001216 seconds
2024-10-07T16:18:41.980+0300: 274.677: Application time: 0.9553419 seconds
2024-10-07T16:18:41.980+0300: 274.677: [GC (Allocation Failure) 2024-10-07T16:18:41.980+0300: 274.677: [ParNew: 281231K->1610K(314560K), 0.0008875 secs] 285389K->5768K(1013632K), 0.0009376 secs] [Times: user=0.02 sys=0.00, real=0.00 secs] 
2024-10-07T16:18:41.980+0300: 274.678: Total time for which application threads were stopped: 0.0011991 seconds, Stopping threads took: 0.0001705 seconds
2024-10-07T16:18:42.922+0300: 275.628: Application time: 0.9496244 seconds
2024-10-07T16:18:42.922+0300: 275.628: [GC (Allocation Failure) 2024-10-07T16:18:42.922+0300: 275.628: [ParNew: 281226K->1571K(314560K), 0.0009071 secs] 285384K->5729K(1013632K), 0.0009552 secs] [Times: user=0.00 sys=0.00, real=0.00 secs] 
2024-10-07T16:18:42.922+0300: 275.629: Total time for which application threads were stopped: 0.0012206 seconds, Stopping threads took: 0.0001710 seconds
2024-10-07T16:18:43.847+0300: 276.554: Application time: 0.9249461 seconds
2024-10-07T16:18:43.847+0300: 276.554: [GC (Allocation Failure) 2024-10-07T16:18:43.847+0300: 276.554: [ParNew: 281187K->1489K(314560K), 0.0008718 secs] 285345K->5648K(1013632K), 0.0009082 secs] [Times: user=0.00 sys=0.00, real=0.00 secs] 
2024-10-07T16:18:43.847+0300: 276.555: Total time for which application threads were stopped: 0.0011286 seconds, Stopping threads took: 0.0001408 seconds
2024-10-07T16:18:44.773+0300: 277.472: Application time: 0.9165035 seconds
2024-10-07T16:18:44.773+0300: 277.472: [GC (Allocation Failure) 2024-10-07T16:18:44.773+0300: 277.472: [ParNew: 281105K->1672K(314560K), 0.0009114 secs] 285264K->5831K(1013632K), 0.0009600 secs] [Times: user=0.00 sys=0.00, real=0.00 secs] 
2024-10-07T16:18:44.773+0300: 277.473: Total time for which application threads were stopped: 0.0012576 seconds, Stopping threads took: 0.0001908 seconds
2024-10-07T16:18:45.698+0300: 278.397: Application time: 0.9246049 seconds
2024-10-07T16:18:45.698+0300: 278.398: [GC (Allocation Failure) 2024-10-07T16:18:45.698+0300: 278.398: [ParNew: 281288K->1602K(314560K), 0.0009366 secs] 285447K->5761K(1013632K), 0.0009916 secs] [Times: user=0.00 sys=0.00, real=0.00 secs] 
2024-10-07T16:18:45.698+0300: 278.399: Total time for which application threads were stopped: 0.0012186 seconds, Stopping threads took: 0.0001341 seconds
2024-10-07T16:18:46.629+0300: 279.326: Application time: 0.9274701 seconds
2024-10-07T16:18:46.629+0300: 279.326: [GC (Allocation Failure) 2024-10-07T16:18:46.629+0300: 279.326: [ParNew: 281218K->1525K(314560K), 0.0008693 secs] 285377K->5685K(1013632K), 0.0009277 secs] [Times: user=0.00 sys=0.00, real=0.00 secs] 
2024-10-07T16:18:46.629+0300: 279.327: Total time for which application threads were stopped: 0.0011913 seconds, Stopping threads took: 0.0001603 seconds
2024-10-07T16:18:47.550+0300: 280.256: Application time: 0.9286810 seconds
2024-10-07T16:18:47.550+0300: 280.256: [GC (Allocation Failure) 2024-10-07T16:18:47.550+0300: 280.256: [ParNew: 281141K->1580K(314560K), 0.0009125 secs] 285301K->5740K(1013632K), 0.0009622 secs] [Times: user=0.00 sys=0.00, real=0.00 secs] 
2024-10-07T16:18:47.550+0300: 280.257: Total time for which application threads were stopped: 0.0012411 seconds, Stopping threads took: 0.0001765 seconds
2024-10-07T16:18:48.522+0300: 281.230: Application time: 0.9722978 seconds
2024-10-07T16:18:48.522+0300: 281.230: [GC (Allocation Failure) 2024-10-07T16:18:48.522+0300: 281.230: [ParNew: 281196K->1665K(314560K), 0.0008614 secs] 285356K->5825K(1013632K), 0.0009184 secs] [Times: user=0.00 sys=0.00, real=0.00 secs] 
2024-10-07T16:18:48.522+0300: 281.231: Total time for which application threads were stopped: 0.0012004 seconds, Stopping threads took: 0.0001828 seconds
2024-10-07T16:18:49.464+0300: 282.174: Application time: 0.9436125 seconds
2024-10-07T16:18:49.480+0300: 282.175: [GC (Allocation Failure) 2024-10-07T16:18:49.480+0300: 282.175: [ParNew: 281281K->1578K(314560K), 0.0009271 secs] 285441K->5739K(1013632K), 0.0009819 secs] [Times: user=0.00 sys=0.00, real=0.00 secs] 
2024-10-07T16:18:49.480+0300: 282.176: Total time for which application threads were stopped: 0.0012365 seconds, Stopping threads took: 0.0001207 seconds
2024-10-07T16:18:50.421+0300: 283.128: Application time: 0.9521147 seconds
2024-10-07T16:18:50.421+0300: 283.128: [GC (Allocation Failure) 2024-10-07T16:18:50.421+0300: 283.128: [ParNew: 281194K->1582K(314560K), 0.0009374 secs] 285355K->5744K(1013632K), 0.0009820 secs] [Times: user=0.00 sys=0.00, real=0.00 secs] 
2024-10-07T16:18:50.421+0300: 283.129: Total time for which application threads were stopped: 0.0012276 seconds, Stopping threads took: 0.0001549 seconds
2024-10-07T16:18:51.347+0300: 284.047: Application time: 0.9177058 seconds
2024-10-07T16:18:51.347+0300: 284.047: [GC (Allocation Failure) 2024-10-07T16:18:51.347+0300: 284.047: [ParNew: 281198K->1585K(314560K), 0.0008640 secs] 285360K->5747K(1013632K), 0.0009073 secs] [Times: user=0.00 sys=0.00, real=0.00 secs] 
2024-10-07T16:18:51.347+0300: 284.048: Total time for which application threads were stopped: 0.0011128 seconds, Stopping threads took: 0.0001235 seconds
2024-10-07T16:18:52.257+0300: 284.965: Application time: 0.9173700 seconds
2024-10-07T16:18:52.257+0300: 284.965: [GC (Allocation Failure) 2024-10-07T16:18:52.257+0300: 284.965: [ParNew: 281201K->1498K(314560K), 0.0008861 secs] 285363K->5659K(1013632K), 0.0009386 secs] [Times: user=0.00 sys=0.00, real=0.00 secs] 
2024-10-07T16:18:52.257+0300: 284.966: Total time for which application threads were stopped: 0.0012024 seconds, Stopping threads took: 0.0001703 seconds
2024-10-07T16:18:53.182+0300: 285.891: Application time: 0.9244774 seconds
2024-10-07T16:18:53.182+0300: 285.891: [GC (Allocation Failure) 2024-10-07T16:18:53.182+0300: 285.891: [ParNew: 281114K->1498K(314560K), 0.0009210 secs] 285275K->5660K(1013632K), 0.0009785 secs] [Times: user=0.02 sys=0.00, real=0.02 secs] 
2024-10-07T16:18:53.197+0300: 285.892: Total time for which application threads were stopped: 0.0012569 seconds, Stopping threads took: 0.0001741 seconds
2024-10-07T16:18:54.124+0300: 286.823: Application time: 0.9314444 seconds
2024-10-07T16:18:54.124+0300: 286.824: [GC (Allocation Failure) 2024-10-07T16:18:54.124+0300: 286.824: [ParNew: 281114K->1496K(314560K), 0.0008425 secs] 285276K->5659K(1013632K), 0.0008849 secs] [Times: user=0.00 sys=0.00, real=0.00 secs] 
2024-10-07T16:18:54.124+0300: 286.825: Total time for which application threads were stopped: 0.0011365 seconds, Stopping threads took: 0.0001694 seconds
2024-10-07T16:18:55.065+0300: 287.761: Application time: 0.9359462 seconds
2024-10-07T16:18:55.065+0300: 287.761: [GC (Allocation Failure) 2024-10-07T16:18:55.065+0300: 287.761: [ParNew: 281112K->1585K(314560K), 0.0008460 secs] 285275K->5748K(1013632K), 0.0008969 secs] [Times: user=0.00 sys=0.00, real=0.00 secs] 
2024-10-07T16:18:55.065+0300: 287.762: Total time for which application threads were stopped: 0.0011644 seconds, Stopping threads took: 0.0001612 seconds
2024-10-07T16:18:56.039+0300: 288.739: Application time: 0.9776446 seconds
2024-10-07T16:18:56.039+0300: 288.740: [GC (Allocation Failure) 2024-10-07T16:18:56.039+0300: 288.740: [ParNew: 281201K->1451K(314560K), 0.0008823 secs] 285364K->5614K(1013632K), 0.0009395 secs] [Times: user=0.00 sys=0.00, real=0.00 secs] 
2024-10-07T16:18:56.039+0300: 288.741: Total time for which application threads were stopped: 0.0012534 seconds, Stopping threads took: 0.0002164 seconds
2024-10-07T16:18:56.964+0300: 289.667: Application time: 0.9265046 seconds
2024-10-07T16:18:56.964+0300: 289.667: [GC (Allocation Failure) 2024-10-07T16:18:56.964+0300: 289.667: [ParNew: 281067K->1428K(314560K), 0.0009323 secs] 285230K->5592K(1013632K), 0.0009809 secs] [Times: user=0.00 sys=0.00, real=0.00 secs] 
2024-10-07T16:18:56.964+0300: 289.668: Total time for which application threads were stopped: 0.0012520 seconds, Stopping threads took: 0.0001519 seconds
2024-10-07T16:18:57.921+0300: 290.618: Application time: 0.9496627 seconds
2024-10-07T16:18:57.921+0300: 290.618: [GC (Allocation Failure) 2024-10-07T16:18:57.921+0300: 290.618: [ParNew: 281044K->1615K(314560K), 0.0008573 secs] 285208K->5779K(1013632K), 0.0009365 secs] [Times: user=0.00 sys=0.00, real=0.00 secs] 
2024-10-07T16:18:57.921+0300: 290.619: Total time for which application threads were stopped: 0.0012261 seconds, Stopping threads took: 0.0001576 seconds
2024-10-07T16:18:58.831+0300: 291.535: Application time: 0.9159760 seconds
2024-10-07T16:18:58.831+0300: 291.536: [GC (Allocation Failure) 2024-10-07T16:18:58.831+0300: 291.536: [ParNew: 281231K->1398K(314560K), 0.0008397 secs] 285395K->5562K(1013632K), 0.0008885 secs] [Times: user=0.00 sys=0.00, real=0.00 secs] 
2024-10-07T16:18:58.831+0300: 291.536: Total time for which application threads were stopped: 0.0011440 seconds, Stopping threads took: 0.0001635 seconds
2024-10-07T16:18:59.757+0300: 292.456: Application time: 0.9191865 seconds
2024-10-07T16:18:59.757+0300: 292.456: [GC (Allocation Failure) 2024-10-07T16:18:59.757+0300: 292.456: [ParNew: 281014K->1582K(314560K), 0.0008898 secs] 285178K->5747K(1013632K), 0.0009418 secs] [Times: user=0.00 sys=0.00, real=0.00 secs] 
2024-10-07T16:18:59.757+0300: 292.457: Total time for which application threads were stopped: 0.0011854 seconds, Stopping threads took: 0.0001499 seconds
2024-10-07T16:19:00.682+0300: 293.384: Application time: 0.9276751 seconds
2024-10-07T16:19:00.682+0300: 293.385: [GC (Allocation Failure) 2024-10-07T16:19:00.682+0300: 293.385: [ParNew: 281198K->1585K(314560K), 0.0008311 secs] 285363K->5750K(1013632K), 0.0009053 secs] [Times: user=0.00 sys=0.00, real=0.00 secs] 
2024-10-07T16:19:00.682+0300: 293.386: Total time for which application threads were stopped: 0.0011605 seconds, Stopping threads took: 0.0001510 seconds
2024-10-07T16:19:01.615+0300: 294.318: Application time: 0.9322326 seconds
2024-10-07T16:19:01.615+0300: 294.318: [GC (Allocation Failure) 2024-10-07T16:19:01.615+0300: 294.318: [ParNew: 281201K->1601K(314560K), 0.0008948 secs] 285366K->5766K(1013632K), 0.0009482 secs] [Times: user=0.02 sys=0.00, real=0.01 secs] 
2024-10-07T16:19:01.624+0300: 294.319: Total time for which application threads were stopped: 0.0011806 seconds, Stopping threads took: 0.0001366 seconds
2024-10-07T16:19:02.565+0300: 295.273: Application time: 0.9536617 seconds
2024-10-07T16:19:02.565+0300: 295.273: [GC (Allocation Failure) 2024-10-07T16:19:02.565+0300: 295.273: [ParNew: 281217K->1566K(314560K), 0.0009185 secs] 285382K->5732K(1013632K), 0.0009805 secs] [Times: user=0.00 sys=0.00, real=0.00 secs] 
2024-10-07T16:19:02.565+0300: 295.274: Total time for which application threads were stopped: 0.0012618 seconds, Stopping threads took: 0.0001770 seconds
2024-10-07T16:19:03.537+0300: 296.237: Application time: 0.9630089 seconds
2024-10-07T16:19:03.537+0300: 296.237: [GC (Allocation Failure) 2024-10-07T16:19:03.537+0300: 296.237: [ParNew: 281182K->1487K(314560K), 0.0008125 secs] 285348K->5653K(1013632K), 0.0008604 secs] [Times: user=0.00 sys=0.00, real=0.00 secs] 
2024-10-07T16:19:03.537+0300: 296.238: Total time for which application threads were stopped: 0.0011047 seconds, Stopping threads took: 0.0001602 seconds
2024-10-07T16:19:04.479+0300: 297.185: Application time: 0.9466870 seconds
2024-10-07T16:19:04.479+0300: 297.185: [GC (Allocation Failure) 2024-10-07T16:19:04.479+0300: 297.185: [ParNew: 281103K->1494K(314560K), 0.0008463 secs] 285269K->5661K(1013632K), 0.0009046 secs] [Times: user=0.00 sys=0.00, real=0.00 secs] 
2024-10-07T16:19:04.479+0300: 297.186: Total time for which application threads were stopped: 0.0012389 seconds, Stopping threads took: 0.0002006 seconds
2024-10-07T16:19:05.422+0300: 298.118: Application time: 0.9318389 seconds
2024-10-07T16:19:05.422+0300: 298.118: [GC (Allocation Failure) 2024-10-07T16:19:05.422+0300: 298.118: [ParNew: 281110K->1574K(314560K), 0.0007874 secs] 285277K->5741K(1013632K), 0.0008372 secs] [Times: user=0.00 sys=0.00, real=0.00 secs] 
2024-10-07T16:19:05.422+0300: 298.119: Total time for which application threads were stopped: 0.0010878 seconds, Stopping threads took: 0.0001552 seconds
2024-10-07T16:19:06.331+0300: 299.041: Application time: 0.9219145 seconds
2024-10-07T16:19:06.331+0300: 299.041: [GC (Allocation Failure) 2024-10-07T16:19:06.347+0300: 299.041: [ParNew: 281190K->1583K(314560K), 0.0008447 secs] 285357K->5751K(1013632K), 0.0009086 secs] [Times: user=0.00 sys=0.00, real=0.02 secs] 
2024-10-07T16:19:06.347+0300: 299.042: Total time for which application threads were stopped: 0.0012203 seconds, Stopping threads took: 0.0001712 seconds
2024-10-07T16:19:07.256+0300: 299.960: Application time: 0.9179332 seconds
2024-10-07T16:19:07.256+0300: 299.960: [GC (Allocation Failure) 2024-10-07T16:19:07.256+0300: 299.960: [ParNew: 281199K->1585K(314560K), 0.0009109 secs] 285367K->5753K(1013632K), 0.0009615 secs] [Times: user=0.00 sys=0.00, real=0.00 secs] 
2024-10-07T16:19:07.256+0300: 299.961: Total time for which application threads were stopped: 0.0012160 seconds, Stopping threads took: 0.0001632 seconds
2024-10-07T16:19:08.182+0300: 300.885: Application time: 0.9236368 seconds
2024-10-07T16:19:08.182+0300: 300.885: [GC (Allocation Failure) 2024-10-07T16:19:08.182+0300: 300.885: [ParNew: 281201K->1497K(314560K), 0.0008923 secs] 285369K->5665K(1013632K), 0.0009388 secs] [Times: user=0.00 sys=0.00, real=0.00 secs] 
2024-10-07T16:19:08.182+0300: 300.886: Total time for which application threads were stopped: 0.0011898 seconds, Stopping threads took: 0.0001564 seconds
2024-10-07T16:19:09.107+0300: 301.811: Application time: 0.9252706 seconds
2024-10-07T16:19:09.107+0300: 301.812: [GC (Allocation Failure) 2024-10-07T16:19:09.107+0300: 301.812: [ParNew: 281113K->1585K(314560K), 0.0009133 secs] 285281K->5753K(1013632K), 0.0009611 secs] [Times: user=0.00 sys=0.00, real=0.00 secs] 
2024-10-07T16:19:09.107+0300: 301.813: Total time for which application threads were stopped: 0.0012230 seconds, Stopping threads took: 0.0001576 seconds
2024-10-07T16:19:10.079+0300: 302.778: Application time: 0.9655149 seconds
2024-10-07T16:19:10.079+0300: 302.778: [GC (Allocation Failure) 2024-10-07T16:19:10.079+0300: 302.778: [ParNew: 281201K->1584K(314560K), 0.0008649 secs] 285369K->5753K(1013632K), 0.0009138 secs] [Times: user=0.00 sys=0.00, real=0.00 secs] 
2024-10-07T16:19:10.079+0300: 302.779: Total time for which application threads were stopped: 0.0011671 seconds, Stopping threads took: 0.0001652 seconds
2024-10-07T16:19:11.037+0300: 303.738: Application time: 0.9582690 seconds
2024-10-07T16:19:11.037+0300: 303.738: [GC (Allocation Failure) 2024-10-07T16:19:11.037+0300: 303.738: [ParNew: 281200K->1579K(314560K), 0.0008883 secs] 285369K->5748K(1013632K), 0.0009368 secs] [Times: user=0.00 sys=0.00, real=0.00 secs] 
2024-10-07T16:19:11.037+0300: 303.739: Total time for which application threads were stopped: 0.0011316 seconds, Stopping threads took: 0.0001102 seconds
2024-10-07T16:19:11.994+0300: 304.694: Application time: 0.9549614 seconds
2024-10-07T16:19:11.994+0300: 304.694: [GC (Allocation Failure) 2024-10-07T16:19:11.994+0300: 304.694: [ParNew: 281195K->1671K(314560K), 0.0009134 secs] 285364K->5840K(1013632K), 0.0009794 secs] [Times: user=0.00 sys=0.00, real=0.00 secs] 
2024-10-07T16:19:11.994+0300: 304.695: Total time for which application threads were stopped: 0.0012525 seconds, Stopping threads took: 0.0001529 seconds
2024-10-07T16:19:12.903+0300: 305.611: Application time: 0.9159920 seconds
2024-10-07T16:19:12.903+0300: 305.611: [GC (Allocation Failure) 2024-10-07T16:19:12.903+0300: 305.611: [ParNew: 281287K->1601K(314560K), 0.0008809 secs] 285456K->5771K(1013632K), 0.0009262 secs] [Times: user=0.00 sys=0.00, real=0.00 secs] 
2024-10-07T16:19:12.903+0300: 305.612: Total time for which application threads were stopped: 0.0011848 seconds, Stopping threads took: 0.0001665 seconds
2024-10-07T16:19:13.829+0300: 306.529: Application time: 0.9172090 seconds
2024-10-07T16:19:13.829+0300: 306.530: [GC (Allocation Failure) 2024-10-07T16:19:13.829+0300: 306.530: [ParNew: 281217K->1568K(314560K), 0.0008750 secs] 285387K->5738K(1013632K), 0.0009199 secs] [Times: user=0.00 sys=0.00, real=0.00 secs] 
2024-10-07T16:19:13.829+0300: 306.530: Total time for which application threads were stopped: 0.0011696 seconds, Stopping threads took: 0.0001554 seconds
2024-10-07T16:19:14.755+0300: 307.451: Application time: 0.9209537 seconds
2024-10-07T16:19:14.755+0300: 307.452: [GC (Allocation Failure) 2024-10-07T16:19:14.755+0300: 307.452: [ParNew: 281184K->1494K(314560K), 0.0007936 secs] 285354K->5665K(1013632K), 0.0008375 secs] [Times: user=0.00 sys=0.00, real=0.00 secs] 
2024-10-07T16:19:14.755+0300: 307.452: Total time for which application threads were stopped: 0.0010611 seconds, Stopping threads took: 0.0001369 seconds
2024-10-07T16:19:15.680+0300: 308.383: Application time: 0.9300892 seconds
2024-10-07T16:19:15.680+0300: 308.383: [GC (Allocation Failure) 2024-10-07T16:19:15.680+0300: 308.383: [ParNew: 281110K->1584K(314560K), 0.0008206 secs] 285281K->5755K(1013632K), 0.0008632 secs] [Times: user=0.00 sys=0.00, real=0.00 secs] 
2024-10-07T16:19:15.680+0300: 308.384: Total time for which application threads were stopped: 0.0010955 seconds, Stopping threads took: 0.0001406 seconds
2024-10-07T16:19:16.620+0300: 309.321: Application time: 0.9370138 seconds
2024-10-07T16:19:16.620+0300: 309.321: [GC (Allocation Failure) 2024-10-07T16:19:16.620+0300: 309.321: [ParNew: 281200K->1584K(314560K), 0.0008782 secs] 285371K->5756K(1013632K), 0.0009399 secs] [Times: user=0.00 sys=0.00, real=0.00 secs] 
2024-10-07T16:19:16.620+0300: 309.322: Total time for which application threads were stopped: 0.0011902 seconds, Stopping threads took: 0.0001572 seconds
2024-10-07T16:19:17.578+0300: 310.279: Application time: 0.9570166 seconds
2024-10-07T16:19:17.578+0300: 310.279: [GC (Allocation Failure) 2024-10-07T16:19:17.578+0300: 310.279: [ParNew: 281200K->1491K(314560K), 0.0009068 secs] 285372K->5663K(1013632K), 0.0009759 secs] [Times: user=0.00 sys=0.00, real=0.00 secs] 
2024-10-07T16:19:17.578+0300: 310.280: Total time for which application threads were stopped: 0.0012250 seconds, Stopping threads took: 0.0001493 seconds
2024-10-07T16:19:18.535+0300: 311.239: Application time: 0.9587262 seconds
2024-10-07T16:19:18.535+0300: 311.239: [GC (Allocation Failure) 2024-10-07T16:19:18.535+0300: 311.239: [ParNew: 281107K->1407K(314560K), 0.0008520 secs] 285279K->5579K(1013632K), 0.0008936 secs] [Times: user=0.00 sys=0.00, real=0.00 secs] 
2024-10-07T16:19:18.535+0300: 311.240: Total time for which application threads were stopped: 0.0011332 seconds, Stopping threads took: 0.0001545 seconds
2024-10-07T16:19:19.497+0300: 312.193: Application time: 0.9532013 seconds
2024-10-07T16:19:19.497+0300: 312.193: [GC (Allocation Failure) 2024-10-07T16:19:19.497+0300: 312.193: [ParNew: 281023K->1580K(314560K), 0.0008316 secs] 285195K->5752K(1013632K), 0.0008826 secs] [Times: user=0.00 sys=0.00, real=0.00 secs] 
2024-10-07T16:19:19.497+0300: 312.194: Total time for which application threads were stopped: 0.0011365 seconds, Stopping threads took: 0.0001661 seconds
2024-10-07T16:19:20.418+0300: 313.117: Application time: 0.9224000 seconds
2024-10-07T16:19:20.418+0300: 313.117: [GC (Allocation Failure) 2024-10-07T16:19:20.418+0300: 313.117: [ParNew: 281196K->1585K(314560K), 0.0008803 secs] 285368K->5758K(1013632K), 0.0009227 secs] [Times: user=0.00 sys=0.00, real=0.00 secs] 
2024-10-07T16:19:20.418+0300: 313.118: Total time for which application threads were stopped: 0.0011494 seconds, Stopping threads took: 0.0001370 seconds
2024-10-07T16:19:21.328+0300: 314.035: Application time: 0.9170567 seconds
2024-10-07T16:19:21.328+0300: 314.035: [GC (Allocation Failure) 2024-10-07T16:19:21.328+0300: 314.035: [ParNew: 281201K->1498K(314560K), 0.0008733 secs] 285374K->5671K(1013632K), 0.0009232 secs] [Times: user=0.00 sys=0.00, real=0.00 secs] 
2024-10-07T16:19:21.328+0300: 314.036: Total time for which application threads were stopped: 0.0011555 seconds, Stopping threads took: 0.0001439 seconds
2024-10-07T16:19:22.254+0300: 314.960: Application time: 0.9243259 seconds
2024-10-07T16:19:22.254+0300: 314.961: [GC (Allocation Failure) 2024-10-07T16:19:22.254+0300: 314.961: [ParNew: 281114K->1498K(314560K), 0.0008286 secs] 285287K->5672K(1013632K), 0.0008762 secs] [Times: user=0.00 sys=0.00, real=0.00 secs] 
2024-10-07T16:19:22.254+0300: 314.962: Total time for which application threads were stopped: 0.0011336 seconds, Stopping threads took: 0.0001641 seconds
2024-10-07T16:19:23.195+0300: 315.891: Application time: 0.9289900 seconds
2024-10-07T16:19:23.195+0300: 315.891: [GC (Allocation Failure) 2024-10-07T16:19:23.195+0300: 315.891: [ParNew: 281114K->1408K(314560K), 0.0008901 secs] 285288K->5582K(1013632K), 0.0009412 secs] [Times: user=0.00 sys=0.00, real=0.00 secs] 
2024-10-07T16:19:23.195+0300: 315.892: Total time for which application threads were stopped: 0.0011704 seconds, Stopping threads took: 0.0001376 seconds
2024-10-07T16:19:24.137+0300: 316.836: Application time: 0.9439110 seconds
2024-10-07T16:19:24.137+0300: 316.836: [GC (Allocation Failure) 2024-10-07T16:19:24.137+0300: 316.836: [ParNew: 281024K->1496K(314560K), 0.0008201 secs] 285198K->5670K(1013632K), 0.0008609 secs] [Times: user=0.00 sys=0.00, real=0.00 secs] 
2024-10-07T16:19:24.137+0300: 316.837: Total time for which application threads were stopped: 0.0010868 seconds, Stopping threads took: 0.0001406 seconds
2024-10-07T16:19:25.094+0300: 317.791: Application time: 0.9538984 seconds
2024-10-07T16:19:25.094+0300: 317.791: [GC (Allocation Failure) 2024-10-07T16:19:25.094+0300: 317.791: [ParNew: 281112K->1492K(314560K), 0.0007700 secs] 285286K->5666K(1013632K), 0.0008131 secs] [Times: user=0.00 sys=0.00, real=0.00 secs] 
2024-10-07T16:19:25.094+0300: 317.792: Total time for which application threads were stopped: 0.0011566 seconds, Stopping threads took: 0.0001663 seconds
2024-10-07T16:19:26.067+0300: 318.764: Application time: 0.9719875 seconds
2024-10-07T16:19:26.067+0300: 318.764: [GC (Allocation Failure) 2024-10-07T16:19:26.067+0300: 318.764: [ParNew: 281108K->1578K(314560K), 0.0008197 secs] 285282K->5753K(1013632K), 0.0008711 secs] [Times: user=0.00 sys=0.00, real=0.00 secs] 
2024-10-07T16:19:26.067+0300: 318.765: Total time for which application threads were stopped: 0.0011373 seconds, Stopping threads took: 0.0001710 seconds
2024-10-07T16:19:27.024+0300: 319.723: Application time: 0.9581414 seconds
2024-10-07T16:19:27.024+0300: 319.723: [GC (Allocation Failure) 2024-10-07T16:19:27.024+0300: 319.723: [ParNew: 281194K->1486K(314560K), 0.0007950 secs] 285369K->5662K(1013632K), 0.0008460 secs] [Times: user=0.00 sys=0.00, real=0.00 secs] 
2024-10-07T16:19:27.024+0300: 319.724: Total time for which application threads were stopped: 0.0010783 seconds, Stopping threads took: 0.0001329 seconds
2024-10-07T16:19:27.934+0300: 320.644: Application time: 0.9195255 seconds
2024-10-07T16:19:27.949+0300: 320.644: [GC (Allocation Failure) 2024-10-07T16:19:27.949+0300: 320.644: [ParNew: 281102K->1567K(314560K), 0.0010347 secs] 285278K->5743K(1013632K), 0.0011193 secs] [Times: user=0.00 sys=0.00, real=0.00 secs] 
2024-10-07T16:19:27.949+0300: 320.645: Total time for which application threads were stopped: 0.0014139 seconds, Stopping threads took: 0.0001435 seconds
2024-10-07T16:19:28.875+0300: 321.571: Application time: 0.9263278 seconds
2024-10-07T16:19:28.875+0300: 321.572: [GC (Allocation Failure) 2024-10-07T16:19:28.875+0300: 321.572: [ParNew: 281183K->1513K(314560K), 0.0008009 secs] 285359K->5690K(1013632K), 0.0008563 secs] [Times: user=0.00 sys=0.00, real=0.00 secs] 
2024-10-07T16:19:28.875+0300: 321.573: Total time for which application threads were stopped: 0.0011121 seconds, Stopping threads took: 0.0001577 seconds
2024-10-07T16:19:29.801+0300: 322.500: Application time: 0.9272510 seconds
2024-10-07T16:19:29.801+0300: 322.500: [GC (Allocation Failure) 2024-10-07T16:19:29.801+0300: 322.500: [ParNew: 281129K->1590K(314560K), 0.0007935 secs] 285306K->5767K(1013632K), 0.0008438 secs] [Times: user=0.03 sys=0.00, real=0.00 secs] 
2024-10-07T16:19:29.801+0300: 322.501: Total time for which application threads were stopped: 0.0010748 seconds, Stopping threads took: 0.0001246 seconds
2024-10-07T16:19:30.726+0300: 323.436: Application time: 0.9354636 seconds
2024-10-07T16:19:30.742+0300: 323.437: [GC (Allocation Failure) 2024-10-07T16:19:30.742+0300: 323.437: [ParNew: 281206K->1498K(314560K), 0.0008725 secs] 285383K->5675K(1013632K), 0.0009281 secs] [Times: user=0.00 sys=0.00, real=0.00 secs] 
2024-10-07T16:19:30.742+0300: 323.438: Total time for which application threads were stopped: 0.0013533 seconds, Stopping threads took: 0.0003122 seconds
2024-10-07T16:19:31.683+0300: 324.386: Application time: 0.9479758 seconds
2024-10-07T16:19:31.683+0300: 324.386: [GC (Allocation Failure) 2024-10-07T16:19:31.683+0300: 324.386: [ParNew: 281114K->1408K(314560K), 0.0008928 secs] 285291K->5585K(1013632K), 0.0009460 secs] [Times: user=0.00 sys=0.00, real=0.00 secs] 
2024-10-07T16:19:31.683+0300: 324.387: Total time for which application threads were stopped: 0.0011972 seconds, Stopping threads took: 0.0001445 seconds
2024-10-07T16:19:32.640+0300: 325.340: Application time: 0.9533975 seconds
2024-10-07T16:19:32.640+0300: 325.340: [GC (Allocation Failure) 2024-10-07T16:19:32.640+0300: 325.340: [ParNew: 281024K->1276K(314560K), 0.0009372 secs] 285201K->5454K(1013632K), 0.0009940 secs] [Times: user=0.00 sys=0.00, real=0.00 secs] 
2024-10-07T16:19:32.640+0300: 325.341: Total time for which application threads were stopped: 0.0012358 seconds, Stopping threads took: 0.0001343 seconds
2024-10-07T16:19:33.612+0300: 326.321: Application time: 0.9793734 seconds
2024-10-07T16:19:33.612+0300: 326.321: [GC (Allocation Failure) 2024-10-07T16:19:33.612+0300: 326.321: [ParNew: 280892K->1620K(314560K), 0.0008617 secs] 285070K->5798K(1013632K), 0.0009232 secs] [Times: user=0.00 sys=0.00, real=0.00 secs] 
2024-10-07T16:19:33.612+0300: 326.322: Total time for which application threads were stopped: 0.0011855 seconds, Stopping threads took: 0.0001489 seconds
2024-10-07T16:19:34.553+0300: 327.248: Application time: 0.9260487 seconds
2024-10-07T16:19:34.553+0300: 327.248: [GC (Allocation Failure) 2024-10-07T16:19:34.553+0300: 327.248: [ParNew: 281236K->1509K(314560K), 0.0008699 secs] 285414K->5688K(1013632K), 0.0009239 secs] [Times: user=0.00 sys=0.00, real=0.00 secs] 
2024-10-07T16:19:34.553+0300: 327.249: Total time for which application threads were stopped: 0.0011764 seconds, Stopping threads took: 0.0001445 seconds
2024-10-07T16:19:35.463+0300: 328.170: Application time: 0.9203956 seconds
2024-10-07T16:19:35.463+0300: 328.170: [GC (Allocation Failure) 2024-10-07T16:19:35.463+0300: 328.170: [ParNew: 281125K->1500K(314560K), 0.0009680 secs] 285304K->5679K(1013632K), 0.0010695 secs] [Times: user=0.00 sys=0.00, real=0.00 secs] 
2024-10-07T16:19:35.463+0300: 328.171: Total time for which application threads were stopped: 0.0013679 seconds, Stopping threads took: 0.0001721 seconds
2024-10-07T16:19:36.390+0300: 329.092: Application time: 0.9213935 seconds
2024-10-07T16:19:36.390+0300: 329.093: [GC (Allocation Failure) 2024-10-07T16:19:36.390+0300: 329.093: [ParNew: 281116K->1587K(314560K), 0.0008394 secs] 285295K->5766K(1013632K), 0.0008864 secs] [Times: user=0.00 sys=0.00, real=0.00 secs] 
2024-10-07T16:19:36.390+0300: 329.094: Total time for which application threads were stopped: 0.0011274 seconds, Stopping threads took: 0.0001516 seconds
2024-10-07T16:19:37.315+0300: 330.017: Application time: 0.9232341 seconds
2024-10-07T16:19:37.315+0300: 330.017: [GC (Allocation Failure) 2024-10-07T16:19:37.315+0300: 330.017: [ParNew: 281203K->1497K(314560K), 0.0008858 secs] 285382K->5677K(1013632K), 0.0009295 secs] [Times: user=0.00 sys=0.00, real=0.00 secs] 
2024-10-07T16:19:37.315+0300: 330.018: Total time for which application threads were stopped: 0.0011611 seconds, Stopping threads took: 0.0001458 seconds
2024-10-07T16:19:38.241+0300: 330.950: Application time: 0.9323788 seconds
2024-10-07T16:19:38.241+0300: 330.951: [GC (Allocation Failure) 2024-10-07T16:19:38.241+0300: 330.951: [ParNew: 281113K->1673K(314560K), 0.0009122 secs] 285293K->5853K(1013632K), 0.0009676 secs] [Times: user=0.02 sys=0.00, real=0.02 secs] 
2024-10-07T16:19:38.257+0300: 330.952: Total time for which application threads were stopped: 0.0012850 seconds, Stopping threads took: 0.0002190 seconds
2024-10-07T16:19:39.200+0300: 331.907: Application time: 0.9549887 seconds
2024-10-07T16:19:39.200+0300: 331.907: [GC (Allocation Failure) 2024-10-07T16:19:39.200+0300: 331.907: [ParNew: 281289K->1579K(314560K), 0.0008677 secs] 285469K->5760K(1013632K), 0.0009169 secs] [Times: user=0.00 sys=0.00, real=0.00 secs] 
2024-10-07T16:19:39.200+0300: 331.908: Total time for which application threads were stopped: 0.0011693 seconds, Stopping threads took: 0.0001588 seconds
2024-10-07T16:19:40.155+0300: 332.865: Application time: 0.9570863 seconds
2024-10-07T16:19:40.155+0300: 332.865: [GC (Allocation Failure) 2024-10-07T16:19:40.155+0300: 332.865: [ParNew: 281195K->1583K(314560K), 0.0008687 secs] 285376K->5764K(1013632K), 0.0009424 secs] [Times: user=0.02 sys=0.00, real=0.02 secs] 
2024-10-07T16:19:40.171+0300: 332.866: Total time for which application threads were stopped: 0.0012378 seconds, Stopping threads took: 0.0001862 seconds
2024-10-07T16:19:41.113+0300: 333.823: Application time: 0.9563961 seconds
2024-10-07T16:19:41.113+0300: 333.823: [GC (Allocation Failure) 2024-10-07T16:19:41.113+0300: 333.823: [ParNew: 281199K->1573K(314560K), 0.0009062 secs] 285380K->5754K(1013632K), 0.0009637 secs] [Times: user=0.02 sys=0.00, real=0.02 secs] 
2024-10-07T16:19:41.128+0300: 333.824: Total time for which application threads were stopped: 0.0012119 seconds, Stopping threads took: 0.0001496 seconds
2024-10-07T16:19:42.037+0300: 334.741: Application time: 0.9173279 seconds
2024-10-07T16:19:42.037+0300: 334.741: [GC (Allocation Failure) 2024-10-07T16:19:42.037+0300: 334.741: [ParNew: 281189K->1583K(314560K), 0.0008273 secs] 285370K->5765K(1013632K), 0.0008807 secs] [Times: user=0.00 sys=0.00, real=0.00 secs] 
2024-10-07T16:19:42.037+0300: 334.742: Total time for which application threads were stopped: 0.0011292 seconds, Stopping threads took: 0.0001541 seconds
2024-10-07T16:19:42.964+0300: 335.660: Application time: 0.9174631 seconds
2024-10-07T16:19:42.964+0300: 335.660: [GC (Allocation Failure) 2024-10-07T16:19:42.964+0300: 335.660: [ParNew: 281199K->1585K(314560K), 0.0008620 secs] 285381K->5767K(1013632K), 0.0009110 secs] [Times: user=0.00 sys=0.00, real=0.00 secs] 
2024-10-07T16:19:42.964+0300: 335.661: Total time for which application threads were stopped: 0.0011678 seconds, Stopping threads took: 0.0001619 seconds
2024-10-07T16:19:43.874+0300: 336.578: Application time: 0.9169870 seconds
2024-10-07T16:19:43.874+0300: 336.578: [GC (Allocation Failure) 2024-10-07T16:19:43.874+0300: 336.578: [ParNew: 281201K->1497K(314560K), 0.0008021 secs] 285383K->5680K(1013632K), 0.0008441 secs] [Times: user=0.00 sys=0.00, real=0.00 secs] 
2024-10-07T16:19:43.874+0300: 336.579: Total time for which application threads were stopped: 0.0011159 seconds, Stopping threads took: 0.0001877 seconds
2024-10-07T16:19:44.801+0300: 337.504: Application time: 0.9251131 seconds
2024-10-07T16:19:44.801+0300: 337.504: [GC (Allocation Failure) 2024-10-07T16:19:44.801+0300: 337.504: [ParNew: 281113K->1497K(314560K), 0.0007973 secs] 285296K->5680K(1013632K), 0.0008394 secs] [Times: user=0.00 sys=0.00, real=0.00 secs] 
2024-10-07T16:19:44.801+0300: 337.505: Total time for which application threads were stopped: 0.0010756 seconds, Stopping threads took: 0.0001498 seconds
2024-10-07T16:19:45.741+0300: 338.446: Application time: 0.9408922 seconds
2024-10-07T16:19:45.741+0300: 338.446: [GC (Allocation Failure) 2024-10-07T16:19:45.741+0300: 338.446: [ParNew: 281113K->1496K(314560K), 0.0008158 secs] 285296K->5679K(1013632K), 0.0008754 secs] [Times: user=0.00 sys=0.00, real=0.00 secs] 
2024-10-07T16:19:45.741+0300: 338.447: Total time for which application threads were stopped: 0.0010912 seconds, Stopping threads took: 0.0001199 seconds
2024-10-07T16:19:46.698+0300: 339.392: Application time: 0.9450980 seconds
2024-10-07T16:19:46.698+0300: 339.392: [GC (Allocation Failure) 2024-10-07T16:19:46.698+0300: 339.392: [ParNew: 281112K->1496K(314560K), 0.0008360 secs] 285295K->5679K(1013632K), 0.0009143 secs] [Times: user=0.00 sys=0.00, real=0.00 secs] 
2024-10-07T16:19:46.699+0300: 339.393: Total time for which application threads were stopped: 0.0011501 seconds, Stopping threads took: 0.0001265 seconds
2024-10-07T16:19:47.640+0300: 340.350: Application time: 0.9561472 seconds
2024-10-07T16:19:47.640+0300: 340.350: [GC (Allocation Failure) 2024-10-07T16:19:47.640+0300: 340.350: [ParNew: 281112K->1672K(314560K), 0.0009676 secs] 285295K->5856K(1013632K), 0.0010210 secs] [Times: user=0.02 sys=0.00, real=0.02 secs] 
2024-10-07T16:19:47.656+0300: 340.351: Total time for which application threads were stopped: 0.0012950 seconds, Stopping threads took: 0.0001786 seconds
2024-10-07T16:19:48.601+0300: 341.299: Application time: 0.9486161 seconds
2024-10-07T16:19:48.601+0300: 341.300: [GC (Allocation Failure) 2024-10-07T16:19:48.601+0300: 341.300: [ParNew: 281288K->1496K(314560K), 0.0007783 secs] 285472K->5680K(1013632K), 0.0008307 secs] [Times: user=0.00 sys=0.00, real=0.00 secs] 
2024-10-07T16:19:48.601+0300: 341.301: Total time for which application threads were stopped: 0.0010684 seconds, Stopping threads took: 0.0001416 seconds
2024-10-07T16:19:49.523+0300: 342.218: Application time: 0.9178795 seconds
2024-10-07T16:19:49.523+0300: 342.219: [GC (Allocation Failure) 2024-10-07T16:19:49.523+0300: 342.219: [ParNew: 281112K->1586K(314560K), 0.0008233 secs] 285296K->5770K(1013632K), 0.0008696 secs] [Times: user=0.00 sys=0.00, real=0.00 secs] 
2024-10-07T16:19:49.523+0300: 342.220: Total time for which application threads were stopped: 0.0010925 seconds, Stopping threads took: 0.0001339 seconds
2024-10-07T16:19:50.433+0300: 343.136: Application time: 0.9168894 seconds
2024-10-07T16:19:50.433+0300: 343.137: [GC (Allocation Failure) 2024-10-07T16:19:50.433+0300: 343.137: [ParNew: 281202K->1570K(314560K), 0.0008263 secs] 285386K->5755K(1013632K), 0.0008664 secs] [Times: user=0.00 sys=0.00, real=0.00 secs] 
2024-10-07T16:19:50.433+0300: 343.138: Total time for which application threads were stopped: 0.0011074 seconds, Stopping threads took: 0.0001565 seconds
2024-10-07T16:19:51.358+0300: 344.058: Application time: 0.9204879 seconds
2024-10-07T16:19:51.358+0300: 344.058: [GC (Allocation Failure) 2024-10-07T16:19:51.358+0300: 344.058: [ParNew: 281186K->1620K(314560K), 0.0008459 secs] 285371K->5805K(1013632K), 0.0009077 secs] [Times: user=0.00 sys=0.00, real=0.00 secs] 
2024-10-07T16:19:51.358+0300: 344.059: Total time for which application threads were stopped: 0.0011873 seconds, Stopping threads took: 0.0001657 seconds
2024-10-07T16:19:52.284+0300: 344.986: Application time: 0.9263721 seconds
2024-10-07T16:19:52.284+0300: 344.986: [GC (Allocation Failure) 2024-10-07T16:19:52.284+0300: 344.986: [ParNew: 281236K->1572K(314560K), 0.0008422 secs] 285421K->5758K(1013632K), 0.0009130 secs] [Times: user=0.00 sys=0.00, real=0.00 secs] 
2024-10-07T16:19:52.284+0300: 344.987: Total time for which application threads were stopped: 0.0011465 seconds, Stopping threads took: 0.0001342 seconds
2024-10-07T16:19:53.225+0300: 345.935: Application time: 0.9479788 seconds
2024-10-07T16:19:53.225+0300: 345.935: [GC (Allocation Failure) 2024-10-07T16:19:53.225+0300: 345.935: [ParNew: 281188K->1668K(314560K), 0.0008946 secs] 285374K->5854K(1013632K), 0.0009430 secs] [Times: user=0.02 sys=0.00, real=0.02 secs] 
2024-10-07T16:19:53.241+0300: 345.936: Total time for which application threads were stopped: 0.0011739 seconds, Stopping threads took: 0.0001374 seconds
2024-10-07T16:19:54.182+0300: 346.878: Application time: 0.9416709 seconds
2024-10-07T16:19:54.182+0300: 346.878: [GC (Allocation Failure) 2024-10-07T16:19:54.182+0300: 346.878: [ParNew: 281284K->1408K(314560K), 0.0008125 secs] 285470K->5594K(1013632K), 0.0008623 secs] [Times: user=0.00 sys=0.00, real=0.00 secs] 
2024-10-07T16:19:54.182+0300: 346.879: Total time for which application threads were stopped: 0.0010753 seconds, Stopping threads took: 0.0001205 seconds
2024-10-07T16:19:55.139+0300: 347.849: Application time: 0.9704558 seconds
2024-10-07T16:19:55.155+0300: 347.849: [GC (Allocation Failure) 2024-10-07T16:19:55.155+0300: 347.850: [ParNew: 281024K->1495K(314560K), 0.0009063 secs] 285210K->5682K(1013632K), 0.0009608 secs] [Times: user=0.00 sys=0.00, real=0.00 secs] 
2024-10-07T16:19:55.155+0300: 347.850: Total time for which application threads were stopped: 0.0014050 seconds, Stopping threads took: 0.0003210 seconds
2024-10-07T16:19:56.096+0300: 348.793: Application time: 0.9424814 seconds
2024-10-07T16:19:56.096+0300: 348.793: [GC (Allocation Failure) 2024-10-07T16:19:56.096+0300: 348.793: [ParNew: 281111K->1662K(314560K), 0.0009100 secs] 285298K->5849K(1013632K), 0.0009712 secs] [Times: user=0.00 sys=0.00, real=0.00 secs] 
2024-10-07T16:19:56.096+0300: 348.794: Total time for which application threads were stopped: 0.0012243 seconds, Stopping threads took: 0.0001465 seconds
2024-10-07T16:19:57.009+0300: 349.708: Application time: 0.9140177 seconds
2024-10-07T16:19:57.009+0300: 349.708: [GC (Allocation Failure) 2024-10-07T16:19:57.009+0300: 349.708: [ParNew: 281278K->1583K(314560K), 0.0008739 secs] 285465K->5771K(1013632K), 0.0009373 secs] [Times: user=0.00 sys=0.00, real=0.00 secs] 
2024-10-07T16:19:57.009+0300: 349.709: Total time for which application threads were stopped: 0.0011591 seconds, Stopping threads took: 0.0001321 seconds
2024-10-07T16:19:57.932+0300: 350.628: Application time: 0.9189930 seconds
2024-10-07T16:19:57.932+0300: 350.629: [GC (Allocation Failure) 2024-10-07T16:19:57.932+0300: 350.629: [ParNew: 281199K->1585K(314560K), 0.0008260 secs] 285387K->5773K(1013632K), 0.0008767 secs] [Times: user=0.00 sys=0.00, real=0.00 secs] 
2024-10-07T16:19:57.932+0300: 350.629: Total time for which application threads were stopped: 0.0011133 seconds, Stopping threads took: 0.0001448 seconds
2024-10-07T16:19:58.841+0300: 351.551: Application time: 0.9219126 seconds
2024-10-07T16:19:58.841+0300: 351.552: [GC (Allocation Failure) 2024-10-07T16:19:58.841+0300: 351.552: [ParNew: 281201K->1586K(314560K), 0.0009421 secs] 285389K->5774K(1013632K), 0.0009951 secs] [Times: user=0.00 sys=0.00, real=0.02 secs] 
2024-10-07T16:19:58.857+0300: 351.553: Total time for which application threads were stopped: 0.0012117 seconds, Stopping threads took: 0.0001188 seconds
2024-10-07T16:19:59.783+0300: 352.478: Application time: 0.9258178 seconds
2024-10-07T16:19:59.783+0300: 352.479: [GC (Allocation Failure) 2024-10-07T16:19:59.783+0300: 352.479: [ParNew: 281202K->1674K(314560K), 0.0008447 secs] 285390K->5862K(1013632K), 0.0009074 secs] [Times: user=0.00 sys=0.00, real=0.00 secs] 
2024-10-07T16:19:59.783+0300: 352.480: Total time for which application threads were stopped: 0.0012425 seconds, Stopping threads took: 0.0002275 seconds
2024-10-07T16:20:00.725+0300: 353.432: Application time: 0.9523975 seconds
2024-10-07T16:20:00.725+0300: 353.432: [GC (Allocation Failure) 2024-10-07T16:20:00.725+0300: 353.432: [ParNew: 281290K->1579K(314560K), 0.0008491 secs] 285478K->5768K(1013632K), 0.0009025 secs] [Times: user=0.00 sys=0.00, real=0.00 secs] 
2024-10-07T16:20:00.725+0300: 353.433: Total time for which application threads were stopped: 0.0012083 seconds, Stopping threads took: 0.0001885 seconds
2024-10-07T16:20:01.665+0300: 354.368: Application time: 0.9343714 seconds
2024-10-07T16:20:01.665+0300: 354.368: [GC (Allocation Failure) 2024-10-07T16:20:01.665+0300: 354.368: [ParNew: 281195K->1666K(314560K), 0.0009552 secs] 285384K->5855K(1013632K), 0.0010036 secs] [Times: user=0.00 sys=0.00, real=0.00 secs] 
2024-10-07T16:20:01.665+0300: 354.369: Total time for which application threads were stopped: 0.0012712 seconds, Stopping threads took: 0.0001709 seconds
2024-10-07T16:20:02.653+0300: 355.357: Application time: 0.9878964 seconds
2024-10-07T16:20:02.653+0300: 355.357: [GC (Allocation Failure) 2024-10-07T16:20:02.653+0300: 355.357: [ParNew: 281282K->1494K(314560K), 0.0008707 secs] 285471K->5684K(1013632K), 0.0009348 secs] [Times: user=0.00 sys=0.00, real=0.00 secs] 
2024-10-07T16:20:02.653+0300: 355.358: Total time for which application threads were stopped: 0.0012554 seconds, Stopping threads took: 0.0002078 seconds
2024-10-07T16:20:03.579+0300: 356.288: Application time: 0.9302344 seconds
2024-10-07T16:20:03.579+0300: 356.289: [GC (Allocation Failure) 2024-10-07T16:20:03.579+0300: 356.289: [ParNew: 281110K->1575K(314560K), 0.0008800 secs] 285300K->5764K(1013632K), 0.0009296 secs] [Times: user=0.02 sys=0.00, real=0.02 secs] 
2024-10-07T16:20:03.595+0300: 356.290: Total time for which application threads were stopped: 0.0011785 seconds, Stopping threads took: 0.0001538 seconds
2024-10-07T16:20:04.505+0300: 357.207: Application time: 0.9174932 seconds
2024-10-07T16:20:04.505+0300: 357.207: [GC (Allocation Failure) 2024-10-07T16:20:04.505+0300: 357.207: [ParNew: 281191K->1583K(314560K), 0.0008579 secs] 285380K->5774K(1013632K), 0.0009027 secs] [Times: user=0.00 sys=0.00, real=0.00 secs] 
2024-10-07T16:20:04.505+0300: 357.208: Total time for which application threads were stopped: 0.0011546 seconds, Stopping threads took: 0.0001627 seconds
2024-10-07T16:20:05.434+0300: 358.130: Application time: 0.9222449 seconds
2024-10-07T16:20:05.434+0300: 358.131: [GC (Allocation Failure) 2024-10-07T16:20:05.434+0300: 358.131: [ParNew: 281199K->1585K(314560K), 0.0009251 secs] 285390K->5776K(1013632K), 0.0009846 secs] [Times: user=0.00 sys=0.00, real=0.00 secs] 
2024-10-07T16:20:05.434+0300: 358.132: Total time for which application threads were stopped: 0.0012377 seconds, Stopping threads took: 0.0001561 seconds
2024-10-07T16:20:06.356+0300: 359.053: Application time: 0.9215052 seconds
2024-10-07T16:20:06.356+0300: 359.053: [GC (Allocation Failure) 2024-10-07T16:20:06.356+0300: 359.053: [ParNew: 281201K->1586K(314560K), 0.0008435 secs] 285392K->5777K(1013632K), 0.0008891 secs] [Times: user=0.00 sys=0.00, real=0.00 secs] 
2024-10-07T16:20:06.356+0300: 359.054: Total time for which application threads were stopped: 0.0011451 seconds, Stopping threads took: 0.0001450 seconds
2024-10-07T16:20:07.281+0300: 359.984: Application time: 0.9300871 seconds
2024-10-07T16:20:07.281+0300: 359.985: [GC (Allocation Failure) 2024-10-07T16:20:07.281+0300: 359.987: [ParNew: 281202K->1674K(314560K), 0.0009064 secs] 285393K->5865K(1013632K), 0.0029290 secs] [Times: user=0.00 sys=0.00, real=0.00 secs] 
2024-10-07T16:20:07.281+0300: 359.988: Total time for which application threads were stopped: 0.0033438 seconds, Stopping threads took: 0.0002966 seconds
2024-10-07T16:20:08.222+0300: 360.932: Application time: 0.9439551 seconds
2024-10-07T16:20:08.222+0300: 360.932: [GC (Allocation Failure) 2024-10-07T16:20:08.222+0300: 360.932: [ParNew: 281290K->1535K(314560K), 0.0009021 secs] 285481K->5727K(1013632K), 0.0009568 secs] [Times: user=0.02 sys=0.00, real=0.02 secs] 
2024-10-07T16:20:08.238+0300: 360.933: Total time for which application threads were stopped: 0.0012247 seconds, Stopping threads took: 0.0001752 seconds
2024-10-07T16:20:09.175+0300: 361.870: Application time: 0.9368087 seconds
2024-10-07T16:20:09.175+0300: 361.870: [GC (Allocation Failure) 2024-10-07T16:20:09.175+0300: 361.870: [ParNew: 281151K->1576K(314560K), 0.0008517 secs] 285343K->5768K(1013632K), 0.0008968 secs] [Times: user=0.00 sys=0.00, real=0.00 secs] 
2024-10-07T16:20:09.175+0300: 361.871: Total time for which application threads were stopped: 0.0011842 seconds, Stopping threads took: 0.0001866 seconds
2024-10-07T16:20:10.142+0300: 362.844: Application time: 0.9727954 seconds
2024-10-07T16:20:10.142+0300: 362.844: [GC (Allocation Failure) 2024-10-07T16:20:10.142+0300: 362.844: [ParNew: 281192K->1708K(314560K), 0.0008412 secs] 285384K->5901K(1013632K), 0.0008840 secs] [Times: user=0.00 sys=0.00, real=0.00 secs] 
2024-10-07T16:20:10.142+0300: 362.845: Total time for which application threads were stopped: 0.0011008 seconds, Stopping threads took: 0.0001358 seconds
2024-10-07T16:20:11.062+0300: 363.761: Application time: 0.9157863 seconds
2024-10-07T16:20:11.062+0300: 363.761: [GC (Allocation Failure) 2024-10-07T16:20:11.062+0300: 363.761: [ParNew: 281324K->1462K(314560K), 0.0008167 secs] 285517K->5655K(1013632K), 0.0008594 secs] [Times: user=0.00 sys=0.00, real=0.00 secs] 
2024-10-07T16:20:11.062+0300: 363.762: Total time for which application threads were stopped: 0.0010832 seconds, Stopping threads took: 0.0001407 seconds
2024-10-07T16:20:11.972+0300: 364.677: Application time: 0.9151990 seconds
2024-10-07T16:20:11.972+0300: 364.677: [GC (Allocation Failure) 2024-10-07T16:20:11.972+0300: 364.677: [ParNew: 281078K->1540K(314560K), 0.0008328 secs] 285271K->5733K(1013632K), 0.0008756 secs] [Times: user=0.00 sys=0.00, real=0.00 secs] 
2024-10-07T16:20:11.972+0300: 364.678: Total time for which application threads were stopped: 0.0011394 seconds, Stopping threads took: 0.0001788 seconds
2024-10-07T16:20:12.897+0300: 365.596: Application time: 0.9178010 seconds
2024-10-07T16:20:12.897+0300: 365.596: [GC (Allocation Failure) 2024-10-07T16:20:12.897+0300: 365.596: [ParNew: 281156K->1621K(314560K), 0.0008262 secs] 285349K->5814K(1013632K), 0.0008731 secs] [Times: user=0.00 sys=0.00, real=0.00 secs] 
2024-10-07T16:20:12.897+0300: 365.597: Total time for which application threads were stopped: 0.0010934 seconds, Stopping threads took: 0.0001340 seconds
2024-10-07T16:20:13.822+0300: 366.517: Application time: 0.9202453 seconds
2024-10-07T16:20:13.822+0300: 366.517: [GC (Allocation Failure) 2024-10-07T16:20:13.822+0300: 366.517: [ParNew: 281237K->1504K(314560K), 0.0008165 secs] 285430K->5697K(1013632K), 0.0008614 secs] [Times: user=0.00 sys=0.00, real=0.00 secs] 
2024-10-07T16:20:13.822+0300: 366.518: Total time for which application threads were stopped: 0.0010896 seconds, Stopping threads took: 0.0001437 seconds
2024-10-07T16:20:14.764+0300: 367.463: Application time: 0.9446221 seconds
2024-10-07T16:20:14.764+0300: 367.463: [GC (Allocation Failure) 2024-10-07T16:20:14.764+0300: 367.463: [ParNew: 281120K->1497K(314560K), 0.0008544 secs] 285313K->5692K(1013632K), 0.0009007 secs] [Times: user=0.00 sys=0.00, real=0.00 secs] 
2024-10-07T16:20:14.764+0300: 367.464: Total time for which application threads were stopped: 0.0011297 seconds, Stopping threads took: 0.0001322 seconds
2024-10-07T16:20:15.705+0300: 368.403: Application time: 0.9384958 seconds
2024-10-07T16:20:15.705+0300: 368.403: [GC (Allocation Failure) 2024-10-07T16:20:15.705+0300: 368.403: [ParNew: 281113K->1585K(314560K), 0.0007723 secs] 285308K->5780K(1013632K), 0.0008240 secs] [Times: user=0.00 sys=0.00, real=0.00 secs] 
2024-10-07T16:20:15.705+0300: 368.404: Total time for which application threads were stopped: 0.0010697 seconds, Stopping threads took: 0.0001485 seconds
2024-10-07T16:20:16.662+0300: 369.359: Application time: 0.9552363 seconds
2024-10-07T16:20:16.662+0300: 369.359: [GC (Allocation Failure) 2024-10-07T16:20:16.662+0300: 369.359: [ParNew: 281201K->1496K(314560K), 0.0007769 secs] 285396K->5691K(1013632K), 0.0008810 secs] [Times: user=0.00 sys=0.00, real=0.00 secs] 
2024-10-07T16:20:16.662+0300: 369.360: Total time for which application threads were stopped: 0.0011728 seconds, Stopping threads took: 0.0001775 seconds
2024-10-07T16:20:17.603+0300: 370.309: Application time: 0.9490387 seconds
2024-10-07T16:20:17.603+0300: 370.309: [GC (Allocation Failure) 2024-10-07T16:20:17.603+0300: 370.309: [ParNew: 281112K->1574K(314560K), 0.0008675 secs] 285307K->5770K(1013632K), 0.0009233 secs] [Times: user=0.00 sys=0.00, real=0.00 secs] 
2024-10-07T16:20:17.603+0300: 370.310: Total time for which application threads were stopped: 0.0011715 seconds, Stopping threads took: 0.0001437 seconds
2024-10-07T16:20:18.529+0300: 371.233: Application time: 0.9224172 seconds
2024-10-07T16:20:18.529+0300: 371.233: [GC (Allocation Failure) 2024-10-07T16:20:18.529+0300: 371.233: [ParNew: 281190K->1583K(314560K), 0.0008738 secs] 285386K->5779K(1013632K), 0.0009190 secs] [Times: user=0.00 sys=0.00, real=0.00 secs] 
2024-10-07T16:20:18.529+0300: 371.234: Total time for which application threads were stopped: 0.0011472 seconds, Stopping threads took: 0.0001420 seconds
2024-10-07T16:20:19.455+0300: 372.150: Application time: 0.9161654 seconds
2024-10-07T16:20:19.455+0300: 372.150: [GC (Allocation Failure) 2024-10-07T16:20:19.455+0300: 372.150: [ParNew: 281199K->1585K(314560K), 0.0008558 secs] 285395K->5782K(1013632K), 0.0008992 secs] [Times: user=0.00 sys=0.00, real=0.00 secs] 
2024-10-07T16:20:19.455+0300: 372.151: Total time for which application threads were stopped: 0.0011479 seconds, Stopping threads took: 0.0001629 seconds
2024-10-07T16:20:20.365+0300: 373.073: Application time: 0.9221397 seconds
2024-10-07T16:20:20.365+0300: 373.073: [GC (Allocation Failure) 2024-10-07T16:20:20.365+0300: 373.073: [ParNew: 281201K->1497K(314560K), 0.0008930 secs] 285398K->5694K(1013632K), 0.0009412 secs] [Times: user=0.00 sys=0.00, real=0.00 secs] 
2024-10-07T16:20:20.365+0300: 373.074: Total time for which application threads were stopped: 0.0011780 seconds, Stopping threads took: 0.0001453 seconds
2024-10-07T16:20:21.291+0300: 373.992: Application time: 0.9180272 seconds
2024-10-07T16:20:21.291+0300: 373.993: [GC (Allocation Failure) 2024-10-07T16:20:21.291+0300: 373.993: [ParNew: 281113K->1586K(314560K), 0.0008509 secs] 285310K->5783K(1013632K), 0.0008981 secs] [Times: user=0.00 sys=0.00, real=0.00 secs] 
2024-10-07T16:20:21.291+0300: 373.994: Total time for which application threads were stopped: 0.0011142 seconds, Stopping threads took: 0.0001240 seconds
2024-10-07T16:20:22.247+0300: 374.944: Application time: 0.9503479 seconds
2024-10-07T16:20:22.247+0300: 374.944: [GC (Allocation Failure) 2024-10-07T16:20:22.247+0300: 374.944: [ParNew: 281202K->1584K(314560K), 0.0008045 secs] 285399K->5781K(1013632K), 0.0008455 secs] [Times: user=0.00 sys=0.00, real=0.00 secs] 
2024-10-07T16:20:22.247+0300: 374.945: Total time for which application threads were stopped: 0.0010931 seconds, Stopping threads took: 0.0001631 seconds
2024-10-07T16:20:23.173+0300: 375.882: Application time: 0.9369727 seconds
2024-10-07T16:20:23.173+0300: 375.882: [GC (Allocation Failure) 2024-10-07T16:20:23.173+0300: 375.882: [ParNew: 281200K->1585K(314560K), 0.0008734 secs] 285397K->5782K(1013632K), 0.0009248 secs] [Times: user=0.00 sys=0.00, real=0.00 secs] 
2024-10-07T16:20:23.173+0300: 375.883: Total time for which application threads were stopped: 0.0011977 seconds, Stopping threads took: 0.0001839 seconds
2024-10-07T16:20:24.161+0300: 376.863: Application time: 0.9797605 seconds
2024-10-07T16:20:24.161+0300: 376.863: [GC (Allocation Failure) 2024-10-07T16:20:24.161+0300: 376.863: [ParNew: 281201K->1407K(314560K), 0.0008715 secs] 285398K->5605K(1013632K), 0.0009199 secs] [Times: user=0.02 sys=0.00, real=0.01 secs] 
2024-10-07T16:20:24.169+0300: 376.864: Total time for which application threads were stopped: 0.0011479 seconds, Stopping threads took: 0.0001412 seconds
2024-10-07T16:20:25.088+0300: 377.793: Application time: 0.9291658 seconds
2024-10-07T16:20:25.088+0300: 377.793: [GC (Allocation Failure) 2024-10-07T16:20:25.088+0300: 377.794: [ParNew: 281023K->1492K(314560K), 0.0008824 secs] 285221K->5691K(1013632K), 0.0009310 secs] [Times: user=0.00 sys=0.00, real=0.00 secs] 
2024-10-07T16:20:25.088+0300: 377.794: Total time for which application threads were stopped: 0.0011685 seconds, Stopping threads took: 0.0001529 seconds
2024-10-07T16:20:26.013+0300: 378.711: Application time: 0.9165335 seconds
2024-10-07T16:20:26.013+0300: 378.711: [GC (Allocation Failure) 2024-10-07T16:20:26.013+0300: 378.711: [ParNew: 281108K->1496K(314560K), 0.0007989 secs] 285307K->5695K(1013632K), 0.0008464 secs] [Times: user=0.00 sys=0.00, real=0.00 secs] 
2024-10-07T16:20:26.013+0300: 378.712: Total time for which application threads were stopped: 0.0010505 seconds, Stopping threads took: 0.0001171 seconds
2024-10-07T16:20:26.924+0300: 379.628: Application time: 0.9154756 seconds
2024-10-07T16:20:26.924+0300: 379.628: [GC (Allocation Failure) 2024-10-07T16:20:26.924+0300: 379.628: [ParNew: 281112K->1586K(314560K), 0.0008096 secs] 285311K->5785K(1013632K), 0.0008569 secs] [Times: user=0.00 sys=0.00, real=0.00 secs] 
2024-10-07T16:20:26.924+0300: 379.629: Total time for which application threads were stopped: 0.0010903 seconds, Stopping threads took: 0.0001402 seconds
2024-10-07T16:20:27.849+0300: 380.551: Application time: 0.9227023 seconds
2024-10-07T16:20:27.849+0300: 380.552: [GC (Allocation Failure) 2024-10-07T16:20:27.849+0300: 380.552: [ParNew: 281202K->1586K(314560K), 0.0008511 secs] 285401K->5785K(1013632K), 0.0009088 secs] [Times: user=0.00 sys=0.00, real=0.00 secs] 
2024-10-07T16:20:27.849+0300: 380.552: Total time for which application threads were stopped: 0.0011649 seconds, Stopping threads took: 0.0001471 seconds
2024-10-07T16:20:28.778+0300: 381.475: Application time: 0.9223602 seconds
2024-10-07T16:20:28.778+0300: 381.475: [GC (Allocation Failure) 2024-10-07T16:20:28.778+0300: 381.475: [ParNew: 281202K->1674K(314560K), 0.0008363 secs] 285401K->5874K(1013632K), 0.0008861 secs] [Times: user=0.00 sys=0.00, real=0.00 secs] 
2024-10-07T16:20:28.778+0300: 381.476: Total time for which application threads were stopped: 0.0011423 seconds, Stopping threads took: 0.0001398 seconds
2024-10-07T16:20:29.716+0300: 382.422: Application time: 0.9463803 seconds
2024-10-07T16:20:29.716+0300: 382.423: [GC (Allocation Failure) 2024-10-07T16:20:29.716+0300: 382.423: [ParNew: 281290K->1368K(314560K), 0.0008051 secs] 285490K->5568K(1013632K), 0.0008468 secs] [Times: user=0.00 sys=0.00, real=0.00 secs] 
2024-10-07T16:20:29.716+0300: 382.423: Total time for which application threads were stopped: 0.0010932 seconds, Stopping threads took: 0.0001597 seconds
2024-10-07T16:20:30.657+0300: 383.365: Application time: 0.9414368 seconds
2024-10-07T16:20:30.657+0300: 383.365: [GC (Allocation Failure) 2024-10-07T16:20:30.657+0300: 383.365: [ParNew: 280984K->1495K(314560K), 0.0008059 secs] 285184K->5696K(1013632K), 0.0008465 secs] [Times: user=0.00 sys=0.00, real=0.00 secs] 
2024-10-07T16:20:30.657+0300: 383.366: Total time for which application threads were stopped: 0.0010947 seconds, Stopping threads took: 0.0001666 seconds
2024-10-07T16:20:31.645+0300: 384.345: Application time: 0.9791335 seconds
2024-10-07T16:20:31.645+0300: 384.345: [GC (Allocation Failure) 2024-10-07T16:20:31.645+0300: 384.345: [ParNew: 281111K->1578K(314560K), 0.0008413 secs] 285312K->5779K(1013632K), 0.0008911 secs] [Times: user=0.00 sys=0.00, real=0.00 secs] 
2024-10-07T16:20:31.645+0300: 384.346: Total time for which application threads were stopped: 0.0011523 seconds, Stopping threads took: 0.0001636 seconds
2024-10-07T16:20:32.555+0300: 385.260: Application time: 0.9140602 seconds
2024-10-07T16:20:32.555+0300: 385.261: [GC (Allocation Failure) 2024-10-07T16:20:32.555+0300: 385.261: [ParNew: 281194K->1496K(314560K), 0.0007929 secs] 285395K->5697K(1013632K), 0.0008407 secs] [Times: user=0.00 sys=0.00, real=0.00 secs] 
2024-10-07T16:20:32.555+0300: 385.261: Total time for which application threads were stopped: 0.0010790 seconds, Stopping threads took: 0.0001580 seconds
2024-10-07T16:20:33.481+0300: 386.180: Application time: 0.9181085 seconds
2024-10-07T16:20:33.481+0300: 386.180: [GC (Allocation Failure) 2024-10-07T16:20:33.481+0300: 386.180: [ParNew: 281112K->1586K(314560K), 0.0008261 secs] 285313K->5787K(1013632K), 0.0008710 secs] [Times: user=0.00 sys=0.00, real=0.00 secs] 
2024-10-07T16:20:33.481+0300: 386.181: Total time for which application threads were stopped: 0.0010931 seconds, Stopping threads took: 0.0001412 seconds
2024-10-07T16:20:34.392+0300: 387.097: Application time: 0.9167400 seconds
2024-10-07T16:20:34.392+0300: 387.098: [GC (Allocation Failure) 2024-10-07T16:20:34.392+0300: 387.098: [ParNew: 281202K->1586K(314560K), 0.0008434 secs] 285403K->5788K(1013632K), 0.0008920 secs] [Times: user=0.00 sys=0.00, real=0.00 secs] 
2024-10-07T16:20:34.392+0300: 387.099: Total time for which application threads were stopped: 0.0011307 seconds, Stopping threads took: 0.0001499 seconds
2024-10-07T16:20:35.333+0300: 388.036: Application time: 0.9373699 seconds
2024-10-07T16:20:35.333+0300: 388.036: [GC (Allocation Failure) 2024-10-07T16:20:35.333+0300: 388.036: [ParNew: 281202K->1586K(314560K), 0.0008431 secs] 285404K->5788K(1013632K), 0.0008943 secs] [Times: user=0.00 sys=0.00, real=0.00 secs] 
2024-10-07T16:20:35.333+0300: 388.037: Total time for which application threads were stopped: 0.0012070 seconds, Stopping threads took: 0.0002196 seconds
2024-10-07T16:20:36.275+0300: 388.982: Application time: 0.9445804 seconds
2024-10-07T16:20:36.275+0300: 388.982: [GC (Allocation Failure) 2024-10-07T16:20:36.275+0300: 388.982: [ParNew: 281202K->1585K(314560K), 0.0008646 secs] 285404K->5788K(1013632K), 0.0009119 secs] [Times: user=0.00 sys=0.00, real=0.00 secs] 
2024-10-07T16:20:36.275+0300: 388.983: Total time for which application threads were stopped: 0.0011205 seconds, Stopping threads took: 0.0001125 seconds
2024-10-07T16:20:37.232+0300: 389.928: Application time: 0.9453513 seconds
2024-10-07T16:20:37.232+0300: 389.928: [GC (Allocation Failure) 2024-10-07T16:20:37.232+0300: 389.928: [ParNew: 281201K->1585K(314560K), 0.0008595 secs] 285404K->5788K(1013632K), 0.0009103 secs] [Times: user=0.00 sys=0.00, real=0.00 secs] 
2024-10-07T16:20:37.232+0300: 389.929: Total time for which application threads were stopped: 0.0011333 seconds, Stopping threads took: 0.0001278 seconds
2024-10-07T16:20:38.195+0300: 390.895: Application time: 0.9654384 seconds
2024-10-07T16:20:38.195+0300: 390.895: [GC (Allocation Failure) 2024-10-07T16:20:38.195+0300: 390.895: [ParNew: 281201K->1584K(314560K), 0.0009287 secs] 285404K->5788K(1013632K), 0.0009832 secs] [Times: user=0.00 sys=0.00, real=0.00 secs] 
2024-10-07T16:20:38.195+0300: 390.896: Total time for which application threads were stopped: 0.0013117 seconds, Stopping threads took: 0.0002156 seconds
2024-10-07T16:20:39.165+0300: 391.866: Application time: 0.9699328 seconds
2024-10-07T16:20:39.165+0300: 391.866: [GC (Allocation Failure) 2024-10-07T16:20:39.165+0300: 391.866: [ParNew: 281200K->1661K(314560K), 0.0009072 secs] 285404K->5865K(1013632K), 0.0009591 secs] [Times: user=0.00 sys=0.00, real=0.00 secs] 
2024-10-07T16:20:39.165+0300: 391.867: Total time for which application threads were stopped: 0.0011847 seconds, Stopping threads took: 0.0001251 seconds
2024-10-07T16:20:40.089+0300: 392.786: Application time: 0.9183844 seconds
2024-10-07T16:20:40.089+0300: 392.786: [GC (Allocation Failure) 2024-10-07T16:20:40.089+0300: 392.786: [ParNew: 281277K->1495K(314560K), 0.0008920 secs] 285481K->5699K(1013632K), 0.0009523 secs] [Times: user=0.00 sys=0.00, real=0.00 secs] 
2024-10-07T16:20:40.089+0300: 392.787: Total time for which application threads were stopped: 0.0011713 seconds, Stopping threads took: 0.0001233 seconds
2024-10-07T16:20:41.014+0300: 393.710: Application time: 0.9236397 seconds
2024-10-07T16:20:41.014+0300: 393.711: [GC (Allocation Failure) 2024-10-07T16:20:41.014+0300: 393.711: [ParNew: 281111K->1585K(314560K), 0.0009769 secs] 285315K->5790K(1013632K), 0.0010342 secs] [Times: user=0.00 sys=0.00, real=0.00 secs] 
2024-10-07T16:20:41.014+0300: 393.712: Total time for which application threads were stopped: 0.0012612 seconds, Stopping threads took: 0.0001373 seconds
2024-10-07T16:20:41.924+0300: 394.630: Application time: 0.9182105 seconds
2024-10-07T16:20:41.924+0300: 394.630: [GC (Allocation Failure) 2024-10-07T16:20:41.924+0300: 394.630: [ParNew: 281201K->1498K(314560K), 0.0009176 secs] 285406K->5703K(1013632K), 0.0009753 secs] [Times: user=0.00 sys=0.00, real=0.00 secs] 
2024-10-07T16:20:41.924+0300: 394.631: Total time for which application threads were stopped: 0.0011987 seconds, Stopping threads took: 0.0001202 seconds
2024-10-07T16:20:42.849+0300: 395.557: Application time: 0.9260186 seconds
2024-10-07T16:20:42.849+0300: 395.557: [GC (Allocation Failure) 2024-10-07T16:20:42.849+0300: 395.557: [ParNew: 281114K->1586K(314560K), 0.0008618 secs] 285319K->5791K(1013632K), 0.0009297 secs] [Times: user=0.00 sys=0.00, real=0.00 secs] 
2024-10-07T16:20:42.849+0300: 395.558: Total time for which application threads were stopped: 0.0011760 seconds, Stopping threads took: 0.0001392 seconds
2024-10-07T16:20:43.805+0300: 396.501: Application time: 0.9422768 seconds
2024-10-07T16:20:43.805+0300: 396.501: [GC (Allocation Failure) 2024-10-07T16:20:43.805+0300: 396.501: [ParNew: 281202K->1584K(314560K), 0.0009077 secs] 285407K->5790K(1013632K), 0.0009762 secs] [Times: user=0.05 sys=0.00, real=0.00 secs] 
2024-10-07T16:20:43.807+0300: 396.502: Total time for which application threads were stopped: 0.0012721 seconds, Stopping threads took: 0.0001735 seconds
2024-10-07T16:20:44.748+0300: 397.446: Application time: 0.9443737 seconds
2024-10-07T16:20:44.748+0300: 397.447: [GC (Allocation Failure) 2024-10-07T16:20:44.748+0300: 397.447: [ParNew: 281200K->1580K(314560K), 0.0008578 secs] 285406K->5786K(1013632K), 0.0009136 secs] [Times: user=0.00 sys=0.00, real=0.00 secs] 
2024-10-07T16:20:44.748+0300: 397.447: Total time for which application threads were stopped: 0.0012884 seconds, Stopping threads took: 0.0002654 seconds
2024-10-07T16:20:45.720+0300: 398.428: Application time: 0.9801084 seconds
2024-10-07T16:20:45.720+0300: 398.428: [GC (Allocation Failure) 2024-10-07T16:20:45.720+0300: 398.428: [ParNew: 281196K->1402K(314560K), 0.0008932 secs] 285402K->5608K(1013632K), 0.0009631 secs] [Times: user=0.00 sys=0.00, real=0.00 secs] 
2024-10-07T16:20:45.720+0300: 398.429: Total time for which application threads were stopped: 0.0011986 seconds, Stopping threads took: 0.0000932 seconds
2024-10-07T16:20:46.677+0300: 399.375: Application time: 0.9459931 seconds
2024-10-07T16:20:46.677+0300: 399.375: [GC (Allocation Failure) 2024-10-07T16:20:46.677+0300: 399.375: [ParNew: 281018K->1495K(314560K), 0.0008607 secs] 285224K->5701K(1013632K), 0.0009083 secs] [Times: user=0.00 sys=0.00, real=0.00 secs] 
2024-10-07T16:20:46.677+0300: 399.376: Total time for which application threads were stopped: 0.0011553 seconds, Stopping threads took: 0.0001547 seconds
2024-10-07T16:20:47.587+0300: 400.292: Application time: 0.9161128 seconds
2024-10-07T16:20:47.587+0300: 400.292: [GC (Allocation Failure) 2024-10-07T16:20:47.587+0300: 400.292: [ParNew: 281111K->1585K(314560K), 0.0008862 secs] 285317K->5793K(1013632K), 0.0009388 secs] [Times: user=0.00 sys=0.00, real=0.00 secs] 
2024-10-07T16:20:47.587+0300: 400.293: Total time for which application threads were stopped: 0.0012012 seconds, Stopping threads took: 0.0001681 seconds
2024-10-07T16:20:48.514+0300: 401.210: Application time: 0.9171874 seconds
2024-10-07T16:20:48.514+0300: 401.211: [GC (Allocation Failure) 2024-10-07T16:20:48.514+0300: 401.211: [ParNew: 281201K->1546K(314560K), 0.0009168 secs] 285409K->5753K(1013632K), 0.0009696 secs] [Times: user=0.00 sys=0.00, real=0.00 secs] 
2024-10-07T16:20:48.514+0300: 401.212: Total time for which application threads were stopped: 0.0012350 seconds, Stopping threads took: 0.0001766 seconds
2024-10-07T16:20:49.423+0300: 402.129: Application time: 0.9171507 seconds
2024-10-07T16:20:49.423+0300: 402.129: [GC (Allocation Failure) 2024-10-07T16:20:49.423+0300: 402.129: [ParNew: 281162K->1482K(314560K), 0.0009533 secs] 285369K->5690K(1013632K), 0.0010172 secs] [Times: user=0.00 sys=0.00, real=0.00 secs] 
2024-10-07T16:20:49.423+0300: 402.130: Total time for which application threads were stopped: 0.0012817 seconds, Stopping threads took: 0.0001466 seconds
2024-10-07T16:20:50.349+0300: 403.053: Application time: 0.9228771 seconds
2024-10-07T16:20:50.349+0300: 403.053: [GC (Allocation Failure) 2024-10-07T16:20:50.349+0300: 403.053: [ParNew: 281098K->1520K(314560K), 0.0009824 secs] 285306K->5728K(1013632K), 0.0010585 secs] [Times: user=0.00 sys=0.00, real=0.00 secs] 
2024-10-07T16:20:50.349+0300: 403.054: Total time for which application threads were stopped: 0.0012910 seconds, Stopping threads took: 0.0001052 seconds
2024-10-07T16:20:51.306+0300: 404.001: Application time: 0.9467828 seconds
2024-10-07T16:20:51.306+0300: 404.001: [GC (Allocation Failure) 2024-10-07T16:20:51.306+0300: 404.001: [ParNew: 281136K->1589K(314560K), 0.0008283 secs] 285344K->5798K(1013632K), 0.0008756 secs] [Times: user=0.00 sys=0.00, real=0.00 secs] 
2024-10-07T16:20:51.306+0300: 404.002: Total time for which application threads were stopped: 0.0011393 seconds, Stopping threads took: 0.0001683 seconds
2024-10-07T16:20:52.232+0300: 404.939: Application time: 0.9368634 seconds
2024-10-07T16:20:52.232+0300: 404.939: [GC (Allocation Failure) 2024-10-07T16:20:52.232+0300: 404.939: [ParNew: 281205K->1565K(314560K), 0.0008678 secs] 285414K->5774K(1013632K), 0.0009132 secs] [Times: user=0.00 sys=0.00, real=0.00 secs] 
2024-10-07T16:20:52.232+0300: 404.940: Total time for which application threads were stopped: 0.0011950 seconds, Stopping threads took: 0.0001942 seconds
2024-10-07T16:20:53.204+0300: 405.912: Application time: 0.9716830 seconds
2024-10-07T16:20:53.204+0300: 405.912: [GC (Allocation Failure) 2024-10-07T16:20:53.204+0300: 405.912: [ParNew: 281181K->1416K(314560K), 0.0008965 secs] 285390K->5626K(1013632K), 0.0009439 secs] [Times: user=0.00 sys=0.00, real=0.00 secs] 
2024-10-07T16:20:53.204+0300: 405.913: Total time for which application threads were stopped: 0.0012539 seconds, Stopping threads took: 0.0001794 seconds
2024-10-07T16:20:54.145+0300: 406.853: Application time: 0.9400306 seconds
2024-10-07T16:20:54.145+0300: 406.853: [GC (Allocation Failure) 2024-10-07T16:20:54.145+0300: 406.853: [ParNew: 281032K->1494K(314560K), 0.0009335 secs] 285242K->5704K(1013632K), 0.0009862 secs] [Times: user=0.00 sys=0.00, real=0.00 secs] 
2024-10-07T16:20:54.145+0300: 406.854: Total time for which application threads were stopped: 0.0012317 seconds, Stopping threads took: 0.0001499 seconds
2024-10-07T16:20:55.070+0300: 407.769: Application time: 0.9142926 seconds
2024-10-07T16:20:55.070+0300: 407.769: [GC (Allocation Failure) 2024-10-07T16:20:55.070+0300: 407.769: [ParNew: 281110K->1690K(314560K), 0.0009383 secs] 285320K->5900K(1013632K), 0.0009887 secs] [Times: user=0.00 sys=0.00, real=0.00 secs] 
2024-10-07T16:20:55.070+0300: 407.770: Total time for which application threads were stopped: 0.0012296 seconds, Stopping threads took: 0.0001501 seconds
2024-10-07T16:20:55.981+0300: 408.686: Application time: 0.9158762 seconds
2024-10-07T16:20:55.981+0300: 408.686: [GC (Allocation Failure) 2024-10-07T16:20:55.981+0300: 408.686: [ParNew: 281306K->1552K(314560K), 0.0009983 secs] 285516K->5762K(1013632K), 0.0010687 secs] [Times: user=0.00 sys=0.00, real=0.00 secs] 
2024-10-07T16:20:55.981+0300: 408.687: Total time for which application threads were stopped: 0.0013656 seconds, Stopping threads took: 0.0001735 seconds
2024-10-07T16:20:56.906+0300: 409.605: Application time: 0.9175578 seconds
2024-10-07T16:20:56.906+0300: 409.605: [GC (Allocation Failure) 2024-10-07T16:20:56.906+0300: 409.605: [ParNew: 281168K->1559K(314560K), 0.0007841 secs] 285378K->5770K(1013632K), 0.0008537 secs] [Times: user=0.00 sys=0.00, real=0.00 secs] 
2024-10-07T16:20:56.906+0300: 409.606: Total time for which application threads were stopped: 0.0011190 seconds, Stopping threads took: 0.0001490 seconds
2024-10-07T16:20:57.816+0300: 410.523: Application time: 0.9170301 seconds
2024-10-07T16:20:57.816+0300: 410.523: [GC (Allocation Failure) 2024-10-07T16:20:57.816+0300: 410.523: [ParNew: 281175K->1554K(314560K), 0.0008310 secs] 285386K->5765K(1013632K), 0.0008785 secs] [Times: user=0.00 sys=0.00, real=0.00 secs] 
2024-10-07T16:20:57.816+0300: 410.524: Total time for which application threads were stopped: 0.0011424 seconds, Stopping threads took: 0.0001487 seconds
2024-10-07T16:20:58.773+0300: 411.471: Application time: 0.9464641 seconds
2024-10-07T16:20:58.773+0300: 411.471: [GC (Allocation Failure) 2024-10-07T16:20:58.773+0300: 411.471: [ParNew: 281170K->1542K(314560K), 0.0007652 secs] 285381K->5753K(1013632K), 0.0008196 secs] [Times: user=0.00 sys=0.00, real=0.00 secs] 
2024-10-07T16:20:58.773+0300: 411.472: Total time for which application threads were stopped: 0.0010909 seconds, Stopping threads took: 0.0001580 seconds
2024-10-07T16:20:59.714+0300: 412.420: Application time: 0.9484288 seconds
2024-10-07T16:20:59.714+0300: 412.420: [GC (Allocation Failure) 2024-10-07T16:20:59.714+0300: 412.420: [ParNew: 281158K->1596K(314560K), 0.0008476 secs] 285369K->5808K(1013632K), 0.0008994 secs] [Times: user=0.00 sys=0.00, real=0.00 secs] 
2024-10-07T16:20:59.714+0300: 412.421: Total time for which application threads were stopped: 0.0011827 seconds, Stopping threads took: 0.0001865 seconds
2024-10-07T16:21:00.702+0300: 413.405: Application time: 0.9839305 seconds
2024-10-07T16:21:00.702+0300: 413.405: [GC (Allocation Failure) 2024-10-07T16:21:00.702+0300: 413.405: [ParNew: 281212K->1583K(314560K), 0.0008191 secs] 285424K->5795K(1013632K), 0.0008669 secs] [Times: user=0.00 sys=0.00, real=0.00 secs] 
2024-10-07T16:21:00.702+0300: 413.406: Total time for which application threads were stopped: 0.0011101 seconds, Stopping threads took: 0.0001474 seconds
2024-10-07T16:21:01.627+0300: 414.322: Application time: 0.9158558 seconds
2024-10-07T16:21:01.627+0300: 414.322: [GC (Allocation Failure) 2024-10-07T16:21:01.627+0300: 414.322: [ParNew: 281199K->1580K(314560K), 0.0008499 secs] 285411K->5793K(1013632K), 0.0008961 secs] [Times: user=0.00 sys=0.00, real=0.00 secs] 
2024-10-07T16:21:01.627+0300: 414.323: Total time for which application threads were stopped: 0.0011275 seconds, Stopping threads took: 0.0001434 seconds
2024-10-07T16:21:02.540+0300: 415.243: Application time: 0.9198164 seconds
2024-10-07T16:21:02.540+0300: 415.243: [GC (Allocation Failure) 2024-10-07T16:21:02.540+0300: 415.243: [ParNew: 281196K->1496K(314560K), 0.0008683 secs] 285409K->5710K(1013632K), 0.0009175 secs] [Times: user=0.00 sys=0.00, real=0.00 secs] 
2024-10-07T16:21:02.540+0300: 415.244: Total time for which application threads were stopped: 0.0011547 seconds, Stopping threads took: 0.0001520 seconds
2024-10-07T16:21:03.464+0300: 416.160: Application time: 0.9155765 seconds
2024-10-07T16:21:03.464+0300: 416.160: [GC (Allocation Failure) 2024-10-07T16:21:03.464+0300: 416.160: [ParNew: 281112K->1586K(314560K), 0.0008154 secs] 285326K->5799K(1013632K), 0.0008621 secs] [Times: user=0.00 sys=0.00, real=0.00 secs] 
2024-10-07T16:21:03.464+0300: 416.161: Total time for which application threads were stopped: 0.0010769 seconds, Stopping threads took: 0.0001227 seconds
2024-10-07T16:21:04.374+0300: 417.079: Application time: 0.9180221 seconds
2024-10-07T16:21:04.374+0300: 417.079: [GC (Allocation Failure) 2024-10-07T16:21:04.374+0300: 417.079: [ParNew: 281202K->1497K(314560K), 0.0008747 secs] 285415K->5711K(1013632K), 0.0009211 secs] [Times: user=0.02 sys=0.00, real=0.00 secs] 
2024-10-07T16:21:04.374+0300: 417.080: Total time for which application threads were stopped: 0.0011815 seconds, Stopping threads took: 0.0001703 seconds
2024-10-07T16:21:05.316+0300: 418.011: Application time: 0.9308667 seconds
2024-10-07T16:21:05.316+0300: 418.011: [GC (Allocation Failure) 2024-10-07T16:21:05.316+0300: 418.011: [ParNew: 281113K->1673K(314560K), 0.0010917 secs] 285327K->5887K(1013632K), 0.0011655 secs] [Times: user=0.00 sys=0.00, real=0.00 secs] 
2024-10-07T16:21:05.316+0300: 418.012: Total time for which application threads were stopped: 0.0014333 seconds, Stopping threads took: 0.0001566 seconds
2024-10-07T16:21:06.258+0300: 418.960: Application time: 0.9479110 seconds
2024-10-07T16:21:06.258+0300: 418.961: [GC (Allocation Failure) 2024-10-07T16:21:06.258+0300: 418.961: [ParNew: 281289K->1585K(314560K), 0.0008227 secs] 285503K->5799K(1013632K), 0.0008729 secs] [Times: user=0.00 sys=0.00, real=0.00 secs] 
2024-10-07T16:21:06.258+0300: 418.961: Total time for which application threads were stopped: 0.0010962 seconds, Stopping threads took: 0.0001183 seconds
2024-10-07T16:21:07.224+0300: 419.920: Application time: 0.9581072 seconds
2024-10-07T16:21:07.224+0300: 419.920: [GC (Allocation Failure) 2024-10-07T16:21:07.224+0300: 419.920: [ParNew: 281201K->1496K(314560K), 0.0008174 secs] 285415K->5710K(1013632K), 0.0008609 secs] [Times: user=0.00 sys=0.00, real=0.00 secs] 
2024-10-07T16:21:07.226+0300: 419.921: Total time for which application threads were stopped: 0.0011418 seconds, Stopping threads took: 0.0001686 seconds
2024-10-07T16:21:08.186+0300: 420.889: Application time: 0.9681023 seconds
2024-10-07T16:21:08.186+0300: 420.889: [GC (Allocation Failure) 2024-10-07T16:21:08.186+0300: 420.889: [ParNew: 281112K->1491K(314560K), 0.0008577 secs] 285326K->5707K(1013632K), 0.0009048 secs] [Times: user=0.00 sys=0.00, real=0.00 secs] 
2024-10-07T16:21:08.186+0300: 420.890: Total time for which application threads were stopped: 0.0011618 seconds, Stopping threads took: 0.0001706 seconds
2024-10-07T16:21:09.096+0300: 421.805: Application time: 0.9148694 seconds
2024-10-07T16:21:09.096+0300: 421.805: [GC (Allocation Failure) 2024-10-07T16:21:09.096+0300: 421.805: [ParNew: 281107K->1584K(314560K), 0.0008386 secs] 285323K->5800K(1013632K), 0.0008944 secs] [Times: user=0.00 sys=0.00, real=0.00 secs] 
2024-10-07T16:21:09.096+0300: 421.806: Total time for which application threads were stopped: 0.0011328 seconds, Stopping threads took: 0.0001429 seconds
2024-10-07T16:21:10.021+0300: 422.725: Application time: 0.9190480 seconds
2024-10-07T16:21:10.021+0300: 422.725: [GC (Allocation Failure) 2024-10-07T16:21:10.021+0300: 422.725: [ParNew: 281200K->1497K(314560K), 0.0008160 secs] 285416K->5713K(1013632K), 0.0008557 secs] [Times: user=0.00 sys=0.00, real=0.00 secs] 
2024-10-07T16:21:10.021+0300: 422.726: Total time for which application threads were stopped: 0.0010818 seconds, Stopping threads took: 0.0001437 seconds
2024-10-07T16:21:10.947+0300: 423.649: Application time: 0.9233603 seconds
2024-10-07T16:21:10.947+0300: 423.650: [GC (Allocation Failure) 2024-10-07T16:21:10.947+0300: 423.650: [ParNew: 281113K->1498K(314560K), 0.0008154 secs] 285329K->5714K(1013632K), 0.0008565 secs] [Times: user=0.00 sys=0.00, real=0.00 secs] 
2024-10-07T16:21:10.947+0300: 423.651: Total time for which application threads were stopped: 0.0010926 seconds, Stopping threads took: 0.0001543 seconds
2024-10-07T16:21:11.872+0300: 424.575: Application time: 0.9244621 seconds
2024-10-07T16:21:11.872+0300: 424.575: [GC (Allocation Failure) 2024-10-07T16:21:11.872+0300: 424.575: [ParNew: 281114K->1497K(314560K), 0.0008487 secs] 285330K->5714K(1013632K), 0.0008953 secs] [Times: user=0.00 sys=0.00, real=0.00 secs] 
2024-10-07T16:21:11.872+0300: 424.576: Total time for which application threads were stopped: 0.0011182 seconds, Stopping threads took: 0.0001344 seconds
2024-10-07T16:21:12.814+0300: 425.516: Application time: 0.9402554 seconds
2024-10-07T16:21:12.814+0300: 425.517: [GC (Allocation Failure) 2024-10-07T16:21:12.814+0300: 425.517: [ParNew: 281113K->1673K(314560K), 0.0008408 secs] 285330K->5890K(1013632K), 0.0008898 secs] [Times: user=0.00 sys=0.00, real=0.00 secs] 
2024-10-07T16:21:12.814+0300: 425.518: Total time for which application threads were stopped: 0.0011361 seconds, Stopping threads took: 0.0001306 seconds
2024-10-07T16:21:13.755+0300: 426.450: Application time: 0.9324526 seconds
2024-10-07T16:21:13.755+0300: 426.450: [GC (Allocation Failure) 2024-10-07T16:21:13.755+0300: 426.450: [ParNew: 281289K->1668K(314560K), 0.0008642 secs] 285506K->5885K(1013632K), 0.0009249 secs] [Times: user=0.00 sys=0.00, real=0.00 secs] 
2024-10-07T16:21:13.755+0300: 426.451: Total time for which application threads were stopped: 0.0012117 seconds, Stopping threads took: 0.0001370 seconds
2024-10-07T16:21:14.728+0300: 427.431: Application time: 0.9793046 seconds
2024-10-07T16:21:14.728+0300: 427.431: [GC (Allocation Failure) 2024-10-07T16:21:14.728+0300: 427.431: [ParNew: 281284K->1489K(314560K), 0.0008450 secs] 285501K->5707K(1013632K), 0.0009020 secs] [Times: user=0.00 sys=0.00, real=0.00 secs] 
2024-10-07T16:21:14.728+0300: 427.432: Total time for which application threads were stopped: 0.0011913 seconds, Stopping threads took: 0.0001943 seconds
2024-10-07T16:21:15.717+0300: 428.415: Application time: 0.9828909 seconds
2024-10-07T16:21:15.717+0300: 428.415: [GC (Allocation Failure) 2024-10-07T16:21:15.717+0300: 428.415: [ParNew: 281105K->1578K(314560K), 0.0008153 secs] 285323K->5796K(1013632K), 0.0008862 secs] [Times: user=0.00 sys=0.00, real=0.00 secs] 
2024-10-07T16:21:15.717+0300: 428.416: Total time for which application threads were stopped: 0.0012924 seconds, Stopping threads took: 0.0002879 seconds
2024-10-07T16:21:16.675+0300: 429.385: Application time: 0.9687879 seconds
2024-10-07T16:21:16.675+0300: 429.385: [GC (Allocation Failure) 2024-10-07T16:21:16.675+0300: 429.385: [ParNew: 281194K->1584K(314560K), 0.0008845 secs] 285412K->5803K(1013632K), 0.0009523 secs] [Times: user=0.02 sys=0.00, real=0.02 secs] 
2024-10-07T16:21:16.691+0300: 429.386: Total time for which application threads were stopped: 0.0012076 seconds, Stopping threads took: 0.0001402 seconds
2024-10-07T16:21:17.601+0300: 430.310: Application time: 0.9236330 seconds
2024-10-07T16:21:17.601+0300: 430.310: [GC (Allocation Failure) 2024-10-07T16:21:17.601+0300: 430.310: [ParNew: 281200K->1586K(314560K), 0.0008548 secs] 285419K->5805K(1013632K), 0.0009231 secs] [Times: user=0.00 sys=0.00, real=0.00 secs] 
2024-10-07T16:21:17.601+0300: 430.311: Total time for which application threads were stopped: 0.0012274 seconds, Stopping threads took: 0.0001872 seconds
2024-10-07T16:21:18.526+0300: 431.236: Application time: 0.9254157 seconds
2024-10-07T16:21:18.542+0300: 431.236: [GC (Allocation Failure) 2024-10-07T16:21:18.542+0300: 431.237: [ParNew: 281202K->1586K(314560K), 0.0009838 secs] 285421K->5805K(1013632K), 0.0011162 secs] [Times: user=0.00 sys=0.00, real=0.00 secs] 
2024-10-07T16:21:18.542+0300: 431.238: Total time for which application threads were stopped: 0.0013894 seconds, Stopping threads took: 0.0001353 seconds
2024-10-07T16:21:19.452+0300: 432.158: Application time: 0.9206434 seconds
2024-10-07T16:21:19.452+0300: 432.159: [GC (Allocation Failure) 2024-10-07T16:21:19.452+0300: 432.159: [ParNew: 281202K->1497K(314560K), 0.0008100 secs] 285421K->5717K(1013632K), 0.0008761 secs] [Times: user=0.00 sys=0.00, real=0.00 secs] 
2024-10-07T16:21:19.452+0300: 432.159: Total time for which application threads were stopped: 0.0011837 seconds, Stopping threads took: 0.0001905 seconds
2024-10-07T16:21:20.394+0300: 433.101: Application time: 0.9418668 seconds
2024-10-07T16:21:20.394+0300: 433.102: [GC (Allocation Failure) 2024-10-07T16:21:20.394+0300: 433.102: [ParNew: 281113K->1600K(314560K), 0.0009209 secs] 285333K->5820K(1013632K), 0.0009841 secs] [Times: user=0.00 sys=0.00, real=0.00 secs] 
2024-10-07T16:21:20.394+0300: 433.103: Total time for which application threads were stopped: 0.0012601 seconds, Stopping threads took: 0.0001683 seconds
2024-10-07T16:21:21.351+0300: 434.046: Application time: 0.9438979 seconds
2024-10-07T16:21:21.351+0300: 434.047: [GC (Allocation Failure) 2024-10-07T16:21:21.351+0300: 434.047: [ParNew: 281216K->1476K(314560K), 0.0011393 secs] 285436K->5696K(1013632K), 0.0012173 secs] [Times: user=0.00 sys=0.00, real=0.00 secs] 
2024-10-07T16:21:21.351+0300: 434.048: Total time for which application threads were stopped: 0.0016001 seconds, Stopping threads took: 0.0002633 seconds
2024-10-07T16:21:22.323+0300: 435.024: Application time: 0.9760035 seconds
2024-10-07T16:21:22.323+0300: 435.024: [GC (Allocation Failure) 2024-10-07T16:21:22.323+0300: 435.024: [ParNew: 281092K->1551K(314560K), 0.0007791 secs] 285312K->5772K(1013632K), 0.0008246 secs] [Times: user=0.00 sys=0.00, real=0.00 secs] 
2024-10-07T16:21:22.323+0300: 435.025: Total time for which application threads were stopped: 0.0010897 seconds, Stopping threads took: 0.0001777 seconds
2024-10-07T16:21:23.265+0300: 435.963: Application time: 0.9377574 seconds
2024-10-07T16:21:23.265+0300: 435.963: [GC (Allocation Failure) 2024-10-07T16:21:23.265+0300: 435.963: [ParNew: 281167K->1615K(314560K), 0.0008313 secs] 285388K->5836K(1013632K), 0.0008996 secs] [Times: user=0.00 sys=0.00, real=0.00 secs] 
2024-10-07T16:21:23.265+0300: 435.964: Total time for which application threads were stopped: 0.0011669 seconds, Stopping threads took: 0.0001492 seconds
2024-10-07T16:21:24.184+0300: 436.882: Application time: 0.9183029 seconds
2024-10-07T16:21:24.184+0300: 436.883: [GC (Allocation Failure) 2024-10-07T16:21:24.184+0300: 436.883: [ParNew: 281231K->1571K(314560K), 0.0008138 secs] 285452K->5793K(1013632K), 0.0008615 secs] [Times: user=0.00 sys=0.00, real=0.00 secs] 
2024-10-07T16:21:24.184+0300: 436.883: Total time for which application threads were stopped: 0.0010860 seconds, Stopping threads took: 0.0001307 seconds
2024-10-07T16:21:25.100+0300: 437.803: Application time: 0.9191233 seconds
2024-10-07T16:21:25.100+0300: 437.803: [GC (Allocation Failure) 2024-10-07T16:21:25.100+0300: 437.803: [ParNew: 281187K->1494K(314560K), 0.0007780 secs] 285409K->5717K(1013632K), 0.0008251 secs] [Times: user=0.01 sys=0.00, real=0.01 secs] 
2024-10-07T16:21:25.109+0300: 437.804: Total time for which application threads were stopped: 0.0010832 seconds, Stopping threads took: 0.0001599 seconds
2024-10-07T16:21:26.025+0300: 438.734: Application time: 0.9299465 seconds
2024-10-07T16:21:26.025+0300: 438.734: [GC (Allocation Failure) 2024-10-07T16:21:26.025+0300: 438.734: [ParNew: 281110K->1585K(314560K), 0.0009052 secs] 285333K->5807K(1013632K), 0.0009614 secs] [Times: user=0.00 sys=0.00, real=0.01 secs] 
2024-10-07T16:21:26.040+0300: 438.735: Total time for which application threads were stopped: 0.0012938 seconds, Stopping threads took: 0.0001971 seconds
2024-10-07T16:21:26.951+0300: 439.660: Application time: 0.9248690 seconds
2024-10-07T16:21:26.951+0300: 439.660: [GC (Allocation Failure) 2024-10-07T16:21:26.951+0300: 439.660: [ParNew: 281201K->1746K(314560K), 0.0010112 secs] 285423K->5968K(1013632K), 0.0010887 secs] [Times: user=0.01 sys=0.00, real=0.02 secs] 
2024-10-07T16:21:26.966+0300: 439.661: Total time for which application threads were stopped: 0.0014193 seconds, Stopping threads took: 0.0001928 seconds
2024-10-07T16:21:27.909+0300: 440.609: Application time: 0.9477468 seconds
2024-10-07T16:21:27.909+0300: 440.609: [GC (Allocation Failure) 2024-10-07T16:21:27.909+0300: 440.609: [ParNew: 281362K->1479K(314560K), 0.0009121 secs] 285584K->5702K(1013632K), 0.0009872 secs] [Times: user=0.00 sys=0.01, real=0.00 secs] 
2024-10-07T16:21:27.909+0300: 440.610: Total time for which application threads were stopped: 0.0012721 seconds, Stopping threads took: 0.0001715 seconds
2024-10-07T16:21:28.865+0300: 441.569: Application time: 0.9585167 seconds
2024-10-07T16:21:28.865+0300: 441.569: [GC (Allocation Failure) 2024-10-07T16:21:28.865+0300: 441.569: [ParNew: 281095K->1542K(314560K), 0.0008106 secs] 285318K->5766K(1013632K), 0.0008563 secs] [Times: user=0.00 sys=0.00, real=0.00 secs] 
2024-10-07T16:21:28.865+0300: 441.570: Total time for which application threads were stopped: 0.0011169 seconds, Stopping threads took: 0.0001703 seconds
2024-10-07T16:21:29.838+0300: 442.539: Application time: 0.9695070 seconds
2024-10-07T16:21:29.838+0300: 442.540: [GC (Allocation Failure) 2024-10-07T16:21:29.838+0300: 442.540: [ParNew: 281158K->1497K(314560K), 0.0008655 secs] 285382K->5720K(1013632K), 0.0009143 secs] [Times: user=0.00 sys=0.00, real=0.00 secs] 
2024-10-07T16:21:29.838+0300: 442.541: Total time for which application threads were stopped: 0.0011243 seconds, Stopping threads took: 0.0001174 seconds
2024-10-07T16:21:30.764+0300: 443.459: Application time: 0.9187174 seconds
2024-10-07T16:21:30.764+0300: 443.459: [GC (Allocation Failure) 2024-10-07T16:21:30.764+0300: 443.459: [ParNew: 281113K->1575K(314560K), 0.0008281 secs] 285336K->5799K(1013632K), 0.0008742 secs] [Times: user=0.00 sys=0.00, real=0.00 secs] 
2024-10-07T16:21:30.764+0300: 443.460: Total time for which application threads were stopped: 0.0011002 seconds, Stopping threads took: 0.0001322 seconds
2024-10-07T16:21:31.674+0300: 444.383: Application time: 0.9222951 seconds
2024-10-07T16:21:31.674+0300: 444.383: [GC (Allocation Failure) 2024-10-07T16:21:31.674+0300: 444.383: [ParNew: 281191K->1586K(314560K), 0.0008644 secs] 285415K->5810K(1013632K), 0.0009048 secs] [Times: user=0.00 sys=0.00, real=0.00 secs] 
2024-10-07T16:21:31.674+0300: 444.384: Total time for which application threads were stopped: 0.0011382 seconds, Stopping threads took: 0.0001472 seconds
2024-10-07T16:21:32.600+0300: 445.306: Application time: 0.9223031 seconds
2024-10-07T16:21:32.600+0300: 445.306: [GC (Allocation Failure) 2024-10-07T16:21:32.600+0300: 445.306: [ParNew: 281202K->1499K(314560K), 0.0008530 secs] 285426K->5724K(1013632K), 0.0008946 secs] [Times: user=0.00 sys=0.00, real=0.00 secs] 
2024-10-07T16:21:32.600+0300: 445.307: Total time for which application threads were stopped: 0.0011544 seconds, Stopping threads took: 0.0001710 seconds
2024-10-07T16:21:33.526+0300: 446.225: Application time: 0.9179428 seconds
2024-10-07T16:21:33.526+0300: 446.225: [GC (Allocation Failure) 2024-10-07T16:21:33.526+0300: 446.225: [ParNew: 281115K->1586K(314560K), 0.0008411 secs] 285340K->5811K(1013632K), 0.0008832 secs] [Times: user=0.00 sys=0.00, real=0.00 secs] 
2024-10-07T16:21:33.526+0300: 446.226: Total time for which application threads were stopped: 0.0011253 seconds, Stopping threads took: 0.0001589 seconds
2024-10-07T16:21:34.452+0300: 447.150: Application time: 0.9239430 seconds
2024-10-07T16:21:34.452+0300: 447.150: [GC (Allocation Failure) 2024-10-07T16:21:34.452+0300: 447.151: [ParNew: 281202K->1497K(314560K), 0.0007929 secs] 285427K->5722K(1013632K), 0.0008407 secs] [Times: user=0.00 sys=0.00, real=0.00 secs] 
2024-10-07T16:21:34.452+0300: 447.151: Total time for which application threads were stopped: 0.0010990 seconds, Stopping threads took: 0.0001627 seconds
2024-10-07T16:21:35.401+0300: 448.099: Application time: 0.9472262 seconds
2024-10-07T16:21:35.401+0300: 448.099: [GC (Allocation Failure) 2024-10-07T16:21:35.401+0300: 448.099: [ParNew: 281113K->1496K(314560K), 0.0008323 secs] 285338K->5722K(1013632K), 0.0008756 secs] [Times: user=0.00 sys=0.00, real=0.00 secs] 
2024-10-07T16:21:35.401+0300: 448.100: Total time for which application threads were stopped: 0.0011012 seconds, Stopping threads took: 0.0001405 seconds
2024-10-07T16:21:36.365+0300: 449.065: Application time: 0.9657918 seconds
2024-10-07T16:21:36.365+0300: 449.066: [GC (Allocation Failure) 2024-10-07T16:21:36.365+0300: 449.066: [ParNew: 281112K->1496K(314560K), 0.0008441 secs] 285338K->5722K(1013632K), 0.0008995 secs] [Times: user=0.00 sys=0.00, real=0.00 secs] 
2024-10-07T16:21:36.365+0300: 449.067: Total time for which application threads were stopped: 0.0011404 seconds, Stopping threads took: 0.0001325 seconds
2024-10-07T16:21:37.338+0300: 450.037: Application time: 0.9704237 seconds
2024-10-07T16:21:37.338+0300: 450.037: [GC (Allocation Failure) 2024-10-07T16:21:37.338+0300: 450.037: [ParNew: 281112K->1584K(314560K), 0.0007991 secs] 285338K->5811K(1013632K), 0.0008417 secs] [Times: user=0.00 sys=0.00, real=0.00 secs] 
2024-10-07T16:21:37.338+0300: 450.038: Total time for which application threads were stopped: 0.0011170 seconds, Stopping threads took: 0.0001815 seconds
2024-10-07T16:21:38.248+0300: 450.952: Application time: 0.9137971 seconds
2024-10-07T16:21:38.248+0300: 450.952: [GC (Allocation Failure) 2024-10-07T16:21:38.248+0300: 450.952: [ParNew: 281200K->1586K(314560K), 0.0008683 secs] 285427K->5813K(1013632K), 0.0009195 secs] [Times: user=0.00 sys=0.00, real=0.00 secs] 
2024-10-07T16:21:38.248+0300: 450.953: Total time for which application threads were stopped: 0.0011501 seconds, Stopping threads took: 0.0001410 seconds
2024-10-07T16:21:39.174+0300: 451.879: Application time: 0.9256188 seconds
2024-10-07T16:21:39.174+0300: 451.879: [GC (Allocation Failure) 2024-10-07T16:21:39.174+0300: 451.879: [ParNew: 281202K->1586K(314560K), 0.0008527 secs] 285429K->5814K(1013632K), 0.0008981 secs] [Times: user=0.00 sys=0.00, real=0.00 secs] 
2024-10-07T16:21:39.174+0300: 451.880: Total time for which application threads were stopped: 0.0011271 seconds, Stopping threads took: 0.0001422 seconds
2024-10-07T16:21:40.100+0300: 452.798: Application time: 0.9182832 seconds
2024-10-07T16:21:40.100+0300: 452.798: [GC (Allocation Failure) 2024-10-07T16:21:40.100+0300: 452.798: [ParNew: 281202K->1409K(314560K), 0.0008211 secs] 285430K->5637K(1013632K), 0.0008631 secs] [Times: user=0.00 sys=0.00, real=0.00 secs] 
2024-10-07T16:21:40.100+0300: 452.799: Total time for which application threads were stopped: 0.0011039 seconds, Stopping threads took: 0.0001586 seconds
2024-10-07T16:21:41.025+0300: 453.726: Application time: 0.9264590 seconds
2024-10-07T16:21:41.025+0300: 453.726: [GC (Allocation Failure) 2024-10-07T16:21:41.025+0300: 453.726: [ParNew: 281025K->1497K(314560K), 0.0007629 secs] 285253K->5725K(1013632K), 0.0008089 secs] [Times: user=0.00 sys=0.00, real=0.00 secs] 
2024-10-07T16:21:41.025+0300: 453.727: Total time for which application threads were stopped: 0.0010067 seconds, Stopping threads took: 0.0001035 seconds
2024-10-07T16:21:41.951+0300: 454.657: Application time: 0.9305348 seconds
2024-10-07T16:21:41.951+0300: 454.658: [GC (Allocation Failure) 2024-10-07T16:21:41.951+0300: 454.658: [ParNew: 281113K->1496K(314560K), 0.0008257 secs] 285341K->5724K(1013632K), 0.0008696 secs] [Times: user=0.00 sys=0.00, real=0.00 secs] 
2024-10-07T16:21:41.951+0300: 454.658: Total time for which application threads were stopped: 0.0011242 seconds, Stopping threads took: 0.0001638 seconds
2024-10-07T16:21:42.907+0300: 455.605: Application time: 0.9463550 seconds
2024-10-07T16:21:42.907+0300: 455.605: [GC (Allocation Failure) 2024-10-07T16:21:42.907+0300: 455.605: [ParNew: 281112K->1408K(314560K), 0.0007847 secs] 285340K->5637K(1013632K), 0.0008487 secs] [Times: user=0.00 sys=0.00, real=0.00 secs] 
2024-10-07T16:21:42.907+0300: 455.606: Total time for which application threads were stopped: 0.0011145 seconds, Stopping threads took: 0.0001340 seconds
2024-10-07T16:21:43.896+0300: 456.595: Application time: 0.9892082 seconds
2024-10-07T16:21:43.896+0300: 456.595: [GC (Allocation Failure) 2024-10-07T16:21:43.896+0300: 456.595: [ParNew: 281024K->1407K(314560K), 0.0008786 secs] 285253K->5636K(1013632K), 0.0009369 secs] [Times: user=0.00 sys=0.00, real=0.00 secs] 
2024-10-07T16:21:43.896+0300: 456.596: Total time for which application threads were stopped: 0.0012052 seconds, Stopping threads took: 0.0001384 seconds
2024-10-07T16:21:44.837+0300: 457.546: Application time: 0.9495114 seconds
2024-10-07T16:21:44.837+0300: 457.546: [GC (Allocation Failure) 2024-10-07T16:21:44.837+0300: 457.546: [ParNew: 281023K->1574K(314560K), 0.0007997 secs] 285252K->5804K(1013632K), 0.0008438 secs] [Times: user=0.00 sys=0.00, real=0.00 secs] 
2024-10-07T16:21:44.837+0300: 457.547: Total time for which application threads were stopped: 0.0011088 seconds, Stopping threads took: 0.0001817 seconds
2024-10-07T16:21:45.764+0300: 458.466: Application time: 0.9193535 seconds
2024-10-07T16:21:45.764+0300: 458.467: [GC (Allocation Failure) 2024-10-07T16:21:45.764+0300: 458.467: [ParNew: 281190K->1495K(314560K), 0.0008346 secs] 285420K->5725K(1013632K), 0.0009041 secs] [Times: user=0.00 sys=0.00, real=0.00 secs] 
2024-10-07T16:21:45.764+0300: 458.467: Total time for which application threads were stopped: 0.0011927 seconds, Stopping threads took: 0.0001871 seconds
2024-10-07T16:21:46.705+0300: 459.404: Application time: 0.9367063 seconds
2024-10-07T16:21:46.705+0300: 459.404: [GC (Allocation Failure) 2024-10-07T16:21:46.705+0300: 459.404: [ParNew: 281111K->1585K(314560K), 0.0007873 secs] 285341K->5816K(1013632K), 0.0008497 secs] [Times: user=0.00 sys=0.00, real=0.00 secs] 
2024-10-07T16:21:46.705+0300: 459.405: Total time for which application threads were stopped: 0.0011090 seconds, Stopping threads took: 0.0001362 seconds
2024-10-07T16:21:47.632+0300: 460.339: Application time: 0.9337873 seconds
2024-10-07T16:21:47.632+0300: 460.339: [GC (Allocation Failure) 2024-10-07T16:21:47.632+0300: 460.339: [ParNew: 281201K->1674K(314560K), 0.0007951 secs] 285432K->5905K(1013632K), 0.0008450 secs] [Times: user=0.00 sys=0.00, real=0.00 secs] 
2024-10-07T16:21:47.632+0300: 460.340: Total time for which application threads were stopped: 0.0010863 seconds, Stopping threads took: 0.0001431 seconds
2024-10-07T16:21:48.573+0300: 461.275: Application time: 0.9344848 seconds
2024-10-07T16:21:48.573+0300: 461.275: [GC (Allocation Failure) 2024-10-07T16:21:48.573+0300: 461.275: [ParNew: 281290K->1409K(314560K), 0.0012503 secs] 285521K->5640K(1013632K), 0.0012968 secs] [Times: user=0.00 sys=0.00, real=0.00 secs] 
2024-10-07T16:21:48.573+0300: 461.276: Total time for which application threads were stopped: 0.0015026 seconds, Stopping threads took: 0.0001040 seconds
2024-10-07T16:21:49.527+0300: 462.223: Application time: 0.9471928 seconds
2024-10-07T16:21:49.527+0300: 462.224: [GC (Allocation Failure) 2024-10-07T16:21:49.527+0300: 462.224: [ParNew: 281025K->1528K(314560K), 0.0008779 secs] 285256K->5759K(1013632K), 0.0009311 secs] [Times: user=0.00 sys=0.00, real=0.00 secs] 
2024-10-07T16:21:49.527+0300: 462.225: Total time for which application threads were stopped: 0.0012016 seconds, Stopping threads took: 0.0001655 seconds
2024-10-07T16:21:50.471+0300: 463.167: Application time: 0.9427783 seconds
2024-10-07T16:21:50.471+0300: 463.168: [GC (Allocation Failure) 2024-10-07T16:21:50.471+0300: 463.168: [ParNew: 281144K->1499K(314560K), 0.0009344 secs] 285375K->5731K(1013632K), 0.0009886 secs] [Times: user=0.00 sys=0.00, real=0.00 secs] 
2024-10-07T16:21:50.471+0300: 463.169: Total time for which application threads were stopped: 0.0012418 seconds, Stopping threads took: 0.0001557 seconds
2024-10-07T16:21:51.459+0300: 464.155: Application time: 0.9863018 seconds
2024-10-07T16:21:51.459+0300: 464.155: [GC (Allocation Failure) 2024-10-07T16:21:51.459+0300: 464.155: [ParNew: 281115K->1583K(314560K), 0.0008904 secs] 285347K->5815K(1013632K), 0.0009483 secs] [Times: user=0.00 sys=0.00, real=0.00 secs] 
2024-10-07T16:21:51.459+0300: 464.156: Total time for which application threads were stopped: 0.0011967 seconds, Stopping threads took: 0.0001328 seconds
2024-10-07T16:21:52.386+0300: 465.095: Application time: 0.9384197 seconds
2024-10-07T16:21:52.386+0300: 465.095: [GC (Allocation Failure) 2024-10-07T16:21:52.386+0300: 465.095: [ParNew: 281199K->1477K(314560K), 0.0010409 secs] 285431K->5710K(1013632K), 0.0011003 secs] [Times: user=0.00 sys=0.00, real=0.00 secs] 
2024-10-07T16:21:52.386+0300: 465.096: Total time for which application threads were stopped: 0.0013690 seconds, Stopping threads took: 0.0001607 seconds
2024-10-07T16:21:53.312+0300: 466.018: Application time: 0.9216754 seconds
2024-10-07T16:21:53.312+0300: 466.018: [GC (Allocation Failure) 2024-10-07T16:21:53.312+0300: 466.018: [ParNew: 281093K->1580K(314560K), 0.0008348 secs] 285326K->5813K(1013632K), 0.0008976 secs] [Times: user=0.00 sys=0.00, real=0.00 secs] 
2024-10-07T16:21:53.312+0300: 466.019: Total time for which application threads were stopped: 0.0011817 seconds, Stopping threads took: 0.0001646 seconds
2024-10-07T16:21:54.238+0300: 466.947: Application time: 0.9281242 seconds
2024-10-07T16:21:54.238+0300: 466.947: [GC (Allocation Failure) 2024-10-07T16:21:54.238+0300: 466.947: [ParNew: 281196K->1496K(314560K), 0.0008558 secs] 285429K->5730K(1013632K), 0.0009172 secs] [Times: user=0.00 sys=0.00, real=0.00 secs] 
2024-10-07T16:21:54.238+0300: 466.948: Total time for which application threads were stopped: 0.0011408 seconds, Stopping threads took: 0.0001280 seconds
2024-10-07T16:21:55.164+0300: 467.873: Application time: 0.9254922 seconds
2024-10-07T16:21:55.164+0300: 467.874: [GC (Allocation Failure) 2024-10-07T16:21:55.164+0300: 467.874: [ParNew: 281112K->1497K(314560K), 0.0009997 secs] 285346K->5731K(1013632K), 0.0010596 secs] [Times: user=0.02 sys=0.00, real=0.02 secs] 
2024-10-07T16:21:55.180+0300: 467.875: Total time for which application threads were stopped: 0.0012931 seconds, Stopping threads took: 0.0001277 seconds
2024-10-07T16:21:56.105+0300: 468.802: Application time: 0.9271487 seconds
2024-10-07T16:21:56.105+0300: 468.802: [GC (Allocation Failure) 2024-10-07T16:21:56.105+0300: 468.802: [ParNew: 281113K->1674K(314560K), 0.0008498 secs] 285347K->5908K(1013632K), 0.0009004 secs] [Times: user=0.00 sys=0.00, real=0.00 secs] 
2024-10-07T16:21:56.105+0300: 468.803: Total time for which application threads were stopped: 0.0011270 seconds, Stopping threads took: 0.0001252 seconds
2024-10-07T16:21:57.047+0300: 469.756: Application time: 0.9524335 seconds
2024-10-07T16:21:57.047+0300: 469.756: [GC (Allocation Failure) 2024-10-07T16:21:57.047+0300: 469.756: [ParNew: 281290K->1761K(314560K), 0.0008981 secs] 285524K->5995K(1013632K), 0.0009840 secs] [Times: user=0.00 sys=0.00, real=0.02 secs] 
2024-10-07T16:21:57.062+0300: 469.757: Total time for which application threads were stopped: 0.0012836 seconds, Stopping threads took: 0.0001587 seconds
2024-10-07T16:21:58.003+0300: 470.707: Application time: 0.9500471 seconds
2024-10-07T16:21:58.003+0300: 470.707: [GC (Allocation Failure) 2024-10-07T16:21:58.003+0300: 470.707: [ParNew: 281377K->1453K(314560K), 0.0009275 secs] 285611K->5688K(1013632K), 0.0009974 secs] [Times: user=0.00 sys=0.00, real=0.00 secs] 
2024-10-07T16:21:58.003+0300: 470.708: Total time for which application threads were stopped: 0.0012563 seconds, Stopping threads took: 0.0001334 seconds
2024-10-07T16:21:58.991+0300: 471.687: Application time: 0.9790413 seconds
2024-10-07T16:21:58.991+0300: 471.687: [GC (Allocation Failure) 2024-10-07T16:21:58.991+0300: 471.687: [ParNew: 281069K->1481K(314560K), 0.0008514 secs] 285304K->5716K(1013632K), 0.0008977 secs] [Times: user=0.00 sys=0.00, real=0.00 secs] 
2024-10-07T16:21:58.991+0300: 471.688: Total time for which application threads were stopped: 0.0011458 seconds, Stopping threads took: 0.0001537 seconds
2024-10-07T16:21:59.917+0300: 472.621: Application time: 0.9326805 seconds
2024-10-07T16:21:59.917+0300: 472.621: [GC (Allocation Failure) 2024-10-07T16:21:59.917+0300: 472.621: [ParNew: 281097K->1618K(314560K), 0.0008508 secs] 285332K->5854K(1013632K), 0.0008993 secs] [Times: user=0.00 sys=0.00, real=0.00 secs] 
2024-10-07T16:21:59.917+0300: 472.622: Total time for which application threads were stopped: 0.0011389 seconds, Stopping threads took: 0.0001484 seconds
2024-10-07T16:22:00.849+0300: 473.550: Application time: 0.9282238 seconds
2024-10-07T16:22:00.849+0300: 473.551: [GC (Allocation Failure) 2024-10-07T16:22:00.849+0300: 473.551: [ParNew: 281234K->1584K(314560K), 0.0008123 secs] 285470K->5820K(1013632K), 0.0008538 secs] [Times: user=0.00 sys=0.00, real=0.00 secs] 
2024-10-07T16:22:00.849+0300: 473.551: Total time for which application threads were stopped: 0.0010954 seconds, Stopping threads took: 0.0001586 seconds
2024-10-07T16:22:01.767+0300: 474.471: Application time: 0.9193448 seconds
2024-10-07T16:22:01.767+0300: 474.471: [GC (Allocation Failure) 2024-10-07T16:22:01.767+0300: 474.471: [ParNew: 281200K->1499K(314560K), 0.0008634 secs] 285436K->5735K(1013632K), 0.0009152 secs] [Times: user=0.00 sys=0.00, real=0.00 secs] 
2024-10-07T16:22:01.767+0300: 474.472: Total time for which application threads were stopped: 0.0011733 seconds, Stopping threads took: 0.0001520 seconds
2024-10-07T16:22:02.693+0300: 475.397: Application time: 0.9247485 seconds
2024-10-07T16:22:02.693+0300: 475.397: [GC (Allocation Failure) 2024-10-07T16:22:02.693+0300: 475.397: [ParNew: 281115K->1674K(314560K), 0.0008231 secs] 285351K->5911K(1013632K), 0.0008761 secs] [Times: user=0.00 sys=0.00, real=0.00 secs] 
2024-10-07T16:22:02.693+0300: 475.398: Total time for which application threads were stopped: 0.0011169 seconds, Stopping threads took: 0.0001479 seconds
2024-10-07T16:22:03.619+0300: 476.318: Application time: 0.9197672 seconds
2024-10-07T16:22:03.619+0300: 476.318: [GC (Allocation Failure) 2024-10-07T16:22:03.619+0300: 476.318: [ParNew: 281290K->1409K(314560K), 0.0007553 secs] 285527K->5646K(1013632K), 0.0008035 secs] [Times: user=0.00 sys=0.00, real=0.00 secs] 
2024-10-07T16:22:03.619+0300: 476.319: Total time for which application threads were stopped: 0.0010550 seconds, Stopping threads took: 0.0001600 seconds
2024-10-07T16:22:04.561+0300: 477.270: Application time: 0.9513851 seconds
2024-10-07T16:22:04.561+0300: 477.270: [GC (Allocation Failure) 2024-10-07T16:22:04.561+0300: 477.270: [ParNew: 281025K->1584K(314560K), 0.0009297 secs] 285262K->5821K(1013632K), 0.0009811 secs] [Times: user=0.02 sys=0.00, real=0.01 secs] 
2024-10-07T16:22:04.576+0300: 477.271: Total time for which application threads were stopped: 0.0012193 seconds, Stopping threads took: 0.0001407 seconds
2024-10-07T16:22:05.517+0300: 478.224: Application time: 0.9523001 seconds
2024-10-07T16:22:05.517+0300: 478.224: [GC (Allocation Failure) 2024-10-07T16:22:05.517+0300: 478.224: [ParNew: 281200K->1584K(314560K), 0.0008301 secs] 285437K->5822K(1013632K), 0.0008794 secs] [Times: user=0.00 sys=0.00, real=0.00 secs] 
2024-10-07T16:22:05.517+0300: 478.225: Total time for which application threads were stopped: 0.0011515 seconds, Stopping threads took: 0.0001557 seconds
2024-10-07T16:22:06.506+0300: 479.201: Application time: 0.9762072 seconds
2024-10-07T16:22:06.506+0300: 479.201: [GC (Allocation Failure) 2024-10-07T16:22:06.506+0300: 479.201: [ParNew: 281200K->1491K(314560K), 0.0007718 secs] 285438K->5729K(1013632K), 0.0008341 secs] [Times: user=0.00 sys=0.00, real=0.00 secs] 
2024-10-07T16:22:06.506+0300: 479.202: Total time for which application threads were stopped: 0.0010539 seconds, Stopping threads took: 0.0001202 seconds
2024-10-07T16:22:07.416+0300: 480.122: Application time: 0.9202741 seconds
2024-10-07T16:22:07.416+0300: 480.122: [GC (Allocation Failure) 2024-10-07T16:22:07.416+0300: 480.122: [ParNew: 281107K->1496K(314560K), 0.0008790 secs] 285345K->5735K(1013632K), 0.0009263 secs] [Times: user=0.00 sys=0.00, real=0.00 secs] 
2024-10-07T16:22:07.416+0300: 480.123: Total time for which application threads were stopped: 0.0011372 seconds, Stopping threads took: 0.0000980 seconds
2024-10-07T16:22:08.342+0300: 481.043: Application time: 0.9197232 seconds
2024-10-07T16:22:08.342+0300: 481.043: [GC (Allocation Failure) 2024-10-07T16:22:08.342+0300: 481.043: [ParNew: 281112K->1570K(314560K), 0.0008921 secs] 285351K->5809K(1013632K), 0.0009539 secs] [Times: user=0.00 sys=0.00, real=0.00 secs] 
2024-10-07T16:22:08.342+0300: 481.044: Total time for which application threads were stopped: 0.0011831 seconds, Stopping threads took: 0.0001189 seconds
2024-10-07T16:22:09.268+0300: 481.965: Application time: 0.9205469 seconds
2024-10-07T16:22:09.268+0300: 481.965: [GC (Allocation Failure) 2024-10-07T16:22:09.268+0300: 481.965: [ParNew: 281186K->1514K(314560K), 0.0008138 secs] 285425K->5753K(1013632K), 0.0008610 secs] [Times: user=0.00 sys=0.00, real=0.00 secs] 
2024-10-07T16:22:09.268+0300: 481.966: Total time for which application threads were stopped: 0.0011191 seconds, Stopping threads took: 0.0001693 seconds
2024-10-07T16:22:10.194+0300: 482.889: Application time: 0.9232367 seconds
2024-10-07T16:22:10.194+0300: 482.889: [GC (Allocation Failure) 2024-10-07T16:22:10.194+0300: 482.889: [ParNew: 281130K->1501K(314560K), 0.0008621 secs] 285369K->5741K(1013632K), 0.0009091 secs] [Times: user=0.00 sys=0.00, real=0.00 secs] 
2024-10-07T16:22:10.194+0300: 482.890: Total time for which application threads were stopped: 0.0011398 seconds, Stopping threads took: 0.0001422 seconds
2024-10-07T16:22:11.119+0300: 483.818: Application time: 0.9275613 seconds
2024-10-07T16:22:11.119+0300: 483.818: [GC (Allocation Failure) 2024-10-07T16:22:11.119+0300: 483.818: [ParNew: 281117K->1497K(314560K), 0.0008678 secs] 285357K->5737K(1013632K), 0.0009220 secs] [Times: user=0.00 sys=0.00, real=0.00 secs] 
2024-10-07T16:22:11.119+0300: 483.819: Total time for which application threads were stopped: 0.0011609 seconds, Stopping threads took: 0.0001409 seconds
2024-10-07T16:22:12.061+0300: 484.764: Application time: 0.9447130 seconds
2024-10-07T16:22:12.061+0300: 484.764: [GC (Allocation Failure) 2024-10-07T16:22:12.061+0300: 484.764: [ParNew: 281113K->1585K(314560K), 0.0008808 secs] 285353K->5825K(1013632K), 0.0009299 secs] [Times: user=0.00 sys=0.00, real=0.01 secs] 
2024-10-07T16:22:12.070+0300: 484.765: Total time for which application threads were stopped: 0.0011986 seconds, Stopping threads took: 0.0001771 seconds
2024-10-07T16:22:13.034+0300: 485.742: Application time: 0.9772383 seconds
2024-10-07T16:22:13.034+0300: 485.743: [GC (Allocation Failure) 2024-10-07T16:22:13.034+0300: 485.743: [ParNew: 281201K->1584K(314560K), 0.0008435 secs] 285441K->5825K(1013632K), 0.0008872 secs] [Times: user=0.00 sys=0.00, real=0.00 secs] 
2024-10-07T16:22:13.034+0300: 485.743: Total time for which application threads were stopped: 0.0011838 seconds, Stopping threads took: 0.0002048 seconds
2024-10-07T16:22:14.007+0300: 486.705: Application time: 0.9615653 seconds
2024-10-07T16:22:14.007+0300: 486.705: [GC (Allocation Failure) 2024-10-07T16:22:14.007+0300: 486.705: [ParNew: 281200K->1574K(314560K), 0.0008169 secs] 285441K->5815K(1013632K), 0.0008811 secs] [Times: user=0.00 sys=0.00, real=0.00 secs] 
2024-10-07T16:22:14.007+0300: 486.706: Total time for which application threads were stopped: 0.0011125 seconds, Stopping threads took: 0.0001186 seconds
2024-10-07T16:22:14.916+0300: 487.623: Application time: 0.9173013 seconds
2024-10-07T16:22:14.916+0300: 487.624: [GC (Allocation Failure) 2024-10-07T16:22:14.916+0300: 487.624: [ParNew: 281190K->1615K(314560K), 0.0009479 secs] 285431K->5857K(1013632K), 0.0009984 secs] [Times: user=0.00 sys=0.00, real=0.00 secs] 
2024-10-07T16:22:14.916+0300: 487.625: Total time for which application threads were stopped: 0.0012400 seconds, Stopping threads took: 0.0001421 seconds
2024-10-07T16:22:15.842+0300: 488.545: Application time: 0.9200531 seconds
2024-10-07T16:22:15.842+0300: 488.545: [GC (Allocation Failure) 2024-10-07T16:22:15.842+0300: 488.545: [ParNew: 281231K->1634K(314560K), 0.0008609 secs] 285473K->5876K(1013632K), 0.0009157 secs] [Times: user=0.00 sys=0.00, real=0.00 secs] 
2024-10-07T16:22:15.842+0300: 488.546: Total time for which application threads were stopped: 0.0012099 seconds, Stopping threads took: 0.0001775 seconds
2024-10-07T16:22:16.768+0300: 489.468: Application time: 0.9222015 seconds
2024-10-07T16:22:16.768+0300: 489.468: [GC (Allocation Failure) 2024-10-07T16:22:16.768+0300: 489.468: [ParNew: 281250K->1577K(314560K), 0.0008926 secs] 285492K->5819K(1013632K), 0.0009572 secs] [Times: user=0.00 sys=0.00, real=0.00 secs] 
2024-10-07T16:22:16.768+0300: 489.469: Total time for which application threads were stopped: 0.0011903 seconds, Stopping threads took: 0.0001273 seconds
2024-10-07T16:22:17.693+0300: 490.399: Application time: 0.9295058 seconds
2024-10-07T16:22:17.693+0300: 490.399: [GC (Allocation Failure) 2024-10-07T16:22:17.693+0300: 490.399: [ParNew: 281193K->1584K(314560K), 0.0009033 secs] 285435K->5826K(1013632K), 0.0009552 secs] [Times: user=0.00 sys=0.00, real=0.00 secs] 
2024-10-07T16:22:17.693+0300: 490.400: Total time for which application threads were stopped: 0.0012164 seconds, Stopping threads took: 0.0001652 seconds
2024-10-07T16:22:18.636+0300: 491.341: Application time: 0.9408163 seconds
2024-10-07T16:22:18.636+0300: 491.341: [GC (Allocation Failure) 2024-10-07T16:22:18.636+0300: 491.341: [ParNew: 281200K->1496K(314560K), 0.0008674 secs] 285442K->5738K(1013632K), 0.0009340 secs] [Times: user=0.00 sys=0.00, real=0.00 secs] 
2024-10-07T16:22:18.636+0300: 491.342: Total time for which application threads were stopped: 0.0012289 seconds, Stopping threads took: 0.0001653 seconds
2024-10-07T16:22:19.583+0300: 492.278: Application time: 0.9358536 seconds
2024-10-07T16:22:19.583+0300: 492.278: [GC (Allocation Failure) 2024-10-07T16:22:19.583+0300: 492.278: [ParNew: 281112K->1579K(314560K), 0.0008664 secs] 285354K->5823K(1013632K), 0.0009145 secs] [Times: user=0.00 sys=0.00, real=0.00 secs] 
2024-10-07T16:22:19.583+0300: 492.279: Total time for which application threads were stopped: 0.0011698 seconds, Stopping threads took: 0.0001529 seconds
2024-10-07T16:22:20.566+0300: 493.264: Application time: 0.9853216 seconds
2024-10-07T16:22:20.566+0300: 493.265: [GC (Allocation Failure) 2024-10-07T16:22:20.566+0300: 493.265: [ParNew: 281195K->1490K(314560K), 0.0007675 secs] 285439K->5733K(1013632K), 0.0008170 secs] [Times: user=0.00 sys=0.00, real=0.00 secs] 
2024-10-07T16:22:20.566+0300: 493.266: Total time for which application threads were stopped: 0.0011049 seconds, Stopping threads took: 0.0001890 seconds
2024-10-07T16:22:21.493+0300: 494.203: Application time: 0.9375006 seconds
2024-10-07T16:22:21.509+0300: 494.203: [GC (Allocation Failure) 2024-10-07T16:22:21.509+0300: 494.203: [ParNew: 281106K->1403K(314560K), 0.0007816 secs] 285349K->5647K(1013632K), 0.0008350 secs] [Times: user=0.00 sys=0.00, real=0.00 secs] 
2024-10-07T16:22:21.509+0300: 494.204: Total time for which application threads were stopped: 0.0011718 seconds, Stopping threads took: 0.0002306 seconds
2024-10-07T16:22:22.418+0300: 495.123: Application time: 0.9192190 seconds
2024-10-07T16:22:22.418+0300: 495.124: [GC (Allocation Failure) 2024-10-07T16:22:22.418+0300: 495.124: [ParNew: 281019K->1496K(314560K), 0.0007735 secs] 285263K->5740K(1013632K), 0.0008144 secs] [Times: user=0.00 sys=0.00, real=0.00 secs] 
2024-10-07T16:22:22.418+0300: 495.125: Total time for which application threads were stopped: 0.0010369 seconds, Stopping threads took: 0.0001403 seconds
2024-10-07T16:22:23.344+0300: 496.050: Application time: 0.9252965 seconds
2024-10-07T16:22:23.344+0300: 496.050: [GC (Allocation Failure) 2024-10-07T16:22:23.344+0300: 496.050: [ParNew: 281112K->1497K(314560K), 0.0007575 secs] 285356K->5742K(1013632K), 0.0008123 secs] [Times: user=0.00 sys=0.00, real=0.00 secs] 
2024-10-07T16:22:23.344+0300: 496.051: Total time for which application threads were stopped: 0.0010408 seconds, Stopping threads took: 0.0001349 seconds
2024-10-07T16:22:24.270+0300: 496.977: Application time: 0.9263057 seconds
2024-10-07T16:22:24.270+0300: 496.977: [GC (Allocation Failure) 2024-10-07T16:22:24.270+0300: 496.977: [ParNew: 281113K->1586K(314560K), 0.0008493 secs] 285358K->5831K(1013632K), 0.0009285 secs] [Times: user=0.00 sys=0.00, real=0.00 secs] 
2024-10-07T16:22:24.270+0300: 496.978: Total time for which application threads were stopped: 0.0011879 seconds, Stopping threads took: 0.0001453 seconds
2024-10-07T16:22:25.196+0300: 497.902: Application time: 0.9232433 seconds
2024-10-07T16:22:25.196+0300: 497.902: [GC (Allocation Failure) 2024-10-07T16:22:25.196+0300: 497.902: [ParNew: 281202K->1586K(314560K), 0.0007965 secs] 285447K->5831K(1013632K), 0.0008568 secs] [Times: user=0.00 sys=0.00, real=0.00 secs] 
2024-10-07T16:22:25.196+0300: 497.903: Total time for which application threads were stopped: 0.0011194 seconds, Stopping threads took: 0.0001629 seconds
2024-10-07T16:22:26.153+0300: 498.854: Application time: 0.9512757 seconds
2024-10-07T16:22:26.153+0300: 498.854: [GC (Allocation Failure) 2024-10-07T16:22:26.153+0300: 498.854: [ParNew: 281202K->1496K(314560K), 0.0007620 secs] 285447K->5741K(1013632K), 0.0008086 secs] [Times: user=0.00 sys=0.00, real=0.00 secs] 
2024-10-07T16:22:26.153+0300: 498.855: Total time for which application threads were stopped: 0.0011410 seconds, Stopping threads took: 0.0001495 seconds
2024-10-07T16:22:26.263+0300: 498.970: Application time: 0.1152570 seconds
2024-10-07T16:22:26.263+0300: 498.971: Total time for which application threads were stopped: 0.0002087 seconds, Stopping threads took: 0.0001386 seconds
2024-10-07T16:22:27.048+0300: 499.748: Application time: 0.7769822 seconds
2024-10-07T16:22:27.048+0300: 499.748: Total time for which application threads were stopped: 0.0002137 seconds, Stopping threads took: 0.0001692 seconds
2024-10-07T16:22:27.236+0300: 499.946: Application time: 0.1982321 seconds
2024-10-07T16:22:27.252+0300: 499.946: Total time for which application threads were stopped: 0.0004550 seconds, Stopping threads took: 0.0004093 seconds
2024-10-07T16:22:27.299+0300: 500.002: Application time: 0.0555051 seconds
2024-10-07T16:22:27.299+0300: 500.002: [GC (Allocation Failure) 2024-10-07T16:22:27.299+0300: 500.002: [ParNew: 281112K->1602K(314560K), 0.0007192 secs] 285357K->5848K(1013632K), 0.0007605 secs] [Times: user=0.00 sys=0.00, real=0.00 secs] 
2024-10-07T16:22:27.299+0300: 500.003: Total time for which application threads were stopped: 0.0009832 seconds, Stopping threads took: 0.0001404 seconds
2024-10-07T16:22:28.271+0300: 500.968: Application time: 0.9652613 seconds
2024-10-07T16:22:28.271+0300: 500.968: [GC (Allocation Failure) 2024-10-07T16:22:28.271+0300: 500.968: [ParNew: 281218K->1500K(314560K), 0.0008162 secs] 285464K->5747K(1013632K), 0.0008624 secs] [Times: user=0.00 sys=0.00, real=0.00 secs] 
2024-10-07T16:22:28.271+0300: 500.969: Total time for which application threads were stopped: 0.0011076 seconds, Stopping threads took: 0.0001580 seconds
2024-10-07T16:22:29.213+0300: 501.912: Application time: 0.9429926 seconds
2024-10-07T16:22:29.213+0300: 501.913: [GC (Allocation Failure) 2024-10-07T16:22:29.213+0300: 501.913: [ParNew: 281116K->1602K(314560K), 0.0007828 secs] 285363K->5849K(1013632K), 0.0008244 secs] [Times: user=0.00 sys=0.00, real=0.00 secs] 
2024-10-07T16:22:29.213+0300: 501.913: Total time for which application threads were stopped: 0.0010857 seconds, Stopping threads took: 0.0001769 seconds
2024-10-07T16:22:30.169+0300: 502.875: Application time: 0.9612303 seconds
2024-10-07T16:22:30.169+0300: 502.875: [GC (Allocation Failure) 2024-10-07T16:22:30.169+0300: 502.875: [ParNew: 281218K->1566K(314560K), 0.0008734 secs] 285465K->5814K(1013632K), 0.0009207 secs] [Times: user=0.00 sys=0.00, real=0.00 secs] 
2024-10-07T16:22:30.169+0300: 502.876: Total time for which application threads were stopped: 0.0011521 seconds, Stopping threads took: 0.0001412 seconds
2024-10-07T16:22:31.095+0300: 503.795: Application time: 0.9190195 seconds
2024-10-07T16:22:31.095+0300: 503.795: [GC (Allocation Failure) 2024-10-07T16:22:31.095+0300: 503.795: [ParNew: 281182K->1511K(314560K), 0.0007951 secs] 285430K->5759K(1013632K), 0.0008532 secs] [Times: user=0.00 sys=0.00, real=0.00 secs] 
2024-10-07T16:22:31.095+0300: 503.796: Total time for which application threads were stopped: 0.0010820 seconds, Stopping threads took: 0.0001361 seconds
2024-10-07T16:22:32.005+0300: 504.715: Application time: 0.9189511 seconds
2024-10-07T16:22:32.005+0300: 504.715: [GC (Allocation Failure) 2024-10-07T16:22:32.005+0300: 504.715: [ParNew: 281127K->1551K(314560K), 0.0009261 secs] 285375K->5799K(1013632K), 0.0009768 secs] [Times: user=0.01 sys=0.00, real=0.02 secs] 
2024-10-07T16:22:32.021+0300: 504.716: Total time for which application threads were stopped: 0.0011798 seconds, Stopping threads took: 0.0001146 seconds
2024-10-07T16:22:32.931+0300: 505.637: Application time: 0.9207618 seconds
2024-10-07T16:22:32.931+0300: 505.637: [GC (Allocation Failure) 2024-10-07T16:22:32.931+0300: 505.637: [ParNew: 281167K->1511K(314560K), 0.0009052 secs] 285415K->5765K(1013632K), 0.0009490 secs] [Times: user=0.00 sys=0.00, real=0.00 secs] 
2024-10-07T16:22:32.931+0300: 505.638: Total time for which application threads were stopped: 0.0011784 seconds, Stopping threads took: 0.0001472 seconds
2024-10-07T16:22:33.856+0300: 506.564: Application time: 0.9263821 seconds
2024-10-07T16:22:33.856+0300: 506.565: [GC (Allocation Failure) 2024-10-07T16:22:33.856+0300: 506.565: [ParNew: 281127K->1393K(314560K), 0.0008899 secs] 285381K->5647K(1013632K), 0.0009426 secs] [Times: user=0.00 sys=0.00, real=0.00 secs] 
2024-10-07T16:22:33.856+0300: 506.566: Total time for which application threads were stopped: 0.0012180 seconds, Stopping threads took: 0.0001799 seconds
2024-10-07T16:22:34.797+0300: 507.497: Application time: 0.9317526 seconds
2024-10-07T16:22:34.797+0300: 507.498: [GC (Allocation Failure) 2024-10-07T16:22:34.797+0300: 507.498: [ParNew: 281009K->1581K(314560K), 0.0008544 secs] 285263K->5835K(1013632K), 0.0009015 secs] [Times: user=0.00 sys=0.00, real=0.00 secs] 
2024-10-07T16:22:34.797+0300: 507.499: Total time for which application threads were stopped: 0.0011938 seconds, Stopping threads took: 0.0002010 seconds
2024-10-07T16:22:35.785+0300: 508.480: Application time: 0.9816250 seconds
2024-10-07T16:22:35.785+0300: 508.481: [GC (Allocation Failure) 2024-10-07T16:22:35.785+0300: 508.481: [ParNew: 281197K->1577K(314560K), 0.0008355 secs] 285451K->5832K(1013632K), 0.0008977 secs] [Times: user=0.00 sys=0.00, real=0.00 secs] 
2024-10-07T16:22:35.785+0300: 508.481: Total time for which application threads were stopped: 0.0012797 seconds, Stopping threads took: 0.0002575 seconds
2024-10-07T16:22:36.743+0300: 509.448: Application time: 0.9662136 seconds
2024-10-07T16:22:36.743+0300: 509.448: [GC (Allocation Failure) 2024-10-07T16:22:36.743+0300: 509.448: [ParNew: 281193K->1666K(314560K), 0.0009312 secs] 285448K->5921K(1013632K), 0.0009979 secs] [Times: user=0.00 sys=0.00, real=0.00 secs] 
2024-10-07T16:22:36.743+0300: 509.449: Total time for which application threads were stopped: 0.0014303 seconds, Stopping threads took: 0.0003082 seconds
2024-10-07T16:22:37.982+0300: 510.685: Application time: 1.2363616 seconds
2024-10-07T16:22:37.982+0300: 510.686: [GC (Allocation Failure) 2024-10-07T16:22:37.982+0300: 510.686: [ParNew: 281282K->1671K(314560K), 0.0012016 secs] 285537K->5927K(1013632K), 0.0013010 secs] [Times: user=0.00 sys=0.00, real=0.00 secs] 
2024-10-07T16:22:37.982+0300: 510.688: Total time for which application threads were stopped: 0.0021443 seconds, Stopping threads took: 0.0007028 seconds
2024-10-07T16:22:38.924+0300: 511.633: Application time: 0.9456650 seconds
2024-10-07T16:22:38.924+0300: 511.634: [GC (Allocation Failure) 2024-10-07T16:22:38.924+0300: 511.634: [ParNew: 281287K->1674K(314560K), 0.0009721 secs] 285543K->5930K(1013632K), 0.0010643 secs] [Times: user=0.02 sys=0.00, real=0.02 secs] 
2024-10-07T16:22:38.940+0300: 511.635: Total time for which application threads were stopped: 0.0013693 seconds, Stopping threads took: 0.0001686 seconds
2024-10-07T16:22:39.866+0300: 512.564: Application time: 0.9290646 seconds
2024-10-07T16:22:39.866+0300: 512.564: [GC (Allocation Failure) 2024-10-07T16:22:39.866+0300: 512.564: [ParNew: 281290K->1498K(314560K), 0.0008697 secs] 285546K->5754K(1013632K), 0.0009219 secs] [Times: user=0.02 sys=0.00, real=0.00 secs] 
2024-10-07T16:22:39.866+0300: 512.565: Total time for which application threads were stopped: 0.0012125 seconds, Stopping threads took: 0.0001932 seconds
2024-10-07T16:22:40.807+0300: 513.505: Application time: 0.9401418 seconds
2024-10-07T16:22:40.807+0300: 513.505: [GC (Allocation Failure) 2024-10-07T16:22:40.807+0300: 513.505: [ParNew: 281114K->1674K(314560K), 0.0009113 secs] 285370K->5931K(1013632K), 0.0009775 secs] [Times: user=0.02 sys=0.00, real=0.00 secs] 
2024-10-07T16:22:40.807+0300: 513.506: Total time for which application threads were stopped: 0.0012529 seconds, Stopping threads took: 0.0001677 seconds
2024-10-07T16:22:41.748+0300: 514.454: Application time: 0.9472368 seconds
2024-10-07T16:22:41.748+0300: 514.454: [GC (Allocation Failure) 2024-10-07T16:22:41.748+0300: 514.454: [ParNew: 281290K->1657K(314560K), 0.0011994 secs] 285547K->5914K(1013632K), 0.0012782 secs] [Times: user=0.02 sys=0.00, real=0.00 secs] 
2024-10-07T16:22:41.748+0300: 514.455: Total time for which application threads were stopped: 0.0015812 seconds, Stopping threads took: 0.0001872 seconds
2024-10-07T16:22:42.706+0300: 515.412: Application time: 0.9564443 seconds
2024-10-07T16:22:42.706+0300: 515.412: [GC (Allocation Failure) 2024-10-07T16:22:42.706+0300: 515.412: [ParNew: 281273K->1528K(314560K), 0.0008601 secs] 285530K->5786K(1013632K), 0.0009200 secs] [Times: user=0.00 sys=0.00, real=0.00 secs] 
2024-10-07T16:22:42.706+0300: 515.413: Total time for which application threads were stopped: 0.0011839 seconds, Stopping threads took: 0.0001624 seconds
2024-10-07T16:22:43.695+0300: 516.399: Application time: 0.9862715 seconds
2024-10-07T16:22:43.695+0300: 516.399: [GC (Allocation Failure) 2024-10-07T16:22:43.695+0300: 516.399: [ParNew: 281144K->1570K(314560K), 0.0011295 secs] 285402K->5828K(1013632K), 0.0011933 secs] [Times: user=0.00 sys=0.00, real=0.00 secs] 
2024-10-07T16:22:43.695+0300: 516.401: Total time for which application threads were stopped: 0.0014584 seconds, Stopping threads took: 0.0001660 seconds
2024-10-07T16:22:44.652+0300: 517.351: Application time: 0.9501090 seconds
2024-10-07T16:22:44.652+0300: 517.351: [GC (Allocation Failure) 2024-10-07T16:22:44.652+0300: 517.351: [ParNew: 281186K->1582K(314560K), 0.0008493 secs] 285444K->5840K(1013632K), 0.0009008 secs] [Times: user=0.00 sys=0.00, real=0.00 secs] 
2024-10-07T16:22:44.652+0300: 517.352: Total time for which application threads were stopped: 0.0011350 seconds, Stopping threads took: 0.0001344 seconds
2024-10-07T16:22:45.608+0300: 518.304: Application time: 0.9523551 seconds
2024-10-07T16:22:45.608+0300: 518.304: [GC (Allocation Failure) 2024-10-07T16:22:45.608+0300: 518.304: [ParNew: 281198K->1491K(314560K), 0.0008518 secs] 285456K->5750K(1013632K), 0.0009087 secs] [Times: user=0.00 sys=0.00, real=0.00 secs] 
2024-10-07T16:22:45.608+0300: 518.305: Total time for which application threads were stopped: 0.0011573 seconds, Stopping threads took: 0.0001542 seconds
2024-10-07T16:22:46.534+0300: 519.238: Application time: 0.9323396 seconds
2024-10-07T16:22:46.534+0300: 519.238: [GC (Allocation Failure) 2024-10-07T16:22:46.534+0300: 519.238: [ParNew: 281107K->1672K(314560K), 0.0008431 secs] 285366K->5931K(1013632K), 0.0009093 secs] [Times: user=0.00 sys=0.00, real=0.00 secs] 
2024-10-07T16:22:46.534+0300: 519.239: Total time for which application threads were stopped: 0.0011424 seconds, Stopping threads took: 0.0001058 seconds
2024-10-07T16:22:47.460+0300: 520.162: Application time: 0.9233963 seconds
2024-10-07T16:22:47.460+0300: 520.162: [GC (Allocation Failure) 2024-10-07T16:22:47.460+0300: 520.162: [ParNew: 281288K->1658K(314560K), 0.0010371 secs] 285547K->5917K(1013632K), 0.0011120 secs] [Times: user=0.00 sys=0.00, real=0.00 secs] 
2024-10-07T16:22:47.460+0300: 520.164: Total time for which application threads were stopped: 0.0013707 seconds, Stopping threads took: 0.0001468 seconds
2024-10-07T16:22:48.400+0300: 521.097: Application time: 0.9333614 seconds
2024-10-07T16:22:48.400+0300: 521.097: [GC (Allocation Failure) 2024-10-07T16:22:48.400+0300: 521.097: [ParNew: 281274K->1423K(314560K), 0.0009183 secs] 285533K->5683K(1013632K), 0.0009810 secs] [Times: user=0.00 sys=0.00, real=0.00 secs] 
2024-10-07T16:22:48.400+0300: 521.098: Total time for which application threads were stopped: 0.0011994 seconds, Stopping threads took: 0.0001029 seconds
2024-10-07T16:22:49.337+0300: 522.033: Application time: 0.9344879 seconds
2024-10-07T16:22:49.337+0300: 522.033: [GC (Allocation Failure) 2024-10-07T16:22:49.337+0300: 522.033: [ParNew: 281039K->1589K(314560K), 0.0009056 secs] 285299K->5849K(1013632K), 0.0009607 secs] [Times: user=0.00 sys=0.00, real=0.00 secs] 
2024-10-07T16:22:49.337+0300: 522.034: Total time for which application threads were stopped: 0.0012458 seconds, Stopping threads took: 0.0001697 seconds
2024-10-07T16:22:50.299+0300: 523.002: Application time: 0.9682538 seconds
2024-10-07T16:22:50.299+0300: 523.002: [GC (Allocation Failure) 2024-10-07T16:22:50.299+0300: 523.003: [ParNew: 281205K->1497K(314560K), 0.0009162 secs] 285465K->5757K(1013632K), 0.0009725 secs] [Times: user=0.00 sys=0.00, real=0.00 secs] 
2024-10-07T16:22:50.299+0300: 523.003: Total time for which application threads were stopped: 0.0013408 seconds, Stopping threads took: 0.0002716 seconds
2024-10-07T16:22:51.272+0300: 523.969: Application time: 0.9659870 seconds
2024-10-07T16:22:51.272+0300: 523.970: [GC (Allocation Failure) 2024-10-07T16:22:51.272+0300: 523.970: [ParNew: 281113K->1662K(314560K), 0.0010257 secs] 285373K->5922K(1013632K), 0.0010790 secs] [Times: user=0.00 sys=0.00, real=0.00 secs] 
2024-10-07T16:22:51.272+0300: 523.971: Total time for which application threads were stopped: 0.0013414 seconds, Stopping threads took: 0.0001594 seconds
2024-10-07T16:22:52.229+0300: 524.927: Application time: 0.9565053 seconds
2024-10-07T16:22:52.229+0300: 524.928: [GC (Allocation Failure) 2024-10-07T16:22:52.229+0300: 524.928: [ParNew: 281278K->1582K(314560K), 0.0008354 secs] 285538K->5843K(1013632K), 0.0008843 secs] [Times: user=0.00 sys=0.00, real=0.00 secs] 
2024-10-07T16:22:52.229+0300: 524.928: Total time for which application threads were stopped: 0.0011478 seconds, Stopping threads took: 0.0001657 seconds
2024-10-07T16:22:53.171+0300: 525.874: Application time: 0.9453122 seconds
2024-10-07T16:22:53.171+0300: 525.874: [GC (Allocation Failure) 2024-10-07T16:22:53.171+0300: 525.874: [ParNew: 281198K->1496K(314560K), 0.0008434 secs] 285459K->5758K(1013632K), 0.0008935 secs] [Times: user=0.00 sys=0.00, real=0.00 secs] 
2024-10-07T16:22:53.171+0300: 525.875: Total time for which application threads were stopped: 0.0011454 seconds, Stopping threads took: 0.0001587 seconds
2024-10-07T16:22:54.096+0300: 526.803: Application time: 0.9281394 seconds
2024-10-07T16:22:54.096+0300: 526.803: [GC (Allocation Failure) 2024-10-07T16:22:54.096+0300: 526.803: [ParNew: 281112K->1570K(314560K), 0.0009715 secs] 285374K->5832K(1013632K), 0.0010184 secs] [Times: user=0.00 sys=0.00, real=0.00 secs] 
2024-10-07T16:22:54.096+0300: 526.804: Total time for which application threads were stopped: 0.0012615 seconds, Stopping threads took: 0.0001528 seconds
2024-10-07T16:22:55.022+0300: 527.732: Application time: 0.9273599 seconds
2024-10-07T16:22:55.022+0300: 527.732: [GC (Allocation Failure) 2024-10-07T16:22:55.022+0300: 527.732: [ParNew: 281186K->1678K(314560K), 0.0009558 secs] 285448K->5941K(1013632K), 0.0010232 secs] [Times: user=0.02 sys=0.00, real=0.02 secs] 
2024-10-07T16:22:55.038+0300: 527.733: Total time for which application threads were stopped: 0.0013051 seconds, Stopping threads took: 0.0001749 seconds
2024-10-07T16:22:55.980+0300: 528.678: Application time: 0.9445819 seconds
2024-10-07T16:22:55.980+0300: 528.678: [GC (Allocation Failure) 2024-10-07T16:22:55.980+0300: 528.678: [ParNew: 281294K->1532K(314560K), 0.0010988 secs] 285557K->5795K(1013632K), 0.0011624 secs] [Times: user=0.00 sys=0.00, real=0.00 secs] 
2024-10-07T16:22:55.980+0300: 528.679: Total time for which application threads were stopped: 0.0014094 seconds, Stopping threads took: 0.0001472 seconds
2024-10-07T16:22:56.953+0300: 529.649: Application time: 0.9696058 seconds
2024-10-07T16:22:56.953+0300: 529.649: [GC (Allocation Failure) 2024-10-07T16:22:56.953+0300: 529.649: [ParNew: 281148K->1573K(314560K), 0.0008540 secs] 285411K->5836K(1013632K), 0.0009132 secs] [Times: user=0.00 sys=0.00, real=0.00 secs] 
2024-10-07T16:22:56.953+0300: 529.650: Total time for which application threads were stopped: 0.0011801 seconds, Stopping threads took: 0.0001596 seconds
2024-10-07T16:22:57.925+0300: 530.634: Application time: 0.9845708 seconds
2024-10-07T16:22:57.925+0300: 530.635: [GC (Allocation Failure) 2024-10-07T16:22:57.925+0300: 530.635: [ParNew: 281189K->1576K(314560K), 0.0008978 secs] 285452K->5839K(1013632K), 0.0009531 secs] [Times: user=0.02 sys=0.00, real=0.02 secs] 
2024-10-07T16:22:57.940+0300: 530.636: Total time for which application threads were stopped: 0.0011889 seconds, Stopping threads took: 0.0001336 seconds
2024-10-07T16:22:58.898+0300: 531.598: Application time: 0.9621323 seconds
2024-10-07T16:22:58.898+0300: 531.598: [GC (Allocation Failure) 2024-10-07T16:22:58.898+0300: 531.598: [ParNew: 281192K->1582K(314560K), 0.0007889 secs] 285455K->5846K(1013632K), 0.0008406 secs] [Times: user=0.00 sys=0.00, real=0.00 secs] 
2024-10-07T16:22:58.898+0300: 531.599: Total time for which application threads were stopped: 0.0010411 seconds, Stopping threads took: 0.0001079 seconds
2024-10-07T16:22:59.839+0300: 532.541: Application time: 0.9418562 seconds
2024-10-07T16:22:59.839+0300: 532.541: [GC (Allocation Failure) 2024-10-07T16:22:59.839+0300: 532.541: [ParNew: 281198K->1601K(314560K), 0.0009117 secs] 285462K->5865K(1013632K), 0.0009884 secs] [Times: user=0.00 sys=0.00, real=0.00 secs] 
2024-10-07T16:22:59.839+0300: 532.542: Total time for which application threads were stopped: 0.0011943 seconds, Stopping threads took: 0.0000813 seconds
2024-10-07T16:23:00.797+0300: 533.501: Application time: 0.9590262 seconds
2024-10-07T16:23:00.797+0300: 533.501: [GC (Allocation Failure) 2024-10-07T16:23:00.797+0300: 533.501: [ParNew: 281217K->1647K(314560K), 0.0009503 secs] 285481K->5912K(1013632K), 0.0010193 secs] [Times: user=0.02 sys=0.00, real=0.00 secs] 
2024-10-07T16:23:00.797+0300: 533.502: Total time for which application threads were stopped: 0.0012996 seconds, Stopping threads took: 0.0001681 seconds
2024-10-07T16:23:01.723+0300: 534.430: Application time: 0.9278195 seconds
2024-10-07T16:23:01.723+0300: 534.430: [GC (Allocation Failure) 2024-10-07T16:23:01.723+0300: 534.430: [ParNew: 281263K->1580K(314560K), 0.0009213 secs] 285528K->5845K(1013632K), 0.0009710 secs] [Times: user=0.00 sys=0.00, real=0.00 secs] 
2024-10-07T16:23:01.723+0300: 534.431: Total time for which application threads were stopped: 0.0012187 seconds, Stopping threads took: 0.0001440 seconds
2024-10-07T16:23:02.664+0300: 535.364: Application time: 0.9324524 seconds
2024-10-07T16:23:02.664+0300: 535.364: [GC (Allocation Failure) 2024-10-07T16:23:02.664+0300: 535.364: [ParNew: 281196K->1496K(314560K), 0.0012352 secs] 285461K->5761K(1013632K), 0.0013016 secs] [Times: user=0.00 sys=0.00, real=0.00 secs] 
2024-10-07T16:23:02.664+0300: 535.365: Total time for which application threads were stopped: 0.0015601 seconds, Stopping threads took: 0.0001446 seconds
2024-10-07T16:23:03.590+0300: 536.299: Application time: 0.9335203 seconds
2024-10-07T16:23:03.590+0300: 536.299: [GC (Allocation Failure) 2024-10-07T16:23:03.590+0300: 536.299: [ParNew: 281112K->1496K(314560K), 0.0009389 secs] 285377K->5761K(1013632K), 0.0009947 secs] [Times: user=0.00 sys=0.00, real=0.00 secs] 
2024-10-07T16:23:03.590+0300: 536.300: Total time for which application threads were stopped: 0.0012207 seconds, Stopping threads took: 0.0001206 seconds
2024-10-07T16:23:04.547+0300: 537.254: Application time: 0.9544366 seconds
2024-10-07T16:23:04.547+0300: 537.255: [GC (Allocation Failure) 2024-10-07T16:23:04.547+0300: 537.255: [ParNew: 281112K->1497K(314560K), 0.0008977 secs] 285377K->5762K(1013632K), 0.0009538 secs] [Times: user=0.00 sys=0.00, real=0.00 secs] 
2024-10-07T16:23:04.547+0300: 537.256: Total time for which application threads were stopped: 0.0012135 seconds, Stopping threads took: 0.0001502 seconds
2024-10-07T16:23:05.536+0300: 538.238: Application time: 0.9824818 seconds
2024-10-07T16:23:05.536+0300: 538.238: [GC (Allocation Failure) 2024-10-07T16:23:05.536+0300: 538.238: [ParNew: 281113K->1491K(314560K), 0.0009046 secs] 285378K->5757K(1013632K), 0.0009607 secs] [Times: user=0.00 sys=0.00, real=0.00 secs] 
2024-10-07T16:23:05.536+0300: 538.239: Total time for which application threads were stopped: 0.0011891 seconds, Stopping threads took: 0.0001237 seconds
2024-10-07T16:23:06.478+0300: 539.178: Application time: 0.9386579 seconds
2024-10-07T16:23:06.478+0300: 539.178: [GC (Allocation Failure) 2024-10-07T16:23:06.478+0300: 539.178: [ParNew: 281107K->1672K(314560K), 0.0008934 secs] 285373K->5939K(1013632K), 0.0009474 secs] [Times: user=0.00 sys=0.00, real=0.00 secs] 
2024-10-07T16:23:06.478+0300: 539.179: Total time for which application threads were stopped: 0.0012205 seconds, Stopping threads took: 0.0001667 seconds
2024-10-07T16:23:07.435+0300: 540.134: Application time: 0.9550954 seconds
2024-10-07T16:23:07.435+0300: 540.135: [GC (Allocation Failure) 2024-10-07T16:23:07.435+0300: 540.135: [ParNew: 281288K->1408K(314560K), 0.0008586 secs] 285555K->5675K(1013632K), 0.0009124 secs] [Times: user=0.00 sys=0.00, real=0.00 secs] 
2024-10-07T16:23:07.435+0300: 540.136: Total time for which application threads were stopped: 0.0012921 seconds, Stopping threads took: 0.0002581 seconds
2024-10-07T16:23:08.377+0300: 541.084: Application time: 0.9482255 seconds
2024-10-07T16:23:08.377+0300: 541.084: [GC (Allocation Failure) 2024-10-07T16:23:08.377+0300: 541.084: [ParNew: 281024K->1492K(314560K), 0.0009303 secs] 285291K->5760K(1013632K), 0.0009964 secs] [Times: user=0.00 sys=0.00, real=0.00 secs] 
2024-10-07T16:23:08.377+0300: 541.085: Total time for which application threads were stopped: 0.0012449 seconds, Stopping threads took: 0.0001346 seconds
2024-10-07T16:23:09.318+0300: 542.021: Application time: 0.9359307 seconds
2024-10-07T16:23:09.318+0300: 542.021: [GC (Allocation Failure) 2024-10-07T16:23:09.318+0300: 542.021: [ParNew: 281108K->1673K(314560K), 0.0008825 secs] 285376K->5941K(1013632K), 0.0009339 secs] [Times: user=0.00 sys=0.00, real=0.00 secs] 
2024-10-07T16:23:09.318+0300: 542.022: Total time for which application threads were stopped: 0.0011602 seconds, Stopping threads took: 0.0001268 seconds
2024-10-07T16:23:10.259+0300: 542.960: Application time: 0.9376075 seconds
2024-10-07T16:23:10.259+0300: 542.960: [GC (Allocation Failure) 2024-10-07T16:23:10.259+0300: 542.960: [ParNew: 281289K->1369K(314560K), 0.0008752 secs] 285557K->5637K(1013632K), 0.0009231 secs] [Times: user=0.02 sys=0.00, real=0.00 secs] 
2024-10-07T16:23:10.259+0300: 542.961: Total time for which application threads were stopped: 0.0011409 seconds, Stopping threads took: 0.0001249 seconds
2024-10-07T16:23:11.201+0300: 543.898: Application time: 0.9376049 seconds
2024-10-07T16:23:11.201+0300: 543.899: [GC (Allocation Failure) 2024-10-07T16:23:11.201+0300: 543.899: [ParNew: 280985K->1543K(314560K), 0.0008791 secs] 285253K->5812K(1013632K), 0.0009345 secs] [Times: user=0.00 sys=0.00, real=0.00 secs] 
2024-10-07T16:23:11.201+0300: 543.900: Total time for which application threads were stopped: 0.0011908 seconds, Stopping threads took: 0.0001630 seconds
2024-10-07T16:23:12.158+0300: 544.862: Application time: 0.9628185 seconds
2024-10-07T16:23:12.158+0300: 544.863: [GC (Allocation Failure) 2024-10-07T16:23:12.158+0300: 544.863: [ParNew: 281159K->1662K(314560K), 0.0008926 secs] 285428K->5930K(1013632K), 0.0009382 secs] [Times: user=0.00 sys=0.00, real=0.00 secs] 
2024-10-07T16:23:12.158+0300: 544.864: Total time for which application threads were stopped: 0.0011795 seconds, Stopping threads took: 0.0001488 seconds
2024-10-07T16:23:13.131+0300: 545.837: Application time: 0.9732037 seconds
2024-10-07T16:23:13.131+0300: 545.837: [GC (Allocation Failure) 2024-10-07T16:23:13.131+0300: 545.837: [ParNew: 281278K->1489K(314560K), 0.0008843 secs] 285546K->5758K(1013632K), 0.0009307 secs] [Times: user=0.00 sys=0.00, real=0.00 secs] 
2024-10-07T16:23:13.131+0300: 545.838: Total time for which application threads were stopped: 0.0011745 seconds, Stopping threads took: 0.0001554 seconds
2024-10-07T16:23:14.072+0300: 546.771: Application time: 0.9326952 seconds
2024-10-07T16:23:14.072+0300: 546.771: [GC (Allocation Failure) 2024-10-07T16:23:14.072+0300: 546.771: [ParNew: 281105K->1583K(314560K), 0.0008701 secs] 285374K->5853K(1013632K), 0.0009179 secs] [Times: user=0.00 sys=0.00, real=0.00 secs] 
2024-10-07T16:23:14.072+0300: 546.772: Total time for which application threads were stopped: 0.0011496 seconds, Stopping threads took: 0.0001431 seconds
2024-10-07T16:23:15.030+0300: 547.726: Application time: 0.9545584 seconds
2024-10-07T16:23:15.030+0300: 547.727: [GC (Allocation Failure) 2024-10-07T16:23:15.030+0300: 547.727: [ParNew: 281199K->1584K(314560K), 0.0008781 secs] 285469K->5854K(1013632K), 0.0009302 secs] [Times: user=0.00 sys=0.00, real=0.00 secs] 
2024-10-07T16:23:15.030+0300: 547.728: Total time for which application threads were stopped: 0.0011739 seconds, Stopping threads took: 0.0001525 seconds
2024-10-07T16:23:15.971+0300: 548.672: Application time: 0.9439046 seconds
2024-10-07T16:23:15.971+0300: 548.672: [GC (Allocation Failure) 2024-10-07T16:23:15.971+0300: 548.672: [ParNew: 281200K->1401K(314560K), 0.0008849 secs] 285470K->5671K(1013632K), 0.0009306 secs] [Times: user=0.00 sys=0.00, real=0.00 secs] 
2024-10-07T16:23:15.971+0300: 548.673: Total time for which application threads were stopped: 0.0011499 seconds, Stopping threads took: 0.0001314 seconds
2024-10-07T16:23:16.897+0300: 549.595: Application time: 0.9218547 seconds
2024-10-07T16:23:16.897+0300: 549.595: [GC (Allocation Failure) 2024-10-07T16:23:16.897+0300: 549.595: [ParNew: 281017K->1671K(314560K), 0.0008641 secs] 285287K->5942K(1013632K), 0.0009238 secs] [Times: user=0.00 sys=0.00, real=0.00 secs] 
2024-10-07T16:23:16.897+0300: 549.596: Total time for which application threads were stopped: 0.0011708 seconds, Stopping threads took: 0.0001374 seconds
2024-10-07T16:23:17.823+0300: 550.527: Application time: 0.9316991 seconds
2024-10-07T16:23:17.823+0300: 550.528: [GC (Allocation Failure) 2024-10-07T16:23:17.823+0300: 550.528: [ParNew: 281287K->1585K(314560K), 0.0008675 secs] 285558K->5856K(1013632K), 0.0009111 secs] [Times: user=0.00 sys=0.00, real=0.00 secs] 
2024-10-07T16:23:17.823+0300: 550.529: Total time for which application threads were stopped: 0.0011792 seconds, Stopping threads took: 0.0001864 seconds
2024-10-07T16:23:18.779+0300: 551.482: Application time: 0.9535679 seconds
2024-10-07T16:23:18.779+0300: 551.482: [GC (Allocation Failure) 2024-10-07T16:23:18.779+0300: 551.482: [ParNew: 281201K->1584K(314560K), 0.0008658 secs] 285472K->5856K(1013632K), 0.0009124 secs] [Times: user=0.00 sys=0.00, real=0.00 secs] 
2024-10-07T16:23:18.779+0300: 551.483: Total time for which application threads were stopped: 0.0011733 seconds, Stopping threads took: 0.0001751 seconds
2024-10-07T16:23:19.736+0300: 552.446: Application time: 0.9624120 seconds
2024-10-07T16:23:19.736+0300: 552.446: [GC (Allocation Failure) 2024-10-07T16:23:19.736+0300: 552.446: [ParNew: 281200K->1667K(314560K), 0.0009893 secs] 285472K->5939K(1013632K), 0.0010551 secs] [Times: user=0.01 sys=0.00, real=0.02 secs] 
2024-10-07T16:23:19.752+0300: 552.447: Total time for which application threads were stopped: 0.0013357 seconds, Stopping threads took: 0.0001542 seconds
2024-10-07T16:23:20.710+0300: 553.407: Application time: 0.9603114 seconds
2024-10-07T16:23:20.710+0300: 553.408: [GC (Allocation Failure) 2024-10-07T16:23:20.710+0300: 553.408: [ParNew: 281283K->1578K(314560K), 0.0008625 secs] 285555K->5850K(1013632K), 0.0009101 secs] [Times: user=0.00 sys=0.00, real=0.00 secs] 
2024-10-07T16:23:20.710+0300: 553.409: Total time for which application threads were stopped: 0.0011531 seconds, Stopping threads took: 0.0001528 seconds
2024-10-07T16:23:21.635+0300: 554.339: Application time: 0.9308641 seconds
2024-10-07T16:23:21.635+0300: 554.340: [GC (Allocation Failure) 2024-10-07T16:23:21.635+0300: 554.340: [ParNew: 281194K->1496K(314560K), 0.0008859 secs] 285466K->5768K(1013632K), 0.0009796 secs] [Times: user=0.00 sys=0.00, real=0.00 secs] 
2024-10-07T16:23:21.635+0300: 554.341: Total time for which application threads were stopped: 0.0012372 seconds, Stopping threads took: 0.0001385 seconds
2024-10-07T16:23:22.608+0300: 555.318: Application time: 0.9773586 seconds
2024-10-07T16:23:22.608+0300: 555.318: [GC (Allocation Failure) 2024-10-07T16:23:22.608+0300: 555.318: [ParNew: 281112K->1584K(314560K), 0.0009293 secs] 285384K->5857K(1013632K), 0.0009895 secs] [Times: user=0.02 sys=0.00, real=0.02 secs] 
2024-10-07T16:23:22.624+0300: 555.319: Total time for which application threads were stopped: 0.0012471 seconds, Stopping threads took: 0.0001575 seconds
2024-10-07T16:23:23.534+0300: 556.244: Application time: 0.9244500 seconds
2024-10-07T16:23:23.534+0300: 556.244: [GC (Allocation Failure) 2024-10-07T16:23:23.534+0300: 556.244: [ParNew: 281200K->1602K(314560K), 0.0010751 secs] 285473K->5875K(1013632K), 0.0011339 secs] [Times: user=0.01 sys=0.00, real=0.02 secs] 
2024-10-07T16:23:23.550+0300: 556.245: Total time for which application threads were stopped: 0.0013938 seconds, Stopping threads took: 0.0001679 seconds
2024-10-07T16:23:24.475+0300: 557.176: Application time: 0.9306634 seconds
2024-10-07T16:23:24.475+0300: 557.176: [GC (Allocation Failure) 2024-10-07T16:23:24.475+0300: 557.176: [ParNew: 281218K->1568K(314560K), 0.0008385 secs] 285491K->5841K(1013632K), 0.0008871 secs] [Times: user=0.00 sys=0.00, real=0.00 secs] 
2024-10-07T16:23:24.475+0300: 557.177: Total time for which application threads were stopped: 0.0011116 seconds, Stopping threads took: 0.0001350 seconds
2024-10-07T16:23:25.416+0300: 558.112: Application time: 0.9355725 seconds
2024-10-07T16:23:25.416+0300: 558.113: [GC (Allocation Failure) 2024-10-07T16:23:25.416+0300: 558.113: [ParNew: 281184K->1492K(314560K), 0.0008212 secs] 285457K->5766K(1013632K), 0.0008776 secs] [Times: user=0.00 sys=0.00, real=0.00 secs] 
2024-10-07T16:23:25.416+0300: 558.114: Total time for which application threads were stopped: 0.0011078 seconds, Stopping threads took: 0.0001231 seconds
2024-10-07T16:23:26.357+0300: 559.058: Application time: 0.9447747 seconds
2024-10-07T16:23:26.357+0300: 559.059: [GC (Allocation Failure) 2024-10-07T16:23:26.357+0300: 559.059: [ParNew: 281108K->1584K(314560K), 0.0008565 secs] 285382K->5858K(1013632K), 0.0009037 secs] [Times: user=0.00 sys=0.00, real=0.00 secs] 
2024-10-07T16:23:26.357+0300: 559.059: Total time for which application threads were stopped: 0.0011153 seconds, Stopping threads took: 0.0001249 seconds
2024-10-07T16:23:27.330+0300: 560.031: Application time: 0.9715578 seconds
2024-10-07T16:23:27.330+0300: 560.031: [GC (Allocation Failure) 2024-10-07T16:23:27.330+0300: 560.031: [ParNew: 281200K->1496K(314560K), 0.0008251 secs] 285474K->5770K(1013632K), 0.0008981 secs] [Times: user=0.02 sys=0.00, real=0.00 secs] 
2024-10-07T16:23:27.330+0300: 560.032: Total time for which application threads were stopped: 0.0013095 seconds, Stopping threads took: 0.0003055 seconds
2024-10-07T16:23:28.272+0300: 560.978: Application time: 0.9454399 seconds
2024-10-07T16:23:28.272+0300: 560.978: [GC (Allocation Failure) 2024-10-07T16:23:28.272+0300: 560.978: [ParNew: 281112K->1683K(314560K), 0.0011165 secs] 285386K->5958K(1013632K), 0.0011628 secs] [Times: user=0.00 sys=0.00, real=0.00 secs] 
2024-10-07T16:23:28.272+0300: 560.979: Total time for which application threads were stopped: 0.0014345 seconds, Stopping threads took: 0.0001707 seconds
2024-10-07T16:23:29.213+0300: 561.908: Application time: 0.9288487 seconds
2024-10-07T16:23:29.213+0300: 561.908: [GC (Allocation Failure) 2024-10-07T16:23:29.213+0300: 561.908: [ParNew: 281299K->1723K(314560K), 0.0009983 secs] 285574K->5998K(1013632K), 0.0010454 secs] [Times: user=0.00 sys=0.00, real=0.00 secs] 
2024-10-07T16:23:29.213+0300: 561.909: Total time for which application threads were stopped: 0.0013310 seconds, Stopping threads took: 0.0001947 seconds
2024-10-07T16:23:30.171+0300: 562.878: Application time: 0.9686166 seconds
2024-10-07T16:23:30.171+0300: 562.878: [GC (Allocation Failure) 2024-10-07T16:23:30.171+0300: 562.878: [ParNew: 281339K->1577K(314560K), 0.0011660 secs] 285614K->5853K(1013632K), 0.0012201 secs] [Times: user=0.00 sys=0.00, real=0.00 secs] 
2024-10-07T16:23:30.171+0300: 562.880: Total time for which application threads were stopped: 0.0014786 seconds, Stopping threads took: 0.0001540 seconds
2024-10-07T16:23:31.112+0300: 563.808: Application time: 0.9283117 seconds
2024-10-07T16:23:31.112+0300: 563.808: [GC (Allocation Failure) 2024-10-07T16:23:31.112+0300: 563.808: [ParNew: 281193K->1560K(314560K), 0.0009291 secs] 285469K->5837K(1013632K), 0.0009744 secs] [Times: user=0.00 sys=0.00, real=0.00 secs] 
2024-10-07T16:23:31.114+0300: 563.809: Total time for which application threads were stopped: 0.0012369 seconds, Stopping threads took: 0.0001629 seconds
2024-10-07T16:23:32.039+0300: 564.746: Application time: 0.9370749 seconds
2024-10-07T16:23:32.039+0300: 564.746: [GC (Allocation Failure) 2024-10-07T16:23:32.039+0300: 564.746: [ParNew: 281176K->1535K(314560K), 0.0009017 secs] 285453K->5812K(1013632K), 0.0009541 secs] [Times: user=0.00 sys=0.00, real=0.00 secs] 
2024-10-07T16:23:32.039+0300: 564.747: Total time for which application threads were stopped: 0.0012049 seconds, Stopping threads took: 0.0001637 seconds
2024-10-07T16:23:32.980+0300: 565.682: Application time: 0.9343099 seconds
2024-10-07T16:23:32.980+0300: 565.682: [GC (Allocation Failure) 2024-10-07T16:23:32.980+0300: 565.682: [ParNew: 281151K->1582K(314560K), 0.0008606 secs] 285428K->5859K(1013632K), 0.0009204 secs] [Times: user=0.00 sys=0.00, real=0.00 secs] 
2024-10-07T16:23:32.980+0300: 565.683: Total time for which application threads were stopped: 0.0011848 seconds, Stopping threads took: 0.0001640 seconds
2024-10-07T16:23:33.937+0300: 566.637: Application time: 0.9541178 seconds
2024-10-07T16:23:33.937+0300: 566.637: [GC (Allocation Failure) 2024-10-07T16:23:33.937+0300: 566.637: [ParNew: 281198K->1586K(314560K), 0.0009322 secs] 285475K->5863K(1013632K), 0.0009785 secs] [Times: user=0.00 sys=0.00, real=0.00 secs] 
2024-10-07T16:23:33.937+0300: 566.638: Total time for which application threads were stopped: 0.0012577 seconds, Stopping threads took: 0.0001865 seconds
2024-10-07T16:23:34.916+0300: 567.612: Application time: 0.9741682 seconds
2024-10-07T16:23:34.916+0300: 567.613: [GC (Allocation Failure) 2024-10-07T16:23:34.916+0300: 567.613: [ParNew: 281202K->1580K(314560K), 0.0008994 secs] 285479K->5858K(1013632K), 0.0009466 secs] [Times: user=0.00 sys=0.00, real=0.00 secs] 
2024-10-07T16:23:34.916+0300: 567.614: Total time for which application threads were stopped: 0.0012034 seconds, Stopping threads took: 0.0001619 seconds
2024-10-07T16:23:35.851+0300: 568.551: Application time: 0.9377413 seconds
2024-10-07T16:23:35.851+0300: 568.552: [GC (Allocation Failure) 2024-10-07T16:23:35.851+0300: 568.552: [ParNew: 281196K->1698K(314560K), 0.0010157 secs] 285474K->5976K(1013632K), 0.0010594 secs] [Times: user=0.00 sys=0.00, real=0.00 secs] 
2024-10-07T16:23:35.851+0300: 568.553: Total time for which application threads were stopped: 0.0013253 seconds, Stopping threads took: 0.0001810 seconds
2024-10-07T16:23:36.778+0300: 569.481: Application time: 0.9281505 seconds
2024-10-07T16:23:36.778+0300: 569.481: [GC (Allocation Failure) 2024-10-07T16:23:36.778+0300: 569.481: [ParNew: 281314K->1544K(314560K), 0.0008504 secs] 285592K->5822K(1013632K), 0.0009094 secs] [Times: user=0.00 sys=0.00, real=0.00 secs] 
2024-10-07T16:23:36.778+0300: 569.482: Total time for which application threads were stopped: 0.0011424 seconds, Stopping threads took: 0.0001369 seconds
2024-10-07T16:23:37.735+0300: 570.444: Application time: 0.9623085 seconds
2024-10-07T16:23:37.735+0300: 570.445: [GC (Allocation Failure) 2024-10-07T16:23:37.735+0300: 570.445: [ParNew: 281160K->1553K(314560K), 0.0009522 secs] 285438K->5832K(1013632K), 0.0010085 secs] [Times: user=0.02 sys=0.00, real=0.02 secs] 
2024-10-07T16:23:37.750+0300: 570.446: Total time for which application threads were stopped: 0.0012716 seconds, Stopping threads took: 0.0001672 seconds
2024-10-07T16:23:38.676+0300: 571.371: Application time: 0.9255314 seconds
2024-10-07T16:23:38.676+0300: 571.371: [GC (Allocation Failure) 2024-10-07T16:23:38.676+0300: 571.371: [ParNew: 281169K->1534K(314560K), 0.0009182 secs] 285448K->5813K(1013632K), 0.0009776 secs] [Times: user=0.00 sys=0.00, real=0.00 secs] 
2024-10-07T16:23:38.676+0300: 571.372: Total time for which application threads were stopped: 0.0012439 seconds, Stopping threads took: 0.0001546 seconds
2024-10-07T16:23:39.601+0300: 572.311: Application time: 0.9384606 seconds
2024-10-07T16:23:39.601+0300: 572.311: [GC (Allocation Failure) 2024-10-07T16:23:39.601+0300: 572.311: [ParNew: 281150K->1582K(314560K), 0.0009223 secs] 285429K->5862K(1013632K), 0.0009850 secs] [Times: user=0.02 sys=0.00, real=0.02 secs] 
2024-10-07T16:23:39.617+0300: 572.312: Total time for which application threads were stopped: 0.0012567 seconds, Stopping threads took: 0.0001721 seconds
2024-10-07T16:23:40.559+0300: 573.257: Application time: 0.9450648 seconds
2024-10-07T16:23:40.559+0300: 573.257: [GC (Allocation Failure) 2024-10-07T16:23:40.559+0300: 573.257: [ParNew: 281198K->1674K(314560K), 0.0009317 secs] 285478K->5954K(1013632K), 0.0009752 secs] [Times: user=0.00 sys=0.00, real=0.00 secs] 
2024-10-07T16:23:40.559+0300: 573.258: Total time for which application threads were stopped: 0.0012359 seconds, Stopping threads took: 0.0001707 seconds
2024-10-07T16:23:41.500+0300: 574.209: Application time: 0.9506582 seconds
2024-10-07T16:23:41.500+0300: 574.209: [GC (Allocation Failure) 2024-10-07T16:23:41.500+0300: 574.209: [ParNew: 281290K->1277K(314560K), 0.0008434 secs] 285570K->5557K(1013632K), 0.0009194 secs] [Times: user=0.00 sys=0.00, real=0.00 secs] 
2024-10-07T16:23:41.500+0300: 574.210: Total time for which application threads were stopped: 0.0011628 seconds, Stopping threads took: 0.0001161 seconds
2024-10-07T16:23:42.473+0300: 575.176: Application time: 0.9658635 seconds
2024-10-07T16:23:42.473+0300: 575.176: [GC (Allocation Failure) 2024-10-07T16:23:42.473+0300: 575.176: [ParNew: 280893K->1583K(314560K), 0.0008233 secs] 285173K->5863K(1013632K), 0.0008747 secs] [Times: user=0.00 sys=0.00, real=0.00 secs] 
2024-10-07T16:23:42.473+0300: 575.177: Total time for which application threads were stopped: 0.0010966 seconds, Stopping threads took: 0.0001158 seconds
2024-10-07T16:23:43.414+0300: 576.110: Application time: 0.9325114 seconds
2024-10-07T16:23:43.414+0300: 576.110: [GC (Allocation Failure) 2024-10-07T16:23:43.414+0300: 576.110: [ParNew: 281199K->1498K(314560K), 0.0008836 secs] 285479K->5779K(1013632K), 0.0009474 secs] [Times: user=0.02 sys=0.00, real=0.00 secs] 
2024-10-07T16:23:43.414+0300: 576.111: Total time for which application threads were stopped: 0.0011516 seconds, Stopping threads took: 0.0000973 seconds
2024-10-07T16:23:44.340+0300: 577.038: Application time: 0.9276426 seconds
2024-10-07T16:23:44.340+0300: 577.039: [GC (Allocation Failure) 2024-10-07T16:23:44.340+0300: 577.039: [ParNew: 281114K->1498K(314560K), 0.0008713 secs] 285395K->5779K(1013632K), 0.0009324 secs] [Times: user=0.00 sys=0.00, real=0.00 secs] 
2024-10-07T16:23:44.340+0300: 577.040: Total time for which application threads were stopped: 0.0011674 seconds, Stopping threads took: 0.0001334 seconds
2024-10-07T16:23:45.297+0300: 578.000: Application time: 0.9601917 seconds
2024-10-07T16:23:45.297+0300: 578.000: [GC (Allocation Failure) 2024-10-07T16:23:45.297+0300: 578.000: [ParNew: 281114K->1497K(314560K), 0.0008441 secs] 285395K->5778K(1013632K), 0.0008908 secs] [Times: user=0.00 sys=0.00, real=0.00 secs] 
2024-10-07T16:23:45.297+0300: 578.001: Total time for which application threads were stopped: 0.0011167 seconds, Stopping threads took: 0.0001402 seconds
2024-10-07T16:23:46.223+0300: 578.930: Application time: 0.9290227 seconds
2024-10-07T16:23:46.223+0300: 578.930: [GC (Allocation Failure) 2024-10-07T16:23:46.223+0300: 578.930: [ParNew: 281113K->1497K(314560K), 0.0008673 secs] 285394K->5779K(1013632K), 0.0009125 secs] [Times: user=0.00 sys=0.00, real=0.00 secs] 
2024-10-07T16:23:46.223+0300: 578.931: Total time for which application threads were stopped: 0.0011519 seconds, Stopping threads took: 0.0001539 seconds
2024-10-07T16:23:47.165+0300: 579.863: Application time: 0.9320579 seconds
2024-10-07T16:23:47.165+0300: 579.863: [GC (Allocation Failure) 2024-10-07T16:23:47.165+0300: 579.863: [ParNew: 281113K->1497K(314560K), 0.0009213 secs] 285395K->5779K(1013632K), 0.0009715 secs] [Times: user=0.00 sys=0.00, real=0.00 secs] 
2024-10-07T16:23:47.165+0300: 579.864: Total time for which application threads were stopped: 0.0012556 seconds, Stopping threads took: 0.0001687 seconds
2024-10-07T16:23:48.106+0300: 580.811: Application time: 0.9468640 seconds
2024-10-07T16:23:48.106+0300: 580.812: [GC (Allocation Failure) 2024-10-07T16:23:48.106+0300: 580.812: [ParNew: 281113K->1585K(314560K), 0.0008988 secs] 285395K->5867K(1013632K), 0.0009536 secs] [Times: user=0.00 sys=0.00, real=0.00 secs] 
2024-10-07T16:23:48.106+0300: 580.813: Total time for which application threads were stopped: 0.0012179 seconds, Stopping threads took: 0.0001771 seconds
2024-10-07T16:23:49.063+0300: 581.771: Application time: 0.9588096 seconds
2024-10-07T16:23:49.063+0300: 581.772: [GC (Allocation Failure) 2024-10-07T16:23:49.063+0300: 581.772: [ParNew: 281201K->1496K(314560K), 0.0009229 secs] 285483K->5779K(1013632K), 0.0009707 secs] [Times: user=0.00 sys=0.00, real=0.00 secs] 
2024-10-07T16:23:49.063+0300: 581.773: Total time for which application threads were stopped: 0.0012395 seconds, Stopping threads took: 0.0001861 seconds
2024-10-07T16:23:50.021+0300: 582.725: Application time: 0.9525226 seconds
2024-10-07T16:23:50.021+0300: 582.725: [GC (Allocation Failure) 2024-10-07T16:23:50.021+0300: 582.725: [ParNew: 281112K->1668K(314560K), 0.0009364 secs] 285395K->5951K(1013632K), 0.0010046 secs] [Times: user=0.00 sys=0.00, real=0.00 secs] 
2024-10-07T16:23:50.021+0300: 582.726: Total time for which application threads were stopped: 0.0012278 seconds, Stopping threads took: 0.0001191 seconds
2024-10-07T16:23:50.962+0300: 583.658: Application time: 0.9314323 seconds
2024-10-07T16:23:50.962+0300: 583.658: [GC (Allocation Failure) 2024-10-07T16:23:50.962+0300: 583.658: [ParNew: 281284K->1496K(314560K), 0.0009380 secs] 285567K->5780K(1013632K), 0.0009901 secs] [Times: user=0.00 sys=0.00, real=0.00 secs] 
2024-10-07T16:23:50.962+0300: 583.659: Total time for which application threads were stopped: 0.0012177 seconds, Stopping threads took: 0.0001331 seconds
2024-10-07T16:23:51.903+0300: 584.611: Application time: 0.9520987 seconds
2024-10-07T16:23:51.903+0300: 584.611: [GC (Allocation Failure) 2024-10-07T16:23:51.903+0300: 584.611: [ParNew: 281112K->1585K(314560K), 0.0009096 secs] 285396K->5869K(1013632K), 0.0009635 secs] [Times: user=0.00 sys=0.00, real=0.00 secs] 
2024-10-07T16:23:51.903+0300: 584.612: Total time for which application threads were stopped: 0.0012416 seconds, Stopping threads took: 0.0001710 seconds
2024-10-07T16:23:52.854+0300: 585.551: Application time: 0.9390246 seconds
2024-10-07T16:23:52.854+0300: 585.552: [GC (Allocation Failure) 2024-10-07T16:23:52.854+0300: 585.552: [ParNew: 281201K->1662K(314560K), 0.0009847 secs] 285485K->5947K(1013632K), 0.0010333 secs] [Times: user=0.00 sys=0.00, real=0.00 secs] 
2024-10-07T16:23:52.854+0300: 585.553: Total time for which application threads were stopped: 0.0012670 seconds, Stopping threads took: 0.0001412 seconds
2024-10-07T16:23:53.783+0300: 586.479: Application time: 0.9260102 seconds
2024-10-07T16:23:53.783+0300: 586.479: [GC (Allocation Failure) 2024-10-07T16:23:53.783+0300: 586.479: [ParNew: 281278K->1495K(314560K), 0.0009210 secs] 285563K->5780K(1013632K), 0.0009701 secs] [Times: user=0.00 sys=0.00, real=0.00 secs] 
2024-10-07T16:23:53.785+0300: 586.480: Total time for which application threads were stopped: 0.0011906 seconds, Stopping threads took: 0.0001259 seconds
2024-10-07T16:23:54.712+0300: 587.409: Application time: 0.9293078 seconds
2024-10-07T16:23:54.712+0300: 587.409: [GC (Allocation Failure) 2024-10-07T16:23:54.712+0300: 587.409: [ParNew: 281111K->1496K(314560K), 0.0008374 secs] 285396K->5782K(1013632K), 0.0008886 secs] [Times: user=0.00 sys=0.00, real=0.00 secs] 
2024-10-07T16:23:54.712+0300: 587.410: Total time for which application threads were stopped: 0.0011160 seconds, Stopping threads took: 0.0001363 seconds
2024-10-07T16:23:55.659+0300: 588.360: Application time: 0.9494676 seconds
2024-10-07T16:23:55.659+0300: 588.360: [GC (Allocation Failure) 2024-10-07T16:23:55.659+0300: 588.360: [ParNew: 281112K->1673K(314560K), 0.0010295 secs] 285398K->5959K(1013632K), 0.0010918 secs] [Times: user=0.00 sys=0.00, real=0.00 secs] 
2024-10-07T16:23:55.659+0300: 588.361: Total time for which application threads were stopped: 0.0013292 seconds, Stopping threads took: 0.0001332 seconds
2024-10-07T16:23:56.626+0300: 589.333: Application time: 0.9717146 seconds
2024-10-07T16:23:56.626+0300: 589.333: [GC (Allocation Failure) 2024-10-07T16:23:56.626+0300: 589.333: [ParNew: 281289K->1584K(314560K), 0.0009767 secs] 285575K->5870K(1013632K), 0.0010774 secs] [Times: user=0.00 sys=0.00, real=0.00 secs] 
2024-10-07T16:23:56.626+0300: 589.334: Total time for which application threads were stopped: 0.0013882 seconds, Stopping threads took: 0.0001465 seconds
2024-10-07T16:23:57.583+0300: 590.281: Application time: 0.9468408 seconds
2024-10-07T16:23:57.583+0300: 590.281: [GC (Allocation Failure) 2024-10-07T16:23:57.583+0300: 590.281: [ParNew: 281200K->1673K(314560K), 0.0008559 secs] 285486K->5959K(1013632K), 0.0009113 secs] [Times: user=0.00 sys=0.00, real=0.00 secs] 
2024-10-07T16:23:57.583+0300: 590.282: Total time for which application threads were stopped: 0.0011178 seconds, Stopping threads took: 0.0000917 seconds
2024-10-07T16:23:58.509+0300: 591.210: Application time: 0.9276461 seconds
2024-10-07T16:23:58.509+0300: 591.210: [GC (Allocation Failure) 2024-10-07T16:23:58.509+0300: 591.210: [ParNew: 281289K->1586K(314560K), 0.0008100 secs] 285575K->5872K(1013632K), 0.0008546 secs] [Times: user=0.00 sys=0.00, real=0.00 secs] 
2024-10-07T16:23:58.509+0300: 591.211: Total time for which application threads were stopped: 0.0010931 seconds, Stopping threads took: 0.0001508 seconds
2024-10-07T16:23:59.482+0300: 592.179: Application time: 0.9679296 seconds
2024-10-07T16:23:59.482+0300: 592.179: [GC (Allocation Failure) 2024-10-07T16:23:59.482+0300: 592.179: [ParNew: 281202K->1496K(314560K), 0.0008631 secs] 285488K->5783K(1013632K), 0.0009172 secs] [Times: user=0.00 sys=0.00, real=0.00 secs] 
2024-10-07T16:23:59.482+0300: 592.180: Total time for which application threads were stopped: 0.0011819 seconds, Stopping threads took: 0.0001372 seconds
2024-10-07T16:24:00.407+0300: 593.111: Application time: 0.9312476 seconds
2024-10-07T16:24:00.407+0300: 593.111: [GC (Allocation Failure) 2024-10-07T16:24:00.407+0300: 593.111: [ParNew: 281112K->1674K(314560K), 0.0009033 secs] 285399K->5962K(1013632K), 0.0009635 secs] [Times: user=0.00 sys=0.00, real=0.00 secs] 
2024-10-07T16:24:00.407+0300: 593.112: Total time for which application threads were stopped: 0.0012088 seconds, Stopping threads took: 0.0001290 seconds
2024-10-07T16:24:01.347+0300: 594.043: Application time: 0.9305190 seconds
2024-10-07T16:24:01.347+0300: 594.043: [GC (Allocation Failure) 2024-10-07T16:24:01.347+0300: 594.043: [ParNew: 281290K->1497K(314560K), 0.0008475 secs] 285578K->5785K(1013632K), 0.0008965 secs] [Times: user=0.00 sys=0.00, real=0.00 secs] 
2024-10-07T16:24:01.347+0300: 594.044: Total time for which application threads were stopped: 0.0011308 seconds, Stopping threads took: 0.0001445 seconds
2024-10-07T16:24:02.273+0300: 594.972: Application time: 0.9281331 seconds
2024-10-07T16:24:02.273+0300: 594.972: [GC (Allocation Failure) 2024-10-07T16:24:02.273+0300: 594.973: [ParNew: 281113K->1673K(314560K), 0.0009390 secs] 285401K->5961K(1013632K), 0.0009857 secs] [Times: user=0.00 sys=0.00, real=0.00 secs] 
2024-10-07T16:24:02.273+0300: 594.973: Total time for which application threads were stopped: 0.0012538 seconds, Stopping threads took: 0.0001750 seconds
2024-10-07T16:24:03.214+0300: 595.923: Application time: 0.9491705 seconds
2024-10-07T16:24:03.214+0300: 595.923: [GC (Allocation Failure) 2024-10-07T16:24:03.214+0300: 595.923: [ParNew: 281289K->1585K(314560K), 0.0008921 secs] 285577K->5874K(1013632K), 0.0009442 secs] [Times: user=0.02 sys=0.00, real=0.00 secs] 
2024-10-07T16:24:03.214+0300: 595.924: Total time for which application threads were stopped: 0.0011892 seconds, Stopping threads took: 0.0001510 seconds
2024-10-07T16:24:04.187+0300: 596.894: Application time: 0.9700131 seconds
2024-10-07T16:24:04.187+0300: 596.894: [GC (Allocation Failure) 2024-10-07T16:24:04.187+0300: 596.894: [ParNew: 281201K->1496K(314560K), 0.0009233 secs] 285490K->5785K(1013632K), 0.0009929 secs] [Times: user=0.00 sys=0.00, real=0.00 secs] 
2024-10-07T16:24:04.187+0300: 596.895: Total time for which application threads were stopped: 0.0012476 seconds, Stopping threads took: 0.0001520 seconds
2024-10-07T16:24:05.129+0300: 597.839: Application time: 0.9439196 seconds
2024-10-07T16:24:05.129+0300: 597.839: [GC (Allocation Failure) 2024-10-07T16:24:05.129+0300: 597.839: [ParNew: 281112K->1755K(314560K), 0.0009847 secs] 285401K->6045K(1013632K), 0.0010380 secs] [Times: user=0.00 sys=0.00, real=0.02 secs] 
2024-10-07T16:24:05.145+0300: 597.840: Total time for which application threads were stopped: 0.0012681 seconds, Stopping threads took: 0.0001362 seconds
2024-10-07T16:24:06.071+0300: 598.773: Application time: 0.9323165 seconds
2024-10-07T16:24:06.071+0300: 598.773: [GC (Allocation Failure) 2024-10-07T16:24:06.071+0300: 598.773: [ParNew: 281371K->1461K(314560K), 0.0009336 secs] 285661K->5750K(1013632K), 0.0010045 secs] [Times: user=0.02 sys=0.00, real=0.01 secs] 
2024-10-07T16:24:06.079+0300: 598.774: Total time for which application threads were stopped: 0.0012668 seconds, Stopping threads took: 0.0001376 seconds
2024-10-07T16:24:07.029+0300: 599.738: Application time: 0.9641682 seconds
2024-10-07T16:24:07.029+0300: 599.738: [GC (Allocation Failure) 2024-10-07T16:24:07.029+0300: 599.738: [ParNew: 281077K->1558K(314560K), 0.0010697 secs] 285366K->5848K(1013632K), 0.0011290 secs] [Times: user=0.02 sys=0.00, real=0.01 secs] 
2024-10-07T16:24:07.044+0300: 599.739: Total time for which application threads were stopped: 0.0013540 seconds, Stopping threads took: 0.0001168 seconds
2024-10-07T16:24:07.970+0300: 600.667: Application time: 0.9277617 seconds
2024-10-07T16:24:07.970+0300: 600.667: [GC (Allocation Failure) 2024-10-07T16:24:07.970+0300: 600.667: [ParNew: 281174K->1653K(314560K), 0.0009381 secs] 285464K->5944K(1013632K), 0.0009888 secs] [Times: user=0.00 sys=0.00, real=0.00 secs] 
2024-10-07T16:24:07.970+0300: 600.668: Total time for which application threads were stopped: 0.0012085 seconds, Stopping threads took: 0.0001258 seconds
2024-10-07T16:24:08.905+0300: 601.600: Application time: 0.9316754 seconds
2024-10-07T16:24:08.905+0300: 601.600: [GC (Allocation Failure) 2024-10-07T16:24:08.905+0300: 601.600: [ParNew: 281269K->1474K(314560K), 0.0007888 secs] 285560K->5765K(1013632K), 0.0008352 secs] [Times: user=0.00 sys=0.00, real=0.00 secs] 
2024-10-07T16:24:08.905+0300: 601.601: Total time for which application threads were stopped: 0.0010372 seconds, Stopping threads took: 0.0001149 seconds
2024-10-07T16:24:09.853+0300: 602.556: Application time: 0.9545034 seconds
2024-10-07T16:24:09.853+0300: 602.556: [GC (Allocation Failure) 2024-10-07T16:24:09.853+0300: 602.556: [ParNew: 281090K->1461K(314560K), 0.0009197 secs] 285381K->5752K(1013632K), 0.0009726 secs] [Times: user=0.00 sys=0.00, real=0.00 secs] 
2024-10-07T16:24:09.853+0300: 602.557: Total time for which application threads were stopped: 0.0012215 seconds, Stopping threads took: 0.0001531 seconds
2024-10-07T16:24:10.810+0300: 603.507: Application time: 0.9504303 seconds
2024-10-07T16:24:10.810+0300: 603.507: [GC (Allocation Failure) 2024-10-07T16:24:10.810+0300: 603.508: [ParNew: 281077K->1526K(314560K), 0.0008799 secs] 285368K->5818K(1013632K), 0.0009293 secs] [Times: user=0.02 sys=0.00, real=0.00 secs] 
2024-10-07T16:24:10.810+0300: 603.508: Total time for which application threads were stopped: 0.0011474 seconds, Stopping threads took: 0.0001190 seconds
2024-10-07T16:24:11.790+0300: 604.492: Application time: 0.9839672 seconds
2024-10-07T16:24:11.790+0300: 604.493: [GC (Allocation Failure) 2024-10-07T16:24:11.790+0300: 604.493: [ParNew: 281142K->1586K(314560K), 0.0008673 secs] 285434K->5878K(1013632K), 0.0009183 secs] [Times: user=0.00 sys=0.00, real=0.00 secs] 
2024-10-07T16:24:11.790+0300: 604.494: Total time for which application threads were stopped: 0.0011488 seconds, Stopping threads took: 0.0001277 seconds
2024-10-07T16:24:12.725+0300: 605.431: Application time: 0.9379043 seconds
2024-10-07T16:24:12.725+0300: 605.432: [GC (Allocation Failure) 2024-10-07T16:24:12.725+0300: 605.432: [ParNew: 281202K->1670K(314560K), 0.0008957 secs] 285494K->5962K(1013632K), 0.0009594 secs] [Times: user=0.00 sys=0.00, real=0.00 secs] 
2024-10-07T16:24:12.725+0300: 605.433: Total time for which application threads were stopped: 0.0011954 seconds, Stopping threads took: 0.0001405 seconds
2024-10-07T16:24:13.666+0300: 606.374: Application time: 0.9417551 seconds
2024-10-07T16:24:13.666+0300: 606.375: [GC (Allocation Failure) 2024-10-07T16:24:13.666+0300: 606.375: [ParNew: 281286K->1585K(314560K), 0.0008890 secs] 285578K->5877K(1013632K), 0.0009398 secs] [Times: user=0.00 sys=0.00, real=0.00 secs] 
2024-10-07T16:24:13.666+0300: 606.376: Total time for which application threads were stopped: 0.0011932 seconds, Stopping threads took: 0.0001369 seconds
2024-10-07T16:24:14.639+0300: 607.340: Application time: 0.9643380 seconds
2024-10-07T16:24:14.639+0300: 607.340: [GC (Allocation Failure) 2024-10-07T16:24:14.639+0300: 607.340: [ParNew: 281201K->1585K(314560K), 0.0009102 secs] 285493K->5878K(1013632K), 0.0009880 secs] [Times: user=0.00 sys=0.00, real=0.00 secs] 
2024-10-07T16:24:14.639+0300: 607.341: Total time for which application threads were stopped: 0.0012960 seconds, Stopping threads took: 0.0001710 seconds
2024-10-07T16:24:15.565+0300: 608.271: Application time: 0.9299663 seconds
2024-10-07T16:24:15.565+0300: 608.271: [GC (Allocation Failure) 2024-10-07T16:24:15.565+0300: 608.271: [ParNew: 281201K->1497K(314560K), 0.0009558 secs] 285494K->5791K(1013632K), 0.0010128 secs] [Times: user=0.00 sys=0.00, real=0.00 secs] 
2024-10-07T16:24:15.565+0300: 608.272: Total time for which application threads were stopped: 0.0012336 seconds, Stopping threads took: 0.0001222 seconds
2024-10-07T16:24:16.499+0300: 609.200: Application time: 0.9274226 seconds
2024-10-07T16:24:16.499+0300: 609.200: [GC (Allocation Failure) 2024-10-07T16:24:16.499+0300: 609.200: [ParNew: 281113K->1690K(314560K), 0.0009852 secs] 285407K->5984K(1013632K), 0.0010391 secs] [Times: user=0.00 sys=0.00, real=0.01 secs] 
2024-10-07T16:24:16.506+0300: 609.201: Total time for which application threads were stopped: 0.0012864 seconds, Stopping threads took: 0.0001505 seconds
2024-10-07T16:24:17.447+0300: 610.152: Application time: 0.9503727 seconds
2024-10-07T16:24:17.447+0300: 610.152: [GC (Allocation Failure) 2024-10-07T16:24:17.447+0300: 610.152: [ParNew: 281306K->1450K(314560K), 0.0009336 secs] 285600K->5744K(1013632K), 0.0009979 secs] [Times: user=0.00 sys=0.00, real=0.00 secs] 
2024-10-07T16:24:17.447+0300: 610.153: Total time for which application threads were stopped: 0.0012556 seconds, Stopping threads took: 0.0001428 seconds
2024-10-07T16:24:18.405+0300: 611.103: Application time: 0.9498914 seconds
2024-10-07T16:24:18.405+0300: 611.103: [GC (Allocation Failure) 2024-10-07T16:24:18.405+0300: 611.103: [ParNew: 281066K->1556K(314560K), 0.0008783 secs] 285360K->5850K(1013632K), 0.0009402 secs] [Times: user=0.00 sys=0.00, real=0.00 secs] 
2024-10-07T16:24:18.405+0300: 611.104: Total time for which application threads were stopped: 0.0011854 seconds, Stopping threads took: 0.0001293 seconds
2024-10-07T16:24:19.361+0300: 612.062: Application time: 0.9578684 seconds
2024-10-07T16:24:19.361+0300: 612.062: [GC (Allocation Failure) 2024-10-07T16:24:19.361+0300: 612.062: [ParNew: 281172K->1451K(314560K), 0.0008288 secs] 285466K->5746K(1013632K), 0.0008877 secs] [Times: user=0.03 sys=0.00, real=0.00 secs] 
2024-10-07T16:24:19.361+0300: 612.063: Total time for which application threads were stopped: 0.0011483 seconds, Stopping threads took: 0.0001493 seconds
2024-10-07T16:24:20.288+0300: 612.993: Application time: 0.9300631 seconds
2024-10-07T16:24:20.288+0300: 612.993: [GC (Allocation Failure) 2024-10-07T16:24:20.288+0300: 612.993: [ParNew: 281067K->1581K(314560K), 0.0009191 secs] 285362K->5876K(1013632K), 0.0009830 secs] [Times: user=0.00 sys=0.00, real=0.00 secs] 
2024-10-07T16:24:20.288+0300: 612.994: Total time for which application threads were stopped: 0.0012187 seconds, Stopping threads took: 0.0001187 seconds
2024-10-07T16:24:21.239+0300: 613.934: Application time: 0.9400050 seconds
2024-10-07T16:24:21.240+0300: 613.934: [GC (Allocation Failure) 2024-10-07T16:24:21.240+0300: 613.934: [ParNew: 281197K->1586K(314560K), 0.0008808 secs] 285492K->5882K(1013632K), 0.0009544 secs] [Times: user=0.00 sys=0.00, real=0.00 secs] 
2024-10-07T16:24:21.240+0300: 613.935: Total time for which application threads were stopped: 0.0012020 seconds, Stopping threads took: 0.0001390 seconds
2024-10-07T16:24:22.186+0300: 614.889: Application time: 0.9533806 seconds
2024-10-07T16:24:22.186+0300: 614.889: [GC (Allocation Failure) 2024-10-07T16:24:22.186+0300: 614.889: [ParNew: 281202K->1662K(314560K), 0.0008904 secs] 285498K->5958K(1013632K), 0.0009489 secs] [Times: user=0.00 sys=0.00, real=0.00 secs] 
2024-10-07T16:24:22.186+0300: 614.890: Total time for which application threads were stopped: 0.0012226 seconds, Stopping threads took: 0.0001685 seconds
2024-10-07T16:24:23.112+0300: 615.820: Application time: 0.9304481 seconds
2024-10-07T16:24:23.112+0300: 615.821: [GC (Allocation Failure) 2024-10-07T16:24:23.112+0300: 615.821: [ParNew: 281278K->1495K(314560K), 0.0008558 secs] 285574K->5791K(1013632K), 0.0009068 secs] [Times: user=0.00 sys=0.00, real=0.00 secs] 
2024-10-07T16:24:23.112+0300: 615.822: Total time for which application threads were stopped: 0.0011186 seconds, Stopping threads took: 0.0001130 seconds
2024-10-07T16:24:24.059+0300: 616.762: Application time: 0.9408796 seconds
2024-10-07T16:24:24.059+0300: 616.763: [GC (Allocation Failure) 2024-10-07T16:24:24.059+0300: 616.763: [ParNew: 281111K->1673K(314560K), 0.0008528 secs] 285407K->5969K(1013632K), 0.0009031 secs] [Times: user=0.00 sys=0.00, real=0.00 secs] 
2024-10-07T16:24:24.059+0300: 616.764: Total time for which application threads were stopped: 0.0011347 seconds, Stopping threads took: 0.0001369 seconds
2024-10-07T16:24:25.015+0300: 617.715: Application time: 0.9517731 seconds
2024-10-07T16:24:25.015+0300: 617.716: [GC (Allocation Failure) 2024-10-07T16:24:25.015+0300: 617.716: [ParNew: 281289K->1585K(314560K), 0.0010764 secs] 285585K->5882K(1013632K), 0.0011929 secs] [Times: user=0.00 sys=0.00, real=0.00 secs] 
2024-10-07T16:24:25.015+0300: 617.717: Total time for which application threads were stopped: 0.0015389 seconds, Stopping threads took: 0.0001701 seconds
2024-10-07T16:24:25.983+0300: 618.683: Application time: 0.9661786 seconds
2024-10-07T16:24:25.983+0300: 618.683: [GC (Allocation Failure) 2024-10-07T16:24:25.983+0300: 618.683: [ParNew: 281201K->1584K(314560K), 0.0008885 secs] 285498K->5882K(1013632K), 0.0009612 secs] [Times: user=0.00 sys=0.00, real=0.00 secs] 
2024-10-07T16:24:25.983+0300: 618.684: Total time for which application threads were stopped: 0.0012367 seconds, Stopping threads took: 0.0001615 seconds
2024-10-07T16:24:26.925+0300: 619.630: Application time: 0.9456345 seconds
2024-10-07T16:24:26.925+0300: 619.630: [GC (Allocation Failure) 2024-10-07T16:24:26.925+0300: 619.630: [ParNew: 281200K->1497K(314560K), 0.0008144 secs] 285498K->5795K(1013632K), 0.0008623 secs] [Times: user=0.00 sys=0.00, real=0.00 secs] 
2024-10-07T16:24:26.925+0300: 619.631: Total time for which application threads were stopped: 0.0011091 seconds, Stopping threads took: 0.0001573 seconds
2024-10-07T16:24:27.866+0300: 620.563: Application time: 0.9322898 seconds
2024-10-07T16:24:27.866+0300: 620.564: [GC (Allocation Failure) 2024-10-07T16:24:27.866+0300: 620.564: [ParNew: 281113K->1585K(314560K), 0.0008210 secs] 285411K->5883K(1013632K), 0.0008646 secs] [Times: user=0.00 sys=0.00, real=0.00 secs] 
2024-10-07T16:24:27.866+0300: 620.564: Total time for which application threads were stopped: 0.0010900 seconds, Stopping threads took: 0.0001422 seconds
2024-10-07T16:24:28.821+0300: 621.516: Application time: 0.9517020 seconds
2024-10-07T16:24:28.821+0300: 621.516: [GC (Allocation Failure) 2024-10-07T16:24:28.821+0300: 621.516: [ParNew: 281201K->1497K(314560K), 0.0009297 secs] 285499K->5795K(1013632K), 0.0009817 secs] [Times: user=0.00 sys=0.00, real=0.00 secs] 
2024-10-07T16:24:28.821+0300: 621.517: Total time for which application threads were stopped: 0.0012555 seconds, Stopping threads took: 0.0001380 seconds
2024-10-07T16:24:29.764+0300: 622.462: Application time: 0.9440925 seconds
2024-10-07T16:24:29.764+0300: 622.462: [GC (Allocation Failure) 2024-10-07T16:24:29.764+0300: 622.462: [ParNew: 281113K->1662K(314560K), 0.0009344 secs] 285411K->5961K(1013632K), 0.0009831 secs] [Times: user=0.00 sys=0.00, real=0.00 secs] 
2024-10-07T16:24:29.764+0300: 622.463: Total time for which application threads were stopped: 0.0012335 seconds, Stopping threads took: 0.0001593 seconds
2024-10-07T16:24:30.690+0300: 623.392: Application time: 0.9297177 seconds
2024-10-07T16:24:30.690+0300: 623.393: [GC (Allocation Failure) 2024-10-07T16:24:30.690+0300: 623.393: [ParNew: 281278K->1743K(314560K), 0.0009797 secs] 285577K->6042K(1013632K), 0.0010313 secs] [Times: user=0.00 sys=0.00, real=0.00 secs] 
2024-10-07T16:24:30.690+0300: 623.394: Total time for which application threads were stopped: 0.0012518 seconds, Stopping threads took: 0.0001227 seconds
2024-10-07T16:24:31.631+0300: 624.336: Application time: 0.9419716 seconds
2024-10-07T16:24:31.631+0300: 624.336: [GC (Allocation Failure) 2024-10-07T16:24:31.631+0300: 624.336: [ParNew: 281359K->1447K(314560K), 0.0009584 secs] 285658K->5747K(1013632K), 0.0010038 secs] [Times: user=0.00 sys=0.00, real=0.00 secs] 
2024-10-07T16:24:31.631+0300: 624.337: Total time for which application threads were stopped: 0.0012774 seconds, Stopping threads took: 0.0001863 seconds
2024-10-07T16:24:32.587+0300: 625.282: Application time: 0.9451352 seconds
2024-10-07T16:24:32.587+0300: 625.282: [GC (Allocation Failure) 2024-10-07T16:24:32.587+0300: 625.282: [ParNew: 281063K->1644K(314560K), 0.0008564 secs] 285363K->5944K(1013632K), 0.0009171 secs] [Times: user=0.00 sys=0.00, real=0.00 secs] 
2024-10-07T16:24:32.587+0300: 625.283: Total time for which application threads were stopped: 0.0011769 seconds, Stopping threads took: 0.0001465 seconds
2024-10-07T16:24:33.545+0300: 626.249: Application time: 0.9658822 seconds
2024-10-07T16:24:33.545+0300: 626.249: [GC (Allocation Failure) 2024-10-07T16:24:33.545+0300: 626.249: [ParNew: 281260K->1583K(314560K), 0.0009097 secs] 285560K->5883K(1013632K), 0.0009742 secs] [Times: user=0.00 sys=0.00, real=0.00 secs] 
2024-10-07T16:24:33.545+0300: 626.250: Total time for which application threads were stopped: 0.0012573 seconds, Stopping threads took: 0.0001406 seconds
2024-10-07T16:24:34.486+0300: 627.195: Application time: 0.9448072 seconds
2024-10-07T16:24:34.486+0300: 627.195: [GC (Allocation Failure) 2024-10-07T16:24:34.486+0300: 627.195: [ParNew: 281199K->1691K(314560K), 0.0008894 secs] 285499K->5992K(1013632K), 0.0009518 secs] [Times: user=0.00 sys=0.00, real=0.02 secs] 
2024-10-07T16:24:34.502+0300: 627.196: Total time for which application threads were stopped: 0.0011916 seconds, Stopping threads took: 0.0001255 seconds
2024-10-07T16:24:35.427+0300: 628.125: Application time: 0.9286161 seconds
2024-10-07T16:24:35.427+0300: 628.125: [GC (Allocation Failure) 2024-10-07T16:24:35.427+0300: 628.125: [ParNew: 281307K->1505K(314560K), 0.0008706 secs] 285608K->5806K(1013632K), 0.0009376 secs] [Times: user=0.02 sys=0.00, real=0.00 secs] 
2024-10-07T16:24:35.427+0300: 628.126: Total time for which application threads were stopped: 0.0011893 seconds, Stopping threads took: 0.0001371 seconds
2024-10-07T16:24:36.385+0300: 629.087: Application time: 0.9603008 seconds
2024-10-07T16:24:36.385+0300: 629.087: [GC (Allocation Failure) 2024-10-07T16:24:36.385+0300: 629.087: [ParNew: 281121K->1691K(314560K), 0.0008395 secs] 285422K->5993K(1013632K), 0.0008884 secs] [Times: user=0.00 sys=0.00, real=0.00 secs] 
2024-10-07T16:24:36.385+0300: 629.088: Total time for which application threads were stopped: 0.0011179 seconds, Stopping threads took: 0.0001313 seconds
2024-10-07T16:24:37.311+0300: 630.017: Application time: 0.9289635 seconds
2024-10-07T16:24:37.311+0300: 630.017: [GC (Allocation Failure) 2024-10-07T16:24:37.311+0300: 630.017: [ParNew: 281307K->1482K(314560K), 0.0009204 secs] 285609K->5784K(1013632K), 0.0010583 secs] [Times: user=0.00 sys=0.00, real=0.00 secs] 
2024-10-07T16:24:37.311+0300: 630.018: Total time for which application threads were stopped: 0.0012984 seconds, Stopping threads took: 0.0001243 seconds
2024-10-07T16:24:38.252+0300: 630.952: Application time: 0.9336419 seconds
2024-10-07T16:24:38.252+0300: 630.952: [GC (Allocation Failure) 2024-10-07T16:24:38.252+0300: 630.952: [ParNew: 281098K->1612K(314560K), 0.0008770 secs] 285400K->5914K(1013632K), 0.0009252 secs] [Times: user=0.00 sys=0.00, real=0.00 secs] 
2024-10-07T16:24:38.252+0300: 630.953: Total time for which application threads were stopped: 0.0012017 seconds, Stopping threads took: 0.0001854 seconds
2024-10-07T16:24:39.209+0300: 631.910: Application time: 0.9575543 seconds
2024-10-07T16:24:39.209+0300: 631.911: [GC (Allocation Failure) 2024-10-07T16:24:39.209+0300: 631.911: [ParNew: 281228K->1600K(314560K), 0.0008686 secs] 285530K->5902K(1013632K), 0.0009127 secs] [Times: user=0.00 sys=0.00, real=0.00 secs] 
2024-10-07T16:24:39.209+0300: 631.911: Total time for which application threads were stopped: 0.0011297 seconds, Stopping threads took: 0.0001073 seconds
2024-10-07T16:24:40.150+0300: 632.851: Application time: 0.9397345 seconds
2024-10-07T16:24:40.150+0300: 632.851: [GC (Allocation Failure) 2024-10-07T16:24:40.150+0300: 632.851: [ParNew: 281216K->1607K(314560K), 0.0008169 secs] 285518K->5910K(1013632K), 0.0008669 secs] [Times: user=0.00 sys=0.00, real=0.00 secs] 
2024-10-07T16:24:40.150+0300: 632.852: Total time for which application threads were stopped: 0.0010915 seconds, Stopping threads took: 0.0001242 seconds
2024-10-07T16:24:41.107+0300: 633.815: Application time: 0.9622080 seconds
2024-10-07T16:24:41.107+0300: 633.815: [GC (Allocation Failure) 2024-10-07T16:24:41.107+0300: 633.815: [ParNew: 281223K->1565K(314560K), 0.0009121 secs] 285526K->5868K(1013632K), 0.0009704 secs] [Times: user=0.00 sys=0.00, real=0.00 secs] 
2024-10-07T16:24:41.107+0300: 633.816: Total time for which application threads were stopped: 0.0011797 seconds, Stopping threads took: 0.0001211 seconds
2024-10-07T16:24:42.048+0300: 634.757: Application time: 0.9410680 seconds
2024-10-07T16:24:42.048+0300: 634.757: [GC (Allocation Failure) 2024-10-07T16:24:42.048+0300: 634.757: [ParNew: 281181K->1575K(314560K), 0.0008705 secs] 285484K->5878K(1013632K), 0.0009404 secs] [Times: user=0.00 sys=0.00, real=0.00 secs] 
2024-10-07T16:24:42.048+0300: 634.758: Total time for which application threads were stopped: 0.0011764 seconds, Stopping threads took: 0.0001382 seconds
2024-10-07T16:24:42.989+0300: 635.687: Application time: 0.9292021 seconds
2024-10-07T16:24:42.989+0300: 635.687: [GC (Allocation Failure) 2024-10-07T16:24:42.989+0300: 635.687: [ParNew: 281191K->1495K(314560K), 0.0008678 secs] 285494K->5799K(1013632K), 0.0009160 secs] [Times: user=0.00 sys=0.00, real=0.00 secs] 
2024-10-07T16:24:42.989+0300: 635.688: Total time for which application threads were stopped: 0.0011685 seconds, Stopping threads took: 0.0001523 seconds
2024-10-07T16:24:43.951+0300: 636.651: Application time: 0.9626564 seconds
2024-10-07T16:24:43.951+0300: 636.651: [GC (Allocation Failure) 2024-10-07T16:24:43.951+0300: 636.651: [ParNew: 281111K->1496K(314560K), 0.0008175 secs] 285415K->5800K(1013632K), 0.0008689 secs] [Times: user=0.00 sys=0.00, real=0.00 secs] 
2024-10-07T16:24:43.951+0300: 636.652: Total time for which application threads were stopped: 0.0011231 seconds, Stopping threads took: 0.0001647 seconds
2024-10-07T16:24:44.872+0300: 637.579: Application time: 0.9265134 seconds
2024-10-07T16:24:44.872+0300: 637.579: [GC (Allocation Failure) 2024-10-07T16:24:44.872+0300: 637.579: [ParNew: 281112K->1585K(314560K), 0.0008781 secs] 285416K->5890K(1013632K), 0.0009319 secs] [Times: user=0.00 sys=0.00, real=0.00 secs] 
2024-10-07T16:24:44.872+0300: 637.580: Total time for which application threads were stopped: 0.0012015 seconds, Stopping threads took: 0.0001541 seconds
2024-10-07T16:24:45.814+0300: 638.510: Application time: 0.9305362 seconds
2024-10-07T16:24:45.814+0300: 638.511: [GC (Allocation Failure) 2024-10-07T16:24:45.814+0300: 638.511: [ParNew: 281201K->1674K(314560K), 0.0008266 secs] 285506K->5979K(1013632K), 0.0008811 secs] [Times: user=0.00 sys=0.00, real=0.00 secs] 
2024-10-07T16:24:45.814+0300: 638.512: Total time for which application threads were stopped: 0.0011398 seconds, Stopping threads took: 0.0001671 seconds
2024-10-07T16:24:46.755+0300: 639.461: Application time: 0.9497507 seconds
2024-10-07T16:24:46.755+0300: 639.462: [GC (Allocation Failure) 2024-10-07T16:24:46.755+0300: 639.462: [ParNew: 281290K->1673K(314560K), 0.0008851 secs] 285595K->5978K(1013632K), 0.0009463 secs] [Times: user=0.00 sys=0.00, real=0.00 secs] 
2024-10-07T16:24:46.755+0300: 639.463: Total time for which application threads were stopped: 0.0012617 seconds, Stopping threads took: 0.0001897 seconds
2024-10-07T16:24:47.712+0300: 640.410: Application time: 0.9471832 seconds
2024-10-07T16:24:47.712+0300: 640.410: [GC (Allocation Failure) 2024-10-07T16:24:47.712+0300: 640.410: [ParNew: 281289K->1585K(314560K), 0.0008743 secs] 285594K->5891K(1013632K), 0.0009205 secs] [Times: user=0.00 sys=0.00, real=0.00 secs] 
2024-10-07T16:24:47.712+0300: 640.411: Total time for which application threads were stopped: 0.0011846 seconds, Stopping threads took: 0.0001726 seconds
2024-10-07T16:24:48.669+0300: 641.369: Application time: 0.9581655 seconds
2024-10-07T16:24:48.669+0300: 641.369: [GC (Allocation Failure) 2024-10-07T16:24:48.669+0300: 641.369: [ParNew: 281201K->1497K(314560K), 0.0009492 secs] 285507K->5803K(1013632K), 0.0010178 secs] [Times: user=0.00 sys=0.00, real=0.00 secs] 
2024-10-07T16:24:48.669+0300: 641.370: Total time for which application threads were stopped: 0.0012531 seconds, Stopping threads took: 0.0001147 seconds
2024-10-07T16:24:49.610+0300: 642.305: Application time: 0.9351498 seconds
2024-10-07T16:24:49.610+0300: 642.306: [GC (Allocation Failure) 2024-10-07T16:24:49.610+0300: 642.306: [ParNew: 281113K->1580K(314560K), 0.0009598 secs] 285419K->5886K(1013632K), 0.0010087 secs] [Times: user=0.00 sys=0.00, real=0.00 secs] 
2024-10-07T16:24:49.610+0300: 642.307: Total time for which application threads were stopped: 0.0012177 seconds, Stopping threads took: 0.0001217 seconds
2024-10-07T16:24:50.536+0300: 643.238: Application time: 0.9308521 seconds
2024-10-07T16:24:50.536+0300: 643.238: [GC (Allocation Failure) 2024-10-07T16:24:50.536+0300: 643.238: [ParNew: 281196K->1496K(314560K), 0.0008987 secs] 285502K->5803K(1013632K), 0.0009593 secs] [Times: user=0.00 sys=0.00, real=0.00 secs] 
2024-10-07T16:24:50.536+0300: 643.239: Total time for which application threads were stopped: 0.0012095 seconds, Stopping threads took: 0.0001517 seconds
2024-10-07T16:24:51.493+0300: 644.201: Application time: 0.9627109 seconds
2024-10-07T16:24:51.493+0300: 644.202: [GC (Allocation Failure) 2024-10-07T16:24:51.493+0300: 644.202: [ParNew: 281112K->1408K(314560K), 0.0009552 secs] 285419K->5715K(1013632K), 0.0010134 secs] [Times: user=0.00 sys=0.00, real=0.00 secs] 
2024-10-07T16:24:51.493+0300: 644.203: Total time for which application threads were stopped: 0.0012691 seconds, Stopping threads took: 0.0001320 seconds
2024-10-07T16:24:52.419+0300: 645.128: Application time: 0.9247967 seconds
2024-10-07T16:24:52.419+0300: 645.128: [GC (Allocation Failure) 2024-10-07T16:24:52.419+0300: 645.128: [ParNew: 281024K->1497K(314560K), 0.0009342 secs] 285331K->5805K(1013632K), 0.0010027 secs] [Times: user=0.05 sys=0.00, real=0.00 secs] 
2024-10-07T16:24:52.419+0300: 645.129: Total time for which application threads were stopped: 0.0012258 seconds, Stopping threads took: 0.0001181 seconds
2024-10-07T16:24:53.361+0300: 646.057: Application time: 0.9283228 seconds
2024-10-07T16:24:53.361+0300: 646.057: [GC (Allocation Failure) 2024-10-07T16:24:53.361+0300: 646.057: [ParNew: 281113K->1409K(314560K), 0.0009043 secs] 285421K->5717K(1013632K), 0.0009555 secs] [Times: user=0.00 sys=0.00, real=0.00 secs] 
2024-10-07T16:24:53.361+0300: 646.058: Total time for which application threads were stopped: 0.0011883 seconds, Stopping threads took: 0.0001383 seconds
2024-10-07T16:24:54.302+0300: 647.011: Application time: 0.9529297 seconds
2024-10-07T16:24:54.302+0300: 647.011: [GC (Allocation Failure) 2024-10-07T16:24:54.302+0300: 647.011: [ParNew: 281025K->1496K(314560K), 0.0008894 secs] 285333K->5805K(1013632K), 0.0009437 secs] [Times: user=0.00 sys=0.00, real=0.00 secs] 
2024-10-07T16:24:54.302+0300: 647.012: Total time for which application threads were stopped: 0.0012191 seconds, Stopping threads took: 0.0001744 seconds
2024-10-07T16:24:55.276+0300: 647.972: Application time: 0.9591445 seconds
2024-10-07T16:24:55.276+0300: 647.972: [GC (Allocation Failure) 2024-10-07T16:24:55.276+0300: 647.972: [ParNew: 281112K->1585K(314560K), 0.0008977 secs] 285421K->5894K(1013632K), 0.0009483 secs] [Times: user=0.00 sys=0.00, real=0.00 secs] 
2024-10-07T16:24:55.276+0300: 647.973: Total time for which application threads were stopped: 0.0012153 seconds, Stopping threads took: 0.0001713 seconds
2024-10-07T16:24:56.217+0300: 648.925: Application time: 0.9522668 seconds
2024-10-07T16:24:56.217+0300: 648.925: [GC (Allocation Failure) 2024-10-07T16:24:56.217+0300: 648.925: [ParNew: 281201K->1492K(314560K), 0.0008792 secs] 285510K->5801K(1013632K), 0.0009265 secs] [Times: user=0.00 sys=0.00, real=0.00 secs] 
2024-10-07T16:24:56.217+0300: 648.926: Total time for which application threads were stopped: 0.0011762 seconds, Stopping threads took: 0.0001617 seconds
2024-10-07T16:24:57.158+0300: 649.859: Application time: 0.9331256 seconds
2024-10-07T16:24:57.158+0300: 649.860: [GC (Allocation Failure) 2024-10-07T16:24:57.158+0300: 649.860: [ParNew: 281108K->1666K(314560K), 0.0009427 secs] 285417K->5976K(1013632K), 0.0009922 secs] [Times: user=0.01 sys=0.00, real=0.00 secs] 
2024-10-07T16:24:57.158+0300: 649.861: Total time for which application threads were stopped: 0.0012686 seconds, Stopping threads took: 0.0001762 seconds
2024-10-07T16:24:58.099+0300: 650.807: Application time: 0.9459482 seconds
2024-10-07T16:24:58.099+0300: 650.807: [GC (Allocation Failure) 2024-10-07T16:24:58.099+0300: 650.807: [ParNew: 281282K->1495K(314560K), 0.0008914 secs] 285592K->5805K(1013632K), 0.0009403 secs] [Times: user=0.00 sys=0.00, real=0.00 secs] 
2024-10-07T16:24:58.099+0300: 650.808: Total time for which application threads were stopped: 0.0012290 seconds, Stopping threads took: 0.0001646 seconds
2024-10-07T16:24:59.056+0300: 651.751: Application time: 0.9436141 seconds
2024-10-07T16:24:59.056+0300: 651.752: [GC (Allocation Failure) 2024-10-07T16:24:59.056+0300: 651.752: [ParNew: 281111K->1488K(314560K), 0.0008844 secs] 285421K->5798K(1013632K), 0.0009330 secs] [Times: user=0.00 sys=0.00, real=0.00 secs] 
2024-10-07T16:24:59.056+0300: 651.753: Total time for which application threads were stopped: 0.0011526 seconds, Stopping threads took: 0.0001269 seconds
2024-10-07T16:24:59.983+0300: 652.680: Application time: 0.9277836 seconds
2024-10-07T16:24:59.983+0300: 652.681: [GC (Allocation Failure) 2024-10-07T16:24:59.983+0300: 652.681: [ParNew: 281104K->1583K(314560K), 0.0008429 secs] 285414K->5894K(1013632K), 0.0008918 secs] [Times: user=0.00 sys=0.00, real=0.00 secs] 
2024-10-07T16:24:59.983+0300: 652.682: Total time for which application threads were stopped: 0.0011162 seconds, Stopping threads took: 0.0001298 seconds
2024-10-07T16:25:00.924+0300: 653.627: Application time: 0.9451537 seconds
2024-10-07T16:25:00.924+0300: 653.627: [GC (Allocation Failure) 2024-10-07T16:25:00.924+0300: 653.627: [ParNew: 281199K->1584K(314560K), 0.0010215 secs] 285510K->5895K(1013632K), 0.0010715 secs] [Times: user=0.00 sys=0.00, real=0.00 secs] 
2024-10-07T16:25:00.924+0300: 653.628: Total time for which application threads were stopped: 0.0013162 seconds, Stopping threads took: 0.0001532 seconds
2024-10-07T16:25:01.881+0300: 654.576: Application time: 0.9481982 seconds
2024-10-07T16:25:01.881+0300: 654.576: [GC (Allocation Failure) 2024-10-07T16:25:01.881+0300: 654.576: [ParNew: 281200K->1492K(314560K), 0.0008184 secs] 285511K->5803K(1013632K), 0.0008725 secs] [Times: user=0.00 sys=0.00, real=0.00 secs] 
2024-10-07T16:25:01.881+0300: 654.577: Total time for which application threads were stopped: 0.0011001 seconds, Stopping threads took: 0.0001389 seconds
2024-10-07T16:25:02.822+0300: 655.530: Application time: 0.9526447 seconds
2024-10-07T16:25:02.822+0300: 655.530: [GC (Allocation Failure) 2024-10-07T16:25:02.822+0300: 655.530: [ParNew: 281108K->1491K(314560K), 0.0008208 secs] 285419K->5803K(1013632K), 0.0008669 secs] [Times: user=0.00 sys=0.00, real=0.00 secs] 
2024-10-07T16:25:02.822+0300: 655.531: Total time for which application threads were stopped: 0.0010987 seconds, Stopping threads took: 0.0001455 seconds
2024-10-07T16:25:03.778+0300: 656.480: Application time: 0.9490480 seconds
2024-10-07T16:25:03.778+0300: 656.480: [GC (Allocation Failure) 2024-10-07T16:25:03.778+0300: 656.480: [ParNew: 281107K->1583K(314560K), 0.0008438 secs] 285419K->5895K(1013632K), 0.0008882 secs] [Times: user=0.00 sys=0.00, real=0.00 secs] 
2024-10-07T16:25:03.778+0300: 656.481: Total time for which application threads were stopped: 0.0011316 seconds, Stopping threads took: 0.0001543 seconds
2024-10-07T16:25:04.704+0300: 657.413: Application time: 0.9317784 seconds
2024-10-07T16:25:04.704+0300: 657.413: [GC (Allocation Failure) 2024-10-07T16:25:04.704+0300: 657.413: [ParNew: 281199K->1585K(314560K), 0.0008690 secs] 285511K->5898K(1013632K), 0.0009514 secs] [Times: user=0.00 sys=0.00, real=0.00 secs] 
2024-10-07T16:25:04.704+0300: 657.414: Total time for which application threads were stopped: 0.0012040 seconds, Stopping threads took: 0.0001269 seconds
2024-10-07T16:25:05.676+0300: 658.376: Application time: 0.9622457 seconds
2024-10-07T16:25:05.676+0300: 658.377: [GC (Allocation Failure) 2024-10-07T16:25:05.676+0300: 658.377: [ParNew: 281201K->1584K(314560K), 0.0008077 secs] 285514K->5897K(1013632K), 0.0008679 secs] [Times: user=0.00 sys=0.00, real=0.00 secs] 
2024-10-07T16:25:05.676+0300: 658.378: Total time for which application threads were stopped: 0.0010909 seconds, Stopping threads took: 0.0001226 seconds
2024-10-07T16:25:06.602+0300: 659.306: Application time: 0.9284454 seconds
2024-10-07T16:25:06.602+0300: 659.306: [GC (Allocation Failure) 2024-10-07T16:25:06.602+0300: 659.306: [ParNew: 281200K->1580K(314560K), 0.0009707 secs] 285513K->5893K(1013632K), 0.0010245 secs] [Times: user=0.00 sys=0.00, real=0.00 secs] 
2024-10-07T16:25:06.602+0300: 659.307: Total time for which application threads were stopped: 0.0012885 seconds, Stopping threads took: 0.0001621 seconds
2024-10-07T16:25:07.545+0300: 660.239: Application time: 0.9319252 seconds
2024-10-07T16:25:07.545+0300: 660.239: [GC (Allocation Failure) 2024-10-07T16:25:07.545+0300: 660.239: [ParNew: 281196K->1688K(314560K), 0.0010963 secs] 285509K->6002K(1013632K), 0.0011632 secs] [Times: user=0.00 sys=0.00, real=0.00 secs] 
2024-10-07T16:25:07.545+0300: 660.241: Total time for which application threads were stopped: 0.0014182 seconds, Stopping threads took: 0.0001484 seconds
2024-10-07T16:25:08.485+0300: 661.190: Application time: 0.9498380 seconds
2024-10-07T16:25:08.485+0300: 661.191: [GC (Allocation Failure) 2024-10-07T16:25:08.485+0300: 661.191: [ParNew: 281304K->1498K(314560K), 0.0009917 secs] 285618K->5812K(1013632K), 0.0010389 secs] [Times: user=0.00 sys=0.00, real=0.01 secs] 
2024-10-07T16:25:08.497+0300: 661.192: Total time for which application threads were stopped: 0.0012955 seconds, Stopping threads took: 0.0001641 seconds
2024-10-07T16:25:09.443+0300: 662.144: Application time: 0.9526150 seconds
2024-10-07T16:25:09.443+0300: 662.145: [GC (Allocation Failure) 2024-10-07T16:25:09.443+0300: 662.145: [ParNew: 281114K->1561K(314560K), 0.0009265 secs] 285428K->5876K(1013632K), 0.0009891 secs] [Times: user=0.00 sys=0.00, real=0.00 secs] 
2024-10-07T16:25:09.443+0300: 662.146: Total time for which application threads were stopped: 0.0012418 seconds, Stopping threads took: 0.0001326 seconds
2024-10-07T16:25:10.384+0300: 663.087: Application time: 0.9414936 seconds
2024-10-07T16:25:10.384+0300: 663.087: [GC (Allocation Failure) 2024-10-07T16:25:10.384+0300: 663.087: [ParNew: 281177K->1597K(314560K), 0.0008774 secs] 285492K->5912K(1013632K), 0.0009259 secs] [Times: user=0.00 sys=0.00, real=0.00 secs] 
2024-10-07T16:25:10.384+0300: 663.088: Total time for which application threads were stopped: 0.0012194 seconds, Stopping threads took: 0.0001904 seconds
2024-10-07T16:25:11.341+0300: 664.043: Application time: 0.9548861 seconds
2024-10-07T16:25:11.341+0300: 664.043: [GC (Allocation Failure) 2024-10-07T16:25:11.341+0300: 664.043: [ParNew: 281213K->1578K(314560K), 0.0009213 secs] 285528K->5893K(1013632K), 0.0009722 secs] [Times: user=0.00 sys=0.00, real=0.00 secs] 
2024-10-07T16:25:11.341+0300: 664.044: Total time for which application threads were stopped: 0.0012004 seconds, Stopping threads took: 0.0001365 seconds
2024-10-07T16:25:12.265+0300: 664.972: Application time: 0.9277056 seconds
2024-10-07T16:25:12.265+0300: 664.972: [GC (Allocation Failure) 2024-10-07T16:25:12.265+0300: 664.972: [ParNew: 281194K->1586K(314560K), 0.0008452 secs] 285509K->5901K(1013632K), 0.0008944 secs] [Times: user=0.00 sys=0.00, real=0.00 secs] 
2024-10-07T16:25:12.265+0300: 664.973: Total time for which application threads were stopped: 0.0011379 seconds, Stopping threads took: 0.0001420 seconds
2024-10-07T16:25:13.238+0300: 665.934: Application time: 0.9602359 seconds
2024-10-07T16:25:13.238+0300: 665.934: [GC (Allocation Failure) 2024-10-07T16:25:13.238+0300: 665.934: [ParNew: 281202K->1673K(314560K), 0.0008886 secs] 285517K->5989K(1013632K), 0.0009401 secs] [Times: user=0.00 sys=0.00, real=0.00 secs] 
2024-10-07T16:25:13.238+0300: 665.935: Total time for which application threads were stopped: 0.0011791 seconds, Stopping threads took: 0.0001484 seconds
2024-10-07T16:25:14.163+0300: 666.858: Application time: 0.9237140 seconds
2024-10-07T16:25:14.163+0300: 666.859: [GC (Allocation Failure) 2024-10-07T16:25:14.163+0300: 666.859: [ParNew: 281289K->1497K(314560K), 0.0008696 secs] 285605K->5813K(1013632K), 0.0009208 secs] [Times: user=0.00 sys=0.00, real=0.00 secs] 
2024-10-07T16:25:14.163+0300: 666.860: Total time for which application threads were stopped: 0.0011536 seconds, Stopping threads took: 0.0001449 seconds
2024-10-07T16:25:15.089+0300: 667.792: Application time: 0.9319805 seconds
2024-10-07T16:25:15.089+0300: 667.792: [GC (Allocation Failure) 2024-10-07T16:25:15.089+0300: 667.792: [ParNew: 281113K->1586K(314560K), 0.0008919 secs] 285429K->5902K(1013632K), 0.0009393 secs] [Times: user=0.00 sys=0.00, real=0.00 secs] 
2024-10-07T16:25:15.089+0300: 667.793: Total time for which application threads were stopped: 0.0012105 seconds, Stopping threads took: 0.0001598 seconds
2024-10-07T16:25:16.046+0300: 668.742: Application time: 0.9488069 seconds
2024-10-07T16:25:16.046+0300: 668.742: [GC (Allocation Failure) 2024-10-07T16:25:16.046+0300: 668.742: [ParNew: 281202K->1408K(314560K), 0.0008623 secs] 285518K->5725K(1013632K), 0.0009098 secs] [Times: user=0.00 sys=0.00, real=0.00 secs] 
2024-10-07T16:25:16.046+0300: 668.743: Total time for which application threads were stopped: 0.0011177 seconds, Stopping threads took: 0.0001104 seconds
2024-10-07T16:25:16.987+0300: 669.697: Application time: 0.9538110 seconds
2024-10-07T16:25:16.987+0300: 669.697: [GC (Allocation Failure) 2024-10-07T16:25:16.987+0300: 669.697: [ParNew: 281024K->1673K(314560K), 0.0009593 secs] 285341K->5990K(1013632K), 0.0010134 secs] [Times: user=0.02 sys=0.00, real=0.02 secs] 
2024-10-07T16:25:17.003+0300: 669.698: Total time for which application threads were stopped: 0.0012834 seconds, Stopping threads took: 0.0001645 seconds
2024-10-07T16:25:17.945+0300: 670.641: Application time: 0.9436365 seconds
2024-10-07T16:25:17.945+0300: 670.642: [GC (Allocation Failure) 2024-10-07T16:25:17.945+0300: 670.642: [ParNew: 281289K->1585K(314560K), 0.0008627 secs] 285606K->5903K(1013632K), 0.0009146 secs] [Times: user=0.00 sys=0.00, real=0.00 secs] 
2024-10-07T16:25:17.945+0300: 670.643: Total time for which application threads were stopped: 0.0011547 seconds, Stopping threads took: 0.0001465 seconds
2024-10-07T16:25:18.886+0300: 671.584: Application time: 0.9417266 seconds
2024-10-07T16:25:18.886+0300: 671.585: [GC (Allocation Failure) 2024-10-07T16:25:18.886+0300: 671.585: [ParNew: 281201K->1673K(314560K), 0.0008520 secs] 285519K->5991K(1013632K), 0.0009072 secs] [Times: user=0.00 sys=0.00, real=0.00 secs] 
2024-10-07T16:25:18.886+0300: 671.585: Total time for which application threads were stopped: 0.0011369 seconds, Stopping threads took: 0.0001366 seconds
2024-10-07T16:25:19.817+0300: 672.518: Application time: 0.9320671 seconds
2024-10-07T16:25:19.817+0300: 672.518: [GC (Allocation Failure) 2024-10-07T16:25:19.817+0300: 672.518: [ParNew: 281289K->1369K(314560K), 0.0008046 secs] 285607K->5688K(1013632K), 0.0008500 secs] [Times: user=0.00 sys=0.00, real=0.00 secs] 
2024-10-07T16:25:19.817+0300: 672.519: Total time for which application threads were stopped: 0.0011484 seconds, Stopping threads took: 0.0002143 seconds
2024-10-07T16:25:20.785+0300: 673.482: Application time: 0.9635218 seconds
2024-10-07T16:25:20.785+0300: 673.482: [GC (Allocation Failure) 2024-10-07T16:25:20.785+0300: 673.482: [ParNew: 280985K->1695K(314560K), 0.0009768 secs] 285304K->6014K(1013632K), 0.0010237 secs] [Times: user=0.00 sys=0.00, real=0.00 secs] 
2024-10-07T16:25:20.785+0300: 673.483: Total time for which application threads were stopped: 0.0012538 seconds, Stopping threads took: 0.0001465 seconds
2024-10-07T16:25:21.711+0300: 674.410: Application time: 0.9266002 seconds
2024-10-07T16:25:21.711+0300: 674.410: [GC (Allocation Failure) 2024-10-07T16:25:21.711+0300: 674.410: [ParNew: 281311K->1682K(314560K), 0.0009461 secs] 285630K->6002K(1013632K), 0.0009905 secs] [Times: user=0.00 sys=0.00, real=0.00 secs] 
2024-10-07T16:25:21.711+0300: 674.411: Total time for which application threads were stopped: 0.0012374 seconds, Stopping threads took: 0.0001614 seconds
2024-10-07T16:25:22.637+0300: 675.339: Application time: 0.9272773 seconds
2024-10-07T16:25:22.637+0300: 675.339: [GC (Allocation Failure) 2024-10-07T16:25:22.637+0300: 675.339: [ParNew: 281298K->1587K(314560K), 0.0008872 secs] 285618K->5907K(1013632K), 0.0009359 secs] [Times: user=0.00 sys=0.00, real=0.00 secs] 
2024-10-07T16:25:22.637+0300: 675.340: Total time for which application threads were stopped: 0.0011768 seconds, Stopping threads took: 0.0001448 seconds
2024-10-07T16:25:23.594+0300: 676.290: Application time: 0.9506324 seconds
2024-10-07T16:25:23.594+0300: 676.291: [GC (Allocation Failure) 2024-10-07T16:25:23.594+0300: 676.291: [ParNew: 281203K->1585K(314560K), 0.0008537 secs] 285523K->5905K(1013632K), 0.0009035 secs] [Times: user=0.00 sys=0.00, real=0.00 secs] 
2024-10-07T16:25:23.594+0300: 676.292: Total time for which application threads were stopped: 0.0011578 seconds, Stopping threads took: 0.0001358 seconds
2024-10-07T16:25:24.535+0300: 677.240: Application time: 0.9486443 seconds
2024-10-07T16:25:24.535+0300: 677.240: [GC (Allocation Failure) 2024-10-07T16:25:24.535+0300: 677.240: [ParNew: 281201K->1585K(314560K), 0.0008488 secs] 285521K->5905K(1013632K), 0.0009119 secs] [Times: user=0.00 sys=0.00, real=0.00 secs] 
2024-10-07T16:25:24.535+0300: 677.241: Total time for which application threads were stopped: 0.0011047 seconds, Stopping threads took: 0.0000811 seconds
2024-10-07T16:25:25.507+0300: 678.216: Application time: 0.9745826 seconds
2024-10-07T16:25:25.507+0300: 678.216: [GC (Allocation Failure) 2024-10-07T16:25:25.507+0300: 678.216: [ParNew: 281201K->1497K(314560K), 0.0008422 secs] 285521K->5817K(1013632K), 0.0008930 secs] [Times: user=0.00 sys=0.00, real=0.00 secs] 
2024-10-07T16:25:25.507+0300: 678.217: Total time for which application threads were stopped: 0.0011282 seconds, Stopping threads took: 0.0001293 seconds
2024-10-07T16:25:26.465+0300: 679.167: Application time: 0.9498366 seconds
2024-10-07T16:25:26.465+0300: 679.167: [GC (Allocation Failure) 2024-10-07T16:25:26.465+0300: 679.167: [ParNew: 281113K->1580K(314560K), 0.0009191 secs] 285433K->5901K(1013632K), 0.0009766 secs] [Times: user=0.02 sys=0.00, real=0.00 secs] 
2024-10-07T16:25:26.465+0300: 679.168: Total time for which application threads were stopped: 0.0012018 seconds, Stopping threads took: 0.0001342 seconds
2024-10-07T16:25:27.405+0300: 680.105: Application time: 0.9367486 seconds
2024-10-07T16:25:27.405+0300: 680.105: [GC (Allocation Failure) 2024-10-07T16:25:27.405+0300: 680.105: [ParNew: 281196K->1528K(314560K), 0.0008318 secs] 285517K->5849K(1013632K), 0.0008934 secs] [Times: user=0.00 sys=0.00, real=0.00 secs] 
2024-10-07T16:25:27.405+0300: 680.106: Total time for which application threads were stopped: 0.0014574 seconds, Stopping threads took: 0.0004654 seconds
2024-10-07T16:25:28.361+0300: 681.059: Application time: 0.9523936 seconds
2024-10-07T16:25:28.361+0300: 681.059: [GC (Allocation Failure) 2024-10-07T16:25:28.361+0300: 681.059: [ParNew: 281144K->1611K(314560K), 0.0009767 secs] 285465K->5933K(1013632K), 0.0010533 secs] [Times: user=0.00 sys=0.00, real=0.00 secs] 
2024-10-07T16:25:28.361+0300: 681.060: Total time for which application threads were stopped: 0.0012840 seconds, Stopping threads took: 0.0001155 seconds
2024-10-07T16:25:29.286+0300: 681.990: Application time: 0.9304057 seconds
2024-10-07T16:25:29.286+0300: 681.991: [GC (Allocation Failure) 2024-10-07T16:25:29.286+0300: 681.991: [ParNew: 281227K->1504K(314560K), 0.0008420 secs] 285549K->5826K(1013632K), 0.0008930 secs] [Times: user=0.00 sys=0.00, real=0.00 secs] 
2024-10-07T16:25:29.286+0300: 681.992: Total time for which application threads were stopped: 0.0011600 seconds, Stopping threads took: 0.0001656 seconds
2024-10-07T16:25:30.244+0300: 682.942: Application time: 0.9506911 seconds
2024-10-07T16:25:30.244+0300: 682.942: [GC (Allocation Failure) 2024-10-07T16:25:30.244+0300: 682.942: [ParNew: 281120K->1409K(314560K), 0.0009250 secs] 285442K->5732K(1013632K), 0.0009778 secs] [Times: user=0.00 sys=0.00, real=0.00 secs] 
2024-10-07T16:25:30.244+0300: 682.943: Total time for which application threads were stopped: 0.0012259 seconds, Stopping threads took: 0.0001453 seconds
2024-10-07T16:25:31.185+0300: 683.883: Application time: 0.9391976 seconds
2024-10-07T16:25:31.185+0300: 683.883: [GC (Allocation Failure) 2024-10-07T16:25:31.185+0300: 683.883: [ParNew: 281025K->1580K(314560K), 0.0009434 secs] 285348K->5903K(1013632K), 0.0009958 secs] [Times: user=0.00 sys=0.00, real=0.00 secs] 
2024-10-07T16:25:31.185+0300: 683.884: Total time for which application threads were stopped: 0.0012359 seconds, Stopping threads took: 0.0001395 seconds
2024-10-07T16:25:32.143+0300: 684.844: Application time: 0.9598636 seconds
2024-10-07T16:25:32.143+0300: 684.844: [GC (Allocation Failure) 2024-10-07T16:25:32.143+0300: 684.844: [ParNew: 281196K->1682K(314560K), 0.0010866 secs] 285519K->6005K(1013632K), 0.0011431 secs] [Times: user=0.02 sys=0.00, real=0.00 secs] 
2024-10-07T16:25:32.143+0300: 684.845: Total time for which application threads were stopped: 0.0014485 seconds, Stopping threads took: 0.0001928 seconds
2024-10-07T16:25:33.099+0300: 685.795: Application time: 0.9495039 seconds
2024-10-07T16:25:33.099+0300: 685.795: [GC (Allocation Failure) 2024-10-07T16:25:33.099+0300: 685.795: [ParNew: 281298K->1565K(314560K), 0.0008686 secs] 285621K->5888K(1013632K), 0.0009321 secs] [Times: user=0.00 sys=0.00, real=0.00 secs] 
2024-10-07T16:25:33.099+0300: 685.796: Total time for which application threads were stopped: 0.0011934 seconds, Stopping threads took: 0.0001233 seconds
2024-10-07T16:25:34.024+0300: 686.729: Application time: 0.9334355 seconds
2024-10-07T16:25:34.024+0300: 686.730: [GC (Allocation Failure) 2024-10-07T16:25:34.024+0300: 686.730: [ParNew: 281181K->1546K(314560K), 0.0009152 secs] 285504K->5870K(1013632K), 0.0009647 secs] [Times: user=0.00 sys=0.00, real=0.00 secs] 
2024-10-07T16:25:34.024+0300: 686.731: Total time for which application threads were stopped: 0.0011905 seconds, Stopping threads took: 0.0001314 seconds
2024-10-07T16:25:34.982+0300: 687.686: Application time: 0.9553350 seconds
2024-10-07T16:25:34.982+0300: 687.686: [GC (Allocation Failure) 2024-10-07T16:25:34.982+0300: 687.686: [ParNew: 281162K->1532K(314560K), 0.0008796 secs] 285486K->5856K(1013632K), 0.0009377 secs] [Times: user=0.00 sys=0.00, real=0.00 secs] 
2024-10-07T16:25:34.982+0300: 687.687: Total time for which application threads were stopped: 0.0012647 seconds, Stopping threads took: 0.0002197 seconds
2024-10-07T16:25:35.939+0300: 688.642: Application time: 0.9548841 seconds
2024-10-07T16:25:35.939+0300: 688.642: [GC (Allocation Failure) 2024-10-07T16:25:35.939+0300: 688.642: [ParNew: 281148K->1706K(314560K), 0.0008185 secs] 285472K->6030K(1013632K), 0.0008656 secs] [Times: user=0.00 sys=0.00, real=0.00 secs] 
2024-10-07T16:25:35.939+0300: 688.643: Total time for which application threads were stopped: 0.0010633 seconds, Stopping threads took: 0.0001095 seconds
2024-10-07T16:25:36.880+0300: 689.578: Application time: 0.9348123 seconds
2024-10-07T16:25:36.880+0300: 689.578: [GC (Allocation Failure) 2024-10-07T16:25:36.880+0300: 689.578: [ParNew: 281322K->1426K(314560K), 0.0008688 secs] 285646K->5752K(1013632K), 0.0009143 secs] [Times: user=0.00 sys=0.00, real=0.00 secs] 
2024-10-07T16:25:36.880+0300: 689.579: Total time for which application threads were stopped: 0.0011375 seconds, Stopping threads took: 0.0001357 seconds
2024-10-07T16:25:37.823+0300: 690.529: Application time: 0.9499134 seconds
2024-10-07T16:25:37.823+0300: 690.529: [GC (Allocation Failure) 2024-10-07T16:25:37.823+0300: 690.529: [ParNew: 281042K->1587K(314560K), 0.0008722 secs] 285368K->5912K(1013632K), 0.0009221 secs] [Times: user=0.00 sys=0.00, real=0.00 secs] 
2024-10-07T16:25:37.823+0300: 690.530: Total time for which application threads were stopped: 0.0011355 seconds, Stopping threads took: 0.0001231 seconds
2024-10-07T16:25:38.764+0300: 691.473: Application time: 0.9430549 seconds
2024-10-07T16:25:38.764+0300: 691.473: [GC (Allocation Failure) 2024-10-07T16:25:38.764+0300: 691.473: [ParNew: 281203K->1591K(314560K), 0.0009966 secs] 285528K->5916K(1013632K), 0.0010530 secs] [Times: user=0.02 sys=0.00, real=0.02 secs] 
2024-10-07T16:25:38.779+0300: 691.474: Total time for which application threads were stopped: 0.0013473 seconds, Stopping threads took: 0.0001969 seconds
2024-10-07T16:25:39.721+0300: 692.425: Application time: 0.9506021 seconds
2024-10-07T16:25:39.721+0300: 692.425: [GC (Allocation Failure) 2024-10-07T16:25:39.721+0300: 692.425: [ParNew: 281207K->1607K(314560K), 0.0009476 secs] 285532K->5933K(1013632K), 0.0010003 secs] [Times: user=0.00 sys=0.00, real=0.00 secs] 
2024-10-07T16:25:39.721+0300: 692.426: Total time for which application threads were stopped: 0.0012080 seconds, Stopping threads took: 0.0001164 seconds
2024-10-07T16:25:40.662+0300: 693.370: Application time: 0.9437012 seconds
2024-10-07T16:25:40.662+0300: 693.370: [GC (Allocation Failure) 2024-10-07T16:25:40.662+0300: 693.370: [ParNew: 281223K->1375K(314560K), 0.0008339 secs] 285549K->5701K(1013632K), 0.0008778 secs] [Times: user=0.00 sys=0.00, real=0.00 secs] 
2024-10-07T16:25:40.662+0300: 693.371: Total time for which application threads were stopped: 0.0011159 seconds, Stopping threads took: 0.0001309 seconds
2024-10-07T16:25:41.604+0300: 694.303: Application time: 0.9315894 seconds
2024-10-07T16:25:41.604+0300: 694.303: [GC (Allocation Failure) 2024-10-07T16:25:41.604+0300: 694.303: [ParNew: 280991K->1586K(314560K), 0.0010549 secs] 285317K->5913K(1013632K), 0.0011153 secs] [Times: user=0.00 sys=0.00, real=0.00 secs] 
2024-10-07T16:25:41.604+0300: 694.304: Total time for which application threads were stopped: 0.0013935 seconds, Stopping threads took: 0.0001743 seconds
2024-10-07T16:25:42.561+0300: 695.256: Application time: 0.9519559 seconds
2024-10-07T16:25:42.561+0300: 695.256: [GC (Allocation Failure) 2024-10-07T16:25:42.561+0300: 695.256: [ParNew: 281202K->1497K(314560K), 0.0009058 secs] 285529K->5824K(1013632K), 0.0010966 secs] [Times: user=0.00 sys=0.00, real=0.00 secs] 
2024-10-07T16:25:42.561+0300: 695.257: Total time for which application threads were stopped: 0.0013090 seconds, Stopping threads took: 0.0000790 seconds
2024-10-07T16:25:43.502+0300: 696.198: Application time: 0.9410894 seconds
2024-10-07T16:25:43.502+0300: 696.199: [GC (Allocation Failure) 2024-10-07T16:25:43.502+0300: 696.199: [ParNew: 281113K->1646K(314560K), 0.0008698 secs] 285440K->5974K(1013632K), 0.0009185 secs] [Times: user=0.00 sys=0.00, real=0.00 secs] 
2024-10-07T16:25:43.502+0300: 696.200: Total time for which application threads were stopped: 0.0011542 seconds, Stopping threads took: 0.0001346 seconds
2024-10-07T16:25:44.428+0300: 697.133: Application time: 0.9335732 seconds
2024-10-07T16:25:44.428+0300: 697.133: [GC (Allocation Failure) 2024-10-07T16:25:44.428+0300: 697.133: [ParNew: 281262K->1420K(314560K), 0.0008819 secs] 285590K->5749K(1013632K), 0.0009436 secs] [Times: user=0.00 sys=0.00, real=0.00 secs] 
2024-10-07T16:25:44.428+0300: 697.134: Total time for which application threads were stopped: 0.0011784 seconds, Stopping threads took: 0.0001290 seconds
2024-10-07T16:25:45.369+0300: 698.077: Application time: 0.9427820 seconds
2024-10-07T16:25:45.369+0300: 698.077: [GC (Allocation Failure) 2024-10-07T16:25:45.369+0300: 698.077: [ParNew: 281036K->1500K(314560K), 0.0008015 secs] 285365K->5829K(1013632K), 0.0008498 secs] [Times: user=0.00 sys=0.00, real=0.00 secs] 
2024-10-07T16:25:45.369+0300: 698.078: Total time for which application threads were stopped: 0.0010872 seconds, Stopping threads took: 0.0001466 seconds
2024-10-07T16:25:46.341+0300: 699.046: Application time: 0.9680033 seconds
2024-10-07T16:25:46.341+0300: 699.047: [GC (Allocation Failure) 2024-10-07T16:25:46.341+0300: 699.047: [ParNew: 281116K->1585K(314560K), 0.0007863 secs] 285445K->5914K(1013632K), 0.0008384 secs] [Times: user=0.00 sys=0.00, real=0.00 secs] 
2024-10-07T16:25:46.341+0300: 699.047: Total time for which application threads were stopped: 0.0011161 seconds, Stopping threads took: 0.0001816 seconds
2024-10-07T16:25:47.283+0300: 699.984: Application time: 0.9369120 seconds
2024-10-07T16:25:47.283+0300: 699.985: [GC (Allocation Failure) 2024-10-07T16:25:47.283+0300: 699.985: [ParNew: 281201K->1580K(314560K), 0.0009103 secs] 285530K->5909K(1013632K), 0.0009788 secs] [Times: user=0.00 sys=0.00, real=0.00 secs] 
2024-10-07T16:25:47.283+0300: 699.986: Total time for which application threads were stopped: 0.0012532 seconds, Stopping threads took: 0.0001664 seconds
2024-10-07T16:25:48.225+0300: 700.932: Application time: 0.9461414 seconds
2024-10-07T16:25:48.225+0300: 700.932: [GC (Allocation Failure) 2024-10-07T16:25:48.225+0300: 700.932: [ParNew: 281196K->1583K(314560K), 0.0008616 secs] 285525K->5913K(1013632K), 0.0009274 secs] [Times: user=0.00 sys=0.00, real=0.00 secs] 
2024-10-07T16:25:48.225+0300: 700.933: Total time for which application threads were stopped: 0.0011654 seconds, Stopping threads took: 0.0001327 seconds
2024-10-07T16:25:49.151+0300: 701.858: Application time: 0.9252684 seconds
2024-10-07T16:25:49.151+0300: 701.858: [GC (Allocation Failure) 2024-10-07T16:25:49.151+0300: 701.858: [ParNew: 281199K->1585K(314560K), 0.0008445 secs] 285529K->5915K(1013632K), 0.0009036 secs] [Times: user=0.00 sys=0.00, real=0.00 secs] 
2024-10-07T16:25:49.151+0300: 701.859: Total time for which application threads were stopped: 0.0012066 seconds, Stopping threads took: 0.0001844 seconds
2024-10-07T16:25:50.124+0300: 702.828: Application time: 0.9686027 seconds
2024-10-07T16:25:50.124+0300: 702.828: [GC (Allocation Failure) 2024-10-07T16:25:50.124+0300: 702.828: [ParNew: 281201K->1584K(314560K), 0.0008238 secs] 285531K->5915K(1013632K), 0.0008981 secs] [Times: user=0.00 sys=0.00, real=0.00 secs] 
2024-10-07T16:25:50.124+0300: 702.829: Total time for which application threads were stopped: 0.0011853 seconds, Stopping threads took: 0.0001788 seconds
2024-10-07T16:25:51.050+0300: 703.754: Application time: 0.9245465 seconds
2024-10-07T16:25:51.050+0300: 703.754: [GC (Allocation Failure) 2024-10-07T16:25:51.050+0300: 703.754: [ParNew: 281200K->1746K(314560K), 0.0010278 secs] 285531K->6077K(1013632K), 0.0010965 secs] [Times: user=0.00 sys=0.00, real=0.00 secs] 
2024-10-07T16:25:51.050+0300: 703.755: Total time for which application threads were stopped: 0.0013429 seconds, Stopping threads took: 0.0001433 seconds
2024-10-07T16:25:51.992+0300: 704.688: Application time: 0.9330039 seconds
2024-10-07T16:25:51.992+0300: 704.688: [GC (Allocation Failure) 2024-10-07T16:25:51.992+0300: 704.688: [ParNew: 281362K->1464K(314560K), 0.0009027 secs] 285693K->5795K(1013632K), 0.0009579 secs] [Times: user=0.00 sys=0.00, real=0.00 secs] 
2024-10-07T16:25:51.992+0300: 704.689: Total time for which application threads were stopped: 0.0011952 seconds, Stopping threads took: 0.0001185 seconds
2024-10-07T16:25:52.933+0300: 705.638: Application time: 0.9484096 seconds
2024-10-07T16:25:52.933+0300: 705.638: [GC (Allocation Failure) 2024-10-07T16:25:52.933+0300: 705.638: [ParNew: 281080K->1587K(314560K), 0.0010754 secs] 285411K->5919K(1013632K), 0.0011451 secs] [Times: user=0.00 sys=0.00, real=0.00 secs] 
2024-10-07T16:25:52.933+0300: 705.639: Total time for which application threads were stopped: 0.0014077 seconds, Stopping threads took: 0.0001370 seconds
2024-10-07T16:25:53.906+0300: 706.605: Application time: 0.9660438 seconds
2024-10-07T16:25:53.906+0300: 706.605: [GC (Allocation Failure) 2024-10-07T16:25:53.906+0300: 706.605: [ParNew: 281203K->1603K(314560K), 0.0008733 secs] 285535K->5935K(1013632K), 0.0009255 secs] [Times: user=0.00 sys=0.00, real=0.00 secs] 
2024-10-07T16:25:53.906+0300: 706.606: Total time for which application threads were stopped: 0.0011640 seconds, Stopping threads took: 0.0001351 seconds
2024-10-07T16:25:54.832+0300: 707.535: Application time: 0.9287987 seconds
2024-10-07T16:25:54.832+0300: 707.535: [GC (Allocation Failure) 2024-10-07T16:25:54.832+0300: 707.535: [ParNew: 281219K->1466K(314560K), 0.0009058 secs] 285551K->5798K(1013632K), 0.0009782 secs] [Times: user=0.00 sys=0.00, real=0.00 secs] 
2024-10-07T16:25:54.832+0300: 707.536: Total time for which application threads were stopped: 0.0012549 seconds, Stopping threads took: 0.0001523 seconds
2024-10-07T16:25:55.786+0300: 708.483: Application time: 0.9467549 seconds
2024-10-07T16:25:55.786+0300: 708.483: [GC (Allocation Failure) 2024-10-07T16:25:55.786+0300: 708.483: [ParNew: 281082K->1504K(314560K), 0.0009800 secs] 285414K->5836K(1013632K), 0.0010670 secs] [Times: user=0.00 sys=0.00, real=0.00 secs] 
2024-10-07T16:25:55.789+0300: 708.484: Total time for which application threads were stopped: 0.0013749 seconds, Stopping threads took: 0.0001750 seconds
2024-10-07T16:25:56.715+0300: 709.414: Application time: 0.9298844 seconds
2024-10-07T16:25:56.715+0300: 709.415: [GC (Allocation Failure) 2024-10-07T16:25:56.715+0300: 709.415: [ParNew: 281120K->1588K(314560K), 0.0008309 secs] 285452K->5920K(1013632K), 0.0008825 secs] [Times: user=0.00 sys=0.00, real=0.00 secs] 
2024-10-07T16:25:56.715+0300: 709.415: Total time for which application threads were stopped: 0.0011431 seconds, Stopping threads took: 0.0001589 seconds
2024-10-07T16:25:57.671+0300: 710.375: Application time: 0.9590473 seconds
2024-10-07T16:25:57.671+0300: 710.375: [GC (Allocation Failure) 2024-10-07T16:25:57.671+0300: 710.375: [ParNew: 281204K->1673K(314560K), 0.0009062 secs] 285536K->6007K(1013632K), 0.0009573 secs] [Times: user=0.00 sys=0.00, real=0.00 secs] 
2024-10-07T16:25:57.671+0300: 710.376: Total time for which application threads were stopped: 0.0011926 seconds, Stopping threads took: 0.0001266 seconds
2024-10-07T16:25:58.607+0300: 711.307: Application time: 0.9310547 seconds
2024-10-07T16:25:58.607+0300: 711.307: [GC (Allocation Failure) 2024-10-07T16:25:58.607+0300: 711.307: [ParNew: 281289K->1497K(314560K), 0.0009252 secs] 285623K->5831K(1013632K), 0.0010127 secs] [Times: user=0.00 sys=0.00, real=0.01 secs] 
2024-10-07T16:25:58.613+0300: 711.308: Total time for which application threads were stopped: 0.0013310 seconds, Stopping threads took: 0.0001764 seconds
2024-10-07T16:25:59.555+0300: 712.256: Application time: 0.9479797 seconds
2024-10-07T16:25:59.555+0300: 712.256: [GC (Allocation Failure) 2024-10-07T16:25:59.555+0300: 712.256: [ParNew: 281113K->1585K(314560K), 0.0008843 secs] 285447K->5919K(1013632K), 0.0009651 secs] [Times: user=0.00 sys=0.00, real=0.00 secs] 
2024-10-07T16:25:59.555+0300: 712.257: Total time for which application threads were stopped: 0.0012420 seconds, Stopping threads took: 0.0001429 seconds
2024-10-07T16:26:00.496+0300: 713.201: Application time: 0.9434880 seconds
2024-10-07T16:26:00.496+0300: 713.201: [GC (Allocation Failure) 2024-10-07T16:26:00.496+0300: 713.201: [ParNew: 281201K->1580K(314560K), 0.0008667 secs] 285535K->5914K(1013632K), 0.0009269 secs] [Times: user=0.02 sys=0.00, real=0.00 secs] 
2024-10-07T16:26:00.496+0300: 713.202: Total time for which application threads were stopped: 0.0012045 seconds, Stopping threads took: 0.0001597 seconds
2024-10-07T16:26:01.453+0300: 714.156: Application time: 0.9538537 seconds
2024-10-07T16:26:01.453+0300: 714.156: [GC (Allocation Failure) 2024-10-07T16:26:01.453+0300: 714.156: [ParNew: 281196K->1491K(314560K), 0.0008728 secs] 285530K->5825K(1013632K), 0.0009316 secs] [Times: user=0.03 sys=0.00, real=0.00 secs] 
2024-10-07T16:26:01.453+0300: 714.157: Total time for which application threads were stopped: 0.0011608 seconds, Stopping threads took: 0.0001143 seconds
2024-10-07T16:26:02.379+0300: 715.088: Application time: 0.9306514 seconds
2024-10-07T16:26:02.379+0300: 715.088: [GC (Allocation Failure) 2024-10-07T16:26:02.379+0300: 715.088: [ParNew: 281107K->1584K(314560K), 0.0009084 secs] 285441K->5919K(1013632K), 0.0009868 secs] [Times: user=0.00 sys=0.00, real=0.00 secs] 
2024-10-07T16:26:02.379+0300: 715.089: Total time for which application threads were stopped: 0.0013309 seconds, Stopping threads took: 0.0001955 seconds
2024-10-07T16:26:03.321+0300: 716.030: Application time: 0.9405877 seconds
2024-10-07T16:26:03.321+0300: 716.030: [GC (Allocation Failure) 2024-10-07T16:26:03.321+0300: 716.030: [ParNew: 281200K->1579K(314560K), 0.0009119 secs] 285535K->5915K(1013632K), 0.0009934 secs] [Times: user=0.00 sys=0.00, real=0.00 secs] 
2024-10-07T16:26:03.321+0300: 716.031: Total time for which application threads were stopped: 0.0013137 seconds, Stopping threads took: 0.0001842 seconds
2024-10-07T16:26:04.262+0300: 716.966: Application time: 0.9353700 seconds
2024-10-07T16:26:04.262+0300: 716.967: [GC (Allocation Failure) 2024-10-07T16:26:04.262+0300: 716.967: [ParNew: 281195K->1584K(314560K), 0.0009147 secs] 285531K->5920K(1013632K), 0.0009883 secs] [Times: user=0.00 sys=0.00, real=0.00 secs] 
2024-10-07T16:26:04.262+0300: 716.968: Total time for which application threads were stopped: 0.0012666 seconds, Stopping threads took: 0.0001704 seconds
2024-10-07T16:26:05.220+0300: 717.924: Application time: 0.9560644 seconds
2024-10-07T16:26:05.220+0300: 717.924: [GC (Allocation Failure) 2024-10-07T16:26:05.220+0300: 717.924: [ParNew: 281200K->1491K(314560K), 0.0008315 secs] 285536K->5827K(1013632K), 0.0008957 secs] [Times: user=0.00 sys=0.00, real=0.00 secs] 
2024-10-07T16:26:05.220+0300: 717.925: Total time for which application threads were stopped: 0.0011713 seconds, Stopping threads took: 0.0001687 seconds
2024-10-07T16:26:06.145+0300: 718.852: Application time: 0.9269398 seconds
2024-10-07T16:26:06.145+0300: 718.852: [GC (Allocation Failure) 2024-10-07T16:26:06.145+0300: 718.852: [ParNew: 281107K->1672K(314560K), 0.0009925 secs] 285443K->6008K(1013632K), 0.0010608 secs] [Times: user=0.00 sys=0.00, real=0.00 secs] 
2024-10-07T16:26:06.145+0300: 718.853: Total time for which application threads were stopped: 0.0013218 seconds, Stopping threads took: 0.0001591 seconds
2024-10-07T16:26:07.102+0300: 719.799: Application time: 0.9455099 seconds
2024-10-07T16:26:07.102+0300: 719.799: [GC (Allocation Failure) 2024-10-07T16:26:07.102+0300: 719.799: [ParNew: 281288K->1673K(314560K), 0.0008553 secs] 285624K->6010K(1013632K), 0.0009281 secs] [Times: user=0.00 sys=0.00, real=0.00 secs] 
2024-10-07T16:26:07.102+0300: 719.800: Total time for which application threads were stopped: 0.0011780 seconds, Stopping threads took: 0.0001422 seconds
2024-10-07T16:26:08.059+0300: 720.768: Application time: 0.9685638 seconds
2024-10-07T16:26:08.059+0300: 720.769: [GC (Allocation Failure) 2024-10-07T16:26:08.059+0300: 720.769: [ParNew: 281289K->1568K(314560K), 0.0012145 secs] 285626K->5906K(1013632K), 0.0013135 secs] [Times: user=0.02 sys=0.00, real=0.02 secs] 
2024-10-07T16:26:08.075+0300: 720.770: Total time for which application threads were stopped: 0.0016796 seconds, Stopping threads took: 0.0002012 seconds
2024-10-07T16:26:09.001+0300: 721.696: Application time: 0.9262447 seconds
2024-10-07T16:26:09.001+0300: 721.697: [GC (Allocation Failure) 2024-10-07T16:26:09.001+0300: 721.697: [ParNew: 281184K->1587K(314560K), 0.0009499 secs] 285522K->5925K(1013632K), 0.0010184 secs] [Times: user=0.00 sys=0.00, real=0.00 secs] 
2024-10-07T16:26:09.001+0300: 721.698: Total time for which application threads were stopped: 0.0013047 seconds, Stopping threads took: 0.0001501 seconds
2024-10-07T16:26:09.942+0300: 722.646: Application time: 0.9482837 seconds
2024-10-07T16:26:09.942+0300: 722.646: [GC (Allocation Failure) 2024-10-07T16:26:09.942+0300: 722.646: [ParNew: 281203K->1608K(314560K), 0.0010335 secs] 285541K->5946K(1013632K), 0.0011038 secs] [Times: user=0.00 sys=0.00, real=0.00 secs] 
2024-10-07T16:26:09.942+0300: 722.647: Total time for which application threads were stopped: 0.0014034 seconds, Stopping threads took: 0.0001698 seconds
2024-10-07T16:26:10.883+0300: 723.579: Application time: 0.9319368 seconds
2024-10-07T16:26:10.883+0300: 723.579: [GC (Allocation Failure) 2024-10-07T16:26:10.883+0300: 723.579: [ParNew: 281224K->1502K(314560K), 0.0008643 secs] 285562K->5840K(1013632K), 0.0009171 secs] [Times: user=0.00 sys=0.00, real=0.00 secs] 
2024-10-07T16:26:10.883+0300: 723.580: Total time for which application threads were stopped: 0.0011555 seconds, Stopping threads took: 0.0001338 seconds
2024-10-07T16:26:11.825+0300: 724.524: Application time: 0.9436251 seconds
2024-10-07T16:26:11.825+0300: 724.524: [GC (Allocation Failure) 2024-10-07T16:26:11.825+0300: 724.524: [ParNew: 281118K->1587K(314560K), 0.0008412 secs] 285456K->5925K(1013632K), 0.0009018 secs] [Times: user=0.00 sys=0.00, real=0.00 secs] 
2024-10-07T16:26:11.825+0300: 724.525: Total time for which application threads were stopped: 0.0011719 seconds, Stopping threads took: 0.0001617 seconds
2024-10-07T16:26:12.782+0300: 725.477: Application time: 0.9522884 seconds
2024-10-07T16:26:12.782+0300: 725.478: [GC (Allocation Failure) 2024-10-07T16:26:12.782+0300: 725.478: [ParNew: 281203K->1596K(314560K), 0.0010074 secs] 285541K->5935K(1013632K), 0.0011169 secs] [Times: user=0.00 sys=0.00, real=0.00 secs] 
2024-10-07T16:26:12.782+0300: 725.479: Total time for which application threads were stopped: 0.0014182 seconds, Stopping threads took: 0.0001455 seconds
2024-10-07T16:26:13.755+0300: 726.450: Application time: 0.9708492 seconds
2024-10-07T16:26:13.755+0300: 726.450: [GC (Allocation Failure) 2024-10-07T16:26:13.755+0300: 726.450: [ParNew: 281212K->1352K(314560K), 0.0009024 secs] 285551K->5691K(1013632K), 0.0009634 secs] [Times: user=0.01 sys=0.00, real=0.00 secs] 
2024-10-07T16:26:13.755+0300: 726.451: Total time for which application threads were stopped: 0.0012609 seconds, Stopping threads took: 0.0001796 seconds
2024-10-07T16:26:14.720+0300: 727.415: Application time: 0.9638653 seconds
2024-10-07T16:26:14.720+0300: 727.415: [GC (Allocation Failure) 2024-10-07T16:26:14.720+0300: 727.415: [ParNew: 280968K->1579K(314560K), 0.0008495 secs] 285307K->5919K(1013632K), 0.0009068 secs] [Times: user=0.00 sys=0.00, real=0.00 secs] 
2024-10-07T16:26:14.720+0300: 727.416: Total time for which application threads were stopped: 0.0011782 seconds, Stopping threads took: 0.0001554 seconds
2024-10-07T16:26:15.670+0300: 728.377: Application time: 0.9613395 seconds
2024-10-07T16:26:15.670+0300: 728.378: [GC (Allocation Failure) 2024-10-07T16:26:15.670+0300: 728.378: [ParNew: 281195K->1403K(314560K), 0.0008571 secs] 285535K->5743K(1013632K), 0.0009217 secs] [Times: user=0.00 sys=0.00, real=0.00 secs] 
2024-10-07T16:26:15.670+0300: 728.379: Total time for which application threads were stopped: 0.0011568 seconds, Stopping threads took: 0.0001021 seconds
2024-10-07T16:26:16.611+0300: 729.310: Application time: 0.9310378 seconds
2024-10-07T16:26:16.611+0300: 729.310: [GC (Allocation Failure) 2024-10-07T16:26:16.611+0300: 729.310: [ParNew: 281019K->1793K(314560K), 0.0009200 secs] 285359K->6133K(1013632K), 0.0009663 secs] [Times: user=0.00 sys=0.00, real=0.00 secs] 
2024-10-07T16:26:16.611+0300: 729.311: Total time for which application threads were stopped: 0.0012350 seconds, Stopping threads took: 0.0001774 seconds
2024-10-07T16:26:17.562+0300: 730.257: Application time: 0.9460132 seconds
2024-10-07T16:26:17.562+0300: 730.257: [GC (Allocation Failure) 2024-10-07T16:26:17.562+0300: 730.257: [ParNew: 281409K->1468K(314560K), 0.0009599 secs] 285749K->5809K(1013632K), 0.0010061 secs] [Times: user=0.00 sys=0.00, real=0.00 secs] 
2024-10-07T16:26:17.564+0300: 730.258: Total time for which application threads were stopped: 0.0012633 seconds, Stopping threads took: 0.0001696 seconds
2024-10-07T16:26:18.493+0300: 731.193: Application time: 0.9351583 seconds
2024-10-07T16:26:18.493+0300: 731.194: [GC (Allocation Failure) 2024-10-07T16:26:18.493+0300: 731.194: [ParNew: 281084K->1600K(314560K), 0.0009628 secs] 285425K->5941K(1013632K), 0.0010193 secs] [Times: user=0.00 sys=0.00, real=0.00 secs] 
2024-10-07T16:26:18.493+0300: 731.195: Total time for which application threads were stopped: 0.0012667 seconds, Stopping threads took: 0.0001527 seconds
2024-10-07T16:26:19.451+0300: 732.147: Application time: 0.9525777 seconds
2024-10-07T16:26:19.451+0300: 732.147: [GC (Allocation Failure) 2024-10-07T16:26:19.451+0300: 732.147: [ParNew: 281216K->1514K(314560K), 0.0008565 secs] 285557K->5855K(1013632K), 0.0009157 secs] [Times: user=0.00 sys=0.00, real=0.00 secs] 
2024-10-07T16:26:19.451+0300: 732.148: Total time for which application threads were stopped: 0.0012509 seconds, Stopping threads took: 0.0002242 seconds
2024-10-07T16:26:20.392+0300: 733.089: Application time: 0.9403303 seconds
2024-10-07T16:26:20.392+0300: 733.089: [GC (Allocation Failure) 2024-10-07T16:26:20.392+0300: 733.089: [ParNew: 281130K->1421K(314560K), 0.0008518 secs] 285471K->5763K(1013632K), 0.0009248 secs] [Times: user=0.00 sys=0.00, real=0.00 secs] 
2024-10-07T16:26:20.392+0300: 733.090: Total time for which application threads were stopped: 0.0011798 seconds, Stopping threads took: 0.0001528 seconds
2024-10-07T16:26:21.318+0300: 734.023: Application time: 0.9327864 seconds
2024-10-07T16:26:21.318+0300: 734.023: [GC (Allocation Failure) 2024-10-07T16:26:21.318+0300: 734.023: [ParNew: 281037K->1587K(314560K), 0.0008448 secs] 285379K->5929K(1013632K), 0.0009135 secs] [Times: user=0.00 sys=0.00, real=0.00 secs] 
2024-10-07T16:26:21.318+0300: 734.024: Total time for which application threads were stopped: 0.0011701 seconds, Stopping threads took: 0.0001381 seconds
2024-10-07T16:26:22.291+0300: 734.986: Application time: 0.9624348 seconds
2024-10-07T16:26:22.291+0300: 734.987: [GC (Allocation Failure) 2024-10-07T16:26:22.291+0300: 734.987: [ParNew: 281203K->1585K(314560K), 0.0007903 secs] 285545K->5928K(1013632K), 0.0008373 secs] [Times: user=0.00 sys=0.00, real=0.00 secs] 
2024-10-07T16:26:22.291+0300: 734.987: Total time for which application threads were stopped: 0.0010924 seconds, Stopping threads took: 0.0001689 seconds
2024-10-07T16:26:23.236+0300: 735.935: Application time: 0.9472192 seconds
2024-10-07T16:26:23.236+0300: 735.935: [GC (Allocation Failure) 2024-10-07T16:26:23.236+0300: 735.935: [ParNew: 281201K->1496K(314560K), 0.0008934 secs] 285544K->5839K(1013632K), 0.0009440 secs] [Times: user=0.00 sys=0.00, real=0.00 secs] 
2024-10-07T16:26:23.236+0300: 735.936: Total time for which application threads were stopped: 0.0011775 seconds, Stopping threads took: 0.0001424 seconds
2024-10-07T16:26:24.172+0300: 736.868: Application time: 0.9326800 seconds
2024-10-07T16:26:24.172+0300: 736.869: [GC (Allocation Failure) 2024-10-07T16:26:24.172+0300: 736.869: [ParNew: 281112K->1586K(314560K), 0.0008477 secs] 285455K->5929K(1013632K), 0.0009364 secs] [Times: user=0.00 sys=0.00, real=0.00 secs] 
2024-10-07T16:26:24.172+0300: 736.870: Total time for which application threads were stopped: 0.0012770 seconds, Stopping threads took: 0.0001930 seconds
2024-10-07T16:26:25.113+0300: 737.819: Application time: 0.9495125 seconds
2024-10-07T16:26:25.113+0300: 737.820: [GC (Allocation Failure) 2024-10-07T16:26:25.113+0300: 737.820: [ParNew: 281202K->1585K(314560K), 0.0008743 secs] 285545K->5928K(1013632K), 0.0009211 secs] [Times: user=0.00 sys=0.00, real=0.00 secs] 
2024-10-07T16:26:25.113+0300: 737.820: Total time for which application threads were stopped: 0.0011772 seconds, Stopping threads took: 0.0001644 seconds
2024-10-07T16:26:26.041+0300: 738.747: Application time: 0.9269202 seconds
2024-10-07T16:26:26.041+0300: 738.748: [GC (Allocation Failure) 2024-10-07T16:26:26.041+0300: 738.748: [ParNew: 281201K->1497K(314560K), 0.0008112 secs] 285544K->5842K(1013632K), 0.0008743 secs] [Times: user=0.00 sys=0.00, real=0.00 secs] 
2024-10-07T16:26:26.041+0300: 738.749: Total time for which application threads were stopped: 0.0011575 seconds, Stopping threads took: 0.0001714 seconds
2024-10-07T16:26:27.012+0300: 739.716: Application time: 0.9671385 seconds
2024-10-07T16:26:27.012+0300: 739.716: [GC (Allocation Failure) 2024-10-07T16:26:27.012+0300: 739.716: [ParNew: 281113K->1408K(314560K), 0.0008284 secs] 285458K->5752K(1013632K), 0.0008790 secs] [Times: user=0.00 sys=0.00, real=0.00 secs] 
2024-10-07T16:26:27.012+0300: 739.717: Total time for which application threads were stopped: 0.0011203 seconds, Stopping threads took: 0.0001540 seconds
2024-10-07T16:26:27.796+0300: 740.505: Application time: 0.7878899 seconds
2024-10-07T16:26:27.796+0300: 740.505: Total time for which application threads were stopped: 0.0002020 seconds, Stopping threads took: 0.0001324 seconds
2024-10-07T16:26:27.984+0300: 740.693: Application time: 0.1884158 seconds
2024-10-07T16:26:27.984+0300: 740.694: [GC (Allocation Failure) 2024-10-07T16:26:27.984+0300: 740.694: [ParNew: 281024K->1472K(314560K), 0.0008582 secs] 285368K->5817K(1013632K), 0.0009216 secs] [Times: user=0.00 sys=0.00, real=0.00 secs] 
2024-10-07T16:26:27.984+0300: 740.695: Total time for which application threads were stopped: 0.0011902 seconds, Stopping threads took: 0.0001393 seconds
2024-10-07T16:26:28.361+0300: 741.065: Application time: 0.3703009 seconds
2024-10-07T16:26:28.361+0300: 741.065: Total time for which application threads were stopped: 0.0002045 seconds, Stopping threads took: 0.0001317 seconds
2024-10-07T16:26:28.405+0300: 741.100: Application time: 0.0350101 seconds
2024-10-07T16:26:28.405+0300: 741.100: Total time for which application threads were stopped: 0.0001645 seconds, Stopping threads took: 0.0001066 seconds
2024-10-07T16:26:28.446+0300: 741.150: Application time: 0.0495974 seconds
2024-10-07T16:26:28.446+0300: 741.150: Total time for which application threads were stopped: 0.0002198 seconds, Stopping threads took: 0.0001016 seconds
2024-10-07T16:26:28.801+0300: 741.503: Application time: 0.3529293 seconds
2024-10-07T16:26:28.801+0300: 741.503: Total time for which application threads were stopped: 0.0002374 seconds, Stopping threads took: 0.0002139 seconds
2024-10-07T16:26:29.224+0300: 741.929: Application time: 0.4258154 seconds
2024-10-07T16:26:29.224+0300: 741.929: [GC (Allocation Failure) 2024-10-07T16:26:29.224+0300: 741.929: [ParNew: 281088K->1527K(314560K), 0.0007963 secs] 285433K->5872K(1013632K), 0.0008553 secs] [Times: user=0.00 sys=0.00, real=0.00 secs] 
2024-10-07T16:26:29.224+0300: 741.930: Total time for which application threads were stopped: 0.0011167 seconds, Stopping threads took: 0.0001662 seconds
2024-10-07T16:26:30.135+0300: 742.842: Application time: 0.9121899 seconds
2024-10-07T16:26:30.135+0300: 742.843: [GC (Allocation Failure) 2024-10-07T16:26:30.135+0300: 742.843: [ParNew: 281143K->1464K(314560K), 0.0008185 secs] 285488K->5809K(1013632K), 0.0008715 secs] [Times: user=0.00 sys=0.00, real=0.00 secs] 
2024-10-07T16:26:30.135+0300: 742.843: Total time for which application threads were stopped: 0.0010852 seconds, Stopping threads took: 0.0000930 seconds
2024-10-07T16:26:31.076+0300: 743.783: Application time: 0.9391755 seconds
2024-10-07T16:26:31.076+0300: 743.783: [GC (Allocation Failure) 2024-10-07T16:26:31.076+0300: 743.783: [ParNew: 281080K->1609K(314560K), 0.0007796 secs] 285425K->5955K(1013632K), 0.0008261 secs] [Times: user=0.00 sys=0.00, real=0.00 secs] 
2024-10-07T16:26:31.076+0300: 743.784: Total time for which application threads were stopped: 0.0010740 seconds, Stopping threads took: 0.0001564 seconds
2024-10-07T16:26:32.033+0300: 744.736: Application time: 0.9521111 seconds
2024-10-07T16:26:32.033+0300: 744.736: [GC (Allocation Failure) 2024-10-07T16:26:32.033+0300: 744.736: [ParNew: 281225K->1433K(314560K), 0.0008521 secs] 285571K->5780K(1013632K), 0.0008996 secs] [Times: user=0.00 sys=0.00, real=0.00 secs] 
2024-10-07T16:26:32.033+0300: 744.737: Total time for which application threads were stopped: 0.0011501 seconds, Stopping threads took: 0.0001475 seconds
2024-10-07T16:26:33.021+0300: 745.720: Application time: 0.9826745 seconds
2024-10-07T16:26:33.021+0300: 745.720: [GC (Allocation Failure) 2024-10-07T16:26:33.021+0300: 745.720: [ParNew: 281049K->1474K(314560K), 0.0007456 secs] 285396K->5820K(1013632K), 0.0008024 secs] [Times: user=0.00 sys=0.00, real=0.00 secs] 
2024-10-07T16:26:33.021+0300: 745.721: Total time for which application threads were stopped: 0.0010080 seconds, Stopping threads took: 0.0001120 seconds
2024-10-07T16:26:33.963+0300: 746.660: Application time: 0.9389511 seconds
2024-10-07T16:26:33.963+0300: 746.660: [GC (Allocation Failure) 2024-10-07T16:26:33.963+0300: 746.660: [ParNew: 281090K->1648K(314560K), 0.0008602 secs] 285436K->5995K(1013632K), 0.0009186 secs] [Times: user=0.00 sys=0.00, real=0.00 secs] 
2024-10-07T16:26:33.963+0300: 746.661: Total time for which application threads were stopped: 0.0011797 seconds, Stopping threads took: 0.0001201 seconds
2024-10-07T16:26:34.904+0300: 747.609: Application time: 0.9479729 seconds
2024-10-07T16:26:34.904+0300: 747.609: [GC (Allocation Failure) 2024-10-07T16:26:34.904+0300: 747.609: [ParNew: 281264K->1607K(314560K), 0.0008835 secs] 285611K->5960K(1013632K), 0.0009359 secs] [Times: user=0.00 sys=0.00, real=0.00 secs] 
2024-10-07T16:26:34.904+0300: 747.610: Total time for which application threads were stopped: 0.0011858 seconds, Stopping threads took: 0.0001627 seconds
2024-10-07T16:26:35.829+0300: 748.537: Application time: 0.9267916 seconds
2024-10-07T16:26:35.829+0300: 748.537: [GC (Allocation Failure) 2024-10-07T16:26:35.829+0300: 748.537: [ParNew: 281223K->1547K(314560K), 0.0008405 secs] 285576K->5901K(1013632K), 0.0008896 secs] [Times: user=0.00 sys=0.00, real=0.00 secs] 
2024-10-07T16:26:35.829+0300: 748.538: Total time for which application threads were stopped: 0.0011481 seconds, Stopping threads took: 0.0001702 seconds
2024-10-07T16:26:36.771+0300: 749.475: Application time: 0.9376148 seconds
2024-10-07T16:26:36.771+0300: 749.476: [GC (Allocation Failure) 2024-10-07T16:26:36.771+0300: 749.476: [ParNew: 281163K->1576K(314560K), 0.0008498 secs] 285517K->5930K(1013632K), 0.0009163 secs] [Times: user=0.00 sys=0.00, real=0.00 secs] 
2024-10-07T16:26:36.771+0300: 749.477: Total time for which application threads were stopped: 0.0012471 seconds, Stopping threads took: 0.0002111 seconds
2024-10-07T16:26:37.728+0300: 750.424: Application time: 0.9471821 seconds
2024-10-07T16:26:37.728+0300: 750.424: [GC (Allocation Failure) 2024-10-07T16:26:37.728+0300: 750.424: [ParNew: 281192K->1671K(314560K), 0.0008546 secs] 285546K->6025K(1013632K), 0.0009026 secs] [Times: user=0.00 sys=0.00, real=0.00 secs] 
2024-10-07T16:26:37.728+0300: 750.425: Total time for which application threads were stopped: 0.0011789 seconds, Stopping threads took: 0.0001763 seconds
2024-10-07T16:26:38.670+0300: 751.369: Application time: 0.9442861 seconds
2024-10-07T16:26:38.670+0300: 751.370: [GC (Allocation Failure) 2024-10-07T16:26:38.670+0300: 751.370: [ParNew: 281287K->1584K(314560K), 0.0007777 secs] 285641K->5938K(1013632K), 0.0008291 secs] [Times: user=0.02 sys=0.00, real=0.00 secs] 
2024-10-07T16:26:38.670+0300: 751.370: Total time for which application threads were stopped: 0.0010532 seconds, Stopping threads took: 0.0001248 seconds
2024-10-07T16:26:39.667+0300: 752.362: Application time: 0.9917656 seconds
2024-10-07T16:26:39.667+0300: 752.362: [GC (Allocation Failure) 2024-10-07T16:26:39.667+0300: 752.362: [ParNew: 281200K->1584K(314560K), 0.0008806 secs] 285554K->5939K(1013632K), 0.0009483 secs] [Times: user=0.00 sys=0.00, real=0.00 secs] 
2024-10-07T16:26:39.667+0300: 752.363: Total time for which application threads were stopped: 0.0011895 seconds, Stopping threads took: 0.0001180 seconds
2024-10-07T16:26:40.646+0300: 753.349: Application time: 0.9860671 seconds
2024-10-07T16:26:40.646+0300: 753.350: [GC (Allocation Failure) 2024-10-07T16:26:40.646+0300: 753.350: [ParNew: 281200K->1579K(314560K), 0.0007898 secs] 285555K->5934K(1013632K), 0.0008409 secs] [Times: user=0.00 sys=0.00, real=0.00 secs] 
2024-10-07T16:26:40.646+0300: 753.351: Total time for which application threads were stopped: 0.0011006 seconds, Stopping threads took: 0.0001557 seconds
2024-10-07T16:26:41.588+0300: 754.293: Application time: 0.9425926 seconds
2024-10-07T16:26:41.588+0300: 754.293: [GC (Allocation Failure) 2024-10-07T16:26:41.588+0300: 754.293: [ParNew: 281195K->1656K(314560K), 0.0010216 secs] 285550K->6011K(1013632K), 0.0010856 secs] [Times: user=0.00 sys=0.00, real=0.00 secs] 
2024-10-07T16:26:41.588+0300: 754.295: Total time for which application threads were stopped: 0.0014099 seconds, Stopping threads took: 0.0002199 seconds
2024-10-07T16:26:42.545+0300: 755.243: Application time: 0.9487698 seconds
2024-10-07T16:26:42.545+0300: 755.244: [GC (Allocation Failure) 2024-10-07T16:26:42.545+0300: 755.244: [ParNew: 281272K->1577K(314560K), 0.0009529 secs] 285627K->5932K(1013632K), 0.0010195 secs] [Times: user=0.00 sys=0.00, real=0.00 secs] 
2024-10-07T16:26:42.545+0300: 755.245: Total time for which application threads were stopped: 0.0012806 seconds, Stopping threads took: 0.0001511 seconds
2024-10-07T16:26:43.474+0300: 756.173: Application time: 0.9286608 seconds
2024-10-07T16:26:43.474+0300: 756.173: [GC (Allocation Failure) 2024-10-07T16:26:43.474+0300: 756.174: [ParNew: 281193K->1515K(314560K), 0.0009199 secs] 285548K->5871K(1013632K), 0.0009744 secs] [Times: user=0.00 sys=0.00, real=0.00 secs] 
2024-10-07T16:26:43.474+0300: 756.174: Total time for which application threads were stopped: 0.0011944 seconds, Stopping threads took: 0.0001096 seconds
2024-10-07T16:26:44.396+0300: 757.101: Application time: 0.9262799 seconds
2024-10-07T16:26:44.396+0300: 757.101: [GC (Allocation Failure) 2024-10-07T16:26:44.396+0300: 757.101: [ParNew: 281131K->1680K(314560K), 0.0009721 secs] 285487K->6037K(1013632K), 0.0010347 secs] [Times: user=0.00 sys=0.00, real=0.00 secs] 
2024-10-07T16:26:44.396+0300: 757.102: Total time for which application threads were stopped: 0.0013240 seconds, Stopping threads took: 0.0001728 seconds
2024-10-07T16:26:45.337+0300: 758.039: Application time: 0.9367099 seconds
2024-10-07T16:26:45.337+0300: 758.039: [GC (Allocation Failure) 2024-10-07T16:26:45.337+0300: 758.039: [ParNew: 281296K->1497K(314560K), 0.0008586 secs] 285653K->5854K(1013632K), 0.0009113 secs] [Times: user=0.00 sys=0.00, real=0.00 secs] 
2024-10-07T16:26:45.337+0300: 758.040: Total time for which application threads were stopped: 0.0011341 seconds, Stopping threads took: 0.0001191 seconds
2024-10-07T16:26:46.279+0300: 758.980: Application time: 0.9395822 seconds
2024-10-07T16:26:46.279+0300: 758.980: [GC (Allocation Failure) 2024-10-07T16:26:46.279+0300: 758.980: [ParNew: 281113K->1586K(314560K), 0.0009508 secs] 285470K->5943K(1013632K), 0.0010046 secs] [Times: user=0.00 sys=0.00, real=0.00 secs] 
2024-10-07T16:26:46.279+0300: 758.981: Total time for which application threads were stopped: 0.0012595 seconds, Stopping threads took: 0.0001531 seconds
2024-10-07T16:26:47.267+0300: 759.965: Application time: 0.9844600 seconds
2024-10-07T16:26:47.267+0300: 759.965: [GC (Allocation Failure) 2024-10-07T16:26:47.267+0300: 759.965: [ParNew: 281202K->1579K(314560K), 0.0008753 secs] 285559K->5936K(1013632K), 0.0009309 secs] [Times: user=0.02 sys=0.00, real=0.00 secs] 
2024-10-07T16:26:47.267+0300: 759.966: Total time for which application threads were stopped: 0.0011507 seconds, Stopping threads took: 0.0001085 seconds
2024-10-07T16:26:48.224+0300: 760.926: Application time: 0.9599613 seconds
2024-10-07T16:26:48.224+0300: 760.927: [GC (Allocation Failure) 2024-10-07T16:26:48.224+0300: 760.927: [ParNew: 281195K->1573K(314560K), 0.0008569 secs] 285552K->5931K(1013632K), 0.0009050 secs] [Times: user=0.00 sys=0.00, real=0.00 secs] 
2024-10-07T16:26:48.224+0300: 760.928: Total time for which application threads were stopped: 0.0011394 seconds, Stopping threads took: 0.0001485 seconds
2024-10-07T16:26:49.184+0300: 761.882: Application time: 0.9545084 seconds
2024-10-07T16:26:49.184+0300: 761.882: [GC (Allocation Failure) 2024-10-07T16:26:49.184+0300: 761.882: [ParNew: 281189K->1582K(314560K), 0.0008611 secs] 285547K->5940K(1013632K), 0.0009078 secs] [Times: user=0.00 sys=0.00, real=0.00 secs] 
2024-10-07T16:26:49.184+0300: 761.883: Total time for which application threads were stopped: 0.0011886 seconds, Stopping threads took: 0.0001915 seconds
2024-10-07T16:26:50.121+0300: 762.819: Application time: 0.9353103 seconds
2024-10-07T16:26:50.121+0300: 762.819: [GC (Allocation Failure) 2024-10-07T16:26:50.121+0300: 762.819: [ParNew: 281198K->1574K(314560K), 0.0009065 secs] 285556K->5933K(1013632K), 0.0009663 secs] [Times: user=0.00 sys=0.00, real=0.00 secs] 
2024-10-07T16:26:50.121+0300: 762.820: Total time for which application threads were stopped: 0.0012308 seconds, Stopping threads took: 0.0001298 seconds
2024-10-07T16:26:51.047+0300: 763.750: Application time: 0.9301915 seconds
2024-10-07T16:26:51.047+0300: 763.750: [GC (Allocation Failure) 2024-10-07T16:26:51.047+0300: 763.750: [ParNew: 281190K->1655K(314560K), 0.0009394 secs] 285549K->6014K(1013632K), 0.0010122 secs] [Times: user=0.01 sys=0.00, real=0.00 secs] 
2024-10-07T16:26:51.047+0300: 763.751: Total time for which application threads were stopped: 0.0013041 seconds, Stopping threads took: 0.0001709 seconds
2024-10-07T16:26:51.973+0300: 764.677: Application time: 0.9252910 seconds
2024-10-07T16:26:51.973+0300: 764.677: [GC (Allocation Failure) 2024-10-07T16:26:51.973+0300: 764.677: [ParNew: 281271K->1603K(314560K), 0.0008882 secs] 285630K->5963K(1013632K), 0.0009666 secs] [Times: user=0.00 sys=0.00, real=0.00 secs] 
2024-10-07T16:26:51.973+0300: 764.678: Total time for which application threads were stopped: 0.0012113 seconds, Stopping threads took: 0.0001232 seconds
2024-10-07T16:26:52.914+0300: 765.617: Application time: 0.9397228 seconds
2024-10-07T16:26:52.914+0300: 765.618: [GC (Allocation Failure) 2024-10-07T16:26:52.914+0300: 765.618: [ParNew: 281219K->1589K(314560K), 0.0008025 secs] 285579K->5949K(1013632K), 0.0008536 secs] [Times: user=0.00 sys=0.00, real=0.00 secs] 
2024-10-07T16:26:52.914+0300: 765.619: Total time for which application threads were stopped: 0.0011124 seconds, Stopping threads took: 0.0001554 seconds
2024-10-07T16:26:53.871+0300: 766.575: Application time: 0.9567132 seconds
2024-10-07T16:26:53.871+0300: 766.576: [GC (Allocation Failure) 2024-10-07T16:26:53.871+0300: 766.576: [ParNew: 281205K->1498K(314560K), 0.0007875 secs] 285565K->5858K(1013632K), 0.0008407 secs] [Times: user=0.00 sys=0.00, real=0.00 secs] 
2024-10-07T16:26:53.871+0300: 766.576: Total time for which application threads were stopped: 0.0011232 seconds, Stopping threads took: 0.0001784 seconds
2024-10-07T16:26:54.859+0300: 767.565: Application time: 0.9883433 seconds
2024-10-07T16:26:54.859+0300: 767.565: [GC (Allocation Failure) 2024-10-07T16:26:54.859+0300: 767.565: [ParNew: 281114K->1650K(314560K), 0.0009736 secs] 285474K->6011K(1013632K), 0.0010608 secs] [Times: user=0.00 sys=0.00, real=0.00 secs] 
2024-10-07T16:26:54.859+0300: 767.566: Total time for which application threads were stopped: 0.0013353 seconds, Stopping threads took: 0.0001656 seconds
2024-10-07T16:26:55.800+0300: 768.508: Application time: 0.9420780 seconds
2024-10-07T16:26:55.800+0300: 768.508: [GC (Allocation Failure) 2024-10-07T16:26:55.800+0300: 768.508: [ParNew: 281266K->1686K(314560K), 0.0011662 secs] 285627K->6047K(1013632K), 0.0012275 secs] [Times: user=0.00 sys=0.00, real=0.00 secs] 
2024-10-07T16:26:55.800+0300: 768.510: Total time for which application threads were stopped: 0.0014940 seconds, Stopping threads took: 0.0001460 seconds
2024-10-07T16:26:56.773+0300: 769.471: Application time: 0.9616155 seconds
2024-10-07T16:26:56.773+0300: 769.472: [GC (Allocation Failure) 2024-10-07T16:26:56.773+0300: 769.472: [ParNew: 281302K->1448K(314560K), 0.0009792 secs] 285663K->5809K(1013632K), 0.0010602 secs] [Times: user=0.01 sys=0.00, real=0.00 secs] 
2024-10-07T16:26:56.773+0300: 769.473: Total time for which application threads were stopped: 0.0013251 seconds, Stopping threads took: 0.0001531 seconds
2024-10-07T16:26:57.700+0300: 770.399: Application time: 0.9261867 seconds
2024-10-07T16:26:57.700+0300: 770.399: [GC (Allocation Failure) 2024-10-07T16:26:57.700+0300: 770.399: [ParNew: 281064K->1458K(314560K), 0.0009120 secs] 285425K->5819K(1013632K), 0.0009742 secs] [Times: user=0.00 sys=0.00, real=0.00 secs] 
2024-10-07T16:26:57.700+0300: 770.400: Total time for which application threads were stopped: 0.0012377 seconds, Stopping threads took: 0.0001556 seconds
2024-10-07T16:26:58.624+0300: 771.326: Application time: 0.9260940 seconds
2024-10-07T16:26:58.624+0300: 771.326: [GC (Allocation Failure) 2024-10-07T16:26:58.624+0300: 771.326: [ParNew: 281074K->1469K(314560K), 0.0008429 secs] 285435K->5831K(1013632K), 0.0009345 secs] [Times: user=0.00 sys=0.00, real=0.00 secs] 
2024-10-07T16:26:58.624+0300: 771.327: Total time for which application threads were stopped: 0.0011964 seconds, Stopping threads took: 0.0001257 seconds
2024-10-07T16:26:59.549+0300: 772.259: Application time: 0.9314074 seconds
2024-10-07T16:26:59.549+0300: 772.259: [GC (Allocation Failure) 2024-10-07T16:26:59.549+0300: 772.259: [ParNew: 281085K->1578K(314560K), 0.0009254 secs] 285447K->5940K(1013632K), 0.0009936 secs] [Times: user=0.01 sys=0.00, real=0.02 secs] 
2024-10-07T16:26:59.565+0300: 772.260: Total time for which application threads were stopped: 0.0012393 seconds, Stopping threads took: 0.0001300 seconds
2024-10-07T16:27:00.490+0300: 773.199: Application time: 0.9384802 seconds
2024-10-07T16:27:00.490+0300: 773.199: [GC (Allocation Failure) 2024-10-07T16:27:00.490+0300: 773.199: [ParNew: 281194K->1583K(314560K), 0.0007883 secs] 285556K->5945K(1013632K), 0.0008476 secs] [Times: user=0.00 sys=0.00, real=0.00 secs] 
2024-10-07T16:27:00.490+0300: 773.200: Total time for which application threads were stopped: 0.0010868 seconds, Stopping threads took: 0.0001261 seconds
2024-10-07T16:27:01.448+0300: 774.154: Application time: 0.9545922 seconds
2024-10-07T16:27:01.448+0300: 774.154: [GC (Allocation Failure) 2024-10-07T16:27:01.448+0300: 774.157: [ParNew: 281199K->1585K(314560K), 0.0008366 secs] 285561K->5948K(1013632K), 0.0031222 secs] [Times: user=0.00 sys=0.00, real=0.00 secs] 
2024-10-07T16:27:01.448+0300: 774.158: Total time for which application threads were stopped: 0.0034631 seconds, Stopping threads took: 0.0002310 seconds
2024-10-07T16:27:02.436+0300: 775.141: Application time: 0.9830030 seconds
2024-10-07T16:27:02.436+0300: 775.141: [GC (Allocation Failure) 2024-10-07T16:27:02.436+0300: 775.141: [ParNew: 281201K->1672K(314560K), 0.0009206 secs] 285564K->6035K(1013632K), 0.0009877 secs] [Times: user=0.02 sys=0.00, real=0.00 secs] 
2024-10-07T16:27:02.436+0300: 775.142: Total time for which application threads were stopped: 0.0012557 seconds, Stopping threads took: 0.0001621 seconds
2024-10-07T16:27:03.362+0300: 776.067: Application time: 0.9254288 seconds
2024-10-07T16:27:03.362+0300: 776.068: [GC (Allocation Failure) 2024-10-07T16:27:03.362+0300: 776.068: [ParNew: 281288K->1569K(314560K), 0.0010804 secs] 285651K->5933K(1013632K), 0.0011498 secs] [Times: user=0.00 sys=0.00, real=0.00 secs] 
2024-10-07T16:27:03.362+0300: 776.069: Total time for which application threads were stopped: 0.0014316 seconds, Stopping threads took: 0.0001520 seconds
2024-10-07T16:27:04.335+0300: 777.032: Application time: 0.9636465 seconds
2024-10-07T16:27:04.335+0300: 777.033: [GC (Allocation Failure) 2024-10-07T16:27:04.335+0300: 777.033: [ParNew: 281185K->1528K(314560K), 0.0009566 secs] 285549K->5892K(1013632K), 0.0010244 secs] [Times: user=0.00 sys=0.00, real=0.00 secs] 
2024-10-07T16:27:04.335+0300: 777.034: Total time for which application threads were stopped: 0.0013413 seconds, Stopping threads took: 0.0001867 seconds
2024-10-07T16:27:05.260+0300: 777.957: Application time: 0.9236351 seconds
2024-10-07T16:27:05.260+0300: 777.958: [GC (Allocation Failure) 2024-10-07T16:27:05.260+0300: 777.958: [ParNew: 281144K->1485K(314560K), 0.0008965 secs] 285508K->5850K(1013632K), 0.0009685 secs] [Times: user=0.00 sys=0.00, real=0.00 secs] 
2024-10-07T16:27:05.260+0300: 777.959: Total time for which application threads were stopped: 0.0012105 seconds, Stopping threads took: 0.0001206 seconds
2024-10-07T16:27:06.186+0300: 778.888: Application time: 0.9294038 seconds
2024-10-07T16:27:06.186+0300: 778.888: [GC (Allocation Failure) 2024-10-07T16:27:06.186+0300: 778.888: [ParNew: 281101K->1759K(314560K), 0.0009364 secs] 285466K->6124K(1013632K), 0.0010152 secs] [Times: user=0.00 sys=0.00, real=0.00 secs] 
2024-10-07T16:27:06.186+0300: 778.889: Total time for which application threads were stopped: 0.0012845 seconds, Stopping threads took: 0.0001527 seconds
2024-10-07T16:27:07.118+0300: 779.820: Application time: 0.9306041 seconds
2024-10-07T16:27:07.118+0300: 779.820: [GC (Allocation Failure) 2024-10-07T16:27:07.118+0300: 779.820: [ParNew: 281375K->1524K(314560K), 0.0009386 secs] 285740K->5889K(1013632K), 0.0009933 secs] [Times: user=0.00 sys=0.00, real=0.00 secs] 
2024-10-07T16:27:07.118+0300: 779.821: Total time for which application threads were stopped: 0.0012189 seconds, Stopping threads took: 0.0001278 seconds
2024-10-07T16:27:08.053+0300: 780.756: Application time: 0.9345911 seconds
2024-10-07T16:27:08.053+0300: 780.756: [GC (Allocation Failure) 2024-10-07T16:27:08.053+0300: 780.756: [ParNew: 281140K->1587K(314560K), 0.0009992 secs] 285505K->5953K(1013632K), 0.0010486 secs] [Times: user=0.00 sys=0.00, real=0.00 secs] 
2024-10-07T16:27:08.053+0300: 780.757: Total time for which application threads were stopped: 0.0012716 seconds, Stopping threads took: 0.0001060 seconds
2024-10-07T16:27:09.010+0300: 781.714: Application time: 0.9565508 seconds
2024-10-07T16:27:09.010+0300: 781.714: [GC (Allocation Failure) 2024-10-07T16:27:09.010+0300: 781.714: [ParNew: 281203K->1445K(314560K), 0.0008594 secs] 285569K->5811K(1013632K), 0.0009190 secs] [Times: user=0.01 sys=0.00, real=0.00 secs] 
2024-10-07T16:27:09.010+0300: 781.715: Total time for which application threads were stopped: 0.0011863 seconds, Stopping threads took: 0.0001617 seconds
2024-10-07T16:27:09.983+0300: 782.693: Application time: 0.9781270 seconds
2024-10-07T16:27:09.983+0300: 782.693: [GC (Allocation Failure) 2024-10-07T16:27:09.983+0300: 782.693: [ParNew: 281061K->1549K(314560K), 0.0010113 secs] 285427K->5915K(1013632K), 0.0010814 secs] [Times: user=0.02 sys=0.00, real=0.02 secs] 
2024-10-07T16:27:09.999+0300: 782.694: Total time for which application threads were stopped: 0.0013424 seconds, Stopping threads took: 0.0001532 seconds
2024-10-07T16:27:10.925+0300: 783.631: Application time: 0.9368537 seconds
2024-10-07T16:27:10.925+0300: 783.631: [GC (Allocation Failure) 2024-10-07T16:27:10.925+0300: 783.631: [ParNew: 281165K->1598K(314560K), 0.0009644 secs] 285531K->5965K(1013632K), 0.0010287 secs] [Times: user=0.00 sys=0.00, real=0.00 secs] 
2024-10-07T16:27:10.925+0300: 783.632: Total time for which application threads were stopped: 0.0013140 seconds, Stopping threads took: 0.0001504 seconds
2024-10-07T16:27:11.882+0300: 784.589: Application time: 0.9570611 seconds
2024-10-07T16:27:11.882+0300: 784.590: [GC (Allocation Failure) 2024-10-07T16:27:11.882+0300: 784.590: [ParNew: 281214K->1583K(314560K), 0.0009201 secs] 285581K->5950K(1013632K), 0.0009806 secs] [Times: user=0.00 sys=0.00, real=0.00 secs] 
2024-10-07T16:27:11.882+0300: 784.591: Total time for which application threads were stopped: 0.0012757 seconds, Stopping threads took: 0.0001947 seconds
2024-10-07T16:27:12.823+0300: 785.519: Application time: 0.9283214 seconds
2024-10-07T16:27:12.823+0300: 785.519: [GC (Allocation Failure) 2024-10-07T16:27:12.823+0300: 785.519: [ParNew: 281199K->1674K(314560K), 0.0008847 secs] 285566K->6042K(1013632K), 0.0009377 secs] [Times: user=0.00 sys=0.00, real=0.00 secs] 
2024-10-07T16:27:12.823+0300: 785.520: Total time for which application threads were stopped: 0.0011895 seconds, Stopping threads took: 0.0001551 seconds
2024-10-07T16:27:13.780+0300: 786.486: Application time: 0.9659840 seconds
2024-10-07T16:27:13.780+0300: 786.486: [GC (Allocation Failure) 2024-10-07T16:27:13.780+0300: 786.487: [ParNew: 281290K->1586K(314560K), 0.0008912 secs] 285658K->5954K(1013632K), 0.0009691 secs] [Times: user=0.00 sys=0.00, real=0.00 secs] 
2024-10-07T16:27:13.780+0300: 786.488: Total time for which application threads were stopped: 0.0012597 seconds, Stopping threads took: 0.0001505 seconds
2024-10-07T16:27:14.732+0300: 787.431: Application time: 0.9435781 seconds
2024-10-07T16:27:14.732+0300: 787.431: [GC (Allocation Failure) 2024-10-07T16:27:14.732+0300: 787.431: [ParNew: 281202K->1674K(314560K), 0.0008623 secs] 285570K->6042K(1013632K), 0.0009279 secs] [Times: user=0.00 sys=0.00, real=0.00 secs] 
2024-10-07T16:27:14.732+0300: 787.432: Total time for which application threads were stopped: 0.0011958 seconds, Stopping threads took: 0.0001478 seconds
2024-10-07T16:27:15.664+0300: 788.370: Application time: 0.9380161 seconds
2024-10-07T16:27:15.664+0300: 788.371: [GC (Allocation Failure) 2024-10-07T16:27:15.664+0300: 788.371: [ParNew: 281290K->1497K(314560K), 0.0009026 secs] 285658K->5866K(1013632K), 0.0009679 secs] [Times: user=0.00 sys=0.00, real=0.00 secs] 
2024-10-07T16:27:15.664+0300: 788.372: Total time for which application threads were stopped: 0.0012499 seconds, Stopping threads took: 0.0001535 seconds
2024-10-07T16:27:16.653+0300: 789.349: Application time: 0.9772330 seconds
2024-10-07T16:27:16.653+0300: 789.349: [GC (Allocation Failure) 2024-10-07T16:27:16.653+0300: 789.349: [ParNew: 281113K->1585K(314560K), 0.0007556 secs] 285482K->5953K(1013632K), 0.0008160 secs] [Times: user=0.00 sys=0.00, real=0.00 secs] 
2024-10-07T16:27:16.653+0300: 789.350: Total time for which application threads were stopped: 0.0010532 seconds, Stopping threads took: 0.0001381 seconds
2024-10-07T16:27:17.610+0300: 790.316: Application time: 0.9658555 seconds
2024-10-07T16:27:17.610+0300: 790.316: [GC (Allocation Failure) 2024-10-07T16:27:17.610+0300: 790.316: [ParNew: 281201K->1585K(314560K), 0.0008325 secs] 285569K->5954K(1013632K), 0.0009059 secs] [Times: user=0.00 sys=0.00, real=0.00 secs] 
2024-10-07T16:27:17.610+0300: 790.317: Total time for which application threads were stopped: 0.0011351 seconds, Stopping threads took: 0.0001119 seconds
2024-10-07T16:27:18.568+0300: 791.276: Application time: 0.9595368 seconds
2024-10-07T16:27:18.568+0300: 791.277: [GC (Allocation Failure) 2024-10-07T16:27:18.568+0300: 791.277: [ParNew: 281201K->1585K(314560K), 0.0008762 secs] 285570K->5955K(1013632K), 0.0009624 secs] [Times: user=0.00 sys=0.00, real=0.00 secs] 
2024-10-07T16:27:18.568+0300: 791.278: Total time for which application threads were stopped: 0.0012650 seconds, Stopping threads took: 0.0001791 seconds
2024-10-07T16:27:19.525+0300: 792.223: Application time: 0.9456985 seconds
2024-10-07T16:27:19.525+0300: 792.224: [GC (Allocation Failure) 2024-10-07T16:27:19.525+0300: 792.224: [ParNew: 281201K->1497K(314560K), 0.0007937 secs] 285571K->5867K(1013632K), 0.0008586 secs] [Times: user=0.00 sys=0.00, real=0.00 secs] 
2024-10-07T16:27:19.525+0300: 792.224: Total time for which application threads were stopped: 0.0010950 seconds, Stopping threads took: 0.0001315 seconds
2024-10-07T16:27:20.451+0300: 793.151: Application time: 0.9269631 seconds
2024-10-07T16:27:20.451+0300: 793.152: [GC (Allocation Failure) 2024-10-07T16:27:20.451+0300: 793.152: [ParNew: 281113K->1586K(314560K), 0.0007975 secs] 285483K->5957K(1013632K), 0.0008554 secs] [Times: user=0.00 sys=0.00, real=0.00 secs] 
2024-10-07T16:27:20.451+0300: 793.153: Total time for which application threads were stopped: 0.0011707 seconds, Stopping threads took: 0.0002052 seconds
2024-10-07T16:27:21.377+0300: 794.083: Application time: 0.9304350 seconds
2024-10-07T16:27:21.377+0300: 794.083: [GC (Allocation Failure) 2024-10-07T16:27:21.377+0300: 794.083: [ParNew: 281202K->1586K(314560K), 0.0008492 secs] 285573K->5958K(1013632K), 0.0009272 secs] [Times: user=0.00 sys=0.00, real=0.00 secs] 
2024-10-07T16:27:21.377+0300: 794.084: Total time for which application threads were stopped: 0.0011760 seconds, Stopping threads took: 0.0001171 seconds
2024-10-07T16:27:22.317+0300: 795.022: Application time: 0.9380971 seconds
2024-10-07T16:27:22.317+0300: 795.023: [GC (Allocation Failure) 2024-10-07T16:27:22.317+0300: 795.023: [ParNew: 281202K->1496K(314560K), 0.0008347 secs] 285574K->5868K(1013632K), 0.0009090 secs] [Times: user=0.00 sys=0.00, real=0.00 secs] 
2024-10-07T16:27:22.317+0300: 795.023: Total time for which application threads were stopped: 0.0011823 seconds, Stopping threads took: 0.0001415 seconds
2024-10-07T16:27:23.259+0300: 795.954: Application time: 0.9300447 seconds
2024-10-07T16:27:23.259+0300: 795.954: [GC (Allocation Failure) 2024-10-07T16:27:23.259+0300: 795.954: [ParNew: 281112K->1586K(314560K), 0.0008378 secs] 285484K->5958K(1013632K), 0.0009085 secs] [Times: user=0.05 sys=0.00, real=0.00 secs] 
2024-10-07T16:27:23.259+0300: 795.955: Total time for which application threads were stopped: 0.0012279 seconds, Stopping threads took: 0.0001430 seconds
2024-10-07T16:27:24.248+0300: 796.944: Application time: 0.9888891 seconds
2024-10-07T16:27:24.249+0300: 796.944: [GC (Allocation Failure) 2024-10-07T16:27:24.249+0300: 796.944: [ParNew: 281202K->1584K(314560K), 0.0007735 secs] 285574K->5956K(1013632K), 0.0008412 secs] [Times: user=0.00 sys=0.00, real=0.00 secs] 
2024-10-07T16:27:24.249+0300: 796.945: Total time for which application threads were stopped: 0.0010657 seconds, Stopping threads took: 0.0001106 seconds
2024-10-07T16:27:25.189+0300: 797.886: Application time: 0.9409947 seconds
2024-10-07T16:27:25.189+0300: 797.886: [GC (Allocation Failure) 2024-10-07T16:27:25.189+0300: 797.886: [ParNew: 281200K->1488K(314560K), 0.0009003 secs] 285572K->5860K(1013632K), 0.0009702 secs] [Times: user=0.00 sys=0.00, real=0.00 secs] 
2024-10-07T16:27:25.189+0300: 797.887: Total time for which application threads were stopped: 0.0012482 seconds, Stopping threads took: 0.0001346 seconds
2024-10-07T16:27:26.131+0300: 798.837: Application time: 0.9504859 seconds
2024-10-07T16:27:26.131+0300: 798.838: [GC (Allocation Failure) 2024-10-07T16:27:26.131+0300: 798.838: [ParNew: 281104K->1671K(314560K), 0.0008576 secs] 285476K->6044K(1013632K), 0.0009253 secs] [Times: user=0.00 sys=0.00, real=0.00 secs] 
2024-10-07T16:27:26.131+0300: 798.839: Total time for which application threads were stopped: 0.0011687 seconds, Stopping threads took: 0.0001222 seconds
2024-10-07T16:27:27.073+0300: 799.780: Application time: 0.9408931 seconds
2024-10-07T16:27:27.073+0300: 799.780: [GC (Allocation Failure) 2024-10-07T16:27:27.073+0300: 799.780: [ParNew: 281287K->1667K(314560K), 0.0009754 secs] 285660K->6041K(1013632K), 0.0010416 secs] [Times: user=0.00 sys=0.00, real=0.00 secs] 
2024-10-07T16:27:27.073+0300: 799.781: Total time for which application threads were stopped: 0.0013059 seconds, Stopping threads took: 0.0001452 seconds
2024-10-07T16:27:27.998+0300: 800.706: Application time: 0.9252561 seconds
2024-10-07T16:27:27.998+0300: 800.706: [GC (Allocation Failure) 2024-10-07T16:27:27.998+0300: 800.706: [ParNew: 281283K->1657K(314560K), 0.0008730 secs] 285657K->6031K(1013632K), 0.0009453 secs] [Times: user=0.00 sys=0.00, real=0.00 secs] 
2024-10-07T16:27:27.998+0300: 800.707: Total time for which application threads were stopped: 0.0012550 seconds, Stopping threads took: 0.0001811 seconds
2024-10-07T16:27:28.939+0300: 801.642: Application time: 0.9343467 seconds
2024-10-07T16:27:28.939+0300: 801.642: [GC (Allocation Failure) 2024-10-07T16:27:28.939+0300: 801.642: [ParNew: 281273K->1604K(314560K), 0.0008261 secs] 285647K->5978K(1013632K), 0.0009066 secs] [Times: user=0.02 sys=0.00, real=0.00 secs] 
2024-10-07T16:27:28.939+0300: 801.643: Total time for which application threads were stopped: 0.0011360 seconds, Stopping threads took: 0.0001073 seconds
2024-10-07T16:27:29.881+0300: 802.583: Application time: 0.9399215 seconds
2024-10-07T16:27:29.881+0300: 802.583: [GC (Allocation Failure) 2024-10-07T16:27:29.881+0300: 802.583: [ParNew: 281220K->1589K(314560K), 0.0008203 secs] 285594K->5963K(1013632K), 0.0008701 secs] [Times: user=0.00 sys=0.00, real=0.00 secs] 
2024-10-07T16:27:29.881+0300: 802.584: Total time for which application threads were stopped: 0.0010994 seconds, Stopping threads took: 0.0001282 seconds
2024-10-07T16:27:30.821+0300: 803.523: Application time: 0.9393017 seconds
2024-10-07T16:27:30.821+0300: 803.523: [GC (Allocation Failure) 2024-10-07T16:27:30.821+0300: 803.523: [ParNew: 281205K->1587K(314560K), 0.0008726 secs] 285579K->5961K(1013632K), 0.0009291 secs] [Times: user=0.00 sys=0.00, real=0.00 secs] 
2024-10-07T16:27:30.821+0300: 803.524: Total time for which application threads were stopped: 0.0011778 seconds, Stopping threads took: 0.0001452 seconds
2024-10-07T16:27:31.826+0300: 804.525: Application time: 1.0007395 seconds
2024-10-07T16:27:31.826+0300: 804.525: [GC (Allocation Failure) 2024-10-07T16:27:31.826+0300: 804.525: [ParNew: 281203K->1491K(314560K), 0.0008733 secs] 285577K->5866K(1013632K), 0.0009398 secs] [Times: user=0.00 sys=0.00, real=0.00 secs] 
2024-10-07T16:27:31.826+0300: 804.526: Total time for which application threads were stopped: 0.0011823 seconds, Stopping threads took: 0.0001261 seconds
2024-10-07T16:27:32.768+0300: 805.466: Application time: 0.9396564 seconds
2024-10-07T16:27:32.768+0300: 805.466: [GC (Allocation Failure) 2024-10-07T16:27:32.768+0300: 805.466: [ParNew: 281107K->1491K(314560K), 0.0008500 secs] 285482K->5867K(1013632K), 0.0009186 secs] [Times: user=0.00 sys=0.00, real=0.00 secs] 
2024-10-07T16:27:32.768+0300: 805.467: Total time for which application threads were stopped: 0.0012022 seconds, Stopping threads took: 0.0001555 seconds
2024-10-07T16:27:33.726+0300: 806.427: Application time: 0.9599118 seconds
2024-10-07T16:27:33.726+0300: 806.427: [GC (Allocation Failure) 2024-10-07T16:27:33.726+0300: 806.427: [ParNew: 281107K->1583K(314560K), 0.0008198 secs] 285483K->5959K(1013632K), 0.0008814 secs] [Times: user=0.00 sys=0.00, real=0.00 secs] 
2024-10-07T16:27:33.726+0300: 806.428: Total time for which application threads were stopped: 0.0011501 seconds, Stopping threads took: 0.0001602 seconds
2024-10-07T16:27:34.651+0300: 807.356: Application time: 0.9279353 seconds
2024-10-07T16:27:34.651+0300: 807.356: [GC (Allocation Failure) 2024-10-07T16:27:34.651+0300: 807.356: [ParNew: 281199K->1497K(314560K), 0.0008404 secs] 285575K->5874K(1013632K), 0.0009208 secs] [Times: user=0.00 sys=0.00, real=0.00 secs] 
2024-10-07T16:27:34.651+0300: 807.357: Total time for which application threads were stopped: 0.0012043 seconds, Stopping threads took: 0.0001474 seconds
2024-10-07T16:27:35.578+0300: 808.286: Application time: 0.9283327 seconds
2024-10-07T16:27:35.578+0300: 808.286: [GC (Allocation Failure) 2024-10-07T16:27:35.578+0300: 808.286: [ParNew: 281113K->1586K(314560K), 0.0008713 secs] 285490K->5963K(1013632K), 0.0009490 secs] [Times: user=0.00 sys=0.00, real=0.00 secs] 
2024-10-07T16:27:35.578+0300: 808.287: Total time for which application threads were stopped: 0.0012151 seconds, Stopping threads took: 0.0001393 seconds
2024-10-07T16:27:36.519+0300: 809.219: Application time: 0.9324160 seconds
2024-10-07T16:27:36.519+0300: 809.220: [GC (Allocation Failure) 2024-10-07T16:27:36.519+0300: 809.220: [ParNew: 281202K->1498K(314560K), 0.0008336 secs] 285579K->5875K(1013632K), 0.0008868 secs] [Times: user=0.05 sys=0.00, real=0.00 secs] 
2024-10-07T16:27:36.519+0300: 809.220: Total time for which application threads were stopped: 0.0011270 seconds, Stopping threads took: 0.0001289 seconds
2024-10-07T16:27:37.460+0300: 810.158: Application time: 0.9373540 seconds
2024-10-07T16:27:37.460+0300: 810.158: [GC (Allocation Failure) 2024-10-07T16:27:37.460+0300: 810.158: [ParNew: 281114K->1496K(314560K), 0.0008248 secs] 285491K->5873K(1013632K), 0.0008845 secs] [Times: user=0.03 sys=0.00, real=0.00 secs] 
2024-10-07T16:27:37.460+0300: 810.159: Total time for which application threads were stopped: 0.0011280 seconds, Stopping threads took: 0.0001388 seconds
2024-10-07T16:27:38.402+0300: 811.104: Application time: 0.9451681 seconds
2024-10-07T16:27:38.402+0300: 811.104: [GC (Allocation Failure) 2024-10-07T16:27:38.402+0300: 811.104: [ParNew: 281112K->1369K(314560K), 0.0008434 secs] 285489K->5746K(1013632K), 0.0009104 secs] [Times: user=0.00 sys=0.00, real=0.00 secs] 
2024-10-07T16:27:38.402+0300: 811.105: Total time for which application threads were stopped: 0.0011562 seconds, Stopping threads took: 0.0001268 seconds
2024-10-07T16:27:39.391+0300: 812.090: Application time: 0.9850273 seconds
2024-10-07T16:27:39.391+0300: 812.091: [GC (Allocation Failure) 2024-10-07T16:27:39.391+0300: 812.091: [ParNew: 280985K->1578K(314560K), 0.0010147 secs] 285362K->5956K(1013632K), 0.0010930 secs] [Times: user=0.00 sys=0.00, real=0.00 secs] 
2024-10-07T16:27:39.391+0300: 812.092: Total time for which application threads were stopped: 0.0013666 seconds, Stopping threads took: 0.0001456 seconds
2024-10-07T16:27:40.316+0300: 813.026: Application time: 0.9341841 seconds
2024-10-07T16:27:40.316+0300: 813.026: [GC (Allocation Failure) 2024-10-07T16:27:40.316+0300: 813.026: [ParNew: 281194K->1672K(314560K), 0.0010125 secs] 285572K->6050K(1013632K), 0.0011071 secs] [Times: user=0.02 sys=0.00, real=0.02 secs] 
2024-10-07T16:27:40.332+0300: 813.027: Total time for which application threads were stopped: 0.0014152 seconds, Stopping threads took: 0.0001755 seconds
2024-10-07T16:27:41.281+0300: 813.979: Application time: 0.9520617 seconds
2024-10-07T16:27:41.281+0300: 813.980: [GC (Allocation Failure) 2024-10-07T16:27:41.281+0300: 813.980: [ParNew: 281288K->1579K(314560K), 0.0008634 secs] 285666K->5958K(1013632K), 0.0009726 secs] [Times: user=0.00 sys=0.00, real=0.00 secs] 
2024-10-07T16:27:41.281+0300: 813.981: Total time for which application threads were stopped: 0.0012435 seconds, Stopping threads took: 0.0001035 seconds
2024-10-07T16:27:42.216+0300: 814.911: Application time: 0.9299900 seconds
2024-10-07T16:27:42.216+0300: 814.911: [GC (Allocation Failure) 2024-10-07T16:27:42.216+0300: 814.911: [ParNew: 281195K->1496K(314560K), 0.0008489 secs] 285574K->5876K(1013632K), 0.0009184 secs] [Times: user=0.00 sys=0.00, real=0.00 secs] 
2024-10-07T16:27:42.216+0300: 814.912: Total time for which application threads were stopped: 0.0012027 seconds, Stopping threads took: 0.0001431 seconds
2024-10-07T16:27:43.142+0300: 815.843: Application time: 0.9316929 seconds
2024-10-07T16:27:43.142+0300: 815.844: [GC (Allocation Failure) 2024-10-07T16:27:43.142+0300: 815.844: [ParNew: 281112K->1586K(314560K), 0.0008862 secs] 285492K->5966K(1013632K), 0.0009767 secs] [Times: user=0.02 sys=0.00, real=0.00 secs] 
2024-10-07T16:27:43.142+0300: 815.845: Total time for which application threads were stopped: 0.0012875 seconds, Stopping threads took: 0.0001696 seconds
2024-10-07T16:27:44.084+0300: 816.780: Application time: 0.9354022 seconds
2024-10-07T16:27:44.084+0300: 816.780: [GC (Allocation Failure) 2024-10-07T16:27:44.084+0300: 816.780: [ParNew: 281202K->1586K(314560K), 0.0008722 secs] 285582K->5966K(1013632K), 0.0009507 secs] [Times: user=0.00 sys=0.00, real=0.00 secs] 
2024-10-07T16:27:44.087+0300: 816.781: Total time for which application threads were stopped: 0.0012769 seconds, Stopping threads took: 0.0001878 seconds
2024-10-07T16:27:45.025+0300: 817.728: Application time: 0.9468607 seconds
2024-10-07T16:27:45.025+0300: 817.728: [GC (Allocation Failure) 2024-10-07T16:27:45.025+0300: 817.729: [ParNew: 281202K->1673K(314560K), 0.0008376 secs] 285582K->6053K(1013632K), 0.0009118 secs] [Times: user=0.00 sys=0.00, real=0.00 secs] 
2024-10-07T16:27:45.025+0300: 817.729: Total time for which application threads were stopped: 0.0011430 seconds, Stopping threads took: 0.0001107 seconds
2024-10-07T16:27:45.990+0300: 818.685: Application time: 0.9558227 seconds
2024-10-07T16:27:45.990+0300: 818.685: [GC (Allocation Failure) 2024-10-07T16:27:45.990+0300: 818.686: [ParNew: 281289K->1352K(314560K), 0.0007571 secs] 285669K->5733K(1013632K), 0.0008144 secs] [Times: user=0.00 sys=0.00, real=0.00 secs] 
2024-10-07T16:27:45.990+0300: 818.686: Total time for which application threads were stopped: 0.0010682 seconds, Stopping threads took: 0.0001392 seconds
2024-10-07T16:27:45.990+0300: 818.686: Application time: 0.0000939 seconds
2024-10-07T16:27:45.990+0300: 818.687: Total time for which application threads were stopped: 0.0001236 seconds, Stopping threads took: 0.0000813 seconds
2024-10-07T16:27:46.970+0300: 819.674: Application time: 0.9878625 seconds
2024-10-07T16:27:46.970+0300: 819.675: [GC (Allocation Failure) 2024-10-07T16:27:46.970+0300: 819.675: [ParNew: 280968K->1603K(314560K), 0.0008385 secs] 285349K->5984K(1013632K), 0.0009131 secs] [Times: user=0.00 sys=0.00, real=0.00 secs] 
2024-10-07T16:27:46.970+0300: 819.676: Total time for which application threads were stopped: 0.0011564 seconds, Stopping threads took: 0.0001104 seconds
2024-10-07T16:27:47.927+0300: 820.626: Application time: 0.9507836 seconds
2024-10-07T16:27:47.927+0300: 820.627: [GC (Allocation Failure) 2024-10-07T16:27:47.927+0300: 820.628: [ParNew: 281219K->1521K(314560K), 0.0010436 secs] 285600K->5902K(1013632K), 0.0024698 secs] [Times: user=0.00 sys=0.00, real=0.00 secs] 
2024-10-07T16:27:47.927+0300: 820.629: Total time for which application threads were stopped: 0.0027008 seconds, Stopping threads took: 0.0001068 seconds
2024-10-07T16:27:48.885+0300: 821.588: Application time: 0.9586160 seconds
2024-10-07T16:27:48.885+0300: 821.588: [GC (Allocation Failure) 2024-10-07T16:27:48.885+0300: 821.588: [ParNew: 281137K->1680K(314560K), 0.0007756 secs] 285518K->6062K(1013632K), 0.0008291 secs] [Times: user=0.00 sys=0.00, real=0.00 secs] 
2024-10-07T16:27:48.885+0300: 821.589: Total time for which application threads were stopped: 0.0010591 seconds, Stopping threads took: 0.0001349 seconds
2024-10-07T16:27:49.812+0300: 822.522: Application time: 0.9330180 seconds
2024-10-07T16:27:49.827+0300: 822.522: [GC (Allocation Failure) 2024-10-07T16:27:49.827+0300: 822.522: [ParNew: 281296K->1587K(314560K), 0.0007979 secs] 285678K->5970K(1013632K), 0.0008524 secs] [Times: user=0.00 sys=0.00, real=0.00 secs] 
2024-10-07T16:27:49.827+0300: 822.523: Total time for which application threads were stopped: 0.0010823 seconds, Stopping threads took: 0.0001319 seconds
2024-10-07T16:27:50.753+0300: 823.458: Application time: 0.9355525 seconds
2024-10-07T16:27:50.753+0300: 823.459: [GC (Allocation Failure) 2024-10-07T16:27:50.753+0300: 823.459: [ParNew: 281203K->1586K(314560K), 0.0009365 secs] 285586K->5969K(1013632K), 0.0009886 secs] [Times: user=0.00 sys=0.00, real=0.00 secs] 
2024-10-07T16:27:50.753+0300: 823.460: Total time for which application threads were stopped: 0.0013152 seconds, Stopping threads took: 0.0002299 seconds
2024-10-07T16:27:51.694+0300: 824.394: Application time: 0.9342145 seconds
2024-10-07T16:27:51.694+0300: 824.394: [GC (Allocation Failure) 2024-10-07T16:27:51.694+0300: 824.394: [ParNew: 281202K->1586K(314560K), 0.0009643 secs] 285585K->5969K(1013632K), 0.0010315 secs] [Times: user=0.02 sys=0.00, real=0.01 secs] 
2024-10-07T16:27:51.700+0300: 824.395: Total time for which application threads were stopped: 0.0012945 seconds, Stopping threads took: 0.0001442 seconds
2024-10-07T16:27:52.636+0300: 825.339: Application time: 0.9439344 seconds
2024-10-07T16:27:52.636+0300: 825.339: [GC (Allocation Failure) 2024-10-07T16:27:52.636+0300: 825.339: [ParNew: 281202K->1585K(314560K), 0.0009832 secs] 285585K->5969K(1013632K), 0.0010457 secs] [Times: user=0.00 sys=0.00, real=0.00 secs] 
2024-10-07T16:27:52.636+0300: 825.340: Total time for which application threads were stopped: 0.0012761 seconds, Stopping threads took: 0.0001314 seconds
2024-10-07T16:27:53.603+0300: 826.303: Application time: 0.9621015 seconds
2024-10-07T16:27:53.608+0300: 826.303: [GC (Allocation Failure) 2024-10-07T16:27:53.608+0300: 826.303: [ParNew: 281201K->1584K(314560K), 0.0009590 secs] 285585K->5968K(1013632K), 0.0010258 secs] [Times: user=0.00 sys=0.00, real=0.00 secs] 
2024-10-07T16:27:53.608+0300: 826.304: Total time for which application threads were stopped: 0.0012801 seconds, Stopping threads took: 0.0001341 seconds
2024-10-07T16:27:54.581+0300: 827.279: Application time: 0.9749850 seconds
2024-10-07T16:27:54.581+0300: 827.279: [GC (Allocation Failure) 2024-10-07T16:27:54.581+0300: 827.279: [ParNew: 281200K->1574K(314560K), 0.0009476 secs] 285584K->5958K(1013632K), 0.0010080 secs] [Times: user=0.00 sys=0.00, real=0.00 secs] 
2024-10-07T16:27:54.581+0300: 827.280: Total time for which application threads were stopped: 0.0012634 seconds, Stopping threads took: 0.0001352 seconds
2024-10-07T16:27:55.539+0300: 828.241: Application time: 0.9612875 seconds
2024-10-07T16:27:55.539+0300: 828.242: [GC (Allocation Failure) 2024-10-07T16:27:55.539+0300: 828.242: [ParNew: 281190K->1670K(314560K), 0.0008662 secs] 285574K->6054K(1013632K), 0.0009226 secs] [Times: user=0.00 sys=0.00, real=0.00 secs] 
2024-10-07T16:27:55.539+0300: 828.243: Total time for which application threads were stopped: 0.0011664 seconds, Stopping threads took: 0.0001225 seconds
2024-10-07T16:27:56.465+0300: 829.169: Application time: 0.9262861 seconds
2024-10-07T16:27:56.465+0300: 829.169: [GC (Allocation Failure) 2024-10-07T16:27:56.465+0300: 829.169: [ParNew: 281286K->1585K(314560K), 0.0009478 secs] 285670K->5970K(1013632K), 0.0010044 secs] [Times: user=0.00 sys=0.00, real=0.00 secs] 
2024-10-07T16:27:56.465+0300: 829.170: Total time for which application threads were stopped: 0.0012332 seconds, Stopping threads took: 0.0001287 seconds
2024-10-07T16:27:57.391+0300: 830.093: Application time: 0.9230609 seconds
2024-10-07T16:27:57.391+0300: 830.093: [GC (Allocation Failure) 2024-10-07T16:27:57.391+0300: 830.093: [ParNew: 281201K->1498K(314560K), 0.0009918 secs] 285586K->5883K(1013632K), 0.0010575 secs] [Times: user=0.00 sys=0.00, real=0.00 secs] 
2024-10-07T16:27:57.391+0300: 830.094: Total time for which application threads were stopped: 0.0013216 seconds, Stopping threads took: 0.0001444 seconds
2024-10-07T16:27:58.316+0300: 831.022: Application time: 0.9280200 seconds
2024-10-07T16:27:58.316+0300: 831.023: [GC (Allocation Failure) 2024-10-07T16:27:58.316+0300: 831.023: [ParNew: 281114K->1586K(314560K), 0.0009700 secs] 285499K->5972K(1013632K), 0.0010482 secs] [Times: user=0.00 sys=0.00, real=0.00 secs] 
2024-10-07T16:27:58.316+0300: 831.024: Total time for which application threads were stopped: 0.0012939 seconds, Stopping threads took: 0.0001343 seconds
2024-10-07T16:27:59.274+0300: 831.968: Application time: 0.9446596 seconds
2024-10-07T16:27:59.274+0300: 831.969: [GC (Allocation Failure) 2024-10-07T16:27:59.274+0300: 831.969: [ParNew: 281202K->1584K(314560K), 0.0008428 secs] 285588K->5970K(1013632K), 0.0008948 secs] [Times: user=0.00 sys=0.00, real=0.00 secs] 
2024-10-07T16:27:59.274+0300: 831.970: Total time for which application threads were stopped: 0.0011572 seconds, Stopping threads took: 0.0001690 seconds
2024-10-07T16:28:00.199+0300: 832.907: Application time: 0.9375904 seconds
2024-10-07T16:28:00.199+0300: 832.907: [GC (Allocation Failure) 2024-10-07T16:28:00.215+0300: 832.910: [ParNew: 281200K->1586K(314560K), 0.0009274 secs] 285586K->5972K(1013632K), 0.0032490 secs] [Times: user=0.00 sys=0.00, real=0.02 secs] 
2024-10-07T16:28:00.216+0300: 832.911: Total time for which application threads were stopped: 0.0035639 seconds, Stopping threads took: 0.0001334 seconds
2024-10-07T16:28:01.212+0300: 833.907: Application time: 0.9962076 seconds
2024-10-07T16:28:01.212+0300: 833.907: [GC (Allocation Failure) 2024-10-07T16:28:01.212+0300: 833.907: [ParNew: 281202K->1761K(314560K), 0.0010468 secs] 285588K->6147K(1013632K), 0.0010909 secs] [Times: user=0.02 sys=0.00, real=0.00 secs] 
2024-10-07T16:28:01.213+0300: 833.908: Total time for which application threads were stopped: 0.0013651 seconds, Stopping threads took: 0.0001501 seconds
2024-10-07T16:28:02.161+0300: 834.865: Application time: 0.9569757 seconds
2024-10-07T16:28:02.161+0300: 834.866: [GC (Allocation Failure) 2024-10-07T16:28:02.161+0300: 834.866: [ParNew: 281377K->1504K(314560K), 0.0010656 secs] 285763K->5891K(1013632K), 0.0011287 secs] [Times: user=0.02 sys=0.00, real=0.01 secs] 
2024-10-07T16:28:02.172+0300: 834.867: Total time for which application threads were stopped: 0.0013753 seconds, Stopping threads took: 0.0001432 seconds
2024-10-07T16:28:03.103+0300: 835.809: Application time: 0.9424294 seconds
2024-10-07T16:28:03.103+0300: 835.809: [GC (Allocation Failure) 2024-10-07T16:28:03.103+0300: 835.809: [ParNew: 281120K->1502K(314560K), 0.0009098 secs] 285507K->5890K(1013632K), 0.0009586 secs] [Times: user=0.00 sys=0.00, real=0.00 secs] 
2024-10-07T16:28:03.103+0300: 835.810: Total time for which application threads were stopped: 0.0011736 seconds, Stopping threads took: 0.0001250 seconds
2024-10-07T16:28:04.031+0300: 836.734: Application time: 0.9236060 seconds
2024-10-07T16:28:04.031+0300: 836.734: [GC (Allocation Failure) 2024-10-07T16:28:04.031+0300: 836.734: [ParNew: 281118K->1639K(314560K), 0.0008474 secs] 285506K->6027K(1013632K), 0.0009042 secs] [Times: user=0.00 sys=0.00, real=0.01 secs] 
2024-10-07T16:28:04.040+0300: 836.735: Total time for which application threads were stopped: 0.0011315 seconds, Stopping threads took: 0.0001305 seconds
2024-10-07T16:28:04.956+0300: 837.664: Application time: 0.9290879 seconds
2024-10-07T16:28:04.956+0300: 837.664: [GC (Allocation Failure) 2024-10-07T16:28:04.956+0300: 837.664: [ParNew: 281255K->1753K(314560K), 0.0010561 secs] 285643K->6141K(1013632K), 0.0011539 secs] [Times: user=0.00 sys=0.00, real=0.00 secs] 
2024-10-07T16:28:04.956+0300: 837.666: Total time for which application threads were stopped: 0.0014214 seconds, Stopping threads took: 0.0001629 seconds
2024-10-07T16:28:05.897+0300: 838.596: Application time: 0.9300846 seconds
2024-10-07T16:28:05.897+0300: 838.596: [GC (Allocation Failure) 2024-10-07T16:28:05.897+0300: 838.596: [ParNew: 281369K->1491K(314560K), 0.0011389 secs] 285757K->5880K(1013632K), 0.0012158 secs] [Times: user=0.00 sys=0.00, real=0.00 secs] 
2024-10-07T16:28:05.897+0300: 838.597: Total time for which application threads were stopped: 0.0014688 seconds, Stopping threads took: 0.0001294 seconds
2024-10-07T16:28:06.839+0300: 839.534: Application time: 0.9367370 seconds
2024-10-07T16:28:06.839+0300: 839.534: [GC (Allocation Failure) 2024-10-07T16:28:06.839+0300: 839.534: [ParNew: 281107K->1556K(314560K), 0.0008333 secs] 285496K->5944K(1013632K), 0.0008906 secs] [Times: user=0.00 sys=0.00, real=0.00 secs] 
2024-10-07T16:28:06.839+0300: 839.535: Total time for which application threads were stopped: 0.0011236 seconds, Stopping threads took: 0.0001295 seconds
2024-10-07T16:28:07.765+0300: 840.473: Application time: 0.9379703 seconds
2024-10-07T16:28:07.765+0300: 840.473: [GC (Allocation Failure) 2024-10-07T16:28:07.765+0300: 840.473: [ParNew: 281172K->1703K(314560K), 0.0009362 secs] 285560K->6092K(1013632K), 0.0010108 secs] [Times: user=0.00 sys=0.00, real=0.00 secs] 
2024-10-07T16:28:07.765+0300: 840.474: Total time for which application threads were stopped: 0.0013316 seconds, Stopping threads took: 0.0001829 seconds
2024-10-07T16:28:08.768+0300: 841.476: Application time: 1.0013239 seconds
2024-10-07T16:28:08.768+0300: 841.476: [GC (Allocation Failure) 2024-10-07T16:28:08.768+0300: 841.476: [ParNew: 281319K->1521K(314560K), 0.0009276 secs] 285708K->5910K(1013632K), 0.0010027 secs] [Times: user=0.00 sys=0.00, real=0.00 secs] 
2024-10-07T16:28:08.768+0300: 841.477: Total time for which application threads were stopped: 0.0013216 seconds, Stopping threads took: 0.0001681 seconds
2024-10-07T16:28:09.725+0300: 842.421: Application time: 0.9443370 seconds
2024-10-07T16:28:09.725+0300: 842.421: [GC (Allocation Failure) 2024-10-07T16:28:09.725+0300: 842.422: [ParNew: 281137K->1539K(314560K), 0.0008731 secs] 285526K->5929K(1013632K), 0.0009444 secs] [Times: user=0.00 sys=0.00, real=0.00 secs] 
2024-10-07T16:28:09.725+0300: 842.422: Total time for which application threads were stopped: 0.0011949 seconds, Stopping threads took: 0.0001412 seconds
2024-10-07T16:28:10.666+0300: 843.367: Application time: 0.9440730 seconds
2024-10-07T16:28:10.666+0300: 843.367: [GC (Allocation Failure) 2024-10-07T16:28:10.666+0300: 843.367: [ParNew: 281155K->1566K(314560K), 0.0009293 secs] 285545K->5956K(1013632K), 0.0010079 secs] [Times: user=0.00 sys=0.00, real=0.00 secs] 
2024-10-07T16:28:10.666+0300: 843.368: Total time for which application threads were stopped: 0.0013234 seconds, Stopping threads took: 0.0001841 seconds
2024-10-07T16:28:11.591+0300: 844.295: Application time: 0.9267328 seconds
2024-10-07T16:28:11.591+0300: 844.295: [GC (Allocation Failure) 2024-10-07T16:28:11.591+0300: 844.295: [ParNew: 281182K->1581K(314560K), 0.0008385 secs] 285572K->5972K(1013632K), 0.0008974 secs] [Times: user=0.00 sys=0.00, real=0.00 secs] 
2024-10-07T16:28:11.591+0300: 844.296: Total time for which application threads were stopped: 0.0011288 seconds, Stopping threads took: 0.0001246 seconds
2024-10-07T16:28:12.517+0300: 845.225: Application time: 0.9295064 seconds
2024-10-07T16:28:12.517+0300: 845.225: [GC (Allocation Failure) 2024-10-07T16:28:12.517+0300: 845.226: [ParNew: 281197K->1673K(314560K), 0.0009421 secs] 285588K->6064K(1013632K), 0.0010067 secs] [Times: user=0.00 sys=0.00, real=0.00 secs] 
2024-10-07T16:28:12.517+0300: 845.227: Total time for which application threads were stopped: 0.0012770 seconds, Stopping threads took: 0.0001619 seconds
2024-10-07T16:28:13.442+0300: 846.146: Application time: 0.9190963 seconds
2024-10-07T16:28:13.442+0300: 846.146: [GC (Allocation Failure) 2024-10-07T16:28:13.442+0300: 846.146: [ParNew: 281289K->1586K(314560K), 0.0009824 secs] 285680K->5977K(1013632K), 0.0010406 secs] [Times: user=0.00 sys=0.00, real=0.00 secs] 
2024-10-07T16:28:13.442+0300: 846.147: Total time for which application threads were stopped: 0.0012941 seconds, Stopping threads took: 0.0001337 seconds
2024-10-07T16:28:14.384+0300: 847.083: Application time: 0.9364500 seconds
2024-10-07T16:28:14.384+0300: 847.084: [GC (Allocation Failure) 2024-10-07T16:28:14.384+0300: 847.084: [ParNew: 281202K->1585K(314560K), 0.0009077 secs] 285593K->5976K(1013632K), 0.0009617 secs] [Times: user=0.00 sys=0.00, real=0.00 secs] 
2024-10-07T16:28:14.384+0300: 847.085: Total time for which application threads were stopped: 0.0012354 seconds, Stopping threads took: 0.0001780 seconds
2024-10-07T16:28:15.340+0300: 848.036: Application time: 0.9516185 seconds
2024-10-07T16:28:15.340+0300: 848.037: [GC (Allocation Failure) 2024-10-07T16:28:15.340+0300: 848.037: [ParNew: 281201K->1600K(314560K), 0.0009853 secs] 285592K->5993K(1013632K), 0.0010461 secs] [Times: user=0.00 sys=0.00, real=0.00 secs] 
2024-10-07T16:28:15.343+0300: 848.038: Total time for which application threads were stopped: 0.0013396 seconds, Stopping threads took: 0.0001868 seconds
2024-10-07T16:28:16.313+0300: 849.022: Application time: 0.9842689 seconds
2024-10-07T16:28:16.313+0300: 849.022: [GC (Allocation Failure) 2024-10-07T16:28:16.313+0300: 849.022: [ParNew: 281216K->1433K(314560K), 0.0009256 secs] 285609K->5825K(1013632K), 0.0009819 secs] [Times: user=0.00 sys=0.00, real=0.00 secs] 
2024-10-07T16:28:16.313+0300: 849.023: Total time for which application threads were stopped: 0.0012835 seconds, Stopping threads took: 0.0001984 seconds
2024-10-07T16:28:17.286+0300: 849.992: Application time: 0.9688625 seconds
2024-10-07T16:28:17.286+0300: 849.992: [GC (Allocation Failure) 2024-10-07T16:28:17.286+0300: 849.992: [ParNew: 281049K->1653K(314560K), 0.0011168 secs] 285441K->6046K(1013632K), 0.0011704 secs] [Times: user=0.00 sys=0.00, real=0.00 secs] 
2024-10-07T16:28:17.286+0300: 849.993: Total time for which application threads were stopped: 0.0014505 seconds, Stopping threads took: 0.0001909 seconds
2024-10-07T16:28:18.211+0300: 850.921: Application time: 0.9277595 seconds
2024-10-07T16:28:18.227+0300: 850.921: [GC (Allocation Failure) 2024-10-07T16:28:18.227+0300: 850.922: [ParNew: 281269K->1647K(314560K), 0.0010369 secs] 285662K->6041K(1013632K), 0.0011059 secs] [Times: user=0.00 sys=0.00, real=0.00 secs] 
2024-10-07T16:28:18.227+0300: 850.923: Total time for which application threads were stopped: 0.0014151 seconds, Stopping threads took: 0.0001941 seconds
2024-10-07T16:28:19.152+0300: 851.847: Application time: 0.9247378 seconds
2024-10-07T16:28:19.152+0300: 851.848: [GC (Allocation Failure) 2024-10-07T16:28:19.152+0300: 851.848: [ParNew: 281263K->1602K(314560K), 0.0009405 secs] 285657K->5995K(1013632K), 0.0010067 secs] [Times: user=0.02 sys=0.00, real=0.00 secs] 
2024-10-07T16:28:19.152+0300: 851.849: Total time for which application threads were stopped: 0.0012399 seconds, Stopping threads took: 0.0001301 seconds
2024-10-07T16:28:20.077+0300: 852.777: Application time: 0.9284272 seconds
2024-10-07T16:28:20.077+0300: 852.777: [GC (Allocation Failure) 2024-10-07T16:28:20.077+0300: 852.777: [ParNew: 281218K->1590K(314560K), 0.0008765 secs] 285611K->5984K(1013632K), 0.0009525 secs] [Times: user=0.00 sys=0.00, real=0.00 secs] 
2024-10-07T16:28:20.077+0300: 852.778: Total time for which application threads were stopped: 0.0012195 seconds, Stopping threads took: 0.0001578 seconds
2024-10-07T16:28:21.003+0300: 853.709: Application time: 0.9306910 seconds
2024-10-07T16:28:21.003+0300: 853.709: [GC (Allocation Failure) 2024-10-07T16:28:21.003+0300: 853.709: [ParNew: 281206K->1498K(314560K), 0.0008578 secs] 285600K->5893K(1013632K), 0.0009117 secs] [Times: user=0.00 sys=0.00, real=0.00 secs] 
2024-10-07T16:28:21.003+0300: 853.710: Total time for which application threads were stopped: 0.0011683 seconds, Stopping threads took: 0.0001553 seconds
2024-10-07T16:28:21.944+0300: 854.648: Application time: 0.9374940 seconds
2024-10-07T16:28:21.944+0300: 854.648: [GC (Allocation Failure) 2024-10-07T16:28:21.944+0300: 854.648: [ParNew: 281114K->1689K(314560K), 0.0009398 secs] 285509K->6084K(1013632K), 0.0009872 secs] [Times: user=0.00 sys=0.00, real=0.00 secs] 
2024-10-07T16:28:21.944+0300: 854.649: Total time for which application threads were stopped: 0.0012124 seconds, Stopping threads took: 0.0001364 seconds
2024-10-07T16:28:22.903+0300: 855.603: Application time: 0.9545886 seconds
2024-10-07T16:28:22.903+0300: 855.604: [GC (Allocation Failure) 2024-10-07T16:28:22.903+0300: 855.604: [ParNew: 281305K->1394K(314560K), 0.0008449 secs] 285700K->5789K(1013632K), 0.0008939 secs] [Times: user=0.00 sys=0.00, real=0.00 secs] 
2024-10-07T16:28:22.903+0300: 855.605: Total time for which application threads were stopped: 0.0011477 seconds, Stopping threads took: 0.0001674 seconds
2024-10-07T16:28:23.891+0300: 856.596: Application time: 0.9914896 seconds
2024-10-07T16:28:23.891+0300: 856.596: [GC (Allocation Failure) 2024-10-07T16:28:23.891+0300: 856.596: [ParNew: 281010K->1587K(314560K), 0.0008632 secs] 285405K->5983K(1013632K), 0.0009102 secs] [Times: user=0.00 sys=0.00, real=0.00 secs] 
2024-10-07T16:28:23.891+0300: 856.597: Total time for which application threads were stopped: 0.0011773 seconds, Stopping threads took: 0.0001759 seconds
2024-10-07T16:28:24.848+0300: 857.552: Application time: 0.9544559 seconds
2024-10-07T16:28:24.848+0300: 857.552: [GC (Allocation Failure) 2024-10-07T16:28:24.848+0300: 857.552: [ParNew: 281203K->1539K(314560K), 0.0008436 secs] 285599K->5934K(1013632K), 0.0008958 secs] [Times: user=0.00 sys=0.00, real=0.00 secs] 
2024-10-07T16:28:24.848+0300: 857.553: Total time for which application threads were stopped: 0.0011331 seconds, Stopping threads took: 0.0001489 seconds
2024-10-07T16:28:25.774+0300: 858.475: Application time: 0.9226464 seconds
2024-10-07T16:28:25.774+0300: 858.476: [GC (Allocation Failure) 2024-10-07T16:28:25.774+0300: 858.476: [ParNew: 281155K->1661K(314560K), 0.0008223 secs] 285550K->6058K(1013632K), 0.0008733 secs] [Times: user=0.00 sys=0.00, real=0.00 secs] 
2024-10-07T16:28:25.774+0300: 858.477: Total time for which application threads were stopped: 0.0010937 seconds, Stopping threads took: 0.0001311 seconds
2024-10-07T16:28:26.698+0300: 859.406: Application time: 0.9298908 seconds
2024-10-07T16:28:26.698+0300: 859.407: [GC (Allocation Failure) 2024-10-07T16:28:26.698+0300: 859.407: [ParNew: 281277K->1583K(314560K), 0.0008729 secs] 285674K->5980K(1013632K), 0.0009229 secs] [Times: user=0.00 sys=0.00, real=0.00 secs] 
2024-10-07T16:28:26.698+0300: 859.408: Total time for which application threads were stopped: 0.0011426 seconds, Stopping threads took: 0.0001272 seconds
2024-10-07T16:28:27.640+0300: 860.335: Application time: 0.9277493 seconds
2024-10-07T16:28:27.640+0300: 860.336: [GC (Allocation Failure) 2024-10-07T16:28:27.640+0300: 860.336: [ParNew: 281199K->1585K(314560K), 0.0008812 secs] 285596K->5983K(1013632K), 0.0009319 secs] [Times: user=0.00 sys=0.00, real=0.00 secs] 
2024-10-07T16:28:27.640+0300: 860.337: Total time for which application threads were stopped: 0.0011565 seconds, Stopping threads took: 0.0001375 seconds
2024-10-07T16:28:28.567+0300: 861.265: Application time: 0.9289523 seconds
2024-10-07T16:28:28.567+0300: 861.266: [GC (Allocation Failure) 2024-10-07T16:28:28.567+0300: 861.266: [ParNew: 281201K->1674K(314560K), 0.0008707 secs] 285599K->6071K(1013632K), 0.0009212 secs] [Times: user=0.00 sys=0.00, real=0.00 secs] 
2024-10-07T16:28:28.567+0300: 861.267: Total time for which application threads were stopped: 0.0011512 seconds, Stopping threads took: 0.0001399 seconds
2024-10-07T16:28:29.506+0300: 862.206: Application time: 0.9394701 seconds
2024-10-07T16:28:29.506+0300: 862.206: [GC (Allocation Failure) 2024-10-07T16:28:29.506+0300: 862.206: [ParNew: 281290K->1584K(314560K), 0.0008747 secs] 285687K->5982K(1013632K), 0.0009337 secs] [Times: user=0.00 sys=0.00, real=0.00 secs] 
2024-10-07T16:28:29.506+0300: 862.207: Total time for which application threads were stopped: 0.0011883 seconds, Stopping threads took: 0.0001428 seconds
2024-10-07T16:28:30.463+0300: 863.159: Application time: 0.9519172 seconds
2024-10-07T16:28:30.463+0300: 863.159: [GC (Allocation Failure) 2024-10-07T16:28:30.463+0300: 863.159: [ParNew: 281200K->1673K(314560K), 0.0009740 secs] 285598K->6071K(1013632K), 0.0010207 secs] [Times: user=0.00 sys=0.00, real=0.00 secs] 
2024-10-07T16:28:30.463+0300: 863.160: Total time for which application threads were stopped: 0.0011987 seconds, Stopping threads took: 0.0000762 seconds
2024-10-07T16:28:31.451+0300: 864.151: Application time: 0.9902476 seconds
2024-10-07T16:28:31.451+0300: 864.151: [GC (Allocation Failure) 2024-10-07T16:28:31.451+0300: 864.151: [ParNew: 281289K->1672K(314560K), 0.0008529 secs] 285687K->6070K(1013632K), 0.0009066 secs] [Times: user=0.00 sys=0.00, real=0.00 secs] 
2024-10-07T16:28:31.451+0300: 864.152: Total time for which application threads were stopped: 0.0011737 seconds, Stopping threads took: 0.0001638 seconds
2024-10-07T16:28:32.393+0300: 865.092: Application time: 0.9399892 seconds
2024-10-07T16:28:32.393+0300: 865.092: [GC (Allocation Failure) 2024-10-07T16:28:32.393+0300: 865.092: [ParNew: 281286K->1489K(314560K), 0.0009371 secs] 285685K->5888K(1013632K), 0.0009822 secs] [Times: user=0.00 sys=0.00, real=0.00 secs] 
2024-10-07T16:28:32.393+0300: 865.093: Total time for which application threads were stopped: 0.0012150 seconds, Stopping threads took: 0.0001468 seconds
2024-10-07T16:28:33.318+0300: 866.017: Application time: 0.9238469 seconds
2024-10-07T16:28:33.318+0300: 866.017: [GC (Allocation Failure) 2024-10-07T16:28:33.318+0300: 866.017: [ParNew: 281105K->1656K(314560K), 0.0009842 secs] 285504K->6055K(1013632K), 0.0010399 secs] [Times: user=0.00 sys=0.00, real=0.00 secs] 
2024-10-07T16:28:33.318+0300: 866.018: Total time for which application threads were stopped: 0.0012590 seconds, Stopping threads took: 0.0001287 seconds
2024-10-07T16:28:34.248+0300: 866.943: Application time: 0.9246183 seconds
2024-10-07T16:28:34.248+0300: 866.943: [GC (Allocation Failure) 2024-10-07T16:28:34.248+0300: 866.943: [ParNew: 281267K->1514K(314560K), 0.0011578 secs] 285666K->5914K(1013632K), 0.0012072 secs] [Times: user=0.00 sys=0.00, real=0.00 secs] 
2024-10-07T16:28:34.249+0300: 866.944: Total time for which application threads were stopped: 0.0014603 seconds, Stopping threads took: 0.0001607 seconds
2024-10-07T16:28:35.169+0300: 867.872: Application time: 0.9280843 seconds
2024-10-07T16:28:35.169+0300: 867.873: [GC (Allocation Failure) 2024-10-07T16:28:35.169+0300: 867.873: [ParNew: 281130K->1462K(314560K), 0.0009562 secs] 285530K->5862K(1013632K), 0.0010069 secs] [Times: user=0.00 sys=0.00, real=0.01 secs] 
2024-10-07T16:28:35.179+0300: 867.874: Total time for which application threads were stopped: 0.0012629 seconds, Stopping threads took: 0.0001524 seconds
2024-10-07T16:28:36.112+0300: 868.807: Application time: 0.9330661 seconds
2024-10-07T16:28:36.112+0300: 868.807: [GC (Allocation Failure) 2024-10-07T16:28:36.112+0300: 868.807: [ParNew: 281078K->1639K(314560K), 0.0009063 secs] 285478K->6040K(1013632K), 0.0009594 secs] [Times: user=0.00 sys=0.00, real=0.00 secs] 
2024-10-07T16:28:36.112+0300: 868.808: Total time for which application threads were stopped: 0.0011831 seconds, Stopping threads took: 0.0001087 seconds
2024-10-07T16:28:37.053+0300: 869.749: Application time: 0.9407804 seconds
2024-10-07T16:28:37.053+0300: 869.749: [GC (Allocation Failure) 2024-10-07T16:28:37.053+0300: 869.749: [ParNew: 281255K->1664K(314560K), 0.0009031 secs] 285656K->6065K(1013632K), 0.0009559 secs] [Times: user=0.00 sys=0.00, real=0.00 secs] 
2024-10-07T16:28:37.053+0300: 869.750: Total time for which application threads were stopped: 0.0012488 seconds, Stopping threads took: 0.0001744 seconds
2024-10-07T16:28:38.010+0300: 870.712: Application time: 0.9622796 seconds
2024-10-07T16:28:38.010+0300: 870.712: [GC (Allocation Failure) 2024-10-07T16:28:38.010+0300: 870.712: [ParNew: 281280K->1577K(314560K), 0.0009701 secs] 285681K->5978K(1013632K), 0.0010537 secs] [Times: user=0.00 sys=0.00, real=0.00 secs] 
2024-10-07T16:28:38.010+0300: 870.714: Total time for which application threads were stopped: 0.0013484 seconds, Stopping threads took: 0.0001562 seconds
2024-10-07T16:28:38.999+0300: 871.709: Application time: 0.9957789 seconds
2024-10-07T16:28:39.015+0300: 871.710: [GC (Allocation Failure) 2024-10-07T16:28:39.015+0300: 871.710: [ParNew: 281193K->1653K(314560K), 0.0009148 secs] 285594K->6054K(1013632K), 0.0009968 secs] [Times: user=0.00 sys=0.00, real=0.00 secs] 
2024-10-07T16:28:39.015+0300: 871.711: Total time for which application threads were stopped: 0.0013874 seconds, Stopping threads took: 0.0002716 seconds
2024-10-07T16:28:39.941+0300: 872.637: Application time: 0.9265196 seconds
2024-10-07T16:28:39.941+0300: 872.637: [GC (Allocation Failure) 2024-10-07T16:28:39.941+0300: 872.637: [ParNew: 281269K->1576K(314560K), 0.0008693 secs] 285670K->5978K(1013632K), 0.0009176 secs] [Times: user=0.00 sys=0.00, real=0.00 secs] 
2024-10-07T16:28:39.941+0300: 872.638: Total time for which application threads were stopped: 0.0011389 seconds, Stopping threads took: 0.0001362 seconds
2024-10-07T16:28:40.867+0300: 873.566: Application time: 0.9274575 seconds
2024-10-07T16:28:40.867+0300: 873.566: [GC (Allocation Failure) 2024-10-07T16:28:40.867+0300: 873.566: [ParNew: 281192K->1760K(314560K), 0.0009769 secs] 285594K->6162K(1013632K), 0.0010261 secs] [Times: user=0.00 sys=0.00, real=0.00 secs] 
2024-10-07T16:28:40.867+0300: 873.567: Total time for which application threads were stopped: 0.0012692 seconds, Stopping threads took: 0.0001506 seconds
2024-10-07T16:28:41.792+0300: 874.493: Application time: 0.9260405 seconds
2024-10-07T16:28:41.792+0300: 874.493: [GC (Allocation Failure) 2024-10-07T16:28:41.792+0300: 874.493: [ParNew: 281376K->1548K(314560K), 0.0008930 secs] 285778K->5951K(1013632K), 0.0009601 secs] [Times: user=0.00 sys=0.00, real=0.00 secs] 
2024-10-07T16:28:41.792+0300: 874.494: Total time for which application threads were stopped: 0.0012116 seconds, Stopping threads took: 0.0001613 seconds
2024-10-07T16:28:42.718+0300: 875.424: Application time: 0.9293410 seconds
2024-10-07T16:28:42.718+0300: 875.424: [GC (Allocation Failure) 2024-10-07T16:28:42.718+0300: 875.424: [ParNew: 281164K->1549K(314560K), 0.0008550 secs] 285567K->5952K(1013632K), 0.0009190 secs] [Times: user=0.00 sys=0.00, real=0.00 secs] 
2024-10-07T16:28:42.718+0300: 875.425: Total time for which application threads were stopped: 0.0011612 seconds, Stopping threads took: 0.0001440 seconds
2024-10-07T16:28:43.666+0300: 876.368: Application time: 0.9429778 seconds
2024-10-07T16:28:43.666+0300: 876.368: [GC (Allocation Failure) 2024-10-07T16:28:43.666+0300: 876.368: [ParNew: 281165K->1630K(314560K), 0.0010437 secs] 285568K->6033K(1013632K), 0.0011070 secs] [Times: user=0.00 sys=0.00, real=0.00 secs] 
2024-10-07T16:28:43.666+0300: 876.369: Total time for which application threads were stopped: 0.0013782 seconds, Stopping threads took: 0.0001750 seconds
2024-10-07T16:28:44.617+0300: 877.312: Application time: 0.9427451 seconds
2024-10-07T16:28:44.617+0300: 877.312: [GC (Allocation Failure) 2024-10-07T16:28:44.617+0300: 877.312: [ParNew: 281246K->1488K(314560K), 0.0008837 secs] 285649K->5891K(1013632K), 0.0009461 secs] [Times: user=0.00 sys=0.00, real=0.00 secs] 
2024-10-07T16:28:44.617+0300: 877.313: Total time for which application threads were stopped: 0.0012038 seconds, Stopping threads took: 0.0001480 seconds
2024-10-07T16:28:45.598+0300: 878.295: Application time: 0.9819915 seconds
2024-10-07T16:28:45.598+0300: 878.295: [GC (Allocation Failure) 2024-10-07T16:28:45.598+0300: 878.295: [ParNew: 281104K->1576K(314560K), 0.0009016 secs] 285507K->5980K(1013632K), 0.0009501 secs] [Times: user=0.00 sys=0.00, real=0.00 secs] 
2024-10-07T16:28:45.598+0300: 878.296: Total time for which application threads were stopped: 0.0011839 seconds, Stopping threads took: 0.0001250 seconds
2024-10-07T16:28:46.562+0300: 879.267: Application time: 0.9702823 seconds
2024-10-07T16:28:46.562+0300: 879.267: [GC (Allocation Failure) 2024-10-07T16:28:46.562+0300: 879.267: [ParNew: 281192K->1464K(314560K), 0.0008559 secs] 285596K->5869K(1013632K), 0.0009208 secs] [Times: user=0.00 sys=0.00, real=0.00 secs] 
2024-10-07T16:28:46.562+0300: 879.268: Total time for which application threads were stopped: 0.0011696 seconds, Stopping threads took: 0.0001416 seconds
2024-10-07T16:28:47.488+0300: 880.193: Application time: 0.9253810 seconds
2024-10-07T16:28:47.488+0300: 880.193: [GC (Allocation Failure) 2024-10-07T16:28:47.488+0300: 880.193: [ParNew: 281080K->1689K(314560K), 0.0009744 secs] 285485K->6094K(1013632K), 0.0010474 secs] [Times: user=0.00 sys=0.00, real=0.00 secs] 
2024-10-07T16:28:47.488+0300: 880.194: Total time for which application threads were stopped: 0.0013104 seconds, Stopping threads took: 0.0001423 seconds
2024-10-07T16:28:48.414+0300: 881.117: Application time: 0.9229610 seconds
2024-10-07T16:28:48.414+0300: 881.118: [GC (Allocation Failure) 2024-10-07T16:28:48.414+0300: 881.118: [ParNew: 281305K->1498K(314560K), 0.0009664 secs] 285710K->5903K(1013632K), 0.0010419 secs] [Times: user=0.00 sys=0.00, real=0.00 secs] 
2024-10-07T16:28:48.414+0300: 881.119: Total time for which application threads were stopped: 0.0013192 seconds, Stopping threads took: 0.0001591 seconds
2024-10-07T16:28:49.340+0300: 882.046: Application time: 0.9271826 seconds
2024-10-07T16:28:49.340+0300: 882.046: [GC (Allocation Failure) 2024-10-07T16:28:49.340+0300: 882.046: [ParNew: 281114K->1567K(314560K), 0.0011485 secs] 285519K->5972K(1013632K), 0.0012460 secs] [Times: user=0.00 sys=0.00, real=0.00 secs] 
2024-10-07T16:28:49.340+0300: 882.048: Total time for which application threads were stopped: 0.0015790 seconds, Stopping threads took: 0.0001896 seconds
2024-10-07T16:28:50.281+0300: 882.976: Application time: 0.9287690 seconds
2024-10-07T16:28:50.281+0300: 882.977: [GC (Allocation Failure) 2024-10-07T16:28:50.281+0300: 882.977: [ParNew: 281183K->1595K(314560K), 0.0009588 secs] 285588K->6001K(1013632K), 0.0010476 secs] [Times: user=0.00 sys=0.00, real=0.00 secs] 
2024-10-07T16:28:50.281+0300: 882.978: Total time for which application threads were stopped: 0.0013547 seconds, Stopping threads took: 0.0001773 seconds
2024-10-07T16:28:51.223+0300: 883.918: Application time: 0.9400556 seconds
2024-10-07T16:28:51.223+0300: 883.918: [GC (Allocation Failure) 2024-10-07T16:28:51.223+0300: 883.918: [ParNew: 281211K->1588K(314560K), 0.0011851 secs] 285617K->5994K(1013632K), 0.0012582 secs] [Times: user=0.02 sys=0.00, real=0.00 secs] 
2024-10-07T16:28:51.223+0300: 883.919: Total time for which application threads were stopped: 0.0015633 seconds, Stopping threads took: 0.0001760 seconds
2024-10-07T16:28:52.164+0300: 884.872: Application time: 0.9530458 seconds
2024-10-07T16:28:52.164+0300: 884.873: [GC (Allocation Failure) 2024-10-07T16:28:52.164+0300: 884.873: [ParNew: 281204K->1586K(314560K), 0.0010844 secs] 285610K->5992K(1013632K), 0.0011416 secs] [Times: user=0.00 sys=0.00, real=0.00 secs] 
2024-10-07T16:28:52.164+0300: 884.874: Total time for which application threads were stopped: 0.0014381 seconds, Stopping threads took: 0.0001750 seconds
2024-10-07T16:28:53.168+0300: 885.868: Application time: 0.9945867 seconds
2024-10-07T16:28:53.168+0300: 885.869: [GC (Allocation Failure) 2024-10-07T16:28:53.168+0300: 885.869: [ParNew: 281202K->1583K(314560K), 0.0009713 secs] 285608K->5990K(1013632K), 0.0010424 secs] [Times: user=0.00 sys=0.00, real=0.00 secs] 
2024-10-07T16:28:53.168+0300: 885.870: Total time for which application threads were stopped: 0.0013297 seconds, Stopping threads took: 0.0001613 seconds
2024-10-07T16:28:54.126+0300: 886.825: Application time: 0.9549324 seconds
2024-10-07T16:28:54.126+0300: 886.825: [GC (Allocation Failure) 2024-10-07T16:28:54.126+0300: 886.825: [ParNew: 281199K->1580K(314560K), 0.0010015 secs] 285606K->5987K(1013632K), 0.0010790 secs] [Times: user=0.00 sys=0.00, real=0.00 secs] 
2024-10-07T16:28:54.126+0300: 886.826: Total time for which application threads were stopped: 0.0014022 seconds, Stopping threads took: 0.0002031 seconds
2024-10-07T16:28:55.052+0300: 887.751: Application time: 0.9248382 seconds
2024-10-07T16:28:55.052+0300: 887.751: [GC (Allocation Failure) 2024-10-07T16:28:55.052+0300: 887.751: [ParNew: 281196K->1585K(314560K), 0.0009737 secs] 285603K->5992K(1013632K), 0.0010407 secs] [Times: user=0.00 sys=0.00, real=0.00 secs] 
2024-10-07T16:28:55.052+0300: 887.752: Total time for which application threads were stopped: 0.0013332 seconds, Stopping threads took: 0.0001707 seconds
2024-10-07T16:28:55.977+0300: 888.680: Application time: 0.9275939 seconds
2024-10-07T16:28:55.977+0300: 888.680: [GC (Allocation Failure) 2024-10-07T16:28:55.977+0300: 888.680: [ParNew: 281201K->1586K(314560K), 0.0009077 secs] 285608K->5994K(1013632K), 0.0009726 secs] [Times: user=0.00 sys=0.00, real=0.00 secs] 
2024-10-07T16:28:55.977+0300: 888.681: Total time for which application threads were stopped: 0.0012067 seconds, Stopping threads took: 0.0001240 seconds
2024-10-07T16:28:56.903+0300: 889.610: Application time: 0.9287250 seconds
2024-10-07T16:28:56.903+0300: 889.610: [GC (Allocation Failure) 2024-10-07T16:28:56.903+0300: 889.610: [ParNew: 281202K->1722K(314560K), 0.0009620 secs] 285610K->6131K(1013632K), 0.0010153 secs] [Times: user=0.02 sys=0.00, real=0.00 secs] 
2024-10-07T16:28:56.903+0300: 889.611: Total time for which application threads were stopped: 0.0012710 seconds, Stopping threads took: 0.0001522 seconds
2024-10-07T16:28:57.845+0300: 890.540: Application time: 0.9288005 seconds
2024-10-07T16:28:57.845+0300: 890.540: [GC (Allocation Failure) 2024-10-07T16:28:57.845+0300: 890.540: [ParNew: 281338K->1501K(314560K), 0.0010143 secs] 285747K->5910K(1013632K), 0.0011533 secs] [Times: user=0.00 sys=0.00, real=0.00 secs] 
2024-10-07T16:28:57.845+0300: 890.541: Total time for which application threads were stopped: 0.0014055 seconds, Stopping threads took: 0.0001524 seconds
2024-10-07T16:28:58.786+0300: 891.491: Application time: 0.9499734 seconds
2024-10-07T16:28:58.786+0300: 891.491: [GC (Allocation Failure) 2024-10-07T16:28:58.786+0300: 891.492: [ParNew: 281117K->1439K(314560K), 0.0011821 secs] 285526K->5848K(1013632K), 0.0012565 secs] [Times: user=0.00 sys=0.00, real=0.00 secs] 
2024-10-07T16:28:58.786+0300: 891.493: Total time for which application threads were stopped: 0.0015485 seconds, Stopping threads took: 0.0001826 seconds
2024-10-07T16:28:59.744+0300: 892.445: Application time: 0.9526849 seconds
2024-10-07T16:28:59.744+0300: 892.446: [GC (Allocation Failure) 2024-10-07T16:28:59.744+0300: 892.446: [ParNew: 281055K->1588K(314560K), 0.0009477 secs] 285464K->5998K(1013632K), 0.0010136 secs] [Times: user=0.00 sys=0.00, real=0.00 secs] 
2024-10-07T16:28:59.744+0300: 892.447: Total time for which application threads were stopped: 0.0012803 seconds, Stopping threads took: 0.0001484 seconds
2024-10-07T16:29:00.748+0300: 893.448: Application time: 1.0016310 seconds
2024-10-07T16:29:00.748+0300: 893.449: [GC (Allocation Failure) 2024-10-07T16:29:00.748+0300: 893.449: [ParNew: 281204K->1537K(314560K), 0.0008994 secs] 285614K->5947K(1013632K), 0.0009674 secs] [Times: user=0.00 sys=0.00, real=0.00 secs] 
2024-10-07T16:29:00.748+0300: 893.450: Total time for which application threads were stopped: 0.0012213 seconds, Stopping threads took: 0.0001403 seconds
2024-10-07T16:29:01.705+0300: 894.406: Application time: 0.9562818 seconds
2024-10-07T16:29:01.705+0300: 894.406: [GC (Allocation Failure) 2024-10-07T16:29:01.705+0300: 894.406: [ParNew: 281153K->1590K(314560K), 0.0008874 secs] 285563K->6000K(1013632K), 0.0009357 secs] [Times: user=0.05 sys=0.00, real=0.00 secs] 
2024-10-07T16:29:01.705+0300: 894.407: Total time for which application threads were stopped: 0.0011671 seconds, Stopping threads took: 0.0001233 seconds
2024-10-07T16:29:02.630+0300: 895.339: Application time: 0.9324175 seconds
2024-10-07T16:29:02.630+0300: 895.340: [GC (Allocation Failure) 2024-10-07T16:29:02.630+0300: 895.340: [ParNew: 281206K->1499K(314560K), 0.0009509 secs] 285616K->5909K(1013632K), 0.0010089 secs] [Times: user=0.01 sys=0.00, real=0.02 secs] 
2024-10-07T16:29:02.646+0300: 895.341: Total time for which application threads were stopped: 0.0012399 seconds, Stopping threads took: 0.0001263 seconds
2024-10-07T16:29:03.571+0300: 896.272: Application time: 0.9314622 seconds
2024-10-07T16:29:03.571+0300: 896.272: [GC (Allocation Failure) 2024-10-07T16:29:03.571+0300: 896.272: [ParNew: 281115K->1586K(314560K), 0.0008763 secs] 285525K->5998K(1013632K), 0.0009290 secs] [Times: user=0.00 sys=0.00, real=0.00 secs] 
2024-10-07T16:29:03.571+0300: 896.273: Total time for which application threads were stopped: 0.0011630 seconds, Stopping threads took: 0.0001372 seconds
2024-10-07T16:29:04.497+0300: 897.206: Application time: 0.9330414 seconds
2024-10-07T16:29:04.497+0300: 897.207: [GC (Allocation Failure) 2024-10-07T16:29:04.497+0300: 897.207: [ParNew: 281202K->1675K(314560K), 0.0008921 secs] 285614K->6086K(1013632K), 0.0009535 secs] [Times: user=0.02 sys=0.00, real=0.02 secs] 
2024-10-07T16:29:04.512+0300: 897.208: Total time for which application threads were stopped: 0.0011849 seconds, Stopping threads took: 0.0001244 seconds
2024-10-07T16:29:05.439+0300: 898.141: Application time: 0.9339011 seconds
2024-10-07T16:29:05.439+0300: 898.142: [GC (Allocation Failure) 2024-10-07T16:29:05.439+0300: 898.142: [ParNew: 281291K->1498K(314560K), 0.0008415 secs] 285702K->5909K(1013632K), 0.0009035 secs] [Times: user=0.00 sys=0.00, real=0.00 secs] 
2024-10-07T16:29:05.439+0300: 898.143: Total time for which application threads were stopped: 0.0011299 seconds, Stopping threads took: 0.0001274 seconds
2024-10-07T16:29:06.395+0300: 899.096: Application time: 0.9536815 seconds
2024-10-07T16:29:06.395+0300: 899.096: [GC (Allocation Failure) 2024-10-07T16:29:06.395+0300: 899.097: [ParNew: 281114K->1584K(314560K), 0.0008840 secs] 285525K->5996K(1013632K), 0.0009392 secs] [Times: user=0.00 sys=0.00, real=0.00 secs] 
2024-10-07T16:29:06.395+0300: 899.097: Total time for which application threads were stopped: 0.0011802 seconds, Stopping threads took: 0.0001349 seconds
2024-10-07T16:29:07.352+0300: 900.054: Application time: 0.9565454 seconds
2024-10-07T16:29:07.352+0300: 900.054: [GC (Allocation Failure) 2024-10-07T16:29:07.352+0300: 900.054: [ParNew: 281200K->1673K(314560K), 0.0008809 secs] 285612K->6086K(1013632K), 0.0009369 secs] [Times: user=0.00 sys=0.00, real=0.00 secs] 
2024-10-07T16:29:07.352+0300: 900.055: Total time for which application threads were stopped: 0.0011854 seconds, Stopping threads took: 0.0001405 seconds
2024-10-07T16:29:08.372+0300: 901.075: Application time: 1.0194832 seconds
2024-10-07T16:29:08.372+0300: 901.075: [GC (Allocation Failure) 2024-10-07T16:29:08.372+0300: 901.075: [ParNew: 281289K->1671K(314560K), 0.0010289 secs] 285702K->6084K(1013632K), 0.0010929 secs] [Times: user=0.00 sys=0.00, real=0.00 secs] 
2024-10-07T16:29:08.372+0300: 901.076: Total time for which application threads were stopped: 0.0013241 seconds, Stopping threads took: 0.0001279 seconds
2024-10-07T16:29:09.314+0300: 902.012: Application time: 0.9355421 seconds
2024-10-07T16:29:09.314+0300: 902.012: [GC (Allocation Failure) 2024-10-07T16:29:09.314+0300: 902.012: [ParNew: 281287K->1481K(314560K), 0.0008951 secs] 285700K->5895K(1013632K), 0.0009424 secs] [Times: user=0.01 sys=0.00, real=0.00 secs] 
2024-10-07T16:29:09.314+0300: 902.013: Total time for which application threads were stopped: 0.0011810 seconds, Stopping threads took: 0.0001393 seconds
2024-10-07T16:29:10.244+0300: 902.947: Application time: 0.9343062 seconds
2024-10-07T16:29:10.244+0300: 902.947: [GC (Allocation Failure) 2024-10-07T16:29:10.244+0300: 902.947: [ParNew: 281097K->1559K(314560K), 0.0008927 secs] 285511K->5972K(1013632K), 0.0009491 secs] [Times: user=0.00 sys=0.00, real=0.00 secs] 
2024-10-07T16:29:10.244+0300: 902.948: Total time for which application threads were stopped: 0.0012072 seconds, Stopping threads took: 0.0001346 seconds
2024-10-07T16:29:11.180+0300: 903.878: Application time: 0.9300207 seconds
2024-10-07T16:29:11.180+0300: 903.879: [GC (Allocation Failure) 2024-10-07T16:29:11.180+0300: 903.879: [ParNew: 281175K->1465K(314560K), 0.0011133 secs] 285588K->5879K(1013632K), 0.0011857 secs] [Times: user=0.00 sys=0.00, real=0.00 secs] 
2024-10-07T16:29:11.180+0300: 903.880: Total time for which application threads were stopped: 0.0014626 seconds, Stopping threads took: 0.0001487 seconds
2024-10-07T16:29:12.105+0300: 904.806: Application time: 0.9265906 seconds
2024-10-07T16:29:12.105+0300: 904.807: [GC (Allocation Failure) 2024-10-07T16:29:12.105+0300: 904.807: [ParNew: 281081K->1648K(314560K), 0.0009587 secs] 285495K->6063K(1013632K), 0.0010174 secs] [Times: user=0.00 sys=0.00, real=0.00 secs] 
2024-10-07T16:29:12.105+0300: 904.808: Total time for which application threads were stopped: 0.0012610 seconds, Stopping threads took: 0.0001464 seconds
2024-10-07T16:29:13.047+0300: 905.743: Application time: 0.9350014 seconds
2024-10-07T16:29:13.047+0300: 905.743: [GC (Allocation Failure) 2024-10-07T16:29:13.047+0300: 905.743: [ParNew: 281264K->1601K(314560K), 0.0008761 secs] 285679K->6016K(1013632K), 0.0009247 secs] [Times: user=0.00 sys=0.00, real=0.00 secs] 
2024-10-07T16:29:13.047+0300: 905.744: Total time for which application threads were stopped: 0.0011328 seconds, Stopping threads took: 0.0001235 seconds
2024-10-07T16:29:13.974+0300: 906.683: Application time: 0.9393969 seconds
2024-10-07T16:29:13.974+0300: 906.683: [GC (Allocation Failure) 2024-10-07T16:29:13.974+0300: 906.683: [ParNew: 281217K->1588K(314560K), 0.0010121 secs] 285632K->6003K(1013632K), 0.0010775 secs] [Times: user=0.02 sys=0.00, real=0.02 secs] 
2024-10-07T16:29:13.990+0300: 906.685: Total time for which application threads were stopped: 0.0013600 seconds, Stopping threads took: 0.0001840 seconds
2024-10-07T16:29:14.962+0300: 907.657: Application time: 0.9727498 seconds
2024-10-07T16:29:14.962+0300: 907.657: [GC (Allocation Failure) 2024-10-07T16:29:14.962+0300: 907.657: [ParNew: 281204K->1492K(314560K), 0.0008169 secs] 285619K->5907K(1013632K), 0.0008644 secs] [Times: user=0.00 sys=0.00, real=0.00 secs] 
2024-10-07T16:29:14.962+0300: 907.658: Total time for which application threads were stopped: 0.0010933 seconds, Stopping threads took: 0.0001335 seconds
2024-10-07T16:29:15.955+0300: 908.655: Application time: 0.9965964 seconds
2024-10-07T16:29:15.955+0300: 908.655: [GC (Allocation Failure) 2024-10-07T16:29:15.955+0300: 908.655: [ParNew: 281108K->1752K(314560K), 0.0008695 secs] 285523K->6168K(1013632K), 0.0009246 secs] [Times: user=0.00 sys=0.00, real=0.00 secs] 
2024-10-07T16:29:15.955+0300: 908.656: Total time for which application threads were stopped: 0.0012118 seconds, Stopping threads took: 0.0001764 seconds
2024-10-07T16:29:16.876+0300: 909.583: Application time: 0.9266719 seconds
2024-10-07T16:29:16.876+0300: 909.583: [GC (Allocation Failure) 2024-10-07T16:29:16.876+0300: 909.583: [ParNew: 281368K->1499K(314560K), 0.0008860 secs] 285784K->5915K(1013632K), 0.0009352 secs] [Times: user=0.00 sys=0.00, real=0.00 secs] 
2024-10-07T16:29:16.876+0300: 909.584: Total time for which application threads were stopped: 0.0011752 seconds, Stopping threads took: 0.0001518 seconds
2024-10-07T16:29:17.818+0300: 910.513: Application time: 0.9293656 seconds
2024-10-07T16:29:17.818+0300: 910.514: [GC (Allocation Failure) 2024-10-07T16:29:17.818+0300: 910.514: [ParNew: 281115K->1539K(314560K), 0.0009026 secs] 285531K->5956K(1013632K), 0.0009616 secs] [Times: user=0.00 sys=0.00, real=0.00 secs] 
2024-10-07T16:29:17.818+0300: 910.515: Total time for which application threads were stopped: 0.0011963 seconds, Stopping threads took: 0.0001389 seconds
2024-10-07T16:29:18.744+0300: 911.442: Application time: 0.9269715 seconds
2024-10-07T16:29:18.744+0300: 911.442: [GC (Allocation Failure) 2024-10-07T16:29:18.744+0300: 911.442: [ParNew: 281155K->1629K(314560K), 0.0008616 secs] 285572K->6046K(1013632K), 0.0009092 secs] [Times: user=0.00 sys=0.00, real=0.00 secs] 
2024-10-07T16:29:18.744+0300: 911.443: Total time for which application threads were stopped: 0.0011410 seconds, Stopping threads took: 0.0001404 seconds
2024-10-07T16:29:19.670+0300: 912.373: Application time: 0.9298959 seconds
2024-10-07T16:29:19.670+0300: 912.373: [GC (Allocation Failure) 2024-10-07T16:29:19.670+0300: 912.373: [ParNew: 281245K->1663K(314560K), 0.0009542 secs] 285662K->6080K(1013632K), 0.0010491 secs] [Times: user=0.00 sys=0.00, real=0.00 secs] 
2024-10-07T16:29:19.670+0300: 912.374: Total time for which application threads were stopped: 0.0013525 seconds, Stopping threads took: 0.0001273 seconds
2024-10-07T16:29:20.612+0300: 913.309: Application time: 0.9353187 seconds
2024-10-07T16:29:20.612+0300: 913.310: [GC (Allocation Failure) 2024-10-07T16:29:20.612+0300: 913.310: [ParNew: 281279K->1582K(314560K), 0.0009294 secs] 285696K->6000K(1013632K), 0.0010254 secs] [Times: user=0.00 sys=0.00, real=0.00 secs] 
2024-10-07T16:29:20.612+0300: 913.311: Total time for which application threads were stopped: 0.0013264 seconds, Stopping threads took: 0.0001290 seconds
2024-10-07T16:29:21.566+0300: 914.264: Application time: 0.9530037 seconds
2024-10-07T16:29:21.569+0300: 914.264: [GC (Allocation Failure) 2024-10-07T16:29:21.569+0300: 914.264: [ParNew: 281198K->1672K(314560K), 0.0009720 secs] 285616K->6090K(1013632K), 0.0010615 secs] [Times: user=0.00 sys=0.00, real=0.00 secs] 
2024-10-07T16:29:21.569+0300: 914.265: Total time for which application threads were stopped: 0.0013782 seconds, Stopping threads took: 0.0001791 seconds
2024-10-07T16:29:22.525+0300: 915.232: Application time: 0.9667577 seconds
2024-10-07T16:29:22.525+0300: 915.232: [GC (Allocation Failure) 2024-10-07T16:29:22.525+0300: 915.232: [ParNew: 281288K->1368K(314560K), 0.0008637 secs] 285706K->5786K(1013632K), 0.0009243 secs] [Times: user=0.00 sys=0.00, real=0.00 secs] 
2024-10-07T16:29:22.525+0300: 915.233: Total time for which application threads were stopped: 0.0012157 seconds, Stopping threads took: 0.0001695 seconds
2024-10-07T16:29:23.514+0300: 916.214: Application time: 0.9811996 seconds
2024-10-07T16:29:23.514+0300: 916.214: [GC (Allocation Failure) 2024-10-07T16:29:23.514+0300: 916.215: [ParNew: 280984K->1578K(314560K), 0.0009908 secs] 285402K->5996K(1013632K), 0.0010724 secs] [Times: user=0.00 sys=0.00, real=0.00 secs] 
2024-10-07T16:29:23.514+0300: 916.216: Total time for which application threads were stopped: 0.0014133 seconds, Stopping threads took: 0.0002056 seconds
2024-10-07T16:29:24.439+0300: 917.133: Application time: 0.9176754 seconds
2024-10-07T16:29:24.439+0300: 917.133: [GC (Allocation Failure) 2024-10-07T16:29:24.439+0300: 917.134: [ParNew: 281194K->1584K(314560K), 0.0009794 secs] 285612K->6003K(1013632K), 0.0010435 secs] [Times: user=0.00 sys=0.00, real=0.00 secs] 
2024-10-07T16:29:24.439+0300: 917.135: Total time for which application threads were stopped: 0.0012837 seconds, Stopping threads took: 0.0001351 seconds
2024-10-07T16:29:25.349+0300: 918.059: Application time: 0.9240561 seconds
2024-10-07T16:29:25.349+0300: 918.059: [GC (Allocation Failure) 2024-10-07T16:29:25.349+0300: 918.059: [ParNew: 281200K->1746K(314560K), 0.0011815 secs] 285619K->6166K(1013632K), 0.0012987 secs] [Times: user=0.02 sys=0.00, real=0.02 secs] 
2024-10-07T16:29:25.365+0300: 918.060: Total time for which application threads were stopped: 0.0016277 seconds, Stopping threads took: 0.0001690 seconds
2024-10-07T16:29:26.275+0300: 918.985: Application time: 0.9244578 seconds
2024-10-07T16:29:26.275+0300: 918.985: [GC (Allocation Failure) 2024-10-07T16:29:26.275+0300: 918.985: [ParNew: 281362K->1498K(314560K), 0.0009915 secs] 285782K->5917K(1013632K), 0.0010900 secs] [Times: user=0.03 sys=0.00, real=0.02 secs] 
2024-10-07T16:29:26.291+0300: 918.986: Total time for which application threads were stopped: 0.0014251 seconds, Stopping threads took: 0.0001857 seconds
2024-10-07T16:29:27.217+0300: 919.915: Application time: 0.9288635 seconds
2024-10-07T16:29:27.217+0300: 919.915: [GC (Allocation Failure) 2024-10-07T16:29:27.217+0300: 919.915: [ParNew: 281114K->1654K(314560K), 0.0011371 secs] 285533K->6074K(1013632K), 0.0012168 secs] [Times: user=0.00 sys=0.00, real=0.00 secs] 
2024-10-07T16:29:27.217+0300: 919.917: Total time for which application threads were stopped: 0.0015239 seconds, Stopping threads took: 0.0001746 seconds
2024-10-07T16:29:28.158+0300: 920.856: Application time: 0.9395465 seconds
2024-10-07T16:29:28.158+0300: 920.856: [GC (Allocation Failure) 2024-10-07T16:29:28.158+0300: 920.856: [ParNew: 281270K->1222K(314560K), 0.0010894 secs] 285690K->5642K(1013632K), 0.0011512 secs] [Times: user=0.00 sys=0.00, real=0.00 secs] 
2024-10-07T16:29:28.158+0300: 920.858: Total time for which application threads were stopped: 0.0014280 seconds, Stopping threads took: 0.0001581 seconds
2024-10-07T16:29:29.100+0300: 921.809: Application time: 0.9517929 seconds
2024-10-07T16:29:29.100+0300: 921.810: [GC (Allocation Failure) 2024-10-07T16:29:29.100+0300: 921.810: [ParNew: 280838K->1585K(314560K), 0.0008862 secs] 285258K->6006K(1013632K), 0.0009441 secs] [Times: user=0.02 sys=0.00, real=0.02 secs] 
2024-10-07T16:29:29.115+0300: 921.811: Total time for which application threads were stopped: 0.0011961 seconds, Stopping threads took: 0.0001543 seconds
2024-10-07T16:29:30.088+0300: 922.789: Application time: 0.9785905 seconds
2024-10-07T16:29:30.088+0300: 922.789: [GC (Allocation Failure) 2024-10-07T16:29:30.088+0300: 922.789: [ParNew: 281201K->1497K(314560K), 0.0008072 secs] 285622K->5919K(1013632K), 0.0008562 secs] [Times: user=0.00 sys=0.00, real=0.00 secs] 
2024-10-07T16:29:30.088+0300: 922.790: Total time for which application threads were stopped: 0.0011627 seconds, Stopping threads took: 0.0002167 seconds
2024-10-07T16:29:31.045+0300: 923.755: Application time: 0.9644962 seconds
2024-10-07T16:29:31.045+0300: 923.755: [GC (Allocation Failure) 2024-10-07T16:29:31.045+0300: 923.755: [ParNew: 281113K->1645K(314560K), 0.0008649 secs] 285535K->6067K(1013632K), 0.0009205 secs] [Times: user=0.00 sys=0.00, real=0.02 secs] 
2024-10-07T16:29:31.061+0300: 923.756: Total time for which application threads were stopped: 0.0011288 seconds, Stopping threads took: 0.0001112 seconds
2024-10-07T16:29:31.986+0300: 924.681: Application time: 0.9250813 seconds
2024-10-07T16:29:31.986+0300: 924.681: [GC (Allocation Failure) 2024-10-07T16:29:31.986+0300: 924.681: [ParNew: 281261K->1601K(314560K), 0.0010967 secs] 285683K->6023K(1013632K), 0.0011525 secs] [Times: user=0.00 sys=0.00, real=0.00 secs] 
2024-10-07T16:29:31.988+0300: 924.682: Total time for which application threads were stopped: 0.0014390 seconds, Stopping threads took: 0.0001554 seconds
2024-10-07T16:29:32.913+0300: 925.608: Application time: 0.9260178 seconds
2024-10-07T16:29:32.913+0300: 925.609: [GC (Allocation Failure) 2024-10-07T16:29:32.913+0300: 925.609: [ParNew: 281217K->1767K(314560K), 0.0008449 secs] 285639K->6190K(1013632K), 0.0008865 secs] [Times: user=0.00 sys=0.00, real=0.00 secs] 
2024-10-07T16:29:32.913+0300: 925.610: Total time for which application threads were stopped: 0.0011183 seconds, Stopping threads took: 0.0001427 seconds
2024-10-07T16:29:33.839+0300: 926.542: Application time: 0.9328274 seconds
2024-10-07T16:29:33.839+0300: 926.543: [GC (Allocation Failure) 2024-10-07T16:29:33.839+0300: 926.543: [ParNew: 281383K->1440K(314560K), 0.0008587 secs] 285806K->5862K(1013632K), 0.0009077 secs] [Times: user=0.00 sys=0.00, real=0.01 secs] 
2024-10-07T16:29:33.849+0300: 926.544: Total time for which application threads were stopped: 0.0012187 seconds, Stopping threads took: 0.0002154 seconds
2024-10-07T16:29:34.765+0300: 927.473: Application time: 0.9295220 seconds
2024-10-07T16:29:34.765+0300: 927.473: [GC (Allocation Failure) 2024-10-07T16:29:34.765+0300: 927.473: [ParNew: 281056K->1558K(314560K), 0.0009362 secs] 285478K->5981K(1013632K), 0.0009895 secs] [Times: user=0.00 sys=0.00, real=0.00 secs] 
2024-10-07T16:29:34.765+0300: 927.474: Total time for which application threads were stopped: 0.0012506 seconds, Stopping threads took: 0.0001638 seconds
2024-10-07T16:29:35.706+0300: 928.414: Application time: 0.9393541 seconds
2024-10-07T16:29:35.706+0300: 928.414: [GC (Allocation Failure) 2024-10-07T16:29:35.706+0300: 928.414: [ParNew: 281174K->1619K(314560K), 0.0009131 secs] 285597K->6043K(1013632K), 0.0009733 secs] [Times: user=0.03 sys=0.00, real=0.00 secs] 
2024-10-07T16:29:35.706+0300: 928.415: Total time for which application threads were stopped: 0.0012998 seconds, Stopping threads took: 0.0001891 seconds
2024-10-07T16:29:36.663+0300: 929.363: Application time: 0.9478321 seconds
2024-10-07T16:29:36.663+0300: 929.363: [GC (Allocation Failure) 2024-10-07T16:29:36.663+0300: 929.363: [ParNew: 281235K->1557K(314560K), 0.0009106 secs] 285659K->5980K(1013632K), 0.0009622 secs] [Times: user=0.00 sys=0.00, real=0.01 secs] 
2024-10-07T16:29:36.669+0300: 929.364: Total time for which application threads were stopped: 0.0011721 seconds, Stopping threads took: 0.0001168 seconds
2024-10-07T16:29:37.652+0300: 930.355: Application time: 0.9914341 seconds
2024-10-07T16:29:37.652+0300: 930.356: [GC (Allocation Failure) 2024-10-07T16:29:37.652+0300: 930.356: [ParNew: 281173K->1667K(314560K), 0.0009712 secs] 285596K->6091K(1013632K), 0.0010220 secs] [Times: user=0.00 sys=0.00, real=0.00 secs] 
2024-10-07T16:29:37.652+0300: 930.357: Total time for which application threads were stopped: 0.0013081 seconds, Stopping threads took: 0.0001681 seconds
2024-10-07T16:29:38.597+0300: 931.303: Application time: 0.9459638 seconds
2024-10-07T16:29:38.597+0300: 931.303: [GC (Allocation Failure) 2024-10-07T16:29:38.597+0300: 931.303: [ParNew: 281283K->1595K(314560K), 0.0009303 secs] 285707K->6020K(1013632K), 0.0009945 secs] [Times: user=0.00 sys=0.00, real=0.00 secs] 
2024-10-07T16:29:38.597+0300: 931.304: Total time for which application threads were stopped: 0.0012607 seconds, Stopping threads took: 0.0001647 seconds
2024-10-07T16:29:39.519+0300: 932.229: Application time: 0.9245687 seconds
2024-10-07T16:29:39.519+0300: 932.229: [GC (Allocation Failure) 2024-10-07T16:29:39.519+0300: 932.229: [ParNew: 281211K->1588K(314560K), 0.0009615 secs] 285636K->6013K(1013632K), 0.0010207 secs] [Times: user=0.02 sys=0.00, real=0.02 secs] 
2024-10-07T16:29:39.535+0300: 932.230: Total time for which application threads were stopped: 0.0013274 seconds, Stopping threads took: 0.0001960 seconds
2024-10-07T16:29:40.460+0300: 933.155: Application time: 0.9247492 seconds
2024-10-07T16:29:40.460+0300: 933.155: [GC (Allocation Failure) 2024-10-07T16:29:40.460+0300: 933.155: [ParNew: 281204K->1587K(314560K), 0.0008839 secs] 285629K->6012K(1013632K), 0.0009481 secs] [Times: user=0.03 sys=0.00, real=0.00 secs] 
2024-10-07T16:29:40.460+0300: 933.156: Total time for which application threads were stopped: 0.0012056 seconds, Stopping threads took: 0.0001408 seconds
2024-10-07T16:29:41.385+0300: 934.081: Application time: 0.9247658 seconds
2024-10-07T16:29:41.385+0300: 934.081: [GC (Allocation Failure) 2024-10-07T16:29:41.385+0300: 934.081: [ParNew: 281203K->1674K(314560K), 0.0008942 secs] 285628K->6100K(1013632K), 0.0009352 secs] [Times: user=0.00 sys=0.00, real=0.00 secs] 
2024-10-07T16:29:41.387+0300: 934.082: Total time for which application threads were stopped: 0.0011643 seconds, Stopping threads took: 0.0001334 seconds
2024-10-07T16:29:42.311+0300: 935.009: Application time: 0.9273499 seconds
2024-10-07T16:29:42.311+0300: 935.009: [GC (Allocation Failure) 2024-10-07T16:29:42.311+0300: 935.009: [ParNew: 281290K->1658K(314560K), 0.0009160 secs] 285716K->6084K(1013632K), 0.0009805 secs] [Times: user=0.00 sys=0.00, real=0.00 secs] 
2024-10-07T16:29:42.311+0300: 935.010: Total time for which application threads were stopped: 0.0012599 seconds, Stopping threads took: 0.0001631 seconds
2024-10-07T16:29:43.268+0300: 935.968: Application time: 0.9578384 seconds
2024-10-07T16:29:43.268+0300: 935.969: [GC (Allocation Failure) 2024-10-07T16:29:43.268+0300: 935.969: [ParNew: 281274K->1692K(314560K), 0.0008454 secs] 285700K->6119K(1013632K), 0.0008935 secs] [Times: user=0.02 sys=0.00, real=0.01 secs] 
2024-10-07T16:29:43.275+0300: 935.969: Total time for which application threads were stopped: 0.0012122 seconds, Stopping threads took: 0.0001964 seconds
2024-10-07T16:29:44.210+0300: 936.917: Application time: 0.9476877 seconds
2024-10-07T16:29:44.210+0300: 936.917: [GC (Allocation Failure) 2024-10-07T16:29:44.210+0300: 936.917: [ParNew: 281308K->1435K(314560K), 0.0009527 secs] 285735K->5862K(1013632K), 0.0010092 secs] [Times: user=0.00 sys=0.00, real=0.01 secs] 
2024-10-07T16:29:44.224+0300: 936.918: Total time for which application threads were stopped: 0.0012884 seconds, Stopping threads took: 0.0001667 seconds
2024-10-07T16:29:45.215+0300: 937.921: Application time: 1.0020820 seconds
2024-10-07T16:29:45.215+0300: 937.921: [GC (Allocation Failure) 2024-10-07T16:29:45.215+0300: 937.921: [ParNew: 281051K->1612K(314560K), 0.0008673 secs] 285478K->6039K(1013632K), 0.0009165 secs] [Times: user=0.00 sys=0.00, real=0.00 secs] 
2024-10-07T16:29:45.215+0300: 937.922: Total time for which application threads were stopped: 0.0012017 seconds, Stopping threads took: 0.0001916 seconds
2024-10-07T16:29:46.140+0300: 938.845: Application time: 0.9227670 seconds
2024-10-07T16:29:46.140+0300: 938.845: [GC (Allocation Failure) 2024-10-07T16:29:46.140+0300: 938.845: [ParNew: 281228K->1652K(314560K), 0.0009085 secs] 285655K->6079K(1013632K), 0.0009600 secs] [Times: user=0.02 sys=0.00, real=0.01 secs] 
2024-10-07T16:29:46.151+0300: 938.846: Total time for which application threads were stopped: 0.0013246 seconds, Stopping threads took: 0.0001181 seconds
2024-10-07T16:29:47.066+0300: 939.774: Application time: 0.9276928 seconds
2024-10-07T16:29:47.066+0300: 939.774: [GC (Allocation Failure) 2024-10-07T16:29:47.066+0300: 939.774: [ParNew: 281268K->1581K(314560K), 0.0008780 secs] 285695K->6009K(1013632K), 0.0010031 secs] [Times: user=0.00 sys=0.00, real=0.00 secs] 
2024-10-07T16:29:47.066+0300: 939.775: Total time for which application threads were stopped: 0.0012633 seconds, Stopping threads took: 0.0001335 seconds
2024-10-07T16:29:47.991+0300: 940.699: Application time: 0.9237029 seconds
2024-10-07T16:29:47.991+0300: 940.699: [GC (Allocation Failure) 2024-10-07T16:29:47.991+0300: 940.699: [ParNew: 281197K->1673K(314560K), 0.0008242 secs] 285625K->6101K(1013632K), 0.0008726 secs] [Times: user=0.00 sys=0.02, real=0.01 secs] 
2024-10-07T16:29:48.005+0300: 940.700: Total time for which application threads were stopped: 0.0011443 seconds, Stopping threads took: 0.0001765 seconds
2024-10-07T16:29:48.932+0300: 941.629: Application time: 0.9294802 seconds
2024-10-07T16:29:48.932+0300: 941.629: [GC (Allocation Failure) 2024-10-07T16:29:48.932+0300: 941.629: [ParNew: 281289K->1601K(314560K), 0.0008191 secs] 285717K->6030K(1013632K), 0.0008919 secs] [Times: user=0.00 sys=0.00, real=0.00 secs] 
2024-10-07T16:29:48.932+0300: 941.630: Total time for which application threads were stopped: 0.0011589 seconds, Stopping threads took: 0.0001496 seconds
2024-10-07T16:29:49.874+0300: 942.575: Application time: 0.9443242 seconds
2024-10-07T16:29:49.874+0300: 942.575: [GC (Allocation Failure) 2024-10-07T16:29:49.874+0300: 942.575: [ParNew: 281217K->1567K(314560K), 0.0008313 secs] 285646K->5996K(1013632K), 0.0008808 secs] [Times: user=0.00 sys=0.00, real=0.01 secs] 
2024-10-07T16:29:49.881+0300: 942.576: Total time for which application threads were stopped: 0.0011592 seconds, Stopping threads took: 0.0001758 seconds
2024-10-07T16:29:50.820+0300: 943.522: Application time: 0.9460715 seconds
2024-10-07T16:29:50.820+0300: 943.522: [GC (Allocation Failure) 2024-10-07T16:29:50.820+0300: 943.522: [ParNew: 281183K->1488K(314560K), 0.0008526 secs] 285612K->5917K(1013632K), 0.0009058 secs] [Times: user=0.00 sys=0.00, real=0.00 secs] 
2024-10-07T16:29:50.820+0300: 943.523: Total time for which application threads were stopped: 0.0011586 seconds, Stopping threads took: 0.0001630 seconds
2024-10-07T16:29:51.773+0300: 944.479: Application time: 0.9562285 seconds
2024-10-07T16:29:51.773+0300: 944.480: [GC (Allocation Failure) 2024-10-07T16:29:51.773+0300: 944.480: [ParNew: 281104K->1670K(314560K), 0.0008713 secs] 285533K->6100K(1013632K), 0.0009455 secs] [Times: user=0.00 sys=0.00, real=0.01 secs] 
2024-10-07T16:29:51.786+0300: 944.481: Total time for which application threads were stopped: 0.0012747 seconds, Stopping threads took: 0.0002130 seconds
2024-10-07T16:29:52.762+0300: 945.469: Application time: 0.9887430 seconds
2024-10-07T16:29:52.762+0300: 945.469: [GC (Allocation Failure) 2024-10-07T16:29:52.762+0300: 945.470: [ParNew: 281286K->1666K(314560K), 0.0008800 secs] 285715K->6096K(1013632K), 0.0009335 secs] [Times: user=0.02 sys=0.00, real=0.00 secs] 
2024-10-07T16:29:52.762+0300: 945.470: Total time for which application threads were stopped: 0.0011781 seconds, Stopping threads took: 0.0001461 seconds
2024-10-07T16:29:53.687+0300: 946.396: Application time: 0.9253555 seconds
2024-10-07T16:29:53.687+0300: 946.396: [GC (Allocation Failure) 2024-10-07T16:29:53.687+0300: 946.396: [ParNew: 281282K->1584K(314560K), 0.0008431 secs] 285712K->6015K(1013632K), 0.0008913 secs] [Times: user=0.00 sys=0.00, real=0.00 secs] 
2024-10-07T16:29:53.687+0300: 946.397: Total time for which application threads were stopped: 0.0011328 seconds, Stopping threads took: 0.0001539 seconds
2024-10-07T16:29:54.627+0300: 947.323: Application time: 0.9263735 seconds
2024-10-07T16:29:54.627+0300: 947.324: [GC (Allocation Failure) 2024-10-07T16:29:54.627+0300: 947.324: [ParNew: 281200K->1674K(314560K), 0.0008476 secs] 285631K->6105K(1013632K), 0.0009000 secs] [Times: user=0.00 sys=0.00, real=0.00 secs] 
2024-10-07T16:29:54.630+0300: 947.324: Total time for which application threads were stopped: 0.0011126 seconds, Stopping threads took: 0.0001052 seconds
2024-10-07T16:29:55.555+0300: 948.254: Application time: 0.9298843 seconds
2024-10-07T16:29:55.555+0300: 948.255: [GC (Allocation Failure) 2024-10-07T16:29:55.555+0300: 948.255: [ParNew: 281290K->1658K(314560K), 0.0009453 secs] 285721K->6090K(1013632K), 0.0010000 secs] [Times: user=0.00 sys=0.00, real=0.01 secs] 
2024-10-07T16:29:55.561+0300: 948.256: Total time for which application threads were stopped: 0.0012493 seconds, Stopping threads took: 0.0001124 seconds
2024-10-07T16:29:56.481+0300: 949.183: Application time: 0.9277702 seconds
2024-10-07T16:29:56.481+0300: 949.184: [GC (Allocation Failure) 2024-10-07T16:29:56.481+0300: 949.184: [ParNew: 281274K->1604K(314560K), 0.0008538 secs] 285706K->6036K(1013632K), 0.0009163 secs] [Times: user=0.00 sys=0.00, real=0.00 secs] 
2024-10-07T16:29:56.481+0300: 949.185: Total time for which application threads were stopped: 0.0011494 seconds, Stopping threads took: 0.0001236 seconds
2024-10-07T16:29:57.438+0300: 950.135: Application time: 0.9503131 seconds
2024-10-07T16:29:57.438+0300: 950.135: [GC (Allocation Failure) 2024-10-07T16:29:57.438+0300: 950.135: [ParNew: 281220K->1767K(314560K), 0.0009532 secs] 285652K->6199K(1013632K), 0.0010024 secs] [Times: user=0.00 sys=0.00, real=0.00 secs] 
2024-10-07T16:29:57.441+0300: 950.136: Total time for which application threads were stopped: 0.0015445 seconds, Stopping threads took: 0.0004526 seconds
2024-10-07T16:29:58.364+0300: 951.073: Application time: 0.9365256 seconds
2024-10-07T16:29:58.364+0300: 951.073: [GC (Allocation Failure) 2024-10-07T16:29:58.364+0300: 951.073: [ParNew: 281383K->1447K(314560K), 0.0009559 secs] 285815K->5879K(1013632K), 0.0010098 secs] [Times: user=0.00 sys=0.00, real=0.00 secs] 
2024-10-07T16:29:58.364+0300: 951.074: Total time for which application threads were stopped: 0.0013131 seconds, Stopping threads took: 0.0002014 seconds
2024-10-07T16:29:59.337+0300: 952.047: Application time: 0.9728291 seconds
2024-10-07T16:29:59.337+0300: 952.047: [GC (Allocation Failure) 2024-10-07T16:29:59.337+0300: 952.047: [ParNew: 281063K->1554K(314560K), 0.0010111 secs] 285495K->5987K(1013632K), 0.0010572 secs] [Times: user=0.03 sys=0.00, real=0.02 secs] 
2024-10-07T16:29:59.353+0300: 952.048: Total time for which application threads were stopped: 0.0013741 seconds, Stopping threads took: 0.0001783 seconds
2024-10-07T16:30:00.325+0300: 953.027: Application time: 0.9782123 seconds
2024-10-07T16:30:00.325+0300: 953.027: [GC (Allocation Failure) 2024-10-07T16:30:00.325+0300: 953.027: [ParNew: 281170K->1499K(314560K), 0.0009005 secs] 285603K->5933K(1013632K), 0.0009546 secs] [Times: user=0.00 sys=0.00, real=0.01 secs] 
2024-10-07T16:30:00.333+0300: 953.028: Total time for which application threads were stopped: 0.0012012 seconds, Stopping threads took: 0.0001474 seconds
2024-10-07T16:30:01.251+0300: 953.952: Application time: 0.9243887 seconds
2024-10-07T16:30:01.251+0300: 953.952: [GC (Allocation Failure) 2024-10-07T16:30:01.251+0300: 953.953: [ParNew: 281115K->1675K(314560K), 0.0010161 secs] 285549K->6109K(1013632K), 0.0011270 secs] [Times: user=0.00 sys=0.00, real=0.00 secs] 
2024-10-07T16:30:01.251+0300: 953.954: Total time for which application threads were stopped: 0.0013873 seconds, Stopping threads took: 0.0000827 seconds
2024-10-07T16:30:02.177+0300: 954.881: Application time: 0.9275209 seconds
2024-10-07T16:30:02.177+0300: 954.881: [GC (Allocation Failure) 2024-10-07T16:30:02.177+0300: 954.881: [ParNew: 281291K->1514K(314560K), 0.0008799 secs] 285725K->5948K(1013632K), 0.0009375 secs] [Times: user=0.02 sys=0.00, real=0.01 secs] 
2024-10-07T16:30:02.187+0300: 954.882: Total time for which application threads were stopped: 0.0011715 seconds, Stopping threads took: 0.0001380 seconds
2024-10-07T16:30:03.118+0300: 955.815: Application time: 0.9329767 seconds
2024-10-07T16:30:03.118+0300: 955.816: [GC (Allocation Failure) 2024-10-07T16:30:03.118+0300: 955.816: [ParNew: 281130K->1654K(314560K), 0.0008634 secs] 285564K->6089K(1013632K), 0.0009192 secs] [Times: user=0.00 sys=0.00, real=0.00 secs] 
2024-10-07T16:30:03.118+0300: 955.816: Total time for which application threads were stopped: 0.0011715 seconds, Stopping threads took: 0.0001628 seconds
2024-10-07T16:30:04.044+0300: 956.749: Application time: 0.9327237 seconds
2024-10-07T16:30:04.044+0300: 956.749: [GC (Allocation Failure) 2024-10-07T16:30:04.044+0300: 956.749: [ParNew: 281270K->1582K(314560K), 0.0009419 secs] 285705K->6017K(1013632K), 0.0009927 secs] [Times: user=0.00 sys=0.00, real=0.01 secs] 
2024-10-07T16:30:04.055+0300: 956.750: Total time for which application threads were stopped: 0.0011725 seconds, Stopping threads took: 0.0000789 seconds
2024-10-07T16:30:05.001+0300: 957.698: Application time: 0.9477734 seconds
2024-10-07T16:30:05.001+0300: 957.698: [GC (Allocation Failure) 2024-10-07T16:30:05.001+0300: 957.698: [ParNew: 281198K->1671K(314560K), 0.0009129 secs] 285633K->6106K(1013632K), 0.0009718 secs] [Times: user=0.00 sys=0.00, real=0.00 secs] 
2024-10-07T16:30:05.001+0300: 957.699: Total time for which application threads were stopped: 0.0012496 seconds, Stopping threads took: 0.0001490 seconds
2024-10-07T16:30:05.942+0300: 958.642: Application time: 0.9425210 seconds
2024-10-07T16:30:05.942+0300: 958.642: [GC (Allocation Failure) 2024-10-07T16:30:05.948+0300: 958.644: [ParNew: 281287K->1689K(314560K), 0.0009626 secs] 285722K->6125K(1013632K), 0.0027126 secs] [Times: user=0.00 sys=0.00, real=0.01 secs] 
2024-10-07T16:30:05.948+0300: 958.645: Total time for which application threads were stopped: 0.0029697 seconds, Stopping threads took: 0.0001228 seconds
2024-10-07T16:30:06.931+0300: 959.629: Application time: 0.9844954 seconds
2024-10-07T16:30:06.931+0300: 959.630: [GC (Allocation Failure) 2024-10-07T16:30:06.931+0300: 959.630: [ParNew: 281305K->1497K(314560K), 0.0008973 secs] 285741K->5933K(1013632K), 0.0009672 secs] [Times: user=0.00 sys=0.00, real=0.01 secs] 
2024-10-07T16:30:06.936+0300: 959.631: Total time for which application threads were stopped: 0.0013090 seconds, Stopping threads took: 0.0001937 seconds
2024-10-07T16:30:07.889+0300: 960.585: Application time: 0.9544779 seconds
2024-10-07T16:30:07.889+0300: 960.585: [GC (Allocation Failure) 2024-10-07T16:30:07.889+0300: 960.585: [ParNew: 281113K->1673K(314560K), 0.0008496 secs] 285549K->6110K(1013632K), 0.0009067 secs] [Times: user=0.02 sys=0.00, real=0.00 secs] 
2024-10-07T16:30:07.889+0300: 960.586: Total time for which application threads were stopped: 0.0011692 seconds, Stopping threads took: 0.0001492 seconds
2024-10-07T16:30:08.814+0300: 961.518: Application time: 0.9314970 seconds
2024-10-07T16:30:08.814+0300: 961.518: [GC (Allocation Failure) 2024-10-07T16:30:08.814+0300: 961.518: [ParNew: 281289K->1512K(314560K), 0.0008559 secs] 285726K->5949K(1013632K), 0.0009071 secs] [Times: user=0.00 sys=0.00, real=0.01 secs] 
2024-10-07T16:30:08.824+0300: 961.519: Total time for which application threads were stopped: 0.0011384 seconds, Stopping threads took: 0.0001412 seconds
2024-10-07T16:30:09.740+0300: 962.446: Application time: 0.9267952 seconds
2024-10-07T16:30:09.740+0300: 962.446: [GC (Allocation Failure) 2024-10-07T16:30:09.740+0300: 962.446: [ParNew: 281128K->1423K(314560K), 0.0009279 secs] 285565K->5860K(1013632K), 0.0009874 secs] [Times: user=0.01 sys=0.00, real=0.01 secs] 
2024-10-07T16:30:09.752+0300: 962.447: Total time for which application threads were stopped: 0.0012408 seconds, Stopping threads took: 0.0001213 seconds
2024-10-07T16:30:10.681+0300: 963.391: Application time: 0.9443695 seconds
2024-10-07T16:30:10.697+0300: 963.392: [GC (Allocation Failure) 2024-10-07T16:30:10.697+0300: 963.392: [ParNew: 281039K->1653K(314560K), 0.0008696 secs] 285476K->6091K(1013632K), 0.0009283 secs] [Times: user=0.00 sys=0.00, real=0.00 secs] 
2024-10-07T16:30:10.697+0300: 963.393: Total time for which application threads were stopped: 0.0011773 seconds, Stopping threads took: 0.0001309 seconds
2024-10-07T16:30:11.654+0300: 964.350: Application time: 0.9571815 seconds
2024-10-07T16:30:11.654+0300: 964.350: [GC (Allocation Failure) 2024-10-07T16:30:11.654+0300: 964.350: [ParNew: 281269K->1581K(314560K), 0.0008407 secs] 285707K->6019K(1013632K), 0.0008963 secs] [Times: user=0.00 sys=0.00, real=0.00 secs] 
2024-10-07T16:30:11.654+0300: 964.351: Total time for which application threads were stopped: 0.0011970 seconds, Stopping threads took: 0.0002093 seconds
2024-10-07T16:30:12.595+0300: 965.302: Application time: 0.9511780 seconds
2024-10-07T16:30:12.595+0300: 965.302: [GC (Allocation Failure) 2024-10-07T16:30:12.595+0300: 965.302: [ParNew: 281197K->1666K(314560K), 0.0008360 secs] 285635K->6104K(1013632K), 0.0008853 secs] [Times: user=0.00 sys=0.00, real=0.00 secs] 
2024-10-07T16:30:12.595+0300: 965.303: Total time for which application threads were stopped: 0.0011202 seconds, Stopping threads took: 0.0001404 seconds
2024-10-07T16:30:13.536+0300: 966.244: Application time: 0.9407319 seconds
2024-10-07T16:30:13.536+0300: 966.244: [GC (Allocation Failure) 2024-10-07T16:30:13.536+0300: 966.244: [ParNew: 281282K->1671K(314560K), 0.0009788 secs] 285720K->6110K(1013632K), 0.0010886 secs] [Times: user=0.00 sys=0.00, real=0.00 secs] 
2024-10-07T16:30:13.536+0300: 966.245: Total time for which application threads were stopped: 0.0014499 seconds, Stopping threads took: 0.0002261 seconds
2024-10-07T16:30:14.541+0300: 967.241: Application time: 0.9950703 seconds
2024-10-07T16:30:14.541+0300: 967.241: [GC (Allocation Failure) 2024-10-07T16:30:14.541+0300: 967.241: [ParNew: 281287K->1424K(314560K), 0.0008460 secs] 285726K->5863K(1013632K), 0.0009087 secs] [Times: user=0.00 sys=0.00, real=0.00 secs] 
2024-10-07T16:30:14.541+0300: 967.242: Total time for which application threads were stopped: 0.0011653 seconds, Stopping threads took: 0.0001320 seconds
2024-10-07T16:30:15.498+0300: 968.200: Application time: 0.9581553 seconds
2024-10-07T16:30:15.498+0300: 968.200: [GC (Allocation Failure) 2024-10-07T16:30:15.498+0300: 968.200: [ParNew: 281040K->1568K(314560K), 0.0008515 secs] 285479K->6007K(1013632K), 0.0009099 secs] [Times: user=0.00 sys=0.00, real=0.00 secs] 
2024-10-07T16:30:15.498+0300: 968.201: Total time for which application threads were stopped: 0.0011202 seconds, Stopping threads took: 0.0001061 seconds
2024-10-07T16:30:16.424+0300: 969.129: Application time: 0.9277425 seconds
2024-10-07T16:30:16.424+0300: 969.129: [GC (Allocation Failure) 2024-10-07T16:30:16.424+0300: 969.129: [ParNew: 281184K->1514K(314560K), 0.0009546 secs] 285623K->5953K(1013632K), 0.0010210 secs] [Times: user=0.00 sys=0.00, real=0.00 secs] 
2024-10-07T16:30:16.424+0300: 969.130: Total time for which application threads were stopped: 0.0012104 seconds, Stopping threads took: 0.0000891 seconds
2024-10-07T16:30:17.365+0300: 970.060: Application time: 0.9302437 seconds
2024-10-07T16:30:17.365+0300: 970.060: [GC (Allocation Failure) 2024-10-07T16:30:17.365+0300: 970.060: [ParNew: 281130K->1678K(314560K), 0.0009429 secs] 285569K->6119K(1013632K), 0.0009940 secs] [Times: user=0.00 sys=0.00, real=0.00 secs] 
2024-10-07T16:30:17.365+0300: 970.061: Total time for which application threads were stopped: 0.0012435 seconds, Stopping threads took: 0.0001494 seconds
2024-10-07T16:30:18.290+0300: 970.992: Application time: 0.9303034 seconds
2024-10-07T16:30:18.290+0300: 970.992: [GC (Allocation Failure) 2024-10-07T16:30:18.290+0300: 970.994: [ParNew: 281294K->1571K(314560K), 0.0010320 secs] 285735K->6011K(1013632K), 0.0033441 secs] [Times: user=0.00 sys=0.00, real=0.00 secs] 
2024-10-07T16:30:18.290+0300: 970.995: Total time for which application threads were stopped: 0.0036665 seconds, Stopping threads took: 0.0001562 seconds
2024-10-07T16:30:19.247+0300: 971.949: Application time: 0.9534994 seconds
2024-10-07T16:30:19.247+0300: 971.949: [GC (Allocation Failure) 2024-10-07T16:30:19.247+0300: 971.949: [ParNew: 281187K->1694K(314560K), 0.0008537 secs] 285627K->6135K(1013632K), 0.0008974 secs] [Times: user=0.00 sys=0.00, real=0.00 secs] 
2024-10-07T16:30:19.247+0300: 971.950: Total time for which application threads were stopped: 0.0011967 seconds, Stopping threads took: 0.0001496 seconds
2024-10-07T16:30:20.189+0300: 972.887: Application time: 0.9372496 seconds
2024-10-07T16:30:20.189+0300: 972.888: [GC (Allocation Failure) 2024-10-07T16:30:20.189+0300: 972.888: [ParNew: 281310K->1458K(314560K), 0.0008923 secs] 285751K->5899K(1013632K), 0.0009433 secs] [Times: user=0.00 sys=0.00, real=0.00 secs] 
2024-10-07T16:30:20.193+0300: 972.889: Total time for which application threads were stopped: 0.0011804 seconds, Stopping threads took: 0.0001385 seconds
2024-10-07T16:30:21.146+0300: 973.844: Application time: 0.9551762 seconds
2024-10-07T16:30:21.146+0300: 973.844: [GC (Allocation Failure) 2024-10-07T16:30:21.146+0300: 973.844: [ParNew: 281074K->1537K(314560K), 0.0009103 secs] 285515K->5979K(1013632K), 0.0009556 secs] [Times: user=0.01 sys=0.00, real=0.00 secs] 
2024-10-07T16:30:21.146+0300: 973.845: Total time for which application threads were stopped: 0.0012020 seconds, Stopping threads took: 0.0001275 seconds
2024-10-07T16:30:22.119+0300: 974.827: Application time: 0.9816764 seconds
2024-10-07T16:30:22.119+0300: 974.827: [GC (Allocation Failure) 2024-10-07T16:30:22.119+0300: 974.827: [ParNew: 281153K->1532K(314560K), 0.0009712 secs] 285595K->5974K(1013632K), 0.0010421 secs] [Times: user=0.00 sys=0.00, real=0.01 secs] 
2024-10-07T16:30:22.133+0300: 974.828: Total time for which application threads were stopped: 0.0013598 seconds, Stopping threads took: 0.0002067 seconds
2024-10-07T16:30:23.076+0300: 975.771: Application time: 0.9432817 seconds
2024-10-07T16:30:23.076+0300: 975.772: [GC (Allocation Failure) 2024-10-07T16:30:23.076+0300: 975.772: [ParNew: 281148K->1562K(314560K), 0.0010053 secs] 285590K->6004K(1013632K), 0.0011705 secs] [Times: user=0.00 sys=0.00, real=0.00 secs] 
2024-10-07T16:30:23.076+0300: 975.773: Total time for which application threads were stopped: 0.0014751 seconds, Stopping threads took: 0.0001551 seconds
2024-10-07T16:30:24.003+0300: 976.701: Application time: 0.9284893 seconds
2024-10-07T16:30:24.003+0300: 976.701: [GC (Allocation Failure) 2024-10-07T16:30:24.003+0300: 976.702: [ParNew: 281178K->1564K(314560K), 0.0009533 secs] 285620K->6007K(1013632K), 0.0010153 secs] [Times: user=0.00 sys=0.00, real=0.00 secs] 
2024-10-07T16:30:24.008+0300: 976.703: Total time for which application threads were stopped: 0.0013103 seconds, Stopping threads took: 0.0001730 seconds
2024-10-07T16:30:24.928+0300: 977.631: Application time: 0.9282134 seconds
2024-10-07T16:30:24.928+0300: 977.631: [GC (Allocation Failure) 2024-10-07T16:30:24.928+0300: 977.631: [ParNew: 281180K->1587K(314560K), 0.0009272 secs] 285623K->6030K(1013632K), 0.0009742 secs] [Times: user=0.00 sys=0.00, real=0.00 secs] 
2024-10-07T16:30:24.928+0300: 977.632: Total time for which application threads were stopped: 0.0012590 seconds, Stopping threads took: 0.0001835 seconds
2024-10-07T16:30:25.854+0300: 978.564: Application time: 0.9320338 seconds
2024-10-07T16:30:25.854+0300: 978.564: [GC (Allocation Failure) 2024-10-07T16:30:25.854+0300: 978.564: [ParNew: 281203K->1699K(314560K), 0.0009083 secs] 285646K->6143K(1013632K), 0.0009720 secs] [Times: user=0.00 sys=0.00, real=0.02 secs] 
2024-10-07T16:30:25.870+0300: 978.565: Total time for which application threads were stopped: 0.0011943 seconds, Stopping threads took: 0.0001209 seconds
2024-10-07T16:30:26.811+0300: 979.517: Application time: 0.9513375 seconds
2024-10-07T16:30:26.811+0300: 979.517: [GC (Allocation Failure) 2024-10-07T16:30:26.811+0300: 979.517: [ParNew: 281315K->1484K(314560K), 0.0008726 secs] 285759K->5928K(1013632K), 0.0009352 secs] [Times: user=0.00 sys=0.00, real=0.00 secs] 
2024-10-07T16:30:26.811+0300: 979.518: Total time for which application threads were stopped: 0.0011836 seconds, Stopping threads took: 0.0001295 seconds
2024-10-07T16:30:27.752+0300: 980.453: Application time: 0.9356561 seconds
2024-10-07T16:30:27.752+0300: 980.454: [GC (Allocation Failure) 2024-10-07T16:30:27.752+0300: 980.454: [ParNew: 281100K->1656K(314560K), 0.0008770 secs] 285544K->6099K(1013632K), 0.0009320 secs] [Times: user=0.03 sys=0.00, real=0.00 secs] 
2024-10-07T16:30:27.752+0300: 980.455: Total time for which application threads were stopped: 0.0011859 seconds, Stopping threads took: 0.0001639 seconds
2024-10-07T16:30:28.724+0300: 981.421: Application time: 0.9659529 seconds
2024-10-07T16:30:28.724+0300: 981.421: [GC (Allocation Failure) 2024-10-07T16:30:28.724+0300: 981.421: [ParNew: 281272K->1398K(314560K), 0.0008647 secs] 285715K->5842K(1013632K), 0.0009162 secs] [Times: user=0.00 sys=0.00, real=0.00 secs] 
2024-10-07T16:30:28.724+0300: 981.422: Total time for which application threads were stopped: 0.0011698 seconds, Stopping threads took: 0.0001505 seconds
2024-10-07T16:30:29.697+0300: 982.397: Application time: 0.9754303 seconds
2024-10-07T16:30:29.697+0300: 982.397: [GC (Allocation Failure) 2024-10-07T16:30:29.697+0300: 982.397: [ParNew: 281014K->1743K(314560K), 0.0008595 secs] 285458K->6189K(1013632K), 0.0009249 secs] [Times: user=0.00 sys=0.00, real=0.00 secs] 
2024-10-07T16:30:29.697+0300: 982.398: Total time for which application threads were stopped: 0.0011973 seconds, Stopping threads took: 0.0001571 seconds
2024-10-07T16:30:29.807+0300: 982.503: Application time: 0.1047166 seconds
2024-10-07T16:30:29.807+0300: 982.503: Total time for which application threads were stopped: 0.0002366 seconds, Stopping threads took: 0.0001442 seconds
2024-10-07T16:30:30.765+0300: 983.474: Application time: 0.9711465 seconds
2024-10-07T16:30:30.780+0300: 983.475: Total time for which application threads were stopped: 0.0004693 seconds, Stopping threads took: 0.0004402 seconds
2024-10-07T16:30:31.031+0300: 983.736: Application time: 0.2610343 seconds
2024-10-07T16:30:31.031+0300: 983.736: [GC (Allocation Failure) 2024-10-07T16:30:31.031+0300: 983.736: [ParNew: 281359K->1485K(314560K), 0.0008938 secs] 285805K->5931K(1013632K), 0.0009691 secs] [Times: user=0.00 sys=0.00, real=0.00 secs] 
2024-10-07T16:30:31.031+0300: 983.737: Total time for which application threads were stopped: 0.0012038 seconds, Stopping threads took: 0.0001152 seconds
2024-10-07T16:30:31.957+0300: 984.652: Application time: 0.9152623 seconds
2024-10-07T16:30:31.957+0300: 984.653: [GC (Allocation Failure) 2024-10-07T16:30:31.957+0300: 984.653: [ParNew: 281101K->1715K(314560K), 0.0009862 secs] 285547K->6161K(1013632K), 0.0010372 secs] [Times: user=0.00 sys=0.00, real=0.00 secs] 
2024-10-07T16:30:31.957+0300: 984.654: Total time for which application threads were stopped: 0.0012595 seconds, Stopping threads took: 0.0001306 seconds
2024-10-07T16:30:32.920+0300: 985.616: Application time: 0.9625473 seconds
2024-10-07T16:30:32.920+0300: 985.616: [GC (Allocation Failure) 2024-10-07T16:30:32.920+0300: 985.616: [ParNew: 281331K->1549K(314560K), 0.0008970 secs] 285777K->5995K(1013632K), 0.0009464 secs] [Times: user=0.00 sys=0.00, real=0.00 secs] 
2024-10-07T16:30:32.920+0300: 985.617: Total time for which application threads were stopped: 0.0011720 seconds, Stopping threads took: 0.0001374 seconds
2024-10-07T16:30:33.886+0300: 986.591: Application time: 0.9740545 seconds
2024-10-07T16:30:33.886+0300: 986.592: [GC (Allocation Failure) 2024-10-07T16:30:33.886+0300: 986.592: [ParNew: 281165K->1613K(314560K), 0.0008910 secs] 285611K->6059K(1013632K), 0.0009399 secs] [Times: user=0.00 sys=0.00, real=0.00 secs] 
2024-10-07T16:30:33.886+0300: 986.593: Total time for which application threads were stopped: 0.0011685 seconds, Stopping threads took: 0.0001388 seconds
2024-10-07T16:30:34.828+0300: 987.530: Application time: 0.9370201 seconds
2024-10-07T16:30:34.828+0300: 987.530: [GC (Allocation Failure) 2024-10-07T16:30:34.828+0300: 987.530: [ParNew: 281229K->1609K(314560K), 0.0009013 secs] 285675K->6056K(1013632K), 0.0009498 secs] [Times: user=0.00 sys=0.00, real=0.00 secs] 
2024-10-07T16:30:34.828+0300: 987.531: Total time for which application threads were stopped: 0.0012197 seconds, Stopping threads took: 0.0001847 seconds
2024-10-07T16:30:35.785+0300: 988.488: Application time: 0.9573973 seconds
2024-10-07T16:30:35.785+0300: 988.489: [GC (Allocation Failure) 2024-10-07T16:30:35.785+0300: 988.489: [ParNew: 281225K->1549K(314560K), 0.0009335 secs] 285672K->5997K(1013632K), 0.0009886 secs] [Times: user=0.00 sys=0.00, real=0.00 secs] 
2024-10-07T16:30:35.785+0300: 988.490: Total time for which application threads were stopped: 0.0012199 seconds, Stopping threads took: 0.0001445 seconds
2024-10-07T16:30:36.711+0300: 989.417: Application time: 0.9274818 seconds
2024-10-07T16:30:36.711+0300: 989.417: [GC (Allocation Failure) 2024-10-07T16:30:36.711+0300: 989.417: [ParNew: 281165K->1511K(314560K), 0.0008812 secs] 285613K->5964K(1013632K), 0.0009307 secs] [Times: user=0.00 sys=0.00, real=0.00 secs] 
2024-10-07T16:30:36.711+0300: 989.418: Total time for which application threads were stopped: 0.0011374 seconds, Stopping threads took: 0.0001205 seconds
2024-10-07T16:30:37.636+0300: 990.345: Application time: 0.9268612 seconds
2024-10-07T16:30:37.636+0300: 990.345: [GC (Allocation Failure) 2024-10-07T16:30:37.636+0300: 990.345: [ParNew: 281127K->1583K(314560K), 0.0009906 secs] 285580K->6037K(1013632K), 0.0010484 secs] [Times: user=0.00 sys=0.00, real=0.00 secs] 
2024-10-07T16:30:37.636+0300: 990.346: Total time for which application threads were stopped: 0.0012951 seconds, Stopping threads took: 0.0001545 seconds
2024-10-07T16:30:38.578+0300: 991.272: Application time: 0.9259405 seconds
2024-10-07T16:30:38.578+0300: 991.273: [GC (Allocation Failure) 2024-10-07T16:30:38.578+0300: 991.273: [ParNew: 281199K->1563K(314560K), 0.0008890 secs] 285653K->6016K(1013632K), 0.0009531 secs] [Times: user=0.00 sys=0.00, real=0.00 secs] 
2024-10-07T16:30:38.578+0300: 991.274: Total time for which application threads were stopped: 0.0012746 seconds, Stopping threads took: 0.0001941 seconds
2024-10-07T16:30:39.510+0300: 992.208: Application time: 0.9343527 seconds
2024-10-07T16:30:39.510+0300: 992.208: [GC (Allocation Failure) 2024-10-07T16:30:39.510+0300: 992.208: [ParNew: 281179K->1580K(314560K), 0.0008531 secs] 285632K->6034K(1013632K), 0.0008998 secs] [Times: user=0.00 sys=0.00, real=0.00 secs] 
2024-10-07T16:30:39.510+0300: 992.209: Total time for which application threads were stopped: 0.0011106 seconds, Stopping threads took: 0.0001267 seconds
2024-10-07T16:30:40.477+0300: 993.180: Application time: 0.9706952 seconds
2024-10-07T16:30:40.477+0300: 993.180: [GC (Allocation Failure) 2024-10-07T16:30:40.477+0300: 993.180: [ParNew: 281196K->1671K(314560K), 0.0008286 secs] 285650K->6125K(1013632K), 0.0008866 secs] [Times: user=0.00 sys=0.00, real=0.00 secs] 
2024-10-07T16:30:40.477+0300: 993.181: Total time for which application threads were stopped: 0.0011073 seconds, Stopping threads took: 0.0001109 seconds
2024-10-07T16:30:41.433+0300: 994.143: Application time: 0.9619361 seconds
2024-10-07T16:30:41.433+0300: 994.143: [GC (Allocation Failure) 2024-10-07T16:30:41.433+0300: 994.143: [ParNew: 281287K->1430K(314560K), 0.0009874 secs] 285741K->5885K(1013632K), 0.0010513 secs] [Times: user=0.02 sys=0.00, real=0.02 secs] 
2024-10-07T16:30:41.449+0300: 994.144: Total time for which application threads were stopped: 0.0012673 seconds, Stopping threads took: 0.0001137 seconds
2024-10-07T16:30:42.390+0300: 995.099: Application time: 0.9549010 seconds
2024-10-07T16:30:42.390+0300: 995.099: [GC (Allocation Failure) 2024-10-07T16:30:42.390+0300: 995.099: [ParNew: 281046K->1570K(314560K), 0.0008863 secs] 285501K->6026K(1013632K), 0.0009335 secs] [Times: user=0.00 sys=0.00, real=0.00 secs] 
2024-10-07T16:30:42.390+0300: 995.100: Total time for which application threads were stopped: 0.0012017 seconds, Stopping threads took: 0.0001817 seconds
2024-10-07T16:30:43.332+0300: 996.032: Application time: 0.9321296 seconds
2024-10-07T16:30:43.332+0300: 996.032: [GC (Allocation Failure) 2024-10-07T16:30:43.332+0300: 996.032: [ParNew: 281186K->1579K(314560K), 0.0008318 secs] 285642K->6034K(1013632K), 0.0008789 secs] [Times: user=0.00 sys=0.00, real=0.00 secs] 
2024-10-07T16:30:43.332+0300: 996.033: Total time for which application threads were stopped: 0.0011256 seconds, Stopping threads took: 0.0001532 seconds
2024-10-07T16:30:44.257+0300: 996.959: Application time: 0.9260144 seconds
2024-10-07T16:30:44.257+0300: 996.960: [GC (Allocation Failure) 2024-10-07T16:30:44.257+0300: 996.960: [ParNew: 281195K->1659K(314560K), 0.0009311 secs] 285650K->6115K(1013632K), 0.0009759 secs] [Times: user=0.00 sys=0.00, real=0.00 secs] 
2024-10-07T16:30:44.257+0300: 996.961: Total time for which application threads were stopped: 0.0012067 seconds, Stopping threads took: 0.0001463 seconds
2024-10-07T16:30:45.183+0300: 997.885: Application time: 0.9242932 seconds
2024-10-07T16:30:45.183+0300: 997.885: [GC (Allocation Failure) 2024-10-07T16:30:45.183+0300: 997.885: [ParNew: 281275K->1695K(314560K), 0.0008711 secs] 285731K->6151K(1013632K), 0.0009198 secs] [Times: user=0.00 sys=0.00, real=0.00 secs] 
2024-10-07T16:30:45.183+0300: 997.886: Total time for which application threads were stopped: 0.0011426 seconds, Stopping threads took: 0.0001350 seconds
2024-10-07T16:30:46.125+0300: 998.824: Application time: 0.9377388 seconds
2024-10-07T16:30:46.125+0300: 998.824: [GC (Allocation Failure) 2024-10-07T16:30:46.125+0300: 998.824: [ParNew: 281311K->1442K(314560K), 0.0009134 secs] 285767K->5899K(1013632K), 0.0009906 secs] [Times: user=0.00 sys=0.00, real=0.00 secs] 
2024-10-07T16:30:46.125+0300: 998.825: Total time for which application threads were stopped: 0.0012928 seconds, Stopping threads took: 0.0001848 seconds
2024-10-07T16:30:47.066+0300: 999.762: Application time: 0.9367106 seconds
2024-10-07T16:30:47.066+0300: 999.762: [GC (Allocation Failure) 2024-10-07T16:30:47.066+0300: 999.762: [ParNew: 281058K->1320K(314560K), 0.0009021 secs] 285515K->5777K(1013632K), 0.0009641 secs] [Times: user=0.00 sys=0.00, real=0.00 secs] 
2024-10-07T16:30:47.066+0300: 999.763: Total time for which application threads were stopped: 0.0012103 seconds, Stopping threads took: 0.0001528 seconds
2024-10-07T16:30:48.039+0300: 1000.741: Application time: 0.9778390 seconds
2024-10-07T16:30:48.039+0300: 1000.741: [GC (Allocation Failure) 2024-10-07T16:30:48.039+0300: 1000.741: [ParNew: 280936K->1573K(314560K), 0.0009561 secs] 285393K->6030K(1013632K), 0.0010155 secs] [Times: user=0.00 sys=0.00, real=0.00 secs] 
2024-10-07T16:30:48.039+0300: 1000.742: Total time for which application threads were stopped: 0.0012908 seconds, Stopping threads took: 0.0001769 seconds
2024-10-07T16:30:48.996+0300: 1001.694: Application time: 0.9518945 seconds
2024-10-07T16:30:48.996+0300: 1001.694: [GC (Allocation Failure) 2024-10-07T16:30:48.996+0300: 1001.694: [ParNew: 281189K->1593K(314560K), 0.0008425 secs] 285646K->6051K(1013632K), 0.0008907 secs] [Times: user=0.00 sys=0.00, real=0.00 secs] 
2024-10-07T16:30:48.996+0300: 1001.695: Total time for which application threads were stopped: 0.0011354 seconds, Stopping threads took: 0.0001584 seconds
2024-10-07T16:30:49.953+0300: 1002.661: Application time: 0.9653325 seconds
2024-10-07T16:30:49.953+0300: 1002.661: [GC (Allocation Failure) 2024-10-07T16:30:49.953+0300: 1002.661: [ParNew: 281209K->1529K(314560K), 0.0008643 secs] 285667K->5987K(1013632K), 0.0009196 secs] [Times: user=0.00 sys=0.00, real=0.00 secs] 
2024-10-07T16:30:49.953+0300: 1002.662: Total time for which application threads were stopped: 0.0011643 seconds, Stopping threads took: 0.0001325 seconds
2024-10-07T16:30:50.878+0300: 1003.585: Application time: 0.9233452 seconds
2024-10-07T16:30:50.878+0300: 1003.585: [GC (Allocation Failure) 2024-10-07T16:30:50.878+0300: 1003.585: [ParNew: 281145K->1505K(314560K), 0.0010515 secs] 285603K->5963K(1013632K), 0.0010990 secs] [Times: user=0.00 sys=0.00, real=0.00 secs] 
2024-10-07T16:30:50.878+0300: 1003.586: Total time for which application threads were stopped: 0.0013508 seconds, Stopping threads took: 0.0001664 seconds
2024-10-07T16:30:51.803+0300: 1004.505: Application time: 0.9185583 seconds
2024-10-07T16:30:51.803+0300: 1004.505: [GC (Allocation Failure) 2024-10-07T16:30:51.803+0300: 1004.505: [ParNew: 281121K->1677K(314560K), 0.0010362 secs] 285579K->6136K(1013632K), 0.0010894 secs] [Times: user=0.00 sys=0.00, real=0.00 secs] 
2024-10-07T16:30:51.803+0300: 1004.506: Total time for which application threads were stopped: 0.0013340 seconds, Stopping threads took: 0.0001608 seconds
2024-10-07T16:30:52.745+0300: 1005.442: Application time: 0.9358115 seconds
2024-10-07T16:30:52.745+0300: 1005.442: [GC (Allocation Failure) 2024-10-07T16:30:52.745+0300: 1005.442: [ParNew: 281293K->1447K(314560K), 0.0008674 secs] 285752K->5906K(1013632K), 0.0009289 secs] [Times: user=0.00 sys=0.00, real=0.00 secs] 
2024-10-07T16:30:52.745+0300: 1005.443: Total time for which application threads were stopped: 0.0011989 seconds, Stopping threads took: 0.0001705 seconds
2024-10-07T16:30:53.671+0300: 1006.376: Application time: 0.9324398 seconds
2024-10-07T16:30:53.671+0300: 1006.376: [GC (Allocation Failure) 2024-10-07T16:30:53.671+0300: 1006.376: [ParNew: 281063K->1546K(314560K), 0.0009210 secs] 285522K->6006K(1013632K), 0.0010435 secs] [Times: user=0.00 sys=0.00, real=0.00 secs] 
2024-10-07T16:30:53.671+0300: 1006.377: Total time for which application threads were stopped: 0.0013993 seconds, Stopping threads took: 0.0001904 seconds
2024-10-07T16:30:54.628+0300: 1007.331: Application time: 0.9538338 seconds
2024-10-07T16:30:54.628+0300: 1007.331: [GC (Allocation Failure) 2024-10-07T16:30:54.628+0300: 1007.331: [ParNew: 281162K->1602K(314560K), 0.0008617 secs] 285622K->6062K(1013632K), 0.0009142 secs] [Times: user=0.01 sys=0.00, real=0.00 secs] 
2024-10-07T16:30:54.628+0300: 1007.332: Total time for which application threads were stopped: 0.0011889 seconds, Stopping threads took: 0.0001229 seconds
2024-10-07T16:30:55.617+0300: 1008.316: Application time: 0.9840119 seconds
2024-10-07T16:30:55.617+0300: 1008.316: [GC (Allocation Failure) 2024-10-07T16:30:55.617+0300: 1008.316: [ParNew: 281218K->1678K(314560K), 0.0008361 secs] 285678K->6138K(1013632K), 0.0009025 secs] [Times: user=0.00 sys=0.00, real=0.00 secs] 
2024-10-07T16:30:55.617+0300: 1008.317: Total time for which application threads were stopped: 0.0011402 seconds, Stopping threads took: 0.0001211 seconds
2024-10-07T16:30:56.542+0300: 1009.251: Application time: 0.9333822 seconds
2024-10-07T16:30:56.542+0300: 1009.251: [GC (Allocation Failure) 2024-10-07T16:30:56.542+0300: 1009.251: [ParNew: 281294K->1593K(314560K), 0.0008455 secs] 285754K->6054K(1013632K), 0.0008924 secs] [Times: user=0.00 sys=0.00, real=0.00 secs] 
2024-10-07T16:30:56.542+0300: 1009.252: Total time for which application threads were stopped: 0.0011364 seconds, Stopping threads took: 0.0001543 seconds
2024-10-07T16:30:57.515+0300: 1010.216: Application time: 0.9644206 seconds
2024-10-07T16:30:57.515+0300: 1010.216: [GC (Allocation Failure) 2024-10-07T16:30:57.515+0300: 1010.216: [ParNew: 281209K->1576K(314560K), 0.0008996 secs] 285670K->6037K(1013632K), 0.0009624 secs] [Times: user=0.00 sys=0.00, real=0.00 secs] 
2024-10-07T16:30:57.515+0300: 1010.217: Total time for which application threads were stopped: 0.0011568 seconds, Stopping threads took: 0.0000873 seconds
2024-10-07T16:30:58.446+0300: 1011.141: Application time: 0.9231451 seconds
2024-10-07T16:30:58.446+0300: 1011.141: [GC (Allocation Failure) 2024-10-07T16:30:58.446+0300: 1011.141: [ParNew: 281192K->1586K(314560K), 0.0008245 secs] 285653K->6047K(1013632K), 0.0008969 secs] [Times: user=0.02 sys=0.00, real=0.00 secs] 
2024-10-07T16:30:58.446+0300: 1011.142: Total time for which application threads were stopped: 0.0011663 seconds, Stopping threads took: 0.0001627 seconds
2024-10-07T16:30:59.366+0300: 1012.074: Application time: 0.9319295 seconds
2024-10-07T16:30:59.366+0300: 1012.074: [GC (Allocation Failure) 2024-10-07T16:30:59.366+0300: 1012.074: [ParNew: 281202K->1588K(314560K), 0.0008032 secs] 285663K->6050K(1013632K), 0.0008501 secs] [Times: user=0.00 sys=0.00, real=0.00 secs] 
2024-10-07T16:30:59.366+0300: 1012.075: Total time for which application threads were stopped: 0.0011061 seconds, Stopping threads took: 0.0001708 seconds
2024-10-07T16:31:00.307+0300: 1013.013: Application time: 0.9381971 seconds
2024-10-07T16:31:00.307+0300: 1013.013: [GC (Allocation Failure) 2024-10-07T16:31:00.307+0300: 1013.013: [ParNew: 281204K->1586K(314560K), 0.0008765 secs] 285666K->6049K(1013632K), 0.0009461 secs] [Times: user=0.00 sys=0.00, real=0.00 secs] 
2024-10-07T16:31:00.307+0300: 1013.014: Total time for which application threads were stopped: 0.0012109 seconds, Stopping threads took: 0.0001636 seconds
2024-10-07T16:31:01.251+0300: 1013.950: Application time: 0.9356888 seconds
2024-10-07T16:31:01.251+0300: 1013.950: [GC (Allocation Failure) 2024-10-07T16:31:01.251+0300: 1013.950: [ParNew: 281202K->1585K(314560K), 0.0008401 secs] 285665K->6047K(1013632K), 0.0008874 secs] [Times: user=0.00 sys=0.00, real=0.00 secs] 
2024-10-07T16:31:01.251+0300: 1013.951: Total time for which application threads were stopped: 0.0011419 seconds, Stopping threads took: 0.0001670 seconds
2024-10-07T16:31:02.205+0300: 1014.903: Application time: 0.9523050 seconds
2024-10-07T16:31:02.205+0300: 1014.904: [GC (Allocation Failure) 2024-10-07T16:31:02.205+0300: 1014.904: [ParNew: 281201K->1585K(314560K), 0.0008498 secs] 285663K->6048K(1013632K), 0.0008922 secs] [Times: user=0.00 sys=0.00, real=0.00 secs] 
2024-10-07T16:31:02.205+0300: 1014.904: Total time for which application threads were stopped: 0.0010991 seconds, Stopping threads took: 0.0000938 seconds
2024-10-07T16:31:03.193+0300: 1015.893: Application time: 0.9887837 seconds
2024-10-07T16:31:03.193+0300: 1015.893: [GC (Allocation Failure) 2024-10-07T16:31:03.193+0300: 1015.893: [ParNew: 281201K->1583K(314560K), 0.0007869 secs] 285664K->6047K(1013632K), 0.0008481 secs] [Times: user=0.00 sys=0.00, real=0.00 secs] 
2024-10-07T16:31:03.193+0300: 1015.894: Total time for which application threads were stopped: 0.0011388 seconds, Stopping threads took: 0.0001638 seconds
2024-10-07T16:31:04.119+0300: 1016.823: Application time: 0.9286551 seconds
2024-10-07T16:31:04.119+0300: 1016.823: [GC (Allocation Failure) 2024-10-07T16:31:04.119+0300: 1016.823: [ParNew: 281199K->1601K(314560K), 0.0009286 secs] 285663K->6065K(1013632K), 0.0009745 secs] [Times: user=0.00 sys=0.00, real=0.00 secs] 
2024-10-07T16:31:04.119+0300: 1016.824: Total time for which application threads were stopped: 0.0012177 seconds, Stopping threads took: 0.0001589 seconds
2024-10-07T16:31:05.093+0300: 1017.788: Application time: 0.9640205 seconds
2024-10-07T16:31:05.093+0300: 1017.788: [GC (Allocation Failure) 2024-10-07T16:31:05.093+0300: 1017.788: [ParNew: 281217K->1567K(314560K), 0.0008082 secs] 285681K->6031K(1013632K), 0.0008645 secs] [Times: user=0.00 sys=0.00, real=0.00 secs] 
2024-10-07T16:31:05.093+0300: 1017.789: Total time for which application threads were stopped: 0.0010974 seconds, Stopping threads took: 0.0001443 seconds
2024-10-07T16:31:06.018+0300: 1018.720: Application time: 0.9305826 seconds
2024-10-07T16:31:06.018+0300: 1018.720: [GC (Allocation Failure) 2024-10-07T16:31:06.018+0300: 1018.720: [ParNew: 281183K->1581K(314560K), 0.0008214 secs] 285647K->6046K(1013632K), 0.0008859 secs] [Times: user=0.00 sys=0.00, real=0.00 secs] 
2024-10-07T16:31:06.018+0300: 1018.721: Total time for which application threads were stopped: 0.0010933 seconds, Stopping threads took: 0.0001068 seconds
2024-10-07T16:31:06.943+0300: 1019.646: Application time: 0.9248676 seconds
2024-10-07T16:31:06.943+0300: 1019.646: [GC (Allocation Failure) 2024-10-07T16:31:06.943+0300: 1019.646: [ParNew: 281197K->1673K(314560K), 0.0008425 secs] 285662K->6138K(1013632K), 0.0008915 secs] [Times: user=0.00 sys=0.00, real=0.00 secs] 
2024-10-07T16:31:06.943+0300: 1019.647: Total time for which application threads were stopped: 0.0011553 seconds, Stopping threads took: 0.0001698 seconds
2024-10-07T16:31:07.869+0300: 1020.578: Application time: 0.9311190 seconds
2024-10-07T16:31:07.869+0300: 1020.578: [GC (Allocation Failure) 2024-10-07T16:31:07.869+0300: 1020.578: [ParNew: 281289K->1674K(314560K), 0.0010313 secs] 285754K->6139K(1013632K), 0.0010856 secs] [Times: user=0.01 sys=0.00, real=0.02 secs] 
2024-10-07T16:31:07.884+0300: 1020.580: Total time for which application threads were stopped: 0.0013173 seconds, Stopping threads took: 0.0001438 seconds
2024-10-07T16:31:08.810+0300: 1021.518: Application time: 0.9380154 seconds
2024-10-07T16:31:08.810+0300: 1021.518: [GC (Allocation Failure) 2024-10-07T16:31:08.810+0300: 1021.518: [ParNew: 281290K->1673K(314560K), 0.0011314 secs] 285755K->6138K(1013632K), 0.0011806 secs] [Times: user=0.00 sys=0.00, real=0.00 secs] 
2024-10-07T16:31:08.810+0300: 1021.519: Total time for which application threads were stopped: 0.0014356 seconds, Stopping threads took: 0.0001393 seconds
2024-10-07T16:31:09.767+0300: 1022.467: Application time: 0.9483938 seconds
2024-10-07T16:31:09.767+0300: 1022.468: [GC (Allocation Failure) 2024-10-07T16:31:09.767+0300: 1022.468: [ParNew: 281289K->1580K(314560K), 0.0008906 secs] 285754K->6046K(1013632K), 0.0009339 secs] [Times: user=0.00 sys=0.00, real=0.00 secs] 
2024-10-07T16:31:09.767+0300: 1022.469: Total time for which application threads were stopped: 0.0011642 seconds, Stopping threads took: 0.0001172 seconds
2024-10-07T16:31:10.740+0300: 1023.446: Application time: 0.9770269 seconds
2024-10-07T16:31:10.740+0300: 1023.446: [GC (Allocation Failure) 2024-10-07T16:31:10.740+0300: 1023.446: [ParNew: 281196K->1665K(314560K), 0.0008891 secs] 285662K->6131K(1013632K), 0.0009483 secs] [Times: user=0.00 sys=0.00, real=0.00 secs] 
2024-10-07T16:31:10.740+0300: 1023.447: Total time for which application threads were stopped: 0.0012041 seconds, Stopping threads took: 0.0001440 seconds
2024-10-07T16:31:11.682+0300: 1024.386: Application time: 0.9394506 seconds
2024-10-07T16:31:11.682+0300: 1024.386: [GC (Allocation Failure) 2024-10-07T16:31:11.682+0300: 1024.386: [ParNew: 281281K->1495K(314560K), 0.0009092 secs] 285747K->5962K(1013632K), 0.0009752 secs] [Times: user=0.00 sys=0.00, real=0.00 secs] 
2024-10-07T16:31:11.682+0300: 1024.387: Total time for which application threads were stopped: 0.0012515 seconds, Stopping threads took: 0.0001531 seconds
2024-10-07T16:31:12.639+0300: 1025.337: Application time: 0.9493740 seconds
2024-10-07T16:31:12.639+0300: 1025.337: [GC (Allocation Failure) 2024-10-07T16:31:12.639+0300: 1025.337: [ParNew: 281111K->1575K(314560K), 0.0009112 secs] 285578K->6042K(1013632K), 0.0009585 secs] [Times: user=0.00 sys=0.00, real=0.00 secs] 
2024-10-07T16:31:12.639+0300: 1025.338: Total time for which application threads were stopped: 0.0012147 seconds, Stopping threads took: 0.0001697 seconds
2024-10-07T16:31:13.565+0300: 1026.268: Application time: 0.9295527 seconds
2024-10-07T16:31:13.565+0300: 1026.268: [GC (Allocation Failure) 2024-10-07T16:31:13.565+0300: 1026.268: [ParNew: 281191K->1495K(314560K), 0.0008998 secs] 285658K->5963K(1013632K), 0.0009536 secs] [Times: user=0.00 sys=0.00, real=0.00 secs] 
2024-10-07T16:31:13.565+0300: 1026.269: Total time for which application threads were stopped: 0.0011641 seconds, Stopping threads took: 0.0001167 seconds
2024-10-07T16:31:14.492+0300: 1027.195: Application time: 0.9265817 seconds
2024-10-07T16:31:14.492+0300: 1027.196: [GC (Allocation Failure) 2024-10-07T16:31:14.492+0300: 1027.196: [ParNew: 281111K->1673K(314560K), 0.0008756 secs] 285579K->6141K(1013632K), 0.0009342 secs] [Times: user=0.00 sys=0.00, real=0.00 secs] 
2024-10-07T16:31:14.492+0300: 1027.197: Total time for which application threads were stopped: 0.0011912 seconds, Stopping threads took: 0.0001595 seconds
2024-10-07T16:31:15.416+0300: 1028.123: Application time: 0.9267887 seconds
2024-10-07T16:31:15.416+0300: 1028.124: [GC (Allocation Failure) 2024-10-07T16:31:15.416+0300: 1028.124: [ParNew: 281289K->1674K(314560K), 0.0008532 secs] 285757K->6142K(1013632K), 0.0008984 secs] [Times: user=0.00 sys=0.00, real=0.00 secs] 
2024-10-07T16:31:15.416+0300: 1028.124: Total time for which application threads were stopped: 0.0011387 seconds, Stopping threads took: 0.0001511 seconds
2024-10-07T16:31:16.380+0300: 1029.080: Application time: 0.9553570 seconds
2024-10-07T16:31:16.380+0300: 1029.080: [GC (Allocation Failure) 2024-10-07T16:31:16.380+0300: 1029.080: [ParNew: 281290K->1673K(314560K), 0.0008651 secs] 285758K->6141K(1013632K), 0.0009331 secs] [Times: user=0.00 sys=0.00, real=0.00 secs] 
2024-10-07T16:31:16.380+0300: 1029.081: Total time for which application threads were stopped: 0.0011648 seconds, Stopping threads took: 0.0001356 seconds
2024-10-07T16:31:17.345+0300: 1030.048: Application time: 0.9669273 seconds
2024-10-07T16:31:17.345+0300: 1030.048: [GC (Allocation Failure) 2024-10-07T16:31:17.345+0300: 1030.048: [ParNew: 281289K->1585K(314560K), 0.0008648 secs] 285757K->6053K(1013632K), 0.0009160 secs] [Times: user=0.00 sys=0.00, real=0.00 secs] 
2024-10-07T16:31:17.345+0300: 1030.049: Total time for which application threads were stopped: 0.0011768 seconds, Stopping threads took: 0.0001508 seconds
2024-10-07T16:31:18.318+0300: 1031.025: Application time: 0.9758736 seconds
2024-10-07T16:31:18.318+0300: 1031.025: [GC (Allocation Failure) 2024-10-07T16:31:18.318+0300: 1031.025: [ParNew: 281201K->1579K(314560K), 0.0008550 secs] 285669K->6048K(1013632K), 0.0009052 secs] [Times: user=0.00 sys=0.00, real=0.00 secs] 
2024-10-07T16:31:18.318+0300: 1031.026: Total time for which application threads were stopped: 0.0011259 seconds, Stopping threads took: 0.0001334 seconds
2024-10-07T16:31:19.286+0300: 1031.981: Application time: 0.9551919 seconds
2024-10-07T16:31:19.286+0300: 1031.982: [GC (Allocation Failure) 2024-10-07T16:31:19.286+0300: 1031.982: [ParNew: 281195K->1583K(314560K), 0.0008183 secs] 285664K->6053K(1013632K), 0.0008790 secs] [Times: user=0.00 sys=0.00, real=0.00 secs] 
2024-10-07T16:31:19.286+0300: 1031.982: Total time for which application threads were stopped: 0.0011367 seconds, Stopping threads took: 0.0001589 seconds
2024-10-07T16:31:20.231+0300: 1032.928: Application time: 0.9454611 seconds
2024-10-07T16:31:20.231+0300: 1032.928: [GC (Allocation Failure) 2024-10-07T16:31:20.231+0300: 1032.928: [ParNew: 281199K->1492K(314560K), 0.0011084 secs] 285669K->5962K(1013632K), 0.0011960 secs] [Times: user=0.00 sys=0.00, real=0.00 secs] 
2024-10-07T16:31:20.231+0300: 1032.929: Total time for which application threads were stopped: 0.0014268 seconds, Stopping threads took: 0.0001129 seconds
2024-10-07T16:31:21.157+0300: 1033.863: Application time: 0.9340229 seconds
2024-10-07T16:31:21.157+0300: 1033.864: [GC (Allocation Failure) 2024-10-07T16:31:21.157+0300: 1033.864: [ParNew: 281108K->1585K(314560K), 0.0008676 secs] 285578K->6055K(1013632K), 0.0009170 secs] [Times: user=0.00 sys=0.00, real=0.00 secs] 
2024-10-07T16:31:21.157+0300: 1033.865: Total time for which application threads were stopped: 0.0011419 seconds, Stopping threads took: 0.0001276 seconds
2024-10-07T16:31:22.099+0300: 1034.800: Application time: 0.9353819 seconds
2024-10-07T16:31:22.099+0300: 1034.800: [GC (Allocation Failure) 2024-10-07T16:31:22.099+0300: 1034.800: [ParNew: 281201K->1706K(314560K), 0.0008476 secs] 285671K->6176K(1013632K), 0.0009066 secs] [Times: user=0.00 sys=0.00, real=0.00 secs] 
2024-10-07T16:31:22.099+0300: 1034.801: Total time for which application threads were stopped: 0.0011375 seconds, Stopping threads took: 0.0001257 seconds
2024-10-07T16:31:23.025+0300: 1035.732: Application time: 0.9309132 seconds
2024-10-07T16:31:23.025+0300: 1035.732: [GC (Allocation Failure) 2024-10-07T16:31:23.025+0300: 1035.732: [ParNew: 281322K->1485K(314560K), 0.0008562 secs] 285792K->5956K(1013632K), 0.0009236 secs] [Times: user=0.00 sys=0.00, real=0.00 secs] 
2024-10-07T16:31:23.025+0300: 1035.733: Total time for which application threads were stopped: 0.0011598 seconds, Stopping threads took: 0.0001345 seconds
2024-10-07T16:31:23.981+0300: 1036.687: Application time: 0.9543122 seconds
2024-10-07T16:31:23.981+0300: 1036.688: [GC (Allocation Failure) 2024-10-07T16:31:23.981+0300: 1036.688: [ParNew: 281101K->1555K(314560K), 0.0008749 secs] 285572K->6027K(1013632K), 0.0009294 secs] [Times: user=0.06 sys=0.00, real=0.00 secs] 
2024-10-07T16:31:23.981+0300: 1036.689: Total time for which application threads were stopped: 0.0011909 seconds, Stopping threads took: 0.0001414 seconds
2024-10-07T16:31:24.938+0300: 1037.646: Application time: 0.9568964 seconds
2024-10-07T16:31:24.938+0300: 1037.646: [GC (Allocation Failure) 2024-10-07T16:31:24.938+0300: 1037.646: [ParNew: 281171K->1599K(314560K), 0.0010116 secs] 285643K->6071K(1013632K), 0.0010624 secs] [Times: user=0.00 sys=0.00, real=0.00 secs] 
2024-10-07T16:31:24.938+0300: 1037.647: Total time for which application threads were stopped: 0.0013788 seconds, Stopping threads took: 0.0002044 seconds
2024-10-07T16:31:25.911+0300: 1038.615: Application time: 0.9677115 seconds
2024-10-07T16:31:25.911+0300: 1038.615: [GC (Allocation Failure) 2024-10-07T16:31:25.911+0300: 1038.615: [ParNew: 281215K->1625K(314560K), 0.0008232 secs] 285687K->6097K(1013632K), 0.0008760 secs] [Times: user=0.00 sys=0.00, real=0.00 secs] 
2024-10-07T16:31:25.911+0300: 1038.616: Total time for which application threads were stopped: 0.0010891 seconds, Stopping threads took: 0.0001241 seconds
2024-10-07T16:31:26.883+0300: 1039.586: Application time: 0.9707152 seconds
2024-10-07T16:31:26.883+0300: 1039.587: [GC (Allocation Failure) 2024-10-07T16:31:26.883+0300: 1039.587: [ParNew: 281241K->1573K(314560K), 0.0008344 secs] 285713K->6046K(1013632K), 0.0008895 secs] [Times: user=0.00 sys=0.00, real=0.00 secs] 
2024-10-07T16:31:26.883+0300: 1039.588: Total time for which application threads were stopped: 0.0011189 seconds, Stopping threads took: 0.0001311 seconds
2024-10-07T16:31:27.825+0300: 1040.522: Application time: 0.9342145 seconds
2024-10-07T16:31:27.825+0300: 1040.522: [GC (Allocation Failure) 2024-10-07T16:31:27.825+0300: 1040.522: [ParNew: 281189K->1583K(314560K), 0.0008759 secs] 285662K->6056K(1013632K), 0.0009415 secs] [Times: user=0.00 sys=0.00, real=0.00 secs] 
2024-10-07T16:31:27.825+0300: 1040.523: Total time for which application threads were stopped: 0.0011600 seconds, Stopping threads took: 0.0001179 seconds
2024-10-07T16:31:28.751+0300: 1041.454: Application time: 0.9314726 seconds
2024-10-07T16:31:28.751+0300: 1041.455: [GC (Allocation Failure) 2024-10-07T16:31:28.751+0300: 1041.455: [ParNew: 281199K->1617K(314560K), 0.0009131 secs] 285672K->6091K(1013632K), 0.0009553 secs] [Times: user=0.00 sys=0.00, real=0.00 secs] 
2024-10-07T16:31:28.751+0300: 1041.456: Total time for which application threads were stopped: 0.0011888 seconds, Stopping threads took: 0.0001518 seconds
2024-10-07T16:31:29.693+0300: 1042.393: Application time: 0.9373420 seconds
2024-10-07T16:31:29.693+0300: 1042.393: [GC (Allocation Failure) 2024-10-07T16:31:29.693+0300: 1042.393: [ParNew: 281233K->1634K(314560K), 0.0009437 secs] 285707K->6108K(1013632K), 0.0010051 secs] [Times: user=0.00 sys=0.00, real=0.00 secs] 
2024-10-07T16:31:29.693+0300: 1042.394: Total time for which application threads were stopped: 0.0012670 seconds, Stopping threads took: 0.0001624 seconds
2024-10-07T16:31:30.619+0300: 1043.323: Application time: 0.9285765 seconds
2024-10-07T16:31:30.619+0300: 1043.323: [GC (Allocation Failure) 2024-10-07T16:31:30.619+0300: 1043.323: [ParNew: 281250K->1576K(314560K), 0.0008597 secs] 285724K->6050K(1013632K), 0.0009356 secs] [Times: user=0.00 sys=0.00, real=0.00 secs] 
2024-10-07T16:31:30.619+0300: 1043.324: Total time for which application threads were stopped: 0.0012307 seconds, Stopping threads took: 0.0001530 seconds
2024-10-07T16:31:31.686+0300: 1044.387: Application time: 1.0625808 seconds
2024-10-07T16:31:31.686+0300: 1044.387: [GC (Allocation Failure) 2024-10-07T16:31:31.686+0300: 1044.387: [ParNew: 281192K->1671K(314560K), 0.0008807 secs] 285666K->6145K(1013632K), 0.0009349 secs] [Times: user=0.00 sys=0.00, real=0.00 secs] 
2024-10-07T16:31:31.686+0300: 1044.388: Total time for which application threads were stopped: 0.0011929 seconds, Stopping threads took: 0.0001616 seconds
2024-10-07T16:31:32.800+0300: 1045.497: Application time: 1.1094709 seconds
2024-10-07T16:31:32.800+0300: 1045.498: [GC (Allocation Failure) 2024-10-07T16:31:32.800+0300: 1045.498: [ParNew: 281287K->1666K(314560K), 0.0008166 secs] 285761K->6141K(1013632K), 0.0008821 secs] [Times: user=0.00 sys=0.00, real=0.00 secs] 
2024-10-07T16:31:32.800+0300: 1045.498: Total time for which application threads were stopped: 0.0011541 seconds, Stopping threads took: 0.0001536 seconds
2024-10-07T16:31:33.726+0300: 1046.424: Application time: 0.9260341 seconds
2024-10-07T16:31:33.726+0300: 1046.425: [GC (Allocation Failure) 2024-10-07T16:31:33.726+0300: 1046.425: [ParNew: 281282K->1672K(314560K), 0.0010792 secs] 285757K->6147K(1013632K), 0.0011290 secs] [Times: user=0.00 sys=0.00, real=0.00 secs] 
2024-10-07T16:31:33.726+0300: 1046.426: Total time for which application threads were stopped: 0.0013412 seconds, Stopping threads took: 0.0001187 seconds
2024-10-07T16:31:34.667+0300: 1047.375: Application time: 0.9493131 seconds
2024-10-07T16:31:34.667+0300: 1047.375: [GC (Allocation Failure) 2024-10-07T16:31:34.667+0300: 1047.375: [ParNew: 281288K->1585K(314560K), 0.0010418 secs] 285763K->6060K(1013632K), 0.0011423 secs] [Times: user=0.00 sys=0.00, real=0.00 secs] 
2024-10-07T16:31:34.667+0300: 1047.377: Total time for which application threads were stopped: 0.0015012 seconds, Stopping threads took: 0.0002005 seconds
2024-10-07T16:31:35.608+0300: 1048.307: Application time: 0.9300607 seconds
2024-10-07T16:31:35.608+0300: 1048.307: [GC (Allocation Failure) 2024-10-07T16:31:35.608+0300: 1048.307: [ParNew: 281201K->1497K(314560K), 0.0012151 secs] 285676K->5973K(1013632K), 0.0012998 secs] [Times: user=0.00 sys=0.00, real=0.00 secs] 
2024-10-07T16:31:35.608+0300: 1048.308: Total time for which application threads were stopped: 0.0016617 seconds, Stopping threads took: 0.0001970 seconds
2024-10-07T16:31:36.550+0300: 1049.252: Application time: 0.9433824 seconds
2024-10-07T16:31:36.550+0300: 1049.252: [GC (Allocation Failure) 2024-10-07T16:31:36.550+0300: 1049.252: [ParNew: 281113K->1649K(314560K), 0.0010988 secs] 285589K->6126K(1013632K), 0.0012029 secs] [Times: user=0.00 sys=0.00, real=0.00 secs] 
2024-10-07T16:31:36.550+0300: 1049.253: Total time for which application threads were stopped: 0.0014790 seconds, Stopping threads took: 0.0001313 seconds
2024-10-07T16:31:37.491+0300: 1050.191: Application time: 0.9381012 seconds
2024-10-07T16:31:37.491+0300: 1050.191: [GC (Allocation Failure) 2024-10-07T16:31:37.491+0300: 1050.192: [ParNew: 281265K->1546K(314560K), 0.0008234 secs] 285742K->6023K(1013632K), 0.0008844 secs] [Times: user=0.00 sys=0.00, real=0.00 secs] 
2024-10-07T16:31:37.491+0300: 1050.192: Total time for which application threads were stopped: 0.0010950 seconds, Stopping threads took: 0.0001014 seconds
2024-10-07T16:31:38.421+0300: 1051.118: Application time: 0.9256592 seconds
2024-10-07T16:31:38.421+0300: 1051.118: [GC (Allocation Failure) 2024-10-07T16:31:38.421+0300: 1051.118: [ParNew: 281162K->1621K(314560K), 0.0008157 secs] 285639K->6098K(1013632K), 0.0008623 secs] [Times: user=0.00 sys=0.00, real=0.00 secs] 
2024-10-07T16:31:38.421+0300: 1051.119: Total time for which application threads were stopped: 0.0011148 seconds, Stopping threads took: 0.0001690 seconds
2024-10-07T16:31:39.416+0300: 1052.112: Application time: 0.9926944 seconds
2024-10-07T16:31:39.416+0300: 1052.112: [GC (Allocation Failure) 2024-10-07T16:31:39.416+0300: 1052.112: [ParNew: 281237K->1600K(314560K), 0.0008284 secs] 285714K->6078K(1013632K), 0.0008748 secs] [Times: user=0.00 sys=0.00, real=0.00 secs] 
2024-10-07T16:31:39.416+0300: 1052.113: Total time for which application threads were stopped: 0.0011184 seconds, Stopping threads took: 0.0001509 seconds
2024-10-07T16:31:40.347+0300: 1053.047: Application time: 0.9340973 seconds
2024-10-07T16:31:40.347+0300: 1053.047: [GC (Allocation Failure) 2024-10-07T16:31:40.347+0300: 1053.047: [ParNew: 281216K->1674K(314560K), 0.0008262 secs] 285694K->6151K(1013632K), 0.0008745 secs] [Times: user=0.02 sys=0.00, real=0.00 secs] 
2024-10-07T16:31:40.347+0300: 1053.048: Total time for which application threads were stopped: 0.0010996 seconds, Stopping threads took: 0.0001361 seconds
2024-10-07T16:31:41.273+0300: 1053.981: Application time: 0.9323139 seconds
2024-10-07T16:31:41.273+0300: 1053.981: [GC (Allocation Failure) 2024-10-07T16:31:41.273+0300: 1053.981: [ParNew: 281290K->1690K(314560K), 0.0008380 secs] 285767K->6168K(1013632K), 0.0008880 secs] [Times: user=0.00 sys=0.00, real=0.00 secs] 
2024-10-07T16:31:41.273+0300: 1053.982: Total time for which application threads were stopped: 0.0011303 seconds, Stopping threads took: 0.0001582 seconds
2024-10-07T16:31:42.230+0300: 1054.927: Application time: 0.9457815 seconds
2024-10-07T16:31:42.230+0300: 1054.928: [GC (Allocation Failure) 2024-10-07T16:31:42.230+0300: 1054.928: [ParNew: 281306K->1418K(314560K), 0.0008741 secs] 285784K->5897K(1013632K), 0.0009200 secs] [Times: user=0.00 sys=0.00, real=0.00 secs] 
2024-10-07T16:31:42.230+0300: 1054.929: Total time for which application threads were stopped: 0.0011991 seconds, Stopping threads took: 0.0001852 seconds
2024-10-07T16:31:43.171+0300: 1055.875: Application time: 0.9463144 seconds
2024-10-07T16:31:43.171+0300: 1055.875: [GC (Allocation Failure) 2024-10-07T16:31:43.171+0300: 1055.875: [ParNew: 281034K->1556K(314560K), 0.0008494 secs] 285513K->6035K(1013632K), 0.0009125 secs] [Times: user=0.00 sys=0.00, real=0.00 secs] 
2024-10-07T16:31:43.171+0300: 1055.876: Total time for which application threads were stopped: 0.0011378 seconds, Stopping threads took: 0.0001306 seconds
2024-10-07T16:31:44.097+0300: 1056.800: Application time: 0.9236991 seconds
2024-10-07T16:31:44.097+0300: 1056.800: [GC (Allocation Failure) 2024-10-07T16:31:44.097+0300: 1056.800: [ParNew: 281172K->1549K(314560K), 0.0009956 secs] 285651K->6028K(1013632K), 0.0010442 secs] [Times: user=0.00 sys=0.00, real=0.00 secs] 
2024-10-07T16:31:44.097+0300: 1056.801: Total time for which application threads were stopped: 0.0012772 seconds, Stopping threads took: 0.0001457 seconds
2024-10-07T16:31:45.034+0300: 1057.730: Application time: 0.9290528 seconds
2024-10-07T16:31:45.034+0300: 1057.730: [GC (Allocation Failure) 2024-10-07T16:31:45.034+0300: 1057.730: [ParNew: 281165K->1575K(314560K), 0.0008281 secs] 285644K->6055K(1013632K), 0.0008738 secs] [Times: user=0.00 sys=0.00, real=0.00 secs] 
2024-10-07T16:31:45.034+0300: 1057.731: Total time for which application threads were stopped: 0.0010662 seconds, Stopping threads took: 0.0001118 seconds
2024-10-07T16:31:45.965+0300: 1058.669: Application time: 0.9377675 seconds
2024-10-07T16:31:45.965+0300: 1058.669: [GC (Allocation Failure) 2024-10-07T16:31:45.965+0300: 1058.669: [ParNew: 281191K->1671K(314560K), 0.0008358 secs] 285671K->6151K(1013632K), 0.0008868 secs] [Times: user=0.00 sys=0.00, real=0.00 secs] 
2024-10-07T16:31:45.965+0300: 1058.670: Total time for which application threads were stopped: 0.0011654 seconds, Stopping threads took: 0.0001884 seconds
2024-10-07T16:31:46.969+0300: 1059.665: Application time: 0.9952088 seconds
2024-10-07T16:31:46.969+0300: 1059.666: [GC (Allocation Failure) 2024-10-07T16:31:46.969+0300: 1059.666: [ParNew: 281287K->1760K(314560K), 0.0009209 secs] 285767K->6240K(1013632K), 0.0009625 secs] [Times: user=0.00 sys=0.00, real=0.00 secs] 
2024-10-07T16:31:46.969+0300: 1059.667: Total time for which application threads were stopped: 0.0011873 seconds, Stopping threads took: 0.0001414 seconds
2024-10-07T16:31:47.895+0300: 1060.599: Application time: 0.9320501 seconds
2024-10-07T16:31:47.895+0300: 1060.599: [GC (Allocation Failure) 2024-10-07T16:31:47.895+0300: 1060.599: [ParNew: 281376K->1430K(314560K), 0.0008518 secs] 285856K->5910K(1013632K), 0.0008965 secs] [Times: user=0.00 sys=0.00, real=0.00 secs] 
2024-10-07T16:31:47.895+0300: 1060.600: Total time for which application threads were stopped: 0.0011362 seconds, Stopping threads took: 0.0001543 seconds
2024-10-07T16:31:48.852+0300: 1061.550: Application time: 0.9503746 seconds
2024-10-07T16:31:48.852+0300: 1061.550: [GC (Allocation Failure) 2024-10-07T16:31:48.852+0300: 1061.550: [ParNew: 281046K->1558K(314560K), 0.0008007 secs] 285526K->6039K(1013632K), 0.0008655 secs] [Times: user=0.00 sys=0.00, real=0.00 secs] 
2024-10-07T16:31:48.852+0300: 1061.551: Total time for which application threads were stopped: 0.0011289 seconds, Stopping threads took: 0.0001651 seconds
2024-10-07T16:31:49.778+0300: 1062.483: Application time: 0.9313605 seconds
2024-10-07T16:31:49.778+0300: 1062.483: [GC (Allocation Failure) 2024-10-07T16:31:49.778+0300: 1062.483: [ParNew: 281174K->1528K(314560K), 0.0008650 secs] 285655K->6009K(1013632K), 0.0009332 secs] [Times: user=0.00 sys=0.00, real=0.00 secs] 
2024-10-07T16:31:49.778+0300: 1062.484: Total time for which application threads were stopped: 0.0012166 seconds, Stopping threads took: 0.0001486 seconds
2024-10-07T16:31:50.719+0300: 1063.428: Application time: 0.9442521 seconds
2024-10-07T16:31:50.719+0300: 1063.428: [GC (Allocation Failure) 2024-10-07T16:31:50.719+0300: 1063.428: [ParNew: 281144K->1714K(314560K), 0.0009756 secs] 285625K->6196K(1013632K), 0.0010309 secs] [Times: user=0.02 sys=0.00, real=0.01 secs] 
2024-10-07T16:31:50.734+0300: 1063.429: Total time for which application threads were stopped: 0.0013090 seconds, Stopping threads took: 0.0001716 seconds
2024-10-07T16:31:51.660+0300: 1064.362: Application time: 0.9322483 seconds
2024-10-07T16:31:51.660+0300: 1064.362: [GC (Allocation Failure) 2024-10-07T16:31:51.660+0300: 1064.362: [ParNew: 281330K->1472K(314560K), 0.0008131 secs] 285812K->5954K(1013632K), 0.0008729 secs] [Times: user=0.00 sys=0.00, real=0.00 secs] 
2024-10-07T16:31:51.660+0300: 1064.363: Total time for which application threads were stopped: 0.0011598 seconds, Stopping threads took: 0.0001793 seconds
2024-10-07T16:31:52.601+0300: 1065.301: Application time: 0.9381199 seconds
2024-10-07T16:31:52.601+0300: 1065.301: [GC (Allocation Failure) 2024-10-07T16:31:52.601+0300: 1065.301: [ParNew: 281088K->1618K(314560K), 0.0008825 secs] 285570K->6101K(1013632K), 0.0009438 secs] [Times: user=0.00 sys=0.00, real=0.00 secs] 
2024-10-07T16:31:52.601+0300: 1065.302: Total time for which application threads were stopped: 0.0012253 seconds, Stopping threads took: 0.0001860 seconds
2024-10-07T16:31:53.542+0300: 1066.241: Application time: 0.9388840 seconds
2024-10-07T16:31:53.542+0300: 1066.241: [GC (Allocation Failure) 2024-10-07T16:31:53.542+0300: 1066.241: [ParNew: 281234K->1545K(314560K), 0.0007952 secs] 285717K->6028K(1013632K), 0.0008438 secs] [Times: user=0.02 sys=0.00, real=0.00 secs] 
2024-10-07T16:31:53.542+0300: 1066.242: Total time for which application threads were stopped: 0.0010712 seconds, Stopping threads took: 0.0001337 seconds
2024-10-07T16:31:54.530+0300: 1067.237: Application time: 0.9951607 seconds
2024-10-07T16:31:54.530+0300: 1067.237: [GC (Allocation Failure) 2024-10-07T16:31:54.530+0300: 1067.238: [ParNew: 281161K->1569K(314560K), 0.0008136 secs] 285644K->6052K(1013632K), 0.0008707 secs] [Times: user=0.00 sys=0.00, real=0.00 secs] 
2024-10-07T16:31:54.530+0300: 1067.238: Total time for which application threads were stopped: 0.0011157 seconds, Stopping threads took: 0.0001406 seconds
2024-10-07T16:31:55.456+0300: 1068.162: Application time: 0.9235717 seconds
2024-10-07T16:31:55.456+0300: 1068.162: [GC (Allocation Failure) 2024-10-07T16:31:55.456+0300: 1068.162: [ParNew: 281185K->1670K(314560K), 0.0007765 secs] 285668K->6153K(1013632K), 0.0008307 secs] [Times: user=0.00 sys=0.00, real=0.00 secs] 
2024-10-07T16:31:55.456+0300: 1068.163: Total time for which application threads were stopped: 0.0010994 seconds, Stopping threads took: 0.0001610 seconds
2024-10-07T16:31:56.413+0300: 1069.115: Application time: 0.9520464 seconds
2024-10-07T16:31:56.413+0300: 1069.115: [GC (Allocation Failure) 2024-10-07T16:31:56.413+0300: 1069.115: [ParNew: 281286K->1672K(314560K), 0.0009926 secs] 285769K->6156K(1013632K), 0.0010356 secs] [Times: user=0.00 sys=0.00, real=0.00 secs] 
2024-10-07T16:31:56.413+0300: 1069.116: Total time for which application threads were stopped: 0.0012797 seconds, Stopping threads took: 0.0001601 seconds
2024-10-07T16:31:57.358+0300: 1070.056: Application time: 0.9393284 seconds
2024-10-07T16:31:57.358+0300: 1070.056: [GC (Allocation Failure) 2024-10-07T16:31:57.358+0300: 1070.056: [ParNew: 281288K->1585K(314560K), 0.0008700 secs] 285772K->6070K(1013632K), 0.0009279 secs] [Times: user=0.00 sys=0.00, real=0.00 secs] 
2024-10-07T16:31:57.358+0300: 1070.057: Total time for which application threads were stopped: 0.0011772 seconds, Stopping threads took: 0.0001384 seconds
2024-10-07T16:31:58.296+0300: 1070.997: Application time: 0.9404301 seconds
2024-10-07T16:31:58.296+0300: 1070.998: [GC (Allocation Failure) 2024-10-07T16:31:58.296+0300: 1070.998: [ParNew: 281201K->1580K(314560K), 0.0008617 secs] 285686K->6065K(1013632K), 0.0009156 secs] [Times: user=0.00 sys=0.00, real=0.00 secs] 
2024-10-07T16:31:58.296+0300: 1070.998: Total time for which application threads were stopped: 0.0011316 seconds, Stopping threads took: 0.0001207 seconds
2024-10-07T16:31:59.221+0300: 1071.927: Application time: 0.9288507 seconds
2024-10-07T16:31:59.221+0300: 1071.928: [GC (Allocation Failure) 2024-10-07T16:31:59.221+0300: 1071.928: [ParNew: 281196K->1585K(314560K), 0.0008893 secs] 285681K->6070K(1013632K), 0.0009404 secs] [Times: user=0.00 sys=0.00, real=0.00 secs] 
2024-10-07T16:31:59.221+0300: 1071.929: Total time for which application threads were stopped: 0.0012133 seconds, Stopping threads took: 0.0001784 seconds
2024-10-07T16:32:00.178+0300: 1072.879: Application time: 0.9509623 seconds
2024-10-07T16:32:00.178+0300: 1072.880: [GC (Allocation Failure) 2024-10-07T16:32:00.178+0300: 1072.880: [ParNew: 281201K->1600K(314560K), 0.0009192 secs] 285686K->6085K(1013632K), 0.0009693 secs] [Times: user=0.00 sys=0.00, real=0.00 secs] 
2024-10-07T16:32:00.178+0300: 1072.881: Total time for which application threads were stopped: 0.0012717 seconds, Stopping threads took: 0.0002014 seconds
2024-10-07T16:32:01.136+0300: 1073.835: Application time: 0.9537942 seconds
2024-10-07T16:32:01.136+0300: 1073.835: [GC (Allocation Failure) 2024-10-07T16:32:01.136+0300: 1073.835: [ParNew: 281216K->1653K(314560K), 0.0008825 secs] 285701K->6139K(1013632K), 0.0009539 secs] [Times: user=0.00 sys=0.00, real=0.00 secs] 
2024-10-07T16:32:01.136+0300: 1073.836: Total time for which application threads were stopped: 0.0011984 seconds, Stopping threads took: 0.0001289 seconds
2024-10-07T16:32:02.124+0300: 1074.820: Application time: 0.9839243 seconds
2024-10-07T16:32:02.124+0300: 1074.820: [GC (Allocation Failure) 2024-10-07T16:32:02.124+0300: 1074.820: [ParNew: 281269K->1579K(314560K), 0.0008590 secs] 285755K->6065K(1013632K), 0.0009232 secs] [Times: user=0.00 sys=0.00, real=0.00 secs] 
2024-10-07T16:32:02.124+0300: 1074.821: Total time for which application threads were stopped: 0.0011757 seconds, Stopping threads took: 0.0001524 seconds
2024-10-07T16:32:03.050+0300: 1075.751: Application time: 0.9298499 seconds
2024-10-07T16:32:03.050+0300: 1075.751: [GC (Allocation Failure) 2024-10-07T16:32:03.050+0300: 1075.751: [ParNew: 281195K->1584K(314560K), 0.0008245 secs] 285681K->6071K(1013632K), 0.0008723 secs] [Times: user=0.00 sys=0.00, real=0.00 secs] 
2024-10-07T16:32:03.050+0300: 1075.752: Total time for which application threads were stopped: 0.0011172 seconds, Stopping threads took: 0.0001542 seconds
2024-10-07T16:32:04.007+0300: 1076.705: Application time: 0.9532188 seconds
2024-10-07T16:32:04.007+0300: 1076.705: [GC (Allocation Failure) 2024-10-07T16:32:04.007+0300: 1076.705: [ParNew: 281200K->1761K(314560K), 0.0007865 secs] 285687K->6248K(1013632K), 0.0008324 secs] [Times: user=0.00 sys=0.00, real=0.00 secs] 
2024-10-07T16:32:04.007+0300: 1076.706: Total time for which application threads were stopped: 0.0010626 seconds, Stopping threads took: 0.0001408 seconds
2024-10-07T16:32:04.948+0300: 1077.647: Application time: 0.9411809 seconds
2024-10-07T16:32:04.948+0300: 1077.648: [GC (Allocation Failure) 2024-10-07T16:32:04.948+0300: 1077.648: [ParNew: 281377K->1548K(314560K), 0.0008437 secs] 285864K->6035K(1013632K), 0.0008897 secs] [Times: user=0.00 sys=0.00, real=0.00 secs] 
2024-10-07T16:32:04.948+0300: 1077.648: Total time for which application threads were stopped: 0.0011339 seconds, Stopping threads took: 0.0001514 seconds
2024-10-07T16:32:05.874+0300: 1078.577: Application time: 0.9283829 seconds
2024-10-07T16:32:05.874+0300: 1078.577: [GC (Allocation Failure) 2024-10-07T16:32:05.874+0300: 1078.577: [ParNew: 281164K->1626K(314560K), 0.0008571 secs] 285651K->6114K(1013632K), 0.0009105 secs] [Times: user=0.00 sys=0.00, real=0.00 secs] 
2024-10-07T16:32:05.874+0300: 1078.578: Total time for which application threads were stopped: 0.0011844 seconds, Stopping threads took: 0.0001784 seconds
2024-10-07T16:32:06.815+0300: 1079.514: Application time: 0.9359919 seconds
2024-10-07T16:32:06.815+0300: 1079.514: [GC (Allocation Failure) 2024-10-07T16:32:06.815+0300: 1079.514: [ParNew: 281242K->1619K(314560K), 0.0008071 secs] 285730K->6107K(1013632K), 0.0008518 secs] [Times: user=0.00 sys=0.00, real=0.00 secs] 
2024-10-07T16:32:06.815+0300: 1079.515: Total time for which application threads were stopped: 0.0010868 seconds, Stopping threads took: 0.0001521 seconds
2024-10-07T16:32:07.741+0300: 1080.448: Application time: 0.9331629 seconds
2024-10-07T16:32:07.741+0300: 1080.449: [GC (Allocation Failure) 2024-10-07T16:32:07.741+0300: 1080.449: [ParNew: 281235K->1573K(314560K), 0.0008477 secs] 285723K->6061K(1013632K), 0.0009191 secs] [Times: user=0.00 sys=0.00, real=0.00 secs] 
2024-10-07T16:32:07.741+0300: 1080.449: Total time for which application threads were stopped: 0.0011930 seconds, Stopping threads took: 0.0001573 seconds
2024-10-07T16:32:08.714+0300: 1081.413: Application time: 0.9636791 seconds
2024-10-07T16:32:08.714+0300: 1081.413: [GC (Allocation Failure) 2024-10-07T16:32:08.714+0300: 1081.413: [ParNew: 281189K->1581K(314560K), 0.0008770 secs] 285677K->6070K(1013632K), 0.0009320 secs] [Times: user=0.00 sys=0.00, real=0.00 secs] 
2024-10-07T16:32:08.714+0300: 1081.414: Total time for which application threads were stopped: 0.0011859 seconds, Stopping threads took: 0.0001463 seconds
2024-10-07T16:32:09.687+0300: 1082.385: Application time: 0.9707014 seconds
2024-10-07T16:32:09.687+0300: 1082.385: [GC (Allocation Failure) 2024-10-07T16:32:09.687+0300: 1082.385: [ParNew: 281197K->1660K(314560K), 0.0009908 secs] 285686K->6149K(1013632K), 0.0010367 secs] [Times: user=0.00 sys=0.00, real=0.00 secs] 
2024-10-07T16:32:09.687+0300: 1082.386: Total time for which application threads were stopped: 0.0012742 seconds, Stopping threads took: 0.0001509 seconds
2024-10-07T16:32:10.629+0300: 1083.324: Application time: 0.9375060 seconds
2024-10-07T16:32:10.629+0300: 1083.324: [GC (Allocation Failure) 2024-10-07T16:32:10.629+0300: 1083.324: [ParNew: 281276K->1582K(314560K), 0.0007927 secs] 285765K->6072K(1013632K), 0.0008611 secs] [Times: user=0.00 sys=0.00, real=0.00 secs] 
2024-10-07T16:32:10.629+0300: 1083.325: Total time for which application threads were stopped: 0.0011187 seconds, Stopping threads took: 0.0001426 seconds
2024-10-07T16:32:11.570+0300: 1084.264: Application time: 0.9393961 seconds
2024-10-07T16:32:11.570+0300: 1084.265: [GC (Allocation Failure) 2024-10-07T16:32:11.570+0300: 1084.265: [ParNew: 281198K->1580K(314560K), 0.0009996 secs] 285688K->6070K(1013632K), 0.0010725 secs] [Times: user=0.00 sys=0.00, real=0.00 secs] 
2024-10-07T16:32:11.570+0300: 1084.266: Total time for which application threads were stopped: 0.0013168 seconds, Stopping threads took: 0.0001182 seconds
2024-10-07T16:32:12.511+0300: 1085.217: Application time: 0.9509208 seconds
2024-10-07T16:32:12.511+0300: 1085.217: [GC (Allocation Failure) 2024-10-07T16:32:12.511+0300: 1085.217: [ParNew: 281196K->1584K(314560K), 0.0008356 secs] 285686K->6074K(1013632K), 0.0008947 secs] [Times: user=0.00 sys=0.00, real=0.00 secs] 
2024-10-07T16:32:12.511+0300: 1085.218: Total time for which application threads were stopped: 0.0011292 seconds, Stopping threads took: 0.0001341 seconds
2024-10-07T16:32:13.437+0300: 1086.138: Application time: 0.9201545 seconds
2024-10-07T16:32:13.437+0300: 1086.138: [GC (Allocation Failure) 2024-10-07T16:32:13.437+0300: 1086.138: [ParNew: 281200K->1497K(314560K), 0.0009881 secs] 285690K->5988K(1013632K), 0.0010713 secs] [Times: user=0.00 sys=0.00, real=0.00 secs] 
2024-10-07T16:32:13.437+0300: 1086.139: Total time for which application threads were stopped: 0.0013710 seconds, Stopping threads took: 0.0001648 seconds
2024-10-07T16:32:14.379+0300: 1087.080: Application time: 0.9404482 seconds
2024-10-07T16:32:14.379+0300: 1087.080: [GC (Allocation Failure) 2024-10-07T16:32:14.379+0300: 1087.080: [ParNew: 281113K->1562K(314560K), 0.0009856 secs] 285604K->6053K(1013632K), 0.0010315 secs] [Times: user=0.00 sys=0.00, real=0.00 secs] 
2024-10-07T16:32:14.379+0300: 1087.081: Total time for which application threads were stopped: 0.0012729 seconds, Stopping threads took: 0.0001202 seconds
2024-10-07T16:32:15.320+0300: 1088.019: Application time: 0.9382875 seconds
2024-10-07T16:32:15.320+0300: 1088.020: [GC (Allocation Failure) 2024-10-07T16:32:15.320+0300: 1088.020: [ParNew: 281178K->1512K(314560K), 0.0009065 secs] 285669K->6003K(1013632K), 0.0009597 secs] [Times: user=0.00 sys=0.00, real=0.00 secs] 
2024-10-07T16:32:15.320+0300: 1088.020: Total time for which application threads were stopped: 0.0012271 seconds, Stopping threads took: 0.0001748 seconds
2024-10-07T16:32:16.293+0300: 1088.995: Application time: 0.9747228 seconds
2024-10-07T16:32:16.293+0300: 1088.995: [GC (Allocation Failure) 2024-10-07T16:32:16.293+0300: 1088.995: [ParNew: 281128K->1521K(314560K), 0.0008954 secs] 285619K->6013K(1013632K), 0.0009470 secs] [Times: user=0.00 sys=0.00, real=0.00 secs] 
2024-10-07T16:32:16.293+0300: 1088.996: Total time for which application threads were stopped: 0.0012019 seconds, Stopping threads took: 0.0001603 seconds
2024-10-07T16:32:17.266+0300: 1089.968: Application time: 0.9713587 seconds
2024-10-07T16:32:17.266+0300: 1089.968: [GC (Allocation Failure) 2024-10-07T16:32:17.266+0300: 1089.968: [ParNew: 281137K->1596K(314560K), 0.0010446 secs] 285629K->6088K(1013632K), 0.0011014 secs] [Times: user=0.02 sys=0.00, real=0.00 secs] 
2024-10-07T16:32:17.266+0300: 1089.969: Total time for which application threads were stopped: 0.0013501 seconds, Stopping threads took: 0.0001532 seconds
2024-10-07T16:32:18.208+0300: 1090.909: Application time: 0.9400592 seconds
2024-10-07T16:32:18.208+0300: 1090.909: [GC (Allocation Failure) 2024-10-07T16:32:18.208+0300: 1090.909: [ParNew: 281212K->1642K(314560K), 0.0008642 secs] 285704K->6134K(1013632K), 0.0009164 secs] [Times: user=0.00 sys=0.00, real=0.00 secs] 
2024-10-07T16:32:18.208+0300: 1090.910: Total time for which application threads were stopped: 0.0011848 seconds, Stopping threads took: 0.0001757 seconds
2024-10-07T16:32:19.149+0300: 1091.853: Application time: 0.9429742 seconds
2024-10-07T16:32:19.149+0300: 1091.854: [GC (Allocation Failure) 2024-10-07T16:32:19.149+0300: 1091.854: [ParNew: 281258K->1573K(314560K), 0.0008456 secs] 285750K->6066K(1013632K), 0.0009279 secs] [Times: user=0.00 sys=0.00, real=0.00 secs] 
2024-10-07T16:32:19.149+0300: 1091.855: Total time for which application threads were stopped: 0.0011994 seconds, Stopping threads took: 0.0001585 seconds
2024-10-07T16:32:20.100+0300: 1092.798: Application time: 0.9431326 seconds
2024-10-07T16:32:20.100+0300: 1092.798: [GC (Allocation Failure) 2024-10-07T16:32:20.100+0300: 1092.798: [ParNew: 281189K->1577K(314560K), 0.0011159 secs] 285682K->6071K(1013632K), 0.0011857 secs] [Times: user=0.00 sys=0.00, real=0.00 secs] 
2024-10-07T16:32:20.100+0300: 1092.799: Total time for which application threads were stopped: 0.0014080 seconds, Stopping threads took: 0.0001133 seconds
2024-10-07T16:32:21.063+0300: 1093.765: Application time: 0.9662264 seconds
2024-10-07T16:32:21.063+0300: 1093.766: [GC (Allocation Failure) 2024-10-07T16:32:21.063+0300: 1093.766: [ParNew: 281193K->1584K(314560K), 0.0008623 secs] 285687K->6078K(1013632K), 0.0009166 secs] [Times: user=0.00 sys=0.00, real=0.00 secs] 
2024-10-07T16:32:21.063+0300: 1093.766: Total time for which application threads were stopped: 0.0011391 seconds, Stopping threads took: 0.0001157 seconds
2024-10-07T16:32:22.019+0300: 1094.717: Application time: 0.9501502 seconds
2024-10-07T16:32:22.019+0300: 1094.717: [GC (Allocation Failure) 2024-10-07T16:32:22.019+0300: 1094.717: [ParNew: 281200K->1584K(314560K), 0.0008522 secs] 285694K->6078K(1013632K), 0.0009184 secs] [Times: user=0.00 sys=0.00, real=0.00 secs] 
2024-10-07T16:32:22.019+0300: 1094.718: Total time for which application threads were stopped: 0.0011343 seconds, Stopping threads took: 0.0001080 seconds
2024-10-07T16:32:22.961+0300: 1095.656: Application time: 0.9385220 seconds
2024-10-07T16:32:22.961+0300: 1095.657: [GC (Allocation Failure) 2024-10-07T16:32:22.961+0300: 1095.657: [ParNew: 281200K->1585K(314560K), 0.0008367 secs] 285694K->6079K(1013632K), 0.0009070 secs] [Times: user=0.05 sys=0.00, real=0.00 secs] 
2024-10-07T16:32:22.961+0300: 1095.657: Total time for which application threads were stopped: 0.0011663 seconds, Stopping threads took: 0.0001375 seconds
2024-10-07T16:32:23.933+0300: 1096.640: Application time: 0.9829659 seconds
2024-10-07T16:32:23.933+0300: 1096.641: [GC (Allocation Failure) 2024-10-07T16:32:23.933+0300: 1096.641: [ParNew: 281201K->1595K(314560K), 0.0009432 secs] 285695K->6089K(1013632K), 0.0010017 secs] [Times: user=0.01 sys=0.00, real=0.01 secs] 
2024-10-07T16:32:23.947+0300: 1096.642: Total time for which application threads were stopped: 0.0012587 seconds, Stopping threads took: 0.0001447 seconds
2024-10-07T16:32:24.890+0300: 1097.590: Application time: 0.9482556 seconds
2024-10-07T16:32:24.890+0300: 1097.590: [GC (Allocation Failure) 2024-10-07T16:32:24.890+0300: 1097.590: [ParNew: 281211K->1646K(314560K), 0.0008422 secs] 285705K->6141K(1013632K), 0.0009195 secs] [Times: user=0.00 sys=0.00, real=0.00 secs] 
2024-10-07T16:32:24.890+0300: 1097.591: Total time for which application threads were stopped: 0.0012287 seconds, Stopping threads took: 0.0001782 seconds
2024-10-07T16:32:25.832+0300: 1098.533: Application time: 0.9422168 seconds
2024-10-07T16:32:25.832+0300: 1098.534: [GC (Allocation Failure) 2024-10-07T16:32:25.832+0300: 1098.534: [ParNew: 281262K->1579K(314560K), 0.0010768 secs] 285757K->6074K(1013632K), 0.0011687 secs] [Times: user=0.00 sys=0.00, real=0.00 secs] 
2024-10-07T16:32:25.832+0300: 1098.535: Total time for which application threads were stopped: 0.0014642 seconds, Stopping threads took: 0.0001680 seconds
2024-10-07T16:32:26.788+0300: 1099.497: Application time: 0.9621831 seconds
2024-10-07T16:32:26.788+0300: 1099.497: [GC (Allocation Failure) 2024-10-07T16:32:26.788+0300: 1099.497: [ParNew: 281195K->1666K(314560K), 0.0008580 secs] 285690K->6162K(1013632K), 0.0009268 secs] [Times: user=0.00 sys=0.00, real=0.00 secs] 
2024-10-07T16:32:26.788+0300: 1099.498: Total time for which application threads were stopped: 0.0012425 seconds, Stopping threads took: 0.0001938 seconds
2024-10-07T16:32:27.730+0300: 1100.429: Application time: 0.9310524 seconds
2024-10-07T16:32:27.730+0300: 1100.430: [GC (Allocation Failure) 2024-10-07T16:32:27.730+0300: 1100.430: [ParNew: 281282K->1579K(314560K), 0.0007928 secs] 285778K->6075K(1013632K), 0.0008556 secs] [Times: user=0.00 sys=0.00, real=0.00 secs] 
2024-10-07T16:32:27.730+0300: 1100.430: Total time for which application threads were stopped: 0.0010877 seconds, Stopping threads took: 0.0001291 seconds
2024-10-07T16:32:28.671+0300: 1101.372: Application time: 0.9418058 seconds
2024-10-07T16:32:28.671+0300: 1101.372: [GC (Allocation Failure) 2024-10-07T16:32:28.671+0300: 1101.372: [ParNew: 281195K->1456K(314560K), 0.0008457 secs] 285691K->5953K(1013632K), 0.0009040 secs] [Times: user=0.00 sys=0.00, real=0.00 secs] 
2024-10-07T16:32:28.671+0300: 1101.373: Total time for which application threads were stopped: 0.0011327 seconds, Stopping threads took: 0.0001217 seconds
2024-10-07T16:32:29.618+0300: 1102.323: Application time: 0.9494115 seconds
2024-10-07T16:32:29.618+0300: 1102.323: [GC (Allocation Failure) 2024-10-07T16:32:29.618+0300: 1102.323: [ParNew: 281072K->1599K(314560K), 0.0008272 secs] 285569K->6096K(1013632K), 0.0009045 secs] [Times: user=0.02 sys=0.00, real=0.01 secs] 
2024-10-07T16:32:29.629+0300: 1102.324: Total time for which application threads were stopped: 0.0011526 seconds, Stopping threads took: 0.0001389 seconds
2024-10-07T16:32:30.570+0300: 1103.272: Application time: 0.9479427 seconds
2024-10-07T16:32:30.570+0300: 1103.272: [GC (Allocation Failure) 2024-10-07T16:32:30.570+0300: 1103.272: [ParNew: 281215K->1465K(314560K), 0.0008770 secs] 285712K->5962K(1013632K), 0.0009320 secs] [Times: user=0.00 sys=0.00, real=0.00 secs] 
2024-10-07T16:32:30.570+0300: 1103.273: Total time for which application threads were stopped: 0.0011706 seconds, Stopping threads took: 0.0001323 seconds
2024-10-07T16:32:31.574+0300: 1104.270: Application time: 0.9968553 seconds
2024-10-07T16:32:31.574+0300: 1104.270: [GC (Allocation Failure) 2024-10-07T16:32:31.574+0300: 1104.270: [ParNew: 281081K->1503K(314560K), 0.0008033 secs] 285578K->6000K(1013632K), 0.0008521 secs] [Times: user=0.00 sys=0.00, real=0.00 secs] 
2024-10-07T16:32:31.574+0300: 1104.271: Total time for which application threads were stopped: 0.0010634 seconds, Stopping threads took: 0.0001156 seconds
2024-10-07T16:32:32.499+0300: 1105.202: Application time: 0.9305865 seconds
2024-10-07T16:32:32.499+0300: 1105.202: [GC (Allocation Failure) 2024-10-07T16:32:32.499+0300: 1105.202: [ParNew: 281119K->1587K(314560K), 0.0007676 secs] 285616K->6085K(1013632K), 0.0008216 secs] [Times: user=0.00 sys=0.00, real=0.00 secs] 
2024-10-07T16:32:32.499+0300: 1105.203: Total time for which application threads were stopped: 0.0010457 seconds, Stopping threads took: 0.0001220 seconds
2024-10-07T16:32:33.441+0300: 1106.147: Application time: 0.9446782 seconds
2024-10-07T16:32:33.441+0300: 1106.148: [GC (Allocation Failure) 2024-10-07T16:32:33.441+0300: 1106.148: [ParNew: 281203K->1674K(314560K), 0.0008134 secs] 285701K->6172K(1013632K), 0.0008844 secs] [Times: user=0.00 sys=0.00, real=0.00 secs] 
2024-10-07T16:32:33.441+0300: 1106.148: Total time for which application threads were stopped: 0.0011217 seconds, Stopping threads took: 0.0001225 seconds
2024-10-07T16:32:34.397+0300: 1107.094: Application time: 0.9456116 seconds
2024-10-07T16:32:34.397+0300: 1107.094: [GC (Allocation Failure) 2024-10-07T16:32:34.397+0300: 1107.094: [ParNew: 281290K->1674K(314560K), 0.0008268 secs] 285788K->6172K(1013632K), 0.0008815 secs] [Times: user=0.01 sys=0.00, real=0.00 secs] 
2024-10-07T16:32:34.397+0300: 1107.095: Total time for which application threads were stopped: 0.0011451 seconds, Stopping threads took: 0.0001523 seconds
2024-10-07T16:32:35.329+0300: 1108.027: Application time: 0.9313901 seconds
2024-10-07T16:32:35.329+0300: 1108.027: [GC (Allocation Failure) 2024-10-07T16:32:35.329+0300: 1108.027: [ParNew: 281290K->1586K(314560K), 0.0010233 secs] 285788K->6085K(1013632K), 0.0010992 secs] [Times: user=0.00 sys=0.00, real=0.00 secs] 
2024-10-07T16:32:35.329+0300: 1108.028: Total time for which application threads were stopped: 0.0013583 seconds, Stopping threads took: 0.0001318 seconds
2024-10-07T16:32:36.264+0300: 1108.964: Application time: 0.9364796 seconds
2024-10-07T16:32:36.264+0300: 1108.965: [GC (Allocation Failure) 2024-10-07T16:32:36.264+0300: 1108.965: [ParNew: 281202K->1690K(314560K), 0.0008843 secs] 285701K->6190K(1013632K), 0.0009526 secs] [Times: user=0.00 sys=0.00, real=0.00 secs] 
2024-10-07T16:32:36.264+0300: 1108.966: Total time for which application threads were stopped: 0.0011879 seconds, Stopping threads took: 0.0001201 seconds
2024-10-07T16:32:37.220+0300: 1109.916: Application time: 0.9503429 seconds
2024-10-07T16:32:37.220+0300: 1109.916: [GC (Allocation Failure) 2024-10-07T16:32:37.220+0300: 1109.916: [ParNew: 281306K->1533K(314560K), 0.0008540 secs] 285806K->6032K(1013632K), 0.0009124 secs] [Times: user=0.00 sys=0.00, real=0.00 secs] 
2024-10-07T16:32:37.220+0300: 1109.917: Total time for which application threads were stopped: 0.0011294 seconds, Stopping threads took: 0.0001146 seconds
2024-10-07T16:32:38.177+0300: 1110.879: Application time: 0.9616556 seconds
2024-10-07T16:32:38.177+0300: 1110.879: [GC (Allocation Failure) 2024-10-07T16:32:38.177+0300: 1110.879: [ParNew: 281149K->1673K(314560K), 0.0008066 secs] 285648K->6173K(1013632K), 0.0008663 secs] [Times: user=0.00 sys=0.00, real=0.00 secs] 
2024-10-07T16:32:38.177+0300: 1110.880: Total time for which application threads were stopped: 0.0011345 seconds, Stopping threads took: 0.0001725 seconds
2024-10-07T16:32:39.166+0300: 1111.870: Application time: 0.9897914 seconds
2024-10-07T16:32:39.166+0300: 1111.870: [GC (Allocation Failure) 2024-10-07T16:32:39.166+0300: 1111.870: [ParNew: 281289K->1577K(314560K), 0.0009061 secs] 285789K->6078K(1013632K), 0.0009599 secs] [Times: user=0.00 sys=0.00, real=0.00 secs] 
2024-10-07T16:32:39.166+0300: 1111.871: Total time for which application threads were stopped: 0.0011898 seconds, Stopping threads took: 0.0001293 seconds
2024-10-07T16:32:40.107+0300: 1112.807: Application time: 0.9364513 seconds
2024-10-07T16:32:40.107+0300: 1112.808: [GC (Allocation Failure) 2024-10-07T16:32:40.107+0300: 1112.808: [ParNew: 281193K->1672K(314560K), 0.0009482 secs] 285694K->6173K(1013632K), 0.0010669 secs] [Times: user=0.00 sys=0.00, real=0.00 secs] 
2024-10-07T16:32:40.107+0300: 1112.809: Total time for which application threads were stopped: 0.0013553 seconds, Stopping threads took: 0.0001186 seconds
2024-10-07T16:32:41.049+0300: 1113.759: Application time: 0.9503405 seconds
2024-10-07T16:32:41.065+0300: 1113.759: [GC (Allocation Failure) 2024-10-07T16:32:41.065+0300: 1113.759: [ParNew: 281288K->1673K(314560K), 0.0008613 secs] 285789K->6174K(1013632K), 0.0009546 secs] [Times: user=0.00 sys=0.00, real=0.00 secs] 
2024-10-07T16:32:41.065+0300: 1113.760: Total time for which application threads were stopped: 0.0012890 seconds, Stopping threads took: 0.0001590 seconds
2024-10-07T16:32:42.005+0300: 1114.707: Application time: 0.9471199 seconds
2024-10-07T16:32:42.005+0300: 1114.708: [GC (Allocation Failure) 2024-10-07T16:32:42.005+0300: 1114.708: [ParNew: 281289K->1673K(314560K), 0.0009658 secs] 285790K->6175K(1013632K), 0.0010683 secs] [Times: user=0.00 sys=0.00, real=0.00 secs] 
2024-10-07T16:32:42.005+0300: 1114.709: Total time for which application threads were stopped: 0.0013025 seconds, Stopping threads took: 0.0000710 seconds
2024-10-07T16:32:42.947+0300: 1115.642: Application time: 0.9336853 seconds
2024-10-07T16:32:42.947+0300: 1115.643: [GC (Allocation Failure) 2024-10-07T16:32:42.947+0300: 1115.643: [ParNew: 281289K->1570K(314560K), 0.0009497 secs] 285791K->6072K(1013632K), 0.0010409 secs] [Times: user=0.00 sys=0.00, real=0.00 secs] 
2024-10-07T16:32:42.947+0300: 1115.644: Total time for which application threads were stopped: 0.0013527 seconds, Stopping threads took: 0.0001814 seconds
2024-10-07T16:32:43.873+0300: 1116.581: Application time: 0.9371300 seconds
2024-10-07T16:32:43.873+0300: 1116.581: [GC (Allocation Failure) 2024-10-07T16:32:43.873+0300: 1116.581: [ParNew: 281186K->1587K(314560K), 0.0008908 secs] 285688K->6090K(1013632K), 0.0009583 secs] [Times: user=0.00 sys=0.00, real=0.00 secs] 
2024-10-07T16:32:43.873+0300: 1116.582: Total time for which application threads were stopped: 0.0012017 seconds, Stopping threads took: 0.0001332 seconds
2024-10-07T16:32:44.814+0300: 1117.518: Application time: 0.9355634 seconds
2024-10-07T16:32:44.814+0300: 1117.518: [GC (Allocation Failure) 2024-10-07T16:32:44.814+0300: 1117.518: [ParNew: 281203K->1533K(314560K), 0.0010883 secs] 285706K->6035K(1013632K), 0.0011717 secs] [Times: user=0.00 sys=0.00, real=0.00 secs] 
2024-10-07T16:32:44.814+0300: 1117.519: Total time for which application threads were stopped: 0.0014171 seconds, Stopping threads took: 0.0001055 seconds
2024-10-07T16:32:45.787+0300: 1118.488: Application time: 0.9693457 seconds
2024-10-07T16:32:45.787+0300: 1118.489: [GC (Allocation Failure) 2024-10-07T16:32:45.787+0300: 1118.489: [ParNew: 281149K->1572K(314560K), 0.0008504 secs] 285651K->6075K(1013632K), 0.0009121 secs] [Times: user=0.00 sys=0.02, real=0.00 secs] 
2024-10-07T16:32:45.787+0300: 1118.490: Total time for which application threads were stopped: 0.0011838 seconds, Stopping threads took: 0.0001399 seconds
2024-10-07T16:32:46.760+0300: 1119.455: Application time: 0.9654352 seconds
2024-10-07T16:32:46.760+0300: 1119.455: [GC (Allocation Failure) 2024-10-07T16:32:46.760+0300: 1119.455: [ParNew: 281188K->1484K(314560K), 0.0008924 secs] 285691K->5988K(1013632K), 0.0009672 secs] [Times: user=0.00 sys=0.00, real=0.00 secs] 
2024-10-07T16:32:46.760+0300: 1119.456: Total time for which application threads were stopped: 0.0012309 seconds, Stopping threads took: 0.0001356 seconds
2024-10-07T16:32:47.685+0300: 1120.385: Application time: 0.9287144 seconds
2024-10-07T16:32:47.685+0300: 1120.385: [GC (Allocation Failure) 2024-10-07T16:32:47.685+0300: 1120.385: [ParNew: 281100K->1582K(314560K), 0.0008492 secs] 285604K->6086K(1013632K), 0.0009209 secs] [Times: user=0.00 sys=0.00, real=0.00 secs] 
2024-10-07T16:32:47.685+0300: 1120.386: Total time for which application threads were stopped: 0.0011605 seconds, Stopping threads took: 0.0001299 seconds
2024-10-07T16:32:48.642+0300: 1121.340: Application time: 0.9542668 seconds
2024-10-07T16:32:48.642+0300: 1121.341: [GC (Allocation Failure) 2024-10-07T16:32:48.642+0300: 1121.341: [ParNew: 281198K->1672K(314560K), 0.0008045 secs] 285702K->6177K(1013632K), 0.0008599 secs] [Times: user=0.00 sys=0.00, real=0.00 secs] 
2024-10-07T16:32:48.642+0300: 1121.342: Total time for which application threads were stopped: 0.0011530 seconds, Stopping threads took: 0.0001703 seconds
2024-10-07T16:32:49.584+0300: 1122.288: Application time: 0.9465767 seconds
2024-10-07T16:32:49.584+0300: 1122.288: [GC (Allocation Failure) 2024-10-07T16:32:49.584+0300: 1122.288: [ParNew: 281288K->1497K(314560K), 0.0008786 secs] 285793K->6001K(1013632K), 0.0009415 secs] [Times: user=0.00 sys=0.00, real=0.00 secs] 
2024-10-07T16:32:49.584+0300: 1122.289: Total time for which application threads were stopped: 0.0011584 seconds, Stopping threads took: 0.0001083 seconds
2024-10-07T16:32:50.525+0300: 1123.219: Application time: 0.9299161 seconds
2024-10-07T16:32:50.525+0300: 1123.220: [GC (Allocation Failure) 2024-10-07T16:32:50.525+0300: 1123.220: [ParNew: 281113K->1586K(314560K), 0.0007563 secs] 285617K->6091K(1013632K), 0.0008222 secs] [Times: user=0.02 sys=0.00, real=0.00 secs] 
2024-10-07T16:32:50.525+0300: 1123.220: Total time for which application threads were stopped: 0.0011025 seconds, Stopping threads took: 0.0001688 seconds
2024-10-07T16:32:51.460+0300: 1124.160: Application time: 0.9398781 seconds
2024-10-07T16:32:51.460+0300: 1124.161: [GC (Allocation Failure) 2024-10-07T16:32:51.460+0300: 1124.161: [ParNew: 281202K->1601K(314560K), 0.0010074 secs] 285707K->6106K(1013632K), 0.0010918 secs] [Times: user=0.00 sys=0.00, real=0.00 secs] 
2024-10-07T16:32:51.467+0300: 1124.162: Total time for which application threads were stopped: 0.0014745 seconds, Stopping threads took: 0.0001971 seconds
2024-10-07T16:32:52.408+0300: 1125.105: Application time: 0.9434021 seconds
2024-10-07T16:32:52.408+0300: 1125.105: [GC (Allocation Failure) 2024-10-07T16:32:52.408+0300: 1125.105: [ParNew: 281217K->1567K(314560K), 0.0009041 secs] 285722K->6072K(1013632K), 0.0009720 secs] [Times: user=0.00 sys=0.00, real=0.00 secs] 
2024-10-07T16:32:52.408+0300: 1125.106: Total time for which application threads were stopped: 0.0012268 seconds, Stopping threads took: 0.0001313 seconds
2024-10-07T16:32:53.381+0300: 1126.084: Application time: 0.9772273 seconds
2024-10-07T16:32:53.381+0300: 1126.084: [GC (Allocation Failure) 2024-10-07T16:32:53.381+0300: 1126.084: [ParNew: 281183K->1575K(314560K), 0.0009763 secs] 285688K->6080K(1013632K), 0.0010550 secs] [Times: user=0.00 sys=0.00, real=0.00 secs] 
2024-10-07T16:32:53.381+0300: 1126.085: Total time for which application threads were stopped: 0.0013555 seconds, Stopping threads took: 0.0001749 seconds
2024-10-07T16:32:54.338+0300: 1127.034: Application time: 0.9489255 seconds
2024-10-07T16:32:54.338+0300: 1127.034: [GC (Allocation Failure) 2024-10-07T16:32:54.338+0300: 1127.034: [ParNew: 281191K->1583K(314560K), 0.0008797 secs] 285696K->6089K(1013632K), 0.0009591 secs] [Times: user=0.00 sys=0.00, real=0.00 secs] 
2024-10-07T16:32:54.338+0300: 1127.035: Total time for which application threads were stopped: 0.0011992 seconds, Stopping threads took: 0.0001175 seconds
2024-10-07T16:32:55.267+0300: 1127.971: Application time: 0.9361706 seconds
2024-10-07T16:32:55.267+0300: 1127.971: [GC (Allocation Failure) 2024-10-07T16:32:55.267+0300: 1127.971: [ParNew: 281199K->1496K(314560K), 0.0009091 secs] 285705K->6003K(1013632K), 0.0009700 secs] [Times: user=0.00 sys=0.00, real=0.00 secs] 
2024-10-07T16:32:55.267+0300: 1127.972: Total time for which application threads were stopped: 0.0012075 seconds, Stopping threads took: 0.0001161 seconds
2024-10-07T16:32:56.221+0300: 1128.928: Application time: 0.9552983 seconds
2024-10-07T16:32:56.221+0300: 1128.928: [GC (Allocation Failure) 2024-10-07T16:32:56.221+0300: 1128.928: [ParNew: 281112K->1496K(314560K), 0.0010027 secs] 285619K->6004K(1013632K), 0.0010765 secs] [Times: user=0.00 sys=0.00, real=0.00 secs] 
2024-10-07T16:32:56.221+0300: 1128.929: Total time for which application threads were stopped: 0.0014074 seconds, Stopping threads took: 0.0002134 seconds
2024-10-07T16:32:57.171+0300: 1129.869: Application time: 0.9402258 seconds
2024-10-07T16:32:57.171+0300: 1129.870: [GC (Allocation Failure) 2024-10-07T16:32:57.171+0300: 1129.870: [ParNew: 281112K->1564K(314560K), 0.0008746 secs] 285620K->6072K(1013632K), 0.0009501 secs] [Times: user=0.03 sys=0.00, real=0.00 secs] 
2024-10-07T16:32:57.171+0300: 1129.871: Total time for which application threads were stopped: 0.0011856 seconds, Stopping threads took: 0.0001346 seconds
2024-10-07T16:32:58.104+0300: 1130.806: Application time: 0.9355222 seconds
2024-10-07T16:32:58.104+0300: 1130.806: [GC (Allocation Failure) 2024-10-07T16:32:58.104+0300: 1130.806: [ParNew: 281180K->1512K(314560K), 0.0010620 secs] 285688K->6020K(1013632K), 0.0011289 secs] [Times: user=0.00 sys=0.00, real=0.00 secs] 
2024-10-07T16:32:58.104+0300: 1130.808: Total time for which application threads were stopped: 0.0014297 seconds, Stopping threads took: 0.0001844 seconds
2024-10-07T16:32:59.077+0300: 1131.782: Application time: 0.9744257 seconds
2024-10-07T16:32:59.077+0300: 1131.782: [GC (Allocation Failure) 2024-10-07T16:32:59.077+0300: 1131.782: [ParNew: 281128K->1500K(314560K), 0.0008025 secs] 285636K->6009K(1013632K), 0.0008660 secs] [Times: user=0.00 sys=0.00, real=0.00 secs] 
2024-10-07T16:32:59.077+0300: 1131.783: Total time for which application threads were stopped: 0.0011067 seconds, Stopping threads took: 0.0001423 seconds
2024-10-07T16:33:00.156+0300: 1132.852: Application time: 1.0689365 seconds
2024-10-07T16:33:00.156+0300: 1132.852: [GC (Allocation Failure) 2024-10-07T16:33:00.156+0300: 1132.852: [ParNew: 281116K->1497K(314560K), 0.0008406 secs] 285625K->6006K(1013632K), 0.0008999 secs] [Times: user=0.00 sys=0.00, real=0.00 secs] 
2024-10-07T16:33:00.156+0300: 1132.853: Total time for which application threads were stopped: 0.0011942 seconds, Stopping threads took: 0.0001787 seconds
2024-10-07T16:33:01.140+0300: 1133.849: Application time: 0.9953125 seconds
2024-10-07T16:33:01.140+0300: 1133.849: [GC (Allocation Failure) 2024-10-07T16:33:01.140+0300: 1133.849: [ParNew: 281113K->1579K(314560K), 0.0008858 secs] 285622K->6088K(1013632K), 0.0009510 secs] [Times: user=0.00 sys=0.00, real=0.00 secs] 
2024-10-07T16:33:01.140+0300: 1133.850: Total time for which application threads were stopped: 0.0011928 seconds, Stopping threads took: 0.0001360 seconds
2024-10-07T16:33:02.096+0300: 1134.799: Application time: 0.9490464 seconds
2024-10-07T16:33:02.096+0300: 1134.799: [GC (Allocation Failure) 2024-10-07T16:33:02.096+0300: 1134.799: [ParNew: 281195K->1584K(314560K), 0.0010303 secs] 285704K->6093K(1013632K), 0.0010925 secs] [Times: user=0.01 sys=0.00, real=0.01 secs] 
2024-10-07T16:33:02.105+0300: 1134.800: Total time for which application threads were stopped: 0.0013886 seconds, Stopping threads took: 0.0001864 seconds
2024-10-07T16:33:03.038+0300: 1135.746: Application time: 0.9453689 seconds
2024-10-07T16:33:03.038+0300: 1135.746: [GC (Allocation Failure) 2024-10-07T16:33:03.038+0300: 1135.746: [ParNew: 281200K->1585K(314560K), 0.0008835 secs] 285709K->6095K(1013632K), 0.0009640 secs] [Times: user=0.00 sys=0.00, real=0.00 secs] 
2024-10-07T16:33:03.038+0300: 1135.747: Total time for which application threads were stopped: 0.0012494 seconds, Stopping threads took: 0.0001257 seconds
2024-10-07T16:33:03.995+0300: 1136.703: Application time: 0.9559789 seconds
2024-10-07T16:33:03.995+0300: 1136.703: [GC (Allocation Failure) 2024-10-07T16:33:03.995+0300: 1136.703: [ParNew: 281201K->1492K(314560K), 0.0009228 secs] 285711K->6002K(1013632K), 0.0010496 secs] [Times: user=0.05 sys=0.00, real=0.00 secs] 
2024-10-07T16:33:03.995+0300: 1136.704: Total time for which application threads were stopped: 0.0015032 seconds, Stopping threads took: 0.0001526 seconds
2024-10-07T16:33:04.947+0300: 1137.648: Application time: 0.9434859 seconds
2024-10-07T16:33:04.947+0300: 1137.648: [GC (Allocation Failure) 2024-10-07T16:33:04.947+0300: 1137.648: [ParNew: 281108K->1579K(314560K), 0.0012161 secs] 285618K->6090K(1013632K), 0.0012856 secs] [Times: user=0.00 sys=0.00, real=0.01 secs] 
2024-10-07T16:33:04.955+0300: 1137.649: Total time for which application threads were stopped: 0.0015532 seconds, Stopping threads took: 0.0001448 seconds
2024-10-07T16:33:05.901+0300: 1138.598: Application time: 0.9485699 seconds
2024-10-07T16:33:05.901+0300: 1138.598: [GC (Allocation Failure) 2024-10-07T16:33:05.901+0300: 1138.598: [ParNew: 281195K->1656K(314560K), 0.0009570 secs] 285706K->6167K(1013632K), 0.0010238 secs] [Times: user=0.00 sys=0.00, real=0.00 secs] 
2024-10-07T16:33:05.901+0300: 1138.599: Total time for which application threads were stopped: 0.0012885 seconds, Stopping threads took: 0.0001366 seconds
2024-10-07T16:33:06.839+0300: 1139.542: Application time: 0.9428437 seconds
2024-10-07T16:33:06.839+0300: 1139.542: [GC (Allocation Failure) 2024-10-07T16:33:06.839+0300: 1139.542: [ParNew: 281272K->1603K(314560K), 0.0009731 secs] 285783K->6114K(1013632K), 0.0010317 secs] [Times: user=0.00 sys=0.00, real=0.01 secs] 
2024-10-07T16:33:06.848+0300: 1139.543: Total time for which application threads were stopped: 0.0012828 seconds, Stopping threads took: 0.0001331 seconds
2024-10-07T16:33:07.824+0300: 1140.520: Application time: 0.9762428 seconds
2024-10-07T16:33:07.824+0300: 1140.520: [GC (Allocation Failure) 2024-10-07T16:33:07.824+0300: 1140.520: [ParNew: 281219K->1356K(314560K), 0.0008422 secs] 285730K->5867K(1013632K), 0.0008957 secs] [Times: user=0.00 sys=0.00, real=0.00 secs] 
2024-10-07T16:33:07.826+0300: 1140.521: Total time for which application threads were stopped: 0.0011293 seconds, Stopping threads took: 0.0001260 seconds
2024-10-07T16:33:08.795+0300: 1141.491: Application time: 0.9699001 seconds
2024-10-07T16:33:08.795+0300: 1141.491: [GC (Allocation Failure) 2024-10-07T16:33:08.795+0300: 1141.491: [ParNew: 280972K->1485K(314560K), 0.0009621 secs] 285483K->5997K(1013632K), 0.0010256 secs] [Times: user=0.00 sys=0.00, real=0.00 secs] 
2024-10-07T16:33:08.795+0300: 1141.492: Total time for which application threads were stopped: 0.0012440 seconds, Stopping threads took: 0.0001087 seconds
2024-10-07T16:33:09.726+0300: 1142.435: Application time: 0.9433150 seconds
2024-10-07T16:33:09.726+0300: 1142.435: [GC (Allocation Failure) 2024-10-07T16:33:09.726+0300: 1142.435: [ParNew: 281101K->1670K(314560K), 0.0011764 secs] 285613K->6183K(1013632K), 0.0012515 secs] [Times: user=0.02 sys=0.00, real=0.02 secs] 
2024-10-07T16:33:09.742+0300: 1142.437: Total time for which application threads were stopped: 0.0014975 seconds, Stopping threads took: 0.0001190 seconds
2024-10-07T16:33:10.680+0300: 1143.388: Application time: 0.9513224 seconds
2024-10-07T16:33:10.680+0300: 1143.388: [GC (Allocation Failure) 2024-10-07T16:33:10.680+0300: 1143.388: [ParNew: 281286K->1496K(314560K), 0.0009194 secs] 285799K->6009K(1013632K), 0.0009981 secs] [Times: user=0.00 sys=0.00, real=0.00 secs] 
2024-10-07T16:33:10.680+0300: 1143.389: Total time for which application threads were stopped: 0.0012773 seconds, Stopping threads took: 0.0001527 seconds
2024-10-07T16:33:11.653+0300: 1144.351: Application time: 0.9619725 seconds
2024-10-07T16:33:11.653+0300: 1144.351: [GC (Allocation Failure) 2024-10-07T16:33:11.653+0300: 1144.351: [ParNew: 281112K->1667K(314560K), 0.0007294 secs] 285625K->6180K(1013632K), 0.0007839 secs] [Times: user=0.00 sys=0.00, real=0.00 secs] 
2024-10-07T16:33:11.653+0300: 1144.352: Total time for which application threads were stopped: 0.0010237 seconds, Stopping threads took: 0.0001406 seconds
2024-10-07T16:33:12.578+0300: 1145.281: Application time: 0.9288184 seconds
2024-10-07T16:33:12.578+0300: 1145.281: [GC (Allocation Failure) 2024-10-07T16:33:12.578+0300: 1145.281: [ParNew: 281283K->1441K(314560K), 0.0009326 secs] 285796K->5955K(1013632K), 0.0009988 secs] [Times: user=0.03 sys=0.00, real=0.00 secs] 
2024-10-07T16:33:12.578+0300: 1145.282: Total time for which application threads were stopped: 0.0012450 seconds, Stopping threads took: 0.0001327 seconds
2024-10-07T16:33:13.520+0300: 1146.216: Application time: 0.9340761 seconds
2024-10-07T16:33:13.520+0300: 1146.217: [GC (Allocation Failure) 2024-10-07T16:33:13.520+0300: 1146.217: [ParNew: 281057K->1612K(314560K), 0.0008744 secs] 285571K->6125K(1013632K), 0.0009348 secs] [Times: user=0.00 sys=0.00, real=0.00 secs] 
2024-10-07T16:33:13.520+0300: 1146.218: Total time for which application threads were stopped: 0.0012207 seconds, Stopping threads took: 0.0001856 seconds
2024-10-07T16:33:14.447+0300: 1147.148: Application time: 0.9301739 seconds
2024-10-07T16:33:14.447+0300: 1147.148: [GC (Allocation Failure) 2024-10-07T16:33:14.447+0300: 1147.148: [ParNew: 281228K->1544K(314560K), 0.0009524 secs] 285741K->6058K(1013632K), 0.0010261 secs] [Times: user=0.00 sys=0.00, real=0.00 secs] 
2024-10-07T16:33:14.447+0300: 1147.149: Total time for which application threads were stopped: 0.0012877 seconds, Stopping threads took: 0.0001314 seconds
2024-10-07T16:33:15.435+0300: 1148.130: Application time: 0.9811896 seconds
2024-10-07T16:33:15.435+0300: 1148.131: [GC (Allocation Failure) 2024-10-07T16:33:15.435+0300: 1148.131: [ParNew: 281160K->1677K(314560K), 0.0008857 secs] 285674K->6191K(1013632K), 0.0009571 secs] [Times: user=0.00 sys=0.00, real=0.00 secs] 
2024-10-07T16:33:15.435+0300: 1148.131: Total time for which application threads were stopped: 0.0011994 seconds, Stopping threads took: 0.0001267 seconds
2024-10-07T16:33:16.392+0300: 1149.090: Application time: 0.9587396 seconds
2024-10-07T16:33:16.392+0300: 1149.090: [GC (Allocation Failure) 2024-10-07T16:33:16.392+0300: 1149.091: [ParNew: 281293K->1488K(314560K), 0.0009695 secs] 285807K->6003K(1013632K), 0.0010734 secs] [Times: user=0.00 sys=0.00, real=0.00 secs] 
2024-10-07T16:33:16.392+0300: 1149.092: Total time for which application threads were stopped: 0.0013207 seconds, Stopping threads took: 0.0001068 seconds
2024-10-07T16:33:17.318+0300: 1150.027: Application time: 0.9357246 seconds
2024-10-07T16:33:17.318+0300: 1150.028: [GC (Allocation Failure) 2024-10-07T16:33:17.318+0300: 1150.028: [ParNew: 281104K->1497K(314560K), 0.0010556 secs] 285619K->6012K(1013632K), 0.0011586 secs] [Times: user=0.02 sys=0.00, real=0.01 secs] 
2024-10-07T16:33:17.333+0300: 1150.029: Total time for which application threads were stopped: 0.0014897 seconds, Stopping threads took: 0.0001368 seconds
2024-10-07T16:33:18.275+0300: 1150.980: Application time: 0.9515324 seconds
2024-10-07T16:33:18.275+0300: 1150.981: [GC (Allocation Failure) 2024-10-07T16:33:18.275+0300: 1150.981: [ParNew: 281113K->1649K(314560K), 0.0008068 secs] 285628K->6164K(1013632K), 0.0008699 secs] [Times: user=0.00 sys=0.00, real=0.00 secs] 
2024-10-07T16:33:18.275+0300: 1150.981: Total time for which application threads were stopped: 0.0011439 seconds, Stopping threads took: 0.0001467 seconds
2024-10-07T16:33:19.232+0300: 1151.928: Application time: 0.9466922 seconds
2024-10-07T16:33:19.232+0300: 1151.928: [GC (Allocation Failure) 2024-10-07T16:33:19.232+0300: 1151.928: [ParNew: 281265K->1667K(314560K), 0.0010096 secs] 285780K->6183K(1013632K), 0.0011265 secs] [Times: user=0.00 sys=0.00, real=0.00 secs] 
2024-10-07T16:33:19.232+0300: 1151.930: Total time for which application threads were stopped: 0.0013661 seconds, Stopping threads took: 0.0001453 seconds
2024-10-07T16:33:20.158+0300: 1152.858: Application time: 0.9285168 seconds
2024-10-07T16:33:20.158+0300: 1152.858: [GC (Allocation Failure) 2024-10-07T16:33:20.158+0300: 1152.858: [ParNew: 281283K->1673K(314560K), 0.0009697 secs] 285799K->6189K(1013632K), 0.0010717 secs] [Times: user=0.00 sys=0.00, real=0.00 secs] 
2024-10-07T16:33:20.158+0300: 1152.859: Total time for which application threads were stopped: 0.0013220 seconds, Stopping threads took: 0.0001186 seconds
2024-10-07T16:33:21.099+0300: 1153.798: Application time: 0.9381661 seconds
2024-10-07T16:33:21.099+0300: 1153.798: [GC (Allocation Failure) 2024-10-07T16:33:21.099+0300: 1153.798: [ParNew: 281289K->1584K(314560K), 0.0009324 secs] 285805K->6101K(1013632K), 0.0009802 secs] [Times: user=0.00 sys=0.00, real=0.00 secs] 
2024-10-07T16:33:21.099+0300: 1153.799: Total time for which application threads were stopped: 0.0012092 seconds, Stopping threads took: 0.0001214 seconds
2024-10-07T16:33:22.040+0300: 1154.735: Application time: 0.9365099 seconds
2024-10-07T16:33:22.040+0300: 1154.736: [GC (Allocation Failure) 2024-10-07T16:33:22.040+0300: 1154.736: [ParNew: 281200K->1586K(314560K), 0.0008617 secs] 285717K->6103K(1013632K), 0.0009177 secs] [Times: user=0.02 sys=0.00, real=0.00 secs] 
2024-10-07T16:33:22.040+0300: 1154.736: Total time for which application threads were stopped: 0.0012066 seconds, Stopping threads took: 0.0001962 seconds
2024-10-07T16:33:23.028+0300: 1155.729: Application time: 0.9926635 seconds
2024-10-07T16:33:23.028+0300: 1155.729: [GC (Allocation Failure) 2024-10-07T16:33:23.028+0300: 1155.729: [ParNew: 281202K->1584K(314560K), 0.0009237 secs] 285719K->6101K(1013632K), 0.0009834 secs] [Times: user=0.00 sys=0.00, real=0.00 secs] 
2024-10-07T16:33:23.028+0300: 1155.730: Total time for which application threads were stopped: 0.0012152 seconds, Stopping threads took: 0.0001268 seconds
2024-10-07T16:33:23.970+0300: 1156.673: Application time: 0.9428830 seconds
2024-10-07T16:33:23.970+0300: 1156.673: [GC (Allocation Failure) 2024-10-07T16:33:23.970+0300: 1156.673: [ParNew: 281200K->1575K(314560K), 0.0009324 secs] 285717K->6092K(1013632K), 0.0009997 secs] [Times: user=0.02 sys=0.00, real=0.00 secs] 
2024-10-07T16:33:23.970+0300: 1156.674: Total time for which application threads were stopped: 0.0012508 seconds, Stopping threads took: 0.0001428 seconds
2024-10-07T16:33:24.895+0300: 1157.602: Application time: 0.9279707 seconds
2024-10-07T16:33:24.895+0300: 1157.603: [GC (Allocation Failure) 2024-10-07T16:33:24.895+0300: 1157.603: [ParNew: 281191K->1583K(314560K), 0.0008807 secs] 285708K->6101K(1013632K), 0.0009386 secs] [Times: user=0.00 sys=0.00, real=0.00 secs] 
2024-10-07T16:33:24.895+0300: 1157.604: Total time for which application threads were stopped: 0.0011979 seconds, Stopping threads took: 0.0001643 seconds
2024-10-07T16:33:25.853+0300: 1158.555: Application time: 0.9513681 seconds
2024-10-07T16:33:25.853+0300: 1158.555: [GC (Allocation Failure) 2024-10-07T16:33:25.853+0300: 1158.555: [ParNew: 281199K->1584K(314560K), 0.0008808 secs] 285717K->6103K(1013632K), 0.0009336 secs] [Times: user=0.00 sys=0.00, real=0.00 secs] 
2024-10-07T16:33:25.853+0300: 1158.556: Total time for which application threads were stopped: 0.0011748 seconds, Stopping threads took: 0.0001386 seconds
2024-10-07T16:33:26.794+0300: 1159.501: Application time: 0.9446186 seconds
2024-10-07T16:33:26.794+0300: 1159.501: [GC (Allocation Failure) 2024-10-07T16:33:26.794+0300: 1159.501: [ParNew: 281200K->1601K(314560K), 0.0010365 secs] 285719K->6120K(1013632K), 0.0010915 secs] [Times: user=0.01 sys=0.00, real=0.00 secs] 
2024-10-07T16:33:26.794+0300: 1159.502: Total time for which application threads were stopped: 0.0013455 seconds, Stopping threads took: 0.0001626 seconds
2024-10-07T16:33:27.728+0300: 1160.429: Application time: 0.9270479 seconds
2024-10-07T16:33:27.728+0300: 1160.429: [GC (Allocation Failure) 2024-10-07T16:33:27.728+0300: 1160.429: [ParNew: 281217K->1568K(314560K), 0.0008946 secs] 285736K->6087K(1013632K), 0.0009531 secs] [Times: user=0.00 sys=0.00, real=0.00 secs] 
2024-10-07T16:33:27.728+0300: 1160.430: Total time for which application threads were stopped: 0.0012145 seconds, Stopping threads took: 0.0001606 seconds
2024-10-07T16:33:28.678+0300: 1161.375: Application time: 0.9444289 seconds
2024-10-07T16:33:28.678+0300: 1161.375: [GC (Allocation Failure) 2024-10-07T16:33:28.678+0300: 1161.375: [ParNew: 281184K->1580K(314560K), 0.0009365 secs] 285703K->6099K(1013632K), 0.0010054 secs] [Times: user=0.03 sys=0.00, real=0.00 secs] 
2024-10-07T16:33:28.678+0300: 1161.376: Total time for which application threads were stopped: 0.0012828 seconds, Stopping threads took: 0.0001675 seconds
2024-10-07T16:33:29.619+0300: 1162.323: Application time: 0.9464050 seconds
2024-10-07T16:33:29.619+0300: 1162.323: [GC (Allocation Failure) 2024-10-07T16:33:29.619+0300: 1162.323: [ParNew: 281196K->1472K(314560K), 0.0010636 secs] 285715K->5992K(1013632K), 0.0011119 secs] [Times: user=0.00 sys=0.00, real=0.00 secs] 
2024-10-07T16:33:29.619+0300: 1162.324: Total time for which application threads were stopped: 0.0013422 seconds, Stopping threads took: 0.0001451 seconds
2024-10-07T16:33:30.608+0300: 1163.314: Application time: 0.9905743 seconds
2024-10-07T16:33:30.608+0300: 1163.315: [GC (Allocation Failure) 2024-10-07T16:33:30.608+0300: 1163.315: [ParNew: 281088K->1560K(314560K), 0.0008898 secs] 285608K->6080K(1013632K), 0.0009561 secs] [Times: user=0.00 sys=0.02, real=0.00 secs] 
2024-10-07T16:33:30.608+0300: 1163.316: Total time for which application threads were stopped: 0.0011788 seconds, Stopping threads took: 0.0001042 seconds
2024-10-07T16:33:31.535+0300: 1164.244: Application time: 0.9286027 seconds
2024-10-07T16:33:31.535+0300: 1164.244: [GC (Allocation Failure) 2024-10-07T16:33:31.535+0300: 1164.245: [ParNew: 281176K->1651K(314560K), 0.0010889 secs] 285696K->6172K(1013632K), 0.0011480 secs] [Times: user=0.02 sys=0.00, real=0.01 secs] 
2024-10-07T16:33:31.550+0300: 1164.246: Total time for which application threads were stopped: 0.0014019 seconds, Stopping threads took: 0.0001387 seconds
2024-10-07T16:33:32.476+0300: 1165.179: Application time: 0.9330511 seconds
2024-10-07T16:33:32.476+0300: 1165.179: [GC (Allocation Failure) 2024-10-07T16:33:32.476+0300: 1165.179: [ParNew: 281267K->1602K(314560K), 0.0009906 secs] 285788K->6123K(1013632K), 0.0010565 secs] [Times: user=0.00 sys=0.00, real=0.00 secs] 
2024-10-07T16:33:32.476+0300: 1165.180: Total time for which application threads were stopped: 0.0012873 seconds, Stopping threads took: 0.0001277 seconds
2024-10-07T16:33:33.418+0300: 1166.121: Application time: 0.9408057 seconds
2024-10-07T16:33:33.418+0300: 1166.121: [GC (Allocation Failure) 2024-10-07T16:33:33.418+0300: 1166.121: [ParNew: 281218K->1589K(314560K), 0.0008763 secs] 285739K->6111K(1013632K), 0.0009236 secs] [Times: user=0.00 sys=0.00, real=0.00 secs] 
2024-10-07T16:33:33.418+0300: 1166.122: Total time for which application threads were stopped: 0.0011865 seconds, Stopping threads took: 0.0001752 seconds
2024-10-07T16:33:34.372+0300: 1167.067: Application time: 0.9445359 seconds
2024-10-07T16:33:34.372+0300: 1167.067: [GC (Allocation Failure) 2024-10-07T16:33:34.372+0300: 1167.067: [ParNew: 281205K->1586K(314560K), 0.0009042 secs] 285727K->6108K(1013632K), 0.0009569 secs] [Times: user=0.00 sys=0.00, real=0.00 secs] 
2024-10-07T16:33:34.373+0300: 1167.068: Total time for which application threads were stopped: 0.0012214 seconds, Stopping threads took: 0.0001595 seconds
2024-10-07T16:33:35.300+0300: 1167.997: Application time: 0.9294185 seconds
2024-10-07T16:33:35.300+0300: 1167.997: [GC (Allocation Failure) 2024-10-07T16:33:35.300+0300: 1167.997: [ParNew: 281202K->1586K(314560K), 0.0008810 secs] 285724K->6108K(1013632K), 0.0009507 secs] [Times: user=0.00 sys=0.00, real=0.00 secs] 
2024-10-07T16:33:35.300+0300: 1167.998: Total time for which application threads were stopped: 0.0012267 seconds, Stopping threads took: 0.0001596 seconds
2024-10-07T16:33:36.226+0300: 1168.927: Application time: 0.9283147 seconds
2024-10-07T16:33:36.226+0300: 1168.927: [GC (Allocation Failure) 2024-10-07T16:33:36.226+0300: 1168.927: [ParNew: 281202K->1496K(314560K), 0.0008959 secs] 285724K->6019K(1013632K), 0.0009563 secs] [Times: user=0.00 sys=0.00, real=0.00 secs] 
2024-10-07T16:33:36.226+0300: 1168.928: Total time for which application threads were stopped: 0.0012117 seconds, Stopping threads took: 0.0001552 seconds
2024-10-07T16:33:37.183+0300: 1169.881: Application time: 0.9532015 seconds
2024-10-07T16:33:37.183+0300: 1169.881: [GC (Allocation Failure) 2024-10-07T16:33:37.183+0300: 1169.881: [ParNew: 281112K->1496K(314560K), 0.0009412 secs] 285635K->6019K(1013632K), 0.0009856 secs] [Times: user=0.00 sys=0.00, real=0.00 secs] 
2024-10-07T16:33:37.183+0300: 1169.882: Total time for which application threads were stopped: 0.0012696 seconds, Stopping threads took: 0.0001480 seconds
2024-10-07T16:33:38.156+0300: 1170.863: Application time: 0.9802959 seconds
2024-10-07T16:33:38.156+0300: 1170.863: [GC (Allocation Failure) 2024-10-07T16:33:38.156+0300: 1170.863: [ParNew: 281112K->1584K(314560K), 0.0009272 secs] 285635K->6107K(1013632K), 0.0009816 secs] [Times: user=0.00 sys=0.00, real=0.00 secs] 
2024-10-07T16:33:38.156+0300: 1170.864: Total time for which application threads were stopped: 0.0012450 seconds, Stopping threads took: 0.0001532 seconds
2024-10-07T16:33:39.098+0300: 1171.797: Application time: 0.9331581 seconds
2024-10-07T16:33:39.098+0300: 1171.797: [GC (Allocation Failure) 2024-10-07T16:33:39.098+0300: 1171.797: [ParNew: 281200K->1673K(314560K), 0.0009711 secs] 285723K->6197K(1013632K), 0.0010215 secs] [Times: user=0.00 sys=0.00, real=0.00 secs] 
2024-10-07T16:33:39.098+0300: 1171.798: Total time for which application threads were stopped: 0.0012722 seconds, Stopping threads took: 0.0001555 seconds
2024-10-07T16:33:40.055+0300: 1172.754: Application time: 0.9551427 seconds
2024-10-07T16:33:40.055+0300: 1172.754: [GC (Allocation Failure) 2024-10-07T16:33:40.055+0300: 1172.754: [ParNew: 281289K->1762K(314560K), 0.0009376 secs] 285813K->6286K(1013632K), 0.0009954 secs] [Times: user=0.02 sys=0.00, real=0.00 secs] 
2024-10-07T16:33:40.055+0300: 1172.755: Total time for which application threads were stopped: 0.0013437 seconds, Stopping threads took: 0.0002494 seconds
2024-10-07T16:33:41.012+0300: 1173.715: Application time: 0.9601165 seconds
2024-10-07T16:33:41.012+0300: 1173.715: [GC (Allocation Failure) 2024-10-07T16:33:41.012+0300: 1173.715: [ParNew: 281378K->1485K(314560K), 0.0008920 secs] 285902K->6009K(1013632K), 0.0009512 secs] [Times: user=0.00 sys=0.00, real=0.00 secs] 
2024-10-07T16:33:41.012+0300: 1173.716: Total time for which application threads were stopped: 0.0012334 seconds, Stopping threads took: 0.0001781 seconds
2024-10-07T16:33:41.954+0300: 1174.654: Application time: 0.9374180 seconds
2024-10-07T16:33:41.954+0300: 1174.654: [GC (Allocation Failure) 2024-10-07T16:33:41.954+0300: 1174.654: [ParNew: 281101K->1567K(314560K), 0.0009214 secs] 285625K->6092K(1013632K), 0.0009667 secs] [Times: user=0.00 sys=0.00, real=0.00 secs] 
2024-10-07T16:33:41.954+0300: 1174.655: Total time for which application threads were stopped: 0.0011847 seconds, Stopping threads took: 0.0001327 seconds
2024-10-07T16:33:42.880+0300: 1175.586: Application time: 0.9312343 seconds
2024-10-07T16:33:42.880+0300: 1175.586: [GC (Allocation Failure) 2024-10-07T16:33:42.880+0300: 1175.586: [ParNew: 281183K->1623K(314560K), 0.0008867 secs] 285708K->6148K(1013632K), 0.0009427 secs] [Times: user=0.00 sys=0.00, real=0.00 secs] 
2024-10-07T16:33:42.880+0300: 1175.587: Total time for which application threads were stopped: 0.0012149 seconds, Stopping threads took: 0.0001727 seconds
2024-10-07T16:33:43.821+0300: 1176.527: Application time: 0.9392202 seconds
2024-10-07T16:33:43.821+0300: 1176.527: [GC (Allocation Failure) 2024-10-07T16:33:43.821+0300: 1176.527: [ParNew: 281239K->1573K(314560K), 0.0009221 secs] 285764K->6099K(1013632K), 0.0009776 secs] [Times: user=0.00 sys=0.00, real=0.00 secs] 
2024-10-07T16:33:43.821+0300: 1176.528: Total time for which application threads were stopped: 0.0012117 seconds, Stopping threads took: 0.0001332 seconds
2024-10-07T16:33:44.778+0300: 1177.488: Application time: 0.9601520 seconds
2024-10-07T16:33:44.794+0300: 1177.488: [GC (Allocation Failure) 2024-10-07T16:33:44.794+0300: 1177.488: [ParNew: 281189K->1702K(314560K), 0.0009133 secs] 285715K->6228K(1013632K), 0.0009660 secs] [Times: user=0.00 sys=0.00, real=0.00 secs] 
2024-10-07T16:33:44.794+0300: 1177.489: Total time for which application threads were stopped: 0.0015612 seconds, Stopping threads took: 0.0004889 seconds
2024-10-07T16:33:45.782+0300: 1178.480: Application time: 0.9907856 seconds
2024-10-07T16:33:45.782+0300: 1178.481: [GC (Allocation Failure) 2024-10-07T16:33:45.782+0300: 1178.481: [ParNew: 281318K->1466K(314560K), 0.0008907 secs] 285844K->5993K(1013632K), 0.0009475 secs] [Times: user=0.00 sys=0.00, real=0.00 secs] 
2024-10-07T16:33:45.782+0300: 1178.481: Total time for which application threads were stopped: 0.0012320 seconds, Stopping threads took: 0.0001883 seconds
2024-10-07T16:33:46.708+0300: 1179.417: Application time: 0.9353723 seconds
2024-10-07T16:33:46.708+0300: 1179.417: [GC (Allocation Failure) 2024-10-07T16:33:46.708+0300: 1179.417: [ParNew: 281082K->1520K(314560K), 0.0011039 secs] 285609K->6046K(1013632K), 0.0011785 secs] [Times: user=0.00 sys=0.00, real=0.02 secs] 
2024-10-07T16:33:46.724+0300: 1179.418: Total time for which application threads were stopped: 0.0014688 seconds, Stopping threads took: 0.0001706 seconds
2024-10-07T16:33:47.665+0300: 1180.368: Application time: 0.9491738 seconds
2024-10-07T16:33:47.665+0300: 1180.368: [GC (Allocation Failure) 2024-10-07T16:33:47.665+0300: 1180.368: [ParNew: 281136K->1659K(314560K), 0.0009234 secs] 285662K->6186K(1013632K), 0.0009786 secs] [Times: user=0.00 sys=0.00, real=0.00 secs] 
2024-10-07T16:33:47.665+0300: 1180.369: Total time for which application threads were stopped: 0.0012938 seconds, Stopping threads took: 0.0002118 seconds
2024-10-07T16:33:48.606+0300: 1181.307: Application time: 0.9385958 seconds
2024-10-07T16:33:48.606+0300: 1181.308: [GC (Allocation Failure) 2024-10-07T16:33:48.606+0300: 1181.308: [ParNew: 281275K->1670K(314560K), 0.0009019 secs] 285802K->6197K(1013632K), 0.0009611 secs] [Times: user=0.00 sys=0.00, real=0.00 secs] 
2024-10-07T16:33:48.606+0300: 1181.309: Total time for which application threads were stopped: 0.0012666 seconds, Stopping threads took: 0.0001926 seconds
2024-10-07T16:33:49.548+0300: 1182.243: Application time: 0.9345735 seconds
2024-10-07T16:33:49.548+0300: 1182.244: [GC (Allocation Failure) 2024-10-07T16:33:49.548+0300: 1182.244: [ParNew: 281286K->1585K(314560K), 0.0008805 secs] 285813K->6113K(1013632K), 0.0009334 secs] [Times: user=0.00 sys=0.00, real=0.00 secs] 
2024-10-07T16:33:49.548+0300: 1182.244: Total time for which application threads were stopped: 0.0012437 seconds, Stopping threads took: 0.0002088 seconds
2024-10-07T16:33:50.473+0300: 1183.178: Application time: 0.9334713 seconds
2024-10-07T16:33:50.473+0300: 1183.178: [GC (Allocation Failure) 2024-10-07T16:33:50.473+0300: 1183.178: [ParNew: 281201K->1722K(314560K), 0.0010442 secs] 285729K->6250K(1013632K), 0.0011117 secs] [Times: user=0.00 sys=0.00, real=0.00 secs] 
2024-10-07T16:33:50.473+0300: 1183.179: Total time for which application threads were stopped: 0.0013585 seconds, Stopping threads took: 0.0001430 seconds
2024-10-07T16:33:51.415+0300: 1184.120: Application time: 0.9411560 seconds
2024-10-07T16:33:51.415+0300: 1184.121: [GC (Allocation Failure) 2024-10-07T16:33:51.415+0300: 1184.121: [ParNew: 281338K->1500K(314560K), 0.0009096 secs] 285866K->6028K(1013632K), 0.0009819 secs] [Times: user=0.00 sys=0.00, real=0.00 secs] 
2024-10-07T16:33:51.415+0300: 1184.122: Total time for which application threads were stopped: 0.0012657 seconds, Stopping threads took: 0.0001630 seconds
2024-10-07T16:33:52.373+0300: 1185.080: Application time: 0.9578156 seconds
2024-10-07T16:33:52.373+0300: 1185.080: [GC (Allocation Failure) 2024-10-07T16:33:52.373+0300: 1185.080: [ParNew: 281116K->1545K(314560K), 0.0009624 secs] 285644K->6074K(1013632K), 0.0010136 secs] [Times: user=0.00 sys=0.00, real=0.00 secs] 
2024-10-07T16:33:52.373+0300: 1185.081: Total time for which application threads were stopped: 0.0012791 seconds, Stopping threads took: 0.0001471 seconds
2024-10-07T16:33:53.360+0300: 1186.062: Application time: 0.9816164 seconds
2024-10-07T16:33:53.360+0300: 1186.063: [GC (Allocation Failure) 2024-10-07T16:33:53.360+0300: 1186.063: [ParNew: 281161K->1539K(314560K), 0.0008659 secs] 285690K->6068K(1013632K), 0.0009164 secs] [Times: user=0.00 sys=0.00, real=0.00 secs] 
2024-10-07T16:33:53.360+0300: 1186.064: Total time for which application threads were stopped: 0.0011917 seconds, Stopping threads took: 0.0001808 seconds
2024-10-07T16:33:54.302+0300: 1187.001: Application time: 0.9370006 seconds
2024-10-07T16:33:54.302+0300: 1187.001: [GC (Allocation Failure) 2024-10-07T16:33:54.302+0300: 1187.001: [ParNew: 281155K->1661K(314560K), 0.0008666 secs] 285684K->6190K(1013632K), 0.0009117 secs] [Times: user=0.00 sys=0.00, real=0.00 secs] 
2024-10-07T16:33:54.302+0300: 1187.002: Total time for which application threads were stopped: 0.0011470 seconds, Stopping threads took: 0.0001279 seconds
2024-10-07T16:33:55.274+0300: 1187.969: Application time: 0.9671916 seconds
2024-10-07T16:33:55.274+0300: 1187.969: [GC (Allocation Failure) 2024-10-07T16:33:55.274+0300: 1187.969: [ParNew: 281277K->1489K(314560K), 0.0008958 secs] 285806K->6019K(1013632K), 0.0009754 secs] [Times: user=0.00 sys=0.00, real=0.00 secs] 
2024-10-07T16:33:55.274+0300: 1187.970: Total time for which application threads were stopped: 0.0011958 seconds, Stopping threads took: 0.0001175 seconds
2024-10-07T16:33:56.185+0300: 1188.893: Application time: 0.9225285 seconds
2024-10-07T16:33:56.185+0300: 1188.893: [GC (Allocation Failure) 2024-10-07T16:33:56.185+0300: 1188.893: [ParNew: 281105K->1832K(314560K), 0.0009654 secs] 285635K->6362K(1013632K), 0.0010309 secs] [Times: user=0.00 sys=0.00, real=0.00 secs] 
2024-10-07T16:33:56.185+0300: 1188.894: Total time for which application threads were stopped: 0.0012747 seconds, Stopping threads took: 0.0001262 seconds
2024-10-07T16:33:57.126+0300: 1189.823: Application time: 0.9285223 seconds
2024-10-07T16:33:57.126+0300: 1189.823: [GC (Allocation Failure) 2024-10-07T16:33:57.126+0300: 1189.823: [ParNew: 281448K->1496K(314560K), 0.0009206 secs] 285978K->6027K(1013632K), 0.0009681 secs] [Times: user=0.00 sys=0.00, real=0.00 secs] 
2024-10-07T16:33:57.126+0300: 1189.824: Total time for which application threads were stopped: 0.0011914 seconds, Stopping threads took: 0.0001270 seconds
2024-10-07T16:33:58.052+0300: 1190.751: Application time: 0.9268770 seconds
2024-10-07T16:33:58.052+0300: 1190.751: [GC (Allocation Failure) 2024-10-07T16:33:58.052+0300: 1190.751: [ParNew: 281112K->1562K(314560K), 0.0008582 secs] 285643K->6093K(1013632K), 0.0009051 secs] [Times: user=0.00 sys=0.00, real=0.00 secs] 
2024-10-07T16:33:58.052+0300: 1190.752: Total time for which application threads were stopped: 0.0011440 seconds, Stopping threads took: 0.0001450 seconds
2024-10-07T16:33:58.994+0300: 1191.700: Application time: 0.9478153 seconds
2024-10-07T16:33:58.994+0300: 1191.700: [GC (Allocation Failure) 2024-10-07T16:33:58.994+0300: 1191.700: [ParNew: 281178K->1515K(314560K), 0.0009356 secs] 285709K->6046K(1013632K), 0.0009832 secs] [Times: user=0.00 sys=0.00, real=0.00 secs] 
2024-10-07T16:33:58.994+0300: 1191.701: Total time for which application threads were stopped: 0.0012110 seconds, Stopping threads took: 0.0001376 seconds
2024-10-07T16:33:59.950+0300: 1192.655: Application time: 0.9542585 seconds
2024-10-07T16:33:59.950+0300: 1192.655: [GC (Allocation Failure) 2024-10-07T16:33:59.950+0300: 1192.655: [ParNew: 281131K->1529K(314560K), 0.0011504 secs] 285662K->6061K(1013632K), 0.0012219 secs] [Times: user=0.00 sys=0.00, real=0.00 secs] 
2024-10-07T16:33:59.950+0300: 1192.657: Total time for which application threads were stopped: 0.0015785 seconds, Stopping threads took: 0.0002214 seconds
2024-10-07T16:34:00.923+0300: 1193.628: Application time: 0.9716349 seconds
2024-10-07T16:34:00.923+0300: 1193.629: [GC (Allocation Failure) 2024-10-07T16:34:00.923+0300: 1193.629: [ParNew: 281145K->1577K(314560K), 0.0009194 secs] 285677K->6109K(1013632K), 0.0009676 secs] [Times: user=0.00 sys=0.00, real=0.00 secs] 
2024-10-07T16:34:00.923+0300: 1193.630: Total time for which application threads were stopped: 0.0012245 seconds, Stopping threads took: 0.0001691 seconds
2024-10-07T16:34:01.864+0300: 1194.573: Application time: 0.9435043 seconds
2024-10-07T16:34:01.864+0300: 1194.573: [GC (Allocation Failure) 2024-10-07T16:34:01.864+0300: 1194.573: [ParNew: 281193K->1407K(314560K), 0.0009255 secs] 285725K->5939K(1013632K), 0.0009759 secs] [Times: user=0.00 sys=0.00, real=0.00 secs] 
2024-10-07T16:34:01.864+0300: 1194.574: Total time for which application threads were stopped: 0.0012306 seconds, Stopping threads took: 0.0001625 seconds
2024-10-07T16:34:02.806+0300: 1195.516: Application time: 0.9416396 seconds
2024-10-07T16:34:02.806+0300: 1195.516: [GC (Allocation Failure) 2024-10-07T16:34:02.806+0300: 1195.516: [ParNew: 281023K->1580K(314560K), 0.0009243 secs] 285555K->6112K(1013632K), 0.0009986 secs] [Times: user=0.02 sys=0.00, real=0.02 secs] 
2024-10-07T16:34:02.822+0300: 1195.517: Total time for which application threads were stopped: 0.0012587 seconds, Stopping threads took: 0.0001581 seconds
2024-10-07T16:34:03.747+0300: 1196.445: Application time: 0.9279200 seconds
2024-10-07T16:34:03.747+0300: 1196.445: [GC (Allocation Failure) 2024-10-07T16:34:03.747+0300: 1196.445: [ParNew: 281196K->1673K(314560K), 0.0010678 secs] 285728K->6206K(1013632K), 0.0011898 secs] [Times: user=0.00 sys=0.00, real=0.00 secs] 
2024-10-07T16:34:03.747+0300: 1196.447: Total time for which application threads were stopped: 0.0015110 seconds, Stopping threads took: 0.0001637 seconds
2024-10-07T16:34:04.673+0300: 1197.377: Application time: 0.9302173 seconds
2024-10-07T16:34:04.673+0300: 1197.377: [GC (Allocation Failure) 2024-10-07T16:34:04.673+0300: 1197.377: [ParNew: 281289K->1674K(314560K), 0.0009048 secs] 285822K->6207K(1013632K), 0.0009865 secs] [Times: user=0.00 sys=0.00, real=0.00 secs] 
2024-10-07T16:34:04.673+0300: 1197.378: Total time for which application threads were stopped: 0.0013617 seconds, Stopping threads took: 0.0002490 seconds
2024-10-07T16:34:05.615+0300: 1198.316: Application time: 0.9376483 seconds
2024-10-07T16:34:05.615+0300: 1198.316: [GC (Allocation Failure) 2024-10-07T16:34:05.615+0300: 1198.316: [ParNew: 281290K->1673K(314560K), 0.0008617 secs] 285823K->6207K(1013632K), 0.0009098 secs] [Times: user=0.00 sys=0.00, real=0.00 secs] 
2024-10-07T16:34:05.615+0300: 1198.317: Total time for which application threads were stopped: 0.0011332 seconds, Stopping threads took: 0.0001379 seconds
2024-10-07T16:34:06.571+0300: 1199.267: Application time: 0.9495650 seconds
2024-10-07T16:34:06.571+0300: 1199.267: [GC (Allocation Failure) 2024-10-07T16:34:06.571+0300: 1199.267: [ParNew: 281289K->1569K(314560K), 0.0009949 secs] 285823K->6104K(1013632K), 0.0010577 secs] [Times: user=0.00 sys=0.00, real=0.00 secs] 
2024-10-07T16:34:06.571+0300: 1199.268: Total time for which application threads were stopped: 0.0013196 seconds, Stopping threads took: 0.0001392 seconds
2024-10-07T16:34:07.545+0300: 1200.244: Application time: 0.9761916 seconds
2024-10-07T16:34:07.545+0300: 1200.244: [GC (Allocation Failure) 2024-10-07T16:34:07.545+0300: 1200.244: [ParNew: 281185K->1602K(314560K), 0.0008420 secs] 285720K->6137K(1013632K), 0.0009006 secs] [Times: user=0.00 sys=0.00, real=0.00 secs] 
2024-10-07T16:34:07.545+0300: 1200.245: Total time for which application threads were stopped: 0.0011530 seconds, Stopping threads took: 0.0001425 seconds
2024-10-07T16:34:08.486+0300: 1201.187: Application time: 0.9414027 seconds
2024-10-07T16:34:08.486+0300: 1201.187: [GC (Allocation Failure) 2024-10-07T16:34:08.486+0300: 1201.187: [ParNew: 281218K->1487K(314560K), 0.0008837 secs] 285753K->6022K(1013632K), 0.0009563 secs] [Times: user=0.00 sys=0.00, real=0.00 secs] 
2024-10-07T16:34:08.486+0300: 1201.188: Total time for which application threads were stopped: 0.0012198 seconds, Stopping threads took: 0.0001549 seconds
2024-10-07T16:34:09.428+0300: 1202.133: Application time: 0.9450806 seconds
2024-10-07T16:34:09.428+0300: 1202.133: [GC (Allocation Failure) 2024-10-07T16:34:09.428+0300: 1202.133: [ParNew: 281103K->1582K(314560K), 0.0009722 secs] 285638K->6117K(1013632K), 0.0010345 secs] [Times: user=0.00 sys=0.00, real=0.00 secs] 
2024-10-07T16:34:09.428+0300: 1202.134: Total time for which application threads were stopped: 0.0012979 seconds, Stopping threads took: 0.0001484 seconds
2024-10-07T16:34:10.369+0300: 1203.072: Application time: 0.9374038 seconds
2024-10-07T16:34:10.369+0300: 1203.072: [GC (Allocation Failure) 2024-10-07T16:34:10.369+0300: 1203.072: [ParNew: 281198K->1683K(314560K), 0.0010005 secs] 285733K->6219K(1013632K), 0.0010521 secs] [Times: user=0.00 sys=0.00, real=0.00 secs] 
2024-10-07T16:34:10.369+0300: 1203.073: Total time for which application threads were stopped: 0.0013121 seconds, Stopping threads took: 0.0001707 seconds
2024-10-07T16:34:11.294+0300: 1203.996: Application time: 0.9230724 seconds
2024-10-07T16:34:11.294+0300: 1203.996: [GC (Allocation Failure) 2024-10-07T16:34:11.294+0300: 1203.996: [ParNew: 281299K->1472K(314560K), 0.0008464 secs] 285835K->6008K(1013632K), 0.0009041 secs] [Times: user=0.00 sys=0.00, real=0.00 secs] 
2024-10-07T16:34:11.294+0300: 1203.997: Total time for which application threads were stopped: 0.0011578 seconds, Stopping threads took: 0.0001573 seconds
2024-10-07T16:34:12.221+0300: 1204.926: Application time: 0.9285991 seconds
2024-10-07T16:34:12.221+0300: 1204.926: [GC (Allocation Failure) 2024-10-07T16:34:12.221+0300: 1204.926: [ParNew: 281088K->1580K(314560K), 0.0009473 secs] 285624K->6117K(1013632K), 0.0009901 secs] [Times: user=0.00 sys=0.00, real=0.00 secs] 
2024-10-07T16:34:12.221+0300: 1204.927: Total time for which application threads were stopped: 0.0012094 seconds, Stopping threads took: 0.0001370 seconds
2024-10-07T16:34:13.162+0300: 1205.870: Application time: 0.9433071 seconds
2024-10-07T16:34:13.162+0300: 1205.871: [GC (Allocation Failure) 2024-10-07T16:34:13.162+0300: 1205.871: [ParNew: 281196K->1585K(314560K), 0.0008665 secs] 285733K->6122K(1013632K), 0.0009145 secs] [Times: user=0.00 sys=0.00, real=0.00 secs] 
2024-10-07T16:34:13.162+0300: 1205.871: Total time for which application threads were stopped: 0.0011866 seconds, Stopping threads took: 0.0001831 seconds
2024-10-07T16:34:14.120+0300: 1206.815: Application time: 0.9436230 seconds
2024-10-07T16:34:14.120+0300: 1206.815: [GC (Allocation Failure) 2024-10-07T16:34:14.120+0300: 1206.815: [ParNew: 281201K->1582K(314560K), 0.0008430 secs] 285738K->6119K(1013632K), 0.0008967 secs] [Times: user=0.00 sys=0.00, real=0.00 secs] 
2024-10-07T16:34:14.120+0300: 1206.816: Total time for which application threads were stopped: 0.0011511 seconds, Stopping threads took: 0.0001655 seconds
2024-10-07T16:34:15.108+0300: 1207.805: Application time: 0.9885458 seconds
2024-10-07T16:34:15.108+0300: 1207.805: [GC (Allocation Failure) 2024-10-07T16:34:15.108+0300: 1207.805: [ParNew: 281198K->1671K(314560K), 0.0008498 secs] 285735K->6208K(1013632K), 0.0009020 secs] [Times: user=0.00 sys=0.00, real=0.00 secs] 
2024-10-07T16:34:15.108+0300: 1207.806: Total time for which application threads were stopped: 0.0011354 seconds, Stopping threads took: 0.0001405 seconds
2024-10-07T16:34:16.034+0300: 1208.736: Application time: 0.9303204 seconds
2024-10-07T16:34:16.034+0300: 1208.736: [GC (Allocation Failure) 2024-10-07T16:34:16.034+0300: 1208.736: [ParNew: 281287K->1585K(314560K), 0.0008939 secs] 285824K->6123K(1013632K), 0.0009515 secs] [Times: user=0.00 sys=0.00, real=0.00 secs] 
2024-10-07T16:34:16.034+0300: 1208.737: Total time for which application threads were stopped: 0.0011719 seconds, Stopping threads took: 0.0001150 seconds
2024-10-07T16:34:17.006+0300: 1209.704: Application time: 0.9661885 seconds
2024-10-07T16:34:17.006+0300: 1209.704: [GC (Allocation Failure) 2024-10-07T16:34:17.006+0300: 1209.704: [ParNew: 281201K->1584K(314560K), 0.0008632 secs] 285739K->6123K(1013632K), 0.0009144 secs] [Times: user=0.00 sys=0.00, real=0.00 secs] 
2024-10-07T16:34:17.006+0300: 1209.705: Total time for which application threads were stopped: 0.0011688 seconds, Stopping threads took: 0.0001643 seconds
2024-10-07T16:34:17.932+0300: 1210.629: Application time: 0.9245551 seconds
2024-10-07T16:34:17.932+0300: 1210.630: [GC (Allocation Failure) 2024-10-07T16:34:17.932+0300: 1210.630: [ParNew: 281200K->1497K(314560K), 0.0008351 secs] 285739K->6036K(1013632K), 0.0008809 secs] [Times: user=0.00 sys=0.00, real=0.00 secs] 
2024-10-07T16:34:17.932+0300: 1210.630: Total time for which application threads were stopped: 0.0011177 seconds, Stopping threads took: 0.0001517 seconds
2024-10-07T16:34:18.858+0300: 1211.561: Application time: 0.9308025 seconds
2024-10-07T16:34:18.858+0300: 1211.562: [GC (Allocation Failure) 2024-10-07T16:34:18.858+0300: 1211.562: [ParNew: 281113K->1586K(314560K), 0.0008381 secs] 285652K->6125K(1013632K), 0.0008865 secs] [Times: user=0.00 sys=0.00, real=0.00 secs] 
2024-10-07T16:34:18.858+0300: 1211.562: Total time for which application threads were stopped: 0.0011532 seconds, Stopping threads took: 0.0001766 seconds
2024-10-07T16:34:19.784+0300: 1212.489: Application time: 0.9266531 seconds
2024-10-07T16:34:19.784+0300: 1212.489: [GC (Allocation Failure) 2024-10-07T16:34:19.784+0300: 1212.489: [ParNew: 281201K->1586K(314560K), 0.0008717 secs] 285741K->6126K(1013632K), 0.0009281 secs] [Times: user=0.00 sys=0.00, real=0.00 secs] 
2024-10-07T16:34:19.784+0300: 1212.490: Total time for which application threads were stopped: 0.0011546 seconds, Stopping threads took: 0.0001299 seconds
2024-10-07T16:34:20.740+0300: 1213.448: Application time: 0.9581013 seconds
2024-10-07T16:34:20.740+0300: 1213.449: [GC (Allocation Failure) 2024-10-07T16:34:20.740+0300: 1213.449: [ParNew: 281202K->1673K(314560K), 0.0009053 secs] 285742K->6212K(1013632K), 0.0009556 secs] [Times: user=0.00 sys=0.00, real=0.00 secs] 
2024-10-07T16:34:20.740+0300: 1213.450: Total time for which application threads were stopped: 0.0012361 seconds, Stopping threads took: 0.0001908 seconds
2024-10-07T16:34:21.682+0300: 1214.382: Application time: 0.9326789 seconds
2024-10-07T16:34:21.682+0300: 1214.382: [GC (Allocation Failure) 2024-10-07T16:34:21.682+0300: 1214.382: [ParNew: 281289K->1674K(314560K), 0.0009311 secs] 285828K->6214K(1013632K), 0.0009801 secs] [Times: user=0.00 sys=0.00, real=0.00 secs] 
2024-10-07T16:34:21.682+0300: 1214.383: Total time for which application threads were stopped: 0.0012036 seconds, Stopping threads took: 0.0001381 seconds
2024-10-07T16:34:22.670+0300: 1215.376: Application time: 0.9926958 seconds
2024-10-07T16:34:22.670+0300: 1215.376: [GC (Allocation Failure) 2024-10-07T16:34:22.670+0300: 1215.376: [ParNew: 281290K->1672K(314560K), 0.0009028 secs] 285830K->6212K(1013632K), 0.0009676 secs] [Times: user=0.00 sys=0.00, real=0.00 secs] 
2024-10-07T16:34:22.670+0300: 1215.377: Total time for which application threads were stopped: 0.0012241 seconds, Stopping threads took: 0.0001384 seconds
2024-10-07T16:34:23.612+0300: 1216.312: Application time: 0.9342763 seconds
2024-10-07T16:34:23.612+0300: 1216.312: [GC (Allocation Failure) 2024-10-07T16:34:23.612+0300: 1216.312: [ParNew: 281288K->1673K(314560K), 0.0008950 secs] 285828K->6214K(1013632K), 0.0009594 secs] [Times: user=0.00 sys=0.00, real=0.00 secs] 
2024-10-07T16:34:23.612+0300: 1216.313: Total time for which application threads were stopped: 0.0011437 seconds, Stopping threads took: 0.0000668 seconds
2024-10-07T16:34:24.569+0300: 1217.268: Application time: 0.9555215 seconds
2024-10-07T16:34:24.569+0300: 1217.269: [GC (Allocation Failure) 2024-10-07T16:34:24.569+0300: 1217.269: [ParNew: 281289K->1496K(314560K), 0.0008729 secs] 285830K->6038K(1013632K), 0.0009531 secs] [Times: user=0.00 sys=0.00, real=0.00 secs] 
2024-10-07T16:34:24.569+0300: 1217.270: Total time for which application threads were stopped: 0.0012104 seconds, Stopping threads took: 0.0001409 seconds
2024-10-07T16:34:25.494+0300: 1218.194: Application time: 0.9246613 seconds
2024-10-07T16:34:25.494+0300: 1218.194: [GC (Allocation Failure) 2024-10-07T16:34:25.494+0300: 1218.194: [ParNew: 281112K->1497K(314560K), 0.0008528 secs] 285654K->6039K(1013632K), 0.0009262 secs] [Times: user=0.01 sys=0.00, real=0.00 secs] 
2024-10-07T16:34:25.494+0300: 1218.195: Total time for which application threads were stopped: 0.0011534 seconds, Stopping threads took: 0.0001136 seconds
2024-10-07T16:34:26.420+0300: 1219.122: Application time: 0.9269649 seconds
2024-10-07T16:34:26.420+0300: 1219.123: [GC (Allocation Failure) 2024-10-07T16:34:26.420+0300: 1219.123: [ParNew: 281113K->1586K(314560K), 0.0009951 secs] 285655K->6128K(1013632K), 0.0010454 secs] [Times: user=0.00 sys=0.00, real=0.00 secs] 
2024-10-07T16:34:26.420+0300: 1219.124: Total time for which application threads were stopped: 0.0012791 seconds, Stopping threads took: 0.0001412 seconds
2024-10-07T16:34:27.346+0300: 1220.052: Application time: 0.9287033 seconds
2024-10-07T16:34:27.346+0300: 1220.053: [GC (Allocation Failure) 2024-10-07T16:34:27.346+0300: 1220.053: [ParNew: 281202K->1498K(314560K), 0.0008865 secs] 285744K->6040K(1013632K), 0.0009371 secs] [Times: user=0.00 sys=0.00, real=0.00 secs] 
2024-10-07T16:34:27.346+0300: 1220.054: Total time for which application threads were stopped: 0.0012122 seconds, Stopping threads took: 0.0001802 seconds
2024-10-07T16:34:28.303+0300: 1221.005: Application time: 0.9510873 seconds
2024-10-07T16:34:28.303+0300: 1221.005: [GC (Allocation Failure) 2024-10-07T16:34:28.303+0300: 1221.005: [ParNew: 281114K->1761K(314560K), 0.0008803 secs] 285656K->6304K(1013632K), 0.0009325 secs] [Times: user=0.00 sys=0.00, real=0.00 secs] 
2024-10-07T16:34:28.303+0300: 1221.006: Total time for which application threads were stopped: 0.0011447 seconds, Stopping threads took: 0.0001179 seconds
2024-10-07T16:34:29.244+0300: 1221.949: Application time: 0.9433474 seconds
2024-10-07T16:34:29.244+0300: 1221.949: [GC (Allocation Failure) 2024-10-07T16:34:29.244+0300: 1221.949: [ParNew: 281377K->1484K(314560K), 0.0008780 secs] 285920K->6027K(1013632K), 0.0009279 secs] [Times: user=0.00 sys=0.00, real=0.00 secs] 
2024-10-07T16:34:29.244+0300: 1221.950: Total time for which application threads were stopped: 0.0011831 seconds, Stopping threads took: 0.0001619 seconds
2024-10-07T16:34:30.232+0300: 1222.929: Application time: 0.9784382 seconds
2024-10-07T16:34:30.232+0300: 1222.929: [GC (Allocation Failure) 2024-10-07T16:34:30.232+0300: 1222.929: [ParNew: 281100K->1627K(314560K), 0.0008465 secs] 285643K->6171K(1013632K), 0.0008937 secs] [Times: user=0.00 sys=0.00, real=0.00 secs] 
2024-10-07T16:34:30.232+0300: 1222.930: Total time for which application threads were stopped: 0.0011019 seconds, Stopping threads took: 0.0001228 seconds
2024-10-07T16:34:31.174+0300: 1223.873: Application time: 0.9431676 seconds
2024-10-07T16:34:31.174+0300: 1223.873: [GC (Allocation Failure) 2024-10-07T16:34:31.174+0300: 1223.873: [ParNew: 281243K->1419K(314560K), 0.0008590 secs] 285787K->5963K(1013632K), 0.0009215 secs] [Times: user=0.00 sys=0.00, real=0.00 secs] 
2024-10-07T16:34:31.174+0300: 1223.874: Total time for which application threads were stopped: 0.0012147 seconds, Stopping threads took: 0.0001755 seconds
2024-10-07T16:34:31.645+0300: 1224.342: Application time: 0.4673153 seconds
2024-10-07T16:34:31.645+0300: 1224.342: Total time for which application threads were stopped: 0.0002323 seconds, Stopping threads took: 0.0001774 seconds
2024-10-07T16:34:32.210+0300: 1224.917: Application time: 0.5748044 seconds
2024-10-07T16:34:32.210+0300: 1224.917: [GC (Allocation Failure) 2024-10-07T16:34:32.210+0300: 1224.917: [ParNew: 281035K->1338K(314560K), 0.0010142 secs] 285579K->5883K(1013632K), 0.0011030 secs] [Times: user=0.00 sys=0.00, real=0.00 secs] 
2024-10-07T16:34:32.210+0300: 1224.918: Total time for which application threads were stopped: 0.0013797 seconds, Stopping threads took: 0.0001454 seconds
2024-10-07T16:34:32.477+0300: 1225.175: Application time: 0.2571892 seconds
2024-10-07T16:34:32.477+0300: 1225.175: Total time for which application threads were stopped: 0.0001817 seconds, Stopping threads took: 0.0001421 seconds
2024-10-07T16:34:32.477+0300: 1225.182: Application time: 0.0062842 seconds
2024-10-07T16:34:32.477+0300: 1225.182: Total time for which application threads were stopped: 0.0001367 seconds, Stopping threads took: 0.0000907 seconds
2024-10-07T16:34:32.559+0300: 1225.254: Application time: 0.0726557 seconds
2024-10-07T16:34:32.560+0300: 1225.255: Total time for which application threads were stopped: 0.0001856 seconds, Stopping threads took: 0.0000294 seconds
2024-10-07T16:34:32.587+0300: 1225.284: Application time: 0.0292156 seconds
2024-10-07T16:34:32.587+0300: 1225.284: Total time for which application threads were stopped: 0.0002086 seconds, Stopping threads took: 0.0000178 seconds
2024-10-07T16:34:32.647+0300: 1225.344: Application time: 0.0599184 seconds
2024-10-07T16:34:32.649+0300: 1225.344: Total time for which application threads were stopped: 0.0003550 seconds, Stopping threads took: 0.0000526 seconds
2024-10-07T16:34:32.712+0300: 1225.417: Application time: 0.0723834 seconds
2024-10-07T16:34:32.712+0300: 1225.417: Total time for which application threads were stopped: 0.0001591 seconds, Stopping threads took: 0.0000929 seconds
2024-10-07T16:34:32.775+0300: 1225.485: Application time: 0.0682108 seconds
2024-10-07T16:34:32.791+0300: 1225.485: Total time for which application threads were stopped: 0.0001417 seconds, Stopping threads took: 0.0000696 seconds
2024-10-07T16:34:32.791+0300: 1225.488: Application time: 0.0024438 seconds
2024-10-07T16:34:32.791+0300: 1225.488: Total time for which application threads were stopped: 0.0000629 seconds, Stopping threads took: 0.0000317 seconds
2024-10-07T16:34:32.853+0300: 1225.550: Application time: 0.0620804 seconds
2024-10-07T16:34:32.853+0300: 1225.550: Total time for which application threads were stopped: 0.0002047 seconds, Stopping threads took: 0.0000199 seconds
2024-10-07T16:34:32.853+0300: 1225.552: Application time: 0.0016720 seconds
2024-10-07T16:34:32.853+0300: 1225.552: Total time for which application threads were stopped: 0.0001987 seconds, Stopping threads took: 0.0000168 seconds
2024-10-07T16:34:33.152+0300: 1225.848: Application time: 0.2961735 seconds
2024-10-07T16:34:33.152+0300: 1225.848: Total time for which application threads were stopped: 0.0000519 seconds, Stopping threads took: 0.0000171 seconds
2024-10-07T16:34:33.549+0300: 1226.252: Application time: 0.4037071 seconds
2024-10-07T16:34:33.549+0300: 1226.252: Total time for which application threads were stopped: 0.0001853 seconds, Stopping threads took: 0.0000469 seconds
2024-10-07T16:34:33.593+0300: 1226.302: Application time: 0.0496964 seconds
2024-10-07T16:34:33.593+0300: 1226.302: [GC (Allocation Failure) 2024-10-07T16:34:33.593+0300: 1226.302: [ParNew: 280954K->14073K(314560K), 0.0064454 secs] 285499K->18618K(1013632K), 0.0065315 secs] [Times: user=0.02 sys=0.00, real=0.02 secs] 
2024-10-07T16:34:33.608+0300: 1226.308: Total time for which application threads were stopped: 0.0066863 seconds, Stopping threads took: 0.0000396 seconds
2024-10-07T16:34:33.608+0300: 1226.309: Application time: 0.0002157 seconds
2024-10-07T16:34:33.608+0300: 1226.309: Total time for which application threads were stopped: 0.0000897 seconds, Stopping threads took: 0.0000421 seconds
2024-10-07T16:34:33.608+0300: 1226.309: Application time: 0.0000484 seconds
2024-10-07T16:34:33.608+0300: 1226.309: Total time for which application threads were stopped: 0.0000680 seconds, Stopping threads took: 0.0000414 seconds
2024-10-07T16:34:33.608+0300: 1226.309: Application time: 0.0000746 seconds
2024-10-07T16:34:33.608+0300: 1226.309: Total time for which application threads were stopped: 0.0000569 seconds, Stopping threads took: 0.0000403 seconds
2024-10-07T16:34:33.608+0300: 1226.309: Application time: 0.0000191 seconds
2024-10-07T16:34:33.608+0300: 1226.309: Total time for which application threads were stopped: 0.0000351 seconds, Stopping threads took: 0.0000241 seconds
2024-10-07T16:34:33.608+0300: 1226.309: Application time: 0.0001042 seconds
2024-10-07T16:34:33.608+0300: 1226.309: Total time for which application threads were stopped: 0.0000638 seconds, Stopping threads took: 0.0000336 seconds
2024-10-07T16:34:33.608+0300: 1226.309: Application time: 0.0001105 seconds
2024-10-07T16:34:33.608+0300: 1226.309: Total time for which application threads were stopped: 0.0000531 seconds, Stopping threads took: 0.0000302 seconds
2024-10-07T16:34:33.703+0300: 1226.408: Application time: 0.0981921 seconds
2024-10-07T16:34:33.703+0300: 1226.408: [GC (Allocation Failure) 2024-10-07T16:34:33.703+0300: 1226.408: [ParNew: 293689K->15015K(314560K), 0.0049402 secs] 298234K->19560K(1013632K), 0.0050446 secs] [Times: user=0.02 sys=0.00, real=0.01 secs] 
2024-10-07T16:34:33.718+0300: 1226.413: Total time for which application threads were stopped: 0.0052694 seconds, Stopping threads took: 0.0000462 seconds
2024-10-07T16:34:33.796+0300: 1226.496: Application time: 0.0826802 seconds
2024-10-07T16:34:33.796+0300: 1226.496: Total time for which application threads were stopped: 0.0001575 seconds, Stopping threads took: 0.0000883 seconds
2024-10-07T16:34:33.843+0300: 1226.538: Application time: 0.0418430 seconds
2024-10-07T16:34:33.843+0300: 1226.538: Total time for which application threads were stopped: 0.0000923 seconds, Stopping threads took: 0.0000543 seconds
2024-10-07T16:34:33.843+0300: 1226.538: Application time: 0.0003857 seconds
2024-10-07T16:34:33.843+0300: 1226.538: Total time for which application threads were stopped: 0.0000492 seconds, Stopping threads took: 0.0000303 seconds
2024-10-07T16:34:33.843+0300: 1226.538: Application time: 0.0001621 seconds
2024-10-07T16:34:33.843+0300: 1226.538: Total time for which application threads were stopped: 0.0000328 seconds, Stopping threads took: 0.0000203 seconds
2024-10-07T16:34:33.843+0300: 1226.538: Application time: 0.0001156 seconds
2024-10-07T16:34:33.843+0300: 1226.538: Total time for which application threads were stopped: 0.0000710 seconds, Stopping threads took: 0.0000394 seconds
2024-10-07T16:34:33.843+0300: 1226.539: Application time: 0.0006374 seconds
2024-10-07T16:34:33.843+0300: 1226.539: Total time for which application threads were stopped: 0.0000586 seconds, Stopping threads took: 0.0000350 seconds
2024-10-07T16:34:33.849+0300: 1226.548: Application time: 0.0088678 seconds
2024-10-07T16:34:33.849+0300: 1226.548: Total time for which application threads were stopped: 0.0000597 seconds, Stopping threads took: 0.0000368 seconds
Heap
 par new generation   total 314560K, used 73313K [0x00000000c0000000, 0x00000000d5550000, 0x00000000d5550000)
  eden space 279616K,  20% used [0x00000000c0000000, 0x00000000c38ee828, 0x00000000d1110000)
  from space 34944K,  42% used [0x00000000d1110000, 0x00000000d1fb9f88, 0x00000000d3330000)
  to   space 34944K,   0% used [0x00000000d3330000, 0x00000000d3330000, 0x00000000d5550000)
 concurrent mark-sweep generation total 699072K, used 4545K [0x00000000d5550000, 0x0000000100000000, 0x0000000100000000)
 Metaspace       used 16387K, capacity 16566K, committed 16640K, reserved 1064960K
  class space    used 1689K, capacity 1755K, committed 1792K, reserved 1048576K
2024-10-07T16:34:33.953+0300: 1226.648: Application time: 0.1002361 seconds
