[0.012s][info][gc] Using Serial
[0.013s][info][gc,heap,coops] Heap address: 0x0000000080000000, size: 2048 MB, Compressed Oops mode: 32-bit
[2.548s][info][gc,start     ] GC(0) Pause Full (Metadata GC Threshold)
[2.549s][info][gc,phases,start] GC(0) Phase 1: Mark live objects
[2.556s][info][gc,phases      ] GC(0) Phase 1: Mark live objects 7.939ms
[2.556s][info][gc,phases,start] GC(0) Phase 2: Compute new object addresses
[2.560s][info][gc,phases      ] GC(0) Phase 2: Compute new object addresses 3.807ms
[2.561s][info][gc,phases,start] GC(0) Phase 3: Adjust pointers
[2.565s][info][gc,phases      ] GC(0) Phase 3: Adjust pointers 4.664ms
[2.565s][info][gc,phases,start] GC(0) Phase 4: Move objects
[2.568s][info][gc,phases      ] GC(0) Phase 4: Move objects 2.731ms
[2.568s][info][gc,heap        ] GC(0) DefNew: 67130K->0K(629120K)
[2.568s][info][gc,heap        ] GC(0) Tenured: 0K->4716K(1398144K)
[2.568s][info][gc,metaspace   ] GC(0) Metaspace: 20780K(21296K)->20780K(21296K) NonClass: 18315K(18608K)->18315K(18608K) Class: 2465K(2688K)->2465K(2688K)
[2.568s][info][gc             ] GC(0) Pause Full (Metadata GC Threshold) 65M->4M(1979M) 20.155ms
[2.568s][info][gc,cpu         ] GC(0) User=0.00s Sys=0.00s Real=0.02s
[13.384s][info][gc,start       ] GC(1) Pause Full (Metadata GC Threshold)
[13.384s][info][gc,phases,start] GC(1) Phase 1: Mark live objects
[13.400s][info][gc,phases      ] GC(1) Phase 1: Mark live objects 15.521ms
[13.400s][info][gc,phases,start] GC(1) Phase 2: Compute new object addresses
[13.408s][info][gc,phases      ] GC(1) Phase 2: Compute new object addresses 7.744ms
[13.408s][info][gc,phases,start] GC(1) Phase 3: Adjust pointers
[13.415s][info][gc,phases      ] GC(1) Phase 3: Adjust pointers 6.959ms
[13.415s][info][gc,phases,start] GC(1) Phase 4: Move objects
[13.422s][info][gc,phases      ] GC(1) Phase 4: Move objects 6.844ms
[13.422s][info][gc,heap        ] GC(1) DefNew: 89991K->0K(629120K)
[13.422s][info][gc,heap        ] GC(1) Tenured: 4716K->19994K(1398144K)
[13.422s][info][gc,metaspace   ] GC(1) Metaspace: 34454K(35376K)->34454K(35376K) NonClass: 30192K(30640K)->30192K(30640K) Class: 4261K(4736K)->4261K(4736K)
[13.422s][info][gc             ] GC(1) Pause Full (Metadata GC Threshold) 92M->19M(1979M) 37.670ms
[13.422s][info][gc,cpu         ] GC(1) User=0.02s Sys=0.02s Real=0.04s
[14.926s][info][gc,start       ] GC(2) Pause Full (Metadata GC Threshold)
[14.926s][info][gc,phases,start] GC(2) Phase 1: Mark live objects
[14.951s][info][gc,phases      ] GC(2) Phase 1: Mark live objects 24.371ms
[14.951s][info][gc,phases,start] GC(2) Phase 2: Compute new object addresses
[14.962s][info][gc,phases      ] GC(2) Phase 2: Compute new object addresses 11.566ms
[14.962s][info][gc,phases,start] GC(2) Phase 3: Adjust pointers
[14.974s][info][gc,phases      ] GC(2) Phase 3: Adjust pointers 11.958ms
[14.974s][info][gc,phases,start] GC(2) Phase 4: Move objects
[14.978s][info][gc,phases      ] GC(2) Phase 4: Move objects 4.240ms
[14.979s][info][gc,heap        ] GC(2) DefNew: 324383K->0K(629120K)
[14.979s][info][gc,heap        ] GC(2) Tenured: 19994K->25987K(1398144K)
[14.979s][info][gc,metaspace   ] GC(2) Metaspace: 57195K(58928K)->57195K(58928K) NonClass: 50054K(50864K)->50054K(50864K) Class: 7141K(8064K)->7141K(8064K)
[14.979s][info][gc             ] GC(2) Pause Full (Metadata GC Threshold) 336M->25M(1979M) 52.925ms
[14.979s][info][gc,cpu         ] GC(2) User=0.05s Sys=0.00s Real=0.05s
[18.318s][info][gc,start       ] GC(3) Pause Young (Allocation Failure)
[18.365s][info][gc,heap        ] GC(3) DefNew: 558158K->13724K(629120K)
[18.365s][info][gc,heap        ] GC(3) Tenured: 25987K->25987K(1398144K)
[18.365s][info][gc,metaspace   ] GC(3) Metaspace: 79941K(84016K)->79941K(84016K) NonClass: 69339K(71344K)->69339K(71344K) Class: 10602K(12672K)->10602K(12672K)
[18.365s][info][gc             ] GC(3) Pause Young (Allocation Failure) 570M->38M(1979M) 46.352ms
[18.365s][info][gc,cpu         ] GC(3) User=0.00s Sys=0.00s Real=0.05s
[18.426s][info][gc,start       ] GC(4) Pause Full (System.gc())
[18.427s][info][gc,phases,start] GC(4) Phase 1: Mark live objects
[18.490s][info][gc,phases      ] GC(4) Phase 1: Mark live objects 63.302ms
[18.490s][info][gc,phases,start] GC(4) Phase 2: Compute new object addresses
[18.504s][info][gc,phases      ] GC(4) Phase 2: Compute new object addresses 13.698ms
[18.504s][info][gc,phases,start] GC(4) Phase 3: Adjust pointers
[18.527s][info][gc,phases      ] GC(4) Phase 3: Adjust pointers 23.299ms
[18.527s][info][gc,phases,start] GC(4) Phase 4: Move objects
[18.542s][info][gc,phases      ] GC(4) Phase 4: Move objects 14.682ms
[18.543s][info][gc,heap        ] GC(4) DefNew: 96222K->0K(629120K)
[18.543s][info][gc,heap        ] GC(4) Tenured: 25987K->38887K(1398144K)
[18.543s][info][gc,metaspace   ] GC(4) Metaspace: 80380K(84656K)->80380K(84656K) NonClass: 69679K(71856K)->69679K(71856K) Class: 10701K(12800K)->10701K(12800K)
[18.544s][info][gc             ] GC(4) Pause Full (System.gc()) 119M->37M(1979M) 117.420ms
[18.544s][info][gc,cpu         ] GC(4) User=0.11s Sys=0.00s Real=0.12s
[19.896s][info][gc,start       ] GC(5) Pause Young (Allocation Failure)
[19.906s][info][gc,heap        ] GC(5) DefNew: 559232K->4616K(629120K)
[19.906s][info][gc,heap        ] GC(5) Tenured: 38887K->38887K(1398144K)
[19.906s][info][gc,metaspace   ] GC(5) Metaspace: 82141K(86704K)->82141K(86704K) NonClass: 71227K(73648K)->71227K(73648K) Class: 10913K(13056K)->10913K(13056K)
[19.906s][info][gc             ] GC(5) Pause Young (Allocation Failure) 584M->42M(1979M) 9.856ms
[19.906s][info][gc,cpu         ] GC(5) User=0.00s Sys=0.00s Real=0.01s
[23.239s][info][gc,start       ] GC(6) Pause Young (Allocation Failure)
[23.250s][info][gc,heap        ] GC(6) DefNew: 563848K->6945K(629120K)
[23.250s][info][gc,heap        ] GC(6) Tenured: 38887K->38887K(1398144K)
[23.250s][info][gc,metaspace   ] GC(6) Metaspace: 86251K(91184K)->86251K(91184K) NonClass: 74896K(77488K)->74896K(77488K) Class: 11355K(13696K)->11355K(13696K)
[23.250s][info][gc             ] GC(6) Pause Young (Allocation Failure) 588M->44M(1979M) 10.554ms
[23.250s][info][gc,cpu         ] GC(6) User=0.00s Sys=0.00s Real=0.01s
[25.987s][info][gc,start       ] GC(7) Pause Young (Allocation Failure)
[25.997s][info][gc,heap        ] GC(7) DefNew: 566177K->6735K(629120K)
[25.997s][info][gc,heap        ] GC(7) Tenured: 38887K->38887K(1398144K)
[25.997s][info][gc,metaspace   ] GC(7) Metaspace: 87010K(92080K)->87010K(92080K) NonClass: 75587K(78256K)->75587K(78256K) Class: 11422K(13824K)->11422K(13824K)
[25.997s][info][gc             ] GC(7) Pause Young (Allocation Failure) 590M->44M(1979M) 10.742ms
[25.997s][info][gc,cpu         ] GC(7) User=0.02s Sys=0.00s Real=0.01s
[29.143s][info][gc,start       ] GC(8) Pause Young (Allocation Failure)
[29.154s][info][gc,heap        ] GC(8) DefNew: 564952K->7679K(629120K)
[29.154s][info][gc,heap        ] GC(8) Tenured: 38887K->38887K(1398144K)
[29.154s][info][gc,metaspace   ] GC(8) Metaspace: 87669K(92848K)->87669K(92848K) NonClass: 76223K(79024K)->76223K(79024K) Class: 11445K(13824K)->11445K(13824K)
[29.154s][info][gc             ] GC(8) Pause Young (Allocation Failure) 589M->45M(1979M) 10.377ms
[29.154s][info][gc,cpu         ] GC(8) User=0.00s Sys=0.00s Real=0.01s
[30.351s][info][gc,start       ] GC(9) Pause Young (Allocation Failure)
[30.366s][info][gc,heap        ] GC(9) DefNew: 566339K->10065K(629120K)
[30.366s][info][gc,heap        ] GC(9) Tenured: 38887K->38887K(1398144K)
[30.366s][info][gc,metaspace   ] GC(9) Metaspace: 88442K(93616K)->88442K(93616K) NonClass: 76854K(79536K)->76854K(79536K) Class: 11588K(14080K)->11588K(14080K)
[30.366s][info][gc             ] GC(9) Pause Young (Allocation Failure) 591M->47M(1979M) 15.554ms
[30.366s][info][gc,cpu         ] GC(9) User=0.02s Sys=0.00s Real=0.01s
[31.835s][info][gc,start       ] GC(10) Pause Young (Allocation Failure)
[31.847s][info][gc,heap        ] GC(10) DefNew: 569297K->11040K(629120K)
[31.847s][info][gc,heap        ] GC(10) Tenured: 38887K->38887K(1398144K)
[31.847s][info][gc,metaspace   ] GC(10) Metaspace: 88608K(93872K)->88608K(93872K) NonClass: 77019K(79792K)->77019K(79792K) Class: 11589K(14080K)->11589K(14080K)
[31.848s][info][gc             ] GC(10) Pause Young (Allocation Failure) 593M->48M(1979M) 12.625ms
[31.848s][info][gc,cpu         ] GC(10) User=0.00s Sys=0.00s Real=0.01s
[34.770s][info][gc,start       ] GC(11) Pause Young (Allocation Failure)
[34.787s][info][gc,heap        ] GC(11) DefNew: 570272K->13175K(629120K)
[34.787s][info][gc,heap        ] GC(11) Tenured: 38887K->38887K(1398144K)
[34.787s][info][gc,metaspace   ] GC(11) Metaspace: 89210K(94512K)->89210K(94512K) NonClass: 77555K(80304K)->77555K(80304K) Class: 11655K(14208K)->11655K(14208K)
[34.787s][info][gc             ] GC(11) Pause Young (Allocation Failure) 594M->50M(1979M) 17.393ms
[34.787s][info][gc,cpu         ] GC(11) User=0.00s Sys=0.00s Real=0.02s
[37.536s][info][gc,start       ] GC(12) Pause Young (Allocation Failure)
[37.551s][info][gc,heap        ] GC(12) DefNew: 572280K->12802K(629120K)
[37.551s][info][gc,heap        ] GC(12) Tenured: 38887K->38887K(1398144K)
[37.551s][info][gc,metaspace   ] GC(12) Metaspace: 89342K(94768K)->89342K(94768K) NonClass: 77687K(80560K)->77687K(80560K) Class: 11655K(14208K)->11655K(14208K)
[37.551s][info][gc             ] GC(12) Pause Young (Allocation Failure) 596M->50M(1979M) 15.299ms
[37.551s][info][gc,cpu         ] GC(12) User=0.00s Sys=0.00s Real=0.02s
[39.418s][info][gc,start       ] GC(13) Pause Young (Allocation Failure)
[39.436s][info][gc,heap        ] GC(13) DefNew: 572034K->15093K(629120K)
[39.436s][info][gc,heap        ] GC(13) Tenured: 38887K->38887K(1398144K)
[39.436s][info][gc,metaspace   ] GC(13) Metaspace: 89520K(95024K)->89520K(95024K) NonClass: 77860K(80816K)->77860K(80816K) Class: 11660K(14208K)->11660K(14208K)
[39.436s][info][gc             ] GC(13) Pause Young (Allocation Failure) 596M->52M(1979M) 18.159ms
[39.436s][info][gc,cpu         ] GC(13) User=0.00s Sys=0.00s Real=0.02s
[40.156s][info][gc,start       ] GC(14) Pause Young (Allocation Failure)
[40.174s][info][gc,heap        ] GC(14) DefNew: 574325K->16571K(629120K)
[40.174s][info][gc,heap        ] GC(14) Tenured: 38887K->38887K(1398144K)
[40.174s][info][gc,metaspace   ] GC(14) Metaspace: 89582K(95024K)->89582K(95024K) NonClass: 77922K(80816K)->77922K(80816K) Class: 11660K(14208K)->11660K(14208K)
[40.174s][info][gc             ] GC(14) Pause Young (Allocation Failure) 598M->54M(1979M) 17.295ms
[40.174s][info][gc,cpu         ] GC(14) User=0.00s Sys=0.00s Real=0.02s
[42.539s][info][gc,start       ] GC(15) Pause Young (Allocation Failure)
[42.556s][info][gc,heap        ] GC(15) DefNew: 575803K->15988K(629120K)
[42.556s][info][gc,heap        ] GC(15) Tenured: 38887K->38887K(1398144K)
[42.556s][info][gc,metaspace   ] GC(15) Metaspace: 89652K(95024K)->89652K(95024K) NonClass: 77992K(80816K)->77992K(80816K) Class: 11660K(14208K)->11660K(14208K)
[42.556s][info][gc             ] GC(15) Pause Young (Allocation Failure) 600M->53M(1979M) 16.463ms
[42.556s][info][gc,cpu         ] GC(15) User=0.02s Sys=0.00s Real=0.02s
[44.911s][info][gc,start       ] GC(16) Pause Young (Allocation Failure)
[44.931s][info][gc,heap        ] GC(16) DefNew: 575220K->16432K(629120K)
[44.931s][info][gc,heap        ] GC(16) Tenured: 38887K->38887K(1398144K)
[44.931s][info][gc,metaspace   ] GC(16) Metaspace: 89704K(95280K)->89704K(95280K) NonClass: 78043K(81072K)->78043K(81072K) Class: 11661K(14208K)->11661K(14208K)
[44.931s][info][gc             ] GC(16) Pause Young (Allocation Failure) 599M->54M(1979M) 19.568ms
[44.931s][info][gc,cpu         ] GC(16) User=0.00s Sys=0.00s Real=0.02s
[47.727s][info][gc,start       ] GC(17) Pause Young (Allocation Failure)
[47.743s][info][gc,heap        ] GC(17) DefNew: 575664K->17497K(629120K)
[47.743s][info][gc,heap        ] GC(17) Tenured: 38887K->38887K(1398144K)
[47.743s][info][gc,metaspace   ] GC(17) Metaspace: 89712K(95280K)->89712K(95280K) NonClass: 78051K(81072K)->78051K(81072K) Class: 11661K(14208K)->11661K(14208K)
[47.743s][info][gc             ] GC(17) Pause Young (Allocation Failure) 600M->55M(1979M) 16.884ms
[47.743s][info][gc,cpu         ] GC(17) User=0.00s Sys=0.00s Real=0.02s
[48.525s][info][gc,start       ] GC(18) Pause Young (Allocation Failure)
[48.545s][info][gc,heap        ] GC(18) DefNew: 573836K->18553K(629120K)
[48.545s][info][gc,heap        ] GC(18) Tenured: 38887K->38887K(1398144K)
[48.545s][info][gc,metaspace   ] GC(18) Metaspace: 89751K(95280K)->89751K(95280K) NonClass: 78090K(81072K)->78090K(81072K) Class: 11661K(14208K)->11661K(14208K)
[48.545s][info][gc             ] GC(18) Pause Young (Allocation Failure) 598M->56M(1979M) 19.960ms
[48.545s][info][gc,cpu         ] GC(18) User=0.02s Sys=0.00s Real=0.02s
[49.784s][info][gc,start       ] GC(19) Pause Young (Allocation Failure)
[49.800s][info][gc,heap        ] GC(19) DefNew: 575622K->16214K(629120K)
[49.801s][info][gc,heap        ] GC(19) Tenured: 38887K->38887K(1398144K)
[49.801s][info][gc,metaspace   ] GC(19) Metaspace: 89814K(95280K)->89814K(95280K) NonClass: 78150K(81072K)->78150K(81072K) Class: 11663K(14208K)->11663K(14208K)
[49.801s][info][gc             ] GC(19) Pause Young (Allocation Failure) 600M->53M(1979M) 16.172ms
[49.801s][info][gc,cpu         ] GC(19) User=0.00s Sys=0.00s Real=0.02s
[52.972s][info][gc,start       ] GC(20) Pause Young (Allocation Failure)
[52.989s][info][gc,heap        ] GC(20) DefNew: 575446K->14504K(629120K)
[52.989s][info][gc,heap        ] GC(20) Tenured: 38887K->41510K(1398144K)
[52.989s][info][gc,metaspace   ] GC(20) Metaspace: 89864K(95280K)->89864K(95280K) NonClass: 78199K(81072K)->78199K(81072K) Class: 11664K(14208K)->11664K(14208K)
[52.989s][info][gc             ] GC(20) Pause Young (Allocation Failure) 599M->54M(1979M) 16.908ms
[52.989s][info][gc,cpu         ] GC(20) User=0.02s Sys=0.00s Real=0.02s
[55.475s][info][gc,start       ] GC(21) Pause Young (Allocation Failure)
[55.496s][info][gc,heap        ] GC(21) DefNew: 573736K->13693K(629120K)
[55.496s][info][gc,heap        ] GC(21) Tenured: 41510K->43204K(1398144K)
[55.496s][info][gc,metaspace   ] GC(21) Metaspace: 89910K(95280K)->89910K(95280K) NonClass: 78245K(81072K)->78245K(81072K) Class: 11664K(14208K)->11664K(14208K)
[55.496s][info][gc             ] GC(21) Pause Young (Allocation Failure) 600M->55M(1979M) 20.746ms
[55.496s][info][gc,cpu         ] GC(21) User=0.00s Sys=0.00s Real=0.02s
[56.863s][info][gc,start       ] GC(22) Pause Young (Allocation Failure)
[56.881s][info][gc,heap        ] GC(22) DefNew: 572925K->14790K(629120K)
[56.881s][info][gc,heap        ] GC(22) Tenured: 43204K->43658K(1398144K)
[56.881s][info][gc,metaspace   ] GC(22) Metaspace: 89984K(95536K)->89984K(95536K) NonClass: 78316K(81328K)->78316K(81328K) Class: 11668K(14208K)->11668K(14208K)
[56.881s][info][gc             ] GC(22) Pause Young (Allocation Failure) 601M->57M(1979M) 18.259ms
[56.881s][info][gc,cpu         ] GC(22) User=0.00s Sys=0.00s Real=0.02s
[57.816s][info][gc,start       ] GC(23) Pause Young (Allocation Failure)
[57.827s][info][gc,heap        ] GC(23) DefNew: 574022K->11255K(629120K)
[57.827s][info][gc,heap        ] GC(23) Tenured: 43658K->43951K(1398144K)
[57.827s][info][gc,metaspace   ] GC(23) Metaspace: 90034K(95536K)->90034K(95536K) NonClass: 78366K(81328K)->78366K(81328K) Class: 11668K(14208K)->11668K(14208K)
[57.827s][info][gc             ] GC(23) Pause Young (Allocation Failure) 603M->53M(1979M) 11.376ms
[57.827s][info][gc,cpu         ] GC(23) User=0.00s Sys=0.00s Real=0.01s
[60.334s][info][gc,start       ] GC(24) Pause Young (Allocation Failure)
[60.348s][info][gc,heap        ] GC(24) DefNew: 570487K->12611K(629120K)
[60.348s][info][gc,heap        ] GC(24) Tenured: 43951K->44736K(1398144K)
[60.348s][info][gc,metaspace   ] GC(24) Metaspace: 90057K(95536K)->90057K(95536K) NonClass: 78387K(81328K)->78387K(81328K) Class: 11669K(14208K)->11669K(14208K)
[60.348s][info][gc             ] GC(24) Pause Young (Allocation Failure) 600M->56M(1979M) 14.590ms
[60.348s][info][gc,cpu         ] GC(24) User=0.00s Sys=0.00s Real=0.01s
[61.744s][info][gc,start       ] GC(25) Pause Young (Allocation Failure)
[61.758s][info][gc,heap        ] GC(25) DefNew: 570062K->12733K(629120K)
[61.758s][info][gc,heap        ] GC(25) Tenured: 44736K->44970K(1398144K)
[61.758s][info][gc,metaspace   ] GC(25) Metaspace: 90089K(95536K)->90089K(95536K) NonClass: 78419K(81328K)->78419K(81328K) Class: 11670K(14208K)->11670K(14208K)
[61.758s][info][gc             ] GC(25) Pause Young (Allocation Failure) 600M->56M(1979M) 14.182ms
[61.758s][info][gc,cpu         ] GC(25) User=0.00s Sys=0.00s Real=0.01s
[62.647s][info][gc,start       ] GC(26) Pause Young (Allocation Failure)
[62.659s][info][gc,heap        ] GC(26) DefNew: 571965K->10774K(629120K)
[62.659s][info][gc,heap        ] GC(26) Tenured: 44970K->45325K(1398144K)
[62.659s][info][gc,metaspace   ] GC(26) Metaspace: 90158K(95536K)->90158K(95536K) NonClass: 78487K(81328K)->78487K(81328K) Class: 11670K(14208K)->11670K(14208K)
[62.659s][info][gc             ] GC(26) Pause Young (Allocation Failure) 602M->54M(1979M) 11.888ms
[62.659s][info][gc,cpu         ] GC(26) User=0.00s Sys=0.00s Real=0.01s
[65.253s][info][gc,start       ] GC(27) Pause Young (Allocation Failure)
[65.265s][info][gc,heap        ] GC(27) DefNew: 566685K->11531K(629120K)
[65.265s][info][gc,heap        ] GC(27) Tenured: 45325K->45713K(1398144K)
[65.265s][info][gc,metaspace   ] GC(27) Metaspace: 90162K(95536K)->90162K(95536K) NonClass: 78491K(81328K)->78491K(81328K) Class: 11670K(14208K)->11670K(14208K)
[65.265s][info][gc             ] GC(27) Pause Young (Allocation Failure) 597M->55M(1979M) 12.706ms
[65.265s][info][gc,cpu         ] GC(27) User=0.00s Sys=0.00s Real=0.01s
[66.503s][info][gc,start       ] GC(28) Pause Young (Allocation Failure)
[66.519s][info][gc,heap        ] GC(28) DefNew: 567872K->13126K(629120K)
[66.519s][info][gc,heap        ] GC(28) Tenured: 45713K->46155K(1398144K)
[66.519s][info][gc,metaspace   ] GC(28) Metaspace: 90278K(95792K)->90278K(95792K) NonClass: 78586K(81584K)->78586K(81584K) Class: 11692K(14208K)->11692K(14208K)
[66.519s][info][gc             ] GC(28) Pause Young (Allocation Failure) 599M->57M(1979M) 16.242ms
[66.519s][info][gc,cpu         ] GC(28) User=0.02s Sys=0.00s Real=0.02s
[67.419s][info][gc,start       ] GC(29) Pause Young (Allocation Failure)
[67.429s][info][gc,heap        ] GC(29) DefNew: 572358K->10616K(629120K)
[67.429s][info][gc,heap        ] GC(29) Tenured: 46155K->46292K(1398144K)
[67.429s][info][gc,metaspace   ] GC(29) Metaspace: 90299K(95792K)->90299K(95792K) NonClass: 78607K(81584K)->78607K(81584K) Class: 11692K(14208K)->11692K(14208K)
[67.429s][info][gc             ] GC(29) Pause Young (Allocation Failure) 604M->55M(1979M) 10.159ms
[67.429s][info][gc,cpu         ] GC(29) User=0.00s Sys=0.00s Real=0.01s
[69.947s][info][gc,start       ] GC(30) Pause Young (Allocation Failure)
[69.961s][info][gc,heap        ] GC(30) DefNew: 569848K->12095K(629120K)
[69.961s][info][gc,heap        ] GC(30) Tenured: 46292K->46590K(1398144K)
[69.961s][info][gc,metaspace   ] GC(30) Metaspace: 90319K(95792K)->90319K(95792K) NonClass: 78627K(81584K)->78627K(81584K) Class: 11692K(14208K)->11692K(14208K)
[69.961s][info][gc             ] GC(30) Pause Young (Allocation Failure) 601M->57M(1979M) 13.453ms
[69.961s][info][gc,cpu         ] GC(30) User=0.00s Sys=0.00s Real=0.01s
[71.245s][info][gc,start       ] GC(31) Pause Young (Allocation Failure)
[71.263s][info][gc,heap        ] GC(31) DefNew: 570812K->21889K(629120K)
[71.263s][info][gc,heap        ] GC(31) Tenured: 46590K->46905K(1398144K)
[71.263s][info][gc,metaspace   ] GC(31) Metaspace: 90354K(95792K)->90354K(95792K) NonClass: 78662K(81584K)->78662K(81584K) Class: 11692K(14208K)->11692K(14208K)
[71.263s][info][gc             ] GC(31) Pause Young (Allocation Failure) 602M->67M(1979M) 17.808ms
[71.263s][info][gc,cpu         ] GC(31) User=0.00s Sys=0.00s Real=0.02s
[72.197s][info][gc,start       ] GC(32) Pause Young (Allocation Failure)
[72.208s][info][gc,heap        ] GC(32) DefNew: 581121K->10842K(629120K)
[72.208s][info][gc,heap        ] GC(32) Tenured: 46905K->47125K(1398144K)
[72.208s][info][gc,metaspace   ] GC(32) Metaspace: 90400K(95792K)->90400K(95792K) NonClass: 78707K(81584K)->78707K(81584K) Class: 11693K(14208K)->11693K(14208K)
[72.208s][info][gc             ] GC(32) Pause Young (Allocation Failure) 613M->56M(1979M) 10.986ms
[72.208s][info][gc,cpu         ] GC(32) User=0.00s Sys=0.00s Real=0.01s
[74.963s][info][gc,start       ] GC(33) Pause Young (Allocation Failure)
[74.976s][info][gc,heap        ] GC(33) DefNew: 570074K->12284K(629120K)
[74.976s][info][gc,heap        ] GC(33) Tenured: 47125K->47475K(1398144K)
[74.977s][info][gc,metaspace   ] GC(33) Metaspace: 90487K(96048K)->90487K(96048K) NonClass: 78792K(81840K)->78792K(81840K) Class: 11694K(14208K)->11694K(14208K)
[74.977s][info][gc             ] GC(33) Pause Young (Allocation Failure) 602M->58M(1979M) 13.300ms
[74.977s][info][gc,cpu         ] GC(33) User=0.00s Sys=0.00s Real=0.01s
[76.236s][info][gc,start       ] GC(34) Pause Young (Allocation Failure)
[76.252s][info][gc,heap        ] GC(34) DefNew: 571496K->16015K(629120K)
[76.252s][info][gc,heap        ] GC(34) Tenured: 47475K->47679K(1398144K)
[76.252s][info][gc,metaspace   ] GC(34) Metaspace: 90498K(96048K)->90498K(96048K) NonClass: 78803K(81840K)->78803K(81840K) Class: 11694K(14208K)->11694K(14208K)
[76.252s][info][gc             ] GC(34) Pause Young (Allocation Failure) 604M->62M(1979M) 15.469ms
[76.252s][info][gc,cpu         ] GC(34) User=0.00s Sys=0.00s Real=0.02s
[76.896s][info][gc,start       ] GC(35) Pause Full (System.gc())
[76.899s][info][gc,phases,start] GC(35) Phase 1: Mark live objects
[76.980s][info][gc,phases      ] GC(35) Phase 1: Mark live objects 80.787ms
[76.980s][info][gc,phases,start] GC(35) Phase 2: Compute new object addresses
[77.032s][info][gc,phases      ] GC(35) Phase 2: Compute new object addresses 51.847ms
[77.032s][info][gc,phases,start] GC(35) Phase 3: Adjust pointers
[77.063s][info][gc,phases      ] GC(35) Phase 3: Adjust pointers 31.847ms
[77.063s][info][gc,phases,start] GC(35) Phase 4: Move objects
[77.067s][info][gc,phases      ] GC(35) Phase 4: Move objects 3.743ms
[77.068s][info][gc,heap        ] GC(35) DefNew: 371742K->0K(629120K)
[77.068s][info][gc,heap        ] GC(35) Tenured: 47679K->55794K(1398144K)
[77.068s][info][gc,metaspace   ] GC(35) Metaspace: 91105K(96944K)->91105K(96944K) NonClass: 79239K(82352K)->79239K(82352K) Class: 11865K(14592K)->11865K(14592K)
[77.069s][info][gc             ] GC(35) Pause Full (System.gc()) 409M->54M(1979M) 172.815ms
[77.069s][info][gc,cpu         ] GC(35) User=0.16s Sys=0.00s Real=0.17s
[77.722s][info][gc,start       ] GC(36) Pause Young (Allocation Failure)
[77.726s][info][gc,heap        ] GC(36) DefNew: 558604K->3136K(629120K)
[77.726s][info][gc,heap        ] GC(36) Tenured: 55794K->55794K(1398144K)
[77.726s][info][gc,metaspace   ] GC(36) Metaspace: 90241K(96944K)->90241K(96944K) NonClass: 78691K(82352K)->78691K(82352K) Class: 11550K(14592K)->11550K(14592K)
[77.726s][info][gc             ] GC(36) Pause Young (Allocation Failure) 599M->57M(1979M) 4.475ms
[77.726s][info][gc,cpu         ] GC(36) User=0.00s Sys=0.00s Real=0.00s
[80.254s][info][gc,start       ] GC(37) Pause Young (Allocation Failure)
[80.259s][info][gc,heap        ] GC(37) DefNew: 560654K->4498K(629120K)
[80.259s][info][gc,heap        ] GC(37) Tenured: 55794K->55794K(1398144K)
[80.259s][info][gc,metaspace   ] GC(37) Metaspace: 90259K(96944K)->90259K(96944K) NonClass: 78709K(82352K)->78709K(82352K) Class: 11550K(14592K)->11550K(14592K)
[80.259s][info][gc             ] GC(37) Pause Young (Allocation Failure) 602M->58M(1979M) 5.364ms
[80.259s][info][gc,cpu         ] GC(37) User=0.00s Sys=0.00s Real=0.01s
[82.693s][info][gc,start       ] GC(38) Pause Young (Allocation Failure)
[82.700s][info][gc,heap        ] GC(38) DefNew: 562895K->5292K(629120K)
[82.700s][info][gc,heap        ] GC(38) Tenured: 55794K->55794K(1398144K)
[82.700s][info][gc,metaspace   ] GC(38) Metaspace: 90274K(96944K)->90274K(96944K) NonClass: 78724K(82352K)->78724K(82352K) Class: 11550K(14592K)->11550K(14592K)
[82.700s][info][gc             ] GC(38) Pause Young (Allocation Failure) 604M->59M(1979M) 6.792ms
[82.700s][info][gc,cpu         ] GC(38) User=0.00s Sys=0.00s Real=0.01s
[84.861s][info][gc,start       ] GC(39) Pause Young (Allocation Failure)
[84.869s][info][gc,heap        ] GC(39) DefNew: 560800K->6633K(629120K)
[84.869s][info][gc,heap        ] GC(39) Tenured: 55794K->55794K(1398144K)
[84.869s][info][gc,metaspace   ] GC(39) Metaspace: 90318K(96944K)->90318K(96944K) NonClass: 78767K(82352K)->78767K(82352K) Class: 11551K(14592K)->11551K(14592K)
[84.869s][info][gc             ] GC(39) Pause Young (Allocation Failure) 602M->60M(1979M) 8.414ms
[84.869s][info][gc,cpu         ] GC(39) User=0.00s Sys=0.00s Real=0.01s
[85.510s][info][gc,start       ] GC(40) Pause Young (Allocation Failure)
[85.518s][info][gc,heap        ] GC(40) DefNew: 562595K->16621K(629120K)
[85.518s][info][gc,heap        ] GC(40) Tenured: 55794K->55794K(1398144K)
[85.518s][info][gc,metaspace   ] GC(40) Metaspace: 90334K(96944K)->90334K(96944K) NonClass: 78781K(82352K)->78781K(82352K) Class: 11553K(14592K)->11553K(14592K)
[85.518s][info][gc             ] GC(40) Pause Young (Allocation Failure) 603M->70M(1979M) 8.444ms
[85.518s][info][gc,cpu         ] GC(40) User=0.00s Sys=0.00s Real=0.01s
[87.323s][info][gc,start       ] GC(41) Pause Young (Allocation Failure)
[87.330s][info][gc,heap        ] GC(41) DefNew: 572200K->5277K(629120K)
[87.330s][info][gc,heap        ] GC(41) Tenured: 55794K->55794K(1398144K)
[87.330s][info][gc,metaspace   ] GC(41) Metaspace: 90360K(96944K)->90360K(96944K) NonClass: 78807K(82352K)->78807K(82352K) Class: 11553K(14592K)->11553K(14592K)
[87.330s][info][gc             ] GC(41) Pause Young (Allocation Failure) 613M->59M(1979M) 7.216ms
[87.330s][info][gc,cpu         ] GC(41) User=0.00s Sys=0.00s Real=0.01s
[89.836s][info][gc,start       ] GC(42) Pause Young (Allocation Failure)
[89.842s][info][gc,heap        ] GC(42) DefNew: 564424K->5917K(629120K)
[89.842s][info][gc,heap        ] GC(42) Tenured: 55794K->55794K(1398144K)
[89.842s][info][gc,metaspace   ] GC(42) Metaspace: 90410K(96944K)->90410K(96944K) NonClass: 78857K(82352K)->78857K(82352K) Class: 11553K(14592K)->11553K(14592K)
[89.842s][info][gc             ] GC(42) Pause Young (Allocation Failure) 605M->60M(1979M) 6.713ms
[89.842s][info][gc,cpu         ] GC(42) User=0.00s Sys=0.00s Real=0.01s
[92.941s][info][gc,start       ] GC(43) Pause Young (Allocation Failure)
[92.951s][info][gc,heap        ] GC(43) DefNew: 565149K->8490K(629120K)
[92.951s][info][gc,heap        ] GC(43) Tenured: 55794K->55794K(1398144K)
[92.951s][info][gc,metaspace   ] GC(43) Metaspace: 90431K(96944K)->90431K(96944K) NonClass: 78878K(82352K)->78878K(82352K) Class: 11553K(14592K)->11553K(14592K)
[92.951s][info][gc             ] GC(43) Pause Young (Allocation Failure) 606M->62M(1979M) 9.852ms
[92.951s][info][gc,cpu         ] GC(43) User=0.00s Sys=0.00s Real=0.01s
[93.717s][info][gc,start       ] GC(44) Pause Young (Allocation Failure)
[93.727s][info][gc,heap        ] GC(44) DefNew: 567111K->17031K(629120K)
[93.727s][info][gc,heap        ] GC(44) Tenured: 55794K->55794K(1398144K)
[93.727s][info][gc,metaspace   ] GC(44) Metaspace: 90435K(97200K)->90435K(97200K) NonClass: 78881K(82608K)->78881K(82608K) Class: 11553K(14592K)->11553K(14592K)
[93.727s][info][gc             ] GC(44) Pause Young (Allocation Failure) 608M->71M(1979M) 10.709ms
[93.728s][info][gc,cpu         ] GC(44) User=0.00s Sys=0.00s Real=0.01s
[94.637s][info][gc,start       ] GC(45) Pause Young (Allocation Failure)
[94.644s][info][gc,heap        ] GC(45) DefNew: 576263K->5794K(629120K)
[94.644s][info][gc,heap        ] GC(45) Tenured: 55794K->55794K(1398144K)
[94.644s][info][gc,metaspace   ] GC(45) Metaspace: 90482K(97200K)->90482K(97200K) NonClass: 78929K(82608K)->78929K(82608K) Class: 11553K(14592K)->11553K(14592K)
[94.644s][info][gc             ] GC(45) Pause Young (Allocation Failure) 617M->60M(1979M) 7.135ms
[94.644s][info][gc,cpu         ] GC(45) User=0.00s Sys=0.00s Real=0.01s
[97.566s][info][gc,start       ] GC(46) Pause Young (GCLocker Initiated GC)
[97.575s][info][gc,heap        ] GC(46) DefNew: 565123K->9720K(629120K)
[97.575s][info][gc,heap        ] GC(46) Tenured: 55794K->55794K(1398144K)
[97.575s][info][gc,metaspace   ] GC(46) Metaspace: 90489K(97200K)->90489K(97200K) NonClass: 78936K(82608K)->78936K(82608K) Class: 11553K(14592K)->11553K(14592K)
[97.575s][info][gc             ] GC(46) Pause Young (GCLocker Initiated GC) 606M->63M(1979M) 9.488ms
[97.575s][info][gc,cpu         ] GC(46) User=0.00s Sys=0.00s Real=0.01s
[100.150s][info][gc,start       ] GC(47) Pause Young (Allocation Failure)
[100.160s][info][gc,heap        ] GC(47) DefNew: 568952K->8766K(629120K)
[100.160s][info][gc,heap        ] GC(47) Tenured: 55794K->55794K(1398144K)
[100.160s][info][gc,metaspace   ] GC(47) Metaspace: 90523K(97200K)->90523K(97200K) NonClass: 78969K(82608K)->78969K(82608K) Class: 11553K(14592K)->11553K(14592K)
[100.160s][info][gc             ] GC(47) Pause Young (Allocation Failure) 610M->63M(1979M) 10.362ms
[100.160s][info][gc,cpu         ] GC(47) User=0.00s Sys=0.00s Real=0.01s
[101.817s][info][gc,start       ] GC(48) Pause Young (Allocation Failure)
[101.837s][info][gc,heap        ] GC(48) DefNew: 567998K->12368K(629120K)
[101.837s][info][gc,heap        ] GC(48) Tenured: 55794K->55794K(1398144K)
[101.837s][info][gc,metaspace   ] GC(48) Metaspace: 90524K(97200K)->90524K(97200K) NonClass: 78970K(82608K)->78970K(82608K) Class: 11553K(14592K)->11553K(14592K)
[101.837s][info][gc             ] GC(48) Pause Young (Allocation Failure) 609M->66M(1979M) 20.335ms
[101.838s][info][gc,cpu         ] GC(48) User=0.00s Sys=0.00s Real=0.02s
[102.326s][info][gc,start       ] GC(49) Pause Young (Allocation Failure)
[102.335s][info][gc,heap        ] GC(49) DefNew: 571600K->9816K(629120K)
[102.335s][info][gc,heap        ] GC(49) Tenured: 55794K->55794K(1398144K)
[102.335s][info][gc,metaspace   ] GC(49) Metaspace: 90525K(97200K)->90525K(97200K) NonClass: 78971K(82608K)->78971K(82608K) Class: 11553K(14592K)->11553K(14592K)
[102.335s][info][gc             ] GC(49) Pause Young (Allocation Failure) 612M->64M(1979M) 9.141ms
[102.335s][info][gc,cpu         ] GC(49) User=0.00s Sys=0.00s Real=0.01s
[104.883s][info][gc,start       ] GC(50) Pause Young (Allocation Failure)
[104.892s][info][gc,heap        ] GC(50) DefNew: 568268K->7400K(629120K)
[104.892s][info][gc,heap        ] GC(50) Tenured: 55794K->55794K(1398144K)
[104.892s][info][gc,metaspace   ] GC(50) Metaspace: 90545K(97200K)->90545K(97200K) NonClass: 78991K(82608K)->78991K(82608K) Class: 11553K(14592K)->11553K(14592K)
[104.892s][info][gc             ] GC(50) Pause Young (Allocation Failure) 609M->61M(1979M) 8.497ms
[104.892s][info][gc,cpu         ] GC(50) User=0.00s Sys=0.00s Real=0.01s
[107.262s][info][gc,start       ] GC(51) Pause Young (Allocation Failure)
[107.274s][info][gc,heap        ] GC(51) DefNew: 566627K->8957K(629120K)
[107.274s][info][gc,heap        ] GC(51) Tenured: 55794K->56333K(1398144K)
[107.274s][info][gc,metaspace   ] GC(51) Metaspace: 90547K(97200K)->90547K(97200K) NonClass: 78994K(82608K)->78994K(82608K) Class: 11553K(14592K)->11553K(14592K)
[107.274s][info][gc             ] GC(51) Pause Young (Allocation Failure) 607M->63M(1979M) 12.325ms
[107.274s][info][gc,cpu         ] GC(51) User=0.02s Sys=0.00s Real=0.01s
[109.542s][info][gc,start       ] GC(52) Pause Young (Allocation Failure)
[109.554s][info][gc,heap        ] GC(52) DefNew: 568189K->9250K(629120K)
[109.554s][info][gc,heap        ] GC(52) Tenured: 56333K->56538K(1398144K)
[109.554s][info][gc,metaspace   ] GC(52) Metaspace: 90550K(97200K)->90550K(97200K) NonClass: 78997K(82608K)->78997K(82608K) Class: 11553K(14592K)->11553K(14592K)
[109.554s][info][gc             ] GC(52) Pause Young (Allocation Failure) 609M->64M(1979M) 12.252ms
[109.554s][info][gc,cpu         ] GC(52) User=0.00s Sys=0.00s Real=0.01s
[110.315s][info][gc,start       ] GC(53) Pause Young (Allocation Failure)
[110.326s][info][gc,heap        ] GC(53) DefNew: 567760K->17899K(629120K)
[110.326s][info][gc,heap        ] GC(53) Tenured: 56538K->56749K(1398144K)
[110.326s][info][gc,metaspace   ] GC(53) Metaspace: 90560K(97200K)->90560K(97200K) NonClass: 79006K(82608K)->79006K(82608K) Class: 11553K(14592K)->11553K(14592K)
[110.326s][info][gc             ] GC(53) Pause Young (Allocation Failure) 609M->72M(1979M) 11.148ms
[110.326s][info][gc,cpu         ] GC(53) User=0.00s Sys=0.00s Real=0.01s
[111.932s][info][gc,start       ] GC(54) Pause Young (Allocation Failure)
[111.941s][info][gc,heap        ] GC(54) DefNew: 577131K->6446K(629120K)
[111.941s][info][gc,heap        ] GC(54) Tenured: 56749K->56920K(1398144K)
[111.941s][info][gc,metaspace   ] GC(54) Metaspace: 90574K(97200K)->90574K(97200K) NonClass: 79020K(82608K)->79020K(82608K) Class: 11553K(14592K)->11553K(14592K)
[111.941s][info][gc             ] GC(54) Pause Young (Allocation Failure) 619M->61M(1979M) 8.912ms
[111.941s][info][gc,cpu         ] GC(54) User=0.00s Sys=0.00s Real=0.01s
[114.213s][info][gc,start       ] GC(55) Pause Young (Allocation Failure)
[114.225s][info][gc,heap        ] GC(55) DefNew: 565678K->9252K(629120K)
[114.225s][info][gc,heap        ] GC(55) Tenured: 56920K->56997K(1398144K)
[114.225s][info][gc,metaspace   ] GC(55) Metaspace: 90577K(97200K)->90577K(97200K) NonClass: 79023K(82608K)->79023K(82608K) Class: 11553K(14592K)->11553K(14592K)
[114.225s][info][gc             ] GC(55) Pause Young (Allocation Failure) 608M->64M(1979M) 12.588ms
[114.225s][info][gc,cpu         ] GC(55) User=0.00s Sys=0.00s Real=0.01s
[114.957s][info][gc,start       ] GC(56) Pause Young (Allocation Failure)
[114.969s][info][gc,heap        ] GC(56) DefNew: 568385K->22473K(629120K)
[114.969s][info][gc,heap        ] GC(56) Tenured: 56997K->57196K(1398144K)
[114.969s][info][gc,metaspace   ] GC(56) Metaspace: 90581K(97200K)->90581K(97200K) NonClass: 79027K(82608K)->79027K(82608K) Class: 11554K(14592K)->11554K(14592K)
[114.969s][info][gc             ] GC(56) Pause Young (Allocation Failure) 610M->77M(1979M) 11.303ms
[114.969s][info][gc,cpu         ] GC(56) User=0.00s Sys=0.00s Real=0.01s
[116.733s][info][gc,start       ] GC(57) Pause Young (Allocation Failure)
[116.743s][info][gc,heap        ] GC(57) DefNew: 581705K->9749K(629120K)
[116.743s][info][gc,heap        ] GC(57) Tenured: 57196K->57356K(1398144K)
[116.743s][info][gc,metaspace   ] GC(57) Metaspace: 90594K(97200K)->90594K(97200K) NonClass: 79038K(82608K)->79038K(82608K) Class: 11555K(14592K)->11555K(14592K)
[116.743s][info][gc             ] GC(57) Pause Young (Allocation Failure) 623M->65M(1979M) 10.206ms
[116.743s][info][gc,cpu         ] GC(57) User=0.00s Sys=0.00s Real=0.01s
[119.055s][info][gc,start       ] GC(58) Pause Young (Allocation Failure)
[119.065s][info][gc,heap        ] GC(58) DefNew: 567614K->8146K(629120K)
[119.065s][info][gc,heap        ] GC(58) Tenured: 57356K->57541K(1398144K)
[119.065s][info][gc,metaspace   ] GC(58) Metaspace: 90600K(97200K)->90600K(97200K) NonClass: 79044K(82608K)->79044K(82608K) Class: 11556K(14592K)->11556K(14592K)
[119.066s][info][gc             ] GC(58) Pause Young (Allocation Failure) 610M->64M(1979M) 10.707ms
[119.066s][info][gc,cpu         ] GC(58) User=0.00s Sys=0.00s Real=0.01s
[119.614s][info][gc,start       ] GC(59) Pause Young (Allocation Failure)
[119.625s][info][gc,heap        ] GC(59) DefNew: 564866K->9328K(629120K)
[119.625s][info][gc,heap        ] GC(59) Tenured: 57541K->57678K(1398144K)
[119.625s][info][gc,metaspace   ] GC(59) Metaspace: 90602K(97200K)->90602K(97200K) NonClass: 79046K(82608K)->79046K(82608K) Class: 11556K(14592K)->11556K(14592K)
[119.625s][info][gc             ] GC(59) Pause Young (Allocation Failure) 607M->65M(1979M) 10.266ms
[119.625s][info][gc,cpu         ] GC(59) User=0.00s Sys=0.00s Real=0.01s
[121.395s][info][gc,start       ] GC(60) Pause Young (Allocation Failure)
[121.403s][info][gc,heap        ] GC(60) DefNew: 565466K->6579K(629120K)
[121.404s][info][gc,heap        ] GC(60) Tenured: 57678K->57794K(1398144K)
[121.404s][info][gc,metaspace   ] GC(60) Metaspace: 90610K(97200K)->90610K(97200K) NonClass: 79054K(82608K)->79054K(82608K) Class: 11556K(14592K)->11556K(14592K)
[121.404s][info][gc             ] GC(60) Pause Young (Allocation Failure) 608M->62M(1979M) 8.523ms
[121.404s][info][gc,cpu         ] GC(60) User=0.00s Sys=0.00s Real=0.01s
[123.598s][info][gc,start       ] GC(61) Pause Young (Allocation Failure)
[123.609s][info][gc,heap        ] GC(61) DefNew: 564849K->8425K(629120K)
[123.609s][info][gc,heap        ] GC(61) Tenured: 57794K->58007K(1398144K)
[123.609s][info][gc,metaspace   ] GC(61) Metaspace: 90611K(97200K)->90611K(97200K) NonClass: 79055K(82608K)->79055K(82608K) Class: 11556K(14592K)->11556K(14592K)
[123.609s][info][gc             ] GC(61) Pause Young (Allocation Failure) 608M->64M(1979M) 10.790ms
[123.609s][info][gc,cpu         ] GC(61) User=0.00s Sys=0.00s Real=0.01s
[124.217s][info][gc,start       ] GC(62) Pause Young (Allocation Failure)
[124.226s][info][gc,heap        ] GC(62) DefNew: 567657K->9608K(629120K)
[124.226s][info][gc,heap        ] GC(62) Tenured: 58007K->58212K(1398144K)
[124.226s][info][gc,metaspace   ] GC(62) Metaspace: 90613K(97200K)->90613K(97200K) NonClass: 79057K(82608K)->79057K(82608K) Class: 11556K(14592K)->11556K(14592K)
[124.226s][info][gc             ] GC(62) Pause Young (Allocation Failure) 611M->66M(1979M) 9.392ms
[124.226s][info][gc,cpu         ] GC(62) User=0.00s Sys=0.00s Real=0.01s
[126.160s][info][gc,start       ] GC(63) Pause Young (Allocation Failure)
[126.170s][info][gc,heap        ] GC(63) DefNew: 568840K->6627K(629120K)
[126.170s][info][gc,heap        ] GC(63) Tenured: 58212K->58345K(1398144K)
[126.170s][info][gc,metaspace   ] GC(63) Metaspace: 90617K(97200K)->90617K(97200K) NonClass: 79061K(82608K)->79061K(82608K) Class: 11556K(14592K)->11556K(14592K)
[126.170s][info][gc             ] GC(63) Pause Young (Allocation Failure) 612M->63M(1979M) 10.099ms
[126.170s][info][gc,cpu         ] GC(63) User=0.02s Sys=0.00s Real=0.01s
[128.470s][info][gc,start       ] GC(64) Pause Young (GCLocker Initiated GC)
[128.481s][info][gc,heap        ] GC(64) DefNew: 565866K->8461K(629120K)
[128.481s][info][gc,heap        ] GC(64) Tenured: 58345K->58436K(1398144K)
[128.481s][info][gc,metaspace   ] GC(64) Metaspace: 90617K(97200K)->90617K(97200K) NonClass: 79061K(82608K)->79061K(82608K) Class: 11556K(14592K)->11556K(14592K)
[128.481s][info][gc             ] GC(64) Pause Young (GCLocker Initiated GC) 609M->65M(1979M) 10.819ms
[128.481s][info][gc,cpu         ] GC(64) User=0.00s Sys=0.00s Real=0.01s
[129.334s][info][gc,start       ] GC(65) Pause Young (Allocation Failure)
[129.345s][info][gc,heap        ] GC(65) DefNew: 567693K->7948K(629120K)
[129.345s][info][gc,heap        ] GC(65) Tenured: 58436K->58641K(1398144K)
[129.345s][info][gc,metaspace   ] GC(65) Metaspace: 90626K(97200K)->90626K(97200K) NonClass: 79069K(82608K)->79069K(82608K) Class: 11557K(14592K)->11557K(14592K)
[129.345s][info][gc             ] GC(65) Pause Young (Allocation Failure) 611M->65M(1979M) 11.279ms
[129.345s][info][gc,cpu         ] GC(65) User=0.00s Sys=0.00s Real=0.01s
[129.368s][info][gc,start       ] GC(66) Pause Full (System.gc())
[129.372s][info][gc,phases,start] GC(66) Phase 1: Mark live objects
[129.454s][info][gc,phases      ] GC(66) Phase 1: Mark live objects 81.393ms
[129.454s][info][gc,phases,start] GC(66) Phase 2: Compute new object addresses
[129.470s][info][gc,phases      ] GC(66) Phase 2: Compute new object addresses 16.166ms
[129.470s][info][gc,phases,start] GC(66) Phase 3: Adjust pointers
[129.503s][info][gc,phases      ] GC(66) Phase 3: Adjust pointers 32.936ms
[129.503s][info][gc,phases,start] GC(66) Phase 4: Move objects
[129.505s][info][gc,phases      ] GC(66) Phase 4: Move objects 2.627ms
[129.506s][info][gc,heap        ] GC(66) DefNew: 52470K->0K(629120K)
[129.506s][info][gc,heap        ] GC(66) Tenured: 58641K->63747K(1398144K)
[129.506s][info][gc,metaspace   ] GC(66) Metaspace: 90626K(97200K)->90626K(97200K) NonClass: 79069K(82608K)->79069K(82608K) Class: 11557K(14592K)->11557K(14592K)
[129.506s][info][gc             ] GC(66) Pause Full (System.gc()) 108M->62M(1979M) 138.415ms
[129.506s][info][gc,cpu         ] GC(66) User=0.14s Sys=0.00s Real=0.14s
[130.129s][info][gc,start       ] GC(67) Pause Young (Allocation Failure)
[130.133s][info][gc,heap        ] GC(67) DefNew: 558642K->3112K(629120K)
[130.133s][info][gc,heap        ] GC(67) Tenured: 63747K->63747K(1398144K)
[130.133s][info][gc,metaspace   ] GC(67) Metaspace: 90622K(97200K)->90622K(97200K) NonClass: 79066K(82608K)->79066K(82608K) Class: 11555K(14592K)->11555K(14592K)
[130.133s][info][gc             ] GC(67) Pause Young (Allocation Failure) 607M->65M(1979M) 4.023ms
[130.133s][info][gc,cpu         ] GC(67) User=0.00s Sys=0.00s Real=0.00s
[132.607s][info][gc,start       ] GC(68) Pause Young (Allocation Failure)
[132.612s][info][gc,heap        ] GC(68) DefNew: 561559K->4515K(629120K)
[132.612s][info][gc,heap        ] GC(68) Tenured: 63747K->63747K(1398144K)
[132.612s][info][gc,metaspace   ] GC(68) Metaspace: 90626K(97200K)->90626K(97200K) NonClass: 79071K(82608K)->79071K(82608K) Class: 11555K(14592K)->11555K(14592K)
[132.612s][info][gc             ] GC(68) Pause Young (Allocation Failure) 610M->66M(1979M) 5.454ms
[132.612s][info][gc,cpu         ] GC(68) User=0.00s Sys=0.00s Real=0.01s
[135.005s][info][gc,start       ] GC(69) Pause Young (Allocation Failure)
[135.012s][info][gc,heap        ] GC(69) DefNew: 563747K->5524K(629120K)
[135.012s][info][gc,heap        ] GC(69) Tenured: 63747K->63747K(1398144K)
[135.012s][info][gc,metaspace   ] GC(69) Metaspace: 90677K(97200K)->90677K(97200K) NonClass: 79121K(82608K)->79121K(82608K) Class: 11555K(14592K)->11555K(14592K)
[135.012s][info][gc             ] GC(69) Pause Young (Allocation Failure) 612M->67M(1979M) 7.074ms
[135.012s][info][gc,cpu         ] GC(69) User=0.00s Sys=0.00s Real=0.01s
[137.289s][info][gc,start       ] GC(70) Pause Young (Allocation Failure)
[137.298s][info][gc,heap        ] GC(70) DefNew: 564282K->6575K(629120K)
[137.298s][info][gc,heap        ] GC(70) Tenured: 63747K->63747K(1398144K)
[137.298s][info][gc,metaspace   ] GC(70) Metaspace: 90677K(97200K)->90677K(97200K) NonClass: 79121K(82608K)->79121K(82608K) Class: 11555K(14592K)->11555K(14592K)
[137.298s][info][gc             ] GC(70) Pause Young (Allocation Failure) 613M->68M(1979M) 9.677ms
[137.298s][info][gc,cpu         ] GC(70) User=0.03s Sys=0.00s Real=0.01s
[137.954s][info][gc,start       ] GC(71) Pause Young (Allocation Failure)
[137.964s][info][gc,heap        ] GC(71) DefNew: 563800K->20390K(629120K)
[137.964s][info][gc,heap        ] GC(71) Tenured: 63747K->63747K(1398144K)
[137.964s][info][gc,metaspace   ] GC(71) Metaspace: 90681K(97200K)->90681K(97200K) NonClass: 79125K(82608K)->79125K(82608K) Class: 11555K(14592K)->11555K(14592K)
[137.964s][info][gc             ] GC(71) Pause Young (Allocation Failure) 612M->82M(1979M) 9.383ms
[137.964s][info][gc,cpu         ] GC(71) User=0.06s Sys=0.00s Real=0.01s
[140.267s][info][gc,start       ] GC(72) Pause Young (Allocation Failure)
[140.274s][info][gc,heap        ] GC(72) DefNew: 579586K->4923K(629120K)
[140.274s][info][gc,heap        ] GC(72) Tenured: 63747K->63747K(1398144K)
[140.274s][info][gc,metaspace   ] GC(72) Metaspace: 90690K(97200K)->90690K(97200K) NonClass: 79135K(82608K)->79135K(82608K) Class: 11555K(14592K)->11555K(14592K)
[140.274s][info][gc             ] GC(72) Pause Young (Allocation Failure) 628M->67M(1979M) 7.772ms
[140.275s][info][gc,cpu         ] GC(72) User=0.00s Sys=0.00s Real=0.01s
[143.042s][info][gc,start       ] GC(73) Pause Young (Allocation Failure)
[143.048s][info][gc,heap        ] GC(73) DefNew: 564155K->5304K(629120K)
[143.048s][info][gc,heap        ] GC(73) Tenured: 63747K->63747K(1398144K)
[143.048s][info][gc,metaspace   ] GC(73) Metaspace: 90708K(97200K)->90708K(97200K) NonClass: 79152K(82608K)->79152K(82608K) Class: 11555K(14592K)->11555K(14592K)
[143.048s][info][gc             ] GC(73) Pause Young (Allocation Failure) 613M->67M(1979M) 5.782ms
[143.048s][info][gc,cpu         ] GC(73) User=0.00s Sys=0.00s Real=0.01s
[146.197s][info][gc,start       ] GC(74) Pause Young (Allocation Failure)
[146.204s][info][gc,heap        ] GC(74) DefNew: 564536K->7132K(629120K)
[146.204s][info][gc,heap        ] GC(74) Tenured: 63747K->63747K(1398144K)
[146.204s][info][gc,metaspace   ] GC(74) Metaspace: 90708K(97200K)->90708K(97200K) NonClass: 79152K(82608K)->79152K(82608K) Class: 11555K(14592K)->11555K(14592K)
[146.204s][info][gc             ] GC(74) Pause Young (Allocation Failure) 613M->69M(1979M) 7.513ms
[146.204s][info][gc,cpu         ] GC(74) User=0.00s Sys=0.00s Real=0.01s
[146.986s][info][gc,start       ] GC(75) Pause Young (Allocation Failure)
[146.995s][info][gc,heap        ] GC(75) DefNew: 563265K->12049K(629120K)
[146.995s][info][gc,heap        ] GC(75) Tenured: 63747K->63747K(1398144K)
[146.995s][info][gc,metaspace   ] GC(75) Metaspace: 90746K(97456K)->90746K(97456K) NonClass: 79188K(82864K)->79188K(82864K) Class: 11558K(14592K)->11558K(14592K)
[146.995s][info][gc             ] GC(75) Pause Young (Allocation Failure) 612M->74M(1979M) 8.891ms
[146.995s][info][gc,cpu         ] GC(75) User=0.00s Sys=0.00s Real=0.01s
[147.824s][info][gc,start       ] GC(76) Pause Young (Allocation Failure)
[147.830s][info][gc,heap        ] GC(76) DefNew: 571281K->5222K(629120K)
[147.830s][info][gc,heap        ] GC(76) Tenured: 63747K->63747K(1398144K)
[147.830s][info][gc,metaspace   ] GC(76) Metaspace: 90756K(97456K)->90756K(97456K) NonClass: 79198K(82864K)->79198K(82864K) Class: 11558K(14592K)->11558K(14592K)
[147.830s][info][gc             ] GC(76) Pause Young (Allocation Failure) 620M->67M(1979M) 6.294ms
[147.830s][info][gc,cpu         ] GC(76) User=0.00s Sys=0.00s Real=0.01s
[150.772s][info][gc,start       ] GC(77) Pause Young (Allocation Failure)
[150.781s][info][gc,heap        ] GC(77) DefNew: 564454K->8149K(629120K)
[150.781s][info][gc,heap        ] GC(77) Tenured: 63747K->63747K(1398144K)
[150.781s][info][gc,metaspace   ] GC(77) Metaspace: 90756K(97456K)->90756K(97456K) NonClass: 79198K(82864K)->79198K(82864K) Class: 11558K(14592K)->11558K(14592K)
[150.781s][info][gc             ] GC(77) Pause Young (Allocation Failure) 613M->70M(1979M) 8.970ms
[150.781s][info][gc,cpu         ] GC(77) User=0.00s Sys=0.00s Real=0.01s
[153.083s][info][gc,start       ] GC(78) Pause Young (Allocation Failure)
[153.091s][info][gc,heap        ] GC(78) DefNew: 567381K->6590K(629120K)
[153.091s][info][gc,heap        ] GC(78) Tenured: 63747K->63747K(1398144K)
[153.091s][info][gc,metaspace   ] GC(78) Metaspace: 90757K(97456K)->90757K(97456K) NonClass: 79199K(82864K)->79199K(82864K) Class: 11558K(14592K)->11558K(14592K)
[153.091s][info][gc             ] GC(78) Pause Young (Allocation Failure) 616M->68M(1979M) 7.809ms
[153.091s][info][gc,cpu         ] GC(78) User=0.02s Sys=0.00s Real=0.01s
[154.908s][info][gc,start       ] GC(79) Pause Young (Allocation Failure)
[154.926s][info][gc,heap        ] GC(79) DefNew: 565822K->10900K(629120K)
[154.926s][info][gc,heap        ] GC(79) Tenured: 63747K->63747K(1398144K)
[154.926s][info][gc,metaspace   ] GC(79) Metaspace: 90761K(97456K)->90761K(97456K) NonClass: 79203K(82864K)->79203K(82864K) Class: 11558K(14592K)->11558K(14592K)
[154.926s][info][gc             ] GC(79) Pause Young (Allocation Failure) 614M->72M(1979M) 17.197ms
[154.926s][info][gc,cpu         ] GC(79) User=0.00s Sys=0.00s Real=0.02s
[155.429s][info][gc,start       ] GC(80) Pause Young (Allocation Failure)
[155.437s][info][gc,heap        ] GC(80) DefNew: 569474K->8587K(629120K)
[155.437s][info][gc,heap        ] GC(80) Tenured: 63747K->63747K(1398144K)
[155.437s][info][gc,metaspace   ] GC(80) Metaspace: 90772K(97456K)->90772K(97456K) NonClass: 79214K(82864K)->79214K(82864K) Class: 11558K(14592K)->11558K(14592K)
[155.437s][info][gc             ] GC(80) Pause Young (Allocation Failure) 618M->70M(1979M) 8.318ms
[155.437s][info][gc,cpu         ] GC(80) User=0.00s Sys=0.00s Real=0.01s
[158.068s][info][gc,start       ] GC(81) Pause Young (Allocation Failure)
[158.078s][info][gc,heap        ] GC(81) DefNew: 567819K->7004K(629120K)
[158.078s][info][gc,heap        ] GC(81) Tenured: 63747K->63747K(1398144K)
[158.078s][info][gc,metaspace   ] GC(81) Metaspace: 90774K(97456K)->90774K(97456K) NonClass: 79216K(82864K)->79216K(82864K) Class: 11558K(14592K)->11558K(14592K)
[158.078s][info][gc             ] GC(81) Pause Young (Allocation Failure) 616M->69M(1979M) 10.079ms
[158.078s][info][gc,cpu         ] GC(81) User=0.02s Sys=0.00s Real=0.01s
[160.470s][info][gc,start       ] GC(82) Pause Young (Allocation Failure)
[160.480s][info][gc,heap        ] GC(82) DefNew: 566236K->7838K(629120K)
[160.480s][info][gc,heap        ] GC(82) Tenured: 63747K->64217K(1398144K)
[160.480s][info][gc,metaspace   ] GC(82) Metaspace: 90776K(97456K)->90776K(97456K) NonClass: 79218K(82864K)->79218K(82864K) Class: 11558K(14592K)->11558K(14592K)
[160.480s][info][gc             ] GC(82) Pause Young (Allocation Failure) 615M->70M(1979M) 10.160ms
[160.480s][info][gc,cpu         ] GC(82) User=0.00s Sys=0.00s Real=0.01s
[162.743s][info][gc,start       ] GC(83) Pause Young (Allocation Failure)
[162.753s][info][gc,heap        ] GC(83) DefNew: 567070K->8284K(629120K)
[162.753s][info][gc,heap        ] GC(83) Tenured: 64217K->64427K(1398144K)
[162.753s][info][gc,metaspace   ] GC(83) Metaspace: 90784K(97456K)->90784K(97456K) NonClass: 79226K(82864K)->79226K(82864K) Class: 11558K(14592K)->11558K(14592K)
[162.753s][info][gc             ] GC(83) Pause Young (Allocation Failure) 616M->71M(1979M) 10.159ms
[162.753s][info][gc,cpu         ] GC(83) User=0.00s Sys=0.00s Real=0.01s
[163.494s][info][gc,start       ] GC(84) Pause Young (Allocation Failure)
[163.503s][info][gc,heap        ] GC(84) DefNew: 566912K->16990K(629120K)
[163.503s][info][gc,heap        ] GC(84) Tenured: 64427K->64621K(1398144K)
[163.503s][info][gc,metaspace   ] GC(84) Metaspace: 90798K(97456K)->90798K(97456K) NonClass: 79234K(82864K)->79234K(82864K) Class: 11563K(14592K)->11563K(14592K)
[163.503s][info][gc             ] GC(84) Pause Young (Allocation Failure) 616M->79M(1979M) 9.414ms
[163.503s][info][gc,cpu         ] GC(84) User=0.00s Sys=0.00s Real=0.01s
[165.036s][info][gc,start       ] GC(85) Pause Young (Allocation Failure)
[165.044s][info][gc,heap        ] GC(85) DefNew: 575964K->5826K(629120K)
[165.044s][info][gc,heap        ] GC(85) Tenured: 64621K->64777K(1398144K)
[165.044s][info][gc,metaspace   ] GC(85) Metaspace: 90800K(97456K)->90800K(97456K) NonClass: 79236K(82864K)->79236K(82864K) Class: 11563K(14592K)->11563K(14592K)
[165.044s][info][gc             ] GC(85) Pause Young (Allocation Failure) 625M->68M(1979M) 7.693ms
[165.044s][info][gc,cpu         ] GC(85) User=0.00s Sys=0.00s Real=0.01s
[167.287s][info][gc,start       ] GC(86) Pause Young (Allocation Failure)
[167.298s][info][gc,heap        ] GC(86) DefNew: 565058K->8861K(629120K)
[167.299s][info][gc,heap        ] GC(86) Tenured: 64777K->64851K(1398144K)
[167.299s][info][gc,metaspace   ] GC(86) Metaspace: 90802K(97456K)->90802K(97456K) NonClass: 79238K(82864K)->79238K(82864K) Class: 11563K(14592K)->11563K(14592K)
[167.299s][info][gc             ] GC(86) Pause Young (Allocation Failure) 615M->71M(1979M) 11.412ms
[167.299s][info][gc,cpu         ] GC(86) User=0.00s Sys=0.00s Real=0.01s
[167.993s][info][gc,start       ] GC(87) Pause Young (Allocation Failure)
[168.003s][info][gc,heap        ] GC(87) DefNew: 566398K->17520K(629120K)
[168.003s][info][gc,heap        ] GC(87) Tenured: 64851K->65034K(1398144K)
[168.003s][info][gc,metaspace   ] GC(87) Metaspace: 90810K(97456K)->90810K(97456K) NonClass: 79246K(82864K)->79246K(82864K) Class: 11563K(14592K)->11563K(14592K)
[168.003s][info][gc             ] GC(87) Pause Young (Allocation Failure) 616M->80M(1979M) 9.692ms
[168.003s][info][gc,cpu         ] GC(87) User=0.00s Sys=0.00s Real=0.01s
[169.743s][info][gc,start       ] GC(88) Pause Young (GCLocker Initiated GC)
[169.752s][info][gc,heap        ] GC(88) DefNew: 576949K->9481K(629120K)
[169.752s][info][gc,heap        ] GC(88) Tenured: 65034K->65180K(1398144K)
[169.752s][info][gc,metaspace   ] GC(88) Metaspace: 90817K(97456K)->90817K(97456K) NonClass: 79253K(82864K)->79253K(82864K) Class: 11563K(14592K)->11563K(14592K)
[169.752s][info][gc             ] GC(88) Pause Young (GCLocker Initiated GC) 626M->72M(1979M) 9.368ms
[169.752s][info][gc,cpu         ] GC(88) User=0.00s Sys=0.00s Real=0.01s
[172.021s][info][gc,start       ] GC(89) Pause Young (Allocation Failure)
[172.031s][info][gc,heap        ] GC(89) DefNew: 568154K->7704K(629120K)
[172.031s][info][gc,heap        ] GC(89) Tenured: 65180K->65353K(1398144K)
[172.031s][info][gc,metaspace   ] GC(89) Metaspace: 90828K(97456K)->90828K(97456K) NonClass: 79264K(82864K)->79264K(82864K) Class: 11563K(14592K)->11563K(14592K)
[172.031s][info][gc             ] GC(89) Pause Young (Allocation Failure) 618M->71M(1979M) 9.928ms
[172.031s][info][gc,cpu         ] GC(89) User=0.00s Sys=0.00s Real=0.01s
[172.591s][info][gc,start       ] GC(90) Pause Young (Allocation Failure)
[172.603s][info][gc,heap        ] GC(90) DefNew: 563447K->26178K(629120K)
[172.603s][info][gc,heap        ] GC(90) Tenured: 65353K->65486K(1398144K)
[172.603s][info][gc,metaspace   ] GC(90) Metaspace: 90839K(97456K)->90839K(97456K) NonClass: 79275K(82864K)->79275K(82864K) Class: 11563K(14592K)->11563K(14592K)
[172.603s][info][gc             ] GC(90) Pause Young (Allocation Failure) 614M->89M(1979M) 11.916ms
[172.603s][info][gc,cpu         ] GC(90) User=0.00s Sys=0.00s Real=0.01s
[174.373s][info][gc,start       ] GC(91) Pause Young (Allocation Failure)
[174.381s][info][gc,heap        ] GC(91) DefNew: 582285K->5865K(629120K)
[174.381s][info][gc,heap        ] GC(91) Tenured: 65486K->65596K(1398144K)
[174.381s][info][gc,metaspace   ] GC(91) Metaspace: 90839K(97456K)->90839K(97456K) NonClass: 79275K(82864K)->79275K(82864K) Class: 11563K(14592K)->11563K(14592K)
[174.381s][info][gc             ] GC(91) Pause Young (Allocation Failure) 632M->69M(1979M) 7.872ms
[174.381s][info][gc,cpu         ] GC(91) User=0.00s Sys=0.00s Real=0.01s
[176.501s][info][gc,start       ] GC(92) Pause Young (Allocation Failure)
[176.511s][info][gc,heap        ] GC(92) DefNew: 565052K->7832K(629120K)
[176.511s][info][gc,heap        ] GC(92) Tenured: 65596K->65769K(1398144K)
[176.511s][info][gc,metaspace   ] GC(92) Metaspace: 90858K(97456K)->90858K(97456K) NonClass: 79291K(82864K)->79291K(82864K) Class: 11567K(14592K)->11567K(14592K)
[176.511s][info][gc             ] GC(92) Pause Young (Allocation Failure) 615M->71M(1979M) 10.051ms
[176.512s][info][gc,cpu         ] GC(92) User=0.00s Sys=0.00s Real=0.01s
[177.098s][info][gc,start       ] GC(93) Pause Young (Allocation Failure)
[177.108s][info][gc,heap        ] GC(93) DefNew: 563499K->22192K(629120K)
[177.108s][info][gc,heap        ] GC(93) Tenured: 65769K->65967K(1398144K)
[177.108s][info][gc,metaspace   ] GC(93) Metaspace: 90860K(97456K)->90860K(97456K) NonClass: 79293K(82864K)->79293K(82864K) Class: 11567K(14592K)->11567K(14592K)
[177.108s][info][gc             ] GC(93) Pause Young (Allocation Failure) 614M->86M(1979M) 10.249ms
[177.108s][info][gc,cpu         ] GC(93) User=0.02s Sys=0.00s Real=0.01s
[178.900s][info][gc,start       ] GC(94) Pause Young (Allocation Failure)
[178.908s][info][gc,heap        ] GC(94) DefNew: 581424K->6229K(629120K)
[178.908s][info][gc,heap        ] GC(94) Tenured: 65967K->66099K(1398144K)
[178.908s][info][gc,metaspace   ] GC(94) Metaspace: 90867K(97456K)->90867K(97456K) NonClass: 79300K(82864K)->79300K(82864K) Class: 11567K(14592K)->11567K(14592K)
[178.908s][info][gc             ] GC(94) Pause Young (Allocation Failure) 632M->70M(1979M) 8.535ms
[178.908s][info][gc,cpu         ] GC(94) User=0.00s Sys=0.00s Real=0.01s
[181.368s][info][gc,start       ] GC(95) Pause Young (Allocation Failure)
[181.379s][info][gc,heap        ] GC(95) DefNew: 565461K->8161K(629120K)
[181.379s][info][gc,heap        ] GC(95) Tenured: 66099K->66251K(1398144K)
[181.379s][info][gc,metaspace   ] GC(95) Metaspace: 90869K(97456K)->90869K(97456K) NonClass: 79302K(82864K)->79302K(82864K) Class: 11567K(14592K)->11567K(14592K)
[181.379s][info][gc             ] GC(95) Pause Young (Allocation Failure) 616M->72M(1979M) 11.257ms
[181.379s][info][gc,cpu         ] GC(95) User=0.00s Sys=0.00s Real=0.01s
[182.229s][info][gc,start       ] GC(96) Pause Young (Allocation Failure)
[182.240s][info][gc,heap        ] GC(96) DefNew: 567393K->7441K(629120K)
[182.240s][info][gc,heap        ] GC(96) Tenured: 66251K->66454K(1398144K)
[182.240s][info][gc,metaspace   ] GC(96) Metaspace: 90872K(97456K)->90872K(97456K) NonClass: 79305K(82864K)->79305K(82864K) Class: 11567K(14592K)->11567K(14592K)
[182.240s][info][gc             ] GC(96) Pause Young (Allocation Failure) 618M->72M(1979M) 11.049ms
[182.240s][info][gc,cpu         ] GC(96) User=0.00s Sys=0.00s Real=0.01s
[182.276s][info][gc,start       ] GC(97) Pause Full (System.gc())
[182.280s][info][gc,phases,start] GC(97) Phase 1: Mark live objects
[182.363s][info][gc,phases      ] GC(97) Phase 1: Mark live objects 83.283ms
[182.363s][info][gc,phases,start] GC(97) Phase 2: Compute new object addresses
[182.381s][info][gc,phases      ] GC(97) Phase 2: Compute new object addresses 17.546ms
[182.381s][info][gc,phases,start] GC(97) Phase 3: Adjust pointers
[182.415s][info][gc,phases      ] GC(97) Phase 3: Adjust pointers 33.936ms
[182.415s][info][gc,phases,start] GC(97) Phase 4: Move objects
[182.416s][info][gc,phases      ] GC(97) Phase 4: Move objects 1.524ms
[182.417s][info][gc,heap        ] GC(97) DefNew: 51454K->0K(629120K)
[182.417s][info][gc,heap        ] GC(97) Tenured: 66454K->69508K(1398144K)
[182.417s][info][gc,metaspace   ] GC(97) Metaspace: 90875K(97456K)->90875K(97456K) NonClass: 79308K(82864K)->79308K(82864K) Class: 11567K(14592K)->11567K(14592K)
[182.417s][info][gc             ] GC(97) Pause Full (System.gc()) 115M->67M(1979M) 140.659ms
[182.417s][info][gc,cpu         ] GC(97) User=0.19s Sys=0.00s Real=0.14s
[183.002s][info][gc,start       ] GC(98) Pause Young (Allocation Failure)
[183.006s][info][gc,heap        ] GC(98) DefNew: 559232K->3093K(629120K)
[183.006s][info][gc,heap        ] GC(98) Tenured: 69508K->69508K(1398144K)
[183.006s][info][gc,metaspace   ] GC(98) Metaspace: 90864K(97456K)->90864K(97456K) NonClass: 79302K(82864K)->79302K(82864K) Class: 11562K(14592K)->11562K(14592K)
[183.006s][info][gc             ] GC(98) Pause Young (Allocation Failure) 614M->70M(1979M) 3.897ms
[183.006s][info][gc,cpu         ] GC(98) User=0.00s Sys=0.00s Real=0.00s
[185.381s][info][gc,start       ] GC(99) Pause Young (Allocation Failure)
[185.387s][info][gc,heap        ] GC(99) DefNew: 560015K->4443K(629120K)
[185.387s][info][gc,heap        ] GC(99) Tenured: 69508K->69508K(1398144K)
[185.387s][info][gc,metaspace   ] GC(99) Metaspace: 90876K(97456K)->90876K(97456K) NonClass: 79314K(82864K)->79314K(82864K) Class: 11562K(14592K)->11562K(14592K)
[185.387s][info][gc             ] GC(99) Pause Young (Allocation Failure) 614M->72M(1979M) 5.551ms
[185.387s][info][gc,cpu         ] GC(99) User=0.00s Sys=0.00s Real=0.01s
[187.738s][info][gc,start       ] GC(100) Pause Young (Allocation Failure)
[187.744s][info][gc,heap        ] GC(100) DefNew: 563217K->4979K(629120K)
[187.744s][info][gc,heap        ] GC(100) Tenured: 69508K->69508K(1398144K)
[187.744s][info][gc,metaspace   ] GC(100) Metaspace: 90883K(97456K)->90883K(97456K) NonClass: 79321K(82864K)->79321K(82864K) Class: 11562K(14592K)->11562K(14592K)
[187.744s][info][gc             ] GC(100) Pause Young (Allocation Failure) 617M->72M(1979M) 6.348ms
[187.744s][info][gc,cpu         ] GC(100) User=0.02s Sys=0.00s Real=0.01s
[189.820s][info][gc,start       ] GC(101) Pause Young (Allocation Failure)
[189.830s][info][gc,heap        ] GC(101) DefNew: 564211K->7273K(629120K)
[189.830s][info][gc,heap        ] GC(101) Tenured: 69508K->69508K(1398144K)
[189.830s][info][gc,metaspace   ] GC(101) Metaspace: 90890K(97456K)->90890K(97456K) NonClass: 79328K(82864K)->79328K(82864K) Class: 11562K(14592K)->11562K(14592K)
[189.830s][info][gc             ] GC(101) Pause Young (Allocation Failure) 618M->74M(1979M) 10.355ms
[189.830s][info][gc,cpu         ] GC(101) User=0.00s Sys=0.00s Real=0.01s
[190.405s][info][gc,start       ] GC(102) Pause Young (Allocation Failure)
[190.414s][info][gc,heap        ] GC(102) DefNew: 565498K->20577K(629120K)
[190.414s][info][gc,heap        ] GC(102) Tenured: 69508K->69508K(1398144K)
[190.414s][info][gc,metaspace   ] GC(102) Metaspace: 90903K(97456K)->90903K(97456K) NonClass: 79341K(82864K)->79341K(82864K) Class: 11562K(14592K)->11562K(14592K)
[190.415s][info][gc             ] GC(102) Pause Young (Allocation Failure) 620M->87M(1979M) 9.035ms
[190.415s][info][gc,cpu         ] GC(102) User=0.00s Sys=0.00s Real=0.01s
[192.198s][info][gc,start       ] GC(103) Pause Young (Allocation Failure)
[192.205s][info][gc,heap        ] GC(103) DefNew: 579809K->6861K(629120K)
[192.205s][info][gc,heap        ] GC(103) Tenured: 69508K->69508K(1398144K)
[192.205s][info][gc,metaspace   ] GC(103) Metaspace: 90909K(97456K)->90909K(97456K) NonClass: 79347K(82864K)->79347K(82864K) Class: 11562K(14592K)->11562K(14592K)
[192.205s][info][gc             ] GC(103) Pause Young (Allocation Failure) 634M->74M(1979M) 7.078ms
[192.206s][info][gc,cpu         ] GC(103) User=0.00s Sys=0.00s Real=0.01s
[194.552s][info][gc,start       ] GC(104) Pause Young (Allocation Failure)
[194.558s][info][gc,heap        ] GC(104) DefNew: 566093K->5334K(629120K)
[194.558s][info][gc,heap        ] GC(104) Tenured: 69508K->69508K(1398144K)
[194.558s][info][gc,metaspace   ] GC(104) Metaspace: 90916K(97456K)->90916K(97456K) NonClass: 79354K(82864K)->79354K(82864K) Class: 11562K(14592K)->11562K(14592K)
[194.558s][info][gc             ] GC(104) Pause Young (Allocation Failure) 620M->73M(1979M) 6.103ms
[194.558s][info][gc,cpu         ] GC(104) User=0.00s Sys=0.00s Real=0.01s
[197.601s][info][gc,start       ] GC(105) Pause Young (Allocation Failure)
[197.607s][info][gc,heap        ] GC(105) DefNew: 564566K->5729K(629120K)
[197.607s][info][gc,heap        ] GC(105) Tenured: 69508K->69508K(1398144K)
[197.607s][info][gc,metaspace   ] GC(105) Metaspace: 90916K(97456K)->90916K(97456K) NonClass: 79354K(82864K)->79354K(82864K) Class: 11562K(14592K)->11562K(14592K)
[197.607s][info][gc             ] GC(105) Pause Young (Allocation Failure) 619M->73M(1979M) 5.936ms
[197.607s][info][gc,cpu         ] GC(105) User=0.00s Sys=0.00s Real=0.01s
[198.350s][info][gc,start       ] GC(106) Pause Young (Allocation Failure)
[198.359s][info][gc,heap        ] GC(106) DefNew: 561778K->16526K(629120K)
[198.359s][info][gc,heap        ] GC(106) Tenured: 69508K->69508K(1398144K)
[198.359s][info][gc,metaspace   ] GC(106) Metaspace: 90917K(97456K)->90917K(97456K) NonClass: 79355K(82864K)->79355K(82864K) Class: 11562K(14592K)->11562K(14592K)
[198.359s][info][gc             ] GC(106) Pause Young (Allocation Failure) 616M->84M(1979M) 8.861ms
[198.359s][info][gc,cpu         ] GC(106) User=0.00s Sys=0.00s Real=0.01s
[199.263s][info][gc,start       ] GC(107) Pause Young (Allocation Failure)
[199.269s][info][gc,heap        ] GC(107) DefNew: 575758K->5037K(629120K)
[199.269s][info][gc,heap        ] GC(107) Tenured: 69508K->69508K(1398144K)
[199.269s][info][gc,metaspace   ] GC(107) Metaspace: 90921K(97456K)->90921K(97456K) NonClass: 79359K(82864K)->79359K(82864K) Class: 11562K(14592K)->11562K(14592K)
[199.269s][info][gc             ] GC(107) Pause Young (Allocation Failure) 630M->72M(1979M) 5.769ms
[199.269s][info][gc,cpu         ] GC(107) User=0.00s Sys=0.00s Real=0.01s
[202.194s][info][gc,start       ] GC(108) Pause Young (Allocation Failure)
[202.200s][info][gc,heap        ] GC(108) DefNew: 563882K->6282K(629120K)
[202.200s][info][gc,heap        ] GC(108) Tenured: 69508K->69508K(1398144K)
[202.200s][info][gc,metaspace   ] GC(108) Metaspace: 90922K(97456K)->90922K(97456K) NonClass: 79360K(82864K)->79360K(82864K) Class: 11562K(14592K)->11562K(14592K)
[202.200s][info][gc             ] GC(108) Pause Young (Allocation Failure) 618M->74M(1979M) 6.658ms
[202.200s][info][gc,cpu         ] GC(108) User=0.00s Sys=0.00s Real=0.01s
[204.519s][info][gc,start       ] GC(109) Pause Young (Allocation Failure)
[204.528s][info][gc,heap        ] GC(109) DefNew: 564826K->6799K(629120K)
[204.528s][info][gc,heap        ] GC(109) Tenured: 69508K->69508K(1398144K)
[204.528s][info][gc,metaspace   ] GC(109) Metaspace: 90924K(97456K)->90924K(97456K) NonClass: 79362K(82864K)->79362K(82864K) Class: 11562K(14592K)->11562K(14592K)
[204.528s][info][gc             ] GC(109) Pause Young (Allocation Failure) 619M->74M(1979M) 9.553ms
[204.528s][info][gc,cpu         ] GC(109) User=0.00s Sys=0.00s Real=0.01s
[206.081s][info][gc,start       ] GC(110) Pause Young (Allocation Failure)
[206.101s][info][gc,heap        ] GC(110) DefNew: 566031K->11834K(629120K)
[206.101s][info][gc,heap        ] GC(110) Tenured: 69508K->69508K(1398144K)
[206.101s][info][gc,metaspace   ] GC(110) Metaspace: 90933K(97456K)->90933K(97456K) NonClass: 79371K(82864K)->79371K(82864K) Class: 11562K(14592K)->11562K(14592K)
[206.101s][info][gc             ] GC(110) Pause Young (Allocation Failure) 620M->79M(1979M) 20.199ms
[206.101s][info][gc,cpu         ] GC(110) User=0.02s Sys=0.00s Real=0.02s
[206.693s][info][gc,start       ] GC(111) Pause Young (Allocation Failure)
[206.702s][info][gc,heap        ] GC(111) DefNew: 570407K->8736K(629120K)
[206.702s][info][gc,heap        ] GC(111) Tenured: 69508K->69508K(1398144K)
[206.702s][info][gc,metaspace   ] GC(111) Metaspace: 90958K(97456K)->90958K(97456K) NonClass: 79396K(82864K)->79396K(82864K) Class: 11562K(14592K)->11562K(14592K)
[206.702s][info][gc             ] GC(111) Pause Young (Allocation Failure) 624M->76M(1979M) 8.482ms
[206.702s][info][gc,cpu         ] GC(111) User=0.00s Sys=0.00s Real=0.01s
[209.042s][info][gc,start       ] GC(112) Pause Young (Allocation Failure)
[209.050s][info][gc,heap        ] GC(112) DefNew: 567968K->6928K(629120K)
[209.050s][info][gc,heap        ] GC(112) Tenured: 69508K->69508K(1398144K)
[209.050s][info][gc,metaspace   ] GC(112) Metaspace: 90971K(97456K)->90971K(97456K) NonClass: 79409K(82864K)->79409K(82864K) Class: 11562K(14592K)->11562K(14592K)
[209.050s][info][gc             ] GC(112) Pause Young (Allocation Failure) 622M->74M(1979M) 8.577ms
[209.050s][info][gc,cpu         ] GC(112) User=0.00s Sys=0.00s Real=0.01s
[211.441s][info][gc,start       ] GC(113) Pause Young (Allocation Failure)
[211.449s][info][gc,heap        ] GC(113) DefNew: 565926K->6360K(629120K)
[211.449s][info][gc,heap        ] GC(113) Tenured: 69508K->70004K(1398144K)
[211.449s][info][gc,metaspace   ] GC(113) Metaspace: 90972K(97456K)->90972K(97456K) NonClass: 79410K(82864K)->79410K(82864K) Class: 11562K(14592K)->11562K(14592K)
[211.449s][info][gc             ] GC(113) Pause Young (Allocation Failure) 620M->74M(1979M) 8.602ms
[211.449s][info][gc,cpu         ] GC(113) User=0.00s Sys=0.00s Real=0.01s
[213.620s][info][gc,start       ] GC(114) Pause Young (GCLocker Initiated GC)
[213.631s][info][gc,heap        ] GC(114) DefNew: 565624K->9576K(629120K)
[213.631s][info][gc,heap        ] GC(114) Tenured: 70004K->70199K(1398144K)
[213.631s][info][gc,metaspace   ] GC(114) Metaspace: 90973K(97456K)->90973K(97456K) NonClass: 79411K(82864K)->79411K(82864K) Class: 11562K(14592K)->11562K(14592K)
[213.631s][info][gc             ] GC(114) Pause Young (GCLocker Initiated GC) 620M->77M(1979M) 11.378ms
[213.631s][info][gc,cpu         ] GC(114) User=0.00s Sys=0.00s Real=0.01s
[214.372s][info][gc,start       ] GC(115) Pause Young (Allocation Failure)
[214.382s][info][gc,heap        ] GC(115) DefNew: 568227K->13172K(629120K)
[214.382s][info][gc,heap        ] GC(115) Tenured: 70199K->70392K(1398144K)
[214.382s][info][gc,metaspace   ] GC(115) Metaspace: 90973K(97456K)->90973K(97456K) NonClass: 79411K(82864K)->79411K(82864K) Class: 11562K(14592K)->11562K(14592K)
[214.382s][info][gc             ] GC(115) Pause Young (Allocation Failure) 623M->81M(1979M) 10.116ms
[214.382s][info][gc,cpu         ] GC(115) User=0.02s Sys=0.00s Real=0.01s
[215.996s][info][gc,start       ] GC(116) Pause Young (Allocation Failure)
[216.005s][info][gc,heap        ] GC(116) DefNew: 572404K->8337K(629120K)
[216.005s][info][gc,heap        ] GC(116) Tenured: 70392K->70548K(1398144K)
[216.005s][info][gc,metaspace   ] GC(116) Metaspace: 90974K(97456K)->90974K(97456K) NonClass: 79412K(82864K)->79412K(82864K) Class: 11562K(14592K)->11562K(14592K)
[216.005s][info][gc             ] GC(116) Pause Young (Allocation Failure) 627M->77M(1979M) 8.893ms
[216.005s][info][gc,cpu         ] GC(116) User=0.02s Sys=0.00s Real=0.01s
[218.235s][info][gc,start       ] GC(117) Pause Young (Allocation Failure)
[218.246s][info][gc,heap        ] GC(117) DefNew: 566910K->7920K(629120K)
[218.246s][info][gc,heap        ] GC(117) Tenured: 70548K->70693K(1398144K)
[218.246s][info][gc,metaspace   ] GC(117) Metaspace: 90979K(97456K)->90979K(97456K) NonClass: 79416K(82864K)->79416K(82864K) Class: 11563K(14592K)->11563K(14592K)
[218.246s][info][gc             ] GC(117) Pause Young (Allocation Failure) 622M->76M(1979M) 10.958ms
[218.246s][info][gc,cpu         ] GC(117) User=0.00s Sys=0.00s Real=0.01s
[218.866s][info][gc,start       ] GC(118) Pause Young (Allocation Failure)
[218.875s][info][gc,heap        ] GC(118) DefNew: 564254K->17865K(629120K)
[218.875s][info][gc,heap        ] GC(118) Tenured: 70693K->70880K(1398144K)
[218.875s][info][gc,metaspace   ] GC(118) Metaspace: 90982K(97456K)->90982K(97456K) NonClass: 79419K(82864K)->79419K(82864K) Class: 11563K(14592K)->11563K(14592K)
[218.875s][info][gc             ] GC(118) Pause Young (Allocation Failure) 620M->86M(1979M) 9.504ms
[218.875s][info][gc,cpu         ] GC(118) User=0.00s Sys=0.00s Real=0.01s
[220.689s][info][gc,start       ] GC(119) Pause Young (Allocation Failure)
[220.696s][info][gc,heap        ] GC(119) DefNew: 573125K->5658K(629120K)
[220.696s][info][gc,heap        ] GC(119) Tenured: 70880K->71020K(1398144K)
[220.696s][info][gc,metaspace   ] GC(119) Metaspace: 90983K(97456K)->90983K(97456K) NonClass: 79420K(82864K)->79420K(82864K) Class: 11563K(14592K)->11563K(14592K)
[220.696s][info][gc             ] GC(119) Pause Young (Allocation Failure) 628M->74M(1979M) 6.653ms
[220.696s][info][gc,cpu         ] GC(119) User=0.00s Sys=0.00s Real=0.01s
[222.878s][info][gc,start       ] GC(120) Pause Young (Allocation Failure)
[222.887s][info][gc,heap        ] GC(120) DefNew: 564890K->7914K(629120K)
[222.887s][info][gc,heap        ] GC(120) Tenured: 71020K->71191K(1398144K)
[222.887s][info][gc,metaspace   ] GC(120) Metaspace: 90984K(97456K)->90984K(97456K) NonClass: 79421K(82864K)->79421K(82864K) Class: 11563K(14592K)->11563K(14592K)
[222.887s][info][gc             ] GC(120) Pause Young (Allocation Failure) 621M->77M(1979M) 9.481ms
[222.887s][info][gc,cpu         ] GC(120) User=0.02s Sys=0.00s Real=0.01s
[223.402s][info][gc,start       ] GC(121) Pause Young (Allocation Failure)
[223.412s][info][gc,heap        ] GC(121) DefNew: 567146K->12699K(629120K)
[223.412s][info][gc,heap        ] GC(121) Tenured: 71191K->71314K(1398144K)
[223.412s][info][gc,metaspace   ] GC(121) Metaspace: 90984K(97456K)->90984K(97456K) NonClass: 79421K(82864K)->79421K(82864K) Class: 11563K(14592K)->11563K(14592K)
[223.412s][info][gc             ] GC(121) Pause Young (Allocation Failure) 623M->82M(1979M) 9.534ms
[223.412s][info][gc,cpu         ] GC(121) User=0.00s Sys=0.00s Real=0.01s
[225.199s][info][gc,start       ] GC(122) Pause Young (GCLocker Initiated GC)
[225.208s][info][gc,heap        ] GC(122) DefNew: 571932K->8017K(629120K)
[225.208s][info][gc,heap        ] GC(122) Tenured: 71314K->71427K(1398144K)
[225.208s][info][gc,metaspace   ] GC(122) Metaspace: 90988K(97456K)->90988K(97456K) NonClass: 79425K(82864K)->79425K(82864K) Class: 11563K(14592K)->11563K(14592K)
[225.208s][info][gc             ] GC(122) Pause Young (GCLocker Initiated GC) 628M->77M(1979M) 9.043ms
[225.208s][info][gc,cpu         ] GC(122) User=0.00s Sys=0.00s Real=0.01s
[227.314s][info][gc,start       ] GC(123) Pause Young (Allocation Failure)
[227.325s][info][gc,heap        ] GC(123) DefNew: 567249K->8663K(629120K)
[227.325s][info][gc,heap        ] GC(123) Tenured: 71427K->71592K(1398144K)
[227.325s][info][gc,metaspace   ] GC(123) Metaspace: 90988K(97456K)->90988K(97456K) NonClass: 79425K(82864K)->79425K(82864K) Class: 11563K(14592K)->11563K(14592K)
[227.325s][info][gc             ] GC(123) Pause Young (Allocation Failure) 623M->78M(1979M) 10.564ms
[227.325s][info][gc,cpu         ] GC(123) User=0.00s Sys=0.00s Real=0.01s
[227.868s][info][gc,start       ] GC(124) Pause Young (Allocation Failure)
[227.879s][info][gc,heap        ] GC(124) DefNew: 567895K->9352K(629120K)
[227.879s][info][gc,heap        ] GC(124) Tenured: 71592K->71787K(1398144K)
[227.879s][info][gc,metaspace   ] GC(124) Metaspace: 90997K(97456K)->90997K(97456K) NonClass: 79433K(82864K)->79433K(82864K) Class: 11563K(14592K)->11563K(14592K)
[227.879s][info][gc             ] GC(124) Pause Young (Allocation Failure) 624M->79M(1979M) 10.167ms
[227.879s][info][gc,cpu         ] GC(124) User=0.00s Sys=0.00s Real=0.01s
[229.712s][info][gc,start       ] GC(125) Pause Young (Allocation Failure)
[229.720s][info][gc,heap        ] GC(125) DefNew: 567679K->5959K(629120K)
[229.720s][info][gc,heap        ] GC(125) Tenured: 71787K->71915K(1398144K)
[229.720s][info][gc,metaspace   ] GC(125) Metaspace: 91000K(97456K)->91000K(97456K) NonClass: 79436K(82864K)->79436K(82864K) Class: 11563K(14592K)->11563K(14592K)
[229.720s][info][gc             ] GC(125) Pause Young (Allocation Failure) 624M->76M(1979M) 8.466ms
[229.721s][info][gc,cpu         ] GC(125) User=0.00s Sys=0.00s Real=0.01s
[231.893s][info][gc,start       ] GC(126) Pause Young (Allocation Failure)
[231.905s][info][gc,heap        ] GC(126) DefNew: 565191K->8523K(629120K)
[231.905s][info][gc,heap        ] GC(126) Tenured: 71915K->72005K(1398144K)
[231.905s][info][gc,metaspace   ] GC(126) Metaspace: 91001K(97456K)->91001K(97456K) NonClass: 79437K(82864K)->79437K(82864K) Class: 11563K(14592K)->11563K(14592K)
[231.905s][info][gc             ] GC(126) Pause Young (Allocation Failure) 622M->78M(1979M) 11.978ms
[231.905s][info][gc,cpu         ] GC(126) User=0.00s Sys=0.00s Real=0.01s
[232.809s][info][gc,start       ] GC(127) Pause Young (Allocation Failure)
[232.820s][info][gc,heap        ] GC(127) DefNew: 567755K->7601K(629120K)
[232.820s][info][gc,heap        ] GC(127) Tenured: 72005K->72202K(1398144K)
[232.820s][info][gc,metaspace   ] GC(127) Metaspace: 91011K(97456K)->91011K(97456K) NonClass: 79447K(82864K)->79447K(82864K) Class: 11563K(14592K)->11563K(14592K)
[232.820s][info][gc             ] GC(127) Pause Young (Allocation Failure) 624M->77M(1979M) 11.236ms
[232.820s][info][gc,cpu         ] GC(127) User=0.02s Sys=0.00s Real=0.01s
[232.864s][info][gc,start       ] GC(128) Pause Full (System.gc())
[232.866s][info][gc,phases,start] GC(128) Phase 1: Mark live objects
[232.925s][info][gc,phases      ] GC(128) Phase 1: Mark live objects 58.782ms
[232.925s][info][gc,phases,start] GC(128) Phase 2: Compute new object addresses
[232.940s][info][gc,phases      ] GC(128) Phase 2: Compute new object addresses 15.150ms
[232.940s][info][gc,phases,start] GC(128) Phase 3: Adjust pointers
[232.974s][info][gc,phases      ] GC(128) Phase 3: Adjust pointers 33.843ms
[232.974s][info][gc,phases,start] GC(128) Phase 4: Move objects
[232.986s][info][gc,phases      ] GC(128) Phase 4: Move objects 11.784ms
[232.987s][info][gc,heap        ] GC(128) DefNew: 34427K->0K(629120K)
[232.987s][info][gc,heap        ] GC(128) Tenured: 72202K->53654K(1398144K)
[232.987s][info][gc,metaspace   ] GC(128) Metaspace: 91011K(97456K)->91011K(97456K) NonClass: 79447K(82864K)->79447K(82864K) Class: 11563K(14592K)->11563K(14592K)
[232.987s][info][gc             ] GC(128) Pause Full (System.gc()) 104M->52M(1979M) 123.103ms
[232.987s][info][gc,cpu         ] GC(128) User=0.09s Sys=0.02s Real=0.12s
[233.628s][info][gc,start       ] GC(129) Pause Young (Allocation Failure)
[233.632s][info][gc,heap        ] GC(129) DefNew: 557573K->3060K(629120K)
[233.632s][info][gc,heap        ] GC(129) Tenured: 53654K->53654K(1398144K)
[233.632s][info][gc,metaspace   ] GC(129) Metaspace: 91024K(97456K)->91024K(97456K) NonClass: 79461K(82864K)->79461K(82864K) Class: 11563K(14592K)->11563K(14592K)
[233.632s][info][gc             ] GC(129) Pause Young (Allocation Failure) 596M->55M(1979M) 4.301ms
[233.633s][info][gc,cpu         ] GC(129) User=0.00s Sys=0.00s Real=0.01s
[236.085s][info][gc,start       ] GC(130) Pause Young (Allocation Failure)
[236.090s][info][gc,heap        ] GC(130) DefNew: 560249K->4406K(629120K)
[236.090s][info][gc,heap        ] GC(130) Tenured: 53654K->53654K(1398144K)
[236.090s][info][gc,metaspace   ] GC(130) Metaspace: 91024K(97456K)->91024K(97456K) NonClass: 79461K(82864K)->79461K(82864K) Class: 11563K(14592K)->11563K(14592K)
[236.090s][info][gc             ] GC(130) Pause Young (Allocation Failure) 599M->56M(1979M) 4.970ms
[236.090s][info][gc,cpu         ] GC(130) User=0.00s Sys=0.00s Real=0.01s
[238.474s][info][gc,start       ] GC(131) Pause Young (Allocation Failure)
[238.479s][info][gc,heap        ] GC(131) DefNew: 563638K->4999K(629120K)
[238.480s][info][gc,heap        ] GC(131) Tenured: 53654K->53654K(1398144K)
[238.480s][info][gc,metaspace   ] GC(131) Metaspace: 91026K(97456K)->91026K(97456K) NonClass: 79462K(82864K)->79462K(82864K) Class: 11563K(14592K)->11563K(14592K)
[238.480s][info][gc             ] GC(131) Pause Young (Allocation Failure) 602M->57M(1979M) 5.740ms
[238.480s][info][gc,cpu         ] GC(131) User=0.00s Sys=0.00s Real=0.00s
[240.674s][info][gc,start       ] GC(132) Pause Young (Allocation Failure)
[240.683s][info][gc,heap        ] GC(132) DefNew: 564231K->6856K(629120K)
[240.683s][info][gc,heap        ] GC(132) Tenured: 53654K->53654K(1398144K)
[240.683s][info][gc,metaspace   ] GC(132) Metaspace: 91029K(97456K)->91029K(97456K) NonClass: 79466K(82864K)->79466K(82864K) Class: 11563K(14592K)->11563K(14592K)
[240.683s][info][gc             ] GC(132) Pause Young (Allocation Failure) 603M->59M(1979M) 8.825ms
[240.683s][info][gc,cpu         ] GC(132) User=0.00s Sys=0.00s Real=0.01s
[241.263s][info][gc,start       ] GC(133) Pause Young (Allocation Failure)
[241.269s][info][gc,heap        ] GC(133) DefNew: 562934K->7885K(629120K)
[241.269s][info][gc,heap        ] GC(133) Tenured: 53654K->53654K(1398144K)
[241.269s][info][gc,metaspace   ] GC(133) Metaspace: 91031K(97456K)->91031K(97456K) NonClass: 79468K(82864K)->79468K(82864K) Class: 11563K(14592K)->11563K(14592K)
[241.269s][info][gc             ] GC(133) Pause Young (Allocation Failure) 602M->60M(1979M) 6.754ms
[241.270s][info][gc,cpu         ] GC(133) User=0.00s Sys=0.00s Real=0.01s
[243.006s][info][gc,start       ] GC(134) Pause Young (Allocation Failure)
[243.013s][info][gc,heap        ] GC(134) DefNew: 567125K->6731K(629120K)
[243.013s][info][gc,heap        ] GC(134) Tenured: 53654K->53654K(1398144K)
[243.013s][info][gc,metaspace   ] GC(134) Metaspace: 91032K(97456K)->91032K(97456K) NonClass: 79468K(82864K)->79468K(82864K) Class: 11563K(14592K)->11563K(14592K)
[243.013s][info][gc             ] GC(134) Pause Young (Allocation Failure) 606M->58M(1979M) 7.418ms
[243.013s][info][gc,cpu         ] GC(134) User=0.00s Sys=0.00s Real=0.01s
[245.461s][info][gc,start       ] GC(135) Pause Young (Allocation Failure)
[245.466s][info][gc,heap        ] GC(135) DefNew: 565963K->5317K(629120K)
[245.466s][info][gc,heap        ] GC(135) Tenured: 53654K->53654K(1398144K)
[245.466s][info][gc,metaspace   ] GC(135) Metaspace: 91033K(97456K)->91033K(97456K) NonClass: 79470K(82864K)->79470K(82864K) Class: 11563K(14592K)->11563K(14592K)
[245.466s][info][gc             ] GC(135) Pause Young (Allocation Failure) 605M->57M(1979M) 5.508ms
[245.466s][info][gc,cpu         ] GC(135) User=0.00s Sys=0.00s Real=0.00s
[248.630s][info][gc,start       ] GC(136) Pause Young (Allocation Failure)
[248.636s][info][gc,heap        ] GC(136) DefNew: 564549K->5675K(629120K)
[248.636s][info][gc,heap        ] GC(136) Tenured: 53654K->53654K(1398144K)
[248.636s][info][gc,metaspace   ] GC(136) Metaspace: 91034K(97456K)->91034K(97456K) NonClass: 79470K(82864K)->79470K(82864K) Class: 11563K(14592K)->11563K(14592K)
[248.636s][info][gc             ] GC(136) Pause Young (Allocation Failure) 603M->57M(1979M) 6.366ms
[248.637s][info][gc,cpu         ] GC(136) User=0.00s Sys=0.00s Real=0.01s
[249.381s][info][gc,start       ] GC(137) Pause Young (Allocation Failure)
[249.389s][info][gc,heap        ] GC(137) DefNew: 563394K->12132K(629120K)
[249.390s][info][gc,heap        ] GC(137) Tenured: 53654K->53654K(1398144K)
[249.390s][info][gc,metaspace   ] GC(137) Metaspace: 91035K(97456K)->91035K(97456K) NonClass: 79471K(82864K)->79471K(82864K) Class: 11563K(14592K)->11563K(14592K)
[249.390s][info][gc             ] GC(137) Pause Young (Allocation Failure) 602M->64M(1979M) 8.984ms
[249.390s][info][gc,cpu         ] GC(137) User=0.00s Sys=0.00s Real=0.01s
[250.326s][info][gc,start       ] GC(138) Pause Young (Allocation Failure)
[250.332s][info][gc,heap        ] GC(138) DefNew: 570512K->5247K(629120K)
[250.332s][info][gc,heap        ] GC(138) Tenured: 53654K->53654K(1398144K)
[250.332s][info][gc,metaspace   ] GC(138) Metaspace: 91035K(97456K)->91035K(97456K) NonClass: 79471K(82864K)->79471K(82864K) Class: 11563K(14592K)->11563K(14592K)
[250.332s][info][gc             ] GC(138) Pause Young (Allocation Failure) 609M->57M(1979M) 6.221ms
[250.332s][info][gc,cpu         ] GC(138) User=0.00s Sys=0.00s Real=0.01s
[253.358s][info][gc,start       ] GC(139) Pause Young (Allocation Failure)
[253.365s][info][gc,heap        ] GC(139) DefNew: 564479K->6666K(629120K)
[253.365s][info][gc,heap        ] GC(139) Tenured: 53654K->53654K(1398144K)
[253.365s][info][gc,metaspace   ] GC(139) Metaspace: 91035K(97456K)->91035K(97456K) NonClass: 79471K(82864K)->79471K(82864K) Class: 11563K(14592K)->11563K(14592K)
[253.365s][info][gc             ] GC(139) Pause Young (Allocation Failure) 603M->58M(1979M) 7.436ms
[253.365s][info][gc,cpu         ] GC(139) User=0.00s Sys=0.00s Real=0.01s
[255.686s][info][gc,start       ] GC(140) Pause Young (Allocation Failure)
[255.694s][info][gc,heap        ] GC(140) DefNew: 565101K->6358K(629120K)
[255.695s][info][gc,heap        ] GC(140) Tenured: 53654K->53654K(1398144K)
[255.695s][info][gc,metaspace   ] GC(140) Metaspace: 91036K(97456K)->91036K(97456K) NonClass: 79473K(82864K)->79473K(82864K) Class: 11563K(14592K)->11563K(14592K)
[255.695s][info][gc             ] GC(140) Pause Young (Allocation Failure) 604M->58M(1979M) 8.105ms
[255.695s][info][gc,cpu         ] GC(140) User=0.00s Sys=0.00s Real=0.01s
[257.268s][info][gc,start       ] GC(141) Pause Young (Allocation Failure)
[257.287s][info][gc,heap        ] GC(141) DefNew: 565590K->11390K(629120K)
[257.287s][info][gc,heap        ] GC(141) Tenured: 53654K->53654K(1398144K)
[257.287s][info][gc,metaspace   ] GC(141) Metaspace: 91040K(97456K)->91040K(97456K) NonClass: 79477K(82864K)->79477K(82864K) Class: 11563K(14592K)->11563K(14592K)
[257.287s][info][gc             ] GC(141) Pause Young (Allocation Failure) 604M->63M(1979M) 19.562ms
[257.287s][info][gc,cpu         ] GC(141) User=0.02s Sys=0.00s Real=0.02s
[257.836s][info][gc,start       ] GC(142) Pause Young (Allocation Failure)
[257.843s][info][gc,heap        ] GC(142) DefNew: 570575K->8493K(629120K)
[257.843s][info][gc,heap        ] GC(142) Tenured: 53654K->53654K(1398144K)
[257.843s][info][gc,metaspace   ] GC(142) Metaspace: 91040K(97456K)->91040K(97456K) NonClass: 79477K(82864K)->79477K(82864K) Class: 11563K(14592K)->11563K(14592K)
[257.844s][info][gc             ] GC(142) Pause Young (Allocation Failure) 609M->60M(1979M) 7.605ms
[257.844s][info][gc,cpu         ] GC(142) User=0.00s Sys=0.00s Real=0.01s
[260.212s][info][gc,start       ] GC(143) Pause Young (Allocation Failure)
[260.221s][info][gc,heap        ] GC(143) DefNew: 567725K->6968K(629120K)
[260.221s][info][gc,heap        ] GC(143) Tenured: 53654K->53654K(1398144K)
[260.221s][info][gc,metaspace   ] GC(143) Metaspace: 91043K(97456K)->91043K(97456K) NonClass: 79480K(82864K)->79480K(82864K) Class: 11563K(14592K)->11563K(14592K)
[260.221s][info][gc             ] GC(143) Pause Young (Allocation Failure) 606M->59M(1979M) 8.947ms
[260.221s][info][gc,cpu         ] GC(143) User=0.00s Sys=0.00s Real=0.01s
[262.607s][info][gc,start       ] GC(144) Pause Young (Allocation Failure)
[262.615s][info][gc,heap        ] GC(144) DefNew: 565549K->6407K(629120K)
[262.615s][info][gc,heap        ] GC(144) Tenured: 53654K->54120K(1398144K)
[262.615s][info][gc,metaspace   ] GC(144) Metaspace: 91048K(97456K)->91048K(97456K) NonClass: 79485K(82864K)->79485K(82864K) Class: 11563K(14592K)->11563K(14592K)
[262.615s][info][gc             ] GC(144) Pause Young (Allocation Failure) 604M->59M(1979M) 7.881ms
[262.615s][info][gc,cpu         ] GC(144) User=0.00s Sys=0.00s Real=0.01s
[264.756s][info][gc,start       ] GC(145) Pause Young (Allocation Failure)
[264.768s][info][gc,heap        ] GC(145) DefNew: 565639K->9702K(629120K)
[264.768s][info][gc,heap        ] GC(145) Tenured: 54120K->54310K(1398144K)
[264.768s][info][gc,metaspace   ] GC(145) Metaspace: 91054K(97456K)->91054K(97456K) NonClass: 79490K(82864K)->79490K(82864K) Class: 11563K(14592K)->11563K(14592K)
[264.768s][info][gc             ] GC(145) Pause Young (Allocation Failure) 605M->62M(1979M) 11.834ms
[264.768s][info][gc,cpu         ] GC(145) User=0.00s Sys=0.00s Real=0.01s
[265.507s][info][gc,start       ] GC(146) Pause Young (Allocation Failure)
[265.516s][info][gc,heap        ] GC(146) DefNew: 568011K->17463K(629120K)
[265.516s][info][gc,heap        ] GC(146) Tenured: 54310K->54503K(1398144K)
[265.516s][info][gc,metaspace   ] GC(146) Metaspace: 91054K(97456K)->91054K(97456K) NonClass: 79490K(82864K)->79490K(82864K) Class: 11563K(14592K)->11563K(14592K)
[265.516s][info][gc             ] GC(146) Pause Young (Allocation Failure) 607M->70M(1979M) 9.387ms
[265.516s][info][gc,cpu         ] GC(146) User=0.00s Sys=0.00s Real=0.01s
[267.121s][info][gc,start       ] GC(147) Pause Young (Allocation Failure)
[267.129s][info][gc,heap        ] GC(147) DefNew: 576695K->7538K(629120K)
[267.129s][info][gc,heap        ] GC(147) Tenured: 54503K->54663K(1398144K)
[267.129s][info][gc,metaspace   ] GC(147) Metaspace: 91078K(97712K)->91078K(97712K) NonClass: 79514K(83120K)->79514K(83120K) Class: 11563K(14592K)->11563K(14592K)
[267.130s][info][gc             ] GC(147) Pause Young (Allocation Failure) 616M->60M(1979M) 8.402ms
[267.130s][info][gc,cpu         ] GC(147) User=0.00s Sys=0.00s Real=0.01s
[269.417s][info][gc,start       ] GC(148) Pause Young (Allocation Failure)
[269.427s][info][gc,heap        ] GC(148) DefNew: 566770K->7889K(629120K)
[269.427s][info][gc,heap        ] GC(148) Tenured: 54663K->54730K(1398144K)
[269.427s][info][gc,metaspace   ] GC(148) Metaspace: 91079K(97712K)->91079K(97712K) NonClass: 79515K(83120K)->79515K(83120K) Class: 11563K(14592K)->11563K(14592K)
[269.427s][info][gc             ] GC(148) Pause Young (Allocation Failure) 606M->61M(1979M) 10.084ms
[269.427s][info][gc,cpu         ] GC(148) User=0.00s Sys=0.00s Real=0.01s
[270.070s][info][gc,start       ] GC(149) Pause Young (Allocation Failure)
[270.079s][info][gc,heap        ] GC(149) DefNew: 564035K->13588K(629120K)
[270.079s][info][gc,heap        ] GC(149) Tenured: 54730K->54918K(1398144K)
[270.079s][info][gc,metaspace   ] GC(149) Metaspace: 91080K(97712K)->91080K(97712K) NonClass: 79516K(83120K)->79516K(83120K) Class: 11563K(14592K)->11563K(14592K)
[270.079s][info][gc             ] GC(149) Pause Young (Allocation Failure) 604M->66M(1979M) 8.936ms
[270.079s][info][gc,cpu         ] GC(149) User=0.00s Sys=0.00s Real=0.01s
[271.891s][info][gc,start       ] GC(150) Pause Young (Allocation Failure)
[271.898s][info][gc,heap        ] GC(150) DefNew: 572820K->5697K(629120K)
[271.898s][info][gc,heap        ] GC(150) Tenured: 54918K->55061K(1398144K)
[271.898s][info][gc,metaspace   ] GC(150) Metaspace: 91080K(97712K)->91080K(97712K) NonClass: 79517K(83120K)->79517K(83120K) Class: 11563K(14592K)->11563K(14592K)
[271.898s][info][gc             ] GC(150) Pause Young (Allocation Failure) 613M->59M(1979M) 7.718ms
[271.899s][info][gc,cpu         ] GC(150) User=0.00s Sys=0.00s Real=0.01s
[274.126s][info][gc,start       ] GC(151) Pause Young (Allocation Failure)
[274.139s][info][gc,heap        ] GC(151) DefNew: 564929K->8511K(629120K)
[274.139s][info][gc,heap        ] GC(151) Tenured: 55061K->55231K(1398144K)
[274.139s][info][gc,metaspace   ] GC(151) Metaspace: 91081K(97712K)->91081K(97712K) NonClass: 79518K(83120K)->79518K(83120K) Class: 11563K(14592K)->11563K(14592K)
[274.139s][info][gc             ] GC(151) Pause Young (Allocation Failure) 605M->62M(1979M) 12.158ms
[274.139s][info][gc,cpu         ] GC(151) User=0.00s Sys=0.00s Real=0.01s
[274.683s][info][gc,start       ] GC(152) Pause Young (Allocation Failure)
[274.693s][info][gc,heap        ] GC(152) DefNew: 566578K->8740K(629120K)
[274.693s][info][gc,heap        ] GC(152) Tenured: 55231K->55348K(1398144K)
[274.693s][info][gc,metaspace   ] GC(152) Metaspace: 91081K(97712K)->91081K(97712K) NonClass: 79518K(83120K)->79518K(83120K) Class: 11563K(14592K)->11563K(14592K)
[274.693s][info][gc             ] GC(152) Pause Young (Allocation Failure) 607M->62M(1979M) 9.303ms
[274.693s][info][gc,cpu         ] GC(152) User=0.02s Sys=0.00s Real=0.01s
[276.489s][info][gc,start       ] GC(153) Pause Young (GCLocker Initiated GC)
[276.497s][info][gc,heap        ] GC(153) DefNew: 567977K->6793K(629120K)
[276.497s][info][gc,heap        ] GC(153) Tenured: 55348K->55509K(1398144K)
[276.497s][info][gc,metaspace   ] GC(153) Metaspace: 91081K(97712K)->91081K(97712K) NonClass: 79518K(83120K)->79518K(83120K) Class: 11563K(14592K)->11563K(14592K)
[276.497s][info][gc             ] GC(153) Pause Young (GCLocker Initiated GC) 608M->60M(1979M) 8.413ms
[276.497s][info][gc,cpu         ] GC(153) User=0.00s Sys=0.00s Real=0.01s
[278.694s][info][gc,start       ] GC(154) Pause Young (Allocation Failure)
[278.704s][info][gc,heap        ] GC(154) DefNew: 566025K->8533K(629120K)
[278.704s][info][gc,heap        ] GC(154) Tenured: 55509K->55631K(1398144K)
[278.704s][info][gc,metaspace   ] GC(154) Metaspace: 91081K(97712K)->91081K(97712K) NonClass: 79518K(83120K)->79518K(83120K) Class: 11563K(14592K)->11563K(14592K)
[278.704s][info][gc             ] GC(154) Pause Young (Allocation Failure) 606M->62M(1979M) 10.050ms
[278.704s][info][gc,cpu         ] GC(154) User=0.00s Sys=0.00s Real=0.01s
[279.293s][info][gc,start       ] GC(155) Pause Young (Allocation Failure)
[279.301s][info][gc,heap        ] GC(155) DefNew: 567765K->9038K(629120K)
[279.301s][info][gc,heap        ] GC(155) Tenured: 55631K->55820K(1398144K)
[279.301s][info][gc,metaspace   ] GC(155) Metaspace: 91081K(97712K)->91081K(97712K) NonClass: 79518K(83120K)->79518K(83120K) Class: 11563K(14592K)->11563K(14592K)
[279.301s][info][gc             ] GC(155) Pause Young (Allocation Failure) 608M->63M(1979M) 7.970ms
[279.301s][info][gc,cpu         ] GC(155) User=0.00s Sys=0.00s Real=0.01s
[281.097s][info][gc,start       ] GC(156) Pause Young (Allocation Failure)
[281.105s][info][gc,heap        ] GC(156) DefNew: 568270K->8205K(629120K)
[281.105s][info][gc,heap        ] GC(156) Tenured: 55820K->55945K(1398144K)
[281.105s][info][gc,metaspace   ] GC(156) Metaspace: 91082K(97712K)->91082K(97712K) NonClass: 79518K(83120K)->79518K(83120K) Class: 11563K(14592K)->11563K(14592K)
[281.105s][info][gc             ] GC(156) Pause Young (Allocation Failure) 609M->62M(1979M) 8.255ms
[281.105s][info][gc,cpu         ] GC(156) User=0.00s Sys=0.00s Real=0.01s
[283.417s][info][gc,start       ] GC(157) Pause Young (Allocation Failure)
[283.428s][info][gc,heap        ] GC(157) DefNew: 567437K->8181K(629120K)
[283.429s][info][gc,heap        ] GC(157) Tenured: 55945K->56031K(1398144K)
[283.429s][info][gc,metaspace   ] GC(157) Metaspace: 91083K(97712K)->91083K(97712K) NonClass: 79519K(83120K)->79519K(83120K) Class: 11563K(14592K)->11563K(14592K)
[283.429s][info][gc             ] GC(157) Pause Young (Allocation Failure) 608M->62M(1979M) 11.256ms
[283.429s][info][gc,cpu         ] GC(157) User=0.00s Sys=0.00s Real=0.01s
[284.249s][info][gc,start       ] GC(158) Pause Young (Allocation Failure)
[284.259s][info][gc,heap        ] GC(158) DefNew: 567413K->7479K(629120K)
[284.259s][info][gc,heap        ] GC(158) Tenured: 56031K->56229K(1398144K)
[284.259s][info][gc,metaspace   ] GC(158) Metaspace: 91083K(97712K)->91083K(97712K) NonClass: 79519K(83120K)->79519K(83120K) Class: 11563K(14592K)->11563K(14592K)
[284.259s][info][gc             ] GC(158) Pause Young (Allocation Failure) 608M->62M(1979M) 10.031ms
[284.259s][info][gc,cpu         ] GC(158) User=0.00s Sys=0.00s Real=0.01s
[284.293s][info][gc,start       ] GC(159) Pause Full (System.gc())
[284.296s][info][gc,phases,start] GC(159) Phase 1: Mark live objects
[284.353s][info][gc,phases      ] GC(159) Phase 1: Mark live objects 57.330ms
[284.353s][info][gc,phases,start] GC(159) Phase 2: Compute new object addresses
[284.367s][info][gc,phases      ] GC(159) Phase 2: Compute new object addresses 14.103ms
[284.367s][info][gc,phases,start] GC(159) Phase 3: Adjust pointers
[284.399s][info][gc,phases      ] GC(159) Phase 3: Adjust pointers 31.963ms
[284.399s][info][gc,phases,start] GC(159) Phase 4: Move objects
[284.400s][info][gc,phases      ] GC(159) Phase 4: Move objects 0.551ms
[284.401s][info][gc,heap        ] GC(159) DefNew: 35551K->0K(629120K)
[284.401s][info][gc,heap        ] GC(159) Tenured: 56229K->58626K(1398144K)
[284.401s][info][gc,metaspace   ] GC(159) Metaspace: 91083K(97712K)->91083K(97712K) NonClass: 79519K(83120K)->79519K(83120K) Class: 11563K(14592K)->11563K(14592K)
[284.401s][info][gc             ] GC(159) Pause Full (System.gc()) 89M->57M(1979M) 107.951ms
[284.401s][info][gc,cpu         ] GC(159) User=0.14s Sys=0.00s Real=0.11s
[284.967s][info][gc,start       ] GC(160) Pause Young (Allocation Failure)
[284.971s][info][gc,heap        ] GC(160) DefNew: 557523K->3057K(629120K)
[284.971s][info][gc,heap        ] GC(160) Tenured: 58626K->58626K(1398144K)
[284.971s][info][gc,metaspace   ] GC(160) Metaspace: 91083K(97712K)->91083K(97712K) NonClass: 79519K(83120K)->79519K(83120K) Class: 11563K(14592K)->11563K(14592K)
[284.971s][info][gc             ] GC(160) Pause Young (Allocation Failure) 601M->60M(1979M) 4.202ms
[284.971s][info][gc,cpu         ] GC(160) User=0.00s Sys=0.00s Real=0.00s
[287.242s][info][gc,start       ] GC(161) Pause Young (Allocation Failure)
[287.247s][info][gc,heap        ] GC(161) DefNew: 561770K->4404K(629120K)
[287.247s][info][gc,heap        ] GC(161) Tenured: 58626K->58626K(1398144K)
[287.247s][info][gc,metaspace   ] GC(161) Metaspace: 91083K(97712K)->91083K(97712K) NonClass: 79519K(83120K)->79519K(83120K) Class: 11563K(14592K)->11563K(14592K)
[287.247s][info][gc             ] GC(161) Pause Young (Allocation Failure) 605M->61M(1979M) 4.965ms
[287.247s][info][gc,cpu         ] GC(161) User=0.00s Sys=0.00s Real=0.01s
[289.267s][info][gc,start       ] GC(162) Pause Young (Allocation Failure)
[289.272s][info][gc,heap        ] GC(162) DefNew: 562683K->5177K(629120K)
[289.272s][info][gc,heap        ] GC(162) Tenured: 58626K->58626K(1398144K)
[289.273s][info][gc,metaspace   ] GC(162) Metaspace: 91091K(97712K)->91091K(97712K) NonClass: 79526K(83120K)->79526K(83120K) Class: 11564K(14592K)->11564K(14592K)
[289.273s][info][gc             ] GC(162) Pause Young (Allocation Failure) 606M->62M(1979M) 5.986ms
[289.273s][info][gc,cpu         ] GC(162) User=0.02s Sys=0.00s Real=0.01s
[291.001s][info][gc,start       ] GC(163) Pause Young (Allocation Failure)
[291.008s][info][gc,heap        ] GC(163) DefNew: 564409K->6387K(629120K)
[291.008s][info][gc,heap        ] GC(163) Tenured: 58626K->58626K(1398144K)
[291.008s][info][gc,metaspace   ] GC(163) Metaspace: 91091K(97712K)->91091K(97712K) NonClass: 79526K(83120K)->79526K(83120K) Class: 11564K(14592K)->11564K(14592K)
[291.008s][info][gc             ] GC(163) Pause Young (Allocation Failure) 608M->63M(1979M) 7.159ms
[291.008s][info][gc,cpu         ] GC(163) User=0.00s Sys=0.00s Real=0.01s
[291.474s][info][gc,start       ] GC(164) Pause Young (Allocation Failure)
[291.480s][info][gc,heap        ] GC(164) DefNew: 565555K->8207K(629120K)
[291.480s][info][gc,heap        ] GC(164) Tenured: 58626K->58626K(1398144K)
[291.480s][info][gc,metaspace   ] GC(164) Metaspace: 91091K(97712K)->91091K(97712K) NonClass: 79526K(83120K)->79526K(83120K) Class: 11564K(14592K)->11564K(14592K)
[291.480s][info][gc             ] GC(164) Pause Young (Allocation Failure) 609M->65M(1979M) 6.135ms
[291.480s][info][gc,cpu         ] GC(164) User=0.00s Sys=0.00s Real=0.01s
[292.912s][info][gc,start       ] GC(165) Pause Young (GCLocker Initiated GC)
[292.918s][info][gc,heap        ] GC(165) DefNew: 567439K->5641K(629120K)
[292.918s][info][gc,heap        ] GC(165) Tenured: 58626K->58626K(1398144K)
[292.918s][info][gc,metaspace   ] GC(165) Metaspace: 91093K(97712K)->91093K(97712K) NonClass: 79528K(83120K)->79528K(83120K) Class: 11564K(14592K)->11564K(14592K)
[292.918s][info][gc             ] GC(165) Pause Young (GCLocker Initiated GC) 611M->62M(1979M) 6.066ms
[292.918s][info][gc,cpu         ] GC(165) User=0.00s Sys=0.00s Real=0.01s
[294.894s][info][gc,start       ] GC(166) Pause Young (Allocation Failure)
[294.899s][info][gc,heap        ] GC(166) DefNew: 564873K->5219K(629120K)
[294.899s][info][gc,heap        ] GC(166) Tenured: 58626K->58626K(1398144K)
[294.899s][info][gc,metaspace   ] GC(166) Metaspace: 91095K(97712K)->91095K(97712K) NonClass: 79531K(83120K)->79531K(83120K) Class: 11564K(14592K)->11564K(14592K)
[294.899s][info][gc             ] GC(166) Pause Young (Allocation Failure) 608M->62M(1979M) 5.067ms
[294.900s][info][gc,cpu         ] GC(166) User=0.02s Sys=0.00s Real=0.01s
[297.354s][info][gc,start       ] GC(167) Pause Young (Allocation Failure)
[297.360s][info][gc,heap        ] GC(167) DefNew: 564451K->5573K(629120K)
[297.360s][info][gc,heap        ] GC(167) Tenured: 58626K->58626K(1398144K)
[297.360s][info][gc,metaspace   ] GC(167) Metaspace: 91095K(97712K)->91095K(97712K) NonClass: 79531K(83120K)->79531K(83120K) Class: 11564K(14592K)->11564K(14592K)
[297.360s][info][gc             ] GC(167) Pause Young (Allocation Failure) 608M->62M(1979M) 5.471ms
[297.360s][info][gc,cpu         ] GC(167) User=0.00s Sys=0.00s Real=0.01s
[297.977s][info][gc,start       ] GC(168) Pause Young (Allocation Failure)
[297.985s][info][gc,heap        ] GC(168) DefNew: 560750K->16359K(629120K)
[297.985s][info][gc,heap        ] GC(168) Tenured: 58626K->58626K(1398144K)
[297.985s][info][gc,metaspace   ] GC(168) Metaspace: 91095K(97712K)->91095K(97712K) NonClass: 79531K(83120K)->79531K(83120K) Class: 11564K(14592K)->11564K(14592K)
[297.985s][info][gc             ] GC(168) Pause Young (Allocation Failure) 604M->73M(1979M) 8.507ms
[297.986s][info][gc,cpu         ] GC(168) User=0.00s Sys=0.00s Real=0.01s
[298.693s][info][gc,start       ] GC(169) Pause Young (Allocation Failure)
[298.699s][info][gc,heap        ] GC(169) DefNew: 575591K->5405K(629120K)
[298.699s][info][gc,heap        ] GC(169) Tenured: 58626K->58626K(1398144K)
[298.699s][info][gc,metaspace   ] GC(169) Metaspace: 91101K(97712K)->91101K(97712K) NonClass: 79536K(83120K)->79536K(83120K) Class: 11564K(14592K)->11564K(14592K)
[298.699s][info][gc             ] GC(169) Pause Young (Allocation Failure) 619M->62M(1979M) 5.330ms
[298.699s][info][gc,cpu         ] GC(169) User=0.00s Sys=0.00s Real=0.01s
[301.090s][info][gc,start       ] GC(170) Pause Young (Allocation Failure)
[301.096s][info][gc,heap        ] GC(170) DefNew: 561795K->6198K(629120K)
[301.096s][info][gc,heap        ] GC(170) Tenured: 58626K->58626K(1398144K)
[301.096s][info][gc,metaspace   ] GC(170) Metaspace: 91101K(97712K)->91101K(97712K) NonClass: 79536K(83120K)->79536K(83120K) Class: 11564K(14592K)->11564K(14592K)
[301.096s][info][gc             ] GC(170) Pause Young (Allocation Failure) 605M->63M(1979M) 5.863ms
[301.096s][info][gc,cpu         ] GC(170) User=0.00s Sys=0.00s Real=0.01s
[303.059s][info][gc,start       ] GC(171) Pause Young (Allocation Failure)
[303.066s][info][gc,heap        ] GC(171) DefNew: 565049K->6564K(629120K)
[303.066s][info][gc,heap        ] GC(171) Tenured: 58626K->58626K(1398144K)
[303.066s][info][gc,metaspace   ] GC(171) Metaspace: 91107K(97712K)->91107K(97712K) NonClass: 79540K(83120K)->79540K(83120K) Class: 11566K(14592K)->11566K(14592K)
[303.066s][info][gc             ] GC(171) Pause Young (Allocation Failure) 609M->63M(1979M) 7.090ms
[303.066s][info][gc,cpu         ] GC(171) User=0.00s Sys=0.00s Real=0.01s
[304.383s][info][gc,start       ] GC(172) Pause Young (Allocation Failure)
[304.401s][info][gc,heap        ] GC(172) DefNew: 565796K->11513K(629120K)
[304.401s][info][gc,heap        ] GC(172) Tenured: 58626K->58626K(1398144K)
[304.401s][info][gc,metaspace   ] GC(172) Metaspace: 91113K(97712K)->91113K(97712K) NonClass: 79546K(83120K)->79546K(83120K) Class: 11566K(14592K)->11566K(14592K)
[304.401s][info][gc             ] GC(172) Pause Young (Allocation Failure) 609M->68M(1979M) 18.447ms
[304.401s][info][gc,cpu         ] GC(172) User=0.00s Sys=0.00s Real=0.02s
[304.860s][info][gc,start       ] GC(173) Pause Young (Allocation Failure)
[304.867s][info][gc,heap        ] GC(173) DefNew: 570672K->8594K(629120K)
[304.867s][info][gc,heap        ] GC(173) Tenured: 58626K->58626K(1398144K)
[304.867s][info][gc,metaspace   ] GC(173) Metaspace: 91114K(97712K)->91114K(97712K) NonClass: 79548K(83120K)->79548K(83120K) Class: 11566K(14592K)->11566K(14592K)
[304.867s][info][gc             ] GC(173) Pause Young (Allocation Failure) 614M->65M(1979M) 7.399ms
[304.867s][info][gc,cpu         ] GC(173) User=0.00s Sys=0.00s Real=0.01s
[306.831s][info][gc,start       ] GC(174) Pause Young (Allocation Failure)
[306.838s][info][gc,heap        ] GC(174) DefNew: 567826K->7378K(629120K)
[306.839s][info][gc,heap        ] GC(174) Tenured: 58626K->58626K(1398144K)
[306.839s][info][gc,metaspace   ] GC(174) Metaspace: 91114K(97712K)->91114K(97712K) NonClass: 79548K(83120K)->79548K(83120K) Class: 11566K(14592K)->11566K(14592K)
[306.839s][info][gc             ] GC(174) Pause Young (Allocation Failure) 611M->64M(1979M) 7.856ms
[306.839s][info][gc,cpu         ] GC(174) User=0.00s Sys=0.00s Real=0.01s
[308.904s][info][gc,start       ] GC(175) Pause Young (Allocation Failure)
[308.911s][info][gc,heap        ] GC(175) DefNew: 564923K->6274K(629120K)
[308.911s][info][gc,heap        ] GC(175) Tenured: 58626K->59092K(1398144K)
[308.911s][info][gc,metaspace   ] GC(175) Metaspace: 91114K(97712K)->91114K(97712K) NonClass: 79548K(83120K)->79548K(83120K) Class: 11566K(14592K)->11566K(14592K)
[308.911s][info][gc             ] GC(175) Pause Young (Allocation Failure) 608M->63M(1979M) 7.031ms
[308.911s][info][gc,cpu         ] GC(175) User=0.00s Sys=0.00s Real=0.01s
[310.673s][info][gc,start       ] GC(176) Pause Young (GCLocker Initiated GC)
[310.683s][info][gc,heap        ] GC(176) DefNew: 565669K->11117K(629120K)
[310.683s][info][gc,heap        ] GC(176) Tenured: 59092K->59284K(1398144K)
[310.683s][info][gc,metaspace   ] GC(176) Metaspace: 91121K(97712K)->91121K(97712K) NonClass: 79553K(83120K)->79553K(83120K) Class: 11567K(14592K)->11567K(14592K)
[310.683s][info][gc             ] GC(176) Pause Young (GCLocker Initiated GC) 610M->68M(1979M) 9.902ms
[310.683s][info][gc,cpu         ] GC(176) User=0.00s Sys=0.00s Real=0.01s
[311.304s][info][gc,start       ] GC(177) Pause Young (Allocation Failure)
[311.312s][info][gc,heap        ] GC(177) DefNew: 566986K->12956K(629120K)
[311.312s][info][gc,heap        ] GC(177) Tenured: 59284K->59471K(1398144K)
[311.312s][info][gc,metaspace   ] GC(177) Metaspace: 91122K(97712K)->91122K(97712K) NonClass: 79554K(83120K)->79554K(83120K) Class: 11567K(14592K)->11567K(14592K)
[311.312s][info][gc             ] GC(177) Pause Young (Allocation Failure) 611M->70M(1979M) 7.791ms
[311.312s][info][gc,cpu         ] GC(177) User=0.00s Sys=0.00s Real=0.01s
[312.637s][info][gc,start       ] GC(178) Pause Young (GCLocker Initiated GC)
[312.645s][info][gc,heap        ] GC(178) DefNew: 572290K->9765K(629120K)
[312.645s][info][gc,heap        ] GC(178) Tenured: 59471K->59628K(1398144K)
[312.645s][info][gc,metaspace   ] GC(178) Metaspace: 91125K(97712K)->91125K(97712K) NonClass: 79557K(83120K)->79557K(83120K) Class: 11567K(14592K)->11567K(14592K)
[312.645s][info][gc             ] GC(178) Pause Young (GCLocker Initiated GC) 616M->67M(1979M) 8.018ms
[312.645s][info][gc,cpu         ] GC(178) User=0.00s Sys=0.00s Real=0.01s
[314.551s][info][gc,start       ] GC(179) Pause Young (Allocation Failure)
[314.560s][info][gc,heap        ] GC(179) DefNew: 568424K->7869K(629120K)
[314.560s][info][gc,heap        ] GC(179) Tenured: 59628K->59696K(1398144K)
[314.560s][info][gc,metaspace   ] GC(179) Metaspace: 91128K(97712K)->91128K(97712K) NonClass: 79559K(83120K)->79559K(83120K) Class: 11568K(14592K)->11568K(14592K)
[314.560s][info][gc             ] GC(179) Pause Young (Allocation Failure) 613M->65M(1979M) 9.238ms
[314.560s][info][gc,cpu         ] GC(179) User=0.02s Sys=0.00s Real=0.01s
[315.082s][info][gc,start       ] GC(180) Pause Young (Allocation Failure)
[315.090s][info][gc,heap        ] GC(180) DefNew: 563139K->13654K(629120K)
[315.090s][info][gc,heap        ] GC(180) Tenured: 59696K->59886K(1398144K)
[315.090s][info][gc,metaspace   ] GC(180) Metaspace: 91128K(97712K)->91128K(97712K) NonClass: 79559K(83120K)->79559K(83120K) Class: 11568K(14592K)->11568K(14592K)
[315.090s][info][gc             ] GC(180) Pause Young (Allocation Failure) 608M->71M(1979M) 8.153ms
[315.090s][info][gc,cpu         ] GC(180) User=0.02s Sys=0.00s Real=0.01s
[316.598s][info][gc,start       ] GC(181) Pause Young (Allocation Failure)
[316.604s][info][gc,heap        ] GC(181) DefNew: 572886K->5506K(629120K)
[316.604s][info][gc,heap        ] GC(181) Tenured: 59886K->60025K(1398144K)
[316.604s][info][gc,metaspace   ] GC(181) Metaspace: 91128K(97712K)->91128K(97712K) NonClass: 79559K(83120K)->79559K(83120K) Class: 11568K(14592K)->11568K(14592K)
[316.604s][info][gc             ] GC(181) Pause Young (Allocation Failure) 617M->63M(1979M) 5.997ms
[316.604s][info][gc,cpu         ] GC(181) User=0.00s Sys=0.00s Real=0.01s
[318.458s][info][gc,start       ] GC(182) Pause Young (Allocation Failure)
[318.467s][info][gc,heap        ] GC(182) DefNew: 564738K->8244K(629120K)
[318.467s][info][gc,heap        ] GC(182) Tenured: 60025K->60191K(1398144K)
[318.467s][info][gc,metaspace   ] GC(182) Metaspace: 91131K(97712K)->91131K(97712K) NonClass: 79562K(83120K)->79562K(83120K) Class: 11568K(14592K)->11568K(14592K)
[318.467s][info][gc             ] GC(182) Pause Young (Allocation Failure) 610M->66M(1979M) 9.758ms
[318.467s][info][gc,cpu         ] GC(182) User=0.00s Sys=0.00s Real=0.01s
[318.908s][info][gc,start       ] GC(183) Pause Young (Allocation Failure)
[318.916s][info][gc,heap        ] GC(183) DefNew: 564223K->8223K(629120K)
[318.916s][info][gc,heap        ] GC(183) Tenured: 60191K->60313K(1398144K)
[318.916s][info][gc,metaspace   ] GC(183) Metaspace: 91133K(97712K)->91133K(97712K) NonClass: 79564K(83120K)->79564K(83120K) Class: 11568K(14592K)->11568K(14592K)
[318.916s][info][gc             ] GC(183) Pause Young (Allocation Failure) 609M->66M(1979M) 7.724ms
[318.916s][info][gc,cpu         ] GC(183) User=0.00s Sys=0.00s Real=0.01s
[320.378s][info][gc,start       ] GC(184) Pause Young (Allocation Failure)
[320.385s][info][gc,heap        ] GC(184) DefNew: 567455K->7532K(629120K)
[320.385s][info][gc,heap        ] GC(184) Tenured: 60313K->60423K(1398144K)
[320.385s][info][gc,metaspace   ] GC(184) Metaspace: 91137K(97712K)->91137K(97712K) NonClass: 79568K(83120K)->79568K(83120K) Class: 11568K(14592K)->11568K(14592K)
[320.385s][info][gc             ] GC(184) Pause Young (Allocation Failure) 613M->66M(1979M) 7.671ms
[320.385s][info][gc,cpu         ] GC(184) User=0.00s Sys=0.00s Real=0.01s
[322.148s][info][gc,start       ] GC(185) Pause Young (Allocation Failure)
[322.157s][info][gc,heap        ] GC(185) DefNew: 566768K->8441K(629120K)
[322.157s][info][gc,heap        ] GC(185) Tenured: 60423K->60588K(1398144K)
[322.157s][info][gc,metaspace   ] GC(185) Metaspace: 91137K(97712K)->91137K(97712K) NonClass: 79568K(83120K)->79568K(83120K) Class: 11568K(14592K)->11568K(14592K)
[322.157s][info][gc             ] GC(185) Pause Young (Allocation Failure) 612M->67M(1979M) 9.012ms
[322.157s][info][gc,cpu         ] GC(185) User=0.00s Sys=0.00s Real=0.01s
[322.631s][info][gc,start       ] GC(186) Pause Young (Allocation Failure)
[322.638s][info][gc,heap        ] GC(186) DefNew: 566901K->9172K(629120K)
[322.639s][info][gc,heap        ] GC(186) Tenured: 60588K->60775K(1398144K)
[322.639s][info][gc,metaspace   ] GC(186) Metaspace: 91137K(97712K)->91137K(97712K) NonClass: 79568K(83120K)->79568K(83120K) Class: 11568K(14592K)->11568K(14592K)
[322.639s][info][gc             ] GC(186) Pause Young (Allocation Failure) 612M->68M(1979M) 7.630ms
[322.639s][info][gc,cpu         ] GC(186) User=0.00s Sys=0.00s Real=0.01s
[324.148s][info][gc,start       ] GC(187) Pause Young (Allocation Failure)
[324.156s][info][gc,heap        ] GC(187) DefNew: 568404K->6003K(629120K)
[324.156s][info][gc,heap        ] GC(187) Tenured: 60775K->60898K(1398144K)
[324.156s][info][gc,metaspace   ] GC(187) Metaspace: 91137K(97712K)->91137K(97712K) NonClass: 79568K(83120K)->79568K(83120K) Class: 11568K(14592K)->11568K(14592K)
[324.156s][info][gc             ] GC(187) Pause Young (Allocation Failure) 614M->65M(1979M) 7.843ms
[324.156s][info][gc,cpu         ] GC(187) User=0.02s Sys=0.00s Real=0.01s
[325.988s][info][gc,start       ] GC(188) Pause Young (Allocation Failure)
[325.997s][info][gc,heap        ] GC(188) DefNew: 565235K->8270K(629120K)
[325.997s][info][gc,heap        ] GC(188) Tenured: 60898K->60982K(1398144K)
[325.997s][info][gc,metaspace   ] GC(188) Metaspace: 91137K(97712K)->91137K(97712K) NonClass: 79568K(83120K)->79568K(83120K) Class: 11568K(14592K)->11568K(14592K)
[325.997s][info][gc             ] GC(188) Pause Young (Allocation Failure) 611M->67M(1979M) 9.887ms
[325.997s][info][gc,cpu         ] GC(188) User=0.00s Sys=0.00s Real=0.01s
[326.709s][info][gc,start       ] GC(189) Pause Young (Allocation Failure)
[326.717s][info][gc,heap        ] GC(189) DefNew: 567502K->7289K(629120K)
[326.717s][info][gc,heap        ] GC(189) Tenured: 60982K->61176K(1398144K)
[326.717s][info][gc,metaspace   ] GC(189) Metaspace: 91139K(97712K)->91139K(97712K) NonClass: 79571K(83120K)->79571K(83120K) Class: 11568K(14592K)->11568K(14592K)
[326.717s][info][gc             ] GC(189) Pause Young (Allocation Failure) 613M->66M(1979M) 8.143ms
[326.717s][info][gc,cpu         ] GC(189) User=0.00s Sys=0.00s Real=0.01s
[326.732s][info][gc,start       ] GC(190) Pause Full (System.gc())
[326.734s][info][gc,phases,start] GC(190) Phase 1: Mark live objects
[326.809s][info][gc,phases      ] GC(190) Phase 1: Mark live objects 74.417ms
[326.809s][info][gc,phases,start] GC(190) Phase 2: Compute new object addresses
[326.822s][info][gc,phases      ] GC(190) Phase 2: Compute new object addresses 13.530ms
[326.822s][info][gc,phases,start] GC(190) Phase 3: Adjust pointers
[326.854s][info][gc,phases      ] GC(190) Phase 3: Adjust pointers 31.363ms
[326.854s][info][gc,phases,start] GC(190) Phase 4: Move objects
[326.855s][info][gc,phases      ] GC(190) Phase 4: Move objects 0.945ms
[326.856s][info][gc,heap        ] GC(190) DefNew: 35026K->0K(629120K)
[326.856s][info][gc,heap        ] GC(190) Tenured: 61176K->65171K(1398144K)
[326.856s][info][gc,metaspace   ] GC(190) Metaspace: 91148K(97712K)->91148K(97712K) NonClass: 79579K(83120K)->79579K(83120K) Class: 11568K(14592K)->11568K(14592K)
[326.856s][info][gc             ] GC(190) Pause Full (System.gc()) 93M->63M(1979M) 123.749ms
[326.856s][info][gc,cpu         ] GC(190) User=0.12s Sys=0.00s Real=0.12s
[327.353s][info][gc,start       ] GC(191) Pause Young (Allocation Failure)
[327.357s][info][gc,heap        ] GC(191) DefNew: 559232K->3117K(629120K)
[327.357s][info][gc,heap        ] GC(191) Tenured: 65171K->65171K(1398144K)
[327.357s][info][gc,metaspace   ] GC(191) Metaspace: 91148K(97712K)->91148K(97712K) NonClass: 79580K(83120K)->79580K(83120K) Class: 11568K(14592K)->11568K(14592K)
[327.357s][info][gc             ] GC(191) Pause Young (Allocation Failure) 609M->66M(1979M) 3.750ms
[327.357s][info][gc,cpu         ] GC(191) User=0.00s Sys=0.00s Real=0.01s
[329.286s][info][gc,start       ] GC(192) Pause Young (Allocation Failure)
[329.291s][info][gc,heap        ] GC(192) DefNew: 560420K->4473K(629120K)
[329.291s][info][gc,heap        ] GC(192) Tenured: 65171K->65171K(1398144K)
[329.291s][info][gc,metaspace   ] GC(192) Metaspace: 91148K(97712K)->91148K(97712K) NonClass: 79580K(83120K)->79580K(83120K) Class: 11568K(14592K)->11568K(14592K)
[329.291s][info][gc             ] GC(192) Pause Young (Allocation Failure) 610M->68M(1979M) 4.633ms
[329.291s][info][gc,cpu         ] GC(192) User=0.00s Sys=0.00s Real=0.01s
[331.265s][info][gc,start       ] GC(193) Pause Young (Allocation Failure)
[331.271s][info][gc,heap        ] GC(193) DefNew: 562798K->5156K(629120K)
[331.271s][info][gc,heap        ] GC(193) Tenured: 65171K->65171K(1398144K)
[331.271s][info][gc,metaspace   ] GC(193) Metaspace: 91150K(97712K)->91150K(97712K) NonClass: 79582K(83120K)->79582K(83120K) Class: 11568K(14592K)->11568K(14592K)
[331.271s][info][gc             ] GC(193) Pause Young (Allocation Failure) 613M->68M(1979M) 5.921ms
[331.271s][info][gc,cpu         ] GC(193) User=0.02s Sys=0.00s Real=0.01s
[332.994s][info][gc,start       ] GC(194) Pause Young (Allocation Failure)
[333.000s][info][gc,heap        ] GC(194) DefNew: 564388K->6229K(629120K)
[333.000s][info][gc,heap        ] GC(194) Tenured: 65171K->65171K(1398144K)
[333.000s][info][gc,metaspace   ] GC(194) Metaspace: 91150K(97712K)->91150K(97712K) NonClass: 79582K(83120K)->79582K(83120K) Class: 11568K(14592K)->11568K(14592K)
[333.000s][info][gc             ] GC(194) Pause Young (Allocation Failure) 614M->69M(1979M) 6.385ms
[333.000s][info][gc,cpu         ] GC(194) User=0.00s Sys=0.00s Real=0.01s
[333.469s][info][gc,start       ] GC(195) Pause Young (Allocation Failure)
[333.476s][info][gc,heap        ] GC(195) DefNew: 565461K->20848K(629120K)
[333.476s][info][gc,heap        ] GC(195) Tenured: 65171K->65171K(1398144K)
[333.476s][info][gc,metaspace   ] GC(195) Metaspace: 91151K(97712K)->91151K(97712K) NonClass: 79583K(83120K)->79583K(83120K) Class: 11568K(14592K)->11568K(14592K)
[333.476s][info][gc             ] GC(195) Pause Young (Allocation Failure) 615M->84M(1979M) 7.487ms
[333.476s][info][gc,cpu         ] GC(195) User=0.00s Sys=0.00s Real=0.01s
[334.924s][info][gc,start       ] GC(196) Pause Young (Allocation Failure)
[334.931s][info][gc,heap        ] GC(196) DefNew: 580080K->6725K(629120K)
[334.931s][info][gc,heap        ] GC(196) Tenured: 65171K->65171K(1398144K)
[334.931s][info][gc,metaspace   ] GC(196) Metaspace: 91151K(97712K)->91151K(97712K) NonClass: 79583K(83120K)->79583K(83120K) Class: 11568K(14592K)->11568K(14592K)
[334.931s][info][gc             ] GC(196) Pause Young (Allocation Failure) 630M->70M(1979M) 7.230ms
[334.931s][info][gc,cpu         ] GC(196) User=0.00s Sys=0.00s Real=0.01s
[336.910s][info][gc,start       ] GC(197) Pause Young (Allocation Failure)
[336.915s][info][gc,heap        ] GC(197) DefNew: 565957K->5360K(629120K)
[336.915s][info][gc,heap        ] GC(197) Tenured: 65171K->65171K(1398144K)
[336.915s][info][gc,metaspace   ] GC(197) Metaspace: 91151K(97712K)->91151K(97712K) NonClass: 79583K(83120K)->79583K(83120K) Class: 11568K(14592K)->11568K(14592K)
[336.915s][info][gc             ] GC(197) Pause Young (Allocation Failure) 616M->68M(1979M) 5.206ms
[336.915s][info][gc,cpu         ] GC(197) User=0.00s Sys=0.00s Real=0.01s
[339.489s][info][gc,start       ] GC(198) Pause Young (Allocation Failure)
[339.495s][info][gc,heap        ] GC(198) DefNew: 564592K->5581K(629120K)
[339.495s][info][gc,heap        ] GC(198) Tenured: 65171K->65171K(1398144K)
[339.495s][info][gc,metaspace   ] GC(198) Metaspace: 91151K(97712K)->91151K(97712K) NonClass: 79583K(83120K)->79583K(83120K) Class: 11568K(14592K)->11568K(14592K)
[339.495s][info][gc             ] GC(198) Pause Young (Allocation Failure) 615M->69M(1979M) 5.905ms
[339.495s][info][gc,cpu         ] GC(198) User=0.00s Sys=0.00s Real=0.01s
[340.096s][info][gc,start       ] GC(199) Pause Young (Allocation Failure)
[340.105s][info][gc,heap        ] GC(199) DefNew: 561373K->24782K(629120K)
[340.105s][info][gc,heap        ] GC(199) Tenured: 65171K->65171K(1398144K)
[340.105s][info][gc,metaspace   ] GC(199) Metaspace: 91151K(97712K)->91151K(97712K) NonClass: 79583K(83120K)->79583K(83120K) Class: 11568K(14592K)->11568K(14592K)
[340.105s][info][gc             ] GC(199) Pause Young (Allocation Failure) 611M->87M(1979M) 9.456ms
[340.105s][info][gc,cpu         ] GC(199) User=0.00s Sys=0.00s Real=0.01s
[340.839s][info][gc,start       ] GC(200) Pause Young (Allocation Failure)
[340.844s][info][gc,heap        ] GC(200) DefNew: 584014K->5115K(629120K)
[340.844s][info][gc,heap        ] GC(200) Tenured: 65171K->65171K(1398144K)
[340.844s][info][gc,metaspace   ] GC(200) Metaspace: 91151K(97712K)->91151K(97712K) NonClass: 79583K(83120K)->79583K(83120K) Class: 11568K(14592K)->11568K(14592K)
[340.844s][info][gc             ] GC(200) Pause Young (Allocation Failure) 633M->68M(1979M) 5.562ms
[340.844s][info][gc,cpu         ] GC(200) User=0.00s Sys=0.00s Real=0.01s
[343.293s][info][gc,start       ] GC(201) Pause Young (Allocation Failure)
[343.300s][info][gc,heap        ] GC(201) DefNew: 564347K->6694K(629120K)
[343.300s][info][gc,heap        ] GC(201) Tenured: 65171K->65171K(1398144K)
[343.300s][info][gc,metaspace   ] GC(201) Metaspace: 91152K(97712K)->91152K(97712K) NonClass: 79584K(83120K)->79584K(83120K) Class: 11568K(14592K)->11568K(14592K)
[343.300s][info][gc             ] GC(201) Pause Young (Allocation Failure) 614M->70M(1979M) 6.684ms
[343.300s][info][gc,cpu         ] GC(201) User=0.00s Sys=0.00s Real=0.01s
[345.303s][info][gc,start       ] GC(202) Pause Young (Allocation Failure)
[345.309s][info][gc,heap        ] GC(202) DefNew: 563967K->6355K(629120K)
[345.309s][info][gc,heap        ] GC(202) Tenured: 65171K->65171K(1398144K)
[345.309s][info][gc,metaspace   ] GC(202) Metaspace: 91152K(97712K)->91152K(97712K) NonClass: 79584K(83120K)->79584K(83120K) Class: 11568K(14592K)->11568K(14592K)
[345.309s][info][gc             ] GC(202) Pause Young (Allocation Failure) 614M->69M(1979M) 6.558ms
[345.309s][info][gc,cpu         ] GC(202) User=0.00s Sys=0.00s Real=0.01s
[346.581s][info][gc,start       ] GC(203) Pause Young (Allocation Failure)
[346.600s][info][gc,heap        ] GC(203) DefNew: 565587K->11981K(629120K)
[346.600s][info][gc,heap        ] GC(203) Tenured: 65171K->65171K(1398144K)
[346.600s][info][gc,metaspace   ] GC(203) Metaspace: 91152K(97712K)->91152K(97712K) NonClass: 79584K(83120K)->79584K(83120K) Class: 11568K(14592K)->11568K(14592K)
[346.600s][info][gc             ] GC(203) Pause Young (Allocation Failure) 615M->75M(1979M) 18.962ms
[346.600s][info][gc,cpu         ] GC(203) User=0.00s Sys=0.00s Real=0.02s
[347.111s][info][gc,start       ] GC(204) Pause Young (Allocation Failure)
[347.117s][info][gc,heap        ] GC(204) DefNew: 569960K->8672K(629120K)
[347.117s][info][gc,heap        ] GC(204) Tenured: 65171K->65171K(1398144K)
[347.117s][info][gc,metaspace   ] GC(204) Metaspace: 91152K(97712K)->91152K(97712K) NonClass: 79584K(83120K)->79584K(83120K) Class: 11568K(14592K)->11568K(14592K)
[347.117s][info][gc             ] GC(204) Pause Young (Allocation Failure) 620M->72M(1979M) 6.583ms
[347.117s][info][gc,cpu         ] GC(204) User=0.00s Sys=0.00s Real=0.01s
[349.037s][info][gc,start       ] GC(205) Pause Young (Allocation Failure)
[349.046s][info][gc,heap        ] GC(205) DefNew: 567904K->7907K(629120K)
[349.046s][info][gc,heap        ] GC(205) Tenured: 65171K->65171K(1398144K)
[349.046s][info][gc,metaspace   ] GC(205) Metaspace: 91152K(97712K)->91152K(97712K) NonClass: 79584K(83120K)->79584K(83120K) Class: 11568K(14592K)->11568K(14592K)
[349.046s][info][gc             ] GC(205) Pause Young (Allocation Failure) 618M->71M(1979M) 8.532ms
[349.046s][info][gc,cpu         ] GC(205) User=0.00s Sys=0.00s Real=0.01s
[350.986s][info][gc,start       ] GC(206) Pause Young (Allocation Failure)
[350.992s][info][gc,heap        ] GC(206) DefNew: 567139K->6213K(629120K)
[350.992s][info][gc,heap        ] GC(206) Tenured: 65171K->65705K(1398144K)
[350.992s][info][gc,metaspace   ] GC(206) Metaspace: 91152K(97712K)->91152K(97712K) NonClass: 79584K(83120K)->79584K(83120K) Class: 11568K(14592K)->11568K(14592K)
[350.993s][info][gc             ] GC(206) Pause Young (Allocation Failure) 617M->70M(1979M) 6.978ms
[350.993s][info][gc,cpu         ] GC(206) User=0.00s Sys=0.00s Real=0.01s
[352.822s][info][gc,start       ] GC(207) Pause Young (Allocation Failure)
[352.831s][info][gc,heap        ] GC(207) DefNew: 565202K->7788K(629120K)
[352.831s][info][gc,heap        ] GC(207) Tenured: 65705K->65894K(1398144K)
[352.831s][info][gc,metaspace   ] GC(207) Metaspace: 91156K(97712K)->91156K(97712K) NonClass: 79587K(83120K)->79587K(83120K) Class: 11568K(14592K)->11568K(14592K)
[352.831s][info][gc             ] GC(207) Pause Young (Allocation Failure) 616M->71M(1979M) 8.949ms
[352.831s][info][gc,cpu         ] GC(207) User=0.00s Sys=0.00s Real=0.01s
[353.398s][info][gc,start       ] GC(208) Pause Young (Allocation Failure)
[353.406s][info][gc,heap        ] GC(208) DefNew: 566918K->17749K(629120K)
[353.406s][info][gc,heap        ] GC(208) Tenured: 65894K->66078K(1398144K)
[353.406s][info][gc,metaspace   ] GC(208) Metaspace: 91156K(97712K)->91156K(97712K) NonClass: 79588K(83120K)->79588K(83120K) Class: 11568K(14592K)->11568K(14592K)
[353.406s][info][gc             ] GC(208) Pause Young (Allocation Failure) 617M->81M(1979M) 8.467ms
[353.406s][info][gc,cpu         ] GC(208) User=0.00s Sys=0.00s Real=0.01s
[354.833s][info][gc,start       ] GC(209) Pause Young (Allocation Failure)
[354.839s][info][gc,heap        ] GC(209) DefNew: 576408K->5699K(629120K)
[354.839s][info][gc,heap        ] GC(209) Tenured: 66078K->66242K(1398144K)
[354.839s][info][gc,metaspace   ] GC(209) Metaspace: 91159K(97712K)->91159K(97712K) NonClass: 79591K(83120K)->79591K(83120K) Class: 11568K(14592K)->11568K(14592K)
[354.839s][info][gc             ] GC(209) Pause Young (Allocation Failure) 627M->70M(1979M) 6.015ms
[354.839s][info][gc,cpu         ] GC(209) User=0.00s Sys=0.00s Real=0.01s
[356.682s][info][gc,start       ] GC(210) Pause Young (Allocation Failure)
[356.691s][info][gc,heap        ] GC(210) DefNew: 564931K->8376K(629120K)
[356.691s][info][gc,heap        ] GC(210) Tenured: 66242K->66309K(1398144K)
[356.691s][info][gc,metaspace   ] GC(210) Metaspace: 91159K(97712K)->91159K(97712K) NonClass: 79591K(83120K)->79591K(83120K) Class: 11568K(14592K)->11568K(14592K)
[356.691s][info][gc             ] GC(210) Pause Young (Allocation Failure) 616M->72M(1979M) 9.078ms
[356.691s][info][gc,cpu         ] GC(210) User=0.00s Sys=0.00s Real=0.01s
[357.198s][info][gc,start       ] GC(211) Pause Young (Allocation Failure)
[357.206s][info][gc,heap        ] GC(211) DefNew: 563774K->12932K(629120K)
[357.206s][info][gc,heap        ] GC(211) Tenured: 66309K->66491K(1398144K)
[357.206s][info][gc,metaspace   ] GC(211) Metaspace: 91159K(97712K)->91159K(97712K) NonClass: 79591K(83120K)->79591K(83120K) Class: 11568K(14592K)->11568K(14592K)
[357.206s][info][gc             ] GC(211) Pause Young (Allocation Failure) 615M->77M(1979M) 8.137ms
[357.206s][info][gc,cpu         ] GC(211) User=0.00s Sys=0.00s Real=0.01s
[358.725s][info][gc,start       ] GC(212) Pause Young (GCLocker Initiated GC)
[358.732s][info][gc,heap        ] GC(212) DefNew: 572180K->7346K(629120K)
[358.732s][info][gc,heap        ] GC(212) Tenured: 66491K->66633K(1398144K)
[358.732s][info][gc,metaspace   ] GC(212) Metaspace: 91159K(97712K)->91159K(97712K) NonClass: 79591K(83120K)->79591K(83120K) Class: 11568K(14592K)->11568K(14592K)
[358.732s][info][gc             ] GC(212) Pause Young (GCLocker Initiated GC) 623M->72M(1979M) 7.616ms
[358.732s][info][gc,cpu         ] GC(212) User=0.00s Sys=0.00s Real=0.01s
[360.522s][info][gc,start       ] GC(213) Pause Young (Allocation Failure)
[360.532s][info][gc,heap        ] GC(213) DefNew: 566578K->8298K(629120K)
[360.533s][info][gc,heap        ] GC(213) Tenured: 66633K->66802K(1398144K)
[360.533s][info][gc,metaspace   ] GC(213) Metaspace: 91160K(97712K)->91160K(97712K) NonClass: 79592K(83120K)->79592K(83120K) Class: 11568K(14592K)->11568K(14592K)
[360.533s][info][gc             ] GC(213) Pause Young (Allocation Failure) 618M->73M(1979M) 10.252ms
[360.533s][info][gc,cpu         ] GC(213) User=0.00s Sys=0.00s Real=0.01s
[360.968s][info][gc,start       ] GC(214) Pause Young (Allocation Failure)
[360.975s][info][gc,heap        ] GC(214) DefNew: 565913K->8835K(629120K)
[360.975s][info][gc,heap        ] GC(214) Tenured: 66802K->66920K(1398144K)
[360.975s][info][gc,metaspace   ] GC(214) Metaspace: 91160K(97712K)->91160K(97712K) NonClass: 79592K(83120K)->79592K(83120K) Class: 11568K(14592K)->11568K(14592K)
[360.975s][info][gc             ] GC(214) Pause Young (Allocation Failure) 617M->73M(1979M) 7.209ms
[360.975s][info][gc,cpu         ] GC(214) User=0.00s Sys=0.00s Real=0.01s
[362.515s][info][gc,start       ] GC(215) Pause Young (Allocation Failure)
[362.522s][info][gc,heap        ] GC(215) DefNew: 568067K->5826K(629120K)
[362.522s][info][gc,heap        ] GC(215) Tenured: 66920K->67046K(1398144K)
[362.522s][info][gc,metaspace   ] GC(215) Metaspace: 91160K(97712K)->91160K(97712K) NonClass: 79592K(83120K)->79592K(83120K) Class: 11568K(14592K)->11568K(14592K)
[362.522s][info][gc             ] GC(215) Pause Young (Allocation Failure) 620M->71M(1979M) 6.249ms
[362.522s][info][gc,cpu         ] GC(215) User=0.00s Sys=0.00s Real=0.01s
[364.158s][info][gc,start       ] GC(216) Pause Young (Allocation Failure)
[364.169s][info][gc,heap        ] GC(216) DefNew: 565058K->8856K(629120K)
[364.169s][info][gc,heap        ] GC(216) Tenured: 67046K->67193K(1398144K)
[364.169s][info][gc,metaspace   ] GC(216) Metaspace: 91162K(97712K)->91162K(97712K) NonClass: 79594K(83120K)->79594K(83120K) Class: 11568K(14592K)->11568K(14592K)
[364.169s][info][gc             ] GC(216) Pause Young (Allocation Failure) 617M->74M(1979M) 11.119ms
[364.169s][info][gc,cpu         ] GC(216) User=0.00s Sys=0.00s Real=0.01s
[364.647s][info][gc,start       ] GC(217) Pause Young (Allocation Failure)
[364.654s][info][gc,heap        ] GC(217) DefNew: 564258K->9185K(629120K)
[364.654s][info][gc,heap        ] GC(217) Tenured: 67193K->67380K(1398144K)
[364.654s][info][gc,metaspace   ] GC(217) Metaspace: 91162K(97712K)->91162K(97712K) NonClass: 79594K(83120K)->79594K(83120K) Class: 11568K(14592K)->11568K(14592K)
[364.654s][info][gc             ] GC(217) Pause Young (Allocation Failure) 616M->74M(1979M) 7.577ms
[364.654s][info][gc,cpu         ] GC(217) User=0.00s Sys=0.00s Real=0.01s
[366.209s][info][gc,start       ] GC(218) Pause Young (Allocation Failure)
[366.216s][info][gc,heap        ] GC(218) DefNew: 568417K->6063K(629120K)
[366.216s][info][gc,heap        ] GC(218) Tenured: 67380K->67499K(1398144K)
[366.216s][info][gc,metaspace   ] GC(218) Metaspace: 91162K(97712K)->91162K(97712K) NonClass: 79594K(83120K)->79594K(83120K) Class: 11568K(14592K)->11568K(14592K)
[366.216s][info][gc             ] GC(218) Pause Young (Allocation Failure) 620M->71M(1979M) 7.179ms
[366.216s][info][gc,cpu         ] GC(218) User=0.00s Sys=0.00s Real=0.01s
[368.043s][info][gc,start       ] GC(219) Pause Young (Allocation Failure)
[368.055s][info][gc,heap        ] GC(219) DefNew: 565295K->8838K(629120K)
[368.055s][info][gc,heap        ] GC(219) Tenured: 67499K->67583K(1398144K)
[368.055s][info][gc,metaspace   ] GC(219) Metaspace: 91162K(97712K)->91162K(97712K) NonClass: 79594K(83120K)->79594K(83120K) Class: 11568K(14592K)->11568K(14592K)
[368.055s][info][gc             ] GC(219) Pause Young (Allocation Failure) 617M->74M(1979M) 11.278ms
[368.055s][info][gc,cpu         ] GC(219) User=0.00s Sys=0.00s Real=0.01s
[368.738s][info][gc,start       ] GC(220) Pause Young (Allocation Failure)
[368.747s][info][gc,heap        ] GC(220) DefNew: 568070K->7960K(629120K)
[368.747s][info][gc,heap        ] GC(220) Tenured: 67583K->67776K(1398144K)
[368.747s][info][gc,metaspace   ] GC(220) Metaspace: 91162K(97712K)->91162K(97712K) NonClass: 79594K(83120K)->79594K(83120K) Class: 11568K(14592K)->11568K(14592K)
[368.747s][info][gc             ] GC(220) Pause Young (Allocation Failure) 620M->73M(1979M) 9.040ms
[368.747s][info][gc,cpu         ] GC(220) User=0.00s Sys=0.00s Real=0.01s
[368.758s][info][gc,start       ] GC(221) Pause Full (System.gc())
[368.760s][info][gc,phases,start] GC(221) Phase 1: Mark live objects
[368.813s][info][gc,phases      ] GC(221) Phase 1: Mark live objects 53.009ms
[368.813s][info][gc,phases,start] GC(221) Phase 2: Compute new object addresses
[368.825s][info][gc,phases      ] GC(221) Phase 2: Compute new object addresses 11.607ms
[368.825s][info][gc,phases,start] GC(221) Phase 3: Adjust pointers
[368.858s][info][gc,phases      ] GC(221) Phase 3: Adjust pointers 32.441ms
[368.858s][info][gc,phases,start] GC(221) Phase 4: Move objects
[368.859s][info][gc,phases      ] GC(221) Phase 4: Move objects 1.209ms
[368.859s][info][gc,heap        ] GC(221) DefNew: 19856K->0K(629120K)
[368.860s][info][gc,heap        ] GC(221) Tenured: 67776K->72378K(1398144K)
[368.860s][info][gc,metaspace   ] GC(221) Metaspace: 91162K(97712K)->91162K(97712K) NonClass: 79594K(83120K)->79594K(83120K) Class: 11568K(14592K)->11568K(14592K)
[368.860s][info][gc             ] GC(221) Pause Full (System.gc()) 85M->70M(1979M) 101.368ms
[368.860s][info][gc,cpu         ] GC(221) User=0.08s Sys=0.00s Real=0.10s
[369.397s][info][gc,start       ] GC(222) Pause Young (Allocation Failure)
[369.401s][info][gc,heap        ] GC(222) DefNew: 559035K->3061K(629120K)
[369.401s][info][gc,heap        ] GC(222) Tenured: 72378K->72378K(1398144K)
[369.401s][info][gc,metaspace   ] GC(222) Metaspace: 91162K(97712K)->91162K(97712K) NonClass: 79594K(83120K)->79594K(83120K) Class: 11568K(14592K)->11568K(14592K)
[369.401s][info][gc             ] GC(222) Pause Young (Allocation Failure) 616M->73M(1979M) 4.015ms
[369.401s][info][gc,cpu         ] GC(222) User=0.00s Sys=0.00s Real=0.00s
[371.380s][info][gc,start       ] GC(223) Pause Young (Allocation Failure)
[371.385s][info][gc,heap        ] GC(223) DefNew: 560860K->4394K(629120K)
[371.385s][info][gc,heap        ] GC(223) Tenured: 72378K->72378K(1398144K)
[371.385s][info][gc,metaspace   ] GC(223) Metaspace: 91162K(97712K)->91162K(97712K) NonClass: 79594K(83120K)->79594K(83120K) Class: 11568K(14592K)->11568K(14592K)
[371.385s][info][gc             ] GC(223) Pause Young (Allocation Failure) 618M->74M(1979M) 5.000ms
[371.385s][info][gc,cpu         ] GC(223) User=0.00s Sys=0.00s Real=0.00s
[373.358s][info][gc,start       ] GC(224) Pause Young (Allocation Failure)
[373.364s][info][gc,heap        ] GC(224) DefNew: 562909K->5014K(629120K)
[373.364s][info][gc,heap        ] GC(224) Tenured: 72378K->72378K(1398144K)
[373.364s][info][gc,metaspace   ] GC(224) Metaspace: 91165K(97712K)->91165K(97712K) NonClass: 79597K(83120K)->79597K(83120K) Class: 11568K(14592K)->11568K(14592K)
[373.364s][info][gc             ] GC(224) Pause Young (Allocation Failure) 620M->75M(1979M) 6.149ms
[373.364s][info][gc,cpu         ] GC(224) User=0.00s Sys=0.00s Real=0.01s
[375.039s][info][gc,start       ] GC(225) Pause Young (Allocation Failure)
[375.048s][info][gc,heap        ] GC(225) DefNew: 564246K->6984K(629120K)
[375.048s][info][gc,heap        ] GC(225) Tenured: 72378K->72378K(1398144K)
[375.048s][info][gc,metaspace   ] GC(225) Metaspace: 91167K(97712K)->91167K(97712K) NonClass: 79598K(83120K)->79598K(83120K) Class: 11568K(14592K)->11568K(14592K)
[375.048s][info][gc             ] GC(225) Pause Young (Allocation Failure) 621M->77M(1979M) 8.775ms
[375.048s][info][gc,cpu         ] GC(225) User=0.00s Sys=0.00s Real=0.01s
[375.523s][info][gc,start       ] GC(226) Pause Young (Allocation Failure)
[375.528s][info][gc,heap        ] GC(226) DefNew: 563245K->7435K(629120K)
[375.529s][info][gc,heap        ] GC(226) Tenured: 72378K->72378K(1398144K)
[375.529s][info][gc,metaspace   ] GC(226) Metaspace: 91168K(97712K)->91168K(97712K) NonClass: 79599K(83120K)->79599K(83120K) Class: 11568K(14592K)->11568K(14592K)
[375.529s][info][gc             ] GC(226) Pause Young (Allocation Failure) 620M->77M(1979M) 6.016ms
[375.529s][info][gc,cpu         ] GC(226) User=0.00s Sys=0.00s Real=0.01s
[376.937s][info][gc,start       ] GC(227) Pause Young (Allocation Failure)
[376.943s][info][gc,heap        ] GC(227) DefNew: 566667K->5428K(629120K)
[376.943s][info][gc,heap        ] GC(227) Tenured: 72378K->72378K(1398144K)
[376.943s][info][gc,metaspace   ] GC(227) Metaspace: 91168K(97712K)->91168K(97712K) NonClass: 79599K(83120K)->79599K(83120K) Class: 11568K(14592K)->11568K(14592K)
[376.943s][info][gc             ] GC(227) Pause Young (Allocation Failure) 624M->75M(1979M) 6.176ms
[376.943s][info][gc,cpu         ] GC(227) User=0.00s Sys=0.00s Real=0.01s
[378.955s][info][gc,start       ] GC(228) Pause Young (Allocation Failure)
[378.960s][info][gc,heap        ] GC(228) DefNew: 564660K->5346K(629120K)
[378.960s][info][gc,heap        ] GC(228) Tenured: 72378K->72378K(1398144K)
[378.960s][info][gc,metaspace   ] GC(228) Metaspace: 91168K(97712K)->91168K(97712K) NonClass: 79599K(83120K)->79599K(83120K) Class: 11568K(14592K)->11568K(14592K)
[378.960s][info][gc             ] GC(228) Pause Young (Allocation Failure) 622M->75M(1979M) 5.076ms
[378.960s][info][gc,cpu         ] GC(228) User=0.00s Sys=0.00s Real=0.00s
[381.528s][info][gc,start       ] GC(229) Pause Young (Allocation Failure)
[381.535s][info][gc,heap        ] GC(229) DefNew: 564304K->8296K(629120K)
[381.535s][info][gc,heap        ] GC(229) Tenured: 72378K->72378K(1398144K)
[381.535s][info][gc,metaspace   ] GC(229) Metaspace: 91168K(97712K)->91168K(97712K) NonClass: 79599K(83120K)->79599K(83120K) Class: 11568K(14592K)->11568K(14592K)
[381.535s][info][gc             ] GC(229) Pause Young (Allocation Failure) 621M->78M(1979M) 6.816ms
[381.535s][info][gc,cpu         ] GC(229) User=0.00s Sys=0.00s Real=0.01s
[382.143s][info][gc,start       ] GC(230) Pause Young (Allocation Failure)
[382.152s][info][gc,heap        ] GC(230) DefNew: 563496K->20695K(629120K)
[382.152s][info][gc,heap        ] GC(230) Tenured: 72378K->72378K(1398144K)
[382.152s][info][gc,metaspace   ] GC(230) Metaspace: 91170K(97712K)->91170K(97712K) NonClass: 79602K(83120K)->79602K(83120K) Class: 11568K(14592K)->11568K(14592K)
[382.152s][info][gc             ] GC(230) Pause Young (Allocation Failure) 620M->90M(1979M) 9.223ms
[382.152s][info][gc,cpu         ] GC(230) User=0.00s Sys=0.00s Real=0.01s
[382.872s][info][gc,start       ] GC(231) Pause Young (Allocation Failure)
[382.878s][info][gc,heap        ] GC(231) DefNew: 579927K->5113K(629120K)
[382.878s][info][gc,heap        ] GC(231) Tenured: 72378K->72378K(1398144K)
[382.878s][info][gc,metaspace   ] GC(231) Metaspace: 91172K(97712K)->91172K(97712K) NonClass: 79603K(83120K)->79603K(83120K) Class: 11568K(14592K)->11568K(14592K)
[382.878s][info][gc             ] GC(231) Pause Young (Allocation Failure) 637M->75M(1979M) 5.517ms
[382.878s][info][gc,cpu         ] GC(231) User=0.00s Sys=0.00s Real=0.00s
[385.293s][info][gc,start       ] GC(232) Pause Young (Allocation Failure)
[385.300s][info][gc,heap        ] GC(232) DefNew: 563647K->6673K(629120K)
[385.300s][info][gc,heap        ] GC(232) Tenured: 72378K->72378K(1398144K)
[385.300s][info][gc,metaspace   ] GC(232) Metaspace: 91172K(97712K)->91172K(97712K) NonClass: 79603K(83120K)->79603K(83120K) Class: 11568K(14592K)->11568K(14592K)
[385.300s][info][gc             ] GC(232) Pause Young (Allocation Failure) 621M->77M(1979M) 7.101ms
[385.300s][info][gc,cpu         ] GC(232) User=0.00s Sys=0.00s Real=0.01s
[387.204s][info][gc,start       ] GC(233) Pause Young (GCLocker Initiated GC)
[387.213s][info][gc,heap        ] GC(233) DefNew: 566001K->10179K(629120K)
[387.213s][info][gc,heap        ] GC(233) Tenured: 72378K->72378K(1398144K)
[387.213s][info][gc,metaspace   ] GC(233) Metaspace: 91172K(97712K)->91172K(97712K) NonClass: 79603K(83120K)->79603K(83120K) Class: 11568K(14592K)->11568K(14592K)
[387.213s][info][gc             ] GC(233) Pause Young (GCLocker Initiated GC) 623M->80M(1979M) 8.504ms
[387.213s][info][gc,cpu         ] GC(233) User=0.00s Sys=0.00s Real=0.01s
[388.561s][info][gc,start       ] GC(234) Pause Young (Allocation Failure)
[388.578s][info][gc,heap        ] GC(234) DefNew: 569411K->11405K(629120K)
[388.578s][info][gc,heap        ] GC(234) Tenured: 72378K->72378K(1398144K)
[388.578s][info][gc,metaspace   ] GC(234) Metaspace: 91172K(97712K)->91172K(97712K) NonClass: 79603K(83120K)->79603K(83120K) Class: 11568K(14592K)->11568K(14592K)
[388.578s][info][gc             ] GC(234) Pause Young (Allocation Failure) 626M->81M(1979M) 16.765ms
[388.578s][info][gc,cpu         ] GC(234) User=0.00s Sys=0.00s Real=0.02s
[389.000s][info][gc,start       ] GC(235) Pause Young (Allocation Failure)
[389.007s][info][gc,heap        ] GC(235) DefNew: 570637K->11187K(629120K)
[389.007s][info][gc,heap        ] GC(235) Tenured: 72378K->72378K(1398144K)
[389.007s][info][gc,metaspace   ] GC(235) Metaspace: 91172K(97712K)->91172K(97712K) NonClass: 79604K(83120K)->79604K(83120K) Class: 11568K(14592K)->11568K(14592K)
[389.007s][info][gc             ] GC(235) Pause Young (Allocation Failure) 627M->81M(1979M) 7.479ms
[389.007s][info][gc,cpu         ] GC(235) User=0.00s Sys=0.00s Real=0.01s
[391.071s][info][gc,start       ] GC(236) Pause Young (Allocation Failure)
[391.077s][info][gc,heap        ] GC(236) DefNew: 566957K->6377K(629120K)
[391.077s][info][gc,heap        ] GC(236) Tenured: 72378K->72378K(1398144K)
[391.077s][info][gc,metaspace   ] GC(236) Metaspace: 91172K(97712K)->91172K(97712K) NonClass: 79604K(83120K)->79604K(83120K) Class: 11568K(14592K)->11568K(14592K)
[391.077s][info][gc             ] GC(236) Pause Young (Allocation Failure) 624M->76M(1979M) 6.378ms
[391.078s][info][gc,cpu         ] GC(236) User=0.00s Sys=0.00s Real=0.01s
[393.018s][info][gc,start       ] GC(237) Pause Young (Allocation Failure)
[393.026s][info][gc,heap        ] GC(237) DefNew: 565608K->7012K(629120K)
[393.026s][info][gc,heap        ] GC(237) Tenured: 72378K->72848K(1398144K)
[393.026s][info][gc,metaspace   ] GC(237) Metaspace: 91172K(97712K)->91172K(97712K) NonClass: 79604K(83120K)->79604K(83120K) Class: 11568K(14592K)->11568K(14592K)
[393.026s][info][gc             ] GC(237) Pause Young (Allocation Failure) 623M->77M(1979M) 7.642ms
[393.026s][info][gc,cpu         ] GC(237) User=0.00s Sys=0.00s Real=0.01s
[394.906s][info][gc,start       ] GC(238) Pause Young (Allocation Failure)
[394.917s][info][gc,heap        ] GC(238) DefNew: 566244K->8196K(629120K)
[394.917s][info][gc,heap        ] GC(238) Tenured: 72848K->73039K(1398144K)
[394.917s][info][gc,metaspace   ] GC(238) Metaspace: 91172K(97712K)->91172K(97712K) NonClass: 79604K(83120K)->79604K(83120K) Class: 11568K(14592K)->11568K(14592K)
[394.917s][info][gc             ] GC(238) Pause Young (Allocation Failure) 624M->79M(1979M) 11.137ms
[394.917s][info][gc,cpu         ] GC(238) User=0.02s Sys=0.00s Real=0.01s
[395.540s][info][gc,start       ] GC(239) Pause Young (Allocation Failure)
[395.547s][info][gc,heap        ] GC(239) DefNew: 566591K->12630K(629120K)
[395.547s][info][gc,heap        ] GC(239) Tenured: 73039K->73240K(1398144K)
[395.547s][info][gc,metaspace   ] GC(239) Metaspace: 91172K(97712K)->91172K(97712K) NonClass: 79604K(83120K)->79604K(83120K) Class: 11568K(14592K)->11568K(14592K)
[395.547s][info][gc             ] GC(239) Pause Young (Allocation Failure) 624M->83M(1979M) 7.556ms
[395.547s][info][gc,cpu         ] GC(239) User=0.00s Sys=0.00s Real=0.01s
[396.840s][info][gc,start       ] GC(240) Pause Young (Allocation Failure)
[396.847s][info][gc,heap        ] GC(240) DefNew: 571862K->6082K(629120K)
[396.847s][info][gc,heap        ] GC(240) Tenured: 73240K->73390K(1398144K)
[396.847s][info][gc,metaspace   ] GC(240) Metaspace: 91172K(97712K)->91172K(97712K) NonClass: 79604K(83120K)->79604K(83120K) Class: 11568K(14592K)->11568K(14592K)
[396.847s][info][gc             ] GC(240) Pause Young (Allocation Failure) 629M->77M(1979M) 7.186ms
[396.847s][info][gc,cpu         ] GC(240) User=0.00s Sys=0.00s Real=0.01s
[398.729s][info][gc,start       ] GC(241) Pause Young (Allocation Failure)
[398.738s][info][gc,heap        ] GC(241) DefNew: 565314K->10401K(629120K)
[398.738s][info][gc,heap        ] GC(241) Tenured: 73390K->73458K(1398144K)
[398.738s][info][gc,metaspace   ] GC(241) Metaspace: 91172K(97712K)->91172K(97712K) NonClass: 79604K(83120K)->79604K(83120K) Class: 11568K(14592K)->11568K(14592K)
[398.738s][info][gc             ] GC(241) Pause Young (Allocation Failure) 623M->81M(1979M) 9.885ms
[398.738s][info][gc,cpu         ] GC(241) User=0.00s Sys=0.00s Real=0.01s
[399.331s][info][gc,start       ] GC(242) Pause Young (Allocation Failure)
[399.341s][info][gc,heap        ] GC(242) DefNew: 567444K->25811K(629120K)
[399.341s][info][gc,heap        ] GC(242) Tenured: 73458K->73638K(1398144K)
[399.341s][info][gc,metaspace   ] GC(242) Metaspace: 91172K(97712K)->91172K(97712K) NonClass: 79604K(83120K)->79604K(83120K) Class: 11568K(14592K)->11568K(14592K)
[399.341s][info][gc             ] GC(242) Pause Young (Allocation Failure) 625M->97M(1979M) 9.440ms
[399.341s][info][gc,cpu         ] GC(242) User=0.00s Sys=0.00s Real=0.01s
[400.785s][info][gc,start       ] GC(243) Pause Young (Allocation Failure)
[400.793s][info][gc,heap        ] GC(243) DefNew: 585034K->6491K(629120K)
[400.793s][info][gc,heap        ] GC(243) Tenured: 73638K->73776K(1398144K)
[400.793s][info][gc,metaspace   ] GC(243) Metaspace: 91176K(97712K)->91176K(97712K) NonClass: 79608K(83120K)->79608K(83120K) Class: 11568K(14592K)->11568K(14592K)
[400.793s][info][gc             ] GC(243) Pause Young (Allocation Failure) 643M->78M(1979M) 8.200ms
[400.793s][info][gc,cpu         ] GC(243) User=0.00s Sys=0.00s Real=0.01s
[402.703s][info][gc,start       ] GC(244) Pause Young (Allocation Failure)
[402.711s][info][gc,heap        ] GC(244) DefNew: 563873K->7438K(629120K)
[402.711s][info][gc,heap        ] GC(244) Tenured: 73776K->73941K(1398144K)
[402.711s][info][gc,metaspace   ] GC(244) Metaspace: 91177K(97712K)->91177K(97712K) NonClass: 79608K(83120K)->79608K(83120K) Class: 11568K(14592K)->11568K(14592K)
[402.711s][info][gc             ] GC(244) Pause Young (Allocation Failure) 622M->79M(1979M) 8.017ms
[402.712s][info][gc,cpu         ] GC(244) User=0.00s Sys=0.00s Real=0.01s
[403.163s][info][gc,start       ] GC(245) Pause Young (Allocation Failure)
[403.171s][info][gc,heap        ] GC(245) DefNew: 562733K->12753K(629120K)
[403.171s][info][gc,heap        ] GC(245) Tenured: 73941K->74066K(1398144K)
[403.171s][info][gc,metaspace   ] GC(245) Metaspace: 91177K(97712K)->91177K(97712K) NonClass: 79608K(83120K)->79608K(83120K) Class: 11568K(14592K)->11568K(14592K)
[403.171s][info][gc             ] GC(245) Pause Young (Allocation Failure) 621M->84M(1979M) 8.065ms
[403.171s][info][gc,cpu         ] GC(245) User=0.00s Sys=0.00s Real=0.01s
[404.624s][info][gc,start       ] GC(246) Pause Young (Allocation Failure)
[404.630s][info][gc,heap        ] GC(246) DefNew: 569350K->5675K(629120K)
[404.630s][info][gc,heap        ] GC(246) Tenured: 74066K->74175K(1398144K)
[404.630s][info][gc,metaspace   ] GC(246) Metaspace: 91178K(97712K)->91178K(97712K) NonClass: 79609K(83120K)->79609K(83120K) Class: 11568K(14592K)->11568K(14592K)
[404.630s][info][gc             ] GC(246) Pause Young (Allocation Failure) 628M->77M(1979M) 6.046ms
[404.630s][info][gc,cpu         ] GC(246) User=0.00s Sys=0.00s Real=0.01s
[406.380s][info][gc,start       ] GC(247) Pause Young (Allocation Failure)
[406.388s][info][gc,heap        ] GC(247) DefNew: 564636K->7702K(629120K)
[406.388s][info][gc,heap        ] GC(247) Tenured: 74175K->74335K(1398144K)
[406.388s][info][gc,metaspace   ] GC(247) Metaspace: 91178K(97712K)->91178K(97712K) NonClass: 79609K(83120K)->79609K(83120K) Class: 11568K(14592K)->11568K(14592K)
[406.388s][info][gc             ] GC(247) Pause Young (Allocation Failure) 623M->80M(1979M) 8.351ms
[406.388s][info][gc,cpu         ] GC(247) User=0.00s Sys=0.00s Real=0.01s
[406.890s][info][gc,start       ] GC(248) Pause Young (Allocation Failure)
[406.897s][info][gc,heap        ] GC(248) DefNew: 564670K->12953K(629120K)
[406.897s][info][gc,heap        ] GC(248) Tenured: 74335K->74526K(1398144K)
[406.897s][info][gc,metaspace   ] GC(248) Metaspace: 91186K(97712K)->91186K(97712K) NonClass: 79618K(83120K)->79618K(83120K) Class: 11568K(14592K)->11568K(14592K)
[406.897s][info][gc             ] GC(248) Pause Young (Allocation Failure) 624M->85M(1979M) 7.702ms
[406.897s][info][gc,cpu         ] GC(248) User=0.00s Sys=0.00s Real=0.01s
[408.332s][info][gc,start       ] GC(249) Pause Young (Allocation Failure)
[408.339s][info][gc,heap        ] GC(249) DefNew: 572185K->6028K(629120K)
[408.339s][info][gc,heap        ] GC(249) Tenured: 74526K->74647K(1398144K)
[408.339s][info][gc,metaspace   ] GC(249) Metaspace: 91186K(97712K)->91186K(97712K) NonClass: 79618K(83120K)->79618K(83120K) Class: 11568K(14592K)->11568K(14592K)
[408.339s][info][gc             ] GC(249) Pause Young (Allocation Failure) 631M->78M(1979M) 7.113ms
[408.339s][info][gc,cpu         ] GC(249) User=0.00s Sys=0.00s Real=0.01s
[410.288s][info][gc,start       ] GC(250) Pause Young (Allocation Failure)
[410.296s][info][gc,heap        ] GC(250) DefNew: 565260K->8046K(629120K)
[410.296s][info][gc,heap        ] GC(250) Tenured: 74647K->74728K(1398144K)
[410.296s][info][gc,metaspace   ] GC(250) Metaspace: 91189K(97712K)->91189K(97712K) NonClass: 79620K(83120K)->79620K(83120K) Class: 11568K(14592K)->11568K(14592K)
[410.296s][info][gc             ] GC(250) Pause Young (Allocation Failure) 624M->80M(1979M) 8.647ms
[410.296s][info][gc,cpu         ] GC(250) User=0.00s Sys=0.00s Real=0.01s
[410.987s][info][gc,start       ] GC(251) Pause Young (Allocation Failure)
[410.997s][info][gc,heap        ] GC(251) DefNew: 567278K->7635K(629120K)
[410.997s][info][gc,heap        ] GC(251) Tenured: 74728K->74919K(1398144K)
[410.997s][info][gc,metaspace   ] GC(251) Metaspace: 91189K(97712K)->91189K(97712K) NonClass: 79621K(83120K)->79621K(83120K) Class: 11568K(14592K)->11568K(14592K)
[410.997s][info][gc             ] GC(251) Pause Young (Allocation Failure) 626M->80M(1979M) 9.598ms
[410.997s][info][gc,cpu         ] GC(251) User=0.00s Sys=0.00s Real=0.01s
[411.033s][info][gc,start       ] GC(252) Pause Full (System.gc())
[411.035s][info][gc,phases,start] GC(252) Phase 1: Mark live objects
[411.087s][info][gc,phases      ] GC(252) Phase 1: Mark live objects 52.375ms
[411.087s][info][gc,phases,start] GC(252) Phase 2: Compute new object addresses
[411.104s][info][gc,phases      ] GC(252) Phase 2: Compute new object addresses 16.093ms
[411.104s][info][gc,phases,start] GC(252) Phase 3: Adjust pointers
[411.136s][info][gc,phases      ] GC(252) Phase 3: Adjust pointers 32.534ms
[411.136s][info][gc,phases,start] GC(252) Phase 4: Move objects
[411.143s][info][gc,phases      ] GC(252) Phase 4: Move objects 6.987ms
[411.144s][info][gc,heap        ] GC(252) DefNew: 52551K->0K(629120K)
[411.144s][info][gc,heap        ] GC(252) Tenured: 74919K->54223K(1398144K)
[411.144s][info][gc,metaspace   ] GC(252) Metaspace: 91189K(97712K)->91189K(97712K) NonClass: 79621K(83120K)->79621K(83120K) Class: 11568K(14592K)->11568K(14592K)
[411.144s][info][gc             ] GC(252) Pause Full (System.gc()) 124M->52M(1979M) 111.201ms
[411.144s][info][gc,cpu         ] GC(252) User=0.16s Sys=0.00s Real=0.11s
[411.630s][info][gc,start       ] GC(253) Pause Young (Allocation Failure)
[411.634s][info][gc,heap        ] GC(253) DefNew: 558119K->3055K(629120K)
[411.634s][info][gc,heap        ] GC(253) Tenured: 54223K->54223K(1398144K)
[411.634s][info][gc,metaspace   ] GC(253) Metaspace: 91189K(97712K)->91189K(97712K) NonClass: 79621K(83120K)->79621K(83120K) Class: 11568K(14592K)->11568K(14592K)
[411.634s][info][gc             ] GC(253) Pause Young (Allocation Failure) 597M->55M(1979M) 3.925ms
[411.634s][info][gc,cpu         ] GC(253) User=0.00s Sys=0.00s Real=0.00s
[413.631s][info][gc,start       ] GC(254) Pause Young (Allocation Failure)
[413.635s][info][gc,heap        ] GC(254) DefNew: 561573K->4420K(629120K)
[413.635s][info][gc,heap        ] GC(254) Tenured: 54223K->54223K(1398144K)
[413.635s][info][gc,metaspace   ] GC(254) Metaspace: 91189K(97712K)->91189K(97712K) NonClass: 79621K(83120K)->79621K(83120K) Class: 11568K(14592K)->11568K(14592K)
[413.635s][info][gc             ] GC(254) Pause Young (Allocation Failure) 601M->57M(1979M) 4.687ms
[413.635s][info][gc,cpu         ] GC(254) User=0.00s Sys=0.00s Real=0.01s
[415.607s][info][gc,start       ] GC(255) Pause Young (Allocation Failure)
[415.613s][info][gc,heap        ] GC(255) DefNew: 562718K->4953K(629120K)
[415.613s][info][gc,heap        ] GC(255) Tenured: 54223K->54223K(1398144K)
[415.613s][info][gc,metaspace   ] GC(255) Metaspace: 91189K(97712K)->91189K(97712K) NonClass: 79621K(83120K)->79621K(83120K) Class: 11568K(14592K)->11568K(14592K)
[415.613s][info][gc             ] GC(255) Pause Young (Allocation Failure) 602M->57M(1979M) 5.292ms
[415.613s][info][gc,cpu         ] GC(255) User=0.00s Sys=0.00s Real=0.01s
[417.376s][info][gc,start       ] GC(256) Pause Young (Allocation Failure)
[417.386s][info][gc,heap        ] GC(256) DefNew: 564185K->7348K(629120K)
[417.386s][info][gc,heap        ] GC(256) Tenured: 54223K->54223K(1398144K)
[417.386s][info][gc,metaspace   ] GC(256) Metaspace: 91189K(97712K)->91189K(97712K) NonClass: 79621K(83120K)->79621K(83120K) Class: 11568K(14592K)->11568K(14592K)
[417.386s][info][gc             ] GC(256) Pause Young (Allocation Failure) 603M->60M(1979M) 9.874ms
[417.386s][info][gc,cpu         ] GC(256) User=0.00s Sys=0.00s Real=0.01s
[417.860s][info][gc,start       ] GC(257) Pause Young (Allocation Failure)
[417.866s][info][gc,heap        ] GC(257) DefNew: 564739K->7886K(629120K)
[417.866s][info][gc,heap        ] GC(257) Tenured: 54223K->54223K(1398144K)
[417.866s][info][gc,metaspace   ] GC(257) Metaspace: 91189K(97712K)->91189K(97712K) NonClass: 79621K(83120K)->79621K(83120K) Class: 11568K(14592K)->11568K(14592K)
[417.866s][info][gc             ] GC(257) Pause Young (Allocation Failure) 604M->60M(1979M) 6.727ms
[417.866s][info][gc,cpu         ] GC(257) User=0.02s Sys=0.00s Real=0.01s
[419.372s][info][gc,start       ] GC(258) Pause Young (GCLocker Initiated GC)
[419.378s][info][gc,heap        ] GC(258) DefNew: 567175K->6354K(629120K)
[419.378s][info][gc,heap        ] GC(258) Tenured: 54223K->54223K(1398144K)
[419.378s][info][gc,metaspace   ] GC(258) Metaspace: 91189K(97712K)->91189K(97712K) NonClass: 79621K(83120K)->79621K(83120K) Class: 11568K(14592K)->11568K(14592K)
[419.378s][info][gc             ] GC(258) Pause Young (GCLocker Initiated GC) 606M->59M(1979M) 6.158ms
[419.378s][info][gc,cpu         ] GC(258) User=0.00s Sys=0.00s Real=0.01s
[421.345s][info][gc,start       ] GC(259) Pause Young (Allocation Failure)
[421.350s][info][gc,heap        ] GC(259) DefNew: 565586K->5267K(629120K)
[421.351s][info][gc,heap        ] GC(259) Tenured: 54223K->54223K(1398144K)
[421.351s][info][gc,metaspace   ] GC(259) Metaspace: 91189K(97712K)->91189K(97712K) NonClass: 79621K(83120K)->79621K(83120K) Class: 11568K(14592K)->11568K(14592K)
[421.351s][info][gc             ] GC(259) Pause Young (Allocation Failure) 605M->58M(1979M) 5.442ms
[421.351s][info][gc,cpu         ] GC(259) User=0.00s Sys=0.00s Real=0.01s
[423.916s][info][gc,start       ] GC(260) Pause Young (Allocation Failure)
[423.922s][info][gc,heap        ] GC(260) DefNew: 564418K->5885K(629120K)
[423.922s][info][gc,heap        ] GC(260) Tenured: 54223K->54223K(1398144K)
[423.922s][info][gc,metaspace   ] GC(260) Metaspace: 91189K(97712K)->91189K(97712K) NonClass: 79621K(83120K)->79621K(83120K) Class: 11568K(14592K)->11568K(14592K)
[423.922s][info][gc             ] GC(260) Pause Young (Allocation Failure) 604M->58M(1979M) 5.948ms
[423.922s][info][gc,cpu         ] GC(260) User=0.00s Sys=0.00s Real=0.01s
[424.525s][info][gc,start       ] GC(261) Pause Young (Allocation Failure)
[424.532s][info][gc,heap        ] GC(261) DefNew: 564988K->12451K(629120K)
[424.532s][info][gc,heap        ] GC(261) Tenured: 54223K->54223K(1398144K)
[424.532s][info][gc,metaspace   ] GC(261) Metaspace: 91189K(97712K)->91189K(97712K) NonClass: 79621K(83120K)->79621K(83120K) Class: 11568K(14592K)->11568K(14592K)
[424.532s][info][gc             ] GC(261) Pause Young (Allocation Failure) 604M->65M(1979M) 7.608ms
[424.532s][info][gc,cpu         ] GC(261) User=0.00s Sys=0.00s Real=0.01s
[425.252s][info][gc,start       ] GC(262) Pause Young (Allocation Failure)
[425.258s][info][gc,heap        ] GC(262) DefNew: 571683K->5207K(629120K)
[425.258s][info][gc,heap        ] GC(262) Tenured: 54223K->54223K(1398144K)
[425.258s][info][gc,metaspace   ] GC(262) Metaspace: 91189K(97712K)->91189K(97712K) NonClass: 79621K(83120K)->79621K(83120K) Class: 11568K(14592K)->11568K(14592K)
[425.258s][info][gc             ] GC(262) Pause Young (Allocation Failure) 611M->58M(1979M) 5.427ms
[425.258s][info][gc,cpu         ] GC(262) User=0.00s Sys=0.00s Real=0.01s
[427.657s][info][gc,start       ] GC(263) Pause Young (Allocation Failure)
[427.665s][info][gc,heap        ] GC(263) DefNew: 564439K->6877K(629120K)
[427.665s][info][gc,heap        ] GC(263) Tenured: 54223K->54223K(1398144K)
[427.665s][info][gc,metaspace   ] GC(263) Metaspace: 91189K(97712K)->91189K(97712K) NonClass: 79621K(83120K)->79621K(83120K) Class: 11568K(14592K)->11568K(14592K)
[427.665s][info][gc             ] GC(263) Pause Young (Allocation Failure) 604M->59M(1979M) 7.517ms
[427.665s][info][gc,cpu         ] GC(263) User=0.00s Sys=0.00s Real=0.01s
[429.649s][info][gc,start       ] GC(264) Pause Young (Allocation Failure)
[429.655s][info][gc,heap        ] GC(264) DefNew: 563151K->6274K(629120K)
[429.655s][info][gc,heap        ] GC(264) Tenured: 54223K->54223K(1398144K)
[429.655s][info][gc,metaspace   ] GC(264) Metaspace: 91189K(97712K)->91189K(97712K) NonClass: 79621K(83120K)->79621K(83120K) Class: 11568K(14592K)->11568K(14592K)
[429.656s][info][gc             ] GC(264) Pause Young (Allocation Failure) 602M->59M(1979M) 6.239ms
[429.656s][info][gc,cpu         ] GC(264) User=0.00s Sys=0.00s Real=0.01s
[430.932s][info][gc,start       ] GC(265) Pause Young (GCLocker Initiated GC)
[430.951s][info][gc,heap        ] GC(265) DefNew: 565507K->11748K(629120K)
[430.951s][info][gc,heap        ] GC(265) Tenured: 54223K->54223K(1398144K)
[430.951s][info][gc,metaspace   ] GC(265) Metaspace: 91191K(97712K)->91191K(97712K) NonClass: 79622K(83120K)->79622K(83120K) Class: 11568K(14592K)->11568K(14592K)
[430.951s][info][gc             ] GC(265) Pause Young (GCLocker Initiated GC) 605M->64M(1979M) 18.977ms
[430.951s][info][gc,cpu         ] GC(265) User=0.00s Sys=0.00s Real=0.02s
[431.500s][info][gc,start       ] GC(266) Pause Young (Allocation Failure)
[431.507s][info][gc,heap        ] GC(266) DefNew: 570558K->8524K(629120K)
[431.507s][info][gc,heap        ] GC(266) Tenured: 54223K->54223K(1398144K)
[431.507s][info][gc,metaspace   ] GC(266) Metaspace: 91191K(97712K)->91191K(97712K) NonClass: 79622K(83120K)->79622K(83120K) Class: 11568K(14592K)->11568K(14592K)
[431.507s][info][gc             ] GC(266) Pause Young (Allocation Failure) 610M->61M(1979M) 6.353ms
[431.507s][info][gc,cpu         ] GC(266) User=0.00s Sys=0.00s Real=0.01s
[433.481s][info][gc,start       ] GC(267) Pause Young (Allocation Failure)
[433.488s][info][gc,heap        ] GC(267) DefNew: 567756K->7029K(629120K)
[433.488s][info][gc,heap        ] GC(267) Tenured: 54223K->54223K(1398144K)
[433.488s][info][gc,metaspace   ] GC(267) Metaspace: 91191K(97712K)->91191K(97712K) NonClass: 79622K(83120K)->79622K(83120K) Class: 11568K(14592K)->11568K(14592K)
[433.488s][info][gc             ] GC(267) Pause Young (Allocation Failure) 607M->59M(1979M) 7.316ms
[433.488s][info][gc,cpu         ] GC(267) User=0.00s Sys=0.00s Real=0.01s
[435.508s][info][gc,start       ] GC(268) Pause Young (Allocation Failure)
[435.515s][info][gc,heap        ] GC(268) DefNew: 565827K->6359K(629120K)
[435.515s][info][gc,heap        ] GC(268) Tenured: 54223K->54684K(1398144K)
[435.515s][info][gc,metaspace   ] GC(268) Metaspace: 91191K(97712K)->91191K(97712K) NonClass: 79622K(83120K)->79622K(83120K) Class: 11568K(14592K)->11568K(14592K)
[435.515s][info][gc             ] GC(268) Pause Young (Allocation Failure) 605M->59M(1979M) 6.771ms
[435.515s][info][gc,cpu         ] GC(268) User=0.00s Sys=0.00s Real=0.01s
[437.295s][info][gc,start       ] GC(269) Pause Young (Allocation Failure)
[437.305s][info][gc,heap        ] GC(269) DefNew: 565591K->8673K(629120K)
[437.305s][info][gc,heap        ] GC(269) Tenured: 54684K->54896K(1398144K)
[437.305s][info][gc,metaspace   ] GC(269) Metaspace: 91191K(97712K)->91191K(97712K) NonClass: 79622K(83120K)->79622K(83120K) Class: 11568K(14592K)->11568K(14592K)
[437.305s][info][gc             ] GC(269) Pause Young (Allocation Failure) 605M->62M(1979M) 10.098ms
[437.305s][info][gc,cpu         ] GC(269) User=0.00s Sys=0.00s Real=0.01s
[437.895s][info][gc,start       ] GC(270) Pause Young (Allocation Failure)
[437.903s][info][gc,heap        ] GC(270) DefNew: 567905K->21512K(629120K)
[437.903s][info][gc,heap        ] GC(270) Tenured: 54896K->55081K(1398144K)
[437.903s][info][gc,metaspace   ] GC(270) Metaspace: 91191K(97712K)->91191K(97712K) NonClass: 79622K(83120K)->79622K(83120K) Class: 11568K(14592K)->11568K(14592K)
[437.903s][info][gc             ] GC(270) Pause Young (Allocation Failure) 608M->74M(1979M) 8.341ms
[437.903s][info][gc,cpu         ] GC(270) User=0.00s Sys=0.00s Real=0.01s
[439.232s][info][gc,start       ] GC(271) Pause Young (GCLocker Initiated GC)
[439.240s][info][gc,heap        ] GC(271) DefNew: 580750K->9472K(629120K)
[439.240s][info][gc,heap        ] GC(271) Tenured: 55081K->55228K(1398144K)
[439.240s][info][gc,metaspace   ] GC(271) Metaspace: 91191K(97712K)->91191K(97712K) NonClass: 79622K(83120K)->79622K(83120K) Class: 11568K(14592K)->11568K(14592K)
[439.240s][info][gc             ] GC(271) Pause Young (GCLocker Initiated GC) 620M->63M(1979M) 8.367ms
[439.240s][info][gc,cpu         ] GC(271) User=0.00s Sys=0.00s Real=0.01s
[441.145s][info][gc,start       ] GC(272) Pause Young (Allocation Failure)
[441.153s][info][gc,heap        ] GC(272) DefNew: 568141K->7853K(629120K)
[441.153s][info][gc,heap        ] GC(272) Tenured: 55228K->55293K(1398144K)
[441.153s][info][gc,metaspace   ] GC(272) Metaspace: 91191K(97712K)->91191K(97712K) NonClass: 79622K(83120K)->79622K(83120K) Class: 11568K(14592K)->11568K(14592K)
[441.153s][info][gc             ] GC(272) Pause Young (Allocation Failure) 608M->61M(1979M) 8.682ms
[441.153s][info][gc,cpu         ] GC(272) User=0.02s Sys=0.00s Real=0.01s
[441.688s][info][gc,start       ] GC(273) Pause Young (Allocation Failure)
[441.696s][info][gc,heap        ] GC(273) DefNew: 565262K->21960K(629120K)
[441.696s][info][gc,heap        ] GC(273) Tenured: 55293K->55471K(1398144K)
[441.696s][info][gc,metaspace   ] GC(273) Metaspace: 91191K(97712K)->91191K(97712K) NonClass: 79622K(83120K)->79622K(83120K) Class: 11568K(14592K)->11568K(14592K)
[441.696s][info][gc             ] GC(273) Pause Young (Allocation Failure) 606M->75M(1979M) 8.531ms
[441.696s][info][gc,cpu         ] GC(273) User=0.00s Sys=0.00s Real=0.01s
[443.168s][info][gc,start       ] GC(274) Pause Young (Allocation Failure)
[443.174s][info][gc,heap        ] GC(274) DefNew: 579016K->5552K(629120K)
[443.174s][info][gc,heap        ] GC(274) Tenured: 55471K->55613K(1398144K)
[443.174s][info][gc,metaspace   ] GC(274) Metaspace: 91191K(97712K)->91191K(97712K) NonClass: 79622K(83120K)->79622K(83120K) Class: 11568K(14592K)->11568K(14592K)
[443.174s][info][gc             ] GC(274) Pause Young (Allocation Failure) 619M->59M(1979M) 6.133ms
[443.174s][info][gc,cpu         ] GC(274) User=0.00s Sys=0.00s Real=0.01s
[445.001s][info][gc,start       ] GC(275) Pause Young (Allocation Failure)
[445.010s][info][gc,heap        ] GC(275) DefNew: 564784K->7885K(629120K)
[445.010s][info][gc,heap        ] GC(275) Tenured: 55613K->55778K(1398144K)
[445.010s][info][gc,metaspace   ] GC(275) Metaspace: 91191K(97712K)->91191K(97712K) NonClass: 79622K(83120K)->79622K(83120K) Class: 11568K(14592K)->11568K(14592K)
[445.010s][info][gc             ] GC(275) Pause Young (Allocation Failure) 605M->62M(1979M) 8.527ms
[445.010s][info][gc,cpu         ] GC(275) User=0.00s Sys=0.00s Real=0.01s
[445.462s][info][gc,start       ] GC(276) Pause Young (Allocation Failure)
[445.469s][info][gc,heap        ] GC(276) DefNew: 566824K->8353K(629120K)
[445.469s][info][gc,heap        ] GC(276) Tenured: 55778K->55897K(1398144K)
[445.469s][info][gc,metaspace   ] GC(276) Metaspace: 91191K(97712K)->91191K(97712K) NonClass: 79622K(83120K)->79622K(83120K) Class: 11568K(14592K)->11568K(14592K)
[445.469s][info][gc             ] GC(276) Pause Young (Allocation Failure) 608M->62M(1979M) 7.341ms
[445.469s][info][gc,cpu         ] GC(276) User=0.00s Sys=0.00s Real=0.01s
[446.911s][info][gc,start       ] GC(277) Pause Young (GCLocker Initiated GC)
[446.919s][info][gc,heap        ] GC(277) DefNew: 567585K->7993K(629120K)
[446.919s][info][gc,heap        ] GC(277) Tenured: 55897K->56031K(1398144K)
[446.919s][info][gc,metaspace   ] GC(277) Metaspace: 91191K(97712K)->91191K(97712K) NonClass: 79622K(83120K)->79622K(83120K) Class: 11568K(14592K)->11568K(14592K)
[446.919s][info][gc             ] GC(277) Pause Young (GCLocker Initiated GC) 608M->62M(1979M) 7.677ms
[446.919s][info][gc,cpu         ] GC(277) User=0.00s Sys=0.00s Real=0.01s
[448.680s][info][gc,start       ] GC(278) Pause Young (Allocation Failure)
[448.689s][info][gc,heap        ] GC(278) DefNew: 567225K->8490K(629120K)
[448.689s][info][gc,heap        ] GC(278) Tenured: 56031K->56170K(1398144K)
[448.689s][info][gc,metaspace   ] GC(278) Metaspace: 91191K(97712K)->91191K(97712K) NonClass: 79622K(83120K)->79622K(83120K) Class: 11568K(14592K)->11568K(14592K)
[448.689s][info][gc             ] GC(278) Pause Young (Allocation Failure) 608M->63M(1979M) 8.924ms
[448.689s][info][gc,cpu         ] GC(278) User=0.00s Sys=0.00s Real=0.01s
[449.163s][info][gc,start       ] GC(279) Pause Young (Allocation Failure)
[449.170s][info][gc,heap        ] GC(279) DefNew: 566292K->8403K(629120K)
[449.170s][info][gc,heap        ] GC(279) Tenured: 56170K->56358K(1398144K)
[449.170s][info][gc,metaspace   ] GC(279) Metaspace: 91192K(97712K)->91192K(97712K) NonClass: 79623K(83120K)->79623K(83120K) Class: 11568K(14592K)->11568K(14592K)
[449.171s][info][gc             ] GC(279) Pause Young (Allocation Failure) 607M->63M(1979M) 7.658ms
[449.171s][info][gc,cpu         ] GC(279) User=0.00s Sys=0.00s Real=0.01s
[450.682s][info][gc,start       ] GC(280) Pause Young (Allocation Failure)
[450.689s][info][gc,heap        ] GC(280) DefNew: 567294K->5729K(629120K)
[450.689s][info][gc,heap        ] GC(280) Tenured: 56358K->56478K(1398144K)
[450.689s][info][gc,metaspace   ] GC(280) Metaspace: 91192K(97712K)->91192K(97712K) NonClass: 79623K(83120K)->79623K(83120K) Class: 11568K(14592K)->11568K(14592K)
[450.689s][info][gc             ] GC(280) Pause Young (Allocation Failure) 609M->60M(1979M) 6.250ms
[450.689s][info][gc,cpu         ] GC(280) User=0.00s Sys=0.00s Real=0.01s
[452.513s][info][gc,start       ] GC(281) Pause Young (Allocation Failure)
[452.524s][info][gc,heap        ] GC(281) DefNew: 564961K->8504K(629120K)
[452.524s][info][gc,heap        ] GC(281) Tenured: 56478K->56563K(1398144K)
[452.524s][info][gc,metaspace   ] GC(281) Metaspace: 91196K(97712K)->91196K(97712K) NonClass: 79627K(83120K)->79627K(83120K) Class: 11568K(14592K)->11568K(14592K)
[452.524s][info][gc             ] GC(281) Pause Young (Allocation Failure) 606M->63M(1979M) 10.573ms
[452.524s][info][gc,cpu         ] GC(281) User=0.00s Sys=0.00s Real=0.01s
[453.223s][info][gc,start       ] GC(282) Pause Young (Allocation Failure)
[453.232s][info][gc,heap        ] GC(282) DefNew: 567736K->7576K(629120K)
[453.232s][info][gc,heap        ] GC(282) Tenured: 56563K->56755K(1398144K)
[453.232s][info][gc,metaspace   ] GC(282) Metaspace: 91196K(97712K)->91196K(97712K) NonClass: 79627K(83120K)->79627K(83120K) Class: 11568K(14592K)->11568K(14592K)
[453.232s][info][gc             ] GC(282) Pause Young (Allocation Failure) 609M->62M(1979M) 8.889ms
[453.232s][info][gc,cpu         ] GC(282) User=0.00s Sys=0.00s Real=0.01s
[453.249s][info][gc,start       ] GC(283) Pause Full (System.gc())
[453.252s][info][gc,phases,start] GC(283) Phase 1: Mark live objects
[453.307s][info][gc,phases      ] GC(283) Phase 1: Mark live objects 54.441ms
[453.307s][info][gc,phases,start] GC(283) Phase 2: Compute new object addresses
[453.320s][info][gc,phases      ] GC(283) Phase 2: Compute new object addresses 12.675ms
[453.320s][info][gc,phases,start] GC(283) Phase 3: Adjust pointers
[453.352s][info][gc,phases      ] GC(283) Phase 3: Adjust pointers 32.129ms
[453.352s][info][gc,phases,start] GC(283) Phase 4: Move objects
[453.353s][info][gc,phases      ] GC(283) Phase 4: Move objects 1.028ms
[453.354s][info][gc,heap        ] GC(283) DefNew: 30440K->0K(629120K)
[453.354s][info][gc,heap        ] GC(283) Tenured: 56755K->61485K(1398144K)
[453.354s][info][gc,metaspace   ] GC(283) Metaspace: 91196K(97712K)->91196K(97712K) NonClass: 79627K(83120K)->79627K(83120K) Class: 11568K(14592K)->11568K(14592K)
[453.354s][info][gc             ] GC(283) Pause Full (System.gc()) 85M->60M(1979M) 104.393ms
[453.354s][info][gc,cpu         ] GC(283) User=0.12s Sys=0.00s Real=0.11s
[453.843s][info][gc,start       ] GC(284) Pause Young (Allocation Failure)
[453.847s][info][gc,heap        ] GC(284) DefNew: 559232K->3067K(629120K)
[453.847s][info][gc,heap        ] GC(284) Tenured: 61485K->61485K(1398144K)
[453.847s][info][gc,metaspace   ] GC(284) Metaspace: 91233K(97712K)->91233K(97712K) NonClass: 79655K(83120K)->79655K(83120K) Class: 11578K(14592K)->11578K(14592K)
[453.847s][info][gc             ] GC(284) Pause Young (Allocation Failure) 606M->63M(1979M) 3.518ms
[453.847s][info][gc,cpu         ] GC(284) User=0.00s Sys=0.00s Real=0.00s
[455.791s][info][gc,start       ] GC(285) Pause Young (Allocation Failure)
[455.796s][info][gc,heap        ] GC(285) DefNew: 559812K->4408K(629120K)
[455.796s][info][gc,heap        ] GC(285) Tenured: 61485K->61485K(1398144K)
[455.796s][info][gc,metaspace   ] GC(285) Metaspace: 91233K(97712K)->91233K(97712K) NonClass: 79655K(83120K)->79655K(83120K) Class: 11578K(14592K)->11578K(14592K)
[455.796s][info][gc             ] GC(285) Pause Young (Allocation Failure) 606M->64M(1979M) 4.667ms
[455.796s][info][gc,cpu         ] GC(285) User=0.00s Sys=0.00s Real=0.00s
[457.747s][info][gc,start       ] GC(286) Pause Young (Allocation Failure)
[457.753s][info][gc,heap        ] GC(286) DefNew: 563293K->5150K(629120K)
[457.753s][info][gc,heap        ] GC(286) Tenured: 61485K->61485K(1398144K)
[457.753s][info][gc,metaspace   ] GC(286) Metaspace: 91233K(97712K)->91233K(97712K) NonClass: 79655K(83120K)->79655K(83120K) Class: 11578K(14592K)->11578K(14592K)
[457.753s][info][gc             ] GC(286) Pause Young (Allocation Failure) 610M->65M(1979M) 6.109ms
[457.753s][info][gc,cpu         ] GC(286) User=0.00s Sys=0.00s Real=0.01s
[459.469s][info][gc,start       ] GC(287) Pause Young (Allocation Failure)
[459.475s][info][gc,heap        ] GC(287) DefNew: 564375K->6165K(629120K)
[459.476s][info][gc,heap        ] GC(287) Tenured: 61485K->61485K(1398144K)
[459.476s][info][gc,metaspace   ] GC(287) Metaspace: 91233K(97712K)->91233K(97712K) NonClass: 79655K(83120K)->79655K(83120K) Class: 11578K(14592K)->11578K(14592K)
[459.476s][info][gc             ] GC(287) Pause Young (Allocation Failure) 611M->66M(1979M) 6.409ms
[459.476s][info][gc,cpu         ] GC(287) User=0.00s Sys=0.00s Real=0.01s
[459.942s][info][gc,start       ] GC(288) Pause Young (Allocation Failure)
[459.948s][info][gc,heap        ] GC(288) DefNew: 563266K->8119K(629120K)
[459.948s][info][gc,heap        ] GC(288) Tenured: 61485K->61485K(1398144K)
[459.948s][info][gc,metaspace   ] GC(288) Metaspace: 91233K(97712K)->91233K(97712K) NonClass: 79655K(83120K)->79655K(83120K) Class: 11578K(14592K)->11578K(14592K)
[459.948s][info][gc             ] GC(288) Pause Young (Allocation Failure) 610M->67M(1979M) 5.858ms
[459.948s][info][gc,cpu         ] GC(288) User=0.00s Sys=0.00s Real=0.01s
[461.399s][info][gc,start       ] GC(289) Pause Young (Allocation Failure)
[461.406s][info][gc,heap        ] GC(289) DefNew: 567351K->5761K(629120K)
[461.406s][info][gc,heap        ] GC(289) Tenured: 61485K->61485K(1398144K)
[461.406s][info][gc,metaspace   ] GC(289) Metaspace: 91233K(97712K)->91233K(97712K) NonClass: 79655K(83120K)->79655K(83120K) Class: 11578K(14592K)->11578K(14592K)
[461.406s][info][gc             ] GC(289) Pause Young (Allocation Failure) 614M->65M(1979M) 6.648ms
[461.406s][info][gc,cpu         ] GC(289) User=0.00s Sys=0.00s Real=0.01s
[463.454s][info][gc,start       ] GC(290) Pause Young (Allocation Failure)
[463.459s][info][gc,heap        ] GC(290) DefNew: 564993K->5320K(629120K)
[463.459s][info][gc,heap        ] GC(290) Tenured: 61485K->61485K(1398144K)
[463.459s][info][gc,metaspace   ] GC(290) Metaspace: 91234K(97712K)->91234K(97712K) NonClass: 79656K(83120K)->79656K(83120K) Class: 11578K(14592K)->11578K(14592K)
[463.459s][info][gc             ] GC(290) Pause Young (Allocation Failure) 611M->65M(1979M) 5.652ms
[463.459s][info][gc,cpu         ] GC(290) User=0.00s Sys=0.00s Real=0.01s
[465.980s][info][gc,start       ] GC(291) Pause Young (Allocation Failure)
[465.987s][info][gc,heap        ] GC(291) DefNew: 564552K->6067K(629120K)
[465.987s][info][gc,heap        ] GC(291) Tenured: 61485K->61485K(1398144K)
[465.987s][info][gc,metaspace   ] GC(291) Metaspace: 91234K(97712K)->91234K(97712K) NonClass: 79656K(83120K)->79656K(83120K) Class: 11578K(14592K)->11578K(14592K)
[465.987s][info][gc             ] GC(291) Pause Young (Allocation Failure) 611M->65M(1979M) 6.317ms
[465.987s][info][gc,cpu         ] GC(291) User=0.00s Sys=0.00s Real=0.01s
[466.629s][info][gc,start       ] GC(292) Pause Young (Allocation Failure)
[466.638s][info][gc,heap        ] GC(292) DefNew: 561648K->20599K(629120K)
[466.638s][info][gc,heap        ] GC(292) Tenured: 61485K->61485K(1398144K)
[466.638s][info][gc,metaspace   ] GC(292) Metaspace: 91241K(97712K)->91241K(97712K) NonClass: 79663K(83120K)->79663K(83120K) Class: 11578K(14592K)->11578K(14592K)
[466.638s][info][gc             ] GC(292) Pause Young (Allocation Failure) 608M->80M(1979M) 9.161ms
[466.638s][info][gc,cpu         ] GC(292) User=0.02s Sys=0.00s Real=0.01s
[467.370s][info][gc,start       ] GC(293) Pause Young (Allocation Failure)
[467.376s][info][gc,heap        ] GC(293) DefNew: 579831K->4976K(629120K)
[467.376s][info][gc,heap        ] GC(293) Tenured: 61485K->61485K(1398144K)
[467.376s][info][gc,metaspace   ] GC(293) Metaspace: 91241K(97712K)->91241K(97712K) NonClass: 79663K(83120K)->79663K(83120K) Class: 11578K(14592K)->11578K(14592K)
[467.376s][info][gc             ] GC(293) Pause Young (Allocation Failure) 626M->64M(1979M) 5.448ms
[467.376s][info][gc,cpu         ] GC(293) User=0.00s Sys=0.00s Real=0.00s
[469.834s][info][gc,start       ] GC(294) Pause Young (Allocation Failure)
[469.841s][info][gc,heap        ] GC(294) DefNew: 564148K->6399K(629120K)
[469.841s][info][gc,heap        ] GC(294) Tenured: 61485K->61485K(1398144K)
[469.841s][info][gc,metaspace   ] GC(294) Metaspace: 91241K(97712K)->91241K(97712K) NonClass: 79663K(83120K)->79663K(83120K) Class: 11578K(14592K)->11578K(14592K)
[469.841s][info][gc             ] GC(294) Pause Young (Allocation Failure) 610M->66M(1979M) 6.380ms
[469.841s][info][gc,cpu         ] GC(294) User=0.00s Sys=0.00s Real=0.01s
[471.770s][info][gc,start       ] GC(295) Pause Young (Allocation Failure)
[471.778s][info][gc,heap        ] GC(295) DefNew: 565631K->6812K(629120K)
[471.778s][info][gc,heap        ] GC(295) Tenured: 61485K->61485K(1398144K)
[471.778s][info][gc,metaspace   ] GC(295) Metaspace: 91241K(97712K)->91241K(97712K) NonClass: 79663K(83120K)->79663K(83120K) Class: 11578K(14592K)->11578K(14592K)
[471.778s][info][gc             ] GC(295) Pause Young (Allocation Failure) 612M->66M(1979M) 7.764ms
[471.778s][info][gc,cpu         ] GC(295) User=0.00s Sys=0.00s Real=0.01s
[473.092s][info][gc,start       ] GC(296) Pause Young (Allocation Failure)
[473.109s][info][gc,heap        ] GC(296) DefNew: 566044K->11559K(629120K)
[473.109s][info][gc,heap        ] GC(296) Tenured: 61485K->61485K(1398144K)
[473.109s][info][gc,metaspace   ] GC(296) Metaspace: 91241K(97712K)->91241K(97712K) NonClass: 79663K(83120K)->79663K(83120K) Class: 11578K(14592K)->11578K(14592K)
[473.109s][info][gc             ] GC(296) Pause Young (Allocation Failure) 612M->71M(1979M) 17.073ms
[473.110s][info][gc,cpu         ] GC(296) User=0.00s Sys=0.00s Real=0.02s
[473.547s][info][gc,start       ] GC(297) Pause Young (Allocation Failure)
[473.555s][info][gc,heap        ] GC(297) DefNew: 570791K->8637K(629120K)
[473.555s][info][gc,heap        ] GC(297) Tenured: 61485K->61485K(1398144K)
[473.555s][info][gc,metaspace   ] GC(297) Metaspace: 91241K(97712K)->91241K(97712K) NonClass: 79663K(83120K)->79663K(83120K) Class: 11578K(14592K)->11578K(14592K)
[473.555s][info][gc             ] GC(297) Pause Young (Allocation Failure) 617M->68M(1979M) 7.978ms
[473.555s][info][gc,cpu         ] GC(297) User=0.00s Sys=0.00s Real=0.01s
[475.609s][info][gc,start       ] GC(298) Pause Young (Allocation Failure)
[475.617s][info][gc,heap        ] GC(298) DefNew: 567869K->6753K(629120K)
[475.617s][info][gc,heap        ] GC(298) Tenured: 61485K->61485K(1398144K)
[475.617s][info][gc,metaspace   ] GC(298) Metaspace: 91241K(97712K)->91241K(97712K) NonClass: 79663K(83120K)->79663K(83120K) Class: 11578K(14592K)->11578K(14592K)
[475.617s][info][gc             ] GC(298) Pause Young (Allocation Failure) 614M->66M(1979M) 7.403ms
[475.617s][info][gc,cpu         ] GC(298) User=0.00s Sys=0.00s Real=0.01s
[477.618s][info][gc,start       ] GC(299) Pause Young (Allocation Failure)
[477.626s][info][gc,heap        ] GC(299) DefNew: 565043K->6517K(629120K)
[477.626s][info][gc,heap        ] GC(299) Tenured: 61485K->61956K(1398144K)
[477.626s][info][gc,metaspace   ] GC(299) Metaspace: 91241K(97712K)->91241K(97712K) NonClass: 79663K(83120K)->79663K(83120K) Class: 11578K(14592K)->11578K(14592K)
[477.626s][info][gc             ] GC(299) Pause Young (Allocation Failure) 611M->66M(1979M) 7.810ms
[477.626s][info][gc,cpu         ] GC(299) User=0.00s Sys=0.00s Real=0.01s
[479.480s][info][gc,start       ] GC(300) Pause Young (Allocation Failure)
[479.490s][info][gc,heap        ] GC(300) DefNew: 565749K->8503K(629120K)
[479.490s][info][gc,heap        ] GC(300) Tenured: 61956K->62143K(1398144K)
[479.490s][info][gc,metaspace   ] GC(300) Metaspace: 91241K(97712K)->91241K(97712K) NonClass: 79663K(83120K)->79663K(83120K) Class: 11578K(14592K)->11578K(14592K)
[479.490s][info][gc             ] GC(300) Pause Young (Allocation Failure) 612M->68M(1979M) 10.441ms
[479.490s][info][gc,cpu         ] GC(300) User=0.00s Sys=0.00s Real=0.01s
[480.109s][info][gc,start       ] GC(301) Pause Young (Allocation Failure)
[480.118s][info][gc,heap        ] GC(301) DefNew: 565092K->21597K(629120K)
[480.118s][info][gc,heap        ] GC(301) Tenured: 62143K->62329K(1398144K)
[480.118s][info][gc,metaspace   ] GC(301) Metaspace: 91241K(97712K)->91241K(97712K) NonClass: 79663K(83120K)->79663K(83120K) Class: 11578K(14592K)->11578K(14592K)
[480.118s][info][gc             ] GC(301) Pause Young (Allocation Failure) 612M->81M(1979M) 8.662ms
[480.118s][info][gc,cpu         ] GC(301) User=0.00s Sys=0.00s Real=0.01s
[481.427s][info][gc,start       ] GC(302) Pause Young (Allocation Failure)
[481.435s][info][gc,heap        ] GC(302) DefNew: 580829K->6258K(629120K)
[481.435s][info][gc,heap        ] GC(302) Tenured: 62329K->62474K(1398144K)
[481.435s][info][gc,metaspace   ] GC(302) Metaspace: 91241K(97712K)->91241K(97712K) NonClass: 79663K(83120K)->79663K(83120K) Class: 11578K(14592K)->11578K(14592K)
[481.435s][info][gc             ] GC(302) Pause Young (Allocation Failure) 628M->67M(1979M) 7.903ms
[481.435s][info][gc,cpu         ] GC(302) User=0.00s Sys=0.00s Real=0.01s
[483.270s][info][gc,start       ] GC(303) Pause Young (Allocation Failure)
[483.280s][info][gc,heap        ] GC(303) DefNew: 565490K->11234K(629120K)
[483.280s][info][gc,heap        ] GC(303) Tenured: 62474K->62540K(1398144K)
[483.280s][info][gc,metaspace   ] GC(303) Metaspace: 91243K(97712K)->91243K(97712K) NonClass: 79665K(83120K)->79665K(83120K) Class: 11578K(14592K)->11578K(14592K)
[483.280s][info][gc             ] GC(303) Pause Young (Allocation Failure) 613M->72M(1979M) 10.196ms
[483.280s][info][gc,cpu         ] GC(303) User=0.02s Sys=0.00s Real=0.01s
[483.879s][info][gc,start       ] GC(304) Pause Young (Allocation Failure)
[483.888s][info][gc,heap        ] GC(304) DefNew: 569985K->17182K(629120K)
[483.888s][info][gc,heap        ] GC(304) Tenured: 62540K->62724K(1398144K)
[483.888s][info][gc,metaspace   ] GC(304) Metaspace: 91243K(97712K)->91243K(97712K) NonClass: 79665K(83120K)->79665K(83120K) Class: 11578K(14592K)->11578K(14592K)
[483.888s][info][gc             ] GC(304) Pause Young (Allocation Failure) 617M->78M(1979M) 8.185ms
[483.888s][info][gc,cpu         ] GC(304) User=0.00s Sys=0.00s Real=0.01s
[485.351s][info][gc,start       ] GC(305) Pause Young (Allocation Failure)
[485.358s][info][gc,heap        ] GC(305) DefNew: 575587K->5913K(629120K)
[485.358s][info][gc,heap        ] GC(305) Tenured: 62724K->62867K(1398144K)
[485.358s][info][gc,metaspace   ] GC(305) Metaspace: 91243K(97712K)->91243K(97712K) NonClass: 79665K(83120K)->79665K(83120K) Class: 11578K(14592K)->11578K(14592K)
[485.358s][info][gc             ] GC(305) Pause Young (Allocation Failure) 623M->67M(1979M) 7.335ms
[485.358s][info][gc,cpu         ] GC(305) User=0.00s Sys=0.00s Real=0.01s
[487.178s][info][gc,start       ] GC(306) Pause Young (Allocation Failure)
[487.186s][info][gc,heap        ] GC(306) DefNew: 561780K->7387K(629120K)
[487.186s][info][gc,heap        ] GC(306) Tenured: 62867K->63028K(1398144K)
[487.186s][info][gc,metaspace   ] GC(306) Metaspace: 91243K(97712K)->91243K(97712K) NonClass: 79665K(83120K)->79665K(83120K) Class: 11578K(14592K)->11578K(14592K)
[487.186s][info][gc             ] GC(306) Pause Young (Allocation Failure) 610M->68M(1979M) 8.293ms
[487.186s][info][gc,cpu         ] GC(306) User=0.00s Sys=0.00s Real=0.01s
[487.644s][info][gc,start       ] GC(307) Pause Young (Allocation Failure)
[487.651s][info][gc,heap        ] GC(307) DefNew: 564699K->8927K(629120K)
[487.651s][info][gc,heap        ] GC(307) Tenured: 63028K->63150K(1398144K)
[487.651s][info][gc,metaspace   ] GC(307) Metaspace: 91243K(97712K)->91243K(97712K) NonClass: 79665K(83120K)->79665K(83120K) Class: 11578K(14592K)->11578K(14592K)
[487.651s][info][gc             ] GC(307) Pause Young (Allocation Failure) 613M->70M(1979M) 7.156ms
[487.651s][info][gc,cpu         ] GC(307) User=0.00s Sys=0.00s Real=0.01s
[489.100s][info][gc,start       ] GC(308) Pause Young (Allocation Failure)
[489.107s][info][gc,heap        ] GC(308) DefNew: 564510K->5821K(629120K)
[489.107s][info][gc,heap        ] GC(308) Tenured: 63150K->63263K(1398144K)
[489.107s][info][gc,metaspace   ] GC(308) Metaspace: 91243K(97712K)->91243K(97712K) NonClass: 79665K(83120K)->79665K(83120K) Class: 11578K(14592K)->11578K(14592K)
[489.108s][info][gc             ] GC(308) Pause Young (Allocation Failure) 612M->67M(1979M) 7.155ms
[489.108s][info][gc,cpu         ] GC(308) User=0.00s Sys=0.00s Real=0.01s
[490.916s][info][gc,start       ] GC(309) Pause Young (Allocation Failure)
[490.925s][info][gc,heap        ] GC(309) DefNew: 564565K->7890K(629120K)
[490.925s][info][gc,heap        ] GC(309) Tenured: 63263K->63423K(1398144K)
[490.925s][info][gc,metaspace   ] GC(309) Metaspace: 91243K(97712K)->91243K(97712K) NonClass: 79665K(83120K)->79665K(83120K) Class: 11578K(14592K)->11578K(14592K)
[490.925s][info][gc             ] GC(309) Pause Young (Allocation Failure) 613M->69M(1979M) 9.284ms
[490.925s][info][gc,cpu         ] GC(309) User=0.00s Sys=0.00s Real=0.01s
[491.418s][info][gc,start       ] GC(310) Pause Young (Allocation Failure)
[491.426s][info][gc,heap        ] GC(310) DefNew: 565526K->8920K(629120K)
[491.426s][info][gc,heap        ] GC(310) Tenured: 63423K->63613K(1398144K)
[491.426s][info][gc,metaspace   ] GC(310) Metaspace: 91243K(97712K)->91243K(97712K) NonClass: 79665K(83120K)->79665K(83120K) Class: 11578K(14592K)->11578K(14592K)
[491.426s][info][gc             ] GC(310) Pause Young (Allocation Failure) 614M->70M(1979M) 7.978ms
[491.426s][info][gc,cpu         ] GC(310) User=0.00s Sys=0.00s Real=0.01s
[492.894s][info][gc,start       ] GC(311) Pause Young (Allocation Failure)
[492.901s][info][gc,heap        ] GC(311) DefNew: 568152K->6421K(629120K)
[492.901s][info][gc,heap        ] GC(311) Tenured: 63613K->63736K(1398144K)
[492.901s][info][gc,metaspace   ] GC(311) Metaspace: 91245K(97712K)->91245K(97712K) NonClass: 79667K(83120K)->79667K(83120K) Class: 11578K(14592K)->11578K(14592K)
[492.901s][info][gc             ] GC(311) Pause Young (Allocation Failure) 616M->68M(1979M) 7.051ms
[492.901s][info][gc,cpu         ] GC(311) User=0.00s Sys=0.00s Real=0.01s
[494.982s][info][gc,start       ] GC(312) Pause Young (Allocation Failure)
[494.993s][info][gc,heap        ] GC(312) DefNew: 565653K->7982K(629120K)
[494.993s][info][gc,heap        ] GC(312) Tenured: 63736K->63815K(1398144K)
[494.993s][info][gc,metaspace   ] GC(312) Metaspace: 91245K(97712K)->91245K(97712K) NonClass: 79667K(83120K)->79667K(83120K) Class: 11578K(14592K)->11578K(14592K)
[494.993s][info][gc             ] GC(312) Pause Young (Allocation Failure) 614M->70M(1979M) 11.666ms
[494.993s][info][gc,cpu         ] GC(312) User=0.00s Sys=0.00s Real=0.01s
[495.728s][info][gc,start       ] GC(313) Pause Young (Allocation Failure)
[495.736s][info][gc,heap        ] GC(313) DefNew: 567214K->7170K(629120K)
[495.736s][info][gc,heap        ] GC(313) Tenured: 63815K->64009K(1398144K)
[495.736s][info][gc,metaspace   ] GC(313) Metaspace: 91246K(97712K)->91246K(97712K) NonClass: 79668K(83120K)->79668K(83120K) Class: 11578K(14592K)->11578K(14592K)
[495.736s][info][gc             ] GC(313) Pause Young (Allocation Failure) 616M->69M(1979M) 8.204ms
[495.736s][info][gc,cpu         ] GC(313) User=0.00s Sys=0.00s Real=0.01s
[495.757s][info][gc,start       ] GC(314) Pause Full (System.gc())
[495.761s][info][gc,phases,start] GC(314) Phase 1: Mark live objects
[495.813s][info][gc,phases      ] GC(314) Phase 1: Mark live objects 52.267ms
[495.813s][info][gc,phases,start] GC(314) Phase 2: Compute new object addresses
[495.829s][info][gc,phases      ] GC(314) Phase 2: Compute new object addresses 15.535ms
[495.829s][info][gc,phases,start] GC(314) Phase 3: Adjust pointers
[495.861s][info][gc,phases      ] GC(314) Phase 3: Adjust pointers 31.940ms
[495.861s][info][gc,phases,start] GC(314) Phase 4: Move objects
[495.862s][info][gc,phases      ] GC(314) Phase 4: Move objects 1.111ms
[495.863s][info][gc,heap        ] GC(314) DefNew: 47088K->0K(629120K)
[495.863s][info][gc,heap        ] GC(314) Tenured: 64009K->68864K(1398144K)
[495.863s][info][gc,metaspace   ] GC(314) Metaspace: 91246K(97712K)->91246K(97712K) NonClass: 79668K(83120K)->79668K(83120K) Class: 11578K(14592K)->11578K(14592K)
[495.863s][info][gc             ] GC(314) Pause Full (System.gc()) 108M->67M(1979M) 105.858ms
[495.863s][info][gc,cpu         ] GC(314) User=0.12s Sys=0.00s Real=0.11s
[496.346s][info][gc,start       ] GC(315) Pause Young (Allocation Failure)
[496.349s][info][gc,heap        ] GC(315) DefNew: 556581K->3058K(629120K)
[496.349s][info][gc,heap        ] GC(315) Tenured: 68864K->68864K(1398144K)
[496.349s][info][gc,metaspace   ] GC(315) Metaspace: 91246K(97712K)->91246K(97712K) NonClass: 79668K(83120K)->79668K(83120K) Class: 11578K(14592K)->11578K(14592K)
[496.349s][info][gc             ] GC(315) Pause Young (Allocation Failure) 610M->70M(1979M) 3.356ms
[496.349s][info][gc,cpu         ] GC(315) User=0.00s Sys=0.00s Real=0.00s
[498.326s][info][gc,start       ] GC(316) Pause Young (Allocation Failure)
[498.330s][info][gc,heap        ] GC(316) DefNew: 560675K->4383K(629120K)
[498.330s][info][gc,heap        ] GC(316) Tenured: 68864K->68864K(1398144K)
[498.331s][info][gc,metaspace   ] GC(316) Metaspace: 91246K(97712K)->91246K(97712K) NonClass: 79668K(83120K)->79668K(83120K) Class: 11578K(14592K)->11578K(14592K)
[498.331s][info][gc             ] GC(316) Pause Young (Allocation Failure) 614M->71M(1979M) 4.484ms
[498.331s][info][gc,cpu         ] GC(316) User=0.00s Sys=0.00s Real=0.00s
[500.302s][info][gc,start       ] GC(317) Pause Young (Allocation Failure)
[500.307s][info][gc,heap        ] GC(317) DefNew: 563352K->4995K(629120K)
[500.307s][info][gc,heap        ] GC(317) Tenured: 68864K->68864K(1398144K)
[500.307s][info][gc,metaspace   ] GC(317) Metaspace: 91246K(97712K)->91246K(97712K) NonClass: 79668K(83120K)->79668K(83120K) Class: 11578K(14592K)->11578K(14592K)
[500.307s][info][gc             ] GC(317) Pause Young (Allocation Failure) 617M->72M(1979M) 5.381ms
[500.307s][info][gc,cpu         ] GC(317) User=0.00s Sys=0.00s Real=0.01s
[502.047s][info][gc,start       ] GC(318) Pause Young (Allocation Failure)
[502.058s][info][gc,heap        ] GC(318) DefNew: 564227K->7305K(629120K)
[502.058s][info][gc,heap        ] GC(318) Tenured: 68864K->68864K(1398144K)
[502.058s][info][gc,metaspace   ] GC(318) Metaspace: 91247K(97712K)->91247K(97712K) NonClass: 79669K(83120K)->79669K(83120K) Class: 11578K(14592K)->11578K(14592K)
[502.058s][info][gc             ] GC(318) Pause Young (Allocation Failure) 618M->74M(1979M) 10.647ms
[502.058s][info][gc,cpu         ] GC(318) User=0.00s Sys=0.00s Real=0.01s
[502.539s][info][gc,start       ] GC(319) Pause Young (Allocation Failure)
[502.545s][info][gc,heap        ] GC(319) DefNew: 565149K->12232K(629120K)
[502.546s][info][gc,heap        ] GC(319) Tenured: 68864K->68864K(1398144K)
[502.546s][info][gc,metaspace   ] GC(319) Metaspace: 91247K(97712K)->91247K(97712K) NonClass: 79669K(83120K)->79669K(83120K) Class: 11578K(14592K)->11578K(14592K)
[502.546s][info][gc             ] GC(319) Pause Young (Allocation Failure) 619M->79M(1979M) 6.993ms
[502.546s][info][gc,cpu         ] GC(319) User=0.00s Sys=0.00s Real=0.01s
[504.005s][info][gc,start       ] GC(320) Pause Young (Allocation Failure)
[504.012s][info][gc,heap        ] GC(320) DefNew: 571464K->6414K(629120K)
[504.012s][info][gc,heap        ] GC(320) Tenured: 68864K->68864K(1398144K)
[504.012s][info][gc,metaspace   ] GC(320) Metaspace: 91247K(97712K)->91247K(97712K) NonClass: 79669K(83120K)->79669K(83120K) Class: 11578K(14592K)->11578K(14592K)
[504.012s][info][gc             ] GC(320) Pause Young (Allocation Failure) 625M->73M(1979M) 6.821ms
[504.012s][info][gc,cpu         ] GC(320) User=0.00s Sys=0.00s Real=0.01s
[505.951s][info][gc,start       ] GC(321) Pause Young (Allocation Failure)
[505.956s][info][gc,heap        ] GC(321) DefNew: 565646K->5118K(629120K)
[505.956s][info][gc,heap        ] GC(321) Tenured: 68864K->68864K(1398144K)
[505.956s][info][gc,metaspace   ] GC(321) Metaspace: 91248K(97712K)->91248K(97712K) NonClass: 79670K(83120K)->79670K(83120K) Class: 11578K(14592K)->11578K(14592K)
[505.956s][info][gc             ] GC(321) Pause Young (Allocation Failure) 619M->72M(1979M) 4.995ms
[505.956s][info][gc,cpu         ] GC(321) User=0.00s Sys=0.00s Real=0.01s
[508.462s][info][gc,start       ] GC(322) Pause Young (Allocation Failure)
[508.467s][info][gc,heap        ] GC(322) DefNew: 564350K->5493K(629120K)
[508.467s][info][gc,heap        ] GC(322) Tenured: 68864K->68864K(1398144K)
[508.467s][info][gc,metaspace   ] GC(322) Metaspace: 91248K(97712K)->91248K(97712K) NonClass: 79670K(83120K)->79670K(83120K) Class: 11578K(14592K)->11578K(14592K)
[508.467s][info][gc             ] GC(322) Pause Young (Allocation Failure) 618M->72M(1979M) 5.120ms
[508.467s][info][gc,cpu         ] GC(322) User=0.00s Sys=0.00s Real=0.00s
[509.088s][info][gc,start       ] GC(323) Pause Young (Allocation Failure)
[509.096s][info][gc,heap        ] GC(323) DefNew: 563484K->12151K(629120K)
[509.096s][info][gc,heap        ] GC(323) Tenured: 68864K->68864K(1398144K)
[509.096s][info][gc,metaspace   ] GC(323) Metaspace: 91253K(97712K)->91253K(97712K) NonClass: 79675K(83120K)->79675K(83120K) Class: 11578K(14592K)->11578K(14592K)
[509.096s][info][gc             ] GC(323) Pause Young (Allocation Failure) 617M->79M(1979M) 7.824ms
[509.096s][info][gc,cpu         ] GC(323) User=0.00s Sys=0.00s Real=0.01s
[509.803s][info][gc,start       ] GC(324) Pause Young (Allocation Failure)
[509.809s][info][gc,heap        ] GC(324) DefNew: 571383K->5125K(629120K)
[509.809s][info][gc,heap        ] GC(324) Tenured: 68864K->68864K(1398144K)
[509.809s][info][gc,metaspace   ] GC(324) Metaspace: 91253K(97712K)->91253K(97712K) NonClass: 79675K(83120K)->79675K(83120K) Class: 11578K(14592K)->11578K(14592K)
[509.809s][info][gc             ] GC(324) Pause Young (Allocation Failure) 625M->72M(1979M) 5.884ms
[509.809s][info][gc,cpu         ] GC(324) User=0.00s Sys=0.00s Real=0.01s
[512.208s][info][gc,start       ] GC(325) Pause Young (Allocation Failure)
[512.215s][info][gc,heap        ] GC(325) DefNew: 564357K->6693K(629120K)
[512.215s][info][gc,heap        ] GC(325) Tenured: 68864K->68864K(1398144K)
[512.215s][info][gc,metaspace   ] GC(325) Metaspace: 91255K(97712K)->91255K(97712K) NonClass: 79677K(83120K)->79677K(83120K) Class: 11578K(14592K)->11578K(14592K)
[512.215s][info][gc             ] GC(325) Pause Young (Allocation Failure) 618M->73M(1979M) 6.830ms
[512.215s][info][gc,cpu         ] GC(325) User=0.00s Sys=0.00s Real=0.01s
[514.276s][info][gc,start       ] GC(326) Pause Young (Allocation Failure)
[514.283s][info][gc,heap        ] GC(326) DefNew: 565379K->6240K(629120K)
[514.283s][info][gc,heap        ] GC(326) Tenured: 68864K->68864K(1398144K)
[514.283s][info][gc,metaspace   ] GC(326) Metaspace: 91255K(97712K)->91255K(97712K) NonClass: 79677K(83120K)->79677K(83120K) Class: 11578K(14592K)->11578K(14592K)
[514.283s][info][gc             ] GC(326) Pause Young (Allocation Failure) 619M->73M(1979M) 6.996ms
[514.283s][info][gc,cpu         ] GC(326) User=0.00s Sys=0.00s Real=0.01s
[515.550s][info][gc,start       ] GC(327) Pause Young (Allocation Failure)
[515.568s][info][gc,heap        ] GC(327) DefNew: 565472K->11672K(629120K)
[515.568s][info][gc,heap        ] GC(327) Tenured: 68864K->68864K(1398144K)
[515.568s][info][gc,metaspace   ] GC(327) Metaspace: 91255K(97712K)->91255K(97712K) NonClass: 79677K(83120K)->79677K(83120K) Class: 11578K(14592K)->11578K(14592K)
[515.568s][info][gc             ] GC(327) Pause Young (Allocation Failure) 619M->78M(1979M) 17.650ms
[515.568s][info][gc,cpu         ] GC(327) User=0.00s Sys=0.00s Real=0.02s
[516.083s][info][gc,start       ] GC(328) Pause Young (Allocation Failure)
[516.089s][info][gc,heap        ] GC(328) DefNew: 568333K->8463K(629120K)
[516.089s][info][gc,heap        ] GC(328) Tenured: 68864K->68864K(1398144K)
[516.089s][info][gc,metaspace   ] GC(328) Metaspace: 91255K(97712K)->91255K(97712K) NonClass: 79677K(83120K)->79677K(83120K) Class: 11578K(14592K)->11578K(14592K)
[516.089s][info][gc             ] GC(328) Pause Young (Allocation Failure) 622M->75M(1979M) 6.480ms
[516.089s][info][gc,cpu         ] GC(328) User=0.02s Sys=0.00s Real=0.01s
[518.059s][info][gc,start       ] GC(329) Pause Young (Allocation Failure)
[518.067s][info][gc,heap        ] GC(329) DefNew: 567695K->7785K(629120K)
[518.067s][info][gc,heap        ] GC(329) Tenured: 68864K->68864K(1398144K)
[518.067s][info][gc,metaspace   ] GC(329) Metaspace: 91256K(97712K)->91256K(97712K) NonClass: 79678K(83120K)->79678K(83120K) Class: 11578K(14592K)->11578K(14592K)
[518.067s][info][gc             ] GC(329) Pause Young (Allocation Failure) 621M->74M(1979M) 8.312ms
[518.067s][info][gc,cpu         ] GC(329) User=0.00s Sys=0.00s Real=0.01s
[520.074s][info][gc,start       ] GC(330) Pause Young (Allocation Failure)
[520.081s][info][gc,heap        ] GC(330) DefNew: 563554K->6248K(629120K)
[520.081s][info][gc,heap        ] GC(330) Tenured: 68864K->69326K(1398144K)
[520.081s][info][gc,metaspace   ] GC(330) Metaspace: 91257K(97712K)->91257K(97712K) NonClass: 79679K(83120K)->79679K(83120K) Class: 11578K(14592K)->11578K(14592K)
[520.081s][info][gc             ] GC(330) Pause Young (Allocation Failure) 617M->73M(1979M) 6.812ms
[520.081s][info][gc,cpu         ] GC(330) User=0.00s Sys=0.00s Real=0.01s
[521.905s][info][gc,start       ] GC(331) Pause Young (Allocation Failure)
[521.915s][info][gc,heap        ] GC(331) DefNew: 565480K->10989K(629120K)
[521.915s][info][gc,heap        ] GC(331) Tenured: 69326K->69515K(1398144K)
[521.915s][info][gc,metaspace   ] GC(331) Metaspace: 91257K(97712K)->91257K(97712K) NonClass: 79679K(83120K)->79679K(83120K) Class: 11578K(14592K)->11578K(14592K)
[521.915s][info][gc             ] GC(331) Pause Young (Allocation Failure) 619M->78M(1979M) 9.985ms
[521.915s][info][gc,cpu         ] GC(331) User=0.00s Sys=0.00s Real=0.01s
[522.531s][info][gc,start       ] GC(332) Pause Young (Allocation Failure)
[522.539s][info][gc,heap        ] GC(332) DefNew: 570221K->17392K(629120K)
[522.539s][info][gc,heap        ] GC(332) Tenured: 69515K->69699K(1398144K)
[522.539s][info][gc,metaspace   ] GC(332) Metaspace: 91257K(97712K)->91257K(97712K) NonClass: 79679K(83120K)->79679K(83120K) Class: 11578K(14592K)->11578K(14592K)
[522.539s][info][gc             ] GC(332) Pause Young (Allocation Failure) 624M->85M(1979M) 8.519ms
[522.539s][info][gc,cpu         ] GC(332) User=0.00s Sys=0.00s Real=0.01s
[523.937s][info][gc,start       ] GC(333) Pause Young (Allocation Failure)
[523.944s][info][gc,heap        ] GC(333) DefNew: 576624K->6110K(629120K)
[523.944s][info][gc,heap        ] GC(333) Tenured: 69699K->69846K(1398144K)
[523.944s][info][gc,metaspace   ] GC(333) Metaspace: 91257K(97712K)->91257K(97712K) NonClass: 79679K(83120K)->79679K(83120K) Class: 11578K(14592K)->11578K(14592K)
[523.944s][info][gc             ] GC(333) Pause Young (Allocation Failure) 631M->74M(1979M) 7.201ms
[523.944s][info][gc,cpu         ] GC(333) User=0.00s Sys=0.00s Real=0.01s
[525.816s][info][gc,start       ] GC(334) Pause Young (Allocation Failure)
[525.824s][info][gc,heap        ] GC(334) DefNew: 564701K->7727K(629120K)
[525.824s][info][gc,heap        ] GC(334) Tenured: 69846K->69922K(1398144K)
[525.824s][info][gc,metaspace   ] GC(334) Metaspace: 91257K(97712K)->91257K(97712K) NonClass: 79679K(83120K)->79679K(83120K) Class: 11578K(14592K)->11578K(14592K)
[525.824s][info][gc             ] GC(334) Pause Young (Allocation Failure) 619M->75M(1979M) 8.445ms
[525.824s][info][gc,cpu         ] GC(334) User=0.00s Sys=0.00s Real=0.01s
[526.355s][info][gc,start       ] GC(335) Pause Young (Allocation Failure)
[526.364s][info][gc,heap        ] GC(335) DefNew: 566959K->21743K(629120K)
[526.364s][info][gc,heap        ] GC(335) Tenured: 69922K->70104K(1398144K)
[526.364s][info][gc,metaspace   ] GC(335) Metaspace: 91259K(97712K)->91259K(97712K) NonClass: 79681K(83120K)->79681K(83120K) Class: 11578K(14592K)->11578K(14592K)
[526.364s][info][gc             ] GC(335) Pause Young (Allocation Failure) 621M->89M(1979M) 9.046ms
[526.364s][info][gc,cpu         ] GC(335) User=0.00s Sys=0.00s Real=0.01s
[527.886s][info][gc,start       ] GC(336) Pause Young (Allocation Failure)
[527.894s][info][gc,heap        ] GC(336) DefNew: 580975K->6557K(629120K)
[527.894s][info][gc,heap        ] GC(336) Tenured: 70104K->70241K(1398144K)
[527.894s][info][gc,metaspace   ] GC(336) Metaspace: 91259K(97712K)->91259K(97712K) NonClass: 79681K(83120K)->79681K(83120K) Class: 11578K(14592K)->11578K(14592K)
[527.894s][info][gc             ] GC(336) Pause Young (Allocation Failure) 635M->74M(1979M) 7.665ms
[527.894s][info][gc,cpu         ] GC(336) User=0.00s Sys=0.00s Real=0.01s
[529.713s][info][gc,start       ] GC(337) Pause Young (Allocation Failure)
[529.722s][info][gc,heap        ] GC(337) DefNew: 565789K->8279K(629120K)
[529.722s][info][gc,heap        ] GC(337) Tenured: 70241K->70404K(1398144K)
[529.722s][info][gc,metaspace   ] GC(337) Metaspace: 91259K(97712K)->91259K(97712K) NonClass: 79681K(83120K)->79681K(83120K) Class: 11578K(14592K)->11578K(14592K)
[529.722s][info][gc             ] GC(337) Pause Young (Allocation Failure) 621M->76M(1979M) 9.106ms
[529.722s][info][gc,cpu         ] GC(337) User=0.00s Sys=0.00s Real=0.01s
[530.172s][info][gc,start       ] GC(338) Pause Young (Allocation Failure)
[530.180s][info][gc,heap        ] GC(338) DefNew: 565708K->13472K(629120K)
[530.180s][info][gc,heap        ] GC(338) Tenured: 70404K->70524K(1398144K)
[530.180s][info][gc,metaspace   ] GC(338) Metaspace: 91259K(97712K)->91259K(97712K) NonClass: 79681K(83120K)->79681K(83120K) Class: 11578K(14592K)->11578K(14592K)
[530.180s][info][gc             ] GC(338) Pause Young (Allocation Failure) 621M->82M(1979M) 8.345ms
[530.180s][info][gc,cpu         ] GC(338) User=0.00s Sys=0.00s Real=0.01s
[531.691s][info][gc,start       ] GC(339) Pause Young (Allocation Failure)
[531.699s][info][gc,heap        ] GC(339) DefNew: 572704K->6166K(629120K)
[531.699s][info][gc,heap        ] GC(339) Tenured: 70524K->70646K(1398144K)
[531.699s][info][gc,metaspace   ] GC(339) Metaspace: 91259K(97712K)->91259K(97712K) NonClass: 79681K(83120K)->79681K(83120K) Class: 11578K(14592K)->11578K(14592K)
[531.699s][info][gc             ] GC(339) Pause Young (Allocation Failure) 628M->75M(1979M) 7.717ms
[531.699s][info][gc,cpu         ] GC(339) User=0.00s Sys=0.00s Real=0.01s
[533.375s][info][gc,start       ] GC(340) Pause Young (Allocation Failure)
[533.385s][info][gc,heap        ] GC(340) DefNew: 565398K->8538K(629120K)
[533.385s][info][gc,heap        ] GC(340) Tenured: 70646K->70795K(1398144K)
[533.385s][info][gc,metaspace   ] GC(340) Metaspace: 91260K(97712K)->91260K(97712K) NonClass: 79682K(83120K)->79682K(83120K) Class: 11578K(14592K)->11578K(14592K)
[533.385s][info][gc             ] GC(340) Pause Young (Allocation Failure) 621M->77M(1979M) 10.260ms
[533.385s][info][gc,cpu         ] GC(340) User=0.02s Sys=0.00s Real=0.01s
[533.848s][info][gc,start       ] GC(341) Pause Young (Allocation Failure)
[533.855s][info][gc,heap        ] GC(341) DefNew: 564610K->9152K(629120K)
[533.855s][info][gc,heap        ] GC(341) Tenured: 70795K->70987K(1398144K)
[533.855s][info][gc,metaspace   ] GC(341) Metaspace: 91260K(97712K)->91260K(97712K) NonClass: 79682K(83120K)->79682K(83120K) Class: 11578K(14592K)->11578K(14592K)
[533.855s][info][gc             ] GC(341) Pause Young (Allocation Failure) 620M->78M(1979M) 7.551ms
[533.855s][info][gc,cpu         ] GC(341) User=0.00s Sys=0.00s Real=0.01s
[535.412s][info][gc,start       ] GC(342) Pause Young (Allocation Failure)
[535.418s][info][gc,heap        ] GC(342) DefNew: 566901K->5685K(629120K)
[535.419s][info][gc,heap        ] GC(342) Tenured: 70987K->71104K(1398144K)
[535.419s][info][gc,metaspace   ] GC(342) Metaspace: 91260K(97712K)->91260K(97712K) NonClass: 79682K(83120K)->79682K(83120K) Class: 11578K(14592K)->11578K(14592K)
[535.419s][info][gc             ] GC(342) Pause Young (Allocation Failure) 622M->74M(1979M) 6.712ms
[535.419s][info][gc,cpu         ] GC(342) User=0.00s Sys=0.00s Real=0.01s
[537.242s][info][gc,start       ] GC(343) Pause Young (Allocation Failure)
[537.254s][info][gc,heap        ] GC(343) DefNew: 564917K->8651K(629120K)
[537.254s][info][gc,heap        ] GC(343) Tenured: 71104K->71263K(1398144K)
[537.254s][info][gc,metaspace   ] GC(343) Metaspace: 91263K(97712K)->91263K(97712K) NonClass: 79685K(83120K)->79685K(83120K) Class: 11578K(14592K)->11578K(14592K)
[537.254s][info][gc             ] GC(343) Pause Young (Allocation Failure) 621M->78M(1979M) 11.513ms
[537.254s][info][gc,cpu         ] GC(343) User=0.00s Sys=0.00s Real=0.01s
[537.939s][info][gc,start       ] GC(344) Pause Young (Allocation Failure)
[537.948s][info][gc,heap        ] GC(344) DefNew: 567883K->7432K(629120K)
[537.948s][info][gc,heap        ] GC(344) Tenured: 71263K->71453K(1398144K)
[537.948s][info][gc,metaspace   ] GC(344) Metaspace: 91275K(97712K)->91275K(97712K) NonClass: 79693K(83120K)->79693K(83120K) Class: 11581K(14592K)->11581K(14592K)
[537.948s][info][gc             ] GC(344) Pause Young (Allocation Failure) 624M->77M(1979M) 8.871ms
[537.948s][info][gc,cpu         ] GC(344) User=0.00s Sys=0.00s Real=0.01s
[537.970s][info][gc,start       ] GC(345) Pause Full (System.gc())
[537.972s][info][gc,phases,start] GC(345) Phase 1: Mark live objects
[538.047s][info][gc,phases      ] GC(345) Phase 1: Mark live objects 74.677ms
[538.047s][info][gc,phases,start] GC(345) Phase 2: Compute new object addresses
[538.059s][info][gc,phases      ] GC(345) Phase 2: Compute new object addresses 12.849ms
[538.059s][info][gc,phases,start] GC(345) Phase 3: Adjust pointers
[538.091s][info][gc,phases      ] GC(345) Phase 3: Adjust pointers 31.598ms
[538.091s][info][gc,phases,start] GC(345) Phase 4: Move objects
[538.092s][info][gc,phases      ] GC(345) Phase 4: Move objects 0.550ms
[538.092s][info][gc,heap        ] GC(345) DefNew: 30029K->0K(629120K)
[538.092s][info][gc,heap        ] GC(345) Tenured: 71453K->73767K(1398144K)
[538.092s][info][gc,metaspace   ] GC(345) Metaspace: 91275K(97712K)->91275K(97712K) NonClass: 79693K(83120K)->79693K(83120K) Class: 11581K(14592K)->11581K(14592K)
[538.092s][info][gc             ] GC(345) Pause Full (System.gc()) 99M->72M(1979M) 122.886ms
[538.093s][info][gc,cpu         ] GC(345) User=0.11s Sys=0.00s Real=0.12s
[538.585s][info][gc,start       ] GC(346) Pause Young (Allocation Failure)
[538.589s][info][gc,heap        ] GC(346) DefNew: 558900K->3115K(629120K)
[538.589s][info][gc,heap        ] GC(346) Tenured: 73767K->73767K(1398144K)
[538.589s][info][gc,metaspace   ] GC(346) Metaspace: 91270K(97712K)->91270K(97712K) NonClass: 79690K(83120K)->79690K(83120K) Class: 11579K(14592K)->11579K(14592K)
[538.589s][info][gc             ] GC(346) Pause Young (Allocation Failure) 617M->75M(1979M) 3.369ms
[538.589s][info][gc,cpu         ] GC(346) User=0.00s Sys=0.00s Real=0.00s
[540.531s][info][gc,start       ] GC(347) Pause Young (Allocation Failure)
[540.536s][info][gc,heap        ] GC(347) DefNew: 560209K->4472K(629120K)
[540.536s][info][gc,heap        ] GC(347) Tenured: 73767K->73767K(1398144K)
[540.536s][info][gc,metaspace   ] GC(347) Metaspace: 91270K(97712K)->91270K(97712K) NonClass: 79690K(83120K)->79690K(83120K) Class: 11579K(14592K)->11579K(14592K)
[540.536s][info][gc             ] GC(347) Pause Young (Allocation Failure) 619M->76M(1979M) 4.667ms
[540.536s][info][gc,cpu         ] GC(347) User=0.00s Sys=0.00s Real=0.00s
[542.506s][info][gc,start       ] GC(348) Pause Young (Allocation Failure)
[542.512s][info][gc,heap        ] GC(348) DefNew: 562880K->5258K(629120K)
[542.513s][info][gc,heap        ] GC(348) Tenured: 73767K->73767K(1398144K)
[542.513s][info][gc,metaspace   ] GC(348) Metaspace: 91270K(97712K)->91270K(97712K) NonClass: 79690K(83120K)->79690K(83120K) Class: 11579K(14592K)->11579K(14592K)
[542.513s][info][gc             ] GC(348) Pause Young (Allocation Failure) 621M->77M(1979M) 6.125ms
[542.513s][info][gc,cpu         ] GC(348) User=0.00s Sys=0.00s Real=0.01s
[544.306s][info][gc,start       ] GC(349) Pause Young (Allocation Failure)
[544.313s][info][gc,heap        ] GC(349) DefNew: 564490K->6414K(629120K)
[544.313s][info][gc,heap        ] GC(349) Tenured: 73767K->73767K(1398144K)
[544.313s][info][gc,metaspace   ] GC(349) Metaspace: 91272K(97712K)->91272K(97712K) NonClass: 79692K(83120K)->79692K(83120K) Class: 11579K(14592K)->11579K(14592K)
[544.313s][info][gc             ] GC(349) Pause Young (Allocation Failure) 623M->78M(1979M) 6.849ms
[544.313s][info][gc,cpu         ] GC(349) User=0.00s Sys=0.00s Real=0.01s
[544.787s][info][gc,start       ] GC(350) Pause Young (Allocation Failure)
[544.793s][info][gc,heap        ] GC(350) DefNew: 562950K->12577K(629120K)
[544.793s][info][gc,heap        ] GC(350) Tenured: 73767K->73767K(1398144K)
[544.793s][info][gc,metaspace   ] GC(350) Metaspace: 91272K(97712K)->91272K(97712K) NonClass: 79692K(83120K)->79692K(83120K) Class: 11579K(14592K)->11579K(14592K)
[544.794s][info][gc             ] GC(350) Pause Young (Allocation Failure) 621M->84M(1979M) 6.967ms
[544.794s][info][gc,cpu         ] GC(350) User=0.00s Sys=0.00s Real=0.01s
[546.197s][info][gc,start       ] GC(351) Pause Young (Allocation Failure)
[546.204s][info][gc,heap        ] GC(351) DefNew: 571809K->5390K(629120K)
[546.204s][info][gc,heap        ] GC(351) Tenured: 73767K->73767K(1398144K)
[546.204s][info][gc,metaspace   ] GC(351) Metaspace: 91272K(97712K)->91272K(97712K) NonClass: 79693K(83120K)->79693K(83120K) Class: 11579K(14592K)->11579K(14592K)
[546.204s][info][gc             ] GC(351) Pause Young (Allocation Failure) 630M->77M(1979M) 6.786ms
[546.204s][info][gc,cpu         ] GC(351) User=0.00s Sys=0.00s Real=0.01s
[548.696s][info][gc,start       ] GC(352) Pause Young (Allocation Failure)
[548.703s][info][gc,heap        ] GC(352) DefNew: 564622K->5423K(629120K)
[548.703s][info][gc,heap        ] GC(352) Tenured: 73767K->73767K(1398144K)
[548.703s][info][gc,metaspace   ] GC(352) Metaspace: 91272K(97712K)->91272K(97712K) NonClass: 79693K(83120K)->79693K(83120K) Class: 11579K(14592K)->11579K(14592K)
[548.703s][info][gc             ] GC(352) Pause Young (Allocation Failure) 623M->77M(1979M) 7.481ms
[548.703s][info][gc,cpu         ] GC(352) User=0.00s Sys=0.00s Real=0.01s
[552.167s][info][gc,start       ] GC(353) Pause Young (Allocation Failure)
[552.175s][info][gc,heap        ] GC(353) DefNew: 564655K->6392K(629120K)
[552.175s][info][gc,heap        ] GC(353) Tenured: 73767K->73767K(1398144K)
[552.175s][info][gc,metaspace   ] GC(353) Metaspace: 91274K(97712K)->91274K(97712K) NonClass: 79694K(83120K)->79694K(83120K) Class: 11579K(14592K)->11579K(14592K)
[552.175s][info][gc             ] GC(353) Pause Young (Allocation Failure) 623M->78M(1979M) 8.039ms
[552.175s][info][gc,cpu         ] GC(353) User=0.00s Sys=0.00s Real=0.01s
[552.953s][info][gc,start       ] GC(354) Pause Young (Allocation Failure)
[552.963s][info][gc,heap        ] GC(354) DefNew: 562571K->16757K(629120K)
[552.963s][info][gc,heap        ] GC(354) Tenured: 73767K->73767K(1398144K)
[552.963s][info][gc,metaspace   ] GC(354) Metaspace: 91275K(97712K)->91275K(97712K) NonClass: 79696K(83120K)->79696K(83120K) Class: 11579K(14592K)->11579K(14592K)
[552.963s][info][gc             ] GC(354) Pause Young (Allocation Failure) 621M->88M(1979M) 10.095ms
[552.963s][info][gc,cpu         ] GC(354) User=0.00s Sys=0.00s Real=0.01s
[553.864s][info][gc,start       ] GC(355) Pause Young (Allocation Failure)
[553.871s][info][gc,heap        ] GC(355) DefNew: 575989K->5346K(629120K)
[553.871s][info][gc,heap        ] GC(355) Tenured: 73767K->73767K(1398144K)
[553.871s][info][gc,metaspace   ] GC(355) Metaspace: 91275K(97712K)->91275K(97712K) NonClass: 79696K(83120K)->79696K(83120K) Class: 11579K(14592K)->11579K(14592K)
[553.871s][info][gc             ] GC(355) Pause Young (Allocation Failure) 634M->77M(1979M) 6.561ms
[553.871s][info][gc,cpu         ] GC(355) User=0.00s Sys=0.00s Real=0.01s
[556.950s][info][gc,start       ] GC(356) Pause Young (Allocation Failure)
[556.958s][info][gc,heap        ] GC(356) DefNew: 564484K->6479K(629120K)
[556.958s][info][gc,heap        ] GC(356) Tenured: 73767K->73767K(1398144K)
[556.958s][info][gc,metaspace   ] GC(356) Metaspace: 91275K(97712K)->91275K(97712K) NonClass: 79696K(83120K)->79696K(83120K) Class: 11579K(14592K)->11579K(14592K)
[556.958s][info][gc             ] GC(356) Pause Young (Allocation Failure) 623M->78M(1979M) 7.933ms
[556.958s][info][gc,cpu         ] GC(356) User=0.00s Sys=0.00s Real=0.01s
[559.252s][info][gc,start       ] GC(357) Pause Young (Allocation Failure)
[559.261s][info][gc,heap        ] GC(357) DefNew: 565711K->8984K(629120K)
[559.261s][info][gc,heap        ] GC(357) Tenured: 73767K->73767K(1398144K)
[559.262s][info][gc,metaspace   ] GC(357) Metaspace: 91275K(97712K)->91275K(97712K) NonClass: 79696K(83120K)->79696K(83120K) Class: 11579K(14592K)->11579K(14592K)
[559.262s][info][gc             ] GC(357) Pause Young (Allocation Failure) 624M->80M(1979M) 9.291ms
[559.262s][info][gc,cpu         ] GC(357) User=0.02s Sys=0.00s Real=0.01s
[560.958s][info][gc,start       ] GC(358) Pause Young (Allocation Failure)
[560.977s][info][gc,heap        ] GC(358) DefNew: 568216K->11581K(629120K)
[560.977s][info][gc,heap        ] GC(358) Tenured: 73767K->73767K(1398144K)
[560.977s][info][gc,metaspace   ] GC(358) Metaspace: 91275K(97712K)->91275K(97712K) NonClass: 79696K(83120K)->79696K(83120K) Class: 11579K(14592K)->11579K(14592K)
[560.977s][info][gc             ] GC(358) Pause Young (Allocation Failure) 626M->83M(1979M) 19.145ms
[560.977s][info][gc,cpu         ] GC(358) User=0.00s Sys=0.00s Real=0.02s
[561.528s][info][gc,start       ] GC(359) Pause Young (Allocation Failure)
[561.537s][info][gc,heap        ] GC(359) DefNew: 570813K->8895K(629120K)
[561.537s][info][gc,heap        ] GC(359) Tenured: 73767K->73767K(1398144K)
[561.537s][info][gc,metaspace   ] GC(359) Metaspace: 91275K(97712K)->91275K(97712K) NonClass: 79696K(83120K)->79696K(83120K) Class: 11579K(14592K)->11579K(14592K)
[561.537s][info][gc             ] GC(359) Pause Young (Allocation Failure) 629M->80M(1979M) 9.383ms
[561.537s][info][gc,cpu         ] GC(359) User=0.00s Sys=0.00s Real=0.01s
[563.926s][info][gc,start       ] GC(360) Pause Young (Allocation Failure)
[563.935s][info][gc,heap        ] GC(360) DefNew: 568127K->6796K(629120K)
[563.935s][info][gc,heap        ] GC(360) Tenured: 73767K->73767K(1398144K)
[563.935s][info][gc,metaspace   ] GC(360) Metaspace: 91275K(97712K)->91275K(97712K) NonClass: 79696K(83120K)->79696K(83120K) Class: 11579K(14592K)->11579K(14592K)
[563.935s][info][gc             ] GC(360) Pause Young (Allocation Failure) 626M->78M(1979M) 8.980ms
[563.935s][info][gc,cpu         ] GC(360) User=0.02s Sys=0.00s Real=0.01s
[566.352s][info][gc,start       ] GC(361) Pause Young (Allocation Failure)
[566.360s][info][gc,heap        ] GC(361) DefNew: 565738K->6427K(629120K)
[566.360s][info][gc,heap        ] GC(361) Tenured: 73767K->74299K(1398144K)
[566.360s][info][gc,metaspace   ] GC(361) Metaspace: 91275K(97712K)->91275K(97712K) NonClass: 79696K(83120K)->79696K(83120K) Class: 11579K(14592K)->11579K(14592K)
[566.360s][info][gc             ] GC(361) Pause Young (Allocation Failure) 624M->78M(1979M) 7.750ms
[566.360s][info][gc,cpu         ] GC(361) User=0.00s Sys=0.00s Real=0.01s
[568.572s][info][gc,start       ] GC(362) Pause Young (GCLocker Initiated GC)
[568.582s][info][gc,heap        ] GC(362) DefNew: 565660K->8572K(629120K)
[568.583s][info][gc,heap        ] GC(362) Tenured: 74299K->74489K(1398144K)
[568.583s][info][gc,metaspace   ] GC(362) Metaspace: 91275K(97712K)->91275K(97712K) NonClass: 79696K(83120K)->79696K(83120K) Class: 11579K(14592K)->11579K(14592K)
[568.583s][info][gc             ] GC(362) Pause Young (GCLocker Initiated GC) 624M->81M(1979M) 10.850ms
[568.583s][info][gc,cpu         ] GC(362) User=0.00s Sys=0.00s Real=0.01s
[569.309s][info][gc,start       ] GC(363) Pause Young (Allocation Failure)
[569.318s][info][gc,heap        ] GC(363) DefNew: 565805K->13191K(629120K)
[569.318s][info][gc,heap        ] GC(363) Tenured: 74489K->74690K(1398144K)
[569.318s][info][gc,metaspace   ] GC(363) Metaspace: 91275K(97712K)->91275K(97712K) NonClass: 79696K(83120K)->79696K(83120K) Class: 11579K(14592K)->11579K(14592K)
[569.318s][info][gc             ] GC(363) Pause Young (Allocation Failure) 625M->85M(1979M) 9.069ms
[569.318s][info][gc,cpu         ] GC(363) User=0.02s Sys=0.00s Real=0.01s
[570.953s][info][gc,start       ] GC(364) Pause Young (Allocation Failure)
[570.961s][info][gc,heap        ] GC(364) DefNew: 572423K->6567K(629120K)
[570.961s][info][gc,heap        ] GC(364) Tenured: 74690K->74837K(1398144K)
[570.961s][info][gc,metaspace   ] GC(364) Metaspace: 91275K(97712K)->91275K(97712K) NonClass: 79696K(83120K)->79696K(83120K) Class: 11579K(14592K)->11579K(14592K)
[570.961s][info][gc             ] GC(364) Pause Young (Allocation Failure) 631M->79M(1979M) 8.062ms
[570.961s][info][gc,cpu         ] GC(364) User=0.00s Sys=0.00s Real=0.01s
[573.297s][info][gc,start       ] GC(365) Pause Young (Allocation Failure)
[573.309s][info][gc,heap        ] GC(365) DefNew: 565799K->8905K(629120K)
[573.309s][info][gc,heap        ] GC(365) Tenured: 74837K->74903K(1398144K)
[573.309s][info][gc,metaspace   ] GC(365) Metaspace: 91275K(97712K)->91275K(97712K) NonClass: 79696K(83120K)->79696K(83120K) Class: 11579K(14592K)->11579K(14592K)
[573.309s][info][gc             ] GC(365) Pause Young (Allocation Failure) 625M->81M(1979M) 12.032ms
[573.309s][info][gc,cpu         ] GC(365) User=0.00s Sys=0.00s Real=0.01s
[573.996s][info][gc,start       ] GC(366) Pause Young (Allocation Failure)
[574.006s][info][gc,heap        ] GC(366) DefNew: 566026K->13245K(629120K)
[574.006s][info][gc,heap        ] GC(366) Tenured: 74903K->75084K(1398144K)
[574.006s][info][gc,metaspace   ] GC(366) Metaspace: 91275K(97712K)->91275K(97712K) NonClass: 79696K(83120K)->79696K(83120K) Class: 11579K(14592K)->11579K(14592K)
[574.006s][info][gc             ] GC(366) Pause Young (Allocation Failure) 625M->86M(1979M) 9.315ms
[574.006s][info][gc,cpu         ] GC(366) User=0.00s Sys=0.00s Real=0.01s
[575.813s][info][gc,start       ] GC(367) Pause Young (Allocation Failure)
[575.819s][info][gc,heap        ] GC(367) DefNew: 572040K->5523K(629120K)
[575.819s][info][gc,heap        ] GC(367) Tenured: 75084K->75220K(1398144K)
[575.819s][info][gc,metaspace   ] GC(367) Metaspace: 91275K(97712K)->91275K(97712K) NonClass: 79696K(83120K)->79696K(83120K) Class: 11579K(14592K)->11579K(14592K)
[575.819s][info][gc             ] GC(367) Pause Young (Allocation Failure) 631M->78M(1979M) 6.887ms
[575.819s][info][gc,cpu         ] GC(367) User=0.00s Sys=0.00s Real=0.01s
[578.057s][info][gc,start       ] GC(368) Pause Young (Allocation Failure)
[578.068s][info][gc,heap        ] GC(368) DefNew: 564755K->8242K(629120K)
[578.068s][info][gc,heap        ] GC(368) Tenured: 75220K->75381K(1398144K)
[578.068s][info][gc,metaspace   ] GC(368) Metaspace: 91275K(97712K)->91275K(97712K) NonClass: 79696K(83120K)->79696K(83120K) Class: 11579K(14592K)->11579K(14592K)
[578.068s][info][gc             ] GC(368) Pause Young (Allocation Failure) 624M->81M(1979M) 11.610ms
[578.068s][info][gc,cpu         ] GC(368) User=0.00s Sys=0.00s Real=0.01s
[578.621s][info][gc,start       ] GC(369) Pause Young (Allocation Failure)
[578.628s][info][gc,heap        ] GC(369) DefNew: 564963K->8879K(629120K)
[578.628s][info][gc,heap        ] GC(369) Tenured: 75381K->75505K(1398144K)
[578.628s][info][gc,metaspace   ] GC(369) Metaspace: 91280K(97712K)->91280K(97712K) NonClass: 79700K(83120K)->79700K(83120K) Class: 11579K(14592K)->11579K(14592K)
[578.628s][info][gc             ] GC(369) Pause Young (Allocation Failure) 625M->82M(1979M) 7.928ms
[578.628s][info][gc,cpu         ] GC(369) User=0.00s Sys=0.00s Real=0.01s
[580.412s][info][gc,start       ] GC(370) Pause Young (Allocation Failure)
[580.422s][info][gc,heap        ] GC(370) DefNew: 568111K->7404K(629120K)
[580.422s][info][gc,heap        ] GC(370) Tenured: 75505K->75613K(1398144K)
[580.422s][info][gc,metaspace   ] GC(370) Metaspace: 91280K(97712K)->91280K(97712K) NonClass: 79700K(83120K)->79700K(83120K) Class: 11579K(14592K)->11579K(14592K)
[580.422s][info][gc             ] GC(370) Pause Young (Allocation Failure) 628M->81M(1979M) 9.444ms
[580.422s][info][gc,cpu         ] GC(370) User=0.00s Sys=0.00s Real=0.01s
[582.523s][info][gc,start       ] GC(371) Pause Young (Allocation Failure)
[582.533s][info][gc,heap        ] GC(371) DefNew: 566636K->8489K(629120K)
[582.533s][info][gc,heap        ] GC(371) Tenured: 75613K->75771K(1398144K)
[582.533s][info][gc,metaspace   ] GC(371) Metaspace: 91284K(97712K)->91284K(97712K) NonClass: 79704K(83120K)->79704K(83120K) Class: 11579K(14592K)->11579K(14592K)
[582.533s][info][gc             ] GC(371) Pause Young (Allocation Failure) 627M->82M(1979M) 10.320ms
[582.533s][info][gc,cpu         ] GC(371) User=0.00s Sys=0.00s Real=0.01s
[583.102s][info][gc,start       ] GC(372) Pause Young (Allocation Failure)
[583.111s][info][gc,heap        ] GC(372) DefNew: 567544K->8991K(629120K)
[583.111s][info][gc,heap        ] GC(372) Tenured: 75771K->75959K(1398144K)
[583.111s][info][gc,metaspace   ] GC(372) Metaspace: 91289K(97712K)->91289K(97712K) NonClass: 79709K(83120K)->79709K(83120K) Class: 11579K(14592K)->11579K(14592K)
[583.111s][info][gc             ] GC(372) Pause Young (Allocation Failure) 628M->82M(1979M) 8.751ms
[583.111s][info][gc,cpu         ] GC(372) User=0.00s Sys=0.00s Real=0.01s
[584.929s][info][gc,start       ] GC(373) Pause Young (Allocation Failure)
[584.938s][info][gc,heap        ] GC(373) DefNew: 567250K->6021K(629120K)
[584.938s][info][gc,heap        ] GC(373) Tenured: 75959K->76082K(1398144K)
[584.938s][info][gc,metaspace   ] GC(373) Metaspace: 91289K(97712K)->91289K(97712K) NonClass: 79709K(83120K)->79709K(83120K) Class: 11579K(14592K)->11579K(14592K)
[584.938s][info][gc             ] GC(373) Pause Young (Allocation Failure) 628M->80M(1979M) 9.029ms
[584.938s][info][gc,cpu         ] GC(373) User=0.00s Sys=0.00s Real=0.01s
[587.173s][info][gc,start       ] GC(374) Pause Young (Allocation Failure)
[587.185s][info][gc,heap        ] GC(374) DefNew: 565253K->8295K(629120K)
[587.185s][info][gc,heap        ] GC(374) Tenured: 76082K->76161K(1398144K)
[587.185s][info][gc,metaspace   ] GC(374) Metaspace: 91293K(97712K)->91293K(97712K) NonClass: 79714K(83120K)->79714K(83120K) Class: 11579K(14592K)->11579K(14592K)
[587.185s][info][gc             ] GC(374) Pause Young (Allocation Failure) 626M->82M(1979M) 12.500ms
[587.185s][info][gc,cpu         ] GC(374) User=0.00s Sys=0.00s Real=0.01s
[588.019s][info][gc,start       ] GC(375) Pause Young (Allocation Failure)
[588.031s][info][gc,heap        ] GC(375) DefNew: 567527K->7384K(629120K)
[588.031s][info][gc,heap        ] GC(375) Tenured: 76161K->76356K(1398144K)
[588.031s][info][gc,metaspace   ] GC(375) Metaspace: 91295K(97712K)->91295K(97712K) NonClass: 79715K(83120K)->79715K(83120K) Class: 11579K(14592K)->11579K(14592K)
[588.031s][info][gc             ] GC(375) Pause Young (Allocation Failure) 628M->81M(1979M) 11.242ms
[588.031s][info][gc,cpu         ] GC(375) User=0.02s Sys=0.00s Real=0.01s
[588.053s][info][gc,start       ] GC(376) Pause Full (System.gc())
[588.056s][info][gc,phases,start] GC(376) Phase 1: Mark live objects
[588.117s][info][gc,phases      ] GC(376) Phase 1: Mark live objects 60.486ms
[588.117s][info][gc,phases,start] GC(376) Phase 2: Compute new object addresses
[588.131s][info][gc,phases      ] GC(376) Phase 2: Compute new object addresses 14.391ms
[588.131s][info][gc,phases,start] GC(376) Phase 3: Adjust pointers
[588.169s][info][gc,phases      ] GC(376) Phase 3: Adjust pointers 37.592ms
[588.169s][info][gc,phases,start] GC(376) Phase 4: Move objects
[588.178s][info][gc,phases      ] GC(376) Phase 4: Move objects 8.597ms
[588.178s][info][gc,heap        ] GC(376) DefNew: 33298K->0K(629120K)
[588.178s][info][gc,heap        ] GC(376) Tenured: 76356K->55864K(1398144K)
[588.178s][info][gc,metaspace   ] GC(376) Metaspace: 91295K(97712K)->91295K(97712K) NonClass: 79715K(83120K)->79715K(83120K) Class: 11579K(14592K)->11579K(14592K)
[588.178s][info][gc             ] GC(376) Pause Full (System.gc()) 107M->54M(1979M) 125.664ms
[588.179s][info][gc,cpu         ] GC(376) User=0.06s Sys=0.00s Real=0.13s
[588.776s][info][gc,start       ] GC(377) Pause Young (Allocation Failure)
[588.780s][info][gc,heap        ] GC(377) DefNew: 559232K->3123K(629120K)
[588.780s][info][gc,heap        ] GC(377) Tenured: 55864K->55864K(1398144K)
[588.780s][info][gc,metaspace   ] GC(377) Metaspace: 91295K(97712K)->91295K(97712K) NonClass: 79715K(83120K)->79715K(83120K) Class: 11579K(14592K)->11579K(14592K)
[588.780s][info][gc             ] GC(377) Pause Young (Allocation Failure) 600M->57M(1979M) 3.770ms
[588.780s][info][gc,cpu         ] GC(377) User=0.00s Sys=0.00s Real=0.00s
[591.113s][info][gc,start       ] GC(378) Pause Young (Allocation Failure)
[591.118s][info][gc,heap        ] GC(378) DefNew: 560097K->4468K(629120K)
[591.118s][info][gc,heap        ] GC(378) Tenured: 55864K->55864K(1398144K)
[591.118s][info][gc,metaspace   ] GC(378) Metaspace: 91295K(97712K)->91295K(97712K) NonClass: 79715K(83120K)->79715K(83120K) Class: 11579K(14592K)->11579K(14592K)
[591.118s][info][gc             ] GC(378) Pause Young (Allocation Failure) 601M->58M(1979M) 5.111ms
[591.118s][info][gc,cpu         ] GC(378) User=0.02s Sys=0.00s Real=0.00s
[593.471s][info][gc,start       ] GC(379) Pause Young (Allocation Failure)
[593.478s][info][gc,heap        ] GC(379) DefNew: 563655K->5142K(629120K)
[593.478s][info][gc,heap        ] GC(379) Tenured: 55864K->55864K(1398144K)
[593.478s][info][gc,metaspace   ] GC(379) Metaspace: 91295K(97712K)->91295K(97712K) NonClass: 79715K(83120K)->79715K(83120K) Class: 11579K(14592K)->11579K(14592K)
[593.478s][info][gc             ] GC(379) Pause Young (Allocation Failure) 604M->59M(1979M) 7.188ms
[593.478s][info][gc,cpu         ] GC(379) User=0.02s Sys=0.02s Real=0.01s
[595.546s][info][gc,start       ] GC(380) Pause Young (Allocation Failure)
[595.555s][info][gc,heap        ] GC(380) DefNew: 564374K->6720K(629120K)
[595.555s][info][gc,heap        ] GC(380) Tenured: 55864K->55864K(1398144K)
[595.555s][info][gc,metaspace   ] GC(380) Metaspace: 91297K(97712K)->91297K(97712K) NonClass: 79717K(83120K)->79717K(83120K) Class: 11579K(14592K)->11579K(14592K)
[595.555s][info][gc             ] GC(380) Pause Young (Allocation Failure) 605M->61M(1979M) 8.554ms
[595.555s][info][gc,cpu         ] GC(380) User=0.00s Sys=0.00s Real=0.01s
[596.125s][info][gc,start       ] GC(381) Pause Young (GCLocker Initiated GC)
[596.132s][info][gc,heap        ] GC(381) DefNew: 566287K->12356K(629120K)
[596.132s][info][gc,heap        ] GC(381) Tenured: 55864K->55864K(1398144K)
[596.132s][info][gc,metaspace   ] GC(381) Metaspace: 91297K(97712K)->91297K(97712K) NonClass: 79717K(83120K)->79717K(83120K) Class: 11579K(14592K)->11579K(14592K)
[596.132s][info][gc             ] GC(381) Pause Young (GCLocker Initiated GC) 607M->66M(1979M) 7.417ms
[596.132s][info][gc,cpu         ] GC(381) User=0.00s Sys=0.00s Real=0.01s
[597.891s][info][gc,start       ] GC(382) Pause Young (Allocation Failure)
[597.898s][info][gc,heap        ] GC(382) DefNew: 571588K->6692K(629120K)
[597.898s][info][gc,heap        ] GC(382) Tenured: 55864K->55864K(1398144K)
[597.898s][info][gc,metaspace   ] GC(382) Metaspace: 91302K(97712K)->91302K(97712K) NonClass: 79723K(83120K)->79723K(83120K) Class: 11579K(14592K)->11579K(14592K)
[597.898s][info][gc             ] GC(382) Pause Young (Allocation Failure) 612M->61M(1979M) 7.329ms
[597.898s][info][gc,cpu         ] GC(382) User=0.02s Sys=0.00s Real=0.01s
[600.438s][info][gc,start       ] GC(383) Pause Young (Allocation Failure)
[600.443s][info][gc,heap        ] GC(383) DefNew: 565924K->5426K(629120K)
[600.443s][info][gc,heap        ] GC(383) Tenured: 55864K->55864K(1398144K)
[600.443s][info][gc,metaspace   ] GC(383) Metaspace: 91302K(97712K)->91302K(97712K) NonClass: 79723K(83120K)->79723K(83120K) Class: 11579K(14592K)->11579K(14592K)
[600.444s][info][gc             ] GC(383) Pause Young (Allocation Failure) 607M->59M(1979M) 5.787ms
[600.444s][info][gc,cpu         ] GC(383) User=0.00s Sys=0.00s Real=0.01s
[603.449s][info][gc,start       ] GC(384) Pause Young (Allocation Failure)
[603.456s][info][gc,heap        ] GC(384) DefNew: 564658K->5871K(629120K)
[603.456s][info][gc,heap        ] GC(384) Tenured: 55864K->55864K(1398144K)
[603.456s][info][gc,metaspace   ] GC(384) Metaspace: 91305K(97712K)->91305K(97712K) NonClass: 79725K(83120K)->79725K(83120K) Class: 11579K(14592K)->11579K(14592K)
[603.456s][info][gc             ] GC(384) Pause Young (Allocation Failure) 605M->60M(1979M) 6.294ms
[603.456s][info][gc,cpu         ] GC(384) User=0.00s Sys=0.00s Real=0.01s
[604.255s][info][gc,start       ] GC(385) Pause Young (Allocation Failure)
[604.265s][info][gc,heap        ] GC(385) DefNew: 565103K->7101K(629120K)
[604.265s][info][gc,heap        ] GC(385) Tenured: 55864K->55864K(1398144K)
[604.265s][info][gc,metaspace   ] GC(385) Metaspace: 91307K(97712K)->91307K(97712K) NonClass: 79727K(83120K)->79727K(83120K) Class: 11579K(14592K)->11579K(14592K)
[604.265s][info][gc             ] GC(385) Pause Young (Allocation Failure) 606M->61M(1979M) 10.111ms
[604.265s][info][gc,cpu         ] GC(385) User=0.00s Sys=0.00s Real=0.01s
[605.402s][info][gc,start       ] GC(386) Pause Young (Allocation Failure)
[605.409s][info][gc,heap        ] GC(386) DefNew: 566333K->5526K(629120K)
[605.409s][info][gc,heap        ] GC(386) Tenured: 55864K->55864K(1398144K)
[605.409s][info][gc,metaspace   ] GC(386) Metaspace: 91307K(97712K)->91307K(97712K) NonClass: 79727K(83120K)->79727K(83120K) Class: 11579K(14592K)->11579K(14592K)
[605.409s][info][gc             ] GC(386) Pause Young (Allocation Failure) 607M->59M(1979M) 6.279ms
[605.409s][info][gc,cpu         ] GC(386) User=0.00s Sys=0.00s Real=0.01s
[608.780s][info][gc,start       ] GC(387) Pause Young (Allocation Failure)
[608.790s][info][gc,heap        ] GC(387) DefNew: 564758K->7102K(629120K)
[608.790s][info][gc,heap        ] GC(387) Tenured: 55864K->55864K(1398144K)
[608.790s][info][gc,metaspace   ] GC(387) Metaspace: 91307K(97712K)->91307K(97712K) NonClass: 79727K(83120K)->79727K(83120K) Class: 11579K(14592K)->11579K(14592K)
[608.790s][info][gc             ] GC(387) Pause Young (Allocation Failure) 606M->61M(1979M) 10.278ms
[608.790s][info][gc,cpu         ] GC(387) User=0.02s Sys=0.00s Real=0.01s
[611.303s][info][gc,start       ] GC(388) Pause Young (Allocation Failure)
[611.310s][info][gc,heap        ] GC(388) DefNew: 566330K->6221K(629120K)
[611.310s][info][gc,heap        ] GC(388) Tenured: 55864K->55864K(1398144K)
[611.310s][info][gc,metaspace   ] GC(388) Metaspace: 91307K(97712K)->91307K(97712K) NonClass: 79727K(83120K)->79727K(83120K) Class: 11579K(14592K)->11579K(14592K)
[611.310s][info][gc             ] GC(388) Pause Young (Allocation Failure) 607M->60M(1979M) 6.997ms
[611.310s][info][gc,cpu         ] GC(388) User=0.00s Sys=0.00s Real=0.01s
[612.879s][info][gc,start       ] GC(389) Pause Young (Allocation Failure)
[612.897s][info][gc,heap        ] GC(389) DefNew: 565453K->11840K(629120K)
[612.897s][info][gc,heap        ] GC(389) Tenured: 55864K->55864K(1398144K)
[612.897s][info][gc,metaspace   ] GC(389) Metaspace: 91307K(97712K)->91307K(97712K) NonClass: 79728K(83120K)->79728K(83120K) Class: 11579K(14592K)->11579K(14592K)
[612.897s][info][gc             ] GC(389) Pause Young (Allocation Failure) 606M->66M(1979M) 18.401ms
[612.897s][info][gc,cpu         ] GC(389) User=0.00s Sys=0.00s Real=0.02s
[613.534s][info][gc,start       ] GC(390) Pause Young (Allocation Failure)
[613.541s][info][gc,heap        ] GC(390) DefNew: 571072K->8895K(629120K)
[613.541s][info][gc,heap        ] GC(390) Tenured: 55864K->55864K(1398144K)
[613.541s][info][gc,metaspace   ] GC(390) Metaspace: 91307K(97712K)->91307K(97712K) NonClass: 79728K(83120K)->79728K(83120K) Class: 11579K(14592K)->11579K(14592K)
[613.541s][info][gc             ] GC(390) Pause Young (Allocation Failure) 612M->63M(1979M) 7.816ms
[613.541s][info][gc,cpu         ] GC(390) User=0.00s Sys=0.00s Real=0.01s
[615.910s][info][gc,start       ] GC(391) Pause Young (Allocation Failure)
[615.918s][info][gc,heap        ] GC(391) DefNew: 568127K->8075K(629120K)
[615.919s][info][gc,heap        ] GC(391) Tenured: 55864K->55864K(1398144K)
[615.919s][info][gc,metaspace   ] GC(391) Metaspace: 91307K(97712K)->91307K(97712K) NonClass: 79728K(83120K)->79728K(83120K) Class: 11579K(14592K)->11579K(14592K)
[615.919s][info][gc             ] GC(391) Pause Young (Allocation Failure) 609M->62M(1979M) 8.648ms
[615.919s][info][gc,cpu         ] GC(391) User=0.02s Sys=0.00s Real=0.01s
[618.294s][info][gc,start       ] GC(392) Pause Young (Allocation Failure)
[618.303s][info][gc,heap        ] GC(392) DefNew: 567307K->6829K(629120K)
[618.303s][info][gc,heap        ] GC(392) Tenured: 55864K->56393K(1398144K)
[618.303s][info][gc,metaspace   ] GC(392) Metaspace: 91307K(97712K)->91307K(97712K) NonClass: 79728K(83120K)->79728K(83120K) Class: 11579K(14592K)->11579K(14592K)
[618.303s][info][gc             ] GC(392) Pause Young (Allocation Failure) 608M->61M(1979M) 9.214ms
[618.303s][info][gc,cpu         ] GC(392) User=0.00s Sys=0.00s Real=0.01s
[620.552s][info][gc,start       ] GC(393) Pause Young (Allocation Failure)
[620.564s][info][gc,heap        ] GC(393) DefNew: 565383K->7875K(629120K)
[620.564s][info][gc,heap        ] GC(393) Tenured: 56393K->56581K(1398144K)
[620.564s][info][gc,metaspace   ] GC(393) Metaspace: 91307K(97712K)->91307K(97712K) NonClass: 79728K(83120K)->79728K(83120K) Class: 11579K(14592K)->11579K(14592K)
[620.564s][info][gc             ] GC(393) Pause Young (Allocation Failure) 607M->62M(1979M) 11.514ms
[620.564s][info][gc,cpu         ] GC(393) User=0.02s Sys=0.00s Real=0.01s
[621.213s][info][gc,start       ] GC(394) Pause Young (Allocation Failure)
[621.223s][info][gc,heap        ] GC(394) DefNew: 565405K->9191K(629120K)
[621.223s][info][gc,heap        ] GC(394) Tenured: 56581K->56782K(1398144K)
[621.223s][info][gc,metaspace   ] GC(394) Metaspace: 91308K(97712K)->91308K(97712K) NonClass: 79729K(83120K)->79729K(83120K) Class: 11579K(14592K)->11579K(14592K)
[621.223s][info][gc             ] GC(394) Pause Young (Allocation Failure) 607M->64M(1979M) 9.396ms
[621.223s][info][gc,cpu         ] GC(394) User=0.00s Sys=0.00s Real=0.01s
[622.926s][info][gc,start       ] GC(395) Pause Young (Allocation Failure)
[622.934s][info][gc,heap        ] GC(395) DefNew: 568423K->6577K(629120K)
[622.934s][info][gc,heap        ] GC(395) Tenured: 56782K->56933K(1398144K)
[622.934s][info][gc,metaspace   ] GC(395) Metaspace: 91313K(97712K)->91313K(97712K) NonClass: 79733K(83120K)->79733K(83120K) Class: 11579K(14592K)->11579K(14592K)
[622.935s][info][gc             ] GC(395) Pause Young (Allocation Failure) 610M->62M(1979M) 8.965ms
[622.935s][info][gc,cpu         ] GC(395) User=0.02s Sys=0.00s Real=0.01s
[625.174s][info][gc,start       ] GC(396) Pause Young (Allocation Failure)
[625.183s][info][gc,heap        ] GC(396) DefNew: 565035K->7686K(629120K)
[625.183s][info][gc,heap        ] GC(396) Tenured: 56933K->56998K(1398144K)
[625.183s][info][gc,metaspace   ] GC(396) Metaspace: 91313K(97712K)->91313K(97712K) NonClass: 79733K(83120K)->79733K(83120K) Class: 11579K(14592K)->11579K(14592K)
[625.183s][info][gc             ] GC(396) Pause Young (Allocation Failure) 607M->63M(1979M) 9.461ms
[625.183s][info][gc,cpu         ] GC(396) User=0.00s Sys=0.00s Real=0.01s
[625.819s][info][gc,start       ] GC(397) Pause Young (Allocation Failure)
[625.828s][info][gc,heap        ] GC(397) DefNew: 566918K->12870K(629120K)
[625.829s][info][gc,heap        ] GC(397) Tenured: 56998K->57180K(1398144K)
[625.829s][info][gc,metaspace   ] GC(397) Metaspace: 91313K(97712K)->91313K(97712K) NonClass: 79733K(83120K)->79733K(83120K) Class: 11579K(14592K)->11579K(14592K)
[625.829s][info][gc             ] GC(397) Pause Young (Allocation Failure) 609M->68M(1979M) 9.161ms
[625.829s][info][gc,cpu         ] GC(397) User=0.00s Sys=0.00s Real=0.01s
[627.597s][info][gc,start       ] GC(398) Pause Young (Allocation Failure)
[627.606s][info][gc,heap        ] GC(398) DefNew: 572102K->6381K(629120K)
[627.606s][info][gc,heap        ] GC(398) Tenured: 57180K->57319K(1398144K)
[627.606s][info][gc,metaspace   ] GC(398) Metaspace: 91318K(97712K)->91318K(97712K) NonClass: 79737K(83120K)->79737K(83120K) Class: 11580K(14592K)->11580K(14592K)
[627.606s][info][gc             ] GC(398) Pause Young (Allocation Failure) 614M->62M(1979M) 9.167ms
[627.606s][info][gc,cpu         ] GC(398) User=0.02s Sys=0.00s Real=0.01s
[629.771s][info][gc,start       ] GC(399) Pause Young (Allocation Failure)
[629.781s][info][gc,heap        ] GC(399) DefNew: 565613K->8200K(629120K)
[629.781s][info][gc,heap        ] GC(399) Tenured: 57319K->57487K(1398144K)
[629.781s][info][gc,metaspace   ] GC(399) Metaspace: 91318K(97712K)->91318K(97712K) NonClass: 79737K(83120K)->79737K(83120K) Class: 11580K(14592K)->11580K(14592K)
[629.781s][info][gc             ] GC(399) Pause Young (Allocation Failure) 608M->64M(1979M) 10.875ms
[629.781s][info][gc,cpu         ] GC(399) User=0.00s Sys=0.00s Real=0.01s
[630.314s][info][gc,start       ] GC(400) Pause Young (Allocation Failure)
[630.324s][info][gc,heap        ] GC(400) DefNew: 564534K->8943K(629120K)
[630.324s][info][gc,heap        ] GC(400) Tenured: 57487K->57604K(1398144K)
[630.324s][info][gc,metaspace   ] GC(400) Metaspace: 91318K(97712K)->91318K(97712K) NonClass: 79738K(83120K)->79738K(83120K) Class: 11580K(14592K)->11580K(14592K)
[630.324s][info][gc             ] GC(400) Pause Young (Allocation Failure) 607M->64M(1979M) 9.512ms
[630.324s][info][gc,cpu         ] GC(400) User=0.02s Sys=0.00s Real=0.01s
[632.089s][info][gc,start       ] GC(401) Pause Young (GCLocker Initiated GC)
[632.098s][info][gc,heap        ] GC(401) DefNew: 568241K->9188K(629120K)
[632.098s][info][gc,heap        ] GC(401) Tenured: 57604K->57764K(1398144K)
[632.098s][info][gc,metaspace   ] GC(401) Metaspace: 91318K(97712K)->91318K(97712K) NonClass: 79738K(83120K)->79738K(83120K) Class: 11580K(14592K)->11580K(14592K)
[632.098s][info][gc             ] GC(401) Pause Young (GCLocker Initiated GC) 611M->65M(1979M) 8.769ms
[632.098s][info][gc,cpu         ] GC(401) User=0.00s Sys=0.00s Real=0.01s
[634.139s][info][gc,start       ] GC(402) Pause Young (Allocation Failure)
[634.151s][info][gc,heap        ] GC(402) DefNew: 568420K->8633K(629120K)
[634.151s][info][gc,heap        ] GC(402) Tenured: 57764K->57879K(1398144K)
[634.151s][info][gc,metaspace   ] GC(402) Metaspace: 91323K(97712K)->91323K(97712K) NonClass: 79743K(83120K)->79743K(83120K) Class: 11580K(14592K)->11580K(14592K)
[634.151s][info][gc             ] GC(402) Pause Young (Allocation Failure) 611M->64M(1979M) 11.874ms
[634.151s][info][gc,cpu         ] GC(402) User=0.00s Sys=0.00s Real=0.01s
[634.717s][info][gc,start       ] GC(403) Pause Young (Allocation Failure)
[634.726s][info][gc,heap        ] GC(403) DefNew: 564388K->8552K(629120K)
[634.726s][info][gc,heap        ] GC(403) Tenured: 57879K->58068K(1398144K)
[634.726s][info][gc,metaspace   ] GC(403) Metaspace: 91326K(97712K)->91326K(97712K) NonClass: 79746K(83120K)->79746K(83120K) Class: 11580K(14592K)->11580K(14592K)
[634.726s][info][gc             ] GC(403) Pause Young (Allocation Failure) 607M->65M(1979M) 9.054ms
[634.726s][info][gc,cpu         ] GC(403) User=0.02s Sys=0.00s Real=0.01s
[636.622s][info][gc,start       ] GC(404) Pause Young (Allocation Failure)
[636.630s][info][gc,heap        ] GC(404) DefNew: 566296K->5589K(629120K)
[636.630s][info][gc,heap        ] GC(404) Tenured: 58068K->58187K(1398144K)
[636.630s][info][gc,metaspace   ] GC(404) Metaspace: 91326K(97712K)->91326K(97712K) NonClass: 79746K(83120K)->79746K(83120K) Class: 11580K(14592K)->11580K(14592K)
[636.630s][info][gc             ] GC(404) Pause Young (Allocation Failure) 609M->62M(1979M) 7.410ms
[636.630s][info][gc,cpu         ] GC(404) User=0.00s Sys=0.00s Real=0.01s
[638.838s][info][gc,start       ] GC(405) Pause Young (Allocation Failure)
[638.850s][info][gc,heap        ] GC(405) DefNew: 564821K->8542K(629120K)
[638.850s][info][gc,heap        ] GC(405) Tenured: 58187K->58276K(1398144K)
[638.850s][info][gc,metaspace   ] GC(405) Metaspace: 91327K(97712K)->91327K(97712K) NonClass: 79747K(83120K)->79747K(83120K) Class: 11580K(14592K)->11580K(14592K)
[638.850s][info][gc             ] GC(405) Pause Young (Allocation Failure) 608M->65M(1979M) 11.639ms
[638.850s][info][gc,cpu         ] GC(405) User=0.00s Sys=0.00s Real=0.01s
[639.704s][info][gc,start       ] GC(406) Pause Young (Allocation Failure)
[639.714s][info][gc,heap        ] GC(406) DefNew: 567774K->7139K(629120K)
[639.714s][info][gc,heap        ] GC(406) Tenured: 58276K->58470K(1398144K)
[639.714s][info][gc,metaspace   ] GC(406) Metaspace: 91333K(97712K)->91333K(97712K) NonClass: 79751K(83120K)->79751K(83120K) Class: 11581K(14592K)->11581K(14592K)
[639.714s][info][gc             ] GC(406) Pause Young (Allocation Failure) 611M->64M(1979M) 9.983ms
[639.714s][info][gc,cpu         ] GC(406) User=0.02s Sys=0.00s Real=0.01s
[639.739s][info][gc,start       ] GC(407) Pause Full (System.gc())
[639.742s][info][gc,phases,start] GC(407) Phase 1: Mark live objects
[639.824s][info][gc,phases      ] GC(407) Phase 1: Mark live objects 81.908ms
[639.824s][info][gc,phases,start] GC(407) Phase 2: Compute new object addresses
[639.838s][info][gc,phases      ] GC(407) Phase 2: Compute new object addresses 14.430ms
[639.838s][info][gc,phases,start] GC(407) Phase 3: Adjust pointers
[639.874s][info][gc,phases      ] GC(407) Phase 3: Adjust pointers 35.680ms
[639.874s][info][gc,phases,start] GC(407) Phase 4: Move objects
[639.875s][info][gc,phases      ] GC(407) Phase 4: Move objects 0.779ms
[639.876s][info][gc,heap        ] GC(407) DefNew: 28138K->0K(629120K)
[639.876s][info][gc,heap        ] GC(407) Tenured: 58470K->60811K(1398144K)
[639.876s][info][gc,metaspace   ] GC(407) Metaspace: 91333K(97712K)->91333K(97712K) NonClass: 79751K(83120K)->79751K(83120K) Class: 11581K(14592K)->11581K(14592K)
[639.876s][info][gc             ] GC(407) Pause Full (System.gc()) 84M->59M(1979M) 136.525ms
[639.876s][info][gc,cpu         ] GC(407) User=0.12s Sys=0.00s Real=0.14s
[640.488s][info][gc,start       ] GC(408) Pause Young (Allocation Failure)
[640.492s][info][gc,heap        ] GC(408) DefNew: 558827K->3060K(629120K)
[640.492s][info][gc,heap        ] GC(408) Tenured: 60811K->60811K(1398144K)
[640.492s][info][gc,metaspace   ] GC(408) Metaspace: 91332K(97712K)->91332K(97712K) NonClass: 79750K(83120K)->79750K(83120K) Class: 11581K(14592K)->11581K(14592K)
[640.492s][info][gc             ] GC(408) Pause Young (Allocation Failure) 605M->62M(1979M) 4.205ms
[640.493s][info][gc,cpu         ] GC(408) User=0.02s Sys=0.00s Real=0.00s
[642.819s][info][gc,start       ] GC(409) Pause Young (Allocation Failure)
[642.825s][info][gc,heap        ] GC(409) DefNew: 560402K->4400K(629120K)
[642.825s][info][gc,heap        ] GC(409) Tenured: 60811K->60811K(1398144K)
[642.825s][info][gc,metaspace   ] GC(409) Metaspace: 91332K(97712K)->91332K(97712K) NonClass: 79751K(83120K)->79751K(83120K) Class: 11581K(14592K)->11581K(14592K)
[642.825s][info][gc             ] GC(409) Pause Young (Allocation Failure) 606M->63M(1979M) 5.753ms
[642.825s][info][gc,cpu         ] GC(409) User=0.00s Sys=0.00s Real=0.01s
[645.172s][info][gc,start       ] GC(410) Pause Young (Allocation Failure)
[645.178s][info][gc,heap        ] GC(410) DefNew: 563371K->4934K(629120K)
[645.178s][info][gc,heap        ] GC(410) Tenured: 60811K->60811K(1398144K)
[645.178s][info][gc,metaspace   ] GC(410) Metaspace: 91334K(97712K)->91334K(97712K) NonClass: 79753K(83120K)->79753K(83120K) Class: 11581K(14592K)->11581K(14592K)
[645.178s][info][gc             ] GC(410) Pause Young (Allocation Failure) 609M->64M(1979M) 5.810ms
[645.178s][info][gc,cpu         ] GC(410) User=0.00s Sys=0.00s Real=0.01s
[647.216s][info][gc,start       ] GC(411) Pause Young (Allocation Failure)
[647.227s][info][gc,heap        ] GC(411) DefNew: 564166K->7314K(629120K)
[647.227s][info][gc,heap        ] GC(411) Tenured: 60811K->60811K(1398144K)
[647.227s][info][gc,metaspace   ] GC(411) Metaspace: 91334K(97712K)->91334K(97712K) NonClass: 79753K(83120K)->79753K(83120K) Class: 11581K(14592K)->11581K(14592K)
[647.227s][info][gc             ] GC(411) Pause Young (Allocation Failure) 610M->66M(1979M) 11.779ms
[647.228s][info][gc,cpu         ] GC(411) User=0.00s Sys=0.00s Real=0.01s
[647.799s][info][gc,start       ] GC(412) Pause Young (Allocation Failure)
[647.807s][info][gc,heap        ] GC(412) DefNew: 566231K->16989K(629120K)
[647.807s][info][gc,heap        ] GC(412) Tenured: 60811K->60811K(1398144K)
[647.807s][info][gc,metaspace   ] GC(412) Metaspace: 91334K(97712K)->91334K(97712K) NonClass: 79753K(83120K)->79753K(83120K) Class: 11581K(14592K)->11581K(14592K)
[647.807s][info][gc             ] GC(412) Pause Young (Allocation Failure) 612M->75M(1979M) 8.178ms
[647.807s][info][gc,cpu         ] GC(412) User=0.00s Sys=0.00s Real=0.01s
[649.626s][info][gc,start       ] GC(413) Pause Young (Allocation Failure)
[649.633s][info][gc,heap        ] GC(413) DefNew: 576221K->6544K(629120K)
[649.633s][info][gc,heap        ] GC(413) Tenured: 60811K->60811K(1398144K)
[649.633s][info][gc,metaspace   ] GC(413) Metaspace: 91334K(97712K)->91334K(97712K) NonClass: 79753K(83120K)->79753K(83120K) Class: 11581K(14592K)->11581K(14592K)
[649.633s][info][gc             ] GC(413) Pause Young (Allocation Failure) 622M->65M(1979M) 7.688ms
[649.633s][info][gc,cpu         ] GC(413) User=0.00s Sys=0.00s Real=0.01s
[651.998s][info][gc,start       ] GC(414) Pause Young (Allocation Failure)
[652.003s][info][gc,heap        ] GC(414) DefNew: 565776K->5282K(629120K)
[652.003s][info][gc,heap        ] GC(414) Tenured: 60811K->60811K(1398144K)
[652.003s][info][gc,metaspace   ] GC(414) Metaspace: 91334K(97712K)->91334K(97712K) NonClass: 79753K(83120K)->79753K(83120K) Class: 11581K(14592K)->11581K(14592K)
[652.003s][info][gc             ] GC(414) Pause Young (Allocation Failure) 611M->64M(1979M) 5.410ms
[652.003s][info][gc,cpu         ] GC(414) User=0.00s Sys=0.00s Real=0.00s
[655.045s][info][gc,start       ] GC(415) Pause Young (Allocation Failure)
[655.051s][info][gc,heap        ] GC(415) DefNew: 564514K->5594K(629120K)
[655.051s][info][gc,heap        ] GC(415) Tenured: 60811K->60811K(1398144K)
[655.051s][info][gc,metaspace   ] GC(415) Metaspace: 91340K(97712K)->91340K(97712K) NonClass: 79759K(83120K)->79759K(83120K) Class: 11581K(14592K)->11581K(14592K)
[655.051s][info][gc             ] GC(415) Pause Young (Allocation Failure) 610M->64M(1979M) 6.335ms
[655.051s][info][gc,cpu         ] GC(415) User=0.00s Sys=0.00s Real=0.01s
[655.761s][info][gc,start       ] GC(416) Pause Young (Allocation Failure)
[655.771s][info][gc,heap        ] GC(416) DefNew: 562709K->16483K(629120K)
[655.771s][info][gc,heap        ] GC(416) Tenured: 60811K->60811K(1398144K)
[655.771s][info][gc,metaspace   ] GC(416) Metaspace: 91340K(97712K)->91340K(97712K) NonClass: 79759K(83120K)->79759K(83120K) Class: 11581K(14592K)->11581K(14592K)
[655.771s][info][gc             ] GC(416) Pause Young (Allocation Failure) 608M->75M(1979M) 9.355ms
[655.771s][info][gc,cpu         ] GC(416) User=0.00s Sys=0.00s Real=0.01s
[656.618s][info][gc,start       ] GC(417) Pause Young (Allocation Failure)
[656.624s][info][gc,heap        ] GC(417) DefNew: 575715K->5169K(629120K)
[656.624s][info][gc,heap        ] GC(417) Tenured: 60811K->60811K(1398144K)
[656.624s][info][gc,metaspace   ] GC(417) Metaspace: 91340K(97712K)->91340K(97712K) NonClass: 79759K(83120K)->79759K(83120K) Class: 11581K(14592K)->11581K(14592K)
[656.624s][info][gc             ] GC(417) Pause Young (Allocation Failure) 621M->64M(1979M) 5.812ms
[656.624s][info][gc,cpu         ] GC(417) User=0.00s Sys=0.00s Real=0.01s
[659.522s][info][gc,start       ] GC(418) Pause Young (Allocation Failure)
[659.530s][info][gc,heap        ] GC(418) DefNew: 564401K->6739K(629120K)
[659.530s][info][gc,heap        ] GC(418) Tenured: 60811K->60811K(1398144K)
[659.530s][info][gc,metaspace   ] GC(418) Metaspace: 91340K(97712K)->91340K(97712K) NonClass: 79759K(83120K)->79759K(83120K) Class: 11581K(14592K)->11581K(14592K)
[659.530s][info][gc             ] GC(418) Pause Young (Allocation Failure) 610M->65M(1979M) 7.541ms
[659.530s][info][gc,cpu         ] GC(418) User=0.00s Sys=0.00s Real=0.01s
[661.933s][info][gc,start       ] GC(419) Pause Young (Allocation Failure)
[661.941s][info][gc,heap        ] GC(419) DefNew: 564911K->6286K(629120K)
[661.941s][info][gc,heap        ] GC(419) Tenured: 60811K->60811K(1398144K)
[661.941s][info][gc,metaspace   ] GC(419) Metaspace: 91340K(97712K)->91340K(97712K) NonClass: 79759K(83120K)->79759K(83120K) Class: 11581K(14592K)->11581K(14592K)
[661.941s][info][gc             ] GC(419) Pause Young (Allocation Failure) 611M->65M(1979M) 7.888ms
[661.941s][info][gc,cpu         ] GC(419) User=0.00s Sys=0.00s Real=0.01s
[663.459s][info][gc,start       ] GC(420) Pause Young (Allocation Failure)
[663.479s][info][gc,heap        ] GC(420) DefNew: 565518K->11727K(629120K)
[663.479s][info][gc,heap        ] GC(420) Tenured: 60811K->60811K(1398144K)
[663.479s][info][gc,metaspace   ] GC(420) Metaspace: 91357K(97712K)->91357K(97712K) NonClass: 79775K(83120K)->79775K(83120K) Class: 11581K(14592K)->11581K(14592K)
[663.479s][info][gc             ] GC(420) Pause Young (Allocation Failure) 611M->70M(1979M) 20.549ms
[663.479s][info][gc,cpu         ] GC(420) User=0.00s Sys=0.00s Real=0.02s
[664.097s][info][gc,start       ] GC(421) Pause Young (Allocation Failure)
[664.104s][info][gc,heap        ] GC(421) DefNew: 569689K->8553K(629120K)
[664.104s][info][gc,heap        ] GC(421) Tenured: 60811K->60811K(1398144K)
[664.104s][info][gc,metaspace   ] GC(421) Metaspace: 91357K(97712K)->91357K(97712K) NonClass: 79775K(83120K)->79775K(83120K) Class: 11581K(14592K)->11581K(14592K)
[664.104s][info][gc             ] GC(421) Pause Young (Allocation Failure) 615M->67M(1979M) 7.246ms
[664.104s][info][gc,cpu         ] GC(421) User=0.00s Sys=0.00s Real=0.01s
[666.453s][info][gc,start       ] GC(422) Pause Young (Allocation Failure)
[666.462s][info][gc,heap        ] GC(422) DefNew: 567785K->7913K(629120K)
[666.462s][info][gc,heap        ] GC(422) Tenured: 60811K->60811K(1398144K)
[666.462s][info][gc,metaspace   ] GC(422) Metaspace: 91357K(97712K)->91357K(97712K) NonClass: 79775K(83120K)->79775K(83120K) Class: 11581K(14592K)->11581K(14592K)
[666.462s][info][gc             ] GC(422) Pause Young (Allocation Failure) 613M->67M(1979M) 8.985ms
[666.462s][info][gc,cpu         ] GC(422) User=0.00s Sys=0.00s Real=0.01s
[668.811s][info][gc,start       ] GC(423) Pause Young (Allocation Failure)
[668.818s][info][gc,heap        ] GC(423) DefNew: 563168K->6278K(629120K)
[668.818s][info][gc,heap        ] GC(423) Tenured: 60811K->61276K(1398144K)
[668.818s][info][gc,metaspace   ] GC(423) Metaspace: 91357K(97712K)->91357K(97712K) NonClass: 79775K(83120K)->79775K(83120K) Class: 11581K(14592K)->11581K(14592K)
[668.818s][info][gc             ] GC(423) Pause Young (Allocation Failure) 609M->65M(1979M) 7.747ms
[668.818s][info][gc,cpu         ] GC(423) User=0.00s Sys=0.00s Real=0.01s
[670.945s][info][gc,start       ] GC(424) Pause Young (Allocation Failure)
[670.956s][info][gc,heap        ] GC(424) DefNew: 565510K->11410K(629120K)
[670.956s][info][gc,heap        ] GC(424) Tenured: 61276K->61484K(1398144K)
[670.956s][info][gc,metaspace   ] GC(424) Metaspace: 91357K(97712K)->91357K(97712K) NonClass: 79775K(83120K)->79775K(83120K) Class: 11581K(14592K)->11581K(14592K)
[670.957s][info][gc             ] GC(424) Pause Young (Allocation Failure) 612M->71M(1979M) 11.352ms
[670.957s][info][gc,cpu         ] GC(424) User=0.00s Sys=0.00s Real=0.01s
[671.685s][info][gc,start       ] GC(425) Pause Young (Allocation Failure)
[671.694s][info][gc,heap        ] GC(425) DefNew: 569450K->13134K(629120K)
[671.694s][info][gc,heap        ] GC(425) Tenured: 61484K->61670K(1398144K)
[671.694s][info][gc,metaspace   ] GC(425) Metaspace: 91357K(97712K)->91357K(97712K) NonClass: 79775K(83120K)->79775K(83120K) Class: 11581K(14592K)->11581K(14592K)
[671.694s][info][gc             ] GC(425) Pause Young (Allocation Failure) 616M->73M(1979M) 9.514ms
[671.694s][info][gc,cpu         ] GC(425) User=0.00s Sys=0.00s Real=0.01s
[673.350s][info][gc,start       ] GC(426) Pause Young (Allocation Failure)
[673.357s][info][gc,heap        ] GC(426) DefNew: 572298K->5990K(629120K)
[673.357s][info][gc,heap        ] GC(426) Tenured: 61670K->61820K(1398144K)
[673.357s][info][gc,metaspace   ] GC(426) Metaspace: 91361K(97712K)->91361K(97712K) NonClass: 79780K(83120K)->79780K(83120K) Class: 11581K(14592K)->11581K(14592K)
[673.358s][info][gc             ] GC(426) Pause Young (Allocation Failure) 619M->66M(1979M) 7.988ms
[673.358s][info][gc,cpu         ] GC(426) User=0.00s Sys=0.00s Real=0.01s
[675.580s][info][gc,start       ] GC(427) Pause Young (Allocation Failure)
[675.589s][info][gc,heap        ] GC(427) DefNew: 565222K->7695K(629120K)
[675.589s][info][gc,heap        ] GC(427) Tenured: 61820K->61887K(1398144K)
[675.589s][info][gc,metaspace   ] GC(427) Metaspace: 91361K(97712K)->91361K(97712K) NonClass: 79780K(83120K)->79780K(83120K) Class: 11581K(14592K)->11581K(14592K)
[675.589s][info][gc             ] GC(427) Pause Young (Allocation Failure) 612M->67M(1979M) 9.045ms
[675.590s][info][gc,cpu         ] GC(427) User=0.00s Sys=0.00s Real=0.01s
[676.170s][info][gc,start       ] GC(428) Pause Young (Allocation Failure)
[676.180s][info][gc,heap        ] GC(428) DefNew: 565065K->22002K(629120K)
[676.180s][info][gc,heap        ] GC(428) Tenured: 61887K->62073K(1398144K)
[676.180s][info][gc,metaspace   ] GC(428) Metaspace: 91361K(97712K)->91361K(97712K) NonClass: 79780K(83120K)->79780K(83120K) Class: 11581K(14592K)->11581K(14592K)
[676.180s][info][gc             ] GC(428) Pause Young (Allocation Failure) 612M->82M(1979M) 10.162ms
[676.180s][info][gc,cpu         ] GC(428) User=0.00s Sys=0.00s Real=0.01s
[677.959s][info][gc,start       ] GC(429) Pause Young (Allocation Failure)
[677.967s][info][gc,heap        ] GC(429) DefNew: 581234K->6342K(629120K)
[677.967s][info][gc,heap        ] GC(429) Tenured: 62073K->62215K(1398144K)
[677.967s][info][gc,metaspace   ] GC(429) Metaspace: 91361K(97712K)->91361K(97712K) NonClass: 79780K(83120K)->79780K(83120K) Class: 11581K(14592K)->11581K(14592K)
[677.967s][info][gc             ] GC(429) Pause Young (Allocation Failure) 628M->66M(1979M) 8.653ms
[677.967s][info][gc,cpu         ] GC(429) User=0.00s Sys=0.00s Real=0.01s
[680.180s][info][gc,start       ] GC(430) Pause Young (Allocation Failure)
[680.191s][info][gc,heap        ] GC(430) DefNew: 565574K->8242K(629120K)
[680.191s][info][gc,heap        ] GC(430) Tenured: 62215K->62381K(1398144K)
[680.191s][info][gc,metaspace   ] GC(430) Metaspace: 91361K(97712K)->91361K(97712K) NonClass: 79780K(83120K)->79780K(83120K) Class: 11581K(14592K)->11581K(14592K)
[680.191s][info][gc             ] GC(430) Pause Young (Allocation Failure) 613M->68M(1979M) 10.462ms
[680.191s][info][gc,cpu         ] GC(430) User=0.00s Sys=0.00s Real=0.01s
[680.725s][info][gc,start       ] GC(431) Pause Young (Allocation Failure)
[680.734s][info][gc,heap        ] GC(431) DefNew: 566772K->8333K(629120K)
[680.734s][info][gc,heap        ] GC(431) Tenured: 62381K->62500K(1398144K)
[680.734s][info][gc,metaspace   ] GC(431) Metaspace: 91361K(97712K)->91361K(97712K) NonClass: 79780K(83120K)->79780K(83120K) Class: 11581K(14592K)->11581K(14592K)
[680.734s][info][gc             ] GC(431) Pause Young (Allocation Failure) 614M->69M(1979M) 9.053ms
[680.734s][info][gc,cpu         ] GC(431) User=0.00s Sys=0.00s Real=0.01s
[682.607s][info][gc,start       ] GC(432) Pause Young (Allocation Failure)
[682.615s][info][gc,heap        ] GC(432) DefNew: 566595K->6178K(629120K)
[682.615s][info][gc,heap        ] GC(432) Tenured: 62500K->62635K(1398144K)
[682.615s][info][gc,metaspace   ] GC(432) Metaspace: 91361K(97712K)->91361K(97712K) NonClass: 79780K(83120K)->79780K(83120K) Class: 11581K(14592K)->11581K(14592K)
[682.615s][info][gc             ] GC(432) Pause Young (Allocation Failure) 614M->67M(1979M) 8.064ms
[682.615s][info][gc,cpu         ] GC(432) User=0.02s Sys=0.00s Real=0.01s
[684.614s][info][gc,start       ] GC(433) Pause Young (Allocation Failure)
[684.625s][info][gc,heap        ] GC(433) DefNew: 565410K->8625K(629120K)
[684.625s][info][gc,heap        ] GC(433) Tenured: 62635K->62780K(1398144K)
[684.625s][info][gc,metaspace   ] GC(433) Metaspace: 91361K(97712K)->91361K(97712K) NonClass: 79780K(83120K)->79780K(83120K) Class: 11581K(14592K)->11581K(14592K)
[684.625s][info][gc             ] GC(433) Pause Young (Allocation Failure) 613M->69M(1979M) 11.008ms
[684.625s][info][gc,cpu         ] GC(433) User=0.00s Sys=0.00s Real=0.01s
[685.170s][info][gc,start       ] GC(434) Pause Young (Allocation Failure)
[685.179s][info][gc,heap        ] GC(434) DefNew: 566835K->13735K(629120K)
[685.179s][info][gc,heap        ] GC(434) Tenured: 62780K->62972K(1398144K)
[685.179s][info][gc,metaspace   ] GC(434) Metaspace: 91361K(97712K)->91361K(97712K) NonClass: 79780K(83120K)->79780K(83120K) Class: 11581K(14592K)->11581K(14592K)
[685.179s][info][gc             ] GC(434) Pause Young (Allocation Failure) 614M->74M(1979M) 9.117ms
[685.179s][info][gc,cpu         ] GC(434) User=0.00s Sys=0.00s Real=0.01s
[687.040s][info][gc,start       ] GC(435) Pause Young (Allocation Failure)
[687.048s][info][gc,heap        ] GC(435) DefNew: 572967K->6193K(629120K)
[687.048s][info][gc,heap        ] GC(435) Tenured: 62972K->63091K(1398144K)
[687.048s][info][gc,metaspace   ] GC(435) Metaspace: 91361K(97712K)->91361K(97712K) NonClass: 79780K(83120K)->79780K(83120K) Class: 11581K(14592K)->11581K(14592K)
[687.048s][info][gc             ] GC(435) Pause Young (Allocation Failure) 621M->67M(1979M) 8.295ms
[687.048s][info][gc,cpu         ] GC(435) User=0.00s Sys=0.00s Real=0.01s
[689.218s][info][gc,start       ] GC(436) Pause Young (Allocation Failure)
[689.232s][info][gc,heap        ] GC(436) DefNew: 565425K->9068K(629120K)
[689.232s][info][gc,heap        ] GC(436) Tenured: 63091K->63251K(1398144K)
[689.232s][info][gc,metaspace   ] GC(436) Metaspace: 91361K(97712K)->91361K(97712K) NonClass: 79780K(83120K)->79780K(83120K) Class: 11581K(14592K)->11581K(14592K)
[689.232s][info][gc             ] GC(436) Pause Young (Allocation Failure) 613M->70M(1979M) 14.732ms
[689.232s][info][gc,cpu         ] GC(436) User=0.00s Sys=0.00s Real=0.02s
[690.088s][info][gc,start       ] GC(437) Pause Young (Allocation Failure)
[690.098s][info][gc,heap        ] GC(437) DefNew: 568300K->6981K(629120K)
[690.098s][info][gc,heap        ] GC(437) Tenured: 63251K->63444K(1398144K)
[690.098s][info][gc,metaspace   ] GC(437) Metaspace: 91362K(97712K)->91362K(97712K) NonClass: 79781K(83120K)->79781K(83120K) Class: 11581K(14592K)->11581K(14592K)
[690.098s][info][gc             ] GC(437) Pause Young (Allocation Failure) 616M->68M(1979M) 9.739ms
[690.098s][info][gc,cpu         ] GC(437) User=0.00s Sys=0.00s Real=0.01s
[690.130s][info][gc,start       ] GC(438) Pause Full (System.gc())
[690.135s][info][gc,phases,start] GC(438) Phase 1: Mark live objects
[690.198s][info][gc,phases      ] GC(438) Phase 1: Mark live objects 62.636ms
[690.198s][info][gc,phases,start] GC(438) Phase 2: Compute new object addresses
[690.212s][info][gc,phases      ] GC(438) Phase 2: Compute new object addresses 13.769ms
[690.212s][info][gc,phases,start] GC(438) Phase 3: Adjust pointers
[690.251s][info][gc,phases      ] GC(438) Phase 3: Adjust pointers 39.418ms
[690.251s][info][gc,phases,start] GC(438) Phase 4: Move objects
[690.252s][info][gc,phases      ] GC(438) Phase 4: Move objects 0.757ms
[690.253s][info][gc,heap        ] GC(438) DefNew: 20100K->0K(629120K)
[690.253s][info][gc,heap        ] GC(438) Tenured: 63444K->65658K(1398144K)
[690.253s][info][gc,metaspace   ] GC(438) Metaspace: 91362K(97712K)->91362K(97712K) NonClass: 79781K(83120K)->79781K(83120K) Class: 11581K(14592K)->11581K(14592K)
[690.253s][info][gc             ] GC(438) Pause Full (System.gc()) 81M->64M(1979M) 123.446ms
[690.253s][info][gc,cpu         ] GC(438) User=0.06s Sys=0.02s Real=0.12s
[690.830s][info][gc,start       ] GC(439) Pause Young (Allocation Failure)
[690.834s][info][gc,heap        ] GC(439) DefNew: 557716K->3113K(629120K)
[690.834s][info][gc,heap        ] GC(439) Tenured: 65658K->65658K(1398144K)
[690.834s][info][gc,metaspace   ] GC(439) Metaspace: 91362K(97712K)->91362K(97712K) NonClass: 79781K(83120K)->79781K(83120K) Class: 11581K(14592K)->11581K(14592K)
[690.834s][info][gc             ] GC(439) Pause Young (Allocation Failure) 608M->67M(1979M) 4.040ms
[690.834s][info][gc,cpu         ] GC(439) User=0.00s Sys=0.00s Real=0.00s
[693.319s][info][gc,start       ] GC(440) Pause Young (Allocation Failure)
[693.324s][info][gc,heap        ] GC(440) DefNew: 561134K->4476K(629120K)
[693.324s][info][gc,heap        ] GC(440) Tenured: 65658K->65658K(1398144K)
[693.324s][info][gc,metaspace   ] GC(440) Metaspace: 91364K(97712K)->91364K(97712K) NonClass: 79783K(83120K)->79783K(83120K) Class: 11581K(14592K)->11581K(14592K)
[693.324s][info][gc             ] GC(440) Pause Young (Allocation Failure) 612M->68M(1979M) 5.598ms
[693.324s][info][gc,cpu         ] GC(440) User=0.00s Sys=0.00s Real=0.01s
[695.630s][info][gc,start       ] GC(441) Pause Young (Allocation Failure)
[695.636s][info][gc,heap        ] GC(441) DefNew: 562931K->5189K(629120K)
[695.636s][info][gc,heap        ] GC(441) Tenured: 65658K->65658K(1398144K)
[695.636s][info][gc,metaspace   ] GC(441) Metaspace: 91364K(97712K)->91364K(97712K) NonClass: 79783K(83120K)->79783K(83120K) Class: 11581K(14592K)->11581K(14592K)
[695.636s][info][gc             ] GC(441) Pause Young (Allocation Failure) 613M->69M(1979M) 6.285ms
[695.636s][info][gc,cpu         ] GC(441) User=0.00s Sys=0.00s Real=0.01s
[697.681s][info][gc,start       ] GC(442) Pause Young (Allocation Failure)
[697.689s][info][gc,heap        ] GC(442) DefNew: 561219K->6478K(629120K)
[697.689s][info][gc,heap        ] GC(442) Tenured: 65658K->65658K(1398144K)
[697.689s][info][gc,metaspace   ] GC(442) Metaspace: 91364K(97712K)->91364K(97712K) NonClass: 79783K(83120K)->79783K(83120K) Class: 11581K(14592K)->11581K(14592K)
[697.689s][info][gc             ] GC(442) Pause Young (Allocation Failure) 612M->70M(1979M) 8.119ms
[697.689s][info][gc,cpu         ] GC(442) User=0.00s Sys=0.00s Real=0.01s
[698.277s][info][gc,start       ] GC(443) Pause Young (Allocation Failure)
[698.285s][info][gc,heap        ] GC(443) DefNew: 565710K->11619K(629120K)
[698.285s][info][gc,heap        ] GC(443) Tenured: 65658K->65658K(1398144K)
[698.285s][info][gc,metaspace   ] GC(443) Metaspace: 91364K(97712K)->91364K(97712K) NonClass: 79783K(83120K)->79783K(83120K) Class: 11581K(14592K)->11581K(14592K)
[698.285s][info][gc             ] GC(443) Pause Young (Allocation Failure) 616M->75M(1979M) 7.203ms
[698.285s][info][gc,cpu         ] GC(443) User=0.00s Sys=0.00s Real=0.01s
[699.935s][info][gc,start       ] GC(444) Pause Young (Allocation Failure)
[699.941s][info][gc,heap        ] GC(444) DefNew: 570851K->4804K(629120K)
[699.941s][info][gc,heap        ] GC(444) Tenured: 65658K->65658K(1398144K)
[699.941s][info][gc,metaspace   ] GC(444) Metaspace: 91364K(97712K)->91364K(97712K) NonClass: 79783K(83120K)->79783K(83120K) Class: 11581K(14592K)->11581K(14592K)
[699.941s][info][gc             ] GC(444) Pause Young (Allocation Failure) 621M->68M(1979M) 6.029ms
[699.941s][info][gc,cpu         ] GC(444) User=0.00s Sys=0.00s Real=0.01s
[702.348s][info][gc,start       ] GC(445) Pause Young (Allocation Failure)
[702.354s][info][gc,heap        ] GC(445) DefNew: 564036K->5428K(629120K)
[702.354s][info][gc,heap        ] GC(445) Tenured: 65658K->65658K(1398144K)
[702.354s][info][gc,metaspace   ] GC(445) Metaspace: 91366K(97712K)->91366K(97712K) NonClass: 79785K(83120K)->79785K(83120K) Class: 11581K(14592K)->11581K(14592K)
[702.354s][info][gc             ] GC(445) Pause Young (Allocation Failure) 614M->69M(1979M) 6.075ms
[702.354s][info][gc,cpu         ] GC(445) User=0.00s Sys=0.00s Real=0.01s
[705.416s][info][gc,start       ] GC(446) Pause Young (Allocation Failure)
[705.424s][info][gc,heap        ] GC(446) DefNew: 564660K->6447K(629120K)
[705.424s][info][gc,heap        ] GC(446) Tenured: 65658K->65658K(1398144K)
[705.424s][info][gc,metaspace   ] GC(446) Metaspace: 91367K(97712K)->91367K(97712K) NonClass: 79786K(83120K)->79786K(83120K) Class: 11581K(14592K)->11581K(14592K)
[705.424s][info][gc             ] GC(446) Pause Young (Allocation Failure) 615M->70M(1979M) 8.364ms
[705.424s][info][gc,cpu         ] GC(446) User=0.00s Sys=0.00s Real=0.01s
[706.141s][info][gc,start       ] GC(447) Pause Young (Allocation Failure)
[706.150s][info][gc,heap        ] GC(447) DefNew: 563361K->16670K(629120K)
[706.151s][info][gc,heap        ] GC(447) Tenured: 65658K->65658K(1398144K)
[706.151s][info][gc,metaspace   ] GC(447) Metaspace: 91369K(97712K)->91369K(97712K) NonClass: 79787K(83120K)->79787K(83120K) Class: 11581K(14592K)->11581K(14592K)
[706.151s][info][gc             ] GC(447) Pause Young (Allocation Failure) 614M->80M(1979M) 10.055ms
[706.151s][info][gc,cpu         ] GC(447) User=0.00s Sys=0.00s Real=0.01s
[706.971s][info][gc,start       ] GC(448) Pause Young (Allocation Failure)
[706.977s][info][gc,heap        ] GC(448) DefNew: 575902K->4970K(629120K)
[706.977s][info][gc,heap        ] GC(448) Tenured: 65658K->65658K(1398144K)
[706.977s][info][gc,metaspace   ] GC(448) Metaspace: 91369K(97712K)->91369K(97712K) NonClass: 79787K(83120K)->79787K(83120K) Class: 11581K(14592K)->11581K(14592K)
[706.977s][info][gc             ] GC(448) Pause Young (Allocation Failure) 626M->68M(1979M) 5.825ms
[706.977s][info][gc,cpu         ] GC(448) User=0.00s Sys=0.00s Real=0.00s
[709.949s][info][gc,start       ] GC(449) Pause Young (Allocation Failure)
[709.958s][info][gc,heap        ] GC(449) DefNew: 564202K->6734K(629120K)
[709.958s][info][gc,heap        ] GC(449) Tenured: 65658K->65658K(1398144K)
[709.958s][info][gc,metaspace   ] GC(449) Metaspace: 91369K(97712K)->91369K(97712K) NonClass: 79787K(83120K)->79787K(83120K) Class: 11581K(14592K)->11581K(14592K)
[709.958s][info][gc             ] GC(449) Pause Young (Allocation Failure) 615M->70M(1979M) 9.069ms
[709.958s][info][gc,cpu         ] GC(449) User=0.00s Sys=0.00s Real=0.01s
[712.213s][info][gc,start       ] GC(450) Pause Young (Allocation Failure)
[712.224s][info][gc,heap        ] GC(450) DefNew: 565966K->9349K(629120K)
[712.224s][info][gc,heap        ] GC(450) Tenured: 65658K->65658K(1398144K)
[712.224s][info][gc,metaspace   ] GC(450) Metaspace: 91369K(97712K)->91369K(97712K) NonClass: 79787K(83120K)->79787K(83120K) Class: 11581K(14592K)->11581K(14592K)
[712.224s][info][gc             ] GC(450) Pause Young (Allocation Failure) 616M->73M(1979M) 10.559ms
[712.224s][info][gc,cpu         ] GC(450) User=0.00s Sys=0.00s Real=0.01s
[713.887s][info][gc,start       ] GC(451) Pause Young (Allocation Failure)
[713.905s][info][gc,heap        ] GC(451) DefNew: 568581K->11427K(629120K)
[713.905s][info][gc,heap        ] GC(451) Tenured: 65658K->65658K(1398144K)
[713.905s][info][gc,metaspace   ] GC(451) Metaspace: 91369K(97712K)->91369K(97712K) NonClass: 79787K(83120K)->79787K(83120K) Class: 11581K(14592K)->11581K(14592K)
[713.905s][info][gc             ] GC(451) Pause Young (Allocation Failure) 619M->75M(1979M) 18.295ms
[713.905s][info][gc,cpu         ] GC(451) User=0.00s Sys=0.00s Real=0.02s
[714.395s][info][gc,start       ] GC(452) Pause Young (Allocation Failure)
[714.404s][info][gc,heap        ] GC(452) DefNew: 570659K->9052K(629120K)
[714.404s][info][gc,heap        ] GC(452) Tenured: 65658K->65658K(1398144K)
[714.404s][info][gc,metaspace   ] GC(452) Metaspace: 91370K(97712K)->91370K(97712K) NonClass: 79789K(83120K)->79789K(83120K) Class: 11581K(14592K)->11581K(14592K)
[714.404s][info][gc             ] GC(452) Pause Young (Allocation Failure) 621M->72M(1979M) 8.951ms
[714.404s][info][gc,cpu         ] GC(452) User=0.00s Sys=0.00s Real=0.01s
[716.867s][info][gc,start       ] GC(453) Pause Young (Allocation Failure)
[716.874s][info][gc,heap        ] GC(453) DefNew: 567754K->6327K(629120K)
[716.874s][info][gc,heap        ] GC(453) Tenured: 65658K->65658K(1398144K)
[716.874s][info][gc,metaspace   ] GC(453) Metaspace: 91370K(97712K)->91370K(97712K) NonClass: 79789K(83120K)->79789K(83120K) Class: 11581K(14592K)->11581K(14592K)
[716.874s][info][gc             ] GC(453) Pause Young (Allocation Failure) 618M->70M(1979M) 7.563ms
[716.874s][info][gc,cpu         ] GC(453) User=0.00s Sys=0.00s Real=0.01s
[719.193s][info][gc,start       ] GC(454) Pause Young (Allocation Failure)
[719.202s][info][gc,heap        ] GC(454) DefNew: 565557K->8261K(629120K)
[719.202s][info][gc,heap        ] GC(454) Tenured: 65658K->66190K(1398144K)
[719.202s][info][gc,metaspace   ] GC(454) Metaspace: 91370K(97712K)->91370K(97712K) NonClass: 79789K(83120K)->79789K(83120K) Class: 11581K(14592K)->11581K(14592K)
[719.202s][info][gc             ] GC(454) Pause Young (Allocation Failure) 616M->72M(1979M) 8.784ms
[719.202s][info][gc,cpu         ] GC(454) User=0.00s Sys=0.00s Real=0.01s
[721.414s][info][gc,start       ] GC(455) Pause Young (Allocation Failure)
[721.424s][info][gc,heap        ] GC(455) DefNew: 567493K->8154K(629120K)
[721.424s][info][gc,heap        ] GC(455) Tenured: 66190K->66399K(1398144K)
[721.424s][info][gc,metaspace   ] GC(455) Metaspace: 91370K(97712K)->91370K(97712K) NonClass: 79789K(83120K)->79789K(83120K) Class: 11581K(14592K)->11581K(14592K)
[721.424s][info][gc             ] GC(455) Pause Young (Allocation Failure) 618M->72M(1979M) 10.676ms
[721.424s][info][gc,cpu         ] GC(455) User=0.00s Sys=0.00s Real=0.01s
[722.150s][info][gc,start       ] GC(456) Pause Young (Allocation Failure)
[722.160s][info][gc,heap        ] GC(456) DefNew: 563836K->21300K(629120K)
[722.160s][info][gc,heap        ] GC(456) Tenured: 66399K->66585K(1398144K)
[722.160s][info][gc,metaspace   ] GC(456) Metaspace: 91371K(97712K)->91371K(97712K) NonClass: 79790K(83120K)->79790K(83120K) Class: 11581K(14592K)->11581K(14592K)
[722.160s][info][gc             ] GC(456) Pause Young (Allocation Failure) 615M->85M(1979M) 10.089ms
[722.160s][info][gc,cpu         ] GC(456) User=0.00s Sys=0.00s Real=0.01s
[723.736s][info][gc,start       ] GC(457) Pause Young (Allocation Failure)
[723.745s][info][gc,heap        ] GC(457) DefNew: 580532K->6460K(629120K)
[723.745s][info][gc,heap        ] GC(457) Tenured: 66585K->66737K(1398144K)
[723.745s][info][gc,metaspace   ] GC(457) Metaspace: 91371K(97712K)->91371K(97712K) NonClass: 79790K(83120K)->79790K(83120K) Class: 11581K(14592K)->11581K(14592K)
[723.745s][info][gc             ] GC(457) Pause Young (Allocation Failure) 631M->71M(1979M) 8.829ms
[723.745s][info][gc,cpu         ] GC(457) User=0.00s Sys=0.00s Real=0.01s
[726.176s][info][gc,start       ] GC(458) Pause Young (Allocation Failure)
[726.186s][info][gc,heap        ] GC(458) DefNew: 565692K->11260K(629120K)
[726.186s][info][gc,heap        ] GC(458) Tenured: 66737K->66807K(1398144K)
[726.186s][info][gc,metaspace   ] GC(458) Metaspace: 91371K(97712K)->91371K(97712K) NonClass: 79790K(83120K)->79790K(83120K) Class: 11581K(14592K)->11581K(14592K)
[726.186s][info][gc             ] GC(458) Pause Young (Allocation Failure) 617M->76M(1979M) 10.758ms
[726.186s][info][gc,cpu         ] GC(458) User=0.00s Sys=0.00s Real=0.01s
[726.891s][info][gc,start       ] GC(459) Pause Young (Allocation Failure)
[726.901s][info][gc,heap        ] GC(459) DefNew: 570492K->8450K(629120K)
[726.901s][info][gc,heap        ] GC(459) Tenured: 66807K->66990K(1398144K)
[726.901s][info][gc,metaspace   ] GC(459) Metaspace: 91371K(97712K)->91371K(97712K) NonClass: 79790K(83120K)->79790K(83120K) Class: 11581K(14592K)->11581K(14592K)
[726.901s][info][gc             ] GC(459) Pause Young (Allocation Failure) 622M->73M(1979M) 9.936ms
[726.901s][info][gc,cpu         ] GC(459) User=0.00s Sys=0.05s Real=0.01s
[728.702s][info][gc,start       ] GC(460) Pause Young (Allocation Failure)
[728.711s][info][gc,heap        ] GC(460) DefNew: 567682K->5908K(629120K)
[728.711s][info][gc,heap        ] GC(460) Tenured: 66990K->67129K(1398144K)
[728.711s][info][gc,metaspace   ] GC(460) Metaspace: 91371K(97712K)->91371K(97712K) NonClass: 79790K(83120K)->79790K(83120K) Class: 11581K(14592K)->11581K(14592K)
[728.711s][info][gc             ] GC(460) Pause Young (Allocation Failure) 619M->71M(1979M) 8.941ms
[728.711s][info][gc,cpu         ] GC(460) User=0.00s Sys=0.00s Real=0.01s
[730.872s][info][gc,start       ] GC(461) Pause Young (Allocation Failure)
[730.880s][info][gc,heap        ] GC(461) DefNew: 561669K->7358K(629120K)
[730.880s][info][gc,heap        ] GC(461) Tenured: 67129K->67293K(1398144K)
[730.880s][info][gc,metaspace   ] GC(461) Metaspace: 91371K(97712K)->91371K(97712K) NonClass: 79790K(83120K)->79790K(83120K) Class: 11581K(14592K)->11581K(14592K)
[730.880s][info][gc             ] GC(461) Pause Young (Allocation Failure) 614M->72M(1979M) 8.538ms
[730.880s][info][gc,cpu         ] GC(461) User=0.00s Sys=0.00s Real=0.01s
[731.425s][info][gc,start       ] GC(462) Pause Young (Allocation Failure)
[731.435s][info][gc,heap        ] GC(462) DefNew: 562967K->21277K(629120K)
[731.435s][info][gc,heap        ] GC(462) Tenured: 67293K->67419K(1398144K)
[731.435s][info][gc,metaspace   ] GC(462) Metaspace: 91371K(97712K)->91371K(97712K) NonClass: 79790K(83120K)->79790K(83120K) Class: 11581K(14592K)->11581K(14592K)
[731.435s][info][gc             ] GC(462) Pause Young (Allocation Failure) 615M->86M(1979M) 10.110ms
[731.435s][info][gc,cpu         ] GC(462) User=0.00s Sys=0.00s Real=0.01s
[733.112s][info][gc,start       ] GC(463) Pause Young (Allocation Failure)
[733.119s][info][gc,heap        ] GC(463) DefNew: 580509K->5778K(629120K)
[733.119s][info][gc,heap        ] GC(463) Tenured: 67419K->67530K(1398144K)
[733.119s][info][gc,metaspace   ] GC(463) Metaspace: 91371K(97712K)->91371K(97712K) NonClass: 79790K(83120K)->79790K(83120K) Class: 11581K(14592K)->11581K(14592K)
[733.119s][info][gc             ] GC(463) Pause Young (Allocation Failure) 632M->71M(1979M) 6.999ms
[733.119s][info][gc,cpu         ] GC(463) User=0.00s Sys=0.00s Real=0.01s
[735.543s][info][gc,start       ] GC(464) Pause Young (Allocation Failure)
[735.554s][info][gc,heap        ] GC(464) DefNew: 565010K->8142K(629120K)
[735.554s][info][gc,heap        ] GC(464) Tenured: 67530K->67691K(1398144K)
[735.554s][info][gc,metaspace   ] GC(464) Metaspace: 91371K(97712K)->91371K(97712K) NonClass: 79790K(83120K)->79790K(83120K) Class: 11581K(14592K)->11581K(14592K)
[735.554s][info][gc             ] GC(464) Pause Young (Allocation Failure) 617M->74M(1979M) 10.582ms
[735.554s][info][gc,cpu         ] GC(464) User=0.00s Sys=0.00s Real=0.01s
[736.385s][info][gc,start       ] GC(465) Pause Young (Allocation Failure)
[736.394s][info][gc,heap        ] GC(465) DefNew: 563320K->9158K(629120K)
[736.394s][info][gc,heap        ] GC(465) Tenured: 67691K->67882K(1398144K)
[736.394s][info][gc,metaspace   ] GC(465) Metaspace: 91372K(97712K)->91372K(97712K) NonClass: 79791K(83120K)->79791K(83120K) Class: 11581K(14592K)->11581K(14592K)
[736.395s][info][gc             ] GC(465) Pause Young (Allocation Failure) 616M->75M(1979M) 9.831ms
[736.395s][info][gc,cpu         ] GC(465) User=0.00s Sys=0.00s Real=0.01s
[738.288s][info][gc,start       ] GC(466) Pause Young (Allocation Failure)
[738.299s][info][gc,heap        ] GC(466) DefNew: 568390K->7241K(629120K)
[738.299s][info][gc,heap        ] GC(466) Tenured: 67882K->68009K(1398144K)
[738.299s][info][gc,metaspace   ] GC(466) Metaspace: 91372K(97712K)->91372K(97712K) NonClass: 79791K(83120K)->79791K(83120K) Class: 11581K(14592K)->11581K(14592K)
[738.299s][info][gc             ] GC(466) Pause Young (Allocation Failure) 621M->73M(1979M) 10.406ms
[738.299s][info][gc,cpu         ] GC(466) User=0.00s Sys=0.00s Real=0.01s
[740.763s][info][gc,start       ] GC(467) Pause Young (Allocation Failure)
[740.772s][info][gc,heap        ] GC(467) DefNew: 566473K->8376K(629120K)
[740.772s][info][gc,heap        ] GC(467) Tenured: 68009K->68090K(1398144K)
[740.772s][info][gc,metaspace   ] GC(467) Metaspace: 91372K(97712K)->91372K(97712K) NonClass: 79791K(83120K)->79791K(83120K) Class: 11581K(14592K)->11581K(14592K)
[740.772s][info][gc             ] GC(467) Pause Young (Allocation Failure) 619M->74M(1979M) 9.818ms
[740.772s][info][gc,cpu         ] GC(467) User=0.00s Sys=0.00s Real=0.01s
[741.632s][info][gc,start       ] GC(468) Pause Young (Allocation Failure)
[741.640s][info][gc,heap        ] GC(468) DefNew: 567608K->7226K(629120K)
[741.640s][info][gc,heap        ] GC(468) Tenured: 68090K->68286K(1398144K)
[741.640s][info][gc,metaspace   ] GC(468) Metaspace: 91372K(97712K)->91372K(97712K) NonClass: 79791K(83120K)->79791K(83120K) Class: 11581K(14592K)->11581K(14592K)
[741.641s][info][gc             ] GC(468) Pause Young (Allocation Failure) 620M->73M(1979M) 8.439ms
[741.641s][info][gc,cpu         ] GC(468) User=0.00s Sys=0.00s Real=0.01s
[741.653s][info][gc,start       ] GC(469) Pause Full (System.gc())
[741.656s][info][gc,phases,start] GC(469) Phase 1: Mark live objects
[741.713s][info][gc,phases      ] GC(469) Phase 1: Mark live objects 57.028ms
[741.713s][info][gc,phases,start] GC(469) Phase 2: Compute new object addresses
[741.727s][info][gc,phases      ] GC(469) Phase 2: Compute new object addresses 14.804ms
[741.728s][info][gc,phases,start] GC(469) Phase 3: Adjust pointers
[741.759s][info][gc,phases      ] GC(469) Phase 3: Adjust pointers 31.491ms
[741.759s][info][gc,phases,start] GC(469) Phase 4: Move objects
[741.760s][info][gc,phases      ] GC(469) Phase 4: Move objects 1.193ms
[741.761s][info][gc,heap        ] GC(469) DefNew: 42163K->0K(629120K)
[741.761s][info][gc,heap        ] GC(469) Tenured: 68286K->73240K(1398144K)
[741.761s][info][gc,metaspace   ] GC(469) Metaspace: 91372K(97712K)->91372K(97712K) NonClass: 79791K(83120K)->79791K(83120K) Class: 11581K(14592K)->11581K(14592K)
[741.761s][info][gc             ] GC(469) Pause Full (System.gc()) 107M->71M(1979M) 107.875ms
[741.761s][info][gc,cpu         ] GC(469) User=0.11s Sys=0.00s Real=0.11s
[742.362s][info][gc,start       ] GC(470) Pause Young (Allocation Failure)
[742.366s][info][gc,heap        ] GC(470) DefNew: 556640K->3061K(629120K)
[742.366s][info][gc,heap        ] GC(470) Tenured: 73240K->73240K(1398144K)
[742.366s][info][gc,metaspace   ] GC(470) Metaspace: 91372K(97712K)->91372K(97712K) NonClass: 79791K(83120K)->79791K(83120K) Class: 11581K(14592K)->11581K(14592K)
[742.366s][info][gc             ] GC(470) Pause Young (Allocation Failure) 615M->74M(1979M) 4.044ms
[742.366s][info][gc,cpu         ] GC(470) User=0.00s Sys=0.00s Real=0.01s
[744.699s][info][gc,start       ] GC(471) Pause Young (Allocation Failure)
[744.705s][info][gc,heap        ] GC(471) DefNew: 561470K->4416K(629120K)
[744.705s][info][gc,heap        ] GC(471) Tenured: 73240K->73240K(1398144K)
[744.705s][info][gc,metaspace   ] GC(471) Metaspace: 91372K(97712K)->91372K(97712K) NonClass: 79791K(83120K)->79791K(83120K) Class: 11581K(14592K)->11581K(14592K)
[744.705s][info][gc             ] GC(471) Pause Young (Allocation Failure) 619M->75M(1979M) 5.568ms
[744.705s][info][gc,cpu         ] GC(471) User=0.00s Sys=0.00s Real=0.00s
[747.027s][info][gc,start       ] GC(472) Pause Young (Allocation Failure)
[747.034s][info][gc,heap        ] GC(472) DefNew: 563420K->5044K(629120K)
[747.034s][info][gc,heap        ] GC(472) Tenured: 73240K->73240K(1398144K)
[747.034s][info][gc,metaspace   ] GC(472) Metaspace: 91375K(97712K)->91375K(97712K) NonClass: 79794K(83120K)->79794K(83120K) Class: 11581K(14592K)->11581K(14592K)
[747.034s][info][gc             ] GC(472) Pause Young (Allocation Failure) 621M->76M(1979M) 6.687ms
[747.034s][info][gc,cpu         ] GC(472) User=0.00s Sys=0.00s Real=0.01s
[749.073s][info][gc,start       ] GC(473) Pause Young (Allocation Failure)
[749.084s][info][gc,heap        ] GC(473) DefNew: 564276K->7143K(629120K)
[749.084s][info][gc,heap        ] GC(473) Tenured: 73240K->73240K(1398144K)
[749.084s][info][gc,metaspace   ] GC(473) Metaspace: 91375K(97712K)->91375K(97712K) NonClass: 79794K(83120K)->79794K(83120K) Class: 11581K(14592K)->11581K(14592K)
[749.084s][info][gc             ] GC(473) Pause Young (Allocation Failure) 622M->78M(1979M) 11.440ms
[749.084s][info][gc,cpu         ] GC(473) User=0.00s Sys=0.00s Real=0.01s
[749.667s][info][gc,start       ] GC(474) Pause Young (Allocation Failure)
[749.675s][info][gc,heap        ] GC(474) DefNew: 565354K->12058K(629120K)
[749.675s][info][gc,heap        ] GC(474) Tenured: 73240K->73240K(1398144K)
[749.675s][info][gc,metaspace   ] GC(474) Metaspace: 91375K(97712K)->91375K(97712K) NonClass: 79794K(83120K)->79794K(83120K) Class: 11581K(14592K)->11581K(14592K)
[749.675s][info][gc             ] GC(474) Pause Young (Allocation Failure) 623M->83M(1979M) 7.580ms
[749.675s][info][gc,cpu         ] GC(474) User=0.00s Sys=0.00s Real=0.01s
[751.450s][info][gc,start       ] GC(475) Pause Young (GCLocker Initiated GC)
[751.458s][info][gc,heap        ] GC(475) DefNew: 571290K->6839K(629120K)
[751.458s][info][gc,heap        ] GC(475) Tenured: 73240K->73240K(1398144K)
[751.458s][info][gc,metaspace   ] GC(475) Metaspace: 91375K(97712K)->91375K(97712K) NonClass: 79794K(83120K)->79794K(83120K) Class: 11581K(14592K)->11581K(14592K)
[751.458s][info][gc             ] GC(475) Pause Young (GCLocker Initiated GC) 629M->78M(1979M) 8.321ms
[751.459s][info][gc,cpu         ] GC(475) User=0.00s Sys=0.00s Real=0.01s
[753.781s][info][gc,start       ] GC(476) Pause Young (Allocation Failure)
[753.787s][info][gc,heap        ] GC(476) DefNew: 566071K->5321K(629120K)
[753.787s][info][gc,heap        ] GC(476) Tenured: 73240K->73240K(1398144K)
[753.787s][info][gc,metaspace   ] GC(476) Metaspace: 91375K(97712K)->91375K(97712K) NonClass: 79794K(83120K)->79794K(83120K) Class: 11581K(14592K)->11581K(14592K)
[753.787s][info][gc             ] GC(476) Pause Young (Allocation Failure) 624M->76M(1979M) 5.564ms
[753.787s][info][gc,cpu         ] GC(476) User=0.02s Sys=0.00s Real=0.01s
[756.846s][info][gc,start       ] GC(477) Pause Young (Allocation Failure)
[756.852s][info][gc,heap        ] GC(477) DefNew: 564553K->5663K(629120K)
[756.852s][info][gc,heap        ] GC(477) Tenured: 73240K->73240K(1398144K)
[756.852s][info][gc,metaspace   ] GC(477) Metaspace: 91375K(97712K)->91375K(97712K) NonClass: 79794K(83120K)->79794K(83120K) Class: 11581K(14592K)->11581K(14592K)
[756.852s][info][gc             ] GC(477) Pause Young (Allocation Failure) 622M->77M(1979M) 5.787ms
[756.852s][info][gc,cpu         ] GC(477) User=0.00s Sys=0.00s Real=0.01s
[757.600s][info][gc,start       ] GC(478) Pause Young (Allocation Failure)
[757.609s][info][gc,heap        ] GC(478) DefNew: 562634K->16427K(629120K)
[757.609s][info][gc,heap        ] GC(478) Tenured: 73240K->73240K(1398144K)
[757.609s][info][gc,metaspace   ] GC(478) Metaspace: 91375K(97712K)->91375K(97712K) NonClass: 79794K(83120K)->79794K(83120K) Class: 11581K(14592K)->11581K(14592K)
[757.610s][info][gc             ] GC(478) Pause Young (Allocation Failure) 620M->87M(1979M) 9.090ms
[757.610s][info][gc,cpu         ] GC(478) User=0.00s Sys=0.00s Real=0.01s
[758.471s][info][gc,start       ] GC(479) Pause Young (Allocation Failure)
[758.478s][info][gc,heap        ] GC(479) DefNew: 575659K->5243K(629120K)
[758.478s][info][gc,heap        ] GC(479) Tenured: 73240K->73240K(1398144K)
[758.478s][info][gc,metaspace   ] GC(479) Metaspace: 91375K(97712K)->91375K(97712K) NonClass: 79794K(83120K)->79794K(83120K) Class: 11581K(14592K)->11581K(14592K)
[758.478s][info][gc             ] GC(479) Pause Young (Allocation Failure) 633M->76M(1979M) 6.887ms
[758.478s][info][gc,cpu         ] GC(479) User=0.00s Sys=0.00s Real=0.01s
[761.415s][info][gc,start       ] GC(480) Pause Young (Allocation Failure)
[761.423s][info][gc,heap        ] GC(480) DefNew: 564475K->6838K(629120K)
[761.423s][info][gc,heap        ] GC(480) Tenured: 73240K->73240K(1398144K)
[761.423s][info][gc,metaspace   ] GC(480) Metaspace: 91375K(97712K)->91375K(97712K) NonClass: 79794K(83120K)->79794K(83120K) Class: 11581K(14592K)->11581K(14592K)
[761.423s][info][gc             ] GC(480) Pause Young (Allocation Failure) 622M->78M(1979M) 7.754ms
[761.423s][info][gc,cpu         ] GC(480) User=0.00s Sys=0.00s Real=0.01s
[763.820s][info][gc,start       ] GC(481) Pause Young (Allocation Failure)
[763.828s][info][gc,heap        ] GC(481) DefNew: 565405K->6293K(629120K)
[763.828s][info][gc,heap        ] GC(481) Tenured: 73240K->73240K(1398144K)
[763.828s][info][gc,metaspace   ] GC(481) Metaspace: 91375K(97712K)->91375K(97712K) NonClass: 79794K(83120K)->79794K(83120K) Class: 11581K(14592K)->11581K(14592K)
[763.828s][info][gc             ] GC(481) Pause Young (Allocation Failure) 623M->77M(1979M) 7.603ms
[763.828s][info][gc,cpu         ] GC(481) User=0.00s Sys=0.00s Real=0.01s
[765.436s][info][gc,start       ] GC(482) Pause Young (Allocation Failure)
[765.456s][info][gc,heap        ] GC(482) DefNew: 565525K->11799K(629120K)
[765.456s][info][gc,heap        ] GC(482) Tenured: 73240K->73240K(1398144K)
[765.456s][info][gc,metaspace   ] GC(482) Metaspace: 91375K(97712K)->91375K(97712K) NonClass: 79794K(83120K)->79794K(83120K) Class: 11581K(14592K)->11581K(14592K)
[765.456s][info][gc             ] GC(482) Pause Young (Allocation Failure) 623M->83M(1979M) 20.232ms
[765.456s][info][gc,cpu         ] GC(482) User=0.00s Sys=0.00s Real=0.02s
[766.060s][info][gc,start       ] GC(483) Pause Young (Allocation Failure)
[766.067s][info][gc,heap        ] GC(483) DefNew: 569138K->8525K(629120K)
[766.067s][info][gc,heap        ] GC(483) Tenured: 73240K->73240K(1398144K)
[766.067s][info][gc,metaspace   ] GC(483) Metaspace: 91375K(97712K)->91375K(97712K) NonClass: 79794K(83120K)->79794K(83120K) Class: 11581K(14592K)->11581K(14592K)
[766.067s][info][gc             ] GC(483) Pause Young (Allocation Failure) 627M->79M(1979M) 7.293ms
[766.067s][info][gc,cpu         ] GC(483) User=0.00s Sys=0.00s Real=0.01s
[768.428s][info][gc,start       ] GC(484) Pause Young (GCLocker Initiated GC)
[768.437s][info][gc,heap        ] GC(484) DefNew: 567759K->7731K(629120K)
[768.437s][info][gc,heap        ] GC(484) Tenured: 73240K->73240K(1398144K)
[768.437s][info][gc,metaspace   ] GC(484) Metaspace: 91375K(97712K)->91375K(97712K) NonClass: 79794K(83120K)->79794K(83120K) Class: 11581K(14592K)->11581K(14592K)
[768.437s][info][gc             ] GC(484) Pause Young (GCLocker Initiated GC) 625M->79M(1979M) 8.937ms
[768.437s][info][gc,cpu         ] GC(484) User=0.00s Sys=0.00s Real=0.01s
[770.821s][info][gc,start       ] GC(485) Pause Young (Allocation Failure)
[770.829s][info][gc,heap        ] GC(485) DefNew: 565286K->6443K(629120K)
[770.829s][info][gc,heap        ] GC(485) Tenured: 73240K->73710K(1398144K)
[770.829s][info][gc,metaspace   ] GC(485) Metaspace: 91375K(97712K)->91375K(97712K) NonClass: 79794K(83120K)->79794K(83120K) Class: 11581K(14592K)->11581K(14592K)
[770.829s][info][gc             ] GC(485) Pause Young (Allocation Failure) 623M->78M(1979M) 7.728ms
[770.829s][info][gc,cpu         ] GC(485) User=0.00s Sys=0.00s Real=0.01s
[773.056s][info][gc,start       ] GC(486) Pause Young (Allocation Failure)
[773.068s][info][gc,heap        ] GC(486) DefNew: 565675K->11068K(629120K)
[773.068s][info][gc,heap        ] GC(486) Tenured: 73710K->73917K(1398144K)
[773.068s][info][gc,metaspace   ] GC(486) Metaspace: 91375K(97712K)->91375K(97712K) NonClass: 79794K(83120K)->79794K(83120K) Class: 11581K(14592K)->11581K(14592K)
[773.068s][info][gc             ] GC(486) Pause Young (Allocation Failure) 624M->82M(1979M) 12.260ms
[773.068s][info][gc,cpu         ] GC(486) User=0.00s Sys=0.00s Real=0.01s
[773.826s][info][gc,start       ] GC(487) Pause Young (Allocation Failure)
[773.834s][info][gc,heap        ] GC(487) DefNew: 568323K->8964K(629120K)
[773.834s][info][gc,heap        ] GC(487) Tenured: 73917K->74110K(1398144K)
[773.834s][info][gc,metaspace   ] GC(487) Metaspace: 91375K(97712K)->91375K(97712K) NonClass: 79794K(83120K)->79794K(83120K) Class: 11581K(14592K)->11581K(14592K)
[773.834s][info][gc             ] GC(487) Pause Young (Allocation Failure) 627M->81M(1979M) 8.294ms
[773.834s][info][gc,cpu         ] GC(487) User=0.00s Sys=0.00s Real=0.01s
[775.457s][info][gc,start       ] GC(488) Pause Young (GCLocker Initiated GC)
[775.466s][info][gc,heap        ] GC(488) DefNew: 568357K->8158K(629120K)
[775.466s][info][gc,heap        ] GC(488) Tenured: 74110K->74261K(1398144K)
[775.466s][info][gc,metaspace   ] GC(488) Metaspace: 91375K(97712K)->91375K(97712K) NonClass: 79794K(83120K)->79794K(83120K) Class: 11581K(14592K)->11581K(14592K)
[775.466s][info][gc             ] GC(488) Pause Young (GCLocker Initiated GC) 627M->80M(1979M) 8.735ms
[775.466s][info][gc,cpu         ] GC(488) User=0.00s Sys=0.00s Real=0.01s
[777.686s][info][gc,start       ] GC(489) Pause Young (Allocation Failure)
[777.696s][info][gc,heap        ] GC(489) DefNew: 567363K->7809K(629120K)
[777.697s][info][gc,heap        ] GC(489) Tenured: 74261K->74402K(1398144K)
[777.697s][info][gc,metaspace   ] GC(489) Metaspace: 91375K(97712K)->91375K(97712K) NonClass: 79794K(83120K)->79794K(83120K) Class: 11581K(14592K)->11581K(14592K)
[777.697s][info][gc             ] GC(489) Pause Young (Allocation Failure) 626M->80M(1979M) 10.457ms
[777.697s][info][gc,cpu         ] GC(489) User=0.00s Sys=0.00s Real=0.01s
[778.316s][info][gc,start       ] GC(490) Pause Young (Allocation Failure)
[778.325s][info][gc,heap        ] GC(490) DefNew: 567041K->17781K(629120K)
[778.325s][info][gc,heap        ] GC(490) Tenured: 74402K->74587K(1398144K)
[778.325s][info][gc,metaspace   ] GC(490) Metaspace: 91375K(97712K)->91375K(97712K) NonClass: 79794K(83120K)->79794K(83120K) Class: 11581K(14592K)->11581K(14592K)
[778.325s][info][gc             ] GC(490) Pause Young (Allocation Failure) 626M->90M(1979M) 9.423ms
[778.325s][info][gc,cpu         ] GC(490) User=0.00s Sys=0.00s Real=0.01s
[780.122s][info][gc,start       ] GC(491) Pause Young (Allocation Failure)
[780.129s][info][gc,heap        ] GC(491) DefNew: 574400K->5668K(629120K)
[780.129s][info][gc,heap        ] GC(491) Tenured: 74587K->74729K(1398144K)
[780.129s][info][gc,metaspace   ] GC(491) Metaspace: 91375K(97712K)->91375K(97712K) NonClass: 79794K(83120K)->79794K(83120K) Class: 11581K(14592K)->11581K(14592K)
[780.129s][info][gc             ] GC(491) Pause Young (Allocation Failure) 633M->78M(1979M) 7.302ms
[780.129s][info][gc,cpu         ] GC(491) User=0.00s Sys=0.00s Real=0.01s
[782.307s][info][gc,start       ] GC(492) Pause Young (Allocation Failure)
[782.318s][info][gc,heap        ] GC(492) DefNew: 564900K->8085K(629120K)
[782.318s][info][gc,heap        ] GC(492) Tenured: 74729K->74898K(1398144K)
[782.318s][info][gc,metaspace   ] GC(492) Metaspace: 91375K(97712K)->91375K(97712K) NonClass: 79794K(83120K)->79794K(83120K) Class: 11581K(14592K)->11581K(14592K)
[782.318s][info][gc             ] GC(492) Pause Young (Allocation Failure) 624M->81M(1979M) 11.575ms
[782.318s][info][gc,cpu         ] GC(492) User=0.00s Sys=0.00s Real=0.01s
[782.875s][info][gc,start       ] GC(493) Pause Young (Allocation Failure)
[782.884s][info][gc,heap        ] GC(493) DefNew: 563598K->17479K(629120K)
[782.885s][info][gc,heap        ] GC(493) Tenured: 74898K->75015K(1398144K)
[782.885s][info][gc,metaspace   ] GC(493) Metaspace: 91375K(97712K)->91375K(97712K) NonClass: 79794K(83120K)->79794K(83120K) Class: 11581K(14592K)->11581K(14592K)
[782.885s][info][gc             ] GC(493) Pause Young (Allocation Failure) 623M->90M(1979M) 9.357ms
[782.885s][info][gc,cpu         ] GC(493) User=0.00s Sys=0.00s Real=0.01s
[784.721s][info][gc,start       ] GC(494) Pause Young (Allocation Failure)
[784.730s][info][gc,heap        ] GC(494) DefNew: 576711K->6764K(629120K)
[784.730s][info][gc,heap        ] GC(494) Tenured: 75015K->75157K(1398144K)
[784.730s][info][gc,metaspace   ] GC(494) Metaspace: 91376K(97712K)->91376K(97712K) NonClass: 79795K(83120K)->79795K(83120K) Class: 11581K(14592K)->11581K(14592K)
[784.730s][info][gc             ] GC(494) Pause Young (Allocation Failure) 636M->80M(1979M) 8.915ms
[784.730s][info][gc,cpu         ] GC(494) User=0.00s Sys=0.00s Real=0.01s
[786.772s][info][gc,start       ] GC(495) Pause Young (Allocation Failure)
[786.785s][info][gc,heap        ] GC(495) DefNew: 565996K->8711K(629120K)
[786.785s][info][gc,heap        ] GC(495) Tenured: 75157K->75294K(1398144K)
[786.785s][info][gc,metaspace   ] GC(495) Metaspace: 91376K(97712K)->91376K(97712K) NonClass: 79795K(83120K)->79795K(83120K) Class: 11581K(14592K)->11581K(14592K)
[786.785s][info][gc             ] GC(495) Pause Young (Allocation Failure) 626M->82M(1979M) 12.478ms
[786.785s][info][gc,cpu         ] GC(495) User=0.00s Sys=0.00s Real=0.01s
[787.364s][info][gc,start       ] GC(496) Pause Young (Allocation Failure)
[787.373s][info][gc,heap        ] GC(496) DefNew: 567943K->12714K(629120K)
[787.373s][info][gc,heap        ] GC(496) Tenured: 75294K->75491K(1398144K)
[787.373s][info][gc,metaspace   ] GC(496) Metaspace: 91381K(97712K)->91381K(97712K) NonClass: 79800K(83120K)->79800K(83120K) Class: 11581K(14592K)->11581K(14592K)
[787.373s][info][gc             ] GC(496) Pause Young (Allocation Failure) 628M->86M(1979M) 9.338ms
[787.373s][info][gc,cpu         ] GC(496) User=0.00s Sys=0.00s Real=0.01s
[789.148s][info][gc,start       ] GC(497) Pause Young (Allocation Failure)
[789.157s][info][gc,heap        ] GC(497) DefNew: 571946K->8615K(629120K)
[789.157s][info][gc,heap        ] GC(497) Tenured: 75491K->75610K(1398144K)
[789.157s][info][gc,metaspace   ] GC(497) Metaspace: 91384K(97712K)->91384K(97712K) NonClass: 79802K(83120K)->79802K(83120K) Class: 11581K(14592K)->11581K(14592K)
[789.157s][info][gc             ] GC(497) Pause Young (Allocation Failure) 632M->82M(1979M) 8.651ms
[789.157s][info][gc,cpu         ] GC(497) User=0.00s Sys=0.00s Real=0.01s
[791.448s][info][gc,start       ] GC(498) Pause Young (Allocation Failure)
[791.459s][info][gc,heap        ] GC(498) DefNew: 567847K->8183K(629120K)
[791.459s][info][gc,heap        ] GC(498) Tenured: 75610K->75695K(1398144K)
[791.459s][info][gc,metaspace   ] GC(498) Metaspace: 91390K(97712K)->91390K(97712K) NonClass: 79808K(83120K)->79808K(83120K) Class: 11581K(14592K)->11581K(14592K)
[791.459s][info][gc             ] GC(498) Pause Young (Allocation Failure) 628M->81M(1979M) 11.751ms
[791.459s][info][gc,cpu         ] GC(498) User=0.00s Sys=0.00s Real=0.01s
[792.331s][info][gc,start       ] GC(499) Pause Young (Allocation Failure)
[792.341s][info][gc,heap        ] GC(499) DefNew: 567415K->7497K(629120K)
[792.341s][info][gc,heap        ] GC(499) Tenured: 75695K->75890K(1398144K)
[792.341s][info][gc,metaspace   ] GC(499) Metaspace: 91394K(97712K)->91394K(97712K) NonClass: 79812K(83120K)->79812K(83120K) Class: 11582K(14592K)->11582K(14592K)
[792.341s][info][gc             ] GC(499) Pause Young (Allocation Failure) 628M->81M(1979M) 10.123ms
[792.341s][info][gc,cpu         ] GC(499) User=0.00s Sys=0.00s Real=0.01s
[792.389s][info][gc,start       ] GC(500) Pause Full (System.gc())
[792.392s][info][gc,phases,start] GC(500) Phase 1: Mark live objects
[792.452s][info][gc,phases      ] GC(500) Phase 1: Mark live objects 60.645ms
[792.452s][info][gc,phases,start] GC(500) Phase 2: Compute new object addresses
[792.469s][info][gc,phases      ] GC(500) Phase 2: Compute new object addresses 16.474ms
[792.469s][info][gc,phases,start] GC(500) Phase 3: Adjust pointers
[792.506s][info][gc,phases      ] GC(500) Phase 3: Adjust pointers 37.179ms
[792.506s][info][gc,phases,start] GC(500) Phase 4: Move objects
[792.511s][info][gc,phases      ] GC(500) Phase 4: Move objects 4.774ms
[792.512s][info][gc,heap        ] GC(500) DefNew: 36393K->0K(629120K)
[792.512s][info][gc,heap        ] GC(500) Tenured: 75890K->54229K(1398144K)
[792.512s][info][gc,metaspace   ] GC(500) Metaspace: 91394K(97712K)->91394K(97712K) NonClass: 79812K(83120K)->79812K(83120K) Class: 11582K(14592K)->11582K(14592K)
[792.512s][info][gc             ] GC(500) Pause Full (System.gc()) 109M->52M(1979M) 122.440ms
[792.512s][info][gc,cpu         ] GC(500) User=0.06s Sys=0.00s Real=0.12s
[793.075s][info][gc,start       ] GC(501) Pause Young (Allocation Failure)
[793.079s][info][gc,heap        ] GC(501) DefNew: 558213K->3074K(629120K)
[793.079s][info][gc,heap        ] GC(501) Tenured: 54229K->54229K(1398144K)
[793.079s][info][gc,metaspace   ] GC(501) Metaspace: 91394K(97712K)->91394K(97712K) NonClass: 79812K(83120K)->79812K(83120K) Class: 11582K(14592K)->11582K(14592K)
[793.079s][info][gc             ] GC(501) Pause Young (Allocation Failure) 598M->55M(1979M) 4.093ms
[793.079s][info][gc,cpu         ] GC(501) User=0.00s Sys=0.00s Real=0.00s
[795.369s][info][gc,start       ] GC(502) Pause Young (Allocation Failure)
[795.373s][info][gc,heap        ] GC(502) DefNew: 560669K->4412K(629120K)
[795.373s][info][gc,heap        ] GC(502) Tenured: 54229K->54229K(1398144K)
[795.373s][info][gc,metaspace   ] GC(502) Metaspace: 91394K(97712K)->91394K(97712K) NonClass: 79812K(83120K)->79812K(83120K) Class: 11582K(14592K)->11582K(14592K)
[795.373s][info][gc             ] GC(502) Pause Young (Allocation Failure) 600M->57M(1979M) 4.701ms
[795.373s][info][gc,cpu         ] GC(502) User=0.00s Sys=0.00s Real=0.01s
[797.674s][info][gc,start       ] GC(503) Pause Young (Allocation Failure)
[797.680s][info][gc,heap        ] GC(503) DefNew: 563349K->5068K(629120K)
[797.680s][info][gc,heap        ] GC(503) Tenured: 54229K->54229K(1398144K)
[797.680s][info][gc,metaspace   ] GC(503) Metaspace: 91394K(97712K)->91394K(97712K) NonClass: 79812K(83120K)->79812K(83120K) Class: 11582K(14592K)->11582K(14592K)
[797.680s][info][gc             ] GC(503) Pause Young (Allocation Failure) 603M->57M(1979M) 5.797ms
[797.680s][info][gc,cpu         ] GC(503) User=0.00s Sys=0.00s Real=0.01s
[799.745s][info][gc,start       ] GC(504) Pause Young (Allocation Failure)
[799.756s][info][gc,heap        ] GC(504) DefNew: 564300K->7225K(629120K)
[799.756s][info][gc,heap        ] GC(504) Tenured: 54229K->54229K(1398144K)
[799.756s][info][gc,metaspace   ] GC(504) Metaspace: 91394K(97712K)->91394K(97712K) NonClass: 79812K(83120K)->79812K(83120K) Class: 11582K(14592K)->11582K(14592K)
[799.756s][info][gc             ] GC(504) Pause Young (Allocation Failure) 604M->60M(1979M) 10.679ms
[799.756s][info][gc,cpu         ] GC(504) User=0.00s Sys=0.00s Real=0.01s
[800.321s][info][gc,start       ] GC(505) Pause Young (Allocation Failure)
[800.329s][info][gc,heap        ] GC(505) DefNew: 564054K->25150K(629120K)
[800.329s][info][gc,heap        ] GC(505) Tenured: 54229K->54229K(1398144K)
[800.329s][info][gc,metaspace   ] GC(505) Metaspace: 91394K(97712K)->91394K(97712K) NonClass: 79812K(83120K)->79812K(83120K) Class: 11582K(14592K)->11582K(14592K)
[800.330s][info][gc             ] GC(505) Pause Young (Allocation Failure) 603M->77M(1979M) 8.470ms
[800.330s][info][gc,cpu         ] GC(505) User=0.00s Sys=0.00s Real=0.01s
[802.052s][info][gc,start       ] GC(506) Pause Young (Allocation Failure)
[802.060s][info][gc,heap        ] GC(506) DefNew: 584382K->6325K(629120K)
[802.060s][info][gc,heap        ] GC(506) Tenured: 54229K->54229K(1398144K)
[802.060s][info][gc,metaspace   ] GC(506) Metaspace: 91394K(97712K)->91394K(97712K) NonClass: 79812K(83120K)->79812K(83120K) Class: 11582K(14592K)->11582K(14592K)
[802.060s][info][gc             ] GC(506) Pause Young (Allocation Failure) 623M->59M(1979M) 7.200ms
[802.060s][info][gc,cpu         ] GC(506) User=0.00s Sys=0.00s Real=0.01s
[804.551s][info][gc,start       ] GC(507) Pause Young (Allocation Failure)
[804.557s][info][gc,heap        ] GC(507) DefNew: 565557K->5274K(629120K)
[804.557s][info][gc,heap        ] GC(507) Tenured: 54229K->54229K(1398144K)
[804.557s][info][gc,metaspace   ] GC(507) Metaspace: 91394K(97712K)->91394K(97712K) NonClass: 79812K(83120K)->79812K(83120K) Class: 11582K(14592K)->11582K(14592K)
[804.557s][info][gc             ] GC(507) Pause Young (Allocation Failure) 605M->58M(1979M) 6.154ms
[804.557s][info][gc,cpu         ] GC(507) User=0.00s Sys=0.00s Real=0.01s
[807.634s][info][gc,start       ] GC(508) Pause Young (Allocation Failure)
[807.640s][info][gc,heap        ] GC(508) DefNew: 564506K->5719K(629120K)
[807.640s][info][gc,heap        ] GC(508) Tenured: 54229K->54229K(1398144K)
[807.640s][info][gc,metaspace   ] GC(508) Metaspace: 91394K(97712K)->91394K(97712K) NonClass: 79812K(83120K)->79812K(83120K) Class: 11582K(14592K)->11582K(14592K)
[807.640s][info][gc             ] GC(508) Pause Young (Allocation Failure) 604M->58M(1979M) 6.179ms
[807.640s][info][gc,cpu         ] GC(508) User=0.00s Sys=0.00s Real=0.01s
[808.366s][info][gc,start       ] GC(509) Pause Young (Allocation Failure)
[808.373s][info][gc,heap        ] GC(509) DefNew: 563498K->12489K(629120K)
[808.374s][info][gc,heap        ] GC(509) Tenured: 54229K->54229K(1398144K)
[808.374s][info][gc,metaspace   ] GC(509) Metaspace: 91394K(97712K)->91394K(97712K) NonClass: 79812K(83120K)->79812K(83120K) Class: 11582K(14592K)->11582K(14592K)
[808.374s][info][gc             ] GC(509) Pause Young (Allocation Failure) 603M->65M(1979M) 8.039ms
[808.374s][info][gc,cpu         ] GC(509) User=0.00s Sys=0.00s Real=0.01s
[809.226s][info][gc,start       ] GC(510) Pause Young (Allocation Failure)
[809.232s][info][gc,heap        ] GC(510) DefNew: 570937K->5367K(629120K)
[809.232s][info][gc,heap        ] GC(510) Tenured: 54229K->54229K(1398144K)
[809.232s][info][gc,metaspace   ] GC(510) Metaspace: 91394K(97712K)->91394K(97712K) NonClass: 79812K(83120K)->79812K(83120K) Class: 11582K(14592K)->11582K(14592K)
[809.232s][info][gc             ] GC(510) Pause Young (Allocation Failure) 610M->58M(1979M) 5.600ms
[809.232s][info][gc,cpu         ] GC(510) User=0.00s Sys=0.00s Real=0.01s
[812.111s][info][gc,start       ] GC(511) Pause Young (Allocation Failure)
[812.117s][info][gc,heap        ] GC(511) DefNew: 560595K->6401K(629120K)
[812.117s][info][gc,heap        ] GC(511) Tenured: 54229K->54229K(1398144K)
[812.117s][info][gc,metaspace   ] GC(511) Metaspace: 91394K(97712K)->91394K(97712K) NonClass: 79812K(83120K)->79812K(83120K) Class: 11582K(14592K)->11582K(14592K)
[812.117s][info][gc             ] GC(511) Pause Young (Allocation Failure) 600M->59M(1979M) 6.880ms
[812.117s][info][gc,cpu         ] GC(511) User=0.00s Sys=0.00s Real=0.01s
[814.466s][info][gc,start       ] GC(512) Pause Young (Allocation Failure)
[814.475s][info][gc,heap        ] GC(512) DefNew: 565500K->6594K(629120K)
[814.475s][info][gc,heap        ] GC(512) Tenured: 54229K->54229K(1398144K)
[814.475s][info][gc,metaspace   ] GC(512) Metaspace: 91394K(97712K)->91394K(97712K) NonClass: 79812K(83120K)->79812K(83120K) Class: 11582K(14592K)->11582K(14592K)
[814.475s][info][gc             ] GC(512) Pause Young (Allocation Failure) 605M->59M(1979M) 8.940ms
[814.475s][info][gc,cpu         ] GC(512) User=0.02s Sys=0.00s Real=0.01s
[816.093s][info][gc,start       ] GC(513) Pause Young (Allocation Failure)
[816.111s][info][gc,heap        ] GC(513) DefNew: 565826K->11474K(629120K)
[816.111s][info][gc,heap        ] GC(513) Tenured: 54229K->54229K(1398144K)
[816.111s][info][gc,metaspace   ] GC(513) Metaspace: 91394K(97712K)->91394K(97712K) NonClass: 79812K(83120K)->79812K(83120K) Class: 11582K(14592K)->11582K(14592K)
[816.111s][info][gc             ] GC(513) Pause Young (Allocation Failure) 605M->64M(1979M) 18.329ms
[816.111s][info][gc,cpu         ] GC(513) User=0.00s Sys=0.00s Real=0.02s
[816.649s][info][gc,start       ] GC(514) Pause Young (Allocation Failure)
[816.658s][info][gc,heap        ] GC(514) DefNew: 570706K->8796K(629120K)
[816.658s][info][gc,heap        ] GC(514) Tenured: 54229K->54229K(1398144K)
[816.658s][info][gc,metaspace   ] GC(514) Metaspace: 91394K(97712K)->91394K(97712K) NonClass: 79812K(83120K)->79812K(83120K) Class: 11582K(14592K)->11582K(14592K)
[816.658s][info][gc             ] GC(514) Pause Young (Allocation Failure) 610M->61M(1979M) 8.528ms
[816.658s][info][gc,cpu         ] GC(514) User=0.00s Sys=0.00s Real=0.01s
[819.163s][info][gc,start       ] GC(515) Pause Young (Allocation Failure)
[819.170s][info][gc,heap        ] GC(515) DefNew: 568028K->6453K(629120K)
[819.170s][info][gc,heap        ] GC(515) Tenured: 54229K->54229K(1398144K)
[819.170s][info][gc,metaspace   ] GC(515) Metaspace: 91394K(97712K)->91394K(97712K) NonClass: 79812K(83120K)->79812K(83120K) Class: 11582K(14592K)->11582K(14592K)
[819.170s][info][gc             ] GC(515) Pause Young (Allocation Failure) 607M->59M(1979M) 6.982ms
[819.170s][info][gc,cpu         ] GC(515) User=0.00s Sys=0.00s Real=0.01s
[821.443s][info][gc,start       ] GC(516) Pause Young (Allocation Failure)
[821.452s][info][gc,heap        ] GC(516) DefNew: 565685K->8468K(629120K)
[821.452s][info][gc,heap        ] GC(516) Tenured: 54229K->54715K(1398144K)
[821.452s][info][gc,metaspace   ] GC(516) Metaspace: 91394K(97712K)->91394K(97712K) NonClass: 79812K(83120K)->79812K(83120K) Class: 11582K(14592K)->11582K(14592K)
[821.452s][info][gc             ] GC(516) Pause Young (Allocation Failure) 605M->61M(1979M) 8.803ms
[821.452s][info][gc,cpu         ] GC(516) User=0.00s Sys=0.00s Real=0.01s
[823.685s][info][gc,start       ] GC(517) Pause Young (Allocation Failure)
[823.696s][info][gc,heap        ] GC(517) DefNew: 567700K->8317K(629120K)
[823.696s][info][gc,heap        ] GC(517) Tenured: 54715K->54906K(1398144K)
[823.696s][info][gc,metaspace   ] GC(517) Metaspace: 91395K(97712K)->91395K(97712K) NonClass: 79813K(83120K)->79813K(83120K) Class: 11582K(14592K)->11582K(14592K)
[823.696s][info][gc             ] GC(517) Pause Young (Allocation Failure) 607M->61M(1979M) 10.819ms
[823.696s][info][gc,cpu         ] GC(517) User=0.00s Sys=0.00s Real=0.01s
[824.460s][info][gc,start       ] GC(518) Pause Young (Allocation Failure)
[824.470s][info][gc,heap        ] GC(518) DefNew: 566914K->25473K(629120K)
[824.470s][info][gc,heap        ] GC(518) Tenured: 54906K->55094K(1398144K)
[824.470s][info][gc,metaspace   ] GC(518) Metaspace: 91395K(97712K)->91395K(97712K) NonClass: 79813K(83120K)->79813K(83120K) Class: 11582K(14592K)->11582K(14592K)
[824.470s][info][gc             ] GC(518) Pause Young (Allocation Failure) 607M->78M(1979M) 9.807ms
[824.470s][info][gc,cpu         ] GC(518) User=0.00s Sys=0.00s Real=0.01s
[825.978s][info][gc,start       ] GC(519) Pause Young (GCLocker Initiated GC)
[825.986s][info][gc,heap        ] GC(519) DefNew: 584705K->6195K(629120K)
[825.986s][info][gc,heap        ] GC(519) Tenured: 55094K->55247K(1398144K)
[825.986s][info][gc,metaspace   ] GC(519) Metaspace: 91395K(97712K)->91395K(97712K) NonClass: 79813K(83120K)->79813K(83120K) Class: 11582K(14592K)->11582K(14592K)
[825.986s][info][gc             ] GC(519) Pause Young (GCLocker Initiated GC) 624M->60M(1979M) 7.487ms
[825.986s][info][gc,cpu         ] GC(519) User=0.00s Sys=0.00s Real=0.01s
[827.822s][info][gc,start       ] GC(520) Pause Young (Allocation Failure)
[827.832s][info][gc,heap        ] GC(520) DefNew: 565427K->10921K(629120K)
[827.832s][info][gc,heap        ] GC(520) Tenured: 55247K->55313K(1398144K)
[827.832s][info][gc,metaspace   ] GC(520) Metaspace: 91397K(97712K)->91397K(97712K) NonClass: 79815K(83120K)->79815K(83120K) Class: 11582K(14592K)->11582K(14592K)
[827.832s][info][gc             ] GC(520) Pause Young (Allocation Failure) 606M->64M(1979M) 10.187ms
[827.832s][info][gc,cpu         ] GC(520) User=0.00s Sys=0.00s Real=0.01s
[828.412s][info][gc,start       ] GC(521) Pause Young (Allocation Failure)
[828.419s][info][gc,heap        ] GC(521) DefNew: 570153K->9169K(629120K)
[828.419s][info][gc,heap        ] GC(521) Tenured: 55313K->55496K(1398144K)
[828.419s][info][gc,metaspace   ] GC(521) Metaspace: 91397K(97712K)->91397K(97712K) NonClass: 79815K(83120K)->79815K(83120K) Class: 11582K(14592K)->11582K(14592K)
[828.419s][info][gc             ] GC(521) Pause Young (Allocation Failure) 610M->63M(1979M) 7.025ms
[828.419s][info][gc,cpu         ] GC(521) User=0.00s Sys=0.00s Real=0.01s
[829.901s][info][gc,start       ] GC(522) Pause Young (Allocation Failure)
[829.907s][info][gc,heap        ] GC(522) DefNew: 568218K->5566K(629120K)
[829.907s][info][gc,heap        ] GC(522) Tenured: 55496K->55637K(1398144K)
[829.907s][info][gc,metaspace   ] GC(522) Metaspace: 91397K(97712K)->91397K(97712K) NonClass: 79815K(83120K)->79815K(83120K) Class: 11582K(14592K)->11582K(14592K)
[829.907s][info][gc             ] GC(522) Pause Young (Allocation Failure) 609M->59M(1979M) 5.838ms
[829.907s][info][gc,cpu         ] GC(522) User=0.00s Sys=0.00s Real=0.01s
[831.682s][info][gc,start       ] GC(523) Pause Young (Allocation Failure)
[831.691s][info][gc,heap        ] GC(523) DefNew: 564798K->8216K(629120K)
[831.691s][info][gc,heap        ] GC(523) Tenured: 55637K->55806K(1398144K)
[831.691s][info][gc,metaspace   ] GC(523) Metaspace: 91397K(97712K)->91397K(97712K) NonClass: 79815K(83120K)->79815K(83120K) Class: 11582K(14592K)->11582K(14592K)
[831.691s][info][gc             ] GC(523) Pause Young (Allocation Failure) 605M->62M(1979M) 9.451ms
[831.691s][info][gc,cpu         ] GC(523) User=0.00s Sys=0.00s Real=0.01s
[832.139s][info][gc,start       ] GC(524) Pause Young (Allocation Failure)
[832.146s][info][gc,heap        ] GC(524) DefNew: 567448K->13077K(629120K)
[832.146s][info][gc,heap        ] GC(524) Tenured: 55806K->55925K(1398144K)
[832.146s][info][gc,metaspace   ] GC(524) Metaspace: 91397K(97712K)->91397K(97712K) NonClass: 79815K(83120K)->79815K(83120K) Class: 11582K(14592K)->11582K(14592K)
[832.146s][info][gc             ] GC(524) Pause Young (Allocation Failure) 608M->67M(1979M) 7.414ms
[832.146s][info][gc,cpu         ] GC(524) User=0.00s Sys=0.00s Real=0.01s
[833.643s][info][gc,start       ] GC(525) Pause Young (Allocation Failure)
[833.651s][info][gc,heap        ] GC(525) DefNew: 572309K->7583K(629120K)
[833.651s][info][gc,heap        ] GC(525) Tenured: 55925K->56084K(1398144K)
[833.651s][info][gc,metaspace   ] GC(525) Metaspace: 91397K(97712K)->91397K(97712K) NonClass: 79815K(83120K)->79815K(83120K) Class: 11582K(14592K)->11582K(14592K)
[833.651s][info][gc             ] GC(525) Pause Young (Allocation Failure) 613M->62M(1979M) 7.515ms
[833.651s][info][gc,cpu         ] GC(525) User=0.00s Sys=0.00s Real=0.01s
[835.428s][info][gc,start       ] GC(526) Pause Young (Allocation Failure)
[835.437s][info][gc,heap        ] GC(526) DefNew: 566815K->8491K(629120K)
[835.437s][info][gc,heap        ] GC(526) Tenured: 56084K->56201K(1398144K)
[835.437s][info][gc,metaspace   ] GC(526) Metaspace: 91397K(97712K)->91397K(97712K) NonClass: 79815K(83120K)->79815K(83120K) Class: 11582K(14592K)->11582K(14592K)
[835.437s][info][gc             ] GC(526) Pause Young (Allocation Failure) 608M->63M(1979M) 9.286ms
[835.437s][info][gc,cpu         ] GC(526) User=0.00s Sys=0.00s Real=0.01s
[835.899s][info][gc,start       ] GC(527) Pause Young (Allocation Failure)
[835.907s][info][gc,heap        ] GC(527) DefNew: 564315K->13187K(629120K)
[835.907s][info][gc,heap        ] GC(527) Tenured: 56201K->56390K(1398144K)
[835.907s][info][gc,metaspace   ] GC(527) Metaspace: 91397K(97712K)->91397K(97712K) NonClass: 79815K(83120K)->79815K(83120K) Class: 11582K(14592K)->11582K(14592K)
[835.907s][info][gc             ] GC(527) Pause Young (Allocation Failure) 605M->67M(1979M) 7.844ms
[835.907s][info][gc,cpu         ] GC(527) User=0.00s Sys=0.00s Real=0.01s
[837.403s][info][gc,start       ] GC(528) Pause Young (Allocation Failure)
[837.411s][info][gc,heap        ] GC(528) DefNew: 572419K->6065K(629120K)
[837.411s][info][gc,heap        ] GC(528) Tenured: 56390K->56512K(1398144K)
[837.411s][info][gc,metaspace   ] GC(528) Metaspace: 91397K(97712K)->91397K(97712K) NonClass: 79815K(83120K)->79815K(83120K) Class: 11582K(14592K)->11582K(14592K)
[837.411s][info][gc             ] GC(528) Pause Young (Allocation Failure) 614M->61M(1979M) 7.541ms
[837.411s][info][gc,cpu         ] GC(528) User=0.00s Sys=0.00s Real=0.01s
[839.239s][info][gc,start       ] GC(529) Pause Young (Allocation Failure)
[839.249s][info][gc,heap        ] GC(529) DefNew: 565297K->8290K(629120K)
[839.249s][info][gc,heap        ] GC(529) Tenured: 56512K->56593K(1398144K)
[839.249s][info][gc,metaspace   ] GC(529) Metaspace: 91397K(97712K)->91397K(97712K) NonClass: 79815K(83120K)->79815K(83120K) Class: 11582K(14592K)->11582K(14592K)
[839.249s][info][gc             ] GC(529) Pause Young (Allocation Failure) 607M->63M(1979M) 9.792ms
[839.249s][info][gc,cpu         ] GC(529) User=0.00s Sys=0.00s Real=0.01s
[839.931s][info][gc,start       ] GC(530) Pause Young (Allocation Failure)
[839.939s][info][gc,heap        ] GC(530) DefNew: 567522K->7309K(629120K)
[839.939s][info][gc,heap        ] GC(530) Tenured: 56593K->56792K(1398144K)
[839.939s][info][gc,metaspace   ] GC(530) Metaspace: 91397K(97712K)->91397K(97712K) NonClass: 79815K(83120K)->79815K(83120K) Class: 11582K(14592K)->11582K(14592K)
[839.939s][info][gc             ] GC(530) Pause Young (Allocation Failure) 609M->62M(1979M) 7.981ms
[839.939s][info][gc,cpu         ] GC(530) User=0.00s Sys=0.00s Real=0.01s
[839.947s][info][gc,start       ] GC(531) Pause Full (System.gc())
[839.949s][info][gc,phases,start] GC(531) Phase 1: Mark live objects
[840.003s][info][gc,phases      ] GC(531) Phase 1: Mark live objects 53.096ms
[840.003s][info][gc,phases,start] GC(531) Phase 2: Compute new object addresses
[840.016s][info][gc,phases      ] GC(531) Phase 2: Compute new object addresses 13.034ms
[840.016s][info][gc,phases,start] GC(531) Phase 3: Adjust pointers
[840.047s][info][gc,phases      ] GC(531) Phase 3: Adjust pointers 31.175ms
[840.047s][info][gc,phases,start] GC(531) Phase 4: Move objects
[840.048s][info][gc,phases      ] GC(531) Phase 4: Move objects 1.032ms
[840.049s][info][gc,heap        ] GC(531) DefNew: 33606K->0K(629120K)
[840.049s][info][gc,heap        ] GC(531) Tenured: 56792K->61814K(1398144K)
[840.049s][info][gc,metaspace   ] GC(531) Metaspace: 91397K(97712K)->91397K(97712K) NonClass: 79815K(83120K)->79815K(83120K) Class: 11582K(14592K)->11582K(14592K)
[840.049s][info][gc             ] GC(531) Pause Full (System.gc()) 88M->60M(1979M) 101.392ms
[840.049s][info][gc,cpu         ] GC(531) User=0.08s Sys=0.00s Real=0.10s
[840.549s][info][gc,start       ] GC(532) Pause Young (Allocation Failure)
[840.553s][info][gc,heap        ] GC(532) DefNew: 556998K->3059K(629120K)
[840.553s][info][gc,heap        ] GC(532) Tenured: 61814K->61814K(1398144K)
[840.553s][info][gc,metaspace   ] GC(532) Metaspace: 91397K(97712K)->91397K(97712K) NonClass: 79815K(83120K)->79815K(83120K) Class: 11582K(14592K)->11582K(14592K)
[840.553s][info][gc             ] GC(532) Pause Young (Allocation Failure) 604M->63M(1979M) 3.417ms
[840.553s][info][gc,cpu         ] GC(532) User=0.00s Sys=0.00s Real=0.00s
[842.454s][info][gc,start       ] GC(533) Pause Young (Allocation Failure)
[842.458s][info][gc,heap        ] GC(533) DefNew: 559485K->4391K(629120K)
[842.458s][info][gc,heap        ] GC(533) Tenured: 61814K->61814K(1398144K)
[842.458s][info][gc,metaspace   ] GC(533) Metaspace: 91397K(97712K)->91397K(97712K) NonClass: 79815K(83120K)->79815K(83120K) Class: 11582K(14592K)->11582K(14592K)
[842.458s][info][gc             ] GC(533) Pause Young (Allocation Failure) 606M->64M(1979M) 4.532ms
[842.458s][info][gc,cpu         ] GC(533) User=0.00s Sys=0.00s Real=0.00s
[844.435s][info][gc,start       ] GC(534) Pause Young (Allocation Failure)
[844.440s][info][gc,heap        ] GC(534) DefNew: 563381K->5039K(629120K)
[844.440s][info][gc,heap        ] GC(534) Tenured: 61814K->61814K(1398144K)
[844.440s][info][gc,metaspace   ] GC(534) Metaspace: 91397K(97712K)->91397K(97712K) NonClass: 79815K(83120K)->79815K(83120K) Class: 11582K(14592K)->11582K(14592K)
[844.441s][info][gc             ] GC(534) Pause Young (Allocation Failure) 610M->65M(1979M) 5.895ms
[844.441s][info][gc,cpu         ] GC(534) User=0.00s Sys=0.00s Real=0.01s
[846.113s][info][gc,start       ] GC(535) Pause Young (Allocation Failure)
[846.121s][info][gc,heap        ] GC(535) DefNew: 564271K->6767K(629120K)
[846.121s][info][gc,heap        ] GC(535) Tenured: 61814K->61814K(1398144K)
[846.121s][info][gc,metaspace   ] GC(535) Metaspace: 91397K(97712K)->91397K(97712K) NonClass: 79815K(83120K)->79815K(83120K) Class: 11582K(14592K)->11582K(14592K)
[846.121s][info][gc             ] GC(535) Pause Young (Allocation Failure) 611M->66M(1979M) 7.620ms
[846.121s][info][gc,cpu         ] GC(535) User=0.00s Sys=0.00s Real=0.01s
[846.592s][info][gc,start       ] GC(536) Pause Young (Allocation Failure)
[846.598s][info][gc,heap        ] GC(536) DefNew: 565964K->7477K(629120K)
[846.598s][info][gc,heap        ] GC(536) Tenured: 61814K->61814K(1398144K)
[846.598s][info][gc,metaspace   ] GC(536) Metaspace: 91397K(97712K)->91397K(97712K) NonClass: 79815K(83120K)->79815K(83120K) Class: 11582K(14592K)->11582K(14592K)
[846.598s][info][gc             ] GC(536) Pause Young (Allocation Failure) 613M->67M(1979M) 6.363ms
[846.598s][info][gc,cpu         ] GC(536) User=0.00s Sys=0.00s Real=0.01s
[848.007s][info][gc,start       ] GC(537) Pause Young (Allocation Failure)
[848.014s][info][gc,heap        ] GC(537) DefNew: 566709K->6721K(629120K)
[848.014s][info][gc,heap        ] GC(537) Tenured: 61814K->61814K(1398144K)
[848.014s][info][gc,metaspace   ] GC(537) Metaspace: 91397K(97712K)->91397K(97712K) NonClass: 79815K(83120K)->79815K(83120K) Class: 11582K(14592K)->11582K(14592K)
[848.014s][info][gc             ] GC(537) Pause Young (Allocation Failure) 613M->66M(1979M) 6.575ms
[848.014s][info][gc,cpu         ] GC(537) User=0.00s Sys=0.00s Real=0.01s
[849.991s][info][gc,start       ] GC(538) Pause Young (Allocation Failure)
[849.996s][info][gc,heap        ] GC(538) DefNew: 565953K->5289K(629120K)
[849.997s][info][gc,heap        ] GC(538) Tenured: 61814K->61814K(1398144K)
[849.997s][info][gc,metaspace   ] GC(538) Metaspace: 91397K(97712K)->91397K(97712K) NonClass: 79815K(83120K)->79815K(83120K) Class: 11582K(14592K)->11582K(14592K)
[849.997s][info][gc             ] GC(538) Pause Young (Allocation Failure) 613M->65M(1979M) 5.380ms
[849.997s][info][gc,cpu         ] GC(538) User=0.00s Sys=0.00s Real=0.00s
[852.545s][info][gc,start       ] GC(539) Pause Young (Allocation Failure)
[852.550s][info][gc,heap        ] GC(539) DefNew: 564521K->5965K(629120K)
[852.550s][info][gc,heap        ] GC(539) Tenured: 61814K->61814K(1398144K)
[852.550s][info][gc,metaspace   ] GC(539) Metaspace: 91397K(97712K)->91397K(97712K) NonClass: 79815K(83120K)->79815K(83120K) Class: 11582K(14592K)->11582K(14592K)
[852.550s][info][gc             ] GC(539) Pause Young (Allocation Failure) 611M->66M(1979M) 5.391ms
[852.550s][info][gc,cpu         ] GC(539) User=0.00s Sys=0.00s Real=0.00s
[853.156s][info][gc,start       ] GC(540) Pause Young (Allocation Failure)
[853.165s][info][gc,heap        ] GC(540) DefNew: 564978K->12211K(629120K)
[853.165s][info][gc,heap        ] GC(540) Tenured: 61814K->61814K(1398144K)
[853.165s][info][gc,metaspace   ] GC(540) Metaspace: 91397K(97712K)->91397K(97712K) NonClass: 79815K(83120K)->79815K(83120K) Class: 11582K(14592K)->11582K(14592K)
[853.165s][info][gc             ] GC(540) Pause Young (Allocation Failure) 612M->72M(1979M) 8.899ms
[853.165s][info][gc,cpu         ] GC(540) User=0.00s Sys=0.00s Real=0.01s
[853.873s][info][gc,start       ] GC(541) Pause Young (Allocation Failure)
[853.878s][info][gc,heap        ] GC(541) DefNew: 571443K->4973K(629120K)
[853.878s][info][gc,heap        ] GC(541) Tenured: 61814K->61814K(1398144K)
[853.878s][info][gc,metaspace   ] GC(541) Metaspace: 91397K(97712K)->91397K(97712K) NonClass: 79815K(83120K)->79815K(83120K) Class: 11582K(14592K)->11582K(14592K)
[853.878s][info][gc             ] GC(541) Pause Young (Allocation Failure) 618M->65M(1979M) 5.283ms
[853.878s][info][gc,cpu         ] GC(541) User=0.00s Sys=0.00s Real=0.01s
[856.248s][info][gc,start       ] GC(542) Pause Young (Allocation Failure)
[856.255s][info][gc,heap        ] GC(542) DefNew: 564205K->6485K(629120K)
[856.255s][info][gc,heap        ] GC(542) Tenured: 61814K->61814K(1398144K)
[856.255s][info][gc,metaspace   ] GC(542) Metaspace: 91397K(97712K)->91397K(97712K) NonClass: 79815K(83120K)->79815K(83120K) Class: 11582K(14592K)->11582K(14592K)
[856.255s][info][gc             ] GC(542) Pause Young (Allocation Failure) 611M->66M(1979M) 6.745ms
[856.255s][info][gc,cpu         ] GC(542) User=0.00s Sys=0.00s Real=0.01s
[858.268s][info][gc,start       ] GC(543) Pause Young (Allocation Failure)
[858.275s][info][gc,heap        ] GC(543) DefNew: 563830K->6294K(629120K)
[858.275s][info][gc,heap        ] GC(543) Tenured: 61814K->61814K(1398144K)
[858.275s][info][gc,metaspace   ] GC(543) Metaspace: 91397K(97712K)->91397K(97712K) NonClass: 79815K(83120K)->79815K(83120K) Class: 11582K(14592K)->11582K(14592K)
[858.275s][info][gc             ] GC(543) Pause Young (Allocation Failure) 610M->66M(1979M) 6.408ms
[858.275s][info][gc,cpu         ] GC(543) User=0.00s Sys=0.00s Real=0.01s
[859.532s][info][gc,start       ] GC(544) Pause Young (Allocation Failure)
[859.551s][info][gc,heap        ] GC(544) DefNew: 565526K->11900K(629120K)
[859.551s][info][gc,heap        ] GC(544) Tenured: 61814K->61814K(1398144K)
[859.551s][info][gc,metaspace   ] GC(544) Metaspace: 91397K(97712K)->91397K(97712K) NonClass: 79815K(83120K)->79815K(83120K) Class: 11582K(14592K)->11582K(14592K)
[859.551s][info][gc             ] GC(544) Pause Young (Allocation Failure) 612M->71M(1979M) 18.338ms
[859.551s][info][gc,cpu         ] GC(544) User=0.00s Sys=0.00s Real=0.02s
[860.068s][info][gc,start       ] GC(545) Pause Young (Allocation Failure)
[860.074s][info][gc,heap        ] GC(545) DefNew: 568129K->8620K(629120K)
[860.074s][info][gc,heap        ] GC(545) Tenured: 61814K->61814K(1398144K)
[860.074s][info][gc,metaspace   ] GC(545) Metaspace: 91397K(97712K)->91397K(97712K) NonClass: 79815K(83120K)->79815K(83120K) Class: 11582K(14592K)->11582K(14592K)
[860.074s][info][gc             ] GC(545) Pause Young (Allocation Failure) 615M->68M(1979M) 6.387ms
[860.074s][info][gc,cpu         ] GC(545) User=0.00s Sys=0.00s Real=0.01s
[862.018s][info][gc,start       ] GC(546) Pause Young (Allocation Failure)
[862.026s][info][gc,heap        ] GC(546) DefNew: 567852K->7294K(629120K)
[862.026s][info][gc,heap        ] GC(546) Tenured: 61814K->61814K(1398144K)
[862.026s][info][gc,metaspace   ] GC(546) Metaspace: 91397K(97712K)->91397K(97712K) NonClass: 79815K(83120K)->79815K(83120K) Class: 11582K(14592K)->11582K(14592K)
[862.026s][info][gc             ] GC(546) Pause Young (Allocation Failure) 614M->67M(1979M) 7.362ms
[862.026s][info][gc,cpu         ] GC(546) User=0.00s Sys=0.00s Real=0.01s
[864.010s][info][gc,start       ] GC(547) Pause Young (Allocation Failure)
[864.017s][info][gc,heap        ] GC(547) DefNew: 565574K->6259K(629120K)
[864.017s][info][gc,heap        ] GC(547) Tenured: 61814K->62277K(1398144K)
[864.017s][info][gc,metaspace   ] GC(547) Metaspace: 91397K(97712K)->91397K(97712K) NonClass: 79815K(83120K)->79815K(83120K) Class: 11582K(14592K)->11582K(14592K)
[864.017s][info][gc             ] GC(547) Pause Young (Allocation Failure) 612M->66M(1979M) 7.111ms
[864.018s][info][gc,cpu         ] GC(547) User=0.00s Sys=0.00s Real=0.01s
[865.839s][info][gc,start       ] GC(548) Pause Young (Allocation Failure)
[865.849s][info][gc,heap        ] GC(548) DefNew: 565491K->11244K(629120K)
[865.849s][info][gc,heap        ] GC(548) Tenured: 62277K->62465K(1398144K)
[865.849s][info][gc,metaspace   ] GC(548) Metaspace: 91397K(97712K)->91397K(97712K) NonClass: 79815K(83120K)->79815K(83120K) Class: 11582K(14592K)->11582K(14592K)
[865.849s][info][gc             ] GC(548) Pause Young (Allocation Failure) 613M->71M(1979M) 10.293ms
[865.849s][info][gc,cpu         ] GC(548) User=0.00s Sys=0.00s Real=0.01s
[866.474s][info][gc,start       ] GC(549) Pause Young (Allocation Failure)
[866.481s][info][gc,heap        ] GC(549) DefNew: 569986K->13157K(629120K)
[866.481s][info][gc,heap        ] GC(549) Tenured: 62465K->62669K(1398144K)
[866.481s][info][gc,metaspace   ] GC(549) Metaspace: 91397K(97712K)->91397K(97712K) NonClass: 79815K(83120K)->79815K(83120K) Class: 11582K(14592K)->11582K(14592K)
[866.481s][info][gc             ] GC(549) Pause Young (Allocation Failure) 617M->74M(1979M) 7.679ms
[866.481s][info][gc,cpu         ] GC(549) User=0.00s Sys=0.00s Real=0.01s
[867.800s][info][gc,start       ] GC(550) Pause Young (Allocation Failure)
[867.808s][info][gc,heap        ] GC(550) DefNew: 572389K->7562K(629120K)
[867.808s][info][gc,heap        ] GC(550) Tenured: 62669K->62821K(1398144K)
[867.808s][info][gc,metaspace   ] GC(550) Metaspace: 91397K(97712K)->91397K(97712K) NonClass: 79815K(83120K)->79815K(83120K) Class: 11582K(14592K)->11582K(14592K)
[867.808s][info][gc             ] GC(550) Pause Young (Allocation Failure) 620M->68M(1979M) 8.007ms
[867.808s][info][gc,cpu         ] GC(550) User=0.02s Sys=0.00s Real=0.01s
[869.710s][info][gc,start       ] GC(551) Pause Young (Allocation Failure)
[869.718s][info][gc,heap        ] GC(551) DefNew: 566683K->7769K(629120K)
[869.718s][info][gc,heap        ] GC(551) Tenured: 62821K->62887K(1398144K)
[869.718s][info][gc,metaspace   ] GC(551) Metaspace: 91397K(97712K)->91397K(97712K) NonClass: 79815K(83120K)->79815K(83120K) Class: 11582K(14592K)->11582K(14592K)
[869.718s][info][gc             ] GC(551) Pause Young (Allocation Failure) 614M->69M(1979M) 7.998ms
[869.718s][info][gc,cpu         ] GC(551) User=0.00s Sys=0.00s Real=0.01s
[870.214s][info][gc,start       ] GC(552) Pause Young (Allocation Failure)
[870.222s][info][gc,heap        ] GC(552) DefNew: 566922K->12936K(629120K)
[870.222s][info][gc,heap        ] GC(552) Tenured: 62887K->63067K(1398144K)
[870.222s][info][gc,metaspace   ] GC(552) Metaspace: 91397K(97712K)->91397K(97712K) NonClass: 79815K(83120K)->79815K(83120K) Class: 11582K(14592K)->11582K(14592K)
[870.222s][info][gc             ] GC(552) Pause Young (Allocation Failure) 615M->74M(1979M) 7.803ms
[870.222s][info][gc,cpu         ] GC(552) User=0.00s Sys=0.00s Real=0.01s
[871.748s][info][gc,start       ] GC(553) Pause Young (Allocation Failure)
[871.755s][info][gc,heap        ] GC(553) DefNew: 572168K->6280K(629120K)
[871.755s][info][gc,heap        ] GC(553) Tenured: 63067K->63209K(1398144K)
[871.755s][info][gc,metaspace   ] GC(553) Metaspace: 91397K(97712K)->91397K(97712K) NonClass: 79815K(83120K)->79815K(83120K) Class: 11582K(14592K)->11582K(14592K)
[871.755s][info][gc             ] GC(553) Pause Young (Allocation Failure) 620M->67M(1979M) 7.633ms
[871.755s][info][gc,cpu         ] GC(553) User=0.00s Sys=0.00s Real=0.01s
[873.549s][info][gc,start       ] GC(554) Pause Young (Allocation Failure)
[873.558s][info][gc,heap        ] GC(554) DefNew: 565512K->8074K(629120K)
[873.558s][info][gc,heap        ] GC(554) Tenured: 63209K->63380K(1398144K)
[873.558s][info][gc,metaspace   ] GC(554) Metaspace: 91397K(97712K)->91397K(97712K) NonClass: 79815K(83120K)->79815K(83120K) Class: 11582K(14592K)->11582K(14592K)
[873.558s][info][gc             ] GC(554) Pause Young (Allocation Failure) 613M->69M(1979M) 8.695ms
[873.558s][info][gc,cpu         ] GC(554) User=0.00s Sys=0.00s Real=0.01s
[874.008s][info][gc,start       ] GC(555) Pause Young (Allocation Failure)
[874.015s][info][gc,heap        ] GC(555) DefNew: 565630K->13714K(629120K)
[874.015s][info][gc,heap        ] GC(555) Tenured: 63380K->63502K(1398144K)
[874.015s][info][gc,metaspace   ] GC(555) Metaspace: 91397K(97712K)->91397K(97712K) NonClass: 79815K(83120K)->79815K(83120K) Class: 11582K(14592K)->11582K(14592K)
[874.015s][info][gc             ] GC(555) Pause Young (Allocation Failure) 614M->75M(1979M) 7.807ms
[874.015s][info][gc,cpu         ] GC(555) User=0.00s Sys=0.00s Real=0.01s
[875.444s][info][gc,start       ] GC(556) Pause Young (Allocation Failure)
[875.452s][info][gc,heap        ] GC(556) DefNew: 572946K->8855K(629120K)
[875.452s][info][gc,heap        ] GC(556) Tenured: 63502K->63619K(1398144K)
[875.452s][info][gc,metaspace   ] GC(556) Metaspace: 91397K(97712K)->91397K(97712K) NonClass: 79815K(83120K)->79815K(83120K) Class: 11582K(14592K)->11582K(14592K)
[875.452s][info][gc             ] GC(556) Pause Young (Allocation Failure) 621M->70M(1979M) 7.543ms
[875.452s][info][gc,cpu         ] GC(556) User=0.00s Sys=0.00s Real=0.01s
[877.133s][info][gc,start       ] GC(557) Pause Young (Allocation Failure)
[877.143s][info][gc,heap        ] GC(557) DefNew: 568087K->8592K(629120K)
[877.143s][info][gc,heap        ] GC(557) Tenured: 63619K->63781K(1398144K)
[877.143s][info][gc,metaspace   ] GC(557) Metaspace: 91397K(97712K)->91397K(97712K) NonClass: 79815K(83120K)->79815K(83120K) Class: 11582K(14592K)->11582K(14592K)
[877.143s][info][gc             ] GC(557) Pause Young (Allocation Failure) 616M->70M(1979M) 10.143ms
[877.143s][info][gc,cpu         ] GC(557) User=0.00s Sys=0.00s Real=0.01s
[877.602s][info][gc,start       ] GC(558) Pause Young (Allocation Failure)
[877.610s][info][gc,heap        ] GC(558) DefNew: 564323K->8607K(629120K)
[877.610s][info][gc,heap        ] GC(558) Tenured: 63781K->63969K(1398144K)
[877.610s][info][gc,metaspace   ] GC(558) Metaspace: 91397K(97712K)->91397K(97712K) NonClass: 79815K(83120K)->79815K(83120K) Class: 11582K(14592K)->11582K(14592K)
[877.610s][info][gc             ] GC(558) Pause Young (Allocation Failure) 613M->70M(1979M) 7.647ms
[877.610s][info][gc,cpu         ] GC(558) User=0.00s Sys=0.00s Real=0.01s
[879.096s][info][gc,start       ] GC(559) Pause Young (Allocation Failure)
[879.102s][info][gc,heap        ] GC(559) DefNew: 567513K->5547K(629120K)
[879.102s][info][gc,heap        ] GC(559) Tenured: 63969K->64088K(1398144K)
[879.102s][info][gc,metaspace   ] GC(559) Metaspace: 91397K(97712K)->91397K(97712K) NonClass: 79815K(83120K)->79815K(83120K) Class: 11582K(14592K)->11582K(14592K)
[879.103s][info][gc             ] GC(559) Pause Young (Allocation Failure) 616M->68M(1979M) 6.155ms
[879.103s][info][gc,cpu         ] GC(559) User=0.00s Sys=0.00s Real=0.01s
[880.923s][info][gc,start       ] GC(560) Pause Young (Allocation Failure)
[880.933s][info][gc,heap        ] GC(560) DefNew: 564779K->8538K(629120K)
[880.933s][info][gc,heap        ] GC(560) Tenured: 64088K->64171K(1398144K)
[880.933s][info][gc,metaspace   ] GC(560) Metaspace: 91397K(97712K)->91397K(97712K) NonClass: 79815K(83120K)->79815K(83120K) Class: 11582K(14592K)->11582K(14592K)
[880.933s][info][gc             ] GC(560) Pause Young (Allocation Failure) 614M->71M(1979M) 10.317ms
[880.933s][info][gc,cpu         ] GC(560) User=0.00s Sys=0.00s Real=0.01s
[881.634s][info][gc,start       ] GC(561) Pause Young (Allocation Failure)
[881.643s][info][gc,heap        ] GC(561) DefNew: 567199K->7643K(629120K)
[881.643s][info][gc,heap        ] GC(561) Tenured: 64171K->64367K(1398144K)
[881.643s][info][gc,metaspace   ] GC(561) Metaspace: 91397K(97712K)->91397K(97712K) NonClass: 79815K(83120K)->79815K(83120K) Class: 11582K(14592K)->11582K(14592K)
[881.643s][info][gc             ] GC(561) Pause Young (Allocation Failure) 616M->70M(1979M) 9.123ms
[881.644s][info][gc,cpu         ] GC(561) User=0.00s Sys=0.00s Real=0.01s
[881.677s][info][gc,start       ] GC(562) Pause Full (System.gc())
[881.679s][info][gc,phases,start] GC(562) Phase 1: Mark live objects
[881.732s][info][gc,phases      ] GC(562) Phase 1: Mark live objects 52.843ms
[881.732s][info][gc,phases,start] GC(562) Phase 2: Compute new object addresses
[881.745s][info][gc,phases      ] GC(562) Phase 2: Compute new object addresses 12.999ms
[881.745s][info][gc,phases,start] GC(562) Phase 3: Adjust pointers
[881.777s][info][gc,phases      ] GC(562) Phase 3: Adjust pointers 31.455ms
[881.777s][info][gc,phases,start] GC(562) Phase 4: Move objects
[881.777s][info][gc,phases      ] GC(562) Phase 4: Move objects 0.512ms
[881.778s][info][gc,heap        ] GC(562) DefNew: 28208K->0K(629120K)
[881.778s][info][gc,heap        ] GC(562) Tenured: 64367K->66693K(1398144K)
[881.778s][info][gc,metaspace   ] GC(562) Metaspace: 91397K(97712K)->91397K(97712K) NonClass: 79815K(83120K)->79815K(83120K) Class: 11582K(14592K)->11582K(14592K)
[881.778s][info][gc             ] GC(562) Pause Full (System.gc()) 90M->65M(1979M) 101.125ms
[881.778s][info][gc,cpu         ] GC(562) User=0.11s Sys=0.00s Real=0.10s
[882.257s][info][gc,start       ] GC(563) Pause Young (Allocation Failure)
[882.261s][info][gc,heap        ] GC(563) DefNew: 557491K->3056K(629120K)
[882.261s][info][gc,heap        ] GC(563) Tenured: 66693K->66693K(1398144K)
[882.261s][info][gc,metaspace   ] GC(563) Metaspace: 91397K(97712K)->91397K(97712K) NonClass: 79815K(83120K)->79815K(83120K) Class: 11582K(14592K)->11582K(14592K)
[882.261s][info][gc             ] GC(563) Pause Young (Allocation Failure) 609M->68M(1979M) 3.702ms
[882.261s][info][gc,cpu         ] GC(563) User=0.00s Sys=0.00s Real=0.00s
[884.153s][info][gc,start       ] GC(564) Pause Young (Allocation Failure)
[884.158s][info][gc,heap        ] GC(564) DefNew: 560543K->4392K(629120K)
[884.158s][info][gc,heap        ] GC(564) Tenured: 66693K->66693K(1398144K)
[884.158s][info][gc,metaspace   ] GC(564) Metaspace: 91397K(97712K)->91397K(97712K) NonClass: 79815K(83120K)->79815K(83120K) Class: 11582K(14592K)->11582K(14592K)
[884.158s][info][gc             ] GC(564) Pause Young (Allocation Failure) 612M->69M(1979M) 4.871ms
[884.158s][info][gc,cpu         ] GC(564) User=0.00s Sys=0.00s Real=0.00s
[886.101s][info][gc,start       ] GC(565) Pause Young (Allocation Failure)
[886.107s][info][gc,heap        ] GC(565) DefNew: 562781K->5047K(629120K)
[886.107s][info][gc,heap        ] GC(565) Tenured: 66693K->66693K(1398144K)
[886.107s][info][gc,metaspace   ] GC(565) Metaspace: 91397K(97712K)->91397K(97712K) NonClass: 79815K(83120K)->79815K(83120K) Class: 11582K(14592K)->11582K(14592K)
[886.107s][info][gc             ] GC(565) Pause Young (Allocation Failure) 614M->70M(1979M) 5.916ms
[886.107s][info][gc,cpu         ] GC(565) User=0.00s Sys=0.00s Real=0.01s
[887.799s][info][gc,start       ] GC(566) Pause Young (Allocation Failure)
[887.806s][info][gc,heap        ] GC(566) DefNew: 564279K->6744K(629120K)
[887.806s][info][gc,heap        ] GC(566) Tenured: 66693K->66693K(1398144K)
[887.806s][info][gc,metaspace   ] GC(566) Metaspace: 91397K(97712K)->91397K(97712K) NonClass: 79815K(83120K)->79815K(83120K) Class: 11582K(14592K)->11582K(14592K)
[887.806s][info][gc             ] GC(566) Pause Young (Allocation Failure) 616M->71M(1979M) 7.483ms
[887.806s][info][gc,cpu         ] GC(566) User=0.00s Sys=0.00s Real=0.01s
[888.278s][info][gc,start       ] GC(567) Pause Young (Allocation Failure)
[888.285s][info][gc,heap        ] GC(567) DefNew: 562198K->16628K(629120K)
[888.285s][info][gc,heap        ] GC(567) Tenured: 66693K->66693K(1398144K)
[888.285s][info][gc,metaspace   ] GC(567) Metaspace: 91397K(97712K)->91397K(97712K) NonClass: 79815K(83120K)->79815K(83120K) Class: 11582K(14592K)->11582K(14592K)
[888.285s][info][gc             ] GC(567) Pause Young (Allocation Failure) 614M->81M(1979M) 6.772ms
[888.285s][info][gc,cpu         ] GC(567) User=0.00s Sys=0.00s Real=0.01s
[889.700s][info][gc,start       ] GC(568) Pause Young (Allocation Failure)
[889.707s][info][gc,heap        ] GC(568) DefNew: 575860K->5424K(629120K)
[889.707s][info][gc,heap        ] GC(568) Tenured: 66693K->66693K(1398144K)
[889.707s][info][gc,metaspace   ] GC(568) Metaspace: 91397K(97712K)->91397K(97712K) NonClass: 79815K(83120K)->79815K(83120K) Class: 11582K(14592K)->11582K(14592K)
[889.707s][info][gc             ] GC(568) Pause Young (Allocation Failure) 627M->70M(1979M) 7.148ms
[889.707s][info][gc,cpu         ] GC(568) User=0.00s Sys=0.00s Real=0.01s
[891.692s][info][gc,start       ] GC(569) Pause Young (Allocation Failure)
[891.697s][info][gc,heap        ] GC(569) DefNew: 564656K->5207K(629120K)
[891.697s][info][gc,heap        ] GC(569) Tenured: 66693K->66693K(1398144K)
[891.697s][info][gc,metaspace   ] GC(569) Metaspace: 91397K(97712K)->91397K(97712K) NonClass: 79815K(83120K)->79815K(83120K) Class: 11582K(14592K)->11582K(14592K)
[891.697s][info][gc             ] GC(569) Pause Young (Allocation Failure) 616M->70M(1979M) 5.305ms
[891.697s][info][gc,cpu         ] GC(569) User=0.00s Sys=0.00s Real=0.00s
[894.196s][info][gc,start       ] GC(570) Pause Young (Allocation Failure)
[894.203s][info][gc,heap        ] GC(570) DefNew: 564439K->6278K(629120K)
[894.203s][info][gc,heap        ] GC(570) Tenured: 66693K->66693K(1398144K)
[894.203s][info][gc,metaspace   ] GC(570) Metaspace: 91397K(97712K)->91397K(97712K) NonClass: 79815K(83120K)->79815K(83120K) Class: 11582K(14592K)->11582K(14592K)
[894.203s][info][gc             ] GC(570) Pause Young (Allocation Failure) 616M->71M(1979M) 7.099ms
[894.203s][info][gc,cpu         ] GC(570) User=0.00s Sys=0.00s Real=0.01s
[894.813s][info][gc,start       ] GC(571) Pause Young (Allocation Failure)
[894.821s][info][gc,heap        ] GC(571) DefNew: 565510K->12246K(629120K)
[894.821s][info][gc,heap        ] GC(571) Tenured: 66693K->66693K(1398144K)
[894.821s][info][gc,metaspace   ] GC(571) Metaspace: 91397K(97712K)->91397K(97712K) NonClass: 79815K(83120K)->79815K(83120K) Class: 11582K(14592K)->11582K(14592K)
[894.821s][info][gc             ] GC(571) Pause Young (Allocation Failure) 617M->77M(1979M) 8.111ms
[894.821s][info][gc,cpu         ] GC(571) User=0.00s Sys=0.00s Real=0.01s
[895.549s][info][gc,start       ] GC(572) Pause Young (Allocation Failure)
[895.554s][info][gc,heap        ] GC(572) DefNew: 571478K->5111K(629120K)
[895.554s][info][gc,heap        ] GC(572) Tenured: 66693K->66693K(1398144K)
[895.554s][info][gc,metaspace   ] GC(572) Metaspace: 91397K(97712K)->91397K(97712K) NonClass: 79815K(83120K)->79815K(83120K) Class: 11582K(14592K)->11582K(14592K)
[895.554s][info][gc             ] GC(572) Pause Young (Allocation Failure) 623M->70M(1979M) 5.325ms
[895.554s][info][gc,cpu         ] GC(572) User=0.00s Sys=0.00s Real=0.01s
[898.131s][info][gc,start       ] GC(573) Pause Young (Allocation Failure)
[898.136s][info][gc,heap        ] GC(573) DefNew: 563908K->6330K(629120K)
[898.136s][info][gc,heap        ] GC(573) Tenured: 66693K->66693K(1398144K)
[898.136s][info][gc,metaspace   ] GC(573) Metaspace: 91397K(97712K)->91397K(97712K) NonClass: 79815K(83120K)->79815K(83120K) Class: 11582K(14592K)->11582K(14592K)
[898.136s][info][gc             ] GC(573) Pause Young (Allocation Failure) 615M->71M(1979M) 5.771ms
[898.136s][info][gc,cpu         ] GC(573) User=0.00s Sys=0.00s Real=0.01s
[900.094s][info][gc,start       ] GC(574) Pause Young (Allocation Failure)
[900.101s][info][gc,heap        ] GC(574) DefNew: 565524K->6420K(629120K)
[900.101s][info][gc,heap        ] GC(574) Tenured: 66693K->66693K(1398144K)
[900.101s][info][gc,metaspace   ] GC(574) Metaspace: 91397K(97712K)->91397K(97712K) NonClass: 79815K(83120K)->79815K(83120K) Class: 11582K(14592K)->11582K(14592K)
[900.101s][info][gc             ] GC(574) Pause Young (Allocation Failure) 617M->71M(1979M) 6.872ms
[900.101s][info][gc,cpu         ] GC(574) User=0.00s Sys=0.00s Real=0.01s
[901.434s][info][gc,start       ] GC(575) Pause Young (Allocation Failure)
[901.452s][info][gc,heap        ] GC(575) DefNew: 565652K->11720K(629120K)
[901.452s][info][gc,heap        ] GC(575) Tenured: 66693K->66693K(1398144K)
[901.452s][info][gc,metaspace   ] GC(575) Metaspace: 91397K(97712K)->91397K(97712K) NonClass: 79815K(83120K)->79815K(83120K) Class: 11582K(14592K)->11582K(14592K)
[901.452s][info][gc             ] GC(575) Pause Young (Allocation Failure) 617M->76M(1979M) 18.235ms
[901.452s][info][gc,cpu         ] GC(575) User=0.00s Sys=0.00s Real=0.02s
[901.990s][info][gc,start       ] GC(576) Pause Young (Allocation Failure)
[901.997s][info][gc,heap        ] GC(576) DefNew: 570859K->8486K(629120K)
[901.997s][info][gc,heap        ] GC(576) Tenured: 66693K->66693K(1398144K)
[901.997s][info][gc,metaspace   ] GC(576) Metaspace: 91397K(97712K)->91397K(97712K) NonClass: 79815K(83120K)->79815K(83120K) Class: 11582K(14592K)->11582K(14592K)
[901.997s][info][gc             ] GC(576) Pause Young (Allocation Failure) 622M->73M(1979M) 7.229ms
[901.997s][info][gc,cpu         ] GC(576) User=0.00s Sys=0.00s Real=0.01s
[903.899s][info][gc,start       ] GC(577) Pause Young (Allocation Failure)
[903.908s][info][gc,heap        ] GC(577) DefNew: 567718K->7254K(629120K)
[903.908s][info][gc,heap        ] GC(577) Tenured: 66693K->66693K(1398144K)
[903.908s][info][gc,metaspace   ] GC(577) Metaspace: 91398K(97712K)->91398K(97712K) NonClass: 79815K(83120K)->79815K(83120K) Class: 11582K(14592K)->11582K(14592K)
[903.908s][info][gc             ] GC(577) Pause Young (Allocation Failure) 619M->72M(1979M) 9.183ms
[903.908s][info][gc,cpu         ] GC(577) User=0.00s Sys=0.00s Real=0.01s
[905.904s][info][gc,start       ] GC(578) Pause Young (Allocation Failure)
[905.911s][info][gc,heap        ] GC(578) DefNew: 566486K->6330K(629120K)
[905.911s][info][gc,heap        ] GC(578) Tenured: 66693K->67156K(1398144K)
[905.911s][info][gc,metaspace   ] GC(578) Metaspace: 91398K(97712K)->91398K(97712K) NonClass: 79815K(83120K)->79815K(83120K) Class: 11582K(14592K)->11582K(14592K)
[905.911s][info][gc             ] GC(578) Pause Young (Allocation Failure) 618M->71M(1979M) 7.287ms
[905.911s][info][gc,cpu         ] GC(578) User=0.00s Sys=0.00s Real=0.01s
[907.654s][info][gc,start       ] GC(579) Pause Young (Allocation Failure)
[907.664s][info][gc,heap        ] GC(579) DefNew: 565562K->9353K(629120K)
[907.664s][info][gc,heap        ] GC(579) Tenured: 67156K->67369K(1398144K)
[907.664s][info][gc,metaspace   ] GC(579) Metaspace: 91398K(97712K)->91398K(97712K) NonClass: 79815K(83120K)->79815K(83120K) Class: 11582K(14592K)->11582K(14592K)
[907.664s][info][gc             ] GC(579) Pause Young (Allocation Failure) 617M->74M(1979M) 9.839ms
[907.664s][info][gc,cpu         ] GC(579) User=0.00s Sys=0.00s Real=0.01s
[908.264s][info][gc,start       ] GC(580) Pause Young (Allocation Failure)
[908.273s][info][gc,heap        ] GC(580) DefNew: 567883K->21360K(629120K)
[908.273s][info][gc,heap        ] GC(580) Tenured: 67369K->67556K(1398144K)
[908.273s][info][gc,metaspace   ] GC(580) Metaspace: 91398K(97712K)->91398K(97712K) NonClass: 79815K(83120K)->79815K(83120K) Class: 11582K(14592K)->11582K(14592K)
[908.273s][info][gc             ] GC(580) Pause Young (Allocation Failure) 620M->86M(1979M) 8.717ms
[908.273s][info][gc,cpu         ] GC(580) User=0.00s Sys=0.00s Real=0.01s
[909.579s][info][gc,start       ] GC(581) Pause Young (Allocation Failure)
[909.587s][info][gc,heap        ] GC(581) DefNew: 580592K->7948K(629120K)
[909.587s][info][gc,heap        ] GC(581) Tenured: 67556K->67704K(1398144K)
[909.587s][info][gc,metaspace   ] GC(581) Metaspace: 91398K(97712K)->91398K(97712K) NonClass: 79815K(83120K)->79815K(83120K) Class: 11582K(14592K)->11582K(14592K)
[909.587s][info][gc             ] GC(581) Pause Young (Allocation Failure) 632M->73M(1979M) 7.387ms
[909.587s][info][gc,cpu         ] GC(581) User=0.00s Sys=0.00s Real=0.01s
[911.476s][info][gc,start       ] GC(582) Pause Young (Allocation Failure)
[911.484s][info][gc,heap        ] GC(582) DefNew: 567090K->7813K(629120K)
[911.484s][info][gc,heap        ] GC(582) Tenured: 67704K->67771K(1398144K)
[911.484s][info][gc,metaspace   ] GC(582) Metaspace: 91398K(97712K)->91398K(97712K) NonClass: 79815K(83120K)->79815K(83120K) Class: 11582K(14592K)->11582K(14592K)
[911.484s][info][gc             ] GC(582) Pause Young (Allocation Failure) 619M->73M(1979M) 8.152ms
[911.484s][info][gc,cpu         ] GC(582) User=0.00s Sys=0.00s Real=0.01s
[912.022s][info][gc,start       ] GC(583) Pause Young (Allocation Failure)
[912.030s][info][gc,heap        ] GC(583) DefNew: 563989K->13232K(629120K)
[912.030s][info][gc,heap        ] GC(583) Tenured: 67771K->67952K(1398144K)
[912.030s][info][gc,metaspace   ] GC(583) Metaspace: 91398K(97712K)->91398K(97712K) NonClass: 79815K(83120K)->79815K(83120K) Class: 11582K(14592K)->11582K(14592K)
[912.030s][info][gc             ] GC(583) Pause Young (Allocation Failure) 616M->79M(1979M) 7.960ms
[912.030s][info][gc,cpu         ] GC(583) User=0.00s Sys=0.00s Real=0.01s
[913.503s][info][gc,start       ] GC(584) Pause Young (Allocation Failure)
[913.509s][info][gc,heap        ] GC(584) DefNew: 569411K->5762K(629120K)
[913.509s][info][gc,heap        ] GC(584) Tenured: 67952K->68090K(1398144K)
[913.509s][info][gc,metaspace   ] GC(584) Metaspace: 91398K(97712K)->91398K(97712K) NonClass: 79815K(83120K)->79815K(83120K) Class: 11582K(14592K)->11582K(14592K)
[913.509s][info][gc             ] GC(584) Pause Young (Allocation Failure) 622M->72M(1979M) 6.311ms
[913.509s][info][gc,cpu         ] GC(584) User=0.00s Sys=0.00s Real=0.01s
[915.346s][info][gc,start       ] GC(585) Pause Young (Allocation Failure)
[915.354s][info][gc,heap        ] GC(585) DefNew: 564994K->8060K(629120K)
[915.355s][info][gc,heap        ] GC(585) Tenured: 68090K->68251K(1398144K)
[915.355s][info][gc,metaspace   ] GC(585) Metaspace: 91398K(97712K)->91398K(97712K) NonClass: 79815K(83120K)->79815K(83120K) Class: 11582K(14592K)->11582K(14592K)
[915.355s][info][gc             ] GC(585) Pause Young (Allocation Failure) 618M->74M(1979M) 8.856ms
[915.355s][info][gc,cpu         ] GC(585) User=0.00s Sys=0.00s Real=0.01s
[915.791s][info][gc,start       ] GC(586) Pause Young (Allocation Failure)
[915.800s][info][gc,heap        ] GC(586) DefNew: 566430K->17458K(629120K)
[915.800s][info][gc,heap        ] GC(586) Tenured: 68251K->68449K(1398144K)
[915.800s][info][gc,metaspace   ] GC(586) Metaspace: 91398K(97712K)->91398K(97712K) NonClass: 79815K(83120K)->79815K(83120K) Class: 11582K(14592K)->11582K(14592K)
[915.800s][info][gc             ] GC(586) Pause Young (Allocation Failure) 619M->83M(1979M) 8.667ms
[915.800s][info][gc,cpu         ] GC(586) User=0.00s Sys=0.00s Real=0.01s
[917.251s][info][gc,start       ] GC(587) Pause Young (GCLocker Initiated GC)
[917.258s][info][gc,heap        ] GC(587) DefNew: 576690K->7612K(629120K)
[917.258s][info][gc,heap        ] GC(587) Tenured: 68449K->68560K(1398144K)
[917.258s][info][gc,metaspace   ] GC(587) Metaspace: 91398K(97712K)->91398K(97712K) NonClass: 79815K(83120K)->79815K(83120K) Class: 11582K(14592K)->11582K(14592K)
[917.258s][info][gc             ] GC(587) Pause Young (GCLocker Initiated GC) 630M->74M(1979M) 7.781ms
[917.258s][info][gc,cpu         ] GC(587) User=0.00s Sys=0.00s Real=0.01s
[919.005s][info][gc,start       ] GC(588) Pause Young (Allocation Failure)
[919.013s][info][gc,heap        ] GC(588) DefNew: 566844K->8402K(629120K)
[919.013s][info][gc,heap        ] GC(588) Tenured: 68560K->68724K(1398144K)
[919.014s][info][gc,metaspace   ] GC(588) Metaspace: 91398K(97712K)->91398K(97712K) NonClass: 79815K(83120K)->79815K(83120K) Class: 11582K(14592K)->11582K(14592K)
[919.014s][info][gc             ] GC(588) Pause Young (Allocation Failure) 620M->75M(1979M) 8.893ms
[919.014s][info][gc,cpu         ] GC(588) User=0.00s Sys=0.00s Real=0.01s
[919.498s][info][gc,start       ] GC(589) Pause Young (Allocation Failure)
[919.505s][info][gc,heap        ] GC(589) DefNew: 567184K->8251K(629120K)
[919.505s][info][gc,heap        ] GC(589) Tenured: 68724K->68912K(1398144K)
[919.505s][info][gc,metaspace   ] GC(589) Metaspace: 91398K(97712K)->91398K(97712K) NonClass: 79815K(83120K)->79815K(83120K) Class: 11582K(14592K)->11582K(14592K)
[919.505s][info][gc             ] GC(589) Pause Young (Allocation Failure) 621M->75M(1979M) 6.930ms
[919.505s][info][gc,cpu         ] GC(589) User=0.00s Sys=0.00s Real=0.01s
[921.065s][info][gc,start       ] GC(590) Pause Young (Allocation Failure)
[921.072s][info][gc,heap        ] GC(590) DefNew: 566815K->5752K(629120K)
[921.072s][info][gc,heap        ] GC(590) Tenured: 68912K->69035K(1398144K)
[921.072s][info][gc,metaspace   ] GC(590) Metaspace: 91398K(97712K)->91398K(97712K) NonClass: 79815K(83120K)->79815K(83120K) Class: 11582K(14592K)->11582K(14592K)
[921.072s][info][gc             ] GC(590) Pause Young (Allocation Failure) 620M->73M(1979M) 6.902ms
[921.072s][info][gc,cpu         ] GC(590) User=0.02s Sys=0.00s Real=0.01s
[922.929s][info][gc,start       ] GC(591) Pause Young (Allocation Failure)
[922.939s][info][gc,heap        ] GC(591) DefNew: 564984K->8187K(629120K)
[922.939s][info][gc,heap        ] GC(591) Tenured: 69035K->69117K(1398144K)
[922.939s][info][gc,metaspace   ] GC(591) Metaspace: 91401K(97712K)->91401K(97712K) NonClass: 79819K(83120K)->79819K(83120K) Class: 11582K(14592K)->11582K(14592K)
[922.939s][info][gc             ] GC(591) Pause Young (Allocation Failure) 619M->75M(1979M) 10.021ms
[922.939s][info][gc,cpu         ] GC(591) User=0.00s Sys=0.00s Real=0.01s
[923.643s][info][gc,start       ] GC(592) Pause Young (Allocation Failure)
[923.653s][info][gc,heap        ] GC(592) DefNew: 567419K->7601K(629120K)
[923.653s][info][gc,heap        ] GC(592) Tenured: 69117K->69309K(1398144K)
[923.653s][info][gc,metaspace   ] GC(592) Metaspace: 91401K(97712K)->91401K(97712K) NonClass: 79819K(83120K)->79819K(83120K) Class: 11582K(14592K)->11582K(14592K)
[923.653s][info][gc             ] GC(592) Pause Young (Allocation Failure) 621M->75M(1979M) 9.579ms
[923.653s][info][gc,cpu         ] GC(592) User=0.02s Sys=0.00s Real=0.01s
[923.670s][info][gc,start       ] GC(593) Pause Full (System.gc())
[923.672s][info][gc,phases,start] GC(593) Phase 1: Mark live objects
[923.728s][info][gc,phases      ] GC(593) Phase 1: Mark live objects 55.594ms
[923.728s][info][gc,phases,start] GC(593) Phase 2: Compute new object addresses
[923.742s][info][gc,phases      ] GC(593) Phase 2: Compute new object addresses 13.909ms
[923.742s][info][gc,phases,start] GC(593) Phase 3: Adjust pointers
[923.774s][info][gc,phases      ] GC(593) Phase 3: Adjust pointers 31.874ms
[923.774s][info][gc,phases,start] GC(593) Phase 4: Move objects
[923.775s][info][gc,phases      ] GC(593) Phase 4: Move objects 0.788ms
[923.775s][info][gc,heap        ] GC(593) DefNew: 30741K->0K(629120K)
[923.775s][info][gc,heap        ] GC(593) Tenured: 69309K->72589K(1398144K)
[923.775s][info][gc,metaspace   ] GC(593) Metaspace: 91401K(97712K)->91401K(97712K) NonClass: 79819K(83120K)->79819K(83120K) Class: 11582K(14592K)->11582K(14592K)
[923.775s][info][gc             ] GC(593) Pause Full (System.gc()) 97M->70M(1979M) 105.216ms
[923.775s][info][gc,cpu         ] GC(593) User=0.09s Sys=0.00s Real=0.10s
[924.241s][info][gc,start       ] GC(594) Pause Young (Allocation Failure)
[924.244s][info][gc,heap        ] GC(594) DefNew: 558379K->3097K(629120K)
[924.244s][info][gc,heap        ] GC(594) Tenured: 72589K->72589K(1398144K)
[924.244s][info][gc,metaspace   ] GC(594) Metaspace: 91402K(97712K)->91402K(97712K) NonClass: 79820K(83120K)->79820K(83120K) Class: 11582K(14592K)->11582K(14592K)
[924.244s][info][gc             ] GC(594) Pause Young (Allocation Failure) 616M->73M(1979M) 3.762ms
[924.244s][info][gc,cpu         ] GC(594) User=0.00s Sys=0.00s Real=0.00s
[926.190s][info][gc,start       ] GC(595) Pause Young (Allocation Failure)
[926.195s][info][gc,heap        ] GC(595) DefNew: 562329K->4430K(629120K)
[926.195s][info][gc,heap        ] GC(595) Tenured: 72589K->72589K(1398144K)
[926.195s][info][gc,metaspace   ] GC(595) Metaspace: 91402K(97712K)->91402K(97712K) NonClass: 79820K(83120K)->79820K(83120K) Class: 11582K(14592K)->11582K(14592K)
[926.195s][info][gc             ] GC(595) Pause Young (Allocation Failure) 620M->75M(1979M) 4.748ms
[926.195s][info][gc,cpu         ] GC(595) User=0.02s Sys=0.00s Real=0.00s
[928.139s][info][gc,start       ] GC(596) Pause Young (Allocation Failure)
[928.144s][info][gc,heap        ] GC(596) DefNew: 563398K->4964K(629120K)
[928.144s][info][gc,heap        ] GC(596) Tenured: 72589K->72589K(1398144K)
[928.144s][info][gc,metaspace   ] GC(596) Metaspace: 91402K(97712K)->91402K(97712K) NonClass: 79820K(83120K)->79820K(83120K) Class: 11582K(14592K)->11582K(14592K)
[928.144s][info][gc             ] GC(596) Pause Young (Allocation Failure) 621M->75M(1979M) 5.178ms
[928.144s][info][gc,cpu         ] GC(596) User=0.00s Sys=0.00s Real=0.01s
[929.858s][info][gc,start       ] GC(597) Pause Young (Allocation Failure)
[929.868s][info][gc,heap        ] GC(597) DefNew: 564196K->7356K(629120K)
[929.868s][info][gc,heap        ] GC(597) Tenured: 72589K->72589K(1398144K)
[929.868s][info][gc,metaspace   ] GC(597) Metaspace: 91402K(97712K)->91402K(97712K) NonClass: 79820K(83120K)->79820K(83120K) Class: 11582K(14592K)->11582K(14592K)
[929.868s][info][gc             ] GC(597) Pause Young (Allocation Failure) 621M->78M(1979M) 9.905ms
[929.868s][info][gc,cpu         ] GC(597) User=0.00s Sys=0.00s Real=0.01s
[930.355s][info][gc,start       ] GC(598) Pause Young (Allocation Failure)
[930.362s][info][gc,heap        ] GC(598) DefNew: 565012K->12042K(629120K)
[930.362s][info][gc,heap        ] GC(598) Tenured: 72589K->72589K(1398144K)
[930.362s][info][gc,metaspace   ] GC(598) Metaspace: 91402K(97712K)->91402K(97712K) NonClass: 79820K(83120K)->79820K(83120K) Class: 11582K(14592K)->11582K(14592K)
[930.362s][info][gc             ] GC(598) Pause Young (Allocation Failure) 622M->82M(1979M) 7.252ms
[930.362s][info][gc,cpu         ] GC(598) User=0.00s Sys=0.00s Real=0.01s
[931.798s][info][gc,start       ] GC(599) Pause Young (Allocation Failure)
[931.805s][info][gc,heap        ] GC(599) DefNew: 571274K->6292K(629120K)
[931.805s][info][gc,heap        ] GC(599) Tenured: 72589K->72589K(1398144K)
[931.805s][info][gc,metaspace   ] GC(599) Metaspace: 91402K(97712K)->91402K(97712K) NonClass: 79820K(83120K)->79820K(83120K) Class: 11582K(14592K)->11582K(14592K)
[931.806s][info][gc             ] GC(599) Pause Young (Allocation Failure) 628M->77M(1979M) 7.160ms
[931.806s][info][gc,cpu         ] GC(599) User=0.02s Sys=0.00s Real=0.01s
[933.780s][info][gc,start       ] GC(600) Pause Young (Allocation Failure)
[933.785s][info][gc,heap        ] GC(600) DefNew: 565524K->5400K(629120K)
[933.785s][info][gc,heap        ] GC(600) Tenured: 72589K->72589K(1398144K)
[933.785s][info][gc,metaspace   ] GC(600) Metaspace: 91405K(97712K)->91405K(97712K) NonClass: 79823K(83120K)->79823K(83120K) Class: 11582K(14592K)->11582K(14592K)
[933.785s][info][gc             ] GC(600) Pause Young (Allocation Failure) 623M->76M(1979M) 5.221ms
[933.785s][info][gc,cpu         ] GC(600) User=0.00s Sys=0.00s Real=0.00s
[936.310s][info][gc,start       ] GC(601) Pause Young (Allocation Failure)
[936.316s][info][gc,heap        ] GC(601) DefNew: 564632K->5569K(629120K)
[936.316s][info][gc,heap        ] GC(601) Tenured: 72589K->72589K(1398144K)
[936.316s][info][gc,metaspace   ] GC(601) Metaspace: 91405K(97712K)->91405K(97712K) NonClass: 79823K(83120K)->79823K(83120K) Class: 11582K(14592K)->11582K(14592K)
[936.316s][info][gc             ] GC(601) Pause Young (Allocation Failure) 622M->76M(1979M) 6.104ms
[936.317s][info][gc,cpu         ] GC(601) User=0.00s Sys=0.00s Real=0.01s
[936.914s][info][gc,start       ] GC(602) Pause Young (Allocation Failure)
[936.921s][info][gc,heap        ] GC(602) DefNew: 563441K->7960K(629120K)
[936.921s][info][gc,heap        ] GC(602) Tenured: 72589K->72589K(1398144K)
[936.921s][info][gc,metaspace   ] GC(602) Metaspace: 91405K(97712K)->91405K(97712K) NonClass: 79823K(83120K)->79823K(83120K) Class: 11582K(14592K)->11582K(14592K)
[936.921s][info][gc             ] GC(602) Pause Young (Allocation Failure) 621M->78M(1979M) 7.442ms
[936.921s][info][gc,cpu         ] GC(602) User=0.00s Sys=0.00s Real=0.01s
[937.633s][info][gc,start       ] GC(603) Pause Young (Allocation Failure)
[937.640s][info][gc,heap        ] GC(603) DefNew: 567191K->5364K(629120K)
[937.640s][info][gc,heap        ] GC(603) Tenured: 72589K->72589K(1398144K)
[937.640s][info][gc,metaspace   ] GC(603) Metaspace: 91405K(97712K)->91405K(97712K) NonClass: 79823K(83120K)->79823K(83120K) Class: 11582K(14592K)->11582K(14592K)
[937.640s][info][gc             ] GC(603) Pause Young (Allocation Failure) 624M->76M(1979M) 6.643ms
[937.640s][info][gc,cpu         ] GC(603) User=0.00s Sys=0.00s Real=0.01s
[940.072s][info][gc,start       ] GC(604) Pause Young (Allocation Failure)
[940.079s][info][gc,heap        ] GC(604) DefNew: 564596K->6618K(629120K)
[940.079s][info][gc,heap        ] GC(604) Tenured: 72589K->72589K(1398144K)
[940.079s][info][gc,metaspace   ] GC(604) Metaspace: 91405K(97712K)->91405K(97712K) NonClass: 79823K(83120K)->79823K(83120K) Class: 11582K(14592K)->11582K(14592K)
[940.079s][info][gc             ] GC(604) Pause Young (Allocation Failure) 622M->77M(1979M) 6.463ms
[940.079s][info][gc,cpu         ] GC(604) User=0.00s Sys=0.00s Real=0.01s
[942.048s][info][gc,start       ] GC(605) Pause Young (Allocation Failure)
[942.055s][info][gc,heap        ] GC(605) DefNew: 564217K->6323K(629120K)
[942.055s][info][gc,heap        ] GC(605) Tenured: 72589K->72589K(1398144K)
[942.055s][info][gc,metaspace   ] GC(605) Metaspace: 91405K(97712K)->91405K(97712K) NonClass: 79823K(83120K)->79823K(83120K) Class: 11582K(14592K)->11582K(14592K)
[942.055s][info][gc             ] GC(605) Pause Young (Allocation Failure) 621M->77M(1979M) 6.574ms
[942.055s][info][gc,cpu         ] GC(605) User=0.02s Sys=0.00s Real=0.01s
[943.357s][info][gc,start       ] GC(606) Pause Young (Allocation Failure)
[943.375s][info][gc,heap        ] GC(606) DefNew: 565555K->11769K(629120K)
[943.375s][info][gc,heap        ] GC(606) Tenured: 72589K->72589K(1398144K)
[943.375s][info][gc,metaspace   ] GC(606) Metaspace: 91406K(97712K)->91406K(97712K) NonClass: 79824K(83120K)->79824K(83120K) Class: 11582K(14592K)->11582K(14592K)
[943.375s][info][gc             ] GC(606) Pause Young (Allocation Failure) 623M->82M(1979M) 18.344ms
[943.375s][info][gc,cpu         ] GC(606) User=0.00s Sys=0.00s Real=0.02s
[943.879s][info][gc,start       ] GC(607) Pause Young (Allocation Failure)
[943.886s][info][gc,heap        ] GC(607) DefNew: 570950K->8516K(629120K)
[943.886s][info][gc,heap        ] GC(607) Tenured: 72589K->72589K(1398144K)
[943.886s][info][gc,metaspace   ] GC(607) Metaspace: 91406K(97712K)->91406K(97712K) NonClass: 79824K(83120K)->79824K(83120K) Class: 11582K(14592K)->11582K(14592K)
[943.886s][info][gc             ] GC(607) Pause Young (Allocation Failure) 628M->79M(1979M) 6.518ms
[943.886s][info][gc,cpu         ] GC(607) User=0.00s Sys=0.00s Real=0.01s
[945.774s][info][gc,start       ] GC(608) Pause Young (Allocation Failure)
[945.782s][info][gc,heap        ] GC(608) DefNew: 567748K->7557K(629120K)
[945.782s][info][gc,heap        ] GC(608) Tenured: 72589K->72589K(1398144K)
[945.782s][info][gc,metaspace   ] GC(608) Metaspace: 91406K(97712K)->91406K(97712K) NonClass: 79824K(83120K)->79824K(83120K) Class: 11582K(14592K)->11582K(14592K)
[945.782s][info][gc             ] GC(608) Pause Young (Allocation Failure) 625M->78M(1979M) 8.442ms
[945.782s][info][gc,cpu         ] GC(608) User=0.00s Sys=0.00s Real=0.01s
[947.770s][info][gc,start       ] GC(609) Pause Young (Allocation Failure)
[947.778s][info][gc,heap        ] GC(609) DefNew: 564065K->6295K(629120K)
[947.778s][info][gc,heap        ] GC(609) Tenured: 72589K->73050K(1398144K)
[947.778s][info][gc,metaspace   ] GC(609) Metaspace: 91406K(97712K)->91406K(97712K) NonClass: 79824K(83120K)->79824K(83120K) Class: 11582K(14592K)->11582K(14592K)
[947.778s][info][gc             ] GC(609) Pause Young (Allocation Failure) 621M->77M(1979M) 7.568ms
[947.778s][info][gc,cpu         ] GC(609) User=0.02s Sys=0.00s Real=0.01s
[949.597s][info][gc,start       ] GC(610) Pause Young (Allocation Failure)
[949.607s][info][gc,heap        ] GC(610) DefNew: 565527K->11359K(629120K)
[949.607s][info][gc,heap        ] GC(610) Tenured: 73050K->73241K(1398144K)
[949.607s][info][gc,metaspace   ] GC(610) Metaspace: 91406K(97712K)->91406K(97712K) NonClass: 79824K(83120K)->79824K(83120K) Class: 11582K(14592K)->11582K(14592K)
[949.607s][info][gc             ] GC(610) Pause Young (Allocation Failure) 623M->82M(1979M) 10.315ms
[949.607s][info][gc,cpu         ] GC(610) User=0.02s Sys=0.00s Real=0.01s
[950.240s][info][gc,start       ] GC(611) Pause Young (Allocation Failure)
[950.249s][info][gc,heap        ] GC(611) DefNew: 569623K->13242K(629120K)
[950.249s][info][gc,heap        ] GC(611) Tenured: 73241K->73426K(1398144K)
[950.249s][info][gc,metaspace   ] GC(611) Metaspace: 91406K(97712K)->91406K(97712K) NonClass: 79824K(83120K)->79824K(83120K) Class: 11582K(14592K)->11582K(14592K)
[950.249s][info][gc             ] GC(611) Pause Young (Allocation Failure) 627M->84M(1979M) 9.014ms
[950.249s][info][gc,cpu         ] GC(611) User=0.00s Sys=0.02s Real=0.01s
[951.648s][info][gc,start       ] GC(612) Pause Young (Allocation Failure)
[951.655s][info][gc,heap        ] GC(612) DefNew: 572180K->6116K(629120K)
[951.655s][info][gc,heap        ] GC(612) Tenured: 73426K->73573K(1398144K)
[951.655s][info][gc,metaspace   ] GC(612) Metaspace: 91406K(97712K)->91406K(97712K) NonClass: 79824K(83120K)->79824K(83120K) Class: 11582K(14592K)->11582K(14592K)
[951.655s][info][gc             ] GC(612) Pause Young (Allocation Failure) 630M->77M(1979M) 7.115ms
[951.655s][info][gc,cpu         ] GC(612) User=0.00s Sys=0.00s Real=0.01s
[953.504s][info][gc,start       ] GC(613) Pause Young (Allocation Failure)
[953.513s][info][gc,heap        ] GC(613) DefNew: 565253K->7704K(629120K)
[953.513s][info][gc,heap        ] GC(613) Tenured: 73573K->73714K(1398144K)
[953.513s][info][gc,metaspace   ] GC(613) Metaspace: 91406K(97712K)->91406K(97712K) NonClass: 79824K(83120K)->79824K(83120K) Class: 11582K(14592K)->11582K(14592K)
[953.513s][info][gc             ] GC(613) Pause Young (Allocation Failure) 623M->79M(1979M) 8.807ms
[953.513s][info][gc,cpu         ] GC(613) User=0.02s Sys=0.00s Real=0.01s
[954.019s][info][gc,start       ] GC(614) Pause Young (Allocation Failure)
[954.027s][info][gc,heap        ] GC(614) DefNew: 564738K->13244K(629120K)
[954.027s][info][gc,heap        ] GC(614) Tenured: 73714K->73895K(1398144K)
[954.027s][info][gc,metaspace   ] GC(614) Metaspace: 91406K(97712K)->91406K(97712K) NonClass: 79824K(83120K)->79824K(83120K) Class: 11582K(14592K)->11582K(14592K)
[954.028s][info][gc             ] GC(614) Pause Young (Allocation Failure) 623M->85M(1979M) 8.329ms
[954.028s][info][gc,cpu         ] GC(614) User=0.00s Sys=0.00s Real=0.01s
[955.536s][info][gc,start       ] GC(615) Pause Young (Allocation Failure)
[955.544s][info][gc,heap        ] GC(615) DefNew: 572476K->6183K(629120K)
[955.544s][info][gc,heap        ] GC(615) Tenured: 73895K->74039K(1398144K)
[955.544s][info][gc,metaspace   ] GC(615) Metaspace: 91407K(97712K)->91407K(97712K) NonClass: 79825K(83120K)->79825K(83120K) Class: 11582K(14592K)->11582K(14592K)
[955.544s][info][gc             ] GC(615) Pause Young (Allocation Failure) 631M->78M(1979M) 7.733ms
[955.544s][info][gc,cpu         ] GC(615) User=0.00s Sys=0.00s Real=0.01s
[957.366s][info][gc,start       ] GC(616) Pause Young (Allocation Failure)
[957.375s][info][gc,heap        ] GC(616) DefNew: 565415K->8026K(629120K)
[957.375s][info][gc,heap        ] GC(616) Tenured: 74039K->74202K(1398144K)
[957.375s][info][gc,metaspace   ] GC(616) Metaspace: 91407K(97712K)->91407K(97712K) NonClass: 79825K(83120K)->79825K(83120K) Class: 11582K(14592K)->11582K(14592K)
[957.375s][info][gc             ] GC(616) Pause Young (Allocation Failure) 624M->80M(1979M) 9.001ms
[957.375s][info][gc,cpu         ] GC(616) User=0.00s Sys=0.00s Real=0.01s
[957.826s][info][gc,start       ] GC(617) Pause Young (Allocation Failure)
[957.834s][info][gc,heap        ] GC(617) DefNew: 563175K->8265K(629120K)
[957.834s][info][gc,heap        ] GC(617) Tenured: 74202K->74319K(1398144K)
[957.834s][info][gc,metaspace   ] GC(617) Metaspace: 91407K(97712K)->91407K(97712K) NonClass: 79825K(83120K)->79825K(83120K) Class: 11582K(14592K)->11582K(14592K)
[957.834s][info][gc             ] GC(617) Pause Young (Allocation Failure) 622M->80M(1979M) 7.963ms
[957.834s][info][gc,cpu         ] GC(617) User=0.00s Sys=0.00s Real=0.01s
[959.424s][info][gc,start       ] GC(618) Pause Young (Allocation Failure)
[959.431s][info][gc,heap        ] GC(618) DefNew: 567497K->8463K(629120K)
[959.431s][info][gc,heap        ] GC(618) Tenured: 74319K->74477K(1398144K)
[959.431s][info][gc,metaspace   ] GC(618) Metaspace: 91407K(97712K)->91407K(97712K) NonClass: 79825K(83120K)->79825K(83120K) Class: 11582K(14592K)->11582K(14592K)
[959.431s][info][gc             ] GC(618) Pause Young (Allocation Failure) 626M->80M(1979M) 7.477ms
[959.431s][info][gc,cpu         ] GC(618) User=0.00s Sys=0.00s Real=0.01s
[961.136s][info][gc,start       ] GC(619) Pause Young (Allocation Failure)
[961.145s][info][gc,heap        ] GC(619) DefNew: 567695K->8669K(629120K)
[961.145s][info][gc,heap        ] GC(619) Tenured: 74477K->74591K(1398144K)
[961.145s][info][gc,metaspace   ] GC(619) Metaspace: 91412K(97712K)->91412K(97712K) NonClass: 79830K(83120K)->79830K(83120K) Class: 11582K(14592K)->11582K(14592K)
[961.145s][info][gc             ] GC(619) Pause Young (Allocation Failure) 627M->81M(1979M) 9.405ms
[961.145s][info][gc,cpu         ] GC(619) User=0.00s Sys=0.00s Real=0.01s
[961.638s][info][gc,start       ] GC(620) Pause Young (Allocation Failure)
[961.647s][info][gc,heap        ] GC(620) DefNew: 565048K->17671K(629120K)
[961.647s][info][gc,heap        ] GC(620) Tenured: 74591K->74779K(1398144K)
[961.647s][info][gc,metaspace   ] GC(620) Metaspace: 91412K(97712K)->91412K(97712K) NonClass: 79830K(83120K)->79830K(83120K) Class: 11582K(14592K)->11582K(14592K)
[961.647s][info][gc             ] GC(620) Pause Young (Allocation Failure) 624M->90M(1979M) 8.698ms
[961.647s][info][gc,cpu         ] GC(620) User=0.00s Sys=0.00s Real=0.01s
[963.187s][info][gc,start       ] GC(621) Pause Young (Allocation Failure)
[963.193s][info][gc,heap        ] GC(621) DefNew: 576088K->5720K(629120K)
[963.193s][info][gc,heap        ] GC(621) Tenured: 74779K->74898K(1398144K)
[963.193s][info][gc,metaspace   ] GC(621) Metaspace: 91412K(97712K)->91412K(97712K) NonClass: 79830K(83120K)->79830K(83120K) Class: 11582K(14592K)->11582K(14592K)
[963.193s][info][gc             ] GC(621) Pause Young (Allocation Failure) 635M->78M(1979M) 6.756ms
[963.193s][info][gc,cpu         ] GC(621) User=0.00s Sys=0.00s Real=0.01s
[965.019s][info][gc,start       ] GC(622) Pause Young (Allocation Failure)
[965.030s][info][gc,heap        ] GC(622) DefNew: 564952K->8682K(629120K)
[965.030s][info][gc,heap        ] GC(622) Tenured: 74898K->74983K(1398144K)
[965.030s][info][gc,metaspace   ] GC(622) Metaspace: 91412K(97712K)->91412K(97712K) NonClass: 79830K(83120K)->79830K(83120K) Class: 11582K(14592K)->11582K(14592K)
[965.030s][info][gc             ] GC(622) Pause Young (Allocation Failure) 624M->81M(1979M) 10.644ms
[965.030s][info][gc,cpu         ] GC(622) User=0.02s Sys=0.00s Real=0.01s
[965.726s][info][gc,start       ] GC(623) Pause Young (Allocation Failure)
[965.735s][info][gc,heap        ] GC(623) DefNew: 567914K->7594K(629120K)
[965.735s][info][gc,heap        ] GC(623) Tenured: 74983K->75173K(1398144K)
[965.735s][info][gc,metaspace   ] GC(623) Metaspace: 91413K(97712K)->91413K(97712K) NonClass: 79830K(83120K)->79830K(83120K) Class: 11582K(14592K)->11582K(14592K)
[965.735s][info][gc             ] GC(623) Pause Young (Allocation Failure) 627M->80M(1979M) 8.943ms
[965.735s][info][gc,cpu         ] GC(623) User=0.00s Sys=0.00s Real=0.01s
[965.741s][info][gc,start       ] GC(624) Pause Full (System.gc())
[965.743s][info][gc,phases,start] GC(624) Phase 1: Mark live objects
[965.796s][info][gc,phases      ] GC(624) Phase 1: Mark live objects 52.915ms
[965.796s][info][gc,phases,start] GC(624) Phase 2: Compute new object addresses
[965.809s][info][gc,phases      ] GC(624) Phase 2: Compute new object addresses 12.562ms
[965.809s][info][gc,phases,start] GC(624) Phase 3: Adjust pointers
[965.842s][info][gc,phases      ] GC(624) Phase 3: Adjust pointers 33.123ms
[965.842s][info][gc,phases,start] GC(624) Phase 4: Move objects
[965.850s][info][gc,phases      ] GC(624) Phase 4: Move objects 7.676ms
[965.850s][info][gc,heap        ] GC(624) DefNew: 26719K->0K(629120K)
[965.850s][info][gc,heap        ] GC(624) Tenured: 75173K->56553K(1398144K)
[965.850s][info][gc,metaspace   ] GC(624) Metaspace: 91413K(97712K)->91413K(97712K) NonClass: 79830K(83120K)->79830K(83120K) Class: 11582K(14592K)->11582K(14592K)
[965.850s][info][gc             ] GC(624) Pause Full (System.gc()) 99M->55M(1979M) 109.163ms
[965.850s][info][gc,cpu         ] GC(624) User=0.09s Sys=0.00s Real=0.11s
[966.354s][info][gc,start       ] GC(625) Pause Young (Allocation Failure)
[966.358s][info][gc,heap        ] GC(625) DefNew: 559210K->3110K(629120K)
[966.358s][info][gc,heap        ] GC(625) Tenured: 56553K->56553K(1398144K)
[966.358s][info][gc,metaspace   ] GC(625) Metaspace: 91413K(97712K)->91413K(97712K) NonClass: 79830K(83120K)->79830K(83120K) Class: 11582K(14592K)->11582K(14592K)
[966.358s][info][gc             ] GC(625) Pause Young (Allocation Failure) 601M->58M(1979M) 4.167ms
[966.358s][info][gc,cpu         ] GC(625) User=0.00s Sys=0.00s Real=0.00s
[968.397s][info][gc,start       ] GC(626) Pause Young (Allocation Failure)
[968.402s][info][gc,heap        ] GC(626) DefNew: 561931K->4455K(629120K)
[968.402s][info][gc,heap        ] GC(626) Tenured: 56553K->56553K(1398144K)
[968.402s][info][gc,metaspace   ] GC(626) Metaspace: 91413K(97712K)->91413K(97712K) NonClass: 79830K(83120K)->79830K(83120K) Class: 11582K(14592K)->11582K(14592K)
[968.402s][info][gc             ] GC(626) Pause Young (Allocation Failure) 603M->59M(1979M) 4.660ms
[968.402s][info][gc,cpu         ] GC(626) User=0.00s Sys=0.00s Real=0.00s
[970.314s][info][gc,start       ] GC(627) Pause Young (Allocation Failure)
[970.320s][info][gc,heap        ] GC(627) DefNew: 563158K->5018K(629120K)
[970.320s][info][gc,heap        ] GC(627) Tenured: 56553K->56553K(1398144K)
[970.320s][info][gc,metaspace   ] GC(627) Metaspace: 91413K(97712K)->91413K(97712K) NonClass: 79830K(83120K)->79830K(83120K) Class: 11582K(14592K)->11582K(14592K)
[970.320s][info][gc             ] GC(627) Pause Young (Allocation Failure) 605M->60M(1979M) 6.147ms
[970.320s][info][gc,cpu         ] GC(627) User=0.00s Sys=0.00s Real=0.01s
[972.022s][info][gc,start       ] GC(628) Pause Young (Allocation Failure)
[972.030s][info][gc,heap        ] GC(628) DefNew: 564250K->6762K(629120K)
[972.030s][info][gc,heap        ] GC(628) Tenured: 56553K->56553K(1398144K)
[972.030s][info][gc,metaspace   ] GC(628) Metaspace: 91413K(97712K)->91413K(97712K) NonClass: 79830K(83120K)->79830K(83120K) Class: 11582K(14592K)->11582K(14592K)
[972.030s][info][gc             ] GC(628) Pause Young (Allocation Failure) 606M->61M(1979M) 7.487ms
[972.030s][info][gc,cpu         ] GC(628) User=0.00s Sys=0.00s Real=0.01s
[972.506s][info][gc,start       ] GC(629) Pause Young (Allocation Failure)
[972.512s][info][gc,heap        ] GC(629) DefNew: 563756K->7627K(629120K)
[972.512s][info][gc,heap        ] GC(629) Tenured: 56553K->56553K(1398144K)
[972.512s][info][gc,metaspace   ] GC(629) Metaspace: 91415K(97712K)->91415K(97712K) NonClass: 79832K(83120K)->79832K(83120K) Class: 11582K(14592K)->11582K(14592K)
[972.512s][info][gc             ] GC(629) Pause Young (Allocation Failure) 605M->62M(1979M) 5.765ms
[972.512s][info][gc,cpu         ] GC(629) User=0.00s Sys=0.00s Real=0.01s
[973.939s][info][gc,start       ] GC(630) Pause Young (Allocation Failure)
[973.945s][info][gc,heap        ] GC(630) DefNew: 566859K->5750K(629120K)
[973.946s][info][gc,heap        ] GC(630) Tenured: 56553K->56553K(1398144K)
[973.946s][info][gc,metaspace   ] GC(630) Metaspace: 91415K(97712K)->91415K(97712K) NonClass: 79832K(83120K)->79832K(83120K) Class: 11582K(14592K)->11582K(14592K)
[973.946s][info][gc             ] GC(630) Pause Young (Allocation Failure) 608M->60M(1979M) 6.472ms
[973.946s][info][gc,cpu         ] GC(630) User=0.00s Sys=0.00s Real=0.01s
[975.912s][info][gc,start       ] GC(631) Pause Young (Allocation Failure)
[975.917s][info][gc,heap        ] GC(631) DefNew: 564982K->5342K(629120K)
[975.917s][info][gc,heap        ] GC(631) Tenured: 56553K->56553K(1398144K)
[975.917s][info][gc,metaspace   ] GC(631) Metaspace: 91415K(97712K)->91415K(97712K) NonClass: 79832K(83120K)->79832K(83120K) Class: 11582K(14592K)->11582K(14592K)
[975.917s][info][gc             ] GC(631) Pause Young (Allocation Failure) 606M->60M(1979M) 4.791ms
[975.917s][info][gc,cpu         ] GC(631) User=0.00s Sys=0.00s Real=0.01s
[978.440s][info][gc,start       ] GC(632) Pause Young (Allocation Failure)
[978.446s][info][gc,heap        ] GC(632) DefNew: 564574K->6997K(629120K)
[978.446s][info][gc,heap        ] GC(632) Tenured: 56553K->56553K(1398144K)
[978.446s][info][gc,metaspace   ] GC(632) Metaspace: 91415K(97712K)->91415K(97712K) NonClass: 79832K(83120K)->79832K(83120K) Class: 11582K(14592K)->11582K(14592K)
[978.446s][info][gc             ] GC(632) Pause Young (Allocation Failure) 606M->62M(1979M) 6.180ms
[978.446s][info][gc,cpu         ] GC(632) User=0.00s Sys=0.00s Real=0.01s
[979.049s][info][gc,start       ] GC(633) Pause Young (Allocation Failure)
[979.057s][info][gc,heap        ] GC(633) DefNew: 563865K->20610K(629120K)
[979.057s][info][gc,heap        ] GC(633) Tenured: 56553K->56553K(1398144K)
[979.057s][info][gc,metaspace   ] GC(633) Metaspace: 91415K(97712K)->91415K(97712K) NonClass: 79832K(83120K)->79832K(83120K) Class: 11582K(14592K)->11582K(14592K)
[979.057s][info][gc             ] GC(633) Pause Young (Allocation Failure) 605M->75M(1979M) 8.360ms
[979.057s][info][gc,cpu         ] GC(633) User=0.00s Sys=0.00s Real=0.01s
[979.776s][info][gc,start       ] GC(634) Pause Young (Allocation Failure)
[979.781s][info][gc,heap        ] GC(634) DefNew: 579842K->5106K(629120K)
[979.781s][info][gc,heap        ] GC(634) Tenured: 56553K->56553K(1398144K)
[979.781s][info][gc,metaspace   ] GC(634) Metaspace: 91415K(97712K)->91415K(97712K) NonClass: 79832K(83120K)->79832K(83120K) Class: 11582K(14592K)->11582K(14592K)
[979.781s][info][gc             ] GC(634) Pause Young (Allocation Failure) 621M->60M(1979M) 5.158ms
[979.781s][info][gc,cpu         ] GC(634) User=0.00s Sys=0.00s Real=0.01s
[982.190s][info][gc,start       ] GC(635) Pause Young (Allocation Failure)
[982.196s][info][gc,heap        ] GC(635) DefNew: 563076K->6243K(629120K)
[982.196s][info][gc,heap        ] GC(635) Tenured: 56553K->56553K(1398144K)
[982.196s][info][gc,metaspace   ] GC(635) Metaspace: 91415K(97712K)->91415K(97712K) NonClass: 79832K(83120K)->79832K(83120K) Class: 11582K(14592K)->11582K(14592K)
[982.196s][info][gc             ] GC(635) Pause Young (Allocation Failure) 605M->61M(1979M) 6.083ms
[982.196s][info][gc,cpu         ] GC(635) User=0.00s Sys=0.00s Real=0.01s
[984.165s][info][gc,start       ] GC(636) Pause Young (Allocation Failure)
[984.173s][info][gc,heap        ] GC(636) DefNew: 565475K->6675K(629120K)
[984.173s][info][gc,heap        ] GC(636) Tenured: 56553K->56553K(1398144K)
[984.173s][info][gc,metaspace   ] GC(636) Metaspace: 91420K(97712K)->91420K(97712K) NonClass: 79838K(83120K)->79838K(83120K) Class: 11582K(14592K)->11582K(14592K)
[984.173s][info][gc             ] GC(636) Pause Young (Allocation Failure) 607M->61M(1979M) 7.912ms
[984.173s][info][gc,cpu         ] GC(636) User=0.02s Sys=0.00s Real=0.01s
[985.534s][info][gc,start       ] GC(637) Pause Young (Allocation Failure)
[985.552s][info][gc,heap        ] GC(637) DefNew: 565907K->11661K(629120K)
[985.552s][info][gc,heap        ] GC(637) Tenured: 56553K->56553K(1398144K)
[985.552s][info][gc,metaspace   ] GC(637) Metaspace: 91420K(97712K)->91420K(97712K) NonClass: 79838K(83120K)->79838K(83120K) Class: 11582K(14592K)->11582K(14592K)
[985.552s][info][gc             ] GC(637) Pause Young (Allocation Failure) 607M->66M(1979M) 17.866ms
[985.552s][info][gc,cpu         ] GC(637) User=0.00s Sys=0.00s Real=0.02s
[986.007s][info][gc,start       ] GC(638) Pause Young (Allocation Failure)
[986.014s][info][gc,heap        ] GC(638) DefNew: 570196K->8804K(629120K)
[986.014s][info][gc,heap        ] GC(638) Tenured: 56553K->56553K(1398144K)
[986.014s][info][gc,metaspace   ] GC(638) Metaspace: 91420K(97712K)->91420K(97712K) NonClass: 79838K(83120K)->79838K(83120K) Class: 11582K(14592K)->11582K(14592K)
[986.014s][info][gc             ] GC(638) Pause Young (Allocation Failure) 612M->63M(1979M) 6.980ms
[986.014s][info][gc,cpu         ] GC(638) User=0.00s Sys=0.00s Real=0.01s
[988.017s][info][gc,start       ] GC(639) Pause Young (Allocation Failure)
[988.026s][info][gc,heap        ] GC(639) DefNew: 568036K->7107K(629120K)
[988.026s][info][gc,heap        ] GC(639) Tenured: 56553K->56553K(1398144K)
[988.026s][info][gc,metaspace   ] GC(639) Metaspace: 91420K(97712K)->91420K(97712K) NonClass: 79838K(83120K)->79838K(83120K) Class: 11582K(14592K)->11582K(14592K)
[988.026s][info][gc             ] GC(639) Pause Young (Allocation Failure) 609M->62M(1979M) 9.001ms
[988.026s][info][gc,cpu         ] GC(639) User=0.00s Sys=0.00s Real=0.01s
[990.045s][info][gc,start       ] GC(640) Pause Young (Allocation Failure)
[990.052s][info][gc,heap        ] GC(640) DefNew: 565654K->6362K(629120K)
[990.053s][info][gc,heap        ] GC(640) Tenured: 56553K->57081K(1398144K)
[990.053s][info][gc,metaspace   ] GC(640) Metaspace: 91420K(97712K)->91420K(97712K) NonClass: 79838K(83120K)->79838K(83120K) Class: 11582K(14592K)->11582K(14592K)
[990.053s][info][gc             ] GC(640) Pause Young (Allocation Failure) 607M->61M(1979M) 7.324ms
[990.053s][info][gc,cpu         ] GC(640) User=0.00s Sys=0.00s Real=0.01s
[991.808s][info][gc,start       ] GC(641) Pause Young (Allocation Failure)
[991.817s][info][gc,heap        ] GC(641) DefNew: 565594K->8786K(629120K)
[991.817s][info][gc,heap        ] GC(641) Tenured: 57081K->57270K(1398144K)
[991.817s][info][gc,metaspace   ] GC(641) Metaspace: 91420K(97712K)->91420K(97712K) NonClass: 79838K(83120K)->79838K(83120K) Class: 11582K(14592K)->11582K(14592K)
[991.817s][info][gc             ] GC(641) Pause Young (Allocation Failure) 608M->64M(1979M) 9.592ms
[991.817s][info][gc,cpu         ] GC(641) User=0.00s Sys=0.00s Real=0.01s
[992.430s][info][gc,start       ] GC(642) Pause Young (Allocation Failure)
[992.437s][info][gc,heap        ] GC(642) DefNew: 565405K->9360K(629120K)
[992.437s][info][gc,heap        ] GC(642) Tenured: 57270K->57456K(1398144K)
[992.437s][info][gc,metaspace   ] GC(642) Metaspace: 91420K(97712K)->91420K(97712K) NonClass: 79838K(83120K)->79838K(83120K) Class: 11582K(14592K)->11582K(14592K)
[992.437s][info][gc             ] GC(642) Pause Young (Allocation Failure) 608M->65M(1979M) 7.183ms
[992.437s][info][gc,cpu         ] GC(642) User=0.00s Sys=0.00s Real=0.01s
[993.782s][info][gc,start       ] GC(643) Pause Young (Allocation Failure)
[993.789s][info][gc,heap        ] GC(643) DefNew: 568592K->6224K(629120K)
[993.789s][info][gc,heap        ] GC(643) Tenured: 57456K->57606K(1398144K)
[993.789s][info][gc,metaspace   ] GC(643) Metaspace: 91420K(97712K)->91420K(97712K) NonClass: 79838K(83120K)->79838K(83120K) Class: 11582K(14592K)->11582K(14592K)
[993.789s][info][gc             ] GC(643) Pause Young (Allocation Failure) 611M->62M(1979M) 6.810ms
[993.789s][info][gc,cpu         ] GC(643) User=0.00s Sys=0.00s Real=0.01s
[995.601s][info][gc,start       ] GC(644) Pause Young (Allocation Failure)
[995.610s][info][gc,heap        ] GC(644) DefNew: 565456K->11302K(629120K)
[995.611s][info][gc,heap        ] GC(644) Tenured: 57606K->57681K(1398144K)
[995.611s][info][gc,metaspace   ] GC(644) Metaspace: 91420K(97712K)->91420K(97712K) NonClass: 79838K(83120K)->79838K(83120K) Class: 11582K(14592K)->11582K(14592K)
[995.611s][info][gc             ] GC(644) Pause Young (Allocation Failure) 608M->67M(1979M) 9.739ms
[995.611s][info][gc,cpu         ] GC(644) User=0.00s Sys=0.00s Real=0.01s
[996.205s][info][gc,start       ] GC(645) Pause Young (Allocation Failure)
[996.212s][info][gc,heap        ] GC(645) DefNew: 567761K->8944K(629120K)
[996.212s][info][gc,heap        ] GC(645) Tenured: 57681K->57860K(1398144K)
[996.212s][info][gc,metaspace   ] GC(645) Metaspace: 91420K(97712K)->91420K(97712K) NonClass: 79838K(83120K)->79838K(83120K) Class: 11582K(14592K)->11582K(14592K)
[996.212s][info][gc             ] GC(645) Pause Young (Allocation Failure) 610M->65M(1979M) 7.234ms
[996.212s][info][gc,cpu         ] GC(645) User=0.00s Sys=0.00s Real=0.01s
[997.710s][info][gc,start       ] GC(646) Pause Young (Allocation Failure)
[997.717s][info][gc,heap        ] GC(646) DefNew: 567414K->5680K(629120K)
[997.717s][info][gc,heap        ] GC(646) Tenured: 57860K->57997K(1398144K)
[997.717s][info][gc,metaspace   ] GC(646) Metaspace: 91420K(97712K)->91420K(97712K) NonClass: 79838K(83120K)->79838K(83120K) Class: 11582K(14592K)->11582K(14592K)
[997.717s][info][gc             ] GC(646) Pause Young (Allocation Failure) 610M->62M(1979M) 6.570ms
[997.717s][info][gc,cpu         ] GC(646) User=0.00s Sys=0.00s Real=0.01s
[999.579s][info][gc,start       ] GC(647) Pause Young (Allocation Failure)
[999.589s][info][gc,heap        ] GC(647) DefNew: 564912K->8258K(629120K)
[999.589s][info][gc,heap        ] GC(647) Tenured: 57997K->58158K(1398144K)
[999.589s][info][gc,metaspace   ] GC(647) Metaspace: 91420K(97712K)->91420K(97712K) NonClass: 79838K(83120K)->79838K(83120K) Class: 11582K(14592K)->11582K(14592K)
[999.589s][info][gc             ] GC(647) Pause Young (Allocation Failure) 608M->64M(1979M) 10.240ms
[999.590s][info][gc,cpu         ] GC(647) User=0.00s Sys=0.00s Real=0.01s
[1000.051s][info][gc,start       ] GC(648) Pause Young (Allocation Failure)
[1000.058s][info][gc,heap        ] GC(648) DefNew: 564759K->13467K(629120K)
[1000.058s][info][gc,heap        ] GC(648) Tenured: 58158K->58280K(1398144K)
[1000.058s][info][gc,metaspace   ] GC(648) Metaspace: 91420K(97712K)->91420K(97712K) NonClass: 79838K(83120K)->79838K(83120K) Class: 11582K(14592K)->11582K(14592K)
[1000.058s][info][gc             ] GC(648) Pause Young (Allocation Failure) 608M->70M(1979M) 7.342ms
[1000.058s][info][gc,cpu         ] GC(648) User=0.00s Sys=0.00s Real=0.01s
[1001.530s][info][gc,start       ] GC(649) Pause Young (GCLocker Initiated GC)
[1001.537s][info][gc,heap        ] GC(649) DefNew: 572754K->7573K(629120K)
[1001.537s][info][gc,heap        ] GC(649) Tenured: 58280K->58388K(1398144K)
[1001.537s][info][gc,metaspace   ] GC(649) Metaspace: 91420K(97712K)->91420K(97712K) NonClass: 79838K(83120K)->79838K(83120K) Class: 11582K(14592K)->11582K(14592K)
[1001.537s][info][gc             ] GC(649) Pause Young (GCLocker Initiated GC) 616M->64M(1979M) 7.316ms
[1001.537s][info][gc,cpu         ] GC(649) User=0.00s Sys=0.00s Real=0.01s
[1003.274s][info][gc,start       ] GC(650) Pause Young (Allocation Failure)
[1003.283s][info][gc,heap        ] GC(650) DefNew: 566805K->8571K(629120K)
[1003.283s][info][gc,heap        ] GC(650) Tenured: 58388K->58550K(1398144K)
[1003.283s][info][gc,metaspace   ] GC(650) Metaspace: 91420K(97712K)->91420K(97712K) NonClass: 79838K(83120K)->79838K(83120K) Class: 11582K(14592K)->11582K(14592K)
[1003.283s][info][gc             ] GC(650) Pause Young (Allocation Failure) 610M->65M(1979M) 9.319ms
[1003.284s][info][gc,cpu         ] GC(650) User=0.00s Sys=0.00s Real=0.01s
[1003.768s][info][gc,start       ] GC(651) Pause Young (Allocation Failure)
[1003.776s][info][gc,heap        ] GC(651) DefNew: 566556K->17920K(629120K)
[1003.776s][info][gc,heap        ] GC(651) Tenured: 58550K->58736K(1398144K)
[1003.776s][info][gc,metaspace   ] GC(651) Metaspace: 91420K(97712K)->91420K(97712K) NonClass: 79838K(83120K)->79838K(83120K) Class: 11582K(14592K)->11582K(14592K)
[1003.776s][info][gc             ] GC(651) Pause Young (Allocation Failure) 610M->74M(1979M) 8.455ms
[1003.776s][info][gc,cpu         ] GC(651) User=0.02s Sys=0.00s Real=0.01s
[1005.326s][info][gc,start       ] GC(652) Pause Young (Allocation Failure)
[1005.333s][info][gc,heap        ] GC(652) DefNew: 576733K->5729K(629120K)
[1005.333s][info][gc,heap        ] GC(652) Tenured: 58736K->58858K(1398144K)
[1005.333s][info][gc,metaspace   ] GC(652) Metaspace: 91420K(97712K)->91420K(97712K) NonClass: 79838K(83120K)->79838K(83120K) Class: 11582K(14592K)->11582K(14592K)
[1005.333s][info][gc             ] GC(652) Pause Young (Allocation Failure) 620M->63M(1979M) 6.497ms
[1005.333s][info][gc,cpu         ] GC(652) User=0.00s Sys=0.00s Real=0.01s
[1007.145s][info][gc,start       ] GC(653) Pause Young (Allocation Failure)
[1007.154s][info][gc,heap        ] GC(653) DefNew: 564961K->8371K(629120K)
[1007.155s][info][gc,heap        ] GC(653) Tenured: 58858K->58939K(1398144K)
[1007.155s][info][gc,metaspace   ] GC(653) Metaspace: 91420K(97712K)->91420K(97712K) NonClass: 79838K(83120K)->79838K(83120K) Class: 11582K(14592K)->11582K(14592K)
[1007.155s][info][gc             ] GC(653) Pause Young (Allocation Failure) 609M->65M(1979M) 9.342ms
[1007.155s][info][gc,cpu         ] GC(653) User=0.00s Sys=0.00s Real=0.01s
[1007.848s][info][gc,start       ] GC(654) Pause Young (Allocation Failure)
[1007.856s][info][gc,heap        ] GC(654) DefNew: 567603K->7560K(629120K)
[1007.856s][info][gc,heap        ] GC(654) Tenured: 58939K->59132K(1398144K)
[1007.856s][info][gc,metaspace   ] GC(654) Metaspace: 91424K(97712K)->91424K(97712K) NonClass: 79841K(83120K)->79841K(83120K) Class: 11582K(14592K)->11582K(14592K)
[1007.856s][info][gc             ] GC(654) Pause Young (Allocation Failure) 611M->65M(1979M) 8.481ms
[1007.856s][info][gc,cpu         ] GC(654) User=0.00s Sys=0.00s Real=0.01s
[1007.863s][info][gc,start       ] GC(655) Pause Full (System.gc())
[1007.866s][info][gc,phases,start] GC(655) Phase 1: Mark live objects
[1007.921s][info][gc,phases      ] GC(655) Phase 1: Mark live objects 54.939ms
[1007.921s][info][gc,phases,start] GC(655) Phase 2: Compute new object addresses
[1007.933s][info][gc,phases      ] GC(655) Phase 2: Compute new object addresses 12.598ms
[1007.933s][info][gc,phases,start] GC(655) Phase 3: Adjust pointers
[1007.965s][info][gc,phases      ] GC(655) Phase 3: Adjust pointers 31.527ms
[1007.965s][info][gc,phases,start] GC(655) Phase 4: Move objects
[1007.966s][info][gc,phases      ] GC(655) Phase 4: Move objects 1.309ms
[1007.967s][info][gc,heap        ] GC(655) DefNew: 28702K->0K(629120K)
[1007.967s][info][gc,heap        ] GC(655) Tenured: 59132K->64468K(1398144K)
[1007.967s][info][gc,metaspace   ] GC(655) Metaspace: 91424K(97712K)->91424K(97712K) NonClass: 79841K(83120K)->79841K(83120K) Class: 11582K(14592K)->11582K(14592K)
[1007.967s][info][gc             ] GC(655) Pause Full (System.gc()) 85M->62M(1979M) 104.236ms
[1007.967s][info][gc,cpu         ] GC(655) User=0.06s Sys=0.00s Real=0.10s
[1008.448s][info][gc,start       ] GC(656) Pause Young (Allocation Failure)
[1008.451s][info][gc,heap        ] GC(656) DefNew: 559231K->3055K(629120K)
[1008.451s][info][gc,heap        ] GC(656) Tenured: 64468K->64468K(1398144K)
[1008.451s][info][gc,metaspace   ] GC(656) Metaspace: 91424K(97712K)->91424K(97712K) NonClass: 79841K(83120K)->79841K(83120K) Class: 11582K(14592K)->11582K(14592K)
[1008.451s][info][gc             ] GC(656) Pause Young (Allocation Failure) 609M->65M(1979M) 3.422ms
[1008.451s][info][gc,cpu         ] GC(656) User=0.00s Sys=0.00s Real=0.00s
[1010.400s][info][gc,start       ] GC(657) Pause Young (Allocation Failure)
[1010.404s][info][gc,heap        ] GC(657) DefNew: 562287K->4409K(629120K)
[1010.404s][info][gc,heap        ] GC(657) Tenured: 64468K->64468K(1398144K)
[1010.404s][info][gc,metaspace   ] GC(657) Metaspace: 91424K(97712K)->91424K(97712K) NonClass: 79841K(83120K)->79841K(83120K) Class: 11582K(14592K)->11582K(14592K)
[1010.405s][info][gc             ] GC(657) Pause Young (Allocation Failure) 612M->67M(1979M) 4.686ms
[1010.405s][info][gc,cpu         ] GC(657) User=0.00s Sys=0.00s Real=0.00s
[1012.351s][info][gc,start       ] GC(658) Pause Young (Allocation Failure)
[1012.357s][info][gc,heap        ] GC(658) DefNew: 563641K->4969K(629120K)
[1012.357s][info][gc,heap        ] GC(658) Tenured: 64468K->64468K(1398144K)
[1012.357s][info][gc,metaspace   ] GC(658) Metaspace: 91424K(97712K)->91424K(97712K) NonClass: 79841K(83120K)->79841K(83120K) Class: 11582K(14592K)->11582K(14592K)
[1012.357s][info][gc             ] GC(658) Pause Young (Allocation Failure) 613M->67M(1979M) 6.126ms
[1012.357s][info][gc,cpu         ] GC(658) User=0.00s Sys=0.00s Real=0.01s
[1014.059s][info][gc,start       ] GC(659) Pause Young (Allocation Failure)
[1014.069s][info][gc,heap        ] GC(659) DefNew: 564201K->7202K(629120K)
[1014.069s][info][gc,heap        ] GC(659) Tenured: 64468K->64468K(1398144K)
[1014.069s][info][gc,metaspace   ] GC(659) Metaspace: 91424K(97712K)->91424K(97712K) NonClass: 79841K(83120K)->79841K(83120K) Class: 11582K(14592K)->11582K(14592K)
[1014.069s][info][gc             ] GC(659) Pause Young (Allocation Failure) 613M->69M(1979M) 9.671ms
[1014.069s][info][gc,cpu         ] GC(659) User=0.00s Sys=0.00s Real=0.01s
[1014.559s][info][gc,start       ] GC(660) Pause Young (Allocation Failure)
[1014.565s][info][gc,heap        ] GC(660) DefNew: 566285K->7401K(629120K)
[1014.565s][info][gc,heap        ] GC(660) Tenured: 64468K->64468K(1398144K)
[1014.565s][info][gc,metaspace   ] GC(660) Metaspace: 91424K(97712K)->91424K(97712K) NonClass: 79841K(83120K)->79841K(83120K) Class: 11582K(14592K)->11582K(14592K)
[1014.565s][info][gc             ] GC(660) Pause Young (Allocation Failure) 615M->70M(1979M) 6.276ms
[1014.565s][info][gc,cpu         ] GC(660) User=0.00s Sys=0.00s Real=0.01s
[1016.023s][info][gc,start       ] GC(661) Pause Young (Allocation Failure)
[1016.030s][info][gc,heap        ] GC(661) DefNew: 566633K->6770K(629120K)
[1016.030s][info][gc,heap        ] GC(661) Tenured: 64468K->64468K(1398144K)
[1016.030s][info][gc,metaspace   ] GC(661) Metaspace: 91431K(97712K)->91431K(97712K) NonClass: 79848K(83120K)->79848K(83120K) Class: 11582K(14592K)->11582K(14592K)
[1016.030s][info][gc             ] GC(661) Pause Young (Allocation Failure) 616M->69M(1979M) 7.014ms
[1016.030s][info][gc,cpu         ] GC(661) User=0.00s Sys=0.00s Real=0.01s
[1018.033s][info][gc,start       ] GC(662) Pause Young (Allocation Failure)
[1018.037s][info][gc,heap        ] GC(662) DefNew: 566002K->5186K(629120K)
[1018.037s][info][gc,heap        ] GC(662) Tenured: 64468K->64468K(1398144K)
[1018.037s][info][gc,metaspace   ] GC(662) Metaspace: 91455K(97968K)->91455K(97968K) NonClass: 79872K(83376K)->79872K(83376K) Class: 11582K(14592K)->11582K(14592K)
[1018.037s][info][gc             ] GC(662) Pause Young (Allocation Failure) 615M->68M(1979M) 4.712ms
[1018.038s][info][gc,cpu         ] GC(662) User=0.00s Sys=0.00s Real=0.00s
[1020.623s][info][gc,start       ] GC(663) Pause Young (Allocation Failure)
[1020.629s][info][gc,heap        ] GC(663) DefNew: 564418K->5654K(629120K)
[1020.629s][info][gc,heap        ] GC(663) Tenured: 64468K->64468K(1398144K)
[1020.629s][info][gc,metaspace   ] GC(663) Metaspace: 91455K(97968K)->91455K(97968K) NonClass: 79872K(83376K)->79872K(83376K) Class: 11582K(14592K)->11582K(14592K)
[1020.629s][info][gc             ] GC(663) Pause Young (Allocation Failure) 614M->68M(1979M) 5.895ms
[1020.629s][info][gc,cpu         ] GC(663) User=0.00s Sys=0.00s Real=0.00s
[1021.239s][info][gc,start       ] GC(664) Pause Young (Allocation Failure)
[1021.246s][info][gc,heap        ] GC(664) DefNew: 563015K->12185K(629120K)
[1021.246s][info][gc,heap        ] GC(664) Tenured: 64468K->64468K(1398144K)
[1021.246s][info][gc,metaspace   ] GC(664) Metaspace: 91455K(97968K)->91455K(97968K) NonClass: 79872K(83376K)->79872K(83376K) Class: 11582K(14592K)->11582K(14592K)
[1021.246s][info][gc             ] GC(664) Pause Young (Allocation Failure) 612M->74M(1979M) 7.703ms
[1021.246s][info][gc,cpu         ] GC(664) User=0.00s Sys=0.00s Real=0.01s
[1021.991s][info][gc,start       ] GC(665) Pause Young (Allocation Failure)
[1021.997s][info][gc,heap        ] GC(665) DefNew: 571417K->5109K(629120K)
[1021.997s][info][gc,heap        ] GC(665) Tenured: 64468K->64468K(1398144K)
[1021.997s][info][gc,metaspace   ] GC(665) Metaspace: 91455K(97968K)->91455K(97968K) NonClass: 79872K(83376K)->79872K(83376K) Class: 11582K(14592K)->11582K(14592K)
[1021.997s][info][gc             ] GC(665) Pause Young (Allocation Failure) 620M->67M(1979M) 5.838ms
[1021.997s][info][gc,cpu         ] GC(665) User=0.00s Sys=0.00s Real=0.01s
[1024.420s][info][gc,start       ] GC(666) Pause Young (Allocation Failure)
[1024.426s][info][gc,heap        ] GC(666) DefNew: 564341K->6730K(629120K)
[1024.426s][info][gc,heap        ] GC(666) Tenured: 64468K->64468K(1398144K)
[1024.426s][info][gc,metaspace   ] GC(666) Metaspace: 91455K(97968K)->91455K(97968K) NonClass: 79872K(83376K)->79872K(83376K) Class: 11582K(14592K)->11582K(14592K)
[1024.426s][info][gc             ] GC(666) Pause Young (Allocation Failure) 614M->69M(1979M) 6.544ms
[1024.427s][info][gc,cpu         ] GC(666) User=0.00s Sys=0.00s Real=0.01s
[1026.437s][info][gc,start       ] GC(667) Pause Young (Allocation Failure)
[1026.443s][info][gc,heap        ] GC(667) DefNew: 564838K->6233K(629120K)
[1026.444s][info][gc,heap        ] GC(667) Tenured: 64468K->64468K(1398144K)
[1026.444s][info][gc,metaspace   ] GC(667) Metaspace: 91455K(97968K)->91455K(97968K) NonClass: 79872K(83376K)->79872K(83376K) Class: 11582K(14592K)->11582K(14592K)
[1026.444s][info][gc             ] GC(667) Pause Young (Allocation Failure) 614M->69M(1979M) 6.438ms
[1026.444s][info][gc,cpu         ] GC(667) User=0.00s Sys=0.00s Real=0.01s
[1027.741s][info][gc,start       ] GC(668) Pause Young (Allocation Failure)
[1027.759s][info][gc,heap        ] GC(668) DefNew: 565465K->11693K(629120K)
[1027.759s][info][gc,heap        ] GC(668) Tenured: 64468K->64468K(1398144K)
[1027.759s][info][gc,metaspace   ] GC(668) Metaspace: 91456K(97968K)->91456K(97968K) NonClass: 79873K(83376K)->79873K(83376K) Class: 11582K(14592K)->11582K(14592K)
[1027.759s][info][gc             ] GC(668) Pause Young (Allocation Failure) 615M->74M(1979M) 18.391ms
[1027.759s][info][gc,cpu         ] GC(668) User=0.00s Sys=0.00s Real=0.02s
[1028.275s][info][gc,start       ] GC(669) Pause Young (Allocation Failure)
[1028.281s][info][gc,heap        ] GC(669) DefNew: 568104K->8394K(629120K)
[1028.281s][info][gc,heap        ] GC(669) Tenured: 64468K->64468K(1398144K)
[1028.281s][info][gc,metaspace   ] GC(669) Metaspace: 91456K(97968K)->91456K(97968K) NonClass: 79873K(83376K)->79873K(83376K) Class: 11582K(14592K)->11582K(14592K)
[1028.281s][info][gc             ] GC(669) Pause Young (Allocation Failure) 617M->71M(1979M) 6.123ms
[1028.281s][info][gc,cpu         ] GC(669) User=0.00s Sys=0.00s Real=0.01s
[1030.246s][info][gc,start       ] GC(670) Pause Young (Allocation Failure)
[1030.254s][info][gc,heap        ] GC(670) DefNew: 567628K->7579K(629120K)
[1030.254s][info][gc,heap        ] GC(670) Tenured: 64468K->64468K(1398144K)
[1030.254s][info][gc,metaspace   ] GC(670) Metaspace: 91456K(97968K)->91456K(97968K) NonClass: 79873K(83376K)->79873K(83376K) Class: 11582K(14592K)->11582K(14592K)
[1030.254s][info][gc             ] GC(670) Pause Young (Allocation Failure) 617M->70M(1979M) 7.847ms
[1030.254s][info][gc,cpu         ] GC(670) User=0.00s Sys=0.00s Real=0.01s
[1032.241s][info][gc,start       ] GC(671) Pause Young (Allocation Failure)
[1032.248s][info][gc,heap        ] GC(671) DefNew: 565245K->6165K(629120K)
[1032.248s][info][gc,heap        ] GC(671) Tenured: 64468K->64927K(1398144K)
[1032.248s][info][gc,metaspace   ] GC(671) Metaspace: 91456K(97968K)->91456K(97968K) NonClass: 79873K(83376K)->79873K(83376K) Class: 11582K(14592K)->11582K(14592K)
[1032.248s][info][gc             ] GC(671) Pause Young (Allocation Failure) 614M->69M(1979M) 6.581ms
[1032.248s][info][gc,cpu         ] GC(671) User=0.00s Sys=0.00s Real=0.01s
[1034.121s][info][gc,start       ] GC(672) Pause Young (Allocation Failure)
[1034.131s][info][gc,heap        ] GC(672) DefNew: 565397K->10539K(629120K)
[1034.131s][info][gc,heap        ] GC(672) Tenured: 64927K->65118K(1398144K)
[1034.131s][info][gc,metaspace   ] GC(672) Metaspace: 91456K(97968K)->91456K(97968K) NonClass: 79873K(83376K)->79873K(83376K) Class: 11582K(14592K)->11582K(14592K)
[1034.131s][info][gc             ] GC(672) Pause Young (Allocation Failure) 615M->73M(1979M) 9.583ms
[1034.131s][info][gc,cpu         ] GC(672) User=0.00s Sys=0.00s Real=0.01s
[1034.744s][info][gc,start       ] GC(673) Pause Young (Allocation Failure)
[1034.752s][info][gc,heap        ] GC(673) DefNew: 568136K->17224K(629120K)
[1034.752s][info][gc,heap        ] GC(673) Tenured: 65118K->65302K(1398144K)
[1034.752s][info][gc,metaspace   ] GC(673) Metaspace: 91456K(97968K)->91456K(97968K) NonClass: 79873K(83376K)->79873K(83376K) Class: 11582K(14592K)->11582K(14592K)
[1034.752s][info][gc             ] GC(673) Pause Young (Allocation Failure) 618M->80M(1979M) 8.053ms
[1034.752s][info][gc,cpu         ] GC(673) User=0.00s Sys=0.00s Real=0.01s
[1036.177s][info][gc,start       ] GC(674) Pause Young (Allocation Failure)
[1036.185s][info][gc,heap        ] GC(674) DefNew: 576456K->5972K(629120K)
[1036.185s][info][gc,heap        ] GC(674) Tenured: 65302K->65468K(1398144K)
[1036.185s][info][gc,metaspace   ] GC(674) Metaspace: 91456K(97968K)->91456K(97968K) NonClass: 79873K(83376K)->79873K(83376K) Class: 11582K(14592K)->11582K(14592K)
[1036.185s][info][gc             ] GC(674) Pause Young (Allocation Failure) 626M->69M(1979M) 7.385ms
[1036.185s][info][gc,cpu         ] GC(674) User=0.00s Sys=0.00s Real=0.01s
[1038.073s][info][gc,start       ] GC(675) Pause Young (Allocation Failure)
[1038.081s][info][gc,heap        ] GC(675) DefNew: 565033K->7646K(629120K)
[1038.081s][info][gc,heap        ] GC(675) Tenured: 65468K->65531K(1398144K)
[1038.081s][info][gc,metaspace   ] GC(675) Metaspace: 91456K(97968K)->91456K(97968K) NonClass: 79873K(83376K)->79873K(83376K) Class: 11582K(14592K)->11582K(14592K)
[1038.081s][info][gc             ] GC(675) Pause Young (Allocation Failure) 615M->71M(1979M) 7.577ms
[1038.081s][info][gc,cpu         ] GC(675) User=0.00s Sys=0.00s Real=0.01s
[1038.577s][info][gc,start       ] GC(676) Pause Young (Allocation Failure)
[1038.586s][info][gc,heap        ] GC(676) DefNew: 565185K->17070K(629120K)
[1038.586s][info][gc,heap        ] GC(676) Tenured: 65531K->65715K(1398144K)
[1038.586s][info][gc,metaspace   ] GC(676) Metaspace: 91456K(97968K)->91456K(97968K) NonClass: 79873K(83376K)->79873K(83376K) Class: 11582K(14592K)->11582K(14592K)
[1038.586s][info][gc             ] GC(676) Pause Young (Allocation Failure) 615M->80M(1979M) 8.597ms
[1038.586s][info][gc,cpu         ] GC(676) User=0.00s Sys=0.00s Real=0.01s
[1040.092s][info][gc,start       ] GC(677) Pause Young (Allocation Failure)
[1040.100s][info][gc,heap        ] GC(677) DefNew: 576302K->6291K(629120K)
[1040.100s][info][gc,heap        ] GC(677) Tenured: 65715K->65855K(1398144K)
[1040.100s][info][gc,metaspace   ] GC(677) Metaspace: 91456K(97968K)->91456K(97968K) NonClass: 79873K(83376K)->79873K(83376K) Class: 11582K(14592K)->11582K(14592K)
[1040.100s][info][gc             ] GC(677) Pause Young (Allocation Failure) 626M->70M(1979M) 7.452ms
[1040.100s][info][gc,cpu         ] GC(677) User=0.00s Sys=0.00s Real=0.01s
[1041.923s][info][gc,start       ] GC(678) Pause Young (Allocation Failure)
[1041.932s][info][gc,heap        ] GC(678) DefNew: 565523K->8207K(629120K)
[1041.932s][info][gc,heap        ] GC(678) Tenured: 65855K->66017K(1398144K)
[1041.932s][info][gc,metaspace   ] GC(678) Metaspace: 91456K(97968K)->91456K(97968K) NonClass: 79873K(83376K)->79873K(83376K) Class: 11582K(14592K)->11582K(14592K)
[1041.932s][info][gc             ] GC(678) Pause Young (Allocation Failure) 616M->72M(1979M) 8.916ms
[1041.932s][info][gc,cpu         ] GC(678) User=0.00s Sys=0.00s Real=0.01s
[1042.394s][info][gc,start       ] GC(679) Pause Young (Allocation Failure)
[1042.402s][info][gc,heap        ] GC(679) DefNew: 564015K->8969K(629120K)
[1042.402s][info][gc,heap        ] GC(679) Tenured: 66017K->66134K(1398144K)
[1042.402s][info][gc,metaspace   ] GC(679) Metaspace: 91456K(97968K)->91456K(97968K) NonClass: 79873K(83376K)->79873K(83376K) Class: 11582K(14592K)->11582K(14592K)
[1042.402s][info][gc             ] GC(679) Pause Young (Allocation Failure) 615M->73M(1979M) 7.747ms
[1042.402s][info][gc,cpu         ] GC(679) User=0.00s Sys=0.00s Real=0.01s
[1043.922s][info][gc,start       ] GC(680) Pause Young (Allocation Failure)
[1043.929s][info][gc,heap        ] GC(680) DefNew: 568201K->8191K(629120K)
[1043.929s][info][gc,heap        ] GC(680) Tenured: 66134K->66247K(1398144K)
[1043.929s][info][gc,metaspace   ] GC(680) Metaspace: 91456K(97968K)->91456K(97968K) NonClass: 79873K(83376K)->79873K(83376K) Class: 11582K(14592K)->11582K(14592K)
[1043.929s][info][gc             ] GC(680) Pause Young (Allocation Failure) 619M->72M(1979M) 7.243ms
[1043.929s][info][gc,cpu         ] GC(680) User=0.00s Sys=0.00s Real=0.01s
[1045.694s][info][gc,start       ] GC(681) Pause Young (Allocation Failure)
[1045.703s][info][gc,heap        ] GC(681) DefNew: 567423K->8475K(629120K)
[1045.703s][info][gc,heap        ] GC(681) Tenured: 66247K->66404K(1398144K)
[1045.703s][info][gc,metaspace   ] GC(681) Metaspace: 91456K(97968K)->91456K(97968K) NonClass: 79873K(83376K)->79873K(83376K) Class: 11582K(14592K)->11582K(14592K)
[1045.703s][info][gc             ] GC(681) Pause Young (Allocation Failure) 618M->73M(1979M) 9.000ms
[1045.703s][info][gc,cpu         ] GC(681) User=0.00s Sys=0.00s Real=0.01s
[1046.165s][info][gc,start       ] GC(682) Pause Young (Allocation Failure)
[1046.173s][info][gc,heap        ] GC(682) DefNew: 566869K->7911K(629120K)
[1046.173s][info][gc,heap        ] GC(682) Tenured: 66404K->66591K(1398144K)
[1046.173s][info][gc,metaspace   ] GC(682) Metaspace: 91456K(97968K)->91456K(97968K) NonClass: 79873K(83376K)->79873K(83376K) Class: 11582K(14592K)->11582K(14592K)
[1046.173s][info][gc             ] GC(682) Pause Young (Allocation Failure) 618M->72M(1979M) 7.429ms
[1046.173s][info][gc,cpu         ] GC(682) User=0.00s Sys=0.00s Real=0.01s
[1047.693s][info][gc,start       ] GC(683) Pause Young (Allocation Failure)
[1047.700s][info][gc,heap        ] GC(683) DefNew: 564519K->5606K(629120K)
[1047.700s][info][gc,heap        ] GC(683) Tenured: 66591K->66709K(1398144K)
[1047.700s][info][gc,metaspace   ] GC(683) Metaspace: 91456K(97968K)->91456K(97968K) NonClass: 79873K(83376K)->79873K(83376K) Class: 11582K(14592K)->11582K(14592K)
[1047.700s][info][gc             ] GC(683) Pause Young (Allocation Failure) 616M->70M(1979M) 6.171ms
[1047.700s][info][gc,cpu         ] GC(683) User=0.00s Sys=0.00s Real=0.01s
[1049.496s][info][gc,start       ] GC(684) Pause Young (Allocation Failure)
[1049.506s][info][gc,heap        ] GC(684) DefNew: 564838K->8514K(629120K)
[1049.506s][info][gc,heap        ] GC(684) Tenured: 66709K->66791K(1398144K)
[1049.506s][info][gc,metaspace   ] GC(684) Metaspace: 91456K(97968K)->91456K(97968K) NonClass: 79873K(83376K)->79873K(83376K) Class: 11582K(14592K)->11582K(14592K)
[1049.506s][info][gc             ] GC(684) Pause Young (Allocation Failure) 616M->73M(1979M) 10.427ms
[1049.506s][info][gc,cpu         ] GC(684) User=0.00s Sys=0.00s Real=0.01s
[1050.187s][info][gc,start       ] GC(685) Pause Young (Allocation Failure)
[1050.195s][info][gc,heap        ] GC(685) DefNew: 567746K->7485K(629120K)
[1050.195s][info][gc,heap        ] GC(685) Tenured: 66791K->66981K(1398144K)
[1050.195s][info][gc,metaspace   ] GC(685) Metaspace: 91459K(97968K)->91459K(97968K) NonClass: 79877K(83376K)->79877K(83376K) Class: 11582K(14592K)->11582K(14592K)
[1050.195s][info][gc             ] GC(685) Pause Young (Allocation Failure) 619M->72M(1979M) 8.399ms
[1050.195s][info][gc,cpu         ] GC(685) User=0.00s Sys=0.00s Real=0.01s
[1050.208s][info][gc,start       ] GC(686) Pause Full (System.gc())
[1050.211s][info][gc,phases,start] GC(686) Phase 1: Mark live objects
[1050.264s][info][gc,phases      ] GC(686) Phase 1: Mark live objects 53.665ms
[1050.264s][info][gc,phases,start] GC(686) Phase 2: Compute new object addresses
[1050.277s][info][gc,phases      ] GC(686) Phase 2: Compute new object addresses 12.715ms
[1050.277s][info][gc,phases,start] GC(686) Phase 3: Adjust pointers
[1050.310s][info][gc,phases      ] GC(686) Phase 3: Adjust pointers 33.328ms
[1050.310s][info][gc,phases,start] GC(686) Phase 4: Move objects
[1050.312s][info][gc,phases      ] GC(686) Phase 4: Move objects 1.259ms
[1050.312s][info][gc,heap        ] GC(686) DefNew: 27080K->0K(629120K)
[1050.312s][info][gc,heap        ] GC(686) Tenured: 66981K->72208K(1398144K)
[1050.313s][info][gc,metaspace   ] GC(686) Metaspace: 91459K(97968K)->91459K(97968K) NonClass: 79877K(83376K)->79877K(83376K) Class: 11582K(14592K)->11582K(14592K)
[1050.313s][info][gc             ] GC(686) Pause Full (System.gc()) 91M->70M(1979M) 104.405ms
[1050.313s][info][gc,cpu         ] GC(686) User=0.09s Sys=0.00s Real=0.10s
[1050.809s][info][gc,start       ] GC(687) Pause Young (Allocation Failure)
[1050.813s][info][gc,heap        ] GC(687) DefNew: 558797K->3059K(629120K)
[1050.813s][info][gc,heap        ] GC(687) Tenured: 72208K->72208K(1398144K)
[1050.813s][info][gc,metaspace   ] GC(687) Metaspace: 91459K(97968K)->91459K(97968K) NonClass: 79877K(83376K)->79877K(83376K) Class: 11582K(14592K)->11582K(14592K)
[1050.813s][info][gc             ] GC(687) Pause Young (Allocation Failure) 616M->73M(1979M) 3.872ms
[1050.813s][info][gc,cpu         ] GC(687) User=0.00s Sys=0.00s Real=0.00s
[1052.903s][info][gc,start       ] GC(688) Pause Young (Allocation Failure)
[1052.908s][info][gc,heap        ] GC(688) DefNew: 559553K->4403K(629120K)
[1052.908s][info][gc,heap        ] GC(688) Tenured: 72208K->72208K(1398144K)
[1052.908s][info][gc,metaspace   ] GC(688) Metaspace: 91459K(97968K)->91459K(97968K) NonClass: 79877K(83376K)->79877K(83376K) Class: 11582K(14592K)->11582K(14592K)
[1052.908s][info][gc             ] GC(688) Pause Young (Allocation Failure) 616M->74M(1979M) 5.030ms
[1052.908s][info][gc,cpu         ] GC(688) User=0.00s Sys=0.00s Real=0.00s
[1054.833s][info][gc,start       ] GC(689) Pause Young (Allocation Failure)
[1054.838s][info][gc,heap        ] GC(689) DefNew: 563396K->4977K(629120K)
[1054.838s][info][gc,heap        ] GC(689) Tenured: 72208K->72208K(1398144K)
[1054.838s][info][gc,metaspace   ] GC(689) Metaspace: 91459K(97968K)->91459K(97968K) NonClass: 79877K(83376K)->79877K(83376K) Class: 11582K(14592K)->11582K(14592K)
[1054.838s][info][gc             ] GC(689) Pause Young (Allocation Failure) 620M->75M(1979M) 5.472ms
[1054.838s][info][gc,cpu         ] GC(689) User=0.00s Sys=0.00s Real=0.00s
[1056.542s][info][gc,start       ] GC(690) Pause Young (Allocation Failure)
[1056.552s][info][gc,heap        ] GC(690) DefNew: 564209K->7432K(629120K)
[1056.552s][info][gc,heap        ] GC(690) Tenured: 72208K->72208K(1398144K)
[1056.552s][info][gc,metaspace   ] GC(690) Metaspace: 91459K(97968K)->91459K(97968K) NonClass: 79877K(83376K)->79877K(83376K) Class: 11582K(14592K)->11582K(14592K)
[1056.552s][info][gc             ] GC(690) Pause Young (Allocation Failure) 621M->77M(1979M) 9.856ms
[1056.552s][info][gc,cpu         ] GC(690) User=0.00s Sys=0.00s Real=0.01s
[1057.037s][info][gc,start       ] GC(691) Pause Young (Allocation Failure)
[1057.043s][info][gc,heap        ] GC(691) DefNew: 564184K->7767K(629120K)
[1057.043s][info][gc,heap        ] GC(691) Tenured: 72208K->72208K(1398144K)
[1057.043s][info][gc,metaspace   ] GC(691) Metaspace: 91459K(97968K)->91459K(97968K) NonClass: 79877K(83376K)->79877K(83376K) Class: 11582K(14592K)->11582K(14592K)
[1057.043s][info][gc             ] GC(691) Pause Young (Allocation Failure) 621M->78M(1979M) 5.876ms
[1057.043s][info][gc,cpu         ] GC(691) User=0.00s Sys=0.00s Real=0.01s
[1058.509s][info][gc,start       ] GC(692) Pause Young (Allocation Failure)
[1058.515s][info][gc,heap        ] GC(692) DefNew: 566999K->6158K(629120K)
[1058.515s][info][gc,heap        ] GC(692) Tenured: 72208K->72208K(1398144K)
[1058.515s][info][gc,metaspace   ] GC(692) Metaspace: 91459K(97968K)->91459K(97968K) NonClass: 79877K(83376K)->79877K(83376K) Class: 11582K(14592K)->11582K(14592K)
[1058.515s][info][gc             ] GC(692) Pause Young (Allocation Failure) 624M->76M(1979M) 6.288ms
[1058.515s][info][gc,cpu         ] GC(692) User=0.00s Sys=0.00s Real=0.01s
[1060.483s][info][gc,start       ] GC(693) Pause Young (Allocation Failure)
[1060.488s][info][gc,heap        ] GC(693) DefNew: 565390K->5257K(629120K)
[1060.488s][info][gc,heap        ] GC(693) Tenured: 72208K->72208K(1398144K)
[1060.488s][info][gc,metaspace   ] GC(693) Metaspace: 91459K(97968K)->91459K(97968K) NonClass: 79877K(83376K)->79877K(83376K) Class: 11582K(14592K)->11582K(14592K)
[1060.488s][info][gc             ] GC(693) Pause Young (Allocation Failure) 622M->75M(1979M) 4.941ms
[1060.488s][info][gc,cpu         ] GC(693) User=0.00s Sys=0.00s Real=0.01s
[1063.021s][info][gc,start       ] GC(694) Pause Young (Allocation Failure)
[1063.027s][info][gc,heap        ] GC(694) DefNew: 564489K->5914K(629120K)
[1063.027s][info][gc,heap        ] GC(694) Tenured: 72208K->72208K(1398144K)
[1063.027s][info][gc,metaspace   ] GC(694) Metaspace: 91460K(97968K)->91460K(97968K) NonClass: 79878K(83376K)->79878K(83376K) Class: 11582K(14592K)->11582K(14592K)
[1063.027s][info][gc             ] GC(694) Pause Young (Allocation Failure) 621M->76M(1979M) 5.963ms
[1063.027s][info][gc,cpu         ] GC(694) User=0.00s Sys=0.00s Real=0.00s
[1063.649s][info][gc,start       ] GC(695) Pause Young (Allocation Failure)
[1063.657s][info][gc,heap        ] GC(695) DefNew: 563604K->20887K(629120K)
[1063.657s][info][gc,heap        ] GC(695) Tenured: 72208K->72208K(1398144K)
[1063.657s][info][gc,metaspace   ] GC(695) Metaspace: 91460K(97968K)->91460K(97968K) NonClass: 79878K(83376K)->79878K(83376K) Class: 11582K(14592K)->11582K(14592K)
[1063.657s][info][gc             ] GC(695) Pause Young (Allocation Failure) 620M->90M(1979M) 8.641ms
[1063.657s][info][gc,cpu         ] GC(695) User=0.00s Sys=0.00s Real=0.01s
[1064.376s][info][gc,start       ] GC(696) Pause Young (Allocation Failure)
[1064.383s][info][gc,heap        ] GC(696) DefNew: 580119K->5370K(629120K)
[1064.383s][info][gc,heap        ] GC(696) Tenured: 72208K->72208K(1398144K)
[1064.383s][info][gc,metaspace   ] GC(696) Metaspace: 91460K(97968K)->91460K(97968K) NonClass: 79878K(83376K)->79878K(83376K) Class: 11582K(14592K)->11582K(14592K)
[1064.383s][info][gc             ] GC(696) Pause Young (Allocation Failure) 637M->75M(1979M) 6.762ms
[1064.383s][info][gc,cpu         ] GC(696) User=0.00s Sys=0.00s Real=0.01s
[1066.779s][info][gc,start       ] GC(697) Pause Young (Allocation Failure)
[1066.785s][info][gc,heap        ] GC(697) DefNew: 564602K->6123K(629120K)
[1066.785s][info][gc,heap        ] GC(697) Tenured: 72208K->72208K(1398144K)
[1066.785s][info][gc,metaspace   ] GC(697) Metaspace: 91460K(97968K)->91460K(97968K) NonClass: 79878K(83376K)->79878K(83376K) Class: 11582K(14592K)->11582K(14592K)
[1066.785s][info][gc             ] GC(697) Pause Young (Allocation Failure) 621M->76M(1979M) 6.032ms
[1066.785s][info][gc,cpu         ] GC(697) User=0.00s Sys=0.00s Real=0.01s
[1068.752s][info][gc,start       ] GC(698) Pause Young (Allocation Failure)
[1068.760s][info][gc,heap        ] GC(698) DefNew: 565276K->6263K(629120K)
[1068.760s][info][gc,heap        ] GC(698) Tenured: 72208K->72208K(1398144K)
[1068.760s][info][gc,metaspace   ] GC(698) Metaspace: 91460K(97968K)->91460K(97968K) NonClass: 79878K(83376K)->79878K(83376K) Class: 11582K(14592K)->11582K(14592K)
[1068.760s][info][gc             ] GC(698) Pause Young (Allocation Failure) 622M->76M(1979M) 7.219ms
[1068.760s][info][gc,cpu         ] GC(698) User=0.00s Sys=0.00s Real=0.01s
[1070.067s][info][gc,start       ] GC(699) Pause Young (Allocation Failure)
[1070.086s][info][gc,heap        ] GC(699) DefNew: 565495K->11835K(629120K)
[1070.086s][info][gc,heap        ] GC(699) Tenured: 72208K->72208K(1398144K)
[1070.086s][info][gc,metaspace   ] GC(699) Metaspace: 91460K(97968K)->91460K(97968K) NonClass: 79878K(83376K)->79878K(83376K) Class: 11582K(14592K)->11582K(14592K)
[1070.086s][info][gc             ] GC(699) Pause Young (Allocation Failure) 622M->82M(1979M) 18.844ms
[1070.086s][info][gc,cpu         ] GC(699) User=0.00s Sys=0.00s Real=0.02s
[1070.600s][info][gc,start       ] GC(700) Pause Young (Allocation Failure)
[1070.607s][info][gc,heap        ] GC(700) DefNew: 568769K->8543K(629120K)
[1070.607s][info][gc,heap        ] GC(700) Tenured: 72208K->72208K(1398144K)
[1070.607s][info][gc,metaspace   ] GC(700) Metaspace: 91460K(97968K)->91460K(97968K) NonClass: 79878K(83376K)->79878K(83376K) Class: 11582K(14592K)->11582K(14592K)
[1070.607s][info][gc             ] GC(700) Pause Young (Allocation Failure) 625M->78M(1979M) 6.698ms
[1070.607s][info][gc,cpu         ] GC(700) User=0.00s Sys=0.00s Real=0.01s
[1072.530s][info][gc,start       ] GC(701) Pause Young (Allocation Failure)
[1072.538s][info][gc,heap        ] GC(701) DefNew: 567775K->7331K(629120K)
[1072.538s][info][gc,heap        ] GC(701) Tenured: 72208K->72208K(1398144K)
[1072.538s][info][gc,metaspace   ] GC(701) Metaspace: 91460K(97968K)->91460K(97968K) NonClass: 79878K(83376K)->79878K(83376K) Class: 11582K(14592K)->11582K(14592K)
[1072.538s][info][gc             ] GC(701) Pause Young (Allocation Failure) 624M->77M(1979M) 8.352ms
[1072.538s][info][gc,cpu         ] GC(701) User=0.00s Sys=0.00s Real=0.01s
[1074.543s][info][gc,start       ] GC(702) Pause Young (Allocation Failure)
[1074.550s][info][gc,heap        ] GC(702) DefNew: 565678K->6353K(629120K)
[1074.550s][info][gc,heap        ] GC(702) Tenured: 72208K->72671K(1398144K)
[1074.550s][info][gc,metaspace   ] GC(702) Metaspace: 91460K(97968K)->91460K(97968K) NonClass: 79878K(83376K)->79878K(83376K) Class: 11582K(14592K)->11582K(14592K)
[1074.550s][info][gc             ] GC(702) Pause Young (Allocation Failure) 622M->77M(1979M) 7.227ms
[1074.550s][info][gc,cpu         ] GC(702) User=0.00s Sys=0.00s Real=0.01s
[1076.401s][info][gc,start       ] GC(703) Pause Young (Allocation Failure)
[1076.411s][info][gc,heap        ] GC(703) DefNew: 565585K->9078K(629120K)
[1076.411s][info][gc,heap        ] GC(703) Tenured: 72671K->72878K(1398144K)
[1076.411s][info][gc,metaspace   ] GC(703) Metaspace: 91460K(97968K)->91460K(97968K) NonClass: 79878K(83376K)->79878K(83376K) Class: 11582K(14592K)->11582K(14592K)
[1076.411s][info][gc             ] GC(703) Pause Young (Allocation Failure) 623M->80M(1979M) 9.912ms
[1076.411s][info][gc,cpu         ] GC(703) User=0.00s Sys=0.00s Real=0.01s
[1077.007s][info][gc,start       ] GC(704) Pause Young (Allocation Failure)
[1077.015s][info][gc,heap        ] GC(704) DefNew: 566736K->17271K(629120K)
[1077.015s][info][gc,heap        ] GC(704) Tenured: 72878K->73063K(1398144K)
[1077.015s][info][gc,metaspace   ] GC(704) Metaspace: 91460K(97968K)->91460K(97968K) NonClass: 79878K(83376K)->79878K(83376K) Class: 11582K(14592K)->11582K(14592K)
[1077.016s][info][gc             ] GC(704) Pause Young (Allocation Failure) 624M->88M(1979M) 8.186ms
[1077.016s][info][gc,cpu         ] GC(704) User=0.00s Sys=0.00s Real=0.01s
[1078.373s][info][gc,start       ] GC(705) Pause Young (Allocation Failure)
[1078.381s][info][gc,heap        ] GC(705) DefNew: 576503K->6850K(629120K)
[1078.381s][info][gc,heap        ] GC(705) Tenured: 73063K->73211K(1398144K)
[1078.381s][info][gc,metaspace   ] GC(705) Metaspace: 91460K(97968K)->91460K(97968K) NonClass: 79878K(83376K)->79878K(83376K) Class: 11582K(14592K)->11582K(14592K)
[1078.381s][info][gc             ] GC(705) Pause Young (Allocation Failure) 634M->78M(1979M) 7.656ms
[1078.381s][info][gc,cpu         ] GC(705) User=0.00s Sys=0.00s Real=0.01s
[1080.217s][info][gc,start       ] GC(706) Pause Young (Allocation Failure)
[1080.225s][info][gc,heap        ] GC(706) DefNew: 565917K->7731K(629120K)
[1080.226s][info][gc,heap        ] GC(706) Tenured: 73211K->73279K(1398144K)
[1080.226s][info][gc,metaspace   ] GC(706) Metaspace: 91460K(97968K)->91460K(97968K) NonClass: 79878K(83376K)->79878K(83376K) Class: 11582K(14592K)->11582K(14592K)
[1080.226s][info][gc             ] GC(706) Pause Young (Allocation Failure) 624M->79M(1979M) 8.252ms
[1080.226s][info][gc,cpu         ] GC(706) User=0.00s Sys=0.00s Real=0.01s
[1080.760s][info][gc,start       ] GC(707) Pause Young (Allocation Failure)
[1080.768s][info][gc,heap        ] GC(707) DefNew: 563629K->18026K(629120K)
[1080.768s][info][gc,heap        ] GC(707) Tenured: 73279K->73461K(1398144K)
[1080.768s][info][gc,metaspace   ] GC(707) Metaspace: 91460K(97968K)->91460K(97968K) NonClass: 79878K(83376K)->79878K(83376K) Class: 11582K(14592K)->11582K(14592K)
[1080.768s][info][gc             ] GC(707) Pause Young (Allocation Failure) 621M->89M(1979M) 8.348ms
[1080.768s][info][gc,cpu         ] GC(707) User=0.00s Sys=0.00s Real=0.01s
[1082.270s][info][gc,start       ] GC(708) Pause Young (Allocation Failure)
[1082.276s][info][gc,heap        ] GC(708) DefNew: 576331K->5556K(629120K)
[1082.276s][info][gc,heap        ] GC(708) Tenured: 73461K->73600K(1398144K)
[1082.276s][info][gc,metaspace   ] GC(708) Metaspace: 91460K(97968K)->91460K(97968K) NonClass: 79878K(83376K)->79878K(83376K) Class: 11582K(14592K)->11582K(14592K)
[1082.276s][info][gc             ] GC(708) Pause Young (Allocation Failure) 634M->77M(1979M) 6.192ms
[1082.276s][info][gc,cpu         ] GC(708) User=0.00s Sys=0.00s Real=0.01s
[1084.153s][info][gc,start       ] GC(709) Pause Young (Allocation Failure)
[1084.161s][info][gc,heap        ] GC(709) DefNew: 564788K->7888K(629120K)
[1084.161s][info][gc,heap        ] GC(709) Tenured: 73600K->73764K(1398144K)
[1084.161s][info][gc,metaspace   ] GC(709) Metaspace: 91460K(97968K)->91460K(97968K) NonClass: 79878K(83376K)->79878K(83376K) Class: 11582K(14592K)->11582K(14592K)
[1084.161s][info][gc             ] GC(709) Pause Young (Allocation Failure) 623M->79M(1979M) 8.167ms
[1084.161s][info][gc,cpu         ] GC(709) User=0.00s Sys=0.00s Real=0.01s
[1084.768s][info][gc,start       ] GC(710) Pause Young (Allocation Failure)
[1084.777s][info][gc,heap        ] GC(710) DefNew: 566633K->17101K(629120K)
[1084.777s][info][gc,heap        ] GC(710) Tenured: 73764K->73883K(1398144K)
[1084.777s][info][gc,metaspace   ] GC(710) Metaspace: 91460K(97968K)->91460K(97968K) NonClass: 79878K(83376K)->79878K(83376K) Class: 11582K(14592K)->11582K(14592K)
[1084.777s][info][gc             ] GC(710) Pause Young (Allocation Failure) 625M->88M(1979M) 8.447ms
[1084.777s][info][gc,cpu         ] GC(710) User=0.00s Sys=0.00s Real=0.01s
[1086.296s][info][gc,start       ] GC(711) Pause Young (Allocation Failure)
[1086.304s][info][gc,heap        ] GC(711) DefNew: 576345K->7948K(629120K)
[1086.304s][info][gc,heap        ] GC(711) Tenured: 73883K->74043K(1398144K)
[1086.304s][info][gc,metaspace   ] GC(711) Metaspace: 91460K(97968K)->91460K(97968K) NonClass: 79878K(83376K)->79878K(83376K) Class: 11582K(14592K)->11582K(14592K)
[1086.304s][info][gc             ] GC(711) Pause Young (Allocation Failure) 634M->80M(1979M) 7.739ms
[1086.304s][info][gc,cpu         ] GC(711) User=0.00s Sys=0.00s Real=0.01s
[1088.052s][info][gc,start       ] GC(712) Pause Young (Allocation Failure)
[1088.060s][info][gc,heap        ] GC(712) DefNew: 567180K->8477K(629120K)
[1088.060s][info][gc,heap        ] GC(712) Tenured: 74043K->74157K(1398144K)
[1088.060s][info][gc,metaspace   ] GC(712) Metaspace: 91460K(97968K)->91460K(97968K) NonClass: 79878K(83376K)->79878K(83376K) Class: 11582K(14592K)->11582K(14592K)
[1088.060s][info][gc             ] GC(712) Pause Young (Allocation Failure) 626M->80M(1979M) 8.833ms
[1088.060s][info][gc,cpu         ] GC(712) User=0.00s Sys=0.00s Real=0.01s
[1088.543s][info][gc,start       ] GC(713) Pause Young (Allocation Failure)
[1088.551s][info][gc,heap        ] GC(713) DefNew: 564982K->13244K(629120K)
[1088.551s][info][gc,heap        ] GC(713) Tenured: 74157K->74345K(1398144K)
[1088.551s][info][gc,metaspace   ] GC(713) Metaspace: 91460K(97968K)->91460K(97968K) NonClass: 79878K(83376K)->79878K(83376K) Class: 11582K(14592K)->11582K(14592K)
[1088.551s][info][gc             ] GC(713) Pause Young (Allocation Failure) 624M->85M(1979M) 8.121ms
[1088.551s][info][gc,cpu         ] GC(713) User=0.00s Sys=0.00s Real=0.01s
[1090.075s][info][gc,start       ] GC(714) Pause Young (Allocation Failure)
[1090.082s][info][gc,heap        ] GC(714) DefNew: 571968K->5865K(629120K)
[1090.082s][info][gc,heap        ] GC(714) Tenured: 74345K->74466K(1398144K)
[1090.082s][info][gc,metaspace   ] GC(714) Metaspace: 91460K(97968K)->91460K(97968K) NonClass: 79878K(83376K)->79878K(83376K) Class: 11582K(14592K)->11582K(14592K)
[1090.082s][info][gc             ] GC(714) Pause Young (Allocation Failure) 631M->78M(1979M) 6.801ms
[1090.082s][info][gc,cpu         ] GC(714) User=0.00s Sys=0.00s Real=0.01s
[1091.914s][info][gc,start       ] GC(715) Pause Young (Allocation Failure)
[1091.925s][info][gc,heap        ] GC(715) DefNew: 565097K->8305K(629120K)
[1091.925s][info][gc,heap        ] GC(715) Tenured: 74466K->74548K(1398144K)
[1091.925s][info][gc,metaspace   ] GC(715) Metaspace: 91460K(97968K)->91460K(97968K) NonClass: 79878K(83376K)->79878K(83376K) Class: 11582K(14592K)->11582K(14592K)
[1091.925s][info][gc             ] GC(715) Pause Young (Allocation Failure) 624M->80M(1979M) 10.758ms
[1091.925s][info][gc,cpu         ] GC(715) User=0.00s Sys=0.00s Real=0.01s
[1092.626s][info][gc,start       ] GC(716) Pause Young (Allocation Failure)
[1092.634s][info][gc,heap        ] GC(716) DefNew: 567537K->7356K(629120K)
[1092.634s][info][gc,heap        ] GC(716) Tenured: 74548K->74738K(1398144K)
[1092.634s][info][gc,metaspace   ] GC(716) Metaspace: 91464K(97968K)->91464K(97968K) NonClass: 79881K(83376K)->79881K(83376K) Class: 11582K(14592K)->11582K(14592K)
[1092.634s][info][gc             ] GC(716) Pause Young (Allocation Failure) 627M->80M(1979M) 8.299ms
[1092.635s][info][gc,cpu         ] GC(716) User=0.00s Sys=0.00s Real=0.01s
[1092.641s][info][gc,start       ] GC(717) Pause Full (System.gc())
[1092.642s][info][gc,phases,start] GC(717) Phase 1: Mark live objects
[1092.695s][info][gc,phases      ] GC(717) Phase 1: Mark live objects 52.972ms
[1092.696s][info][gc,phases,start] GC(717) Phase 2: Compute new object addresses
[1092.709s][info][gc,phases      ] GC(717) Phase 2: Compute new object addresses 13.028ms
[1092.709s][info][gc,phases,start] GC(717) Phase 3: Adjust pointers
[1092.740s][info][gc,phases      ] GC(717) Phase 3: Adjust pointers 31.799ms
[1092.740s][info][gc,phases,start] GC(717) Phase 4: Move objects
[1092.742s][info][gc,phases      ] GC(717) Phase 4: Move objects 1.652ms
[1092.743s][info][gc,heap        ] GC(717) DefNew: 30448K->0K(629120K)
[1092.743s][info][gc,heap        ] GC(717) Tenured: 74738K->79458K(1398144K)
[1092.743s][info][gc,metaspace   ] GC(717) Metaspace: 91465K(97968K)->91465K(97968K) NonClass: 79883K(83376K)->79883K(83376K) Class: 11582K(14592K)->11582K(14592K)
[1092.743s][info][gc             ] GC(717) Pause Full (System.gc()) 102M->77M(1979M) 102.249ms
[1092.743s][info][gc,cpu         ] GC(717) User=0.09s Sys=0.00s Real=0.10s
[1093.236s][info][gc,start       ] GC(718) Pause Young (Allocation Failure)
[1093.240s][info][gc,heap        ] GC(718) DefNew: 558715K->3110K(629120K)
[1093.240s][info][gc,heap        ] GC(718) Tenured: 79458K->79458K(1398144K)
[1093.240s][info][gc,metaspace   ] GC(718) Metaspace: 91465K(97968K)->91465K(97968K) NonClass: 79883K(83376K)->79883K(83376K) Class: 11582K(14592K)->11582K(14592K)
[1093.240s][info][gc             ] GC(718) Pause Young (Allocation Failure) 623M->80M(1979M) 3.940ms
[1093.240s][info][gc,cpu         ] GC(718) User=0.00s Sys=0.00s Real=0.00s
[1095.218s][info][gc,start       ] GC(719) Pause Young (Allocation Failure)
[1095.223s][info][gc,heap        ] GC(719) DefNew: 560556K->4453K(629120K)
[1095.223s][info][gc,heap        ] GC(719) Tenured: 79458K->79458K(1398144K)
[1095.223s][info][gc,metaspace   ] GC(719) Metaspace: 91465K(97968K)->91465K(97968K) NonClass: 79883K(83376K)->79883K(83376K) Class: 11582K(14592K)->11582K(14592K)
[1095.223s][info][gc             ] GC(719) Pause Young (Allocation Failure) 625M->81M(1979M) 4.643ms
[1095.223s][info][gc,cpu         ] GC(719) User=0.00s Sys=0.00s Real=0.01s
[1097.205s][info][gc,start       ] GC(720) Pause Young (Allocation Failure)
[1097.211s][info][gc,heap        ] GC(720) DefNew: 563411K->5077K(629120K)
[1097.211s][info][gc,heap        ] GC(720) Tenured: 79458K->79458K(1398144K)
[1097.211s][info][gc,metaspace   ] GC(720) Metaspace: 91465K(97968K)->91465K(97968K) NonClass: 79883K(83376K)->79883K(83376K) Class: 11582K(14592K)->11582K(14592K)
[1097.211s][info][gc             ] GC(720) Pause Young (Allocation Failure) 627M->82M(1979M) 5.755ms
[1097.211s][info][gc,cpu         ] GC(720) User=0.00s Sys=0.00s Real=0.01s
[1098.934s][info][gc,start       ] GC(721) Pause Young (Allocation Failure)
[1098.942s][info][gc,heap        ] GC(721) DefNew: 564309K->6625K(629120K)
[1098.942s][info][gc,heap        ] GC(721) Tenured: 79458K->79458K(1398144K)
[1098.942s][info][gc,metaspace   ] GC(721) Metaspace: 91465K(97968K)->91465K(97968K) NonClass: 79883K(83376K)->79883K(83376K) Class: 11582K(14592K)->11582K(14592K)
[1098.942s][info][gc             ] GC(721) Pause Young (Allocation Failure) 628M->84M(1979M) 7.833ms
[1098.942s][info][gc,cpu         ] GC(721) User=0.00s Sys=0.00s Real=0.01s
[1099.414s][info][gc,start       ] GC(722) Pause Young (Allocation Failure)
[1099.420s][info][gc,heap        ] GC(722) DefNew: 565076K->12158K(629120K)
[1099.420s][info][gc,heap        ] GC(722) Tenured: 79458K->79458K(1398144K)
[1099.420s][info][gc,metaspace   ] GC(722) Metaspace: 91465K(97968K)->91465K(97968K) NonClass: 79883K(83376K)->79883K(83376K) Class: 11582K(14592K)->11582K(14592K)
[1099.420s][info][gc             ] GC(722) Pause Young (Allocation Failure) 629M->89M(1979M) 6.678ms
[1099.420s][info][gc,cpu         ] GC(722) User=0.00s Sys=0.00s Real=0.01s
[1100.865s][info][gc,start       ] GC(723) Pause Young (Allocation Failure)
[1100.872s][info][gc,heap        ] GC(723) DefNew: 571390K->6467K(629120K)
[1100.872s][info][gc,heap        ] GC(723) Tenured: 79458K->79458K(1398144K)
[1100.872s][info][gc,metaspace   ] GC(723) Metaspace: 91465K(97968K)->91465K(97968K) NonClass: 79883K(83376K)->79883K(83376K) Class: 11582K(14592K)->11582K(14592K)
[1100.872s][info][gc             ] GC(723) Pause Young (Allocation Failure) 635M->83M(1979M) 6.629ms
[1100.872s][info][gc,cpu         ] GC(723) User=0.00s Sys=0.00s Real=0.01s
[1102.894s][info][gc,start       ] GC(724) Pause Young (Allocation Failure)
[1102.900s][info][gc,heap        ] GC(724) DefNew: 565699K->5367K(629120K)
[1102.900s][info][gc,heap        ] GC(724) Tenured: 79458K->79458K(1398144K)
[1102.900s][info][gc,metaspace   ] GC(724) Metaspace: 91465K(97968K)->91465K(97968K) NonClass: 79883K(83376K)->79883K(83376K) Class: 11582K(14592K)->11582K(14592K)
[1102.900s][info][gc             ] GC(724) Pause Young (Allocation Failure) 630M->82M(1979M) 6.229ms
[1102.900s][info][gc,cpu         ] GC(724) User=0.00s Sys=0.00s Real=0.01s
[1105.508s][info][gc,start       ] GC(725) Pause Young (Allocation Failure)
[1105.514s][info][gc,heap        ] GC(725) DefNew: 564599K->5532K(629120K)
[1105.514s][info][gc,heap        ] GC(725) Tenured: 79458K->79458K(1398144K)
[1105.514s][info][gc,metaspace   ] GC(725) Metaspace: 91465K(97968K)->91465K(97968K) NonClass: 79883K(83376K)->79883K(83376K) Class: 11582K(14592K)->11582K(14592K)
[1105.514s][info][gc             ] GC(725) Pause Young (Allocation Failure) 628M->82M(1979M) 5.695ms
[1105.514s][info][gc,cpu         ] GC(725) User=0.00s Sys=0.00s Real=0.00s
[1106.114s][info][gc,start       ] GC(726) Pause Young (Allocation Failure)
[1106.122s][info][gc,heap        ] GC(726) DefNew: 564053K->12026K(629120K)
[1106.122s][info][gc,heap        ] GC(726) Tenured: 79458K->79458K(1398144K)
[1106.122s][info][gc,metaspace   ] GC(726) Metaspace: 91466K(97968K)->91466K(97968K) NonClass: 79883K(83376K)->79883K(83376K) Class: 11582K(14592K)->11582K(14592K)
[1106.122s][info][gc             ] GC(726) Pause Young (Allocation Failure) 628M->89M(1979M) 7.604ms
[1106.122s][info][gc,cpu         ] GC(726) User=0.00s Sys=0.00s Real=0.01s
[1106.850s][info][gc,start       ] GC(727) Pause Young (Allocation Failure)
[1106.856s][info][gc,heap        ] GC(727) DefNew: 571258K->5061K(629120K)
[1106.856s][info][gc,heap        ] GC(727) Tenured: 79458K->79458K(1398144K)
[1106.856s][info][gc,metaspace   ] GC(727) Metaspace: 91466K(97968K)->91466K(97968K) NonClass: 79883K(83376K)->79883K(83376K) Class: 11582K(14592K)->11582K(14592K)
[1106.856s][info][gc             ] GC(727) Pause Young (Allocation Failure) 635M->82M(1979M) 5.500ms
[1106.856s][info][gc,cpu         ] GC(727) User=0.00s Sys=0.00s Real=0.01s
[1109.311s][info][gc,start       ] GC(728) Pause Young (Allocation Failure)
[1109.318s][info][gc,heap        ] GC(728) DefNew: 564293K->6695K(629120K)
[1109.318s][info][gc,heap        ] GC(728) Tenured: 79458K->79458K(1398144K)
[1109.318s][info][gc,metaspace   ] GC(728) Metaspace: 91466K(97968K)->91466K(97968K) NonClass: 79883K(83376K)->79883K(83376K) Class: 11582K(14592K)->11582K(14592K)
[1109.318s][info][gc             ] GC(728) Pause Young (Allocation Failure) 628M->84M(1979M) 6.705ms
[1109.318s][info][gc,cpu         ] GC(728) User=0.00s Sys=0.00s Real=0.01s
[1111.301s][info][gc,start       ] GC(729) Pause Young (Allocation Failure)
[1111.308s][info][gc,heap        ] GC(729) DefNew: 563277K->6395K(629120K)
[1111.308s][info][gc,heap        ] GC(729) Tenured: 79458K->79458K(1398144K)
[1111.308s][info][gc,metaspace   ] GC(729) Metaspace: 91466K(97968K)->91466K(97968K) NonClass: 79883K(83376K)->79883K(83376K) Class: 11582K(14592K)->11582K(14592K)
[1111.308s][info][gc             ] GC(729) Pause Young (Allocation Failure) 627M->83M(1979M) 6.919ms
[1111.308s][info][gc,cpu         ] GC(729) User=0.00s Sys=0.00s Real=0.01s
[1112.617s][info][gc,start       ] GC(730) Pause Young (Allocation Failure)
[1112.635s][info][gc,heap        ] GC(730) DefNew: 565627K->11910K(629120K)
[1112.635s][info][gc,heap        ] GC(730) Tenured: 79458K->79458K(1398144K)
[1112.635s][info][gc,metaspace   ] GC(730) Metaspace: 91468K(97968K)->91468K(97968K) NonClass: 79885K(83376K)->79885K(83376K) Class: 11582K(14592K)->11582K(14592K)
[1112.635s][info][gc             ] GC(730) Pause Young (Allocation Failure) 629M->89M(1979M) 18.380ms
[1112.635s][info][gc,cpu         ] GC(730) User=0.00s Sys=0.00s Real=0.02s
[1113.162s][info][gc,start       ] GC(731) Pause Young (Allocation Failure)
[1113.168s][info][gc,heap        ] GC(731) DefNew: 570725K->8357K(629120K)
[1113.168s][info][gc,heap        ] GC(731) Tenured: 79458K->79458K(1398144K)
[1113.168s][info][gc,metaspace   ] GC(731) Metaspace: 91468K(97968K)->91468K(97968K) NonClass: 79885K(83376K)->79885K(83376K) Class: 11582K(14592K)->11582K(14592K)
[1113.168s][info][gc             ] GC(731) Pause Young (Allocation Failure) 634M->85M(1979M) 6.317ms
[1113.168s][info][gc,cpu         ] GC(731) User=0.00s Sys=0.00s Real=0.01s
[1115.069s][info][gc,start       ] GC(732) Pause Young (Allocation Failure)
[1115.076s][info][gc,heap        ] GC(732) DefNew: 567589K->6840K(629120K)
[1115.076s][info][gc,heap        ] GC(732) Tenured: 79458K->79458K(1398144K)
[1115.076s][info][gc,metaspace   ] GC(732) Metaspace: 91468K(97968K)->91468K(97968K) NonClass: 79885K(83376K)->79885K(83376K) Class: 11582K(14592K)->11582K(14592K)
[1115.076s][info][gc             ] GC(732) Pause Young (Allocation Failure) 631M->84M(1979M) 7.623ms
[1115.076s][info][gc,cpu         ] GC(732) User=0.00s Sys=0.00s Real=0.01s
[1117.050s][info][gc,start       ] GC(733) Pause Young (Allocation Failure)
[1117.058s][info][gc,heap        ] GC(733) DefNew: 565733K->6284K(629120K)
[1117.058s][info][gc,heap        ] GC(733) Tenured: 79458K->79985K(1398144K)
[1117.058s][info][gc,metaspace   ] GC(733) Metaspace: 91468K(97968K)->91468K(97968K) NonClass: 79885K(83376K)->79885K(83376K) Class: 11582K(14592K)->11582K(14592K)
[1117.058s][info][gc             ] GC(733) Pause Young (Allocation Failure) 630M->84M(1979M) 7.491ms
[1117.058s][info][gc,cpu         ] GC(733) User=0.00s Sys=0.00s Real=0.01s
[1118.875s][info][gc,start       ] GC(734) Pause Young (Allocation Failure)
[1118.885s][info][gc,heap        ] GC(734) DefNew: 565516K->10621K(629120K)
[1118.885s][info][gc,heap        ] GC(734) Tenured: 79985K->80172K(1398144K)
[1118.885s][info][gc,metaspace   ] GC(734) Metaspace: 91468K(97968K)->91468K(97968K) NonClass: 79885K(83376K)->79885K(83376K) Class: 11582K(14592K)->11582K(14592K)
[1118.885s][info][gc             ] GC(734) Pause Young (Allocation Failure) 630M->88M(1979M) 10.380ms
[1118.885s][info][gc,cpu         ] GC(734) User=0.00s Sys=0.00s Real=0.01s
[1119.492s][info][gc,start       ] GC(735) Pause Young (Allocation Failure)
[1119.499s][info][gc,heap        ] GC(735) DefNew: 569853K->9081K(629120K)
[1119.499s][info][gc,heap        ] GC(735) Tenured: 80172K->80356K(1398144K)
[1119.499s][info][gc,metaspace   ] GC(735) Metaspace: 91468K(97968K)->91468K(97968K) NonClass: 79885K(83376K)->79885K(83376K) Class: 11582K(14592K)->11582K(14592K)
[1119.499s][info][gc             ] GC(735) Pause Young (Allocation Failure) 634M->87M(1979M) 7.597ms
[1119.499s][info][gc,cpu         ] GC(735) User=0.00s Sys=0.00s Real=0.01s
[1120.878s][info][gc,start       ] GC(736) Pause Young (Allocation Failure)
[1120.886s][info][gc,heap        ] GC(736) DefNew: 567931K->5974K(629120K)
[1120.886s][info][gc,heap        ] GC(736) Tenured: 80356K->80504K(1398144K)
[1120.886s][info][gc,metaspace   ] GC(736) Metaspace: 91468K(97968K)->91468K(97968K) NonClass: 79885K(83376K)->79885K(83376K) Class: 11582K(14592K)->11582K(14592K)
[1120.886s][info][gc             ] GC(736) Pause Young (Allocation Failure) 633M->84M(1979M) 7.999ms
[1120.886s][info][gc,cpu         ] GC(736) User=0.00s Sys=0.00s Real=0.01s
[1122.693s][info][gc,start       ] GC(737) Pause Young (Allocation Failure)
[1122.701s][info][gc,heap        ] GC(737) DefNew: 564740K->7593K(629120K)
[1122.701s][info][gc,heap        ] GC(737) Tenured: 80504K->80571K(1398144K)
[1122.701s][info][gc,metaspace   ] GC(737) Metaspace: 91468K(97968K)->91468K(97968K) NonClass: 79885K(83376K)->79885K(83376K) Class: 11582K(14592K)->11582K(14592K)
[1122.701s][info][gc             ] GC(737) Pause Young (Allocation Failure) 630M->86M(1979M) 7.863ms
[1122.701s][info][gc,cpu         ] GC(737) User=0.00s Sys=0.00s Real=0.01s
[1123.197s][info][gc,start       ] GC(738) Pause Young (Allocation Failure)
[1123.205s][info][gc,heap        ] GC(738) DefNew: 565550K->12747K(629120K)
[1123.205s][info][gc,heap        ] GC(738) Tenured: 80571K->80754K(1398144K)
[1123.205s][info][gc,metaspace   ] GC(738) Metaspace: 91468K(97968K)->91468K(97968K) NonClass: 79885K(83376K)->79885K(83376K) Class: 11582K(14592K)->11582K(14592K)
[1123.205s][info][gc             ] GC(738) Pause Young (Allocation Failure) 630M->91M(1979M) 7.865ms
[1123.205s][info][gc,cpu         ] GC(738) User=0.00s Sys=0.00s Real=0.01s
[1124.685s][info][gc,start       ] GC(739) Pause Young (Allocation Failure)
[1124.691s][info][gc,heap        ] GC(739) DefNew: 571979K->5891K(629120K)
[1124.691s][info][gc,heap        ] GC(739) Tenured: 80754K->80894K(1398144K)
[1124.691s][info][gc,metaspace   ] GC(739) Metaspace: 91468K(97968K)->91468K(97968K) NonClass: 79885K(83376K)->79885K(83376K) Class: 11582K(14592K)->11582K(14592K)
[1124.691s][info][gc             ] GC(739) Pause Young (Allocation Failure) 637M->84M(1979M) 6.412ms
[1124.691s][info][gc,cpu         ] GC(739) User=0.00s Sys=0.00s Real=0.01s
[1126.574s][info][gc,start       ] GC(740) Pause Young (Allocation Failure)
[1126.582s][info][gc,heap        ] GC(740) DefNew: 565123K->7994K(629120K)
[1126.582s][info][gc,heap        ] GC(740) Tenured: 80894K->81061K(1398144K)
[1126.582s][info][gc,metaspace   ] GC(740) Metaspace: 91468K(97968K)->91468K(97968K) NonClass: 79885K(83376K)->79885K(83376K) Class: 11582K(14592K)->11582K(14592K)
[1126.582s][info][gc             ] GC(740) Pause Young (Allocation Failure) 630M->86M(1979M) 8.573ms
[1126.582s][info][gc,cpu         ] GC(740) User=0.00s Sys=0.00s Real=0.01s
[1127.022s][info][gc,start       ] GC(741) Pause Young (Allocation Failure)
[1127.030s][info][gc,heap        ] GC(741) DefNew: 564620K->8743K(629120K)
[1127.030s][info][gc,heap        ] GC(741) Tenured: 81061K->81178K(1398144K)
[1127.030s][info][gc,metaspace   ] GC(741) Metaspace: 91468K(97968K)->91468K(97968K) NonClass: 79885K(83376K)->79885K(83376K) Class: 11582K(14592K)->11582K(14592K)
[1127.030s][info][gc             ] GC(741) Pause Young (Allocation Failure) 630M->87M(1979M) 8.108ms
[1127.030s][info][gc,cpu         ] GC(741) User=0.00s Sys=0.00s Real=0.01s
[1128.526s][info][gc,start       ] GC(742) Pause Young (GCLocker Initiated GC)
[1128.533s][info][gc,heap        ] GC(742) DefNew: 568009K->9715K(629120K)
[1128.533s][info][gc,heap        ] GC(742) Tenured: 81178K->81292K(1398144K)
[1128.533s][info][gc,metaspace   ] GC(742) Metaspace: 91468K(97968K)->91468K(97968K) NonClass: 79885K(83376K)->79885K(83376K) Class: 11582K(14592K)->11582K(14592K)
[1128.534s][info][gc             ] GC(742) Pause Young (GCLocker Initiated GC) 633M->88M(1979M) 7.883ms
[1128.534s][info][gc,cpu         ] GC(742) User=0.00s Sys=0.00s Real=0.01s
[1130.290s][info][gc,start       ] GC(743) Pause Young (Allocation Failure)
[1130.299s][info][gc,heap        ] GC(743) DefNew: 568947K->8692K(629120K)
[1130.299s][info][gc,heap        ] GC(743) Tenured: 81292K->81455K(1398144K)
[1130.299s][info][gc,metaspace   ] GC(743) Metaspace: 91468K(97968K)->91468K(97968K) NonClass: 79885K(83376K)->79885K(83376K) Class: 11582K(14592K)->11582K(14592K)
[1130.300s][info][gc             ] GC(743) Pause Young (Allocation Failure) 635M->88M(1979M) 9.689ms
[1130.300s][info][gc,cpu         ] GC(743) User=0.00s Sys=0.00s Real=0.01s
[1130.804s][info][gc,start       ] GC(744) Pause Young (Allocation Failure)
[1130.812s][info][gc,heap        ] GC(744) DefNew: 565939K->8523K(629120K)
[1130.812s][info][gc,heap        ] GC(744) Tenured: 81455K->81643K(1398144K)
[1130.812s][info][gc,metaspace   ] GC(744) Metaspace: 91470K(97968K)->91470K(97968K) NonClass: 79888K(83376K)->79888K(83376K) Class: 11582K(14592K)->11582K(14592K)
[1130.812s][info][gc             ] GC(744) Pause Young (Allocation Failure) 632M->88M(1979M) 7.489ms
[1130.812s][info][gc,cpu         ] GC(744) User=0.00s Sys=0.00s Real=0.01s
[1132.336s][info][gc,start       ] GC(745) Pause Young (Allocation Failure)
[1132.342s][info][gc,heap        ] GC(745) DefNew: 566854K->5549K(629120K)
[1132.342s][info][gc,heap        ] GC(745) Tenured: 81643K->81763K(1398144K)
[1132.342s][info][gc,metaspace   ] GC(745) Metaspace: 91470K(97968K)->91470K(97968K) NonClass: 79888K(83376K)->79888K(83376K) Class: 11582K(14592K)->11582K(14592K)
[1132.342s][info][gc             ] GC(745) Pause Young (Allocation Failure) 633M->85M(1979M) 6.423ms
[1132.342s][info][gc,cpu         ] GC(745) User=0.00s Sys=0.00s Real=0.01s
[1134.178s][info][gc,start       ] GC(746) Pause Young (Allocation Failure)
[1134.187s][info][gc,heap        ] GC(746) DefNew: 564781K->8470K(629120K)
[1134.188s][info][gc,heap        ] GC(746) Tenured: 81763K->81846K(1398144K)
[1134.188s][info][gc,metaspace   ] GC(746) Metaspace: 91470K(97968K)->91470K(97968K) NonClass: 79888K(83376K)->79888K(83376K) Class: 11582K(14592K)->11582K(14592K)
[1134.188s][info][gc             ] GC(746) Pause Young (Allocation Failure) 631M->88M(1979M) 10.017ms
[1134.188s][info][gc,cpu         ] GC(746) User=0.00s Sys=0.00s Real=0.01s
[1134.909s][info][gc,start       ] GC(747) Pause Young (Allocation Failure)
[1134.918s][info][gc,heap        ] GC(747) DefNew: 567702K->7603K(629120K)
[1134.918s][info][gc,heap        ] GC(747) Tenured: 81846K->82038K(1398144K)
[1134.918s][info][gc,metaspace   ] GC(747) Metaspace: 91472K(97968K)->91472K(97968K) NonClass: 79890K(83376K)->79890K(83376K) Class: 11582K(14592K)->11582K(14592K)
[1134.918s][info][gc             ] GC(747) Pause Young (Allocation Failure) 634M->87M(1979M) 8.807ms
[1134.918s][info][gc,cpu         ] GC(747) User=0.00s Sys=0.00s Real=0.01s
[1134.940s][info][gc,start       ] GC(748) Pause Full (System.gc())
[1134.944s][info][gc,phases,start] GC(748) Phase 1: Mark live objects
[1134.997s][info][gc,phases      ] GC(748) Phase 1: Mark live objects 52.951ms
[1134.997s][info][gc,phases,start] GC(748) Phase 2: Compute new object addresses
[1135.010s][info][gc,phases      ] GC(748) Phase 2: Compute new object addresses 12.655ms
[1135.010s][info][gc,phases,start] GC(748) Phase 3: Adjust pointers
[1135.042s][info][gc,phases      ] GC(748) Phase 3: Adjust pointers 32.241ms
[1135.042s][info][gc,phases,start] GC(748) Phase 4: Move objects
[1135.046s][info][gc,phases      ] GC(748) Phase 4: Move objects 4.066ms
[1135.047s][info][gc,heap        ] GC(748) DefNew: 27044K->0K(629120K)
[1135.047s][info][gc,heap        ] GC(748) Tenured: 82038K->54324K(1398144K)
[1135.047s][info][gc,metaspace   ] GC(748) Metaspace: 91472K(97968K)->91472K(97968K) NonClass: 79890K(83376K)->79890K(83376K) Class: 11582K(14592K)->11582K(14592K)
[1135.047s][info][gc             ] GC(748) Pause Full (System.gc()) 106M->53M(1979M) 106.744ms
[1135.047s][info][gc,cpu         ] GC(748) User=0.09s Sys=0.00s Real=0.11s
[1135.529s][info][gc,start       ] GC(749) Pause Young (Allocation Failure)
[1135.533s][info][gc,heap        ] GC(749) DefNew: 559232K->3059K(629120K)
[1135.533s][info][gc,heap        ] GC(749) Tenured: 54324K->54324K(1398144K)
[1135.533s][info][gc,metaspace   ] GC(749) Metaspace: 91472K(97968K)->91472K(97968K) NonClass: 79890K(83376K)->79890K(83376K) Class: 11582K(14592K)->11582K(14592K)
[1135.533s][info][gc             ] GC(749) Pause Young (Allocation Failure) 599M->56M(1979M) 3.747ms
[1135.533s][info][gc,cpu         ] GC(749) User=0.00s Sys=0.00s Real=0.00s
[1137.494s][info][gc,start       ] GC(750) Pause Young (Allocation Failure)
[1137.499s][info][gc,heap        ] GC(750) DefNew: 560743K->4373K(629120K)
[1137.499s][info][gc,heap        ] GC(750) Tenured: 54324K->54324K(1398144K)
[1137.499s][info][gc,metaspace   ] GC(750) Metaspace: 91472K(97968K)->91472K(97968K) NonClass: 79890K(83376K)->79890K(83376K) Class: 11582K(14592K)->11582K(14592K)
[1137.499s][info][gc             ] GC(750) Pause Young (Allocation Failure) 600M->57M(1979M) 4.427ms
[1137.499s][info][gc,cpu         ] GC(750) User=0.00s Sys=0.00s Real=0.01s
[1139.480s][info][gc,start       ] GC(751) Pause Young (Allocation Failure)
[1139.486s][info][gc,heap        ] GC(751) DefNew: 563402K->4868K(629120K)
[1139.486s][info][gc,heap        ] GC(751) Tenured: 54324K->54324K(1398144K)
[1139.486s][info][gc,metaspace   ] GC(751) Metaspace: 91472K(97968K)->91472K(97968K) NonClass: 79890K(83376K)->79890K(83376K) Class: 11582K(14592K)->11582K(14592K)
[1139.486s][info][gc             ] GC(751) Pause Young (Allocation Failure) 603M->57M(1979M) 5.880ms
[1139.486s][info][gc,cpu         ] GC(751) User=0.00s Sys=0.00s Real=0.01s
[1141.192s][info][gc,start       ] GC(752) Pause Young (Allocation Failure)
[1141.202s][info][gc,heap        ] GC(752) DefNew: 564100K->7283K(629120K)
[1141.202s][info][gc,heap        ] GC(752) Tenured: 54324K->54324K(1398144K)
[1141.202s][info][gc,metaspace   ] GC(752) Metaspace: 91472K(97968K)->91472K(97968K) NonClass: 79890K(83376K)->79890K(83376K) Class: 11582K(14592K)->11582K(14592K)
[1141.202s][info][gc             ] GC(752) Pause Young (Allocation Failure) 603M->60M(1979M) 9.958ms
[1141.202s][info][gc,cpu         ] GC(752) User=0.00s Sys=0.00s Real=0.01s
[1141.695s][info][gc,start       ] GC(753) Pause Young (Allocation Failure)
[1141.702s][info][gc,heap        ] GC(753) DefNew: 564541K->12233K(629120K)
[1141.702s][info][gc,heap        ] GC(753) Tenured: 54324K->54324K(1398144K)
[1141.702s][info][gc,metaspace   ] GC(753) Metaspace: 91472K(97968K)->91472K(97968K) NonClass: 79890K(83376K)->79890K(83376K) Class: 11582K(14592K)->11582K(14592K)
[1141.702s][info][gc             ] GC(753) Pause Young (Allocation Failure) 604M->64M(1979M) 6.577ms
[1141.702s][info][gc,cpu         ] GC(753) User=0.00s Sys=0.00s Real=0.01s
[1143.269s][info][gc,start       ] GC(754) Pause Young (Allocation Failure)
[1143.276s][info][gc,heap        ] GC(754) DefNew: 571465K->6248K(629120K)
[1143.276s][info][gc,heap        ] GC(754) Tenured: 54324K->54324K(1398144K)
[1143.276s][info][gc,metaspace   ] GC(754) Metaspace: 91472K(97968K)->91472K(97968K) NonClass: 79890K(83376K)->79890K(83376K) Class: 11582K(14592K)->11582K(14592K)
[1143.276s][info][gc             ] GC(754) Pause Young (Allocation Failure) 611M->59M(1979M) 6.906ms
[1143.276s][info][gc,cpu         ] GC(754) User=0.02s Sys=0.00s Real=0.01s
[1145.289s][info][gc,start       ] GC(755) Pause Young (Allocation Failure)
[1145.294s][info][gc,heap        ] GC(755) DefNew: 565480K->5216K(629120K)
[1145.294s][info][gc,heap        ] GC(755) Tenured: 54324K->54324K(1398144K)
[1145.294s][info][gc,metaspace   ] GC(755) Metaspace: 91472K(97968K)->91472K(97968K) NonClass: 79890K(83376K)->79890K(83376K) Class: 11582K(14592K)->11582K(14592K)
[1145.294s][info][gc             ] GC(755) Pause Young (Allocation Failure) 605M->58M(1979M) 4.899ms
[1145.294s][info][gc,cpu         ] GC(755) User=0.00s Sys=0.00s Real=0.01s
[1147.844s][info][gc,start       ] GC(756) Pause Young (Allocation Failure)
[1147.850s][info][gc,heap        ] GC(756) DefNew: 564380K->5693K(629120K)
[1147.850s][info][gc,heap        ] GC(756) Tenured: 54324K->54324K(1398144K)
[1147.850s][info][gc,metaspace   ] GC(756) Metaspace: 91472K(97968K)->91472K(97968K) NonClass: 79890K(83376K)->79890K(83376K) Class: 11582K(14592K)->11582K(14592K)
[1147.850s][info][gc             ] GC(756) Pause Young (Allocation Failure) 604M->58M(1979M) 5.882ms
[1147.850s][info][gc,cpu         ] GC(756) User=0.00s Sys=0.00s Real=0.01s
[1148.473s][info][gc,start       ] GC(757) Pause Young (Allocation Failure)
[1148.481s][info][gc,heap        ] GC(757) DefNew: 562871K->16567K(629120K)
[1148.481s][info][gc,heap        ] GC(757) Tenured: 54324K->54324K(1398144K)
[1148.481s][info][gc,metaspace   ] GC(757) Metaspace: 91472K(97968K)->91472K(97968K) NonClass: 79890K(83376K)->79890K(83376K) Class: 11582K(14592K)->11582K(14592K)
[1148.481s][info][gc             ] GC(757) Pause Young (Allocation Failure) 602M->69M(1979M) 8.466ms
[1148.481s][info][gc,cpu         ] GC(757) User=0.00s Sys=0.00s Real=0.01s
[1149.215s][info][gc,start       ] GC(758) Pause Young (Allocation Failure)
[1149.221s][info][gc,heap        ] GC(758) DefNew: 575799K->5086K(629120K)
[1149.221s][info][gc,heap        ] GC(758) Tenured: 54324K->54324K(1398144K)
[1149.221s][info][gc,metaspace   ] GC(758) Metaspace: 91472K(97968K)->91472K(97968K) NonClass: 79890K(83376K)->79890K(83376K) Class: 11582K(14592K)->11582K(14592K)
[1149.221s][info][gc             ] GC(758) Pause Young (Allocation Failure) 615M->58M(1979M) 5.556ms
[1149.221s][info][gc,cpu         ] GC(758) User=0.00s Sys=0.00s Real=0.01s
[1151.711s][info][gc,start       ] GC(759) Pause Young (Allocation Failure)
[1151.718s][info][gc,heap        ] GC(759) DefNew: 564318K->6701K(629120K)
[1151.718s][info][gc,heap        ] GC(759) Tenured: 54324K->54324K(1398144K)
[1151.718s][info][gc,metaspace   ] GC(759) Metaspace: 91472K(97968K)->91472K(97968K) NonClass: 79890K(83376K)->79890K(83376K) Class: 11582K(14592K)->11582K(14592K)
[1151.718s][info][gc             ] GC(759) Pause Young (Allocation Failure) 604M->59M(1979M) 6.239ms
[1151.718s][info][gc,cpu         ] GC(759) User=0.00s Sys=0.00s Real=0.01s
[1154.039s][info][gc,start       ] GC(760) Pause Young (Allocation Failure)
[1154.045s][info][gc,heap        ] GC(760) DefNew: 564978K->6194K(629120K)
[1154.045s][info][gc,heap        ] GC(760) Tenured: 54324K->54324K(1398144K)
[1154.045s][info][gc,metaspace   ] GC(760) Metaspace: 91472K(97968K)->91472K(97968K) NonClass: 79890K(83376K)->79890K(83376K) Class: 11582K(14592K)->11582K(14592K)
[1154.045s][info][gc             ] GC(760) Pause Young (Allocation Failure) 604M->59M(1979M) 6.262ms
[1154.045s][info][gc,cpu         ] GC(760) User=0.00s Sys=0.00s Real=0.01s
[1155.353s][info][gc,start       ] GC(761) Pause Young (Allocation Failure)
[1155.371s][info][gc,heap        ] GC(761) DefNew: 565426K->11604K(629120K)
[1155.371s][info][gc,heap        ] GC(761) Tenured: 54324K->54324K(1398144K)
[1155.371s][info][gc,metaspace   ] GC(761) Metaspace: 91472K(97968K)->91472K(97968K) NonClass: 79890K(83376K)->79890K(83376K) Class: 11582K(14592K)->11582K(14592K)
[1155.371s][info][gc             ] GC(761) Pause Young (Allocation Failure) 605M->64M(1979M) 18.437ms
[1155.371s][info][gc,cpu         ] GC(761) User=0.00s Sys=0.00s Real=0.02s
[1155.874s][info][gc,start       ] GC(762) Pause Young (Allocation Failure)
[1155.881s][info][gc,heap        ] GC(762) DefNew: 570721K->8369K(629120K)
[1155.881s][info][gc,heap        ] GC(762) Tenured: 54324K->54324K(1398144K)
[1155.881s][info][gc,metaspace   ] GC(762) Metaspace: 91472K(97968K)->91472K(97968K) NonClass: 79890K(83376K)->79890K(83376K) Class: 11582K(14592K)->11582K(14592K)
[1155.881s][info][gc             ] GC(762) Pause Young (Allocation Failure) 610M->61M(1979M) 7.339ms
[1155.881s][info][gc,cpu         ] GC(762) User=0.00s Sys=0.00s Real=0.01s
[1157.978s][info][gc,start       ] GC(763) Pause Young (GCLocker Initiated GC)
[1157.986s][info][gc,heap        ] GC(763) DefNew: 567601K->7719K(629120K)
[1157.986s][info][gc,heap        ] GC(763) Tenured: 54324K->54324K(1398144K)
[1157.986s][info][gc,metaspace   ] GC(763) Metaspace: 91472K(97968K)->91472K(97968K) NonClass: 79890K(83376K)->79890K(83376K) Class: 11582K(14592K)->11582K(14592K)
[1157.986s][info][gc             ] GC(763) Pause Young (GCLocker Initiated GC) 607M->60M(1979M) 7.874ms
[1157.986s][info][gc,cpu         ] GC(763) User=0.00s Sys=0.00s Real=0.01s
[1160.004s][info][gc,start       ] GC(764) Pause Young (Allocation Failure)
[1160.010s][info][gc,heap        ] GC(764) DefNew: 565283K->6156K(629120K)
[1160.010s][info][gc,heap        ] GC(764) Tenured: 54324K->54788K(1398144K)
[1160.010s][info][gc,metaspace   ] GC(764) Metaspace: 91472K(97968K)->91472K(97968K) NonClass: 79890K(83376K)->79890K(83376K) Class: 11582K(14592K)->11582K(14592K)
[1160.010s][info][gc             ] GC(764) Pause Young (Allocation Failure) 605M->59M(1979M) 6.756ms
[1160.010s][info][gc,cpu         ] GC(764) User=0.00s Sys=0.00s Real=0.01s
[1161.848s][info][gc,start       ] GC(765) Pause Young (Allocation Failure)
[1161.858s][info][gc,heap        ] GC(765) DefNew: 565388K->10674K(629120K)
[1161.858s][info][gc,heap        ] GC(765) Tenured: 54788K->54978K(1398144K)
[1161.858s][info][gc,metaspace   ] GC(765) Metaspace: 91472K(97968K)->91472K(97968K) NonClass: 79890K(83376K)->79890K(83376K) Class: 11582K(14592K)->11582K(14592K)
[1161.858s][info][gc             ] GC(765) Pause Young (Allocation Failure) 605M->64M(1979M) 9.945ms
[1161.858s][info][gc,cpu         ] GC(765) User=0.00s Sys=0.00s Real=0.01s
[1162.500s][info][gc,start       ] GC(766) Pause Young (Allocation Failure)
[1162.508s][info][gc,heap        ] GC(766) DefNew: 565878K->17195K(629120K)
[1162.508s][info][gc,heap        ] GC(766) Tenured: 54978K->55163K(1398144K)
[1162.508s][info][gc,metaspace   ] GC(766) Metaspace: 91472K(97968K)->91472K(97968K) NonClass: 79890K(83376K)->79890K(83376K) Class: 11582K(14592K)->11582K(14592K)
[1162.508s][info][gc             ] GC(766) Pause Young (Allocation Failure) 606M->70M(1979M) 8.391ms
[1162.508s][info][gc,cpu         ] GC(766) User=0.00s Sys=0.00s Real=0.01s
[1163.854s][info][gc,start       ] GC(767) Pause Young (Allocation Failure)
[1163.861s][info][gc,heap        ] GC(767) DefNew: 576427K->8326K(629120K)
[1163.861s][info][gc,heap        ] GC(767) Tenured: 55163K->55313K(1398144K)
[1163.861s][info][gc,metaspace   ] GC(767) Metaspace: 91472K(97968K)->91472K(97968K) NonClass: 79890K(83376K)->79890K(83376K) Class: 11582K(14592K)->11582K(14592K)
[1163.861s][info][gc             ] GC(767) Pause Young (Allocation Failure) 616M->62M(1979M) 7.609ms
[1163.861s][info][gc,cpu         ] GC(767) User=0.00s Sys=0.00s Real=0.01s
[1165.760s][info][gc,start       ] GC(768) Pause Young (Allocation Failure)
[1165.769s][info][gc,heap        ] GC(768) DefNew: 567558K->7773K(629120K)
[1165.769s][info][gc,heap        ] GC(768) Tenured: 55313K->55380K(1398144K)
[1165.769s][info][gc,metaspace   ] GC(768) Metaspace: 91472K(97968K)->91472K(97968K) NonClass: 79890K(83376K)->79890K(83376K) Class: 11582K(14592K)->11582K(14592K)
[1165.769s][info][gc             ] GC(768) Pause Young (Allocation Failure) 608M->61M(1979M) 8.581ms
[1165.769s][info][gc,cpu         ] GC(768) User=0.00s Sys=0.00s Real=0.01s
[1166.318s][info][gc,start       ] GC(769) Pause Young (Allocation Failure)
[1166.325s][info][gc,heap        ] GC(769) DefNew: 564097K->17658K(629120K)
[1166.325s][info][gc,heap        ] GC(769) Tenured: 55380K->55573K(1398144K)
[1166.325s][info][gc,metaspace   ] GC(769) Metaspace: 91472K(97968K)->91472K(97968K) NonClass: 79890K(83376K)->79890K(83376K) Class: 11582K(14592K)->11582K(14592K)
[1166.325s][info][gc             ] GC(769) Pause Young (Allocation Failure) 604M->71M(1979M) 7.860ms
[1166.326s][info][gc,cpu         ] GC(769) User=0.00s Sys=0.00s Real=0.01s
[1167.884s][info][gc,start       ] GC(770) Pause Young (Allocation Failure)
[1167.890s][info][gc,heap        ] GC(770) DefNew: 574597K->5676K(629120K)
[1167.890s][info][gc,heap        ] GC(770) Tenured: 55573K->55710K(1398144K)
[1167.890s][info][gc,metaspace   ] GC(770) Metaspace: 91472K(97968K)->91472K(97968K) NonClass: 79890K(83376K)->79890K(83376K) Class: 11582K(14592K)->11582K(14592K)
[1167.890s][info][gc             ] GC(770) Pause Young (Allocation Failure) 615M->59M(1979M) 6.071ms
[1167.890s][info][gc,cpu         ] GC(770) User=0.00s Sys=0.00s Real=0.01s
[1169.793s][info][gc,start       ] GC(771) Pause Young (Allocation Failure)
[1169.802s][info][gc,heap        ] GC(771) DefNew: 564908K->8116K(629120K)
[1169.802s][info][gc,heap        ] GC(771) Tenured: 55710K->55876K(1398144K)
[1169.802s][info][gc,metaspace   ] GC(771) Metaspace: 91472K(97968K)->91472K(97968K) NonClass: 79890K(83376K)->79890K(83376K) Class: 11582K(14592K)->11582K(14592K)
[1169.802s][info][gc             ] GC(771) Pause Young (Allocation Failure) 606M->62M(1979M) 8.356ms
[1169.802s][info][gc,cpu         ] GC(771) User=0.00s Sys=0.00s Real=0.01s
[1170.249s][info][gc,start       ] GC(772) Pause Young (Allocation Failure)
[1170.256s][info][gc,heap        ] GC(772) DefNew: 566612K->9490K(629120K)
[1170.256s][info][gc,heap        ] GC(772) Tenured: 55876K->55992K(1398144K)
[1170.256s][info][gc,metaspace   ] GC(772) Metaspace: 91472K(97968K)->91472K(97968K) NonClass: 79890K(83376K)->79890K(83376K) Class: 11582K(14592K)->11582K(14592K)
[1170.256s][info][gc             ] GC(772) Pause Young (Allocation Failure) 607M->63M(1979M) 6.863ms
[1170.256s][info][gc,cpu         ] GC(772) User=0.00s Sys=0.00s Real=0.01s
[1171.790s][info][gc,start       ] GC(773) Pause Young (Allocation Failure)
[1171.797s][info][gc,heap        ] GC(773) DefNew: 568722K->7928K(629120K)
[1171.798s][info][gc,heap        ] GC(773) Tenured: 55992K->56106K(1398144K)
[1171.798s][info][gc,metaspace   ] GC(773) Metaspace: 91472K(97968K)->91472K(97968K) NonClass: 79890K(83376K)->79890K(83376K) Class: 11582K(14592K)->11582K(14592K)
[1171.798s][info][gc             ] GC(773) Pause Young (Allocation Failure) 610M->62M(1979M) 7.753ms
[1171.798s][info][gc,cpu         ] GC(773) User=0.00s Sys=0.00s Real=0.01s
[1173.536s][info][gc,start       ] GC(774) Pause Young (Allocation Failure)
[1173.545s][info][gc,heap        ] GC(774) DefNew: 567160K->8342K(629120K)
[1173.545s][info][gc,heap        ] GC(774) Tenured: 56106K->56261K(1398144K)
[1173.545s][info][gc,metaspace   ] GC(774) Metaspace: 91479K(97968K)->91479K(97968K) NonClass: 79897K(83376K)->79897K(83376K) Class: 11582K(14592K)->11582K(14592K)
[1173.545s][info][gc             ] GC(774) Pause Young (Allocation Failure) 608M->63M(1979M) 8.927ms
[1173.545s][info][gc,cpu         ] GC(774) User=0.00s Sys=0.00s Real=0.01s
[1174.011s][info][gc,start       ] GC(775) Pause Young (Allocation Failure)
[1174.019s][info][gc,heap        ] GC(775) DefNew: 563661K->8647K(629120K)
[1174.019s][info][gc,heap        ] GC(775) Tenured: 56261K->56449K(1398144K)
[1174.019s][info][gc,metaspace   ] GC(775) Metaspace: 91479K(97968K)->91479K(97968K) NonClass: 79897K(83376K)->79897K(83376K) Class: 11582K(14592K)->11582K(14592K)
[1174.019s][info][gc             ] GC(775) Pause Young (Allocation Failure) 605M->63M(1979M) 7.770ms
[1174.019s][info][gc,cpu         ] GC(775) User=0.00s Sys=0.00s Real=0.01s
[1175.682s][info][gc,start       ] GC(776) Pause Young (Allocation Failure)
[1175.688s][info][gc,heap        ] GC(776) DefNew: 567525K->5565K(629120K)
[1175.688s][info][gc,heap        ] GC(776) Tenured: 56449K->56566K(1398144K)
[1175.688s][info][gc,metaspace   ] GC(776) Metaspace: 91479K(97968K)->91479K(97968K) NonClass: 79897K(83376K)->79897K(83376K) Class: 11582K(14592K)->11582K(14592K)
[1175.688s][info][gc             ] GC(776) Pause Young (Allocation Failure) 609M->60M(1979M) 6.216ms
[1175.688s][info][gc,cpu         ] GC(776) User=0.00s Sys=0.00s Real=0.01s
[1177.546s][info][gc,start       ] GC(777) Pause Young (Allocation Failure)
[1177.556s][info][gc,heap        ] GC(777) DefNew: 564797K->8608K(629120K)
[1177.556s][info][gc,heap        ] GC(777) Tenured: 56566K->56649K(1398144K)
[1177.556s][info][gc,metaspace   ] GC(777) Metaspace: 91479K(97968K)->91479K(97968K) NonClass: 79897K(83376K)->79897K(83376K) Class: 11582K(14592K)->11582K(14592K)
[1177.556s][info][gc             ] GC(777) Pause Young (Allocation Failure) 606M->63M(1979M) 10.263ms
[1177.556s][info][gc,cpu         ] GC(777) User=0.00s Sys=0.00s Real=0.01s
[1178.258s][info][gc,start       ] GC(778) Pause Young (Allocation Failure)
[1178.266s][info][gc,heap        ] GC(778) DefNew: 567840K->7493K(629120K)
[1178.266s][info][gc,heap        ] GC(778) Tenured: 56649K->56840K(1398144K)
[1178.266s][info][gc,metaspace   ] GC(778) Metaspace: 91481K(97968K)->91481K(97968K) NonClass: 79899K(83376K)->79899K(83376K) Class: 11582K(14592K)->11582K(14592K)
[1178.266s][info][gc             ] GC(778) Pause Young (Allocation Failure) 609M->62M(1979M) 8.353ms
[1178.266s][info][gc,cpu         ] GC(778) User=0.00s Sys=0.00s Real=0.01s
[1178.281s][info][gc,start       ] GC(779) Pause Full (System.gc())
[1178.286s][info][gc,phases,start] GC(779) Phase 1: Mark live objects
[1178.338s][info][gc,phases      ] GC(779) Phase 1: Mark live objects 51.904ms
[1178.338s][info][gc,phases,start] GC(779) Phase 2: Compute new object addresses
[1178.350s][info][gc,phases      ] GC(779) Phase 2: Compute new object addresses 12.005ms
[1178.350s][info][gc,phases,start] GC(779) Phase 3: Adjust pointers
[1178.383s][info][gc,phases      ] GC(779) Phase 3: Adjust pointers 32.849ms
[1178.383s][info][gc,phases,start] GC(779) Phase 4: Move objects
[1178.383s][info][gc,phases      ] GC(779) Phase 4: Move objects 0.674ms
[1178.384s][info][gc,heap        ] GC(779) DefNew: 27635K->0K(629120K)
[1178.384s][info][gc,heap        ] GC(779) Tenured: 56840K->59744K(1398144K)
[1178.384s][info][gc,metaspace   ] GC(779) Metaspace: 91481K(97968K)->91481K(97968K) NonClass: 79899K(83376K)->79899K(83376K) Class: 11582K(14592K)->11582K(14592K)
[1178.384s][info][gc             ] GC(779) Pause Full (System.gc()) 82M->58M(1979M) 102.821ms
[1178.384s][info][gc,cpu         ] GC(779) User=0.08s Sys=0.00s Real=0.10s
[1178.864s][info][gc,start       ] GC(780) Pause Young (Allocation Failure)
[1178.868s][info][gc,heap        ] GC(780) DefNew: 558954K->3115K(629120K)
[1178.868s][info][gc,heap        ] GC(780) Tenured: 59744K->59744K(1398144K)
[1178.868s][info][gc,metaspace   ] GC(780) Metaspace: 91482K(97968K)->91482K(97968K) NonClass: 79900K(83376K)->79900K(83376K) Class: 11582K(14592K)->11582K(14592K)
[1178.868s][info][gc             ] GC(780) Pause Young (Allocation Failure) 604M->61M(1979M) 3.360ms
[1178.868s][info][gc,cpu         ] GC(780) User=0.00s Sys=0.00s Real=0.00s
[1180.787s][info][gc,start       ] GC(781) Pause Young (Allocation Failure)
[1180.792s][info][gc,heap        ] GC(781) DefNew: 559608K->4463K(629120K)
[1180.792s][info][gc,heap        ] GC(781) Tenured: 59744K->59744K(1398144K)
[1180.792s][info][gc,metaspace   ] GC(781) Metaspace: 91482K(97968K)->91482K(97968K) NonClass: 79900K(83376K)->79900K(83376K) Class: 11582K(14592K)->11582K(14592K)
[1180.792s][info][gc             ] GC(781) Pause Young (Allocation Failure) 604M->62M(1979M) 5.027ms
[1180.792s][info][gc,cpu         ] GC(781) User=0.00s Sys=0.00s Real=0.01s
[1182.814s][info][gc,start       ] GC(782) Pause Young (Allocation Failure)
[1182.818s][info][gc,heap        ] GC(782) DefNew: 563389K->4878K(629120K)
[1182.819s][info][gc,heap        ] GC(782) Tenured: 59744K->59744K(1398144K)
[1182.819s][info][gc,metaspace   ] GC(782) Metaspace: 91482K(97968K)->91482K(97968K) NonClass: 79900K(83376K)->79900K(83376K) Class: 11582K(14592K)->11582K(14592K)
[1182.819s][info][gc             ] GC(782) Pause Young (Allocation Failure) 608M->63M(1979M) 5.018ms
[1182.819s][info][gc,cpu         ] GC(782) User=0.00s Sys=0.00s Real=0.00s
[1184.545s][info][gc,start       ] GC(783) Pause Young (Allocation Failure)
[1184.555s][info][gc,heap        ] GC(783) DefNew: 564110K->7395K(629120K)
[1184.555s][info][gc,heap        ] GC(783) Tenured: 59744K->59744K(1398144K)
[1184.555s][info][gc,metaspace   ] GC(783) Metaspace: 91482K(97968K)->91482K(97968K) NonClass: 79900K(83376K)->79900K(83376K) Class: 11582K(14592K)->11582K(14592K)
[1184.555s][info][gc             ] GC(783) Pause Young (Allocation Failure) 609M->65M(1979M) 9.885ms
[1184.555s][info][gc,cpu         ] GC(783) User=0.00s Sys=0.00s Real=0.01s
[1185.038s][info][gc,start       ] GC(784) Pause Young (Allocation Failure)
[1185.045s][info][gc,heap        ] GC(784) DefNew: 566132K->12325K(629120K)
[1185.045s][info][gc,heap        ] GC(784) Tenured: 59744K->59744K(1398144K)
[1185.045s][info][gc,metaspace   ] GC(784) Metaspace: 91482K(97968K)->91482K(97968K) NonClass: 79900K(83376K)->79900K(83376K) Class: 11582K(14592K)->11582K(14592K)
[1185.045s][info][gc             ] GC(784) Pause Young (Allocation Failure) 611M->70M(1979M) 6.329ms
[1185.045s][info][gc,cpu         ] GC(784) User=0.00s Sys=0.00s Real=0.01s
[1186.502s][info][gc,start       ] GC(785) Pause Young (Allocation Failure)
[1186.509s][info][gc,heap        ] GC(785) DefNew: 571557K->6181K(629120K)
[1186.509s][info][gc,heap        ] GC(785) Tenured: 59744K->59744K(1398144K)
[1186.509s][info][gc,metaspace   ] GC(785) Metaspace: 91482K(97968K)->91482K(97968K) NonClass: 79900K(83376K)->79900K(83376K) Class: 11582K(14592K)->11582K(14592K)
[1186.509s][info][gc             ] GC(785) Pause Young (Allocation Failure) 616M->64M(1979M) 6.643ms
[1186.509s][info][gc,cpu         ] GC(785) User=0.00s Sys=0.00s Real=0.01s
[1188.504s][info][gc,start       ] GC(786) Pause Young (Allocation Failure)
[1188.509s][info][gc,heap        ] GC(786) DefNew: 565413K->5388K(629120K)
[1188.509s][info][gc,heap        ] GC(786) Tenured: 59744K->59744K(1398144K)
[1188.509s][info][gc,metaspace   ] GC(786) Metaspace: 91482K(97968K)->91482K(97968K) NonClass: 79900K(83376K)->79900K(83376K) Class: 11582K(14592K)->11582K(14592K)
[1188.509s][info][gc             ] GC(786) Pause Young (Allocation Failure) 610M->63M(1979M) 5.241ms
[1188.509s][info][gc,cpu         ] GC(786) User=0.00s Sys=0.00s Real=0.01s
[1191.007s][info][gc,start       ] GC(787) Pause Young (Allocation Failure)
[1191.013s][info][gc,heap        ] GC(787) DefNew: 564620K->5660K(629120K)
[1191.013s][info][gc,heap        ] GC(787) Tenured: 59744K->59744K(1398144K)
[1191.013s][info][gc,metaspace   ] GC(787) Metaspace: 91482K(97968K)->91482K(97968K) NonClass: 79900K(83376K)->79900K(83376K) Class: 11582K(14592K)->11582K(14592K)
[1191.013s][info][gc             ] GC(787) Pause Young (Allocation Failure) 609M->63M(1979M) 6.168ms
[1191.013s][info][gc,cpu         ] GC(787) User=0.00s Sys=0.00s Real=0.01s
[1191.627s][info][gc,start       ] GC(788) Pause Young (Allocation Failure)
[1191.636s][info][gc,heap        ] GC(788) DefNew: 564892K->20791K(629120K)
[1191.636s][info][gc,heap        ] GC(788) Tenured: 59744K->59744K(1398144K)
[1191.636s][info][gc,metaspace   ] GC(788) Metaspace: 91482K(97968K)->91482K(97968K) NonClass: 79900K(83376K)->79900K(83376K) Class: 11582K(14592K)->11582K(14592K)
[1191.636s][info][gc             ] GC(788) Pause Young (Allocation Failure) 609M->78M(1979M) 8.927ms
[1191.636s][info][gc,cpu         ] GC(788) User=0.00s Sys=0.00s Real=0.01s
[1192.361s][info][gc,start       ] GC(789) Pause Young (Allocation Failure)
[1192.367s][info][gc,heap        ] GC(789) DefNew: 579313K->5211K(629120K)
[1192.367s][info][gc,heap        ] GC(789) Tenured: 59744K->59744K(1398144K)
[1192.367s][info][gc,metaspace   ] GC(789) Metaspace: 91482K(97968K)->91482K(97968K) NonClass: 79900K(83376K)->79900K(83376K) Class: 11582K(14592K)->11582K(14592K)
[1192.367s][info][gc             ] GC(789) Pause Young (Allocation Failure) 624M->63M(1979M) 6.042ms
[1192.367s][info][gc,cpu         ] GC(789) User=0.00s Sys=0.00s Real=0.01s
[1194.840s][info][gc,start       ] GC(790) Pause Young (Allocation Failure)
[1194.846s][info][gc,heap        ] GC(790) DefNew: 564443K->6627K(629120K)
[1194.846s][info][gc,heap        ] GC(790) Tenured: 59744K->59744K(1398144K)
[1194.846s][info][gc,metaspace   ] GC(790) Metaspace: 91482K(97968K)->91482K(97968K) NonClass: 79900K(83376K)->79900K(83376K) Class: 11582K(14592K)->11582K(14592K)
[1194.846s][info][gc             ] GC(790) Pause Young (Allocation Failure) 609M->64M(1979M) 6.229ms
[1194.846s][info][gc,cpu         ] GC(790) User=0.00s Sys=0.00s Real=0.01s
[1196.839s][info][gc,start       ] GC(791) Pause Young (Allocation Failure)
[1196.845s][info][gc,heap        ] GC(791) DefNew: 565222K->6277K(629120K)
[1196.845s][info][gc,heap        ] GC(791) Tenured: 59744K->59744K(1398144K)
[1196.845s][info][gc,metaspace   ] GC(791) Metaspace: 91482K(97968K)->91482K(97968K) NonClass: 79900K(83376K)->79900K(83376K) Class: 11582K(14592K)->11582K(14592K)
[1196.845s][info][gc             ] GC(791) Pause Young (Allocation Failure) 610M->64M(1979M) 6.561ms
[1196.845s][info][gc,cpu         ] GC(791) User=0.00s Sys=0.00s Real=0.01s
[1198.139s][info][gc,start       ] GC(792) Pause Young (Allocation Failure)
[1198.157s][info][gc,heap        ] GC(792) DefNew: 565509K->11737K(629120K)
[1198.157s][info][gc,heap        ] GC(792) Tenured: 59744K->59744K(1398144K)
[1198.157s][info][gc,metaspace   ] GC(792) Metaspace: 91482K(97968K)->91482K(97968K) NonClass: 79900K(83376K)->79900K(83376K) Class: 11582K(14592K)->11582K(14592K)
[1198.157s][info][gc             ] GC(792) Pause Young (Allocation Failure) 610M->69M(1979M) 18.058ms
[1198.157s][info][gc,cpu         ] GC(792) User=0.00s Sys=0.00s Real=0.02s
[1198.602s][info][gc,start       ] GC(793) Pause Young (Allocation Failure)
[1198.609s][info][gc,heap        ] GC(793) DefNew: 570347K->8829K(629120K)
[1198.609s][info][gc,heap        ] GC(793) Tenured: 59744K->59744K(1398144K)
[1198.609s][info][gc,metaspace   ] GC(793) Metaspace: 91482K(97968K)->91482K(97968K) NonClass: 79900K(83376K)->79900K(83376K) Class: 11582K(14592K)->11582K(14592K)
[1198.609s][info][gc             ] GC(793) Pause Young (Allocation Failure) 615M->66M(1979M) 7.049ms
[1198.609s][info][gc,cpu         ] GC(793) User=0.00s Sys=0.00s Real=0.01s
[1200.570s][info][gc,start       ] GC(794) Pause Young (Allocation Failure)
[1200.577s][info][gc,heap        ] GC(794) DefNew: 568061K->6805K(629120K)
[1200.577s][info][gc,heap        ] GC(794) Tenured: 59744K->59744K(1398144K)
[1200.577s][info][gc,metaspace   ] GC(794) Metaspace: 91482K(97968K)->91482K(97968K) NonClass: 79900K(83376K)->79900K(83376K) Class: 11582K(14592K)->11582K(14592K)
[1200.577s][info][gc             ] GC(794) Pause Young (Allocation Failure) 613M->64M(1979M) 7.920ms
[1200.577s][info][gc,cpu         ] GC(794) User=0.00s Sys=0.00s Real=0.01s
[1202.557s][info][gc,start       ] GC(795) Pause Young (Allocation Failure)
[1202.565s][info][gc,heap        ] GC(795) DefNew: 565619K->6508K(629120K)
[1202.565s][info][gc,heap        ] GC(795) Tenured: 59744K->60275K(1398144K)
[1202.565s][info][gc,metaspace   ] GC(795) Metaspace: 91482K(97968K)->91482K(97968K) NonClass: 79900K(83376K)->79900K(83376K) Class: 11582K(14592K)->11582K(14592K)
[1202.565s][info][gc             ] GC(795) Pause Young (Allocation Failure) 610M->65M(1979M) 7.662ms
[1202.565s][info][gc,cpu         ] GC(795) User=0.00s Sys=0.00s Real=0.01s
[1204.436s][info][gc,start       ] GC(796) Pause Young (Allocation Failure)
[1204.445s][info][gc,heap        ] GC(796) DefNew: 565740K->8496K(629120K)
[1204.445s][info][gc,heap        ] GC(796) Tenured: 60275K->60467K(1398144K)
[1204.445s][info][gc,metaspace   ] GC(796) Metaspace: 91482K(97968K)->91482K(97968K) NonClass: 79900K(83376K)->79900K(83376K) Class: 11582K(14592K)->11582K(14592K)
[1204.445s][info][gc             ] GC(796) Pause Young (Allocation Failure) 611M->67M(1979M) 9.589ms
[1204.445s][info][gc,cpu         ] GC(796) User=0.02s Sys=0.00s Real=0.01s
[1205.053s][info][gc,start       ] GC(797) Pause Young (Allocation Failure)
[1205.062s][info][gc,heap        ] GC(797) DefNew: 567728K->25601K(629120K)
[1205.062s][info][gc,heap        ] GC(797) Tenured: 60467K->60671K(1398144K)
[1205.062s][info][gc,metaspace   ] GC(797) Metaspace: 91482K(97968K)->91482K(97968K) NonClass: 79900K(83376K)->79900K(83376K) Class: 11582K(14592K)->11582K(14592K)
[1205.062s][info][gc             ] GC(797) Pause Young (Allocation Failure) 613M->84M(1979M) 9.131ms
[1205.062s][info][gc,cpu         ] GC(797) User=0.00s Sys=0.00s Real=0.01s
[1206.488s][info][gc,start       ] GC(798) Pause Young (Allocation Failure)
[1206.496s][info][gc,heap        ] GC(798) DefNew: 584833K->9463K(629120K)
[1206.496s][info][gc,heap        ] GC(798) Tenured: 60671K->60818K(1398144K)
[1206.496s][info][gc,metaspace   ] GC(798) Metaspace: 91482K(97968K)->91482K(97968K) NonClass: 79900K(83376K)->79900K(83376K) Class: 11582K(14592K)->11582K(14592K)
[1206.496s][info][gc             ] GC(798) Pause Young (Allocation Failure) 630M->68M(1979M) 8.356ms
[1206.496s][info][gc,cpu         ] GC(798) User=0.02s Sys=0.00s Real=0.01s
[1208.436s][info][gc,start       ] GC(799) Pause Young (Allocation Failure)
[1208.444s][info][gc,heap        ] GC(799) DefNew: 568652K->7776K(629120K)
[1208.444s][info][gc,heap        ] GC(799) Tenured: 60818K->60883K(1398144K)
[1208.444s][info][gc,metaspace   ] GC(799) Metaspace: 91482K(97968K)->91482K(97968K) NonClass: 79900K(83376K)->79900K(83376K) Class: 11582K(14592K)->11582K(14592K)
[1208.444s][info][gc             ] GC(799) Pause Young (Allocation Failure) 614M->67M(1979M) 8.278ms
[1208.444s][info][gc,cpu         ] GC(799) User=0.00s Sys=0.00s Real=0.01s
[1208.954s][info][gc,start       ] GC(800) Pause Young (Allocation Failure)
[1208.961s][info][gc,heap        ] GC(800) DefNew: 563627K->8457K(629120K)
[1208.961s][info][gc,heap        ] GC(800) Tenured: 60883K->61064K(1398144K)
[1208.961s][info][gc,metaspace   ] GC(800) Metaspace: 91482K(97968K)->91482K(97968K) NonClass: 79900K(83376K)->79900K(83376K) Class: 11582K(14592K)->11582K(14592K)
[1208.961s][info][gc             ] GC(800) Pause Young (Allocation Failure) 609M->67M(1979M) 7.275ms
[1208.961s][info][gc,cpu         ] GC(800) User=0.00s Sys=0.00s Real=0.01s
[1210.481s][info][gc,start       ] GC(801) Pause Young (Allocation Failure)
[1210.487s][info][gc,heap        ] GC(801) DefNew: 567484K->5752K(629120K)
[1210.487s][info][gc,heap        ] GC(801) Tenured: 61064K->61201K(1398144K)
[1210.487s][info][gc,metaspace   ] GC(801) Metaspace: 91482K(97968K)->91482K(97968K) NonClass: 79900K(83376K)->79900K(83376K) Class: 11582K(14592K)->11582K(14592K)
[1210.487s][info][gc             ] GC(801) Pause Young (Allocation Failure) 613M->65M(1979M) 6.404ms
[1210.487s][info][gc,cpu         ] GC(801) User=0.00s Sys=0.00s Real=0.01s
[1212.339s][info][gc,start       ] GC(802) Pause Young (Allocation Failure)
[1212.348s][info][gc,heap        ] GC(802) DefNew: 564984K->8026K(629120K)
[1212.348s][info][gc,heap        ] GC(802) Tenured: 61201K->61364K(1398144K)
[1212.348s][info][gc,metaspace   ] GC(802) Metaspace: 91488K(97968K)->91488K(97968K) NonClass: 79905K(83376K)->79905K(83376K) Class: 11582K(14592K)->11582K(14592K)
[1212.348s][info][gc             ] GC(802) Pause Young (Allocation Failure) 611M->67M(1979M) 8.662ms
[1212.348s][info][gc,cpu         ] GC(802) User=0.00s Sys=0.00s Real=0.01s
[1212.797s][info][gc,start       ] GC(803) Pause Young (Allocation Failure)
[1212.805s][info][gc,heap        ] GC(803) DefNew: 563450K->8736K(629120K)
[1212.805s][info][gc,heap        ] GC(803) Tenured: 61364K->61480K(1398144K)
[1212.805s][info][gc,metaspace   ] GC(803) Metaspace: 91488K(97968K)->91488K(97968K) NonClass: 79905K(83376K)->79905K(83376K) Class: 11582K(14592K)->11582K(14592K)
[1212.805s][info][gc             ] GC(803) Pause Young (Allocation Failure) 610M->68M(1979M) 7.197ms
[1212.805s][info][gc,cpu         ] GC(803) User=0.00s Sys=0.00s Real=0.01s
[1214.292s][info][gc,start       ] GC(804) Pause Young (Allocation Failure)
[1214.300s][info][gc,heap        ] GC(804) DefNew: 567968K->7908K(629120K)
[1214.300s][info][gc,heap        ] GC(804) Tenured: 61480K->61637K(1398144K)
[1214.300s][info][gc,metaspace   ] GC(804) Metaspace: 91488K(97968K)->91488K(97968K) NonClass: 79905K(83376K)->79905K(83376K) Class: 11582K(14592K)->11582K(14592K)
[1214.300s][info][gc             ] GC(804) Pause Young (Allocation Failure) 614M->67M(1979M) 7.959ms
[1214.300s][info][gc,cpu         ] GC(804) User=0.00s Sys=0.00s Real=0.01s
[1216.059s][info][gc,start       ] GC(805) Pause Young (Allocation Failure)
[1216.068s][info][gc,heap        ] GC(805) DefNew: 567140K->8538K(629120K)
[1216.068s][info][gc,heap        ] GC(805) Tenured: 61637K->61754K(1398144K)
[1216.068s][info][gc,metaspace   ] GC(805) Metaspace: 91488K(97968K)->91488K(97968K) NonClass: 79905K(83376K)->79905K(83376K) Class: 11582K(14592K)->11582K(14592K)
[1216.068s][info][gc             ] GC(805) Pause Young (Allocation Failure) 614M->68M(1979M) 9.348ms
[1216.068s][info][gc,cpu         ] GC(805) User=0.00s Sys=0.00s Real=0.01s
[1216.550s][info][gc,start       ] GC(806) Pause Young (Allocation Failure)
[1216.557s][info][gc,heap        ] GC(806) DefNew: 566010K->9377K(629120K)
[1216.557s][info][gc,heap        ] GC(806) Tenured: 61754K->61938K(1398144K)
[1216.557s][info][gc,metaspace   ] GC(806) Metaspace: 91488K(97968K)->91488K(97968K) NonClass: 79905K(83376K)->79905K(83376K) Class: 11582K(14592K)->11582K(14592K)
[1216.557s][info][gc             ] GC(806) Pause Young (Allocation Failure) 613M->69M(1979M) 7.497ms
[1216.557s][info][gc,cpu         ] GC(806) User=0.00s Sys=0.00s Real=0.01s
[1218.055s][info][gc,start       ] GC(807) Pause Young (Allocation Failure)
[1218.062s][info][gc,heap        ] GC(807) DefNew: 568609K->5973K(629120K)
[1218.062s][info][gc,heap        ] GC(807) Tenured: 61938K->62058K(1398144K)
[1218.062s][info][gc,metaspace   ] GC(807) Metaspace: 91488K(97968K)->91488K(97968K) NonClass: 79905K(83376K)->79905K(83376K) Class: 11582K(14592K)->11582K(14592K)
[1218.062s][info][gc             ] GC(807) Pause Young (Allocation Failure) 615M->66M(1979M) 6.970ms
[1218.062s][info][gc,cpu         ] GC(807) User=0.00s Sys=0.00s Real=0.01s
[1219.925s][info][gc,start       ] GC(808) Pause Young (Allocation Failure)
[1219.935s][info][gc,heap        ] GC(808) DefNew: 564985K->8630K(629120K)
[1219.935s][info][gc,heap        ] GC(808) Tenured: 62058K->62141K(1398144K)
[1219.935s][info][gc,metaspace   ] GC(808) Metaspace: 91488K(97968K)->91488K(97968K) NonClass: 79905K(83376K)->79905K(83376K) Class: 11582K(14592K)->11582K(14592K)
[1219.935s][info][gc             ] GC(808) Pause Young (Allocation Failure) 612M->69M(1979M) 10.785ms
[1219.935s][info][gc,cpu         ] GC(808) User=0.00s Sys=0.00s Real=0.01s
[1220.635s][info][gc,start       ] GC(809) Pause Young (Allocation Failure)
[1220.643s][info][gc,heap        ] GC(809) DefNew: 567862K->7515K(629120K)
[1220.643s][info][gc,heap        ] GC(809) Tenured: 62141K->62338K(1398144K)
[1220.643s][info][gc,metaspace   ] GC(809) Metaspace: 91491K(97968K)->91491K(97968K) NonClass: 79909K(83376K)->79909K(83376K) Class: 11582K(14592K)->11582K(14592K)
[1220.643s][info][gc             ] GC(809) Pause Young (Allocation Failure) 615M->68M(1979M) 8.382ms
[1220.643s][info][gc,cpu         ] GC(809) User=0.00s Sys=0.00s Real=0.01s
[1220.656s][info][gc,start       ] GC(810) Pause Full (System.gc())
[1220.659s][info][gc,phases,start] GC(810) Phase 1: Mark live objects
[1220.711s][info][gc,phases      ] GC(810) Phase 1: Mark live objects 52.958ms
[1220.712s][info][gc,phases,start] GC(810) Phase 2: Compute new object addresses
[1220.724s][info][gc,phases      ] GC(810) Phase 2: Compute new object addresses 12.790ms
[1220.724s][info][gc,phases,start] GC(810) Phase 3: Adjust pointers
[1220.756s][info][gc,phases      ] GC(810) Phase 3: Adjust pointers 31.277ms
[1220.756s][info][gc,phases,start] GC(810) Phase 4: Move objects
[1220.756s][info][gc,phases      ] GC(810) Phase 4: Move objects 0.562ms
[1220.757s][info][gc,heap        ] GC(810) DefNew: 31062K->0K(629120K)
[1220.757s][info][gc,heap        ] GC(810) Tenured: 62338K->64973K(1398144K)
[1220.757s][info][gc,metaspace   ] GC(810) Metaspace: 91491K(97968K)->91491K(97968K) NonClass: 79909K(83376K)->79909K(83376K) Class: 11582K(14592K)->11582K(14592K)
[1220.757s][info][gc             ] GC(810) Pause Full (System.gc()) 91M->63M(1979M) 100.804ms
[1220.757s][info][gc,cpu         ] GC(810) User=0.11s Sys=0.00s Real=0.10s
[1221.238s][info][gc,start       ] GC(811) Pause Young (Allocation Failure)
[1221.241s][info][gc,heap        ] GC(811) DefNew: 557760K->3058K(629120K)
[1221.241s][info][gc,heap        ] GC(811) Tenured: 64973K->64973K(1398144K)
[1221.241s][info][gc,metaspace   ] GC(811) Metaspace: 91491K(97968K)->91491K(97968K) NonClass: 79909K(83376K)->79909K(83376K) Class: 11582K(14592K)->11582K(14592K)
[1221.241s][info][gc             ] GC(811) Pause Young (Allocation Failure) 608M->66M(1979M) 3.349ms
[1221.241s][info][gc,cpu         ] GC(811) User=0.00s Sys=0.00s Real=0.00s
[1223.292s][info][gc,start       ] GC(812) Pause Young (Allocation Failure)
[1223.297s][info][gc,heap        ] GC(812) DefNew: 558817K->4406K(629120K)
[1223.297s][info][gc,heap        ] GC(812) Tenured: 64973K->64973K(1398144K)
[1223.297s][info][gc,metaspace   ] GC(812) Metaspace: 91491K(97968K)->91491K(97968K) NonClass: 79909K(83376K)->79909K(83376K) Class: 11582K(14592K)->11582K(14592K)
[1223.297s][info][gc             ] GC(812) Pause Young (Allocation Failure) 609M->67M(1979M) 4.690ms
[1223.297s][info][gc,cpu         ] GC(812) User=0.00s Sys=0.00s Real=0.00s
[1225.271s][info][gc,start       ] GC(813) Pause Young (Allocation Failure)
[1225.277s][info][gc,heap        ] GC(813) DefNew: 562844K->5030K(629120K)
[1225.277s][info][gc,heap        ] GC(813) Tenured: 64973K->64973K(1398144K)
[1225.277s][info][gc,metaspace   ] GC(813) Metaspace: 91491K(97968K)->91491K(97968K) NonClass: 79909K(83376K)->79909K(83376K) Class: 11582K(14592K)->11582K(14592K)
[1225.277s][info][gc             ] GC(813) Pause Young (Allocation Failure) 613M->68M(1979M) 6.166ms
[1225.277s][info][gc,cpu         ] GC(813) User=0.00s Sys=0.00s Real=0.01s
[1227.012s][info][gc,start       ] GC(814) Pause Young (Allocation Failure)
[1227.020s][info][gc,heap        ] GC(814) DefNew: 564262K->6837K(629120K)
[1227.020s][info][gc,heap        ] GC(814) Tenured: 64973K->64973K(1398144K)
[1227.020s][info][gc,metaspace   ] GC(814) Metaspace: 91491K(97968K)->91491K(97968K) NonClass: 79909K(83376K)->79909K(83376K) Class: 11582K(14592K)->11582K(14592K)
[1227.020s][info][gc             ] GC(814) Pause Young (Allocation Failure) 614M->70M(1979M) 8.155ms
[1227.020s][info][gc,cpu         ] GC(814) User=0.00s Sys=0.00s Real=0.01s
[1227.499s][info][gc,start       ] GC(815) Pause Young (Allocation Failure)
[1227.505s][info][gc,heap        ] GC(815) DefNew: 563305K->7666K(629120K)
[1227.505s][info][gc,heap        ] GC(815) Tenured: 64973K->64973K(1398144K)
[1227.505s][info][gc,metaspace   ] GC(815) Metaspace: 91491K(97968K)->91491K(97968K) NonClass: 79909K(83376K)->79909K(83376K) Class: 11582K(14592K)->11582K(14592K)
[1227.505s][info][gc             ] GC(815) Pause Young (Allocation Failure) 613M->70M(1979M) 5.963ms
[1227.505s][info][gc,cpu         ] GC(815) User=0.00s Sys=0.00s Real=0.01s
[1228.936s][info][gc,start       ] GC(816) Pause Young (Allocation Failure)
[1228.942s][info][gc,heap        ] GC(816) DefNew: 566898K->5963K(629120K)
[1228.943s][info][gc,heap        ] GC(816) Tenured: 64973K->64973K(1398144K)
[1228.943s][info][gc,metaspace   ] GC(816) Metaspace: 91491K(97968K)->91491K(97968K) NonClass: 79909K(83376K)->79909K(83376K) Class: 11582K(14592K)->11582K(14592K)
[1228.943s][info][gc             ] GC(816) Pause Young (Allocation Failure) 617M->69M(1979M) 6.559ms
[1228.943s][info][gc,cpu         ] GC(816) User=0.00s Sys=0.00s Real=0.01s
[1230.961s][info][gc,start       ] GC(817) Pause Young (Allocation Failure)
[1230.966s][info][gc,heap        ] GC(817) DefNew: 565195K->5491K(629120K)
[1230.966s][info][gc,heap        ] GC(817) Tenured: 64973K->64973K(1398144K)
[1230.966s][info][gc,metaspace   ] GC(817) Metaspace: 91491K(97968K)->91491K(97968K) NonClass: 79909K(83376K)->79909K(83376K) Class: 11582K(14592K)->11582K(14592K)
[1230.966s][info][gc             ] GC(817) Pause Young (Allocation Failure) 615M->68M(1979M) 5.591ms
[1230.966s][info][gc,cpu         ] GC(817) User=0.00s Sys=0.00s Real=0.01s
[1233.491s][info][gc,start       ] GC(818) Pause Young (Allocation Failure)
[1233.497s][info][gc,heap        ] GC(818) DefNew: 563805K->6379K(629120K)
[1233.497s][info][gc,heap        ] GC(818) Tenured: 64973K->64973K(1398144K)
[1233.497s][info][gc,metaspace   ] GC(818) Metaspace: 91492K(97968K)->91492K(97968K) NonClass: 79909K(83376K)->79909K(83376K) Class: 11582K(14592K)->11582K(14592K)
[1233.497s][info][gc             ] GC(818) Pause Young (Allocation Failure) 614M->69M(1979M) 6.933ms
[1233.498s][info][gc,cpu         ] GC(818) User=0.00s Sys=0.00s Real=0.01s
[1234.121s][info][gc,start       ] GC(819) Pause Young (Allocation Failure)
[1234.130s][info][gc,heap        ] GC(819) DefNew: 563357K->20730K(629120K)
[1234.130s][info][gc,heap        ] GC(819) Tenured: 64973K->64973K(1398144K)
[1234.130s][info][gc,metaspace   ] GC(819) Metaspace: 91492K(97968K)->91492K(97968K) NonClass: 79909K(83376K)->79909K(83376K) Class: 11582K(14592K)->11582K(14592K)
[1234.130s][info][gc             ] GC(819) Pause Young (Allocation Failure) 613M->83M(1979M) 8.703ms
[1234.130s][info][gc,cpu         ] GC(819) User=0.00s Sys=0.00s Real=0.01s
[1234.847s][info][gc,start       ] GC(820) Pause Young (Allocation Failure)
[1234.852s][info][gc,heap        ] GC(820) DefNew: 579962K->4871K(629120K)
[1234.852s][info][gc,heap        ] GC(820) Tenured: 64973K->64973K(1398144K)
[1234.852s][info][gc,metaspace   ] GC(820) Metaspace: 91492K(97968K)->91492K(97968K) NonClass: 79909K(83376K)->79909K(83376K) Class: 11582K(14592K)->11582K(14592K)
[1234.852s][info][gc             ] GC(820) Pause Young (Allocation Failure) 629M->68M(1979M) 5.230ms
[1234.852s][info][gc,cpu         ] GC(820) User=0.00s Sys=0.00s Real=0.01s
[1237.351s][info][gc,start       ] GC(821) Pause Young (Allocation Failure)
[1237.358s][info][gc,heap        ] GC(821) DefNew: 563831K->6292K(629120K)
[1237.358s][info][gc,heap        ] GC(821) Tenured: 64973K->64973K(1398144K)
[1237.358s][info][gc,metaspace   ] GC(821) Metaspace: 91492K(97968K)->91492K(97968K) NonClass: 79909K(83376K)->79909K(83376K) Class: 11582K(14592K)->11582K(14592K)
[1237.358s][info][gc             ] GC(821) Pause Young (Allocation Failure) 614M->69M(1979M) 6.205ms
[1237.358s][info][gc,cpu         ] GC(821) User=0.00s Sys=0.00s Real=0.01s
[1239.360s][info][gc,start       ] GC(822) Pause Young (Allocation Failure)
[1239.368s][info][gc,heap        ] GC(822) DefNew: 565524K->6654K(629120K)
[1239.368s][info][gc,heap        ] GC(822) Tenured: 64973K->64973K(1398144K)
[1239.368s][info][gc,metaspace   ] GC(822) Metaspace: 91492K(97968K)->91492K(97968K) NonClass: 79909K(83376K)->79909K(83376K) Class: 11582K(14592K)->11582K(14592K)
[1239.368s][info][gc             ] GC(822) Pause Young (Allocation Failure) 615M->69M(1979M) 7.758ms
[1239.368s][info][gc,cpu         ] GC(822) User=0.03s Sys=0.00s Real=0.01s
[1240.680s][info][gc,start       ] GC(823) Pause Young (Allocation Failure)
[1240.698s][info][gc,heap        ] GC(823) DefNew: 565886K->11596K(629120K)
[1240.698s][info][gc,heap        ] GC(823) Tenured: 64973K->64973K(1398144K)
[1240.698s][info][gc,metaspace   ] GC(823) Metaspace: 91492K(97968K)->91492K(97968K) NonClass: 79909K(83376K)->79909K(83376K) Class: 11582K(14592K)->11582K(14592K)
[1240.699s][info][gc             ] GC(823) Pause Young (Allocation Failure) 616M->74M(1979M) 18.171ms
[1240.699s][info][gc,cpu         ] GC(823) User=0.00s Sys=0.00s Real=0.02s
[1241.139s][info][gc,start       ] GC(824) Pause Young (Allocation Failure)
[1241.146s][info][gc,heap        ] GC(824) DefNew: 570828K->8583K(629120K)
[1241.146s][info][gc,heap        ] GC(824) Tenured: 64973K->64973K(1398144K)
[1241.146s][info][gc,metaspace   ] GC(824) Metaspace: 91492K(97968K)->91492K(97968K) NonClass: 79909K(83376K)->79909K(83376K) Class: 11582K(14592K)->11582K(14592K)
[1241.146s][info][gc             ] GC(824) Pause Young (Allocation Failure) 620M->71M(1979M) 7.029ms
[1241.146s][info][gc,cpu         ] GC(824) User=0.00s Sys=0.00s Real=0.01s
[1243.145s][info][gc,start       ] GC(825) Pause Young (Allocation Failure)
[1243.153s][info][gc,heap        ] GC(825) DefNew: 567815K->6917K(629120K)
[1243.153s][info][gc,heap        ] GC(825) Tenured: 64973K->64973K(1398144K)
[1243.153s][info][gc,metaspace   ] GC(825) Metaspace: 91492K(97968K)->91492K(97968K) NonClass: 79909K(83376K)->79909K(83376K) Class: 11582K(14592K)->11582K(14592K)
[1243.153s][info][gc             ] GC(825) Pause Young (Allocation Failure) 617M->70M(1979M) 8.050ms
[1243.153s][info][gc,cpu         ] GC(825) User=0.00s Sys=0.00s Real=0.01s
[1245.164s][info][gc,start       ] GC(826) Pause Young (Allocation Failure)
[1245.171s][info][gc,heap        ] GC(826) DefNew: 565891K->6218K(629120K)
[1245.171s][info][gc,heap        ] GC(826) Tenured: 64973K->65435K(1398144K)
[1245.171s][info][gc,metaspace   ] GC(826) Metaspace: 91492K(97968K)->91492K(97968K) NonClass: 79909K(83376K)->79909K(83376K) Class: 11582K(14592K)->11582K(14592K)
[1245.171s][info][gc             ] GC(826) Pause Young (Allocation Failure) 616M->69M(1979M) 6.822ms
[1245.171s][info][gc,cpu         ] GC(826) User=0.00s Sys=0.00s Real=0.01s
[1246.989s][info][gc,start       ] GC(827) Pause Young (Allocation Failure)
[1246.999s][info][gc,heap        ] GC(827) DefNew: 565450K->9528K(629120K)
[1246.999s][info][gc,heap        ] GC(827) Tenured: 65435K->65643K(1398144K)
[1246.999s][info][gc,metaspace   ] GC(827) Metaspace: 91492K(97968K)->91492K(97968K) NonClass: 79909K(83376K)->79909K(83376K) Class: 11582K(14592K)->11582K(14592K)
[1246.999s][info][gc             ] GC(827) Pause Young (Allocation Failure) 616M->73M(1979M) 9.931ms
[1246.999s][info][gc,cpu         ] GC(827) User=0.00s Sys=0.00s Real=0.01s
[1247.615s][info][gc,start       ] GC(828) Pause Young (Allocation Failure)
[1247.624s][info][gc,heap        ] GC(828) DefNew: 567260K->25728K(629120K)
[1247.624s][info][gc,heap        ] GC(828) Tenured: 65643K->65827K(1398144K)
[1247.624s][info][gc,metaspace   ] GC(828) Metaspace: 91492K(97968K)->91492K(97968K) NonClass: 79909K(83376K)->79909K(83376K) Class: 11582K(14592K)->11582K(14592K)
[1247.624s][info][gc             ] GC(828) Pause Young (Allocation Failure) 618M->89M(1979M) 9.152ms
[1247.624s][info][gc,cpu         ] GC(828) User=0.00s Sys=0.00s Real=0.01s
[1248.978s][info][gc,start       ] GC(829) Pause Young (Allocation Failure)
[1248.986s][info][gc,heap        ] GC(829) DefNew: 584960K->9193K(629120K)
[1248.986s][info][gc,heap        ] GC(829) Tenured: 65827K->65978K(1398144K)
[1248.986s][info][gc,metaspace   ] GC(829) Metaspace: 91492K(97968K)->91492K(97968K) NonClass: 79909K(83376K)->79909K(83376K) Class: 11582K(14592K)->11582K(14592K)
[1248.986s][info][gc             ] GC(829) Pause Young (Allocation Failure) 635M->73M(1979M) 7.893ms
[1248.986s][info][gc,cpu         ] GC(829) User=0.00s Sys=0.00s Real=0.01s
[1250.850s][info][gc,start       ] GC(830) Pause Young (Allocation Failure)
[1250.857s][info][gc,heap        ] GC(830) DefNew: 567843K->7715K(629120K)
[1250.857s][info][gc,heap        ] GC(830) Tenured: 65978K->66042K(1398144K)
[1250.857s][info][gc,metaspace   ] GC(830) Metaspace: 91492K(97968K)->91492K(97968K) NonClass: 79909K(83376K)->79909K(83376K) Class: 11582K(14592K)->11582K(14592K)
[1250.858s][info][gc             ] GC(830) Pause Young (Allocation Failure) 618M->72M(1979M) 8.003ms
[1250.858s][info][gc,cpu         ] GC(830) User=0.00s Sys=0.00s Real=0.01s
[1251.415s][info][gc,start       ] GC(831) Pause Young (Allocation Failure)
[1251.423s][info][gc,heap        ] GC(831) DefNew: 566532K->9075K(629120K)
[1251.423s][info][gc,heap        ] GC(831) Tenured: 66042K->66222K(1398144K)
[1251.423s][info][gc,metaspace   ] GC(831) Metaspace: 91492K(97968K)->91492K(97968K) NonClass: 79909K(83376K)->79909K(83376K) Class: 11582K(14592K)->11582K(14592K)
[1251.423s][info][gc             ] GC(831) Pause Young (Allocation Failure) 617M->73M(1979M) 7.625ms
[1251.423s][info][gc,cpu         ] GC(831) User=0.00s Sys=0.00s Real=0.01s
[1252.901s][info][gc,start       ] GC(832) Pause Young (Allocation Failure)
[1252.908s][info][gc,heap        ] GC(832) DefNew: 565614K->5610K(629120K)
[1252.908s][info][gc,heap        ] GC(832) Tenured: 66222K->66361K(1398144K)
[1252.908s][info][gc,metaspace   ] GC(832) Metaspace: 91492K(97968K)->91492K(97968K) NonClass: 79909K(83376K)->79909K(83376K) Class: 11582K(14592K)->11582K(14592K)
[1252.908s][info][gc             ] GC(832) Pause Young (Allocation Failure) 617M->70M(1979M) 6.274ms
[1252.908s][info][gc,cpu         ] GC(832) User=0.00s Sys=0.00s Real=0.01s
[1254.765s][info][gc,start       ] GC(833) Pause Young (Allocation Failure)
[1254.774s][info][gc,heap        ] GC(833) DefNew: 564842K->8174K(629120K)
[1254.775s][info][gc,heap        ] GC(833) Tenured: 66361K->66520K(1398144K)
[1254.775s][info][gc,metaspace   ] GC(833) Metaspace: 91492K(97968K)->91492K(97968K) NonClass: 79909K(83376K)->79909K(83376K) Class: 11582K(14592K)->11582K(14592K)
[1254.775s][info][gc             ] GC(833) Pause Young (Allocation Failure) 616M->72M(1979M) 10.014ms
[1254.775s][info][gc,cpu         ] GC(833) User=0.00s Sys=0.00s Real=0.01s
[1255.221s][info][gc,start       ] GC(834) Pause Young (Allocation Failure)
[1255.228s][info][gc,heap        ] GC(834) DefNew: 567406K->8684K(629120K)
[1255.228s][info][gc,heap        ] GC(834) Tenured: 66520K->66643K(1398144K)
[1255.228s][info][gc,metaspace   ] GC(834) Metaspace: 91492K(97968K)->91492K(97968K) NonClass: 79909K(83376K)->79909K(83376K) Class: 11582K(14592K)->11582K(14592K)
[1255.228s][info][gc             ] GC(834) Pause Young (Allocation Failure) 619M->73M(1979M) 7.299ms
[1255.228s][info][gc,cpu         ] GC(834) User=0.00s Sys=0.00s Real=0.01s
[1256.731s][info][gc,start       ] GC(835) Pause Young (Allocation Failure)
[1256.739s][info][gc,heap        ] GC(835) DefNew: 567916K->7626K(629120K)
[1256.739s][info][gc,heap        ] GC(835) Tenured: 66643K->66753K(1398144K)
[1256.739s][info][gc,metaspace   ] GC(835) Metaspace: 91492K(97968K)->91492K(97968K) NonClass: 79909K(83376K)->79909K(83376K) Class: 11582K(14592K)->11582K(14592K)
[1256.739s][info][gc             ] GC(835) Pause Young (Allocation Failure) 619M->72M(1979M) 7.594ms
[1256.739s][info][gc,cpu         ] GC(835) User=0.00s Sys=0.00s Real=0.01s
[1258.488s][info][gc,start       ] GC(836) Pause Young (Allocation Failure)
[1258.497s][info][gc,heap        ] GC(836) DefNew: 566858K->8539K(629120K)
[1258.497s][info][gc,heap        ] GC(836) Tenured: 66753K->66912K(1398144K)
[1258.497s][info][gc,metaspace   ] GC(836) Metaspace: 91492K(97968K)->91492K(97968K) NonClass: 79909K(83376K)->79909K(83376K) Class: 11582K(14592K)->11582K(14592K)
[1258.497s][info][gc             ] GC(836) Pause Young (Allocation Failure) 618M->73M(1979M) 9.234ms
[1258.497s][info][gc,cpu         ] GC(836) User=0.00s Sys=0.00s Real=0.01s
[1258.966s][info][gc,start       ] GC(837) Pause Young (Allocation Failure)
[1258.974s][info][gc,heap        ] GC(837) DefNew: 564401K->8838K(629120K)
[1258.974s][info][gc,heap        ] GC(837) Tenured: 66912K->67101K(1398144K)
[1258.974s][info][gc,metaspace   ] GC(837) Metaspace: 91492K(97968K)->91492K(97968K) NonClass: 79909K(83376K)->79909K(83376K) Class: 11582K(14592K)->11582K(14592K)
[1258.974s][info][gc             ] GC(837) Pause Young (Allocation Failure) 616M->74M(1979M) 8.026ms
[1258.974s][info][gc,cpu         ] GC(837) User=0.00s Sys=0.00s Real=0.01s
[1260.432s][info][gc,start       ] GC(838) Pause Young (Allocation Failure)
[1260.439s][info][gc,heap        ] GC(838) DefNew: 568070K->8477K(629120K)
[1260.439s][info][gc,heap        ] GC(838) Tenured: 67101K->67221K(1398144K)
[1260.439s][info][gc,metaspace   ] GC(838) Metaspace: 91492K(97968K)->91492K(97968K) NonClass: 79909K(83376K)->79909K(83376K) Class: 11582K(14592K)->11582K(14592K)
[1260.439s][info][gc             ] GC(838) Pause Young (Allocation Failure) 620M->73M(1979M) 7.492ms
[1260.439s][info][gc,cpu         ] GC(838) User=0.00s Sys=0.00s Real=0.01s
[1262.330s][info][gc,start       ] GC(839) Pause Young (Allocation Failure)
[1262.340s][info][gc,heap        ] GC(839) DefNew: 567709K->8068K(629120K)
[1262.340s][info][gc,heap        ] GC(839) Tenured: 67221K->67302K(1398144K)
[1262.340s][info][gc,metaspace   ] GC(839) Metaspace: 91492K(97968K)->91492K(97968K) NonClass: 79909K(83376K)->79909K(83376K) Class: 11582K(14592K)->11582K(14592K)
[1262.340s][info][gc             ] GC(839) Pause Young (Allocation Failure) 620M->73M(1979M) 9.793ms
[1262.340s][info][gc,cpu         ] GC(839) User=0.00s Sys=0.00s Real=0.01s
[1263.031s][info][gc,start       ] GC(840) Pause Young (Allocation Failure)
[1263.039s][info][gc,heap        ] GC(840) DefNew: 567300K->7337K(629120K)
[1263.039s][info][gc,heap        ] GC(840) Tenured: 67302K->67495K(1398144K)
[1263.039s][info][gc,metaspace   ] GC(840) Metaspace: 91494K(97968K)->91494K(97968K) NonClass: 79911K(83376K)->79911K(83376K) Class: 11582K(14592K)->11582K(14592K)
[1263.039s][info][gc             ] GC(840) Pause Young (Allocation Failure) 619M->73M(1979M) 8.235ms
[1263.039s][info][gc,cpu         ] GC(840) User=0.00s Sys=0.00s Real=0.01s
[1263.050s][info][gc,start       ] GC(841) Pause Full (System.gc())
[1263.052s][info][gc,phases,start] GC(841) Phase 1: Mark live objects
[1263.106s][info][gc,phases      ] GC(841) Phase 1: Mark live objects 53.650ms
[1263.106s][info][gc,phases,start] GC(841) Phase 2: Compute new object addresses
[1263.119s][info][gc,phases      ] GC(841) Phase 2: Compute new object addresses 13.871ms
[1263.120s][info][gc,phases,start] GC(841) Phase 3: Adjust pointers
[1263.151s][info][gc,phases      ] GC(841) Phase 3: Adjust pointers 31.664ms
[1263.151s][info][gc,phases,start] GC(841) Phase 4: Move objects
[1263.152s][info][gc,phases      ] GC(841) Phase 4: Move objects 0.883ms
[1263.153s][info][gc,heap        ] GC(841) DefNew: 35900K->0K(629120K)
[1263.153s][info][gc,heap        ] GC(841) Tenured: 67495K->71074K(1398144K)
[1263.153s][info][gc,metaspace   ] GC(841) Metaspace: 91494K(97968K)->91494K(97968K) NonClass: 79911K(83376K)->79911K(83376K) Class: 11582K(14592K)->11582K(14592K)
[1263.153s][info][gc             ] GC(841) Pause Full (System.gc()) 100M->69M(1979M) 102.829ms
[1263.153s][info][gc,cpu         ] GC(841) User=0.11s Sys=0.00s Real=0.10s
[1263.651s][info][gc,start       ] GC(842) Pause Young (Allocation Failure)
[1263.655s][info][gc,heap        ] GC(842) DefNew: 558541K->3057K(629120K)
[1263.655s][info][gc,heap        ] GC(842) Tenured: 71074K->71074K(1398144K)
[1263.655s][info][gc,metaspace   ] GC(842) Metaspace: 91494K(97968K)->91494K(97968K) NonClass: 79911K(83376K)->79911K(83376K) Class: 11582K(14592K)->11582K(14592K)
[1263.655s][info][gc             ] GC(842) Pause Young (Allocation Failure) 614M->72M(1979M) 3.875ms
[1263.655s][info][gc,cpu         ] GC(842) User=0.00s Sys=0.00s Real=0.00s
[1265.578s][info][gc,start       ] GC(843) Pause Young (Allocation Failure)
[1265.583s][info][gc,heap        ] GC(843) DefNew: 561092K->4380K(629120K)
[1265.583s][info][gc,heap        ] GC(843) Tenured: 71074K->71074K(1398144K)
[1265.583s][info][gc,metaspace   ] GC(843) Metaspace: 91494K(97968K)->91494K(97968K) NonClass: 79911K(83376K)->79911K(83376K) Class: 11582K(14592K)->11582K(14592K)
[1265.583s][info][gc             ] GC(843) Pause Young (Allocation Failure) 617M->73M(1979M) 5.314ms
[1265.583s][info][gc,cpu         ] GC(843) User=0.00s Sys=0.00s Real=0.00s
[1267.603s][info][gc,start       ] GC(844) Pause Young (Allocation Failure)
[1267.609s][info][gc,heap        ] GC(844) DefNew: 563608K->4875K(629120K)
[1267.609s][info][gc,heap        ] GC(844) Tenured: 71074K->71074K(1398144K)
[1267.609s][info][gc,metaspace   ] GC(844) Metaspace: 91494K(97968K)->91494K(97968K) NonClass: 79911K(83376K)->79911K(83376K) Class: 11582K(14592K)->11582K(14592K)
[1267.609s][info][gc             ] GC(844) Pause Young (Allocation Failure) 619M->74M(1979M) 5.147ms
[1267.609s][info][gc,cpu         ] GC(844) User=0.00s Sys=0.00s Real=0.00s
[1269.369s][info][gc,start       ] GC(845) Pause Young (Allocation Failure)
[1269.379s][info][gc,heap        ] GC(845) DefNew: 564107K->7360K(629120K)
[1269.379s][info][gc,heap        ] GC(845) Tenured: 71074K->71074K(1398144K)
[1269.379s][info][gc,metaspace   ] GC(845) Metaspace: 91494K(97968K)->91494K(97968K) NonClass: 79911K(83376K)->79911K(83376K) Class: 11582K(14592K)->11582K(14592K)
[1269.379s][info][gc             ] GC(845) Pause Young (Allocation Failure) 620M->76M(1979M) 10.389ms
[1269.379s][info][gc,cpu         ] GC(845) User=0.00s Sys=0.00s Real=0.01s
[1269.876s][info][gc,start       ] GC(846) Pause Young (Allocation Failure)
[1269.882s][info][gc,heap        ] GC(846) DefNew: 564574K->12549K(629120K)
[1269.882s][info][gc,heap        ] GC(846) Tenured: 71074K->71074K(1398144K)
[1269.882s][info][gc,metaspace   ] GC(846) Metaspace: 91495K(97968K)->91495K(97968K) NonClass: 79912K(83376K)->79912K(83376K) Class: 11582K(14592K)->11582K(14592K)
[1269.882s][info][gc             ] GC(846) Pause Young (Allocation Failure) 620M->81M(1979M) 6.465ms
[1269.882s][info][gc,cpu         ] GC(846) User=0.00s Sys=0.00s Real=0.01s
[1271.361s][info][gc,start       ] GC(847) Pause Young (GCLocker Initiated GC)
[1271.368s][info][gc,heap        ] GC(847) DefNew: 571781K->6548K(629120K)
[1271.368s][info][gc,heap        ] GC(847) Tenured: 71074K->71074K(1398144K)
[1271.368s][info][gc,metaspace   ] GC(847) Metaspace: 91495K(97968K)->91495K(97968K) NonClass: 79912K(83376K)->79912K(83376K) Class: 11582K(14592K)->11582K(14592K)
[1271.368s][info][gc             ] GC(847) Pause Young (GCLocker Initiated GC) 627M->75M(1979M) 6.682ms
[1271.368s][info][gc,cpu         ] GC(847) User=0.00s Sys=0.00s Real=0.01s
[1273.348s][info][gc,start       ] GC(848) Pause Young (Allocation Failure)
[1273.354s][info][gc,heap        ] GC(848) DefNew: 565780K->5334K(629120K)
[1273.354s][info][gc,heap        ] GC(848) Tenured: 71074K->71074K(1398144K)
[1273.354s][info][gc,metaspace   ] GC(848) Metaspace: 91495K(97968K)->91495K(97968K) NonClass: 79913K(83376K)->79913K(83376K) Class: 11582K(14592K)->11582K(14592K)
[1273.354s][info][gc             ] GC(848) Pause Young (Allocation Failure) 621M->74M(1979M) 5.532ms
[1273.354s][info][gc,cpu         ] GC(848) User=0.00s Sys=0.00s Real=0.01s
[1275.885s][info][gc,start       ] GC(849) Pause Young (Allocation Failure)
[1275.891s][info][gc,heap        ] GC(849) DefNew: 564566K->5556K(629120K)
[1275.891s][info][gc,heap        ] GC(849) Tenured: 71074K->71074K(1398144K)
[1275.891s][info][gc,metaspace   ] GC(849) Metaspace: 91495K(97968K)->91495K(97968K) NonClass: 79913K(83376K)->79913K(83376K) Class: 11582K(14592K)->11582K(14592K)
[1275.891s][info][gc             ] GC(849) Pause Young (Allocation Failure) 620M->74M(1979M) 5.716ms
[1275.891s][info][gc,cpu         ] GC(849) User=0.00s Sys=0.00s Real=0.01s
[1276.507s][info][gc,start       ] GC(850) Pause Young (Allocation Failure)
[1276.515s][info][gc,heap        ] GC(850) DefNew: 564788K->11979K(629120K)
[1276.515s][info][gc,heap        ] GC(850) Tenured: 71074K->71074K(1398144K)
[1276.515s][info][gc,metaspace   ] GC(850) Metaspace: 91495K(97968K)->91495K(97968K) NonClass: 79913K(83376K)->79913K(83376K) Class: 11582K(14592K)->11582K(14592K)
[1276.515s][info][gc             ] GC(850) Pause Young (Allocation Failure) 620M->81M(1979M) 8.206ms
[1276.516s][info][gc,cpu         ] GC(850) User=0.00s Sys=0.00s Real=0.01s
[1277.243s][info][gc,start       ] GC(851) Pause Young (Allocation Failure)
[1277.248s][info][gc,heap        ] GC(851) DefNew: 567260K->5323K(629120K)
[1277.248s][info][gc,heap        ] GC(851) Tenured: 71074K->71074K(1398144K)
[1277.248s][info][gc,metaspace   ] GC(851) Metaspace: 91495K(97968K)->91495K(97968K) NonClass: 79913K(83376K)->79913K(83376K) Class: 11582K(14592K)->11582K(14592K)
[1277.248s][info][gc             ] GC(851) Pause Young (Allocation Failure) 623M->74M(1979M) 5.680ms
[1277.248s][info][gc,cpu         ] GC(851) User=0.00s Sys=0.00s Real=0.01s
[1279.683s][info][gc,start       ] GC(852) Pause Young (Allocation Failure)
[1279.691s][info][gc,heap        ] GC(852) DefNew: 564555K->6958K(629120K)
[1279.691s][info][gc,heap        ] GC(852) Tenured: 71074K->71074K(1398144K)
[1279.691s][info][gc,metaspace   ] GC(852) Metaspace: 91495K(97968K)->91495K(97968K) NonClass: 79913K(83376K)->79913K(83376K) Class: 11582K(14592K)->11582K(14592K)
[1279.691s][info][gc             ] GC(852) Pause Young (Allocation Failure) 620M->76M(1979M) 7.709ms
[1279.691s][info][gc,cpu         ] GC(852) User=0.00s Sys=0.00s Real=0.01s
[1281.738s][info][gc,start       ] GC(853) Pause Young (Allocation Failure)
[1281.744s][info][gc,heap        ] GC(853) DefNew: 563857K->6246K(629120K)
[1281.744s][info][gc,heap        ] GC(853) Tenured: 71074K->71074K(1398144K)
[1281.744s][info][gc,metaspace   ] GC(853) Metaspace: 91495K(97968K)->91495K(97968K) NonClass: 79913K(83376K)->79913K(83376K) Class: 11582K(14592K)->11582K(14592K)
[1281.744s][info][gc             ] GC(853) Pause Young (Allocation Failure) 620M->75M(1979M) 6.502ms
[1281.744s][info][gc,cpu         ] GC(853) User=0.00s Sys=0.00s Real=0.01s
[1283.028s][info][gc,start       ] GC(854) Pause Young (Allocation Failure)
[1283.047s][info][gc,heap        ] GC(854) DefNew: 565478K->11740K(629120K)
[1283.047s][info][gc,heap        ] GC(854) Tenured: 71074K->71074K(1398144K)
[1283.047s][info][gc,metaspace   ] GC(854) Metaspace: 91495K(97968K)->91495K(97968K) NonClass: 79913K(83376K)->79913K(83376K) Class: 11582K(14592K)->11582K(14592K)
[1283.047s][info][gc             ] GC(854) Pause Young (Allocation Failure) 621M->80M(1979M) 18.985ms
[1283.047s][info][gc,cpu         ] GC(854) User=0.00s Sys=0.00s Real=0.02s
[1283.556s][info][gc,start       ] GC(855) Pause Young (Allocation Failure)
[1283.563s][info][gc,heap        ] GC(855) DefNew: 569410K->8443K(629120K)
[1283.563s][info][gc,heap        ] GC(855) Tenured: 71074K->71074K(1398144K)
[1283.563s][info][gc,metaspace   ] GC(855) Metaspace: 91495K(97968K)->91495K(97968K) NonClass: 79913K(83376K)->79913K(83376K) Class: 11582K(14592K)->11582K(14592K)
[1283.563s][info][gc             ] GC(855) Pause Young (Allocation Failure) 625M->77M(1979M) 6.632ms
[1283.563s][info][gc,cpu         ] GC(855) User=0.00s Sys=0.00s Real=0.01s
[1285.531s][info][gc,start       ] GC(856) Pause Young (Allocation Failure)
[1285.539s][info][gc,heap        ] GC(856) DefNew: 567675K->7698K(629120K)
[1285.539s][info][gc,heap        ] GC(856) Tenured: 71074K->71074K(1398144K)
[1285.539s][info][gc,metaspace   ] GC(856) Metaspace: 91495K(97968K)->91495K(97968K) NonClass: 79913K(83376K)->79913K(83376K) Class: 11582K(14592K)->11582K(14592K)
[1285.539s][info][gc             ] GC(856) Pause Young (Allocation Failure) 623M->76M(1979M) 8.048ms
[1285.539s][info][gc,cpu         ] GC(856) User=0.00s Sys=0.00s Real=0.01s
[1287.561s][info][gc,start       ] GC(857) Pause Young (Allocation Failure)
[1287.568s][info][gc,heap        ] GC(857) DefNew: 563950K->6219K(629120K)
[1287.568s][info][gc,heap        ] GC(857) Tenured: 71074K->71534K(1398144K)
[1287.568s][info][gc,metaspace   ] GC(857) Metaspace: 91495K(97968K)->91495K(97968K) NonClass: 79913K(83376K)->79913K(83376K) Class: 11582K(14592K)->11582K(14592K)
[1287.568s][info][gc             ] GC(857) Pause Young (Allocation Failure) 620M->75M(1979M) 7.711ms
[1287.568s][info][gc,cpu         ] GC(857) User=0.00s Sys=0.00s Real=0.01s
[1289.344s][info][gc,start       ] GC(858) Pause Young (Allocation Failure)
[1289.354s][info][gc,heap        ] GC(858) DefNew: 565451K->10676K(629120K)
[1289.354s][info][gc,heap        ] GC(858) Tenured: 71534K->71725K(1398144K)
[1289.354s][info][gc,metaspace   ] GC(858) Metaspace: 91495K(97968K)->91495K(97968K) NonClass: 79913K(83376K)->79913K(83376K) Class: 11582K(14592K)->11582K(14592K)
[1289.354s][info][gc             ] GC(858) Pause Young (Allocation Failure) 622M->80M(1979M) 10.537ms
[1289.354s][info][gc,cpu         ] GC(858) User=0.00s Sys=0.00s Real=0.01s
[1289.961s][info][gc,start       ] GC(859) Pause Young (Allocation Failure)
[1289.969s][info][gc,heap        ] GC(859) DefNew: 569774K->13103K(629120K)
[1289.969s][info][gc,heap        ] GC(859) Tenured: 71725K->71911K(1398144K)
[1289.969s][info][gc,metaspace   ] GC(859) Metaspace: 91495K(97968K)->91495K(97968K) NonClass: 79913K(83376K)->79913K(83376K) Class: 11582K(14592K)->11582K(14592K)
[1289.969s][info][gc             ] GC(859) Pause Young (Allocation Failure) 626M->83M(1979M) 8.025ms
[1289.969s][info][gc,cpu         ] GC(859) User=0.00s Sys=0.00s Real=0.01s
[1291.356s][info][gc,start       ] GC(860) Pause Young (Allocation Failure)
[1291.363s][info][gc,heap        ] GC(860) DefNew: 571339K->5973K(629120K)
[1291.363s][info][gc,heap        ] GC(860) Tenured: 71911K->72062K(1398144K)
[1291.363s][info][gc,metaspace   ] GC(860) Metaspace: 91495K(97968K)->91495K(97968K) NonClass: 79913K(83376K)->79913K(83376K) Class: 11582K(14592K)->11582K(14592K)
[1291.363s][info][gc             ] GC(860) Pause Young (Allocation Failure) 628M->76M(1979M) 7.344ms
[1291.363s][info][gc,cpu         ] GC(860) User=0.00s Sys=0.00s Real=0.01s
[1293.259s][info][gc,start       ] GC(861) Pause Young (Allocation Failure)
[1293.268s][info][gc,heap        ] GC(861) DefNew: 565180K->7708K(629120K)
[1293.268s][info][gc,heap        ] GC(861) Tenured: 72062K->72127K(1398144K)
[1293.268s][info][gc,metaspace   ] GC(861) Metaspace: 91495K(97968K)->91495K(97968K) NonClass: 79913K(83376K)->79913K(83376K) Class: 11582K(14592K)->11582K(14592K)
[1293.268s][info][gc             ] GC(861) Pause Young (Allocation Failure) 622M->77M(1979M) 8.493ms
[1293.268s][info][gc,cpu         ] GC(861) User=0.00s Sys=0.00s Real=0.01s
[1293.831s][info][gc,start       ] GC(862) Pause Young (Allocation Failure)
[1293.839s][info][gc,heap        ] GC(862) DefNew: 563021K->17940K(629120K)
[1293.840s][info][gc,heap        ] GC(862) Tenured: 72127K->72307K(1398144K)
[1293.840s][info][gc,metaspace   ] GC(862) Metaspace: 91495K(97968K)->91495K(97968K) NonClass: 79913K(83376K)->79913K(83376K) Class: 11582K(14592K)->11582K(14592K)
[1293.840s][info][gc             ] GC(862) Pause Young (Allocation Failure) 620M->88M(1979M) 8.169ms
[1293.840s][info][gc,cpu         ] GC(862) User=0.00s Sys=0.00s Real=0.01s
[1295.352s][info][gc,start       ] GC(863) Pause Young (Allocation Failure)
[1295.359s][info][gc,heap        ] GC(863) DefNew: 573915K->5738K(629120K)
[1295.359s][info][gc,heap        ] GC(863) Tenured: 72307K->72452K(1398144K)
[1295.359s][info][gc,metaspace   ] GC(863) Metaspace: 91495K(97968K)->91495K(97968K) NonClass: 79913K(83376K)->79913K(83376K) Class: 11582K(14592K)->11582K(14592K)
[1295.359s][info][gc             ] GC(863) Pause Young (Allocation Failure) 631M->76M(1979M) 6.506ms
[1295.359s][info][gc,cpu         ] GC(863) User=0.00s Sys=0.00s Real=0.01s
[1297.199s][info][gc,start       ] GC(864) Pause Young (Allocation Failure)
[1297.208s][info][gc,heap        ] GC(864) DefNew: 564970K->8035K(629120K)
[1297.208s][info][gc,heap        ] GC(864) Tenured: 72452K->72616K(1398144K)
[1297.208s][info][gc,metaspace   ] GC(864) Metaspace: 91495K(97968K)->91495K(97968K) NonClass: 79913K(83376K)->79913K(83376K) Class: 11582K(14592K)->11582K(14592K)
[1297.208s][info][gc             ] GC(864) Pause Young (Allocation Failure) 622M->78M(1979M) 9.491ms
[1297.208s][info][gc,cpu         ] GC(864) User=0.00s Sys=0.00s Real=0.01s
[1297.667s][info][gc,start       ] GC(865) Pause Young (Allocation Failure)
[1297.676s][info][gc,heap        ] GC(865) DefNew: 563508K->17397K(629120K)
[1297.676s][info][gc,heap        ] GC(865) Tenured: 72616K->72731K(1398144K)
[1297.676s][info][gc,metaspace   ] GC(865) Metaspace: 91495K(97968K)->91495K(97968K) NonClass: 79913K(83376K)->79913K(83376K) Class: 11582K(14592K)->11582K(14592K)
[1297.676s][info][gc             ] GC(865) Pause Young (Allocation Failure) 621M->88M(1979M) 8.364ms
[1297.676s][info][gc,cpu         ] GC(865) User=0.00s Sys=0.00s Real=0.01s
[1299.139s][info][gc,start       ] GC(866) Pause Young (GCLocker Initiated GC)
[1299.148s][info][gc,heap        ] GC(866) DefNew: 576629K->6713K(629120K)
[1299.148s][info][gc,heap        ] GC(866) Tenured: 72731K->72890K(1398144K)
[1299.148s][info][gc,metaspace   ] GC(866) Metaspace: 91495K(97968K)->91495K(97968K) NonClass: 79913K(83376K)->79913K(83376K) Class: 11582K(14592K)->11582K(14592K)
[1299.148s][info][gc             ] GC(866) Pause Young (GCLocker Initiated GC) 634M->77M(1979M) 8.299ms
[1299.148s][info][gc,cpu         ] GC(866) User=0.00s Sys=0.00s Real=0.01s
[1300.860s][info][gc,start       ] GC(867) Pause Young (Allocation Failure)
[1300.869s][info][gc,heap        ] GC(867) DefNew: 565945K->8301K(629120K)
[1300.869s][info][gc,heap        ] GC(867) Tenured: 72890K->73006K(1398144K)
[1300.869s][info][gc,metaspace   ] GC(867) Metaspace: 91495K(97968K)->91495K(97968K) NonClass: 79913K(83376K)->79913K(83376K) Class: 11582K(14592K)->11582K(14592K)
[1300.869s][info][gc             ] GC(867) Pause Young (Allocation Failure) 623M->79M(1979M) 9.187ms
[1300.869s][info][gc,cpu         ] GC(867) User=0.00s Sys=0.00s Real=0.01s
[1301.334s][info][gc,start       ] GC(868) Pause Young (Allocation Failure)
[1301.341s][info][gc,heap        ] GC(868) DefNew: 565156K->9306K(629120K)
[1301.341s][info][gc,heap        ] GC(868) Tenured: 73006K->73195K(1398144K)
[1301.341s][info][gc,metaspace   ] GC(868) Metaspace: 91495K(97968K)->91495K(97968K) NonClass: 79913K(83376K)->79913K(83376K) Class: 11582K(14592K)->11582K(14592K)
[1301.341s][info][gc             ] GC(868) Pause Young (Allocation Failure) 623M->80M(1979M) 7.689ms
[1301.341s][info][gc,cpu         ] GC(868) User=0.00s Sys=0.00s Real=0.01s
[1302.887s][info][gc,start       ] GC(869) Pause Young (Allocation Failure)
[1302.894s][info][gc,heap        ] GC(869) DefNew: 568104K->5949K(629120K)
[1302.894s][info][gc,heap        ] GC(869) Tenured: 73195K->73312K(1398144K)
[1302.894s][info][gc,metaspace   ] GC(869) Metaspace: 91509K(97968K)->91509K(97968K) NonClass: 79926K(83376K)->79926K(83376K) Class: 11582K(14592K)->11582K(14592K)
[1302.894s][info][gc             ] GC(869) Pause Young (Allocation Failure) 626M->77M(1979M) 7.196ms
[1302.894s][info][gc,cpu         ] GC(869) User=0.00s Sys=0.00s Real=0.01s
[1304.779s][info][gc,start       ] GC(870) Pause Young (Allocation Failure)
[1304.790s][info][gc,heap        ] GC(870) DefNew: 565181K->8185K(629120K)
[1304.790s][info][gc,heap        ] GC(870) Tenured: 73312K->73395K(1398144K)
[1304.790s][info][gc,metaspace   ] GC(870) Metaspace: 91509K(97968K)->91509K(97968K) NonClass: 79926K(83376K)->79926K(83376K) Class: 11582K(14592K)->11582K(14592K)
[1304.790s][info][gc             ] GC(870) Pause Young (Allocation Failure) 623M->79M(1979M) 10.474ms
[1304.790s][info][gc,cpu         ] GC(870) User=0.00s Sys=0.00s Real=0.01s
[1305.514s][info][gc,start       ] GC(871) Pause Young (Allocation Failure)
[1305.522s][info][gc,heap        ] GC(871) DefNew: 567417K->7242K(629120K)
[1305.523s][info][gc,heap        ] GC(871) Tenured: 73395K->73586K(1398144K)
[1305.523s][info][gc,metaspace   ] GC(871) Metaspace: 91509K(97968K)->91509K(97968K) NonClass: 79926K(83376K)->79926K(83376K) Class: 11582K(14592K)->11582K(14592K)
[1305.523s][info][gc             ] GC(871) Pause Young (Allocation Failure) 625M->78M(1979M) 8.208ms
[1305.523s][info][gc,cpu         ] GC(871) User=0.00s Sys=0.00s Real=0.01s
[1305.528s][info][gc,start       ] GC(872) Pause Full (System.gc())
[1305.530s][info][gc,phases,start] GC(872) Phase 1: Mark live objects
[1305.587s][info][gc,phases      ] GC(872) Phase 1: Mark live objects 56.622ms
[1305.587s][info][gc,phases,start] GC(872) Phase 2: Compute new object addresses
[1305.601s][info][gc,phases      ] GC(872) Phase 2: Compute new object addresses 13.989ms
[1305.601s][info][gc,phases,start] GC(872) Phase 3: Adjust pointers
[1305.633s][info][gc,phases      ] GC(872) Phase 3: Adjust pointers 32.311ms
[1305.633s][info][gc,phases,start] GC(872) Phase 4: Move objects
[1305.639s][info][gc,phases      ] GC(872) Phase 4: Move objects 5.191ms
[1305.640s][info][gc,heap        ] GC(872) DefNew: 33162K->0K(629120K)
[1305.640s][info][gc,heap        ] GC(872) Tenured: 73586K->57652K(1398144K)
[1305.640s][info][gc,metaspace   ] GC(872) Metaspace: 91509K(97968K)->91509K(97968K) NonClass: 79926K(83376K)->79926K(83376K) Class: 11582K(14592K)->11582K(14592K)
[1305.640s][info][gc             ] GC(872) Pause Full (System.gc()) 104M->56M(1979M) 111.269ms
[1305.640s][info][gc,cpu         ] GC(872) User=0.00s Sys=0.00s Real=0.11s
[1306.196s][info][gc,start       ] GC(873) Pause Young (Allocation Failure)
[1306.200s][info][gc,heap        ] GC(873) DefNew: 559232K->3058K(629120K)
[1306.200s][info][gc,heap        ] GC(873) Tenured: 57652K->57652K(1398144K)
[1306.200s][info][gc,metaspace   ] GC(873) Metaspace: 91509K(97968K)->91509K(97968K) NonClass: 79926K(83376K)->79926K(83376K) Class: 11582K(14592K)->11582K(14592K)
[1306.200s][info][gc             ] GC(873) Pause Young (Allocation Failure) 602M->59M(1979M) 4.070ms
[1306.200s][info][gc,cpu         ] GC(873) User=0.00s Sys=0.00s Real=0.00s
[1308.177s][info][gc,start       ] GC(874) Pause Young (Allocation Failure)
[1308.181s][info][gc,heap        ] GC(874) DefNew: 561010K->4391K(629120K)
[1308.181s][info][gc,heap        ] GC(874) Tenured: 57652K->57652K(1398144K)
[1308.181s][info][gc,metaspace   ] GC(874) Metaspace: 91509K(97968K)->91509K(97968K) NonClass: 79926K(83376K)->79926K(83376K) Class: 11582K(14592K)->11582K(14592K)
[1308.181s][info][gc             ] GC(874) Pause Young (Allocation Failure) 604M->60M(1979M) 4.949ms
[1308.182s][info][gc,cpu         ] GC(874) User=0.00s Sys=0.00s Real=0.00s
[1310.103s][info][gc,start       ] GC(875) Pause Young (Allocation Failure)
[1310.108s][info][gc,heap        ] GC(875) DefNew: 563532K->4949K(629120K)
[1310.109s][info][gc,heap        ] GC(875) Tenured: 57652K->57652K(1398144K)
[1310.109s][info][gc,metaspace   ] GC(875) Metaspace: 91509K(97968K)->91509K(97968K) NonClass: 79926K(83376K)->79926K(83376K) Class: 11582K(14592K)->11582K(14592K)
[1310.109s][info][gc             ] GC(875) Pause Young (Allocation Failure) 606M->61M(1979M) 5.248ms
[1310.109s][info][gc,cpu         ] GC(875) User=0.00s Sys=0.00s Real=0.00s
[1311.804s][info][gc,start       ] GC(876) Pause Young (Allocation Failure)
[1311.812s][info][gc,heap        ] GC(876) DefNew: 564181K->6816K(629120K)
[1311.812s][info][gc,heap        ] GC(876) Tenured: 57652K->57652K(1398144K)
[1311.812s][info][gc,metaspace   ] GC(876) Metaspace: 91509K(97968K)->91509K(97968K) NonClass: 79926K(83376K)->79926K(83376K) Class: 11582K(14592K)->11582K(14592K)
[1311.812s][info][gc             ] GC(876) Pause Young (Allocation Failure) 607M->62M(1979M) 7.653ms
[1311.812s][info][gc,cpu         ] GC(876) User=0.00s Sys=0.00s Real=0.01s
[1312.286s][info][gc,start       ] GC(877) Pause Young (Allocation Failure)
[1312.292s][info][gc,heap        ] GC(877) DefNew: 564127K->12079K(629120K)
[1312.292s][info][gc,heap        ] GC(877) Tenured: 57652K->57652K(1398144K)
[1312.292s][info][gc,metaspace   ] GC(877) Metaspace: 91510K(97968K)->91510K(97968K) NonClass: 79927K(83376K)->79927K(83376K) Class: 11582K(14592K)->11582K(14592K)
[1312.292s][info][gc             ] GC(877) Pause Young (Allocation Failure) 607M->68M(1979M) 6.477ms
[1312.292s][info][gc,cpu         ] GC(877) User=0.00s Sys=0.00s Real=0.01s
[1313.738s][info][gc,start       ] GC(878) Pause Young (Allocation Failure)
[1313.744s][info][gc,heap        ] GC(878) DefNew: 571311K->5342K(629120K)
[1313.744s][info][gc,heap        ] GC(878) Tenured: 57652K->57652K(1398144K)
[1313.744s][info][gc,metaspace   ] GC(878) Metaspace: 91510K(97968K)->91510K(97968K) NonClass: 79927K(83376K)->79927K(83376K) Class: 11582K(14592K)->11582K(14592K)
[1313.744s][info][gc             ] GC(878) Pause Young (Allocation Failure) 614M->61M(1979M) 6.219ms
[1313.744s][info][gc,cpu         ] GC(878) User=0.00s Sys=0.00s Real=0.01s
[1315.736s][info][gc,start       ] GC(879) Pause Young (Allocation Failure)
[1315.742s][info][gc,heap        ] GC(879) DefNew: 564574K->5364K(629120K)
[1315.742s][info][gc,heap        ] GC(879) Tenured: 57652K->57652K(1398144K)
[1315.742s][info][gc,metaspace   ] GC(879) Metaspace: 91510K(97968K)->91510K(97968K) NonClass: 79927K(83376K)->79927K(83376K) Class: 11582K(14592K)->11582K(14592K)
[1315.742s][info][gc             ] GC(879) Pause Young (Allocation Failure) 607M->61M(1979M) 5.578ms
[1315.742s][info][gc,cpu         ] GC(879) User=0.00s Sys=0.00s Real=0.01s
[1318.208s][info][gc,start       ] GC(880) Pause Young (Allocation Failure)
[1318.214s][info][gc,heap        ] GC(880) DefNew: 564596K->6080K(629120K)
[1318.214s][info][gc,heap        ] GC(880) Tenured: 57652K->57652K(1398144K)
[1318.214s][info][gc,metaspace   ] GC(880) Metaspace: 91510K(97968K)->91510K(97968K) NonClass: 79927K(83376K)->79927K(83376K) Class: 11582K(14592K)->11582K(14592K)
[1318.214s][info][gc             ] GC(880) Pause Young (Allocation Failure) 607M->62M(1979M) 5.927ms
[1318.214s][info][gc,cpu         ] GC(880) User=0.00s Sys=0.00s Real=0.01s
[1318.836s][info][gc,start       ] GC(881) Pause Young (Allocation Failure)
[1318.845s][info][gc,heap        ] GC(881) DefNew: 561372K->20875K(629120K)
[1318.845s][info][gc,heap        ] GC(881) Tenured: 57652K->57652K(1398144K)
[1318.845s][info][gc,metaspace   ] GC(881) Metaspace: 91510K(97968K)->91510K(97968K) NonClass: 79927K(83376K)->79927K(83376K) Class: 11582K(14592K)->11582K(14592K)
[1318.845s][info][gc             ] GC(881) Pause Young (Allocation Failure) 604M->76M(1979M) 9.037ms
[1318.845s][info][gc,cpu         ] GC(881) User=0.00s Sys=0.00s Real=0.01s
[1319.562s][info][gc,start       ] GC(882) Pause Young (Allocation Failure)
[1319.567s][info][gc,heap        ] GC(882) DefNew: 580107K->5109K(629120K)
[1319.567s][info][gc,heap        ] GC(882) Tenured: 57652K->57652K(1398144K)
[1319.567s][info][gc,metaspace   ] GC(882) Metaspace: 91510K(97968K)->91510K(97968K) NonClass: 79927K(83376K)->79927K(83376K) Class: 11582K(14592K)->11582K(14592K)
[1319.567s][info][gc             ] GC(882) Pause Young (Allocation Failure) 622M->61M(1979M) 5.229ms
[1319.567s][info][gc,cpu         ] GC(882) User=0.00s Sys=0.00s Real=0.01s
[1322.026s][info][gc,start       ] GC(883) Pause Young (Allocation Failure)
[1322.032s][info][gc,heap        ] GC(883) DefNew: 563968K->6262K(629120K)
[1322.032s][info][gc,heap        ] GC(883) Tenured: 57652K->57652K(1398144K)
[1322.032s][info][gc,metaspace   ] GC(883) Metaspace: 91510K(97968K)->91510K(97968K) NonClass: 79927K(83376K)->79927K(83376K) Class: 11582K(14592K)->11582K(14592K)
[1322.032s][info][gc             ] GC(883) Pause Young (Allocation Failure) 607M->62M(1979M) 5.692ms
[1322.032s][info][gc,cpu         ] GC(883) User=0.00s Sys=0.00s Real=0.01s
[1324.009s][info][gc,start       ] GC(884) Pause Young (Allocation Failure)
[1324.016s][info][gc,heap        ] GC(884) DefNew: 565339K->6570K(629120K)
[1324.016s][info][gc,heap        ] GC(884) Tenured: 57652K->57652K(1398144K)
[1324.016s][info][gc,metaspace   ] GC(884) Metaspace: 91510K(97968K)->91510K(97968K) NonClass: 79927K(83376K)->79927K(83376K) Class: 11582K(14592K)->11582K(14592K)
[1324.016s][info][gc             ] GC(884) Pause Young (Allocation Failure) 608M->62M(1979M) 7.069ms
[1324.016s][info][gc,cpu         ] GC(884) User=0.00s Sys=0.00s Real=0.01s
[1325.345s][info][gc,start       ] GC(885) Pause Young (Allocation Failure)
[1325.362s][info][gc,heap        ] GC(885) DefNew: 565802K->11660K(629120K)
[1325.362s][info][gc,heap        ] GC(885) Tenured: 57652K->57652K(1398144K)
[1325.362s][info][gc,metaspace   ] GC(885) Metaspace: 91510K(97968K)->91510K(97968K) NonClass: 79927K(83376K)->79927K(83376K) Class: 11582K(14592K)->11582K(14592K)
[1325.362s][info][gc             ] GC(885) Pause Young (Allocation Failure) 608M->67M(1979M) 17.398ms
[1325.362s][info][gc,cpu         ] GC(885) User=0.00s Sys=0.00s Real=0.02s
[1325.817s][info][gc,start       ] GC(886) Pause Young (Allocation Failure)
[1325.825s][info][gc,heap        ] GC(886) DefNew: 570892K->8845K(629120K)
[1325.825s][info][gc,heap        ] GC(886) Tenured: 57652K->57652K(1398144K)
[1325.825s][info][gc,metaspace   ] GC(886) Metaspace: 91510K(97968K)->91510K(97968K) NonClass: 79927K(83376K)->79927K(83376K) Class: 11582K(14592K)->11582K(14592K)
[1325.825s][info][gc             ] GC(886) Pause Young (Allocation Failure) 613M->64M(1979M) 7.420ms
[1325.825s][info][gc,cpu         ] GC(886) User=0.00s Sys=0.00s Real=0.01s
[1327.847s][info][gc,start       ] GC(887) Pause Young (Allocation Failure)
[1327.854s][info][gc,heap        ] GC(887) DefNew: 568077K->6803K(629120K)
[1327.854s][info][gc,heap        ] GC(887) Tenured: 57652K->57652K(1398144K)
[1327.854s][info][gc,metaspace   ] GC(887) Metaspace: 91510K(97968K)->91510K(97968K) NonClass: 79927K(83376K)->79927K(83376K) Class: 11582K(14592K)->11582K(14592K)
[1327.854s][info][gc             ] GC(887) Pause Young (Allocation Failure) 611M->62M(1979M) 7.129ms
[1327.854s][info][gc,cpu         ] GC(887) User=0.00s Sys=0.00s Real=0.01s
[1329.885s][info][gc,start       ] GC(888) Pause Young (Allocation Failure)
[1329.892s][info][gc,heap        ] GC(888) DefNew: 566035K->6620K(629120K)
[1329.893s][info][gc,heap        ] GC(888) Tenured: 57652K->58113K(1398144K)
[1329.893s][info][gc,metaspace   ] GC(888) Metaspace: 91510K(97968K)->91510K(97968K) NonClass: 79927K(83376K)->79927K(83376K) Class: 11582K(14592K)->11582K(14592K)
[1329.893s][info][gc             ] GC(888) Pause Young (Allocation Failure) 609M->63M(1979M) 7.821ms
[1329.893s][info][gc,cpu         ] GC(888) User=0.00s Sys=0.00s Real=0.01s
[1331.793s][info][gc,start       ] GC(889) Pause Young (Allocation Failure)
[1331.803s][info][gc,heap        ] GC(889) DefNew: 565852K->8467K(629120K)
[1331.803s][info][gc,heap        ] GC(889) Tenured: 58113K->58302K(1398144K)
[1331.803s][info][gc,metaspace   ] GC(889) Metaspace: 91512K(97968K)->91512K(97968K) NonClass: 79929K(83376K)->79929K(83376K) Class: 11582K(14592K)->11582K(14592K)
[1331.803s][info][gc             ] GC(889) Pause Young (Allocation Failure) 609M->65M(1979M) 9.534ms
[1331.803s][info][gc,cpu         ] GC(889) User=0.00s Sys=0.00s Real=0.01s
[1332.416s][info][gc,start       ] GC(890) Pause Young (Allocation Failure)
[1332.424s][info][gc,heap        ] GC(890) DefNew: 566871K->9005K(629120K)
[1332.424s][info][gc,heap        ] GC(890) Tenured: 58302K->58488K(1398144K)
[1332.424s][info][gc,metaspace   ] GC(890) Metaspace: 91512K(97968K)->91512K(97968K) NonClass: 79929K(83376K)->79929K(83376K) Class: 11582K(14592K)->11582K(14592K)
[1332.424s][info][gc             ] GC(890) Pause Young (Allocation Failure) 610M->65M(1979M) 7.704ms
[1332.424s][info][gc,cpu         ] GC(890) User=0.00s Sys=0.00s Real=0.01s
[1333.733s][info][gc,start       ] GC(891) Pause Young (Allocation Failure)
[1333.740s][info][gc,heap        ] GC(891) DefNew: 568237K->6367K(629120K)
[1333.740s][info][gc,heap        ] GC(891) Tenured: 58488K->58638K(1398144K)
[1333.740s][info][gc,metaspace   ] GC(891) Metaspace: 91512K(97968K)->91512K(97968K) NonClass: 79929K(83376K)->79929K(83376K) Class: 11582K(14592K)->11582K(14592K)
[1333.740s][info][gc             ] GC(891) Pause Young (Allocation Failure) 612M->63M(1979M) 7.279ms
[1333.740s][info][gc,cpu         ] GC(891) User=0.00s Sys=0.00s Real=0.01s
[1335.579s][info][gc,start       ] GC(892) Pause Young (Allocation Failure)
[1335.589s][info][gc,heap        ] GC(892) DefNew: 565599K->11339K(629120K)
[1335.589s][info][gc,heap        ] GC(892) Tenured: 58638K->58786K(1398144K)
[1335.589s][info][gc,metaspace   ] GC(892) Metaspace: 91512K(97968K)->91512K(97968K) NonClass: 79929K(83376K)->79929K(83376K) Class: 11582K(14592K)->11582K(14592K)
[1335.589s][info][gc             ] GC(892) Pause Young (Allocation Failure) 609M->68M(1979M) 10.507ms
[1335.589s][info][gc,cpu         ] GC(892) User=0.00s Sys=0.00s Real=0.01s
[1336.184s][info][gc,start       ] GC(893) Pause Young (Allocation Failure)
[1336.192s][info][gc,heap        ] GC(893) DefNew: 568393K->17815K(629120K)
[1336.192s][info][gc,heap        ] GC(893) Tenured: 58786K->58977K(1398144K)
[1336.192s][info][gc,metaspace   ] GC(893) Metaspace: 91512K(97968K)->91512K(97968K) NonClass: 79929K(83376K)->79929K(83376K) Class: 11582K(14592K)->11582K(14592K)
[1336.192s][info][gc             ] GC(893) Pause Young (Allocation Failure) 612M->74M(1979M) 7.997ms
[1336.192s][info][gc,cpu         ] GC(893) User=0.00s Sys=0.00s Real=0.01s
[1337.687s][info][gc,start       ] GC(894) Pause Young (Allocation Failure)
[1337.694s][info][gc,heap        ] GC(894) DefNew: 576663K->5825K(629120K)
[1337.694s][info][gc,heap        ] GC(894) Tenured: 58977K->59117K(1398144K)
[1337.694s][info][gc,metaspace   ] GC(894) Metaspace: 91512K(97968K)->91512K(97968K) NonClass: 79929K(83376K)->79929K(83376K) Class: 11582K(14592K)->11582K(14592K)
[1337.694s][info][gc             ] GC(894) Pause Young (Allocation Failure) 620M->63M(1979M) 6.604ms
[1337.694s][info][gc,cpu         ] GC(894) User=0.00s Sys=0.00s Real=0.01s
[1339.526s][info][gc,start       ] GC(895) Pause Young (Allocation Failure)
[1339.534s][info][gc,heap        ] GC(895) DefNew: 565057K->7738K(629120K)
[1339.534s][info][gc,heap        ] GC(895) Tenured: 59117K->59279K(1398144K)
[1339.534s][info][gc,metaspace   ] GC(895) Metaspace: 91512K(97968K)->91512K(97968K) NonClass: 79929K(83376K)->79929K(83376K) Class: 11582K(14592K)->11582K(14592K)
[1339.534s][info][gc             ] GC(895) Pause Young (Allocation Failure) 609M->65M(1979M) 8.402ms
[1339.534s][info][gc,cpu         ] GC(895) User=0.00s Sys=0.00s Real=0.01s
[1339.999s][info][gc,start       ] GC(896) Pause Young (Allocation Failure)
[1340.007s][info][gc,heap        ] GC(896) DefNew: 566970K->17277K(629120K)
[1340.007s][info][gc,heap        ] GC(896) Tenured: 59279K->59399K(1398144K)
[1340.007s][info][gc,metaspace   ] GC(896) Metaspace: 91512K(97968K)->91512K(97968K) NonClass: 79929K(83376K)->79929K(83376K) Class: 11582K(14592K)->11582K(14592K)
[1340.007s][info][gc             ] GC(896) Pause Young (Allocation Failure) 611M->74M(1979M) 8.133ms
[1340.007s][info][gc,cpu         ] GC(896) User=0.00s Sys=0.00s Real=0.01s
[1341.479s][info][gc,start       ] GC(897) Pause Young (Allocation Failure)
[1341.487s][info][gc,heap        ] GC(897) DefNew: 576513K->7577K(629120K)
[1341.487s][info][gc,heap        ] GC(897) Tenured: 59399K->59512K(1398144K)
[1341.487s][info][gc,metaspace   ] GC(897) Metaspace: 91512K(97968K)->91512K(97968K) NonClass: 79929K(83376K)->79929K(83376K) Class: 11582K(14592K)->11582K(14592K)
[1341.487s][info][gc             ] GC(897) Pause Young (Allocation Failure) 621M->65M(1979M) 8.054ms
[1341.487s][info][gc,cpu         ] GC(897) User=0.00s Sys=0.00s Real=0.01s
[1343.229s][info][gc,start       ] GC(898) Pause Young (GCLocker Initiated GC)
[1343.237s][info][gc,heap        ] GC(898) DefNew: 566852K->8483K(629120K)
[1343.237s][info][gc,heap        ] GC(898) Tenured: 59512K->59674K(1398144K)
[1343.237s][info][gc,metaspace   ] GC(898) Metaspace: 91512K(97968K)->91512K(97968K) NonClass: 79929K(83376K)->79929K(83376K) Class: 11582K(14592K)->11582K(14592K)
[1343.238s][info][gc             ] GC(898) Pause Young (GCLocker Initiated GC) 611M->66M(1979M) 8.719ms
[1343.238s][info][gc,cpu         ] GC(898) User=0.00s Sys=0.00s Real=0.01s
[1343.715s][info][gc,start       ] GC(899) Pause Young (Allocation Failure)
[1343.724s][info][gc,heap        ] GC(899) DefNew: 567672K->13164K(629120K)
[1343.724s][info][gc,heap        ] GC(899) Tenured: 59674K->59859K(1398144K)
[1343.724s][info][gc,metaspace   ] GC(899) Metaspace: 91512K(97968K)->91512K(97968K) NonClass: 79929K(83376K)->79929K(83376K) Class: 11582K(14592K)->11582K(14592K)
[1343.724s][info][gc             ] GC(899) Pause Young (Allocation Failure) 612M->71M(1979M) 8.680ms
[1343.724s][info][gc,cpu         ] GC(899) User=0.00s Sys=0.00s Real=0.01s
[1345.257s][info][gc,start       ] GC(900) Pause Young (Allocation Failure)
[1345.263s][info][gc,heap        ] GC(900) DefNew: 572396K->5718K(629120K)
[1345.263s][info][gc,heap        ] GC(900) Tenured: 59859K->59979K(1398144K)
[1345.263s][info][gc,metaspace   ] GC(900) Metaspace: 91512K(97968K)->91512K(97968K) NonClass: 79929K(83376K)->79929K(83376K) Class: 11582K(14592K)->11582K(14592K)
[1345.263s][info][gc             ] GC(900) Pause Young (Allocation Failure) 617M->64M(1979M) 6.348ms
[1345.263s][info][gc,cpu         ] GC(900) User=0.00s Sys=0.00s Real=0.01s
[1347.138s][info][gc,start       ] GC(901) Pause Young (Allocation Failure)
[1347.148s][info][gc,heap        ] GC(901) DefNew: 564950K->8667K(629120K)
[1347.149s][info][gc,heap        ] GC(901) Tenured: 59979K->60059K(1398144K)
[1347.149s][info][gc,metaspace   ] GC(901) Metaspace: 91512K(97968K)->91512K(97968K) NonClass: 79929K(83376K)->79929K(83376K) Class: 11582K(14592K)->11582K(14592K)
[1347.149s][info][gc             ] GC(901) Pause Young (Allocation Failure) 610M->67M(1979M) 10.158ms
[1347.149s][info][gc,cpu         ] GC(901) User=0.00s Sys=0.00s Real=0.01s
[1347.831s][info][gc,start       ] GC(902) Pause Young (Allocation Failure)
[1347.839s][info][gc,heap        ] GC(902) DefNew: 567899K->7534K(629120K)
[1347.839s][info][gc,heap        ] GC(902) Tenured: 60059K->60254K(1398144K)
[1347.839s][info][gc,metaspace   ] GC(902) Metaspace: 91512K(97968K)->91512K(97968K) NonClass: 79929K(83376K)->79929K(83376K) Class: 11582K(14592K)->11582K(14592K)
[1347.839s][info][gc             ] GC(902) Pause Young (Allocation Failure) 613M->66M(1979M) 8.614ms
[1347.839s][info][gc,cpu         ] GC(902) User=0.00s Sys=0.00s Real=0.01s
[1347.845s][info][gc,start       ] GC(903) Pause Full (System.gc())
[1347.847s][info][gc,phases,start] GC(903) Phase 1: Mark live objects
[1347.901s][info][gc,phases      ] GC(903) Phase 1: Mark live objects 53.973ms
[1347.901s][info][gc,phases,start] GC(903) Phase 2: Compute new object addresses
[1347.913s][info][gc,phases      ] GC(903) Phase 2: Compute new object addresses 12.684ms
[1347.913s][info][gc,phases,start] GC(903) Phase 3: Adjust pointers
[1347.947s][info][gc,phases      ] GC(903) Phase 3: Adjust pointers 33.100ms
[1347.947s][info][gc,phases,start] GC(903) Phase 4: Move objects
[1347.948s][info][gc,phases      ] GC(903) Phase 4: Move objects 1.249ms
[1347.949s][info][gc,heap        ] GC(903) DefNew: 29196K->0K(629120K)
[1347.949s][info][gc,heap        ] GC(903) Tenured: 60254K->65603K(1398144K)
[1347.949s][info][gc,metaspace   ] GC(903) Metaspace: 91512K(97968K)->91512K(97968K) NonClass: 79929K(83376K)->79929K(83376K) Class: 11582K(14592K)->11582K(14592K)
[1347.949s][info][gc             ] GC(903) Pause Full (System.gc()) 87M->64M(1979M) 103.960ms
[1347.949s][info][gc,cpu         ] GC(903) User=0.09s Sys=0.00s Real=0.10s
[1348.439s][info][gc,start       ] GC(904) Pause Young (Allocation Failure)
[1348.442s][info][gc,heap        ] GC(904) DefNew: 558953K->3058K(629120K)
[1348.442s][info][gc,heap        ] GC(904) Tenured: 65603K->65603K(1398144K)
[1348.442s][info][gc,metaspace   ] GC(904) Metaspace: 91512K(97968K)->91512K(97968K) NonClass: 79929K(83376K)->79929K(83376K) Class: 11582K(14592K)->11582K(14592K)
[1348.442s][info][gc             ] GC(904) Pause Young (Allocation Failure) 609M->67M(1979M) 3.471ms
[1348.442s][info][gc,cpu         ] GC(904) User=0.00s Sys=0.00s Real=0.00s
[1350.346s][info][gc,start       ] GC(905) Pause Young (Allocation Failure)
[1350.350s][info][gc,heap        ] GC(905) DefNew: 560264K->4391K(629120K)
[1350.350s][info][gc,heap        ] GC(905) Tenured: 65603K->65603K(1398144K)
[1350.350s][info][gc,metaspace   ] GC(905) Metaspace: 91512K(97968K)->91512K(97968K) NonClass: 79929K(83376K)->79929K(83376K) Class: 11582K(14592K)->11582K(14592K)
[1350.350s][info][gc             ] GC(905) Pause Young (Allocation Failure) 611M->68M(1979M) 4.662ms
[1350.350s][info][gc,cpu         ] GC(905) User=0.00s Sys=0.00s Real=0.00s
[1352.299s][info][gc,start       ] GC(906) Pause Young (Allocation Failure)
[1352.304s][info][gc,heap        ] GC(906) DefNew: 562954K->5093K(629120K)
[1352.304s][info][gc,heap        ] GC(906) Tenured: 65603K->65603K(1398144K)
[1352.304s][info][gc,metaspace   ] GC(906) Metaspace: 91512K(97968K)->91512K(97968K) NonClass: 79929K(83376K)->79929K(83376K) Class: 11582K(14592K)->11582K(14592K)
[1352.304s][info][gc             ] GC(906) Pause Young (Allocation Failure) 613M->69M(1979M) 5.892ms
[1352.305s][info][gc,cpu         ] GC(906) User=0.00s Sys=0.00s Real=0.01s
[1354.010s][info][gc,start       ] GC(907) Pause Young (Allocation Failure)
[1354.016s][info][gc,heap        ] GC(907) DefNew: 560586K->6265K(629120K)
[1354.016s][info][gc,heap        ] GC(907) Tenured: 65603K->65603K(1398144K)
[1354.016s][info][gc,metaspace   ] GC(907) Metaspace: 91512K(97968K)->91512K(97968K) NonClass: 79929K(83376K)->79929K(83376K) Class: 11582K(14592K)->11582K(14592K)
[1354.016s][info][gc             ] GC(907) Pause Young (Allocation Failure) 611M->70M(1979M) 6.735ms
[1354.016s][info][gc,cpu         ] GC(907) User=0.00s Sys=0.00s Real=0.01s
[1354.494s][info][gc,start       ] GC(908) Pause Young (Allocation Failure)
[1354.501s][info][gc,heap        ] GC(908) DefNew: 563695K->16477K(629120K)
[1354.501s][info][gc,heap        ] GC(908) Tenured: 65603K->65603K(1398144K)
[1354.501s][info][gc,metaspace   ] GC(908) Metaspace: 91512K(97968K)->91512K(97968K) NonClass: 79929K(83376K)->79929K(83376K) Class: 11582K(14592K)->11582K(14592K)
[1354.501s][info][gc             ] GC(908) Pause Young (Allocation Failure) 614M->80M(1979M) 6.905ms
[1354.501s][info][gc,cpu         ] GC(908) User=0.00s Sys=0.00s Real=0.01s
[1355.946s][info][gc,start       ] GC(909) Pause Young (Allocation Failure)
[1355.951s][info][gc,heap        ] GC(909) DefNew: 572664K->4953K(629120K)
[1355.951s][info][gc,heap        ] GC(909) Tenured: 65603K->65603K(1398144K)
[1355.951s][info][gc,metaspace   ] GC(909) Metaspace: 91512K(97968K)->91512K(97968K) NonClass: 79929K(83376K)->79929K(83376K) Class: 11582K(14592K)->11582K(14592K)
[1355.951s][info][gc             ] GC(909) Pause Young (Allocation Failure) 623M->68M(1979M) 5.232ms
[1355.951s][info][gc,cpu         ] GC(909) User=0.00s Sys=0.00s Real=0.01s
[1357.944s][info][gc,start       ] GC(910) Pause Young (Allocation Failure)
[1357.949s][info][gc,heap        ] GC(910) DefNew: 564185K->5276K(629120K)
[1357.949s][info][gc,heap        ] GC(910) Tenured: 65603K->65603K(1398144K)
[1357.949s][info][gc,metaspace   ] GC(910) Metaspace: 91512K(97968K)->91512K(97968K) NonClass: 79929K(83376K)->79929K(83376K) Class: 11582K(14592K)->11582K(14592K)
[1357.949s][info][gc             ] GC(910) Pause Young (Allocation Failure) 615M->69M(1979M) 5.218ms
[1357.949s][info][gc,cpu         ] GC(910) User=0.00s Sys=0.00s Real=0.01s
[1360.526s][info][gc,start       ] GC(911) Pause Young (Allocation Failure)
[1360.534s][info][gc,heap        ] GC(911) DefNew: 564508K->6881K(629120K)
[1360.534s][info][gc,heap        ] GC(911) Tenured: 65603K->65603K(1398144K)
[1360.534s][info][gc,metaspace   ] GC(911) Metaspace: 91512K(97968K)->91512K(97968K) NonClass: 79929K(83376K)->79929K(83376K) Class: 11582K(14592K)->11582K(14592K)
[1360.534s][info][gc             ] GC(911) Pause Young (Allocation Failure) 615M->70M(1979M) 7.385ms
[1360.534s][info][gc,cpu         ] GC(911) User=0.00s Sys=0.00s Real=0.01s
[1361.152s][info][gc,start       ] GC(912) Pause Young (Allocation Failure)
[1361.160s][info][gc,heap        ] GC(912) DefNew: 565684K->20697K(629120K)
[1361.160s][info][gc,heap        ] GC(912) Tenured: 65603K->65603K(1398144K)
[1361.160s][info][gc,metaspace   ] GC(912) Metaspace: 91512K(97968K)->91512K(97968K) NonClass: 79929K(83376K)->79929K(83376K) Class: 11582K(14592K)->11582K(14592K)
[1361.160s][info][gc             ] GC(912) Pause Young (Allocation Failure) 616M->84M(1979M) 8.585ms
[1361.160s][info][gc,cpu         ] GC(912) User=0.00s Sys=0.00s Real=0.01s
[1361.901s][info][gc,start       ] GC(913) Pause Young (Allocation Failure)
[1361.907s][info][gc,heap        ] GC(913) DefNew: 579929K->4994K(629120K)
[1361.907s][info][gc,heap        ] GC(913) Tenured: 65603K->65603K(1398144K)
[1361.907s][info][gc,metaspace   ] GC(913) Metaspace: 91512K(97968K)->91512K(97968K) NonClass: 79929K(83376K)->79929K(83376K) Class: 11582K(14592K)->11582K(14592K)
[1361.907s][info][gc             ] GC(913) Pause Young (Allocation Failure) 630M->68M(1979M) 5.672ms
[1361.907s][info][gc,cpu         ] GC(913) User=0.00s Sys=0.00s Real=0.01s
[1364.323s][info][gc,start       ] GC(914) Pause Young (Allocation Failure)
[1364.330s][info][gc,heap        ] GC(914) DefNew: 563336K->6564K(629120K)
[1364.330s][info][gc,heap        ] GC(914) Tenured: 65603K->65603K(1398144K)
[1364.330s][info][gc,metaspace   ] GC(914) Metaspace: 91512K(97968K)->91512K(97968K) NonClass: 79929K(83376K)->79929K(83376K) Class: 11582K(14592K)->11582K(14592K)
[1364.330s][info][gc             ] GC(914) Pause Young (Allocation Failure) 614M->70M(1979M) 6.740ms
[1364.330s][info][gc,cpu         ] GC(914) User=0.00s Sys=0.00s Real=0.01s
[1366.229s][info][gc,start       ] GC(915) Pause Young (GCLocker Initiated GC)
[1366.237s][info][gc,heap        ] GC(915) DefNew: 565798K->10161K(629120K)
[1366.237s][info][gc,heap        ] GC(915) Tenured: 65603K->65603K(1398144K)
[1366.237s][info][gc,metaspace   ] GC(915) Metaspace: 91512K(97968K)->91512K(97968K) NonClass: 79929K(83376K)->79929K(83376K) Class: 11582K(14592K)->11582K(14592K)
[1366.238s][info][gc             ] GC(915) Pause Young (GCLocker Initiated GC) 616M->73M(1979M) 9.005ms
[1366.238s][info][gc,cpu         ] GC(915) User=0.00s Sys=0.00s Real=0.01s
[1367.647s][info][gc,start       ] GC(916) Pause Young (Allocation Failure)
[1367.663s][info][gc,heap        ] GC(916) DefNew: 569393K->11442K(629120K)
[1367.663s][info][gc,heap        ] GC(916) Tenured: 65603K->65603K(1398144K)
[1367.663s][info][gc,metaspace   ] GC(916) Metaspace: 91518K(97968K)->91518K(97968K) NonClass: 79936K(83376K)->79936K(83376K) Class: 11582K(14592K)->11582K(14592K)
[1367.664s][info][gc             ] GC(916) Pause Young (Allocation Failure) 620M->75M(1979M) 16.854ms
[1367.664s][info][gc,cpu         ] GC(916) User=0.00s Sys=0.00s Real=0.02s
[1368.104s][info][gc,start       ] GC(917) Pause Young (Allocation Failure)
[1368.111s][info][gc,heap        ] GC(917) DefNew: 569665K->8780K(629120K)
[1368.111s][info][gc,heap        ] GC(917) Tenured: 65603K->65603K(1398144K)
[1368.111s][info][gc,metaspace   ] GC(917) Metaspace: 91518K(97968K)->91518K(97968K) NonClass: 79936K(83376K)->79936K(83376K) Class: 11582K(14592K)->11582K(14592K)
[1368.111s][info][gc             ] GC(917) Pause Young (Allocation Failure) 620M->72M(1979M) 7.328ms
[1368.111s][info][gc,cpu         ] GC(917) User=0.00s Sys=0.00s Real=0.01s
[1370.133s][info][gc,start       ] GC(918) Pause Young (Allocation Failure)
[1370.141s][info][gc,heap        ] GC(918) DefNew: 568012K->6890K(629120K)
[1370.141s][info][gc,heap        ] GC(918) Tenured: 65603K->65603K(1398144K)
[1370.141s][info][gc,metaspace   ] GC(918) Metaspace: 91518K(97968K)->91518K(97968K) NonClass: 79936K(83376K)->79936K(83376K) Class: 11582K(14592K)->11582K(14592K)
[1370.141s][info][gc             ] GC(918) Pause Young (Allocation Failure) 618M->70M(1979M) 7.454ms
[1370.141s][info][gc,cpu         ] GC(918) User=0.00s Sys=0.00s Real=0.01s
[1372.143s][info][gc,start       ] GC(919) Pause Young (Allocation Failure)
[1372.150s][info][gc,heap        ] GC(919) DefNew: 566012K->6604K(629120K)
[1372.150s][info][gc,heap        ] GC(919) Tenured: 65603K->66064K(1398144K)
[1372.150s][info][gc,metaspace   ] GC(919) Metaspace: 91518K(97968K)->91518K(97968K) NonClass: 79936K(83376K)->79936K(83376K) Class: 11582K(14592K)->11582K(14592K)
[1372.150s][info][gc             ] GC(919) Pause Young (Allocation Failure) 616M->70M(1979M) 7.412ms
[1372.150s][info][gc,cpu         ] GC(919) User=0.00s Sys=0.00s Real=0.01s
[1373.947s][info][gc,start       ] GC(920) Pause Young (Allocation Failure)
[1373.957s][info][gc,heap        ] GC(920) DefNew: 565836K->8636K(629120K)
[1373.957s][info][gc,heap        ] GC(920) Tenured: 66064K->66254K(1398144K)
[1373.957s][info][gc,metaspace   ] GC(920) Metaspace: 91518K(97968K)->91518K(97968K) NonClass: 79936K(83376K)->79936K(83376K) Class: 11582K(14592K)->11582K(14592K)
[1373.957s][info][gc             ] GC(920) Pause Young (Allocation Failure) 617M->73M(1979M) 9.734ms
[1373.957s][info][gc,cpu         ] GC(920) User=0.00s Sys=0.00s Real=0.01s
[1374.571s][info][gc,start       ] GC(921) Pause Young (Allocation Failure)
[1374.581s][info][gc,heap        ] GC(921) DefNew: 566569K->17610K(629120K)
[1374.581s][info][gc,heap        ] GC(921) Tenured: 66254K->66439K(1398144K)
[1374.581s][info][gc,metaspace   ] GC(921) Metaspace: 91518K(97968K)->91518K(97968K) NonClass: 79936K(83376K)->79936K(83376K) Class: 11582K(14592K)->11582K(14592K)
[1374.581s][info][gc             ] GC(921) Pause Young (Allocation Failure) 617M->82M(1979M) 9.416ms
[1374.581s][info][gc,cpu         ] GC(921) User=0.00s Sys=0.00s Real=0.01s
[1375.901s][info][gc,start       ] GC(922) Pause Young (Allocation Failure)
[1375.908s][info][gc,heap        ] GC(922) DefNew: 576842K->6224K(629120K)
[1375.908s][info][gc,heap        ] GC(922) Tenured: 66439K->66605K(1398144K)
[1375.908s][info][gc,metaspace   ] GC(922) Metaspace: 91518K(97968K)->91518K(97968K) NonClass: 79936K(83376K)->79936K(83376K) Class: 11582K(14592K)->11582K(14592K)
[1375.908s][info][gc             ] GC(922) Pause Young (Allocation Failure) 628M->71M(1979M) 7.143ms
[1375.908s][info][gc,cpu         ] GC(922) User=0.00s Sys=0.00s Real=0.01s
[1377.727s][info][gc,start       ] GC(923) Pause Young (Allocation Failure)
[1377.737s][info][gc,heap        ] GC(923) DefNew: 565456K->8640K(629120K)
[1377.737s][info][gc,heap        ] GC(923) Tenured: 66605K->66747K(1398144K)
[1377.737s][info][gc,metaspace   ] GC(923) Metaspace: 91518K(97968K)->91518K(97968K) NonClass: 79936K(83376K)->79936K(83376K) Class: 11582K(14592K)->11582K(14592K)
[1377.738s][info][gc             ] GC(923) Pause Young (Allocation Failure) 617M->73M(1979M) 10.035ms
[1377.738s][info][gc,cpu         ] GC(923) User=0.00s Sys=0.00s Real=0.01s
[1378.336s][info][gc,start       ] GC(924) Pause Young (Allocation Failure)
[1378.344s][info][gc,heap        ] GC(924) DefNew: 564242K->17498K(629120K)
[1378.344s][info][gc,heap        ] GC(924) Tenured: 66747K->66927K(1398144K)
[1378.344s][info][gc,metaspace   ] GC(924) Metaspace: 91518K(97968K)->91518K(97968K) NonClass: 79936K(83376K)->79936K(83376K) Class: 11582K(14592K)->11582K(14592K)
[1378.344s][info][gc             ] GC(924) Pause Young (Allocation Failure) 616M->82M(1979M) 8.124ms
[1378.344s][info][gc,cpu         ] GC(924) User=0.00s Sys=0.00s Real=0.01s
[1379.848s][info][gc,start       ] GC(925) Pause Young (Allocation Failure)
[1379.855s][info][gc,heap        ] GC(925) DefNew: 576730K->5949K(629120K)
[1379.855s][info][gc,heap        ] GC(925) Tenured: 66927K->67063K(1398144K)
[1379.855s][info][gc,metaspace   ] GC(925) Metaspace: 91518K(97968K)->91518K(97968K) NonClass: 79936K(83376K)->79936K(83376K) Class: 11582K(14592K)->11582K(14592K)
[1379.855s][info][gc             ] GC(925) Pause Young (Allocation Failure) 628M->71M(1979M) 7.813ms
[1379.855s][info][gc,cpu         ] GC(925) User=0.00s Sys=0.00s Real=0.01s
[1381.702s][info][gc,start       ] GC(926) Pause Young (Allocation Failure)
[1381.711s][info][gc,heap        ] GC(926) DefNew: 561775K->7452K(629120K)
[1381.711s][info][gc,heap        ] GC(926) Tenured: 67063K->67226K(1398144K)
[1381.711s][info][gc,metaspace   ] GC(926) Metaspace: 91518K(97968K)->91518K(97968K) NonClass: 79936K(83376K)->79936K(83376K) Class: 11582K(14592K)->11582K(14592K)
[1381.711s][info][gc             ] GC(926) Pause Young (Allocation Failure) 614M->72M(1979M) 8.569ms
[1381.711s][info][gc,cpu         ] GC(926) User=0.00s Sys=0.00s Real=0.01s
[1382.164s][info][gc,start       ] GC(927) Pause Young (Allocation Failure)
[1382.173s][info][gc,heap        ] GC(927) DefNew: 564063K->21695K(629120K)
[1382.173s][info][gc,heap        ] GC(927) Tenured: 67226K->67350K(1398144K)
[1382.173s][info][gc,metaspace   ] GC(927) Metaspace: 91518K(97968K)->91518K(97968K) NonClass: 79936K(83376K)->79936K(83376K) Class: 11582K(14592K)->11582K(14592K)
[1382.173s][info][gc             ] GC(927) Pause Young (Allocation Failure) 616M->86M(1979M) 8.653ms
[1382.173s][info][gc,cpu         ] GC(927) User=0.00s Sys=0.00s Real=0.01s
[1383.605s][info][gc,start       ] GC(928) Pause Young (Allocation Failure)
[1383.611s][info][gc,heap        ] GC(928) DefNew: 579512K->5662K(629120K)
[1383.612s][info][gc,heap        ] GC(928) Tenured: 67350K->67458K(1398144K)
[1383.612s][info][gc,metaspace   ] GC(928) Metaspace: 91518K(97968K)->91518K(97968K) NonClass: 79936K(83376K)->79936K(83376K) Class: 11582K(14592K)->11582K(14592K)
[1383.612s][info][gc             ] GC(928) Pause Young (Allocation Failure) 631M->71M(1979M) 6.267ms
[1383.612s][info][gc,cpu         ] GC(928) User=0.00s Sys=0.00s Real=0.01s
[1385.380s][info][gc,start       ] GC(929) Pause Young (Allocation Failure)
[1385.389s][info][gc,heap        ] GC(929) DefNew: 563114K->7840K(629120K)
[1385.389s][info][gc,heap        ] GC(929) Tenured: 67458K->67615K(1398144K)
[1385.389s][info][gc,metaspace   ] GC(929) Metaspace: 91518K(97968K)->91518K(97968K) NonClass: 79936K(83376K)->79936K(83376K) Class: 11582K(14592K)->11582K(14592K)
[1385.389s][info][gc             ] GC(929) Pause Young (Allocation Failure) 615M->73M(1979M) 9.001ms
[1385.389s][info][gc,cpu         ] GC(929) User=0.00s Sys=0.00s Real=0.01s
[1385.871s][info][gc,start       ] GC(930) Pause Young (Allocation Failure)
[1385.879s][info][gc,heap        ] GC(930) DefNew: 566405K->8930K(629120K)
[1385.879s][info][gc,heap        ] GC(930) Tenured: 67615K->67806K(1398144K)
[1385.879s][info][gc,metaspace   ] GC(930) Metaspace: 91518K(97968K)->91518K(97968K) NonClass: 79936K(83376K)->79936K(83376K) Class: 11582K(14592K)->11582K(14592K)
[1385.879s][info][gc             ] GC(930) Pause Young (Allocation Failure) 619M->74M(1979M) 7.650ms
[1385.879s][info][gc,cpu         ] GC(930) User=0.00s Sys=0.00s Real=0.01s
[1387.299s][info][gc,start       ] GC(931) Pause Young (Allocation Failure)
[1387.306s][info][gc,heap        ] GC(931) DefNew: 568162K->5956K(629120K)
[1387.306s][info][gc,heap        ] GC(931) Tenured: 67806K->67929K(1398144K)
[1387.306s][info][gc,metaspace   ] GC(931) Metaspace: 91518K(97968K)->91518K(97968K) NonClass: 79936K(83376K)->79936K(83376K) Class: 11582K(14592K)->11582K(14592K)
[1387.306s][info][gc             ] GC(931) Pause Young (Allocation Failure) 621M->72M(1979M) 7.136ms
[1387.306s][info][gc,cpu         ] GC(931) User=0.00s Sys=0.00s Real=0.01s
[1389.195s][info][gc,start       ] GC(932) Pause Young (Allocation Failure)
[1389.204s][info][gc,heap        ] GC(932) DefNew: 565188K->8071K(629120K)
[1389.204s][info][gc,heap        ] GC(932) Tenured: 67929K->68011K(1398144K)
[1389.204s][info][gc,metaspace   ] GC(932) Metaspace: 91518K(97968K)->91518K(97968K) NonClass: 79936K(83376K)->79936K(83376K) Class: 11582K(14592K)->11582K(14592K)
[1389.204s][info][gc             ] GC(932) Pause Young (Allocation Failure) 618M->74M(1979M) 8.736ms
[1389.204s][info][gc,cpu         ] GC(932) User=0.00s Sys=0.00s Real=0.01s
[1389.899s][info][gc,start       ] GC(933) Pause Young (Allocation Failure)
[1389.909s][info][gc,heap        ] GC(933) DefNew: 567303K->7726K(629120K)
[1389.909s][info][gc,heap        ] GC(933) Tenured: 68011K->68204K(1398144K)
[1389.909s][info][gc,metaspace   ] GC(933) Metaspace: 91518K(97968K)->91518K(97968K) NonClass: 79936K(83376K)->79936K(83376K) Class: 11582K(14592K)->11582K(14592K)
[1389.909s][info][gc             ] GC(933) Pause Young (Allocation Failure) 620M->74M(1979M) 10.294ms
[1389.909s][info][gc,cpu         ] GC(933) User=0.00s Sys=0.00s Real=0.01s
[1389.938s][info][gc,start       ] GC(934) Pause Full (System.gc())
[1389.940s][info][gc,phases,start] GC(934) Phase 1: Mark live objects
[1389.994s][info][gc,phases      ] GC(934) Phase 1: Mark live objects 53.673ms
[1389.994s][info][gc,phases,start] GC(934) Phase 2: Compute new object addresses
[1390.010s][info][gc,phases      ] GC(934) Phase 2: Compute new object addresses 16.276ms
[1390.010s][info][gc,phases,start] GC(934) Phase 3: Adjust pointers
[1390.042s][info][gc,phases      ] GC(934) Phase 3: Adjust pointers 31.536ms
[1390.042s][info][gc,phases,start] GC(934) Phase 4: Move objects
[1390.043s][info][gc,phases      ] GC(934) Phase 4: Move objects 0.610ms
[1390.043s][info][gc,heap        ] GC(934) DefNew: 53297K->0K(629120K)
[1390.043s][info][gc,heap        ] GC(934) Tenured: 68204K->70586K(1398144K)
[1390.043s][info][gc,metaspace   ] GC(934) Metaspace: 91518K(97968K)->91518K(97968K) NonClass: 79936K(83376K)->79936K(83376K) Class: 11582K(14592K)->11582K(14592K)
[1390.043s][info][gc             ] GC(934) Pause Full (System.gc()) 118M->68M(1979M) 105.331ms
[1390.044s][info][gc,cpu         ] GC(934) User=0.11s Sys=0.00s Real=0.10s
[1390.548s][info][gc,start       ] GC(935) Pause Young (Allocation Failure)
[1390.551s][info][gc,heap        ] GC(935) DefNew: 559232K->3055K(629120K)
[1390.551s][info][gc,heap        ] GC(935) Tenured: 70586K->70586K(1398144K)
[1390.551s][info][gc,metaspace   ] GC(935) Metaspace: 91518K(97968K)->91518K(97968K) NonClass: 79936K(83376K)->79936K(83376K) Class: 11582K(14592K)->11582K(14592K)
[1390.551s][info][gc             ] GC(935) Pause Young (Allocation Failure) 615M->71M(1979M) 3.324ms
[1390.551s][info][gc,cpu         ] GC(935) User=0.00s Sys=0.00s Real=0.00s
[1392.557s][info][gc,start       ] GC(936) Pause Young (Allocation Failure)
[1392.563s][info][gc,heap        ] GC(936) DefNew: 560883K->4398K(629120K)
[1392.563s][info][gc,heap        ] GC(936) Tenured: 70586K->70586K(1398144K)
[1392.563s][info][gc,metaspace   ] GC(936) Metaspace: 91524K(97968K)->91524K(97968K) NonClass: 79941K(83376K)->79941K(83376K) Class: 11582K(14592K)->11582K(14592K)
[1392.563s][info][gc             ] GC(936) Pause Young (Allocation Failure) 616M->73M(1979M) 5.253ms
[1392.563s][info][gc,cpu         ] GC(936) User=0.00s Sys=0.00s Real=0.00s
[1394.484s][info][gc,start       ] GC(937) Pause Young (Allocation Failure)
[1394.490s][info][gc,heap        ] GC(937) DefNew: 563322K->4973K(629120K)
[1394.490s][info][gc,heap        ] GC(937) Tenured: 70586K->70586K(1398144K)
[1394.490s][info][gc,metaspace   ] GC(937) Metaspace: 91524K(97968K)->91524K(97968K) NonClass: 79941K(83376K)->79941K(83376K) Class: 11582K(14592K)->11582K(14592K)
[1394.490s][info][gc             ] GC(937) Pause Young (Allocation Failure) 619M->73M(1979M) 5.609ms
[1394.490s][info][gc,cpu         ] GC(937) User=0.00s Sys=0.00s Real=0.00s
[1396.268s][info][gc,start       ] GC(938) Pause Young (Allocation Failure)
[1396.279s][info][gc,heap        ] GC(938) DefNew: 564205K->7336K(629120K)
[1396.279s][info][gc,heap        ] GC(938) Tenured: 70586K->70586K(1398144K)
[1396.279s][info][gc,metaspace   ] GC(938) Metaspace: 91524K(97968K)->91524K(97968K) NonClass: 79941K(83376K)->79941K(83376K) Class: 11582K(14592K)->11582K(14592K)
[1396.279s][info][gc             ] GC(938) Pause Young (Allocation Failure) 619M->76M(1979M) 10.743ms
[1396.279s][info][gc,cpu         ] GC(938) User=0.02s Sys=0.00s Real=0.01s
[1396.773s][info][gc,start       ] GC(939) Pause Young (Allocation Failure)
[1396.780s][info][gc,heap        ] GC(939) DefNew: 565170K->11668K(629120K)
[1396.780s][info][gc,heap        ] GC(939) Tenured: 70586K->70586K(1398144K)
[1396.780s][info][gc,metaspace   ] GC(939) Metaspace: 91524K(97968K)->91524K(97968K) NonClass: 79941K(83376K)->79941K(83376K) Class: 11582K(14592K)->11582K(14592K)
[1396.780s][info][gc             ] GC(939) Pause Young (Allocation Failure) 620M->80M(1979M) 7.393ms
[1396.780s][info][gc,cpu         ] GC(939) User=0.00s Sys=0.00s Real=0.01s
[1398.283s][info][gc,start       ] GC(940) Pause Young (Allocation Failure)
[1398.291s][info][gc,heap        ] GC(940) DefNew: 570900K->6363K(629120K)
[1398.291s][info][gc,heap        ] GC(940) Tenured: 70586K->70586K(1398144K)
[1398.291s][info][gc,metaspace   ] GC(940) Metaspace: 91524K(97968K)->91524K(97968K) NonClass: 79941K(83376K)->79941K(83376K) Class: 11582K(14592K)->11582K(14592K)
[1398.291s][info][gc             ] GC(940) Pause Young (Allocation Failure) 626M->75M(1979M) 7.471ms
[1398.291s][info][gc,cpu         ] GC(940) User=0.00s Sys=0.00s Real=0.01s
[1400.281s][info][gc,start       ] GC(941) Pause Young (Allocation Failure)
[1400.286s][info][gc,heap        ] GC(941) DefNew: 565595K->5196K(629120K)
[1400.286s][info][gc,heap        ] GC(941) Tenured: 70586K->70586K(1398144K)
[1400.286s][info][gc,metaspace   ] GC(941) Metaspace: 91524K(97968K)->91524K(97968K) NonClass: 79941K(83376K)->79941K(83376K) Class: 11582K(14592K)->11582K(14592K)
[1400.286s][info][gc             ] GC(941) Pause Young (Allocation Failure) 621M->74M(1979M) 5.782ms
[1400.287s][info][gc,cpu         ] GC(941) User=0.00s Sys=0.00s Real=0.01s
[1402.886s][info][gc,start       ] GC(942) Pause Young (Allocation Failure)
[1402.891s][info][gc,heap        ] GC(942) DefNew: 564326K->5870K(629120K)
[1402.892s][info][gc,heap        ] GC(942) Tenured: 70586K->70586K(1398144K)
[1402.892s][info][gc,metaspace   ] GC(942) Metaspace: 91524K(97968K)->91524K(97968K) NonClass: 79941K(83376K)->79941K(83376K) Class: 11582K(14592K)->11582K(14592K)
[1402.892s][info][gc             ] GC(942) Pause Young (Allocation Failure) 620M->74M(1979M) 5.884ms
[1402.892s][info][gc,cpu         ] GC(942) User=0.00s Sys=0.00s Real=0.01s
[1403.519s][info][gc,start       ] GC(943) Pause Young (Allocation Failure)
[1403.527s][info][gc,heap        ] GC(943) DefNew: 561518K->16402K(629120K)
[1403.527s][info][gc,heap        ] GC(943) Tenured: 70586K->70586K(1398144K)
[1403.527s][info][gc,metaspace   ] GC(943) Metaspace: 91524K(97968K)->91524K(97968K) NonClass: 79941K(83376K)->79941K(83376K) Class: 11582K(14592K)->11582K(14592K)
[1403.527s][info][gc             ] GC(943) Pause Young (Allocation Failure) 617M->84M(1979M) 8.777ms
[1403.527s][info][gc,cpu         ] GC(943) User=0.00s Sys=0.00s Real=0.01s
[1404.244s][info][gc,start       ] GC(944) Pause Young (Allocation Failure)
[1404.250s][info][gc,heap        ] GC(944) DefNew: 575634K->5207K(629120K)
[1404.250s][info][gc,heap        ] GC(944) Tenured: 70586K->70586K(1398144K)
[1404.250s][info][gc,metaspace   ] GC(944) Metaspace: 91524K(97968K)->91524K(97968K) NonClass: 79941K(83376K)->79941K(83376K) Class: 11582K(14592K)->11582K(14592K)
[1404.250s][info][gc             ] GC(944) Pause Young (Allocation Failure) 631M->74M(1979M) 5.600ms
[1404.250s][info][gc,cpu         ] GC(944) User=0.00s Sys=0.00s Real=0.00s
[1406.646s][info][gc,start       ] GC(945) Pause Young (Allocation Failure)
[1406.652s][info][gc,heap        ] GC(945) DefNew: 564439K->6512K(629120K)
[1406.652s][info][gc,heap        ] GC(945) Tenured: 70586K->70586K(1398144K)
[1406.652s][info][gc,metaspace   ] GC(945) Metaspace: 91524K(97968K)->91524K(97968K) NonClass: 79941K(83376K)->79941K(83376K) Class: 11582K(14592K)->11582K(14592K)
[1406.652s][info][gc             ] GC(945) Pause Young (Allocation Failure) 620M->75M(1979M) 6.674ms
[1406.652s][info][gc,cpu         ] GC(945) User=0.00s Sys=0.00s Real=0.01s
[1408.652s][info][gc,start       ] GC(946) Pause Young (Allocation Failure)
[1408.659s][info][gc,heap        ] GC(946) DefNew: 562725K->6258K(629120K)
[1408.659s][info][gc,heap        ] GC(946) Tenured: 70586K->70586K(1398144K)
[1408.659s][info][gc,metaspace   ] GC(946) Metaspace: 91524K(97968K)->91524K(97968K) NonClass: 79941K(83376K)->79941K(83376K) Class: 11582K(14592K)->11582K(14592K)
[1408.659s][info][gc             ] GC(946) Pause Young (Allocation Failure) 618M->75M(1979M) 6.720ms
[1408.659s][info][gc,cpu         ] GC(946) User=0.00s Sys=0.00s Real=0.01s
[1409.935s][info][gc,start       ] GC(947) Pause Young (Allocation Failure)
[1409.957s][info][gc,heap        ] GC(947) DefNew: 565490K->11774K(629120K)
[1409.957s][info][gc,heap        ] GC(947) Tenured: 70586K->70586K(1398144K)
[1409.957s][info][gc,metaspace   ] GC(947) Metaspace: 91524K(97968K)->91524K(97968K) NonClass: 79941K(83376K)->79941K(83376K) Class: 11582K(14592K)->11582K(14592K)
[1409.957s][info][gc             ] GC(947) Pause Young (Allocation Failure) 621M->80M(1979M) 21.173ms
[1409.957s][info][gc,cpu         ] GC(947) User=0.00s Sys=0.00s Real=0.02s
[1410.520s][info][gc,start       ] GC(948) Pause Young (Allocation Failure)
[1410.526s][info][gc,heap        ] GC(948) DefNew: 568899K->8472K(629120K)
[1410.526s][info][gc,heap        ] GC(948) Tenured: 70586K->70586K(1398144K)
[1410.526s][info][gc,metaspace   ] GC(948) Metaspace: 91524K(97968K)->91524K(97968K) NonClass: 79941K(83376K)->79941K(83376K) Class: 11582K(14592K)->11582K(14592K)
[1410.526s][info][gc             ] GC(948) Pause Young (Allocation Failure) 624M->77M(1979M) 6.526ms
[1410.527s][info][gc,cpu         ] GC(948) User=0.00s Sys=0.00s Real=0.01s
[1412.455s][info][gc,start       ] GC(949) Pause Young (Allocation Failure)
[1412.464s][info][gc,heap        ] GC(949) DefNew: 567704K->7098K(629120K)
[1412.464s][info][gc,heap        ] GC(949) Tenured: 70586K->70586K(1398144K)
[1412.464s][info][gc,metaspace   ] GC(949) Metaspace: 91524K(97968K)->91524K(97968K) NonClass: 79941K(83376K)->79941K(83376K) Class: 11582K(14592K)->11582K(14592K)
[1412.464s][info][gc             ] GC(949) Pause Young (Allocation Failure) 623M->75M(1979M) 8.249ms
[1412.464s][info][gc,cpu         ] GC(949) User=0.00s Sys=0.00s Real=0.01s
[1414.453s][info][gc,start       ] GC(950) Pause Young (Allocation Failure)
[1414.460s][info][gc,heap        ] GC(950) DefNew: 565750K->6220K(629120K)
[1414.460s][info][gc,heap        ] GC(950) Tenured: 70586K->71050K(1398144K)
[1414.460s][info][gc,metaspace   ] GC(950) Metaspace: 91524K(97968K)->91524K(97968K) NonClass: 79941K(83376K)->79941K(83376K) Class: 11582K(14592K)->11582K(14592K)
[1414.460s][info][gc             ] GC(950) Pause Young (Allocation Failure) 621M->75M(1979M) 6.784ms
[1414.460s][info][gc,cpu         ] GC(950) User=0.00s Sys=0.00s Real=0.01s
[1416.235s][info][gc,start       ] GC(951) Pause Young (Allocation Failure)
[1416.245s][info][gc,heap        ] GC(951) DefNew: 565452K->10861K(629120K)
[1416.245s][info][gc,heap        ] GC(951) Tenured: 71050K->71255K(1398144K)
[1416.245s][info][gc,metaspace   ] GC(951) Metaspace: 91524K(97968K)->91524K(97968K) NonClass: 79941K(83376K)->79941K(83376K) Class: 11582K(14592K)->11582K(14592K)
[1416.245s][info][gc             ] GC(951) Pause Young (Allocation Failure) 621M->80M(1979M) 9.992ms
[1416.245s][info][gc,cpu         ] GC(951) User=0.00s Sys=0.00s Real=0.01s
[1416.851s][info][gc,start       ] GC(952) Pause Young (Allocation Failure)
[1416.859s][info][gc,heap        ] GC(952) DefNew: 566278K->12993K(629120K)
[1416.859s][info][gc,heap        ] GC(952) Tenured: 71255K->71440K(1398144K)
[1416.859s][info][gc,metaspace   ] GC(952) Metaspace: 91524K(97968K)->91524K(97968K) NonClass: 79941K(83376K)->79941K(83376K) Class: 11582K(14592K)->11582K(14592K)
[1416.859s][info][gc             ] GC(952) Pause Young (Allocation Failure) 622M->82M(1979M) 8.294ms
[1416.859s][info][gc,cpu         ] GC(952) User=0.00s Sys=0.00s Real=0.01s
[1418.214s][info][gc,start       ] GC(953) Pause Young (GCLocker Initiated GC)
[1418.221s][info][gc,heap        ] GC(953) DefNew: 572226K->9254K(629120K)
[1418.221s][info][gc,heap        ] GC(953) Tenured: 71440K->71588K(1398144K)
[1418.221s][info][gc,metaspace   ] GC(953) Metaspace: 91524K(97968K)->91524K(97968K) NonClass: 79941K(83376K)->79941K(83376K) Class: 11582K(14592K)->11582K(14592K)
[1418.221s][info][gc             ] GC(953) Pause Young (GCLocker Initiated GC) 628M->78M(1979M) 7.810ms
[1418.222s][info][gc,cpu         ] GC(953) User=0.00s Sys=0.00s Real=0.01s
[1420.126s][info][gc,start       ] GC(954) Pause Young (Allocation Failure)
[1420.134s][info][gc,heap        ] GC(954) DefNew: 567698K->7905K(629120K)
[1420.134s][info][gc,heap        ] GC(954) Tenured: 71588K->71654K(1398144K)
[1420.134s][info][gc,metaspace   ] GC(954) Metaspace: 91524K(97968K)->91524K(97968K) NonClass: 79941K(83376K)->79941K(83376K) Class: 11582K(14592K)->11582K(14592K)
[1420.134s][info][gc             ] GC(954) Pause Young (Allocation Failure) 624M->77M(1979M) 8.822ms
[1420.134s][info][gc,cpu         ] GC(954) User=0.00s Sys=0.00s Real=0.01s
[1420.673s][info][gc,start       ] GC(955) Pause Young (Allocation Failure)
[1420.681s][info][gc,heap        ] GC(955) DefNew: 563907K->17790K(629120K)
[1420.681s][info][gc,heap        ] GC(955) Tenured: 71654K->71835K(1398144K)
[1420.681s][info][gc,metaspace   ] GC(955) Metaspace: 91524K(97968K)->91524K(97968K) NonClass: 79941K(83376K)->79941K(83376K) Class: 11582K(14592K)->11582K(14592K)
[1420.681s][info][gc             ] GC(955) Pause Young (Allocation Failure) 620M->87M(1979M) 8.334ms
[1420.682s][info][gc,cpu         ] GC(955) User=0.00s Sys=0.00s Real=0.01s
[1422.137s][info][gc,start       ] GC(956) Pause Young (Allocation Failure)
[1422.143s][info][gc,heap        ] GC(956) DefNew: 575804K->5623K(629120K)
[1422.143s][info][gc,heap        ] GC(956) Tenured: 71835K->71973K(1398144K)
[1422.143s][info][gc,metaspace   ] GC(956) Metaspace: 91524K(97968K)->91524K(97968K) NonClass: 79941K(83376K)->79941K(83376K) Class: 11582K(14592K)->11582K(14592K)
[1422.143s][info][gc             ] GC(956) Pause Young (Allocation Failure) 632M->75M(1979M) 6.313ms
[1422.143s][info][gc,cpu         ] GC(956) User=0.00s Sys=0.00s Real=0.01s
[1424.004s][info][gc,start       ] GC(957) Pause Young (Allocation Failure)
[1424.013s][info][gc,heap        ] GC(957) DefNew: 564855K->8188K(629120K)
[1424.013s][info][gc,heap        ] GC(957) Tenured: 71973K->72138K(1398144K)
[1424.013s][info][gc,metaspace   ] GC(957) Metaspace: 91524K(97968K)->91524K(97968K) NonClass: 79941K(83376K)->79941K(83376K) Class: 11582K(14592K)->11582K(14592K)
[1424.013s][info][gc             ] GC(957) Pause Young (Allocation Failure) 621M->78M(1979M) 8.879ms
[1424.013s][info][gc,cpu         ] GC(957) User=0.00s Sys=0.00s Real=0.01s
[1424.457s][info][gc,start       ] GC(958) Pause Young (Allocation Failure)
[1424.464s][info][gc,heap        ] GC(958) DefNew: 566265K->8686K(629120K)
[1424.464s][info][gc,heap        ] GC(958) Tenured: 72138K->72255K(1398144K)
[1424.464s][info][gc,metaspace   ] GC(958) Metaspace: 91524K(97968K)->91524K(97968K) NonClass: 79941K(83376K)->79941K(83376K) Class: 11582K(14592K)->11582K(14592K)
[1424.464s][info][gc             ] GC(958) Pause Young (Allocation Failure) 623M->79M(1979M) 7.258ms
[1424.465s][info][gc,cpu         ] GC(958) User=0.00s Sys=0.00s Real=0.01s
[1425.957s][info][gc,start       ] GC(959) Pause Young (GCLocker Initiated GC)
[1425.964s][info][gc,heap        ] GC(959) DefNew: 567918K->7857K(629120K)
[1425.964s][info][gc,heap        ] GC(959) Tenured: 72255K->72395K(1398144K)
[1425.964s][info][gc,metaspace   ] GC(959) Metaspace: 91524K(97968K)->91524K(97968K) NonClass: 79941K(83376K)->79941K(83376K) Class: 11582K(14592K)->11582K(14592K)
[1425.964s][info][gc             ] GC(959) Pause Young (GCLocker Initiated GC) 625M->78M(1979M) 7.559ms
[1425.964s][info][gc,cpu         ] GC(959) User=0.00s Sys=0.00s Real=0.01s
[1427.658s][info][gc,start       ] GC(960) Pause Young (Allocation Failure)
[1427.667s][info][gc,heap        ] GC(960) DefNew: 567089K->8451K(629120K)
[1427.667s][info][gc,heap        ] GC(960) Tenured: 72395K->72530K(1398144K)
[1427.667s][info][gc,metaspace   ] GC(960) Metaspace: 91524K(97968K)->91524K(97968K) NonClass: 79941K(83376K)->79941K(83376K) Class: 11582K(14592K)->11582K(14592K)
[1427.667s][info][gc             ] GC(960) Pause Young (Allocation Failure) 624M->79M(1979M) 9.626ms
[1427.667s][info][gc,cpu         ] GC(960) User=0.00s Sys=0.00s Real=0.01s
[1428.129s][info][gc,start       ] GC(961) Pause Young (Allocation Failure)
[1428.138s][info][gc,heap        ] GC(961) DefNew: 567683K->13009K(629120K)
[1428.138s][info][gc,heap        ] GC(961) Tenured: 72530K->72718K(1398144K)
[1428.138s][info][gc,metaspace   ] GC(961) Metaspace: 91524K(97968K)->91524K(97968K) NonClass: 79941K(83376K)->79941K(83376K) Class: 11582K(14592K)->11582K(14592K)
[1428.138s][info][gc             ] GC(961) Pause Young (Allocation Failure) 625M->83M(1979M) 8.637ms
[1428.138s][info][gc,cpu         ] GC(961) User=0.00s Sys=0.00s Real=0.01s
[1429.648s][info][gc,start       ] GC(962) Pause Young (Allocation Failure)
[1429.655s][info][gc,heap        ] GC(962) DefNew: 572155K->5789K(629120K)
[1429.655s][info][gc,heap        ] GC(962) Tenured: 72718K->72833K(1398144K)
[1429.655s][info][gc,metaspace   ] GC(962) Metaspace: 91524K(97968K)->91524K(97968K) NonClass: 79941K(83376K)->79941K(83376K) Class: 11582K(14592K)->11582K(14592K)
[1429.655s][info][gc             ] GC(962) Pause Young (Allocation Failure) 629M->76M(1979M) 6.998ms
[1429.655s][info][gc,cpu         ] GC(962) User=0.00s Sys=0.00s Real=0.01s
[1431.499s][info][gc,start       ] GC(963) Pause Young (Allocation Failure)
[1431.510s][info][gc,heap        ] GC(963) DefNew: 565021K->8569K(629120K)
[1431.510s][info][gc,heap        ] GC(963) Tenured: 72833K->72917K(1398144K)
[1431.510s][info][gc,metaspace   ] GC(963) Metaspace: 91524K(97968K)->91524K(97968K) NonClass: 79941K(83376K)->79941K(83376K) Class: 11582K(14592K)->11582K(14592K)
[1431.510s][info][gc             ] GC(963) Pause Young (Allocation Failure) 622M->79M(1979M) 10.539ms
[1431.510s][info][gc,cpu         ] GC(963) User=0.00s Sys=0.00s Real=0.01s
[1432.198s][info][gc,start       ] GC(964) Pause Young (Allocation Failure)
[1432.207s][info][gc,heap        ] GC(964) DefNew: 567801K->7513K(629120K)
[1432.207s][info][gc,heap        ] GC(964) Tenured: 72917K->73109K(1398144K)
[1432.207s][info][gc,metaspace   ] GC(964) Metaspace: 91524K(97968K)->91524K(97968K) NonClass: 79941K(83376K)->79941K(83376K) Class: 11582K(14592K)->11582K(14592K)
[1432.207s][info][gc             ] GC(964) Pause Young (Allocation Failure) 625M->78M(1979M) 8.492ms
[1432.207s][info][gc,cpu         ] GC(964) User=0.00s Sys=0.00s Real=0.01s
[1432.237s][info][gc,start       ] GC(965) Pause Full (System.gc())
[1432.239s][info][gc,phases,start] GC(965) Phase 1: Mark live objects
[1432.294s][info][gc,phases      ] GC(965) Phase 1: Mark live objects 54.154ms
[1432.294s][info][gc,phases,start] GC(965) Phase 2: Compute new object addresses
[1432.307s][info][gc,phases      ] GC(965) Phase 2: Compute new object addresses 13.001ms
[1432.307s][info][gc,phases,start] GC(965) Phase 3: Adjust pointers
[1432.338s][info][gc,phases      ] GC(965) Phase 3: Adjust pointers 31.678ms
[1432.338s][info][gc,phases,start] GC(965) Phase 4: Move objects
[1432.339s][info][gc,phases      ] GC(965) Phase 4: Move objects 0.544ms
[1432.340s][info][gc,heap        ] GC(965) DefNew: 29309K->0K(629120K)
[1432.340s][info][gc,heap        ] GC(965) Tenured: 73109K->75304K(1398144K)
[1432.340s][info][gc,metaspace   ] GC(965) Metaspace: 91524K(97968K)->91524K(97968K) NonClass: 79941K(83376K)->79941K(83376K) Class: 11582K(14592K)->11582K(14592K)
[1432.340s][info][gc             ] GC(965) Pause Full (System.gc()) 100M->73M(1979M) 102.999ms
[1432.340s][info][gc,cpu         ] GC(965) User=0.06s Sys=0.00s Real=0.10s
[1432.816s][info][gc,start       ] GC(966) Pause Young (Allocation Failure)
[1432.819s][info][gc,heap        ] GC(966) DefNew: 558050K->3081K(629120K)
[1432.819s][info][gc,heap        ] GC(966) Tenured: 75304K->75304K(1398144K)
[1432.819s][info][gc,metaspace   ] GC(966) Metaspace: 91524K(97968K)->91524K(97968K) NonClass: 79941K(83376K)->79941K(83376K) Class: 11582K(14592K)->11582K(14592K)
[1432.819s][info][gc             ] GC(966) Pause Young (Allocation Failure) 618M->76M(1979M) 3.409ms
[1432.819s][info][gc,cpu         ] GC(966) User=0.00s Sys=0.00s Real=0.00s
[1434.805s][info][gc,start       ] GC(967) Pause Young (Allocation Failure)
[1434.810s][info][gc,heap        ] GC(967) DefNew: 560922K->4412K(629120K)
[1434.810s][info][gc,heap        ] GC(967) Tenured: 75304K->75304K(1398144K)
[1434.810s][info][gc,metaspace   ] GC(967) Metaspace: 91524K(97968K)->91524K(97968K) NonClass: 79941K(83376K)->79941K(83376K) Class: 11582K(14592K)->11582K(14592K)
[1434.810s][info][gc             ] GC(967) Pause Young (Allocation Failure) 621M->77M(1979M) 4.464ms
[1434.810s][info][gc,cpu         ] GC(967) User=0.00s Sys=0.00s Real=0.00s
[1436.752s][info][gc,start       ] GC(968) Pause Young (Allocation Failure)
[1436.757s][info][gc,heap        ] GC(968) DefNew: 563305K->4975K(629120K)
[1436.757s][info][gc,heap        ] GC(968) Tenured: 75304K->75304K(1398144K)
[1436.757s][info][gc,metaspace   ] GC(968) Metaspace: 91524K(97968K)->91524K(97968K) NonClass: 79941K(83376K)->79941K(83376K) Class: 11582K(14592K)->11582K(14592K)
[1436.757s][info][gc             ] GC(968) Pause Young (Allocation Failure) 623M->78M(1979M) 5.500ms
[1436.757s][info][gc,cpu         ] GC(968) User=0.00s Sys=0.00s Real=0.00s
[1438.447s][info][gc,start       ] GC(969) Pause Young (Allocation Failure)
[1438.455s][info][gc,heap        ] GC(969) DefNew: 564207K->6742K(629120K)
[1438.455s][info][gc,heap        ] GC(969) Tenured: 75304K->75304K(1398144K)
[1438.455s][info][gc,metaspace   ] GC(969) Metaspace: 91524K(97968K)->91524K(97968K) NonClass: 79941K(83376K)->79941K(83376K) Class: 11582K(14592K)->11582K(14592K)
[1438.455s][info][gc             ] GC(969) Pause Young (Allocation Failure) 624M->80M(1979M) 7.626ms
[1438.455s][info][gc,cpu         ] GC(969) User=0.00s Sys=0.00s Real=0.01s
[1438.930s][info][gc,start       ] GC(970) Pause Young (Allocation Failure)
[1438.936s][info][gc,heap        ] GC(970) DefNew: 562414K->12093K(629120K)
[1438.937s][info][gc,heap        ] GC(970) Tenured: 75304K->75304K(1398144K)
[1438.937s][info][gc,metaspace   ] GC(970) Metaspace: 91524K(97968K)->91524K(97968K) NonClass: 79941K(83376K)->79941K(83376K) Class: 11582K(14592K)->11582K(14592K)
[1438.937s][info][gc             ] GC(970) Pause Young (Allocation Failure) 622M->85M(1979M) 6.560ms
[1438.937s][info][gc,cpu         ] GC(970) User=0.00s Sys=0.00s Real=0.01s
[1440.331s][info][gc,start       ] GC(971) Pause Young (Allocation Failure)
[1440.337s][info][gc,heap        ] GC(971) DefNew: 571325K->5644K(629120K)
[1440.337s][info][gc,heap        ] GC(971) Tenured: 75304K->75304K(1398144K)
[1440.337s][info][gc,metaspace   ] GC(971) Metaspace: 91524K(97968K)->91524K(97968K) NonClass: 79941K(83376K)->79941K(83376K) Class: 11582K(14592K)->11582K(14592K)
[1440.337s][info][gc             ] GC(971) Pause Young (Allocation Failure) 631M->79M(1979M) 6.280ms
[1440.337s][info][gc,cpu         ] GC(971) User=0.00s Sys=0.00s Real=0.01s
[1442.303s][info][gc,start       ] GC(972) Pause Young (Allocation Failure)
[1442.308s][info][gc,heap        ] GC(972) DefNew: 564876K->5359K(629120K)
[1442.308s][info][gc,heap        ] GC(972) Tenured: 75304K->75304K(1398144K)
[1442.308s][info][gc,metaspace   ] GC(972) Metaspace: 91524K(97968K)->91524K(97968K) NonClass: 79941K(83376K)->79941K(83376K) Class: 11582K(14592K)->11582K(14592K)
[1442.308s][info][gc             ] GC(972) Pause Young (Allocation Failure) 625M->78M(1979M) 5.455ms
[1442.308s][info][gc,cpu         ] GC(972) User=0.00s Sys=0.00s Real=0.01s
[1444.827s][info][gc,start       ] GC(973) Pause Young (Allocation Failure)
[1444.833s][info][gc,heap        ] GC(973) DefNew: 563888K->5875K(629120K)
[1444.833s][info][gc,heap        ] GC(973) Tenured: 75304K->75304K(1398144K)
[1444.833s][info][gc,metaspace   ] GC(973) Metaspace: 91524K(97968K)->91524K(97968K) NonClass: 79942K(83376K)->79942K(83376K) Class: 11582K(14592K)->11582K(14592K)
[1444.833s][info][gc             ] GC(973) Pause Young (Allocation Failure) 624M->79M(1979M) 6.018ms
[1444.833s][info][gc,cpu         ] GC(973) User=0.00s Sys=0.00s Real=0.01s
[1445.452s][info][gc,start       ] GC(974) Pause Young (Allocation Failure)
[1445.462s][info][gc,heap        ] GC(974) DefNew: 562199K->24847K(629120K)
[1445.462s][info][gc,heap        ] GC(974) Tenured: 75304K->75304K(1398144K)
[1445.462s][info][gc,metaspace   ] GC(974) Metaspace: 91524K(97968K)->91524K(97968K) NonClass: 79942K(83376K)->79942K(83376K) Class: 11582K(14592K)->11582K(14592K)
[1445.462s][info][gc             ] GC(974) Pause Young (Allocation Failure) 622M->97M(1979M) 9.706ms
[1445.462s][info][gc,cpu         ] GC(974) User=0.00s Sys=0.00s Real=0.01s
[1446.187s][info][gc,start       ] GC(975) Pause Young (Allocation Failure)
[1446.192s][info][gc,heap        ] GC(975) DefNew: 584079K->5043K(629120K)
[1446.192s][info][gc,heap        ] GC(975) Tenured: 75304K->75304K(1398144K)
[1446.192s][info][gc,metaspace   ] GC(975) Metaspace: 91524K(97968K)->91524K(97968K) NonClass: 79942K(83376K)->79942K(83376K) Class: 11582K(14592K)->11582K(14592K)
[1446.192s][info][gc             ] GC(975) Pause Young (Allocation Failure) 643M->78M(1979M) 5.362ms
[1446.193s][info][gc,cpu         ] GC(975) User=0.00s Sys=0.00s Real=0.01s
[1448.614s][info][gc,start       ] GC(976) Pause Young (Allocation Failure)
[1448.620s][info][gc,heap        ] GC(976) DefNew: 563591K->6212K(629120K)
[1448.620s][info][gc,heap        ] GC(976) Tenured: 75304K->75304K(1398144K)
[1448.620s][info][gc,metaspace   ] GC(976) Metaspace: 91524K(97968K)->91524K(97968K) NonClass: 79942K(83376K)->79942K(83376K) Class: 11582K(14592K)->11582K(14592K)
[1448.620s][info][gc             ] GC(976) Pause Young (Allocation Failure) 623M->79M(1979M) 6.010ms
[1448.620s][info][gc,cpu         ] GC(976) User=0.00s Sys=0.00s Real=0.01s
[1450.560s][info][gc,start       ] GC(977) Pause Young (Allocation Failure)
[1450.567s][info][gc,heap        ] GC(977) DefNew: 564757K->6830K(629120K)
[1450.567s][info][gc,heap        ] GC(977) Tenured: 75304K->75304K(1398144K)
[1450.567s][info][gc,metaspace   ] GC(977) Metaspace: 91524K(97968K)->91524K(97968K) NonClass: 79942K(83376K)->79942K(83376K) Class: 11582K(14592K)->11582K(14592K)
[1450.567s][info][gc             ] GC(977) Pause Young (Allocation Failure) 625M->80M(1979M) 7.770ms
[1450.567s][info][gc,cpu         ] GC(977) User=0.00s Sys=0.00s Real=0.01s
[1451.904s][info][gc,start       ] GC(978) Pause Young (Allocation Failure)
[1451.922s][info][gc,heap        ] GC(978) DefNew: 566062K->11763K(629120K)
[1451.922s][info][gc,heap        ] GC(978) Tenured: 75304K->75304K(1398144K)
[1451.922s][info][gc,metaspace   ] GC(978) Metaspace: 91524K(97968K)->91524K(97968K) NonClass: 79942K(83376K)->79942K(83376K) Class: 11582K(14592K)->11582K(14592K)
[1451.922s][info][gc             ] GC(978) Pause Young (Allocation Failure) 626M->85M(1979M) 18.107ms
[1451.922s][info][gc,cpu         ] GC(978) User=0.00s Sys=0.00s Real=0.02s
[1452.398s][info][gc,start       ] GC(979) Pause Young (Allocation Failure)
[1452.406s][info][gc,heap        ] GC(979) DefNew: 570375K->8919K(629120K)
[1452.406s][info][gc,heap        ] GC(979) Tenured: 75304K->75304K(1398144K)
[1452.406s][info][gc,metaspace   ] GC(979) Metaspace: 91524K(97968K)->91524K(97968K) NonClass: 79942K(83376K)->79942K(83376K) Class: 11582K(14592K)->11582K(14592K)
[1452.406s][info][gc             ] GC(979) Pause Young (Allocation Failure) 630M->82M(1979M) 8.188ms
[1452.406s][info][gc,cpu         ] GC(979) User=0.00s Sys=0.00s Real=0.01s
[1454.448s][info][gc,start       ] GC(980) Pause Young (Allocation Failure)
[1454.455s][info][gc,heap        ] GC(980) DefNew: 568151K->6899K(629120K)
[1454.455s][info][gc,heap        ] GC(980) Tenured: 75304K->75304K(1398144K)
[1454.455s][info][gc,metaspace   ] GC(980) Metaspace: 91524K(97968K)->91524K(97968K) NonClass: 79942K(83376K)->79942K(83376K) Class: 11582K(14592K)->11582K(14592K)
[1454.456s][info][gc             ] GC(980) Pause Young (Allocation Failure) 628M->80M(1979M) 7.975ms
[1454.456s][info][gc,cpu         ] GC(980) User=0.00s Sys=0.00s Real=0.01s
[1456.521s][info][gc,start       ] GC(981) Pause Young (Allocation Failure)
[1456.528s][info][gc,heap        ] GC(981) DefNew: 566090K->6269K(629120K)
[1456.528s][info][gc,heap        ] GC(981) Tenured: 75304K->75790K(1398144K)
[1456.528s][info][gc,metaspace   ] GC(981) Metaspace: 91524K(97968K)->91524K(97968K) NonClass: 79942K(83376K)->79942K(83376K) Class: 11582K(14592K)->11582K(14592K)
[1456.528s][info][gc             ] GC(981) Pause Young (Allocation Failure) 626M->80M(1979M) 6.888ms
[1456.528s][info][gc,cpu         ] GC(981) User=0.00s Sys=0.00s Real=0.01s
[1458.352s][info][gc,start       ] GC(982) Pause Young (GCLocker Initiated GC)
[1458.362s][info][gc,heap        ] GC(982) DefNew: 565565K->10956K(629120K)
[1458.362s][info][gc,heap        ] GC(982) Tenured: 75790K->75978K(1398144K)
[1458.362s][info][gc,metaspace   ] GC(982) Metaspace: 91524K(97968K)->91524K(97968K) NonClass: 79942K(83376K)->79942K(83376K) Class: 11582K(14592K)->11582K(14592K)
[1458.362s][info][gc             ] GC(982) Pause Young (GCLocker Initiated GC) 626M->84M(1979M) 10.052ms
[1458.362s][info][gc,cpu         ] GC(982) User=0.00s Sys=0.00s Real=0.01s
[1458.977s][info][gc,start       ] GC(983) Pause Young (Allocation Failure)
[1458.985s][info][gc,heap        ] GC(983) DefNew: 566615K->17549K(629120K)
[1458.985s][info][gc,heap        ] GC(983) Tenured: 75978K->76164K(1398144K)
[1458.985s][info][gc,metaspace   ] GC(983) Metaspace: 91524K(97968K)->91524K(97968K) NonClass: 79942K(83376K)->79942K(83376K) Class: 11582K(14592K)->11582K(14592K)
[1458.985s][info][gc             ] GC(983) Pause Young (Allocation Failure) 627M->91M(1979M) 8.345ms
[1458.985s][info][gc,cpu         ] GC(983) User=0.00s Sys=0.00s Real=0.01s
[1460.312s][info][gc,start       ] GC(984) Pause Young (Allocation Failure)
[1460.320s][info][gc,heap        ] GC(984) DefNew: 576781K->9451K(629120K)
[1460.320s][info][gc,heap        ] GC(984) Tenured: 76164K->76314K(1398144K)
[1460.320s][info][gc,metaspace   ] GC(984) Metaspace: 91524K(97968K)->91524K(97968K) NonClass: 79942K(83376K)->79942K(83376K) Class: 11582K(14592K)->11582K(14592K)
[1460.320s][info][gc             ] GC(984) Pause Young (Allocation Failure) 637M->83M(1979M) 7.911ms
[1460.320s][info][gc,cpu         ] GC(984) User=0.00s Sys=0.00s Real=0.01s
[1462.206s][info][gc,start       ] GC(985) Pause Young (Allocation Failure)
[1462.214s][info][gc,heap        ] GC(985) DefNew: 568518K->7860K(629120K)
[1462.215s][info][gc,heap        ] GC(985) Tenured: 76314K->76457K(1398144K)
[1462.215s][info][gc,metaspace   ] GC(985) Metaspace: 91526K(97968K)->91526K(97968K) NonClass: 79944K(83376K)->79944K(83376K) Class: 11582K(14592K)->11582K(14592K)
[1462.215s][info][gc             ] GC(985) Pause Young (Allocation Failure) 629M->82M(1979M) 8.989ms
[1462.215s][info][gc,cpu         ] GC(985) User=0.00s Sys=0.00s Real=0.01s
[1462.729s][info][gc,start       ] GC(986) Pause Young (Allocation Failure)
[1462.738s][info][gc,heap        ] GC(986) DefNew: 565081K->21880K(629120K)
[1462.738s][info][gc,heap        ] GC(986) Tenured: 76457K->76637K(1398144K)
[1462.738s][info][gc,metaspace   ] GC(986) Metaspace: 91526K(97968K)->91526K(97968K) NonClass: 79944K(83376K)->79944K(83376K) Class: 11582K(14592K)->11582K(14592K)
[1462.738s][info][gc             ] GC(986) Pause Young (Allocation Failure) 626M->96M(1979M) 8.750ms
[1462.738s][info][gc,cpu         ] GC(986) User=0.00s Sys=0.00s Real=0.01s
[1464.241s][info][gc,start       ] GC(987) Pause Young (Allocation Failure)
[1464.248s][info][gc,heap        ] GC(987) DefNew: 577342K->5557K(629120K)
[1464.248s][info][gc,heap        ] GC(987) Tenured: 76637K->76774K(1398144K)
[1464.248s][info][gc,metaspace   ] GC(987) Metaspace: 91526K(97968K)->91526K(97968K) NonClass: 79944K(83376K)->79944K(83376K) Class: 11582K(14592K)->11582K(14592K)
[1464.248s][info][gc             ] GC(987) Pause Young (Allocation Failure) 638M->80M(1979M) 6.246ms
[1464.248s][info][gc,cpu         ] GC(987) User=0.00s Sys=0.00s Real=0.01s
[1466.058s][info][gc,start       ] GC(988) Pause Young (Allocation Failure)
[1466.068s][info][gc,heap        ] GC(988) DefNew: 564789K->7996K(629120K)
[1466.068s][info][gc,heap        ] GC(988) Tenured: 76774K->76933K(1398144K)
[1466.068s][info][gc,metaspace   ] GC(988) Metaspace: 91526K(97968K)->91526K(97968K) NonClass: 79944K(83376K)->79944K(83376K) Class: 11582K(14592K)->11582K(14592K)
[1466.068s][info][gc             ] GC(988) Pause Young (Allocation Failure) 626M->82M(1979M) 9.974ms
[1466.068s][info][gc,cpu         ] GC(988) User=0.00s Sys=0.00s Real=0.01s
[1466.547s][info][gc,start       ] GC(989) Pause Young (Allocation Failure)
[1466.554s][info][gc,heap        ] GC(989) DefNew: 567228K->8501K(629120K)
[1466.554s][info][gc,heap        ] GC(989) Tenured: 76933K->77054K(1398144K)
[1466.554s][info][gc,metaspace   ] GC(989) Metaspace: 91526K(97968K)->91526K(97968K) NonClass: 79944K(83376K)->79944K(83376K) Class: 11582K(14592K)->11582K(14592K)
[1466.554s][info][gc             ] GC(989) Pause Young (Allocation Failure) 629M->83M(1979M) 7.798ms
[1466.554s][info][gc,cpu         ] GC(989) User=0.02s Sys=0.00s Real=0.01s
[1468.053s][info][gc,start       ] GC(990) Pause Young (GCLocker Initiated GC)
[1468.061s][info][gc,heap        ] GC(990) DefNew: 567735K->7916K(629120K)
[1468.061s][info][gc,heap        ] GC(990) Tenured: 77054K->77164K(1398144K)
[1468.061s][info][gc,metaspace   ] GC(990) Metaspace: 91526K(97968K)->91526K(97968K) NonClass: 79944K(83376K)->79944K(83376K) Class: 11582K(14592K)->11582K(14592K)
[1468.061s][info][gc             ] GC(990) Pause Young (GCLocker Initiated GC) 629M->83M(1979M) 7.855ms
[1468.061s][info][gc,cpu         ] GC(990) User=0.00s Sys=0.00s Real=0.01s
[1469.792s][info][gc,start       ] GC(991) Pause Young (Allocation Failure)
[1469.802s][info][gc,heap        ] GC(991) DefNew: 567148K->8534K(629120K)
[1469.802s][info][gc,heap        ] GC(991) Tenured: 77164K->77325K(1398144K)
[1469.802s][info][gc,metaspace   ] GC(991) Metaspace: 91526K(97968K)->91526K(97968K) NonClass: 79944K(83376K)->79944K(83376K) Class: 11582K(14592K)->11582K(14592K)
[1469.802s][info][gc             ] GC(991) Pause Young (Allocation Failure) 629M->83M(1979M) 9.756ms
[1469.802s][info][gc,cpu         ] GC(991) User=0.00s Sys=0.00s Real=0.01s
[1470.280s][info][gc,start       ] GC(992) Pause Young (Allocation Failure)
[1470.288s][info][gc,heap        ] GC(992) DefNew: 566854K->8914K(629120K)
[1470.288s][info][gc,heap        ] GC(992) Tenured: 77325K->77514K(1398144K)
[1470.288s][info][gc,metaspace   ] GC(992) Metaspace: 91548K(97968K)->91548K(97968K) NonClass: 79965K(83376K)->79965K(83376K) Class: 11582K(14592K)->11582K(14592K)
[1470.288s][info][gc             ] GC(992) Pause Young (Allocation Failure) 629M->84M(1979M) 7.784ms
[1470.288s][info][gc,cpu         ] GC(992) User=0.00s Sys=0.00s Real=0.01s
[1471.813s][info][gc,start       ] GC(993) Pause Young (Allocation Failure)
[1471.820s][info][gc,heap        ] GC(993) DefNew: 567748K->5743K(629120K)
[1471.820s][info][gc,heap        ] GC(993) Tenured: 77514K->77638K(1398144K)
[1471.820s][info][gc,metaspace   ] GC(993) Metaspace: 91560K(97968K)->91560K(97968K) NonClass: 79978K(83376K)->79978K(83376K) Class: 11582K(14592K)->11582K(14592K)
[1471.820s][info][gc             ] GC(993) Pause Young (Allocation Failure) 630M->81M(1979M) 7.622ms
[1471.821s][info][gc,cpu         ] GC(993) User=0.03s Sys=0.00s Real=0.01s
[1473.618s][info][gc,start       ] GC(994) Pause Young (Allocation Failure)
[1473.628s][info][gc,heap        ] GC(994) DefNew: 564975K->8110K(629120K)
[1473.628s][info][gc,heap        ] GC(994) Tenured: 77638K->77720K(1398144K)
[1473.628s][info][gc,metaspace   ] GC(994) Metaspace: 91561K(97968K)->91561K(97968K) NonClass: 79978K(83376K)->79978K(83376K) Class: 11582K(14592K)->11582K(14592K)
[1473.628s][info][gc             ] GC(994) Pause Young (Allocation Failure) 627M->83M(1979M) 9.700ms
[1473.628s][info][gc,cpu         ] GC(994) User=0.00s Sys=0.00s Real=0.01s
[1474.331s][info][gc,start       ] GC(995) Pause Young (Allocation Failure)
[1474.339s][info][gc,heap        ] GC(995) DefNew: 567342K->7417K(629120K)
[1474.339s][info][gc,heap        ] GC(995) Tenured: 77720K->77916K(1398144K)
[1474.339s][info][gc,metaspace   ] GC(995) Metaspace: 91565K(97968K)->91565K(97968K) NonClass: 79983K(83376K)->79983K(83376K) Class: 11582K(14592K)->11582K(14592K)
[1474.339s][info][gc             ] GC(995) Pause Young (Allocation Failure) 629M->83M(1979M) 8.411ms
[1474.339s][info][gc,cpu         ] GC(995) User=0.00s Sys=0.00s Real=0.01s
[1474.345s][info][gc,start       ] GC(996) Pause Full (System.gc())
[1474.348s][info][gc,phases,start] GC(996) Phase 1: Mark live objects
[1474.402s][info][gc,phases      ] GC(996) Phase 1: Mark live objects 53.792ms
[1474.402s][info][gc,phases,start] GC(996) Phase 2: Compute new object addresses
[1474.414s][info][gc,phases      ] GC(996) Phase 2: Compute new object addresses 12.807ms
[1474.414s][info][gc,phases,start] GC(996) Phase 3: Adjust pointers
[1474.448s][info][gc,phases      ] GC(996) Phase 3: Adjust pointers 33.444ms
[1474.448s][info][gc,phases,start] GC(996) Phase 4: Move objects
[1474.453s][info][gc,phases      ] GC(996) Phase 4: Move objects 5.385ms
[1474.454s][info][gc,heap        ] GC(996) DefNew: 32491K->0K(629120K)
[1474.454s][info][gc,heap        ] GC(996) Tenured: 77916K->57767K(1398144K)
[1474.454s][info][gc,metaspace   ] GC(996) Metaspace: 91566K(97968K)->91566K(97968K) NonClass: 79983K(83376K)->79983K(83376K) Class: 11582K(14592K)->11582K(14592K)
[1474.454s][info][gc             ] GC(996) Pause Full (System.gc()) 107M->56M(1979M) 109.059ms
[1474.454s][info][gc,cpu         ] GC(996) User=0.09s Sys=0.00s Real=0.11s
[1474.954s][info][gc,start       ] GC(997) Pause Young (Allocation Failure)
[1474.957s][info][gc,heap        ] GC(997) DefNew: 559232K->3058K(629120K)
[1474.957s][info][gc,heap        ] GC(997) Tenured: 57767K->57767K(1398144K)
[1474.957s][info][gc,metaspace   ] GC(997) Metaspace: 91566K(97968K)->91566K(97968K) NonClass: 79983K(83376K)->79983K(83376K) Class: 11582K(14592K)->11582K(14592K)
[1474.957s][info][gc             ] GC(997) Pause Young (Allocation Failure) 602M->59M(1979M) 3.743ms
[1474.957s][info][gc,cpu         ] GC(997) User=0.00s Sys=0.00s Real=0.00s
[1476.934s][info][gc,start       ] GC(998) Pause Young (Allocation Failure)
[1476.938s][info][gc,heap        ] GC(998) DefNew: 560379K->4370K(629120K)
[1476.938s][info][gc,heap        ] GC(998) Tenured: 57767K->57767K(1398144K)
[1476.938s][info][gc,metaspace   ] GC(998) Metaspace: 91566K(97968K)->91566K(97968K) NonClass: 79983K(83376K)->79983K(83376K) Class: 11582K(14592K)->11582K(14592K)
[1476.938s][info][gc             ] GC(998) Pause Young (Allocation Failure) 603M->60M(1979M) 4.407ms
[1476.938s][info][gc,cpu         ] GC(998) User=0.00s Sys=0.00s Real=0.00s
[1478.881s][info][gc,start       ] GC(999) Pause Young (Allocation Failure)
[1478.887s][info][gc,heap        ] GC(999) DefNew: 562675K->5021K(629120K)
[1478.887s][info][gc,heap        ] GC(999) Tenured: 57767K->57767K(1398144K)
[1478.887s][info][gc,metaspace   ] GC(999) Metaspace: 91566K(97968K)->91566K(97968K) NonClass: 79983K(83376K)->79983K(83376K) Class: 11582K(14592K)->11582K(14592K)
[1478.887s][info][gc             ] GC(999) Pause Young (Allocation Failure) 605M->61M(1979M) 5.429ms
[1478.887s][info][gc,cpu         ] GC(999) User=0.00s Sys=0.00s Real=0.01s
[1480.620s][info][gc,start       ] GC(1000) Pause Young (Allocation Failure)
[1480.630s][info][gc,heap        ] GC(1000) DefNew: 564253K->7223K(629120K)
[1480.630s][info][gc,heap        ] GC(1000) Tenured: 57767K->57767K(1398144K)
[1480.630s][info][gc,metaspace   ] GC(1000) Metaspace: 91566K(97968K)->91566K(97968K) NonClass: 79983K(83376K)->79983K(83376K) Class: 11582K(14592K)->11582K(14592K)
[1480.630s][info][gc             ] GC(1000) Pause Young (Allocation Failure) 607M->63M(1979M) 9.748ms
[1480.630s][info][gc,cpu         ] GC(1000) User=0.00s Sys=0.00s Real=0.01s
[1481.101s][info][gc,start       ] GC(1001) Pause Young (Allocation Failure)
[1481.107s][info][gc,heap        ] GC(1001) DefNew: 566269K->7621K(629120K)
[1481.107s][info][gc,heap        ] GC(1001) Tenured: 57767K->57767K(1398144K)
[1481.107s][info][gc,metaspace   ] GC(1001) Metaspace: 91566K(97968K)->91566K(97968K) NonClass: 79983K(83376K)->79983K(83376K) Class: 11582K(14592K)->11582K(14592K)
[1481.107s][info][gc             ] GC(1001) Pause Young (Allocation Failure) 609M->63M(1979M) 6.659ms
[1481.107s][info][gc,cpu         ] GC(1001) User=0.00s Sys=0.00s Real=0.01s
[1482.540s][info][gc,start       ] GC(1002) Pause Young (Allocation Failure)
[1482.547s][info][gc,heap        ] GC(1002) DefNew: 566853K->6332K(629120K)
[1482.547s][info][gc,heap        ] GC(1002) Tenured: 57767K->57767K(1398144K)
[1482.547s][info][gc,metaspace   ] GC(1002) Metaspace: 91566K(97968K)->91566K(97968K) NonClass: 79983K(83376K)->79983K(83376K) Class: 11582K(14592K)->11582K(14592K)
[1482.547s][info][gc             ] GC(1002) Pause Young (Allocation Failure) 609M->62M(1979M) 7.127ms
[1482.547s][info][gc,cpu         ] GC(1002) User=0.00s Sys=0.00s Real=0.01s
[1484.521s][info][gc,start       ] GC(1003) Pause Young (Allocation Failure)
[1484.526s][info][gc,heap        ] GC(1003) DefNew: 565564K->5196K(629120K)
[1484.526s][info][gc,heap        ] GC(1003) Tenured: 57767K->57767K(1398144K)
[1484.526s][info][gc,metaspace   ] GC(1003) Metaspace: 91566K(97968K)->91566K(97968K) NonClass: 79983K(83376K)->79983K(83376K) Class: 11582K(14592K)->11582K(14592K)
[1484.526s][info][gc             ] GC(1003) Pause Young (Allocation Failure) 608M->61M(1979M) 5.004ms
[1484.526s][info][gc,cpu         ] GC(1003) User=0.02s Sys=0.00s Real=0.00s
[1487.126s][info][gc,start       ] GC(1004) Pause Young (Allocation Failure)
[1487.131s][info][gc,heap        ] GC(1004) DefNew: 564428K->5674K(629120K)
[1487.131s][info][gc,heap        ] GC(1004) Tenured: 57767K->57767K(1398144K)
[1487.131s][info][gc,metaspace   ] GC(1004) Metaspace: 91566K(97968K)->91566K(97968K) NonClass: 79983K(83376K)->79983K(83376K) Class: 11582K(14592K)->11582K(14592K)
[1487.131s][info][gc             ] GC(1004) Pause Young (Allocation Failure) 607M->61M(1979M) 5.667ms
[1487.131s][info][gc,cpu         ] GC(1004) User=0.00s Sys=0.00s Real=0.01s
[1487.754s][info][gc,start       ] GC(1005) Pause Young (Allocation Failure)
[1487.761s][info][gc,heap        ] GC(1005) DefNew: 563518K->12051K(629120K)
[1487.761s][info][gc,heap        ] GC(1005) Tenured: 57767K->57767K(1398144K)
[1487.761s][info][gc,metaspace   ] GC(1005) Metaspace: 91566K(97968K)->91566K(97968K) NonClass: 79983K(83376K)->79983K(83376K) Class: 11582K(14592K)->11582K(14592K)
[1487.762s][info][gc             ] GC(1005) Pause Young (Allocation Failure) 606M->68M(1979M) 7.605ms
[1487.762s][info][gc,cpu         ] GC(1005) User=0.00s Sys=0.00s Real=0.01s
[1488.496s][info][gc,start       ] GC(1006) Pause Young (Allocation Failure)
[1488.501s][info][gc,heap        ] GC(1006) DefNew: 571283K->5135K(629120K)
[1488.501s][info][gc,heap        ] GC(1006) Tenured: 57767K->57767K(1398144K)
[1488.501s][info][gc,metaspace   ] GC(1006) Metaspace: 91566K(97968K)->91566K(97968K) NonClass: 79983K(83376K)->79983K(83376K) Class: 11582K(14592K)->11582K(14592K)
[1488.501s][info][gc             ] GC(1006) Pause Young (Allocation Failure) 614M->61M(1979M) 5.332ms
[1488.501s][info][gc,cpu         ] GC(1006) User=0.00s Sys=0.00s Real=0.00s
[1491.002s][info][gc,start       ] GC(1007) Pause Young (Allocation Failure)
[1491.008s][info][gc,heap        ] GC(1007) DefNew: 564367K->6618K(629120K)
[1491.008s][info][gc,heap        ] GC(1007) Tenured: 57767K->57767K(1398144K)
[1491.008s][info][gc,metaspace   ] GC(1007) Metaspace: 91566K(97968K)->91566K(97968K) NonClass: 79983K(83376K)->79983K(83376K) Class: 11582K(14592K)->11582K(14592K)
[1491.008s][info][gc             ] GC(1007) Pause Young (Allocation Failure) 607M->62M(1979M) 6.041ms
[1491.008s][info][gc,cpu         ] GC(1007) User=0.00s Sys=0.00s Real=0.01s
[1492.979s][info][gc,start       ] GC(1008) Pause Young (Allocation Failure)
[1492.985s][info][gc,heap        ] GC(1008) DefNew: 565137K->6157K(629120K)
[1492.985s][info][gc,heap        ] GC(1008) Tenured: 57767K->57767K(1398144K)
[1492.985s][info][gc,metaspace   ] GC(1008) Metaspace: 91566K(97968K)->91566K(97968K) NonClass: 79983K(83376K)->79983K(83376K) Class: 11582K(14592K)->11582K(14592K)
[1492.985s][info][gc             ] GC(1008) Pause Young (Allocation Failure) 608M->62M(1979M) 5.964ms
[1492.985s][info][gc,cpu         ] GC(1008) User=0.00s Sys=0.00s Real=0.01s
[1494.347s][info][gc,start       ] GC(1009) Pause Young (Allocation Failure)
[1494.365s][info][gc,heap        ] GC(1009) DefNew: 565389K->11697K(629120K)
[1494.365s][info][gc,heap        ] GC(1009) Tenured: 57767K->57767K(1398144K)
[1494.365s][info][gc,metaspace   ] GC(1009) Metaspace: 91566K(97968K)->91566K(97968K) NonClass: 79983K(83376K)->79983K(83376K) Class: 11582K(14592K)->11582K(14592K)
[1494.365s][info][gc             ] GC(1009) Pause Young (Allocation Failure) 608M->67M(1979M) 18.613ms
[1494.365s][info][gc,cpu         ] GC(1009) User=0.00s Sys=0.00s Real=0.02s
[1494.879s][info][gc,start       ] GC(1010) Pause Young (Allocation Failure)
[1494.885s][info][gc,heap        ] GC(1010) DefNew: 568945K->8386K(629120K)
[1494.885s][info][gc,heap        ] GC(1010) Tenured: 57767K->57767K(1398144K)
[1494.885s][info][gc,metaspace   ] GC(1010) Metaspace: 91566K(97968K)->91566K(97968K) NonClass: 79983K(83376K)->79983K(83376K) Class: 11582K(14592K)->11582K(14592K)
[1494.885s][info][gc             ] GC(1010) Pause Young (Allocation Failure) 612M->64M(1979M) 6.194ms
[1494.885s][info][gc,cpu         ] GC(1010) User=0.00s Sys=0.00s Real=0.01s
[1496.844s][info][gc,start       ] GC(1011) Pause Young (Allocation Failure)
[1496.852s][info][gc,heap        ] GC(1011) DefNew: 567618K->7821K(629120K)
[1496.852s][info][gc,heap        ] GC(1011) Tenured: 57767K->57767K(1398144K)
[1496.852s][info][gc,metaspace   ] GC(1011) Metaspace: 91566K(97968K)->91566K(97968K) NonClass: 79983K(83376K)->79983K(83376K) Class: 11582K(14592K)->11582K(14592K)
[1496.852s][info][gc             ] GC(1011) Pause Young (Allocation Failure) 610M->64M(1979M) 7.731ms
[1496.852s][info][gc,cpu         ] GC(1011) User=0.00s Sys=0.00s Real=0.01s
[1498.865s][info][gc,start       ] GC(1012) Pause Young (Allocation Failure)
[1498.872s][info][gc,heap        ] GC(1012) DefNew: 565369K->6154K(629120K)
[1498.872s][info][gc,heap        ] GC(1012) Tenured: 57767K->58229K(1398144K)
[1498.872s][info][gc,metaspace   ] GC(1012) Metaspace: 91566K(97968K)->91566K(97968K) NonClass: 79983K(83376K)->79983K(83376K) Class: 11582K(14592K)->11582K(14592K)
[1498.872s][info][gc             ] GC(1012) Pause Young (Allocation Failure) 608M->62M(1979M) 6.558ms
[1498.872s][info][gc,cpu         ] GC(1012) User=0.00s Sys=0.00s Real=0.01s
[1500.652s][info][gc,start       ] GC(1013) Pause Young (Allocation Failure)
[1500.662s][info][gc,heap        ] GC(1013) DefNew: 565386K->10546K(629120K)
[1500.662s][info][gc,heap        ] GC(1013) Tenured: 58229K->58417K(1398144K)
[1500.662s][info][gc,metaspace   ] GC(1013) Metaspace: 91566K(97968K)->91566K(97968K) NonClass: 79983K(83376K)->79983K(83376K) Class: 11582K(14592K)->11582K(14592K)
[1500.662s][info][gc             ] GC(1013) Pause Young (Allocation Failure) 609M->67M(1979M) 10.087ms
[1500.662s][info][gc,cpu         ] GC(1013) User=0.00s Sys=0.00s Real=0.01s
[1501.275s][info][gc,start       ] GC(1014) Pause Young (Allocation Failure)
[1501.282s][info][gc,heap        ] GC(1014) DefNew: 567169K->13279K(629120K)
[1501.283s][info][gc,heap        ] GC(1014) Tenured: 58417K->58601K(1398144K)
[1501.283s][info][gc,metaspace   ] GC(1014) Metaspace: 91566K(97968K)->91566K(97968K) NonClass: 79983K(83376K)->79983K(83376K) Class: 11582K(14592K)->11582K(14592K)
[1501.283s][info][gc             ] GC(1014) Pause Young (Allocation Failure) 610M->70M(1979M) 7.750ms
[1501.283s][info][gc,cpu         ] GC(1014) User=0.00s Sys=0.00s Real=0.01s
[1502.674s][info][gc,start       ] GC(1015) Pause Young (Allocation Failure)
[1502.681s][info][gc,heap        ] GC(1015) DefNew: 572511K->5971K(629120K)
[1502.681s][info][gc,heap        ] GC(1015) Tenured: 58601K->58749K(1398144K)
[1502.681s][info][gc,metaspace   ] GC(1015) Metaspace: 91567K(97968K)->91567K(97968K) NonClass: 79983K(83376K)->79983K(83376K) Class: 11583K(14592K)->11583K(14592K)
[1502.681s][info][gc             ] GC(1015) Pause Young (Allocation Failure) 616M->63M(1979M) 6.948ms
[1502.681s][info][gc,cpu         ] GC(1015) User=0.06s Sys=0.00s Real=0.01s
[1504.501s][info][gc,start       ] GC(1016) Pause Young (Allocation Failure)
[1504.510s][info][gc,heap        ] GC(1016) DefNew: 564507K->7659K(629120K)
[1504.510s][info][gc,heap        ] GC(1016) Tenured: 58749K->58815K(1398144K)
[1504.510s][info][gc,metaspace   ] GC(1016) Metaspace: 91567K(97968K)->91567K(97968K) NonClass: 79983K(83376K)->79983K(83376K) Class: 11583K(14592K)->11583K(14592K)
[1504.510s][info][gc             ] GC(1016) Pause Young (Allocation Failure) 608M->64M(1979M) 8.323ms
[1504.510s][info][gc,cpu         ] GC(1016) User=0.00s Sys=0.00s Real=0.01s
[1505.004s][info][gc,start       ] GC(1017) Pause Young (Allocation Failure)
[1505.012s][info][gc,heap        ] GC(1017) DefNew: 564182K->13343K(629120K)
[1505.012s][info][gc,heap        ] GC(1017) Tenured: 58815K->59005K(1398144K)
[1505.012s][info][gc,metaspace   ] GC(1017) Metaspace: 91567K(97968K)->91567K(97968K) NonClass: 79983K(83376K)->79983K(83376K) Class: 11583K(14592K)->11583K(14592K)
[1505.012s][info][gc             ] GC(1017) Pause Young (Allocation Failure) 608M->70M(1979M) 7.798ms
[1505.012s][info][gc,cpu         ] GC(1017) User=0.00s Sys=0.00s Real=0.01s
[1506.499s][info][gc,start       ] GC(1018) Pause Young (Allocation Failure)
[1506.505s][info][gc,heap        ] GC(1018) DefNew: 570080K->5682K(629120K)
[1506.505s][info][gc,heap        ] GC(1018) Tenured: 59005K->59143K(1398144K)
[1506.505s][info][gc,metaspace   ] GC(1018) Metaspace: 91567K(97968K)->91567K(97968K) NonClass: 79983K(83376K)->79983K(83376K) Class: 11583K(14592K)->11583K(14592K)
[1506.505s][info][gc             ] GC(1018) Pause Young (Allocation Failure) 614M->63M(1979M) 6.129ms
[1506.505s][info][gc,cpu         ] GC(1018) User=0.00s Sys=0.00s Real=0.01s
[1508.353s][info][gc,start       ] GC(1019) Pause Young (Allocation Failure)
[1508.361s][info][gc,heap        ] GC(1019) DefNew: 564914K->8004K(629120K)
[1508.361s][info][gc,heap        ] GC(1019) Tenured: 59143K->59308K(1398144K)
[1508.361s][info][gc,metaspace   ] GC(1019) Metaspace: 91567K(97968K)->91567K(97968K) NonClass: 79983K(83376K)->79983K(83376K) Class: 11583K(14592K)->11583K(14592K)
[1508.361s][info][gc             ] GC(1019) Pause Young (Allocation Failure) 609M->65M(1979M) 8.335ms
[1508.362s][info][gc,cpu         ] GC(1019) User=0.00s Sys=0.00s Real=0.01s
[1508.815s][info][gc,start       ] GC(1020) Pause Young (Allocation Failure)
[1508.823s][info][gc,heap        ] GC(1020) DefNew: 566979K->13512K(629120K)
[1508.823s][info][gc,heap        ] GC(1020) Tenured: 59308K->59429K(1398144K)
[1508.823s][info][gc,metaspace   ] GC(1020) Metaspace: 91567K(97968K)->91567K(97968K) NonClass: 79983K(83376K)->79983K(83376K) Class: 11583K(14592K)->11583K(14592K)
[1508.823s][info][gc             ] GC(1020) Pause Young (Allocation Failure) 611M->71M(1979M) 7.520ms
[1508.823s][info][gc,cpu         ] GC(1020) User=0.00s Sys=0.00s Real=0.01s
[1510.291s][info][gc,start       ] GC(1021) Pause Young (Allocation Failure)
[1510.298s][info][gc,heap        ] GC(1021) DefNew: 572744K->7633K(629120K)
[1510.298s][info][gc,heap        ] GC(1021) Tenured: 59429K->59552K(1398144K)
[1510.298s][info][gc,metaspace   ] GC(1021) Metaspace: 91567K(97968K)->91567K(97968K) NonClass: 79983K(83376K)->79983K(83376K) Class: 11583K(14592K)->11583K(14592K)
[1510.298s][info][gc             ] GC(1021) Pause Young (Allocation Failure) 617M->65M(1979M) 7.777ms
[1510.299s][info][gc,cpu         ] GC(1021) User=0.00s Sys=0.00s Real=0.01s
[1511.996s][info][gc,start       ] GC(1022) Pause Young (Allocation Failure)
[1512.005s][info][gc,heap        ] GC(1022) DefNew: 566865K->8328K(629120K)
[1512.005s][info][gc,heap        ] GC(1022) Tenured: 59552K->59700K(1398144K)
[1512.005s][info][gc,metaspace   ] GC(1022) Metaspace: 91567K(97968K)->91567K(97968K) NonClass: 79983K(83376K)->79983K(83376K) Class: 11583K(14592K)->11583K(14592K)
[1512.005s][info][gc             ] GC(1022) Pause Young (Allocation Failure) 611M->66M(1979M) 8.997ms
[1512.005s][info][gc,cpu         ] GC(1022) User=0.00s Sys=0.00s Real=0.01s
[1512.468s][info][gc,start       ] GC(1023) Pause Young (Allocation Failure)
[1512.476s][info][gc,heap        ] GC(1023) DefNew: 564920K->13000K(629120K)
[1512.476s][info][gc,heap        ] GC(1023) Tenured: 59700K->59887K(1398144K)
[1512.476s][info][gc,metaspace   ] GC(1023) Metaspace: 91567K(97968K)->91567K(97968K) NonClass: 79983K(83376K)->79983K(83376K) Class: 11583K(14592K)->11583K(14592K)
[1512.476s][info][gc             ] GC(1023) Pause Young (Allocation Failure) 609M->71M(1979M) 8.322ms
[1512.476s][info][gc,cpu         ] GC(1023) User=0.00s Sys=0.00s Real=0.01s
[1513.986s][info][gc,start       ] GC(1024) Pause Young (Allocation Failure)
[1513.993s][info][gc,heap        ] GC(1024) DefNew: 572232K->5981K(629120K)
[1513.993s][info][gc,heap        ] GC(1024) Tenured: 59887K->60004K(1398144K)
[1513.993s][info][gc,metaspace   ] GC(1024) Metaspace: 91567K(97968K)->91567K(97968K) NonClass: 79983K(83376K)->79983K(83376K) Class: 11583K(14592K)->11583K(14592K)
[1513.993s][info][gc             ] GC(1024) Pause Young (Allocation Failure) 617M->64M(1979M) 7.477ms
[1513.994s][info][gc,cpu         ] GC(1024) User=0.00s Sys=0.00s Real=0.01s
[1515.831s][info][gc,start       ] GC(1025) Pause Young (Allocation Failure)
[1515.841s][info][gc,heap        ] GC(1025) DefNew: 565213K->8349K(629120K)
[1515.841s][info][gc,heap        ] GC(1025) Tenured: 60004K->60089K(1398144K)
[1515.841s][info][gc,metaspace   ] GC(1025) Metaspace: 91567K(97968K)->91567K(97968K) NonClass: 79983K(83376K)->79983K(83376K) Class: 11583K(14592K)->11583K(14592K)
[1515.841s][info][gc             ] GC(1025) Pause Young (Allocation Failure) 610M->66M(1979M) 10.211ms
[1515.841s][info][gc,cpu         ] GC(1025) User=0.00s Sys=0.00s Real=0.01s
[1516.572s][info][gc,start       ] GC(1026) Pause Young (Allocation Failure)
[1516.580s][info][gc,heap        ] GC(1026) DefNew: 567581K->7440K(629120K)
[1516.580s][info][gc,heap        ] GC(1026) Tenured: 60089K->60278K(1398144K)
[1516.580s][info][gc,metaspace   ] GC(1026) Metaspace: 91569K(97968K)->91569K(97968K) NonClass: 79986K(83376K)->79986K(83376K) Class: 11583K(14592K)->11583K(14592K)
[1516.581s][info][gc             ] GC(1026) Pause Young (Allocation Failure) 612M->66M(1979M) 8.465ms
[1516.581s][info][gc,cpu         ] GC(1026) User=0.00s Sys=0.00s Real=0.01s
[1516.587s][info][gc,start       ] GC(1027) Pause Full (System.gc())
[1516.589s][info][gc,phases,start] GC(1027) Phase 1: Mark live objects
[1516.641s][info][gc,phases      ] GC(1027) Phase 1: Mark live objects 52.787ms
[1516.642s][info][gc,phases,start] GC(1027) Phase 2: Compute new object addresses
[1516.655s][info][gc,phases      ] GC(1027) Phase 2: Compute new object addresses 13.407ms
[1516.655s][info][gc,phases,start] GC(1027) Phase 3: Adjust pointers
[1516.687s][info][gc,phases      ] GC(1027) Phase 3: Adjust pointers 32.209ms
[1516.687s][info][gc,phases,start] GC(1027) Phase 4: Move objects
[1516.689s][info][gc,phases      ] GC(1027) Phase 4: Move objects 1.330ms
[1516.689s][info][gc,heap        ] GC(1027) DefNew: 33460K->0K(629120K)
[1516.689s][info][gc,heap        ] GC(1027) Tenured: 60278K->66254K(1398144K)
[1516.689s][info][gc,metaspace   ] GC(1027) Metaspace: 91569K(97968K)->91569K(97968K) NonClass: 79986K(83376K)->79986K(83376K) Class: 11583K(14592K)->11583K(14592K)
[1516.690s][info][gc             ] GC(1027) Pause Full (System.gc()) 91M->64M(1979M) 102.702ms
[1516.690s][info][gc,cpu         ] GC(1027) User=0.09s Sys=0.00s Real=0.10s
[1517.179s][info][gc,start       ] GC(1028) Pause Young (Allocation Failure)
[1517.183s][info][gc,heap        ] GC(1028) DefNew: 559232K->3120K(629120K)
[1517.183s][info][gc,heap        ] GC(1028) Tenured: 66254K->66254K(1398144K)
[1517.183s][info][gc,metaspace   ] GC(1028) Metaspace: 91569K(97968K)->91569K(97968K) NonClass: 79986K(83376K)->79986K(83376K) Class: 11583K(14592K)->11583K(14592K)
[1517.183s][info][gc             ] GC(1028) Pause Young (Allocation Failure) 610M->67M(1979M) 4.030ms
[1517.183s][info][gc,cpu         ] GC(1028) User=0.00s Sys=0.00s Real=0.00s
[1519.128s][info][gc,start       ] GC(1029) Pause Young (Allocation Failure)
[1519.133s][info][gc,heap        ] GC(1029) DefNew: 561435K->4451K(629120K)
[1519.133s][info][gc,heap        ] GC(1029) Tenured: 66254K->66254K(1398144K)
[1519.133s][info][gc,metaspace   ] GC(1029) Metaspace: 91569K(97968K)->91569K(97968K) NonClass: 79986K(83376K)->79986K(83376K) Class: 11583K(14592K)->11583K(14592K)
[1519.133s][info][gc             ] GC(1029) Pause Young (Allocation Failure) 612M->69M(1979M) 5.054ms
[1519.133s][info][gc,cpu         ] GC(1029) User=0.00s Sys=0.00s Real=0.01s
[1521.079s][info][gc,start       ] GC(1030) Pause Young (Allocation Failure)
[1521.085s][info][gc,heap        ] GC(1030) DefNew: 563109K->4947K(629120K)
[1521.085s][info][gc,heap        ] GC(1030) Tenured: 66254K->66254K(1398144K)
[1521.085s][info][gc,metaspace   ] GC(1030) Metaspace: 91569K(97968K)->91569K(97968K) NonClass: 79986K(83376K)->79986K(83376K) Class: 11583K(14592K)->11583K(14592K)
[1521.085s][info][gc             ] GC(1030) Pause Young (Allocation Failure) 614M->69M(1979M) 5.507ms
[1521.085s][info][gc,cpu         ] GC(1030) User=0.00s Sys=0.00s Real=0.01s
[1522.784s][info][gc,start       ] GC(1031) Pause Young (Allocation Failure)
[1522.795s][info][gc,heap        ] GC(1031) DefNew: 564179K->7481K(629120K)
[1522.795s][info][gc,heap        ] GC(1031) Tenured: 66254K->66254K(1398144K)
[1522.795s][info][gc,metaspace   ] GC(1031) Metaspace: 91569K(97968K)->91569K(97968K) NonClass: 79986K(83376K)->79986K(83376K) Class: 11583K(14592K)->11583K(14592K)
[1522.796s][info][gc             ] GC(1031) Pause Young (Allocation Failure) 615M->72M(1979M) 11.086ms
[1522.796s][info][gc,cpu         ] GC(1031) User=0.00s Sys=0.00s Real=0.01s
[1523.283s][info][gc,start       ] GC(1032) Pause Young (Allocation Failure)
[1523.289s][info][gc,heap        ] GC(1032) DefNew: 565980K->7820K(629120K)
[1523.289s][info][gc,heap        ] GC(1032) Tenured: 66254K->66254K(1398144K)
[1523.289s][info][gc,metaspace   ] GC(1032) Metaspace: 91569K(97968K)->91569K(97968K) NonClass: 79986K(83376K)->79986K(83376K) Class: 11583K(14592K)->11583K(14592K)
[1523.289s][info][gc             ] GC(1032) Pause Young (Allocation Failure) 617M->72M(1979M) 6.094ms
[1523.289s][info][gc,cpu         ] GC(1032) User=0.00s Sys=0.00s Real=0.01s
[1524.747s][info][gc,start       ] GC(1033) Pause Young (Allocation Failure)
[1524.753s][info][gc,heap        ] GC(1033) DefNew: 567052K->6303K(629120K)
[1524.753s][info][gc,heap        ] GC(1033) Tenured: 66254K->66254K(1398144K)
[1524.753s][info][gc,metaspace   ] GC(1033) Metaspace: 91569K(97968K)->91569K(97968K) NonClass: 79986K(83376K)->79986K(83376K) Class: 11583K(14592K)->11583K(14592K)
[1524.753s][info][gc             ] GC(1033) Pause Young (Allocation Failure) 618M->70M(1979M) 6.542ms
[1524.753s][info][gc,cpu         ] GC(1033) User=0.00s Sys=0.00s Real=0.01s
[1526.744s][info][gc,start       ] GC(1034) Pause Young (Allocation Failure)
[1526.749s][info][gc,heap        ] GC(1034) DefNew: 565535K->5258K(629120K)
[1526.749s][info][gc,heap        ] GC(1034) Tenured: 66254K->66254K(1398144K)
[1526.749s][info][gc,metaspace   ] GC(1034) Metaspace: 91569K(97968K)->91569K(97968K) NonClass: 79986K(83376K)->79986K(83376K) Class: 11583K(14592K)->11583K(14592K)
[1526.749s][info][gc             ] GC(1034) Pause Young (Allocation Failure) 616M->69M(1979M) 5.173ms
[1526.749s][info][gc,cpu         ] GC(1034) User=0.00s Sys=0.00s Real=0.01s
[1529.289s][info][gc,start       ] GC(1035) Pause Young (Allocation Failure)
[1529.295s][info][gc,heap        ] GC(1035) DefNew: 564490K->5799K(629120K)
[1529.295s][info][gc,heap        ] GC(1035) Tenured: 66254K->66254K(1398144K)
[1529.295s][info][gc,metaspace   ] GC(1035) Metaspace: 91569K(97968K)->91569K(97968K) NonClass: 79986K(83376K)->79986K(83376K) Class: 11583K(14592K)->11583K(14592K)
[1529.295s][info][gc             ] GC(1035) Pause Young (Allocation Failure) 615M->70M(1979M) 5.563ms
[1529.295s][info][gc,cpu         ] GC(1035) User=0.00s Sys=0.00s Real=0.01s
[1529.904s][info][gc,start       ] GC(1036) Pause Young (Allocation Failure)
[1529.912s][info][gc,heap        ] GC(1036) DefNew: 561434K->7838K(629120K)
[1529.912s][info][gc,heap        ] GC(1036) Tenured: 66254K->66254K(1398144K)
[1529.912s][info][gc,metaspace   ] GC(1036) Metaspace: 91569K(97968K)->91569K(97968K) NonClass: 79986K(83376K)->79986K(83376K) Class: 11583K(14592K)->11583K(14592K)
[1529.912s][info][gc             ] GC(1036) Pause Young (Allocation Failure) 612M->72M(1979M) 7.751ms
[1529.912s][info][gc,cpu         ] GC(1036) User=0.00s Sys=0.00s Real=0.01s
[1530.642s][info][gc,start       ] GC(1037) Pause Young (Allocation Failure)
[1530.648s][info][gc,heap        ] GC(1037) DefNew: 566997K->5197K(629120K)
[1530.648s][info][gc,heap        ] GC(1037) Tenured: 66254K->66254K(1398144K)
[1530.648s][info][gc,metaspace   ] GC(1037) Metaspace: 91569K(97968K)->91569K(97968K) NonClass: 79986K(83376K)->79986K(83376K) Class: 11583K(14592K)->11583K(14592K)
[1530.648s][info][gc             ] GC(1037) Pause Young (Allocation Failure) 618M->69M(1979M) 5.566ms
[1530.648s][info][gc,cpu         ] GC(1037) User=0.00s Sys=0.00s Real=0.00s
[1533.094s][info][gc,start       ] GC(1038) Pause Young (Allocation Failure)
[1533.100s][info][gc,heap        ] GC(1038) DefNew: 560916K->6189K(629120K)
[1533.100s][info][gc,heap        ] GC(1038) Tenured: 66254K->66254K(1398144K)
[1533.100s][info][gc,metaspace   ] GC(1038) Metaspace: 91569K(97968K)->91569K(97968K) NonClass: 79986K(83376K)->79986K(83376K) Class: 11583K(14592K)->11583K(14592K)
[1533.100s][info][gc             ] GC(1038) Pause Young (Allocation Failure) 612M->70M(1979M) 6.095ms
[1533.100s][info][gc,cpu         ] GC(1038) User=0.00s Sys=0.00s Real=0.01s
[1535.094s][info][gc,start       ] GC(1039) Pause Young (Allocation Failure)
[1535.101s][info][gc,heap        ] GC(1039) DefNew: 565395K->6520K(629120K)
[1535.101s][info][gc,heap        ] GC(1039) Tenured: 66254K->66254K(1398144K)
[1535.101s][info][gc,metaspace   ] GC(1039) Metaspace: 91569K(97968K)->91569K(97968K) NonClass: 79986K(83376K)->79986K(83376K) Class: 11583K(14592K)->11583K(14592K)
[1535.101s][info][gc             ] GC(1039) Pause Young (Allocation Failure) 616M->71M(1979M) 7.034ms
[1535.101s][info][gc,cpu         ] GC(1039) User=0.00s Sys=0.00s Real=0.01s
[1536.443s][info][gc,start       ] GC(1040) Pause Young (Allocation Failure)
[1536.462s][info][gc,heap        ] GC(1040) DefNew: 565752K->11557K(629120K)
[1536.462s][info][gc,heap        ] GC(1040) Tenured: 66254K->66254K(1398144K)
[1536.462s][info][gc,metaspace   ] GC(1040) Metaspace: 91569K(97968K)->91569K(97968K) NonClass: 79986K(83376K)->79986K(83376K) Class: 11583K(14592K)->11583K(14592K)
[1536.462s][info][gc             ] GC(1040) Pause Young (Allocation Failure) 617M->75M(1979M) 18.980ms
[1536.462s][info][gc,cpu         ] GC(1040) User=0.00s Sys=0.00s Real=0.02s
[1536.909s][info][gc,start       ] GC(1041) Pause Young (Allocation Failure)
[1536.917s][info][gc,heap        ] GC(1041) DefNew: 570699K->8739K(629120K)
[1536.917s][info][gc,heap        ] GC(1041) Tenured: 66254K->66254K(1398144K)
[1536.917s][info][gc,metaspace   ] GC(1041) Metaspace: 91569K(97968K)->91569K(97968K) NonClass: 79986K(83376K)->79986K(83376K) Class: 11583K(14592K)->11583K(14592K)
[1536.917s][info][gc             ] GC(1041) Pause Young (Allocation Failure) 622M->73M(1979M) 7.355ms
[1536.917s][info][gc,cpu         ] GC(1041) User=0.02s Sys=0.00s Real=0.01s
[1538.886s][info][gc,start       ] GC(1042) Pause Young (Allocation Failure)
[1538.894s][info][gc,heap        ] GC(1042) DefNew: 567971K->7386K(629120K)
[1538.894s][info][gc,heap        ] GC(1042) Tenured: 66254K->66254K(1398144K)
[1538.894s][info][gc,metaspace   ] GC(1042) Metaspace: 91569K(97968K)->91569K(97968K) NonClass: 79986K(83376K)->79986K(83376K) Class: 11583K(14592K)->11583K(14592K)
[1538.894s][info][gc             ] GC(1042) Pause Young (Allocation Failure) 619M->71M(1979M) 8.485ms
[1538.895s][info][gc,cpu         ] GC(1042) User=0.00s Sys=0.00s Real=0.01s
[1540.885s][info][gc,start       ] GC(1043) Pause Young (Allocation Failure)
[1540.891s][info][gc,heap        ] GC(1043) DefNew: 566107K->6188K(629120K)
[1540.891s][info][gc,heap        ] GC(1043) Tenured: 66254K->66780K(1398144K)
[1540.891s][info][gc,metaspace   ] GC(1043) Metaspace: 91569K(97968K)->91569K(97968K) NonClass: 79986K(83376K)->79986K(83376K) Class: 11583K(14592K)->11583K(14592K)
[1540.891s][info][gc             ] GC(1043) Pause Young (Allocation Failure) 617M->71M(1979M) 6.670ms
[1540.891s][info][gc,cpu         ] GC(1043) User=0.00s Sys=0.00s Real=0.01s
[1542.732s][info][gc,start       ] GC(1044) Pause Young (Allocation Failure)
[1542.742s][info][gc,heap        ] GC(1044) DefNew: 565424K->11221K(629120K)
[1542.742s][info][gc,heap        ] GC(1044) Tenured: 66780K->66966K(1398144K)
[1542.742s][info][gc,metaspace   ] GC(1044) Metaspace: 91569K(97968K)->91569K(97968K) NonClass: 79986K(83376K)->79986K(83376K) Class: 11583K(14592K)->11583K(14592K)
[1542.742s][info][gc             ] GC(1044) Pause Young (Allocation Failure) 617M->76M(1979M) 10.373ms
[1542.742s][info][gc,cpu         ] GC(1044) User=0.00s Sys=0.00s Real=0.01s
[1543.366s][info][gc,start       ] GC(1045) Pause Young (GCLocker Initiated GC)
[1543.374s][info][gc,heap        ] GC(1045) DefNew: 574613K->12173K(629120K)
[1543.374s][info][gc,heap        ] GC(1045) Tenured: 66966K->67151K(1398144K)
[1543.374s][info][gc,metaspace   ] GC(1045) Metaspace: 91569K(97968K)->91569K(97968K) NonClass: 79986K(83376K)->79986K(83376K) Class: 11583K(14592K)->11583K(14592K)
[1543.374s][info][gc             ] GC(1045) Pause Young (GCLocker Initiated GC) 626M->77M(1979M) 7.623ms
[1543.374s][info][gc,cpu         ] GC(1045) User=0.00s Sys=0.00s Real=0.01s
[1544.798s][info][gc,start       ] GC(1046) Pause Young (Allocation Failure)
[1544.804s][info][gc,heap        ] GC(1046) DefNew: 570193K->5719K(629120K)
[1544.804s][info][gc,heap        ] GC(1046) Tenured: 67151K->67309K(1398144K)
[1544.804s][info][gc,metaspace   ] GC(1046) Metaspace: 91569K(97968K)->91569K(97968K) NonClass: 79986K(83376K)->79986K(83376K) Class: 11583K(14592K)->11583K(14592K)
[1544.804s][info][gc             ] GC(1046) Pause Young (Allocation Failure) 622M->71M(1979M) 6.474ms
[1544.804s][info][gc,cpu         ] GC(1046) User=0.02s Sys=0.00s Real=0.01s
[1546.646s][info][gc,start       ] GC(1047) Pause Young (Allocation Failure)
[1546.656s][info][gc,heap        ] GC(1047) DefNew: 564951K->8495K(629120K)
[1546.656s][info][gc,heap        ] GC(1047) Tenured: 67309K->67375K(1398144K)
[1546.656s][info][gc,metaspace   ] GC(1047) Metaspace: 91569K(97968K)->91569K(97968K) NonClass: 79986K(83376K)->79986K(83376K) Class: 11583K(14592K)->11583K(14592K)
[1546.656s][info][gc             ] GC(1047) Pause Young (Allocation Failure) 617M->74M(1979M) 10.586ms
[1546.656s][info][gc,cpu         ] GC(1047) User=0.00s Sys=0.00s Real=0.01s
[1547.188s][info][gc,start       ] GC(1048) Pause Young (Allocation Failure)
[1547.196s][info][gc,heap        ] GC(1048) DefNew: 567612K->8579K(629120K)
[1547.196s][info][gc,heap        ] GC(1048) Tenured: 67375K->67554K(1398144K)
[1547.196s][info][gc,metaspace   ] GC(1048) Metaspace: 91569K(97968K)->91569K(97968K) NonClass: 79986K(83376K)->79986K(83376K) Class: 11583K(14592K)->11583K(14592K)
[1547.197s][info][gc             ] GC(1048) Pause Young (Allocation Failure) 620M->74M(1979M) 8.050ms
[1547.197s][info][gc,cpu         ] GC(1048) User=0.02s Sys=0.00s Real=0.01s
[1548.768s][info][gc,start       ] GC(1049) Pause Young (Allocation Failure)
[1548.775s][info][gc,heap        ] GC(1049) DefNew: 567811K->7425K(629120K)
[1548.775s][info][gc,heap        ] GC(1049) Tenured: 67554K->67690K(1398144K)
[1548.775s][info][gc,metaspace   ] GC(1049) Metaspace: 91569K(97968K)->91569K(97968K) NonClass: 79986K(83376K)->79986K(83376K) Class: 11583K(14592K)->11583K(14592K)
[1548.775s][info][gc             ] GC(1049) Pause Young (Allocation Failure) 620M->73M(1979M) 7.665ms
[1548.775s][info][gc,cpu         ] GC(1049) User=0.02s Sys=0.00s Real=0.01s
[1550.551s][info][gc,start       ] GC(1050) Pause Young (Allocation Failure)
[1550.560s][info][gc,heap        ] GC(1050) DefNew: 566657K->8182K(629120K)
[1550.560s][info][gc,heap        ] GC(1050) Tenured: 67690K->67852K(1398144K)
[1550.560s][info][gc,metaspace   ] GC(1050) Metaspace: 91569K(97968K)->91569K(97968K) NonClass: 79986K(83376K)->79986K(83376K) Class: 11583K(14592K)->11583K(14592K)
[1550.560s][info][gc             ] GC(1050) Pause Young (Allocation Failure) 619M->74M(1979M) 9.316ms
[1550.560s][info][gc,cpu         ] GC(1050) User=0.00s Sys=0.00s Real=0.01s
[1551.014s][info][gc,start       ] GC(1051) Pause Young (Allocation Failure)
[1551.021s][info][gc,heap        ] GC(1051) DefNew: 565838K->7997K(629120K)
[1551.021s][info][gc,heap        ] GC(1051) Tenured: 67852K->67970K(1398144K)
[1551.021s][info][gc,metaspace   ] GC(1051) Metaspace: 91569K(97968K)->91569K(97968K) NonClass: 79986K(83376K)->79986K(83376K) Class: 11583K(14592K)->11583K(14592K)
[1551.021s][info][gc             ] GC(1051) Pause Young (Allocation Failure) 618M->74M(1979M) 6.872ms
[1551.021s][info][gc,cpu         ] GC(1051) User=0.00s Sys=0.00s Real=0.01s
[1552.600s][info][gc,start       ] GC(1052) Pause Young (Allocation Failure)
[1552.606s][info][gc,heap        ] GC(1052) DefNew: 567135K->5804K(629120K)
[1552.606s][info][gc,heap        ] GC(1052) Tenured: 67970K->68127K(1398144K)
[1552.606s][info][gc,metaspace   ] GC(1052) Metaspace: 91569K(97968K)->91569K(97968K) NonClass: 79986K(83376K)->79986K(83376K) Class: 11583K(14592K)->11583K(14592K)
[1552.606s][info][gc             ] GC(1052) Pause Young (Allocation Failure) 620M->72M(1979M) 6.192ms
[1552.607s][info][gc,cpu         ] GC(1052) User=0.00s Sys=0.00s Real=0.01s
[1554.261s][info][gc,start       ] GC(1053) Pause Young (Allocation Failure)
[1554.271s][info][gc,heap        ] GC(1053) DefNew: 565036K->8529K(629120K)
[1554.271s][info][gc,heap        ] GC(1053) Tenured: 68127K->68242K(1398144K)
[1554.271s][info][gc,metaspace   ] GC(1053) Metaspace: 91569K(97968K)->91569K(97968K) NonClass: 79986K(83376K)->79986K(83376K) Class: 11583K(14592K)->11583K(14592K)
[1554.271s][info][gc             ] GC(1053) Pause Young (Allocation Failure) 618M->74M(1979M) 10.200ms
[1554.271s][info][gc,cpu         ] GC(1053) User=0.00s Sys=0.00s Real=0.01s
[1554.733s][info][gc,start       ] GC(1054) Pause Young (Allocation Failure)
[1554.741s][info][gc,heap        ] GC(1054) DefNew: 567540K->8992K(629120K)
[1554.741s][info][gc,heap        ] GC(1054) Tenured: 68242K->68426K(1398144K)
[1554.741s][info][gc,metaspace   ] GC(1054) Metaspace: 91569K(97968K)->91569K(97968K) NonClass: 79986K(83376K)->79986K(83376K) Class: 11583K(14592K)->11583K(14592K)
[1554.741s][info][gc             ] GC(1054) Pause Young (Allocation Failure) 620M->75M(1979M) 7.694ms
[1554.741s][info][gc,cpu         ] GC(1054) User=0.00s Sys=0.00s Real=0.01s
[1556.272s][info][gc,start       ] GC(1055) Pause Young (Allocation Failure)
[1556.280s][info][gc,heap        ] GC(1055) DefNew: 568224K->6309K(629120K)
[1556.280s][info][gc,heap        ] GC(1055) Tenured: 68426K->68549K(1398144K)
[1556.280s][info][gc,metaspace   ] GC(1055) Metaspace: 91569K(97968K)->91569K(97968K) NonClass: 79986K(83376K)->79986K(83376K) Class: 11583K(14592K)->11583K(14592K)
[1556.280s][info][gc             ] GC(1055) Pause Young (Allocation Failure) 621M->73M(1979M) 7.523ms
[1556.280s][info][gc,cpu         ] GC(1055) User=0.00s Sys=0.00s Real=0.01s
[1558.125s][info][gc,start       ] GC(1056) Pause Young (Allocation Failure)
[1558.137s][info][gc,heap        ] GC(1056) DefNew: 565541K->9154K(629120K)
[1558.137s][info][gc,heap        ] GC(1056) Tenured: 68549K->68630K(1398144K)
[1558.137s][info][gc,metaspace   ] GC(1056) Metaspace: 91569K(97968K)->91569K(97968K) NonClass: 79986K(83376K)->79986K(83376K) Class: 11583K(14592K)->11583K(14592K)
[1558.137s][info][gc             ] GC(1056) Pause Young (Allocation Failure) 619M->75M(1979M) 12.532ms
[1558.137s][info][gc,cpu         ] GC(1056) User=0.00s Sys=0.00s Real=0.01s
[1558.846s][info][gc,start       ] GC(1057) Pause Young (Allocation Failure)
[1558.853s][info][gc,heap        ] GC(1057) DefNew: 568386K->7014K(629120K)
[1558.853s][info][gc,heap        ] GC(1057) Tenured: 68630K->68822K(1398144K)
[1558.853s][info][gc,metaspace   ] GC(1057) Metaspace: 91569K(97968K)->91569K(97968K) NonClass: 79986K(83376K)->79986K(83376K) Class: 11583K(14592K)->11583K(14592K)
[1558.853s][info][gc             ] GC(1057) Pause Young (Allocation Failure) 622M->74M(1979M) 7.216ms
[1558.853s][info][gc,cpu         ] GC(1057) User=0.00s Sys=0.00s Real=0.01s
[1558.857s][info][gc,start       ] GC(1058) Pause Full (System.gc())
[1558.858s][info][gc,phases,start] GC(1058) Phase 1: Mark live objects
[1558.912s][info][gc,phases      ] GC(1058) Phase 1: Mark live objects 54.006ms
[1558.912s][info][gc,phases,start] GC(1058) Phase 2: Compute new object addresses
[1558.924s][info][gc,phases      ] GC(1058) Phase 2: Compute new object addresses 11.557ms
[1558.924s][info][gc,phases,start] GC(1058) Phase 3: Adjust pointers
[1558.956s][info][gc,phases      ] GC(1058) Phase 3: Adjust pointers 31.978ms
[1558.956s][info][gc,phases,start] GC(1058) Phase 4: Move objects
[1558.957s][info][gc,phases      ] GC(1058) Phase 4: Move objects 1.087ms
[1558.958s][info][gc,heap        ] GC(1058) DefNew: 22578K->0K(629120K)
[1558.958s][info][gc,heap        ] GC(1058) Tenured: 68822K->74251K(1398144K)
[1558.958s][info][gc,metaspace   ] GC(1058) Metaspace: 91569K(97968K)->91569K(97968K) NonClass: 79986K(83376K)->79986K(83376K) Class: 11583K(14592K)->11583K(14592K)
[1558.958s][info][gc             ] GC(1058) Pause Full (System.gc()) 89M->72M(1979M) 101.487ms
[1558.958s][info][gc,cpu         ] GC(1058) User=0.09s Sys=0.00s Real=0.10s
[1559.453s][info][gc,start       ] GC(1059) Pause Young (Allocation Failure)
[1559.457s][info][gc,heap        ] GC(1059) DefNew: 559232K->3058K(629120K)
[1559.457s][info][gc,heap        ] GC(1059) Tenured: 74251K->74251K(1398144K)
[1559.457s][info][gc,metaspace   ] GC(1059) Metaspace: 91569K(97968K)->91569K(97968K) NonClass: 79986K(83376K)->79986K(83376K) Class: 11583K(14592K)->11583K(14592K)
[1559.457s][info][gc             ] GC(1059) Pause Young (Allocation Failure) 618M->75M(1979M) 3.810ms
[1559.457s][info][gc,cpu         ] GC(1059) User=0.00s Sys=0.00s Real=0.00s
[1561.452s][info][gc,start       ] GC(1060) Pause Young (Allocation Failure)
[1561.457s][info][gc,heap        ] GC(1060) DefNew: 561194K->4390K(629120K)
[1561.457s][info][gc,heap        ] GC(1060) Tenured: 74251K->74251K(1398144K)
[1561.457s][info][gc,metaspace   ] GC(1060) Metaspace: 91569K(97968K)->91569K(97968K) NonClass: 79986K(83376K)->79986K(83376K) Class: 11583K(14592K)->11583K(14592K)
[1561.457s][info][gc             ] GC(1060) Pause Young (Allocation Failure) 620M->76M(1979M) 4.870ms
[1561.457s][info][gc,cpu         ] GC(1060) User=0.00s Sys=0.00s Real=0.00s
[1563.496s][info][gc,start       ] GC(1061) Pause Young (Allocation Failure)
[1563.501s][info][gc,heap        ] GC(1061) DefNew: 563385K->4947K(629120K)
[1563.501s][info][gc,heap        ] GC(1061) Tenured: 74251K->74251K(1398144K)
[1563.501s][info][gc,metaspace   ] GC(1061) Metaspace: 91569K(97968K)->91569K(97968K) NonClass: 79986K(83376K)->79986K(83376K) Class: 11583K(14592K)->11583K(14592K)
[1563.501s][info][gc             ] GC(1061) Pause Young (Allocation Failure) 622M->77M(1979M) 5.431ms
[1563.501s][info][gc,cpu         ] GC(1061) User=0.00s Sys=0.00s Real=0.01s
[1565.236s][info][gc,start       ] GC(1062) Pause Young (Allocation Failure)
[1565.246s][info][gc,heap        ] GC(1062) DefNew: 564179K->7281K(629120K)
[1565.246s][info][gc,heap        ] GC(1062) Tenured: 74251K->74251K(1398144K)
[1565.246s][info][gc,metaspace   ] GC(1062) Metaspace: 91569K(97968K)->91569K(97968K) NonClass: 79986K(83376K)->79986K(83376K) Class: 11583K(14592K)->11583K(14592K)
[1565.246s][info][gc             ] GC(1062) Pause Young (Allocation Failure) 623M->79M(1979M) 10.016ms
[1565.246s][info][gc,cpu         ] GC(1062) User=0.00s Sys=0.00s Real=0.01s
[1565.734s][info][gc,start       ] GC(1063) Pause Young (Allocation Failure)
[1565.740s][info][gc,heap        ] GC(1063) DefNew: 564458K->12038K(629120K)
[1565.740s][info][gc,heap        ] GC(1063) Tenured: 74251K->74251K(1398144K)
[1565.740s][info][gc,metaspace   ] GC(1063) Metaspace: 91569K(97968K)->91569K(97968K) NonClass: 79986K(83376K)->79986K(83376K) Class: 11583K(14592K)->11583K(14592K)
[1565.740s][info][gc             ] GC(1063) Pause Young (Allocation Failure) 623M->84M(1979M) 6.571ms
[1565.740s][info][gc,cpu         ] GC(1063) User=0.00s Sys=0.00s Real=0.01s
[1567.211s][info][gc,start       ] GC(1064) Pause Young (Allocation Failure)
[1567.218s][info][gc,heap        ] GC(1064) DefNew: 571270K->6187K(629120K)
[1567.218s][info][gc,heap        ] GC(1064) Tenured: 74251K->74251K(1398144K)
[1567.218s][info][gc,metaspace   ] GC(1064) Metaspace: 91569K(97968K)->91569K(97968K) NonClass: 79986K(83376K)->79986K(83376K) Class: 11583K(14592K)->11583K(14592K)
[1567.218s][info][gc             ] GC(1064) Pause Young (Allocation Failure) 630M->78M(1979M) 6.923ms
[1567.218s][info][gc,cpu         ] GC(1064) User=0.00s Sys=0.00s Real=0.01s
[1569.183s][info][gc,start       ] GC(1065) Pause Young (Allocation Failure)
[1569.188s][info][gc,heap        ] GC(1065) DefNew: 565419K->5446K(629120K)
[1569.188s][info][gc,heap        ] GC(1065) Tenured: 74251K->74251K(1398144K)
[1569.188s][info][gc,metaspace   ] GC(1065) Metaspace: 91569K(97968K)->91569K(97968K) NonClass: 79986K(83376K)->79986K(83376K) Class: 11583K(14592K)->11583K(14592K)
[1569.188s][info][gc             ] GC(1065) Pause Young (Allocation Failure) 624M->77M(1979M) 5.292ms
[1569.188s][info][gc,cpu         ] GC(1065) User=0.00s Sys=0.00s Real=0.01s
[1571.707s][info][gc,start       ] GC(1066) Pause Young (Allocation Failure)
[1571.713s][info][gc,heap        ] GC(1066) DefNew: 563824K->5867K(629120K)
[1571.713s][info][gc,heap        ] GC(1066) Tenured: 74251K->74251K(1398144K)
[1571.713s][info][gc,metaspace   ] GC(1066) Metaspace: 91569K(97968K)->91569K(97968K) NonClass: 79986K(83376K)->79986K(83376K) Class: 11583K(14592K)->11583K(14592K)
[1571.713s][info][gc             ] GC(1066) Pause Young (Allocation Failure) 623M->78M(1979M) 6.063ms
[1571.713s][info][gc,cpu         ] GC(1066) User=0.00s Sys=0.00s Real=0.01s
[1572.344s][info][gc,start       ] GC(1067) Pause Young (Allocation Failure)
[1572.352s][info][gc,heap        ] GC(1067) DefNew: 562599K->12212K(629120K)
[1572.352s][info][gc,heap        ] GC(1067) Tenured: 74251K->74251K(1398144K)
[1572.352s][info][gc,metaspace   ] GC(1067) Metaspace: 91569K(97968K)->91569K(97968K) NonClass: 79986K(83376K)->79986K(83376K) Class: 11583K(14592K)->11583K(14592K)
[1572.352s][info][gc             ] GC(1067) Pause Young (Allocation Failure) 621M->84M(1979M) 7.902ms
[1572.352s][info][gc,cpu         ] GC(1067) User=0.00s Sys=0.00s Real=0.01s
[1573.066s][info][gc,start       ] GC(1068) Pause Young (Allocation Failure)
[1573.071s][info][gc,heap        ] GC(1068) DefNew: 571444K->5212K(629120K)
[1573.071s][info][gc,heap        ] GC(1068) Tenured: 74251K->74251K(1398144K)
[1573.071s][info][gc,metaspace   ] GC(1068) Metaspace: 91569K(97968K)->91569K(97968K) NonClass: 79986K(83376K)->79986K(83376K) Class: 11583K(14592K)->11583K(14592K)
[1573.071s][info][gc             ] GC(1068) Pause Young (Allocation Failure) 630M->77M(1979M) 5.016ms
[1573.071s][info][gc,cpu         ] GC(1068) User=0.00s Sys=0.00s Real=0.01s
[1575.532s][info][gc,start       ] GC(1069) Pause Young (Allocation Failure)
[1575.539s][info][gc,heap        ] GC(1069) DefNew: 562151K->6236K(629120K)
[1575.539s][info][gc,heap        ] GC(1069) Tenured: 74251K->74251K(1398144K)
[1575.539s][info][gc,metaspace   ] GC(1069) Metaspace: 91569K(97968K)->91569K(97968K) NonClass: 79986K(83376K)->79986K(83376K) Class: 11583K(14592K)->11583K(14592K)
[1575.539s][info][gc             ] GC(1069) Pause Young (Allocation Failure) 621M->78M(1979M) 6.559ms
[1575.539s][info][gc,cpu         ] GC(1069) User=0.00s Sys=0.00s Real=0.01s
[1577.515s][info][gc,start       ] GC(1070) Pause Young (Allocation Failure)
[1577.521s][info][gc,heap        ] GC(1070) DefNew: 565266K->6300K(629120K)
[1577.521s][info][gc,heap        ] GC(1070) Tenured: 74251K->74251K(1398144K)
[1577.521s][info][gc,metaspace   ] GC(1070) Metaspace: 91569K(97968K)->91569K(97968K) NonClass: 79986K(83376K)->79986K(83376K) Class: 11583K(14592K)->11583K(14592K)
[1577.521s][info][gc             ] GC(1070) Pause Young (Allocation Failure) 624M->78M(1979M) 6.492ms
[1577.521s][info][gc,cpu         ] GC(1070) User=0.00s Sys=0.00s Real=0.01s
[1578.904s][info][gc,start       ] GC(1071) Pause Young (Allocation Failure)
[1578.923s][info][gc,heap        ] GC(1071) DefNew: 565532K->11793K(629120K)
[1578.923s][info][gc,heap        ] GC(1071) Tenured: 74251K->74251K(1398144K)
[1578.923s][info][gc,metaspace   ] GC(1071) Metaspace: 91569K(97968K)->91569K(97968K) NonClass: 79986K(83376K)->79986K(83376K) Class: 11583K(14592K)->11583K(14592K)
[1578.923s][info][gc             ] GC(1071) Pause Young (Allocation Failure) 624M->84M(1979M) 18.884ms
[1578.923s][info][gc,cpu         ] GC(1071) User=0.00s Sys=0.00s Real=0.02s
[1579.436s][info][gc,start       ] GC(1072) Pause Young (Allocation Failure)
[1579.442s][info][gc,heap        ] GC(1072) DefNew: 570655K->8323K(629120K)
[1579.443s][info][gc,heap        ] GC(1072) Tenured: 74251K->74251K(1398144K)
[1579.443s][info][gc,metaspace   ] GC(1072) Metaspace: 91569K(97968K)->91569K(97968K) NonClass: 79986K(83376K)->79986K(83376K) Class: 11583K(14592K)->11583K(14592K)
[1579.443s][info][gc             ] GC(1072) Pause Young (Allocation Failure) 629M->80M(1979M) 6.296ms
[1579.443s][info][gc,cpu         ] GC(1072) User=0.00s Sys=0.00s Real=0.01s
[1581.405s][info][gc,start       ] GC(1073) Pause Young (GCLocker Initiated GC)
[1581.413s][info][gc,heap        ] GC(1073) DefNew: 567830K->7634K(629120K)
[1581.413s][info][gc,heap        ] GC(1073) Tenured: 74251K->74251K(1398144K)
[1581.413s][info][gc,metaspace   ] GC(1073) Metaspace: 91569K(97968K)->91569K(97968K) NonClass: 79986K(83376K)->79986K(83376K) Class: 11583K(14592K)->11583K(14592K)
[1581.413s][info][gc             ] GC(1073) Pause Young (GCLocker Initiated GC) 627M->79M(1979M) 7.395ms
[1581.413s][info][gc,cpu         ] GC(1073) User=0.00s Sys=0.00s Real=0.01s
[1583.612s][info][gc,start       ] GC(1074) Pause Young (Allocation Failure)
[1583.618s][info][gc,heap        ] GC(1074) DefNew: 563319K->6244K(629120K)
[1583.618s][info][gc,heap        ] GC(1074) Tenured: 74251K->74714K(1398144K)
[1583.618s][info][gc,metaspace   ] GC(1074) Metaspace: 91569K(97968K)->91569K(97968K) NonClass: 79986K(83376K)->79986K(83376K) Class: 11583K(14592K)->11583K(14592K)
[1583.618s][info][gc             ] GC(1074) Pause Young (Allocation Failure) 622M->79M(1979M) 6.843ms
[1583.618s][info][gc,cpu         ] GC(1074) User=0.00s Sys=0.00s Real=0.01s
[1585.492s][info][gc,start       ] GC(1075) Pause Young (Allocation Failure)
[1585.503s][info][gc,heap        ] GC(1075) DefNew: 565476K->9385K(629120K)
[1585.503s][info][gc,heap        ] GC(1075) Tenured: 74714K->74902K(1398144K)
[1585.503s][info][gc,metaspace   ] GC(1075) Metaspace: 91569K(97968K)->91569K(97968K) NonClass: 79986K(83376K)->79986K(83376K) Class: 11583K(14592K)->11583K(14592K)
[1585.503s][info][gc             ] GC(1075) Pause Young (Allocation Failure) 625M->82M(1979M) 11.255ms
[1585.503s][info][gc,cpu         ] GC(1075) User=0.00s Sys=0.00s Real=0.01s
[1586.125s][info][gc,start       ] GC(1076) Pause Young (Allocation Failure)
[1586.135s][info][gc,heap        ] GC(1076) DefNew: 566916K->25674K(629120K)
[1586.135s][info][gc,heap        ] GC(1076) Tenured: 74902K->75105K(1398144K)
[1586.135s][info][gc,metaspace   ] GC(1076) Metaspace: 91569K(97968K)->91569K(97968K) NonClass: 79986K(83376K)->79986K(83376K) Class: 11583K(14592K)->11583K(14592K)
[1586.135s][info][gc             ] GC(1076) Pause Young (Allocation Failure) 626M->98M(1979M) 9.508ms
[1586.135s][info][gc,cpu         ] GC(1076) User=0.00s Sys=0.00s Real=0.01s
[1587.492s][info][gc,start       ] GC(1077) Pause Young (Allocation Failure)
[1587.500s][info][gc,heap        ] GC(1077) DefNew: 584906K->6829K(629120K)
[1587.500s][info][gc,heap        ] GC(1077) Tenured: 75105K->75255K(1398144K)
[1587.500s][info][gc,metaspace   ] GC(1077) Metaspace: 91569K(97968K)->91569K(97968K) NonClass: 79986K(83376K)->79986K(83376K) Class: 11583K(14592K)->11583K(14592K)
[1587.500s][info][gc             ] GC(1077) Pause Young (Allocation Failure) 644M->80M(1979M) 7.701ms
[1587.500s][info][gc,cpu         ] GC(1077) User=0.00s Sys=0.00s Real=0.01s
[1589.430s][info][gc,start       ] GC(1078) Pause Young (Allocation Failure)
[1589.438s][info][gc,heap        ] GC(1078) DefNew: 565455K->7721K(629120K)
[1589.438s][info][gc,heap        ] GC(1078) Tenured: 75255K->75322K(1398144K)
[1589.438s][info][gc,metaspace   ] GC(1078) Metaspace: 91569K(97968K)->91569K(97968K) NonClass: 79986K(83376K)->79986K(83376K) Class: 11583K(14592K)->11583K(14592K)
[1589.438s][info][gc             ] GC(1078) Pause Young (Allocation Failure) 625M->81M(1979M) 8.430ms
[1589.438s][info][gc,cpu         ] GC(1078) User=0.02s Sys=0.00s Real=0.01s
[1589.964s][info][gc,start       ] GC(1079) Pause Young (Allocation Failure)
[1589.971s][info][gc,heap        ] GC(1079) DefNew: 562887K->9205K(629120K)
[1589.971s][info][gc,heap        ] GC(1079) Tenured: 75322K->75503K(1398144K)
[1589.971s][info][gc,metaspace   ] GC(1079) Metaspace: 91569K(97968K)->91569K(97968K) NonClass: 79986K(83376K)->79986K(83376K) Class: 11583K(14592K)->11583K(14592K)
[1589.971s][info][gc             ] GC(1079) Pause Young (Allocation Failure) 623M->82M(1979M) 7.066ms
[1589.971s][info][gc,cpu         ] GC(1079) User=0.00s Sys=0.00s Real=0.01s
[1591.532s][info][gc,start       ] GC(1080) Pause Young (Allocation Failure)
[1591.538s][info][gc,heap        ] GC(1080) DefNew: 568028K->5663K(629120K)
[1591.538s][info][gc,heap        ] GC(1080) Tenured: 75503K->75643K(1398144K)
[1591.538s][info][gc,metaspace   ] GC(1080) Metaspace: 91569K(97968K)->91569K(97968K) NonClass: 79986K(83376K)->79986K(83376K) Class: 11583K(14592K)->11583K(14592K)
[1591.538s][info][gc             ] GC(1080) Pause Young (Allocation Failure) 628M->79M(1979M) 6.672ms
[1591.538s][info][gc,cpu         ] GC(1080) User=0.02s Sys=0.00s Real=0.01s
[1593.368s][info][gc,start       ] GC(1081) Pause Young (Allocation Failure)
[1593.378s][info][gc,heap        ] GC(1081) DefNew: 564895K->8067K(629120K)
[1593.378s][info][gc,heap        ] GC(1081) Tenured: 75643K->75803K(1398144K)
[1593.378s][info][gc,metaspace   ] GC(1081) Metaspace: 91569K(97968K)->91569K(97968K) NonClass: 79986K(83376K)->79986K(83376K) Class: 11583K(14592K)->11583K(14592K)
[1593.378s][info][gc             ] GC(1081) Pause Young (Allocation Failure) 625M->81M(1979M) 9.625ms
[1593.378s][info][gc,cpu         ] GC(1081) User=0.00s Sys=0.00s Real=0.01s
[1593.860s][info][gc,start       ] GC(1082) Pause Young (Allocation Failure)
[1593.868s][info][gc,heap        ] GC(1082) DefNew: 567299K->8662K(629120K)
[1593.868s][info][gc,heap        ] GC(1082) Tenured: 75803K->75924K(1398144K)
[1593.868s][info][gc,metaspace   ] GC(1082) Metaspace: 91569K(97968K)->91569K(97968K) NonClass: 79986K(83376K)->79986K(83376K) Class: 11583K(14592K)->11583K(14592K)
[1593.868s][info][gc             ] GC(1082) Pause Young (Allocation Failure) 628M->82M(1979M) 7.564ms
[1593.868s][info][gc,cpu         ] GC(1082) User=0.00s Sys=0.00s Real=0.01s
[1595.368s][info][gc,start       ] GC(1083) Pause Young (Allocation Failure)
[1595.377s][info][gc,heap        ] GC(1083) DefNew: 567922K->8053K(629120K)
[1595.377s][info][gc,heap        ] GC(1083) Tenured: 75924K->76034K(1398144K)
[1595.377s][info][gc,metaspace   ] GC(1083) Metaspace: 91569K(97968K)->91569K(97968K) NonClass: 79986K(83376K)->79986K(83376K) Class: 11583K(14592K)->11583K(14592K)
[1595.377s][info][gc             ] GC(1083) Pause Young (Allocation Failure) 628M->82M(1979M) 8.720ms
[1595.377s][info][gc,cpu         ] GC(1083) User=0.00s Sys=0.00s Real=0.01s
[1597.129s][info][gc,start       ] GC(1084) Pause Young (Allocation Failure)
[1597.139s][info][gc,heap        ] GC(1084) DefNew: 567285K->8668K(629120K)
[1597.139s][info][gc,heap        ] GC(1084) Tenured: 76034K->76197K(1398144K)
[1597.139s][info][gc,metaspace   ] GC(1084) Metaspace: 91569K(97968K)->91569K(97968K) NonClass: 79986K(83376K)->79986K(83376K) Class: 11583K(14592K)->11583K(14592K)
[1597.139s][info][gc             ] GC(1084) Pause Young (Allocation Failure) 628M->82M(1979M) 9.556ms
[1597.139s][info][gc,cpu         ] GC(1084) User=0.00s Sys=0.00s Real=0.01s
[1597.602s][info][gc,start       ] GC(1085) Pause Young (Allocation Failure)
[1597.610s][info][gc,heap        ] GC(1085) DefNew: 566202K->13456K(629120K)
[1597.610s][info][gc,heap        ] GC(1085) Tenured: 76197K->76384K(1398144K)
[1597.610s][info][gc,metaspace   ] GC(1085) Metaspace: 91569K(97968K)->91569K(97968K) NonClass: 79986K(83376K)->79986K(83376K) Class: 11583K(14592K)->11583K(14592K)
[1597.610s][info][gc             ] GC(1085) Pause Young (Allocation Failure) 627M->87M(1979M) 7.820ms
[1597.610s][info][gc,cpu         ] GC(1085) User=0.00s Sys=0.00s Real=0.01s
[1599.121s][info][gc,start       ] GC(1086) Pause Young (Allocation Failure)
[1599.128s][info][gc,heap        ] GC(1086) DefNew: 572279K->5806K(629120K)
[1599.128s][info][gc,heap        ] GC(1086) Tenured: 76384K->76504K(1398144K)
[1599.128s][info][gc,metaspace   ] GC(1086) Metaspace: 91569K(97968K)->91569K(97968K) NonClass: 79986K(83376K)->79986K(83376K) Class: 11583K(14592K)->11583K(14592K)
[1599.128s][info][gc             ] GC(1086) Pause Young (Allocation Failure) 633M->80M(1979M) 6.892ms
[1599.128s][info][gc,cpu         ] GC(1086) User=0.00s Sys=0.00s Real=0.01s
[1601.012s][info][gc,start       ] GC(1087) Pause Young (Allocation Failure)
[1601.022s][info][gc,heap        ] GC(1087) DefNew: 565038K->8448K(629120K)
[1601.022s][info][gc,heap        ] GC(1087) Tenured: 76504K->76586K(1398144K)
[1601.022s][info][gc,metaspace   ] GC(1087) Metaspace: 91569K(97968K)->91569K(97968K) NonClass: 79986K(83376K)->79986K(83376K) Class: 11583K(14592K)->11583K(14592K)
[1601.022s][info][gc             ] GC(1087) Pause Young (Allocation Failure) 626M->83M(1979M) 9.903ms
[1601.022s][info][gc,cpu         ] GC(1087) User=0.00s Sys=0.00s Real=0.01s
[1601.734s][info][gc,start       ] GC(1088) Pause Young (Allocation Failure)
[1601.743s][info][gc,heap        ] GC(1088) DefNew: 567680K->7525K(629120K)
[1601.743s][info][gc,heap        ] GC(1088) Tenured: 76586K->76778K(1398144K)
[1601.743s][info][gc,metaspace   ] GC(1088) Metaspace: 91572K(97968K)->91572K(97968K) NonClass: 79989K(83376K)->79989K(83376K) Class: 11583K(14592K)->11583K(14592K)
[1601.743s][info][gc             ] GC(1088) Pause Young (Allocation Failure) 629M->82M(1979M) 8.387ms
[1601.743s][info][gc,cpu         ] GC(1088) User=0.00s Sys=0.00s Real=0.01s
[1601.750s][info][gc,start       ] GC(1089) Pause Full (System.gc())
[1601.752s][info][gc,phases,start] GC(1089) Phase 1: Mark live objects
[1601.806s][info][gc,phases      ] GC(1089) Phase 1: Mark live objects 53.602ms
[1601.806s][info][gc,phases,start] GC(1089) Phase 2: Compute new object addresses
[1601.819s][info][gc,phases      ] GC(1089) Phase 2: Compute new object addresses 13.393ms
[1601.819s][info][gc,phases,start] GC(1089) Phase 3: Adjust pointers
[1601.852s][info][gc,phases      ] GC(1089) Phase 3: Adjust pointers 32.122ms
[1601.852s][info][gc,phases,start] GC(1089) Phase 4: Move objects
[1601.853s][info][gc,phases      ] GC(1089) Phase 4: Move objects 1.470ms
[1601.854s][info][gc,heap        ] GC(1089) DefNew: 33473K->0K(629120K)
[1601.854s][info][gc,heap        ] GC(1089) Tenured: 76778K->82494K(1398144K)
[1601.854s][info][gc,metaspace   ] GC(1089) Metaspace: 91572K(97968K)->91572K(97968K) NonClass: 79989K(83376K)->79989K(83376K) Class: 11583K(14592K)->11583K(14592K)
[1601.854s][info][gc             ] GC(1089) Pause Full (System.gc()) 107M->80M(1979M) 103.516ms
[1601.854s][info][gc,cpu         ] GC(1089) User=0.09s Sys=0.00s Real=0.10s
[1602.352s][info][gc,start       ] GC(1090) Pause Young (Allocation Failure)
[1602.356s][info][gc,heap        ] GC(1090) DefNew: 559232K->3124K(629120K)
[1602.356s][info][gc,heap        ] GC(1090) Tenured: 82494K->82494K(1398144K)
[1602.356s][info][gc,metaspace   ] GC(1090) Metaspace: 91572K(97968K)->91572K(97968K) NonClass: 79989K(83376K)->79989K(83376K) Class: 11583K(14592K)->11583K(14592K)
[1602.356s][info][gc             ] GC(1090) Pause Young (Allocation Failure) 626M->83M(1979M) 4.157ms
[1602.356s][info][gc,cpu         ] GC(1090) User=0.00s Sys=0.00s Real=0.00s
[1604.322s][info][gc,start       ] GC(1091) Pause Young (Allocation Failure)
[1604.326s][info][gc,heap        ] GC(1091) DefNew: 560760K->4460K(629120K)
[1604.326s][info][gc,heap        ] GC(1091) Tenured: 82494K->82494K(1398144K)
[1604.326s][info][gc,metaspace   ] GC(1091) Metaspace: 91572K(97968K)->91572K(97968K) NonClass: 79989K(83376K)->79989K(83376K) Class: 11583K(14592K)->11583K(14592K)
[1604.326s][info][gc             ] GC(1091) Pause Young (Allocation Failure) 628M->84M(1979M) 4.669ms
[1604.326s][info][gc,cpu         ] GC(1091) User=0.00s Sys=0.00s Real=0.01s
[1606.305s][info][gc,start       ] GC(1092) Pause Young (Allocation Failure)
[1606.310s][info][gc,heap        ] GC(1092) DefNew: 563670K->5033K(629120K)
[1606.310s][info][gc,heap        ] GC(1092) Tenured: 82494K->82494K(1398144K)
[1606.310s][info][gc,metaspace   ] GC(1092) Metaspace: 91572K(97968K)->91572K(97968K) NonClass: 79989K(83376K)->79989K(83376K) Class: 11583K(14592K)->11583K(14592K)
[1606.310s][info][gc             ] GC(1092) Pause Young (Allocation Failure) 631M->85M(1979M) 5.342ms
[1606.310s][info][gc,cpu         ] GC(1092) User=0.00s Sys=0.00s Real=0.00s
[1608.029s][info][gc,start       ] GC(1093) Pause Young (Allocation Failure)
[1608.039s][info][gc,heap        ] GC(1093) DefNew: 564265K->7406K(629120K)
[1608.039s][info][gc,heap        ] GC(1093) Tenured: 82494K->82494K(1398144K)
[1608.039s][info][gc,metaspace   ] GC(1093) Metaspace: 91572K(97968K)->91572K(97968K) NonClass: 79989K(83376K)->79989K(83376K) Class: 11583K(14592K)->11583K(14592K)
[1608.039s][info][gc             ] GC(1093) Pause Young (Allocation Failure) 631M->87M(1979M) 10.617ms
[1608.039s][info][gc,cpu         ] GC(1093) User=0.00s Sys=0.00s Real=0.01s
[1608.529s][info][gc,start       ] GC(1094) Pause Young (Allocation Failure)
[1608.536s][info][gc,heap        ] GC(1094) DefNew: 563892K->12010K(629120K)
[1608.536s][info][gc,heap        ] GC(1094) Tenured: 82494K->82494K(1398144K)
[1608.536s][info][gc,metaspace   ] GC(1094) Metaspace: 91572K(97968K)->91572K(97968K) NonClass: 79989K(83376K)->79989K(83376K) Class: 11583K(14592K)->11583K(14592K)
[1608.536s][info][gc             ] GC(1094) Pause Young (Allocation Failure) 631M->92M(1979M) 7.038ms
[1608.536s][info][gc,cpu         ] GC(1094) User=0.00s Sys=0.00s Real=0.01s
[1610.070s][info][gc,start       ] GC(1095) Pause Young (Allocation Failure)
[1610.078s][info][gc,heap        ] GC(1095) DefNew: 571242K->6517K(629120K)
[1610.078s][info][gc,heap        ] GC(1095) Tenured: 82494K->82494K(1398144K)
[1610.078s][info][gc,metaspace   ] GC(1095) Metaspace: 91572K(97968K)->91572K(97968K) NonClass: 79989K(83376K)->79989K(83376K) Class: 11583K(14592K)->11583K(14592K)
[1610.078s][info][gc             ] GC(1095) Pause Young (Allocation Failure) 638M->86M(1979M) 7.269ms
[1610.078s][info][gc,cpu         ] GC(1095) User=0.00s Sys=0.00s Real=0.01s
[1612.075s][info][gc,start       ] GC(1096) Pause Young (Allocation Failure)
[1612.080s][info][gc,heap        ] GC(1096) DefNew: 565749K->5219K(629120K)
[1612.080s][info][gc,heap        ] GC(1096) Tenured: 82494K->82494K(1398144K)
[1612.080s][info][gc,metaspace   ] GC(1096) Metaspace: 91572K(97968K)->91572K(97968K) NonClass: 79989K(83376K)->79989K(83376K) Class: 11583K(14592K)->11583K(14592K)
[1612.080s][info][gc             ] GC(1096) Pause Young (Allocation Failure) 633M->85M(1979M) 5.006ms
[1612.080s][info][gc,cpu         ] GC(1096) User=0.00s Sys=0.00s Real=0.00s
[1614.615s][info][gc,start       ] GC(1097) Pause Young (Allocation Failure)
[1614.620s][info][gc,heap        ] GC(1097) DefNew: 564451K->5719K(629120K)
[1614.620s][info][gc,heap        ] GC(1097) Tenured: 82494K->82494K(1398144K)
[1614.620s][info][gc,metaspace   ] GC(1097) Metaspace: 91577K(97968K)->91577K(97968K) NonClass: 79993K(83376K)->79993K(83376K) Class: 11583K(14592K)->11583K(14592K)
[1614.620s][info][gc             ] GC(1097) Pause Young (Allocation Failure) 631M->86M(1979M) 5.492ms
[1614.620s][info][gc,cpu         ] GC(1097) User=0.00s Sys=0.00s Real=0.01s
[1615.243s][info][gc,start       ] GC(1098) Pause Young (Allocation Failure)
[1615.250s][info][gc,heap        ] GC(1098) DefNew: 564951K->7802K(629120K)
[1615.250s][info][gc,heap        ] GC(1098) Tenured: 82494K->82494K(1398144K)
[1615.250s][info][gc,metaspace   ] GC(1098) Metaspace: 91577K(97968K)->91577K(97968K) NonClass: 79993K(83376K)->79993K(83376K) Class: 11583K(14592K)->11583K(14592K)
[1615.250s][info][gc             ] GC(1098) Pause Young (Allocation Failure) 632M->88M(1979M) 7.626ms
[1615.250s][info][gc,cpu         ] GC(1098) User=0.00s Sys=0.00s Real=0.01s
[1615.967s][info][gc,start       ] GC(1099) Pause Young (Allocation Failure)
[1615.973s][info][gc,heap        ] GC(1099) DefNew: 565941K->5346K(629120K)
[1615.973s][info][gc,heap        ] GC(1099) Tenured: 82494K->82494K(1398144K)
[1615.973s][info][gc,metaspace   ] GC(1099) Metaspace: 91577K(97968K)->91577K(97968K) NonClass: 79993K(83376K)->79993K(83376K) Class: 11583K(14592K)->11583K(14592K)
[1615.973s][info][gc             ] GC(1099) Pause Young (Allocation Failure) 633M->85M(1979M) 5.694ms
[1615.973s][info][gc,cpu         ] GC(1099) User=0.00s Sys=0.00s Real=0.01s
[1618.926s][info][gc,start       ] GC(1100) Pause Young (Allocation Failure)
[1618.933s][info][gc,heap        ] GC(1100) DefNew: 564578K->6665K(629120K)
[1618.933s][info][gc,heap        ] GC(1100) Tenured: 82494K->82494K(1398144K)
[1618.933s][info][gc,metaspace   ] GC(1100) Metaspace: 91577K(97968K)->91577K(97968K) NonClass: 79993K(83376K)->79993K(83376K) Class: 11583K(14592K)->11583K(14592K)
[1618.933s][info][gc             ] GC(1100) Pause Young (Allocation Failure) 631M->87M(1979M) 6.890ms
[1618.933s][info][gc,cpu         ] GC(1100) User=0.02s Sys=0.00s Real=0.01s
[1621.000s][info][gc,start       ] GC(1101) Pause Young (Allocation Failure)
[1621.007s][info][gc,heap        ] GC(1101) DefNew: 565495K->6329K(629120K)
[1621.007s][info][gc,heap        ] GC(1101) Tenured: 82494K->82494K(1398144K)
[1621.007s][info][gc,metaspace   ] GC(1101) Metaspace: 91577K(97968K)->91577K(97968K) NonClass: 79993K(83376K)->79993K(83376K) Class: 11583K(14592K)->11583K(14592K)
[1621.007s][info][gc             ] GC(1101) Pause Young (Allocation Failure) 632M->86M(1979M) 7.136ms
[1621.007s][info][gc,cpu         ] GC(1101) User=0.00s Sys=0.00s Real=0.01s
[1622.348s][info][gc,start       ] GC(1102) Pause Young (Allocation Failure)
[1622.367s][info][gc,heap        ] GC(1102) DefNew: 565561K->11793K(629120K)
[1622.367s][info][gc,heap        ] GC(1102) Tenured: 82494K->82494K(1398144K)
[1622.367s][info][gc,metaspace   ] GC(1102) Metaspace: 91577K(97968K)->91577K(97968K) NonClass: 79993K(83376K)->79993K(83376K) Class: 11583K(14592K)->11583K(14592K)
[1622.367s][info][gc             ] GC(1102) Pause Young (Allocation Failure) 632M->92M(1979M) 18.470ms
[1622.367s][info][gc,cpu         ] GC(1102) User=0.00s Sys=0.00s Real=0.02s
[1622.899s][info][gc,start       ] GC(1103) Pause Young (Allocation Failure)
[1622.905s][info][gc,heap        ] GC(1103) DefNew: 567314K->8470K(629120K)
[1622.905s][info][gc,heap        ] GC(1103) Tenured: 82494K->82494K(1398144K)
[1622.905s][info][gc,metaspace   ] GC(1103) Metaspace: 91578K(97968K)->91578K(97968K) NonClass: 79995K(83376K)->79995K(83376K) Class: 11583K(14592K)->11583K(14592K)
[1622.905s][info][gc             ] GC(1103) Pause Young (Allocation Failure) 634M->88M(1979M) 6.620ms
[1622.905s][info][gc,cpu         ] GC(1103) User=0.00s Sys=0.00s Real=0.01s
[1624.966s][info][gc,start       ] GC(1104) Pause Young (Allocation Failure)
[1624.974s][info][gc,heap        ] GC(1104) DefNew: 567713K->7940K(629120K)
[1624.974s][info][gc,heap        ] GC(1104) Tenured: 82494K->82494K(1398144K)
[1624.974s][info][gc,metaspace   ] GC(1104) Metaspace: 91578K(97968K)->91578K(97968K) NonClass: 79995K(83376K)->79995K(83376K) Class: 11583K(14592K)->11583K(14592K)
[1624.974s][info][gc             ] GC(1104) Pause Young (Allocation Failure) 634M->88M(1979M) 8.097ms
[1624.974s][info][gc,cpu         ] GC(1104) User=0.00s Sys=0.00s Real=0.01s
[1626.937s][info][gc,start       ] GC(1105) Pause Young (Allocation Failure)
[1626.944s][info][gc,heap        ] GC(1105) DefNew: 565876K->6175K(629120K)
[1626.944s][info][gc,heap        ] GC(1105) Tenured: 82494K->83022K(1398144K)
[1626.944s][info][gc,metaspace   ] GC(1105) Metaspace: 91578K(97968K)->91578K(97968K) NonClass: 79995K(83376K)->79995K(83376K) Class: 11583K(14592K)->11583K(14592K)
[1626.944s][info][gc             ] GC(1105) Pause Young (Allocation Failure) 633M->87M(1979M) 7.266ms
[1626.944s][info][gc,cpu         ] GC(1105) User=0.00s Sys=0.00s Real=0.01s
[1628.805s][info][gc,start       ] GC(1106) Pause Young (Allocation Failure)
[1628.816s][info][gc,heap        ] GC(1106) DefNew: 565407K->11168K(629120K)
[1628.816s][info][gc,heap        ] GC(1106) Tenured: 83022K->83235K(1398144K)
[1628.816s][info][gc,metaspace   ] GC(1106) Metaspace: 91578K(97968K)->91578K(97968K) NonClass: 79995K(83376K)->79995K(83376K) Class: 11583K(14592K)->11583K(14592K)
[1628.816s][info][gc             ] GC(1106) Pause Young (Allocation Failure) 633M->92M(1979M) 10.384ms
[1628.816s][info][gc,cpu         ] GC(1106) User=0.00s Sys=0.00s Real=0.01s
[1629.420s][info][gc,start       ] GC(1107) Pause Young (Allocation Failure)
[1629.428s][info][gc,heap        ] GC(1107) DefNew: 567402K->12879K(629120K)
[1629.428s][info][gc,heap        ] GC(1107) Tenured: 83235K->83420K(1398144K)
[1629.428s][info][gc,metaspace   ] GC(1107) Metaspace: 91578K(97968K)->91578K(97968K) NonClass: 79995K(83376K)->79995K(83376K) Class: 11583K(14592K)->11583K(14592K)
[1629.428s][info][gc             ] GC(1107) Pause Young (Allocation Failure) 635M->94M(1979M) 7.684ms
[1629.428s][info][gc,cpu         ] GC(1107) User=0.00s Sys=0.00s Real=0.01s
[1630.822s][info][gc,start       ] GC(1108) Pause Young (Allocation Failure)
[1630.830s][info][gc,heap        ] GC(1108) DefNew: 572111K->9207K(629120K)
[1630.830s][info][gc,heap        ] GC(1108) Tenured: 83420K->83569K(1398144K)
[1630.830s][info][gc,metaspace   ] GC(1108) Metaspace: 91578K(97968K)->91578K(97968K) NonClass: 79995K(83376K)->79995K(83376K) Class: 11583K(14592K)->11583K(14592K)
[1630.830s][info][gc             ] GC(1108) Pause Young (Allocation Failure) 640M->90M(1979M) 8.176ms
[1630.830s][info][gc,cpu         ] GC(1108) User=0.00s Sys=0.00s Real=0.01s
[1632.769s][info][gc,start       ] GC(1109) Pause Young (Allocation Failure)
[1632.778s][info][gc,heap        ] GC(1109) DefNew: 568171K->7706K(629120K)
[1632.778s][info][gc,heap        ] GC(1109) Tenured: 83569K->83636K(1398144K)
[1632.778s][info][gc,metaspace   ] GC(1109) Metaspace: 91578K(97968K)->91578K(97968K) NonClass: 79995K(83376K)->79995K(83376K) Class: 11583K(14592K)->11583K(14592K)
[1632.778s][info][gc             ] GC(1109) Pause Young (Allocation Failure) 636M->89M(1979M) 8.717ms
[1632.778s][info][gc,cpu         ] GC(1109) User=0.00s Sys=0.00s Real=0.01s
[1633.304s][info][gc,start       ] GC(1110) Pause Young (Allocation Failure)
[1633.312s][info][gc,heap        ] GC(1110) DefNew: 566833K->13952K(629120K)
[1633.312s][info][gc,heap        ] GC(1110) Tenured: 83636K->83820K(1398144K)
[1633.312s][info][gc,metaspace   ] GC(1110) Metaspace: 91578K(97968K)->91578K(97968K) NonClass: 79995K(83376K)->79995K(83376K) Class: 11583K(14592K)->11583K(14592K)
[1633.312s][info][gc             ] GC(1110) Pause Young (Allocation Failure) 635M->95M(1979M) 8.315ms
[1633.312s][info][gc,cpu         ] GC(1110) User=0.00s Sys=0.00s Real=0.01s
[1634.828s][info][gc,start       ] GC(1111) Pause Young (Allocation Failure)
[1634.835s][info][gc,heap        ] GC(1111) DefNew: 573184K->6473K(629120K)
[1634.835s][info][gc,heap        ] GC(1111) Tenured: 83820K->83959K(1398144K)
[1634.835s][info][gc,metaspace   ] GC(1111) Metaspace: 91578K(97968K)->91578K(97968K) NonClass: 79995K(83376K)->79995K(83376K) Class: 11583K(14592K)->11583K(14592K)
[1634.835s][info][gc             ] GC(1111) Pause Young (Allocation Failure) 641M->88M(1979M) 7.526ms
[1634.835s][info][gc,cpu         ] GC(1111) User=0.00s Sys=0.00s Real=0.01s
[1636.730s][info][gc,start       ] GC(1112) Pause Young (Allocation Failure)
[1636.740s][info][gc,heap        ] GC(1112) DefNew: 565705K->8316K(629120K)
[1636.740s][info][gc,heap        ] GC(1112) Tenured: 83959K->84124K(1398144K)
[1636.740s][info][gc,metaspace   ] GC(1112) Metaspace: 91578K(97968K)->91578K(97968K) NonClass: 79995K(83376K)->79995K(83376K) Class: 11583K(14592K)->11583K(14592K)
[1636.740s][info][gc             ] GC(1112) Pause Young (Allocation Failure) 634M->90M(1979M) 9.296ms
[1636.740s][info][gc,cpu         ] GC(1112) User=0.00s Sys=0.00s Real=0.01s
[1637.190s][info][gc,start       ] GC(1113) Pause Young (Allocation Failure)
[1637.198s][info][gc,heap        ] GC(1113) DefNew: 563976K->13284K(629120K)
[1637.198s][info][gc,heap        ] GC(1113) Tenured: 84124K->84240K(1398144K)
[1637.198s][info][gc,metaspace   ] GC(1113) Metaspace: 91578K(97968K)->91578K(97968K) NonClass: 79995K(83376K)->79995K(83376K) Class: 11583K(14592K)->11583K(14592K)
[1637.198s][info][gc             ] GC(1113) Pause Young (Allocation Failure) 632M->95M(1979M) 7.857ms
[1637.198s][info][gc,cpu         ] GC(1113) User=0.00s Sys=0.00s Real=0.01s
[1638.683s][info][gc,start       ] GC(1114) Pause Young (Allocation Failure)
[1638.691s][info][gc,heap        ] GC(1114) DefNew: 572516K->8437K(629120K)
[1638.691s][info][gc,heap        ] GC(1114) Tenured: 84240K->84398K(1398144K)
[1638.691s][info][gc,metaspace   ] GC(1114) Metaspace: 91578K(97968K)->91578K(97968K) NonClass: 79995K(83376K)->79995K(83376K) Class: 11583K(14592K)->11583K(14592K)
[1638.691s][info][gc             ] GC(1114) Pause Young (Allocation Failure) 641M->90M(1979M) 7.821ms
[1638.691s][info][gc,cpu         ] GC(1114) User=0.00s Sys=0.00s Real=0.01s
[1640.494s][info][gc,start       ] GC(1115) Pause Young (Allocation Failure)
[1640.504s][info][gc,heap        ] GC(1115) DefNew: 567669K->8591K(629120K)
[1640.504s][info][gc,heap        ] GC(1115) Tenured: 84398K->84514K(1398144K)
[1640.504s][info][gc,metaspace   ] GC(1115) Metaspace: 91578K(97968K)->91578K(97968K) NonClass: 79995K(83376K)->79995K(83376K) Class: 11583K(14592K)->11583K(14592K)
[1640.504s][info][gc             ] GC(1115) Pause Young (Allocation Failure) 636M->90M(1979M) 10.057ms
[1640.504s][info][gc,cpu         ] GC(1115) User=0.00s Sys=0.00s Real=0.01s
[1640.972s][info][gc,start       ] GC(1116) Pause Young (Allocation Failure)
[1640.980s][info][gc,heap        ] GC(1116) DefNew: 566624K->13619K(629120K)
[1640.980s][info][gc,heap        ] GC(1116) Tenured: 84514K->84702K(1398144K)
[1640.980s][info][gc,metaspace   ] GC(1116) Metaspace: 91578K(97968K)->91578K(97968K) NonClass: 79995K(83376K)->79995K(83376K) Class: 11583K(14592K)->11583K(14592K)
[1640.980s][info][gc             ] GC(1116) Pause Young (Allocation Failure) 635M->96M(1979M) 8.302ms
[1640.980s][info][gc,cpu         ] GC(1116) User=0.00s Sys=0.00s Real=0.01s
[1642.530s][info][gc,start       ] GC(1117) Pause Young (Allocation Failure)
[1642.536s][info][gc,heap        ] GC(1117) DefNew: 571343K->5695K(629120K)
[1642.536s][info][gc,heap        ] GC(1117) Tenured: 84702K->84822K(1398144K)
[1642.536s][info][gc,metaspace   ] GC(1117) Metaspace: 91578K(97968K)->91578K(97968K) NonClass: 79995K(83376K)->79995K(83376K) Class: 11583K(14592K)->11583K(14592K)
[1642.536s][info][gc             ] GC(1117) Pause Young (Allocation Failure) 640M->88M(1979M) 6.410ms
[1642.536s][info][gc,cpu         ] GC(1117) User=0.00s Sys=0.00s Real=0.01s
[1644.366s][info][gc,start       ] GC(1118) Pause Young (Allocation Failure)
[1644.377s][info][gc,heap        ] GC(1118) DefNew: 564927K->8574K(629120K)
[1644.377s][info][gc,heap        ] GC(1118) Tenured: 84822K->84907K(1398144K)
[1644.377s][info][gc,metaspace   ] GC(1118) Metaspace: 91578K(97968K)->91578K(97968K) NonClass: 79995K(83376K)->79995K(83376K) Class: 11583K(14592K)->11583K(14592K)
[1644.377s][info][gc             ] GC(1118) Pause Young (Allocation Failure) 634M->91M(1979M) 11.035ms
[1644.377s][info][gc,cpu         ] GC(1118) User=0.00s Sys=0.00s Real=0.01s
[1645.076s][info][gc,start       ] GC(1119) Pause Young (Allocation Failure)
[1645.085s][info][gc,heap        ] GC(1119) DefNew: 567806K->7570K(629120K)
[1645.085s][info][gc,heap        ] GC(1119) Tenured: 84907K->85098K(1398144K)
[1645.085s][info][gc,metaspace   ] GC(1119) Metaspace: 91578K(97968K)->91578K(97968K) NonClass: 79995K(83376K)->79995K(83376K) Class: 11583K(14592K)->11583K(14592K)
[1645.085s][info][gc             ] GC(1119) Pause Young (Allocation Failure) 637M->90M(1979M) 8.722ms
[1645.085s][info][gc,cpu         ] GC(1119) User=0.00s Sys=0.00s Real=0.01s
[1645.097s][info][gc,start       ] GC(1120) Pause Full (System.gc())
[1645.101s][info][gc,phases,start] GC(1120) Phase 1: Mark live objects
[1645.155s][info][gc,phases      ] GC(1120) Phase 1: Mark live objects 53.825ms
[1645.155s][info][gc,phases,start] GC(1120) Phase 2: Compute new object addresses
[1645.168s][info][gc,phases      ] GC(1120) Phase 2: Compute new object addresses 12.937ms
[1645.168s][info][gc,phases,start] GC(1120) Phase 3: Adjust pointers
[1645.200s][info][gc,phases      ] GC(1120) Phase 3: Adjust pointers 32.221ms
[1645.200s][info][gc,phases,start] GC(1120) Phase 4: Move objects
[1645.205s][info][gc,phases      ] GC(1120) Phase 4: Move objects 4.129ms
[1645.205s][info][gc,heap        ] GC(1120) DefNew: 28932K->0K(629120K)
[1645.205s][info][gc,heap        ] GC(1120) Tenured: 85098K->55318K(1398144K)
[1645.205s][info][gc,metaspace   ] GC(1120) Metaspace: 91578K(97968K)->91578K(97968K) NonClass: 79995K(83376K)->79995K(83376K) Class: 11583K(14592K)->11583K(14592K)
[1645.205s][info][gc             ] GC(1120) Pause Full (System.gc()) 111M->54M(1979M) 108.011ms
[1645.205s][info][gc,cpu         ] GC(1120) User=0.09s Sys=0.00s Real=0.11s
[1645.710s][info][gc,start       ] GC(1121) Pause Young (Allocation Failure)
[1645.714s][info][gc,heap        ] GC(1121) DefNew: 559232K->3058K(629120K)
[1645.714s][info][gc,heap        ] GC(1121) Tenured: 55318K->55318K(1398144K)
[1645.714s][info][gc,metaspace   ] GC(1121) Metaspace: 91578K(97968K)->91578K(97968K) NonClass: 79995K(83376K)->79995K(83376K) Class: 11583K(14592K)->11583K(14592K)
[1645.714s][info][gc             ] GC(1121) Pause Young (Allocation Failure) 600M->57M(1979M) 3.509ms
[1645.714s][info][gc,cpu         ] GC(1121) User=0.00s Sys=0.00s Real=0.00s
[1647.658s][info][gc,start       ] GC(1122) Pause Young (Allocation Failure)
[1647.663s][info][gc,heap        ] GC(1122) DefNew: 560664K->4392K(629120K)
[1647.663s][info][gc,heap        ] GC(1122) Tenured: 55318K->55318K(1398144K)
[1647.663s][info][gc,metaspace   ] GC(1122) Metaspace: 91578K(97968K)->91578K(97968K) NonClass: 79995K(83376K)->79995K(83376K) Class: 11583K(14592K)->11583K(14592K)
[1647.663s][info][gc             ] GC(1122) Pause Young (Allocation Failure) 601M->58M(1979M) 5.409ms
[1647.663s][info][gc,cpu         ] GC(1122) User=0.00s Sys=0.00s Real=0.01s
[1649.655s][info][gc,start       ] GC(1123) Pause Young (Allocation Failure)
[1649.660s][info][gc,heap        ] GC(1123) DefNew: 562875K->4809K(629120K)
[1649.660s][info][gc,heap        ] GC(1123) Tenured: 55318K->55318K(1398144K)
[1649.660s][info][gc,metaspace   ] GC(1123) Metaspace: 91578K(97968K)->91578K(97968K) NonClass: 79995K(83376K)->79995K(83376K) Class: 11583K(14592K)->11583K(14592K)
[1649.660s][info][gc             ] GC(1123) Pause Young (Allocation Failure) 603M->58M(1979M) 5.049ms
[1649.660s][info][gc,cpu         ] GC(1123) User=0.00s Sys=0.00s Real=0.01s
[1651.370s][info][gc,start       ] GC(1124) Pause Young (Allocation Failure)
[1651.379s][info][gc,heap        ] GC(1124) DefNew: 564041K->7311K(629120K)
[1651.379s][info][gc,heap        ] GC(1124) Tenured: 55318K->55318K(1398144K)
[1651.379s][info][gc,metaspace   ] GC(1124) Metaspace: 91578K(97968K)->91578K(97968K) NonClass: 79995K(83376K)->79995K(83376K) Class: 11583K(14592K)->11583K(14592K)
[1651.379s][info][gc             ] GC(1124) Pause Young (Allocation Failure) 604M->61M(1979M) 9.385ms
[1651.379s][info][gc,cpu         ] GC(1124) User=0.00s Sys=0.00s Real=0.01s
[1651.869s][info][gc,start       ] GC(1125) Pause Young (Allocation Failure)
[1651.876s][info][gc,heap        ] GC(1125) DefNew: 562952K->11975K(629120K)
[1651.876s][info][gc,heap        ] GC(1125) Tenured: 55318K->55318K(1398144K)
[1651.876s][info][gc,metaspace   ] GC(1125) Metaspace: 91578K(97968K)->91578K(97968K) NonClass: 79995K(83376K)->79995K(83376K) Class: 11583K(14592K)->11583K(14592K)
[1651.876s][info][gc             ] GC(1125) Pause Young (Allocation Failure) 603M->65M(1979M) 6.708ms
[1651.876s][info][gc,cpu         ] GC(1125) User=0.00s Sys=0.00s Real=0.01s
[1653.344s][info][gc,start       ] GC(1126) Pause Young (GCLocker Initiated GC)
[1653.350s][info][gc,heap        ] GC(1126) DefNew: 571216K->6386K(629120K)
[1653.350s][info][gc,heap        ] GC(1126) Tenured: 55318K->55318K(1398144K)
[1653.350s][info][gc,metaspace   ] GC(1126) Metaspace: 91578K(97968K)->91578K(97968K) NonClass: 79995K(83376K)->79995K(83376K) Class: 11583K(14592K)->11583K(14592K)
[1653.350s][info][gc             ] GC(1126) Pause Young (GCLocker Initiated GC) 611M->60M(1979M) 6.484ms
[1653.351s][info][gc,cpu         ] GC(1126) User=0.00s Sys=0.00s Real=0.01s
[1655.341s][info][gc,start       ] GC(1127) Pause Young (Allocation Failure)
[1655.346s][info][gc,heap        ] GC(1127) DefNew: 565618K->5141K(629120K)
[1655.346s][info][gc,heap        ] GC(1127) Tenured: 55318K->55318K(1398144K)
[1655.347s][info][gc,metaspace   ] GC(1127) Metaspace: 91578K(97968K)->91578K(97968K) NonClass: 79995K(83376K)->79995K(83376K) Class: 11583K(14592K)->11583K(14592K)
[1655.347s][info][gc             ] GC(1127) Pause Young (Allocation Failure) 606M->59M(1979M) 5.244ms
[1655.347s][info][gc,cpu         ] GC(1127) User=0.00s Sys=0.00s Real=0.01s
[1657.935s][info][gc,start       ] GC(1128) Pause Young (Allocation Failure)
[1657.941s][info][gc,heap        ] GC(1128) DefNew: 564373K->5705K(629120K)
[1657.941s][info][gc,heap        ] GC(1128) Tenured: 55318K->55318K(1398144K)
[1657.941s][info][gc,metaspace   ] GC(1128) Metaspace: 91578K(97968K)->91578K(97968K) NonClass: 79995K(83376K)->79995K(83376K) Class: 11583K(14592K)->11583K(14592K)
[1657.941s][info][gc             ] GC(1128) Pause Young (Allocation Failure) 605M->59M(1979M) 5.587ms
[1657.941s][info][gc,cpu         ] GC(1128) User=0.00s Sys=0.00s Real=0.01s
[1658.562s][info][gc,start       ] GC(1129) Pause Young (Allocation Failure)
[1658.570s][info][gc,heap        ] GC(1129) DefNew: 563635K->16486K(629120K)
[1658.570s][info][gc,heap        ] GC(1129) Tenured: 55318K->55318K(1398144K)
[1658.570s][info][gc,metaspace   ] GC(1129) Metaspace: 91578K(97968K)->91578K(97968K) NonClass: 79995K(83376K)->79995K(83376K) Class: 11583K(14592K)->11583K(14592K)
[1658.570s][info][gc             ] GC(1129) Pause Young (Allocation Failure) 604M->70M(1979M) 8.314ms
[1658.570s][info][gc,cpu         ] GC(1129) User=0.00s Sys=0.00s Real=0.01s
[1659.288s][info][gc,start       ] GC(1130) Pause Young (Allocation Failure)
[1659.294s][info][gc,heap        ] GC(1130) DefNew: 575718K->5276K(629120K)
[1659.294s][info][gc,heap        ] GC(1130) Tenured: 55318K->55318K(1398144K)
[1659.294s][info][gc,metaspace   ] GC(1130) Metaspace: 91578K(97968K)->91578K(97968K) NonClass: 79995K(83376K)->79995K(83376K) Class: 11583K(14592K)->11583K(14592K)
[1659.294s][info][gc             ] GC(1130) Pause Young (Allocation Failure) 616M->59M(1979M) 5.613ms
[1659.294s][info][gc,cpu         ] GC(1130) User=0.00s Sys=0.00s Real=0.01s
[1661.732s][info][gc,start       ] GC(1131) Pause Young (Allocation Failure)
[1661.738s][info][gc,heap        ] GC(1131) DefNew: 564508K->6471K(629120K)
[1661.738s][info][gc,heap        ] GC(1131) Tenured: 55318K->55318K(1398144K)
[1661.738s][info][gc,metaspace   ] GC(1131) Metaspace: 91578K(97968K)->91578K(97968K) NonClass: 79995K(83376K)->79995K(83376K) Class: 11583K(14592K)->11583K(14592K)
[1661.738s][info][gc             ] GC(1131) Pause Young (Allocation Failure) 605M->60M(1979M) 6.113ms
[1661.738s][info][gc,cpu         ] GC(1131) User=0.00s Sys=0.00s Real=0.01s
[1663.732s][info][gc,start       ] GC(1132) Pause Young (Allocation Failure)
[1663.738s][info][gc,heap        ] GC(1132) DefNew: 564322K->6234K(629120K)
[1663.738s][info][gc,heap        ] GC(1132) Tenured: 55318K->55318K(1398144K)
[1663.738s][info][gc,metaspace   ] GC(1132) Metaspace: 91582K(97968K)->91582K(97968K) NonClass: 79999K(83376K)->79999K(83376K) Class: 11583K(14592K)->11583K(14592K)
[1663.738s][info][gc             ] GC(1132) Pause Young (Allocation Failure) 605M->60M(1979M) 6.101ms
[1663.738s][info][gc,cpu         ] GC(1132) User=0.00s Sys=0.00s Real=0.01s
[1665.031s][info][gc,start       ] GC(1133) Pause Young (Allocation Failure)
[1665.049s][info][gc,heap        ] GC(1133) DefNew: 565466K->11764K(629120K)
[1665.049s][info][gc,heap        ] GC(1133) Tenured: 55318K->55318K(1398144K)
[1665.049s][info][gc,metaspace   ] GC(1133) Metaspace: 91582K(97968K)->91582K(97968K) NonClass: 79999K(83376K)->79999K(83376K) Class: 11583K(14592K)->11583K(14592K)
[1665.049s][info][gc             ] GC(1133) Pause Young (Allocation Failure) 606M->65M(1979M) 17.995ms
[1665.049s][info][gc,cpu         ] GC(1133) User=0.00s Sys=0.00s Real=0.02s
[1665.558s][info][gc,start       ] GC(1134) Pause Young (Allocation Failure)
[1665.565s][info][gc,heap        ] GC(1134) DefNew: 568902K->8581K(629120K)
[1665.565s][info][gc,heap        ] GC(1134) Tenured: 55318K->55318K(1398144K)
[1665.565s][info][gc,metaspace   ] GC(1134) Metaspace: 91582K(97968K)->91582K(97968K) NonClass: 79999K(83376K)->79999K(83376K) Class: 11583K(14592K)->11583K(14592K)
[1665.565s][info][gc             ] GC(1134) Pause Young (Allocation Failure) 609M->62M(1979M) 6.451ms
[1665.565s][info][gc,cpu         ] GC(1134) User=0.00s Sys=0.00s Real=0.01s
[1667.539s][info][gc,start       ] GC(1135) Pause Young (Allocation Failure)
[1667.547s][info][gc,heap        ] GC(1135) DefNew: 567826K->7637K(629120K)
[1667.547s][info][gc,heap        ] GC(1135) Tenured: 55318K->55318K(1398144K)
[1667.547s][info][gc,metaspace   ] GC(1135) Metaspace: 91582K(97968K)->91582K(97968K) NonClass: 79999K(83376K)->79999K(83376K) Class: 11583K(14592K)->11583K(14592K)
[1667.547s][info][gc             ] GC(1135) Pause Young (Allocation Failure) 608M->61M(1979M) 7.928ms
[1667.547s][info][gc,cpu         ] GC(1135) User=0.00s Sys=0.00s Real=0.01s
[1669.556s][info][gc,start       ] GC(1136) Pause Young (Allocation Failure)
[1669.563s][info][gc,heap        ] GC(1136) DefNew: 565872K->6314K(629120K)
[1669.563s][info][gc,heap        ] GC(1136) Tenured: 55318K->55781K(1398144K)
[1669.563s][info][gc,metaspace   ] GC(1136) Metaspace: 91582K(97968K)->91582K(97968K) NonClass: 79999K(83376K)->79999K(83376K) Class: 11583K(14592K)->11583K(14592K)
[1669.563s][info][gc             ] GC(1136) Pause Young (Allocation Failure) 606M->60M(1979M) 6.611ms
[1669.563s][info][gc,cpu         ] GC(1136) User=0.00s Sys=0.00s Real=0.01s
[1671.726s][info][gc,start       ] GC(1137) Pause Young (GCLocker Initiated GC)
[1671.736s][info][gc,heap        ] GC(1137) DefNew: 565546K->11969K(629120K)
[1671.736s][info][gc,heap        ] GC(1137) Tenured: 55781K->55970K(1398144K)
[1671.736s][info][gc,metaspace   ] GC(1137) Metaspace: 91582K(97968K)->91582K(97968K) NonClass: 79999K(83376K)->79999K(83376K) Class: 11583K(14592K)->11583K(14592K)
[1671.736s][info][gc             ] GC(1137) Pause Young (GCLocker Initiated GC) 606M->66M(1979M) 10.316ms
[1671.736s][info][gc,cpu         ] GC(1137) User=0.00s Sys=0.00s Real=0.01s
[1672.472s][info][gc,start       ] GC(1138) Pause Young (Allocation Failure)
[1672.481s][info][gc,heap        ] GC(1138) DefNew: 571187K->17579K(629120K)
[1672.481s][info][gc,heap        ] GC(1138) Tenured: 55970K->56156K(1398144K)
[1672.481s][info][gc,metaspace   ] GC(1138) Metaspace: 91582K(97968K)->91582K(97968K) NonClass: 79999K(83376K)->79999K(83376K) Class: 11583K(14592K)->11583K(14592K)
[1672.481s][info][gc             ] GC(1138) Pause Young (Allocation Failure) 612M->72M(1979M) 9.024ms
[1672.481s][info][gc,cpu         ] GC(1138) User=0.02s Sys=0.00s Real=0.02s
[1781.287s][info][gc,start       ] GC(1139) Pause Young (Allocation Failure)
[1781.293s][info][gc,heap        ] GC(1139) DefNew: 576372K->5801K(629120K)
[1781.293s][info][gc,heap        ] GC(1139) Tenured: 56156K->56306K(1398144K)
[1781.293s][info][gc,metaspace   ] GC(1139) Metaspace: 91582K(97968K)->91582K(97968K) NonClass: 79999K(83376K)->79999K(83376K) Class: 11583K(14592K)->11583K(14592K)
[1781.293s][info][gc             ] GC(1139) Pause Young (Allocation Failure) 617M->60M(1979M) 6.084ms
[1781.293s][info][gc,cpu         ] GC(1139) User=0.00s Sys=0.00s Real=0.01s
[1785.516s][info][gc,start       ] GC(1140) Pause Young (Allocation Failure)
[1785.527s][info][gc,heap        ] GC(1140) DefNew: 562339K->7966K(629120K)
[1785.527s][info][gc,heap        ] GC(1140) Tenured: 56306K->56370K(1398144K)
[1785.527s][info][gc,metaspace   ] GC(1140) Metaspace: 91582K(97968K)->91582K(97968K) NonClass: 79999K(83376K)->79999K(83376K) Class: 11583K(14592K)->11583K(14592K)
[1785.527s][info][gc             ] GC(1140) Pause Young (Allocation Failure) 604M->62M(1979M) 11.028ms
[1785.527s][info][gc,cpu         ] GC(1140) User=0.02s Sys=0.00s Real=0.01s
[1786.207s][info][gc,start       ] GC(1141) Pause Young (Allocation Failure)
[1786.216s][info][gc,heap        ] GC(1141) DefNew: 563960K->13452K(629120K)
[1786.216s][info][gc,heap        ] GC(1141) Tenured: 56370K->56560K(1398144K)
[1786.216s][info][gc,metaspace   ] GC(1141) Metaspace: 91582K(97968K)->91582K(97968K) NonClass: 79999K(83376K)->79999K(83376K) Class: 11583K(14592K)->11583K(14592K)
[1786.216s][info][gc             ] GC(1141) Pause Young (Allocation Failure) 605M->68M(1979M) 9.215ms
[1786.217s][info][gc,cpu         ] GC(1141) User=0.00s Sys=0.00s Real=0.01s
[1787.941s][info][gc,start       ] GC(1142) Pause Young (Allocation Failure)
[1787.949s][info][gc,heap        ] GC(1142) DefNew: 572684K->6262K(629120K)
[1787.949s][info][gc,heap        ] GC(1142) Tenured: 56560K->56696K(1398144K)
[1787.949s][info][gc,metaspace   ] GC(1142) Metaspace: 91583K(97968K)->91583K(97968K) NonClass: 79999K(83376K)->79999K(83376K) Class: 11583K(14592K)->11583K(14592K)
[1787.949s][info][gc             ] GC(1142) Pause Young (Allocation Failure) 614M->61M(1979M) 7.967ms
[1787.949s][info][gc,cpu         ] GC(1142) User=0.00s Sys=0.00s Real=0.01s
[1789.998s][info][gc,start       ] GC(1143) Pause Young (Allocation Failure)
[1790.006s][info][gc,heap        ] GC(1143) DefNew: 564366K->7737K(629120K)
[1790.006s][info][gc,heap        ] GC(1143) Tenured: 56696K->56861K(1398144K)
[1790.006s][info][gc,metaspace   ] GC(1143) Metaspace: 91583K(97968K)->91583K(97968K) NonClass: 79999K(83376K)->79999K(83376K) Class: 11583K(14592K)->11583K(14592K)
[1790.006s][info][gc             ] GC(1143) Pause Young (Allocation Failure) 606M->63M(1979M) 8.595ms
[1790.006s][info][gc,cpu         ] GC(1143) User=0.00s Sys=0.00s Real=0.01s
[1790.485s][info][gc,start       ] GC(1144) Pause Young (Allocation Failure)
[1790.493s][info][gc,heap        ] GC(1144) DefNew: 565035K->9479K(629120K)
[1790.493s][info][gc,heap        ] GC(1144) Tenured: 56861K->56979K(1398144K)
[1790.493s][info][gc,metaspace   ] GC(1144) Metaspace: 91583K(97968K)->91583K(97968K) NonClass: 79999K(83376K)->79999K(83376K) Class: 11583K(14592K)->11583K(14592K)
[1790.493s][info][gc             ] GC(1144) Pause Young (Allocation Failure) 607M->64M(1979M) 7.738ms
[1790.493s][info][gc,cpu         ] GC(1144) User=0.00s Sys=0.00s Real=0.01s
[1792.185s][info][gc,start       ] GC(1145) Pause Young (Allocation Failure)
[1792.192s][info][gc,heap        ] GC(1145) DefNew: 568711K->6138K(629120K)
[1792.192s][info][gc,heap        ] GC(1145) Tenured: 56979K->57114K(1398144K)
[1792.192s][info][gc,metaspace   ] GC(1145) Metaspace: 91583K(97968K)->91583K(97968K) NonClass: 79999K(83376K)->79999K(83376K) Class: 11583K(14592K)->11583K(14592K)
[1792.192s][info][gc             ] GC(1145) Pause Young (Allocation Failure) 611M->61M(1979M) 7.491ms
[1792.193s][info][gc,cpu         ] GC(1145) User=0.00s Sys=0.00s Real=0.01s
[1794.425s][info][gc,start       ] GC(1146) Pause Young (Allocation Failure)
[1794.435s][info][gc,heap        ] GC(1146) DefNew: 565370K->8354K(629120K)
[1794.435s][info][gc,heap        ] GC(1146) Tenured: 57114K->57249K(1398144K)
[1794.435s][info][gc,metaspace   ] GC(1146) Metaspace: 91583K(97968K)->91583K(97968K) NonClass: 79999K(83376K)->79999K(83376K) Class: 11583K(14592K)->11583K(14592K)
[1794.435s][info][gc             ] GC(1146) Pause Young (Allocation Failure) 607M->64M(1979M) 10.571ms
[1794.435s][info][gc,cpu         ] GC(1146) User=0.00s Sys=0.00s Real=0.01s
[1795.111s][info][gc,start       ] GC(1147) Pause Young (Allocation Failure)
[1795.121s][info][gc,heap        ] GC(1147) DefNew: 567257K->14007K(629120K)
[1795.121s][info][gc,heap        ] GC(1147) Tenured: 57249K->57433K(1398144K)
[1795.121s][info][gc,metaspace   ] GC(1147) Metaspace: 91583K(97968K)->91583K(97968K) NonClass: 79999K(83376K)->79999K(83376K) Class: 11583K(14592K)->11583K(14592K)
[1795.121s][info][gc             ] GC(1147) Pause Young (Allocation Failure) 609M->69M(1979M) 9.956ms
[1795.121s][info][gc,cpu         ] GC(1147) User=0.00s Sys=0.00s Real=0.01s
[1797.388s][info][gc,start       ] GC(1148) Pause Young (Allocation Failure)
[1797.398s][info][gc,heap        ] GC(1148) DefNew: 573239K->6832K(629120K)
[1797.398s][info][gc,heap        ] GC(1148) Tenured: 57433K->57553K(1398144K)
[1797.398s][info][gc,metaspace   ] GC(1148) Metaspace: 91583K(97968K)->91583K(97968K) NonClass: 79999K(83376K)->79999K(83376K) Class: 11583K(14592K)->11583K(14592K)
[1797.398s][info][gc             ] GC(1148) Pause Young (Allocation Failure) 615M->62M(1979M) 9.624ms
[1797.398s][info][gc,cpu         ] GC(1148) User=0.02s Sys=0.00s Real=0.01s
[1799.678s][info][gc,start       ] GC(1149) Pause Young (Allocation Failure)
[1799.687s][info][gc,heap        ] GC(1149) DefNew: 566064K->8731K(629120K)
[1799.687s][info][gc,heap        ] GC(1149) Tenured: 57553K->57711K(1398144K)
[1799.687s][info][gc,metaspace   ] GC(1149) Metaspace: 91583K(97968K)->91583K(97968K) NonClass: 79999K(83376K)->79999K(83376K) Class: 11583K(14592K)->11583K(14592K)
[1799.687s][info][gc             ] GC(1149) Pause Young (Allocation Failure) 609M->64M(1979M) 9.613ms
[1799.687s][info][gc,cpu         ] GC(1149) User=0.00s Sys=0.00s Real=0.01s
[1800.422s][info][gc,start       ] GC(1150) Pause Young (Allocation Failure)
[1800.431s][info][gc,heap        ] GC(1150) DefNew: 567963K->7805K(629120K)
[1800.431s][info][gc,heap        ] GC(1150) Tenured: 57711K->57900K(1398144K)
[1800.431s][info][gc,metaspace   ] GC(1150) Metaspace: 91795K(98224K)->91795K(98224K) NonClass: 80176K(83632K)->80176K(83632K) Class: 11618K(14592K)->11618K(14592K)
[1800.431s][info][gc             ] GC(1150) Pause Young (Allocation Failure) 611M->64M(1979M) 9.551ms
[1800.431s][info][gc,cpu         ] GC(1150) User=0.00s Sys=0.00s Real=0.01s
[1800.469s][info][gc,start       ] GC(1151) Pause Full (System.gc())
[1800.472s][info][gc,phases,start] GC(1151) Phase 1: Mark live objects
[1800.526s][info][gc,phases      ] GC(1151) Phase 1: Mark live objects 54.139ms
[1800.526s][info][gc,phases,start] GC(1151) Phase 2: Compute new object addresses
[1800.543s][info][gc,phases      ] GC(1151) Phase 2: Compute new object addresses 16.093ms
[1800.543s][info][gc,phases,start] GC(1151) Phase 3: Adjust pointers
[1800.575s][info][gc,phases      ] GC(1151) Phase 3: Adjust pointers 31.978ms
[1800.575s][info][gc,phases,start] GC(1151) Phase 4: Move objects
[1800.575s][info][gc,phases      ] GC(1151) Phase 4: Move objects 0.721ms
[1800.576s][info][gc,heap        ] GC(1151) DefNew: 54230K->0K(629120K)
[1800.576s][info][gc,heap        ] GC(1151) Tenured: 57900K->60685K(1398144K)
[1800.576s][info][gc,metaspace   ] GC(1151) Metaspace: 91795K(98224K)->91795K(98224K) NonClass: 80176K(83632K)->80176K(83632K) Class: 11618K(14592K)->11618K(14592K)
[1800.576s][info][gc             ] GC(1151) Pause Full (System.gc()) 109M->59M(1979M) 106.755ms
[1800.576s][info][gc,cpu         ] GC(1151) User=0.11s Sys=0.00s Real=0.11s
[1801.069s][info][gc,start       ] GC(1152) Pause Young (Allocation Failure)
[1801.072s][info][gc,heap        ] GC(1152) DefNew: 557819K->3081K(629120K)
[1801.072s][info][gc,heap        ] GC(1152) Tenured: 60685K->60685K(1398144K)
[1801.072s][info][gc,metaspace   ] GC(1152) Metaspace: 91795K(98224K)->91795K(98224K) NonClass: 80176K(83632K)->80176K(83632K) Class: 11618K(14592K)->11618K(14592K)
[1801.072s][info][gc             ] GC(1152) Pause Young (Allocation Failure) 604M->62M(1979M) 3.664ms
[1801.072s][info][gc,cpu         ] GC(1152) User=0.00s Sys=0.00s Real=0.00s
[1803.077s][info][gc,start       ] GC(1153) Pause Young (Allocation Failure)
[1803.082s][info][gc,heap        ] GC(1153) DefNew: 559647K->4462K(629120K)
[1803.082s][info][gc,heap        ] GC(1153) Tenured: 60685K->60685K(1398144K)
[1803.082s][info][gc,metaspace   ] GC(1153) Metaspace: 91799K(98224K)->91799K(98224K) NonClass: 80180K(83632K)->80180K(83632K) Class: 11619K(14592K)->11619K(14592K)
[1803.082s][info][gc             ] GC(1153) Pause Young (Allocation Failure) 605M->63M(1979M) 4.969ms
[1803.082s][info][gc,cpu         ] GC(1153) User=0.00s Sys=0.00s Real=0.00s
[1805.163s][info][gc,start       ] GC(1154) Pause Young (Allocation Failure)
[1805.169s][info][gc,heap        ] GC(1154) DefNew: 563694K->5142K(629120K)
[1805.169s][info][gc,heap        ] GC(1154) Tenured: 60685K->60685K(1398144K)
[1805.169s][info][gc,metaspace   ] GC(1154) Metaspace: 91799K(98224K)->91799K(98224K) NonClass: 80180K(83632K)->80180K(83632K) Class: 11619K(14592K)->11619K(14592K)
[1805.169s][info][gc             ] GC(1154) Pause Young (Allocation Failure) 609M->64M(1979M) 6.421ms
[1805.169s][info][gc,cpu         ] GC(1154) User=0.00s Sys=0.00s Real=0.01s
[1806.912s][info][gc,start       ] GC(1155) Pause Young (Allocation Failure)
[1806.923s][info][gc,heap        ] GC(1155) DefNew: 564374K->7313K(629120K)
[1806.923s][info][gc,heap        ] GC(1155) Tenured: 60685K->60685K(1398144K)
[1806.923s][info][gc,metaspace   ] GC(1155) Metaspace: 91799K(98224K)->91799K(98224K) NonClass: 80180K(83632K)->80180K(83632K) Class: 11619K(14592K)->11619K(14592K)
[1806.923s][info][gc             ] GC(1155) Pause Young (Allocation Failure) 610M->66M(1979M) 10.783ms
[1806.923s][info][gc,cpu         ] GC(1155) User=0.00s Sys=0.00s Real=0.01s
[1807.424s][info][gc,start       ] GC(1156) Pause Young (Allocation Failure)
[1807.430s][info][gc,heap        ] GC(1156) DefNew: 566545K->8602K(629120K)
[1807.430s][info][gc,heap        ] GC(1156) Tenured: 60685K->60685K(1398144K)
[1807.430s][info][gc,metaspace   ] GC(1156) Metaspace: 91799K(98224K)->91799K(98224K) NonClass: 80180K(83632K)->80180K(83632K) Class: 11619K(14592K)->11619K(14592K)
[1807.430s][info][gc             ] GC(1156) Pause Young (Allocation Failure) 612M->67M(1979M) 6.560ms
[1807.430s][info][gc,cpu         ] GC(1156) User=0.00s Sys=0.00s Real=0.01s
[1808.948s][info][gc,start       ] GC(1157) Pause Young (GCLocker Initiated GC)
[1808.955s][info][gc,heap        ] GC(1157) DefNew: 567839K->6889K(629120K)
[1808.955s][info][gc,heap        ] GC(1157) Tenured: 60685K->60685K(1398144K)
[1808.955s][info][gc,metaspace   ] GC(1157) Metaspace: 91799K(98224K)->91799K(98224K) NonClass: 80180K(83632K)->80180K(83632K) Class: 11619K(14592K)->11619K(14592K)
[1808.955s][info][gc             ] GC(1157) Pause Young (GCLocker Initiated GC) 613M->65M(1979M) 7.400ms
[1808.955s][info][gc,cpu         ] GC(1157) User=0.00s Sys=0.00s Real=0.01s
[1811.077s][info][gc,start       ] GC(1158) Pause Young (Allocation Failure)
[1811.083s][info][gc,heap        ] GC(1158) DefNew: 566121K->5527K(629120K)
[1811.083s][info][gc,heap        ] GC(1158) Tenured: 60685K->60685K(1398144K)
[1811.083s][info][gc,metaspace   ] GC(1158) Metaspace: 91799K(98224K)->91799K(98224K) NonClass: 80180K(83632K)->80180K(83632K) Class: 11619K(14592K)->11619K(14592K)
[1811.083s][info][gc             ] GC(1158) Pause Young (Allocation Failure) 612M->64M(1979M) 6.326ms
[1811.083s][info][gc,cpu         ] GC(1158) User=0.00s Sys=0.00s Real=0.01s
[1814.306s][info][gc,start       ] GC(1159) Pause Young (Allocation Failure)
[1814.312s][info][gc,heap        ] GC(1159) DefNew: 564759K->6003K(629120K)
[1814.312s][info][gc,heap        ] GC(1159) Tenured: 60685K->60685K(1398144K)
[1814.312s][info][gc,metaspace   ] GC(1159) Metaspace: 91799K(98224K)->91799K(98224K) NonClass: 80180K(83632K)->80180K(83632K) Class: 11619K(14592K)->11619K(14592K)
[1814.313s][info][gc             ] GC(1159) Pause Young (Allocation Failure) 610M->65M(1979M) 6.455ms
[1814.313s][info][gc,cpu         ] GC(1159) User=0.00s Sys=0.00s Real=0.01s
[1814.945s][info][gc,start       ] GC(1160) Pause Young (GCLocker Initiated GC)
[1814.953s][info][gc,heap        ] GC(1160) DefNew: 565785K->16301K(629120K)
[1814.953s][info][gc,heap        ] GC(1160) Tenured: 60685K->60685K(1398144K)
[1814.953s][info][gc,metaspace   ] GC(1160) Metaspace: 91799K(98224K)->91799K(98224K) NonClass: 80180K(83632K)->80180K(83632K) Class: 11619K(14592K)->11619K(14592K)
[1814.953s][info][gc             ] GC(1160) Pause Young (GCLocker Initiated GC) 611M->75M(1979M) 8.313ms
[1814.953s][info][gc,cpu         ] GC(1160) User=0.00s Sys=0.00s Real=0.01s
[1815.691s][info][gc,start       ] GC(1161) Pause Young (Allocation Failure)
[1815.697s][info][gc,heap        ] GC(1161) DefNew: 571944K->5439K(629120K)
[1815.697s][info][gc,heap        ] GC(1161) Tenured: 60685K->60685K(1398144K)
[1815.697s][info][gc,metaspace   ] GC(1161) Metaspace: 91799K(98224K)->91799K(98224K) NonClass: 80180K(83632K)->80180K(83632K) Class: 11619K(14592K)->11619K(14592K)
[1815.697s][info][gc             ] GC(1161) Pause Young (Allocation Failure) 617M->64M(1979M) 6.227ms
[1815.697s][info][gc,cpu         ] GC(1161) User=0.00s Sys=0.00s Real=0.01s
[1818.641s][info][gc,start       ] GC(1162) Pause Young (Allocation Failure)
[1818.649s][info][gc,heap        ] GC(1162) DefNew: 564671K->7151K(629120K)
[1818.650s][info][gc,heap        ] GC(1162) Tenured: 60685K->60685K(1398144K)
[1818.650s][info][gc,metaspace   ] GC(1162) Metaspace: 91799K(98224K)->91799K(98224K) NonClass: 80180K(83632K)->80180K(83632K) Class: 11619K(14592K)->11619K(14592K)
[1818.650s][info][gc             ] GC(1162) Pause Young (Allocation Failure) 610M->66M(1979M) 8.496ms
[1818.650s][info][gc,cpu         ] GC(1162) User=0.00s Sys=0.00s Real=0.01s
[1820.810s][info][gc,start       ] GC(1163) Pause Young (Allocation Failure)
[1820.817s][info][gc,heap        ] GC(1163) DefNew: 564888K->6458K(629120K)
[1820.817s][info][gc,heap        ] GC(1163) Tenured: 60685K->60685K(1398144K)
[1820.817s][info][gc,metaspace   ] GC(1163) Metaspace: 91799K(98224K)->91799K(98224K) NonClass: 80180K(83632K)->80180K(83632K) Class: 11619K(14592K)->11619K(14592K)
[1820.817s][info][gc             ] GC(1163) Pause Young (Allocation Failure) 610M->65M(1979M) 7.175ms
[1820.817s][info][gc,cpu         ] GC(1163) User=0.02s Sys=0.00s Real=0.01s
[1822.107s][info][gc,start       ] GC(1164) Pause Young (Allocation Failure)
[1822.127s][info][gc,heap        ] GC(1164) DefNew: 565690K->12250K(629120K)
[1822.127s][info][gc,heap        ] GC(1164) Tenured: 60685K->60685K(1398144K)
[1822.127s][info][gc,metaspace   ] GC(1164) Metaspace: 91799K(98224K)->91799K(98224K) NonClass: 80180K(83632K)->80180K(83632K) Class: 11619K(14592K)->11619K(14592K)
[1822.127s][info][gc             ] GC(1164) Pause Young (Allocation Failure) 611M->71M(1979M) 20.138ms
[1822.127s][info][gc,cpu         ] GC(1164) User=0.00s Sys=0.00s Real=0.02s
[1822.651s][info][gc,start       ] GC(1165) Pause Young (Allocation Failure)
[1822.658s][info][gc,heap        ] GC(1165) DefNew: 569440K->8625K(629120K)
[1822.658s][info][gc,heap        ] GC(1165) Tenured: 60685K->60685K(1398144K)
[1822.658s][info][gc,metaspace   ] GC(1165) Metaspace: 91799K(98224K)->91799K(98224K) NonClass: 80180K(83632K)->80180K(83632K) Class: 11619K(14592K)->11619K(14592K)
[1822.658s][info][gc             ] GC(1165) Pause Young (Allocation Failure) 615M->67M(1979M) 6.782ms
[1822.658s][info][gc,cpu         ] GC(1165) User=0.00s Sys=0.00s Real=0.01s
[1824.604s][info][gc,start       ] GC(1166) Pause Young (GCLocker Initiated GC)
[1824.612s][info][gc,heap        ] GC(1166) DefNew: 567863K->7998K(629120K)
[1824.612s][info][gc,heap        ] GC(1166) Tenured: 60685K->60685K(1398144K)
[1824.612s][info][gc,metaspace   ] GC(1166) Metaspace: 91799K(98224K)->91799K(98224K) NonClass: 80180K(83632K)->80180K(83632K) Class: 11619K(14592K)->11619K(14592K)
[1824.612s][info][gc             ] GC(1166) Pause Young (GCLocker Initiated GC) 613M->67M(1979M) 8.584ms
[1824.612s][info][gc,cpu         ] GC(1166) User=0.00s Sys=0.00s Real=0.01s
[1826.648s][info][gc,start       ] GC(1167) Pause Young (Allocation Failure)
[1826.656s][info][gc,heap        ] GC(1167) DefNew: 563158K->6554K(629120K)
[1826.656s][info][gc,heap        ] GC(1167) Tenured: 60685K->61168K(1398144K)
[1826.656s][info][gc,metaspace   ] GC(1167) Metaspace: 91799K(98224K)->91799K(98224K) NonClass: 80180K(83632K)->80180K(83632K) Class: 11619K(14592K)->11619K(14592K)
[1826.656s][info][gc             ] GC(1167) Pause Young (Allocation Failure) 609M->66M(1979M) 7.410ms
[1826.656s][info][gc,cpu         ] GC(1167) User=0.00s Sys=0.00s Real=0.01s
[1828.463s][info][gc,start       ] GC(1168) Pause Young (Allocation Failure)
[1828.475s][info][gc,heap        ] GC(1168) DefNew: 565786K->11399K(629120K)
[1828.475s][info][gc,heap        ] GC(1168) Tenured: 61168K->61404K(1398144K)
[1828.475s][info][gc,metaspace   ] GC(1168) Metaspace: 91799K(98224K)->91799K(98224K) NonClass: 80180K(83632K)->80180K(83632K) Class: 11619K(14592K)->11619K(14592K)
[1828.475s][info][gc             ] GC(1168) Pause Young (Allocation Failure) 612M->71M(1979M) 11.735ms
[1828.475s][info][gc,cpu         ] GC(1168) User=0.00s Sys=0.00s Real=0.01s
[1829.078s][info][gc,start       ] GC(1169) Pause Young (Allocation Failure)
[1829.089s][info][gc,heap        ] GC(1169) DefNew: 569909K->26115K(629120K)
[1829.089s][info][gc,heap        ] GC(1169) Tenured: 61404K->61612K(1398144K)
[1829.089s][info][gc,metaspace   ] GC(1169) Metaspace: 91799K(98224K)->91799K(98224K) NonClass: 80180K(83632K)->80180K(83632K) Class: 11619K(14592K)->11619K(14592K)
[1829.089s][info][gc             ] GC(1169) Pause Young (Allocation Failure) 616M->85M(1979M) 10.570ms
[1829.089s][info][gc,cpu         ] GC(1169) User=0.02s Sys=0.00s Real=0.01s
[1830.615s][info][gc,start       ] GC(1170) Pause Young (Allocation Failure)
[1830.624s][info][gc,heap        ] GC(1170) DefNew: 585347K->6219K(629120K)
[1830.624s][info][gc,heap        ] GC(1170) Tenured: 61612K->61791K(1398144K)
[1830.624s][info][gc,metaspace   ] GC(1170) Metaspace: 91799K(98224K)->91799K(98224K) NonClass: 80180K(83632K)->80180K(83632K) Class: 11619K(14592K)->11619K(14592K)
[1830.624s][info][gc             ] GC(1170) Pause Young (Allocation Failure) 631M->66M(1979M) 8.929ms
[1830.624s][info][gc,cpu         ] GC(1170) User=0.02s Sys=0.00s Real=0.01s
[1832.865s][info][gc,start       ] GC(1171) Pause Young (Allocation Failure)
[1832.874s][info][gc,heap        ] GC(1171) DefNew: 564701K->7900K(629120K)
[1832.874s][info][gc,heap        ] GC(1171) Tenured: 61791K->61870K(1398144K)
[1832.874s][info][gc,metaspace   ] GC(1171) Metaspace: 91799K(98224K)->91799K(98224K) NonClass: 80180K(83632K)->80180K(83632K) Class: 11619K(14592K)->11619K(14592K)
[1832.874s][info][gc             ] GC(1171) Pause Young (Allocation Failure) 611M->68M(1979M) 8.714ms
[1832.874s][info][gc,cpu         ] GC(1171) User=0.00s Sys=0.00s Real=0.01s
[1833.430s][info][gc,start       ] GC(1172) Pause Young (Allocation Failure)
[1833.440s][info][gc,heap        ] GC(1172) DefNew: 564030K->17626K(629120K)
[1833.440s][info][gc,heap        ] GC(1172) Tenured: 61870K->62070K(1398144K)
[1833.440s][info][gc,metaspace   ] GC(1172) Metaspace: 91799K(98224K)->91799K(98224K) NonClass: 80180K(83632K)->80180K(83632K) Class: 11619K(14592K)->11619K(14592K)
[1833.440s][info][gc             ] GC(1172) Pause Young (Allocation Failure) 611M->77M(1979M) 9.463ms
[1833.440s][info][gc,cpu         ] GC(1172) User=0.00s Sys=0.00s Real=0.01s
[1835.020s][info][gc,start       ] GC(1173) Pause Young (Allocation Failure)
[1835.027s][info][gc,heap        ] GC(1173) DefNew: 576855K->5824K(629120K)
[1835.027s][info][gc,heap        ] GC(1173) Tenured: 62070K->62229K(1398144K)
[1835.027s][info][gc,metaspace   ] GC(1173) Metaspace: 91799K(98224K)->91799K(98224K) NonClass: 80180K(83632K)->80180K(83632K) Class: 11619K(14592K)->11619K(14592K)
[1835.027s][info][gc             ] GC(1173) Pause Young (Allocation Failure) 623M->66M(1979M) 7.233ms
[1835.027s][info][gc,cpu         ] GC(1173) User=0.00s Sys=0.00s Real=0.01s
[1836.935s][info][gc,start       ] GC(1174) Pause Young (Allocation Failure)
[1836.945s][info][gc,heap        ] GC(1174) DefNew: 565056K->8313K(629120K)
[1836.945s][info][gc,heap        ] GC(1174) Tenured: 62229K->62422K(1398144K)
[1836.945s][info][gc,metaspace   ] GC(1174) Metaspace: 91799K(98224K)->91799K(98224K) NonClass: 80180K(83632K)->80180K(83632K) Class: 11619K(14592K)->11619K(14592K)
[1836.945s][info][gc             ] GC(1174) Pause Young (Allocation Failure) 612M->69M(1979M) 10.219ms
[1836.945s][info][gc,cpu         ] GC(1174) User=0.00s Sys=0.00s Real=0.01s
[1837.412s][info][gc,start       ] GC(1175) Pause Young (Allocation Failure)
[1837.420s][info][gc,heap        ] GC(1175) DefNew: 567175K->8260K(629120K)
[1837.420s][info][gc,heap        ] GC(1175) Tenured: 62422K->62551K(1398144K)
[1837.420s][info][gc,metaspace   ] GC(1175) Metaspace: 91799K(98224K)->91799K(98224K) NonClass: 80180K(83632K)->80180K(83632K) Class: 11619K(14592K)->11619K(14592K)
[1837.420s][info][gc             ] GC(1175) Pause Young (Allocation Failure) 614M->69M(1979M) 7.911ms
[1837.420s][info][gc,cpu         ] GC(1175) User=0.00s Sys=0.00s Real=0.01s
[1838.966s][info][gc,start       ] GC(1176) Pause Young (Allocation Failure)
[1838.975s][info][gc,heap        ] GC(1176) DefNew: 567492K->9613K(629120K)
[1838.975s][info][gc,heap        ] GC(1176) Tenured: 62551K->62720K(1398144K)
[1838.975s][info][gc,metaspace   ] GC(1176) Metaspace: 91799K(98224K)->91799K(98224K) NonClass: 80180K(83632K)->80180K(83632K) Class: 11619K(14592K)->11619K(14592K)
[1838.975s][info][gc             ] GC(1176) Pause Young (Allocation Failure) 615M->70M(1979M) 8.296ms
[1838.975s][info][gc,cpu         ] GC(1176) User=0.00s Sys=0.00s Real=0.01s
[1840.758s][info][gc,start       ] GC(1177) Pause Young (Allocation Failure)
[1840.768s][info][gc,heap        ] GC(1177) DefNew: 568845K->8785K(629120K)
[1840.768s][info][gc,heap        ] GC(1177) Tenured: 62720K->62856K(1398144K)
[1840.768s][info][gc,metaspace   ] GC(1177) Metaspace: 91799K(98224K)->91799K(98224K) NonClass: 80180K(83632K)->80180K(83632K) Class: 11619K(14592K)->11619K(14592K)
[1840.768s][info][gc             ] GC(1177) Pause Young (Allocation Failure) 616M->69M(1979M) 10.050ms
[1840.768s][info][gc,cpu         ] GC(1177) User=0.00s Sys=0.00s Real=0.01s
[1841.287s][info][gc,start       ] GC(1178) Pause Young (Allocation Failure)
[1841.297s][info][gc,heap        ] GC(1178) DefNew: 565811K->13460K(629120K)
[1841.297s][info][gc,heap        ] GC(1178) Tenured: 62856K->63064K(1398144K)
[1841.297s][info][gc,metaspace   ] GC(1178) Metaspace: 91799K(98224K)->91799K(98224K) NonClass: 80180K(83632K)->80180K(83632K) Class: 11619K(14592K)->11619K(14592K)
[1841.297s][info][gc             ] GC(1178) Pause Young (Allocation Failure) 613M->74M(1979M) 9.502ms
[1841.297s][info][gc,cpu         ] GC(1178) User=0.00s Sys=0.00s Real=0.01s
[1842.923s][info][gc,start       ] GC(1179) Pause Young (Allocation Failure)
[1842.930s][info][gc,heap        ] GC(1179) DefNew: 572228K->5700K(629120K)
[1842.930s][info][gc,heap        ] GC(1179) Tenured: 63064K->63198K(1398144K)
[1842.930s][info][gc,metaspace   ] GC(1179) Metaspace: 91799K(98224K)->91799K(98224K) NonClass: 80180K(83632K)->80180K(83632K) Class: 11619K(14592K)->11619K(14592K)
[1842.931s][info][gc             ] GC(1179) Pause Young (Allocation Failure) 620M->67M(1979M) 7.060ms
[1842.931s][info][gc,cpu         ] GC(1179) User=0.00s Sys=0.00s Real=0.01s
[1844.906s][info][gc,start       ] GC(1180) Pause Young (Allocation Failure)
[1844.917s][info][gc,heap        ] GC(1180) DefNew: 564932K->8596K(629120K)
[1844.917s][info][gc,heap        ] GC(1180) Tenured: 63198K->63292K(1398144K)
[1844.917s][info][gc,metaspace   ] GC(1180) Metaspace: 91799K(98224K)->91799K(98224K) NonClass: 80180K(83632K)->80180K(83632K) Class: 11619K(14592K)->11619K(14592K)
[1844.917s][info][gc             ] GC(1180) Pause Young (Allocation Failure) 613M->70M(1979M) 11.101ms
[1844.917s][info][gc,cpu         ] GC(1180) User=0.00s Sys=0.00s Real=0.01s
[1845.618s][info][gc,start       ] GC(1181) Pause Young (Allocation Failure)
[1845.627s][info][gc,heap        ] GC(1181) DefNew: 567828K->7776K(629120K)
[1845.627s][info][gc,heap        ] GC(1181) Tenured: 63292K->63498K(1398144K)
[1845.627s][info][gc,metaspace   ] GC(1181) Metaspace: 91800K(98224K)->91800K(98224K) NonClass: 80180K(83632K)->80180K(83632K) Class: 11619K(14592K)->11619K(14592K)
[1845.627s][info][gc             ] GC(1181) Pause Young (Allocation Failure) 616M->69M(1979M) 9.094ms
[1845.627s][info][gc,cpu         ] GC(1181) User=0.00s Sys=0.00s Real=0.01s
[1845.636s][info][gc,start       ] GC(1182) Pause Full (System.gc())
[1845.639s][info][gc,phases,start] GC(1182) Phase 1: Mark live objects
[1845.692s][info][gc,phases      ] GC(1182) Phase 1: Mark live objects 52.841ms
[1845.692s][info][gc,phases,start] GC(1182) Phase 2: Compute new object addresses
[1845.704s][info][gc,phases      ] GC(1182) Phase 2: Compute new object addresses 12.378ms
[1845.704s][info][gc,phases,start] GC(1182) Phase 3: Adjust pointers
[1845.738s][info][gc,phases      ] GC(1182) Phase 3: Adjust pointers 33.807ms
[1845.738s][info][gc,phases,start] GC(1182) Phase 4: Move objects
[1845.739s][info][gc,phases      ] GC(1182) Phase 4: Move objects 1.070ms
[1845.740s][info][gc,heap        ] GC(1182) DefNew: 27352K->0K(629120K)
[1845.740s][info][gc,heap        ] GC(1182) Tenured: 63498K->68522K(1398144K)
[1845.740s][info][gc,metaspace   ] GC(1182) Metaspace: 91800K(98224K)->91800K(98224K) NonClass: 80180K(83632K)->80180K(83632K) Class: 11619K(14592K)->11619K(14592K)
[1845.740s][info][gc             ] GC(1182) Pause Full (System.gc()) 88M->66M(1979M) 104.261ms
[1845.740s][info][gc,cpu         ] GC(1182) User=0.08s Sys=0.00s Real=0.10s
[1846.235s][info][gc,start       ] GC(1183) Pause Young (Allocation Failure)
[1846.238s][info][gc,heap        ] GC(1183) DefNew: 559232K->3064K(629120K)
[1846.238s][info][gc,heap        ] GC(1183) Tenured: 68522K->68522K(1398144K)
[1846.238s][info][gc,metaspace   ] GC(1183) Metaspace: 91800K(98224K)->91800K(98224K) NonClass: 80180K(83632K)->80180K(83632K) Class: 11619K(14592K)->11619K(14592K)
[1846.238s][info][gc             ] GC(1183) Pause Young (Allocation Failure) 613M->69M(1979M) 3.451ms
[1846.238s][info][gc,cpu         ] GC(1183) User=0.00s Sys=0.00s Real=0.00s
[1848.211s][info][gc,start       ] GC(1184) Pause Young (Allocation Failure)
[1848.215s][info][gc,heap        ] GC(1184) DefNew: 560436K->4386K(629120K)
[1848.215s][info][gc,heap        ] GC(1184) Tenured: 68522K->68522K(1398144K)
[1848.215s][info][gc,metaspace   ] GC(1184) Metaspace: 91800K(98224K)->91800K(98224K) NonClass: 80180K(83632K)->80180K(83632K) Class: 11619K(14592K)->11619K(14592K)
[1848.215s][info][gc             ] GC(1184) Pause Young (Allocation Failure) 614M->71M(1979M) 4.792ms
[1848.215s][info][gc,cpu         ] GC(1184) User=0.00s Sys=0.00s Real=0.01s
[1850.199s][info][gc,start       ] GC(1185) Pause Young (Allocation Failure)
[1850.204s][info][gc,heap        ] GC(1185) DefNew: 562756K->4971K(629120K)
[1850.204s][info][gc,heap        ] GC(1185) Tenured: 68522K->68522K(1398144K)
[1850.204s][info][gc,metaspace   ] GC(1185) Metaspace: 91800K(98224K)->91800K(98224K) NonClass: 80180K(83632K)->80180K(83632K) Class: 11619K(14592K)->11619K(14592K)
[1850.204s][info][gc             ] GC(1185) Pause Young (Allocation Failure) 616M->71M(1979M) 5.497ms
[1850.205s][info][gc,cpu         ] GC(1185) User=0.00s Sys=0.00s Real=0.01s
[1851.915s][info][gc,start       ] GC(1186) Pause Young (Allocation Failure)
[1851.925s][info][gc,heap        ] GC(1186) DefNew: 564203K->7268K(629120K)
[1851.925s][info][gc,heap        ] GC(1186) Tenured: 68522K->68522K(1398144K)
[1851.925s][info][gc,metaspace   ] GC(1186) Metaspace: 91800K(98224K)->91800K(98224K) NonClass: 80180K(83632K)->80180K(83632K) Class: 11619K(14592K)->11619K(14592K)
[1851.925s][info][gc             ] GC(1186) Pause Young (Allocation Failure) 617M->74M(1979M) 9.690ms
[1851.925s][info][gc,cpu         ] GC(1186) User=0.00s Sys=0.00s Real=0.01s
[1852.393s][info][gc,start       ] GC(1187) Pause Young (Allocation Failure)
[1852.401s][info][gc,heap        ] GC(1187) DefNew: 564685K->16395K(629120K)
[1852.401s][info][gc,heap        ] GC(1187) Tenured: 68522K->68522K(1398144K)
[1852.401s][info][gc,metaspace   ] GC(1187) Metaspace: 91800K(98224K)->91800K(98224K) NonClass: 80181K(83632K)->80181K(83632K) Class: 11619K(14592K)->11619K(14592K)
[1852.401s][info][gc             ] GC(1187) Pause Young (Allocation Failure) 618M->82M(1979M) 7.556ms
[1852.401s][info][gc,cpu         ] GC(1187) User=0.00s Sys=0.00s Real=0.01s
[1853.851s][info][gc,start       ] GC(1188) Pause Young (Allocation Failure)
[1853.858s][info][gc,heap        ] GC(1188) DefNew: 575627K->6392K(629120K)
[1853.858s][info][gc,heap        ] GC(1188) Tenured: 68522K->68522K(1398144K)
[1853.858s][info][gc,metaspace   ] GC(1188) Metaspace: 91800K(98224K)->91800K(98224K) NonClass: 80181K(83632K)->80181K(83632K) Class: 11619K(14592K)->11619K(14592K)
[1853.858s][info][gc             ] GC(1188) Pause Young (Allocation Failure) 629M->73M(1979M) 7.066ms
[1853.858s][info][gc,cpu         ] GC(1188) User=0.00s Sys=0.00s Real=0.01s
[1855.894s][info][gc,start       ] GC(1189) Pause Young (Allocation Failure)
[1855.900s][info][gc,heap        ] GC(1189) DefNew: 565624K->5308K(629120K)
[1855.900s][info][gc,heap        ] GC(1189) Tenured: 68522K->68522K(1398144K)
[1855.900s][info][gc,metaspace   ] GC(1189) Metaspace: 91800K(98224K)->91800K(98224K) NonClass: 80181K(83632K)->80181K(83632K) Class: 11619K(14592K)->11619K(14592K)
[1855.900s][info][gc             ] GC(1189) Pause Young (Allocation Failure) 619M->72M(1979M) 5.639ms
[1855.900s][info][gc,cpu         ] GC(1189) User=0.00s Sys=0.00s Real=0.01s
[1858.447s][info][gc,start       ] GC(1190) Pause Young (Allocation Failure)
[1858.453s][info][gc,heap        ] GC(1190) DefNew: 564540K->5943K(629120K)
[1858.453s][info][gc,heap        ] GC(1190) Tenured: 68522K->68522K(1398144K)
[1858.453s][info][gc,metaspace   ] GC(1190) Metaspace: 91800K(98224K)->91800K(98224K) NonClass: 80181K(83632K)->80181K(83632K) Class: 11619K(14592K)->11619K(14592K)
[1858.453s][info][gc             ] GC(1190) Pause Young (Allocation Failure) 618M->72M(1979M) 5.959ms
[1858.453s][info][gc,cpu         ] GC(1190) User=0.00s Sys=0.00s Real=0.01s
[1859.074s][info][gc,start       ] GC(1191) Pause Young (Allocation Failure)
[1859.082s][info][gc,heap        ] GC(1191) DefNew: 563805K->7866K(629120K)
[1859.082s][info][gc,heap        ] GC(1191) Tenured: 68522K->68522K(1398144K)
[1859.082s][info][gc,metaspace   ] GC(1191) Metaspace: 91800K(98224K)->91800K(98224K) NonClass: 80181K(83632K)->80181K(83632K) Class: 11619K(14592K)->11619K(14592K)
[1859.082s][info][gc             ] GC(1191) Pause Young (Allocation Failure) 617M->74M(1979M) 7.585ms
[1859.082s][info][gc,cpu         ] GC(1191) User=0.00s Sys=0.00s Real=0.01s
[1859.809s][info][gc,start       ] GC(1192) Pause Young (Allocation Failure)
[1859.815s][info][gc,heap        ] GC(1192) DefNew: 566761K->5347K(629120K)
[1859.815s][info][gc,heap        ] GC(1192) Tenured: 68522K->68522K(1398144K)
[1859.815s][info][gc,metaspace   ] GC(1192) Metaspace: 91800K(98224K)->91800K(98224K) NonClass: 80181K(83632K)->80181K(83632K) Class: 11619K(14592K)->11619K(14592K)
[1859.815s][info][gc             ] GC(1192) Pause Young (Allocation Failure) 620M->72M(1979M) 5.812ms
[1859.815s][info][gc,cpu         ] GC(1192) User=0.00s Sys=0.00s Real=0.01s
[1862.274s][info][gc,start       ] GC(1193) Pause Young (Allocation Failure)
[1862.281s][info][gc,heap        ] GC(1193) DefNew: 564579K->6893K(629120K)
[1862.281s][info][gc,heap        ] GC(1193) Tenured: 68522K->68522K(1398144K)
[1862.281s][info][gc,metaspace   ] GC(1193) Metaspace: 91801K(98224K)->91801K(98224K) NonClass: 80181K(83632K)->80181K(83632K) Class: 11619K(14592K)->11619K(14592K)
[1862.281s][info][gc             ] GC(1193) Pause Young (Allocation Failure) 618M->73M(1979M) 6.874ms
[1862.281s][info][gc,cpu         ] GC(1193) User=0.00s Sys=0.00s Real=0.01s
[1864.282s][info][gc,start       ] GC(1194) Pause Young (Allocation Failure)
[1864.289s][info][gc,heap        ] GC(1194) DefNew: 564821K->6323K(629120K)
[1864.289s][info][gc,heap        ] GC(1194) Tenured: 68522K->68522K(1398144K)
[1864.289s][info][gc,metaspace   ] GC(1194) Metaspace: 91801K(98224K)->91801K(98224K) NonClass: 80181K(83632K)->80181K(83632K) Class: 11619K(14592K)->11619K(14592K)
[1864.289s][info][gc             ] GC(1194) Pause Young (Allocation Failure) 618M->73M(1979M) 6.994ms
[1864.289s][info][gc,cpu         ] GC(1194) User=0.00s Sys=0.00s Real=0.01s
[1865.592s][info][gc,start       ] GC(1195) Pause Young (Allocation Failure)
[1865.610s][info][gc,heap        ] GC(1195) DefNew: 565555K->11811K(629120K)
[1865.610s][info][gc,heap        ] GC(1195) Tenured: 68522K->68522K(1398144K)
[1865.610s][info][gc,metaspace   ] GC(1195) Metaspace: 91801K(98224K)->91801K(98224K) NonClass: 80181K(83632K)->80181K(83632K) Class: 11619K(14592K)->11619K(14592K)
[1865.610s][info][gc             ] GC(1195) Pause Young (Allocation Failure) 619M->78M(1979M) 18.620ms
[1865.610s][info][gc,cpu         ] GC(1195) User=0.00s Sys=0.00s Real=0.02s
[1866.107s][info][gc,start       ] GC(1196) Pause Young (Allocation Failure)
[1866.114s][info][gc,heap        ] GC(1196) DefNew: 569437K->8557K(629120K)
[1866.114s][info][gc,heap        ] GC(1196) Tenured: 68522K->68522K(1398144K)
[1866.114s][info][gc,metaspace   ] GC(1196) Metaspace: 91801K(98224K)->91801K(98224K) NonClass: 80181K(83632K)->80181K(83632K) Class: 11619K(14592K)->11619K(14592K)
[1866.114s][info][gc             ] GC(1196) Pause Young (Allocation Failure) 623M->75M(1979M) 6.624ms
[1866.114s][info][gc,cpu         ] GC(1196) User=0.00s Sys=0.00s Real=0.01s
[1868.095s][info][gc,start       ] GC(1197) Pause Young (Allocation Failure)
[1868.103s][info][gc,heap        ] GC(1197) DefNew: 567789K->8117K(629120K)
[1868.103s][info][gc,heap        ] GC(1197) Tenured: 68522K->68522K(1398144K)
[1868.103s][info][gc,metaspace   ] GC(1197) Metaspace: 91801K(98224K)->91801K(98224K) NonClass: 80181K(83632K)->80181K(83632K) Class: 11619K(14592K)->11619K(14592K)
[1868.103s][info][gc             ] GC(1197) Pause Young (Allocation Failure) 621M->74M(1979M) 8.332ms
[1868.103s][info][gc,cpu         ] GC(1197) User=0.00s Sys=0.00s Real=0.01s
[1870.114s][info][gc,start       ] GC(1198) Pause Young (Allocation Failure)
[1870.121s][info][gc,heap        ] GC(1198) DefNew: 565190K->6277K(629120K)
[1870.121s][info][gc,heap        ] GC(1198) Tenured: 68522K->68990K(1398144K)
[1870.121s][info][gc,metaspace   ] GC(1198) Metaspace: 91801K(98224K)->91801K(98224K) NonClass: 80181K(83632K)->80181K(83632K) Class: 11619K(14592K)->11619K(14592K)
[1870.121s][info][gc             ] GC(1198) Pause Young (Allocation Failure) 618M->73M(1979M) 6.715ms
[1870.121s][info][gc,cpu         ] GC(1198) User=0.00s Sys=0.00s Real=0.01s
[1871.962s][info][gc,start       ] GC(1199) Pause Young (Allocation Failure)
[1871.973s][info][gc,heap        ] GC(1199) DefNew: 565509K->10995K(629120K)
[1871.973s][info][gc,heap        ] GC(1199) Tenured: 68990K->69187K(1398144K)
[1871.973s][info][gc,metaspace   ] GC(1199) Metaspace: 91804K(98224K)->91804K(98224K) NonClass: 80185K(83632K)->80185K(83632K) Class: 11619K(14592K)->11619K(14592K)
[1871.973s][info][gc             ] GC(1199) Pause Young (Allocation Failure) 619M->78M(1979M) 10.863ms
[1871.973s][info][gc,cpu         ] GC(1199) User=0.00s Sys=0.00s Real=0.01s
[1872.610s][info][gc,start       ] GC(1200) Pause Young (Allocation Failure)
[1872.618s][info][gc,heap        ] GC(1200) DefNew: 569340K->13329K(629120K)
[1872.618s][info][gc,heap        ] GC(1200) Tenured: 69187K->69383K(1398144K)
[1872.618s][info][gc,metaspace   ] GC(1200) Metaspace: 91804K(98224K)->91804K(98224K) NonClass: 80185K(83632K)->80185K(83632K) Class: 11619K(14592K)->11619K(14592K)
[1872.618s][info][gc             ] GC(1200) Pause Young (Allocation Failure) 623M->80M(1979M) 7.868ms
[1872.618s][info][gc,cpu         ] GC(1200) User=0.00s Sys=0.00s Real=0.01s
[1874.071s][info][gc,start       ] GC(1201) Pause Young (Allocation Failure)
[1874.078s][info][gc,heap        ] GC(1201) DefNew: 572250K->6056K(629120K)
[1874.078s][info][gc,heap        ] GC(1201) Tenured: 69383K->69541K(1398144K)
[1874.078s][info][gc,metaspace   ] GC(1201) Metaspace: 91804K(98224K)->91804K(98224K) NonClass: 80185K(83632K)->80185K(83632K) Class: 11619K(14592K)->11619K(14592K)
[1874.078s][info][gc             ] GC(1201) Pause Young (Allocation Failure) 626M->73M(1979M) 7.150ms
[1874.078s][info][gc,cpu         ] GC(1201) User=0.02s Sys=0.00s Real=0.01s
[1875.906s][info][gc,start       ] GC(1202) Pause Young (Allocation Failure)
[1875.915s][info][gc,heap        ] GC(1202) DefNew: 565288K->7789K(629120K)
[1875.915s][info][gc,heap        ] GC(1202) Tenured: 69541K->69610K(1398144K)
[1875.915s][info][gc,metaspace   ] GC(1202) Metaspace: 91804K(98224K)->91804K(98224K) NonClass: 80185K(83632K)->80185K(83632K) Class: 11619K(14592K)->11619K(14592K)
[1875.915s][info][gc             ] GC(1202) Pause Young (Allocation Failure) 619M->75M(1979M) 9.033ms
[1875.915s][info][gc,cpu         ] GC(1202) User=0.00s Sys=0.00s Real=0.01s
[1876.433s][info][gc,start       ] GC(1203) Pause Young (Allocation Failure)
[1876.441s][info][gc,heap        ] GC(1203) DefNew: 565170K->13332K(629120K)
[1876.441s][info][gc,heap        ] GC(1203) Tenured: 69610K->69809K(1398144K)
[1876.441s][info][gc,metaspace   ] GC(1203) Metaspace: 91804K(98224K)->91804K(98224K) NonClass: 80185K(83632K)->80185K(83632K) Class: 11619K(14592K)->11619K(14592K)
[1876.441s][info][gc             ] GC(1203) Pause Young (Allocation Failure) 619M->81M(1979M) 8.164ms
[1876.441s][info][gc,cpu         ] GC(1203) User=0.00s Sys=0.00s Real=0.01s
[1877.964s][info][gc,start       ] GC(1204) Pause Young (Allocation Failure)
[1877.972s][info][gc,heap        ] GC(1204) DefNew: 572564K->6549K(629120K)
[1877.972s][info][gc,heap        ] GC(1204) Tenured: 69809K->69953K(1398144K)
[1877.972s][info][gc,metaspace   ] GC(1204) Metaspace: 91804K(98224K)->91804K(98224K) NonClass: 80185K(83632K)->80185K(83632K) Class: 11619K(14592K)->11619K(14592K)
[1877.972s][info][gc             ] GC(1204) Pause Young (Allocation Failure) 627M->74M(1979M) 8.038ms
[1877.972s][info][gc,cpu         ] GC(1204) User=0.00s Sys=0.00s Real=0.01s
[1879.817s][info][gc,start       ] GC(1205) Pause Young (Allocation Failure)
[1879.826s][info][gc,heap        ] GC(1205) DefNew: 565781K->8271K(629120K)
[1879.826s][info][gc,heap        ] GC(1205) Tenured: 69953K->70128K(1398144K)
[1879.826s][info][gc,metaspace   ] GC(1205) Metaspace: 91804K(98224K)->91804K(98224K) NonClass: 80185K(83632K)->80185K(83632K) Class: 11619K(14592K)->11619K(14592K)
[1879.826s][info][gc             ] GC(1205) Pause Young (Allocation Failure) 620M->76M(1979M) 9.080ms
[1879.826s][info][gc,cpu         ] GC(1205) User=0.00s Sys=0.00s Real=0.01s
[1880.264s][info][gc,start       ] GC(1206) Pause Young (Allocation Failure)
[1880.271s][info][gc,heap        ] GC(1206) DefNew: 565715K->8628K(629120K)
[1880.271s][info][gc,heap        ] GC(1206) Tenured: 70128K->70250K(1398144K)
[1880.271s][info][gc,metaspace   ] GC(1206) Metaspace: 91804K(98224K)->91804K(98224K) NonClass: 80185K(83632K)->80185K(83632K) Class: 11619K(14592K)->11619K(14592K)
[1880.272s][info][gc             ] GC(1206) Pause Young (Allocation Failure) 620M->77M(1979M) 7.286ms
[1880.272s][info][gc,cpu         ] GC(1206) User=0.00s Sys=0.00s Real=0.01s
[1881.767s][info][gc,start       ] GC(1207) Pause Young (Allocation Failure)
[1881.775s][info][gc,heap        ] GC(1207) DefNew: 567860K->8028K(629120K)
[1881.775s][info][gc,heap        ] GC(1207) Tenured: 70250K->70413K(1398144K)
[1881.775s][info][gc,metaspace   ] GC(1207) Metaspace: 91804K(98224K)->91804K(98224K) NonClass: 80185K(83632K)->80185K(83632K) Class: 11619K(14592K)->11619K(14592K)
[1881.775s][info][gc             ] GC(1207) Pause Young (Allocation Failure) 623M->76M(1979M) 7.850ms
[1881.775s][info][gc,cpu         ] GC(1207) User=0.00s Sys=0.00s Real=0.01s
[1883.477s][info][gc,start       ] GC(1208) Pause Young (Allocation Failure)
[1883.486s][info][gc,heap        ] GC(1208) DefNew: 567275K->8571K(629120K)
[1883.486s][info][gc,heap        ] GC(1208) Tenured: 70413K->70538K(1398144K)
[1883.486s][info][gc,metaspace   ] GC(1208) Metaspace: 91804K(98224K)->91804K(98224K) NonClass: 80185K(83632K)->80185K(83632K) Class: 11619K(14592K)->11619K(14592K)
[1883.486s][info][gc             ] GC(1208) Pause Young (Allocation Failure) 622M->77M(1979M) 9.694ms
[1883.486s][info][gc,cpu         ] GC(1208) User=0.00s Sys=0.00s Real=0.01s
[1883.966s][info][gc,start       ] GC(1209) Pause Young (Allocation Failure)
[1883.973s][info][gc,heap        ] GC(1209) DefNew: 564106K->8521K(629120K)
[1883.973s][info][gc,heap        ] GC(1209) Tenured: 70538K->70733K(1398144K)
[1883.973s][info][gc,metaspace   ] GC(1209) Metaspace: 91804K(98224K)->91804K(98224K) NonClass: 80185K(83632K)->80185K(83632K) Class: 11619K(14592K)->11619K(14592K)
[1883.973s][info][gc             ] GC(1209) Pause Young (Allocation Failure) 619M->77M(1979M) 7.651ms
[1883.973s][info][gc,cpu         ] GC(1209) User=0.00s Sys=0.00s Real=0.01s
[1885.497s][info][gc,start       ] GC(1210) Pause Young (Allocation Failure)
[1885.503s][info][gc,heap        ] GC(1210) DefNew: 567090K->5670K(629120K)
[1885.503s][info][gc,heap        ] GC(1210) Tenured: 70733K->70857K(1398144K)
[1885.503s][info][gc,metaspace   ] GC(1210) Metaspace: 91804K(98224K)->91804K(98224K) NonClass: 80185K(83632K)->80185K(83632K) Class: 11619K(14592K)->11619K(14592K)
[1885.503s][info][gc             ] GC(1210) Pause Young (Allocation Failure) 622M->74M(1979M) 6.561ms
[1885.503s][info][gc,cpu         ] GC(1210) User=0.00s Sys=0.00s Real=0.01s
[1887.327s][info][gc,start       ] GC(1211) Pause Young (Allocation Failure)
[1887.338s][info][gc,heap        ] GC(1211) DefNew: 564902K->8630K(629120K)
[1887.338s][info][gc,heap        ] GC(1211) Tenured: 70857K->70946K(1398144K)
[1887.338s][info][gc,metaspace   ] GC(1211) Metaspace: 91804K(98224K)->91804K(98224K) NonClass: 80185K(83632K)->80185K(83632K) Class: 11619K(14592K)->11619K(14592K)
[1887.339s][info][gc             ] GC(1211) Pause Young (Allocation Failure) 620M->77M(1979M) 11.045ms
[1887.339s][info][gc,cpu         ] GC(1211) User=0.00s Sys=0.00s Real=0.01s
[1888.050s][info][gc,start       ] GC(1212) Pause Young (Allocation Failure)
[1888.058s][info][gc,heap        ] GC(1212) DefNew: 567862K->7566K(629120K)
[1888.058s][info][gc,heap        ] GC(1212) Tenured: 70946K->71144K(1398144K)
[1888.059s][info][gc,metaspace   ] GC(1212) Metaspace: 91807K(98224K)->91807K(98224K) NonClass: 80187K(83632K)->80187K(83632K) Class: 11619K(14592K)->11619K(14592K)
[1888.059s][info][gc             ] GC(1212) Pause Young (Allocation Failure) 623M->76M(1979M) 8.878ms
[1888.059s][info][gc,cpu         ] GC(1212) User=0.00s Sys=0.00s Real=0.01s
[1888.070s][info][gc,start       ] GC(1213) Pause Full (System.gc())
[1888.072s][info][gc,phases,start] GC(1213) Phase 1: Mark live objects
[1888.125s][info][gc,phases      ] GC(1213) Phase 1: Mark live objects 53.220ms
[1888.125s][info][gc,phases,start] GC(1213) Phase 2: Compute new object addresses
[1888.138s][info][gc,phases      ] GC(1213) Phase 2: Compute new object addresses 12.968ms
[1888.138s][info][gc,phases,start] GC(1213) Phase 3: Adjust pointers
[1888.170s][info][gc,phases      ] GC(1213) Phase 3: Adjust pointers 32.048ms
[1888.170s][info][gc,phases,start] GC(1213) Phase 4: Move objects
[1888.171s][info][gc,phases      ] GC(1213) Phase 4: Move objects 0.730ms
[1888.171s][info][gc,heap        ] GC(1213) DefNew: 28726K->0K(629120K)
[1888.172s][info][gc,heap        ] GC(1213) Tenured: 71144K->74631K(1398144K)
[1888.172s][info][gc,metaspace   ] GC(1213) Metaspace: 91807K(98224K)->91807K(98224K) NonClass: 80187K(83632K)->80187K(83632K) Class: 11619K(14592K)->11619K(14592K)
[1888.172s][info][gc             ] GC(1213) Pause Full (System.gc()) 97M->72M(1979M) 101.959ms
[1888.172s][info][gc,cpu         ] GC(1213) User=0.09s Sys=0.00s Real=0.10s
[1888.659s][info][gc,start       ] GC(1214) Pause Young (Allocation Failure)
[1888.663s][info][gc,heap        ] GC(1214) DefNew: 557888K->3061K(629120K)
[1888.663s][info][gc,heap        ] GC(1214) Tenured: 74631K->74631K(1398144K)
[1888.663s][info][gc,metaspace   ] GC(1214) Metaspace: 91807K(98224K)->91807K(98224K) NonClass: 80187K(83632K)->80187K(83632K) Class: 11619K(14592K)->11619K(14592K)
[1888.663s][info][gc             ] GC(1214) Pause Young (Allocation Failure) 617M->75M(1979M) 3.517ms
[1888.663s][info][gc,cpu         ] GC(1214) User=0.00s Sys=0.00s Real=0.00s
[1890.615s][info][gc,start       ] GC(1215) Pause Young (Allocation Failure)
[1890.620s][info][gc,heap        ] GC(1215) DefNew: 559925K->4397K(629120K)
[1890.620s][info][gc,heap        ] GC(1215) Tenured: 74631K->74631K(1398144K)
[1890.620s][info][gc,metaspace   ] GC(1215) Metaspace: 91807K(98224K)->91807K(98224K) NonClass: 80187K(83632K)->80187K(83632K) Class: 11619K(14592K)->11619K(14592K)
[1890.620s][info][gc             ] GC(1215) Pause Young (Allocation Failure) 619M->77M(1979M) 4.655ms
[1890.620s][info][gc,cpu         ] GC(1215) User=0.00s Sys=0.00s Real=0.01s
[1892.569s][info][gc,start       ] GC(1216) Pause Young (Allocation Failure)
[1892.574s][info][gc,heap        ] GC(1216) DefNew: 563075K->4886K(629120K)
[1892.574s][info][gc,heap        ] GC(1216) Tenured: 74631K->74631K(1398144K)
[1892.574s][info][gc,metaspace   ] GC(1216) Metaspace: 91807K(98224K)->91807K(98224K) NonClass: 80187K(83632K)->80187K(83632K) Class: 11619K(14592K)->11619K(14592K)
[1892.574s][info][gc             ] GC(1216) Pause Young (Allocation Failure) 622M->77M(1979M) 5.427ms
[1892.574s][info][gc,cpu         ] GC(1216) User=0.00s Sys=0.00s Real=0.01s
[1894.279s][info][gc,start       ] GC(1217) Pause Young (Allocation Failure)
[1894.289s][info][gc,heap        ] GC(1217) DefNew: 564118K->7346K(629120K)
[1894.289s][info][gc,heap        ] GC(1217) Tenured: 74631K->74631K(1398144K)
[1894.289s][info][gc,metaspace   ] GC(1217) Metaspace: 91807K(98224K)->91807K(98224K) NonClass: 80187K(83632K)->80187K(83632K) Class: 11619K(14592K)->11619K(14592K)
[1894.289s][info][gc             ] GC(1217) Pause Young (Allocation Failure) 623M->80M(1979M) 9.990ms
[1894.289s][info][gc,cpu         ] GC(1217) User=0.00s Sys=0.00s Real=0.01s
[1894.771s][info][gc,start       ] GC(1218) Pause Young (Allocation Failure)
[1894.777s][info][gc,heap        ] GC(1218) DefNew: 565551K->11756K(629120K)
[1894.777s][info][gc,heap        ] GC(1218) Tenured: 74631K->74631K(1398144K)
[1894.777s][info][gc,metaspace   ] GC(1218) Metaspace: 91807K(98224K)->91807K(98224K) NonClass: 80187K(83632K)->80187K(83632K) Class: 11619K(14592K)->11619K(14592K)
[1894.777s][info][gc             ] GC(1218) Pause Young (Allocation Failure) 625M->84M(1979M) 6.516ms
[1894.777s][info][gc,cpu         ] GC(1218) User=0.00s Sys=0.00s Real=0.01s
[1896.203s][info][gc,start       ] GC(1219) Pause Young (Allocation Failure)
[1896.212s][info][gc,heap        ] GC(1219) DefNew: 570988K->6230K(629120K)
[1896.212s][info][gc,heap        ] GC(1219) Tenured: 74631K->74631K(1398144K)
[1896.212s][info][gc,metaspace   ] GC(1219) Metaspace: 91807K(98224K)->91807K(98224K) NonClass: 80187K(83632K)->80187K(83632K) Class: 11619K(14592K)->11619K(14592K)
[1896.212s][info][gc             ] GC(1219) Pause Young (Allocation Failure) 630M->78M(1979M) 8.341ms
[1896.212s][info][gc,cpu         ] GC(1219) User=0.00s Sys=0.00s Real=0.01s
[1898.221s][info][gc,start       ] GC(1220) Pause Young (Allocation Failure)
[1898.226s][info][gc,heap        ] GC(1220) DefNew: 565462K->5237K(629120K)
[1898.227s][info][gc,heap        ] GC(1220) Tenured: 74631K->74631K(1398144K)
[1898.227s][info][gc,metaspace   ] GC(1220) Metaspace: 91807K(98224K)->91807K(98224K) NonClass: 80187K(83632K)->80187K(83632K) Class: 11619K(14592K)->11619K(14592K)
[1898.227s][info][gc             ] GC(1220) Pause Young (Allocation Failure) 625M->77M(1979M) 5.084ms
[1898.227s][info][gc,cpu         ] GC(1220) User=0.00s Sys=0.00s Real=0.00s
[1900.692s][info][gc,start       ] GC(1221) Pause Young (Allocation Failure)
[1900.697s][info][gc,heap        ] GC(1221) DefNew: 564469K->5617K(629120K)
[1900.697s][info][gc,heap        ] GC(1221) Tenured: 74631K->74631K(1398144K)
[1900.697s][info][gc,metaspace   ] GC(1221) Metaspace: 91807K(98224K)->91807K(98224K) NonClass: 80187K(83632K)->80187K(83632K) Class: 11619K(14592K)->11619K(14592K)
[1900.697s][info][gc             ] GC(1221) Pause Young (Allocation Failure) 624M->78M(1979M) 5.469ms
[1900.697s][info][gc,cpu         ] GC(1221) User=0.00s Sys=0.00s Real=0.00s
[1901.334s][info][gc,start       ] GC(1222) Pause Young (Allocation Failure)
[1901.343s][info][gc,heap        ] GC(1222) DefNew: 563615K->7615K(629120K)
[1901.343s][info][gc,heap        ] GC(1222) Tenured: 74631K->74631K(1398144K)
[1901.343s][info][gc,metaspace   ] GC(1222) Metaspace: 91807K(98224K)->91807K(98224K) NonClass: 80187K(83632K)->80187K(83632K) Class: 11619K(14592K)->11619K(14592K)
[1901.343s][info][gc             ] GC(1222) Pause Young (Allocation Failure) 623M->80M(1979M) 8.381ms
[1901.343s][info][gc,cpu         ] GC(1222) User=0.00s Sys=0.00s Real=0.01s
[1902.058s][info][gc,start       ] GC(1223) Pause Young (Allocation Failure)
[1902.064s][info][gc,heap        ] GC(1223) DefNew: 566847K->5020K(629120K)
[1902.064s][info][gc,heap        ] GC(1223) Tenured: 74631K->74631K(1398144K)
[1902.064s][info][gc,metaspace   ] GC(1223) Metaspace: 91807K(98224K)->91807K(98224K) NonClass: 80187K(83632K)->80187K(83632K) Class: 11619K(14592K)->11619K(14592K)
[1902.064s][info][gc             ] GC(1223) Pause Young (Allocation Failure) 626M->77M(1979M) 5.564ms
[1902.064s][info][gc,cpu         ] GC(1223) User=0.00s Sys=0.00s Real=0.01s
[1904.561s][info][gc,start       ] GC(1224) Pause Young (Allocation Failure)
[1904.567s][info][gc,heap        ] GC(1224) DefNew: 564252K->6473K(629120K)
[1904.567s][info][gc,heap        ] GC(1224) Tenured: 74631K->74631K(1398144K)
[1904.567s][info][gc,metaspace   ] GC(1224) Metaspace: 91807K(98224K)->91807K(98224K) NonClass: 80187K(83632K)->80187K(83632K) Class: 11619K(14592K)->11619K(14592K)
[1904.567s][info][gc             ] GC(1224) Pause Young (Allocation Failure) 623M->79M(1979M) 5.985ms
[1904.567s][info][gc,cpu         ] GC(1224) User=0.00s Sys=0.00s Real=0.01s
[1906.597s][info][gc,start       ] GC(1225) Pause Young (Allocation Failure)
[1906.604s][info][gc,heap        ] GC(1225) DefNew: 564182K->6289K(629120K)
[1906.604s][info][gc,heap        ] GC(1225) Tenured: 74631K->74631K(1398144K)
[1906.604s][info][gc,metaspace   ] GC(1225) Metaspace: 91807K(98224K)->91807K(98224K) NonClass: 80187K(83632K)->80187K(83632K) Class: 11619K(14592K)->11619K(14592K)
[1906.604s][info][gc             ] GC(1225) Pause Young (Allocation Failure) 623M->79M(1979M) 6.474ms
[1906.604s][info][gc,cpu         ] GC(1225) User=0.00s Sys=0.00s Real=0.01s
[1907.906s][info][gc,start       ] GC(1226) Pause Young (Allocation Failure)
[1907.925s][info][gc,heap        ] GC(1226) DefNew: 565521K->11820K(629120K)
[1907.925s][info][gc,heap        ] GC(1226) Tenured: 74631K->74631K(1398144K)
[1907.925s][info][gc,metaspace   ] GC(1226) Metaspace: 91807K(98224K)->91807K(98224K) NonClass: 80187K(83632K)->80187K(83632K) Class: 11619K(14592K)->11619K(14592K)
[1907.925s][info][gc             ] GC(1226) Pause Young (Allocation Failure) 625M->84M(1979M) 18.525ms
[1907.925s][info][gc,cpu         ] GC(1226) User=0.00s Sys=0.00s Real=0.02s
[1908.440s][info][gc,start       ] GC(1227) Pause Young (Allocation Failure)
[1908.447s][info][gc,heap        ] GC(1227) DefNew: 570119K->8563K(629120K)
[1908.447s][info][gc,heap        ] GC(1227) Tenured: 74631K->74631K(1398144K)
[1908.447s][info][gc,metaspace   ] GC(1227) Metaspace: 91807K(98224K)->91807K(98224K) NonClass: 80187K(83632K)->80187K(83632K) Class: 11619K(14592K)->11619K(14592K)
[1908.447s][info][gc             ] GC(1227) Pause Young (Allocation Failure) 629M->81M(1979M) 6.989ms
[1908.447s][info][gc,cpu         ] GC(1227) User=0.00s Sys=0.00s Real=0.01s
[1910.415s][info][gc,start       ] GC(1228) Pause Young (GCLocker Initiated GC)
[1910.423s][info][gc,heap        ] GC(1228) DefNew: 567795K->7700K(629120K)
[1910.423s][info][gc,heap        ] GC(1228) Tenured: 74631K->74631K(1398144K)
[1910.423s][info][gc,metaspace   ] GC(1228) Metaspace: 91807K(98224K)->91807K(98224K) NonClass: 80187K(83632K)->80187K(83632K) Class: 11619K(14592K)->11619K(14592K)
[1910.423s][info][gc             ] GC(1228) Pause Young (GCLocker Initiated GC) 627M->80M(1979M) 7.756ms
[1910.423s][info][gc,cpu         ] GC(1228) User=0.00s Sys=0.00s Real=0.01s
[1912.392s][info][gc,start       ] GC(1229) Pause Young (Allocation Failure)
[1912.399s][info][gc,heap        ] GC(1229) DefNew: 562848K->6289K(629120K)
[1912.399s][info][gc,heap        ] GC(1229) Tenured: 74631K->75096K(1398144K)
[1912.400s][info][gc,metaspace   ] GC(1229) Metaspace: 91807K(98224K)->91807K(98224K) NonClass: 80187K(83632K)->80187K(83632K) Class: 11619K(14592K)->11619K(14592K)
[1912.400s][info][gc             ] GC(1229) Pause Young (Allocation Failure) 622M->79M(1979M) 7.072ms
[1912.400s][info][gc,cpu         ] GC(1229) User=0.00s Sys=0.00s Real=0.01s
[1914.177s][info][gc,start       ] GC(1230) Pause Young (Allocation Failure)
[1914.188s][info][gc,heap        ] GC(1230) DefNew: 565521K->10964K(629120K)
[1914.188s][info][gc,heap        ] GC(1230) Tenured: 75096K->75288K(1398144K)
[1914.188s][info][gc,metaspace   ] GC(1230) Metaspace: 91807K(98224K)->91807K(98224K) NonClass: 80187K(83632K)->80187K(83632K) Class: 11619K(14592K)->11619K(14592K)
[1914.188s][info][gc             ] GC(1230) Pause Young (Allocation Failure) 625M->84M(1979M) 10.943ms
[1914.188s][info][gc,cpu         ] GC(1230) User=0.00s Sys=0.00s Real=0.01s
[1914.804s][info][gc,start       ] GC(1231) Pause Young (Allocation Failure)
[1914.813s][info][gc,heap        ] GC(1231) DefNew: 569625K->17380K(629120K)
[1914.813s][info][gc,heap        ] GC(1231) Tenured: 75288K->75490K(1398144K)
[1914.813s][info][gc,metaspace   ] GC(1231) Metaspace: 91807K(98224K)->91807K(98224K) NonClass: 80187K(83632K)->80187K(83632K) Class: 11619K(14592K)->11619K(14592K)
[1914.813s][info][gc             ] GC(1231) Pause Young (Allocation Failure) 629M->90M(1979M) 8.563ms
[1914.813s][info][gc,cpu         ] GC(1231) User=0.00s Sys=0.00s Real=0.01s
[1916.212s][info][gc,start       ] GC(1232) Pause Young (Allocation Failure)
[1916.219s][info][gc,heap        ] GC(1232) DefNew: 576222K->6196K(629120K)
[1916.220s][info][gc,heap        ] GC(1232) Tenured: 75490K->75645K(1398144K)
[1916.220s][info][gc,metaspace   ] GC(1232) Metaspace: 91807K(98224K)->91807K(98224K) NonClass: 80187K(83632K)->80187K(83632K) Class: 11619K(14592K)->11619K(14592K)
[1916.220s][info][gc             ] GC(1232) Pause Young (Allocation Failure) 636M->79M(1979M) 7.665ms
[1916.220s][info][gc,cpu         ] GC(1232) User=0.02s Sys=0.00s Real=0.01s
[1918.021s][info][gc,start       ] GC(1233) Pause Young (Allocation Failure)
[1918.030s][info][gc,heap        ] GC(1233) DefNew: 564868K->7929K(629120K)
[1918.030s][info][gc,heap        ] GC(1233) Tenured: 75645K->75714K(1398144K)
[1918.030s][info][gc,metaspace   ] GC(1233) Metaspace: 91807K(98224K)->91807K(98224K) NonClass: 80187K(83632K)->80187K(83632K) Class: 11619K(14592K)->11619K(14592K)
[1918.030s][info][gc             ] GC(1233) Pause Young (Allocation Failure) 625M->81M(1979M) 8.552ms
[1918.030s][info][gc,cpu         ] GC(1233) User=0.00s Sys=0.00s Real=0.01s
[1918.558s][info][gc,start       ] GC(1234) Pause Young (Allocation Failure)
[1918.566s][info][gc,heap        ] GC(1234) DefNew: 564796K->13901K(629120K)
[1918.566s][info][gc,heap        ] GC(1234) Tenured: 75714K->75896K(1398144K)
[1918.566s][info][gc,metaspace   ] GC(1234) Metaspace: 91807K(98224K)->91807K(98224K) NonClass: 80187K(83632K)->80187K(83632K) Class: 11619K(14592K)->11619K(14592K)
[1918.566s][info][gc             ] GC(1234) Pause Young (Allocation Failure) 625M->87M(1979M) 7.912ms
[1918.566s][info][gc,cpu         ] GC(1234) User=0.00s Sys=0.00s Real=0.01s
[1920.076s][info][gc,start       ] GC(1235) Pause Young (Allocation Failure)
[1920.082s][info][gc,heap        ] GC(1235) DefNew: 570574K->5706K(629120K)
[1920.082s][info][gc,heap        ] GC(1235) Tenured: 75896K->76038K(1398144K)
[1920.082s][info][gc,metaspace   ] GC(1235) Metaspace: 91807K(98224K)->91807K(98224K) NonClass: 80187K(83632K)->80187K(83632K) Class: 11619K(14592K)->11619K(14592K)
[1920.082s][info][gc             ] GC(1235) Pause Young (Allocation Failure) 631M->79M(1979M) 6.219ms
[1920.082s][info][gc,cpu         ] GC(1235) User=0.00s Sys=0.00s Real=0.01s
[1921.896s][info][gc,start       ] GC(1236) Pause Young (Allocation Failure)
[1921.906s][info][gc,heap        ] GC(1236) DefNew: 564938K->8396K(629120K)
[1921.906s][info][gc,heap        ] GC(1236) Tenured: 76038K->76204K(1398144K)
[1921.906s][info][gc,metaspace   ] GC(1236) Metaspace: 91807K(98224K)->91807K(98224K) NonClass: 80187K(83632K)->80187K(83632K) Class: 11619K(14592K)->11619K(14592K)
[1921.906s][info][gc             ] GC(1236) Pause Young (Allocation Failure) 625M->82M(1979M) 10.270ms
[1921.906s][info][gc,cpu         ] GC(1236) User=0.00s Sys=0.00s Real=0.01s
[1922.190s][info][gc,start       ] GC(1237) Pause Full (System.gc())
[1922.194s][info][gc,phases,start] GC(1237) Phase 1: Mark live objects
[1922.248s][info][gc,phases      ] GC(1237) Phase 1: Mark live objects 54.318ms
[1922.248s][info][gc,phases,start] GC(1237) Phase 2: Compute new object addresses
[1922.286s][info][gc,phases      ] GC(1237) Phase 2: Compute new object addresses 37.665ms
[1922.286s][info][gc,phases,start] GC(1237) Phase 3: Adjust pointers
[1922.319s][info][gc,phases      ] GC(1237) Phase 3: Adjust pointers 33.333ms
[1922.319s][info][gc,phases,start] GC(1237) Phase 4: Move objects
[1922.332s][info][gc,phases      ] GC(1237) Phase 4: Move objects 12.649ms
[1922.333s][info][gc,heap        ] GC(1237) DefNew: 245942K->0K(629120K)
[1922.333s][info][gc,heap        ] GC(1237) Tenured: 76204K->58018K(1398144K)
[1922.333s][info][gc,metaspace   ] GC(1237) Metaspace: 91807K(98224K)->91807K(98224K) NonClass: 80187K(83632K)->80187K(83632K) Class: 11619K(14592K)->11619K(14592K)
[1922.333s][info][gc             ] GC(1237) Pause Full (System.gc()) 314M->56M(1979M) 143.383ms
[1922.333s][info][gc,cpu         ] GC(1237) User=0.17s Sys=0.00s Real=0.14s
[1923.011s][info][gc,start       ] GC(1238) Pause Young (Allocation Failure)
[1923.015s][info][gc,heap        ] GC(1238) DefNew: 559232K->3057K(629120K)
[1923.015s][info][gc,heap        ] GC(1238) Tenured: 58018K->58018K(1398144K)
[1923.015s][info][gc,metaspace   ] GC(1238) Metaspace: 91807K(98224K)->91807K(98224K) NonClass: 80187K(83632K)->80187K(83632K) Class: 11619K(14592K)->11619K(14592K)
[1923.015s][info][gc             ] GC(1238) Pause Young (Allocation Failure) 602M->59M(1979M) 3.879ms
[1923.015s][info][gc,cpu         ] GC(1238) User=0.00s Sys=0.00s Real=0.00s
[1924.978s][info][gc,start       ] GC(1239) Pause Young (Allocation Failure)
[1924.984s][info][gc,heap        ] GC(1239) DefNew: 562289K->6676K(629120K)
[1924.984s][info][gc,heap        ] GC(1239) Tenured: 58018K->58018K(1398144K)
[1924.984s][info][gc,metaspace   ] GC(1239) Metaspace: 91807K(98224K)->91807K(98224K) NonClass: 80187K(83632K)->80187K(83632K) Class: 11619K(14592K)->11619K(14592K)
[1924.984s][info][gc             ] GC(1239) Pause Young (Allocation Failure) 605M->63M(1979M) 5.602ms
[1924.984s][info][gc,cpu         ] GC(1239) User=0.00s Sys=0.00s Real=0.01s
[1926.033s][info][gc,start       ] GC(1240) Pause Young (Allocation Failure)
[1926.039s][info][gc,heap        ] GC(1240) DefNew: 564796K->5465K(629120K)
[1926.039s][info][gc,heap        ] GC(1240) Tenured: 58018K->58018K(1398144K)
[1926.039s][info][gc,metaspace   ] GC(1240) Metaspace: 91807K(98224K)->91807K(98224K) NonClass: 80187K(83632K)->80187K(83632K) Class: 11619K(14592K)->11619K(14592K)
[1926.039s][info][gc             ] GC(1240) Pause Young (Allocation Failure) 608M->61M(1979M) 6.048ms
[1926.039s][info][gc,cpu         ] GC(1240) User=0.00s Sys=0.00s Real=0.00s
[1926.699s][info][gc,start       ] GC(1241) Pause Young (Allocation Failure)
[1926.703s][info][gc,heap        ] GC(1241) DefNew: 564697K->4738K(629120K)
[1926.703s][info][gc,heap        ] GC(1241) Tenured: 58018K->58018K(1398144K)
[1926.703s][info][gc,metaspace   ] GC(1241) Metaspace: 91807K(98224K)->91807K(98224K) NonClass: 80187K(83632K)->80187K(83632K) Class: 11619K(14592K)->11619K(14592K)
[1926.703s][info][gc             ] GC(1241) Pause Young (Allocation Failure) 608M->61M(1979M) 4.257ms
[1926.703s][info][gc,cpu         ] GC(1241) User=0.00s Sys=0.00s Real=0.00s
[1928.898s][info][gc,start       ] GC(1242) Pause Young (Allocation Failure)
[1928.906s][info][gc,heap        ] GC(1242) DefNew: 563970K->6667K(629120K)
[1928.906s][info][gc,heap        ] GC(1242) Tenured: 58018K->58018K(1398144K)
[1928.906s][info][gc,metaspace   ] GC(1242) Metaspace: 91807K(98224K)->91807K(98224K) NonClass: 80187K(83632K)->80187K(83632K) Class: 11619K(14592K)->11619K(14592K)
[1928.906s][info][gc             ] GC(1242) Pause Young (Allocation Failure) 607M->63M(1979M) 7.827ms
[1928.906s][info][gc,cpu         ] GC(1242) User=0.00s Sys=0.00s Real=0.01s
[1929.897s][info][gc,start       ] GC(1243) Pause Young (Allocation Failure)
[1929.906s][info][gc,heap        ] GC(1243) DefNew: 565899K->9904K(629120K)
[1929.906s][info][gc,heap        ] GC(1243) Tenured: 58018K->58018K(1398144K)
[1929.906s][info][gc,metaspace   ] GC(1243) Metaspace: 91807K(98224K)->91807K(98224K) NonClass: 80187K(83632K)->80187K(83632K) Class: 11619K(14592K)->11619K(14592K)
[1929.906s][info][gc             ] GC(1243) Pause Young (Allocation Failure) 609M->66M(1979M) 9.147ms
[1929.906s][info][gc,cpu         ] GC(1243) User=0.00s Sys=0.00s Real=0.01s
[1930.328s][info][gc,start       ] GC(1244) Pause Full (System.gc())
[1930.330s][info][gc,phases,start] GC(1244) Phase 1: Mark live objects
[1930.382s][info][gc,phases      ] GC(1244) Phase 1: Mark live objects 52.515ms
[1930.382s][info][gc,phases,start] GC(1244) Phase 2: Compute new object addresses
[1930.429s][info][gc,phases      ] GC(1244) Phase 2: Compute new object addresses 46.376ms
[1930.429s][info][gc,phases,start] GC(1244) Phase 3: Adjust pointers
[1930.461s][info][gc,phases      ] GC(1244) Phase 3: Adjust pointers 32.467ms
[1930.461s][info][gc,phases,start] GC(1244) Phase 4: Move objects
[1930.462s][info][gc,phases      ] GC(1244) Phase 4: Move objects 0.691ms
[1930.463s][info][gc,heap        ] GC(1244) DefNew: 357176K->0K(629120K)
[1930.463s][info][gc,heap        ] GC(1244) Tenured: 58018K->60652K(1398144K)
[1930.463s][info][gc,metaspace   ] GC(1244) Metaspace: 91807K(98224K)->91807K(98224K) NonClass: 80187K(83632K)->80187K(83632K) Class: 11619K(14592K)->11619K(14592K)
[1930.463s][info][gc             ] GC(1244) Pause Full (System.gc()) 405M->59M(1979M) 134.835ms
[1930.463s][info][gc,cpu         ] GC(1244) User=0.14s Sys=0.00s Real=0.14s
[1930.940s][info][gc,start       ] GC(1245) Pause Young (Allocation Failure)
[1930.944s][info][gc,heap        ] GC(1245) DefNew: 559232K->3112K(629120K)
[1930.944s][info][gc,heap        ] GC(1245) Tenured: 60652K->60652K(1398144K)
[1930.944s][info][gc,metaspace   ] GC(1245) Metaspace: 91807K(98224K)->91807K(98224K) NonClass: 80187K(83632K)->80187K(83632K) Class: 11619K(14592K)->11619K(14592K)
[1930.944s][info][gc             ] GC(1245) Pause Young (Allocation Failure) 605M->62M(1979M) 3.372ms
[1930.944s][info][gc,cpu         ] GC(1245) User=0.00s Sys=0.00s Real=0.00s
[1932.929s][info][gc,start       ] GC(1246) Pause Young (Allocation Failure)
[1932.934s][info][gc,heap        ] GC(1246) DefNew: 560455K->4476K(629120K)
[1932.934s][info][gc,heap        ] GC(1246) Tenured: 60652K->60652K(1398144K)
[1932.934s][info][gc,metaspace   ] GC(1246) Metaspace: 91807K(98224K)->91807K(98224K) NonClass: 80187K(83632K)->80187K(83632K) Class: 11619K(14592K)->11619K(14592K)
[1932.934s][info][gc             ] GC(1246) Pause Young (Allocation Failure) 606M->63M(1979M) 4.651ms
[1932.934s][info][gc,cpu         ] GC(1246) User=0.00s Sys=0.00s Real=0.00s
[1934.919s][info][gc,start       ] GC(1247) Pause Young (Allocation Failure)
[1934.924s][info][gc,heap        ] GC(1247) DefNew: 563251K->5026K(629120K)
[1934.924s][info][gc,heap        ] GC(1247) Tenured: 60652K->60652K(1398144K)
[1934.925s][info][gc,metaspace   ] GC(1247) Metaspace: 91807K(98224K)->91807K(98224K) NonClass: 80187K(83632K)->80187K(83632K) Class: 11619K(14592K)->11619K(14592K)
[1934.925s][info][gc             ] GC(1247) Pause Young (Allocation Failure) 609M->64M(1979M) 5.723ms
[1934.925s][info][gc,cpu         ] GC(1247) User=0.00s Sys=0.00s Real=0.00s
[1936.708s][info][gc,start       ] GC(1248) Pause Young (Allocation Failure)
[1936.718s][info][gc,heap        ] GC(1248) DefNew: 564258K->7303K(629120K)
[1936.718s][info][gc,heap        ] GC(1248) Tenured: 60652K->60652K(1398144K)
[1936.718s][info][gc,metaspace   ] GC(1248) Metaspace: 91807K(98224K)->91807K(98224K) NonClass: 80187K(83632K)->80187K(83632K) Class: 11619K(14592K)->11619K(14592K)
[1936.718s][info][gc             ] GC(1248) Pause Young (Allocation Failure) 610M->66M(1979M) 9.856ms
[1936.718s][info][gc,cpu         ] GC(1248) User=0.00s Sys=0.00s Real=0.01s
[1937.196s][info][gc,start       ] GC(1249) Pause Young (Allocation Failure)
[1937.203s][info][gc,heap        ] GC(1249) DefNew: 565132K->7617K(629120K)
[1937.203s][info][gc,heap        ] GC(1249) Tenured: 60652K->60652K(1398144K)
[1937.203s][info][gc,metaspace   ] GC(1249) Metaspace: 91807K(98224K)->91807K(98224K) NonClass: 80187K(83632K)->80187K(83632K) Class: 11619K(14592K)->11619K(14592K)
[1937.203s][info][gc             ] GC(1249) Pause Young (Allocation Failure) 611M->66M(1979M) 6.673ms
[1937.203s][info][gc,cpu         ] GC(1249) User=0.00s Sys=0.00s Real=0.01s
[1938.672s][info][gc,start       ] GC(1250) Pause Young (Allocation Failure)
[1938.678s][info][gc,heap        ] GC(1250) DefNew: 566849K->6433K(629120K)
[1938.678s][info][gc,heap        ] GC(1250) Tenured: 60652K->60652K(1398144K)
[1938.678s][info][gc,metaspace   ] GC(1250) Metaspace: 91807K(98224K)->91807K(98224K) NonClass: 80187K(83632K)->80187K(83632K) Class: 11619K(14592K)->11619K(14592K)
[1938.678s][info][gc             ] GC(1250) Pause Young (Allocation Failure) 612M->65M(1979M) 6.348ms
[1938.678s][info][gc,cpu         ] GC(1250) User=0.00s Sys=0.00s Real=0.01s
[1940.669s][info][gc,start       ] GC(1251) Pause Young (Allocation Failure)
[1940.674s][info][gc,heap        ] GC(1251) DefNew: 565665K->5332K(629120K)
[1940.674s][info][gc,heap        ] GC(1251) Tenured: 60652K->60652K(1398144K)
[1940.674s][info][gc,metaspace   ] GC(1251) Metaspace: 91807K(98224K)->91807K(98224K) NonClass: 80187K(83632K)->80187K(83632K) Class: 11619K(14592K)->11619K(14592K)
[1940.674s][info][gc             ] GC(1251) Pause Young (Allocation Failure) 611M->64M(1979M) 5.146ms
[1940.674s][info][gc,cpu         ] GC(1251) User=0.00s Sys=0.00s Real=0.00s
[1943.173s][info][gc,start       ] GC(1252) Pause Young (Allocation Failure)
[1943.178s][info][gc,heap        ] GC(1252) DefNew: 564564K->5832K(629120K)
[1943.178s][info][gc,heap        ] GC(1252) Tenured: 60652K->60652K(1398144K)
[1943.178s][info][gc,metaspace   ] GC(1252) Metaspace: 91824K(98224K)->91824K(98224K) NonClass: 80205K(83632K)->80205K(83632K) Class: 11619K(14592K)->11619K(14592K)
[1943.178s][info][gc             ] GC(1252) Pause Young (Allocation Failure) 610M->64M(1979M) 5.026ms
[1943.178s][info][gc,cpu         ] GC(1252) User=0.00s Sys=0.00s Real=0.01s
[1943.789s][info][gc,start       ] GC(1253) Pause Young (Allocation Failure)
[1943.797s][info][gc,heap        ] GC(1253) DefNew: 563325K->11938K(629120K)
[1943.797s][info][gc,heap        ] GC(1253) Tenured: 60652K->60652K(1398144K)
[1943.797s][info][gc,metaspace   ] GC(1253) Metaspace: 91824K(98224K)->91824K(98224K) NonClass: 80205K(83632K)->80205K(83632K) Class: 11619K(14592K)->11619K(14592K)
[1943.797s][info][gc             ] GC(1253) Pause Young (Allocation Failure) 609M->70M(1979M) 7.576ms
[1943.797s][info][gc,cpu         ] GC(1253) User=0.00s Sys=0.00s Real=0.01s
[1944.506s][info][gc,start       ] GC(1254) Pause Young (Allocation Failure)
[1944.511s][info][gc,heap        ] GC(1254) DefNew: 571170K->5171K(629120K)
[1944.511s][info][gc,heap        ] GC(1254) Tenured: 60652K->60652K(1398144K)
[1944.511s][info][gc,metaspace   ] GC(1254) Metaspace: 91824K(98224K)->91824K(98224K) NonClass: 80205K(83632K)->80205K(83632K) Class: 11619K(14592K)->11619K(14592K)
[1944.511s][info][gc             ] GC(1254) Pause Young (Allocation Failure) 617M->64M(1979M) 5.256ms
[1944.511s][info][gc,cpu         ] GC(1254) User=0.00s Sys=0.00s Real=0.01s
[1946.932s][info][gc,start       ] GC(1255) Pause Young (Allocation Failure)
[1946.939s][info][gc,heap        ] GC(1255) DefNew: 564403K->6877K(629120K)
[1946.939s][info][gc,heap        ] GC(1255) Tenured: 60652K->60652K(1398144K)
[1946.939s][info][gc,metaspace   ] GC(1255) Metaspace: 91824K(98224K)->91824K(98224K) NonClass: 80205K(83632K)->80205K(83632K) Class: 11619K(14592K)->11619K(14592K)
[1946.939s][info][gc             ] GC(1255) Pause Young (Allocation Failure) 610M->65M(1979M) 6.998ms
[1946.939s][info][gc,cpu         ] GC(1255) User=0.00s Sys=0.00s Real=0.01s
[1948.939s][info][gc,start       ] GC(1256) Pause Young (Allocation Failure)
[1948.945s][info][gc,heap        ] GC(1256) DefNew: 563887K->6271K(629120K)
[1948.945s][info][gc,heap        ] GC(1256) Tenured: 60652K->60652K(1398144K)
[1948.945s][info][gc,metaspace   ] GC(1256) Metaspace: 91824K(98224K)->91824K(98224K) NonClass: 80205K(83632K)->80205K(83632K) Class: 11619K(14592K)->11619K(14592K)
[1948.945s][info][gc             ] GC(1256) Pause Young (Allocation Failure) 609M->65M(1979M) 6.078ms
[1948.945s][info][gc,cpu         ] GC(1256) User=0.02s Sys=0.00s Real=0.01s
[1950.239s][info][gc,start       ] GC(1257) Pause Young (Allocation Failure)
[1950.258s][info][gc,heap        ] GC(1257) DefNew: 565503K->11736K(629120K)
[1950.258s][info][gc,heap        ] GC(1257) Tenured: 60652K->60652K(1398144K)
[1950.258s][info][gc,metaspace   ] GC(1257) Metaspace: 91824K(98224K)->91824K(98224K) NonClass: 80205K(83632K)->80205K(83632K) Class: 11619K(14592K)->11619K(14592K)
[1950.258s][info][gc             ] GC(1257) Pause Young (Allocation Failure) 611M->70M(1979M) 19.049ms
[1950.258s][info][gc,cpu         ] GC(1257) User=0.00s Sys=0.00s Real=0.02s
[1950.786s][info][gc,start       ] GC(1258) Pause Young (Allocation Failure)
[1950.793s][info][gc,heap        ] GC(1258) DefNew: 569462K->8503K(629120K)
[1950.793s][info][gc,heap        ] GC(1258) Tenured: 60652K->60652K(1398144K)
[1950.793s][info][gc,metaspace   ] GC(1258) Metaspace: 91824K(98224K)->91824K(98224K) NonClass: 80205K(83632K)->80205K(83632K) Class: 11619K(14592K)->11619K(14592K)
[1950.793s][info][gc             ] GC(1258) Pause Young (Allocation Failure) 615M->67M(1979M) 6.814ms
[1950.793s][info][gc,cpu         ] GC(1258) User=0.00s Sys=0.00s Real=0.01s
[1952.760s][info][gc,start       ] GC(1259) Pause Young (GCLocker Initiated GC)
[1952.767s][info][gc,heap        ] GC(1259) DefNew: 567753K->7370K(629120K)
[1952.767s][info][gc,heap        ] GC(1259) Tenured: 60652K->60652K(1398144K)
[1952.767s][info][gc,metaspace   ] GC(1259) Metaspace: 91824K(98224K)->91824K(98224K) NonClass: 80205K(83632K)->80205K(83632K) Class: 11619K(14592K)->11619K(14592K)
[1952.767s][info][gc             ] GC(1259) Pause Young (GCLocker Initiated GC) 613M->66M(1979M) 7.432ms
[1952.767s][info][gc,cpu         ] GC(1259) User=0.00s Sys=0.00s Real=0.01s
[1954.758s][info][gc,start       ] GC(1260) Pause Young (Allocation Failure)
[1954.765s][info][gc,heap        ] GC(1260) DefNew: 566532K->6329K(629120K)
[1954.766s][info][gc,heap        ] GC(1260) Tenured: 60652K->61185K(1398144K)
[1954.766s][info][gc,metaspace   ] GC(1260) Metaspace: 91824K(98224K)->91824K(98224K) NonClass: 80205K(83632K)->80205K(83632K) Class: 11619K(14592K)->11619K(14592K)
[1954.766s][info][gc             ] GC(1260) Pause Young (Allocation Failure) 612M->65M(1979M) 7.195ms
[1954.766s][info][gc,cpu         ] GC(1260) User=0.00s Sys=0.00s Real=0.01s
[1956.589s][info][gc,start       ] GC(1261) Pause Young (Allocation Failure)
[1956.599s][info][gc,heap        ] GC(1261) DefNew: 565561K->9904K(629120K)
[1956.599s][info][gc,heap        ] GC(1261) Tenured: 61185K->61395K(1398144K)
[1956.599s][info][gc,metaspace   ] GC(1261) Metaspace: 91824K(98224K)->91824K(98224K) NonClass: 80205K(83632K)->80205K(83632K) Class: 11619K(14592K)->11619K(14592K)
[1956.599s][info][gc             ] GC(1261) Pause Young (Allocation Failure) 612M->69M(1979M) 10.131ms
[1956.599s][info][gc,cpu         ] GC(1261) User=0.00s Sys=0.00s Real=0.01s
[1957.202s][info][gc,start       ] GC(1262) Pause Young (Allocation Failure)
[1957.211s][info][gc,heap        ] GC(1262) DefNew: 568643K->16881K(629120K)
[1957.211s][info][gc,heap        ] GC(1262) Tenured: 61395K->61580K(1398144K)
[1957.211s][info][gc,metaspace   ] GC(1262) Metaspace: 91824K(98224K)->91824K(98224K) NonClass: 80205K(83632K)->80205K(83632K) Class: 11619K(14592K)->11619K(14592K)
[1957.211s][info][gc             ] GC(1262) Pause Young (Allocation Failure) 615M->76M(1979M) 8.947ms
[1957.211s][info][gc,cpu         ] GC(1262) User=0.00s Sys=0.00s Real=0.01s
[1958.611s][info][gc,start       ] GC(1263) Pause Young (Allocation Failure)
[1958.618s][info][gc,heap        ] GC(1263) DefNew: 576113K->5989K(629120K)
[1958.618s][info][gc,heap        ] GC(1263) Tenured: 61580K->61732K(1398144K)
[1958.618s][info][gc,metaspace   ] GC(1263) Metaspace: 91824K(98224K)->91824K(98224K) NonClass: 80205K(83632K)->80205K(83632K) Class: 11619K(14592K)->11619K(14592K)
[1958.618s][info][gc             ] GC(1263) Pause Young (Allocation Failure) 622M->66M(1979M) 6.858ms
[1958.618s][info][gc,cpu         ] GC(1263) User=0.00s Sys=0.00s Real=0.01s
[1960.449s][info][gc,start       ] GC(1264) Pause Young (Allocation Failure)
[1960.457s][info][gc,heap        ] GC(1264) DefNew: 565045K->7624K(629120K)
[1960.457s][info][gc,heap        ] GC(1264) Tenured: 61732K->61797K(1398144K)
[1960.457s][info][gc,metaspace   ] GC(1264) Metaspace: 91824K(98224K)->91824K(98224K) NonClass: 80205K(83632K)->80205K(83632K) Class: 11619K(14592K)->11619K(14592K)
[1960.457s][info][gc             ] GC(1264) Pause Young (Allocation Failure) 612M->67M(1979M) 7.722ms
[1960.457s][info][gc,cpu         ] GC(1264) User=0.00s Sys=0.00s Real=0.01s
[1960.984s][info][gc,start       ] GC(1265) Pause Young (Allocation Failure)
[1960.993s][info][gc,heap        ] GC(1265) DefNew: 562895K->25971K(629120K)
[1960.993s][info][gc,heap        ] GC(1265) Tenured: 61797K->61981K(1398144K)
[1960.993s][info][gc,metaspace   ] GC(1265) Metaspace: 91824K(98224K)->91824K(98224K) NonClass: 80205K(83632K)->80205K(83632K) Class: 11619K(14592K)->11619K(14592K)
[1960.993s][info][gc             ] GC(1265) Pause Young (Allocation Failure) 610M->85M(1979M) 9.560ms
[1960.993s][info][gc,cpu         ] GC(1265) User=0.02s Sys=0.00s Real=0.01s
[1962.502s][info][gc,start       ] GC(1266) Pause Young (Allocation Failure)
[1962.508s][info][gc,heap        ] GC(1266) DefNew: 582877K->5681K(629120K)
[1962.508s][info][gc,heap        ] GC(1266) Tenured: 61981K->62121K(1398144K)
[1962.508s][info][gc,metaspace   ] GC(1266) Metaspace: 91824K(98224K)->91824K(98224K) NonClass: 80205K(83632K)->80205K(83632K) Class: 11619K(14592K)->11619K(14592K)
[1962.508s][info][gc             ] GC(1266) Pause Young (Allocation Failure) 629M->66M(1979M) 6.323ms
[1962.508s][info][gc,cpu         ] GC(1266) User=0.00s Sys=0.00s Real=0.01s
[1964.352s][info][gc,start       ] GC(1267) Pause Young (Allocation Failure)
[1964.362s][info][gc,heap        ] GC(1267) DefNew: 564913K->8125K(629120K)
[1964.362s][info][gc,heap        ] GC(1267) Tenured: 62121K->62287K(1398144K)
[1964.362s][info][gc,metaspace   ] GC(1267) Metaspace: 91824K(98224K)->91824K(98224K) NonClass: 80205K(83632K)->80205K(83632K) Class: 11619K(14592K)->11619K(14592K)
[1964.362s][info][gc             ] GC(1267) Pause Young (Allocation Failure) 612M->68M(1979M) 9.347ms
[1964.362s][info][gc,cpu         ] GC(1267) User=0.00s Sys=0.00s Real=0.01s
[1964.822s][info][gc,start       ] GC(1268) Pause Young (GCLocker Initiated GC)
[1964.830s][info][gc,heap        ] GC(1268) DefNew: 570592K->12748K(629120K)
[1964.830s][info][gc,heap        ] GC(1268) Tenured: 62287K->62405K(1398144K)
[1964.830s][info][gc,metaspace   ] GC(1268) Metaspace: 91824K(98224K)->91824K(98224K) NonClass: 80205K(83632K)->80205K(83632K) Class: 11619K(14592K)->11619K(14592K)
[1964.830s][info][gc             ] GC(1268) Pause Young (GCLocker Initiated GC) 618M->73M(1979M) 7.987ms
[1964.830s][info][gc,cpu         ] GC(1268) User=0.00s Sys=0.00s Real=0.01s
[1966.392s][info][gc,start       ] GC(1269) Pause Young (Allocation Failure)
[1966.399s][info][gc,heap        ] GC(1269) DefNew: 571980K->8538K(629120K)
[1966.399s][info][gc,heap        ] GC(1269) Tenured: 62405K->62536K(1398144K)
[1966.399s][info][gc,metaspace   ] GC(1269) Metaspace: 91824K(98224K)->91824K(98224K) NonClass: 80205K(83632K)->80205K(83632K) Class: 11619K(14592K)->11619K(14592K)
[1966.399s][info][gc             ] GC(1269) Pause Young (Allocation Failure) 619M->69M(1979M) 7.750ms
[1966.399s][info][gc,cpu         ] GC(1269) User=0.00s Sys=0.00s Real=0.01s
[1968.129s][info][gc,start       ] GC(1270) Pause Young (Allocation Failure)
[1968.138s][info][gc,heap        ] GC(1270) DefNew: 567770K->8706K(629120K)
[1968.139s][info][gc,heap        ] GC(1270) Tenured: 62536K->62680K(1398144K)
[1968.139s][info][gc,metaspace   ] GC(1270) Metaspace: 91824K(98224K)->91824K(98224K) NonClass: 80205K(83632K)->80205K(83632K) Class: 11619K(14592K)->11619K(14592K)
[1968.139s][info][gc             ] GC(1270) Pause Young (Allocation Failure) 615M->69M(1979M) 9.915ms
[1968.139s][info][gc,cpu         ] GC(1270) User=0.00s Sys=0.00s Real=0.01s
[1968.619s][info][gc,start       ] GC(1271) Pause Young (Allocation Failure)
[1968.627s][info][gc,heap        ] GC(1271) DefNew: 567514K->13109K(629120K)
[1968.627s][info][gc,heap        ] GC(1271) Tenured: 62680K->62869K(1398144K)
[1968.627s][info][gc,metaspace   ] GC(1271) Metaspace: 91824K(98224K)->91824K(98224K) NonClass: 80205K(83632K)->80205K(83632K) Class: 11619K(14592K)->11619K(14592K)
[1968.627s][info][gc             ] GC(1271) Pause Young (Allocation Failure) 615M->74M(1979M) 8.027ms
[1968.627s][info][gc,cpu         ] GC(1271) User=0.00s Sys=0.00s Real=0.01s
[1970.175s][info][gc,start       ] GC(1272) Pause Young (Allocation Failure)
[1970.181s][info][gc,heap        ] GC(1272) DefNew: 570118K->5634K(629120K)
[1970.181s][info][gc,heap        ] GC(1272) Tenured: 62869K->62987K(1398144K)
[1970.181s][info][gc,metaspace   ] GC(1272) Metaspace: 91824K(98224K)->91824K(98224K) NonClass: 80205K(83632K)->80205K(83632K) Class: 11619K(14592K)->11619K(14592K)
[1970.181s][info][gc             ] GC(1272) Pause Young (Allocation Failure) 618M->67M(1979M) 6.112ms
[1970.181s][info][gc,cpu         ] GC(1272) User=0.00s Sys=0.00s Real=0.01s
[1972.013s][info][gc,start       ] GC(1273) Pause Young (Allocation Failure)
[1972.024s][info][gc,heap        ] GC(1273) DefNew: 564866K->8643K(629120K)
[1972.024s][info][gc,heap        ] GC(1273) Tenured: 62987K->63074K(1398144K)
[1972.024s][info][gc,metaspace   ] GC(1273) Metaspace: 91824K(98224K)->91824K(98224K) NonClass: 80205K(83632K)->80205K(83632K) Class: 11619K(14592K)->11619K(14592K)
[1972.024s][info][gc             ] GC(1273) Pause Young (Allocation Failure) 613M->70M(1979M) 10.564ms
[1972.024s][info][gc,cpu         ] GC(1273) User=0.00s Sys=0.00s Real=0.01s
[1972.726s][info][gc,start       ] GC(1274) Pause Young (Allocation Failure)
[1972.734s][info][gc,heap        ] GC(1274) DefNew: 567875K->7741K(629120K)
[1972.734s][info][gc,heap        ] GC(1274) Tenured: 63074K->63265K(1398144K)
[1972.734s][info][gc,metaspace   ] GC(1274) Metaspace: 91824K(98224K)->91824K(98224K) NonClass: 80205K(83632K)->80205K(83632K) Class: 11619K(14592K)->11619K(14592K)
[1972.734s][info][gc             ] GC(1274) Pause Young (Allocation Failure) 616M->69M(1979M) 8.538ms
[1972.734s][info][gc,cpu         ] GC(1274) User=0.00s Sys=0.00s Real=0.01s
[1972.740s][info][gc,start       ] GC(1275) Pause Full (System.gc())
[1972.743s][info][gc,phases,start] GC(1275) Phase 1: Mark live objects
[1972.796s][info][gc,phases      ] GC(1275) Phase 1: Mark live objects 52.935ms
[1972.796s][info][gc,phases,start] GC(1275) Phase 2: Compute new object addresses
[1972.809s][info][gc,phases      ] GC(1275) Phase 2: Compute new object addresses 12.613ms
[1972.809s][info][gc,phases,start] GC(1275) Phase 3: Adjust pointers
[1972.841s][info][gc,phases      ] GC(1275) Phase 3: Adjust pointers 32.025ms
[1972.841s][info][gc,phases,start] GC(1275) Phase 4: Move objects
[1972.842s][info][gc,phases      ] GC(1275) Phase 4: Move objects 1.028ms
[1972.843s][info][gc,heap        ] GC(1275) DefNew: 25389K->0K(629120K)
[1972.843s][info][gc,heap        ] GC(1275) Tenured: 63265K->68361K(1398144K)
[1972.843s][info][gc,metaspace   ] GC(1275) Metaspace: 91824K(98224K)->91824K(98224K) NonClass: 80205K(83632K)->80205K(83632K) Class: 11619K(14592K)->11619K(14592K)
[1972.843s][info][gc             ] GC(1275) Pause Full (System.gc()) 86M->66M(1979M) 103.120ms
[1972.843s][info][gc,cpu         ] GC(1275) User=0.09s Sys=0.00s Real=0.10s
[1973.322s][info][gc,start       ] GC(1276) Pause Young (Allocation Failure)
[1973.325s][info][gc,heap        ] GC(1276) DefNew: 558387K->3229K(629120K)
[1973.325s][info][gc,heap        ] GC(1276) Tenured: 68361K->68361K(1398144K)
[1973.325s][info][gc,metaspace   ] GC(1276) Metaspace: 91824K(98224K)->91824K(98224K) NonClass: 80205K(83632K)->80205K(83632K) Class: 11619K(14592K)->11619K(14592K)
[1973.326s][info][gc             ] GC(1276) Pause Young (Allocation Failure) 612M->69M(1979M) 3.661ms
[1973.326s][info][gc,cpu         ] GC(1276) User=0.00s Sys=0.00s Real=0.00s
[1975.289s][info][gc,start       ] GC(1277) Pause Young (Allocation Failure)
[1975.295s][info][gc,heap        ] GC(1277) DefNew: 561973K->4456K(629120K)
[1975.295s][info][gc,heap        ] GC(1277) Tenured: 68361K->68361K(1398144K)
[1975.295s][info][gc,metaspace   ] GC(1277) Metaspace: 91824K(98224K)->91824K(98224K) NonClass: 80205K(83632K)->80205K(83632K) Class: 11619K(14592K)->11619K(14592K)
[1975.295s][info][gc             ] GC(1277) Pause Young (Allocation Failure) 615M->71M(1979M) 5.198ms
[1975.295s][info][gc,cpu         ] GC(1277) User=0.00s Sys=0.00s Real=0.01s
[1977.256s][info][gc,start       ] GC(1278) Pause Young (Allocation Failure)
[1977.262s][info][gc,heap        ] GC(1278) DefNew: 563355K->5307K(629120K)
[1977.262s][info][gc,heap        ] GC(1278) Tenured: 68361K->68361K(1398144K)
[1977.262s][info][gc,metaspace   ] GC(1278) Metaspace: 91824K(98224K)->91824K(98224K) NonClass: 80205K(83632K)->80205K(83632K) Class: 11619K(14592K)->11619K(14592K)
[1977.262s][info][gc             ] GC(1278) Pause Young (Allocation Failure) 616M->71M(1979M) 6.325ms
[1977.262s][info][gc,cpu         ] GC(1278) User=0.00s Sys=0.00s Real=0.01s
[1978.962s][info][gc,start       ] GC(1279) Pause Young (Allocation Failure)
[1978.969s][info][gc,heap        ] GC(1279) DefNew: 560851K->6388K(629120K)
[1978.969s][info][gc,heap        ] GC(1279) Tenured: 68361K->68361K(1398144K)
[1978.969s][info][gc,metaspace   ] GC(1279) Metaspace: 91824K(98224K)->91824K(98224K) NonClass: 80205K(83632K)->80205K(83632K) Class: 11619K(14592K)->11619K(14592K)
[1978.969s][info][gc             ] GC(1279) Pause Young (Allocation Failure) 614M->72M(1979M) 7.058ms
[1978.969s][info][gc,cpu         ] GC(1279) User=0.00s Sys=0.00s Real=0.01s
[1979.443s][info][gc,start       ] GC(1280) Pause Young (Allocation Failure)
[1979.449s][info][gc,heap        ] GC(1280) DefNew: 565620K->12182K(629120K)
[1979.449s][info][gc,heap        ] GC(1280) Tenured: 68361K->68361K(1398144K)
[1979.449s][info][gc,metaspace   ] GC(1280) Metaspace: 91824K(98224K)->91824K(98224K) NonClass: 80205K(83632K)->80205K(83632K) Class: 11619K(14592K)->11619K(14592K)
[1979.449s][info][gc             ] GC(1280) Pause Young (Allocation Failure) 619M->78M(1979M) 6.519ms
[1979.449s][info][gc,cpu         ] GC(1280) User=0.00s Sys=0.00s Real=0.01s
[1980.877s][info][gc,start       ] GC(1281) Pause Young (Allocation Failure)
[1980.883s][info][gc,heap        ] GC(1281) DefNew: 571414K->5469K(629120K)
[1980.883s][info][gc,heap        ] GC(1281) Tenured: 68361K->68361K(1398144K)
[1980.883s][info][gc,metaspace   ] GC(1281) Metaspace: 91824K(98224K)->91824K(98224K) NonClass: 80205K(83632K)->80205K(83632K) Class: 11619K(14592K)->11619K(14592K)
[1980.883s][info][gc             ] GC(1281) Pause Young (Allocation Failure) 624M->72M(1979M) 6.635ms
[1980.884s][info][gc,cpu         ] GC(1281) User=0.00s Sys=0.00s Real=0.01s
[1982.934s][info][gc,start       ] GC(1282) Pause Young (Allocation Failure)
[1982.939s][info][gc,heap        ] GC(1282) DefNew: 564701K->5318K(629120K)
[1982.939s][info][gc,heap        ] GC(1282) Tenured: 68361K->68361K(1398144K)
[1982.939s][info][gc,metaspace   ] GC(1282) Metaspace: 91824K(98224K)->91824K(98224K) NonClass: 80205K(83632K)->80205K(83632K) Class: 11619K(14592K)->11619K(14592K)
[1982.939s][info][gc             ] GC(1282) Pause Young (Allocation Failure) 618M->71M(1979M) 5.016ms
[1982.939s][info][gc,cpu         ] GC(1282) User=0.00s Sys=0.00s Real=0.01s
[1985.447s][info][gc,start       ] GC(1283) Pause Young (Allocation Failure)
[1985.453s][info][gc,heap        ] GC(1283) DefNew: 563798K->6273K(629120K)
[1985.453s][info][gc,heap        ] GC(1283) Tenured: 68361K->68361K(1398144K)
[1985.453s][info][gc,metaspace   ] GC(1283) Metaspace: 91824K(98224K)->91824K(98224K) NonClass: 80205K(83632K)->80205K(83632K) Class: 11619K(14592K)->11619K(14592K)
[1985.453s][info][gc             ] GC(1283) Pause Young (Allocation Failure) 617M->72M(1979M) 6.260ms
[1985.453s][info][gc,cpu         ] GC(1283) User=0.00s Sys=0.00s Real=0.01s
[1986.069s][info][gc,start       ] GC(1284) Pause Young (Allocation Failure)
[1986.079s][info][gc,heap        ] GC(1284) DefNew: 562885K->16567K(629120K)
[1986.079s][info][gc,heap        ] GC(1284) Tenured: 68361K->68361K(1398144K)
[1986.079s][info][gc,metaspace   ] GC(1284) Metaspace: 91824K(98224K)->91824K(98224K) NonClass: 80205K(83632K)->80205K(83632K) Class: 11619K(14592K)->11619K(14592K)
[1986.079s][info][gc             ] GC(1284) Pause Young (Allocation Failure) 616M->82M(1979M) 9.732ms
[1986.079s][info][gc,cpu         ] GC(1284) User=0.00s Sys=0.00s Real=0.01s
[1986.796s][info][gc,start       ] GC(1285) Pause Young (Allocation Failure)
[1986.801s][info][gc,heap        ] GC(1285) DefNew: 575799K->5080K(629120K)
[1986.801s][info][gc,heap        ] GC(1285) Tenured: 68361K->68361K(1398144K)
[1986.801s][info][gc,metaspace   ] GC(1285) Metaspace: 91824K(98224K)->91824K(98224K) NonClass: 80205K(83632K)->80205K(83632K) Class: 11619K(14592K)->11619K(14592K)
[1986.801s][info][gc             ] GC(1285) Pause Young (Allocation Failure) 629M->71M(1979M) 5.387ms
[1986.801s][info][gc,cpu         ] GC(1285) User=0.02s Sys=0.00s Real=0.01s
[1989.236s][info][gc,start       ] GC(1286) Pause Young (Allocation Failure)
[1989.242s][info][gc,heap        ] GC(1286) DefNew: 563611K->6784K(629120K)
[1989.242s][info][gc,heap        ] GC(1286) Tenured: 68361K->68361K(1398144K)
[1989.242s][info][gc,metaspace   ] GC(1286) Metaspace: 91824K(98224K)->91824K(98224K) NonClass: 80205K(83632K)->80205K(83632K) Class: 11619K(14592K)->11619K(14592K)
[1989.242s][info][gc             ] GC(1286) Pause Young (Allocation Failure) 617M->73M(1979M) 6.734ms
[1989.242s][info][gc,cpu         ] GC(1286) User=0.06s Sys=0.00s Real=0.01s
[1991.165s][info][gc,start       ] GC(1287) Pause Young (Allocation Failure)
[1991.174s][info][gc,heap        ] GC(1287) DefNew: 566016K->8894K(629120K)
[1991.174s][info][gc,heap        ] GC(1287) Tenured: 68361K->68361K(1398144K)
[1991.174s][info][gc,metaspace   ] GC(1287) Metaspace: 91824K(98224K)->91824K(98224K) NonClass: 80205K(83632K)->80205K(83632K) Class: 11619K(14592K)->11619K(14592K)
[1991.174s][info][gc             ] GC(1287) Pause Young (Allocation Failure) 619M->75M(1979M) 8.710ms
[1991.174s][info][gc,cpu         ] GC(1287) User=0.00s Sys=0.00s Real=0.01s
[1992.614s][info][gc,start       ] GC(1288) Pause Young (Allocation Failure)
[1992.631s][info][gc,heap        ] GC(1288) DefNew: 568126K->11421K(629120K)
[1992.631s][info][gc,heap        ] GC(1288) Tenured: 68361K->68361K(1398144K)
[1992.631s][info][gc,metaspace   ] GC(1288) Metaspace: 91824K(98224K)->91824K(98224K) NonClass: 80205K(83632K)->80205K(83632K) Class: 11619K(14592K)->11619K(14592K)
[1992.631s][info][gc             ] GC(1288) Pause Young (Allocation Failure) 621M->77M(1979M) 17.021ms
[1992.631s][info][gc,cpu         ] GC(1288) User=0.00s Sys=0.00s Real=0.02s
[1993.023s][info][gc,start       ] GC(1289) Pause Young (Allocation Failure)
[1993.030s][info][gc,heap        ] GC(1289) DefNew: 570653K->11532K(629120K)
[1993.030s][info][gc,heap        ] GC(1289) Tenured: 68361K->68361K(1398144K)
[1993.030s][info][gc,metaspace   ] GC(1289) Metaspace: 91824K(98224K)->91824K(98224K) NonClass: 80205K(83632K)->80205K(83632K) Class: 11619K(14592K)->11619K(14592K)
[1993.030s][info][gc             ] GC(1289) Pause Young (Allocation Failure) 624M->78M(1979M) 7.263ms
[1993.031s][info][gc,cpu         ] GC(1289) User=0.00s Sys=0.00s Real=0.01s
[1995.042s][info][gc,start       ] GC(1290) Pause Young (Allocation Failure)
[1995.049s][info][gc,heap        ] GC(1290) DefNew: 568300K->6448K(629120K)
[1995.049s][info][gc,heap        ] GC(1290) Tenured: 68361K->68361K(1398144K)
[1995.049s][info][gc,metaspace   ] GC(1290) Metaspace: 91824K(98224K)->91824K(98224K) NonClass: 80205K(83632K)->80205K(83632K) Class: 11619K(14592K)->11619K(14592K)
[1995.049s][info][gc             ] GC(1290) Pause Young (Allocation Failure) 621M->73M(1979M) 6.535ms
[1995.049s][info][gc,cpu         ] GC(1290) User=0.00s Sys=0.00s Real=0.01s
[1997.020s][info][gc,start       ] GC(1291) Pause Young (Allocation Failure)
[1997.028s][info][gc,heap        ] GC(1291) DefNew: 565680K->7997K(629120K)
[1997.028s][info][gc,heap        ] GC(1291) Tenured: 68361K->68890K(1398144K)
[1997.028s][info][gc,metaspace   ] GC(1291) Metaspace: 91824K(98224K)->91824K(98224K) NonClass: 80205K(83632K)->80205K(83632K) Class: 11619K(14592K)->11619K(14592K)
[1997.028s][info][gc             ] GC(1291) Pause Young (Allocation Failure) 619M->75M(1979M) 7.710ms
[1997.028s][info][gc,cpu         ] GC(1291) User=0.00s Sys=0.00s Real=0.01s
[1998.937s][info][gc,start       ] GC(1292) Pause Young (Allocation Failure)
[1998.946s][info][gc,heap        ] GC(1292) DefNew: 567229K->8228K(629120K)
[1998.946s][info][gc,heap        ] GC(1292) Tenured: 68890K->69079K(1398144K)
[1998.946s][info][gc,metaspace   ] GC(1292) Metaspace: 91824K(98224K)->91824K(98224K) NonClass: 80205K(83632K)->80205K(83632K) Class: 11619K(14592K)->11619K(14592K)
[1998.946s][info][gc             ] GC(1292) Pause Young (Allocation Failure) 621M->75M(1979M) 9.051ms
[1998.946s][info][gc,cpu         ] GC(1292) User=0.00s Sys=0.00s Real=0.01s
[1999.573s][info][gc,start       ] GC(1293) Pause Young (Allocation Failure)
[1999.581s][info][gc,heap        ] GC(1293) DefNew: 566232K->17022K(629120K)
[1999.581s][info][gc,heap        ] GC(1293) Tenured: 69079K->69262K(1398144K)
[1999.581s][info][gc,metaspace   ] GC(1293) Metaspace: 91824K(98224K)->91824K(98224K) NonClass: 80205K(83632K)->80205K(83632K) Class: 11619K(14592K)->11619K(14592K)
[1999.581s][info][gc             ] GC(1293) Pause Young (Allocation Failure) 620M->84M(1979M) 7.833ms
[1999.581s][info][gc,cpu         ] GC(1293) User=0.00s Sys=0.00s Real=0.01s
[2000.928s][info][gc,start       ] GC(1294) Pause Young (Allocation Failure)
[2000.935s][info][gc,heap        ] GC(1294) DefNew: 576254K->6077K(629120K)
[2000.935s][info][gc,heap        ] GC(1294) Tenured: 69262K->69413K(1398144K)
[2000.935s][info][gc,metaspace   ] GC(1294) Metaspace: 91824K(98224K)->91824K(98224K) NonClass: 80205K(83632K)->80205K(83632K) Class: 11619K(14592K)->11619K(14592K)
[2000.935s][info][gc             ] GC(1294) Pause Young (Allocation Failure) 630M->73M(1979M) 7.030ms
[2000.935s][info][gc,cpu         ] GC(1294) User=0.00s Sys=0.00s Real=0.01s
[2002.800s][info][gc,start       ] GC(1295) Pause Young (Allocation Failure)
[2002.810s][info][gc,heap        ] GC(1295) DefNew: 565309K->10690K(629120K)
[2002.810s][info][gc,heap        ] GC(1295) Tenured: 69413K->69481K(1398144K)
[2002.810s][info][gc,metaspace   ] GC(1295) Metaspace: 91824K(98224K)->91824K(98224K) NonClass: 80205K(83632K)->80205K(83632K) Class: 11619K(14592K)->11619K(14592K)
[2002.810s][info][gc             ] GC(1295) Pause Young (Allocation Failure) 619M->78M(1979M) 10.356ms
[2002.810s][info][gc,cpu         ] GC(1295) User=0.00s Sys=0.00s Real=0.01s
[2003.423s][info][gc,start       ] GC(1296) Pause Young (Allocation Failure)
[2003.432s][info][gc,heap        ] GC(1296) DefNew: 567333K->25854K(629120K)
[2003.432s][info][gc,heap        ] GC(1296) Tenured: 69481K->69663K(1398144K)
[2003.432s][info][gc,metaspace   ] GC(1296) Metaspace: 91824K(98224K)->91824K(98224K) NonClass: 80205K(83632K)->80205K(83632K) Class: 11619K(14592K)->11619K(14592K)
[2003.432s][info][gc             ] GC(1296) Pause Young (Allocation Failure) 621M->93M(1979M) 9.447ms
[2003.432s][info][gc,cpu         ] GC(1296) User=0.00s Sys=0.00s Real=0.01s
[2004.882s][info][gc,start       ] GC(1297) Pause Young (Allocation Failure)
[2004.889s][info][gc,heap        ] GC(1297) DefNew: 585086K->7865K(629120K)
[2004.889s][info][gc,heap        ] GC(1297) Tenured: 69663K->69802K(1398144K)
[2004.889s][info][gc,metaspace   ] GC(1297) Metaspace: 91824K(98224K)->91824K(98224K) NonClass: 80205K(83632K)->80205K(83632K) Class: 11619K(14592K)->11619K(14592K)
[2004.889s][info][gc             ] GC(1297) Pause Young (Allocation Failure) 639M->75M(1979M) 7.563ms
[2004.889s][info][gc,cpu         ] GC(1297) User=0.00s Sys=0.00s Real=0.01s
[2006.801s][info][gc,start       ] GC(1298) Pause Young (Allocation Failure)
[2006.810s][info][gc,heap        ] GC(1298) DefNew: 564229K->7507K(629120K)
[2006.810s][info][gc,heap        ] GC(1298) Tenured: 69802K->69960K(1398144K)
[2006.810s][info][gc,metaspace   ] GC(1298) Metaspace: 91824K(98224K)->91824K(98224K) NonClass: 80205K(83632K)->80205K(83632K) Class: 11619K(14592K)->11619K(14592K)
[2006.810s][info][gc             ] GC(1298) Pause Young (Allocation Failure) 619M->75M(1979M) 8.750ms
[2006.810s][info][gc,cpu         ] GC(1298) User=0.00s Sys=0.00s Real=0.01s
[2007.272s][info][gc,start       ] GC(1299) Pause Young (Allocation Failure)
[2007.280s][info][gc,heap        ] GC(1299) DefNew: 562668K->17467K(629120K)
[2007.280s][info][gc,heap        ] GC(1299) Tenured: 69960K->70084K(1398144K)
[2007.280s][info][gc,metaspace   ] GC(1299) Metaspace: 91825K(98224K)->91825K(98224K) NonClass: 80205K(83632K)->80205K(83632K) Class: 11619K(14592K)->11619K(14592K)
[2007.280s][info][gc             ] GC(1299) Pause Young (Allocation Failure) 617M->85M(1979M) 8.062ms
[2007.280s][info][gc,cpu         ] GC(1299) User=0.00s Sys=0.00s Real=0.01s
[2008.712s][info][gc,start       ] GC(1300) Pause Young (Allocation Failure)
[2008.718s][info][gc,heap        ] GC(1300) DefNew: 573694K->5691K(629120K)
[2008.718s][info][gc,heap        ] GC(1300) Tenured: 70084K->70194K(1398144K)
[2008.718s][info][gc,metaspace   ] GC(1300) Metaspace: 91825K(98224K)->91825K(98224K) NonClass: 80205K(83632K)->80205K(83632K) Class: 11619K(14592K)->11619K(14592K)
[2008.718s][info][gc             ] GC(1300) Pause Young (Allocation Failure) 628M->74M(1979M) 6.011ms
[2008.718s][info][gc,cpu         ] GC(1300) User=0.00s Sys=0.00s Real=0.01s
[2010.475s][info][gc,start       ] GC(1301) Pause Young (Allocation Failure)
[2010.484s][info][gc,heap        ] GC(1301) DefNew: 563986K->7678K(629120K)
[2010.484s][info][gc,heap        ] GC(1301) Tenured: 70194K->70353K(1398144K)
[2010.484s][info][gc,metaspace   ] GC(1301) Metaspace: 91825K(98224K)->91825K(98224K) NonClass: 80205K(83632K)->80205K(83632K) Class: 11619K(14592K)->11619K(14592K)
[2010.484s][info][gc             ] GC(1301) Pause Young (Allocation Failure) 619M->76M(1979M) 9.356ms
[2010.484s][info][gc,cpu         ] GC(1301) User=0.00s Sys=0.00s Real=0.01s
[2010.966s][info][gc,start       ] GC(1302) Pause Young (Allocation Failure)
[2010.974s][info][gc,heap        ] GC(1302) DefNew: 566339K->17680K(629120K)
[2010.974s][info][gc,heap        ] GC(1302) Tenured: 70353K->70542K(1398144K)
[2010.974s][info][gc,metaspace   ] GC(1302) Metaspace: 91825K(98224K)->91825K(98224K) NonClass: 80205K(83632K)->80205K(83632K) Class: 11619K(14592K)->11619K(14592K)
[2010.974s][info][gc             ] GC(1302) Pause Young (Allocation Failure) 621M->86M(1979M) 8.535ms
[2010.974s][info][gc,cpu         ] GC(1302) User=0.02s Sys=0.00s Real=0.01s
[2012.414s][info][gc,start       ] GC(1303) Pause Young (GCLocker Initiated GC)
[2012.420s][info][gc,heap        ] GC(1303) DefNew: 576930K->6361K(629120K)
[2012.420s][info][gc,heap        ] GC(1303) Tenured: 70542K->70665K(1398144K)
[2012.420s][info][gc,metaspace   ] GC(1303) Metaspace: 91825K(98224K)->91825K(98224K) NonClass: 80205K(83632K)->80205K(83632K) Class: 11619K(14592K)->11619K(14592K)
[2012.421s][info][gc             ] GC(1303) Pause Young (GCLocker Initiated GC) 632M->75M(1979M) 6.911ms
[2012.421s][info][gc,cpu         ] GC(1303) User=0.00s Sys=0.00s Real=0.01s
[2014.340s][info][gc,start       ] GC(1304) Pause Young (Allocation Failure)
[2014.349s][info][gc,heap        ] GC(1304) DefNew: 565593K->8162K(629120K)
[2014.349s][info][gc,heap        ] GC(1304) Tenured: 70665K->70745K(1398144K)
[2014.349s][info][gc,metaspace   ] GC(1304) Metaspace: 91825K(98224K)->91825K(98224K) NonClass: 80205K(83632K)->80205K(83632K) Class: 11619K(14592K)->11619K(14592K)
[2014.349s][info][gc             ] GC(1304) Pause Young (Allocation Failure) 621M->77M(1979M) 9.139ms
[2014.349s][info][gc,cpu         ] GC(1304) User=0.00s Sys=0.00s Real=0.01s
[2015.041s][info][gc,start       ] GC(1305) Pause Young (Allocation Failure)
[2015.049s][info][gc,heap        ] GC(1305) DefNew: 567394K->7051K(629120K)
[2015.049s][info][gc,heap        ] GC(1305) Tenured: 70745K->70939K(1398144K)
[2015.049s][info][gc,metaspace   ] GC(1305) Metaspace: 91829K(98224K)->91829K(98224K) NonClass: 80209K(83632K)->80209K(83632K) Class: 11619K(14592K)->11619K(14592K)
[2015.049s][info][gc             ] GC(1305) Pause Young (Allocation Failure) 623M->76M(1979M) 8.259ms
[2015.049s][info][gc,cpu         ] GC(1305) User=0.00s Sys=0.00s Real=0.01s
[2015.060s][info][gc,start       ] GC(1306) Pause Full (System.gc())
[2015.061s][info][gc,phases,start] GC(1306) Phase 1: Mark live objects
[2015.136s][info][gc,phases      ] GC(1306) Phase 1: Mark live objects 74.103ms
[2015.136s][info][gc,phases,start] GC(1306) Phase 2: Compute new object addresses
[2015.151s][info][gc,phases      ] GC(1306) Phase 2: Compute new object addresses 15.281ms
[2015.151s][info][gc,phases,start] GC(1306) Phase 3: Adjust pointers
[2015.183s][info][gc,phases      ] GC(1306) Phase 3: Adjust pointers 31.781ms
[2015.183s][info][gc,phases,start] GC(1306) Phase 4: Move objects
[2015.184s][info][gc,phases      ] GC(1306) Phase 4: Move objects 1.051ms
[2015.185s][info][gc,heap        ] GC(1306) DefNew: 47113K->0K(629120K)
[2015.185s][info][gc,heap        ] GC(1306) Tenured: 70939K->76178K(1398144K)
[2015.185s][info][gc,metaspace   ] GC(1306) Metaspace: 91831K(98224K)->91831K(98224K) NonClass: 80212K(83632K)->80212K(83632K) Class: 11619K(14592K)->11619K(14592K)
[2015.186s][info][gc             ] GC(1306) Pause Full (System.gc()) 115M->74M(1979M) 125.868ms
[2015.186s][info][gc,cpu         ] GC(1306) User=0.11s Sys=0.00s Real=0.13s
[2015.703s][info][gc,start       ] GC(1307) Pause Young (Allocation Failure)
[2015.708s][info][gc,heap        ] GC(1307) DefNew: 559232K->3066K(629120K)
[2015.708s][info][gc,heap        ] GC(1307) Tenured: 76178K->76178K(1398144K)
[2015.708s][info][gc,metaspace   ] GC(1307) Metaspace: 91060K(98224K)->91060K(98224K) NonClass: 79647K(83632K)->79647K(83632K) Class: 11413K(14592K)->11413K(14592K)
[2015.708s][info][gc             ] GC(1307) Pause Young (Allocation Failure) 620M->77M(1979M) 4.208ms
[2015.708s][info][gc,cpu         ] GC(1307) User=0.00s Sys=0.00s Real=0.00s
[2017.697s][info][gc,start       ] GC(1308) Pause Young (Allocation Failure)
[2017.702s][info][gc,heap        ] GC(1308) DefNew: 560704K->4397K(629120K)
[2017.702s][info][gc,heap        ] GC(1308) Tenured: 76178K->76178K(1398144K)
[2017.702s][info][gc,metaspace   ] GC(1308) Metaspace: 91060K(98224K)->91060K(98224K) NonClass: 79647K(83632K)->79647K(83632K) Class: 11413K(14592K)->11413K(14592K)
[2017.702s][info][gc             ] GC(1308) Pause Young (Allocation Failure) 621M->78M(1979M) 4.597ms
[2017.702s][info][gc,cpu         ] GC(1308) User=0.00s Sys=0.00s Real=0.01s
[2019.655s][info][gc,start       ] GC(1309) Pause Young (Allocation Failure)
[2019.661s][info][gc,heap        ] GC(1309) DefNew: 563041K->4955K(629120K)
[2019.661s][info][gc,heap        ] GC(1309) Tenured: 76178K->76178K(1398144K)
[2019.661s][info][gc,metaspace   ] GC(1309) Metaspace: 91060K(98224K)->91060K(98224K) NonClass: 79647K(83632K)->79647K(83632K) Class: 11413K(14592K)->11413K(14592K)
[2019.661s][info][gc             ] GC(1309) Pause Young (Allocation Failure) 624M->79M(1979M) 5.481ms
[2019.661s][info][gc,cpu         ] GC(1309) User=0.00s Sys=0.00s Real=0.00s
[2021.386s][info][gc,start       ] GC(1310) Pause Young (Allocation Failure)
[2021.395s][info][gc,heap        ] GC(1310) DefNew: 564187K->6849K(629120K)
[2021.395s][info][gc,heap        ] GC(1310) Tenured: 76178K->76178K(1398144K)
[2021.395s][info][gc,metaspace   ] GC(1310) Metaspace: 91060K(98224K)->91060K(98224K) NonClass: 79647K(83632K)->79647K(83632K) Class: 11413K(14592K)->11413K(14592K)
[2021.395s][info][gc             ] GC(1310) Pause Young (Allocation Failure) 625M->81M(1979M) 8.832ms
[2021.395s][info][gc,cpu         ] GC(1310) User=0.00s Sys=0.00s Real=0.01s
[2021.870s][info][gc,start       ] GC(1311) Pause Young (Allocation Failure)
[2021.876s][info][gc,heap        ] GC(1311) DefNew: 566081K->7256K(629120K)
[2021.876s][info][gc,heap        ] GC(1311) Tenured: 76178K->76178K(1398144K)
[2021.876s][info][gc,metaspace   ] GC(1311) Metaspace: 91060K(98224K)->91060K(98224K) NonClass: 79647K(83632K)->79647K(83632K) Class: 11413K(14592K)->11413K(14592K)
[2021.876s][info][gc             ] GC(1311) Pause Young (Allocation Failure) 627M->81M(1979M) 5.979ms
[2021.876s][info][gc,cpu         ] GC(1311) User=0.00s Sys=0.00s Real=0.01s
[2023.334s][info][gc,start       ] GC(1312) Pause Young (GCLocker Initiated GC)
[2023.340s][info][gc,heap        ] GC(1312) DefNew: 566513K->6410K(629120K)
[2023.340s][info][gc,heap        ] GC(1312) Tenured: 76178K->76178K(1398144K)
[2023.340s][info][gc,metaspace   ] GC(1312) Metaspace: 91060K(98224K)->91060K(98224K) NonClass: 79647K(83632K)->79647K(83632K) Class: 11413K(14592K)->11413K(14592K)
[2023.340s][info][gc             ] GC(1312) Pause Young (GCLocker Initiated GC) 627M->80M(1979M) 6.487ms
[2023.340s][info][gc,cpu         ] GC(1312) User=0.00s Sys=0.00s Real=0.01s
[2025.383s][info][gc,start       ] GC(1313) Pause Young (Allocation Failure)
[2025.389s][info][gc,heap        ] GC(1313) DefNew: 565642K->5266K(629120K)
[2025.389s][info][gc,heap        ] GC(1313) Tenured: 76178K->76178K(1398144K)
[2025.389s][info][gc,metaspace   ] GC(1313) Metaspace: 91060K(98224K)->91060K(98224K) NonClass: 79647K(83632K)->79647K(83632K) Class: 11413K(14592K)->11413K(14592K)
[2025.389s][info][gc             ] GC(1313) Pause Young (Allocation Failure) 626M->79M(1979M) 5.664ms
[2025.389s][info][gc,cpu         ] GC(1313) User=0.00s Sys=0.00s Real=0.01s
[2027.922s][info][gc,start       ] GC(1314) Pause Young (Allocation Failure)
[2027.927s][info][gc,heap        ] GC(1314) DefNew: 564498K->5654K(629120K)
[2027.927s][info][gc,heap        ] GC(1314) Tenured: 76178K->76178K(1398144K)
[2027.927s][info][gc,metaspace   ] GC(1314) Metaspace: 91060K(98224K)->91060K(98224K) NonClass: 79647K(83632K)->79647K(83632K) Class: 11413K(14592K)->11413K(14592K)
[2027.927s][info][gc             ] GC(1314) Pause Young (Allocation Failure) 625M->79M(1979M) 5.512ms
[2027.927s][info][gc,cpu         ] GC(1314) User=0.00s Sys=0.00s Real=0.01s
[2028.590s][info][gc,start       ] GC(1315) Pause Young (Allocation Failure)
[2028.599s][info][gc,heap        ] GC(1315) DefNew: 562572K->20821K(629120K)
[2028.599s][info][gc,heap        ] GC(1315) Tenured: 76178K->76178K(1398144K)
[2028.599s][info][gc,metaspace   ] GC(1315) Metaspace: 91060K(98224K)->91060K(98224K) NonClass: 79647K(83632K)->79647K(83632K) Class: 11413K(14592K)->11413K(14592K)
[2028.599s][info][gc             ] GC(1315) Pause Young (Allocation Failure) 623M->94M(1979M) 9.046ms
[2028.600s][info][gc,cpu         ] GC(1315) User=0.00s Sys=0.00s Real=0.01s
[2029.326s][info][gc,start       ] GC(1316) Pause Young (Allocation Failure)
[2029.332s][info][gc,heap        ] GC(1316) DefNew: 580053K->4956K(629120K)
[2029.332s][info][gc,heap        ] GC(1316) Tenured: 76178K->76178K(1398144K)
[2029.332s][info][gc,metaspace   ] GC(1316) Metaspace: 91060K(98224K)->91060K(98224K) NonClass: 79647K(83632K)->79647K(83632K) Class: 11413K(14592K)->11413K(14592K)
[2029.332s][info][gc             ] GC(1316) Pause Young (Allocation Failure) 640M->79M(1979M) 5.748ms
[2029.332s][info][gc,cpu         ] GC(1316) User=0.00s Sys=0.00s Real=0.00s
[2031.802s][info][gc,start       ] GC(1317) Pause Young (Allocation Failure)
[2031.808s][info][gc,heap        ] GC(1317) DefNew: 564188K->6685K(629120K)
[2031.808s][info][gc,heap        ] GC(1317) Tenured: 76178K->76178K(1398144K)
[2031.808s][info][gc,metaspace   ] GC(1317) Metaspace: 91060K(98224K)->91060K(98224K) NonClass: 79647K(83632K)->79647K(83632K) Class: 11413K(14592K)->11413K(14592K)
[2031.808s][info][gc             ] GC(1317) Pause Young (Allocation Failure) 625M->80M(1979M) 6.836ms
[2031.809s][info][gc,cpu         ] GC(1317) User=0.00s Sys=0.00s Real=0.01s
[2033.800s][info][gc,start       ] GC(1318) Pause Young (Allocation Failure)
[2033.806s][info][gc,heap        ] GC(1318) DefNew: 565182K->6252K(629120K)
[2033.806s][info][gc,heap        ] GC(1318) Tenured: 76178K->76178K(1398144K)
[2033.806s][info][gc,metaspace   ] GC(1318) Metaspace: 91060K(98224K)->91060K(98224K) NonClass: 79647K(83632K)->79647K(83632K) Class: 11413K(14592K)->11413K(14592K)
[2033.806s][info][gc             ] GC(1318) Pause Young (Allocation Failure) 626M->80M(1979M) 6.504ms
[2033.807s][info][gc,cpu         ] GC(1318) User=0.00s Sys=0.00s Real=0.01s
[2035.106s][info][gc,start       ] GC(1319) Pause Young (Allocation Failure)
[2035.125s][info][gc,heap        ] GC(1319) DefNew: 565484K->11829K(629120K)
[2035.125s][info][gc,heap        ] GC(1319) Tenured: 76178K->76178K(1398144K)
[2035.125s][info][gc,metaspace   ] GC(1319) Metaspace: 91060K(98224K)->91060K(98224K) NonClass: 79647K(83632K)->79647K(83632K) Class: 11413K(14592K)->11413K(14592K)
[2035.125s][info][gc             ] GC(1319) Pause Young (Allocation Failure) 626M->85M(1979M) 18.913ms
[2035.125s][info][gc,cpu         ] GC(1319) User=0.00s Sys=0.00s Real=0.02s
[2035.644s][info][gc,start       ] GC(1320) Pause Young (Allocation Failure)
[2035.651s][info][gc,heap        ] GC(1320) DefNew: 570894K->8574K(629120K)
[2035.651s][info][gc,heap        ] GC(1320) Tenured: 76178K->76178K(1398144K)
[2035.651s][info][gc,metaspace   ] GC(1320) Metaspace: 91060K(98224K)->91060K(98224K) NonClass: 79647K(83632K)->79647K(83632K) Class: 11413K(14592K)->11413K(14592K)
[2035.651s][info][gc             ] GC(1320) Pause Young (Allocation Failure) 631M->82M(1979M) 6.582ms
[2035.651s][info][gc,cpu         ] GC(1320) User=0.00s Sys=0.00s Real=0.01s
[2037.627s][info][gc,start       ] GC(1321) Pause Young (Allocation Failure)
[2037.635s][info][gc,heap        ] GC(1321) DefNew: 567806K->7143K(629120K)
[2037.635s][info][gc,heap        ] GC(1321) Tenured: 76178K->76178K(1398144K)
[2037.635s][info][gc,metaspace   ] GC(1321) Metaspace: 91063K(98224K)->91063K(98224K) NonClass: 79649K(83632K)->79649K(83632K) Class: 11413K(14592K)->11413K(14592K)
[2037.635s][info][gc             ] GC(1321) Pause Young (Allocation Failure) 628M->81M(1979M) 8.285ms
[2037.635s][info][gc,cpu         ] GC(1321) User=0.00s Sys=0.00s Real=0.01s
[2039.622s][info][gc,start       ] GC(1322) Pause Young (Allocation Failure)
[2039.629s][info][gc,heap        ] GC(1322) DefNew: 566375K->6229K(629120K)
[2039.629s][info][gc,heap        ] GC(1322) Tenured: 76178K->76648K(1398144K)
[2039.629s][info][gc,metaspace   ] GC(1322) Metaspace: 91064K(98224K)->91064K(98224K) NonClass: 79651K(83632K)->79651K(83632K) Class: 11413K(14592K)->11413K(14592K)
[2039.629s][info][gc             ] GC(1322) Pause Young (Allocation Failure) 627M->80M(1979M) 6.874ms
[2039.629s][info][gc,cpu         ] GC(1322) User=0.00s Sys=0.00s Real=0.01s
[2041.462s][info][gc,start       ] GC(1323) Pause Young (Allocation Failure)
[2041.472s][info][gc,heap        ] GC(1323) DefNew: 565461K->11269K(629120K)
[2041.472s][info][gc,heap        ] GC(1323) Tenured: 76648K->76835K(1398144K)
[2041.472s][info][gc,metaspace   ] GC(1323) Metaspace: 91064K(98224K)->91064K(98224K) NonClass: 79651K(83632K)->79651K(83632K) Class: 11413K(14592K)->11413K(14592K)
[2041.472s][info][gc             ] GC(1323) Pause Young (Allocation Failure) 627M->86M(1979M) 10.190ms
[2041.472s][info][gc,cpu         ] GC(1323) User=0.00s Sys=0.00s Real=0.01s
[2042.091s][info][gc,start       ] GC(1324) Pause Young (Allocation Failure)
[2042.099s][info][gc,heap        ] GC(1324) DefNew: 569359K->21575K(629120K)
[2042.100s][info][gc,heap        ] GC(1324) Tenured: 76835K->77023K(1398144K)
[2042.100s][info][gc,metaspace   ] GC(1324) Metaspace: 91064K(98224K)->91064K(98224K) NonClass: 79651K(83632K)->79651K(83632K) Class: 11413K(14592K)->11413K(14592K)
[2042.100s][info][gc             ] GC(1324) Pause Young (Allocation Failure) 631M->96M(1979M) 8.875ms
[2042.100s][info][gc,cpu         ] GC(1324) User=0.00s Sys=0.00s Real=0.01s
[2043.456s][info][gc,start       ] GC(1325) Pause Young (Allocation Failure)
[2043.463s][info][gc,heap        ] GC(1325) DefNew: 580807K->7258K(629120K)
[2043.463s][info][gc,heap        ] GC(1325) Tenured: 77023K->77170K(1398144K)
[2043.463s][info][gc,metaspace   ] GC(1325) Metaspace: 91064K(98224K)->91064K(98224K) NonClass: 79651K(83632K)->79651K(83632K) Class: 11413K(14592K)->11413K(14592K)
[2043.463s][info][gc             ] GC(1325) Pause Young (Allocation Failure) 642M->82M(1979M) 7.992ms
[2043.464s][info][gc,cpu         ] GC(1325) User=0.00s Sys=0.00s Real=0.01s
[2045.381s][info][gc,start       ] GC(1326) Pause Young (Allocation Failure)
[2045.389s][info][gc,heap        ] GC(1326) DefNew: 565937K->7729K(629120K)
[2045.389s][info][gc,heap        ] GC(1326) Tenured: 77170K->77235K(1398144K)
[2045.389s][info][gc,metaspace   ] GC(1326) Metaspace: 91064K(98224K)->91064K(98224K) NonClass: 79651K(83632K)->79651K(83632K) Class: 11413K(14592K)->11413K(14592K)
[2045.389s][info][gc             ] GC(1326) Pause Young (Allocation Failure) 628M->82M(1979M) 8.157ms
[2045.389s][info][gc,cpu         ] GC(1326) User=0.00s Sys=0.00s Real=0.01s
[2045.903s][info][gc,start       ] GC(1327) Pause Young (Allocation Failure)
[2045.910s][info][gc,heap        ] GC(1327) DefNew: 566961K->9121K(629120K)
[2045.910s][info][gc,heap        ] GC(1327) Tenured: 77235K->77426K(1398144K)
[2045.910s][info][gc,metaspace   ] GC(1327) Metaspace: 91064K(98224K)->91064K(98224K) NonClass: 79651K(83632K)->79651K(83632K) Class: 11413K(14592K)->11413K(14592K)
[2045.910s][info][gc             ] GC(1327) Pause Young (Allocation Failure) 629M->84M(1979M) 7.312ms
[2045.910s][info][gc,cpu         ] GC(1327) User=0.00s Sys=0.00s Real=0.01s
[2047.409s][info][gc,start       ] GC(1328) Pause Young (GCLocker Initiated GC)
[2047.416s][info][gc,heap        ] GC(1328) DefNew: 568353K->6394K(629120K)
[2047.416s][info][gc,heap        ] GC(1328) Tenured: 77426K->77565K(1398144K)
[2047.416s][info][gc,metaspace   ] GC(1328) Metaspace: 91064K(98224K)->91064K(98224K) NonClass: 79651K(83632K)->79651K(83632K) Class: 11413K(14592K)->11413K(14592K)
[2047.416s][info][gc             ] GC(1328) Pause Young (GCLocker Initiated GC) 630M->81M(1979M) 7.030ms
[2047.416s][info][gc,cpu         ] GC(1328) User=0.00s Sys=0.00s Real=0.01s
[2049.256s][info][gc,start       ] GC(1329) Pause Young (Allocation Failure)
[2049.265s][info][gc,heap        ] GC(1329) DefNew: 565626K->8129K(629120K)
[2049.265s][info][gc,heap        ] GC(1329) Tenured: 77565K->77730K(1398144K)
[2049.265s][info][gc,metaspace   ] GC(1329) Metaspace: 91064K(98224K)->91064K(98224K) NonClass: 79651K(83632K)->79651K(83632K) Class: 11413K(14592K)->11413K(14592K)
[2049.265s][info][gc             ] GC(1329) Pause Young (Allocation Failure) 628M->83M(1979M) 9.204ms
[2049.265s][info][gc,cpu         ] GC(1329) User=0.00s Sys=0.00s Real=0.01s
[2049.720s][info][gc,start       ] GC(1330) Pause Young (Allocation Failure)
[2049.727s][info][gc,heap        ] GC(1330) DefNew: 566650K->8962K(629120K)
[2049.727s][info][gc,heap        ] GC(1330) Tenured: 77730K->77845K(1398144K)
[2049.727s][info][gc,metaspace   ] GC(1330) Metaspace: 91064K(98224K)->91064K(98224K) NonClass: 79651K(83632K)->79651K(83632K) Class: 11413K(14592K)->11413K(14592K)
[2049.727s][info][gc             ] GC(1330) Pause Young (Allocation Failure) 629M->84M(1979M) 7.284ms
[2049.728s][info][gc,cpu         ] GC(1330) User=0.00s Sys=0.00s Real=0.01s
[2051.266s][info][gc,start       ] GC(1331) Pause Young (Allocation Failure)
[2051.273s][info][gc,heap        ] GC(1331) DefNew: 567331K->6154K(629120K)
[2051.273s][info][gc,heap        ] GC(1331) Tenured: 77845K->77959K(1398144K)
[2051.273s][info][gc,metaspace   ] GC(1331) Metaspace: 91064K(98224K)->91064K(98224K) NonClass: 79651K(83632K)->79651K(83632K) Class: 11413K(14592K)->11413K(14592K)
[2051.273s][info][gc             ] GC(1331) Pause Young (Allocation Failure) 630M->82M(1979M) 7.120ms
[2051.273s][info][gc,cpu         ] GC(1331) User=0.00s Sys=0.00s Real=0.01s
[2052.981s][info][gc,start       ] GC(1332) Pause Young (Allocation Failure)
[2052.990s][info][gc,heap        ] GC(1332) DefNew: 565386K->8636K(629120K)
[2052.990s][info][gc,heap        ] GC(1332) Tenured: 77959K->78117K(1398144K)
[2052.990s][info][gc,metaspace   ] GC(1332) Metaspace: 91064K(98224K)->91064K(98224K) NonClass: 79651K(83632K)->79651K(83632K) Class: 11413K(14592K)->11413K(14592K)
[2052.990s][info][gc             ] GC(1332) Pause Young (Allocation Failure) 628M->84M(1979M) 9.427ms
[2052.990s][info][gc,cpu         ] GC(1332) User=0.00s Sys=0.00s Real=0.01s
[2053.466s][info][gc,start       ] GC(1333) Pause Young (Allocation Failure)
[2053.475s][info][gc,heap        ] GC(1333) DefNew: 563911K->13188K(629120K)
[2053.475s][info][gc,heap        ] GC(1333) Tenured: 78117K->78303K(1398144K)
[2053.475s][info][gc,metaspace   ] GC(1333) Metaspace: 91064K(98224K)->91064K(98224K) NonClass: 79651K(83632K)->79651K(83632K) Class: 11413K(14592K)->11413K(14592K)
[2053.475s][info][gc             ] GC(1333) Pause Young (Allocation Failure) 626M->89M(1979M) 8.576ms
[2053.475s][info][gc,cpu         ] GC(1333) User=0.00s Sys=0.00s Real=0.01s
[2055.000s][info][gc,start       ] GC(1334) Pause Young (Allocation Failure)
[2055.006s][info][gc,heap        ] GC(1334) DefNew: 572420K->5406K(629120K)
[2055.006s][info][gc,heap        ] GC(1334) Tenured: 78303K->78422K(1398144K)
[2055.006s][info][gc,metaspace   ] GC(1334) Metaspace: 91064K(98224K)->91064K(98224K) NonClass: 79651K(83632K)->79651K(83632K) Class: 11413K(14592K)->11413K(14592K)
[2055.006s][info][gc             ] GC(1334) Pause Young (Allocation Failure) 635M->81M(1979M) 5.972ms
[2055.007s][info][gc,cpu         ] GC(1334) User=0.00s Sys=0.00s Real=0.01s
[2056.893s][info][gc,start       ] GC(1335) Pause Young (Allocation Failure)
[2056.903s][info][gc,heap        ] GC(1335) DefNew: 564638K->8483K(629120K)
[2056.903s][info][gc,heap        ] GC(1335) Tenured: 78422K->78506K(1398144K)
[2056.903s][info][gc,metaspace   ] GC(1335) Metaspace: 91064K(98224K)->91064K(98224K) NonClass: 79651K(83632K)->79651K(83632K) Class: 11413K(14592K)->11413K(14592K)
[2056.903s][info][gc             ] GC(1335) Pause Young (Allocation Failure) 627M->84M(1979M) 10.420ms
[2056.903s][info][gc,cpu         ] GC(1335) User=0.00s Sys=0.00s Real=0.01s
[2057.599s][info][gc,start       ] GC(1336) Pause Young (Allocation Failure)
[2057.608s][info][gc,heap        ] GC(1336) DefNew: 567715K->7616K(629120K)
[2057.608s][info][gc,heap        ] GC(1336) Tenured: 78506K->78698K(1398144K)
[2057.608s][info][gc,metaspace   ] GC(1336) Metaspace: 91065K(98224K)->91065K(98224K) NonClass: 79651K(83632K)->79651K(83632K) Class: 11413K(14592K)->11413K(14592K)
[2057.608s][info][gc             ] GC(1336) Pause Young (Allocation Failure) 631M->84M(1979M) 8.908ms
[2057.608s][info][gc,cpu         ] GC(1336) User=0.00s Sys=0.00s Real=0.01s
[2057.615s][info][gc,start       ] GC(1337) Pause Full (System.gc())
[2057.619s][info][gc,phases,start] GC(1337) Phase 1: Mark live objects
[2057.690s][info][gc,phases      ] GC(1337) Phase 1: Mark live objects 71.335ms
[2057.690s][info][gc,phases,start] GC(1337) Phase 2: Compute new object addresses
[2057.702s][info][gc,phases      ] GC(1337) Phase 2: Compute new object addresses 11.966ms
[2057.702s][info][gc,phases,start] GC(1337) Phase 3: Adjust pointers
[2057.734s][info][gc,phases      ] GC(1337) Phase 3: Adjust pointers 31.793ms
[2057.734s][info][gc,phases,start] GC(1337) Phase 4: Move objects
[2057.746s][info][gc,phases      ] GC(1337) Phase 4: Move objects 11.753ms
[2057.746s][info][gc,heap        ] GC(1337) DefNew: 25877K->0K(629120K)
[2057.747s][info][gc,heap        ] GC(1337) Tenured: 78698K->53435K(1398144K)
[2057.747s][info][gc,metaspace   ] GC(1337) Metaspace: 91065K(98224K)->91065K(98224K) NonClass: 79651K(83632K)->79651K(83632K) Class: 11413K(14592K)->11413K(14592K)
[2057.747s][info][gc             ] GC(1337) Pause Full (System.gc()) 102M->52M(1979M) 132.257ms
[2057.747s][info][gc,cpu         ] GC(1337) User=0.14s Sys=0.00s Real=0.13s
[2058.250s][info][gc,start       ] GC(1338) Pause Young (Allocation Failure)
[2058.254s][info][gc,heap        ] GC(1338) DefNew: 559132K->3061K(629120K)
[2058.254s][info][gc,heap        ] GC(1338) Tenured: 53435K->53435K(1398144K)
[2058.254s][info][gc,metaspace   ] GC(1338) Metaspace: 90910K(98224K)->90910K(98224K) NonClass: 79541K(83632K)->79541K(83632K) Class: 11369K(14592K)->11369K(14592K)
[2058.254s][info][gc             ] GC(1338) Pause Young (Allocation Failure) 598M->55M(1979M) 3.477ms
[2058.254s][info][gc,cpu         ] GC(1338) User=0.00s Sys=0.00s Real=0.00s
[2060.281s][info][gc,start       ] GC(1339) Pause Young (Allocation Failure)
[2060.285s][info][gc,heap        ] GC(1339) DefNew: 561355K->4376K(629120K)
[2060.285s][info][gc,heap        ] GC(1339) Tenured: 53435K->53435K(1398144K)
[2060.285s][info][gc,metaspace   ] GC(1339) Metaspace: 90910K(98224K)->90910K(98224K) NonClass: 79541K(83632K)->79541K(83632K) Class: 11369K(14592K)->11369K(14592K)
[2060.285s][info][gc             ] GC(1339) Pause Young (Allocation Failure) 600M->56M(1979M) 4.354ms
[2060.285s][info][gc,cpu         ] GC(1339) User=0.00s Sys=0.00s Real=0.00s
[2062.285s][info][gc,start       ] GC(1340) Pause Young (Allocation Failure)
[2062.290s][info][gc,heap        ] GC(1340) DefNew: 563419K->4797K(629120K)
[2062.290s][info][gc,heap        ] GC(1340) Tenured: 53435K->53435K(1398144K)
[2062.290s][info][gc,metaspace   ] GC(1340) Metaspace: 90910K(98224K)->90910K(98224K) NonClass: 79541K(83632K)->79541K(83632K) Class: 11369K(14592K)->11369K(14592K)
[2062.290s][info][gc             ] GC(1340) Pause Young (Allocation Failure) 602M->56M(1979M) 5.047ms
[2062.290s][info][gc,cpu         ] GC(1340) User=0.00s Sys=0.00s Real=0.00s
[2063.983s][info][gc,start       ] GC(1341) Pause Young (Allocation Failure)
[2063.992s][info][gc,heap        ] GC(1341) DefNew: 564029K->7250K(629120K)
[2063.993s][info][gc,heap        ] GC(1341) Tenured: 53435K->53435K(1398144K)
[2063.993s][info][gc,metaspace   ] GC(1341) Metaspace: 90910K(98224K)->90910K(98224K) NonClass: 79541K(83632K)->79541K(83632K) Class: 11369K(14592K)->11369K(14592K)
[2063.993s][info][gc             ] GC(1341) Pause Young (Allocation Failure) 602M->59M(1979M) 9.465ms
[2063.993s][info][gc,cpu         ] GC(1341) User=0.00s Sys=0.00s Real=0.01s
[2064.458s][info][gc,start       ] GC(1342) Pause Young (Allocation Failure)
[2064.465s][info][gc,heap        ] GC(1342) DefNew: 564946K->16601K(629120K)
[2064.465s][info][gc,heap        ] GC(1342) Tenured: 53435K->53435K(1398144K)
[2064.465s][info][gc,metaspace   ] GC(1342) Metaspace: 90910K(98224K)->90910K(98224K) NonClass: 79541K(83632K)->79541K(83632K) Class: 11369K(14592K)->11369K(14592K)
[2064.465s][info][gc             ] GC(1342) Pause Young (Allocation Failure) 603M->68M(1979M) 7.033ms
[2064.465s][info][gc,cpu         ] GC(1342) User=0.00s Sys=0.00s Real=0.01s
[2065.929s][info][gc,start       ] GC(1343) Pause Young (Allocation Failure)
[2065.935s][info][gc,heap        ] GC(1343) DefNew: 575833K->6474K(629120K)
[2065.936s][info][gc,heap        ] GC(1343) Tenured: 53435K->53435K(1398144K)
[2065.936s][info][gc,metaspace   ] GC(1343) Metaspace: 90910K(98224K)->90910K(98224K) NonClass: 79541K(83632K)->79541K(83632K) Class: 11369K(14592K)->11369K(14592K)
[2065.936s][info][gc             ] GC(1343) Pause Young (Allocation Failure) 614M->58M(1979M) 6.680ms
[2065.936s][info][gc,cpu         ] GC(1343) User=0.00s Sys=0.00s Real=0.01s
[2067.946s][info][gc,start       ] GC(1344) Pause Young (Allocation Failure)
[2067.952s][info][gc,heap        ] GC(1344) DefNew: 565706K->5142K(629120K)
[2067.952s][info][gc,heap        ] GC(1344) Tenured: 53435K->53435K(1398144K)
[2067.952s][info][gc,metaspace   ] GC(1344) Metaspace: 90910K(98224K)->90910K(98224K) NonClass: 79541K(83632K)->79541K(83632K) Class: 11369K(14592K)->11369K(14592K)
[2067.952s][info][gc             ] GC(1344) Pause Young (Allocation Failure) 604M->57M(1979M) 5.347ms
[2067.952s][info][gc,cpu         ] GC(1344) User=0.00s Sys=0.00s Real=0.01s
[2070.487s][info][gc,start       ] GC(1345) Pause Young (Allocation Failure)
[2070.492s][info][gc,heap        ] GC(1345) DefNew: 563584K->5832K(629120K)
[2070.492s][info][gc,heap        ] GC(1345) Tenured: 53435K->53435K(1398144K)
[2070.492s][info][gc,metaspace   ] GC(1345) Metaspace: 90910K(98224K)->90910K(98224K) NonClass: 79541K(83632K)->79541K(83632K) Class: 11369K(14592K)->11369K(14592K)
[2070.492s][info][gc             ] GC(1345) Pause Young (Allocation Failure) 602M->57M(1979M) 5.673ms
[2070.492s][info][gc,cpu         ] GC(1345) User=0.00s Sys=0.00s Real=0.01s
[2071.098s][info][gc,start       ] GC(1346) Pause Young (Allocation Failure)
[2071.105s][info][gc,heap        ] GC(1346) DefNew: 562433K->8201K(629120K)
[2071.105s][info][gc,heap        ] GC(1346) Tenured: 53435K->53435K(1398144K)
[2071.105s][info][gc,metaspace   ] GC(1346) Metaspace: 90910K(98224K)->90910K(98224K) NonClass: 79541K(83632K)->79541K(83632K) Class: 11369K(14592K)->11369K(14592K)
[2071.105s][info][gc             ] GC(1346) Pause Young (Allocation Failure) 601M->60M(1979M) 7.301ms
[2071.105s][info][gc,cpu         ] GC(1346) User=0.00s Sys=0.00s Real=0.01s
[2071.817s][info][gc,start       ] GC(1347) Pause Young (Allocation Failure)
[2071.822s][info][gc,heap        ] GC(1347) DefNew: 567433K->5055K(629120K)
[2071.822s][info][gc,heap        ] GC(1347) Tenured: 53435K->53435K(1398144K)
[2071.822s][info][gc,metaspace   ] GC(1347) Metaspace: 90910K(98224K)->90910K(98224K) NonClass: 79541K(83632K)->79541K(83632K) Class: 11369K(14592K)->11369K(14592K)
[2071.822s][info][gc             ] GC(1347) Pause Young (Allocation Failure) 606M->57M(1979M) 4.874ms
[2071.822s][info][gc,cpu         ] GC(1347) User=0.00s Sys=0.00s Real=0.00s
[2074.258s][info][gc,start       ] GC(1348) Pause Young (Allocation Failure)
[2074.264s][info][gc,heap        ] GC(1348) DefNew: 563214K->6235K(629120K)
[2074.264s][info][gc,heap        ] GC(1348) Tenured: 53435K->53435K(1398144K)
[2074.264s][info][gc,metaspace   ] GC(1348) Metaspace: 90910K(98224K)->90910K(98224K) NonClass: 79541K(83632K)->79541K(83632K) Class: 11369K(14592K)->11369K(14592K)
[2074.264s][info][gc             ] GC(1348) Pause Young (Allocation Failure) 602M->58M(1979M) 6.327ms
[2074.264s][info][gc,cpu         ] GC(1348) User=0.00s Sys=0.00s Real=0.01s
[2076.228s][info][gc,start       ] GC(1349) Pause Young (Allocation Failure)
[2076.236s][info][gc,heap        ] GC(1349) DefNew: 564759K->6591K(629120K)
[2076.236s][info][gc,heap        ] GC(1349) Tenured: 53435K->53435K(1398144K)
[2076.236s][info][gc,metaspace   ] GC(1349) Metaspace: 90910K(98224K)->90910K(98224K) NonClass: 79541K(83632K)->79541K(83632K) Class: 11369K(14592K)->11369K(14592K)
[2076.236s][info][gc             ] GC(1349) Pause Young (Allocation Failure) 603M->58M(1979M) 7.405ms
[2076.236s][info][gc,cpu         ] GC(1349) User=0.02s Sys=0.00s Real=0.01s
[2077.558s][info][gc,start       ] GC(1350) Pause Young (Allocation Failure)
[2077.575s][info][gc,heap        ] GC(1350) DefNew: 565823K->11525K(629120K)
[2077.575s][info][gc,heap        ] GC(1350) Tenured: 53435K->53435K(1398144K)
[2077.575s][info][gc,metaspace   ] GC(1350) Metaspace: 90910K(98224K)->90910K(98224K) NonClass: 79541K(83632K)->79541K(83632K) Class: 11369K(14592K)->11369K(14592K)
[2077.575s][info][gc             ] GC(1350) Pause Young (Allocation Failure) 604M->63M(1979M) 17.810ms
[2077.575s][info][gc,cpu         ] GC(1350) User=0.00s Sys=0.00s Real=0.02s
[2078.038s][info][gc,start       ] GC(1351) Pause Young (Allocation Failure)
[2078.045s][info][gc,heap        ] GC(1351) DefNew: 570749K->8520K(629120K)
[2078.045s][info][gc,heap        ] GC(1351) Tenured: 53435K->53435K(1398144K)
[2078.045s][info][gc,metaspace   ] GC(1351) Metaspace: 90910K(98224K)->90910K(98224K) NonClass: 79541K(83632K)->79541K(83632K) Class: 11369K(14592K)->11369K(14592K)
[2078.045s][info][gc             ] GC(1351) Pause Young (Allocation Failure) 609M->60M(1979M) 6.711ms
[2078.045s][info][gc,cpu         ] GC(1351) User=0.00s Sys=0.00s Real=0.01s
[2080.070s][info][gc,start       ] GC(1352) Pause Young (GCLocker Initiated GC)
[2080.077s][info][gc,heap        ] GC(1352) DefNew: 567769K->7164K(629120K)
[2080.077s][info][gc,heap        ] GC(1352) Tenured: 53435K->53435K(1398144K)
[2080.077s][info][gc,metaspace   ] GC(1352) Metaspace: 90910K(98224K)->90910K(98224K) NonClass: 79541K(83632K)->79541K(83632K) Class: 11369K(14592K)->11369K(14592K)
[2080.077s][info][gc             ] GC(1352) Pause Young (GCLocker Initiated GC) 606M->59M(1979M) 7.109ms
[2080.077s][info][gc,cpu         ] GC(1352) User=0.00s Sys=0.00s Real=0.01s
[2082.102s][info][gc,start       ] GC(1353) Pause Young (Allocation Failure)
[2082.109s][info][gc,heap        ] GC(1353) DefNew: 564647K->6181K(629120K)
[2082.109s][info][gc,heap        ] GC(1353) Tenured: 53435K->53900K(1398144K)
[2082.109s][info][gc,metaspace   ] GC(1353) Metaspace: 90910K(98224K)->90910K(98224K) NonClass: 79541K(83632K)->79541K(83632K) Class: 11369K(14592K)->11369K(14592K)
[2082.109s][info][gc             ] GC(1353) Pause Young (Allocation Failure) 603M->58M(1979M) 6.294ms
[2082.109s][info][gc,cpu         ] GC(1353) User=0.00s Sys=0.00s Real=0.01s
[2083.968s][info][gc,start       ] GC(1354) Pause Young (Allocation Failure)
[2083.978s][info][gc,heap        ] GC(1354) DefNew: 565413K->10849K(629120K)
[2083.978s][info][gc,heap        ] GC(1354) Tenured: 53900K->54090K(1398144K)
[2083.978s][info][gc,metaspace   ] GC(1354) Metaspace: 90910K(98224K)->90910K(98224K) NonClass: 79541K(83632K)->79541K(83632K) Class: 11369K(14592K)->11369K(14592K)
[2083.978s][info][gc             ] GC(1354) Pause Young (Allocation Failure) 604M->63M(1979M) 10.574ms
[2083.978s][info][gc,cpu         ] GC(1354) User=0.00s Sys=0.00s Real=0.01s
[2084.579s][info][gc,start       ] GC(1355) Pause Young (Allocation Failure)
[2084.586s][info][gc,heap        ] GC(1355) DefNew: 569445K->12954K(629120K)
[2084.586s][info][gc,heap        ] GC(1355) Tenured: 54090K->54278K(1398144K)
[2084.586s][info][gc,metaspace   ] GC(1355) Metaspace: 90910K(98224K)->90910K(98224K) NonClass: 79541K(83632K)->79541K(83632K) Class: 11369K(14592K)->11369K(14592K)
[2084.586s][info][gc             ] GC(1355) Pause Young (Allocation Failure) 608M->65M(1979M) 7.457ms
[2084.586s][info][gc,cpu         ] GC(1355) User=0.00s Sys=0.00s Real=0.01s
[2086.025s][info][gc,start       ] GC(1356) Pause Young (Allocation Failure)
[2086.032s][info][gc,heap        ] GC(1356) DefNew: 572174K->5822K(629120K)
[2086.033s][info][gc,heap        ] GC(1356) Tenured: 54278K->54444K(1398144K)
[2086.033s][info][gc,metaspace   ] GC(1356) Metaspace: 90910K(98224K)->90910K(98224K) NonClass: 79541K(83632K)->79541K(83632K) Class: 11369K(14592K)->11369K(14592K)
[2086.033s][info][gc             ] GC(1356) Pause Young (Allocation Failure) 611M->58M(1979M) 7.282ms
[2086.033s][info][gc,cpu         ] GC(1356) User=0.02s Sys=0.00s Real=0.01s
[2087.853s][info][gc,start       ] GC(1357) Pause Young (Allocation Failure)
[2087.861s][info][gc,heap        ] GC(1357) DefNew: 564594K->7653K(629120K)
[2087.861s][info][gc,heap        ] GC(1357) Tenured: 54444K->54510K(1398144K)
[2087.861s][info][gc,metaspace   ] GC(1357) Metaspace: 90910K(98224K)->90910K(98224K) NonClass: 79541K(83632K)->79541K(83632K) Class: 11369K(14592K)->11369K(14592K)
[2087.861s][info][gc             ] GC(1357) Pause Young (Allocation Failure) 604M->60M(1979M) 8.144ms
[2087.861s][info][gc,cpu         ] GC(1357) User=0.00s Sys=0.00s Real=0.01s
[2088.377s][info][gc,start       ] GC(1358) Pause Young (Allocation Failure)
[2088.386s][info][gc,heap        ] GC(1358) DefNew: 563757K->21927K(629120K)
[2088.386s][info][gc,heap        ] GC(1358) Tenured: 54510K->54692K(1398144K)
[2088.386s][info][gc,metaspace   ] GC(1358) Metaspace: 90910K(98224K)->90910K(98224K) NonClass: 79541K(83632K)->79541K(83632K) Class: 11369K(14592K)->11369K(14592K)
[2088.386s][info][gc             ] GC(1358) Pause Young (Allocation Failure) 603M->74M(1979M) 8.448ms
[2088.386s][info][gc,cpu         ] GC(1358) User=0.00s Sys=0.00s Real=0.01s
[2089.903s][info][gc,start       ] GC(1359) Pause Young (Allocation Failure)
[2089.910s][info][gc,heap        ] GC(1359) DefNew: 581159K->6230K(629120K)
[2089.910s][info][gc,heap        ] GC(1359) Tenured: 54692K->54832K(1398144K)
[2089.910s][info][gc,metaspace   ] GC(1359) Metaspace: 90910K(98224K)->90910K(98224K) NonClass: 79541K(83632K)->79541K(83632K) Class: 11369K(14592K)->11369K(14592K)
[2089.910s][info][gc             ] GC(1359) Pause Young (Allocation Failure) 620M->59M(1979M) 6.674ms
[2089.910s][info][gc,cpu         ] GC(1359) User=0.00s Sys=0.00s Real=0.01s
[2091.792s][info][gc,start       ] GC(1360) Pause Young (Allocation Failure)
[2091.801s][info][gc,heap        ] GC(1360) DefNew: 565462K->8163K(629120K)
[2091.801s][info][gc,heap        ] GC(1360) Tenured: 54832K->54993K(1398144K)
[2091.801s][info][gc,metaspace   ] GC(1360) Metaspace: 90910K(98224K)->90910K(98224K) NonClass: 79541K(83632K)->79541K(83632K) Class: 11369K(14592K)->11369K(14592K)
[2091.801s][info][gc             ] GC(1360) Pause Young (Allocation Failure) 605M->61M(1979M) 8.625ms
[2091.801s][info][gc,cpu         ] GC(1360) User=0.00s Sys=0.00s Real=0.01s
[2092.238s][info][gc,start       ] GC(1361) Pause Young (Allocation Failure)
[2092.245s][info][gc,heap        ] GC(1361) DefNew: 564827K->8917K(629120K)
[2092.245s][info][gc,heap        ] GC(1361) Tenured: 54993K->55113K(1398144K)
[2092.245s][info][gc,metaspace   ] GC(1361) Metaspace: 90910K(98224K)->90910K(98224K) NonClass: 79541K(83632K)->79541K(83632K) Class: 11369K(14592K)->11369K(14592K)
[2092.245s][info][gc             ] GC(1361) Pause Young (Allocation Failure) 605M->62M(1979M) 7.277ms
[2092.245s][info][gc,cpu         ] GC(1361) User=0.00s Sys=0.00s Real=0.01s
[2093.735s][info][gc,start       ] GC(1362) Pause Young (GCLocker Initiated GC)
[2093.743s][info][gc,heap        ] GC(1362) DefNew: 568149K->9233K(629120K)
[2093.743s][info][gc,heap        ] GC(1362) Tenured: 55113K->55225K(1398144K)
[2093.743s][info][gc,metaspace   ] GC(1362) Metaspace: 90910K(98224K)->90910K(98224K) NonClass: 79541K(83632K)->79541K(83632K) Class: 11369K(14592K)->11369K(14592K)
[2093.743s][info][gc             ] GC(1362) Pause Young (GCLocker Initiated GC) 608M->62M(1979M) 7.474ms
[2093.743s][info][gc,cpu         ] GC(1362) User=0.00s Sys=0.00s Real=0.01s
[2095.458s][info][gc,start       ] GC(1363) Pause Young (Allocation Failure)
[2095.467s][info][gc,heap        ] GC(1363) DefNew: 568465K->8516K(629120K)
[2095.467s][info][gc,heap        ] GC(1363) Tenured: 55225K->55385K(1398144K)
[2095.467s][info][gc,metaspace   ] GC(1363) Metaspace: 90910K(98224K)->90910K(98224K) NonClass: 79541K(83632K)->79541K(83632K) Class: 11369K(14592K)->11369K(14592K)
[2095.467s][info][gc             ] GC(1363) Pause Young (Allocation Failure) 609M->62M(1979M) 9.142ms
[2095.467s][info][gc,cpu         ] GC(1363) User=0.00s Sys=0.00s Real=0.01s
[2095.945s][info][gc,start       ] GC(1364) Pause Young (Allocation Failure)
[2095.952s][info][gc,heap        ] GC(1364) DefNew: 563880K->8546K(629120K)
[2095.952s][info][gc,heap        ] GC(1364) Tenured: 55385K->55570K(1398144K)
[2095.952s][info][gc,metaspace   ] GC(1364) Metaspace: 90910K(98224K)->90910K(98224K) NonClass: 79541K(83632K)->79541K(83632K) Class: 11369K(14592K)->11369K(14592K)
[2095.952s][info][gc             ] GC(1364) Pause Young (Allocation Failure) 604M->62M(1979M) 6.989ms
[2095.952s][info][gc,cpu         ] GC(1364) User=0.00s Sys=0.00s Real=0.01s
[2097.492s][info][gc,start       ] GC(1365) Pause Young (Allocation Failure)
[2097.498s][info][gc,heap        ] GC(1365) DefNew: 567778K->5515K(629120K)
[2097.498s][info][gc,heap        ] GC(1365) Tenured: 55570K->55695K(1398144K)
[2097.498s][info][gc,metaspace   ] GC(1365) Metaspace: 90910K(98224K)->90910K(98224K) NonClass: 79541K(83632K)->79541K(83632K) Class: 11369K(14592K)->11369K(14592K)
[2097.498s][info][gc             ] GC(1365) Pause Young (Allocation Failure) 608M->59M(1979M) 5.896ms
[2097.498s][info][gc,cpu         ] GC(1365) User=0.00s Sys=0.00s Real=0.01s
[2099.347s][info][gc,start       ] GC(1366) Pause Young (Allocation Failure)
[2099.357s][info][gc,heap        ] GC(1366) DefNew: 564747K->8492K(629120K)
[2099.357s][info][gc,heap        ] GC(1366) Tenured: 55695K->55777K(1398144K)
[2099.357s][info][gc,metaspace   ] GC(1366) Metaspace: 90910K(98224K)->90910K(98224K) NonClass: 79541K(83632K)->79541K(83632K) Class: 11369K(14592K)->11369K(14592K)
[2099.357s][info][gc             ] GC(1366) Pause Young (Allocation Failure) 605M->62M(1979M) 10.159ms
[2099.357s][info][gc,cpu         ] GC(1366) User=0.00s Sys=0.00s Real=0.01s
[2100.057s][info][gc,start       ] GC(1367) Pause Young (Allocation Failure)
[2100.065s][info][gc,heap        ] GC(1367) DefNew: 567724K->7607K(629120K)
[2100.065s][info][gc,heap        ] GC(1367) Tenured: 55777K->55968K(1398144K)
[2100.065s][info][gc,metaspace   ] GC(1367) Metaspace: 90910K(98224K)->90910K(98224K) NonClass: 79541K(83632K)->79541K(83632K) Class: 11369K(14592K)->11369K(14592K)
[2100.065s][info][gc             ] GC(1367) Pause Young (Allocation Failure) 608M->62M(1979M) 8.530ms
[2100.065s][info][gc,cpu         ] GC(1367) User=0.00s Sys=0.00s Real=0.01s
[2100.072s][info][gc,start       ] GC(1368) Pause Full (System.gc())
[2100.074s][info][gc,phases,start] GC(1368) Phase 1: Mark live objects
[2100.126s][info][gc,phases      ] GC(1368) Phase 1: Mark live objects 51.519ms
[2100.126s][info][gc,phases,start] GC(1368) Phase 2: Compute new object addresses
[2100.138s][info][gc,phases      ] GC(1368) Phase 2: Compute new object addresses 12.025ms
[2100.138s][info][gc,phases,start] GC(1368) Phase 3: Adjust pointers
[2100.169s][info][gc,phases      ] GC(1368) Phase 3: Adjust pointers 30.941ms
[2100.169s][info][gc,phases,start] GC(1368) Phase 4: Move objects
[2100.170s][info][gc,phases      ] GC(1368) Phase 4: Move objects 1.122ms
[2100.171s][info][gc,heap        ] GC(1368) DefNew: 30009K->0K(629120K)
[2100.171s][info][gc,heap        ] GC(1368) Tenured: 55968K->61474K(1398144K)
[2100.171s][info][gc,metaspace   ] GC(1368) Metaspace: 90910K(98224K)->90910K(98224K) NonClass: 79541K(83632K)->79541K(83632K) Class: 11369K(14592K)->11369K(14592K)
[2100.171s][info][gc             ] GC(1368) Pause Full (System.gc()) 83M->60M(1979M) 98.814ms
[2100.171s][info][gc,cpu         ] GC(1368) User=0.09s Sys=0.00s Real=0.10s
[2100.662s][info][gc,start       ] GC(1369) Pause Young (Allocation Failure)
[2100.665s][info][gc,heap        ] GC(1369) DefNew: 559232K->3097K(629120K)
[2100.665s][info][gc,heap        ] GC(1369) Tenured: 61474K->61474K(1398144K)
[2100.665s][info][gc,metaspace   ] GC(1369) Metaspace: 90910K(98224K)->90910K(98224K) NonClass: 79541K(83632K)->79541K(83632K) Class: 11369K(14592K)->11369K(14592K)
[2100.665s][info][gc             ] GC(1369) Pause Young (Allocation Failure) 606M->63M(1979M) 3.718ms
[2100.665s][info][gc,cpu         ] GC(1369) User=0.00s Sys=0.00s Real=0.00s
[2102.634s][info][gc,start       ] GC(1370) Pause Young (Allocation Failure)
[2102.639s][info][gc,heap        ] GC(1370) DefNew: 561822K->4403K(629120K)
[2102.639s][info][gc,heap        ] GC(1370) Tenured: 61474K->61474K(1398144K)
[2102.639s][info][gc,metaspace   ] GC(1370) Metaspace: 90910K(98224K)->90910K(98224K) NonClass: 79541K(83632K)->79541K(83632K) Class: 11369K(14592K)->11369K(14592K)
[2102.639s][info][gc             ] GC(1370) Pause Young (Allocation Failure) 608M->64M(1979M) 4.561ms
[2102.639s][info][gc,cpu         ] GC(1370) User=0.00s Sys=0.00s Real=0.00s
[2104.614s][info][gc,start       ] GC(1371) Pause Young (Allocation Failure)
[2104.620s][info][gc,heap        ] GC(1371) DefNew: 563635K->5130K(629120K)
[2104.620s][info][gc,heap        ] GC(1371) Tenured: 61474K->61474K(1398144K)
[2104.620s][info][gc,metaspace   ] GC(1371) Metaspace: 90910K(98224K)->90910K(98224K) NonClass: 79541K(83632K)->79541K(83632K) Class: 11369K(14592K)->11369K(14592K)
[2104.620s][info][gc             ] GC(1371) Pause Young (Allocation Failure) 610M->65M(1979M) 5.699ms
[2104.620s][info][gc,cpu         ] GC(1371) User=0.00s Sys=0.00s Real=0.01s
[2106.337s][info][gc,start       ] GC(1372) Pause Young (Allocation Failure)
[2106.347s][info][gc,heap        ] GC(1372) DefNew: 564362K->7349K(629120K)
[2106.347s][info][gc,heap        ] GC(1372) Tenured: 61474K->61474K(1398144K)
[2106.347s][info][gc,metaspace   ] GC(1372) Metaspace: 90910K(98224K)->90910K(98224K) NonClass: 79541K(83632K)->79541K(83632K) Class: 11369K(14592K)->11369K(14592K)
[2106.347s][info][gc             ] GC(1372) Pause Young (Allocation Failure) 611M->67M(1979M) 9.878ms
[2106.347s][info][gc,cpu         ] GC(1372) User=0.00s Sys=0.00s Real=0.01s
[2106.820s][info][gc,start       ] GC(1373) Pause Young (Allocation Failure)
[2106.827s][info][gc,heap        ] GC(1373) DefNew: 565039K->11987K(629120K)
[2106.827s][info][gc,heap        ] GC(1373) Tenured: 61474K->61474K(1398144K)
[2106.827s][info][gc,metaspace   ] GC(1373) Metaspace: 90910K(98224K)->90910K(98224K) NonClass: 79541K(83632K)->79541K(83632K) Class: 11369K(14592K)->11369K(14592K)
[2106.827s][info][gc             ] GC(1373) Pause Young (Allocation Failure) 611M->71M(1979M) 6.837ms
[2106.827s][info][gc,cpu         ] GC(1373) User=0.00s Sys=0.00s Real=0.01s
[2108.314s][info][gc,start       ] GC(1374) Pause Young (Allocation Failure)
[2108.320s][info][gc,heap        ] GC(1374) DefNew: 571219K->6389K(629120K)
[2108.321s][info][gc,heap        ] GC(1374) Tenured: 61474K->61474K(1398144K)
[2108.321s][info][gc,metaspace   ] GC(1374) Metaspace: 90910K(98224K)->90910K(98224K) NonClass: 79541K(83632K)->79541K(83632K) Class: 11369K(14592K)->11369K(14592K)
[2108.321s][info][gc             ] GC(1374) Pause Young (Allocation Failure) 617M->66M(1979M) 6.670ms
[2108.321s][info][gc,cpu         ] GC(1374) User=0.00s Sys=0.00s Real=0.01s
[2110.340s][info][gc,start       ] GC(1375) Pause Young (Allocation Failure)
[2110.345s][info][gc,heap        ] GC(1375) DefNew: 565621K->5235K(629120K)
[2110.345s][info][gc,heap        ] GC(1375) Tenured: 61474K->61474K(1398144K)
[2110.345s][info][gc,metaspace   ] GC(1375) Metaspace: 90910K(98224K)->90910K(98224K) NonClass: 79541K(83632K)->79541K(83632K) Class: 11369K(14592K)->11369K(14592K)
[2110.345s][info][gc             ] GC(1375) Pause Young (Allocation Failure) 612M->65M(1979M) 5.318ms
[2110.345s][info][gc,cpu         ] GC(1375) User=0.00s Sys=0.00s Real=0.00s
[2112.830s][info][gc,start       ] GC(1376) Pause Young (Allocation Failure)
[2112.835s][info][gc,heap        ] GC(1376) DefNew: 564467K->5758K(629120K)
[2112.835s][info][gc,heap        ] GC(1376) Tenured: 61474K->61474K(1398144K)
[2112.835s][info][gc,metaspace   ] GC(1376) Metaspace: 90910K(98224K)->90910K(98224K) NonClass: 79541K(83632K)->79541K(83632K) Class: 11369K(14592K)->11369K(14592K)
[2112.836s][info][gc             ] GC(1376) Pause Young (Allocation Failure) 611M->65M(1979M) 5.610ms
[2112.836s][info][gc,cpu         ] GC(1376) User=0.00s Sys=0.00s Real=0.00s
[2113.455s][info][gc,start       ] GC(1377) Pause Young (Allocation Failure)
[2113.464s][info][gc,heap        ] GC(1377) DefNew: 563803K->16323K(629120K)
[2113.464s][info][gc,heap        ] GC(1377) Tenured: 61474K->61474K(1398144K)
[2113.464s][info][gc,metaspace   ] GC(1377) Metaspace: 90910K(98224K)->90910K(98224K) NonClass: 79541K(83632K)->79541K(83632K) Class: 11369K(14592K)->11369K(14592K)
[2113.464s][info][gc             ] GC(1377) Pause Young (Allocation Failure) 610M->75M(1979M) 8.893ms
[2113.464s][info][gc,cpu         ] GC(1377) User=0.00s Sys=0.00s Real=0.01s
[2114.226s][info][gc,start       ] GC(1378) Pause Young (Allocation Failure)
[2114.231s][info][gc,heap        ] GC(1378) DefNew: 575555K->5131K(629120K)
[2114.231s][info][gc,heap        ] GC(1378) Tenured: 61474K->61474K(1398144K)
[2114.231s][info][gc,metaspace   ] GC(1378) Metaspace: 90910K(98224K)->90910K(98224K) NonClass: 79541K(83632K)->79541K(83632K) Class: 11369K(14592K)->11369K(14592K)
[2114.232s][info][gc             ] GC(1378) Pause Young (Allocation Failure) 622M->65M(1979M) 5.823ms
[2114.232s][info][gc,cpu         ] GC(1378) User=0.00s Sys=0.00s Real=0.01s
[2116.794s][info][gc,start       ] GC(1379) Pause Young (Allocation Failure)
[2116.800s][info][gc,heap        ] GC(1379) DefNew: 564363K->6148K(629120K)
[2116.800s][info][gc,heap        ] GC(1379) Tenured: 61474K->61474K(1398144K)
[2116.800s][info][gc,metaspace   ] GC(1379) Metaspace: 90910K(98224K)->90910K(98224K) NonClass: 79541K(83632K)->79541K(83632K) Class: 11369K(14592K)->11369K(14592K)
[2116.800s][info][gc             ] GC(1379) Pause Young (Allocation Failure) 611M->66M(1979M) 5.735ms
[2116.800s][info][gc,cpu         ] GC(1379) User=0.00s Sys=0.00s Real=0.01s
[2118.861s][info][gc,start       ] GC(1380) Pause Young (Allocation Failure)
[2118.867s][info][gc,heap        ] GC(1380) DefNew: 565224K->6257K(629120K)
[2118.867s][info][gc,heap        ] GC(1380) Tenured: 61474K->61474K(1398144K)
[2118.867s][info][gc,metaspace   ] GC(1380) Metaspace: 90910K(98224K)->90910K(98224K) NonClass: 79541K(83632K)->79541K(83632K) Class: 11369K(14592K)->11369K(14592K)
[2118.867s][info][gc             ] GC(1380) Pause Young (Allocation Failure) 612M->66M(1979M) 6.355ms
[2118.867s][info][gc,cpu         ] GC(1380) User=0.00s Sys=0.00s Real=0.01s
[2120.179s][info][gc,start       ] GC(1381) Pause Young (Allocation Failure)
[2120.198s][info][gc,heap        ] GC(1381) DefNew: 565489K->11753K(629120K)
[2120.198s][info][gc,heap        ] GC(1381) Tenured: 61474K->61474K(1398144K)
[2120.198s][info][gc,metaspace   ] GC(1381) Metaspace: 90910K(98224K)->90910K(98224K) NonClass: 79541K(83632K)->79541K(83632K) Class: 11369K(14592K)->11369K(14592K)
[2120.198s][info][gc             ] GC(1381) Pause Young (Allocation Failure) 612M->71M(1979M) 19.086ms
[2120.198s][info][gc,cpu         ] GC(1381) User=0.00s Sys=0.00s Real=0.02s
[2120.719s][info][gc,start       ] GC(1382) Pause Young (Allocation Failure)
[2120.726s][info][gc,heap        ] GC(1382) DefNew: 569135K->8474K(629120K)
[2120.726s][info][gc,heap        ] GC(1382) Tenured: 61474K->61474K(1398144K)
[2120.726s][info][gc,metaspace   ] GC(1382) Metaspace: 90910K(98224K)->90910K(98224K) NonClass: 79541K(83632K)->79541K(83632K) Class: 11369K(14592K)->11369K(14592K)
[2120.726s][info][gc             ] GC(1382) Pause Young (Allocation Failure) 615M->68M(1979M) 6.407ms
[2120.726s][info][gc,cpu         ] GC(1382) User=0.00s Sys=0.00s Real=0.01s
[2122.708s][info][gc,start       ] GC(1383) Pause Young (Allocation Failure)
[2122.716s][info][gc,heap        ] GC(1383) DefNew: 567706K->7310K(629120K)
[2122.716s][info][gc,heap        ] GC(1383) Tenured: 61474K->61474K(1398144K)
[2122.716s][info][gc,metaspace   ] GC(1383) Metaspace: 90910K(98224K)->90910K(98224K) NonClass: 79541K(83632K)->79541K(83632K) Class: 11369K(14592K)->11369K(14592K)
[2122.716s][info][gc             ] GC(1383) Pause Young (Allocation Failure) 614M->67M(1979M) 7.815ms
[2122.716s][info][gc,cpu         ] GC(1383) User=0.00s Sys=0.00s Real=0.01s
[2124.723s][info][gc,start       ] GC(1384) Pause Young (Allocation Failure)
[2124.730s][info][gc,heap        ] GC(1384) DefNew: 566542K->6296K(629120K)
[2124.730s][info][gc,heap        ] GC(1384) Tenured: 61474K->61934K(1398144K)
[2124.730s][info][gc,metaspace   ] GC(1384) Metaspace: 90910K(98224K)->90910K(98224K) NonClass: 79541K(83632K)->79541K(83632K) Class: 11369K(14592K)->11369K(14592K)
[2124.730s][info][gc             ] GC(1384) Pause Young (Allocation Failure) 613M->66M(1979M) 6.822ms
[2124.730s][info][gc,cpu         ] GC(1384) User=0.00s Sys=0.00s Real=0.01s
[2126.592s][info][gc,start       ] GC(1385) Pause Young (Allocation Failure)
[2126.602s][info][gc,heap        ] GC(1385) DefNew: 565528K->9759K(629120K)
[2126.602s][info][gc,heap        ] GC(1385) Tenured: 61934K->62140K(1398144K)
[2126.602s][info][gc,metaspace   ] GC(1385) Metaspace: 90910K(98224K)->90910K(98224K) NonClass: 79541K(83632K)->79541K(83632K) Class: 11369K(14592K)->11369K(14592K)
[2126.602s][info][gc             ] GC(1385) Pause Young (Allocation Failure) 612M->70M(1979M) 10.138ms
[2126.602s][info][gc,cpu         ] GC(1385) User=0.02s Sys=0.00s Real=0.01s
[2127.227s][info][gc,start       ] GC(1386) Pause Young (Allocation Failure)
[2127.237s][info][gc,heap        ] GC(1386) DefNew: 564953K->16957K(629120K)
[2127.237s][info][gc,heap        ] GC(1386) Tenured: 62140K->62326K(1398144K)
[2127.237s][info][gc,metaspace   ] GC(1386) Metaspace: 90910K(98224K)->90910K(98224K) NonClass: 79541K(83632K)->79541K(83632K) Class: 11369K(14592K)->11369K(14592K)
[2127.237s][info][gc             ] GC(1386) Pause Young (Allocation Failure) 612M->77M(1979M) 9.580ms
[2127.237s][info][gc,cpu         ] GC(1386) User=0.00s Sys=0.00s Real=0.01s
[2128.616s][info][gc,start       ] GC(1387) Pause Young (GCLocker Initiated GC)
[2128.624s][info][gc,heap        ] GC(1387) DefNew: 576223K->9901K(629120K)
[2128.624s][info][gc,heap        ] GC(1387) Tenured: 62326K->62476K(1398144K)
[2128.624s][info][gc,metaspace   ] GC(1387) Metaspace: 90910K(98224K)->90910K(98224K) NonClass: 79541K(83632K)->79541K(83632K) Class: 11369K(14592K)->11369K(14592K)
[2128.624s][info][gc             ] GC(1387) Pause Young (GCLocker Initiated GC) 623M->70M(1979M) 8.384ms
[2128.624s][info][gc,cpu         ] GC(1387) User=0.00s Sys=0.00s Real=0.01s
[2130.550s][info][gc,start       ] GC(1388) Pause Young (Allocation Failure)
[2130.559s][info][gc,heap        ] GC(1388) DefNew: 568235K->7842K(629120K)
[2130.559s][info][gc,heap        ] GC(1388) Tenured: 62476K->62541K(1398144K)
[2130.559s][info][gc,metaspace   ] GC(1388) Metaspace: 90910K(98224K)->90910K(98224K) NonClass: 79541K(83632K)->79541K(83632K) Class: 11369K(14592K)->11369K(14592K)
[2130.559s][info][gc             ] GC(1388) Pause Young (Allocation Failure) 615M->68M(1979M) 9.572ms
[2130.559s][info][gc,cpu         ] GC(1388) User=0.02s Sys=0.00s Real=0.01s
[2131.119s][info][gc,start       ] GC(1389) Pause Young (Allocation Failure)
[2131.127s][info][gc,heap        ] GC(1389) DefNew: 565014K->8568K(629120K)
[2131.127s][info][gc,heap        ] GC(1389) Tenured: 62541K->62722K(1398144K)
[2131.127s][info][gc,metaspace   ] GC(1389) Metaspace: 90910K(98224K)->90910K(98224K) NonClass: 79541K(83632K)->79541K(83632K) Class: 11369K(14592K)->11369K(14592K)
[2131.127s][info][gc             ] GC(1389) Pause Young (Allocation Failure) 612M->69M(1979M) 7.865ms
[2131.127s][info][gc,cpu         ] GC(1389) User=0.00s Sys=0.00s Real=0.01s
[2132.781s][info][gc,start       ] GC(1390) Pause Young (Allocation Failure)
[2132.787s][info][gc,heap        ] GC(1390) DefNew: 567777K->5680K(629120K)
[2132.787s][info][gc,heap        ] GC(1390) Tenured: 62722K->62864K(1398144K)
[2132.787s][info][gc,metaspace   ] GC(1390) Metaspace: 90910K(98224K)->90910K(98224K) NonClass: 79541K(83632K)->79541K(83632K) Class: 11369K(14592K)->11369K(14592K)
[2132.787s][info][gc             ] GC(1390) Pause Young (Allocation Failure) 615M->66M(1979M) 6.507ms
[2132.787s][info][gc,cpu         ] GC(1390) User=0.00s Sys=0.00s Real=0.01s
[2134.692s][info][gc,start       ] GC(1391) Pause Young (Allocation Failure)
[2134.700s][info][gc,heap        ] GC(1391) DefNew: 564912K->7857K(629120K)
[2134.700s][info][gc,heap        ] GC(1391) Tenured: 62864K->63029K(1398144K)
[2134.700s][info][gc,metaspace   ] GC(1391) Metaspace: 90910K(98224K)->90910K(98224K) NonClass: 79541K(83632K)->79541K(83632K) Class: 11369K(14592K)->11369K(14592K)
[2134.700s][info][gc             ] GC(1391) Pause Young (Allocation Failure) 613M->69M(1979M) 8.754ms
[2134.700s][info][gc,cpu         ] GC(1391) User=0.00s Sys=0.00s Real=0.01s
[2135.145s][info][gc,start       ] GC(1392) Pause Young (Allocation Failure)
[2135.153s][info][gc,heap        ] GC(1392) DefNew: 566733K->8581K(629120K)
[2135.153s][info][gc,heap        ] GC(1392) Tenured: 63029K->63146K(1398144K)
[2135.153s][info][gc,metaspace   ] GC(1392) Metaspace: 90910K(98224K)->90910K(98224K) NonClass: 79541K(83632K)->79541K(83632K) Class: 11369K(14592K)->11369K(14592K)
[2135.153s][info][gc             ] GC(1392) Pause Young (Allocation Failure) 615M->70M(1979M) 7.594ms
[2135.153s][info][gc,cpu         ] GC(1392) User=0.00s Sys=0.00s Real=0.01s
[2136.663s][info][gc,start       ] GC(1393) Pause Young (Allocation Failure)
[2136.670s][info][gc,heap        ] GC(1393) DefNew: 567813K->7528K(629120K)
[2136.670s][info][gc,heap        ] GC(1393) Tenured: 63146K->63259K(1398144K)
[2136.670s][info][gc,metaspace   ] GC(1393) Metaspace: 90910K(98224K)->90910K(98224K) NonClass: 79541K(83632K)->79541K(83632K) Class: 11369K(14592K)->11369K(14592K)
[2136.670s][info][gc             ] GC(1393) Pause Young (Allocation Failure) 616M->69M(1979M) 7.495ms
[2136.670s][info][gc,cpu         ] GC(1393) User=0.00s Sys=0.00s Real=0.01s
[2138.433s][info][gc,start       ] GC(1394) Pause Young (Allocation Failure)
[2138.443s][info][gc,heap        ] GC(1394) DefNew: 566760K->8582K(629120K)
[2138.443s][info][gc,heap        ] GC(1394) Tenured: 63259K->63418K(1398144K)
[2138.443s][info][gc,metaspace   ] GC(1394) Metaspace: 90910K(98224K)->90910K(98224K) NonClass: 79541K(83632K)->79541K(83632K) Class: 11369K(14592K)->11369K(14592K)
[2138.443s][info][gc             ] GC(1394) Pause Young (Allocation Failure) 615M->70M(1979M) 9.893ms
[2138.443s][info][gc,cpu         ] GC(1394) User=0.00s Sys=0.00s Real=0.01s
[2138.929s][info][gc,start       ] GC(1395) Pause Young (Allocation Failure)
[2138.937s][info][gc,heap        ] GC(1395) DefNew: 566566K->13150K(629120K)
[2138.937s][info][gc,heap        ] GC(1395) Tenured: 63418K->63605K(1398144K)
[2138.937s][info][gc,metaspace   ] GC(1395) Metaspace: 90910K(98224K)->90910K(98224K) NonClass: 79541K(83632K)->79541K(83632K) Class: 11369K(14592K)->11369K(14592K)
[2138.937s][info][gc             ] GC(1395) Pause Young (Allocation Failure) 615M->74M(1979M) 8.473ms
[2138.937s][info][gc,cpu         ] GC(1395) User=0.00s Sys=0.00s Real=0.01s
[2140.506s][info][gc,start       ] GC(1396) Pause Young (Allocation Failure)
[2140.513s][info][gc,heap        ] GC(1396) DefNew: 571035K->5670K(629120K)
[2140.513s][info][gc,heap        ] GC(1396) Tenured: 63605K->63725K(1398144K)
[2140.513s][info][gc,metaspace   ] GC(1396) Metaspace: 90910K(98224K)->90910K(98224K) NonClass: 79541K(83632K)->79541K(83632K) Class: 11369K(14592K)->11369K(14592K)
[2140.513s][info][gc             ] GC(1396) Pause Young (Allocation Failure) 619M->67M(1979M) 6.543ms
[2140.513s][info][gc,cpu         ] GC(1396) User=0.00s Sys=0.00s Real=0.01s
[2142.435s][info][gc,start       ] GC(1397) Pause Young (Allocation Failure)
[2142.446s][info][gc,heap        ] GC(1397) DefNew: 564902K->8596K(629120K)
[2142.446s][info][gc,heap        ] GC(1397) Tenured: 63725K->63808K(1398144K)
[2142.446s][info][gc,metaspace   ] GC(1397) Metaspace: 90910K(98224K)->90910K(98224K) NonClass: 79541K(83632K)->79541K(83632K) Class: 11369K(14592K)->11369K(14592K)
[2142.446s][info][gc             ] GC(1397) Pause Young (Allocation Failure) 613M->70M(1979M) 11.184ms
[2142.447s][info][gc,cpu         ] GC(1397) User=0.00s Sys=0.00s Real=0.01s
[2143.190s][info][gc,start       ] GC(1398) Pause Young (Allocation Failure)
[2143.199s][info][gc,heap        ] GC(1398) DefNew: 567828K->7494K(629120K)
[2143.199s][info][gc,heap        ] GC(1398) Tenured: 63808K->63999K(1398144K)
[2143.199s][info][gc,metaspace   ] GC(1398) Metaspace: 90910K(98224K)->90910K(98224K) NonClass: 79541K(83632K)->79541K(83632K) Class: 11369K(14592K)->11369K(14592K)
[2143.199s][info][gc             ] GC(1398) Pause Young (Allocation Failure) 616M->69M(1979M) 8.876ms
[2143.199s][info][gc,cpu         ] GC(1398) User=0.00s Sys=0.00s Real=0.01s
[2143.205s][info][gc,start       ] GC(1399) Pause Full (System.gc())
[2143.207s][info][gc,phases,start] GC(1399) Phase 1: Mark live objects
[2143.261s][info][gc,phases      ] GC(1399) Phase 1: Mark live objects 53.980ms
[2143.261s][info][gc,phases,start] GC(1399) Phase 2: Compute new object addresses
[2143.274s][info][gc,phases      ] GC(1399) Phase 2: Compute new object addresses 12.348ms
[2143.274s][info][gc,phases,start] GC(1399) Phase 3: Adjust pointers
[2143.305s][info][gc,phases      ] GC(1399) Phase 3: Adjust pointers 31.664ms
[2143.305s][info][gc,phases,start] GC(1399) Phase 4: Move objects
[2143.307s][info][gc,phases      ] GC(1399) Phase 4: Move objects 1.202ms
[2143.307s][info][gc,heap        ] GC(1399) DefNew: 28477K->0K(629120K)
[2143.307s][info][gc,heap        ] GC(1399) Tenured: 63999K->69802K(1398144K)
[2143.307s][info][gc,metaspace   ] GC(1399) Metaspace: 90910K(98224K)->90910K(98224K) NonClass: 79541K(83632K)->79541K(83632K) Class: 11369K(14592K)->11369K(14592K)
[2143.308s][info][gc             ] GC(1399) Pause Full (System.gc()) 90M->68M(1979M) 102.501ms
[2143.308s][info][gc,cpu         ] GC(1399) User=0.05s Sys=0.00s Real=0.10s
[2143.813s][info][gc,start       ] GC(1400) Pause Young (Allocation Failure)
[2143.816s][info][gc,heap        ] GC(1400) DefNew: 559232K->3059K(629120K)
[2143.816s][info][gc,heap        ] GC(1400) Tenured: 69802K->69802K(1398144K)
[2143.816s][info][gc,metaspace   ] GC(1400) Metaspace: 90910K(98224K)->90910K(98224K) NonClass: 79541K(83632K)->79541K(83632K) Class: 11369K(14592K)->11369K(14592K)
[2143.816s][info][gc             ] GC(1400) Pause Young (Allocation Failure) 614M->71M(1979M) 3.617ms
[2143.816s][info][gc,cpu         ] GC(1400) User=0.02s Sys=0.00s Real=0.00s
[2145.858s][info][gc,start       ] GC(1401) Pause Young (Allocation Failure)
[2145.862s][info][gc,heap        ] GC(1401) DefNew: 560531K->4390K(629120K)
[2145.862s][info][gc,heap        ] GC(1401) Tenured: 69802K->69802K(1398144K)
[2145.862s][info][gc,metaspace   ] GC(1401) Metaspace: 90910K(98224K)->90910K(98224K) NonClass: 79541K(83632K)->79541K(83632K) Class: 11369K(14592K)->11369K(14592K)
[2145.862s][info][gc             ] GC(1401) Pause Young (Allocation Failure) 615M->72M(1979M) 4.597ms
[2145.862s][info][gc,cpu         ] GC(1401) User=0.00s Sys=0.00s Real=0.01s
[2147.894s][info][gc,start       ] GC(1402) Pause Young (Allocation Failure)
[2147.899s][info][gc,heap        ] GC(1402) DefNew: 562951K->5021K(629120K)
[2147.899s][info][gc,heap        ] GC(1402) Tenured: 69802K->69802K(1398144K)
[2147.899s][info][gc,metaspace   ] GC(1402) Metaspace: 90910K(98224K)->90910K(98224K) NonClass: 79541K(83632K)->79541K(83632K) Class: 11369K(14592K)->11369K(14592K)
[2147.899s][info][gc             ] GC(1402) Pause Young (Allocation Failure) 617M->73M(1979M) 5.550ms
[2147.899s][info][gc,cpu         ] GC(1402) User=0.00s Sys=0.00s Real=0.01s
[2149.707s][info][gc,start       ] GC(1403) Pause Young (Allocation Failure)
[2149.714s][info][gc,heap        ] GC(1403) DefNew: 564253K->6479K(629120K)
[2149.714s][info][gc,heap        ] GC(1403) Tenured: 69802K->69802K(1398144K)
[2149.714s][info][gc,metaspace   ] GC(1403) Metaspace: 90910K(98224K)->90910K(98224K) NonClass: 79541K(83632K)->79541K(83632K) Class: 11369K(14592K)->11369K(14592K)
[2149.714s][info][gc             ] GC(1403) Pause Young (Allocation Failure) 619M->74M(1979M) 6.807ms
[2149.714s][info][gc,cpu         ] GC(1403) User=0.00s Sys=0.00s Real=0.01s
[2150.194s][info][gc,start       ] GC(1404) Pause Young (Allocation Failure)
[2150.200s][info][gc,heap        ] GC(1404) DefNew: 563969K->12388K(629120K)
[2150.201s][info][gc,heap        ] GC(1404) Tenured: 69802K->69802K(1398144K)
[2150.201s][info][gc,metaspace   ] GC(1404) Metaspace: 90910K(98224K)->90910K(98224K) NonClass: 79541K(83632K)->79541K(83632K) Class: 11369K(14592K)->11369K(14592K)
[2150.201s][info][gc             ] GC(1404) Pause Young (Allocation Failure) 618M->80M(1979M) 6.692ms
[2150.201s][info][gc,cpu         ] GC(1404) User=0.00s Sys=0.00s Real=0.01s
[2151.709s][info][gc,start       ] GC(1405) Pause Young (Allocation Failure)
[2151.715s][info][gc,heap        ] GC(1405) DefNew: 571620K->5938K(629120K)
[2151.716s][info][gc,heap        ] GC(1405) Tenured: 69802K->69802K(1398144K)
[2151.716s][info][gc,metaspace   ] GC(1405) Metaspace: 90910K(98224K)->90910K(98224K) NonClass: 79541K(83632K)->79541K(83632K) Class: 11369K(14592K)->11369K(14592K)
[2151.716s][info][gc             ] GC(1405) Pause Young (Allocation Failure) 626M->73M(1979M) 6.616ms
[2151.716s][info][gc,cpu         ] GC(1405) User=0.00s Sys=0.00s Real=0.01s
[2153.822s][info][gc,start       ] GC(1406) Pause Young (Allocation Failure)
[2153.827s][info][gc,heap        ] GC(1406) DefNew: 565170K->5314K(629120K)
[2153.828s][info][gc,heap        ] GC(1406) Tenured: 69802K->69802K(1398144K)
[2153.828s][info][gc,metaspace   ] GC(1406) Metaspace: 90910K(98224K)->90910K(98224K) NonClass: 79541K(83632K)->79541K(83632K) Class: 11369K(14592K)->11369K(14592K)
[2153.828s][info][gc             ] GC(1406) Pause Young (Allocation Failure) 620M->73M(1979M) 5.199ms
[2153.828s][info][gc,cpu         ] GC(1406) User=0.00s Sys=0.00s Real=0.01s
[2156.415s][info][gc,start       ] GC(1407) Pause Young (Allocation Failure)
[2156.421s][info][gc,heap        ] GC(1407) DefNew: 564546K->5503K(629120K)
[2156.421s][info][gc,heap        ] GC(1407) Tenured: 69802K->69802K(1398144K)
[2156.421s][info][gc,metaspace   ] GC(1407) Metaspace: 90910K(98224K)->90910K(98224K) NonClass: 79541K(83632K)->79541K(83632K) Class: 11369K(14592K)->11369K(14592K)
[2156.421s][info][gc             ] GC(1407) Pause Young (Allocation Failure) 619M->73M(1979M) 5.597ms
[2156.421s][info][gc,cpu         ] GC(1407) User=0.00s Sys=0.00s Real=0.01s
[2157.069s][info][gc,start       ] GC(1408) Pause Young (Allocation Failure)
[2157.077s][info][gc,heap        ] GC(1408) DefNew: 564735K->11529K(629120K)
[2157.077s][info][gc,heap        ] GC(1408) Tenured: 69802K->69802K(1398144K)
[2157.077s][info][gc,metaspace   ] GC(1408) Metaspace: 90910K(98224K)->90910K(98224K) NonClass: 79541K(83632K)->79541K(83632K) Class: 11369K(14592K)->11369K(14592K)
[2157.077s][info][gc             ] GC(1408) Pause Young (Allocation Failure) 619M->79M(1979M) 7.997ms
[2157.078s][info][gc,cpu         ] GC(1408) User=0.00s Sys=0.00s Real=0.01s
[2157.842s][info][gc,start       ] GC(1409) Pause Young (Allocation Failure)
[2157.848s][info][gc,heap        ] GC(1409) DefNew: 570565K->5210K(629120K)
[2157.848s][info][gc,heap        ] GC(1409) Tenured: 69802K->69802K(1398144K)
[2157.848s][info][gc,metaspace   ] GC(1409) Metaspace: 90910K(98224K)->90910K(98224K) NonClass: 79541K(83632K)->79541K(83632K) Class: 11369K(14592K)->11369K(14592K)
[2157.848s][info][gc             ] GC(1409) Pause Young (Allocation Failure) 625M->73M(1979M) 5.995ms
[2157.848s][info][gc,cpu         ] GC(1409) User=0.00s Sys=0.00s Real=0.01s
[2160.451s][info][gc,start       ] GC(1410) Pause Young (Allocation Failure)
[2160.458s][info][gc,heap        ] GC(1410) DefNew: 564442K->6725K(629120K)
[2160.458s][info][gc,heap        ] GC(1410) Tenured: 69802K->69802K(1398144K)
[2160.458s][info][gc,metaspace   ] GC(1410) Metaspace: 90910K(98224K)->90910K(98224K) NonClass: 79541K(83632K)->79541K(83632K) Class: 11369K(14592K)->11369K(14592K)
[2160.458s][info][gc             ] GC(1410) Pause Young (Allocation Failure) 619M->74M(1979M) 6.694ms
[2160.458s][info][gc,cpu         ] GC(1410) User=0.00s Sys=0.00s Real=0.01s
[2162.515s][info][gc,start       ] GC(1411) Pause Young (Allocation Failure)
[2162.521s][info][gc,heap        ] GC(1411) DefNew: 563613K->6317K(629120K)
[2162.521s][info][gc,heap        ] GC(1411) Tenured: 69802K->69802K(1398144K)
[2162.521s][info][gc,metaspace   ] GC(1411) Metaspace: 90910K(98224K)->90910K(98224K) NonClass: 79541K(83632K)->79541K(83632K) Class: 11369K(14592K)->11369K(14592K)
[2162.521s][info][gc             ] GC(1411) Pause Young (Allocation Failure) 618M->74M(1979M) 6.435ms
[2162.521s][info][gc,cpu         ] GC(1411) User=0.00s Sys=0.00s Real=0.01s
[2163.866s][info][gc,start       ] GC(1412) Pause Young (Allocation Failure)
[2163.886s][info][gc,heap        ] GC(1412) DefNew: 565549K->11980K(629120K)
[2163.886s][info][gc,heap        ] GC(1412) Tenured: 69802K->69802K(1398144K)
[2163.886s][info][gc,metaspace   ] GC(1412) Metaspace: 90910K(98224K)->90910K(98224K) NonClass: 79541K(83632K)->79541K(83632K) Class: 11369K(14592K)->11369K(14592K)
[2163.886s][info][gc             ] GC(1412) Pause Young (Allocation Failure) 620M->79M(1979M) 19.729ms
[2163.886s][info][gc,cpu         ] GC(1412) User=0.00s Sys=0.00s Real=0.02s
[2164.412s][info][gc,start       ] GC(1413) Pause Young (Allocation Failure)
[2164.418s][info][gc,heap        ] GC(1413) DefNew: 567904K->8635K(629120K)
[2164.418s][info][gc,heap        ] GC(1413) Tenured: 69802K->69802K(1398144K)
[2164.418s][info][gc,metaspace   ] GC(1413) Metaspace: 90910K(98224K)->90910K(98224K) NonClass: 79541K(83632K)->79541K(83632K) Class: 11369K(14592K)->11369K(14592K)
[2164.418s][info][gc             ] GC(1413) Pause Young (Allocation Failure) 622M->76M(1979M) 6.657ms
[2164.418s][info][gc,cpu         ] GC(1413) User=0.00s Sys=0.00s Real=0.01s
[2166.458s][info][gc,start       ] GC(1414) Pause Young (GCLocker Initiated GC)
[2166.466s][info][gc,heap        ] GC(1414) DefNew: 567867K->7855K(629120K)
[2166.467s][info][gc,heap        ] GC(1414) Tenured: 69802K->69802K(1398144K)
[2166.467s][info][gc,metaspace   ] GC(1414) Metaspace: 90910K(98224K)->90910K(98224K) NonClass: 79541K(83632K)->79541K(83632K) Class: 11369K(14592K)->11369K(14592K)
[2166.467s][info][gc             ] GC(1414) Pause Young (GCLocker Initiated GC) 622M->75M(1979M) 8.618ms
[2166.467s][info][gc,cpu         ] GC(1414) User=0.00s Sys=0.00s Real=0.01s
[2168.524s][info][gc,start       ] GC(1415) Pause Young (Allocation Failure)
[2168.531s][info][gc,heap        ] GC(1415) DefNew: 565427K->6300K(629120K)
[2168.531s][info][gc,heap        ] GC(1415) Tenured: 69802K->70265K(1398144K)
[2168.531s][info][gc,metaspace   ] GC(1415) Metaspace: 90910K(98224K)->90910K(98224K) NonClass: 79541K(83632K)->79541K(83632K) Class: 11369K(14592K)->11369K(14592K)
[2168.531s][info][gc             ] GC(1415) Pause Young (Allocation Failure) 620M->74M(1979M) 6.902ms
[2168.531s][info][gc,cpu         ] GC(1415) User=0.00s Sys=0.00s Real=0.01s
[2170.375s][info][gc,start       ] GC(1416) Pause Young (Allocation Failure)
[2170.385s][info][gc,heap        ] GC(1416) DefNew: 565532K->10606K(629120K)
[2170.385s][info][gc,heap        ] GC(1416) Tenured: 70265K->70452K(1398144K)
[2170.385s][info][gc,metaspace   ] GC(1416) Metaspace: 90910K(98224K)->90910K(98224K) NonClass: 79541K(83632K)->79541K(83632K) Class: 11369K(14592K)->11369K(14592K)
[2170.385s][info][gc             ] GC(1416) Pause Young (Allocation Failure) 620M->79M(1979M) 10.817ms
[2170.385s][info][gc,cpu         ] GC(1416) User=0.05s Sys=0.00s Real=0.01s
[2171.023s][info][gc,start       ] GC(1417) Pause Young (Allocation Failure)
[2171.031s][info][gc,heap        ] GC(1417) DefNew: 566795K->13197K(629120K)
[2171.031s][info][gc,heap        ] GC(1417) Tenured: 70452K->70636K(1398144K)
[2171.031s][info][gc,metaspace   ] GC(1417) Metaspace: 90910K(98224K)->90910K(98224K) NonClass: 79541K(83632K)->79541K(83632K) Class: 11369K(14592K)->11369K(14592K)
[2171.031s][info][gc             ] GC(1417) Pause Young (Allocation Failure) 622M->81M(1979M) 7.948ms
[2171.031s][info][gc,cpu         ] GC(1417) User=0.00s Sys=0.00s Real=0.01s
[2172.446s][info][gc,start       ] GC(1418) Pause Young (GCLocker Initiated GC)
[2172.454s][info][gc,heap        ] GC(1418) DefNew: 572463K->9029K(629120K)
[2172.454s][info][gc,heap        ] GC(1418) Tenured: 70636K->70786K(1398144K)
[2172.454s][info][gc,metaspace   ] GC(1418) Metaspace: 90910K(98224K)->90910K(98224K) NonClass: 79541K(83632K)->79541K(83632K) Class: 11369K(14592K)->11369K(14592K)
[2172.454s][info][gc             ] GC(1418) Pause Young (GCLocker Initiated GC) 628M->77M(1979M) 8.097ms
[2172.454s][info][gc,cpu         ] GC(1418) User=0.00s Sys=0.00s Real=0.01s
[2174.432s][info][gc,start       ] GC(1419) Pause Young (Allocation Failure)
[2174.440s][info][gc,heap        ] GC(1419) DefNew: 568059K->7590K(629120K)
[2174.440s][info][gc,heap        ] GC(1419) Tenured: 70786K->70929K(1398144K)
[2174.440s][info][gc,metaspace   ] GC(1419) Metaspace: 90910K(98224K)->90910K(98224K) NonClass: 79541K(83632K)->79541K(83632K) Class: 11369K(14592K)->11369K(14592K)
[2174.440s][info][gc             ] GC(1419) Pause Young (Allocation Failure) 623M->76M(1979M) 8.400ms
[2174.440s][info][gc,cpu         ] GC(1419) User=0.00s Sys=0.00s Real=0.01s
[2174.958s][info][gc,start       ] GC(1420) Pause Young (Allocation Failure)
[2174.966s][info][gc,heap        ] GC(1420) DefNew: 563396K->13607K(629120K)
[2174.966s][info][gc,heap        ] GC(1420) Tenured: 70929K->71108K(1398144K)
[2174.966s][info][gc,metaspace   ] GC(1420) Metaspace: 90910K(98224K)->90910K(98224K) NonClass: 79541K(83632K)->79541K(83632K) Class: 11369K(14592K)->11369K(14592K)
[2174.966s][info][gc             ] GC(1420) Pause Young (Allocation Failure) 619M->82M(1979M) 7.909ms
[2174.966s][info][gc,cpu         ] GC(1420) User=0.00s Sys=0.00s Real=0.01s
[2176.566s][info][gc,start       ] GC(1421) Pause Young (Allocation Failure)
[2176.573s][info][gc,heap        ] GC(1421) DefNew: 572839K->6006K(629120K)
[2176.573s][info][gc,heap        ] GC(1421) Tenured: 71108K->71250K(1398144K)
[2176.573s][info][gc,metaspace   ] GC(1421) Metaspace: 90910K(98224K)->90910K(98224K) NonClass: 79541K(83632K)->79541K(83632K) Class: 11369K(14592K)->11369K(14592K)
[2176.573s][info][gc             ] GC(1421) Pause Young (Allocation Failure) 628M->75M(1979M) 6.952ms
[2176.573s][info][gc,cpu         ] GC(1421) User=0.00s Sys=0.00s Real=0.01s
[2178.470s][info][gc,start       ] GC(1422) Pause Young (Allocation Failure)
[2178.479s][info][gc,heap        ] GC(1422) DefNew: 565238K->7992K(629120K)
[2178.479s][info][gc,heap        ] GC(1422) Tenured: 71250K->71414K(1398144K)
[2178.479s][info][gc,metaspace   ] GC(1422) Metaspace: 90910K(98224K)->90910K(98224K) NonClass: 79541K(83632K)->79541K(83632K) Class: 11369K(14592K)->11369K(14592K)
[2178.479s][info][gc             ] GC(1422) Pause Young (Allocation Failure) 621M->77M(1979M) 8.787ms
[2178.479s][info][gc,cpu         ] GC(1422) User=0.00s Sys=0.00s Real=0.01s
[2178.926s][info][gc,start       ] GC(1423) Pause Young (Allocation Failure)
[2178.934s][info][gc,heap        ] GC(1423) DefNew: 563505K->8547K(629120K)
[2178.934s][info][gc,heap        ] GC(1423) Tenured: 71414K->71532K(1398144K)
[2178.934s][info][gc,metaspace   ] GC(1423) Metaspace: 90910K(98224K)->90910K(98224K) NonClass: 79541K(83632K)->79541K(83632K) Class: 11369K(14592K)->11369K(14592K)
[2178.934s][info][gc             ] GC(1423) Pause Young (Allocation Failure) 620M->78M(1979M) 8.050ms
[2178.934s][info][gc,cpu         ] GC(1423) User=0.00s Sys=0.00s Real=0.01s
[2180.486s][info][gc,start       ] GC(1424) Pause Young (Allocation Failure)
[2180.494s][info][gc,heap        ] GC(1424) DefNew: 567779K->7661K(629120K)
[2180.494s][info][gc,heap        ] GC(1424) Tenured: 71532K->71689K(1398144K)
[2180.494s][info][gc,metaspace   ] GC(1424) Metaspace: 90910K(98224K)->90910K(98224K) NonClass: 79541K(83632K)->79541K(83632K) Class: 11369K(14592K)->11369K(14592K)
[2180.494s][info][gc             ] GC(1424) Pause Young (Allocation Failure) 624M->77M(1979M) 8.296ms
[2180.494s][info][gc,cpu         ] GC(1424) User=0.00s Sys=0.00s Real=0.01s
[2182.309s][info][gc,start       ] GC(1425) Pause Young (Allocation Failure)
[2182.318s][info][gc,heap        ] GC(1425) DefNew: 566893K->8609K(629120K)
[2182.318s][info][gc,heap        ] GC(1425) Tenured: 71689K->71804K(1398144K)
[2182.318s][info][gc,metaspace   ] GC(1425) Metaspace: 90910K(98224K)->90910K(98224K) NonClass: 79541K(83632K)->79541K(83632K) Class: 11369K(14592K)->11369K(14592K)
[2182.318s][info][gc             ] GC(1425) Pause Young (Allocation Failure) 623M->78M(1979M) 9.383ms
[2182.318s][info][gc,cpu         ] GC(1425) User=0.00s Sys=0.00s Real=0.01s
[2182.801s][info][gc,start       ] GC(1426) Pause Young (Allocation Failure)
[2182.810s][info][gc,heap        ] GC(1426) DefNew: 566729K->13790K(629120K)
[2182.810s][info][gc,heap        ] GC(1426) Tenured: 71804K->71991K(1398144K)
[2182.810s][info][gc,metaspace   ] GC(1426) Metaspace: 90910K(98224K)->90910K(98224K) NonClass: 79541K(83632K)->79541K(83632K) Class: 11369K(14592K)->11369K(14592K)
[2182.810s][info][gc             ] GC(1426) Pause Young (Allocation Failure) 623M->83M(1979M) 8.711ms
[2182.810s][info][gc,cpu         ] GC(1426) User=0.00s Sys=0.00s Real=0.01s
[2184.445s][info][gc,start       ] GC(1427) Pause Young (Allocation Failure)
[2184.452s][info][gc,heap        ] GC(1427) DefNew: 572597K->5734K(629120K)
[2184.452s][info][gc,heap        ] GC(1427) Tenured: 71991K->72108K(1398144K)
[2184.452s][info][gc,metaspace   ] GC(1427) Metaspace: 90910K(98224K)->90910K(98224K) NonClass: 79541K(83632K)->79541K(83632K) Class: 11369K(14592K)->11369K(14592K)
[2184.452s][info][gc             ] GC(1427) Pause Young (Allocation Failure) 629M->76M(1979M) 7.211ms
[2184.452s][info][gc,cpu         ] GC(1427) User=0.00s Sys=0.00s Real=0.01s
[2186.349s][info][gc,start       ] GC(1428) Pause Young (GCLocker Initiated GC)
[2186.360s][info][gc,heap        ] GC(1428) DefNew: 564974K->8368K(629120K)
[2186.360s][info][gc,heap        ] GC(1428) Tenured: 72108K->72192K(1398144K)
[2186.360s][info][gc,metaspace   ] GC(1428) Metaspace: 90910K(98224K)->90910K(98224K) NonClass: 79541K(83632K)->79541K(83632K) Class: 11369K(14592K)->11369K(14592K)
[2186.360s][info][gc             ] GC(1428) Pause Young (GCLocker Initiated GC) 622M->78M(1979M) 10.189ms
[2186.360s][info][gc,cpu         ] GC(1428) User=0.00s Sys=0.00s Real=0.01s
[2187.061s][info][gc,start       ] GC(1429) Pause Young (Allocation Failure)
[2187.070s][info][gc,heap        ] GC(1429) DefNew: 567600K->7554K(629120K)
[2187.070s][info][gc,heap        ] GC(1429) Tenured: 72192K->72381K(1398144K)
[2187.070s][info][gc,metaspace   ] GC(1429) Metaspace: 90910K(98224K)->90910K(98224K) NonClass: 79541K(83632K)->79541K(83632K) Class: 11369K(14592K)->11369K(14592K)
[2187.070s][info][gc             ] GC(1429) Pause Young (Allocation Failure) 624M->78M(1979M) 8.606ms
[2187.070s][info][gc,cpu         ] GC(1429) User=0.00s Sys=0.00s Real=0.01s
[2187.096s][info][gc,start       ] GC(1430) Pause Full (System.gc())
[2187.100s][info][gc,phases,start] GC(1430) Phase 1: Mark live objects
[2187.153s][info][gc,phases      ] GC(1430) Phase 1: Mark live objects 52.585ms
[2187.153s][info][gc,phases,start] GC(1430) Phase 2: Compute new object addresses
[2187.166s][info][gc,phases      ] GC(1430) Phase 2: Compute new object addresses 13.023ms
[2187.166s][info][gc,phases,start] GC(1430) Phase 3: Adjust pointers
[2187.196s][info][gc,phases      ] GC(1430) Phase 3: Adjust pointers 30.640ms
[2187.197s][info][gc,phases,start] GC(1430) Phase 4: Move objects
[2187.197s][info][gc,phases      ] GC(1430) Phase 4: Move objects 0.548ms
[2187.198s][info][gc,heap        ] GC(1430) DefNew: 32174K->0K(629120K)
[2187.198s][info][gc,heap        ] GC(1430) Tenured: 72381K->74693K(1398144K)
[2187.198s][info][gc,metaspace   ] GC(1430) Metaspace: 90910K(98224K)->90910K(98224K) NonClass: 79541K(83632K)->79541K(83632K) Class: 11369K(14592K)->11369K(14592K)
[2187.198s][info][gc             ] GC(1430) Pause Full (System.gc()) 102M->72M(1979M) 102.271ms
[2187.198s][info][gc,cpu         ] GC(1430) User=0.11s Sys=0.00s Real=0.10s
[2187.692s][info][gc,start       ] GC(1431) Pause Young (Allocation Failure)
[2187.696s][info][gc,heap        ] GC(1431) DefNew: 558413K->3058K(629120K)
[2187.696s][info][gc,heap        ] GC(1431) Tenured: 74693K->74693K(1398144K)
[2187.696s][info][gc,metaspace   ] GC(1431) Metaspace: 90910K(98224K)->90910K(98224K) NonClass: 79541K(83632K)->79541K(83632K) Class: 11369K(14592K)->11369K(14592K)
[2187.696s][info][gc             ] GC(1431) Pause Young (Allocation Failure) 618M->75M(1979M) 3.393ms
[2187.696s][info][gc,cpu         ] GC(1431) User=0.00s Sys=0.00s Real=0.00s
[2189.737s][info][gc,start       ] GC(1432) Pause Young (Allocation Failure)
[2189.742s][info][gc,heap        ] GC(1432) DefNew: 560984K->4373K(629120K)
[2189.742s][info][gc,heap        ] GC(1432) Tenured: 74693K->74693K(1398144K)
[2189.742s][info][gc,metaspace   ] GC(1432) Metaspace: 90910K(98224K)->90910K(98224K) NonClass: 79541K(83632K)->79541K(83632K) Class: 11369K(14592K)->11369K(14592K)
[2189.742s][info][gc             ] GC(1432) Pause Young (Allocation Failure) 620M->77M(1979M) 4.746ms
[2189.742s][info][gc,cpu         ] GC(1432) User=0.00s Sys=0.00s Real=0.00s
[2191.749s][info][gc,start       ] GC(1433) Pause Young (Allocation Failure)
[2191.754s][info][gc,heap        ] GC(1433) DefNew: 563080K->4945K(629120K)
[2191.754s][info][gc,heap        ] GC(1433) Tenured: 74693K->74693K(1398144K)
[2191.754s][info][gc,metaspace   ] GC(1433) Metaspace: 90910K(98224K)->90910K(98224K) NonClass: 79541K(83632K)->79541K(83632K) Class: 11369K(14592K)->11369K(14592K)
[2191.755s][info][gc             ] GC(1433) Pause Young (Allocation Failure) 622M->77M(1979M) 5.573ms
[2191.755s][info][gc,cpu         ] GC(1433) User=0.00s Sys=0.00s Real=0.01s
[2193.465s][info][gc,start       ] GC(1434) Pause Young (Allocation Failure)
[2193.473s][info][gc,heap        ] GC(1434) DefNew: 564177K->7073K(629120K)
[2193.473s][info][gc,heap        ] GC(1434) Tenured: 74693K->74693K(1398144K)
[2193.473s][info][gc,metaspace   ] GC(1434) Metaspace: 90911K(98224K)->90911K(98224K) NonClass: 79542K(83632K)->79542K(83632K) Class: 11369K(14592K)->11369K(14592K)
[2193.473s][info][gc             ] GC(1434) Pause Young (Allocation Failure) 623M->79M(1979M) 8.536ms
[2193.473s][info][gc,cpu         ] GC(1434) User=0.00s Sys=0.00s Real=0.01s
[2193.944s][info][gc,start       ] GC(1435) Pause Young (Allocation Failure)
[2193.952s][info][gc,heap        ] GC(1435) DefNew: 563440K->16462K(629120K)
[2193.952s][info][gc,heap        ] GC(1435) Tenured: 74693K->74693K(1398144K)
[2193.952s][info][gc,metaspace   ] GC(1435) Metaspace: 90911K(98224K)->90911K(98224K) NonClass: 79542K(83632K)->79542K(83632K) Class: 11369K(14592K)->11369K(14592K)
[2193.952s][info][gc             ] GC(1435) Pause Young (Allocation Failure) 623M->89M(1979M) 7.285ms
[2193.952s][info][gc,cpu         ] GC(1435) User=0.00s Sys=0.00s Real=0.01s
[2195.442s][info][gc,start       ] GC(1436) Pause Young (Allocation Failure)
[2195.448s][info][gc,heap        ] GC(1436) DefNew: 575694K->6637K(629120K)
[2195.448s][info][gc,heap        ] GC(1436) Tenured: 74693K->74693K(1398144K)
[2195.448s][info][gc,metaspace   ] GC(1436) Metaspace: 90911K(98224K)->90911K(98224K) NonClass: 79542K(83632K)->79542K(83632K) Class: 11369K(14592K)->11369K(14592K)
[2195.448s][info][gc             ] GC(1436) Pause Young (Allocation Failure) 635M->79M(1979M) 6.678ms
[2195.448s][info][gc,cpu         ] GC(1436) User=0.00s Sys=0.00s Real=0.01s
[2197.515s][info][gc,start       ] GC(1437) Pause Young (Allocation Failure)
[2197.521s][info][gc,heap        ] GC(1437) DefNew: 565869K->5130K(629120K)
[2197.521s][info][gc,heap        ] GC(1437) Tenured: 74693K->74693K(1398144K)
[2197.521s][info][gc,metaspace   ] GC(1437) Metaspace: 90911K(98224K)->90911K(98224K) NonClass: 79542K(83632K)->79542K(83632K) Class: 11369K(14592K)->11369K(14592K)
[2197.521s][info][gc             ] GC(1437) Pause Young (Allocation Failure) 625M->77M(1979M) 5.743ms
[2197.521s][info][gc,cpu         ] GC(1437) User=0.00s Sys=0.00s Real=0.01s
[2200.115s][info][gc,start       ] GC(1438) Pause Young (Allocation Failure)
[2200.121s][info][gc,heap        ] GC(1438) DefNew: 564362K->5925K(629120K)
[2200.121s][info][gc,heap        ] GC(1438) Tenured: 74693K->74693K(1398144K)
[2200.121s][info][gc,metaspace   ] GC(1438) Metaspace: 90911K(98224K)->90911K(98224K) NonClass: 79542K(83632K)->79542K(83632K) Class: 11369K(14592K)->11369K(14592K)
[2200.121s][info][gc             ] GC(1438) Pause Young (Allocation Failure) 624M->78M(1979M) 6.299ms
[2200.121s][info][gc,cpu         ] GC(1438) User=0.00s Sys=0.00s Real=0.01s
[2200.751s][info][gc,start       ] GC(1439) Pause Young (Allocation Failure)
[2200.759s][info][gc,heap        ] GC(1439) DefNew: 564609K->7297K(629120K)
[2200.759s][info][gc,heap        ] GC(1439) Tenured: 74693K->74693K(1398144K)
[2200.759s][info][gc,metaspace   ] GC(1439) Metaspace: 90911K(98224K)->90911K(98224K) NonClass: 79542K(83632K)->79542K(83632K) Class: 11369K(14592K)->11369K(14592K)
[2200.759s][info][gc             ] GC(1439) Pause Young (Allocation Failure) 624M->80M(1979M) 7.239ms
[2200.759s][info][gc,cpu         ] GC(1439) User=0.00s Sys=0.00s Real=0.01s
[2201.521s][info][gc,start       ] GC(1440) Pause Young (Allocation Failure)
[2201.527s][info][gc,heap        ] GC(1440) DefNew: 566529K->5282K(629120K)
[2201.527s][info][gc,heap        ] GC(1440) Tenured: 74693K->74693K(1398144K)
[2201.527s][info][gc,metaspace   ] GC(1440) Metaspace: 90911K(98224K)->90911K(98224K) NonClass: 79542K(83632K)->79542K(83632K) Class: 11369K(14592K)->11369K(14592K)
[2201.527s][info][gc             ] GC(1440) Pause Young (Allocation Failure) 626M->78M(1979M) 5.992ms
[2201.527s][info][gc,cpu         ] GC(1440) User=0.00s Sys=0.00s Real=0.01s
[2204.110s][info][gc,start       ] GC(1441) Pause Young (Allocation Failure)
[2204.118s][info][gc,heap        ] GC(1441) DefNew: 564514K->7200K(629120K)
[2204.118s][info][gc,heap        ] GC(1441) Tenured: 74693K->74693K(1398144K)
[2204.118s][info][gc,metaspace   ] GC(1441) Metaspace: 90911K(98224K)->90911K(98224K) NonClass: 79542K(83632K)->79542K(83632K) Class: 11369K(14592K)->11369K(14592K)
[2204.118s][info][gc             ] GC(1441) Pause Young (Allocation Failure) 624M->79M(1979M) 8.837ms
[2204.119s][info][gc,cpu         ] GC(1441) User=0.00s Sys=0.00s Real=0.01s
[2206.161s][info][gc,start       ] GC(1442) Pause Young (Allocation Failure)
[2206.167s][info][gc,heap        ] GC(1442) DefNew: 563682K->6307K(629120K)
[2206.167s][info][gc,heap        ] GC(1442) Tenured: 74693K->74693K(1398144K)
[2206.167s][info][gc,metaspace   ] GC(1442) Metaspace: 90911K(98224K)->90911K(98224K) NonClass: 79542K(83632K)->79542K(83632K) Class: 11369K(14592K)->11369K(14592K)
[2206.167s][info][gc             ] GC(1442) Pause Young (Allocation Failure) 623M->79M(1979M) 6.607ms
[2206.167s][info][gc,cpu         ] GC(1442) User=0.00s Sys=0.00s Real=0.01s
[2207.528s][info][gc,start       ] GC(1443) Pause Young (Allocation Failure)
[2207.547s][info][gc,heap        ] GC(1443) DefNew: 565539K->11722K(629120K)
[2207.547s][info][gc,heap        ] GC(1443) Tenured: 74693K->74693K(1398144K)
[2207.547s][info][gc,metaspace   ] GC(1443) Metaspace: 90911K(98224K)->90911K(98224K) NonClass: 79542K(83632K)->79542K(83632K) Class: 11369K(14592K)->11369K(14592K)
[2207.547s][info][gc             ] GC(1443) Pause Young (Allocation Failure) 625M->84M(1979M) 19.040ms
[2207.547s][info][gc,cpu         ] GC(1443) User=0.00s Sys=0.00s Real=0.02s
[2208.066s][info][gc,start       ] GC(1444) Pause Young (Allocation Failure)
[2208.072s][info][gc,heap        ] GC(1444) DefNew: 570096K->8470K(629120K)
[2208.072s][info][gc,heap        ] GC(1444) Tenured: 74693K->74693K(1398144K)
[2208.072s][info][gc,metaspace   ] GC(1444) Metaspace: 90911K(98224K)->90911K(98224K) NonClass: 79542K(83632K)->79542K(83632K) Class: 11369K(14592K)->11369K(14592K)
[2208.072s][info][gc             ] GC(1444) Pause Young (Allocation Failure) 629M->81M(1979M) 6.470ms
[2208.072s][info][gc,cpu         ] GC(1444) User=0.00s Sys=0.00s Real=0.01s
[2210.099s][info][gc,start       ] GC(1445) Pause Young (Allocation Failure)
[2210.107s][info][gc,heap        ] GC(1445) DefNew: 567702K->7880K(629120K)
[2210.107s][info][gc,heap        ] GC(1445) Tenured: 74693K->74693K(1398144K)
[2210.107s][info][gc,metaspace   ] GC(1445) Metaspace: 90911K(98224K)->90911K(98224K) NonClass: 79542K(83632K)->79542K(83632K) Class: 11369K(14592K)->11369K(14592K)
[2210.107s][info][gc             ] GC(1445) Pause Young (Allocation Failure) 627M->80M(1979M) 8.093ms
[2210.107s][info][gc,cpu         ] GC(1445) User=0.00s Sys=0.00s Real=0.01s
[2212.184s][info][gc,start       ] GC(1446) Pause Young (Allocation Failure)
[2212.191s][info][gc,heap        ] GC(1446) DefNew: 564752K->6237K(629120K)
[2212.191s][info][gc,heap        ] GC(1446) Tenured: 74693K->75157K(1398144K)
[2212.191s][info][gc,metaspace   ] GC(1446) Metaspace: 90911K(98224K)->90911K(98224K) NonClass: 79542K(83632K)->79542K(83632K) Class: 11369K(14592K)->11369K(14592K)
[2212.191s][info][gc             ] GC(1446) Pause Young (Allocation Failure) 624M->79M(1979M) 6.884ms
[2212.191s][info][gc,cpu         ] GC(1446) User=0.00s Sys=0.00s Real=0.01s
[2214.071s][info][gc,start       ] GC(1447) Pause Young (Allocation Failure)
[2214.081s][info][gc,heap        ] GC(1447) DefNew: 565469K->10961K(629120K)
[2214.081s][info][gc,heap        ] GC(1447) Tenured: 75157K->75347K(1398144K)
[2214.081s][info][gc,metaspace   ] GC(1447) Metaspace: 90911K(98224K)->90911K(98224K) NonClass: 79542K(83632K)->79542K(83632K) Class: 11369K(14592K)->11369K(14592K)
[2214.081s][info][gc             ] GC(1447) Pause Young (Allocation Failure) 625M->84M(1979M) 10.649ms
[2214.081s][info][gc,cpu         ] GC(1447) User=0.00s Sys=0.00s Real=0.01s
[2214.748s][info][gc,start       ] GC(1448) Pause Young (Allocation Failure)
[2214.755s][info][gc,heap        ] GC(1448) DefNew: 566509K->8965K(629120K)
[2214.755s][info][gc,heap        ] GC(1448) Tenured: 75347K->75531K(1398144K)
[2214.755s][info][gc,metaspace   ] GC(1448) Metaspace: 90911K(98224K)->90911K(98224K) NonClass: 79542K(83632K)->79542K(83632K) Class: 11369K(14592K)->11369K(14592K)
[2214.755s][info][gc             ] GC(1448) Pause Young (Allocation Failure) 626M->82M(1979M) 7.199ms
[2214.756s][info][gc,cpu         ] GC(1448) User=0.00s Sys=0.00s Real=0.01s
[2216.188s][info][gc,start       ] GC(1449) Pause Young (Allocation Failure)
[2216.196s][info][gc,heap        ] GC(1449) DefNew: 568197K->6102K(629120K)
[2216.196s][info][gc,heap        ] GC(1449) Tenured: 75531K->75689K(1398144K)
[2216.196s][info][gc,metaspace   ] GC(1449) Metaspace: 90911K(98224K)->90911K(98224K) NonClass: 79542K(83632K)->79542K(83632K) Class: 11369K(14592K)->11369K(14592K)
[2216.196s][info][gc             ] GC(1449) Pause Young (Allocation Failure) 628M->79M(1979M) 7.497ms
[2216.196s][info][gc,cpu         ] GC(1449) User=0.00s Sys=0.00s Real=0.01s
[2218.116s][info][gc,start       ] GC(1450) Pause Young (Allocation Failure)
[2218.125s][info][gc,heap        ] GC(1450) DefNew: 564987K->7671K(629120K)
[2218.125s][info][gc,heap        ] GC(1450) Tenured: 75689K->75756K(1398144K)
[2218.125s][info][gc,metaspace   ] GC(1450) Metaspace: 90911K(98224K)->90911K(98224K) NonClass: 79542K(83632K)->79542K(83632K) Class: 11369K(14592K)->11369K(14592K)
[2218.125s][info][gc             ] GC(1450) Pause Young (Allocation Failure) 625M->81M(1979M) 8.504ms
[2218.125s][info][gc,cpu         ] GC(1450) User=0.00s Sys=0.00s Real=0.01s
[2218.676s][info][gc,start       ] GC(1451) Pause Young (Allocation Failure)
[2218.684s][info][gc,heap        ] GC(1451) DefNew: 566057K->13304K(629120K)
[2218.684s][info][gc,heap        ] GC(1451) Tenured: 75756K->75938K(1398144K)
[2218.684s][info][gc,metaspace   ] GC(1451) Metaspace: 90911K(98224K)->90911K(98224K) NonClass: 79542K(83632K)->79542K(83632K) Class: 11369K(14592K)->11369K(14592K)
[2218.684s][info][gc             ] GC(1451) Pause Young (Allocation Failure) 626M->87M(1979M) 8.435ms
[2218.684s][info][gc,cpu         ] GC(1451) User=0.00s Sys=0.00s Real=0.01s
[2220.197s][info][gc,start       ] GC(1452) Pause Young (Allocation Failure)
[2220.205s][info][gc,heap        ] GC(1452) DefNew: 572536K->6293K(629120K)
[2220.205s][info][gc,heap        ] GC(1452) Tenured: 75938K->76075K(1398144K)
[2220.205s][info][gc,metaspace   ] GC(1452) Metaspace: 90911K(98224K)->90911K(98224K) NonClass: 79542K(83632K)->79542K(83632K) Class: 11369K(14592K)->11369K(14592K)
[2220.205s][info][gc             ] GC(1452) Pause Young (Allocation Failure) 633M->80M(1979M) 8.088ms
[2220.205s][info][gc,cpu         ] GC(1452) User=0.00s Sys=0.00s Real=0.01s
[2222.109s][info][gc,start       ] GC(1453) Pause Young (Allocation Failure)
[2222.118s][info][gc,heap        ] GC(1453) DefNew: 565525K->8256K(629120K)
[2222.118s][info][gc,heap        ] GC(1453) Tenured: 76075K->76240K(1398144K)
[2222.118s][info][gc,metaspace   ] GC(1453) Metaspace: 90911K(98224K)->90911K(98224K) NonClass: 79542K(83632K)->79542K(83632K) Class: 11369K(14592K)->11369K(14592K)
[2222.119s][info][gc             ] GC(1453) Pause Young (Allocation Failure) 626M->82M(1979M) 9.392ms
[2222.119s][info][gc,cpu         ] GC(1453) User=0.00s Sys=0.00s Real=0.01s
[2222.573s][info][gc,start       ] GC(1454) Pause Young (Allocation Failure)
[2222.581s][info][gc,heap        ] GC(1454) DefNew: 565026K->13325K(629120K)
[2222.581s][info][gc,heap        ] GC(1454) Tenured: 76240K->76358K(1398144K)
[2222.581s][info][gc,metaspace   ] GC(1454) Metaspace: 90911K(98224K)->90911K(98224K) NonClass: 79542K(83632K)->79542K(83632K) Class: 11369K(14592K)->11369K(14592K)
[2222.581s][info][gc             ] GC(1454) Pause Young (Allocation Failure) 626M->87M(1979M) 8.542ms
[2222.581s][info][gc,cpu         ] GC(1454) User=0.00s Sys=0.00s Real=0.01s
[2224.130s][info][gc,start       ] GC(1455) Pause Young (Allocation Failure)
[2224.139s][info][gc,heap        ] GC(1455) DefNew: 572557K->8781K(629120K)
[2224.139s][info][gc,heap        ] GC(1455) Tenured: 76358K->76579K(1398144K)
[2224.139s][info][gc,metaspace   ] GC(1455) Metaspace: 90911K(98224K)->90911K(98224K) NonClass: 79542K(83632K)->79542K(83632K) Class: 11369K(14592K)->11369K(14592K)
[2224.139s][info][gc             ] GC(1455) Pause Young (Allocation Failure) 633M->83M(1979M) 8.586ms
[2224.139s][info][gc,cpu         ] GC(1455) User=0.00s Sys=0.00s Real=0.01s
[2225.915s][info][gc,start       ] GC(1456) Pause Young (Allocation Failure)
[2225.925s][info][gc,heap        ] GC(1456) DefNew: 568013K->8417K(629120K)
[2225.925s][info][gc,heap        ] GC(1456) Tenured: 76579K->76698K(1398144K)
[2225.925s][info][gc,metaspace   ] GC(1456) Metaspace: 90911K(98224K)->90911K(98224K) NonClass: 79542K(83632K)->79542K(83632K) Class: 11369K(14592K)->11369K(14592K)
[2225.925s][info][gc             ] GC(1456) Pause Young (Allocation Failure) 629M->83M(1979M) 9.630ms
[2225.925s][info][gc,cpu         ] GC(1456) User=0.00s Sys=0.00s Real=0.01s
[2226.401s][info][gc,start       ] GC(1457) Pause Young (Allocation Failure)
[2226.410s][info][gc,heap        ] GC(1457) DefNew: 564013K->12985K(629120K)
[2226.410s][info][gc,heap        ] GC(1457) Tenured: 76698K->76887K(1398144K)
[2226.410s][info][gc,metaspace   ] GC(1457) Metaspace: 90911K(98224K)->90911K(98224K) NonClass: 79542K(83632K)->79542K(83632K) Class: 11369K(14592K)->11369K(14592K)
[2226.410s][info][gc             ] GC(1457) Pause Young (Allocation Failure) 625M->87M(1979M) 8.461ms
[2226.410s][info][gc,cpu         ] GC(1457) User=0.00s Sys=0.00s Real=0.01s
[2228.006s][info][gc,start       ] GC(1458) Pause Young (Allocation Failure)
[2228.013s][info][gc,heap        ] GC(1458) DefNew: 570704K->5605K(629120K)
[2228.013s][info][gc,heap        ] GC(1458) Tenured: 76887K->77006K(1398144K)
[2228.013s][info][gc,metaspace   ] GC(1458) Metaspace: 90911K(98224K)->90911K(98224K) NonClass: 79542K(83632K)->79542K(83632K) Class: 11369K(14592K)->11369K(14592K)
[2228.013s][info][gc             ] GC(1458) Pause Young (Allocation Failure) 632M->80M(1979M) 6.851ms
[2228.013s][info][gc,cpu         ] GC(1458) User=0.00s Sys=0.00s Real=0.01s
[2229.925s][info][gc,start       ] GC(1459) Pause Young (Allocation Failure)
[2229.937s][info][gc,heap        ] GC(1459) DefNew: 564837K->8461K(629120K)
[2229.937s][info][gc,heap        ] GC(1459) Tenured: 77006K->77091K(1398144K)
[2229.937s][info][gc,metaspace   ] GC(1459) Metaspace: 90911K(98224K)->90911K(98224K) NonClass: 79542K(83632K)->79542K(83632K) Class: 11369K(14592K)->11369K(14592K)
[2229.937s][info][gc             ] GC(1459) Pause Young (Allocation Failure) 626M->83M(1979M) 11.435ms
[2229.937s][info][gc,cpu         ] GC(1459) User=0.00s Sys=0.02s Real=0.01s
[2230.666s][info][gc,start       ] GC(1460) Pause Young (Allocation Failure)
[2230.675s][info][gc,heap        ] GC(1460) DefNew: 567693K->7486K(629120K)
[2230.675s][info][gc,heap        ] GC(1460) Tenured: 77091K->77278K(1398144K)
[2230.675s][info][gc,metaspace   ] GC(1460) Metaspace: 90911K(98224K)->90911K(98224K) NonClass: 79542K(83632K)->79542K(83632K) Class: 11369K(14592K)->11369K(14592K)
[2230.675s][info][gc             ] GC(1460) Pause Young (Allocation Failure) 629M->82M(1979M) 9.167ms
[2230.675s][info][gc,cpu         ] GC(1460) User=0.00s Sys=0.00s Real=0.01s
[2230.681s][info][gc,start       ] GC(1461) Pause Full (System.gc())
[2230.685s][info][gc,phases,start] GC(1461) Phase 1: Mark live objects
[2230.738s][info][gc,phases      ] GC(1461) Phase 1: Mark live objects 53.036ms
[2230.739s][info][gc,phases,start] GC(1461) Phase 2: Compute new object addresses
[2230.751s][info][gc,phases      ] GC(1461) Phase 2: Compute new object addresses 12.281ms
[2230.751s][info][gc,phases,start] GC(1461) Phase 3: Adjust pointers
[2230.784s][info][gc,phases      ] GC(1461) Phase 3: Adjust pointers 32.906ms
[2230.784s][info][gc,phases,start] GC(1461) Phase 4: Move objects
[2230.793s][info][gc,phases      ] GC(1461) Phase 4: Move objects 9.519ms
[2230.794s][info][gc,heap        ] GC(1461) DefNew: 26109K->0K(629120K)
[2230.794s][info][gc,heap        ] GC(1461) Tenured: 77278K->54540K(1398144K)
[2230.794s][info][gc,metaspace   ] GC(1461) Metaspace: 90911K(98224K)->90911K(98224K) NonClass: 79542K(83632K)->79542K(83632K) Class: 11369K(14592K)->11369K(14592K)
[2230.794s][info][gc             ] GC(1461) Pause Full (System.gc()) 100M->53M(1979M) 112.996ms
[2230.794s][info][gc,cpu         ] GC(1461) User=0.09s Sys=0.00s Real=0.11s
[2231.301s][info][gc,start       ] GC(1462) Pause Young (Allocation Failure)
[2231.305s][info][gc,heap        ] GC(1462) DefNew: 558775K->3059K(629120K)
[2231.305s][info][gc,heap        ] GC(1462) Tenured: 54540K->54540K(1398144K)
[2231.305s][info][gc,metaspace   ] GC(1462) Metaspace: 90911K(98224K)->90911K(98224K) NonClass: 79542K(83632K)->79542K(83632K) Class: 11369K(14592K)->11369K(14592K)
[2231.305s][info][gc             ] GC(1462) Pause Young (Allocation Failure) 598M->56M(1979M) 3.550ms
[2231.305s][info][gc,cpu         ] GC(1462) User=0.00s Sys=0.00s Real=0.00s
[2233.339s][info][gc,start       ] GC(1463) Pause Young (Allocation Failure)
[2233.343s][info][gc,heap        ] GC(1463) DefNew: 560259K->4408K(629120K)
[2233.343s][info][gc,heap        ] GC(1463) Tenured: 54540K->54540K(1398144K)
[2233.343s][info][gc,metaspace   ] GC(1463) Metaspace: 90911K(98224K)->90911K(98224K) NonClass: 79542K(83632K)->79542K(83632K) Class: 11369K(14592K)->11369K(14592K)
[2233.343s][info][gc             ] GC(1463) Pause Young (Allocation Failure) 600M->57M(1979M) 4.770ms
[2233.343s][info][gc,cpu         ] GC(1463) User=0.00s Sys=0.00s Real=0.01s
[2235.375s][info][gc,start       ] GC(1464) Pause Young (Allocation Failure)
[2235.381s][info][gc,heap        ] GC(1464) DefNew: 563596K->4901K(629120K)
[2235.381s][info][gc,heap        ] GC(1464) Tenured: 54540K->54540K(1398144K)
[2235.381s][info][gc,metaspace   ] GC(1464) Metaspace: 90911K(98224K)->90911K(98224K) NonClass: 79542K(83632K)->79542K(83632K) Class: 11369K(14592K)->11369K(14592K)
[2235.381s][info][gc             ] GC(1464) Pause Young (Allocation Failure) 603M->58M(1979M) 5.773ms
[2235.381s][info][gc,cpu         ] GC(1464) User=0.00s Sys=0.00s Real=0.01s
[2237.126s][info][gc,start       ] GC(1465) Pause Young (Allocation Failure)
[2237.135s][info][gc,heap        ] GC(1465) DefNew: 564133K->7392K(629120K)
[2237.135s][info][gc,heap        ] GC(1465) Tenured: 54540K->54540K(1398144K)
[2237.135s][info][gc,metaspace   ] GC(1465) Metaspace: 90911K(98224K)->90911K(98224K) NonClass: 79542K(83632K)->79542K(83632K) Class: 11369K(14592K)->11369K(14592K)
[2237.136s][info][gc             ] GC(1465) Pause Young (Allocation Failure) 604M->60M(1979M) 9.289ms
[2237.136s][info][gc,cpu         ] GC(1465) User=0.00s Sys=0.00s Real=0.01s
[2237.607s][info][gc,start       ] GC(1466) Pause Young (Allocation Failure)
[2237.614s][info][gc,heap        ] GC(1466) DefNew: 564804K->12943K(629120K)
[2237.614s][info][gc,heap        ] GC(1466) Tenured: 54540K->54540K(1398144K)
[2237.614s][info][gc,metaspace   ] GC(1466) Metaspace: 90911K(98224K)->90911K(98224K) NonClass: 79542K(83632K)->79542K(83632K) Class: 11369K(14592K)->11369K(14592K)
[2237.614s][info][gc             ] GC(1466) Pause Young (Allocation Failure) 604M->65M(1979M) 6.942ms
[2237.614s][info][gc,cpu         ] GC(1466) User=0.00s Sys=0.00s Real=0.01s
[2239.151s][info][gc,start       ] GC(1467) Pause Young (Allocation Failure)
[2239.158s][info][gc,heap        ] GC(1467) DefNew: 572175K->6247K(629120K)
[2239.158s][info][gc,heap        ] GC(1467) Tenured: 54540K->54540K(1398144K)
[2239.158s][info][gc,metaspace   ] GC(1467) Metaspace: 90911K(98224K)->90911K(98224K) NonClass: 79542K(83632K)->79542K(83632K) Class: 11369K(14592K)->11369K(14592K)
[2239.158s][info][gc             ] GC(1467) Pause Young (Allocation Failure) 612M->59M(1979M) 7.028ms
[2239.158s][info][gc,cpu         ] GC(1467) User=0.00s Sys=0.00s Real=0.01s
[2241.228s][info][gc,start       ] GC(1468) Pause Young (Allocation Failure)
[2241.233s][info][gc,heap        ] GC(1468) DefNew: 565479K->5384K(629120K)
[2241.233s][info][gc,heap        ] GC(1468) Tenured: 54540K->54540K(1398144K)
[2241.233s][info][gc,metaspace   ] GC(1468) Metaspace: 90911K(98224K)->90911K(98224K) NonClass: 79542K(83632K)->79542K(83632K) Class: 11369K(14592K)->11369K(14592K)
[2241.233s][info][gc             ] GC(1468) Pause Young (Allocation Failure) 605M->58M(1979M) 5.690ms
[2241.233s][info][gc,cpu         ] GC(1468) User=0.00s Sys=0.00s Real=0.01s
[2243.853s][info][gc,start       ] GC(1469) Pause Young (Allocation Failure)
[2243.859s][info][gc,heap        ] GC(1469) DefNew: 564616K->5574K(629120K)
[2243.859s][info][gc,heap        ] GC(1469) Tenured: 54540K->54540K(1398144K)
[2243.859s][info][gc,metaspace   ] GC(1469) Metaspace: 90911K(98224K)->90911K(98224K) NonClass: 79542K(83632K)->79542K(83632K) Class: 11369K(14592K)->11369K(14592K)
[2243.859s][info][gc             ] GC(1469) Pause Young (Allocation Failure) 604M->58M(1979M) 5.757ms
[2243.859s][info][gc,cpu         ] GC(1469) User=0.00s Sys=0.00s Real=0.01s
[2244.478s][info][gc,start       ] GC(1470) Pause Young (Allocation Failure)
[2244.486s][info][gc,heap        ] GC(1470) DefNew: 564177K->11988K(629120K)
[2244.486s][info][gc,heap        ] GC(1470) Tenured: 54540K->54540K(1398144K)
[2244.486s][info][gc,metaspace   ] GC(1470) Metaspace: 90911K(98224K)->90911K(98224K) NonClass: 79542K(83632K)->79542K(83632K) Class: 11369K(14592K)->11369K(14592K)
[2244.486s][info][gc             ] GC(1470) Pause Young (Allocation Failure) 604M->64M(1979M) 8.346ms
[2244.486s][info][gc,cpu         ] GC(1470) User=0.00s Sys=0.00s Real=0.01s
[2245.238s][info][gc,start       ] GC(1471) Pause Young (Allocation Failure)
[2245.243s][info][gc,heap        ] GC(1471) DefNew: 571220K->5326K(629120K)
[2245.243s][info][gc,heap        ] GC(1471) Tenured: 54540K->54540K(1398144K)
[2245.243s][info][gc,metaspace   ] GC(1471) Metaspace: 90911K(98224K)->90911K(98224K) NonClass: 79542K(83632K)->79542K(83632K) Class: 11369K(14592K)->11369K(14592K)
[2245.243s][info][gc             ] GC(1471) Pause Young (Allocation Failure) 611M->58M(1979M) 5.620ms
[2245.243s][info][gc,cpu         ] GC(1471) User=0.00s Sys=0.02s Real=0.01s
[2247.782s][info][gc,start       ] GC(1472) Pause Young (Allocation Failure)
[2247.788s][info][gc,heap        ] GC(1472) DefNew: 564558K->6599K(629120K)
[2247.788s][info][gc,heap        ] GC(1472) Tenured: 54540K->54540K(1398144K)
[2247.788s][info][gc,metaspace   ] GC(1472) Metaspace: 90911K(98224K)->90911K(98224K) NonClass: 79542K(83632K)->79542K(83632K) Class: 11369K(14592K)->11369K(14592K)
[2247.788s][info][gc             ] GC(1472) Pause Young (Allocation Failure) 604M->59M(1979M) 6.415ms
[2247.788s][info][gc,cpu         ] GC(1472) User=0.00s Sys=0.00s Real=0.01s
[2249.841s][info][gc,start       ] GC(1473) Pause Young (Allocation Failure)
[2249.848s][info][gc,heap        ] GC(1473) DefNew: 564022K->6331K(629120K)
[2249.848s][info][gc,heap        ] GC(1473) Tenured: 54540K->54540K(1398144K)
[2249.848s][info][gc,metaspace   ] GC(1473) Metaspace: 90911K(98224K)->90911K(98224K) NonClass: 79542K(83632K)->79542K(83632K) Class: 11369K(14592K)->11369K(14592K)
[2249.848s][info][gc             ] GC(1473) Pause Young (Allocation Failure) 604M->59M(1979M) 6.478ms
[2249.848s][info][gc,cpu         ] GC(1473) User=0.00s Sys=0.00s Real=0.01s
[2251.145s][info][gc,start       ] GC(1474) Pause Young (Allocation Failure)
[2251.164s][info][gc,heap        ] GC(1474) DefNew: 565563K->11932K(629120K)
[2251.164s][info][gc,heap        ] GC(1474) Tenured: 54540K->54540K(1398144K)
[2251.164s][info][gc,metaspace   ] GC(1474) Metaspace: 90911K(98224K)->90911K(98224K) NonClass: 79542K(83632K)->79542K(83632K) Class: 11369K(14592K)->11369K(14592K)
[2251.164s][info][gc             ] GC(1474) Pause Young (Allocation Failure) 605M->64M(1979M) 19.404ms
[2251.164s][info][gc,cpu         ] GC(1474) User=0.00s Sys=0.00s Real=0.02s
[2251.697s][info][gc,start       ] GC(1475) Pause Young (Allocation Failure)
[2251.704s][info][gc,heap        ] GC(1475) DefNew: 569116K->8605K(629120K)
[2251.704s][info][gc,heap        ] GC(1475) Tenured: 54540K->54540K(1398144K)
[2251.704s][info][gc,metaspace   ] GC(1475) Metaspace: 90911K(98224K)->90911K(98224K) NonClass: 79542K(83632K)->79542K(83632K) Class: 11369K(14592K)->11369K(14592K)
[2251.704s][info][gc             ] GC(1475) Pause Young (Allocation Failure) 609M->61M(1979M) 6.277ms
[2251.704s][info][gc,cpu         ] GC(1475) User=0.00s Sys=0.00s Real=0.01s
[2253.725s][info][gc,start       ] GC(1476) Pause Young (GCLocker Initiated GC)
[2253.733s][info][gc,heap        ] GC(1476) DefNew: 567837K->8002K(629120K)
[2253.733s][info][gc,heap        ] GC(1476) Tenured: 54540K->54540K(1398144K)
[2253.733s][info][gc,metaspace   ] GC(1476) Metaspace: 90911K(98224K)->90911K(98224K) NonClass: 79542K(83632K)->79542K(83632K) Class: 11369K(14592K)->11369K(14592K)
[2253.733s][info][gc             ] GC(1476) Pause Young (GCLocker Initiated GC) 607M->61M(1979M) 7.771ms
[2253.733s][info][gc,cpu         ] GC(1476) User=0.00s Sys=0.00s Real=0.01s
[2255.790s][info][gc,start       ] GC(1477) Pause Young (Allocation Failure)
[2255.797s][info][gc,heap        ] GC(1477) DefNew: 565584K->6289K(629120K)
[2255.797s][info][gc,heap        ] GC(1477) Tenured: 54540K->55003K(1398144K)
[2255.797s][info][gc,metaspace   ] GC(1477) Metaspace: 90911K(98224K)->90911K(98224K) NonClass: 79542K(83632K)->79542K(83632K) Class: 11369K(14592K)->11369K(14592K)
[2255.797s][info][gc             ] GC(1477) Pause Young (Allocation Failure) 605M->59M(1979M) 6.657ms
[2255.797s][info][gc,cpu         ] GC(1477) User=0.00s Sys=0.00s Real=0.01s
[2257.642s][info][gc,start       ] GC(1478) Pause Young (Allocation Failure)
[2257.652s][info][gc,heap        ] GC(1478) DefNew: 565508K->10675K(629120K)
[2257.652s][info][gc,heap        ] GC(1478) Tenured: 55003K->55212K(1398144K)
[2257.652s][info][gc,metaspace   ] GC(1478) Metaspace: 90911K(98224K)->90911K(98224K) NonClass: 79542K(83632K)->79542K(83632K) Class: 11369K(14592K)->11369K(14592K)
[2257.652s][info][gc             ] GC(1478) Pause Young (Allocation Failure) 605M->64M(1979M) 10.422ms
[2257.652s][info][gc,cpu         ] GC(1478) User=0.00s Sys=0.00s Real=0.01s
[2258.277s][info][gc,start       ] GC(1479) Pause Young (Allocation Failure)
[2258.285s][info][gc,heap        ] GC(1479) DefNew: 569416K->12587K(629120K)
[2258.285s][info][gc,heap        ] GC(1479) Tenured: 55212K->55395K(1398144K)
[2258.285s][info][gc,metaspace   ] GC(1479) Metaspace: 90911K(98224K)->90911K(98224K) NonClass: 79542K(83632K)->79542K(83632K) Class: 11369K(14592K)->11369K(14592K)
[2258.285s][info][gc             ] GC(1479) Pause Young (Allocation Failure) 609M->66M(1979M) 8.100ms
[2258.286s][info][gc,cpu         ] GC(1479) User=0.00s Sys=0.00s Real=0.01s
[2259.714s][info][gc,start       ] GC(1480) Pause Young (Allocation Failure)
[2259.721s][info][gc,heap        ] GC(1480) DefNew: 571819K->6121K(629120K)
[2259.721s][info][gc,heap        ] GC(1480) Tenured: 55395K->55542K(1398144K)
[2259.721s][info][gc,metaspace   ] GC(1480) Metaspace: 90911K(98224K)->90911K(98224K) NonClass: 79542K(83632K)->79542K(83632K) Class: 11369K(14592K)->11369K(14592K)
[2259.721s][info][gc             ] GC(1480) Pause Young (Allocation Failure) 612M->60M(1979M) 7.651ms
[2259.721s][info][gc,cpu         ] GC(1480) User=0.00s Sys=0.00s Real=0.01s
[2261.614s][info][gc,start       ] GC(1481) Pause Young (Allocation Failure)
[2261.623s][info][gc,heap        ] GC(1481) DefNew: 564377K->7917K(629120K)
[2261.623s][info][gc,heap        ] GC(1481) Tenured: 55542K->55606K(1398144K)
[2261.623s][info][gc,metaspace   ] GC(1481) Metaspace: 90911K(98224K)->90911K(98224K) NonClass: 79542K(83632K)->79542K(83632K) Class: 11369K(14592K)->11369K(14592K)
[2261.623s][info][gc             ] GC(1481) Pause Young (Allocation Failure) 605M->62M(1979M) 8.513ms
[2261.623s][info][gc,cpu         ] GC(1481) User=0.00s Sys=0.00s Real=0.01s
[2262.141s][info][gc,start       ] GC(1482) Pause Young (Allocation Failure)
[2262.149s][info][gc,heap        ] GC(1482) DefNew: 565283K->17861K(629120K)
[2262.149s][info][gc,heap        ] GC(1482) Tenured: 55606K->55789K(1398144K)
[2262.149s][info][gc,metaspace   ] GC(1482) Metaspace: 90911K(98224K)->90911K(98224K) NonClass: 79542K(83632K)->79542K(83632K) Class: 11369K(14592K)->11369K(14592K)
[2262.149s][info][gc             ] GC(1482) Pause Young (Allocation Failure) 606M->71M(1979M) 8.539ms
[2262.149s][info][gc,cpu         ] GC(1482) User=0.02s Sys=0.00s Real=0.01s
[2263.682s][info][gc,start       ] GC(1483) Pause Young (Allocation Failure)
[2263.689s][info][gc,heap        ] GC(1483) DefNew: 574146K->5598K(629120K)
[2263.689s][info][gc,heap        ] GC(1483) Tenured: 55789K->55929K(1398144K)
[2263.689s][info][gc,metaspace   ] GC(1483) Metaspace: 90911K(98224K)->90911K(98224K) NonClass: 79542K(83632K)->79542K(83632K) Class: 11369K(14592K)->11369K(14592K)
[2263.689s][info][gc             ] GC(1483) Pause Young (Allocation Failure) 615M->60M(1979M) 6.506ms
[2263.689s][info][gc,cpu         ] GC(1483) User=0.00s Sys=0.00s Real=0.01s
[2265.523s][info][gc,start       ] GC(1484) Pause Young (Allocation Failure)
[2265.532s][info][gc,heap        ] GC(1484) DefNew: 564830K->7980K(629120K)
[2265.532s][info][gc,heap        ] GC(1484) Tenured: 55929K->56093K(1398144K)
[2265.532s][info][gc,metaspace   ] GC(1484) Metaspace: 90911K(98224K)->90911K(98224K) NonClass: 79542K(83632K)->79542K(83632K) Class: 11369K(14592K)->11369K(14592K)
[2265.532s][info][gc             ] GC(1484) Pause Young (Allocation Failure) 606M->62M(1979M) 8.641ms
[2265.532s][info][gc,cpu         ] GC(1484) User=0.00s Sys=0.00s Real=0.01s
[2266.009s][info][gc,start       ] GC(1485) Pause Young (Allocation Failure)
[2266.017s][info][gc,heap        ] GC(1485) DefNew: 564952K->12686K(629120K)
[2266.017s][info][gc,heap        ] GC(1485) Tenured: 56093K->56276K(1398144K)
[2266.017s][info][gc,metaspace   ] GC(1485) Metaspace: 90915K(98224K)->90915K(98224K) NonClass: 79546K(83632K)->79546K(83632K) Class: 11369K(14592K)->11369K(14592K)
[2266.017s][info][gc             ] GC(1485) Pause Young (Allocation Failure) 606M->67M(1979M) 8.477ms
[2266.017s][info][gc,cpu         ] GC(1485) User=0.00s Sys=0.00s Real=0.01s
[2267.605s][info][gc,start       ] GC(1486) Pause Young (Allocation Failure)
[2267.613s][info][gc,heap        ] GC(1486) DefNew: 571918K->7987K(629120K)
[2267.613s][info][gc,heap        ] GC(1486) Tenured: 56276K->56432K(1398144K)
[2267.613s][info][gc,metaspace   ] GC(1486) Metaspace: 90915K(98224K)->90915K(98224K) NonClass: 79546K(83632K)->79546K(83632K) Class: 11369K(14592K)->11369K(14592K)
[2267.613s][info][gc             ] GC(1486) Pause Young (Allocation Failure) 613M->62M(1979M) 8.233ms
[2267.613s][info][gc,cpu         ] GC(1486) User=0.00s Sys=0.00s Real=0.01s
[2269.426s][info][gc,start       ] GC(1487) Pause Young (Allocation Failure)
[2269.435s][info][gc,heap        ] GC(1487) DefNew: 567219K->8405K(629120K)
[2269.435s][info][gc,heap        ] GC(1487) Tenured: 56432K->56552K(1398144K)
[2269.435s][info][gc,metaspace   ] GC(1487) Metaspace: 90915K(98224K)->90915K(98224K) NonClass: 79546K(83632K)->79546K(83632K) Class: 11369K(14592K)->11369K(14592K)
[2269.435s][info][gc             ] GC(1487) Pause Young (Allocation Failure) 609M->63M(1979M) 8.955ms
[2269.435s][info][gc,cpu         ] GC(1487) User=0.00s Sys=0.00s Real=0.01s
[2269.909s][info][gc,start       ] GC(1488) Pause Young (Allocation Failure)
[2269.917s][info][gc,heap        ] GC(1488) DefNew: 566802K->9045K(629120K)
[2269.917s][info][gc,heap        ] GC(1488) Tenured: 56552K->56742K(1398144K)
[2269.917s][info][gc,metaspace   ] GC(1488) Metaspace: 90930K(98224K)->90930K(98224K) NonClass: 79561K(83632K)->79561K(83632K) Class: 11369K(14592K)->11369K(14592K)
[2269.917s][info][gc             ] GC(1488) Pause Young (Allocation Failure) 608M->64M(1979M) 7.870ms
[2269.917s][info][gc,cpu         ] GC(1488) User=0.02s Sys=0.00s Real=0.01s
[2271.523s][info][gc,start       ] GC(1489) Pause Young (Allocation Failure)
[2271.530s][info][gc,heap        ] GC(1489) DefNew: 568277K->5751K(629120K)
[2271.530s][info][gc,heap        ] GC(1489) Tenured: 56742K->56857K(1398144K)
[2271.530s][info][gc,metaspace   ] GC(1489) Metaspace: 90930K(98224K)->90930K(98224K) NonClass: 79561K(83632K)->79561K(83632K) Class: 11369K(14592K)->11369K(14592K)
[2271.530s][info][gc             ] GC(1489) Pause Young (Allocation Failure) 610M->61M(1979M) 6.838ms
[2271.530s][info][gc,cpu         ] GC(1489) User=0.00s Sys=0.00s Real=0.01s
[2273.412s][info][gc,start       ] GC(1490) Pause Young (Allocation Failure)
[2273.423s][info][gc,heap        ] GC(1490) DefNew: 564983K->8564K(629120K)
[2273.423s][info][gc,heap        ] GC(1490) Tenured: 56857K->56940K(1398144K)
[2273.423s][info][gc,metaspace   ] GC(1490) Metaspace: 90930K(98224K)->90930K(98224K) NonClass: 79561K(83632K)->79561K(83632K) Class: 11369K(14592K)->11369K(14592K)
[2273.423s][info][gc             ] GC(1490) Pause Young (Allocation Failure) 607M->63M(1979M) 10.738ms
[2273.423s][info][gc,cpu         ] GC(1490) User=0.00s Sys=0.00s Real=0.01s
[2274.158s][info][gc,start       ] GC(1491) Pause Young (Allocation Failure)
[2274.166s][info][gc,heap        ] GC(1491) DefNew: 567796K->7394K(629120K)
[2274.167s][info][gc,heap        ] GC(1491) Tenured: 56940K->57130K(1398144K)
[2274.167s][info][gc,metaspace   ] GC(1491) Metaspace: 90931K(98224K)->90931K(98224K) NonClass: 79562K(83632K)->79562K(83632K) Class: 11369K(14592K)->11369K(14592K)
[2274.167s][info][gc             ] GC(1491) Pause Young (Allocation Failure) 610M->63M(1979M) 8.372ms
[2274.167s][info][gc,cpu         ] GC(1491) User=0.00s Sys=0.00s Real=0.01s
[2274.172s][info][gc,start       ] GC(1492) Pause Full (System.gc())
[2274.175s][info][gc,phases,start] GC(1492) Phase 1: Mark live objects
[2274.227s][info][gc,phases      ] GC(1492) Phase 1: Mark live objects 51.518ms
[2274.227s][info][gc,phases,start] GC(1492) Phase 2: Compute new object addresses
[2274.239s][info][gc,phases      ] GC(1492) Phase 2: Compute new object addresses 12.106ms
[2274.239s][info][gc,phases,start] GC(1492) Phase 3: Adjust pointers
[2274.271s][info][gc,phases      ] GC(1492) Phase 3: Adjust pointers 31.820ms
[2274.271s][info][gc,phases,start] GC(1492) Phase 4: Move objects
[2274.272s][info][gc,phases      ] GC(1492) Phase 4: Move objects 1.287ms
[2274.273s][info][gc,heap        ] GC(1492) DefNew: 30457K->0K(629120K)
[2274.273s][info][gc,heap        ] GC(1492) Tenured: 57130K->62505K(1398144K)
[2274.273s][info][gc,metaspace   ] GC(1492) Metaspace: 90931K(98224K)->90931K(98224K) NonClass: 79562K(83632K)->79562K(83632K) Class: 11369K(14592K)->11369K(14592K)
[2274.273s][info][gc             ] GC(1492) Pause Full (System.gc()) 85M->61M(1979M) 101.413ms
[2274.273s][info][gc,cpu         ] GC(1492) User=0.09s Sys=0.00s Real=0.10s
[2274.770s][info][gc,start       ] GC(1493) Pause Young (Allocation Failure)
[2274.774s][info][gc,heap        ] GC(1493) DefNew: 558327K->3149K(629120K)
[2274.774s][info][gc,heap        ] GC(1493) Tenured: 62505K->62505K(1398144K)
[2274.774s][info][gc,metaspace   ] GC(1493) Metaspace: 90931K(98224K)->90931K(98224K) NonClass: 79562K(83632K)->79562K(83632K) Class: 11369K(14592K)->11369K(14592K)
[2274.774s][info][gc             ] GC(1493) Pause Young (Allocation Failure) 606M->64M(1979M) 3.895ms
[2274.774s][info][gc,cpu         ] GC(1493) User=0.00s Sys=0.00s Real=0.00s
[2276.814s][info][gc,start       ] GC(1494) Pause Young (Allocation Failure)
[2276.819s][info][gc,heap        ] GC(1494) DefNew: 561650K->4570K(629120K)
[2276.819s][info][gc,heap        ] GC(1494) Tenured: 62505K->62505K(1398144K)
[2276.819s][info][gc,metaspace   ] GC(1494) Metaspace: 90931K(98224K)->90931K(98224K) NonClass: 79562K(83632K)->79562K(83632K) Class: 11369K(14592K)->11369K(14592K)
[2276.819s][info][gc             ] GC(1494) Pause Young (Allocation Failure) 609M->65M(1979M) 4.993ms
[2276.819s][info][gc,cpu         ] GC(1494) User=0.00s Sys=0.00s Real=0.00s
[2278.785s][info][gc,start       ] GC(1495) Pause Young (Allocation Failure)
[2278.792s][info][gc,heap        ] GC(1495) DefNew: 563802K->7560K(629120K)
[2278.792s][info][gc,heap        ] GC(1495) Tenured: 62505K->62505K(1398144K)
[2278.792s][info][gc,metaspace   ] GC(1495) Metaspace: 90931K(98224K)->90931K(98224K) NonClass: 79562K(83632K)->79562K(83632K) Class: 11369K(14592K)->11369K(14592K)
[2278.792s][info][gc             ] GC(1495) Pause Young (Allocation Failure) 611M->68M(1979M) 6.800ms
[2278.792s][info][gc,cpu         ] GC(1495) User=0.00s Sys=0.00s Real=0.01s
[2280.667s][info][gc,start       ] GC(1496) Pause Young (Allocation Failure)
[2280.673s][info][gc,heap        ] GC(1496) DefNew: 565809K->6198K(629120K)
[2280.673s][info][gc,heap        ] GC(1496) Tenured: 62505K->62505K(1398144K)
[2280.673s][info][gc,metaspace   ] GC(1496) Metaspace: 90931K(98224K)->90931K(98224K) NonClass: 79562K(83632K)->79562K(83632K) Class: 11369K(14592K)->11369K(14592K)
[2280.673s][info][gc             ] GC(1496) Pause Young (Allocation Failure) 613M->67M(1979M) 6.437ms
[2280.673s][info][gc,cpu         ] GC(1496) User=0.00s Sys=0.00s Real=0.01s
[2281.164s][info][gc,start       ] GC(1497) Pause Young (Allocation Failure)
[2281.170s][info][gc,heap        ] GC(1497) DefNew: 562617K->16022K(629120K)
[2281.171s][info][gc,heap        ] GC(1497) Tenured: 62505K->62505K(1398144K)
[2281.171s][info][gc,metaspace   ] GC(1497) Metaspace: 90931K(98224K)->90931K(98224K) NonClass: 79562K(83632K)->79562K(83632K) Class: 11369K(14592K)->11369K(14592K)
[2281.171s][info][gc             ] GC(1497) Pause Young (Allocation Failure) 610M->76M(1979M) 7.028ms
[2281.171s][info][gc,cpu         ] GC(1497) User=0.00s Sys=0.00s Real=0.01s
[2282.675s][info][gc,start       ] GC(1498) Pause Young (Allocation Failure)
[2282.680s][info][gc,heap        ] GC(1498) DefNew: 572036K->4797K(629120K)
[2282.680s][info][gc,heap        ] GC(1498) Tenured: 62505K->62505K(1398144K)
[2282.680s][info][gc,metaspace   ] GC(1498) Metaspace: 90931K(98224K)->90931K(98224K) NonClass: 79562K(83632K)->79562K(83632K) Class: 11369K(14592K)->11369K(14592K)
[2282.680s][info][gc             ] GC(1498) Pause Young (Allocation Failure) 619M->65M(1979M) 5.273ms
[2282.680s][info][gc,cpu         ] GC(1498) User=0.00s Sys=0.00s Real=0.00s
[2284.759s][info][gc,start       ] GC(1499) Pause Young (Allocation Failure)
[2284.763s][info][gc,heap        ] GC(1499) DefNew: 564029K->5281K(629120K)
[2284.763s][info][gc,heap        ] GC(1499) Tenured: 62505K->62505K(1398144K)
[2284.763s][info][gc,metaspace   ] GC(1499) Metaspace: 90931K(98224K)->90931K(98224K) NonClass: 79562K(83632K)->79562K(83632K) Class: 11369K(14592K)->11369K(14592K)
[2284.763s][info][gc             ] GC(1499) Pause Young (Allocation Failure) 611M->66M(1979M) 4.982ms
[2284.764s][info][gc,cpu         ] GC(1499) User=0.00s Sys=0.00s Real=0.01s
[2287.351s][info][gc,start       ] GC(1500) Pause Young (Allocation Failure)
[2287.358s][info][gc,heap        ] GC(1500) DefNew: 564517K->7741K(629120K)
[2287.358s][info][gc,heap        ] GC(1500) Tenured: 62505K->62505K(1398144K)
[2287.358s][info][gc,metaspace   ] GC(1500) Metaspace: 90931K(98224K)->90931K(98224K) NonClass: 79562K(83632K)->79562K(83632K) Class: 11369K(14592K)->11369K(14592K)
[2287.358s][info][gc             ] GC(1500) Pause Young (Allocation Failure) 612M->68M(1979M) 7.657ms
[2287.358s][info][gc,cpu         ] GC(1500) User=0.00s Sys=0.00s Real=0.01s
[2287.991s][info][gc,start       ] GC(1501) Pause Young (Allocation Failure)
[2287.999s][info][gc,heap        ] GC(1501) DefNew: 565334K->11986K(629120K)
[2287.999s][info][gc,heap        ] GC(1501) Tenured: 62505K->62505K(1398144K)
[2287.999s][info][gc,metaspace   ] GC(1501) Metaspace: 90931K(98224K)->90931K(98224K) NonClass: 79562K(83632K)->79562K(83632K) Class: 11369K(14592K)->11369K(14592K)
[2287.999s][info][gc             ] GC(1501) Pause Young (Allocation Failure) 613M->72M(1979M) 8.040ms
[2287.999s][info][gc,cpu         ] GC(1501) User=0.00s Sys=0.00s Real=0.01s
[2288.736s][info][gc,start       ] GC(1502) Pause Young (Allocation Failure)
[2288.741s][info][gc,heap        ] GC(1502) DefNew: 571218K->5059K(629120K)
[2288.741s][info][gc,heap        ] GC(1502) Tenured: 62505K->62505K(1398144K)
[2288.741s][info][gc,metaspace   ] GC(1502) Metaspace: 90931K(98224K)->90931K(98224K) NonClass: 79562K(83632K)->79562K(83632K) Class: 11369K(14592K)->11369K(14592K)
[2288.741s][info][gc             ] GC(1502) Pause Young (Allocation Failure) 618M->65M(1979M) 5.199ms
[2288.741s][info][gc,cpu         ] GC(1502) User=0.00s Sys=0.00s Real=0.01s
[2291.241s][info][gc,start       ] GC(1503) Pause Young (Allocation Failure)
[2291.249s][info][gc,heap        ] GC(1503) DefNew: 564291K->7821K(629120K)
[2291.249s][info][gc,heap        ] GC(1503) Tenured: 62505K->62505K(1398144K)
[2291.249s][info][gc,metaspace   ] GC(1503) Metaspace: 90931K(98224K)->90931K(98224K) NonClass: 79562K(83632K)->79562K(83632K) Class: 11369K(14592K)->11369K(14592K)
[2291.249s][info][gc             ] GC(1503) Pause Young (Allocation Failure) 612M->68M(1979M) 7.446ms
[2291.249s][info][gc,cpu         ] GC(1503) User=0.00s Sys=0.00s Real=0.01s
[2293.302s][info][gc,start       ] GC(1504) Pause Young (GCLocker Initiated GC)
[2293.311s][info][gc,heap        ] GC(1504) DefNew: 567149K->8386K(629120K)
[2293.311s][info][gc,heap        ] GC(1504) Tenured: 62505K->62505K(1398144K)
[2293.311s][info][gc,metaspace   ] GC(1504) Metaspace: 90931K(98224K)->90931K(98224K) NonClass: 79562K(83632K)->79562K(83632K) Class: 11369K(14592K)->11369K(14592K)
[2293.311s][info][gc             ] GC(1504) Pause Young (GCLocker Initiated GC) 614M->69M(1979M) 8.342ms
[2293.311s][info][gc,cpu         ] GC(1504) User=0.00s Sys=0.00s Real=0.01s
[2294.707s][info][gc,start       ] GC(1505) Pause Young (Allocation Failure)
[2294.724s][info][gc,heap        ] GC(1505) DefNew: 567618K->11243K(629120K)
[2294.724s][info][gc,heap        ] GC(1505) Tenured: 62505K->62505K(1398144K)
[2294.724s][info][gc,metaspace   ] GC(1505) Metaspace: 90931K(98224K)->90931K(98224K) NonClass: 79562K(83632K)->79562K(83632K) Class: 11369K(14592K)->11369K(14592K)
[2294.724s][info][gc             ] GC(1505) Pause Young (Allocation Failure) 615M->72M(1979M) 17.668ms
[2294.724s][info][gc,cpu         ] GC(1505) User=0.00s Sys=0.00s Real=0.02s
[2295.130s][info][gc,start       ] GC(1506) Pause Young (GCLocker Initiated GC)
[2295.137s][info][gc,heap        ] GC(1506) DefNew: 570576K->10071K(629120K)
[2295.137s][info][gc,heap        ] GC(1506) Tenured: 62505K->62505K(1398144K)
[2295.137s][info][gc,metaspace   ] GC(1506) Metaspace: 90931K(98224K)->90931K(98224K) NonClass: 79562K(83632K)->79562K(83632K) Class: 11369K(14592K)->11369K(14592K)
[2295.137s][info][gc             ] GC(1506) Pause Young (GCLocker Initiated GC) 618M->70M(1979M) 7.387ms
[2295.137s][info][gc,cpu         ] GC(1506) User=0.00s Sys=0.00s Real=0.01s
[2297.322s][info][gc,start       ] GC(1507) Pause Young (Allocation Failure)
[2297.328s][info][gc,heap        ] GC(1507) DefNew: 567244K->6269K(629120K)
[2297.328s][info][gc,heap        ] GC(1507) Tenured: 62505K->62505K(1398144K)
[2297.328s][info][gc,metaspace   ] GC(1507) Metaspace: 90931K(98224K)->90931K(98224K) NonClass: 79562K(83632K)->79562K(83632K) Class: 11369K(14592K)->11369K(14592K)
[2297.328s][info][gc             ] GC(1507) Pause Young (Allocation Failure) 614M->67M(1979M) 6.518ms
[2297.328s][info][gc,cpu         ] GC(1507) User=0.00s Sys=0.00s Real=0.01s
[2299.345s][info][gc,start       ] GC(1508) Pause Young (Allocation Failure)
[2299.353s][info][gc,heap        ] GC(1508) DefNew: 565501K->9085K(629120K)
[2299.353s][info][gc,heap        ] GC(1508) Tenured: 62505K->62964K(1398144K)
[2299.353s][info][gc,metaspace   ] GC(1508) Metaspace: 90931K(98224K)->90931K(98224K) NonClass: 79562K(83632K)->79562K(83632K) Class: 11369K(14592K)->11369K(14592K)
[2299.353s][info][gc             ] GC(1508) Pause Young (Allocation Failure) 613M->70M(1979M) 8.126ms
[2299.353s][info][gc,cpu         ] GC(1508) User=0.00s Sys=0.00s Real=0.01s
[2301.272s][info][gc,start       ] GC(1509) Pause Young (Allocation Failure)
[2301.282s][info][gc,heap        ] GC(1509) DefNew: 568317K->8262K(629120K)
[2301.282s][info][gc,heap        ] GC(1509) Tenured: 62964K->63152K(1398144K)
[2301.282s][info][gc,metaspace   ] GC(1509) Metaspace: 90931K(98224K)->90931K(98224K) NonClass: 79562K(83632K)->79562K(83632K) Class: 11369K(14592K)->11369K(14592K)
[2301.282s][info][gc             ] GC(1509) Pause Young (Allocation Failure) 616M->69M(1979M) 10.200ms
[2301.282s][info][gc,cpu         ] GC(1509) User=0.00s Sys=0.00s Real=0.01s
[2301.915s][info][gc,start       ] GC(1510) Pause Young (Allocation Failure)
[2301.923s][info][gc,heap        ] GC(1510) DefNew: 566763K->17219K(629120K)
[2301.923s][info][gc,heap        ] GC(1510) Tenured: 63152K->63341K(1398144K)
[2301.923s][info][gc,metaspace   ] GC(1510) Metaspace: 90931K(98224K)->90931K(98224K) NonClass: 79562K(83632K)->79562K(83632K) Class: 11369K(14592K)->11369K(14592K)
[2301.923s][info][gc             ] GC(1510) Pause Young (Allocation Failure) 615M->78M(1979M) 8.276ms
[2301.923s][info][gc,cpu         ] GC(1510) User=0.00s Sys=0.00s Real=0.01s
[2303.297s][info][gc,start       ] GC(1511) Pause Young (Allocation Failure)
[2303.305s][info][gc,heap        ] GC(1511) DefNew: 576451K->6334K(629120K)
[2303.305s][info][gc,heap        ] GC(1511) Tenured: 63341K->63489K(1398144K)
[2303.305s][info][gc,metaspace   ] GC(1511) Metaspace: 90931K(98224K)->90931K(98224K) NonClass: 79562K(83632K)->79562K(83632K) Class: 11369K(14592K)->11369K(14592K)
[2303.305s][info][gc             ] GC(1511) Pause Young (Allocation Failure) 624M->68M(1979M) 7.736ms
[2303.305s][info][gc,cpu         ] GC(1511) User=0.02s Sys=0.00s Real=0.01s
[2305.176s][info][gc,start       ] GC(1512) Pause Young (Allocation Failure)
[2305.185s][info][gc,heap        ] GC(1512) DefNew: 565566K->9022K(629120K)
[2305.185s][info][gc,heap        ] GC(1512) Tenured: 63489K->63556K(1398144K)
[2305.185s][info][gc,metaspace   ] GC(1512) Metaspace: 90931K(98224K)->90931K(98224K) NonClass: 79562K(83632K)->79562K(83632K) Class: 11369K(14592K)->11369K(14592K)
[2305.185s][info][gc             ] GC(1512) Pause Young (Allocation Failure) 614M->70M(1979M) 9.141ms
[2305.185s][info][gc,cpu         ] GC(1512) User=0.00s Sys=0.00s Real=0.01s
[2305.780s][info][gc,start       ] GC(1513) Pause Young (Allocation Failure)
[2305.788s][info][gc,heap        ] GC(1513) DefNew: 565286K->9238K(629120K)
[2305.788s][info][gc,heap        ] GC(1513) Tenured: 63556K->63743K(1398144K)
[2305.788s][info][gc,metaspace   ] GC(1513) Metaspace: 90931K(98224K)->90931K(98224K) NonClass: 79562K(83632K)->79562K(83632K) Class: 11369K(14592K)->11369K(14592K)
[2305.788s][info][gc             ] GC(1513) Pause Young (Allocation Failure) 614M->71M(1979M) 8.117ms
[2305.788s][info][gc,cpu         ] GC(1513) User=0.02s Sys=0.00s Real=0.01s
[2310.037s][info][gc,start       ] GC(1514) Pause Young (Allocation Failure)
[2310.043s][info][gc,heap        ] GC(1514) DefNew: 568206K->5704K(629120K)
[2310.043s][info][gc,heap        ] GC(1514) Tenured: 63743K->63880K(1398144K)
[2310.043s][info][gc,metaspace   ] GC(1514) Metaspace: 90931K(98224K)->90931K(98224K) NonClass: 79562K(83632K)->79562K(83632K) Class: 11369K(14592K)->11369K(14592K)
[2310.044s][info][gc             ] GC(1514) Pause Young (Allocation Failure) 617M->67M(1979M) 6.342ms
[2310.044s][info][gc,cpu         ] GC(1514) User=0.00s Sys=0.00s Real=0.01s
[2311.923s][info][gc,start       ] GC(1515) Pause Young (Allocation Failure)
[2311.932s][info][gc,heap        ] GC(1515) DefNew: 564936K->8071K(629120K)
[2311.932s][info][gc,heap        ] GC(1515) Tenured: 63880K->64041K(1398144K)
[2311.932s][info][gc,metaspace   ] GC(1515) Metaspace: 90931K(98224K)->90931K(98224K) NonClass: 79562K(83632K)->79562K(83632K) Class: 11369K(14592K)->11369K(14592K)
[2311.932s][info][gc             ] GC(1515) Pause Young (Allocation Failure) 614M->70M(1979M) 8.903ms
[2311.932s][info][gc,cpu         ] GC(1515) User=0.00s Sys=0.00s Real=0.01s
[2312.405s][info][gc,start       ] GC(1516) Pause Young (Allocation Failure)
[2312.412s][info][gc,heap        ] GC(1516) DefNew: 563547K->8712K(629120K)
[2312.412s][info][gc,heap        ] GC(1516) Tenured: 64041K->64169K(1398144K)
[2312.412s][info][gc,metaspace   ] GC(1516) Metaspace: 90931K(98224K)->90931K(98224K) NonClass: 79562K(83632K)->79562K(83632K) Class: 11369K(14592K)->11369K(14592K)
[2312.412s][info][gc             ] GC(1516) Pause Young (Allocation Failure) 612M->71M(1979M) 7.374ms
[2312.412s][info][gc,cpu         ] GC(1516) User=0.05s Sys=0.00s Real=0.01s
[2313.893s][info][gc,start       ] GC(1517) Pause Young (Allocation Failure)
[2313.901s][info][gc,heap        ] GC(1517) DefNew: 567944K->6841K(629120K)
[2313.901s][info][gc,heap        ] GC(1517) Tenured: 64169K->64277K(1398144K)
[2313.901s][info][gc,metaspace   ] GC(1517) Metaspace: 90931K(98224K)->90931K(98224K) NonClass: 79562K(83632K)->79562K(83632K) Class: 11369K(14592K)->11369K(14592K)
[2313.901s][info][gc             ] GC(1517) Pause Young (Allocation Failure) 617M->69M(1979M) 7.942ms
[2313.901s][info][gc,cpu         ] GC(1517) User=0.00s Sys=0.00s Real=0.01s
[2315.661s][info][gc,start       ] GC(1518) Pause Young (Allocation Failure)
[2315.672s][info][gc,heap        ] GC(1518) DefNew: 566073K->8634K(629120K)
[2315.672s][info][gc,heap        ] GC(1518) Tenured: 64277K->64440K(1398144K)
[2315.672s][info][gc,metaspace   ] GC(1518) Metaspace: 90931K(98224K)->90931K(98224K) NonClass: 79562K(83632K)->79562K(83632K) Class: 11369K(14592K)->11369K(14592K)
[2315.672s][info][gc             ] GC(1518) Pause Young (Allocation Failure) 615M->71M(1979M) 10.379ms
[2315.672s][info][gc,cpu         ] GC(1518) User=0.00s Sys=0.00s Real=0.01s
[2316.168s][info][gc,start       ] GC(1519) Pause Young (Allocation Failure)
[2316.176s][info][gc,heap        ] GC(1519) DefNew: 564580K->9344K(629120K)
[2316.176s][info][gc,heap        ] GC(1519) Tenured: 64440K->64627K(1398144K)
[2316.176s][info][gc,metaspace   ] GC(1519) Metaspace: 90931K(98224K)->90931K(98224K) NonClass: 79562K(83632K)->79562K(83632K) Class: 11369K(14592K)->11369K(14592K)
[2316.176s][info][gc             ] GC(1519) Pause Young (Allocation Failure) 614M->72M(1979M) 7.679ms
[2316.176s][info][gc,cpu         ] GC(1519) User=0.00s Sys=0.00s Real=0.01s
[2317.693s][info][gc,start       ] GC(1520) Pause Young (Allocation Failure)
[2317.701s][info][gc,heap        ] GC(1520) DefNew: 568576K->7199K(629120K)
[2317.701s][info][gc,heap        ] GC(1520) Tenured: 64627K->64749K(1398144K)
[2317.701s][info][gc,metaspace   ] GC(1520) Metaspace: 90931K(98224K)->90931K(98224K) NonClass: 79562K(83632K)->79562K(83632K) Class: 11369K(14592K)->11369K(14592K)
[2317.701s][info][gc             ] GC(1520) Pause Young (Allocation Failure) 618M->70M(1979M) 7.694ms
[2317.701s][info][gc,cpu         ] GC(1520) User=0.00s Sys=0.00s Real=0.01s
[2319.655s][info][gc,start       ] GC(1521) Pause Young (Allocation Failure)
[2319.665s][info][gc,heap        ] GC(1521) DefNew: 566431K->8273K(629120K)
[2319.665s][info][gc,heap        ] GC(1521) Tenured: 64749K->64830K(1398144K)
[2319.665s][info][gc,metaspace   ] GC(1521) Metaspace: 90931K(98224K)->90931K(98224K) NonClass: 79562K(83632K)->79562K(83632K) Class: 11369K(14592K)->11369K(14592K)
[2319.665s][info][gc             ] GC(1521) Pause Young (Allocation Failure) 616M->71M(1979M) 9.883ms
[2319.665s][info][gc,cpu         ] GC(1521) User=0.00s Sys=0.00s Real=0.01s
[2320.404s][info][gc,start       ] GC(1522) Pause Young (Allocation Failure)
[2320.412s][info][gc,heap        ] GC(1522) DefNew: 567505K->7442K(629120K)
[2320.412s][info][gc,heap        ] GC(1522) Tenured: 64830K->65024K(1398144K)
[2320.412s][info][gc,metaspace   ] GC(1522) Metaspace: 90931K(98224K)->90931K(98224K) NonClass: 79562K(83632K)->79562K(83632K) Class: 11369K(14592K)->11369K(14592K)
[2320.412s][info][gc             ] GC(1522) Pause Young (Allocation Failure) 617M->70M(1979M) 8.277ms
[2320.412s][info][gc,cpu         ] GC(1522) User=0.02s Sys=0.00s Real=0.01s
[2320.423s][info][gc,start       ] GC(1523) Pause Full (System.gc())
[2320.424s][info][gc,phases,start] GC(1523) Phase 1: Mark live objects
[2320.478s][info][gc,phases      ] GC(1523) Phase 1: Mark live objects 53.845ms
[2320.478s][info][gc,phases,start] GC(1523) Phase 2: Compute new object addresses
[2320.492s][info][gc,phases      ] GC(1523) Phase 2: Compute new object addresses 13.958ms
[2320.492s][info][gc,phases,start] GC(1523) Phase 3: Adjust pointers
[2320.523s][info][gc,phases      ] GC(1523) Phase 3: Adjust pointers 31.079ms
[2320.523s][info][gc,phases,start] GC(1523) Phase 4: Move objects
[2320.524s][info][gc,phases      ] GC(1523) Phase 4: Move objects 0.957ms
[2320.525s][info][gc,heap        ] GC(1523) DefNew: 38459K->0K(629120K)
[2320.525s][info][gc,heap        ] GC(1523) Tenured: 65024K->69500K(1398144K)
[2320.525s][info][gc,metaspace   ] GC(1523) Metaspace: 90931K(98224K)->90931K(98224K) NonClass: 79562K(83632K)->79562K(83632K) Class: 11369K(14592K)->11369K(14592K)
[2320.525s][info][gc             ] GC(1523) Pause Full (System.gc()) 101M->67M(1979M) 102.787ms
[2320.525s][info][gc,cpu         ] GC(1523) User=0.08s Sys=0.00s Real=0.10s
[2321.049s][info][gc,start       ] GC(1524) Pause Young (Allocation Failure)
[2321.053s][info][gc,heap        ] GC(1524) DefNew: 559232K->3061K(629120K)
[2321.053s][info][gc,heap        ] GC(1524) Tenured: 69500K->69500K(1398144K)
[2321.053s][info][gc,metaspace   ] GC(1524) Metaspace: 90931K(98224K)->90931K(98224K) NonClass: 79562K(83632K)->79562K(83632K) Class: 11369K(14592K)->11369K(14592K)
[2321.053s][info][gc             ] GC(1524) Pause Young (Allocation Failure) 613M->70M(1979M) 3.973ms
[2321.053s][info][gc,cpu         ] GC(1524) User=0.00s Sys=0.00s Real=0.00s
[2323.106s][info][gc,start       ] GC(1525) Pause Young (Allocation Failure)
[2323.111s][info][gc,heap        ] GC(1525) DefNew: 562210K->4392K(629120K)
[2323.111s][info][gc,heap        ] GC(1525) Tenured: 69500K->69500K(1398144K)
[2323.111s][info][gc,metaspace   ] GC(1525) Metaspace: 90931K(98224K)->90931K(98224K) NonClass: 79562K(83632K)->79562K(83632K) Class: 11369K(14592K)->11369K(14592K)
[2323.111s][info][gc             ] GC(1525) Pause Young (Allocation Failure) 616M->72M(1979M) 4.707ms
[2323.111s][info][gc,cpu         ] GC(1525) User=0.00s Sys=0.00s Real=0.00s
[2325.118s][info][gc,start       ] GC(1526) Pause Young (Allocation Failure)
[2325.123s][info][gc,heap        ] GC(1526) DefNew: 563440K->4890K(629120K)
[2325.123s][info][gc,heap        ] GC(1526) Tenured: 69500K->69500K(1398144K)
[2325.123s][info][gc,metaspace   ] GC(1526) Metaspace: 90931K(98224K)->90931K(98224K) NonClass: 79562K(83632K)->79562K(83632K) Class: 11369K(14592K)->11369K(14592K)
[2325.123s][info][gc             ] GC(1526) Pause Young (Allocation Failure) 618M->72M(1979M) 5.381ms
[2325.123s][info][gc,cpu         ] GC(1526) User=0.00s Sys=0.00s Real=0.01s
[2326.880s][info][gc,start       ] GC(1527) Pause Young (Allocation Failure)
[2326.891s][info][gc,heap        ] GC(1527) DefNew: 564122K->7389K(629120K)
[2326.891s][info][gc,heap        ] GC(1527) Tenured: 69500K->69500K(1398144K)
[2326.891s][info][gc,metaspace   ] GC(1527) Metaspace: 90931K(98224K)->90931K(98224K) NonClass: 79562K(83632K)->79562K(83632K) Class: 11369K(14592K)->11369K(14592K)
[2326.891s][info][gc             ] GC(1527) Pause Young (Allocation Failure) 618M->75M(1979M) 10.986ms
[2326.891s][info][gc,cpu         ] GC(1527) User=0.00s Sys=0.00s Real=0.01s
[2327.429s][info][gc,start       ] GC(1528) Pause Young (Allocation Failure)
[2327.436s][info][gc,heap        ] GC(1528) DefNew: 564635K->7620K(629120K)
[2327.436s][info][gc,heap        ] GC(1528) Tenured: 69500K->69500K(1398144K)
[2327.436s][info][gc,metaspace   ] GC(1528) Metaspace: 90931K(98224K)->90931K(98224K) NonClass: 79562K(83632K)->79562K(83632K) Class: 11369K(14592K)->11369K(14592K)
[2327.436s][info][gc             ] GC(1528) Pause Young (Allocation Failure) 619M->75M(1979M) 7.404ms
[2327.436s][info][gc,cpu         ] GC(1528) User=0.00s Sys=0.00s Real=0.01s
[2328.942s][info][gc,start       ] GC(1529) Pause Young (Allocation Failure)
[2328.949s][info][gc,heap        ] GC(1529) DefNew: 566852K->6444K(629120K)
[2328.949s][info][gc,heap        ] GC(1529) Tenured: 69500K->69500K(1398144K)
[2328.949s][info][gc,metaspace   ] GC(1529) Metaspace: 90931K(98224K)->90931K(98224K) NonClass: 79562K(83632K)->79562K(83632K) Class: 11369K(14592K)->11369K(14592K)
[2328.949s][info][gc             ] GC(1529) Pause Young (Allocation Failure) 621M->74M(1979M) 6.507ms
[2328.949s][info][gc,cpu         ] GC(1529) User=0.00s Sys=0.00s Real=0.01s
[2330.964s][info][gc,start       ] GC(1530) Pause Young (Allocation Failure)
[2330.969s][info][gc,heap        ] GC(1530) DefNew: 565676K->5383K(629120K)
[2330.969s][info][gc,heap        ] GC(1530) Tenured: 69500K->69500K(1398144K)
[2330.969s][info][gc,metaspace   ] GC(1530) Metaspace: 90931K(98224K)->90931K(98224K) NonClass: 79562K(83632K)->79562K(83632K) Class: 11369K(14592K)->11369K(14592K)
[2330.969s][info][gc             ] GC(1530) Pause Young (Allocation Failure) 620M->73M(1979M) 5.272ms
[2330.969s][info][gc,cpu         ] GC(1530) User=0.00s Sys=0.00s Real=0.00s
[2333.486s][info][gc,start       ] GC(1531) Pause Young (Allocation Failure)
[2333.492s][info][gc,heap        ] GC(1531) DefNew: 563932K->5935K(629120K)
[2333.492s][info][gc,heap        ] GC(1531) Tenured: 69500K->69500K(1398144K)
[2333.492s][info][gc,metaspace   ] GC(1531) Metaspace: 90931K(98224K)->90931K(98224K) NonClass: 79562K(83632K)->79562K(83632K) Class: 11369K(14592K)->11369K(14592K)
[2333.492s][info][gc             ] GC(1531) Pause Young (Allocation Failure) 618M->73M(1979M) 6.089ms
[2333.493s][info][gc,cpu         ] GC(1531) User=0.00s Sys=0.00s Real=0.01s
[2334.131s][info][gc,start       ] GC(1532) Pause Young (Allocation Failure)
[2334.139s][info][gc,heap        ] GC(1532) DefNew: 561951K->16243K(629120K)
[2334.139s][info][gc,heap        ] GC(1532) Tenured: 69500K->69500K(1398144K)
[2334.139s][info][gc,metaspace   ] GC(1532) Metaspace: 90931K(98224K)->90931K(98224K) NonClass: 79562K(83632K)->79562K(83632K) Class: 11369K(14592K)->11369K(14592K)
[2334.139s][info][gc             ] GC(1532) Pause Young (Allocation Failure) 616M->83M(1979M) 8.863ms
[2334.139s][info][gc,cpu         ] GC(1532) User=0.00s Sys=0.00s Real=0.01s
[2334.844s][info][gc,start       ] GC(1533) Pause Young (Allocation Failure)
[2334.850s][info][gc,heap        ] GC(1533) DefNew: 575316K->5304K(629120K)
[2334.850s][info][gc,heap        ] GC(1533) Tenured: 69500K->69500K(1398144K)
[2334.850s][info][gc,metaspace   ] GC(1533) Metaspace: 90932K(98224K)->90932K(98224K) NonClass: 79562K(83632K)->79562K(83632K) Class: 11369K(14592K)->11369K(14592K)
[2334.850s][info][gc             ] GC(1533) Pause Young (Allocation Failure) 629M->73M(1979M) 5.920ms
[2334.850s][info][gc,cpu         ] GC(1533) User=0.00s Sys=0.00s Real=0.01s
[2337.351s][info][gc,start       ] GC(1534) Pause Young (Allocation Failure)
[2337.357s][info][gc,heap        ] GC(1534) DefNew: 563414K->6311K(629120K)
[2337.357s][info][gc,heap        ] GC(1534) Tenured: 69500K->69500K(1398144K)
[2337.357s][info][gc,metaspace   ] GC(1534) Metaspace: 90932K(98224K)->90932K(98224K) NonClass: 79562K(83632K)->79562K(83632K) Class: 11369K(14592K)->11369K(14592K)
[2337.357s][info][gc             ] GC(1534) Pause Young (Allocation Failure) 618M->74M(1979M) 6.053ms
[2337.357s][info][gc,cpu         ] GC(1534) User=0.00s Sys=0.00s Real=0.01s
[2339.400s][info][gc,start       ] GC(1535) Pause Young (Allocation Failure)
[2339.408s][info][gc,heap        ] GC(1535) DefNew: 564786K->6671K(629120K)
[2339.408s][info][gc,heap        ] GC(1535) Tenured: 69500K->69500K(1398144K)
[2339.408s][info][gc,metaspace   ] GC(1535) Metaspace: 90932K(98224K)->90932K(98224K) NonClass: 79562K(83632K)->79562K(83632K) Class: 11369K(14592K)->11369K(14592K)
[2339.408s][info][gc             ] GC(1535) Pause Young (Allocation Failure) 619M->74M(1979M) 7.947ms
[2339.408s][info][gc,cpu         ] GC(1535) User=0.02s Sys=0.00s Real=0.01s
[2340.715s][info][gc,start       ] GC(1536) Pause Young (Allocation Failure)
[2340.733s][info][gc,heap        ] GC(1536) DefNew: 565903K->11429K(629120K)
[2340.733s][info][gc,heap        ] GC(1536) Tenured: 69500K->69500K(1398144K)
[2340.733s][info][gc,metaspace   ] GC(1536) Metaspace: 90932K(98224K)->90932K(98224K) NonClass: 79562K(83632K)->79562K(83632K) Class: 11369K(14592K)->11369K(14592K)
[2340.733s][info][gc             ] GC(1536) Pause Young (Allocation Failure) 620M->79M(1979M) 17.937ms
[2340.733s][info][gc,cpu         ] GC(1536) User=0.00s Sys=0.00s Real=0.02s
[2341.186s][info][gc,start       ] GC(1537) Pause Young (Allocation Failure)
[2341.193s][info][gc,heap        ] GC(1537) DefNew: 570395K->8723K(629120K)
[2341.193s][info][gc,heap        ] GC(1537) Tenured: 69500K->69500K(1398144K)
[2341.193s][info][gc,metaspace   ] GC(1537) Metaspace: 90932K(98224K)->90932K(98224K) NonClass: 79562K(83632K)->79562K(83632K) Class: 11369K(14592K)->11369K(14592K)
[2341.193s][info][gc             ] GC(1537) Pause Young (Allocation Failure) 624M->76M(1979M) 7.073ms
[2341.193s][info][gc,cpu         ] GC(1537) User=0.00s Sys=0.00s Real=0.01s
[2343.202s][info][gc,start       ] GC(1538) Pause Young (Allocation Failure)
[2343.210s][info][gc,heap        ] GC(1538) DefNew: 567955K->7223K(629120K)
[2343.210s][info][gc,heap        ] GC(1538) Tenured: 69500K->69500K(1398144K)
[2343.210s][info][gc,metaspace   ] GC(1538) Metaspace: 90932K(98224K)->90932K(98224K) NonClass: 79562K(83632K)->79562K(83632K) Class: 11369K(14592K)->11369K(14592K)
[2343.211s][info][gc             ] GC(1538) Pause Young (Allocation Failure) 622M->74M(1979M) 8.853ms
[2343.211s][info][gc,cpu         ] GC(1538) User=0.00s Sys=0.00s Real=0.01s
[2345.202s][info][gc,start       ] GC(1539) Pause Young (Allocation Failure)
[2345.210s][info][gc,heap        ] GC(1539) DefNew: 565896K->6293K(629120K)
[2345.210s][info][gc,heap        ] GC(1539) Tenured: 69500K->69966K(1398144K)
[2345.210s][info][gc,metaspace   ] GC(1539) Metaspace: 90932K(98224K)->90932K(98224K) NonClass: 79562K(83632K)->79562K(83632K) Class: 11369K(14592K)->11369K(14592K)
[2345.210s][info][gc             ] GC(1539) Pause Young (Allocation Failure) 620M->74M(1979M) 7.560ms
[2345.210s][info][gc,cpu         ] GC(1539) User=0.00s Sys=0.00s Real=0.01s
[2347.055s][info][gc,start       ] GC(1540) Pause Young (Allocation Failure)
[2347.065s][info][gc,heap        ] GC(1540) DefNew: 565525K->8331K(629120K)
[2347.065s][info][gc,heap        ] GC(1540) Tenured: 69966K->70175K(1398144K)
[2347.065s][info][gc,metaspace   ] GC(1540) Metaspace: 90932K(98224K)->90932K(98224K) NonClass: 79562K(83632K)->79562K(83632K) Class: 11369K(14592K)->11369K(14592K)
[2347.065s][info][gc             ] GC(1540) Pause Young (Allocation Failure) 620M->76M(1979M) 9.297ms
[2347.065s][info][gc,cpu         ] GC(1540) User=0.00s Sys=0.00s Real=0.01s
[2347.697s][info][gc,start       ] GC(1541) Pause Young (GCLocker Initiated GC)
[2347.705s][info][gc,heap        ] GC(1541) DefNew: 569135K->13039K(629120K)
[2347.705s][info][gc,heap        ] GC(1541) Tenured: 70175K->70364K(1398144K)
[2347.705s][info][gc,metaspace   ] GC(1541) Metaspace: 90932K(98224K)->90932K(98224K) NonClass: 79562K(83632K)->79562K(83632K) Class: 11369K(14592K)->11369K(14592K)
[2347.705s][info][gc             ] GC(1541) Pause Young (GCLocker Initiated GC) 624M->81M(1979M) 8.033ms
[2347.705s][info][gc,cpu         ] GC(1541) User=0.00s Sys=0.00s Real=0.01s
[2349.105s][info][gc,start       ] GC(1542) Pause Young (Allocation Failure)
[2349.112s][info][gc,heap        ] GC(1542) DefNew: 572271K->6121K(629120K)
[2349.112s][info][gc,heap        ] GC(1542) Tenured: 70364K->70511K(1398144K)
[2349.112s][info][gc,metaspace   ] GC(1542) Metaspace: 90932K(98224K)->90932K(98224K) NonClass: 79562K(83632K)->79562K(83632K) Class: 11369K(14592K)->11369K(14592K)
[2349.112s][info][gc             ] GC(1542) Pause Young (Allocation Failure) 627M->74M(1979M) 7.398ms
[2349.112s][info][gc,cpu         ] GC(1542) User=0.00s Sys=0.00s Real=0.01s
[2350.922s][info][gc,start       ] GC(1543) Pause Young (Allocation Failure)
[2350.930s][info][gc,heap        ] GC(1543) DefNew: 564858K->7861K(629120K)
[2350.930s][info][gc,heap        ] GC(1543) Tenured: 70511K->70575K(1398144K)
[2350.930s][info][gc,metaspace   ] GC(1543) Metaspace: 90932K(98224K)->90932K(98224K) NonClass: 79562K(83632K)->79562K(83632K) Class: 11369K(14592K)->11369K(14592K)
[2350.930s][info][gc             ] GC(1543) Pause Young (Allocation Failure) 620M->76M(1979M) 8.572ms
[2350.931s][info][gc,cpu         ] GC(1543) User=0.00s Sys=0.00s Real=0.01s
[2351.458s][info][gc,start       ] GC(1544) Pause Young (Allocation Failure)
[2351.466s][info][gc,heap        ] GC(1544) DefNew: 565690K->13897K(629120K)
[2351.466s][info][gc,heap        ] GC(1544) Tenured: 70575K->70757K(1398144K)
[2351.466s][info][gc,metaspace   ] GC(1544) Metaspace: 90932K(98224K)->90932K(98224K) NonClass: 79562K(83632K)->79562K(83632K) Class: 11369K(14592K)->11369K(14592K)
[2351.466s][info][gc             ] GC(1544) Pause Young (Allocation Failure) 621M->82M(1979M) 8.138ms
[2351.466s][info][gc,cpu         ] GC(1544) User=0.00s Sys=0.00s Real=0.01s
[2352.999s][info][gc,start       ] GC(1545) Pause Young (Allocation Failure)
[2353.005s][info][gc,heap        ] GC(1545) DefNew: 569108K->5753K(629120K)
[2353.005s][info][gc,heap        ] GC(1545) Tenured: 70757K->70897K(1398144K)
[2353.005s][info][gc,metaspace   ] GC(1545) Metaspace: 90932K(98224K)->90932K(98224K) NonClass: 79562K(83632K)->79562K(83632K) Class: 11369K(14592K)->11369K(14592K)
[2353.005s][info][gc             ] GC(1545) Pause Young (Allocation Failure) 624M->74M(1979M) 6.172ms
[2353.005s][info][gc,cpu         ] GC(1545) User=0.00s Sys=0.00s Real=0.01s
[2354.895s][info][gc,start       ] GC(1546) Pause Young (Allocation Failure)
[2354.904s][info][gc,heap        ] GC(1546) DefNew: 564985K->8169K(629120K)
[2354.904s][info][gc,heap        ] GC(1546) Tenured: 70897K->71059K(1398144K)
[2354.904s][info][gc,metaspace   ] GC(1546) Metaspace: 90932K(98224K)->90932K(98224K) NonClass: 79562K(83632K)->79562K(83632K) Class: 11369K(14592K)->11369K(14592K)
[2354.904s][info][gc             ] GC(1546) Pause Young (Allocation Failure) 620M->77M(1979M) 8.982ms
[2354.904s][info][gc,cpu         ] GC(1546) User=0.00s Sys=0.00s Real=0.01s
[2355.367s][info][gc,start       ] GC(1547) Pause Young (GCLocker Initiated GC)
[2355.375s][info][gc,heap        ] GC(1547) DefNew: 571497K->13542K(629120K)
[2355.375s][info][gc,heap        ] GC(1547) Tenured: 71059K->71183K(1398144K)
[2355.375s][info][gc,metaspace   ] GC(1547) Metaspace: 90932K(98224K)->90932K(98224K) NonClass: 79562K(83632K)->79562K(83632K) Class: 11369K(14592K)->11369K(14592K)
[2355.375s][info][gc             ] GC(1547) Pause Young (GCLocker Initiated GC) 627M->82M(1979M) 8.152ms
[2355.375s][info][gc,cpu         ] GC(1547) User=0.00s Sys=0.00s Real=0.01s
[2356.869s][info][gc,start       ] GC(1548) Pause Young (Allocation Failure)
[2356.876s][info][gc,heap        ] GC(1548) DefNew: 572774K->8263K(629120K)
[2356.876s][info][gc,heap        ] GC(1548) Tenured: 71183K->71292K(1398144K)
[2356.876s][info][gc,metaspace   ] GC(1548) Metaspace: 90932K(98224K)->90932K(98224K) NonClass: 79562K(83632K)->79562K(83632K) Class: 11369K(14592K)->11369K(14592K)
[2356.876s][info][gc             ] GC(1548) Pause Young (Allocation Failure) 628M->77M(1979M) 7.607ms
[2356.876s][info][gc,cpu         ] GC(1548) User=0.00s Sys=0.00s Real=0.01s
[2358.651s][info][gc,start       ] GC(1549) Pause Young (Allocation Failure)
[2358.660s][info][gc,heap        ] GC(1549) DefNew: 567495K->8586K(629120K)
[2358.660s][info][gc,heap        ] GC(1549) Tenured: 71292K->71453K(1398144K)
[2358.660s][info][gc,metaspace   ] GC(1549) Metaspace: 90932K(98224K)->90932K(98224K) NonClass: 79562K(83632K)->79562K(83632K) Class: 11369K(14592K)->11369K(14592K)
[2358.661s][info][gc             ] GC(1549) Pause Young (Allocation Failure) 623M->78M(1979M) 9.397ms
[2358.661s][info][gc,cpu         ] GC(1549) User=0.00s Sys=0.00s Real=0.01s
[2359.144s][info][gc,start       ] GC(1550) Pause Young (Allocation Failure)
[2359.151s][info][gc,heap        ] GC(1550) DefNew: 565834K->8428K(629120K)
[2359.151s][info][gc,heap        ] GC(1550) Tenured: 71453K->71638K(1398144K)
[2359.151s][info][gc,metaspace   ] GC(1550) Metaspace: 90932K(98224K)->90932K(98224K) NonClass: 79562K(83632K)->79562K(83632K) Class: 11369K(14592K)->11369K(14592K)
[2359.152s][info][gc             ] GC(1550) Pause Young (Allocation Failure) 622M->78M(1979M) 7.593ms
[2359.152s][info][gc,cpu         ] GC(1550) User=0.00s Sys=0.00s Real=0.01s
[2360.703s][info][gc,start       ] GC(1551) Pause Young (Allocation Failure)
[2360.710s][info][gc,heap        ] GC(1551) DefNew: 566061K->5695K(629120K)
[2360.710s][info][gc,heap        ] GC(1551) Tenured: 71638K->71761K(1398144K)
[2360.710s][info][gc,metaspace   ] GC(1551) Metaspace: 90932K(98224K)->90932K(98224K) NonClass: 79562K(83632K)->79562K(83632K) Class: 11369K(14592K)->11369K(14592K)
[2360.710s][info][gc             ] GC(1551) Pause Young (Allocation Failure) 622M->75M(1979M) 6.340ms
[2360.710s][info][gc,cpu         ] GC(1551) User=0.00s Sys=0.00s Real=0.01s
[2362.525s][info][gc,start       ] GC(1552) Pause Young (GCLocker Initiated GC)
[2362.536s][info][gc,heap        ] GC(1552) DefNew: 564933K->8516K(629120K)
[2362.536s][info][gc,heap        ] GC(1552) Tenured: 71761K->71918K(1398144K)
[2362.536s][info][gc,metaspace   ] GC(1552) Metaspace: 90932K(98224K)->90932K(98224K) NonClass: 79562K(83632K)->79562K(83632K) Class: 11369K(14592K)->11369K(14592K)
[2362.536s][info][gc             ] GC(1552) Pause Young (GCLocker Initiated GC) 621M->78M(1979M) 10.756ms
[2362.536s][info][gc,cpu         ] GC(1552) User=0.00s Sys=0.00s Real=0.01s
[2363.223s][info][gc,start       ] GC(1553) Pause Young (Allocation Failure)
[2363.231s][info][gc,heap        ] GC(1553) DefNew: 567748K->7433K(629120K)
[2363.231s][info][gc,heap        ] GC(1553) Tenured: 71918K->72112K(1398144K)
[2363.231s][info][gc,metaspace   ] GC(1553) Metaspace: 90932K(98224K)->90932K(98224K) NonClass: 79562K(83632K)->79562K(83632K) Class: 11369K(14592K)->11369K(14592K)
[2363.231s][info][gc             ] GC(1553) Pause Young (Allocation Failure) 624M->77M(1979M) 8.051ms
[2363.231s][info][gc,cpu         ] GC(1553) User=0.00s Sys=0.00s Real=0.01s
[2363.239s][info][gc,start       ] GC(1554) Pause Full (System.gc())
[2363.242s][info][gc,phases,start] GC(1554) Phase 1: Mark live objects
[2363.294s][info][gc,phases      ] GC(1554) Phase 1: Mark live objects 51.771ms
[2363.294s][info][gc,phases,start] GC(1554) Phase 2: Compute new object addresses
[2363.307s][info][gc,phases      ] GC(1554) Phase 2: Compute new object addresses 13.678ms
[2363.307s][info][gc,phases,start] GC(1554) Phase 3: Adjust pointers
[2363.339s][info][gc,phases      ] GC(1554) Phase 3: Adjust pointers 31.755ms
[2363.339s][info][gc,phases,start] GC(1554) Phase 4: Move objects
[2363.340s][info][gc,phases      ] GC(1554) Phase 4: Move objects 1.006ms
[2363.341s][info][gc,heap        ] GC(1554) DefNew: 28308K->0K(629120K)
[2363.341s][info][gc,heap        ] GC(1554) Tenured: 72112K->76563K(1398144K)
[2363.341s][info][gc,metaspace   ] GC(1554) Metaspace: 90932K(98224K)->90932K(98224K) NonClass: 79562K(83632K)->79562K(83632K) Class: 11369K(14592K)->11369K(14592K)
[2363.341s][info][gc             ] GC(1554) Pause Full (System.gc()) 98M->74M(1979M) 102.489ms
[2363.341s][info][gc,cpu         ] GC(1554) User=0.06s Sys=0.00s Real=0.10s
[2363.844s][info][gc,start       ] GC(1555) Pause Young (Allocation Failure)
[2363.847s][info][gc,heap        ] GC(1555) DefNew: 557572K->3111K(629120K)
[2363.848s][info][gc,heap        ] GC(1555) Tenured: 76563K->76563K(1398144K)
[2363.848s][info][gc,metaspace   ] GC(1555) Metaspace: 90932K(98224K)->90932K(98224K) NonClass: 79562K(83632K)->79562K(83632K) Class: 11369K(14592K)->11369K(14592K)
[2363.848s][info][gc             ] GC(1555) Pause Young (Allocation Failure) 619M->77M(1979M) 3.555ms
[2363.848s][info][gc,cpu         ] GC(1555) User=0.00s Sys=0.00s Real=0.00s
[2365.819s][info][gc,start       ] GC(1556) Pause Young (Allocation Failure)
[2365.824s][info][gc,heap        ] GC(1556) DefNew: 560657K->4458K(629120K)
[2365.824s][info][gc,heap        ] GC(1556) Tenured: 76563K->76563K(1398144K)
[2365.824s][info][gc,metaspace   ] GC(1556) Metaspace: 90932K(98224K)->90932K(98224K) NonClass: 79562K(83632K)->79562K(83632K) Class: 11369K(14592K)->11369K(14592K)
[2365.824s][info][gc             ] GC(1556) Pause Young (Allocation Failure) 622M->79M(1979M) 5.110ms
[2365.824s][info][gc,cpu         ] GC(1556) User=0.00s Sys=0.00s Real=0.01s
[2367.844s][info][gc,start       ] GC(1557) Pause Young (Allocation Failure)
[2367.850s][info][gc,heap        ] GC(1557) DefNew: 562980K->5020K(629120K)
[2367.850s][info][gc,heap        ] GC(1557) Tenured: 76563K->76563K(1398144K)
[2367.850s][info][gc,metaspace   ] GC(1557) Metaspace: 90932K(98224K)->90932K(98224K) NonClass: 79562K(83632K)->79562K(83632K) Class: 11369K(14592K)->11369K(14592K)
[2367.850s][info][gc             ] GC(1557) Pause Young (Allocation Failure) 624M->79M(1979M) 5.588ms
[2367.850s][info][gc,cpu         ] GC(1557) User=0.00s Sys=0.00s Real=0.01s
[2369.579s][info][gc,start       ] GC(1558) Pause Young (Allocation Failure)
[2369.588s][info][gc,heap        ] GC(1558) DefNew: 564252K->6978K(629120K)
[2369.588s][info][gc,heap        ] GC(1558) Tenured: 76563K->76563K(1398144K)
[2369.588s][info][gc,metaspace   ] GC(1558) Metaspace: 90932K(98224K)->90932K(98224K) NonClass: 79562K(83632K)->79562K(83632K) Class: 11369K(14592K)->11369K(14592K)
[2369.588s][info][gc             ] GC(1558) Pause Young (Allocation Failure) 625M->81M(1979M) 8.646ms
[2369.588s][info][gc,cpu         ] GC(1558) User=0.00s Sys=0.00s Real=0.01s
[2370.108s][info][gc,start       ] GC(1559) Pause Young (Allocation Failure)
[2370.115s][info][gc,heap        ] GC(1559) DefNew: 563347K->11910K(629120K)
[2370.115s][info][gc,heap        ] GC(1559) Tenured: 76563K->76563K(1398144K)
[2370.115s][info][gc,metaspace   ] GC(1559) Metaspace: 90932K(98224K)->90932K(98224K) NonClass: 79562K(83632K)->79562K(83632K) Class: 11369K(14592K)->11369K(14592K)
[2370.115s][info][gc             ] GC(1559) Pause Young (Allocation Failure) 624M->86M(1979M) 6.947ms
[2370.115s][info][gc,cpu         ] GC(1559) User=0.00s Sys=0.00s Real=0.01s
[2371.565s][info][gc,start       ] GC(1560) Pause Young (Allocation Failure)
[2371.572s][info][gc,heap        ] GC(1560) DefNew: 571142K->6632K(629120K)
[2371.572s][info][gc,heap        ] GC(1560) Tenured: 76563K->76563K(1398144K)
[2371.572s][info][gc,metaspace   ] GC(1560) Metaspace: 90932K(98224K)->90932K(98224K) NonClass: 79562K(83632K)->79562K(83632K) Class: 11369K(14592K)->11369K(14592K)
[2371.572s][info][gc             ] GC(1560) Pause Young (Allocation Failure) 632M->81M(1979M) 7.250ms
[2371.572s][info][gc,cpu         ] GC(1560) User=0.00s Sys=0.00s Real=0.01s
[2373.584s][info][gc,start       ] GC(1561) Pause Young (Allocation Failure)
[2373.590s][info][gc,heap        ] GC(1561) DefNew: 565864K->5247K(629120K)
[2373.590s][info][gc,heap        ] GC(1561) Tenured: 76563K->76563K(1398144K)
[2373.590s][info][gc,metaspace   ] GC(1561) Metaspace: 90932K(98224K)->90932K(98224K) NonClass: 79562K(83632K)->79562K(83632K) Class: 11369K(14592K)->11369K(14592K)
[2373.590s][info][gc             ] GC(1561) Pause Young (Allocation Failure) 627M->79M(1979M) 5.779ms
[2373.590s][info][gc,cpu         ] GC(1561) User=0.00s Sys=0.00s Real=0.01s
[2376.067s][info][gc,start       ] GC(1562) Pause Young (Allocation Failure)
[2376.072s][info][gc,heap        ] GC(1562) DefNew: 563733K->5762K(629120K)
[2376.072s][info][gc,heap        ] GC(1562) Tenured: 76563K->76563K(1398144K)
[2376.072s][info][gc,metaspace   ] GC(1562) Metaspace: 90932K(98224K)->90932K(98224K) NonClass: 79562K(83632K)->79562K(83632K) Class: 11369K(14592K)->11369K(14592K)
[2376.072s][info][gc             ] GC(1562) Pause Young (Allocation Failure) 625M->80M(1979M) 5.404ms
[2376.072s][info][gc,cpu         ] GC(1562) User=0.00s Sys=0.00s Real=0.00s
[2376.685s][info][gc,start       ] GC(1563) Pause Young (GCLocker Initiated GC)
[2376.693s][info][gc,heap        ] GC(1563) DefNew: 567547K->12324K(629120K)
[2376.693s][info][gc,heap        ] GC(1563) Tenured: 76563K->76563K(1398144K)
[2376.693s][info][gc,metaspace   ] GC(1563) Metaspace: 90932K(98224K)->90932K(98224K) NonClass: 79562K(83632K)->79562K(83632K) Class: 11369K(14592K)->11369K(14592K)
[2376.693s][info][gc             ] GC(1563) Pause Young (GCLocker Initiated GC) 629M->86M(1979M) 8.129ms
[2376.693s][info][gc,cpu         ] GC(1563) User=0.00s Sys=0.00s Real=0.01s
[2377.431s][info][gc,start       ] GC(1564) Pause Young (GCLocker Initiated GC)
[2377.437s][info][gc,heap        ] GC(1564) DefNew: 571623K->6162K(629120K)
[2377.437s][info][gc,heap        ] GC(1564) Tenured: 76563K->76563K(1398144K)
[2377.437s][info][gc,metaspace   ] GC(1564) Metaspace: 90932K(98224K)->90932K(98224K) NonClass: 79562K(83632K)->79562K(83632K) Class: 11369K(14592K)->11369K(14592K)
[2377.437s][info][gc             ] GC(1564) Pause Young (GCLocker Initiated GC) 632M->80M(1979M) 6.264ms
[2377.437s][info][gc,cpu         ] GC(1564) User=0.00s Sys=0.00s Real=0.01s
[2379.913s][info][gc,start       ] GC(1565) Pause Young (Allocation Failure)
[2379.920s][info][gc,heap        ] GC(1565) DefNew: 565394K->7298K(629120K)
[2379.920s][info][gc,heap        ] GC(1565) Tenured: 76563K->76563K(1398144K)
[2379.920s][info][gc,metaspace   ] GC(1565) Metaspace: 90932K(98224K)->90932K(98224K) NonClass: 79562K(83632K)->79562K(83632K) Class: 11369K(14592K)->11369K(14592K)
[2379.920s][info][gc             ] GC(1565) Pause Young (Allocation Failure) 626M->81M(1979M) 6.897ms
[2379.920s][info][gc,cpu         ] GC(1565) User=0.00s Sys=0.00s Real=0.01s
[2381.888s][info][gc,start       ] GC(1566) Pause Young (Allocation Failure)
[2381.896s][info][gc,heap        ] GC(1566) DefNew: 566530K->7039K(629120K)
[2381.896s][info][gc,heap        ] GC(1566) Tenured: 76563K->76563K(1398144K)
[2381.896s][info][gc,metaspace   ] GC(1566) Metaspace: 90932K(98224K)->90932K(98224K) NonClass: 79562K(83632K)->79562K(83632K) Class: 11369K(14592K)->11369K(14592K)
[2381.896s][info][gc             ] GC(1566) Pause Young (Allocation Failure) 628M->81M(1979M) 7.632ms
[2381.896s][info][gc,cpu         ] GC(1566) User=0.00s Sys=0.00s Real=0.01s
[2383.197s][info][gc,start       ] GC(1567) Pause Young (Allocation Failure)
[2383.211s][info][gc,heap        ] GC(1567) DefNew: 566271K->9776K(629120K)
[2383.211s][info][gc,heap        ] GC(1567) Tenured: 76563K->76563K(1398144K)
[2383.211s][info][gc,metaspace   ] GC(1567) Metaspace: 90932K(98224K)->90932K(98224K) NonClass: 79562K(83632K)->79562K(83632K) Class: 11369K(14592K)->11369K(14592K)
[2383.211s][info][gc             ] GC(1567) Pause Young (Allocation Failure) 627M->84M(1979M) 13.673ms
[2383.211s][info][gc,cpu         ] GC(1567) User=0.00s Sys=0.00s Real=0.01s
[2383.774s][info][gc,start       ] GC(1568) Pause Young (Allocation Failure)
[2383.781s][info][gc,heap        ] GC(1568) DefNew: 568258K->9322K(629120K)
[2383.781s][info][gc,heap        ] GC(1568) Tenured: 76563K->76563K(1398144K)
[2383.781s][info][gc,metaspace   ] GC(1568) Metaspace: 90932K(98224K)->90932K(98224K) NonClass: 79562K(83632K)->79562K(83632K) Class: 11369K(14592K)->11369K(14592K)
[2383.781s][info][gc             ] GC(1568) Pause Young (Allocation Failure) 629M->83M(1979M) 6.974ms
[2383.781s][info][gc,cpu         ] GC(1568) User=0.00s Sys=0.00s Real=0.01s
[2385.702s][info][gc,start       ] GC(1569) Pause Young (Allocation Failure)
[2385.710s][info][gc,heap        ] GC(1569) DefNew: 568554K->8225K(629120K)
[2385.710s][info][gc,heap        ] GC(1569) Tenured: 76563K->76563K(1398144K)
[2385.710s][info][gc,metaspace   ] GC(1569) Metaspace: 90932K(98224K)->90932K(98224K) NonClass: 79562K(83632K)->79562K(83632K) Class: 11369K(14592K)->11369K(14592K)
[2385.710s][info][gc             ] GC(1569) Pause Young (Allocation Failure) 629M->82M(1979M) 7.732ms
[2385.710s][info][gc,cpu         ] GC(1569) User=0.00s Sys=0.00s Real=0.01s
[2387.783s][info][gc,start       ] GC(1570) Pause Young (Allocation Failure)
[2387.791s][info][gc,heap        ] GC(1570) DefNew: 567457K->6971K(629120K)
[2387.791s][info][gc,heap        ] GC(1570) Tenured: 76563K->77093K(1398144K)
[2387.791s][info][gc,metaspace   ] GC(1570) Metaspace: 90932K(98224K)->90932K(98224K) NonClass: 79562K(83632K)->79562K(83632K) Class: 11369K(14592K)->11369K(14592K)
[2387.791s][info][gc             ] GC(1570) Pause Young (Allocation Failure) 628M->82M(1979M) 8.078ms
[2387.791s][info][gc,cpu         ] GC(1570) User=0.00s Sys=0.00s Real=0.01s
[2389.655s][info][gc,start       ] GC(1571) Pause Young (Allocation Failure)
[2389.664s][info][gc,heap        ] GC(1571) DefNew: 566203K->7503K(629120K)
[2389.664s][info][gc,heap        ] GC(1571) Tenured: 77093K->77282K(1398144K)
[2389.664s][info][gc,metaspace   ] GC(1571) Metaspace: 90932K(98224K)->90932K(98224K) NonClass: 79562K(83632K)->79562K(83632K) Class: 11369K(14592K)->11369K(14592K)
[2389.664s][info][gc             ] GC(1571) Pause Young (Allocation Failure) 628M->82M(1979M) 9.512ms
[2389.664s][info][gc,cpu         ] GC(1571) User=0.00s Sys=0.00s Real=0.01s
[2390.200s][info][gc,start       ] GC(1572) Pause Young (Allocation Failure)
[2390.208s][info][gc,heap        ] GC(1572) DefNew: 563231K->13517K(629120K)
[2390.208s][info][gc,heap        ] GC(1572) Tenured: 77282K->77469K(1398144K)
[2390.208s][info][gc,metaspace   ] GC(1572) Metaspace: 90932K(98224K)->90932K(98224K) NonClass: 79562K(83632K)->79562K(83632K) Class: 11369K(14592K)->11369K(14592K)
[2390.208s][info][gc             ] GC(1572) Pause Young (Allocation Failure) 625M->88M(1979M) 7.948ms
[2390.208s][info][gc,cpu         ] GC(1572) User=0.00s Sys=0.00s Real=0.01s
[2391.648s][info][gc,start       ] GC(1573) Pause Young (Allocation Failure)
[2391.654s][info][gc,heap        ] GC(1573) DefNew: 571911K->5768K(629120K)
[2391.654s][info][gc,heap        ] GC(1573) Tenured: 77469K->77618K(1398144K)
[2391.654s][info][gc,metaspace   ] GC(1573) Metaspace: 90932K(98224K)->90932K(98224K) NonClass: 79562K(83632K)->79562K(83632K) Class: 11369K(14592K)->11369K(14592K)
[2391.654s][info][gc             ] GC(1573) Pause Young (Allocation Failure) 634M->81M(1979M) 6.605ms
[2391.654s][info][gc,cpu         ] GC(1573) User=0.00s Sys=0.00s Real=0.01s
[2393.485s][info][gc,start       ] GC(1574) Pause Young (Allocation Failure)
[2393.493s][info][gc,heap        ] GC(1574) DefNew: 565000K->8021K(629120K)
[2393.493s][info][gc,heap        ] GC(1574) Tenured: 77618K->77684K(1398144K)
[2393.493s][info][gc,metaspace   ] GC(1574) Metaspace: 90932K(98224K)->90932K(98224K) NonClass: 79563K(83632K)->79563K(83632K) Class: 11369K(14592K)->11369K(14592K)
[2393.493s][info][gc             ] GC(1574) Pause Young (Allocation Failure) 627M->83M(1979M) 8.277ms
[2393.493s][info][gc,cpu         ] GC(1574) User=0.00s Sys=0.00s Real=0.01s
[2394.008s][info][gc,start       ] GC(1575) Pause Young (GCLocker Initiated GC)
[2394.016s][info][gc,heap        ] GC(1575) DefNew: 568041K->13483K(629120K)
[2394.016s][info][gc,heap        ] GC(1575) Tenured: 77684K->77863K(1398144K)
[2394.016s][info][gc,metaspace   ] GC(1575) Metaspace: 90932K(98224K)->90932K(98224K) NonClass: 79563K(83632K)->79563K(83632K) Class: 11369K(14592K)->11369K(14592K)
[2394.016s][info][gc             ] GC(1575) Pause Young (GCLocker Initiated GC) 630M->89M(1979M) 7.869ms
[2394.016s][info][gc,cpu         ] GC(1575) User=0.00s Sys=0.00s Real=0.01s
[2395.554s][info][gc,start       ] GC(1576) Pause Young (Allocation Failure)
[2395.563s][info][gc,heap        ] GC(1576) DefNew: 572715K->7274K(629120K)
[2395.563s][info][gc,heap        ] GC(1576) Tenured: 77863K->78005K(1398144K)
[2395.563s][info][gc,metaspace   ] GC(1576) Metaspace: 90932K(98224K)->90932K(98224K) NonClass: 79563K(83632K)->79563K(83632K) Class: 11369K(14592K)->11369K(14592K)
[2395.563s][info][gc             ] GC(1576) Pause Young (Allocation Failure) 635M->83M(1979M) 8.521ms
[2395.563s][info][gc,cpu         ] GC(1576) User=0.00s Sys=0.00s Real=0.01s
[2397.348s][info][gc,start       ] GC(1577) Pause Young (Allocation Failure)
[2397.358s][info][gc,heap        ] GC(1577) DefNew: 566506K->8102K(629120K)
[2397.358s][info][gc,heap        ] GC(1577) Tenured: 78005K->78177K(1398144K)
[2397.358s][info][gc,metaspace   ] GC(1577) Metaspace: 90932K(98224K)->90932K(98224K) NonClass: 79563K(83632K)->79563K(83632K) Class: 11369K(14592K)->11369K(14592K)
[2397.358s][info][gc             ] GC(1577) Pause Young (Allocation Failure) 629M->84M(1979M) 9.935ms
[2397.358s][info][gc,cpu         ] GC(1577) User=0.00s Sys=0.00s Real=0.01s
[2397.813s][info][gc,start       ] GC(1578) Pause Young (Allocation Failure)
[2397.821s][info][gc,heap        ] GC(1578) DefNew: 567334K->7825K(629120K)
[2397.821s][info][gc,heap        ] GC(1578) Tenured: 78177K->78289K(1398144K)
[2397.821s][info][gc,metaspace   ] GC(1578) Metaspace: 90932K(98224K)->90932K(98224K) NonClass: 79563K(83632K)->79563K(83632K) Class: 11369K(14592K)->11369K(14592K)
[2397.821s][info][gc             ] GC(1578) Pause Young (Allocation Failure) 630M->84M(1979M) 7.511ms
[2397.821s][info][gc,cpu         ] GC(1578) User=0.00s Sys=0.00s Real=0.01s
[2399.380s][info][gc,start       ] GC(1579) Pause Young (Allocation Failure)
[2399.388s][info][gc,heap        ] GC(1579) DefNew: 567057K->6255K(629120K)
[2399.388s][info][gc,heap        ] GC(1579) Tenured: 78289K->78448K(1398144K)
[2399.388s][info][gc,metaspace   ] GC(1579) Metaspace: 90932K(98224K)->90932K(98224K) NonClass: 79563K(83632K)->79563K(83632K) Class: 11369K(14592K)->11369K(14592K)
[2399.388s][info][gc             ] GC(1579) Pause Young (Allocation Failure) 630M->82M(1979M) 7.265ms
[2399.388s][info][gc,cpu         ] GC(1579) User=0.00s Sys=0.00s Real=0.01s
[2401.129s][info][gc,start       ] GC(1580) Pause Young (Allocation Failure)
[2401.139s][info][gc,heap        ] GC(1580) DefNew: 565487K->8859K(629120K)
[2401.139s][info][gc,heap        ] GC(1580) Tenured: 78448K->78562K(1398144K)
[2401.139s][info][gc,metaspace   ] GC(1580) Metaspace: 90932K(98224K)->90932K(98224K) NonClass: 79563K(83632K)->79563K(83632K) Class: 11369K(14592K)->11369K(14592K)
[2401.139s][info][gc             ] GC(1580) Pause Young (Allocation Failure) 628M->85M(1979M) 10.338ms
[2401.139s][info][gc,cpu         ] GC(1580) User=0.00s Sys=0.00s Real=0.01s
[2401.615s][info][gc,start       ] GC(1581) Pause Young (Allocation Failure)
[2401.622s][info][gc,heap        ] GC(1581) DefNew: 565301K->7956K(629120K)
[2401.622s][info][gc,heap        ] GC(1581) Tenured: 78562K->78754K(1398144K)
[2401.622s][info][gc,metaspace   ] GC(1581) Metaspace: 90932K(98224K)->90932K(98224K) NonClass: 79563K(83632K)->79563K(83632K) Class: 11369K(14592K)->11369K(14592K)
[2401.622s][info][gc             ] GC(1581) Pause Young (Allocation Failure) 628M->84M(1979M) 7.070ms
[2401.622s][info][gc,cpu         ] GC(1581) User=0.02s Sys=0.00s Real=0.01s
[2403.222s][info][gc,start       ] GC(1582) Pause Young (Allocation Failure)
[2403.230s][info][gc,heap        ] GC(1582) DefNew: 567188K->9203K(629120K)
[2403.230s][info][gc,heap        ] GC(1582) Tenured: 78754K->78873K(1398144K)
[2403.230s][info][gc,metaspace   ] GC(1582) Metaspace: 90932K(98224K)->90932K(98224K) NonClass: 79563K(83632K)->79563K(83632K) Class: 11369K(14592K)->11369K(14592K)
[2403.230s][info][gc             ] GC(1582) Pause Young (Allocation Failure) 630M->86M(1979M) 7.860ms
[2403.230s][info][gc,cpu         ] GC(1582) User=0.00s Sys=0.00s Real=0.01s
[2405.050s][info][gc,start       ] GC(1583) Pause Young (Allocation Failure)
[2405.064s][info][gc,heap        ] GC(1583) DefNew: 568435K->9354K(629120K)
[2405.064s][info][gc,heap        ] GC(1583) Tenured: 78873K->78958K(1398144K)
[2405.064s][info][gc,metaspace   ] GC(1583) Metaspace: 90932K(98224K)->90932K(98224K) NonClass: 79563K(83632K)->79563K(83632K) Class: 11369K(14592K)->11369K(14592K)
[2405.064s][info][gc             ] GC(1583) Pause Young (Allocation Failure) 632M->86M(1979M) 14.232ms
[2405.064s][info][gc,cpu         ] GC(1583) User=0.00s Sys=0.00s Real=0.01s
[2405.764s][info][gc,start       ] GC(1584) Pause Full (System.gc())
[2405.767s][info][gc,phases,start] GC(1584) Phase 1: Mark live objects
[2405.819s][info][gc,phases      ] GC(1584) Phase 1: Mark live objects 51.769ms
[2405.819s][info][gc,phases,start] GC(1584) Phase 2: Compute new object addresses
[2405.890s][info][gc,phases      ] GC(1584) Phase 2: Compute new object addresses 70.911ms
[2405.890s][info][gc,phases,start] GC(1584) Phase 3: Adjust pointers
[2405.921s][info][gc,phases      ] GC(1584) Phase 3: Adjust pointers 31.664ms
[2405.921s][info][gc,phases,start] GC(1584) Phase 4: Move objects
[2405.926s][info][gc,phases      ] GC(1584) Phase 4: Move objects 4.888ms
[2405.927s][info][gc,heap        ] GC(1584) DefNew: 566319K->0K(629120K)
[2405.927s][info][gc,heap        ] GC(1584) Tenured: 78958K->54974K(1398144K)
[2405.927s][info][gc,metaspace   ] GC(1584) Metaspace: 90932K(98224K)->90932K(98224K) NonClass: 79563K(83632K)->79563K(83632K) Class: 11369K(14592K)->11369K(14592K)
[2405.927s][info][gc             ] GC(1584) Pause Full (System.gc()) 630M->53M(1979M) 162.889ms
[2405.927s][info][gc,cpu         ] GC(1584) User=0.16s Sys=0.00s Real=0.16s
[2406.410s][info][gc,start       ] GC(1585) Pause Young (Allocation Failure)
[2406.413s][info][gc,heap        ] GC(1585) DefNew: 559232K->3117K(629120K)
[2406.413s][info][gc,heap        ] GC(1585) Tenured: 54974K->54974K(1398144K)
[2406.413s][info][gc,metaspace   ] GC(1585) Metaspace: 90932K(98224K)->90932K(98224K) NonClass: 79563K(83632K)->79563K(83632K) Class: 11369K(14592K)->11369K(14592K)
[2406.413s][info][gc             ] GC(1585) Pause Young (Allocation Failure) 599M->56M(1979M) 3.508ms
[2406.413s][info][gc,cpu         ] GC(1585) User=0.00s Sys=0.00s Real=0.00s
[2408.355s][info][gc,start       ] GC(1586) Pause Young (Allocation Failure)
[2408.359s][info][gc,heap        ] GC(1586) DefNew: 561402K->4492K(629120K)
[2408.359s][info][gc,heap        ] GC(1586) Tenured: 54974K->54974K(1398144K)
[2408.359s][info][gc,metaspace   ] GC(1586) Metaspace: 90932K(98224K)->90932K(98224K) NonClass: 79563K(83632K)->79563K(83632K) Class: 11369K(14592K)->11369K(14592K)
[2408.359s][info][gc             ] GC(1586) Pause Young (Allocation Failure) 601M->58M(1979M) 4.472ms
[2408.359s][info][gc,cpu         ] GC(1586) User=0.00s Sys=0.00s Real=0.01s
[2410.363s][info][gc,start       ] GC(1587) Pause Young (Allocation Failure)
[2410.368s][info][gc,heap        ] GC(1587) DefNew: 562703K->5080K(629120K)
[2410.368s][info][gc,heap        ] GC(1587) Tenured: 54974K->54974K(1398144K)
[2410.368s][info][gc,metaspace   ] GC(1587) Metaspace: 90932K(98224K)->90932K(98224K) NonClass: 79563K(83632K)->79563K(83632K) Class: 11369K(14592K)->11369K(14592K)
[2410.368s][info][gc             ] GC(1587) Pause Young (Allocation Failure) 603M->58M(1979M) 5.622ms
[2410.368s][info][gc,cpu         ] GC(1587) User=0.00s Sys=0.00s Real=0.00s
[2412.119s][info][gc,start       ] GC(1588) Pause Young (Allocation Failure)
[2412.129s][info][gc,heap        ] GC(1588) DefNew: 564312K->7179K(629120K)
[2412.129s][info][gc,heap        ] GC(1588) Tenured: 54974K->54974K(1398144K)
[2412.129s][info][gc,metaspace   ] GC(1588) Metaspace: 90932K(98224K)->90932K(98224K) NonClass: 79563K(83632K)->79563K(83632K) Class: 11369K(14592K)->11369K(14592K)
[2412.129s][info][gc             ] GC(1588) Pause Young (Allocation Failure) 604M->60M(1979M) 9.224ms
[2412.129s][info][gc,cpu         ] GC(1588) User=0.00s Sys=0.00s Real=0.01s
[2412.597s][info][gc,start       ] GC(1589) Pause Young (Allocation Failure)
[2412.603s][info][gc,heap        ] GC(1589) DefNew: 562458K->7914K(629120K)
[2412.603s][info][gc,heap        ] GC(1589) Tenured: 54974K->54974K(1398144K)
[2412.603s][info][gc,metaspace   ] GC(1589) Metaspace: 90932K(98224K)->90932K(98224K) NonClass: 79563K(83632K)->79563K(83632K) Class: 11369K(14592K)->11369K(14592K)
[2412.603s][info][gc             ] GC(1589) Pause Young (Allocation Failure) 602M->61M(1979M) 5.863ms
[2412.603s][info][gc,cpu         ] GC(1589) User=0.00s Sys=0.00s Real=0.00s
[2414.012s][info][gc,start       ] GC(1590) Pause Young (Allocation Failure)
[2414.019s][info][gc,heap        ] GC(1590) DefNew: 567146K->5597K(629120K)
[2414.019s][info][gc,heap        ] GC(1590) Tenured: 54974K->54974K(1398144K)
[2414.019s][info][gc,metaspace   ] GC(1590) Metaspace: 90932K(98224K)->90932K(98224K) NonClass: 79563K(83632K)->79563K(83632K) Class: 11369K(14592K)->11369K(14592K)
[2414.019s][info][gc             ] GC(1590) Pause Young (Allocation Failure) 607M->59M(1979M) 6.726ms
[2414.019s][info][gc,cpu         ] GC(1590) User=0.00s Sys=0.00s Real=0.01s
[2416.055s][info][gc,start       ] GC(1591) Pause Young (Allocation Failure)
[2416.060s][info][gc,heap        ] GC(1591) DefNew: 564829K->5366K(629120K)
[2416.060s][info][gc,heap        ] GC(1591) Tenured: 54974K->54974K(1398144K)
[2416.060s][info][gc,metaspace   ] GC(1591) Metaspace: 90932K(98224K)->90932K(98224K) NonClass: 79563K(83632K)->79563K(83632K) Class: 11369K(14592K)->11369K(14592K)
[2416.060s][info][gc             ] GC(1591) Pause Young (Allocation Failure) 605M->58M(1979M) 5.068ms
[2416.060s][info][gc,cpu         ] GC(1591) User=0.00s Sys=0.00s Real=0.01s
[2418.564s][info][gc,start       ] GC(1592) Pause Young (Allocation Failure)
[2418.571s][info][gc,heap        ] GC(1592) DefNew: 564532K->6214K(629120K)
[2418.571s][info][gc,heap        ] GC(1592) Tenured: 54974K->54974K(1398144K)
[2418.571s][info][gc,metaspace   ] GC(1592) Metaspace: 90932K(98224K)->90932K(98224K) NonClass: 79563K(83632K)->79563K(83632K) Class: 11369K(14592K)->11369K(14592K)
[2418.571s][info][gc             ] GC(1592) Pause Young (Allocation Failure) 604M->59M(1979M) 6.351ms
[2418.571s][info][gc,cpu         ] GC(1592) User=0.00s Sys=0.00s Real=0.01s
[2419.196s][info][gc,start       ] GC(1593) Pause Young (Allocation Failure)
[2419.203s][info][gc,heap        ] GC(1593) DefNew: 565016K->8017K(629120K)
[2419.203s][info][gc,heap        ] GC(1593) Tenured: 54974K->54974K(1398144K)
[2419.203s][info][gc,metaspace   ] GC(1593) Metaspace: 90932K(98224K)->90932K(98224K) NonClass: 79563K(83632K)->79563K(83632K) Class: 11369K(14592K)->11369K(14592K)
[2419.204s][info][gc             ] GC(1593) Pause Young (Allocation Failure) 605M->61M(1979M) 7.438ms
[2419.204s][info][gc,cpu         ] GC(1593) User=0.00s Sys=0.00s Real=0.01s
[2419.958s][info][gc,start       ] GC(1594) Pause Young (Allocation Failure)
[2419.963s][info][gc,heap        ] GC(1594) DefNew: 567249K->5191K(629120K)
[2419.963s][info][gc,heap        ] GC(1594) Tenured: 54974K->54974K(1398144K)
[2419.963s][info][gc,metaspace   ] GC(1594) Metaspace: 90932K(98224K)->90932K(98224K) NonClass: 79563K(83632K)->79563K(83632K) Class: 11369K(14592K)->11369K(14592K)
[2419.963s][info][gc             ] GC(1594) Pause Young (Allocation Failure) 607M->58M(1979M) 4.879ms
[2419.963s][info][gc,cpu         ] GC(1594) User=0.00s Sys=0.00s Real=0.01s
[2422.406s][info][gc,start       ] GC(1595) Pause Young (Allocation Failure)
[2422.413s][info][gc,heap        ] GC(1595) DefNew: 564423K->6821K(629120K)
[2422.413s][info][gc,heap        ] GC(1595) Tenured: 54974K->54974K(1398144K)
[2422.413s][info][gc,metaspace   ] GC(1595) Metaspace: 90932K(98224K)->90932K(98224K) NonClass: 79563K(83632K)->79563K(83632K) Class: 11369K(14592K)->11369K(14592K)
[2422.413s][info][gc             ] GC(1595) Pause Young (Allocation Failure) 604M->60M(1979M) 7.786ms
[2422.413s][info][gc,cpu         ] GC(1595) User=0.06s Sys=0.00s Real=0.01s
[2424.328s][info][gc,start       ] GC(1596) Pause Young (GCLocker Initiated GC)
[2424.336s][info][gc,heap        ] GC(1596) DefNew: 566085K->9189K(629120K)
[2424.336s][info][gc,heap        ] GC(1596) Tenured: 54974K->54974K(1398144K)
[2424.336s][info][gc,metaspace   ] GC(1596) Metaspace: 90935K(98224K)->90935K(98224K) NonClass: 79565K(83632K)->79565K(83632K) Class: 11369K(14592K)->11369K(14592K)
[2424.336s][info][gc             ] GC(1596) Pause Young (GCLocker Initiated GC) 606M->62M(1979M) 7.722ms
[2424.336s][info][gc,cpu         ] GC(1596) User=0.00s Sys=0.00s Real=0.01s
[2425.730s][info][gc,start       ] GC(1597) Pause Young (Allocation Failure)
[2425.747s][info][gc,heap        ] GC(1597) DefNew: 568421K->11599K(629120K)
[2425.747s][info][gc,heap        ] GC(1597) Tenured: 54974K->54974K(1398144K)
[2425.747s][info][gc,metaspace   ] GC(1597) Metaspace: 90935K(98224K)->90935K(98224K) NonClass: 79565K(83632K)->79565K(83632K) Class: 11369K(14592K)->11369K(14592K)
[2425.747s][info][gc             ] GC(1597) Pause Young (Allocation Failure) 608M->65M(1979M) 17.668ms
[2425.747s][info][gc,cpu         ] GC(1597) User=0.00s Sys=0.00s Real=0.02s
[2426.203s][info][gc,start       ] GC(1598) Pause Young (Allocation Failure)
[2426.211s][info][gc,heap        ] GC(1598) DefNew: 570387K->8687K(629120K)
[2426.211s][info][gc,heap        ] GC(1598) Tenured: 54974K->54974K(1398144K)
[2426.211s][info][gc,metaspace   ] GC(1598) Metaspace: 90935K(98224K)->90935K(98224K) NonClass: 79565K(83632K)->79565K(83632K) Class: 11369K(14592K)->11369K(14592K)
[2426.211s][info][gc             ] GC(1598) Pause Young (Allocation Failure) 610M->62M(1979M) 7.634ms
[2426.211s][info][gc,cpu         ] GC(1598) User=0.02s Sys=0.00s Real=0.01s
[2428.202s][info][gc,start       ] GC(1599) Pause Young (Allocation Failure)
[2428.209s][info][gc,heap        ] GC(1599) DefNew: 567919K->6833K(629120K)
[2428.209s][info][gc,heap        ] GC(1599) Tenured: 54974K->54974K(1398144K)
[2428.209s][info][gc,metaspace   ] GC(1599) Metaspace: 90935K(98224K)->90935K(98224K) NonClass: 79565K(83632K)->79565K(83632K) Class: 11369K(14592K)->11369K(14592K)
[2428.209s][info][gc             ] GC(1599) Pause Young (Allocation Failure) 608M->60M(1979M) 6.974ms
[2428.209s][info][gc,cpu         ] GC(1599) User=0.00s Sys=0.00s Real=0.01s
[2430.215s][info][gc,start       ] GC(1600) Pause Young (Allocation Failure)
[2430.221s][info][gc,heap        ] GC(1600) DefNew: 565878K->6231K(629120K)
[2430.222s][info][gc,heap        ] GC(1600) Tenured: 54974K->55496K(1398144K)
[2430.222s][info][gc,metaspace   ] GC(1600) Metaspace: 90935K(98224K)->90935K(98224K) NonClass: 79565K(83632K)->79565K(83632K) Class: 11369K(14592K)->11369K(14592K)
[2430.222s][info][gc             ] GC(1600) Pause Young (Allocation Failure) 606M->60M(1979M) 6.817ms
[2430.222s][info][gc,cpu         ] GC(1600) User=0.00s Sys=0.00s Real=0.01s
[2432.067s][info][gc,start       ] GC(1601) Pause Young (Allocation Failure)
[2432.077s][info][gc,heap        ] GC(1601) DefNew: 565463K->9602K(629120K)
[2432.077s][info][gc,heap        ] GC(1601) Tenured: 55496K->55687K(1398144K)
[2432.077s][info][gc,metaspace   ] GC(1601) Metaspace: 90935K(98224K)->90935K(98224K) NonClass: 79565K(83632K)->79565K(83632K) Class: 11369K(14592K)->11369K(14592K)
[2432.077s][info][gc             ] GC(1601) Pause Young (Allocation Failure) 606M->63M(1979M) 10.301ms
[2432.077s][info][gc,cpu         ] GC(1601) User=0.00s Sys=0.00s Real=0.01s
[2432.700s][info][gc,start       ] GC(1602) Pause Young (Allocation Failure)
[2432.707s][info][gc,heap        ] GC(1602) DefNew: 567049K->13074K(629120K)
[2432.707s][info][gc,heap        ] GC(1602) Tenured: 55687K->55876K(1398144K)
[2432.707s][info][gc,metaspace   ] GC(1602) Metaspace: 90936K(98224K)->90936K(98224K) NonClass: 79566K(83632K)->79566K(83632K) Class: 11369K(14592K)->11369K(14592K)
[2432.707s][info][gc             ] GC(1602) Pause Young (Allocation Failure) 608M->67M(1979M) 7.498ms
[2432.707s][info][gc,cpu         ] GC(1602) User=0.00s Sys=0.00s Real=0.01s
[2434.043s][info][gc,start       ] GC(1603) Pause Young (GCLocker Initiated GC)
[2434.051s][info][gc,heap        ] GC(1603) DefNew: 572338K->8343K(629120K)
[2434.051s][info][gc,heap        ] GC(1603) Tenured: 55876K->56025K(1398144K)
[2434.051s][info][gc,metaspace   ] GC(1603) Metaspace: 90936K(98224K)->90936K(98224K) NonClass: 79566K(83632K)->79566K(83632K) Class: 11369K(14592K)->11369K(14592K)
[2434.051s][info][gc             ] GC(1603) Pause Young (GCLocker Initiated GC) 613M->62M(1979M) 7.465ms
[2434.051s][info][gc,cpu         ] GC(1603) User=0.00s Sys=0.00s Real=0.01s
[2435.918s][info][gc,start       ] GC(1604) Pause Young (Allocation Failure)
[2435.927s][info][gc,heap        ] GC(1604) DefNew: 567406K->7705K(629120K)
[2435.927s][info][gc,heap        ] GC(1604) Tenured: 56025K->56100K(1398144K)
[2435.927s][info][gc,metaspace   ] GC(1604) Metaspace: 90936K(98224K)->90936K(98224K) NonClass: 79566K(83632K)->79566K(83632K) Class: 11369K(14592K)->11369K(14592K)
[2435.927s][info][gc             ] GC(1604) Pause Young (Allocation Failure) 608M->62M(1979M) 8.748ms
[2435.927s][info][gc,cpu         ] GC(1604) User=0.00s Sys=0.00s Real=0.01s
[2436.473s][info][gc,start       ] GC(1605) Pause Young (Allocation Failure)
[2436.480s][info][gc,heap        ] GC(1605) DefNew: 565708K->9078K(629120K)
[2436.480s][info][gc,heap        ] GC(1605) Tenured: 56100K->56279K(1398144K)
[2436.480s][info][gc,metaspace   ] GC(1605) Metaspace: 90936K(98224K)->90936K(98224K) NonClass: 79566K(83632K)->79566K(83632K) Class: 11369K(14592K)->11369K(14592K)
[2436.480s][info][gc             ] GC(1605) Pause Young (Allocation Failure) 607M->63M(1979M) 6.927ms
[2436.480s][info][gc,cpu         ] GC(1605) User=0.00s Sys=0.00s Real=0.01s
[2437.952s][info][gc,start       ] GC(1606) Pause Young (Allocation Failure)
[2437.958s][info][gc,heap        ] GC(1606) DefNew: 568310K->5939K(629120K)
[2437.958s][info][gc,heap        ] GC(1606) Tenured: 56279K->56415K(1398144K)
[2437.958s][info][gc,metaspace   ] GC(1606) Metaspace: 90936K(98224K)->90936K(98224K) NonClass: 79566K(83632K)->79566K(83632K) Class: 11369K(14592K)->11369K(14592K)
[2437.958s][info][gc             ] GC(1606) Pause Young (Allocation Failure) 609M->60M(1979M) 6.605ms
[2437.958s][info][gc,cpu         ] GC(1606) User=0.00s Sys=0.00s Real=0.01s
[2439.812s][info][gc,start       ] GC(1607) Pause Young (Allocation Failure)
[2439.820s][info][gc,heap        ] GC(1607) DefNew: 565171K->8117K(629120K)
[2439.820s][info][gc,heap        ] GC(1607) Tenured: 56415K->56577K(1398144K)
[2439.820s][info][gc,metaspace   ] GC(1607) Metaspace: 90936K(98224K)->90936K(98224K) NonClass: 79566K(83632K)->79566K(83632K) Class: 11369K(14592K)->11369K(14592K)
[2439.820s][info][gc             ] GC(1607) Pause Young (Allocation Failure) 607M->63M(1979M) 8.529ms
[2439.820s][info][gc,cpu         ] GC(1607) User=0.00s Sys=0.00s Real=0.01s
[2440.272s][info][gc,start       ] GC(1608) Pause Young (Allocation Failure)
[2440.280s][info][gc,heap        ] GC(1608) DefNew: 567349K->13639K(629120K)
[2440.280s][info][gc,heap        ] GC(1608) Tenured: 56577K->56700K(1398144K)
[2440.280s][info][gc,metaspace   ] GC(1608) Metaspace: 90936K(98224K)->90936K(98224K) NonClass: 79566K(83632K)->79566K(83632K) Class: 11369K(14592K)->11369K(14592K)
[2440.280s][info][gc             ] GC(1608) Pause Young (Allocation Failure) 609M->68M(1979M) 7.613ms
[2440.280s][info][gc,cpu         ] GC(1608) User=0.00s Sys=0.00s Real=0.01s
[2441.773s][info][gc,start       ] GC(1609) Pause Young (GCLocker Initiated GC)
[2441.781s][info][gc,heap        ] GC(1609) DefNew: 572887K->9687K(629120K)
[2441.781s][info][gc,heap        ] GC(1609) Tenured: 56700K->56809K(1398144K)
[2441.781s][info][gc,metaspace   ] GC(1609) Metaspace: 90936K(98224K)->90936K(98224K) NonClass: 79566K(83632K)->79566K(83632K) Class: 11369K(14592K)->11369K(14592K)
[2441.781s][info][gc             ] GC(1609) Pause Young (GCLocker Initiated GC) 614M->64M(1979M) 7.493ms
[2441.781s][info][gc,cpu         ] GC(1609) User=0.00s Sys=0.00s Real=0.01s
[2443.512s][info][gc,start       ] GC(1610) Pause Young (Allocation Failure)
[2443.521s][info][gc,heap        ] GC(1610) DefNew: 568919K->8625K(629120K)
[2443.521s][info][gc,heap        ] GC(1610) Tenured: 56809K->56968K(1398144K)
[2443.521s][info][gc,metaspace   ] GC(1610) Metaspace: 90936K(98224K)->90936K(98224K) NonClass: 79566K(83632K)->79566K(83632K) Class: 11369K(14592K)->11369K(14592K)
[2443.521s][info][gc             ] GC(1610) Pause Young (Allocation Failure) 611M->64M(1979M) 9.379ms
[2443.521s][info][gc,cpu         ] GC(1610) User=0.00s Sys=0.00s Real=0.01s
[2443.990s][info][gc,start       ] GC(1611) Pause Young (Allocation Failure)
[2443.998s][info][gc,heap        ] GC(1611) DefNew: 566314K->13229K(629120K)
[2443.998s][info][gc,heap        ] GC(1611) Tenured: 56968K->57155K(1398144K)
[2443.998s][info][gc,metaspace   ] GC(1611) Metaspace: 90936K(98224K)->90936K(98224K) NonClass: 79566K(83632K)->79566K(83632K) Class: 11369K(14592K)->11369K(14592K)
[2443.998s][info][gc             ] GC(1611) Pause Young (Allocation Failure) 608M->68M(1979M) 8.194ms
[2443.998s][info][gc,cpu         ] GC(1611) User=0.00s Sys=0.00s Real=0.01s
[2445.579s][info][gc,start       ] GC(1612) Pause Young (Allocation Failure)
[2445.585s][info][gc,heap        ] GC(1612) DefNew: 572314K->5610K(629120K)
[2445.585s][info][gc,heap        ] GC(1612) Tenured: 57155K->57276K(1398144K)
[2445.585s][info][gc,metaspace   ] GC(1612) Metaspace: 90936K(98224K)->90936K(98224K) NonClass: 79566K(83632K)->79566K(83632K) Class: 11369K(14592K)->11369K(14592K)
[2445.585s][info][gc             ] GC(1612) Pause Young (Allocation Failure) 614M->61M(1979M) 6.107ms
[2445.585s][info][gc,cpu         ] GC(1612) User=0.00s Sys=0.00s Real=0.01s
[2447.401s][info][gc,start       ] GC(1613) Pause Young (Allocation Failure)
[2447.411s][info][gc,heap        ] GC(1613) DefNew: 564842K->8542K(629120K)
[2447.411s][info][gc,heap        ] GC(1613) Tenured: 57276K->57356K(1398144K)
[2447.411s][info][gc,metaspace   ] GC(1613) Metaspace: 90936K(98224K)->90936K(98224K) NonClass: 79566K(83632K)->79566K(83632K) Class: 11369K(14592K)->11369K(14592K)
[2447.411s][info][gc             ] GC(1613) Pause Young (Allocation Failure) 607M->64M(1979M) 10.192ms
[2447.411s][info][gc,cpu         ] GC(1613) User=0.00s Sys=0.00s Real=0.01s
[2448.103s][info][gc,start       ] GC(1614) Pause Young (Allocation Failure)
[2448.113s][info][gc,heap        ] GC(1614) DefNew: 567774K->7726K(629120K)
[2448.113s][info][gc,heap        ] GC(1614) Tenured: 57356K->57553K(1398144K)
[2448.113s][info][gc,metaspace   ] GC(1614) Metaspace: 90936K(98224K)->90936K(98224K) NonClass: 79566K(83632K)->79566K(83632K) Class: 11369K(14592K)->11369K(14592K)
[2448.113s][info][gc             ] GC(1614) Pause Young (Allocation Failure) 610M->63M(1979M) 9.584ms
[2448.113s][info][gc,cpu         ] GC(1614) User=0.00s Sys=0.00s Real=0.01s
[2448.149s][info][gc,start       ] GC(1615) Pause Full (System.gc())
[2448.153s][info][gc,phases,start] GC(1615) Phase 1: Mark live objects
[2448.206s][info][gc,phases      ] GC(1615) Phase 1: Mark live objects 53.065ms
[2448.206s][info][gc,phases,start] GC(1615) Phase 2: Compute new object addresses
[2448.218s][info][gc,phases      ] GC(1615) Phase 2: Compute new object addresses 12.126ms
[2448.218s][info][gc,phases,start] GC(1615) Phase 3: Adjust pointers
[2448.249s][info][gc,phases      ] GC(1615) Phase 3: Adjust pointers 30.726ms
[2448.249s][info][gc,phases,start] GC(1615) Phase 4: Move objects
[2448.249s][info][gc,phases      ] GC(1615) Phase 4: Move objects 0.581ms
[2448.250s][info][gc,heap        ] GC(1615) DefNew: 28986K->0K(629120K)
[2448.250s][info][gc,heap        ] GC(1615) Tenured: 57553K->59850K(1398144K)
[2448.250s][info][gc,metaspace   ] GC(1615) Metaspace: 90936K(98224K)->90936K(98224K) NonClass: 79566K(83632K)->79566K(83632K) Class: 11369K(14592K)->11369K(14592K)
[2448.250s][info][gc             ] GC(1615) Pause Full (System.gc()) 84M->58M(1979M) 101.313ms
[2448.250s][info][gc,cpu         ] GC(1615) User=0.14s Sys=0.00s Real=0.10s
[2448.741s][info][gc,start       ] GC(1616) Pause Young (Allocation Failure)
[2448.744s][info][gc,heap        ] GC(1616) DefNew: 557719K->3054K(629120K)
[2448.744s][info][gc,heap        ] GC(1616) Tenured: 59850K->59850K(1398144K)
[2448.744s][info][gc,metaspace   ] GC(1616) Metaspace: 90936K(98224K)->90936K(98224K) NonClass: 79566K(83632K)->79566K(83632K) Class: 11369K(14592K)->11369K(14592K)
[2448.744s][info][gc             ] GC(1616) Pause Young (Allocation Failure) 603M->61M(1979M) 3.396ms
[2448.744s][info][gc,cpu         ] GC(1616) User=0.00s Sys=0.00s Real=0.00s
[2450.708s][info][gc,start       ] GC(1617) Pause Young (Allocation Failure)
[2450.713s][info][gc,heap        ] GC(1617) DefNew: 560842K->4377K(629120K)
[2450.713s][info][gc,heap        ] GC(1617) Tenured: 59850K->59850K(1398144K)
[2450.713s][info][gc,metaspace   ] GC(1617) Metaspace: 90936K(98224K)->90936K(98224K) NonClass: 79566K(83632K)->79566K(83632K) Class: 11369K(14592K)->11369K(14592K)
[2450.713s][info][gc             ] GC(1617) Pause Young (Allocation Failure) 606M->62M(1979M) 4.613ms
[2450.713s][info][gc,cpu         ] GC(1617) User=0.00s Sys=0.00s Real=0.00s
[2452.689s][info][gc,start       ] GC(1618) Pause Young (Allocation Failure)
[2452.695s][info][gc,heap        ] GC(1618) DefNew: 563388K->4961K(629120K)
[2452.695s][info][gc,heap        ] GC(1618) Tenured: 59850K->59850K(1398144K)
[2452.695s][info][gc,metaspace   ] GC(1618) Metaspace: 90936K(98224K)->90936K(98224K) NonClass: 79566K(83632K)->79566K(83632K) Class: 11369K(14592K)->11369K(14592K)
[2452.695s][info][gc             ] GC(1618) Pause Young (Allocation Failure) 608M->63M(1979M) 5.577ms
[2452.695s][info][gc,cpu         ] GC(1618) User=0.00s Sys=0.00s Real=0.01s
[2454.416s][info][gc,start       ] GC(1619) Pause Young (Allocation Failure)
[2454.426s][info][gc,heap        ] GC(1619) DefNew: 564193K->7299K(629120K)
[2454.426s][info][gc,heap        ] GC(1619) Tenured: 59850K->59850K(1398144K)
[2454.426s][info][gc,metaspace   ] GC(1619) Metaspace: 90936K(98224K)->90936K(98224K) NonClass: 79566K(83632K)->79566K(83632K) Class: 11369K(14592K)->11369K(14592K)
[2454.426s][info][gc             ] GC(1619) Pause Young (Allocation Failure) 609M->65M(1979M) 10.060ms
[2454.426s][info][gc,cpu         ] GC(1619) User=0.00s Sys=0.00s Real=0.01s
[2454.908s][info][gc,start       ] GC(1620) Pause Young (Allocation Failure)
[2454.914s][info][gc,heap        ] GC(1620) DefNew: 566531K->11169K(629120K)
[2454.914s][info][gc,heap        ] GC(1620) Tenured: 59850K->59850K(1398144K)
[2454.914s][info][gc,metaspace   ] GC(1620) Metaspace: 90936K(98224K)->90936K(98224K) NonClass: 79566K(83632K)->79566K(83632K) Class: 11369K(14592K)->11369K(14592K)
[2454.914s][info][gc             ] GC(1620) Pause Young (Allocation Failure) 611M->69M(1979M) 6.351ms
[2454.914s][info][gc,cpu         ] GC(1620) User=0.00s Sys=0.00s Real=0.01s
[2456.327s][info][gc,start       ] GC(1621) Pause Young (GCLocker Initiated GC)
[2456.334s][info][gc,heap        ] GC(1621) DefNew: 570453K->6228K(629120K)
[2456.334s][info][gc,heap        ] GC(1621) Tenured: 59850K->59850K(1398144K)
[2456.334s][info][gc,metaspace   ] GC(1621) Metaspace: 90936K(98224K)->90936K(98224K) NonClass: 79566K(83632K)->79566K(83632K) Class: 11369K(14592K)->11369K(14592K)
[2456.334s][info][gc             ] GC(1621) Pause Young (GCLocker Initiated GC) 615M->64M(1979M) 6.805ms
[2456.334s][info][gc,cpu         ] GC(1621) User=0.00s Sys=0.00s Real=0.01s
[2458.367s][info][gc,start       ] GC(1622) Pause Young (Allocation Failure)
[2458.373s][info][gc,heap        ] GC(1622) DefNew: 565460K->5355K(629120K)
[2458.373s][info][gc,heap        ] GC(1622) Tenured: 59850K->59850K(1398144K)
[2458.373s][info][gc,metaspace   ] GC(1622) Metaspace: 90936K(98224K)->90936K(98224K) NonClass: 79566K(83632K)->79566K(83632K) Class: 11369K(14592K)->11369K(14592K)
[2458.373s][info][gc             ] GC(1622) Pause Young (Allocation Failure) 610M->63M(1979M) 5.392ms
[2458.373s][info][gc,cpu         ] GC(1622) User=0.00s Sys=0.00s Real=0.01s
[2460.840s][info][gc,start       ] GC(1623) Pause Young (Allocation Failure)
[2460.846s][info][gc,heap        ] GC(1623) DefNew: 564587K->5566K(629120K)
[2460.846s][info][gc,heap        ] GC(1623) Tenured: 59850K->59850K(1398144K)
[2460.846s][info][gc,metaspace   ] GC(1623) Metaspace: 90936K(98224K)->90936K(98224K) NonClass: 79566K(83632K)->79566K(83632K) Class: 11369K(14592K)->11369K(14592K)
[2460.846s][info][gc             ] GC(1623) Pause Young (Allocation Failure) 609M->63M(1979M) 5.813ms
[2460.846s][info][gc,cpu         ] GC(1623) User=0.00s Sys=0.00s Real=0.00s
[2461.471s][info][gc,start       ] GC(1624) Pause Young (Allocation Failure)
[2461.479s][info][gc,heap        ] GC(1624) DefNew: 563434K->12433K(629120K)
[2461.479s][info][gc,heap        ] GC(1624) Tenured: 59850K->59850K(1398144K)
[2461.479s][info][gc,metaspace   ] GC(1624) Metaspace: 90936K(98224K)->90936K(98224K) NonClass: 79566K(83632K)->79566K(83632K) Class: 11369K(14592K)->11369K(14592K)
[2461.479s][info][gc             ] GC(1624) Pause Young (Allocation Failure) 608M->70M(1979M) 7.954ms
[2461.479s][info][gc,cpu         ] GC(1624) User=0.00s Sys=0.00s Real=0.01s
[2462.196s][info][gc,start       ] GC(1625) Pause Young (Allocation Failure)
[2462.201s][info][gc,heap        ] GC(1625) DefNew: 571665K->5247K(629120K)
[2462.201s][info][gc,heap        ] GC(1625) Tenured: 59850K->59850K(1398144K)
[2462.202s][info][gc,metaspace   ] GC(1625) Metaspace: 90936K(98224K)->90936K(98224K) NonClass: 79566K(83632K)->79566K(83632K) Class: 11369K(14592K)->11369K(14592K)
[2462.202s][info][gc             ] GC(1625) Pause Young (Allocation Failure) 616M->63M(1979M) 5.827ms
[2462.202s][info][gc,cpu         ] GC(1625) User=0.00s Sys=0.00s Real=0.01s
[2464.760s][info][gc,start       ] GC(1626) Pause Young (Allocation Failure)
[2464.767s][info][gc,heap        ] GC(1626) DefNew: 564479K->6995K(629120K)
[2464.768s][info][gc,heap        ] GC(1626) Tenured: 59850K->59850K(1398144K)
[2464.768s][info][gc,metaspace   ] GC(1626) Metaspace: 90936K(98224K)->90936K(98224K) NonClass: 79566K(83632K)->79566K(83632K) Class: 11369K(14592K)->11369K(14592K)
[2464.768s][info][gc             ] GC(1626) Pause Young (Allocation Failure) 609M->65M(1979M) 7.731ms
[2464.768s][info][gc,cpu         ] GC(1626) User=0.00s Sys=0.00s Real=0.01s
[2466.803s][info][gc,start       ] GC(1627) Pause Young (Allocation Failure)
[2466.809s][info][gc,heap        ] GC(1627) DefNew: 564267K->6238K(629120K)
[2466.809s][info][gc,heap        ] GC(1627) Tenured: 59850K->59850K(1398144K)
[2466.809s][info][gc,metaspace   ] GC(1627) Metaspace: 90936K(98224K)->90936K(98224K) NonClass: 79566K(83632K)->79566K(83632K) Class: 11369K(14592K)->11369K(14592K)
[2466.809s][info][gc             ] GC(1627) Pause Young (Allocation Failure) 609M->64M(1979M) 6.464ms
[2466.809s][info][gc,cpu         ] GC(1627) User=0.00s Sys=0.00s Real=0.01s
[2468.103s][info][gc,start       ] GC(1628) Pause Young (Allocation Failure)
[2468.122s][info][gc,heap        ] GC(1628) DefNew: 565470K->11687K(629120K)
[2468.122s][info][gc,heap        ] GC(1628) Tenured: 59850K->59850K(1398144K)
[2468.122s][info][gc,metaspace   ] GC(1628) Metaspace: 90936K(98224K)->90936K(98224K) NonClass: 79566K(83632K)->79566K(83632K) Class: 11369K(14592K)->11369K(14592K)
[2468.122s][info][gc             ] GC(1628) Pause Young (Allocation Failure) 610M->69M(1979M) 18.306ms
[2468.122s][info][gc,cpu         ] GC(1628) User=0.00s Sys=0.00s Real=0.02s
[2468.656s][info][gc,start       ] GC(1629) Pause Young (Allocation Failure)
[2468.662s][info][gc,heap        ] GC(1629) DefNew: 567083K->8465K(629120K)
[2468.662s][info][gc,heap        ] GC(1629) Tenured: 59850K->59850K(1398144K)
[2468.662s][info][gc,metaspace   ] GC(1629) Metaspace: 90936K(98224K)->90936K(98224K) NonClass: 79566K(83632K)->79566K(83632K) Class: 11369K(14592K)->11369K(14592K)
[2468.662s][info][gc             ] GC(1629) Pause Young (Allocation Failure) 612M->66M(1979M) 6.280ms
[2468.662s][info][gc,cpu         ] GC(1629) User=0.00s Sys=0.00s Real=0.01s
[2470.658s][info][gc,start       ] GC(1630) Pause Young (GCLocker Initiated GC)
[2470.666s][info][gc,heap        ] GC(1630) DefNew: 567701K->7942K(629120K)
[2470.666s][info][gc,heap        ] GC(1630) Tenured: 59850K->59850K(1398144K)
[2470.666s][info][gc,metaspace   ] GC(1630) Metaspace: 90936K(98224K)->90936K(98224K) NonClass: 79566K(83632K)->79566K(83632K) Class: 11369K(14592K)->11369K(14592K)
[2470.666s][info][gc             ] GC(1630) Pause Young (GCLocker Initiated GC) 612M->66M(1979M) 7.792ms
[2470.666s][info][gc,cpu         ] GC(1630) User=0.00s Sys=0.00s Real=0.01s
[2472.699s][info][gc,start       ] GC(1631) Pause Young (Allocation Failure)
[2472.706s][info][gc,heap        ] GC(1631) DefNew: 563515K->6217K(629120K)
[2472.706s][info][gc,heap        ] GC(1631) Tenured: 59850K->60312K(1398144K)
[2472.706s][info][gc,metaspace   ] GC(1631) Metaspace: 90936K(98224K)->90936K(98224K) NonClass: 79566K(83632K)->79566K(83632K) Class: 11369K(14592K)->11369K(14592K)
[2472.706s][info][gc             ] GC(1631) Pause Young (Allocation Failure) 608M->64M(1979M) 6.929ms
[2472.706s][info][gc,cpu         ] GC(1631) User=0.00s Sys=0.00s Real=0.01s
[2474.495s][info][gc,start       ] GC(1632) Pause Young (Allocation Failure)
[2474.505s][info][gc,heap        ] GC(1632) DefNew: 565449K->10819K(629120K)
[2474.505s][info][gc,heap        ] GC(1632) Tenured: 60312K->60499K(1398144K)
[2474.505s][info][gc,metaspace   ] GC(1632) Metaspace: 90936K(98224K)->90936K(98224K) NonClass: 79566K(83632K)->79566K(83632K) Class: 11369K(14592K)->11369K(14592K)
[2474.505s][info][gc             ] GC(1632) Pause Young (Allocation Failure) 611M->69M(1979M) 9.909ms
[2474.505s][info][gc,cpu         ] GC(1632) User=0.00s Sys=0.00s Real=0.01s
[2475.118s][info][gc,start       ] GC(1633) Pause Young (Allocation Failure)
[2475.125s][info][gc,heap        ] GC(1633) DefNew: 567745K->13000K(629120K)
[2475.125s][info][gc,heap        ] GC(1633) Tenured: 60499K->60702K(1398144K)
[2475.125s][info][gc,metaspace   ] GC(1633) Metaspace: 90936K(98224K)->90936K(98224K) NonClass: 79566K(83632K)->79566K(83632K) Class: 11369K(14592K)->11369K(14592K)
[2475.125s][info][gc             ] GC(1633) Pause Young (Allocation Failure) 613M->71M(1979M) 7.577ms
[2475.125s][info][gc,cpu         ] GC(1633) User=0.00s Sys=0.00s Real=0.01s
[2476.431s][info][gc,start       ] GC(1634) Pause Young (GCLocker Initiated GC)
[2476.439s][info][gc,heap        ] GC(1634) DefNew: 572264K->9048K(629120K)
[2476.439s][info][gc,heap        ] GC(1634) Tenured: 60702K->60851K(1398144K)
[2476.439s][info][gc,metaspace   ] GC(1634) Metaspace: 90936K(98224K)->90936K(98224K) NonClass: 79566K(83632K)->79566K(83632K) Class: 11369K(14592K)->11369K(14592K)
[2476.439s][info][gc             ] GC(1634) Pause Young (GCLocker Initiated GC) 618M->68M(1979M) 8.105ms
[2476.439s][info][gc,cpu         ] GC(1634) User=0.00s Sys=0.00s Real=0.01s
[2478.387s][info][gc,start       ] GC(1635) Pause Young (Allocation Failure)
[2478.396s][info][gc,heap        ] GC(1635) DefNew: 568280K->7967K(629120K)
[2478.396s][info][gc,heap        ] GC(1635) Tenured: 60851K->60916K(1398144K)
[2478.396s][info][gc,metaspace   ] GC(1635) Metaspace: 90936K(98224K)->90936K(98224K) NonClass: 79566K(83632K)->79566K(83632K) Class: 11369K(14592K)->11369K(14592K)
[2478.396s][info][gc             ] GC(1635) Pause Young (Allocation Failure) 614M->67M(1979M) 9.919ms
[2478.396s][info][gc,cpu         ] GC(1635) User=0.00s Sys=0.00s Real=0.01s
[2478.949s][info][gc,start       ] GC(1636) Pause Young (Allocation Failure)
[2478.956s][info][gc,heap        ] GC(1636) DefNew: 567199K->13825K(629120K)
[2478.957s][info][gc,heap        ] GC(1636) Tenured: 60916K->61096K(1398144K)
[2478.957s][info][gc,metaspace   ] GC(1636) Metaspace: 90936K(98224K)->90936K(98224K) NonClass: 79566K(83632K)->79566K(83632K) Class: 11369K(14592K)->11369K(14592K)
[2478.957s][info][gc             ] GC(1636) Pause Young (Allocation Failure) 613M->73M(1979M) 7.832ms
[2478.957s][info][gc,cpu         ] GC(1636) User=0.00s Sys=0.00s Real=0.01s
[2480.478s][info][gc,start       ] GC(1637) Pause Young (Allocation Failure)
[2480.484s][info][gc,heap        ] GC(1637) DefNew: 573056K->5791K(629120K)
[2480.484s][info][gc,heap        ] GC(1637) Tenured: 61096K->61232K(1398144K)
[2480.484s][info][gc,metaspace   ] GC(1637) Metaspace: 90936K(98224K)->90936K(98224K) NonClass: 79566K(83632K)->79566K(83632K) Class: 11369K(14592K)->11369K(14592K)
[2480.484s][info][gc             ] GC(1637) Pause Young (Allocation Failure) 619M->65M(1979M) 6.072ms
[2480.484s][info][gc,cpu         ] GC(1637) User=0.00s Sys=0.00s Real=0.01s
[2482.646s][info][gc,start       ] GC(1638) Pause Young (Allocation Failure)
[2482.655s][info][gc,heap        ] GC(1638) DefNew: 565023K->8108K(629120K)
[2482.655s][info][gc,heap        ] GC(1638) Tenured: 61232K->61395K(1398144K)
[2482.655s][info][gc,metaspace   ] GC(1638) Metaspace: 90936K(98224K)->90936K(98224K) NonClass: 79566K(83632K)->79566K(83632K) Class: 11369K(14592K)->11369K(14592K)
[2482.655s][info][gc             ] GC(1638) Pause Young (Allocation Failure) 611M->67M(1979M) 9.263ms
[2482.655s][info][gc,cpu         ] GC(1638) User=0.00s Sys=0.00s Real=0.01s
[2483.182s][info][gc,start       ] GC(1639) Pause Young (Allocation Failure)
[2483.190s][info][gc,heap        ] GC(1639) DefNew: 564997K->8063K(629120K)
[2483.190s][info][gc,heap        ] GC(1639) Tenured: 61395K->61513K(1398144K)
[2483.190s][info][gc,metaspace   ] GC(1639) Metaspace: 90936K(98224K)->90936K(98224K) NonClass: 79566K(83632K)->79566K(83632K) Class: 11369K(14592K)->11369K(14592K)
[2483.190s][info][gc             ] GC(1639) Pause Young (Allocation Failure) 611M->67M(1979M) 7.565ms
[2483.190s][info][gc,cpu         ] GC(1639) User=0.00s Sys=0.00s Real=0.01s
[2484.739s][info][gc,start       ] GC(1640) Pause Young (Allocation Failure)
[2484.746s][info][gc,heap        ] GC(1640) DefNew: 567295K->7994K(629120K)
[2484.746s][info][gc,heap        ] GC(1640) Tenured: 61513K->61652K(1398144K)
[2484.746s][info][gc,metaspace   ] GC(1640) Metaspace: 90936K(98224K)->90936K(98224K) NonClass: 79566K(83632K)->79566K(83632K) Class: 11369K(14592K)->11369K(14592K)
[2484.746s][info][gc             ] GC(1640) Pause Young (Allocation Failure) 614M->68M(1979M) 7.610ms
[2484.746s][info][gc,cpu         ] GC(1640) User=0.00s Sys=0.00s Real=0.01s
[2486.626s][info][gc,start       ] GC(1641) Pause Young (Allocation Failure)
[2486.635s][info][gc,heap        ] GC(1641) DefNew: 567228K->8467K(629120K)
[2486.635s][info][gc,heap        ] GC(1641) Tenured: 61652K->61787K(1398144K)
[2486.635s][info][gc,metaspace   ] GC(1641) Metaspace: 90936K(98224K)->90936K(98224K) NonClass: 79566K(83632K)->79566K(83632K) Class: 11369K(14592K)->11369K(14592K)
[2486.635s][info][gc             ] GC(1641) Pause Young (Allocation Failure) 614M->68M(1979M) 8.581ms
[2486.635s][info][gc,cpu         ] GC(1641) User=0.00s Sys=0.00s Real=0.01s
[2487.135s][info][gc,start       ] GC(1642) Pause Young (Allocation Failure)
[2487.143s][info][gc,heap        ] GC(1642) DefNew: 564647K->8087K(629120K)
[2487.143s][info][gc,heap        ] GC(1642) Tenured: 61787K->61977K(1398144K)
[2487.143s][info][gc,metaspace   ] GC(1642) Metaspace: 90936K(98224K)->90936K(98224K) NonClass: 79566K(83632K)->79566K(83632K) Class: 11369K(14592K)->11369K(14592K)
[2487.143s][info][gc             ] GC(1642) Pause Young (Allocation Failure) 611M->68M(1979M) 7.595ms
[2487.143s][info][gc,cpu         ] GC(1642) User=0.00s Sys=0.00s Real=0.01s
[2488.749s][info][gc,start       ] GC(1643) Pause Young (Allocation Failure)
[2488.755s][info][gc,heap        ] GC(1643) DefNew: 566394K->5721K(629120K)
[2488.756s][info][gc,heap        ] GC(1643) Tenured: 61977K->62100K(1398144K)
[2488.756s][info][gc,metaspace   ] GC(1643) Metaspace: 90936K(98224K)->90936K(98224K) NonClass: 79566K(83632K)->79566K(83632K) Class: 11369K(14592K)->11369K(14592K)
[2488.756s][info][gc             ] GC(1643) Pause Young (Allocation Failure) 613M->66M(1979M) 6.580ms
[2488.756s][info][gc,cpu         ] GC(1643) User=0.00s Sys=0.00s Real=0.01s
[2490.597s][info][gc,start       ] GC(1644) Pause Young (Allocation Failure)
[2490.607s][info][gc,heap        ] GC(1644) DefNew: 564953K->8545K(629120K)
[2490.607s][info][gc,heap        ] GC(1644) Tenured: 62100K->62183K(1398144K)
[2490.607s][info][gc,metaspace   ] GC(1644) Metaspace: 90936K(98224K)->90936K(98224K) NonClass: 79566K(83632K)->79566K(83632K) Class: 11369K(14592K)->11369K(14592K)
[2490.607s][info][gc             ] GC(1644) Pause Young (Allocation Failure) 612M->69M(1979M) 10.623ms
[2490.607s][info][gc,cpu         ] GC(1644) User=0.00s Sys=0.00s Real=0.01s
[2491.297s][info][gc,start       ] GC(1645) Pause Young (Allocation Failure)
[2491.306s][info][gc,heap        ] GC(1645) DefNew: 567777K->7455K(629120K)
[2491.306s][info][gc,heap        ] GC(1645) Tenured: 62183K->62372K(1398144K)
[2491.306s][info][gc,metaspace   ] GC(1645) Metaspace: 90936K(98224K)->90936K(98224K) NonClass: 79566K(83632K)->79566K(83632K) Class: 11369K(14592K)->11369K(14592K)
[2491.306s][info][gc             ] GC(1645) Pause Young (Allocation Failure) 615M->68M(1979M) 8.803ms
[2491.306s][info][gc,cpu         ] GC(1645) User=0.00s Sys=0.00s Real=0.01s
[2491.335s][info][gc,start       ] GC(1646) Pause Full (System.gc())
[2491.338s][info][gc,phases,start] GC(1646) Phase 1: Mark live objects
[2491.390s][info][gc,phases      ] GC(1646) Phase 1: Mark live objects 52.638ms
[2491.390s][info][gc,phases,start] GC(1646) Phase 2: Compute new object addresses
[2491.403s][info][gc,phases      ] GC(1646) Phase 2: Compute new object addresses 12.794ms
[2491.403s][info][gc,phases,start] GC(1646) Phase 3: Adjust pointers
[2491.434s][info][gc,phases      ] GC(1646) Phase 3: Adjust pointers 30.930ms
[2491.434s][info][gc,phases,start] GC(1646) Phase 4: Move objects
[2491.435s][info][gc,phases      ] GC(1646) Phase 4: Move objects 0.544ms
[2491.435s][info][gc,heap        ] GC(1646) DefNew: 32129K->0K(629120K)
[2491.435s][info][gc,heap        ] GC(1646) Tenured: 62372K->64565K(1398144K)
[2491.435s][info][gc,metaspace   ] GC(1646) Metaspace: 90936K(98224K)->90936K(98224K) NonClass: 79566K(83632K)->79566K(83632K) Class: 11369K(14592K)->11369K(14592K)
[2491.435s][info][gc             ] GC(1646) Pause Full (System.gc()) 92M->63M(1979M) 100.689ms
[2491.436s][info][gc,cpu         ] GC(1646) User=0.09s Sys=0.00s Real=0.10s
[2491.925s][info][gc,start       ] GC(1647) Pause Young (Allocation Failure)
[2491.928s][info][gc,heap        ] GC(1647) DefNew: 557441K->3055K(629120K)
[2491.928s][info][gc,heap        ] GC(1647) Tenured: 64565K->64565K(1398144K)
[2491.928s][info][gc,metaspace   ] GC(1647) Metaspace: 90936K(98224K)->90936K(98224K) NonClass: 79566K(83632K)->79566K(83632K) Class: 11369K(14592K)->11369K(14592K)
[2491.928s][info][gc             ] GC(1647) Pause Young (Allocation Failure) 607M->66M(1979M) 3.313ms
[2491.928s][info][gc,cpu         ] GC(1647) User=0.00s Sys=0.00s Real=0.00s
[2493.982s][info][gc,start       ] GC(1648) Pause Young (Allocation Failure)
[2493.986s][info][gc,heap        ] GC(1648) DefNew: 560728K->4406K(629120K)
[2493.986s][info][gc,heap        ] GC(1648) Tenured: 64565K->64565K(1398144K)
[2493.986s][info][gc,metaspace   ] GC(1648) Metaspace: 90936K(98224K)->90936K(98224K) NonClass: 79566K(83632K)->79566K(83632K) Class: 11369K(14592K)->11369K(14592K)
[2493.987s][info][gc             ] GC(1648) Pause Young (Allocation Failure) 610M->67M(1979M) 4.625ms
[2493.987s][info][gc,cpu         ] GC(1648) User=0.00s Sys=0.00s Real=0.00s
[2495.997s][info][gc,start       ] GC(1649) Pause Young (Allocation Failure)
[2496.002s][info][gc,heap        ] GC(1649) DefNew: 563308K->4888K(629120K)
[2496.002s][info][gc,heap        ] GC(1649) Tenured: 64565K->64565K(1398144K)
[2496.002s][info][gc,metaspace   ] GC(1649) Metaspace: 90936K(98224K)->90936K(98224K) NonClass: 79566K(83632K)->79566K(83632K) Class: 11369K(14592K)->11369K(14592K)
[2496.002s][info][gc             ] GC(1649) Pause Young (Allocation Failure) 613M->67M(1979M) 5.127ms
[2496.002s][info][gc,cpu         ] GC(1649) User=0.00s Sys=0.00s Real=0.00s
[2497.788s][info][gc,start       ] GC(1650) Pause Young (Allocation Failure)
[2497.797s][info][gc,heap        ] GC(1650) DefNew: 564120K->7117K(629120K)
[2497.797s][info][gc,heap        ] GC(1650) Tenured: 64565K->64565K(1398144K)
[2497.797s][info][gc,metaspace   ] GC(1650) Metaspace: 90936K(98224K)->90936K(98224K) NonClass: 79566K(83632K)->79566K(83632K) Class: 11369K(14592K)->11369K(14592K)
[2497.797s][info][gc             ] GC(1650) Pause Young (Allocation Failure) 613M->70M(1979M) 9.132ms
[2497.797s][info][gc,cpu         ] GC(1650) User=0.00s Sys=0.00s Real=0.01s
[2498.268s][info][gc,start       ] GC(1651) Pause Young (Allocation Failure)
[2498.275s][info][gc,heap        ] GC(1651) DefNew: 564731K->11817K(629120K)
[2498.275s][info][gc,heap        ] GC(1651) Tenured: 64565K->64565K(1398144K)
[2498.275s][info][gc,metaspace   ] GC(1651) Metaspace: 90936K(98224K)->90936K(98224K) NonClass: 79566K(83632K)->79566K(83632K) Class: 11369K(14592K)->11369K(14592K)
[2498.275s][info][gc             ] GC(1651) Pause Young (Allocation Failure) 614M->74M(1979M) 7.212ms
[2498.275s][info][gc,cpu         ] GC(1651) User=0.00s Sys=0.00s Real=0.01s
[2499.773s][info][gc,start       ] GC(1652) Pause Young (Allocation Failure)
[2499.779s][info][gc,heap        ] GC(1652) DefNew: 571072K->6656K(629120K)
[2499.779s][info][gc,heap        ] GC(1652) Tenured: 64565K->64565K(1398144K)
[2499.779s][info][gc,metaspace   ] GC(1652) Metaspace: 90936K(98224K)->90936K(98224K) NonClass: 79566K(83632K)->79566K(83632K) Class: 11369K(14592K)->11369K(14592K)
[2499.779s][info][gc             ] GC(1652) Pause Young (Allocation Failure) 620M->69M(1979M) 6.819ms
[2499.779s][info][gc,cpu         ] GC(1652) User=0.00s Sys=0.00s Real=0.01s
[2501.810s][info][gc,start       ] GC(1653) Pause Young (Allocation Failure)
[2501.815s][info][gc,heap        ] GC(1653) DefNew: 565888K->5450K(629120K)
[2501.815s][info][gc,heap        ] GC(1653) Tenured: 64565K->64565K(1398144K)
[2501.815s][info][gc,metaspace   ] GC(1653) Metaspace: 90936K(98224K)->90936K(98224K) NonClass: 79566K(83632K)->79566K(83632K) Class: 11369K(14592K)->11369K(14592K)
[2501.815s][info][gc             ] GC(1653) Pause Young (Allocation Failure) 615M->68M(1979M) 5.362ms
[2501.815s][info][gc,cpu         ] GC(1653) User=0.00s Sys=0.00s Real=0.01s
[2504.333s][info][gc,start       ] GC(1654) Pause Young (Allocation Failure)
[2504.339s][info][gc,heap        ] GC(1654) DefNew: 564682K->5643K(629120K)
[2504.339s][info][gc,heap        ] GC(1654) Tenured: 64565K->64565K(1398144K)
[2504.339s][info][gc,metaspace   ] GC(1654) Metaspace: 90936K(98224K)->90936K(98224K) NonClass: 79566K(83632K)->79566K(83632K) Class: 11369K(14592K)->11369K(14592K)
[2504.339s][info][gc             ] GC(1654) Pause Young (Allocation Failure) 614M->68M(1979M) 6.092ms
[2504.339s][info][gc,cpu         ] GC(1654) User=0.00s Sys=0.00s Real=0.01s
[2504.963s][info][gc,start       ] GC(1655) Pause Young (Allocation Failure)
[2504.972s][info][gc,heap        ] GC(1655) DefNew: 561588K->13352K(629120K)
[2504.972s][info][gc,heap        ] GC(1655) Tenured: 64565K->64565K(1398144K)
[2504.972s][info][gc,metaspace   ] GC(1655) Metaspace: 90936K(98224K)->90936K(98224K) NonClass: 79566K(83632K)->79566K(83632K) Class: 11369K(14592K)->11369K(14592K)
[2504.972s][info][gc             ] GC(1655) Pause Young (Allocation Failure) 611M->76M(1979M) 8.653ms
[2504.972s][info][gc,cpu         ] GC(1655) User=0.00s Sys=0.00s Real=0.01s
[2505.683s][info][gc,start       ] GC(1656) Pause Young (Allocation Failure)
[2505.688s][info][gc,heap        ] GC(1656) DefNew: 572584K->4946K(629120K)
[2505.689s][info][gc,heap        ] GC(1656) Tenured: 64565K->64565K(1398144K)
[2505.689s][info][gc,metaspace   ] GC(1656) Metaspace: 90936K(98224K)->90936K(98224K) NonClass: 79566K(83632K)->79566K(83632K) Class: 11369K(14592K)->11369K(14592K)
[2505.689s][info][gc             ] GC(1656) Pause Young (Allocation Failure) 622M->67M(1979M) 5.828ms
[2505.689s][info][gc,cpu         ] GC(1656) User=0.00s Sys=0.00s Real=0.01s
[2508.200s][info][gc,start       ] GC(1657) Pause Young (Allocation Failure)
[2508.206s][info][gc,heap        ] GC(1657) DefNew: 564178K->6472K(629120K)
[2508.206s][info][gc,heap        ] GC(1657) Tenured: 64565K->64565K(1398144K)
[2508.206s][info][gc,metaspace   ] GC(1657) Metaspace: 90936K(98224K)->90936K(98224K) NonClass: 79566K(83632K)->79566K(83632K) Class: 11369K(14592K)->11369K(14592K)
[2508.206s][info][gc             ] GC(1657) Pause Young (Allocation Failure) 614M->69M(1979M) 6.100ms
[2508.206s][info][gc,cpu         ] GC(1657) User=0.00s Sys=0.00s Real=0.01s
[2510.246s][info][gc,start       ] GC(1658) Pause Young (Allocation Failure)
[2510.252s][info][gc,heap        ] GC(1658) DefNew: 565674K->6269K(629120K)
[2510.252s][info][gc,heap        ] GC(1658) Tenured: 64565K->64565K(1398144K)
[2510.252s][info][gc,metaspace   ] GC(1658) Metaspace: 90936K(98224K)->90936K(98224K) NonClass: 79566K(83632K)->79566K(83632K) Class: 11369K(14592K)->11369K(14592K)
[2510.252s][info][gc             ] GC(1658) Pause Young (Allocation Failure) 615M->69M(1979M) 6.310ms
[2510.252s][info][gc,cpu         ] GC(1658) User=0.00s Sys=0.00s Real=0.01s
[2511.548s][info][gc,start       ] GC(1659) Pause Young (Allocation Failure)
[2511.567s][info][gc,heap        ] GC(1659) DefNew: 565501K->11817K(629120K)
[2511.567s][info][gc,heap        ] GC(1659) Tenured: 64565K->64565K(1398144K)
[2511.567s][info][gc,metaspace   ] GC(1659) Metaspace: 90936K(98224K)->90936K(98224K) NonClass: 79566K(83632K)->79566K(83632K) Class: 11369K(14592K)->11369K(14592K)
[2511.567s][info][gc             ] GC(1659) Pause Young (Allocation Failure) 615M->74M(1979M) 18.991ms
[2511.568s][info][gc,cpu         ] GC(1659) User=0.00s Sys=0.00s Real=0.02s
[2512.079s][info][gc,start       ] GC(1660) Pause Young (Allocation Failure)
[2512.085s][info][gc,heap        ] GC(1660) DefNew: 567059K->8534K(629120K)
[2512.085s][info][gc,heap        ] GC(1660) Tenured: 64565K->64565K(1398144K)
[2512.085s][info][gc,metaspace   ] GC(1660) Metaspace: 90936K(98224K)->90936K(98224K) NonClass: 79566K(83632K)->79566K(83632K) Class: 11369K(14592K)->11369K(14592K)
[2512.085s][info][gc             ] GC(1660) Pause Young (Allocation Failure) 616M->71M(1979M) 6.529ms
[2512.085s][info][gc,cpu         ] GC(1660) User=0.00s Sys=0.00s Real=0.01s
[2514.040s][info][gc,start       ] GC(1661) Pause Young (Allocation Failure)
[2514.048s][info][gc,heap        ] GC(1661) DefNew: 567766K->7791K(629120K)
[2514.048s][info][gc,heap        ] GC(1661) Tenured: 64565K->64565K(1398144K)
[2514.048s][info][gc,metaspace   ] GC(1661) Metaspace: 90936K(98224K)->90936K(98224K) NonClass: 79566K(83632K)->79566K(83632K) Class: 11369K(14592K)->11369K(14592K)
[2514.048s][info][gc             ] GC(1661) Pause Young (Allocation Failure) 617M->70M(1979M) 8.308ms
[2514.049s][info][gc,cpu         ] GC(1661) User=0.00s Sys=0.00s Real=0.01s
[2516.012s][info][gc,start       ] GC(1662) Pause Young (Allocation Failure)
[2516.019s][info][gc,heap        ] GC(1662) DefNew: 567023K->6180K(629120K)
[2516.019s][info][gc,heap        ] GC(1662) Tenured: 64565K->65027K(1398144K)
[2516.019s][info][gc,metaspace   ] GC(1662) Metaspace: 90936K(98224K)->90936K(98224K) NonClass: 79566K(83632K)->79566K(83632K) Class: 11369K(14592K)->11369K(14592K)
[2516.020s][info][gc             ] GC(1662) Pause Young (Allocation Failure) 616M->69M(1979M) 7.158ms
[2516.020s][info][gc,cpu         ] GC(1662) User=0.00s Sys=0.00s Real=0.01s
[2517.926s][info][gc,start       ] GC(1663) Pause Young (Allocation Failure)
[2517.935s][info][gc,heap        ] GC(1663) DefNew: 565412K->7757K(629120K)
[2517.935s][info][gc,heap        ] GC(1663) Tenured: 65027K->65235K(1398144K)
[2517.935s][info][gc,metaspace   ] GC(1663) Metaspace: 90936K(98224K)->90936K(98224K) NonClass: 79566K(83632K)->79566K(83632K) Class: 11369K(14592K)->11369K(14592K)
[2517.935s][info][gc             ] GC(1663) Pause Young (Allocation Failure) 615M->71M(1979M) 8.716ms
[2517.935s][info][gc,cpu         ] GC(1663) User=0.00s Sys=0.00s Real=0.01s
[2518.526s][info][gc,start       ] GC(1664) Pause Young (Allocation Failure)
[2518.534s][info][gc,heap        ] GC(1664) DefNew: 564995K->13206K(629120K)
[2518.534s][info][gc,heap        ] GC(1664) Tenured: 65235K->65421K(1398144K)
[2518.534s][info][gc,metaspace   ] GC(1664) Metaspace: 90936K(98224K)->90936K(98224K) NonClass: 79566K(83632K)->79566K(83632K) Class: 11369K(14592K)->11369K(14592K)
[2518.534s][info][gc             ] GC(1664) Pause Young (Allocation Failure) 615M->76M(1979M) 8.195ms
[2518.534s][info][gc,cpu         ] GC(1664) User=0.00s Sys=0.00s Real=0.01s
[2519.990s][info][gc,start       ] GC(1665) Pause Young (Allocation Failure)
[2519.998s][info][gc,heap        ] GC(1665) DefNew: 571650K->6152K(629120K)
[2519.998s][info][gc,heap        ] GC(1665) Tenured: 65421K->65571K(1398144K)
[2519.998s][info][gc,metaspace   ] GC(1665) Metaspace: 90936K(98224K)->90936K(98224K) NonClass: 79566K(83632K)->79566K(83632K) Class: 11369K(14592K)->11369K(14592K)
[2519.998s][info][gc             ] GC(1665) Pause Young (Allocation Failure) 622M->70M(1979M) 7.300ms
[2519.998s][info][gc,cpu         ] GC(1665) User=0.00s Sys=0.00s Real=0.01s
[2521.919s][info][gc,start       ] GC(1666) Pause Young (Allocation Failure)
[2521.928s][info][gc,heap        ] GC(1666) DefNew: 565075K->7721K(629120K)
[2521.928s][info][gc,heap        ] GC(1666) Tenured: 65571K->65636K(1398144K)
[2521.928s][info][gc,metaspace   ] GC(1666) Metaspace: 90936K(98224K)->90936K(98224K) NonClass: 79566K(83632K)->79566K(83632K) Class: 11369K(14592K)->11369K(14592K)
[2521.928s][info][gc             ] GC(1666) Pause Young (Allocation Failure) 615M->71M(1979M) 8.913ms
[2521.928s][info][gc,cpu         ] GC(1666) User=0.02s Sys=0.00s Real=0.01s
[2522.434s][info][gc,start       ] GC(1667) Pause Young (Allocation Failure)
[2522.442s][info][gc,heap        ] GC(1667) DefNew: 566857K->13441K(629120K)
[2522.442s][info][gc,heap        ] GC(1667) Tenured: 65636K->65819K(1398144K)
[2522.442s][info][gc,metaspace   ] GC(1667) Metaspace: 90936K(98224K)->90936K(98224K) NonClass: 79566K(83632K)->79566K(83632K) Class: 11369K(14592K)->11369K(14592K)
[2522.442s][info][gc             ] GC(1667) Pause Young (Allocation Failure) 617M->77M(1979M) 7.634ms
[2522.442s][info][gc,cpu         ] GC(1667) User=0.00s Sys=0.00s Real=0.01s
[2523.957s][info][gc,start       ] GC(1668) Pause Young (Allocation Failure)
[2523.965s][info][gc,heap        ] GC(1668) DefNew: 572673K->6081K(629120K)
[2523.965s][info][gc,heap        ] GC(1668) Tenured: 65819K->65958K(1398144K)
[2523.965s][info][gc,metaspace   ] GC(1668) Metaspace: 90936K(98224K)->90936K(98224K) NonClass: 79566K(83632K)->79566K(83632K) Class: 11369K(14592K)->11369K(14592K)
[2523.965s][info][gc             ] GC(1668) Pause Young (Allocation Failure) 623M->70M(1979M) 7.821ms
[2523.965s][info][gc,cpu         ] GC(1668) User=0.00s Sys=0.00s Real=0.01s
[2525.950s][info][gc,start       ] GC(1669) Pause Young (Allocation Failure)
[2525.959s][info][gc,heap        ] GC(1669) DefNew: 565313K->7972K(629120K)
[2525.959s][info][gc,heap        ] GC(1669) Tenured: 65958K->66124K(1398144K)
[2525.959s][info][gc,metaspace   ] GC(1669) Metaspace: 90936K(98224K)->90936K(98224K) NonClass: 79566K(83632K)->79566K(83632K) Class: 11369K(14592K)->11369K(14592K)
[2525.959s][info][gc             ] GC(1669) Pause Young (Allocation Failure) 616M->72M(1979M) 8.623ms
[2525.959s][info][gc,cpu         ] GC(1669) User=0.00s Sys=0.00s Real=0.01s
[2526.412s][info][gc,start       ] GC(1670) Pause Young (Allocation Failure)
[2526.420s][info][gc,heap        ] GC(1670) DefNew: 563240K->17194K(629120K)
[2526.420s][info][gc,heap        ] GC(1670) Tenured: 66124K->66237K(1398144K)
[2526.420s][info][gc,metaspace   ] GC(1670) Metaspace: 90936K(98224K)->90936K(98224K) NonClass: 79566K(83632K)->79566K(83632K) Class: 11369K(14592K)->11369K(14592K)
[2526.420s][info][gc             ] GC(1670) Pause Young (Allocation Failure) 614M->81M(1979M) 8.258ms
[2526.420s][info][gc,cpu         ] GC(1670) User=0.00s Sys=0.00s Real=0.01s
[2527.933s][info][gc,start       ] GC(1671) Pause Young (Allocation Failure)
[2527.940s][info][gc,heap        ] GC(1671) DefNew: 576426K->7557K(629120K)
[2527.940s][info][gc,heap        ] GC(1671) Tenured: 66237K->66350K(1398144K)
[2527.940s][info][gc,metaspace   ] GC(1671) Metaspace: 90936K(98224K)->90936K(98224K) NonClass: 79566K(83632K)->79566K(83632K) Class: 11369K(14592K)->11369K(14592K)
[2527.940s][info][gc             ] GC(1671) Pause Young (Allocation Failure) 627M->72M(1979M) 7.253ms
[2527.940s][info][gc,cpu         ] GC(1671) User=0.00s Sys=0.00s Real=0.01s
[2529.683s][info][gc,start       ] GC(1672) Pause Young (Allocation Failure)
[2529.693s][info][gc,heap        ] GC(1672) DefNew: 566789K->8627K(629120K)
[2529.693s][info][gc,heap        ] GC(1672) Tenured: 66350K->66509K(1398144K)
[2529.693s][info][gc,metaspace   ] GC(1672) Metaspace: 90936K(98224K)->90936K(98224K) NonClass: 79566K(83632K)->79566K(83632K) Class: 11369K(14592K)->11369K(14592K)
[2529.693s][info][gc             ] GC(1672) Pause Young (Allocation Failure) 618M->73M(1979M) 9.494ms
[2529.693s][info][gc,cpu         ] GC(1672) User=0.00s Sys=0.00s Real=0.01s
[2530.168s][info][gc,start       ] GC(1673) Pause Young (Allocation Failure)
[2530.176s][info][gc,heap        ] GC(1673) DefNew: 565367K->9182K(629120K)
[2530.176s][info][gc,heap        ] GC(1673) Tenured: 66509K->66692K(1398144K)
[2530.176s][info][gc,metaspace   ] GC(1673) Metaspace: 90936K(98224K)->90936K(98224K) NonClass: 79566K(83632K)->79566K(83632K) Class: 11369K(14592K)->11369K(14592K)
[2530.176s][info][gc             ] GC(1673) Pause Young (Allocation Failure) 617M->74M(1979M) 7.473ms
[2530.176s][info][gc,cpu         ] GC(1673) User=0.00s Sys=0.00s Real=0.01s
[2531.736s][info][gc,start       ] GC(1674) Pause Young (Allocation Failure)
[2531.743s][info][gc,heap        ] GC(1674) DefNew: 568414K->5603K(629120K)
[2531.743s][info][gc,heap        ] GC(1674) Tenured: 66692K->66808K(1398144K)
[2531.743s][info][gc,metaspace   ] GC(1674) Metaspace: 90936K(98224K)->90936K(98224K) NonClass: 79566K(83632K)->79566K(83632K) Class: 11369K(14592K)->11369K(14592K)
[2531.743s][info][gc             ] GC(1674) Pause Young (Allocation Failure) 620M->70M(1979M) 7.565ms
[2531.743s][info][gc,cpu         ] GC(1674) User=0.02s Sys=0.00s Real=0.01s
[2533.613s][info][gc,start       ] GC(1675) Pause Young (Allocation Failure)
[2533.624s][info][gc,heap        ] GC(1675) DefNew: 564839K->8657K(629120K)
[2533.624s][info][gc,heap        ] GC(1675) Tenured: 66808K->66894K(1398144K)
[2533.624s][info][gc,metaspace   ] GC(1675) Metaspace: 90936K(98224K)->90936K(98224K) NonClass: 79566K(83632K)->79566K(83632K) Class: 11369K(14592K)->11369K(14592K)
[2533.624s][info][gc             ] GC(1675) Pause Young (Allocation Failure) 616M->73M(1979M) 10.760ms
[2533.624s][info][gc,cpu         ] GC(1675) User=0.00s Sys=0.00s Real=0.01s
[2534.307s][info][gc,start       ] GC(1676) Pause Young (Allocation Failure)
[2534.316s][info][gc,heap        ] GC(1676) DefNew: 567889K->7598K(629120K)
[2534.316s][info][gc,heap        ] GC(1676) Tenured: 66894K->67085K(1398144K)
[2534.316s][info][gc,metaspace   ] GC(1676) Metaspace: 90936K(98224K)->90936K(98224K) NonClass: 79566K(83632K)->79566K(83632K) Class: 11369K(14592K)->11369K(14592K)
[2534.316s][info][gc             ] GC(1676) Pause Young (Allocation Failure) 619M->72M(1979M) 8.795ms
[2534.316s][info][gc,cpu         ] GC(1676) User=0.00s Sys=0.00s Real=0.01s
[2534.327s][info][gc,start       ] GC(1677) Pause Full (System.gc())
[2534.329s][info][gc,phases,start] GC(1677) Phase 1: Mark live objects
[2534.383s][info][gc,phases      ] GC(1677) Phase 1: Mark live objects 53.458ms
[2534.383s][info][gc,phases,start] GC(1677) Phase 2: Compute new object addresses
[2534.395s][info][gc,phases      ] GC(1677) Phase 2: Compute new object addresses 12.227ms
[2534.395s][info][gc,phases,start] GC(1677) Phase 3: Adjust pointers
[2534.425s][info][gc,phases      ] GC(1677) Phase 3: Adjust pointers 30.561ms
[2534.425s][info][gc,phases,start] GC(1677) Phase 4: Move objects
[2534.426s][info][gc,phases      ] GC(1677) Phase 4: Move objects 0.898ms
[2534.427s][info][gc,heap        ] GC(1677) DefNew: 26034K->0K(629120K)
[2534.427s][info][gc,heap        ] GC(1677) Tenured: 67085K->71144K(1398144K)
[2534.427s][info][gc,metaspace   ] GC(1677) Metaspace: 90936K(98224K)->90936K(98224K) NonClass: 79566K(83632K)->79566K(83632K) Class: 11369K(14592K)->11369K(14592K)
[2534.427s][info][gc             ] GC(1677) Pause Full (System.gc()) 90M->69M(1979M) 100.587ms
[2534.427s][info][gc,cpu         ] GC(1677) User=0.09s Sys=0.00s Real=0.10s
[2534.913s][info][gc,start       ] GC(1678) Pause Young (Allocation Failure)
[2534.916s][info][gc,heap        ] GC(1678) DefNew: 559232K->3057K(629120K)
[2534.916s][info][gc,heap        ] GC(1678) Tenured: 71144K->71144K(1398144K)
[2534.916s][info][gc,metaspace   ] GC(1678) Metaspace: 90936K(98224K)->90936K(98224K) NonClass: 79566K(83632K)->79566K(83632K) Class: 11369K(14592K)->11369K(14592K)
[2534.916s][info][gc             ] GC(1678) Pause Young (Allocation Failure) 615M->72M(1979M) 3.314ms
[2534.916s][info][gc,cpu         ] GC(1678) User=0.00s Sys=0.00s Real=0.00s
[2536.860s][info][gc,start       ] GC(1679) Pause Young (Allocation Failure)
[2536.864s][info][gc,heap        ] GC(1679) DefNew: 560851K->4390K(629120K)
[2536.864s][info][gc,heap        ] GC(1679) Tenured: 71144K->71144K(1398144K)
[2536.864s][info][gc,metaspace   ] GC(1679) Metaspace: 90936K(98224K)->90936K(98224K) NonClass: 79566K(83632K)->79566K(83632K) Class: 11369K(14592K)->11369K(14592K)
[2536.864s][info][gc             ] GC(1679) Pause Young (Allocation Failure) 617M->73M(1979M) 4.552ms
[2536.865s][info][gc,cpu         ] GC(1679) User=0.00s Sys=0.00s Real=0.00s
[2538.853s][info][gc,start       ] GC(1680) Pause Young (Allocation Failure)
[2538.858s][info][gc,heap        ] GC(1680) DefNew: 563256K->5016K(629120K)
[2538.858s][info][gc,heap        ] GC(1680) Tenured: 71144K->71144K(1398144K)
[2538.858s][info][gc,metaspace   ] GC(1680) Metaspace: 90936K(98224K)->90936K(98224K) NonClass: 79566K(83632K)->79566K(83632K) Class: 11369K(14592K)->11369K(14592K)
[2538.858s][info][gc             ] GC(1680) Pause Young (Allocation Failure) 619M->74M(1979M) 5.521ms
[2538.858s][info][gc,cpu         ] GC(1680) User=0.00s Sys=0.00s Real=0.01s
[2540.571s][info][gc,start       ] GC(1681) Pause Young (Allocation Failure)
[2540.581s][info][gc,heap        ] GC(1681) DefNew: 564248K->7199K(629120K)
[2540.581s][info][gc,heap        ] GC(1681) Tenured: 71144K->71144K(1398144K)
[2540.581s][info][gc,metaspace   ] GC(1681) Metaspace: 90936K(98224K)->90936K(98224K) NonClass: 79566K(83632K)->79566K(83632K) Class: 11369K(14592K)->11369K(14592K)
[2540.581s][info][gc             ] GC(1681) Pause Young (Allocation Failure) 620M->76M(1979M) 9.534ms
[2540.581s][info][gc,cpu         ] GC(1681) User=0.00s Sys=0.00s Real=0.01s
[2541.051s][info][gc,start       ] GC(1682) Pause Young (Allocation Failure)
[2541.058s][info][gc,heap        ] GC(1682) DefNew: 565673K->11857K(629120K)
[2541.058s][info][gc,heap        ] GC(1682) Tenured: 71144K->71144K(1398144K)
[2541.058s][info][gc,metaspace   ] GC(1682) Metaspace: 90936K(98224K)->90936K(98224K) NonClass: 79566K(83632K)->79566K(83632K) Class: 11369K(14592K)->11369K(14592K)
[2541.058s][info][gc             ] GC(1682) Pause Young (Allocation Failure) 621M->81M(1979M) 6.891ms
[2541.058s][info][gc,cpu         ] GC(1682) User=0.00s Sys=0.00s Real=0.01s
[2542.533s][info][gc,start       ] GC(1683) Pause Young (Allocation Failure)
[2542.540s][info][gc,heap        ] GC(1683) DefNew: 571089K->6557K(629120K)
[2542.540s][info][gc,heap        ] GC(1683) Tenured: 71144K->71144K(1398144K)
[2542.540s][info][gc,metaspace   ] GC(1683) Metaspace: 90937K(98224K)->90937K(98224K) NonClass: 79567K(83632K)->79567K(83632K) Class: 11369K(14592K)->11369K(14592K)
[2542.540s][info][gc             ] GC(1683) Pause Young (Allocation Failure) 627M->75M(1979M) 6.642ms
[2542.540s][info][gc,cpu         ] GC(1683) User=0.00s Sys=0.00s Real=0.01s
[2544.530s][info][gc,start       ] GC(1684) Pause Young (Allocation Failure)
[2544.535s][info][gc,heap        ] GC(1684) DefNew: 565789K->5236K(629120K)
[2544.536s][info][gc,heap        ] GC(1684) Tenured: 71144K->71144K(1398144K)
[2544.536s][info][gc,metaspace   ] GC(1684) Metaspace: 90937K(98224K)->90937K(98224K) NonClass: 79567K(83632K)->79567K(83632K) Class: 11369K(14592K)->11369K(14592K)
[2544.536s][info][gc             ] GC(1684) Pause Young (Allocation Failure) 622M->74M(1979M) 5.554ms
[2544.536s][info][gc,cpu         ] GC(1684) User=0.00s Sys=0.00s Real=0.00s
[2547.078s][info][gc,start       ] GC(1685) Pause Young (Allocation Failure)
[2547.083s][info][gc,heap        ] GC(1685) DefNew: 564468K->5744K(629120K)
[2547.083s][info][gc,heap        ] GC(1685) Tenured: 71144K->71144K(1398144K)
[2547.083s][info][gc,metaspace   ] GC(1685) Metaspace: 90937K(98224K)->90937K(98224K) NonClass: 79567K(83632K)->79567K(83632K) Class: 11369K(14592K)->11369K(14592K)
[2547.083s][info][gc             ] GC(1685) Pause Young (Allocation Failure) 620M->75M(1979M) 5.661ms
[2547.083s][info][gc,cpu         ] GC(1685) User=0.00s Sys=0.00s Real=0.01s
[2547.703s][info][gc,start       ] GC(1686) Pause Young (Allocation Failure)
[2547.711s][info][gc,heap        ] GC(1686) DefNew: 564976K->7888K(629120K)
[2547.711s][info][gc,heap        ] GC(1686) Tenured: 71144K->71144K(1398144K)
[2547.711s][info][gc,metaspace   ] GC(1686) Metaspace: 90937K(98224K)->90937K(98224K) NonClass: 79567K(83632K)->79567K(83632K) Class: 11369K(14592K)->11369K(14592K)
[2547.711s][info][gc             ] GC(1686) Pause Young (Allocation Failure) 621M->77M(1979M) 7.586ms
[2547.711s][info][gc,cpu         ] GC(1686) User=0.00s Sys=0.00s Real=0.01s
[2548.435s][info][gc,start       ] GC(1687) Pause Young (Allocation Failure)
[2548.441s][info][gc,heap        ] GC(1687) DefNew: 567120K->5143K(629120K)
[2548.441s][info][gc,heap        ] GC(1687) Tenured: 71144K->71144K(1398144K)
[2548.441s][info][gc,metaspace   ] GC(1687) Metaspace: 90937K(98224K)->90937K(98224K) NonClass: 79567K(83632K)->79567K(83632K) Class: 11369K(14592K)->11369K(14592K)
[2548.441s][info][gc             ] GC(1687) Pause Young (Allocation Failure) 623M->74M(1979M) 5.532ms
[2548.441s][info][gc,cpu         ] GC(1687) User=0.00s Sys=0.00s Real=0.00s
[2550.913s][info][gc,start       ] GC(1688) Pause Young (Allocation Failure)
[2550.919s][info][gc,heap        ] GC(1688) DefNew: 564375K->6699K(629120K)
[2550.919s][info][gc,heap        ] GC(1688) Tenured: 71144K->71144K(1398144K)
[2550.919s][info][gc,metaspace   ] GC(1688) Metaspace: 90937K(98224K)->90937K(98224K) NonClass: 79567K(83632K)->79567K(83632K) Class: 11369K(14592K)->11369K(14592K)
[2550.920s][info][gc             ] GC(1688) Pause Young (Allocation Failure) 620M->76M(1979M) 6.714ms
[2550.920s][info][gc,cpu         ] GC(1688) User=0.00s Sys=0.00s Real=0.01s
[2552.958s][info][gc,start       ] GC(1689) Pause Young (Allocation Failure)
[2552.964s][info][gc,heap        ] GC(1689) DefNew: 564577K->6235K(629120K)
[2552.964s][info][gc,heap        ] GC(1689) Tenured: 71144K->71144K(1398144K)
[2552.964s][info][gc,metaspace   ] GC(1689) Metaspace: 90937K(98224K)->90937K(98224K) NonClass: 79567K(83632K)->79567K(83632K) Class: 11369K(14592K)->11369K(14592K)
[2552.964s][info][gc             ] GC(1689) Pause Young (Allocation Failure) 620M->75M(1979M) 6.211ms
[2552.964s][info][gc,cpu         ] GC(1689) User=0.00s Sys=0.00s Real=0.01s
[2554.292s][info][gc,start       ] GC(1690) Pause Young (Allocation Failure)
[2554.311s][info][gc,heap        ] GC(1690) DefNew: 565467K->11808K(629120K)
[2554.311s][info][gc,heap        ] GC(1690) Tenured: 71144K->71144K(1398144K)
[2554.311s][info][gc,metaspace   ] GC(1690) Metaspace: 90937K(98224K)->90937K(98224K) NonClass: 79567K(83632K)->79567K(83632K) Class: 11369K(14592K)->11369K(14592K)
[2554.311s][info][gc             ] GC(1690) Pause Young (Allocation Failure) 621M->81M(1979M) 19.084ms
[2554.311s][info][gc,cpu         ] GC(1690) User=0.02s Sys=0.00s Real=0.02s
[2554.848s][info][gc,start       ] GC(1691) Pause Young (Allocation Failure)
[2554.854s][info][gc,heap        ] GC(1691) DefNew: 568500K->8465K(629120K)
[2554.854s][info][gc,heap        ] GC(1691) Tenured: 71144K->71144K(1398144K)
[2554.854s][info][gc,metaspace   ] GC(1691) Metaspace: 90937K(98224K)->90937K(98224K) NonClass: 79567K(83632K)->79567K(83632K) Class: 11369K(14592K)->11369K(14592K)
[2554.854s][info][gc             ] GC(1691) Pause Young (Allocation Failure) 624M->77M(1979M) 6.348ms
[2554.854s][info][gc,cpu         ] GC(1691) User=0.00s Sys=0.00s Real=0.01s
[2557.000s][info][gc,start       ] GC(1692) Pause Young (GCLocker Initiated GC)
[2557.008s][info][gc,heap        ] GC(1692) DefNew: 567702K->7802K(629120K)
[2557.008s][info][gc,heap        ] GC(1692) Tenured: 71144K->71144K(1398144K)
[2557.008s][info][gc,metaspace   ] GC(1692) Metaspace: 90937K(98224K)->90937K(98224K) NonClass: 79567K(83632K)->79567K(83632K) Class: 11369K(14592K)->11369K(14592K)
[2557.008s][info][gc             ] GC(1692) Pause Young (GCLocker Initiated GC) 623M->77M(1979M) 7.984ms
[2557.008s][info][gc,cpu         ] GC(1692) User=0.00s Sys=0.00s Real=0.01s
[2559.013s][info][gc,start       ] GC(1693) Pause Young (Allocation Failure)
[2559.020s][info][gc,heap        ] GC(1693) DefNew: 564518K->6385K(629120K)
[2559.020s][info][gc,heap        ] GC(1693) Tenured: 71144K->71606K(1398144K)
[2559.020s][info][gc,metaspace   ] GC(1693) Metaspace: 90937K(98224K)->90937K(98224K) NonClass: 79567K(83632K)->79567K(83632K) Class: 11369K(14592K)->11369K(14592K)
[2559.020s][info][gc             ] GC(1693) Pause Young (Allocation Failure) 620M->76M(1979M) 6.944ms
[2559.020s][info][gc,cpu         ] GC(1693) User=0.00s Sys=0.00s Real=0.01s
[2560.873s][info][gc,start       ] GC(1694) Pause Young (Allocation Failure)
[2560.884s][info][gc,heap        ] GC(1694) DefNew: 565617K->11122K(629120K)
[2560.884s][info][gc,heap        ] GC(1694) Tenured: 71606K->71794K(1398144K)
[2560.884s][info][gc,metaspace   ] GC(1694) Metaspace: 90937K(98224K)->90937K(98224K) NonClass: 79567K(83632K)->79567K(83632K) Class: 11369K(14592K)->11369K(14592K)
[2560.884s][info][gc             ] GC(1694) Pause Young (Allocation Failure) 622M->80M(1979M) 11.097ms
[2560.884s][info][gc,cpu         ] GC(1694) User=0.02s Sys=0.00s Real=0.01s
[2561.502s][info][gc,start       ] GC(1695) Pause Young (Allocation Failure)
[2561.510s][info][gc,heap        ] GC(1695) DefNew: 569821K->13504K(629120K)
[2561.510s][info][gc,heap        ] GC(1695) Tenured: 71794K->71980K(1398144K)
[2561.510s][info][gc,metaspace   ] GC(1695) Metaspace: 90937K(98224K)->90937K(98224K) NonClass: 79567K(83632K)->79567K(83632K) Class: 11369K(14592K)->11369K(14592K)
[2561.510s][info][gc             ] GC(1695) Pause Young (Allocation Failure) 626M->83M(1979M) 7.714ms
[2561.510s][info][gc,cpu         ] GC(1695) User=0.00s Sys=0.00s Real=0.01s
[2562.945s][info][gc,start       ] GC(1696) Pause Young (Allocation Failure)
[2562.951s][info][gc,heap        ] GC(1696) DefNew: 572736K->5969K(629120K)
[2562.952s][info][gc,heap        ] GC(1696) Tenured: 71980K->72129K(1398144K)
[2562.952s][info][gc,metaspace   ] GC(1696) Metaspace: 90937K(98224K)->90937K(98224K) NonClass: 79567K(83632K)->79567K(83632K) Class: 11369K(14592K)->11369K(14592K)
[2562.952s][info][gc             ] GC(1696) Pause Young (Allocation Failure) 629M->76M(1979M) 6.837ms
[2562.952s][info][gc,cpu         ] GC(1696) User=0.00s Sys=0.00s Real=0.01s
[2564.799s][info][gc,start       ] GC(1697) Pause Young (Allocation Failure)
[2564.807s][info][gc,heap        ] GC(1697) DefNew: 564632K->7621K(629120K)
[2564.807s][info][gc,heap        ] GC(1697) Tenured: 72129K->72195K(1398144K)
[2564.807s][info][gc,metaspace   ] GC(1697) Metaspace: 90937K(98224K)->90937K(98224K) NonClass: 79567K(83632K)->79567K(83632K) Class: 11369K(14592K)->11369K(14592K)
[2564.807s][info][gc             ] GC(1697) Pause Young (Allocation Failure) 621M->77M(1979M) 7.725ms
[2564.807s][info][gc,cpu         ] GC(1697) User=0.00s Sys=0.00s Real=0.01s
[2565.299s][info][gc,start       ] GC(1698) Pause Young (Allocation Failure)
[2565.307s][info][gc,heap        ] GC(1698) DefNew: 566853K->8810K(629120K)
[2565.307s][info][gc,heap        ] GC(1698) Tenured: 72195K->72384K(1398144K)
[2565.307s][info][gc,metaspace   ] GC(1698) Metaspace: 90937K(98224K)->90937K(98224K) NonClass: 79567K(83632K)->79567K(83632K) Class: 11369K(14592K)->11369K(14592K)
[2565.307s][info][gc             ] GC(1698) Pause Young (Allocation Failure) 624M->79M(1979M) 7.958ms
[2565.307s][info][gc,cpu         ] GC(1698) User=0.00s Sys=0.00s Real=0.01s
[2566.860s][info][gc,start       ] GC(1699) Pause Young (Allocation Failure)
[2566.866s][info][gc,heap        ] GC(1699) DefNew: 568042K->6182K(629120K)
[2566.866s][info][gc,heap        ] GC(1699) Tenured: 72384K->72523K(1398144K)
[2566.866s][info][gc,metaspace   ] GC(1699) Metaspace: 90937K(98224K)->90937K(98224K) NonClass: 79567K(83632K)->79567K(83632K) Class: 11369K(14592K)->11369K(14592K)
[2566.866s][info][gc             ] GC(1699) Pause Young (Allocation Failure) 625M->76M(1979M) 6.960ms
[2566.867s][info][gc,cpu         ] GC(1699) User=0.00s Sys=0.00s Real=0.01s
[2568.753s][info][gc,start       ] GC(1700) Pause Young (Allocation Failure)
[2568.762s][info][gc,heap        ] GC(1700) DefNew: 565414K->8227K(629120K)
[2568.762s][info][gc,heap        ] GC(1700) Tenured: 72523K->72687K(1398144K)
[2568.762s][info][gc,metaspace   ] GC(1700) Metaspace: 90937K(98224K)->90937K(98224K) NonClass: 79567K(83632K)->79567K(83632K) Class: 11369K(14592K)->11369K(14592K)
[2568.762s][info][gc             ] GC(1700) Pause Young (Allocation Failure) 622M->79M(1979M) 9.757ms
[2568.762s][info][gc,cpu         ] GC(1700) User=0.00s Sys=0.00s Real=0.01s
[2569.219s][info][gc,start       ] GC(1701) Pause Young (Allocation Failure)
[2569.226s][info][gc,heap        ] GC(1701) DefNew: 567459K->8352K(629120K)
[2569.226s][info][gc,heap        ] GC(1701) Tenured: 72687K->72883K(1398144K)
[2569.226s][info][gc,metaspace   ] GC(1701) Metaspace: 90937K(98224K)->90937K(98224K) NonClass: 79567K(83632K)->79567K(83632K) Class: 11369K(14592K)->11369K(14592K)
[2569.226s][info][gc             ] GC(1701) Pause Young (Allocation Failure) 625M->79M(1979M) 7.564ms
[2569.226s][info][gc,cpu         ] GC(1701) User=0.00s Sys=0.00s Real=0.01s
[2570.795s][info][gc,start       ] GC(1702) Pause Young (Allocation Failure)
[2570.802s][info][gc,heap        ] GC(1702) DefNew: 566877K->6017K(629120K)
[2570.802s][info][gc,heap        ] GC(1702) Tenured: 72883K->73001K(1398144K)
[2570.802s][info][gc,metaspace   ] GC(1702) Metaspace: 90937K(98224K)->90937K(98224K) NonClass: 79567K(83632K)->79567K(83632K) Class: 11370K(14592K)->11370K(14592K)
[2570.802s][info][gc             ] GC(1702) Pause Young (Allocation Failure) 624M->77M(1979M) 7.015ms
[2570.803s][info][gc,cpu         ] GC(1702) User=0.00s Sys=0.00s Real=0.01s
[2572.511s][info][gc,start       ] GC(1703) Pause Young (Allocation Failure)
[2572.521s][info][gc,heap        ] GC(1703) DefNew: 565249K->8737K(629120K)
[2572.521s][info][gc,heap        ] GC(1703) Tenured: 73001K->73157K(1398144K)
[2572.521s][info][gc,metaspace   ] GC(1703) Metaspace: 90940K(98224K)->90940K(98224K) NonClass: 79569K(83632K)->79569K(83632K) Class: 11370K(14592K)->11370K(14592K)
[2572.521s][info][gc             ] GC(1703) Pause Young (Allocation Failure) 623M->79M(1979M) 10.087ms
[2572.521s][info][gc,cpu         ] GC(1703) User=0.00s Sys=0.00s Real=0.01s
[2572.991s][info][gc,start       ] GC(1704) Pause Young (Allocation Failure)
[2572.999s][info][gc,heap        ] GC(1704) DefNew: 567393K->13349K(629120K)
[2573.000s][info][gc,heap        ] GC(1704) Tenured: 73157K->73342K(1398144K)
[2573.000s][info][gc,metaspace   ] GC(1704) Metaspace: 90940K(98224K)->90940K(98224K) NonClass: 79569K(83632K)->79569K(83632K) Class: 11370K(14592K)->11370K(14592K)
[2573.000s][info][gc             ] GC(1704) Pause Young (Allocation Failure) 625M->84M(1979M) 8.108ms
[2573.000s][info][gc,cpu         ] GC(1704) User=0.00s Sys=0.00s Real=0.01s
[2574.559s][info][gc,start       ] GC(1705) Pause Young (Allocation Failure)
[2574.566s][info][gc,heap        ] GC(1705) DefNew: 572581K->5830K(629120K)
[2574.566s][info][gc,heap        ] GC(1705) Tenured: 73342K->73461K(1398144K)
[2574.566s][info][gc,metaspace   ] GC(1705) Metaspace: 90940K(98224K)->90940K(98224K) NonClass: 79569K(83632K)->79569K(83632K) Class: 11370K(14592K)->11370K(14592K)
[2574.566s][info][gc             ] GC(1705) Pause Young (Allocation Failure) 630M->77M(1979M) 6.619ms
[2574.566s][info][gc,cpu         ] GC(1705) User=0.00s Sys=0.00s Real=0.01s
[2576.432s][info][gc,start       ] GC(1706) Pause Young (Allocation Failure)
[2576.444s][info][gc,heap        ] GC(1706) DefNew: 565062K->8682K(629120K)
[2576.444s][info][gc,heap        ] GC(1706) Tenured: 73461K->73544K(1398144K)
[2576.444s][info][gc,metaspace   ] GC(1706) Metaspace: 90941K(98224K)->90941K(98224K) NonClass: 79570K(83632K)->79570K(83632K) Class: 11370K(14592K)->11370K(14592K)
[2576.444s][info][gc             ] GC(1706) Pause Young (Allocation Failure) 623M->80M(1979M) 11.692ms
[2576.444s][info][gc,cpu         ] GC(1706) User=0.00s Sys=0.00s Real=0.01s
[2577.124s][info][gc,start       ] GC(1707) Pause Young (Allocation Failure)
[2577.133s][info][gc,heap        ] GC(1707) DefNew: 567914K->7829K(629120K)
[2577.133s][info][gc,heap        ] GC(1707) Tenured: 73544K->73732K(1398144K)
[2577.133s][info][gc,metaspace   ] GC(1707) Metaspace: 90941K(98224K)->90941K(98224K) NonClass: 79570K(83632K)->79570K(83632K) Class: 11370K(14592K)->11370K(14592K)
[2577.133s][info][gc             ] GC(1707) Pause Young (Allocation Failure) 626M->79M(1979M) 9.125ms
[2577.133s][info][gc,cpu         ] GC(1707) User=0.00s Sys=0.00s Real=0.01s
[2577.144s][info][gc,start       ] GC(1708) Pause Full (System.gc())
[2577.147s][info][gc,phases,start] GC(1708) Phase 1: Mark live objects
[2577.199s][info][gc,phases      ] GC(1708) Phase 1: Mark live objects 51.978ms
[2577.199s][info][gc,phases,start] GC(1708) Phase 2: Compute new object addresses
[2577.210s][info][gc,phases      ] GC(1708) Phase 2: Compute new object addresses 11.369ms
[2577.210s][info][gc,phases,start] GC(1708) Phase 3: Adjust pointers
[2577.242s][info][gc,phases      ] GC(1708) Phase 3: Adjust pointers 32.138ms
[2577.242s][info][gc,phases,start] GC(1708) Phase 4: Move objects
[2577.252s][info][gc,phases      ] GC(1708) Phase 4: Move objects 9.257ms
[2577.252s][info][gc,heap        ] GC(1708) DefNew: 24929K->0K(629120K)
[2577.252s][info][gc,heap        ] GC(1708) Tenured: 73732K->53195K(1398144K)
[2577.252s][info][gc,metaspace   ] GC(1708) Metaspace: 90941K(98224K)->90941K(98224K) NonClass: 79570K(83632K)->79570K(83632K) Class: 11370K(14592K)->11370K(14592K)
[2577.252s][info][gc             ] GC(1708) Pause Full (System.gc()) 96M->51M(1979M) 108.046ms
[2577.253s][info][gc,cpu         ] GC(1708) User=0.11s Sys=0.00s Real=0.11s
[2577.727s][info][gc,start       ] GC(1709) Pause Young (Allocation Failure)
[2577.731s][info][gc,heap        ] GC(1709) DefNew: 559065K->3148K(629120K)
[2577.731s][info][gc,heap        ] GC(1709) Tenured: 53195K->53195K(1398144K)
[2577.731s][info][gc,metaspace   ] GC(1709) Metaspace: 90941K(98224K)->90941K(98224K) NonClass: 79570K(83632K)->79570K(83632K) Class: 11370K(14592K)->11370K(14592K)
[2577.731s][info][gc             ] GC(1709) Pause Young (Allocation Failure) 597M->55M(1979M) 3.540ms
[2577.731s][info][gc,cpu         ] GC(1709) User=0.00s Sys=0.00s Real=0.00s
[2579.732s][info][gc,start       ] GC(1710) Pause Young (Allocation Failure)
[2579.737s][info][gc,heap        ] GC(1710) DefNew: 562380K->4494K(629120K)
[2579.737s][info][gc,heap        ] GC(1710) Tenured: 53195K->53195K(1398144K)
[2579.737s][info][gc,metaspace   ] GC(1710) Metaspace: 90941K(98224K)->90941K(98224K) NonClass: 79570K(83632K)->79570K(83632K) Class: 11370K(14592K)->11370K(14592K)
[2579.737s][info][gc             ] GC(1710) Pause Young (Allocation Failure) 601M->56M(1979M) 4.972ms
[2579.737s][info][gc,cpu         ] GC(1710) User=0.00s Sys=0.00s Real=0.00s
[2581.712s][info][gc,start       ] GC(1711) Pause Young (Allocation Failure)
[2581.717s][info][gc,heap        ] GC(1711) DefNew: 563726K->5127K(629120K)
[2581.717s][info][gc,heap        ] GC(1711) Tenured: 53195K->53195K(1398144K)
[2581.717s][info][gc,metaspace   ] GC(1711) Metaspace: 90941K(98224K)->90941K(98224K) NonClass: 79570K(83632K)->79570K(83632K) Class: 11370K(14592K)->11370K(14592K)
[2581.717s][info][gc             ] GC(1711) Pause Young (Allocation Failure) 602M->56M(1979M) 5.743ms
[2581.717s][info][gc,cpu         ] GC(1711) User=0.00s Sys=0.00s Real=0.01s
[2583.468s][info][gc,start       ] GC(1712) Pause Young (Allocation Failure)
[2583.476s][info][gc,heap        ] GC(1712) DefNew: 564359K->6733K(629120K)
[2583.476s][info][gc,heap        ] GC(1712) Tenured: 53195K->53195K(1398144K)
[2583.476s][info][gc,metaspace   ] GC(1712) Metaspace: 90960K(98224K)->90960K(98224K) NonClass: 79589K(83632K)->79589K(83632K) Class: 11370K(14592K)->11370K(14592K)
[2583.476s][info][gc             ] GC(1712) Pause Young (Allocation Failure) 603M->58M(1979M) 7.884ms
[2583.476s][info][gc,cpu         ] GC(1712) User=0.00s Sys=0.00s Real=0.01s
[2583.964s][info][gc,start       ] GC(1713) Pause Young (Allocation Failure)
[2583.970s][info][gc,heap        ] GC(1713) DefNew: 564046K->7499K(629120K)
[2583.970s][info][gc,heap        ] GC(1713) Tenured: 53195K->53195K(1398144K)
[2583.970s][info][gc,metaspace   ] GC(1713) Metaspace: 90960K(98224K)->90960K(98224K) NonClass: 79589K(83632K)->79589K(83632K) Class: 11370K(14592K)->11370K(14592K)
[2583.970s][info][gc             ] GC(1713) Pause Young (Allocation Failure) 602M->59M(1979M) 6.424ms
[2583.970s][info][gc,cpu         ] GC(1713) User=0.00s Sys=0.00s Real=0.01s
[2585.430s][info][gc,start       ] GC(1714) Pause Young (Allocation Failure)
[2585.436s][info][gc,heap        ] GC(1714) DefNew: 566731K->5248K(629120K)
[2585.436s][info][gc,heap        ] GC(1714) Tenured: 53195K->53195K(1398144K)
[2585.436s][info][gc,metaspace   ] GC(1714) Metaspace: 90960K(98224K)->90960K(98224K) NonClass: 79589K(83632K)->79589K(83632K) Class: 11370K(14592K)->11370K(14592K)
[2585.436s][info][gc             ] GC(1714) Pause Young (Allocation Failure) 605M->57M(1979M) 5.929ms
[2585.436s][info][gc,cpu         ] GC(1714) User=0.00s Sys=0.00s Real=0.01s
[2587.710s][info][gc,start       ] GC(1715) Pause Young (Allocation Failure)
[2587.715s][info][gc,heap        ] GC(1715) DefNew: 564480K->5299K(629120K)
[2587.715s][info][gc,heap        ] GC(1715) Tenured: 53195K->53195K(1398144K)
[2587.715s][info][gc,metaspace   ] GC(1715) Metaspace: 90960K(98224K)->90960K(98224K) NonClass: 79589K(83632K)->79589K(83632K) Class: 11370K(14592K)->11370K(14592K)
[2587.715s][info][gc             ] GC(1715) Pause Young (Allocation Failure) 603M->57M(1979M) 4.909ms
[2587.715s][info][gc,cpu         ] GC(1715) User=0.00s Sys=0.00s Real=0.01s
[2590.263s][info][gc,start       ] GC(1716) Pause Young (Allocation Failure)
[2590.269s][info][gc,heap        ] GC(1716) DefNew: 563565K->6099K(629120K)
[2590.269s][info][gc,heap        ] GC(1716) Tenured: 53195K->53195K(1398144K)
[2590.269s][info][gc,metaspace   ] GC(1716) Metaspace: 90960K(98224K)->90960K(98224K) NonClass: 79589K(83632K)->79589K(83632K) Class: 11370K(14592K)->11370K(14592K)
[2590.269s][info][gc             ] GC(1716) Pause Young (Allocation Failure) 602M->57M(1979M) 6.163ms
[2590.269s][info][gc,cpu         ] GC(1716) User=0.00s Sys=0.00s Real=0.01s
[2590.901s][info][gc,start       ] GC(1717) Pause Young (Allocation Failure)
[2590.909s][info][gc,heap        ] GC(1717) DefNew: 563944K->16793K(629120K)
[2590.909s][info][gc,heap        ] GC(1717) Tenured: 53195K->53195K(1398144K)
[2590.909s][info][gc,metaspace   ] GC(1717) Metaspace: 90960K(98224K)->90960K(98224K) NonClass: 79589K(83632K)->79589K(83632K) Class: 11370K(14592K)->11370K(14592K)
[2590.909s][info][gc             ] GC(1717) Pause Young (Allocation Failure) 602M->68M(1979M) 8.565ms
[2590.909s][info][gc,cpu         ] GC(1717) User=0.00s Sys=0.00s Real=0.01s
[2591.619s][info][gc,start       ] GC(1718) Pause Young (Allocation Failure)
[2591.624s][info][gc,heap        ] GC(1718) DefNew: 576025K->5229K(629120K)
[2591.624s][info][gc,heap        ] GC(1718) Tenured: 53195K->53195K(1398144K)
[2591.624s][info][gc,metaspace   ] GC(1718) Metaspace: 90960K(98224K)->90960K(98224K) NonClass: 79589K(83632K)->79589K(83632K) Class: 11370K(14592K)->11370K(14592K)
[2591.624s][info][gc             ] GC(1718) Pause Young (Allocation Failure) 614M->57M(1979M) 5.602ms
[2591.624s][info][gc,cpu         ] GC(1718) User=0.00s Sys=0.00s Real=0.01s
[2594.050s][info][gc,start       ] GC(1719) Pause Young (Allocation Failure)
[2594.056s][info][gc,heap        ] GC(1719) DefNew: 563580K->6373K(629120K)
[2594.056s][info][gc,heap        ] GC(1719) Tenured: 53195K->53195K(1398144K)
[2594.056s][info][gc,metaspace   ] GC(1719) Metaspace: 90960K(98224K)->90960K(98224K) NonClass: 79589K(83632K)->79589K(83632K) Class: 11370K(14592K)->11370K(14592K)
[2594.056s][info][gc             ] GC(1719) Pause Young (Allocation Failure) 602M->58M(1979M) 6.203ms
[2594.056s][info][gc,cpu         ] GC(1719) User=0.00s Sys=0.00s Real=0.01s
[2596.284s][info][gc,start       ] GC(1720) Pause Young (Allocation Failure)
[2596.293s][info][gc,heap        ] GC(1720) DefNew: 565605K->6784K(629120K)
[2596.293s][info][gc,heap        ] GC(1720) Tenured: 53195K->53195K(1398144K)
[2596.293s][info][gc,metaspace   ] GC(1720) Metaspace: 90960K(98224K)->90960K(98224K) NonClass: 79589K(83632K)->79589K(83632K) Class: 11370K(14592K)->11370K(14592K)
[2596.293s][info][gc             ] GC(1720) Pause Young (Allocation Failure) 604M->58M(1979M) 8.633ms
[2596.293s][info][gc,cpu         ] GC(1720) User=0.02s Sys=0.00s Real=0.01s
[2598.076s][info][gc,start       ] GC(1721) Pause Young (Allocation Failure)
[2598.094s][info][gc,heap        ] GC(1721) DefNew: 566016K->11448K(629120K)
[2598.094s][info][gc,heap        ] GC(1721) Tenured: 53195K->53195K(1398144K)
[2598.094s][info][gc,metaspace   ] GC(1721) Metaspace: 90960K(98224K)->90960K(98224K) NonClass: 79589K(83632K)->79589K(83632K) Class: 11370K(14592K)->11370K(14592K)
[2598.094s][info][gc             ] GC(1721) Pause Young (Allocation Failure) 604M->63M(1979M) 17.575ms
[2598.094s][info][gc,cpu         ] GC(1721) User=0.00s Sys=0.00s Real=0.02s
[2598.640s][info][gc,start       ] GC(1722) Pause Young (Allocation Failure)
[2598.648s][info][gc,heap        ] GC(1722) DefNew: 570680K->8826K(629120K)
[2598.648s][info][gc,heap        ] GC(1722) Tenured: 53195K->53195K(1398144K)
[2598.648s][info][gc,metaspace   ] GC(1722) Metaspace: 90960K(98224K)->90960K(98224K) NonClass: 79589K(83632K)->79589K(83632K) Class: 11370K(14592K)->11370K(14592K)
[2598.649s][info][gc             ] GC(1722) Pause Young (Allocation Failure) 609M->60M(1979M) 8.421ms
[2598.649s][info][gc,cpu         ] GC(1722) User=0.00s Sys=0.00s Real=0.01s
[2600.991s][info][gc,start       ] GC(1723) Pause Young (Allocation Failure)
[2600.998s][info][gc,heap        ] GC(1723) DefNew: 568058K->6945K(629120K)
[2600.998s][info][gc,heap        ] GC(1723) Tenured: 53195K->53195K(1398144K)
[2600.998s][info][gc,metaspace   ] GC(1723) Metaspace: 90960K(98224K)->90960K(98224K) NonClass: 79589K(83632K)->79589K(83632K) Class: 11370K(14592K)->11370K(14592K)
[2600.999s][info][gc             ] GC(1723) Pause Young (Allocation Failure) 606M->58M(1979M) 7.773ms
[2600.999s][info][gc,cpu         ] GC(1723) User=0.00s Sys=0.00s Real=0.01s
[2603.152s][info][gc,start       ] GC(1724) Pause Young (Allocation Failure)
[2603.159s][info][gc,heap        ] GC(1724) DefNew: 565457K->6420K(629120K)
[2603.159s][info][gc,heap        ] GC(1724) Tenured: 53195K->53723K(1398144K)
[2603.159s][info][gc,metaspace   ] GC(1724) Metaspace: 90960K(98224K)->90960K(98224K) NonClass: 79589K(83632K)->79589K(83632K) Class: 11370K(14592K)->11370K(14592K)
[2603.159s][info][gc             ] GC(1724) Pause Young (Allocation Failure) 604M->58M(1979M) 7.367ms
[2603.159s][info][gc,cpu         ] GC(1724) User=0.00s Sys=0.00s Real=0.01s
[2604.988s][info][gc,start       ] GC(1725) Pause Young (Allocation Failure)
[2604.997s][info][gc,heap        ] GC(1725) DefNew: 565652K->8376K(629120K)
[2604.997s][info][gc,heap        ] GC(1725) Tenured: 53723K->53912K(1398144K)
[2604.997s][info][gc,metaspace   ] GC(1725) Metaspace: 90960K(98224K)->90960K(98224K) NonClass: 79589K(83632K)->79589K(83632K) Class: 11370K(14592K)->11370K(14592K)
[2604.997s][info][gc             ] GC(1725) Pause Young (Allocation Failure) 604M->60M(1979M) 9.228ms
[2604.997s][info][gc,cpu         ] GC(1725) User=0.00s Sys=0.00s Real=0.01s
[2605.618s][info][gc,start       ] GC(1726) Pause Young (Allocation Failure)
[2605.626s][info][gc,heap        ] GC(1726) DefNew: 567255K->17341K(629120K)
[2605.626s][info][gc,heap        ] GC(1726) Tenured: 53912K->54095K(1398144K)
[2605.626s][info][gc,metaspace   ] GC(1726) Metaspace: 90960K(98224K)->90960K(98224K) NonClass: 79589K(83632K)->79589K(83632K) Class: 11370K(14592K)->11370K(14592K)
[2605.626s][info][gc             ] GC(1726) Pause Young (Allocation Failure) 606M->69M(1979M) 8.220ms
[2605.626s][info][gc,cpu         ] GC(1726) User=0.00s Sys=0.00s Real=0.01s
[2607.876s][info][gc,start       ] GC(1727) Pause Young (Allocation Failure)
[2607.883s][info][gc,heap        ] GC(1727) DefNew: 576573K->8263K(629120K)
[2607.883s][info][gc,heap        ] GC(1727) Tenured: 54095K->54261K(1398144K)
[2607.883s][info][gc,metaspace   ] GC(1727) Metaspace: 90960K(98224K)->90960K(98224K) NonClass: 79589K(83632K)->79589K(83632K) Class: 11370K(14592K)->11370K(14592K)
[2607.884s][info][gc             ] GC(1727) Pause Young (Allocation Failure) 615M->61M(1979M) 7.945ms
[2607.884s][info][gc,cpu         ] GC(1727) User=0.02s Sys=0.00s Real=0.01s
[2609.750s][info][gc,start       ] GC(1728) Pause Young (Allocation Failure)
[2609.759s][info][gc,heap        ] GC(1728) DefNew: 566732K->7956K(629120K)
[2609.759s][info][gc,heap        ] GC(1728) Tenured: 54261K->54326K(1398144K)
[2609.759s][info][gc,metaspace   ] GC(1728) Metaspace: 90960K(98224K)->90960K(98224K) NonClass: 79589K(83632K)->79589K(83632K) Class: 11370K(14592K)->11370K(14592K)
[2609.759s][info][gc             ] GC(1728) Pause Young (Allocation Failure) 606M->60M(1979M) 9.620ms
[2609.760s][info][gc,cpu         ] GC(1728) User=0.06s Sys=0.00s Real=0.01s
[2610.280s][info][gc,start       ] GC(1729) Pause Young (Allocation Failure)
[2610.289s][info][gc,heap        ] GC(1729) DefNew: 567188K->21664K(629120K)
[2610.289s][info][gc,heap        ] GC(1729) Tenured: 54326K->54508K(1398144K)
[2610.289s][info][gc,metaspace   ] GC(1729) Metaspace: 90960K(98224K)->90960K(98224K) NonClass: 79589K(83632K)->79589K(83632K) Class: 11370K(14592K)->11370K(14592K)
[2610.289s][info][gc             ] GC(1729) Pause Young (Allocation Failure) 606M->74M(1979M) 8.943ms
[2610.289s][info][gc,cpu         ] GC(1729) User=0.00s Sys=0.00s Real=0.01s
[2611.784s][info][gc,start       ] GC(1730) Pause Young (Allocation Failure)
[2611.790s][info][gc,heap        ] GC(1730) DefNew: 579107K->5561K(629120K)
[2611.790s][info][gc,heap        ] GC(1730) Tenured: 54508K->54644K(1398144K)
[2611.790s][info][gc,metaspace   ] GC(1730) Metaspace: 90960K(98224K)->90960K(98224K) NonClass: 79589K(83632K)->79589K(83632K) Class: 11370K(14592K)->11370K(14592K)
[2611.790s][info][gc             ] GC(1730) Pause Young (Allocation Failure) 618M->58M(1979M) 5.917ms
[2611.790s][info][gc,cpu         ] GC(1730) User=0.00s Sys=0.00s Real=0.01s
[2613.661s][info][gc,start       ] GC(1731) Pause Young (Allocation Failure)
[2613.669s][info][gc,heap        ] GC(1731) DefNew: 564793K->8066K(629120K)
[2613.669s][info][gc,heap        ] GC(1731) Tenured: 54644K->54806K(1398144K)
[2613.669s][info][gc,metaspace   ] GC(1731) Metaspace: 90960K(98224K)->90960K(98224K) NonClass: 79589K(83632K)->79589K(83632K) Class: 11370K(14592K)->11370K(14592K)
[2613.669s][info][gc             ] GC(1731) Pause Young (Allocation Failure) 604M->61M(1979M) 8.669ms
[2613.669s][info][gc,cpu         ] GC(1731) User=0.00s Sys=0.00s Real=0.01s
[2614.116s][info][gc,start       ] GC(1732) Pause Young (Allocation Failure)
[2614.123s][info][gc,heap        ] GC(1732) DefNew: 567215K->12820K(629120K)
[2614.124s][info][gc,heap        ] GC(1732) Tenured: 54806K->54931K(1398144K)
[2614.124s][info][gc,metaspace   ] GC(1732) Metaspace: 90960K(98224K)->90960K(98224K) NonClass: 79589K(83632K)->79589K(83632K) Class: 11370K(14592K)->11370K(14592K)
[2614.124s][info][gc             ] GC(1732) Pause Young (Allocation Failure) 607M->66M(1979M) 7.753ms
[2614.124s][info][gc,cpu         ] GC(1732) User=0.00s Sys=0.00s Real=0.01s
[2615.639s][info][gc,start       ] GC(1733) Pause Young (GCLocker Initiated GC)
[2615.647s][info][gc,heap        ] GC(1733) DefNew: 572107K->7670K(629120K)
[2615.647s][info][gc,heap        ] GC(1733) Tenured: 54931K->55042K(1398144K)
[2615.647s][info][gc,metaspace   ] GC(1733) Metaspace: 90960K(98224K)->90960K(98224K) NonClass: 79589K(83632K)->79589K(83632K) Class: 11370K(14592K)->11370K(14592K)
[2615.647s][info][gc             ] GC(1733) Pause Young (GCLocker Initiated GC) 612M->61M(1979M) 7.476ms
[2615.647s][info][gc,cpu         ] GC(1733) User=0.00s Sys=0.00s Real=0.01s
[2617.401s][info][gc,start       ] GC(1734) Pause Young (Allocation Failure)
[2617.410s][info][gc,heap        ] GC(1734) DefNew: 566902K->8397K(629120K)
[2617.410s][info][gc,heap        ] GC(1734) Tenured: 55042K->55202K(1398144K)
[2617.410s][info][gc,metaspace   ] GC(1734) Metaspace: 90960K(98224K)->90960K(98224K) NonClass: 79589K(83632K)->79589K(83632K) Class: 11370K(14592K)->11370K(14592K)
[2617.410s][info][gc             ] GC(1734) Pause Young (Allocation Failure) 607M->62M(1979M) 8.589ms
[2617.410s][info][gc,cpu         ] GC(1734) User=0.00s Sys=0.00s Real=0.01s
[2617.945s][info][gc,start       ] GC(1735) Pause Young (Allocation Failure)
[2617.953s][info][gc,heap        ] GC(1735) DefNew: 564127K->9264K(629120K)
[2617.953s][info][gc,heap        ] GC(1735) Tenured: 55202K->55388K(1398144K)
[2617.953s][info][gc,metaspace   ] GC(1735) Metaspace: 90960K(98224K)->90960K(98224K) NonClass: 79589K(83632K)->79589K(83632K) Class: 11370K(14592K)->11370K(14592K)
[2617.953s][info][gc             ] GC(1735) Pause Young (Allocation Failure) 604M->63M(1979M) 7.541ms
[2617.953s][info][gc,cpu         ] GC(1735) User=0.00s Sys=0.00s Real=0.01s
[2619.504s][info][gc,start       ] GC(1736) Pause Young (Allocation Failure)
[2619.511s][info][gc,heap        ] GC(1736) DefNew: 568496K->7702K(629120K)
[2619.511s][info][gc,heap        ] GC(1736) Tenured: 55388K->55508K(1398144K)
[2619.511s][info][gc,metaspace   ] GC(1736) Metaspace: 90960K(98224K)->90960K(98224K) NonClass: 79589K(83632K)->79589K(83632K) Class: 11370K(14592K)->11370K(14592K)
[2619.511s][info][gc             ] GC(1736) Pause Young (Allocation Failure) 609M->61M(1979M) 7.472ms
[2619.511s][info][gc,cpu         ] GC(1736) User=0.00s Sys=0.00s Real=0.01s
[2621.458s][info][gc,start       ] GC(1737) Pause Young (Allocation Failure)
[2621.468s][info][gc,heap        ] GC(1737) DefNew: 566934K->8331K(629120K)
[2621.468s][info][gc,heap        ] GC(1737) Tenured: 55508K->55588K(1398144K)
[2621.468s][info][gc,metaspace   ] GC(1737) Metaspace: 90960K(98224K)->90960K(98224K) NonClass: 79589K(83632K)->79589K(83632K) Class: 11370K(14592K)->11370K(14592K)
[2621.468s][info][gc             ] GC(1737) Pause Young (Allocation Failure) 607M->62M(1979M) 9.784ms
[2621.468s][info][gc,cpu         ] GC(1737) User=0.00s Sys=0.00s Real=0.01s
[2622.152s][info][gc,start       ] GC(1738) Pause Young (Allocation Failure)
[2622.160s][info][gc,heap        ] GC(1738) DefNew: 567563K->7268K(629120K)
[2622.160s][info][gc,heap        ] GC(1738) Tenured: 55588K->55782K(1398144K)
[2622.160s][info][gc,metaspace   ] GC(1738) Metaspace: 90960K(98224K)->90960K(98224K) NonClass: 79589K(83632K)->79589K(83632K) Class: 11370K(14592K)->11370K(14592K)
[2622.160s][info][gc             ] GC(1738) Pause Young (Allocation Failure) 608M->61M(1979M) 7.842ms
[2622.160s][info][gc,cpu         ] GC(1738) User=0.00s Sys=0.00s Real=0.01s
[2622.168s][info][gc,start       ] GC(1739) Pause Full (System.gc())
[2622.170s][info][gc,phases,start] GC(1739) Phase 1: Mark live objects
[2622.225s][info][gc,phases      ] GC(1739) Phase 1: Mark live objects 55.206ms
[2622.225s][info][gc,phases,start] GC(1739) Phase 2: Compute new object addresses
[2622.238s][info][gc,phases      ] GC(1739) Phase 2: Compute new object addresses 12.599ms
[2622.238s][info][gc,phases,start] GC(1739) Phase 3: Adjust pointers
[2622.269s][info][gc,phases      ] GC(1739) Phase 3: Adjust pointers 31.179ms
[2622.269s][info][gc,phases,start] GC(1739) Phase 4: Move objects
[2622.270s][info][gc,phases      ] GC(1739) Phase 4: Move objects 1.196ms
[2622.271s][info][gc,heap        ] GC(1739) DefNew: 34626K->0K(629120K)
[2622.271s][info][gc,heap        ] GC(1739) Tenured: 55782K->61690K(1398144K)
[2622.271s][info][gc,metaspace   ] GC(1739) Metaspace: 90960K(98224K)->90960K(98224K) NonClass: 79589K(83632K)->79589K(83632K) Class: 11370K(14592K)->11370K(14592K)
[2622.271s][info][gc             ] GC(1739) Pause Full (System.gc()) 88M->60M(1979M) 102.997ms
[2622.271s][info][gc,cpu         ] GC(1739) User=0.00s Sys=0.00s Real=0.10s
[2622.755s][info][gc,start       ] GC(1740) Pause Young (Allocation Failure)
[2622.760s][info][gc,heap        ] GC(1740) DefNew: 558484K->7475K(629120K)
[2622.760s][info][gc,heap        ] GC(1740) Tenured: 61690K->61690K(1398144K)
[2622.760s][info][gc,metaspace   ] GC(1740) Metaspace: 90960K(98224K)->90960K(98224K) NonClass: 79589K(83632K)->79589K(83632K) Class: 11370K(14592K)->11370K(14592K)
[2622.760s][info][gc             ] GC(1740) Pause Young (Allocation Failure) 605M->67M(1979M) 4.529ms
[2622.760s][info][gc,cpu         ] GC(1740) User=0.00s Sys=0.00s Real=0.01s
[2624.746s][info][gc,start       ] GC(1741) Pause Young (Allocation Failure)
[2624.750s][info][gc,heap        ] GC(1741) DefNew: 566707K->4454K(629120K)
[2624.750s][info][gc,heap        ] GC(1741) Tenured: 61690K->61690K(1398144K)
[2624.750s][info][gc,metaspace   ] GC(1741) Metaspace: 90960K(98224K)->90960K(98224K) NonClass: 79589K(83632K)->79589K(83632K) Class: 11370K(14592K)->11370K(14592K)
[2624.750s][info][gc             ] GC(1741) Pause Young (Allocation Failure) 613M->64M(1979M) 4.670ms
[2624.750s][info][gc,cpu         ] GC(1741) User=0.00s Sys=0.00s Real=0.00s
[2626.743s][info][gc,start       ] GC(1742) Pause Young (Allocation Failure)
[2626.749s][info][gc,heap        ] GC(1742) DefNew: 562724K->5053K(629120K)
[2626.749s][info][gc,heap        ] GC(1742) Tenured: 61690K->61690K(1398144K)
[2626.749s][info][gc,metaspace   ] GC(1742) Metaspace: 90960K(98224K)->90960K(98224K) NonClass: 79589K(83632K)->79589K(83632K) Class: 11370K(14592K)->11370K(14592K)
[2626.749s][info][gc             ] GC(1742) Pause Young (Allocation Failure) 609M->65M(1979M) 5.596ms
[2626.749s][info][gc,cpu         ] GC(1742) User=0.00s Sys=0.00s Real=0.01s
[2628.499s][info][gc,start       ] GC(1743) Pause Young (Allocation Failure)
[2628.505s][info][gc,heap        ] GC(1743) DefNew: 564285K->6525K(629120K)
[2628.505s][info][gc,heap        ] GC(1743) Tenured: 61690K->61690K(1398144K)
[2628.505s][info][gc,metaspace   ] GC(1743) Metaspace: 90960K(98224K)->90960K(98224K) NonClass: 79589K(83632K)->79589K(83632K) Class: 11370K(14592K)->11370K(14592K)
[2628.505s][info][gc             ] GC(1743) Pause Young (Allocation Failure) 611M->66M(1979M) 6.465ms
[2628.505s][info][gc,cpu         ] GC(1743) User=0.00s Sys=0.00s Real=0.01s
[2628.988s][info][gc,start       ] GC(1744) Pause Young (Allocation Failure)
[2628.995s][info][gc,heap        ] GC(1744) DefNew: 563269K->16565K(629120K)
[2628.995s][info][gc,heap        ] GC(1744) Tenured: 61690K->61690K(1398144K)
[2628.995s][info][gc,metaspace   ] GC(1744) Metaspace: 90960K(98224K)->90960K(98224K) NonClass: 79589K(83632K)->79589K(83632K) Class: 11370K(14592K)->11370K(14592K)
[2628.995s][info][gc             ] GC(1744) Pause Young (Allocation Failure) 610M->76M(1979M) 6.850ms
[2628.995s][info][gc,cpu         ] GC(1744) User=0.00s Sys=0.00s Real=0.01s
[2630.448s][info][gc,start       ] GC(1745) Pause Young (Allocation Failure)
[2630.454s][info][gc,heap        ] GC(1745) DefNew: 575797K->5332K(629120K)
[2630.454s][info][gc,heap        ] GC(1745) Tenured: 61690K->61690K(1398144K)
[2630.454s][info][gc,metaspace   ] GC(1745) Metaspace: 90960K(98224K)->90960K(98224K) NonClass: 79589K(83632K)->79589K(83632K) Class: 11370K(14592K)->11370K(14592K)
[2630.454s][info][gc             ] GC(1745) Pause Young (Allocation Failure) 622M->65M(1979M) 5.928ms
[2630.454s][info][gc,cpu         ] GC(1745) User=0.00s Sys=0.00s Real=0.01s
[2632.841s][info][gc,start       ] GC(1746) Pause Young (Allocation Failure)
[2632.846s][info][gc,heap        ] GC(1746) DefNew: 564564K->5204K(629120K)
[2632.846s][info][gc,heap        ] GC(1746) Tenured: 61690K->61690K(1398144K)
[2632.846s][info][gc,metaspace   ] GC(1746) Metaspace: 90960K(98224K)->90960K(98224K) NonClass: 79589K(83632K)->79589K(83632K) Class: 11370K(14592K)->11370K(14592K)
[2632.847s][info][gc             ] GC(1746) Pause Young (Allocation Failure) 611M->65M(1979M) 5.134ms
[2632.847s][info][gc,cpu         ] GC(1746) User=0.00s Sys=0.00s Real=0.01s
[2635.362s][info][gc,start       ] GC(1747) Pause Young (Allocation Failure)
[2635.368s][info][gc,heap        ] GC(1747) DefNew: 563842K->6221K(629120K)
[2635.369s][info][gc,heap        ] GC(1747) Tenured: 61690K->61690K(1398144K)
[2635.369s][info][gc,metaspace   ] GC(1747) Metaspace: 90960K(98224K)->90960K(98224K) NonClass: 79589K(83632K)->79589K(83632K) Class: 11370K(14592K)->11370K(14592K)
[2635.369s][info][gc             ] GC(1747) Pause Young (Allocation Failure) 610M->66M(1979M) 6.736ms
[2635.369s][info][gc,cpu         ] GC(1747) User=0.00s Sys=0.00s Real=0.01s
[2635.985s][info][gc,start       ] GC(1748) Pause Young (Allocation Failure)
[2635.994s][info][gc,heap        ] GC(1748) DefNew: 562243K->20441K(629120K)
[2635.994s][info][gc,heap        ] GC(1748) Tenured: 61690K->61690K(1398144K)
[2635.994s][info][gc,metaspace   ] GC(1748) Metaspace: 90960K(98224K)->90960K(98224K) NonClass: 79589K(83632K)->79589K(83632K) Class: 11370K(14592K)->11370K(14592K)
[2635.994s][info][gc             ] GC(1748) Pause Young (Allocation Failure) 609M->80M(1979M) 8.780ms
[2635.994s][info][gc,cpu         ] GC(1748) User=0.00s Sys=0.00s Real=0.01s
[2636.706s][info][gc,start       ] GC(1749) Pause Young (Allocation Failure)
[2636.711s][info][gc,heap        ] GC(1749) DefNew: 579673K->4816K(629120K)
[2636.711s][info][gc,heap        ] GC(1749) Tenured: 61690K->61690K(1398144K)
[2636.711s][info][gc,metaspace   ] GC(1749) Metaspace: 90960K(98224K)->90960K(98224K) NonClass: 79589K(83632K)->79589K(83632K) Class: 11370K(14592K)->11370K(14592K)
[2636.711s][info][gc             ] GC(1749) Pause Young (Allocation Failure) 626M->64M(1979M) 5.188ms
[2636.711s][info][gc,cpu         ] GC(1749) User=0.00s Sys=0.00s Real=0.01s
[2639.199s][info][gc,start       ] GC(1750) Pause Young (Allocation Failure)
[2639.206s][info][gc,heap        ] GC(1750) DefNew: 564048K->6655K(629120K)
[2639.206s][info][gc,heap        ] GC(1750) Tenured: 61690K->61690K(1398144K)
[2639.206s][info][gc,metaspace   ] GC(1750) Metaspace: 90960K(98224K)->90960K(98224K) NonClass: 79589K(83632K)->79589K(83632K) Class: 11370K(14592K)->11370K(14592K)
[2639.206s][info][gc             ] GC(1750) Pause Young (Allocation Failure) 611M->66M(1979M) 6.598ms
[2639.206s][info][gc,cpu         ] GC(1750) User=0.00s Sys=0.00s Real=0.01s
[2641.097s][info][gc,start       ] GC(1751) Pause Young (Allocation Failure)
[2641.106s][info][gc,heap        ] GC(1751) DefNew: 565887K->9912K(629120K)
[2641.106s][info][gc,heap        ] GC(1751) Tenured: 61690K->61690K(1398144K)
[2641.106s][info][gc,metaspace   ] GC(1751) Metaspace: 90960K(98224K)->90960K(98224K) NonClass: 79589K(83632K)->79589K(83632K) Class: 11370K(14592K)->11370K(14592K)
[2641.106s][info][gc             ] GC(1751) Pause Young (Allocation Failure) 612M->69M(1979M) 8.412ms
[2641.106s][info][gc,cpu         ] GC(1751) User=0.00s Sys=0.00s Real=0.01s
[2642.517s][info][gc,start       ] GC(1752) Pause Young (Allocation Failure)
[2642.535s][info][gc,heap        ] GC(1752) DefNew: 569144K->11599K(629120K)
[2642.535s][info][gc,heap        ] GC(1752) Tenured: 61690K->61690K(1398144K)
[2642.535s][info][gc,metaspace   ] GC(1752) Metaspace: 90960K(98224K)->90960K(98224K) NonClass: 79589K(83632K)->79589K(83632K) Class: 11370K(14592K)->11370K(14592K)
[2642.535s][info][gc             ] GC(1752) Pause Young (Allocation Failure) 616M->71M(1979M) 17.739ms
[2642.535s][info][gc,cpu         ] GC(1752) User=0.00s Sys=0.00s Real=0.02s
[2642.951s][info][gc,start       ] GC(1753) Pause Young (GCLocker Initiated GC)
[2642.959s][info][gc,heap        ] GC(1753) DefNew: 570863K->11381K(629120K)
[2642.959s][info][gc,heap        ] GC(1753) Tenured: 61690K->61690K(1398144K)
[2642.959s][info][gc,metaspace   ] GC(1753) Metaspace: 90960K(98224K)->90960K(98224K) NonClass: 79589K(83632K)->79589K(83632K) Class: 11370K(14592K)->11370K(14592K)
[2642.959s][info][gc             ] GC(1753) Pause Young (GCLocker Initiated GC) 617M->71M(1979M) 7.710ms
[2642.959s][info][gc,cpu         ] GC(1753) User=0.00s Sys=0.00s Real=0.01s
[2645.067s][info][gc,start       ] GC(1754) Pause Young (Allocation Failure)
[2645.074s][info][gc,heap        ] GC(1754) DefNew: 570613K->6744K(629120K)
[2645.074s][info][gc,heap        ] GC(1754) Tenured: 61690K->61690K(1398144K)
[2645.074s][info][gc,metaspace   ] GC(1754) Metaspace: 90960K(98224K)->90960K(98224K) NonClass: 79589K(83632K)->79589K(83632K) Class: 11370K(14592K)->11370K(14592K)
[2645.074s][info][gc             ] GC(1754) Pause Young (Allocation Failure) 617M->66M(1979M) 7.360ms
[2645.074s][info][gc,cpu         ] GC(1754) User=0.00s Sys=0.00s Real=0.01s
[2647.123s][info][gc,start       ] GC(1755) Pause Young (Allocation Failure)
[2647.131s][info][gc,heap        ] GC(1755) DefNew: 565020K->6579K(629120K)
[2647.131s][info][gc,heap        ] GC(1755) Tenured: 61690K->62173K(1398144K)
[2647.131s][info][gc,metaspace   ] GC(1755) Metaspace: 90960K(98224K)->90960K(98224K) NonClass: 79589K(83632K)->79589K(83632K) Class: 11370K(14592K)->11370K(14592K)
[2647.131s][info][gc             ] GC(1755) Pause Young (Allocation Failure) 612M->67M(1979M) 7.532ms
[2647.131s][info][gc,cpu         ] GC(1755) User=0.00s Sys=0.00s Real=0.01s
[2649.089s][info][gc,start       ] GC(1756) Pause Young (Allocation Failure)
[2649.099s][info][gc,heap        ] GC(1756) DefNew: 565811K->8539K(629120K)
[2649.099s][info][gc,heap        ] GC(1756) Tenured: 62173K->62365K(1398144K)
[2649.099s][info][gc,metaspace   ] GC(1756) Metaspace: 90960K(98224K)->90960K(98224K) NonClass: 79589K(83632K)->79589K(83632K) Class: 11370K(14592K)->11370K(14592K)
[2649.099s][info][gc             ] GC(1756) Pause Young (Allocation Failure) 613M->69M(1979M) 10.220ms
[2649.099s][info][gc,cpu         ] GC(1756) User=0.00s Sys=0.00s Real=0.01s
[2649.744s][info][gc,start       ] GC(1757) Pause Young (Allocation Failure)
[2649.753s][info][gc,heap        ] GC(1757) DefNew: 564627K->21657K(629120K)
[2649.753s][info][gc,heap        ] GC(1757) Tenured: 62365K->62551K(1398144K)
[2649.753s][info][gc,metaspace   ] GC(1757) Metaspace: 90960K(98224K)->90960K(98224K) NonClass: 79589K(83632K)->79589K(83632K) Class: 11370K(14592K)->11370K(14592K)
[2649.753s][info][gc             ] GC(1757) Pause Young (Allocation Failure) 612M->82M(1979M) 9.038ms
[2649.753s][info][gc,cpu         ] GC(1757) User=0.00s Sys=0.00s Real=0.01s
[2651.075s][info][gc,start       ] GC(1758) Pause Young (Allocation Failure)
[2651.083s][info][gc,heap        ] GC(1758) DefNew: 580889K->6201K(629120K)
[2651.083s][info][gc,heap        ] GC(1758) Tenured: 62551K->62699K(1398144K)
[2651.083s][info][gc,metaspace   ] GC(1758) Metaspace: 90960K(98224K)->90960K(98224K) NonClass: 79589K(83632K)->79589K(83632K) Class: 11370K(14592K)->11370K(14592K)
[2651.083s][info][gc             ] GC(1758) Pause Young (Allocation Failure) 628M->67M(1979M) 8.170ms
[2651.083s][info][gc,cpu         ] GC(1758) User=0.00s Sys=0.00s Real=0.01s
[2652.981s][info][gc,start       ] GC(1759) Pause Young (Allocation Failure)
[2652.991s][info][gc,heap        ] GC(1759) DefNew: 565433K->11352K(629120K)
[2652.991s][info][gc,heap        ] GC(1759) Tenured: 62699K->62764K(1398144K)
[2652.991s][info][gc,metaspace   ] GC(1759) Metaspace: 90960K(98224K)->90960K(98224K) NonClass: 79589K(83632K)->79589K(83632K) Class: 11370K(14592K)->11370K(14592K)
[2652.991s][info][gc             ] GC(1759) Pause Young (Allocation Failure) 613M->72M(1979M) 10.466ms
[2652.991s][info][gc,cpu         ] GC(1759) User=0.00s Sys=0.00s Real=0.01s
[2653.594s][info][gc,start       ] GC(1760) Pause Young (Allocation Failure)
[2653.604s][info][gc,heap        ] GC(1760) DefNew: 569931K->17415K(629120K)
[2653.604s][info][gc,heap        ] GC(1760) Tenured: 62764K->62947K(1398144K)
[2653.604s][info][gc,metaspace   ] GC(1760) Metaspace: 90960K(98224K)->90960K(98224K) NonClass: 79589K(83632K)->79589K(83632K) Class: 11370K(14592K)->11370K(14592K)
[2653.604s][info][gc             ] GC(1760) Pause Young (Allocation Failure) 617M->78M(1979M) 9.485ms
[2653.604s][info][gc,cpu         ] GC(1760) User=0.00s Sys=0.00s Real=0.01s
[2655.105s][info][gc,start       ] GC(1761) Pause Young (Allocation Failure)
[2655.111s][info][gc,heap        ] GC(1761) DefNew: 576430K->5692K(629120K)
[2655.111s][info][gc,heap        ] GC(1761) Tenured: 62947K->63085K(1398144K)
[2655.112s][info][gc,metaspace   ] GC(1761) Metaspace: 90960K(98224K)->90960K(98224K) NonClass: 79589K(83632K)->79589K(83632K) Class: 11370K(14592K)->11370K(14592K)
[2655.112s][info][gc             ] GC(1761) Pause Young (Allocation Failure) 624M->67M(1979M) 6.494ms
[2655.112s][info][gc,cpu         ] GC(1761) User=0.00s Sys=0.00s Real=0.01s
[2656.956s][info][gc,start       ] GC(1762) Pause Young (Allocation Failure)
[2656.966s][info][gc,heap        ] GC(1762) DefNew: 564924K->8342K(629120K)
[2656.966s][info][gc,heap        ] GC(1762) Tenured: 63085K->63247K(1398144K)
[2656.966s][info][gc,metaspace   ] GC(1762) Metaspace: 90960K(98224K)->90960K(98224K) NonClass: 79589K(83632K)->79589K(83632K) Class: 11370K(14592K)->11370K(14592K)
[2656.966s][info][gc             ] GC(1762) Pause Young (Allocation Failure) 613M->69M(1979M) 10.761ms
[2656.966s][info][gc,cpu         ] GC(1762) User=0.00s Sys=0.00s Real=0.01s
[2657.438s][info][gc,start       ] GC(1763) Pause Young (Allocation Failure)
[2657.445s][info][gc,heap        ] GC(1763) DefNew: 563962K->8391K(629120K)
[2657.445s][info][gc,heap        ] GC(1763) Tenured: 63247K->63372K(1398144K)
[2657.445s][info][gc,metaspace   ] GC(1763) Metaspace: 90960K(98224K)->90960K(98224K) NonClass: 79589K(83632K)->79589K(83632K) Class: 11370K(14592K)->11370K(14592K)
[2657.446s][info][gc             ] GC(1763) Pause Young (Allocation Failure) 612M->70M(1979M) 7.421ms
[2657.446s][info][gc,cpu         ] GC(1763) User=0.00s Sys=0.00s Real=0.01s
[2658.919s][info][gc,start       ] GC(1764) Pause Young (Allocation Failure)
[2658.927s][info][gc,heap        ] GC(1764) DefNew: 567623K->7573K(629120K)
[2658.927s][info][gc,heap        ] GC(1764) Tenured: 63372K->63479K(1398144K)
[2658.927s][info][gc,metaspace   ] GC(1764) Metaspace: 90960K(98224K)->90960K(98224K) NonClass: 79589K(83632K)->79589K(83632K) Class: 11370K(14592K)->11370K(14592K)
[2658.927s][info][gc             ] GC(1764) Pause Young (Allocation Failure) 616M->69M(1979M) 8.288ms
[2658.927s][info][gc,cpu         ] GC(1764) User=0.00s Sys=0.00s Real=0.01s
[2660.685s][info][gc,start       ] GC(1765) Pause Young (Allocation Failure)
[2660.695s][info][gc,heap        ] GC(1765) DefNew: 566805K->8578K(629120K)
[2660.695s][info][gc,heap        ] GC(1765) Tenured: 63479K->63638K(1398144K)
[2660.695s][info][gc,metaspace   ] GC(1765) Metaspace: 90960K(98224K)->90960K(98224K) NonClass: 79589K(83632K)->79589K(83632K) Class: 11370K(14592K)->11370K(14592K)
[2660.695s][info][gc             ] GC(1765) Pause Young (Allocation Failure) 615M->70M(1979M) 9.834ms
[2660.695s][info][gc,cpu         ] GC(1765) User=0.00s Sys=0.00s Real=0.01s
[2661.173s][info][gc,start       ] GC(1766) Pause Young (Allocation Failure)
[2661.180s][info][gc,heap        ] GC(1766) DefNew: 565840K->13103K(629120K)
[2661.180s][info][gc,heap        ] GC(1766) Tenured: 63638K->63828K(1398144K)
[2661.180s][info][gc,metaspace   ] GC(1766) Metaspace: 90960K(98224K)->90960K(98224K) NonClass: 79589K(83632K)->79589K(83632K) Class: 11370K(14592K)->11370K(14592K)
[2661.180s][info][gc             ] GC(1766) Pause Young (Allocation Failure) 614M->75M(1979M) 7.792ms
[2661.180s][info][gc,cpu         ] GC(1766) User=0.00s Sys=0.00s Real=0.01s
[2662.687s][info][gc,start       ] GC(1767) Pause Young (Allocation Failure)
[2662.694s][info][gc,heap        ] GC(1767) DefNew: 572335K->5958K(629120K)
[2662.694s][info][gc,heap        ] GC(1767) Tenured: 63828K->63954K(1398144K)
[2662.694s][info][gc,metaspace   ] GC(1767) Metaspace: 90960K(98224K)->90960K(98224K) NonClass: 79589K(83632K)->79589K(83632K) Class: 11370K(14592K)->11370K(14592K)
[2662.695s][info][gc             ] GC(1767) Pause Young (Allocation Failure) 621M->68M(1979M) 7.344ms
[2662.695s][info][gc,cpu         ] GC(1767) User=0.00s Sys=0.00s Real=0.01s
[2664.578s][info][gc,start       ] GC(1768) Pause Young (Allocation Failure)
[2664.588s][info][gc,heap        ] GC(1768) DefNew: 565190K->8159K(629120K)
[2664.588s][info][gc,heap        ] GC(1768) Tenured: 63954K->64035K(1398144K)
[2664.588s][info][gc,metaspace   ] GC(1768) Metaspace: 90960K(98224K)->90960K(98224K) NonClass: 79589K(83632K)->79589K(83632K) Class: 11370K(14592K)->11370K(14592K)
[2664.588s][info][gc             ] GC(1768) Pause Young (Allocation Failure) 614M->70M(1979M) 10.575ms
[2664.588s][info][gc,cpu         ] GC(1768) User=0.00s Sys=0.00s Real=0.01s
[2665.266s][info][gc,start       ] GC(1769) Pause Young (Allocation Failure)
[2665.274s][info][gc,heap        ] GC(1769) DefNew: 567391K->7466K(629120K)
[2665.274s][info][gc,heap        ] GC(1769) Tenured: 64035K->64232K(1398144K)
[2665.274s][info][gc,metaspace   ] GC(1769) Metaspace: 90960K(98224K)->90960K(98224K) NonClass: 79589K(83632K)->79589K(83632K) Class: 11370K(14592K)->11370K(14592K)
[2665.274s][info][gc             ] GC(1769) Pause Young (Allocation Failure) 616M->70M(1979M) 8.865ms
[2665.275s][info][gc,cpu         ] GC(1769) User=0.00s Sys=0.00s Real=0.01s
[2665.283s][info][gc,start       ] GC(1770) Pause Full (System.gc())
[2665.285s][info][gc,phases,start] GC(1770) Phase 1: Mark live objects
[2665.335s][info][gc,phases      ] GC(1770) Phase 1: Mark live objects 50.473ms
[2665.335s][info][gc,phases,start] GC(1770) Phase 2: Compute new object addresses
[2665.348s][info][gc,phases      ] GC(1770) Phase 2: Compute new object addresses 13.099ms
[2665.348s][info][gc,phases,start] GC(1770) Phase 3: Adjust pointers
[2665.380s][info][gc,phases      ] GC(1770) Phase 3: Adjust pointers 31.494ms
[2665.380s][info][gc,phases,start] GC(1770) Phase 4: Move objects
[2665.381s][info][gc,phases      ] GC(1770) Phase 4: Move objects 1.254ms
[2665.382s][info][gc,heap        ] GC(1770) DefNew: 33360K->0K(629120K)
[2665.382s][info][gc,heap        ] GC(1770) Tenured: 64232K->70263K(1398144K)
[2665.382s][info][gc,metaspace   ] GC(1770) Metaspace: 90960K(98224K)->90960K(98224K) NonClass: 79589K(83632K)->79589K(83632K) Class: 11370K(14592K)->11370K(14592K)
[2665.382s][info][gc             ] GC(1770) Pause Full (System.gc()) 95M->68M(1979M) 99.499ms
[2665.382s][info][gc,cpu         ] GC(1770) User=0.08s Sys=0.00s Real=0.10s
[2665.859s][info][gc,start       ] GC(1771) Pause Young (Allocation Failure)
[2665.862s][info][gc,heap        ] GC(1771) DefNew: 558297K->3096K(629120K)
[2665.862s][info][gc,heap        ] GC(1771) Tenured: 70263K->70263K(1398144K)
[2665.862s][info][gc,metaspace   ] GC(1771) Metaspace: 90960K(98224K)->90960K(98224K) NonClass: 79589K(83632K)->79589K(83632K) Class: 11370K(14592K)->11370K(14592K)
[2665.862s][info][gc             ] GC(1771) Pause Young (Allocation Failure) 613M->71M(1979M) 3.429ms
[2665.862s][info][gc,cpu         ] GC(1771) User=0.00s Sys=0.00s Real=0.00s
[2667.891s][info][gc,start       ] GC(1772) Pause Young (Allocation Failure)
[2667.896s][info][gc,heap        ] GC(1772) DefNew: 561482K->4373K(629120K)
[2667.896s][info][gc,heap        ] GC(1772) Tenured: 70263K->70263K(1398144K)
[2667.896s][info][gc,metaspace   ] GC(1772) Metaspace: 90960K(98224K)->90960K(98224K) NonClass: 79589K(83632K)->79589K(83632K) Class: 11370K(14592K)->11370K(14592K)
[2667.896s][info][gc             ] GC(1772) Pause Young (Allocation Failure) 616M->72M(1979M) 4.579ms
[2667.896s][info][gc,cpu         ] GC(1772) User=0.00s Sys=0.00s Real=0.01s
[2670.001s][info][gc,start       ] GC(1773) Pause Young (Allocation Failure)
[2670.007s][info][gc,heap        ] GC(1773) DefNew: 563605K->5174K(629120K)
[2670.007s][info][gc,heap        ] GC(1773) Tenured: 70263K->70263K(1398144K)
[2670.007s][info][gc,metaspace   ] GC(1773) Metaspace: 90960K(98224K)->90960K(98224K) NonClass: 79589K(83632K)->79589K(83632K) Class: 11370K(14592K)->11370K(14592K)
[2670.007s][info][gc             ] GC(1773) Pause Young (Allocation Failure) 619M->73M(1979M) 6.290ms
[2670.007s][info][gc,cpu         ] GC(1773) User=0.00s Sys=0.00s Real=0.01s
[2671.795s][info][gc,start       ] GC(1774) Pause Young (Allocation Failure)
[2671.801s][info][gc,heap        ] GC(1774) DefNew: 561748K->6253K(629120K)
[2671.801s][info][gc,heap        ] GC(1774) Tenured: 70263K->70263K(1398144K)
[2671.801s][info][gc,metaspace   ] GC(1774) Metaspace: 90960K(98224K)->90960K(98224K) NonClass: 79589K(83632K)->79589K(83632K) Class: 11370K(14592K)->11370K(14592K)
[2671.802s][info][gc             ] GC(1774) Pause Young (Allocation Failure) 617M->74M(1979M) 6.710ms
[2671.802s][info][gc,cpu         ] GC(1774) User=0.00s Sys=0.00s Real=0.01s
[2672.288s][info][gc,start       ] GC(1775) Pause Young (Allocation Failure)
[2672.296s][info][gc,heap        ] GC(1775) DefNew: 562625K->16239K(629120K)
[2672.296s][info][gc,heap        ] GC(1775) Tenured: 70263K->70263K(1398144K)
[2672.296s][info][gc,metaspace   ] GC(1775) Metaspace: 90960K(98224K)->90960K(98224K) NonClass: 79589K(83632K)->79589K(83632K) Class: 11370K(14592K)->11370K(14592K)
[2672.296s][info][gc             ] GC(1775) Pause Young (Allocation Failure) 618M->84M(1979M) 7.535ms
[2672.296s][info][gc,cpu         ] GC(1775) User=0.00s Sys=0.00s Real=0.01s
[2673.734s][info][gc,start       ] GC(1776) Pause Young (Allocation Failure)
[2673.739s][info][gc,heap        ] GC(1776) DefNew: 572048K->4922K(629120K)
[2673.739s][info][gc,heap        ] GC(1776) Tenured: 70263K->70263K(1398144K)
[2673.739s][info][gc,metaspace   ] GC(1776) Metaspace: 90960K(98224K)->90960K(98224K) NonClass: 79589K(83632K)->79589K(83632K) Class: 11370K(14592K)->11370K(14592K)
[2673.739s][info][gc             ] GC(1776) Pause Young (Allocation Failure) 627M->73M(1979M) 5.163ms
[2673.739s][info][gc,cpu         ] GC(1776) User=0.00s Sys=0.00s Real=0.00s
[2675.920s][info][gc,start       ] GC(1777) Pause Young (Allocation Failure)
[2675.925s][info][gc,heap        ] GC(1777) DefNew: 564154K->5302K(629120K)
[2675.925s][info][gc,heap        ] GC(1777) Tenured: 70263K->70263K(1398144K)
[2675.925s][info][gc,metaspace   ] GC(1777) Metaspace: 90960K(98224K)->90960K(98224K) NonClass: 79589K(83632K)->79589K(83632K) Class: 11370K(14592K)->11370K(14592K)
[2675.925s][info][gc             ] GC(1777) Pause Young (Allocation Failure) 619M->73M(1979M) 5.400ms
[2675.925s][info][gc,cpu         ] GC(1777) User=0.00s Sys=0.00s Real=0.01s
[2678.717s][info][gc,start       ] GC(1778) Pause Young (GCLocker Initiated GC)
[2678.725s][info][gc,heap        ] GC(1778) DefNew: 564534K->7867K(629120K)
[2678.725s][info][gc,heap        ] GC(1778) Tenured: 70263K->70263K(1398144K)
[2678.725s][info][gc,metaspace   ] GC(1778) Metaspace: 90960K(98224K)->90960K(98224K) NonClass: 79589K(83632K)->79589K(83632K) Class: 11370K(14592K)->11370K(14592K)
[2678.725s][info][gc             ] GC(1778) Pause Young (GCLocker Initiated GC) 619M->76M(1979M) 7.916ms
[2678.725s][info][gc,cpu         ] GC(1778) User=0.00s Sys=0.00s Real=0.01s
[2679.374s][info][gc,start       ] GC(1779) Pause Young (Allocation Failure)
[2679.383s][info][gc,heap        ] GC(1779) DefNew: 565274K->16348K(629120K)
[2679.383s][info][gc,heap        ] GC(1779) Tenured: 70263K->70263K(1398144K)
[2679.383s][info][gc,metaspace   ] GC(1779) Metaspace: 90960K(98224K)->90960K(98224K) NonClass: 79589K(83632K)->79589K(83632K) Class: 11370K(14592K)->11370K(14592K)
[2679.383s][info][gc             ] GC(1779) Pause Young (Allocation Failure) 620M->84M(1979M) 9.408ms
[2679.383s][info][gc,cpu         ] GC(1779) User=0.00s Sys=0.00s Real=0.01s
[2680.197s][info][gc,start       ] GC(1780) Pause Young (Allocation Failure)
[2680.202s][info][gc,heap        ] GC(1780) DefNew: 575580K->5091K(629120K)
[2680.202s][info][gc,heap        ] GC(1780) Tenured: 70263K->70263K(1398144K)
[2680.202s][info][gc,metaspace   ] GC(1780) Metaspace: 90960K(98224K)->90960K(98224K) NonClass: 79589K(83632K)->79589K(83632K) Class: 11370K(14592K)->11370K(14592K)
[2680.202s][info][gc             ] GC(1780) Pause Young (Allocation Failure) 630M->73M(1979M) 5.367ms
[2680.202s][info][gc,cpu         ] GC(1780) User=0.00s Sys=0.00s Real=0.01s
[2682.644s][info][gc,start       ] GC(1781) Pause Young (Allocation Failure)
[2682.652s][info][gc,heap        ] GC(1781) DefNew: 564323K->8610K(629120K)
[2682.652s][info][gc,heap        ] GC(1781) Tenured: 70263K->70263K(1398144K)
[2682.652s][info][gc,metaspace   ] GC(1781) Metaspace: 90961K(98224K)->90961K(98224K) NonClass: 79590K(83632K)->79590K(83632K) Class: 11370K(14592K)->11370K(14592K)
[2682.652s][info][gc             ] GC(1781) Pause Young (Allocation Failure) 619M->77M(1979M) 7.966ms
[2682.652s][info][gc,cpu         ] GC(1781) User=0.00s Sys=0.00s Real=0.01s
[2684.660s][info][gc,start       ] GC(1782) Pause Young (Allocation Failure)
[2684.669s][info][gc,heap        ] GC(1782) DefNew: 567842K->7002K(629120K)
[2684.669s][info][gc,heap        ] GC(1782) Tenured: 70263K->70263K(1398144K)
[2684.669s][info][gc,metaspace   ] GC(1782) Metaspace: 90961K(98224K)->90961K(98224K) NonClass: 79590K(83632K)->79590K(83632K) Class: 11370K(14592K)->11370K(14592K)
[2684.669s][info][gc             ] GC(1782) Pause Young (Allocation Failure) 623M->75M(1979M) 9.037ms
[2684.669s][info][gc,cpu         ] GC(1782) User=0.00s Sys=0.00s Real=0.01s
[2686.115s][info][gc,start       ] GC(1783) Pause Young (Allocation Failure)
[2686.131s][info][gc,heap        ] GC(1783) DefNew: 566234K->11066K(629120K)
[2686.131s][info][gc,heap        ] GC(1783) Tenured: 70263K->70263K(1398144K)
[2686.131s][info][gc,metaspace   ] GC(1783) Metaspace: 90961K(98224K)->90961K(98224K) NonClass: 79590K(83632K)->79590K(83632K) Class: 11370K(14592K)->11370K(14592K)
[2686.131s][info][gc             ] GC(1783) Pause Young (Allocation Failure) 621M->79M(1979M) 16.324ms
[2686.131s][info][gc,cpu         ] GC(1783) User=0.00s Sys=0.00s Real=0.02s
[2686.534s][info][gc,start       ] GC(1784) Pause Young (Allocation Failure)
[2686.541s][info][gc,heap        ] GC(1784) DefNew: 570298K->8307K(629120K)
[2686.541s][info][gc,heap        ] GC(1784) Tenured: 70263K->70263K(1398144K)
[2686.541s][info][gc,metaspace   ] GC(1784) Metaspace: 90961K(98224K)->90961K(98224K) NonClass: 79590K(83632K)->79590K(83632K) Class: 11370K(14592K)->11370K(14592K)
[2686.541s][info][gc             ] GC(1784) Pause Young (Allocation Failure) 625M->76M(1979M) 6.470ms
[2686.541s][info][gc,cpu         ] GC(1784) User=0.00s Sys=0.00s Real=0.01s
[2688.585s][info][gc,start       ] GC(1785) Pause Young (Allocation Failure)
[2688.593s][info][gc,heap        ] GC(1785) DefNew: 567539K->6807K(629120K)
[2688.593s][info][gc,heap        ] GC(1785) Tenured: 70263K->70263K(1398144K)
[2688.593s][info][gc,metaspace   ] GC(1785) Metaspace: 90961K(98224K)->90961K(98224K) NonClass: 79590K(83632K)->79590K(83632K) Class: 11370K(14592K)->11370K(14592K)
[2688.593s][info][gc             ] GC(1785) Pause Young (Allocation Failure) 622M->75M(1979M) 7.769ms
[2688.593s][info][gc,cpu         ] GC(1785) User=0.05s Sys=0.00s Real=0.01s
[2690.531s][info][gc,start       ] GC(1786) Pause Young (GCLocker Initiated GC)
[2690.539s][info][gc,heap        ] GC(1786) DefNew: 566039K->7393K(629120K)
[2690.539s][info][gc,heap        ] GC(1786) Tenured: 70263K->70723K(1398144K)
[2690.539s][info][gc,metaspace   ] GC(1786) Metaspace: 90961K(98224K)->90961K(98224K) NonClass: 79590K(83632K)->79590K(83632K) Class: 11370K(14592K)->11370K(14592K)
[2690.539s][info][gc             ] GC(1786) Pause Young (GCLocker Initiated GC) 621M->76M(1979M) 7.960ms
[2690.539s][info][gc,cpu         ] GC(1786) User=0.00s Sys=0.00s Real=0.01s
[2692.459s][info][gc,start       ] GC(1787) Pause Young (Allocation Failure)
[2692.468s][info][gc,heap        ] GC(1787) DefNew: 566625K->8349K(629120K)
[2692.468s][info][gc,heap        ] GC(1787) Tenured: 70723K->70911K(1398144K)
[2692.468s][info][gc,metaspace   ] GC(1787) Metaspace: 90961K(98224K)->90961K(98224K) NonClass: 79590K(83632K)->79590K(83632K) Class: 11370K(14592K)->11370K(14592K)
[2692.468s][info][gc             ] GC(1787) Pause Young (Allocation Failure) 622M->77M(1979M) 9.066ms
[2692.468s][info][gc,cpu         ] GC(1787) User=0.00s Sys=0.00s Real=0.01s
[2693.093s][info][gc,start       ] GC(1788) Pause Young (Allocation Failure)
[2693.102s][info][gc,heap        ] GC(1788) DefNew: 565002K->21147K(629120K)
[2693.102s][info][gc,heap        ] GC(1788) Tenured: 70911K->71095K(1398144K)
[2693.102s][info][gc,metaspace   ] GC(1788) Metaspace: 90961K(98224K)->90961K(98224K) NonClass: 79590K(83632K)->79590K(83632K) Class: 11370K(14592K)->11370K(14592K)
[2693.102s][info][gc             ] GC(1788) Pause Young (Allocation Failure) 621M->90M(1979M) 9.040ms
[2693.102s][info][gc,cpu         ] GC(1788) User=0.00s Sys=0.00s Real=0.01s
[2694.414s][info][gc,start       ] GC(1789) Pause Young (Allocation Failure)
[2694.421s][info][gc,heap        ] GC(1789) DefNew: 579745K->5764K(629120K)
[2694.421s][info][gc,heap        ] GC(1789) Tenured: 71095K->71243K(1398144K)
[2694.421s][info][gc,metaspace   ] GC(1789) Metaspace: 90961K(98224K)->90961K(98224K) NonClass: 79590K(83632K)->79590K(83632K) Class: 11370K(14592K)->11370K(14592K)
[2694.421s][info][gc             ] GC(1789) Pause Young (Allocation Failure) 635M->75M(1979M) 7.242ms
[2694.421s][info][gc,cpu         ] GC(1789) User=0.00s Sys=0.00s Real=0.01s
[2696.287s][info][gc,start       ] GC(1790) Pause Young (Allocation Failure)
[2696.297s][info][gc,heap        ] GC(1790) DefNew: 564996K->8489K(629120K)
[2696.297s][info][gc,heap        ] GC(1790) Tenured: 71243K->71376K(1398144K)
[2696.297s][info][gc,metaspace   ] GC(1790) Metaspace: 90961K(98224K)->90961K(98224K) NonClass: 79590K(83632K)->79590K(83632K) Class: 11370K(14592K)->11370K(14592K)
[2696.297s][info][gc             ] GC(1790) Pause Young (Allocation Failure) 621M->77M(1979M) 9.702ms
[2696.297s][info][gc,cpu         ] GC(1790) User=0.00s Sys=0.00s Real=0.01s
[2696.909s][info][gc,start       ] GC(1791) Pause Young (Allocation Failure)
[2696.916s][info][gc,heap        ] GC(1791) DefNew: 563756K->9280K(629120K)
[2696.917s][info][gc,heap        ] GC(1791) Tenured: 71376K->71563K(1398144K)
[2696.917s][info][gc,metaspace   ] GC(1791) Metaspace: 90961K(98224K)->90961K(98224K) NonClass: 79590K(83632K)->79590K(83632K) Class: 11370K(14592K)->11370K(14592K)
[2696.917s][info][gc             ] GC(1791) Pause Young (Allocation Failure) 620M->78M(1979M) 7.402ms
[2696.917s][info][gc,cpu         ] GC(1791) User=0.00s Sys=0.00s Real=0.01s
[2698.287s][info][gc,start       ] GC(1792) Pause Young (Allocation Failure)
[2698.294s][info][gc,heap        ] GC(1792) DefNew: 568512K->6076K(629120K)
[2698.294s][info][gc,heap        ] GC(1792) Tenured: 71563K->71700K(1398144K)
[2698.294s][info][gc,metaspace   ] GC(1792) Metaspace: 90961K(98224K)->90961K(98224K) NonClass: 79590K(83632K)->79590K(83632K) Class: 11370K(14592K)->11370K(14592K)
[2698.294s][info][gc             ] GC(1792) Pause Young (Allocation Failure) 625M->75M(1979M) 6.973ms
[2698.294s][info][gc,cpu         ] GC(1792) User=0.00s Sys=0.00s Real=0.01s
[2700.280s][info][gc,start       ] GC(1793) Pause Young (Allocation Failure)
[2700.289s][info][gc,heap        ] GC(1793) DefNew: 564543K->7644K(629120K)
[2700.289s][info][gc,heap        ] GC(1793) Tenured: 71700K->71862K(1398144K)
[2700.289s][info][gc,metaspace   ] GC(1793) Metaspace: 90961K(98224K)->90961K(98224K) NonClass: 79590K(83632K)->79590K(83632K) Class: 11370K(14592K)->11370K(14592K)
[2700.289s][info][gc             ] GC(1793) Pause Young (Allocation Failure) 621M->77M(1979M) 8.994ms
[2700.289s][info][gc,cpu         ] GC(1793) User=0.00s Sys=0.00s Real=0.01s
[2700.794s][info][gc,start       ] GC(1794) Pause Young (Allocation Failure)
[2700.801s][info][gc,heap        ] GC(1794) DefNew: 566876K->9169K(629120K)
[2700.801s][info][gc,heap        ] GC(1794) Tenured: 71862K->71988K(1398144K)
[2700.801s][info][gc,metaspace   ] GC(1794) Metaspace: 90961K(98224K)->90961K(98224K) NonClass: 79590K(83632K)->79590K(83632K) Class: 11370K(14592K)->11370K(14592K)
[2700.801s][info][gc             ] GC(1794) Pause Young (Allocation Failure) 623M->79M(1979M) 7.355ms
[2700.801s][info][gc,cpu         ] GC(1794) User=0.00s Sys=0.00s Real=0.01s
[2702.282s][info][gc,start       ] GC(1795) Pause Young (Allocation Failure)
[2702.288s][info][gc,heap        ] GC(1795) DefNew: 568188K->5772K(629120K)
[2702.288s][info][gc,heap        ] GC(1795) Tenured: 71988K->72097K(1398144K)
[2702.288s][info][gc,metaspace   ] GC(1795) Metaspace: 90961K(98224K)->90961K(98224K) NonClass: 79590K(83632K)->79590K(83632K) Class: 11370K(14592K)->11370K(14592K)
[2702.288s][info][gc             ] GC(1795) Pause Young (Allocation Failure) 625M->76M(1979M) 6.182ms
[2702.288s][info][gc,cpu         ] GC(1795) User=0.00s Sys=0.00s Real=0.01s
[2704.093s][info][gc,start       ] GC(1796) Pause Young (Allocation Failure)
[2704.102s][info][gc,heap        ] GC(1796) DefNew: 563338K->7732K(629120K)
[2704.102s][info][gc,heap        ] GC(1796) Tenured: 72097K->72257K(1398144K)
[2704.102s][info][gc,metaspace   ] GC(1796) Metaspace: 90961K(98224K)->90961K(98224K) NonClass: 79590K(83632K)->79590K(83632K) Class: 11370K(14592K)->11370K(14592K)
[2704.102s][info][gc             ] GC(1796) Pause Young (Allocation Failure) 620M->78M(1979M) 8.427ms
[2704.102s][info][gc,cpu         ] GC(1796) User=0.00s Sys=0.00s Real=0.01s
[2704.603s][info][gc,start       ] GC(1797) Pause Young (Allocation Failure)
[2704.610s][info][gc,heap        ] GC(1797) DefNew: 563883K->13511K(629120K)
[2704.610s][info][gc,heap        ] GC(1797) Tenured: 72257K->72447K(1398144K)
[2704.610s][info][gc,metaspace   ] GC(1797) Metaspace: 90961K(98224K)->90961K(98224K) NonClass: 79590K(83632K)->79590K(83632K) Class: 11370K(14592K)->11370K(14592K)
[2704.610s][info][gc             ] GC(1797) Pause Young (Allocation Failure) 621M->83M(1979M) 7.738ms
[2704.611s][info][gc,cpu         ] GC(1797) User=0.00s Sys=0.00s Real=0.01s
[2706.072s][info][gc,start       ] GC(1798) Pause Young (GCLocker Initiated GC)
[2706.079s][info][gc,heap        ] GC(1798) DefNew: 572761K->6543K(629120K)
[2706.079s][info][gc,heap        ] GC(1798) Tenured: 72447K->72571K(1398144K)
[2706.079s][info][gc,metaspace   ] GC(1798) Metaspace: 90961K(98224K)->90961K(98224K) NonClass: 79590K(83632K)->79590K(83632K) Class: 11370K(14592K)->11370K(14592K)
[2706.079s][info][gc             ] GC(1798) Pause Young (GCLocker Initiated GC) 630M->77M(1979M) 7.296ms
[2706.079s][info][gc,cpu         ] GC(1798) User=0.00s Sys=0.00s Real=0.01s
[2708.026s][info][gc,start       ] GC(1799) Pause Young (Allocation Failure)
[2708.036s][info][gc,heap        ] GC(1799) DefNew: 565775K->8264K(629120K)
[2708.036s][info][gc,heap        ] GC(1799) Tenured: 72571K->72647K(1398144K)
[2708.036s][info][gc,metaspace   ] GC(1799) Metaspace: 90961K(98224K)->90961K(98224K) NonClass: 79590K(83632K)->79590K(83632K) Class: 11370K(14592K)->11370K(14592K)
[2708.036s][info][gc             ] GC(1799) Pause Young (Allocation Failure) 623M->79M(1979M) 9.104ms
[2708.036s][info][gc,cpu         ] GC(1799) User=0.00s Sys=0.00s Real=0.01s
[2708.755s][info][gc,start       ] GC(1800) Pause Young (Allocation Failure)
[2708.763s][info][gc,heap        ] GC(1800) DefNew: 567496K->7362K(629120K)
[2708.763s][info][gc,heap        ] GC(1800) Tenured: 72647K->72841K(1398144K)
[2708.763s][info][gc,metaspace   ] GC(1800) Metaspace: 90961K(98224K)->90961K(98224K) NonClass: 79590K(83632K)->79590K(83632K) Class: 11370K(14592K)->11370K(14592K)
[2708.763s][info][gc             ] GC(1800) Pause Young (Allocation Failure) 625M->78M(1979M) 8.356ms
[2708.763s][info][gc,cpu         ] GC(1800) User=0.00s Sys=0.00s Real=0.01s
[2708.790s][info][gc,start       ] GC(1801) Pause Full (System.gc())
[2708.794s][info][gc,phases,start] GC(1801) Phase 1: Mark live objects
[2708.844s][info][gc,phases      ] GC(1801) Phase 1: Mark live objects 50.632ms
[2708.844s][info][gc,phases,start] GC(1801) Phase 2: Compute new object addresses
[2708.860s][info][gc,phases      ] GC(1801) Phase 2: Compute new object addresses 15.668ms
[2708.860s][info][gc,phases,start] GC(1801) Phase 3: Adjust pointers
[2708.891s][info][gc,phases      ] GC(1801) Phase 3: Adjust pointers 30.753ms
[2708.891s][info][gc,phases,start] GC(1801) Phase 4: Move objects
[2708.892s][info][gc,phases      ] GC(1801) Phase 4: Move objects 0.702ms
[2708.892s][info][gc,heap        ] GC(1801) DefNew: 46165K->0K(629120K)
[2708.892s][info][gc,heap        ] GC(1801) Tenured: 72841K->75224K(1398144K)
[2708.892s][info][gc,metaspace   ] GC(1801) Metaspace: 90961K(98224K)->90961K(98224K) NonClass: 79590K(83632K)->79590K(83632K) Class: 11370K(14592K)->11370K(14592K)
[2708.892s][info][gc             ] GC(1801) Pause Full (System.gc()) 116M->73M(1979M) 102.629ms
[2708.892s][info][gc,cpu         ] GC(1801) User=0.11s Sys=0.00s Real=0.10s
[2709.378s][info][gc,start       ] GC(1802) Pause Young (Allocation Failure)
[2709.381s][info][gc,heap        ] GC(1802) DefNew: 559183K->3055K(629120K)
[2709.382s][info][gc,heap        ] GC(1802) Tenured: 75224K->75224K(1398144K)
[2709.382s][info][gc,metaspace   ] GC(1802) Metaspace: 90961K(98224K)->90961K(98224K) NonClass: 79590K(83632K)->79590K(83632K) Class: 11370K(14592K)->11370K(14592K)
[2709.382s][info][gc             ] GC(1802) Pause Young (Allocation Failure) 619M->76M(1979M) 3.471ms
[2709.382s][info][gc,cpu         ] GC(1802) User=0.00s Sys=0.00s Real=0.00s
[2711.411s][info][gc,start       ] GC(1803) Pause Young (Allocation Failure)
[2711.415s][info][gc,heap        ] GC(1803) DefNew: 559533K->4389K(629120K)
[2711.415s][info][gc,heap        ] GC(1803) Tenured: 75224K->75224K(1398144K)
[2711.415s][info][gc,metaspace   ] GC(1803) Metaspace: 90961K(98224K)->90961K(98224K) NonClass: 79590K(83632K)->79590K(83632K) Class: 11370K(14592K)->11370K(14592K)
[2711.415s][info][gc             ] GC(1803) Pause Young (Allocation Failure) 619M->77M(1979M) 4.654ms
[2711.415s][info][gc,cpu         ] GC(1803) User=0.00s Sys=0.00s Real=0.01s
[2713.396s][info][gc,start       ] GC(1804) Pause Young (Allocation Failure)
[2713.402s][info][gc,heap        ] GC(1804) DefNew: 563621K->5084K(629120K)
[2713.402s][info][gc,heap        ] GC(1804) Tenured: 75224K->75224K(1398144K)
[2713.402s][info][gc,metaspace   ] GC(1804) Metaspace: 90961K(98224K)->90961K(98224K) NonClass: 79590K(83632K)->79590K(83632K) Class: 11370K(14592K)->11370K(14592K)
[2713.402s][info][gc             ] GC(1804) Pause Young (Allocation Failure) 623M->78M(1979M) 6.459ms
[2713.403s][info][gc,cpu         ] GC(1804) User=0.00s Sys=0.00s Real=0.01s
[2715.111s][info][gc,start       ] GC(1805) Pause Young (Allocation Failure)
[2715.119s][info][gc,heap        ] GC(1805) DefNew: 564316K->6956K(629120K)
[2715.119s][info][gc,heap        ] GC(1805) Tenured: 75224K->75224K(1398144K)
[2715.119s][info][gc,metaspace   ] GC(1805) Metaspace: 90961K(98224K)->90961K(98224K) NonClass: 79590K(83632K)->79590K(83632K) Class: 11370K(14592K)->11370K(14592K)
[2715.119s][info][gc             ] GC(1805) Pause Young (Allocation Failure) 624M->80M(1979M) 8.253ms
[2715.119s][info][gc,cpu         ] GC(1805) User=0.00s Sys=0.00s Real=0.01s
[2715.603s][info][gc,start       ] GC(1806) Pause Young (Allocation Failure)
[2715.609s][info][gc,heap        ] GC(1806) DefNew: 562515K->7345K(629120K)
[2715.609s][info][gc,heap        ] GC(1806) Tenured: 75224K->75224K(1398144K)
[2715.609s][info][gc,metaspace   ] GC(1806) Metaspace: 90961K(98224K)->90961K(98224K) NonClass: 79590K(83632K)->79590K(83632K) Class: 11370K(14592K)->11370K(14592K)
[2715.609s][info][gc             ] GC(1806) Pause Young (Allocation Failure) 622M->80M(1979M) 6.461ms
[2715.610s][info][gc,cpu         ] GC(1806) User=0.00s Sys=0.00s Real=0.01s
[2717.012s][info][gc,start       ] GC(1807) Pause Young (Allocation Failure)
[2717.019s][info][gc,heap        ] GC(1807) DefNew: 566577K->5475K(629120K)
[2717.019s][info][gc,heap        ] GC(1807) Tenured: 75224K->75224K(1398144K)
[2717.019s][info][gc,metaspace   ] GC(1807) Metaspace: 90961K(98224K)->90961K(98224K) NonClass: 79590K(83632K)->79590K(83632K) Class: 11370K(14592K)->11370K(14592K)
[2717.019s][info][gc             ] GC(1807) Pause Young (Allocation Failure) 626M->78M(1979M) 7.148ms
[2717.019s][info][gc,cpu         ] GC(1807) User=0.00s Sys=0.00s Real=0.01s
[2719.026s][info][gc,start       ] GC(1808) Pause Young (Allocation Failure)
[2719.031s][info][gc,heap        ] GC(1808) DefNew: 564707K->5269K(629120K)
[2719.031s][info][gc,heap        ] GC(1808) Tenured: 75224K->75224K(1398144K)
[2719.031s][info][gc,metaspace   ] GC(1808) Metaspace: 90961K(98224K)->90961K(98224K) NonClass: 79590K(83632K)->79590K(83632K) Class: 11370K(14592K)->11370K(14592K)
[2719.031s][info][gc             ] GC(1808) Pause Young (Allocation Failure) 624M->78M(1979M) 5.570ms
[2719.031s][info][gc,cpu         ] GC(1808) User=0.00s Sys=0.00s Real=0.01s
[2721.542s][info][gc,start       ] GC(1809) Pause Young (Allocation Failure)
[2721.548s][info][gc,heap        ] GC(1809) DefNew: 564215K->6156K(629120K)
[2721.548s][info][gc,heap        ] GC(1809) Tenured: 75224K->75224K(1398144K)
[2721.548s][info][gc,metaspace   ] GC(1809) Metaspace: 90961K(98224K)->90961K(98224K) NonClass: 79590K(83632K)->79590K(83632K) Class: 11370K(14592K)->11370K(14592K)
[2721.548s][info][gc             ] GC(1809) Pause Young (Allocation Failure) 624M->79M(1979M) 6.801ms
[2721.549s][info][gc,cpu         ] GC(1809) User=0.00s Sys=0.00s Real=0.01s
[2722.161s][info][gc,start       ] GC(1810) Pause Young (Allocation Failure)
[2722.168s][info][gc,heap        ] GC(1810) DefNew: 565388K->8321K(629120K)
[2722.168s][info][gc,heap        ] GC(1810) Tenured: 75224K->75224K(1398144K)
[2722.168s][info][gc,metaspace   ] GC(1810) Metaspace: 90961K(98224K)->90961K(98224K) NonClass: 79590K(83632K)->79590K(83632K) Class: 11370K(14592K)->11370K(14592K)
[2722.168s][info][gc             ] GC(1810) Pause Young (Allocation Failure) 625M->81M(1979M) 7.701ms
[2722.168s][info][gc,cpu         ] GC(1810) User=0.00s Sys=0.00s Real=0.01s
[2722.894s][info][gc,start       ] GC(1811) Pause Young (Allocation Failure)
[2722.899s][info][gc,heap        ] GC(1811) DefNew: 567553K->5074K(629120K)
[2722.899s][info][gc,heap        ] GC(1811) Tenured: 75224K->75224K(1398144K)
[2722.899s][info][gc,metaspace   ] GC(1811) Metaspace: 90961K(98224K)->90961K(98224K) NonClass: 79590K(83632K)->79590K(83632K) Class: 11370K(14592K)->11370K(14592K)
[2722.899s][info][gc             ] GC(1811) Pause Young (Allocation Failure) 627M->78M(1979M) 5.232ms
[2722.900s][info][gc,cpu         ] GC(1811) User=0.00s Sys=0.00s Real=0.01s
[2725.379s][info][gc,start       ] GC(1812) Pause Young (Allocation Failure)
[2725.386s][info][gc,heap        ] GC(1812) DefNew: 562775K->6151K(629120K)
[2725.386s][info][gc,heap        ] GC(1812) Tenured: 75224K->75224K(1398144K)
[2725.386s][info][gc,metaspace   ] GC(1812) Metaspace: 90961K(98224K)->90961K(98224K) NonClass: 79590K(83632K)->79590K(83632K) Class: 11370K(14592K)->11370K(14592K)
[2725.386s][info][gc             ] GC(1812) Pause Young (Allocation Failure) 623M->79M(1979M) 6.519ms
[2725.386s][info][gc,cpu         ] GC(1812) User=0.00s Sys=0.00s Real=0.01s
[2727.317s][info][gc,start       ] GC(1813) Pause Young (Allocation Failure)
[2727.324s][info][gc,heap        ] GC(1813) DefNew: 564981K->6482K(629120K)
[2727.324s][info][gc,heap        ] GC(1813) Tenured: 75224K->75224K(1398144K)
[2727.324s][info][gc,metaspace   ] GC(1813) Metaspace: 90961K(98224K)->90961K(98224K) NonClass: 79590K(83632K)->79590K(83632K) Class: 11370K(14592K)->11370K(14592K)
[2727.324s][info][gc             ] GC(1813) Pause Young (Allocation Failure) 625M->79M(1979M) 7.447ms
[2727.324s][info][gc,cpu         ] GC(1813) User=0.00s Sys=0.00s Real=0.01s
[2728.675s][info][gc,start       ] GC(1814) Pause Young (Allocation Failure)
[2728.693s][info][gc,heap        ] GC(1814) DefNew: 565714K->11440K(629120K)
[2728.693s][info][gc,heap        ] GC(1814) Tenured: 75224K->75224K(1398144K)
[2728.693s][info][gc,metaspace   ] GC(1814) Metaspace: 90961K(98224K)->90961K(98224K) NonClass: 79590K(83632K)->79590K(83632K) Class: 11370K(14592K)->11370K(14592K)
[2728.693s][info][gc             ] GC(1814) Pause Young (Allocation Failure) 625M->84M(1979M) 18.177ms
[2728.693s][info][gc,cpu         ] GC(1814) User=0.00s Sys=0.00s Real=0.02s
[2729.143s][info][gc,start       ] GC(1815) Pause Young (Allocation Failure)
[2729.151s][info][gc,heap        ] GC(1815) DefNew: 570490K->8701K(629120K)
[2729.151s][info][gc,heap        ] GC(1815) Tenured: 75224K->75224K(1398144K)
[2729.151s][info][gc,metaspace   ] GC(1815) Metaspace: 90961K(98224K)->90961K(98224K) NonClass: 79590K(83632K)->79590K(83632K) Class: 11370K(14592K)->11370K(14592K)
[2729.151s][info][gc             ] GC(1815) Pause Young (Allocation Failure) 630M->81M(1979M) 8.001ms
[2729.151s][info][gc,cpu         ] GC(1815) User=0.02s Sys=0.00s Real=0.01s
[2731.191s][info][gc,start       ] GC(1816) Pause Young (Allocation Failure)
[2731.199s][info][gc,heap        ] GC(1816) DefNew: 567933K->7345K(629120K)
[2731.199s][info][gc,heap        ] GC(1816) Tenured: 75224K->75224K(1398144K)
[2731.199s][info][gc,metaspace   ] GC(1816) Metaspace: 90961K(98224K)->90961K(98224K) NonClass: 79590K(83632K)->79590K(83632K) Class: 11370K(14592K)->11370K(14592K)
[2731.199s][info][gc             ] GC(1816) Pause Young (Allocation Failure) 628M->80M(1979M) 8.840ms
[2731.199s][info][gc,cpu         ] GC(1816) User=0.00s Sys=0.00s Real=0.01s
[2733.227s][info][gc,start       ] GC(1817) Pause Young (Allocation Failure)
[2733.234s][info][gc,heap        ] GC(1817) DefNew: 566049K->6270K(629120K)
[2733.234s][info][gc,heap        ] GC(1817) Tenured: 75224K->75686K(1398144K)
[2733.234s][info][gc,metaspace   ] GC(1817) Metaspace: 90961K(98224K)->90961K(98224K) NonClass: 79590K(83632K)->79590K(83632K) Class: 11370K(14592K)->11370K(14592K)
[2733.235s][info][gc             ] GC(1817) Pause Young (Allocation Failure) 626M->80M(1979M) 7.173ms
[2733.235s][info][gc,cpu         ] GC(1817) User=0.00s Sys=0.00s Real=0.01s
[2735.062s][info][gc,start       ] GC(1818) Pause Young (Allocation Failure)
[2735.071s][info][gc,heap        ] GC(1818) DefNew: 565502K->9027K(629120K)
[2735.071s][info][gc,heap        ] GC(1818) Tenured: 75686K->75874K(1398144K)
[2735.071s][info][gc,metaspace   ] GC(1818) Metaspace: 90961K(98224K)->90961K(98224K) NonClass: 79590K(83632K)->79590K(83632K) Class: 11370K(14592K)->11370K(14592K)
[2735.071s][info][gc             ] GC(1818) Pause Young (Allocation Failure) 626M->82M(1979M) 9.508ms
[2735.071s][info][gc,cpu         ] GC(1818) User=0.00s Sys=0.00s Real=0.01s
[2735.678s][info][gc,start       ] GC(1819) Pause Young (Allocation Failure)
[2735.687s][info][gc,heap        ] GC(1819) DefNew: 567820K->21562K(629120K)
[2735.687s][info][gc,heap        ] GC(1819) Tenured: 75874K->76077K(1398144K)
[2735.687s][info][gc,metaspace   ] GC(1819) Metaspace: 90961K(98224K)->90961K(98224K) NonClass: 79590K(83632K)->79590K(83632K) Class: 11370K(14592K)->11370K(14592K)
[2735.687s][info][gc             ] GC(1819) Pause Young (Allocation Failure) 628M->95M(1979M) 8.903ms
[2735.687s][info][gc,cpu         ] GC(1819) User=0.00s Sys=0.00s Real=0.01s
[2737.089s][info][gc,start       ] GC(1820) Pause Young (Allocation Failure)
[2737.096s][info][gc,heap        ] GC(1820) DefNew: 580719K->6170K(629120K)
[2737.096s][info][gc,heap        ] GC(1820) Tenured: 76077K->76228K(1398144K)
[2737.096s][info][gc,metaspace   ] GC(1820) Metaspace: 90961K(98224K)->90961K(98224K) NonClass: 79590K(83632K)->79590K(83632K) Class: 11370K(14592K)->11370K(14592K)
[2737.096s][info][gc             ] GC(1820) Pause Young (Allocation Failure) 641M->80M(1979M) 7.629ms
[2737.096s][info][gc,cpu         ] GC(1820) User=0.00s Sys=0.00s Real=0.01s
[2738.956s][info][gc,start       ] GC(1821) Pause Young (Allocation Failure)
[2738.964s][info][gc,heap        ] GC(1821) DefNew: 564807K->7749K(629120K)
[2738.964s][info][gc,heap        ] GC(1821) Tenured: 76228K->76294K(1398144K)
[2738.964s][info][gc,metaspace   ] GC(1821) Metaspace: 90961K(98224K)->90961K(98224K) NonClass: 79590K(83632K)->79590K(83632K) Class: 11370K(14592K)->11370K(14592K)
[2738.964s][info][gc             ] GC(1821) Pause Young (Allocation Failure) 626M->82M(1979M) 8.070ms
[2738.964s][info][gc,cpu         ] GC(1821) User=0.00s Sys=0.00s Real=0.01s
[2739.465s][info][gc,start       ] GC(1822) Pause Young (Allocation Failure)
[2739.473s][info][gc,heap        ] GC(1822) DefNew: 565528K->13381K(629120K)
[2739.473s][info][gc,heap        ] GC(1822) Tenured: 76294K->76474K(1398144K)
[2739.473s][info][gc,metaspace   ] GC(1822) Metaspace: 90961K(98224K)->90961K(98224K) NonClass: 79590K(83632K)->79590K(83632K) Class: 11370K(14592K)->11370K(14592K)
[2739.473s][info][gc             ] GC(1822) Pause Young (Allocation Failure) 626M->87M(1979M) 7.970ms
[2739.473s][info][gc,cpu         ] GC(1822) User=0.00s Sys=0.00s Real=0.01s
[2740.981s][info][gc,start       ] GC(1823) Pause Young (Allocation Failure)
[2740.988s][info][gc,heap        ] GC(1823) DefNew: 572613K->5919K(629120K)
[2740.988s][info][gc,heap        ] GC(1823) Tenured: 76474K->76611K(1398144K)
[2740.988s][info][gc,metaspace   ] GC(1823) Metaspace: 90961K(98224K)->90961K(98224K) NonClass: 79590K(83632K)->79590K(83632K) Class: 11370K(14592K)->11370K(14592K)
[2740.988s][info][gc             ] GC(1823) Pause Young (Allocation Failure) 633M->80M(1979M) 6.427ms
[2740.988s][info][gc,cpu         ] GC(1823) User=0.00s Sys=0.00s Real=0.01s
[2742.883s][info][gc,start       ] GC(1824) Pause Young (Allocation Failure)
[2742.892s][info][gc,heap        ] GC(1824) DefNew: 565151K->8072K(629120K)
[2742.892s][info][gc,heap        ] GC(1824) Tenured: 76611K->76769K(1398144K)
[2742.892s][info][gc,metaspace   ] GC(1824) Metaspace: 90962K(98224K)->90962K(98224K) NonClass: 79591K(83632K)->79591K(83632K) Class: 11370K(14592K)->11370K(14592K)
[2742.892s][info][gc             ] GC(1824) Pause Young (Allocation Failure) 626M->82M(1979M) 8.639ms
[2742.892s][info][gc,cpu         ] GC(1824) User=0.00s Sys=0.00s Real=0.01s
[2743.337s][info][gc,start       ] GC(1825) Pause Young (Allocation Failure)
[2743.346s][info][gc,heap        ] GC(1825) DefNew: 563465K->13070K(629120K)
[2743.346s][info][gc,heap        ] GC(1825) Tenured: 76769K->76894K(1398144K)
[2743.346s][info][gc,metaspace   ] GC(1825) Metaspace: 90962K(98224K)->90962K(98224K) NonClass: 79591K(83632K)->79591K(83632K) Class: 11370K(14592K)->11370K(14592K)
[2743.346s][info][gc             ] GC(1825) Pause Young (Allocation Failure) 625M->87M(1979M) 8.609ms
[2743.346s][info][gc,cpu         ] GC(1825) User=0.00s Sys=0.00s Real=0.01s
[2744.852s][info][gc,start       ] GC(1826) Pause Young (Allocation Failure)
[2744.859s][info][gc,heap        ] GC(1826) DefNew: 572302K->9126K(629120K)
[2744.860s][info][gc,heap        ] GC(1826) Tenured: 76894K->77007K(1398144K)
[2744.860s][info][gc,metaspace   ] GC(1826) Metaspace: 90962K(98224K)->90962K(98224K) NonClass: 79591K(83632K)->79591K(83632K) Class: 11370K(14592K)->11370K(14592K)
[2744.860s][info][gc             ] GC(1826) Pause Young (Allocation Failure) 633M->84M(1979M) 7.677ms
[2744.860s][info][gc,cpu         ] GC(1826) User=0.00s Sys=0.00s Real=0.01s
[2746.621s][info][gc,start       ] GC(1827) Pause Young (Allocation Failure)
[2746.630s][info][gc,heap        ] GC(1827) DefNew: 568358K->8616K(629120K)
[2746.630s][info][gc,heap        ] GC(1827) Tenured: 77007K->77167K(1398144K)
[2746.630s][info][gc,metaspace   ] GC(1827) Metaspace: 90962K(98224K)->90962K(98224K) NonClass: 79591K(83632K)->79591K(83632K) Class: 11370K(14592K)->11370K(14592K)
[2746.630s][info][gc             ] GC(1827) Pause Young (Allocation Failure) 630M->83M(1979M) 9.312ms
[2746.630s][info][gc,cpu         ] GC(1827) User=0.00s Sys=0.00s Real=0.01s
[2747.087s][info][gc,start       ] GC(1828) Pause Young (Allocation Failure)
[2747.095s][info][gc,heap        ] GC(1828) DefNew: 566831K->13534K(629120K)
[2747.096s][info][gc,heap        ] GC(1828) Tenured: 77167K->77353K(1398144K)
[2747.096s][info][gc,metaspace   ] GC(1828) Metaspace: 90962K(98224K)->90962K(98224K) NonClass: 79591K(83632K)->79591K(83632K) Class: 11370K(14592K)->11370K(14592K)
[2747.096s][info][gc             ] GC(1828) Pause Young (Allocation Failure) 628M->88M(1979M) 8.331ms
[2747.096s][info][gc,cpu         ] GC(1828) User=0.00s Sys=0.00s Real=0.01s
[2748.613s][info][gc,start       ] GC(1829) Pause Young (Allocation Failure)
[2748.619s][info][gc,heap        ] GC(1829) DefNew: 571710K->5742K(629120K)
[2748.619s][info][gc,heap        ] GC(1829) Tenured: 77353K->77477K(1398144K)
[2748.619s][info][gc,metaspace   ] GC(1829) Metaspace: 90962K(98224K)->90962K(98224K) NonClass: 79591K(83632K)->79591K(83632K) Class: 11370K(14592K)->11370K(14592K)
[2748.619s][info][gc             ] GC(1829) Pause Young (Allocation Failure) 633M->81M(1979M) 6.310ms
[2748.619s][info][gc,cpu         ] GC(1829) User=0.00s Sys=0.00s Real=0.01s
[2750.484s][info][gc,start       ] GC(1830) Pause Young (GCLocker Initiated GC)
[2750.495s][info][gc,heap        ] GC(1830) DefNew: 564974K->8704K(629120K)
[2750.495s][info][gc,heap        ] GC(1830) Tenured: 77477K->77558K(1398144K)
[2750.495s][info][gc,metaspace   ] GC(1830) Metaspace: 90962K(98224K)->90962K(98224K) NonClass: 79591K(83632K)->79591K(83632K) Class: 11370K(14592K)->11370K(14592K)
[2750.495s][info][gc             ] GC(1830) Pause Young (GCLocker Initiated GC) 627M->84M(1979M) 10.944ms
[2750.495s][info][gc,cpu         ] GC(1830) User=0.00s Sys=0.00s Real=0.01s
[2751.186s][info][gc,start       ] GC(1831) Pause Young (Allocation Failure)
[2751.196s][info][gc,heap        ] GC(1831) DefNew: 567936K->7627K(629120K)
[2751.196s][info][gc,heap        ] GC(1831) Tenured: 77558K->77751K(1398144K)
[2751.196s][info][gc,metaspace   ] GC(1831) Metaspace: 90962K(98224K)->90962K(98224K) NonClass: 79591K(83632K)->79591K(83632K) Class: 11370K(14592K)->11370K(14592K)
[2751.196s][info][gc             ] GC(1831) Pause Young (Allocation Failure) 630M->83M(1979M) 9.415ms
[2751.196s][info][gc,cpu         ] GC(1831) User=0.00s Sys=0.00s Real=0.01s
[2751.201s][info][gc,start       ] GC(1832) Pause Full (System.gc())
[2751.202s][info][gc,phases,start] GC(1832) Phase 1: Mark live objects
[2751.254s][info][gc,phases      ] GC(1832) Phase 1: Mark live objects 51.660ms
[2751.254s][info][gc,phases,start] GC(1832) Phase 2: Compute new object addresses
[2751.266s][info][gc,phases      ] GC(1832) Phase 2: Compute new object addresses 11.662ms
[2751.266s][info][gc,phases,start] GC(1832) Phase 3: Adjust pointers
[2751.297s][info][gc,phases      ] GC(1832) Phase 3: Adjust pointers 31.049ms
[2751.297s][info][gc,phases,start] GC(1832) Phase 4: Move objects
[2751.301s][info][gc,phases      ] GC(1832) Phase 4: Move objects 3.615ms
[2751.301s][info][gc,heap        ] GC(1832) DefNew: 25772K->0K(629120K)
[2751.301s][info][gc,heap        ] GC(1832) Tenured: 77751K->53935K(1398144K)
[2751.301s][info][gc,metaspace   ] GC(1832) Metaspace: 90962K(98224K)->90962K(98224K) NonClass: 79591K(83632K)->79591K(83632K) Class: 11370K(14592K)->11370K(14592K)
[2751.301s][info][gc             ] GC(1832) Pause Full (System.gc()) 101M->52M(1979M) 100.803ms
[2751.302s][info][gc,cpu         ] GC(1832) User=0.09s Sys=0.00s Real=0.10s
[2751.807s][info][gc,start       ] GC(1833) Pause Young (Allocation Failure)
[2751.810s][info][gc,heap        ] GC(1833) DefNew: 559232K->3058K(629120K)
[2751.810s][info][gc,heap        ] GC(1833) Tenured: 53935K->53935K(1398144K)
[2751.810s][info][gc,metaspace   ] GC(1833) Metaspace: 90962K(98224K)->90962K(98224K) NonClass: 79591K(83632K)->79591K(83632K) Class: 11370K(14592K)->11370K(14592K)
[2751.810s][info][gc             ] GC(1833) Pause Young (Allocation Failure) 598M->55M(1979M) 3.704ms
[2751.810s][info][gc,cpu         ] GC(1833) User=0.00s Sys=0.00s Real=0.00s
[2753.781s][info][gc,start       ] GC(1834) Pause Young (Allocation Failure)
[2753.785s][info][gc,heap        ] GC(1834) DefNew: 559941K->4410K(629120K)
[2753.785s][info][gc,heap        ] GC(1834) Tenured: 53935K->53935K(1398144K)
[2753.785s][info][gc,metaspace   ] GC(1834) Metaspace: 90962K(98224K)->90962K(98224K) NonClass: 79591K(83632K)->79591K(83632K) Class: 11370K(14592K)->11370K(14592K)
[2753.785s][info][gc             ] GC(1834) Pause Young (Allocation Failure) 599M->56M(1979M) 4.536ms
[2753.785s][info][gc,cpu         ] GC(1834) User=0.00s Sys=0.00s Real=0.00s
[2755.831s][info][gc,start       ] GC(1835) Pause Young (Allocation Failure)
[2755.836s][info][gc,heap        ] GC(1835) DefNew: 563642K->4908K(629120K)
[2755.836s][info][gc,heap        ] GC(1835) Tenured: 53935K->53935K(1398144K)
[2755.836s][info][gc,metaspace   ] GC(1835) Metaspace: 90962K(98224K)->90962K(98224K) NonClass: 79591K(83632K)->79591K(83632K) Class: 11370K(14592K)->11370K(14592K)
[2755.836s][info][gc             ] GC(1835) Pause Young (Allocation Failure) 603M->57M(1979M) 5.285ms
[2755.836s][info][gc,cpu         ] GC(1835) User=0.02s Sys=0.00s Real=0.00s
[2757.602s][info][gc,start       ] GC(1836) Pause Young (Allocation Failure)
[2757.609s][info][gc,heap        ] GC(1836) DefNew: 564140K->6851K(629120K)
[2757.609s][info][gc,heap        ] GC(1836) Tenured: 53935K->53935K(1398144K)
[2757.609s][info][gc,metaspace   ] GC(1836) Metaspace: 90962K(98224K)->90962K(98224K) NonClass: 79591K(83632K)->79591K(83632K) Class: 11370K(14592K)->11370K(14592K)
[2757.609s][info][gc             ] GC(1836) Pause Young (Allocation Failure) 603M->59M(1979M) 7.648ms
[2757.610s][info][gc,cpu         ] GC(1836) User=0.00s Sys=0.00s Real=0.01s
[2758.081s][info][gc,start       ] GC(1837) Pause Young (Allocation Failure)
[2758.088s][info][gc,heap        ] GC(1837) DefNew: 562773K->16452K(629120K)
[2758.088s][info][gc,heap        ] GC(1837) Tenured: 53935K->53935K(1398144K)
[2758.088s][info][gc,metaspace   ] GC(1837) Metaspace: 90962K(98224K)->90962K(98224K) NonClass: 79591K(83632K)->79591K(83632K) Class: 11370K(14592K)->11370K(14592K)
[2758.088s][info][gc             ] GC(1837) Pause Young (Allocation Failure) 602M->68M(1979M) 6.948ms
[2758.088s][info][gc,cpu         ] GC(1837) User=0.00s Sys=0.00s Real=0.01s
[2759.546s][info][gc,start       ] GC(1838) Pause Young (Allocation Failure)
[2759.553s][info][gc,heap        ] GC(1838) DefNew: 575684K->6387K(629120K)
[2759.553s][info][gc,heap        ] GC(1838) Tenured: 53935K->53935K(1398144K)
[2759.553s][info][gc,metaspace   ] GC(1838) Metaspace: 90962K(98224K)->90962K(98224K) NonClass: 79591K(83632K)->79591K(83632K) Class: 11370K(14592K)->11370K(14592K)
[2759.553s][info][gc             ] GC(1838) Pause Young (Allocation Failure) 614M->58M(1979M) 6.967ms
[2759.553s][info][gc,cpu         ] GC(1838) User=0.00s Sys=0.00s Real=0.01s
[2761.520s][info][gc,start       ] GC(1839) Pause Young (Allocation Failure)
[2761.525s][info][gc,heap        ] GC(1839) DefNew: 565619K->5255K(629120K)
[2761.525s][info][gc,heap        ] GC(1839) Tenured: 53935K->53935K(1398144K)
[2761.526s][info][gc,metaspace   ] GC(1839) Metaspace: 90962K(98224K)->90962K(98224K) NonClass: 79591K(83632K)->79591K(83632K) Class: 11370K(14592K)->11370K(14592K)
[2761.526s][info][gc             ] GC(1839) Pause Young (Allocation Failure) 605M->57M(1979M) 5.204ms
[2761.526s][info][gc,cpu         ] GC(1839) User=0.00s Sys=0.00s Real=0.01s
[2764.057s][info][gc,start       ] GC(1840) Pause Young (Allocation Failure)
[2764.063s][info][gc,heap        ] GC(1840) DefNew: 564487K->5815K(629120K)
[2764.063s][info][gc,heap        ] GC(1840) Tenured: 53935K->53935K(1398144K)
[2764.063s][info][gc,metaspace   ] GC(1840) Metaspace: 90962K(98224K)->90962K(98224K) NonClass: 79591K(83632K)->79591K(83632K) Class: 11370K(14592K)->11370K(14592K)
[2764.063s][info][gc             ] GC(1840) Pause Young (Allocation Failure) 603M->58M(1979M) 5.493ms
[2764.063s][info][gc,cpu         ] GC(1840) User=0.00s Sys=0.00s Real=0.01s
[2764.691s][info][gc,start       ] GC(1841) Pause Young (Allocation Failure)
[2764.698s][info][gc,heap        ] GC(1841) DefNew: 562796K->7332K(629120K)
[2764.698s][info][gc,heap        ] GC(1841) Tenured: 53935K->53935K(1398144K)
[2764.698s][info][gc,metaspace   ] GC(1841) Metaspace: 90962K(98224K)->90962K(98224K) NonClass: 79591K(83632K)->79591K(83632K) Class: 11370K(14592K)->11370K(14592K)
[2764.698s][info][gc             ] GC(1841) Pause Young (Allocation Failure) 602M->59M(1979M) 7.090ms
[2764.698s][info][gc,cpu         ] GC(1841) User=0.00s Sys=0.00s Real=0.01s
[2765.421s][info][gc,start       ] GC(1842) Pause Young (Allocation Failure)
[2765.426s][info][gc,heap        ] GC(1842) DefNew: 566564K->5161K(629120K)
[2765.426s][info][gc,heap        ] GC(1842) Tenured: 53935K->53935K(1398144K)
[2765.426s][info][gc,metaspace   ] GC(1842) Metaspace: 90962K(98224K)->90962K(98224K) NonClass: 79591K(83632K)->79591K(83632K) Class: 11370K(14592K)->11370K(14592K)
[2765.426s][info][gc             ] GC(1842) Pause Young (Allocation Failure) 605M->57M(1979M) 5.589ms
[2765.426s][info][gc,cpu         ] GC(1842) User=0.00s Sys=0.00s Real=0.01s
[2767.906s][info][gc,start       ] GC(1843) Pause Young (Allocation Failure)
[2767.912s][info][gc,heap        ] GC(1843) DefNew: 564393K->6787K(629120K)
[2767.912s][info][gc,heap        ] GC(1843) Tenured: 53935K->53935K(1398144K)
[2767.912s][info][gc,metaspace   ] GC(1843) Metaspace: 90962K(98224K)->90962K(98224K) NonClass: 79591K(83632K)->79591K(83632K) Class: 11370K(14592K)->11370K(14592K)
[2767.913s][info][gc             ] GC(1843) Pause Young (Allocation Failure) 603M->59M(1979M) 6.378ms
[2767.913s][info][gc,cpu         ] GC(1843) User=0.00s Sys=0.00s Real=0.01s
[2769.943s][info][gc,start       ] GC(1844) Pause Young (Allocation Failure)
[2769.949s][info][gc,heap        ] GC(1844) DefNew: 563526K->6422K(629120K)
[2769.949s][info][gc,heap        ] GC(1844) Tenured: 53935K->53935K(1398144K)
[2769.949s][info][gc,metaspace   ] GC(1844) Metaspace: 90962K(98224K)->90962K(98224K) NonClass: 79591K(83632K)->79591K(83632K) Class: 11370K(14592K)->11370K(14592K)
[2769.949s][info][gc             ] GC(1844) Pause Young (Allocation Failure) 602M->58M(1979M) 6.254ms
[2769.949s][info][gc,cpu         ] GC(1844) User=0.00s Sys=0.00s Real=0.01s
[2771.234s][info][gc,start       ] GC(1845) Pause Young (Allocation Failure)
[2771.253s][info][gc,heap        ] GC(1845) DefNew: 565654K->11995K(629120K)
[2771.253s][info][gc,heap        ] GC(1845) Tenured: 53935K->53935K(1398144K)
[2771.253s][info][gc,metaspace   ] GC(1845) Metaspace: 90962K(98224K)->90962K(98224K) NonClass: 79591K(83632K)->79591K(83632K) Class: 11370K(14592K)->11370K(14592K)
[2771.253s][info][gc             ] GC(1845) Pause Young (Allocation Failure) 605M->64M(1979M) 19.156ms
[2771.253s][info][gc,cpu         ] GC(1845) User=0.02s Sys=0.00s Real=0.02s
[2771.781s][info][gc,start       ] GC(1846) Pause Young (Allocation Failure)
[2771.787s][info][gc,heap        ] GC(1846) DefNew: 570076K->8431K(629120K)
[2771.787s][info][gc,heap        ] GC(1846) Tenured: 53935K->53935K(1398144K)
[2771.787s][info][gc,metaspace   ] GC(1846) Metaspace: 90962K(98224K)->90962K(98224K) NonClass: 79591K(83632K)->79591K(83632K) Class: 11370K(14592K)->11370K(14592K)
[2771.787s][info][gc             ] GC(1846) Pause Young (Allocation Failure) 609M->60M(1979M) 6.211ms
[2771.787s][info][gc,cpu         ] GC(1846) User=0.00s Sys=0.00s Real=0.01s
[2773.859s][info][gc,start       ] GC(1847) Pause Young (GCLocker Initiated GC)
[2773.867s][info][gc,heap        ] GC(1847) DefNew: 567663K->7879K(629120K)
[2773.867s][info][gc,heap        ] GC(1847) Tenured: 53935K->53935K(1398144K)
[2773.867s][info][gc,metaspace   ] GC(1847) Metaspace: 90962K(98224K)->90962K(98224K) NonClass: 79591K(83632K)->79591K(83632K) Class: 11370K(14592K)->11370K(14592K)
[2773.867s][info][gc             ] GC(1847) Pause Young (GCLocker Initiated GC) 607M->60M(1979M) 8.251ms
[2773.867s][info][gc,cpu         ] GC(1847) User=0.02s Sys=0.00s Real=0.01s
[2775.861s][info][gc,start       ] GC(1848) Pause Young (Allocation Failure)
[2775.868s][info][gc,heap        ] GC(1848) DefNew: 563439K->6326K(629120K)
[2775.868s][info][gc,heap        ] GC(1848) Tenured: 53935K->54397K(1398144K)
[2775.868s][info][gc,metaspace   ] GC(1848) Metaspace: 90962K(98224K)->90962K(98224K) NonClass: 79591K(83632K)->79591K(83632K) Class: 11370K(14592K)->11370K(14592K)
[2775.868s][info][gc             ] GC(1848) Pause Young (Allocation Failure) 602M->59M(1979M) 6.786ms
[2775.868s][info][gc,cpu         ] GC(1848) User=0.00s Sys=0.00s Real=0.01s
[2777.664s][info][gc,start       ] GC(1849) Pause Young (Allocation Failure)
[2777.674s][info][gc,heap        ] GC(1849) DefNew: 565558K->10875K(629120K)
[2777.674s][info][gc,heap        ] GC(1849) Tenured: 54397K->54610K(1398144K)
[2777.674s][info][gc,metaspace   ] GC(1849) Metaspace: 90962K(98224K)->90962K(98224K) NonClass: 79591K(83632K)->79591K(83632K) Class: 11370K(14592K)->11370K(14592K)
[2777.674s][info][gc             ] GC(1849) Pause Young (Allocation Failure) 605M->63M(1979M) 10.214ms
[2777.674s][info][gc,cpu         ] GC(1849) User=0.00s Sys=0.00s Real=0.01s
[2778.283s][info][gc,start       ] GC(1850) Pause Young (Allocation Failure)
[2778.292s][info][gc,heap        ] GC(1850) DefNew: 566907K->25748K(629120K)
[2778.292s][info][gc,heap        ] GC(1850) Tenured: 54610K->54796K(1398144K)
[2778.292s][info][gc,metaspace   ] GC(1850) Metaspace: 90962K(98224K)->90962K(98224K) NonClass: 79591K(83632K)->79591K(83632K) Class: 11370K(14592K)->11370K(14592K)
[2778.292s][info][gc             ] GC(1850) Pause Young (Allocation Failure) 606M->78M(1979M) 9.101ms
[2778.292s][info][gc,cpu         ] GC(1850) User=0.00s Sys=0.00s Real=0.01s
[2779.643s][info][gc,start       ] GC(1851) Pause Young (Allocation Failure)
[2779.651s][info][gc,heap        ] GC(1851) DefNew: 584980K->9368K(629120K)
[2779.651s][info][gc,heap        ] GC(1851) Tenured: 54796K->54945K(1398144K)
[2779.651s][info][gc,metaspace   ] GC(1851) Metaspace: 90962K(98224K)->90962K(98224K) NonClass: 79591K(83632K)->79591K(83632K) Class: 11370K(14592K)->11370K(14592K)
[2779.651s][info][gc             ] GC(1851) Pause Young (Allocation Failure) 624M->62M(1979M) 7.638ms
[2779.651s][info][gc,cpu         ] GC(1851) User=0.00s Sys=0.00s Real=0.01s
[2781.530s][info][gc,start       ] GC(1852) Pause Young (Allocation Failure)
[2781.538s][info][gc,heap        ] GC(1852) DefNew: 568064K->7794K(629120K)
[2781.538s][info][gc,heap        ] GC(1852) Tenured: 54945K->55012K(1398144K)
[2781.538s][info][gc,metaspace   ] GC(1852) Metaspace: 90962K(98224K)->90962K(98224K) NonClass: 79591K(83632K)->79591K(83632K) Class: 11370K(14592K)->11370K(14592K)
[2781.538s][info][gc             ] GC(1852) Pause Young (Allocation Failure) 608M->61M(1979M) 8.904ms
[2781.538s][info][gc,cpu         ] GC(1852) User=0.00s Sys=0.00s Real=0.01s
[2782.050s][info][gc,start       ] GC(1853) Pause Young (Allocation Failure)
[2782.058s][info][gc,heap        ] GC(1853) DefNew: 564798K->17682K(629120K)
[2782.058s][info][gc,heap        ] GC(1853) Tenured: 55012K->55195K(1398144K)
[2782.058s][info][gc,metaspace   ] GC(1853) Metaspace: 90962K(98224K)->90962K(98224K) NonClass: 79591K(83632K)->79591K(83632K) Class: 11370K(14592K)->11370K(14592K)
[2782.058s][info][gc             ] GC(1853) Pause Young (Allocation Failure) 605M->71M(1979M) 8.071ms
[2782.058s][info][gc,cpu         ] GC(1853) User=0.00s Sys=0.00s Real=0.01s
[2783.595s][info][gc,start       ] GC(1854) Pause Young (Allocation Failure)
[2783.601s][info][gc,heap        ] GC(1854) DefNew: 572999K->5685K(629120K)
[2783.601s][info][gc,heap        ] GC(1854) Tenured: 55195K->55334K(1398144K)
[2783.601s][info][gc,metaspace   ] GC(1854) Metaspace: 90962K(98224K)->90962K(98224K) NonClass: 79591K(83632K)->79591K(83632K) Class: 11370K(14592K)->11370K(14592K)
[2783.601s][info][gc             ] GC(1854) Pause Young (Allocation Failure) 613M->59M(1979M) 6.554ms
[2783.601s][info][gc,cpu         ] GC(1854) User=0.00s Sys=0.00s Real=0.01s
[2785.467s][info][gc,start       ] GC(1855) Pause Young (Allocation Failure)
[2785.476s][info][gc,heap        ] GC(1855) DefNew: 564917K->8020K(629120K)
[2785.476s][info][gc,heap        ] GC(1855) Tenured: 55334K->55501K(1398144K)
[2785.476s][info][gc,metaspace   ] GC(1855) Metaspace: 90962K(98224K)->90962K(98224K) NonClass: 79591K(83632K)->79591K(83632K) Class: 11370K(14592K)->11370K(14592K)
[2785.476s][info][gc             ] GC(1855) Pause Young (Allocation Failure) 605M->62M(1979M) 8.578ms
[2785.476s][info][gc,cpu         ] GC(1855) User=0.00s Sys=0.00s Real=0.01s
[2785.914s][info][gc,start       ] GC(1856) Pause Young (Allocation Failure)
[2785.921s][info][gc,heap        ] GC(1856) DefNew: 565491K->9358K(629120K)
[2785.921s][info][gc,heap        ] GC(1856) Tenured: 55501K->55682K(1398144K)
[2785.921s][info][gc,metaspace   ] GC(1856) Metaspace: 90962K(98224K)->90962K(98224K) NonClass: 79591K(83632K)->79591K(83632K) Class: 11370K(14592K)->11370K(14592K)
[2785.922s][info][gc             ] GC(1856) Pause Young (Allocation Failure) 606M->63M(1979M) 7.807ms
[2785.922s][info][gc,cpu         ] GC(1856) User=0.00s Sys=0.00s Real=0.01s
[2787.378s][info][gc,start       ] GC(1857) Pause Young (Allocation Failure)
[2787.386s][info][gc,heap        ] GC(1857) DefNew: 568590K->7868K(629120K)
[2787.386s][info][gc,heap        ] GC(1857) Tenured: 55682K->55831K(1398144K)
[2787.386s][info][gc,metaspace   ] GC(1857) Metaspace: 90962K(98224K)->90962K(98224K) NonClass: 79591K(83632K)->79591K(83632K) Class: 11370K(14592K)->11370K(14592K)
[2787.386s][info][gc             ] GC(1857) Pause Young (Allocation Failure) 609M->62M(1979M) 7.970ms
[2787.386s][info][gc,cpu         ] GC(1857) User=0.00s Sys=0.00s Real=0.01s
[2789.113s][info][gc,start       ] GC(1858) Pause Young (Allocation Failure)
[2789.122s][info][gc,heap        ] GC(1858) DefNew: 567101K->8593K(629120K)
[2789.122s][info][gc,heap        ] GC(1858) Tenured: 55831K->55959K(1398144K)
[2789.123s][info][gc,metaspace   ] GC(1858) Metaspace: 90962K(98224K)->90962K(98224K) NonClass: 79591K(83632K)->79591K(83632K) Class: 11370K(14592K)->11370K(14592K)
[2789.123s][info][gc             ] GC(1858) Pause Young (Allocation Failure) 608M->63M(1979M) 9.554ms
[2789.123s][info][gc,cpu         ] GC(1858) User=0.00s Sys=0.00s Real=0.01s
[2789.617s][info][gc,start       ] GC(1859) Pause Young (Allocation Failure)
[2789.625s][info][gc,heap        ] GC(1859) DefNew: 564327K->8417K(629120K)
[2789.625s][info][gc,heap        ] GC(1859) Tenured: 55959K->56147K(1398144K)
[2789.625s][info][gc,metaspace   ] GC(1859) Metaspace: 90962K(98224K)->90962K(98224K) NonClass: 79591K(83632K)->79591K(83632K) Class: 11370K(14592K)->11370K(14592K)
[2789.625s][info][gc             ] GC(1859) Pause Young (Allocation Failure) 605M->63M(1979M) 7.567ms
[2789.625s][info][gc,cpu         ] GC(1859) User=0.00s Sys=0.00s Real=0.01s
[2791.148s][info][gc,start       ] GC(1860) Pause Young (Allocation Failure)
[2791.155s][info][gc,heap        ] GC(1860) DefNew: 567122K->5789K(629120K)
[2791.155s][info][gc,heap        ] GC(1860) Tenured: 56147K->56267K(1398144K)
[2791.155s][info][gc,metaspace   ] GC(1860) Metaspace: 90962K(98224K)->90962K(98224K) NonClass: 79591K(83632K)->79591K(83632K) Class: 11370K(14592K)->11370K(14592K)
[2791.155s][info][gc             ] GC(1860) Pause Young (Allocation Failure) 608M->60M(1979M) 6.748ms
[2791.155s][info][gc,cpu         ] GC(1860) User=0.00s Sys=0.00s Real=0.01s
[2793.007s][info][gc,start       ] GC(1861) Pause Young (Allocation Failure)
[2793.018s][info][gc,heap        ] GC(1861) DefNew: 565021K->8329K(629120K)
[2793.018s][info][gc,heap        ] GC(1861) Tenured: 56267K->56350K(1398144K)
[2793.018s][info][gc,metaspace   ] GC(1861) Metaspace: 90962K(98224K)->90962K(98224K) NonClass: 79591K(83632K)->79591K(83632K) Class: 11370K(14592K)->11370K(14592K)
[2793.018s][info][gc             ] GC(1861) Pause Young (Allocation Failure) 606M->63M(1979M) 10.159ms
[2793.018s][info][gc,cpu         ] GC(1861) User=0.00s Sys=0.00s Real=0.01s
[2793.747s][info][gc,start       ] GC(1862) Pause Young (Allocation Failure)
[2793.756s][info][gc,heap        ] GC(1862) DefNew: 567561K->7578K(629120K)
[2793.756s][info][gc,heap        ] GC(1862) Tenured: 56350K->56542K(1398144K)
[2793.756s][info][gc,metaspace   ] GC(1862) Metaspace: 90962K(98224K)->90962K(98224K) NonClass: 79591K(83632K)->79591K(83632K) Class: 11370K(14592K)->11370K(14592K)
[2793.756s][info][gc             ] GC(1862) Pause Young (Allocation Failure) 609M->62M(1979M) 8.452ms
[2793.756s][info][gc,cpu         ] GC(1862) User=0.00s Sys=0.00s Real=0.01s
[2793.777s][info][gc,start       ] GC(1863) Pause Full (System.gc())
[2793.781s][info][gc,phases,start] GC(1863) Phase 1: Mark live objects
[2793.832s][info][gc,phases      ] GC(1863) Phase 1: Mark live objects 50.179ms
[2793.832s][info][gc,phases,start] GC(1863) Phase 2: Compute new object addresses
[2793.844s][info][gc,phases      ] GC(1863) Phase 2: Compute new object addresses 12.695ms
[2793.844s][info][gc,phases,start] GC(1863) Phase 3: Adjust pointers
[2793.875s][info][gc,phases      ] GC(1863) Phase 3: Adjust pointers 30.231ms
[2793.875s][info][gc,phases,start] GC(1863) Phase 4: Move objects
[2793.875s][info][gc,phases      ] GC(1863) Phase 4: Move objects 0.587ms
[2793.876s][info][gc,heap        ] GC(1863) DefNew: 32160K->0K(629120K)
[2793.876s][info][gc,heap        ] GC(1863) Tenured: 56542K->58844K(1398144K)
[2793.876s][info][gc,metaspace   ] GC(1863) Metaspace: 90962K(98224K)->90962K(98224K) NonClass: 79591K(83632K)->79591K(83632K) Class: 11370K(14592K)->11370K(14592K)
[2793.876s][info][gc             ] GC(1863) Pause Full (System.gc()) 86M->57M(1979M) 98.648ms
[2793.876s][info][gc,cpu         ] GC(1863) User=0.08s Sys=0.00s Real=0.10s
[2794.360s][info][gc,start       ] GC(1864) Pause Young (Allocation Failure)
[2794.363s][info][gc,heap        ] GC(1864) DefNew: 557474K->3057K(629120K)
[2794.363s][info][gc,heap        ] GC(1864) Tenured: 58844K->58844K(1398144K)
[2794.363s][info][gc,metaspace   ] GC(1864) Metaspace: 90962K(98224K)->90962K(98224K) NonClass: 79591K(83632K)->79591K(83632K) Class: 11370K(14592K)->11370K(14592K)
[2794.363s][info][gc             ] GC(1864) Pause Young (Allocation Failure) 601M->60M(1979M) 3.769ms
[2794.363s][info][gc,cpu         ] GC(1864) User=0.00s Sys=0.00s Real=0.00s
[2796.363s][info][gc,start       ] GC(1865) Pause Young (Allocation Failure)
[2796.367s][info][gc,heap        ] GC(1865) DefNew: 561418K->4371K(629120K)
[2796.367s][info][gc,heap        ] GC(1865) Tenured: 58844K->58844K(1398144K)
[2796.367s][info][gc,metaspace   ] GC(1865) Metaspace: 90962K(98224K)->90962K(98224K) NonClass: 79591K(83632K)->79591K(83632K) Class: 11370K(14592K)->11370K(14592K)
[2796.367s][info][gc             ] GC(1865) Pause Young (Allocation Failure) 605M->61M(1979M) 4.523ms
[2796.367s][info][gc,cpu         ] GC(1865) User=0.00s Sys=0.00s Real=0.00s
[2798.344s][info][gc,start       ] GC(1866) Pause Young (Allocation Failure)
[2798.349s][info][gc,heap        ] GC(1866) DefNew: 562789K->4869K(629120K)
[2798.349s][info][gc,heap        ] GC(1866) Tenured: 58844K->58844K(1398144K)
[2798.349s][info][gc,metaspace   ] GC(1866) Metaspace: 90962K(98224K)->90962K(98224K) NonClass: 79591K(83632K)->79591K(83632K) Class: 11370K(14592K)->11370K(14592K)
[2798.350s][info][gc             ] GC(1866) Pause Young (Allocation Failure) 607M->62M(1979M) 5.318ms
[2798.350s][info][gc,cpu         ] GC(1866) User=0.00s Sys=0.00s Real=0.01s
[2800.079s][info][gc,start       ] GC(1867) Pause Young (Allocation Failure)
[2800.088s][info][gc,heap        ] GC(1867) DefNew: 564101K->7340K(629120K)
[2800.088s][info][gc,heap        ] GC(1867) Tenured: 58844K->58844K(1398144K)
[2800.088s][info][gc,metaspace   ] GC(1867) Metaspace: 90962K(98224K)->90962K(98224K) NonClass: 79591K(83632K)->79591K(83632K) Class: 11370K(14592K)->11370K(14592K)
[2800.088s][info][gc             ] GC(1867) Pause Young (Allocation Failure) 608M->64M(1979M) 9.394ms
[2800.088s][info][gc,cpu         ] GC(1867) User=0.00s Sys=0.00s Real=0.01s
[2800.569s][info][gc,start       ] GC(1868) Pause Young (Allocation Failure)
[2800.576s][info][gc,heap        ] GC(1868) DefNew: 563750K->16663K(629120K)
[2800.576s][info][gc,heap        ] GC(1868) Tenured: 58844K->58844K(1398144K)
[2800.576s][info][gc,metaspace   ] GC(1868) Metaspace: 90962K(98224K)->90962K(98224K) NonClass: 79591K(83632K)->79591K(83632K) Class: 11370K(14592K)->11370K(14592K)
[2800.576s][info][gc             ] GC(1868) Pause Young (Allocation Failure) 608M->73M(1979M) 7.106ms
[2800.576s][info][gc,cpu         ] GC(1868) User=0.00s Sys=0.00s Real=0.01s
[2802.046s][info][gc,start       ] GC(1869) Pause Young (Allocation Failure)
[2802.053s][info][gc,heap        ] GC(1869) DefNew: 575951K->6814K(629120K)
[2802.053s][info][gc,heap        ] GC(1869) Tenured: 58844K->58844K(1398144K)
[2802.053s][info][gc,metaspace   ] GC(1869) Metaspace: 90962K(98224K)->90962K(98224K) NonClass: 79591K(83632K)->79591K(83632K) Class: 11370K(14592K)->11370K(14592K)
[2802.053s][info][gc             ] GC(1869) Pause Young (Allocation Failure) 619M->64M(1979M) 6.736ms
[2802.053s][info][gc,cpu         ] GC(1869) User=0.00s Sys=0.00s Real=0.01s
[2804.136s][info][gc,start       ] GC(1870) Pause Young (Allocation Failure)
[2804.141s][info][gc,heap        ] GC(1870) DefNew: 566046K->5332K(629120K)
[2804.141s][info][gc,heap        ] GC(1870) Tenured: 58844K->58844K(1398144K)
[2804.141s][info][gc,metaspace   ] GC(1870) Metaspace: 90962K(98224K)->90962K(98224K) NonClass: 79591K(83632K)->79591K(83632K) Class: 11370K(14592K)->11370K(14592K)
[2804.141s][info][gc             ] GC(1870) Pause Young (Allocation Failure) 610M->62M(1979M) 5.206ms
[2804.141s][info][gc,cpu         ] GC(1870) User=0.00s Sys=0.00s Real=0.00s
[2806.655s][info][gc,start       ] GC(1871) Pause Young (Allocation Failure)
[2806.661s][info][gc,heap        ] GC(1871) DefNew: 564564K->5920K(629120K)
[2806.661s][info][gc,heap        ] GC(1871) Tenured: 58844K->58844K(1398144K)
[2806.661s][info][gc,metaspace   ] GC(1871) Metaspace: 90962K(98224K)->90962K(98224K) NonClass: 79591K(83632K)->79591K(83632K) Class: 11370K(14592K)->11370K(14592K)
[2806.661s][info][gc             ] GC(1871) Pause Young (Allocation Failure) 608M->63M(1979M) 5.559ms
[2806.661s][info][gc,cpu         ] GC(1871) User=0.02s Sys=0.00s Real=0.01s
[2807.275s][info][gc,start       ] GC(1872) Pause Young (Allocation Failure)
[2807.283s][info][gc,heap        ] GC(1872) DefNew: 562863K->16347K(629120K)
[2807.283s][info][gc,heap        ] GC(1872) Tenured: 58844K->58844K(1398144K)
[2807.283s][info][gc,metaspace   ] GC(1872) Metaspace: 90962K(98224K)->90962K(98224K) NonClass: 79591K(83632K)->79591K(83632K) Class: 11370K(14592K)->11370K(14592K)
[2807.283s][info][gc             ] GC(1872) Pause Young (Allocation Failure) 607M->73M(1979M) 8.180ms
[2807.283s][info][gc,cpu         ] GC(1872) User=0.00s Sys=0.00s Real=0.01s
[2808.014s][info][gc,start       ] GC(1873) Pause Young (Allocation Failure)
[2808.020s][info][gc,heap        ] GC(1873) DefNew: 575007K->5267K(629120K)
[2808.020s][info][gc,heap        ] GC(1873) Tenured: 58844K->58844K(1398144K)
[2808.020s][info][gc,metaspace   ] GC(1873) Metaspace: 90962K(98224K)->90962K(98224K) NonClass: 79591K(83632K)->79591K(83632K) Class: 11370K(14592K)->11370K(14592K)
[2808.020s][info][gc             ] GC(1873) Pause Young (Allocation Failure) 618M->62M(1979M) 5.867ms
[2808.020s][info][gc,cpu         ] GC(1873) User=0.00s Sys=0.00s Real=0.01s
[2810.529s][info][gc,start       ] GC(1874) Pause Young (Allocation Failure)
[2810.536s][info][gc,heap        ] GC(1874) DefNew: 564499K->6786K(629120K)
[2810.536s][info][gc,heap        ] GC(1874) Tenured: 58844K->58844K(1398144K)
[2810.536s][info][gc,metaspace   ] GC(1874) Metaspace: 90962K(98224K)->90962K(98224K) NonClass: 79591K(83632K)->79591K(83632K) Class: 11370K(14592K)->11370K(14592K)
[2810.536s][info][gc             ] GC(1874) Pause Young (Allocation Failure) 608M->64M(1979M) 7.412ms
[2810.536s][info][gc,cpu         ] GC(1874) User=0.00s Sys=0.00s Real=0.01s
[2812.555s][info][gc,start       ] GC(1875) Pause Young (Allocation Failure)
[2812.561s][info][gc,heap        ] GC(1875) DefNew: 564498K->6226K(629120K)
[2812.561s][info][gc,heap        ] GC(1875) Tenured: 58844K->58844K(1398144K)
[2812.561s][info][gc,metaspace   ] GC(1875) Metaspace: 90962K(98224K)->90962K(98224K) NonClass: 79591K(83632K)->79591K(83632K) Class: 11370K(14592K)->11370K(14592K)
[2812.561s][info][gc             ] GC(1875) Pause Young (Allocation Failure) 608M->63M(1979M) 6.357ms
[2812.561s][info][gc,cpu         ] GC(1875) User=0.00s Sys=0.00s Real=0.01s
[2813.868s][info][gc,start       ] GC(1876) Pause Young (Allocation Failure)
[2813.886s][info][gc,heap        ] GC(1876) DefNew: 565458K->11656K(629120K)
[2813.887s][info][gc,heap        ] GC(1876) Tenured: 58844K->58844K(1398144K)
[2813.887s][info][gc,metaspace   ] GC(1876) Metaspace: 90962K(98224K)->90962K(98224K) NonClass: 79591K(83632K)->79591K(83632K) Class: 11370K(14592K)->11370K(14592K)
[2813.887s][info][gc             ] GC(1876) Pause Young (Allocation Failure) 609M->68M(1979M) 18.333ms
[2813.887s][info][gc,cpu         ] GC(1876) User=0.00s Sys=0.00s Real=0.02s
[2814.406s][info][gc,start       ] GC(1877) Pause Young (Allocation Failure)
[2814.412s][info][gc,heap        ] GC(1877) DefNew: 569361K->8455K(629120K)
[2814.412s][info][gc,heap        ] GC(1877) Tenured: 58844K->58844K(1398144K)
[2814.412s][info][gc,metaspace   ] GC(1877) Metaspace: 90962K(98224K)->90962K(98224K) NonClass: 79591K(83632K)->79591K(83632K) Class: 11370K(14592K)->11370K(14592K)
[2814.412s][info][gc             ] GC(1877) Pause Young (Allocation Failure) 613M->65M(1979M) 6.226ms
[2814.413s][info][gc,cpu         ] GC(1877) User=0.00s Sys=0.00s Real=0.01s
[2816.369s][info][gc,start       ] GC(1878) Pause Young (Allocation Failure)
[2816.377s][info][gc,heap        ] GC(1878) DefNew: 567687K->7925K(629120K)
[2816.377s][info][gc,heap        ] GC(1878) Tenured: 58844K->58844K(1398144K)
[2816.377s][info][gc,metaspace   ] GC(1878) Metaspace: 90962K(98224K)->90962K(98224K) NonClass: 79591K(83632K)->79591K(83632K) Class: 11370K(14592K)->11370K(14592K)
[2816.377s][info][gc             ] GC(1878) Pause Young (Allocation Failure) 611M->65M(1979M) 8.730ms
[2816.378s][info][gc,cpu         ] GC(1878) User=0.00s Sys=0.00s Real=0.01s
[2818.411s][info][gc,start       ] GC(1879) Pause Young (Allocation Failure)
[2818.418s][info][gc,heap        ] GC(1879) DefNew: 564775K->6237K(629120K)
[2818.418s][info][gc,heap        ] GC(1879) Tenured: 58844K->59306K(1398144K)
[2818.418s][info][gc,metaspace   ] GC(1879) Metaspace: 90962K(98224K)->90962K(98224K) NonClass: 79591K(83632K)->79591K(83632K) Class: 11370K(14592K)->11370K(14592K)
[2818.418s][info][gc             ] GC(1879) Pause Young (Allocation Failure) 609M->64M(1979M) 6.813ms
[2818.418s][info][gc,cpu         ] GC(1879) User=0.00s Sys=0.00s Real=0.01s
[2820.259s][info][gc,start       ] GC(1880) Pause Young (Allocation Failure)
[2820.269s][info][gc,heap        ] GC(1880) DefNew: 565469K->10439K(629120K)
[2820.269s][info][gc,heap        ] GC(1880) Tenured: 59306K->59496K(1398144K)
[2820.269s][info][gc,metaspace   ] GC(1880) Metaspace: 90962K(98224K)->90962K(98224K) NonClass: 79591K(83632K)->79591K(83632K) Class: 11370K(14592K)->11370K(14592K)
[2820.269s][info][gc             ] GC(1880) Pause Young (Allocation Failure) 610M->68M(1979M) 9.837ms
[2820.269s][info][gc,cpu         ] GC(1880) User=0.00s Sys=0.00s Real=0.01s
[2820.909s][info][gc,start       ] GC(1881) Pause Young (Allocation Failure)
[2820.917s][info][gc,heap        ] GC(1881) DefNew: 569637K->9437K(629120K)
[2820.917s][info][gc,heap        ] GC(1881) Tenured: 59496K->59684K(1398144K)
[2820.917s][info][gc,metaspace   ] GC(1881) Metaspace: 90962K(98224K)->90962K(98224K) NonClass: 79591K(83632K)->79591K(83632K) Class: 11370K(14592K)->11370K(14592K)
[2820.917s][info][gc             ] GC(1881) Pause Young (Allocation Failure) 614M->67M(1979M) 7.720ms
[2820.917s][info][gc,cpu         ] GC(1881) User=0.00s Sys=0.00s Real=0.01s
[2822.295s][info][gc,start       ] GC(1882) Pause Young (Allocation Failure)
[2822.302s][info][gc,heap        ] GC(1882) DefNew: 568365K->6130K(629120K)
[2822.302s][info][gc,heap        ] GC(1882) Tenured: 59684K->59835K(1398144K)
[2822.302s][info][gc,metaspace   ] GC(1882) Metaspace: 90962K(98224K)->90962K(98224K) NonClass: 79591K(83632K)->79591K(83632K) Class: 11370K(14592K)->11370K(14592K)
[2822.302s][info][gc             ] GC(1882) Pause Young (Allocation Failure) 613M->64M(1979M) 6.805ms
[2822.302s][info][gc,cpu         ] GC(1882) User=0.00s Sys=0.00s Real=0.01s
[2824.157s][info][gc,start       ] GC(1883) Pause Young (Allocation Failure)
[2824.166s][info][gc,heap        ] GC(1883) DefNew: 564921K->7731K(629120K)
[2824.166s][info][gc,heap        ] GC(1883) Tenured: 59835K->59900K(1398144K)
[2824.166s][info][gc,metaspace   ] GC(1883) Metaspace: 90962K(98224K)->90962K(98224K) NonClass: 79591K(83632K)->79591K(83632K) Class: 11370K(14592K)->11370K(14592K)
[2824.166s][info][gc             ] GC(1883) Pause Young (Allocation Failure) 610M->66M(1979M) 8.357ms
[2824.166s][info][gc,cpu         ] GC(1883) User=0.00s Sys=0.00s Real=0.01s
[2824.687s][info][gc,start       ] GC(1884) Pause Young (Allocation Failure)
[2824.695s][info][gc,heap        ] GC(1884) DefNew: 564396K->17750K(629120K)
[2824.695s][info][gc,heap        ] GC(1884) Tenured: 59900K->60080K(1398144K)
[2824.695s][info][gc,metaspace   ] GC(1884) Metaspace: 90962K(98224K)->90962K(98224K) NonClass: 79591K(83632K)->79591K(83632K) Class: 11370K(14592K)->11370K(14592K)
[2824.695s][info][gc             ] GC(1884) Pause Young (Allocation Failure) 609M->76M(1979M) 8.274ms
[2824.695s][info][gc,cpu         ] GC(1884) User=0.00s Sys=0.00s Real=0.01s
[2826.202s][info][gc,start       ] GC(1885) Pause Young (Allocation Failure)
[2826.208s][info][gc,heap        ] GC(1885) DefNew: 576982K->5743K(629120K)
[2826.208s][info][gc,heap        ] GC(1885) Tenured: 60080K->60224K(1398144K)
[2826.208s][info][gc,metaspace   ] GC(1885) Metaspace: 90962K(98224K)->90962K(98224K) NonClass: 79591K(83632K)->79591K(83632K) Class: 11370K(14592K)->11370K(14592K)
[2826.208s][info][gc             ] GC(1885) Pause Young (Allocation Failure) 622M->64M(1979M) 6.348ms
[2826.208s][info][gc,cpu         ] GC(1885) User=0.00s Sys=0.00s Real=0.01s
[2828.089s][info][gc,start       ] GC(1886) Pause Young (Allocation Failure)
[2828.097s][info][gc,heap        ] GC(1886) DefNew: 564975K->8220K(629120K)
[2828.097s][info][gc,heap        ] GC(1886) Tenured: 60224K->60390K(1398144K)
[2828.097s][info][gc,metaspace   ] GC(1886) Metaspace: 90962K(98224K)->90962K(98224K) NonClass: 79591K(83632K)->79591K(83632K) Class: 11370K(14592K)->11370K(14592K)
[2828.098s][info][gc             ] GC(1886) Pause Young (Allocation Failure) 610M->67M(1979M) 9.019ms
[2828.098s][info][gc,cpu         ] GC(1886) User=0.00s Sys=0.00s Real=0.01s
[2828.556s][info][gc,start       ] GC(1887) Pause Young (Allocation Failure)
[2828.564s][info][gc,heap        ] GC(1887) DefNew: 564466K->13468K(629120K)
[2828.564s][info][gc,heap        ] GC(1887) Tenured: 60390K->60506K(1398144K)
[2828.564s][info][gc,metaspace   ] GC(1887) Metaspace: 90962K(98224K)->90962K(98224K) NonClass: 79591K(83632K)->79591K(83632K) Class: 11370K(14592K)->11370K(14592K)
[2828.564s][info][gc             ] GC(1887) Pause Young (Allocation Failure) 610M->72M(1979M) 8.022ms
[2828.564s][info][gc,cpu         ] GC(1887) User=0.00s Sys=0.00s Real=0.01s
[2830.086s][info][gc,start       ] GC(1888) Pause Young (GCLocker Initiated GC)
[2830.093s][info][gc,heap        ] GC(1888) DefNew: 572728K->7677K(629120K)
[2830.094s][info][gc,heap        ] GC(1888) Tenured: 60506K->60666K(1398144K)
[2830.094s][info][gc,metaspace   ] GC(1888) Metaspace: 90962K(98224K)->90962K(98224K) NonClass: 79591K(83632K)->79591K(83632K) Class: 11370K(14592K)->11370K(14592K)
[2830.094s][info][gc             ] GC(1888) Pause Young (GCLocker Initiated GC) 618M->66M(1979M) 8.003ms
[2830.094s][info][gc,cpu         ] GC(1888) User=0.00s Sys=0.00s Real=0.01s
[2831.847s][info][gc,start       ] GC(1889) Pause Young (Allocation Failure)
[2831.855s][info][gc,heap        ] GC(1889) DefNew: 566909K->8397K(629120K)
[2831.855s][info][gc,heap        ] GC(1889) Tenured: 60666K->60781K(1398144K)
[2831.855s][info][gc,metaspace   ] GC(1889) Metaspace: 90962K(98224K)->90962K(98224K) NonClass: 79591K(83632K)->79591K(83632K) Class: 11370K(14592K)->11370K(14592K)
[2831.855s][info][gc             ] GC(1889) Pause Young (Allocation Failure) 612M->67M(1979M) 8.694ms
[2831.855s][info][gc,cpu         ] GC(1889) User=0.00s Sys=0.00s Real=0.01s
[2832.337s][info][gc,start       ] GC(1890) Pause Young (Allocation Failure)
[2832.345s][info][gc,heap        ] GC(1890) DefNew: 567629K->8716K(629120K)
[2832.345s][info][gc,heap        ] GC(1890) Tenured: 60781K->60967K(1398144K)
[2832.345s][info][gc,metaspace   ] GC(1890) Metaspace: 90962K(98224K)->90962K(98224K) NonClass: 79591K(83632K)->79591K(83632K) Class: 11370K(14592K)->11370K(14592K)
[2832.345s][info][gc             ] GC(1890) Pause Young (Allocation Failure) 613M->68M(1979M) 7.512ms
[2832.345s][info][gc,cpu         ] GC(1890) User=0.00s Sys=0.00s Real=0.01s
[2833.892s][info][gc,start       ] GC(1891) Pause Young (Allocation Failure)
[2833.900s][info][gc,heap        ] GC(1891) DefNew: 567048K->5957K(629120K)
[2833.900s][info][gc,heap        ] GC(1891) Tenured: 60967K->61087K(1398144K)
[2833.900s][info][gc,metaspace   ] GC(1891) Metaspace: 90962K(98224K)->90962K(98224K) NonClass: 79591K(83632K)->79591K(83632K) Class: 11370K(14592K)->11370K(14592K)
[2833.900s][info][gc             ] GC(1891) Pause Young (Allocation Failure) 613M->65M(1979M) 7.779ms
[2833.900s][info][gc,cpu         ] GC(1891) User=0.00s Sys=0.00s Real=0.01s
[2835.855s][info][gc,start       ] GC(1892) Pause Young (Allocation Failure)
[2835.865s][info][gc,heap        ] GC(1892) DefNew: 565189K->8206K(629120K)
[2835.865s][info][gc,heap        ] GC(1892) Tenured: 61087K->61247K(1398144K)
[2835.865s][info][gc,metaspace   ] GC(1892) Metaspace: 90962K(98224K)->90962K(98224K) NonClass: 79591K(83632K)->79591K(83632K) Class: 11370K(14592K)->11370K(14592K)
[2835.865s][info][gc             ] GC(1892) Pause Young (Allocation Failure) 611M->67M(1979M) 10.495ms
[2835.865s][info][gc,cpu         ] GC(1892) User=0.00s Sys=0.00s Real=0.01s
[2836.577s][info][gc,start       ] GC(1893) Pause Young (Allocation Failure)
[2836.585s][info][gc,heap        ] GC(1893) DefNew: 567438K->7247K(629120K)
[2836.585s][info][gc,heap        ] GC(1893) Tenured: 61247K->61439K(1398144K)
[2836.585s][info][gc,metaspace   ] GC(1893) Metaspace: 90962K(98224K)->90962K(98224K) NonClass: 79591K(83632K)->79591K(83632K) Class: 11370K(14592K)->11370K(14592K)
[2836.585s][info][gc             ] GC(1893) Pause Young (Allocation Failure) 613M->67M(1979M) 8.179ms
[2836.585s][info][gc,cpu         ] GC(1893) User=0.00s Sys=0.00s Real=0.01s
[2836.594s][info][gc,start       ] GC(1894) Pause Full (System.gc())
[2836.597s][info][gc,phases,start] GC(1894) Phase 1: Mark live objects
[2836.649s][info][gc,phases      ] GC(1894) Phase 1: Mark live objects 51.562ms
[2836.649s][info][gc,phases,start] GC(1894) Phase 2: Compute new object addresses
[2836.661s][info][gc,phases      ] GC(1894) Phase 2: Compute new object addresses 12.636ms
[2836.661s][info][gc,phases,start] GC(1894) Phase 3: Adjust pointers
[2836.692s][info][gc,phases      ] GC(1894) Phase 3: Adjust pointers 30.990ms
[2836.692s][info][gc,phases,start] GC(1894) Phase 4: Move objects
[2836.694s][info][gc,phases      ] GC(1894) Phase 4: Move objects 1.099ms
[2836.694s][info][gc,heap        ] GC(1894) DefNew: 34044K->0K(629120K)
[2836.694s][info][gc,heap        ] GC(1894) Tenured: 61439K->66552K(1398144K)
[2836.694s][info][gc,metaspace   ] GC(1894) Metaspace: 90962K(98224K)->90962K(98224K) NonClass: 79591K(83632K)->79591K(83632K) Class: 11370K(14592K)->11370K(14592K)
[2836.695s][info][gc             ] GC(1894) Pause Full (System.gc()) 93M->64M(1979M) 100.191ms
[2836.695s][info][gc,cpu         ] GC(1894) User=0.09s Sys=0.00s Real=0.10s
[2837.188s][info][gc,start       ] GC(1895) Pause Young (Allocation Failure)
[2837.192s][info][gc,heap        ] GC(1895) DefNew: 559044K->5303K(629120K)
[2837.192s][info][gc,heap        ] GC(1895) Tenured: 66552K->66552K(1398144K)
[2837.192s][info][gc,metaspace   ] GC(1895) Metaspace: 90962K(98224K)->90962K(98224K) NonClass: 79591K(83632K)->79591K(83632K) Class: 11370K(14592K)->11370K(14592K)
[2837.192s][info][gc             ] GC(1895) Pause Young (Allocation Failure) 610M->70M(1979M) 3.938ms
[2837.192s][info][gc,cpu         ] GC(1895) User=0.00s Sys=0.00s Real=0.00s
[2839.208s][info][gc,start       ] GC(1896) Pause Young (Allocation Failure)
[2839.212s][info][gc,heap        ] GC(1896) DefNew: 564535K->4493K(629120K)
[2839.213s][info][gc,heap        ] GC(1896) Tenured: 66552K->66552K(1398144K)
[2839.213s][info][gc,metaspace   ] GC(1896) Metaspace: 90962K(98224K)->90962K(98224K) NonClass: 79591K(83632K)->79591K(83632K) Class: 11370K(14592K)->11370K(14592K)
[2839.213s][info][gc             ] GC(1896) Pause Young (Allocation Failure) 616M->69M(1979M) 4.513ms
[2839.213s][info][gc,cpu         ] GC(1896) User=0.00s Sys=0.00s Real=0.00s
[2841.155s][info][gc,start       ] GC(1897) Pause Young (Allocation Failure)
[2841.160s][info][gc,heap        ] GC(1897) DefNew: 563154K->5177K(629120K)
[2841.161s][info][gc,heap        ] GC(1897) Tenured: 66552K->66552K(1398144K)
[2841.161s][info][gc,metaspace   ] GC(1897) Metaspace: 90962K(98224K)->90962K(98224K) NonClass: 79591K(83632K)->79591K(83632K) Class: 11370K(14592K)->11370K(14592K)
[2841.161s][info][gc             ] GC(1897) Pause Young (Allocation Failure) 614M->70M(1979M) 5.718ms
[2841.161s][info][gc,cpu         ] GC(1897) User=0.00s Sys=0.00s Real=0.00s
[2842.888s][info][gc,start       ] GC(1898) Pause Young (Allocation Failure)
[2842.895s][info][gc,heap        ] GC(1898) DefNew: 560414K->6438K(629120K)
[2842.895s][info][gc,heap        ] GC(1898) Tenured: 66552K->66552K(1398144K)
[2842.895s][info][gc,metaspace   ] GC(1898) Metaspace: 90962K(98224K)->90962K(98224K) NonClass: 79591K(83632K)->79591K(83632K) Class: 11370K(14592K)->11370K(14592K)
[2842.895s][info][gc             ] GC(1898) Pause Young (Allocation Failure) 612M->71M(1979M) 7.315ms
[2842.895s][info][gc,cpu         ] GC(1898) User=0.00s Sys=0.00s Real=0.01s
[2843.367s][info][gc,start       ] GC(1899) Pause Young (Allocation Failure)
[2843.374s][info][gc,heap        ] GC(1899) DefNew: 563926K->12246K(629120K)
[2843.374s][info][gc,heap        ] GC(1899) Tenured: 66552K->66552K(1398144K)
[2843.374s][info][gc,metaspace   ] GC(1899) Metaspace: 90962K(98224K)->90962K(98224K) NonClass: 79591K(83632K)->79591K(83632K) Class: 11370K(14592K)->11370K(14592K)
[2843.374s][info][gc             ] GC(1899) Pause Young (Allocation Failure) 615M->76M(1979M) 6.990ms
[2843.374s][info][gc,cpu         ] GC(1899) User=0.00s Sys=0.00s Real=0.01s
[2844.804s][info][gc,start       ] GC(1900) Pause Young (Allocation Failure)
[2844.809s][info][gc,heap        ] GC(1900) DefNew: 570424K->4801K(629120K)
[2844.809s][info][gc,heap        ] GC(1900) Tenured: 66552K->66552K(1398144K)
[2844.809s][info][gc,metaspace   ] GC(1900) Metaspace: 90962K(98224K)->90962K(98224K) NonClass: 79591K(83632K)->79591K(83632K) Class: 11370K(14592K)->11370K(14592K)
[2844.809s][info][gc             ] GC(1900) Pause Young (Allocation Failure) 622M->69M(1979M) 5.297ms
[2844.809s][info][gc,cpu         ] GC(1900) User=0.00s Sys=0.00s Real=0.01s
[2846.838s][info][gc,start       ] GC(1901) Pause Young (Allocation Failure)
[2846.844s][info][gc,heap        ] GC(1901) DefNew: 564033K->5289K(629120K)
[2846.844s][info][gc,heap        ] GC(1901) Tenured: 66552K->66552K(1398144K)
[2846.844s][info][gc,metaspace   ] GC(1901) Metaspace: 90962K(98224K)->90962K(98224K) NonClass: 79591K(83632K)->79591K(83632K) Class: 11370K(14592K)->11370K(14592K)
[2846.844s][info][gc             ] GC(1901) Pause Young (Allocation Failure) 615M->70M(1979M) 5.697ms
[2846.844s][info][gc,cpu         ] GC(1901) User=0.00s Sys=0.00s Real=0.01s
[2849.410s][info][gc,start       ] GC(1902) Pause Young (Allocation Failure)
[2849.418s][info][gc,heap        ] GC(1902) DefNew: 564521K->8069K(629120K)
[2849.418s][info][gc,heap        ] GC(1902) Tenured: 66552K->66552K(1398144K)
[2849.418s][info][gc,metaspace   ] GC(1902) Metaspace: 90962K(98224K)->90962K(98224K) NonClass: 79591K(83632K)->79591K(83632K) Class: 11370K(14592K)->11370K(14592K)
[2849.418s][info][gc             ] GC(1902) Pause Young (Allocation Failure) 616M->72M(1979M) 7.873ms
[2849.418s][info][gc,cpu         ] GC(1902) User=0.00s Sys=0.00s Real=0.01s
[2850.028s][info][gc,start       ] GC(1903) Pause Young (Allocation Failure)
[2850.037s][info][gc,heap        ] GC(1903) DefNew: 565287K->16407K(629120K)
[2850.037s][info][gc,heap        ] GC(1903) Tenured: 66552K->66552K(1398144K)
[2850.037s][info][gc,metaspace   ] GC(1903) Metaspace: 90962K(98224K)->90962K(98224K) NonClass: 79591K(83632K)->79591K(83632K) Class: 11370K(14592K)->11370K(14592K)
[2850.037s][info][gc             ] GC(1903) Pause Young (Allocation Failure) 617M->81M(1979M) 9.011ms
[2850.037s][info][gc,cpu         ] GC(1903) User=0.00s Sys=0.00s Real=0.01s
[2850.782s][info][gc,start       ] GC(1904) Pause Young (Allocation Failure)
[2850.787s][info][gc,heap        ] GC(1904) DefNew: 575623K->5225K(629120K)
[2850.787s][info][gc,heap        ] GC(1904) Tenured: 66552K->66552K(1398144K)
[2850.787s][info][gc,metaspace   ] GC(1904) Metaspace: 90962K(98224K)->90962K(98224K) NonClass: 79591K(83632K)->79591K(83632K) Class: 11370K(14592K)->11370K(14592K)
[2850.787s][info][gc             ] GC(1904) Pause Young (Allocation Failure) 627M->70M(1979M) 5.388ms
[2850.787s][info][gc,cpu         ] GC(1904) User=0.00s Sys=0.00s Real=0.00s
[2853.221s][info][gc,start       ] GC(1905) Pause Young (Allocation Failure)
[2853.228s][info][gc,heap        ] GC(1905) DefNew: 564457K->7666K(629120K)
[2853.228s][info][gc,heap        ] GC(1905) Tenured: 66552K->66552K(1398144K)
[2853.228s][info][gc,metaspace   ] GC(1905) Metaspace: 90962K(98224K)->90962K(98224K) NonClass: 79591K(83632K)->79591K(83632K) Class: 11370K(14592K)->11370K(14592K)
[2853.228s][info][gc             ] GC(1905) Pause Young (Allocation Failure) 616M->72M(1979M) 7.201ms
[2853.228s][info][gc,cpu         ] GC(1905) User=0.00s Sys=0.00s Real=0.01s
[2855.204s][info][gc,start       ] GC(1906) Pause Young (Allocation Failure)
[2855.212s][info][gc,heap        ] GC(1906) DefNew: 566898K->9629K(629120K)
[2855.212s][info][gc,heap        ] GC(1906) Tenured: 66552K->66552K(1398144K)
[2855.212s][info][gc,metaspace   ] GC(1906) Metaspace: 90962K(98224K)->90962K(98224K) NonClass: 79591K(83632K)->79591K(83632K) Class: 11370K(14592K)->11370K(14592K)
[2855.213s][info][gc             ] GC(1906) Pause Young (Allocation Failure) 618M->74M(1979M) 8.323ms
[2855.213s][info][gc,cpu         ] GC(1906) User=0.00s Sys=0.00s Real=0.01s
[2856.622s][info][gc,start       ] GC(1907) Pause Young (Allocation Failure)
[2856.639s][info][gc,heap        ] GC(1907) DefNew: 568861K->11531K(629120K)
[2856.639s][info][gc,heap        ] GC(1907) Tenured: 66552K->66552K(1398144K)
[2856.639s][info][gc,metaspace   ] GC(1907) Metaspace: 90962K(98224K)->90962K(98224K) NonClass: 79591K(83632K)->79591K(83632K) Class: 11370K(14592K)->11370K(14592K)
[2856.639s][info][gc             ] GC(1907) Pause Young (Allocation Failure) 620M->76M(1979M) 16.777ms
[2856.639s][info][gc,cpu         ] GC(1907) User=0.00s Sys=0.00s Real=0.02s
[2857.086s][info][gc,start       ] GC(1908) Pause Young (Allocation Failure)
[2857.094s][info][gc,heap        ] GC(1908) DefNew: 570763K->8866K(629120K)
[2857.094s][info][gc,heap        ] GC(1908) Tenured: 66552K->66552K(1398144K)
[2857.094s][info][gc,metaspace   ] GC(1908) Metaspace: 90962K(98224K)->90962K(98224K) NonClass: 79591K(83632K)->79591K(83632K) Class: 11370K(14592K)->11370K(14592K)
[2857.094s][info][gc             ] GC(1908) Pause Young (Allocation Failure) 622M->73M(1979M) 7.726ms
[2857.094s][info][gc,cpu         ] GC(1908) User=0.05s Sys=0.00s Real=0.01s
[2859.141s][info][gc,start       ] GC(1909) Pause Young (Allocation Failure)
[2859.148s][info][gc,heap        ] GC(1909) DefNew: 568098K->6715K(629120K)
[2859.148s][info][gc,heap        ] GC(1909) Tenured: 66552K->66552K(1398144K)
[2859.148s][info][gc,metaspace   ] GC(1909) Metaspace: 90962K(98224K)->90962K(98224K) NonClass: 79591K(83632K)->79591K(83632K) Class: 11370K(14592K)->11370K(14592K)
[2859.148s][info][gc             ] GC(1909) Pause Young (Allocation Failure) 619M->71M(1979M) 7.397ms
[2859.148s][info][gc,cpu         ] GC(1909) User=0.00s Sys=0.00s Real=0.01s
[2861.168s][info][gc,start       ] GC(1910) Pause Young (Allocation Failure)
[2861.176s][info][gc,heap        ] GC(1910) DefNew: 565947K->6528K(629120K)
[2861.176s][info][gc,heap        ] GC(1910) Tenured: 66552K->67077K(1398144K)
[2861.176s][info][gc,metaspace   ] GC(1910) Metaspace: 90962K(98224K)->90962K(98224K) NonClass: 79591K(83632K)->79591K(83632K) Class: 11370K(14592K)->11370K(14592K)
[2861.176s][info][gc             ] GC(1910) Pause Young (Allocation Failure) 617M->71M(1979M) 8.093ms
[2861.176s][info][gc,cpu         ] GC(1910) User=0.00s Sys=0.00s Real=0.01s
[2863.040s][info][gc,start       ] GC(1911) Pause Young (Allocation Failure)
[2863.049s][info][gc,heap        ] GC(1911) DefNew: 565760K->8391K(629120K)
[2863.049s][info][gc,heap        ] GC(1911) Tenured: 67077K->67266K(1398144K)
[2863.049s][info][gc,metaspace   ] GC(1911) Metaspace: 90962K(98224K)->90962K(98224K) NonClass: 79591K(83632K)->79591K(83632K) Class: 11370K(14592K)->11370K(14592K)
[2863.049s][info][gc             ] GC(1911) Pause Young (Allocation Failure) 618M->73M(1979M) 9.708ms
[2863.049s][info][gc,cpu         ] GC(1911) User=0.00s Sys=0.00s Real=0.01s
[2863.678s][info][gc,start       ] GC(1912) Pause Young (Allocation Failure)
[2863.686s][info][gc,heap        ] GC(1912) DefNew: 563784K->17401K(629120K)
[2863.686s][info][gc,heap        ] GC(1912) Tenured: 67266K->67448K(1398144K)
[2863.686s][info][gc,metaspace   ] GC(1912) Metaspace: 90962K(98224K)->90962K(98224K) NonClass: 79591K(83632K)->79591K(83632K) Class: 11370K(14592K)->11370K(14592K)
[2863.686s][info][gc             ] GC(1912) Pause Young (Allocation Failure) 616M->82M(1979M) 8.148ms
[2863.686s][info][gc,cpu         ] GC(1912) User=0.00s Sys=0.00s Real=0.01s
[2865.035s][info][gc,start       ] GC(1913) Pause Young (Allocation Failure)
[2865.042s][info][gc,heap        ] GC(1913) DefNew: 576633K->6489K(629120K)
[2865.042s][info][gc,heap        ] GC(1913) Tenured: 67448K->67610K(1398144K)
[2865.042s][info][gc,metaspace   ] GC(1913) Metaspace: 90962K(98224K)->90962K(98224K) NonClass: 79591K(83632K)->79591K(83632K) Class: 11370K(14592K)->11370K(14592K)
[2865.042s][info][gc             ] GC(1913) Pause Young (Allocation Failure) 628M->72M(1979M) 7.328ms
[2865.042s][info][gc,cpu         ] GC(1913) User=0.02s Sys=0.00s Real=0.01s
[2866.901s][info][gc,start       ] GC(1914) Pause Young (Allocation Failure)
[2866.911s][info][gc,heap        ] GC(1914) DefNew: 565721K->10867K(629120K)
[2866.911s][info][gc,heap        ] GC(1914) Tenured: 67610K->67676K(1398144K)
[2866.911s][info][gc,metaspace   ] GC(1914) Metaspace: 90962K(98224K)->90962K(98224K) NonClass: 79591K(83632K)->79591K(83632K) Class: 11370K(14592K)->11370K(14592K)
[2866.911s][info][gc             ] GC(1914) Pause Young (Allocation Failure) 618M->76M(1979M) 10.526ms
[2866.911s][info][gc,cpu         ] GC(1914) User=0.00s Sys=0.00s Real=0.01s
[2867.502s][info][gc,start       ] GC(1915) Pause Young (Allocation Failure)
[2867.510s][info][gc,heap        ] GC(1915) DefNew: 566331K->13731K(629120K)
[2867.510s][info][gc,heap        ] GC(1915) Tenured: 67676K->67853K(1398144K)
[2867.510s][info][gc,metaspace   ] GC(1915) Metaspace: 90962K(98224K)->90962K(98224K) NonClass: 79591K(83632K)->79591K(83632K) Class: 11370K(14592K)->11370K(14592K)
[2867.510s][info][gc             ] GC(1915) Pause Young (Allocation Failure) 619M->79M(1979M) 7.774ms
[2867.510s][info][gc,cpu         ] GC(1915) User=0.00s Sys=0.00s Real=0.01s
[2868.973s][info][gc,start       ] GC(1916) Pause Young (Allocation Failure)
[2868.980s][info][gc,heap        ] GC(1916) DefNew: 572193K->5904K(629120K)
[2868.980s][info][gc,heap        ] GC(1916) Tenured: 67853K->67987K(1398144K)
[2868.980s][info][gc,metaspace   ] GC(1916) Metaspace: 90962K(98224K)->90962K(98224K) NonClass: 79591K(83632K)->79591K(83632K) Class: 11370K(14592K)->11370K(14592K)
[2868.980s][info][gc             ] GC(1916) Pause Young (Allocation Failure) 625M->72M(1979M) 7.090ms
[2868.980s][info][gc,cpu         ] GC(1916) User=0.00s Sys=0.00s Real=0.01s
[2870.880s][info][gc,start       ] GC(1917) Pause Young (Allocation Failure)
[2870.888s][info][gc,heap        ] GC(1917) DefNew: 561202K->7385K(629120K)
[2870.888s][info][gc,heap        ] GC(1917) Tenured: 67987K->68150K(1398144K)
[2870.888s][info][gc,metaspace   ] GC(1917) Metaspace: 90962K(98224K)->90962K(98224K) NonClass: 79591K(83632K)->79591K(83632K) Class: 11370K(14592K)->11370K(14592K)
[2870.888s][info][gc             ] GC(1917) Pause Young (Allocation Failure) 614M->73M(1979M) 8.124ms
[2870.888s][info][gc,cpu         ] GC(1917) User=0.00s Sys=0.00s Real=0.01s
[2871.338s][info][gc,start       ] GC(1918) Pause Young (Allocation Failure)
[2871.347s][info][gc,heap        ] GC(1918) DefNew: 563166K->21409K(629120K)
[2871.347s][info][gc,heap        ] GC(1918) Tenured: 68150K->68273K(1398144K)
[2871.347s][info][gc,metaspace   ] GC(1918) Metaspace: 90962K(98224K)->90962K(98224K) NonClass: 79591K(83632K)->79591K(83632K) Class: 11370K(14592K)->11370K(14592K)
[2871.347s][info][gc             ] GC(1918) Pause Young (Allocation Failure) 616M->87M(1979M) 9.310ms
[2871.347s][info][gc,cpu         ] GC(1918) User=0.00s Sys=0.00s Real=0.01s
[2872.823s][info][gc,start       ] GC(1919) Pause Young (Allocation Failure)
[2872.830s][info][gc,heap        ] GC(1919) DefNew: 578157K->5797K(629120K)
[2872.830s][info][gc,heap        ] GC(1919) Tenured: 68273K->68379K(1398144K)
[2872.830s][info][gc,metaspace   ] GC(1919) Metaspace: 90962K(98224K)->90962K(98224K) NonClass: 79591K(83632K)->79591K(83632K) Class: 11370K(14592K)->11370K(14592K)
[2872.830s][info][gc             ] GC(1919) Pause Young (Allocation Failure) 631M->72M(1979M) 6.770ms
[2872.830s][info][gc,cpu         ] GC(1919) User=0.00s Sys=0.00s Real=0.01s
[2874.595s][info][gc,start       ] GC(1920) Pause Young (Allocation Failure)
[2874.604s][info][gc,heap        ] GC(1920) DefNew: 564055K->7781K(629120K)
[2874.604s][info][gc,heap        ] GC(1920) Tenured: 68379K->68537K(1398144K)
[2874.604s][info][gc,metaspace   ] GC(1920) Metaspace: 90962K(98224K)->90962K(98224K) NonClass: 79591K(83632K)->79591K(83632K) Class: 11370K(14592K)->11370K(14592K)
[2874.604s][info][gc             ] GC(1920) Pause Young (Allocation Failure) 617M->74M(1979M) 8.912ms
[2874.604s][info][gc,cpu         ] GC(1920) User=0.02s Sys=0.00s Real=0.01s
[2875.073s][info][gc,start       ] GC(1921) Pause Young (Allocation Failure)
[2875.082s][info][gc,heap        ] GC(1921) DefNew: 562921K->17783K(629120K)
[2875.082s][info][gc,heap        ] GC(1921) Tenured: 68537K->68726K(1398144K)
[2875.082s][info][gc,metaspace   ] GC(1921) Metaspace: 90962K(98224K)->90962K(98224K) NonClass: 79591K(83632K)->79591K(83632K) Class: 11370K(14592K)->11370K(14592K)
[2875.082s][info][gc             ] GC(1921) Pause Young (Allocation Failure) 616M->84M(1979M) 8.516ms
[2875.082s][info][gc,cpu         ] GC(1921) User=0.00s Sys=0.00s Real=0.01s
[2876.517s][info][gc,start       ] GC(1922) Pause Young (Allocation Failure)
[2876.524s][info][gc,heap        ] GC(1922) DefNew: 573632K->5731K(629120K)
[2876.524s][info][gc,heap        ] GC(1922) Tenured: 68726K->68850K(1398144K)
[2876.524s][info][gc,metaspace   ] GC(1922) Metaspace: 90962K(98224K)->90962K(98224K) NonClass: 79591K(83632K)->79591K(83632K) Class: 11370K(14592K)->11370K(14592K)
[2876.524s][info][gc             ] GC(1922) Pause Young (Allocation Failure) 627M->72M(1979M) 6.539ms
[2876.524s][info][gc,cpu         ] GC(1922) User=0.00s Sys=0.00s Real=0.01s
[2878.476s][info][gc,start       ] GC(1923) Pause Young (Allocation Failure)
[2878.485s][info][gc,heap        ] GC(1923) DefNew: 564963K->8166K(629120K)
[2878.485s][info][gc,heap        ] GC(1923) Tenured: 68850K->68929K(1398144K)
[2878.485s][info][gc,metaspace   ] GC(1923) Metaspace: 90962K(98224K)->90962K(98224K) NonClass: 79591K(83632K)->79591K(83632K) Class: 11370K(14592K)->11370K(14592K)
[2878.486s][info][gc             ] GC(1923) Pause Young (Allocation Failure) 618M->75M(1979M) 9.386ms
[2878.486s][info][gc,cpu         ] GC(1923) User=0.00s Sys=0.00s Real=0.01s
[2879.183s][info][gc,start       ] GC(1924) Pause Young (Allocation Failure)
[2879.189s][info][gc,heap        ] GC(1924) DefNew: 564159K->6556K(629120K)
[2879.189s][info][gc,heap        ] GC(1924) Tenured: 68929K->69124K(1398144K)
[2879.189s][info][gc,metaspace   ] GC(1924) Metaspace: 90962K(98224K)->90962K(98224K) NonClass: 79592K(83632K)->79592K(83632K) Class: 11370K(14592K)->11370K(14592K)
[2879.189s][info][gc             ] GC(1924) Pause Young (Allocation Failure) 618M->73M(1979M) 6.782ms
[2879.189s][info][gc,cpu         ] GC(1924) User=0.00s Sys=0.00s Real=0.01s
[2879.221s][info][gc,start       ] GC(1925) Pause Full (System.gc())
[2879.224s][info][gc,phases,start] GC(1925) Phase 1: Mark live objects
[2879.274s][info][gc,phases      ] GC(1925) Phase 1: Mark live objects 50.753ms
[2879.274s][info][gc,phases,start] GC(1925) Phase 2: Compute new object addresses
[2879.291s][info][gc,phases      ] GC(1925) Phase 2: Compute new object addresses 16.145ms
[2879.291s][info][gc,phases,start] GC(1925) Phase 3: Adjust pointers
[2879.322s][info][gc,phases      ] GC(1925) Phase 3: Adjust pointers 31.730ms
[2879.322s][info][gc,phases,start] GC(1925) Phase 4: Move objects
[2879.323s][info][gc,phases      ] GC(1925) Phase 4: Move objects 0.557ms
[2879.324s][info][gc,heap        ] GC(1925) DefNew: 61574K->0K(629120K)
[2879.324s][info][gc,heap        ] GC(1925) Tenured: 69124K->71377K(1398144K)
[2879.324s][info][gc,metaspace   ] GC(1925) Metaspace: 90962K(98224K)->90962K(98224K) NonClass: 79592K(83632K)->79592K(83632K) Class: 11370K(14592K)->11370K(14592K)
[2879.324s][info][gc             ] GC(1925) Pause Full (System.gc()) 127M->69M(1979M) 102.815ms
[2879.324s][info][gc,cpu         ] GC(1925) User=0.09s Sys=0.00s Real=0.10s
[2879.813s][info][gc,start       ] GC(1926) Pause Young (Allocation Failure)
[2879.817s][info][gc,heap        ] GC(1926) DefNew: 559232K->3059K(629120K)
[2879.817s][info][gc,heap        ] GC(1926) Tenured: 71377K->71377K(1398144K)
[2879.817s][info][gc,metaspace   ] GC(1926) Metaspace: 90962K(98224K)->90962K(98224K) NonClass: 79592K(83632K)->79592K(83632K) Class: 11370K(14592K)->11370K(14592K)
[2879.817s][info][gc             ] GC(1926) Pause Young (Allocation Failure) 615M->72M(1979M) 3.728ms
[2879.817s][info][gc,cpu         ] GC(1926) User=0.00s Sys=0.00s Real=0.00s
[2881.801s][info][gc,start       ] GC(1927) Pause Young (Allocation Failure)
[2881.805s][info][gc,heap        ] GC(1927) DefNew: 561722K->4390K(629120K)
[2881.805s][info][gc,heap        ] GC(1927) Tenured: 71377K->71377K(1398144K)
[2881.805s][info][gc,metaspace   ] GC(1927) Metaspace: 90962K(98224K)->90962K(98224K) NonClass: 79592K(83632K)->79592K(83632K) Class: 11370K(14592K)->11370K(14592K)
[2881.805s][info][gc             ] GC(1927) Pause Young (Allocation Failure) 618M->73M(1979M) 4.496ms
[2881.805s][info][gc,cpu         ] GC(1927) User=0.00s Sys=0.00s Real=0.00s
[2883.738s][info][gc,start       ] GC(1928) Pause Young (Allocation Failure)
[2883.744s][info][gc,heap        ] GC(1928) DefNew: 562702K->5106K(629120K)
[2883.744s][info][gc,heap        ] GC(1928) Tenured: 71377K->71377K(1398144K)
[2883.744s][info][gc,metaspace   ] GC(1928) Metaspace: 90962K(98224K)->90962K(98224K) NonClass: 79592K(83632K)->79592K(83632K) Class: 11370K(14592K)->11370K(14592K)
[2883.744s][info][gc             ] GC(1928) Pause Young (Allocation Failure) 619M->74M(1979M) 6.061ms
[2883.744s][info][gc,cpu         ] GC(1928) User=0.00s Sys=0.00s Real=0.01s
[2885.442s][info][gc,start       ] GC(1929) Pause Young (Allocation Failure)
[2885.449s][info][gc,heap        ] GC(1929) DefNew: 561149K->6210K(629120K)
[2885.449s][info][gc,heap        ] GC(1929) Tenured: 71377K->71377K(1398144K)
[2885.449s][info][gc,metaspace   ] GC(1929) Metaspace: 90962K(98224K)->90962K(98224K) NonClass: 79592K(83632K)->79592K(83632K) Class: 11370K(14592K)->11370K(14592K)
[2885.449s][info][gc             ] GC(1929) Pause Young (Allocation Failure) 617M->75M(1979M) 6.829ms
[2885.449s][info][gc,cpu         ] GC(1929) User=0.00s Sys=0.00s Real=0.01s
[2885.930s][info][gc,start       ] GC(1930) Pause Young (Allocation Failure)
[2885.936s][info][gc,heap        ] GC(1930) DefNew: 564652K->16236K(629120K)
[2885.936s][info][gc,heap        ] GC(1930) Tenured: 71377K->71377K(1398144K)
[2885.936s][info][gc,metaspace   ] GC(1930) Metaspace: 90962K(98224K)->90962K(98224K) NonClass: 79592K(83632K)->79592K(83632K) Class: 11370K(14592K)->11370K(14592K)
[2885.936s][info][gc             ] GC(1930) Pause Young (Allocation Failure) 621M->85M(1979M) 6.676ms
[2885.936s][info][gc,cpu         ] GC(1930) User=0.00s Sys=0.00s Real=0.01s
[2887.382s][info][gc,start       ] GC(1931) Pause Young (Allocation Failure)
[2887.388s][info][gc,heap        ] GC(1931) DefNew: 572584K->4824K(629120K)
[2887.388s][info][gc,heap        ] GC(1931) Tenured: 71377K->71377K(1398144K)
[2887.388s][info][gc,metaspace   ] GC(1931) Metaspace: 90962K(98224K)->90962K(98224K) NonClass: 79592K(83632K)->79592K(83632K) Class: 11370K(14592K)->11370K(14592K)
[2887.388s][info][gc             ] GC(1931) Pause Young (Allocation Failure) 628M->74M(1979M) 5.712ms
[2887.388s][info][gc,cpu         ] GC(1931) User=0.00s Sys=0.00s Real=0.01s
[2889.396s][info][gc,start       ] GC(1932) Pause Young (Allocation Failure)
[2889.400s][info][gc,heap        ] GC(1932) DefNew: 564056K->5234K(629120K)
[2889.401s][info][gc,heap        ] GC(1932) Tenured: 71377K->71377K(1398144K)
[2889.401s][info][gc,metaspace   ] GC(1932) Metaspace: 90962K(98224K)->90962K(98224K) NonClass: 79592K(83632K)->79592K(83632K) Class: 11370K(14592K)->11370K(14592K)
[2889.401s][info][gc             ] GC(1932) Pause Young (Allocation Failure) 620M->74M(1979M) 4.908ms
[2889.401s][info][gc,cpu         ] GC(1932) User=0.00s Sys=0.00s Real=0.00s
[2891.857s][info][gc,start       ] GC(1933) Pause Young (Allocation Failure)
[2891.865s][info][gc,heap        ] GC(1933) DefNew: 564466K->7789K(629120K)
[2891.865s][info][gc,heap        ] GC(1933) Tenured: 71377K->71377K(1398144K)
[2891.865s][info][gc,metaspace   ] GC(1933) Metaspace: 90962K(98224K)->90962K(98224K) NonClass: 79592K(83632K)->79592K(83632K) Class: 11370K(14592K)->11370K(14592K)
[2891.865s][info][gc             ] GC(1933) Pause Young (Allocation Failure) 620M->77M(1979M) 7.861ms
[2891.865s][info][gc,cpu         ] GC(1933) User=0.00s Sys=0.00s Real=0.01s
[2892.497s][info][gc,start       ] GC(1934) Pause Young (Allocation Failure)
[2892.505s][info][gc,heap        ] GC(1934) DefNew: 563802K->16232K(629120K)
[2892.505s][info][gc,heap        ] GC(1934) Tenured: 71377K->71377K(1398144K)
[2892.505s][info][gc,metaspace   ] GC(1934) Metaspace: 90962K(98224K)->90962K(98224K) NonClass: 79592K(83632K)->79592K(83632K) Class: 11370K(14592K)->11370K(14592K)
[2892.505s][info][gc             ] GC(1934) Pause Young (Allocation Failure) 620M->85M(1979M) 8.391ms
[2892.505s][info][gc,cpu         ] GC(1934) User=0.00s Sys=0.00s Real=0.01s
[2893.236s][info][gc,start       ] GC(1935) Pause Young (Allocation Failure)
[2893.242s][info][gc,heap        ] GC(1935) DefNew: 575464K->5051K(629120K)
[2893.242s][info][gc,heap        ] GC(1935) Tenured: 71377K->71377K(1398144K)
[2893.242s][info][gc,metaspace   ] GC(1935) Metaspace: 90962K(98224K)->90962K(98224K) NonClass: 79592K(83632K)->79592K(83632K) Class: 11370K(14592K)->11370K(14592K)
[2893.242s][info][gc             ] GC(1935) Pause Young (Allocation Failure) 631M->74M(1979M) 5.648ms
[2893.242s][info][gc,cpu         ] GC(1935) User=0.02s Sys=0.00s Real=0.01s
[2895.652s][info][gc,start       ] GC(1936) Pause Young (Allocation Failure)
[2895.659s][info][gc,heap        ] GC(1936) DefNew: 564283K->7856K(629120K)
[2895.659s][info][gc,heap        ] GC(1936) Tenured: 71377K->71377K(1398144K)
[2895.659s][info][gc,metaspace   ] GC(1936) Metaspace: 90962K(98224K)->90962K(98224K) NonClass: 79592K(83632K)->79592K(83632K) Class: 11370K(14592K)->11370K(14592K)
[2895.659s][info][gc             ] GC(1936) Pause Young (Allocation Failure) 620M->77M(1979M) 7.586ms
[2895.659s][info][gc,cpu         ] GC(1936) User=0.00s Sys=0.00s Real=0.01s
[2897.659s][info][gc,start       ] GC(1937) Pause Young (GCLocker Initiated GC)
[2897.667s][info][gc,heap        ] GC(1937) DefNew: 567100K->6917K(629120K)
[2897.667s][info][gc,heap        ] GC(1937) Tenured: 71377K->71377K(1398144K)
[2897.667s][info][gc,metaspace   ] GC(1937) Metaspace: 90962K(98224K)->90962K(98224K) NonClass: 79592K(83632K)->79592K(83632K) Class: 11370K(14592K)->11370K(14592K)
[2897.667s][info][gc             ] GC(1937) Pause Young (GCLocker Initiated GC) 623M->76M(1979M) 7.938ms
[2897.667s][info][gc,cpu         ] GC(1937) User=0.02s Sys=0.00s Real=0.01s
[2899.105s][info][gc,start       ] GC(1938) Pause Young (Allocation Failure)
[2899.122s][info][gc,heap        ] GC(1938) DefNew: 566149K->11337K(629120K)
[2899.122s][info][gc,heap        ] GC(1938) Tenured: 71377K->71377K(1398144K)
[2899.122s][info][gc,metaspace   ] GC(1938) Metaspace: 90962K(98224K)->90962K(98224K) NonClass: 79592K(83632K)->79592K(83632K) Class: 11370K(14592K)->11370K(14592K)
[2899.122s][info][gc             ] GC(1938) Pause Young (Allocation Failure) 622M->80M(1979M) 17.136ms
[2899.122s][info][gc,cpu         ] GC(1938) User=0.00s Sys=0.00s Real=0.02s
[2899.520s][info][gc,start       ] GC(1939) Pause Young (Allocation Failure)
[2899.527s][info][gc,heap        ] GC(1939) DefNew: 570569K->8749K(629120K)
[2899.528s][info][gc,heap        ] GC(1939) Tenured: 71377K->71377K(1398144K)
[2899.528s][info][gc,metaspace   ] GC(1939) Metaspace: 90962K(98224K)->90962K(98224K) NonClass: 79592K(83632K)->79592K(83632K) Class: 11370K(14592K)->11370K(14592K)
[2899.528s][info][gc             ] GC(1939) Pause Young (Allocation Failure) 626M->78M(1979M) 7.127ms
[2899.528s][info][gc,cpu         ] GC(1939) User=0.00s Sys=0.00s Real=0.01s
[2901.586s][info][gc,start       ] GC(1940) Pause Young (Allocation Failure)
[2901.592s][info][gc,heap        ] GC(1940) DefNew: 567773K->6377K(629120K)
[2901.592s][info][gc,heap        ] GC(1940) Tenured: 71377K->71377K(1398144K)
[2901.592s][info][gc,metaspace   ] GC(1940) Metaspace: 90962K(98224K)->90962K(98224K) NonClass: 79592K(83632K)->79592K(83632K) Class: 11370K(14592K)->11370K(14592K)
[2901.592s][info][gc             ] GC(1940) Pause Young (Allocation Failure) 624M->75M(1979M) 6.475ms
[2901.592s][info][gc,cpu         ] GC(1940) User=0.00s Sys=0.00s Real=0.01s
[2903.567s][info][gc,start       ] GC(1941) Pause Young (Allocation Failure)
[2903.575s][info][gc,heap        ] GC(1941) DefNew: 565609K->7449K(629120K)
[2903.575s][info][gc,heap        ] GC(1941) Tenured: 71377K->71841K(1398144K)
[2903.575s][info][gc,metaspace   ] GC(1941) Metaspace: 90962K(98224K)->90962K(98224K) NonClass: 79592K(83632K)->79592K(83632K) Class: 11370K(14592K)->11370K(14592K)
[2903.575s][info][gc             ] GC(1941) Pause Young (Allocation Failure) 622M->77M(1979M) 8.111ms
[2903.575s][info][gc,cpu         ] GC(1941) User=0.00s Sys=0.00s Real=0.01s
[2905.424s][info][gc,start       ] GC(1942) Pause Young (Allocation Failure)
[2905.434s][info][gc,heap        ] GC(1942) DefNew: 566681K->8273K(629120K)
[2905.434s][info][gc,heap        ] GC(1942) Tenured: 71841K->72029K(1398144K)
[2905.434s][info][gc,metaspace   ] GC(1942) Metaspace: 90962K(98224K)->90962K(98224K) NonClass: 79592K(83632K)->79592K(83632K) Class: 11370K(14592K)->11370K(14592K)
[2905.434s][info][gc             ] GC(1942) Pause Young (Allocation Failure) 623M->78M(1979M) 10.168ms
[2905.434s][info][gc,cpu         ] GC(1942) User=0.02s Sys=0.00s Real=0.01s
[2906.044s][info][gc,start       ] GC(1943) Pause Young (Allocation Failure)
[2906.052s][info][gc,heap        ] GC(1943) DefNew: 564352K->17399K(629120K)
[2906.052s][info][gc,heap        ] GC(1943) Tenured: 72029K->72233K(1398144K)
[2906.052s][info][gc,metaspace   ] GC(1943) Metaspace: 90962K(98224K)->90962K(98224K) NonClass: 79592K(83632K)->79592K(83632K) Class: 11370K(14592K)->11370K(14592K)
[2906.052s][info][gc             ] GC(1943) Pause Young (Allocation Failure) 621M->87M(1979M) 8.285ms
[2906.052s][info][gc,cpu         ] GC(1943) User=0.00s Sys=0.00s Real=0.01s
[2907.394s][info][gc,start       ] GC(1944) Pause Young (Allocation Failure)
[2907.402s][info][gc,heap        ] GC(1944) DefNew: 576631K->5865K(629120K)
[2907.402s][info][gc,heap        ] GC(1944) Tenured: 72233K->72381K(1398144K)
[2907.402s][info][gc,metaspace   ] GC(1944) Metaspace: 90962K(98224K)->90962K(98224K) NonClass: 79592K(83632K)->79592K(83632K) Class: 11370K(14592K)->11370K(14592K)
[2907.402s][info][gc             ] GC(1944) Pause Young (Allocation Failure) 633M->76M(1979M) 7.319ms
[2907.402s][info][gc,cpu         ] GC(1944) User=0.00s Sys=0.00s Real=0.01s
[2909.260s][info][gc,start       ] GC(1945) Pause Young (Allocation Failure)
[2909.270s][info][gc,heap        ] GC(1945) DefNew: 565097K->11367K(629120K)
[2909.270s][info][gc,heap        ] GC(1945) Tenured: 72381K->72448K(1398144K)
[2909.270s][info][gc,metaspace   ] GC(1945) Metaspace: 90962K(98224K)->90962K(98224K) NonClass: 79592K(83632K)->79592K(83632K) Class: 11370K(14592K)->11370K(14592K)
[2909.270s][info][gc             ] GC(1945) Pause Young (Allocation Failure) 622M->81M(1979M) 9.891ms
[2909.270s][info][gc,cpu         ] GC(1945) User=0.00s Sys=0.00s Real=0.01s
[2909.874s][info][gc,start       ] GC(1946) Pause Young (Allocation Failure)
[2909.883s][info][gc,heap        ] GC(1946) DefNew: 566940K->25826K(629120K)
[2909.883s][info][gc,heap        ] GC(1946) Tenured: 72448K->72628K(1398144K)
[2909.883s][info][gc,metaspace   ] GC(1946) Metaspace: 90962K(98224K)->90962K(98224K) NonClass: 79592K(83632K)->79592K(83632K) Class: 11370K(14592K)->11370K(14592K)
[2909.883s][info][gc             ] GC(1946) Pause Young (Allocation Failure) 624M->96M(1979M) 9.248ms
[2909.884s][info][gc,cpu         ] GC(1946) User=0.00s Sys=0.00s Real=0.01s
[2911.286s][info][gc,start       ] GC(1947) Pause Young (Allocation Failure)
[2911.294s][info][gc,heap        ] GC(1947) DefNew: 585037K->9401K(629120K)
[2911.294s][info][gc,heap        ] GC(1947) Tenured: 72628K->72764K(1398144K)
[2911.294s][info][gc,metaspace   ] GC(1947) Metaspace: 90962K(98224K)->90962K(98224K) NonClass: 79592K(83632K)->79592K(83632K) Class: 11370K(14592K)->11370K(14592K)
[2911.294s][info][gc             ] GC(1947) Pause Young (Allocation Failure) 642M->80M(1979M) 8.017ms
[2911.294s][info][gc,cpu         ] GC(1947) User=0.00s Sys=0.00s Real=0.01s
[2913.228s][info][gc,start       ] GC(1948) Pause Young (Allocation Failure)
[2913.236s][info][gc,heap        ] GC(1948) DefNew: 567860K->7505K(629120K)
[2913.237s][info][gc,heap        ] GC(1948) Tenured: 72764K->72928K(1398144K)
[2913.237s][info][gc,metaspace   ] GC(1948) Metaspace: 90962K(98224K)->90962K(98224K) NonClass: 79592K(83632K)->79592K(83632K) Class: 11370K(14592K)->11370K(14592K)
[2913.237s][info][gc             ] GC(1948) Pause Young (Allocation Failure) 625M->78M(1979M) 8.728ms
[2913.237s][info][gc,cpu         ] GC(1948) User=0.00s Sys=0.00s Real=0.01s
[2913.706s][info][gc,start       ] GC(1949) Pause Young (Allocation Failure)
[2913.713s][info][gc,heap        ] GC(1949) DefNew: 564151K->13235K(629120K)
[2913.713s][info][gc,heap        ] GC(1949) Tenured: 72928K->73129K(1398144K)
[2913.713s][info][gc,metaspace   ] GC(1949) Metaspace: 90962K(98224K)->90962K(98224K) NonClass: 79592K(83632K)->79592K(83632K) Class: 11370K(14592K)->11370K(14592K)
[2913.713s][info][gc             ] GC(1949) Pause Young (Allocation Failure) 622M->84M(1979M) 7.791ms
[2913.713s][info][gc,cpu         ] GC(1949) User=0.00s Sys=0.00s Real=0.01s
[2915.151s][info][gc,start       ] GC(1950) Pause Young (Allocation Failure)
[2915.158s][info][gc,heap        ] GC(1950) DefNew: 568373K->5872K(629120K)
[2915.158s][info][gc,heap        ] GC(1950) Tenured: 73129K->73235K(1398144K)
[2915.158s][info][gc,metaspace   ] GC(1950) Metaspace: 90962K(98224K)->90962K(98224K) NonClass: 79592K(83632K)->79592K(83632K) Class: 11370K(14592K)->11370K(14592K)
[2915.158s][info][gc             ] GC(1950) Pause Young (Allocation Failure) 626M->77M(1979M) 6.538ms
[2915.158s][info][gc,cpu         ] GC(1950) User=0.00s Sys=0.00s Real=0.01s
[2916.952s][info][gc,start       ] GC(1951) Pause Young (Allocation Failure)
[2916.960s][info][gc,heap        ] GC(1951) DefNew: 564989K->7791K(629120K)
[2916.960s][info][gc,heap        ] GC(1951) Tenured: 73235K->73395K(1398144K)
[2916.960s][info][gc,metaspace   ] GC(1951) Metaspace: 90962K(98224K)->90962K(98224K) NonClass: 79592K(83632K)->79592K(83632K) Class: 11370K(14592K)->11370K(14592K)
[2916.960s][info][gc             ] GC(1951) Pause Young (Allocation Failure) 623M->79M(1979M) 8.499ms
[2916.960s][info][gc,cpu         ] GC(1951) User=0.00s Sys=0.00s Real=0.01s
[2917.443s][info][gc,start       ] GC(1952) Pause Young (Allocation Failure)
[2917.451s][info][gc,heap        ] GC(1952) DefNew: 566376K->13438K(629120K)
[2917.451s][info][gc,heap        ] GC(1952) Tenured: 73395K->73586K(1398144K)
[2917.451s][info][gc,metaspace   ] GC(1952) Metaspace: 90962K(98224K)->90962K(98224K) NonClass: 79592K(83632K)->79592K(83632K) Class: 11370K(14592K)->11370K(14592K)
[2917.451s][info][gc             ] GC(1952) Pause Young (Allocation Failure) 624M->84M(1979M) 7.735ms
[2917.451s][info][gc,cpu         ] GC(1952) User=0.00s Sys=0.00s Real=0.01s
[2918.889s][info][gc,start       ] GC(1953) Pause Young (Allocation Failure)
[2918.896s][info][gc,heap        ] GC(1953) DefNew: 572670K->5979K(629120K)
[2918.896s][info][gc,heap        ] GC(1953) Tenured: 73586K->73709K(1398144K)
[2918.896s][info][gc,metaspace   ] GC(1953) Metaspace: 90962K(98224K)->90962K(98224K) NonClass: 79592K(83632K)->79592K(83632K) Class: 11370K(14592K)->11370K(14592K)
[2918.896s][info][gc             ] GC(1953) Pause Young (Allocation Failure) 631M->77M(1979M) 7.498ms
[2918.896s][info][gc,cpu         ] GC(1953) User=0.00s Sys=0.00s Real=0.01s
[2920.859s][info][gc,start       ] GC(1954) Pause Young (Allocation Failure)
[2920.867s][info][gc,heap        ] GC(1954) DefNew: 565211K->8071K(629120K)
[2920.867s][info][gc,heap        ] GC(1954) Tenured: 73709K->73790K(1398144K)
[2920.867s][info][gc,metaspace   ] GC(1954) Metaspace: 90962K(98224K)->90962K(98224K) NonClass: 79592K(83632K)->79592K(83632K) Class: 11370K(14592K)->11370K(14592K)
[2920.867s][info][gc             ] GC(1954) Pause Young (Allocation Failure) 623M->79M(1979M) 8.930ms
[2920.868s][info][gc,cpu         ] GC(1954) User=0.00s Sys=0.00s Real=0.01s
[2921.580s][info][gc,start       ] GC(1955) Pause Young (Allocation Failure)
[2921.588s][info][gc,heap        ] GC(1955) DefNew: 567303K->7205K(629120K)
[2921.588s][info][gc,heap        ] GC(1955) Tenured: 73790K->73989K(1398144K)
[2921.588s][info][gc,metaspace   ] GC(1955) Metaspace: 90965K(98224K)->90965K(98224K) NonClass: 79594K(83632K)->79594K(83632K) Class: 11370K(14592K)->11370K(14592K)
[2921.588s][info][gc             ] GC(1955) Pause Young (Allocation Failure) 626M->79M(1979M) 8.066ms
[2921.588s][info][gc,cpu         ] GC(1955) User=0.00s Sys=0.00s Real=0.01s
[2921.599s][info][gc,start       ] GC(1956) Pause Full (System.gc())
[2921.601s][info][gc,phases,start] GC(1956) Phase 1: Mark live objects
[2921.651s][info][gc,phases      ] GC(1956) Phase 1: Mark live objects 50.641ms
[2921.651s][info][gc,phases,start] GC(1956) Phase 2: Compute new object addresses
[2921.666s][info][gc,phases      ] GC(1956) Phase 2: Compute new object addresses 14.642ms
[2921.666s][info][gc,phases,start] GC(1956) Phase 3: Adjust pointers
[2921.697s][info][gc,phases      ] GC(1956) Phase 3: Adjust pointers 30.878ms
[2921.697s][info][gc,phases,start] GC(1956) Phase 4: Move objects
[2921.700s][info][gc,phases      ] GC(1956) Phase 4: Move objects 3.071ms
[2921.701s][info][gc,heap        ] GC(1956) DefNew: 44884K->0K(629120K)
[2921.701s][info][gc,heap        ] GC(1956) Tenured: 73989K->52941K(1398144K)
[2921.701s][info][gc,metaspace   ] GC(1956) Metaspace: 90966K(98224K)->90966K(98224K) NonClass: 79596K(83632K)->79596K(83632K) Class: 11370K(14592K)->11370K(14592K)
[2921.701s][info][gc             ] GC(1956) Pause Full (System.gc()) 116M->51M(1979M) 102.127ms
[2921.701s][info][gc,cpu         ] GC(1956) User=0.09s Sys=0.00s Real=0.10s
[2922.206s][info][gc,start       ] GC(1957) Pause Young (Allocation Failure)
[2922.209s][info][gc,heap        ] GC(1957) DefNew: 559232K->3057K(629120K)
[2922.209s][info][gc,heap        ] GC(1957) Tenured: 52941K->52941K(1398144K)
[2922.209s][info][gc,metaspace   ] GC(1957) Metaspace: 90966K(98224K)->90966K(98224K) NonClass: 79596K(83632K)->79596K(83632K) Class: 11370K(14592K)->11370K(14592K)
[2922.209s][info][gc             ] GC(1957) Pause Young (Allocation Failure) 597M->54M(1979M) 3.496ms
[2922.210s][info][gc,cpu         ] GC(1957) User=0.02s Sys=0.00s Real=0.00s
[2924.182s][info][gc,start       ] GC(1958) Pause Young (Allocation Failure)
[2924.186s][info][gc,heap        ] GC(1958) DefNew: 561752K->4391K(629120K)
[2924.186s][info][gc,heap        ] GC(1958) Tenured: 52941K->52941K(1398144K)
[2924.187s][info][gc,metaspace   ] GC(1958) Metaspace: 90966K(98224K)->90966K(98224K) NonClass: 79596K(83632K)->79596K(83632K) Class: 11370K(14592K)->11370K(14592K)
[2924.187s][info][gc             ] GC(1958) Pause Young (Allocation Failure) 600M->55M(1979M) 4.585ms
[2924.187s][info][gc,cpu         ] GC(1958) User=0.00s Sys=0.00s Real=0.00s
[2926.195s][info][gc,start       ] GC(1959) Pause Young (Allocation Failure)
[2926.200s][info][gc,heap        ] GC(1959) DefNew: 563193K->5118K(629120K)
[2926.200s][info][gc,heap        ] GC(1959) Tenured: 52941K->52941K(1398144K)
[2926.200s][info][gc,metaspace   ] GC(1959) Metaspace: 90966K(98224K)->90966K(98224K) NonClass: 79596K(83632K)->79596K(83632K) Class: 11370K(14592K)->11370K(14592K)
[2926.200s][info][gc             ] GC(1959) Pause Young (Allocation Failure) 601M->56M(1979M) 5.475ms
[2926.200s][info][gc,cpu         ] GC(1959) User=0.00s Sys=0.00s Real=0.00s
[2927.927s][info][gc,start       ] GC(1960) Pause Young (Allocation Failure)
[2927.934s][info][gc,heap        ] GC(1960) DefNew: 564350K->6854K(629120K)
[2927.934s][info][gc,heap        ] GC(1960) Tenured: 52941K->52941K(1398144K)
[2927.934s][info][gc,metaspace   ] GC(1960) Metaspace: 90966K(98224K)->90966K(98224K) NonClass: 79596K(83632K)->79596K(83632K) Class: 11370K(14592K)->11370K(14592K)
[2927.934s][info][gc             ] GC(1960) Pause Young (Allocation Failure) 602M->58M(1979M) 7.683ms
[2927.934s][info][gc,cpu         ] GC(1960) User=0.00s Sys=0.00s Real=0.01s
[2928.411s][info][gc,start       ] GC(1961) Pause Young (Allocation Failure)
[2928.417s][info][gc,heap        ] GC(1961) DefNew: 565979K->6870K(629120K)
[2928.417s][info][gc,heap        ] GC(1961) Tenured: 52941K->52941K(1398144K)
[2928.417s][info][gc,metaspace   ] GC(1961) Metaspace: 90966K(98224K)->90966K(98224K) NonClass: 79596K(83632K)->79596K(83632K) Class: 11370K(14592K)->11370K(14592K)
[2928.417s][info][gc             ] GC(1961) Pause Young (Allocation Failure) 604M->58M(1979M) 6.200ms
[2928.417s][info][gc,cpu         ] GC(1961) User=0.00s Sys=0.00s Real=0.01s
[2929.852s][info][gc,start       ] GC(1962) Pause Young (Allocation Failure)
[2929.859s][info][gc,heap        ] GC(1962) DefNew: 566102K->6365K(629120K)
[2929.859s][info][gc,heap        ] GC(1962) Tenured: 52941K->52941K(1398144K)
[2929.859s][info][gc,metaspace   ] GC(1962) Metaspace: 90966K(98224K)->90966K(98224K) NonClass: 79596K(83632K)->79596K(83632K) Class: 11370K(14592K)->11370K(14592K)
[2929.859s][info][gc             ] GC(1962) Pause Young (Allocation Failure) 604M->57M(1979M) 6.993ms
[2929.859s][info][gc,cpu         ] GC(1962) User=0.00s Sys=0.00s Real=0.01s
[2931.886s][info][gc,start       ] GC(1963) Pause Young (Allocation Failure)
[2931.891s][info][gc,heap        ] GC(1963) DefNew: 565597K->5276K(629120K)
[2931.891s][info][gc,heap        ] GC(1963) Tenured: 52941K->52941K(1398144K)
[2931.891s][info][gc,metaspace   ] GC(1963) Metaspace: 90966K(98224K)->90966K(98224K) NonClass: 79596K(83632K)->79596K(83632K) Class: 11370K(14592K)->11370K(14592K)
[2931.891s][info][gc             ] GC(1963) Pause Young (Allocation Failure) 604M->56M(1979M) 5.356ms
[2931.891s][info][gc,cpu         ] GC(1963) User=0.00s Sys=0.00s Real=0.00s
[2934.486s][info][gc,start       ] GC(1964) Pause Young (Allocation Failure)
[2934.491s][info][gc,heap        ] GC(1964) DefNew: 564508K->5992K(629120K)
[2934.491s][info][gc,heap        ] GC(1964) Tenured: 52941K->52941K(1398144K)
[2934.491s][info][gc,metaspace   ] GC(1964) Metaspace: 90966K(98224K)->90966K(98224K) NonClass: 79596K(83632K)->79596K(83632K) Class: 11370K(14592K)->11370K(14592K)
[2934.491s][info][gc             ] GC(1964) Pause Young (Allocation Failure) 602M->57M(1979M) 5.287ms
[2934.491s][info][gc,cpu         ] GC(1964) User=0.02s Sys=0.00s Real=0.01s
[2935.106s][info][gc,start       ] GC(1965) Pause Young (Allocation Failure)
[2935.114s][info][gc,heap        ] GC(1965) DefNew: 562003K->7455K(629120K)
[2935.114s][info][gc,heap        ] GC(1965) Tenured: 52941K->52941K(1398144K)
[2935.114s][info][gc,metaspace   ] GC(1965) Metaspace: 90966K(98224K)->90966K(98224K) NonClass: 79596K(83632K)->79596K(83632K) Class: 11370K(14592K)->11370K(14592K)
[2935.114s][info][gc             ] GC(1965) Pause Young (Allocation Failure) 600M->58M(1979M) 7.733ms
[2935.114s][info][gc,cpu         ] GC(1965) User=0.00s Sys=0.00s Real=0.01s
[2935.871s][info][gc,start       ] GC(1966) Pause Young (Allocation Failure)
[2935.876s][info][gc,heap        ] GC(1966) DefNew: 566429K->5339K(629120K)
[2935.876s][info][gc,heap        ] GC(1966) Tenured: 52941K->52941K(1398144K)
[2935.876s][info][gc,metaspace   ] GC(1966) Metaspace: 90966K(98224K)->90966K(98224K) NonClass: 79596K(83632K)->79596K(83632K) Class: 11370K(14592K)->11370K(14592K)
[2935.876s][info][gc             ] GC(1966) Pause Young (Allocation Failure) 604M->56M(1979M) 5.552ms
[2935.876s][info][gc,cpu         ] GC(1966) User=0.00s Sys=0.00s Real=0.01s
[2938.303s][info][gc,start       ] GC(1967) Pause Young (Allocation Failure)
[2938.311s][info][gc,heap        ] GC(1967) DefNew: 564571K->6966K(629120K)
[2938.311s][info][gc,heap        ] GC(1967) Tenured: 52941K->52941K(1398144K)
[2938.311s][info][gc,metaspace   ] GC(1967) Metaspace: 90966K(98224K)->90966K(98224K) NonClass: 79596K(83632K)->79596K(83632K) Class: 11370K(14592K)->11370K(14592K)
[2938.311s][info][gc             ] GC(1967) Pause Young (Allocation Failure) 603M->58M(1979M) 8.056ms
[2938.311s][info][gc,cpu         ] GC(1967) User=0.00s Sys=0.00s Real=0.01s
[2940.318s][info][gc,start       ] GC(1968) Pause Young (Allocation Failure)
[2940.324s][info][gc,heap        ] GC(1968) DefNew: 564816K->6323K(629120K)
[2940.324s][info][gc,heap        ] GC(1968) Tenured: 52941K->52941K(1398144K)
[2940.324s][info][gc,metaspace   ] GC(1968) Metaspace: 90966K(98224K)->90966K(98224K) NonClass: 79596K(83632K)->79596K(83632K) Class: 11370K(14592K)->11370K(14592K)
[2940.324s][info][gc             ] GC(1968) Pause Young (Allocation Failure) 603M->57M(1979M) 6.723ms
[2940.324s][info][gc,cpu         ] GC(1968) User=0.00s Sys=0.00s Real=0.01s
[2941.629s][info][gc,start       ] GC(1969) Pause Young (Allocation Failure)
[2941.647s][info][gc,heap        ] GC(1969) DefNew: 565555K->11798K(629120K)
[2941.647s][info][gc,heap        ] GC(1969) Tenured: 52941K->52941K(1398144K)
[2941.647s][info][gc,metaspace   ] GC(1969) Metaspace: 90966K(98224K)->90966K(98224K) NonClass: 79596K(83632K)->79596K(83632K) Class: 11370K(14592K)->11370K(14592K)
[2941.647s][info][gc             ] GC(1969) Pause Young (Allocation Failure) 604M->63M(1979M) 18.374ms
[2941.647s][info][gc,cpu         ] GC(1969) User=0.00s Sys=0.00s Real=0.02s
[2942.159s][info][gc,start       ] GC(1970) Pause Young (Allocation Failure)
[2942.165s][info][gc,heap        ] GC(1970) DefNew: 570122K->8521K(629120K)
[2942.165s][info][gc,heap        ] GC(1970) Tenured: 52941K->52941K(1398144K)
[2942.165s][info][gc,metaspace   ] GC(1970) Metaspace: 90966K(98224K)->90966K(98224K) NonClass: 79596K(83632K)->79596K(83632K) Class: 11370K(14592K)->11370K(14592K)
[2942.166s][info][gc             ] GC(1970) Pause Young (Allocation Failure) 608M->60M(1979M) 6.298ms
[2942.166s][info][gc,cpu         ] GC(1970) User=0.00s Sys=0.00s Real=0.01s
[2944.086s][info][gc,start       ] GC(1971) Pause Young (Allocation Failure)
[2944.094s][info][gc,heap        ] GC(1971) DefNew: 567753K->7169K(629120K)
[2944.094s][info][gc,heap        ] GC(1971) Tenured: 52941K->52941K(1398144K)
[2944.094s][info][gc,metaspace   ] GC(1971) Metaspace: 90966K(98224K)->90966K(98224K) NonClass: 79596K(83632K)->79596K(83632K) Class: 11370K(14592K)->11370K(14592K)
[2944.094s][info][gc             ] GC(1971) Pause Young (Allocation Failure) 606M->58M(1979M) 7.446ms
[2944.094s][info][gc,cpu         ] GC(1971) User=0.00s Sys=0.00s Real=0.01s
[2946.080s][info][gc,start       ] GC(1972) Pause Young (Allocation Failure)
[2946.086s][info][gc,heap        ] GC(1972) DefNew: 565561K->6205K(629120K)
[2946.086s][info][gc,heap        ] GC(1972) Tenured: 52941K->53402K(1398144K)
[2946.086s][info][gc,metaspace   ] GC(1972) Metaspace: 90975K(98224K)->90975K(98224K) NonClass: 79605K(83632K)->79605K(83632K) Class: 11370K(14592K)->11370K(14592K)
[2946.087s][info][gc             ] GC(1972) Pause Young (Allocation Failure) 604M->58M(1979M) 6.715ms
[2946.087s][info][gc,cpu         ] GC(1972) User=0.02s Sys=0.00s Real=0.01s
[2947.930s][info][gc,start       ] GC(1973) Pause Young (Allocation Failure)
[2947.940s][info][gc,heap        ] GC(1973) DefNew: 565437K->11158K(629120K)
[2947.940s][info][gc,heap        ] GC(1973) Tenured: 53402K->53614K(1398144K)
[2947.940s][info][gc,metaspace   ] GC(1973) Metaspace: 90975K(98224K)->90975K(98224K) NonClass: 79605K(83632K)->79605K(83632K) Class: 11370K(14592K)->11370K(14592K)
[2947.940s][info][gc             ] GC(1973) Pause Young (Allocation Failure) 604M->63M(1979M) 9.944ms
[2947.940s][info][gc,cpu         ] GC(1973) User=0.00s Sys=0.00s Real=0.01s
[2948.551s][info][gc,start       ] GC(1974) Pause Young (Allocation Failure)
[2948.559s][info][gc,heap        ] GC(1974) DefNew: 569575K->21505K(629120K)
[2948.559s][info][gc,heap        ] GC(1974) Tenured: 53614K->53799K(1398144K)
[2948.559s][info][gc,metaspace   ] GC(1974) Metaspace: 90975K(98224K)->90975K(98224K) NonClass: 79605K(83632K)->79605K(83632K) Class: 11370K(14592K)->11370K(14592K)
[2948.559s][info][gc             ] GC(1974) Pause Young (Allocation Failure) 608M->73M(1979M) 8.290ms
[2948.559s][info][gc,cpu         ] GC(1974) User=0.00s Sys=0.00s Real=0.01s
[2949.960s][info][gc,start       ] GC(1975) Pause Young (Allocation Failure)
[2949.967s][info][gc,heap        ] GC(1975) DefNew: 579929K->6031K(629120K)
[2949.967s][info][gc,heap        ] GC(1975) Tenured: 53799K->53950K(1398144K)
[2949.967s][info][gc,metaspace   ] GC(1975) Metaspace: 90975K(98224K)->90975K(98224K) NonClass: 79605K(83632K)->79605K(83632K) Class: 11370K(14592K)->11370K(14592K)
[2949.967s][info][gc             ] GC(1975) Pause Young (Allocation Failure) 618M->58M(1979M) 7.271ms
[2949.967s][info][gc,cpu         ] GC(1975) User=0.00s Sys=0.00s Real=0.01s
[2951.853s][info][gc,start       ] GC(1976) Pause Young (Allocation Failure)
[2951.860s][info][gc,heap        ] GC(1976) DefNew: 565240K->7726K(629120K)
[2951.860s][info][gc,heap        ] GC(1976) Tenured: 53950K->54029K(1398144K)
[2951.860s][info][gc,metaspace   ] GC(1976) Metaspace: 90975K(98224K)->90975K(98224K) NonClass: 79605K(83632K)->79605K(83632K) Class: 11370K(14592K)->11370K(14592K)
[2951.860s][info][gc             ] GC(1976) Pause Young (Allocation Failure) 604M->60M(1979M) 7.837ms
[2951.861s][info][gc,cpu         ] GC(1976) User=0.00s Sys=0.00s Real=0.01s
[2952.362s][info][gc,start       ] GC(1977) Pause Young (Allocation Failure)
[2952.370s][info][gc,heap        ] GC(1977) DefNew: 564720K->13417K(629120K)
[2952.371s][info][gc,heap        ] GC(1977) Tenured: 54029K->54263K(1398144K)
[2952.371s][info][gc,metaspace   ] GC(1977) Metaspace: 90975K(98224K)->90975K(98224K) NonClass: 79605K(83632K)->79605K(83632K) Class: 11370K(14592K)->11370K(14592K)
[2952.371s][info][gc             ] GC(1977) Pause Young (Allocation Failure) 604M->66M(1979M) 8.270ms
[2952.371s][info][gc,cpu         ] GC(1977) User=0.00s Sys=0.00s Real=0.01s
[2953.891s][info][gc,start       ] GC(1978) Pause Young (Allocation Failure)
[2953.898s][info][gc,heap        ] GC(1978) DefNew: 572648K->5729K(629120K)
[2953.898s][info][gc,heap        ] GC(1978) Tenured: 54263K->54402K(1398144K)
[2953.898s][info][gc,metaspace   ] GC(1978) Metaspace: 90975K(98224K)->90975K(98224K) NonClass: 79605K(83632K)->79605K(83632K) Class: 11370K(14592K)->11370K(14592K)
[2953.898s][info][gc             ] GC(1978) Pause Young (Allocation Failure) 612M->58M(1979M) 6.729ms
[2953.898s][info][gc,cpu         ] GC(1978) User=0.02s Sys=0.00s Real=0.01s
[2955.884s][info][gc,start       ] GC(1979) Pause Young (Allocation Failure)
[2955.893s][info][gc,heap        ] GC(1979) DefNew: 564961K->8151K(629120K)
[2955.893s][info][gc,heap        ] GC(1979) Tenured: 54402K->54565K(1398144K)
[2955.893s][info][gc,metaspace   ] GC(1979) Metaspace: 90975K(98224K)->90975K(98224K) NonClass: 79605K(83632K)->79605K(83632K) Class: 11370K(14592K)->11370K(14592K)
[2955.893s][info][gc             ] GC(1979) Pause Young (Allocation Failure) 604M->61M(1979M) 9.285ms
[2955.893s][info][gc,cpu         ] GC(1979) User=0.00s Sys=0.00s Real=0.01s
[2956.364s][info][gc,start       ] GC(1980) Pause Young (Allocation Failure)
[2956.371s][info][gc,heap        ] GC(1980) DefNew: 567383K->7979K(629120K)
[2956.371s][info][gc,heap        ] GC(1980) Tenured: 54565K->54681K(1398144K)
[2956.371s][info][gc,metaspace   ] GC(1980) Metaspace: 90975K(98224K)->90975K(98224K) NonClass: 79605K(83632K)->79605K(83632K) Class: 11370K(14592K)->11370K(14592K)
[2956.371s][info][gc             ] GC(1980) Pause Young (Allocation Failure) 607M->61M(1979M) 7.339ms
[2956.371s][info][gc,cpu         ] GC(1980) User=0.00s Sys=0.00s Real=0.01s
[2957.865s][info][gc,start       ] GC(1981) Pause Young (Allocation Failure)
[2957.873s][info][gc,heap        ] GC(1981) DefNew: 567211K->7519K(629120K)
[2957.873s][info][gc,heap        ] GC(1981) Tenured: 54681K->54838K(1398144K)
[2957.873s][info][gc,metaspace   ] GC(1981) Metaspace: 90975K(98224K)->90975K(98224K) NonClass: 79605K(83632K)->79605K(83632K) Class: 11370K(14592K)->11370K(14592K)
[2957.873s][info][gc             ] GC(1981) Pause Young (Allocation Failure) 607M->60M(1979M) 7.439ms
[2957.873s][info][gc,cpu         ] GC(1981) User=0.00s Sys=0.00s Real=0.01s
[2959.669s][info][gc,start       ] GC(1982) Pause Young (Allocation Failure)
[2959.677s][info][gc,heap        ] GC(1982) DefNew: 566751K->8496K(629120K)
[2959.677s][info][gc,heap        ] GC(1982) Tenured: 54838K->54951K(1398144K)
[2959.677s][info][gc,metaspace   ] GC(1982) Metaspace: 90975K(98224K)->90975K(98224K) NonClass: 79605K(83632K)->79605K(83632K) Class: 11370K(14592K)->11370K(14592K)
[2959.677s][info][gc             ] GC(1982) Pause Young (Allocation Failure) 607M->61M(1979M) 8.856ms
[2959.677s][info][gc,cpu         ] GC(1982) User=0.00s Sys=0.00s Real=0.01s
[2960.169s][info][gc,start       ] GC(1983) Pause Young (Allocation Failure)
[2960.176s][info][gc,heap        ] GC(1983) DefNew: 567325K->8346K(629120K)
[2960.176s][info][gc,heap        ] GC(1983) Tenured: 54951K->55141K(1398144K)
[2960.176s][info][gc,metaspace   ] GC(1983) Metaspace: 90975K(98224K)->90975K(98224K) NonClass: 79605K(83632K)->79605K(83632K) Class: 11370K(14592K)->11370K(14592K)
[2960.176s][info][gc             ] GC(1983) Pause Young (Allocation Failure) 607M->61M(1979M) 7.422ms
[2960.176s][info][gc,cpu         ] GC(1983) User=0.00s Sys=0.00s Real=0.01s
[2961.742s][info][gc,start       ] GC(1984) Pause Young (Allocation Failure)
[2961.748s][info][gc,heap        ] GC(1984) DefNew: 566742K->5620K(629120K)
[2961.748s][info][gc,heap        ] GC(1984) Tenured: 55141K->55258K(1398144K)
[2961.748s][info][gc,metaspace   ] GC(1984) Metaspace: 90975K(98224K)->90975K(98224K) NonClass: 79605K(83632K)->79605K(83632K) Class: 11370K(14592K)->11370K(14592K)
[2961.748s][info][gc             ] GC(1984) Pause Young (Allocation Failure) 607M->59M(1979M) 6.628ms
[2961.748s][info][gc,cpu         ] GC(1984) User=0.00s Sys=0.00s Real=0.01s
[2963.574s][info][gc,start       ] GC(1985) Pause Young (Allocation Failure)
[2963.584s][info][gc,heap        ] GC(1985) DefNew: 564852K->8512K(629120K)
[2963.584s][info][gc,heap        ] GC(1985) Tenured: 55258K->55340K(1398144K)
[2963.584s][info][gc,metaspace   ] GC(1985) Metaspace: 90975K(98224K)->90975K(98224K) NonClass: 79605K(83632K)->79605K(83632K) Class: 11370K(14592K)->11370K(14592K)
[2963.584s][info][gc             ] GC(1985) Pause Young (Allocation Failure) 605M->62M(1979M) 10.201ms
[2963.584s][info][gc,cpu         ] GC(1985) User=0.00s Sys=0.00s Real=0.01s
[2964.404s][info][gc,start       ] GC(1986) Pause Young (Allocation Failure)
[2964.413s][info][gc,heap        ] GC(1986) DefNew: 567744K->7002K(629120K)
[2964.413s][info][gc,heap        ] GC(1986) Tenured: 55340K->55536K(1398144K)
[2964.413s][info][gc,metaspace   ] GC(1986) Metaspace: 90976K(98224K)->90976K(98224K) NonClass: 79606K(83632K)->79606K(83632K) Class: 11370K(14592K)->11370K(14592K)
[2964.413s][info][gc             ] GC(1986) Pause Young (Allocation Failure) 608M->61M(1979M) 8.241ms
[2964.413s][info][gc,cpu         ] GC(1986) User=0.00s Sys=0.00s Real=0.01s
[2964.439s][info][gc,start       ] GC(1987) Pause Full (System.gc())
[2964.441s][info][gc,phases,start] GC(1987) Phase 1: Mark live objects
[2964.492s][info][gc,phases      ] GC(1987) Phase 1: Mark live objects 50.407ms
[2964.492s][info][gc,phases,start] GC(1987) Phase 2: Compute new object addresses
[2964.504s][info][gc,phases      ] GC(1987) Phase 2: Compute new object addresses 11.917ms
[2964.504s][info][gc,phases,start] GC(1987) Phase 3: Adjust pointers
[2964.534s][info][gc,phases      ] GC(1987) Phase 3: Adjust pointers 30.436ms
[2964.534s][info][gc,phases,start] GC(1987) Phase 4: Move objects
[2964.535s][info][gc,phases      ] GC(1987) Phase 4: Move objects 0.458ms
[2964.535s][info][gc,heap        ] GC(1987) DefNew: 27837K->0K(629120K)
[2964.535s][info][gc,heap        ] GC(1987) Tenured: 55536K->57711K(1398144K)
[2964.535s][info][gc,metaspace   ] GC(1987) Metaspace: 90976K(98224K)->90976K(98224K) NonClass: 79606K(83632K)->79606K(83632K) Class: 11370K(14592K)->11370K(14592K)
[2964.535s][info][gc             ] GC(1987) Pause Full (System.gc()) 81M->56M(1979M) 96.405ms
[2964.535s][info][gc,cpu         ] GC(1987) User=0.11s Sys=0.00s Real=0.10s
[2965.048s][info][gc,start       ] GC(1988) Pause Young (Allocation Failure)
[2965.052s][info][gc,heap        ] GC(1988) DefNew: 556880K->3056K(629120K)
[2965.052s][info][gc,heap        ] GC(1988) Tenured: 57711K->57711K(1398144K)
[2965.052s][info][gc,metaspace   ] GC(1988) Metaspace: 90976K(98224K)->90976K(98224K) NonClass: 79606K(83632K)->79606K(83632K) Class: 11370K(14592K)->11370K(14592K)
[2965.052s][info][gc             ] GC(1988) Pause Young (Allocation Failure) 600M->59M(1979M) 3.758ms
[2965.052s][info][gc,cpu         ] GC(1988) User=0.00s Sys=0.00s Real=0.00s
[2967.301s][info][gc,start       ] GC(1989) Pause Young (Allocation Failure)
[2967.306s][info][gc,heap        ] GC(1989) DefNew: 560495K->4391K(629120K)
[2967.306s][info][gc,heap        ] GC(1989) Tenured: 57711K->57711K(1398144K)
[2967.306s][info][gc,metaspace   ] GC(1989) Metaspace: 90976K(98224K)->90976K(98224K) NonClass: 79606K(83632K)->79606K(83632K) Class: 11370K(14592K)->11370K(14592K)
[2967.306s][info][gc             ] GC(1989) Pause Young (Allocation Failure) 603M->60M(1979M) 5.078ms
[2967.306s][info][gc,cpu         ] GC(1989) User=0.00s Sys=0.00s Real=0.01s
[2969.382s][info][gc,start       ] GC(1990) Pause Young (Allocation Failure)
[2969.388s][info][gc,heap        ] GC(1990) DefNew: 562978K->5033K(629120K)
[2969.388s][info][gc,heap        ] GC(1990) Tenured: 57711K->57711K(1398144K)
[2969.388s][info][gc,metaspace   ] GC(1990) Metaspace: 90976K(98224K)->90976K(98224K) NonClass: 79606K(83632K)->79606K(83632K) Class: 11370K(14592K)->11370K(14592K)
[2969.388s][info][gc             ] GC(1990) Pause Young (Allocation Failure) 606M->61M(1979M) 6.121ms
[2969.388s][info][gc,cpu         ] GC(1990) User=0.00s Sys=0.00s Real=0.01s
[2971.179s][info][gc,start       ] GC(1991) Pause Young (Allocation Failure)
[2971.187s][info][gc,heap        ] GC(1991) DefNew: 564265K->6736K(629120K)
[2971.187s][info][gc,heap        ] GC(1991) Tenured: 57711K->57711K(1398144K)
[2971.187s][info][gc,metaspace   ] GC(1991) Metaspace: 90976K(98224K)->90976K(98224K) NonClass: 79606K(83632K)->79606K(83632K) Class: 11370K(14592K)->11370K(14592K)
[2971.187s][info][gc             ] GC(1991) Pause Young (Allocation Failure) 607M->62M(1979M) 7.501ms
[2971.187s][info][gc,cpu         ] GC(1991) User=0.00s Sys=0.00s Real=0.01s
[2971.665s][info][gc,start       ] GC(1992) Pause Young (Allocation Failure)
[2971.671s][info][gc,heap        ] GC(1992) DefNew: 562778K->7614K(629120K)
[2971.671s][info][gc,heap        ] GC(1992) Tenured: 57711K->57711K(1398144K)
[2971.671s][info][gc,metaspace   ] GC(1992) Metaspace: 90976K(98224K)->90976K(98224K) NonClass: 79606K(83632K)->79606K(83632K) Class: 11370K(14592K)->11370K(14592K)
[2971.671s][info][gc             ] GC(1992) Pause Young (Allocation Failure) 605M->63M(1979M) 5.996ms
[2971.671s][info][gc,cpu         ] GC(1992) User=0.00s Sys=0.00s Real=0.01s
[2973.096s][info][gc,start       ] GC(1993) Pause Young (Allocation Failure)
[2973.102s][info][gc,heap        ] GC(1993) DefNew: 566846K->5562K(629120K)
[2973.102s][info][gc,heap        ] GC(1993) Tenured: 57711K->57711K(1398144K)
[2973.102s][info][gc,metaspace   ] GC(1993) Metaspace: 90976K(98224K)->90976K(98224K) NonClass: 79606K(83632K)->79606K(83632K) Class: 11370K(14592K)->11370K(14592K)
[2973.103s][info][gc             ] GC(1993) Pause Young (Allocation Failure) 609M->61M(1979M) 6.223ms
[2973.103s][info][gc,cpu         ] GC(1993) User=0.00s Sys=0.00s Real=0.01s
[2975.128s][info][gc,start       ] GC(1994) Pause Young (Allocation Failure)
[2975.133s][info][gc,heap        ] GC(1994) DefNew: 564794K->5340K(629120K)
[2975.133s][info][gc,heap        ] GC(1994) Tenured: 57711K->57711K(1398144K)
[2975.133s][info][gc,metaspace   ] GC(1994) Metaspace: 90976K(98224K)->90976K(98224K) NonClass: 79606K(83632K)->79606K(83632K) Class: 11370K(14592K)->11370K(14592K)
[2975.133s][info][gc             ] GC(1994) Pause Young (Allocation Failure) 607M->61M(1979M) 5.021ms
[2975.133s][info][gc,cpu         ] GC(1994) User=0.00s Sys=0.00s Real=0.01s
[2977.706s][info][gc,start       ] GC(1995) Pause Young (Allocation Failure)
[2977.712s][info][gc,heap        ] GC(1995) DefNew: 563818K->6214K(629120K)
[2977.712s][info][gc,heap        ] GC(1995) Tenured: 57711K->57711K(1398144K)
[2977.712s][info][gc,metaspace   ] GC(1995) Metaspace: 90976K(98224K)->90976K(98224K) NonClass: 79606K(83632K)->79606K(83632K) Class: 11370K(14592K)->11370K(14592K)
[2977.712s][info][gc             ] GC(1995) Pause Young (Allocation Failure) 606M->62M(1979M) 6.244ms
[2977.712s][info][gc,cpu         ] GC(1995) User=0.00s Sys=0.00s Real=0.01s
[2978.320s][info][gc,start       ] GC(1996) Pause Young (Allocation Failure)
[2978.328s][info][gc,heap        ] GC(1996) DefNew: 562640K->16457K(629120K)
[2978.328s][info][gc,heap        ] GC(1996) Tenured: 57711K->57711K(1398144K)
[2978.328s][info][gc,metaspace   ] GC(1996) Metaspace: 90976K(98224K)->90976K(98224K) NonClass: 79606K(83632K)->79606K(83632K) Class: 11370K(14592K)->11370K(14592K)
[2978.329s][info][gc             ] GC(1996) Pause Young (Allocation Failure) 605M->72M(1979M) 8.732ms
[2978.329s][info][gc,cpu         ] GC(1996) User=0.00s Sys=0.00s Real=0.01s
[2979.080s][info][gc,start       ] GC(1997) Pause Young (Allocation Failure)
[2979.085s][info][gc,heap        ] GC(1997) DefNew: 575689K->5120K(629120K)
[2979.085s][info][gc,heap        ] GC(1997) Tenured: 57711K->57711K(1398144K)
[2979.085s][info][gc,metaspace   ] GC(1997) Metaspace: 90976K(98224K)->90976K(98224K) NonClass: 79606K(83632K)->79606K(83632K) Class: 11370K(14592K)->11370K(14592K)
[2979.085s][info][gc             ] GC(1997) Pause Young (Allocation Failure) 618M->61M(1979M) 5.302ms
[2979.086s][info][gc,cpu         ] GC(1997) User=0.00s Sys=0.00s Real=0.01s
[2981.545s][info][gc,start       ] GC(1998) Pause Young (Allocation Failure)
[2981.551s][info][gc,heap        ] GC(1998) DefNew: 561062K->6163K(629120K)
[2981.551s][info][gc,heap        ] GC(1998) Tenured: 57711K->57711K(1398144K)
[2981.551s][info][gc,metaspace   ] GC(1998) Metaspace: 90976K(98224K)->90976K(98224K) NonClass: 79606K(83632K)->79606K(83632K) Class: 11370K(14592K)->11370K(14592K)
[2981.551s][info][gc             ] GC(1998) Pause Young (Allocation Failure) 604M->62M(1979M) 5.821ms
[2981.551s][info][gc,cpu         ] GC(1998) User=0.00s Sys=0.00s Real=0.01s
[2983.529s][info][gc,start       ] GC(1999) Pause Young (Allocation Failure)
[2983.536s][info][gc,heap        ] GC(1999) DefNew: 564874K->6474K(629120K)
[2983.536s][info][gc,heap        ] GC(1999) Tenured: 57711K->57711K(1398144K)
[2983.536s][info][gc,metaspace   ] GC(1999) Metaspace: 90976K(98224K)->90976K(98224K) NonClass: 79606K(83632K)->79606K(83632K) Class: 11370K(14592K)->11370K(14592K)
[2983.536s][info][gc             ] GC(1999) Pause Young (Allocation Failure) 607M->62M(1979M) 7.482ms
[2983.536s][info][gc,cpu         ] GC(1999) User=0.02s Sys=0.00s Real=0.01s
[2984.925s][info][gc,start       ] GC(2000) Pause Young (Allocation Failure)
[2984.943s][info][gc,heap        ] GC(2000) DefNew: 565706K->11565K(629120K)
[2984.943s][info][gc,heap        ] GC(2000) Tenured: 57711K->57711K(1398144K)
[2984.943s][info][gc,metaspace   ] GC(2000) Metaspace: 90976K(98224K)->90976K(98224K) NonClass: 79606K(83632K)->79606K(83632K) Class: 11370K(14592K)->11370K(14592K)
[2984.943s][info][gc             ] GC(2000) Pause Young (Allocation Failure) 608M->67M(1979M) 17.619ms
[2984.943s][info][gc,cpu         ] GC(2000) User=0.00s Sys=0.00s Real=0.02s
[2985.403s][info][gc,start       ] GC(2001) Pause Young (Allocation Failure)
[2985.411s][info][gc,heap        ] GC(2001) DefNew: 569856K->8617K(629120K)
[2985.411s][info][gc,heap        ] GC(2001) Tenured: 57711K->57711K(1398144K)
[2985.411s][info][gc,metaspace   ] GC(2001) Metaspace: 90976K(98224K)->90976K(98224K) NonClass: 79606K(83632K)->79606K(83632K) Class: 11370K(14592K)->11370K(14592K)
[2985.411s][info][gc             ] GC(2001) Pause Young (Allocation Failure) 612M->64M(1979M) 7.307ms
[2985.411s][info][gc,cpu         ] GC(2001) User=0.02s Sys=0.00s Real=0.01s
[2987.448s][info][gc,start       ] GC(2002) Pause Young (Allocation Failure)
[2987.456s][info][gc,heap        ] GC(2002) DefNew: 567849K->6760K(629120K)
[2987.456s][info][gc,heap        ] GC(2002) Tenured: 57711K->57711K(1398144K)
[2987.456s][info][gc,metaspace   ] GC(2002) Metaspace: 90976K(98224K)->90976K(98224K) NonClass: 79606K(83632K)->79606K(83632K) Class: 11370K(14592K)->11370K(14592K)
[2987.456s][info][gc             ] GC(2002) Pause Young (Allocation Failure) 610M->62M(1979M) 7.964ms
[2987.456s][info][gc,cpu         ] GC(2002) User=0.00s Sys=0.00s Real=0.01s
[2989.502s][info][gc,start       ] GC(2003) Pause Young (Allocation Failure)
[2989.508s][info][gc,heap        ] GC(2003) DefNew: 565117K->6206K(629120K)
[2989.509s][info][gc,heap        ] GC(2003) Tenured: 57711K->58172K(1398144K)
[2989.509s][info][gc,metaspace   ] GC(2003) Metaspace: 90976K(98224K)->90976K(98224K) NonClass: 79606K(83632K)->79606K(83632K) Class: 11370K(14592K)->11370K(14592K)
[2989.509s][info][gc             ] GC(2003) Pause Young (Allocation Failure) 608M->62M(1979M) 6.518ms
[2989.509s][info][gc,cpu         ] GC(2003) User=0.00s Sys=0.00s Real=0.01s
[2991.387s][info][gc,start       ] GC(2004) Pause Young (Allocation Failure)
[2991.398s][info][gc,heap        ] GC(2004) DefNew: 565438K->9679K(629120K)
[2991.398s][info][gc,heap        ] GC(2004) Tenured: 58172K->58362K(1398144K)
[2991.398s][info][gc,metaspace   ] GC(2004) Metaspace: 90976K(98224K)->90976K(98224K) NonClass: 79606K(83632K)->79606K(83632K) Class: 11370K(14592K)->11370K(14592K)
[2991.398s][info][gc             ] GC(2004) Pause Young (Allocation Failure) 608M->66M(1979M) 11.326ms
[2991.398s][info][gc,cpu         ] GC(2004) User=0.00s Sys=0.00s Real=0.01s
[2992.062s][info][gc,start       ] GC(2005) Pause Young (Allocation Failure)
[2992.069s][info][gc,heap        ] GC(2005) DefNew: 568867K->13132K(629120K)
[2992.069s][info][gc,heap        ] GC(2005) Tenured: 58362K->58548K(1398144K)
[2992.069s][info][gc,metaspace   ] GC(2005) Metaspace: 90976K(98224K)->90976K(98224K) NonClass: 79606K(83632K)->79606K(83632K) Class: 11370K(14592K)->11370K(14592K)
[2992.069s][info][gc             ] GC(2005) Pause Young (Allocation Failure) 612M->70M(1979M) 7.657ms
[2992.069s][info][gc,cpu         ] GC(2005) User=0.00s Sys=0.00s Real=0.01s
[2993.468s][info][gc,start       ] GC(2006) Pause Young (Allocation Failure)
[2993.475s][info][gc,heap        ] GC(2006) DefNew: 571738K->6085K(629120K)
[2993.475s][info][gc,heap        ] GC(2006) Tenured: 58548K->58695K(1398144K)
[2993.475s][info][gc,metaspace   ] GC(2006) Metaspace: 90976K(98224K)->90976K(98224K) NonClass: 79606K(83632K)->79606K(83632K) Class: 11370K(14592K)->11370K(14592K)
[2993.475s][info][gc             ] GC(2006) Pause Young (Allocation Failure) 615M->63M(1979M) 6.993ms
[2993.475s][info][gc,cpu         ] GC(2006) User=0.00s Sys=0.00s Real=0.01s
[2995.321s][info][gc,start       ] GC(2007) Pause Young (Allocation Failure)
[2995.329s][info][gc,heap        ] GC(2007) DefNew: 564058K->7776K(629120K)
[2995.329s][info][gc,heap        ] GC(2007) Tenured: 58695K->58760K(1398144K)
[2995.329s][info][gc,metaspace   ] GC(2007) Metaspace: 90976K(98224K)->90976K(98224K) NonClass: 79606K(83632K)->79606K(83632K) Class: 11370K(14592K)->11370K(14592K)
[2995.329s][info][gc             ] GC(2007) Pause Young (Allocation Failure) 608M->64M(1979M) 8.290ms
[2995.329s][info][gc,cpu         ] GC(2007) User=0.00s Sys=0.00s Real=0.01s
[2995.812s][info][gc,start       ] GC(2008) Pause Young (Allocation Failure)
[2995.820s][info][gc,heap        ] GC(2008) DefNew: 563731K->17833K(629120K)
[2995.820s][info][gc,heap        ] GC(2008) Tenured: 58760K->58947K(1398144K)
[2995.820s][info][gc,metaspace   ] GC(2008) Metaspace: 90976K(98224K)->90976K(98224K) NonClass: 79606K(83632K)->79606K(83632K) Class: 11370K(14592K)->11370K(14592K)
[2995.820s][info][gc             ] GC(2008) Pause Young (Allocation Failure) 607M->74M(1979M) 8.193ms
[2995.820s][info][gc,cpu         ] GC(2008) User=0.00s Sys=0.00s Real=0.01s
[2997.324s][info][gc,start       ] GC(2009) Pause Young (Allocation Failure)
[2997.331s][info][gc,heap        ] GC(2009) DefNew: 577065K->5846K(629120K)
[2997.331s][info][gc,heap        ] GC(2009) Tenured: 58947K->59085K(1398144K)
[2997.331s][info][gc,metaspace   ] GC(2009) Metaspace: 90976K(98224K)->90976K(98224K) NonClass: 79606K(83632K)->79606K(83632K) Class: 11370K(14592K)->11370K(14592K)
[2997.331s][info][gc             ] GC(2009) Pause Young (Allocation Failure) 621M->63M(1979M) 6.437ms
[2997.331s][info][gc,cpu         ] GC(2009) User=0.00s Sys=0.00s Real=0.01s
[2999.182s][info][gc,start       ] GC(2010) Pause Young (Allocation Failure)
[2999.190s][info][gc,heap        ] GC(2010) DefNew: 565078K->8010K(629120K)
[2999.190s][info][gc,heap        ] GC(2010) Tenured: 59085K->59245K(1398144K)
[2999.190s][info][gc,metaspace   ] GC(2010) Metaspace: 90976K(98224K)->90976K(98224K) NonClass: 79606K(83632K)->79606K(83632K) Class: 11370K(14592K)->11370K(14592K)
[2999.190s][info][gc             ] GC(2010) Pause Young (Allocation Failure) 609M->65M(1979M) 8.402ms
[2999.190s][info][gc,cpu         ] GC(2010) User=0.00s Sys=0.00s Real=0.01s
[2999.644s][info][gc,start       ] GC(2011) Pause Young (Allocation Failure)
[2999.651s][info][gc,heap        ] GC(2011) DefNew: 566004K->13098K(629120K)
[2999.651s][info][gc,heap        ] GC(2011) Tenured: 59245K->59369K(1398144K)
[2999.651s][info][gc,metaspace   ] GC(2011) Metaspace: 90976K(98224K)->90976K(98224K) NonClass: 79606K(83632K)->79606K(83632K) Class: 11370K(14592K)->11370K(14592K)
[2999.652s][info][gc             ] GC(2011) Pause Young (Allocation Failure) 610M->70M(1979M) 7.630ms
[2999.652s][info][gc,cpu         ] GC(2011) User=0.00s Sys=0.00s Real=0.01s
[3001.151s][info][gc,start       ] GC(2012) Pause Young (Allocation Failure)
[3001.158s][info][gc,heap        ] GC(2012) DefNew: 572330K->7866K(629120K)
[3001.158s][info][gc,heap        ] GC(2012) Tenured: 59369K->59481K(1398144K)
[3001.158s][info][gc,metaspace   ] GC(2012) Metaspace: 90976K(98224K)->90976K(98224K) NonClass: 79606K(83632K)->79606K(83632K) Class: 11370K(14592K)->11370K(14592K)
[3001.158s][info][gc             ] GC(2012) Pause Young (Allocation Failure) 616M->65M(1979M) 7.072ms
[3001.158s][info][gc,cpu         ] GC(2012) User=0.00s Sys=0.00s Real=0.01s
[3002.895s][info][gc,start       ] GC(2013) Pause Young (Allocation Failure)
[3002.904s][info][gc,heap        ] GC(2013) DefNew: 567098K->8619K(629120K)
[3002.904s][info][gc,heap        ] GC(2013) Tenured: 59481K->59642K(1398144K)
[3002.904s][info][gc,metaspace   ] GC(2013) Metaspace: 90976K(98224K)->90976K(98224K) NonClass: 79606K(83632K)->79606K(83632K) Class: 11370K(14592K)->11370K(14592K)
[3002.904s][info][gc             ] GC(2013) Pause Young (Allocation Failure) 611M->66M(1979M) 9.239ms
[3002.904s][info][gc,cpu         ] GC(2013) User=0.00s Sys=0.00s Real=0.01s
[3003.385s][info][gc,start       ] GC(2014) Pause Young (Allocation Failure)
[3003.393s][info][gc,heap        ] GC(2014) DefNew: 564921K->8455K(629120K)
[3003.393s][info][gc,heap        ] GC(2014) Tenured: 59642K->59829K(1398144K)
[3003.393s][info][gc,metaspace   ] GC(2014) Metaspace: 90976K(98224K)->90976K(98224K) NonClass: 79606K(83632K)->79606K(83632K) Class: 11370K(14592K)->11370K(14592K)
[3003.393s][info][gc             ] GC(2014) Pause Young (Allocation Failure) 609M->66M(1979M) 8.269ms
[3003.393s][info][gc,cpu         ] GC(2014) User=0.00s Sys=0.00s Real=0.01s
[3004.957s][info][gc,start       ] GC(2015) Pause Young (Allocation Failure)
[3004.963s][info][gc,heap        ] GC(2015) DefNew: 566829K->5573K(629120K)
[3004.963s][info][gc,heap        ] GC(2015) Tenured: 59829K->59953K(1398144K)
[3004.963s][info][gc,metaspace   ] GC(2015) Metaspace: 90976K(98224K)->90976K(98224K) NonClass: 79606K(83632K)->79606K(83632K) Class: 11370K(14592K)->11370K(14592K)
[3004.963s][info][gc             ] GC(2015) Pause Young (Allocation Failure) 611M->63M(1979M) 6.145ms
[3004.963s][info][gc,cpu         ] GC(2015) User=0.00s Sys=0.00s Real=0.01s
[3006.819s][info][gc,start       ] GC(2016) Pause Young (Allocation Failure)
[3006.830s][info][gc,heap        ] GC(2016) DefNew: 564071K->8645K(629120K)
[3006.830s][info][gc,heap        ] GC(2016) Tenured: 59953K->60034K(1398144K)
[3006.830s][info][gc,metaspace   ] GC(2016) Metaspace: 90976K(98224K)->90976K(98224K) NonClass: 79606K(83632K)->79606K(83632K) Class: 11370K(14592K)->11370K(14592K)
[3006.830s][info][gc             ] GC(2016) Pause Young (Allocation Failure) 609M->67M(1979M) 10.248ms
[3006.830s][info][gc,cpu         ] GC(2016) User=0.00s Sys=0.00s Real=0.01s
[3007.520s][info][gc,start       ] GC(2017) Pause Young (Allocation Failure)
[3007.528s][info][gc,heap        ] GC(2017) DefNew: 567877K->7609K(629120K)
[3007.528s][info][gc,heap        ] GC(2017) Tenured: 60034K->60227K(1398144K)
[3007.528s][info][gc,metaspace   ] GC(2017) Metaspace: 90979K(98224K)->90979K(98224K) NonClass: 79608K(83632K)->79608K(83632K) Class: 11371K(14592K)->11371K(14592K)
[3007.528s][info][gc             ] GC(2017) Pause Young (Allocation Failure) 613M->66M(1979M) 8.597ms
[3007.528s][info][gc,cpu         ] GC(2017) User=0.00s Sys=0.00s Real=0.01s
[3007.540s][info][gc,start       ] GC(2018) Pause Full (System.gc())
[3007.543s][info][gc,phases,start] GC(2018) Phase 1: Mark live objects
[3007.617s][info][gc,phases      ] GC(2018) Phase 1: Mark live objects 74.020ms
[3007.617s][info][gc,phases,start] GC(2018) Phase 2: Compute new object addresses
[3007.629s][info][gc,phases      ] GC(2018) Phase 2: Compute new object addresses 11.868ms
[3007.629s][info][gc,phases,start] GC(2018) Phase 3: Adjust pointers
[3007.659s][info][gc,phases      ] GC(2018) Phase 3: Adjust pointers 30.646ms
[3007.659s][info][gc,phases,start] GC(2018) Phase 4: Move objects
[3007.660s][info][gc,phases      ] GC(2018) Phase 4: Move objects 0.891ms
[3007.661s][info][gc,heap        ] GC(2018) DefNew: 27133K->0K(629120K)
[3007.661s][info][gc,heap        ] GC(2018) Tenured: 60227K->64112K(1398144K)
[3007.661s][info][gc,metaspace   ] GC(2018) Metaspace: 90979K(98224K)->90979K(98224K) NonClass: 79608K(83632K)->79608K(83632K) Class: 11371K(14592K)->11371K(14592K)
[3007.661s][info][gc             ] GC(2018) Pause Full (System.gc()) 85M->62M(1979M) 120.832ms
[3007.661s][info][gc,cpu         ] GC(2018) User=0.12s Sys=0.00s Real=0.12s
[3008.157s][info][gc,start       ] GC(2019) Pause Young (Allocation Failure)
[3008.161s][info][gc,heap        ] GC(2019) DefNew: 559232K->3058K(629120K)
[3008.161s][info][gc,heap        ] GC(2019) Tenured: 64112K->64112K(1398144K)
[3008.161s][info][gc,metaspace   ] GC(2019) Metaspace: 90978K(98224K)->90978K(98224K) NonClass: 79607K(83632K)->79607K(83632K) Class: 11370K(14592K)->11370K(14592K)
[3008.161s][info][gc             ] GC(2019) Pause Young (Allocation Failure) 608M->65M(1979M) 3.977ms
[3008.161s][info][gc,cpu         ] GC(2019) User=0.00s Sys=0.00s Real=0.00s
[3010.104s][info][gc,start       ] GC(2020) Pause Young (Allocation Failure)
[3010.108s][info][gc,heap        ] GC(2020) DefNew: 559248K->4394K(629120K)
[3010.108s][info][gc,heap        ] GC(2020) Tenured: 64112K->64112K(1398144K)
[3010.108s][info][gc,metaspace   ] GC(2020) Metaspace: 90978K(98224K)->90978K(98224K) NonClass: 79607K(83632K)->79607K(83632K) Class: 11370K(14592K)->11370K(14592K)
[3010.108s][info][gc             ] GC(2020) Pause Young (Allocation Failure) 608M->66M(1979M) 4.585ms
[3010.108s][info][gc,cpu         ] GC(2020) User=0.00s Sys=0.00s Real=0.00s
[3012.072s][info][gc,start       ] GC(2021) Pause Young (Allocation Failure)
[3012.077s][info][gc,heap        ] GC(2021) DefNew: 563307K->5100K(629120K)
[3012.077s][info][gc,heap        ] GC(2021) Tenured: 64112K->64112K(1398144K)
[3012.077s][info][gc,metaspace   ] GC(2021) Metaspace: 90978K(98224K)->90978K(98224K) NonClass: 79607K(83632K)->79607K(83632K) Class: 11370K(14592K)->11370K(14592K)
[3012.077s][info][gc             ] GC(2021) Pause Young (Allocation Failure) 612M->67M(1979M) 5.923ms
[3012.078s][info][gc,cpu         ] GC(2021) User=0.00s Sys=0.00s Real=0.01s
[3013.782s][info][gc,start       ] GC(2022) Pause Young (Allocation Failure)
[3013.790s][info][gc,heap        ] GC(2022) DefNew: 564332K->6683K(629120K)
[3013.790s][info][gc,heap        ] GC(2022) Tenured: 64112K->64112K(1398144K)
[3013.790s][info][gc,metaspace   ] GC(2022) Metaspace: 90978K(98224K)->90978K(98224K) NonClass: 79607K(83632K)->79607K(83632K) Class: 11370K(14592K)->11370K(14592K)
[3013.790s][info][gc             ] GC(2022) Pause Young (Allocation Failure) 613M->69M(1979M) 7.536ms
[3013.790s][info][gc,cpu         ] GC(2022) User=0.00s Sys=0.00s Real=0.01s
[3014.252s][info][gc,start       ] GC(2023) Pause Young (Allocation Failure)
[3014.258s][info][gc,heap        ] GC(2023) DefNew: 561868K->12272K(629120K)
[3014.258s][info][gc,heap        ] GC(2023) Tenured: 64112K->64112K(1398144K)
[3014.258s][info][gc,metaspace   ] GC(2023) Metaspace: 90978K(98224K)->90978K(98224K) NonClass: 79607K(83632K)->79607K(83632K) Class: 11370K(14592K)->11370K(14592K)
[3014.258s][info][gc             ] GC(2023) Pause Young (Allocation Failure) 611M->74M(1979M) 6.348ms
[3014.258s][info][gc,cpu         ] GC(2023) User=0.00s Sys=0.00s Real=0.01s
[3015.712s][info][gc,start       ] GC(2024) Pause Young (Allocation Failure)
[3015.719s][info][gc,heap        ] GC(2024) DefNew: 571504K->5512K(629120K)
[3015.719s][info][gc,heap        ] GC(2024) Tenured: 64112K->64112K(1398144K)
[3015.719s][info][gc,metaspace   ] GC(2024) Metaspace: 90978K(98224K)->90978K(98224K) NonClass: 79607K(83632K)->79607K(83632K) Class: 11370K(14592K)->11370K(14592K)
[3015.719s][info][gc             ] GC(2024) Pause Young (Allocation Failure) 620M->67M(1979M) 6.704ms
[3015.719s][info][gc,cpu         ] GC(2024) User=0.00s Sys=0.00s Real=0.01s
[3017.735s][info][gc,start       ] GC(2025) Pause Young (Allocation Failure)
[3017.740s][info][gc,heap        ] GC(2025) DefNew: 564744K->5336K(629120K)
[3017.740s][info][gc,heap        ] GC(2025) Tenured: 64112K->64112K(1398144K)
[3017.740s][info][gc,metaspace   ] GC(2025) Metaspace: 90978K(98224K)->90978K(98224K) NonClass: 79607K(83632K)->79607K(83632K) Class: 11370K(14592K)->11370K(14592K)
[3017.740s][info][gc             ] GC(2025) Pause Young (Allocation Failure) 614M->67M(1979M) 5.274ms
[3017.740s][info][gc,cpu         ] GC(2025) User=0.00s Sys=0.00s Real=0.00s
[3020.219s][info][gc,start       ] GC(2026) Pause Young (Allocation Failure)
[3020.225s][info][gc,heap        ] GC(2026) DefNew: 564141K->6300K(629120K)
[3020.225s][info][gc,heap        ] GC(2026) Tenured: 64112K->64112K(1398144K)
[3020.225s][info][gc,metaspace   ] GC(2026) Metaspace: 90978K(98224K)->90978K(98224K) NonClass: 79607K(83632K)->79607K(83632K) Class: 11370K(14592K)->11370K(14592K)
[3020.226s][info][gc             ] GC(2026) Pause Young (Allocation Failure) 613M->68M(1979M) 6.498ms
[3020.226s][info][gc,cpu         ] GC(2026) User=0.00s Sys=0.00s Real=0.01s
[3020.909s][info][gc,start       ] GC(2027) Pause Young (Allocation Failure)
[3020.918s][info][gc,heap        ] GC(2027) DefNew: 564240K->16301K(629120K)
[3020.918s][info][gc,heap        ] GC(2027) Tenured: 64112K->64112K(1398144K)
[3020.918s][info][gc,metaspace   ] GC(2027) Metaspace: 90978K(98224K)->90978K(98224K) NonClass: 79607K(83632K)->79607K(83632K) Class: 11370K(14592K)->11370K(14592K)
[3020.918s][info][gc             ] GC(2027) Pause Young (Allocation Failure) 613M->78M(1979M) 8.308ms
[3020.918s][info][gc,cpu         ] GC(2027) User=0.00s Sys=0.00s Real=0.01s
[3021.651s][info][gc,start       ] GC(2028) Pause Young (Allocation Failure)
[3021.656s][info][gc,heap        ] GC(2028) DefNew: 575533K->5009K(629120K)
[3021.656s][info][gc,heap        ] GC(2028) Tenured: 64112K->64112K(1398144K)
[3021.656s][info][gc,metaspace   ] GC(2028) Metaspace: 90978K(98224K)->90978K(98224K) NonClass: 79607K(83632K)->79607K(83632K) Class: 11370K(14592K)->11370K(14592K)
[3021.656s][info][gc             ] GC(2028) Pause Young (Allocation Failure) 624M->67M(1979M) 5.603ms
[3021.656s][info][gc,cpu         ] GC(2028) User=0.00s Sys=0.00s Real=0.01s
[3024.073s][info][gc,start       ] GC(2029) Pause Young (Allocation Failure)
[3024.079s][info][gc,heap        ] GC(2029) DefNew: 564241K->6690K(629120K)
[3024.079s][info][gc,heap        ] GC(2029) Tenured: 64112K->64112K(1398144K)
[3024.079s][info][gc,metaspace   ] GC(2029) Metaspace: 90978K(98224K)->90978K(98224K) NonClass: 79607K(83632K)->79607K(83632K) Class: 11370K(14592K)->11370K(14592K)
[3024.079s][info][gc             ] GC(2029) Pause Young (Allocation Failure) 613M->69M(1979M) 6.745ms
[3024.080s][info][gc,cpu         ] GC(2029) User=0.00s Sys=0.00s Real=0.01s
[3026.005s][info][gc,start       ] GC(2030) Pause Young (GCLocker Initiated GC)
[3026.014s][info][gc,heap        ] GC(2030) DefNew: 565957K->9465K(629120K)
[3026.014s][info][gc,heap        ] GC(2030) Tenured: 64112K->64112K(1398144K)
[3026.014s][info][gc,metaspace   ] GC(2030) Metaspace: 90978K(98224K)->90978K(98224K) NonClass: 79607K(83632K)->79607K(83632K) Class: 11370K(14592K)->11370K(14592K)
[3026.014s][info][gc             ] GC(2030) Pause Young (GCLocker Initiated GC) 615M->71M(1979M) 8.149ms
[3026.014s][info][gc,cpu         ] GC(2030) User=0.00s Sys=0.00s Real=0.01s
[3027.423s][info][gc,start       ] GC(2031) Pause Young (Allocation Failure)
[3027.440s][info][gc,heap        ] GC(2031) DefNew: 568697K->11338K(629120K)
[3027.440s][info][gc,heap        ] GC(2031) Tenured: 64112K->64112K(1398144K)
[3027.440s][info][gc,metaspace   ] GC(2031) Metaspace: 90978K(98224K)->90978K(98224K) NonClass: 79607K(83632K)->79607K(83632K) Class: 11370K(14592K)->11370K(14592K)
[3027.440s][info][gc             ] GC(2031) Pause Young (Allocation Failure) 617M->73M(1979M) 17.122ms
[3027.440s][info][gc,cpu         ] GC(2031) User=0.00s Sys=0.00s Real=0.02s
[3027.896s][info][gc,start       ] GC(2032) Pause Young (Allocation Failure)
[3027.904s][info][gc,heap        ] GC(2032) DefNew: 570570K->8700K(629120K)
[3027.904s][info][gc,heap        ] GC(2032) Tenured: 64112K->64112K(1398144K)
[3027.904s][info][gc,metaspace   ] GC(2032) Metaspace: 90978K(98224K)->90978K(98224K) NonClass: 79607K(83632K)->79607K(83632K) Class: 11370K(14592K)->11370K(14592K)
[3027.904s][info][gc             ] GC(2032) Pause Young (Allocation Failure) 619M->71M(1979M) 7.735ms
[3027.904s][info][gc,cpu         ] GC(2032) User=0.02s Sys=0.00s Real=0.01s
[3029.878s][info][gc,start       ] GC(2033) Pause Young (Allocation Failure)
[3029.886s][info][gc,heap        ] GC(2033) DefNew: 567932K->7046K(629120K)
[3029.886s][info][gc,heap        ] GC(2033) Tenured: 64112K->64112K(1398144K)
[3029.886s][info][gc,metaspace   ] GC(2033) Metaspace: 90978K(98224K)->90978K(98224K) NonClass: 79607K(83632K)->79607K(83632K) Class: 11370K(14592K)->11370K(14592K)
[3029.886s][info][gc             ] GC(2033) Pause Young (Allocation Failure) 617M->69M(1979M) 8.365ms
[3029.886s][info][gc,cpu         ] GC(2033) User=0.00s Sys=0.00s Real=0.01s
[3031.869s][info][gc,start       ] GC(2034) Pause Young (Allocation Failure)
[3031.877s][info][gc,heap        ] GC(2034) DefNew: 565957K->6373K(629120K)
[3031.877s][info][gc,heap        ] GC(2034) Tenured: 64112K->64579K(1398144K)
[3031.877s][info][gc,metaspace   ] GC(2034) Metaspace: 90978K(98224K)->90978K(98224K) NonClass: 79607K(83632K)->79607K(83632K) Class: 11370K(14592K)->11370K(14592K)
[3031.877s][info][gc             ] GC(2034) Pause Young (Allocation Failure) 615M->69M(1979M) 7.319ms
[3031.877s][info][gc,cpu         ] GC(2034) User=0.00s Sys=0.00s Real=0.01s
[3033.676s][info][gc,start       ] GC(2035) Pause Young (Allocation Failure)
[3033.686s][info][gc,heap        ] GC(2035) DefNew: 565605K->8448K(629120K)
[3033.686s][info][gc,heap        ] GC(2035) Tenured: 64579K->64767K(1398144K)
[3033.686s][info][gc,metaspace   ] GC(2035) Metaspace: 90978K(98224K)->90978K(98224K) NonClass: 79607K(83632K)->79607K(83632K) Class: 11370K(14592K)->11370K(14592K)
[3033.686s][info][gc             ] GC(2035) Pause Young (Allocation Failure) 615M->71M(1979M) 9.748ms
[3033.686s][info][gc,cpu         ] GC(2035) User=0.00s Sys=0.00s Real=0.01s
[3034.302s][info][gc,start       ] GC(2036) Pause Young (Allocation Failure)
[3034.310s][info][gc,heap        ] GC(2036) DefNew: 566085K->21752K(629120K)
[3034.310s][info][gc,heap        ] GC(2036) Tenured: 64767K->64953K(1398144K)
[3034.310s][info][gc,metaspace   ] GC(2036) Metaspace: 90978K(98224K)->90978K(98224K) NonClass: 79607K(83632K)->79607K(83632K) Class: 11370K(14592K)->11370K(14592K)
[3034.310s][info][gc             ] GC(2036) Pause Young (Allocation Failure) 616M->84M(1979M) 8.773ms
[3034.310s][info][gc,cpu         ] GC(2036) User=0.00s Sys=0.00s Real=0.01s
[3035.641s][info][gc,start       ] GC(2037) Pause Young (Allocation Failure)
[3035.649s][info][gc,heap        ] GC(2037) DefNew: 580984K->8809K(629120K)
[3035.649s][info][gc,heap        ] GC(2037) Tenured: 64953K->65118K(1398144K)
[3035.649s][info][gc,metaspace   ] GC(2037) Metaspace: 90978K(98224K)->90978K(98224K) NonClass: 79607K(83632K)->79607K(83632K) Class: 11370K(14592K)->11370K(14592K)
[3035.649s][info][gc             ] GC(2037) Pause Young (Allocation Failure) 630M->72M(1979M) 7.895ms
[3035.649s][info][gc,cpu         ] GC(2037) User=0.00s Sys=0.00s Real=0.01s
[3037.557s][info][gc,start       ] GC(2038) Pause Young (Allocation Failure)
[3037.567s][info][gc,heap        ] GC(2038) DefNew: 567479K->7821K(629120K)
[3037.567s][info][gc,heap        ] GC(2038) Tenured: 65118K->65184K(1398144K)
[3037.567s][info][gc,metaspace   ] GC(2038) Metaspace: 90978K(98224K)->90978K(98224K) NonClass: 79607K(83632K)->79607K(83632K) Class: 11370K(14592K)->11370K(14592K)
[3037.568s][info][gc             ] GC(2038) Pause Young (Allocation Failure) 617M->71M(1979M) 10.144ms
[3037.568s][info][gc,cpu         ] GC(2038) User=0.02s Sys=0.00s Real=0.01s
[3038.098s][info][gc,start       ] GC(2039) Pause Young (Allocation Failure)
[3038.107s][info][gc,heap        ] GC(2039) DefNew: 564354K->12646K(629120K)
[3038.107s][info][gc,heap        ] GC(2039) Tenured: 65184K->65364K(1398144K)
[3038.107s][info][gc,metaspace   ] GC(2039) Metaspace: 90978K(98224K)->90978K(98224K) NonClass: 79607K(83632K)->79607K(83632K) Class: 11370K(14592K)->11370K(14592K)
[3038.107s][info][gc             ] GC(2039) Pause Young (Allocation Failure) 614M->76M(1979M) 8.347ms
[3038.107s][info][gc,cpu         ] GC(2039) User=0.00s Sys=0.00s Real=0.01s
[3039.583s][info][gc,start       ] GC(2040) Pause Young (Allocation Failure)
[3039.589s][info][gc,heap        ] GC(2040) DefNew: 571878K->5555K(629120K)
[3039.589s][info][gc,heap        ] GC(2040) Tenured: 65364K->65502K(1398144K)
[3039.589s][info][gc,metaspace   ] GC(2040) Metaspace: 90978K(98224K)->90978K(98224K) NonClass: 79607K(83632K)->79607K(83632K) Class: 11370K(14592K)->11370K(14592K)
[3039.589s][info][gc             ] GC(2040) Pause Young (Allocation Failure) 622M->69M(1979M) 6.040ms
[3039.589s][info][gc,cpu         ] GC(2040) User=0.00s Sys=0.00s Real=0.01s
[3041.459s][info][gc,start       ] GC(2041) Pause Young (Allocation Failure)
[3041.469s][info][gc,heap        ] GC(2041) DefNew: 564787K->8301K(629120K)
[3041.469s][info][gc,heap        ] GC(2041) Tenured: 65502K->65661K(1398144K)
[3041.469s][info][gc,metaspace   ] GC(2041) Metaspace: 90978K(98224K)->90978K(98224K) NonClass: 79607K(83632K)->79607K(83632K) Class: 11370K(14592K)->11370K(14592K)
[3041.469s][info][gc             ] GC(2041) Pause Young (Allocation Failure) 615M->72M(1979M) 9.843ms
[3041.469s][info][gc,cpu         ] GC(2041) User=0.00s Sys=0.00s Real=0.01s
[3041.921s][info][gc,start       ] GC(2042) Pause Young (Allocation Failure)
[3041.929s][info][gc,heap        ] GC(2042) DefNew: 565186K->12285K(629120K)
[3041.929s][info][gc,heap        ] GC(2042) Tenured: 65661K->65782K(1398144K)
[3041.929s][info][gc,metaspace   ] GC(2042) Metaspace: 90978K(98224K)->90978K(98224K) NonClass: 79607K(83632K)->79607K(83632K) Class: 11370K(14592K)->11370K(14592K)
[3041.929s][info][gc             ] GC(2042) Pause Young (Allocation Failure) 616M->76M(1979M) 8.123ms
[3041.929s][info][gc,cpu         ] GC(2042) User=0.00s Sys=0.00s Real=0.01s
[3043.406s][info][gc,start       ] GC(2043) Pause Young (GCLocker Initiated GC)
[3043.413s][info][gc,heap        ] GC(2043) DefNew: 571577K->7163K(629120K)
[3043.413s][info][gc,heap        ] GC(2043) Tenured: 65782K->65892K(1398144K)
[3043.413s][info][gc,metaspace   ] GC(2043) Metaspace: 90978K(98224K)->90978K(98224K) NonClass: 79607K(83632K)->79607K(83632K) Class: 11370K(14592K)->11370K(14592K)
[3043.413s][info][gc             ] GC(2043) Pause Young (GCLocker Initiated GC) 622M->71M(1979M) 7.088ms
[3043.413s][info][gc,cpu         ] GC(2043) User=0.00s Sys=0.00s Real=0.01s
[3045.161s][info][gc,start       ] GC(2044) Pause Young (Allocation Failure)
[3045.170s][info][gc,heap        ] GC(2044) DefNew: 566395K->8570K(629120K)
[3045.170s][info][gc,heap        ] GC(2044) Tenured: 65892K->66050K(1398144K)
[3045.170s][info][gc,metaspace   ] GC(2044) Metaspace: 90978K(98224K)->90978K(98224K) NonClass: 79607K(83632K)->79607K(83632K) Class: 11370K(14592K)->11370K(14592K)
[3045.170s][info][gc             ] GC(2044) Pause Young (Allocation Failure) 617M->72M(1979M) 9.006ms
[3045.170s][info][gc,cpu         ] GC(2044) User=0.00s Sys=0.00s Real=0.01s
[3045.640s][info][gc,start       ] GC(2045) Pause Young (Allocation Failure)
[3045.647s][info][gc,heap        ] GC(2045) DefNew: 564875K->8304K(629120K)
[3045.647s][info][gc,heap        ] GC(2045) Tenured: 66050K->66241K(1398144K)
[3045.647s][info][gc,metaspace   ] GC(2045) Metaspace: 90978K(98224K)->90978K(98224K) NonClass: 79607K(83632K)->79607K(83632K) Class: 11370K(14592K)->11370K(14592K)
[3045.647s][info][gc             ] GC(2045) Pause Young (Allocation Failure) 616M->72M(1979M) 7.014ms
[3045.647s][info][gc,cpu         ] GC(2045) User=0.00s Sys=0.00s Real=0.01s
[3047.131s][info][gc,start       ] GC(2046) Pause Young (Allocation Failure)
[3047.139s][info][gc,heap        ] GC(2046) DefNew: 567536K->6442K(629120K)
[3047.139s][info][gc,heap        ] GC(2046) Tenured: 66241K->66362K(1398144K)
[3047.139s][info][gc,metaspace   ] GC(2046) Metaspace: 90978K(98224K)->90978K(98224K) NonClass: 79607K(83632K)->79607K(83632K) Class: 11370K(14592K)->11370K(14592K)
[3047.139s][info][gc             ] GC(2046) Pause Young (Allocation Failure) 618M->71M(1979M) 7.853ms
[3047.139s][info][gc,cpu         ] GC(2046) User=0.00s Sys=0.00s Real=0.01s
[3049.057s][info][gc,start       ] GC(2047) Pause Young (Allocation Failure)
[3049.067s][info][gc,heap        ] GC(2047) DefNew: 565674K->8129K(629120K)
[3049.067s][info][gc,heap        ] GC(2047) Tenured: 66362K->66443K(1398144K)
[3049.067s][info][gc,metaspace   ] GC(2047) Metaspace: 90978K(98224K)->90978K(98224K) NonClass: 79607K(83632K)->79607K(83632K) Class: 11370K(14592K)->11370K(14592K)
[3049.067s][info][gc             ] GC(2047) Pause Young (Allocation Failure) 617M->72M(1979M) 9.890ms
[3049.067s][info][gc,cpu         ] GC(2047) User=0.00s Sys=0.00s Real=0.01s
[3049.764s][info][gc,start       ] GC(2048) Pause Young (Allocation Failure)
[3049.773s][info][gc,heap        ] GC(2048) DefNew: 567361K->7414K(629120K)
[3049.773s][info][gc,heap        ] GC(2048) Tenured: 66443K->66637K(1398144K)
[3049.773s][info][gc,metaspace   ] GC(2048) Metaspace: 90978K(98224K)->90978K(98224K) NonClass: 79607K(83632K)->79607K(83632K) Class: 11370K(14592K)->11370K(14592K)
[3049.773s][info][gc             ] GC(2048) Pause Young (Allocation Failure) 618M->72M(1979M) 9.087ms
[3049.773s][info][gc,cpu         ] GC(2048) User=0.00s Sys=0.00s Real=0.01s
[3049.788s][info][gc,start       ] GC(2049) Pause Full (System.gc())
[3049.790s][info][gc,phases,start] GC(2049) Phase 1: Mark live objects
[3049.841s][info][gc,phases      ] GC(2049) Phase 1: Mark live objects 51.639ms
[3049.841s][info][gc,phases,start] GC(2049) Phase 2: Compute new object addresses
[3049.855s][info][gc,phases      ] GC(2049) Phase 2: Compute new object addresses 13.099ms
[3049.855s][info][gc,phases,start] GC(2049) Phase 3: Adjust pointers
[3049.886s][info][gc,phases      ] GC(2049) Phase 3: Adjust pointers 31.188ms
[3049.886s][info][gc,phases,start] GC(2049) Phase 4: Move objects
[3049.887s][info][gc,phases      ] GC(2049) Phase 4: Move objects 0.929ms
[3049.888s][info][gc,heap        ] GC(2049) DefNew: 34989K->0K(629120K)
[3049.888s][info][gc,heap        ] GC(2049) Tenured: 66637K->70682K(1398144K)
[3049.888s][info][gc,metaspace   ] GC(2049) Metaspace: 90978K(98224K)->90978K(98224K) NonClass: 79607K(83632K)->79607K(83632K) Class: 11370K(14592K)->11370K(14592K)
[3049.888s][info][gc             ] GC(2049) Pause Full (System.gc()) 99M->69M(1979M) 100.022ms
[3049.888s][info][gc,cpu         ] GC(2049) User=0.11s Sys=0.00s Real=0.10s
[3050.356s][info][gc,start       ] GC(2050) Pause Young (Allocation Failure)
[3050.360s][info][gc,heap        ] GC(2050) DefNew: 559232K->3059K(629120K)
[3050.360s][info][gc,heap        ] GC(2050) Tenured: 70682K->70682K(1398144K)
[3050.360s][info][gc,metaspace   ] GC(2050) Metaspace: 90978K(98224K)->90978K(98224K) NonClass: 79607K(83632K)->79607K(83632K) Class: 11370K(14592K)->11370K(14592K)
[3050.360s][info][gc             ] GC(2050) Pause Young (Allocation Failure) 615M->72M(1979M) 3.704ms
[3050.360s][info][gc,cpu         ] GC(2050) User=0.00s Sys=0.00s Real=0.00s
[3052.463s][info][gc,start       ] GC(2051) Pause Young (Allocation Failure)
[3052.468s][info][gc,heap        ] GC(2051) DefNew: 559452K->4392K(629120K)
[3052.468s][info][gc,heap        ] GC(2051) Tenured: 70682K->70682K(1398144K)
[3052.468s][info][gc,metaspace   ] GC(2051) Metaspace: 90978K(98224K)->90978K(98224K) NonClass: 79607K(83632K)->79607K(83632K) Class: 11370K(14592K)->11370K(14592K)
[3052.468s][info][gc             ] GC(2051) Pause Young (Allocation Failure) 615M->73M(1979M) 5.215ms
[3052.468s][info][gc,cpu         ] GC(2051) User=0.00s Sys=0.00s Real=0.00s
[3054.416s][info][gc,start       ] GC(2052) Pause Young (Allocation Failure)
[3054.422s][info][gc,heap        ] GC(2052) DefNew: 562859K->5055K(629120K)
[3054.422s][info][gc,heap        ] GC(2052) Tenured: 70682K->70682K(1398144K)
[3054.422s][info][gc,metaspace   ] GC(2052) Metaspace: 90978K(98224K)->90978K(98224K) NonClass: 79607K(83632K)->79607K(83632K) Class: 11370K(14592K)->11370K(14592K)
[3054.422s][info][gc             ] GC(2052) Pause Young (Allocation Failure) 618M->73M(1979M) 5.813ms
[3054.422s][info][gc,cpu         ] GC(2052) User=0.00s Sys=0.00s Real=0.01s
[3056.157s][info][gc,start       ] GC(2053) Pause Young (Allocation Failure)
[3056.164s][info][gc,heap        ] GC(2053) DefNew: 564287K->6632K(629120K)
[3056.164s][info][gc,heap        ] GC(2053) Tenured: 70682K->70682K(1398144K)
[3056.164s][info][gc,metaspace   ] GC(2053) Metaspace: 90978K(98224K)->90978K(98224K) NonClass: 79607K(83632K)->79607K(83632K) Class: 11370K(14592K)->11370K(14592K)
[3056.164s][info][gc             ] GC(2053) Pause Young (Allocation Failure) 620M->75M(1979M) 7.233ms
[3056.165s][info][gc,cpu         ] GC(2053) User=0.00s Sys=0.00s Real=0.01s
[3056.641s][info][gc,start       ] GC(2054) Pause Young (Allocation Failure)
[3056.648s][info][gc,heap        ] GC(2054) DefNew: 563799K->16816K(629120K)
[3056.648s][info][gc,heap        ] GC(2054) Tenured: 70682K->70682K(1398144K)
[3056.648s][info][gc,metaspace   ] GC(2054) Metaspace: 90978K(98224K)->90978K(98224K) NonClass: 79607K(83632K)->79607K(83632K) Class: 11370K(14592K)->11370K(14592K)
[3056.648s][info][gc             ] GC(2054) Pause Young (Allocation Failure) 619M->85M(1979M) 7.160ms
[3056.648s][info][gc,cpu         ] GC(2054) User=0.00s Sys=0.00s Real=0.01s
[3058.140s][info][gc,start       ] GC(2055) Pause Young (Allocation Failure)
[3058.146s][info][gc,heap        ] GC(2055) DefNew: 576048K->5210K(629120K)
[3058.146s][info][gc,heap        ] GC(2055) Tenured: 70682K->70682K(1398144K)
[3058.146s][info][gc,metaspace   ] GC(2055) Metaspace: 90978K(98224K)->90978K(98224K) NonClass: 79607K(83632K)->79607K(83632K) Class: 11370K(14592K)->11370K(14592K)
[3058.146s][info][gc             ] GC(2055) Pause Young (Allocation Failure) 631M->74M(1979M) 6.178ms
[3058.146s][info][gc,cpu         ] GC(2055) User=0.00s Sys=0.00s Real=0.01s
[3060.178s][info][gc,start       ] GC(2056) Pause Young (Allocation Failure)
[3060.183s][info][gc,heap        ] GC(2056) DefNew: 564442K->5171K(629120K)
[3060.183s][info][gc,heap        ] GC(2056) Tenured: 70682K->70682K(1398144K)
[3060.183s][info][gc,metaspace   ] GC(2056) Metaspace: 90978K(98224K)->90978K(98224K) NonClass: 79607K(83632K)->79607K(83632K) Class: 11370K(14592K)->11370K(14592K)
[3060.183s][info][gc             ] GC(2056) Pause Young (Allocation Failure) 620M->74M(1979M) 5.060ms
[3060.183s][info][gc,cpu         ] GC(2056) User=0.00s Sys=0.00s Real=0.00s
[3062.734s][info][gc,start       ] GC(2057) Pause Young (Allocation Failure)
[3062.741s][info][gc,heap        ] GC(2057) DefNew: 564403K->6278K(629120K)
[3062.741s][info][gc,heap        ] GC(2057) Tenured: 70682K->70682K(1398144K)
[3062.741s][info][gc,metaspace   ] GC(2057) Metaspace: 90978K(98224K)->90978K(98224K) NonClass: 79607K(83632K)->79607K(83632K) Class: 11370K(14592K)->11370K(14592K)
[3062.741s][info][gc             ] GC(2057) Pause Young (Allocation Failure) 620M->75M(1979M) 6.625ms
[3062.741s][info][gc,cpu         ] GC(2057) User=0.00s Sys=0.00s Real=0.01s
[3063.349s][info][gc,start       ] GC(2058) Pause Young (Allocation Failure)
[3063.357s][info][gc,heap        ] GC(2058) DefNew: 562491K->12192K(629120K)
[3063.357s][info][gc,heap        ] GC(2058) Tenured: 70682K->70682K(1398144K)
[3063.357s][info][gc,metaspace   ] GC(2058) Metaspace: 90978K(98224K)->90978K(98224K) NonClass: 79607K(83632K)->79607K(83632K) Class: 11370K(14592K)->11370K(14592K)
[3063.357s][info][gc             ] GC(2058) Pause Young (Allocation Failure) 618M->80M(1979M) 8.185ms
[3063.357s][info][gc,cpu         ] GC(2058) User=0.00s Sys=0.00s Real=0.01s
[3064.093s][info][gc,start       ] GC(2059) Pause Young (Allocation Failure)
[3064.098s][info][gc,heap        ] GC(2059) DefNew: 571424K->5246K(629120K)
[3064.098s][info][gc,heap        ] GC(2059) Tenured: 70682K->70682K(1398144K)
[3064.098s][info][gc,metaspace   ] GC(2059) Metaspace: 90978K(98224K)->90978K(98224K) NonClass: 79607K(83632K)->79607K(83632K) Class: 11370K(14592K)->11370K(14592K)
[3064.098s][info][gc             ] GC(2059) Pause Young (Allocation Failure) 627M->74M(1979M) 5.882ms
[3064.099s][info][gc,cpu         ] GC(2059) User=0.00s Sys=0.00s Real=0.01s
[3066.580s][info][gc,start       ] GC(2060) Pause Young (Allocation Failure)
[3066.587s][info][gc,heap        ] GC(2060) DefNew: 564413K->6829K(629120K)
[3066.587s][info][gc,heap        ] GC(2060) Tenured: 70682K->70682K(1398144K)
[3066.587s][info][gc,metaspace   ] GC(2060) Metaspace: 90978K(98224K)->90978K(98224K) NonClass: 79607K(83632K)->79607K(83632K) Class: 11370K(14592K)->11370K(14592K)
[3066.587s][info][gc             ] GC(2060) Pause Young (Allocation Failure) 620M->75M(1979M) 7.053ms
[3066.587s][info][gc,cpu         ] GC(2060) User=0.00s Sys=0.00s Real=0.01s
[3068.520s][info][gc,start       ] GC(2061) Pause Young (Allocation Failure)
[3068.529s][info][gc,heap        ] GC(2061) DefNew: 566061K->9480K(629120K)
[3068.529s][info][gc,heap        ] GC(2061) Tenured: 70682K->70682K(1398144K)
[3068.529s][info][gc,metaspace   ] GC(2061) Metaspace: 90978K(98224K)->90978K(98224K) NonClass: 79607K(83632K)->79607K(83632K) Class: 11370K(14592K)->11370K(14592K)
[3068.529s][info][gc             ] GC(2061) Pause Young (Allocation Failure) 621M->78M(1979M) 8.463ms
[3068.529s][info][gc,cpu         ] GC(2061) User=0.00s Sys=0.00s Real=0.01s
[3069.956s][info][gc,start       ] GC(2062) Pause Young (Allocation Failure)
[3069.973s][info][gc,heap        ] GC(2062) DefNew: 568712K->11468K(629120K)
[3069.973s][info][gc,heap        ] GC(2062) Tenured: 70682K->70682K(1398144K)
[3069.973s][info][gc,metaspace   ] GC(2062) Metaspace: 90978K(98224K)->90978K(98224K) NonClass: 79607K(83632K)->79607K(83632K) Class: 11370K(14592K)->11370K(14592K)
[3069.973s][info][gc             ] GC(2062) Pause Young (Allocation Failure) 624M->80M(1979M) 16.934ms
[3069.973s][info][gc,cpu         ] GC(2062) User=0.00s Sys=0.00s Real=0.02s
[3070.432s][info][gc,start       ] GC(2063) Pause Young (Allocation Failure)
[3070.439s][info][gc,heap        ] GC(2063) DefNew: 570700K->8776K(629120K)
[3070.439s][info][gc,heap        ] GC(2063) Tenured: 70682K->70682K(1398144K)
[3070.439s][info][gc,metaspace   ] GC(2063) Metaspace: 90978K(98224K)->90978K(98224K) NonClass: 79607K(83632K)->79607K(83632K) Class: 11370K(14592K)->11370K(14592K)
[3070.439s][info][gc             ] GC(2063) Pause Young (Allocation Failure) 626M->77M(1979M) 7.394ms
[3070.439s][info][gc,cpu         ] GC(2063) User=0.00s Sys=0.00s Real=0.01s
[3072.495s][info][gc,start       ] GC(2064) Pause Young (Allocation Failure)
[3072.503s][info][gc,heap        ] GC(2064) DefNew: 568008K->6892K(629120K)
[3072.503s][info][gc,heap        ] GC(2064) Tenured: 70682K->70682K(1398144K)
[3072.503s][info][gc,metaspace   ] GC(2064) Metaspace: 90978K(98224K)->90978K(98224K) NonClass: 79607K(83632K)->79607K(83632K) Class: 11370K(14592K)->11370K(14592K)
[3072.503s][info][gc             ] GC(2064) Pause Young (Allocation Failure) 623M->75M(1979M) 7.690ms
[3072.503s][info][gc,cpu         ] GC(2064) User=0.00s Sys=0.00s Real=0.01s
[3074.512s][info][gc,start       ] GC(2065) Pause Young (Allocation Failure)
[3074.520s][info][gc,heap        ] GC(2065) DefNew: 565739K->6573K(629120K)
[3074.520s][info][gc,heap        ] GC(2065) Tenured: 70682K->71148K(1398144K)
[3074.520s][info][gc,metaspace   ] GC(2065) Metaspace: 90978K(98224K)->90978K(98224K) NonClass: 79607K(83632K)->79607K(83632K) Class: 11370K(14592K)->11370K(14592K)
[3074.520s][info][gc             ] GC(2065) Pause Young (Allocation Failure) 621M->75M(1979M) 7.555ms
[3074.520s][info][gc,cpu         ] GC(2065) User=0.00s Sys=0.00s Real=0.01s
[3076.346s][info][gc,start       ] GC(2066) Pause Young (Allocation Failure)
[3076.355s][info][gc,heap        ] GC(2066) DefNew: 565932K->8371K(629120K)
[3076.355s][info][gc,heap        ] GC(2066) Tenured: 71148K->71337K(1398144K)
[3076.356s][info][gc,metaspace   ] GC(2066) Metaspace: 90978K(98224K)->90978K(98224K) NonClass: 79607K(83632K)->79607K(83632K) Class: 11370K(14592K)->11370K(14592K)
[3076.356s][info][gc             ] GC(2066) Pause Young (Allocation Failure) 622M->77M(1979M) 9.424ms
[3076.356s][info][gc,cpu         ] GC(2066) User=0.00s Sys=0.00s Real=0.01s
[3076.984s][info][gc,start       ] GC(2067) Pause Young (Allocation Failure)
[3076.992s][info][gc,heap        ] GC(2067) DefNew: 564408K->21230K(629120K)
[3076.992s][info][gc,heap        ] GC(2067) Tenured: 71337K->71541K(1398144K)
[3076.992s][info][gc,metaspace   ] GC(2067) Metaspace: 90978K(98224K)->90978K(98224K) NonClass: 79607K(83632K)->79607K(83632K) Class: 11370K(14592K)->11370K(14592K)
[3076.992s][info][gc             ] GC(2067) Pause Young (Allocation Failure) 620M->90M(1979M) 8.703ms
[3076.992s][info][gc,cpu         ] GC(2067) User=0.00s Sys=0.00s Real=0.01s
[3078.312s][info][gc,start       ] GC(2068) Pause Young (Allocation Failure)
[3078.319s][info][gc,heap        ] GC(2068) DefNew: 580462K->6215K(629120K)
[3078.319s][info][gc,heap        ] GC(2068) Tenured: 71541K->71689K(1398144K)
[3078.319s][info][gc,metaspace   ] GC(2068) Metaspace: 90978K(98224K)->90978K(98224K) NonClass: 79607K(83632K)->79607K(83632K) Class: 11370K(14592K)->11370K(14592K)
[3078.319s][info][gc             ] GC(2068) Pause Young (Allocation Failure) 636M->76M(1979M) 6.950ms
[3078.319s][info][gc,cpu         ] GC(2068) User=0.00s Sys=0.00s Real=0.01s
[3080.186s][info][gc,start       ] GC(2069) Pause Young (Allocation Failure)
[3080.196s][info][gc,heap        ] GC(2069) DefNew: 565447K->11673K(629120K)
[3080.196s][info][gc,heap        ] GC(2069) Tenured: 71689K->71756K(1398144K)
[3080.196s][info][gc,metaspace   ] GC(2069) Metaspace: 90978K(98224K)->90978K(98224K) NonClass: 79607K(83632K)->79607K(83632K) Class: 11370K(14592K)->11370K(14592K)
[3080.196s][info][gc             ] GC(2069) Pause Young (Allocation Failure) 622M->81M(1979M) 10.086ms
[3080.196s][info][gc,cpu         ] GC(2069) User=0.00s Sys=0.00s Real=0.01s
[3080.812s][info][gc,start       ] GC(2070) Pause Young (Allocation Failure)
[3080.820s][info][gc,heap        ] GC(2070) DefNew: 569119K->13638K(629120K)
[3080.820s][info][gc,heap        ] GC(2070) Tenured: 71756K->71937K(1398144K)
[3080.820s][info][gc,metaspace   ] GC(2070) Metaspace: 90978K(98224K)->90978K(98224K) NonClass: 79607K(83632K)->79607K(83632K) Class: 11370K(14592K)->11370K(14592K)
[3080.820s][info][gc             ] GC(2070) Pause Young (Allocation Failure) 625M->83M(1979M) 7.832ms
[3080.820s][info][gc,cpu         ] GC(2070) User=0.00s Sys=0.00s Real=0.01s
[3082.304s][info][gc,start       ] GC(2071) Pause Young (Allocation Failure)
[3082.312s][info][gc,heap        ] GC(2071) DefNew: 572677K->5616K(629120K)
[3082.312s][info][gc,heap        ] GC(2071) Tenured: 71937K->72074K(1398144K)
[3082.312s][info][gc,metaspace   ] GC(2071) Metaspace: 90978K(98224K)->90978K(98224K) NonClass: 79607K(83632K)->79607K(83632K) Class: 11370K(14592K)->11370K(14592K)
[3082.312s][info][gc             ] GC(2071) Pause Young (Allocation Failure) 629M->75M(1979M) 7.605ms
[3082.312s][info][gc,cpu         ] GC(2071) User=0.00s Sys=0.00s Real=0.01s
[3084.200s][info][gc,start       ] GC(2072) Pause Young (Allocation Failure)
[3084.211s][info][gc,heap        ] GC(2072) DefNew: 564848K->8444K(629120K)
[3084.211s][info][gc,heap        ] GC(2072) Tenured: 72074K->72235K(1398144K)
[3084.211s][info][gc,metaspace   ] GC(2072) Metaspace: 90978K(98224K)->90978K(98224K) NonClass: 79607K(83632K)->79607K(83632K) Class: 11370K(14592K)->11370K(14592K)
[3084.211s][info][gc             ] GC(2072) Pause Young (Allocation Failure) 621M->78M(1979M) 11.359ms
[3084.211s][info][gc,cpu         ] GC(2072) User=0.00s Sys=0.00s Real=0.01s
[3084.685s][info][gc,start       ] GC(2073) Pause Young (Allocation Failure)
[3084.693s][info][gc,heap        ] GC(2073) DefNew: 566359K->12965K(629120K)
[3084.693s][info][gc,heap        ] GC(2073) Tenured: 72235K->72358K(1398144K)
[3084.693s][info][gc,metaspace   ] GC(2073) Metaspace: 90978K(98224K)->90978K(98224K) NonClass: 79607K(83632K)->79607K(83632K) Class: 11370K(14592K)->11370K(14592K)
[3084.693s][info][gc             ] GC(2073) Pause Young (Allocation Failure) 623M->83M(1979M) 8.112ms
[3084.693s][info][gc,cpu         ] GC(2073) User=0.00s Sys=0.00s Real=0.01s
[3086.124s][info][gc,start       ] GC(2074) Pause Young (Allocation Failure)
[3086.132s][info][gc,heap        ] GC(2074) DefNew: 572197K->7085K(629120K)
[3086.132s][info][gc,heap        ] GC(2074) Tenured: 72358K->72466K(1398144K)
[3086.132s][info][gc,metaspace   ] GC(2074) Metaspace: 90978K(98224K)->90978K(98224K) NonClass: 79607K(83632K)->79607K(83632K) Class: 11370K(14592K)->11370K(14592K)
[3086.132s][info][gc             ] GC(2074) Pause Young (Allocation Failure) 629M->77M(1979M) 8.489ms
[3086.132s][info][gc,cpu         ] GC(2074) User=0.02s Sys=0.00s Real=0.01s
[3087.895s][info][gc,start       ] GC(2075) Pause Young (Allocation Failure)
[3087.904s][info][gc,heap        ] GC(2075) DefNew: 566317K->8429K(629120K)
[3087.904s][info][gc,heap        ] GC(2075) Tenured: 72466K->72625K(1398144K)
[3087.904s][info][gc,metaspace   ] GC(2075) Metaspace: 90978K(98224K)->90978K(98224K) NonClass: 79607K(83632K)->79607K(83632K) Class: 11370K(14592K)->11370K(14592K)
[3087.904s][info][gc             ] GC(2075) Pause Young (Allocation Failure) 623M->79M(1979M) 8.815ms
[3087.904s][info][gc,cpu         ] GC(2075) User=0.00s Sys=0.00s Real=0.01s
[3088.381s][info][gc,start       ] GC(2076) Pause Young (Allocation Failure)
[3088.389s][info][gc,heap        ] GC(2076) DefNew: 565661K->13995K(629120K)
[3088.389s][info][gc,heap        ] GC(2076) Tenured: 72625K->72816K(1398144K)
[3088.389s][info][gc,metaspace   ] GC(2076) Metaspace: 90978K(98224K)->90978K(98224K) NonClass: 79607K(83632K)->79607K(83632K) Class: 11370K(14592K)->11370K(14592K)
[3088.389s][info][gc             ] GC(2076) Pause Young (Allocation Failure) 623M->84M(1979M) 8.235ms
[3088.389s][info][gc,cpu         ] GC(2076) User=0.00s Sys=0.00s Real=0.01s
[3089.953s][info][gc,start       ] GC(2077) Pause Young (Allocation Failure)
[3089.960s][info][gc,heap        ] GC(2077) DefNew: 572234K->6041K(629120K)
[3089.960s][info][gc,heap        ] GC(2077) Tenured: 72816K->72939K(1398144K)
[3089.960s][info][gc,metaspace   ] GC(2077) Metaspace: 90978K(98224K)->90978K(98224K) NonClass: 79607K(83632K)->79607K(83632K) Class: 11370K(14592K)->11370K(14592K)
[3089.960s][info][gc             ] GC(2077) Pause Young (Allocation Failure) 629M->77M(1979M) 6.948ms
[3089.960s][info][gc,cpu         ] GC(2077) User=0.00s Sys=0.00s Real=0.01s
[3091.805s][info][gc,start       ] GC(2078) Pause Young (Allocation Failure)
[3091.815s][info][gc,heap        ] GC(2078) DefNew: 565273K->8373K(629120K)
[3091.815s][info][gc,heap        ] GC(2078) Tenured: 72939K->73019K(1398144K)
[3091.815s][info][gc,metaspace   ] GC(2078) Metaspace: 90978K(98224K)->90978K(98224K) NonClass: 79607K(83632K)->79607K(83632K) Class: 11370K(14592K)->11370K(14592K)
[3091.815s][info][gc             ] GC(2078) Pause Young (Allocation Failure) 623M->79M(1979M) 10.133ms
[3091.815s][info][gc,cpu         ] GC(2078) User=0.00s Sys=0.00s Real=0.01s
[3092.508s][info][gc,start       ] GC(2079) Pause Young (Allocation Failure)
[3092.517s][info][gc,heap        ] GC(2079) DefNew: 567605K->7384K(629120K)
[3092.517s][info][gc,heap        ] GC(2079) Tenured: 73019K->73215K(1398144K)
[3092.517s][info][gc,metaspace   ] GC(2079) Metaspace: 90978K(98224K)->90978K(98224K) NonClass: 79607K(83632K)->79607K(83632K) Class: 11370K(14592K)->11370K(14592K)
[3092.517s][info][gc             ] GC(2079) Pause Young (Allocation Failure) 625M->78M(1979M) 8.521ms
[3092.517s][info][gc,cpu         ] GC(2079) User=0.00s Sys=0.00s Real=0.01s
[3092.529s][info][gc,start       ] GC(2080) Pause Full (System.gc())
[3092.534s][info][gc,phases,start] GC(2080) Phase 1: Mark live objects
[3092.584s][info][gc,phases      ] GC(2080) Phase 1: Mark live objects 50.280ms
[3092.584s][info][gc,phases,start] GC(2080) Phase 2: Compute new object addresses
[3092.597s][info][gc,phases      ] GC(2080) Phase 2: Compute new object addresses 12.634ms
[3092.597s][info][gc,phases,start] GC(2080) Phase 3: Adjust pointers
[3092.628s][info][gc,phases      ] GC(2080) Phase 3: Adjust pointers 31.041ms
[3092.628s][info][gc,phases,start] GC(2080) Phase 4: Move objects
[3092.631s][info][gc,phases      ] GC(2080) Phase 4: Move objects 3.037ms
[3092.632s][info][gc,heap        ] GC(2080) DefNew: 32619K->0K(629120K)
[3092.632s][info][gc,heap        ] GC(2080) Tenured: 73215K->52622K(1398144K)
[3092.632s][info][gc,metaspace   ] GC(2080) Metaspace: 90978K(98224K)->90978K(98224K) NonClass: 79607K(83632K)->79607K(83632K) Class: 11370K(14592K)->11370K(14592K)
[3092.632s][info][gc             ] GC(2080) Pause Full (System.gc()) 103M->51M(1979M) 102.913ms
[3092.632s][info][gc,cpu         ] GC(2080) User=0.09s Sys=0.00s Real=0.10s
[3093.129s][info][gc,start       ] GC(2081) Pause Young (Allocation Failure)
[3093.133s][info][gc,heap        ] GC(2081) DefNew: 557866K->3057K(629120K)
[3093.133s][info][gc,heap        ] GC(2081) Tenured: 52622K->52622K(1398144K)
[3093.133s][info][gc,metaspace   ] GC(2081) Metaspace: 90978K(98224K)->90978K(98224K) NonClass: 79607K(83632K)->79607K(83632K) Class: 11370K(14592K)->11370K(14592K)
[3093.133s][info][gc             ] GC(2081) Pause Young (Allocation Failure) 596M->54M(1979M) 3.488ms
[3093.133s][info][gc,cpu         ] GC(2081) User=0.00s Sys=0.00s Real=0.00s
[3095.079s][info][gc,start       ] GC(2082) Pause Young (Allocation Failure)
[3095.084s][info][gc,heap        ] GC(2082) DefNew: 561154K->4390K(629120K)
[3095.084s][info][gc,heap        ] GC(2082) Tenured: 52622K->52622K(1398144K)
[3095.084s][info][gc,metaspace   ] GC(2082) Metaspace: 90978K(98224K)->90978K(98224K) NonClass: 79607K(83632K)->79607K(83632K) Class: 11370K(14592K)->11370K(14592K)
[3095.084s][info][gc             ] GC(2082) Pause Young (Allocation Failure) 599M->55M(1979M) 4.492ms
[3095.084s][info][gc,cpu         ] GC(2082) User=0.00s Sys=0.00s Real=0.00s
[3097.058s][info][gc,start       ] GC(2083) Pause Young (Allocation Failure)
[3097.063s][info][gc,heap        ] GC(2083) DefNew: 562905K->4948K(629120K)
[3097.063s][info][gc,heap        ] GC(2083) Tenured: 52622K->52622K(1398144K)
[3097.063s][info][gc,metaspace   ] GC(2083) Metaspace: 90978K(98224K)->90978K(98224K) NonClass: 79607K(83632K)->79607K(83632K) Class: 11370K(14592K)->11370K(14592K)
[3097.063s][info][gc             ] GC(2083) Pause Young (Allocation Failure) 601M->56M(1979M) 5.216ms
[3097.063s][info][gc,cpu         ] GC(2083) User=0.00s Sys=0.00s Real=0.01s
[3098.770s][info][gc,start       ] GC(2084) Pause Young (Allocation Failure)
[3098.779s][info][gc,heap        ] GC(2084) DefNew: 564180K->6881K(629120K)
[3098.779s][info][gc,heap        ] GC(2084) Tenured: 52622K->52622K(1398144K)
[3098.779s][info][gc,metaspace   ] GC(2084) Metaspace: 90978K(98224K)->90978K(98224K) NonClass: 79607K(83632K)->79607K(83632K) Class: 11370K(14592K)->11370K(14592K)
[3098.779s][info][gc             ] GC(2084) Pause Young (Allocation Failure) 602M->58M(1979M) 8.394ms
[3098.779s][info][gc,cpu         ] GC(2084) User=0.00s Sys=0.00s Real=0.01s
[3099.254s][info][gc,start       ] GC(2085) Pause Young (Allocation Failure)
[3099.261s][info][gc,heap        ] GC(2085) DefNew: 564673K->11793K(629120K)
[3099.261s][info][gc,heap        ] GC(2085) Tenured: 52622K->52622K(1398144K)
[3099.261s][info][gc,metaspace   ] GC(2085) Metaspace: 90978K(98224K)->90978K(98224K) NonClass: 79607K(83632K)->79607K(83632K) Class: 11370K(14592K)->11370K(14592K)
[3099.261s][info][gc             ] GC(2085) Pause Young (Allocation Failure) 602M->62M(1979M) 6.560ms
[3099.261s][info][gc,cpu         ] GC(2085) User=0.00s Sys=0.00s Real=0.01s
[3100.751s][info][gc,start       ] GC(2086) Pause Young (GCLocker Initiated GC)
[3100.757s][info][gc,heap        ] GC(2086) DefNew: 571026K->6545K(629120K)
[3100.758s][info][gc,heap        ] GC(2086) Tenured: 52622K->52622K(1398144K)
[3100.758s][info][gc,metaspace   ] GC(2086) Metaspace: 90978K(98224K)->90978K(98224K) NonClass: 79607K(83632K)->79607K(83632K) Class: 11370K(14592K)->11370K(14592K)
[3100.758s][info][gc             ] GC(2086) Pause Young (GCLocker Initiated GC) 609M->57M(1979M) 6.340ms
[3100.758s][info][gc,cpu         ] GC(2086) User=0.00s Sys=0.00s Real=0.01s
[3102.747s][info][gc,start       ] GC(2087) Pause Young (Allocation Failure)
[3102.752s][info][gc,heap        ] GC(2087) DefNew: 565777K->5319K(629120K)
[3102.752s][info][gc,heap        ] GC(2087) Tenured: 52622K->52622K(1398144K)
[3102.752s][info][gc,metaspace   ] GC(2087) Metaspace: 90978K(98224K)->90978K(98224K) NonClass: 79607K(83632K)->79607K(83632K) Class: 11370K(14592K)->11370K(14592K)
[3102.752s][info][gc             ] GC(2087) Pause Young (Allocation Failure) 603M->56M(1979M) 5.046ms
[3102.752s][info][gc,cpu         ] GC(2087) User=0.00s Sys=0.00s Real=0.00s
[3105.297s][info][gc,start       ] GC(2088) Pause Young (Allocation Failure)
[3105.303s][info][gc,heap        ] GC(2088) DefNew: 564551K->5707K(629120K)
[3105.303s][info][gc,heap        ] GC(2088) Tenured: 52622K->52622K(1398144K)
[3105.303s][info][gc,metaspace   ] GC(2088) Metaspace: 90978K(98224K)->90978K(98224K) NonClass: 79607K(83632K)->79607K(83632K) Class: 11370K(14592K)->11370K(14592K)
[3105.303s][info][gc             ] GC(2088) Pause Young (Allocation Failure) 602M->56M(1979M) 6.203ms
[3105.304s][info][gc,cpu         ] GC(2088) User=0.00s Sys=0.00s Real=0.01s
[3105.913s][info][gc,start       ] GC(2089) Pause Young (Allocation Failure)
[3105.922s][info][gc,heap        ] GC(2089) DefNew: 564553K->20786K(629120K)
[3105.922s][info][gc,heap        ] GC(2089) Tenured: 52622K->52622K(1398144K)
[3105.922s][info][gc,metaspace   ] GC(2089) Metaspace: 90978K(98224K)->90978K(98224K) NonClass: 79607K(83632K)->79607K(83632K) Class: 11370K(14592K)->11370K(14592K)
[3105.922s][info][gc             ] GC(2089) Pause Young (Allocation Failure) 602M->71M(1979M) 9.017ms
[3105.922s][info][gc,cpu         ] GC(2089) User=0.00s Sys=0.00s Real=0.01s
[3106.664s][info][gc,start       ] GC(2090) Pause Young (Allocation Failure)
[3106.669s][info][gc,heap        ] GC(2090) DefNew: 580018K->5014K(629120K)
[3106.670s][info][gc,heap        ] GC(2090) Tenured: 52622K->52622K(1398144K)
[3106.670s][info][gc,metaspace   ] GC(2090) Metaspace: 90978K(98224K)->90978K(98224K) NonClass: 79607K(83632K)->79607K(83632K) Class: 11370K(14592K)->11370K(14592K)
[3106.670s][info][gc             ] GC(2090) Pause Young (Allocation Failure) 617M->56M(1979M) 5.806ms
[3106.670s][info][gc,cpu         ] GC(2090) User=0.00s Sys=0.00s Real=0.01s
[3109.117s][info][gc,start       ] GC(2091) Pause Young (Allocation Failure)
[3109.124s][info][gc,heap        ] GC(2091) DefNew: 564246K->6765K(629120K)
[3109.124s][info][gc,heap        ] GC(2091) Tenured: 52622K->52622K(1398144K)
[3109.124s][info][gc,metaspace   ] GC(2091) Metaspace: 90978K(98224K)->90978K(98224K) NonClass: 79607K(83632K)->79607K(83632K) Class: 11370K(14592K)->11370K(14592K)
[3109.124s][info][gc             ] GC(2091) Pause Young (Allocation Failure) 602M->57M(1979M) 6.798ms
[3109.124s][info][gc,cpu         ] GC(2091) User=0.00s Sys=0.00s Real=0.01s
[3111.140s][info][gc,start       ] GC(2092) Pause Young (Allocation Failure)
[3111.147s][info][gc,heap        ] GC(2092) DefNew: 564309K->6254K(629120K)
[3111.147s][info][gc,heap        ] GC(2092) Tenured: 52622K->52622K(1398144K)
[3111.147s][info][gc,metaspace   ] GC(2092) Metaspace: 90978K(98224K)->90978K(98224K) NonClass: 79607K(83632K)->79607K(83632K) Class: 11370K(14592K)->11370K(14592K)
[3111.147s][info][gc             ] GC(2092) Pause Young (Allocation Failure) 602M->57M(1979M) 6.256ms
[3111.147s][info][gc,cpu         ] GC(2092) User=0.00s Sys=0.00s Real=0.01s
[3112.491s][info][gc,start       ] GC(2093) Pause Young (Allocation Failure)
[3112.510s][info][gc,heap        ] GC(2093) DefNew: 565486K->11834K(629120K)
[3112.510s][info][gc,heap        ] GC(2093) Tenured: 52622K->52622K(1398144K)
[3112.510s][info][gc,metaspace   ] GC(2093) Metaspace: 90978K(98224K)->90978K(98224K) NonClass: 79607K(83632K)->79607K(83632K) Class: 11370K(14592K)->11370K(14592K)
[3112.510s][info][gc             ] GC(2093) Pause Young (Allocation Failure) 603M->62M(1979M) 18.575ms
[3112.510s][info][gc,cpu         ] GC(2093) User=0.00s Sys=0.00s Real=0.02s
[3113.021s][info][gc,start       ] GC(2094) Pause Young (Allocation Failure)
[3113.028s][info][gc,heap        ] GC(2094) DefNew: 570150K->8553K(629120K)
[3113.028s][info][gc,heap        ] GC(2094) Tenured: 52622K->52622K(1398144K)
[3113.028s][info][gc,metaspace   ] GC(2094) Metaspace: 90978K(98224K)->90978K(98224K) NonClass: 79607K(83632K)->79607K(83632K) Class: 11370K(14592K)->11370K(14592K)
[3113.028s][info][gc             ] GC(2094) Pause Young (Allocation Failure) 608M->59M(1979M) 6.848ms
[3113.028s][info][gc,cpu         ] GC(2094) User=0.00s Sys=0.00s Real=0.01s
[3115.025s][info][gc,start       ] GC(2095) Pause Young (Allocation Failure)
[3115.033s][info][gc,heap        ] GC(2095) DefNew: 567785K->7724K(629120K)
[3115.033s][info][gc,heap        ] GC(2095) Tenured: 52622K->52622K(1398144K)
[3115.033s][info][gc,metaspace   ] GC(2095) Metaspace: 90978K(98224K)->90978K(98224K) NonClass: 79607K(83632K)->79607K(83632K) Class: 11370K(14592K)->11370K(14592K)
[3115.033s][info][gc             ] GC(2095) Pause Young (Allocation Failure) 605M->58M(1979M) 8.078ms
[3115.034s][info][gc,cpu         ] GC(2095) User=0.00s Sys=0.00s Real=0.01s
[3117.012s][info][gc,start       ] GC(2096) Pause Young (Allocation Failure)
[3117.018s][info][gc,heap        ] GC(2096) DefNew: 564818K->6216K(629120K)
[3117.018s][info][gc,heap        ] GC(2096) Tenured: 52622K->53084K(1398144K)
[3117.018s][info][gc,metaspace   ] GC(2096) Metaspace: 90978K(98224K)->90978K(98224K) NonClass: 79607K(83632K)->79607K(83632K) Class: 11370K(14592K)->11370K(14592K)
[3117.018s][info][gc             ] GC(2096) Pause Young (Allocation Failure) 602M->57M(1979M) 6.578ms
[3117.018s][info][gc,cpu         ] GC(2096) User=0.00s Sys=0.00s Real=0.01s
[3118.875s][info][gc,start       ] GC(2097) Pause Young (Allocation Failure)
[3118.885s][info][gc,heap        ] GC(2097) DefNew: 565448K->11944K(629120K)
[3118.885s][info][gc,heap        ] GC(2097) Tenured: 53084K->53272K(1398144K)
[3118.885s][info][gc,metaspace   ] GC(2097) Metaspace: 90978K(98224K)->90978K(98224K) NonClass: 79607K(83632K)->79607K(83632K) Class: 11370K(14592K)->11370K(14592K)
[3118.885s][info][gc             ] GC(2097) Pause Young (Allocation Failure) 604M->63M(1979M) 10.235ms
[3118.885s][info][gc,cpu         ] GC(2097) User=0.00s Sys=0.00s Real=0.01s
[3119.525s][info][gc,start       ] GC(2098) Pause Young (Allocation Failure)
[3119.532s][info][gc,heap        ] GC(2098) DefNew: 567585K->13361K(629120K)
[3119.532s][info][gc,heap        ] GC(2098) Tenured: 53272K->53457K(1398144K)
[3119.533s][info][gc,metaspace   ] GC(2098) Metaspace: 90978K(98224K)->90978K(98224K) NonClass: 79607K(83632K)->79607K(83632K) Class: 11370K(14592K)->11370K(14592K)
[3119.533s][info][gc             ] GC(2098) Pause Young (Allocation Failure) 606M->65M(1979M) 7.592ms
[3119.533s][info][gc,cpu         ] GC(2098) User=0.00s Sys=0.00s Real=0.01s
[3120.924s][info][gc,start       ] GC(2099) Pause Young (Allocation Failure)
[3120.931s][info][gc,heap        ] GC(2099) DefNew: 572031K->5970K(629120K)
[3120.931s][info][gc,heap        ] GC(2099) Tenured: 53457K->53606K(1398144K)
[3120.931s][info][gc,metaspace   ] GC(2099) Metaspace: 90978K(98224K)->90978K(98224K) NonClass: 79607K(83632K)->79607K(83632K) Class: 11370K(14592K)->11370K(14592K)
[3120.931s][info][gc             ] GC(2099) Pause Young (Allocation Failure) 610M->58M(1979M) 6.839ms
[3120.931s][info][gc,cpu         ] GC(2099) User=0.05s Sys=0.00s Real=0.01s
[3122.785s][info][gc,start       ] GC(2100) Pause Young (Allocation Failure)
[3122.793s][info][gc,heap        ] GC(2100) DefNew: 564593K->7721K(629120K)
[3122.793s][info][gc,heap        ] GC(2100) Tenured: 53606K->53670K(1398144K)
[3122.793s][info][gc,metaspace   ] GC(2100) Metaspace: 90978K(98224K)->90978K(98224K) NonClass: 79607K(83632K)->79607K(83632K) Class: 11370K(14592K)->11370K(14592K)
[3122.793s][info][gc             ] GC(2100) Pause Young (Allocation Failure) 603M->59M(1979M) 7.982ms
[3122.793s][info][gc,cpu         ] GC(2100) User=0.00s Sys=0.00s Real=0.01s
[3123.294s][info][gc,start       ] GC(2101) Pause Young (Allocation Failure)
[3123.302s][info][gc,heap        ] GC(2101) DefNew: 564942K->13229K(629120K)
[3123.302s][info][gc,heap        ] GC(2101) Tenured: 53670K->53851K(1398144K)
[3123.302s][info][gc,metaspace   ] GC(2101) Metaspace: 90978K(98224K)->90978K(98224K) NonClass: 79607K(83632K)->79607K(83632K) Class: 11370K(14592K)->11370K(14592K)
[3123.302s][info][gc             ] GC(2101) Pause Young (Allocation Failure) 604M->65M(1979M) 7.795ms
[3123.302s][info][gc,cpu         ] GC(2101) User=0.00s Sys=0.00s Real=0.01s
[3124.805s][info][gc,start       ] GC(2102) Pause Young (Allocation Failure)
[3124.811s][info][gc,heap        ] GC(2102) DefNew: 570313K->5616K(629120K)
[3124.811s][info][gc,heap        ] GC(2102) Tenured: 53851K->53989K(1398144K)
[3124.811s][info][gc,metaspace   ] GC(2102) Metaspace: 90978K(98224K)->90978K(98224K) NonClass: 79607K(83632K)->79607K(83632K) Class: 11370K(14592K)->11370K(14592K)
[3124.811s][info][gc             ] GC(2102) Pause Young (Allocation Failure) 609M->58M(1979M) 6.006ms
[3124.811s][info][gc,cpu         ] GC(2102) User=0.00s Sys=0.00s Real=0.01s
[3126.683s][info][gc,start       ] GC(2103) Pause Young (Allocation Failure)
[3126.691s][info][gc,heap        ] GC(2103) DefNew: 564848K->8004K(629120K)
[3126.691s][info][gc,heap        ] GC(2103) Tenured: 53989K->54152K(1398144K)
[3126.691s][info][gc,metaspace   ] GC(2103) Metaspace: 90978K(98224K)->90978K(98224K) NonClass: 79607K(83632K)->79607K(83632K) Class: 11370K(14592K)->11370K(14592K)
[3126.691s][info][gc             ] GC(2103) Pause Young (Allocation Failure) 604M->60M(1979M) 7.979ms
[3126.691s][info][gc,cpu         ] GC(2103) User=0.00s Sys=0.00s Real=0.01s
[3127.147s][info][gc,start       ] GC(2104) Pause Young (Allocation Failure)
[3127.155s][info][gc,heap        ] GC(2104) DefNew: 565205K->12705K(629120K)
[3127.155s][info][gc,heap        ] GC(2104) Tenured: 54152K->54269K(1398144K)
[3127.155s][info][gc,metaspace   ] GC(2104) Metaspace: 90978K(98224K)->90978K(98224K) NonClass: 79607K(83632K)->79607K(83632K) Class: 11370K(14592K)->11370K(14592K)
[3127.155s][info][gc             ] GC(2104) Pause Young (Allocation Failure) 604M->65M(1979M) 7.997ms
[3127.155s][info][gc,cpu         ] GC(2104) User=0.00s Sys=0.00s Real=0.01s
[3128.648s][info][gc,start       ] GC(2105) Pause Young (Allocation Failure)
[3128.655s][info][gc,heap        ] GC(2105) DefNew: 571957K->7984K(629120K)
[3128.655s][info][gc,heap        ] GC(2105) Tenured: 54269K->54421K(1398144K)
[3128.655s][info][gc,metaspace   ] GC(2105) Metaspace: 90978K(98224K)->90978K(98224K) NonClass: 79607K(83632K)->79607K(83632K) Class: 11370K(14592K)->11370K(14592K)
[3128.655s][info][gc             ] GC(2105) Pause Young (Allocation Failure) 611M->60M(1979M) 7.707ms
[3128.655s][info][gc,cpu         ] GC(2105) User=0.00s Sys=0.00s Real=0.01s
[3130.373s][info][gc,start       ] GC(2106) Pause Young (Allocation Failure)
[3130.382s][info][gc,heap        ] GC(2106) DefNew: 567216K->8596K(629120K)
[3130.382s][info][gc,heap        ] GC(2106) Tenured: 54421K->54545K(1398144K)
[3130.382s][info][gc,metaspace   ] GC(2106) Metaspace: 90978K(98224K)->90978K(98224K) NonClass: 79607K(83632K)->79607K(83632K) Class: 11370K(14592K)->11370K(14592K)
[3130.382s][info][gc             ] GC(2106) Pause Young (Allocation Failure) 607M->61M(1979M) 8.988ms
[3130.382s][info][gc,cpu         ] GC(2106) User=0.00s Sys=0.00s Real=0.01s
[3130.859s][info][gc,start       ] GC(2107) Pause Young (Allocation Failure)
[3130.866s][info][gc,heap        ] GC(2107) DefNew: 567442K->9285K(629120K)
[3130.866s][info][gc,heap        ] GC(2107) Tenured: 54545K->54732K(1398144K)
[3130.866s][info][gc,metaspace   ] GC(2107) Metaspace: 90978K(98224K)->90978K(98224K) NonClass: 79607K(83632K)->79607K(83632K) Class: 11370K(14592K)->11370K(14592K)
[3130.866s][info][gc             ] GC(2107) Pause Young (Allocation Failure) 607M->62M(1979M) 7.514ms
[3130.866s][info][gc,cpu         ] GC(2107) User=0.00s Sys=0.00s Real=0.01s
[3132.457s][info][gc,start       ] GC(2108) Pause Young (Allocation Failure)
[3132.464s][info][gc,heap        ] GC(2108) DefNew: 568211K->5872K(629120K)
[3132.464s][info][gc,heap        ] GC(2108) Tenured: 54732K->54851K(1398144K)
[3132.464s][info][gc,metaspace   ] GC(2108) Metaspace: 90978K(98224K)->90978K(98224K) NonClass: 79607K(83632K)->79607K(83632K) Class: 11370K(14592K)->11370K(14592K)
[3132.464s][info][gc             ] GC(2108) Pause Young (Allocation Failure) 608M->59M(1979M) 6.974ms
[3132.464s][info][gc,cpu         ] GC(2108) User=0.00s Sys=0.00s Real=0.01s
[3134.333s][info][gc,start       ] GC(2109) Pause Young (Allocation Failure)
[3134.343s][info][gc,heap        ] GC(2109) DefNew: 565104K->8308K(629120K)
[3134.343s][info][gc,heap        ] GC(2109) Tenured: 54851K->54936K(1398144K)
[3134.343s][info][gc,metaspace   ] GC(2109) Metaspace: 90978K(98224K)->90978K(98224K) NonClass: 79607K(83632K)->79607K(83632K) Class: 11370K(14592K)->11370K(14592K)
[3134.343s][info][gc             ] GC(2109) Pause Young (Allocation Failure) 605M->61M(1979M) 9.509ms
[3134.343s][info][gc,cpu         ] GC(2109) User=0.00s Sys=0.00s Real=0.01s
[3135.061s][info][gc,start       ] GC(2110) Pause Young (Allocation Failure)
[3135.070s][info][gc,heap        ] GC(2110) DefNew: 567540K->7465K(629120K)
[3135.070s][info][gc,heap        ] GC(2110) Tenured: 54936K->55127K(1398144K)
[3135.070s][info][gc,metaspace   ] GC(2110) Metaspace: 90978K(98224K)->90978K(98224K) NonClass: 79607K(83632K)->79607K(83632K) Class: 11370K(14592K)->11370K(14592K)
[3135.070s][info][gc             ] GC(2110) Pause Young (Allocation Failure) 607M->61M(1979M) 8.323ms
[3135.070s][info][gc,cpu         ] GC(2110) User=0.00s Sys=0.00s Real=0.01s
[3135.098s][info][gc,start       ] GC(2111) Pause Full (System.gc())
[3135.100s][info][gc,phases,start] GC(2111) Phase 1: Mark live objects
[3135.151s][info][gc,phases      ] GC(2111) Phase 1: Mark live objects 50.627ms
[3135.151s][info][gc,phases,start] GC(2111) Phase 2: Compute new object addresses
[3135.163s][info][gc,phases      ] GC(2111) Phase 2: Compute new object addresses 12.714ms
[3135.164s][info][gc,phases,start] GC(2111) Phase 3: Adjust pointers
[3135.194s][info][gc,phases      ] GC(2111) Phase 3: Adjust pointers 30.380ms
[3135.194s][info][gc,phases,start] GC(2111) Phase 4: Move objects
[3135.194s][info][gc,phases      ] GC(2111) Phase 4: Move objects 0.478ms
[3135.195s][info][gc,heap        ] GC(2111) DefNew: 33994K->0K(629120K)
[3135.195s][info][gc,heap        ] GC(2111) Tenured: 55127K->57420K(1398144K)
[3135.195s][info][gc,metaspace   ] GC(2111) Metaspace: 90978K(98224K)->90978K(98224K) NonClass: 79607K(83632K)->79607K(83632K) Class: 11370K(14592K)->11370K(14592K)
[3135.195s][info][gc             ] GC(2111) Pause Full (System.gc()) 87M->56M(1979M) 97.195ms
[3135.195s][info][gc,cpu         ] GC(2111) User=0.12s Sys=0.00s Real=0.10s
[3135.680s][info][gc,start       ] GC(2112) Pause Young (Allocation Failure)
[3135.683s][info][gc,heap        ] GC(2112) DefNew: 557744K->3054K(629120K)
[3135.683s][info][gc,heap        ] GC(2112) Tenured: 57420K->57420K(1398144K)
[3135.683s][info][gc,metaspace   ] GC(2112) Metaspace: 90978K(98224K)->90978K(98224K) NonClass: 79607K(83632K)->79607K(83632K) Class: 11370K(14592K)->11370K(14592K)
[3135.683s][info][gc             ] GC(2112) Pause Young (Allocation Failure) 600M->59M(1979M) 3.338ms
[3135.683s][info][gc,cpu         ] GC(2112) User=0.00s Sys=0.00s Real=0.00s
[3137.655s][info][gc,start       ] GC(2113) Pause Young (Allocation Failure)
[3137.659s][info][gc,heap        ] GC(2113) DefNew: 560714K->4369K(629120K)
[3137.659s][info][gc,heap        ] GC(2113) Tenured: 57420K->57420K(1398144K)
[3137.659s][info][gc,metaspace   ] GC(2113) Metaspace: 90978K(98224K)->90978K(98224K) NonClass: 79607K(83632K)->79607K(83632K) Class: 11370K(14592K)->11370K(14592K)
[3137.659s][info][gc             ] GC(2113) Pause Young (Allocation Failure) 603M->60M(1979M) 4.432ms
[3137.659s][info][gc,cpu         ] GC(2113) User=0.00s Sys=0.00s Real=0.00s
[3139.604s][info][gc,start       ] GC(2114) Pause Young (Allocation Failure)
[3139.609s][info][gc,heap        ] GC(2114) DefNew: 562676K->5021K(629120K)
[3139.609s][info][gc,heap        ] GC(2114) Tenured: 57420K->57420K(1398144K)
[3139.609s][info][gc,metaspace   ] GC(2114) Metaspace: 90978K(98224K)->90978K(98224K) NonClass: 79607K(83632K)->79607K(83632K) Class: 11370K(14592K)->11370K(14592K)
[3139.609s][info][gc             ] GC(2114) Pause Young (Allocation Failure) 605M->60M(1979M) 5.213ms
[3139.610s][info][gc,cpu         ] GC(2114) User=0.00s Sys=0.00s Real=0.01s
[3141.332s][info][gc,start       ] GC(2115) Pause Young (Allocation Failure)
[3141.340s][info][gc,heap        ] GC(2115) DefNew: 564253K->6941K(629120K)
[3141.340s][info][gc,heap        ] GC(2115) Tenured: 57420K->57420K(1398144K)
[3141.340s][info][gc,metaspace   ] GC(2115) Metaspace: 90978K(98224K)->90978K(98224K) NonClass: 79607K(83632K)->79607K(83632K) Class: 11370K(14592K)->11370K(14592K)
[3141.340s][info][gc             ] GC(2115) Pause Young (Allocation Failure) 607M->62M(1979M) 8.301ms
[3141.340s][info][gc,cpu         ] GC(2115) User=0.00s Sys=0.00s Real=0.01s
[3141.826s][info][gc,start       ] GC(2116) Pause Young (Allocation Failure)
[3141.833s][info][gc,heap        ] GC(2116) DefNew: 562464K->7529K(629120K)
[3141.833s][info][gc,heap        ] GC(2116) Tenured: 57420K->57420K(1398144K)
[3141.833s][info][gc,metaspace   ] GC(2116) Metaspace: 90978K(98224K)->90978K(98224K) NonClass: 79607K(83632K)->79607K(83632K) Class: 11370K(14592K)->11370K(14592K)
[3141.833s][info][gc             ] GC(2116) Pause Young (Allocation Failure) 605M->63M(1979M) 6.559ms
[3141.833s][info][gc,cpu         ] GC(2116) User=0.00s Sys=0.00s Real=0.01s
[3143.256s][info][gc,start       ] GC(2117) Pause Young (Allocation Failure)
[3143.263s][info][gc,heap        ] GC(2117) DefNew: 566761K->5730K(629120K)
[3143.263s][info][gc,heap        ] GC(2117) Tenured: 57420K->57420K(1398144K)
[3143.263s][info][gc,metaspace   ] GC(2117) Metaspace: 90978K(98224K)->90978K(98224K) NonClass: 79607K(83632K)->79607K(83632K) Class: 11370K(14592K)->11370K(14592K)
[3143.263s][info][gc             ] GC(2117) Pause Young (Allocation Failure) 609M->61M(1979M) 6.595ms
[3143.263s][info][gc,cpu         ] GC(2117) User=0.00s Sys=0.00s Real=0.01s
[3145.343s][info][gc,start       ] GC(2118) Pause Young (Allocation Failure)
[3145.348s][info][gc,heap        ] GC(2118) DefNew: 564962K->5322K(629120K)
[3145.348s][info][gc,heap        ] GC(2118) Tenured: 57420K->57420K(1398144K)
[3145.348s][info][gc,metaspace   ] GC(2118) Metaspace: 90978K(98224K)->90978K(98224K) NonClass: 79607K(83632K)->79607K(83632K) Class: 11370K(14592K)->11370K(14592K)
[3145.348s][info][gc             ] GC(2118) Pause Young (Allocation Failure) 607M->61M(1979M) 5.316ms
[3145.348s][info][gc,cpu         ] GC(2118) User=0.00s Sys=0.00s Real=0.00s
[3147.842s][info][gc,start       ] GC(2119) Pause Young (Allocation Failure)
[3147.848s][info][gc,heap        ] GC(2119) DefNew: 563739K->6199K(629120K)
[3147.848s][info][gc,heap        ] GC(2119) Tenured: 57420K->57420K(1398144K)
[3147.848s][info][gc,metaspace   ] GC(2119) Metaspace: 90978K(98224K)->90978K(98224K) NonClass: 79607K(83632K)->79607K(83632K) Class: 11370K(14592K)->11370K(14592K)
[3147.848s][info][gc             ] GC(2119) Pause Young (Allocation Failure) 606M->62M(1979M) 6.323ms
[3147.848s][info][gc,cpu         ] GC(2119) User=0.00s Sys=0.00s Real=0.01s
[3148.467s][info][gc,start       ] GC(2120) Pause Young (Allocation Failure)
[3148.476s][info][gc,heap        ] GC(2120) DefNew: 563600K->21844K(629120K)
[3148.476s][info][gc,heap        ] GC(2120) Tenured: 57420K->57420K(1398144K)
[3148.476s][info][gc,metaspace   ] GC(2120) Metaspace: 90978K(98224K)->90978K(98224K) NonClass: 79607K(83632K)->79607K(83632K) Class: 11370K(14592K)->11370K(14592K)
[3148.476s][info][gc             ] GC(2120) Pause Young (Allocation Failure) 606M->77M(1979M) 9.215ms
[3148.476s][info][gc,cpu         ] GC(2120) User=0.00s Sys=0.00s Real=0.01s
[3149.206s][info][gc,start       ] GC(2121) Pause Young (Allocation Failure)
[3149.211s][info][gc,heap        ] GC(2121) DefNew: 581076K->5180K(629120K)
[3149.211s][info][gc,heap        ] GC(2121) Tenured: 57420K->57420K(1398144K)
[3149.211s][info][gc,metaspace   ] GC(2121) Metaspace: 90978K(98224K)->90978K(98224K) NonClass: 79607K(83632K)->79607K(83632K) Class: 11370K(14592K)->11370K(14592K)
[3149.211s][info][gc             ] GC(2121) Pause Young (Allocation Failure) 623M->61M(1979M) 4.929ms
[3149.211s][info][gc,cpu         ] GC(2121) User=0.00s Sys=0.00s Real=0.01s
[3151.751s][info][gc,start       ] GC(2122) Pause Young (Allocation Failure)
[3151.757s][info][gc,heap        ] GC(2122) DefNew: 563446K->6314K(629120K)
[3151.757s][info][gc,heap        ] GC(2122) Tenured: 57420K->57420K(1398144K)
[3151.757s][info][gc,metaspace   ] GC(2122) Metaspace: 90978K(98224K)->90978K(98224K) NonClass: 79607K(83632K)->79607K(83632K) Class: 11370K(14592K)->11370K(14592K)
[3151.757s][info][gc             ] GC(2122) Pause Young (Allocation Failure) 606M->62M(1979M) 5.867ms
[3151.757s][info][gc,cpu         ] GC(2122) User=0.00s Sys=0.00s Real=0.01s
[3153.731s][info][gc,start       ] GC(2123) Pause Young (Allocation Failure)
[3153.739s][info][gc,heap        ] GC(2123) DefNew: 564754K->6642K(629120K)
[3153.739s][info][gc,heap        ] GC(2123) Tenured: 57420K->57420K(1398144K)
[3153.739s][info][gc,metaspace   ] GC(2123) Metaspace: 90979K(98224K)->90979K(98224K) NonClass: 79608K(83632K)->79608K(83632K) Class: 11370K(14592K)->11370K(14592K)
[3153.739s][info][gc             ] GC(2123) Pause Young (Allocation Failure) 607M->62M(1979M) 7.765ms
[3153.739s][info][gc,cpu         ] GC(2123) User=0.00s Sys=0.00s Real=0.01s
[3155.058s][info][gc,start       ] GC(2124) Pause Young (Allocation Failure)
[3155.074s][info][gc,heap        ] GC(2124) DefNew: 565874K->11510K(629120K)
[3155.074s][info][gc,heap        ] GC(2124) Tenured: 57420K->57420K(1398144K)
[3155.074s][info][gc,metaspace   ] GC(2124) Metaspace: 90979K(98224K)->90979K(98224K) NonClass: 79608K(83632K)->79608K(83632K) Class: 11370K(14592K)->11370K(14592K)
[3155.074s][info][gc             ] GC(2124) Pause Young (Allocation Failure) 608M->67M(1979M) 16.796ms
[3155.075s][info][gc,cpu         ] GC(2124) User=0.00s Sys=0.00s Real=0.02s
[3155.533s][info][gc,start       ] GC(2125) Pause Young (Allocation Failure)
[3155.540s][info][gc,heap        ] GC(2125) DefNew: 570588K->8696K(629120K)
[3155.540s][info][gc,heap        ] GC(2125) Tenured: 57420K->57420K(1398144K)
[3155.540s][info][gc,metaspace   ] GC(2125) Metaspace: 90979K(98224K)->90979K(98224K) NonClass: 79608K(83632K)->79608K(83632K) Class: 11370K(14592K)->11370K(14592K)
[3155.540s][info][gc             ] GC(2125) Pause Young (Allocation Failure) 613M->64M(1979M) 7.200ms
[3155.541s][info][gc,cpu         ] GC(2125) User=0.00s Sys=0.00s Real=0.01s
[3157.559s][info][gc,start       ] GC(2126) Pause Young (Allocation Failure)
[3157.568s][info][gc,heap        ] GC(2126) DefNew: 567928K->7205K(629120K)
[3157.568s][info][gc,heap        ] GC(2126) Tenured: 57420K->57420K(1398144K)
[3157.568s][info][gc,metaspace   ] GC(2126) Metaspace: 90979K(98224K)->90979K(98224K) NonClass: 79608K(83632K)->79608K(83632K) Class: 11370K(14592K)->11370K(14592K)
[3157.568s][info][gc             ] GC(2126) Pause Young (Allocation Failure) 610M->63M(1979M) 9.607ms
[3157.568s][info][gc,cpu         ] GC(2126) User=0.00s Sys=0.00s Real=0.01s
[3159.567s][info][gc,start       ] GC(2127) Pause Young (Allocation Failure)
[3159.574s][info][gc,heap        ] GC(2127) DefNew: 566192K->6280K(629120K)
[3159.574s][info][gc,heap        ] GC(2127) Tenured: 57420K->57882K(1398144K)
[3159.574s][info][gc,metaspace   ] GC(2127) Metaspace: 90979K(98224K)->90979K(98224K) NonClass: 79608K(83632K)->79608K(83632K) Class: 11370K(14592K)->11370K(14592K)
[3159.574s][info][gc             ] GC(2127) Pause Young (Allocation Failure) 608M->62M(1979M) 6.923ms
[3159.574s][info][gc,cpu         ] GC(2127) User=0.00s Sys=0.00s Real=0.01s
[3161.373s][info][gc,start       ] GC(2128) Pause Young (Allocation Failure)
[3161.383s][info][gc,heap        ] GC(2128) DefNew: 565512K->8842K(629120K)
[3161.383s][info][gc,heap        ] GC(2128) Tenured: 57882K->58070K(1398144K)
[3161.383s][info][gc,metaspace   ] GC(2128) Metaspace: 90979K(98224K)->90979K(98224K) NonClass: 79608K(83632K)->79608K(83632K) Class: 11370K(14592K)->11370K(14592K)
[3161.383s][info][gc             ] GC(2128) Pause Young (Allocation Failure) 608M->65M(1979M) 10.221ms
[3161.383s][info][gc,cpu         ] GC(2128) User=0.00s Sys=0.00s Real=0.01s
[3162.020s][info][gc,start       ] GC(2129) Pause Young (Allocation Failure)
[3162.028s][info][gc,heap        ] GC(2129) DefNew: 567535K->17146K(629120K)
[3162.028s][info][gc,heap        ] GC(2129) Tenured: 58070K->58254K(1398144K)
[3162.028s][info][gc,metaspace   ] GC(2129) Metaspace: 90979K(98224K)->90979K(98224K) NonClass: 79608K(83632K)->79608K(83632K) Class: 11370K(14592K)->11370K(14592K)
[3162.028s][info][gc             ] GC(2129) Pause Young (Allocation Failure) 610M->73M(1979M) 8.446ms
[3162.028s][info][gc,cpu         ] GC(2129) User=0.00s Sys=0.00s Real=0.01s
[3163.357s][info][gc,start       ] GC(2130) Pause Young (Allocation Failure)
[3163.365s][info][gc,heap        ] GC(2130) DefNew: 576378K->8089K(629120K)
[3163.365s][info][gc,heap        ] GC(2130) Tenured: 58254K->58402K(1398144K)
[3163.365s][info][gc,metaspace   ] GC(2130) Metaspace: 90979K(98224K)->90979K(98224K) NonClass: 79608K(83632K)->79608K(83632K) Class: 11370K(14592K)->11370K(14592K)
[3163.365s][info][gc             ] GC(2130) Pause Young (Allocation Failure) 619M->64M(1979M) 7.508ms
[3163.365s][info][gc,cpu         ] GC(2130) User=0.00s Sys=0.00s Real=0.01s
[3165.328s][info][gc,start       ] GC(2131) Pause Young (Allocation Failure)
[3165.338s][info][gc,heap        ] GC(2131) DefNew: 566760K->7957K(629120K)
[3165.338s][info][gc,heap        ] GC(2131) Tenured: 58402K->58467K(1398144K)
[3165.338s][info][gc,metaspace   ] GC(2131) Metaspace: 90979K(98224K)->90979K(98224K) NonClass: 79608K(83632K)->79608K(83632K) Class: 11370K(14592K)->11370K(14592K)
[3165.338s][info][gc             ] GC(2131) Pause Young (Allocation Failure) 610M->64M(1979M) 10.451ms
[3165.338s][info][gc,cpu         ] GC(2131) User=0.02s Sys=0.00s Real=0.01s
[3165.930s][info][gc,start       ] GC(2132) Pause Young (Allocation Failure)
[3165.939s][info][gc,heap        ] GC(2132) DefNew: 563442K->17856K(629120K)
[3165.939s][info][gc,heap        ] GC(2132) Tenured: 58467K->58656K(1398144K)
[3165.939s][info][gc,metaspace   ] GC(2132) Metaspace: 90979K(98224K)->90979K(98224K) NonClass: 79608K(83632K)->79608K(83632K) Class: 11370K(14592K)->11370K(14592K)
[3165.939s][info][gc             ] GC(2132) Pause Young (Allocation Failure) 607M->74M(1979M) 8.975ms
[3165.939s][info][gc,cpu         ] GC(2132) User=0.00s Sys=0.00s Real=0.01s
[3167.657s][info][gc,start       ] GC(2133) Pause Young (Allocation Failure)
[3167.663s][info][gc,heap        ] GC(2133) DefNew: 576405K->5802K(629120K)
[3167.663s][info][gc,heap        ] GC(2133) Tenured: 58656K->58797K(1398144K)
[3167.663s][info][gc,metaspace   ] GC(2133) Metaspace: 90979K(98224K)->90979K(98224K) NonClass: 79608K(83632K)->79608K(83632K) Class: 11370K(14592K)->11370K(14592K)
[3167.663s][info][gc             ] GC(2133) Pause Young (Allocation Failure) 620M->63M(1979M) 6.445ms
[3167.663s][info][gc,cpu         ] GC(2133) User=0.00s Sys=0.00s Real=0.01s
[3169.528s][info][gc,start       ] GC(2134) Pause Young (Allocation Failure)
[3169.538s][info][gc,heap        ] GC(2134) DefNew: 565034K->8318K(629120K)
[3169.538s][info][gc,heap        ] GC(2134) Tenured: 58797K->58958K(1398144K)
[3169.538s][info][gc,metaspace   ] GC(2134) Metaspace: 90979K(98224K)->90979K(98224K) NonClass: 79608K(83632K)->79608K(83632K) Class: 11370K(14592K)->11370K(14592K)
[3169.538s][info][gc             ] GC(2134) Pause Young (Allocation Failure) 609M->65M(1979M) 10.117ms
[3169.538s][info][gc,cpu         ] GC(2134) User=0.00s Sys=0.00s Real=0.01s
[3169.991s][info][gc,start       ] GC(2135) Pause Young (Allocation Failure)
[3169.999s][info][gc,heap        ] GC(2135) DefNew: 564919K->13352K(629120K)
[3169.999s][info][gc,heap        ] GC(2135) Tenured: 58958K->59156K(1398144K)
[3169.999s][info][gc,metaspace   ] GC(2135) Metaspace: 90979K(98224K)->90979K(98224K) NonClass: 79608K(83632K)->79608K(83632K) Class: 11370K(14592K)->11370K(14592K)
[3169.999s][info][gc             ] GC(2135) Pause Young (Allocation Failure) 609M->70M(1979M) 8.087ms
[3169.999s][info][gc,cpu         ] GC(2135) User=0.00s Sys=0.00s Real=0.01s
[3171.509s][info][gc,start       ] GC(2136) Pause Young (Allocation Failure)
[3171.517s][info][gc,heap        ] GC(2136) DefNew: 572584K->7384K(629120K)
[3171.517s][info][gc,heap        ] GC(2136) Tenured: 59156K->59266K(1398144K)
[3171.517s][info][gc,metaspace   ] GC(2136) Metaspace: 90979K(98224K)->90979K(98224K) NonClass: 79608K(83632K)->79608K(83632K) Class: 11370K(14592K)->11370K(14592K)
[3171.517s][info][gc             ] GC(2136) Pause Young (Allocation Failure) 616M->65M(1979M) 7.780ms
[3171.517s][info][gc,cpu         ] GC(2136) User=0.00s Sys=0.00s Real=0.01s
[3173.299s][info][gc,start       ] GC(2137) Pause Young (Allocation Failure)
[3173.308s][info][gc,heap        ] GC(2137) DefNew: 566616K->8351K(629120K)
[3173.308s][info][gc,heap        ] GC(2137) Tenured: 59266K->59427K(1398144K)
[3173.308s][info][gc,metaspace   ] GC(2137) Metaspace: 90979K(98224K)->90979K(98224K) NonClass: 79608K(83632K)->79608K(83632K) Class: 11370K(14592K)->11370K(14592K)
[3173.308s][info][gc             ] GC(2137) Pause Young (Allocation Failure) 611M->66M(1979M) 8.455ms
[3173.308s][info][gc,cpu         ] GC(2137) User=0.00s Sys=0.00s Real=0.01s
[3173.800s][info][gc,start       ] GC(2138) Pause Young (Allocation Failure)
[3173.808s][info][gc,heap        ] GC(2138) DefNew: 563921K->8961K(629120K)
[3173.808s][info][gc,heap        ] GC(2138) Tenured: 59427K->59611K(1398144K)
[3173.808s][info][gc,metaspace   ] GC(2138) Metaspace: 90979K(98224K)->90979K(98224K) NonClass: 79608K(83632K)->79608K(83632K) Class: 11370K(14592K)->11370K(14592K)
[3173.808s][info][gc             ] GC(2138) Pause Young (Allocation Failure) 608M->66M(1979M) 7.438ms
[3173.808s][info][gc,cpu         ] GC(2138) User=0.02s Sys=0.00s Real=0.01s
[3175.278s][info][gc,start       ] GC(2139) Pause Young (Allocation Failure)
[3175.285s][info][gc,heap        ] GC(2139) DefNew: 568193K->7649K(629120K)
[3175.285s][info][gc,heap        ] GC(2139) Tenured: 59611K->59734K(1398144K)
[3175.285s][info][gc,metaspace   ] GC(2139) Metaspace: 90979K(98224K)->90979K(98224K) NonClass: 79608K(83632K)->79608K(83632K) Class: 11370K(14592K)->11370K(14592K)
[3175.285s][info][gc             ] GC(2139) Pause Young (Allocation Failure) 613M->65M(1979M) 7.533ms
[3175.285s][info][gc,cpu         ] GC(2139) User=0.00s Sys=0.00s Real=0.01s
[3177.231s][info][gc,start       ] GC(2140) Pause Young (Allocation Failure)
[3177.240s][info][gc,heap        ] GC(2140) DefNew: 566881K->8350K(629120K)
[3177.240s][info][gc,heap        ] GC(2140) Tenured: 59734K->59812K(1398144K)
[3177.240s][info][gc,metaspace   ] GC(2140) Metaspace: 90979K(98224K)->90979K(98224K) NonClass: 79608K(83632K)->79608K(83632K) Class: 11370K(14592K)->11370K(14592K)
[3177.240s][info][gc             ] GC(2140) Pause Young (Allocation Failure) 611M->66M(1979M) 9.653ms
[3177.240s][info][gc,cpu         ] GC(2140) User=0.00s Sys=0.00s Real=0.01s
[3177.927s][info][gc,start       ] GC(2141) Pause Young (Allocation Failure)
[3177.936s][info][gc,heap        ] GC(2141) DefNew: 567582K->7407K(629120K)
[3177.936s][info][gc,heap        ] GC(2141) Tenured: 59812K->60004K(1398144K)
[3177.936s][info][gc,metaspace   ] GC(2141) Metaspace: 90979K(98224K)->90979K(98224K) NonClass: 79608K(83632K)->79608K(83632K) Class: 11370K(14592K)->11370K(14592K)
[3177.936s][info][gc             ] GC(2141) Pause Young (Allocation Failure) 612M->65M(1979M) 9.018ms
[3177.936s][info][gc,cpu         ] GC(2141) User=0.00s Sys=0.00s Real=0.01s
[3177.966s][info][gc,start       ] GC(2142) Pause Full (System.gc())
[3177.971s][info][gc,phases,start] GC(2142) Phase 1: Mark live objects
[3178.022s][info][gc,phases      ] GC(2142) Phase 1: Mark live objects 50.623ms
[3178.022s][info][gc,phases,start] GC(2142) Phase 2: Compute new object addresses
[3178.035s][info][gc,phases      ] GC(2142) Phase 2: Compute new object addresses 13.665ms
[3178.035s][info][gc,phases,start] GC(2142) Phase 3: Adjust pointers
[3178.066s][info][gc,phases      ] GC(2142) Phase 3: Adjust pointers 30.802ms
[3178.066s][info][gc,phases,start] GC(2142) Phase 4: Move objects
[3178.067s][info][gc,phases      ] GC(2142) Phase 4: Move objects 0.547ms
[3178.067s][info][gc,heap        ] GC(2142) DefNew: 36708K->0K(629120K)
[3178.067s][info][gc,heap        ] GC(2142) Tenured: 60004K->62372K(1398144K)
[3178.067s][info][gc,metaspace   ] GC(2142) Metaspace: 90979K(98224K)->90979K(98224K) NonClass: 79608K(83632K)->79608K(83632K) Class: 11370K(14592K)->11370K(14592K)
[3178.068s][info][gc             ] GC(2142) Pause Full (System.gc()) 94M->60M(1979M) 101.530ms
[3178.068s][info][gc,cpu         ] GC(2142) User=0.09s Sys=0.00s Real=0.10s
[3178.571s][info][gc,start       ] GC(2143) Pause Young (Allocation Failure)
[3178.575s][info][gc,heap        ] GC(2143) DefNew: 558650K->3057K(629120K)
[3178.575s][info][gc,heap        ] GC(2143) Tenured: 62372K->62372K(1398144K)
[3178.575s][info][gc,metaspace   ] GC(2143) Metaspace: 90979K(98224K)->90979K(98224K) NonClass: 79608K(83632K)->79608K(83632K) Class: 11370K(14592K)->11370K(14592K)
[3178.575s][info][gc             ] GC(2143) Pause Young (Allocation Failure) 606M->63M(1979M) 3.787ms
[3178.575s][info][gc,cpu         ] GC(2143) User=0.00s Sys=0.00s Real=0.00s
[3180.505s][info][gc,start       ] GC(2144) Pause Young (Allocation Failure)
[3180.509s][info][gc,heap        ] GC(2144) DefNew: 561414K->4388K(629120K)
[3180.509s][info][gc,heap        ] GC(2144) Tenured: 62372K->62372K(1398144K)
[3180.509s][info][gc,metaspace   ] GC(2144) Metaspace: 90979K(98224K)->90979K(98224K) NonClass: 79608K(83632K)->79608K(83632K) Class: 11370K(14592K)->11370K(14592K)
[3180.509s][info][gc             ] GC(2144) Pause Young (Allocation Failure) 609M->65M(1979M) 4.734ms
[3180.509s][info][gc,cpu         ] GC(2144) User=0.00s Sys=0.00s Real=0.00s
[3182.536s][info][gc,start       ] GC(2145) Pause Young (Allocation Failure)
[3182.542s][info][gc,heap        ] GC(2145) DefNew: 562749K->5051K(629120K)
[3182.542s][info][gc,heap        ] GC(2145) Tenured: 62372K->62372K(1398144K)
[3182.542s][info][gc,metaspace   ] GC(2145) Metaspace: 90979K(98224K)->90979K(98224K) NonClass: 79608K(83632K)->79608K(83632K) Class: 11370K(14592K)->11370K(14592K)
[3182.542s][info][gc             ] GC(2145) Pause Young (Allocation Failure) 610M->65M(1979M) 5.565ms
[3182.542s][info][gc,cpu         ] GC(2145) User=0.00s Sys=0.00s Real=0.01s
[3184.272s][info][gc,start       ] GC(2146) Pause Young (Allocation Failure)
[3184.280s][info][gc,heap        ] GC(2146) DefNew: 564283K->7035K(629120K)
[3184.280s][info][gc,heap        ] GC(2146) Tenured: 62372K->62372K(1398144K)
[3184.280s][info][gc,metaspace   ] GC(2146) Metaspace: 90979K(98224K)->90979K(98224K) NonClass: 79608K(83632K)->79608K(83632K) Class: 11370K(14592K)->11370K(14592K)
[3184.280s][info][gc             ] GC(2146) Pause Young (Allocation Failure) 611M->67M(1979M) 8.427ms
[3184.281s][info][gc,cpu         ] GC(2146) User=0.00s Sys=0.00s Real=0.01s
[3184.776s][info][gc,start       ] GC(2147) Pause Young (Allocation Failure)
[3184.782s][info][gc,heap        ] GC(2147) DefNew: 566218K->12622K(629120K)
[3184.782s][info][gc,heap        ] GC(2147) Tenured: 62372K->62372K(1398144K)
[3184.782s][info][gc,metaspace   ] GC(2147) Metaspace: 90979K(98224K)->90979K(98224K) NonClass: 79608K(83632K)->79608K(83632K) Class: 11370K(14592K)->11370K(14592K)
[3184.782s][info][gc             ] GC(2147) Pause Young (Allocation Failure) 613M->73M(1979M) 6.505ms
[3184.782s][info][gc,cpu         ] GC(2147) User=0.00s Sys=0.00s Real=0.01s
[3186.233s][info][gc,start       ] GC(2148) Pause Young (GCLocker Initiated GC)
[3186.239s][info][gc,heap        ] GC(2148) DefNew: 571877K->6338K(629120K)
[3186.240s][info][gc,heap        ] GC(2148) Tenured: 62372K->62372K(1398144K)
[3186.240s][info][gc,metaspace   ] GC(2148) Metaspace: 90979K(98224K)->90979K(98224K) NonClass: 79608K(83632K)->79608K(83632K) Class: 11370K(14592K)->11370K(14592K)
[3186.240s][info][gc             ] GC(2148) Pause Young (GCLocker Initiated GC) 619M->67M(1979M) 6.333ms
[3186.240s][info][gc,cpu         ] GC(2148) User=0.00s Sys=0.00s Real=0.01s
[3188.241s][info][gc,start       ] GC(2149) Pause Young (Allocation Failure)
[3188.245s][info][gc,heap        ] GC(2149) DefNew: 565570K->5337K(629120K)
[3188.245s][info][gc,heap        ] GC(2149) Tenured: 62372K->62372K(1398144K)
[3188.245s][info][gc,metaspace   ] GC(2149) Metaspace: 90979K(98224K)->90979K(98224K) NonClass: 79608K(83632K)->79608K(83632K) Class: 11370K(14592K)->11370K(14592K)
[3188.245s][info][gc             ] GC(2149) Pause Young (Allocation Failure) 613M->66M(1979M) 4.975ms
[3188.246s][info][gc,cpu         ] GC(2149) User=0.00s Sys=0.00s Real=0.00s
[3190.682s][info][gc,start       ] GC(2150) Pause Young (Allocation Failure)
[3190.688s][info][gc,heap        ] GC(2150) DefNew: 564569K->5879K(629120K)
[3190.688s][info][gc,heap        ] GC(2150) Tenured: 62372K->62372K(1398144K)
[3190.688s][info][gc,metaspace   ] GC(2150) Metaspace: 90979K(98224K)->90979K(98224K) NonClass: 79608K(83632K)->79608K(83632K) Class: 11370K(14592K)->11370K(14592K)
[3190.688s][info][gc             ] GC(2150) Pause Young (Allocation Failure) 612M->66M(1979M) 5.908ms
[3190.688s][info][gc,cpu         ] GC(2150) User=0.00s Sys=0.00s Real=0.01s
[3191.299s][info][gc,start       ] GC(2151) Pause Young (Allocation Failure)
[3191.306s][info][gc,heap        ] GC(2151) DefNew: 562293K->7844K(629120K)
[3191.306s][info][gc,heap        ] GC(2151) Tenured: 62372K->62372K(1398144K)
[3191.306s][info][gc,metaspace   ] GC(2151) Metaspace: 90979K(98224K)->90979K(98224K) NonClass: 79608K(83632K)->79608K(83632K) Class: 11370K(14592K)->11370K(14592K)
[3191.306s][info][gc             ] GC(2151) Pause Young (Allocation Failure) 610M->68M(1979M) 7.817ms
[3191.306s][info][gc,cpu         ] GC(2151) User=0.00s Sys=0.00s Real=0.01s
[3192.054s][info][gc,start       ] GC(2152) Pause Young (Allocation Failure)
[3192.059s][info][gc,heap        ] GC(2152) DefNew: 567076K->5217K(629120K)
[3192.059s][info][gc,heap        ] GC(2152) Tenured: 62372K->62372K(1398144K)
[3192.059s][info][gc,metaspace   ] GC(2152) Metaspace: 90979K(98224K)->90979K(98224K) NonClass: 79608K(83632K)->79608K(83632K) Class: 11370K(14592K)->11370K(14592K)
[3192.059s][info][gc             ] GC(2152) Pause Young (Allocation Failure) 614M->66M(1979M) 5.734ms
[3192.059s][info][gc,cpu         ] GC(2152) User=0.00s Sys=0.00s Real=0.01s
[3194.478s][info][gc,start       ] GC(2153) Pause Young (Allocation Failure)
[3194.484s][info][gc,heap        ] GC(2153) DefNew: 564449K->6214K(629120K)
[3194.484s][info][gc,heap        ] GC(2153) Tenured: 62372K->62372K(1398144K)
[3194.484s][info][gc,metaspace   ] GC(2153) Metaspace: 90979K(98224K)->90979K(98224K) NonClass: 79608K(83632K)->79608K(83632K) Class: 11370K(14592K)->11370K(14592K)
[3194.484s][info][gc             ] GC(2153) Pause Young (Allocation Failure) 612M->66M(1979M) 6.349ms
[3194.484s][info][gc,cpu         ] GC(2153) User=0.00s Sys=0.00s Real=0.01s
[3196.502s][info][gc,start       ] GC(2154) Pause Young (Allocation Failure)
[3196.509s][info][gc,heap        ] GC(2154) DefNew: 565148K->6319K(629120K)
[3196.509s][info][gc,heap        ] GC(2154) Tenured: 62372K->62372K(1398144K)
[3196.509s][info][gc,metaspace   ] GC(2154) Metaspace: 90979K(98224K)->90979K(98224K) NonClass: 79608K(83632K)->79608K(83632K) Class: 11370K(14592K)->11370K(14592K)
[3196.509s][info][gc             ] GC(2154) Pause Young (Allocation Failure) 612M->67M(1979M) 6.371ms
[3196.509s][info][gc,cpu         ] GC(2154) User=0.02s Sys=0.00s Real=0.01s
[3197.807s][info][gc,start       ] GC(2155) Pause Young (Allocation Failure)
[3197.825s][info][gc,heap        ] GC(2155) DefNew: 565551K->11838K(629120K)
[3197.825s][info][gc,heap        ] GC(2155) Tenured: 62372K->62372K(1398144K)
[3197.825s][info][gc,metaspace   ] GC(2155) Metaspace: 90979K(98224K)->90979K(98224K) NonClass: 79608K(83632K)->79608K(83632K) Class: 11370K(14592K)->11370K(14592K)
[3197.825s][info][gc             ] GC(2155) Pause Young (Allocation Failure) 613M->72M(1979M) 18.500ms
[3197.826s][info][gc,cpu         ] GC(2155) User=0.00s Sys=0.00s Real=0.02s
[3198.340s][info][gc,start       ] GC(2156) Pause Young (Allocation Failure)
[3198.347s][info][gc,heap        ] GC(2156) DefNew: 569703K->8535K(629120K)
[3198.347s][info][gc,heap        ] GC(2156) Tenured: 62372K->62372K(1398144K)
[3198.347s][info][gc,metaspace   ] GC(2156) Metaspace: 90979K(98224K)->90979K(98224K) NonClass: 79608K(83632K)->79608K(83632K) Class: 11370K(14592K)->11370K(14592K)
[3198.347s][info][gc             ] GC(2156) Pause Young (Allocation Failure) 617M->69M(1979M) 6.677ms
[3198.347s][info][gc,cpu         ] GC(2156) User=0.00s Sys=0.00s Real=0.01s
[3200.313s][info][gc,start       ] GC(2157) Pause Young (Allocation Failure)
[3200.321s][info][gc,heap        ] GC(2157) DefNew: 567767K->8012K(629120K)
[3200.321s][info][gc,heap        ] GC(2157) Tenured: 62372K->62372K(1398144K)
[3200.321s][info][gc,metaspace   ] GC(2157) Metaspace: 90979K(98224K)->90979K(98224K) NonClass: 79608K(83632K)->79608K(83632K) Class: 11370K(14592K)->11370K(14592K)
[3200.321s][info][gc             ] GC(2157) Pause Young (Allocation Failure) 615M->68M(1979M) 8.259ms
[3200.321s][info][gc,cpu         ] GC(2157) User=0.02s Sys=0.00s Real=0.01s
[3202.363s][info][gc,start       ] GC(2158) Pause Young (Allocation Failure)
[3202.370s][info][gc,heap        ] GC(2158) DefNew: 565404K->6312K(629120K)
[3202.370s][info][gc,heap        ] GC(2158) Tenured: 62372K->62835K(1398144K)
[3202.370s][info][gc,metaspace   ] GC(2158) Metaspace: 90979K(98224K)->90979K(98224K) NonClass: 79608K(83632K)->79608K(83632K) Class: 11370K(14592K)->11370K(14592K)
[3202.370s][info][gc             ] GC(2158) Pause Young (Allocation Failure) 613M->67M(1979M) 6.708ms
[3202.370s][info][gc,cpu         ] GC(2158) User=0.00s Sys=0.00s Real=0.01s
[3204.205s][info][gc,start       ] GC(2159) Pause Young (Allocation Failure)
[3204.215s][info][gc,heap        ] GC(2159) DefNew: 565544K->10952K(629120K)
[3204.215s][info][gc,heap        ] GC(2159) Tenured: 62835K->63022K(1398144K)
[3204.215s][info][gc,metaspace   ] GC(2159) Metaspace: 90979K(98224K)->90979K(98224K) NonClass: 79608K(83632K)->79608K(83632K) Class: 11370K(14592K)->11370K(14592K)
[3204.215s][info][gc             ] GC(2159) Pause Young (Allocation Failure) 613M->72M(1979M) 9.837ms
[3204.215s][info][gc,cpu         ] GC(2159) User=0.00s Sys=0.00s Real=0.01s
[3204.836s][info][gc,start       ] GC(2160) Pause Young (Allocation Failure)
[3204.843s][info][gc,heap        ] GC(2160) DefNew: 570184K->13358K(629120K)
[3204.844s][info][gc,heap        ] GC(2160) Tenured: 63022K->63222K(1398144K)
[3204.844s][info][gc,metaspace   ] GC(2160) Metaspace: 90979K(98224K)->90979K(98224K) NonClass: 79608K(83632K)->79608K(83632K) Class: 11370K(14592K)->11370K(14592K)
[3204.844s][info][gc             ] GC(2160) Pause Young (Allocation Failure) 618M->74M(1979M) 7.954ms
[3204.844s][info][gc,cpu         ] GC(2160) User=0.00s Sys=0.00s Real=0.01s
[3206.264s][info][gc,start       ] GC(2161) Pause Young (Allocation Failure)
[3206.271s][info][gc,heap        ] GC(2161) DefNew: 572590K->6122K(629120K)
[3206.271s][info][gc,heap        ] GC(2161) Tenured: 63222K->63369K(1398144K)
[3206.271s][info][gc,metaspace   ] GC(2161) Metaspace: 90979K(98224K)->90979K(98224K) NonClass: 79608K(83632K)->79608K(83632K) Class: 11370K(14592K)->11370K(14592K)
[3206.271s][info][gc             ] GC(2161) Pause Young (Allocation Failure) 620M->67M(1979M) 7.092ms
[3206.271s][info][gc,cpu         ] GC(2161) User=0.00s Sys=0.00s Real=0.01s
[3208.156s][info][gc,start       ] GC(2162) Pause Young (Allocation Failure)
[3208.164s][info][gc,heap        ] GC(2162) DefNew: 565211K->7727K(629120K)
[3208.164s][info][gc,heap        ] GC(2162) Tenured: 63369K->63449K(1398144K)
[3208.164s][info][gc,metaspace   ] GC(2162) Metaspace: 90979K(98224K)->90979K(98224K) NonClass: 79608K(83632K)->79608K(83632K) Class: 11370K(14592K)->11370K(14592K)
[3208.164s][info][gc             ] GC(2162) Pause Young (Allocation Failure) 613M->69M(1979M) 7.896ms
[3208.164s][info][gc,cpu         ] GC(2162) User=0.00s Sys=0.00s Real=0.01s
[3208.664s][info][gc,start       ] GC(2163) Pause Young (Allocation Failure)
[3208.672s][info][gc,heap        ] GC(2163) DefNew: 566192K->13306K(629120K)
[3208.672s][info][gc,heap        ] GC(2163) Tenured: 63449K->63681K(1398144K)
[3208.672s][info][gc,metaspace   ] GC(2163) Metaspace: 90979K(98224K)->90979K(98224K) NonClass: 79608K(83632K)->79608K(83632K) Class: 11370K(14592K)->11370K(14592K)
[3208.672s][info][gc             ] GC(2163) Pause Young (Allocation Failure) 614M->75M(1979M) 7.995ms
[3208.672s][info][gc,cpu         ] GC(2163) User=0.00s Sys=0.00s Real=0.01s
[3210.171s][info][gc,start       ] GC(2164) Pause Young (Allocation Failure)
[3210.178s][info][gc,heap        ] GC(2164) DefNew: 572538K->5848K(629120K)
[3210.178s][info][gc,heap        ] GC(2164) Tenured: 63681K->63825K(1398144K)
[3210.178s][info][gc,metaspace   ] GC(2164) Metaspace: 90979K(98224K)->90979K(98224K) NonClass: 79608K(83632K)->79608K(83632K) Class: 11370K(14592K)->11370K(14592K)
[3210.178s][info][gc             ] GC(2164) Pause Young (Allocation Failure) 621M->68M(1979M) 6.627ms
[3210.178s][info][gc,cpu         ] GC(2164) User=0.00s Sys=0.00s Real=0.01s
[3212.064s][info][gc,start       ] GC(2165) Pause Young (Allocation Failure)
[3212.073s][info][gc,heap        ] GC(2165) DefNew: 565080K->7942K(629120K)
[3212.073s][info][gc,heap        ] GC(2165) Tenured: 63825K->63992K(1398144K)
[3212.073s][info][gc,metaspace   ] GC(2165) Metaspace: 90979K(98224K)->90979K(98224K) NonClass: 79608K(83632K)->79608K(83632K) Class: 11370K(14592K)->11370K(14592K)
[3212.073s][info][gc             ] GC(2165) Pause Young (Allocation Failure) 614M->70M(1979M) 8.825ms
[3212.073s][info][gc,cpu         ] GC(2165) User=0.00s Sys=0.00s Real=0.01s
[3212.517s][info][gc,start       ] GC(2166) Pause Young (Allocation Failure)
[3212.525s][info][gc,heap        ] GC(2166) DefNew: 565418K->17948K(629120K)
[3212.525s][info][gc,heap        ] GC(2166) Tenured: 63992K->64110K(1398144K)
[3212.525s][info][gc,metaspace   ] GC(2166) Metaspace: 90979K(98224K)->90979K(98224K) NonClass: 79608K(83632K)->79608K(83632K) Class: 11370K(14592K)->11370K(14592K)
[3212.525s][info][gc             ] GC(2166) Pause Young (Allocation Failure) 614M->80M(1979M) 8.307ms
[3212.525s][info][gc,cpu         ] GC(2166) User=0.00s Sys=0.00s Real=0.01s
[3214.000s][info][gc,start       ] GC(2167) Pause Young (Allocation Failure)
[3214.008s][info][gc,heap        ] GC(2167) DefNew: 577180K->7425K(629120K)
[3214.008s][info][gc,heap        ] GC(2167) Tenured: 64110K->64222K(1398144K)
[3214.008s][info][gc,metaspace   ] GC(2167) Metaspace: 90979K(98224K)->90979K(98224K) NonClass: 79608K(83632K)->79608K(83632K) Class: 11370K(14592K)->11370K(14592K)
[3214.008s][info][gc             ] GC(2167) Pause Young (Allocation Failure) 626M->69M(1979M) 7.958ms
[3214.008s][info][gc,cpu         ] GC(2167) User=0.00s Sys=0.00s Real=0.01s
[3215.784s][info][gc,start       ] GC(2168) Pause Young (Allocation Failure)
[3215.794s][info][gc,heap        ] GC(2168) DefNew: 566657K->8479K(629120K)
[3215.794s][info][gc,heap        ] GC(2168) Tenured: 64222K->64384K(1398144K)
[3215.794s][info][gc,metaspace   ] GC(2168) Metaspace: 90979K(98224K)->90979K(98224K) NonClass: 79608K(83632K)->79608K(83632K) Class: 11370K(14592K)->11370K(14592K)
[3215.794s][info][gc             ] GC(2168) Pause Young (Allocation Failure) 616M->71M(1979M) 9.258ms
[3215.794s][info][gc,cpu         ] GC(2168) User=0.00s Sys=0.00s Real=0.01s
[3216.300s][info][gc,start       ] GC(2169) Pause Young (Allocation Failure)
[3216.308s][info][gc,heap        ] GC(2169) DefNew: 567711K->8725K(629120K)
[3216.308s][info][gc,heap        ] GC(2169) Tenured: 64384K->64574K(1398144K)
[3216.308s][info][gc,metaspace   ] GC(2169) Metaspace: 90979K(98224K)->90979K(98224K) NonClass: 79608K(83632K)->79608K(83632K) Class: 11370K(14592K)->11370K(14592K)
[3216.308s][info][gc             ] GC(2169) Pause Young (Allocation Failure) 617M->71M(1979M) 7.741ms
[3216.308s][info][gc,cpu         ] GC(2169) User=0.00s Sys=0.00s Real=0.01s
[3217.863s][info][gc,start       ] GC(2170) Pause Young (Allocation Failure)
[3217.869s][info][gc,heap        ] GC(2170) DefNew: 567787K->5660K(629120K)
[3217.869s][info][gc,heap        ] GC(2170) Tenured: 64574K->64694K(1398144K)
[3217.869s][info][gc,metaspace   ] GC(2170) Metaspace: 90979K(98224K)->90979K(98224K) NonClass: 79608K(83632K)->79608K(83632K) Class: 11370K(14592K)->11370K(14592K)
[3217.869s][info][gc             ] GC(2170) Pause Young (Allocation Failure) 617M->68M(1979M) 6.349ms
[3217.869s][info][gc,cpu         ] GC(2170) User=0.00s Sys=0.00s Real=0.01s
[3219.721s][info][gc,start       ] GC(2171) Pause Young (Allocation Failure)
[3219.732s][info][gc,heap        ] GC(2171) DefNew: 564892K->8560K(629120K)
[3219.732s][info][gc,heap        ] GC(2171) Tenured: 64694K->64775K(1398144K)
[3219.732s][info][gc,metaspace   ] GC(2171) Metaspace: 90979K(98224K)->90979K(98224K) NonClass: 79608K(83632K)->79608K(83632K) Class: 11370K(14592K)->11370K(14592K)
[3219.732s][info][gc             ] GC(2171) Pause Young (Allocation Failure) 614M->71M(1979M) 11.301ms
[3219.732s][info][gc,cpu         ] GC(2171) User=0.00s Sys=0.00s Real=0.01s
[3220.421s][info][gc,start       ] GC(2172) Pause Young (Allocation Failure)
[3220.430s][info][gc,heap        ] GC(2172) DefNew: 567792K->7632K(629120K)
[3220.430s][info][gc,heap        ] GC(2172) Tenured: 64775K->64966K(1398144K)
[3220.431s][info][gc,metaspace   ] GC(2172) Metaspace: 90979K(98224K)->90979K(98224K) NonClass: 79608K(83632K)->79608K(83632K) Class: 11370K(14592K)->11370K(14592K)
[3220.431s][info][gc             ] GC(2172) Pause Young (Allocation Failure) 617M->70M(1979M) 9.628ms
[3220.431s][info][gc,cpu         ] GC(2172) User=0.00s Sys=0.00s Real=0.01s
[3220.443s][info][gc,start       ] GC(2173) Pause Full (System.gc())
[3220.448s][info][gc,phases,start] GC(2173) Phase 1: Mark live objects
[3220.499s][info][gc,phases      ] GC(2173) Phase 1: Mark live objects 51.430ms
[3220.499s][info][gc,phases,start] GC(2173) Phase 2: Compute new object addresses
[3220.512s][info][gc,phases      ] GC(2173) Phase 2: Compute new object addresses 12.366ms
[3220.512s][info][gc,phases,start] GC(2173) Phase 3: Adjust pointers
[3220.543s][info][gc,phases      ] GC(2173) Phase 3: Adjust pointers 30.818ms
[3220.543s][info][gc,phases,start] GC(2173) Phase 4: Move objects
[3220.543s][info][gc,phases      ] GC(2173) Phase 4: Move objects 0.648ms
[3220.544s][info][gc,heap        ] GC(2173) DefNew: 29043K->0K(629120K)
[3220.544s][info][gc,heap        ] GC(2173) Tenured: 64966K->68166K(1398144K)
[3220.544s][info][gc,metaspace   ] GC(2173) Metaspace: 90979K(98224K)->90979K(98224K) NonClass: 79608K(83632K)->79608K(83632K) Class: 11370K(14592K)->11370K(14592K)
[3220.544s][info][gc             ] GC(2173) Pause Full (System.gc()) 91M->66M(1979M) 101.524ms
[3220.544s][info][gc,cpu         ] GC(2173) User=0.06s Sys=0.00s Real=0.10s
[3221.026s][info][gc,start       ] GC(2174) Pause Young (Allocation Failure)
[3221.030s][info][gc,heap        ] GC(2174) DefNew: 558362K->3060K(629120K)
[3221.030s][info][gc,heap        ] GC(2174) Tenured: 68166K->68166K(1398144K)
[3221.030s][info][gc,metaspace   ] GC(2174) Metaspace: 90979K(98224K)->90979K(98224K) NonClass: 79608K(83632K)->79608K(83632K) Class: 11370K(14592K)->11370K(14592K)
[3221.030s][info][gc             ] GC(2174) Pause Young (Allocation Failure) 611M->69M(1979M) 3.890ms
[3221.030s][info][gc,cpu         ] GC(2174) User=0.00s Sys=0.00s Real=0.00s
[3223.009s][info][gc,start       ] GC(2175) Pause Young (Allocation Failure)
[3223.014s][info][gc,heap        ] GC(2175) DefNew: 561554K->4410K(629120K)
[3223.014s][info][gc,heap        ] GC(2175) Tenured: 68166K->68166K(1398144K)
[3223.014s][info][gc,metaspace   ] GC(2175) Metaspace: 90980K(98224K)->90980K(98224K) NonClass: 79609K(83632K)->79609K(83632K) Class: 11370K(14592K)->11370K(14592K)
[3223.014s][info][gc             ] GC(2175) Pause Young (Allocation Failure) 614M->70M(1979M) 4.584ms
[3223.014s][info][gc,cpu         ] GC(2175) User=0.00s Sys=0.00s Real=0.01s
[3225.014s][info][gc,start       ] GC(2176) Pause Young (Allocation Failure)
[3225.019s][info][gc,heap        ] GC(2176) DefNew: 563277K->4971K(629120K)
[3225.019s][info][gc,heap        ] GC(2176) Tenured: 68166K->68166K(1398144K)
[3225.019s][info][gc,metaspace   ] GC(2176) Metaspace: 90980K(98224K)->90980K(98224K) NonClass: 79609K(83632K)->79609K(83632K) Class: 11370K(14592K)->11370K(14592K)
[3225.019s][info][gc             ] GC(2176) Pause Young (Allocation Failure) 616M->71M(1979M) 5.360ms
[3225.019s][info][gc,cpu         ] GC(2176) User=0.02s Sys=0.00s Real=0.01s
[3226.772s][info][gc,start       ] GC(2177) Pause Young (Allocation Failure)
[3226.778s][info][gc,heap        ] GC(2177) DefNew: 564203K->6516K(629120K)
[3226.778s][info][gc,heap        ] GC(2177) Tenured: 68166K->68166K(1398144K)
[3226.778s][info][gc,metaspace   ] GC(2177) Metaspace: 90980K(98224K)->90980K(98224K) NonClass: 79609K(83632K)->79609K(83632K) Class: 11370K(14592K)->11370K(14592K)
[3226.778s][info][gc             ] GC(2177) Pause Young (Allocation Failure) 617M->72M(1979M) 6.618ms
[3226.778s][info][gc,cpu         ] GC(2177) User=0.00s Sys=0.00s Real=0.01s
[3227.248s][info][gc,start       ] GC(2178) Pause Young (Allocation Failure)
[3227.254s][info][gc,heap        ] GC(2178) DefNew: 562304K->11711K(629120K)
[3227.255s][info][gc,heap        ] GC(2178) Tenured: 68166K->68166K(1398144K)
[3227.255s][info][gc,metaspace   ] GC(2178) Metaspace: 90980K(98224K)->90980K(98224K) NonClass: 79609K(83632K)->79609K(83632K) Class: 11370K(14592K)->11370K(14592K)
[3227.255s][info][gc             ] GC(2178) Pause Young (Allocation Failure) 615M->78M(1979M) 6.498ms
[3227.255s][info][gc,cpu         ] GC(2178) User=0.00s Sys=0.00s Real=0.01s
[3228.708s][info][gc,start       ] GC(2179) Pause Young (GCLocker Initiated GC)
[3228.715s][info][gc,heap        ] GC(2179) DefNew: 570943K->5612K(629120K)
[3228.715s][info][gc,heap        ] GC(2179) Tenured: 68166K->68166K(1398144K)
[3228.715s][info][gc,metaspace   ] GC(2179) Metaspace: 90980K(98224K)->90980K(98224K) NonClass: 79609K(83632K)->79609K(83632K) Class: 11370K(14592K)->11370K(14592K)
[3228.715s][info][gc             ] GC(2179) Pause Young (GCLocker Initiated GC) 624M->72M(1979M) 6.434ms
[3228.715s][info][gc,cpu         ] GC(2179) User=0.00s Sys=0.00s Real=0.01s
[3230.701s][info][gc,start       ] GC(2180) Pause Young (Allocation Failure)
[3230.706s][info][gc,heap        ] GC(2180) DefNew: 564844K->5437K(629120K)
[3230.706s][info][gc,heap        ] GC(2180) Tenured: 68166K->68166K(1398144K)
[3230.706s][info][gc,metaspace   ] GC(2180) Metaspace: 90980K(98224K)->90980K(98224K) NonClass: 79609K(83632K)->79609K(83632K) Class: 11370K(14592K)->11370K(14592K)
[3230.706s][info][gc             ] GC(2180) Pause Young (Allocation Failure) 618M->71M(1979M) 5.825ms
[3230.707s][info][gc,cpu         ] GC(2180) User=0.00s Sys=0.00s Real=0.01s
[3233.239s][info][gc,start       ] GC(2181) Pause Young (Allocation Failure)
[3233.245s][info][gc,heap        ] GC(2181) DefNew: 564389K->6125K(629120K)
[3233.245s][info][gc,heap        ] GC(2181) Tenured: 68166K->68166K(1398144K)
[3233.245s][info][gc,metaspace   ] GC(2181) Metaspace: 90980K(98224K)->90980K(98224K) NonClass: 79609K(83632K)->79609K(83632K) Class: 11370K(14592K)->11370K(14592K)
[3233.245s][info][gc             ] GC(2181) Pause Young (Allocation Failure) 617M->72M(1979M) 6.293ms
[3233.245s][info][gc,cpu         ] GC(2181) User=0.00s Sys=0.00s Real=0.01s
[3233.878s][info][gc,start       ] GC(2182) Pause Young (Allocation Failure)
[3233.885s][info][gc,heap        ] GC(2182) DefNew: 565357K->7767K(629120K)
[3233.885s][info][gc,heap        ] GC(2182) Tenured: 68166K->68166K(1398144K)
[3233.885s][info][gc,metaspace   ] GC(2182) Metaspace: 90980K(98224K)->90980K(98224K) NonClass: 79609K(83632K)->79609K(83632K) Class: 11370K(14592K)->11370K(14592K)
[3233.886s][info][gc             ] GC(2182) Pause Young (Allocation Failure) 618M->74M(1979M) 7.244ms
[3233.886s][info][gc,cpu         ] GC(2182) User=0.00s Sys=0.00s Real=0.01s
[3234.618s][info][gc,start       ] GC(2183) Pause Young (Allocation Failure)
[3234.623s][info][gc,heap        ] GC(2183) DefNew: 566999K->5146K(629120K)
[3234.623s][info][gc,heap        ] GC(2183) Tenured: 68166K->68166K(1398144K)
[3234.623s][info][gc,metaspace   ] GC(2183) Metaspace: 90980K(98224K)->90980K(98224K) NonClass: 79609K(83632K)->79609K(83632K) Class: 11370K(14592K)->11370K(14592K)
[3234.623s][info][gc             ] GC(2183) Pause Young (Allocation Failure) 620M->71M(1979M) 5.608ms
[3234.623s][info][gc,cpu         ] GC(2183) User=0.00s Sys=0.00s Real=0.01s
[3237.107s][info][gc,start       ] GC(2184) Pause Young (Allocation Failure)
[3237.113s][info][gc,heap        ] GC(2184) DefNew: 561554K->6176K(629120K)
[3237.113s][info][gc,heap        ] GC(2184) Tenured: 68166K->68166K(1398144K)
[3237.113s][info][gc,metaspace   ] GC(2184) Metaspace: 90980K(98224K)->90980K(98224K) NonClass: 79609K(83632K)->79609K(83632K) Class: 11370K(14592K)->11370K(14592K)
[3237.113s][info][gc             ] GC(2184) Pause Young (Allocation Failure) 614M->72M(1979M) 6.166ms
[3237.113s][info][gc,cpu         ] GC(2184) User=0.00s Sys=0.00s Real=0.01s
[3239.117s][info][gc,start       ] GC(2185) Pause Young (Allocation Failure)
[3239.125s][info][gc,heap        ] GC(2185) DefNew: 564770K->6597K(629120K)
[3239.125s][info][gc,heap        ] GC(2185) Tenured: 68166K->68166K(1398144K)
[3239.125s][info][gc,metaspace   ] GC(2185) Metaspace: 90980K(98224K)->90980K(98224K) NonClass: 79609K(83632K)->79609K(83632K) Class: 11370K(14592K)->11370K(14592K)
[3239.125s][info][gc             ] GC(2185) Pause Young (Allocation Failure) 618M->73M(1979M) 7.638ms
[3239.125s][info][gc,cpu         ] GC(2185) User=0.00s Sys=0.00s Real=0.01s
[3240.462s][info][gc,start       ] GC(2186) Pause Young (Allocation Failure)
[3240.480s][info][gc,heap        ] GC(2186) DefNew: 565829K->11652K(629120K)
[3240.480s][info][gc,heap        ] GC(2186) Tenured: 68166K->68166K(1398144K)
[3240.480s][info][gc,metaspace   ] GC(2186) Metaspace: 90980K(98224K)->90980K(98224K) NonClass: 79609K(83632K)->79609K(83632K) Class: 11370K(14592K)->11370K(14592K)
[3240.480s][info][gc             ] GC(2186) Pause Young (Allocation Failure) 619M->77M(1979M) 18.640ms
[3240.480s][info][gc,cpu         ] GC(2186) User=0.00s Sys=0.00s Real=0.02s
[3240.941s][info][gc,start       ] GC(2187) Pause Young (Allocation Failure)
[3240.948s][info][gc,heap        ] GC(2187) DefNew: 570241K->8831K(629120K)
[3240.948s][info][gc,heap        ] GC(2187) Tenured: 68166K->68166K(1398144K)
[3240.948s][info][gc,metaspace   ] GC(2187) Metaspace: 90980K(98224K)->90980K(98224K) NonClass: 79609K(83632K)->79609K(83632K) Class: 11370K(14592K)->11370K(14592K)
[3240.948s][info][gc             ] GC(2187) Pause Young (Allocation Failure) 623M->75M(1979M) 7.533ms
[3240.948s][info][gc,cpu         ] GC(2187) User=0.00s Sys=0.00s Real=0.01s
[3242.932s][info][gc,start       ] GC(2188) Pause Young (Allocation Failure)
[3242.941s][info][gc,heap        ] GC(2188) DefNew: 568063K->7114K(629120K)
[3242.941s][info][gc,heap        ] GC(2188) Tenured: 68166K->68166K(1398144K)
[3242.941s][info][gc,metaspace   ] GC(2188) Metaspace: 90980K(98224K)->90980K(98224K) NonClass: 79609K(83632K)->79609K(83632K) Class: 11370K(14592K)->11370K(14592K)
[3242.941s][info][gc             ] GC(2188) Pause Young (Allocation Failure) 621M->73M(1979M) 8.986ms
[3242.941s][info][gc,cpu         ] GC(2188) User=0.00s Sys=0.00s Real=0.01s
[3244.906s][info][gc,start       ] GC(2189) Pause Young (Allocation Failure)
[3244.913s][info][gc,heap        ] GC(2189) DefNew: 566346K->6466K(629120K)
[3244.913s][info][gc,heap        ] GC(2189) Tenured: 68166K->68631K(1398144K)
[3244.913s][info][gc,metaspace   ] GC(2189) Metaspace: 90980K(98224K)->90980K(98224K) NonClass: 79609K(83632K)->79609K(83632K) Class: 11370K(14592K)->11370K(14592K)
[3244.913s][info][gc             ] GC(2189) Pause Young (Allocation Failure) 619M->73M(1979M) 7.557ms
[3244.914s][info][gc,cpu         ] GC(2189) User=0.00s Sys=0.00s Real=0.01s
[3246.742s][info][gc,start       ] GC(2190) Pause Young (Allocation Failure)
[3246.752s][info][gc,heap        ] GC(2190) DefNew: 565698K->8506K(629120K)
[3246.752s][info][gc,heap        ] GC(2190) Tenured: 68631K->68841K(1398144K)
[3246.752s][info][gc,metaspace   ] GC(2190) Metaspace: 90980K(98224K)->90980K(98224K) NonClass: 79609K(83632K)->79609K(83632K) Class: 11370K(14592K)->11370K(14592K)
[3246.752s][info][gc             ] GC(2190) Pause Young (Allocation Failure) 619M->75M(1979M) 9.690ms
[3246.752s][info][gc,cpu         ] GC(2190) User=0.00s Sys=0.00s Real=0.01s
[3247.359s][info][gc,start       ] GC(2191) Pause Young (Allocation Failure)
[3247.367s][info][gc,heap        ] GC(2191) DefNew: 565427K->21439K(629120K)
[3247.367s][info][gc,heap        ] GC(2191) Tenured: 68841K->69029K(1398144K)
[3247.367s][info][gc,metaspace   ] GC(2191) Metaspace: 90980K(98224K)->90980K(98224K) NonClass: 79609K(83632K)->79609K(83632K) Class: 11370K(14592K)->11370K(14592K)
[3247.367s][info][gc             ] GC(2191) Pause Young (Allocation Failure) 619M->88M(1979M) 8.664ms
[3247.367s][info][gc,cpu         ] GC(2191) User=0.00s Sys=0.00s Real=0.01s
[3248.698s][info][gc,start       ] GC(2192) Pause Young (Allocation Failure)
[3248.705s][info][gc,heap        ] GC(2192) DefNew: 580671K->6006K(629120K)
[3248.705s][info][gc,heap        ] GC(2192) Tenured: 69029K->69179K(1398144K)
[3248.705s][info][gc,metaspace   ] GC(2192) Metaspace: 90980K(98224K)->90980K(98224K) NonClass: 79610K(83632K)->79610K(83632K) Class: 11370K(14592K)->11370K(14592K)
[3248.705s][info][gc             ] GC(2192) Pause Young (Allocation Failure) 634M->73M(1979M) 7.043ms
[3248.706s][info][gc,cpu         ] GC(2192) User=0.00s Sys=0.00s Real=0.01s
[3250.577s][info][gc,start       ] GC(2193) Pause Young (Allocation Failure)
[3250.587s][info][gc,heap        ] GC(2193) DefNew: 565238K->11013K(629120K)
[3250.587s][info][gc,heap        ] GC(2193) Tenured: 69179K->69243K(1398144K)
[3250.587s][info][gc,metaspace   ] GC(2193) Metaspace: 90980K(98224K)->90980K(98224K) NonClass: 79610K(83632K)->79610K(83632K) Class: 11370K(14592K)->11370K(14592K)
[3250.587s][info][gc             ] GC(2193) Pause Young (Allocation Failure) 619M->78M(1979M) 10.023ms
[3250.587s][info][gc,cpu         ] GC(2193) User=0.00s Sys=0.00s Real=0.01s
[3251.172s][info][gc,start       ] GC(2194) Pause Young (Allocation Failure)
[3251.180s][info][gc,heap        ] GC(2194) DefNew: 569993K->17636K(629120K)
[3251.180s][info][gc,heap        ] GC(2194) Tenured: 69243K->69422K(1398144K)
[3251.180s][info][gc,metaspace   ] GC(2194) Metaspace: 90980K(98224K)->90980K(98224K) NonClass: 79610K(83632K)->79610K(83632K) Class: 11370K(14592K)->11370K(14592K)
[3251.180s][info][gc             ] GC(2194) Pause Young (Allocation Failure) 624M->85M(1979M) 8.242ms
[3251.180s][info][gc,cpu         ] GC(2194) User=0.00s Sys=0.00s Real=0.01s
[3252.686s][info][gc,start       ] GC(2195) Pause Young (Allocation Failure)
[3252.692s][info][gc,heap        ] GC(2195) DefNew: 576101K->5732K(629120K)
[3252.693s][info][gc,heap        ] GC(2195) Tenured: 69422K->69559K(1398144K)
[3252.693s][info][gc,metaspace   ] GC(2195) Metaspace: 90980K(98224K)->90980K(98224K) NonClass: 79610K(83632K)->79610K(83632K) Class: 11370K(14592K)->11370K(14592K)
[3252.693s][info][gc             ] GC(2195) Pause Young (Allocation Failure) 630M->73M(1979M) 6.790ms
[3252.693s][info][gc,cpu         ] GC(2195) User=0.00s Sys=0.00s Real=0.01s
[3254.543s][info][gc,start       ] GC(2196) Pause Young (Allocation Failure)
[3254.554s][info][gc,heap        ] GC(2196) DefNew: 564964K->7969K(629120K)
[3254.554s][info][gc,heap        ] GC(2196) Tenured: 69559K->69721K(1398144K)
[3254.554s][info][gc,metaspace   ] GC(2196) Metaspace: 90980K(98224K)->90980K(98224K) NonClass: 79610K(83632K)->79610K(83632K) Class: 11370K(14592K)->11370K(14592K)
[3254.554s][info][gc             ] GC(2196) Pause Young (Allocation Failure) 619M->75M(1979M) 10.575ms
[3254.554s][info][gc,cpu         ] GC(2196) User=0.00s Sys=0.00s Real=0.01s
[3254.999s][info][gc,start       ] GC(2197) Pause Young (Allocation Failure)
[3255.006s][info][gc,heap        ] GC(2197) DefNew: 563476K->8736K(629120K)
[3255.006s][info][gc,heap        ] GC(2197) Tenured: 69721K->69842K(1398144K)
[3255.006s][info][gc,metaspace   ] GC(2197) Metaspace: 90980K(98224K)->90980K(98224K) NonClass: 79610K(83632K)->79610K(83632K) Class: 11370K(14592K)->11370K(14592K)
[3255.006s][info][gc             ] GC(2197) Pause Young (Allocation Failure) 618M->76M(1979M) 7.271ms
[3255.006s][info][gc,cpu         ] GC(2197) User=0.00s Sys=0.00s Real=0.01s
[3256.439s][info][gc,start       ] GC(2198) Pause Young (GCLocker Initiated GC)
[3256.447s][info][gc,heap        ] GC(2198) DefNew: 568000K->6449K(629120K)
[3256.447s][info][gc,heap        ] GC(2198) Tenured: 69842K->69950K(1398144K)
[3256.447s][info][gc,metaspace   ] GC(2198) Metaspace: 90980K(98224K)->90980K(98224K) NonClass: 79610K(83632K)->79610K(83632K) Class: 11370K(14592K)->11370K(14592K)
[3256.447s][info][gc             ] GC(2198) Pause Young (GCLocker Initiated GC) 622M->74M(1979M) 7.517ms
[3256.447s][info][gc,cpu         ] GC(2198) User=0.00s Sys=0.00s Real=0.01s
[3258.182s][info][gc,start       ] GC(2199) Pause Young (Allocation Failure)
[3258.194s][info][gc,heap        ] GC(2199) DefNew: 565681K->8826K(629120K)
[3258.194s][info][gc,heap        ] GC(2199) Tenured: 69950K->70112K(1398144K)
[3258.194s][info][gc,metaspace   ] GC(2199) Metaspace: 90980K(98224K)->90980K(98224K) NonClass: 79610K(83632K)->79610K(83632K) Class: 11370K(14592K)->11370K(14592K)
[3258.194s][info][gc             ] GC(2199) Pause Young (Allocation Failure) 620M->77M(1979M) 11.885ms
[3258.194s][info][gc,cpu         ] GC(2199) User=0.00s Sys=0.00s Real=0.01s
[3258.681s][info][gc,start       ] GC(2200) Pause Young (Allocation Failure)
[3258.689s][info][gc,heap        ] GC(2200) DefNew: 565630K->13509K(629120K)
[3258.689s][info][gc,heap        ] GC(2200) Tenured: 70112K->70296K(1398144K)
[3258.689s][info][gc,metaspace   ] GC(2200) Metaspace: 90980K(98224K)->90980K(98224K) NonClass: 79610K(83632K)->79610K(83632K) Class: 11370K(14592K)->11370K(14592K)
[3258.689s][info][gc             ] GC(2200) Pause Young (Allocation Failure) 620M->81M(1979M) 8.166ms
[3258.689s][info][gc,cpu         ] GC(2200) User=0.00s Sys=0.00s Real=0.01s
[3260.173s][info][gc,start       ] GC(2201) Pause Young (Allocation Failure)
[3260.181s][info][gc,heap        ] GC(2201) DefNew: 572741K->7025K(629120K)
[3260.181s][info][gc,heap        ] GC(2201) Tenured: 70296K->70416K(1398144K)
[3260.181s][info][gc,metaspace   ] GC(2201) Metaspace: 90980K(98224K)->90980K(98224K) NonClass: 79610K(83632K)->79610K(83632K) Class: 11370K(14592K)->11370K(14592K)
[3260.181s][info][gc             ] GC(2201) Pause Young (Allocation Failure) 627M->75M(1979M) 7.946ms
[3260.181s][info][gc,cpu         ] GC(2201) User=0.00s Sys=0.00s Real=0.01s
[3262.100s][info][gc,start       ] GC(2202) Pause Young (Allocation Failure)
[3262.110s][info][gc,heap        ] GC(2202) DefNew: 566257K->8257K(629120K)
[3262.110s][info][gc,heap        ] GC(2202) Tenured: 70416K->70498K(1398144K)
[3262.110s][info][gc,metaspace   ] GC(2202) Metaspace: 90980K(98224K)->90980K(98224K) NonClass: 79610K(83632K)->79610K(83632K) Class: 11370K(14592K)->11370K(14592K)
[3262.110s][info][gc             ] GC(2202) Pause Young (Allocation Failure) 621M->76M(1979M) 9.705ms
[3262.110s][info][gc,cpu         ] GC(2202) User=0.00s Sys=0.00s Real=0.01s
[3262.836s][info][gc,start       ] GC(2203) Pause Young (Allocation Failure)
[3262.844s][info][gc,heap        ] GC(2203) DefNew: 567489K->7265K(629120K)
[3262.844s][info][gc,heap        ] GC(2203) Tenured: 70498K->70694K(1398144K)
[3262.844s][info][gc,metaspace   ] GC(2203) Metaspace: 90980K(98224K)->90980K(98224K) NonClass: 79610K(83632K)->79610K(83632K) Class: 11370K(14592K)->11370K(14592K)
[3262.844s][info][gc             ] GC(2203) Pause Young (Allocation Failure) 623M->76M(1979M) 7.981ms
[3262.844s][info][gc,cpu         ] GC(2203) User=0.00s Sys=0.00s Real=0.01s
[3262.857s][info][gc,start       ] GC(2204) Pause Full (System.gc())
[3262.859s][info][gc,phases,start] GC(2204) Phase 1: Mark live objects
[3262.910s][info][gc,phases      ] GC(2204) Phase 1: Mark live objects 50.984ms
[3262.910s][info][gc,phases,start] GC(2204) Phase 2: Compute new object addresses
[3262.923s][info][gc,phases      ] GC(2204) Phase 2: Compute new object addresses 13.176ms
[3262.923s][info][gc,phases,start] GC(2204) Phase 3: Adjust pointers
[3262.956s][info][gc,phases      ] GC(2204) Phase 3: Adjust pointers 32.166ms
[3262.956s][info][gc,phases,start] GC(2204) Phase 4: Move objects
[3262.963s][info][gc,phases      ] GC(2204) Phase 4: Move objects 7.826ms
[3262.964s][info][gc,heap        ] GC(2204) DefNew: 38672K->0K(629120K)
[3262.964s][info][gc,heap        ] GC(2204) Tenured: 70694K->54469K(1398144K)
[3262.964s][info][gc,metaspace   ] GC(2204) Metaspace: 90980K(98224K)->90980K(98224K) NonClass: 79610K(83632K)->79610K(83632K) Class: 11370K(14592K)->11370K(14592K)
[3262.964s][info][gc             ] GC(2204) Pause Full (System.gc()) 106M->53M(1979M) 107.521ms
[3262.964s][info][gc,cpu         ] GC(2204) User=0.11s Sys=0.00s Real=0.11s
[3263.461s][info][gc,start       ] GC(2205) Pause Young (Allocation Failure)
[3263.465s][info][gc,heap        ] GC(2205) DefNew: 559232K->3060K(629120K)
[3263.465s][info][gc,heap        ] GC(2205) Tenured: 54469K->54469K(1398144K)
[3263.465s][info][gc,metaspace   ] GC(2205) Metaspace: 90980K(98224K)->90980K(98224K) NonClass: 79610K(83632K)->79610K(83632K) Class: 11370K(14592K)->11370K(14592K)
[3263.465s][info][gc             ] GC(2205) Pause Young (Allocation Failure) 599M->56M(1979M) 3.489ms
[3263.465s][info][gc,cpu         ] GC(2205) User=0.00s Sys=0.00s Real=0.00s
[3265.427s][info][gc,start       ] GC(2206) Pause Young (Allocation Failure)
[3265.432s][info][gc,heap        ] GC(2206) DefNew: 560633K->4375K(629120K)
[3265.432s][info][gc,heap        ] GC(2206) Tenured: 54469K->54469K(1398144K)
[3265.432s][info][gc,metaspace   ] GC(2206) Metaspace: 90980K(98224K)->90980K(98224K) NonClass: 79610K(83632K)->79610K(83632K) Class: 11370K(14592K)->11370K(14592K)
[3265.432s][info][gc             ] GC(2206) Pause Young (Allocation Failure) 600M->57M(1979M) 4.877ms
[3265.432s][info][gc,cpu         ] GC(2206) User=0.00s Sys=0.00s Real=0.01s
[3267.381s][info][gc,start       ] GC(2207) Pause Young (Allocation Failure)
[3267.387s][info][gc,heap        ] GC(2207) DefNew: 563465K->5022K(629120K)
[3267.387s][info][gc,heap        ] GC(2207) Tenured: 54469K->54469K(1398144K)
[3267.387s][info][gc,metaspace   ] GC(2207) Metaspace: 90980K(98224K)->90980K(98224K) NonClass: 79610K(83632K)->79610K(83632K) Class: 11370K(14592K)->11370K(14592K)
[3267.387s][info][gc             ] GC(2207) Pause Young (Allocation Failure) 603M->58M(1979M) 5.408ms
[3267.387s][info][gc,cpu         ] GC(2207) User=0.00s Sys=0.00s Real=0.01s
[3269.189s][info][gc,start       ] GC(2208) Pause Young (Allocation Failure)
[3269.197s][info][gc,heap        ] GC(2208) DefNew: 564254K->6844K(629120K)
[3269.197s][info][gc,heap        ] GC(2208) Tenured: 54469K->54469K(1398144K)
[3269.197s][info][gc,metaspace   ] GC(2208) Metaspace: 90980K(98224K)->90980K(98224K) NonClass: 79610K(83632K)->79610K(83632K) Class: 11370K(14592K)->11370K(14592K)
[3269.197s][info][gc             ] GC(2208) Pause Young (Allocation Failure) 604M->59M(1979M) 8.158ms
[3269.197s][info][gc,cpu         ] GC(2208) User=0.00s Sys=0.00s Real=0.01s
[3269.686s][info][gc,start       ] GC(2209) Pause Young (Allocation Failure)
[3269.692s][info][gc,heap        ] GC(2209) DefNew: 565002K->7797K(629120K)
[3269.692s][info][gc,heap        ] GC(2209) Tenured: 54469K->54469K(1398144K)
[3269.692s][info][gc,metaspace   ] GC(2209) Metaspace: 90980K(98224K)->90980K(98224K) NonClass: 79610K(83632K)->79610K(83632K) Class: 11370K(14592K)->11370K(14592K)
[3269.692s][info][gc             ] GC(2209) Pause Young (Allocation Failure) 604M->60M(1979M) 6.168ms
[3269.692s][info][gc,cpu         ] GC(2209) User=0.00s Sys=0.00s Real=0.01s
[3271.133s][info][gc,start       ] GC(2210) Pause Young (Allocation Failure)
[3271.140s][info][gc,heap        ] GC(2210) DefNew: 567029K->6361K(629120K)
[3271.140s][info][gc,heap        ] GC(2210) Tenured: 54469K->54469K(1398144K)
[3271.140s][info][gc,metaspace   ] GC(2210) Metaspace: 90980K(98224K)->90980K(98224K) NonClass: 79610K(83632K)->79610K(83632K) Class: 11370K(14592K)->11370K(14592K)
[3271.140s][info][gc             ] GC(2210) Pause Young (Allocation Failure) 606M->59M(1979M) 7.084ms
[3271.140s][info][gc,cpu         ] GC(2210) User=0.00s Sys=0.00s Real=0.01s
[3273.130s][info][gc,start       ] GC(2211) Pause Young (Allocation Failure)
[3273.135s][info][gc,heap        ] GC(2211) DefNew: 565593K->5172K(629120K)
[3273.135s][info][gc,heap        ] GC(2211) Tenured: 54469K->54469K(1398144K)
[3273.135s][info][gc,metaspace   ] GC(2211) Metaspace: 90980K(98224K)->90980K(98224K) NonClass: 79610K(83632K)->79610K(83632K) Class: 11370K(14592K)->11370K(14592K)
[3273.135s][info][gc             ] GC(2211) Pause Young (Allocation Failure) 605M->58M(1979M) 4.782ms
[3273.135s][info][gc,cpu         ] GC(2211) User=0.00s Sys=0.00s Real=0.01s
[3275.678s][info][gc,start       ] GC(2212) Pause Young (Allocation Failure)
[3275.684s][info][gc,heap        ] GC(2212) DefNew: 564404K->5716K(629120K)
[3275.684s][info][gc,heap        ] GC(2212) Tenured: 54469K->54469K(1398144K)
[3275.684s][info][gc,metaspace   ] GC(2212) Metaspace: 90980K(98224K)->90980K(98224K) NonClass: 79610K(83632K)->79610K(83632K) Class: 11370K(14592K)->11370K(14592K)
[3275.684s][info][gc             ] GC(2212) Pause Young (Allocation Failure) 604M->58M(1979M) 5.820ms
[3275.684s][info][gc,cpu         ] GC(2212) User=0.00s Sys=0.00s Real=0.01s
[3276.285s][info][gc,start       ] GC(2213) Pause Young (Allocation Failure)
[3276.294s][info][gc,heap        ] GC(2213) DefNew: 561681K->24805K(629120K)
[3276.294s][info][gc,heap        ] GC(2213) Tenured: 54469K->54469K(1398144K)
[3276.294s][info][gc,metaspace   ] GC(2213) Metaspace: 90980K(98224K)->90980K(98224K) NonClass: 79610K(83632K)->79610K(83632K) Class: 11370K(14592K)->11370K(14592K)
[3276.294s][info][gc             ] GC(2213) Pause Young (Allocation Failure) 601M->77M(1979M) 9.067ms
[3276.294s][info][gc,cpu         ] GC(2213) User=0.00s Sys=0.00s Real=0.01s
[3277.005s][info][gc,start       ] GC(2214) Pause Young (Allocation Failure)
[3277.011s][info][gc,heap        ] GC(2214) DefNew: 584037K->5148K(629120K)
[3277.011s][info][gc,heap        ] GC(2214) Tenured: 54469K->54469K(1398144K)
[3277.011s][info][gc,metaspace   ] GC(2214) Metaspace: 90980K(98224K)->90980K(98224K) NonClass: 79610K(83632K)->79610K(83632K) Class: 11370K(14592K)->11370K(14592K)
[3277.011s][info][gc             ] GC(2214) Pause Young (Allocation Failure) 623M->58M(1979M) 5.852ms
[3277.011s][info][gc,cpu         ] GC(2214) User=0.00s Sys=0.00s Real=0.01s
[3279.461s][info][gc,start       ] GC(2215) Pause Young (Allocation Failure)
[3279.468s][info][gc,heap        ] GC(2215) DefNew: 564380K->6751K(629120K)
[3279.468s][info][gc,heap        ] GC(2215) Tenured: 54469K->54469K(1398144K)
[3279.468s][info][gc,metaspace   ] GC(2215) Metaspace: 90980K(98224K)->90980K(98224K) NonClass: 79610K(83632K)->79610K(83632K) Class: 11370K(14592K)->11370K(14592K)
[3279.468s][info][gc             ] GC(2215) Pause Young (Allocation Failure) 604M->59M(1979M) 7.026ms
[3279.468s][info][gc,cpu         ] GC(2215) User=0.00s Sys=0.00s Real=0.01s
[3281.468s][info][gc,start       ] GC(2216) Pause Young (Allocation Failure)
[3281.475s][info][gc,heap        ] GC(2216) DefNew: 565719K->6246K(629120K)
[3281.475s][info][gc,heap        ] GC(2216) Tenured: 54469K->54469K(1398144K)
[3281.475s][info][gc,metaspace   ] GC(2216) Metaspace: 90980K(98224K)->90980K(98224K) NonClass: 79610K(83632K)->79610K(83632K) Class: 11370K(14592K)->11370K(14592K)
[3281.475s][info][gc             ] GC(2216) Pause Young (Allocation Failure) 605M->59M(1979M) 6.706ms
[3281.475s][info][gc,cpu         ] GC(2216) User=0.00s Sys=0.00s Real=0.01s
[3282.792s][info][gc,start       ] GC(2217) Pause Young (Allocation Failure)
[3282.811s][info][gc,heap        ] GC(2217) DefNew: 565478K->11601K(629120K)
[3282.811s][info][gc,heap        ] GC(2217) Tenured: 54469K->54469K(1398144K)
[3282.811s][info][gc,metaspace   ] GC(2217) Metaspace: 90980K(98224K)->90980K(98224K) NonClass: 79610K(83632K)->79610K(83632K) Class: 11370K(14592K)->11370K(14592K)
[3282.811s][info][gc             ] GC(2217) Pause Young (Allocation Failure) 605M->64M(1979M) 18.735ms
[3282.811s][info][gc,cpu         ] GC(2217) User=0.00s Sys=0.00s Real=0.02s
[3283.333s][info][gc,start       ] GC(2218) Pause Young (Allocation Failure)
[3283.339s][info][gc,heap        ] GC(2218) DefNew: 569240K->8383K(629120K)
[3283.339s][info][gc,heap        ] GC(2218) Tenured: 54469K->54469K(1398144K)
[3283.339s][info][gc,metaspace   ] GC(2218) Metaspace: 90980K(98224K)->90980K(98224K) NonClass: 79610K(83632K)->79610K(83632K) Class: 11370K(14592K)->11370K(14592K)
[3283.340s][info][gc             ] GC(2218) Pause Young (Allocation Failure) 609M->61M(1979M) 6.291ms
[3283.340s][info][gc,cpu         ] GC(2218) User=0.00s Sys=0.00s Real=0.01s
[3285.311s][info][gc,start       ] GC(2219) Pause Young (Allocation Failure)
[3285.318s][info][gc,heap        ] GC(2219) DefNew: 567615K->7679K(629120K)
[3285.318s][info][gc,heap        ] GC(2219) Tenured: 54469K->54469K(1398144K)
[3285.318s][info][gc,metaspace   ] GC(2219) Metaspace: 90980K(98224K)->90980K(98224K) NonClass: 79610K(83632K)->79610K(83632K) Class: 11370K(14592K)->11370K(14592K)
[3285.318s][info][gc             ] GC(2219) Pause Young (Allocation Failure) 607M->60M(1979M) 7.639ms
[3285.318s][info][gc,cpu         ] GC(2219) User=0.00s Sys=0.00s Real=0.01s
[3287.344s][info][gc,start       ] GC(2220) Pause Young (Allocation Failure)
[3287.350s][info][gc,heap        ] GC(2220) DefNew: 565157K->6149K(629120K)
[3287.350s][info][gc,heap        ] GC(2220) Tenured: 54469K->54934K(1398144K)
[3287.350s][info][gc,metaspace   ] GC(2220) Metaspace: 90980K(98224K)->90980K(98224K) NonClass: 79610K(83632K)->79610K(83632K) Class: 11370K(14592K)->11370K(14592K)
[3287.350s][info][gc             ] GC(2220) Pause Young (Allocation Failure) 605M->59M(1979M) 6.590ms
[3287.350s][info][gc,cpu         ] GC(2220) User=0.00s Sys=0.00s Real=0.01s
[3289.192s][info][gc,start       ] GC(2221) Pause Young (Allocation Failure)
[3289.201s][info][gc,heap        ] GC(2221) DefNew: 565381K->11277K(629120K)
[3289.201s][info][gc,heap        ] GC(2221) Tenured: 54934K->55122K(1398144K)
[3289.201s][info][gc,metaspace   ] GC(2221) Metaspace: 90980K(98224K)->90980K(98224K) NonClass: 79610K(83632K)->79610K(83632K) Class: 11370K(14592K)->11370K(14592K)
[3289.202s][info][gc             ] GC(2221) Pause Young (Allocation Failure) 605M->64M(1979M) 9.820ms
[3289.202s][info][gc,cpu         ] GC(2221) User=0.00s Sys=0.00s Real=0.01s
[3289.806s][info][gc,start       ] GC(2222) Pause Young (Allocation Failure)
[3289.813s][info][gc,heap        ] GC(2222) DefNew: 570117K->13241K(629120K)
[3289.813s][info][gc,heap        ] GC(2222) Tenured: 55122K->55307K(1398144K)
[3289.813s][info][gc,metaspace   ] GC(2222) Metaspace: 90980K(98224K)->90980K(98224K) NonClass: 79610K(83632K)->79610K(83632K) Class: 11370K(14592K)->11370K(14592K)
[3289.813s][info][gc             ] GC(2222) Pause Young (Allocation Failure) 610M->66M(1979M) 7.506ms
[3289.813s][info][gc,cpu         ] GC(2222) User=0.00s Sys=0.00s Real=0.01s
[3291.222s][info][gc,start       ] GC(2223) Pause Young (Allocation Failure)
[3291.230s][info][gc,heap        ] GC(2223) DefNew: 572473K->6050K(629120K)
[3291.230s][info][gc,heap        ] GC(2223) Tenured: 55307K->55459K(1398144K)
[3291.230s][info][gc,metaspace   ] GC(2223) Metaspace: 90980K(98224K)->90980K(98224K) NonClass: 79610K(83632K)->79610K(83632K) Class: 11370K(14592K)->11370K(14592K)
[3291.230s][info][gc             ] GC(2223) Pause Young (Allocation Failure) 613M->60M(1979M) 7.555ms
[3291.230s][info][gc,cpu         ] GC(2223) User=0.02s Sys=0.00s Real=0.01s
[3293.024s][info][gc,start       ] GC(2224) Pause Young (Allocation Failure)
[3293.032s][info][gc,heap        ] GC(2224) DefNew: 565269K->7705K(629120K)
[3293.032s][info][gc,heap        ] GC(2224) Tenured: 55459K->55524K(1398144K)
[3293.032s][info][gc,metaspace   ] GC(2224) Metaspace: 90987K(98224K)->90987K(98224K) NonClass: 79616K(83632K)->79616K(83632K) Class: 11370K(14592K)->11370K(14592K)
[3293.032s][info][gc             ] GC(2224) Pause Young (Allocation Failure) 606M->61M(1979M) 8.323ms
[3293.033s][info][gc,cpu         ] GC(2224) User=0.00s Sys=0.00s Real=0.01s
[3293.583s][info][gc,start       ] GC(2225) Pause Young (Allocation Failure)
[3293.591s][info][gc,heap        ] GC(2225) DefNew: 565015K->17344K(629120K)
[3293.591s][info][gc,heap        ] GC(2225) Tenured: 55524K->55704K(1398144K)
[3293.591s][info][gc,metaspace   ] GC(2225) Metaspace: 90987K(98224K)->90987K(98224K) NonClass: 79616K(83632K)->79616K(83632K) Class: 11370K(14592K)->11370K(14592K)
[3293.591s][info][gc             ] GC(2225) Pause Young (Allocation Failure) 605M->71M(1979M) 8.133ms
[3293.591s][info][gc,cpu         ] GC(2225) User=0.00s Sys=0.00s Real=0.01s
[3295.112s][info][gc,start       ] GC(2226) Pause Young (Allocation Failure)
[3295.119s][info][gc,heap        ] GC(2226) DefNew: 576576K->5965K(629120K)
[3295.119s][info][gc,heap        ] GC(2226) Tenured: 55704K->55847K(1398144K)
[3295.119s][info][gc,metaspace   ] GC(2226) Metaspace: 90987K(98224K)->90987K(98224K) NonClass: 79616K(83632K)->79616K(83632K) Class: 11370K(14592K)->11370K(14592K)
[3295.119s][info][gc             ] GC(2226) Pause Young (Allocation Failure) 617M->60M(1979M) 6.633ms
[3295.119s][info][gc,cpu         ] GC(2226) User=0.00s Sys=0.00s Real=0.01s
[3296.958s][info][gc,start       ] GC(2227) Pause Young (Allocation Failure)
[3296.967s][info][gc,heap        ] GC(2227) DefNew: 565197K->8142K(629120K)
[3296.967s][info][gc,heap        ] GC(2227) Tenured: 55847K->56014K(1398144K)
[3296.967s][info][gc,metaspace   ] GC(2227) Metaspace: 90987K(98224K)->90987K(98224K) NonClass: 79616K(83632K)->79616K(83632K) Class: 11370K(14592K)->11370K(14592K)
[3296.967s][info][gc             ] GC(2227) Pause Young (Allocation Failure) 606M->62M(1979M) 9.125ms
[3296.967s][info][gc,cpu         ] GC(2227) User=0.00s Sys=0.00s Real=0.01s
[3297.417s][info][gc,start       ] GC(2228) Pause Young (Allocation Failure)
[3297.426s][info][gc,heap        ] GC(2228) DefNew: 566656K->12755K(629120K)
[3297.426s][info][gc,heap        ] GC(2228) Tenured: 56014K->56132K(1398144K)
[3297.426s][info][gc,metaspace   ] GC(2228) Metaspace: 90987K(98224K)->90987K(98224K) NonClass: 79616K(83632K)->79616K(83632K) Class: 11370K(14592K)->11370K(14592K)
[3297.426s][info][gc             ] GC(2228) Pause Young (Allocation Failure) 608M->67M(1979M) 8.615ms
[3297.426s][info][gc,cpu         ] GC(2228) User=0.00s Sys=0.00s Real=0.01s
[3298.904s][info][gc,start       ] GC(2229) Pause Young (Allocation Failure)
[3298.911s][info][gc,heap        ] GC(2229) DefNew: 571987K->8025K(629120K)
[3298.911s][info][gc,heap        ] GC(2229) Tenured: 56132K->56279K(1398144K)
[3298.911s][info][gc,metaspace   ] GC(2229) Metaspace: 90987K(98224K)->90987K(98224K) NonClass: 79616K(83632K)->79616K(83632K) Class: 11370K(14592K)->11370K(14592K)
[3298.911s][info][gc             ] GC(2229) Pause Young (Allocation Failure) 613M->62M(1979M) 7.332ms
[3298.911s][info][gc,cpu         ] GC(2229) User=0.00s Sys=0.00s Real=0.01s
[3300.739s][info][gc,start       ] GC(2230) Pause Young (Allocation Failure)
[3300.747s][info][gc,heap        ] GC(2230) DefNew: 567257K->8500K(629120K)
[3300.747s][info][gc,heap        ] GC(2230) Tenured: 56279K->56404K(1398144K)
[3300.747s][info][gc,metaspace   ] GC(2230) Metaspace: 90987K(98224K)->90987K(98224K) NonClass: 79616K(83632K)->79616K(83632K) Class: 11370K(14592K)->11370K(14592K)
[3300.747s][info][gc             ] GC(2230) Pause Young (Allocation Failure) 608M->63M(1979M) 8.809ms
[3300.748s][info][gc,cpu         ] GC(2230) User=0.00s Sys=0.00s Real=0.01s
[3301.233s][info][gc,start       ] GC(2231) Pause Young (Allocation Failure)
[3301.242s][info][gc,heap        ] GC(2231) DefNew: 565420K->13091K(629120K)
[3301.242s][info][gc,heap        ] GC(2231) Tenured: 56404K->56592K(1398144K)
[3301.242s][info][gc,metaspace   ] GC(2231) Metaspace: 90987K(98224K)->90987K(98224K) NonClass: 79616K(83632K)->79616K(83632K) Class: 11370K(14592K)->11370K(14592K)
[3301.242s][info][gc             ] GC(2231) Pause Young (Allocation Failure) 607M->68M(1979M) 8.454ms
[3301.242s][info][gc,cpu         ] GC(2231) User=0.00s Sys=0.00s Real=0.01s
[3302.791s][info][gc,start       ] GC(2232) Pause Young (Allocation Failure)
[3302.797s][info][gc,heap        ] GC(2232) DefNew: 571988K->5583K(629120K)
[3302.797s][info][gc,heap        ] GC(2232) Tenured: 56592K->56710K(1398144K)
[3302.797s][info][gc,metaspace   ] GC(2232) Metaspace: 90987K(98224K)->90987K(98224K) NonClass: 79616K(83632K)->79616K(83632K) Class: 11370K(14592K)->11370K(14592K)
[3302.797s][info][gc             ] GC(2232) Pause Young (Allocation Failure) 613M->60M(1979M) 6.251ms
[3302.797s][info][gc,cpu         ] GC(2232) User=0.00s Sys=0.00s Real=0.01s
[3304.642s][info][gc,start       ] GC(2233) Pause Young (Allocation Failure)
[3304.653s][info][gc,heap        ] GC(2233) DefNew: 564816K->8461K(629120K)
[3304.653s][info][gc,heap        ] GC(2233) Tenured: 56710K->56793K(1398144K)
[3304.653s][info][gc,metaspace   ] GC(2233) Metaspace: 90987K(98224K)->90987K(98224K) NonClass: 79616K(83632K)->79616K(83632K) Class: 11370K(14592K)->11370K(14592K)
[3304.653s][info][gc             ] GC(2233) Pause Young (Allocation Failure) 606M->63M(1979M) 11.373ms
[3304.653s][info][gc,cpu         ] GC(2233) User=0.00s Sys=0.00s Real=0.01s
[3305.348s][info][gc,start       ] GC(2234) Pause Young (Allocation Failure)
[3305.357s][info][gc,heap        ] GC(2234) DefNew: 567693K->7485K(629120K)
[3305.357s][info][gc,heap        ] GC(2234) Tenured: 56793K->56983K(1398144K)
[3305.357s][info][gc,metaspace   ] GC(2234) Metaspace: 90987K(98224K)->90987K(98224K) NonClass: 79616K(83632K)->79616K(83632K) Class: 11370K(14592K)->11370K(14592K)
[3305.357s][info][gc             ] GC(2234) Pause Young (Allocation Failure) 609M->62M(1979M) 8.445ms
[3305.357s][info][gc,cpu         ] GC(2234) User=0.00s Sys=0.00s Real=0.01s
[3305.363s][info][gc,start       ] GC(2235) Pause Full (System.gc())
[3305.365s][info][gc,phases,start] GC(2235) Phase 1: Mark live objects
[3305.417s][info][gc,phases      ] GC(2235) Phase 1: Mark live objects 52.203ms
[3305.417s][info][gc,phases,start] GC(2235) Phase 2: Compute new object addresses
[3305.429s][info][gc,phases      ] GC(2235) Phase 2: Compute new object addresses 11.975ms
[3305.429s][info][gc,phases,start] GC(2235) Phase 3: Adjust pointers
[3305.461s][info][gc,phases      ] GC(2235) Phase 3: Adjust pointers 31.849ms
[3305.461s][info][gc,phases,start] GC(2235) Phase 4: Move objects
[3305.463s][info][gc,phases      ] GC(2235) Phase 4: Move objects 1.478ms
[3305.463s][info][gc,heap        ] GC(2235) DefNew: 26133K->0K(629120K)
[3305.464s][info][gc,heap        ] GC(2235) Tenured: 56983K->62106K(1398144K)
[3305.464s][info][gc,metaspace   ] GC(2235) Metaspace: 90987K(98224K)->90987K(98224K) NonClass: 79616K(83632K)->79616K(83632K) Class: 11370K(14592K)->11370K(14592K)
[3305.464s][info][gc             ] GC(2235) Pause Full (System.gc()) 81M->60M(1979M) 100.583ms
[3305.464s][info][gc,cpu         ] GC(2235) User=0.09s Sys=0.00s Real=0.10s
[3305.971s][info][gc,start       ] GC(2236) Pause Young (Allocation Failure)
[3305.974s][info][gc,heap        ] GC(2236) DefNew: 559232K->3058K(629120K)
[3305.975s][info][gc,heap        ] GC(2236) Tenured: 62106K->62106K(1398144K)
[3305.975s][info][gc,metaspace   ] GC(2236) Metaspace: 90987K(98224K)->90987K(98224K) NonClass: 79616K(83632K)->79616K(83632K) Class: 11370K(14592K)->11370K(14592K)
[3305.975s][info][gc             ] GC(2236) Pause Young (Allocation Failure) 606M->63M(1979M) 3.997ms
[3305.975s][info][gc,cpu         ] GC(2236) User=0.00s Sys=0.00s Real=0.00s
[3307.931s][info][gc,start       ] GC(2237) Pause Young (Allocation Failure)
[3307.935s][info][gc,heap        ] GC(2237) DefNew: 559839K->4390K(629120K)
[3307.935s][info][gc,heap        ] GC(2237) Tenured: 62106K->62106K(1398144K)
[3307.935s][info][gc,metaspace   ] GC(2237) Metaspace: 90987K(98224K)->90987K(98224K) NonClass: 79616K(83632K)->79616K(83632K) Class: 11370K(14592K)->11370K(14592K)
[3307.935s][info][gc             ] GC(2237) Pause Young (Allocation Failure) 607M->64M(1979M) 4.507ms
[3307.935s][info][gc,cpu         ] GC(2237) User=0.00s Sys=0.00s Real=0.00s
[3309.892s][info][gc,start       ] GC(2238) Pause Young (Allocation Failure)
[3309.897s][info][gc,heap        ] GC(2238) DefNew: 563495K->4886K(629120K)
[3309.897s][info][gc,heap        ] GC(2238) Tenured: 62106K->62106K(1398144K)
[3309.897s][info][gc,metaspace   ] GC(2238) Metaspace: 90987K(98224K)->90987K(98224K) NonClass: 79616K(83632K)->79616K(83632K) Class: 11370K(14592K)->11370K(14592K)
[3309.897s][info][gc             ] GC(2238) Pause Young (Allocation Failure) 610M->65M(1979M) 5.230ms
[3309.897s][info][gc,cpu         ] GC(2238) User=0.00s Sys=0.00s Real=0.01s
[3311.618s][info][gc,start       ] GC(2239) Pause Young (Allocation Failure)
[3311.628s][info][gc,heap        ] GC(2239) DefNew: 563113K->7325K(629120K)
[3311.628s][info][gc,heap        ] GC(2239) Tenured: 62106K->62106K(1398144K)
[3311.628s][info][gc,metaspace   ] GC(2239) Metaspace: 90987K(98224K)->90987K(98224K) NonClass: 79616K(83632K)->79616K(83632K) Class: 11370K(14592K)->11370K(14592K)
[3311.628s][info][gc             ] GC(2239) Pause Young (Allocation Failure) 610M->67M(1979M) 9.934ms
[3311.628s][info][gc,cpu         ] GC(2239) User=0.00s Sys=0.00s Real=0.01s
[3312.138s][info][gc,start       ] GC(2240) Pause Young (Allocation Failure)
[3312.144s][info][gc,heap        ] GC(2240) DefNew: 566069K->12410K(629120K)
[3312.144s][info][gc,heap        ] GC(2240) Tenured: 62106K->62106K(1398144K)
[3312.144s][info][gc,metaspace   ] GC(2240) Metaspace: 90987K(98224K)->90987K(98224K) NonClass: 79616K(83632K)->79616K(83632K) Class: 11370K(14592K)->11370K(14592K)
[3312.144s][info][gc             ] GC(2240) Pause Young (Allocation Failure) 613M->72M(1979M) 6.524ms
[3312.144s][info][gc,cpu         ] GC(2240) User=0.00s Sys=0.00s Real=0.01s
[3313.575s][info][gc,start       ] GC(2241) Pause Young (Allocation Failure)
[3313.582s][info][gc,heap        ] GC(2241) DefNew: 571642K->5848K(629120K)
[3313.582s][info][gc,heap        ] GC(2241) Tenured: 62106K->62106K(1398144K)
[3313.582s][info][gc,metaspace   ] GC(2241) Metaspace: 90987K(98224K)->90987K(98224K) NonClass: 79616K(83632K)->79616K(83632K) Class: 11370K(14592K)->11370K(14592K)
[3313.582s][info][gc             ] GC(2241) Pause Young (Allocation Failure) 618M->66M(1979M) 7.015ms
[3313.582s][info][gc,cpu         ] GC(2241) User=0.00s Sys=0.00s Real=0.01s
[3315.579s][info][gc,start       ] GC(2242) Pause Young (Allocation Failure)
[3315.585s][info][gc,heap        ] GC(2242) DefNew: 565080K->5329K(629120K)
[3315.585s][info][gc,heap        ] GC(2242) Tenured: 62106K->62106K(1398144K)
[3315.585s][info][gc,metaspace   ] GC(2242) Metaspace: 90987K(98224K)->90987K(98224K) NonClass: 79616K(83632K)->79616K(83632K) Class: 11370K(14592K)->11370K(14592K)
[3315.585s][info][gc             ] GC(2242) Pause Young (Allocation Failure) 612M->65M(1979M) 5.903ms
[3315.585s][info][gc,cpu         ] GC(2242) User=0.02s Sys=0.00s Real=0.00s
[3318.164s][info][gc,start       ] GC(2243) Pause Young (Allocation Failure)
[3318.170s][info][gc,heap        ] GC(2243) DefNew: 564561K->5785K(629120K)
[3318.170s][info][gc,heap        ] GC(2243) Tenured: 62106K->62106K(1398144K)
[3318.170s][info][gc,metaspace   ] GC(2243) Metaspace: 90987K(98224K)->90987K(98224K) NonClass: 79616K(83632K)->79616K(83632K) Class: 11370K(14592K)->11370K(14592K)
[3318.170s][info][gc             ] GC(2243) Pause Young (Allocation Failure) 611M->66M(1979M) 5.815ms
[3318.170s][info][gc,cpu         ] GC(2243) User=0.00s Sys=0.00s Real=0.01s
[3318.788s][info][gc,start       ] GC(2244) Pause Young (Allocation Failure)
[3318.796s][info][gc,heap        ] GC(2244) DefNew: 564599K->12598K(629120K)
[3318.796s][info][gc,heap        ] GC(2244) Tenured: 62106K->62106K(1398144K)
[3318.796s][info][gc,metaspace   ] GC(2244) Metaspace: 90987K(98224K)->90987K(98224K) NonClass: 79616K(83632K)->79616K(83632K) Class: 11370K(14592K)->11370K(14592K)
[3318.796s][info][gc             ] GC(2244) Pause Young (Allocation Failure) 612M->72M(1979M) 7.933ms
[3318.796s][info][gc,cpu         ] GC(2244) User=0.00s Sys=0.00s Real=0.01s
[3319.531s][info][gc,start       ] GC(2245) Pause Young (Allocation Failure)
[3319.536s][info][gc,heap        ] GC(2245) DefNew: 571830K->5342K(629120K)
[3319.537s][info][gc,heap        ] GC(2245) Tenured: 62106K->62106K(1398144K)
[3319.537s][info][gc,metaspace   ] GC(2245) Metaspace: 90987K(98224K)->90987K(98224K) NonClass: 79616K(83632K)->79616K(83632K) Class: 11370K(14592K)->11370K(14592K)
[3319.537s][info][gc             ] GC(2245) Pause Young (Allocation Failure) 619M->65M(1979M) 5.881ms
[3319.537s][info][gc,cpu         ] GC(2245) User=0.00s Sys=0.00s Real=0.00s
[3321.953s][info][gc,start       ] GC(2246) Pause Young (Allocation Failure)
[3321.959s][info][gc,heap        ] GC(2246) DefNew: 564574K->6493K(629120K)
[3321.959s][info][gc,heap        ] GC(2246) Tenured: 62106K->62106K(1398144K)
[3321.959s][info][gc,metaspace   ] GC(2246) Metaspace: 90987K(98224K)->90987K(98224K) NonClass: 79616K(83632K)->79616K(83632K) Class: 11370K(14592K)->11370K(14592K)
[3321.959s][info][gc             ] GC(2246) Pause Young (Allocation Failure) 611M->66M(1979M) 6.190ms
[3321.959s][info][gc,cpu         ] GC(2246) User=0.02s Sys=0.00s Real=0.01s
[3323.990s][info][gc,start       ] GC(2247) Pause Young (Allocation Failure)
[3323.996s][info][gc,heap        ] GC(2247) DefNew: 564511K->6241K(629120K)
[3323.996s][info][gc,heap        ] GC(2247) Tenured: 62106K->62106K(1398144K)
[3323.996s][info][gc,metaspace   ] GC(2247) Metaspace: 90987K(98224K)->90987K(98224K) NonClass: 79616K(83632K)->79616K(83632K) Class: 11370K(14592K)->11370K(14592K)
[3323.997s][info][gc             ] GC(2247) Pause Young (Allocation Failure) 611M->66M(1979M) 6.321ms
[3323.997s][info][gc,cpu         ] GC(2247) User=0.00s Sys=0.00s Real=0.01s
[3325.295s][info][gc,start       ] GC(2248) Pause Young (Allocation Failure)
[3325.314s][info][gc,heap        ] GC(2248) DefNew: 565473K->11777K(629120K)
[3325.314s][info][gc,heap        ] GC(2248) Tenured: 62106K->62106K(1398144K)
[3325.314s][info][gc,metaspace   ] GC(2248) Metaspace: 90987K(98224K)->90987K(98224K) NonClass: 79616K(83632K)->79616K(83632K) Class: 11370K(14592K)->11370K(14592K)
[3325.314s][info][gc             ] GC(2248) Pause Young (Allocation Failure) 612M->72M(1979M) 18.615ms
[3325.314s][info][gc,cpu         ] GC(2248) User=0.00s Sys=0.00s Real=0.02s
[3325.846s][info][gc,start       ] GC(2249) Pause Young (Allocation Failure)
[3325.853s][info][gc,heap        ] GC(2249) DefNew: 569082K->8521K(629120K)
[3325.853s][info][gc,heap        ] GC(2249) Tenured: 62106K->62106K(1398144K)
[3325.853s][info][gc,metaspace   ] GC(2249) Metaspace: 90987K(98224K)->90987K(98224K) NonClass: 79616K(83632K)->79616K(83632K) Class: 11370K(14592K)->11370K(14592K)
[3325.853s][info][gc             ] GC(2249) Pause Young (Allocation Failure) 616M->68M(1979M) 6.505ms
[3325.853s][info][gc,cpu         ] GC(2249) User=0.00s Sys=0.00s Real=0.01s
[3327.796s][info][gc,start       ] GC(2250) Pause Young (Allocation Failure)
[3327.804s][info][gc,heap        ] GC(2250) DefNew: 567753K->7933K(629120K)
[3327.804s][info][gc,heap        ] GC(2250) Tenured: 62106K->62106K(1398144K)
[3327.804s][info][gc,metaspace   ] GC(2250) Metaspace: 90987K(98224K)->90987K(98224K) NonClass: 79616K(83632K)->79616K(83632K) Class: 11370K(14592K)->11370K(14592K)
[3327.804s][info][gc             ] GC(2250) Pause Young (Allocation Failure) 615M->68M(1979M) 7.706ms
[3327.804s][info][gc,cpu         ] GC(2250) User=0.00s Sys=0.00s Real=0.01s
[3329.823s][info][gc,start       ] GC(2251) Pause Young (Allocation Failure)
[3329.830s][info][gc,heap        ] GC(2251) DefNew: 566417K->6233K(629120K)
[3329.830s][info][gc,heap        ] GC(2251) Tenured: 62106K->62569K(1398144K)
[3329.830s][info][gc,metaspace   ] GC(2251) Metaspace: 90987K(98224K)->90987K(98224K) NonClass: 79616K(83632K)->79616K(83632K) Class: 11370K(14592K)->11370K(14592K)
[3329.830s][info][gc             ] GC(2251) Pause Young (Allocation Failure) 613M->67M(1979M) 6.900ms
[3329.830s][info][gc,cpu         ] GC(2251) User=0.00s Sys=0.00s Real=0.01s
[3331.722s][info][gc,start       ] GC(2252) Pause Young (Allocation Failure)
[3331.732s][info][gc,heap        ] GC(2252) DefNew: 565465K->10123K(629120K)
[3331.732s][info][gc,heap        ] GC(2252) Tenured: 62569K->62758K(1398144K)
[3331.732s][info][gc,metaspace   ] GC(2252) Metaspace: 90987K(98224K)->90987K(98224K) NonClass: 79616K(83632K)->79616K(83632K) Class: 11370K(14592K)->11370K(14592K)
[3331.732s][info][gc             ] GC(2252) Pause Young (Allocation Failure) 613M->71M(1979M) 9.877ms
[3331.732s][info][gc,cpu         ] GC(2252) User=0.00s Sys=0.00s Real=0.01s
[3332.332s][info][gc,start       ] GC(2253) Pause Young (Allocation Failure)
[3332.341s][info][gc,heap        ] GC(2253) DefNew: 565829K->13529K(629120K)
[3332.341s][info][gc,heap        ] GC(2253) Tenured: 62758K->62942K(1398144K)
[3332.341s][info][gc,metaspace   ] GC(2253) Metaspace: 90987K(98224K)->90987K(98224K) NonClass: 79616K(83632K)->79616K(83632K) Class: 11370K(14592K)->11370K(14592K)
[3332.341s][info][gc             ] GC(2253) Pause Young (Allocation Failure) 613M->74M(1979M) 8.287ms
[3332.341s][info][gc,cpu         ] GC(2253) User=0.00s Sys=0.00s Real=0.01s
[3333.761s][info][gc,start       ] GC(2254) Pause Young (Allocation Failure)
[3333.768s][info][gc,heap        ] GC(2254) DefNew: 572483K->5794K(629120K)
[3333.768s][info][gc,heap        ] GC(2254) Tenured: 62942K->63092K(1398144K)
[3333.768s][info][gc,metaspace   ] GC(2254) Metaspace: 90987K(98224K)->90987K(98224K) NonClass: 79616K(83632K)->79616K(83632K) Class: 11370K(14592K)->11370K(14592K)
[3333.768s][info][gc             ] GC(2254) Pause Young (Allocation Failure) 620M->67M(1979M) 6.527ms
[3333.768s][info][gc,cpu         ] GC(2254) User=0.00s Sys=0.00s Real=0.01s
[3335.627s][info][gc,start       ] GC(2255) Pause Young (Allocation Failure)
[3335.636s][info][gc,heap        ] GC(2255) DefNew: 565026K->8083K(629120K)
[3335.636s][info][gc,heap        ] GC(2255) Tenured: 63092K->63156K(1398144K)
[3335.636s][info][gc,metaspace   ] GC(2255) Metaspace: 90987K(98224K)->90987K(98224K) NonClass: 79616K(83632K)->79616K(83632K) Class: 11370K(14592K)->11370K(14592K)
[3335.636s][info][gc             ] GC(2255) Pause Young (Allocation Failure) 613M->69M(1979M) 8.794ms
[3335.636s][info][gc,cpu         ] GC(2255) User=0.00s Sys=0.00s Real=0.01s
[3336.132s][info][gc,start       ] GC(2256) Pause Young (Allocation Failure)
[3336.140s][info][gc,heap        ] GC(2256) DefNew: 565151K->13378K(629120K)
[3336.140s][info][gc,heap        ] GC(2256) Tenured: 63156K->63348K(1398144K)
[3336.140s][info][gc,metaspace   ] GC(2256) Metaspace: 90987K(98224K)->90987K(98224K) NonClass: 79616K(83632K)->79616K(83632K) Class: 11370K(14592K)->11370K(14592K)
[3336.140s][info][gc             ] GC(2256) Pause Young (Allocation Failure) 613M->74M(1979M) 7.929ms
[3336.140s][info][gc,cpu         ] GC(2256) User=0.00s Sys=0.00s Real=0.01s
[3337.677s][info][gc,start       ] GC(2257) Pause Young (GCLocker Initiated GC)
[3337.685s][info][gc,heap        ] GC(2257) DefNew: 572610K->6965K(629120K)
[3337.685s][info][gc,heap        ] GC(2257) Tenured: 63348K->63486K(1398144K)
[3337.685s][info][gc,metaspace   ] GC(2257) Metaspace: 90987K(98224K)->90987K(98224K) NonClass: 79616K(83632K)->79616K(83632K) Class: 11370K(14592K)->11370K(14592K)
[3337.685s][info][gc             ] GC(2257) Pause Young (GCLocker Initiated GC) 621M->68M(1979M) 8.144ms
[3337.685s][info][gc,cpu         ] GC(2257) User=0.00s Sys=0.00s Real=0.01s
[3339.567s][info][gc,start       ] GC(2258) Pause Young (Allocation Failure)
[3339.577s][info][gc,heap        ] GC(2258) DefNew: 566197K->8045K(629120K)
[3339.577s][info][gc,heap        ] GC(2258) Tenured: 63486K->63649K(1398144K)
[3339.577s][info][gc,metaspace   ] GC(2258) Metaspace: 90987K(98224K)->90987K(98224K) NonClass: 79616K(83632K)->79616K(83632K) Class: 11370K(14592K)->11370K(14592K)
[3339.577s][info][gc             ] GC(2258) Pause Young (Allocation Failure) 614M->70M(1979M) 10.404ms
[3339.577s][info][gc,cpu         ] GC(2258) User=0.00s Sys=0.00s Real=0.01s
[3340.021s][info][gc,start       ] GC(2259) Pause Young (Allocation Failure)
[3340.029s][info][gc,heap        ] GC(2259) DefNew: 566511K->8044K(629120K)
[3340.029s][info][gc,heap        ] GC(2259) Tenured: 63649K->63770K(1398144K)
[3340.029s][info][gc,metaspace   ] GC(2259) Metaspace: 90987K(98224K)->90987K(98224K) NonClass: 79616K(83632K)->79616K(83632K) Class: 11370K(14592K)->11370K(14592K)
[3340.029s][info][gc             ] GC(2259) Pause Young (Allocation Failure) 615M->70M(1979M) 7.518ms
[3340.029s][info][gc,cpu         ] GC(2259) User=0.00s Sys=0.00s Real=0.01s
[3341.571s][info][gc,start       ] GC(2260) Pause Young (Allocation Failure)
[3341.578s][info][gc,heap        ] GC(2260) DefNew: 567022K->5895K(629120K)
[3341.578s][info][gc,heap        ] GC(2260) Tenured: 63770K->63930K(1398144K)
[3341.578s][info][gc,metaspace   ] GC(2260) Metaspace: 90987K(98224K)->90987K(98224K) NonClass: 79616K(83632K)->79616K(83632K) Class: 11370K(14592K)->11370K(14592K)
[3341.578s][info][gc             ] GC(2260) Pause Young (Allocation Failure) 616M->68M(1979M) 6.504ms
[3341.578s][info][gc,cpu         ] GC(2260) User=0.00s Sys=0.00s Real=0.01s
[3343.251s][info][gc,start       ] GC(2261) Pause Young (Allocation Failure)
[3343.261s][info][gc,heap        ] GC(2261) DefNew: 565127K->8607K(629120K)
[3343.261s][info][gc,heap        ] GC(2261) Tenured: 63930K->64045K(1398144K)
[3343.261s][info][gc,metaspace   ] GC(2261) Metaspace: 90987K(98224K)->90987K(98224K) NonClass: 79616K(83632K)->79616K(83632K) Class: 11370K(14592K)->11370K(14592K)
[3343.261s][info][gc             ] GC(2261) Pause Young (Allocation Failure) 614M->70M(1979M) 9.759ms
[3343.261s][info][gc,cpu         ] GC(2261) User=0.00s Sys=0.00s Real=0.01s
[3343.722s][info][gc,start       ] GC(2262) Pause Young (Allocation Failure)
[3343.730s][info][gc,heap        ] GC(2262) DefNew: 566596K->8599K(629120K)
[3343.730s][info][gc,heap        ] GC(2262) Tenured: 64045K->64234K(1398144K)
[3343.730s][info][gc,metaspace   ] GC(2262) Metaspace: 90987K(98224K)->90987K(98224K) NonClass: 79616K(83632K)->79616K(83632K) Class: 11370K(14592K)->11370K(14592K)
[3343.730s][info][gc             ] GC(2262) Pause Young (Allocation Failure) 615M->71M(1979M) 7.259ms
[3343.730s][info][gc,cpu         ] GC(2262) User=0.02s Sys=0.00s Real=0.01s
[3345.292s][info][gc,start       ] GC(2263) Pause Young (Allocation Failure)
[3345.299s][info][gc,heap        ] GC(2263) DefNew: 567831K->5995K(629120K)
[3345.299s][info][gc,heap        ] GC(2263) Tenured: 64234K->64352K(1398144K)
[3345.299s][info][gc,metaspace   ] GC(2263) Metaspace: 90987K(98224K)->90987K(98224K) NonClass: 79616K(83632K)->79616K(83632K) Class: 11370K(14592K)->11370K(14592K)
[3345.299s][info][gc             ] GC(2263) Pause Young (Allocation Failure) 617M->68M(1979M) 6.821ms
[3345.299s][info][gc,cpu         ] GC(2263) User=0.00s Sys=0.00s Real=0.01s
[3347.148s][info][gc,start       ] GC(2264) Pause Young (Allocation Failure)
[3347.159s][info][gc,heap        ] GC(2264) DefNew: 565227K->8870K(629120K)
[3347.159s][info][gc,heap        ] GC(2264) Tenured: 64352K->64437K(1398144K)
[3347.159s][info][gc,metaspace   ] GC(2264) Metaspace: 90987K(98224K)->90987K(98224K) NonClass: 79616K(83632K)->79616K(83632K) Class: 11370K(14592K)->11370K(14592K)
[3347.159s][info][gc             ] GC(2264) Pause Young (Allocation Failure) 614M->71M(1979M) 11.573ms
[3347.159s][info][gc,cpu         ] GC(2264) User=0.00s Sys=0.00s Real=0.01s
[3347.862s][info][gc,start       ] GC(2265) Pause Young (Allocation Failure)
[3347.871s][info][gc,heap        ] GC(2265) DefNew: 568102K->7457K(629120K)
[3347.871s][info][gc,heap        ] GC(2265) Tenured: 64437K->64627K(1398144K)
[3347.871s][info][gc,metaspace   ] GC(2265) Metaspace: 90987K(98224K)->90987K(98224K) NonClass: 79616K(83632K)->79616K(83632K) Class: 11370K(14592K)->11370K(14592K)
[3347.871s][info][gc             ] GC(2265) Pause Young (Allocation Failure) 617M->70M(1979M) 8.870ms
[3347.871s][info][gc,cpu         ] GC(2265) User=0.02s Sys=0.00s Real=0.01s
[3347.882s][info][gc,start       ] GC(2266) Pause Full (System.gc())
[3347.885s][info][gc,phases,start] GC(2266) Phase 1: Mark live objects
[3347.937s][info][gc,phases      ] GC(2266) Phase 1: Mark live objects 51.572ms
[3347.937s][info][gc,phases,start] GC(2266) Phase 2: Compute new object addresses
[3347.948s][info][gc,phases      ] GC(2266) Phase 2: Compute new object addresses 11.355ms
[3347.948s][info][gc,phases,start] GC(2266) Phase 3: Adjust pointers
[3347.979s][info][gc,phases      ] GC(2266) Phase 3: Adjust pointers 30.765ms
[3347.979s][info][gc,phases,start] GC(2266) Phase 4: Move objects
[3347.980s][info][gc,phases      ] GC(2266) Phase 4: Move objects 0.797ms
[3347.981s][info][gc,heap        ] GC(2266) DefNew: 21561K->0K(629120K)
[3347.981s][info][gc,heap        ] GC(2266) Tenured: 64627K->67949K(1398144K)
[3347.981s][info][gc,metaspace   ] GC(2266) Metaspace: 90987K(98224K)->90987K(98224K) NonClass: 79616K(83632K)->79616K(83632K) Class: 11370K(14592K)->11370K(14592K)
[3347.981s][info][gc             ] GC(2266) Pause Full (System.gc()) 84M->66M(1979M) 98.398ms
[3347.981s][info][gc,cpu         ] GC(2266) User=0.09s Sys=0.00s Real=0.10s
[3348.485s][info][gc,start       ] GC(2267) Pause Young (Allocation Failure)
[3348.489s][info][gc,heap        ] GC(2267) DefNew: 559216K->3059K(629120K)
[3348.489s][info][gc,heap        ] GC(2267) Tenured: 67949K->67949K(1398144K)
[3348.489s][info][gc,metaspace   ] GC(2267) Metaspace: 90987K(98224K)->90987K(98224K) NonClass: 79616K(83632K)->79616K(83632K) Class: 11370K(14592K)->11370K(14592K)
[3348.489s][info][gc             ] GC(2267) Pause Young (Allocation Failure) 612M->69M(1979M) 3.790ms
[3348.489s][info][gc,cpu         ] GC(2267) User=0.00s Sys=0.00s Real=0.00s
[3350.409s][info][gc,start       ] GC(2268) Pause Young (Allocation Failure)
[3350.414s][info][gc,heap        ] GC(2268) DefNew: 559265K->4390K(629120K)
[3350.414s][info][gc,heap        ] GC(2268) Tenured: 67949K->67949K(1398144K)
[3350.414s][info][gc,metaspace   ] GC(2268) Metaspace: 90987K(98224K)->90987K(98224K) NonClass: 79616K(83632K)->79616K(83632K) Class: 11370K(14592K)->11370K(14592K)
[3350.414s][info][gc             ] GC(2268) Pause Young (Allocation Failure) 612M->70M(1979M) 5.125ms
[3350.414s][info][gc,cpu         ] GC(2268) User=0.02s Sys=0.00s Real=0.00s
[3352.402s][info][gc,start       ] GC(2269) Pause Young (Allocation Failure)
[3352.408s][info][gc,heap        ] GC(2269) DefNew: 562852K->4937K(629120K)
[3352.408s][info][gc,heap        ] GC(2269) Tenured: 67949K->67949K(1398144K)
[3352.408s][info][gc,metaspace   ] GC(2269) Metaspace: 90987K(98224K)->90987K(98224K) NonClass: 79616K(83632K)->79616K(83632K) Class: 11370K(14592K)->11370K(14592K)
[3352.408s][info][gc             ] GC(2269) Pause Young (Allocation Failure) 616M->71M(1979M) 5.767ms
[3352.408s][info][gc,cpu         ] GC(2269) User=0.00s Sys=0.00s Real=0.01s
[3354.160s][info][gc,start       ] GC(2270) Pause Young (Allocation Failure)
[3354.169s][info][gc,heap        ] GC(2270) DefNew: 564162K->7026K(629120K)
[3354.169s][info][gc,heap        ] GC(2270) Tenured: 67949K->67949K(1398144K)
[3354.169s][info][gc,metaspace   ] GC(2270) Metaspace: 90987K(98224K)->90987K(98224K) NonClass: 79616K(83632K)->79616K(83632K) Class: 11370K(14592K)->11370K(14592K)
[3354.169s][info][gc             ] GC(2270) Pause Young (Allocation Failure) 617M->73M(1979M) 9.056ms
[3354.169s][info][gc,cpu         ] GC(2270) User=0.00s Sys=0.00s Real=0.01s
[3354.657s][info][gc,start       ] GC(2271) Pause Young (Allocation Failure)
[3354.664s][info][gc,heap        ] GC(2271) DefNew: 562589K->16302K(629120K)
[3354.664s][info][gc,heap        ] GC(2271) Tenured: 67949K->67949K(1398144K)
[3354.664s][info][gc,metaspace   ] GC(2271) Metaspace: 90987K(98224K)->90987K(98224K) NonClass: 79616K(83632K)->79616K(83632K) Class: 11370K(14592K)->11370K(14592K)
[3354.664s][info][gc             ] GC(2271) Pause Young (Allocation Failure) 615M->82M(1979M) 7.180ms
[3354.664s][info][gc,cpu         ] GC(2271) User=0.00s Sys=0.00s Real=0.01s
[3356.097s][info][gc,start       ] GC(2272) Pause Young (Allocation Failure)
[3356.105s][info][gc,heap        ] GC(2272) DefNew: 575534K->5619K(629120K)
[3356.105s][info][gc,heap        ] GC(2272) Tenured: 67949K->67949K(1398144K)
[3356.105s][info][gc,metaspace   ] GC(2272) Metaspace: 90987K(98224K)->90987K(98224K) NonClass: 79616K(83632K)->79616K(83632K) Class: 11370K(14592K)->11370K(14592K)
[3356.105s][info][gc             ] GC(2272) Pause Young (Allocation Failure) 628M->71M(1979M) 7.300ms
[3356.105s][info][gc,cpu         ] GC(2272) User=0.00s Sys=0.00s Real=0.01s
[3358.127s][info][gc,start       ] GC(2273) Pause Young (Allocation Failure)
[3358.133s][info][gc,heap        ] GC(2273) DefNew: 564851K->5395K(629120K)
[3358.133s][info][gc,heap        ] GC(2273) Tenured: 67949K->67949K(1398144K)
[3358.133s][info][gc,metaspace   ] GC(2273) Metaspace: 90987K(98224K)->90987K(98224K) NonClass: 79616K(83632K)->79616K(83632K) Class: 11370K(14592K)->11370K(14592K)
[3358.133s][info][gc             ] GC(2273) Pause Young (Allocation Failure) 617M->71M(1979M) 5.863ms
[3358.133s][info][gc,cpu         ] GC(2273) User=0.00s Sys=0.00s Real=0.01s
[3360.639s][info][gc,start       ] GC(2274) Pause Young (Allocation Failure)
[3360.644s][info][gc,heap        ] GC(2274) DefNew: 564182K->5936K(629120K)
[3360.644s][info][gc,heap        ] GC(2274) Tenured: 67949K->67949K(1398144K)
[3360.644s][info][gc,metaspace   ] GC(2274) Metaspace: 90987K(98224K)->90987K(98224K) NonClass: 79616K(83632K)->79616K(83632K) Class: 11370K(14592K)->11370K(14592K)
[3360.644s][info][gc             ] GC(2274) Pause Young (Allocation Failure) 617M->72M(1979M) 5.842ms
[3360.645s][info][gc,cpu         ] GC(2274) User=0.00s Sys=0.00s Real=0.01s
[3361.255s][info][gc,start       ] GC(2275) Pause Young (Allocation Failure)
[3361.263s][info][gc,heap        ] GC(2275) DefNew: 562252K->16528K(629120K)
[3361.263s][info][gc,heap        ] GC(2275) Tenured: 67949K->67949K(1398144K)
[3361.263s][info][gc,metaspace   ] GC(2275) Metaspace: 90987K(98224K)->90987K(98224K) NonClass: 79616K(83632K)->79616K(83632K) Class: 11370K(14592K)->11370K(14592K)
[3361.263s][info][gc             ] GC(2275) Pause Young (Allocation Failure) 615M->82M(1979M) 8.389ms
[3361.263s][info][gc,cpu         ] GC(2275) User=0.00s Sys=0.00s Real=0.01s
[3362.019s][info][gc,start       ] GC(2276) Pause Young (Allocation Failure)
[3362.024s][info][gc,heap        ] GC(2276) DefNew: 575760K->5053K(629120K)
[3362.024s][info][gc,heap        ] GC(2276) Tenured: 67949K->67949K(1398144K)
[3362.024s][info][gc,metaspace   ] GC(2276) Metaspace: 90987K(98224K)->90987K(98224K) NonClass: 79616K(83632K)->79616K(83632K) Class: 11370K(14592K)->11370K(14592K)
[3362.024s][info][gc             ] GC(2276) Pause Young (Allocation Failure) 628M->71M(1979M) 5.159ms
[3362.024s][info][gc,cpu         ] GC(2276) User=0.00s Sys=0.00s Real=0.01s
[3364.485s][info][gc,start       ] GC(2277) Pause Young (Allocation Failure)
[3364.492s][info][gc,heap        ] GC(2277) DefNew: 563913K->6305K(629120K)
[3364.492s][info][gc,heap        ] GC(2277) Tenured: 67949K->67949K(1398144K)
[3364.492s][info][gc,metaspace   ] GC(2277) Metaspace: 90987K(98224K)->90987K(98224K) NonClass: 79616K(83632K)->79616K(83632K) Class: 11370K(14592K)->11370K(14592K)
[3364.492s][info][gc             ] GC(2277) Pause Young (Allocation Failure) 617M->72M(1979M) 7.040ms
[3364.492s][info][gc,cpu         ] GC(2277) User=0.00s Sys=0.00s Real=0.01s
[3366.461s][info][gc,start       ] GC(2278) Pause Young (Allocation Failure)
[3366.469s][info][gc,heap        ] GC(2278) DefNew: 565231K->6639K(629120K)
[3366.469s][info][gc,heap        ] GC(2278) Tenured: 67949K->67949K(1398144K)
[3366.469s][info][gc,metaspace   ] GC(2278) Metaspace: 90987K(98224K)->90987K(98224K) NonClass: 79616K(83632K)->79616K(83632K) Class: 11370K(14592K)->11370K(14592K)
[3366.469s][info][gc             ] GC(2278) Pause Young (Allocation Failure) 618M->72M(1979M) 7.716ms
[3366.469s][info][gc,cpu         ] GC(2278) User=0.02s Sys=0.00s Real=0.01s
[3367.835s][info][gc,start       ] GC(2279) Pause Young (Allocation Failure)
[3367.853s][info][gc,heap        ] GC(2279) DefNew: 565871K->11598K(629120K)
[3367.853s][info][gc,heap        ] GC(2279) Tenured: 67949K->67949K(1398144K)
[3367.853s][info][gc,metaspace   ] GC(2279) Metaspace: 90987K(98224K)->90987K(98224K) NonClass: 79616K(83632K)->79616K(83632K) Class: 11370K(14592K)->11370K(14592K)
[3367.853s][info][gc             ] GC(2279) Pause Young (Allocation Failure) 618M->77M(1979M) 18.438ms
[3367.853s][info][gc,cpu         ] GC(2279) User=0.00s Sys=0.00s Real=0.02s
[3368.305s][info][gc,start       ] GC(2280) Pause Young (Allocation Failure)
[3368.312s][info][gc,heap        ] GC(2280) DefNew: 570589K->8456K(629120K)
[3368.312s][info][gc,heap        ] GC(2280) Tenured: 67949K->67949K(1398144K)
[3368.312s][info][gc,metaspace   ] GC(2280) Metaspace: 90987K(98224K)->90987K(98224K) NonClass: 79616K(83632K)->79616K(83632K) Class: 11370K(14592K)->11370K(14592K)
[3368.312s][info][gc             ] GC(2280) Pause Young (Allocation Failure) 623M->74M(1979M) 6.564ms
[3368.312s][info][gc,cpu         ] GC(2280) User=0.00s Sys=0.00s Real=0.01s
[3370.308s][info][gc,start       ] GC(2281) Pause Young (Allocation Failure)
[3370.315s][info][gc,heap        ] GC(2281) DefNew: 567688K->7166K(629120K)
[3370.315s][info][gc,heap        ] GC(2281) Tenured: 67949K->67949K(1398144K)
[3370.315s][info][gc,metaspace   ] GC(2281) Metaspace: 90987K(98224K)->90987K(98224K) NonClass: 79616K(83632K)->79616K(83632K) Class: 11370K(14592K)->11370K(14592K)
[3370.316s][info][gc             ] GC(2281) Pause Young (Allocation Failure) 620M->73M(1979M) 7.928ms
[3370.316s][info][gc,cpu         ] GC(2281) User=0.00s Sys=0.00s Real=0.01s
[3372.373s][info][gc,start       ] GC(2282) Pause Young (Allocation Failure)
[3372.380s][info][gc,heap        ] GC(2282) DefNew: 563694K->6334K(629120K)
[3372.380s][info][gc,heap        ] GC(2282) Tenured: 67949K->68413K(1398144K)
[3372.380s][info][gc,metaspace   ] GC(2282) Metaspace: 90987K(98224K)->90987K(98224K) NonClass: 79616K(83632K)->79616K(83632K) Class: 11370K(14592K)->11370K(14592K)
[3372.380s][info][gc             ] GC(2282) Pause Young (Allocation Failure) 616M->72M(1979M) 6.926ms
[3372.380s][info][gc,cpu         ] GC(2282) User=0.00s Sys=0.00s Real=0.01s
[3374.180s][info][gc,start       ] GC(2283) Pause Young (Allocation Failure)
[3374.190s][info][gc,heap        ] GC(2283) DefNew: 565566K->9622K(629120K)
[3374.190s][info][gc,heap        ] GC(2283) Tenured: 68413K->68600K(1398144K)
[3374.190s][info][gc,metaspace   ] GC(2283) Metaspace: 90987K(98224K)->90987K(98224K) NonClass: 79616K(83632K)->79616K(83632K) Class: 11370K(14592K)->11370K(14592K)
[3374.190s][info][gc             ] GC(2283) Pause Young (Allocation Failure) 619M->76M(1979M) 10.251ms
[3374.190s][info][gc,cpu         ] GC(2283) User=0.00s Sys=0.00s Real=0.01s
[3374.813s][info][gc,start       ] GC(2284) Pause Young (Allocation Failure)
[3374.822s][info][gc,heap        ] GC(2284) DefNew: 565809K->17467K(629120K)
[3374.822s][info][gc,heap        ] GC(2284) Tenured: 68600K->68784K(1398144K)
[3374.822s][info][gc,metaspace   ] GC(2284) Metaspace: 90987K(98224K)->90987K(98224K) NonClass: 79616K(83632K)->79616K(83632K) Class: 11370K(14592K)->11370K(14592K)
[3374.822s][info][gc             ] GC(2284) Pause Young (Allocation Failure) 619M->84M(1979M) 8.574ms
[3374.822s][info][gc,cpu         ] GC(2284) User=0.00s Sys=0.00s Real=0.01s
[3376.141s][info][gc,start       ] GC(2285) Pause Young (Allocation Failure)
[3376.148s][info][gc,heap        ] GC(2285) DefNew: 576699K->6425K(629120K)
[3376.148s][info][gc,heap        ] GC(2285) Tenured: 68784K->68948K(1398144K)
[3376.148s][info][gc,metaspace   ] GC(2285) Metaspace: 90987K(98224K)->90987K(98224K) NonClass: 79616K(83632K)->79616K(83632K) Class: 11370K(14592K)->11370K(14592K)
[3376.148s][info][gc             ] GC(2285) Pause Young (Allocation Failure) 630M->73M(1979M) 7.201ms
[3376.148s][info][gc,cpu         ] GC(2285) User=0.00s Sys=0.00s Real=0.01s
[3378.033s][info][gc,start       ] GC(2286) Pause Young (Allocation Failure)
[3378.041s][info][gc,heap        ] GC(2286) DefNew: 565170K->7655K(629120K)
[3378.041s][info][gc,heap        ] GC(2286) Tenured: 68948K->69092K(1398144K)
[3378.041s][info][gc,metaspace   ] GC(2286) Metaspace: 90987K(98224K)->90987K(98224K) NonClass: 79616K(83632K)->79616K(83632K) Class: 11370K(14592K)->11370K(14592K)
[3378.041s][info][gc             ] GC(2286) Pause Young (Allocation Failure) 619M->74M(1979M) 8.562ms
[3378.041s][info][gc,cpu         ] GC(2286) User=0.00s Sys=0.00s Real=0.01s
[3378.598s][info][gc,start       ] GC(2287) Pause Young (Allocation Failure)
[3378.606s][info][gc,heap        ] GC(2287) DefNew: 565952K->17395K(629120K)
[3378.607s][info][gc,heap        ] GC(2287) Tenured: 69092K->69273K(1398144K)
[3378.607s][info][gc,metaspace   ] GC(2287) Metaspace: 90987K(98224K)->90987K(98224K) NonClass: 79616K(83632K)->79616K(83632K) Class: 11370K(14592K)->11370K(14592K)
[3378.607s][info][gc             ] GC(2287) Pause Young (Allocation Failure) 620M->84M(1979M) 8.628ms
[3378.607s][info][gc,cpu         ] GC(2287) User=0.00s Sys=0.00s Real=0.01s
[3380.082s][info][gc,start       ] GC(2288) Pause Young (Allocation Failure)
[3380.090s][info][gc,heap        ] GC(2288) DefNew: 576627K->6321K(629120K)
[3380.090s][info][gc,heap        ] GC(2288) Tenured: 69273K->69413K(1398144K)
[3380.090s][info][gc,metaspace   ] GC(2288) Metaspace: 90987K(98224K)->90987K(98224K) NonClass: 79616K(83632K)->79616K(83632K) Class: 11370K(14592K)->11370K(14592K)
[3380.090s][info][gc             ] GC(2288) Pause Young (Allocation Failure) 630M->73M(1979M) 7.828ms
[3380.090s][info][gc,cpu         ] GC(2288) User=0.00s Sys=0.00s Real=0.01s
[3381.952s][info][gc,start       ] GC(2289) Pause Young (Allocation Failure)
[3381.961s][info][gc,heap        ] GC(2289) DefNew: 565553K->8070K(629120K)
[3381.961s][info][gc,heap        ] GC(2289) Tenured: 69413K->69573K(1398144K)
[3381.961s][info][gc,metaspace   ] GC(2289) Metaspace: 90987K(98224K)->90987K(98224K) NonClass: 79616K(83632K)->79616K(83632K) Class: 11370K(14592K)->11370K(14592K)
[3381.961s][info][gc             ] GC(2289) Pause Young (Allocation Failure) 620M->75M(1979M) 8.956ms
[3381.961s][info][gc,cpu         ] GC(2289) User=0.00s Sys=0.00s Real=0.01s
[3382.405s][info][gc,start       ] GC(2290) Pause Young (Allocation Failure)
[3382.413s][info][gc,heap        ] GC(2290) DefNew: 564721K->8431K(629120K)
[3382.413s][info][gc,heap        ] GC(2290) Tenured: 69573K->69695K(1398144K)
[3382.413s][info][gc,metaspace   ] GC(2290) Metaspace: 90987K(98224K)->90987K(98224K) NonClass: 79616K(83632K)->79616K(83632K) Class: 11370K(14592K)->11370K(14592K)
[3382.413s][info][gc             ] GC(2290) Pause Young (Allocation Failure) 619M->76M(1979M) 8.194ms
[3382.413s][info][gc,cpu         ] GC(2290) User=0.00s Sys=0.00s Real=0.01s
[3383.904s][info][gc,start       ] GC(2291) Pause Young (Allocation Failure)
[3383.911s][info][gc,heap        ] GC(2291) DefNew: 567663K->8662K(629120K)
[3383.911s][info][gc,heap        ] GC(2291) Tenured: 69695K->69805K(1398144K)
[3383.911s][info][gc,metaspace   ] GC(2291) Metaspace: 90987K(98224K)->90987K(98224K) NonClass: 79616K(83632K)->79616K(83632K) Class: 11370K(14592K)->11370K(14592K)
[3383.911s][info][gc             ] GC(2291) Pause Young (Allocation Failure) 622M->76M(1979M) 7.266ms
[3383.911s][info][gc,cpu         ] GC(2291) User=0.00s Sys=0.00s Real=0.01s
[3385.648s][info][gc,start       ] GC(2292) Pause Young (Allocation Failure)
[3385.658s][info][gc,heap        ] GC(2292) DefNew: 567894K->8686K(629120K)
[3385.658s][info][gc,heap        ] GC(2292) Tenured: 69805K->69967K(1398144K)
[3385.658s][info][gc,metaspace   ] GC(2292) Metaspace: 90987K(98224K)->90987K(98224K) NonClass: 79616K(83632K)->79616K(83632K) Class: 11370K(14592K)->11370K(14592K)
[3385.658s][info][gc             ] GC(2292) Pause Young (Allocation Failure) 622M->76M(1979M) 10.359ms
[3385.658s][info][gc,cpu         ] GC(2292) User=0.00s Sys=0.00s Real=0.01s
[3386.131s][info][gc,start       ] GC(2293) Pause Young (Allocation Failure)
[3386.139s][info][gc,heap        ] GC(2293) DefNew: 565415K->9042K(629120K)
[3386.139s][info][gc,heap        ] GC(2293) Tenured: 69967K->70154K(1398144K)
[3386.139s][info][gc,metaspace   ] GC(2293) Metaspace: 90987K(98224K)->90987K(98224K) NonClass: 79616K(83632K)->79616K(83632K) Class: 11370K(14592K)->11370K(14592K)
[3386.139s][info][gc             ] GC(2293) Pause Young (Allocation Failure) 620M->77M(1979M) 7.934ms
[3386.139s][info][gc,cpu         ] GC(2293) User=0.02s Sys=0.00s Real=0.01s
[3387.718s][info][gc,start       ] GC(2294) Pause Young (Allocation Failure)
[3387.724s][info][gc,heap        ] GC(2294) DefNew: 566829K->5529K(629120K)
[3387.724s][info][gc,heap        ] GC(2294) Tenured: 70154K->70274K(1398144K)
[3387.724s][info][gc,metaspace   ] GC(2294) Metaspace: 90987K(98224K)->90987K(98224K) NonClass: 79616K(83632K)->79616K(83632K) Class: 11370K(14592K)->11370K(14592K)
[3387.724s][info][gc             ] GC(2294) Pause Young (Allocation Failure) 622M->74M(1979M) 6.305ms
[3387.725s][info][gc,cpu         ] GC(2294) User=0.00s Sys=0.00s Real=0.01s
[3389.563s][info][gc,start       ] GC(2295) Pause Young (Allocation Failure)
[3389.573s][info][gc,heap        ] GC(2295) DefNew: 564761K->8417K(629120K)
[3389.573s][info][gc,heap        ] GC(2295) Tenured: 70274K->70356K(1398144K)
[3389.573s][info][gc,metaspace   ] GC(2295) Metaspace: 90987K(98224K)->90987K(98224K) NonClass: 79616K(83632K)->79616K(83632K) Class: 11370K(14592K)->11370K(14592K)
[3389.573s][info][gc             ] GC(2295) Pause Young (Allocation Failure) 620M->76M(1979M) 9.969ms
[3389.573s][info][gc,cpu         ] GC(2295) User=0.00s Sys=0.00s Real=0.01s
[3390.267s][info][gc,start       ] GC(2296) Pause Young (Allocation Failure)
[3390.276s][info][gc,heap        ] GC(2296) DefNew: 567649K->7574K(629120K)
[3390.276s][info][gc,heap        ] GC(2296) Tenured: 70356K->70547K(1398144K)
[3390.276s][info][gc,metaspace   ] GC(2296) Metaspace: 90987K(98224K)->90987K(98224K) NonClass: 79616K(83632K)->79616K(83632K) Class: 11370K(14592K)->11370K(14592K)
[3390.276s][info][gc             ] GC(2296) Pause Young (Allocation Failure) 623M->76M(1979M) 8.533ms
[3390.276s][info][gc,cpu         ] GC(2296) User=0.00s Sys=0.00s Real=0.01s
[3390.284s][info][gc,start       ] GC(2297) Pause Full (System.gc())
[3390.286s][info][gc,phases,start] GC(2297) Phase 1: Mark live objects
[3390.339s][info][gc,phases      ] GC(2297) Phase 1: Mark live objects 52.309ms
[3390.339s][info][gc,phases,start] GC(2297) Phase 2: Compute new object addresses
[3390.351s][info][gc,phases      ] GC(2297) Phase 2: Compute new object addresses 12.360ms
[3390.351s][info][gc,phases,start] GC(2297) Phase 3: Adjust pointers
[3390.382s][info][gc,phases      ] GC(2297) Phase 3: Adjust pointers 31.115ms
[3390.382s][info][gc,phases,start] GC(2297) Phase 4: Move objects
[3390.384s][info][gc,phases      ] GC(2297) Phase 4: Move objects 1.302ms
[3390.384s][info][gc,heap        ] GC(2297) DefNew: 28313K->0K(629120K)
[3390.384s][info][gc,heap        ] GC(2297) Tenured: 70547K->75865K(1398144K)
[3390.384s][info][gc,metaspace   ] GC(2297) Metaspace: 90987K(98224K)->90987K(98224K) NonClass: 79616K(83632K)->79616K(83632K) Class: 11370K(14592K)->11370K(14592K)
[3390.384s][info][gc             ] GC(2297) Pause Full (System.gc()) 96M->74M(1979M) 100.232ms
[3390.384s][info][gc,cpu         ] GC(2297) User=0.11s Sys=0.00s Real=0.10s
[3390.893s][info][gc,start       ] GC(2298) Pause Young (Allocation Failure)
[3390.897s][info][gc,heap        ] GC(2298) DefNew: 559104K->3056K(629120K)
[3390.897s][info][gc,heap        ] GC(2298) Tenured: 75865K->75865K(1398144K)
[3390.897s][info][gc,metaspace   ] GC(2298) Metaspace: 90987K(98224K)->90987K(98224K) NonClass: 79616K(83632K)->79616K(83632K) Class: 11370K(14592K)->11370K(14592K)
[3390.897s][info][gc             ] GC(2298) Pause Young (Allocation Failure) 620M->77M(1979M) 3.795ms
[3390.897s][info][gc,cpu         ] GC(2298) User=0.00s Sys=0.00s Real=0.00s
[3392.899s][info][gc,start       ] GC(2299) Pause Young (Allocation Failure)
[3392.904s][info][gc,heap        ] GC(2299) DefNew: 560486K->4382K(629120K)
[3392.904s][info][gc,heap        ] GC(2299) Tenured: 75865K->75865K(1398144K)
[3392.904s][info][gc,metaspace   ] GC(2299) Metaspace: 90987K(98224K)->90987K(98224K) NonClass: 79616K(83632K)->79616K(83632K) Class: 11370K(14592K)->11370K(14592K)
[3392.904s][info][gc             ] GC(2299) Pause Young (Allocation Failure) 621M->78M(1979M) 4.889ms
[3392.904s][info][gc,cpu         ] GC(2299) User=0.00s Sys=0.00s Real=0.00s
[3394.909s][info][gc,start       ] GC(2300) Pause Young (Allocation Failure)
[3394.915s][info][gc,heap        ] GC(2300) DefNew: 563611K->4954K(629120K)
[3394.915s][info][gc,heap        ] GC(2300) Tenured: 75865K->75865K(1398144K)
[3394.915s][info][gc,metaspace   ] GC(2300) Metaspace: 90987K(98224K)->90987K(98224K) NonClass: 79616K(83632K)->79616K(83632K) Class: 11370K(14592K)->11370K(14592K)
[3394.915s][info][gc             ] GC(2300) Pause Young (Allocation Failure) 624M->78M(1979M) 5.574ms
[3394.915s][info][gc,cpu         ] GC(2300) User=0.00s Sys=0.00s Real=0.00s
[3396.662s][info][gc,start       ] GC(2301) Pause Young (Allocation Failure)
[3396.672s][info][gc,heap        ] GC(2301) DefNew: 564186K->7319K(629120K)
[3396.672s][info][gc,heap        ] GC(2301) Tenured: 75865K->75865K(1398144K)
[3396.673s][info][gc,metaspace   ] GC(2301) Metaspace: 90987K(98224K)->90987K(98224K) NonClass: 79616K(83632K)->79616K(83632K) Class: 11370K(14592K)->11370K(14592K)
[3396.673s][info][gc             ] GC(2301) Pause Young (Allocation Failure) 625M->81M(1979M) 10.234ms
[3396.673s][info][gc,cpu         ] GC(2301) User=0.00s Sys=0.00s Real=0.01s
[3397.144s][info][gc,start       ] GC(2302) Pause Young (Allocation Failure)
[3397.151s][info][gc,heap        ] GC(2302) DefNew: 565871K->12225K(629120K)
[3397.151s][info][gc,heap        ] GC(2302) Tenured: 75865K->75865K(1398144K)
[3397.151s][info][gc,metaspace   ] GC(2302) Metaspace: 90987K(98224K)->90987K(98224K) NonClass: 79616K(83632K)->79616K(83632K) Class: 11370K(14592K)->11370K(14592K)
[3397.151s][info][gc             ] GC(2302) Pause Young (Allocation Failure) 626M->86M(1979M) 6.588ms
[3397.151s][info][gc,cpu         ] GC(2302) User=0.00s Sys=0.00s Real=0.01s
[3398.674s][info][gc,start       ] GC(2303) Pause Young (GCLocker Initiated GC)
[3398.680s][info][gc,heap        ] GC(2303) DefNew: 571482K->6343K(629120K)
[3398.680s][info][gc,heap        ] GC(2303) Tenured: 75865K->75865K(1398144K)
[3398.680s][info][gc,metaspace   ] GC(2303) Metaspace: 90987K(98224K)->90987K(98224K) NonClass: 79616K(83632K)->79616K(83632K) Class: 11370K(14592K)->11370K(14592K)
[3398.680s][info][gc             ] GC(2303) Pause Young (GCLocker Initiated GC) 632M->80M(1979M) 6.392ms
[3398.680s][info][gc,cpu         ] GC(2303) User=0.00s Sys=0.00s Real=0.01s
[3400.659s][info][gc,start       ] GC(2304) Pause Young (Allocation Failure)
[3400.665s][info][gc,heap        ] GC(2304) DefNew: 565575K->5323K(629120K)
[3400.665s][info][gc,heap        ] GC(2304) Tenured: 75865K->75865K(1398144K)
[3400.665s][info][gc,metaspace   ] GC(2304) Metaspace: 90987K(98224K)->90987K(98224K) NonClass: 79616K(83632K)->79616K(83632K) Class: 11370K(14592K)->11370K(14592K)
[3400.665s][info][gc             ] GC(2304) Pause Young (Allocation Failure) 626M->79M(1979M) 5.342ms
[3400.665s][info][gc,cpu         ] GC(2304) User=0.00s Sys=0.00s Real=0.00s
[3403.223s][info][gc,start       ] GC(2305) Pause Young (Allocation Failure)
[3403.229s][info][gc,heap        ] GC(2305) DefNew: 564555K->5928K(629120K)
[3403.229s][info][gc,heap        ] GC(2305) Tenured: 75865K->75865K(1398144K)
[3403.229s][info][gc,metaspace   ] GC(2305) Metaspace: 90987K(98224K)->90987K(98224K) NonClass: 79616K(83632K)->79616K(83632K) Class: 11370K(14592K)->11370K(14592K)
[3403.229s][info][gc             ] GC(2305) Pause Young (Allocation Failure) 625M->79M(1979M) 5.872ms
[3403.229s][info][gc,cpu         ] GC(2305) User=0.00s Sys=0.00s Real=0.01s
[3403.827s][info][gc,start       ] GC(2306) Pause Young (Allocation Failure)
[3403.835s][info][gc,heap        ] GC(2306) DefNew: 562879K->12105K(629120K)
[3403.835s][info][gc,heap        ] GC(2306) Tenured: 75865K->75865K(1398144K)
[3403.835s][info][gc,metaspace   ] GC(2306) Metaspace: 90987K(98224K)->90987K(98224K) NonClass: 79616K(83632K)->79616K(83632K) Class: 11370K(14592K)->11370K(14592K)
[3403.835s][info][gc             ] GC(2306) Pause Young (Allocation Failure) 623M->85M(1979M) 7.889ms
[3403.835s][info][gc,cpu         ] GC(2306) User=0.02s Sys=0.00s Real=0.01s
[3404.549s][info][gc,start       ] GC(2307) Pause Young (Allocation Failure)
[3404.555s][info][gc,heap        ] GC(2307) DefNew: 571337K->5236K(629120K)
[3404.555s][info][gc,heap        ] GC(2307) Tenured: 75865K->75865K(1398144K)
[3404.555s][info][gc,metaspace   ] GC(2307) Metaspace: 90987K(98224K)->90987K(98224K) NonClass: 79616K(83632K)->79616K(83632K) Class: 11370K(14592K)->11370K(14592K)
[3404.555s][info][gc             ] GC(2307) Pause Young (Allocation Failure) 632M->79M(1979M) 5.646ms
[3404.555s][info][gc,cpu         ] GC(2307) User=0.00s Sys=0.00s Real=0.01s
[3407.033s][info][gc,start       ] GC(2308) Pause Young (Allocation Failure)
[3407.039s][info][gc,heap        ] GC(2308) DefNew: 564468K->6832K(629120K)
[3407.039s][info][gc,heap        ] GC(2308) Tenured: 75865K->75865K(1398144K)
[3407.039s][info][gc,metaspace   ] GC(2308) Metaspace: 90987K(98224K)->90987K(98224K) NonClass: 79616K(83632K)->79616K(83632K) Class: 11370K(14592K)->11370K(14592K)
[3407.039s][info][gc             ] GC(2308) Pause Young (Allocation Failure) 625M->80M(1979M) 6.695ms
[3407.039s][info][gc,cpu         ] GC(2308) User=0.00s Sys=0.00s Real=0.01s
[3409.031s][info][gc,start       ] GC(2309) Pause Young (Allocation Failure)
[3409.037s][info][gc,heap        ] GC(2309) DefNew: 565545K->6319K(629120K)
[3409.037s][info][gc,heap        ] GC(2309) Tenured: 75865K->75865K(1398144K)
[3409.037s][info][gc,metaspace   ] GC(2309) Metaspace: 90987K(98224K)->90987K(98224K) NonClass: 79616K(83632K)->79616K(83632K) Class: 11370K(14592K)->11370K(14592K)
[3409.037s][info][gc             ] GC(2309) Pause Young (Allocation Failure) 626M->80M(1979M) 6.427ms
[3409.037s][info][gc,cpu         ] GC(2309) User=0.00s Sys=0.00s Real=0.01s
[3410.325s][info][gc,start       ] GC(2310) Pause Young (Allocation Failure)
[3410.343s][info][gc,heap        ] GC(2310) DefNew: 565551K->11747K(629120K)
[3410.343s][info][gc,heap        ] GC(2310) Tenured: 75865K->75865K(1398144K)
[3410.343s][info][gc,metaspace   ] GC(2310) Metaspace: 90987K(98224K)->90987K(98224K) NonClass: 79616K(83632K)->79616K(83632K) Class: 11370K(14592K)->11370K(14592K)
[3410.343s][info][gc             ] GC(2310) Pause Young (Allocation Failure) 626M->85M(1979M) 18.115ms
[3410.343s][info][gc,cpu         ] GC(2310) User=0.00s Sys=0.00s Real=0.02s
[3410.857s][info][gc,start       ] GC(2311) Pause Young (Allocation Failure)
[3410.863s][info][gc,heap        ] GC(2311) DefNew: 568861K->8479K(629120K)
[3410.863s][info][gc,heap        ] GC(2311) Tenured: 75865K->75865K(1398144K)
[3410.863s][info][gc,metaspace   ] GC(2311) Metaspace: 90987K(98224K)->90987K(98224K) NonClass: 79616K(83632K)->79616K(83632K) Class: 11370K(14592K)->11370K(14592K)
[3410.863s][info][gc             ] GC(2311) Pause Young (Allocation Failure) 629M->82M(1979M) 6.651ms
[3410.863s][info][gc,cpu         ] GC(2311) User=0.00s Sys=0.00s Real=0.01s
[3412.848s][info][gc,start       ] GC(2312) Pause Young (GCLocker Initiated GC)
[3412.856s][info][gc,heap        ] GC(2312) DefNew: 567711K->7749K(629120K)
[3412.857s][info][gc,heap        ] GC(2312) Tenured: 75865K->75865K(1398144K)
[3412.857s][info][gc,metaspace   ] GC(2312) Metaspace: 90987K(98224K)->90987K(98224K) NonClass: 79616K(83632K)->79616K(83632K) Class: 11370K(14592K)->11370K(14592K)
[3412.857s][info][gc             ] GC(2312) Pause Young (GCLocker Initiated GC) 628M->81M(1979M) 8.320ms
[3412.857s][info][gc,cpu         ] GC(2312) User=0.00s Sys=0.00s Real=0.01s
[3414.877s][info][gc,start       ] GC(2313) Pause Young (Allocation Failure)
[3414.884s][info][gc,heap        ] GC(2313) DefNew: 566541K->6223K(629120K)
[3414.884s][info][gc,heap        ] GC(2313) Tenured: 75865K->76326K(1398144K)
[3414.884s][info][gc,metaspace   ] GC(2313) Metaspace: 90987K(98224K)->90987K(98224K) NonClass: 79616K(83632K)->79616K(83632K) Class: 11370K(14592K)->11370K(14592K)
[3414.884s][info][gc             ] GC(2313) Pause Young (Allocation Failure) 627M->80M(1979M) 6.706ms
[3414.884s][info][gc,cpu         ] GC(2313) User=0.02s Sys=0.00s Real=0.01s
[3416.699s][info][gc,start       ] GC(2314) Pause Young (Allocation Failure)
[3416.709s][info][gc,heap        ] GC(2314) DefNew: 565455K->11448K(629120K)
[3416.709s][info][gc,heap        ] GC(2314) Tenured: 76326K->76532K(1398144K)
[3416.709s][info][gc,metaspace   ] GC(2314) Metaspace: 90987K(98224K)->90987K(98224K) NonClass: 79616K(83632K)->79616K(83632K) Class: 11370K(14592K)->11370K(14592K)
[3416.709s][info][gc             ] GC(2314) Pause Young (Allocation Failure) 626M->85M(1979M) 10.065ms
[3416.709s][info][gc,cpu         ] GC(2314) User=0.00s Sys=0.00s Real=0.01s
[3417.312s][info][gc,start       ] GC(2315) Pause Young (Allocation Failure)
[3417.319s][info][gc,heap        ] GC(2315) DefNew: 569848K->13072K(629120K)
[3417.319s][info][gc,heap        ] GC(2315) Tenured: 76532K->76716K(1398144K)
[3417.319s][info][gc,metaspace   ] GC(2315) Metaspace: 90987K(98224K)->90987K(98224K) NonClass: 79616K(83632K)->79616K(83632K) Class: 11370K(14592K)->11370K(14592K)
[3417.319s][info][gc             ] GC(2315) Pause Young (Allocation Failure) 631M->87M(1979M) 7.628ms
[3417.319s][info][gc,cpu         ] GC(2315) User=0.00s Sys=0.00s Real=0.01s
[3418.771s][info][gc,start       ] GC(2316) Pause Young (Allocation Failure)
[3418.778s][info][gc,heap        ] GC(2316) DefNew: 571998K->6111K(629120K)
[3418.778s][info][gc,heap        ] GC(2316) Tenured: 76716K->76866K(1398144K)
[3418.778s][info][gc,metaspace   ] GC(2316) Metaspace: 90987K(98224K)->90987K(98224K) NonClass: 79616K(83632K)->79616K(83632K) Class: 11370K(14592K)->11370K(14592K)
[3418.778s][info][gc             ] GC(2316) Pause Young (Allocation Failure) 633M->81M(1979M) 7.417ms
[3418.778s][info][gc,cpu         ] GC(2316) User=0.05s Sys=0.00s Real=0.01s
[3420.674s][info][gc,start       ] GC(2317) Pause Young (Allocation Failure)
[3420.682s][info][gc,heap        ] GC(2317) DefNew: 564875K->7721K(629120K)
[3420.682s][info][gc,heap        ] GC(2317) Tenured: 76866K->76946K(1398144K)
[3420.682s][info][gc,metaspace   ] GC(2317) Metaspace: 90987K(98224K)->90987K(98224K) NonClass: 79616K(83632K)->79616K(83632K) Class: 11370K(14592K)->11370K(14592K)
[3420.682s][info][gc             ] GC(2317) Pause Young (Allocation Failure) 626M->82M(1979M) 8.599ms
[3420.682s][info][gc,cpu         ] GC(2317) User=0.00s Sys=0.00s Real=0.01s
[3421.197s][info][gc,start       ] GC(2318) Pause Young (Allocation Failure)
[3421.205s][info][gc,heap        ] GC(2318) DefNew: 563558K->13572K(629120K)
[3421.205s][info][gc,heap        ] GC(2318) Tenured: 76946K->77182K(1398144K)
[3421.205s][info][gc,metaspace   ] GC(2318) Metaspace: 90987K(98224K)->90987K(98224K) NonClass: 79616K(83632K)->79616K(83632K) Class: 11370K(14592K)->11370K(14592K)
[3421.205s][info][gc             ] GC(2318) Pause Young (Allocation Failure) 625M->88M(1979M) 8.057ms
[3421.206s][info][gc,cpu         ] GC(2318) User=0.00s Sys=0.00s Real=0.01s
[3422.716s][info][gc,start       ] GC(2319) Pause Young (Allocation Failure)
[3422.722s][info][gc,heap        ] GC(2319) DefNew: 572804K->5684K(629120K)
[3422.722s][info][gc,heap        ] GC(2319) Tenured: 77182K->77319K(1398144K)
[3422.722s][info][gc,metaspace   ] GC(2319) Metaspace: 90987K(98224K)->90987K(98224K) NonClass: 79616K(83632K)->79616K(83632K) Class: 11370K(14592K)->11370K(14592K)
[3422.722s][info][gc             ] GC(2319) Pause Young (Allocation Failure) 634M->81M(1979M) 6.678ms
[3422.722s][info][gc,cpu         ] GC(2319) User=0.00s Sys=0.00s Real=0.01s
[3424.699s][info][gc,start       ] GC(2320) Pause Young (Allocation Failure)
[3424.707s][info][gc,heap        ] GC(2320) DefNew: 564916K->8096K(629120K)
[3424.708s][info][gc,heap        ] GC(2320) Tenured: 77319K->77483K(1398144K)
[3424.708s][info][gc,metaspace   ] GC(2320) Metaspace: 90987K(98224K)->90987K(98224K) NonClass: 79616K(83632K)->79616K(83632K) Class: 11370K(14592K)->11370K(14592K)
[3424.708s][info][gc             ] GC(2320) Pause Young (Allocation Failure) 627M->83M(1979M) 8.823ms
[3424.708s][info][gc,cpu         ] GC(2320) User=0.00s Sys=0.00s Real=0.01s
[3425.147s][info][gc,start       ] GC(2321) Pause Young (Allocation Failure)
[3425.155s][info][gc,heap        ] GC(2321) DefNew: 566564K->8734K(629120K)
[3425.155s][info][gc,heap        ] GC(2321) Tenured: 77483K->77603K(1398144K)
[3425.155s][info][gc,metaspace   ] GC(2321) Metaspace: 90987K(98224K)->90987K(98224K) NonClass: 79616K(83632K)->79616K(83632K) Class: 11370K(14592K)->11370K(14592K)
[3425.155s][info][gc             ] GC(2321) Pause Young (Allocation Failure) 628M->84M(1979M) 7.460ms
[3425.155s][info][gc,cpu         ] GC(2321) User=0.00s Sys=0.00s Real=0.01s
[3426.707s][info][gc,start       ] GC(2322) Pause Young (GCLocker Initiated GC)
[3426.714s][info][gc,heap        ] GC(2322) DefNew: 568033K->7579K(629120K)
[3426.715s][info][gc,heap        ] GC(2322) Tenured: 77603K->77760K(1398144K)
[3426.715s][info][gc,metaspace   ] GC(2322) Metaspace: 90987K(98224K)->90987K(98224K) NonClass: 79616K(83632K)->79616K(83632K) Class: 11370K(14592K)->11370K(14592K)
[3426.715s][info][gc             ] GC(2322) Pause Young (GCLocker Initiated GC) 630M->83M(1979M) 7.292ms
[3426.715s][info][gc,cpu         ] GC(2322) User=0.00s Sys=0.00s Real=0.01s
[3428.456s][info][gc,start       ] GC(2323) Pause Young (Allocation Failure)
[3428.466s][info][gc,heap        ] GC(2323) DefNew: 566811K->8490K(629120K)
[3428.466s][info][gc,heap        ] GC(2323) Tenured: 77760K->77876K(1398144K)
[3428.466s][info][gc,metaspace   ] GC(2323) Metaspace: 90987K(98224K)->90987K(98224K) NonClass: 79616K(83632K)->79616K(83632K) Class: 11370K(14592K)->11370K(14592K)
[3428.466s][info][gc             ] GC(2323) Pause Young (Allocation Failure) 629M->84M(1979M) 9.513ms
[3428.466s][info][gc,cpu         ] GC(2323) User=0.00s Sys=0.00s Real=0.01s
[3428.940s][info][gc,start       ] GC(2324) Pause Young (Allocation Failure)
[3428.948s][info][gc,heap        ] GC(2324) DefNew: 565487K->9067K(629120K)
[3428.948s][info][gc,heap        ] GC(2324) Tenured: 77876K->78063K(1398144K)
[3428.948s][info][gc,metaspace   ] GC(2324) Metaspace: 90987K(98224K)->90987K(98224K) NonClass: 79616K(83632K)->79616K(83632K) Class: 11370K(14592K)->11370K(14592K)
[3428.948s][info][gc             ] GC(2324) Pause Young (Allocation Failure) 628M->85M(1979M) 8.163ms
[3428.948s][info][gc,cpu         ] GC(2324) User=0.00s Sys=0.00s Real=0.01s
[3430.483s][info][gc,start       ] GC(2325) Pause Young (Allocation Failure)
[3430.490s][info][gc,heap        ] GC(2325) DefNew: 566596K->5613K(629120K)
[3430.490s][info][gc,heap        ] GC(2325) Tenured: 78063K->78180K(1398144K)
[3430.490s][info][gc,metaspace   ] GC(2325) Metaspace: 90987K(98224K)->90987K(98224K) NonClass: 79616K(83632K)->79616K(83632K) Class: 11370K(14592K)->11370K(14592K)
[3430.490s][info][gc             ] GC(2325) Pause Young (Allocation Failure) 629M->81M(1979M) 6.489ms
[3430.490s][info][gc,cpu         ] GC(2325) User=0.00s Sys=0.00s Real=0.01s
[3432.337s][info][gc,start       ] GC(2326) Pause Young (Allocation Failure)
[3432.348s][info][gc,heap        ] GC(2326) DefNew: 564845K->8609K(629120K)
[3432.348s][info][gc,heap        ] GC(2326) Tenured: 78180K->78263K(1398144K)
[3432.348s][info][gc,metaspace   ] GC(2326) Metaspace: 90987K(98224K)->90987K(98224K) NonClass: 79616K(83632K)->79616K(83632K) Class: 11370K(14592K)->11370K(14592K)
[3432.348s][info][gc             ] GC(2326) Pause Young (Allocation Failure) 627M->84M(1979M) 10.938ms
[3432.348s][info][gc,cpu         ] GC(2326) User=0.00s Sys=0.00s Real=0.01s
[3433.073s][info][gc,start       ] GC(2327) Pause Young (Allocation Failure)
[3433.082s][info][gc,heap        ] GC(2327) DefNew: 567840K->7575K(629120K)
[3433.082s][info][gc,heap        ] GC(2327) Tenured: 78263K->78453K(1398144K)
[3433.082s][info][gc,metaspace   ] GC(2327) Metaspace: 90987K(98224K)->90987K(98224K) NonClass: 79616K(83632K)->79616K(83632K) Class: 11370K(14592K)->11370K(14592K)
[3433.082s][info][gc             ] GC(2327) Pause Young (Allocation Failure) 630M->84M(1979M) 9.001ms
[3433.082s][info][gc,cpu         ] GC(2327) User=0.00s Sys=0.00s Real=0.01s
[3433.099s][info][gc,start       ] GC(2328) Pause Full (System.gc())
[3433.102s][info][gc,phases,start] GC(2328) Phase 1: Mark live objects
[3433.153s][info][gc,phases      ] GC(2328) Phase 1: Mark live objects 51.535ms
[3433.153s][info][gc,phases,start] GC(2328) Phase 2: Compute new object addresses
[3433.166s][info][gc,phases      ] GC(2328) Phase 2: Compute new object addresses 12.285ms
[3433.166s][info][gc,phases,start] GC(2328) Phase 3: Adjust pointers
[3433.197s][info][gc,phases      ] GC(2328) Phase 3: Adjust pointers 31.604ms
[3433.197s][info][gc,phases,start] GC(2328) Phase 4: Move objects
[3433.201s][info][gc,phases      ] GC(2328) Phase 4: Move objects 4.075ms
[3433.202s][info][gc,heap        ] GC(2328) DefNew: 28820K->0K(629120K)
[3433.202s][info][gc,heap        ] GC(2328) Tenured: 78453K->52199K(1398144K)
[3433.202s][info][gc,metaspace   ] GC(2328) Metaspace: 90987K(98224K)->90987K(98224K) NonClass: 79616K(83632K)->79616K(83632K) Class: 11370K(14592K)->11370K(14592K)
[3433.202s][info][gc             ] GC(2328) Pause Full (System.gc()) 104M->50M(1979M) 103.093ms
[3433.202s][info][gc,cpu         ] GC(2328) User=0.11s Sys=0.00s Real=0.10s
[3433.699s][info][gc,start       ] GC(2329) Pause Young (Allocation Failure)
[3433.703s][info][gc,heap        ] GC(2329) DefNew: 558114K->3113K(629120K)
[3433.703s][info][gc,heap        ] GC(2329) Tenured: 52199K->52199K(1398144K)
[3433.703s][info][gc,metaspace   ] GC(2329) Metaspace: 90987K(98224K)->90987K(98224K) NonClass: 79616K(83632K)->79616K(83632K) Class: 11370K(14592K)->11370K(14592K)
[3433.703s][info][gc             ] GC(2329) Pause Young (Allocation Failure) 596M->54M(1979M) 3.780ms
[3433.703s][info][gc,cpu         ] GC(2329) User=0.00s Sys=0.00s Real=0.00s
[3435.677s][info][gc,start       ] GC(2330) Pause Young (Allocation Failure)
[3435.682s][info][gc,heap        ] GC(2330) DefNew: 560416K->4459K(629120K)
[3435.682s][info][gc,heap        ] GC(2330) Tenured: 52199K->52199K(1398144K)
[3435.682s][info][gc,metaspace   ] GC(2330) Metaspace: 90987K(98224K)->90987K(98224K) NonClass: 79616K(83632K)->79616K(83632K) Class: 11370K(14592K)->11370K(14592K)
[3435.682s][info][gc             ] GC(2330) Pause Young (Allocation Failure) 598M->55M(1979M) 4.498ms
[3435.682s][info][gc,cpu         ] GC(2330) User=0.00s Sys=0.00s Real=0.00s
[3437.654s][info][gc,start       ] GC(2331) Pause Young (Allocation Failure)
[3437.660s][info][gc,heap        ] GC(2331) DefNew: 563691K->5125K(629120K)
[3437.660s][info][gc,heap        ] GC(2331) Tenured: 52199K->52199K(1398144K)
[3437.660s][info][gc,metaspace   ] GC(2331) Metaspace: 90987K(98224K)->90987K(98224K) NonClass: 79616K(83632K)->79616K(83632K) Class: 11370K(14592K)->11370K(14592K)
[3437.660s][info][gc             ] GC(2331) Pause Young (Allocation Failure) 601M->55M(1979M) 5.883ms
[3437.660s][info][gc,cpu         ] GC(2331) User=0.00s Sys=0.00s Real=0.01s
[3439.414s][info][gc,start       ] GC(2332) Pause Young (Allocation Failure)
[3439.424s][info][gc,heap        ] GC(2332) DefNew: 564357K->7299K(629120K)
[3439.424s][info][gc,heap        ] GC(2332) Tenured: 52199K->52199K(1398144K)
[3439.424s][info][gc,metaspace   ] GC(2332) Metaspace: 90987K(98224K)->90987K(98224K) NonClass: 79616K(83632K)->79616K(83632K) Class: 11370K(14592K)->11370K(14592K)
[3439.424s][info][gc             ] GC(2332) Pause Young (Allocation Failure) 602M->58M(1979M) 10.121ms
[3439.424s][info][gc,cpu         ] GC(2332) User=0.00s Sys=0.00s Real=0.01s
[3439.920s][info][gc,start       ] GC(2333) Pause Young (Allocation Failure)
[3439.925s][info][gc,heap        ] GC(2333) DefNew: 566303K->11782K(629120K)
[3439.926s][info][gc,heap        ] GC(2333) Tenured: 52199K->52199K(1398144K)
[3439.926s][info][gc,metaspace   ] GC(2333) Metaspace: 90987K(98224K)->90987K(98224K) NonClass: 79616K(83632K)->79616K(83632K) Class: 11370K(14592K)->11370K(14592K)
[3439.926s][info][gc             ] GC(2333) Pause Young (Allocation Failure) 604M->62M(1979M) 6.029ms
[3439.926s][info][gc,cpu         ] GC(2333) User=0.00s Sys=0.00s Real=0.01s
[3441.375s][info][gc,start       ] GC(2334) Pause Young (Allocation Failure)
[3441.382s][info][gc,heap        ] GC(2334) DefNew: 571014K->6303K(629120K)
[3441.382s][info][gc,heap        ] GC(2334) Tenured: 52199K->52199K(1398144K)
[3441.382s][info][gc,metaspace   ] GC(2334) Metaspace: 90987K(98224K)->90987K(98224K) NonClass: 79616K(83632K)->79616K(83632K) Class: 11370K(14592K)->11370K(14592K)
[3441.382s][info][gc             ] GC(2334) Pause Young (Allocation Failure) 608M->57M(1979M) 6.894ms
[3441.382s][info][gc,cpu         ] GC(2334) User=0.00s Sys=0.00s Real=0.01s
[3443.378s][info][gc,start       ] GC(2335) Pause Young (Allocation Failure)
[3443.383s][info][gc,heap        ] GC(2335) DefNew: 565535K->5206K(629120K)
[3443.383s][info][gc,heap        ] GC(2335) Tenured: 52199K->52199K(1398144K)
[3443.383s][info][gc,metaspace   ] GC(2335) Metaspace: 90987K(98224K)->90987K(98224K) NonClass: 79616K(83632K)->79616K(83632K) Class: 11370K(14592K)->11370K(14592K)
[3443.383s][info][gc             ] GC(2335) Pause Young (Allocation Failure) 603M->56M(1979M) 5.236ms
[3443.383s][info][gc,cpu         ] GC(2335) User=0.00s Sys=0.00s Real=0.01s
[3445.932s][info][gc,start       ] GC(2336) Pause Young (Allocation Failure)
[3445.937s][info][gc,heap        ] GC(2336) DefNew: 564438K->5765K(629120K)
[3445.938s][info][gc,heap        ] GC(2336) Tenured: 52199K->52199K(1398144K)
[3445.938s][info][gc,metaspace   ] GC(2336) Metaspace: 90987K(98224K)->90987K(98224K) NonClass: 79616K(83632K)->79616K(83632K) Class: 11370K(14592K)->11370K(14592K)
[3445.938s][info][gc             ] GC(2336) Pause Young (Allocation Failure) 602M->56M(1979M) 5.692ms
[3445.938s][info][gc,cpu         ] GC(2336) User=0.00s Sys=0.00s Real=0.01s
[3446.574s][info][gc,start       ] GC(2337) Pause Young (Allocation Failure)
[3446.583s][info][gc,heap        ] GC(2337) DefNew: 563422K->17620K(629120K)
[3446.583s][info][gc,heap        ] GC(2337) Tenured: 52199K->52199K(1398144K)
[3446.583s][info][gc,metaspace   ] GC(2337) Metaspace: 90987K(98224K)->90987K(98224K) NonClass: 79616K(83632K)->79616K(83632K) Class: 11370K(14592K)->11370K(14592K)
[3446.583s][info][gc             ] GC(2337) Pause Young (Allocation Failure) 601M->68M(1979M) 8.743ms
[3446.583s][info][gc,cpu         ] GC(2337) User=0.00s Sys=0.00s Real=0.01s
[3447.321s][info][gc,start       ] GC(2338) Pause Young (Allocation Failure)
[3447.326s][info][gc,heap        ] GC(2338) DefNew: 574108K->5496K(629120K)
[3447.326s][info][gc,heap        ] GC(2338) Tenured: 52199K->52199K(1398144K)
[3447.326s][info][gc,metaspace   ] GC(2338) Metaspace: 90987K(98224K)->90987K(98224K) NonClass: 79616K(83632K)->79616K(83632K) Class: 11370K(14592K)->11370K(14592K)
[3447.327s][info][gc             ] GC(2338) Pause Young (Allocation Failure) 611M->56M(1979M) 5.829ms
[3447.327s][info][gc,cpu         ] GC(2338) User=0.00s Sys=0.00s Real=0.00s
[3449.762s][info][gc,start       ] GC(2339) Pause Young (Allocation Failure)
[3449.768s][info][gc,heap        ] GC(2339) DefNew: 564728K->6499K(629120K)
[3449.768s][info][gc,heap        ] GC(2339) Tenured: 52199K->52199K(1398144K)
[3449.768s][info][gc,metaspace   ] GC(2339) Metaspace: 90987K(98224K)->90987K(98224K) NonClass: 79616K(83632K)->79616K(83632K) Class: 11370K(14592K)->11370K(14592K)
[3449.768s][info][gc             ] GC(2339) Pause Young (Allocation Failure) 602M->57M(1979M) 5.645ms
[3449.768s][info][gc,cpu         ] GC(2339) User=0.00s Sys=0.00s Real=0.01s
[3451.777s][info][gc,start       ] GC(2340) Pause Young (Allocation Failure)
[3451.784s][info][gc,heap        ] GC(2340) DefNew: 565231K->6319K(629120K)
[3451.784s][info][gc,heap        ] GC(2340) Tenured: 52199K->52199K(1398144K)
[3451.784s][info][gc,metaspace   ] GC(2340) Metaspace: 90987K(98224K)->90987K(98224K) NonClass: 79616K(83632K)->79616K(83632K) Class: 11370K(14592K)->11370K(14592K)
[3451.784s][info][gc             ] GC(2340) Pause Young (Allocation Failure) 602M->57M(1979M) 6.301ms
[3451.784s][info][gc,cpu         ] GC(2340) User=0.00s Sys=0.00s Real=0.01s
[3453.066s][info][gc,start       ] GC(2341) Pause Young (Allocation Failure)
[3453.084s][info][gc,heap        ] GC(2341) DefNew: 565551K->11888K(629120K)
[3453.084s][info][gc,heap        ] GC(2341) Tenured: 52199K->52199K(1398144K)
[3453.084s][info][gc,metaspace   ] GC(2341) Metaspace: 90987K(98224K)->90987K(98224K) NonClass: 79616K(83632K)->79616K(83632K) Class: 11370K(14592K)->11370K(14592K)
[3453.085s][info][gc             ] GC(2341) Pause Young (Allocation Failure) 603M->62M(1979M) 18.367ms
[3453.085s][info][gc,cpu         ] GC(2341) User=0.00s Sys=0.00s Real=0.02s
[3453.617s][info][gc,start       ] GC(2342) Pause Young (Allocation Failure)
[3453.624s][info][gc,heap        ] GC(2342) DefNew: 567979K->8574K(629120K)
[3453.624s][info][gc,heap        ] GC(2342) Tenured: 52199K->52199K(1398144K)
[3453.624s][info][gc,metaspace   ] GC(2342) Metaspace: 90987K(98224K)->90987K(98224K) NonClass: 79616K(83632K)->79616K(83632K) Class: 11370K(14592K)->11370K(14592K)
[3453.624s][info][gc             ] GC(2342) Pause Young (Allocation Failure) 605M->59M(1979M) 6.317ms
[3453.624s][info][gc,cpu         ] GC(2342) User=0.00s Sys=0.00s Real=0.01s
[3455.715s][info][gc,start       ] GC(2343) Pause Young (GCLocker Initiated GC)
[3455.723s][info][gc,heap        ] GC(2343) DefNew: 567806K->7811K(629120K)
[3455.723s][info][gc,heap        ] GC(2343) Tenured: 52199K->52199K(1398144K)
[3455.723s][info][gc,metaspace   ] GC(2343) Metaspace: 90987K(98224K)->90987K(98224K) NonClass: 79616K(83632K)->79616K(83632K) Class: 11370K(14592K)->11370K(14592K)
[3455.723s][info][gc             ] GC(2343) Pause Young (GCLocker Initiated GC) 605M->58M(1979M) 7.810ms
[3455.723s][info][gc,cpu         ] GC(2343) User=0.00s Sys=0.00s Real=0.01s
[3457.701s][info][gc,start       ] GC(2344) Pause Young (Allocation Failure)
[3457.708s][info][gc,heap        ] GC(2344) DefNew: 567043K->6182K(629120K)
[3457.708s][info][gc,heap        ] GC(2344) Tenured: 52199K->52730K(1398144K)
[3457.708s][info][gc,metaspace   ] GC(2344) Metaspace: 90987K(98224K)->90987K(98224K) NonClass: 79616K(83632K)->79616K(83632K) Class: 11370K(14592K)->11370K(14592K)
[3457.708s][info][gc             ] GC(2344) Pause Young (Allocation Failure) 604M->57M(1979M) 6.756ms
[3457.708s][info][gc,cpu         ] GC(2344) User=0.00s Sys=0.00s Real=0.01s
[3459.552s][info][gc,start       ] GC(2345) Pause Young (Allocation Failure)
[3459.561s][info][gc,heap        ] GC(2345) DefNew: 565244K->7660K(629120K)
[3459.561s][info][gc,heap        ] GC(2345) Tenured: 52730K->52918K(1398144K)
[3459.561s][info][gc,metaspace   ] GC(2345) Metaspace: 90987K(98224K)->90987K(98224K) NonClass: 79616K(83632K)->79616K(83632K) Class: 11370K(14592K)->11370K(14592K)
[3459.561s][info][gc             ] GC(2345) Pause Young (Allocation Failure) 603M->59M(1979M) 8.808ms
[3459.561s][info][gc,cpu         ] GC(2345) User=0.00s Sys=0.00s Real=0.01s
[3460.112s][info][gc,start       ] GC(2346) Pause Young (Allocation Failure)
[3460.120s][info][gc,heap        ] GC(2346) DefNew: 566813K->13094K(629120K)
[3460.120s][info][gc,heap        ] GC(2346) Tenured: 52918K->53106K(1398144K)
[3460.120s][info][gc,metaspace   ] GC(2346) Metaspace: 90987K(98224K)->90987K(98224K) NonClass: 79616K(83632K)->79616K(83632K) Class: 11370K(14592K)->11370K(14592K)
[3460.120s][info][gc             ] GC(2346) Pause Young (Allocation Failure) 605M->64M(1979M) 7.608ms
[3460.120s][info][gc,cpu         ] GC(2346) User=0.00s Sys=0.00s Real=0.01s
[3461.557s][info][gc,start       ] GC(2347) Pause Young (Allocation Failure)
[3461.563s][info][gc,heap        ] GC(2347) DefNew: 571142K->5761K(629120K)
[3461.563s][info][gc,heap        ] GC(2347) Tenured: 53106K->53253K(1398144K)
[3461.563s][info][gc,metaspace   ] GC(2347) Metaspace: 90987K(98224K)->90987K(98224K) NonClass: 79616K(83632K)->79616K(83632K) Class: 11370K(14592K)->11370K(14592K)
[3461.563s][info][gc             ] GC(2347) Pause Young (Allocation Failure) 609M->57M(1979M) 6.159ms
[3461.564s][info][gc,cpu         ] GC(2347) User=0.00s Sys=0.00s Real=0.01s
[3463.415s][info][gc,start       ] GC(2348) Pause Young (Allocation Failure)
[3463.423s][info][gc,heap        ] GC(2348) DefNew: 564993K->8048K(629120K)
[3463.423s][info][gc,heap        ] GC(2348) Tenured: 53253K->53318K(1398144K)
[3463.423s][info][gc,metaspace   ] GC(2348) Metaspace: 90987K(98224K)->90987K(98224K) NonClass: 79616K(83632K)->79616K(83632K) Class: 11370K(14592K)->11370K(14592K)
[3463.423s][info][gc             ] GC(2348) Pause Young (Allocation Failure) 603M->59M(1979M) 8.370ms
[3463.423s][info][gc,cpu         ] GC(2348) User=0.00s Sys=0.00s Real=0.01s
[3463.932s][info][gc,start       ] GC(2349) Pause Young (Allocation Failure)
[3463.940s][info][gc,heap        ] GC(2349) DefNew: 563643K->17723K(629120K)
[3463.940s][info][gc,heap        ] GC(2349) Tenured: 53318K->53498K(1398144K)
[3463.940s][info][gc,metaspace   ] GC(2349) Metaspace: 90987K(98224K)->90987K(98224K) NonClass: 79616K(83632K)->79616K(83632K) Class: 11370K(14592K)->11370K(14592K)
[3463.940s][info][gc             ] GC(2349) Pause Young (Allocation Failure) 602M->69M(1979M) 8.180ms
[3463.940s][info][gc,cpu         ] GC(2349) User=0.00s Sys=0.00s Real=0.01s
[3465.484s][info][gc,start       ] GC(2350) Pause Young (Allocation Failure)
[3465.492s][info][gc,heap        ] GC(2350) DefNew: 576955K->6761K(629120K)
[3465.492s][info][gc,heap        ] GC(2350) Tenured: 53498K->53641K(1398144K)
[3465.492s][info][gc,metaspace   ] GC(2350) Metaspace: 90987K(98224K)->90987K(98224K) NonClass: 79616K(83632K)->79616K(83632K) Class: 11370K(14592K)->11370K(14592K)
[3465.492s][info][gc             ] GC(2350) Pause Young (Allocation Failure) 615M->58M(1979M) 7.385ms
[3465.492s][info][gc,cpu         ] GC(2350) User=0.00s Sys=0.00s Real=0.01s
[3467.303s][info][gc,start       ] GC(2351) Pause Young (Allocation Failure)
[3467.311s][info][gc,heap        ] GC(2351) DefNew: 565993K->8057K(629120K)
[3467.311s][info][gc,heap        ] GC(2351) Tenured: 53641K->53807K(1398144K)
[3467.311s][info][gc,metaspace   ] GC(2351) Metaspace: 90987K(98224K)->90987K(98224K) NonClass: 79616K(83632K)->79616K(83632K) Class: 11370K(14592K)->11370K(14592K)
[3467.311s][info][gc             ] GC(2351) Pause Young (Allocation Failure) 605M->60M(1979M) 8.404ms
[3467.311s][info][gc,cpu         ] GC(2351) User=0.00s Sys=0.00s Real=0.01s
[3467.778s][info][gc,start       ] GC(2352) Pause Young (Allocation Failure)
[3467.786s][info][gc,heap        ] GC(2352) DefNew: 565278K->12790K(629120K)
[3467.786s][info][gc,heap        ] GC(2352) Tenured: 53807K->53923K(1398144K)
[3467.786s][info][gc,metaspace   ] GC(2352) Metaspace: 90987K(98224K)->90987K(98224K) NonClass: 79616K(83632K)->79616K(83632K) Class: 11370K(14592K)->11370K(14592K)
[3467.786s][info][gc             ] GC(2352) Pause Young (Allocation Failure) 604M->65M(1979M) 8.081ms
[3467.786s][info][gc,cpu         ] GC(2352) User=0.00s Sys=0.00s Real=0.01s
[3469.296s][info][gc,start       ] GC(2353) Pause Young (Allocation Failure)
[3469.303s][info][gc,heap        ] GC(2353) DefNew: 572022K->5999K(629120K)
[3469.303s][info][gc,heap        ] GC(2353) Tenured: 53923K->54083K(1398144K)
[3469.303s][info][gc,metaspace   ] GC(2353) Metaspace: 90987K(98224K)->90987K(98224K) NonClass: 79616K(83632K)->79616K(83632K) Class: 11370K(14592K)->11370K(14592K)
[3469.303s][info][gc             ] GC(2353) Pause Young (Allocation Failure) 611M->58M(1979M) 7.072ms
[3469.303s][info][gc,cpu         ] GC(2353) User=0.02s Sys=0.00s Real=0.01s
[3471.013s][info][gc,start       ] GC(2354) Pause Young (Allocation Failure)
[3471.023s][info][gc,heap        ] GC(2354) DefNew: 565231K->8705K(629120K)
[3471.023s][info][gc,heap        ] GC(2354) Tenured: 54083K->54199K(1398144K)
[3471.023s][info][gc,metaspace   ] GC(2354) Metaspace: 90987K(98224K)->90987K(98224K) NonClass: 79616K(83632K)->79616K(83632K) Class: 11370K(14592K)->11370K(14592K)
[3471.023s][info][gc             ] GC(2354) Pause Young (Allocation Failure) 604M->61M(1979M) 9.606ms
[3471.023s][info][gc,cpu         ] GC(2354) User=0.00s Sys=0.00s Real=0.01s
[3471.500s][info][gc,start       ] GC(2355) Pause Young (Allocation Failure)
[3471.507s][info][gc,heap        ] GC(2355) DefNew: 563872K->8716K(629120K)
[3471.507s][info][gc,heap        ] GC(2355) Tenured: 54199K->54386K(1398144K)
[3471.507s][info][gc,metaspace   ] GC(2355) Metaspace: 90987K(98224K)->90987K(98224K) NonClass: 79616K(83632K)->79616K(83632K) Class: 11370K(14592K)->11370K(14592K)
[3471.507s][info][gc             ] GC(2355) Pause Young (Allocation Failure) 603M->61M(1979M) 7.767ms
[3471.507s][info][gc,cpu         ] GC(2355) User=0.00s Sys=0.00s Real=0.01s
[3473.084s][info][gc,start       ] GC(2356) Pause Young (Allocation Failure)
[3473.091s][info][gc,heap        ] GC(2356) DefNew: 567948K->6248K(629120K)
[3473.091s][info][gc,heap        ] GC(2356) Tenured: 54386K->54504K(1398144K)
[3473.091s][info][gc,metaspace   ] GC(2356) Metaspace: 90987K(98224K)->90987K(98224K) NonClass: 79616K(83632K)->79616K(83632K) Class: 11370K(14592K)->11370K(14592K)
[3473.091s][info][gc             ] GC(2356) Pause Young (Allocation Failure) 607M->59M(1979M) 7.794ms
[3473.091s][info][gc,cpu         ] GC(2356) User=0.00s Sys=0.00s Real=0.01s
[3474.989s][info][gc,start       ] GC(2357) Pause Young (Allocation Failure)
[3475.001s][info][gc,heap        ] GC(2357) DefNew: 565480K->8873K(629120K)
[3475.001s][info][gc,heap        ] GC(2357) Tenured: 54504K->54588K(1398144K)
[3475.001s][info][gc,metaspace   ] GC(2357) Metaspace: 90987K(98224K)->90987K(98224K) NonClass: 79616K(83632K)->79616K(83632K) Class: 11370K(14592K)->11370K(14592K)
[3475.001s][info][gc             ] GC(2357) Pause Young (Allocation Failure) 605M->61M(1979M) 11.591ms
[3475.001s][info][gc,cpu         ] GC(2357) User=0.00s Sys=0.00s Real=0.01s
[3475.689s][info][gc,start       ] GC(2358) Pause Young (Allocation Failure)
[3475.697s][info][gc,heap        ] GC(2358) DefNew: 568105K->7353K(629120K)
[3475.697s][info][gc,heap        ] GC(2358) Tenured: 54588K->54779K(1398144K)
[3475.697s][info][gc,metaspace   ] GC(2358) Metaspace: 90987K(98224K)->90987K(98224K) NonClass: 79616K(83632K)->79616K(83632K) Class: 11370K(14592K)->11370K(14592K)
[3475.697s][info][gc             ] GC(2358) Pause Young (Allocation Failure) 608M->60M(1979M) 8.174ms
[3475.697s][info][gc,cpu         ] GC(2358) User=0.00s Sys=0.00s Real=0.01s
[3475.701s][info][gc,start       ] GC(2359) Pause Full (System.gc())
[3475.703s][info][gc,phases,start] GC(2359) Phase 1: Mark live objects
[3475.753s][info][gc,phases      ] GC(2359) Phase 1: Mark live objects 50.730ms
[3475.753s][info][gc,phases,start] GC(2359) Phase 2: Compute new object addresses
[3475.764s][info][gc,phases      ] GC(2359) Phase 2: Compute new object addresses 10.520ms
[3475.764s][info][gc,phases,start] GC(2359) Phase 3: Adjust pointers
[3475.795s][info][gc,phases      ] GC(2359) Phase 3: Adjust pointers 31.124ms
[3475.795s][info][gc,phases,start] GC(2359) Phase 4: Move objects
[3475.796s][info][gc,phases      ] GC(2359) Phase 4: Move objects 0.992ms
[3475.797s][info][gc,heap        ] GC(2359) DefNew: 20313K->0K(629120K)
[3475.797s][info][gc,heap        ] GC(2359) Tenured: 54779K->59391K(1398144K)
[3475.797s][info][gc,metaspace   ] GC(2359) Metaspace: 90987K(98224K)->90987K(98224K) NonClass: 79616K(83632K)->79616K(83632K) Class: 11370K(14592K)->11370K(14592K)
[3475.797s][info][gc             ] GC(2359) Pause Full (System.gc()) 73M->57M(1979M) 96.249ms
[3475.797s][info][gc,cpu         ] GC(2359) User=0.09s Sys=0.00s Real=0.09s
[3476.307s][info][gc,start       ] GC(2360) Pause Young (Allocation Failure)
[3476.310s][info][gc,heap        ] GC(2360) DefNew: 558802K->3058K(629120K)
[3476.310s][info][gc,heap        ] GC(2360) Tenured: 59391K->59391K(1398144K)
[3476.310s][info][gc,metaspace   ] GC(2360) Metaspace: 90987K(98224K)->90987K(98224K) NonClass: 79616K(83632K)->79616K(83632K) Class: 11370K(14592K)->11370K(14592K)
[3476.311s][info][gc             ] GC(2360) Pause Young (Allocation Failure) 603M->60M(1979M) 3.407ms
[3476.311s][info][gc,cpu         ] GC(2360) User=0.00s Sys=0.00s Real=0.00s
[3478.300s][info][gc,start       ] GC(2361) Pause Young (Allocation Failure)
[3478.305s][info][gc,heap        ] GC(2361) DefNew: 559998K->4394K(629120K)
[3478.305s][info][gc,heap        ] GC(2361) Tenured: 59391K->59391K(1398144K)
[3478.305s][info][gc,metaspace   ] GC(2361) Metaspace: 90987K(98224K)->90987K(98224K) NonClass: 79616K(83632K)->79616K(83632K) Class: 11370K(14592K)->11370K(14592K)
[3478.305s][info][gc             ] GC(2361) Pause Young (Allocation Failure) 604M->62M(1979M) 4.611ms
[3478.305s][info][gc,cpu         ] GC(2361) User=0.00s Sys=0.00s Real=0.00s
[3480.309s][info][gc,start       ] GC(2362) Pause Young (Allocation Failure)
[3480.315s][info][gc,heap        ] GC(2362) DefNew: 563526K->5021K(629120K)
[3480.315s][info][gc,heap        ] GC(2362) Tenured: 59391K->59391K(1398144K)
[3480.315s][info][gc,metaspace   ] GC(2362) Metaspace: 90987K(98224K)->90987K(98224K) NonClass: 79616K(83632K)->79616K(83632K) Class: 11370K(14592K)->11370K(14592K)
[3480.315s][info][gc             ] GC(2362) Pause Young (Allocation Failure) 608M->62M(1979M) 5.579ms
[3480.315s][info][gc,cpu         ] GC(2362) User=0.00s Sys=0.00s Real=0.01s
[3482.050s][info][gc,start       ] GC(2363) Pause Young (Allocation Failure)
[3482.057s][info][gc,heap        ] GC(2363) DefNew: 564253K->6699K(629120K)
[3482.058s][info][gc,heap        ] GC(2363) Tenured: 59391K->59391K(1398144K)
[3482.058s][info][gc,metaspace   ] GC(2363) Metaspace: 90987K(98224K)->90987K(98224K) NonClass: 79616K(83632K)->79616K(83632K) Class: 11370K(14592K)->11370K(14592K)
[3482.058s][info][gc             ] GC(2363) Pause Young (Allocation Failure) 609M->64M(1979M) 7.487ms
[3482.058s][info][gc,cpu         ] GC(2363) User=0.00s Sys=0.00s Real=0.01s
[3482.537s][info][gc,start       ] GC(2364) Pause Young (Allocation Failure)
[3482.543s][info][gc,heap        ] GC(2364) DefNew: 565931K->7661K(629120K)
[3482.543s][info][gc,heap        ] GC(2364) Tenured: 59391K->59391K(1398144K)
[3482.543s][info][gc,metaspace   ] GC(2364) Metaspace: 90987K(98224K)->90987K(98224K) NonClass: 79616K(83632K)->79616K(83632K) Class: 11370K(14592K)->11370K(14592K)
[3482.543s][info][gc             ] GC(2364) Pause Young (Allocation Failure) 610M->65M(1979M) 6.410ms
[3482.543s][info][gc,cpu         ] GC(2364) User=0.00s Sys=0.00s Real=0.01s
[3484.044s][info][gc,start       ] GC(2365) Pause Young (Allocation Failure)
[3484.051s][info][gc,heap        ] GC(2365) DefNew: 566896K->6713K(629120K)
[3484.051s][info][gc,heap        ] GC(2365) Tenured: 59391K->59391K(1398144K)
[3484.051s][info][gc,metaspace   ] GC(2365) Metaspace: 90987K(98224K)->90987K(98224K) NonClass: 79616K(83632K)->79616K(83632K) Class: 11370K(14592K)->11370K(14592K)
[3484.051s][info][gc             ] GC(2365) Pause Young (Allocation Failure) 611M->64M(1979M) 7.303ms
[3484.051s][info][gc,cpu         ] GC(2365) User=0.00s Sys=0.00s Real=0.01s
[3486.113s][info][gc,start       ] GC(2366) Pause Young (Allocation Failure)
[3486.118s][info][gc,heap        ] GC(2366) DefNew: 565945K->5536K(629120K)
[3486.118s][info][gc,heap        ] GC(2366) Tenured: 59391K->59391K(1398144K)
[3486.118s][info][gc,metaspace   ] GC(2366) Metaspace: 90987K(98224K)->90987K(98224K) NonClass: 79616K(83632K)->79616K(83632K) Class: 11370K(14592K)->11370K(14592K)
[3486.118s][info][gc             ] GC(2366) Pause Young (Allocation Failure) 610M->63M(1979M) 5.578ms
[3486.118s][info][gc,cpu         ] GC(2366) User=0.02s Sys=0.00s Real=0.01s
[3488.682s][info][gc,start       ] GC(2367) Pause Young (Allocation Failure)
[3488.688s][info][gc,heap        ] GC(2367) DefNew: 564768K->5519K(629120K)
[3488.688s][info][gc,heap        ] GC(2367) Tenured: 59391K->59391K(1398144K)
[3488.688s][info][gc,metaspace   ] GC(2367) Metaspace: 90987K(98224K)->90987K(98224K) NonClass: 79616K(83632K)->79616K(83632K) Class: 11370K(14592K)->11370K(14592K)
[3488.688s][info][gc             ] GC(2367) Pause Young (Allocation Failure) 609M->63M(1979M) 5.789ms
[3488.688s][info][gc,cpu         ] GC(2367) User=0.00s Sys=0.00s Real=0.01s
[3489.322s][info][gc,start       ] GC(2368) Pause Young (Allocation Failure)
[3489.330s][info][gc,heap        ] GC(2368) DefNew: 560968K->12261K(629120K)
[3489.330s][info][gc,heap        ] GC(2368) Tenured: 59391K->59391K(1398144K)
[3489.330s][info][gc,metaspace   ] GC(2368) Metaspace: 90987K(98224K)->90987K(98224K) NonClass: 79616K(83632K)->79616K(83632K) Class: 11370K(14592K)->11370K(14592K)
[3489.330s][info][gc             ] GC(2368) Pause Young (Allocation Failure) 605M->69M(1979M) 7.628ms
[3489.330s][info][gc,cpu         ] GC(2368) User=0.00s Sys=0.00s Real=0.01s
[3490.055s][info][gc,start       ] GC(2369) Pause Young (Allocation Failure)
[3490.061s][info][gc,heap        ] GC(2369) DefNew: 571493K->5087K(629120K)
[3490.061s][info][gc,heap        ] GC(2369) Tenured: 59391K->59391K(1398144K)
[3490.061s][info][gc,metaspace   ] GC(2369) Metaspace: 90987K(98224K)->90987K(98224K) NonClass: 79616K(83632K)->79616K(83632K) Class: 11370K(14592K)->11370K(14592K)
[3490.061s][info][gc             ] GC(2369) Pause Young (Allocation Failure) 616M->62M(1979M) 5.714ms
[3490.061s][info][gc,cpu         ] GC(2369) User=0.00s Sys=0.00s Real=0.01s
[3492.527s][info][gc,start       ] GC(2370) Pause Young (Allocation Failure)
[3492.533s][info][gc,heap        ] GC(2370) DefNew: 564319K->6599K(629120K)
[3492.533s][info][gc,heap        ] GC(2370) Tenured: 59391K->59391K(1398144K)
[3492.533s][info][gc,metaspace   ] GC(2370) Metaspace: 90987K(98224K)->90987K(98224K) NonClass: 79616K(83632K)->79616K(83632K) Class: 11370K(14592K)->11370K(14592K)
[3492.533s][info][gc             ] GC(2370) Pause Young (Allocation Failure) 609M->64M(1979M) 6.228ms
[3492.533s][info][gc,cpu         ] GC(2370) User=0.00s Sys=0.00s Real=0.01s
[3494.499s][info][gc,start       ] GC(2371) Pause Young (Allocation Failure)
[3494.505s][info][gc,heap        ] GC(2371) DefNew: 565049K->6175K(629120K)
[3494.505s][info][gc,heap        ] GC(2371) Tenured: 59391K->59391K(1398144K)
[3494.505s][info][gc,metaspace   ] GC(2371) Metaspace: 90987K(98224K)->90987K(98224K) NonClass: 79616K(83632K)->79616K(83632K) Class: 11370K(14592K)->11370K(14592K)
[3494.505s][info][gc             ] GC(2371) Pause Young (Allocation Failure) 609M->64M(1979M) 6.246ms
[3494.505s][info][gc,cpu         ] GC(2371) User=0.00s Sys=0.00s Real=0.01s
[3495.802s][info][gc,start       ] GC(2372) Pause Young (Allocation Failure)
[3495.821s][info][gc,heap        ] GC(2372) DefNew: 565407K->11866K(629120K)
[3495.822s][info][gc,heap        ] GC(2372) Tenured: 59391K->59391K(1398144K)
[3495.822s][info][gc,metaspace   ] GC(2372) Metaspace: 90987K(98224K)->90987K(98224K) NonClass: 79616K(83632K)->79616K(83632K) Class: 11370K(14592K)->11370K(14592K)
[3495.822s][info][gc             ] GC(2372) Pause Young (Allocation Failure) 610M->69M(1979M) 19.106ms
[3495.822s][info][gc,cpu         ] GC(2372) User=0.00s Sys=0.00s Real=0.02s
[3496.327s][info][gc,start       ] GC(2373) Pause Young (Allocation Failure)
[3496.333s][info][gc,heap        ] GC(2373) DefNew: 567393K->8342K(629120K)
[3496.333s][info][gc,heap        ] GC(2373) Tenured: 59391K->59391K(1398144K)
[3496.333s][info][gc,metaspace   ] GC(2373) Metaspace: 90987K(98224K)->90987K(98224K) NonClass: 79616K(83632K)->79616K(83632K) Class: 11370K(14592K)->11370K(14592K)
[3496.333s][info][gc             ] GC(2373) Pause Young (Allocation Failure) 612M->66M(1979M) 6.228ms
[3496.333s][info][gc,cpu         ] GC(2373) User=0.00s Sys=0.00s Real=0.01s
[3498.297s][info][gc,start       ] GC(2374) Pause Young (Allocation Failure)
[3498.305s][info][gc,heap        ] GC(2374) DefNew: 567574K->7696K(629120K)
[3498.305s][info][gc,heap        ] GC(2374) Tenured: 59391K->59391K(1398144K)
[3498.305s][info][gc,metaspace   ] GC(2374) Metaspace: 90987K(98224K)->90987K(98224K) NonClass: 79616K(83632K)->79616K(83632K) Class: 11370K(14592K)->11370K(14592K)
[3498.305s][info][gc             ] GC(2374) Pause Young (Allocation Failure) 612M->65M(1979M) 7.915ms
[3498.305s][info][gc,cpu         ] GC(2374) User=0.00s Sys=0.00s Real=0.01s
[3500.306s][info][gc,start       ] GC(2375) Pause Young (Allocation Failure)
[3500.313s][info][gc,heap        ] GC(2375) DefNew: 563966K->6256K(629120K)
[3500.313s][info][gc,heap        ] GC(2375) Tenured: 59391K->59859K(1398144K)
[3500.313s][info][gc,metaspace   ] GC(2375) Metaspace: 90987K(98224K)->90987K(98224K) NonClass: 79616K(83632K)->79616K(83632K) Class: 11370K(14592K)->11370K(14592K)
[3500.313s][info][gc             ] GC(2375) Pause Young (Allocation Failure) 608M->64M(1979M) 6.734ms
[3500.313s][info][gc,cpu         ] GC(2375) User=0.00s Sys=0.00s Real=0.01s
[3502.186s][info][gc,start       ] GC(2376) Pause Young (Allocation Failure)
[3502.197s][info][gc,heap        ] GC(2376) DefNew: 565488K->11016K(629120K)
[3502.197s][info][gc,heap        ] GC(2376) Tenured: 59859K->60045K(1398144K)
[3502.197s][info][gc,metaspace   ] GC(2376) Metaspace: 90987K(98224K)->90987K(98224K) NonClass: 79616K(83632K)->79616K(83632K) Class: 11370K(14592K)->11370K(14592K)
[3502.197s][info][gc             ] GC(2376) Pause Young (Allocation Failure) 610M->69M(1979M) 10.651ms
[3502.197s][info][gc,cpu         ] GC(2376) User=0.00s Sys=0.00s Real=0.01s
[3502.843s][info][gc,start       ] GC(2377) Pause Young (Allocation Failure)
[3502.851s][info][gc,heap        ] GC(2377) DefNew: 569828K->21719K(629120K)
[3502.851s][info][gc,heap        ] GC(2377) Tenured: 60045K->60233K(1398144K)
[3502.851s][info][gc,metaspace   ] GC(2377) Metaspace: 90987K(98224K)->90987K(98224K) NonClass: 79616K(83632K)->79616K(83632K) Class: 11370K(14592K)->11370K(14592K)
[3502.851s][info][gc             ] GC(2377) Pause Young (Allocation Failure) 615M->80M(1979M) 8.801ms
[3502.851s][info][gc,cpu         ] GC(2377) User=0.00s Sys=0.00s Real=0.01s
[3504.186s][info][gc,start       ] GC(2378) Pause Young (Allocation Failure)
[3504.194s][info][gc,heap        ] GC(2378) DefNew: 580951K->8355K(629120K)
[3504.194s][info][gc,heap        ] GC(2378) Tenured: 60233K->60381K(1398144K)
[3504.194s][info][gc,metaspace   ] GC(2378) Metaspace: 90987K(98224K)->90987K(98224K) NonClass: 79616K(83632K)->79616K(83632K) Class: 11370K(14592K)->11370K(14592K)
[3504.194s][info][gc             ] GC(2378) Pause Young (Allocation Failure) 626M->67M(1979M) 7.587ms
[3504.194s][info][gc,cpu         ] GC(2378) User=0.00s Sys=0.00s Real=0.01s
[3506.132s][info][gc,start       ] GC(2379) Pause Young (Allocation Failure)
[3506.140s][info][gc,heap        ] GC(2379) DefNew: 566982K->7723K(629120K)
[3506.140s][info][gc,heap        ] GC(2379) Tenured: 60381K->60456K(1398144K)
[3506.140s][info][gc,metaspace   ] GC(2379) Metaspace: 90987K(98224K)->90987K(98224K) NonClass: 79616K(83632K)->79616K(83632K) Class: 11370K(14592K)->11370K(14592K)
[3506.140s][info][gc             ] GC(2379) Pause Young (Allocation Failure) 612M->66M(1979M) 8.007ms
[3506.140s][info][gc,cpu         ] GC(2379) User=0.00s Sys=0.00s Real=0.01s
[3506.665s][info][gc,start       ] GC(2380) Pause Young (Allocation Failure)
[3506.674s][info][gc,heap        ] GC(2380) DefNew: 563897K->21696K(629120K)
[3506.674s][info][gc,heap        ] GC(2380) Tenured: 60456K->60639K(1398144K)
[3506.674s][info][gc,metaspace   ] GC(2380) Metaspace: 90987K(98224K)->90987K(98224K) NonClass: 79616K(83632K)->79616K(83632K) Class: 11370K(14592K)->11370K(14592K)
[3506.674s][info][gc             ] GC(2380) Pause Young (Allocation Failure) 609M->80M(1979M) 8.678ms
[3506.674s][info][gc,cpu         ] GC(2380) User=0.00s Sys=0.00s Real=0.01s
[3508.220s][info][gc,start       ] GC(2381) Pause Young (Allocation Failure)
[3508.226s][info][gc,heap        ] GC(2381) DefNew: 577075K->5698K(629120K)
[3508.226s][info][gc,heap        ] GC(2381) Tenured: 60639K->60778K(1398144K)
[3508.226s][info][gc,metaspace   ] GC(2381) Metaspace: 90987K(98224K)->90987K(98224K) NonClass: 79616K(83632K)->79616K(83632K) Class: 11370K(14592K)->11370K(14592K)
[3508.226s][info][gc             ] GC(2381) Pause Young (Allocation Failure) 622M->64M(1979M) 6.049ms
[3508.226s][info][gc,cpu         ] GC(2381) User=0.00s Sys=0.00s Real=0.01s
[3510.085s][info][gc,start       ] GC(2382) Pause Young (Allocation Failure)
[3510.094s][info][gc,heap        ] GC(2382) DefNew: 564930K->8088K(629120K)
[3510.094s][info][gc,heap        ] GC(2382) Tenured: 60778K->60944K(1398144K)
[3510.094s][info][gc,metaspace   ] GC(2382) Metaspace: 90987K(98224K)->90987K(98224K) NonClass: 79616K(83632K)->79616K(83632K) Class: 11370K(14592K)->11370K(14592K)
[3510.094s][info][gc             ] GC(2382) Pause Young (Allocation Failure) 611M->67M(1979M) 8.530ms
[3510.094s][info][gc,cpu         ] GC(2382) User=0.00s Sys=0.00s Real=0.01s
[3510.575s][info][gc,start       ] GC(2383) Pause Young (Allocation Failure)
[3510.582s][info][gc,heap        ] GC(2383) DefNew: 566270K->8022K(629120K)
[3510.582s][info][gc,heap        ] GC(2383) Tenured: 60944K->61059K(1398144K)
[3510.582s][info][gc,metaspace   ] GC(2383) Metaspace: 90987K(98224K)->90987K(98224K) NonClass: 79616K(83632K)->79616K(83632K) Class: 11370K(14592K)->11370K(14592K)
[3510.582s][info][gc             ] GC(2383) Pause Young (Allocation Failure) 612M->67M(1979M) 7.632ms
[3510.582s][info][gc,cpu         ] GC(2383) User=0.00s Sys=0.00s Real=0.01s
[3512.062s][info][gc,start       ] GC(2384) Pause Young (Allocation Failure)
[3512.070s][info][gc,heap        ] GC(2384) DefNew: 567258K->8094K(629120K)
[3512.070s][info][gc,heap        ] GC(2384) Tenured: 61059K->61191K(1398144K)
[3512.070s][info][gc,metaspace   ] GC(2384) Metaspace: 90987K(98224K)->90987K(98224K) NonClass: 79616K(83632K)->79616K(83632K) Class: 11370K(14592K)->11370K(14592K)
[3512.070s][info][gc             ] GC(2384) Pause Young (Allocation Failure) 613M->67M(1979M) 7.854ms
[3512.070s][info][gc,cpu         ] GC(2384) User=0.00s Sys=0.00s Real=0.01s
[3513.930s][info][gc,start       ] GC(2385) Pause Young (Allocation Failure)
[3513.939s][info][gc,heap        ] GC(2385) DefNew: 567326K->8610K(629120K)
[3513.939s][info][gc,heap        ] GC(2385) Tenured: 61191K->61338K(1398144K)
[3513.939s][info][gc,metaspace   ] GC(2385) Metaspace: 90987K(98224K)->90987K(98224K) NonClass: 79616K(83632K)->79616K(83632K) Class: 11370K(14592K)->11370K(14592K)
[3513.939s][info][gc             ] GC(2385) Pause Young (Allocation Failure) 613M->68M(1979M) 9.081ms
[3513.939s][info][gc,cpu         ] GC(2385) User=0.00s Sys=0.00s Real=0.01s
[3514.432s][info][gc,start       ] GC(2386) Pause Young (Allocation Failure)
[3514.438s][info][gc,heap        ] GC(2386) DefNew: 564020K->8359K(629120K)
[3514.438s][info][gc,heap        ] GC(2386) Tenured: 61338K->61524K(1398144K)
[3514.438s][info][gc,metaspace   ] GC(2386) Metaspace: 90987K(98224K)->90987K(98224K) NonClass: 79616K(83632K)->79616K(83632K) Class: 11370K(14592K)->11370K(14592K)
[3514.438s][info][gc             ] GC(2386) Pause Young (Allocation Failure) 610M->68M(1979M) 6.891ms
[3514.438s][info][gc,cpu         ] GC(2386) User=0.00s Sys=0.00s Real=0.01s
[3515.910s][info][gc,start       ] GC(2387) Pause Young (Allocation Failure)
[3515.917s][info][gc,heap        ] GC(2387) DefNew: 567591K->8665K(629120K)
[3515.917s][info][gc,heap        ] GC(2387) Tenured: 61524K->61643K(1398144K)
[3515.917s][info][gc,metaspace   ] GC(2387) Metaspace: 90987K(98224K)->90987K(98224K) NonClass: 79616K(83632K)->79616K(83632K) Class: 11370K(14592K)->11370K(14592K)
[3515.918s][info][gc             ] GC(2387) Pause Young (Allocation Failure) 614M->68M(1979M) 7.552ms
[3515.918s][info][gc,cpu         ] GC(2387) User=0.00s Sys=0.00s Real=0.01s
[3517.932s][info][gc,start       ] GC(2388) Pause Young (Allocation Failure)
[3517.943s][info][gc,heap        ] GC(2388) DefNew: 567897K->8339K(629120K)
[3517.943s][info][gc,heap        ] GC(2388) Tenured: 61643K->61727K(1398144K)
[3517.943s][info][gc,metaspace   ] GC(2388) Metaspace: 90987K(98224K)->90987K(98224K) NonClass: 79616K(83632K)->79616K(83632K) Class: 11370K(14592K)->11370K(14592K)
[3517.943s][info][gc             ] GC(2388) Pause Young (Allocation Failure) 614M->68M(1979M) 10.785ms
[3517.943s][info][gc,cpu         ] GC(2388) User=0.00s Sys=0.00s Real=0.01s
[3518.647s][info][gc,start       ] GC(2389) Pause Young (Allocation Failure)
[3518.656s][info][gc,heap        ] GC(2389) DefNew: 567571K->7437K(629120K)
[3518.656s][info][gc,heap        ] GC(2389) Tenured: 61727K->61914K(1398144K)
[3518.656s][info][gc,metaspace   ] GC(2389) Metaspace: 90988K(98224K)->90988K(98224K) NonClass: 79617K(83632K)->79617K(83632K) Class: 11370K(14592K)->11370K(14592K)
[3518.656s][info][gc             ] GC(2389) Pause Young (Allocation Failure) 614M->67M(1979M) 8.127ms
[3518.656s][info][gc,cpu         ] GC(2389) User=0.00s Sys=0.00s Real=0.01s
[3518.677s][info][gc,start       ] GC(2390) Pause Full (System.gc())
[3518.679s][info][gc,phases,start] GC(2390) Phase 1: Mark live objects
[3518.730s][info][gc,phases      ] GC(2390) Phase 1: Mark live objects 50.579ms
[3518.730s][info][gc,phases,start] GC(2390) Phase 2: Compute new object addresses
[3518.743s][info][gc,phases      ] GC(2390) Phase 2: Compute new object addresses 13.030ms
[3518.743s][info][gc,phases,start] GC(2390) Phase 3: Adjust pointers
[3518.774s][info][gc,phases      ] GC(2390) Phase 3: Adjust pointers 30.843ms
[3518.774s][info][gc,phases,start] GC(2390) Phase 4: Move objects
[3518.774s][info][gc,phases      ] GC(2390) Phase 4: Move objects 0.546ms
[3518.775s][info][gc,heap        ] GC(2390) DefNew: 36622K->0K(629120K)
[3518.775s][info][gc,heap        ] GC(2390) Tenured: 61914K->64395K(1398144K)
[3518.775s][info][gc,metaspace   ] GC(2390) Metaspace: 90988K(98224K)->90988K(98224K) NonClass: 79617K(83632K)->79617K(83632K) Class: 11370K(14592K)->11370K(14592K)
[3518.775s][info][gc             ] GC(2390) Pause Full (System.gc()) 96M->62M(1979M) 98.419ms
[3518.775s][info][gc,cpu         ] GC(2390) User=0.11s Sys=0.00s Real=0.10s
[3519.268s][info][gc,start       ] GC(2391) Pause Young (Allocation Failure)
[3519.271s][info][gc,heap        ] GC(2391) DefNew: 558382K->3058K(629120K)
[3519.271s][info][gc,heap        ] GC(2391) Tenured: 64395K->64395K(1398144K)
[3519.271s][info][gc,metaspace   ] GC(2391) Metaspace: 90988K(98224K)->90988K(98224K) NonClass: 79617K(83632K)->79617K(83632K) Class: 11370K(14592K)->11370K(14592K)
[3519.271s][info][gc             ] GC(2391) Pause Young (Allocation Failure) 608M->65M(1979M) 3.267ms
[3519.271s][info][gc,cpu         ] GC(2391) User=0.00s Sys=0.00s Real=0.00s
[3521.208s][info][gc,start       ] GC(2392) Pause Young (Allocation Failure)
[3521.213s][info][gc,heap        ] GC(2392) DefNew: 561241K->4382K(629120K)
[3521.213s][info][gc,heap        ] GC(2392) Tenured: 64395K->64395K(1398144K)
[3521.213s][info][gc,metaspace   ] GC(2392) Metaspace: 90988K(98224K)->90988K(98224K) NonClass: 79617K(83632K)->79617K(83632K) Class: 11370K(14592K)->11370K(14592K)
[3521.213s][info][gc             ] GC(2392) Pause Young (Allocation Failure) 610M->67M(1979M) 4.585ms
[3521.213s][info][gc,cpu         ] GC(2392) User=0.00s Sys=0.00s Real=0.00s
[3523.197s][info][gc,start       ] GC(2393) Pause Young (Allocation Failure)
[3523.203s][info][gc,heap        ] GC(2393) DefNew: 562656K->5041K(629120K)
[3523.203s][info][gc,heap        ] GC(2393) Tenured: 64395K->64395K(1398144K)
[3523.203s][info][gc,metaspace   ] GC(2393) Metaspace: 90988K(98224K)->90988K(98224K) NonClass: 79617K(83632K)->79617K(83632K) Class: 11370K(14592K)->11370K(14592K)
[3523.203s][info][gc             ] GC(2393) Pause Young (Allocation Failure) 612M->67M(1979M) 6.501ms
[3523.203s][info][gc,cpu         ] GC(2393) User=0.02s Sys=0.00s Real=0.01s
[3524.970s][info][gc,start       ] GC(2394) Pause Young (Allocation Failure)
[3524.977s][info][gc,heap        ] GC(2394) DefNew: 564273K->6715K(629120K)
[3524.978s][info][gc,heap        ] GC(2394) Tenured: 64395K->64395K(1398144K)
[3524.978s][info][gc,metaspace   ] GC(2394) Metaspace: 90988K(98224K)->90988K(98224K) NonClass: 79617K(83632K)->79617K(83632K) Class: 11370K(14592K)->11370K(14592K)
[3524.978s][info][gc             ] GC(2394) Pause Young (Allocation Failure) 613M->69M(1979M) 7.311ms
[3524.978s][info][gc,cpu         ] GC(2394) User=0.00s Sys=0.00s Real=0.01s
[3525.463s][info][gc,start       ] GC(2395) Pause Young (Allocation Failure)
[3525.470s][info][gc,heap        ] GC(2395) DefNew: 565798K->12351K(629120K)
[3525.470s][info][gc,heap        ] GC(2395) Tenured: 64395K->64395K(1398144K)
[3525.470s][info][gc,metaspace   ] GC(2395) Metaspace: 90988K(98224K)->90988K(98224K) NonClass: 79617K(83632K)->79617K(83632K) Class: 11370K(14592K)->11370K(14592K)
[3525.470s][info][gc             ] GC(2395) Pause Young (Allocation Failure) 615M->74M(1979M) 7.005ms
[3525.470s][info][gc,cpu         ] GC(2395) User=0.00s Sys=0.00s Real=0.01s
[3526.951s][info][gc,start       ] GC(2396) Pause Young (GCLocker Initiated GC)
[3526.958s][info][gc,heap        ] GC(2396) DefNew: 571583K->6360K(629120K)
[3526.958s][info][gc,heap        ] GC(2396) Tenured: 64395K->64395K(1398144K)
[3526.958s][info][gc,metaspace   ] GC(2396) Metaspace: 90988K(98224K)->90988K(98224K) NonClass: 79617K(83632K)->79617K(83632K) Class: 11370K(14592K)->11370K(14592K)
[3526.958s][info][gc             ] GC(2396) Pause Young (GCLocker Initiated GC) 621M->69M(1979M) 6.856ms
[3526.958s][info][gc,cpu         ] GC(2396) User=0.00s Sys=0.00s Real=0.01s
[3528.947s][info][gc,start       ] GC(2397) Pause Young (Allocation Failure)
[3528.952s][info][gc,heap        ] GC(2397) DefNew: 565592K->5262K(629120K)
[3528.953s][info][gc,heap        ] GC(2397) Tenured: 64395K->64395K(1398144K)
[3528.953s][info][gc,metaspace   ] GC(2397) Metaspace: 90988K(98224K)->90988K(98224K) NonClass: 79617K(83632K)->79617K(83632K) Class: 11370K(14592K)->11370K(14592K)
[3528.953s][info][gc             ] GC(2397) Pause Young (Allocation Failure) 615M->68M(1979M) 5.683ms
[3528.953s][info][gc,cpu         ] GC(2397) User=0.00s Sys=0.00s Real=0.01s
[3531.513s][info][gc,start       ] GC(2398) Pause Young (Allocation Failure)
[3531.519s][info][gc,heap        ] GC(2398) DefNew: 564494K->5963K(629120K)
[3531.519s][info][gc,heap        ] GC(2398) Tenured: 64395K->64395K(1398144K)
[3531.519s][info][gc,metaspace   ] GC(2398) Metaspace: 90988K(98224K)->90988K(98224K) NonClass: 79617K(83632K)->79617K(83632K) Class: 11370K(14592K)->11370K(14592K)
[3531.519s][info][gc             ] GC(2398) Pause Young (Allocation Failure) 614M->68M(1979M) 5.905ms
[3531.519s][info][gc,cpu         ] GC(2398) User=0.00s Sys=0.00s Real=0.01s
[3532.151s][info][gc,start       ] GC(2399) Pause Young (Allocation Failure)
[3532.159s][info][gc,heap        ] GC(2399) DefNew: 563751K->12197K(629120K)
[3532.159s][info][gc,heap        ] GC(2399) Tenured: 64395K->64395K(1398144K)
[3532.159s][info][gc,metaspace   ] GC(2399) Metaspace: 90988K(98224K)->90988K(98224K) NonClass: 79617K(83632K)->79617K(83632K) Class: 11370K(14592K)->11370K(14592K)
[3532.159s][info][gc             ] GC(2399) Pause Young (Allocation Failure) 613M->74M(1979M) 7.971ms
[3532.159s][info][gc,cpu         ] GC(2399) User=0.00s Sys=0.00s Real=0.01s
[3532.888s][info][gc,start       ] GC(2400) Pause Young (Allocation Failure)
[3532.894s][info][gc,heap        ] GC(2400) DefNew: 571429K->5253K(629120K)
[3532.894s][info][gc,heap        ] GC(2400) Tenured: 64395K->64395K(1398144K)
[3532.894s][info][gc,metaspace   ] GC(2400) Metaspace: 90988K(98224K)->90988K(98224K) NonClass: 79617K(83632K)->79617K(83632K) Class: 11370K(14592K)->11370K(14592K)
[3532.894s][info][gc             ] GC(2400) Pause Young (Allocation Failure) 620M->68M(1979M) 6.092ms
[3532.894s][info][gc,cpu         ] GC(2400) User=0.00s Sys=0.00s Real=0.01s
[3535.423s][info][gc,start       ] GC(2401) Pause Young (Allocation Failure)
[3535.430s][info][gc,heap        ] GC(2401) DefNew: 564485K->6852K(629120K)
[3535.430s][info][gc,heap        ] GC(2401) Tenured: 64395K->64395K(1398144K)
[3535.430s][info][gc,metaspace   ] GC(2401) Metaspace: 90988K(98224K)->90988K(98224K) NonClass: 79617K(83632K)->79617K(83632K) Class: 11370K(14592K)->11370K(14592K)
[3535.430s][info][gc             ] GC(2401) Pause Young (Allocation Failure) 614M->69M(1979M) 6.725ms
[3535.430s][info][gc,cpu         ] GC(2401) User=0.00s Sys=0.00s Real=0.01s
[3537.450s][info][gc,start       ] GC(2402) Pause Young (Allocation Failure)
[3537.457s][info][gc,heap        ] GC(2402) DefNew: 564820K->6315K(629120K)
[3537.457s][info][gc,heap        ] GC(2402) Tenured: 64395K->64395K(1398144K)
[3537.457s][info][gc,metaspace   ] GC(2402) Metaspace: 90988K(98224K)->90988K(98224K) NonClass: 79617K(83632K)->79617K(83632K) Class: 11370K(14592K)->11370K(14592K)
[3537.457s][info][gc             ] GC(2402) Pause Young (Allocation Failure) 614M->69M(1979M) 6.529ms
[3537.457s][info][gc,cpu         ] GC(2402) User=0.00s Sys=0.00s Real=0.01s
[3538.739s][info][gc,start       ] GC(2403) Pause Young (Allocation Failure)
[3538.758s][info][gc,heap        ] GC(2403) DefNew: 565547K->11752K(629120K)
[3538.758s][info][gc,heap        ] GC(2403) Tenured: 64395K->64395K(1398144K)
[3538.758s][info][gc,metaspace   ] GC(2403) Metaspace: 90988K(98224K)->90988K(98224K) NonClass: 79617K(83632K)->79617K(83632K) Class: 11370K(14592K)->11370K(14592K)
[3538.758s][info][gc             ] GC(2403) Pause Young (Allocation Failure) 615M->74M(1979M) 18.640ms
[3538.758s][info][gc,cpu         ] GC(2403) User=0.00s Sys=0.00s Real=0.02s
[3539.295s][info][gc,start       ] GC(2404) Pause Young (Allocation Failure)
[3539.302s][info][gc,heap        ] GC(2404) DefNew: 568105K->8542K(629120K)
[3539.302s][info][gc,heap        ] GC(2404) Tenured: 64395K->64395K(1398144K)
[3539.302s][info][gc,metaspace   ] GC(2404) Metaspace: 90988K(98224K)->90988K(98224K) NonClass: 79617K(83632K)->79617K(83632K) Class: 11370K(14592K)->11370K(14592K)
[3539.302s][info][gc             ] GC(2404) Pause Young (Allocation Failure) 617M->71M(1979M) 6.472ms
[3539.302s][info][gc,cpu         ] GC(2404) User=0.00s Sys=0.00s Real=0.01s
[3541.269s][info][gc,start       ] GC(2405) Pause Young (Allocation Failure)
[3541.276s][info][gc,heap        ] GC(2405) DefNew: 567774K->7784K(629120K)
[3541.276s][info][gc,heap        ] GC(2405) Tenured: 64395K->64395K(1398144K)
[3541.276s][info][gc,metaspace   ] GC(2405) Metaspace: 90988K(98224K)->90988K(98224K) NonClass: 79617K(83632K)->79617K(83632K) Class: 11370K(14592K)->11370K(14592K)
[3541.276s][info][gc             ] GC(2405) Pause Young (Allocation Failure) 617M->70M(1979M) 7.701ms
[3541.277s][info][gc,cpu         ] GC(2405) User=0.00s Sys=0.00s Real=0.01s
[3543.303s][info][gc,start       ] GC(2406) Pause Young (Allocation Failure)
[3543.310s][info][gc,heap        ] GC(2406) DefNew: 564864K->6292K(629120K)
[3543.310s][info][gc,heap        ] GC(2406) Tenured: 64395K->64859K(1398144K)
[3543.310s][info][gc,metaspace   ] GC(2406) Metaspace: 90988K(98224K)->90988K(98224K) NonClass: 79617K(83632K)->79617K(83632K) Class: 11370K(14592K)->11370K(14592K)
[3543.310s][info][gc             ] GC(2406) Pause Young (Allocation Failure) 614M->69M(1979M) 7.069ms
[3543.310s][info][gc,cpu         ] GC(2406) User=0.00s Sys=0.00s Real=0.01s
[3545.100s][info][gc,start       ] GC(2407) Pause Young (Allocation Failure)
[3545.112s][info][gc,heap        ] GC(2407) DefNew: 565524K->11392K(629120K)
[3545.112s][info][gc,heap        ] GC(2407) Tenured: 64859K->65048K(1398144K)
[3545.112s][info][gc,metaspace   ] GC(2407) Metaspace: 90988K(98224K)->90988K(98224K) NonClass: 79617K(83632K)->79617K(83632K) Class: 11370K(14592K)->11370K(14592K)
[3545.112s][info][gc             ] GC(2407) Pause Young (Allocation Failure) 615M->74M(1979M) 11.477ms
[3545.112s][info][gc,cpu         ] GC(2407) User=0.00s Sys=0.00s Real=0.01s
[3545.727s][info][gc,start       ] GC(2408) Pause Young (Allocation Failure)
[3545.735s][info][gc,heap        ] GC(2408) DefNew: 567473K->17294K(629120K)
[3545.735s][info][gc,heap        ] GC(2408) Tenured: 65048K->65249K(1398144K)
[3545.735s][info][gc,metaspace   ] GC(2408) Metaspace: 90988K(98224K)->90988K(98224K) NonClass: 79617K(83632K)->79617K(83632K) Class: 11370K(14592K)->11370K(14592K)
[3545.735s][info][gc             ] GC(2408) Pause Young (Allocation Failure) 617M->80M(1979M) 8.267ms
[3545.735s][info][gc,cpu         ] GC(2408) User=0.00s Sys=0.00s Real=0.01s
[3547.118s][info][gc,start       ] GC(2409) Pause Young (GCLocker Initiated GC)
[3547.126s][info][gc,heap        ] GC(2409) DefNew: 576623K->7969K(629120K)
[3547.126s][info][gc,heap        ] GC(2409) Tenured: 65249K->65398K(1398144K)
[3547.126s][info][gc,metaspace   ] GC(2409) Metaspace: 90988K(98224K)->90988K(98224K) NonClass: 79617K(83632K)->79617K(83632K) Class: 11370K(14592K)->11370K(14592K)
[3547.126s][info][gc             ] GC(2409) Pause Young (GCLocker Initiated GC) 626M->71M(1979M) 8.061ms
[3547.126s][info][gc,cpu         ] GC(2409) User=0.00s Sys=0.00s Real=0.01s
[3549.034s][info][gc,start       ] GC(2410) Pause Young (Allocation Failure)
[3549.043s][info][gc,heap        ] GC(2410) DefNew: 566526K->7727K(629120K)
[3549.043s][info][gc,heap        ] GC(2410) Tenured: 65398K->65478K(1398144K)
[3549.043s][info][gc,metaspace   ] GC(2410) Metaspace: 90988K(98224K)->90988K(98224K) NonClass: 79617K(83632K)->79617K(83632K) Class: 11370K(14592K)->11370K(14592K)
[3549.043s][info][gc             ] GC(2410) Pause Young (Allocation Failure) 617M->71M(1979M) 8.154ms
[3549.043s][info][gc,cpu         ] GC(2410) User=0.00s Sys=0.00s Real=0.01s
[3549.545s][info][gc,start       ] GC(2411) Pause Young (Allocation Failure)
[3549.554s][info][gc,heap        ] GC(2411) DefNew: 566271K->17974K(629120K)
[3549.554s][info][gc,heap        ] GC(2411) Tenured: 65478K->65714K(1398144K)
[3549.554s][info][gc,metaspace   ] GC(2411) Metaspace: 90988K(98224K)->90988K(98224K) NonClass: 79617K(83632K)->79617K(83632K) Class: 11370K(14592K)->11370K(14592K)
[3549.554s][info][gc             ] GC(2411) Pause Young (Allocation Failure) 616M->81M(1979M) 8.958ms
[3549.554s][info][gc,cpu         ] GC(2411) User=0.00s Sys=0.00s Real=0.01s
[3551.043s][info][gc,start       ] GC(2412) Pause Young (Allocation Failure)
[3551.050s][info][gc,heap        ] GC(2412) DefNew: 577206K->6113K(629120K)
[3551.050s][info][gc,heap        ] GC(2412) Tenured: 65714K->65853K(1398144K)
[3551.050s][info][gc,metaspace   ] GC(2412) Metaspace: 90988K(98224K)->90988K(98224K) NonClass: 79617K(83632K)->79617K(83632K) Class: 11370K(14592K)->11370K(14592K)
[3551.050s][info][gc             ] GC(2412) Pause Young (Allocation Failure) 627M->70M(1979M) 6.983ms
[3551.050s][info][gc,cpu         ] GC(2412) User=0.00s Sys=0.00s Real=0.01s
[3552.970s][info][gc,start       ] GC(2413) Pause Young (Allocation Failure)
[3552.980s][info][gc,heap        ] GC(2413) DefNew: 565345K->8164K(629120K)
[3552.980s][info][gc,heap        ] GC(2413) Tenured: 65853K->66019K(1398144K)
[3552.980s][info][gc,metaspace   ] GC(2413) Metaspace: 90988K(98224K)->90988K(98224K) NonClass: 79617K(83632K)->79617K(83632K) Class: 11370K(14592K)->11370K(14592K)
[3552.980s][info][gc             ] GC(2413) Pause Young (Allocation Failure) 616M->72M(1979M) 9.537ms
[3552.980s][info][gc,cpu         ] GC(2413) User=0.00s Sys=0.00s Real=0.01s
[3553.454s][info][gc,start       ] GC(2414) Pause Young (Allocation Failure)
[3553.462s][info][gc,heap        ] GC(2414) DefNew: 567389K->8372K(629120K)
[3553.463s][info][gc,heap        ] GC(2414) Tenured: 66019K->66137K(1398144K)
[3553.463s][info][gc,metaspace   ] GC(2414) Metaspace: 90988K(98224K)->90988K(98224K) NonClass: 79617K(83632K)->79617K(83632K) Class: 11370K(14592K)->11370K(14592K)
[3553.463s][info][gc             ] GC(2414) Pause Young (Allocation Failure) 618M->72M(1979M) 8.115ms
[3553.463s][info][gc,cpu         ] GC(2414) User=0.00s Sys=0.00s Real=0.01s
[3555.010s][info][gc,start       ] GC(2415) Pause Young (Allocation Failure)
[3555.019s][info][gc,heap        ] GC(2415) DefNew: 567586K->8492K(629120K)
[3555.020s][info][gc,heap        ] GC(2415) Tenured: 66137K->66266K(1398144K)
[3555.020s][info][gc,metaspace   ] GC(2415) Metaspace: 90988K(98224K)->90988K(98224K) NonClass: 79617K(83632K)->79617K(83632K) Class: 11370K(14592K)->11370K(14592K)
[3555.020s][info][gc             ] GC(2415) Pause Young (Allocation Failure) 618M->73M(1979M) 9.163ms
[3555.020s][info][gc,cpu         ] GC(2415) User=0.00s Sys=0.00s Real=0.01s
[3556.789s][info][gc,start       ] GC(2416) Pause Young (Allocation Failure)
[3556.798s][info][gc,heap        ] GC(2416) DefNew: 567724K->8557K(629120K)
[3556.798s][info][gc,heap        ] GC(2416) Tenured: 66266K->66409K(1398144K)
[3556.798s][info][gc,metaspace   ] GC(2416) Metaspace: 90988K(98224K)->90988K(98224K) NonClass: 79617K(83632K)->79617K(83632K) Class: 11370K(14592K)->11370K(14592K)
[3556.798s][info][gc             ] GC(2416) Pause Young (Allocation Failure) 619M->73M(1979M) 9.302ms
[3556.798s][info][gc,cpu         ] GC(2416) User=0.00s Sys=0.00s Real=0.01s
[3557.279s][info][gc,start       ] GC(2417) Pause Young (Allocation Failure)
[3557.286s][info][gc,heap        ] GC(2417) DefNew: 565592K->8824K(629120K)
[3557.286s][info][gc,heap        ] GC(2417) Tenured: 66409K->66598K(1398144K)
[3557.286s][info][gc,metaspace   ] GC(2417) Metaspace: 90988K(98224K)->90988K(98224K) NonClass: 79617K(83632K)->79617K(83632K) Class: 11370K(14592K)->11370K(14592K)
[3557.286s][info][gc             ] GC(2417) Pause Young (Allocation Failure) 617M->73M(1979M) 7.432ms
[3557.286s][info][gc,cpu         ] GC(2417) User=0.00s Sys=0.00s Real=0.01s
[3558.826s][info][gc,start       ] GC(2418) Pause Young (Allocation Failure)
[3558.832s][info][gc,heap        ] GC(2418) DefNew: 566932K->5676K(629120K)
[3558.832s][info][gc,heap        ] GC(2418) Tenured: 66598K->66717K(1398144K)
[3558.832s][info][gc,metaspace   ] GC(2418) Metaspace: 90988K(98224K)->90988K(98224K) NonClass: 79617K(83632K)->79617K(83632K) Class: 11370K(14592K)->11370K(14592K)
[3558.832s][info][gc             ] GC(2418) Pause Young (Allocation Failure) 618M->70M(1979M) 6.504ms
[3558.832s][info][gc,cpu         ] GC(2418) User=0.00s Sys=0.00s Real=0.01s
[3560.691s][info][gc,start       ] GC(2419) Pause Young (Allocation Failure)
[3560.702s][info][gc,heap        ] GC(2419) DefNew: 564908K->8637K(629120K)
[3560.702s][info][gc,heap        ] GC(2419) Tenured: 66717K->66804K(1398144K)
[3560.702s][info][gc,metaspace   ] GC(2419) Metaspace: 90988K(98224K)->90988K(98224K) NonClass: 79617K(83632K)->79617K(83632K) Class: 11370K(14592K)->11370K(14592K)
[3560.702s][info][gc             ] GC(2419) Pause Young (Allocation Failure) 616M->73M(1979M) 10.445ms
[3560.702s][info][gc,cpu         ] GC(2419) User=0.00s Sys=0.00s Real=0.01s
[3561.415s][info][gc,start       ] GC(2420) Pause Young (Allocation Failure)
[3561.424s][info][gc,heap        ] GC(2420) DefNew: 567869K->7521K(629120K)
[3561.424s][info][gc,heap        ] GC(2420) Tenured: 66804K->66995K(1398144K)
[3561.424s][info][gc,metaspace   ] GC(2420) Metaspace: 90988K(98224K)->90988K(98224K) NonClass: 79617K(83632K)->79617K(83632K) Class: 11370K(14592K)->11370K(14592K)
[3561.424s][info][gc             ] GC(2420) Pause Young (Allocation Failure) 619M->72M(1979M) 9.136ms
[3561.424s][info][gc,cpu         ] GC(2420) User=0.00s Sys=0.00s Real=0.01s
[3561.431s][info][gc,start       ] GC(2421) Pause Full (System.gc())
[3561.436s][info][gc,phases,start] GC(2421) Phase 1: Mark live objects
[3561.488s][info][gc,phases      ] GC(2421) Phase 1: Mark live objects 52.063ms
[3561.488s][info][gc,phases,start] GC(2421) Phase 2: Compute new object addresses
[3561.500s][info][gc,phases      ] GC(2421) Phase 2: Compute new object addresses 12.316ms
[3561.500s][info][gc,phases,start] GC(2421) Phase 3: Adjust pointers
[3561.532s][info][gc,phases      ] GC(2421) Phase 3: Adjust pointers 31.529ms
[3561.532s][info][gc,phases,start] GC(2421) Phase 4: Move objects
[3561.533s][info][gc,phases      ] GC(2421) Phase 4: Move objects 1.225ms
[3561.534s][info][gc,heap        ] GC(2421) DefNew: 27468K->0K(629120K)
[3561.534s][info][gc,heap        ] GC(2421) Tenured: 66995K->72308K(1398144K)
[3561.534s][info][gc,metaspace   ] GC(2421) Metaspace: 90988K(98224K)->90988K(98224K) NonClass: 79617K(83632K)->79617K(83632K) Class: 11370K(14592K)->11370K(14592K)
[3561.534s][info][gc             ] GC(2421) Pause Full (System.gc()) 92M->70M(1979M) 102.609ms
[3561.534s][info][gc,cpu         ] GC(2421) User=0.09s Sys=0.00s Real=0.10s
[3562.033s][info][gc,start       ] GC(2422) Pause Young (Allocation Failure)
[3562.037s][info][gc,heap        ] GC(2422) DefNew: 558459K->3059K(629120K)
[3562.037s][info][gc,heap        ] GC(2422) Tenured: 72308K->72308K(1398144K)
[3562.037s][info][gc,metaspace   ] GC(2422) Metaspace: 90988K(98224K)->90988K(98224K) NonClass: 79617K(83632K)->79617K(83632K) Class: 11370K(14592K)->11370K(14592K)
[3562.037s][info][gc             ] GC(2422) Pause Young (Allocation Failure) 615M->73M(1979M) 4.197ms
[3562.037s][info][gc,cpu         ] GC(2422) User=0.00s Sys=0.00s Real=0.00s
[3564.009s][info][gc,start       ] GC(2423) Pause Young (Allocation Failure)
[3564.014s][info][gc,heap        ] GC(2423) DefNew: 560619K->4422K(629120K)
[3564.014s][info][gc,heap        ] GC(2423) Tenured: 72308K->72308K(1398144K)
[3564.014s][info][gc,metaspace   ] GC(2423) Metaspace: 90988K(98224K)->90988K(98224K) NonClass: 79617K(83632K)->79617K(83632K) Class: 11370K(14592K)->11370K(14592K)
[3564.014s][info][gc             ] GC(2423) Pause Young (Allocation Failure) 618M->74M(1979M) 4.726ms
[3564.014s][info][gc,cpu         ] GC(2423) User=0.00s Sys=0.00s Real=0.01s
[3566.002s][info][gc,start       ] GC(2424) Pause Young (Allocation Failure)
[3566.007s][info][gc,heap        ] GC(2424) DefNew: 563654K->4905K(629120K)
[3566.007s][info][gc,heap        ] GC(2424) Tenured: 72308K->72308K(1398144K)
[3566.007s][info][gc,metaspace   ] GC(2424) Metaspace: 90988K(98224K)->90988K(98224K) NonClass: 79617K(83632K)->79617K(83632K) Class: 11370K(14592K)->11370K(14592K)
[3566.007s][info][gc             ] GC(2424) Pause Young (Allocation Failure) 621M->75M(1979M) 5.323ms
[3566.007s][info][gc,cpu         ] GC(2424) User=0.00s Sys=0.00s Real=0.01s
[3567.733s][info][gc,start       ] GC(2425) Pause Young (Allocation Failure)
[3567.742s][info][gc,heap        ] GC(2425) DefNew: 564137K->7203K(629120K)
[3567.742s][info][gc,heap        ] GC(2425) Tenured: 72308K->72308K(1398144K)
[3567.742s][info][gc,metaspace   ] GC(2425) Metaspace: 90988K(98224K)->90988K(98224K) NonClass: 79617K(83632K)->79617K(83632K) Class: 11370K(14592K)->11370K(14592K)
[3567.742s][info][gc             ] GC(2425) Pause Young (Allocation Failure) 621M->77M(1979M) 9.415ms
[3567.742s][info][gc,cpu         ] GC(2425) User=0.00s Sys=0.00s Real=0.01s
[3568.220s][info][gc,start       ] GC(2426) Pause Young (Allocation Failure)
[3568.226s][info][gc,heap        ] GC(2426) DefNew: 566054K->7620K(629120K)
[3568.226s][info][gc,heap        ] GC(2426) Tenured: 72308K->72308K(1398144K)
[3568.226s][info][gc,metaspace   ] GC(2426) Metaspace: 90988K(98224K)->90988K(98224K) NonClass: 79617K(83632K)->79617K(83632K) Class: 11370K(14592K)->11370K(14592K)
[3568.226s][info][gc             ] GC(2426) Pause Young (Allocation Failure) 623M->78M(1979M) 6.243ms
[3568.226s][info][gc,cpu         ] GC(2426) User=0.00s Sys=0.00s Real=0.01s
[3569.675s][info][gc,start       ] GC(2427) Pause Young (Allocation Failure)
[3569.681s][info][gc,heap        ] GC(2427) DefNew: 566852K->6603K(629120K)
[3569.681s][info][gc,heap        ] GC(2427) Tenured: 72308K->72308K(1398144K)
[3569.681s][info][gc,metaspace   ] GC(2427) Metaspace: 90988K(98224K)->90988K(98224K) NonClass: 79617K(83632K)->79617K(83632K) Class: 11370K(14592K)->11370K(14592K)
[3569.681s][info][gc             ] GC(2427) Pause Young (Allocation Failure) 624M->77M(1979M) 6.532ms
[3569.681s][info][gc,cpu         ] GC(2427) User=0.00s Sys=0.00s Real=0.01s
[3571.668s][info][gc,start       ] GC(2428) Pause Young (Allocation Failure)
[3571.673s][info][gc,heap        ] GC(2428) DefNew: 565835K->5473K(629120K)
[3571.673s][info][gc,heap        ] GC(2428) Tenured: 72308K->72308K(1398144K)
[3571.673s][info][gc,metaspace   ] GC(2428) Metaspace: 90988K(98224K)->90988K(98224K) NonClass: 79617K(83632K)->79617K(83632K) Class: 11370K(14592K)->11370K(14592K)
[3571.673s][info][gc             ] GC(2428) Pause Young (Allocation Failure) 623M->75M(1979M) 5.575ms
[3571.673s][info][gc,cpu         ] GC(2428) User=0.00s Sys=0.00s Real=0.01s
[3574.209s][info][gc,start       ] GC(2429) Pause Young (Allocation Failure)
[3574.215s][info][gc,heap        ] GC(2429) DefNew: 564705K->5787K(629120K)
[3574.215s][info][gc,heap        ] GC(2429) Tenured: 72308K->72308K(1398144K)
[3574.215s][info][gc,metaspace   ] GC(2429) Metaspace: 90988K(98224K)->90988K(98224K) NonClass: 79617K(83632K)->79617K(83632K) Class: 11370K(14592K)->11370K(14592K)
[3574.215s][info][gc             ] GC(2429) Pause Young (Allocation Failure) 622M->76M(1979M) 6.155ms
[3574.215s][info][gc,cpu         ] GC(2429) User=0.00s Sys=0.00s Real=0.01s
[3574.863s][info][gc,start       ] GC(2430) Pause Young (Allocation Failure)
[3574.872s][info][gc,heap        ] GC(2430) DefNew: 565019K->12197K(629120K)
[3574.872s][info][gc,heap        ] GC(2430) Tenured: 72308K->72308K(1398144K)
[3574.872s][info][gc,metaspace   ] GC(2430) Metaspace: 90988K(98224K)->90988K(98224K) NonClass: 79617K(83632K)->79617K(83632K) Class: 11370K(14592K)->11370K(14592K)
[3574.872s][info][gc             ] GC(2430) Pause Young (Allocation Failure) 622M->82M(1979M) 8.400ms
[3574.872s][info][gc,cpu         ] GC(2430) User=0.00s Sys=0.00s Real=0.01s
[3575.591s][info][gc,start       ] GC(2431) Pause Young (Allocation Failure)
[3575.596s][info][gc,heap        ] GC(2431) DefNew: 571429K->5028K(629120K)
[3575.596s][info][gc,heap        ] GC(2431) Tenured: 72308K->72308K(1398144K)
[3575.596s][info][gc,metaspace   ] GC(2431) Metaspace: 90988K(98224K)->90988K(98224K) NonClass: 79617K(83632K)->79617K(83632K) Class: 11370K(14592K)->11370K(14592K)
[3575.596s][info][gc             ] GC(2431) Pause Young (Allocation Failure) 628M->75M(1979M) 5.529ms
[3575.596s][info][gc,cpu         ] GC(2431) User=0.00s Sys=0.00s Real=0.01s
[3578.069s][info][gc,start       ] GC(2432) Pause Young (Allocation Failure)
[3578.074s][info][gc,heap        ] GC(2432) DefNew: 560270K->6188K(629120K)
[3578.074s][info][gc,heap        ] GC(2432) Tenured: 72308K->72308K(1398144K)
[3578.074s][info][gc,metaspace   ] GC(2432) Metaspace: 90988K(98224K)->90988K(98224K) NonClass: 79617K(83632K)->79617K(83632K) Class: 11370K(14592K)->11370K(14592K)
[3578.074s][info][gc             ] GC(2432) Pause Young (Allocation Failure) 617M->76M(1979M) 5.682ms
[3578.075s][info][gc,cpu         ] GC(2432) User=0.00s Sys=0.00s Real=0.01s
[3580.024s][info][gc,start       ] GC(2433) Pause Young (Allocation Failure)
[3580.032s][info][gc,heap        ] GC(2433) DefNew: 564579K->6609K(629120K)
[3580.032s][info][gc,heap        ] GC(2433) Tenured: 72308K->72308K(1398144K)
[3580.032s][info][gc,metaspace   ] GC(2433) Metaspace: 90988K(98224K)->90988K(98224K) NonClass: 79617K(83632K)->79617K(83632K) Class: 11370K(14592K)->11370K(14592K)
[3580.032s][info][gc             ] GC(2433) Pause Young (Allocation Failure) 621M->77M(1979M) 7.918ms
[3580.032s][info][gc,cpu         ] GC(2433) User=0.00s Sys=0.00s Real=0.01s
[3581.379s][info][gc,start       ] GC(2434) Pause Young (Allocation Failure)
[3581.397s][info][gc,heap        ] GC(2434) DefNew: 565841K->11615K(629120K)
[3581.397s][info][gc,heap        ] GC(2434) Tenured: 72308K->72308K(1398144K)
[3581.397s][info][gc,metaspace   ] GC(2434) Metaspace: 90988K(98224K)->90988K(98224K) NonClass: 79617K(83632K)->79617K(83632K) Class: 11370K(14592K)->11370K(14592K)
[3581.397s][info][gc             ] GC(2434) Pause Young (Allocation Failure) 623M->81M(1979M) 17.439ms
[3581.397s][info][gc,cpu         ] GC(2434) User=0.00s Sys=0.00s Real=0.02s
[3581.831s][info][gc,start       ] GC(2435) Pause Young (Allocation Failure)
[3581.839s][info][gc,heap        ] GC(2435) DefNew: 570153K->8850K(629120K)
[3581.839s][info][gc,heap        ] GC(2435) Tenured: 72308K->72308K(1398144K)
[3581.839s][info][gc,metaspace   ] GC(2435) Metaspace: 90988K(98224K)->90988K(98224K) NonClass: 79617K(83632K)->79617K(83632K) Class: 11370K(14592K)->11370K(14592K)
[3581.839s][info][gc             ] GC(2435) Pause Young (Allocation Failure) 627M->79M(1979M) 7.971ms
[3581.839s][info][gc,cpu         ] GC(2435) User=0.00s Sys=0.00s Real=0.01s
[3583.888s][info][gc,start       ] GC(2436) Pause Young (Allocation Failure)
[3583.895s][info][gc,heap        ] GC(2436) DefNew: 568082K->6721K(629120K)
[3583.895s][info][gc,heap        ] GC(2436) Tenured: 72308K->72308K(1398144K)
[3583.895s][info][gc,metaspace   ] GC(2436) Metaspace: 90988K(98224K)->90988K(98224K) NonClass: 79617K(83632K)->79617K(83632K) Class: 11370K(14592K)->11370K(14592K)
[3583.895s][info][gc             ] GC(2436) Pause Young (Allocation Failure) 625M->77M(1979M) 7.142ms
[3583.895s][info][gc,cpu         ] GC(2436) User=0.00s Sys=0.00s Real=0.01s
[3585.937s][info][gc,start       ] GC(2437) Pause Young (Allocation Failure)
[3585.944s][info][gc,heap        ] GC(2437) DefNew: 565953K->6354K(629120K)
[3585.944s][info][gc,heap        ] GC(2437) Tenured: 72308K->72781K(1398144K)
[3585.944s][info][gc,metaspace   ] GC(2437) Metaspace: 90988K(98224K)->90988K(98224K) NonClass: 79617K(83632K)->79617K(83632K) Class: 11370K(14592K)->11370K(14592K)
[3585.944s][info][gc             ] GC(2437) Pause Young (Allocation Failure) 623M->77M(1979M) 7.260ms
[3585.944s][info][gc,cpu         ] GC(2437) User=0.00s Sys=0.00s Real=0.01s
[3587.785s][info][gc,start       ] GC(2438) Pause Young (Allocation Failure)
[3587.795s][info][gc,heap        ] GC(2438) DefNew: 565586K->9417K(629120K)
[3587.795s][info][gc,heap        ] GC(2438) Tenured: 72781K->72994K(1398144K)
[3587.795s][info][gc,metaspace   ] GC(2438) Metaspace: 90988K(98224K)->90988K(98224K) NonClass: 79617K(83632K)->79617K(83632K) Class: 11370K(14592K)->11370K(14592K)
[3587.795s][info][gc             ] GC(2438) Pause Young (Allocation Failure) 623M->80M(1979M) 9.994ms
[3587.795s][info][gc,cpu         ] GC(2438) User=0.00s Sys=0.00s Real=0.01s
[3588.417s][info][gc,start       ] GC(2439) Pause Young (Allocation Failure)
[3588.425s][info][gc,heap        ] GC(2439) DefNew: 565779K->13109K(629120K)
[3588.425s][info][gc,heap        ] GC(2439) Tenured: 72994K->73181K(1398144K)
[3588.425s][info][gc,metaspace   ] GC(2439) Metaspace: 90988K(98224K)->90988K(98224K) NonClass: 79617K(83632K)->79617K(83632K) Class: 11370K(14592K)->11370K(14592K)
[3588.425s][info][gc             ] GC(2439) Pause Young (Allocation Failure) 623M->84M(1979M) 8.036ms
[3588.425s][info][gc,cpu         ] GC(2439) User=0.00s Sys=0.00s Real=0.01s
[3589.810s][info][gc,start       ] GC(2440) Pause Young (Allocation Failure)
[3589.818s][info][gc,heap        ] GC(2440) DefNew: 572341K->9509K(629120K)
[3589.818s][info][gc,heap        ] GC(2440) Tenured: 73181K->73333K(1398144K)
[3589.818s][info][gc,metaspace   ] GC(2440) Metaspace: 90988K(98224K)->90988K(98224K) NonClass: 79617K(83632K)->79617K(83632K) Class: 11370K(14592K)->11370K(14592K)
[3589.818s][info][gc             ] GC(2440) Pause Young (Allocation Failure) 630M->80M(1979M) 8.260ms
[3589.818s][info][gc,cpu         ] GC(2440) User=0.00s Sys=0.00s Real=0.01s
[3591.715s][info][gc,start       ] GC(2441) Pause Young (Allocation Failure)
[3591.723s][info][gc,heap        ] GC(2441) DefNew: 568741K->7843K(629120K)
[3591.723s][info][gc,heap        ] GC(2441) Tenured: 73333K->73399K(1398144K)
[3591.723s][info][gc,metaspace   ] GC(2441) Metaspace: 90988K(98224K)->90988K(98224K) NonClass: 79617K(83632K)->79617K(83632K) Class: 11370K(14592K)->11370K(14592K)
[3591.723s][info][gc             ] GC(2441) Pause Young (Allocation Failure) 627M->79M(1979M) 8.565ms
[3591.723s][info][gc,cpu         ] GC(2441) User=0.00s Sys=0.00s Real=0.01s
[3592.253s][info][gc,start       ] GC(2442) Pause Young (Allocation Failure)
[3592.260s][info][gc,heap        ] GC(2442) DefNew: 566020K->9135K(629120K)
[3592.260s][info][gc,heap        ] GC(2442) Tenured: 73399K->73580K(1398144K)
[3592.260s][info][gc,metaspace   ] GC(2442) Metaspace: 90988K(98224K)->90988K(98224K) NonClass: 79617K(83632K)->79617K(83632K) Class: 11370K(14592K)->11370K(14592K)
[3592.260s][info][gc             ] GC(2442) Pause Young (Allocation Failure) 624M->80M(1979M) 7.193ms
[3592.260s][info][gc,cpu         ] GC(2442) User=0.00s Sys=0.00s Real=0.01s
[3593.808s][info][gc,start       ] GC(2443) Pause Young (Allocation Failure)
[3593.814s][info][gc,heap        ] GC(2443) DefNew: 568367K->5727K(629120K)
[3593.814s][info][gc,heap        ] GC(2443) Tenured: 73580K->73716K(1398144K)
[3593.814s][info][gc,metaspace   ] GC(2443) Metaspace: 90988K(98224K)->90988K(98224K) NonClass: 79617K(83632K)->79617K(83632K) Class: 11370K(14592K)->11370K(14592K)
[3593.814s][info][gc             ] GC(2443) Pause Young (Allocation Failure) 626M->77M(1979M) 6.154ms
[3593.814s][info][gc,cpu         ] GC(2443) User=0.00s Sys=0.00s Real=0.01s
[3595.710s][info][gc,start       ] GC(2444) Pause Young (Allocation Failure)
[3595.719s][info][gc,heap        ] GC(2444) DefNew: 564959K->7911K(629120K)
[3595.719s][info][gc,heap        ] GC(2444) Tenured: 73716K->73880K(1398144K)
[3595.719s][info][gc,metaspace   ] GC(2444) Metaspace: 90988K(98224K)->90988K(98224K) NonClass: 79617K(83632K)->79617K(83632K) Class: 11370K(14592K)->11370K(14592K)
[3595.719s][info][gc             ] GC(2444) Pause Young (Allocation Failure) 623M->79M(1979M) 8.515ms
[3595.719s][info][gc,cpu         ] GC(2444) User=0.00s Sys=0.00s Real=0.01s
[3596.173s][info][gc,start       ] GC(2445) Pause Young (Allocation Failure)
[3596.181s][info][gc,heap        ] GC(2445) DefNew: 565716K->12986K(629120K)
[3596.181s][info][gc,heap        ] GC(2445) Tenured: 73880K->73996K(1398144K)
[3596.181s][info][gc,metaspace   ] GC(2445) Metaspace: 90988K(98224K)->90988K(98224K) NonClass: 79617K(83632K)->79617K(83632K) Class: 11370K(14592K)->11370K(14592K)
[3596.181s][info][gc             ] GC(2445) Pause Young (Allocation Failure) 624M->84M(1979M) 8.377ms
[3596.182s][info][gc,cpu         ] GC(2445) User=0.02s Sys=0.00s Real=0.01s
[3597.684s][info][gc,start       ] GC(2446) Pause Young (GCLocker Initiated GC)
[3597.691s][info][gc,heap        ] GC(2446) DefNew: 572314K->8218K(629120K)
[3597.691s][info][gc,heap        ] GC(2446) Tenured: 73996K->74119K(1398144K)
[3597.691s][info][gc,metaspace   ] GC(2446) Metaspace: 90988K(98224K)->90988K(98224K) NonClass: 79617K(83632K)->79617K(83632K) Class: 11370K(14592K)->11370K(14592K)
[3597.691s][info][gc             ] GC(2446) Pause Young (GCLocker Initiated GC) 631M->80M(1979M) 7.569ms
[3597.691s][info][gc,cpu         ] GC(2446) User=0.00s Sys=0.00s Real=0.01s
[3599.447s][info][gc,start       ] GC(2447) Pause Young (Allocation Failure)
[3599.456s][info][gc,heap        ] GC(2447) DefNew: 567450K->8652K(629120K)
[3599.456s][info][gc,heap        ] GC(2447) Tenured: 74119K->74267K(1398144K)
[3599.456s][info][gc,metaspace   ] GC(2447) Metaspace: 90988K(98224K)->90988K(98224K) NonClass: 79617K(83632K)->79617K(83632K) Class: 11370K(14592K)->11370K(14592K)
[3599.456s][info][gc             ] GC(2447) Pause Young (Allocation Failure) 626M->80M(1979M) 9.491ms
[3599.456s][info][gc,cpu         ] GC(2447) User=0.00s Sys=0.00s Real=0.01s
[3599.927s][info][gc,start       ] GC(2448) Pause Young (Allocation Failure)
[3599.935s][info][gc,heap        ] GC(2448) DefNew: 567844K->9016K(629120K)
[3599.935s][info][gc,heap        ] GC(2448) Tenured: 74267K->74449K(1398144K)
[3599.935s][info][gc,metaspace   ] GC(2448) Metaspace: 90988K(98224K)->90988K(98224K) NonClass: 79617K(83632K)->79617K(83632K) Class: 11370K(14592K)->11370K(14592K)
[3599.935s][info][gc             ] GC(2448) Pause Young (Allocation Failure) 627M->81M(1979M) 7.902ms
[3599.935s][info][gc,cpu         ] GC(2448) User=0.00s Sys=0.00s Real=0.01s
[3601.506s][info][gc,start       ] GC(2449) Pause Young (Allocation Failure)
[3601.513s][info][gc,heap        ] GC(2449) DefNew: 568248K->5956K(629120K)
[3601.513s][info][gc,heap        ] GC(2449) Tenured: 74449K->74574K(1398144K)
[3601.513s][info][gc,metaspace   ] GC(2449) Metaspace: 90988K(98224K)->90988K(98224K) NonClass: 79617K(83632K)->79617K(83632K) Class: 11370K(14592K)->11370K(14592K)
[3601.513s][info][gc             ] GC(2449) Pause Young (Allocation Failure) 627M->78M(1979M) 7.603ms
[3601.513s][info][gc,cpu         ] GC(2449) User=0.00s Sys=0.00s Real=0.01s
[3603.333s][info][gc,start       ] GC(2450) Pause Young (Allocation Failure)
[3603.345s][info][gc,heap        ] GC(2450) DefNew: 565188K->8881K(629120K)
[3603.345s][info][gc,heap        ] GC(2450) Tenured: 74574K->74652K(1398144K)
[3603.345s][info][gc,metaspace   ] GC(2450) Metaspace: 90988K(98224K)->90988K(98224K) NonClass: 79617K(83632K)->79617K(83632K) Class: 11370K(14592K)->11370K(14592K)
[3603.345s][info][gc             ] GC(2450) Pause Young (Allocation Failure) 624M->81M(1979M) 12.222ms
[3603.346s][info][gc,cpu         ] GC(2450) User=0.00s Sys=0.00s Real=0.01s
[3604.014s][info][gc,start       ] GC(2451) Pause Young (Allocation Failure)
[3604.022s][info][gc,heap        ] GC(2451) DefNew: 568113K->7319K(629120K)
[3604.022s][info][gc,heap        ] GC(2451) Tenured: 74652K->74846K(1398144K)
[3604.022s][info][gc,metaspace   ] GC(2451) Metaspace: 90988K(98224K)->90988K(98224K) NonClass: 79617K(83632K)->79617K(83632K) Class: 11370K(14592K)->11370K(14592K)
[3604.022s][info][gc             ] GC(2451) Pause Young (Allocation Failure) 627M->80M(1979M) 8.014ms
[3604.022s][info][gc,cpu         ] GC(2451) User=0.00s Sys=0.00s Real=0.01s
[3604.025s][info][gc,start       ] GC(2452) Pause Full (System.gc())
[3604.029s][info][gc,phases,start] GC(2452) Phase 1: Mark live objects
[3604.082s][info][gc,phases      ] GC(2452) Phase 1: Mark live objects 52.930ms
[3604.082s][info][gc,phases,start] GC(2452) Phase 2: Compute new object addresses
[3604.093s][info][gc,phases      ] GC(2452) Phase 2: Compute new object addresses 11.168ms
[3604.093s][info][gc,phases,start] GC(2452) Phase 3: Adjust pointers
[3604.125s][info][gc,phases      ] GC(2452) Phase 3: Adjust pointers 32.079ms
[3604.125s][info][gc,phases,start] GC(2452) Phase 4: Move objects
[3604.135s][info][gc,phases      ] GC(2452) Phase 4: Move objects 9.383ms
[3604.135s][info][gc,heap        ] GC(2452) DefNew: 23004K->0K(629120K)
[3604.135s][info][gc,heap        ] GC(2452) Tenured: 74846K->53177K(1398144K)
[3604.135s][info][gc,metaspace   ] GC(2452) Metaspace: 90988K(98224K)->90988K(98224K) NonClass: 79617K(83632K)->79617K(83632K) Class: 11370K(14592K)->11370K(14592K)
[3604.136s][info][gc             ] GC(2452) Pause Full (System.gc()) 95M->51M(1979M) 110.661ms
[3604.136s][info][gc,cpu         ] GC(2452) User=0.09s Sys=0.00s Real=0.11s
[3604.644s][info][gc,start       ] GC(2453) Pause Young (Allocation Failure)
[3604.648s][info][gc,heap        ] GC(2453) DefNew: 559232K->3109K(629120K)
[3604.648s][info][gc,heap        ] GC(2453) Tenured: 53177K->53177K(1398144K)
[3604.648s][info][gc,metaspace   ] GC(2453) Metaspace: 90988K(98224K)->90988K(98224K) NonClass: 79617K(83632K)->79617K(83632K) Class: 11370K(14592K)->11370K(14592K)
[3604.648s][info][gc             ] GC(2453) Pause Young (Allocation Failure) 598M->54M(1979M) 4.417ms
[3604.648s][info][gc,cpu         ] GC(2453) User=0.02s Sys=0.00s Real=0.00s
[3606.671s][info][gc,start       ] GC(2454) Pause Young (Allocation Failure)
[3606.676s][info][gc,heap        ] GC(2454) DefNew: 560762K->4455K(629120K)
[3606.676s][info][gc,heap        ] GC(2454) Tenured: 53177K->53177K(1398144K)
[3606.676s][info][gc,metaspace   ] GC(2454) Metaspace: 90988K(98224K)->90988K(98224K) NonClass: 79617K(83632K)->79617K(83632K) Class: 11370K(14592K)->11370K(14592K)
[3606.676s][info][gc             ] GC(2454) Pause Young (Allocation Failure) 599M->56M(1979M) 5.065ms
[3606.676s][info][gc,cpu         ] GC(2454) User=0.00s Sys=0.00s Real=0.00s
[3608.708s][info][gc,start       ] GC(2455) Pause Young (Allocation Failure)
[3608.713s][info][gc,heap        ] GC(2455) DefNew: 563109K->5233K(629120K)
[3608.713s][info][gc,heap        ] GC(2455) Tenured: 53177K->53177K(1398144K)
[3608.713s][info][gc,metaspace   ] GC(2455) Metaspace: 90988K(98224K)->90988K(98224K) NonClass: 79617K(83632K)->79617K(83632K) Class: 11370K(14592K)->11370K(14592K)
[3608.713s][info][gc             ] GC(2455) Pause Young (Allocation Failure) 601M->57M(1979M) 5.487ms
[3608.713s][info][gc,cpu         ] GC(2455) User=0.00s Sys=0.00s Real=0.01s
[3610.550s][info][gc,start       ] GC(2456) Pause Young (Allocation Failure)
[3610.557s][info][gc,heap        ] GC(2456) DefNew: 561608K->6330K(629120K)
[3610.557s][info][gc,heap        ] GC(2456) Tenured: 53177K->53177K(1398144K)
[3610.557s][info][gc,metaspace   ] GC(2456) Metaspace: 90988K(98224K)->90988K(98224K) NonClass: 79617K(83632K)->79617K(83632K) Class: 11370K(14592K)->11370K(14592K)
[3610.557s][info][gc             ] GC(2456) Pause Young (Allocation Failure) 600M->58M(1979M) 7.369ms
[3610.557s][info][gc,cpu         ] GC(2456) User=0.00s Sys=0.00s Real=0.01s
[3611.043s][info][gc,start       ] GC(2457) Pause Young (GCLocker Initiated GC)
[3611.050s][info][gc,heap        ] GC(2457) DefNew: 569786K->12350K(629120K)
[3611.050s][info][gc,heap        ] GC(2457) Tenured: 53177K->53177K(1398144K)
[3611.050s][info][gc,metaspace   ] GC(2457) Metaspace: 90988K(98224K)->90988K(98224K) NonClass: 79617K(83632K)->79617K(83632K) Class: 11370K(14592K)->11370K(14592K)
[3611.050s][info][gc             ] GC(2457) Pause Young (GCLocker Initiated GC) 608M->63M(1979M) 7.069ms
[3611.050s][info][gc,cpu         ] GC(2457) User=0.00s Sys=0.00s Real=0.01s
[3612.531s][info][gc,start       ] GC(2458) Pause Young (Allocation Failure)
[3612.538s][info][gc,heap        ] GC(2458) DefNew: 571591K->6769K(629120K)
[3612.538s][info][gc,heap        ] GC(2458) Tenured: 53177K->53177K(1398144K)
[3612.538s][info][gc,metaspace   ] GC(2458) Metaspace: 90988K(98224K)->90988K(98224K) NonClass: 79617K(83632K)->79617K(83632K) Class: 11370K(14592K)->11370K(14592K)
[3612.538s][info][gc             ] GC(2458) Pause Young (Allocation Failure) 610M->58M(1979M) 6.851ms
[3612.538s][info][gc,cpu         ] GC(2458) User=0.02s Sys=0.00s Real=0.01s
[3614.541s][info][gc,start       ] GC(2459) Pause Young (Allocation Failure)
[3614.547s][info][gc,heap        ] GC(2459) DefNew: 566001K->5465K(629120K)
[3614.547s][info][gc,heap        ] GC(2459) Tenured: 53177K->53177K(1398144K)
[3614.547s][info][gc,metaspace   ] GC(2459) Metaspace: 90989K(98224K)->90989K(98224K) NonClass: 79618K(83632K)->79618K(83632K) Class: 11370K(14592K)->11370K(14592K)
[3614.547s][info][gc             ] GC(2459) Pause Young (Allocation Failure) 604M->57M(1979M) 6.271ms
[3614.547s][info][gc,cpu         ] GC(2459) User=0.00s Sys=0.00s Real=0.01s
[3614.822s][info][gc,start       ] GC(2460) Pause Full (System.gc())
[3614.824s][info][gc,phases,start] GC(2460) Phase 1: Mark live objects
[3614.873s][info][gc,phases      ] GC(2460) Phase 1: Mark live objects 48.712ms
[3614.873s][info][gc,phases,start] GC(2460) Phase 2: Compute new object addresses
[3614.886s][info][gc,phases      ] GC(2460) Phase 2: Compute new object addresses 13.337ms
[3614.886s][info][gc,phases,start] GC(2460) Phase 3: Adjust pointers
[3614.918s][info][gc,phases      ] GC(2460) Phase 3: Adjust pointers 31.295ms
[3614.918s][info][gc,phases,start] GC(2460) Phase 4: Move objects
[3614.919s][info][gc,phases      ] GC(2460) Phase 4: Move objects 1.342ms
[3614.920s][info][gc,heap        ] GC(2460) DefNew: 79375K->0K(629120K)
[3614.920s][info][gc,heap        ] GC(2460) Tenured: 53177K->58149K(1398144K)
[3614.920s][info][gc,metaspace   ] GC(2460) Metaspace: 90989K(98224K)->90989K(98224K) NonClass: 79618K(83632K)->79618K(83632K) Class: 11370K(14592K)->11370K(14592K)
[3614.920s][info][gc             ] GC(2460) Pause Full (System.gc()) 129M->56M(1979M) 97.725ms
[3614.920s][info][gc,cpu         ] GC(2460) User=0.09s Sys=0.00s Real=0.10s
[3617.243s][info][gc,start       ] GC(2461) Pause Young (Allocation Failure)
[3617.249s][info][gc,heap        ] GC(2461) DefNew: 558343K->3271K(629120K)
[3617.250s][info][gc,heap        ] GC(2461) Tenured: 58149K->58149K(1398144K)
[3617.250s][info][gc,metaspace   ] GC(2461) Metaspace: 90989K(98224K)->90989K(98224K) NonClass: 79618K(83632K)->79618K(83632K) Class: 11370K(14592K)->11370K(14592K)
[3617.250s][info][gc             ] GC(2461) Pause Young (Allocation Failure) 602M->59M(1979M) 7.057ms
[3617.250s][info][gc,cpu         ] GC(2461) User=0.00s Sys=0.00s Real=0.01s
[3617.882s][info][gc,start       ] GC(2462) Pause Young (Allocation Failure)
[3617.888s][info][gc,heap        ] GC(2462) DefNew: 562503K->3981K(629120K)
[3617.888s][info][gc,heap        ] GC(2462) Tenured: 58149K->58149K(1398144K)
[3617.888s][info][gc,metaspace   ] GC(2462) Metaspace: 90989K(98224K)->90989K(98224K) NonClass: 79618K(83632K)->79618K(83632K) Class: 11370K(14592K)->11370K(14592K)
[3617.888s][info][gc             ] GC(2462) Pause Young (Allocation Failure) 606M->60M(1979M) 6.485ms
[3617.888s][info][gc,cpu         ] GC(2462) User=0.00s Sys=0.00s Real=0.01s
[3618.867s][info][gc,start       ] GC(2463) Pause Young (Allocation Failure)
[3618.874s][info][gc,heap        ] GC(2463) DefNew: 562581K->5966K(629120K)
[3618.874s][info][gc,heap        ] GC(2463) Tenured: 58149K->58149K(1398144K)
[3618.874s][info][gc,metaspace   ] GC(2463) Metaspace: 90989K(98224K)->90989K(98224K) NonClass: 79618K(83632K)->79618K(83632K) Class: 11370K(14592K)->11370K(14592K)
[3618.874s][info][gc             ] GC(2463) Pause Young (Allocation Failure) 606M->62M(1979M) 7.035ms
[3618.874s][info][gc,cpu         ] GC(2463) User=0.00s Sys=0.00s Real=0.01s
[3621.330s][info][gc,start       ] GC(2464) Pause Young (Allocation Failure)
[3621.336s][info][gc,heap        ] GC(2464) DefNew: 565198K->6317K(629120K)
[3621.336s][info][gc,heap        ] GC(2464) Tenured: 58149K->58149K(1398144K)
[3621.336s][info][gc,metaspace   ] GC(2464) Metaspace: 90989K(98224K)->90989K(98224K) NonClass: 79618K(83632K)->79618K(83632K) Class: 11370K(14592K)->11370K(14592K)
[3621.336s][info][gc             ] GC(2464) Pause Young (Allocation Failure) 608M->62M(1979M) 6.141ms
[3621.336s][info][gc,cpu         ] GC(2464) User=0.00s Sys=0.00s Real=0.01s
[3623.323s][info][gc,start       ] GC(2465) Pause Young (Allocation Failure)
[3623.331s][info][gc,heap        ] GC(2465) DefNew: 565549K->7903K(629120K)
[3623.331s][info][gc,heap        ] GC(2465) Tenured: 58149K->58149K(1398144K)
[3623.331s][info][gc,metaspace   ] GC(2465) Metaspace: 90989K(98224K)->90989K(98224K) NonClass: 79618K(83632K)->79618K(83632K) Class: 11370K(14592K)->11370K(14592K)
[3623.331s][info][gc             ] GC(2465) Pause Young (Allocation Failure) 609M->64M(1979M) 7.850ms
[3623.331s][info][gc,cpu         ] GC(2465) User=0.00s Sys=0.00s Real=0.01s
[3624.419s][info][gc,start       ] GC(2466) Pause Young (Allocation Failure)
[3624.428s][info][gc,heap        ] GC(2466) DefNew: 567135K->8302K(629120K)
[3624.428s][info][gc,heap        ] GC(2466) Tenured: 58149K->58149K(1398144K)
[3624.428s][info][gc,metaspace   ] GC(2466) Metaspace: 90989K(98224K)->90989K(98224K) NonClass: 79618K(83632K)->79618K(83632K) Class: 11370K(14592K)->11370K(14592K)
[3624.428s][info][gc             ] GC(2466) Pause Young (Allocation Failure) 610M->64M(1979M) 8.671ms
[3624.428s][info][gc,cpu         ] GC(2466) User=0.00s Sys=0.00s Real=0.01s
[3625.193s][info][gc,start       ] GC(2467) Pause Young (Allocation Failure)
[3625.198s][info][gc,heap        ] GC(2467) DefNew: 567534K->5633K(629120K)
[3625.198s][info][gc,heap        ] GC(2467) Tenured: 58149K->58149K(1398144K)
[3625.198s][info][gc,metaspace   ] GC(2467) Metaspace: 90989K(98224K)->90989K(98224K) NonClass: 79618K(83632K)->79618K(83632K) Class: 11370K(14592K)->11370K(14592K)
[3625.198s][info][gc             ] GC(2467) Pause Young (Allocation Failure) 611M->62M(1979M) 5.519ms
[3625.198s][info][gc,cpu         ] GC(2467) User=0.00s Sys=0.00s Real=0.01s
[3627.239s][info][gc,start       ] GC(2468) Pause Young (Allocation Failure)
[3627.245s][info][gc,heap        ] GC(2468) DefNew: 564638K->6873K(629120K)
[3627.245s][info][gc,heap        ] GC(2468) Tenured: 58149K->58149K(1398144K)
[3627.245s][info][gc,metaspace   ] GC(2468) Metaspace: 90989K(98224K)->90989K(98224K) NonClass: 79618K(83632K)->79618K(83632K) Class: 11370K(14592K)->11370K(14592K)
[3627.246s][info][gc             ] GC(2468) Pause Young (Allocation Failure) 608M->63M(1979M) 6.626ms
[3627.246s][info][gc,cpu         ] GC(2468) User=0.00s Sys=0.00s Real=0.01s
[3629.252s][info][gc,start       ] GC(2469) Pause Young (Allocation Failure)
[3629.260s][info][gc,heap        ] GC(2469) DefNew: 564861K->7247K(629120K)
[3629.260s][info][gc,heap        ] GC(2469) Tenured: 58149K->58149K(1398144K)
[3629.260s][info][gc,metaspace   ] GC(2469) Metaspace: 90989K(98224K)->90989K(98224K) NonClass: 79618K(83632K)->79618K(83632K) Class: 11370K(14592K)->11370K(14592K)
[3629.260s][info][gc             ] GC(2469) Pause Young (Allocation Failure) 608M->63M(1979M) 7.328ms
[3629.260s][info][gc,cpu         ] GC(2469) User=0.00s Sys=0.00s Real=0.01s
[3630.851s][info][gc,start       ] GC(2470) Pause Young (Allocation Failure)
[3630.866s][info][gc,heap        ] GC(2470) DefNew: 566479K->10583K(629120K)
[3630.866s][info][gc,heap        ] GC(2470) Tenured: 58149K->58149K(1398144K)
[3630.866s][info][gc,metaspace   ] GC(2470) Metaspace: 90989K(98224K)->90989K(98224K) NonClass: 79618K(83632K)->79618K(83632K) Class: 11370K(14592K)->11370K(14592K)
[3630.866s][info][gc             ] GC(2470) Pause Young (Allocation Failure) 609M->67M(1979M) 14.568ms
[3630.866s][info][gc,cpu         ] GC(2470) User=0.00s Sys=0.00s Real=0.01s
[3631.382s][info][gc,start       ] GC(2471) Pause Young (Allocation Failure)
[3631.390s][info][gc,heap        ] GC(2471) DefNew: 567077K->9132K(629120K)
[3631.390s][info][gc,heap        ] GC(2471) Tenured: 58149K->58149K(1398144K)
[3631.390s][info][gc,metaspace   ] GC(2471) Metaspace: 90989K(98224K)->90989K(98224K) NonClass: 79618K(83632K)->79618K(83632K) Class: 11370K(14592K)->11370K(14592K)
[3631.391s][info][gc             ] GC(2471) Pause Young (Allocation Failure) 610M->65M(1979M) 8.121ms
[3631.391s][info][gc,cpu         ] GC(2471) User=0.00s Sys=0.00s Real=0.01s
[3633.073s][info][gc,start       ] GC(2472) Pause Young (Allocation Failure)
[3633.081s][info][gc,heap        ] GC(2472) DefNew: 568364K->8094K(629120K)
[3633.081s][info][gc,heap        ] GC(2472) Tenured: 58149K->58149K(1398144K)
[3633.081s][info][gc,metaspace   ] GC(2472) Metaspace: 90989K(98224K)->90989K(98224K) NonClass: 79618K(83632K)->79618K(83632K) Class: 11370K(14592K)->11370K(14592K)
[3633.081s][info][gc             ] GC(2472) Pause Young (Allocation Failure) 611M->64M(1979M) 8.753ms
[3633.081s][info][gc,cpu         ] GC(2472) User=0.00s Sys=0.00s Real=0.01s
[3634.805s][info][gc,start       ] GC(2473) Pause Young (Allocation Failure)
[3634.820s][info][gc,heap        ] GC(2473) DefNew: 567326K->13110K(629120K)
[3634.820s][info][gc,heap        ] GC(2473) Tenured: 58149K->58149K(1398144K)
[3634.820s][info][gc,metaspace   ] GC(2473) Metaspace: 90989K(98224K)->90989K(98224K) NonClass: 79618K(83632K)->79618K(83632K) Class: 11370K(14592K)->11370K(14592K)
[3634.820s][info][gc             ] GC(2473) Pause Young (Allocation Failure) 610M->69M(1979M) 15.873ms
[3634.820s][info][gc,cpu         ] GC(2473) User=0.00s Sys=0.00s Real=0.02s
[3635.263s][info][gc,start       ] GC(2474) Pause Young (Allocation Failure)
[3635.271s][info][gc,heap        ] GC(2474) DefNew: 569043K->9646K(629120K)
[3635.271s][info][gc,heap        ] GC(2474) Tenured: 58149K->58149K(1398144K)
[3635.271s][info][gc,metaspace   ] GC(2474) Metaspace: 90989K(98224K)->90989K(98224K) NonClass: 79618K(83632K)->79618K(83632K) Class: 11370K(14592K)->11370K(14592K)
[3635.271s][info][gc             ] GC(2474) Pause Young (Allocation Failure) 612M->66M(1979M) 7.840ms
[3635.271s][info][gc,cpu         ] GC(2474) User=0.00s Sys=0.00s Real=0.01s
[3637.086s][info][gc,start       ] GC(2475) Pause Young (Allocation Failure)
[3637.095s][info][gc,heap        ] GC(2475) DefNew: 568330K->7913K(629120K)
[3637.095s][info][gc,heap        ] GC(2475) Tenured: 58149K->58149K(1398144K)
[3637.095s][info][gc,metaspace   ] GC(2475) Metaspace: 90989K(98224K)->90989K(98224K) NonClass: 79618K(83632K)->79618K(83632K) Class: 11370K(14592K)->11370K(14592K)
[3637.095s][info][gc             ] GC(2475) Pause Young (Allocation Failure) 611M->64M(1979M) 8.487ms
[3637.095s][info][gc,cpu         ] GC(2475) User=0.00s Sys=0.00s Real=0.01s
[3638.718s][info][gc,start       ] GC(2476) Pause Young (Allocation Failure)
[3638.727s][info][gc,heap        ] GC(2476) DefNew: 566616K->7319K(629120K)
[3638.727s][info][gc,heap        ] GC(2476) Tenured: 58149K->60142K(1398144K)
[3638.727s][info][gc,metaspace   ] GC(2476) Metaspace: 90989K(98224K)->90989K(98224K) NonClass: 79618K(83632K)->79618K(83632K) Class: 11370K(14592K)->11370K(14592K)
[3638.727s][info][gc             ] GC(2476) Pause Young (Allocation Failure) 610M->65M(1979M) 9.090ms
[3638.727s][info][gc,cpu         ] GC(2476) User=0.00s Sys=0.00s Real=0.01s
[3639.126s][info][gc,start       ] GC(2477) Pause Young (Allocation Failure)
[3639.132s][info][gc,heap        ] GC(2477) DefNew: 564347K->7189K(629120K)
[3639.132s][info][gc,heap        ] GC(2477) Tenured: 60142K->60250K(1398144K)
[3639.132s][info][gc,metaspace   ] GC(2477) Metaspace: 90989K(98224K)->90989K(98224K) NonClass: 79618K(83632K)->79618K(83632K) Class: 11370K(14592K)->11370K(14592K)
[3639.132s][info][gc             ] GC(2477) Pause Young (Allocation Failure) 609M->65M(1979M) 6.093ms
[3639.132s][info][gc,cpu         ] GC(2477) User=0.00s Sys=0.00s Real=0.01s
[3640.965s][info][gc,start       ] GC(2478) Pause Young (Allocation Failure)
[3640.972s][info][gc,heap        ] GC(2478) DefNew: 566421K->6274K(629120K)
[3640.972s][info][gc,heap        ] GC(2478) Tenured: 60250K->60416K(1398144K)
[3640.972s][info][gc,metaspace   ] GC(2478) Metaspace: 90989K(98224K)->90989K(98224K) NonClass: 79618K(83632K)->79618K(83632K) Class: 11370K(14592K)->11370K(14592K)
[3640.972s][info][gc             ] GC(2478) Pause Young (Allocation Failure) 611M->65M(1979M) 7.582ms
[3640.972s][info][gc,cpu         ] GC(2478) User=0.00s Sys=0.00s Real=0.01s
[3642.544s][info][gc,start       ] GC(2479) Pause Young (Allocation Failure)
[3642.553s][info][gc,heap        ] GC(2479) DefNew: 563263K->7694K(629120K)
[3642.553s][info][gc,heap        ] GC(2479) Tenured: 60416K->60537K(1398144K)
[3642.553s][info][gc,metaspace   ] GC(2479) Metaspace: 90989K(98224K)->90989K(98224K) NonClass: 79618K(83632K)->79618K(83632K) Class: 11370K(14592K)->11370K(14592K)
[3642.553s][info][gc             ] GC(2479) Pause Young (Allocation Failure) 609M->66M(1979M) 8.621ms
[3642.553s][info][gc,cpu         ] GC(2479) User=0.00s Sys=0.00s Real=0.01s
[3642.986s][info][gc,start       ] GC(2480) Pause Young (Allocation Failure)
[3642.992s][info][gc,heap        ] GC(2480) DefNew: 566457K->7219K(629120K)
[3642.992s][info][gc,heap        ] GC(2480) Tenured: 60537K->60719K(1398144K)
[3642.992s][info][gc,metaspace   ] GC(2480) Metaspace: 90989K(98224K)->90989K(98224K) NonClass: 79618K(83632K)->79618K(83632K) Class: 11370K(14592K)->11370K(14592K)
[3642.992s][info][gc             ] GC(2480) Pause Young (Allocation Failure) 612M->66M(1979M) 6.059ms
[3642.992s][info][gc,cpu         ] GC(2480) User=0.02s Sys=0.00s Real=0.01s
[3644.764s][info][gc,start       ] GC(2481) Pause Young (GCLocker Initiated GC)
[3644.771s][info][gc,heap        ] GC(2481) DefNew: 566483K->8278K(629120K)
[3644.771s][info][gc,heap        ] GC(2481) Tenured: 60719K->60858K(1398144K)
[3644.771s][info][gc,metaspace   ] GC(2481) Metaspace: 90989K(98224K)->90989K(98224K) NonClass: 79618K(83632K)->79618K(83632K) Class: 11370K(14592K)->11370K(14592K)
[3644.771s][info][gc             ] GC(2481) Pause Young (GCLocker Initiated GC) 612M->67M(1979M) 7.218ms
[3644.771s][info][gc,cpu         ] GC(2481) User=0.00s Sys=0.00s Real=0.01s
[3646.462s][info][gc,start       ] GC(2482) Pause Young (Allocation Failure)
[3646.470s][info][gc,heap        ] GC(2482) DefNew: 567510K->7971K(629120K)
[3646.470s][info][gc,heap        ] GC(2482) Tenured: 60858K->60932K(1398144K)
[3646.470s][info][gc,metaspace   ] GC(2482) Metaspace: 90989K(98224K)->90989K(98224K) NonClass: 79618K(83632K)->79618K(83632K) Class: 11370K(14592K)->11370K(14592K)
[3646.470s][info][gc             ] GC(2482) Pause Young (Allocation Failure) 613M->67M(1979M) 8.107ms
[3646.470s][info][gc,cpu         ] GC(2482) User=0.00s Sys=0.00s Real=0.01s
[3647.040s][info][gc,start       ] GC(2483) Pause Full (System.gc())
[3647.044s][info][gc,phases,start] GC(2483) Phase 1: Mark live objects
[3647.096s][info][gc,phases      ] GC(2483) Phase 1: Mark live objects 52.940ms
[3647.097s][info][gc,phases,start] GC(2483) Phase 2: Compute new object addresses
[3647.162s][info][gc,phases      ] GC(2483) Phase 2: Compute new object addresses 65.250ms
[3647.162s][info][gc,phases,start] GC(2483) Phase 3: Adjust pointers
[3647.194s][info][gc,phases      ] GC(2483) Phase 3: Adjust pointers 32.450ms
[3647.194s][info][gc,phases,start] GC(2483) Phase 4: Move objects
[3647.196s][info][gc,phases      ] GC(2483) Phase 4: Move objects 1.591ms
[3647.197s][info][gc,heap        ] GC(2483) DefNew: 513906K->0K(629120K)
[3647.197s][info][gc,heap        ] GC(2483) Tenured: 60932K->67121K(1398144K)
[3647.197s][info][gc,metaspace   ] GC(2483) Metaspace: 90989K(98224K)->90989K(98224K) NonClass: 79618K(83632K)->79618K(83632K) Class: 11370K(14592K)->11370K(14592K)
[3647.197s][info][gc             ] GC(2483) Pause Full (System.gc()) 561M->65M(1979M) 157.371ms
[3647.197s][info][gc,cpu         ] GC(2483) User=0.11s Sys=0.00s Real=0.16s
[3647.690s][info][gc,start       ] GC(2484) Pause Young (Allocation Failure)
[3647.695s][info][gc,heap        ] GC(2484) DefNew: 558659K->4441K(629120K)
[3647.695s][info][gc,heap        ] GC(2484) Tenured: 67121K->67121K(1398144K)
[3647.695s][info][gc,metaspace   ] GC(2484) Metaspace: 90989K(98224K)->90989K(98224K) NonClass: 79618K(83632K)->79618K(83632K) Class: 11370K(14592K)->11370K(14592K)
[3647.695s][info][gc             ] GC(2484) Pause Young (Allocation Failure) 611M->69M(1979M) 4.361ms
[3647.695s][info][gc,cpu         ] GC(2484) User=0.02s Sys=0.00s Real=0.00s
[3649.695s][info][gc,start       ] GC(2485) Pause Young (Allocation Failure)
[3649.699s][info][gc,heap        ] GC(2485) DefNew: 562816K->4482K(629120K)
[3649.699s][info][gc,heap        ] GC(2485) Tenured: 67121K->67121K(1398144K)
[3649.699s][info][gc,metaspace   ] GC(2485) Metaspace: 90989K(98224K)->90989K(98224K) NonClass: 79618K(83632K)->79618K(83632K) Class: 11370K(14592K)->11370K(14592K)
[3649.699s][info][gc             ] GC(2485) Pause Young (Allocation Failure) 615M->69M(1979M) 4.833ms
[3649.699s][info][gc,cpu         ] GC(2485) User=0.00s Sys=0.00s Real=0.01s
[3651.685s][info][gc,start       ] GC(2486) Pause Young (Allocation Failure)
[3651.690s][info][gc,heap        ] GC(2486) DefNew: 563714K->5236K(629120K)
[3651.690s][info][gc,heap        ] GC(2486) Tenured: 67121K->67121K(1398144K)
[3651.690s][info][gc,metaspace   ] GC(2486) Metaspace: 90989K(98224K)->90989K(98224K) NonClass: 79618K(83632K)->79618K(83632K) Class: 11370K(14592K)->11370K(14592K)
[3651.690s][info][gc             ] GC(2486) Pause Young (Allocation Failure) 616M->70M(1979M) 5.790ms
[3651.690s][info][gc,cpu         ] GC(2486) User=0.00s Sys=0.00s Real=0.00s
[3653.419s][info][gc,start       ] GC(2487) Pause Young (Allocation Failure)
[3653.426s][info][gc,heap        ] GC(2487) DefNew: 560548K->6382K(629120K)
[3653.426s][info][gc,heap        ] GC(2487) Tenured: 67121K->67121K(1398144K)
[3653.426s][info][gc,metaspace   ] GC(2487) Metaspace: 90989K(98224K)->90989K(98224K) NonClass: 79618K(83632K)->79618K(83632K) Class: 11370K(14592K)->11370K(14592K)
[3653.426s][info][gc             ] GC(2487) Pause Young (Allocation Failure) 612M->71M(1979M) 7.021ms
[3653.426s][info][gc,cpu         ] GC(2487) User=0.02s Sys=0.00s Real=0.01s
[3653.900s][info][gc,start       ] GC(2488) Pause Young (Allocation Failure)
[3653.907s][info][gc,heap        ] GC(2488) DefNew: 563779K->12397K(629120K)
[3653.907s][info][gc,heap        ] GC(2488) Tenured: 67121K->67121K(1398144K)
[3653.907s][info][gc,metaspace   ] GC(2488) Metaspace: 90989K(98224K)->90989K(98224K) NonClass: 79618K(83632K)->79618K(83632K) Class: 11370K(14592K)->11370K(14592K)
[3653.907s][info][gc             ] GC(2488) Pause Young (Allocation Failure) 616M->77M(1979M) 7.244ms
[3653.907s][info][gc,cpu         ] GC(2488) User=0.00s Sys=0.00s Real=0.01s
[3655.361s][info][gc,start       ] GC(2489) Pause Young (Allocation Failure)
[3655.366s][info][gc,heap        ] GC(2489) DefNew: 567907K->4733K(629120K)
[3655.366s][info][gc,heap        ] GC(2489) Tenured: 67121K->67121K(1398144K)
[3655.366s][info][gc,metaspace   ] GC(2489) Metaspace: 90989K(98224K)->90989K(98224K) NonClass: 79618K(83632K)->79618K(83632K) Class: 11370K(14592K)->11370K(14592K)
[3655.366s][info][gc             ] GC(2489) Pause Young (Allocation Failure) 620M->70M(1979M) 5.224ms
[3655.367s][info][gc,cpu         ] GC(2489) User=0.02s Sys=0.00s Real=0.01s
[3657.397s][info][gc,start       ] GC(2490) Pause Young (Allocation Failure)
[3657.403s][info][gc,heap        ] GC(2490) DefNew: 563869K->5323K(629120K)
[3657.403s][info][gc,heap        ] GC(2490) Tenured: 67121K->67121K(1398144K)
[3657.403s][info][gc,metaspace   ] GC(2490) Metaspace: 90989K(98224K)->90989K(98224K) NonClass: 79618K(83632K)->79618K(83632K) Class: 11370K(14592K)->11370K(14592K)
[3657.403s][info][gc             ] GC(2490) Pause Young (Allocation Failure) 616M->70M(1979M) 5.431ms
[3657.403s][info][gc,cpu         ] GC(2490) User=0.00s Sys=0.00s Real=0.01s
[3659.962s][info][gc,start       ] GC(2491) Pause Young (Allocation Failure)
[3659.969s][info][gc,heap        ] GC(2491) DefNew: 564555K->7152K(629120K)
[3659.969s][info][gc,heap        ] GC(2491) Tenured: 67121K->67121K(1398144K)
[3659.969s][info][gc,metaspace   ] GC(2491) Metaspace: 90989K(98224K)->90989K(98224K) NonClass: 79618K(83632K)->79618K(83632K) Class: 11370K(14592K)->11370K(14592K)
[3659.969s][info][gc             ] GC(2491) Pause Young (Allocation Failure) 616M->72M(1979M) 6.960ms
[3659.969s][info][gc,cpu         ] GC(2491) User=0.00s Sys=0.00s Real=0.01s
[3660.592s][info][gc,start       ] GC(2492) Pause Young (Allocation Failure)
[3660.601s][info][gc,heap        ] GC(2492) DefNew: 566384K->12021K(629120K)
[3660.601s][info][gc,heap        ] GC(2492) Tenured: 67121K->67121K(1398144K)
[3660.601s][info][gc,metaspace   ] GC(2492) Metaspace: 90989K(98224K)->90989K(98224K) NonClass: 79618K(83632K)->79618K(83632K) Class: 11370K(14592K)->11370K(14592K)
[3660.601s][info][gc             ] GC(2492) Pause Young (Allocation Failure) 618M->77M(1979M) 8.489ms
[3660.601s][info][gc,cpu         ] GC(2492) User=0.00s Sys=0.00s Real=0.01s
[3661.327s][info][gc,start       ] GC(2493) Pause Young (Allocation Failure)
[3661.332s][info][gc,heap        ] GC(2493) DefNew: 571253K->5158K(629120K)
[3661.332s][info][gc,heap        ] GC(2493) Tenured: 67121K->67121K(1398144K)
[3661.332s][info][gc,metaspace   ] GC(2493) Metaspace: 90989K(98224K)->90989K(98224K) NonClass: 79618K(83632K)->79618K(83632K) Class: 11370K(14592K)->11370K(14592K)
[3661.332s][info][gc             ] GC(2493) Pause Young (Allocation Failure) 623M->70M(1979M) 5.326ms
[3661.332s][info][gc,cpu         ] GC(2493) User=0.00s Sys=0.00s Real=0.01s
[3663.775s][info][gc,start       ] GC(2494) Pause Young (Allocation Failure)
[3663.782s][info][gc,heap        ] GC(2494) DefNew: 564390K->6685K(629120K)
[3663.782s][info][gc,heap        ] GC(2494) Tenured: 67121K->67121K(1398144K)
[3663.782s][info][gc,metaspace   ] GC(2494) Metaspace: 90989K(98224K)->90989K(98224K) NonClass: 79618K(83632K)->79618K(83632K) Class: 11370K(14592K)->11370K(14592K)
[3663.782s][info][gc             ] GC(2494) Pause Young (Allocation Failure) 616M->72M(1979M) 6.941ms
[3663.782s][info][gc,cpu         ] GC(2494) User=0.00s Sys=0.00s Real=0.01s
[3665.730s][info][gc,start       ] GC(2495) Pause Young (Allocation Failure)
[3665.738s][info][gc,heap        ] GC(2495) DefNew: 565917K->9198K(629120K)
[3665.738s][info][gc,heap        ] GC(2495) Tenured: 67121K->67121K(1398144K)
[3665.738s][info][gc,metaspace   ] GC(2495) Metaspace: 90989K(98224K)->90989K(98224K) NonClass: 79618K(83632K)->79618K(83632K) Class: 11370K(14592K)->11370K(14592K)
[3665.738s][info][gc             ] GC(2495) Pause Young (Allocation Failure) 618M->74M(1979M) 7.951ms
[3665.738s][info][gc,cpu         ] GC(2495) User=0.00s Sys=0.00s Real=0.01s
[3667.124s][info][gc,start       ] GC(2496) Pause Young (Allocation Failure)
[3667.141s][info][gc,heap        ] GC(2496) DefNew: 568430K->11393K(629120K)
[3667.141s][info][gc,heap        ] GC(2496) Tenured: 67121K->67121K(1398144K)
[3667.141s][info][gc,metaspace   ] GC(2496) Metaspace: 90989K(98224K)->90989K(98224K) NonClass: 79618K(83632K)->79618K(83632K) Class: 11370K(14592K)->11370K(14592K)
[3667.141s][info][gc             ] GC(2496) Pause Young (Allocation Failure) 620M->76M(1979M) 17.103ms
[3667.141s][info][gc,cpu         ] GC(2496) User=0.00s Sys=0.00s Real=0.02s
[3667.536s][info][gc,start       ] GC(2497) Pause Young (Allocation Failure)
[3667.543s][info][gc,heap        ] GC(2497) DefNew: 570625K->11798K(629120K)
[3667.543s][info][gc,heap        ] GC(2497) Tenured: 67121K->67121K(1398144K)
[3667.543s][info][gc,metaspace   ] GC(2497) Metaspace: 90989K(98224K)->90989K(98224K) NonClass: 79618K(83632K)->79618K(83632K) Class: 11370K(14592K)->11370K(14592K)
[3667.543s][info][gc             ] GC(2497) Pause Young (Allocation Failure) 622M->77M(1979M) 7.806ms
[3667.543s][info][gc,cpu         ] GC(2497) User=0.00s Sys=0.00s Real=0.01s
[3669.593s][info][gc,start       ] GC(2498) Pause Young (Allocation Failure)
[3669.600s][info][gc,heap        ] GC(2498) DefNew: 571030K->6897K(629120K)
[3669.600s][info][gc,heap        ] GC(2498) Tenured: 67121K->67121K(1398144K)
[3669.600s][info][gc,metaspace   ] GC(2498) Metaspace: 90989K(98224K)->90989K(98224K) NonClass: 79618K(83632K)->79618K(83632K) Class: 11370K(14592K)->11370K(14592K)
[3669.600s][info][gc             ] GC(2498) Pause Young (Allocation Failure) 623M->72M(1979M) 7.149ms
[3669.600s][info][gc,cpu         ] GC(2498) User=0.00s Sys=0.00s Real=0.01s
[3671.684s][info][gc,start       ] GC(2499) Pause Young (Allocation Failure)
[3671.691s][info][gc,heap        ] GC(2499) DefNew: 565617K->6517K(629120K)
[3671.691s][info][gc,heap        ] GC(2499) Tenured: 67121K->67583K(1398144K)
[3671.691s][info][gc,metaspace   ] GC(2499) Metaspace: 90989K(98224K)->90989K(98224K) NonClass: 79618K(83632K)->79618K(83632K) Class: 11370K(14592K)->11370K(14592K)
[3671.691s][info][gc             ] GC(2499) Pause Young (Allocation Failure) 617M->72M(1979M) 7.189ms
[3671.691s][info][gc,cpu         ] GC(2499) User=0.00s Sys=0.00s Real=0.01s
[3673.576s][info][gc,start       ] GC(2500) Pause Young (Allocation Failure)
[3673.586s][info][gc,heap        ] GC(2500) DefNew: 565749K->8981K(629120K)
[3673.586s][info][gc,heap        ] GC(2500) Tenured: 67583K->67772K(1398144K)
[3673.586s][info][gc,metaspace   ] GC(2500) Metaspace: 90989K(98224K)->90989K(98224K) NonClass: 79618K(83632K)->79618K(83632K) Class: 11370K(14592K)->11370K(14592K)
[3673.586s][info][gc             ] GC(2500) Pause Young (Allocation Failure) 618M->74M(1979M) 10.094ms
[3673.586s][info][gc,cpu         ] GC(2500) User=0.00s Sys=0.00s Real=0.01s
[3674.208s][info][gc,start       ] GC(2501) Pause Young (Allocation Failure)
[3674.215s][info][gc,heap        ] GC(2501) DefNew: 567191K->17184K(629120K)
[3674.215s][info][gc,heap        ] GC(2501) Tenured: 67772K->67957K(1398144K)
[3674.215s][info][gc,metaspace   ] GC(2501) Metaspace: 90989K(98224K)->90989K(98224K) NonClass: 79618K(83632K)->79618K(83632K) Class: 11370K(14592K)->11370K(14592K)
[3674.215s][info][gc             ] GC(2501) Pause Young (Allocation Failure) 620M->83M(1979M) 7.872ms
[3674.215s][info][gc,cpu         ] GC(2501) User=0.00s Sys=0.00s Real=0.01s
[3675.534s][info][gc,start       ] GC(2502) Pause Young (GCLocker Initiated GC)
[3675.541s][info][gc,heap        ] GC(2502) DefNew: 576419K->8983K(629120K)
[3675.541s][info][gc,heap        ] GC(2502) Tenured: 67957K->68122K(1398144K)
[3675.541s][info][gc,metaspace   ] GC(2502) Metaspace: 90989K(98224K)->90989K(98224K) NonClass: 79618K(83632K)->79618K(83632K) Class: 11370K(14592K)->11370K(14592K)
[3675.541s][info][gc             ] GC(2502) Pause Young (GCLocker Initiated GC) 629M->75M(1979M) 7.435ms
[3675.541s][info][gc,cpu         ] GC(2502) User=0.00s Sys=0.00s Real=0.01s
[3677.460s][info][gc,start       ] GC(2503) Pause Young (Allocation Failure)
[3677.468s][info][gc,heap        ] GC(2503) DefNew: 567246K->7912K(629120K)
[3677.468s][info][gc,heap        ] GC(2503) Tenured: 68122K->68189K(1398144K)
[3677.468s][info][gc,metaspace   ] GC(2503) Metaspace: 90989K(98224K)->90989K(98224K) NonClass: 79618K(83632K)->79618K(83632K) Class: 11370K(14592K)->11370K(14592K)
[3677.468s][info][gc             ] GC(2503) Pause Young (Allocation Failure) 620M->74M(1979M) 8.489ms
[3677.468s][info][gc,cpu         ] GC(2503) User=0.00s Sys=0.00s Real=0.01s
[3678.015s][info][gc,start       ] GC(2504) Pause Young (Allocation Failure)
[3678.023s][info][gc,heap        ] GC(2504) DefNew: 565929K->17801K(629120K)
[3678.023s][info][gc,heap        ] GC(2504) Tenured: 68189K->68368K(1398144K)
[3678.023s][info][gc,metaspace   ] GC(2504) Metaspace: 90989K(98224K)->90989K(98224K) NonClass: 79618K(83632K)->79618K(83632K) Class: 11370K(14592K)->11370K(14592K)
[3678.023s][info][gc             ] GC(2504) Pause Young (Allocation Failure) 619M->84M(1979M) 8.446ms
[3678.023s][info][gc,cpu         ] GC(2504) User=0.00s Sys=0.00s Real=0.01s
[3679.524s][info][gc,start       ] GC(2505) Pause Young (Allocation Failure)
[3679.530s][info][gc,heap        ] GC(2505) DefNew: 575455K->5631K(629120K)
[3679.530s][info][gc,heap        ] GC(2505) Tenured: 68368K->68505K(1398144K)
[3679.530s][info][gc,metaspace   ] GC(2505) Metaspace: 90989K(98224K)->90989K(98224K) NonClass: 79618K(83632K)->79618K(83632K) Class: 11370K(14592K)->11370K(14592K)
[3679.530s][info][gc             ] GC(2505) Pause Young (Allocation Failure) 628M->72M(1979M) 6.077ms
[3679.530s][info][gc,cpu         ] GC(2505) User=0.00s Sys=0.00s Real=0.01s
[3681.403s][info][gc,start       ] GC(2506) Pause Young (Allocation Failure)
[3681.411s][info][gc,heap        ] GC(2506) DefNew: 564863K->8159K(629120K)
[3681.411s][info][gc,heap        ] GC(2506) Tenured: 68505K->68665K(1398144K)
[3681.411s][info][gc,metaspace   ] GC(2506) Metaspace: 90989K(98224K)->90989K(98224K) NonClass: 79618K(83632K)->79618K(83632K) Class: 11370K(14592K)->11370K(14592K)
[3681.411s][info][gc             ] GC(2506) Pause Young (Allocation Failure) 618M->75M(1979M) 8.570ms
[3681.411s][info][gc,cpu         ] GC(2506) User=0.00s Sys=0.00s Real=0.01s
[3681.853s][info][gc,start       ] GC(2507) Pause Young (Allocation Failure)
[3681.860s][info][gc,heap        ] GC(2507) DefNew: 566641K->12833K(629120K)
[3681.860s][info][gc,heap        ] GC(2507) Tenured: 68665K->68865K(1398144K)
[3681.860s][info][gc,metaspace   ] GC(2507) Metaspace: 90989K(98224K)->90989K(98224K) NonClass: 79618K(83632K)->79618K(83632K) Class: 11370K(14592K)->11370K(14592K)
[3681.860s][info][gc             ] GC(2507) Pause Young (Allocation Failure) 620M->79M(1979M) 7.558ms
[3681.860s][info][gc,cpu         ] GC(2507) User=0.00s Sys=0.00s Real=0.01s
[3683.365s][info][gc,start       ] GC(2508) Pause Young (Allocation Failure)
[3683.372s][info][gc,heap        ] GC(2508) DefNew: 572065K->7950K(629120K)
[3683.372s][info][gc,heap        ] GC(2508) Tenured: 68865K->68973K(1398144K)
[3683.372s][info][gc,metaspace   ] GC(2508) Metaspace: 90989K(98224K)->90989K(98224K) NonClass: 79618K(83632K)->79618K(83632K) Class: 11370K(14592K)->11370K(14592K)
[3683.372s][info][gc             ] GC(2508) Pause Young (Allocation Failure) 625M->75M(1979M) 7.606ms
[3683.372s][info][gc,cpu         ] GC(2508) User=0.00s Sys=0.00s Real=0.01s
[3685.096s][info][gc,start       ] GC(2509) Pause Young (Allocation Failure)
[3685.105s][info][gc,heap        ] GC(2509) DefNew: 567182K->8419K(629120K)
[3685.105s][info][gc,heap        ] GC(2509) Tenured: 68973K->69135K(1398144K)
[3685.105s][info][gc,metaspace   ] GC(2509) Metaspace: 90989K(98224K)->90989K(98224K) NonClass: 79618K(83632K)->79618K(83632K) Class: 11370K(14592K)->11370K(14592K)
[3685.105s][info][gc             ] GC(2509) Pause Young (Allocation Failure) 621M->75M(1979M) 9.121ms
[3685.105s][info][gc,cpu         ] GC(2509) User=0.02s Sys=0.00s Real=0.01s
[3685.593s][info][gc,start       ] GC(2510) Pause Young (Allocation Failure)
[3685.601s][info][gc,heap        ] GC(2510) DefNew: 564325K->9030K(629120K)
[3685.601s][info][gc,heap        ] GC(2510) Tenured: 69135K->69322K(1398144K)
[3685.601s][info][gc,metaspace   ] GC(2510) Metaspace: 90989K(98224K)->90989K(98224K) NonClass: 79618K(83632K)->79618K(83632K) Class: 11370K(14592K)->11370K(14592K)
[3685.601s][info][gc             ] GC(2510) Pause Young (Allocation Failure) 618M->76M(1979M) 7.732ms
[3685.601s][info][gc,cpu         ] GC(2510) User=0.00s Sys=0.00s Real=0.01s
[3687.135s][info][gc,start       ] GC(2511) Pause Young (Allocation Failure)
[3687.143s][info][gc,heap        ] GC(2511) DefNew: 567800K->5790K(629120K)
[3687.143s][info][gc,heap        ] GC(2511) Tenured: 69322K->69448K(1398144K)
[3687.143s][info][gc,metaspace   ] GC(2511) Metaspace: 90989K(98224K)->90989K(98224K) NonClass: 79618K(83632K)->79618K(83632K) Class: 11370K(14592K)->11370K(14592K)
[3687.143s][info][gc             ] GC(2511) Pause Young (Allocation Failure) 622M->73M(1979M) 7.365ms
[3687.143s][info][gc,cpu         ] GC(2511) User=0.00s Sys=0.00s Real=0.01s
[3688.996s][info][gc,start       ] GC(2512) Pause Young (Allocation Failure)
[3689.007s][info][gc,heap        ] GC(2512) DefNew: 565022K->8521K(629120K)
[3689.007s][info][gc,heap        ] GC(2512) Tenured: 69448K->69527K(1398144K)
[3689.007s][info][gc,metaspace   ] GC(2512) Metaspace: 90989K(98224K)->90989K(98224K) NonClass: 79618K(83632K)->79618K(83632K) Class: 11370K(14592K)->11370K(14592K)
[3689.007s][info][gc             ] GC(2512) Pause Young (Allocation Failure) 619M->76M(1979M) 10.762ms
[3689.007s][info][gc,cpu         ] GC(2512) User=0.00s Sys=0.00s Real=0.01s
[3689.694s][info][gc,start       ] GC(2513) Pause Young (Allocation Failure)
[3689.702s][info][gc,heap        ] GC(2513) DefNew: 567753K->7419K(629120K)
[3689.702s][info][gc,heap        ] GC(2513) Tenured: 69527K->69721K(1398144K)
[3689.702s][info][gc,metaspace   ] GC(2513) Metaspace: 90989K(98224K)->90989K(98224K) NonClass: 79618K(83632K)->79618K(83632K) Class: 11370K(14592K)->11370K(14592K)
[3689.702s][info][gc             ] GC(2513) Pause Young (Allocation Failure) 622M->75M(1979M) 7.987ms
[3689.702s][info][gc,cpu         ] GC(2513) User=0.00s Sys=0.00s Real=0.01s
[3689.710s][info][gc,start       ] GC(2514) Pause Full (System.gc())
[3689.715s][info][gc,phases,start] GC(2514) Phase 1: Mark live objects
[3689.767s][info][gc,phases      ] GC(2514) Phase 1: Mark live objects 52.052ms
[3689.767s][info][gc,phases,start] GC(2514) Phase 2: Compute new object addresses
[3689.779s][info][gc,phases      ] GC(2514) Phase 2: Compute new object addresses 12.576ms
[3689.779s][info][gc,phases,start] GC(2514) Phase 3: Adjust pointers
[3689.811s][info][gc,phases      ] GC(2514) Phase 3: Adjust pointers 31.168ms
[3689.811s][info][gc,phases,start] GC(2514) Phase 4: Move objects
[3689.812s][info][gc,phases      ] GC(2514) Phase 4: Move objects 0.988ms
[3689.812s][info][gc,heap        ] GC(2514) DefNew: 28367K->0K(629120K)
[3689.813s][info][gc,heap        ] GC(2514) Tenured: 69721K->74461K(1398144K)
[3689.813s][info][gc,metaspace   ] GC(2514) Metaspace: 90989K(98224K)->90989K(98224K) NonClass: 79618K(83632K)->79618K(83632K) Class: 11370K(14592K)->11370K(14592K)
[3689.813s][info][gc             ] GC(2514) Pause Full (System.gc()) 95M->72M(1979M) 102.295ms
[3689.813s][info][gc,cpu         ] GC(2514) User=0.09s Sys=0.00s Real=0.10s
[3690.312s][info][gc,start       ] GC(2515) Pause Young (Allocation Failure)
[3690.316s][info][gc,heap        ] GC(2515) DefNew: 558716K->3121K(629120K)
[3690.316s][info][gc,heap        ] GC(2515) Tenured: 74461K->74461K(1398144K)
[3690.316s][info][gc,metaspace   ] GC(2515) Metaspace: 90989K(98224K)->90989K(98224K) NonClass: 79618K(83632K)->79618K(83632K) Class: 11370K(14592K)->11370K(14592K)
[3690.316s][info][gc             ] GC(2515) Pause Young (Allocation Failure) 618M->75M(1979M) 4.166ms
[3690.316s][info][gc,cpu         ] GC(2515) User=0.00s Sys=0.00s Real=0.00s
[3692.262s][info][gc,start       ] GC(2516) Pause Young (Allocation Failure)
[3692.266s][info][gc,heap        ] GC(2516) DefNew: 561018K->4453K(629120K)
[3692.266s][info][gc,heap        ] GC(2516) Tenured: 74461K->74461K(1398144K)
[3692.266s][info][gc,metaspace   ] GC(2516) Metaspace: 90989K(98224K)->90989K(98224K) NonClass: 79618K(83632K)->79618K(83632K) Class: 11370K(14592K)->11370K(14592K)
[3692.266s][info][gc             ] GC(2516) Pause Young (Allocation Failure) 620M->77M(1979M) 4.445ms
[3692.266s][info][gc,cpu         ] GC(2516) User=0.00s Sys=0.00s Real=0.00s
[3694.264s][info][gc,start       ] GC(2517) Pause Young (Allocation Failure)
[3694.270s][info][gc,heap        ] GC(2517) DefNew: 562764K->5176K(629120K)
[3694.270s][info][gc,heap        ] GC(2517) Tenured: 74461K->74461K(1398144K)
[3694.270s][info][gc,metaspace   ] GC(2517) Metaspace: 90989K(98224K)->90989K(98224K) NonClass: 79618K(83632K)->79618K(83632K) Class: 11370K(14592K)->11370K(14592K)
[3694.270s][info][gc             ] GC(2517) Pause Young (Allocation Failure) 622M->77M(1979M) 6.162ms
[3694.270s][info][gc,cpu         ] GC(2517) User=0.00s Sys=0.00s Real=0.01s
[3695.998s][info][gc,start       ] GC(2518) Pause Young (Allocation Failure)
[3696.004s][info][gc,heap        ] GC(2518) DefNew: 561991K->6274K(629120K)
[3696.004s][info][gc,heap        ] GC(2518) Tenured: 74461K->74461K(1398144K)
[3696.004s][info][gc,metaspace   ] GC(2518) Metaspace: 90989K(98224K)->90989K(98224K) NonClass: 79618K(83632K)->79618K(83632K) Class: 11370K(14592K)->11370K(14592K)
[3696.004s][info][gc             ] GC(2518) Pause Young (Allocation Failure) 621M->78M(1979M) 6.165ms
[3696.004s][info][gc,cpu         ] GC(2518) User=0.00s Sys=0.00s Real=0.01s
[3696.481s][info][gc,start       ] GC(2519) Pause Young (Allocation Failure)
[3696.487s][info][gc,heap        ] GC(2519) DefNew: 562706K->7738K(629120K)
[3696.487s][info][gc,heap        ] GC(2519) Tenured: 74461K->74461K(1398144K)
[3696.487s][info][gc,metaspace   ] GC(2519) Metaspace: 90989K(98224K)->90989K(98224K) NonClass: 79618K(83632K)->79618K(83632K) Class: 11370K(14592K)->11370K(14592K)
[3696.487s][info][gc             ] GC(2519) Pause Young (Allocation Failure) 622M->80M(1979M) 6.006ms
[3696.487s][info][gc,cpu         ] GC(2519) User=0.00s Sys=0.00s Real=0.01s
[3697.953s][info][gc,start       ] GC(2520) Pause Young (Allocation Failure)
[3697.959s][info][gc,heap        ] GC(2520) DefNew: 566970K->5303K(629120K)
[3697.959s][info][gc,heap        ] GC(2520) Tenured: 74461K->74461K(1398144K)
[3697.959s][info][gc,metaspace   ] GC(2520) Metaspace: 90989K(98224K)->90989K(98224K) NonClass: 79618K(83632K)->79618K(83632K) Class: 11370K(14592K)->11370K(14592K)
[3697.959s][info][gc             ] GC(2520) Pause Young (Allocation Failure) 626M->77M(1979M) 5.815ms
[3697.959s][info][gc,cpu         ] GC(2520) User=0.00s Sys=0.00s Real=0.01s
[3700.001s][info][gc,start       ] GC(2521) Pause Young (Allocation Failure)
[3700.006s][info][gc,heap        ] GC(2521) DefNew: 564535K->5360K(629120K)
[3700.006s][info][gc,heap        ] GC(2521) Tenured: 74461K->74461K(1398144K)
[3700.006s][info][gc,metaspace   ] GC(2521) Metaspace: 90989K(98224K)->90989K(98224K) NonClass: 79618K(83632K)->79618K(83632K) Class: 11370K(14592K)->11370K(14592K)
[3700.006s][info][gc             ] GC(2521) Pause Young (Allocation Failure) 624M->77M(1979M) 5.257ms
[3700.006s][info][gc,cpu         ] GC(2521) User=0.00s Sys=0.00s Real=0.01s
[3702.592s][info][gc,start       ] GC(2522) Pause Young (Allocation Failure)
[3702.598s][info][gc,heap        ] GC(2522) DefNew: 563901K->7297K(629120K)
[3702.598s][info][gc,heap        ] GC(2522) Tenured: 74461K->74461K(1398144K)
[3702.598s][info][gc,metaspace   ] GC(2522) Metaspace: 90989K(98224K)->90989K(98224K) NonClass: 79618K(83632K)->79618K(83632K) Class: 11370K(14592K)->11370K(14592K)
[3702.598s][info][gc             ] GC(2522) Pause Young (Allocation Failure) 623M->79M(1979M) 6.534ms
[3702.598s][info][gc,cpu         ] GC(2522) User=0.00s Sys=0.00s Real=0.01s
[3703.260s][info][gc,start       ] GC(2523) Pause Young (Allocation Failure)
[3703.268s][info][gc,heap        ] GC(2523) DefNew: 563746K->16482K(629120K)
[3703.268s][info][gc,heap        ] GC(2523) Tenured: 74461K->74461K(1398144K)
[3703.268s][info][gc,metaspace   ] GC(2523) Metaspace: 90989K(98224K)->90989K(98224K) NonClass: 79618K(83632K)->79618K(83632K) Class: 11370K(14592K)->11370K(14592K)
[3703.268s][info][gc             ] GC(2523) Pause Young (Allocation Failure) 623M->88M(1979M) 8.134ms
[3703.268s][info][gc,cpu         ] GC(2523) User=0.00s Sys=0.00s Real=0.01s
[3704.002s][info][gc,start       ] GC(2524) Pause Young (Allocation Failure)
[3704.007s][info][gc,heap        ] GC(2524) DefNew: 575714K->4915K(629120K)
[3704.007s][info][gc,heap        ] GC(2524) Tenured: 74461K->74461K(1398144K)
[3704.008s][info][gc,metaspace   ] GC(2524) Metaspace: 90989K(98224K)->90989K(98224K) NonClass: 79618K(83632K)->79618K(83632K) Class: 11370K(14592K)->11370K(14592K)
[3704.008s][info][gc             ] GC(2524) Pause Young (Allocation Failure) 634M->77M(1979M) 5.616ms
[3704.008s][info][gc,cpu         ] GC(2524) User=0.00s Sys=0.00s Real=0.01s
[3706.440s][info][gc,start       ] GC(2525) Pause Young (Allocation Failure)
[3706.447s][info][gc,heap        ] GC(2525) DefNew: 563679K->6604K(629120K)
[3706.447s][info][gc,heap        ] GC(2525) Tenured: 74461K->74461K(1398144K)
[3706.447s][info][gc,metaspace   ] GC(2525) Metaspace: 90989K(98224K)->90989K(98224K) NonClass: 79618K(83632K)->79618K(83632K) Class: 11370K(14592K)->11370K(14592K)
[3706.447s][info][gc             ] GC(2525) Pause Young (Allocation Failure) 623M->79M(1979M) 7.010ms
[3706.447s][info][gc,cpu         ] GC(2525) User=0.00s Sys=0.00s Real=0.01s
[3708.383s][info][gc,start       ] GC(2526) Pause Young (GCLocker Initiated GC)
[3708.392s][info][gc,heap        ] GC(2526) DefNew: 565935K->10573K(629120K)
[3708.392s][info][gc,heap        ] GC(2526) Tenured: 74461K->74461K(1398144K)
[3708.392s][info][gc,metaspace   ] GC(2526) Metaspace: 90989K(98224K)->90989K(98224K) NonClass: 79618K(83632K)->79618K(83632K) Class: 11370K(14592K)->11370K(14592K)
[3708.392s][info][gc             ] GC(2526) Pause Young (GCLocker Initiated GC) 625M->83M(1979M) 8.833ms
[3708.392s][info][gc,cpu         ] GC(2526) User=0.00s Sys=0.00s Real=0.01s
[3709.796s][info][gc,start       ] GC(2527) Pause Young (Allocation Failure)
[3709.813s][info][gc,heap        ] GC(2527) DefNew: 569805K->11600K(629120K)
[3709.813s][info][gc,heap        ] GC(2527) Tenured: 74461K->74461K(1398144K)
[3709.813s][info][gc,metaspace   ] GC(2527) Metaspace: 90989K(98224K)->90989K(98224K) NonClass: 79618K(83632K)->79618K(83632K) Class: 11370K(14592K)->11370K(14592K)
[3709.813s][info][gc             ] GC(2527) Pause Young (Allocation Failure) 629M->84M(1979M) 17.433ms
[3709.813s][info][gc,cpu         ] GC(2527) User=0.00s Sys=0.00s Real=0.02s
[3710.208s][info][gc,start       ] GC(2528) Pause Young (Allocation Failure)
[3710.216s][info][gc,heap        ] GC(2528) DefNew: 570832K->12386K(629120K)
[3710.216s][info][gc,heap        ] GC(2528) Tenured: 74461K->74461K(1398144K)
[3710.216s][info][gc,metaspace   ] GC(2528) Metaspace: 90989K(98224K)->90989K(98224K) NonClass: 79618K(83632K)->79618K(83632K) Class: 11370K(14592K)->11370K(14592K)
[3710.216s][info][gc             ] GC(2528) Pause Young (Allocation Failure) 630M->84M(1979M) 7.467ms
[3710.216s][info][gc,cpu         ] GC(2528) User=0.00s Sys=0.00s Real=0.01s
[3712.322s][info][gc,start       ] GC(2529) Pause Young (Allocation Failure)
[3712.328s][info][gc,heap        ] GC(2529) DefNew: 571618K->6554K(629120K)
[3712.328s][info][gc,heap        ] GC(2529) Tenured: 74461K->74461K(1398144K)
[3712.328s][info][gc,metaspace   ] GC(2529) Metaspace: 90989K(98224K)->90989K(98224K) NonClass: 79618K(83632K)->79618K(83632K) Class: 11370K(14592K)->11370K(14592K)
[3712.328s][info][gc             ] GC(2529) Pause Young (Allocation Failure) 630M->79M(1979M) 6.617ms
[3712.328s][info][gc,cpu         ] GC(2529) User=0.00s Sys=0.00s Real=0.01s
[3714.326s][info][gc,start       ] GC(2530) Pause Young (Allocation Failure)
[3714.334s][info][gc,heap        ] GC(2530) DefNew: 565491K->6581K(629120K)
[3714.334s][info][gc,heap        ] GC(2530) Tenured: 74461K->74986K(1398144K)
[3714.334s][info][gc,metaspace   ] GC(2530) Metaspace: 90989K(98224K)->90989K(98224K) NonClass: 79618K(83632K)->79618K(83632K) Class: 11370K(14592K)->11370K(14592K)
[3714.334s][info][gc             ] GC(2530) Pause Young (Allocation Failure) 624M->79M(1979M) 8.499ms
[3714.334s][info][gc,cpu         ] GC(2530) User=0.02s Sys=0.00s Real=0.01s
[3716.158s][info][gc,start       ] GC(2531) Pause Young (Allocation Failure)
[3716.167s][info][gc,heap        ] GC(2531) DefNew: 565813K->8402K(629120K)
[3716.167s][info][gc,heap        ] GC(2531) Tenured: 74986K->75173K(1398144K)
[3716.167s][info][gc,metaspace   ] GC(2531) Metaspace: 90989K(98224K)->90989K(98224K) NonClass: 79618K(83632K)->79618K(83632K) Class: 11370K(14592K)->11370K(14592K)
[3716.167s][info][gc             ] GC(2531) Pause Young (Allocation Failure) 625M->81M(1979M) 9.543ms
[3716.168s][info][gc,cpu         ] GC(2531) User=0.02s Sys=0.00s Real=0.01s
[3716.789s][info][gc,start       ] GC(2532) Pause Young (Allocation Failure)
[3716.798s][info][gc,heap        ] GC(2532) DefNew: 566478K->25573K(629120K)
[3716.798s][info][gc,heap        ] GC(2532) Tenured: 75173K->75376K(1398144K)
[3716.798s][info][gc,metaspace   ] GC(2532) Metaspace: 90989K(98224K)->90989K(98224K) NonClass: 79618K(83632K)->79618K(83632K) Class: 11370K(14592K)->11370K(14592K)
[3716.798s][info][gc             ] GC(2532) Pause Young (Allocation Failure) 626M->98M(1979M) 9.243ms
[3716.798s][info][gc,cpu         ] GC(2532) User=0.00s Sys=0.00s Real=0.01s
[3718.124s][info][gc,start       ] GC(2533) Pause Young (Allocation Failure)
[3718.131s][info][gc,heap        ] GC(2533) DefNew: 584805K->6080K(629120K)
[3718.131s][info][gc,heap        ] GC(2533) Tenured: 75376K->75527K(1398144K)
[3718.131s][info][gc,metaspace   ] GC(2533) Metaspace: 90989K(98224K)->90989K(98224K) NonClass: 79618K(83632K)->79618K(83632K) Class: 11370K(14592K)->11370K(14592K)
[3718.131s][info][gc             ] GC(2533) Pause Young (Allocation Failure) 644M->79M(1979M) 7.108ms
[3718.132s][info][gc,cpu         ] GC(2533) User=0.00s Sys=0.00s Real=0.01s
[3720.022s][info][gc,start       ] GC(2534) Pause Young (Allocation Failure)
[3720.032s][info][gc,heap        ] GC(2534) DefNew: 565312K->11909K(629120K)
[3720.032s][info][gc,heap        ] GC(2534) Tenured: 75527K->75593K(1398144K)
[3720.032s][info][gc,metaspace   ] GC(2534) Metaspace: 90989K(98224K)->90989K(98224K) NonClass: 79618K(83632K)->79618K(83632K) Class: 11370K(14592K)->11370K(14592K)
[3720.032s][info][gc             ] GC(2534) Pause Young (Allocation Failure) 625M->85M(1979M) 9.998ms
[3720.033s][info][gc,cpu         ] GC(2534) User=0.00s Sys=0.00s Real=0.01s
[3720.639s][info][gc,start       ] GC(2535) Pause Young (Allocation Failure)
[3720.648s][info][gc,heap        ] GC(2535) DefNew: 569785K->25786K(629120K)
[3720.648s][info][gc,heap        ] GC(2535) Tenured: 75593K->75776K(1398144K)
[3720.648s][info][gc,metaspace   ] GC(2535) Metaspace: 90989K(98224K)->90989K(98224K) NonClass: 79618K(83632K)->79618K(83632K) Class: 11370K(14592K)->11370K(14592K)
[3720.648s][info][gc             ] GC(2535) Pause Young (Allocation Failure) 630M->99M(1979M) 9.040ms
[3720.648s][info][gc,cpu         ] GC(2535) User=0.00s Sys=0.00s Real=0.01s
[3722.156s][info][gc,start       ] GC(2536) Pause Young (Allocation Failure)
[3722.162s][info][gc,heap        ] GC(2536) DefNew: 584929K->5552K(629120K)
[3722.162s][info][gc,heap        ] GC(2536) Tenured: 75776K->75912K(1398144K)
[3722.162s][info][gc,metaspace   ] GC(2536) Metaspace: 90989K(98224K)->90989K(98224K) NonClass: 79618K(83632K)->79618K(83632K) Class: 11370K(14592K)->11370K(14592K)
[3722.162s][info][gc             ] GC(2536) Pause Young (Allocation Failure) 645M->79M(1979M) 6.202ms
[3722.162s][info][gc,cpu         ] GC(2536) User=0.00s Sys=0.00s Real=0.01s
[3723.998s][info][gc,start       ] GC(2537) Pause Young (Allocation Failure)
[3724.009s][info][gc,heap        ] GC(2537) DefNew: 564784K->8432K(629120K)
[3724.009s][info][gc,heap        ] GC(2537) Tenured: 75912K->76073K(1398144K)
[3724.009s][info][gc,metaspace   ] GC(2537) Metaspace: 90989K(98224K)->90989K(98224K) NonClass: 79618K(83632K)->79618K(83632K) Class: 11370K(14592K)->11370K(14592K)
[3724.009s][info][gc             ] GC(2537) Pause Young (Allocation Failure) 625M->82M(1979M) 11.499ms
[3724.009s][info][gc,cpu         ] GC(2537) User=0.00s Sys=0.00s Real=0.01s
[3724.472s][info][gc,start       ] GC(2538) Pause Young (Allocation Failure)
[3724.479s][info][gc,heap        ] GC(2538) DefNew: 566698K->12847K(629120K)
[3724.479s][info][gc,heap        ] GC(2538) Tenured: 76073K->76196K(1398144K)
[3724.479s][info][gc,metaspace   ] GC(2538) Metaspace: 90989K(98224K)->90989K(98224K) NonClass: 79618K(83632K)->79618K(83632K) Class: 11370K(14592K)->11370K(14592K)
[3724.479s][info][gc             ] GC(2538) Pause Young (Allocation Failure) 627M->86M(1979M) 7.852ms
[3724.479s][info][gc,cpu         ] GC(2538) User=0.00s Sys=0.00s Real=0.01s
[3725.995s][info][gc,start       ] GC(2539) Pause Young (GCLocker Initiated GC)
[3726.003s][info][gc,heap        ] GC(2539) DefNew: 572083K->7762K(629120K)
[3726.003s][info][gc,heap        ] GC(2539) Tenured: 76196K->76305K(1398144K)
[3726.003s][info][gc,metaspace   ] GC(2539) Metaspace: 90989K(98224K)->90989K(98224K) NonClass: 79618K(83632K)->79618K(83632K) Class: 11370K(14592K)->11370K(14592K)
[3726.003s][info][gc             ] GC(2539) Pause Young (GCLocker Initiated GC) 633M->82M(1979M) 7.834ms
[3726.003s][info][gc,cpu         ] GC(2539) User=0.00s Sys=0.00s Real=0.01s
[3727.756s][info][gc,start       ] GC(2540) Pause Young (Allocation Failure)
[3727.765s][info][gc,heap        ] GC(2540) DefNew: 566994K->8506K(629120K)
[3727.765s][info][gc,heap        ] GC(2540) Tenured: 76305K->76466K(1398144K)
[3727.765s][info][gc,metaspace   ] GC(2540) Metaspace: 90989K(98224K)->90989K(98224K) NonClass: 79618K(83632K)->79618K(83632K) Class: 11370K(14592K)->11370K(14592K)
[3727.765s][info][gc             ] GC(2540) Pause Young (Allocation Failure) 628M->82M(1979M) 8.908ms
[3727.765s][info][gc,cpu         ] GC(2540) User=0.00s Sys=0.00s Real=0.01s
[3728.237s][info][gc,start       ] GC(2541) Pause Young (Allocation Failure)
[3728.244s][info][gc,heap        ] GC(2541) DefNew: 565931K->9209K(629120K)
[3728.244s][info][gc,heap        ] GC(2541) Tenured: 76466K->76654K(1398144K)
[3728.244s][info][gc,metaspace   ] GC(2541) Metaspace: 90989K(98224K)->90989K(98224K) NonClass: 79618K(83632K)->79618K(83632K) Class: 11370K(14592K)->11370K(14592K)
[3728.244s][info][gc             ] GC(2541) Pause Young (Allocation Failure) 627M->83M(1979M) 7.559ms
[3728.244s][info][gc,cpu         ] GC(2541) User=0.00s Sys=0.00s Real=0.01s
[3729.760s][info][gc,start       ] GC(2542) Pause Young (Allocation Failure)
[3729.767s][info][gc,heap        ] GC(2542) DefNew: 568071K->5903K(629120K)
[3729.767s][info][gc,heap        ] GC(2542) Tenured: 76654K->76777K(1398144K)
[3729.767s][info][gc,metaspace   ] GC(2542) Metaspace: 90989K(98224K)->90989K(98224K) NonClass: 79618K(83632K)->79618K(83632K) Class: 11370K(14592K)->11370K(14592K)
[3729.767s][info][gc             ] GC(2542) Pause Young (Allocation Failure) 629M->80M(1979M) 7.398ms
[3729.767s][info][gc,cpu         ] GC(2542) User=0.05s Sys=0.00s Real=0.01s
[3731.619s][info][gc,start       ] GC(2543) Pause Young (Allocation Failure)
[3731.628s][info][gc,heap        ] GC(2543) DefNew: 565135K->8370K(629120K)
[3731.628s][info][gc,heap        ] GC(2543) Tenured: 76777K->76858K(1398144K)
[3731.628s][info][gc,metaspace   ] GC(2543) Metaspace: 90989K(98224K)->90989K(98224K) NonClass: 79618K(83632K)->79618K(83632K) Class: 11370K(14592K)->11370K(14592K)
[3731.628s][info][gc             ] GC(2543) Pause Young (Allocation Failure) 626M->83M(1979M) 9.786ms
[3731.628s][info][gc,cpu         ] GC(2543) User=0.00s Sys=0.00s Real=0.01s
[3732.359s][info][gc,start       ] GC(2544) Pause Young (Allocation Failure)
[3732.367s][info][gc,heap        ] GC(2544) DefNew: 567602K->7413K(629120K)
[3732.367s][info][gc,heap        ] GC(2544) Tenured: 76858K->77051K(1398144K)
[3732.367s][info][gc,metaspace   ] GC(2544) Metaspace: 90989K(98224K)->90989K(98224K) NonClass: 79618K(83632K)->79618K(83632K) Class: 11370K(14592K)->11370K(14592K)
[3732.367s][info][gc             ] GC(2544) Pause Young (Allocation Failure) 629M->82M(1979M) 8.049ms
[3732.367s][info][gc,cpu         ] GC(2544) User=0.00s Sys=0.00s Real=0.01s
[3732.374s][info][gc,start       ] GC(2545) Pause Full (System.gc())
[3732.375s][info][gc,phases,start] GC(2545) Phase 1: Mark live objects
[3732.426s][info][gc,phases      ] GC(2545) Phase 1: Mark live objects 50.674ms
[3732.426s][info][gc,phases,start] GC(2545) Phase 2: Compute new object addresses
[3732.439s][info][gc,phases      ] GC(2545) Phase 2: Compute new object addresses 12.767ms
[3732.439s][info][gc,phases,start] GC(2545) Phase 3: Adjust pointers
[3732.472s][info][gc,phases      ] GC(2545) Phase 3: Adjust pointers 32.568ms
[3732.472s][info][gc,phases,start] GC(2545) Phase 4: Move objects
[3732.479s][info][gc,phases      ] GC(2545) Phase 4: Move objects 6.910ms
[3732.479s][info][gc,heap        ] GC(2545) DefNew: 33556K->0K(629120K)
[3732.479s][info][gc,heap        ] GC(2545) Tenured: 77051K->54117K(1398144K)
[3732.479s][info][gc,metaspace   ] GC(2545) Metaspace: 90989K(98224K)->90989K(98224K) NonClass: 79618K(83632K)->79618K(83632K) Class: 11370K(14592K)->11370K(14592K)
[3732.479s][info][gc             ] GC(2545) Pause Full (System.gc()) 108M->52M(1979M) 105.777ms
[3732.479s][info][gc,cpu         ] GC(2545) User=0.12s Sys=0.00s Real=0.11s
[3732.964s][info][gc,start       ] GC(2546) Pause Young (Allocation Failure)
[3732.968s][info][gc,heap        ] GC(2546) DefNew: 559081K->4217K(629120K)
[3732.968s][info][gc,heap        ] GC(2546) Tenured: 54117K->54117K(1398144K)
[3732.968s][info][gc,metaspace   ] GC(2546) Metaspace: 90989K(98224K)->90989K(98224K) NonClass: 79618K(83632K)->79618K(83632K) Class: 11370K(14592K)->11370K(14592K)
[3732.968s][info][gc             ] GC(2546) Pause Young (Allocation Failure) 598M->56M(1979M) 3.883ms
[3732.968s][info][gc,cpu         ] GC(2546) User=0.00s Sys=0.00s Real=0.00s
[3735.069s][info][gc,start       ] GC(2547) Pause Young (Allocation Failure)
[3735.073s][info][gc,heap        ] GC(2547) DefNew: 563449K->4436K(629120K)
[3735.074s][info][gc,heap        ] GC(2547) Tenured: 54117K->54117K(1398144K)
[3735.074s][info][gc,metaspace   ] GC(2547) Metaspace: 90989K(98224K)->90989K(98224K) NonClass: 79618K(83632K)->79618K(83632K) Class: 11370K(14592K)->11370K(14592K)
[3735.074s][info][gc             ] GC(2547) Pause Young (Allocation Failure) 603M->57M(1979M) 4.385ms
[3735.074s][info][gc,cpu         ] GC(2547) User=0.00s Sys=0.00s Real=0.00s
[3737.012s][info][gc,start       ] GC(2548) Pause Young (Allocation Failure)
[3737.018s][info][gc,heap        ] GC(2548) DefNew: 562716K->4969K(629120K)
[3737.018s][info][gc,heap        ] GC(2548) Tenured: 54117K->54117K(1398144K)
[3737.018s][info][gc,metaspace   ] GC(2548) Metaspace: 90989K(98224K)->90989K(98224K) NonClass: 79618K(83632K)->79618K(83632K) Class: 11370K(14592K)->11370K(14592K)
[3737.018s][info][gc             ] GC(2548) Pause Young (Allocation Failure) 602M->57M(1979M) 5.680ms
[3737.018s][info][gc,cpu         ] GC(2548) User=0.00s Sys=0.00s Real=0.01s
[3738.789s][info][gc,start       ] GC(2549) Pause Young (Allocation Failure)
[3738.798s][info][gc,heap        ] GC(2549) DefNew: 564201K->7154K(629120K)
[3738.798s][info][gc,heap        ] GC(2549) Tenured: 54117K->54117K(1398144K)
[3738.798s][info][gc,metaspace   ] GC(2549) Metaspace: 90989K(98224K)->90989K(98224K) NonClass: 79618K(83632K)->79618K(83632K) Class: 11370K(14592K)->11370K(14592K)
[3738.798s][info][gc             ] GC(2549) Pause Young (Allocation Failure) 603M->59M(1979M) 9.168ms
[3738.798s][info][gc,cpu         ] GC(2549) User=0.00s Sys=0.00s Real=0.01s
[3739.278s][info][gc,start       ] GC(2550) Pause Young (Allocation Failure)
[3739.286s][info][gc,heap        ] GC(2550) DefNew: 564842K->25072K(629120K)
[3739.286s][info][gc,heap        ] GC(2550) Tenured: 54117K->54117K(1398144K)
[3739.286s][info][gc,metaspace   ] GC(2550) Metaspace: 90989K(98224K)->90989K(98224K) NonClass: 79618K(83632K)->79618K(83632K) Class: 11370K(14592K)->11370K(14592K)
[3739.286s][info][gc             ] GC(2550) Pause Young (Allocation Failure) 604M->77M(1979M) 7.788ms
[3739.286s][info][gc,cpu         ] GC(2550) User=0.00s Sys=0.00s Real=0.01s
[3740.787s][info][gc,start       ] GC(2551) Pause Young (GCLocker Initiated GC)
[3740.793s][info][gc,heap        ] GC(2551) DefNew: 584304K->6539K(629120K)
[3740.793s][info][gc,heap        ] GC(2551) Tenured: 54117K->54117K(1398144K)
[3740.793s][info][gc,metaspace   ] GC(2551) Metaspace: 90989K(98224K)->90989K(98224K) NonClass: 79618K(83632K)->79618K(83632K) Class: 11370K(14592K)->11370K(14592K)
[3740.793s][info][gc             ] GC(2551) Pause Young (GCLocker Initiated GC) 623M->59M(1979M) 6.335ms
[3740.794s][info][gc,cpu         ] GC(2551) User=0.00s Sys=0.00s Real=0.01s
[3742.808s][info][gc,start       ] GC(2552) Pause Young (Allocation Failure)
[3742.813s][info][gc,heap        ] GC(2552) DefNew: 565771K->5126K(629120K)
[3742.813s][info][gc,heap        ] GC(2552) Tenured: 54117K->54117K(1398144K)
[3742.813s][info][gc,metaspace   ] GC(2552) Metaspace: 90989K(98224K)->90989K(98224K) NonClass: 79618K(83632K)->79618K(83632K) Class: 11370K(14592K)->11370K(14592K)
[3742.813s][info][gc             ] GC(2552) Pause Young (Allocation Failure) 605M->57M(1979M) 5.608ms
[3742.814s][info][gc,cpu         ] GC(2552) User=0.00s Sys=0.00s Real=0.01s
[3745.356s][info][gc,start       ] GC(2553) Pause Young (Allocation Failure)
[3745.361s][info][gc,heap        ] GC(2553) DefNew: 564200K->5873K(629120K)
[3745.361s][info][gc,heap        ] GC(2553) Tenured: 54117K->54117K(1398144K)
[3745.361s][info][gc,metaspace   ] GC(2553) Metaspace: 90989K(98224K)->90989K(98224K) NonClass: 79618K(83632K)->79618K(83632K) Class: 11370K(14592K)->11370K(14592K)
[3745.361s][info][gc             ] GC(2553) Pause Young (Allocation Failure) 603M->58M(1979M) 5.731ms
[3745.362s][info][gc,cpu         ] GC(2553) User=0.00s Sys=0.00s Real=0.00s
[3745.979s][info][gc,start       ] GC(2554) Pause Young (Allocation Failure)
[3745.987s][info][gc,heap        ] GC(2554) DefNew: 562648K->16350K(629120K)
[3745.987s][info][gc,heap        ] GC(2554) Tenured: 54117K->54117K(1398144K)
[3745.987s][info][gc,metaspace   ] GC(2554) Metaspace: 90989K(98224K)->90989K(98224K) NonClass: 79618K(83632K)->79618K(83632K) Class: 11370K(14592K)->11370K(14592K)
[3745.987s][info][gc             ] GC(2554) Pause Young (Allocation Failure) 602M->68M(1979M) 8.088ms
[3745.988s][info][gc,cpu         ] GC(2554) User=0.00s Sys=0.00s Real=0.01s
[3746.704s][info][gc,start       ] GC(2555) Pause Young (Allocation Failure)
[3746.709s][info][gc,heap        ] GC(2555) DefNew: 575582K->5173K(629120K)
[3746.709s][info][gc,heap        ] GC(2555) Tenured: 54117K->54117K(1398144K)
[3746.709s][info][gc,metaspace   ] GC(2555) Metaspace: 90989K(98224K)->90989K(98224K) NonClass: 79618K(83632K)->79618K(83632K) Class: 11370K(14592K)->11370K(14592K)
[3746.709s][info][gc             ] GC(2555) Pause Young (Allocation Failure) 614M->57M(1979M) 5.234ms
[3746.709s][info][gc,cpu         ] GC(2555) User=0.00s Sys=0.00s Real=0.00s
[3749.180s][info][gc,start       ] GC(2556) Pause Young (Allocation Failure)
[3749.186s][info][gc,heap        ] GC(2556) DefNew: 561732K->6305K(629120K)
[3749.186s][info][gc,heap        ] GC(2556) Tenured: 54117K->54117K(1398144K)
[3749.186s][info][gc,metaspace   ] GC(2556) Metaspace: 90989K(98224K)->90989K(98224K) NonClass: 79618K(83632K)->79618K(83632K) Class: 11370K(14592K)->11370K(14592K)
[3749.186s][info][gc             ] GC(2556) Pause Young (Allocation Failure) 601M->59M(1979M) 5.755ms
[3749.186s][info][gc,cpu         ] GC(2556) User=0.00s Sys=0.00s Real=0.01s
[3751.145s][info][gc,start       ] GC(2557) Pause Young (Allocation Failure)
[3751.151s][info][gc,heap        ] GC(2557) DefNew: 564890K->6421K(629120K)
[3751.151s][info][gc,heap        ] GC(2557) Tenured: 54117K->54117K(1398144K)
[3751.151s][info][gc,metaspace   ] GC(2557) Metaspace: 90989K(98224K)->90989K(98224K) NonClass: 79618K(83632K)->79618K(83632K) Class: 11370K(14592K)->11370K(14592K)
[3751.151s][info][gc             ] GC(2557) Pause Young (Allocation Failure) 604M->59M(1979M) 6.742ms
[3751.151s][info][gc,cpu         ] GC(2557) User=0.02s Sys=0.00s Real=0.01s
[3752.528s][info][gc,start       ] GC(2558) Pause Young (Allocation Failure)
[3752.548s][info][gc,heap        ] GC(2558) DefNew: 565653K->11358K(629120K)
[3752.548s][info][gc,heap        ] GC(2558) Tenured: 54117K->54117K(1398144K)
[3752.548s][info][gc,metaspace   ] GC(2558) Metaspace: 90989K(98224K)->90989K(98224K) NonClass: 79618K(83632K)->79618K(83632K) Class: 11370K(14592K)->11370K(14592K)
[3752.548s][info][gc             ] GC(2558) Pause Young (Allocation Failure) 605M->63M(1979M) 19.935ms
[3752.548s][info][gc,cpu         ] GC(2558) User=0.00s Sys=0.00s Real=0.02s
[3752.998s][info][gc,start       ] GC(2559) Pause Young (Allocation Failure)
[3753.004s][info][gc,heap        ] GC(2559) DefNew: 570590K->8455K(629120K)
[3753.004s][info][gc,heap        ] GC(2559) Tenured: 54117K->54117K(1398144K)
[3753.004s][info][gc,metaspace   ] GC(2559) Metaspace: 90989K(98224K)->90989K(98224K) NonClass: 79618K(83632K)->79618K(83632K) Class: 11370K(14592K)->11370K(14592K)
[3753.004s][info][gc             ] GC(2559) Pause Young (Allocation Failure) 610M->61M(1979M) 6.552ms
[3753.004s][info][gc,cpu         ] GC(2559) User=0.00s Sys=0.00s Real=0.01s
[3755.053s][info][gc,start       ] GC(2560) Pause Young (Allocation Failure)
[3755.061s][info][gc,heap        ] GC(2560) DefNew: 567687K->7606K(629120K)
[3755.061s][info][gc,heap        ] GC(2560) Tenured: 54117K->54117K(1398144K)
[3755.061s][info][gc,metaspace   ] GC(2560) Metaspace: 90989K(98224K)->90989K(98224K) NonClass: 79618K(83632K)->79618K(83632K) Class: 11370K(14592K)->11370K(14592K)
[3755.061s][info][gc             ] GC(2560) Pause Young (Allocation Failure) 607M->60M(1979M) 7.449ms
[3755.061s][info][gc,cpu         ] GC(2560) User=0.00s Sys=0.00s Real=0.01s
[3757.082s][info][gc,start       ] GC(2561) Pause Young (Allocation Failure)
[3757.088s][info][gc,heap        ] GC(2561) DefNew: 563984K->6148K(629120K)
[3757.088s][info][gc,heap        ] GC(2561) Tenured: 54117K->54601K(1398144K)
[3757.088s][info][gc,metaspace   ] GC(2561) Metaspace: 90989K(98224K)->90989K(98224K) NonClass: 79618K(83632K)->79618K(83632K) Class: 11370K(14592K)->11370K(14592K)
[3757.089s][info][gc             ] GC(2561) Pause Young (Allocation Failure) 603M->59M(1979M) 6.597ms
[3757.089s][info][gc,cpu         ] GC(2561) User=0.00s Sys=0.00s Real=0.01s
[3758.895s][info][gc,start       ] GC(2562) Pause Young (Allocation Failure)
[3758.905s][info][gc,heap        ] GC(2562) DefNew: 565380K->11277K(629120K)
[3758.905s][info][gc,heap        ] GC(2562) Tenured: 54601K->54792K(1398144K)
[3758.905s][info][gc,metaspace   ] GC(2562) Metaspace: 90989K(98224K)->90989K(98224K) NonClass: 79618K(83632K)->79618K(83632K) Class: 11370K(14592K)->11370K(14592K)
[3758.905s][info][gc             ] GC(2562) Pause Young (Allocation Failure) 605M->64M(1979M) 10.274ms
[3758.905s][info][gc,cpu         ] GC(2562) User=0.00s Sys=0.00s Real=0.01s
[3759.509s][info][gc,start       ] GC(2563) Pause Young (GCLocker Initiated GC)
[3759.517s][info][gc,heap        ] GC(2563) DefNew: 571821K->21444K(629120K)
[3759.518s][info][gc,heap        ] GC(2563) Tenured: 54792K->54977K(1398144K)
[3759.518s][info][gc,metaspace   ] GC(2563) Metaspace: 90989K(98224K)->90989K(98224K) NonClass: 79618K(83632K)->79618K(83632K) Class: 11370K(14592K)->11370K(14592K)
[3759.518s][info][gc             ] GC(2563) Pause Young (GCLocker Initiated GC) 611M->74M(1979M) 8.350ms
[3759.518s][info][gc,cpu         ] GC(2563) User=0.00s Sys=0.00s Real=0.01s
[3760.959s][info][gc,start       ] GC(2564) Pause Young (Allocation Failure)
[3760.965s][info][gc,heap        ] GC(2564) DefNew: 580295K->5623K(629120K)
[3760.965s][info][gc,heap        ] GC(2564) Tenured: 54977K->55123K(1398144K)
[3760.965s][info][gc,metaspace   ] GC(2564) Metaspace: 90989K(98224K)->90989K(98224K) NonClass: 79618K(83632K)->79618K(83632K) Class: 11370K(14592K)->11370K(14592K)
[3760.965s][info][gc             ] GC(2564) Pause Young (Allocation Failure) 620M->59M(1979M) 6.141ms
[3760.965s][info][gc,cpu         ] GC(2564) User=0.00s Sys=0.00s Real=0.01s
[3762.814s][info][gc,start       ] GC(2565) Pause Young (Allocation Failure)
[3762.823s][info][gc,heap        ] GC(2565) DefNew: 564855K->8264K(629120K)
[3762.823s][info][gc,heap        ] GC(2565) Tenured: 55123K->55190K(1398144K)
[3762.823s][info][gc,metaspace   ] GC(2565) Metaspace: 90989K(98224K)->90989K(98224K) NonClass: 79618K(83632K)->79618K(83632K) Class: 11370K(14592K)->11370K(14592K)
[3762.823s][info][gc             ] GC(2565) Pause Young (Allocation Failure) 605M->61M(1979M) 9.340ms
[3762.823s][info][gc,cpu         ] GC(2565) User=0.00s Sys=0.00s Real=0.01s
[3763.327s][info][gc,start       ] GC(2566) Pause Young (Allocation Failure)
[3763.335s][info][gc,heap        ] GC(2566) DefNew: 566490K->13478K(629120K)
[3763.335s][info][gc,heap        ] GC(2566) Tenured: 55190K->55371K(1398144K)
[3763.335s][info][gc,metaspace   ] GC(2566) Metaspace: 90989K(98224K)->90989K(98224K) NonClass: 79618K(83632K)->79618K(83632K) Class: 11370K(14592K)->11370K(14592K)
[3763.335s][info][gc             ] GC(2566) Pause Young (Allocation Failure) 607M->67M(1979M) 8.066ms
[3763.335s][info][gc,cpu         ] GC(2566) User=0.02s Sys=0.00s Real=0.01s
[3764.958s][info][gc,start       ] GC(2567) Pause Young (Allocation Failure)
[3764.966s][info][gc,heap        ] GC(2567) DefNew: 572710K->7423K(629120K)
[3764.966s][info][gc,heap        ] GC(2567) Tenured: 55371K->55510K(1398144K)
[3764.966s][info][gc,metaspace   ] GC(2567) Metaspace: 90989K(98224K)->90989K(98224K) NonClass: 79618K(83632K)->79618K(83632K) Class: 11370K(14592K)->11370K(14592K)
[3764.966s][info][gc             ] GC(2567) Pause Young (Allocation Failure) 613M->61M(1979M) 7.758ms
[3764.966s][info][gc,cpu         ] GC(2567) User=0.00s Sys=0.00s Real=0.01s
[3766.790s][info][gc,start       ] GC(2568) Pause Young (Allocation Failure)
[3766.799s][info][gc,heap        ] GC(2568) DefNew: 566655K->8292K(629120K)
[3766.799s][info][gc,heap        ] GC(2568) Tenured: 55510K->55674K(1398144K)
[3766.799s][info][gc,metaspace   ] GC(2568) Metaspace: 90989K(98224K)->90989K(98224K) NonClass: 79618K(83632K)->79618K(83632K) Class: 11370K(14592K)->11370K(14592K)
[3766.800s][info][gc             ] GC(2568) Pause Young (Allocation Failure) 607M->62M(1979M) 10.001ms
[3766.800s][info][gc,cpu         ] GC(2568) User=0.00s Sys=0.00s Real=0.01s
[3767.242s][info][gc,start       ] GC(2569) Pause Young (Allocation Failure)
[3767.250s][info][gc,heap        ] GC(2569) DefNew: 565442K->8360K(629120K)
[3767.250s][info][gc,heap        ] GC(2569) Tenured: 55674K->55791K(1398144K)
[3767.250s][info][gc,metaspace   ] GC(2569) Metaspace: 90989K(98224K)->90989K(98224K) NonClass: 79618K(83632K)->79618K(83632K) Class: 11370K(14592K)->11370K(14592K)
[3767.250s][info][gc             ] GC(2569) Pause Young (Allocation Failure) 606M->62M(1979M) 7.532ms
[3767.250s][info][gc,cpu         ] GC(2569) User=0.00s Sys=0.00s Real=0.01s
[3768.780s][info][gc,start       ] GC(2570) Pause Young (Allocation Failure)
[3768.785s][info][gc,heap        ] GC(2570) DefNew: 566921K->5684K(629120K)
[3768.786s][info][gc,heap        ] GC(2570) Tenured: 55791K->55904K(1398144K)
[3768.786s][info][gc,metaspace   ] GC(2570) Metaspace: 90989K(98224K)->90989K(98224K) NonClass: 79618K(83632K)->79618K(83632K) Class: 11370K(14592K)->11370K(14592K)
[3768.786s][info][gc             ] GC(2570) Pause Young (Allocation Failure) 608M->60M(1979M) 5.885ms
[3768.786s][info][gc,cpu         ] GC(2570) User=0.00s Sys=0.00s Real=0.00s
[3770.487s][info][gc,start       ] GC(2571) Pause Young (Allocation Failure)
[3770.496s][info][gc,heap        ] GC(2571) DefNew: 564916K->8454K(629120K)
[3770.497s][info][gc,heap        ] GC(2571) Tenured: 55904K->56063K(1398144K)
[3770.497s][info][gc,metaspace   ] GC(2571) Metaspace: 90989K(98224K)->90989K(98224K) NonClass: 79618K(83632K)->79618K(83632K) Class: 11370K(14592K)->11370K(14592K)
[3770.497s][info][gc             ] GC(2571) Pause Young (Allocation Failure) 606M->63M(1979M) 9.528ms
[3770.497s][info][gc,cpu         ] GC(2571) User=0.00s Sys=0.00s Real=0.01s
[3770.995s][info][gc,start       ] GC(2572) Pause Young (Allocation Failure)
[3771.002s][info][gc,heap        ] GC(2572) DefNew: 567220K->8898K(629120K)
[3771.002s][info][gc,heap        ] GC(2572) Tenured: 56063K->56248K(1398144K)
[3771.002s][info][gc,metaspace   ] GC(2572) Metaspace: 90989K(98224K)->90989K(98224K) NonClass: 79618K(83632K)->79618K(83632K) Class: 11370K(14592K)->11370K(14592K)
[3771.002s][info][gc             ] GC(2572) Pause Young (Allocation Failure) 608M->63M(1979M) 6.709ms
[3771.002s][info][gc,cpu         ] GC(2572) User=0.00s Sys=0.00s Real=0.01s
[3772.546s][info][gc,start       ] GC(2573) Pause Young (Allocation Failure)
[3772.553s][info][gc,heap        ] GC(2573) DefNew: 568130K->6037K(629120K)
[3772.553s][info][gc,heap        ] GC(2573) Tenured: 56248K->56369K(1398144K)
[3772.553s][info][gc,metaspace   ] GC(2573) Metaspace: 90989K(98224K)->90989K(98224K) NonClass: 79618K(83632K)->79618K(83632K) Class: 11370K(14592K)->11370K(14592K)
[3772.553s][info][gc             ] GC(2573) Pause Young (Allocation Failure) 609M->60M(1979M) 7.687ms
[3772.553s][info][gc,cpu         ] GC(2573) User=0.02s Sys=0.00s Real=0.01s
[3774.366s][info][gc,start       ] GC(2574) Pause Young (Allocation Failure)
[3774.378s][info][gc,heap        ] GC(2574) DefNew: 565269K->8996K(629120K)
[3774.378s][info][gc,heap        ] GC(2574) Tenured: 56369K->56452K(1398144K)
[3774.378s][info][gc,metaspace   ] GC(2574) Metaspace: 90989K(98224K)->90989K(98224K) NonClass: 79618K(83632K)->79618K(83632K) Class: 11370K(14592K)->11370K(14592K)
[3774.378s][info][gc             ] GC(2574) Pause Young (Allocation Failure) 607M->63M(1979M) 12.363ms
[3774.378s][info][gc,cpu         ] GC(2574) User=0.00s Sys=0.00s Real=0.01s
[3775.071s][info][gc,start       ] GC(2575) Pause Young (Allocation Failure)
[3775.078s][info][gc,heap        ] GC(2575) DefNew: 568228K->6686K(629120K)
[3775.078s][info][gc,heap        ] GC(2575) Tenured: 56452K->56645K(1398144K)
[3775.078s][info][gc,metaspace   ] GC(2575) Metaspace: 90990K(98224K)->90990K(98224K) NonClass: 79619K(83632K)->79619K(83632K) Class: 11370K(14592K)->11370K(14592K)
[3775.078s][info][gc             ] GC(2575) Pause Young (Allocation Failure) 610M->61M(1979M) 7.270ms
[3775.078s][info][gc,cpu         ] GC(2575) User=0.00s Sys=0.00s Real=0.01s
[3775.089s][info][gc,start       ] GC(2576) Pause Full (System.gc())
[3775.091s][info][gc,phases,start] GC(2576) Phase 1: Mark live objects
[3775.144s][info][gc,phases      ] GC(2576) Phase 1: Mark live objects 52.729ms
[3775.144s][info][gc,phases,start] GC(2576) Phase 2: Compute new object addresses
[3775.155s][info][gc,phases      ] GC(2576) Phase 2: Compute new object addresses 11.277ms
[3775.155s][info][gc,phases,start] GC(2576) Phase 3: Adjust pointers
[3775.186s][info][gc,phases      ] GC(2576) Phase 3: Adjust pointers 30.451ms
[3775.186s][info][gc,phases,start] GC(2576) Phase 4: Move objects
[3775.186s][info][gc,phases      ] GC(2576) Phase 4: Move objects 0.695ms
[3775.187s][info][gc,heap        ] GC(2576) DefNew: 15583K->0K(629120K)
[3775.187s][info][gc,heap        ] GC(2576) Tenured: 56645K->59798K(1398144K)
[3775.187s][info][gc,metaspace   ] GC(2576) Metaspace: 90990K(98224K)->90990K(98224K) NonClass: 79619K(83632K)->79619K(83632K) Class: 11370K(14592K)->11370K(14592K)
[3775.187s][info][gc             ] GC(2576) Pause Full (System.gc()) 70M->58M(1979M) 98.484ms
[3775.187s][info][gc,cpu         ] GC(2576) User=0.06s Sys=0.00s Real=0.10s
[3775.686s][info][gc,start       ] GC(2577) Pause Young (Allocation Failure)
[3775.690s][info][gc,heap        ] GC(2577) DefNew: 559232K->3060K(629120K)
[3775.690s][info][gc,heap        ] GC(2577) Tenured: 59798K->59798K(1398144K)
[3775.690s][info][gc,metaspace   ] GC(2577) Metaspace: 90990K(98224K)->90990K(98224K) NonClass: 79619K(83632K)->79619K(83632K) Class: 11370K(14592K)->11370K(14592K)
[3775.690s][info][gc             ] GC(2577) Pause Young (Allocation Failure) 604M->61M(1979M) 3.926ms
[3775.690s][info][gc,cpu         ] GC(2577) User=0.00s Sys=0.00s Real=0.00s
[3777.655s][info][gc,start       ] GC(2578) Pause Young (Allocation Failure)
[3777.659s][info][gc,heap        ] GC(2578) DefNew: 559902K->4398K(629120K)
[3777.659s][info][gc,heap        ] GC(2578) Tenured: 59798K->59798K(1398144K)
[3777.659s][info][gc,metaspace   ] GC(2578) Metaspace: 90990K(98224K)->90990K(98224K) NonClass: 79619K(83632K)->79619K(83632K) Class: 11370K(14592K)->11370K(14592K)
[3777.659s][info][gc             ] GC(2578) Pause Young (Allocation Failure) 605M->62M(1979M) 4.487ms
[3777.659s][info][gc,cpu         ] GC(2578) User=0.00s Sys=0.00s Real=0.00s
[3779.597s][info][gc,start       ] GC(2579) Pause Young (Allocation Failure)
[3779.603s][info][gc,heap        ] GC(2579) DefNew: 563534K->4971K(629120K)
[3779.603s][info][gc,heap        ] GC(2579) Tenured: 59798K->59798K(1398144K)
[3779.603s][info][gc,metaspace   ] GC(2579) Metaspace: 90990K(98224K)->90990K(98224K) NonClass: 79619K(83632K)->79619K(83632K) Class: 11370K(14592K)->11370K(14592K)
[3779.603s][info][gc             ] GC(2579) Pause Young (Allocation Failure) 608M->63M(1979M) 5.665ms
[3779.603s][info][gc,cpu         ] GC(2579) User=0.00s Sys=0.00s Real=0.01s
[3781.352s][info][gc,start       ] GC(2580) Pause Young (Allocation Failure)
[3781.362s][info][gc,heap        ] GC(2580) DefNew: 564203K->7361K(629120K)
[3781.362s][info][gc,heap        ] GC(2580) Tenured: 59798K->59798K(1398144K)
[3781.362s][info][gc,metaspace   ] GC(2580) Metaspace: 90990K(98224K)->90990K(98224K) NonClass: 79619K(83632K)->79619K(83632K) Class: 11370K(14592K)->11370K(14592K)
[3781.363s][info][gc             ] GC(2580) Pause Young (Allocation Failure) 609M->65M(1979M) 10.499ms
[3781.363s][info][gc,cpu         ] GC(2580) User=0.00s Sys=0.00s Real=0.01s
[3781.845s][info][gc,start       ] GC(2581) Pause Young (Allocation Failure)
[3781.851s][info][gc,heap        ] GC(2581) DefNew: 565301K->8189K(629120K)
[3781.851s][info][gc,heap        ] GC(2581) Tenured: 59798K->59798K(1398144K)
[3781.851s][info][gc,metaspace   ] GC(2581) Metaspace: 90990K(98224K)->90990K(98224K) NonClass: 79619K(83632K)->79619K(83632K) Class: 11370K(14592K)->11370K(14592K)
[3781.851s][info][gc             ] GC(2581) Pause Young (Allocation Failure) 610M->66M(1979M) 5.941ms
[3781.851s][info][gc,cpu         ] GC(2581) User=0.00s Sys=0.00s Real=0.01s
[3783.305s][info][gc,start       ] GC(2582) Pause Young (GCLocker Initiated GC)
[3783.312s][info][gc,heap        ] GC(2582) DefNew: 567433K->6578K(629120K)
[3783.312s][info][gc,heap        ] GC(2582) Tenured: 59798K->59798K(1398144K)
[3783.312s][info][gc,metaspace   ] GC(2582) Metaspace: 90990K(98224K)->90990K(98224K) NonClass: 79619K(83632K)->79619K(83632K) Class: 11370K(14592K)->11370K(14592K)
[3783.312s][info][gc             ] GC(2582) Pause Young (GCLocker Initiated GC) 612M->64M(1979M) 6.946ms
[3783.312s][info][gc,cpu         ] GC(2582) User=0.00s Sys=0.00s Real=0.01s
[3785.266s][info][gc,start       ] GC(2583) Pause Young (Allocation Failure)
[3785.271s][info][gc,heap        ] GC(2583) DefNew: 565810K->5382K(629120K)
[3785.271s][info][gc,heap        ] GC(2583) Tenured: 59798K->59798K(1398144K)
[3785.271s][info][gc,metaspace   ] GC(2583) Metaspace: 90990K(98224K)->90990K(98224K) NonClass: 79619K(83632K)->79619K(83632K) Class: 11370K(14592K)->11370K(14592K)
[3785.271s][info][gc             ] GC(2583) Pause Young (Allocation Failure) 610M->63M(1979M) 5.180ms
[3785.271s][info][gc,cpu         ] GC(2583) User=0.00s Sys=0.00s Real=0.01s
[3787.816s][info][gc,start       ] GC(2584) Pause Young (Allocation Failure)
[3787.821s][info][gc,heap        ] GC(2584) DefNew: 564614K->5685K(629120K)
[3787.821s][info][gc,heap        ] GC(2584) Tenured: 59798K->59798K(1398144K)
[3787.821s][info][gc,metaspace   ] GC(2584) Metaspace: 90990K(98224K)->90990K(98224K) NonClass: 79619K(83632K)->79619K(83632K) Class: 11370K(14592K)->11370K(14592K)
[3787.821s][info][gc             ] GC(2584) Pause Young (Allocation Failure) 609M->63M(1979M) 5.404ms
[3787.821s][info][gc,cpu         ] GC(2584) User=0.00s Sys=0.00s Real=0.01s
[3788.444s][info][gc,start       ] GC(2585) Pause Young (Allocation Failure)
[3788.452s][info][gc,heap        ] GC(2585) DefNew: 564146K->12130K(629120K)
[3788.452s][info][gc,heap        ] GC(2585) Tenured: 59798K->59798K(1398144K)
[3788.452s][info][gc,metaspace   ] GC(2585) Metaspace: 90990K(98224K)->90990K(98224K) NonClass: 79619K(83632K)->79619K(83632K) Class: 11370K(14592K)->11370K(14592K)
[3788.452s][info][gc             ] GC(2585) Pause Young (Allocation Failure) 609M->70M(1979M) 7.958ms
[3788.452s][info][gc,cpu         ] GC(2585) User=0.00s Sys=0.00s Real=0.01s
[3789.161s][info][gc,start       ] GC(2586) Pause Young (Allocation Failure)
[3789.166s][info][gc,heap        ] GC(2586) DefNew: 571362K->5075K(629120K)
[3789.166s][info][gc,heap        ] GC(2586) Tenured: 59798K->59798K(1398144K)
[3789.166s][info][gc,metaspace   ] GC(2586) Metaspace: 90990K(98224K)->90990K(98224K) NonClass: 79619K(83632K)->79619K(83632K) Class: 11370K(14592K)->11370K(14592K)
[3789.166s][info][gc             ] GC(2586) Pause Young (Allocation Failure) 616M->63M(1979M) 5.000ms
[3789.166s][info][gc,cpu         ] GC(2586) User=0.00s Sys=0.00s Real=0.01s
[3791.638s][info][gc,start       ] GC(2587) Pause Young (Allocation Failure)
[3791.644s][info][gc,heap        ] GC(2587) DefNew: 561733K->6237K(629120K)
[3791.644s][info][gc,heap        ] GC(2587) Tenured: 59798K->59798K(1398144K)
[3791.644s][info][gc,metaspace   ] GC(2587) Metaspace: 90990K(98224K)->90990K(98224K) NonClass: 79619K(83632K)->79619K(83632K) Class: 11370K(14592K)->11370K(14592K)
[3791.644s][info][gc             ] GC(2587) Pause Young (Allocation Failure) 606M->64M(1979M) 5.984ms
[3791.644s][info][gc,cpu         ] GC(2587) User=0.00s Sys=0.00s Real=0.01s
[3793.635s][info][gc,start       ] GC(2588) Pause Young (Allocation Failure)
[3793.642s][info][gc,heap        ] GC(2588) DefNew: 565011K->6455K(629120K)
[3793.642s][info][gc,heap        ] GC(2588) Tenured: 59798K->59798K(1398144K)
[3793.642s][info][gc,metaspace   ] GC(2588) Metaspace: 90990K(98224K)->90990K(98224K) NonClass: 79619K(83632K)->79619K(83632K) Class: 11370K(14592K)->11370K(14592K)
[3793.642s][info][gc             ] GC(2588) Pause Young (Allocation Failure) 610M->64M(1979M) 7.393ms
[3793.642s][info][gc,cpu         ] GC(2588) User=0.00s Sys=0.00s Real=0.01s
[3794.960s][info][gc,start       ] GC(2589) Pause Young (Allocation Failure)
[3794.979s][info][gc,heap        ] GC(2589) DefNew: 565687K->11825K(629120K)
[3794.979s][info][gc,heap        ] GC(2589) Tenured: 59798K->59798K(1398144K)
[3794.979s][info][gc,metaspace   ] GC(2589) Metaspace: 90990K(98224K)->90990K(98224K) NonClass: 79619K(83632K)->79619K(83632K) Class: 11370K(14592K)->11370K(14592K)
[3794.979s][info][gc             ] GC(2589) Pause Young (Allocation Failure) 610M->69M(1979M) 18.876ms
[3794.979s][info][gc,cpu         ] GC(2589) User=0.00s Sys=0.00s Real=0.02s
[3795.506s][info][gc,start       ] GC(2590) Pause Young (Allocation Failure)
[3795.512s][info][gc,heap        ] GC(2590) DefNew: 570933K->8590K(629120K)
[3795.512s][info][gc,heap        ] GC(2590) Tenured: 59798K->59798K(1398144K)
[3795.512s][info][gc,metaspace   ] GC(2590) Metaspace: 90990K(98224K)->90990K(98224K) NonClass: 79619K(83632K)->79619K(83632K) Class: 11370K(14592K)->11370K(14592K)
[3795.512s][info][gc             ] GC(2590) Pause Young (Allocation Failure) 615M->66M(1979M) 6.364ms
[3795.512s][info][gc,cpu         ] GC(2590) User=0.00s Sys=0.00s Real=0.01s
[3797.523s][info][gc,start       ] GC(2591) Pause Young (Allocation Failure)
[3797.530s][info][gc,heap        ] GC(2591) DefNew: 567822K->7930K(629120K)
[3797.531s][info][gc,heap        ] GC(2591) Tenured: 59798K->59798K(1398144K)
[3797.531s][info][gc,metaspace   ] GC(2591) Metaspace: 90990K(98224K)->90990K(98224K) NonClass: 79619K(83632K)->79619K(83632K) Class: 11370K(14592K)->11370K(14592K)
[3797.531s][info][gc             ] GC(2591) Pause Young (Allocation Failure) 612M->66M(1979M) 8.046ms
[3797.531s][info][gc,cpu         ] GC(2591) User=0.00s Sys=0.00s Real=0.01s
[3799.510s][info][gc,start       ] GC(2592) Pause Young (Allocation Failure)
[3799.516s][info][gc,heap        ] GC(2592) DefNew: 563199K->6301K(629120K)
[3799.516s][info][gc,heap        ] GC(2592) Tenured: 59798K->60269K(1398144K)
[3799.516s][info][gc,metaspace   ] GC(2592) Metaspace: 90990K(98224K)->90990K(98224K) NonClass: 79619K(83632K)->79619K(83632K) Class: 11370K(14592K)->11370K(14592K)
[3799.516s][info][gc             ] GC(2592) Pause Young (Allocation Failure) 608M->65M(1979M) 6.659ms
[3799.516s][info][gc,cpu         ] GC(2592) User=0.00s Sys=0.00s Real=0.01s
[3801.340s][info][gc,start       ] GC(2593) Pause Young (Allocation Failure)
[3801.351s][info][gc,heap        ] GC(2593) DefNew: 565533K->10446K(629120K)
[3801.351s][info][gc,heap        ] GC(2593) Tenured: 60269K->60457K(1398144K)
[3801.351s][info][gc,metaspace   ] GC(2593) Metaspace: 90990K(98224K)->90990K(98224K) NonClass: 79619K(83632K)->79619K(83632K) Class: 11370K(14592K)->11370K(14592K)
[3801.351s][info][gc             ] GC(2593) Pause Young (Allocation Failure) 611M->69M(1979M) 10.373ms
[3801.351s][info][gc,cpu         ] GC(2593) User=0.00s Sys=0.00s Real=0.01s
[3801.964s][info][gc,start       ] GC(2594) Pause Young (Allocation Failure)
[3801.973s][info][gc,heap        ] GC(2594) DefNew: 567918K->21716K(629120K)
[3801.973s][info][gc,heap        ] GC(2594) Tenured: 60457K->60641K(1398144K)
[3801.973s][info][gc,metaspace   ] GC(2594) Metaspace: 90990K(98224K)->90990K(98224K) NonClass: 79619K(83632K)->79619K(83632K) Class: 11370K(14592K)->11370K(14592K)
[3801.973s][info][gc             ] GC(2594) Pause Young (Allocation Failure) 613M->80M(1979M) 8.496ms
[3801.973s][info][gc,cpu         ] GC(2594) User=0.00s Sys=0.00s Real=0.01s
[3803.324s][info][gc,start       ] GC(2595) Pause Young (Allocation Failure)
[3803.332s][info][gc,heap        ] GC(2595) DefNew: 580948K->9230K(629120K)
[3803.332s][info][gc,heap        ] GC(2595) Tenured: 60641K->60789K(1398144K)
[3803.332s][info][gc,metaspace   ] GC(2595) Metaspace: 90990K(98224K)->90990K(98224K) NonClass: 79619K(83632K)->79619K(83632K) Class: 11370K(14592K)->11370K(14592K)
[3803.332s][info][gc             ] GC(2595) Pause Young (Allocation Failure) 626M->68M(1979M) 8.344ms
[3803.332s][info][gc,cpu         ] GC(2595) User=0.00s Sys=0.00s Real=0.01s
[3805.208s][info][gc,start       ] GC(2596) Pause Young (Allocation Failure)
[3805.217s][info][gc,heap        ] GC(2596) DefNew: 567960K->7906K(629120K)
[3805.217s][info][gc,heap        ] GC(2596) Tenured: 60789K->60860K(1398144K)
[3805.217s][info][gc,metaspace   ] GC(2596) Metaspace: 90990K(98224K)->90990K(98224K) NonClass: 79619K(83632K)->79619K(83632K) Class: 11370K(14592K)->11370K(14592K)
[3805.217s][info][gc             ] GC(2596) Pause Young (Allocation Failure) 614M->67M(1979M) 8.541ms
[3805.217s][info][gc,cpu         ] GC(2596) User=0.02s Sys=0.00s Real=0.01s
[3805.744s][info][gc,start       ] GC(2597) Pause Young (Allocation Failure)
[3805.752s][info][gc,heap        ] GC(2597) DefNew: 565103K->17696K(629120K)
[3805.752s][info][gc,heap        ] GC(2597) Tenured: 60860K->61050K(1398144K)
[3805.752s][info][gc,metaspace   ] GC(2597) Metaspace: 90990K(98224K)->90990K(98224K) NonClass: 79619K(83632K)->79619K(83632K) Class: 11370K(14592K)->11370K(14592K)
[3805.752s][info][gc             ] GC(2597) Pause Young (Allocation Failure) 611M->76M(1979M) 8.428ms
[3805.752s][info][gc,cpu         ] GC(2597) User=0.00s Sys=0.00s Real=0.01s
[3807.295s][info][gc,start       ] GC(2598) Pause Young (Allocation Failure)
[3807.302s][info][gc,heap        ] GC(2598) DefNew: 575560K->5611K(629120K)
[3807.302s][info][gc,heap        ] GC(2598) Tenured: 61050K->61191K(1398144K)
[3807.302s][info][gc,metaspace   ] GC(2598) Metaspace: 90990K(98224K)->90990K(98224K) NonClass: 79619K(83632K)->79619K(83632K) Class: 11370K(14592K)->11370K(14592K)
[3807.302s][info][gc             ] GC(2598) Pause Young (Allocation Failure) 621M->65M(1979M) 6.381ms
[3807.302s][info][gc,cpu         ] GC(2598) User=0.00s Sys=0.00s Real=0.01s
[3809.163s][info][gc,start       ] GC(2599) Pause Young (Allocation Failure)
[3809.172s][info][gc,heap        ] GC(2599) DefNew: 564843K->7943K(629120K)
[3809.172s][info][gc,heap        ] GC(2599) Tenured: 61191K->61356K(1398144K)
[3809.172s][info][gc,metaspace   ] GC(2599) Metaspace: 90990K(98224K)->90990K(98224K) NonClass: 79619K(83632K)->79619K(83632K) Class: 11370K(14592K)->11370K(14592K)
[3809.172s][info][gc             ] GC(2599) Pause Young (Allocation Failure) 611M->67M(1979M) 8.513ms
[3809.172s][info][gc,cpu         ] GC(2599) User=0.00s Sys=0.00s Real=0.01s
[3809.622s][info][gc,start       ] GC(2600) Pause Young (Allocation Failure)
[3809.629s][info][gc,heap        ] GC(2600) DefNew: 566561K->8648K(629120K)
[3809.629s][info][gc,heap        ] GC(2600) Tenured: 61356K->61474K(1398144K)
[3809.629s][info][gc,metaspace   ] GC(2600) Metaspace: 90990K(98224K)->90990K(98224K) NonClass: 79619K(83632K)->79619K(83632K) Class: 11370K(14592K)->11370K(14592K)
[3809.629s][info][gc             ] GC(2600) Pause Young (Allocation Failure) 613M->68M(1979M) 7.435ms
[3809.629s][info][gc,cpu         ] GC(2600) User=0.00s Sys=0.00s Real=0.01s
[3811.086s][info][gc,start       ] GC(2601) Pause Young (Allocation Failure)
[3811.094s][info][gc,heap        ] GC(2601) DefNew: 567880K->7925K(629120K)
[3811.094s][info][gc,heap        ] GC(2601) Tenured: 61474K->61653K(1398144K)
[3811.094s][info][gc,metaspace   ] GC(2601) Metaspace: 90990K(98224K)->90990K(98224K) NonClass: 79619K(83632K)->79619K(83632K) Class: 11370K(14592K)->11370K(14592K)
[3811.094s][info][gc             ] GC(2601) Pause Young (Allocation Failure) 614M->67M(1979M) 8.222ms
[3811.094s][info][gc,cpu         ] GC(2601) User=0.00s Sys=0.00s Real=0.01s
[3812.821s][info][gc,start       ] GC(2602) Pause Young (Allocation Failure)
[3812.830s][info][gc,heap        ] GC(2602) DefNew: 567157K->8410K(629120K)
[3812.830s][info][gc,heap        ] GC(2602) Tenured: 61653K->61811K(1398144K)
[3812.830s][info][gc,metaspace   ] GC(2602) Metaspace: 90990K(98224K)->90990K(98224K) NonClass: 79619K(83632K)->79619K(83632K) Class: 11370K(14592K)->11370K(14592K)
[3812.830s][info][gc             ] GC(2602) Pause Young (Allocation Failure) 614M->68M(1979M) 9.023ms
[3812.830s][info][gc,cpu         ] GC(2602) User=0.00s Sys=0.00s Real=0.01s
[3813.315s][info][gc,start       ] GC(2603) Pause Young (Allocation Failure)
[3813.322s][info][gc,heap        ] GC(2603) DefNew: 566726K->13341K(629120K)
[3813.322s][info][gc,heap        ] GC(2603) Tenured: 61811K->61997K(1398144K)
[3813.322s][info][gc,metaspace   ] GC(2603) Metaspace: 90990K(98224K)->90990K(98224K) NonClass: 79619K(83632K)->79619K(83632K) Class: 11370K(14592K)->11370K(14592K)
[3813.322s][info][gc             ] GC(2603) Pause Young (Allocation Failure) 613M->73M(1979M) 7.552ms
[3813.322s][info][gc,cpu         ] GC(2603) User=0.00s Sys=0.00s Real=0.01s
[3814.835s][info][gc,start       ] GC(2604) Pause Young (Allocation Failure)
[3814.842s][info][gc,heap        ] GC(2604) DefNew: 571573K->5942K(629120K)
[3814.842s][info][gc,heap        ] GC(2604) Tenured: 61997K->62118K(1398144K)
[3814.842s][info][gc,metaspace   ] GC(2604) Metaspace: 90990K(98224K)->90990K(98224K) NonClass: 79619K(83632K)->79619K(83632K) Class: 11370K(14592K)->11370K(14592K)
[3814.842s][info][gc             ] GC(2604) Pause Young (Allocation Failure) 618M->66M(1979M) 6.976ms
[3814.842s][info][gc,cpu         ] GC(2604) User=0.00s Sys=0.00s Real=0.01s
[3816.697s][info][gc,start       ] GC(2605) Pause Young (Allocation Failure)
[3816.707s][info][gc,heap        ] GC(2605) DefNew: 565174K->8358K(629120K)
[3816.707s][info][gc,heap        ] GC(2605) Tenured: 62118K->62200K(1398144K)
[3816.707s][info][gc,metaspace   ] GC(2605) Metaspace: 90990K(98224K)->90990K(98224K) NonClass: 79619K(83632K)->79619K(83632K) Class: 11370K(14592K)->11370K(14592K)
[3816.707s][info][gc             ] GC(2605) Pause Young (Allocation Failure) 612M->68M(1979M) 10.236ms
[3816.707s][info][gc,cpu         ] GC(2605) User=0.00s Sys=0.00s Real=0.01s
[3817.431s][info][gc,start       ] GC(2606) Pause Young (Allocation Failure)
[3817.440s][info][gc,heap        ] GC(2606) DefNew: 567590K->7333K(629120K)
[3817.440s][info][gc,heap        ] GC(2606) Tenured: 62200K->62393K(1398144K)
[3817.440s][info][gc,metaspace   ] GC(2606) Metaspace: 90990K(98224K)->90990K(98224K) NonClass: 79619K(83632K)->79619K(83632K) Class: 11370K(14592K)->11370K(14592K)
[3817.440s][info][gc             ] GC(2606) Pause Young (Allocation Failure) 615M->68M(1979M) 8.332ms
[3817.440s][info][gc,cpu         ] GC(2606) User=0.00s Sys=0.00s Real=0.01s
[3817.470s][info][gc,start       ] GC(2607) Pause Full (System.gc())
[3817.472s][info][gc,phases,start] GC(2607) Phase 1: Mark live objects
[3817.522s][info][gc,phases      ] GC(2607) Phase 1: Mark live objects 49.693ms
[3817.522s][info][gc,phases,start] GC(2607) Phase 2: Compute new object addresses
[3817.535s][info][gc,phases      ] GC(2607) Phase 2: Compute new object addresses 12.764ms
[3817.535s][info][gc,phases,start] GC(2607) Phase 3: Adjust pointers
[3817.566s][info][gc,phases      ] GC(2607) Phase 3: Adjust pointers 31.282ms
[3817.566s][info][gc,phases,start] GC(2607) Phase 4: Move objects
[3817.567s][info][gc,phases      ] GC(2607) Phase 4: Move objects 0.569ms
[3817.567s][info][gc,heap        ] GC(2607) DefNew: 33925K->0K(629120K)
[3817.567s][info][gc,heap        ] GC(2607) Tenured: 62393K->64636K(1398144K)
[3817.567s][info][gc,metaspace   ] GC(2607) Metaspace: 90990K(98224K)->90990K(98224K) NonClass: 79619K(83632K)->79619K(83632K) Class: 11370K(14592K)->11370K(14592K)
[3817.567s][info][gc             ] GC(2607) Pause Full (System.gc()) 94M->63M(1979M) 97.861ms
[3817.568s][info][gc,cpu         ] GC(2607) User=0.08s Sys=0.00s Real=0.10s
[3818.054s][info][gc,start       ] GC(2608) Pause Young (Allocation Failure)
[3818.057s][info][gc,heap        ] GC(2608) DefNew: 558404K->3057K(629120K)
[3818.058s][info][gc,heap        ] GC(2608) Tenured: 64636K->64636K(1398144K)
[3818.058s][info][gc,metaspace   ] GC(2608) Metaspace: 90990K(98224K)->90990K(98224K) NonClass: 79619K(83632K)->79619K(83632K) Class: 11370K(14592K)->11370K(14592K)
[3818.058s][info][gc             ] GC(2608) Pause Young (Allocation Failure) 608M->66M(1979M) 3.945ms
[3818.058s][info][gc,cpu         ] GC(2608) User=0.00s Sys=0.00s Real=0.00s
[3819.994s][info][gc,start       ] GC(2609) Pause Young (Allocation Failure)
[3819.998s][info][gc,heap        ] GC(2609) DefNew: 560993K->4391K(629120K)
[3819.998s][info][gc,heap        ] GC(2609) Tenured: 64636K->64636K(1398144K)
[3819.998s][info][gc,metaspace   ] GC(2609) Metaspace: 90990K(98224K)->90990K(98224K) NonClass: 79619K(83632K)->79619K(83632K) Class: 11370K(14592K)->11370K(14592K)
[3819.998s][info][gc             ] GC(2609) Pause Young (Allocation Failure) 610M->67M(1979M) 4.660ms
[3819.998s][info][gc,cpu         ] GC(2609) User=0.00s Sys=0.00s Real=0.01s
[3821.976s][info][gc,start       ] GC(2610) Pause Young (Allocation Failure)
[3821.982s][info][gc,heap        ] GC(2610) DefNew: 562813K->5091K(629120K)
[3821.982s][info][gc,heap        ] GC(2610) Tenured: 64636K->64636K(1398144K)
[3821.982s][info][gc,metaspace   ] GC(2610) Metaspace: 90990K(98224K)->90990K(98224K) NonClass: 79619K(83632K)->79619K(83632K) Class: 11370K(14592K)->11370K(14592K)
[3821.982s][info][gc             ] GC(2610) Pause Young (Allocation Failure) 612M->68M(1979M) 5.855ms
[3821.982s][info][gc,cpu         ] GC(2610) User=0.00s Sys=0.00s Real=0.01s
[3823.704s][info][gc,start       ] GC(2611) Pause Young (Allocation Failure)
[3823.711s][info][gc,heap        ] GC(2611) DefNew: 564323K->6530K(629120K)
[3823.711s][info][gc,heap        ] GC(2611) Tenured: 64636K->64636K(1398144K)
[3823.711s][info][gc,metaspace   ] GC(2611) Metaspace: 90990K(98224K)->90990K(98224K) NonClass: 79619K(83632K)->79619K(83632K) Class: 11370K(14592K)->11370K(14592K)
[3823.711s][info][gc             ] GC(2611) Pause Young (Allocation Failure) 614M->69M(1979M) 6.739ms
[3823.711s][info][gc,cpu         ] GC(2611) User=0.00s Sys=0.00s Real=0.01s
[3824.196s][info][gc,start       ] GC(2612) Pause Young (Allocation Failure)
[3824.203s][info][gc,heap        ] GC(2612) DefNew: 563376K->12346K(629120K)
[3824.203s][info][gc,heap        ] GC(2612) Tenured: 64636K->64636K(1398144K)
[3824.203s][info][gc,metaspace   ] GC(2612) Metaspace: 90990K(98224K)->90990K(98224K) NonClass: 79619K(83632K)->79619K(83632K) Class: 11370K(14592K)->11370K(14592K)
[3824.203s][info][gc             ] GC(2612) Pause Young (Allocation Failure) 613M->75M(1979M) 6.620ms
[3824.203s][info][gc,cpu         ] GC(2612) User=0.00s Sys=0.00s Real=0.01s
[3825.679s][info][gc,start       ] GC(2613) Pause Young (Allocation Failure)
[3825.685s][info][gc,heap        ] GC(2613) DefNew: 571578K->5282K(629120K)
[3825.686s][info][gc,heap        ] GC(2613) Tenured: 64636K->64636K(1398144K)
[3825.686s][info][gc,metaspace   ] GC(2613) Metaspace: 90990K(98224K)->90990K(98224K) NonClass: 79619K(83632K)->79619K(83632K) Class: 11370K(14592K)->11370K(14592K)
[3825.686s][info][gc             ] GC(2613) Pause Young (Allocation Failure) 621M->68M(1979M) 6.358ms
[3825.686s][info][gc,cpu         ] GC(2613) User=0.00s Sys=0.00s Real=0.01s
[3827.769s][info][gc,start       ] GC(2614) Pause Young (Allocation Failure)
[3827.775s][info][gc,heap        ] GC(2614) DefNew: 564514K->5219K(629120K)
[3827.775s][info][gc,heap        ] GC(2614) Tenured: 64636K->64636K(1398144K)
[3827.775s][info][gc,metaspace   ] GC(2614) Metaspace: 90990K(98224K)->90990K(98224K) NonClass: 79619K(83632K)->79619K(83632K) Class: 11370K(14592K)->11370K(14592K)
[3827.775s][info][gc             ] GC(2614) Pause Young (Allocation Failure) 614M->68M(1979M) 5.783ms
[3827.775s][info][gc,cpu         ] GC(2614) User=0.00s Sys=0.00s Real=0.01s
[3830.321s][info][gc,start       ] GC(2615) Pause Young (Allocation Failure)
[3830.327s][info][gc,heap        ] GC(2615) DefNew: 564451K->5972K(629120K)
[3830.327s][info][gc,heap        ] GC(2615) Tenured: 64636K->64636K(1398144K)
[3830.327s][info][gc,metaspace   ] GC(2615) Metaspace: 90990K(98224K)->90990K(98224K) NonClass: 79619K(83632K)->79619K(83632K) Class: 11370K(14592K)->11370K(14592K)
[3830.327s][info][gc             ] GC(2615) Pause Young (Allocation Failure) 614M->68M(1979M) 6.447ms
[3830.327s][info][gc,cpu         ] GC(2615) User=0.00s Sys=0.00s Real=0.01s
[3830.957s][info][gc,start       ] GC(2616) Pause Young (Allocation Failure)
[3830.965s][info][gc,heap        ] GC(2616) DefNew: 564051K->16173K(629120K)
[3830.965s][info][gc,heap        ] GC(2616) Tenured: 64636K->64636K(1398144K)
[3830.965s][info][gc,metaspace   ] GC(2616) Metaspace: 90990K(98224K)->90990K(98224K) NonClass: 79619K(83632K)->79619K(83632K) Class: 11370K(14592K)->11370K(14592K)
[3830.965s][info][gc             ] GC(2616) Pause Young (Allocation Failure) 613M->78M(1979M) 8.352ms
[3830.965s][info][gc,cpu         ] GC(2616) User=0.00s Sys=0.00s Real=0.01s
[3831.695s][info][gc,start       ] GC(2617) Pause Young (Allocation Failure)
[3831.700s][info][gc,heap        ] GC(2617) DefNew: 575315K->4992K(629120K)
[3831.700s][info][gc,heap        ] GC(2617) Tenured: 64636K->64636K(1398144K)
[3831.700s][info][gc,metaspace   ] GC(2617) Metaspace: 90990K(98224K)->90990K(98224K) NonClass: 79619K(83632K)->79619K(83632K) Class: 11370K(14592K)->11370K(14592K)
[3831.700s][info][gc             ] GC(2617) Pause Young (Allocation Failure) 624M->67M(1979M) 5.136ms
[3831.700s][info][gc,cpu         ] GC(2617) User=0.00s Sys=0.00s Real=0.00s
[3834.134s][info][gc,start       ] GC(2618) Pause Young (Allocation Failure)
[3834.140s][info][gc,heap        ] GC(2618) DefNew: 563532K->6176K(629120K)
[3834.140s][info][gc,heap        ] GC(2618) Tenured: 64636K->64636K(1398144K)
[3834.140s][info][gc,metaspace   ] GC(2618) Metaspace: 90990K(98224K)->90990K(98224K) NonClass: 79619K(83632K)->79619K(83632K) Class: 11370K(14592K)->11370K(14592K)
[3834.140s][info][gc             ] GC(2618) Pause Young (Allocation Failure) 613M->69M(1979M) 6.010ms
[3834.140s][info][gc,cpu         ] GC(2618) User=0.00s Sys=0.00s Real=0.01s
[3836.121s][info][gc,start       ] GC(2619) Pause Young (Allocation Failure)
[3836.128s][info][gc,heap        ] GC(2619) DefNew: 565179K->6705K(629120K)
[3836.128s][info][gc,heap        ] GC(2619) Tenured: 64636K->64636K(1398144K)
[3836.128s][info][gc,metaspace   ] GC(2619) Metaspace: 90990K(98224K)->90990K(98224K) NonClass: 79619K(83632K)->79619K(83632K) Class: 11370K(14592K)->11370K(14592K)
[3836.128s][info][gc             ] GC(2619) Pause Young (Allocation Failure) 615M->69M(1979M) 7.062ms
[3836.128s][info][gc,cpu         ] GC(2619) User=0.02s Sys=0.00s Real=0.01s
[3837.498s][info][gc,start       ] GC(2620) Pause Young (Allocation Failure)
[3837.516s][info][gc,heap        ] GC(2620) DefNew: 565937K->11579K(629120K)
[3837.516s][info][gc,heap        ] GC(2620) Tenured: 64636K->64636K(1398144K)
[3837.516s][info][gc,metaspace   ] GC(2620) Metaspace: 90990K(98224K)->90990K(98224K) NonClass: 79619K(83632K)->79619K(83632K) Class: 11370K(14592K)->11370K(14592K)
[3837.516s][info][gc             ] GC(2620) Pause Young (Allocation Failure) 615M->74M(1979M) 18.528ms
[3837.516s][info][gc,cpu         ] GC(2620) User=0.00s Sys=0.00s Real=0.02s
[3837.970s][info][gc,start       ] GC(2621) Pause Young (Allocation Failure)
[3837.977s][info][gc,heap        ] GC(2621) DefNew: 570811K->8563K(629120K)
[3837.977s][info][gc,heap        ] GC(2621) Tenured: 64636K->64636K(1398144K)
[3837.977s][info][gc,metaspace   ] GC(2621) Metaspace: 90990K(98224K)->90990K(98224K) NonClass: 79619K(83632K)->79619K(83632K) Class: 11370K(14592K)->11370K(14592K)
[3837.977s][info][gc             ] GC(2621) Pause Young (Allocation Failure) 620M->71M(1979M) 6.565ms
[3837.977s][info][gc,cpu         ] GC(2621) User=0.00s Sys=0.00s Real=0.01s
[3839.950s][info][gc,start       ] GC(2622) Pause Young (Allocation Failure)
[3839.958s][info][gc,heap        ] GC(2622) DefNew: 567795K->6813K(629120K)
[3839.958s][info][gc,heap        ] GC(2622) Tenured: 64636K->64636K(1398144K)
[3839.958s][info][gc,metaspace   ] GC(2622) Metaspace: 90990K(98224K)->90990K(98224K) NonClass: 79619K(83632K)->79619K(83632K) Class: 11370K(14592K)->11370K(14592K)
[3839.958s][info][gc             ] GC(2622) Pause Young (Allocation Failure) 617M->69M(1979M) 8.200ms
[3839.958s][info][gc,cpu         ] GC(2622) User=0.00s Sys=0.00s Real=0.01s
[3841.955s][info][gc,start       ] GC(2623) Pause Young (Allocation Failure)
[3841.962s][info][gc,heap        ] GC(2623) DefNew: 565163K->6301K(629120K)
[3841.962s][info][gc,heap        ] GC(2623) Tenured: 64636K->65099K(1398144K)
[3841.962s][info][gc,metaspace   ] GC(2623) Metaspace: 90990K(98224K)->90990K(98224K) NonClass: 79619K(83632K)->79619K(83632K) Class: 11370K(14592K)->11370K(14592K)
[3841.962s][info][gc             ] GC(2623) Pause Young (Allocation Failure) 615M->69M(1979M) 7.175ms
[3841.962s][info][gc,cpu         ] GC(2623) User=0.02s Sys=0.00s Real=0.01s
[3843.826s][info][gc,start       ] GC(2624) Pause Young (Allocation Failure)
[3843.836s][info][gc,heap        ] GC(2624) DefNew: 565533K->8767K(629120K)
[3843.836s][info][gc,heap        ] GC(2624) Tenured: 65099K->65288K(1398144K)
[3843.836s][info][gc,metaspace   ] GC(2624) Metaspace: 90992K(98224K)->90992K(98224K) NonClass: 79621K(83632K)->79621K(83632K) Class: 11370K(14592K)->11370K(14592K)
[3843.836s][info][gc             ] GC(2624) Pause Young (Allocation Failure) 615M->72M(1979M) 9.734ms
[3843.836s][info][gc,cpu         ] GC(2624) User=0.00s Sys=0.00s Real=0.01s
[3844.447s][info][gc,start       ] GC(2625) Pause Young (Allocation Failure)
[3844.457s][info][gc,heap        ] GC(2625) DefNew: 566059K->25676K(629120K)
[3844.457s][info][gc,heap        ] GC(2625) Tenured: 65288K->65472K(1398144K)
[3844.457s][info][gc,metaspace   ] GC(2625) Metaspace: 90992K(98224K)->90992K(98224K) NonClass: 79621K(83632K)->79621K(83632K) Class: 11370K(14592K)->11370K(14592K)
[3844.457s][info][gc             ] GC(2625) Pause Young (Allocation Failure) 616M->89M(1979M) 10.642ms
[3844.457s][info][gc,cpu         ] GC(2625) User=0.00s Sys=0.00s Real=0.01s
[3845.812s][info][gc,start       ] GC(2626) Pause Young (Allocation Failure)
[3845.819s][info][gc,heap        ] GC(2626) DefNew: 584940K->8643K(629120K)
[3845.819s][info][gc,heap        ] GC(2626) Tenured: 65472K->65637K(1398144K)
[3845.819s][info][gc,metaspace   ] GC(2626) Metaspace: 90992K(98224K)->90992K(98224K) NonClass: 79621K(83632K)->79621K(83632K) Class: 11370K(14592K)->11370K(14592K)
[3845.820s][info][gc             ] GC(2626) Pause Young (Allocation Failure) 635M->72M(1979M) 7.935ms
[3845.820s][info][gc,cpu         ] GC(2626) User=0.00s Sys=0.00s Real=0.01s
[3847.724s][info][gc,start       ] GC(2627) Pause Young (Allocation Failure)
[3847.732s][info][gc,heap        ] GC(2627) DefNew: 567594K->7707K(629120K)
[3847.732s][info][gc,heap        ] GC(2627) Tenured: 65637K->65703K(1398144K)
[3847.732s][info][gc,metaspace   ] GC(2627) Metaspace: 90992K(98224K)->90992K(98224K) NonClass: 79621K(83632K)->79621K(83632K) Class: 11370K(14592K)->11370K(14592K)
[3847.732s][info][gc             ] GC(2627) Pause Young (Allocation Failure) 618M->71M(1979M) 7.959ms
[3847.732s][info][gc,cpu         ] GC(2627) User=0.00s Sys=0.00s Real=0.01s
[3848.261s][info][gc,start       ] GC(2628) Pause Young (Allocation Failure)
[3848.268s][info][gc,heap        ] GC(2628) DefNew: 564867K->9400K(629120K)
[3848.268s][info][gc,heap        ] GC(2628) Tenured: 65703K->65884K(1398144K)
[3848.268s][info][gc,metaspace   ] GC(2628) Metaspace: 90992K(98224K)->90992K(98224K) NonClass: 79621K(83632K)->79621K(83632K) Class: 11370K(14592K)->11370K(14592K)
[3848.268s][info][gc             ] GC(2628) Pause Young (Allocation Failure) 615M->73M(1979M) 7.564ms
[3848.268s][info][gc,cpu         ] GC(2628) User=0.00s Sys=0.00s Real=0.01s
[3849.766s][info][gc,start       ] GC(2629) Pause Young (Allocation Failure)
[3849.772s][info][gc,heap        ] GC(2629) DefNew: 568632K->5976K(629120K)
[3849.772s][info][gc,heap        ] GC(2629) Tenured: 65884K->66022K(1398144K)
[3849.772s][info][gc,metaspace   ] GC(2629) Metaspace: 90992K(98224K)->90992K(98224K) NonClass: 79621K(83632K)->79621K(83632K) Class: 11370K(14592K)->11370K(14592K)
[3849.772s][info][gc             ] GC(2629) Pause Young (Allocation Failure) 619M->70M(1979M) 6.423ms
[3849.772s][info][gc,cpu         ] GC(2629) User=0.00s Sys=0.00s Real=0.01s
[3851.622s][info][gc,start       ] GC(2630) Pause Young (Allocation Failure)
[3851.630s][info][gc,heap        ] GC(2630) DefNew: 565208K->7950K(629120K)
[3851.630s][info][gc,heap        ] GC(2630) Tenured: 66022K->66180K(1398144K)
[3851.630s][info][gc,metaspace   ] GC(2630) Metaspace: 90992K(98224K)->90992K(98224K) NonClass: 79621K(83632K)->79621K(83632K) Class: 11370K(14592K)->11370K(14592K)
[3851.630s][info][gc             ] GC(2630) Pause Young (Allocation Failure) 616M->72M(1979M) 8.728ms
[3851.630s][info][gc,cpu         ] GC(2630) User=0.00s Sys=0.00s Real=0.01s
[3852.083s][info][gc,start       ] GC(2631) Pause Young (Allocation Failure)
[3852.090s][info][gc,heap        ] GC(2631) DefNew: 566610K->9359K(629120K)
[3852.090s][info][gc,heap        ] GC(2631) Tenured: 66180K->66305K(1398144K)
[3852.090s][info][gc,metaspace   ] GC(2631) Metaspace: 90992K(98224K)->90992K(98224K) NonClass: 79621K(83632K)->79621K(83632K) Class: 11370K(14592K)->11370K(14592K)
[3852.090s][info][gc             ] GC(2631) Pause Young (Allocation Failure) 617M->73M(1979M) 7.165ms
[3852.090s][info][gc,cpu         ] GC(2631) User=0.00s Sys=0.00s Real=0.01s
[3853.581s][info][gc,start       ] GC(2632) Pause Young (Allocation Failure)
[3853.589s][info][gc,heap        ] GC(2632) DefNew: 568591K->8667K(629120K)
[3853.589s][info][gc,heap        ] GC(2632) Tenured: 66305K->66413K(1398144K)
[3853.589s][info][gc,metaspace   ] GC(2632) Metaspace: 90992K(98224K)->90992K(98224K) NonClass: 79621K(83632K)->79621K(83632K) Class: 11370K(14592K)->11370K(14592K)
[3853.589s][info][gc             ] GC(2632) Pause Young (Allocation Failure) 620M->73M(1979M) 8.115ms
[3853.589s][info][gc,cpu         ] GC(2632) User=0.00s Sys=0.00s Real=0.01s
[3855.320s][info][gc,start       ] GC(2633) Pause Young (Allocation Failure)
[3855.331s][info][gc,heap        ] GC(2633) DefNew: 567899K->8750K(629120K)
[3855.331s][info][gc,heap        ] GC(2633) Tenured: 66413K->66572K(1398144K)
[3855.331s][info][gc,metaspace   ] GC(2633) Metaspace: 90992K(98224K)->90992K(98224K) NonClass: 79621K(83632K)->79621K(83632K) Class: 11370K(14592K)->11370K(14592K)
[3855.331s][info][gc             ] GC(2633) Pause Young (Allocation Failure) 619M->73M(1979M) 10.472ms
[3855.331s][info][gc,cpu         ] GC(2633) User=0.00s Sys=0.00s Real=0.01s
[3855.814s][info][gc,start       ] GC(2634) Pause Young (Allocation Failure)
[3855.822s][info][gc,heap        ] GC(2634) DefNew: 565760K->13327K(629120K)
[3855.822s][info][gc,heap        ] GC(2634) Tenured: 66572K->66757K(1398144K)
[3855.822s][info][gc,metaspace   ] GC(2634) Metaspace: 90992K(98224K)->90992K(98224K) NonClass: 79621K(83632K)->79621K(83632K) Class: 11370K(14592K)->11370K(14592K)
[3855.822s][info][gc             ] GC(2634) Pause Young (Allocation Failure) 617M->78M(1979M) 8.762ms
[3855.823s][info][gc,cpu         ] GC(2634) User=0.00s Sys=0.00s Real=0.01s
[3857.402s][info][gc,start       ] GC(2635) Pause Young (Allocation Failure)
[3857.408s][info][gc,heap        ] GC(2635) DefNew: 572000K->5584K(629120K)
[3857.408s][info][gc,heap        ] GC(2635) Tenured: 66757K->66878K(1398144K)
[3857.408s][info][gc,metaspace   ] GC(2635) Metaspace: 90992K(98224K)->90992K(98224K) NonClass: 79621K(83632K)->79621K(83632K) Class: 11370K(14592K)->11370K(14592K)
[3857.408s][info][gc             ] GC(2635) Pause Young (Allocation Failure) 623M->70M(1979M) 6.403ms
[3857.408s][info][gc,cpu         ] GC(2635) User=0.00s Sys=0.00s Real=0.01s
[3859.332s][info][gc,start       ] GC(2636) Pause Young (Allocation Failure)
[3859.342s][info][gc,heap        ] GC(2636) DefNew: 564816K->8482K(629120K)
[3859.342s][info][gc,heap        ] GC(2636) Tenured: 66878K->66958K(1398144K)
[3859.342s][info][gc,metaspace   ] GC(2636) Metaspace: 90992K(98224K)->90992K(98224K) NonClass: 79621K(83632K)->79621K(83632K) Class: 11370K(14592K)->11370K(14592K)
[3859.342s][info][gc             ] GC(2636) Pause Young (Allocation Failure) 616M->73M(1979M) 10.571ms
[3859.342s][info][gc,cpu         ] GC(2636) User=0.00s Sys=0.00s Real=0.01s
[3860.041s][info][gc,start       ] GC(2637) Pause Young (Allocation Failure)
[3860.050s][info][gc,heap        ] GC(2637) DefNew: 567714K->7673K(629120K)
[3860.050s][info][gc,heap        ] GC(2637) Tenured: 66958K->67151K(1398144K)
[3860.050s][info][gc,metaspace   ] GC(2637) Metaspace: 90992K(98224K)->90992K(98224K) NonClass: 79621K(83632K)->79621K(83632K) Class: 11370K(14592K)->11370K(14592K)
[3860.050s][info][gc             ] GC(2637) Pause Young (Allocation Failure) 619M->73M(1979M) 8.466ms
[3860.050s][info][gc,cpu         ] GC(2637) User=0.00s Sys=0.00s Real=0.01s
[3860.075s][info][gc,start       ] GC(2638) Pause Full (System.gc())
[3860.077s][info][gc,phases,start] GC(2638) Phase 1: Mark live objects
[3860.128s][info][gc,phases      ] GC(2638) Phase 1: Mark live objects 50.640ms
[3860.128s][info][gc,phases,start] GC(2638) Phase 2: Compute new object addresses
[3860.140s][info][gc,phases      ] GC(2638) Phase 2: Compute new object addresses 12.370ms
[3860.140s][info][gc,phases,start] GC(2638) Phase 3: Adjust pointers
[3860.171s][info][gc,phases      ] GC(2638) Phase 3: Adjust pointers 30.347ms
[3860.171s][info][gc,phases,start] GC(2638) Phase 4: Move objects
[3860.171s][info][gc,phases      ] GC(2638) Phase 4: Move objects 0.506ms
[3860.172s][info][gc,heap        ] GC(2638) DefNew: 27490K->0K(629120K)
[3860.172s][info][gc,heap        ] GC(2638) Tenured: 67151K->69462K(1398144K)
[3860.172s][info][gc,metaspace   ] GC(2638) Metaspace: 90992K(98224K)->90992K(98224K) NonClass: 79621K(83632K)->79621K(83632K) Class: 11370K(14592K)->11370K(14592K)
[3860.172s][info][gc             ] GC(2638) Pause Full (System.gc()) 92M->67M(1979M) 97.056ms
[3860.172s][info][gc,cpu         ] GC(2638) User=0.11s Sys=0.00s Real=0.10s
[3860.661s][info][gc,start       ] GC(2639) Pause Young (Allocation Failure)
[3860.664s][info][gc,heap        ] GC(2639) DefNew: 558208K->3058K(629120K)
[3860.665s][info][gc,heap        ] GC(2639) Tenured: 69462K->69462K(1398144K)
[3860.665s][info][gc,metaspace   ] GC(2639) Metaspace: 90992K(98224K)->90992K(98224K) NonClass: 79621K(83632K)->79621K(83632K) Class: 11370K(14592K)->11370K(14592K)
[3860.665s][info][gc             ] GC(2639) Pause Young (Allocation Failure) 612M->70M(1979M) 3.783ms
[3860.665s][info][gc,cpu         ] GC(2639) User=0.00s Sys=0.00s Real=0.00s
[3862.611s][info][gc,start       ] GC(2640) Pause Young (Allocation Failure)
[3862.616s][info][gc,heap        ] GC(2640) DefNew: 561751K->4390K(629120K)
[3862.616s][info][gc,heap        ] GC(2640) Tenured: 69462K->69462K(1398144K)
[3862.616s][info][gc,metaspace   ] GC(2640) Metaspace: 91004K(98224K)->91004K(98224K) NonClass: 79633K(83632K)->79633K(83632K) Class: 11370K(14592K)->11370K(14592K)
[3862.616s][info][gc             ] GC(2640) Pause Young (Allocation Failure) 616M->72M(1979M) 4.691ms
[3862.616s][info][gc,cpu         ] GC(2640) User=0.00s Sys=0.00s Real=0.00s
[3864.624s][info][gc,start       ] GC(2641) Pause Young (Allocation Failure)
[3864.630s][info][gc,heap        ] GC(2641) DefNew: 562923K->4963K(629120K)
[3864.630s][info][gc,heap        ] GC(2641) Tenured: 69462K->69462K(1398144K)
[3864.630s][info][gc,metaspace   ] GC(2641) Metaspace: 91004K(98224K)->91004K(98224K) NonClass: 79633K(83632K)->79633K(83632K) Class: 11370K(14592K)->11370K(14592K)
[3864.630s][info][gc             ] GC(2641) Pause Young (Allocation Failure) 617M->72M(1979M) 5.478ms
[3864.630s][info][gc,cpu         ] GC(2641) User=0.00s Sys=0.00s Real=0.01s
[3866.379s][info][gc,start       ] GC(2642) Pause Young (Allocation Failure)
[3866.389s][info][gc,heap        ] GC(2642) DefNew: 564195K->7333K(629120K)
[3866.389s][info][gc,heap        ] GC(2642) Tenured: 69462K->69462K(1398144K)
[3866.389s][info][gc,metaspace   ] GC(2642) Metaspace: 91004K(98224K)->91004K(98224K) NonClass: 79633K(83632K)->79633K(83632K) Class: 11370K(14592K)->11370K(14592K)
[3866.389s][info][gc             ] GC(2642) Pause Young (Allocation Failure) 618M->74M(1979M) 10.320ms
[3866.389s][info][gc,cpu         ] GC(2642) User=0.00s Sys=0.00s Real=0.01s
[3866.869s][info][gc,start       ] GC(2643) Pause Young (Allocation Failure)
[3866.876s][info][gc,heap        ] GC(2643) DefNew: 565162K->16150K(629120K)
[3866.876s][info][gc,heap        ] GC(2643) Tenured: 69462K->69462K(1398144K)
[3866.876s][info][gc,metaspace   ] GC(2643) Metaspace: 91004K(98224K)->91004K(98224K) NonClass: 79633K(83632K)->79633K(83632K) Class: 11370K(14592K)->11370K(14592K)
[3866.876s][info][gc             ] GC(2643) Pause Young (Allocation Failure) 619M->83M(1979M) 7.207ms
[3866.876s][info][gc,cpu         ] GC(2643) User=0.00s Sys=0.00s Real=0.01s
[3868.362s][info][gc,start       ] GC(2644) Pause Young (Allocation Failure)
[3868.369s][info][gc,heap        ] GC(2644) DefNew: 575382K->6547K(629120K)
[3868.369s][info][gc,heap        ] GC(2644) Tenured: 69462K->69462K(1398144K)
[3868.369s][info][gc,metaspace   ] GC(2644) Metaspace: 91004K(98224K)->91004K(98224K) NonClass: 79633K(83632K)->79633K(83632K) Class: 11370K(14592K)->11370K(14592K)
[3868.369s][info][gc             ] GC(2644) Pause Young (Allocation Failure) 629M->74M(1979M) 7.148ms
[3868.369s][info][gc,cpu         ] GC(2644) User=0.00s Sys=0.00s Real=0.01s
[3870.404s][info][gc,start       ] GC(2645) Pause Young (Allocation Failure)
[3870.409s][info][gc,heap        ] GC(2645) DefNew: 565779K->5143K(629120K)
[3870.409s][info][gc,heap        ] GC(2645) Tenured: 69462K->69462K(1398144K)
[3870.409s][info][gc,metaspace   ] GC(2645) Metaspace: 91004K(98224K)->91004K(98224K) NonClass: 79633K(83632K)->79633K(83632K) Class: 11370K(14592K)->11370K(14592K)
[3870.409s][info][gc             ] GC(2645) Pause Young (Allocation Failure) 620M->72M(1979M) 5.018ms
[3870.409s][info][gc,cpu         ] GC(2645) User=0.00s Sys=0.00s Real=0.01s
[3872.982s][info][gc,start       ] GC(2646) Pause Young (Allocation Failure)
[3872.988s][info][gc,heap        ] GC(2646) DefNew: 564375K->5822K(629120K)
[3872.988s][info][gc,heap        ] GC(2646) Tenured: 69462K->69462K(1398144K)
[3872.988s][info][gc,metaspace   ] GC(2646) Metaspace: 91004K(98224K)->91004K(98224K) NonClass: 79633K(83632K)->79633K(83632K) Class: 11370K(14592K)->11370K(14592K)
[3872.988s][info][gc             ] GC(2646) Pause Young (Allocation Failure) 618M->73M(1979M) 5.395ms
[3872.988s][info][gc,cpu         ] GC(2646) User=0.00s Sys=0.00s Real=0.01s
[3873.596s][info][gc,start       ] GC(2647) Pause Young (Allocation Failure)
[3873.603s][info][gc,heap        ] GC(2647) DefNew: 564215K->8148K(629120K)
[3873.603s][info][gc,heap        ] GC(2647) Tenured: 69462K->69462K(1398144K)
[3873.603s][info][gc,metaspace   ] GC(2647) Metaspace: 91004K(98224K)->91004K(98224K) NonClass: 79633K(83632K)->79633K(83632K) Class: 11370K(14592K)->11370K(14592K)
[3873.603s][info][gc             ] GC(2647) Pause Young (Allocation Failure) 618M->75M(1979M) 7.273ms
[3873.603s][info][gc,cpu         ] GC(2647) User=0.05s Sys=0.00s Real=0.01s
[3874.317s][info][gc,start       ] GC(2648) Pause Young (Allocation Failure)
[3874.322s][info][gc,heap        ] GC(2648) DefNew: 567047K->5265K(629120K)
[3874.322s][info][gc,heap        ] GC(2648) Tenured: 69462K->69462K(1398144K)
[3874.322s][info][gc,metaspace   ] GC(2648) Metaspace: 91004K(98224K)->91004K(98224K) NonClass: 79633K(83632K)->79633K(83632K) Class: 11370K(14592K)->11370K(14592K)
[3874.323s][info][gc             ] GC(2648) Pause Young (Allocation Failure) 621M->72M(1979M) 5.594ms
[3874.323s][info][gc,cpu         ] GC(2648) User=0.00s Sys=0.00s Real=0.01s
[3876.795s][info][gc,start       ] GC(2649) Pause Young (Allocation Failure)
[3876.801s][info][gc,heap        ] GC(2649) DefNew: 564497K->6754K(629120K)
[3876.801s][info][gc,heap        ] GC(2649) Tenured: 69462K->69462K(1398144K)
[3876.801s][info][gc,metaspace   ] GC(2649) Metaspace: 91004K(98224K)->91004K(98224K) NonClass: 79633K(83632K)->79633K(83632K) Class: 11370K(14592K)->11370K(14592K)
[3876.802s][info][gc             ] GC(2649) Pause Young (Allocation Failure) 619M->74M(1979M) 6.920ms
[3876.802s][info][gc,cpu         ] GC(2649) User=0.00s Sys=0.00s Real=0.01s
[3878.816s][info][gc,start       ] GC(2650) Pause Young (Allocation Failure)
[3878.822s][info][gc,heap        ] GC(2650) DefNew: 564102K->6248K(629120K)
[3878.822s][info][gc,heap        ] GC(2650) Tenured: 69462K->69462K(1398144K)
[3878.822s][info][gc,metaspace   ] GC(2650) Metaspace: 91004K(98224K)->91004K(98224K) NonClass: 79633K(83632K)->79633K(83632K) Class: 11370K(14592K)->11370K(14592K)
[3878.822s][info][gc             ] GC(2650) Pause Young (Allocation Failure) 618M->73M(1979M) 6.365ms
[3878.822s][info][gc,cpu         ] GC(2650) User=0.00s Sys=0.00s Real=0.01s
[3880.132s][info][gc,start       ] GC(2651) Pause Young (Allocation Failure)
[3880.150s][info][gc,heap        ] GC(2651) DefNew: 565480K->11619K(629120K)
[3880.150s][info][gc,heap        ] GC(2651) Tenured: 69462K->69462K(1398144K)
[3880.150s][info][gc,metaspace   ] GC(2651) Metaspace: 91004K(98224K)->91004K(98224K) NonClass: 79633K(83632K)->79633K(83632K) Class: 11370K(14592K)->11370K(14592K)
[3880.150s][info][gc             ] GC(2651) Pause Young (Allocation Failure) 620M->79M(1979M) 18.285ms
[3880.150s][info][gc,cpu         ] GC(2651) User=0.00s Sys=0.00s Real=0.02s
[3880.664s][info][gc,start       ] GC(2652) Pause Young (Allocation Failure)
[3880.670s][info][gc,heap        ] GC(2652) DefNew: 570266K->8466K(629120K)
[3880.670s][info][gc,heap        ] GC(2652) Tenured: 69462K->69462K(1398144K)
[3880.670s][info][gc,metaspace   ] GC(2652) Metaspace: 91004K(98224K)->91004K(98224K) NonClass: 79633K(83632K)->79633K(83632K) Class: 11370K(14592K)->11370K(14592K)
[3880.670s][info][gc             ] GC(2652) Pause Young (Allocation Failure) 624M->76M(1979M) 6.947ms
[3880.671s][info][gc,cpu         ] GC(2652) User=0.00s Sys=0.00s Real=0.01s
[3882.626s][info][gc,start       ] GC(2653) Pause Young (GCLocker Initiated GC)
[3882.634s][info][gc,heap        ] GC(2653) DefNew: 567753K->7670K(629120K)
[3882.634s][info][gc,heap        ] GC(2653) Tenured: 69462K->69462K(1398144K)
[3882.634s][info][gc,metaspace   ] GC(2653) Metaspace: 91004K(98224K)->91004K(98224K) NonClass: 79633K(83632K)->79633K(83632K) Class: 11370K(14592K)->11370K(14592K)
[3882.634s][info][gc             ] GC(2653) Pause Young (GCLocker Initiated GC) 622M->75M(1979M) 7.831ms
[3882.634s][info][gc,cpu         ] GC(2653) User=0.00s Sys=0.00s Real=0.01s
[3884.642s][info][gc,start       ] GC(2654) Pause Young (Allocation Failure)
[3884.649s][info][gc,heap        ] GC(2654) DefNew: 566254K->6221K(629120K)
[3884.649s][info][gc,heap        ] GC(2654) Tenured: 69462K->69926K(1398144K)
[3884.649s][info][gc,metaspace   ] GC(2654) Metaspace: 91004K(98224K)->91004K(98224K) NonClass: 79633K(83632K)->79633K(83632K) Class: 11370K(14592K)->11370K(14592K)
[3884.649s][info][gc             ] GC(2654) Pause Young (Allocation Failure) 620M->74M(1979M) 6.723ms
[3884.649s][info][gc,cpu         ] GC(2654) User=0.00s Sys=0.00s Real=0.01s
[3886.487s][info][gc,start       ] GC(2655) Pause Young (Allocation Failure)
[3886.497s][info][gc,heap        ] GC(2655) DefNew: 565453K->10636K(629120K)
[3886.497s][info][gc,heap        ] GC(2655) Tenured: 69926K->70137K(1398144K)
[3886.497s][info][gc,metaspace   ] GC(2655) Metaspace: 91004K(98224K)->91004K(98224K) NonClass: 79633K(83632K)->79633K(83632K) Class: 11370K(14592K)->11370K(14592K)
[3886.497s][info][gc             ] GC(2655) Pause Young (Allocation Failure) 620M->78M(1979M) 10.492ms
[3886.497s][info][gc,cpu         ] GC(2655) User=0.02s Sys=0.00s Real=0.01s
[3887.117s][info][gc,start       ] GC(2656) Pause Young (Allocation Failure)
[3887.125s][info][gc,heap        ] GC(2656) DefNew: 569028K->17375K(629120K)
[3887.125s][info][gc,heap        ] GC(2656) Tenured: 70137K->70322K(1398144K)
[3887.125s][info][gc,metaspace   ] GC(2656) Metaspace: 91004K(98224K)->91004K(98224K) NonClass: 79633K(83632K)->79633K(83632K) Class: 11370K(14592K)->11370K(14592K)
[3887.125s][info][gc             ] GC(2656) Pause Young (Allocation Failure) 624M->85M(1979M) 8.262ms
[3887.125s][info][gc,cpu         ] GC(2656) User=0.00s Sys=0.00s Real=0.01s
[3888.510s][info][gc,start       ] GC(2657) Pause Young (Allocation Failure)
[3888.518s][info][gc,heap        ] GC(2657) DefNew: 576607K->6054K(629120K)
[3888.518s][info][gc,heap        ] GC(2657) Tenured: 70322K->70469K(1398144K)
[3888.518s][info][gc,metaspace   ] GC(2657) Metaspace: 91004K(98224K)->91004K(98224K) NonClass: 79633K(83632K)->79633K(83632K) Class: 11370K(14592K)->11370K(14592K)
[3888.518s][info][gc             ] GC(2657) Pause Young (Allocation Failure) 631M->74M(1979M) 7.811ms
[3888.518s][info][gc,cpu         ] GC(2657) User=0.00s Sys=0.00s Real=0.01s
[3890.402s][info][gc,start       ] GC(2658) Pause Young (Allocation Failure)
[3890.410s][info][gc,heap        ] GC(2658) DefNew: 565286K->7736K(629120K)
[3890.410s][info][gc,heap        ] GC(2658) Tenured: 70469K->70533K(1398144K)
[3890.410s][info][gc,metaspace   ] GC(2658) Metaspace: 91004K(98224K)->91004K(98224K) NonClass: 79633K(83632K)->79633K(83632K) Class: 11370K(14592K)->11370K(14592K)
[3890.410s][info][gc             ] GC(2658) Pause Young (Allocation Failure) 620M->76M(1979M) 8.460ms
[3890.410s][info][gc,cpu         ] GC(2658) User=0.00s Sys=0.00s Real=0.01s
[3890.950s][info][gc,start       ] GC(2659) Pause Young (Allocation Failure)
[3890.959s][info][gc,heap        ] GC(2659) DefNew: 563437K->17968K(629120K)
[3890.959s][info][gc,heap        ] GC(2659) Tenured: 70533K->70715K(1398144K)
[3890.959s][info][gc,metaspace   ] GC(2659) Metaspace: 91004K(98224K)->91004K(98224K) NonClass: 79633K(83632K)->79633K(83632K) Class: 11370K(14592K)->11370K(14592K)
[3890.959s][info][gc             ] GC(2659) Pause Young (Allocation Failure) 619M->86M(1979M) 8.455ms
[3890.959s][info][gc,cpu         ] GC(2659) User=0.00s Sys=0.00s Real=0.01s
[3892.445s][info][gc,start       ] GC(2660) Pause Young (Allocation Failure)
[3892.451s][info][gc,heap        ] GC(2660) DefNew: 573925K->5764K(629120K)
[3892.451s][info][gc,heap        ] GC(2660) Tenured: 70715K->70853K(1398144K)
[3892.451s][info][gc,metaspace   ] GC(2660) Metaspace: 91004K(98224K)->91004K(98224K) NonClass: 79633K(83632K)->79633K(83632K) Class: 11370K(14592K)->11370K(14592K)
[3892.451s][info][gc             ] GC(2660) Pause Young (Allocation Failure) 629M->74M(1979M) 6.129ms
[3892.451s][info][gc,cpu         ] GC(2660) User=0.00s Sys=0.00s Real=0.01s
[3894.295s][info][gc,start       ] GC(2661) Pause Young (Allocation Failure)
[3894.305s][info][gc,heap        ] GC(2661) DefNew: 564996K->8153K(629120K)
[3894.305s][info][gc,heap        ] GC(2661) Tenured: 70853K->71015K(1398144K)
[3894.305s][info][gc,metaspace   ] GC(2661) Metaspace: 91004K(98224K)->91004K(98224K) NonClass: 79633K(83632K)->79633K(83632K) Class: 11370K(14592K)->11370K(14592K)
[3894.305s][info][gc             ] GC(2661) Pause Young (Allocation Failure) 620M->77M(1979M) 10.062ms
[3894.305s][info][gc,cpu         ] GC(2661) User=0.02s Sys=0.00s Real=0.01s
[3894.769s][info][gc,start       ] GC(2662) Pause Young (Allocation Failure)
[3894.776s][info][gc,heap        ] GC(2662) DefNew: 563548K->8390K(629120K)
[3894.776s][info][gc,heap        ] GC(2662) Tenured: 71015K->71133K(1398144K)
[3894.776s][info][gc,metaspace   ] GC(2662) Metaspace: 91004K(98224K)->91004K(98224K) NonClass: 79633K(83632K)->79633K(83632K) Class: 11370K(14592K)->11370K(14592K)
[3894.776s][info][gc             ] GC(2662) Pause Young (Allocation Failure) 619M->77M(1979M) 7.672ms
[3894.776s][info][gc,cpu         ] GC(2662) User=0.00s Sys=0.00s Real=0.01s
[3896.212s][info][gc,start       ] GC(2663) Pause Young (GCLocker Initiated GC)
[3896.220s][info][gc,heap        ] GC(2663) DefNew: 567622K->6833K(629120K)
[3896.220s][info][gc,heap        ] GC(2663) Tenured: 71133K->71289K(1398144K)
[3896.220s][info][gc,metaspace   ] GC(2663) Metaspace: 91004K(98224K)->91004K(98224K) NonClass: 79633K(83632K)->79633K(83632K) Class: 11370K(14592K)->11370K(14592K)
[3896.220s][info][gc             ] GC(2663) Pause Young (GCLocker Initiated GC) 623M->76M(1979M) 7.165ms
[3896.220s][info][gc,cpu         ] GC(2663) User=0.00s Sys=0.00s Real=0.01s
[3897.983s][info][gc,start       ] GC(2664) Pause Young (Allocation Failure)
[3897.991s][info][gc,heap        ] GC(2664) DefNew: 566065K->8415K(629120K)
[3897.991s][info][gc,heap        ] GC(2664) Tenured: 71289K->71404K(1398144K)
[3897.992s][info][gc,metaspace   ] GC(2664) Metaspace: 91004K(98224K)->91004K(98224K) NonClass: 79633K(83632K)->79633K(83632K) Class: 11370K(14592K)->11370K(14592K)
[3897.992s][info][gc             ] GC(2664) Pause Young (Allocation Failure) 622M->77M(1979M) 8.662ms
[3897.992s][info][gc,cpu         ] GC(2664) User=0.02s Sys=0.00s Real=0.01s
[3898.462s][info][gc,start       ] GC(2665) Pause Young (Allocation Failure)
[3898.470s][info][gc,heap        ] GC(2665) DefNew: 565455K->9050K(629120K)
[3898.470s][info][gc,heap        ] GC(2665) Tenured: 71404K->71591K(1398144K)
[3898.470s][info][gc,metaspace   ] GC(2665) Metaspace: 91004K(98224K)->91004K(98224K) NonClass: 79633K(83632K)->79633K(83632K) Class: 11370K(14592K)->11370K(14592K)
[3898.470s][info][gc             ] GC(2665) Pause Young (Allocation Failure) 621M->78M(1979M) 8.343ms
[3898.470s][info][gc,cpu         ] GC(2665) User=0.00s Sys=0.00s Real=0.01s
[3899.984s][info][gc,start       ] GC(2666) Pause Young (Allocation Failure)
[3899.992s][info][gc,heap        ] GC(2666) DefNew: 568282K->6040K(629120K)
[3899.992s][info][gc,heap        ] GC(2666) Tenured: 71591K->71709K(1398144K)
[3899.992s][info][gc,metaspace   ] GC(2666) Metaspace: 91004K(98224K)->91004K(98224K) NonClass: 79633K(83632K)->79633K(83632K) Class: 11370K(14592K)->11370K(14592K)
[3899.992s][info][gc             ] GC(2666) Pause Young (Allocation Failure) 624M->75M(1979M) 7.928ms
[3899.992s][info][gc,cpu         ] GC(2666) User=0.02s Sys=0.00s Real=0.01s
[3901.856s][info][gc,start       ] GC(2667) Pause Young (Allocation Failure)
[3901.866s][info][gc,heap        ] GC(2667) DefNew: 565272K->8202K(629120K)
[3901.866s][info][gc,heap        ] GC(2667) Tenured: 71709K->71860K(1398144K)
[3901.866s][info][gc,metaspace   ] GC(2667) Metaspace: 91004K(98224K)->91004K(98224K) NonClass: 79633K(83632K)->79633K(83632K) Class: 11370K(14592K)->11370K(14592K)
[3901.866s][info][gc             ] GC(2667) Pause Young (Allocation Failure) 622M->78M(1979M) 10.410ms
[3901.866s][info][gc,cpu         ] GC(2667) User=0.00s Sys=0.00s Real=0.01s
[3902.583s][info][gc,start       ] GC(2668) Pause Young (Allocation Failure)
[3902.592s][info][gc,heap        ] GC(2668) DefNew: 567434K->7238K(629120K)
[3902.592s][info][gc,heap        ] GC(2668) Tenured: 71860K->72052K(1398144K)
[3902.592s][info][gc,metaspace   ] GC(2668) Metaspace: 91007K(98224K)->91007K(98224K) NonClass: 79636K(83632K)->79636K(83632K) Class: 11370K(14592K)->11370K(14592K)
[3902.592s][info][gc             ] GC(2668) Pause Young (Allocation Failure) 624M->77M(1979M) 8.572ms
[3902.592s][info][gc,cpu         ] GC(2668) User=0.00s Sys=0.00s Real=0.01s
[3902.601s][info][gc,start       ] GC(2669) Pause Full (System.gc())
[3902.603s][info][gc,phases,start] GC(2669) Phase 1: Mark live objects
[3902.655s][info][gc,phases      ] GC(2669) Phase 1: Mark live objects 51.921ms
[3902.655s][info][gc,phases,start] GC(2669) Phase 2: Compute new object addresses
[3902.667s][info][gc,phases      ] GC(2669) Phase 2: Compute new object addresses 12.545ms
[3902.667s][info][gc,phases,start] GC(2669) Phase 3: Adjust pointers
[3902.698s][info][gc,phases      ] GC(2669) Phase 3: Adjust pointers 30.717ms
[3902.698s][info][gc,phases,start] GC(2669) Phase 4: Move objects
[3902.710s][info][gc,phases      ] GC(2669) Phase 4: Move objects 11.457ms
[3902.711s][info][gc,heap        ] GC(2669) DefNew: 33500K->0K(629120K)
[3902.711s][info][gc,heap        ] GC(2669) Tenured: 72052K->53602K(1398144K)
[3902.711s][info][gc,metaspace   ] GC(2669) Metaspace: 91007K(98224K)->91007K(98224K) NonClass: 79636K(83632K)->79636K(83632K) Class: 11370K(14592K)->11370K(14592K)
[3902.711s][info][gc             ] GC(2669) Pause Full (System.gc()) 103M->52M(1979M) 109.881ms
[3902.711s][info][gc,cpu         ] GC(2669) User=0.09s Sys=0.00s Real=0.11s
[3903.186s][info][gc,start       ] GC(2670) Pause Young (Allocation Failure)
[3903.190s][info][gc,heap        ] GC(2670) DefNew: 559232K->3051K(629120K)
[3903.190s][info][gc,heap        ] GC(2670) Tenured: 53602K->53602K(1398144K)
[3903.190s][info][gc,metaspace   ] GC(2670) Metaspace: 91007K(98224K)->91007K(98224K) NonClass: 79636K(83632K)->79636K(83632K) Class: 11370K(14592K)->11370K(14592K)
[3903.190s][info][gc             ] GC(2670) Pause Young (Allocation Failure) 598M->55M(1979M) 3.974ms
[3903.190s][info][gc,cpu         ] GC(2670) User=0.00s Sys=0.00s Real=0.00s
[3905.212s][info][gc,start       ] GC(2671) Pause Young (Allocation Failure)
[3905.217s][info][gc,heap        ] GC(2671) DefNew: 561712K->4393K(629120K)
[3905.217s][info][gc,heap        ] GC(2671) Tenured: 53602K->53602K(1398144K)
[3905.217s][info][gc,metaspace   ] GC(2671) Metaspace: 91007K(98224K)->91007K(98224K) NonClass: 79636K(83632K)->79636K(83632K) Class: 11370K(14592K)->11370K(14592K)
[3905.217s][info][gc             ] GC(2671) Pause Young (Allocation Failure) 600M->56M(1979M) 4.398ms
[3905.217s][info][gc,cpu         ] GC(2671) User=0.00s Sys=0.00s Real=0.00s
[3907.207s][info][gc,start       ] GC(2672) Pause Young (Allocation Failure)
[3907.213s][info][gc,heap        ] GC(2672) DefNew: 563184K->5245K(629120K)
[3907.213s][info][gc,heap        ] GC(2672) Tenured: 53602K->53602K(1398144K)
[3907.213s][info][gc,metaspace   ] GC(2672) Metaspace: 91007K(98224K)->91007K(98224K) NonClass: 79636K(83632K)->79636K(83632K) Class: 11370K(14592K)->11370K(14592K)
[3907.213s][info][gc             ] GC(2672) Pause Young (Allocation Failure) 602M->57M(1979M) 5.888ms
[3907.213s][info][gc,cpu         ] GC(2672) User=0.00s Sys=0.00s Real=0.01s
[3908.949s][info][gc,start       ] GC(2673) Pause Young (Allocation Failure)
[3908.956s][info][gc,heap        ] GC(2673) DefNew: 562521K->6379K(629120K)
[3908.956s][info][gc,heap        ] GC(2673) Tenured: 53602K->53602K(1398144K)
[3908.956s][info][gc,metaspace   ] GC(2673) Metaspace: 91007K(98224K)->91007K(98224K) NonClass: 79636K(83632K)->79636K(83632K) Class: 11370K(14592K)->11370K(14592K)
[3908.956s][info][gc             ] GC(2673) Pause Young (Allocation Failure) 601M->58M(1979M) 7.057ms
[3908.956s][info][gc,cpu         ] GC(2673) User=0.00s Sys=0.00s Real=0.01s
[3909.420s][info][gc,start       ] GC(2674) Pause Young (Allocation Failure)
[3909.426s][info][gc,heap        ] GC(2674) DefNew: 563301K->7548K(629120K)
[3909.426s][info][gc,heap        ] GC(2674) Tenured: 53602K->53602K(1398144K)
[3909.426s][info][gc,metaspace   ] GC(2674) Metaspace: 91007K(98224K)->91007K(98224K) NonClass: 79636K(83632K)->79636K(83632K) Class: 11370K(14592K)->11370K(14592K)
[3909.426s][info][gc             ] GC(2674) Pause Young (Allocation Failure) 602M->59M(1979M) 6.498ms
[3909.426s][info][gc,cpu         ] GC(2674) User=0.02s Sys=0.00s Real=0.01s
[3910.823s][info][gc,start       ] GC(2675) Pause Young (Allocation Failure)
[3910.828s][info][gc,heap        ] GC(2675) DefNew: 562805K->4746K(629120K)
[3910.828s][info][gc,heap        ] GC(2675) Tenured: 53602K->53602K(1398144K)
[3910.828s][info][gc,metaspace   ] GC(2675) Metaspace: 91007K(98224K)->91007K(98224K) NonClass: 79636K(83632K)->79636K(83632K) Class: 11370K(14592K)->11370K(14592K)
[3910.828s][info][gc             ] GC(2675) Pause Young (Allocation Failure) 601M->56M(1979M) 5.203ms
[3910.828s][info][gc,cpu         ] GC(2675) User=0.00s Sys=0.00s Real=0.00s
[3912.883s][info][gc,start       ] GC(2676) Pause Young (Allocation Failure)
[3912.888s][info][gc,heap        ] GC(2676) DefNew: 563978K->5214K(629120K)
[3912.888s][info][gc,heap        ] GC(2676) Tenured: 53602K->53602K(1398144K)
[3912.888s][info][gc,metaspace   ] GC(2676) Metaspace: 91007K(98224K)->91007K(98224K) NonClass: 79636K(83632K)->79636K(83632K) Class: 11370K(14592K)->11370K(14592K)
[3912.888s][info][gc             ] GC(2676) Pause Young (Allocation Failure) 603M->57M(1979M) 5.170ms
[3912.888s][info][gc,cpu         ] GC(2676) User=0.00s Sys=0.00s Real=0.00s
[3915.376s][info][gc,start       ] GC(2677) Pause Young (Allocation Failure)
[3915.382s][info][gc,heap        ] GC(2677) DefNew: 564446K->6379K(629120K)
[3915.382s][info][gc,heap        ] GC(2677) Tenured: 53602K->53602K(1398144K)
[3915.382s][info][gc,metaspace   ] GC(2677) Metaspace: 91007K(98224K)->91007K(98224K) NonClass: 79636K(83632K)->79636K(83632K) Class: 11370K(14592K)->11370K(14592K)
[3915.382s][info][gc             ] GC(2677) Pause Young (Allocation Failure) 603M->58M(1979M) 6.371ms
[3915.382s][info][gc,cpu         ] GC(2677) User=0.00s Sys=0.00s Real=0.01s
[3916.012s][info][gc,start       ] GC(2678) Pause Young (Allocation Failure)
[3916.020s][info][gc,heap        ] GC(2678) DefNew: 565611K->16488K(629120K)
[3916.020s][info][gc,heap        ] GC(2678) Tenured: 53602K->53602K(1398144K)
[3916.020s][info][gc,metaspace   ] GC(2678) Metaspace: 91007K(98224K)->91007K(98224K) NonClass: 79636K(83632K)->79636K(83632K) Class: 11370K(14592K)->11370K(14592K)
[3916.020s][info][gc             ] GC(2678) Pause Young (Allocation Failure) 604M->68M(1979M) 8.970ms
[3916.021s][info][gc,cpu         ] GC(2678) User=0.00s Sys=0.00s Real=0.01s
[3916.710s][info][gc,start       ] GC(2679) Pause Young (Allocation Failure)
[3916.715s][info][gc,heap        ] GC(2679) DefNew: 575720K->5084K(629120K)
[3916.715s][info][gc,heap        ] GC(2679) Tenured: 53602K->53602K(1398144K)
[3916.715s][info][gc,metaspace   ] GC(2679) Metaspace: 91007K(98224K)->91007K(98224K) NonClass: 79636K(83632K)->79636K(83632K) Class: 11370K(14592K)->11370K(14592K)
[3916.715s][info][gc             ] GC(2679) Pause Young (Allocation Failure) 614M->57M(1979M) 5.108ms
[3916.715s][info][gc,cpu         ] GC(2679) User=0.00s Sys=0.00s Real=0.01s
[3919.165s][info][gc,start       ] GC(2680) Pause Young (Allocation Failure)
[3919.172s][info][gc,heap        ] GC(2680) DefNew: 563768K->6611K(629120K)
[3919.172s][info][gc,heap        ] GC(2680) Tenured: 53602K->53602K(1398144K)
[3919.172s][info][gc,metaspace   ] GC(2680) Metaspace: 91007K(98224K)->91007K(98224K) NonClass: 79636K(83632K)->79636K(83632K) Class: 11370K(14592K)->11370K(14592K)
[3919.172s][info][gc             ] GC(2680) Pause Young (Allocation Failure) 602M->58M(1979M) 7.020ms
[3919.172s][info][gc,cpu         ] GC(2680) User=0.02s Sys=0.00s Real=0.01s
[3921.129s][info][gc,start       ] GC(2681) Pause Young (GCLocker Initiated GC)
[3921.137s][info][gc,heap        ] GC(2681) DefNew: 565939K->9105K(629120K)
[3921.137s][info][gc,heap        ] GC(2681) Tenured: 53602K->53602K(1398144K)
[3921.137s][info][gc,metaspace   ] GC(2681) Metaspace: 91007K(98224K)->91007K(98224K) NonClass: 79636K(83632K)->79636K(83632K) Class: 11370K(14592K)->11370K(14592K)
[3921.137s][info][gc             ] GC(2681) Pause Young (GCLocker Initiated GC) 605M->61M(1979M) 7.939ms
[3921.137s][info][gc,cpu         ] GC(2681) User=0.00s Sys=0.00s Real=0.01s
[3922.517s][info][gc,start       ] GC(2682) Pause Young (Allocation Failure)
[3922.534s][info][gc,heap        ] GC(2682) DefNew: 568337K->11487K(629120K)
[3922.534s][info][gc,heap        ] GC(2682) Tenured: 53602K->53602K(1398144K)
[3922.534s][info][gc,metaspace   ] GC(2682) Metaspace: 91007K(98224K)->91007K(98224K) NonClass: 79636K(83632K)->79636K(83632K) Class: 11370K(14592K)->11370K(14592K)
[3922.534s][info][gc             ] GC(2682) Pause Young (Allocation Failure) 607M->63M(1979M) 17.451ms
[3922.534s][info][gc,cpu         ] GC(2682) User=0.00s Sys=0.00s Real=0.02s
[3922.934s][info][gc,start       ] GC(2683) Pause Young (GCLocker Initiated GC)
[3922.941s][info][gc,heap        ] GC(2683) DefNew: 571649K->11553K(629120K)
[3922.941s][info][gc,heap        ] GC(2683) Tenured: 53602K->53602K(1398144K)
[3922.942s][info][gc,metaspace   ] GC(2683) Metaspace: 91007K(98224K)->91007K(98224K) NonClass: 79636K(83632K)->79636K(83632K) Class: 11370K(14592K)->11370K(14592K)
[3922.942s][info][gc             ] GC(2683) Pause Young (GCLocker Initiated GC) 610M->63M(1979M) 7.349ms
[3922.942s][info][gc,cpu         ] GC(2683) User=0.00s Sys=0.00s Real=0.01s
[3925.044s][info][gc,start       ] GC(2684) Pause Young (Allocation Failure)
[3925.050s][info][gc,heap        ] GC(2684) DefNew: 570785K->6238K(629120K)
[3925.050s][info][gc,heap        ] GC(2684) Tenured: 53602K->53602K(1398144K)
[3925.051s][info][gc,metaspace   ] GC(2684) Metaspace: 91007K(98224K)->91007K(98224K) NonClass: 79636K(83632K)->79636K(83632K) Class: 11370K(14592K)->11370K(14592K)
[3925.051s][info][gc             ] GC(2684) Pause Young (Allocation Failure) 609M->58M(1979M) 6.189ms
[3925.051s][info][gc,cpu         ] GC(2684) User=0.00s Sys=0.00s Real=0.01s
[3927.078s][info][gc,start       ] GC(2685) Pause Young (Allocation Failure)
[3927.085s][info][gc,heap        ] GC(2685) DefNew: 565173K->6573K(629120K)
[3927.085s][info][gc,heap        ] GC(2685) Tenured: 53602K->54064K(1398144K)
[3927.085s][info][gc,metaspace   ] GC(2685) Metaspace: 91007K(98224K)->91007K(98224K) NonClass: 79636K(83632K)->79636K(83632K) Class: 11370K(14592K)->11370K(14592K)
[3927.085s][info][gc             ] GC(2685) Pause Young (Allocation Failure) 604M->59M(1979M) 7.152ms
[3927.085s][info][gc,cpu         ] GC(2685) User=0.00s Sys=0.00s Real=0.01s
[3928.926s][info][gc,start       ] GC(2686) Pause Young (Allocation Failure)
[3928.935s][info][gc,heap        ] GC(2686) DefNew: 565805K->8375K(629120K)
[3928.935s][info][gc,heap        ] GC(2686) Tenured: 54064K->54251K(1398144K)
[3928.935s][info][gc,metaspace   ] GC(2686) Metaspace: 91007K(98224K)->91007K(98224K) NonClass: 79636K(83632K)->79636K(83632K) Class: 11370K(14592K)->11370K(14592K)
[3928.935s][info][gc             ] GC(2686) Pause Young (Allocation Failure) 605M->61M(1979M) 9.565ms
[3928.935s][info][gc,cpu         ] GC(2686) User=0.00s Sys=0.00s Real=0.01s
[3929.572s][info][gc,start       ] GC(2687) Pause Young (Allocation Failure)
[3929.580s][info][gc,heap        ] GC(2687) DefNew: 566184K->17304K(629120K)
[3929.580s][info][gc,heap        ] GC(2687) Tenured: 54251K->54439K(1398144K)
[3929.580s][info][gc,metaspace   ] GC(2687) Metaspace: 91007K(98224K)->91007K(98224K) NonClass: 79636K(83632K)->79636K(83632K) Class: 11370K(14592K)->11370K(14592K)
[3929.580s][info][gc             ] GC(2687) Pause Young (Allocation Failure) 605M->70M(1979M) 8.644ms
[3929.580s][info][gc,cpu         ] GC(2687) User=0.00s Sys=0.00s Real=0.01s
[3930.927s][info][gc,start       ] GC(2688) Pause Young (Allocation Failure)
[3930.934s][info][gc,heap        ] GC(2688) DefNew: 576536K->6484K(629120K)
[3930.934s][info][gc,heap        ] GC(2688) Tenured: 54439K->54586K(1398144K)
[3930.934s][info][gc,metaspace   ] GC(2688) Metaspace: 91007K(98224K)->91007K(98224K) NonClass: 79636K(83632K)->79636K(83632K) Class: 11370K(14592K)->11370K(14592K)
[3930.934s][info][gc             ] GC(2688) Pause Young (Allocation Failure) 616M->59M(1979M) 6.787ms
[3930.934s][info][gc,cpu         ] GC(2688) User=0.00s Sys=0.00s Real=0.01s
[3932.801s][info][gc,start       ] GC(2689) Pause Young (Allocation Failure)
[3932.810s][info][gc,heap        ] GC(2689) DefNew: 565716K->10750K(629120K)
[3932.810s][info][gc,heap        ] GC(2689) Tenured: 54586K->54652K(1398144K)
[3932.810s][info][gc,metaspace   ] GC(2689) Metaspace: 91007K(98224K)->91007K(98224K) NonClass: 79636K(83632K)->79636K(83632K) Class: 11370K(14592K)->11370K(14592K)
[3932.810s][info][gc             ] GC(2689) Pause Young (Allocation Failure) 605M->63M(1979M) 9.055ms
[3932.810s][info][gc,cpu         ] GC(2689) User=0.00s Sys=0.00s Real=0.01s
[3933.393s][info][gc,start       ] GC(2690) Pause Young (Allocation Failure)
[3933.401s][info][gc,heap        ] GC(2690) DefNew: 567427K->13269K(629120K)
[3933.401s][info][gc,heap        ] GC(2690) Tenured: 54652K->54834K(1398144K)
[3933.401s][info][gc,metaspace   ] GC(2690) Metaspace: 91007K(98224K)->91007K(98224K) NonClass: 79636K(83632K)->79636K(83632K) Class: 11370K(14592K)->11370K(14592K)
[3933.401s][info][gc             ] GC(2690) Pause Young (Allocation Failure) 607M->66M(1979M) 7.777ms
[3933.401s][info][gc,cpu         ] GC(2690) User=0.00s Sys=0.00s Real=0.01s
[3934.894s][info][gc,start       ] GC(2691) Pause Young (Allocation Failure)
[3934.901s][info][gc,heap        ] GC(2691) DefNew: 571910K->5672K(629120K)
[3934.901s][info][gc,heap        ] GC(2691) Tenured: 54834K->54972K(1398144K)
[3934.901s][info][gc,metaspace   ] GC(2691) Metaspace: 91007K(98224K)->91007K(98224K) NonClass: 79636K(83632K)->79636K(83632K) Class: 11370K(14592K)->11370K(14592K)
[3934.901s][info][gc             ] GC(2691) Pause Young (Allocation Failure) 612M->59M(1979M) 6.504ms
[3934.901s][info][gc,cpu         ] GC(2691) User=0.00s Sys=0.00s Real=0.01s
[3936.754s][info][gc,start       ] GC(2692) Pause Young (Allocation Failure)
[3936.764s][info][gc,heap        ] GC(2692) DefNew: 564904K->8184K(629120K)
[3936.765s][info][gc,heap        ] GC(2692) Tenured: 54972K->55131K(1398144K)
[3936.765s][info][gc,metaspace   ] GC(2692) Metaspace: 91007K(98224K)->91007K(98224K) NonClass: 79636K(83632K)->79636K(83632K) Class: 11370K(14592K)->11370K(14592K)
[3936.765s][info][gc             ] GC(2692) Pause Young (Allocation Failure) 605M->61M(1979M) 10.871ms
[3936.765s][info][gc,cpu         ] GC(2692) User=0.00s Sys=0.00s Real=0.01s
[3937.214s][info][gc,start       ] GC(2693) Pause Young (Allocation Failure)
[3937.221s][info][gc,heap        ] GC(2693) DefNew: 567416K->8701K(629120K)
[3937.221s][info][gc,heap        ] GC(2693) Tenured: 55131K->55256K(1398144K)
[3937.221s][info][gc,metaspace   ] GC(2693) Metaspace: 91007K(98224K)->91007K(98224K) NonClass: 79636K(83632K)->79636K(83632K) Class: 11370K(14592K)->11370K(14592K)
[3937.221s][info][gc             ] GC(2693) Pause Young (Allocation Failure) 607M->62M(1979M) 7.626ms
[3937.221s][info][gc,cpu         ] GC(2693) User=0.00s Sys=0.00s Real=0.01s
[3938.729s][info][gc,start       ] GC(2694) Pause Young (Allocation Failure)
[3938.736s][info][gc,heap        ] GC(2694) DefNew: 567933K->7382K(629120K)
[3938.736s][info][gc,heap        ] GC(2694) Tenured: 55256K->55365K(1398144K)
[3938.736s][info][gc,metaspace   ] GC(2694) Metaspace: 91007K(98224K)->91007K(98224K) NonClass: 79636K(83632K)->79636K(83632K) Class: 11370K(14592K)->11370K(14592K)
[3938.737s][info][gc             ] GC(2694) Pause Young (Allocation Failure) 608M->61M(1979M) 7.282ms
[3938.737s][info][gc,cpu         ] GC(2694) User=0.00s Sys=0.00s Real=0.01s
[3940.476s][info][gc,start       ] GC(2695) Pause Young (Allocation Failure)
[3940.484s][info][gc,heap        ] GC(2695) DefNew: 566614K->8474K(629120K)
[3940.485s][info][gc,heap        ] GC(2695) Tenured: 55365K->55524K(1398144K)
[3940.485s][info][gc,metaspace   ] GC(2695) Metaspace: 91007K(98224K)->91007K(98224K) NonClass: 79636K(83632K)->79636K(83632K) Class: 11370K(14592K)->11370K(14592K)
[3940.485s][info][gc             ] GC(2695) Pause Young (Allocation Failure) 607M->62M(1979M) 8.572ms
[3940.485s][info][gc,cpu         ] GC(2695) User=0.00s Sys=0.00s Real=0.01s
[3940.970s][info][gc,start       ] GC(2696) Pause Young (Allocation Failure)
[3940.978s][info][gc,heap        ] GC(2696) DefNew: 567696K->9678K(629120K)
[3940.978s][info][gc,heap        ] GC(2696) Tenured: 55524K->55713K(1398144K)
[3940.978s][info][gc,metaspace   ] GC(2696) Metaspace: 91007K(98224K)->91007K(98224K) NonClass: 79636K(83632K)->79636K(83632K) Class: 11370K(14592K)->11370K(14592K)
[3940.978s][info][gc             ] GC(2696) Pause Young (Allocation Failure) 608M->63M(1979M) 7.762ms
[3940.978s][info][gc,cpu         ] GC(2696) User=0.00s Sys=0.00s Real=0.01s
[3942.501s][info][gc,start       ] GC(2697) Pause Young (Allocation Failure)
[3942.508s][info][gc,heap        ] GC(2697) DefNew: 568037K->5851K(629120K)
[3942.508s][info][gc,heap        ] GC(2697) Tenured: 55713K->55838K(1398144K)
[3942.508s][info][gc,metaspace   ] GC(2697) Metaspace: 91007K(98224K)->91007K(98224K) NonClass: 79636K(83632K)->79636K(83632K) Class: 11370K(14592K)->11370K(14592K)
[3942.508s][info][gc             ] GC(2697) Pause Young (Allocation Failure) 609M->60M(1979M) 7.208ms
[3942.508s][info][gc,cpu         ] GC(2697) User=0.02s Sys=0.00s Real=0.01s
[3944.340s][info][gc,start       ] GC(2698) Pause Young (Allocation Failure)
[3944.351s][info][gc,heap        ] GC(2698) DefNew: 565083K->8564K(629120K)
[3944.351s][info][gc,heap        ] GC(2698) Tenured: 55838K->55918K(1398144K)
[3944.351s][info][gc,metaspace   ] GC(2698) Metaspace: 91007K(98224K)->91007K(98224K) NonClass: 79636K(83632K)->79636K(83632K) Class: 11370K(14592K)->11370K(14592K)
[3944.351s][info][gc             ] GC(2698) Pause Young (Allocation Failure) 606M->62M(1979M) 10.915ms
[3944.351s][info][gc,cpu         ] GC(2698) User=0.00s Sys=0.00s Real=0.01s
[3945.043s][info][gc,start       ] GC(2699) Pause Young (Allocation Failure)
[3945.052s][info][gc,heap        ] GC(2699) DefNew: 567796K->7436K(629120K)
[3945.052s][info][gc,heap        ] GC(2699) Tenured: 55918K->56114K(1398144K)
[3945.052s][info][gc,metaspace   ] GC(2699) Metaspace: 91007K(98224K)->91007K(98224K) NonClass: 79636K(83632K)->79636K(83632K) Class: 11370K(14592K)->11370K(14592K)
[3945.052s][info][gc             ] GC(2699) Pause Young (Allocation Failure) 609M->62M(1979M) 8.293ms
[3945.052s][info][gc,cpu         ] GC(2699) User=0.00s Sys=0.00s Real=0.01s
[3945.058s][info][gc,start       ] GC(2700) Pause Full (System.gc())
[3945.061s][info][gc,phases,start] GC(2700) Phase 1: Mark live objects
[3945.110s][info][gc,phases      ] GC(2700) Phase 1: Mark live objects 49.540ms
[3945.110s][info][gc,phases,start] GC(2700) Phase 2: Compute new object addresses
[3945.122s][info][gc,phases      ] GC(2700) Phase 2: Compute new object addresses 11.645ms
[3945.122s][info][gc,phases,start] GC(2700) Phase 3: Adjust pointers
[3945.152s][info][gc,phases      ] GC(2700) Phase 3: Adjust pointers 29.596ms
[3945.152s][info][gc,phases,start] GC(2700) Phase 4: Move objects
[3945.153s][info][gc,phases      ] GC(2700) Phase 4: Move objects 0.952ms
[3945.153s][info][gc,heap        ] GC(2700) DefNew: 30428K->0K(629120K)
[3945.154s][info][gc,heap        ] GC(2700) Tenured: 56114K->61074K(1398144K)
[3945.154s][info][gc,metaspace   ] GC(2700) Metaspace: 91007K(98224K)->91007K(98224K) NonClass: 79636K(83632K)->79636K(83632K) Class: 11370K(14592K)->11370K(14592K)
[3945.154s][info][gc             ] GC(2700) Pause Full (System.gc()) 84M->59M(1979M) 95.819ms
[3945.154s][info][gc,cpu         ] GC(2700) User=0.09s Sys=0.00s Real=0.10s
[3945.669s][info][gc,start       ] GC(2701) Pause Young (Allocation Failure)
[3945.672s][info][gc,heap        ] GC(2701) DefNew: 559232K->3058K(629120K)
[3945.672s][info][gc,heap        ] GC(2701) Tenured: 61074K->61074K(1398144K)
[3945.672s][info][gc,metaspace   ] GC(2701) Metaspace: 91007K(98224K)->91007K(98224K) NonClass: 79636K(83632K)->79636K(83632K) Class: 11370K(14592K)->11370K(14592K)
[3945.672s][info][gc             ] GC(2701) Pause Young (Allocation Failure) 605M->62M(1979M) 3.454ms
[3945.672s][info][gc,cpu         ] GC(2701) User=0.00s Sys=0.00s Real=0.00s
[3947.619s][info][gc,start       ] GC(2702) Pause Young (Allocation Failure)
[3947.623s][info][gc,heap        ] GC(2702) DefNew: 560209K->4388K(629120K)
[3947.623s][info][gc,heap        ] GC(2702) Tenured: 61074K->61074K(1398144K)
[3947.624s][info][gc,metaspace   ] GC(2702) Metaspace: 91007K(98224K)->91007K(98224K) NonClass: 79636K(83632K)->79636K(83632K) Class: 11370K(14592K)->11370K(14592K)
[3947.624s][info][gc             ] GC(2702) Pause Young (Allocation Failure) 606M->63M(1979M) 4.721ms
[3947.624s][info][gc,cpu         ] GC(2702) User=0.00s Sys=0.00s Real=0.00s
[3949.570s][info][gc,start       ] GC(2703) Pause Young (Allocation Failure)
[3949.576s][info][gc,heap        ] GC(2703) DefNew: 563486K->4936K(629120K)
[3949.576s][info][gc,heap        ] GC(2703) Tenured: 61074K->61074K(1398144K)
[3949.576s][info][gc,metaspace   ] GC(2703) Metaspace: 91007K(98224K)->91007K(98224K) NonClass: 79636K(83632K)->79636K(83632K) Class: 11370K(14592K)->11370K(14592K)
[3949.576s][info][gc             ] GC(2703) Pause Young (Allocation Failure) 609M->64M(1979M) 5.773ms
[3949.576s][info][gc,cpu         ] GC(2703) User=0.00s Sys=0.00s Real=0.01s
[3951.331s][info][gc,start       ] GC(2704) Pause Young (Allocation Failure)
[3951.340s][info][gc,heap        ] GC(2704) DefNew: 564168K->7100K(629120K)
[3951.340s][info][gc,heap        ] GC(2704) Tenured: 61074K->61074K(1398144K)
[3951.340s][info][gc,metaspace   ] GC(2704) Metaspace: 91007K(98224K)->91007K(98224K) NonClass: 79636K(83632K)->79636K(83632K) Class: 11370K(14592K)->11370K(14592K)
[3951.340s][info][gc             ] GC(2704) Pause Young (Allocation Failure) 610M->66M(1979M) 9.542ms
[3951.340s][info][gc,cpu         ] GC(2704) User=0.00s Sys=0.00s Real=0.01s
[3951.824s][info][gc,start       ] GC(2705) Pause Young (Allocation Failure)
[3951.830s][info][gc,heap        ] GC(2705) DefNew: 564612K->7781K(629120K)
[3951.830s][info][gc,heap        ] GC(2705) Tenured: 61074K->61074K(1398144K)
[3951.830s][info][gc,metaspace   ] GC(2705) Metaspace: 91007K(98224K)->91007K(98224K) NonClass: 79636K(83632K)->79636K(83632K) Class: 11370K(14592K)->11370K(14592K)
[3951.830s][info][gc             ] GC(2705) Pause Young (Allocation Failure) 611M->67M(1979M) 6.077ms
[3951.830s][info][gc,cpu         ] GC(2705) User=0.00s Sys=0.00s Real=0.01s
[3953.275s][info][gc,start       ] GC(2706) Pause Young (Allocation Failure)
[3953.281s][info][gc,heap        ] GC(2706) DefNew: 567019K->6561K(629120K)
[3953.281s][info][gc,heap        ] GC(2706) Tenured: 61074K->61074K(1398144K)
[3953.281s][info][gc,metaspace   ] GC(2706) Metaspace: 91007K(98224K)->91007K(98224K) NonClass: 79636K(83632K)->79636K(83632K) Class: 11370K(14592K)->11370K(14592K)
[3953.281s][info][gc             ] GC(2706) Pause Young (Allocation Failure) 613M->66M(1979M) 6.604ms
[3953.281s][info][gc,cpu         ] GC(2706) User=0.00s Sys=0.00s Real=0.01s
[3955.261s][info][gc,start       ] GC(2707) Pause Young (Allocation Failure)
[3955.266s][info][gc,heap        ] GC(2707) DefNew: 565793K->5201K(629120K)
[3955.266s][info][gc,heap        ] GC(2707) Tenured: 61074K->61074K(1398144K)
[3955.266s][info][gc,metaspace   ] GC(2707) Metaspace: 91007K(98224K)->91007K(98224K) NonClass: 79636K(83632K)->79636K(83632K) Class: 11370K(14592K)->11370K(14592K)
[3955.266s][info][gc             ] GC(2707) Pause Young (Allocation Failure) 612M->64M(1979M) 5.059ms
[3955.267s][info][gc,cpu         ] GC(2707) User=0.00s Sys=0.00s Real=0.01s
[3957.821s][info][gc,start       ] GC(2708) Pause Young (Allocation Failure)
[3957.826s][info][gc,heap        ] GC(2708) DefNew: 564433K->5506K(629120K)
[3957.826s][info][gc,heap        ] GC(2708) Tenured: 61074K->61074K(1398144K)
[3957.826s][info][gc,metaspace   ] GC(2708) Metaspace: 91007K(98224K)->91007K(98224K) NonClass: 79636K(83632K)->79636K(83632K) Class: 11370K(14592K)->11370K(14592K)
[3957.826s][info][gc             ] GC(2708) Pause Young (Allocation Failure) 610M->65M(1979M) 5.152ms
[3957.826s][info][gc,cpu         ] GC(2708) User=0.00s Sys=0.00s Real=0.01s
[3958.451s][info][gc,start       ] GC(2709) Pause Young (Allocation Failure)
[3958.458s][info][gc,heap        ] GC(2709) DefNew: 561419K->7851K(629120K)
[3958.458s][info][gc,heap        ] GC(2709) Tenured: 61074K->61074K(1398144K)
[3958.458s][info][gc,metaspace   ] GC(2709) Metaspace: 91007K(98224K)->91007K(98224K) NonClass: 79636K(83632K)->79636K(83632K) Class: 11370K(14592K)->11370K(14592K)
[3958.458s][info][gc             ] GC(2709) Pause Young (Allocation Failure) 607M->67M(1979M) 7.373ms
[3958.458s][info][gc,cpu         ] GC(2709) User=0.00s Sys=0.00s Real=0.01s
[3959.172s][info][gc,start       ] GC(2710) Pause Young (Allocation Failure)
[3959.177s][info][gc,heap        ] GC(2710) DefNew: 567083K->4869K(629120K)
[3959.177s][info][gc,heap        ] GC(2710) Tenured: 61074K->61074K(1398144K)
[3959.177s][info][gc,metaspace   ] GC(2710) Metaspace: 91007K(98224K)->91007K(98224K) NonClass: 79636K(83632K)->79636K(83632K) Class: 11370K(14592K)->11370K(14592K)
[3959.177s][info][gc             ] GC(2710) Pause Young (Allocation Failure) 613M->64M(1979M) 4.717ms
[3959.177s][info][gc,cpu         ] GC(2710) User=0.00s Sys=0.00s Real=0.00s
[3961.811s][info][gc,start       ] GC(2711) Pause Young (Allocation Failure)
[3961.817s][info][gc,heap        ] GC(2711) DefNew: 562323K->6229K(629120K)
[3961.817s][info][gc,heap        ] GC(2711) Tenured: 61074K->61074K(1398144K)
[3961.817s][info][gc,metaspace   ] GC(2711) Metaspace: 91007K(98224K)->91007K(98224K) NonClass: 79636K(83632K)->79636K(83632K) Class: 11370K(14592K)->11370K(14592K)
[3961.817s][info][gc             ] GC(2711) Pause Young (Allocation Failure) 608M->65M(1979M) 6.087ms
[3961.817s][info][gc,cpu         ] GC(2711) User=0.00s Sys=0.00s Real=0.01s
[3963.889s][info][gc,start       ] GC(2712) Pause Young (Allocation Failure)
[3963.898s][info][gc,heap        ] GC(2712) DefNew: 565243K->6473K(629120K)
[3963.898s][info][gc,heap        ] GC(2712) Tenured: 61074K->61074K(1398144K)
[3963.898s][info][gc,metaspace   ] GC(2712) Metaspace: 91007K(98224K)->91007K(98224K) NonClass: 79636K(83632K)->79636K(83632K) Class: 11370K(14592K)->11370K(14592K)
[3963.898s][info][gc             ] GC(2712) Pause Young (Allocation Failure) 611M->65M(1979M) 8.345ms
[3963.898s][info][gc,cpu         ] GC(2712) User=0.02s Sys=0.00s Real=0.01s
[3965.371s][info][gc,start       ] GC(2713) Pause Young (Allocation Failure)
[3965.390s][info][gc,heap        ] GC(2713) DefNew: 565705K->11498K(629120K)
[3965.390s][info][gc,heap        ] GC(2713) Tenured: 61074K->61074K(1398144K)
[3965.390s][info][gc,metaspace   ] GC(2713) Metaspace: 91007K(98224K)->91007K(98224K) NonClass: 79636K(83632K)->79636K(83632K) Class: 11370K(14592K)->11370K(14592K)
[3965.390s][info][gc             ] GC(2713) Pause Young (Allocation Failure) 612M->70M(1979M) 18.848ms
[3965.390s][info][gc,cpu         ] GC(2713) User=0.00s Sys=0.00s Real=0.02s
[3965.945s][info][gc,start       ] GC(2714) Pause Young (Allocation Failure)
[3965.953s][info][gc,heap        ] GC(2714) DefNew: 569767K->8491K(629120K)
[3965.954s][info][gc,heap        ] GC(2714) Tenured: 61074K->61074K(1398144K)
[3965.954s][info][gc,metaspace   ] GC(2714) Metaspace: 91007K(98224K)->91007K(98224K) NonClass: 79636K(83632K)->79636K(83632K) Class: 11370K(14592K)->11370K(14592K)
[3965.954s][info][gc             ] GC(2714) Pause Young (Allocation Failure) 616M->67M(1979M) 8.079ms
[3965.954s][info][gc,cpu         ] GC(2714) User=0.00s Sys=0.00s Real=0.01s
[3968.264s][info][gc,start       ] GC(2715) Pause Young (Allocation Failure)
[3968.273s][info][gc,heap        ] GC(2715) DefNew: 567723K->7046K(629120K)
[3968.273s][info][gc,heap        ] GC(2715) Tenured: 61074K->61074K(1398144K)
[3968.273s][info][gc,metaspace   ] GC(2715) Metaspace: 91007K(98224K)->91007K(98224K) NonClass: 79636K(83632K)->79636K(83632K) Class: 11370K(14592K)->11370K(14592K)
[3968.273s][info][gc             ] GC(2715) Pause Young (Allocation Failure) 614M->66M(1979M) 8.940ms
[3968.273s][info][gc,cpu         ] GC(2715) User=0.00s Sys=0.00s Real=0.01s
[3970.351s][info][gc,start       ] GC(2716) Pause Young (Allocation Failure)
[3970.357s][info][gc,heap        ] GC(2716) DefNew: 565428K->6216K(629120K)
[3970.357s][info][gc,heap        ] GC(2716) Tenured: 61074K->61537K(1398144K)
[3970.357s][info][gc,metaspace   ] GC(2716) Metaspace: 91007K(98224K)->91007K(98224K) NonClass: 79636K(83632K)->79636K(83632K) Class: 11370K(14592K)->11370K(14592K)
[3970.357s][info][gc             ] GC(2716) Pause Young (Allocation Failure) 611M->66M(1979M) 6.500ms
[3970.357s][info][gc,cpu         ] GC(2716) User=0.00s Sys=0.00s Real=0.01s
[3972.247s][info][gc,start       ] GC(2717) Pause Young (Allocation Failure)
[3972.257s][info][gc,heap        ] GC(2717) DefNew: 565448K->10594K(629120K)
[3972.257s][info][gc,heap        ] GC(2717) Tenured: 61537K->61723K(1398144K)
[3972.257s][info][gc,metaspace   ] GC(2717) Metaspace: 91007K(98224K)->91007K(98224K) NonClass: 79636K(83632K)->79636K(83632K) Class: 11370K(14592K)->11370K(14592K)
[3972.257s][info][gc             ] GC(2717) Pause Young (Allocation Failure) 612M->70M(1979M) 10.096ms
[3972.257s][info][gc,cpu         ] GC(2717) User=0.00s Sys=0.00s Real=0.01s
[3972.888s][info][gc,start       ] GC(2718) Pause Young (Allocation Failure)
[3972.897s][info][gc,heap        ] GC(2718) DefNew: 566247K->25726K(629120K)
[3972.897s][info][gc,heap        ] GC(2718) Tenured: 61723K->61908K(1398144K)
[3972.897s][info][gc,metaspace   ] GC(2718) Metaspace: 91007K(98224K)->91007K(98224K) NonClass: 79636K(83632K)->79636K(83632K) Class: 11370K(14592K)->11370K(14592K)
[3972.897s][info][gc             ] GC(2718) Pause Young (Allocation Failure) 613M->85M(1979M) 8.948ms
[3972.897s][info][gc,cpu         ] GC(2718) User=0.00s Sys=0.00s Real=0.01s
[3974.240s][info][gc,start       ] GC(2719) Pause Young (Allocation Failure)
[3974.248s][info][gc,heap        ] GC(2719) DefNew: 584958K->8474K(629120K)
[3974.248s][info][gc,heap        ] GC(2719) Tenured: 61908K->62056K(1398144K)
[3974.248s][info][gc,metaspace   ] GC(2719) Metaspace: 91007K(98224K)->91007K(98224K) NonClass: 79636K(83632K)->79636K(83632K) Class: 11370K(14592K)->11370K(14592K)
[3974.248s][info][gc             ] GC(2719) Pause Young (Allocation Failure) 631M->68M(1979M) 7.671ms
[3974.248s][info][gc,cpu         ] GC(2719) User=0.00s Sys=0.00s Real=0.01s
[3976.165s][info][gc,start       ] GC(2720) Pause Young (Allocation Failure)
[3976.174s][info][gc,heap        ] GC(2720) DefNew: 566783K->7773K(629120K)
[3976.174s][info][gc,heap        ] GC(2720) Tenured: 62056K->62122K(1398144K)
[3976.174s][info][gc,metaspace   ] GC(2720) Metaspace: 91007K(98224K)->91007K(98224K) NonClass: 79636K(83632K)->79636K(83632K) Class: 11370K(14592K)->11370K(14592K)
[3976.174s][info][gc             ] GC(2720) Pause Young (Allocation Failure) 614M->68M(1979M) 9.111ms
[3976.174s][info][gc,cpu         ] GC(2720) User=0.02s Sys=0.00s Real=0.01s
[3976.702s][info][gc,start       ] GC(2721) Pause Young (Allocation Failure)
[3976.710s][info][gc,heap        ] GC(2721) DefNew: 563845K->13281K(629120K)
[3976.710s][info][gc,heap        ] GC(2721) Tenured: 62122K->62312K(1398144K)
[3976.710s][info][gc,metaspace   ] GC(2721) Metaspace: 91007K(98224K)->91007K(98224K) NonClass: 79636K(83632K)->79636K(83632K) Class: 11370K(14592K)->11370K(14592K)
[3976.710s][info][gc             ] GC(2721) Pause Young (Allocation Failure) 611M->73M(1979M) 7.758ms
[3976.710s][info][gc,cpu         ] GC(2721) User=0.00s Sys=0.00s Real=0.01s
[3978.206s][info][gc,start       ] GC(2722) Pause Young (Allocation Failure)
[3978.213s][info][gc,heap        ] GC(2722) DefNew: 572150K->5833K(629120K)
[3978.213s][info][gc,heap        ] GC(2722) Tenured: 62312K->62450K(1398144K)
[3978.213s][info][gc,metaspace   ] GC(2722) Metaspace: 91007K(98224K)->91007K(98224K) NonClass: 79636K(83632K)->79636K(83632K) Class: 11370K(14592K)->11370K(14592K)
[3978.213s][info][gc             ] GC(2722) Pause Young (Allocation Failure) 619M->66M(1979M) 6.625ms
[3978.213s][info][gc,cpu         ] GC(2722) User=0.02s Sys=0.00s Real=0.01s
[3980.095s][info][gc,start       ] GC(2723) Pause Young (Allocation Failure)
[3980.104s][info][gc,heap        ] GC(2723) DefNew: 565065K->7937K(629120K)
[3980.104s][info][gc,heap        ] GC(2723) Tenured: 62450K->62614K(1398144K)
[3980.104s][info][gc,metaspace   ] GC(2723) Metaspace: 91007K(98224K)->91007K(98224K) NonClass: 79636K(83632K)->79636K(83632K) Class: 11370K(14592K)->11370K(14592K)
[3980.104s][info][gc             ] GC(2723) Pause Young (Allocation Failure) 612M->68M(1979M) 9.332ms
[3980.104s][info][gc,cpu         ] GC(2723) User=0.00s Sys=0.00s Real=0.01s
[3980.554s][info][gc,start       ] GC(2724) Pause Young (Allocation Failure)
[3980.564s][info][gc,heap        ] GC(2724) DefNew: 566046K->17907K(629120K)
[3980.564s][info][gc,heap        ] GC(2724) Tenured: 62614K->62729K(1398144K)
[3980.564s][info][gc,metaspace   ] GC(2724) Metaspace: 91007K(98224K)->91007K(98224K) NonClass: 79636K(83632K)->79636K(83632K) Class: 11370K(14592K)->11370K(14592K)
[3980.564s][info][gc             ] GC(2724) Pause Young (Allocation Failure) 613M->78M(1979M) 9.943ms
[3980.564s][info][gc,cpu         ] GC(2724) User=0.00s Sys=0.00s Real=0.01s
[3982.131s][info][gc,start       ] GC(2725) Pause Young (Allocation Failure)
[3982.139s][info][gc,heap        ] GC(2725) DefNew: 577139K->7518K(629120K)
[3982.139s][info][gc,heap        ] GC(2725) Tenured: 62729K->62838K(1398144K)
[3982.139s][info][gc,metaspace   ] GC(2725) Metaspace: 91007K(98224K)->91007K(98224K) NonClass: 79636K(83632K)->79636K(83632K) Class: 11370K(14592K)->11370K(14592K)
[3982.139s][info][gc             ] GC(2725) Pause Young (Allocation Failure) 624M->68M(1979M) 8.316ms
[3982.139s][info][gc,cpu         ] GC(2725) User=0.00s Sys=0.00s Real=0.01s
[3983.923s][info][gc,start       ] GC(2726) Pause Young (Allocation Failure)
[3983.932s][info][gc,heap        ] GC(2726) DefNew: 566750K->8523K(629120K)
[3983.932s][info][gc,heap        ] GC(2726) Tenured: 62838K->62998K(1398144K)
[3983.932s][info][gc,metaspace   ] GC(2726) Metaspace: 91007K(98224K)->91007K(98224K) NonClass: 79636K(83632K)->79636K(83632K) Class: 11370K(14592K)->11370K(14592K)
[3983.932s][info][gc             ] GC(2726) Pause Young (Allocation Failure) 614M->69M(1979M) 9.069ms
[3983.932s][info][gc,cpu         ] GC(2726) User=0.00s Sys=0.00s Real=0.01s
[3984.403s][info][gc,start       ] GC(2727) Pause Young (Allocation Failure)
[3984.411s][info][gc,heap        ] GC(2727) DefNew: 566091K->8822K(629120K)
[3984.411s][info][gc,heap        ] GC(2727) Tenured: 62998K->63184K(1398144K)
[3984.411s][info][gc,metaspace   ] GC(2727) Metaspace: 91007K(98224K)->91007K(98224K) NonClass: 79636K(83632K)->79636K(83632K) Class: 11370K(14592K)->11370K(14592K)
[3984.411s][info][gc             ] GC(2727) Pause Young (Allocation Failure) 614M->70M(1979M) 7.509ms
[3984.411s][info][gc,cpu         ] GC(2727) User=0.00s Sys=0.00s Real=0.01s
[3985.908s][info][gc,start       ] GC(2728) Pause Young (GCLocker Initiated GC)
[3985.915s][info][gc,heap        ] GC(2728) DefNew: 568153K->7263K(629120K)
[3985.915s][info][gc,heap        ] GC(2728) Tenured: 63184K->63307K(1398144K)
[3985.915s][info][gc,metaspace   ] GC(2728) Metaspace: 91007K(98224K)->91007K(98224K) NonClass: 79636K(83632K)->79636K(83632K) Class: 11370K(14592K)->11370K(14592K)
[3985.915s][info][gc             ] GC(2728) Pause Young (GCLocker Initiated GC) 616M->68M(1979M) 6.992ms
[3985.915s][info][gc,cpu         ] GC(2728) User=0.00s Sys=0.00s Real=0.01s
[3987.870s][info][gc,start       ] GC(2729) Pause Young (Allocation Failure)
[3987.881s][info][gc,heap        ] GC(2729) DefNew: 566495K->8074K(629120K)
[3987.881s][info][gc,heap        ] GC(2729) Tenured: 63307K->63388K(1398144K)
[3987.881s][info][gc,metaspace   ] GC(2729) Metaspace: 91007K(98224K)->91007K(98224K) NonClass: 79636K(83632K)->79636K(83632K) Class: 11370K(14592K)->11370K(14592K)
[3987.881s][info][gc             ] GC(2729) Pause Young (Allocation Failure) 615M->69M(1979M) 10.424ms
[3987.881s][info][gc,cpu         ] GC(2729) User=0.02s Sys=0.00s Real=0.01s
[3988.584s][info][gc,start       ] GC(2730) Pause Young (Allocation Failure)
[3988.591s][info][gc,heap        ] GC(2730) DefNew: 567306K->7342K(629120K)
[3988.592s][info][gc,heap        ] GC(2730) Tenured: 63388K->63582K(1398144K)
[3988.592s][info][gc,metaspace   ] GC(2730) Metaspace: 91007K(98224K)->91007K(98224K) NonClass: 79636K(83632K)->79636K(83632K) Class: 11370K(14592K)->11370K(14592K)
[3988.592s][info][gc             ] GC(2730) Pause Young (Allocation Failure) 615M->69M(1979M) 8.041ms
[3988.592s][info][gc,cpu         ] GC(2730) User=0.00s Sys=0.00s Real=0.01s
[3988.610s][info][gc,start       ] GC(2731) Pause Full (System.gc())
[3988.612s][info][gc,phases,start] GC(2731) Phase 1: Mark live objects
[3988.663s][info][gc,phases      ] GC(2731) Phase 1: Mark live objects 50.875ms
[3988.663s][info][gc,phases,start] GC(2731) Phase 2: Compute new object addresses
[3988.676s][info][gc,phases      ] GC(2731) Phase 2: Compute new object addresses 13.061ms
[3988.676s][info][gc,phases,start] GC(2731) Phase 3: Adjust pointers
[3988.706s][info][gc,phases      ] GC(2731) Phase 3: Adjust pointers 30.017ms
[3988.706s][info][gc,phases,start] GC(2731) Phase 4: Move objects
[3988.707s][info][gc,phases      ] GC(2731) Phase 4: Move objects 0.759ms
[3988.708s][info][gc,heap        ] GC(2731) DefNew: 36297K->0K(629120K)
[3988.708s][info][gc,heap        ] GC(2731) Tenured: 63582K->66912K(1398144K)
[3988.708s][info][gc,metaspace   ] GC(2731) Metaspace: 91007K(98224K)->91007K(98224K) NonClass: 79636K(83632K)->79636K(83632K) Class: 11370K(14592K)->11370K(14592K)
[3988.708s][info][gc             ] GC(2731) Pause Full (System.gc()) 97M->65M(1979M) 98.056ms
[3988.708s][info][gc,cpu         ] GC(2731) User=0.11s Sys=0.00s Real=0.10s
[3989.175s][info][gc,start       ] GC(2732) Pause Young (Allocation Failure)
[3989.179s][info][gc,heap        ] GC(2732) DefNew: 558572K->3151K(629120K)
[3989.179s][info][gc,heap        ] GC(2732) Tenured: 66912K->66912K(1398144K)
[3989.179s][info][gc,metaspace   ] GC(2732) Metaspace: 91007K(98224K)->91007K(98224K) NonClass: 79636K(83632K)->79636K(83632K) Class: 11370K(14592K)->11370K(14592K)
[3989.179s][info][gc             ] GC(2732) Pause Young (Allocation Failure) 610M->68M(1979M) 3.471ms
[3989.179s][info][gc,cpu         ] GC(2732) User=0.00s Sys=0.00s Real=0.00s
[3991.171s][info][gc,start       ] GC(2733) Pause Young (Allocation Failure)
[3991.175s][info][gc,heap        ] GC(2733) DefNew: 562383K->4409K(629120K)
[3991.175s][info][gc,heap        ] GC(2733) Tenured: 66912K->66912K(1398144K)
[3991.175s][info][gc,metaspace   ] GC(2733) Metaspace: 91007K(98224K)->91007K(98224K) NonClass: 79636K(83632K)->79636K(83632K) Class: 11370K(14592K)->11370K(14592K)
[3991.175s][info][gc             ] GC(2733) Pause Young (Allocation Failure) 614M->69M(1979M) 4.523ms
[3991.175s][info][gc,cpu         ] GC(2733) User=0.00s Sys=0.00s Real=0.01s
[3993.156s][info][gc,start       ] GC(2734) Pause Young (Allocation Failure)
[3993.162s][info][gc,heap        ] GC(2734) DefNew: 563641K->5130K(629120K)
[3993.162s][info][gc,heap        ] GC(2734) Tenured: 66912K->66912K(1398144K)
[3993.162s][info][gc,metaspace   ] GC(2734) Metaspace: 91007K(98224K)->91007K(98224K) NonClass: 79636K(83632K)->79636K(83632K) Class: 11370K(14592K)->11370K(14592K)
[3993.162s][info][gc             ] GC(2734) Pause Young (Allocation Failure) 615M->70M(1979M) 6.550ms
[3993.162s][info][gc,cpu         ] GC(2734) User=0.00s Sys=0.00s Real=0.01s
[3994.870s][info][gc,start       ] GC(2735) Pause Young (Allocation Failure)
[3994.876s][info][gc,heap        ] GC(2735) DefNew: 564362K->6298K(629120K)
[3994.876s][info][gc,heap        ] GC(2735) Tenured: 66912K->66912K(1398144K)
[3994.876s][info][gc,metaspace   ] GC(2735) Metaspace: 91007K(98224K)->91007K(98224K) NonClass: 79636K(83632K)->79636K(83632K) Class: 11370K(14592K)->11370K(14592K)
[3994.876s][info][gc             ] GC(2735) Pause Young (Allocation Failure) 616M->71M(1979M) 6.674ms
[3994.876s][info][gc,cpu         ] GC(2735) User=0.00s Sys=0.00s Real=0.01s
[3995.356s][info][gc,start       ] GC(2736) Pause Young (Allocation Failure)
[3995.363s][info][gc,heap        ] GC(2736) DefNew: 565530K->12015K(629120K)
[3995.363s][info][gc,heap        ] GC(2736) Tenured: 66912K->66912K(1398144K)
[3995.363s][info][gc,metaspace   ] GC(2736) Metaspace: 91007K(98224K)->91007K(98224K) NonClass: 79636K(83632K)->79636K(83632K) Class: 11370K(14592K)->11370K(14592K)
[3995.363s][info][gc             ] GC(2736) Pause Young (Allocation Failure) 617M->77M(1979M) 7.072ms
[3995.363s][info][gc,cpu         ] GC(2736) User=0.00s Sys=0.00s Real=0.01s
[3996.840s][info][gc,start       ] GC(2737) Pause Young (Allocation Failure)
[3996.846s][info][gc,heap        ] GC(2737) DefNew: 571247K->6582K(629120K)
[3996.846s][info][gc,heap        ] GC(2737) Tenured: 66912K->66912K(1398144K)
[3996.846s][info][gc,metaspace   ] GC(2737) Metaspace: 91007K(98224K)->91007K(98224K) NonClass: 79636K(83632K)->79636K(83632K) Class: 11370K(14592K)->11370K(14592K)
[3996.846s][info][gc             ] GC(2737) Pause Young (Allocation Failure) 623M->71M(1979M) 6.852ms
[3996.847s][info][gc,cpu         ] GC(2737) User=0.00s Sys=0.00s Real=0.01s
[3998.838s][info][gc,start       ] GC(2738) Pause Young (Allocation Failure)
[3998.843s][info][gc,heap        ] GC(2738) DefNew: 565814K->5166K(629120K)
[3998.843s][info][gc,heap        ] GC(2738) Tenured: 66912K->66912K(1398144K)
[3998.843s][info][gc,metaspace   ] GC(2738) Metaspace: 91007K(98224K)->91007K(98224K) NonClass: 79636K(83632K)->79636K(83632K) Class: 11370K(14592K)->11370K(14592K)
[3998.843s][info][gc             ] GC(2738) Pause Young (Allocation Failure) 617M->70M(1979M) 5.085ms
[3998.843s][info][gc,cpu         ] GC(2738) User=0.00s Sys=0.00s Real=0.00s
[4001.395s][info][gc,start       ] GC(2739) Pause Young (Allocation Failure)
[4001.401s][info][gc,heap        ] GC(2739) DefNew: 564398K->5654K(629120K)
[4001.401s][info][gc,heap        ] GC(2739) Tenured: 66912K->66912K(1398144K)
[4001.401s][info][gc,metaspace   ] GC(2739) Metaspace: 91007K(98224K)->91007K(98224K) NonClass: 79636K(83632K)->79636K(83632K) Class: 11370K(14592K)->11370K(14592K)
[4001.401s][info][gc             ] GC(2739) Pause Young (Allocation Failure) 616M->70M(1979M) 5.558ms
[4001.401s][info][gc,cpu         ] GC(2739) User=0.00s Sys=0.00s Real=0.01s
[4002.016s][info][gc,start       ] GC(2740) Pause Young (Allocation Failure)
[4002.023s][info][gc,heap        ] GC(2740) DefNew: 563924K->7187K(629120K)
[4002.023s][info][gc,heap        ] GC(2740) Tenured: 66912K->66912K(1398144K)
[4002.023s][info][gc,metaspace   ] GC(2740) Metaspace: 91007K(98224K)->91007K(98224K) NonClass: 79636K(83632K)->79636K(83632K) Class: 11370K(14592K)->11370K(14592K)
[4002.023s][info][gc             ] GC(2740) Pause Young (Allocation Failure) 616M->72M(1979M) 7.404ms
[4002.023s][info][gc,cpu         ] GC(2740) User=0.00s Sys=0.00s Real=0.01s
[4002.772s][info][gc,start       ] GC(2741) Pause Young (Allocation Failure)
[4002.777s][info][gc,heap        ] GC(2741) DefNew: 566419K->5109K(629120K)
[4002.777s][info][gc,heap        ] GC(2741) Tenured: 66912K->66912K(1398144K)
[4002.777s][info][gc,metaspace   ] GC(2741) Metaspace: 91007K(98224K)->91007K(98224K) NonClass: 79636K(83632K)->79636K(83632K) Class: 11370K(14592K)->11370K(14592K)
[4002.777s][info][gc             ] GC(2741) Pause Young (Allocation Failure) 618M->70M(1979M) 5.217ms
[4002.777s][info][gc,cpu         ] GC(2741) User=0.00s Sys=0.00s Real=0.01s
[4005.224s][info][gc,start       ] GC(2742) Pause Young (Allocation Failure)
[4005.230s][info][gc,heap        ] GC(2742) DefNew: 564341K->6696K(629120K)
[4005.230s][info][gc,heap        ] GC(2742) Tenured: 66912K->66912K(1398144K)
[4005.230s][info][gc,metaspace   ] GC(2742) Metaspace: 91007K(98224K)->91007K(98224K) NonClass: 79636K(83632K)->79636K(83632K) Class: 11370K(14592K)->11370K(14592K)
[4005.230s][info][gc             ] GC(2742) Pause Young (Allocation Failure) 616M->71M(1979M) 6.648ms
[4005.230s][info][gc,cpu         ] GC(2742) User=0.00s Sys=0.00s Real=0.01s
[4007.202s][info][gc,start       ] GC(2743) Pause Young (Allocation Failure)
[4007.209s][info][gc,heap        ] GC(2743) DefNew: 565118K->6236K(629120K)
[4007.209s][info][gc,heap        ] GC(2743) Tenured: 66912K->66912K(1398144K)
[4007.209s][info][gc,metaspace   ] GC(2743) Metaspace: 91007K(98224K)->91007K(98224K) NonClass: 79636K(83632K)->79636K(83632K) Class: 11370K(14592K)->11370K(14592K)
[4007.209s][info][gc             ] GC(2743) Pause Young (Allocation Failure) 617M->71M(1979M) 6.484ms
[4007.209s][info][gc,cpu         ] GC(2743) User=0.00s Sys=0.00s Real=0.01s
[4008.518s][info][gc,start       ] GC(2744) Pause Young (Allocation Failure)
[4008.537s][info][gc,heap        ] GC(2744) DefNew: 565468K->11776K(629120K)
[4008.537s][info][gc,heap        ] GC(2744) Tenured: 66912K->66912K(1398144K)
[4008.537s][info][gc,metaspace   ] GC(2744) Metaspace: 91007K(98224K)->91007K(98224K) NonClass: 79636K(83632K)->79636K(83632K) Class: 11370K(14592K)->11370K(14592K)
[4008.537s][info][gc             ] GC(2744) Pause Young (Allocation Failure) 617M->76M(1979M) 18.852ms
[4008.537s][info][gc,cpu         ] GC(2744) User=0.00s Sys=0.00s Real=0.02s
[4009.051s][info][gc,start       ] GC(2745) Pause Young (Allocation Failure)
[4009.057s][info][gc,heap        ] GC(2745) DefNew: 568696K->8459K(629120K)
[4009.057s][info][gc,heap        ] GC(2745) Tenured: 66912K->66912K(1398144K)
[4009.057s][info][gc,metaspace   ] GC(2745) Metaspace: 91007K(98224K)->91007K(98224K) NonClass: 79636K(83632K)->79636K(83632K) Class: 11370K(14592K)->11370K(14592K)
[4009.057s][info][gc             ] GC(2745) Pause Young (Allocation Failure) 620M->73M(1979M) 6.242ms
[4009.057s][info][gc,cpu         ] GC(2745) User=0.00s Sys=0.00s Real=0.01s
[4011.063s][info][gc,start       ] GC(2746) Pause Young (Allocation Failure)
[4011.072s][info][gc,heap        ] GC(2746) DefNew: 567691K->7908K(629120K)
[4011.072s][info][gc,heap        ] GC(2746) Tenured: 66912K->66912K(1398144K)
[4011.072s][info][gc,metaspace   ] GC(2746) Metaspace: 91007K(98224K)->91007K(98224K) NonClass: 79636K(83632K)->79636K(83632K) Class: 11370K(14592K)->11370K(14592K)
[4011.072s][info][gc             ] GC(2746) Pause Young (Allocation Failure) 619M->73M(1979M) 8.905ms
[4011.072s][info][gc,cpu         ] GC(2746) User=0.00s Sys=0.00s Real=0.01s
[4013.117s][info][gc,start       ] GC(2747) Pause Young (Allocation Failure)
[4013.124s][info][gc,heap        ] GC(2747) DefNew: 567140K->6104K(629120K)
[4013.124s][info][gc,heap        ] GC(2747) Tenured: 66912K->67371K(1398144K)
[4013.124s][info][gc,metaspace   ] GC(2747) Metaspace: 91007K(98224K)->91007K(98224K) NonClass: 79636K(83632K)->79636K(83632K) Class: 11370K(14592K)->11370K(14592K)
[4013.124s][info][gc             ] GC(2747) Pause Young (Allocation Failure) 619M->71M(1979M) 6.987ms
[4013.124s][info][gc,cpu         ] GC(2747) User=0.00s Sys=0.00s Real=0.01s
[4015.001s][info][gc,start       ] GC(2748) Pause Young (Allocation Failure)
[4015.010s][info][gc,heap        ] GC(2748) DefNew: 564553K->7649K(629120K)
[4015.010s][info][gc,heap        ] GC(2748) Tenured: 67371K->67561K(1398144K)
[4015.010s][info][gc,metaspace   ] GC(2748) Metaspace: 91007K(98224K)->91007K(98224K) NonClass: 79636K(83632K)->79636K(83632K) Class: 11370K(14592K)->11370K(14592K)
[4015.010s][info][gc             ] GC(2748) Pause Young (Allocation Failure) 617M->73M(1979M) 9.020ms
[4015.010s][info][gc,cpu         ] GC(2748) User=0.00s Sys=0.00s Real=0.01s
[4015.562s][info][gc,start       ] GC(2749) Pause Young (Allocation Failure)
[4015.570s][info][gc,heap        ] GC(2749) DefNew: 564116K->17309K(629120K)
[4015.570s][info][gc,heap        ] GC(2749) Tenured: 67561K->67762K(1398144K)
[4015.570s][info][gc,metaspace   ] GC(2749) Metaspace: 91007K(98224K)->91007K(98224K) NonClass: 79636K(83632K)->79636K(83632K) Class: 11370K(14592K)->11370K(14592K)
[4015.570s][info][gc             ] GC(2749) Pause Young (Allocation Failure) 616M->83M(1979M) 7.913ms
[4015.570s][info][gc,cpu         ] GC(2749) User=0.00s Sys=0.00s Real=0.01s
[4016.949s][info][gc,start       ] GC(2750) Pause Young (Allocation Failure)
[4016.955s][info][gc,heap        ] GC(2750) DefNew: 576520K->5875K(629120K)
[4016.955s][info][gc,heap        ] GC(2750) Tenured: 67762K->67912K(1398144K)
[4016.955s][info][gc,metaspace   ] GC(2750) Metaspace: 91007K(98224K)->91007K(98224K) NonClass: 79636K(83632K)->79636K(83632K) Class: 11370K(14592K)->11370K(14592K)
[4016.955s][info][gc             ] GC(2750) Pause Young (Allocation Failure) 629M->72M(1979M) 6.696ms
[4016.955s][info][gc,cpu         ] GC(2750) User=0.00s Sys=0.00s Real=0.01s
[4018.856s][info][gc,start       ] GC(2751) Pause Young (Allocation Failure)
[4018.864s][info][gc,heap        ] GC(2751) DefNew: 564049K->7706K(629120K)
[4018.864s][info][gc,heap        ] GC(2751) Tenured: 67912K->67976K(1398144K)
[4018.864s][info][gc,metaspace   ] GC(2751) Metaspace: 91007K(98224K)->91007K(98224K) NonClass: 79636K(83632K)->79636K(83632K) Class: 11370K(14592K)->11370K(14592K)
[4018.864s][info][gc             ] GC(2751) Pause Young (Allocation Failure) 617M->73M(1979M) 8.041ms
[4018.864s][info][gc,cpu         ] GC(2751) User=0.00s Sys=0.00s Real=0.01s
[4019.426s][info][gc,start       ] GC(2752) Pause Young (Allocation Failure)
[4019.434s][info][gc,heap        ] GC(2752) DefNew: 565842K->13323K(629120K)
[4019.435s][info][gc,heap        ] GC(2752) Tenured: 67976K->68157K(1398144K)
[4019.435s][info][gc,metaspace   ] GC(2752) Metaspace: 91007K(98224K)->91007K(98224K) NonClass: 79636K(83632K)->79636K(83632K) Class: 11370K(14592K)->11370K(14592K)
[4019.435s][info][gc             ] GC(2752) Pause Young (Allocation Failure) 618M->79M(1979M) 8.746ms
[4019.435s][info][gc,cpu         ] GC(2752) User=0.00s Sys=0.00s Real=0.01s
[4020.938s][info][gc,start       ] GC(2753) Pause Young (Allocation Failure)
[4020.945s][info][gc,heap        ] GC(2753) DefNew: 572555K->6244K(629120K)
[4020.945s][info][gc,heap        ] GC(2753) Tenured: 68157K->68294K(1398144K)
[4020.945s][info][gc,metaspace   ] GC(2753) Metaspace: 91007K(98224K)->91007K(98224K) NonClass: 79636K(83632K)->79636K(83632K) Class: 11370K(14592K)->11370K(14592K)
[4020.945s][info][gc             ] GC(2753) Pause Young (Allocation Failure) 625M->72M(1979M) 7.348ms
[4020.945s][info][gc,cpu         ] GC(2753) User=0.00s Sys=0.00s Real=0.01s
[4022.810s][info][gc,start       ] GC(2754) Pause Young (Allocation Failure)
[4022.819s][info][gc,heap        ] GC(2754) DefNew: 565476K->8188K(629120K)
[4022.819s][info][gc,heap        ] GC(2754) Tenured: 68294K->68460K(1398144K)
[4022.819s][info][gc,metaspace   ] GC(2754) Metaspace: 91007K(98224K)->91007K(98224K) NonClass: 79636K(83632K)->79636K(83632K) Class: 11370K(14592K)->11370K(14592K)
[4022.819s][info][gc             ] GC(2754) Pause Young (Allocation Failure) 618M->74M(1979M) 9.283ms
[4022.819s][info][gc,cpu         ] GC(2754) User=0.00s Sys=0.00s Real=0.01s
[4023.270s][info][gc,start       ] GC(2755) Pause Young (Allocation Failure)
[4023.278s][info][gc,heap        ] GC(2755) DefNew: 567396K->12538K(629120K)
[4023.278s][info][gc,heap        ] GC(2755) Tenured: 68460K->68577K(1398144K)
[4023.278s][info][gc,metaspace   ] GC(2755) Metaspace: 91007K(98224K)->91007K(98224K) NonClass: 79636K(83632K)->79636K(83632K) Class: 11370K(14592K)->11370K(14592K)
[4023.278s][info][gc             ] GC(2755) Pause Young (Allocation Failure) 620M->79M(1979M) 7.487ms
[4023.278s][info][gc,cpu         ] GC(2755) User=0.00s Sys=0.00s Real=0.01s
[4024.842s][info][gc,start       ] GC(2756) Pause Young (Allocation Failure)
[4024.849s][info][gc,heap        ] GC(2756) DefNew: 571745K->5999K(629120K)
[4024.849s][info][gc,heap        ] GC(2756) Tenured: 68577K->68699K(1398144K)
[4024.849s][info][gc,metaspace   ] GC(2756) Metaspace: 91007K(98224K)->91007K(98224K) NonClass: 79636K(83632K)->79636K(83632K) Class: 11370K(14592K)->11370K(14592K)
[4024.849s][info][gc             ] GC(2756) Pause Young (Allocation Failure) 625M->72M(1979M) 7.534ms
[4024.849s][info][gc,cpu         ] GC(2756) User=0.00s Sys=0.00s Real=0.01s
[4026.536s][info][gc,start       ] GC(2757) Pause Young (Allocation Failure)
[4026.547s][info][gc,heap        ] GC(2757) DefNew: 565231K->8538K(629120K)
[4026.547s][info][gc,heap        ] GC(2757) Tenured: 68699K->68847K(1398144K)
[4026.547s][info][gc,metaspace   ] GC(2757) Metaspace: 91007K(98224K)->91007K(98224K) NonClass: 79636K(83632K)->79636K(83632K) Class: 11370K(14592K)->11370K(14592K)
[4026.547s][info][gc             ] GC(2757) Pause Young (Allocation Failure) 619M->75M(1979M) 10.524ms
[4026.547s][info][gc,cpu         ] GC(2757) User=0.00s Sys=0.00s Real=0.01s
[4027.022s][info][gc,start       ] GC(2758) Pause Young (Allocation Failure)
[4027.030s][info][gc,heap        ] GC(2758) DefNew: 563757K->8330K(629120K)
[4027.030s][info][gc,heap        ] GC(2758) Tenured: 68847K->69035K(1398144K)
[4027.030s][info][gc,metaspace   ] GC(2758) Metaspace: 91007K(98224K)->91007K(98224K) NonClass: 79636K(83632K)->79636K(83632K) Class: 11370K(14592K)->11370K(14592K)
[4027.030s][info][gc             ] GC(2758) Pause Young (Allocation Failure) 617M->75M(1979M) 7.917ms
[4027.030s][info][gc,cpu         ] GC(2758) User=0.00s Sys=0.00s Real=0.01s
[4028.568s][info][gc,start       ] GC(2759) Pause Young (Allocation Failure)
[4028.575s][info][gc,heap        ] GC(2759) DefNew: 563842K->5605K(629120K)
[4028.575s][info][gc,heap        ] GC(2759) Tenured: 69035K->69154K(1398144K)
[4028.575s][info][gc,metaspace   ] GC(2759) Metaspace: 91007K(98224K)->91007K(98224K) NonClass: 79636K(83632K)->79636K(83632K) Class: 11370K(14592K)->11370K(14592K)
[4028.575s][info][gc             ] GC(2759) Pause Young (Allocation Failure) 618M->73M(1979M) 6.278ms
[4028.575s][info][gc,cpu         ] GC(2759) User=0.00s Sys=0.00s Real=0.01s
[4030.428s][info][gc,start       ] GC(2760) Pause Young (Allocation Failure)
[4030.440s][info][gc,heap        ] GC(2760) DefNew: 564837K->8545K(629120K)
[4030.440s][info][gc,heap        ] GC(2760) Tenured: 69154K->69238K(1398144K)
[4030.440s][info][gc,metaspace   ] GC(2760) Metaspace: 91007K(98224K)->91007K(98224K) NonClass: 79636K(83632K)->79636K(83632K) Class: 11370K(14592K)->11370K(14592K)
[4030.440s][info][gc             ] GC(2760) Pause Young (Allocation Failure) 619M->75M(1979M) 11.568ms
[4030.440s][info][gc,cpu         ] GC(2760) User=0.00s Sys=0.00s Real=0.01s
[4031.121s][info][gc,start       ] GC(2761) Pause Young (Allocation Failure)
[4031.129s][info][gc,heap        ] GC(2761) DefNew: 567777K->7507K(629120K)
[4031.129s][info][gc,heap        ] GC(2761) Tenured: 69238K->69428K(1398144K)
[4031.129s][info][gc,metaspace   ] GC(2761) Metaspace: 91007K(98224K)->91007K(98224K) NonClass: 79636K(83632K)->79636K(83632K) Class: 11370K(14592K)->11370K(14592K)
[4031.129s][info][gc             ] GC(2761) Pause Young (Allocation Failure) 622M->75M(1979M) 8.369ms
[4031.129s][info][gc,cpu         ] GC(2761) User=0.00s Sys=0.00s Real=0.01s
[4031.143s][info][gc,start       ] GC(2762) Pause Full (System.gc())
[4031.148s][info][gc,phases,start] GC(2762) Phase 1: Mark live objects
[4031.199s][info][gc,phases      ] GC(2762) Phase 1: Mark live objects 51.229ms
[4031.199s][info][gc,phases,start] GC(2762) Phase 2: Compute new object addresses
[4031.211s][info][gc,phases      ] GC(2762) Phase 2: Compute new object addresses 12.027ms
[4031.211s][info][gc,phases,start] GC(2762) Phase 3: Adjust pointers
[4031.241s][info][gc,phases      ] GC(2762) Phase 3: Adjust pointers 29.934ms
[4031.241s][info][gc,phases,start] GC(2762) Phase 4: Move objects
[4031.242s][info][gc,phases      ] GC(2762) Phase 4: Move objects 0.630ms
[4031.243s][info][gc,heap        ] GC(2762) DefNew: 29428K->0K(629120K)
[4031.243s][info][gc,heap        ] GC(2762) Tenured: 69428K->72508K(1398144K)
[4031.243s][info][gc,metaspace   ] GC(2762) Metaspace: 91007K(98224K)->91007K(98224K) NonClass: 79636K(83632K)->79636K(83632K) Class: 11370K(14592K)->11370K(14592K)
[4031.243s][info][gc             ] GC(2762) Pause Full (System.gc()) 96M->70M(1979M) 99.827ms
[4031.243s][info][gc,cpu         ] GC(2762) User=0.05s Sys=0.00s Real=0.10s
[4031.727s][info][gc,start       ] GC(2763) Pause Young (Allocation Failure)
[4031.730s][info][gc,heap        ] GC(2763) DefNew: 559232K->3062K(629120K)
[4031.730s][info][gc,heap        ] GC(2763) Tenured: 72508K->72508K(1398144K)
[4031.730s][info][gc,metaspace   ] GC(2763) Metaspace: 91007K(98224K)->91007K(98224K) NonClass: 79636K(83632K)->79636K(83632K) Class: 11370K(14592K)->11370K(14592K)
[4031.730s][info][gc             ] GC(2763) Pause Young (Allocation Failure) 616M->73M(1979M) 3.933ms
[4031.730s][info][gc,cpu         ] GC(2763) User=0.00s Sys=0.00s Real=0.00s
[4033.720s][info][gc,start       ] GC(2764) Pause Young (Allocation Failure)
[4033.725s][info][gc,heap        ] GC(2764) DefNew: 560195K->4415K(629120K)
[4033.725s][info][gc,heap        ] GC(2764) Tenured: 72508K->72508K(1398144K)
[4033.725s][info][gc,metaspace   ] GC(2764) Metaspace: 91007K(98224K)->91007K(98224K) NonClass: 79636K(83632K)->79636K(83632K) Class: 11370K(14592K)->11370K(14592K)
[4033.725s][info][gc             ] GC(2764) Pause Young (Allocation Failure) 617M->75M(1979M) 5.091ms
[4033.725s][info][gc,cpu         ] GC(2764) User=0.00s Sys=0.00s Real=0.01s
[4035.749s][info][gc,start       ] GC(2765) Pause Young (Allocation Failure)
[4035.754s][info][gc,heap        ] GC(2765) DefNew: 563451K->4898K(629120K)
[4035.754s][info][gc,heap        ] GC(2765) Tenured: 72508K->72508K(1398144K)
[4035.754s][info][gc,metaspace   ] GC(2765) Metaspace: 91007K(98224K)->91007K(98224K) NonClass: 79636K(83632K)->79636K(83632K) Class: 11370K(14592K)->11370K(14592K)
[4035.754s][info][gc             ] GC(2765) Pause Young (Allocation Failure) 621M->75M(1979M) 5.315ms
[4035.754s][info][gc,cpu         ] GC(2765) User=0.00s Sys=0.00s Real=0.01s
[4037.497s][info][gc,start       ] GC(2766) Pause Young (Allocation Failure)
[4037.507s][info][gc,heap        ] GC(2766) DefNew: 564130K->7440K(629120K)
[4037.507s][info][gc,heap        ] GC(2766) Tenured: 72508K->72508K(1398144K)
[4037.507s][info][gc,metaspace   ] GC(2766) Metaspace: 91007K(98224K)->91007K(98224K) NonClass: 79636K(83632K)->79636K(83632K) Class: 11370K(14592K)->11370K(14592K)
[4037.507s][info][gc             ] GC(2766) Pause Young (Allocation Failure) 621M->78M(1979M) 9.721ms
[4037.507s][info][gc,cpu         ] GC(2766) User=0.00s Sys=0.00s Real=0.01s
[4037.989s][info][gc,start       ] GC(2767) Pause Young (Allocation Failure)
[4037.995s][info][gc,heap        ] GC(2767) DefNew: 565259K->7535K(629120K)
[4037.995s][info][gc,heap        ] GC(2767) Tenured: 72508K->72508K(1398144K)
[4037.995s][info][gc,metaspace   ] GC(2767) Metaspace: 91007K(98224K)->91007K(98224K) NonClass: 79636K(83632K)->79636K(83632K) Class: 11370K(14592K)->11370K(14592K)
[4037.995s][info][gc             ] GC(2767) Pause Young (Allocation Failure) 622M->78M(1979M) 6.615ms
[4037.995s][info][gc,cpu         ] GC(2767) User=0.00s Sys=0.00s Real=0.01s
[4039.402s][info][gc,start       ] GC(2768) Pause Young (Allocation Failure)
[4039.409s][info][gc,heap        ] GC(2768) DefNew: 566767K->6477K(629120K)
[4039.409s][info][gc,heap        ] GC(2768) Tenured: 72508K->72508K(1398144K)
[4039.409s][info][gc,metaspace   ] GC(2768) Metaspace: 91007K(98224K)->91007K(98224K) NonClass: 79636K(83632K)->79636K(83632K) Class: 11370K(14592K)->11370K(14592K)
[4039.409s][info][gc             ] GC(2768) Pause Young (Allocation Failure) 624M->77M(1979M) 6.860ms
[4039.409s][info][gc,cpu         ] GC(2768) User=0.00s Sys=0.00s Real=0.01s
[4041.378s][info][gc,start       ] GC(2769) Pause Young (Allocation Failure)
[4041.383s][info][gc,heap        ] GC(2769) DefNew: 565709K->5181K(629120K)
[4041.384s][info][gc,heap        ] GC(2769) Tenured: 72508K->72508K(1398144K)
[4041.384s][info][gc,metaspace   ] GC(2769) Metaspace: 91007K(98224K)->91007K(98224K) NonClass: 79636K(83632K)->79636K(83632K) Class: 11370K(14592K)->11370K(14592K)
[4041.384s][info][gc             ] GC(2769) Pause Young (Allocation Failure) 623M->75M(1979M) 5.795ms
[4041.384s][info][gc,cpu         ] GC(2769) User=0.00s Sys=0.00s Real=0.01s
[4043.964s][info][gc,start       ] GC(2770) Pause Young (Allocation Failure)
[4043.970s][info][gc,heap        ] GC(2770) DefNew: 564413K->5787K(629120K)
[4043.970s][info][gc,heap        ] GC(2770) Tenured: 72508K->72508K(1398144K)
[4043.970s][info][gc,metaspace   ] GC(2770) Metaspace: 91007K(98224K)->91007K(98224K) NonClass: 79636K(83632K)->79636K(83632K) Class: 11370K(14592K)->11370K(14592K)
[4043.970s][info][gc             ] GC(2770) Pause Young (Allocation Failure) 621M->76M(1979M) 5.434ms
[4043.970s][info][gc,cpu         ] GC(2770) User=0.00s Sys=0.00s Real=0.00s
[4044.608s][info][gc,start       ] GC(2771) Pause Young (Allocation Failure)
[4044.617s][info][gc,heap        ] GC(2771) DefNew: 563083K->16505K(629120K)
[4044.617s][info][gc,heap        ] GC(2771) Tenured: 72508K->72508K(1398144K)
[4044.617s][info][gc,metaspace   ] GC(2771) Metaspace: 91007K(98224K)->91007K(98224K) NonClass: 79636K(83632K)->79636K(83632K) Class: 11370K(14592K)->11370K(14592K)
[4044.617s][info][gc             ] GC(2771) Pause Young (Allocation Failure) 620M->86M(1979M) 8.603ms
[4044.617s][info][gc,cpu         ] GC(2771) User=0.00s Sys=0.00s Real=0.01s
[4045.359s][info][gc,start       ] GC(2772) Pause Young (Allocation Failure)
[4045.365s][info][gc,heap        ] GC(2772) DefNew: 575737K->5013K(629120K)
[4045.365s][info][gc,heap        ] GC(2772) Tenured: 72508K->72508K(1398144K)
[4045.365s][info][gc,metaspace   ] GC(2772) Metaspace: 91007K(98224K)->91007K(98224K) NonClass: 79636K(83632K)->79636K(83632K) Class: 11370K(14592K)->11370K(14592K)
[4045.365s][info][gc             ] GC(2772) Pause Young (Allocation Failure) 633M->75M(1979M) 5.608ms
[4045.365s][info][gc,cpu         ] GC(2772) User=0.00s Sys=0.00s Real=0.00s
[4047.820s][info][gc,start       ] GC(2773) Pause Young (Allocation Failure)
[4047.826s][info][gc,heap        ] GC(2773) DefNew: 564245K->6507K(629120K)
[4047.826s][info][gc,heap        ] GC(2773) Tenured: 72508K->72508K(1398144K)
[4047.826s][info][gc,metaspace   ] GC(2773) Metaspace: 91007K(98224K)->91007K(98224K) NonClass: 79636K(83632K)->79636K(83632K) Class: 11370K(14592K)->11370K(14592K)
[4047.826s][info][gc             ] GC(2773) Pause Young (Allocation Failure) 621M->77M(1979M) 6.286ms
[4047.826s][info][gc,cpu         ] GC(2773) User=0.00s Sys=0.00s Real=0.01s
[4049.793s][info][gc,start       ] GC(2774) Pause Young (Allocation Failure)
[4049.800s][info][gc,heap        ] GC(2774) DefNew: 564471K->6276K(629120K)
[4049.800s][info][gc,heap        ] GC(2774) Tenured: 72508K->72508K(1398144K)
[4049.800s][info][gc,metaspace   ] GC(2774) Metaspace: 91007K(98224K)->91007K(98224K) NonClass: 79636K(83632K)->79636K(83632K) Class: 11370K(14592K)->11370K(14592K)
[4049.800s][info][gc             ] GC(2774) Pause Young (Allocation Failure) 622M->76M(1979M) 7.025ms
[4049.800s][info][gc,cpu         ] GC(2774) User=0.00s Sys=0.00s Real=0.01s
[4051.069s][info][gc,start       ] GC(2775) Pause Young (Allocation Failure)
[4051.089s][info][gc,heap        ] GC(2775) DefNew: 565508K->11820K(629120K)
[4051.089s][info][gc,heap        ] GC(2775) Tenured: 72508K->72508K(1398144K)
[4051.089s][info][gc,metaspace   ] GC(2775) Metaspace: 91007K(98224K)->91007K(98224K) NonClass: 79636K(83632K)->79636K(83632K) Class: 11370K(14592K)->11370K(14592K)
[4051.089s][info][gc             ] GC(2775) Pause Young (Allocation Failure) 623M->82M(1979M) 19.577ms
[4051.089s][info][gc,cpu         ] GC(2775) User=0.00s Sys=0.00s Real=0.02s
[4051.594s][info][gc,start       ] GC(2776) Pause Young (Allocation Failure)
[4051.601s][info][gc,heap        ] GC(2776) DefNew: 569703K->8544K(629120K)
[4051.601s][info][gc,heap        ] GC(2776) Tenured: 72508K->72508K(1398144K)
[4051.601s][info][gc,metaspace   ] GC(2776) Metaspace: 91007K(98224K)->91007K(98224K) NonClass: 79636K(83632K)->79636K(83632K) Class: 11370K(14592K)->11370K(14592K)
[4051.601s][info][gc             ] GC(2776) Pause Young (Allocation Failure) 627M->79M(1979M) 6.972ms
[4051.601s][info][gc,cpu         ] GC(2776) User=0.00s Sys=0.00s Real=0.01s
[4053.577s][info][gc,start       ] GC(2777) Pause Young (Allocation Failure)
[4053.585s][info][gc,heap        ] GC(2777) DefNew: 567776K->7313K(629120K)
[4053.585s][info][gc,heap        ] GC(2777) Tenured: 72508K->72508K(1398144K)
[4053.585s][info][gc,metaspace   ] GC(2777) Metaspace: 91007K(98224K)->91007K(98224K) NonClass: 79636K(83632K)->79636K(83632K) Class: 11370K(14592K)->11370K(14592K)
[4053.585s][info][gc             ] GC(2777) Pause Young (Allocation Failure) 625M->77M(1979M) 8.194ms
[4053.585s][info][gc,cpu         ] GC(2777) User=0.00s Sys=0.00s Real=0.01s
[4055.604s][info][gc,start       ] GC(2778) Pause Young (Allocation Failure)
[4055.610s][info][gc,heap        ] GC(2778) DefNew: 564566K->6229K(629120K)
[4055.611s][info][gc,heap        ] GC(2778) Tenured: 72508K->72974K(1398144K)
[4055.611s][info][gc,metaspace   ] GC(2778) Metaspace: 91007K(98224K)->91007K(98224K) NonClass: 79636K(83632K)->79636K(83632K) Class: 11370K(14592K)->11370K(14592K)
[4055.611s][info][gc             ] GC(2778) Pause Young (Allocation Failure) 622M->77M(1979M) 6.872ms
[4055.611s][info][gc,cpu         ] GC(2778) User=0.00s Sys=0.00s Real=0.01s
[4057.455s][info][gc,start       ] GC(2779) Pause Young (Allocation Failure)
[4057.465s][info][gc,heap        ] GC(2779) DefNew: 565461K->11230K(629120K)
[4057.465s][info][gc,heap        ] GC(2779) Tenured: 72974K->73187K(1398144K)
[4057.465s][info][gc,metaspace   ] GC(2779) Metaspace: 91007K(98224K)->91007K(98224K) NonClass: 79636K(83632K)->79636K(83632K) Class: 11370K(14592K)->11370K(14592K)
[4057.465s][info][gc             ] GC(2779) Pause Young (Allocation Failure) 623M->82M(1979M) 10.443ms
[4057.465s][info][gc,cpu         ] GC(2779) User=0.00s Sys=0.00s Real=0.01s
[4058.077s][info][gc,start       ] GC(2780) Pause Young (Allocation Failure)
[4058.086s][info][gc,heap        ] GC(2780) DefNew: 568694K->21552K(629120K)
[4058.086s][info][gc,heap        ] GC(2780) Tenured: 73187K->73373K(1398144K)
[4058.086s][info][gc,metaspace   ] GC(2780) Metaspace: 91007K(98224K)->91007K(98224K) NonClass: 79636K(83632K)->79636K(83632K) Class: 11370K(14592K)->11370K(14592K)
[4058.086s][info][gc             ] GC(2780) Pause Young (Allocation Failure) 626M->92M(1979M) 8.971ms
[4058.086s][info][gc,cpu         ] GC(2780) User=0.00s Sys=0.00s Real=0.01s
[4059.466s][info][gc,start       ] GC(2781) Pause Young (Allocation Failure)
[4059.473s][info][gc,heap        ] GC(2781) DefNew: 580784K->6152K(629120K)
[4059.474s][info][gc,heap        ] GC(2781) Tenured: 73373K->73522K(1398144K)
[4059.474s][info][gc,metaspace   ] GC(2781) Metaspace: 91007K(98224K)->91007K(98224K) NonClass: 79636K(83632K)->79636K(83632K) Class: 11370K(14592K)->11370K(14592K)
[4059.474s][info][gc             ] GC(2781) Pause Young (Allocation Failure) 638M->77M(1979M) 7.513ms
[4059.474s][info][gc,cpu         ] GC(2781) User=0.00s Sys=0.00s Real=0.01s
[4061.315s][info][gc,start       ] GC(2782) Pause Young (Allocation Failure)
[4061.324s][info][gc,heap        ] GC(2782) DefNew: 565140K->7840K(629120K)
[4061.324s][info][gc,heap        ] GC(2782) Tenured: 73522K->73586K(1398144K)
[4061.324s][info][gc,metaspace   ] GC(2782) Metaspace: 91007K(98224K)->91007K(98224K) NonClass: 79636K(83632K)->79636K(83632K) Class: 11370K(14592K)->11370K(14592K)
[4061.324s][info][gc             ] GC(2782) Pause Young (Allocation Failure) 623M->79M(1979M) 9.191ms
[4061.324s][info][gc,cpu         ] GC(2782) User=0.02s Sys=0.00s Real=0.01s
[4061.856s][info][gc,start       ] GC(2783) Pause Young (GCLocker Initiated GC)
[4061.865s][info][gc,heap        ] GC(2783) DefNew: 569384K->17451K(629120K)
[4061.865s][info][gc,heap        ] GC(2783) Tenured: 73586K->73768K(1398144K)
[4061.865s][info][gc,metaspace   ] GC(2783) Metaspace: 91007K(98224K)->91007K(98224K) NonClass: 79636K(83632K)->79636K(83632K) Class: 11370K(14592K)->11370K(14592K)
[4061.865s][info][gc             ] GC(2783) Pause Young (GCLocker Initiated GC) 627M->89M(1979M) 8.283ms
[4061.865s][info][gc,cpu         ] GC(2783) User=0.00s Sys=0.00s Real=0.01s
[4063.367s][info][gc,start       ] GC(2784) Pause Young (Allocation Failure)
[4063.374s][info][gc,heap        ] GC(2784) DefNew: 576683K->6027K(629120K)
[4063.374s][info][gc,heap        ] GC(2784) Tenured: 73768K->73906K(1398144K)
[4063.374s][info][gc,metaspace   ] GC(2784) Metaspace: 91007K(98224K)->91007K(98224K) NonClass: 79636K(83632K)->79636K(83632K) Class: 11370K(14592K)->11370K(14592K)
[4063.374s][info][gc             ] GC(2784) Pause Young (Allocation Failure) 635M->78M(1979M) 7.157ms
[4063.374s][info][gc,cpu         ] GC(2784) User=0.00s Sys=0.00s Real=0.01s
[4065.237s][info][gc,start       ] GC(2785) Pause Young (Allocation Failure)
[4065.246s][info][gc,heap        ] GC(2785) DefNew: 565259K->7982K(629120K)
[4065.246s][info][gc,heap        ] GC(2785) Tenured: 73906K->74070K(1398144K)
[4065.246s][info][gc,metaspace   ] GC(2785) Metaspace: 91007K(98224K)->91007K(98224K) NonClass: 79636K(83632K)->79636K(83632K) Class: 11370K(14592K)->11370K(14592K)
[4065.246s][info][gc             ] GC(2785) Pause Young (Allocation Failure) 624M->80M(1979M) 8.831ms
[4065.246s][info][gc,cpu         ] GC(2785) User=0.00s Sys=0.00s Real=0.01s
[4065.700s][info][gc,start       ] GC(2786) Pause Young (Allocation Failure)
[4065.708s][info][gc,heap        ] GC(2786) DefNew: 563744K->8889K(629120K)
[4065.708s][info][gc,heap        ] GC(2786) Tenured: 74070K->74188K(1398144K)
[4065.708s][info][gc,metaspace   ] GC(2786) Metaspace: 91007K(98224K)->91007K(98224K) NonClass: 79636K(83632K)->79636K(83632K) Class: 11370K(14592K)->11370K(14592K)
[4065.708s][info][gc             ] GC(2786) Pause Young (Allocation Failure) 622M->81M(1979M) 7.826ms
[4065.708s][info][gc,cpu         ] GC(2786) User=0.00s Sys=0.00s Real=0.01s
[4067.187s][info][gc,start       ] GC(2787) Pause Young (GCLocker Initiated GC)
[4067.195s][info][gc,heap        ] GC(2787) DefNew: 568217K->8920K(629120K)
[4067.195s][info][gc,heap        ] GC(2787) Tenured: 74188K->74306K(1398144K)
[4067.195s][info][gc,metaspace   ] GC(2787) Metaspace: 91007K(98224K)->91007K(98224K) NonClass: 79636K(83632K)->79636K(83632K) Class: 11370K(14592K)->11370K(14592K)
[4067.195s][info][gc             ] GC(2787) Pause Young (GCLocker Initiated GC) 627M->81M(1979M) 7.671ms
[4067.195s][info][gc,cpu         ] GC(2787) User=0.00s Sys=0.00s Real=0.01s
[4068.896s][info][gc,start       ] GC(2788) Pause Young (Allocation Failure)
[4068.905s][info][gc,heap        ] GC(2788) DefNew: 568152K->8525K(629120K)
[4068.905s][info][gc,heap        ] GC(2788) Tenured: 74306K->74461K(1398144K)
[4068.905s][info][gc,metaspace   ] GC(2788) Metaspace: 91007K(98224K)->91007K(98224K) NonClass: 79636K(83632K)->79636K(83632K) Class: 11370K(14592K)->11370K(14592K)
[4068.905s][info][gc             ] GC(2788) Pause Young (Allocation Failure) 627M->81M(1979M) 9.245ms
[4068.905s][info][gc,cpu         ] GC(2788) User=0.00s Sys=0.00s Real=0.01s
[4069.376s][info][gc,start       ] GC(2789) Pause Young (Allocation Failure)
[4069.384s][info][gc,heap        ] GC(2789) DefNew: 566364K->18082K(629120K)
[4069.384s][info][gc,heap        ] GC(2789) Tenured: 74461K->74648K(1398144K)
[4069.384s][info][gc,metaspace   ] GC(2789) Metaspace: 91007K(98224K)->91007K(98224K) NonClass: 79636K(83632K)->79636K(83632K) Class: 11370K(14592K)->11370K(14592K)
[4069.384s][info][gc             ] GC(2789) Pause Young (Allocation Failure) 625M->90M(1979M) 8.535ms
[4069.384s][info][gc,cpu         ] GC(2789) User=0.00s Sys=0.00s Real=0.01s
[4070.944s][info][gc,start       ] GC(2790) Pause Young (Allocation Failure)
[4070.950s][info][gc,heap        ] GC(2790) DefNew: 575587K->5525K(629120K)
[4070.950s][info][gc,heap        ] GC(2790) Tenured: 74648K->74766K(1398144K)
[4070.950s][info][gc,metaspace   ] GC(2790) Metaspace: 91007K(98224K)->91007K(98224K) NonClass: 79636K(83632K)->79636K(83632K) Class: 11370K(14592K)->11370K(14592K)
[4070.950s][info][gc             ] GC(2790) Pause Young (Allocation Failure) 634M->78M(1979M) 6.108ms
[4070.950s][info][gc,cpu         ] GC(2790) User=0.00s Sys=0.00s Real=0.01s
[4072.808s][info][gc,start       ] GC(2791) Pause Young (Allocation Failure)
[4072.819s][info][gc,heap        ] GC(2791) DefNew: 564757K->8609K(629120K)
[4072.819s][info][gc,heap        ] GC(2791) Tenured: 74766K->74849K(1398144K)
[4072.819s][info][gc,metaspace   ] GC(2791) Metaspace: 91007K(98224K)->91007K(98224K) NonClass: 79636K(83632K)->79636K(83632K) Class: 11370K(14592K)->11370K(14592K)
[4072.819s][info][gc             ] GC(2791) Pause Young (Allocation Failure) 624M->81M(1979M) 10.962ms
[4072.819s][info][gc,cpu         ] GC(2791) User=0.00s Sys=0.00s Real=0.01s
[4073.504s][info][gc,start       ] GC(2792) Pause Young (Allocation Failure)
[4073.512s][info][gc,heap        ] GC(2792) DefNew: 567841K->7526K(629120K)
[4073.512s][info][gc,heap        ] GC(2792) Tenured: 74849K->75038K(1398144K)
[4073.512s][info][gc,metaspace   ] GC(2792) Metaspace: 91007K(98224K)->91007K(98224K) NonClass: 79636K(83632K)->79636K(83632K) Class: 11370K(14592K)->11370K(14592K)
[4073.513s][info][gc             ] GC(2792) Pause Young (Allocation Failure) 627M->80M(1979M) 8.562ms
[4073.513s][info][gc,cpu         ] GC(2792) User=0.00s Sys=0.00s Real=0.01s
[4073.524s][info][gc,start       ] GC(2793) Pause Full (System.gc())
[4073.529s][info][gc,phases,start] GC(2793) Phase 1: Mark live objects
[4073.581s][info][gc,phases      ] GC(2793) Phase 1: Mark live objects 51.566ms
[4073.581s][info][gc,phases,start] GC(2793) Phase 2: Compute new object addresses
[4073.592s][info][gc,phases      ] GC(2793) Phase 2: Compute new object addresses 11.656ms
[4073.592s][info][gc,phases,start] GC(2793) Phase 3: Adjust pointers
[4073.623s][info][gc,phases      ] GC(2793) Phase 3: Adjust pointers 30.277ms
[4073.623s][info][gc,phases,start] GC(2793) Phase 4: Move objects
[4073.626s][info][gc,phases      ] GC(2793) Phase 4: Move objects 3.285ms
[4073.627s][info][gc,heap        ] GC(2793) DefNew: 25591K->0K(629120K)
[4073.627s][info][gc,heap        ] GC(2793) Tenured: 75038K->53745K(1398144K)
[4073.627s][info][gc,metaspace   ] GC(2793) Metaspace: 91007K(98224K)->91007K(98224K) NonClass: 79636K(83632K)->79636K(83632K) Class: 11370K(14592K)->11370K(14592K)
[4073.627s][info][gc             ] GC(2793) Pause Full (System.gc()) 98M->52M(1979M) 102.646ms
[4073.627s][info][gc,cpu         ] GC(2793) User=0.11s Sys=0.00s Real=0.10s
[4074.120s][info][gc,start       ] GC(2794) Pause Young (Allocation Failure)
[4074.124s][info][gc,heap        ] GC(2794) DefNew: 559232K->3122K(629120K)
[4074.124s][info][gc,heap        ] GC(2794) Tenured: 53745K->53745K(1398144K)
[4074.124s][info][gc,metaspace   ] GC(2794) Metaspace: 91007K(98224K)->91007K(98224K) NonClass: 79636K(83632K)->79636K(83632K) Class: 11370K(14592K)->11370K(14592K)
[4074.124s][info][gc             ] GC(2794) Pause Young (Allocation Failure) 598M->55M(1979M) 3.675ms
[4074.124s][info][gc,cpu         ] GC(2794) User=0.00s Sys=0.00s Real=0.00s
[4076.124s][info][gc,start       ] GC(2795) Pause Young (Allocation Failure)
[4076.129s][info][gc,heap        ] GC(2795) DefNew: 560737K->4449K(629120K)
[4076.129s][info][gc,heap        ] GC(2795) Tenured: 53745K->53745K(1398144K)
[4076.129s][info][gc,metaspace   ] GC(2795) Metaspace: 91007K(98224K)->91007K(98224K) NonClass: 79636K(83632K)->79636K(83632K) Class: 11370K(14592K)->11370K(14592K)
[4076.129s][info][gc             ] GC(2795) Pause Young (Allocation Failure) 600M->56M(1979M) 5.024ms
[4076.129s][info][gc,cpu         ] GC(2795) User=0.00s Sys=0.00s Real=0.00s
[4078.142s][info][gc,start       ] GC(2796) Pause Young (Allocation Failure)
[4078.148s][info][gc,heap        ] GC(2796) DefNew: 562667K->4996K(629120K)
[4078.148s][info][gc,heap        ] GC(2796) Tenured: 53745K->53745K(1398144K)
[4078.148s][info][gc,metaspace   ] GC(2796) Metaspace: 91007K(98224K)->91007K(98224K) NonClass: 79636K(83632K)->79636K(83632K) Class: 11370K(14592K)->11370K(14592K)
[4078.148s][info][gc             ] GC(2796) Pause Young (Allocation Failure) 601M->57M(1979M) 5.747ms
[4078.148s][info][gc,cpu         ] GC(2796) User=0.02s Sys=0.00s Real=0.01s
[4079.919s][info][gc,start       ] GC(2797) Pause Young (Allocation Failure)
[4079.929s][info][gc,heap        ] GC(2797) DefNew: 564228K->7285K(629120K)
[4079.929s][info][gc,heap        ] GC(2797) Tenured: 53745K->53745K(1398144K)
[4079.929s][info][gc,metaspace   ] GC(2797) Metaspace: 91007K(98224K)->91007K(98224K) NonClass: 79636K(83632K)->79636K(83632K) Class: 11370K(14592K)->11370K(14592K)
[4079.929s][info][gc             ] GC(2797) Pause Young (Allocation Failure) 603M->59M(1979M) 9.864ms
[4079.929s][info][gc,cpu         ] GC(2797) User=0.00s Sys=0.00s Real=0.01s
[4080.404s][info][gc,start       ] GC(2798) Pause Young (Allocation Failure)
[4080.410s][info][gc,heap        ] GC(2798) DefNew: 566454K->7700K(629120K)
[4080.410s][info][gc,heap        ] GC(2798) Tenured: 53745K->53745K(1398144K)
[4080.410s][info][gc,metaspace   ] GC(2798) Metaspace: 91007K(98224K)->91007K(98224K) NonClass: 79636K(83632K)->79636K(83632K) Class: 11370K(14592K)->11370K(14592K)
[4080.410s][info][gc             ] GC(2798) Pause Young (Allocation Failure) 605M->60M(1979M) 6.411ms
[4080.410s][info][gc,cpu         ] GC(2798) User=0.00s Sys=0.00s Real=0.01s
[4081.864s][info][gc,start       ] GC(2799) Pause Young (Allocation Failure)
[4081.870s][info][gc,heap        ] GC(2799) DefNew: 566932K->6652K(629120K)
[4081.870s][info][gc,heap        ] GC(2799) Tenured: 53745K->53745K(1398144K)
[4081.870s][info][gc,metaspace   ] GC(2799) Metaspace: 91007K(98224K)->91007K(98224K) NonClass: 79636K(83632K)->79636K(83632K) Class: 11370K(14592K)->11370K(14592K)
[4081.870s][info][gc             ] GC(2799) Pause Young (Allocation Failure) 606M->58M(1979M) 6.512ms
[4081.870s][info][gc,cpu         ] GC(2799) User=0.00s Sys=0.00s Real=0.01s
[4083.863s][info][gc,start       ] GC(2800) Pause Young (Allocation Failure)
[4083.868s][info][gc,heap        ] GC(2800) DefNew: 565884K->5388K(629120K)
[4083.868s][info][gc,heap        ] GC(2800) Tenured: 53745K->53745K(1398144K)
[4083.868s][info][gc,metaspace   ] GC(2800) Metaspace: 91007K(98224K)->91007K(98224K) NonClass: 79636K(83632K)->79636K(83632K) Class: 11370K(14592K)->11370K(14592K)
[4083.868s][info][gc             ] GC(2800) Pause Young (Allocation Failure) 605M->57M(1979M) 5.292ms
[4083.868s][info][gc,cpu         ] GC(2800) User=0.00s Sys=0.00s Real=0.00s
[4086.404s][info][gc,start       ] GC(2801) Pause Young (Allocation Failure)
[4086.410s][info][gc,heap        ] GC(2801) DefNew: 564620K->5633K(629120K)
[4086.410s][info][gc,heap        ] GC(2801) Tenured: 53745K->53745K(1398144K)
[4086.410s][info][gc,metaspace   ] GC(2801) Metaspace: 91007K(98224K)->91007K(98224K) NonClass: 79636K(83632K)->79636K(83632K) Class: 11370K(14592K)->11370K(14592K)
[4086.410s][info][gc             ] GC(2801) Pause Young (Allocation Failure) 603M->57M(1979M) 5.582ms
[4086.410s][info][gc,cpu         ] GC(2801) User=0.00s Sys=0.00s Real=0.01s
[4087.024s][info][gc,start       ] GC(2802) Pause Young (Allocation Failure)
[4087.032s][info][gc,heap        ] GC(2802) DefNew: 561219K->12324K(629120K)
[4087.032s][info][gc,heap        ] GC(2802) Tenured: 53745K->53745K(1398144K)
[4087.032s][info][gc,metaspace   ] GC(2802) Metaspace: 91007K(98224K)->91007K(98224K) NonClass: 79636K(83632K)->79636K(83632K) Class: 11370K(14592K)->11370K(14592K)
[4087.032s][info][gc             ] GC(2802) Pause Young (Allocation Failure) 600M->64M(1979M) 7.624ms
[4087.032s][info][gc,cpu         ] GC(2802) User=0.00s Sys=0.00s Real=0.01s
[4087.745s][info][gc,start       ] GC(2803) Pause Young (Allocation Failure)
[4087.750s][info][gc,heap        ] GC(2803) DefNew: 571556K->5128K(629120K)
[4087.750s][info][gc,heap        ] GC(2803) Tenured: 53745K->53745K(1398144K)
[4087.750s][info][gc,metaspace   ] GC(2803) Metaspace: 91007K(98224K)->91007K(98224K) NonClass: 79636K(83632K)->79636K(83632K) Class: 11370K(14592K)->11370K(14592K)
[4087.750s][info][gc             ] GC(2803) Pause Young (Allocation Failure) 610M->57M(1979M) 5.339ms
[4087.750s][info][gc,cpu         ] GC(2803) User=0.00s Sys=0.00s Real=0.00s
[4090.242s][info][gc,start       ] GC(2804) Pause Young (Allocation Failure)
[4090.249s][info][gc,heap        ] GC(2804) DefNew: 564360K->6677K(629120K)
[4090.249s][info][gc,heap        ] GC(2804) Tenured: 53745K->53745K(1398144K)
[4090.249s][info][gc,metaspace   ] GC(2804) Metaspace: 91007K(98224K)->91007K(98224K) NonClass: 79636K(83632K)->79636K(83632K) Class: 11370K(14592K)->11370K(14592K)
[4090.249s][info][gc             ] GC(2804) Pause Young (Allocation Failure) 603M->59M(1979M) 6.466ms
[4090.249s][info][gc,cpu         ] GC(2804) User=0.00s Sys=0.00s Real=0.01s
[4092.275s][info][gc,start       ] GC(2805) Pause Young (Allocation Failure)
[4092.281s][info][gc,heap        ] GC(2805) DefNew: 565054K->6201K(629120K)
[4092.281s][info][gc,heap        ] GC(2805) Tenured: 53745K->53745K(1398144K)
[4092.281s][info][gc,metaspace   ] GC(2805) Metaspace: 91007K(98224K)->91007K(98224K) NonClass: 79636K(83632K)->79636K(83632K) Class: 11370K(14592K)->11370K(14592K)
[4092.281s][info][gc             ] GC(2805) Pause Young (Allocation Failure) 604M->58M(1979M) 6.037ms
[4092.281s][info][gc,cpu         ] GC(2805) User=0.00s Sys=0.00s Real=0.01s
[4093.598s][info][gc,start       ] GC(2806) Pause Young (Allocation Failure)
[4093.616s][info][gc,heap        ] GC(2806) DefNew: 565433K->11683K(629120K)
[4093.616s][info][gc,heap        ] GC(2806) Tenured: 53745K->53745K(1398144K)
[4093.616s][info][gc,metaspace   ] GC(2806) Metaspace: 91007K(98224K)->91007K(98224K) NonClass: 79636K(83632K)->79636K(83632K) Class: 11370K(14592K)->11370K(14592K)
[4093.616s][info][gc             ] GC(2806) Pause Young (Allocation Failure) 604M->63M(1979M) 18.110ms
[4093.616s][info][gc,cpu         ] GC(2806) User=0.00s Sys=0.00s Real=0.02s
[4094.144s][info][gc,start       ] GC(2807) Pause Young (Allocation Failure)
[4094.150s][info][gc,heap        ] GC(2807) DefNew: 570498K->8418K(629120K)
[4094.150s][info][gc,heap        ] GC(2807) Tenured: 53745K->53745K(1398144K)
[4094.150s][info][gc,metaspace   ] GC(2807) Metaspace: 91007K(98224K)->91007K(98224K) NonClass: 79636K(83632K)->79636K(83632K) Class: 11370K(14592K)->11370K(14592K)
[4094.150s][info][gc             ] GC(2807) Pause Young (Allocation Failure) 609M->60M(1979M) 6.097ms
[4094.150s][info][gc,cpu         ] GC(2807) User=0.00s Sys=0.00s Real=0.01s
[4096.994s][info][gc,start       ] GC(2808) Pause Young (Allocation Failure)
[4097.003s][info][gc,heap        ] GC(2808) DefNew: 567650K->7618K(629120K)
[4097.003s][info][gc,heap        ] GC(2808) Tenured: 53745K->53745K(1398144K)
[4097.003s][info][gc,metaspace   ] GC(2808) Metaspace: 91007K(98224K)->91007K(98224K) NonClass: 79636K(83632K)->79636K(83632K) Class: 11370K(14592K)->11370K(14592K)
[4097.003s][info][gc             ] GC(2808) Pause Young (Allocation Failure) 606M->59M(1979M) 9.213ms
[4097.003s][info][gc,cpu         ] GC(2808) User=0.00s Sys=0.00s Real=0.01s
[4098.951s][info][gc,start       ] GC(2809) Pause Young (Allocation Failure)
[4098.957s][info][gc,heap        ] GC(2809) DefNew: 564214K->6303K(629120K)
[4098.957s][info][gc,heap        ] GC(2809) Tenured: 53745K->54272K(1398144K)
[4098.957s][info][gc,metaspace   ] GC(2809) Metaspace: 91007K(98224K)->91007K(98224K) NonClass: 79636K(83632K)->79636K(83632K) Class: 11370K(14592K)->11370K(14592K)
[4098.957s][info][gc             ] GC(2809) Pause Young (Allocation Failure) 603M->59M(1979M) 6.597ms
[4098.957s][info][gc,cpu         ] GC(2809) User=0.00s Sys=0.00s Real=0.01s
[4100.793s][info][gc,start       ] GC(2810) Pause Young (Allocation Failure)
[4100.804s][info][gc,heap        ] GC(2810) DefNew: 565535K->10267K(629120K)
[4100.804s][info][gc,heap        ] GC(2810) Tenured: 54272K->54455K(1398144K)
[4100.804s][info][gc,metaspace   ] GC(2810) Metaspace: 91007K(98224K)->91007K(98224K) NonClass: 79636K(83632K)->79636K(83632K) Class: 11370K(14592K)->11370K(14592K)
[4100.804s][info][gc             ] GC(2810) Pause Young (Allocation Failure) 605M->63M(1979M) 10.366ms
[4100.804s][info][gc,cpu         ] GC(2810) User=0.00s Sys=0.00s Real=0.01s
[4101.429s][info][gc,start       ] GC(2811) Pause Young (Allocation Failure)
[4101.438s][info][gc,heap        ] GC(2811) DefNew: 569150K->25852K(629120K)
[4101.438s][info][gc,heap        ] GC(2811) Tenured: 54455K->54641K(1398144K)
[4101.438s][info][gc,metaspace   ] GC(2811) Metaspace: 91007K(98224K)->91007K(98224K) NonClass: 79636K(83632K)->79636K(83632K) Class: 11370K(14592K)->11370K(14592K)
[4101.438s][info][gc             ] GC(2811) Pause Young (Allocation Failure) 608M->78M(1979M) 9.826ms
[4101.439s][info][gc,cpu         ] GC(2811) User=0.00s Sys=0.00s Real=0.01s
[4102.800s][info][gc,start       ] GC(2812) Pause Young (GCLocker Initiated GC)
[4102.808s][info][gc,heap        ] GC(2812) DefNew: 585183K->8819K(629120K)
[4102.808s][info][gc,heap        ] GC(2812) Tenured: 54641K->54791K(1398144K)
[4102.808s][info][gc,metaspace   ] GC(2812) Metaspace: 91007K(98224K)->91007K(98224K) NonClass: 79636K(83632K)->79636K(83632K) Class: 11370K(14592K)->11370K(14592K)
[4102.808s][info][gc             ] GC(2812) Pause Young (GCLocker Initiated GC) 624M->62M(1979M) 7.817ms
[4102.808s][info][gc,cpu         ] GC(2812) User=0.02s Sys=0.00s Real=0.01s
[4104.717s][info][gc,start       ] GC(2813) Pause Young (Allocation Failure)
[4104.725s][info][gc,heap        ] GC(2813) DefNew: 567679K->7715K(629120K)
[4104.725s][info][gc,heap        ] GC(2813) Tenured: 54791K->54856K(1398144K)
[4104.725s][info][gc,metaspace   ] GC(2813) Metaspace: 91007K(98224K)->91007K(98224K) NonClass: 79636K(83632K)->79636K(83632K) Class: 11370K(14592K)->11370K(14592K)
[4104.725s][info][gc             ] GC(2813) Pause Young (Allocation Failure) 607M->61M(1979M) 7.769ms
[4104.725s][info][gc,cpu         ] GC(2813) User=0.00s Sys=0.00s Real=0.01s
[4105.266s][info][gc,start       ] GC(2814) Pause Young (Allocation Failure)
[4105.274s][info][gc,heap        ] GC(2814) DefNew: 565653K->17524K(629120K)
[4105.274s][info][gc,heap        ] GC(2814) Tenured: 54856K->55037K(1398144K)
[4105.274s][info][gc,metaspace   ] GC(2814) Metaspace: 91007K(98224K)->91007K(98224K) NonClass: 79636K(83632K)->79636K(83632K) Class: 11370K(14592K)->11370K(14592K)
[4105.274s][info][gc             ] GC(2814) Pause Young (Allocation Failure) 605M->70M(1979M) 7.974ms
[4105.274s][info][gc,cpu         ] GC(2814) User=0.00s Sys=0.00s Real=0.01s
[4106.782s][info][gc,start       ] GC(2815) Pause Young (Allocation Failure)
[4106.788s][info][gc,heap        ] GC(2815) DefNew: 576756K->5917K(629120K)
[4106.788s][info][gc,heap        ] GC(2815) Tenured: 55037K->55185K(1398144K)
[4106.788s][info][gc,metaspace   ] GC(2815) Metaspace: 91007K(98224K)->91007K(98224K) NonClass: 79636K(83632K)->79636K(83632K) Class: 11370K(14592K)->11370K(14592K)
[4106.789s][info][gc             ] GC(2815) Pause Young (Allocation Failure) 616M->59M(1979M) 6.099ms
[4106.789s][info][gc,cpu         ] GC(2815) User=0.00s Sys=0.00s Real=0.01s
[4108.606s][info][gc,start       ] GC(2816) Pause Young (Allocation Failure)
[4108.615s][info][gc,heap        ] GC(2816) DefNew: 565149K->8119K(629120K)
[4108.615s][info][gc,heap        ] GC(2816) Tenured: 55185K->55350K(1398144K)
[4108.615s][info][gc,metaspace   ] GC(2816) Metaspace: 91007K(98224K)->91007K(98224K) NonClass: 79636K(83632K)->79636K(83632K) Class: 11370K(14592K)->11370K(14592K)
[4108.615s][info][gc             ] GC(2816) Pause Young (Allocation Failure) 605M->61M(1979M) 8.747ms
[4108.615s][info][gc,cpu         ] GC(2816) User=0.00s Sys=0.00s Real=0.01s
[4109.057s][info][gc,start       ] GC(2817) Pause Young (Allocation Failure)
[4109.065s][info][gc,heap        ] GC(2817) DefNew: 566969K->8493K(629120K)
[4109.065s][info][gc,heap        ] GC(2817) Tenured: 55350K->55464K(1398144K)
[4109.065s][info][gc,metaspace   ] GC(2817) Metaspace: 91007K(98224K)->91007K(98224K) NonClass: 79636K(83632K)->79636K(83632K) Class: 11370K(14592K)->11370K(14592K)
[4109.065s][info][gc             ] GC(2817) Pause Young (Allocation Failure) 607M->62M(1979M) 8.078ms
[4109.065s][info][gc,cpu         ] GC(2817) User=0.00s Sys=0.00s Real=0.01s
[4110.555s][info][gc,start       ] GC(2818) Pause Young (Allocation Failure)
[4110.563s][info][gc,heap        ] GC(2818) DefNew: 567725K->8582K(629120K)
[4110.563s][info][gc,heap        ] GC(2818) Tenured: 55464K->55602K(1398144K)
[4110.563s][info][gc,metaspace   ] GC(2818) Metaspace: 91007K(98224K)->91007K(98224K) NonClass: 79636K(83632K)->79636K(83632K) Class: 11370K(14592K)->11370K(14592K)
[4110.563s][info][gc             ] GC(2818) Pause Young (Allocation Failure) 608M->62M(1979M) 8.186ms
[4110.563s][info][gc,cpu         ] GC(2818) User=0.00s Sys=0.00s Real=0.01s
[4112.323s][info][gc,start       ] GC(2819) Pause Young (Allocation Failure)
[4112.333s][info][gc,heap        ] GC(2819) DefNew: 567814K->8601K(629120K)
[4112.333s][info][gc,heap        ] GC(2819) Tenured: 55602K->55736K(1398144K)
[4112.333s][info][gc,metaspace   ] GC(2819) Metaspace: 91007K(98224K)->91007K(98224K) NonClass: 79636K(83632K)->79636K(83632K) Class: 11370K(14592K)->11370K(14592K)
[4112.333s][info][gc             ] GC(2819) Pause Young (Allocation Failure) 608M->62M(1979M) 10.093ms
[4112.333s][info][gc,cpu         ] GC(2819) User=0.00s Sys=0.00s Real=0.01s
[4112.802s][info][gc,start       ] GC(2820) Pause Young (Allocation Failure)
[4112.810s][info][gc,heap        ] GC(2820) DefNew: 567784K->13015K(629120K)
[4112.810s][info][gc,heap        ] GC(2820) Tenured: 55736K->55922K(1398144K)
[4112.810s][info][gc,metaspace   ] GC(2820) Metaspace: 91007K(98224K)->91007K(98224K) NonClass: 79636K(83632K)->79636K(83632K) Class: 11370K(14592K)->11370K(14592K)
[4112.810s][info][gc             ] GC(2820) Pause Young (Allocation Failure) 608M->67M(1979M) 8.115ms
[4112.810s][info][gc,cpu         ] GC(2820) User=0.00s Sys=0.00s Real=0.01s
[4114.371s][info][gc,start       ] GC(2821) Pause Young (Allocation Failure)
[4114.377s][info][gc,heap        ] GC(2821) DefNew: 570419K->5538K(629120K)
[4114.377s][info][gc,heap        ] GC(2821) Tenured: 55922K->56042K(1398144K)
[4114.377s][info][gc,metaspace   ] GC(2821) Metaspace: 91007K(98224K)->91007K(98224K) NonClass: 79636K(83632K)->79636K(83632K) Class: 11370K(14592K)->11370K(14592K)
[4114.377s][info][gc             ] GC(2821) Pause Young (Allocation Failure) 611M->60M(1979M) 6.030ms
[4114.377s][info][gc,cpu         ] GC(2821) User=0.00s Sys=0.00s Real=0.01s
[4116.246s][info][gc,start       ] GC(2822) Pause Young (Allocation Failure)
[4116.257s][info][gc,heap        ] GC(2822) DefNew: 564770K->8460K(629120K)
[4116.257s][info][gc,heap        ] GC(2822) Tenured: 56042K->56124K(1398144K)
[4116.257s][info][gc,metaspace   ] GC(2822) Metaspace: 91007K(98224K)->91007K(98224K) NonClass: 79636K(83632K)->79636K(83632K) Class: 11370K(14592K)->11370K(14592K)
[4116.257s][info][gc             ] GC(2822) Pause Young (Allocation Failure) 606M->63M(1979M) 11.371ms
[4116.257s][info][gc,cpu         ] GC(2822) User=0.00s Sys=0.00s Real=0.01s
[4116.950s][info][gc,start       ] GC(2823) Pause Young (Allocation Failure)
[4116.958s][info][gc,heap        ] GC(2823) DefNew: 567692K->7689K(629120K)
[4116.958s][info][gc,heap        ] GC(2823) Tenured: 56124K->56318K(1398144K)
[4116.958s][info][gc,metaspace   ] GC(2823) Metaspace: 91007K(98224K)->91007K(98224K) NonClass: 79636K(83632K)->79636K(83632K) Class: 11370K(14592K)->11370K(14592K)
[4116.958s][info][gc             ] GC(2823) Pause Young (Allocation Failure) 609M->62M(1979M) 8.440ms
[4116.959s][info][gc,cpu         ] GC(2823) User=0.00s Sys=0.00s Real=0.01s
[4116.965s][info][gc,start       ] GC(2824) Pause Full (System.gc())
[4116.967s][info][gc,phases,start] GC(2824) Phase 1: Mark live objects
[4117.017s][info][gc,phases      ] GC(2824) Phase 1: Mark live objects 50.166ms
[4117.017s][info][gc,phases,start] GC(2824) Phase 2: Compute new object addresses
[4117.028s][info][gc,phases      ] GC(2824) Phase 2: Compute new object addresses 11.284ms
[4117.028s][info][gc,phases,start] GC(2824) Phase 3: Adjust pointers
[4117.058s][info][gc,phases      ] GC(2824) Phase 3: Adjust pointers 29.995ms
[4117.058s][info][gc,phases,start] GC(2824) Phase 4: Move objects
[4117.060s][info][gc,phases      ] GC(2824) Phase 4: Move objects 1.175ms
[4117.061s][info][gc,heap        ] GC(2824) DefNew: 25267K->0K(629120K)
[4117.061s][info][gc,heap        ] GC(2824) Tenured: 56318K->62309K(1398144K)
[4117.061s][info][gc,metaspace   ] GC(2824) Metaspace: 91007K(98224K)->91007K(98224K) NonClass: 79636K(83632K)->79636K(83632K) Class: 11370K(14592K)->11370K(14592K)
[4117.061s][info][gc             ] GC(2824) Pause Full (System.gc()) 79M->60M(1979M) 95.769ms
[4117.061s][info][gc,cpu         ] GC(2824) User=0.08s Sys=0.00s Real=0.10s
[4117.525s][info][gc,start       ] GC(2825) Pause Young (Allocation Failure)
[4117.529s][info][gc,heap        ] GC(2825) DefNew: 558472K->4224K(629120K)
[4117.529s][info][gc,heap        ] GC(2825) Tenured: 62309K->62309K(1398144K)
[4117.529s][info][gc,metaspace   ] GC(2825) Metaspace: 91007K(98224K)->91007K(98224K) NonClass: 79636K(83632K)->79636K(83632K) Class: 11370K(14592K)->11370K(14592K)
[4117.529s][info][gc             ] GC(2825) Pause Young (Allocation Failure) 606M->64M(1979M) 3.957ms
[4117.529s][info][gc,cpu         ] GC(2825) User=0.00s Sys=0.00s Real=0.00s
[4119.522s][info][gc,start       ] GC(2826) Pause Young (Allocation Failure)
[4119.526s][info][gc,heap        ] GC(2826) DefNew: 563245K->4425K(629120K)
[4119.526s][info][gc,heap        ] GC(2826) Tenured: 62309K->62309K(1398144K)
[4119.526s][info][gc,metaspace   ] GC(2826) Metaspace: 91007K(98224K)->91007K(98224K) NonClass: 79636K(83632K)->79636K(83632K) Class: 11370K(14592K)->11370K(14592K)
[4119.526s][info][gc             ] GC(2826) Pause Young (Allocation Failure) 610M->65M(1979M) 4.610ms
[4119.527s][info][gc,cpu         ] GC(2826) User=0.00s Sys=0.00s Real=0.00s
[4121.492s][info][gc,start       ] GC(2827) Pause Young (Allocation Failure)
[4121.498s][info][gc,heap        ] GC(2827) DefNew: 563657K->5036K(629120K)
[4121.498s][info][gc,heap        ] GC(2827) Tenured: 62309K->62309K(1398144K)
[4121.498s][info][gc,metaspace   ] GC(2827) Metaspace: 91007K(98224K)->91007K(98224K) NonClass: 79636K(83632K)->79636K(83632K) Class: 11370K(14592K)->11370K(14592K)
[4121.498s][info][gc             ] GC(2827) Pause Young (Allocation Failure) 611M->65M(1979M) 6.268ms
[4121.498s][info][gc,cpu         ] GC(2827) User=0.02s Sys=0.00s Real=0.01s
[4123.251s][info][gc,start       ] GC(2828) Pause Young (Allocation Failure)
[4123.259s][info][gc,heap        ] GC(2828) DefNew: 564268K->7120K(629120K)
[4123.259s][info][gc,heap        ] GC(2828) Tenured: 62309K->62309K(1398144K)
[4123.259s][info][gc,metaspace   ] GC(2828) Metaspace: 91007K(98224K)->91007K(98224K) NonClass: 79636K(83632K)->79636K(83632K) Class: 11370K(14592K)->11370K(14592K)
[4123.259s][info][gc             ] GC(2828) Pause Young (Allocation Failure) 611M->67M(1979M) 8.891ms
[4123.259s][info][gc,cpu         ] GC(2828) User=0.00s Sys=0.00s Real=0.01s
[4123.738s][info][gc,start       ] GC(2829) Pause Young (Allocation Failure)
[4123.744s][info][gc,heap        ] GC(2829) DefNew: 563625K->7497K(629120K)
[4123.744s][info][gc,heap        ] GC(2829) Tenured: 62309K->62309K(1398144K)
[4123.744s][info][gc,metaspace   ] GC(2829) Metaspace: 91007K(98224K)->91007K(98224K) NonClass: 79636K(83632K)->79636K(83632K) Class: 11370K(14592K)->11370K(14592K)
[4123.744s][info][gc             ] GC(2829) Pause Young (Allocation Failure) 611M->68M(1979M) 6.503ms
[4123.744s][info][gc,cpu         ] GC(2829) User=0.00s Sys=0.00s Real=0.01s
[4125.144s][info][gc,start       ] GC(2830) Pause Young (GCLocker Initiated GC)
[4125.150s][info][gc,heap        ] GC(2830) DefNew: 566731K->5707K(629120K)
[4125.150s][info][gc,heap        ] GC(2830) Tenured: 62309K->62309K(1398144K)
[4125.150s][info][gc,metaspace   ] GC(2830) Metaspace: 91007K(98224K)->91007K(98224K) NonClass: 79636K(83632K)->79636K(83632K) Class: 11370K(14592K)->11370K(14592K)
[4125.150s][info][gc             ] GC(2830) Pause Young (GCLocker Initiated GC) 614M->66M(1979M) 6.288ms
[4125.150s][info][gc,cpu         ] GC(2830) User=0.00s Sys=0.00s Real=0.01s
[4127.161s][info][gc,start       ] GC(2831) Pause Young (Allocation Failure)
[4127.166s][info][gc,heap        ] GC(2831) DefNew: 564939K->5224K(629120K)
[4127.166s][info][gc,heap        ] GC(2831) Tenured: 62309K->62309K(1398144K)
[4127.166s][info][gc,metaspace   ] GC(2831) Metaspace: 91007K(98224K)->91007K(98224K) NonClass: 79636K(83632K)->79636K(83632K) Class: 11370K(14592K)->11370K(14592K)
[4127.166s][info][gc             ] GC(2831) Pause Young (Allocation Failure) 612M->65M(1979M) 5.016ms
[4127.166s][info][gc,cpu         ] GC(2831) User=0.00s Sys=0.00s Real=0.01s
[4129.697s][info][gc,start       ] GC(2832) Pause Young (Allocation Failure)
[4129.703s][info][gc,heap        ] GC(2832) DefNew: 564280K->6956K(629120K)
[4129.703s][info][gc,heap        ] GC(2832) Tenured: 62309K->62309K(1398144K)
[4129.703s][info][gc,metaspace   ] GC(2832) Metaspace: 91007K(98224K)->91007K(98224K) NonClass: 79636K(83632K)->79636K(83632K) Class: 11370K(14592K)->11370K(14592K)
[4129.703s][info][gc             ] GC(2832) Pause Young (Allocation Failure) 611M->67M(1979M) 6.069ms
[4129.703s][info][gc,cpu         ] GC(2832) User=0.00s Sys=0.00s Real=0.01s
[4130.335s][info][gc,start       ] GC(2833) Pause Young (Allocation Failure)
[4130.343s][info][gc,heap        ] GC(2833) DefNew: 563003K->12306K(629120K)
[4130.343s][info][gc,heap        ] GC(2833) Tenured: 62309K->62309K(1398144K)
[4130.343s][info][gc,metaspace   ] GC(2833) Metaspace: 91007K(98224K)->91007K(98224K) NonClass: 79636K(83632K)->79636K(83632K) Class: 11370K(14592K)->11370K(14592K)
[4130.343s][info][gc             ] GC(2833) Pause Young (Allocation Failure) 610M->72M(1979M) 8.406ms
[4130.343s][info][gc,cpu         ] GC(2833) User=0.00s Sys=0.00s Real=0.01s
[4131.063s][info][gc,start       ] GC(2834) Pause Young (Allocation Failure)
[4131.068s][info][gc,heap        ] GC(2834) DefNew: 571538K->5359K(629120K)
[4131.068s][info][gc,heap        ] GC(2834) Tenured: 62309K->62309K(1398144K)
[4131.068s][info][gc,metaspace   ] GC(2834) Metaspace: 91007K(98224K)->91007K(98224K) NonClass: 79636K(83632K)->79636K(83632K) Class: 11370K(14592K)->11370K(14592K)
[4131.068s][info][gc             ] GC(2834) Pause Young (Allocation Failure) 618M->66M(1979M) 5.319ms
[4131.068s][info][gc,cpu         ] GC(2834) User=0.00s Sys=0.00s Real=0.01s
[4133.553s][info][gc,start       ] GC(2835) Pause Young (Allocation Failure)
[4133.559s][info][gc,heap        ] GC(2835) DefNew: 564591K->6340K(629120K)
[4133.559s][info][gc,heap        ] GC(2835) Tenured: 62309K->62309K(1398144K)
[4133.559s][info][gc,metaspace   ] GC(2835) Metaspace: 91007K(98224K)->91007K(98224K) NonClass: 79636K(83632K)->79636K(83632K) Class: 11370K(14592K)->11370K(14592K)
[4133.559s][info][gc             ] GC(2835) Pause Young (Allocation Failure) 612M->67M(1979M) 6.325ms
[4133.559s][info][gc,cpu         ] GC(2835) User=0.00s Sys=0.00s Real=0.01s
[4135.479s][info][gc,start       ] GC(2836) Pause Young (Allocation Failure)
[4135.486s][info][gc,heap        ] GC(2836) DefNew: 565572K->6695K(629120K)
[4135.486s][info][gc,heap        ] GC(2836) Tenured: 62309K->62309K(1398144K)
[4135.487s][info][gc,metaspace   ] GC(2836) Metaspace: 91007K(98224K)->91007K(98224K) NonClass: 79636K(83632K)->79636K(83632K) Class: 11370K(14592K)->11370K(14592K)
[4135.487s][info][gc             ] GC(2836) Pause Young (Allocation Failure) 613M->67M(1979M) 7.557ms
[4135.487s][info][gc,cpu         ] GC(2836) User=0.00s Sys=0.00s Real=0.01s
[4136.826s][info][gc,start       ] GC(2837) Pause Young (Allocation Failure)
[4136.844s][info][gc,heap        ] GC(2837) DefNew: 565927K->11510K(629120K)
[4136.844s][info][gc,heap        ] GC(2837) Tenured: 62309K->62309K(1398144K)
[4136.844s][info][gc,metaspace   ] GC(2837) Metaspace: 91007K(98224K)->91007K(98224K) NonClass: 79636K(83632K)->79636K(83632K) Class: 11370K(14592K)->11370K(14592K)
[4136.844s][info][gc             ] GC(2837) Pause Young (Allocation Failure) 613M->72M(1979M) 18.209ms
[4136.845s][info][gc,cpu         ] GC(2837) User=0.00s Sys=0.02s Real=0.02s
[4137.336s][info][gc,start       ] GC(2838) Pause Young (Allocation Failure)
[4137.342s][info][gc,heap        ] GC(2838) DefNew: 570624K->8551K(629120K)
[4137.342s][info][gc,heap        ] GC(2838) Tenured: 62309K->62309K(1398144K)
[4137.342s][info][gc,metaspace   ] GC(2838) Metaspace: 91007K(98224K)->91007K(98224K) NonClass: 79636K(83632K)->79636K(83632K) Class: 11370K(14592K)->11370K(14592K)
[4137.342s][info][gc             ] GC(2838) Pause Young (Allocation Failure) 618M->69M(1979M) 6.878ms
[4137.342s][info][gc,cpu         ] GC(2838) User=0.00s Sys=0.00s Real=0.01s
[4139.406s][info][gc,start       ] GC(2839) Pause Young (GCLocker Initiated GC)
[4139.414s][info][gc,heap        ] GC(2839) DefNew: 567788K->7319K(629120K)
[4139.414s][info][gc,heap        ] GC(2839) Tenured: 62309K->62309K(1398144K)
[4139.414s][info][gc,metaspace   ] GC(2839) Metaspace: 91007K(98224K)->91007K(98224K) NonClass: 79636K(83632K)->79636K(83632K) Class: 11370K(14592K)->11370K(14592K)
[4139.414s][info][gc             ] GC(2839) Pause Young (GCLocker Initiated GC) 615M->67M(1979M) 7.578ms
[4139.414s][info][gc,cpu         ] GC(2839) User=0.00s Sys=0.00s Real=0.01s
[4141.416s][info][gc,start       ] GC(2840) Pause Young (Allocation Failure)
[4141.423s][info][gc,heap        ] GC(2840) DefNew: 565041K->6224K(629120K)
[4141.423s][info][gc,heap        ] GC(2840) Tenured: 62309K->62769K(1398144K)
[4141.423s][info][gc,metaspace   ] GC(2840) Metaspace: 91007K(98224K)->91007K(98224K) NonClass: 79636K(83632K)->79636K(83632K) Class: 11370K(14592K)->11370K(14592K)
[4141.423s][info][gc             ] GC(2840) Pause Young (Allocation Failure) 612M->67M(1979M) 6.645ms
[4141.423s][info][gc,cpu         ] GC(2840) User=0.00s Sys=0.00s Real=0.01s
[4143.208s][info][gc,start       ] GC(2841) Pause Young (Allocation Failure)
[4143.218s][info][gc,heap        ] GC(2841) DefNew: 565456K->9883K(629120K)
[4143.218s][info][gc,heap        ] GC(2841) Tenured: 62769K->62960K(1398144K)
[4143.218s][info][gc,metaspace   ] GC(2841) Metaspace: 91007K(98224K)->91007K(98224K) NonClass: 79636K(83632K)->79636K(83632K) Class: 11370K(14592K)->11370K(14592K)
[4143.218s][info][gc             ] GC(2841) Pause Young (Allocation Failure) 613M->71M(1979M) 10.115ms
[4143.218s][info][gc,cpu         ] GC(2841) User=0.00s Sys=0.00s Real=0.01s
[4143.823s][info][gc,start       ] GC(2842) Pause Young (Allocation Failure)
[4143.831s][info][gc,heap        ] GC(2842) DefNew: 565629K->17335K(629120K)
[4143.831s][info][gc,heap        ] GC(2842) Tenured: 62960K->63143K(1398144K)
[4143.831s][info][gc,metaspace   ] GC(2842) Metaspace: 91007K(98224K)->91007K(98224K) NonClass: 79636K(83632K)->79636K(83632K) Class: 11370K(14592K)->11370K(14592K)
[4143.831s][info][gc             ] GC(2842) Pause Young (Allocation Failure) 613M->78M(1979M) 7.943ms
[4143.831s][info][gc,cpu         ] GC(2842) User=0.00s Sys=0.00s Real=0.01s
[4145.166s][info][gc,start       ] GC(2843) Pause Young (Allocation Failure)
[4145.174s][info][gc,heap        ] GC(2843) DefNew: 576567K->7790K(629120K)
[4145.174s][info][gc,heap        ] GC(2843) Tenured: 63143K->63304K(1398144K)
[4145.174s][info][gc,metaspace   ] GC(2843) Metaspace: 91007K(98224K)->91007K(98224K) NonClass: 79636K(83632K)->79636K(83632K) Class: 11370K(14592K)->11370K(14592K)
[4145.174s][info][gc             ] GC(2843) Pause Young (Allocation Failure) 624M->69M(1979M) 7.560ms
[4145.174s][info][gc,cpu         ] GC(2843) User=0.00s Sys=0.00s Real=0.01s
[4147.047s][info][gc,start       ] GC(2844) Pause Young (Allocation Failure)
[4147.055s][info][gc,heap        ] GC(2844) DefNew: 566555K->7833K(629120K)
[4147.055s][info][gc,heap        ] GC(2844) Tenured: 63304K->63367K(1398144K)
[4147.055s][info][gc,metaspace   ] GC(2844) Metaspace: 91007K(98224K)->91007K(98224K) NonClass: 79636K(83632K)->79636K(83632K) Class: 11370K(14592K)->11370K(14592K)
[4147.055s][info][gc             ] GC(2844) Pause Young (Allocation Failure) 615M->69M(1979M) 8.544ms
[4147.055s][info][gc,cpu         ] GC(2844) User=0.00s Sys=0.00s Real=0.01s
[4147.579s][info][gc,start       ] GC(2845) Pause Young (Allocation Failure)
[4147.587s][info][gc,heap        ] GC(2845) DefNew: 566279K->21846K(629120K)
[4147.587s][info][gc,heap        ] GC(2845) Tenured: 63367K->63549K(1398144K)
[4147.587s][info][gc,metaspace   ] GC(2845) Metaspace: 91007K(98224K)->91007K(98224K) NonClass: 79636K(83632K)->79636K(83632K) Class: 11370K(14592K)->11370K(14592K)
[4147.587s][info][gc             ] GC(2845) Pause Young (Allocation Failure) 614M->83M(1979M) 8.588ms
[4147.587s][info][gc,cpu         ] GC(2845) User=0.00s Sys=0.00s Real=0.01s
[4149.082s][info][gc,start       ] GC(2846) Pause Young (Allocation Failure)
[4149.089s][info][gc,heap        ] GC(2846) DefNew: 580343K->5552K(629120K)
[4149.089s][info][gc,heap        ] GC(2846) Tenured: 63549K->63686K(1398144K)
[4149.089s][info][gc,metaspace   ] GC(2846) Metaspace: 91007K(98224K)->91007K(98224K) NonClass: 79636K(83632K)->79636K(83632K) Class: 11370K(14592K)->11370K(14592K)
[4149.089s][info][gc             ] GC(2846) Pause Young (Allocation Failure) 628M->67M(1979M) 6.555ms
[4149.089s][info][gc,cpu         ] GC(2846) User=0.00s Sys=0.00s Real=0.01s
[4151.520s][info][gc,start       ] GC(2847) Pause Young (Allocation Failure)
[4151.534s][info][gc,heap        ] GC(2847) DefNew: 564784K->8107K(629120K)
[4151.534s][info][gc,heap        ] GC(2847) Tenured: 63686K->63845K(1398144K)
[4151.534s][info][gc,metaspace   ] GC(2847) Metaspace: 91007K(98224K)->91007K(98224K) NonClass: 79636K(83632K)->79636K(83632K) Class: 11370K(14592K)->11370K(14592K)
[4151.534s][info][gc             ] GC(2847) Pause Young (Allocation Failure) 613M->70M(1979M) 13.726ms
[4151.534s][info][gc,cpu         ] GC(2847) User=0.02s Sys=0.00s Real=0.01s
[4155.559s][info][gc,start       ] GC(2848) Pause Young (Allocation Failure)
[4155.608s][info][gc,heap        ] GC(2848) DefNew: 566660K->8801K(629120K)
[4155.608s][info][gc,heap        ] GC(2848) Tenured: 63845K->63968K(1398144K)
[4155.608s][info][gc,metaspace   ] GC(2848) Metaspace: 91007K(98224K)->91007K(98224K) NonClass: 79636K(83632K)->79636K(83632K) Class: 11370K(14592K)->11370K(14592K)
[4155.608s][info][gc             ] GC(2848) Pause Young (Allocation Failure) 615M->71M(1979M) 48.616ms
[4155.608s][info][gc,cpu         ] GC(2848) User=0.08s Sys=0.00s Real=0.05s
[4164.732s][info][gc,start       ] GC(2849) Pause Young (Allocation Failure)
[4164.741s][info][gc,heap        ] GC(2849) DefNew: 568033K->7458K(629120K)
[4164.741s][info][gc,heap        ] GC(2849) Tenured: 63968K->64077K(1398144K)
[4164.741s][info][gc,metaspace   ] GC(2849) Metaspace: 91007K(98224K)->91007K(98224K) NonClass: 79636K(83632K)->79636K(83632K) Class: 11370K(14592K)->11370K(14592K)
[4164.741s][info][gc             ] GC(2849) Pause Young (Allocation Failure) 617M->69M(1979M) 8.810ms
[4164.741s][info][gc,cpu         ] GC(2849) User=0.00s Sys=0.00s Real=0.01s
[4166.889s][info][gc,start       ] GC(2850) Pause Young (Allocation Failure)
[4166.898s][info][gc,heap        ] GC(2850) DefNew: 566690K->8451K(629120K)
[4166.898s][info][gc,heap        ] GC(2850) Tenured: 64077K->64235K(1398144K)
[4166.898s][info][gc,metaspace   ] GC(2850) Metaspace: 91007K(98224K)->91007K(98224K) NonClass: 79636K(83632K)->79636K(83632K) Class: 11370K(14592K)->11370K(14592K)
[4166.898s][info][gc             ] GC(2850) Pause Young (Allocation Failure) 615M->70M(1979M) 8.913ms
[4166.898s][info][gc,cpu         ] GC(2850) User=0.00s Sys=0.00s Real=0.01s
[4167.492s][info][gc,start       ] GC(2851) Pause Young (Allocation Failure)
[4167.501s][info][gc,heap        ] GC(2851) DefNew: 567683K->8514K(629120K)
[4167.501s][info][gc,heap        ] GC(2851) Tenured: 64235K->64424K(1398144K)
[4167.501s][info][gc,metaspace   ] GC(2851) Metaspace: 91007K(98224K)->91007K(98224K) NonClass: 79636K(83632K)->79636K(83632K) Class: 11370K(14592K)->11370K(14592K)
[4167.501s][info][gc             ] GC(2851) Pause Young (Allocation Failure) 617M->71M(1979M) 9.174ms
[4167.501s][info][gc,cpu         ] GC(2851) User=0.00s Sys=0.00s Real=0.01s
[4169.389s][info][gc,start       ] GC(2852) Pause Young (Allocation Failure)
[4169.396s][info][gc,heap        ] GC(2852) DefNew: 567746K->5837K(629120K)
[4169.396s][info][gc,heap        ] GC(2852) Tenured: 64424K->64544K(1398144K)
[4169.396s][info][gc,metaspace   ] GC(2852) Metaspace: 91007K(98224K)->91007K(98224K) NonClass: 79636K(83632K)->79636K(83632K) Class: 11370K(14592K)->11370K(14592K)
[4169.396s][info][gc             ] GC(2852) Pause Young (Allocation Failure) 617M->68M(1979M) 7.305ms
[4169.396s][info][gc,cpu         ] GC(2852) User=0.00s Sys=0.00s Real=0.01s
[4171.634s][info][gc,start       ] GC(2853) Pause Young (Allocation Failure)
[4171.644s][info][gc,heap        ] GC(2853) DefNew: 565069K->8251K(629120K)
[4171.644s][info][gc,heap        ] GC(2853) Tenured: 64544K->64623K(1398144K)
[4171.644s][info][gc,metaspace   ] GC(2853) Metaspace: 91007K(98224K)->91007K(98224K) NonClass: 79636K(83632K)->79636K(83632K) Class: 11370K(14592K)->11370K(14592K)
[4171.644s][info][gc             ] GC(2853) Pause Young (Allocation Failure) 614M->71M(1979M) 10.583ms
[4171.644s][info][gc,cpu         ] GC(2853) User=0.00s Sys=0.00s Real=0.01s
[4172.523s][info][gc,start       ] GC(2854) Pause Young (Allocation Failure)
[4172.533s][info][gc,heap        ] GC(2854) DefNew: 567483K->7275K(629120K)
[4172.533s][info][gc,heap        ] GC(2854) Tenured: 64623K->64816K(1398144K)
[4172.533s][info][gc,metaspace   ] GC(2854) Metaspace: 91007K(98224K)->91007K(98224K) NonClass: 79636K(83632K)->79636K(83632K) Class: 11370K(14592K)->11370K(14592K)
[4172.533s][info][gc             ] GC(2854) Pause Young (Allocation Failure) 617M->70M(1979M) 9.503ms
[4172.533s][info][gc,cpu         ] GC(2854) User=0.00s Sys=0.00s Real=0.01s
[4172.553s][info][gc,start       ] GC(2855) Pause Full (System.gc())
[4172.555s][info][gc,phases,start] GC(2855) Phase 1: Mark live objects
[4172.611s][info][gc,phases      ] GC(2855) Phase 1: Mark live objects 55.886ms
[4172.611s][info][gc,phases,start] GC(2855) Phase 2: Compute new object addresses
[4172.626s][info][gc,phases      ] GC(2855) Phase 2: Compute new object addresses 14.479ms
[4172.626s][info][gc,phases,start] GC(2855) Phase 3: Adjust pointers
[4172.660s][info][gc,phases      ] GC(2855) Phase 3: Adjust pointers 33.798ms
[4172.660s][info][gc,phases,start] GC(2855) Phase 4: Move objects
[4172.661s][info][gc,phases      ] GC(2855) Phase 4: Move objects 0.964ms
[4172.662s][info][gc,heap        ] GC(2855) DefNew: 35253K->0K(629120K)
[4172.662s][info][gc,heap        ] GC(2855) Tenured: 64816K->68990K(1398144K)
[4172.662s][info][gc,metaspace   ] GC(2855) Metaspace: 91007K(98224K)->91007K(98224K) NonClass: 79636K(83632K)->79636K(83632K) Class: 11370K(14592K)->11370K(14592K)
[4172.662s][info][gc             ] GC(2855) Pause Full (System.gc()) 97M->67M(1979M) 108.960ms
[4172.662s][info][gc,cpu         ] GC(2855) User=0.11s Sys=0.00s Real=0.11s
[4173.276s][info][gc,start       ] GC(2856) Pause Young (Allocation Failure)
[4173.281s][info][gc,heap        ] GC(2856) DefNew: 559232K->3117K(629120K)
[4173.281s][info][gc,heap        ] GC(2856) Tenured: 68990K->68990K(1398144K)
[4173.281s][info][gc,metaspace   ] GC(2856) Metaspace: 91007K(98224K)->91007K(98224K) NonClass: 79636K(83632K)->79636K(83632K) Class: 11370K(14592K)->11370K(14592K)
[4173.281s][info][gc             ] GC(2856) Pause Young (Allocation Failure) 613M->70M(1979M) 4.141ms
[4173.281s][info][gc,cpu         ] GC(2856) User=0.00s Sys=0.00s Real=0.00s
[4175.826s][info][gc,start       ] GC(2857) Pause Young (Allocation Failure)
[4175.831s][info][gc,heap        ] GC(2857) DefNew: 559440K->4463K(629120K)
[4175.831s][info][gc,heap        ] GC(2857) Tenured: 68990K->68990K(1398144K)
[4175.831s][info][gc,metaspace   ] GC(2857) Metaspace: 91007K(98224K)->91007K(98224K) NonClass: 79636K(83632K)->79636K(83632K) Class: 11370K(14592K)->11370K(14592K)
[4175.831s][info][gc             ] GC(2857) Pause Young (Allocation Failure) 613M->71M(1979M) 5.053ms
[4175.831s][info][gc,cpu         ] GC(2857) User=0.00s Sys=0.00s Real=0.01s
[4178.322s][info][gc,start       ] GC(2858) Pause Young (Allocation Failure)
[4178.330s][info][gc,heap        ] GC(2858) DefNew: 562689K->5182K(629120K)
[4178.330s][info][gc,heap        ] GC(2858) Tenured: 68990K->68990K(1398144K)
[4178.330s][info][gc,metaspace   ] GC(2858) Metaspace: 91007K(98224K)->91007K(98224K) NonClass: 79636K(83632K)->79636K(83632K) Class: 11370K(14592K)->11370K(14592K)
[4178.330s][info][gc             ] GC(2858) Pause Young (Allocation Failure) 616M->72M(1979M) 7.374ms
[4178.330s][info][gc,cpu         ] GC(2858) User=0.00s Sys=0.00s Real=0.01s
[4180.519s][info][gc,start       ] GC(2859) Pause Young (Allocation Failure)
[4180.526s][info][gc,heap        ] GC(2859) DefNew: 560781K->6281K(629120K)
[4180.526s][info][gc,heap        ] GC(2859) Tenured: 68990K->68990K(1398144K)
[4180.526s][info][gc,metaspace   ] GC(2859) Metaspace: 91007K(98224K)->91007K(98224K) NonClass: 79636K(83632K)->79636K(83632K) Class: 11370K(14592K)->11370K(14592K)
[4180.526s][info][gc             ] GC(2859) Pause Young (Allocation Failure) 615M->73M(1979M) 6.404ms
[4180.526s][info][gc,cpu         ] GC(2859) User=0.00s Sys=0.00s Real=0.01s
[4181.105s][info][gc,start       ] GC(2860) Pause Young (Allocation Failure)
[4181.113s][info][gc,heap        ] GC(2860) DefNew: 562654K->16520K(629120K)
[4181.113s][info][gc,heap        ] GC(2860) Tenured: 68990K->68990K(1398144K)
[4181.113s][info][gc,metaspace   ] GC(2860) Metaspace: 91007K(98224K)->91007K(98224K) NonClass: 79636K(83632K)->79636K(83632K) Class: 11370K(14592K)->11370K(14592K)
[4181.113s][info][gc             ] GC(2860) Pause Young (Allocation Failure) 616M->83M(1979M) 7.850ms
[4181.113s][info][gc,cpu         ] GC(2860) User=0.00s Sys=0.00s Real=0.01s
[4182.854s][info][gc,start       ] GC(2861) Pause Young (Allocation Failure)
[4182.860s][info][gc,heap        ] GC(2861) DefNew: 575752K->5269K(629120K)
[4182.860s][info][gc,heap        ] GC(2861) Tenured: 68990K->68990K(1398144K)
[4182.860s][info][gc,metaspace   ] GC(2861) Metaspace: 91007K(98224K)->91007K(98224K) NonClass: 79636K(83632K)->79636K(83632K) Class: 11370K(14592K)->11370K(14592K)
[4182.860s][info][gc             ] GC(2861) Pause Young (Allocation Failure) 629M->72M(1979M) 6.481ms
[4182.860s][info][gc,cpu         ] GC(2861) User=0.00s Sys=0.00s Real=0.01s
[4185.269s][info][gc,start       ] GC(2862) Pause Young (Allocation Failure)
[4185.275s][info][gc,heap        ] GC(2862) DefNew: 564501K->5367K(629120K)
[4185.275s][info][gc,heap        ] GC(2862) Tenured: 68990K->68990K(1398144K)
[4185.275s][info][gc,metaspace   ] GC(2862) Metaspace: 91007K(98224K)->91007K(98224K) NonClass: 79636K(83632K)->79636K(83632K) Class: 11370K(14592K)->11370K(14592K)
[4185.275s][info][gc             ] GC(2862) Pause Young (Allocation Failure) 618M->72M(1979M) 5.811ms
[4185.275s][info][gc,cpu         ] GC(2862) User=0.02s Sys=0.00s Real=0.01s
[4188.467s][info][gc,start       ] GC(2863) Pause Young (Allocation Failure)
[4188.473s][info][gc,heap        ] GC(2863) DefNew: 564423K->6574K(629120K)
[4188.473s][info][gc,heap        ] GC(2863) Tenured: 68990K->68990K(1398144K)
[4188.473s][info][gc,metaspace   ] GC(2863) Metaspace: 91007K(98224K)->91007K(98224K) NonClass: 79636K(83632K)->79636K(83632K) Class: 11370K(14592K)->11370K(14592K)
[4188.474s][info][gc             ] GC(2863) Pause Young (Allocation Failure) 618M->73M(1979M) 6.565ms
[4188.474s][info][gc,cpu         ] GC(2863) User=0.00s Sys=0.00s Real=0.01s
[4189.236s][info][gc,start       ] GC(2864) Pause Young (Allocation Failure)
[4189.244s][info][gc,heap        ] GC(2864) DefNew: 562165K->8360K(629120K)
[4189.244s][info][gc,heap        ] GC(2864) Tenured: 68990K->68990K(1398144K)
[4189.244s][info][gc,metaspace   ] GC(2864) Metaspace: 91007K(98224K)->91007K(98224K) NonClass: 79636K(83632K)->79636K(83632K) Class: 11370K(14592K)->11370K(14592K)
[4189.245s][info][gc             ] GC(2864) Pause Young (Allocation Failure) 616M->75M(1979M) 8.934ms
[4189.245s][info][gc,cpu         ] GC(2864) User=0.00s Sys=0.00s Real=0.01s
[4190.083s][info][gc,start       ] GC(2865) Pause Young (Allocation Failure)
[4190.090s][info][gc,heap        ] GC(2865) DefNew: 567592K->5023K(629120K)
[4190.090s][info][gc,heap        ] GC(2865) Tenured: 68990K->68990K(1398144K)
[4190.090s][info][gc,metaspace   ] GC(2865) Metaspace: 91007K(98224K)->91007K(98224K) NonClass: 79636K(83632K)->79636K(83632K) Class: 11370K(14592K)->11370K(14592K)
[4190.090s][info][gc             ] GC(2865) Pause Young (Allocation Failure) 621M->72M(1979M) 6.948ms
[4190.090s][info][gc,cpu         ] GC(2865) User=0.02s Sys=0.00s Real=0.01s
[4193.119s][info][gc,start       ] GC(2866) Pause Young (Allocation Failure)
[4193.128s][info][gc,heap        ] GC(2866) DefNew: 563319K->6715K(629120K)
[4193.128s][info][gc,heap        ] GC(2866) Tenured: 68990K->68990K(1398144K)
[4193.128s][info][gc,metaspace   ] GC(2866) Metaspace: 91007K(98224K)->91007K(98224K) NonClass: 79636K(83632K)->79636K(83632K) Class: 11370K(14592K)->11370K(14592K)
[4193.128s][info][gc             ] GC(2866) Pause Young (Allocation Failure) 617M->73M(1979M) 9.306ms
[4193.128s][info][gc,cpu         ] GC(2866) User=0.00s Sys=0.00s Real=0.02s
[4195.489s][info][gc,start       ] GC(2867) Pause Young (Allocation Failure)
[4195.498s][info][gc,heap        ] GC(2867) DefNew: 565947K->9138K(629120K)
[4195.498s][info][gc,heap        ] GC(2867) Tenured: 68990K->68990K(1398144K)
[4195.498s][info][gc,metaspace   ] GC(2867) Metaspace: 91007K(98224K)->91007K(98224K) NonClass: 79636K(83632K)->79636K(83632K) Class: 11370K(14592K)->11370K(14592K)
[4195.498s][info][gc             ] GC(2867) Pause Young (Allocation Failure) 620M->76M(1979M) 8.677ms
[4195.498s][info][gc,cpu         ] GC(2867) User=0.00s Sys=0.00s Real=0.01s
[4197.151s][info][gc,start       ] GC(2868) Pause Young (Allocation Failure)
[4197.169s][info][gc,heap        ] GC(2868) DefNew: 568370K->11564K(629120K)
[4197.169s][info][gc,heap        ] GC(2868) Tenured: 68990K->68990K(1398144K)
[4197.169s][info][gc,metaspace   ] GC(2868) Metaspace: 91007K(98224K)->91007K(98224K) NonClass: 79636K(83632K)->79636K(83632K) Class: 11370K(14592K)->11370K(14592K)
[4197.170s][info][gc             ] GC(2868) Pause Young (Allocation Failure) 622M->78M(1979M) 18.203ms
[4197.170s][info][gc,cpu         ] GC(2868) User=0.00s Sys=0.00s Real=0.03s
[4197.681s][info][gc,start       ] GC(2869) Pause Young (Allocation Failure)
[4197.689s][info][gc,heap        ] GC(2869) DefNew: 570796K->10740K(629120K)
[4197.689s][info][gc,heap        ] GC(2869) Tenured: 68990K->68990K(1398144K)
[4197.689s][info][gc,metaspace   ] GC(2869) Metaspace: 91007K(98224K)->91007K(98224K) NonClass: 79636K(83632K)->79636K(83632K) Class: 11370K(14592K)->11370K(14592K)
[4197.690s][info][gc             ] GC(2869) Pause Young (Allocation Failure) 624M->77M(1979M) 8.027ms
[4197.690s][info][gc,cpu         ] GC(2869) User=0.00s Sys=0.00s Real=0.01s
[4200.276s][info][gc,start       ] GC(2870) Pause Young (Allocation Failure)
[4200.283s][info][gc,heap        ] GC(2870) DefNew: 569151K->6364K(629120K)
[4200.283s][info][gc,heap        ] GC(2870) Tenured: 68990K->68990K(1398144K)
[4200.283s][info][gc,metaspace   ] GC(2870) Metaspace: 91007K(98224K)->91007K(98224K) NonClass: 79636K(83632K)->79636K(83632K) Class: 11370K(14592K)->11370K(14592K)
[4200.283s][info][gc             ] GC(2870) Pause Young (Allocation Failure) 623M->73M(1979M) 7.119ms
[4200.283s][info][gc,cpu         ] GC(2870) User=0.00s Sys=0.00s Real=0.01s
[4202.686s][info][gc,start       ] GC(2871) Pause Young (Allocation Failure)
[4202.695s][info][gc,heap        ] GC(2871) DefNew: 565596K->8527K(629120K)
[4202.695s][info][gc,heap        ] GC(2871) Tenured: 68990K->69523K(1398144K)
[4202.695s][info][gc,metaspace   ] GC(2871) Metaspace: 91007K(98224K)->91007K(98224K) NonClass: 79636K(83632K)->79636K(83632K) Class: 11370K(14592K)->11370K(14592K)
[4202.695s][info][gc             ] GC(2871) Pause Young (Allocation Failure) 619M->76M(1979M) 8.821ms
[4202.695s][info][gc,cpu         ] GC(2871) User=0.00s Sys=0.00s Real=0.01s
[4205.012s][info][gc,start       ] GC(2872) Pause Young (Allocation Failure)
[4205.022s][info][gc,heap        ] GC(2872) DefNew: 567759K->8437K(629120K)
[4205.022s][info][gc,heap        ] GC(2872) Tenured: 69523K->69714K(1398144K)
[4205.022s][info][gc,metaspace   ] GC(2872) Metaspace: 91007K(98224K)->91007K(98224K) NonClass: 79636K(83632K)->79636K(83632K) Class: 11370K(14592K)->11370K(14592K)
[4205.022s][info][gc             ] GC(2872) Pause Young (Allocation Failure) 622M->76M(1979M) 9.992ms
[4205.022s][info][gc,cpu         ] GC(2872) User=0.00s Sys=0.00s Real=0.01s
[4205.751s][info][gc,start       ] GC(2873) Pause Young (GCLocker Initiated GC)
[4205.760s][info][gc,heap        ] GC(2873) DefNew: 569963K->17347K(629120K)
[4205.760s][info][gc,heap        ] GC(2873) Tenured: 69714K->69903K(1398144K)
[4205.760s][info][gc,metaspace   ] GC(2873) Metaspace: 91007K(98224K)->91007K(98224K) NonClass: 79636K(83632K)->79636K(83632K) Class: 11370K(14592K)->11370K(14592K)
[4205.760s][info][gc             ] GC(2873) Pause Young (GCLocker Initiated GC) 624M->85M(1979M) 9.331ms
[4205.761s][info][gc,cpu         ] GC(2873) User=0.00s Sys=0.00s Real=0.01s
[4207.523s][info][gc,start       ] GC(2874) Pause Young (GCLocker Initiated GC)
[4207.530s][info][gc,heap        ] GC(2874) DefNew: 576581K->8726K(629120K)
[4207.530s][info][gc,heap        ] GC(2874) Tenured: 69903K->70056K(1398144K)
[4207.530s][info][gc,metaspace   ] GC(2874) Metaspace: 91007K(98224K)->91007K(98224K) NonClass: 79636K(83632K)->79636K(83632K) Class: 11370K(14592K)->11370K(14592K)
[4207.531s][info][gc             ] GC(2874) Pause Young (GCLocker Initiated GC) 631M->76M(1979M) 8.030ms
[4207.531s][info][gc,cpu         ] GC(2874) User=0.00s Sys=0.00s Real=0.01s
[4209.888s][info][gc,start       ] GC(2875) Pause Young (Allocation Failure)
[4209.898s][info][gc,heap        ] GC(2875) DefNew: 567145K->8017K(629120K)
[4209.898s][info][gc,heap        ] GC(2875) Tenured: 70056K->70125K(1398144K)
[4209.899s][info][gc,metaspace   ] GC(2875) Metaspace: 91007K(98224K)->91007K(98224K) NonClass: 79636K(83632K)->79636K(83632K) Class: 11370K(14592K)->11370K(14592K)
[4209.899s][info][gc             ] GC(2875) Pause Young (Allocation Failure) 622M->76M(1979M) 10.262ms
[4209.899s][info][gc,cpu         ] GC(2875) User=0.00s Sys=0.00s Real=0.01s
[4210.536s][info][gc,start       ] GC(2876) Pause Young (Allocation Failure)
[4210.545s][info][gc,heap        ] GC(2876) DefNew: 564013K->17495K(629120K)
[4210.545s][info][gc,heap        ] GC(2876) Tenured: 70125K->70308K(1398144K)
[4210.545s][info][gc,metaspace   ] GC(2876) Metaspace: 91007K(98224K)->91007K(98224K) NonClass: 79636K(83632K)->79636K(83632K) Class: 11370K(14592K)->11370K(14592K)
[4210.546s][info][gc             ] GC(2876) Pause Young (Allocation Failure) 619M->85M(1979M) 9.694ms
[4210.546s][info][gc,cpu         ] GC(2876) User=0.00s Sys=0.00s Real=0.01s
[4212.388s][info][gc,start       ] GC(2877) Pause Young (Allocation Failure)
[4212.395s][info][gc,heap        ] GC(2877) DefNew: 576719K->5682K(629120K)
[4212.395s][info][gc,heap        ] GC(2877) Tenured: 70308K->70452K(1398144K)
[4212.395s][info][gc,metaspace   ] GC(2877) Metaspace: 91007K(98224K)->91007K(98224K) NonClass: 79636K(83632K)->79636K(83632K) Class: 11370K(14592K)->11370K(14592K)
[4212.395s][info][gc             ] GC(2877) Pause Young (Allocation Failure) 631M->74M(1979M) 7.657ms
[4212.396s][info][gc,cpu         ] GC(2877) User=0.00s Sys=0.00s Real=0.01s
[4214.622s][info][gc,start       ] GC(2878) Pause Young (Allocation Failure)
[4214.634s][info][gc,heap        ] GC(2878) DefNew: 564914K->8373K(629120K)
[4214.634s][info][gc,heap        ] GC(2878) Tenured: 70452K->70617K(1398144K)
[4214.634s][info][gc,metaspace   ] GC(2878) Metaspace: 91007K(98224K)->91007K(98224K) NonClass: 79636K(83632K)->79636K(83632K) Class: 11370K(14592K)->11370K(14592K)
[4214.634s][info][gc             ] GC(2878) Pause Young (Allocation Failure) 620M->77M(1979M) 12.451ms
[4214.634s][info][gc,cpu         ] GC(2878) User=0.00s Sys=0.00s Real=0.02s
[4215.227s][info][gc,start       ] GC(2879) Pause Young (Allocation Failure)
[4215.235s][info][gc,heap        ] GC(2879) DefNew: 566568K->13527K(629120K)
[4215.235s][info][gc,heap        ] GC(2879) Tenured: 70617K->70743K(1398144K)
[4215.235s][info][gc,metaspace   ] GC(2879) Metaspace: 91007K(98224K)->91007K(98224K) NonClass: 79636K(83632K)->79636K(83632K) Class: 11370K(14592K)->11370K(14592K)
[4215.235s][info][gc             ] GC(2879) Pause Young (Allocation Failure) 622M->82M(1979M) 7.841ms
[4215.235s][info][gc,cpu         ] GC(2879) User=0.00s Sys=0.00s Real=0.00s
[4217.041s][info][gc,start       ] GC(2880) Pause Young (Allocation Failure)
[4217.050s][info][gc,heap        ] GC(2880) DefNew: 572759K->7484K(629120K)
[4217.050s][info][gc,heap        ] GC(2880) Tenured: 70743K->70854K(1398144K)
[4217.050s][info][gc,metaspace   ] GC(2880) Metaspace: 91007K(98224K)->91007K(98224K) NonClass: 79636K(83632K)->79636K(83632K) Class: 11370K(14592K)->11370K(14592K)
[4217.050s][info][gc             ] GC(2880) Pause Young (Allocation Failure) 628M->76M(1979M) 9.050ms
[4217.050s][info][gc,cpu         ] GC(2880) User=0.00s Sys=0.00s Real=0.01s
[4219.166s][info][gc,start       ] GC(2881) Pause Young (Allocation Failure)
[4219.176s][info][gc,heap        ] GC(2881) DefNew: 566716K->8550K(629120K)
[4219.176s][info][gc,heap        ] GC(2881) Tenured: 70854K->71017K(1398144K)
[4219.176s][info][gc,metaspace   ] GC(2881) Metaspace: 91007K(98224K)->91007K(98224K) NonClass: 79636K(83632K)->79636K(83632K) Class: 11370K(14592K)->11370K(14592K)
[4219.176s][info][gc             ] GC(2881) Pause Young (Allocation Failure) 622M->77M(1979M) 9.670ms
[4219.176s][info][gc,cpu         ] GC(2881) User=0.00s Sys=0.00s Real=0.02s
[4219.735s][info][gc,start       ] GC(2882) Pause Young (Allocation Failure)
[4219.744s][info][gc,heap        ] GC(2882) DefNew: 567782K->13544K(629120K)
[4219.744s][info][gc,heap        ] GC(2882) Tenured: 71017K->71207K(1398144K)
[4219.744s][info][gc,metaspace   ] GC(2882) Metaspace: 91007K(98224K)->91007K(98224K) NonClass: 79636K(83632K)->79636K(83632K) Class: 11370K(14592K)->11370K(14592K)
[4219.744s][info][gc             ] GC(2882) Pause Young (Allocation Failure) 623M->82M(1979M) 9.234ms
[4219.744s][info][gc,cpu         ] GC(2882) User=0.00s Sys=0.00s Real=0.01s
[4221.799s][info][gc,start       ] GC(2883) Pause Young (Allocation Failure)
[4221.807s][info][gc,heap        ] GC(2883) DefNew: 572125K->5798K(629120K)
[4221.807s][info][gc,heap        ] GC(2883) Tenured: 71207K->71334K(1398144K)
[4221.807s][info][gc,metaspace   ] GC(2883) Metaspace: 91007K(98224K)->91007K(98224K) NonClass: 79636K(83632K)->79636K(83632K) Class: 11370K(14592K)->11370K(14592K)
[4221.807s][info][gc             ] GC(2883) Pause Young (Allocation Failure) 628M->75M(1979M) 8.102ms
[4221.807s][info][gc,cpu         ] GC(2883) User=0.02s Sys=0.00s Real=0.01s
[4224.100s][info][gc,start       ] GC(2884) Pause Young (Allocation Failure)
[4224.112s][info][gc,heap        ] GC(2884) DefNew: 565030K->8408K(629120K)
[4224.112s][info][gc,heap        ] GC(2884) Tenured: 71334K->71417K(1398144K)
[4224.112s][info][gc,metaspace   ] GC(2884) Metaspace: 91007K(98224K)->91007K(98224K) NonClass: 79636K(83632K)->79636K(83632K) Class: 11370K(14592K)->11370K(14592K)
[4224.112s][info][gc             ] GC(2884) Pause Young (Allocation Failure) 621M->77M(1979M) 11.495ms
[4224.112s][info][gc,cpu         ] GC(2884) User=0.00s Sys=0.00s Real=0.01s
[4225.018s][info][gc,start       ] GC(2885) Pause Young (Allocation Failure)
[4225.027s][info][gc,heap        ] GC(2885) DefNew: 567640K->7549K(629120K)
[4225.027s][info][gc,heap        ] GC(2885) Tenured: 71417K->71613K(1398144K)
[4225.027s][info][gc,metaspace   ] GC(2885) Metaspace: 91007K(98224K)->91007K(98224K) NonClass: 79636K(83632K)->79636K(83632K) Class: 11370K(14592K)->11370K(14592K)
[4225.027s][info][gc             ] GC(2885) Pause Young (Allocation Failure) 624M->77M(1979M) 8.909ms
[4225.027s][info][gc,cpu         ] GC(2885) User=0.00s Sys=0.00s Real=0.00s
[4225.038s][info][gc,start       ] GC(2886) Pause Full (System.gc())
[4225.040s][info][gc,phases,start] GC(2886) Phase 1: Mark live objects
[4225.093s][info][gc,phases      ] GC(2886) Phase 1: Mark live objects 53.279ms
[4225.094s][info][gc,phases,start] GC(2886) Phase 2: Compute new object addresses
[4225.106s][info][gc,phases      ] GC(2886) Phase 2: Compute new object addresses 12.497ms
[4225.106s][info][gc,phases,start] GC(2886) Phase 3: Adjust pointers
[4225.136s][info][gc,phases      ] GC(2886) Phase 3: Adjust pointers 29.684ms
[4225.136s][info][gc,phases,start] GC(2886) Phase 4: Move objects
[4225.137s][info][gc,phases      ] GC(2886) Phase 4: Move objects 1.007ms
[4225.138s][info][gc,heap        ] GC(2886) DefNew: 29895K->0K(629120K)
[4225.138s][info][gc,heap        ] GC(2886) Tenured: 71613K->76669K(1398144K)
[4225.138s][info][gc,metaspace   ] GC(2886) Metaspace: 91007K(98224K)->91007K(98224K) NonClass: 79636K(83632K)->79636K(83632K) Class: 11370K(14592K)->11370K(14592K)
[4225.138s][info][gc             ] GC(2886) Pause Full (System.gc()) 99M->74M(1979M) 99.485ms
[4225.138s][info][gc,cpu         ] GC(2886) User=0.11s Sys=0.00s Real=0.09s
[4225.779s][info][gc,start       ] GC(2887) Pause Young (Allocation Failure)
[4225.783s][info][gc,heap        ] GC(2887) DefNew: 559232K->3116K(629120K)
[4225.783s][info][gc,heap        ] GC(2887) Tenured: 76669K->76669K(1398144K)
[4225.783s][info][gc,metaspace   ] GC(2887) Metaspace: 91007K(98224K)->91007K(98224K) NonClass: 79636K(83632K)->79636K(83632K) Class: 11370K(14592K)->11370K(14592K)
[4225.783s][info][gc             ] GC(2887) Pause Young (Allocation Failure) 620M->77M(1979M) 3.869ms
[4225.783s][info][gc,cpu         ] GC(2887) User=0.00s Sys=0.00s Real=0.00s
[4228.168s][info][gc,start       ] GC(2888) Pause Young (Allocation Failure)
[4228.173s][info][gc,heap        ] GC(2888) DefNew: 561617K->4443K(629120K)
[4228.173s][info][gc,heap        ] GC(2888) Tenured: 76669K->76669K(1398144K)
[4228.173s][info][gc,metaspace   ] GC(2888) Metaspace: 91007K(98224K)->91007K(98224K) NonClass: 79636K(83632K)->79636K(83632K) Class: 11370K(14592K)->11370K(14592K)
[4228.173s][info][gc             ] GC(2888) Pause Young (Allocation Failure) 623M->79M(1979M) 5.219ms
[4228.173s][info][gc,cpu         ] GC(2888) User=0.00s Sys=0.00s Real=0.01s
[4230.612s][info][gc,start       ] GC(2889) Pause Young (Allocation Failure)
[4230.619s][info][gc,heap        ] GC(2889) DefNew: 562724K->5099K(629120K)
[4230.619s][info][gc,heap        ] GC(2889) Tenured: 76669K->76669K(1398144K)
[4230.619s][info][gc,metaspace   ] GC(2889) Metaspace: 91007K(98224K)->91007K(98224K) NonClass: 79636K(83632K)->79636K(83632K) Class: 11370K(14592K)->11370K(14592K)
[4230.619s][info][gc             ] GC(2889) Pause Young (Allocation Failure) 624M->79M(1979M) 6.865ms
[4230.619s][info][gc,cpu         ] GC(2889) User=0.00s Sys=0.00s Real=0.01s
[4232.737s][info][gc,start       ] GC(2890) Pause Young (Allocation Failure)
[4232.745s][info][gc,heap        ] GC(2890) DefNew: 564331K->6941K(629120K)
[4232.745s][info][gc,heap        ] GC(2890) Tenured: 76669K->76669K(1398144K)
[4232.745s][info][gc,metaspace   ] GC(2890) Metaspace: 91007K(98224K)->91007K(98224K) NonClass: 79636K(83632K)->79636K(83632K) Class: 11370K(14592K)->11370K(14592K)
[4232.745s][info][gc             ] GC(2890) Pause Young (Allocation Failure) 625M->81M(1979M) 8.683ms
[4232.745s][info][gc,cpu         ] GC(2890) User=0.00s Sys=0.00s Real=0.01s
[4233.333s][info][gc,start       ] GC(2891) Pause Young (Allocation Failure)
[4233.340s][info][gc,heap        ] GC(2891) DefNew: 566173K->8114K(629120K)
[4233.340s][info][gc,heap        ] GC(2891) Tenured: 76669K->76669K(1398144K)
[4233.340s][info][gc,metaspace   ] GC(2891) Metaspace: 91007K(98224K)->91007K(98224K) NonClass: 79636K(83632K)->79636K(83632K) Class: 11370K(14592K)->11370K(14592K)
[4233.340s][info][gc             ] GC(2891) Pause Young (Allocation Failure) 627M->82M(1979M) 7.015ms
[4233.340s][info][gc,cpu         ] GC(2891) User=0.02s Sys=0.00s Real=0.01s
[4235.110s][info][gc,start       ] GC(2892) Pause Young (Allocation Failure)
[4235.118s][info][gc,heap        ] GC(2892) DefNew: 567346K->6379K(629120K)
[4235.118s][info][gc,heap        ] GC(2892) Tenured: 76669K->76669K(1398144K)
[4235.118s][info][gc,metaspace   ] GC(2892) Metaspace: 91007K(98224K)->91007K(98224K) NonClass: 79636K(83632K)->79636K(83632K) Class: 11370K(14592K)->11370K(14592K)
[4235.118s][info][gc             ] GC(2892) Pause Young (Allocation Failure) 628M->81M(1979M) 7.926ms
[4235.118s][info][gc,cpu         ] GC(2892) User=0.00s Sys=0.00s Real=0.01s
[4237.634s][info][gc,start       ] GC(2893) Pause Young (Allocation Failure)
[4237.639s][info][gc,heap        ] GC(2893) DefNew: 565611K->5279K(629120K)
[4237.639s][info][gc,heap        ] GC(2893) Tenured: 76669K->76669K(1398144K)
[4237.639s][info][gc,metaspace   ] GC(2893) Metaspace: 91007K(98224K)->91007K(98224K) NonClass: 79636K(83632K)->79636K(83632K) Class: 11370K(14592K)->11370K(14592K)
[4237.639s][info][gc             ] GC(2893) Pause Young (Allocation Failure) 627M->80M(1979M) 5.427ms
[4237.639s][info][gc,cpu         ] GC(2893) User=0.00s Sys=0.00s Real=0.01s
[4240.698s][info][gc,start       ] GC(2894) Pause Young (Allocation Failure)
[4240.704s][info][gc,heap        ] GC(2894) DefNew: 564511K->5752K(629120K)
[4240.704s][info][gc,heap        ] GC(2894) Tenured: 76669K->76669K(1398144K)
[4240.704s][info][gc,metaspace   ] GC(2894) Metaspace: 91007K(98224K)->91007K(98224K) NonClass: 79636K(83632K)->79636K(83632K) Class: 11370K(14592K)->11370K(14592K)
[4240.704s][info][gc             ] GC(2894) Pause Young (Allocation Failure) 626M->80M(1979M) 6.072ms
[4240.704s][info][gc,cpu         ] GC(2894) User=0.00s Sys=0.00s Real=0.00s
[4241.459s][info][gc,start       ] GC(2895) Pause Young (Allocation Failure)
[4241.469s][info][gc,heap        ] GC(2895) DefNew: 562448K->16593K(629120K)
[4241.469s][info][gc,heap        ] GC(2895) Tenured: 76669K->76669K(1398144K)
[4241.469s][info][gc,metaspace   ] GC(2895) Metaspace: 91007K(98224K)->91007K(98224K) NonClass: 79636K(83632K)->79636K(83632K) Class: 11370K(14592K)->11370K(14592K)
[4241.469s][info][gc             ] GC(2895) Pause Young (Allocation Failure) 624M->91M(1979M) 9.180ms
[4241.469s][info][gc,cpu         ] GC(2895) User=0.00s Sys=0.00s Real=0.01s
[4242.292s][info][gc,start       ] GC(2896) Pause Young (Allocation Failure)
[4242.298s][info][gc,heap        ] GC(2896) DefNew: 575825K->5200K(629120K)
[4242.298s][info][gc,heap        ] GC(2896) Tenured: 76669K->76669K(1398144K)
[4242.298s][info][gc,metaspace   ] GC(2896) Metaspace: 91007K(98224K)->91007K(98224K) NonClass: 79636K(83632K)->79636K(83632K) Class: 11370K(14592K)->11370K(14592K)
[4242.298s][info][gc             ] GC(2896) Pause Young (Allocation Failure) 637M->79M(1979M) 5.955ms
[4242.298s][info][gc,cpu         ] GC(2896) User=0.00s Sys=0.00s Real=0.01s
[4245.327s][info][gc,start       ] GC(2897) Pause Young (Allocation Failure)
[4245.334s][info][gc,heap        ] GC(2897) DefNew: 561193K->6336K(629120K)
[4245.334s][info][gc,heap        ] GC(2897) Tenured: 76669K->76669K(1398144K)
[4245.334s][info][gc,metaspace   ] GC(2897) Metaspace: 91007K(98224K)->91007K(98224K) NonClass: 79636K(83632K)->79636K(83632K) Class: 11370K(14592K)->11370K(14592K)
[4245.334s][info][gc             ] GC(2897) Pause Young (Allocation Failure) 622M->81M(1979M) 7.149ms
[4245.334s][info][gc,cpu         ] GC(2897) User=0.00s Sys=0.00s Real=0.01s
[4247.829s][info][gc,start       ] GC(2898) Pause Young (Allocation Failure)
[4247.838s][info][gc,heap        ] GC(2898) DefNew: 564927K->6694K(629120K)
[4247.838s][info][gc,heap        ] GC(2898) Tenured: 76669K->76669K(1398144K)
[4247.838s][info][gc,metaspace   ] GC(2898) Metaspace: 91007K(98224K)->91007K(98224K) NonClass: 79636K(83632K)->79636K(83632K) Class: 11370K(14592K)->11370K(14592K)
[4247.839s][info][gc             ] GC(2898) Pause Young (Allocation Failure) 626M->81M(1979M) 9.623ms
[4247.839s][info][gc,cpu         ] GC(2898) User=0.00s Sys=0.00s Real=0.01s
[4249.507s][info][gc,start       ] GC(2899) Pause Young (Allocation Failure)
[4249.526s][info][gc,heap        ] GC(2899) DefNew: 565926K->11569K(629120K)
[4249.526s][info][gc,heap        ] GC(2899) Tenured: 76669K->76669K(1398144K)
[4249.526s][info][gc,metaspace   ] GC(2899) Metaspace: 91007K(98224K)->91007K(98224K) NonClass: 79636K(83632K)->79636K(83632K) Class: 11370K(14592K)->11370K(14592K)
[4249.526s][info][gc             ] GC(2899) Pause Young (Allocation Failure) 627M->86M(1979M) 19.883ms
[4249.527s][info][gc,cpu         ] GC(2899) User=0.00s Sys=0.00s Real=0.02s
[4250.068s][info][gc,start       ] GC(2900) Pause Young (Allocation Failure)
[4250.076s][info][gc,heap        ] GC(2900) DefNew: 569839K->8814K(629120K)
[4250.076s][info][gc,heap        ] GC(2900) Tenured: 76669K->76669K(1398144K)
[4250.076s][info][gc,metaspace   ] GC(2900) Metaspace: 91007K(98224K)->91007K(98224K) NonClass: 79636K(83632K)->79636K(83632K) Class: 11370K(14592K)->11370K(14592K)
[4250.076s][info][gc             ] GC(2900) Pause Young (Allocation Failure) 631M->83M(1979M) 8.204ms
[4250.076s][info][gc,cpu         ] GC(2900) User=0.06s Sys=0.00s Real=0.01s
[4252.501s][info][gc,start       ] GC(2901) Pause Young (Allocation Failure)
[4252.509s][info][gc,heap        ] GC(2901) DefNew: 563990K->6443K(629120K)
[4252.509s][info][gc,heap        ] GC(2901) Tenured: 76669K->76669K(1398144K)
[4252.509s][info][gc,metaspace   ] GC(2901) Metaspace: 91007K(98224K)->91007K(98224K) NonClass: 79636K(83632K)->79636K(83632K) Class: 11370K(14592K)->11370K(14592K)
[4252.509s][info][gc             ] GC(2901) Pause Young (Allocation Failure) 625M->81M(1979M) 7.656ms
[4252.509s][info][gc,cpu         ] GC(2901) User=0.00s Sys=0.00s Real=0.01s
[4254.931s][info][gc,start       ] GC(2902) Pause Young (Allocation Failure)
[4254.940s][info][gc,heap        ] GC(2902) DefNew: 565675K->8271K(629120K)
[4254.940s][info][gc,heap        ] GC(2902) Tenured: 76669K->77202K(1398144K)
[4254.940s][info][gc,metaspace   ] GC(2902) Metaspace: 91007K(98224K)->91007K(98224K) NonClass: 79636K(83632K)->79636K(83632K) Class: 11370K(14592K)->11370K(14592K)
[4254.940s][info][gc             ] GC(2902) Pause Young (Allocation Failure) 627M->83M(1979M) 8.668ms
[4254.940s][info][gc,cpu         ] GC(2902) User=0.00s Sys=0.00s Real=0.01s
[4257.285s][info][gc,start       ] GC(2903) Pause Young (Allocation Failure)
[4257.296s][info][gc,heap        ] GC(2903) DefNew: 567503K->8467K(629120K)
[4257.296s][info][gc,heap        ] GC(2903) Tenured: 77202K->77392K(1398144K)
[4257.296s][info][gc,metaspace   ] GC(2903) Metaspace: 91007K(98224K)->91007K(98224K) NonClass: 79636K(83632K)->79636K(83632K) Class: 11370K(14592K)->11370K(14592K)
[4257.296s][info][gc             ] GC(2903) Pause Young (Allocation Failure) 629M->83M(1979M) 10.414ms
[4257.296s][info][gc,cpu         ] GC(2903) User=0.00s Sys=0.00s Real=0.01s
[4258.069s][info][gc,start       ] GC(2904) Pause Young (Allocation Failure)
[4258.077s][info][gc,heap        ] GC(2904) DefNew: 564901K->16973K(629120K)
[4258.077s][info][gc,heap        ] GC(2904) Tenured: 77392K->77580K(1398144K)
[4258.077s][info][gc,metaspace   ] GC(2904) Metaspace: 91007K(98224K)->91007K(98224K) NonClass: 79636K(83632K)->79636K(83632K) Class: 11370K(14592K)->11370K(14592K)
[4258.077s][info][gc             ] GC(2904) Pause Young (Allocation Failure) 627M->92M(1979M) 8.394ms
[4258.077s][info][gc,cpu         ] GC(2904) User=0.00s Sys=0.00s Real=0.01s
[4259.856s][info][gc,start       ] GC(2905) Pause Young (Allocation Failure)
[4259.864s][info][gc,heap        ] GC(2905) DefNew: 576205K->6154K(629120K)
[4259.864s][info][gc,heap        ] GC(2905) Tenured: 77580K->77748K(1398144K)
[4259.864s][info][gc,metaspace   ] GC(2905) Metaspace: 91007K(98224K)->91007K(98224K) NonClass: 79636K(83632K)->79636K(83632K) Class: 11370K(14592K)->11370K(14592K)
[4259.864s][info][gc             ] GC(2905) Pause Young (Allocation Failure) 638M->81M(1979M) 7.547ms
[4259.864s][info][gc,cpu         ] GC(2905) User=0.00s Sys=0.00s Real=0.01s
[4262.178s][info][gc,start       ] GC(2906) Pause Young (Allocation Failure)
[4262.188s][info][gc,heap        ] GC(2906) DefNew: 565386K->10791K(629120K)
[4262.188s][info][gc,heap        ] GC(2906) Tenured: 77748K->77816K(1398144K)
[4262.188s][info][gc,metaspace   ] GC(2906) Metaspace: 91007K(98224K)->91007K(98224K) NonClass: 79636K(83632K)->79636K(83632K) Class: 11370K(14592K)->11370K(14592K)
[4262.188s][info][gc             ] GC(2906) Pause Young (Allocation Failure) 628M->86M(1979M) 10.520ms
[4262.188s][info][gc,cpu         ] GC(2906) User=0.00s Sys=0.00s Real=0.01s
[4262.912s][info][gc,start       ] GC(2907) Pause Young (Allocation Failure)
[4262.920s][info][gc,heap        ] GC(2907) DefNew: 570023K->13373K(629120K)
[4262.920s][info][gc,heap        ] GC(2907) Tenured: 77816K->78001K(1398144K)
[4262.920s][info][gc,metaspace   ] GC(2907) Metaspace: 91007K(98224K)->91007K(98224K) NonClass: 79636K(83632K)->79636K(83632K) Class: 11370K(14592K)->11370K(14592K)
[4262.920s][info][gc             ] GC(2907) Pause Young (Allocation Failure) 632M->89M(1979M) 8.632ms
[4262.920s][info][gc,cpu         ] GC(2907) User=0.00s Sys=0.00s Real=0.01s
[4264.870s][info][gc,start       ] GC(2908) Pause Young (Allocation Failure)
[4264.878s][info][gc,heap        ] GC(2908) DefNew: 572308K->5809K(629120K)
[4264.878s][info][gc,heap        ] GC(2908) Tenured: 78001K->78146K(1398144K)
[4264.878s][info][gc,metaspace   ] GC(2908) Metaspace: 91007K(98224K)->91007K(98224K) NonClass: 79636K(83632K)->79636K(83632K) Class: 11370K(14592K)->11370K(14592K)
[4264.878s][info][gc             ] GC(2908) Pause Young (Allocation Failure) 635M->81M(1979M) 7.436ms
[4264.878s][info][gc,cpu         ] GC(2908) User=0.00s Sys=0.00s Real=0.01s
[4267.084s][info][gc,start       ] GC(2909) Pause Young (Allocation Failure)
[4267.095s][info][gc,heap        ] GC(2909) DefNew: 565041K->8119K(629120K)
[4267.095s][info][gc,heap        ] GC(2909) Tenured: 78146K->78316K(1398144K)
[4267.095s][info][gc,metaspace   ] GC(2909) Metaspace: 91007K(98224K)->91007K(98224K) NonClass: 79636K(83632K)->79636K(83632K) Class: 11370K(14592K)->11370K(14592K)
[4267.095s][info][gc             ] GC(2909) Pause Young (Allocation Failure) 628M->84M(1979M) 10.366ms
[4267.095s][info][gc,cpu         ] GC(2909) User=0.00s Sys=0.00s Real=0.01s
[4267.641s][info][gc,start       ] GC(2910) Pause Young (Allocation Failure)
[4267.650s][info][gc,heap        ] GC(2910) DefNew: 566269K->9328K(629120K)
[4267.650s][info][gc,heap        ] GC(2910) Tenured: 78316K->78435K(1398144K)
[4267.650s][info][gc,metaspace   ] GC(2910) Metaspace: 91007K(98224K)->91007K(98224K) NonClass: 79636K(83632K)->79636K(83632K) Class: 11370K(14592K)->11370K(14592K)
[4267.650s][info][gc             ] GC(2910) Pause Young (Allocation Failure) 629M->85M(1979M) 8.629ms
[4267.650s][info][gc,cpu         ] GC(2910) User=0.02s Sys=0.00s Real=0.01s
[4269.517s][info][gc,start       ] GC(2911) Pause Young (Allocation Failure)
[4269.527s][info][gc,heap        ] GC(2911) DefNew: 568560K->8036K(629120K)
[4269.527s][info][gc,heap        ] GC(2911) Tenured: 78435K->78572K(1398144K)
[4269.527s][info][gc,metaspace   ] GC(2911) Metaspace: 91007K(98224K)->91007K(98224K) NonClass: 79636K(83632K)->79636K(83632K) Class: 11370K(14592K)->11370K(14592K)
[4269.527s][info][gc             ] GC(2911) Pause Young (Allocation Failure) 631M->84M(1979M) 9.700ms
[4269.527s][info][gc,cpu         ] GC(2911) User=0.00s Sys=0.00s Real=0.01s
[4271.587s][info][gc,start       ] GC(2912) Pause Young (Allocation Failure)
[4271.597s][info][gc,heap        ] GC(2912) DefNew: 567268K->8539K(629120K)
[4271.597s][info][gc,heap        ] GC(2912) Tenured: 78572K->78713K(1398144K)
[4271.597s][info][gc,metaspace   ] GC(2912) Metaspace: 91007K(98224K)->91007K(98224K) NonClass: 79636K(83632K)->79636K(83632K) Class: 11370K(14592K)->11370K(14592K)
[4271.597s][info][gc             ] GC(2912) Pause Young (Allocation Failure) 630M->85M(1979M) 10.401ms
[4271.597s][info][gc,cpu         ] GC(2912) User=0.00s Sys=0.00s Real=0.01s
[4272.213s][info][gc,start       ] GC(2913) Pause Young (Allocation Failure)
[4272.221s][info][gc,heap        ] GC(2913) DefNew: 565716K->9442K(629120K)
[4272.221s][info][gc,heap        ] GC(2913) Tenured: 78713K->78902K(1398144K)
[4272.221s][info][gc,metaspace   ] GC(2913) Metaspace: 91007K(98224K)->91007K(98224K) NonClass: 79636K(83632K)->79636K(83632K) Class: 11370K(14592K)->11370K(14592K)
[4272.221s][info][gc             ] GC(2913) Pause Young (Allocation Failure) 629M->86M(1979M) 7.878ms
[4272.221s][info][gc,cpu         ] GC(2913) User=0.00s Sys=0.00s Real=0.01s
[4274.142s][info][gc,start       ] GC(2914) Pause Young (Allocation Failure)
[4274.150s][info][gc,heap        ] GC(2914) DefNew: 568604K->6007K(629120K)
[4274.150s][info][gc,heap        ] GC(2914) Tenured: 78902K->79027K(1398144K)
[4274.150s][info][gc,metaspace   ] GC(2914) Metaspace: 91007K(98224K)->91007K(98224K) NonClass: 79636K(83632K)->79636K(83632K) Class: 11370K(14592K)->11370K(14592K)
[4274.150s][info][gc             ] GC(2914) Pause Young (Allocation Failure) 632M->83M(1979M) 8.235ms
[4274.150s][info][gc,cpu         ] GC(2914) User=0.02s Sys=0.00s Real=0.01s
[4276.399s][info][gc,start       ] GC(2915) Pause Young (Allocation Failure)
[4276.410s][info][gc,heap        ] GC(2915) DefNew: 565239K->8284K(629120K)
[4276.410s][info][gc,heap        ] GC(2915) Tenured: 79027K->79107K(1398144K)
[4276.410s][info][gc,metaspace   ] GC(2915) Metaspace: 91007K(98224K)->91007K(98224K) NonClass: 79636K(83632K)->79636K(83632K) Class: 11370K(14592K)->11370K(14592K)
[4276.411s][info][gc             ] GC(2915) Pause Young (Allocation Failure) 629M->85M(1979M) 11.376ms
[4276.411s][info][gc,cpu         ] GC(2915) User=0.00s Sys=0.00s Real=0.01s
[4277.297s][info][gc,start       ] GC(2916) Pause Young (Allocation Failure)
[4277.307s][info][gc,heap        ] GC(2916) DefNew: 567516K->7581K(629120K)
[4277.307s][info][gc,heap        ] GC(2916) Tenured: 79107K->79305K(1398144K)
[4277.307s][info][gc,metaspace   ] GC(2916) Metaspace: 91007K(98224K)->91007K(98224K) NonClass: 79636K(83632K)->79636K(83632K) Class: 11370K(14592K)->11370K(14592K)
[4277.307s][info][gc             ] GC(2916) Pause Young (Allocation Failure) 631M->84M(1979M) 10.239ms
[4277.307s][info][gc,cpu         ] GC(2916) User=0.02s Sys=0.00s Real=0.01s
[4277.320s][info][gc,start       ] GC(2917) Pause Full (System.gc())
[4277.323s][info][gc,phases,start] GC(2917) Phase 1: Mark live objects
[4277.375s][info][gc,phases      ] GC(2917) Phase 1: Mark live objects 51.965ms
[4277.375s][info][gc,phases,start] GC(2917) Phase 2: Compute new object addresses
[4277.389s][info][gc,phases      ] GC(2917) Phase 2: Compute new object addresses 14.021ms
[4277.389s][info][gc,phases,start] GC(2917) Phase 3: Adjust pointers
[4277.421s][info][gc,phases      ] GC(2917) Phase 3: Adjust pointers 31.623ms
[4277.421s][info][gc,phases,start] GC(2917) Phase 4: Move objects
[4277.425s][info][gc,phases      ] GC(2917) Phase 4: Move objects 4.094ms
[4277.425s][info][gc,heap        ] GC(2917) DefNew: 33688K->0K(629120K)
[4277.426s][info][gc,heap        ] GC(2917) Tenured: 79305K->52085K(1398144K)
[4277.426s][info][gc,metaspace   ] GC(2917) Metaspace: 91007K(98224K)->91007K(98224K) NonClass: 79636K(83632K)->79636K(83632K) Class: 11370K(14592K)->11370K(14592K)
[4277.426s][info][gc             ] GC(2917) Pause Full (System.gc()) 110M->50M(1979M) 105.182ms
[4277.426s][info][gc,cpu         ] GC(2917) User=0.05s Sys=0.00s Real=0.10s
[4278.009s][info][gc,start       ] GC(2918) Pause Young (Allocation Failure)
[4278.013s][info][gc,heap        ] GC(2918) DefNew: 558840K->3100K(629120K)
[4278.013s][info][gc,heap        ] GC(2918) Tenured: 52085K->52085K(1398144K)
[4278.013s][info][gc,metaspace   ] GC(2918) Metaspace: 91007K(98224K)->91007K(98224K) NonClass: 79636K(83632K)->79636K(83632K) Class: 11370K(14592K)->11370K(14592K)
[4278.013s][info][gc             ] GC(2918) Pause Young (Allocation Failure) 596M->53M(1979M) 3.860ms
[4278.013s][info][gc,cpu         ] GC(2918) User=0.00s Sys=0.00s Real=0.00s
[4280.427s][info][gc,start       ] GC(2919) Pause Young (Allocation Failure)
[4280.433s][info][gc,heap        ] GC(2919) DefNew: 562332K->4435K(629120K)
[4280.433s][info][gc,heap        ] GC(2919) Tenured: 52085K->52085K(1398144K)
[4280.433s][info][gc,metaspace   ] GC(2919) Metaspace: 91007K(98224K)->91007K(98224K) NonClass: 79636K(83632K)->79636K(83632K) Class: 11370K(14592K)->11370K(14592K)
[4280.433s][info][gc             ] GC(2919) Pause Young (Allocation Failure) 600M->55M(1979M) 5.246ms
[4280.433s][info][gc,cpu         ] GC(2919) User=0.00s Sys=0.00s Real=0.01s
[4282.842s][info][gc,start       ] GC(2920) Pause Young (Allocation Failure)
[4282.849s][info][gc,heap        ] GC(2920) DefNew: 562897K->5051K(629120K)
[4282.849s][info][gc,heap        ] GC(2920) Tenured: 52085K->52085K(1398144K)
[4282.849s][info][gc,metaspace   ] GC(2920) Metaspace: 91007K(98224K)->91007K(98224K) NonClass: 79636K(83632K)->79636K(83632K) Class: 11370K(14592K)->11370K(14592K)
[4282.849s][info][gc             ] GC(2920) Pause Young (Allocation Failure) 600M->55M(1979M) 6.828ms
[4282.849s][info][gc,cpu         ] GC(2920) User=0.00s Sys=0.00s Real=0.01s
[4284.936s][info][gc,start       ] GC(2921) Pause Young (Allocation Failure)
[4284.945s][info][gc,heap        ] GC(2921) DefNew: 564283K->7060K(629120K)
[4284.945s][info][gc,heap        ] GC(2921) Tenured: 52085K->52085K(1398144K)
[4284.945s][info][gc,metaspace   ] GC(2921) Metaspace: 91007K(98224K)->91007K(98224K) NonClass: 79636K(83632K)->79636K(83632K) Class: 11370K(14592K)->11370K(14592K)
[4284.945s][info][gc             ] GC(2921) Pause Young (Allocation Failure) 601M->57M(1979M) 8.938ms
[4284.945s][info][gc,cpu         ] GC(2921) User=0.00s Sys=0.00s Real=0.01s
[4285.526s][info][gc,start       ] GC(2922) Pause Young (Allocation Failure)
[4285.533s][info][gc,heap        ] GC(2922) DefNew: 566292K->7563K(629120K)
[4285.533s][info][gc,heap        ] GC(2922) Tenured: 52085K->52085K(1398144K)
[4285.533s][info][gc,metaspace   ] GC(2922) Metaspace: 91007K(98224K)->91007K(98224K) NonClass: 79636K(83632K)->79636K(83632K) Class: 11370K(14592K)->11370K(14592K)
[4285.533s][info][gc             ] GC(2922) Pause Young (Allocation Failure) 603M->58M(1979M) 7.622ms
[4285.533s][info][gc,cpu         ] GC(2922) User=0.02s Sys=0.00s Real=0.01s
[4287.373s][info][gc,start       ] GC(2923) Pause Young (GCLocker Initiated GC)
[4287.380s][info][gc,heap        ] GC(2923) DefNew: 566795K->6521K(629120K)
[4287.380s][info][gc,heap        ] GC(2923) Tenured: 52085K->52085K(1398144K)
[4287.380s][info][gc,metaspace   ] GC(2923) Metaspace: 91007K(98224K)->91007K(98224K) NonClass: 79636K(83632K)->79636K(83632K) Class: 11370K(14592K)->11370K(14592K)
[4287.380s][info][gc             ] GC(2923) Pause Young (GCLocker Initiated GC) 604M->57M(1979M) 6.728ms
[4287.380s][info][gc,cpu         ] GC(2923) User=0.00s Sys=0.00s Real=0.00s
[4289.802s][info][gc,start       ] GC(2924) Pause Young (Allocation Failure)
[4289.807s][info][gc,heap        ] GC(2924) DefNew: 565753K->5261K(629120K)
[4289.807s][info][gc,heap        ] GC(2924) Tenured: 52085K->52085K(1398144K)
[4289.807s][info][gc,metaspace   ] GC(2924) Metaspace: 91007K(98224K)->91007K(98224K) NonClass: 79636K(83632K)->79636K(83632K) Class: 11370K(14592K)->11370K(14592K)
[4289.807s][info][gc             ] GC(2924) Pause Young (Allocation Failure) 603M->56M(1979M) 5.374ms
[4289.807s][info][gc,cpu         ] GC(2924) User=0.00s Sys=0.00s Real=0.01s
[4292.851s][info][gc,start       ] GC(2925) Pause Young (Allocation Failure)
[4292.856s][info][gc,heap        ] GC(2925) DefNew: 564493K->5578K(629120K)
[4292.856s][info][gc,heap        ] GC(2925) Tenured: 52085K->52085K(1398144K)
[4292.856s][info][gc,metaspace   ] GC(2925) Metaspace: 91007K(98224K)->91007K(98224K) NonClass: 79636K(83632K)->79636K(83632K) Class: 11370K(14592K)->11370K(14592K)
[4292.856s][info][gc             ] GC(2925) Pause Young (Allocation Failure) 602M->56M(1979M) 5.286ms
[4292.856s][info][gc,cpu         ] GC(2925) User=0.00s Sys=0.00s Real=0.00s
[4293.581s][info][gc,start       ] GC(2926) Pause Young (Allocation Failure)
[4293.590s][info][gc,heap        ] GC(2926) DefNew: 561471K->20680K(629120K)
[4293.590s][info][gc,heap        ] GC(2926) Tenured: 52085K->52085K(1398144K)
[4293.590s][info][gc,metaspace   ] GC(2926) Metaspace: 91007K(98224K)->91007K(98224K) NonClass: 79636K(83632K)->79636K(83632K) Class: 11370K(14592K)->11370K(14592K)
[4293.590s][info][gc             ] GC(2926) Pause Young (Allocation Failure) 599M->71M(1979M) 9.040ms
[4293.590s][info][gc,cpu         ] GC(2926) User=0.00s Sys=0.00s Real=0.01s
[4294.424s][info][gc,start       ] GC(2927) Pause Young (Allocation Failure)
[4294.431s][info][gc,heap        ] GC(2927) DefNew: 579912K->5219K(629120K)
[4294.431s][info][gc,heap        ] GC(2927) Tenured: 52085K->52085K(1398144K)
[4294.431s][info][gc,metaspace   ] GC(2927) Metaspace: 91007K(98224K)->91007K(98224K) NonClass: 79636K(83632K)->79636K(83632K) Class: 11370K(14592K)->11370K(14592K)
[4294.431s][info][gc             ] GC(2927) Pause Young (Allocation Failure) 617M->55M(1979M) 6.299ms
[4294.431s][info][gc,cpu         ] GC(2927) User=0.00s Sys=0.00s Real=0.01s
[4297.439s][info][gc,start       ] GC(2928) Pause Young (Allocation Failure)
[4297.446s][info][gc,heap        ] GC(2928) DefNew: 564451K->6416K(629120K)
[4297.446s][info][gc,heap        ] GC(2928) Tenured: 52085K->52085K(1398144K)
[4297.446s][info][gc,metaspace   ] GC(2928) Metaspace: 91007K(98224K)->91007K(98224K) NonClass: 79636K(83632K)->79636K(83632K) Class: 11370K(14592K)->11370K(14592K)
[4297.446s][info][gc             ] GC(2928) Pause Young (Allocation Failure) 602M->57M(1979M) 6.821ms
[4297.446s][info][gc,cpu         ] GC(2928) User=0.00s Sys=0.00s Real=0.01s
[4299.929s][info][gc,start       ] GC(2929) Pause Young (Allocation Failure)
[4299.935s][info][gc,heap        ] GC(2929) DefNew: 565213K->6291K(629120K)
[4299.935s][info][gc,heap        ] GC(2929) Tenured: 52085K->52085K(1398144K)
[4299.936s][info][gc,metaspace   ] GC(2929) Metaspace: 91007K(98224K)->91007K(98224K) NonClass: 79636K(83632K)->79636K(83632K) Class: 11370K(14592K)->11370K(14592K)
[4299.936s][info][gc             ] GC(2929) Pause Young (Allocation Failure) 602M->57M(1979M) 6.569ms
[4299.936s][info][gc,cpu         ] GC(2929) User=0.00s Sys=0.00s Real=0.01s
[4301.519s][info][gc,start       ] GC(2930) Pause Young (Allocation Failure)
[4301.538s][info][gc,heap        ] GC(2930) DefNew: 565523K->11745K(629120K)
[4301.538s][info][gc,heap        ] GC(2930) Tenured: 52085K->52085K(1398144K)
[4301.538s][info][gc,metaspace   ] GC(2930) Metaspace: 91007K(98224K)->91007K(98224K) NonClass: 79636K(83632K)->79636K(83632K) Class: 11370K(14592K)->11370K(14592K)
[4301.538s][info][gc             ] GC(2930) Pause Young (Allocation Failure) 603M->62M(1979M) 19.707ms
[4301.538s][info][gc,cpu         ] GC(2930) User=0.02s Sys=0.00s Real=0.02s
[4302.145s][info][gc,start       ] GC(2931) Pause Young (Allocation Failure)
[4302.151s][info][gc,heap        ] GC(2931) DefNew: 568641K->8513K(629120K)
[4302.151s][info][gc,heap        ] GC(2931) Tenured: 52085K->52085K(1398144K)
[4302.151s][info][gc,metaspace   ] GC(2931) Metaspace: 91007K(98224K)->91007K(98224K) NonClass: 79636K(83632K)->79636K(83632K) Class: 11370K(14592K)->11370K(14592K)
[4302.151s][info][gc             ] GC(2931) Pause Young (Allocation Failure) 606M->59M(1979M) 6.399ms
[4302.151s][info][gc,cpu         ] GC(2931) User=0.00s Sys=0.00s Real=0.01s
[4304.639s][info][gc,start       ] GC(2932) Pause Young (GCLocker Initiated GC)
[4304.648s][info][gc,heap        ] GC(2932) DefNew: 567748K->7937K(629120K)
[4304.648s][info][gc,heap        ] GC(2932) Tenured: 52085K->52085K(1398144K)
[4304.648s][info][gc,metaspace   ] GC(2932) Metaspace: 91007K(98224K)->91007K(98224K) NonClass: 79636K(83632K)->79636K(83632K) Class: 11370K(14592K)->11370K(14592K)
[4304.648s][info][gc             ] GC(2932) Pause Young (GCLocker Initiated GC) 605M->58M(1979M) 8.467ms
[4304.648s][info][gc,cpu         ] GC(2932) User=0.02s Sys=0.00s Real=0.01s
[4307.127s][info][gc,start       ] GC(2933) Pause Young (Allocation Failure)
[4307.133s][info][gc,heap        ] GC(2933) DefNew: 565987K->6270K(629120K)
[4307.133s][info][gc,heap        ] GC(2933) Tenured: 52085K->52548K(1398144K)
[4307.133s][info][gc,metaspace   ] GC(2933) Metaspace: 91007K(98224K)->91007K(98224K) NonClass: 79636K(83632K)->79636K(83632K) Class: 11370K(14592K)->11370K(14592K)
[4307.133s][info][gc             ] GC(2933) Pause Young (Allocation Failure) 603M->57M(1979M) 6.532ms
[4307.133s][info][gc,cpu         ] GC(2933) User=0.00s Sys=0.00s Real=0.00s
[4309.492s][info][gc,start       ] GC(2934) Pause Young (Allocation Failure)
[4309.504s][info][gc,heap        ] GC(2934) DefNew: 565502K->10422K(629120K)
[4309.504s][info][gc,heap        ] GC(2934) Tenured: 52548K->52741K(1398144K)
[4309.504s][info][gc,metaspace   ] GC(2934) Metaspace: 91007K(98224K)->91007K(98224K) NonClass: 79636K(83632K)->79636K(83632K) Class: 11370K(14592K)->11370K(14592K)
[4309.504s][info][gc             ] GC(2934) Pause Young (Allocation Failure) 603M->61M(1979M) 11.413ms
[4309.504s][info][gc,cpu         ] GC(2934) User=0.00s Sys=0.00s Real=0.01s
[4310.266s][info][gc,start       ] GC(2935) Pause Young (Allocation Failure)
[4310.274s][info][gc,heap        ] GC(2935) DefNew: 565753K->9123K(629120K)
[4310.274s][info][gc,heap        ] GC(2935) Tenured: 52741K->52938K(1398144K)
[4310.274s][info][gc,metaspace   ] GC(2935) Metaspace: 91007K(98224K)->91007K(98224K) NonClass: 79636K(83632K)->79636K(83632K) Class: 11370K(14592K)->11370K(14592K)
[4310.274s][info][gc             ] GC(2935) Pause Young (Allocation Failure) 603M->60M(1979M) 7.847ms
[4310.274s][info][gc,cpu         ] GC(2935) User=0.00s Sys=0.00s Real=0.01s
[4311.928s][info][gc,start       ] GC(2936) Pause Young (Allocation Failure)
[4311.936s][info][gc,heap        ] GC(2936) DefNew: 568355K->8166K(629120K)
[4311.936s][info][gc,heap        ] GC(2936) Tenured: 52938K->53093K(1398144K)
[4311.936s][info][gc,metaspace   ] GC(2936) Metaspace: 91007K(98224K)->91007K(98224K) NonClass: 79636K(83632K)->79636K(83632K) Class: 11370K(14592K)->11370K(14592K)
[4311.936s][info][gc             ] GC(2936) Pause Young (Allocation Failure) 606M->59M(1979M) 7.977ms
[4311.936s][info][gc,cpu         ] GC(2936) User=0.00s Sys=0.00s Real=0.01s
[4314.318s][info][gc,start       ] GC(2937) Pause Young (Allocation Failure)
[4314.328s][info][gc,heap        ] GC(2937) DefNew: 566769K->7932K(629120K)
[4314.328s][info][gc,heap        ] GC(2937) Tenured: 53093K->53161K(1398144K)
[4314.328s][info][gc,metaspace   ] GC(2937) Metaspace: 91007K(98224K)->91007K(98224K) NonClass: 79636K(83632K)->79636K(83632K) Class: 11370K(14592K)->11370K(14592K)
[4314.328s][info][gc             ] GC(2937) Pause Young (Allocation Failure) 605M->59M(1979M) 10.354ms
[4314.328s][info][gc,cpu         ] GC(2937) User=0.02s Sys=0.00s Real=0.02s
[4314.966s][info][gc,start       ] GC(2938) Pause Young (Allocation Failure)
[4314.974s][info][gc,heap        ] GC(2938) DefNew: 563933K->13341K(629120K)
[4314.974s][info][gc,heap        ] GC(2938) Tenured: 53161K->53345K(1398144K)
[4314.975s][info][gc,metaspace   ] GC(2938) Metaspace: 91007K(98224K)->91007K(98224K) NonClass: 79636K(83632K)->79636K(83632K) Class: 11370K(14592K)->11370K(14592K)
[4314.975s][info][gc             ] GC(2938) Pause Young (Allocation Failure) 602M->65M(1979M) 8.294ms
[4314.975s][info][gc,cpu         ] GC(2938) User=0.00s Sys=0.00s Real=0.01s
[4316.771s][info][gc,start       ] GC(2939) Pause Young (Allocation Failure)
[4316.779s][info][gc,heap        ] GC(2939) DefNew: 571837K->5872K(629120K)
[4316.779s][info][gc,heap        ] GC(2939) Tenured: 53345K->53487K(1398144K)
[4316.779s][info][gc,metaspace   ] GC(2939) Metaspace: 91007K(98224K)->91007K(98224K) NonClass: 79636K(83632K)->79636K(83632K) Class: 11370K(14592K)->11370K(14592K)
[4316.779s][info][gc             ] GC(2939) Pause Young (Allocation Failure) 610M->57M(1979M) 8.479ms
[4316.779s][info][gc,cpu         ] GC(2939) User=0.02s Sys=0.00s Real=0.01s
[4319.056s][info][gc,start       ] GC(2940) Pause Young (Allocation Failure)
[4319.066s][info][gc,heap        ] GC(2940) DefNew: 565104K->7596K(629120K)
[4319.066s][info][gc,heap        ] GC(2940) Tenured: 53487K->53653K(1398144K)
[4319.066s][info][gc,metaspace   ] GC(2940) Metaspace: 91007K(98224K)->91007K(98224K) NonClass: 79636K(83632K)->79636K(83632K) Class: 11370K(14592K)->11370K(14592K)
[4319.066s][info][gc             ] GC(2940) Pause Young (Allocation Failure) 604M->59M(1979M) 9.884ms
[4319.066s][info][gc,cpu         ] GC(2940) User=0.00s Sys=0.00s Real=0.01s
[4319.631s][info][gc,start       ] GC(2941) Pause Young (Allocation Failure)
[4319.641s][info][gc,heap        ] GC(2941) DefNew: 566828K->8433K(629120K)
[4319.641s][info][gc,heap        ] GC(2941) Tenured: 53653K->53771K(1398144K)
[4319.641s][info][gc,metaspace   ] GC(2941) Metaspace: 91007K(98224K)->91007K(98224K) NonClass: 79636K(83632K)->79636K(83632K) Class: 11370K(14592K)->11370K(14592K)
[4319.641s][info][gc             ] GC(2941) Pause Young (Allocation Failure) 605M->60M(1979M) 9.607ms
[4319.641s][info][gc,cpu         ] GC(2941) User=0.00s Sys=0.00s Real=0.01s
[4321.618s][info][gc,start       ] GC(2942) Pause Young (Allocation Failure)
[4321.626s][info][gc,heap        ] GC(2942) DefNew: 567665K->6891K(629120K)
[4321.627s][info][gc,heap        ] GC(2942) Tenured: 53771K->53901K(1398144K)
[4321.627s][info][gc,metaspace   ] GC(2942) Metaspace: 91007K(98224K)->91007K(98224K) NonClass: 79636K(83632K)->79636K(83632K) Class: 11370K(14592K)->11370K(14592K)
[4321.627s][info][gc             ] GC(2942) Pause Young (Allocation Failure) 606M->59M(1979M) 8.927ms
[4321.627s][info][gc,cpu         ] GC(2942) User=0.00s Sys=0.00s Real=0.01s
[4323.882s][info][gc,start       ] GC(2943) Pause Young (Allocation Failure)
[4323.892s][info][gc,heap        ] GC(2943) DefNew: 566123K->8358K(629120K)
[4323.892s][info][gc,heap        ] GC(2943) Tenured: 53901K->54055K(1398144K)
[4323.892s][info][gc,metaspace   ] GC(2943) Metaspace: 91007K(98224K)->91007K(98224K) NonClass: 79636K(83632K)->79636K(83632K) Class: 11370K(14592K)->11370K(14592K)
[4323.892s][info][gc             ] GC(2943) Pause Young (Allocation Failure) 605M->60M(1979M) 9.992ms
[4323.892s][info][gc,cpu         ] GC(2943) User=0.02s Sys=0.00s Real=0.01s
[4324.469s][info][gc,start       ] GC(2944) Pause Young (Allocation Failure)
[4324.477s][info][gc,heap        ] GC(2944) DefNew: 564307K->9013K(629120K)
[4324.477s][info][gc,heap        ] GC(2944) Tenured: 54055K->54246K(1398144K)
[4324.477s][info][gc,metaspace   ] GC(2944) Metaspace: 91007K(98224K)->91007K(98224K) NonClass: 79636K(83632K)->79636K(83632K) Class: 11370K(14592K)->11370K(14592K)
[4324.477s][info][gc             ] GC(2944) Pause Young (Allocation Failure) 603M->61M(1979M) 8.351ms
[4324.477s][info][gc,cpu         ] GC(2944) User=0.02s Sys=0.00s Real=0.01s
[4326.294s][info][gc,start       ] GC(2945) Pause Young (Allocation Failure)
[4326.303s][info][gc,heap        ] GC(2945) DefNew: 568245K->7321K(629120K)
[4326.303s][info][gc,heap        ] GC(2945) Tenured: 54246K->54365K(1398144K)
[4326.304s][info][gc,metaspace   ] GC(2945) Metaspace: 91007K(98224K)->91007K(98224K) NonClass: 79636K(83632K)->79636K(83632K) Class: 11370K(14592K)->11370K(14592K)
[4326.304s][info][gc             ] GC(2945) Pause Young (Allocation Failure) 607M->60M(1979M) 9.162ms
[4326.304s][info][gc,cpu         ] GC(2945) User=0.00s Sys=0.00s Real=0.01s
[4328.652s][info][gc,start       ] GC(2946) Pause Young (Allocation Failure)
[4328.665s][info][gc,heap        ] GC(2946) DefNew: 566553K->8542K(629120K)
[4328.665s][info][gc,heap        ] GC(2946) Tenured: 54365K->54454K(1398144K)
[4328.665s][info][gc,metaspace   ] GC(2946) Metaspace: 91007K(98224K)->91007K(98224K) NonClass: 79636K(83632K)->79636K(83632K) Class: 11370K(14592K)->11370K(14592K)
[4328.665s][info][gc             ] GC(2946) Pause Young (Allocation Failure) 606M->61M(1979M) 12.400ms
[4328.665s][info][gc,cpu         ] GC(2946) User=0.00s Sys=0.00s Real=0.01s
[4329.548s][info][gc,start       ] GC(2947) Pause Young (Allocation Failure)
[4329.557s][info][gc,heap        ] GC(2947) DefNew: 567774K->7330K(629120K)
[4329.557s][info][gc,heap        ] GC(2947) Tenured: 54454K->54648K(1398144K)
[4329.557s][info][gc,metaspace   ] GC(2947) Metaspace: 91007K(98224K)->91007K(98224K) NonClass: 79636K(83632K)->79636K(83632K) Class: 11370K(14592K)->11370K(14592K)
[4329.557s][info][gc             ] GC(2947) Pause Young (Allocation Failure) 607M->60M(1979M) 8.996ms
[4329.557s][info][gc,cpu         ] GC(2947) User=0.00s Sys=0.00s Real=0.00s
[4329.582s][info][gc,start       ] GC(2948) Pause Full (System.gc())
[4329.585s][info][gc,phases,start] GC(2948) Phase 1: Mark live objects
[4329.637s][info][gc,phases      ] GC(2948) Phase 1: Mark live objects 51.270ms
[4329.637s][info][gc,phases,start] GC(2948) Phase 2: Compute new object addresses
[4329.651s][info][gc,phases      ] GC(2948) Phase 2: Compute new object addresses 13.996ms
[4329.651s][info][gc,phases,start] GC(2948) Phase 3: Adjust pointers
[4329.681s][info][gc,phases      ] GC(2948) Phase 3: Adjust pointers 30.648ms
[4329.681s][info][gc,phases,start] GC(2948) Phase 4: Move objects
[4329.682s][info][gc,phases      ] GC(2948) Phase 4: Move objects 0.755ms
[4329.683s][info][gc,heap        ] GC(2948) DefNew: 40188K->0K(629120K)
[4329.683s][info][gc,heap        ] GC(2948) Tenured: 54648K->57836K(1398144K)
[4329.683s][info][gc,metaspace   ] GC(2948) Metaspace: 91007K(98224K)->91007K(98224K) NonClass: 79636K(83632K)->79636K(83632K) Class: 11370K(14592K)->11370K(14592K)
[4329.683s][info][gc             ] GC(2948) Pause Full (System.gc()) 92M->56M(1979M) 100.808ms
[4329.683s][info][gc,cpu         ] GC(2948) User=0.05s Sys=0.00s Real=0.11s
[4330.289s][info][gc,start       ] GC(2949) Pause Young (Allocation Failure)
[4330.293s][info][gc,heap        ] GC(2949) DefNew: 557564K->3060K(629120K)
[4330.293s][info][gc,heap        ] GC(2949) Tenured: 57836K->57836K(1398144K)
[4330.293s][info][gc,metaspace   ] GC(2949) Metaspace: 91007K(98224K)->91007K(98224K) NonClass: 79636K(83632K)->79636K(83632K) Class: 11370K(14592K)->11370K(14592K)
[4330.293s][info][gc             ] GC(2949) Pause Young (Allocation Failure) 600M->59M(1979M) 3.542ms
[4330.293s][info][gc,cpu         ] GC(2949) User=0.00s Sys=0.00s Real=0.00s
[4332.646s][info][gc,start       ] GC(2950) Pause Young (Allocation Failure)
[4332.652s][info][gc,heap        ] GC(2950) DefNew: 561363K->4406K(629120K)
[4332.652s][info][gc,heap        ] GC(2950) Tenured: 57836K->57836K(1398144K)
[4332.652s][info][gc,metaspace   ] GC(2950) Metaspace: 91007K(98224K)->91007K(98224K) NonClass: 79636K(83632K)->79636K(83632K) Class: 11370K(14592K)->11370K(14592K)
[4332.652s][info][gc             ] GC(2950) Pause Young (Allocation Failure) 604M->60M(1979M) 5.710ms
[4332.652s][info][gc,cpu         ] GC(2950) User=0.00s Sys=0.00s Real=0.01s
[4335.102s][info][gc,start       ] GC(2951) Pause Young (Allocation Failure)
[4335.108s][info][gc,heap        ] GC(2951) DefNew: 563188K->5047K(629120K)
[4335.108s][info][gc,heap        ] GC(2951) Tenured: 57836K->57836K(1398144K)
[4335.108s][info][gc,metaspace   ] GC(2951) Metaspace: 91007K(98224K)->91007K(98224K) NonClass: 79636K(83632K)->79636K(83632K) Class: 11370K(14592K)->11370K(14592K)
[4335.108s][info][gc             ] GC(2951) Pause Young (Allocation Failure) 606M->61M(1979M) 6.553ms
[4335.108s][info][gc,cpu         ] GC(2951) User=0.00s Sys=0.00s Real=0.01s
[4337.217s][info][gc,start       ] GC(2952) Pause Young (Allocation Failure)
[4337.224s][info][gc,heap        ] GC(2952) DefNew: 560896K->6225K(629120K)
[4337.224s][info][gc,heap        ] GC(2952) Tenured: 57836K->57836K(1398144K)
[4337.224s][info][gc,metaspace   ] GC(2952) Metaspace: 91007K(98224K)->91007K(98224K) NonClass: 79636K(83632K)->79636K(83632K) Class: 11370K(14592K)->11370K(14592K)
[4337.224s][info][gc             ] GC(2952) Pause Young (Allocation Failure) 604M->62M(1979M) 7.023ms
[4337.224s][info][gc,cpu         ] GC(2952) User=0.02s Sys=0.00s Real=0.01s
[4337.815s][info][gc,start       ] GC(2953) Pause Young (Allocation Failure)
[4337.821s][info][gc,heap        ] GC(2953) DefNew: 563219K->8029K(629120K)
[4337.821s][info][gc,heap        ] GC(2953) Tenured: 57836K->57836K(1398144K)
[4337.821s][info][gc,metaspace   ] GC(2953) Metaspace: 91007K(98224K)->91007K(98224K) NonClass: 79636K(83632K)->79636K(83632K) Class: 11370K(14592K)->11370K(14592K)
[4337.821s][info][gc             ] GC(2953) Pause Young (Allocation Failure) 606M->64M(1979M) 6.232ms
[4337.821s][info][gc,cpu         ] GC(2953) User=0.02s Sys=0.00s Real=0.01s
[4339.610s][info][gc,start       ] GC(2954) Pause Young (Allocation Failure)
[4339.616s][info][gc,heap        ] GC(2954) DefNew: 564077K->4842K(629120K)
[4339.616s][info][gc,heap        ] GC(2954) Tenured: 57836K->57836K(1398144K)
[4339.616s][info][gc,metaspace   ] GC(2954) Metaspace: 91007K(98224K)->91007K(98224K) NonClass: 79636K(83632K)->79636K(83632K) Class: 11370K(14592K)->11370K(14592K)
[4339.616s][info][gc             ] GC(2954) Pause Young (Allocation Failure) 607M->61M(1979M) 5.878ms
[4339.616s][info][gc,cpu         ] GC(2954) User=0.00s Sys=0.00s Real=0.01s
[4342.154s][info][gc,start       ] GC(2955) Pause Young (Allocation Failure)
[4342.160s][info][gc,heap        ] GC(2955) DefNew: 564074K->5462K(629120K)
[4342.160s][info][gc,heap        ] GC(2955) Tenured: 57836K->57836K(1398144K)
[4342.160s][info][gc,metaspace   ] GC(2955) Metaspace: 91007K(98224K)->91007K(98224K) NonClass: 79636K(83632K)->79636K(83632K) Class: 11370K(14592K)->11370K(14592K)
[4342.161s][info][gc             ] GC(2955) Pause Young (Allocation Failure) 607M->61M(1979M) 6.485ms
[4342.161s][info][gc,cpu         ] GC(2955) User=0.00s Sys=0.00s Real=0.00s
[4345.288s][info][gc,start       ] GC(2956) Pause Young (Allocation Failure)
[4345.296s][info][gc,heap        ] GC(2956) DefNew: 564694K->7124K(629120K)
[4345.296s][info][gc,heap        ] GC(2956) Tenured: 57836K->57836K(1398144K)
[4345.296s][info][gc,metaspace   ] GC(2956) Metaspace: 91007K(98224K)->91007K(98224K) NonClass: 79636K(83632K)->79636K(83632K) Class: 11370K(14592K)->11370K(14592K)
[4345.296s][info][gc             ] GC(2956) Pause Young (Allocation Failure) 607M->63M(1979M) 7.290ms
[4345.296s][info][gc,cpu         ] GC(2956) User=0.00s Sys=0.00s Real=0.01s
[4346.031s][info][gc,start       ] GC(2957) Pause Young (Allocation Failure)
[4346.040s][info][gc,heap        ] GC(2957) DefNew: 565297K->16518K(629120K)
[4346.040s][info][gc,heap        ] GC(2957) Tenured: 57836K->57836K(1398144K)
[4346.040s][info][gc,metaspace   ] GC(2957) Metaspace: 91007K(98224K)->91007K(98224K) NonClass: 79636K(83632K)->79636K(83632K) Class: 11370K(14592K)->11370K(14592K)
[4346.040s][info][gc             ] GC(2957) Pause Young (Allocation Failure) 608M->72M(1979M) 9.334ms
[4346.040s][info][gc,cpu         ] GC(2957) User=0.00s Sys=0.00s Real=0.01s
[4346.896s][info][gc,start       ] GC(2958) Pause Young (Allocation Failure)
[4346.901s][info][gc,heap        ] GC(2958) DefNew: 575750K->4838K(629120K)
[4346.902s][info][gc,heap        ] GC(2958) Tenured: 57836K->57836K(1398144K)
[4346.902s][info][gc,metaspace   ] GC(2958) Metaspace: 91007K(98224K)->91007K(98224K) NonClass: 79636K(83632K)->79636K(83632K) Class: 11370K(14592K)->11370K(14592K)
[4346.902s][info][gc             ] GC(2958) Pause Young (Allocation Failure) 618M->61M(1979M) 5.495ms
[4346.902s][info][gc,cpu         ] GC(2958) User=0.00s Sys=0.00s Real=0.00s
[4349.833s][info][gc,start       ] GC(2959) Pause Young (Allocation Failure)
[4349.841s][info][gc,heap        ] GC(2959) DefNew: 564070K->7309K(629120K)
[4349.841s][info][gc,heap        ] GC(2959) Tenured: 57836K->57836K(1398144K)
[4349.841s][info][gc,metaspace   ] GC(2959) Metaspace: 91007K(98224K)->91007K(98224K) NonClass: 79636K(83632K)->79636K(83632K) Class: 11370K(14592K)->11370K(14592K)
[4349.841s][info][gc             ] GC(2959) Pause Young (Allocation Failure) 607M->63M(1979M) 7.656ms
[4349.841s][info][gc,cpu         ] GC(2959) User=0.00s Sys=0.00s Real=0.00s
[4352.272s][info][gc,start       ] GC(2960) Pause Young (Allocation Failure)
[4352.281s][info][gc,heap        ] GC(2960) DefNew: 566541K->9194K(629120K)
[4352.281s][info][gc,heap        ] GC(2960) Tenured: 57836K->57836K(1398144K)
[4352.281s][info][gc,metaspace   ] GC(2960) Metaspace: 91007K(98224K)->91007K(98224K) NonClass: 79636K(83632K)->79636K(83632K) Class: 11370K(14592K)->11370K(14592K)
[4352.281s][info][gc             ] GC(2960) Pause Young (Allocation Failure) 609M->65M(1979M) 9.628ms
[4352.281s][info][gc,cpu         ] GC(2960) User=0.00s Sys=0.00s Real=0.01s
[4353.995s][info][gc,start       ] GC(2961) Pause Young (Allocation Failure)
[4354.015s][info][gc,heap        ] GC(2961) DefNew: 568426K->11549K(629120K)
[4354.015s][info][gc,heap        ] GC(2961) Tenured: 57836K->57836K(1398144K)
[4354.015s][info][gc,metaspace   ] GC(2961) Metaspace: 91007K(98224K)->91007K(98224K) NonClass: 79636K(83632K)->79636K(83632K) Class: 11370K(14592K)->11370K(14592K)
[4354.015s][info][gc             ] GC(2961) Pause Young (Allocation Failure) 611M->67M(1979M) 19.850ms
[4354.015s][info][gc,cpu         ] GC(2961) User=0.02s Sys=0.00s Real=0.02s
[4354.485s][info][gc,start       ] GC(2962) Pause Young (Allocation Failure)
[4354.494s][info][gc,heap        ] GC(2962) DefNew: 570781K->11102K(629120K)
[4354.494s][info][gc,heap        ] GC(2962) Tenured: 57836K->57836K(1398144K)
[4354.494s][info][gc,metaspace   ] GC(2962) Metaspace: 91007K(98224K)->91007K(98224K) NonClass: 79636K(83632K)->79636K(83632K) Class: 11370K(14592K)->11370K(14592K)
[4354.494s][info][gc             ] GC(2962) Pause Young (Allocation Failure) 613M->67M(1979M) 8.882ms
[4354.494s][info][gc,cpu         ] GC(2962) User=0.02s Sys=0.00s Real=0.01s
[4357.027s][info][gc,start       ] GC(2963) Pause Young (Allocation Failure)
[4357.034s][info][gc,heap        ] GC(2963) DefNew: 566941K->6382K(629120K)
[4357.034s][info][gc,heap        ] GC(2963) Tenured: 57836K->57836K(1398144K)
[4357.034s][info][gc,metaspace   ] GC(2963) Metaspace: 91007K(98224K)->91007K(98224K) NonClass: 79636K(83632K)->79636K(83632K) Class: 11370K(14592K)->11370K(14592K)
[4357.034s][info][gc             ] GC(2963) Pause Young (Allocation Failure) 610M->62M(1979M) 7.216ms
[4357.034s][info][gc,cpu         ] GC(2963) User=0.00s Sys=0.00s Real=0.01s
[4359.386s][info][gc,start       ] GC(2964) Pause Young (Allocation Failure)
[4359.395s][info][gc,heap        ] GC(2964) DefNew: 565614K->7764K(629120K)
[4359.395s][info][gc,heap        ] GC(2964) Tenured: 57836K->58301K(1398144K)
[4359.395s][info][gc,metaspace   ] GC(2964) Metaspace: 91007K(98224K)->91007K(98224K) NonClass: 79636K(83632K)->79636K(83632K) Class: 11370K(14592K)->11370K(14592K)
[4359.395s][info][gc             ] GC(2964) Pause Young (Allocation Failure) 608M->64M(1979M) 9.118ms
[4359.395s][info][gc,cpu         ] GC(2964) User=0.00s Sys=0.00s Real=0.01s
[4361.637s][info][gc,start       ] GC(2965) Pause Young (Allocation Failure)
[4361.650s][info][gc,heap        ] GC(2965) DefNew: 566996K->8501K(629120K)
[4361.650s][info][gc,heap        ] GC(2965) Tenured: 58301K->58507K(1398144K)
[4361.650s][info][gc,metaspace   ] GC(2965) Metaspace: 91007K(98224K)->91007K(98224K) NonClass: 79636K(83632K)->79636K(83632K) Class: 11370K(14592K)->11370K(14592K)
[4361.650s][info][gc             ] GC(2965) Pause Young (Allocation Failure) 610M->65M(1979M) 12.463ms
[4361.650s][info][gc,cpu         ] GC(2965) User=0.00s Sys=0.00s Real=0.01s
[4362.390s][info][gc,start       ] GC(2966) Pause Young (Allocation Failure)
[4362.400s][info][gc,heap        ] GC(2966) DefNew: 566199K->21704K(629120K)
[4362.400s][info][gc,heap        ] GC(2966) Tenured: 58507K->58697K(1398144K)
[4362.400s][info][gc,metaspace   ] GC(2966) Metaspace: 91007K(98224K)->91007K(98224K) NonClass: 79636K(83632K)->79636K(83632K) Class: 11370K(14592K)->11370K(14592K)
[4362.400s][info][gc             ] GC(2966) Pause Young (Allocation Failure) 610M->78M(1979M) 10.405ms
[4362.400s][info][gc,cpu         ] GC(2966) User=0.00s Sys=0.00s Real=0.01s
[4364.055s][info][gc,start       ] GC(2967) Pause Young (GCLocker Initiated GC)
[4364.062s][info][gc,heap        ] GC(2967) DefNew: 580940K->6175K(629120K)
[4364.062s][info][gc,heap        ] GC(2967) Tenured: 58697K->58851K(1398144K)
[4364.062s][info][gc,metaspace   ] GC(2967) Metaspace: 91007K(98224K)->91007K(98224K) NonClass: 79636K(83632K)->79636K(83632K) Class: 11370K(14592K)->11370K(14592K)
[4364.062s][info][gc             ] GC(2967) Pause Young (GCLocker Initiated GC) 624M->63M(1979M) 6.986ms
[4364.062s][info][gc,cpu         ] GC(2967) User=0.00s Sys=0.00s Real=0.01s
[4366.304s][info][gc,start       ] GC(2968) Pause Young (Allocation Failure)
[4366.316s][info][gc,heap        ] GC(2968) DefNew: 565407K->12074K(629120K)
[4366.316s][info][gc,heap        ] GC(2968) Tenured: 58851K->58919K(1398144K)
[4366.316s][info][gc,metaspace   ] GC(2968) Metaspace: 91007K(98224K)->91007K(98224K) NonClass: 79636K(83632K)->79636K(83632K) Class: 11370K(14592K)->11370K(14592K)
[4366.316s][info][gc             ] GC(2968) Pause Young (Allocation Failure) 609M->69M(1979M) 12.434ms
[4366.316s][info][gc,cpu         ] GC(2968) User=0.02s Sys=0.00s Real=0.02s
[4367.028s][info][gc,start       ] GC(2969) Pause Young (Allocation Failure)
[4367.038s][info][gc,heap        ] GC(2969) DefNew: 568667K->13426K(629120K)
[4367.038s][info][gc,heap        ] GC(2969) Tenured: 58919K->59101K(1398144K)
[4367.038s][info][gc,metaspace   ] GC(2969) Metaspace: 91007K(98224K)->91007K(98224K) NonClass: 79636K(83632K)->79636K(83632K) Class: 11370K(14592K)->11370K(14592K)
[4367.038s][info][gc             ] GC(2969) Pause Young (Allocation Failure) 612M->70M(1979M) 9.602ms
[4367.038s][info][gc,cpu         ] GC(2969) User=0.00s Sys=0.00s Real=0.01s
[4368.769s][info][gc,start       ] GC(2970) Pause Young (Allocation Failure)
[4368.778s][info][gc,heap        ] GC(2970) DefNew: 572658K->9340K(629120K)
[4368.779s][info][gc,heap        ] GC(2970) Tenured: 59101K->59241K(1398144K)
[4368.779s][info][gc,metaspace   ] GC(2970) Metaspace: 91007K(98224K)->91007K(98224K) NonClass: 79636K(83632K)->79636K(83632K) Class: 11370K(14592K)->11370K(14592K)
[4368.779s][info][gc             ] GC(2970) Pause Young (Allocation Failure) 616M->66M(1979M) 9.644ms
[4368.779s][info][gc,cpu         ] GC(2970) User=0.02s Sys=0.00s Real=0.01s
[4371.111s][info][gc,start       ] GC(2971) Pause Young (Allocation Failure)
[4371.120s][info][gc,heap        ] GC(2971) DefNew: 567531K->7489K(629120K)
[4371.120s][info][gc,heap        ] GC(2971) Tenured: 59241K->59406K(1398144K)
[4371.120s][info][gc,metaspace   ] GC(2971) Metaspace: 91007K(98224K)->91007K(98224K) NonClass: 79636K(83632K)->79636K(83632K) Class: 11370K(14592K)->11370K(14592K)
[4371.120s][info][gc             ] GC(2971) Pause Young (Allocation Failure) 612M->65M(1979M) 9.024ms
[4371.120s][info][gc,cpu         ] GC(2971) User=0.02s Sys=0.00s Real=0.01s
[4371.664s][info][gc,start       ] GC(2972) Pause Young (Allocation Failure)
[4371.672s][info][gc,heap        ] GC(2972) DefNew: 566721K->9579K(629120K)
[4371.672s][info][gc,heap        ] GC(2972) Tenured: 59406K->59533K(1398144K)
[4371.672s][info][gc,metaspace   ] GC(2972) Metaspace: 91007K(98224K)->91007K(98224K) NonClass: 79636K(83632K)->79636K(83632K) Class: 11370K(14592K)->11370K(14592K)
[4371.672s][info][gc             ] GC(2972) Pause Young (Allocation Failure) 611M->67M(1979M) 8.419ms
[4371.672s][info][gc,cpu         ] GC(2972) User=0.00s Sys=0.00s Real=0.01s
[4373.445s][info][gc,start       ] GC(2973) Pause Young (Allocation Failure)
[4373.453s][info][gc,heap        ] GC(2973) DefNew: 568811K->6355K(629120K)
[4373.454s][info][gc,heap        ] GC(2973) Tenured: 59533K->59643K(1398144K)
[4373.454s][info][gc,metaspace   ] GC(2973) Metaspace: 91007K(98224K)->91007K(98224K) NonClass: 79636K(83632K)->79636K(83632K) Class: 11370K(14592K)->11370K(14592K)
[4373.454s][info][gc             ] GC(2973) Pause Young (Allocation Failure) 613M->64M(1979M) 8.493ms
[4373.454s][info][gc,cpu         ] GC(2973) User=0.00s Sys=0.00s Real=0.01s
[4375.754s][info][gc,start       ] GC(2974) Pause Young (Allocation Failure)
[4375.766s][info][gc,heap        ] GC(2974) DefNew: 565587K->8714K(629120K)
[4375.766s][info][gc,heap        ] GC(2974) Tenured: 59643K->59808K(1398144K)
[4375.766s][info][gc,metaspace   ] GC(2974) Metaspace: 91007K(98224K)->91007K(98224K) NonClass: 79636K(83632K)->79636K(83632K) Class: 11370K(14592K)->11370K(14592K)
[4375.766s][info][gc             ] GC(2974) Pause Young (Allocation Failure) 610M->66M(1979M) 11.448ms
[4375.766s][info][gc,cpu         ] GC(2974) User=0.00s Sys=0.00s Real=0.01s
[4376.324s][info][gc,start       ] GC(2975) Pause Young (Allocation Failure)
[4376.332s][info][gc,heap        ] GC(2975) DefNew: 567946K->9488K(629120K)
[4376.332s][info][gc,heap        ] GC(2975) Tenured: 59808K->59997K(1398144K)
[4376.332s][info][gc,metaspace   ] GC(2975) Metaspace: 91007K(98224K)->91007K(98224K) NonClass: 79636K(83632K)->79636K(83632K) Class: 11370K(14592K)->11370K(14592K)
[4376.332s][info][gc             ] GC(2975) Pause Young (Allocation Failure) 613M->67M(1979M) 8.193ms
[4376.332s][info][gc,cpu         ] GC(2975) User=0.00s Sys=0.00s Real=0.00s
[4378.141s][info][gc,start       ] GC(2976) Pause Young (Allocation Failure)
[4378.149s][info][gc,heap        ] GC(2976) DefNew: 568720K->7288K(629120K)
[4378.149s][info][gc,heap        ] GC(2976) Tenured: 59997K->60125K(1398144K)
[4378.149s][info][gc,metaspace   ] GC(2976) Metaspace: 91007K(98224K)->91007K(98224K) NonClass: 79636K(83632K)->79636K(83632K) Class: 11370K(14592K)->11370K(14592K)
[4378.149s][info][gc             ] GC(2976) Pause Young (Allocation Failure) 613M->65M(1979M) 7.640ms
[4378.149s][info][gc,cpu         ] GC(2976) User=0.00s Sys=0.00s Real=0.00s
[4380.499s][info][gc,start       ] GC(2977) Pause Young (Allocation Failure)
[4380.510s][info][gc,heap        ] GC(2977) DefNew: 566520K->8351K(629120K)
[4380.510s][info][gc,heap        ] GC(2977) Tenured: 60125K->60275K(1398144K)
[4380.510s][info][gc,metaspace   ] GC(2977) Metaspace: 91007K(98224K)->91007K(98224K) NonClass: 79636K(83632K)->79636K(83632K) Class: 11370K(14592K)->11370K(14592K)
[4380.510s][info][gc             ] GC(2977) Pause Young (Allocation Failure) 611M->67M(1979M) 10.514ms
[4380.510s][info][gc,cpu         ] GC(2977) User=0.00s Sys=0.00s Real=0.01s
[4381.363s][info][gc,start       ] GC(2978) Pause Young (Allocation Failure)
[4381.371s][info][gc,heap        ] GC(2978) DefNew: 567583K->7370K(629120K)
[4381.371s][info][gc,heap        ] GC(2978) Tenured: 60275K->60473K(1398144K)
[4381.371s][info][gc,metaspace   ] GC(2978) Metaspace: 91007K(98224K)->91007K(98224K) NonClass: 79636K(83632K)->79636K(83632K) Class: 11370K(14592K)->11370K(14592K)
[4381.371s][info][gc             ] GC(2978) Pause Young (Allocation Failure) 613M->66M(1979M) 8.312ms
[4381.371s][info][gc,cpu         ] GC(2978) User=0.02s Sys=0.00s Real=0.01s
[4381.379s][info][gc,start       ] GC(2979) Pause Full (System.gc())
[4381.381s][info][gc,phases,start] GC(2979) Phase 1: Mark live objects
[4381.434s][info][gc,phases      ] GC(2979) Phase 1: Mark live objects 53.203ms
[4381.434s][info][gc,phases,start] GC(2979) Phase 2: Compute new object addresses
[4381.447s][info][gc,phases      ] GC(2979) Phase 2: Compute new object addresses 13.123ms
[4381.447s][info][gc,phases,start] GC(2979) Phase 3: Adjust pointers
[4381.479s][info][gc,phases      ] GC(2979) Phase 3: Adjust pointers 31.425ms
[4381.479s][info][gc,phases,start] GC(2979) Phase 4: Move objects
[4381.480s][info][gc,phases      ] GC(2979) Phase 4: Move objects 1.005ms
[4381.481s][info][gc,heap        ] GC(2979) DefNew: 36008K->0K(629120K)
[4381.481s][info][gc,heap        ] GC(2979) Tenured: 60473K->65489K(1398144K)
[4381.481s][info][gc,metaspace   ] GC(2979) Metaspace: 91007K(98224K)->91007K(98224K) NonClass: 79636K(83632K)->79636K(83632K) Class: 11370K(14592K)->11370K(14592K)
[4381.481s][info][gc             ] GC(2979) Pause Full (System.gc()) 94M->63M(1979M) 101.657ms
[4381.481s][info][gc,cpu         ] GC(2979) User=0.05s Sys=0.00s Real=0.10s
[4382.189s][info][gc,start       ] GC(2980) Pause Young (Allocation Failure)
[4382.193s][info][gc,heap        ] GC(2980) DefNew: 559232K->3117K(629120K)
[4382.193s][info][gc,heap        ] GC(2980) Tenured: 65489K->65489K(1398144K)
[4382.193s][info][gc,metaspace   ] GC(2980) Metaspace: 91007K(98224K)->91007K(98224K) NonClass: 79636K(83632K)->79636K(83632K) Class: 11370K(14592K)->11370K(14592K)
[4382.193s][info][gc             ] GC(2980) Pause Young (Allocation Failure) 610M->66M(1979M) 4.443ms
[4382.193s][info][gc,cpu         ] GC(2980) User=0.02s Sys=0.00s Real=0.01s
[4384.660s][info][gc,start       ] GC(2981) Pause Young (Allocation Failure)
[4384.666s][info][gc,heap        ] GC(2981) DefNew: 560811K->4464K(629120K)
[4384.666s][info][gc,heap        ] GC(2981) Tenured: 65489K->65489K(1398144K)
[4384.666s][info][gc,metaspace   ] GC(2981) Metaspace: 91007K(98224K)->91007K(98224K) NonClass: 79636K(83632K)->79636K(83632K) Class: 11370K(14592K)->11370K(14592K)
[4384.666s][info][gc             ] GC(2981) Pause Young (Allocation Failure) 611M->68M(1979M) 5.949ms
[4384.666s][info][gc,cpu         ] GC(2981) User=0.00s Sys=0.00s Real=0.01s
[4387.020s][info][gc,start       ] GC(2982) Pause Young (Allocation Failure)
[4387.026s][info][gc,heap        ] GC(2982) DefNew: 563553K->5113K(629120K)
[4387.026s][info][gc,heap        ] GC(2982) Tenured: 65489K->65489K(1398144K)
[4387.026s][info][gc,metaspace   ] GC(2982) Metaspace: 91007K(98224K)->91007K(98224K) NonClass: 79636K(83632K)->79636K(83632K) Class: 11370K(14592K)->11370K(14592K)
[4387.026s][info][gc             ] GC(2982) Pause Young (Allocation Failure) 614M->68M(1979M) 6.387ms
[4387.026s][info][gc,cpu         ] GC(2982) User=0.00s Sys=0.00s Real=0.01s
[4389.130s][info][gc,start       ] GC(2983) Pause Young (Allocation Failure)
[4389.138s][info][gc,heap        ] GC(2983) DefNew: 564345K->6966K(629120K)
[4389.139s][info][gc,heap        ] GC(2983) Tenured: 65489K->65489K(1398144K)
[4389.139s][info][gc,metaspace   ] GC(2983) Metaspace: 91007K(98224K)->91007K(98224K) NonClass: 79636K(83632K)->79636K(83632K) Class: 11370K(14592K)->11370K(14592K)
[4389.139s][info][gc             ] GC(2983) Pause Young (Allocation Failure) 615M->70M(1979M) 8.243ms
[4389.139s][info][gc,cpu         ] GC(2983) User=0.00s Sys=0.00s Real=0.01s
[4389.740s][info][gc,start       ] GC(2984) Pause Young (Allocation Failure)
[4389.747s][info][gc,heap        ] GC(2984) DefNew: 563772K->12013K(629120K)
[4389.748s][info][gc,heap        ] GC(2984) Tenured: 65489K->65489K(1398144K)
[4389.748s][info][gc,metaspace   ] GC(2984) Metaspace: 91007K(98224K)->91007K(98224K) NonClass: 79636K(83632K)->79636K(83632K) Class: 11370K(14592K)->11370K(14592K)
[4389.748s][info][gc             ] GC(2984) Pause Young (Allocation Failure) 614M->75M(1979M) 7.510ms
[4389.748s][info][gc,cpu         ] GC(2984) User=0.00s Sys=0.00s Real=0.00s
[4391.517s][info][gc,start       ] GC(2985) Pause Young (GCLocker Initiated GC)
[4391.525s][info][gc,heap        ] GC(2985) DefNew: 571246K->6024K(629120K)
[4391.525s][info][gc,heap        ] GC(2985) Tenured: 65489K->65489K(1398144K)
[4391.525s][info][gc,metaspace   ] GC(2985) Metaspace: 91007K(98224K)->91007K(98224K) NonClass: 79636K(83632K)->79636K(83632K) Class: 11370K(14592K)->11370K(14592K)
[4391.525s][info][gc             ] GC(2985) Pause Young (GCLocker Initiated GC) 621M->69M(1979M) 7.474ms
[4391.525s][info][gc,cpu         ] GC(2985) User=0.00s Sys=0.00s Real=0.01s
[4394.038s][info][gc,start       ] GC(2986) Pause Young (Allocation Failure)
[4394.043s][info][gc,heap        ] GC(2986) DefNew: 565190K->5310K(629120K)
[4394.043s][info][gc,heap        ] GC(2986) Tenured: 65489K->65489K(1398144K)
[4394.043s][info][gc,metaspace   ] GC(2986) Metaspace: 91007K(98224K)->91007K(98224K) NonClass: 79636K(83632K)->79636K(83632K) Class: 11370K(14592K)->11370K(14592K)
[4394.044s][info][gc             ] GC(2986) Pause Young (Allocation Failure) 615M->69M(1979M) 5.346ms
[4394.044s][info][gc,cpu         ] GC(2986) User=0.00s Sys=0.00s Real=0.01s
[4397.120s][info][gc,start       ] GC(2987) Pause Young (Allocation Failure)
[4397.127s][info][gc,heap        ] GC(2987) DefNew: 564542K->6111K(629120K)
[4397.127s][info][gc,heap        ] GC(2987) Tenured: 65489K->65489K(1398144K)
[4397.127s][info][gc,metaspace   ] GC(2987) Metaspace: 91007K(98224K)->91007K(98224K) NonClass: 79636K(83632K)->79636K(83632K) Class: 11370K(14592K)->11370K(14592K)
[4397.127s][info][gc             ] GC(2987) Pause Young (Allocation Failure) 615M->69M(1979M) 6.541ms
[4397.127s][info][gc,cpu         ] GC(2987) User=0.00s Sys=0.00s Real=0.01s
[4397.889s][info][gc,start       ] GC(2988) Pause Young (GCLocker Initiated GC)
[4397.899s][info][gc,heap        ] GC(2988) DefNew: 567938K->16516K(629120K)
[4397.899s][info][gc,heap        ] GC(2988) Tenured: 65489K->65489K(1398144K)
[4397.899s][info][gc,metaspace   ] GC(2988) Metaspace: 91007K(98224K)->91007K(98224K) NonClass: 79636K(83632K)->79636K(83632K) Class: 11370K(14592K)->11370K(14592K)
[4397.899s][info][gc             ] GC(2988) Pause Young (GCLocker Initiated GC) 618M->80M(1979M) 9.636ms
[4397.899s][info][gc,cpu         ] GC(2988) User=0.00s Sys=0.00s Real=0.01s
[4398.762s][info][gc,start       ] GC(2989) Pause Young (Allocation Failure)
[4398.769s][info][gc,heap        ] GC(2989) DefNew: 575748K->5248K(629120K)
[4398.769s][info][gc,heap        ] GC(2989) Tenured: 65489K->65489K(1398144K)
[4398.769s][info][gc,metaspace   ] GC(2989) Metaspace: 91007K(98224K)->91007K(98224K) NonClass: 79636K(83632K)->79636K(83632K) Class: 11370K(14592K)->11370K(14592K)
[4398.769s][info][gc             ] GC(2989) Pause Young (Allocation Failure) 626M->69M(1979M) 7.009ms
[4398.769s][info][gc,cpu         ] GC(2989) User=0.00s Sys=0.00s Real=0.01s
[4401.904s][info][gc,start       ] GC(2990) Pause Young (Allocation Failure)
[4401.911s][info][gc,heap        ] GC(2990) DefNew: 564480K->6958K(629120K)
[4401.912s][info][gc,heap        ] GC(2990) Tenured: 65489K->65489K(1398144K)
[4401.912s][info][gc,metaspace   ] GC(2990) Metaspace: 91007K(98224K)->91007K(98224K) NonClass: 79636K(83632K)->79636K(83632K) Class: 11370K(14592K)->11370K(14592K)
[4401.912s][info][gc             ] GC(2990) Pause Young (Allocation Failure) 615M->70M(1979M) 7.632ms
[4401.912s][info][gc,cpu         ] GC(2990) User=0.00s Sys=0.00s Real=0.01s
[4404.363s][info][gc,start       ] GC(2991) Pause Young (Allocation Failure)
[4404.370s][info][gc,heap        ] GC(2991) DefNew: 562323K->6349K(629120K)
[4404.370s][info][gc,heap        ] GC(2991) Tenured: 65489K->65489K(1398144K)
[4404.370s][info][gc,metaspace   ] GC(2991) Metaspace: 91007K(98224K)->91007K(98224K) NonClass: 79636K(83632K)->79636K(83632K) Class: 11370K(14592K)->11370K(14592K)
[4404.370s][info][gc             ] GC(2991) Pause Young (Allocation Failure) 613M->70M(1979M) 7.674ms
[4404.371s][info][gc,cpu         ] GC(2991) User=0.02s Sys=0.00s Real=0.01s
[4406.014s][info][gc,start       ] GC(2992) Pause Young (Allocation Failure)
[4406.036s][info][gc,heap        ] GC(2992) DefNew: 565581K->11820K(629120K)
[4406.036s][info][gc,heap        ] GC(2992) Tenured: 65489K->65489K(1398144K)
[4406.036s][info][gc,metaspace   ] GC(2992) Metaspace: 91007K(98224K)->91007K(98224K) NonClass: 79636K(83632K)->79636K(83632K) Class: 11370K(14592K)->11370K(14592K)
[4406.036s][info][gc             ] GC(2992) Pause Young (Allocation Failure) 616M->75M(1979M) 21.799ms
[4406.036s][info][gc,cpu         ] GC(2992) User=0.02s Sys=0.00s Real=0.03s
[4406.664s][info][gc,start       ] GC(2993) Pause Young (Allocation Failure)
[4406.670s][info][gc,heap        ] GC(2993) DefNew: 569757K->8519K(629120K)
[4406.670s][info][gc,heap        ] GC(2993) Tenured: 65489K->65489K(1398144K)
[4406.670s][info][gc,metaspace   ] GC(2993) Metaspace: 91007K(98224K)->91007K(98224K) NonClass: 79636K(83632K)->79636K(83632K) Class: 11370K(14592K)->11370K(14592K)
[4406.670s][info][gc             ] GC(2993) Pause Young (Allocation Failure) 620M->72M(1979M) 6.735ms
[4406.670s][info][gc,cpu         ] GC(2993) User=0.00s Sys=0.00s Real=0.00s
[4409.078s][info][gc,start       ] GC(2994) Pause Young (Allocation Failure)
[4409.088s][info][gc,heap        ] GC(2994) DefNew: 567751K->8030K(629120K)
[4409.088s][info][gc,heap        ] GC(2994) Tenured: 65489K->65489K(1398144K)
[4409.088s][info][gc,metaspace   ] GC(2994) Metaspace: 91007K(98224K)->91007K(98224K) NonClass: 79636K(83632K)->79636K(83632K) Class: 11370K(14592K)->11370K(14592K)
[4409.088s][info][gc             ] GC(2994) Pause Young (Allocation Failure) 618M->71M(1979M) 9.578ms
[4409.088s][info][gc,cpu         ] GC(2994) User=0.02s Sys=0.00s Real=0.01s
[4411.556s][info][gc,start       ] GC(2995) Pause Young (Allocation Failure)
[4411.563s][info][gc,heap        ] GC(2995) DefNew: 565570K->6227K(629120K)
[4411.563s][info][gc,heap        ] GC(2995) Tenured: 65489K->66021K(1398144K)
[4411.564s][info][gc,metaspace   ] GC(2995) Metaspace: 91007K(98224K)->91007K(98224K) NonClass: 79636K(83632K)->79636K(83632K) Class: 11370K(14592K)->11370K(14592K)
[4411.564s][info][gc             ] GC(2995) Pause Young (Allocation Failure) 616M->70M(1979M) 7.362ms
[4411.564s][info][gc,cpu         ] GC(2995) User=0.00s Sys=0.00s Real=0.00s
[4413.749s][info][gc,start       ] GC(2996) Pause Young (Allocation Failure)
[4413.760s][info][gc,heap        ] GC(2996) DefNew: 565459K->10806K(629120K)
[4413.760s][info][gc,heap        ] GC(2996) Tenured: 66021K->66232K(1398144K)
[4413.760s][info][gc,metaspace   ] GC(2996) Metaspace: 91007K(98224K)->91007K(98224K) NonClass: 79636K(83632K)->79636K(83632K) Class: 11370K(14592K)->11370K(14592K)
[4413.760s][info][gc             ] GC(2996) Pause Young (Allocation Failure) 616M->75M(1979M) 11.469ms
[4413.760s][info][gc,cpu         ] GC(2996) User=0.00s Sys=0.00s Real=0.01s
[4414.492s][info][gc,start       ] GC(2997) Pause Young (Allocation Failure)
[4414.501s][info][gc,heap        ] GC(2997) DefNew: 569316K->17606K(629120K)
[4414.501s][info][gc,heap        ] GC(2997) Tenured: 66232K->66417K(1398144K)
[4414.501s][info][gc,metaspace   ] GC(2997) Metaspace: 91007K(98224K)->91007K(98224K) NonClass: 79636K(83632K)->79636K(83632K) Class: 11370K(14592K)->11370K(14592K)
[4414.501s][info][gc             ] GC(2997) Pause Young (Allocation Failure) 620M->82M(1979M) 9.135ms
[4414.501s][info][gc,cpu         ] GC(2997) User=0.02s Sys=0.00s Real=0.01s
[4416.282s][info][gc,start       ] GC(2998) Pause Young (Allocation Failure)
[4416.291s][info][gc,heap        ] GC(2998) DefNew: 576402K->5938K(629120K)
[4416.291s][info][gc,heap        ] GC(2998) Tenured: 66417K->66572K(1398144K)
[4416.291s][info][gc,metaspace   ] GC(2998) Metaspace: 91007K(98224K)->91007K(98224K) NonClass: 79636K(83632K)->79636K(83632K) Class: 11370K(14592K)->11370K(14592K)
[4416.291s][info][gc             ] GC(2998) Pause Young (Allocation Failure) 627M->70M(1979M) 8.473ms
[4416.291s][info][gc,cpu         ] GC(2998) User=0.02s Sys=0.00s Real=0.01s
[4418.549s][info][gc,start       ] GC(2999) Pause Young (Allocation Failure)
[4418.558s][info][gc,heap        ] GC(2999) DefNew: 563067K->7707K(629120K)
[4418.558s][info][gc,heap        ] GC(2999) Tenured: 66572K->66638K(1398144K)
[4418.558s][info][gc,metaspace   ] GC(2999) Metaspace: 91007K(98224K)->91007K(98224K) NonClass: 79636K(83632K)->79636K(83632K) Class: 11370K(14592K)->11370K(14592K)
[4418.558s][info][gc             ] GC(2999) Pause Young (Allocation Failure) 614M->72M(1979M) 9.400ms
[4418.558s][info][gc,cpu         ] GC(2999) User=0.02s Sys=0.00s Real=0.01s
[4419.204s][info][gc,start       ] GC(3000) Pause Young (Allocation Failure)
[4419.213s][info][gc,heap        ] GC(3000) DefNew: 565495K->9150K(629120K)
[4419.213s][info][gc,heap        ] GC(3000) Tenured: 66638K->66823K(1398144K)
[4419.213s][info][gc,metaspace   ] GC(3000) Metaspace: 91007K(98224K)->91007K(98224K) NonClass: 79636K(83632K)->79636K(83632K) Class: 11370K(14592K)->11370K(14592K)
[4419.213s][info][gc             ] GC(3000) Pause Young (Allocation Failure) 617M->74M(1979M) 8.592ms
[4419.213s][info][gc,cpu         ] GC(3000) User=0.02s Sys=0.00s Real=0.01s
[4421.089s][info][gc,start       ] GC(3001) Pause Young (GCLocker Initiated GC)
[4421.098s][info][gc,heap        ] GC(3001) DefNew: 568386K->6511K(629120K)
[4421.098s][info][gc,heap        ] GC(3001) Tenured: 66823K->66967K(1398144K)
[4421.098s][info][gc,metaspace   ] GC(3001) Metaspace: 91007K(98224K)->91007K(98224K) NonClass: 79636K(83632K)->79636K(83632K) Class: 11370K(14592K)->11370K(14592K)
[4421.098s][info][gc             ] GC(3001) Pause Young (GCLocker Initiated GC) 620M->71M(1979M) 9.037ms
[4421.098s][info][gc,cpu         ] GC(3001) User=0.00s Sys=0.00s Real=0.01s
[4423.344s][info][gc,start       ] GC(3002) Pause Young (Allocation Failure)
[4423.355s][info][gc,heap        ] GC(3002) DefNew: 565743K->8204K(629120K)
[4423.355s][info][gc,heap        ] GC(3002) Tenured: 66967K->67130K(1398144K)
[4423.355s][info][gc,metaspace   ] GC(3002) Metaspace: 91007K(98224K)->91007K(98224K) NonClass: 79636K(83632K)->79636K(83632K) Class: 11370K(14592K)->11370K(14592K)
[4423.355s][info][gc             ] GC(3002) Pause Young (Allocation Failure) 617M->73M(1979M) 10.383ms
[4423.355s][info][gc,cpu         ] GC(3002) User=0.02s Sys=0.00s Real=0.01s
[4423.898s][info][gc,start       ] GC(3003) Pause Young (Allocation Failure)
[4423.906s][info][gc,heap        ] GC(3003) DefNew: 567395K->9312K(629120K)
[4423.906s][info][gc,heap        ] GC(3003) Tenured: 67130K->67255K(1398144K)
[4423.906s][info][gc,metaspace   ] GC(3003) Metaspace: 91007K(98224K)->91007K(98224K) NonClass: 79636K(83632K)->79636K(83632K) Class: 11370K(14592K)->11370K(14592K)
[4423.906s][info][gc             ] GC(3003) Pause Young (Allocation Failure) 619M->74M(1979M) 8.427ms
[4423.906s][info][gc,cpu         ] GC(3003) User=0.00s Sys=0.00s Real=0.01s
[4425.787s][info][gc,start       ] GC(3004) Pause Young (Allocation Failure)
[4425.796s][info][gc,heap        ] GC(3004) DefNew: 568544K->6066K(629120K)
[4425.796s][info][gc,heap        ] GC(3004) Tenured: 67255K->67389K(1398144K)
[4425.796s][info][gc,metaspace   ] GC(3004) Metaspace: 91007K(98224K)->91007K(98224K) NonClass: 79636K(83632K)->79636K(83632K) Class: 11370K(14592K)->11370K(14592K)
[4425.796s][info][gc             ] GC(3004) Pause Young (Allocation Failure) 620M->71M(1979M) 8.913ms
[4425.796s][info][gc,cpu         ] GC(3004) User=0.02s Sys=0.00s Real=0.01s
[4427.879s][info][gc,start       ] GC(3005) Pause Young (Allocation Failure)
[4427.889s][info][gc,heap        ] GC(3005) DefNew: 565298K->8600K(629120K)
[4427.889s][info][gc,heap        ] GC(3005) Tenured: 67389K->67535K(1398144K)
[4427.889s][info][gc,metaspace   ] GC(3005) Metaspace: 91007K(98224K)->91007K(98224K) NonClass: 79636K(83632K)->79636K(83632K) Class: 11370K(14592K)->11370K(14592K)
[4427.889s][info][gc             ] GC(3005) Pause Young (Allocation Failure) 617M->74M(1979M) 10.636ms
[4427.890s][info][gc,cpu         ] GC(3005) User=0.00s Sys=0.00s Real=0.01s
[4428.441s][info][gc,start       ] GC(3006) Pause Young (Allocation Failure)
[4428.449s][info][gc,heap        ] GC(3006) DefNew: 566954K->8823K(629120K)
[4428.450s][info][gc,heap        ] GC(3006) Tenured: 67535K->67731K(1398144K)
[4428.450s][info][gc,metaspace   ] GC(3006) Metaspace: 91007K(98224K)->91007K(98224K) NonClass: 79636K(83632K)->79636K(83632K) Class: 11370K(14592K)->11370K(14592K)
[4428.450s][info][gc             ] GC(3006) Pause Young (Allocation Failure) 619M->74M(1979M) 9.019ms
[4428.450s][info][gc,cpu         ] GC(3006) User=0.02s Sys=0.00s Real=0.01s
[4430.339s][info][gc,start       ] GC(3007) Pause Young (Allocation Failure)
[4430.347s][info][gc,heap        ] GC(3007) DefNew: 568055K->6155K(629120K)
[4430.347s][info][gc,heap        ] GC(3007) Tenured: 67731K->67851K(1398144K)
[4430.347s][info][gc,metaspace   ] GC(3007) Metaspace: 91007K(98224K)->91007K(98224K) NonClass: 79636K(83632K)->79636K(83632K) Class: 11370K(14592K)->11370K(14592K)
[4430.347s][info][gc             ] GC(3007) Pause Young (Allocation Failure) 620M->72M(1979M) 8.622ms
[4430.347s][info][gc,cpu         ] GC(3007) User=0.00s Sys=0.00s Real=0.01s
[4432.587s][info][gc,start       ] GC(3008) Pause Young (Allocation Failure)
[4432.600s][info][gc,heap        ] GC(3008) DefNew: 565387K->8905K(629120K)
[4432.600s][info][gc,heap        ] GC(3008) Tenured: 67851K->67937K(1398144K)
[4432.600s][info][gc,metaspace   ] GC(3008) Metaspace: 91007K(98224K)->91007K(98224K) NonClass: 79636K(83632K)->79636K(83632K) Class: 11370K(14592K)->11370K(14592K)
[4432.600s][info][gc             ] GC(3008) Pause Young (Allocation Failure) 618M->75M(1979M) 13.352ms
[4432.600s][info][gc,cpu         ] GC(3008) User=0.00s Sys=0.00s Real=0.02s
[4433.469s][info][gc,start       ] GC(3009) Pause Young (Allocation Failure)
[4433.476s][info][gc,heap        ] GC(3009) DefNew: 568137K->6823K(629120K)
[4433.476s][info][gc,heap        ] GC(3009) Tenured: 67937K->68133K(1398144K)
[4433.476s][info][gc,metaspace   ] GC(3009) Metaspace: 91007K(98224K)->91007K(98224K) NonClass: 79636K(83632K)->79636K(83632K) Class: 11370K(14592K)->11370K(14592K)
[4433.476s][info][gc             ] GC(3009) Pause Young (Allocation Failure) 621M->73M(1979M) 7.667ms
[4433.476s][info][gc,cpu         ] GC(3009) User=0.00s Sys=0.00s Real=0.00s
[4433.487s][info][gc,start       ] GC(3010) Pause Full (System.gc())
[4433.490s][info][gc,phases,start] GC(3010) Phase 1: Mark live objects
[4433.547s][info][gc,phases      ] GC(3010) Phase 1: Mark live objects 57.024ms
[4433.547s][info][gc,phases,start] GC(3010) Phase 2: Compute new object addresses
[4433.558s][info][gc,phases      ] GC(3010) Phase 2: Compute new object addresses 11.518ms
[4433.558s][info][gc,phases,start] GC(3010) Phase 3: Adjust pointers
[4433.589s][info][gc,phases      ] GC(3010) Phase 3: Adjust pointers 30.617ms
[4433.589s][info][gc,phases,start] GC(3010) Phase 4: Move objects
[4433.590s][info][gc,phases      ] GC(3010) Phase 4: Move objects 1.278ms
[4433.591s][info][gc,heap        ] GC(3010) DefNew: 20429K->0K(629120K)
[4433.591s][info][gc,heap        ] GC(3010) Tenured: 68133K->72592K(1398144K)
[4433.591s][info][gc,metaspace   ] GC(3010) Metaspace: 91007K(98224K)->91007K(98224K) NonClass: 79636K(83632K)->79636K(83632K) Class: 11370K(14592K)->11370K(14592K)
[4433.591s][info][gc             ] GC(3010) Pause Full (System.gc()) 86M->70M(1979M) 104.357ms
[4433.591s][info][gc,cpu         ] GC(3010) User=0.09s Sys=0.00s Real=0.11s
[4434.168s][info][gc,start       ] GC(3011) Pause Young (Allocation Failure)
[4434.172s][info][gc,heap        ] GC(3011) DefNew: 557278K->3061K(629120K)
[4434.172s][info][gc,heap        ] GC(3011) Tenured: 72592K->72592K(1398144K)
[4434.172s][info][gc,metaspace   ] GC(3011) Metaspace: 91007K(98224K)->91007K(98224K) NonClass: 79636K(83632K)->79636K(83632K) Class: 11370K(14592K)->11370K(14592K)
[4434.172s][info][gc             ] GC(3011) Pause Young (Allocation Failure) 615M->73M(1979M) 4.037ms
[4434.172s][info][gc,cpu         ] GC(3011) User=0.00s Sys=0.00s Real=0.00s
[4436.620s][info][gc,start       ] GC(3012) Pause Young (Allocation Failure)
[4436.626s][info][gc,heap        ] GC(3012) DefNew: 560654K->4396K(629120K)
[4436.626s][info][gc,heap        ] GC(3012) Tenured: 72592K->72592K(1398144K)
[4436.626s][info][gc,metaspace   ] GC(3012) Metaspace: 91007K(98224K)->91007K(98224K) NonClass: 79636K(83632K)->79636K(83632K) Class: 11370K(14592K)->11370K(14592K)
[4436.626s][info][gc             ] GC(3012) Pause Young (Allocation Failure) 618M->75M(1979M) 5.452ms
[4436.626s][info][gc,cpu         ] GC(3012) User=0.00s Sys=0.00s Real=0.01s
[4439.023s][info][gc,start       ] GC(3013) Pause Young (Allocation Failure)
[4439.030s][info][gc,heap        ] GC(3013) DefNew: 562676K->5129K(629120K)
[4439.030s][info][gc,heap        ] GC(3013) Tenured: 72592K->72592K(1398144K)
[4439.030s][info][gc,metaspace   ] GC(3013) Metaspace: 91007K(98224K)->91007K(98224K) NonClass: 79636K(83632K)->79636K(83632K) Class: 11370K(14592K)->11370K(14592K)
[4439.030s][info][gc             ] GC(3013) Pause Young (Allocation Failure) 620M->75M(1979M) 6.953ms
[4439.030s][info][gc,cpu         ] GC(3013) User=0.00s Sys=0.00s Real=0.01s
[4441.181s][info][gc,start       ] GC(3014) Pause Young (Allocation Failure)
[4441.188s][info][gc,heap        ] GC(3014) DefNew: 564361K->6671K(629120K)
[4441.188s][info][gc,heap        ] GC(3014) Tenured: 72592K->72592K(1398144K)
[4441.188s][info][gc,metaspace   ] GC(3014) Metaspace: 91007K(98224K)->91007K(98224K) NonClass: 79636K(83632K)->79636K(83632K) Class: 11370K(14592K)->11370K(14592K)
[4441.188s][info][gc             ] GC(3014) Pause Young (Allocation Failure) 622M->77M(1979M) 7.510ms
[4441.188s][info][gc,cpu         ] GC(3014) User=0.00s Sys=0.00s Real=0.01s
[4441.797s][info][gc,start       ] GC(3015) Pause Young (Allocation Failure)
[4441.805s][info][gc,heap        ] GC(3015) DefNew: 562529K->16956K(629120K)
[4441.805s][info][gc,heap        ] GC(3015) Tenured: 72592K->72592K(1398144K)
[4441.805s][info][gc,metaspace   ] GC(3015) Metaspace: 91007K(98224K)->91007K(98224K) NonClass: 79636K(83632K)->79636K(83632K) Class: 11370K(14592K)->11370K(14592K)
[4441.805s][info][gc             ] GC(3015) Pause Young (Allocation Failure) 620M->87M(1979M) 7.694ms
[4441.805s][info][gc,cpu         ] GC(3015) User=0.00s Sys=0.00s Real=0.00s
[4443.592s][info][gc,start       ] GC(3016) Pause Young (Allocation Failure)
[4443.598s][info][gc,heap        ] GC(3016) DefNew: 576188K->5195K(629120K)
[4443.598s][info][gc,heap        ] GC(3016) Tenured: 72592K->72592K(1398144K)
[4443.598s][info][gc,metaspace   ] GC(3016) Metaspace: 91007K(98224K)->91007K(98224K) NonClass: 79636K(83632K)->79636K(83632K) Class: 11370K(14592K)->11370K(14592K)
[4443.598s][info][gc             ] GC(3016) Pause Young (Allocation Failure) 633M->75M(1979M) 6.556ms
[4443.598s][info][gc,cpu         ] GC(3016) User=0.00s Sys=0.00s Real=0.01s
[4446.159s][info][gc,start       ] GC(3017) Pause Young (Allocation Failure)
[4446.164s][info][gc,heap        ] GC(3017) DefNew: 564427K->5179K(629120K)
[4446.164s][info][gc,heap        ] GC(3017) Tenured: 72592K->72592K(1398144K)
[4446.164s][info][gc,metaspace   ] GC(3017) Metaspace: 91007K(98224K)->91007K(98224K) NonClass: 79636K(83632K)->79636K(83632K) Class: 11370K(14592K)->11370K(14592K)
[4446.164s][info][gc             ] GC(3017) Pause Young (Allocation Failure) 622M->75M(1979M) 5.721ms
[4446.165s][info][gc,cpu         ] GC(3017) User=0.00s Sys=0.00s Real=0.00s
[4449.253s][info][gc,start       ] GC(3018) Pause Young (Allocation Failure)
[4449.260s][info][gc,heap        ] GC(3018) DefNew: 563715K->6372K(629120K)
[4449.260s][info][gc,heap        ] GC(3018) Tenured: 72592K->72592K(1398144K)
[4449.260s][info][gc,metaspace   ] GC(3018) Metaspace: 91007K(98224K)->91007K(98224K) NonClass: 79636K(83632K)->79636K(83632K) Class: 11370K(14592K)->11370K(14592K)
[4449.260s][info][gc             ] GC(3018) Pause Young (Allocation Failure) 621M->77M(1979M) 7.072ms
[4449.260s][info][gc,cpu         ] GC(3018) User=0.00s Sys=0.00s Real=0.01s
[4450.000s][info][gc,start       ] GC(3019) Pause Young (Allocation Failure)
[4450.010s][info][gc,heap        ] GC(3019) DefNew: 561736K->20639K(629120K)
[4450.010s][info][gc,heap        ] GC(3019) Tenured: 72592K->72592K(1398144K)
[4450.010s][info][gc,metaspace   ] GC(3019) Metaspace: 91007K(98224K)->91007K(98224K) NonClass: 79636K(83632K)->79636K(83632K) Class: 11370K(14592K)->11370K(14592K)
[4450.010s][info][gc             ] GC(3019) Pause Young (Allocation Failure) 619M->91M(1979M) 10.448ms
[4450.010s][info][gc,cpu         ] GC(3019) User=0.02s Sys=0.00s Real=0.01s
[4450.866s][info][gc,start       ] GC(3020) Pause Young (Allocation Failure)
[4450.872s][info][gc,heap        ] GC(3020) DefNew: 579871K->5186K(629120K)
[4450.872s][info][gc,heap        ] GC(3020) Tenured: 72592K->72592K(1398144K)
[4450.872s][info][gc,metaspace   ] GC(3020) Metaspace: 91007K(98224K)->91007K(98224K) NonClass: 79636K(83632K)->79636K(83632K) Class: 11370K(14592K)->11370K(14592K)
[4450.872s][info][gc             ] GC(3020) Pause Young (Allocation Failure) 637M->75M(1979M) 6.380ms
[4450.872s][info][gc,cpu         ] GC(3020) User=0.02s Sys=0.00s Real=0.01s
[4453.848s][info][gc,start       ] GC(3021) Pause Young (Allocation Failure)
[4453.858s][info][gc,heap        ] GC(3021) DefNew: 564418K->7097K(629120K)
[4453.858s][info][gc,heap        ] GC(3021) Tenured: 72592K->72592K(1398144K)
[4453.858s][info][gc,metaspace   ] GC(3021) Metaspace: 91007K(98224K)->91007K(98224K) NonClass: 79636K(83632K)->79636K(83632K) Class: 11370K(14592K)->11370K(14592K)
[4453.858s][info][gc             ] GC(3021) Pause Young (Allocation Failure) 622M->77M(1979M) 9.699ms
[4453.858s][info][gc,cpu         ] GC(3021) User=0.02s Sys=0.00s Real=0.01s
[4456.402s][info][gc,start       ] GC(3022) Pause Young (Allocation Failure)
[4456.412s][info][gc,heap        ] GC(3022) DefNew: 566329K->9437K(629120K)
[4456.412s][info][gc,heap        ] GC(3022) Tenured: 72592K->72592K(1398144K)
[4456.412s][info][gc,metaspace   ] GC(3022) Metaspace: 91007K(98224K)->91007K(98224K) NonClass: 79636K(83632K)->79636K(83632K) Class: 11370K(14592K)->11370K(14592K)
[4456.412s][info][gc             ] GC(3022) Pause Young (Allocation Failure) 623M->80M(1979M) 10.058ms
[4456.412s][info][gc,cpu         ] GC(3022) User=0.00s Sys=0.00s Real=0.01s
[4458.271s][info][gc,start       ] GC(3023) Pause Young (Allocation Failure)
[4458.291s][info][gc,heap        ] GC(3023) DefNew: 568669K->11426K(629120K)
[4458.291s][info][gc,heap        ] GC(3023) Tenured: 72592K->72592K(1398144K)
[4458.291s][info][gc,metaspace   ] GC(3023) Metaspace: 91007K(98224K)->91007K(98224K) NonClass: 79636K(83632K)->79636K(83632K) Class: 11370K(14592K)->11370K(14592K)
[4458.291s][info][gc             ] GC(3023) Pause Young (Allocation Failure) 626M->82M(1979M) 19.383ms
[4458.291s][info][gc,cpu         ] GC(3023) User=0.00s Sys=0.00s Real=0.01s
[4458.777s][info][gc,start       ] GC(3024) Pause Young (Allocation Failure)
[4458.788s][info][gc,heap        ] GC(3024) DefNew: 570637K->10677K(629120K)
[4458.788s][info][gc,heap        ] GC(3024) Tenured: 72592K->72592K(1398144K)
[4458.788s][info][gc,metaspace   ] GC(3024) Metaspace: 91007K(98224K)->91007K(98224K) NonClass: 79636K(83632K)->79636K(83632K) Class: 11370K(14592K)->11370K(14592K)
[4458.788s][info][gc             ] GC(3024) Pause Young (Allocation Failure) 628M->81M(1979M) 10.607ms
[4458.788s][info][gc,cpu         ] GC(3024) User=0.00s Sys=0.00s Real=0.01s
[4461.554s][info][gc,start       ] GC(3025) Pause Young (Allocation Failure)
[4461.562s][info][gc,heap        ] GC(3025) DefNew: 566936K->6502K(629120K)
[4461.562s][info][gc,heap        ] GC(3025) Tenured: 72592K->72592K(1398144K)
[4461.562s][info][gc,metaspace   ] GC(3025) Metaspace: 91007K(98224K)->91007K(98224K) NonClass: 79636K(83632K)->79636K(83632K) Class: 11370K(14592K)->11370K(14592K)
[4461.562s][info][gc             ] GC(3025) Pause Young (Allocation Failure) 624M->77M(1979M) 7.966ms
[4461.562s][info][gc,cpu         ] GC(3025) User=0.02s Sys=0.00s Real=0.01s
[4463.972s][info][gc,start       ] GC(3026) Pause Young (Allocation Failure)
[4463.981s][info][gc,heap        ] GC(3026) DefNew: 565734K->8535K(629120K)
[4463.981s][info][gc,heap        ] GC(3026) Tenured: 72592K->73058K(1398144K)
[4463.981s][info][gc,metaspace   ] GC(3026) Metaspace: 91007K(98224K)->91007K(98224K) NonClass: 79636K(83632K)->79636K(83632K) Class: 11370K(14592K)->11370K(14592K)
[4463.981s][info][gc             ] GC(3026) Pause Young (Allocation Failure) 623M->79M(1979M) 8.378ms
[4463.981s][info][gc,cpu         ] GC(3026) User=0.00s Sys=0.00s Real=0.01s
[4466.369s][info][gc,start       ] GC(3027) Pause Young (Allocation Failure)
[4466.381s][info][gc,heap        ] GC(3027) DefNew: 567767K->8165K(629120K)
[4466.381s][info][gc,heap        ] GC(3027) Tenured: 73058K->73247K(1398144K)
[4466.381s][info][gc,metaspace   ] GC(3027) Metaspace: 91007K(98224K)->91007K(98224K) NonClass: 79636K(83632K)->79636K(83632K) Class: 11370K(14592K)->11370K(14592K)
[4466.381s][info][gc             ] GC(3027) Pause Young (Allocation Failure) 625M->79M(1979M) 11.595ms
[4466.381s][info][gc,cpu         ] GC(3027) User=0.00s Sys=0.00s Real=0.02s
[4467.158s][info][gc,start       ] GC(3028) Pause Young (Allocation Failure)
[4467.168s][info][gc,heap        ] GC(3028) DefNew: 565121K->25458K(629120K)
[4467.168s][info][gc,heap        ] GC(3028) Tenured: 73247K->73437K(1398144K)
[4467.168s][info][gc,metaspace   ] GC(3028) Metaspace: 91007K(98224K)->91007K(98224K) NonClass: 79636K(83632K)->79636K(83632K) Class: 11370K(14592K)->11370K(14592K)
[4467.168s][info][gc             ] GC(3028) Pause Young (Allocation Failure) 623M->96M(1979M) 10.032ms
[4467.168s][info][gc,cpu         ] GC(3028) User=0.00s Sys=0.00s Real=0.01s
[4468.669s][info][gc,start       ] GC(3029) Pause Young (Allocation Failure)
[4468.676s][info][gc,heap        ] GC(3029) DefNew: 584690K->6237K(629120K)
[4468.676s][info][gc,heap        ] GC(3029) Tenured: 73437K->73590K(1398144K)
[4468.676s][info][gc,metaspace   ] GC(3029) Metaspace: 91007K(98224K)->91007K(98224K) NonClass: 79636K(83632K)->79636K(83632K) Class: 11370K(14592K)->11370K(14592K)
[4468.676s][info][gc             ] GC(3029) Pause Young (Allocation Failure) 642M->77M(1979M) 7.670ms
[4468.676s][info][gc,cpu         ] GC(3029) User=0.00s Sys=0.00s Real=0.01s
[4470.970s][info][gc,start       ] GC(3030) Pause Young (Allocation Failure)
[4470.982s][info][gc,heap        ] GC(3030) DefNew: 565469K->8620K(629120K)
[4470.982s][info][gc,heap        ] GC(3030) Tenured: 73590K->73656K(1398144K)
[4470.982s][info][gc,metaspace   ] GC(3030) Metaspace: 91007K(98224K)->91007K(98224K) NonClass: 79636K(83632K)->79636K(83632K) Class: 11370K(14592K)->11370K(14592K)
[4470.982s][info][gc             ] GC(3030) Pause Young (Allocation Failure) 624M->80M(1979M) 11.691ms
[4470.982s][info][gc,cpu         ] GC(3030) User=0.00s Sys=0.00s Real=0.01s
[4471.816s][info][gc,start       ] GC(3031) Pause Young (Allocation Failure)
[4471.826s][info][gc,heap        ] GC(3031) DefNew: 566910K->18099K(629120K)
[4471.826s][info][gc,heap        ] GC(3031) Tenured: 73656K->73846K(1398144K)
[4471.826s][info][gc,metaspace   ] GC(3031) Metaspace: 91007K(98224K)->91007K(98224K) NonClass: 79636K(83632K)->79636K(83632K) Class: 11370K(14592K)->11370K(14592K)
[4471.826s][info][gc             ] GC(3031) Pause Young (Allocation Failure) 625M->89M(1979M) 9.584ms
[4471.826s][info][gc,cpu         ] GC(3031) User=0.00s Sys=0.00s Real=0.01s
[4473.629s][info][gc,start       ] GC(3032) Pause Young (Allocation Failure)
[4473.635s][info][gc,heap        ] GC(3032) DefNew: 576451K->5561K(629120K)
[4473.635s][info][gc,heap        ] GC(3032) Tenured: 73846K->73985K(1398144K)
[4473.635s][info][gc,metaspace   ] GC(3032) Metaspace: 91007K(98224K)->91007K(98224K) NonClass: 79636K(83632K)->79636K(83632K) Class: 11370K(14592K)->11370K(14592K)
[4473.635s][info][gc             ] GC(3032) Pause Young (Allocation Failure) 635M->77M(1979M) 6.509ms
[4473.636s][info][gc,cpu         ] GC(3032) User=0.00s Sys=0.00s Real=0.01s
[4476.020s][info][gc,start       ] GC(3033) Pause Young (Allocation Failure)
[4476.032s][info][gc,heap        ] GC(3033) DefNew: 564793K->8391K(629120K)
[4476.032s][info][gc,heap        ] GC(3033) Tenured: 73985K->74146K(1398144K)
[4476.032s][info][gc,metaspace   ] GC(3033) Metaspace: 91007K(98224K)->91007K(98224K) NonClass: 79636K(83632K)->79636K(83632K) Class: 11370K(14592K)->11370K(14592K)
[4476.032s][info][gc             ] GC(3033) Pause Young (Allocation Failure) 623M->80M(1979M) 11.899ms
[4476.032s][info][gc,cpu         ] GC(3033) User=0.00s Sys=0.00s Real=0.01s
[4476.590s][info][gc,start       ] GC(3034) Pause Young (Allocation Failure)
[4476.598s][info][gc,heap        ] GC(3034) DefNew: 564367K->17774K(629120K)
[4476.599s][info][gc,heap        ] GC(3034) Tenured: 74146K->74273K(1398144K)
[4476.599s][info][gc,metaspace   ] GC(3034) Metaspace: 91007K(98224K)->91007K(98224K) NonClass: 79636K(83632K)->79636K(83632K) Class: 11370K(14592K)->11370K(14592K)
[4476.599s][info][gc             ] GC(3034) Pause Young (Allocation Failure) 623M->89M(1979M) 8.107ms
[4476.599s][info][gc,cpu         ] GC(3034) User=0.00s Sys=0.00s Real=0.00s
[4478.432s][info][gc,start       ] GC(3035) Pause Young (Allocation Failure)
[4478.440s][info][gc,heap        ] GC(3035) DefNew: 577006K->7419K(629120K)
[4478.440s][info][gc,heap        ] GC(3035) Tenured: 74273K->74385K(1398144K)
[4478.440s][info][gc,metaspace   ] GC(3035) Metaspace: 91007K(98224K)->91007K(98224K) NonClass: 79636K(83632K)->79636K(83632K) Class: 11370K(14592K)->11370K(14592K)
[4478.440s][info][gc             ] GC(3035) Pause Young (Allocation Failure) 636M->79M(1979M) 7.795ms
[4478.440s][info][gc,cpu         ] GC(3035) User=0.00s Sys=0.00s Real=0.01s
[4480.581s][info][gc,start       ] GC(3036) Pause Young (Allocation Failure)
[4480.590s][info][gc,heap        ] GC(3036) DefNew: 566651K->8470K(629120K)
[4480.590s][info][gc,heap        ] GC(3036) Tenured: 74385K->74548K(1398144K)
[4480.590s][info][gc,metaspace   ] GC(3036) Metaspace: 91007K(98224K)->91007K(98224K) NonClass: 79636K(83632K)->79636K(83632K) Class: 11370K(14592K)->11370K(14592K)
[4480.590s][info][gc             ] GC(3036) Pause Young (Allocation Failure) 626M->81M(1979M) 9.302ms
[4480.590s][info][gc,cpu         ] GC(3036) User=0.00s Sys=0.00s Real=0.01s
[4481.166s][info][gc,start       ] GC(3037) Pause Young (Allocation Failure)
[4481.176s][info][gc,heap        ] GC(3037) DefNew: 566459K->13216K(629120K)
[4481.176s][info][gc,heap        ] GC(3037) Tenured: 74548K->74740K(1398144K)
[4481.176s][info][gc,metaspace   ] GC(3037) Metaspace: 91007K(98224K)->91007K(98224K) NonClass: 79636K(83632K)->79636K(83632K) Class: 11370K(14592K)->11370K(14592K)
[4481.176s][info][gc             ] GC(3037) Pause Young (Allocation Failure) 625M->85M(1979M) 9.733ms
[4481.176s][info][gc,cpu         ] GC(3037) User=0.00s Sys=0.00s Real=0.01s
[4483.046s][info][gc,start       ] GC(3038) Pause Young (Allocation Failure)
[4483.055s][info][gc,heap        ] GC(3038) DefNew: 572448K->6067K(629120K)
[4483.055s][info][gc,heap        ] GC(3038) Tenured: 74740K->74866K(1398144K)
[4483.055s][info][gc,metaspace   ] GC(3038) Metaspace: 91007K(98224K)->91007K(98224K) NonClass: 79636K(83632K)->79636K(83632K) Class: 11370K(14592K)->11370K(14592K)
[4483.055s][info][gc             ] GC(3038) Pause Young (Allocation Failure) 632M->79M(1979M) 8.765ms
[4483.055s][info][gc,cpu         ] GC(3038) User=0.02s Sys=0.00s Real=0.01s
[4485.349s][info][gc,start       ] GC(3039) Pause Young (Allocation Failure)
[4485.361s][info][gc,heap        ] GC(3039) DefNew: 565299K->8306K(629120K)
[4485.361s][info][gc,heap        ] GC(3039) Tenured: 74866K->74949K(1398144K)
[4485.361s][info][gc,metaspace   ] GC(3039) Metaspace: 91007K(98224K)->91007K(98224K) NonClass: 79636K(83632K)->79636K(83632K) Class: 11370K(14592K)->11370K(14592K)
[4485.361s][info][gc             ] GC(3039) Pause Young (Allocation Failure) 625M->81M(1979M) 12.090ms
[4485.361s][info][gc,cpu         ] GC(3039) User=0.02s Sys=0.00s Real=0.01s
[4486.226s][info][gc,start       ] GC(3040) Pause Young (Allocation Failure)
[4486.234s][info][gc,heap        ] GC(3040) DefNew: 567538K->7354K(629120K)
[4486.235s][info][gc,heap        ] GC(3040) Tenured: 74949K->75146K(1398144K)
[4486.235s][info][gc,metaspace   ] GC(3040) Metaspace: 91007K(98224K)->91007K(98224K) NonClass: 79636K(83632K)->79636K(83632K) Class: 11370K(14592K)->11370K(14592K)
[4486.235s][info][gc             ] GC(3040) Pause Young (Allocation Failure) 627M->80M(1979M) 8.555ms
[4486.235s][info][gc,cpu         ] GC(3040) User=0.00s Sys=0.00s Real=0.01s
[4486.267s][info][gc,start       ] GC(3041) Pause Full (System.gc())
[4486.270s][info][gc,phases,start] GC(3041) Phase 1: Mark live objects
[4486.322s][info][gc,phases      ] GC(3041) Phase 1: Mark live objects 52.294ms
[4486.322s][info][gc,phases,start] GC(3041) Phase 2: Compute new object addresses
[4486.335s][info][gc,phases      ] GC(3041) Phase 2: Compute new object addresses 12.912ms
[4486.335s][info][gc,phases,start] GC(3041) Phase 3: Adjust pointers
[4486.366s][info][gc,phases      ] GC(3041) Phase 3: Adjust pointers 30.720ms
[4486.366s][info][gc,phases,start] GC(3041) Phase 4: Move objects
[4486.376s][info][gc,phases      ] GC(3041) Phase 4: Move objects 10.190ms
[4486.377s][info][gc,heap        ] GC(3041) DefNew: 35397K->0K(629120K)
[4486.377s][info][gc,heap        ] GC(3041) Tenured: 75146K->50663K(1398144K)
[4486.377s][info][gc,metaspace   ] GC(3041) Metaspace: 91007K(98224K)->91007K(98224K) NonClass: 79636K(83632K)->79636K(83632K) Class: 11370K(14592K)->11370K(14592K)
[4486.377s][info][gc             ] GC(3041) Pause Full (System.gc()) 107M->49M(1979M) 110.028ms
[4486.377s][info][gc,cpu         ] GC(3041) User=0.11s Sys=0.00s Real=0.11s
[4486.975s][info][gc,start       ] GC(3042) Pause Young (Allocation Failure)
[4486.979s][info][gc,heap        ] GC(3042) DefNew: 559232K->3123K(629120K)
[4486.979s][info][gc,heap        ] GC(3042) Tenured: 50663K->50663K(1398144K)
[4486.979s][info][gc,metaspace   ] GC(3042) Metaspace: 91007K(98224K)->91007K(98224K) NonClass: 79636K(83632K)->79636K(83632K) Class: 11370K(14592K)->11370K(14592K)
[4486.979s][info][gc             ] GC(3042) Pause Young (Allocation Failure) 595M->52M(1979M) 3.749ms
[4486.979s][info][gc,cpu         ] GC(3042) User=0.00s Sys=0.00s Real=0.01s
[4489.348s][info][gc,start       ] GC(3043) Pause Young (Allocation Failure)
[4489.352s][info][gc,heap        ] GC(3043) DefNew: 560478K->4462K(629120K)
[4489.352s][info][gc,heap        ] GC(3043) Tenured: 50663K->50663K(1398144K)
[4489.352s][info][gc,metaspace   ] GC(3043) Metaspace: 91007K(98224K)->91007K(98224K) NonClass: 79636K(83632K)->79636K(83632K) Class: 11370K(14592K)->11370K(14592K)
[4489.352s][info][gc             ] GC(3043) Pause Young (Allocation Failure) 596M->53M(1979M) 4.769ms
[4489.352s][info][gc,cpu         ] GC(3043) User=0.00s Sys=0.00s Real=0.01s
[4491.669s][info][gc,start       ] GC(3044) Pause Young (Allocation Failure)
[4491.675s][info][gc,heap        ] GC(3044) DefNew: 562707K->5092K(629120K)
[4491.675s][info][gc,heap        ] GC(3044) Tenured: 50663K->50663K(1398144K)
[4491.675s][info][gc,metaspace   ] GC(3044) Metaspace: 91007K(98224K)->91007K(98224K) NonClass: 79636K(83632K)->79636K(83632K) Class: 11370K(14592K)->11370K(14592K)
[4491.675s][info][gc             ] GC(3044) Pause Young (Allocation Failure) 598M->54M(1979M) 6.171ms
[4491.675s][info][gc,cpu         ] GC(3044) User=0.00s Sys=0.00s Real=0.01s
[4493.814s][info][gc,start       ] GC(3045) Pause Young (Allocation Failure)
[4493.824s][info][gc,heap        ] GC(3045) DefNew: 564324K->7189K(629120K)
[4493.824s][info][gc,heap        ] GC(3045) Tenured: 50663K->50663K(1398144K)
[4493.824s][info][gc,metaspace   ] GC(3045) Metaspace: 91007K(98224K)->91007K(98224K) NonClass: 79636K(83632K)->79636K(83632K) Class: 11370K(14592K)->11370K(14592K)
[4493.824s][info][gc             ] GC(3045) Pause Young (Allocation Failure) 600M->56M(1979M) 9.468ms
[4493.824s][info][gc,cpu         ] GC(3045) User=0.00s Sys=0.00s Real=0.01s
[4494.425s][info][gc,start       ] GC(3046) Pause Young (Allocation Failure)
[4494.433s][info][gc,heap        ] GC(3046) DefNew: 565001K->16298K(629120K)
[4494.433s][info][gc,heap        ] GC(3046) Tenured: 50663K->50663K(1398144K)
[4494.433s][info][gc,metaspace   ] GC(3046) Metaspace: 91007K(98224K)->91007K(98224K) NonClass: 79636K(83632K)->79636K(83632K) Class: 11370K(14592K)->11370K(14592K)
[4494.433s][info][gc             ] GC(3046) Pause Young (Allocation Failure) 601M->65M(1979M) 8.328ms
[4494.433s][info][gc,cpu         ] GC(3046) User=0.00s Sys=0.00s Real=0.01s
[4496.260s][info][gc,start       ] GC(3047) Pause Young (Allocation Failure)
[4496.267s][info][gc,heap        ] GC(3047) DefNew: 575530K->6255K(629120K)
[4496.267s][info][gc,heap        ] GC(3047) Tenured: 50663K->50663K(1398144K)
[4496.267s][info][gc,metaspace   ] GC(3047) Metaspace: 91007K(98224K)->91007K(98224K) NonClass: 79636K(83632K)->79636K(83632K) Class: 11370K(14592K)->11370K(14592K)
[4496.267s][info][gc             ] GC(3047) Pause Young (Allocation Failure) 611M->55M(1979M) 7.229ms
[4496.267s][info][gc,cpu         ] GC(3047) User=0.00s Sys=0.00s Real=0.01s
[4498.687s][info][gc,start       ] GC(3048) Pause Young (Allocation Failure)
[4498.692s][info][gc,heap        ] GC(3048) DefNew: 565487K->5369K(629120K)
[4498.692s][info][gc,heap        ] GC(3048) Tenured: 50663K->50663K(1398144K)
[4498.692s][info][gc,metaspace   ] GC(3048) Metaspace: 91007K(98224K)->91007K(98224K) NonClass: 79636K(83632K)->79636K(83632K) Class: 11370K(14592K)->11370K(14592K)
[4498.692s][info][gc             ] GC(3048) Pause Young (Allocation Failure) 601M->54M(1979M) 5.226ms
[4498.693s][info][gc,cpu         ] GC(3048) User=0.00s Sys=0.00s Real=0.01s
[4501.812s][info][gc,start       ] GC(3049) Pause Young (Allocation Failure)
[4501.817s][info][gc,heap        ] GC(3049) DefNew: 564601K->5619K(629120K)
[4501.817s][info][gc,heap        ] GC(3049) Tenured: 50663K->50663K(1398144K)
[4501.817s][info][gc,metaspace   ] GC(3049) Metaspace: 91007K(98224K)->91007K(98224K) NonClass: 79636K(83632K)->79636K(83632K) Class: 11370K(14592K)->11370K(14592K)
[4501.817s][info][gc             ] GC(3049) Pause Young (Allocation Failure) 600M->54M(1979M) 5.229ms
[4501.817s][info][gc,cpu         ] GC(3049) User=0.00s Sys=0.00s Real=0.01s
[4502.590s][info][gc,start       ] GC(3050) Pause Young (Allocation Failure)
[4502.598s][info][gc,heap        ] GC(3050) DefNew: 561474K->12068K(629120K)
[4502.598s][info][gc,heap        ] GC(3050) Tenured: 50663K->50663K(1398144K)
[4502.598s][info][gc,metaspace   ] GC(3050) Metaspace: 91007K(98224K)->91007K(98224K) NonClass: 79636K(83632K)->79636K(83632K) Class: 11370K(14592K)->11370K(14592K)
[4502.598s][info][gc             ] GC(3050) Pause Young (Allocation Failure) 597M->61M(1979M) 8.475ms
[4502.598s][info][gc,cpu         ] GC(3050) User=0.00s Sys=0.00s Real=0.01s
[4503.472s][info][gc,start       ] GC(3051) Pause Young (Allocation Failure)
[4503.479s][info][gc,heap        ] GC(3051) DefNew: 571300K->4969K(629120K)
[4503.479s][info][gc,heap        ] GC(3051) Tenured: 50663K->50663K(1398144K)
[4503.479s][info][gc,metaspace   ] GC(3051) Metaspace: 91007K(98224K)->91007K(98224K) NonClass: 79636K(83632K)->79636K(83632K) Class: 11370K(14592K)->11370K(14592K)
[4503.479s][info][gc             ] GC(3051) Pause Young (Allocation Failure) 607M->54M(1979M) 6.635ms
[4503.479s][info][gc,cpu         ] GC(3051) User=0.00s Sys=0.00s Real=0.01s
[4506.606s][info][gc,start       ] GC(3052) Pause Young (Allocation Failure)
[4506.612s][info][gc,heap        ] GC(3052) DefNew: 564201K->6209K(629120K)
[4506.612s][info][gc,heap        ] GC(3052) Tenured: 50663K->50663K(1398144K)
[4506.612s][info][gc,metaspace   ] GC(3052) Metaspace: 91007K(98224K)->91007K(98224K) NonClass: 79636K(83632K)->79636K(83632K) Class: 11370K(14592K)->11370K(14592K)
[4506.612s][info][gc             ] GC(3052) Pause Young (Allocation Failure) 600M->55M(1979M) 5.958ms
[4506.612s][info][gc,cpu         ] GC(3052) User=0.00s Sys=0.00s Real=0.00s
[4509.052s][info][gc,start       ] GC(3053) Pause Young (Allocation Failure)
[4509.061s][info][gc,heap        ] GC(3053) DefNew: 564774K->6846K(629120K)
[4509.061s][info][gc,heap        ] GC(3053) Tenured: 50663K->50663K(1398144K)
[4509.061s][info][gc,metaspace   ] GC(3053) Metaspace: 91007K(98224K)->91007K(98224K) NonClass: 79636K(83632K)->79636K(83632K) Class: 11370K(14592K)->11370K(14592K)
[4509.061s][info][gc             ] GC(3053) Pause Young (Allocation Failure) 601M->56M(1979M) 8.725ms
[4509.061s][info][gc,cpu         ] GC(3053) User=0.00s Sys=0.00s Real=0.01s
[4510.651s][info][gc,start       ] GC(3054) Pause Young (Allocation Failure)
[4510.669s][info][gc,heap        ] GC(3054) DefNew: 566078K->11700K(629120K)
[4510.669s][info][gc,heap        ] GC(3054) Tenured: 50663K->50663K(1398144K)
[4510.669s][info][gc,metaspace   ] GC(3054) Metaspace: 91007K(98224K)->91007K(98224K) NonClass: 79636K(83632K)->79636K(83632K) Class: 11370K(14592K)->11370K(14592K)
[4510.669s][info][gc             ] GC(3054) Pause Young (Allocation Failure) 602M->60M(1979M) 18.481ms
[4510.669s][info][gc,cpu         ] GC(3054) User=0.00s Sys=0.00s Real=0.02s
[4511.215s][info][gc,start       ] GC(3055) Pause Young (Allocation Failure)
[4511.224s][info][gc,heap        ] GC(3055) DefNew: 570932K->8751K(629120K)
[4511.224s][info][gc,heap        ] GC(3055) Tenured: 50663K->50663K(1398144K)
[4511.224s][info][gc,metaspace   ] GC(3055) Metaspace: 91007K(98224K)->91007K(98224K) NonClass: 79636K(83632K)->79636K(83632K) Class: 11370K(14592K)->11370K(14592K)
[4511.225s][info][gc             ] GC(3055) Pause Young (Allocation Failure) 607M->58M(1979M) 9.051ms
[4511.225s][info][gc,cpu         ] GC(3055) User=0.02s Sys=0.00s Real=0.01s
[4513.806s][info][gc,start       ] GC(3056) Pause Young (Allocation Failure)
[4513.815s][info][gc,heap        ] GC(3056) DefNew: 567983K->6785K(629120K)
[4513.815s][info][gc,heap        ] GC(3056) Tenured: 50663K->50663K(1398144K)
[4513.815s][info][gc,metaspace   ] GC(3056) Metaspace: 91007K(98224K)->91007K(98224K) NonClass: 79636K(83632K)->79636K(83632K) Class: 11370K(14592K)->11370K(14592K)
[4513.815s][info][gc             ] GC(3056) Pause Young (Allocation Failure) 604M->56M(1979M) 9.718ms
[4513.815s][info][gc,cpu         ] GC(3056) User=0.00s Sys=0.00s Real=0.01s
[4516.309s][info][gc,start       ] GC(3057) Pause Young (Allocation Failure)
[4516.316s][info][gc,heap        ] GC(3057) DefNew: 566017K->6445K(629120K)
[4516.316s][info][gc,heap        ] GC(3057) Tenured: 50663K->51193K(1398144K)
[4516.316s][info][gc,metaspace   ] GC(3057) Metaspace: 91007K(98224K)->91007K(98224K) NonClass: 79636K(83632K)->79636K(83632K) Class: 11370K(14592K)->11370K(14592K)
[4516.316s][info][gc             ] GC(3057) Pause Young (Allocation Failure) 602M->56M(1979M) 7.485ms
[4516.316s][info][gc,cpu         ] GC(3057) User=0.00s Sys=0.00s Real=0.00s
[4518.551s][info][gc,start       ] GC(3058) Pause Young (Allocation Failure)
[4518.561s][info][gc,heap        ] GC(3058) DefNew: 565677K->9202K(629120K)
[4518.561s][info][gc,heap        ] GC(3058) Tenured: 51193K->51386K(1398144K)
[4518.561s][info][gc,metaspace   ] GC(3058) Metaspace: 91009K(98224K)->91009K(98224K) NonClass: 79638K(83632K)->79638K(83632K) Class: 11370K(14592K)->11370K(14592K)
[4518.562s][info][gc             ] GC(3058) Pause Young (Allocation Failure) 602M->59M(1979M) 10.817ms
[4518.562s][info][gc,cpu         ] GC(3058) User=0.00s Sys=0.00s Real=0.00s
[4519.316s][info][gc,start       ] GC(3059) Pause Young (Allocation Failure)
[4519.325s][info][gc,heap        ] GC(3059) DefNew: 568106K->13159K(629120K)
[4519.325s][info][gc,heap        ] GC(3059) Tenured: 51386K->51575K(1398144K)
[4519.325s][info][gc,metaspace   ] GC(3059) Metaspace: 91009K(98224K)->91009K(98224K) NonClass: 79638K(83632K)->79638K(83632K) Class: 11370K(14592K)->11370K(14592K)
[4519.325s][info][gc             ] GC(3059) Pause Young (Allocation Failure) 604M->63M(1979M) 8.684ms
[4519.325s][info][gc,cpu         ] GC(3059) User=0.00s Sys=0.00s Real=0.01s
[4520.996s][info][gc,start       ] GC(3060) Pause Young (GCLocker Initiated GC)
[4521.005s][info][gc,heap        ] GC(3060) DefNew: 572489K->9268K(629120K)
[4521.005s][info][gc,heap        ] GC(3060) Tenured: 51575K->51738K(1398144K)
[4521.005s][info][gc,metaspace   ] GC(3060) Metaspace: 91009K(98224K)->91009K(98224K) NonClass: 79638K(83632K)->79638K(83632K) Class: 11370K(14592K)->11370K(14592K)
[4521.005s][info][gc             ] GC(3060) Pause Young (GCLocker Initiated GC) 609M->59M(1979M) 9.008ms
[4521.005s][info][gc,cpu         ] GC(3060) User=0.00s Sys=0.00s Real=0.01s
[4523.488s][info][gc,start       ] GC(3061) Pause Young (Allocation Failure)
[4523.498s][info][gc,heap        ] GC(3061) DefNew: 567989K->7815K(629120K)
[4523.498s][info][gc,heap        ] GC(3061) Tenured: 51738K->51806K(1398144K)
[4523.498s][info][gc,metaspace   ] GC(3061) Metaspace: 91009K(98224K)->91009K(98224K) NonClass: 79638K(83632K)->79638K(83632K) Class: 11370K(14592K)->11370K(14592K)
[4523.498s][info][gc             ] GC(3061) Pause Young (Allocation Failure) 605M->58M(1979M) 10.258ms
[4523.498s][info][gc,cpu         ] GC(3061) User=0.00s Sys=0.02s Real=0.02s
[4524.145s][info][gc,start       ] GC(3062) Pause Young (Allocation Failure)
[4524.154s][info][gc,heap        ] GC(3062) DefNew: 566178K->17553K(629120K)
[4524.154s][info][gc,heap        ] GC(3062) Tenured: 51806K->51991K(1398144K)
[4524.154s][info][gc,metaspace   ] GC(3062) Metaspace: 91009K(98224K)->91009K(98224K) NonClass: 79638K(83632K)->79638K(83632K) Class: 11370K(14592K)->11370K(14592K)
[4524.154s][info][gc             ] GC(3062) Pause Young (Allocation Failure) 603M->67M(1979M) 8.752ms
[4524.154s][info][gc,cpu         ] GC(3062) User=0.00s Sys=0.00s Real=0.01s
[4526.246s][info][gc,start       ] GC(3063) Pause Young (Allocation Failure)
[4526.253s][info][gc,heap        ] GC(3063) DefNew: 573505K->5674K(629120K)
[4526.253s][info][gc,heap        ] GC(3063) Tenured: 51991K->52133K(1398144K)
[4526.253s][info][gc,metaspace   ] GC(3063) Metaspace: 91009K(98224K)->91009K(98224K) NonClass: 79638K(83632K)->79638K(83632K) Class: 11370K(14592K)->11370K(14592K)
[4526.253s][info][gc             ] GC(3063) Pause Young (Allocation Failure) 610M->56M(1979M) 6.982ms
[4526.253s][info][gc,cpu         ] GC(3063) User=0.00s Sys=0.00s Real=0.01s
[4528.619s][info][gc,start       ] GC(3064) Pause Young (GCLocker Initiated GC)
[4528.629s][info][gc,heap        ] GC(3064) DefNew: 564913K->8044K(629120K)
[4528.629s][info][gc,heap        ] GC(3064) Tenured: 52133K->52304K(1398144K)
[4528.629s][info][gc,metaspace   ] GC(3064) Metaspace: 91009K(98224K)->91009K(98224K) NonClass: 79638K(83632K)->79638K(83632K) Class: 11370K(14592K)->11370K(14592K)
[4528.629s][info][gc             ] GC(3064) Pause Young (GCLocker Initiated GC) 602M->58M(1979M) 9.531ms
[4528.629s][info][gc,cpu         ] GC(3064) User=0.00s Sys=0.00s Real=0.01s
[4529.183s][info][gc,start       ] GC(3065) Pause Young (Allocation Failure)
[4529.192s][info][gc,heap        ] GC(3065) DefNew: 566708K->8691K(629120K)
[4529.192s][info][gc,heap        ] GC(3065) Tenured: 52304K->52425K(1398144K)
[4529.192s][info][gc,metaspace   ] GC(3065) Metaspace: 91009K(98224K)->91009K(98224K) NonClass: 79638K(83632K)->79638K(83632K) Class: 11370K(14592K)->11370K(14592K)
[4529.192s][info][gc             ] GC(3065) Pause Young (Allocation Failure) 604M->59M(1979M) 9.126ms
[4529.192s][info][gc,cpu         ] GC(3065) User=0.00s Sys=0.00s Real=0.01s
[4530.985s][info][gc,start       ] GC(3066) Pause Young (Allocation Failure)
[4530.994s][info][gc,heap        ] GC(3066) DefNew: 567923K->8119K(629120K)
[4530.994s][info][gc,heap        ] GC(3066) Tenured: 52425K->52538K(1398144K)
[4530.994s][info][gc,metaspace   ] GC(3066) Metaspace: 91009K(98224K)->91009K(98224K) NonClass: 79638K(83632K)->79638K(83632K) Class: 11370K(14592K)->11370K(14592K)
[4530.994s][info][gc             ] GC(3066) Pause Young (Allocation Failure) 605M->59M(1979M) 8.442ms
[4530.994s][info][gc,cpu         ] GC(3066) User=0.00s Sys=0.00s Real=0.01s
[4533.253s][info][gc,start       ] GC(3067) Pause Young (Allocation Failure)
[4533.263s][info][gc,heap        ] GC(3067) DefNew: 567351K->8629K(629120K)
[4533.263s][info][gc,heap        ] GC(3067) Tenured: 52538K->52704K(1398144K)
[4533.263s][info][gc,metaspace   ] GC(3067) Metaspace: 91009K(98224K)->91009K(98224K) NonClass: 79638K(83632K)->79638K(83632K) Class: 11370K(14592K)->11370K(14592K)
[4533.263s][info][gc             ] GC(3067) Pause Young (Allocation Failure) 605M->59M(1979M) 10.157ms
[4533.263s][info][gc,cpu         ] GC(3067) User=0.00s Sys=0.00s Real=0.02s
[4533.822s][info][gc,start       ] GC(3068) Pause Young (Allocation Failure)
[4533.832s][info][gc,heap        ] GC(3068) DefNew: 566501K->17646K(629120K)
[4533.832s][info][gc,heap        ] GC(3068) Tenured: 52704K->52892K(1398144K)
[4533.832s][info][gc,metaspace   ] GC(3068) Metaspace: 91009K(98224K)->91009K(98224K) NonClass: 79638K(83632K)->79638K(83632K) Class: 11370K(14592K)->11370K(14592K)
[4533.833s][info][gc             ] GC(3068) Pause Young (Allocation Failure) 604M->68M(1979M) 10.601ms
[4533.833s][info][gc,cpu         ] GC(3068) User=0.00s Sys=0.00s Real=0.01s
[4535.915s][info][gc,start       ] GC(3069) Pause Young (Allocation Failure)
[4535.924s][info][gc,heap        ] GC(3069) DefNew: 575950K->5709K(629120K)
[4535.924s][info][gc,heap        ] GC(3069) Tenured: 52892K->53018K(1398144K)
[4535.924s][info][gc,metaspace   ] GC(3069) Metaspace: 91009K(98224K)->91009K(98224K) NonClass: 79638K(83632K)->79638K(83632K) Class: 11370K(14592K)->11370K(14592K)
[4535.924s][info][gc             ] GC(3069) Pause Young (Allocation Failure) 614M->57M(1979M) 8.751ms
[4535.924s][info][gc,cpu         ] GC(3069) User=0.00s Sys=0.00s Real=0.01s
[4538.940s][info][gc,start       ] GC(3070) Pause Young (Allocation Failure)
[4538.954s][info][gc,heap        ] GC(3070) DefNew: 564941K->8461K(629120K)
[4538.954s][info][gc,heap        ] GC(3070) Tenured: 53018K->53100K(1398144K)
[4538.954s][info][gc,metaspace   ] GC(3070) Metaspace: 91009K(98224K)->91009K(98224K) NonClass: 79638K(83632K)->79638K(83632K) Class: 11370K(14592K)->11370K(14592K)
[4538.954s][info][gc             ] GC(3070) Pause Young (Allocation Failure) 603M->60M(1979M) 13.600ms
[4538.954s][info][gc,cpu         ] GC(3070) User=0.00s Sys=0.00s Real=0.02s
[4539.979s][info][gc,start       ] GC(3071) Pause Young (Allocation Failure)
[4539.988s][info][gc,heap        ] GC(3071) DefNew: 567693K->7573K(629120K)
[4539.988s][info][gc,heap        ] GC(3071) Tenured: 53100K->53296K(1398144K)
[4539.988s][info][gc,metaspace   ] GC(3071) Metaspace: 91009K(98224K)->91009K(98224K) NonClass: 79638K(83632K)->79638K(83632K) Class: 11370K(14592K)->11370K(14592K)
[4539.988s][info][gc             ] GC(3071) Pause Young (Allocation Failure) 606M->59M(1979M) 9.764ms
[4539.988s][info][gc,cpu         ] GC(3071) User=0.00s Sys=0.00s Real=0.01s
[4539.996s][info][gc,start       ] GC(3072) Pause Full (System.gc())
[4539.998s][info][gc,phases,start] GC(3072) Phase 1: Mark live objects
[4540.051s][info][gc,phases      ] GC(3072) Phase 1: Mark live objects 52.188ms
[4540.051s][info][gc,phases,start] GC(3072) Phase 2: Compute new object addresses
[4540.063s][info][gc,phases      ] GC(3072) Phase 2: Compute new object addresses 11.956ms
[4540.063s][info][gc,phases,start] GC(3072) Phase 3: Adjust pointers
[4540.094s][info][gc,phases      ] GC(3072) Phase 3: Adjust pointers 31.774ms
[4540.095s][info][gc,phases,start] GC(3072) Phase 4: Move objects
[4540.096s][info][gc,phases      ] GC(3072) Phase 4: Move objects 1.429ms
[4540.097s][info][gc,heap        ] GC(3072) DefNew: 30417K->0K(629120K)
[4540.097s][info][gc,heap        ] GC(3072) Tenured: 53296K->59104K(1398144K)
[4540.097s][info][gc,metaspace   ] GC(3072) Metaspace: 91009K(98224K)->91009K(98224K) NonClass: 79638K(83632K)->79638K(83632K) Class: 11370K(14592K)->11370K(14592K)
[4540.097s][info][gc             ] GC(3072) Pause Full (System.gc()) 81M->57M(1979M) 100.985ms
[4540.097s][info][gc,cpu         ] GC(3072) User=0.09s Sys=0.00s Real=0.10s
[4540.780s][info][gc,start       ] GC(3073) Pause Young (Allocation Failure)
[4540.785s][info][gc,heap        ] GC(3073) DefNew: 559232K->3060K(629120K)
[4540.785s][info][gc,heap        ] GC(3073) Tenured: 59104K->59104K(1398144K)
[4540.785s][info][gc,metaspace   ] GC(3073) Metaspace: 91009K(98224K)->91009K(98224K) NonClass: 79638K(83632K)->79638K(83632K) Class: 11370K(14592K)->11370K(14592K)
[4540.785s][info][gc             ] GC(3073) Pause Young (Allocation Failure) 603M->60M(1979M) 4.501ms
[4540.785s][info][gc,cpu         ] GC(3073) User=0.00s Sys=0.00s Real=0.00s
[4543.196s][info][gc,start       ] GC(3074) Pause Young (Allocation Failure)
[4543.201s][info][gc,heap        ] GC(3074) DefNew: 560860K->4391K(629120K)
[4543.201s][info][gc,heap        ] GC(3074) Tenured: 59104K->59104K(1398144K)
[4543.201s][info][gc,metaspace   ] GC(3074) Metaspace: 91009K(98224K)->91009K(98224K) NonClass: 79638K(83632K)->79638K(83632K) Class: 11370K(14592K)->11370K(14592K)
[4543.201s][info][gc             ] GC(3074) Pause Young (Allocation Failure) 605M->62M(1979M) 5.064ms
[4543.201s][info][gc,cpu         ] GC(3074) User=0.00s Sys=0.00s Real=0.00s
[4545.647s][info][gc,start       ] GC(3075) Pause Young (Allocation Failure)
[4545.654s][info][gc,heap        ] GC(3075) DefNew: 562720K->5123K(629120K)
[4545.654s][info][gc,heap        ] GC(3075) Tenured: 59104K->59104K(1398144K)
[4545.654s][info][gc,metaspace   ] GC(3075) Metaspace: 91009K(98224K)->91009K(98224K) NonClass: 79638K(83632K)->79638K(83632K) Class: 11370K(14592K)->11370K(14592K)
[4545.654s][info][gc             ] GC(3075) Pause Young (Allocation Failure) 607M->62M(1979M) 6.852ms
[4545.654s][info][gc,cpu         ] GC(3075) User=0.00s Sys=0.00s Real=0.01s
[4547.792s][info][gc,start       ] GC(3076) Pause Young (Allocation Failure)
[4547.801s][info][gc,heap        ] GC(3076) DefNew: 564355K->6866K(629120K)
[4547.801s][info][gc,heap        ] GC(3076) Tenured: 59104K->59104K(1398144K)
[4547.801s][info][gc,metaspace   ] GC(3076) Metaspace: 91009K(98224K)->91009K(98224K) NonClass: 79638K(83632K)->79638K(83632K) Class: 11370K(14592K)->11370K(14592K)
[4547.801s][info][gc             ] GC(3076) Pause Young (Allocation Failure) 608M->64M(1979M) 9.242ms
[4547.801s][info][gc,cpu         ] GC(3076) User=0.00s Sys=0.00s Real=0.01s
[4548.414s][info][gc,start       ] GC(3077) Pause Young (Allocation Failure)
[4548.421s][info][gc,heap        ] GC(3077) DefNew: 563118K->7793K(629120K)
[4548.421s][info][gc,heap        ] GC(3077) Tenured: 59104K->59104K(1398144K)
[4548.421s][info][gc,metaspace   ] GC(3077) Metaspace: 91009K(98224K)->91009K(98224K) NonClass: 79638K(83632K)->79638K(83632K) Class: 11370K(14592K)->11370K(14592K)
[4548.421s][info][gc             ] GC(3077) Pause Young (Allocation Failure) 607M->65M(1979M) 7.543ms
[4548.421s][info][gc,cpu         ] GC(3077) User=0.00s Sys=0.00s Real=0.01s
[4550.203s][info][gc,start       ] GC(3078) Pause Young (GCLocker Initiated GC)
[4550.210s][info][gc,heap        ] GC(3078) DefNew: 567027K->5714K(629120K)
[4550.210s][info][gc,heap        ] GC(3078) Tenured: 59104K->59104K(1398144K)
[4550.210s][info][gc,metaspace   ] GC(3078) Metaspace: 91009K(98224K)->91009K(98224K) NonClass: 79638K(83632K)->79638K(83632K) Class: 11370K(14592K)->11370K(14592K)
[4550.210s][info][gc             ] GC(3078) Pause Young (GCLocker Initiated GC) 611M->63M(1979M) 7.283ms
[4550.210s][info][gc,cpu         ] GC(3078) User=0.00s Sys=0.00s Real=0.01s
[4552.782s][info][gc,start       ] GC(3079) Pause Young (Allocation Failure)
[4552.788s][info][gc,heap        ] GC(3079) DefNew: 564946K->5303K(629120K)
[4552.788s][info][gc,heap        ] GC(3079) Tenured: 59104K->59104K(1398144K)
[4552.788s][info][gc,metaspace   ] GC(3079) Metaspace: 91009K(98224K)->91009K(98224K) NonClass: 79638K(83632K)->79638K(83632K) Class: 11370K(14592K)->11370K(14592K)
[4552.788s][info][gc             ] GC(3079) Pause Young (Allocation Failure) 609M->62M(1979M) 5.903ms
[4552.788s][info][gc,cpu         ] GC(3079) User=0.00s Sys=0.00s Real=0.00s
[4556.045s][info][gc,start       ] GC(3080) Pause Young (Allocation Failure)
[4556.052s][info][gc,heap        ] GC(3080) DefNew: 564042K->6267K(629120K)
[4556.052s][info][gc,heap        ] GC(3080) Tenured: 59104K->59104K(1398144K)
[4556.052s][info][gc,metaspace   ] GC(3080) Metaspace: 91009K(98224K)->91009K(98224K) NonClass: 79638K(83632K)->79638K(83632K) Class: 11370K(14592K)->11370K(14592K)
[4556.052s][info][gc             ] GC(3080) Pause Young (Allocation Failure) 608M->63M(1979M) 7.069ms
[4556.052s][info][gc,cpu         ] GC(3080) User=0.00s Sys=0.00s Real=0.00s
[4556.820s][info][gc,start       ] GC(3081) Pause Young (Allocation Failure)
[4556.830s][info][gc,heap        ] GC(3081) DefNew: 565288K->16999K(629120K)
[4556.830s][info][gc,heap        ] GC(3081) Tenured: 59104K->59104K(1398144K)
[4556.830s][info][gc,metaspace   ] GC(3081) Metaspace: 91009K(98224K)->91009K(98224K) NonClass: 79638K(83632K)->79638K(83632K) Class: 11370K(14592K)->11370K(14592K)
[4556.830s][info][gc             ] GC(3081) Pause Young (Allocation Failure) 609M->74M(1979M) 10.358ms
[4556.830s][info][gc,cpu         ] GC(3081) User=0.00s Sys=0.00s Real=0.01s
[4557.722s][info][gc,start       ] GC(3082) Pause Young (Allocation Failure)
[4557.729s][info][gc,heap        ] GC(3082) DefNew: 576231K->5203K(629120K)
[4557.729s][info][gc,heap        ] GC(3082) Tenured: 59104K->59104K(1398144K)
[4557.729s][info][gc,metaspace   ] GC(3082) Metaspace: 91009K(98224K)->91009K(98224K) NonClass: 79638K(83632K)->79638K(83632K) Class: 11370K(14592K)->11370K(14592K)
[4557.729s][info][gc             ] GC(3082) Pause Young (Allocation Failure) 620M->62M(1979M) 6.752ms
[4557.729s][info][gc,cpu         ] GC(3082) User=0.00s Sys=0.00s Real=0.01s
[4560.891s][info][gc,start       ] GC(3083) Pause Young (Allocation Failure)
[4560.898s][info][gc,heap        ] GC(3083) DefNew: 564047K->6378K(629120K)
[4560.898s][info][gc,heap        ] GC(3083) Tenured: 59104K->59104K(1398144K)
[4560.898s][info][gc,metaspace   ] GC(3083) Metaspace: 91009K(98224K)->91009K(98224K) NonClass: 79638K(83632K)->79638K(83632K) Class: 11370K(14592K)->11370K(14592K)
[4560.898s][info][gc             ] GC(3083) Pause Young (Allocation Failure) 608M->63M(1979M) 7.404ms
[4560.898s][info][gc,cpu         ] GC(3083) User=0.00s Sys=0.00s Real=0.01s
[4563.383s][info][gc,start       ] GC(3084) Pause Young (GCLocker Initiated GC)
[4563.392s][info][gc,heap        ] GC(3084) DefNew: 565611K->7265K(629120K)
[4563.392s][info][gc,heap        ] GC(3084) Tenured: 59104K->59104K(1398144K)
[4563.392s][info][gc,metaspace   ] GC(3084) Metaspace: 91009K(98224K)->91009K(98224K) NonClass: 79638K(83632K)->79638K(83632K) Class: 11370K(14592K)->11370K(14592K)
[4563.392s][info][gc             ] GC(3084) Pause Young (GCLocker Initiated GC) 610M->64M(1979M) 9.108ms
[4563.392s][info][gc,cpu         ] GC(3084) User=0.00s Sys=0.00s Real=0.01s
[4565.115s][info][gc,start       ] GC(3085) Pause Young (Allocation Failure)
[4565.137s][info][gc,heap        ] GC(3085) DefNew: 566497K->11527K(629120K)
[4565.137s][info][gc,heap        ] GC(3085) Tenured: 59104K->59104K(1398144K)
[4565.137s][info][gc,metaspace   ] GC(3085) Metaspace: 91009K(98224K)->91009K(98224K) NonClass: 79638K(83632K)->79638K(83632K) Class: 11370K(14592K)->11370K(14592K)
[4565.137s][info][gc             ] GC(3085) Pause Young (Allocation Failure) 610M->68M(1979M) 21.279ms
[4565.137s][info][gc,cpu         ] GC(3085) User=0.00s Sys=0.00s Real=0.03s
[4565.763s][info][gc,start       ] GC(3086) Pause Young (Allocation Failure)
[4565.771s][info][gc,heap        ] GC(3086) DefNew: 570080K->8775K(629120K)
[4565.771s][info][gc,heap        ] GC(3086) Tenured: 59104K->59104K(1398144K)
[4565.771s][info][gc,metaspace   ] GC(3086) Metaspace: 91009K(98224K)->91009K(98224K) NonClass: 79638K(83632K)->79638K(83632K) Class: 11370K(14592K)->11370K(14592K)
[4565.771s][info][gc             ] GC(3086) Pause Young (Allocation Failure) 614M->66M(1979M) 8.303ms
[4565.771s][info][gc,cpu         ] GC(3086) User=0.00s Sys=0.00s Real=0.01s
[4568.264s][info][gc,start       ] GC(3087) Pause Young (Allocation Failure)
[4568.271s][info][gc,heap        ] GC(3087) DefNew: 568007K->6992K(629120K)
[4568.272s][info][gc,heap        ] GC(3087) Tenured: 59104K->59104K(1398144K)
[4568.272s][info][gc,metaspace   ] GC(3087) Metaspace: 91009K(98224K)->91009K(98224K) NonClass: 79638K(83632K)->79638K(83632K) Class: 11370K(14592K)->11370K(14592K)
[4568.272s][info][gc             ] GC(3087) Pause Young (Allocation Failure) 612M->64M(1979M) 7.708ms
[4568.272s][info][gc,cpu         ] GC(3087) User=0.00s Sys=0.00s Real=0.01s
[4570.682s][info][gc,start       ] GC(3088) Pause Young (Allocation Failure)
[4570.690s][info][gc,heap        ] GC(3088) DefNew: 566068K->6444K(629120K)
[4570.690s][info][gc,heap        ] GC(3088) Tenured: 59104K->59568K(1398144K)
[4570.690s][info][gc,metaspace   ] GC(3088) Metaspace: 91009K(98224K)->91009K(98224K) NonClass: 79638K(83632K)->79638K(83632K) Class: 11370K(14592K)->11370K(14592K)
[4570.690s][info][gc             ] GC(3088) Pause Young (Allocation Failure) 610M->64M(1979M) 8.636ms
[4570.690s][info][gc,cpu         ] GC(3088) User=0.00s Sys=0.00s Real=0.01s
[4572.964s][info][gc,start       ] GC(3089) Pause Young (Allocation Failure)
[4572.974s][info][gc,heap        ] GC(3089) DefNew: 565676K->8453K(629120K)
[4572.974s][info][gc,heap        ] GC(3089) Tenured: 59568K->59777K(1398144K)
[4572.974s][info][gc,metaspace   ] GC(3089) Metaspace: 91009K(98224K)->91009K(98224K) NonClass: 79638K(83632K)->79638K(83632K) Class: 11370K(14592K)->11370K(14592K)
[4572.975s][info][gc             ] GC(3089) Pause Young (Allocation Failure) 610M->66M(1979M) 10.505ms
[4572.975s][info][gc,cpu         ] GC(3089) User=0.00s Sys=0.00s Real=0.01s
[4573.790s][info][gc,start       ] GC(3090) Pause Young (Allocation Failure)
[4573.801s][info][gc,heap        ] GC(3090) DefNew: 564576K->25589K(629120K)
[4573.801s][info][gc,heap        ] GC(3090) Tenured: 59777K->59965K(1398144K)
[4573.801s][info][gc,metaspace   ] GC(3090) Metaspace: 91009K(98224K)->91009K(98224K) NonClass: 79638K(83632K)->79638K(83632K) Class: 11370K(14592K)->11370K(14592K)
[4573.801s][info][gc             ] GC(3090) Pause Young (Allocation Failure) 609M->83M(1979M) 10.685ms
[4573.801s][info][gc,cpu         ] GC(3090) User=0.00s Sys=0.00s Real=0.01s
[4575.455s][info][gc,start       ] GC(3091) Pause Young (Allocation Failure)
[4575.465s][info][gc,heap        ] GC(3091) DefNew: 584821K->6280K(629120K)
[4575.465s][info][gc,heap        ] GC(3091) Tenured: 59965K->60122K(1398144K)
[4575.465s][info][gc,metaspace   ] GC(3091) Metaspace: 91009K(98224K)->91009K(98224K) NonClass: 79638K(83632K)->79638K(83632K) Class: 11370K(14592K)->11370K(14592K)
[4575.465s][info][gc             ] GC(3091) Pause Young (Allocation Failure) 629M->64M(1979M) 9.494ms
[4575.465s][info][gc,cpu         ] GC(3091) User=0.02s Sys=0.00s Real=0.01s
[4577.863s][info][gc,start       ] GC(3092) Pause Young (Allocation Failure)
[4577.873s][info][gc,heap        ] GC(3092) DefNew: 565512K->9476K(629120K)
[4577.873s][info][gc,heap        ] GC(3092) Tenured: 60122K->60266K(1398144K)
[4577.873s][info][gc,metaspace   ] GC(3092) Metaspace: 91009K(98224K)->91009K(98224K) NonClass: 79638K(83632K)->79638K(83632K) Class: 11370K(14592K)->11370K(14592K)
[4577.873s][info][gc             ] GC(3092) Pause Young (Allocation Failure) 610M->68M(1979M) 10.247ms
[4577.873s][info][gc,cpu         ] GC(3092) User=0.00s Sys=0.00s Real=0.01s
[4578.611s][info][gc,start       ] GC(3093) Pause Young (Allocation Failure)
[4578.621s][info][gc,heap        ] GC(3093) DefNew: 566924K->21980K(629120K)
[4578.621s][info][gc,heap        ] GC(3093) Tenured: 60266K->60451K(1398144K)
[4578.621s][info][gc,metaspace   ] GC(3093) Metaspace: 91009K(98224K)->91009K(98224K) NonClass: 79638K(83632K)->79638K(83632K) Class: 11370K(14592K)->11370K(14592K)
[4578.621s][info][gc             ] GC(3093) Pause Young (Allocation Failure) 612M->80M(1979M) 10.084ms
[4578.621s][info][gc,cpu         ] GC(3093) User=0.00s Sys=0.00s Real=0.00s
[4580.642s][info][gc,start       ] GC(3094) Pause Young (Allocation Failure)
[4580.650s][info][gc,heap        ] GC(3094) DefNew: 581212K->5917K(629120K)
[4580.650s][info][gc,heap        ] GC(3094) Tenured: 60451K->60592K(1398144K)
[4580.650s][info][gc,metaspace   ] GC(3094) Metaspace: 91009K(98224K)->91009K(98224K) NonClass: 79638K(83632K)->79638K(83632K) Class: 11370K(14592K)->11370K(14592K)
[4580.650s][info][gc             ] GC(3094) Pause Young (Allocation Failure) 626M->64M(1979M) 8.412ms
[4580.650s][info][gc,cpu         ] GC(3094) User=0.02s Sys=0.00s Real=0.01s
[4583.050s][info][gc,start       ] GC(3095) Pause Young (Allocation Failure)
[4583.063s][info][gc,heap        ] GC(3095) DefNew: 565149K->8487K(629120K)
[4583.063s][info][gc,heap        ] GC(3095) Tenured: 60592K->60757K(1398144K)
[4583.063s][info][gc,metaspace   ] GC(3095) Metaspace: 91009K(98224K)->91009K(98224K) NonClass: 79638K(83632K)->79638K(83632K) Class: 11370K(14592K)->11370K(14592K)
[4583.063s][info][gc             ] GC(3095) Pause Young (Allocation Failure) 611M->67M(1979M) 12.895ms
[4583.063s][info][gc,cpu         ] GC(3095) User=0.00s Sys=0.00s Real=0.01s
[4583.640s][info][gc,start       ] GC(3096) Pause Young (Allocation Failure)
[4583.649s][info][gc,heap        ] GC(3096) DefNew: 567274K->13338K(629120K)
[4583.649s][info][gc,heap        ] GC(3096) Tenured: 60757K->60887K(1398144K)
[4583.649s][info][gc,metaspace   ] GC(3096) Metaspace: 91009K(98224K)->91009K(98224K) NonClass: 79638K(83632K)->79638K(83632K) Class: 11370K(14592K)->11370K(14592K)
[4583.649s][info][gc             ] GC(3096) Pause Young (Allocation Failure) 613M->72M(1979M) 9.801ms
[4583.649s][info][gc,cpu         ] GC(3096) User=0.00s Sys=0.00s Real=0.01s
[4585.529s][info][gc,start       ] GC(3097) Pause Young (Allocation Failure)
[4585.537s][info][gc,heap        ] GC(3097) DefNew: 572570K->6784K(629120K)
[4585.537s][info][gc,heap        ] GC(3097) Tenured: 60887K->60999K(1398144K)
[4585.537s][info][gc,metaspace   ] GC(3097) Metaspace: 91009K(98224K)->91009K(98224K) NonClass: 79638K(83632K)->79638K(83632K) Class: 11370K(14592K)->11370K(14592K)
[4585.537s][info][gc             ] GC(3097) Pause Young (Allocation Failure) 618M->66M(1979M) 8.584ms
[4585.537s][info][gc,cpu         ] GC(3097) User=0.00s Sys=0.00s Real=0.00s
[4587.762s][info][gc,start       ] GC(3098) Pause Young (Allocation Failure)
[4587.771s][info][gc,heap        ] GC(3098) DefNew: 566023K->8356K(629120K)
[4587.771s][info][gc,heap        ] GC(3098) Tenured: 60999K->61166K(1398144K)
[4587.771s][info][gc,metaspace   ] GC(3098) Metaspace: 91009K(98224K)->91009K(98224K) NonClass: 79638K(83632K)->79638K(83632K) Class: 11370K(14592K)->11370K(14592K)
[4587.772s][info][gc             ] GC(3098) Pause Young (Allocation Failure) 612M->67M(1979M) 9.464ms
[4587.772s][info][gc,cpu         ] GC(3098) User=0.00s Sys=0.00s Real=0.02s
[4588.365s][info][gc,start       ] GC(3099) Pause Young (Allocation Failure)
[4588.374s][info][gc,heap        ] GC(3099) DefNew: 567427K->8188K(629120K)
[4588.374s][info][gc,heap        ] GC(3099) Tenured: 61166K->61360K(1398144K)
[4588.374s][info][gc,metaspace   ] GC(3099) Metaspace: 91009K(98224K)->91009K(98224K) NonClass: 79638K(83632K)->79638K(83632K) Class: 11370K(14592K)->11370K(14592K)
[4588.374s][info][gc             ] GC(3099) Pause Young (Allocation Failure) 613M->67M(1979M) 9.136ms
[4588.374s][info][gc,cpu         ] GC(3099) User=0.00s Sys=0.00s Real=0.02s
[4590.254s][info][gc,start       ] GC(3100) Pause Young (Allocation Failure)
[4590.263s][info][gc,heap        ] GC(3100) DefNew: 567420K->6031K(629120K)
[4590.263s][info][gc,heap        ] GC(3100) Tenured: 61360K->61486K(1398144K)
[4590.263s][info][gc,metaspace   ] GC(3100) Metaspace: 91009K(98224K)->91009K(98224K) NonClass: 79638K(83632K)->79638K(83632K) Class: 11370K(14592K)->11370K(14592K)
[4590.263s][info][gc             ] GC(3100) Pause Young (Allocation Failure) 614M->65M(1979M) 8.675ms
[4590.263s][info][gc,cpu         ] GC(3100) User=0.00s Sys=0.00s Real=0.00s
[4592.492s][info][gc,start       ] GC(3101) Pause Young (Allocation Failure)
[4592.504s][info][gc,heap        ] GC(3101) DefNew: 565263K->8283K(629120K)
[4592.504s][info][gc,heap        ] GC(3101) Tenured: 61486K->61570K(1398144K)
[4592.504s][info][gc,metaspace   ] GC(3101) Metaspace: 91009K(98224K)->91009K(98224K) NonClass: 79638K(83632K)->79638K(83632K) Class: 11370K(14592K)->11370K(14592K)
[4592.504s][info][gc             ] GC(3101) Pause Young (Allocation Failure) 612M->68M(1979M) 12.449ms
[4592.504s][info][gc,cpu         ] GC(3101) User=0.00s Sys=0.00s Real=0.02s
[4593.361s][info][gc,start       ] GC(3102) Pause Young (Allocation Failure)
[4593.370s][info][gc,heap        ] GC(3102) DefNew: 567515K->7279K(629120K)
[4593.370s][info][gc,heap        ] GC(3102) Tenured: 61570K->61768K(1398144K)
[4593.370s][info][gc,metaspace   ] GC(3102) Metaspace: 91009K(98224K)->91009K(98224K) NonClass: 79638K(83632K)->79638K(83632K) Class: 11370K(14592K)->11370K(14592K)
[4593.370s][info][gc             ] GC(3102) Pause Young (Allocation Failure) 614M->67M(1979M) 9.173ms
[4593.370s][info][gc,cpu         ] GC(3102) User=0.02s Sys=0.00s Real=0.02s
[4593.769s][info][gc,heap,exit   ] Heap
[4593.769s][info][gc,heap,exit   ]  def new generation   total 629120K, used 83495K [0x0000000080000000, 0x00000000aaaa0000, 0x00000000aaaa0000)
[4593.769s][info][gc,heap,exit   ]   eden space 559232K,  13% used [0x0000000080000000, 0x0000000084a6dec0, 0x00000000a2220000)
[4593.769s][info][gc,heap,exit   ]   from space 69888K,  10% used [0x00000000a2220000, 0x00000000a293bf90, 0x00000000a6660000)
[4593.769s][info][gc,heap,exit   ]   to   space 69888K,   0% used [0x00000000a6660000, 0x00000000a6660000, 0x00000000aaaa0000)
[4593.769s][info][gc,heap,exit   ]  tenured generation   total 1398144K, used 61768K [0x00000000aaaa0000, 0x0000000100000000, 0x0000000100000000)
[4593.769s][info][gc,heap,exit   ]    the space 1398144K,   4% used [0x00000000aaaa0000, 0x00000000ae6f22b8, 0x00000000ae6f2400, 0x0000000100000000)
[4593.769s][info][gc,heap,exit   ]  Metaspace       used 91512K, capacity 96653K, committed 98480K, reserved 1132544K
[4593.769s][info][gc,heap,exit   ]   class space    used 11482K, capacity 13736K, committed 14592K, reserved 1048576K
